layer at (0,0) size 1063x7957
  RenderView at (0,0) size 785x585
layer at (0,0) size 785x7957
  RenderBlock {HTML} at (0,0) size 785x7957
    RenderBody {BODY} at (8,8) size 769x7936
      RenderBlock (anonymous) at (0,0) size 769x18
        RenderText {#text} at (0,0) size 659x17
          text run at (0,0) width 659: "The text below consists of composed characters. There shouldn't be any errors (e and ' visible separately)"
      RenderBlock {PRE} at (0,31) size 769x7905
        RenderText {#text} at (0,0) size 1056x3780
          text run at (0,0) width 1056: "e\x{301}e\x{301}e\x{301}e\x{301}e\x{301}e\x{301}e\x{301}e\x{301}e\x{301}e\x{301}e\x{301}e\x{301}e\x{301}e\x{301}e\x{301}e\x{301}e\x{301}e\x{301}e\x{301}e\x{301}e\x{301}e\x{301}e\x{301}e\x{301}e\x{301}e\x{301}e\x{301}e\x{301}e\x{301}e\x{301}e\x{301}e\x{301} e\x{301} e\x{301}e\x{301}e\x{301}e\x{301}e\x{301}e\x{301}e\x{301}e\x{301}e\x{301}e\x{301}e\x{301}e\x{301}e\x{301}e\x{301}e\x{301}e\x{301}e\x{301}e\x{301}e\x{301}e\x{301}e\x{301}e\x{301}e\x{301}e\x{301}e\x{301}e\x{301}e\x{301}e\x{301}e\x{301}e\x{301}e\x{301}e\x{301}e\x{301}e\x{301}e\x{301}e\x{301}e\x{301}e\x{301}e\x{301}e\x{301}e\x{301}e\x{301}e\x{301} e\x{301}e\x{301}e\x{301}e\x{301}e\x{301}e\x{301}e\x{301}e\x{301}e\x{301}e\x{301}e\x{301}e\x{301}e\x{301}e\x{301}e\x{301}e\x{301}e\x{301}e\x{301}e\x{301}e\x{301}e\x{301}e\x{301}e\x{301}e\x{301}e\x{301}e\x{301}e\x{301}e\x{301}e\x{301}e\x{301} e\x{301}e\x{301}e\x{301}e\x{301}e\x{301}e\x{301}e\x{301}e\x{301}e\x{301}e\x{301}e\x{301}e\x{301}e\x{301}e\x{301}e\x{301}e\x{301}e\x{301}e\x{301}e\x{301}e\x{301}e\x{301}e\x{301}"
          text run at (1055,0) width 1: " "
          text run at (0,15) width 1056: "e\x{301}e\x{301}e\x{301}e\x{301}e\x{301}e\x{301}e\x{301}e\x{301}e\x{301}e\x{301}e\x{301}e\x{301}e\x{301}e\x{301}e\x{301}e\x{301}e\x{301}e\x{301}e\x{301}e\x{301}e\x{301}e\x{301}e\x{301}e\x{301}e\x{301}e\x{301}e\x{301}e\x{301}e\x{301}e\x{301}e\x{301}e\x{301} e\x{301} e\x{301}e\x{301}e\x{301}e\x{301}e\x{301}e\x{301}e\x{301}e\x{301}e\x{301}e\x{301}e\x{301}e\x{301}e\x{301}e\x{301}e\x{301}e\x{301}e\x{301}e\x{301}e\x{301}e\x{301}e\x{301}e\x{301}e\x{301}e\x{301}e\x{301}e\x{301}e\x{301}e\x{301}e\x{301}e\x{301}e\x{301}e\x{301}e\x{301}e\x{301}e\x{301}e\x{301}e\x{301}e\x{301}e\x{301}e\x{301}e\x{301}e\x{301}e\x{301} e\x{301}e\x{301}e\x{301}e\x{301}e\x{301}e\x{301}e\x{301}e\x{301}e\x{301}e\x{301}e\x{301}e\x{301}e\x{301}e\x{301}e\x{301}e\x{301}e\x{301}e\x{301}e\x{301}e\x{301}e\x{301}e\x{301}e\x{301}e\x{301}e\x{301}e\x{301}e\x{301}e\x{301}e\x{301}e\x{301} e\x{301}e\x{301}e\x{301}e\x{301}e\x{301}e\x{301}e\x{301}e\x{301}e\x{301}e\x{301}e\x{301}e\x{301}e\x{301}e\x{301}e\x{301}e\x{301}e\x{301}e\x{301}e\x{301}e\x{301}e\x{301}e\x{301}"
          text run at (1055,15) width 1: " "
          text run at (0,30) width 1056: "e\x{301}e\x{301}e\x{301}e\x{301}e\x{301}e\x{301}e\x{301}e\x{301}e\x{301}e\x{301}e\x{301}e\x{301}e\x{301}e\x{301}e\x{301}e\x{301}e\x{301}e\x{301}e\x{301}e\x{301}e\x{301}e\x{301}e\x{301}e\x{301}e\x{301}e\x{301}e\x{301}e\x{301}e\x{301}e\x{301}e\x{301}e\x{301} e\x{301} e\x{301}e\x{301}e\x{301}e\x{301}e\x{301}e\x{301}e\x{301}e\x{301}e\x{301}e\x{301}e\x{301}e\x{301}e\x{301}e\x{301}e\x{301}e\x{301}e\x{301}e\x{301}e\x{301}e\x{301}e\x{301}e\x{301}e\x{301}e\x{301}e\x{301}e\x{301}e\x{301}e\x{301}e\x{301}e\x{301}e\x{301}e\x{301}e\x{301}e\x{301}e\x{301}e\x{301}e\x{301}e\x{301}e\x{301}e\x{301}e\x{301}e\x{301}e\x{301} e\x{301}e\x{301}e\x{301}e\x{301}e\x{301}e\x{301}e\x{301}e\x{301}e\x{301}e\x{301}e\x{301}e\x{301}e\x{301}e\x{301}e\x{301}e\x{301}e\x{301}e\x{301}e\x{301}e\x{301}e\x{301}e\x{301}e\x{301}e\x{301}e\x{301}e\x{301}e\x{301}e\x{301}e\x{301}e\x{301} e\x{301}e\x{301}e\x{301}e\x{301}e\x{301}e\x{301}e\x{301}e\x{301}e\x{301}e\x{301}e\x{301}e\x{301}e\x{301}e\x{301}e\x{301}e\x{301}e\x{301}e\x{301}e\x{301}e\x{301}e\x{301}e\x{301}"
          text run at (1055,30) width 1: " "
          text run at (0,45) width 1056: "e\x{301}e\x{301}e\x{301}e\x{301}e\x{301}e\x{301}e\x{301}e\x{301}e\x{301}e\x{301}e\x{301}e\x{301}e\x{301}e\x{301}e\x{301}e\x{301}e\x{301}e\x{301}e\x{301}e\x{301}e\x{301}e\x{301}e\x{301}e\x{301}e\x{301}e\x{301}e\x{301}e\x{301}e\x{301}e\x{301}e\x{301}e\x{301} e\x{301} e\x{301}e\x{301}e\x{301}e\x{301}e\x{301}e\x{301}e\x{301}e\x{301}e\x{301}e\x{301}e\x{301}e\x{301}e\x{301}e\x{301}e\x{301}e\x{301}e\x{301}e\x{301}e\x{301}e\x{301}e\x{301}e\x{301}e\x{301}e\x{301}e\x{301}e\x{301}e\x{301}e\x{301}e\x{301}e\x{301}e\x{301}e\x{301}e\x{301}e\x{301}e\x{301}e\x{301}e\x{301}e\x{301}e\x{301}e\x{301}e\x{301}e\x{301}e\x{301} e\x{301}e\x{301}e\x{301}e\x{301}e\x{301}e\x{301}e\x{301}e\x{301}e\x{301}e\x{301}e\x{301}e\x{301}e\x{301}e\x{301}e\x{301}e\x{301}e\x{301}e\x{301}e\x{301}e\x{301}e\x{301}e\x{301}e\x{301}e\x{301}e\x{301}e\x{301}e\x{301}e\x{301}e\x{301}e\x{301} e\x{301}e\x{301}e\x{301}e\x{301}e\x{301}e\x{301}e\x{301}e\x{301}e\x{301}e\x{301}e\x{301}e\x{301}e\x{301}e\x{301}e\x{301}e\x{301}e\x{301}e\x{301}e\x{301}e\x{301}e\x{301}e\x{301}"
          text run at (1055,45) width 1: " "
          text run at (0,60) width 1056: "e\x{301}e\x{301}e\x{301}e\x{301}e\x{301}e\x{301}e\x{301}e\x{301}e\x{301}e\x{301}e\x{301}e\x{301}e\x{301}e\x{301}e\x{301}e\x{301}e\x{301}e\x{301}e\x{301}e\x{301}e\x{301}e\x{301}e\x{301}e\x{301}e\x{301}e\x{301}e\x{301}e\x{301}e\x{301}e\x{301}e\x{301}e\x{301} e\x{301} e\x{301}e\x{301}e\x{301}e\x{301}e\x{301}e\x{301}e\x{301}e\x{301}e\x{301}e\x{301}e\x{301}e\x{301}e\x{301}e\x{301}e\x{301}e\x{301}e\x{301}e\x{301}e\x{301}e\x{301}e\x{301}e\x{301}e\x{301}e\x{301}e\x{301}e\x{301}e\x{301}e\x{301}e\x{301}e\x{301}e\x{301}e\x{301}e\x{301}e\x{301}e\x{301}e\x{301}e\x{301}e\x{301}e\x{301}e\x{301}e\x{301}e\x{301}e\x{301} e\x{301}e\x{301}e\x{301}e\x{301}e\x{301}e\x{301}e\x{301}e\x{301}e\x{301}e\x{301}e\x{301}e\x{301}e\x{301}e\x{301}e\x{301}e\x{301}e\x{301}e\x{301}e\x{301}e\x{301}e\x{301}e\x{301}e\x{301}e\x{301}e\x{301}e\x{301}e\x{301}e\x{301}e\x{301}e\x{301} e\x{301}e\x{301}e\x{301}e\x{301}e\x{301}e\x{301}e\x{301}e\x{301}e\x{301}e\x{301}e\x{301}e\x{301}e\x{301}e\x{301}e\x{301}e\x{301}e\x{301}e\x{301}e\x{301}e\x{301}e\x{301}e\x{301}"
          text run at (1055,60) width 1: " "
          text run at (0,75) width 1056: "e\x{301}e\x{301}e\x{301}e\x{301}e\x{301}e\x{301}e\x{301}e\x{301}e\x{301}e\x{301}e\x{301}e\x{301}e\x{301}e\x{301}e\x{301}e\x{301}e\x{301}e\x{301}e\x{301}e\x{301}e\x{301}e\x{301}e\x{301}e\x{301}e\x{301}e\x{301}e\x{301}e\x{301}e\x{301}e\x{301}e\x{301}e\x{301} e\x{301} e\x{301}e\x{301}e\x{301}e\x{301}e\x{301}e\x{301}e\x{301}e\x{301}e\x{301}e\x{301}e\x{301}e\x{301}e\x{301}e\x{301}e\x{301}e\x{301}e\x{301}e\x{301}e\x{301}e\x{301}e\x{301}e\x{301}e\x{301}e\x{301}e\x{301}e\x{301}e\x{301}e\x{301}e\x{301}e\x{301}e\x{301}e\x{301}e\x{301}e\x{301}e\x{301}e\x{301}e\x{301}e\x{301}e\x{301}e\x{301}e\x{301}e\x{301}e\x{301} e\x{301}e\x{301}e\x{301}e\x{301}e\x{301}e\x{301}e\x{301}e\x{301}e\x{301}e\x{301}e\x{301}e\x{301}e\x{301}e\x{301}e\x{301}e\x{301}e\x{301}e\x{301}e\x{301}e\x{301}e\x{301}e\x{301}e\x{301}e\x{301}e\x{301}e\x{301}e\x{301}e\x{301}e\x{301}e\x{301} e\x{301}e\x{301}e\x{301}e\x{301}e\x{301}e\x{301}e\x{301}e\x{301}e\x{301}e\x{301}e\x{301}e\x{301}e\x{301}e\x{301}e\x{301}e\x{301}e\x{301}e\x{301}e\x{301}e\x{301}e\x{301}e\x{301}"
          text run at (1055,75) width 1: " "
          text run at (0,90) width 1056: "e\x{301}e\x{301}e\x{301}e\x{301}e\x{301}e\x{301}e\x{301}e\x{301}e\x{301}e\x{301}e\x{301}e\x{301}e\x{301}e\x{301}e\x{301}e\x{301}e\x{301}e\x{301}e\x{301}e\x{301}e\x{301}e\x{301}e\x{301}e\x{301}e\x{301}e\x{301}e\x{301}e\x{301}e\x{301}e\x{301}e\x{301}e\x{301} e\x{301} e\x{301}e\x{301}e\x{301}e\x{301}e\x{301}e\x{301}e\x{301}e\x{301}e\x{301}e\x{301}e\x{301}e\x{301}e\x{301}e\x{301}e\x{301}e\x{301}e\x{301}e\x{301}e\x{301}e\x{301}e\x{301}e\x{301}e\x{301}e\x{301}e\x{301}e\x{301}e\x{301}e\x{301}e\x{301}e\x{301}e\x{301}e\x{301}e\x{301}e\x{301}e\x{301}e\x{301}e\x{301}e\x{301}e\x{301}e\x{301}e\x{301}e\x{301}e\x{301} e\x{301}e\x{301}e\x{301}e\x{301}e\x{301}e\x{301}e\x{301}e\x{301}e\x{301}e\x{301}e\x{301}e\x{301}e\x{301}e\x{301}e\x{301}e\x{301}e\x{301}e\x{301}e\x{301}e\x{301}e\x{301}e\x{301}e\x{301}e\x{301}e\x{301}e\x{301}e\x{301}e\x{301}e\x{301}e\x{301} e\x{301}e\x{301}e\x{301}e\x{301}e\x{301}e\x{301}e\x{301}e\x{301}e\x{301}e\x{301}e\x{301}e\x{301}e\x{301}e\x{301}e\x{301}e\x{301}e\x{301}e\x{301}e\x{301}e\x{301}e\x{301}e\x{301}"
          text run at (1055,90) width 1: " "
          text run at (0,105) width 1056: "e\x{301}e\x{301}e\x{301}e\x{301}e\x{301}e\x{301}e\x{301}e\x{301}e\x{301}e\x{301}e\x{301}e\x{301}e\x{301}e\x{301}e\x{301}e\x{301}e\x{301}e\x{301}e\x{301}e\x{301}e\x{301}e\x{301}e\x{301}e\x{301}e\x{301}e\x{301}e\x{301}e\x{301}e\x{301}e\x{301}e\x{301}e\x{301} e\x{301} e\x{301}e\x{301}e\x{301}e\x{301}e\x{301}e\x{301}e\x{301}e\x{301}e\x{301}e\x{301}e\x{301}e\x{301}e\x{301}e\x{301}e\x{301}e\x{301}e\x{301}e\x{301}e\x{301}e\x{301}e\x{301}e\x{301}e\x{301}e\x{301}e\x{301}e\x{301}e\x{301}e\x{301}e\x{301}e\x{301}e\x{301}e\x{301}e\x{301}e\x{301}e\x{301}e\x{301}e\x{301}e\x{301}e\x{301}e\x{301}e\x{301}e\x{301}e\x{301} e\x{301}e\x{301}e\x{301}e\x{301}e\x{301}e\x{301}e\x{301}e\x{301}e\x{301}e\x{301}e\x{301}e\x{301}e\x{301}e\x{301}e\x{301}e\x{301}e\x{301}e\x{301}e\x{301}e\x{301}e\x{301}e\x{301}e\x{301}e\x{301}e\x{301}e\x{301}e\x{301}e\x{301}e\x{301}e\x{301} e\x{301}e\x{301}e\x{301}e\x{301}e\x{301}e\x{301}e\x{301}e\x{301}e\x{301}e\x{301}e\x{301}e\x{301}e\x{301}e\x{301}e\x{301}e\x{301}e\x{301}e\x{301}e\x{301}e\x{301}e\x{301}e\x{301}"
          text run at (1055,105) width 1: " "
          text run at (0,120) width 1056: "e\x{301}e\x{301}e\x{301}e\x{301}e\x{301}e\x{301}e\x{301}e\x{301}e\x{301}e\x{301}e\x{301}e\x{301}e\x{301}e\x{301}e\x{301}e\x{301}e\x{301}e\x{301}e\x{301}e\x{301}e\x{301}e\x{301}e\x{301}e\x{301}e\x{301}e\x{301}e\x{301}e\x{301}e\x{301}e\x{301}e\x{301}e\x{301} e\x{301} e\x{301}e\x{301}e\x{301}e\x{301}e\x{301}e\x{301}e\x{301}e\x{301}e\x{301}e\x{301}e\x{301}e\x{301}e\x{301}e\x{301}e\x{301}e\x{301}e\x{301}e\x{301}e\x{301}e\x{301}e\x{301}e\x{301}e\x{301}e\x{301}e\x{301}e\x{301}e\x{301}e\x{301}e\x{301}e\x{301}e\x{301}e\x{301}e\x{301}e\x{301}e\x{301}e\x{301}e\x{301}e\x{301}e\x{301}e\x{301}e\x{301}e\x{301}e\x{301} e\x{301}e\x{301}e\x{301}e\x{301}e\x{301}e\x{301}e\x{301}e\x{301}e\x{301}e\x{301}e\x{301}e\x{301}e\x{301}e\x{301}e\x{301}e\x{301}e\x{301}e\x{301}e\x{301}e\x{301}e\x{301}e\x{301}e\x{301}e\x{301}e\x{301}e\x{301}e\x{301}e\x{301}e\x{301}e\x{301} e\x{301}e\x{301}e\x{301}e\x{301}e\x{301}e\x{301}e\x{301}e\x{301}e\x{301}e\x{301}e\x{301}e\x{301}e\x{301}e\x{301}e\x{301}e\x{301}e\x{301}e\x{301}e\x{301}e\x{301}e\x{301}e\x{301}"
          text run at (1055,120) width 1: " "
          text run at (0,135) width 1056: "e\x{301}e\x{301}e\x{301}e\x{301}e\x{301}e\x{301}e\x{301}e\x{301}e\x{301}e\x{301}e\x{301}e\x{301}e\x{301}e\x{301}e\x{301}e\x{301}e\x{301}e\x{301}e\x{301}e\x{301}e\x{301}e\x{301}e\x{301}e\x{301}e\x{301}e\x{301}e\x{301}e\x{301}e\x{301}e\x{301}e\x{301}e\x{301} e\x{301} e\x{301}e\x{301}e\x{301}e\x{301}e\x{301}e\x{301}e\x{301}e\x{301}e\x{301}e\x{301}e\x{301}e\x{301}e\x{301}e\x{301}e\x{301}e\x{301}e\x{301}e\x{301}e\x{301}e\x{301}e\x{301}e\x{301}e\x{301}e\x{301}e\x{301}e\x{301}e\x{301}e\x{301}e\x{301}e\x{301}e\x{301}e\x{301}e\x{301}e\x{301}e\x{301}e\x{301}e\x{301}e\x{301}e\x{301}e\x{301}e\x{301}e\x{301}e\x{301} e\x{301}e\x{301}e\x{301}e\x{301}e\x{301}e\x{301}e\x{301}e\x{301}e\x{301}e\x{301}e\x{301}e\x{301}e\x{301}e\x{301}e\x{301}e\x{301}e\x{301}e\x{301}e\x{301}e\x{301}e\x{301}e\x{301}e\x{301}e\x{301}e\x{301}e\x{301}e\x{301}e\x{301}e\x{301}e\x{301} e\x{301}e\x{301}e\x{301}e\x{301}e\x{301}e\x{301}e\x{301}e\x{301}e\x{301}e\x{301}e\x{301}e\x{301}e\x{301}e\x{301}e\x{301}e\x{301}e\x{301}e\x{301}e\x{301}e\x{301}e\x{301}e\x{301}"
          text run at (1055,135) width 1: " "
          text run at (0,150) width 1056: "e\x{301}e\x{301}e\x{301}e\x{301}e\x{301}e\x{301}e\x{301}e\x{301}e\x{301}e\x{301}e\x{301}e\x{301}e\x{301}e\x{301}e\x{301}e\x{301}e\x{301}e\x{301}e\x{301}e\x{301}e\x{301}e\x{301}e\x{301}e\x{301}e\x{301}e\x{301}e\x{301}e\x{301}e\x{301}e\x{301}e\x{301}e\x{301} e\x{301} e\x{301}e\x{301}e\x{301}e\x{301}e\x{301}e\x{301}e\x{301}e\x{301}e\x{301}e\x{301}e\x{301}e\x{301}e\x{301}e\x{301}e\x{301}e\x{301}e\x{301}e\x{301}e\x{301}e\x{301}e\x{301}e\x{301}e\x{301}e\x{301}e\x{301}e\x{301}e\x{301}e\x{301}e\x{301}e\x{301}e\x{301}e\x{301}e\x{301}e\x{301}e\x{301}e\x{301}e\x{301}e\x{301}e\x{301}e\x{301}e\x{301}e\x{301}e\x{301} e\x{301}e\x{301}e\x{301}e\x{301}e\x{301}e\x{301}e\x{301}e\x{301}e\x{301}e\x{301}e\x{301}e\x{301}e\x{301}e\x{301}e\x{301}e\x{301}e\x{301}e\x{301}e\x{301}e\x{301}e\x{301}e\x{301}e\x{301}e\x{301}e\x{301}e\x{301}e\x{301}e\x{301}e\x{301}e\x{301} e\x{301}e\x{301}e\x{301}e\x{301}e\x{301}e\x{301}e\x{301}e\x{301}e\x{301}e\x{301}e\x{301}e\x{301}e\x{301}e\x{301}e\x{301}e\x{301}e\x{301}e\x{301}e\x{301}e\x{301}e\x{301}e\x{301}"
          text run at (1055,150) width 1: " "
          text run at (0,165) width 1056: "e\x{301}e\x{301}e\x{301}e\x{301}e\x{301}e\x{301}e\x{301}e\x{301}e\x{301}e\x{301}e\x{301}e\x{301}e\x{301}e\x{301}e\x{301}e\x{301}e\x{301}e\x{301}e\x{301}e\x{301}e\x{301}e\x{301}e\x{301}e\x{301}e\x{301}e\x{301}e\x{301}e\x{301}e\x{301}e\x{301}e\x{301}e\x{301} e\x{301} e\x{301}e\x{301}e\x{301}e\x{301}e\x{301}e\x{301}e\x{301}e\x{301}e\x{301}e\x{301}e\x{301}e\x{301}e\x{301}e\x{301}e\x{301}e\x{301}e\x{301}e\x{301}e\x{301}e\x{301}e\x{301}e\x{301}e\x{301}e\x{301}e\x{301}e\x{301}e\x{301}e\x{301}e\x{301}e\x{301}e\x{301}e\x{301}e\x{301}e\x{301}e\x{301}e\x{301}e\x{301}e\x{301}e\x{301}e\x{301}e\x{301}e\x{301}e\x{301} e\x{301}e\x{301}e\x{301}e\x{301}e\x{301}e\x{301}e\x{301}e\x{301}e\x{301}e\x{301}e\x{301}e\x{301}e\x{301}e\x{301}e\x{301}e\x{301}e\x{301}e\x{301}e\x{301}e\x{301}e\x{301}e\x{301}e\x{301}e\x{301}e\x{301}e\x{301}e\x{301}e\x{301}e\x{301}e\x{301} e\x{301}e\x{301}e\x{301}e\x{301}e\x{301}e\x{301}e\x{301}e\x{301}e\x{301}e\x{301}e\x{301}e\x{301}e\x{301}e\x{301}e\x{301}e\x{301}e\x{301}e\x{301}e\x{301}e\x{301}e\x{301}e\x{301}"
          text run at (1055,165) width 1: " "
          text run at (0,180) width 1056: "e\x{301}e\x{301}e\x{301}e\x{301}e\x{301}e\x{301}e\x{301}e\x{301}e\x{301}e\x{301}e\x{301}e\x{301}e\x{301}e\x{301}e\x{301}e\x{301}e\x{301}e\x{301}e\x{301}e\x{301}e\x{301}e\x{301}e\x{301}e\x{301}e\x{301}e\x{301}e\x{301}e\x{301}e\x{301}e\x{301}e\x{301}e\x{301} e\x{301} e\x{301}e\x{301}e\x{301}e\x{301}e\x{301}e\x{301}e\x{301}e\x{301}e\x{301}e\x{301}e\x{301}e\x{301}e\x{301}e\x{301}e\x{301}e\x{301}e\x{301}e\x{301}e\x{301}e\x{301}e\x{301}e\x{301}e\x{301}e\x{301}e\x{301}e\x{301}e\x{301}e\x{301}e\x{301}e\x{301}e\x{301}e\x{301}e\x{301}e\x{301}e\x{301}e\x{301}e\x{301}e\x{301}e\x{301}e\x{301}e\x{301}e\x{301}e\x{301} e\x{301}e\x{301}e\x{301}e\x{301}e\x{301}e\x{301}e\x{301}e\x{301}e\x{301}e\x{301}e\x{301}e\x{301}e\x{301}e\x{301}e\x{301}e\x{301}e\x{301}e\x{301}e\x{301}e\x{301}e\x{301}e\x{301}e\x{301}e\x{301}e\x{301}e\x{301}e\x{301}e\x{301}e\x{301}e\x{301} e\x{301}e\x{301}e\x{301}e\x{301}e\x{301}e\x{301}e\x{301}e\x{301}e\x{301}e\x{301}e\x{301}e\x{301}e\x{301}e\x{301}e\x{301}e\x{301}e\x{301}e\x{301}e\x{301}e\x{301}e\x{301}e\x{301}"
          text run at (1055,180) width 1: " "
          text run at (0,195) width 1056: "e\x{301}e\x{301}e\x{301}e\x{301}e\x{301}e\x{301}e\x{301}e\x{301}e\x{301}e\x{301}e\x{301}e\x{301}e\x{301}e\x{301}e\x{301}e\x{301}e\x{301}e\x{301}e\x{301}e\x{301}e\x{301}e\x{301}e\x{301}e\x{301}e\x{301}e\x{301}e\x{301}e\x{301}e\x{301}e\x{301}e\x{301}e\x{301} e\x{301} e\x{301}e\x{301}e\x{301}e\x{301}e\x{301}e\x{301}e\x{301}e\x{301}e\x{301}e\x{301}e\x{301}e\x{301}e\x{301}e\x{301}e\x{301}e\x{301}e\x{301}e\x{301}e\x{301}e\x{301}e\x{301}e\x{301}e\x{301}e\x{301}e\x{301}e\x{301}e\x{301}e\x{301}e\x{301}e\x{301}e\x{301}e\x{301}e\x{301}e\x{301}e\x{301}e\x{301}e\x{301}e\x{301}e\x{301}e\x{301}e\x{301}e\x{301}e\x{301} e\x{301}e\x{301}e\x{301}e\x{301}e\x{301}e\x{301}e\x{301}e\x{301}e\x{301}e\x{301}e\x{301}e\x{301}e\x{301}e\x{301}e\x{301}e\x{301}e\x{301}e\x{301}e\x{301}e\x{301}e\x{301}e\x{301}e\x{301}e\x{301}e\x{301}e\x{301}e\x{301}e\x{301}e\x{301}e\x{301} e\x{301}e\x{301}e\x{301}e\x{301}e\x{301}e\x{301}e\x{301}e\x{301}e\x{301}e\x{301}e\x{301}e\x{301}e\x{301}e\x{301}e\x{301}e\x{301}e\x{301}e\x{301}e\x{301}e\x{301}e\x{301}e\x{301}"
          text run at (1055,195) width 1: " "
          text run at (0,210) width 1056: "e\x{301}e\x{301}e\x{301}e\x{301}e\x{301}e\x{301}e\x{301}e\x{301}e\x{301}e\x{301}e\x{301}e\x{301}e\x{301}e\x{301}e\x{301}e\x{301}e\x{301}e\x{301}e\x{301}e\x{301}e\x{301}e\x{301}e\x{301}e\x{301}e\x{301}e\x{301}e\x{301}e\x{301}e\x{301}e\x{301}e\x{301}e\x{301} e\x{301} e\x{301}e\x{301}e\x{301}e\x{301}e\x{301}e\x{301}e\x{301}e\x{301}e\x{301}e\x{301}e\x{301}e\x{301}e\x{301}e\x{301}e\x{301}e\x{301}e\x{301}e\x{301}e\x{301}e\x{301}e\x{301}e\x{301}e\x{301}e\x{301}e\x{301}e\x{301}e\x{301}e\x{301}e\x{301}e\x{301}e\x{301}e\x{301}e\x{301}e\x{301}e\x{301}e\x{301}e\x{301}e\x{301}e\x{301}e\x{301}e\x{301}e\x{301}e\x{301} e\x{301}e\x{301}e\x{301}e\x{301}e\x{301}e\x{301}e\x{301}e\x{301}e\x{301}e\x{301}e\x{301}e\x{301}e\x{301}e\x{301}e\x{301}e\x{301}e\x{301}e\x{301}e\x{301}e\x{301}e\x{301}e\x{301}e\x{301}e\x{301}e\x{301}e\x{301}e\x{301}e\x{301}e\x{301}e\x{301} e\x{301}e\x{301}e\x{301}e\x{301}e\x{301}e\x{301}e\x{301}e\x{301}e\x{301}e\x{301}e\x{301}e\x{301}e\x{301}e\x{301}e\x{301}e\x{301}e\x{301}e\x{301}e\x{301}e\x{301}e\x{301}e\x{301}"
          text run at (1055,210) width 1: " "
          text run at (0,225) width 1056: "e\x{301}e\x{301}e\x{301}e\x{301}e\x{301}e\x{301}e\x{301}e\x{301}e\x{301}e\x{301}e\x{301}e\x{301}e\x{301}e\x{301}e\x{301}e\x{301}e\x{301}e\x{301}e\x{301}e\x{301}e\x{301}e\x{301}e\x{301}e\x{301}e\x{301}e\x{301}e\x{301}e\x{301}e\x{301}e\x{301}e\x{301}e\x{301} e\x{301} e\x{301}e\x{301}e\x{301}e\x{301}e\x{301}e\x{301}e\x{301}e\x{301}e\x{301}e\x{301}e\x{301}e\x{301}e\x{301}e\x{301}e\x{301}e\x{301}e\x{301}e\x{301}e\x{301}e\x{301}e\x{301}e\x{301}e\x{301}e\x{301}e\x{301}e\x{301}e\x{301}e\x{301}e\x{301}e\x{301}e\x{301}e\x{301}e\x{301}e\x{301}e\x{301}e\x{301}e\x{301}e\x{301}e\x{301}e\x{301}e\x{301}e\x{301}e\x{301} e\x{301}e\x{301}e\x{301}e\x{301}e\x{301}e\x{301}e\x{301}e\x{301}e\x{301}e\x{301}e\x{301}e\x{301}e\x{301}e\x{301}e\x{301}e\x{301}e\x{301}e\x{301}e\x{301}e\x{301}e\x{301}e\x{301}e\x{301}e\x{301}e\x{301}e\x{301}e\x{301}e\x{301}e\x{301}e\x{301} e\x{301}e\x{301}e\x{301}e\x{301}e\x{301}e\x{301}e\x{301}e\x{301}e\x{301}e\x{301}e\x{301}e\x{301}e\x{301}e\x{301}e\x{301}e\x{301}e\x{301}e\x{301}e\x{301}e\x{301}e\x{301}e\x{301}"
          text run at (1055,225) width 1: " "
          text run at (0,240) width 1056: "e\x{301}e\x{301}e\x{301}e\x{301}e\x{301}e\x{301}e\x{301}e\x{301}e\x{301}e\x{301}e\x{301}e\x{301}e\x{301}e\x{301}e\x{301}e\x{301}e\x{301}e\x{301}e\x{301}e\x{301}e\x{301}e\x{301}e\x{301}e\x{301}e\x{301}e\x{301}e\x{301}e\x{301}e\x{301}e\x{301}e\x{301}e\x{301} e\x{301} e\x{301}e\x{301}e\x{301}e\x{301}e\x{301}e\x{301}e\x{301}e\x{301}e\x{301}e\x{301}e\x{301}e\x{301}e\x{301}e\x{301}e\x{301}e\x{301}e\x{301}e\x{301}e\x{301}e\x{301}e\x{301}e\x{301}e\x{301}e\x{301}e\x{301}e\x{301}e\x{301}e\x{301}e\x{301}e\x{301}e\x{301}e\x{301}e\x{301}e\x{301}e\x{301}e\x{301}e\x{301}e\x{301}e\x{301}e\x{301}e\x{301}e\x{301}e\x{301} e\x{301}e\x{301}e\x{301}e\x{301}e\x{301}e\x{301}e\x{301}e\x{301}e\x{301}e\x{301}e\x{301}e\x{301}e\x{301}e\x{301}e\x{301}e\x{301}e\x{301}e\x{301}e\x{301}e\x{301}e\x{301}e\x{301}e\x{301}e\x{301}e\x{301}e\x{301}e\x{301}e\x{301}e\x{301}e\x{301} e\x{301}e\x{301}e\x{301}e\x{301}e\x{301}e\x{301}e\x{301}e\x{301}e\x{301}e\x{301}e\x{301}e\x{301}e\x{301}e\x{301}e\x{301}e\x{301}e\x{301}e\x{301}e\x{301}e\x{301}e\x{301}e\x{301}"
          text run at (1055,240) width 1: " "
          text run at (0,255) width 1056: "e\x{301}e\x{301}e\x{301}e\x{301}e\x{301}e\x{301}e\x{301}e\x{301}e\x{301}e\x{301}e\x{301}e\x{301}e\x{301}e\x{301}e\x{301}e\x{301}e\x{301}e\x{301}e\x{301}e\x{301}e\x{301}e\x{301}e\x{301}e\x{301}e\x{301}e\x{301}e\x{301}e\x{301}e\x{301}e\x{301}e\x{301}e\x{301} e\x{301} e\x{301}e\x{301}e\x{301}e\x{301}e\x{301}e\x{301}e\x{301}e\x{301}e\x{301}e\x{301}e\x{301}e\x{301}e\x{301}e\x{301}e\x{301}e\x{301}e\x{301}e\x{301}e\x{301}e\x{301}e\x{301}e\x{301}e\x{301}e\x{301}e\x{301}e\x{301}e\x{301}e\x{301}e\x{301}e\x{301}e\x{301}e\x{301}e\x{301}e\x{301}e\x{301}e\x{301}e\x{301}e\x{301}e\x{301}e\x{301}e\x{301}e\x{301}e\x{301} e\x{301}e\x{301}e\x{301}e\x{301}e\x{301}e\x{301}e\x{301}e\x{301}e\x{301}e\x{301}e\x{301}e\x{301}e\x{301}e\x{301}e\x{301}e\x{301}e\x{301}e\x{301}e\x{301}e\x{301}e\x{301}e\x{301}e\x{301}e\x{301}e\x{301}e\x{301}e\x{301}e\x{301}e\x{301}e\x{301} e\x{301}e\x{301}e\x{301}e\x{301}e\x{301}e\x{301}e\x{301}e\x{301}e\x{301}e\x{301}e\x{301}e\x{301}e\x{301}e\x{301}e\x{301}e\x{301}e\x{301}e\x{301}e\x{301}e\x{301}e\x{301}e\x{301}"
          text run at (1055,255) width 1: " "
          text run at (0,270) width 1056: "e\x{301}e\x{301}e\x{301}e\x{301}e\x{301}e\x{301}e\x{301}e\x{301}e\x{301}e\x{301}e\x{301}e\x{301}e\x{301}e\x{301}e\x{301}e\x{301}e\x{301}e\x{301}e\x{301}e\x{301}e\x{301}e\x{301}e\x{301}e\x{301}e\x{301}e\x{301}e\x{301}e\x{301}e\x{301}e\x{301}e\x{301}e\x{301} e\x{301} e\x{301}e\x{301}e\x{301}e\x{301}e\x{301}e\x{301}e\x{301}e\x{301}e\x{301}e\x{301}e\x{301}e\x{301}e\x{301}e\x{301}e\x{301}e\x{301}e\x{301}e\x{301}e\x{301}e\x{301}e\x{301}e\x{301}e\x{301}e\x{301}e\x{301}e\x{301}e\x{301}e\x{301}e\x{301}e\x{301}e\x{301}e\x{301}e\x{301}e\x{301}e\x{301}e\x{301}e\x{301}e\x{301}e\x{301}e\x{301}e\x{301}e\x{301}e\x{301} e\x{301}e\x{301}e\x{301}e\x{301}e\x{301}e\x{301}e\x{301}e\x{301}e\x{301}e\x{301}e\x{301}e\x{301}e\x{301}e\x{301}e\x{301}e\x{301}e\x{301}e\x{301}e\x{301}e\x{301}e\x{301}e\x{301}e\x{301}e\x{301}e\x{301}e\x{301}e\x{301}e\x{301}e\x{301}e\x{301} e\x{301}e\x{301}e\x{301}e\x{301}e\x{301}e\x{301}e\x{301}e\x{301}e\x{301}e\x{301}e\x{301}e\x{301}e\x{301}e\x{301}e\x{301}e\x{301}e\x{301}e\x{301}e\x{301}e\x{301}e\x{301}e\x{301}"
          text run at (1055,270) width 1: " "
          text run at (0,285) width 1056: "e\x{301}e\x{301}e\x{301}e\x{301}e\x{301}e\x{301}e\x{301}e\x{301}e\x{301}e\x{301}e\x{301}e\x{301}e\x{301}e\x{301}e\x{301}e\x{301}e\x{301}e\x{301}e\x{301}e\x{301}e\x{301}e\x{301}e\x{301}e\x{301}e\x{301}e\x{301}e\x{301}e\x{301}e\x{301}e\x{301}e\x{301}e\x{301} e\x{301} e\x{301}e\x{301}e\x{301}e\x{301}e\x{301}e\x{301}e\x{301}e\x{301}e\x{301}e\x{301}e\x{301}e\x{301}e\x{301}e\x{301}e\x{301}e\x{301}e\x{301}e\x{301}e\x{301}e\x{301}e\x{301}e\x{301}e\x{301}e\x{301}e\x{301}e\x{301}e\x{301}e\x{301}e\x{301}e\x{301}e\x{301}e\x{301}e\x{301}e\x{301}e\x{301}e\x{301}e\x{301}e\x{301}e\x{301}e\x{301}e\x{301}e\x{301}e\x{301} e\x{301}e\x{301}e\x{301}e\x{301}e\x{301}e\x{301}e\x{301}e\x{301}e\x{301}e\x{301}e\x{301}e\x{301}e\x{301}e\x{301}e\x{301}e\x{301}e\x{301}e\x{301}e\x{301}e\x{301}e\x{301}e\x{301}e\x{301}e\x{301}e\x{301}e\x{301}e\x{301}e\x{301}e\x{301}e\x{301} e\x{301}e\x{301}e\x{301}e\x{301}e\x{301}e\x{301}e\x{301}e\x{301}e\x{301}e\x{301}e\x{301}e\x{301}e\x{301}e\x{301}e\x{301}e\x{301}e\x{301}e\x{301}e\x{301}e\x{301}e\x{301}e\x{301}"
          text run at (1055,285) width 1: " "
          text run at (0,300) width 1056: "e\x{301}e\x{301}e\x{301}e\x{301}e\x{301}e\x{301}e\x{301}e\x{301}e\x{301}e\x{301}e\x{301}e\x{301}e\x{301}e\x{301}e\x{301}e\x{301}e\x{301}e\x{301}e\x{301}e\x{301}e\x{301}e\x{301}e\x{301}e\x{301}e\x{301}e\x{301}e\x{301}e\x{301}e\x{301}e\x{301}e\x{301}e\x{301} e\x{301} e\x{301}e\x{301}e\x{301}e\x{301}e\x{301}e\x{301}e\x{301}e\x{301}e\x{301}e\x{301}e\x{301}e\x{301}e\x{301}e\x{301}e\x{301}e\x{301}e\x{301}e\x{301}e\x{301}e\x{301}e\x{301}e\x{301}e\x{301}e\x{301}e\x{301}e\x{301}e\x{301}e\x{301}e\x{301}e\x{301}e\x{301}e\x{301}e\x{301}e\x{301}e\x{301}e\x{301}e\x{301}e\x{301}e\x{301}e\x{301}e\x{301}e\x{301}e\x{301} e\x{301}e\x{301}e\x{301}e\x{301}e\x{301}e\x{301}e\x{301}e\x{301}e\x{301}e\x{301}e\x{301}e\x{301}e\x{301}e\x{301}e\x{301}e\x{301}e\x{301}e\x{301}e\x{301}e\x{301}e\x{301}e\x{301}e\x{301}e\x{301}e\x{301}e\x{301}e\x{301}e\x{301}e\x{301}e\x{301} e\x{301}e\x{301}e\x{301}e\x{301}e\x{301}e\x{301}e\x{301}e\x{301}e\x{301}e\x{301}e\x{301}e\x{301}e\x{301}e\x{301}e\x{301}e\x{301}e\x{301}e\x{301}e\x{301}e\x{301}e\x{301}e\x{301}"
          text run at (1055,300) width 1: " "
          text run at (0,315) width 1056: "e\x{301}e\x{301}e\x{301}e\x{301}e\x{301}e\x{301}e\x{301}e\x{301}e\x{301}e\x{301}e\x{301}e\x{301}e\x{301}e\x{301}e\x{301}e\x{301}e\x{301}e\x{301}e\x{301}e\x{301}e\x{301}e\x{301}e\x{301}e\x{301}e\x{301}e\x{301}e\x{301}e\x{301}e\x{301}e\x{301}e\x{301}e\x{301} e\x{301} e\x{301}e\x{301}e\x{301}e\x{301}e\x{301}e\x{301}e\x{301}e\x{301}e\x{301}e\x{301}e\x{301}e\x{301}e\x{301}e\x{301}e\x{301}e\x{301}e\x{301}e\x{301}e\x{301}e\x{301}e\x{301}e\x{301}e\x{301}e\x{301}e\x{301}e\x{301}e\x{301}e\x{301}e\x{301}e\x{301}e\x{301}e\x{301}e\x{301}e\x{301}e\x{301}e\x{301}e\x{301}e\x{301}e\x{301}e\x{301}e\x{301}e\x{301}e\x{301} e\x{301}e\x{301}e\x{301}e\x{301}e\x{301}e\x{301}e\x{301}e\x{301}e\x{301}e\x{301}e\x{301}e\x{301}e\x{301}e\x{301}e\x{301}e\x{301}e\x{301}e\x{301}e\x{301}e\x{301}e\x{301}e\x{301}e\x{301}e\x{301}e\x{301}e\x{301}e\x{301}e\x{301}e\x{301}e\x{301} e\x{301}e\x{301}e\x{301}e\x{301}e\x{301}e\x{301}e\x{301}e\x{301}e\x{301}e\x{301}e\x{301}e\x{301}e\x{301}e\x{301}e\x{301}e\x{301}e\x{301}e\x{301}e\x{301}e\x{301}e\x{301}e\x{301}"
          text run at (1055,315) width 1: " "
          text run at (0,330) width 1056: "e\x{301}e\x{301}e\x{301}e\x{301}e\x{301}e\x{301}e\x{301}e\x{301}e\x{301}e\x{301}e\x{301}e\x{301}e\x{301}e\x{301}e\x{301}e\x{301}e\x{301}e\x{301}e\x{301}e\x{301}e\x{301}e\x{301}e\x{301}e\x{301}e\x{301}e\x{301}e\x{301}e\x{301}e\x{301}e\x{301}e\x{301}e\x{301} e\x{301} e\x{301}e\x{301}e\x{301}e\x{301}e\x{301}e\x{301}e\x{301}e\x{301}e\x{301}e\x{301}e\x{301}e\x{301}e\x{301}e\x{301}e\x{301}e\x{301}e\x{301}e\x{301}e\x{301}e\x{301}e\x{301}e\x{301}e\x{301}e\x{301}e\x{301}e\x{301}e\x{301}e\x{301}e\x{301}e\x{301}e\x{301}e\x{301}e\x{301}e\x{301}e\x{301}e\x{301}e\x{301}e\x{301}e\x{301}e\x{301}e\x{301}e\x{301}e\x{301} e\x{301}e\x{301}e\x{301}e\x{301}e\x{301}e\x{301}e\x{301}e\x{301}e\x{301}e\x{301}e\x{301}e\x{301}e\x{301}e\x{301}e\x{301}e\x{301}e\x{301}e\x{301}e\x{301}e\x{301}e\x{301}e\x{301}e\x{301}e\x{301}e\x{301}e\x{301}e\x{301}e\x{301}e\x{301}e\x{301} e\x{301}e\x{301}e\x{301}e\x{301}e\x{301}e\x{301}e\x{301}e\x{301}e\x{301}e\x{301}e\x{301}e\x{301}e\x{301}e\x{301}e\x{301}e\x{301}e\x{301}e\x{301}e\x{301}e\x{301}e\x{301}e\x{301}"
          text run at (1055,330) width 1: " "
          text run at (0,345) width 1056: "e\x{301}e\x{301}e\x{301}e\x{301}e\x{301}e\x{301}e\x{301}e\x{301}e\x{301}e\x{301}e\x{301}e\x{301}e\x{301}e\x{301}e\x{301}e\x{301}e\x{301}e\x{301}e\x{301}e\x{301}e\x{301}e\x{301}e\x{301}e\x{301}e\x{301}e\x{301}e\x{301}e\x{301}e\x{301}e\x{301}e\x{301}e\x{301} e\x{301} e\x{301}e\x{301}e\x{301}e\x{301}e\x{301}e\x{301}e\x{301}e\x{301}e\x{301}e\x{301}e\x{301}e\x{301}e\x{301}e\x{301}e\x{301}e\x{301}e\x{301}e\x{301}e\x{301}e\x{301}e\x{301}e\x{301}e\x{301}e\x{301}e\x{301}e\x{301}e\x{301}e\x{301}e\x{301}e\x{301}e\x{301}e\x{301}e\x{301}e\x{301}e\x{301}e\x{301}e\x{301}e\x{301}e\x{301}e\x{301}e\x{301}e\x{301}e\x{301} e\x{301}e\x{301}e\x{301}e\x{301}e\x{301}e\x{301}e\x{301}e\x{301}e\x{301}e\x{301}e\x{301}e\x{301}e\x{301}e\x{301}e\x{301}e\x{301}e\x{301}e\x{301}e\x{301}e\x{301}e\x{301}e\x{301}e\x{301}e\x{301}e\x{301}e\x{301}e\x{301}e\x{301}e\x{301}e\x{301} e\x{301}e\x{301}e\x{301}e\x{301}e\x{301}e\x{301}e\x{301}e\x{301}e\x{301}e\x{301}e\x{301}e\x{301}e\x{301}e\x{301}e\x{301}e\x{301}e\x{301}e\x{301}e\x{301}e\x{301}e\x{301}e\x{301}"
          text run at (1055,345) width 1: " "
          text run at (0,360) width 1056: "e\x{301}e\x{301}e\x{301}e\x{301}e\x{301}e\x{301}e\x{301}e\x{301}e\x{301}e\x{301}e\x{301}e\x{301}e\x{301}e\x{301}e\x{301}e\x{301}e\x{301}e\x{301}e\x{301}e\x{301}e\x{301}e\x{301}e\x{301}e\x{301}e\x{301}e\x{301}e\x{301}e\x{301}e\x{301}e\x{301}e\x{301}e\x{301} e\x{301} e\x{301}e\x{301}e\x{301}e\x{301}e\x{301}e\x{301}e\x{301}e\x{301}e\x{301}e\x{301}e\x{301}e\x{301}e\x{301}e\x{301}e\x{301}e\x{301}e\x{301}e\x{301}e\x{301}e\x{301}e\x{301}e\x{301}e\x{301}e\x{301}e\x{301}e\x{301}e\x{301}e\x{301}e\x{301}e\x{301}e\x{301}e\x{301}e\x{301}e\x{301}e\x{301}e\x{301}e\x{301}e\x{301}e\x{301}e\x{301}e\x{301}e\x{301}e\x{301} e\x{301}e\x{301}e\x{301}e\x{301}e\x{301}e\x{301}e\x{301}e\x{301}e\x{301}e\x{301}e\x{301}e\x{301}e\x{301}e\x{301}e\x{301}e\x{301}e\x{301}e\x{301}e\x{301}e\x{301}e\x{301}e\x{301}e\x{301}e\x{301}e\x{301}e\x{301}e\x{301}e\x{301}e\x{301}e\x{301} e\x{301}e\x{301}e\x{301}e\x{301}e\x{301}e\x{301}e\x{301}e\x{301}e\x{301}e\x{301}e\x{301}e\x{301}e\x{301}e\x{301}e\x{301}e\x{301}e\x{301}e\x{301}e\x{301}e\x{301}e\x{301}e\x{301}"
          text run at (1055,360) width 1: " "
          text run at (0,375) width 1056: "e\x{301}e\x{301}e\x{301}e\x{301}e\x{301}e\x{301}e\x{301}e\x{301}e\x{301}e\x{301}e\x{301}e\x{301}e\x{301}e\x{301}e\x{301}e\x{301}e\x{301}e\x{301}e\x{301}e\x{301}e\x{301}e\x{301}e\x{301}e\x{301}e\x{301}e\x{301}e\x{301}e\x{301}e\x{301}e\x{301}e\x{301}e\x{301} e\x{301} e\x{301}e\x{301}e\x{301}e\x{301}e\x{301}e\x{301}e\x{301}e\x{301}e\x{301}e\x{301}e\x{301}e\x{301}e\x{301}e\x{301}e\x{301}e\x{301}e\x{301}e\x{301}e\x{301}e\x{301}e\x{301}e\x{301}e\x{301}e\x{301}e\x{301}e\x{301}e\x{301}e\x{301}e\x{301}e\x{301}e\x{301}e\x{301}e\x{301}e\x{301}e\x{301}e\x{301}e\x{301}e\x{301}e\x{301}e\x{301}e\x{301}e\x{301}e\x{301} e\x{301}e\x{301}e\x{301}e\x{301}e\x{301}e\x{301}e\x{301}e\x{301}e\x{301}e\x{301}e\x{301}e\x{301}e\x{301}e\x{301}e\x{301}e\x{301}e\x{301}e\x{301}e\x{301}e\x{301}e\x{301}e\x{301}e\x{301}e\x{301}e\x{301}e\x{301}e\x{301}e\x{301}e\x{301}e\x{301} e\x{301}e\x{301}e\x{301}e\x{301}e\x{301}e\x{301}e\x{301}e\x{301}e\x{301}e\x{301}e\x{301}e\x{301}e\x{301}e\x{301}e\x{301}e\x{301}e\x{301}e\x{301}e\x{301}e\x{301}e\x{301}e\x{301}"
          text run at (1055,375) width 1: " "
          text run at (0,390) width 1056: "e\x{301}e\x{301}e\x{301}e\x{301}e\x{301}e\x{301}e\x{301}e\x{301}e\x{301}e\x{301}e\x{301}e\x{301}e\x{301}e\x{301}e\x{301}e\x{301}e\x{301}e\x{301}e\x{301}e\x{301}e\x{301}e\x{301}e\x{301}e\x{301}e\x{301}e\x{301}e\x{301}e\x{301}e\x{301}e\x{301}e\x{301}e\x{301} e\x{301} e\x{301}e\x{301}e\x{301}e\x{301}e\x{301}e\x{301}e\x{301}e\x{301}e\x{301}e\x{301}e\x{301}e\x{301}e\x{301}e\x{301}e\x{301}e\x{301}e\x{301}e\x{301}e\x{301}e\x{301}e\x{301}e\x{301}e\x{301}e\x{301}e\x{301}e\x{301}e\x{301}e\x{301}e\x{301}e\x{301}e\x{301}e\x{301}e\x{301}e\x{301}e\x{301}e\x{301}e\x{301}e\x{301}e\x{301}e\x{301}e\x{301}e\x{301}e\x{301} e\x{301}e\x{301}e\x{301}e\x{301}e\x{301}e\x{301}e\x{301}e\x{301}e\x{301}e\x{301}e\x{301}e\x{301}e\x{301}e\x{301}e\x{301}e\x{301}e\x{301}e\x{301}e\x{301}e\x{301}e\x{301}e\x{301}e\x{301}e\x{301}e\x{301}e\x{301}e\x{301}e\x{301}e\x{301}e\x{301} e\x{301}e\x{301}e\x{301}e\x{301}e\x{301}e\x{301}e\x{301}e\x{301}e\x{301}e\x{301}e\x{301}e\x{301}e\x{301}e\x{301}e\x{301}e\x{301}e\x{301}e\x{301}e\x{301}e\x{301}e\x{301}e\x{301}"
          text run at (1055,390) width 1: " "
          text run at (0,405) width 1056: "e\x{301}e\x{301}e\x{301}e\x{301}e\x{301}e\x{301}e\x{301}e\x{301}e\x{301}e\x{301}e\x{301}e\x{301}e\x{301}e\x{301}e\x{301}e\x{301}e\x{301}e\x{301}e\x{301}e\x{301}e\x{301}e\x{301}e\x{301}e\x{301}e\x{301}e\x{301}e\x{301}e\x{301}e\x{301}e\x{301}e\x{301}e\x{301} e\x{301} e\x{301}e\x{301}e\x{301}e\x{301}e\x{301}e\x{301}e\x{301}e\x{301}e\x{301}e\x{301}e\x{301}e\x{301}e\x{301}e\x{301}e\x{301}e\x{301}e\x{301}e\x{301}e\x{301}e\x{301}e\x{301}e\x{301}e\x{301}e\x{301}e\x{301}e\x{301}e\x{301}e\x{301}e\x{301}e\x{301}e\x{301}e\x{301}e\x{301}e\x{301}e\x{301}e\x{301}e\x{301}e\x{301}e\x{301}e\x{301}e\x{301}e\x{301}e\x{301} e\x{301}e\x{301}e\x{301}e\x{301}e\x{301}e\x{301}e\x{301}e\x{301}e\x{301}e\x{301}e\x{301}e\x{301}e\x{301}e\x{301}e\x{301}e\x{301}e\x{301}e\x{301}e\x{301}e\x{301}e\x{301}e\x{301}e\x{301}e\x{301}e\x{301}e\x{301}e\x{301}e\x{301}e\x{301}e\x{301} e\x{301}e\x{301}e\x{301}e\x{301}e\x{301}e\x{301}e\x{301}e\x{301}e\x{301}e\x{301}e\x{301}e\x{301}e\x{301}e\x{301}e\x{301}e\x{301}e\x{301}e\x{301}e\x{301}e\x{301}e\x{301}e\x{301}"
          text run at (1055,405) width 1: " "
          text run at (0,420) width 1056: "e\x{301}e\x{301}e\x{301}e\x{301}e\x{301}e\x{301}e\x{301}e\x{301}e\x{301}e\x{301}e\x{301}e\x{301}e\x{301}e\x{301}e\x{301}e\x{301}e\x{301}e\x{301}e\x{301}e\x{301}e\x{301}e\x{301}e\x{301}e\x{301}e\x{301}e\x{301}e\x{301}e\x{301}e\x{301}e\x{301}e\x{301}e\x{301} e\x{301} e\x{301}e\x{301}e\x{301}e\x{301}e\x{301}e\x{301}e\x{301}e\x{301}e\x{301}e\x{301}e\x{301}e\x{301}e\x{301}e\x{301}e\x{301}e\x{301}e\x{301}e\x{301}e\x{301}e\x{301}e\x{301}e\x{301}e\x{301}e\x{301}e\x{301}e\x{301}e\x{301}e\x{301}e\x{301}e\x{301}e\x{301}e\x{301}e\x{301}e\x{301}e\x{301}e\x{301}e\x{301}e\x{301}e\x{301}e\x{301}e\x{301}e\x{301}e\x{301} e\x{301}e\x{301}e\x{301}e\x{301}e\x{301}e\x{301}e\x{301}e\x{301}e\x{301}e\x{301}e\x{301}e\x{301}e\x{301}e\x{301}e\x{301}e\x{301}e\x{301}e\x{301}e\x{301}e\x{301}e\x{301}e\x{301}e\x{301}e\x{301}e\x{301}e\x{301}e\x{301}e\x{301}e\x{301}e\x{301} e\x{301}e\x{301}e\x{301}e\x{301}e\x{301}e\x{301}e\x{301}e\x{301}e\x{301}e\x{301}e\x{301}e\x{301}e\x{301}e\x{301}e\x{301}e\x{301}e\x{301}e\x{301}e\x{301}e\x{301}e\x{301}e\x{301}"
          text run at (1055,420) width 1: " "
          text run at (0,435) width 1056: "e\x{301}e\x{301}e\x{301}e\x{301}e\x{301}e\x{301}e\x{301}e\x{301}e\x{301}e\x{301}e\x{301}e\x{301}e\x{301}e\x{301}e\x{301}e\x{301}e\x{301}e\x{301}e\x{301}e\x{301}e\x{301}e\x{301}e\x{301}e\x{301}e\x{301}e\x{301}e\x{301}e\x{301}e\x{301}e\x{301}e\x{301}e\x{301} e\x{301} e\x{301}e\x{301}e\x{301}e\x{301}e\x{301}e\x{301}e\x{301}e\x{301}e\x{301}e\x{301}e\x{301}e\x{301}e\x{301}e\x{301}e\x{301}e\x{301}e\x{301}e\x{301}e\x{301}e\x{301}e\x{301}e\x{301}e\x{301}e\x{301}e\x{301}e\x{301}e\x{301}e\x{301}e\x{301}e\x{301}e\x{301}e\x{301}e\x{301}e\x{301}e\x{301}e\x{301}e\x{301}e\x{301}e\x{301}e\x{301}e\x{301}e\x{301}e\x{301} e\x{301}e\x{301}e\x{301}e\x{301}e\x{301}e\x{301}e\x{301}e\x{301}e\x{301}e\x{301}e\x{301}e\x{301}e\x{301}e\x{301}e\x{301}e\x{301}e\x{301}e\x{301}e\x{301}e\x{301}e\x{301}e\x{301}e\x{301}e\x{301}e\x{301}e\x{301}e\x{301}e\x{301}e\x{301}e\x{301} e\x{301}e\x{301}e\x{301}e\x{301}e\x{301}e\x{301}e\x{301}e\x{301}e\x{301}e\x{301}e\x{301}e\x{301}e\x{301}e\x{301}e\x{301}e\x{301}e\x{301}e\x{301}e\x{301}e\x{301}e\x{301}e\x{301}"
          text run at (1055,435) width 1: " "
          text run at (0,450) width 1056: "e\x{301}e\x{301}e\x{301}e\x{301}e\x{301}e\x{301}e\x{301}e\x{301}e\x{301}e\x{301}e\x{301}e\x{301}e\x{301}e\x{301}e\x{301}e\x{301}e\x{301}e\x{301}e\x{301}e\x{301}e\x{301}e\x{301}e\x{301}e\x{301}e\x{301}e\x{301}e\x{301}e\x{301}e\x{301}e\x{301}e\x{301}e\x{301} e\x{301} e\x{301}e\x{301}e\x{301}e\x{301}e\x{301}e\x{301}e\x{301}e\x{301}e\x{301}e\x{301}e\x{301}e\x{301}e\x{301}e\x{301}e\x{301}e\x{301}e\x{301}e\x{301}e\x{301}e\x{301}e\x{301}e\x{301}e\x{301}e\x{301}e\x{301}e\x{301}e\x{301}e\x{301}e\x{301}e\x{301}e\x{301}e\x{301}e\x{301}e\x{301}e\x{301}e\x{301}e\x{301}e\x{301}e\x{301}e\x{301}e\x{301}e\x{301}e\x{301} e\x{301}e\x{301}e\x{301}e\x{301}e\x{301}e\x{301}e\x{301}e\x{301}e\x{301}e\x{301}e\x{301}e\x{301}e\x{301}e\x{301}e\x{301}e\x{301}e\x{301}e\x{301}e\x{301}e\x{301}e\x{301}e\x{301}e\x{301}e\x{301}e\x{301}e\x{301}e\x{301}e\x{301}e\x{301}e\x{301} e\x{301}e\x{301}e\x{301}e\x{301}e\x{301}e\x{301}e\x{301}e\x{301}e\x{301}e\x{301}e\x{301}e\x{301}e\x{301}e\x{301}e\x{301}e\x{301}e\x{301}e\x{301}e\x{301}e\x{301}e\x{301}e\x{301}"
          text run at (1055,450) width 1: " "
          text run at (0,465) width 1056: "e\x{301}e\x{301}e\x{301}e\x{301}e\x{301}e\x{301}e\x{301}e\x{301}e\x{301}e\x{301}e\x{301}e\x{301}e\x{301}e\x{301}e\x{301}e\x{301}e\x{301}e\x{301}e\x{301}e\x{301}e\x{301}e\x{301}e\x{301}e\x{301}e\x{301}e\x{301}e\x{301}e\x{301}e\x{301}e\x{301}e\x{301}e\x{301} e\x{301} e\x{301}e\x{301}e\x{301}e\x{301}e\x{301}e\x{301}e\x{301}e\x{301}e\x{301}e\x{301}e\x{301}e\x{301}e\x{301}e\x{301}e\x{301}e\x{301}e\x{301}e\x{301}e\x{301}e\x{301}e\x{301}e\x{301}e\x{301}e\x{301}e\x{301}e\x{301}e\x{301}e\x{301}e\x{301}e\x{301}e\x{301}e\x{301}e\x{301}e\x{301}e\x{301}e\x{301}e\x{301}e\x{301}e\x{301}e\x{301}e\x{301}e\x{301}e\x{301} e\x{301}e\x{301}e\x{301}e\x{301}e\x{301}e\x{301}e\x{301}e\x{301}e\x{301}e\x{301}e\x{301}e\x{301}e\x{301}e\x{301}e\x{301}e\x{301}e\x{301}e\x{301}e\x{301}e\x{301}e\x{301}e\x{301}e\x{301}e\x{301}e\x{301}e\x{301}e\x{301}e\x{301}e\x{301}e\x{301} e\x{301}e\x{301}e\x{301}e\x{301}e\x{301}e\x{301}e\x{301}e\x{301}e\x{301}e\x{301}e\x{301}e\x{301}e\x{301}e\x{301}e\x{301}e\x{301}e\x{301}e\x{301}e\x{301}e\x{301}e\x{301}e\x{301}"
          text run at (1055,465) width 1: " "
          text run at (0,480) width 1056: "e\x{301}e\x{301}e\x{301}e\x{301}e\x{301}e\x{301}e\x{301}e\x{301}e\x{301}e\x{301}e\x{301}e\x{301}e\x{301}e\x{301}e\x{301}e\x{301}e\x{301}e\x{301}e\x{301}e\x{301}e\x{301}e\x{301}e\x{301}e\x{301}e\x{301}e\x{301}e\x{301}e\x{301}e\x{301}e\x{301}e\x{301}e\x{301} e\x{301} e\x{301}e\x{301}e\x{301}e\x{301}e\x{301}e\x{301}e\x{301}e\x{301}e\x{301}e\x{301}e\x{301}e\x{301}e\x{301}e\x{301}e\x{301}e\x{301}e\x{301}e\x{301}e\x{301}e\x{301}e\x{301}e\x{301}e\x{301}e\x{301}e\x{301}e\x{301}e\x{301}e\x{301}e\x{301}e\x{301}e\x{301}e\x{301}e\x{301}e\x{301}e\x{301}e\x{301}e\x{301}e\x{301}e\x{301}e\x{301}e\x{301}e\x{301}e\x{301} e\x{301}e\x{301}e\x{301}e\x{301}e\x{301}e\x{301}e\x{301}e\x{301}e\x{301}e\x{301}e\x{301}e\x{301}e\x{301}e\x{301}e\x{301}e\x{301}e\x{301}e\x{301}e\x{301}e\x{301}e\x{301}e\x{301}e\x{301}e\x{301}e\x{301}e\x{301}e\x{301}e\x{301}e\x{301}e\x{301} e\x{301}e\x{301}e\x{301}e\x{301}e\x{301}e\x{301}e\x{301}e\x{301}e\x{301}e\x{301}e\x{301}e\x{301}e\x{301}e\x{301}e\x{301}e\x{301}e\x{301}e\x{301}e\x{301}e\x{301}e\x{301}e\x{301}"
          text run at (1055,480) width 1: " "
          text run at (0,495) width 1056: "e\x{301}e\x{301}e\x{301}e\x{301}e\x{301}e\x{301}e\x{301}e\x{301}e\x{301}e\x{301}e\x{301}e\x{301}e\x{301}e\x{301}e\x{301}e\x{301}e\x{301}e\x{301}e\x{301}e\x{301}e\x{301}e\x{301}e\x{301}e\x{301}e\x{301}e\x{301}e\x{301}e\x{301}e\x{301}e\x{301}e\x{301}e\x{301} e\x{301} e\x{301}e\x{301}e\x{301}e\x{301}e\x{301}e\x{301}e\x{301}e\x{301}e\x{301}e\x{301}e\x{301}e\x{301}e\x{301}e\x{301}e\x{301}e\x{301}e\x{301}e\x{301}e\x{301}e\x{301}e\x{301}e\x{301}e\x{301}e\x{301}e\x{301}e\x{301}e\x{301}e\x{301}e\x{301}e\x{301}e\x{301}e\x{301}e\x{301}e\x{301}e\x{301}e\x{301}e\x{301}e\x{301}e\x{301}e\x{301}e\x{301}e\x{301}e\x{301} e\x{301}e\x{301}e\x{301}e\x{301}e\x{301}e\x{301}e\x{301}e\x{301}e\x{301}e\x{301}e\x{301}e\x{301}e\x{301}e\x{301}e\x{301}e\x{301}e\x{301}e\x{301}e\x{301}e\x{301}e\x{301}e\x{301}e\x{301}e\x{301}e\x{301}e\x{301}e\x{301}e\x{301}e\x{301}e\x{301} e\x{301}e\x{301}e\x{301}e\x{301}e\x{301}e\x{301}e\x{301}e\x{301}e\x{301}e\x{301}e\x{301}e\x{301}e\x{301}e\x{301}e\x{301}e\x{301}e\x{301}e\x{301}e\x{301}e\x{301}e\x{301}e\x{301}"
          text run at (1055,495) width 1: " "
          text run at (0,510) width 1056: "e\x{301}e\x{301}e\x{301}e\x{301}e\x{301}e\x{301}e\x{301}e\x{301}e\x{301}e\x{301}e\x{301}e\x{301}e\x{301}e\x{301}e\x{301}e\x{301}e\x{301}e\x{301}e\x{301}e\x{301}e\x{301}e\x{301}e\x{301}e\x{301}e\x{301}e\x{301}e\x{301}e\x{301}e\x{301}e\x{301}e\x{301}e\x{301} e\x{301} e\x{301}e\x{301}e\x{301}e\x{301}e\x{301}e\x{301}e\x{301}e\x{301}e\x{301}e\x{301}e\x{301}e\x{301}e\x{301}e\x{301}e\x{301}e\x{301}e\x{301}e\x{301}e\x{301}e\x{301}e\x{301}e\x{301}e\x{301}e\x{301}e\x{301}e\x{301}e\x{301}e\x{301}e\x{301}e\x{301}e\x{301}e\x{301}e\x{301}e\x{301}e\x{301}e\x{301}e\x{301}e\x{301}e\x{301}e\x{301}e\x{301}e\x{301}e\x{301} e\x{301}e\x{301}e\x{301}e\x{301}e\x{301}e\x{301}e\x{301}e\x{301}e\x{301}e\x{301}e\x{301}e\x{301}e\x{301}e\x{301}e\x{301}e\x{301}e\x{301}e\x{301}e\x{301}e\x{301}e\x{301}e\x{301}e\x{301}e\x{301}e\x{301}e\x{301}e\x{301}e\x{301}e\x{301}e\x{301} e\x{301}e\x{301}e\x{301}e\x{301}e\x{301}e\x{301}e\x{301}e\x{301}e\x{301}e\x{301}e\x{301}e\x{301}e\x{301}e\x{301}e\x{301}e\x{301}e\x{301}e\x{301}e\x{301}e\x{301}e\x{301}e\x{301}"
          text run at (1055,510) width 1: " "
          text run at (0,525) width 1056: "e\x{301}e\x{301}e\x{301}e\x{301}e\x{301}e\x{301}e\x{301}e\x{301}e\x{301}e\x{301}e\x{301}e\x{301}e\x{301}e\x{301}e\x{301}e\x{301}e\x{301}e\x{301}e\x{301}e\x{301}e\x{301}e\x{301}e\x{301}e\x{301}e\x{301}e\x{301}e\x{301}e\x{301}e\x{301}e\x{301}e\x{301}e\x{301} e\x{301} e\x{301}e\x{301}e\x{301}e\x{301}e\x{301}e\x{301}e\x{301}e\x{301}e\x{301}e\x{301}e\x{301}e\x{301}e\x{301}e\x{301}e\x{301}e\x{301}e\x{301}e\x{301}e\x{301}e\x{301}e\x{301}e\x{301}e\x{301}e\x{301}e\x{301}e\x{301}e\x{301}e\x{301}e\x{301}e\x{301}e\x{301}e\x{301}e\x{301}e\x{301}e\x{301}e\x{301}e\x{301}e\x{301}e\x{301}e\x{301}e\x{301}e\x{301}e\x{301} e\x{301}e\x{301}e\x{301}e\x{301}e\x{301}e\x{301}e\x{301}e\x{301}e\x{301}e\x{301}e\x{301}e\x{301}e\x{301}e\x{301}e\x{301}e\x{301}e\x{301}e\x{301}e\x{301}e\x{301}e\x{301}e\x{301}e\x{301}e\x{301}e\x{301}e\x{301}e\x{301}e\x{301}e\x{301}e\x{301} e\x{301}e\x{301}e\x{301}e\x{301}e\x{301}e\x{301}e\x{301}e\x{301}e\x{301}e\x{301}e\x{301}e\x{301}e\x{301}e\x{301}e\x{301}e\x{301}e\x{301}e\x{301}e\x{301}e\x{301}e\x{301}e\x{301}"
          text run at (1055,525) width 1: " "
          text run at (0,540) width 1056: "e\x{301}e\x{301}e\x{301}e\x{301}e\x{301}e\x{301}e\x{301}e\x{301}e\x{301}e\x{301}e\x{301}e\x{301}e\x{301}e\x{301}e\x{301}e\x{301}e\x{301}e\x{301}e\x{301}e\x{301}e\x{301}e\x{301}e\x{301}e\x{301}e\x{301}e\x{301}e\x{301}e\x{301}e\x{301}e\x{301}e\x{301}e\x{301} e\x{301} e\x{301}e\x{301}e\x{301}e\x{301}e\x{301}e\x{301}e\x{301}e\x{301}e\x{301}e\x{301}e\x{301}e\x{301}e\x{301}e\x{301}e\x{301}e\x{301}e\x{301}e\x{301}e\x{301}e\x{301}e\x{301}e\x{301}e\x{301}e\x{301}e\x{301}e\x{301}e\x{301}e\x{301}e\x{301}e\x{301}e\x{301}e\x{301}e\x{301}e\x{301}e\x{301}e\x{301}e\x{301}e\x{301}e\x{301}e\x{301}e\x{301}e\x{301}e\x{301} e\x{301}e\x{301}e\x{301}e\x{301}e\x{301}e\x{301}e\x{301}e\x{301}e\x{301}e\x{301}e\x{301}e\x{301}e\x{301}e\x{301}e\x{301}e\x{301}e\x{301}e\x{301}e\x{301}e\x{301}e\x{301}e\x{301}e\x{301}e\x{301}e\x{301}e\x{301}e\x{301}e\x{301}e\x{301}e\x{301} e\x{301}e\x{301}e\x{301}e\x{301}e\x{301}e\x{301}e\x{301}e\x{301}e\x{301}e\x{301}e\x{301}e\x{301}e\x{301}e\x{301}e\x{301}e\x{301}e\x{301}e\x{301}e\x{301}e\x{301}e\x{301}e\x{301}"
          text run at (1055,540) width 1: " "
          text run at (0,555) width 1056: "e\x{301}e\x{301}e\x{301}e\x{301}e\x{301}e\x{301}e\x{301}e\x{301}e\x{301}e\x{301}e\x{301}e\x{301}e\x{301}e\x{301}e\x{301}e\x{301}e\x{301}e\x{301}e\x{301}e\x{301}e\x{301}e\x{301}e\x{301}e\x{301}e\x{301}e\x{301}e\x{301}e\x{301}e\x{301}e\x{301}e\x{301}e\x{301} e\x{301} e\x{301}e\x{301}e\x{301}e\x{301}e\x{301}e\x{301}e\x{301}e\x{301}e\x{301}e\x{301}e\x{301}e\x{301}e\x{301}e\x{301}e\x{301}e\x{301}e\x{301}e\x{301}e\x{301}e\x{301}e\x{301}e\x{301}e\x{301}e\x{301}e\x{301}e\x{301}e\x{301}e\x{301}e\x{301}e\x{301}e\x{301}e\x{301}e\x{301}e\x{301}e\x{301}e\x{301}e\x{301}e\x{301}e\x{301}e\x{301}e\x{301}e\x{301}e\x{301} e\x{301}e\x{301}e\x{301}e\x{301}e\x{301}e\x{301}e\x{301}e\x{301}e\x{301}e\x{301}e\x{301}e\x{301}e\x{301}e\x{301}e\x{301}e\x{301}e\x{301}e\x{301}e\x{301}e\x{301}e\x{301}e\x{301}e\x{301}e\x{301}e\x{301}e\x{301}e\x{301}e\x{301}e\x{301}e\x{301} e\x{301}e\x{301}e\x{301}e\x{301}e\x{301}e\x{301}e\x{301}e\x{301}e\x{301}e\x{301}e\x{301}e\x{301}e\x{301}e\x{301}e\x{301}e\x{301}e\x{301}e\x{301}e\x{301}e\x{301}e\x{301}e\x{301}"
          text run at (1055,555) width 1: " "
          text run at (0,570) width 1056: "e\x{301}e\x{301}e\x{301}e\x{301}e\x{301}e\x{301}e\x{301}e\x{301}e\x{301}e\x{301}e\x{301}e\x{301}e\x{301}e\x{301}e\x{301}e\x{301}e\x{301}e\x{301}e\x{301}e\x{301}e\x{301}e\x{301}e\x{301}e\x{301}e\x{301}e\x{301}e\x{301}e\x{301}e\x{301}e\x{301}e\x{301}e\x{301} e\x{301} e\x{301}e\x{301}e\x{301}e\x{301}e\x{301}e\x{301}e\x{301}e\x{301}e\x{301}e\x{301}e\x{301}e\x{301}e\x{301}e\x{301}e\x{301}e\x{301}e\x{301}e\x{301}e\x{301}e\x{301}e\x{301}e\x{301}e\x{301}e\x{301}e\x{301}e\x{301}e\x{301}e\x{301}e\x{301}e\x{301}e\x{301}e\x{301}e\x{301}e\x{301}e\x{301}e\x{301}e\x{301}e\x{301}e\x{301}e\x{301}e\x{301}e\x{301}e\x{301} e\x{301}e\x{301}e\x{301}e\x{301}e\x{301}e\x{301}e\x{301}e\x{301}e\x{301}e\x{301}e\x{301}e\x{301}e\x{301}e\x{301}e\x{301}e\x{301}e\x{301}e\x{301}e\x{301}e\x{301}e\x{301}e\x{301}e\x{301}e\x{301}e\x{301}e\x{301}e\x{301}e\x{301}e\x{301}e\x{301} e\x{301}e\x{301}e\x{301}e\x{301}e\x{301}e\x{301}e\x{301}e\x{301}e\x{301}e\x{301}e\x{301}e\x{301}e\x{301}e\x{301}e\x{301}e\x{301}e\x{301}e\x{301}e\x{301}e\x{301}e\x{301}e\x{301}"
          text run at (1055,570) width 1: " "
          text run at (0,585) width 1056: "e\x{301}e\x{301}e\x{301}e\x{301}e\x{301}e\x{301}e\x{301}e\x{301}e\x{301}e\x{301}e\x{301}e\x{301}e\x{301}e\x{301}e\x{301}e\x{301}e\x{301}e\x{301}e\x{301}e\x{301}e\x{301}e\x{301}e\x{301}e\x{301}e\x{301}e\x{301}e\x{301}e\x{301}e\x{301}e\x{301}e\x{301}e\x{301} e\x{301} e\x{301}e\x{301}e\x{301}e\x{301}e\x{301}e\x{301}e\x{301}e\x{301}e\x{301}e\x{301}e\x{301}e\x{301}e\x{301}e\x{301}e\x{301}e\x{301}e\x{301}e\x{301}e\x{301}e\x{301}e\x{301}e\x{301}e\x{301}e\x{301}e\x{301}e\x{301}e\x{301}e\x{301}e\x{301}e\x{301}e\x{301}e\x{301}e\x{301}e\x{301}e\x{301}e\x{301}e\x{301}e\x{301}e\x{301}e\x{301}e\x{301}e\x{301}e\x{301} e\x{301}e\x{301}e\x{301}e\x{301}e\x{301}e\x{301}e\x{301}e\x{301}e\x{301}e\x{301}e\x{301}e\x{301}e\x{301}e\x{301}e\x{301}e\x{301}e\x{301}e\x{301}e\x{301}e\x{301}e\x{301}e\x{301}e\x{301}e\x{301}e\x{301}e\x{301}e\x{301}e\x{301}e\x{301}e\x{301} e\x{301}e\x{301}e\x{301}e\x{301}e\x{301}e\x{301}e\x{301}e\x{301}e\x{301}e\x{301}e\x{301}e\x{301}e\x{301}e\x{301}e\x{301}e\x{301}e\x{301}e\x{301}e\x{301}e\x{301}e\x{301}e\x{301}"
          text run at (1055,585) width 1: " "
          text run at (0,600) width 1056: "e\x{301}e\x{301}e\x{301}e\x{301}e\x{301}e\x{301}e\x{301}e\x{301}e\x{301}e\x{301}e\x{301}e\x{301}e\x{301}e\x{301}e\x{301}e\x{301}e\x{301}e\x{301}e\x{301}e\x{301}e\x{301}e\x{301}e\x{301}e\x{301}e\x{301}e\x{301}e\x{301}e\x{301}e\x{301}e\x{301}e\x{301}e\x{301} e\x{301} e\x{301}e\x{301}e\x{301}e\x{301}e\x{301}e\x{301}e\x{301}e\x{301}e\x{301}e\x{301}e\x{301}e\x{301}e\x{301}e\x{301}e\x{301}e\x{301}e\x{301}e\x{301}e\x{301}e\x{301}e\x{301}e\x{301}e\x{301}e\x{301}e\x{301}e\x{301}e\x{301}e\x{301}e\x{301}e\x{301}e\x{301}e\x{301}e\x{301}e\x{301}e\x{301}e\x{301}e\x{301}e\x{301}e\x{301}e\x{301}e\x{301}e\x{301}e\x{301} e\x{301}e\x{301}e\x{301}e\x{301}e\x{301}e\x{301}e\x{301}e\x{301}e\x{301}e\x{301}e\x{301}e\x{301}e\x{301}e\x{301}e\x{301}e\x{301}e\x{301}e\x{301}e\x{301}e\x{301}e\x{301}e\x{301}e\x{301}e\x{301}e\x{301}e\x{301}e\x{301}e\x{301}e\x{301}e\x{301} e\x{301}e\x{301}e\x{301}e\x{301}e\x{301}e\x{301}e\x{301}e\x{301}e\x{301}e\x{301}e\x{301}e\x{301}e\x{301}e\x{301}e\x{301}e\x{301}e\x{301}e\x{301}e\x{301}e\x{301}e\x{301}e\x{301}"
          text run at (1055,600) width 1: " "
          text run at (0,615) width 1056: "e\x{301}e\x{301}e\x{301}e\x{301}e\x{301}e\x{301}e\x{301}e\x{301}e\x{301}e\x{301}e\x{301}e\x{301}e\x{301}e\x{301}e\x{301}e\x{301}e\x{301}e\x{301}e\x{301}e\x{301}e\x{301}e\x{301}e\x{301}e\x{301}e\x{301}e\x{301}e\x{301}e\x{301}e\x{301}e\x{301}e\x{301}e\x{301} e\x{301} e\x{301}e\x{301}e\x{301}e\x{301}e\x{301}e\x{301}e\x{301}e\x{301}e\x{301}e\x{301}e\x{301}e\x{301}e\x{301}e\x{301}e\x{301}e\x{301}e\x{301}e\x{301}e\x{301}e\x{301}e\x{301}e\x{301}e\x{301}e\x{301}e\x{301}e\x{301}e\x{301}e\x{301}e\x{301}e\x{301}e\x{301}e\x{301}e\x{301}e\x{301}e\x{301}e\x{301}e\x{301}e\x{301}e\x{301}e\x{301}e\x{301}e\x{301}e\x{301} e\x{301}e\x{301}e\x{301}e\x{301}e\x{301}e\x{301}e\x{301}e\x{301}e\x{301}e\x{301}e\x{301}e\x{301}e\x{301}e\x{301}e\x{301}e\x{301}e\x{301}e\x{301}e\x{301}e\x{301}e\x{301}e\x{301}e\x{301}e\x{301}e\x{301}e\x{301}e\x{301}e\x{301}e\x{301}e\x{301} e\x{301}e\x{301}e\x{301}e\x{301}e\x{301}e\x{301}e\x{301}e\x{301}e\x{301}e\x{301}e\x{301}e\x{301}e\x{301}e\x{301}e\x{301}e\x{301}e\x{301}e\x{301}e\x{301}e\x{301}e\x{301}e\x{301}"
          text run at (1055,615) width 1: " "
          text run at (0,630) width 1056: "e\x{301}e\x{301}e\x{301}e\x{301}e\x{301}e\x{301}e\x{301}e\x{301}e\x{301}e\x{301}e\x{301}e\x{301}e\x{301}e\x{301}e\x{301}e\x{301}e\x{301}e\x{301}e\x{301}e\x{301}e\x{301}e\x{301}e\x{301}e\x{301}e\x{301}e\x{301}e\x{301}e\x{301}e\x{301}e\x{301}e\x{301}e\x{301} e\x{301} e\x{301}e\x{301}e\x{301}e\x{301}e\x{301}e\x{301}e\x{301}e\x{301}e\x{301}e\x{301}e\x{301}e\x{301}e\x{301}e\x{301}e\x{301}e\x{301}e\x{301}e\x{301}e\x{301}e\x{301}e\x{301}e\x{301}e\x{301}e\x{301}e\x{301}e\x{301}e\x{301}e\x{301}e\x{301}e\x{301}e\x{301}e\x{301}e\x{301}e\x{301}e\x{301}e\x{301}e\x{301}e\x{301}e\x{301}e\x{301}e\x{301}e\x{301}e\x{301} e\x{301}e\x{301}e\x{301}e\x{301}e\x{301}e\x{301}e\x{301}e\x{301}e\x{301}e\x{301}e\x{301}e\x{301}e\x{301}e\x{301}e\x{301}e\x{301}e\x{301}e\x{301}e\x{301}e\x{301}e\x{301}e\x{301}e\x{301}e\x{301}e\x{301}e\x{301}e\x{301}e\x{301}e\x{301}e\x{301} e\x{301}e\x{301}e\x{301}e\x{301}e\x{301}e\x{301}e\x{301}e\x{301}e\x{301}e\x{301}e\x{301}e\x{301}e\x{301}e\x{301}e\x{301}e\x{301}e\x{301}e\x{301}e\x{301}e\x{301}e\x{301}e\x{301}"
          text run at (1055,630) width 1: " "
          text run at (0,645) width 1056: "e\x{301}e\x{301}e\x{301}e\x{301}e\x{301}e\x{301}e\x{301}e\x{301}e\x{301}e\x{301}e\x{301}e\x{301}e\x{301}e\x{301}e\x{301}e\x{301}e\x{301}e\x{301}e\x{301}e\x{301}e\x{301}e\x{301}e\x{301}e\x{301}e\x{301}e\x{301}e\x{301}e\x{301}e\x{301}e\x{301}e\x{301}e\x{301} e\x{301} e\x{301}e\x{301}e\x{301}e\x{301}e\x{301}e\x{301}e\x{301}e\x{301}e\x{301}e\x{301}e\x{301}e\x{301}e\x{301}e\x{301}e\x{301}e\x{301}e\x{301}e\x{301}e\x{301}e\x{301}e\x{301}e\x{301}e\x{301}e\x{301}e\x{301}e\x{301}e\x{301}e\x{301}e\x{301}e\x{301}e\x{301}e\x{301}e\x{301}e\x{301}e\x{301}e\x{301}e\x{301}e\x{301}e\x{301}e\x{301}e\x{301}e\x{301}e\x{301} e\x{301}e\x{301}e\x{301}e\x{301}e\x{301}e\x{301}e\x{301}e\x{301}e\x{301}e\x{301}e\x{301}e\x{301}e\x{301}e\x{301}e\x{301}e\x{301}e\x{301}e\x{301}e\x{301}e\x{301}e\x{301}e\x{301}e\x{301}e\x{301}e\x{301}e\x{301}e\x{301}e\x{301}e\x{301}e\x{301} e\x{301}e\x{301}e\x{301}e\x{301}e\x{301}e\x{301}e\x{301}e\x{301}e\x{301}e\x{301}e\x{301}e\x{301}e\x{301}e\x{301}e\x{301}e\x{301}e\x{301}e\x{301}e\x{301}e\x{301}e\x{301}e\x{301}"
          text run at (1055,645) width 1: " "
          text run at (0,660) width 1056: "e\x{301}e\x{301}e\x{301}e\x{301}e\x{301}e\x{301}e\x{301}e\x{301}e\x{301}e\x{301}e\x{301}e\x{301}e\x{301}e\x{301}e\x{301}e\x{301}e\x{301}e\x{301}e\x{301}e\x{301}e\x{301}e\x{301}e\x{301}e\x{301}e\x{301}e\x{301}e\x{301}e\x{301}e\x{301}e\x{301}e\x{301}e\x{301} e\x{301} e\x{301}e\x{301}e\x{301}e\x{301}e\x{301}e\x{301}e\x{301}e\x{301}e\x{301}e\x{301}e\x{301}e\x{301}e\x{301}e\x{301}e\x{301}e\x{301}e\x{301}e\x{301}e\x{301}e\x{301}e\x{301}e\x{301}e\x{301}e\x{301}e\x{301}e\x{301}e\x{301}e\x{301}e\x{301}e\x{301}e\x{301}e\x{301}e\x{301}e\x{301}e\x{301}e\x{301}e\x{301}e\x{301}e\x{301}e\x{301}e\x{301}e\x{301}e\x{301} e\x{301}e\x{301}e\x{301}e\x{301}e\x{301}e\x{301}e\x{301}e\x{301}e\x{301}e\x{301}e\x{301}e\x{301}e\x{301}e\x{301}e\x{301}e\x{301}e\x{301}e\x{301}e\x{301}e\x{301}e\x{301}e\x{301}e\x{301}e\x{301}e\x{301}e\x{301}e\x{301}e\x{301}e\x{301}e\x{301} e\x{301}e\x{301}e\x{301}e\x{301}e\x{301}e\x{301}e\x{301}e\x{301}e\x{301}e\x{301}e\x{301}e\x{301}e\x{301}e\x{301}e\x{301}e\x{301}e\x{301}e\x{301}e\x{301}e\x{301}e\x{301}e\x{301}"
          text run at (1055,660) width 1: " "
          text run at (0,675) width 1056: "e\x{301}e\x{301}e\x{301}e\x{301}e\x{301}e\x{301}e\x{301}e\x{301}e\x{301}e\x{301}e\x{301}e\x{301}e\x{301}e\x{301}e\x{301}e\x{301}e\x{301}e\x{301}e\x{301}e\x{301}e\x{301}e\x{301}e\x{301}e\x{301}e\x{301}e\x{301}e\x{301}e\x{301}e\x{301}e\x{301}e\x{301}e\x{301} e\x{301} e\x{301}e\x{301}e\x{301}e\x{301}e\x{301}e\x{301}e\x{301}e\x{301}e\x{301}e\x{301}e\x{301}e\x{301}e\x{301}e\x{301}e\x{301}e\x{301}e\x{301}e\x{301}e\x{301}e\x{301}e\x{301}e\x{301}e\x{301}e\x{301}e\x{301}e\x{301}e\x{301}e\x{301}e\x{301}e\x{301}e\x{301}e\x{301}e\x{301}e\x{301}e\x{301}e\x{301}e\x{301}e\x{301}e\x{301}e\x{301}e\x{301}e\x{301}e\x{301} e\x{301}e\x{301}e\x{301}e\x{301}e\x{301}e\x{301}e\x{301}e\x{301}e\x{301}e\x{301}e\x{301}e\x{301}e\x{301}e\x{301}e\x{301}e\x{301}e\x{301}e\x{301}e\x{301}e\x{301}e\x{301}e\x{301}e\x{301}e\x{301}e\x{301}e\x{301}e\x{301}e\x{301}e\x{301}e\x{301} e\x{301}e\x{301}e\x{301}e\x{301}e\x{301}e\x{301}e\x{301}e\x{301}e\x{301}e\x{301}e\x{301}e\x{301}e\x{301}e\x{301}e\x{301}e\x{301}e\x{301}e\x{301}e\x{301}e\x{301}e\x{301}e\x{301}"
          text run at (1055,675) width 1: " "
          text run at (0,690) width 1056: "e\x{301}e\x{301}e\x{301}e\x{301}e\x{301}e\x{301}e\x{301}e\x{301}e\x{301}e\x{301}e\x{301}e\x{301}e\x{301}e\x{301}e\x{301}e\x{301}e\x{301}e\x{301}e\x{301}e\x{301}e\x{301}e\x{301}e\x{301}e\x{301}e\x{301}e\x{301}e\x{301}e\x{301}e\x{301}e\x{301}e\x{301}e\x{301} e\x{301} e\x{301}e\x{301}e\x{301}e\x{301}e\x{301}e\x{301}e\x{301}e\x{301}e\x{301}e\x{301}e\x{301}e\x{301}e\x{301}e\x{301}e\x{301}e\x{301}e\x{301}e\x{301}e\x{301}e\x{301}e\x{301}e\x{301}e\x{301}e\x{301}e\x{301}e\x{301}e\x{301}e\x{301}e\x{301}e\x{301}e\x{301}e\x{301}e\x{301}e\x{301}e\x{301}e\x{301}e\x{301}e\x{301}e\x{301}e\x{301}e\x{301}e\x{301}e\x{301} e\x{301}e\x{301}e\x{301}e\x{301}e\x{301}e\x{301}e\x{301}e\x{301}e\x{301}e\x{301}e\x{301}e\x{301}e\x{301}e\x{301}e\x{301}e\x{301}e\x{301}e\x{301}e\x{301}e\x{301}e\x{301}e\x{301}e\x{301}e\x{301}e\x{301}e\x{301}e\x{301}e\x{301}e\x{301}e\x{301} e\x{301}e\x{301}e\x{301}e\x{301}e\x{301}e\x{301}e\x{301}e\x{301}e\x{301}e\x{301}e\x{301}e\x{301}e\x{301}e\x{301}e\x{301}e\x{301}e\x{301}e\x{301}e\x{301}e\x{301}e\x{301}e\x{301}"
          text run at (1055,690) width 1: " "
          text run at (0,705) width 1056: "e\x{301}e\x{301}e\x{301}e\x{301}e\x{301}e\x{301}e\x{301}e\x{301}e\x{301}e\x{301}e\x{301}e\x{301}e\x{301}e\x{301}e\x{301}e\x{301}e\x{301}e\x{301}e\x{301}e\x{301}e\x{301}e\x{301}e\x{301}e\x{301}e\x{301}e\x{301}e\x{301}e\x{301}e\x{301}e\x{301}e\x{301}e\x{301} e\x{301} e\x{301}e\x{301}e\x{301}e\x{301}e\x{301}e\x{301}e\x{301}e\x{301}e\x{301}e\x{301}e\x{301}e\x{301}e\x{301}e\x{301}e\x{301}e\x{301}e\x{301}e\x{301}e\x{301}e\x{301}e\x{301}e\x{301}e\x{301}e\x{301}e\x{301}e\x{301}e\x{301}e\x{301}e\x{301}e\x{301}e\x{301}e\x{301}e\x{301}e\x{301}e\x{301}e\x{301}e\x{301}e\x{301}e\x{301}e\x{301}e\x{301}e\x{301}e\x{301} e\x{301}e\x{301}e\x{301}e\x{301}e\x{301}e\x{301}e\x{301}e\x{301}e\x{301}e\x{301}e\x{301}e\x{301}e\x{301}e\x{301}e\x{301}e\x{301}e\x{301}e\x{301}e\x{301}e\x{301}e\x{301}e\x{301}e\x{301}e\x{301}e\x{301}e\x{301}e\x{301}e\x{301}e\x{301}e\x{301} e\x{301}e\x{301}e\x{301}e\x{301}e\x{301}e\x{301}e\x{301}e\x{301}e\x{301}e\x{301}e\x{301}e\x{301}e\x{301}e\x{301}e\x{301}e\x{301}e\x{301}e\x{301}e\x{301}e\x{301}e\x{301}e\x{301}"
          text run at (1055,705) width 1: " "
          text run at (0,720) width 1056: "e\x{301}e\x{301}e\x{301}e\x{301}e\x{301}e\x{301}e\x{301}e\x{301}e\x{301}e\x{301}e\x{301}e\x{301}e\x{301}e\x{301}e\x{301}e\x{301}e\x{301}e\x{301}e\x{301}e\x{301}e\x{301}e\x{301}e\x{301}e\x{301}e\x{301}e\x{301}e\x{301}e\x{301}e\x{301}e\x{301}e\x{301}e\x{301} e\x{301} e\x{301}e\x{301}e\x{301}e\x{301}e\x{301}e\x{301}e\x{301}e\x{301}e\x{301}e\x{301}e\x{301}e\x{301}e\x{301}e\x{301}e\x{301}e\x{301}e\x{301}e\x{301}e\x{301}e\x{301}e\x{301}e\x{301}e\x{301}e\x{301}e\x{301}e\x{301}e\x{301}e\x{301}e\x{301}e\x{301}e\x{301}e\x{301}e\x{301}e\x{301}e\x{301}e\x{301}e\x{301}e\x{301}e\x{301}e\x{301}e\x{301}e\x{301}e\x{301} e\x{301}e\x{301}e\x{301}e\x{301}e\x{301}e\x{301}e\x{301}e\x{301}e\x{301}e\x{301}e\x{301}e\x{301}e\x{301}e\x{301}e\x{301}e\x{301}e\x{301}e\x{301}e\x{301}e\x{301}e\x{301}e\x{301}e\x{301}e\x{301}e\x{301}e\x{301}e\x{301}e\x{301}e\x{301}e\x{301} e\x{301}e\x{301}e\x{301}e\x{301}e\x{301}e\x{301}e\x{301}e\x{301}e\x{301}e\x{301}e\x{301}e\x{301}e\x{301}e\x{301}e\x{301}e\x{301}e\x{301}e\x{301}e\x{301}e\x{301}e\x{301}e\x{301}"
          text run at (1055,720) width 1: " "
          text run at (0,735) width 1056: "e\x{301}e\x{301}e\x{301}e\x{301}e\x{301}e\x{301}e\x{301}e\x{301}e\x{301}e\x{301}e\x{301}e\x{301}e\x{301}e\x{301}e\x{301}e\x{301}e\x{301}e\x{301}e\x{301}e\x{301}e\x{301}e\x{301}e\x{301}e\x{301}e\x{301}e\x{301}e\x{301}e\x{301}e\x{301}e\x{301}e\x{301}e\x{301} e\x{301} e\x{301}e\x{301}e\x{301}e\x{301}e\x{301}e\x{301}e\x{301}e\x{301}e\x{301}e\x{301}e\x{301}e\x{301}e\x{301}e\x{301}e\x{301}e\x{301}e\x{301}e\x{301}e\x{301}e\x{301}e\x{301}e\x{301}e\x{301}e\x{301}e\x{301}e\x{301}e\x{301}e\x{301}e\x{301}e\x{301}e\x{301}e\x{301}e\x{301}e\x{301}e\x{301}e\x{301}e\x{301}e\x{301}e\x{301}e\x{301}e\x{301}e\x{301}e\x{301} e\x{301}e\x{301}e\x{301}e\x{301}e\x{301}e\x{301}e\x{301}e\x{301}e\x{301}e\x{301}e\x{301}e\x{301}e\x{301}e\x{301}e\x{301}e\x{301}e\x{301}e\x{301}e\x{301}e\x{301}e\x{301}e\x{301}e\x{301}e\x{301}e\x{301}e\x{301}e\x{301}e\x{301}e\x{301}e\x{301} e\x{301}e\x{301}e\x{301}e\x{301}e\x{301}e\x{301}e\x{301}e\x{301}e\x{301}e\x{301}e\x{301}e\x{301}e\x{301}e\x{301}e\x{301}e\x{301}e\x{301}e\x{301}e\x{301}e\x{301}e\x{301}e\x{301}"
          text run at (1055,735) width 1: " "
          text run at (0,750) width 1056: "e\x{301}e\x{301}e\x{301}e\x{301}e\x{301}e\x{301}e\x{301}e\x{301}e\x{301}e\x{301}e\x{301}e\x{301}e\x{301}e\x{301}e\x{301}e\x{301}e\x{301}e\x{301}e\x{301}e\x{301}e\x{301}e\x{301}e\x{301}e\x{301}e\x{301}e\x{301}e\x{301}e\x{301}e\x{301}e\x{301}e\x{301}e\x{301} e\x{301} e\x{301}e\x{301}e\x{301}e\x{301}e\x{301}e\x{301}e\x{301}e\x{301}e\x{301}e\x{301}e\x{301}e\x{301}e\x{301}e\x{301}e\x{301}e\x{301}e\x{301}e\x{301}e\x{301}e\x{301}e\x{301}e\x{301}e\x{301}e\x{301}e\x{301}e\x{301}e\x{301}e\x{301}e\x{301}e\x{301}e\x{301}e\x{301}e\x{301}e\x{301}e\x{301}e\x{301}e\x{301}e\x{301}e\x{301}e\x{301}e\x{301}e\x{301}e\x{301} e\x{301}e\x{301}e\x{301}e\x{301}e\x{301}e\x{301}e\x{301}e\x{301}e\x{301}e\x{301}e\x{301}e\x{301}e\x{301}e\x{301}e\x{301}e\x{301}e\x{301}e\x{301}e\x{301}e\x{301}e\x{301}e\x{301}e\x{301}e\x{301}e\x{301}e\x{301}e\x{301}e\x{301}e\x{301}e\x{301} e\x{301}e\x{301}e\x{301}e\x{301}e\x{301}e\x{301}e\x{301}e\x{301}e\x{301}e\x{301}e\x{301}e\x{301}e\x{301}e\x{301}e\x{301}e\x{301}e\x{301}e\x{301}e\x{301}e\x{301}e\x{301}e\x{301}"
          text run at (1055,750) width 1: " "
          text run at (0,765) width 1056: "e\x{301}e\x{301}e\x{301}e\x{301}e\x{301}e\x{301}e\x{301}e\x{301}e\x{301}e\x{301}e\x{301}e\x{301}e\x{301}e\x{301}e\x{301}e\x{301}e\x{301}e\x{301}e\x{301}e\x{301}e\x{301}e\x{301}e\x{301}e\x{301}e\x{301}e\x{301}e\x{301}e\x{301}e\x{301}e\x{301}e\x{301}e\x{301} e\x{301} e\x{301}e\x{301}e\x{301}e\x{301}e\x{301}e\x{301}e\x{301}e\x{301}e\x{301}e\x{301}e\x{301}e\x{301}e\x{301}e\x{301}e\x{301}e\x{301}e\x{301}e\x{301}e\x{301}e\x{301}e\x{301}e\x{301}e\x{301}e\x{301}e\x{301}e\x{301}e\x{301}e\x{301}e\x{301}e\x{301}e\x{301}e\x{301}e\x{301}e\x{301}e\x{301}e\x{301}e\x{301}e\x{301}e\x{301}e\x{301}e\x{301}e\x{301}e\x{301} e\x{301}e\x{301}e\x{301}e\x{301}e\x{301}e\x{301}e\x{301}e\x{301}e\x{301}e\x{301}e\x{301}e\x{301}e\x{301}e\x{301}e\x{301}e\x{301}e\x{301}e\x{301}e\x{301}e\x{301}e\x{301}e\x{301}e\x{301}e\x{301}e\x{301}e\x{301}e\x{301}e\x{301}e\x{301}e\x{301} e\x{301}e\x{301}e\x{301}e\x{301}e\x{301}e\x{301}e\x{301}e\x{301}e\x{301}e\x{301}e\x{301}e\x{301}e\x{301}e\x{301}e\x{301}e\x{301}e\x{301}e\x{301}e\x{301}e\x{301}e\x{301}e\x{301}"
          text run at (1055,765) width 1: " "
          text run at (0,780) width 1056: "e\x{301}e\x{301}e\x{301}e\x{301}e\x{301}e\x{301}e\x{301}e\x{301}e\x{301}e\x{301}e\x{301}e\x{301}e\x{301}e\x{301}e\x{301}e\x{301}e\x{301}e\x{301}e\x{301}e\x{301}e\x{301}e\x{301}e\x{301}e\x{301}e\x{301}e\x{301}e\x{301}e\x{301}e\x{301}e\x{301}e\x{301}e\x{301} e\x{301} e\x{301}e\x{301}e\x{301}e\x{301}e\x{301}e\x{301}e\x{301}e\x{301}e\x{301}e\x{301}e\x{301}e\x{301}e\x{301}e\x{301}e\x{301}e\x{301}e\x{301}e\x{301}e\x{301}e\x{301}e\x{301}e\x{301}e\x{301}e\x{301}e\x{301}e\x{301}e\x{301}e\x{301}e\x{301}e\x{301}e\x{301}e\x{301}e\x{301}e\x{301}e\x{301}e\x{301}e\x{301}e\x{301}e\x{301}e\x{301}e\x{301}e\x{301}e\x{301} e\x{301}e\x{301}e\x{301}e\x{301}e\x{301}e\x{301}e\x{301}e\x{301}e\x{301}e\x{301}e\x{301}e\x{301}e\x{301}e\x{301}e\x{301}e\x{301}e\x{301}e\x{301}e\x{301}e\x{301}e\x{301}e\x{301}e\x{301}e\x{301}e\x{301}e\x{301}e\x{301}e\x{301}e\x{301}e\x{301} e\x{301}e\x{301}e\x{301}e\x{301}e\x{301}e\x{301}e\x{301}e\x{301}e\x{301}e\x{301}e\x{301}e\x{301}e\x{301}e\x{301}e\x{301}e\x{301}e\x{301}e\x{301}e\x{301}e\x{301}e\x{301}e\x{301}"
          text run at (1055,780) width 1: " "
          text run at (0,795) width 1056: "e\x{301}e\x{301}e\x{301}e\x{301}e\x{301}e\x{301}e\x{301}e\x{301}e\x{301}e\x{301}e\x{301}e\x{301}e\x{301}e\x{301}e\x{301}e\x{301}e\x{301}e\x{301}e\x{301}e\x{301}e\x{301}e\x{301}e\x{301}e\x{301}e\x{301}e\x{301}e\x{301}e\x{301}e\x{301}e\x{301}e\x{301}e\x{301} e\x{301} e\x{301}e\x{301}e\x{301}e\x{301}e\x{301}e\x{301}e\x{301}e\x{301}e\x{301}e\x{301}e\x{301}e\x{301}e\x{301}e\x{301}e\x{301}e\x{301}e\x{301}e\x{301}e\x{301}e\x{301}e\x{301}e\x{301}e\x{301}e\x{301}e\x{301}e\x{301}e\x{301}e\x{301}e\x{301}e\x{301}e\x{301}e\x{301}e\x{301}e\x{301}e\x{301}e\x{301}e\x{301}e\x{301}e\x{301}e\x{301}e\x{301}e\x{301}e\x{301} e\x{301}e\x{301}e\x{301}e\x{301}e\x{301}e\x{301}e\x{301}e\x{301}e\x{301}e\x{301}e\x{301}e\x{301}e\x{301}e\x{301}e\x{301}e\x{301}e\x{301}e\x{301}e\x{301}e\x{301}e\x{301}e\x{301}e\x{301}e\x{301}e\x{301}e\x{301}e\x{301}e\x{301}e\x{301}e\x{301} e\x{301}e\x{301}e\x{301}e\x{301}e\x{301}e\x{301}e\x{301}e\x{301}e\x{301}e\x{301}e\x{301}e\x{301}e\x{301}e\x{301}e\x{301}e\x{301}e\x{301}e\x{301}e\x{301}e\x{301}e\x{301}e\x{301}"
          text run at (1055,795) width 1: " "
          text run at (0,810) width 1056: "e\x{301}e\x{301}e\x{301}e\x{301}e\x{301}e\x{301}e\x{301}e\x{301}e\x{301}e\x{301}e\x{301}e\x{301}e\x{301}e\x{301}e\x{301}e\x{301}e\x{301}e\x{301}e\x{301}e\x{301}e\x{301}e\x{301}e\x{301}e\x{301}e\x{301}e\x{301}e\x{301}e\x{301}e\x{301}e\x{301}e\x{301}e\x{301} e\x{301} e\x{301}e\x{301}e\x{301}e\x{301}e\x{301}e\x{301}e\x{301}e\x{301}e\x{301}e\x{301}e\x{301}e\x{301}e\x{301}e\x{301}e\x{301}e\x{301}e\x{301}e\x{301}e\x{301}e\x{301}e\x{301}e\x{301}e\x{301}e\x{301}e\x{301}e\x{301}e\x{301}e\x{301}e\x{301}e\x{301}e\x{301}e\x{301}e\x{301}e\x{301}e\x{301}e\x{301}e\x{301}e\x{301}e\x{301}e\x{301}e\x{301}e\x{301}e\x{301} e\x{301}e\x{301}e\x{301}e\x{301}e\x{301}e\x{301}e\x{301}e\x{301}e\x{301}e\x{301}e\x{301}e\x{301}e\x{301}e\x{301}e\x{301}e\x{301}e\x{301}e\x{301}e\x{301}e\x{301}e\x{301}e\x{301}e\x{301}e\x{301}e\x{301}e\x{301}e\x{301}e\x{301}e\x{301}e\x{301} e\x{301}e\x{301}e\x{301}e\x{301}e\x{301}e\x{301}e\x{301}e\x{301}e\x{301}e\x{301}e\x{301}e\x{301}e\x{301}e\x{301}e\x{301}e\x{301}e\x{301}e\x{301}e\x{301}e\x{301}e\x{301}e\x{301}"
          text run at (1055,810) width 1: " "
          text run at (0,825) width 1056: "e\x{301}e\x{301}e\x{301}e\x{301}e\x{301}e\x{301}e\x{301}e\x{301}e\x{301}e\x{301}e\x{301}e\x{301}e\x{301}e\x{301}e\x{301}e\x{301}e\x{301}e\x{301}e\x{301}e\x{301}e\x{301}e\x{301}e\x{301}e\x{301}e\x{301}e\x{301}e\x{301}e\x{301}e\x{301}e\x{301}e\x{301}e\x{301} e\x{301} e\x{301}e\x{301}e\x{301}e\x{301}e\x{301}e\x{301}e\x{301}e\x{301}e\x{301}e\x{301}e\x{301}e\x{301}e\x{301}e\x{301}e\x{301}e\x{301}e\x{301}e\x{301}e\x{301}e\x{301}e\x{301}e\x{301}e\x{301}e\x{301}e\x{301}e\x{301}e\x{301}e\x{301}e\x{301}e\x{301}e\x{301}e\x{301}e\x{301}e\x{301}e\x{301}e\x{301}e\x{301}e\x{301}e\x{301}e\x{301}e\x{301}e\x{301}e\x{301} e\x{301}e\x{301}e\x{301}e\x{301}e\x{301}e\x{301}e\x{301}e\x{301}e\x{301}e\x{301}e\x{301}e\x{301}e\x{301}e\x{301}e\x{301}e\x{301}e\x{301}e\x{301}e\x{301}e\x{301}e\x{301}e\x{301}e\x{301}e\x{301}e\x{301}e\x{301}e\x{301}e\x{301}e\x{301}e\x{301} e\x{301}e\x{301}e\x{301}e\x{301}e\x{301}e\x{301}e\x{301}e\x{301}e\x{301}e\x{301}e\x{301}e\x{301}e\x{301}e\x{301}e\x{301}e\x{301}e\x{301}e\x{301}e\x{301}e\x{301}e\x{301}e\x{301}"
          text run at (1055,825) width 1: " "
          text run at (0,840) width 1056: "e\x{301}e\x{301}e\x{301}e\x{301}e\x{301}e\x{301}e\x{301}e\x{301}e\x{301}e\x{301}e\x{301}e\x{301}e\x{301}e\x{301}e\x{301}e\x{301}e\x{301}e\x{301}e\x{301}e\x{301}e\x{301}e\x{301}e\x{301}e\x{301}e\x{301}e\x{301}e\x{301}e\x{301}e\x{301}e\x{301}e\x{301}e\x{301} e\x{301} e\x{301}e\x{301}e\x{301}e\x{301}e\x{301}e\x{301}e\x{301}e\x{301}e\x{301}e\x{301}e\x{301}e\x{301}e\x{301}e\x{301}e\x{301}e\x{301}e\x{301}e\x{301}e\x{301}e\x{301}e\x{301}e\x{301}e\x{301}e\x{301}e\x{301}e\x{301}e\x{301}e\x{301}e\x{301}e\x{301}e\x{301}e\x{301}e\x{301}e\x{301}e\x{301}e\x{301}e\x{301}e\x{301}e\x{301}e\x{301}e\x{301}e\x{301}e\x{301} e\x{301}e\x{301}e\x{301}e\x{301}e\x{301}e\x{301}e\x{301}e\x{301}e\x{301}e\x{301}e\x{301}e\x{301}e\x{301}e\x{301}e\x{301}e\x{301}e\x{301}e\x{301}e\x{301}e\x{301}e\x{301}e\x{301}e\x{301}e\x{301}e\x{301}e\x{301}e\x{301}e\x{301}e\x{301}e\x{301} e\x{301}e\x{301}e\x{301}e\x{301}e\x{301}e\x{301}e\x{301}e\x{301}e\x{301}e\x{301}e\x{301}e\x{301}e\x{301}e\x{301}e\x{301}e\x{301}e\x{301}e\x{301}e\x{301}e\x{301}e\x{301}e\x{301}"
          text run at (1055,840) width 1: " "
          text run at (0,855) width 1056: "e\x{301}e\x{301}e\x{301}e\x{301}e\x{301}e\x{301}e\x{301}e\x{301}e\x{301}e\x{301}e\x{301}e\x{301}e\x{301}e\x{301}e\x{301}e\x{301}e\x{301}e\x{301}e\x{301}e\x{301}e\x{301}e\x{301}e\x{301}e\x{301}e\x{301}e\x{301}e\x{301}e\x{301}e\x{301}e\x{301}e\x{301}e\x{301} e\x{301} e\x{301}e\x{301}e\x{301}e\x{301}e\x{301}e\x{301}e\x{301}e\x{301}e\x{301}e\x{301}e\x{301}e\x{301}e\x{301}e\x{301}e\x{301}e\x{301}e\x{301}e\x{301}e\x{301}e\x{301}e\x{301}e\x{301}e\x{301}e\x{301}e\x{301}e\x{301}e\x{301}e\x{301}e\x{301}e\x{301}e\x{301}e\x{301}e\x{301}e\x{301}e\x{301}e\x{301}e\x{301}e\x{301}e\x{301}e\x{301}e\x{301}e\x{301}e\x{301} e\x{301}e\x{301}e\x{301}e\x{301}e\x{301}e\x{301}e\x{301}e\x{301}e\x{301}e\x{301}e\x{301}e\x{301}e\x{301}e\x{301}e\x{301}e\x{301}e\x{301}e\x{301}e\x{301}e\x{301}e\x{301}e\x{301}e\x{301}e\x{301}e\x{301}e\x{301}e\x{301}e\x{301}e\x{301}e\x{301} e\x{301}e\x{301}e\x{301}e\x{301}e\x{301}e\x{301}e\x{301}e\x{301}e\x{301}e\x{301}e\x{301}e\x{301}e\x{301}e\x{301}e\x{301}e\x{301}e\x{301}e\x{301}e\x{301}e\x{301}e\x{301}e\x{301}"
          text run at (1055,855) width 1: " "
          text run at (0,870) width 1056: "e\x{301}e\x{301}e\x{301}e\x{301}e\x{301}e\x{301}e\x{301}e\x{301}e\x{301}e\x{301}e\x{301}e\x{301}e\x{301}e\x{301}e\x{301}e\x{301}e\x{301}e\x{301}e\x{301}e\x{301}e\x{301}e\x{301}e\x{301}e\x{301}e\x{301}e\x{301}e\x{301}e\x{301}e\x{301}e\x{301}e\x{301}e\x{301} e\x{301} e\x{301}e\x{301}e\x{301}e\x{301}e\x{301}e\x{301}e\x{301}e\x{301}e\x{301}e\x{301}e\x{301}e\x{301}e\x{301}e\x{301}e\x{301}e\x{301}e\x{301}e\x{301}e\x{301}e\x{301}e\x{301}e\x{301}e\x{301}e\x{301}e\x{301}e\x{301}e\x{301}e\x{301}e\x{301}e\x{301}e\x{301}e\x{301}e\x{301}e\x{301}e\x{301}e\x{301}e\x{301}e\x{301}e\x{301}e\x{301}e\x{301}e\x{301}e\x{301} e\x{301}e\x{301}e\x{301}e\x{301}e\x{301}e\x{301}e\x{301}e\x{301}e\x{301}e\x{301}e\x{301}e\x{301}e\x{301}e\x{301}e\x{301}e\x{301}e\x{301}e\x{301}e\x{301}e\x{301}e\x{301}e\x{301}e\x{301}e\x{301}e\x{301}e\x{301}e\x{301}e\x{301}e\x{301}e\x{301} e\x{301}e\x{301}e\x{301}e\x{301}e\x{301}e\x{301}e\x{301}e\x{301}e\x{301}e\x{301}e\x{301}e\x{301}e\x{301}e\x{301}e\x{301}e\x{301}e\x{301}e\x{301}e\x{301}e\x{301}e\x{301}e\x{301}"
          text run at (1055,870) width 1: " "
          text run at (0,885) width 1056: "e\x{301}e\x{301}e\x{301}e\x{301}e\x{301}e\x{301}e\x{301}e\x{301}e\x{301}e\x{301}e\x{301}e\x{301}e\x{301}e\x{301}e\x{301}e\x{301}e\x{301}e\x{301}e\x{301}e\x{301}e\x{301}e\x{301}e\x{301}e\x{301}e\x{301}e\x{301}e\x{301}e\x{301}e\x{301}e\x{301}e\x{301}e\x{301} e\x{301} e\x{301}e\x{301}e\x{301}e\x{301}e\x{301}e\x{301}e\x{301}e\x{301}e\x{301}e\x{301}e\x{301}e\x{301}e\x{301}e\x{301}e\x{301}e\x{301}e\x{301}e\x{301}e\x{301}e\x{301}e\x{301}e\x{301}e\x{301}e\x{301}e\x{301}e\x{301}e\x{301}e\x{301}e\x{301}e\x{301}e\x{301}e\x{301}e\x{301}e\x{301}e\x{301}e\x{301}e\x{301}e\x{301}e\x{301}e\x{301}e\x{301}e\x{301}e\x{301} e\x{301}e\x{301}e\x{301}e\x{301}e\x{301}e\x{301}e\x{301}e\x{301}e\x{301}e\x{301}e\x{301}e\x{301}e\x{301}e\x{301}e\x{301}e\x{301}e\x{301}e\x{301}e\x{301}e\x{301}e\x{301}e\x{301}e\x{301}e\x{301}e\x{301}e\x{301}e\x{301}e\x{301}e\x{301}e\x{301} e\x{301}e\x{301}e\x{301}e\x{301}e\x{301}e\x{301}e\x{301}e\x{301}e\x{301}e\x{301}e\x{301}e\x{301}e\x{301}e\x{301}e\x{301}e\x{301}e\x{301}e\x{301}e\x{301}e\x{301}e\x{301}e\x{301}"
          text run at (1055,885) width 1: " "
          text run at (0,900) width 1056: "e\x{301}e\x{301}e\x{301}e\x{301}e\x{301}e\x{301}e\x{301}e\x{301}e\x{301}e\x{301}e\x{301}e\x{301}e\x{301}e\x{301}e\x{301}e\x{301}e\x{301}e\x{301}e\x{301}e\x{301}e\x{301}e\x{301}e\x{301}e\x{301}e\x{301}e\x{301}e\x{301}e\x{301}e\x{301}e\x{301}e\x{301}e\x{301} e\x{301} e\x{301}e\x{301}e\x{301}e\x{301}e\x{301}e\x{301}e\x{301}e\x{301}e\x{301}e\x{301}e\x{301}e\x{301}e\x{301}e\x{301}e\x{301}e\x{301}e\x{301}e\x{301}e\x{301}e\x{301}e\x{301}e\x{301}e\x{301}e\x{301}e\x{301}e\x{301}e\x{301}e\x{301}e\x{301}e\x{301}e\x{301}e\x{301}e\x{301}e\x{301}e\x{301}e\x{301}e\x{301}e\x{301}e\x{301}e\x{301}e\x{301}e\x{301}e\x{301} e\x{301}e\x{301}e\x{301}e\x{301}e\x{301}e\x{301}e\x{301}e\x{301}e\x{301}e\x{301}e\x{301}e\x{301}e\x{301}e\x{301}e\x{301}e\x{301}e\x{301}e\x{301}e\x{301}e\x{301}e\x{301}e\x{301}e\x{301}e\x{301}e\x{301}e\x{301}e\x{301}e\x{301}e\x{301}e\x{301} e\x{301}e\x{301}e\x{301}e\x{301}e\x{301}e\x{301}e\x{301}e\x{301}e\x{301}e\x{301}e\x{301}e\x{301}e\x{301}e\x{301}e\x{301}e\x{301}e\x{301}e\x{301}e\x{301}e\x{301}e\x{301}e\x{301}"
          text run at (1055,900) width 1: " "
          text run at (0,915) width 1056: "e\x{301}e\x{301}e\x{301}e\x{301}e\x{301}e\x{301}e\x{301}e\x{301}e\x{301}e\x{301}e\x{301}e\x{301}e\x{301}e\x{301}e\x{301}e\x{301}e\x{301}e\x{301}e\x{301}e\x{301}e\x{301}e\x{301}e\x{301}e\x{301}e\x{301}e\x{301}e\x{301}e\x{301}e\x{301}e\x{301}e\x{301}e\x{301} e\x{301} e\x{301}e\x{301}e\x{301}e\x{301}e\x{301}e\x{301}e\x{301}e\x{301}e\x{301}e\x{301}e\x{301}e\x{301}e\x{301}e\x{301}e\x{301}e\x{301}e\x{301}e\x{301}e\x{301}e\x{301}e\x{301}e\x{301}e\x{301}e\x{301}e\x{301}e\x{301}e\x{301}e\x{301}e\x{301}e\x{301}e\x{301}e\x{301}e\x{301}e\x{301}e\x{301}e\x{301}e\x{301}e\x{301}e\x{301}e\x{301}e\x{301}e\x{301}e\x{301} e\x{301}e\x{301}e\x{301}e\x{301}e\x{301}e\x{301}e\x{301}e\x{301}e\x{301}e\x{301}e\x{301}e\x{301}e\x{301}e\x{301}e\x{301}e\x{301}e\x{301}e\x{301}e\x{301}e\x{301}e\x{301}e\x{301}e\x{301}e\x{301}e\x{301}e\x{301}e\x{301}e\x{301}e\x{301}e\x{301} e\x{301}e\x{301}e\x{301}e\x{301}e\x{301}e\x{301}e\x{301}e\x{301}e\x{301}e\x{301}e\x{301}e\x{301}e\x{301}e\x{301}e\x{301}e\x{301}e\x{301}e\x{301}e\x{301}e\x{301}e\x{301}e\x{301}"
          text run at (1055,915) width 1: " "
          text run at (0,930) width 1056: "e\x{301}e\x{301}e\x{301}e\x{301}e\x{301}e\x{301}e\x{301}e\x{301}e\x{301}e\x{301}e\x{301}e\x{301}e\x{301}e\x{301}e\x{301}e\x{301}e\x{301}e\x{301}e\x{301}e\x{301}e\x{301}e\x{301}e\x{301}e\x{301}e\x{301}e\x{301}e\x{301}e\x{301}e\x{301}e\x{301}e\x{301}e\x{301} e\x{301} e\x{301}e\x{301}e\x{301}e\x{301}e\x{301}e\x{301}e\x{301}e\x{301}e\x{301}e\x{301}e\x{301}e\x{301}e\x{301}e\x{301}e\x{301}e\x{301}e\x{301}e\x{301}e\x{301}e\x{301}e\x{301}e\x{301}e\x{301}e\x{301}e\x{301}e\x{301}e\x{301}e\x{301}e\x{301}e\x{301}e\x{301}e\x{301}e\x{301}e\x{301}e\x{301}e\x{301}e\x{301}e\x{301}e\x{301}e\x{301}e\x{301}e\x{301}e\x{301} e\x{301}e\x{301}e\x{301}e\x{301}e\x{301}e\x{301}e\x{301}e\x{301}e\x{301}e\x{301}e\x{301}e\x{301}e\x{301}e\x{301}e\x{301}e\x{301}e\x{301}e\x{301}e\x{301}e\x{301}e\x{301}e\x{301}e\x{301}e\x{301}e\x{301}e\x{301}e\x{301}e\x{301}e\x{301}e\x{301} e\x{301}e\x{301}e\x{301}e\x{301}e\x{301}e\x{301}e\x{301}e\x{301}e\x{301}e\x{301}e\x{301}e\x{301}e\x{301}e\x{301}e\x{301}e\x{301}e\x{301}e\x{301}e\x{301}e\x{301}e\x{301}e\x{301}"
          text run at (1055,930) width 1: " "
          text run at (0,945) width 1056: "e\x{301}e\x{301}e\x{301}e\x{301}e\x{301}e\x{301}e\x{301}e\x{301}e\x{301}e\x{301}e\x{301}e\x{301}e\x{301}e\x{301}e\x{301}e\x{301}e\x{301}e\x{301}e\x{301}e\x{301}e\x{301}e\x{301}e\x{301}e\x{301}e\x{301}e\x{301}e\x{301}e\x{301}e\x{301}e\x{301}e\x{301}e\x{301} e\x{301} e\x{301}e\x{301}e\x{301}e\x{301}e\x{301}e\x{301}e\x{301}e\x{301}e\x{301}e\x{301}e\x{301}e\x{301}e\x{301}e\x{301}e\x{301}e\x{301}e\x{301}e\x{301}e\x{301}e\x{301}e\x{301}e\x{301}e\x{301}e\x{301}e\x{301}e\x{301}e\x{301}e\x{301}e\x{301}e\x{301}e\x{301}e\x{301}e\x{301}e\x{301}e\x{301}e\x{301}e\x{301}e\x{301}e\x{301}e\x{301}e\x{301}e\x{301}e\x{301} e\x{301}e\x{301}e\x{301}e\x{301}e\x{301}e\x{301}e\x{301}e\x{301}e\x{301}e\x{301}e\x{301}e\x{301}e\x{301}e\x{301}e\x{301}e\x{301}e\x{301}e\x{301}e\x{301}e\x{301}e\x{301}e\x{301}e\x{301}e\x{301}e\x{301}e\x{301}e\x{301}e\x{301}e\x{301}e\x{301} e\x{301}e\x{301}e\x{301}e\x{301}e\x{301}e\x{301}e\x{301}e\x{301}e\x{301}e\x{301}e\x{301}e\x{301}e\x{301}e\x{301}e\x{301}e\x{301}e\x{301}e\x{301}e\x{301}e\x{301}e\x{301}e\x{301}"
          text run at (1055,945) width 1: " "
          text run at (0,960) width 1056: "e\x{301}e\x{301}e\x{301}e\x{301}e\x{301}e\x{301}e\x{301}e\x{301}e\x{301}e\x{301}e\x{301}e\x{301}e\x{301}e\x{301}e\x{301}e\x{301}e\x{301}e\x{301}e\x{301}e\x{301}e\x{301}e\x{301}e\x{301}e\x{301}e\x{301}e\x{301}e\x{301}e\x{301}e\x{301}e\x{301}e\x{301}e\x{301} e\x{301} e\x{301}e\x{301}e\x{301}e\x{301}e\x{301}e\x{301}e\x{301}e\x{301}e\x{301}e\x{301}e\x{301}e\x{301}e\x{301}e\x{301}e\x{301}e\x{301}e\x{301}e\x{301}e\x{301}e\x{301}e\x{301}e\x{301}e\x{301}e\x{301}e\x{301}e\x{301}e\x{301}e\x{301}e\x{301}e\x{301}e\x{301}e\x{301}e\x{301}e\x{301}e\x{301}e\x{301}e\x{301}e\x{301}e\x{301}e\x{301}e\x{301}e\x{301}e\x{301} e\x{301}e\x{301}e\x{301}e\x{301}e\x{301}e\x{301}e\x{301}e\x{301}e\x{301}e\x{301}e\x{301}e\x{301}e\x{301}e\x{301}e\x{301}e\x{301}e\x{301}e\x{301}e\x{301}e\x{301}e\x{301}e\x{301}e\x{301}e\x{301}e\x{301}e\x{301}e\x{301}e\x{301}e\x{301}e\x{301} e\x{301}e\x{301}e\x{301}e\x{301}e\x{301}e\x{301}e\x{301}e\x{301}e\x{301}e\x{301}e\x{301}e\x{301}e\x{301}e\x{301}e\x{301}e\x{301}e\x{301}e\x{301}e\x{301}e\x{301}e\x{301}e\x{301}"
          text run at (1055,960) width 1: " "
          text run at (0,975) width 1056: "e\x{301}e\x{301}e\x{301}e\x{301}e\x{301}e\x{301}e\x{301}e\x{301}e\x{301}e\x{301}e\x{301}e\x{301}e\x{301}e\x{301}e\x{301}e\x{301}e\x{301}e\x{301}e\x{301}e\x{301}e\x{301}e\x{301}e\x{301}e\x{301}e\x{301}e\x{301}e\x{301}e\x{301}e\x{301}e\x{301}e\x{301}e\x{301} e\x{301} e\x{301}e\x{301}e\x{301}e\x{301}e\x{301}e\x{301}e\x{301}e\x{301}e\x{301}e\x{301}e\x{301}e\x{301}e\x{301}e\x{301}e\x{301}e\x{301}e\x{301}e\x{301}e\x{301}e\x{301}e\x{301}e\x{301}e\x{301}e\x{301}e\x{301}e\x{301}e\x{301}e\x{301}e\x{301}e\x{301}e\x{301}e\x{301}e\x{301}e\x{301}e\x{301}e\x{301}e\x{301}e\x{301}e\x{301}e\x{301}e\x{301}e\x{301}e\x{301} e\x{301}e\x{301}e\x{301}e\x{301}e\x{301}e\x{301}e\x{301}e\x{301}e\x{301}e\x{301}e\x{301}e\x{301}e\x{301}e\x{301}e\x{301}e\x{301}e\x{301}e\x{301}e\x{301}e\x{301}e\x{301}e\x{301}e\x{301}e\x{301}e\x{301}e\x{301}e\x{301}e\x{301}e\x{301}e\x{301} e\x{301}e\x{301}e\x{301}e\x{301}e\x{301}e\x{301}e\x{301}e\x{301}e\x{301}e\x{301}e\x{301}e\x{301}e\x{301}e\x{301}e\x{301}e\x{301}e\x{301}e\x{301}e\x{301}e\x{301}e\x{301}e\x{301}"
          text run at (1055,975) width 1: " "
          text run at (0,990) width 1056: "e\x{301}e\x{301}e\x{301}e\x{301}e\x{301}e\x{301}e\x{301}e\x{301}e\x{301}e\x{301}e\x{301}e\x{301}e\x{301}e\x{301}e\x{301}e\x{301}e\x{301}e\x{301}e\x{301}e\x{301}e\x{301}e\x{301}e\x{301}e\x{301}e\x{301}e\x{301}e\x{301}e\x{301}e\x{301}e\x{301}e\x{301}e\x{301} e\x{301} e\x{301}e\x{301}e\x{301}e\x{301}e\x{301}e\x{301}e\x{301}e\x{301}e\x{301}e\x{301}e\x{301}e\x{301}e\x{301}e\x{301}e\x{301}e\x{301}e\x{301}e\x{301}e\x{301}e\x{301}e\x{301}e\x{301}e\x{301}e\x{301}e\x{301}e\x{301}e\x{301}e\x{301}e\x{301}e\x{301}e\x{301}e\x{301}e\x{301}e\x{301}e\x{301}e\x{301}e\x{301}e\x{301}e\x{301}e\x{301}e\x{301}e\x{301}e\x{301} e\x{301}e\x{301}e\x{301}e\x{301}e\x{301}e\x{301}e\x{301}e\x{301}e\x{301}e\x{301}e\x{301}e\x{301}e\x{301}e\x{301}e\x{301}e\x{301}e\x{301}e\x{301}e\x{301}e\x{301}e\x{301}e\x{301}e\x{301}e\x{301}e\x{301}e\x{301}e\x{301}e\x{301}e\x{301}e\x{301} e\x{301}e\x{301}e\x{301}e\x{301}e\x{301}e\x{301}e\x{301}e\x{301}e\x{301}e\x{301}e\x{301}e\x{301}e\x{301}e\x{301}e\x{301}e\x{301}e\x{301}e\x{301}e\x{301}e\x{301}e\x{301}e\x{301}"
          text run at (1055,990) width 1: " "
          text run at (0,1005) width 1056: "e\x{301}e\x{301}e\x{301}e\x{301}e\x{301}e\x{301}e\x{301}e\x{301}e\x{301}e\x{301}e\x{301}e\x{301}e\x{301}e\x{301}e\x{301}e\x{301}e\x{301}e\x{301}e\x{301}e\x{301}e\x{301}e\x{301}e\x{301}e\x{301}e\x{301}e\x{301}e\x{301}e\x{301}e\x{301}e\x{301}e\x{301}e\x{301} e\x{301} e\x{301}e\x{301}e\x{301}e\x{301}e\x{301}e\x{301}e\x{301}e\x{301}e\x{301}e\x{301}e\x{301}e\x{301}e\x{301}e\x{301}e\x{301}e\x{301}e\x{301}e\x{301}e\x{301}e\x{301}e\x{301}e\x{301}e\x{301}e\x{301}e\x{301}e\x{301}e\x{301}e\x{301}e\x{301}e\x{301}e\x{301}e\x{301}e\x{301}e\x{301}e\x{301}e\x{301}e\x{301}e\x{301}e\x{301}e\x{301}e\x{301}e\x{301}e\x{301} e\x{301}e\x{301}e\x{301}e\x{301}e\x{301}e\x{301}e\x{301}e\x{301}e\x{301}e\x{301}e\x{301}e\x{301}e\x{301}e\x{301}e\x{301}e\x{301}e\x{301}e\x{301}e\x{301}e\x{301}e\x{301}e\x{301}e\x{301}e\x{301}e\x{301}e\x{301}e\x{301}e\x{301}e\x{301}e\x{301} e\x{301}e\x{301}e\x{301}e\x{301}e\x{301}e\x{301}e\x{301}e\x{301}e\x{301}e\x{301}e\x{301}e\x{301}e\x{301}e\x{301}e\x{301}e\x{301}e\x{301}e\x{301}e\x{301}e\x{301}e\x{301}e\x{301}"
          text run at (1055,1005) width 1: " "
          text run at (0,1020) width 1056: "e\x{301}e\x{301}e\x{301}e\x{301}e\x{301}e\x{301}e\x{301}e\x{301}e\x{301}e\x{301}e\x{301}e\x{301}e\x{301}e\x{301}e\x{301}e\x{301}e\x{301}e\x{301}e\x{301}e\x{301}e\x{301}e\x{301}e\x{301}e\x{301}e\x{301}e\x{301}e\x{301}e\x{301}e\x{301}e\x{301}e\x{301}e\x{301} e\x{301} e\x{301}e\x{301}e\x{301}e\x{301}e\x{301}e\x{301}e\x{301}e\x{301}e\x{301}e\x{301}e\x{301}e\x{301}e\x{301}e\x{301}e\x{301}e\x{301}e\x{301}e\x{301}e\x{301}e\x{301}e\x{301}e\x{301}e\x{301}e\x{301}e\x{301}e\x{301}e\x{301}e\x{301}e\x{301}e\x{301}e\x{301}e\x{301}e\x{301}e\x{301}e\x{301}e\x{301}e\x{301}e\x{301}e\x{301}e\x{301}e\x{301}e\x{301}e\x{301} e\x{301}e\x{301}e\x{301}e\x{301}e\x{301}e\x{301}e\x{301}e\x{301}e\x{301}e\x{301}e\x{301}e\x{301}e\x{301}e\x{301}e\x{301}e\x{301}e\x{301}e\x{301}e\x{301}e\x{301}e\x{301}e\x{301}e\x{301}e\x{301}e\x{301}e\x{301}e\x{301}e\x{301}e\x{301}e\x{301} e\x{301}e\x{301}e\x{301}e\x{301}e\x{301}e\x{301}e\x{301}e\x{301}e\x{301}e\x{301}e\x{301}e\x{301}e\x{301}e\x{301}e\x{301}e\x{301}e\x{301}e\x{301}e\x{301}e\x{301}e\x{301}e\x{301}"
          text run at (1055,1020) width 1: " "
          text run at (0,1035) width 1056: "e\x{301}e\x{301}e\x{301}e\x{301}e\x{301}e\x{301}e\x{301}e\x{301}e\x{301}e\x{301}e\x{301}e\x{301}e\x{301}e\x{301}e\x{301}e\x{301}e\x{301}e\x{301}e\x{301}e\x{301}e\x{301}e\x{301}e\x{301}e\x{301}e\x{301}e\x{301}e\x{301}e\x{301}e\x{301}e\x{301}e\x{301}e\x{301} e\x{301} e\x{301}e\x{301}e\x{301}e\x{301}e\x{301}e\x{301}e\x{301}e\x{301}e\x{301}e\x{301}e\x{301}e\x{301}e\x{301}e\x{301}e\x{301}e\x{301}e\x{301}e\x{301}e\x{301}e\x{301}e\x{301}e\x{301}e\x{301}e\x{301}e\x{301}e\x{301}e\x{301}e\x{301}e\x{301}e\x{301}e\x{301}e\x{301}e\x{301}e\x{301}e\x{301}e\x{301}e\x{301}e\x{301}e\x{301}e\x{301}e\x{301}e\x{301}e\x{301} e\x{301}e\x{301}e\x{301}e\x{301}e\x{301}e\x{301}e\x{301}e\x{301}e\x{301}e\x{301}e\x{301}e\x{301}e\x{301}e\x{301}e\x{301}e\x{301}e\x{301}e\x{301}e\x{301}e\x{301}e\x{301}e\x{301}e\x{301}e\x{301}e\x{301}e\x{301}e\x{301}e\x{301}e\x{301}e\x{301} e\x{301}e\x{301}e\x{301}e\x{301}e\x{301}e\x{301}e\x{301}e\x{301}e\x{301}e\x{301}e\x{301}e\x{301}e\x{301}e\x{301}e\x{301}e\x{301}e\x{301}e\x{301}e\x{301}e\x{301}e\x{301}e\x{301}"
          text run at (1055,1035) width 1: " "
          text run at (0,1050) width 1056: "e\x{301}e\x{301}e\x{301}e\x{301}e\x{301}e\x{301}e\x{301}e\x{301}e\x{301}e\x{301}e\x{301}e\x{301}e\x{301}e\x{301}e\x{301}e\x{301}e\x{301}e\x{301}e\x{301}e\x{301}e\x{301}e\x{301}e\x{301}e\x{301}e\x{301}e\x{301}e\x{301}e\x{301}e\x{301}e\x{301}e\x{301}e\x{301} e\x{301} e\x{301}e\x{301}e\x{301}e\x{301}e\x{301}e\x{301}e\x{301}e\x{301}e\x{301}e\x{301}e\x{301}e\x{301}e\x{301}e\x{301}e\x{301}e\x{301}e\x{301}e\x{301}e\x{301}e\x{301}e\x{301}e\x{301}e\x{301}e\x{301}e\x{301}e\x{301}e\x{301}e\x{301}e\x{301}e\x{301}e\x{301}e\x{301}e\x{301}e\x{301}e\x{301}e\x{301}e\x{301}e\x{301}e\x{301}e\x{301}e\x{301}e\x{301}e\x{301} e\x{301}e\x{301}e\x{301}e\x{301}e\x{301}e\x{301}e\x{301}e\x{301}e\x{301}e\x{301}e\x{301}e\x{301}e\x{301}e\x{301}e\x{301}e\x{301}e\x{301}e\x{301}e\x{301}e\x{301}e\x{301}e\x{301}e\x{301}e\x{301}e\x{301}e\x{301}e\x{301}e\x{301}e\x{301}e\x{301} e\x{301}e\x{301}e\x{301}e\x{301}e\x{301}e\x{301}e\x{301}e\x{301}e\x{301}e\x{301}e\x{301}e\x{301}e\x{301}e\x{301}e\x{301}e\x{301}e\x{301}e\x{301}e\x{301}e\x{301}e\x{301}e\x{301}"
          text run at (1055,1050) width 1: " "
          text run at (0,1065) width 1056: "e\x{301}e\x{301}e\x{301}e\x{301}e\x{301}e\x{301}e\x{301}e\x{301}e\x{301}e\x{301}e\x{301}e\x{301}e\x{301}e\x{301}e\x{301}e\x{301}e\x{301}e\x{301}e\x{301}e\x{301}e\x{301}e\x{301}e\x{301}e\x{301}e\x{301}e\x{301}e\x{301}e\x{301}e\x{301}e\x{301}e\x{301}e\x{301} e\x{301} e\x{301}e\x{301}e\x{301}e\x{301}e\x{301}e\x{301}e\x{301}e\x{301}e\x{301}e\x{301}e\x{301}e\x{301}e\x{301}e\x{301}e\x{301}e\x{301}e\x{301}e\x{301}e\x{301}e\x{301}e\x{301}e\x{301}e\x{301}e\x{301}e\x{301}e\x{301}e\x{301}e\x{301}e\x{301}e\x{301}e\x{301}e\x{301}e\x{301}e\x{301}e\x{301}e\x{301}e\x{301}e\x{301}e\x{301}e\x{301}e\x{301}e\x{301}e\x{301} e\x{301}e\x{301}e\x{301}e\x{301}e\x{301}e\x{301}e\x{301}e\x{301}e\x{301}e\x{301}e\x{301}e\x{301}e\x{301}e\x{301}e\x{301}e\x{301}e\x{301}e\x{301}e\x{301}e\x{301}e\x{301}e\x{301}e\x{301}e\x{301}e\x{301}e\x{301}e\x{301}e\x{301}e\x{301}e\x{301} e\x{301}e\x{301}e\x{301}e\x{301}e\x{301}e\x{301}e\x{301}e\x{301}e\x{301}e\x{301}e\x{301}e\x{301}e\x{301}e\x{301}e\x{301}e\x{301}e\x{301}e\x{301}e\x{301}e\x{301}e\x{301}e\x{301}"
          text run at (1055,1065) width 1: " "
          text run at (0,1080) width 1056: "e\x{301}e\x{301}e\x{301}e\x{301}e\x{301}e\x{301}e\x{301}e\x{301}e\x{301}e\x{301}e\x{301}e\x{301}e\x{301}e\x{301}e\x{301}e\x{301}e\x{301}e\x{301}e\x{301}e\x{301}e\x{301}e\x{301}e\x{301}e\x{301}e\x{301}e\x{301}e\x{301}e\x{301}e\x{301}e\x{301}e\x{301}e\x{301} e\x{301} e\x{301}e\x{301}e\x{301}e\x{301}e\x{301}e\x{301}e\x{301}e\x{301}e\x{301}e\x{301}e\x{301}e\x{301}e\x{301}e\x{301}e\x{301}e\x{301}e\x{301}e\x{301}e\x{301}e\x{301}e\x{301}e\x{301}e\x{301}e\x{301}e\x{301}e\x{301}e\x{301}e\x{301}e\x{301}e\x{301}e\x{301}e\x{301}e\x{301}e\x{301}e\x{301}e\x{301}e\x{301}e\x{301}e\x{301}e\x{301}e\x{301}e\x{301}e\x{301} e\x{301}e\x{301}e\x{301}e\x{301}e\x{301}e\x{301}e\x{301}e\x{301}e\x{301}e\x{301}e\x{301}e\x{301}e\x{301}e\x{301}e\x{301}e\x{301}e\x{301}e\x{301}e\x{301}e\x{301}e\x{301}e\x{301}e\x{301}e\x{301}e\x{301}e\x{301}e\x{301}e\x{301}e\x{301}e\x{301} e\x{301}e\x{301}e\x{301}e\x{301}e\x{301}e\x{301}e\x{301}e\x{301}e\x{301}e\x{301}e\x{301}e\x{301}e\x{301}e\x{301}e\x{301}e\x{301}e\x{301}e\x{301}e\x{301}e\x{301}e\x{301}e\x{301}"
          text run at (1055,1080) width 1: " "
          text run at (0,1095) width 1056: "e\x{301}e\x{301}e\x{301}e\x{301}e\x{301}e\x{301}e\x{301}e\x{301}e\x{301}e\x{301}e\x{301}e\x{301}e\x{301}e\x{301}e\x{301}e\x{301}e\x{301}e\x{301}e\x{301}e\x{301}e\x{301}e\x{301}e\x{301}e\x{301}e\x{301}e\x{301}e\x{301}e\x{301}e\x{301}e\x{301}e\x{301}e\x{301} e\x{301} e\x{301}e\x{301}e\x{301}e\x{301}e\x{301}e\x{301}e\x{301}e\x{301}e\x{301}e\x{301}e\x{301}e\x{301}e\x{301}e\x{301}e\x{301}e\x{301}e\x{301}e\x{301}e\x{301}e\x{301}e\x{301}e\x{301}e\x{301}e\x{301}e\x{301}e\x{301}e\x{301}e\x{301}e\x{301}e\x{301}e\x{301}e\x{301}e\x{301}e\x{301}e\x{301}e\x{301}e\x{301}e\x{301}e\x{301}e\x{301}e\x{301}e\x{301}e\x{301} e\x{301}e\x{301}e\x{301}e\x{301}e\x{301}e\x{301}e\x{301}e\x{301}e\x{301}e\x{301}e\x{301}e\x{301}e\x{301}e\x{301}e\x{301}e\x{301}e\x{301}e\x{301}e\x{301}e\x{301}e\x{301}e\x{301}e\x{301}e\x{301}e\x{301}e\x{301}e\x{301}e\x{301}e\x{301}e\x{301} e\x{301}e\x{301}e\x{301}e\x{301}e\x{301}e\x{301}e\x{301}e\x{301}e\x{301}e\x{301}e\x{301}e\x{301}e\x{301}e\x{301}e\x{301}e\x{301}e\x{301}e\x{301}e\x{301}e\x{301}e\x{301}e\x{301}"
          text run at (1055,1095) width 1: " "
          text run at (0,1110) width 1056: "e\x{301}e\x{301}e\x{301}e\x{301}e\x{301}e\x{301}e\x{301}e\x{301}e\x{301}e\x{301}e\x{301}e\x{301}e\x{301}e\x{301}e\x{301}e\x{301}e\x{301}e\x{301}e\x{301}e\x{301}e\x{301}e\x{301}e\x{301}e\x{301}e\x{301}e\x{301}e\x{301}e\x{301}e\x{301}e\x{301}e\x{301}e\x{301} e\x{301} e\x{301}e\x{301}e\x{301}e\x{301}e\x{301}e\x{301}e\x{301}e\x{301}e\x{301}e\x{301}e\x{301}e\x{301}e\x{301}e\x{301}e\x{301}e\x{301}e\x{301}e\x{301}e\x{301}e\x{301}e\x{301}e\x{301}e\x{301}e\x{301}e\x{301}e\x{301}e\x{301}e\x{301}e\x{301}e\x{301}e\x{301}e\x{301}e\x{301}e\x{301}e\x{301}e\x{301}e\x{301}e\x{301}e\x{301}e\x{301}e\x{301}e\x{301}e\x{301} e\x{301}e\x{301}e\x{301}e\x{301}e\x{301}e\x{301}e\x{301}e\x{301}e\x{301}e\x{301}e\x{301}e\x{301}e\x{301}e\x{301}e\x{301}e\x{301}e\x{301}e\x{301}e\x{301}e\x{301}e\x{301}e\x{301}e\x{301}e\x{301}e\x{301}e\x{301}e\x{301}e\x{301}e\x{301}e\x{301} e\x{301}e\x{301}e\x{301}e\x{301}e\x{301}e\x{301}e\x{301}e\x{301}e\x{301}e\x{301}e\x{301}e\x{301}e\x{301}e\x{301}e\x{301}e\x{301}e\x{301}e\x{301}e\x{301}e\x{301}e\x{301}e\x{301}"
          text run at (1055,1110) width 1: " "
          text run at (0,1125) width 1056: "e\x{301}e\x{301}e\x{301}e\x{301}e\x{301}e\x{301}e\x{301}e\x{301}e\x{301}e\x{301}e\x{301}e\x{301}e\x{301}e\x{301}e\x{301}e\x{301}e\x{301}e\x{301}e\x{301}e\x{301}e\x{301}e\x{301}e\x{301}e\x{301}e\x{301}e\x{301}e\x{301}e\x{301}e\x{301}e\x{301}e\x{301}e\x{301} e\x{301} e\x{301}e\x{301}e\x{301}e\x{301}e\x{301}e\x{301}e\x{301}e\x{301}e\x{301}e\x{301}e\x{301}e\x{301}e\x{301}e\x{301}e\x{301}e\x{301}e\x{301}e\x{301}e\x{301}e\x{301}e\x{301}e\x{301}e\x{301}e\x{301}e\x{301}e\x{301}e\x{301}e\x{301}e\x{301}e\x{301}e\x{301}e\x{301}e\x{301}e\x{301}e\x{301}e\x{301}e\x{301}e\x{301}e\x{301}e\x{301}e\x{301}e\x{301}e\x{301} e\x{301}e\x{301}e\x{301}e\x{301}e\x{301}e\x{301}e\x{301}e\x{301}e\x{301}e\x{301}e\x{301}e\x{301}e\x{301}e\x{301}e\x{301}e\x{301}e\x{301}e\x{301}e\x{301}e\x{301}e\x{301}e\x{301}e\x{301}e\x{301}e\x{301}e\x{301}e\x{301}e\x{301}e\x{301}e\x{301} e\x{301}e\x{301}e\x{301}e\x{301}e\x{301}e\x{301}e\x{301}e\x{301}e\x{301}e\x{301}e\x{301}e\x{301}e\x{301}e\x{301}e\x{301}e\x{301}e\x{301}e\x{301}e\x{301}e\x{301}e\x{301}e\x{301}"
          text run at (1055,1125) width 1: " "
          text run at (0,1140) width 1056: "e\x{301}e\x{301}e\x{301}e\x{301}e\x{301}e\x{301}e\x{301}e\x{301}e\x{301}e\x{301}e\x{301}e\x{301}e\x{301}e\x{301}e\x{301}e\x{301}e\x{301}e\x{301}e\x{301}e\x{301}e\x{301}e\x{301}e\x{301}e\x{301}e\x{301}e\x{301}e\x{301}e\x{301}e\x{301}e\x{301}e\x{301}e\x{301} e\x{301} e\x{301}e\x{301}e\x{301}e\x{301}e\x{301}e\x{301}e\x{301}e\x{301}e\x{301}e\x{301}e\x{301}e\x{301}e\x{301}e\x{301}e\x{301}e\x{301}e\x{301}e\x{301}e\x{301}e\x{301}e\x{301}e\x{301}e\x{301}e\x{301}e\x{301}e\x{301}e\x{301}e\x{301}e\x{301}e\x{301}e\x{301}e\x{301}e\x{301}e\x{301}e\x{301}e\x{301}e\x{301}e\x{301}e\x{301}e\x{301}e\x{301}e\x{301}e\x{301} e\x{301}e\x{301}e\x{301}e\x{301}e\x{301}e\x{301}e\x{301}e\x{301}e\x{301}e\x{301}e\x{301}e\x{301}e\x{301}e\x{301}e\x{301}e\x{301}e\x{301}e\x{301}e\x{301}e\x{301}e\x{301}e\x{301}e\x{301}e\x{301}e\x{301}e\x{301}e\x{301}e\x{301}e\x{301}e\x{301} e\x{301}e\x{301}e\x{301}e\x{301}e\x{301}e\x{301}e\x{301}e\x{301}e\x{301}e\x{301}e\x{301}e\x{301}e\x{301}e\x{301}e\x{301}e\x{301}e\x{301}e\x{301}e\x{301}e\x{301}e\x{301}e\x{301}"
          text run at (1055,1140) width 1: " "
          text run at (0,1155) width 1056: "e\x{301}e\x{301}e\x{301}e\x{301}e\x{301}e\x{301}e\x{301}e\x{301}e\x{301}e\x{301}e\x{301}e\x{301}e\x{301}e\x{301}e\x{301}e\x{301}e\x{301}e\x{301}e\x{301}e\x{301}e\x{301}e\x{301}e\x{301}e\x{301}e\x{301}e\x{301}e\x{301}e\x{301}e\x{301}e\x{301}e\x{301}e\x{301} e\x{301} e\x{301}e\x{301}e\x{301}e\x{301}e\x{301}e\x{301}e\x{301}e\x{301}e\x{301}e\x{301}e\x{301}e\x{301}e\x{301}e\x{301}e\x{301}e\x{301}e\x{301}e\x{301}e\x{301}e\x{301}e\x{301}e\x{301}e\x{301}e\x{301}e\x{301}e\x{301}e\x{301}e\x{301}e\x{301}e\x{301}e\x{301}e\x{301}e\x{301}e\x{301}e\x{301}e\x{301}e\x{301}e\x{301}e\x{301}e\x{301}e\x{301}e\x{301}e\x{301} e\x{301}e\x{301}e\x{301}e\x{301}e\x{301}e\x{301}e\x{301}e\x{301}e\x{301}e\x{301}e\x{301}e\x{301}e\x{301}e\x{301}e\x{301}e\x{301}e\x{301}e\x{301}e\x{301}e\x{301}e\x{301}e\x{301}e\x{301}e\x{301}e\x{301}e\x{301}e\x{301}e\x{301}e\x{301}e\x{301} e\x{301}e\x{301}e\x{301}e\x{301}e\x{301}e\x{301}e\x{301}e\x{301}e\x{301}e\x{301}e\x{301}e\x{301}e\x{301}e\x{301}e\x{301}e\x{301}e\x{301}e\x{301}e\x{301}e\x{301}e\x{301}e\x{301}"
          text run at (1055,1155) width 1: " "
          text run at (0,1170) width 1056: "e\x{301}e\x{301}e\x{301}e\x{301}e\x{301}e\x{301}e\x{301}e\x{301}e\x{301}e\x{301}e\x{301}e\x{301}e\x{301}e\x{301}e\x{301}e\x{301}e\x{301}e\x{301}e\x{301}e\x{301}e\x{301}e\x{301}e\x{301}e\x{301}e\x{301}e\x{301}e\x{301}e\x{301}e\x{301}e\x{301}e\x{301}e\x{301} e\x{301} e\x{301}e\x{301}e\x{301}e\x{301}e\x{301}e\x{301}e\x{301}e\x{301}e\x{301}e\x{301}e\x{301}e\x{301}e\x{301}e\x{301}e\x{301}e\x{301}e\x{301}e\x{301}e\x{301}e\x{301}e\x{301}e\x{301}e\x{301}e\x{301}e\x{301}e\x{301}e\x{301}e\x{301}e\x{301}e\x{301}e\x{301}e\x{301}e\x{301}e\x{301}e\x{301}e\x{301}e\x{301}e\x{301}e\x{301}e\x{301}e\x{301}e\x{301}e\x{301} e\x{301}e\x{301}e\x{301}e\x{301}e\x{301}e\x{301}e\x{301}e\x{301}e\x{301}e\x{301}e\x{301}e\x{301}e\x{301}e\x{301}e\x{301}e\x{301}e\x{301}e\x{301}e\x{301}e\x{301}e\x{301}e\x{301}e\x{301}e\x{301}e\x{301}e\x{301}e\x{301}e\x{301}e\x{301}e\x{301} e\x{301}e\x{301}e\x{301}e\x{301}e\x{301}e\x{301}e\x{301}e\x{301}e\x{301}e\x{301}e\x{301}e\x{301}e\x{301}e\x{301}e\x{301}e\x{301}e\x{301}e\x{301}e\x{301}e\x{301}e\x{301}e\x{301}"
          text run at (1055,1170) width 1: " "
          text run at (0,1185) width 1056: "e\x{301}e\x{301}e\x{301}e\x{301}e\x{301}e\x{301}e\x{301}e\x{301}e\x{301}e\x{301}e\x{301}e\x{301}e\x{301}e\x{301}e\x{301}e\x{301}e\x{301}e\x{301}e\x{301}e\x{301}e\x{301}e\x{301}e\x{301}e\x{301}e\x{301}e\x{301}e\x{301}e\x{301}e\x{301}e\x{301}e\x{301}e\x{301} e\x{301} e\x{301}e\x{301}e\x{301}e\x{301}e\x{301}e\x{301}e\x{301}e\x{301}e\x{301}e\x{301}e\x{301}e\x{301}e\x{301}e\x{301}e\x{301}e\x{301}e\x{301}e\x{301}e\x{301}e\x{301}e\x{301}e\x{301}e\x{301}e\x{301}e\x{301}e\x{301}e\x{301}e\x{301}e\x{301}e\x{301}e\x{301}e\x{301}e\x{301}e\x{301}e\x{301}e\x{301}e\x{301}e\x{301}e\x{301}e\x{301}e\x{301}e\x{301}e\x{301} e\x{301}e\x{301}e\x{301}e\x{301}e\x{301}e\x{301}e\x{301}e\x{301}e\x{301}e\x{301}e\x{301}e\x{301}e\x{301}e\x{301}e\x{301}e\x{301}e\x{301}e\x{301}e\x{301}e\x{301}e\x{301}e\x{301}e\x{301}e\x{301}e\x{301}e\x{301}e\x{301}e\x{301}e\x{301}e\x{301} e\x{301}e\x{301}e\x{301}e\x{301}e\x{301}e\x{301}e\x{301}e\x{301}e\x{301}e\x{301}e\x{301}e\x{301}e\x{301}e\x{301}e\x{301}e\x{301}e\x{301}e\x{301}e\x{301}e\x{301}e\x{301}e\x{301}"
          text run at (1055,1185) width 1: " "
          text run at (0,1200) width 1056: "e\x{301}e\x{301}e\x{301}e\x{301}e\x{301}e\x{301}e\x{301}e\x{301}e\x{301}e\x{301}e\x{301}e\x{301}e\x{301}e\x{301}e\x{301}e\x{301}e\x{301}e\x{301}e\x{301}e\x{301}e\x{301}e\x{301}e\x{301}e\x{301}e\x{301}e\x{301}e\x{301}e\x{301}e\x{301}e\x{301}e\x{301}e\x{301} e\x{301} e\x{301}e\x{301}e\x{301}e\x{301}e\x{301}e\x{301}e\x{301}e\x{301}e\x{301}e\x{301}e\x{301}e\x{301}e\x{301}e\x{301}e\x{301}e\x{301}e\x{301}e\x{301}e\x{301}e\x{301}e\x{301}e\x{301}e\x{301}e\x{301}e\x{301}e\x{301}e\x{301}e\x{301}e\x{301}e\x{301}e\x{301}e\x{301}e\x{301}e\x{301}e\x{301}e\x{301}e\x{301}e\x{301}e\x{301}e\x{301}e\x{301}e\x{301}e\x{301} e\x{301}e\x{301}e\x{301}e\x{301}e\x{301}e\x{301}e\x{301}e\x{301}e\x{301}e\x{301}e\x{301}e\x{301}e\x{301}e\x{301}e\x{301}e\x{301}e\x{301}e\x{301}e\x{301}e\x{301}e\x{301}e\x{301}e\x{301}e\x{301}e\x{301}e\x{301}e\x{301}e\x{301}e\x{301}e\x{301} e\x{301}e\x{301}e\x{301}e\x{301}e\x{301}e\x{301}e\x{301}e\x{301}e\x{301}e\x{301}e\x{301}e\x{301}e\x{301}e\x{301}e\x{301}e\x{301}e\x{301}e\x{301}e\x{301}e\x{301}e\x{301}e\x{301}"
          text run at (1055,1200) width 1: " "
          text run at (0,1215) width 1056: "e\x{301}e\x{301}e\x{301}e\x{301}e\x{301}e\x{301}e\x{301}e\x{301}e\x{301}e\x{301}e\x{301}e\x{301}e\x{301}e\x{301}e\x{301}e\x{301}e\x{301}e\x{301}e\x{301}e\x{301}e\x{301}e\x{301}e\x{301}e\x{301}e\x{301}e\x{301}e\x{301}e\x{301}e\x{301}e\x{301}e\x{301}e\x{301} e\x{301} e\x{301}e\x{301}e\x{301}e\x{301}e\x{301}e\x{301}e\x{301}e\x{301}e\x{301}e\x{301}e\x{301}e\x{301}e\x{301}e\x{301}e\x{301}e\x{301}e\x{301}e\x{301}e\x{301}e\x{301}e\x{301}e\x{301}e\x{301}e\x{301}e\x{301}e\x{301}e\x{301}e\x{301}e\x{301}e\x{301}e\x{301}e\x{301}e\x{301}e\x{301}e\x{301}e\x{301}e\x{301}e\x{301}e\x{301}e\x{301}e\x{301}e\x{301}e\x{301} e\x{301}e\x{301}e\x{301}e\x{301}e\x{301}e\x{301}e\x{301}e\x{301}e\x{301}e\x{301}e\x{301}e\x{301}e\x{301}e\x{301}e\x{301}e\x{301}e\x{301}e\x{301}e\x{301}e\x{301}e\x{301}e\x{301}e\x{301}e\x{301}e\x{301}e\x{301}e\x{301}e\x{301}e\x{301}e\x{301} e\x{301}e\x{301}e\x{301}e\x{301}e\x{301}e\x{301}e\x{301}e\x{301}e\x{301}e\x{301}e\x{301}e\x{301}e\x{301}e\x{301}e\x{301}e\x{301}e\x{301}e\x{301}e\x{301}e\x{301}e\x{301}e\x{301}"
          text run at (1055,1215) width 1: " "
          text run at (0,1230) width 1056: "e\x{301}e\x{301}e\x{301}e\x{301}e\x{301}e\x{301}e\x{301}e\x{301}e\x{301}e\x{301}e\x{301}e\x{301}e\x{301}e\x{301}e\x{301}e\x{301}e\x{301}e\x{301}e\x{301}e\x{301}e\x{301}e\x{301}e\x{301}e\x{301}e\x{301}e\x{301}e\x{301}e\x{301}e\x{301}e\x{301}e\x{301}e\x{301} e\x{301} e\x{301}e\x{301}e\x{301}e\x{301}e\x{301}e\x{301}e\x{301}e\x{301}e\x{301}e\x{301}e\x{301}e\x{301}e\x{301}e\x{301}e\x{301}e\x{301}e\x{301}e\x{301}e\x{301}e\x{301}e\x{301}e\x{301}e\x{301}e\x{301}e\x{301}e\x{301}e\x{301}e\x{301}e\x{301}e\x{301}e\x{301}e\x{301}e\x{301}e\x{301}e\x{301}e\x{301}e\x{301}e\x{301}e\x{301}e\x{301}e\x{301}e\x{301}e\x{301} e\x{301}e\x{301}e\x{301}e\x{301}e\x{301}e\x{301}e\x{301}e\x{301}e\x{301}e\x{301}e\x{301}e\x{301}e\x{301}e\x{301}e\x{301}e\x{301}e\x{301}e\x{301}e\x{301}e\x{301}e\x{301}e\x{301}e\x{301}e\x{301}e\x{301}e\x{301}e\x{301}e\x{301}e\x{301}e\x{301} e\x{301}e\x{301}e\x{301}e\x{301}e\x{301}e\x{301}e\x{301}e\x{301}e\x{301}e\x{301}e\x{301}e\x{301}e\x{301}e\x{301}e\x{301}e\x{301}e\x{301}e\x{301}e\x{301}e\x{301}e\x{301}e\x{301}"
          text run at (1055,1230) width 1: " "
          text run at (0,1245) width 1056: "e\x{301}e\x{301}e\x{301}e\x{301}e\x{301}e\x{301}e\x{301}e\x{301}e\x{301}e\x{301}e\x{301}e\x{301}e\x{301}e\x{301}e\x{301}e\x{301}e\x{301}e\x{301}e\x{301}e\x{301}e\x{301}e\x{301}e\x{301}e\x{301}e\x{301}e\x{301}e\x{301}e\x{301}e\x{301}e\x{301}e\x{301}e\x{301} e\x{301} e\x{301}e\x{301}e\x{301}e\x{301}e\x{301}e\x{301}e\x{301}e\x{301}e\x{301}e\x{301}e\x{301}e\x{301}e\x{301}e\x{301}e\x{301}e\x{301}e\x{301}e\x{301}e\x{301}e\x{301}e\x{301}e\x{301}e\x{301}e\x{301}e\x{301}e\x{301}e\x{301}e\x{301}e\x{301}e\x{301}e\x{301}e\x{301}e\x{301}e\x{301}e\x{301}e\x{301}e\x{301}e\x{301}e\x{301}e\x{301}e\x{301}e\x{301}e\x{301} e\x{301}e\x{301}e\x{301}e\x{301}e\x{301}e\x{301}e\x{301}e\x{301}e\x{301}e\x{301}e\x{301}e\x{301}e\x{301}e\x{301}e\x{301}e\x{301}e\x{301}e\x{301}e\x{301}e\x{301}e\x{301}e\x{301}e\x{301}e\x{301}e\x{301}e\x{301}e\x{301}e\x{301}e\x{301}e\x{301} e\x{301}e\x{301}e\x{301}e\x{301}e\x{301}e\x{301}e\x{301}e\x{301}e\x{301}e\x{301}e\x{301}e\x{301}e\x{301}e\x{301}e\x{301}e\x{301}e\x{301}e\x{301}e\x{301}e\x{301}e\x{301}e\x{301}"
          text run at (1055,1245) width 1: " "
          text run at (0,1260) width 1056: "e\x{301}e\x{301}e\x{301}e\x{301}e\x{301}e\x{301}e\x{301}e\x{301}e\x{301}e\x{301}e\x{301}e\x{301}e\x{301}e\x{301}e\x{301}e\x{301}e\x{301}e\x{301}e\x{301}e\x{301}e\x{301}e\x{301}e\x{301}e\x{301}e\x{301}e\x{301}e\x{301}e\x{301}e\x{301}e\x{301}e\x{301}e\x{301} e\x{301} e\x{301}e\x{301}e\x{301}e\x{301}e\x{301}e\x{301}e\x{301}e\x{301}e\x{301}e\x{301}e\x{301}e\x{301}e\x{301}e\x{301}e\x{301}e\x{301}e\x{301}e\x{301}e\x{301}e\x{301}e\x{301}e\x{301}e\x{301}e\x{301}e\x{301}e\x{301}e\x{301}e\x{301}e\x{301}e\x{301}e\x{301}e\x{301}e\x{301}e\x{301}e\x{301}e\x{301}e\x{301}e\x{301}e\x{301}e\x{301}e\x{301}e\x{301}e\x{301} e\x{301}e\x{301}e\x{301}e\x{301}e\x{301}e\x{301}e\x{301}e\x{301}e\x{301}e\x{301}e\x{301}e\x{301}e\x{301}e\x{301}e\x{301}e\x{301}e\x{301}e\x{301}e\x{301}e\x{301}e\x{301}e\x{301}e\x{301}e\x{301}e\x{301}e\x{301}e\x{301}e\x{301}e\x{301}e\x{301} e\x{301}e\x{301}e\x{301}e\x{301}e\x{301}e\x{301}e\x{301}e\x{301}e\x{301}e\x{301}e\x{301}e\x{301}e\x{301}e\x{301}e\x{301}e\x{301}e\x{301}e\x{301}e\x{301}e\x{301}e\x{301}e\x{301}"
          text run at (1055,1260) width 1: " "
          text run at (0,1275) width 1056: "e\x{301}e\x{301}e\x{301}e\x{301}e\x{301}e\x{301}e\x{301}e\x{301}e\x{301}e\x{301}e\x{301}e\x{301}e\x{301}e\x{301}e\x{301}e\x{301}e\x{301}e\x{301}e\x{301}e\x{301}e\x{301}e\x{301}e\x{301}e\x{301}e\x{301}e\x{301}e\x{301}e\x{301}e\x{301}e\x{301}e\x{301}e\x{301} e\x{301} e\x{301}e\x{301}e\x{301}e\x{301}e\x{301}e\x{301}e\x{301}e\x{301}e\x{301}e\x{301}e\x{301}e\x{301}e\x{301}e\x{301}e\x{301}e\x{301}e\x{301}e\x{301}e\x{301}e\x{301}e\x{301}e\x{301}e\x{301}e\x{301}e\x{301}e\x{301}e\x{301}e\x{301}e\x{301}e\x{301}e\x{301}e\x{301}e\x{301}e\x{301}e\x{301}e\x{301}e\x{301}e\x{301}e\x{301}e\x{301}e\x{301}e\x{301}e\x{301} e\x{301}e\x{301}e\x{301}e\x{301}e\x{301}e\x{301}e\x{301}e\x{301}e\x{301}e\x{301}e\x{301}e\x{301}e\x{301}e\x{301}e\x{301}e\x{301}e\x{301}e\x{301}e\x{301}e\x{301}e\x{301}e\x{301}e\x{301}e\x{301}e\x{301}e\x{301}e\x{301}e\x{301}e\x{301}e\x{301} e\x{301}e\x{301}e\x{301}e\x{301}e\x{301}e\x{301}e\x{301}e\x{301}e\x{301}e\x{301}e\x{301}e\x{301}e\x{301}e\x{301}e\x{301}e\x{301}e\x{301}e\x{301}e\x{301}e\x{301}e\x{301}e\x{301}"
          text run at (1055,1275) width 1: " "
          text run at (0,1290) width 1056: "e\x{301}e\x{301}e\x{301}e\x{301}e\x{301}e\x{301}e\x{301}e\x{301}e\x{301}e\x{301}e\x{301}e\x{301}e\x{301}e\x{301}e\x{301}e\x{301}e\x{301}e\x{301}e\x{301}e\x{301}e\x{301}e\x{301}e\x{301}e\x{301}e\x{301}e\x{301}e\x{301}e\x{301}e\x{301}e\x{301}e\x{301}e\x{301} e\x{301} e\x{301}e\x{301}e\x{301}e\x{301}e\x{301}e\x{301}e\x{301}e\x{301}e\x{301}e\x{301}e\x{301}e\x{301}e\x{301}e\x{301}e\x{301}e\x{301}e\x{301}e\x{301}e\x{301}e\x{301}e\x{301}e\x{301}e\x{301}e\x{301}e\x{301}e\x{301}e\x{301}e\x{301}e\x{301}e\x{301}e\x{301}e\x{301}e\x{301}e\x{301}e\x{301}e\x{301}e\x{301}e\x{301}e\x{301}e\x{301}e\x{301}e\x{301}e\x{301} e\x{301}e\x{301}e\x{301}e\x{301}e\x{301}e\x{301}e\x{301}e\x{301}e\x{301}e\x{301}e\x{301}e\x{301}e\x{301}e\x{301}e\x{301}e\x{301}e\x{301}e\x{301}e\x{301}e\x{301}e\x{301}e\x{301}e\x{301}e\x{301}e\x{301}e\x{301}e\x{301}e\x{301}e\x{301}e\x{301} e\x{301}e\x{301}e\x{301}e\x{301}e\x{301}e\x{301}e\x{301}e\x{301}e\x{301}e\x{301}e\x{301}e\x{301}e\x{301}e\x{301}e\x{301}e\x{301}e\x{301}e\x{301}e\x{301}e\x{301}e\x{301}e\x{301}"
          text run at (1055,1290) width 1: " "
          text run at (0,1305) width 1056: "e\x{301}e\x{301}e\x{301}e\x{301}e\x{301}e\x{301}e\x{301}e\x{301}e\x{301}e\x{301}e\x{301}e\x{301}e\x{301}e\x{301}e\x{301}e\x{301}e\x{301}e\x{301}e\x{301}e\x{301}e\x{301}e\x{301}e\x{301}e\x{301}e\x{301}e\x{301}e\x{301}e\x{301}e\x{301}e\x{301}e\x{301}e\x{301} e\x{301} e\x{301}e\x{301}e\x{301}e\x{301}e\x{301}e\x{301}e\x{301}e\x{301}e\x{301}e\x{301}e\x{301}e\x{301}e\x{301}e\x{301}e\x{301}e\x{301}e\x{301}e\x{301}e\x{301}e\x{301}e\x{301}e\x{301}e\x{301}e\x{301}e\x{301}e\x{301}e\x{301}e\x{301}e\x{301}e\x{301}e\x{301}e\x{301}e\x{301}e\x{301}e\x{301}e\x{301}e\x{301}e\x{301}e\x{301}e\x{301}e\x{301}e\x{301}e\x{301} e\x{301}e\x{301}e\x{301}e\x{301}e\x{301}e\x{301}e\x{301}e\x{301}e\x{301}e\x{301}e\x{301}e\x{301}e\x{301}e\x{301}e\x{301}e\x{301}e\x{301}e\x{301}e\x{301}e\x{301}e\x{301}e\x{301}e\x{301}e\x{301}e\x{301}e\x{301}e\x{301}e\x{301}e\x{301}e\x{301} e\x{301}e\x{301}e\x{301}e\x{301}e\x{301}e\x{301}e\x{301}e\x{301}e\x{301}e\x{301}e\x{301}e\x{301}e\x{301}e\x{301}e\x{301}e\x{301}e\x{301}e\x{301}e\x{301}e\x{301}e\x{301}e\x{301}"
          text run at (1055,1305) width 1: " "
          text run at (0,1320) width 1056: "e\x{301}e\x{301}e\x{301}e\x{301}e\x{301}e\x{301}e\x{301}e\x{301}e\x{301}e\x{301}e\x{301}e\x{301}e\x{301}e\x{301}e\x{301}e\x{301}e\x{301}e\x{301}e\x{301}e\x{301}e\x{301}e\x{301}e\x{301}e\x{301}e\x{301}e\x{301}e\x{301}e\x{301}e\x{301}e\x{301}e\x{301}e\x{301} e\x{301} e\x{301}e\x{301}e\x{301}e\x{301}e\x{301}e\x{301}e\x{301}e\x{301}e\x{301}e\x{301}e\x{301}e\x{301}e\x{301}e\x{301}e\x{301}e\x{301}e\x{301}e\x{301}e\x{301}e\x{301}e\x{301}e\x{301}e\x{301}e\x{301}e\x{301}e\x{301}e\x{301}e\x{301}e\x{301}e\x{301}e\x{301}e\x{301}e\x{301}e\x{301}e\x{301}e\x{301}e\x{301}e\x{301}e\x{301}e\x{301}e\x{301}e\x{301}e\x{301} e\x{301}e\x{301}e\x{301}e\x{301}e\x{301}e\x{301}e\x{301}e\x{301}e\x{301}e\x{301}e\x{301}e\x{301}e\x{301}e\x{301}e\x{301}e\x{301}e\x{301}e\x{301}e\x{301}e\x{301}e\x{301}e\x{301}e\x{301}e\x{301}e\x{301}e\x{301}e\x{301}e\x{301}e\x{301}e\x{301} e\x{301}e\x{301}e\x{301}e\x{301}e\x{301}e\x{301}e\x{301}e\x{301}e\x{301}e\x{301}e\x{301}e\x{301}e\x{301}e\x{301}e\x{301}e\x{301}e\x{301}e\x{301}e\x{301}e\x{301}e\x{301}e\x{301}"
          text run at (1055,1320) width 1: " "
          text run at (0,1335) width 1056: "e\x{301}e\x{301}e\x{301}e\x{301}e\x{301}e\x{301}e\x{301}e\x{301}e\x{301}e\x{301}e\x{301}e\x{301}e\x{301}e\x{301}e\x{301}e\x{301}e\x{301}e\x{301}e\x{301}e\x{301}e\x{301}e\x{301}e\x{301}e\x{301}e\x{301}e\x{301}e\x{301}e\x{301}e\x{301}e\x{301}e\x{301}e\x{301} e\x{301} e\x{301}e\x{301}e\x{301}e\x{301}e\x{301}e\x{301}e\x{301}e\x{301}e\x{301}e\x{301}e\x{301}e\x{301}e\x{301}e\x{301}e\x{301}e\x{301}e\x{301}e\x{301}e\x{301}e\x{301}e\x{301}e\x{301}e\x{301}e\x{301}e\x{301}e\x{301}e\x{301}e\x{301}e\x{301}e\x{301}e\x{301}e\x{301}e\x{301}e\x{301}e\x{301}e\x{301}e\x{301}e\x{301}e\x{301}e\x{301}e\x{301}e\x{301}e\x{301} e\x{301}e\x{301}e\x{301}e\x{301}e\x{301}e\x{301}e\x{301}e\x{301}e\x{301}e\x{301}e\x{301}e\x{301}e\x{301}e\x{301}e\x{301}e\x{301}e\x{301}e\x{301}e\x{301}e\x{301}e\x{301}e\x{301}e\x{301}e\x{301}e\x{301}e\x{301}e\x{301}e\x{301}e\x{301}e\x{301} e\x{301}e\x{301}e\x{301}e\x{301}e\x{301}e\x{301}e\x{301}e\x{301}e\x{301}e\x{301}e\x{301}e\x{301}e\x{301}e\x{301}e\x{301}e\x{301}e\x{301}e\x{301}e\x{301}e\x{301}e\x{301}e\x{301}"
          text run at (1055,1335) width 1: " "
          text run at (0,1350) width 1056: "e\x{301}e\x{301}e\x{301}e\x{301}e\x{301}e\x{301}e\x{301}e\x{301}e\x{301}e\x{301}e\x{301}e\x{301}e\x{301}e\x{301}e\x{301}e\x{301}e\x{301}e\x{301}e\x{301}e\x{301}e\x{301}e\x{301}e\x{301}e\x{301}e\x{301}e\x{301}e\x{301}e\x{301}e\x{301}e\x{301}e\x{301}e\x{301} e\x{301} e\x{301}e\x{301}e\x{301}e\x{301}e\x{301}e\x{301}e\x{301}e\x{301}e\x{301}e\x{301}e\x{301}e\x{301}e\x{301}e\x{301}e\x{301}e\x{301}e\x{301}e\x{301}e\x{301}e\x{301}e\x{301}e\x{301}e\x{301}e\x{301}e\x{301}e\x{301}e\x{301}e\x{301}e\x{301}e\x{301}e\x{301}e\x{301}e\x{301}e\x{301}e\x{301}e\x{301}e\x{301}e\x{301}e\x{301}e\x{301}e\x{301}e\x{301}e\x{301} e\x{301}e\x{301}e\x{301}e\x{301}e\x{301}e\x{301}e\x{301}e\x{301}e\x{301}e\x{301}e\x{301}e\x{301}e\x{301}e\x{301}e\x{301}e\x{301}e\x{301}e\x{301}e\x{301}e\x{301}e\x{301}e\x{301}e\x{301}e\x{301}e\x{301}e\x{301}e\x{301}e\x{301}e\x{301}e\x{301} e\x{301}e\x{301}e\x{301}e\x{301}e\x{301}e\x{301}e\x{301}e\x{301}e\x{301}e\x{301}e\x{301}e\x{301}e\x{301}e\x{301}e\x{301}e\x{301}e\x{301}e\x{301}e\x{301}e\x{301}e\x{301}e\x{301}"
          text run at (1055,1350) width 1: " "
          text run at (0,1365) width 1056: "e\x{301}e\x{301}e\x{301}e\x{301}e\x{301}e\x{301}e\x{301}e\x{301}e\x{301}e\x{301}e\x{301}e\x{301}e\x{301}e\x{301}e\x{301}e\x{301}e\x{301}e\x{301}e\x{301}e\x{301}e\x{301}e\x{301}e\x{301}e\x{301}e\x{301}e\x{301}e\x{301}e\x{301}e\x{301}e\x{301}e\x{301}e\x{301} e\x{301} e\x{301}e\x{301}e\x{301}e\x{301}e\x{301}e\x{301}e\x{301}e\x{301}e\x{301}e\x{301}e\x{301}e\x{301}e\x{301}e\x{301}e\x{301}e\x{301}e\x{301}e\x{301}e\x{301}e\x{301}e\x{301}e\x{301}e\x{301}e\x{301}e\x{301}e\x{301}e\x{301}e\x{301}e\x{301}e\x{301}e\x{301}e\x{301}e\x{301}e\x{301}e\x{301}e\x{301}e\x{301}e\x{301}e\x{301}e\x{301}e\x{301}e\x{301}e\x{301} e\x{301}e\x{301}e\x{301}e\x{301}e\x{301}e\x{301}e\x{301}e\x{301}e\x{301}e\x{301}e\x{301}e\x{301}e\x{301}e\x{301}e\x{301}e\x{301}e\x{301}e\x{301}e\x{301}e\x{301}e\x{301}e\x{301}e\x{301}e\x{301}e\x{301}e\x{301}e\x{301}e\x{301}e\x{301}e\x{301} e\x{301}e\x{301}e\x{301}e\x{301}e\x{301}e\x{301}e\x{301}e\x{301}e\x{301}e\x{301}e\x{301}e\x{301}e\x{301}e\x{301}e\x{301}e\x{301}e\x{301}e\x{301}e\x{301}e\x{301}e\x{301}e\x{301}"
          text run at (1055,1365) width 1: " "
          text run at (0,1380) width 1056: "e\x{301}e\x{301}e\x{301}e\x{301}e\x{301}e\x{301}e\x{301}e\x{301}e\x{301}e\x{301}e\x{301}e\x{301}e\x{301}e\x{301}e\x{301}e\x{301}e\x{301}e\x{301}e\x{301}e\x{301}e\x{301}e\x{301}e\x{301}e\x{301}e\x{301}e\x{301}e\x{301}e\x{301}e\x{301}e\x{301}e\x{301}e\x{301} e\x{301} e\x{301}e\x{301}e\x{301}e\x{301}e\x{301}e\x{301}e\x{301}e\x{301}e\x{301}e\x{301}e\x{301}e\x{301}e\x{301}e\x{301}e\x{301}e\x{301}e\x{301}e\x{301}e\x{301}e\x{301}e\x{301}e\x{301}e\x{301}e\x{301}e\x{301}e\x{301}e\x{301}e\x{301}e\x{301}e\x{301}e\x{301}e\x{301}e\x{301}e\x{301}e\x{301}e\x{301}e\x{301}e\x{301}e\x{301}e\x{301}e\x{301}e\x{301}e\x{301} e\x{301}e\x{301}e\x{301}e\x{301}e\x{301}e\x{301}e\x{301}e\x{301}e\x{301}e\x{301}e\x{301}e\x{301}e\x{301}e\x{301}e\x{301}e\x{301}e\x{301}e\x{301}e\x{301}e\x{301}e\x{301}e\x{301}e\x{301}e\x{301}e\x{301}e\x{301}e\x{301}e\x{301}e\x{301}e\x{301} e\x{301}e\x{301}e\x{301}e\x{301}e\x{301}e\x{301}e\x{301}e\x{301}e\x{301}e\x{301}e\x{301}e\x{301}e\x{301}e\x{301}e\x{301}e\x{301}e\x{301}e\x{301}e\x{301}e\x{301}e\x{301}e\x{301}"
          text run at (1055,1380) width 1: " "
          text run at (0,1395) width 1056: "e\x{301}e\x{301}e\x{301}e\x{301}e\x{301}e\x{301}e\x{301}e\x{301}e\x{301}e\x{301}e\x{301}e\x{301}e\x{301}e\x{301}e\x{301}e\x{301}e\x{301}e\x{301}e\x{301}e\x{301}e\x{301}e\x{301}e\x{301}e\x{301}e\x{301}e\x{301}e\x{301}e\x{301}e\x{301}e\x{301}e\x{301}e\x{301} e\x{301} e\x{301}e\x{301}e\x{301}e\x{301}e\x{301}e\x{301}e\x{301}e\x{301}e\x{301}e\x{301}e\x{301}e\x{301}e\x{301}e\x{301}e\x{301}e\x{301}e\x{301}e\x{301}e\x{301}e\x{301}e\x{301}e\x{301}e\x{301}e\x{301}e\x{301}e\x{301}e\x{301}e\x{301}e\x{301}e\x{301}e\x{301}e\x{301}e\x{301}e\x{301}e\x{301}e\x{301}e\x{301}e\x{301}e\x{301}e\x{301}e\x{301}e\x{301}e\x{301} e\x{301}e\x{301}e\x{301}e\x{301}e\x{301}e\x{301}e\x{301}e\x{301}e\x{301}e\x{301}e\x{301}e\x{301}e\x{301}e\x{301}e\x{301}e\x{301}e\x{301}e\x{301}e\x{301}e\x{301}e\x{301}e\x{301}e\x{301}e\x{301}e\x{301}e\x{301}e\x{301}e\x{301}e\x{301}e\x{301} e\x{301}e\x{301}e\x{301}e\x{301}e\x{301}e\x{301}e\x{301}e\x{301}e\x{301}e\x{301}e\x{301}e\x{301}e\x{301}e\x{301}e\x{301}e\x{301}e\x{301}e\x{301}e\x{301}e\x{301}e\x{301}e\x{301}"
          text run at (1055,1395) width 1: " "
          text run at (0,1410) width 1056: "e\x{301}e\x{301}e\x{301}e\x{301}e\x{301}e\x{301}e\x{301}e\x{301}e\x{301}e\x{301}e\x{301}e\x{301}e\x{301}e\x{301}e\x{301}e\x{301}e\x{301}e\x{301}e\x{301}e\x{301}e\x{301}e\x{301}e\x{301}e\x{301}e\x{301}e\x{301}e\x{301}e\x{301}e\x{301}e\x{301}e\x{301}e\x{301} e\x{301} e\x{301}e\x{301}e\x{301}e\x{301}e\x{301}e\x{301}e\x{301}e\x{301}e\x{301}e\x{301}e\x{301}e\x{301}e\x{301}e\x{301}e\x{301}e\x{301}e\x{301}e\x{301}e\x{301}e\x{301}e\x{301}e\x{301}e\x{301}e\x{301}e\x{301}e\x{301}e\x{301}e\x{301}e\x{301}e\x{301}e\x{301}e\x{301}e\x{301}e\x{301}e\x{301}e\x{301}e\x{301}e\x{301}e\x{301}e\x{301}e\x{301}e\x{301}e\x{301} e\x{301}e\x{301}e\x{301}e\x{301}e\x{301}e\x{301}e\x{301}e\x{301}e\x{301}e\x{301}e\x{301}e\x{301}e\x{301}e\x{301}e\x{301}e\x{301}e\x{301}e\x{301}e\x{301}e\x{301}e\x{301}e\x{301}e\x{301}e\x{301}e\x{301}e\x{301}e\x{301}e\x{301}e\x{301}e\x{301} e\x{301}e\x{301}e\x{301}e\x{301}e\x{301}e\x{301}e\x{301}e\x{301}e\x{301}e\x{301}e\x{301}e\x{301}e\x{301}e\x{301}e\x{301}e\x{301}e\x{301}e\x{301}e\x{301}e\x{301}e\x{301}e\x{301}"
          text run at (1055,1410) width 1: " "
          text run at (0,1425) width 1056: "e\x{301}e\x{301}e\x{301}e\x{301}e\x{301}e\x{301}e\x{301}e\x{301}e\x{301}e\x{301}e\x{301}e\x{301}e\x{301}e\x{301}e\x{301}e\x{301}e\x{301}e\x{301}e\x{301}e\x{301}e\x{301}e\x{301}e\x{301}e\x{301}e\x{301}e\x{301}e\x{301}e\x{301}e\x{301}e\x{301}e\x{301}e\x{301} e\x{301} e\x{301}e\x{301}e\x{301}e\x{301}e\x{301}e\x{301}e\x{301}e\x{301}e\x{301}e\x{301}e\x{301}e\x{301}e\x{301}e\x{301}e\x{301}e\x{301}e\x{301}e\x{301}e\x{301}e\x{301}e\x{301}e\x{301}e\x{301}e\x{301}e\x{301}e\x{301}e\x{301}e\x{301}e\x{301}e\x{301}e\x{301}e\x{301}e\x{301}e\x{301}e\x{301}e\x{301}e\x{301}e\x{301}e\x{301}e\x{301}e\x{301}e\x{301}e\x{301} e\x{301}e\x{301}e\x{301}e\x{301}e\x{301}e\x{301}e\x{301}e\x{301}e\x{301}e\x{301}e\x{301}e\x{301}e\x{301}e\x{301}e\x{301}e\x{301}e\x{301}e\x{301}e\x{301}e\x{301}e\x{301}e\x{301}e\x{301}e\x{301}e\x{301}e\x{301}e\x{301}e\x{301}e\x{301}e\x{301} e\x{301}e\x{301}e\x{301}e\x{301}e\x{301}e\x{301}e\x{301}e\x{301}e\x{301}e\x{301}e\x{301}e\x{301}e\x{301}e\x{301}e\x{301}e\x{301}e\x{301}e\x{301}e\x{301}e\x{301}e\x{301}e\x{301}"
          text run at (1055,1425) width 1: " "
          text run at (0,1440) width 1056: "e\x{301}e\x{301}e\x{301}e\x{301}e\x{301}e\x{301}e\x{301}e\x{301}e\x{301}e\x{301}e\x{301}e\x{301}e\x{301}e\x{301}e\x{301}e\x{301}e\x{301}e\x{301}e\x{301}e\x{301}e\x{301}e\x{301}e\x{301}e\x{301}e\x{301}e\x{301}e\x{301}e\x{301}e\x{301}e\x{301}e\x{301}e\x{301} e\x{301} e\x{301}e\x{301}e\x{301}e\x{301}e\x{301}e\x{301}e\x{301}e\x{301}e\x{301}e\x{301}e\x{301}e\x{301}e\x{301}e\x{301}e\x{301}e\x{301}e\x{301}e\x{301}e\x{301}e\x{301}e\x{301}e\x{301}e\x{301}e\x{301}e\x{301}e\x{301}e\x{301}e\x{301}e\x{301}e\x{301}e\x{301}e\x{301}e\x{301}e\x{301}e\x{301}e\x{301}e\x{301}e\x{301}e\x{301}e\x{301}e\x{301}e\x{301}e\x{301} e\x{301}e\x{301}e\x{301}e\x{301}e\x{301}e\x{301}e\x{301}e\x{301}e\x{301}e\x{301}e\x{301}e\x{301}e\x{301}e\x{301}e\x{301}e\x{301}e\x{301}e\x{301}e\x{301}e\x{301}e\x{301}e\x{301}e\x{301}e\x{301}e\x{301}e\x{301}e\x{301}e\x{301}e\x{301}e\x{301} e\x{301}e\x{301}e\x{301}e\x{301}e\x{301}e\x{301}e\x{301}e\x{301}e\x{301}e\x{301}e\x{301}e\x{301}e\x{301}e\x{301}e\x{301}e\x{301}e\x{301}e\x{301}e\x{301}e\x{301}e\x{301}e\x{301}"
          text run at (1055,1440) width 1: " "
          text run at (0,1455) width 1056: "e\x{301}e\x{301}e\x{301}e\x{301}e\x{301}e\x{301}e\x{301}e\x{301}e\x{301}e\x{301}e\x{301}e\x{301}e\x{301}e\x{301}e\x{301}e\x{301}e\x{301}e\x{301}e\x{301}e\x{301}e\x{301}e\x{301}e\x{301}e\x{301}e\x{301}e\x{301}e\x{301}e\x{301}e\x{301}e\x{301}e\x{301}e\x{301} e\x{301} e\x{301}e\x{301}e\x{301}e\x{301}e\x{301}e\x{301}e\x{301}e\x{301}e\x{301}e\x{301}e\x{301}e\x{301}e\x{301}e\x{301}e\x{301}e\x{301}e\x{301}e\x{301}e\x{301}e\x{301}e\x{301}e\x{301}e\x{301}e\x{301}e\x{301}e\x{301}e\x{301}e\x{301}e\x{301}e\x{301}e\x{301}e\x{301}e\x{301}e\x{301}e\x{301}e\x{301}e\x{301}e\x{301}e\x{301}e\x{301}e\x{301}e\x{301}e\x{301} e\x{301}e\x{301}e\x{301}e\x{301}e\x{301}e\x{301}e\x{301}e\x{301}e\x{301}e\x{301}e\x{301}e\x{301}e\x{301}e\x{301}e\x{301}e\x{301}e\x{301}e\x{301}e\x{301}e\x{301}e\x{301}e\x{301}e\x{301}e\x{301}e\x{301}e\x{301}e\x{301}e\x{301}e\x{301}e\x{301} e\x{301}e\x{301}e\x{301}e\x{301}e\x{301}e\x{301}e\x{301}e\x{301}e\x{301}e\x{301}e\x{301}e\x{301}e\x{301}e\x{301}e\x{301}e\x{301}e\x{301}e\x{301}e\x{301}e\x{301}e\x{301}e\x{301}"
          text run at (1055,1455) width 1: " "
          text run at (0,1470) width 1056: "e\x{301}e\x{301}e\x{301}e\x{301}e\x{301}e\x{301}e\x{301}e\x{301}e\x{301}e\x{301}e\x{301}e\x{301}e\x{301}e\x{301}e\x{301}e\x{301}e\x{301}e\x{301}e\x{301}e\x{301}e\x{301}e\x{301}e\x{301}e\x{301}e\x{301}e\x{301}e\x{301}e\x{301}e\x{301}e\x{301}e\x{301}e\x{301} e\x{301} e\x{301}e\x{301}e\x{301}e\x{301}e\x{301}e\x{301}e\x{301}e\x{301}e\x{301}e\x{301}e\x{301}e\x{301}e\x{301}e\x{301}e\x{301}e\x{301}e\x{301}e\x{301}e\x{301}e\x{301}e\x{301}e\x{301}e\x{301}e\x{301}e\x{301}e\x{301}e\x{301}e\x{301}e\x{301}e\x{301}e\x{301}e\x{301}e\x{301}e\x{301}e\x{301}e\x{301}e\x{301}e\x{301}e\x{301}e\x{301}e\x{301}e\x{301}e\x{301} e\x{301}e\x{301}e\x{301}e\x{301}e\x{301}e\x{301}e\x{301}e\x{301}e\x{301}e\x{301}e\x{301}e\x{301}e\x{301}e\x{301}e\x{301}e\x{301}e\x{301}e\x{301}e\x{301}e\x{301}e\x{301}e\x{301}e\x{301}e\x{301}e\x{301}e\x{301}e\x{301}e\x{301}e\x{301}e\x{301} e\x{301}e\x{301}e\x{301}e\x{301}e\x{301}e\x{301}e\x{301}e\x{301}e\x{301}e\x{301}e\x{301}e\x{301}e\x{301}e\x{301}e\x{301}e\x{301}e\x{301}e\x{301}e\x{301}e\x{301}e\x{301}e\x{301}"
          text run at (1055,1470) width 1: " "
          text run at (0,1485) width 1056: "e\x{301}e\x{301}e\x{301}e\x{301}e\x{301}e\x{301}e\x{301}e\x{301}e\x{301}e\x{301}e\x{301}e\x{301}e\x{301}e\x{301}e\x{301}e\x{301}e\x{301}e\x{301}e\x{301}e\x{301}e\x{301}e\x{301}e\x{301}e\x{301}e\x{301}e\x{301}e\x{301}e\x{301}e\x{301}e\x{301}e\x{301}e\x{301} e\x{301} e\x{301}e\x{301}e\x{301}e\x{301}e\x{301}e\x{301}e\x{301}e\x{301}e\x{301}e\x{301}e\x{301}e\x{301}e\x{301}e\x{301}e\x{301}e\x{301}e\x{301}e\x{301}e\x{301}e\x{301}e\x{301}e\x{301}e\x{301}e\x{301}e\x{301}e\x{301}e\x{301}e\x{301}e\x{301}e\x{301}e\x{301}e\x{301}e\x{301}e\x{301}e\x{301}e\x{301}e\x{301}e\x{301}e\x{301}e\x{301}e\x{301}e\x{301}e\x{301} e\x{301}e\x{301}e\x{301}e\x{301}e\x{301}e\x{301}e\x{301}e\x{301}e\x{301}e\x{301}e\x{301}e\x{301}e\x{301}e\x{301}e\x{301}e\x{301}e\x{301}e\x{301}e\x{301}e\x{301}e\x{301}e\x{301}e\x{301}e\x{301}e\x{301}e\x{301}e\x{301}e\x{301}e\x{301}e\x{301} e\x{301}e\x{301}e\x{301}e\x{301}e\x{301}e\x{301}e\x{301}e\x{301}e\x{301}e\x{301}e\x{301}e\x{301}e\x{301}e\x{301}e\x{301}e\x{301}e\x{301}e\x{301}e\x{301}e\x{301}e\x{301}e\x{301}"
          text run at (1055,1485) width 1: " "
          text run at (0,1500) width 1056: "e\x{301}e\x{301}e\x{301}e\x{301}e\x{301}e\x{301}e\x{301}e\x{301}e\x{301}e\x{301}e\x{301}e\x{301}e\x{301}e\x{301}e\x{301}e\x{301}e\x{301}e\x{301}e\x{301}e\x{301}e\x{301}e\x{301}e\x{301}e\x{301}e\x{301}e\x{301}e\x{301}e\x{301}e\x{301}e\x{301}e\x{301}e\x{301} e\x{301} e\x{301}e\x{301}e\x{301}e\x{301}e\x{301}e\x{301}e\x{301}e\x{301}e\x{301}e\x{301}e\x{301}e\x{301}e\x{301}e\x{301}e\x{301}e\x{301}e\x{301}e\x{301}e\x{301}e\x{301}e\x{301}e\x{301}e\x{301}e\x{301}e\x{301}e\x{301}e\x{301}e\x{301}e\x{301}e\x{301}e\x{301}e\x{301}e\x{301}e\x{301}e\x{301}e\x{301}e\x{301}e\x{301}e\x{301}e\x{301}e\x{301}e\x{301}e\x{301} e\x{301}e\x{301}e\x{301}e\x{301}e\x{301}e\x{301}e\x{301}e\x{301}e\x{301}e\x{301}e\x{301}e\x{301}e\x{301}e\x{301}e\x{301}e\x{301}e\x{301}e\x{301}e\x{301}e\x{301}e\x{301}e\x{301}e\x{301}e\x{301}e\x{301}e\x{301}e\x{301}e\x{301}e\x{301}e\x{301} e\x{301}e\x{301}e\x{301}e\x{301}e\x{301}e\x{301}e\x{301}e\x{301}e\x{301}e\x{301}e\x{301}e\x{301}e\x{301}e\x{301}e\x{301}e\x{301}e\x{301}e\x{301}e\x{301}e\x{301}e\x{301}e\x{301}"
          text run at (1055,1500) width 1: " "
          text run at (0,1515) width 1056: "e\x{301}e\x{301}e\x{301}e\x{301}e\x{301}e\x{301}e\x{301}e\x{301}e\x{301}e\x{301}e\x{301}e\x{301}e\x{301}e\x{301}e\x{301}e\x{301}e\x{301}e\x{301}e\x{301}e\x{301}e\x{301}e\x{301}e\x{301}e\x{301}e\x{301}e\x{301}e\x{301}e\x{301}e\x{301}e\x{301}e\x{301}e\x{301} e\x{301} e\x{301}e\x{301}e\x{301}e\x{301}e\x{301}e\x{301}e\x{301}e\x{301}e\x{301}e\x{301}e\x{301}e\x{301}e\x{301}e\x{301}e\x{301}e\x{301}e\x{301}e\x{301}e\x{301}e\x{301}e\x{301}e\x{301}e\x{301}e\x{301}e\x{301}e\x{301}e\x{301}e\x{301}e\x{301}e\x{301}e\x{301}e\x{301}e\x{301}e\x{301}e\x{301}e\x{301}e\x{301}e\x{301}e\x{301}e\x{301}e\x{301}e\x{301}e\x{301} e\x{301}e\x{301}e\x{301}e\x{301}e\x{301}e\x{301}e\x{301}e\x{301}e\x{301}e\x{301}e\x{301}e\x{301}e\x{301}e\x{301}e\x{301}e\x{301}e\x{301}e\x{301}e\x{301}e\x{301}e\x{301}e\x{301}e\x{301}e\x{301}e\x{301}e\x{301}e\x{301}e\x{301}e\x{301}e\x{301} e\x{301}e\x{301}e\x{301}e\x{301}e\x{301}e\x{301}e\x{301}e\x{301}e\x{301}e\x{301}e\x{301}e\x{301}e\x{301}e\x{301}e\x{301}e\x{301}e\x{301}e\x{301}e\x{301}e\x{301}e\x{301}e\x{301}"
          text run at (1055,1515) width 1: " "
          text run at (0,1530) width 1056: "e\x{301}e\x{301}e\x{301}e\x{301}e\x{301}e\x{301}e\x{301}e\x{301}e\x{301}e\x{301}e\x{301}e\x{301}e\x{301}e\x{301}e\x{301}e\x{301}e\x{301}e\x{301}e\x{301}e\x{301}e\x{301}e\x{301}e\x{301}e\x{301}e\x{301}e\x{301}e\x{301}e\x{301}e\x{301}e\x{301}e\x{301}e\x{301} e\x{301} e\x{301}e\x{301}e\x{301}e\x{301}e\x{301}e\x{301}e\x{301}e\x{301}e\x{301}e\x{301}e\x{301}e\x{301}e\x{301}e\x{301}e\x{301}e\x{301}e\x{301}e\x{301}e\x{301}e\x{301}e\x{301}e\x{301}e\x{301}e\x{301}e\x{301}e\x{301}e\x{301}e\x{301}e\x{301}e\x{301}e\x{301}e\x{301}e\x{301}e\x{301}e\x{301}e\x{301}e\x{301}e\x{301}e\x{301}e\x{301}e\x{301}e\x{301}e\x{301} e\x{301}e\x{301}e\x{301}e\x{301}e\x{301}e\x{301}e\x{301}e\x{301}e\x{301}e\x{301}e\x{301}e\x{301}e\x{301}e\x{301}e\x{301}e\x{301}e\x{301}e\x{301}e\x{301}e\x{301}e\x{301}e\x{301}e\x{301}e\x{301}e\x{301}e\x{301}e\x{301}e\x{301}e\x{301}e\x{301} e\x{301}e\x{301}e\x{301}e\x{301}e\x{301}e\x{301}e\x{301}e\x{301}e\x{301}e\x{301}e\x{301}e\x{301}e\x{301}e\x{301}e\x{301}e\x{301}e\x{301}e\x{301}e\x{301}e\x{301}e\x{301}e\x{301}"
          text run at (1055,1530) width 1: " "
          text run at (0,1545) width 1056: "e\x{301}e\x{301}e\x{301}e\x{301}e\x{301}e\x{301}e\x{301}e\x{301}e\x{301}e\x{301}e\x{301}e\x{301}e\x{301}e\x{301}e\x{301}e\x{301}e\x{301}e\x{301}e\x{301}e\x{301}e\x{301}e\x{301}e\x{301}e\x{301}e\x{301}e\x{301}e\x{301}e\x{301}e\x{301}e\x{301}e\x{301}e\x{301} e\x{301} e\x{301}e\x{301}e\x{301}e\x{301}e\x{301}e\x{301}e\x{301}e\x{301}e\x{301}e\x{301}e\x{301}e\x{301}e\x{301}e\x{301}e\x{301}e\x{301}e\x{301}e\x{301}e\x{301}e\x{301}e\x{301}e\x{301}e\x{301}e\x{301}e\x{301}e\x{301}e\x{301}e\x{301}e\x{301}e\x{301}e\x{301}e\x{301}e\x{301}e\x{301}e\x{301}e\x{301}e\x{301}e\x{301}e\x{301}e\x{301}e\x{301}e\x{301}e\x{301} e\x{301}e\x{301}e\x{301}e\x{301}e\x{301}e\x{301}e\x{301}e\x{301}e\x{301}e\x{301}e\x{301}e\x{301}e\x{301}e\x{301}e\x{301}e\x{301}e\x{301}e\x{301}e\x{301}e\x{301}e\x{301}e\x{301}e\x{301}e\x{301}e\x{301}e\x{301}e\x{301}e\x{301}e\x{301}e\x{301} e\x{301}e\x{301}e\x{301}e\x{301}e\x{301}e\x{301}e\x{301}e\x{301}e\x{301}e\x{301}e\x{301}e\x{301}e\x{301}e\x{301}e\x{301}e\x{301}e\x{301}e\x{301}e\x{301}e\x{301}e\x{301}e\x{301}"
          text run at (1055,1545) width 1: " "
          text run at (0,1560) width 1056: "e\x{301}e\x{301}e\x{301}e\x{301}e\x{301}e\x{301}e\x{301}e\x{301}e\x{301}e\x{301}e\x{301}e\x{301}e\x{301}e\x{301}e\x{301}e\x{301}e\x{301}e\x{301}e\x{301}e\x{301}e\x{301}e\x{301}e\x{301}e\x{301}e\x{301}e\x{301}e\x{301}e\x{301}e\x{301}e\x{301}e\x{301}e\x{301} e\x{301} e\x{301}e\x{301}e\x{301}e\x{301}e\x{301}e\x{301}e\x{301}e\x{301}e\x{301}e\x{301}e\x{301}e\x{301}e\x{301}e\x{301}e\x{301}e\x{301}e\x{301}e\x{301}e\x{301}e\x{301}e\x{301}e\x{301}e\x{301}e\x{301}e\x{301}e\x{301}e\x{301}e\x{301}e\x{301}e\x{301}e\x{301}e\x{301}e\x{301}e\x{301}e\x{301}e\x{301}e\x{301}e\x{301}e\x{301}e\x{301}e\x{301}e\x{301}e\x{301} e\x{301}e\x{301}e\x{301}e\x{301}e\x{301}e\x{301}e\x{301}e\x{301}e\x{301}e\x{301}e\x{301}e\x{301}e\x{301}e\x{301}e\x{301}e\x{301}e\x{301}e\x{301}e\x{301}e\x{301}e\x{301}e\x{301}e\x{301}e\x{301}e\x{301}e\x{301}e\x{301}e\x{301}e\x{301}e\x{301} e\x{301}e\x{301}e\x{301}e\x{301}e\x{301}e\x{301}e\x{301}e\x{301}e\x{301}e\x{301}e\x{301}e\x{301}e\x{301}e\x{301}e\x{301}e\x{301}e\x{301}e\x{301}e\x{301}e\x{301}e\x{301}e\x{301}"
          text run at (1055,1560) width 1: " "
          text run at (0,1575) width 1056: "e\x{301}e\x{301}e\x{301}e\x{301}e\x{301}e\x{301}e\x{301}e\x{301}e\x{301}e\x{301}e\x{301}e\x{301}e\x{301}e\x{301}e\x{301}e\x{301}e\x{301}e\x{301}e\x{301}e\x{301}e\x{301}e\x{301}e\x{301}e\x{301}e\x{301}e\x{301}e\x{301}e\x{301}e\x{301}e\x{301}e\x{301}e\x{301} e\x{301} e\x{301}e\x{301}e\x{301}e\x{301}e\x{301}e\x{301}e\x{301}e\x{301}e\x{301}e\x{301}e\x{301}e\x{301}e\x{301}e\x{301}e\x{301}e\x{301}e\x{301}e\x{301}e\x{301}e\x{301}e\x{301}e\x{301}e\x{301}e\x{301}e\x{301}e\x{301}e\x{301}e\x{301}e\x{301}e\x{301}e\x{301}e\x{301}e\x{301}e\x{301}e\x{301}e\x{301}e\x{301}e\x{301}e\x{301}e\x{301}e\x{301}e\x{301}e\x{301} e\x{301}e\x{301}e\x{301}e\x{301}e\x{301}e\x{301}e\x{301}e\x{301}e\x{301}e\x{301}e\x{301}e\x{301}e\x{301}e\x{301}e\x{301}e\x{301}e\x{301}e\x{301}e\x{301}e\x{301}e\x{301}e\x{301}e\x{301}e\x{301}e\x{301}e\x{301}e\x{301}e\x{301}e\x{301}e\x{301} e\x{301}e\x{301}e\x{301}e\x{301}e\x{301}e\x{301}e\x{301}e\x{301}e\x{301}e\x{301}e\x{301}e\x{301}e\x{301}e\x{301}e\x{301}e\x{301}e\x{301}e\x{301}e\x{301}e\x{301}e\x{301}e\x{301}"
          text run at (1055,1575) width 1: " "
          text run at (0,1590) width 1056: "e\x{301}e\x{301}e\x{301}e\x{301}e\x{301}e\x{301}e\x{301}e\x{301}e\x{301}e\x{301}e\x{301}e\x{301}e\x{301}e\x{301}e\x{301}e\x{301}e\x{301}e\x{301}e\x{301}e\x{301}e\x{301}e\x{301}e\x{301}e\x{301}e\x{301}e\x{301}e\x{301}e\x{301}e\x{301}e\x{301}e\x{301}e\x{301} e\x{301} e\x{301}e\x{301}e\x{301}e\x{301}e\x{301}e\x{301}e\x{301}e\x{301}e\x{301}e\x{301}e\x{301}e\x{301}e\x{301}e\x{301}e\x{301}e\x{301}e\x{301}e\x{301}e\x{301}e\x{301}e\x{301}e\x{301}e\x{301}e\x{301}e\x{301}e\x{301}e\x{301}e\x{301}e\x{301}e\x{301}e\x{301}e\x{301}e\x{301}e\x{301}e\x{301}e\x{301}e\x{301}e\x{301}e\x{301}e\x{301}e\x{301}e\x{301}e\x{301} e\x{301}e\x{301}e\x{301}e\x{301}e\x{301}e\x{301}e\x{301}e\x{301}e\x{301}e\x{301}e\x{301}e\x{301}e\x{301}e\x{301}e\x{301}e\x{301}e\x{301}e\x{301}e\x{301}e\x{301}e\x{301}e\x{301}e\x{301}e\x{301}e\x{301}e\x{301}e\x{301}e\x{301}e\x{301}e\x{301} e\x{301}e\x{301}e\x{301}e\x{301}e\x{301}e\x{301}e\x{301}e\x{301}e\x{301}e\x{301}e\x{301}e\x{301}e\x{301}e\x{301}e\x{301}e\x{301}e\x{301}e\x{301}e\x{301}e\x{301}e\x{301}e\x{301}"
          text run at (1055,1590) width 1: " "
          text run at (0,1605) width 1056: "e\x{301}e\x{301}e\x{301}e\x{301}e\x{301}e\x{301}e\x{301}e\x{301}e\x{301}e\x{301}e\x{301}e\x{301}e\x{301}e\x{301}e\x{301}e\x{301}e\x{301}e\x{301}e\x{301}e\x{301}e\x{301}e\x{301}e\x{301}e\x{301}e\x{301}e\x{301}e\x{301}e\x{301}e\x{301}e\x{301}e\x{301}e\x{301} e\x{301} e\x{301}e\x{301}e\x{301}e\x{301}e\x{301}e\x{301}e\x{301}e\x{301}e\x{301}e\x{301}e\x{301}e\x{301}e\x{301}e\x{301}e\x{301}e\x{301}e\x{301}e\x{301}e\x{301}e\x{301}e\x{301}e\x{301}e\x{301}e\x{301}e\x{301}e\x{301}e\x{301}e\x{301}e\x{301}e\x{301}e\x{301}e\x{301}e\x{301}e\x{301}e\x{301}e\x{301}e\x{301}e\x{301}e\x{301}e\x{301}e\x{301}e\x{301}e\x{301} e\x{301}e\x{301}e\x{301}e\x{301}e\x{301}e\x{301}e\x{301}e\x{301}e\x{301}e\x{301}e\x{301}e\x{301}e\x{301}e\x{301}e\x{301}e\x{301}e\x{301}e\x{301}e\x{301}e\x{301}e\x{301}e\x{301}e\x{301}e\x{301}e\x{301}e\x{301}e\x{301}e\x{301}e\x{301}e\x{301} e\x{301}e\x{301}e\x{301}e\x{301}e\x{301}e\x{301}e\x{301}e\x{301}e\x{301}e\x{301}e\x{301}e\x{301}e\x{301}e\x{301}e\x{301}e\x{301}e\x{301}e\x{301}e\x{301}e\x{301}e\x{301}e\x{301}"
          text run at (1055,1605) width 1: " "
          text run at (0,1620) width 1056: "e\x{301}e\x{301}e\x{301}e\x{301}e\x{301}e\x{301}e\x{301}e\x{301}e\x{301}e\x{301}e\x{301}e\x{301}e\x{301}e\x{301}e\x{301}e\x{301}e\x{301}e\x{301}e\x{301}e\x{301}e\x{301}e\x{301}e\x{301}e\x{301}e\x{301}e\x{301}e\x{301}e\x{301}e\x{301}e\x{301}e\x{301}e\x{301} e\x{301} e\x{301}e\x{301}e\x{301}e\x{301}e\x{301}e\x{301}e\x{301}e\x{301}e\x{301}e\x{301}e\x{301}e\x{301}e\x{301}e\x{301}e\x{301}e\x{301}e\x{301}e\x{301}e\x{301}e\x{301}e\x{301}e\x{301}e\x{301}e\x{301}e\x{301}e\x{301}e\x{301}e\x{301}e\x{301}e\x{301}e\x{301}e\x{301}e\x{301}e\x{301}e\x{301}e\x{301}e\x{301}e\x{301}e\x{301}e\x{301}e\x{301}e\x{301}e\x{301} e\x{301}e\x{301}e\x{301}e\x{301}e\x{301}e\x{301}e\x{301}e\x{301}e\x{301}e\x{301}e\x{301}e\x{301}e\x{301}e\x{301}e\x{301}e\x{301}e\x{301}e\x{301}e\x{301}e\x{301}e\x{301}e\x{301}e\x{301}e\x{301}e\x{301}e\x{301}e\x{301}e\x{301}e\x{301}e\x{301} e\x{301}e\x{301}e\x{301}e\x{301}e\x{301}e\x{301}e\x{301}e\x{301}e\x{301}e\x{301}e\x{301}e\x{301}e\x{301}e\x{301}e\x{301}e\x{301}e\x{301}e\x{301}e\x{301}e\x{301}e\x{301}e\x{301}"
          text run at (1055,1620) width 1: " "
          text run at (0,1635) width 1056: "e\x{301}e\x{301}e\x{301}e\x{301}e\x{301}e\x{301}e\x{301}e\x{301}e\x{301}e\x{301}e\x{301}e\x{301}e\x{301}e\x{301}e\x{301}e\x{301}e\x{301}e\x{301}e\x{301}e\x{301}e\x{301}e\x{301}e\x{301}e\x{301}e\x{301}e\x{301}e\x{301}e\x{301}e\x{301}e\x{301}e\x{301}e\x{301} e\x{301} e\x{301}e\x{301}e\x{301}e\x{301}e\x{301}e\x{301}e\x{301}e\x{301}e\x{301}e\x{301}e\x{301}e\x{301}e\x{301}e\x{301}e\x{301}e\x{301}e\x{301}e\x{301}e\x{301}e\x{301}e\x{301}e\x{301}e\x{301}e\x{301}e\x{301}e\x{301}e\x{301}e\x{301}e\x{301}e\x{301}e\x{301}e\x{301}e\x{301}e\x{301}e\x{301}e\x{301}e\x{301}e\x{301}e\x{301}e\x{301}e\x{301}e\x{301}e\x{301} e\x{301}e\x{301}e\x{301}e\x{301}e\x{301}e\x{301}e\x{301}e\x{301}e\x{301}e\x{301}e\x{301}e\x{301}e\x{301}e\x{301}e\x{301}e\x{301}e\x{301}e\x{301}e\x{301}e\x{301}e\x{301}e\x{301}e\x{301}e\x{301}e\x{301}e\x{301}e\x{301}e\x{301}e\x{301}e\x{301} e\x{301}e\x{301}e\x{301}e\x{301}e\x{301}e\x{301}e\x{301}e\x{301}e\x{301}e\x{301}e\x{301}e\x{301}e\x{301}e\x{301}e\x{301}e\x{301}e\x{301}e\x{301}e\x{301}e\x{301}e\x{301}e\x{301}"
          text run at (1055,1635) width 1: " "
          text run at (0,1650) width 1056: "e\x{301}e\x{301}e\x{301}e\x{301}e\x{301}e\x{301}e\x{301}e\x{301}e\x{301}e\x{301}e\x{301}e\x{301}e\x{301}e\x{301}e\x{301}e\x{301}e\x{301}e\x{301}e\x{301}e\x{301}e\x{301}e\x{301}e\x{301}e\x{301}e\x{301}e\x{301}e\x{301}e\x{301}e\x{301}e\x{301}e\x{301}e\x{301} e\x{301} e\x{301}e\x{301}e\x{301}e\x{301}e\x{301}e\x{301}e\x{301}e\x{301}e\x{301}e\x{301}e\x{301}e\x{301}e\x{301}e\x{301}e\x{301}e\x{301}e\x{301}e\x{301}e\x{301}e\x{301}e\x{301}e\x{301}e\x{301}e\x{301}e\x{301}e\x{301}e\x{301}e\x{301}e\x{301}e\x{301}e\x{301}e\x{301}e\x{301}e\x{301}e\x{301}e\x{301}e\x{301}e\x{301}e\x{301}e\x{301}e\x{301}e\x{301}e\x{301} e\x{301}e\x{301}e\x{301}e\x{301}e\x{301}e\x{301}e\x{301}e\x{301}e\x{301}e\x{301}e\x{301}e\x{301}e\x{301}e\x{301}e\x{301}e\x{301}e\x{301}e\x{301}e\x{301}e\x{301}e\x{301}e\x{301}e\x{301}e\x{301}e\x{301}e\x{301}e\x{301}e\x{301}e\x{301}e\x{301} e\x{301}e\x{301}e\x{301}e\x{301}e\x{301}e\x{301}e\x{301}e\x{301}e\x{301}e\x{301}e\x{301}e\x{301}e\x{301}e\x{301}e\x{301}e\x{301}e\x{301}e\x{301}e\x{301}e\x{301}e\x{301}e\x{301}"
          text run at (1055,1650) width 1: " "
          text run at (0,1665) width 1056: "e\x{301}e\x{301}e\x{301}e\x{301}e\x{301}e\x{301}e\x{301}e\x{301}e\x{301}e\x{301}e\x{301}e\x{301}e\x{301}e\x{301}e\x{301}e\x{301}e\x{301}e\x{301}e\x{301}e\x{301}e\x{301}e\x{301}e\x{301}e\x{301}e\x{301}e\x{301}e\x{301}e\x{301}e\x{301}e\x{301}e\x{301}e\x{301} e\x{301} e\x{301}e\x{301}e\x{301}e\x{301}e\x{301}e\x{301}e\x{301}e\x{301}e\x{301}e\x{301}e\x{301}e\x{301}e\x{301}e\x{301}e\x{301}e\x{301}e\x{301}e\x{301}e\x{301}e\x{301}e\x{301}e\x{301}e\x{301}e\x{301}e\x{301}e\x{301}e\x{301}e\x{301}e\x{301}e\x{301}e\x{301}e\x{301}e\x{301}e\x{301}e\x{301}e\x{301}e\x{301}e\x{301}e\x{301}e\x{301}e\x{301}e\x{301}e\x{301} e\x{301}e\x{301}e\x{301}e\x{301}e\x{301}e\x{301}e\x{301}e\x{301}e\x{301}e\x{301}e\x{301}e\x{301}e\x{301}e\x{301}e\x{301}e\x{301}e\x{301}e\x{301}e\x{301}e\x{301}e\x{301}e\x{301}e\x{301}e\x{301}e\x{301}e\x{301}e\x{301}e\x{301}e\x{301}e\x{301} e\x{301}e\x{301}e\x{301}e\x{301}e\x{301}e\x{301}e\x{301}e\x{301}e\x{301}e\x{301}e\x{301}e\x{301}e\x{301}e\x{301}e\x{301}e\x{301}e\x{301}e\x{301}e\x{301}e\x{301}e\x{301}e\x{301}"
          text run at (1055,1665) width 1: " "
          text run at (0,1680) width 1056: "e\x{301}e\x{301}e\x{301}e\x{301}e\x{301}e\x{301}e\x{301}e\x{301}e\x{301}e\x{301}e\x{301}e\x{301}e\x{301}e\x{301}e\x{301}e\x{301}e\x{301}e\x{301}e\x{301}e\x{301}e\x{301}e\x{301}e\x{301}e\x{301}e\x{301}e\x{301}e\x{301}e\x{301}e\x{301}e\x{301}e\x{301}e\x{301} e\x{301} e\x{301}e\x{301}e\x{301}e\x{301}e\x{301}e\x{301}e\x{301}e\x{301}e\x{301}e\x{301}e\x{301}e\x{301}e\x{301}e\x{301}e\x{301}e\x{301}e\x{301}e\x{301}e\x{301}e\x{301}e\x{301}e\x{301}e\x{301}e\x{301}e\x{301}e\x{301}e\x{301}e\x{301}e\x{301}e\x{301}e\x{301}e\x{301}e\x{301}e\x{301}e\x{301}e\x{301}e\x{301}e\x{301}e\x{301}e\x{301}e\x{301}e\x{301}e\x{301} e\x{301}e\x{301}e\x{301}e\x{301}e\x{301}e\x{301}e\x{301}e\x{301}e\x{301}e\x{301}e\x{301}e\x{301}e\x{301}e\x{301}e\x{301}e\x{301}e\x{301}e\x{301}e\x{301}e\x{301}e\x{301}e\x{301}e\x{301}e\x{301}e\x{301}e\x{301}e\x{301}e\x{301}e\x{301}e\x{301} e\x{301}e\x{301}e\x{301}e\x{301}e\x{301}e\x{301}e\x{301}e\x{301}e\x{301}e\x{301}e\x{301}e\x{301}e\x{301}e\x{301}e\x{301}e\x{301}e\x{301}e\x{301}e\x{301}e\x{301}e\x{301}e\x{301}"
          text run at (1055,1680) width 1: " "
          text run at (0,1695) width 1056: "e\x{301}e\x{301}e\x{301}e\x{301}e\x{301}e\x{301}e\x{301}e\x{301}e\x{301}e\x{301}e\x{301}e\x{301}e\x{301}e\x{301}e\x{301}e\x{301}e\x{301}e\x{301}e\x{301}e\x{301}e\x{301}e\x{301}e\x{301}e\x{301}e\x{301}e\x{301}e\x{301}e\x{301}e\x{301}e\x{301}e\x{301}e\x{301} e\x{301} e\x{301}e\x{301}e\x{301}e\x{301}e\x{301}e\x{301}e\x{301}e\x{301}e\x{301}e\x{301}e\x{301}e\x{301}e\x{301}e\x{301}e\x{301}e\x{301}e\x{301}e\x{301}e\x{301}e\x{301}e\x{301}e\x{301}e\x{301}e\x{301}e\x{301}e\x{301}e\x{301}e\x{301}e\x{301}e\x{301}e\x{301}e\x{301}e\x{301}e\x{301}e\x{301}e\x{301}e\x{301}e\x{301}e\x{301}e\x{301}e\x{301}e\x{301}e\x{301} e\x{301}e\x{301}e\x{301}e\x{301}e\x{301}e\x{301}e\x{301}e\x{301}e\x{301}e\x{301}e\x{301}e\x{301}e\x{301}e\x{301}e\x{301}e\x{301}e\x{301}e\x{301}e\x{301}e\x{301}e\x{301}e\x{301}e\x{301}e\x{301}e\x{301}e\x{301}e\x{301}e\x{301}e\x{301}e\x{301} e\x{301}e\x{301}e\x{301}e\x{301}e\x{301}e\x{301}e\x{301}e\x{301}e\x{301}e\x{301}e\x{301}e\x{301}e\x{301}e\x{301}e\x{301}e\x{301}e\x{301}e\x{301}e\x{301}e\x{301}e\x{301}e\x{301}"
          text run at (1055,1695) width 1: " "
          text run at (0,1710) width 1056: "e\x{301}e\x{301}e\x{301}e\x{301}e\x{301}e\x{301}e\x{301}e\x{301}e\x{301}e\x{301}e\x{301}e\x{301}e\x{301}e\x{301}e\x{301}e\x{301}e\x{301}e\x{301}e\x{301}e\x{301}e\x{301}e\x{301}e\x{301}e\x{301}e\x{301}e\x{301}e\x{301}e\x{301}e\x{301}e\x{301}e\x{301}e\x{301} e\x{301} e\x{301}e\x{301}e\x{301}e\x{301}e\x{301}e\x{301}e\x{301}e\x{301}e\x{301}e\x{301}e\x{301}e\x{301}e\x{301}e\x{301}e\x{301}e\x{301}e\x{301}e\x{301}e\x{301}e\x{301}e\x{301}e\x{301}e\x{301}e\x{301}e\x{301}e\x{301}e\x{301}e\x{301}e\x{301}e\x{301}e\x{301}e\x{301}e\x{301}e\x{301}e\x{301}e\x{301}e\x{301}e\x{301}e\x{301}e\x{301}e\x{301}e\x{301}e\x{301} e\x{301}e\x{301}e\x{301}e\x{301}e\x{301}e\x{301}e\x{301}e\x{301}e\x{301}e\x{301}e\x{301}e\x{301}e\x{301}e\x{301}e\x{301}e\x{301}e\x{301}e\x{301}e\x{301}e\x{301}e\x{301}e\x{301}e\x{301}e\x{301}e\x{301}e\x{301}e\x{301}e\x{301}e\x{301}e\x{301} e\x{301}e\x{301}e\x{301}e\x{301}e\x{301}e\x{301}e\x{301}e\x{301}e\x{301}e\x{301}e\x{301}e\x{301}e\x{301}e\x{301}e\x{301}e\x{301}e\x{301}e\x{301}e\x{301}e\x{301}e\x{301}e\x{301}"
          text run at (1055,1710) width 1: " "
          text run at (0,1725) width 1056: "e\x{301}e\x{301}e\x{301}e\x{301}e\x{301}e\x{301}e\x{301}e\x{301}e\x{301}e\x{301}e\x{301}e\x{301}e\x{301}e\x{301}e\x{301}e\x{301}e\x{301}e\x{301}e\x{301}e\x{301}e\x{301}e\x{301}e\x{301}e\x{301}e\x{301}e\x{301}e\x{301}e\x{301}e\x{301}e\x{301}e\x{301}e\x{301} e\x{301} e\x{301}e\x{301}e\x{301}e\x{301}e\x{301}e\x{301}e\x{301}e\x{301}e\x{301}e\x{301}e\x{301}e\x{301}e\x{301}e\x{301}e\x{301}e\x{301}e\x{301}e\x{301}e\x{301}e\x{301}e\x{301}e\x{301}e\x{301}e\x{301}e\x{301}e\x{301}e\x{301}e\x{301}e\x{301}e\x{301}e\x{301}e\x{301}e\x{301}e\x{301}e\x{301}e\x{301}e\x{301}e\x{301}e\x{301}e\x{301}e\x{301}e\x{301}e\x{301} e\x{301}e\x{301}e\x{301}e\x{301}e\x{301}e\x{301}e\x{301}e\x{301}e\x{301}e\x{301}e\x{301}e\x{301}e\x{301}e\x{301}e\x{301}e\x{301}e\x{301}e\x{301}e\x{301}e\x{301}e\x{301}e\x{301}e\x{301}e\x{301}e\x{301}e\x{301}e\x{301}e\x{301}e\x{301}e\x{301} e\x{301}e\x{301}e\x{301}e\x{301}e\x{301}e\x{301}e\x{301}e\x{301}e\x{301}e\x{301}e\x{301}e\x{301}e\x{301}e\x{301}e\x{301}e\x{301}e\x{301}e\x{301}e\x{301}e\x{301}e\x{301}e\x{301}"
          text run at (1055,1725) width 1: " "
          text run at (0,1740) width 1056: "e\x{301}e\x{301}e\x{301}e\x{301}e\x{301}e\x{301}e\x{301}e\x{301}e\x{301}e\x{301}e\x{301}e\x{301}e\x{301}e\x{301}e\x{301}e\x{301}e\x{301}e\x{301}e\x{301}e\x{301}e\x{301}e\x{301}e\x{301}e\x{301}e\x{301}e\x{301}e\x{301}e\x{301}e\x{301}e\x{301}e\x{301}e\x{301} e\x{301} e\x{301}e\x{301}e\x{301}e\x{301}e\x{301}e\x{301}e\x{301}e\x{301}e\x{301}e\x{301}e\x{301}e\x{301}e\x{301}e\x{301}e\x{301}e\x{301}e\x{301}e\x{301}e\x{301}e\x{301}e\x{301}e\x{301}e\x{301}e\x{301}e\x{301}e\x{301}e\x{301}e\x{301}e\x{301}e\x{301}e\x{301}e\x{301}e\x{301}e\x{301}e\x{301}e\x{301}e\x{301}e\x{301}e\x{301}e\x{301}e\x{301}e\x{301}e\x{301} e\x{301}e\x{301}e\x{301}e\x{301}e\x{301}e\x{301}e\x{301}e\x{301}e\x{301}e\x{301}e\x{301}e\x{301}e\x{301}e\x{301}e\x{301}e\x{301}e\x{301}e\x{301}e\x{301}e\x{301}e\x{301}e\x{301}e\x{301}e\x{301}e\x{301}e\x{301}e\x{301}e\x{301}e\x{301}e\x{301} e\x{301}e\x{301}e\x{301}e\x{301}e\x{301}e\x{301}e\x{301}e\x{301}e\x{301}e\x{301}e\x{301}e\x{301}e\x{301}e\x{301}e\x{301}e\x{301}e\x{301}e\x{301}e\x{301}e\x{301}e\x{301}e\x{301}"
          text run at (1055,1740) width 1: " "
          text run at (0,1755) width 1056: "e\x{301}e\x{301}e\x{301}e\x{301}e\x{301}e\x{301}e\x{301}e\x{301}e\x{301}e\x{301}e\x{301}e\x{301}e\x{301}e\x{301}e\x{301}e\x{301}e\x{301}e\x{301}e\x{301}e\x{301}e\x{301}e\x{301}e\x{301}e\x{301}e\x{301}e\x{301}e\x{301}e\x{301}e\x{301}e\x{301}e\x{301}e\x{301} e\x{301} e\x{301}e\x{301}e\x{301}e\x{301}e\x{301}e\x{301}e\x{301}e\x{301}e\x{301}e\x{301}e\x{301}e\x{301}e\x{301}e\x{301}e\x{301}e\x{301}e\x{301}e\x{301}e\x{301}e\x{301}e\x{301}e\x{301}e\x{301}e\x{301}e\x{301}e\x{301}e\x{301}e\x{301}e\x{301}e\x{301}e\x{301}e\x{301}e\x{301}e\x{301}e\x{301}e\x{301}e\x{301}e\x{301}e\x{301}e\x{301}e\x{301}e\x{301}e\x{301} e\x{301}e\x{301}e\x{301}e\x{301}e\x{301}e\x{301}e\x{301}e\x{301}e\x{301}e\x{301}e\x{301}e\x{301}e\x{301}e\x{301}e\x{301}e\x{301}e\x{301}e\x{301}e\x{301}e\x{301}e\x{301}e\x{301}e\x{301}e\x{301}e\x{301}e\x{301}e\x{301}e\x{301}e\x{301}e\x{301} e\x{301}e\x{301}e\x{301}e\x{301}e\x{301}e\x{301}e\x{301}e\x{301}e\x{301}e\x{301}e\x{301}e\x{301}e\x{301}e\x{301}e\x{301}e\x{301}e\x{301}e\x{301}e\x{301}e\x{301}e\x{301}e\x{301}"
          text run at (1055,1755) width 1: " "
          text run at (0,1770) width 1056: "e\x{301}e\x{301}e\x{301}e\x{301}e\x{301}e\x{301}e\x{301}e\x{301}e\x{301}e\x{301}e\x{301}e\x{301}e\x{301}e\x{301}e\x{301}e\x{301}e\x{301}e\x{301}e\x{301}e\x{301}e\x{301}e\x{301}e\x{301}e\x{301}e\x{301}e\x{301}e\x{301}e\x{301}e\x{301}e\x{301}e\x{301}e\x{301} e\x{301} e\x{301}e\x{301}e\x{301}e\x{301}e\x{301}e\x{301}e\x{301}e\x{301}e\x{301}e\x{301}e\x{301}e\x{301}e\x{301}e\x{301}e\x{301}e\x{301}e\x{301}e\x{301}e\x{301}e\x{301}e\x{301}e\x{301}e\x{301}e\x{301}e\x{301}e\x{301}e\x{301}e\x{301}e\x{301}e\x{301}e\x{301}e\x{301}e\x{301}e\x{301}e\x{301}e\x{301}e\x{301}e\x{301}e\x{301}e\x{301}e\x{301}e\x{301}e\x{301} e\x{301}e\x{301}e\x{301}e\x{301}e\x{301}e\x{301}e\x{301}e\x{301}e\x{301}e\x{301}e\x{301}e\x{301}e\x{301}e\x{301}e\x{301}e\x{301}e\x{301}e\x{301}e\x{301}e\x{301}e\x{301}e\x{301}e\x{301}e\x{301}e\x{301}e\x{301}e\x{301}e\x{301}e\x{301}e\x{301} e\x{301}e\x{301}e\x{301}e\x{301}e\x{301}e\x{301}e\x{301}e\x{301}e\x{301}e\x{301}e\x{301}e\x{301}e\x{301}e\x{301}e\x{301}e\x{301}e\x{301}e\x{301}e\x{301}e\x{301}e\x{301}e\x{301}"
          text run at (1055,1770) width 1: " "
          text run at (0,1785) width 1056: "e\x{301}e\x{301}e\x{301}e\x{301}e\x{301}e\x{301}e\x{301}e\x{301}e\x{301}e\x{301}e\x{301}e\x{301}e\x{301}e\x{301}e\x{301}e\x{301}e\x{301}e\x{301}e\x{301}e\x{301}e\x{301}e\x{301}e\x{301}e\x{301}e\x{301}e\x{301}e\x{301}e\x{301}e\x{301}e\x{301}e\x{301}e\x{301} e\x{301} e\x{301}e\x{301}e\x{301}e\x{301}e\x{301}e\x{301}e\x{301}e\x{301}e\x{301}e\x{301}e\x{301}e\x{301}e\x{301}e\x{301}e\x{301}e\x{301}e\x{301}e\x{301}e\x{301}e\x{301}e\x{301}e\x{301}e\x{301}e\x{301}e\x{301}e\x{301}e\x{301}e\x{301}e\x{301}e\x{301}e\x{301}e\x{301}e\x{301}e\x{301}e\x{301}e\x{301}e\x{301}e\x{301}e\x{301}e\x{301}e\x{301}e\x{301}e\x{301} e\x{301}e\x{301}e\x{301}e\x{301}e\x{301}e\x{301}e\x{301}e\x{301}e\x{301}e\x{301}e\x{301}e\x{301}e\x{301}e\x{301}e\x{301}e\x{301}e\x{301}e\x{301}e\x{301}e\x{301}e\x{301}e\x{301}e\x{301}e\x{301}e\x{301}e\x{301}e\x{301}e\x{301}e\x{301}e\x{301} e\x{301}e\x{301}e\x{301}e\x{301}e\x{301}e\x{301}e\x{301}e\x{301}e\x{301}e\x{301}e\x{301}e\x{301}e\x{301}e\x{301}e\x{301}e\x{301}e\x{301}e\x{301}e\x{301}e\x{301}e\x{301}e\x{301}"
          text run at (1055,1785) width 1: " "
          text run at (0,1800) width 1056: "e\x{301}e\x{301}e\x{301}e\x{301}e\x{301}e\x{301}e\x{301}e\x{301}e\x{301}e\x{301}e\x{301}e\x{301}e\x{301}e\x{301}e\x{301}e\x{301}e\x{301}e\x{301}e\x{301}e\x{301}e\x{301}e\x{301}e\x{301}e\x{301}e\x{301}e\x{301}e\x{301}e\x{301}e\x{301}e\x{301}e\x{301}e\x{301} e\x{301} e\x{301}e\x{301}e\x{301}e\x{301}e\x{301}e\x{301}e\x{301}e\x{301}e\x{301}e\x{301}e\x{301}e\x{301}e\x{301}e\x{301}e\x{301}e\x{301}e\x{301}e\x{301}e\x{301}e\x{301}e\x{301}e\x{301}e\x{301}e\x{301}e\x{301}e\x{301}e\x{301}e\x{301}e\x{301}e\x{301}e\x{301}e\x{301}e\x{301}e\x{301}e\x{301}e\x{301}e\x{301}e\x{301}e\x{301}e\x{301}e\x{301}e\x{301}e\x{301} e\x{301}e\x{301}e\x{301}e\x{301}e\x{301}e\x{301}e\x{301}e\x{301}e\x{301}e\x{301}e\x{301}e\x{301}e\x{301}e\x{301}e\x{301}e\x{301}e\x{301}e\x{301}e\x{301}e\x{301}e\x{301}e\x{301}e\x{301}e\x{301}e\x{301}e\x{301}e\x{301}e\x{301}e\x{301}e\x{301} e\x{301}e\x{301}e\x{301}e\x{301}e\x{301}e\x{301}e\x{301}e\x{301}e\x{301}e\x{301}e\x{301}e\x{301}e\x{301}e\x{301}e\x{301}e\x{301}e\x{301}e\x{301}e\x{301}e\x{301}e\x{301}e\x{301}"
          text run at (1055,1800) width 1: " "
          text run at (0,1815) width 1056: "e\x{301}e\x{301}e\x{301}e\x{301}e\x{301}e\x{301}e\x{301}e\x{301}e\x{301}e\x{301}e\x{301}e\x{301}e\x{301}e\x{301}e\x{301}e\x{301}e\x{301}e\x{301}e\x{301}e\x{301}e\x{301}e\x{301}e\x{301}e\x{301}e\x{301}e\x{301}e\x{301}e\x{301}e\x{301}e\x{301}e\x{301}e\x{301} e\x{301} e\x{301}e\x{301}e\x{301}e\x{301}e\x{301}e\x{301}e\x{301}e\x{301}e\x{301}e\x{301}e\x{301}e\x{301}e\x{301}e\x{301}e\x{301}e\x{301}e\x{301}e\x{301}e\x{301}e\x{301}e\x{301}e\x{301}e\x{301}e\x{301}e\x{301}e\x{301}e\x{301}e\x{301}e\x{301}e\x{301}e\x{301}e\x{301}e\x{301}e\x{301}e\x{301}e\x{301}e\x{301}e\x{301}e\x{301}e\x{301}e\x{301}e\x{301}e\x{301} e\x{301}e\x{301}e\x{301}e\x{301}e\x{301}e\x{301}e\x{301}e\x{301}e\x{301}e\x{301}e\x{301}e\x{301}e\x{301}e\x{301}e\x{301}e\x{301}e\x{301}e\x{301}e\x{301}e\x{301}e\x{301}e\x{301}e\x{301}e\x{301}e\x{301}e\x{301}e\x{301}e\x{301}e\x{301}e\x{301} e\x{301}e\x{301}e\x{301}e\x{301}e\x{301}e\x{301}e\x{301}e\x{301}e\x{301}e\x{301}e\x{301}e\x{301}e\x{301}e\x{301}e\x{301}e\x{301}e\x{301}e\x{301}e\x{301}e\x{301}e\x{301}e\x{301}"
          text run at (1055,1815) width 1: " "
          text run at (0,1830) width 1056: "e\x{301}e\x{301}e\x{301}e\x{301}e\x{301}e\x{301}e\x{301}e\x{301}e\x{301}e\x{301}e\x{301}e\x{301}e\x{301}e\x{301}e\x{301}e\x{301}e\x{301}e\x{301}e\x{301}e\x{301}e\x{301}e\x{301}e\x{301}e\x{301}e\x{301}e\x{301}e\x{301}e\x{301}e\x{301}e\x{301}e\x{301}e\x{301} e\x{301} e\x{301}e\x{301}e\x{301}e\x{301}e\x{301}e\x{301}e\x{301}e\x{301}e\x{301}e\x{301}e\x{301}e\x{301}e\x{301}e\x{301}e\x{301}e\x{301}e\x{301}e\x{301}e\x{301}e\x{301}e\x{301}e\x{301}e\x{301}e\x{301}e\x{301}e\x{301}e\x{301}e\x{301}e\x{301}e\x{301}e\x{301}e\x{301}e\x{301}e\x{301}e\x{301}e\x{301}e\x{301}e\x{301}e\x{301}e\x{301}e\x{301}e\x{301}e\x{301} e\x{301}e\x{301}e\x{301}e\x{301}e\x{301}e\x{301}e\x{301}e\x{301}e\x{301}e\x{301}e\x{301}e\x{301}e\x{301}e\x{301}e\x{301}e\x{301}e\x{301}e\x{301}e\x{301}e\x{301}e\x{301}e\x{301}e\x{301}e\x{301}e\x{301}e\x{301}e\x{301}e\x{301}e\x{301}e\x{301} e\x{301}e\x{301}e\x{301}e\x{301}e\x{301}e\x{301}e\x{301}e\x{301}e\x{301}e\x{301}e\x{301}e\x{301}e\x{301}e\x{301}e\x{301}e\x{301}e\x{301}e\x{301}e\x{301}e\x{301}e\x{301}e\x{301}"
          text run at (1055,1830) width 1: " "
          text run at (0,1845) width 1056: "e\x{301}e\x{301}e\x{301}e\x{301}e\x{301}e\x{301}e\x{301}e\x{301}e\x{301}e\x{301}e\x{301}e\x{301}e\x{301}e\x{301}e\x{301}e\x{301}e\x{301}e\x{301}e\x{301}e\x{301}e\x{301}e\x{301}e\x{301}e\x{301}e\x{301}e\x{301}e\x{301}e\x{301}e\x{301}e\x{301}e\x{301}e\x{301} e\x{301} e\x{301}e\x{301}e\x{301}e\x{301}e\x{301}e\x{301}e\x{301}e\x{301}e\x{301}e\x{301}e\x{301}e\x{301}e\x{301}e\x{301}e\x{301}e\x{301}e\x{301}e\x{301}e\x{301}e\x{301}e\x{301}e\x{301}e\x{301}e\x{301}e\x{301}e\x{301}e\x{301}e\x{301}e\x{301}e\x{301}e\x{301}e\x{301}e\x{301}e\x{301}e\x{301}e\x{301}e\x{301}e\x{301}e\x{301}e\x{301}e\x{301}e\x{301}e\x{301} e\x{301}e\x{301}e\x{301}e\x{301}e\x{301}e\x{301}e\x{301}e\x{301}e\x{301}e\x{301}e\x{301}e\x{301}e\x{301}e\x{301}e\x{301}e\x{301}e\x{301}e\x{301}e\x{301}e\x{301}e\x{301}e\x{301}e\x{301}e\x{301}e\x{301}e\x{301}e\x{301}e\x{301}e\x{301}e\x{301} e\x{301}e\x{301}e\x{301}e\x{301}e\x{301}e\x{301}e\x{301}e\x{301}e\x{301}e\x{301}e\x{301}e\x{301}e\x{301}e\x{301}e\x{301}e\x{301}e\x{301}e\x{301}e\x{301}e\x{301}e\x{301}e\x{301}"
          text run at (1055,1845) width 1: " "
          text run at (0,1860) width 1056: "e\x{301}e\x{301}e\x{301}e\x{301}e\x{301}e\x{301}e\x{301}e\x{301}e\x{301}e\x{301}e\x{301}e\x{301}e\x{301}e\x{301}e\x{301}e\x{301}e\x{301}e\x{301}e\x{301}e\x{301}e\x{301}e\x{301}e\x{301}e\x{301}e\x{301}e\x{301}e\x{301}e\x{301}e\x{301}e\x{301}e\x{301}e\x{301} e\x{301} e\x{301}e\x{301}e\x{301}e\x{301}e\x{301}e\x{301}e\x{301}e\x{301}e\x{301}e\x{301}e\x{301}e\x{301}e\x{301}e\x{301}e\x{301}e\x{301}e\x{301}e\x{301}e\x{301}e\x{301}e\x{301}e\x{301}e\x{301}e\x{301}e\x{301}e\x{301}e\x{301}e\x{301}e\x{301}e\x{301}e\x{301}e\x{301}e\x{301}e\x{301}e\x{301}e\x{301}e\x{301}e\x{301}e\x{301}e\x{301}e\x{301}e\x{301}e\x{301} e\x{301}e\x{301}e\x{301}e\x{301}e\x{301}e\x{301}e\x{301}e\x{301}e\x{301}e\x{301}e\x{301}e\x{301}e\x{301}e\x{301}e\x{301}e\x{301}e\x{301}e\x{301}e\x{301}e\x{301}e\x{301}e\x{301}e\x{301}e\x{301}e\x{301}e\x{301}e\x{301}e\x{301}e\x{301}e\x{301} e\x{301}e\x{301}e\x{301}e\x{301}e\x{301}e\x{301}e\x{301}e\x{301}e\x{301}e\x{301}e\x{301}e\x{301}e\x{301}e\x{301}e\x{301}e\x{301}e\x{301}e\x{301}e\x{301}e\x{301}e\x{301}e\x{301}"
          text run at (1055,1860) width 1: " "
          text run at (0,1875) width 1056: "e\x{301}e\x{301}e\x{301}e\x{301}e\x{301}e\x{301}e\x{301}e\x{301}e\x{301}e\x{301}e\x{301}e\x{301}e\x{301}e\x{301}e\x{301}e\x{301}e\x{301}e\x{301}e\x{301}e\x{301}e\x{301}e\x{301}e\x{301}e\x{301}e\x{301}e\x{301}e\x{301}e\x{301}e\x{301}e\x{301}e\x{301}e\x{301} e\x{301} e\x{301}e\x{301}e\x{301}e\x{301}e\x{301}e\x{301}e\x{301}e\x{301}e\x{301}e\x{301}e\x{301}e\x{301}e\x{301}e\x{301}e\x{301}e\x{301}e\x{301}e\x{301}e\x{301}e\x{301}e\x{301}e\x{301}e\x{301}e\x{301}e\x{301}e\x{301}e\x{301}e\x{301}e\x{301}e\x{301}e\x{301}e\x{301}e\x{301}e\x{301}e\x{301}e\x{301}e\x{301}e\x{301}e\x{301}e\x{301}e\x{301}e\x{301}e\x{301} e\x{301}e\x{301}e\x{301}e\x{301}e\x{301}e\x{301}e\x{301}e\x{301}e\x{301}e\x{301}e\x{301}e\x{301}e\x{301}e\x{301}e\x{301}e\x{301}e\x{301}e\x{301}e\x{301}e\x{301}e\x{301}e\x{301}e\x{301}e\x{301}e\x{301}e\x{301}e\x{301}e\x{301}e\x{301}e\x{301} e\x{301}e\x{301}e\x{301}e\x{301}e\x{301}e\x{301}e\x{301}e\x{301}e\x{301}e\x{301}e\x{301}e\x{301}e\x{301}e\x{301}e\x{301}e\x{301}e\x{301}e\x{301}e\x{301}e\x{301}e\x{301}e\x{301}"
          text run at (1055,1875) width 1: " "
          text run at (0,1890) width 1056: "e\x{301}e\x{301}e\x{301}e\x{301}e\x{301}e\x{301}e\x{301}e\x{301}e\x{301}e\x{301}e\x{301}e\x{301}e\x{301}e\x{301}e\x{301}e\x{301}e\x{301}e\x{301}e\x{301}e\x{301}e\x{301}e\x{301}e\x{301}e\x{301}e\x{301}e\x{301}e\x{301}e\x{301}e\x{301}e\x{301}e\x{301}e\x{301} e\x{301} e\x{301}e\x{301}e\x{301}e\x{301}e\x{301}e\x{301}e\x{301}e\x{301}e\x{301}e\x{301}e\x{301}e\x{301}e\x{301}e\x{301}e\x{301}e\x{301}e\x{301}e\x{301}e\x{301}e\x{301}e\x{301}e\x{301}e\x{301}e\x{301}e\x{301}e\x{301}e\x{301}e\x{301}e\x{301}e\x{301}e\x{301}e\x{301}e\x{301}e\x{301}e\x{301}e\x{301}e\x{301}e\x{301}e\x{301}e\x{301}e\x{301}e\x{301}e\x{301} e\x{301}e\x{301}e\x{301}e\x{301}e\x{301}e\x{301}e\x{301}e\x{301}e\x{301}e\x{301}e\x{301}e\x{301}e\x{301}e\x{301}e\x{301}e\x{301}e\x{301}e\x{301}e\x{301}e\x{301}e\x{301}e\x{301}e\x{301}e\x{301}e\x{301}e\x{301}e\x{301}e\x{301}e\x{301}e\x{301} e\x{301}e\x{301}e\x{301}e\x{301}e\x{301}e\x{301}e\x{301}e\x{301}e\x{301}e\x{301}e\x{301}e\x{301}e\x{301}e\x{301}e\x{301}e\x{301}e\x{301}e\x{301}e\x{301}e\x{301}e\x{301}e\x{301}"
          text run at (1055,1890) width 1: " "
          text run at (0,1905) width 1056: "e\x{301}e\x{301}e\x{301}e\x{301}e\x{301}e\x{301}e\x{301}e\x{301}e\x{301}e\x{301}e\x{301}e\x{301}e\x{301}e\x{301}e\x{301}e\x{301}e\x{301}e\x{301}e\x{301}e\x{301}e\x{301}e\x{301}e\x{301}e\x{301}e\x{301}e\x{301}e\x{301}e\x{301}e\x{301}e\x{301}e\x{301}e\x{301} e\x{301} e\x{301}e\x{301}e\x{301}e\x{301}e\x{301}e\x{301}e\x{301}e\x{301}e\x{301}e\x{301}e\x{301}e\x{301}e\x{301}e\x{301}e\x{301}e\x{301}e\x{301}e\x{301}e\x{301}e\x{301}e\x{301}e\x{301}e\x{301}e\x{301}e\x{301}e\x{301}e\x{301}e\x{301}e\x{301}e\x{301}e\x{301}e\x{301}e\x{301}e\x{301}e\x{301}e\x{301}e\x{301}e\x{301}e\x{301}e\x{301}e\x{301}e\x{301}e\x{301} e\x{301}e\x{301}e\x{301}e\x{301}e\x{301}e\x{301}e\x{301}e\x{301}e\x{301}e\x{301}e\x{301}e\x{301}e\x{301}e\x{301}e\x{301}e\x{301}e\x{301}e\x{301}e\x{301}e\x{301}e\x{301}e\x{301}e\x{301}e\x{301}e\x{301}e\x{301}e\x{301}e\x{301}e\x{301}e\x{301} e\x{301}e\x{301}e\x{301}e\x{301}e\x{301}e\x{301}e\x{301}e\x{301}e\x{301}e\x{301}e\x{301}e\x{301}e\x{301}e\x{301}e\x{301}e\x{301}e\x{301}e\x{301}e\x{301}e\x{301}e\x{301}e\x{301}"
          text run at (1055,1905) width 1: " "
          text run at (0,1920) width 1056: "e\x{301}e\x{301}e\x{301}e\x{301}e\x{301}e\x{301}e\x{301}e\x{301}e\x{301}e\x{301}e\x{301}e\x{301}e\x{301}e\x{301}e\x{301}e\x{301}e\x{301}e\x{301}e\x{301}e\x{301}e\x{301}e\x{301}e\x{301}e\x{301}e\x{301}e\x{301}e\x{301}e\x{301}e\x{301}e\x{301}e\x{301}e\x{301} e\x{301} e\x{301}e\x{301}e\x{301}e\x{301}e\x{301}e\x{301}e\x{301}e\x{301}e\x{301}e\x{301}e\x{301}e\x{301}e\x{301}e\x{301}e\x{301}e\x{301}e\x{301}e\x{301}e\x{301}e\x{301}e\x{301}e\x{301}e\x{301}e\x{301}e\x{301}e\x{301}e\x{301}e\x{301}e\x{301}e\x{301}e\x{301}e\x{301}e\x{301}e\x{301}e\x{301}e\x{301}e\x{301}e\x{301}e\x{301}e\x{301}e\x{301}e\x{301}e\x{301} e\x{301}e\x{301}e\x{301}e\x{301}e\x{301}e\x{301}e\x{301}e\x{301}e\x{301}e\x{301}e\x{301}e\x{301}e\x{301}e\x{301}e\x{301}e\x{301}e\x{301}e\x{301}e\x{301}e\x{301}e\x{301}e\x{301}e\x{301}e\x{301}e\x{301}e\x{301}e\x{301}e\x{301}e\x{301}e\x{301} e\x{301}e\x{301}e\x{301}e\x{301}e\x{301}e\x{301}e\x{301}e\x{301}e\x{301}e\x{301}e\x{301}e\x{301}e\x{301}e\x{301}e\x{301}e\x{301}e\x{301}e\x{301}e\x{301}e\x{301}e\x{301}e\x{301}"
          text run at (1055,1920) width 1: " "
          text run at (0,1935) width 1056: "e\x{301}e\x{301}e\x{301}e\x{301}e\x{301}e\x{301}e\x{301}e\x{301}e\x{301}e\x{301}e\x{301}e\x{301}e\x{301}e\x{301}e\x{301}e\x{301}e\x{301}e\x{301}e\x{301}e\x{301}e\x{301}e\x{301}e\x{301}e\x{301}e\x{301}e\x{301}e\x{301}e\x{301}e\x{301}e\x{301}e\x{301}e\x{301} e\x{301} e\x{301}e\x{301}e\x{301}e\x{301}e\x{301}e\x{301}e\x{301}e\x{301}e\x{301}e\x{301}e\x{301}e\x{301}e\x{301}e\x{301}e\x{301}e\x{301}e\x{301}e\x{301}e\x{301}e\x{301}e\x{301}e\x{301}e\x{301}e\x{301}e\x{301}e\x{301}e\x{301}e\x{301}e\x{301}e\x{301}e\x{301}e\x{301}e\x{301}e\x{301}e\x{301}e\x{301}e\x{301}e\x{301}e\x{301}e\x{301}e\x{301}e\x{301}e\x{301} e\x{301}e\x{301}e\x{301}e\x{301}e\x{301}e\x{301}e\x{301}e\x{301}e\x{301}e\x{301}e\x{301}e\x{301}e\x{301}e\x{301}e\x{301}e\x{301}e\x{301}e\x{301}e\x{301}e\x{301}e\x{301}e\x{301}e\x{301}e\x{301}e\x{301}e\x{301}e\x{301}e\x{301}e\x{301}e\x{301} e\x{301}e\x{301}e\x{301}e\x{301}e\x{301}e\x{301}e\x{301}e\x{301}e\x{301}e\x{301}e\x{301}e\x{301}e\x{301}e\x{301}e\x{301}e\x{301}e\x{301}e\x{301}e\x{301}e\x{301}e\x{301}e\x{301}"
          text run at (1055,1935) width 1: " "
          text run at (0,1950) width 1056: "e\x{301}e\x{301}e\x{301}e\x{301}e\x{301}e\x{301}e\x{301}e\x{301}e\x{301}e\x{301}e\x{301}e\x{301}e\x{301}e\x{301}e\x{301}e\x{301}e\x{301}e\x{301}e\x{301}e\x{301}e\x{301}e\x{301}e\x{301}e\x{301}e\x{301}e\x{301}e\x{301}e\x{301}e\x{301}e\x{301}e\x{301}e\x{301} e\x{301} e\x{301}e\x{301}e\x{301}e\x{301}e\x{301}e\x{301}e\x{301}e\x{301}e\x{301}e\x{301}e\x{301}e\x{301}e\x{301}e\x{301}e\x{301}e\x{301}e\x{301}e\x{301}e\x{301}e\x{301}e\x{301}e\x{301}e\x{301}e\x{301}e\x{301}e\x{301}e\x{301}e\x{301}e\x{301}e\x{301}e\x{301}e\x{301}e\x{301}e\x{301}e\x{301}e\x{301}e\x{301}e\x{301}e\x{301}e\x{301}e\x{301}e\x{301}e\x{301} e\x{301}e\x{301}e\x{301}e\x{301}e\x{301}e\x{301}e\x{301}e\x{301}e\x{301}e\x{301}e\x{301}e\x{301}e\x{301}e\x{301}e\x{301}e\x{301}e\x{301}e\x{301}e\x{301}e\x{301}e\x{301}e\x{301}e\x{301}e\x{301}e\x{301}e\x{301}e\x{301}e\x{301}e\x{301}e\x{301} e\x{301}e\x{301}e\x{301}e\x{301}e\x{301}e\x{301}e\x{301}e\x{301}e\x{301}e\x{301}e\x{301}e\x{301}e\x{301}e\x{301}e\x{301}e\x{301}e\x{301}e\x{301}e\x{301}e\x{301}e\x{301}e\x{301}"
          text run at (1055,1950) width 1: " "
          text run at (0,1965) width 1056: "e\x{301}e\x{301}e\x{301}e\x{301}e\x{301}e\x{301}e\x{301}e\x{301}e\x{301}e\x{301}e\x{301}e\x{301}e\x{301}e\x{301}e\x{301}e\x{301}e\x{301}e\x{301}e\x{301}e\x{301}e\x{301}e\x{301}e\x{301}e\x{301}e\x{301}e\x{301}e\x{301}e\x{301}e\x{301}e\x{301}e\x{301}e\x{301} e\x{301} e\x{301}e\x{301}e\x{301}e\x{301}e\x{301}e\x{301}e\x{301}e\x{301}e\x{301}e\x{301}e\x{301}e\x{301}e\x{301}e\x{301}e\x{301}e\x{301}e\x{301}e\x{301}e\x{301}e\x{301}e\x{301}e\x{301}e\x{301}e\x{301}e\x{301}e\x{301}e\x{301}e\x{301}e\x{301}e\x{301}e\x{301}e\x{301}e\x{301}e\x{301}e\x{301}e\x{301}e\x{301}e\x{301}e\x{301}e\x{301}e\x{301}e\x{301}e\x{301} e\x{301}e\x{301}e\x{301}e\x{301}e\x{301}e\x{301}e\x{301}e\x{301}e\x{301}e\x{301}e\x{301}e\x{301}e\x{301}e\x{301}e\x{301}e\x{301}e\x{301}e\x{301}e\x{301}e\x{301}e\x{301}e\x{301}e\x{301}e\x{301}e\x{301}e\x{301}e\x{301}e\x{301}e\x{301}e\x{301} e\x{301}e\x{301}e\x{301}e\x{301}e\x{301}e\x{301}e\x{301}e\x{301}e\x{301}e\x{301}e\x{301}e\x{301}e\x{301}e\x{301}e\x{301}e\x{301}e\x{301}e\x{301}e\x{301}e\x{301}e\x{301}e\x{301}"
          text run at (1055,1965) width 1: " "
          text run at (0,1980) width 1056: "e\x{301}e\x{301}e\x{301}e\x{301}e\x{301}e\x{301}e\x{301}e\x{301}e\x{301}e\x{301}e\x{301}e\x{301}e\x{301}e\x{301}e\x{301}e\x{301}e\x{301}e\x{301}e\x{301}e\x{301}e\x{301}e\x{301}e\x{301}e\x{301}e\x{301}e\x{301}e\x{301}e\x{301}e\x{301}e\x{301}e\x{301}e\x{301} e\x{301} e\x{301}e\x{301}e\x{301}e\x{301}e\x{301}e\x{301}e\x{301}e\x{301}e\x{301}e\x{301}e\x{301}e\x{301}e\x{301}e\x{301}e\x{301}e\x{301}e\x{301}e\x{301}e\x{301}e\x{301}e\x{301}e\x{301}e\x{301}e\x{301}e\x{301}e\x{301}e\x{301}e\x{301}e\x{301}e\x{301}e\x{301}e\x{301}e\x{301}e\x{301}e\x{301}e\x{301}e\x{301}e\x{301}e\x{301}e\x{301}e\x{301}e\x{301}e\x{301} e\x{301}e\x{301}e\x{301}e\x{301}e\x{301}e\x{301}e\x{301}e\x{301}e\x{301}e\x{301}e\x{301}e\x{301}e\x{301}e\x{301}e\x{301}e\x{301}e\x{301}e\x{301}e\x{301}e\x{301}e\x{301}e\x{301}e\x{301}e\x{301}e\x{301}e\x{301}e\x{301}e\x{301}e\x{301}e\x{301} e\x{301}e\x{301}e\x{301}e\x{301}e\x{301}e\x{301}e\x{301}e\x{301}e\x{301}e\x{301}e\x{301}e\x{301}e\x{301}e\x{301}e\x{301}e\x{301}e\x{301}e\x{301}e\x{301}e\x{301}e\x{301}e\x{301}"
          text run at (1055,1980) width 1: " "
          text run at (0,1995) width 1056: "e\x{301}e\x{301}e\x{301}e\x{301}e\x{301}e\x{301}e\x{301}e\x{301}e\x{301}e\x{301}e\x{301}e\x{301}e\x{301}e\x{301}e\x{301}e\x{301}e\x{301}e\x{301}e\x{301}e\x{301}e\x{301}e\x{301}e\x{301}e\x{301}e\x{301}e\x{301}e\x{301}e\x{301}e\x{301}e\x{301}e\x{301}e\x{301} e\x{301} e\x{301}e\x{301}e\x{301}e\x{301}e\x{301}e\x{301}e\x{301}e\x{301}e\x{301}e\x{301}e\x{301}e\x{301}e\x{301}e\x{301}e\x{301}e\x{301}e\x{301}e\x{301}e\x{301}e\x{301}e\x{301}e\x{301}e\x{301}e\x{301}e\x{301}e\x{301}e\x{301}e\x{301}e\x{301}e\x{301}e\x{301}e\x{301}e\x{301}e\x{301}e\x{301}e\x{301}e\x{301}e\x{301}e\x{301}e\x{301}e\x{301}e\x{301}e\x{301} e\x{301}e\x{301}e\x{301}e\x{301}e\x{301}e\x{301}e\x{301}e\x{301}e\x{301}e\x{301}e\x{301}e\x{301}e\x{301}e\x{301}e\x{301}e\x{301}e\x{301}e\x{301}e\x{301}e\x{301}e\x{301}e\x{301}e\x{301}e\x{301}e\x{301}e\x{301}e\x{301}e\x{301}e\x{301}e\x{301} e\x{301}e\x{301}e\x{301}e\x{301}e\x{301}e\x{301}e\x{301}e\x{301}e\x{301}e\x{301}e\x{301}e\x{301}e\x{301}e\x{301}e\x{301}e\x{301}e\x{301}e\x{301}e\x{301}e\x{301}e\x{301}e\x{301}"
          text run at (1055,1995) width 1: " "
          text run at (0,2010) width 1056: "e\x{301}e\x{301}e\x{301}e\x{301}e\x{301}e\x{301}e\x{301}e\x{301}e\x{301}e\x{301}e\x{301}e\x{301}e\x{301}e\x{301}e\x{301}e\x{301}e\x{301}e\x{301}e\x{301}e\x{301}e\x{301}e\x{301}e\x{301}e\x{301}e\x{301}e\x{301}e\x{301}e\x{301}e\x{301}e\x{301}e\x{301}e\x{301} e\x{301} e\x{301}e\x{301}e\x{301}e\x{301}e\x{301}e\x{301}e\x{301}e\x{301}e\x{301}e\x{301}e\x{301}e\x{301}e\x{301}e\x{301}e\x{301}e\x{301}e\x{301}e\x{301}e\x{301}e\x{301}e\x{301}e\x{301}e\x{301}e\x{301}e\x{301}e\x{301}e\x{301}e\x{301}e\x{301}e\x{301}e\x{301}e\x{301}e\x{301}e\x{301}e\x{301}e\x{301}e\x{301}e\x{301}e\x{301}e\x{301}e\x{301}e\x{301}e\x{301} e\x{301}e\x{301}e\x{301}e\x{301}e\x{301}e\x{301}e\x{301}e\x{301}e\x{301}e\x{301}e\x{301}e\x{301}e\x{301}e\x{301}e\x{301}e\x{301}e\x{301}e\x{301}e\x{301}e\x{301}e\x{301}e\x{301}e\x{301}e\x{301}e\x{301}e\x{301}e\x{301}e\x{301}e\x{301}e\x{301} e\x{301}e\x{301}e\x{301}e\x{301}e\x{301}e\x{301}e\x{301}e\x{301}e\x{301}e\x{301}e\x{301}e\x{301}e\x{301}e\x{301}e\x{301}e\x{301}e\x{301}e\x{301}e\x{301}e\x{301}e\x{301}e\x{301}"
          text run at (1055,2010) width 1: " "
          text run at (0,2025) width 1056: "e\x{301}e\x{301}e\x{301}e\x{301}e\x{301}e\x{301}e\x{301}e\x{301}e\x{301}e\x{301}e\x{301}e\x{301}e\x{301}e\x{301}e\x{301}e\x{301}e\x{301}e\x{301}e\x{301}e\x{301}e\x{301}e\x{301}e\x{301}e\x{301}e\x{301}e\x{301}e\x{301}e\x{301}e\x{301}e\x{301}e\x{301}e\x{301} e\x{301} e\x{301}e\x{301}e\x{301}e\x{301}e\x{301}e\x{301}e\x{301}e\x{301}e\x{301}e\x{301}e\x{301}e\x{301}e\x{301}e\x{301}e\x{301}e\x{301}e\x{301}e\x{301}e\x{301}e\x{301}e\x{301}e\x{301}e\x{301}e\x{301}e\x{301}e\x{301}e\x{301}e\x{301}e\x{301}e\x{301}e\x{301}e\x{301}e\x{301}e\x{301}e\x{301}e\x{301}e\x{301}e\x{301}e\x{301}e\x{301}e\x{301}e\x{301}e\x{301} e\x{301}e\x{301}e\x{301}e\x{301}e\x{301}e\x{301}e\x{301}e\x{301}e\x{301}e\x{301}e\x{301}e\x{301}e\x{301}e\x{301}e\x{301}e\x{301}e\x{301}e\x{301}e\x{301}e\x{301}e\x{301}e\x{301}e\x{301}e\x{301}e\x{301}e\x{301}e\x{301}e\x{301}e\x{301}e\x{301} e\x{301}e\x{301}e\x{301}e\x{301}e\x{301}e\x{301}e\x{301}e\x{301}e\x{301}e\x{301}e\x{301}e\x{301}e\x{301}e\x{301}e\x{301}e\x{301}e\x{301}e\x{301}e\x{301}e\x{301}e\x{301}e\x{301}"
          text run at (1055,2025) width 1: " "
          text run at (0,2040) width 1056: "e\x{301}e\x{301}e\x{301}e\x{301}e\x{301}e\x{301}e\x{301}e\x{301}e\x{301}e\x{301}e\x{301}e\x{301}e\x{301}e\x{301}e\x{301}e\x{301}e\x{301}e\x{301}e\x{301}e\x{301}e\x{301}e\x{301}e\x{301}e\x{301}e\x{301}e\x{301}e\x{301}e\x{301}e\x{301}e\x{301}e\x{301}e\x{301} e\x{301} e\x{301}e\x{301}e\x{301}e\x{301}e\x{301}e\x{301}e\x{301}e\x{301}e\x{301}e\x{301}e\x{301}e\x{301}e\x{301}e\x{301}e\x{301}e\x{301}e\x{301}e\x{301}e\x{301}e\x{301}e\x{301}e\x{301}e\x{301}e\x{301}e\x{301}e\x{301}e\x{301}e\x{301}e\x{301}e\x{301}e\x{301}e\x{301}e\x{301}e\x{301}e\x{301}e\x{301}e\x{301}e\x{301}e\x{301}e\x{301}e\x{301}e\x{301}e\x{301} e\x{301}e\x{301}e\x{301}e\x{301}e\x{301}e\x{301}e\x{301}e\x{301}e\x{301}e\x{301}e\x{301}e\x{301}e\x{301}e\x{301}e\x{301}e\x{301}e\x{301}e\x{301}e\x{301}e\x{301}e\x{301}e\x{301}e\x{301}e\x{301}e\x{301}e\x{301}e\x{301}e\x{301}e\x{301}e\x{301} e\x{301}e\x{301}e\x{301}e\x{301}e\x{301}e\x{301}e\x{301}e\x{301}e\x{301}e\x{301}e\x{301}e\x{301}e\x{301}e\x{301}e\x{301}e\x{301}e\x{301}e\x{301}e\x{301}e\x{301}e\x{301}e\x{301}"
          text run at (1055,2040) width 1: " "
          text run at (0,2055) width 1056: "e\x{301}e\x{301}e\x{301}e\x{301}e\x{301}e\x{301}e\x{301}e\x{301}e\x{301}e\x{301}e\x{301}e\x{301}e\x{301}e\x{301}e\x{301}e\x{301}e\x{301}e\x{301}e\x{301}e\x{301}e\x{301}e\x{301}e\x{301}e\x{301}e\x{301}e\x{301}e\x{301}e\x{301}e\x{301}e\x{301}e\x{301}e\x{301} e\x{301} e\x{301}e\x{301}e\x{301}e\x{301}e\x{301}e\x{301}e\x{301}e\x{301}e\x{301}e\x{301}e\x{301}e\x{301}e\x{301}e\x{301}e\x{301}e\x{301}e\x{301}e\x{301}e\x{301}e\x{301}e\x{301}e\x{301}e\x{301}e\x{301}e\x{301}e\x{301}e\x{301}e\x{301}e\x{301}e\x{301}e\x{301}e\x{301}e\x{301}e\x{301}e\x{301}e\x{301}e\x{301}e\x{301}e\x{301}e\x{301}e\x{301}e\x{301}e\x{301} e\x{301}e\x{301}e\x{301}e\x{301}e\x{301}e\x{301}e\x{301}e\x{301}e\x{301}e\x{301}e\x{301}e\x{301}e\x{301}e\x{301}e\x{301}e\x{301}e\x{301}e\x{301}e\x{301}e\x{301}e\x{301}e\x{301}e\x{301}e\x{301}e\x{301}e\x{301}e\x{301}e\x{301}e\x{301}e\x{301} e\x{301}e\x{301}e\x{301}e\x{301}e\x{301}e\x{301}e\x{301}e\x{301}e\x{301}e\x{301}e\x{301}e\x{301}e\x{301}e\x{301}e\x{301}e\x{301}e\x{301}e\x{301}e\x{301}e\x{301}e\x{301}e\x{301}"
          text run at (1055,2055) width 1: " "
          text run at (0,2070) width 1056: "e\x{301}e\x{301}e\x{301}e\x{301}e\x{301}e\x{301}e\x{301}e\x{301}e\x{301}e\x{301}e\x{301}e\x{301}e\x{301}e\x{301}e\x{301}e\x{301}e\x{301}e\x{301}e\x{301}e\x{301}e\x{301}e\x{301}e\x{301}e\x{301}e\x{301}e\x{301}e\x{301}e\x{301}e\x{301}e\x{301}e\x{301}e\x{301} e\x{301} e\x{301}e\x{301}e\x{301}e\x{301}e\x{301}e\x{301}e\x{301}e\x{301}e\x{301}e\x{301}e\x{301}e\x{301}e\x{301}e\x{301}e\x{301}e\x{301}e\x{301}e\x{301}e\x{301}e\x{301}e\x{301}e\x{301}e\x{301}e\x{301}e\x{301}e\x{301}e\x{301}e\x{301}e\x{301}e\x{301}e\x{301}e\x{301}e\x{301}e\x{301}e\x{301}e\x{301}e\x{301}e\x{301}e\x{301}e\x{301}e\x{301}e\x{301}e\x{301} e\x{301}e\x{301}e\x{301}e\x{301}e\x{301}e\x{301}e\x{301}e\x{301}e\x{301}e\x{301}e\x{301}e\x{301}e\x{301}e\x{301}e\x{301}e\x{301}e\x{301}e\x{301}e\x{301}e\x{301}e\x{301}e\x{301}e\x{301}e\x{301}e\x{301}e\x{301}e\x{301}e\x{301}e\x{301}e\x{301} e\x{301}e\x{301}e\x{301}e\x{301}e\x{301}e\x{301}e\x{301}e\x{301}e\x{301}e\x{301}e\x{301}e\x{301}e\x{301}e\x{301}e\x{301}e\x{301}e\x{301}e\x{301}e\x{301}e\x{301}e\x{301}e\x{301}"
          text run at (1055,2070) width 1: " "
          text run at (0,2085) width 1056: "e\x{301}e\x{301}e\x{301}e\x{301}e\x{301}e\x{301}e\x{301}e\x{301}e\x{301}e\x{301}e\x{301}e\x{301}e\x{301}e\x{301}e\x{301}e\x{301}e\x{301}e\x{301}e\x{301}e\x{301}e\x{301}e\x{301}e\x{301}e\x{301}e\x{301}e\x{301}e\x{301}e\x{301}e\x{301}e\x{301}e\x{301}e\x{301} e\x{301} e\x{301}e\x{301}e\x{301}e\x{301}e\x{301}e\x{301}e\x{301}e\x{301}e\x{301}e\x{301}e\x{301}e\x{301}e\x{301}e\x{301}e\x{301}e\x{301}e\x{301}e\x{301}e\x{301}e\x{301}e\x{301}e\x{301}e\x{301}e\x{301}e\x{301}e\x{301}e\x{301}e\x{301}e\x{301}e\x{301}e\x{301}e\x{301}e\x{301}e\x{301}e\x{301}e\x{301}e\x{301}e\x{301}e\x{301}e\x{301}e\x{301}e\x{301}e\x{301} e\x{301}e\x{301}e\x{301}e\x{301}e\x{301}e\x{301}e\x{301}e\x{301}e\x{301}e\x{301}e\x{301}e\x{301}e\x{301}e\x{301}e\x{301}e\x{301}e\x{301}e\x{301}e\x{301}e\x{301}e\x{301}e\x{301}e\x{301}e\x{301}e\x{301}e\x{301}e\x{301}e\x{301}e\x{301}e\x{301} e\x{301}e\x{301}e\x{301}e\x{301}e\x{301}e\x{301}e\x{301}e\x{301}e\x{301}e\x{301}e\x{301}e\x{301}e\x{301}e\x{301}e\x{301}e\x{301}e\x{301}e\x{301}e\x{301}e\x{301}e\x{301}e\x{301}"
          text run at (1055,2085) width 1: " "
          text run at (0,2100) width 1056: "e\x{301}e\x{301}e\x{301}e\x{301}e\x{301}e\x{301}e\x{301}e\x{301}e\x{301}e\x{301}e\x{301}e\x{301}e\x{301}e\x{301}e\x{301}e\x{301}e\x{301}e\x{301}e\x{301}e\x{301}e\x{301}e\x{301}e\x{301}e\x{301}e\x{301}e\x{301}e\x{301}e\x{301}e\x{301}e\x{301}e\x{301}e\x{301} e\x{301} e\x{301}e\x{301}e\x{301}e\x{301}e\x{301}e\x{301}e\x{301}e\x{301}e\x{301}e\x{301}e\x{301}e\x{301}e\x{301}e\x{301}e\x{301}e\x{301}e\x{301}e\x{301}e\x{301}e\x{301}e\x{301}e\x{301}e\x{301}e\x{301}e\x{301}e\x{301}e\x{301}e\x{301}e\x{301}e\x{301}e\x{301}e\x{301}e\x{301}e\x{301}e\x{301}e\x{301}e\x{301}e\x{301}e\x{301}e\x{301}e\x{301}e\x{301}e\x{301} e\x{301}e\x{301}e\x{301}e\x{301}e\x{301}e\x{301}e\x{301}e\x{301}e\x{301}e\x{301}e\x{301}e\x{301}e\x{301}e\x{301}e\x{301}e\x{301}e\x{301}e\x{301}e\x{301}e\x{301}e\x{301}e\x{301}e\x{301}e\x{301}e\x{301}e\x{301}e\x{301}e\x{301}e\x{301}e\x{301} e\x{301}e\x{301}e\x{301}e\x{301}e\x{301}e\x{301}e\x{301}e\x{301}e\x{301}e\x{301}e\x{301}e\x{301}e\x{301}e\x{301}e\x{301}e\x{301}e\x{301}e\x{301}e\x{301}e\x{301}e\x{301}e\x{301}"
          text run at (1055,2100) width 1: " "
          text run at (0,2115) width 1056: "e\x{301}e\x{301}e\x{301}e\x{301}e\x{301}e\x{301}e\x{301}e\x{301}e\x{301}e\x{301}e\x{301}e\x{301}e\x{301}e\x{301}e\x{301}e\x{301}e\x{301}e\x{301}e\x{301}e\x{301}e\x{301}e\x{301}e\x{301}e\x{301}e\x{301}e\x{301}e\x{301}e\x{301}e\x{301}e\x{301}e\x{301}e\x{301} e\x{301} e\x{301}e\x{301}e\x{301}e\x{301}e\x{301}e\x{301}e\x{301}e\x{301}e\x{301}e\x{301}e\x{301}e\x{301}e\x{301}e\x{301}e\x{301}e\x{301}e\x{301}e\x{301}e\x{301}e\x{301}e\x{301}e\x{301}e\x{301}e\x{301}e\x{301}e\x{301}e\x{301}e\x{301}e\x{301}e\x{301}e\x{301}e\x{301}e\x{301}e\x{301}e\x{301}e\x{301}e\x{301}e\x{301}e\x{301}e\x{301}e\x{301}e\x{301}e\x{301} e\x{301}e\x{301}e\x{301}e\x{301}e\x{301}e\x{301}e\x{301}e\x{301}e\x{301}e\x{301}e\x{301}e\x{301}e\x{301}e\x{301}e\x{301}e\x{301}e\x{301}e\x{301}e\x{301}e\x{301}e\x{301}e\x{301}e\x{301}e\x{301}e\x{301}e\x{301}e\x{301}e\x{301}e\x{301}e\x{301} e\x{301}e\x{301}e\x{301}e\x{301}e\x{301}e\x{301}e\x{301}e\x{301}e\x{301}e\x{301}e\x{301}e\x{301}e\x{301}e\x{301}e\x{301}e\x{301}e\x{301}e\x{301}e\x{301}e\x{301}e\x{301}e\x{301}"
          text run at (1055,2115) width 1: " "
          text run at (0,2130) width 1056: "e\x{301}e\x{301}e\x{301}e\x{301}e\x{301}e\x{301}e\x{301}e\x{301}e\x{301}e\x{301}e\x{301}e\x{301}e\x{301}e\x{301}e\x{301}e\x{301}e\x{301}e\x{301}e\x{301}e\x{301}e\x{301}e\x{301}e\x{301}e\x{301}e\x{301}e\x{301}e\x{301}e\x{301}e\x{301}e\x{301}e\x{301}e\x{301} e\x{301} e\x{301}e\x{301}e\x{301}e\x{301}e\x{301}e\x{301}e\x{301}e\x{301}e\x{301}e\x{301}e\x{301}e\x{301}e\x{301}e\x{301}e\x{301}e\x{301}e\x{301}e\x{301}e\x{301}e\x{301}e\x{301}e\x{301}e\x{301}e\x{301}e\x{301}e\x{301}e\x{301}e\x{301}e\x{301}e\x{301}e\x{301}e\x{301}e\x{301}e\x{301}e\x{301}e\x{301}e\x{301}e\x{301}e\x{301}e\x{301}e\x{301}e\x{301}e\x{301} e\x{301}e\x{301}e\x{301}e\x{301}e\x{301}e\x{301}e\x{301}e\x{301}e\x{301}e\x{301}e\x{301}e\x{301}e\x{301}e\x{301}e\x{301}e\x{301}e\x{301}e\x{301}e\x{301}e\x{301}e\x{301}e\x{301}e\x{301}e\x{301}e\x{301}e\x{301}e\x{301}e\x{301}e\x{301}e\x{301} e\x{301}e\x{301}e\x{301}e\x{301}e\x{301}e\x{301}e\x{301}e\x{301}e\x{301}e\x{301}e\x{301}e\x{301}e\x{301}e\x{301}e\x{301}e\x{301}e\x{301}e\x{301}e\x{301}e\x{301}e\x{301}e\x{301}"
          text run at (1055,2130) width 1: " "
          text run at (0,2145) width 1056: "e\x{301}e\x{301}e\x{301}e\x{301}e\x{301}e\x{301}e\x{301}e\x{301}e\x{301}e\x{301}e\x{301}e\x{301}e\x{301}e\x{301}e\x{301}e\x{301}e\x{301}e\x{301}e\x{301}e\x{301}e\x{301}e\x{301}e\x{301}e\x{301}e\x{301}e\x{301}e\x{301}e\x{301}e\x{301}e\x{301}e\x{301}e\x{301} e\x{301} e\x{301}e\x{301}e\x{301}e\x{301}e\x{301}e\x{301}e\x{301}e\x{301}e\x{301}e\x{301}e\x{301}e\x{301}e\x{301}e\x{301}e\x{301}e\x{301}e\x{301}e\x{301}e\x{301}e\x{301}e\x{301}e\x{301}e\x{301}e\x{301}e\x{301}e\x{301}e\x{301}e\x{301}e\x{301}e\x{301}e\x{301}e\x{301}e\x{301}e\x{301}e\x{301}e\x{301}e\x{301}e\x{301}e\x{301}e\x{301}e\x{301}e\x{301}e\x{301} e\x{301}e\x{301}e\x{301}e\x{301}e\x{301}e\x{301}e\x{301}e\x{301}e\x{301}e\x{301}e\x{301}e\x{301}e\x{301}e\x{301}e\x{301}e\x{301}e\x{301}e\x{301}e\x{301}e\x{301}e\x{301}e\x{301}e\x{301}e\x{301}e\x{301}e\x{301}e\x{301}e\x{301}e\x{301}e\x{301} e\x{301}e\x{301}e\x{301}e\x{301}e\x{301}e\x{301}e\x{301}e\x{301}e\x{301}e\x{301}e\x{301}e\x{301}e\x{301}e\x{301}e\x{301}e\x{301}e\x{301}e\x{301}e\x{301}e\x{301}e\x{301}e\x{301}"
          text run at (1055,2145) width 1: " "
          text run at (0,2160) width 1056: "e\x{301}e\x{301}e\x{301}e\x{301}e\x{301}e\x{301}e\x{301}e\x{301}e\x{301}e\x{301}e\x{301}e\x{301}e\x{301}e\x{301}e\x{301}e\x{301}e\x{301}e\x{301}e\x{301}e\x{301}e\x{301}e\x{301}e\x{301}e\x{301}e\x{301}e\x{301}e\x{301}e\x{301}e\x{301}e\x{301}e\x{301}e\x{301} e\x{301} e\x{301}e\x{301}e\x{301}e\x{301}e\x{301}e\x{301}e\x{301}e\x{301}e\x{301}e\x{301}e\x{301}e\x{301}e\x{301}e\x{301}e\x{301}e\x{301}e\x{301}e\x{301}e\x{301}e\x{301}e\x{301}e\x{301}e\x{301}e\x{301}e\x{301}e\x{301}e\x{301}e\x{301}e\x{301}e\x{301}e\x{301}e\x{301}e\x{301}e\x{301}e\x{301}e\x{301}e\x{301}e\x{301}e\x{301}e\x{301}e\x{301}e\x{301}e\x{301} e\x{301}e\x{301}e\x{301}e\x{301}e\x{301}e\x{301}e\x{301}e\x{301}e\x{301}e\x{301}e\x{301}e\x{301}e\x{301}e\x{301}e\x{301}e\x{301}e\x{301}e\x{301}e\x{301}e\x{301}e\x{301}e\x{301}e\x{301}e\x{301}e\x{301}e\x{301}e\x{301}e\x{301}e\x{301}e\x{301} e\x{301}e\x{301}e\x{301}e\x{301}e\x{301}e\x{301}e\x{301}e\x{301}e\x{301}e\x{301}e\x{301}e\x{301}e\x{301}e\x{301}e\x{301}e\x{301}e\x{301}e\x{301}e\x{301}e\x{301}e\x{301}e\x{301}"
          text run at (1055,2160) width 1: " "
          text run at (0,2175) width 1056: "e\x{301}e\x{301}e\x{301}e\x{301}e\x{301}e\x{301}e\x{301}e\x{301}e\x{301}e\x{301}e\x{301}e\x{301}e\x{301}e\x{301}e\x{301}e\x{301}e\x{301}e\x{301}e\x{301}e\x{301}e\x{301}e\x{301}e\x{301}e\x{301}e\x{301}e\x{301}e\x{301}e\x{301}e\x{301}e\x{301}e\x{301}e\x{301} e\x{301} e\x{301}e\x{301}e\x{301}e\x{301}e\x{301}e\x{301}e\x{301}e\x{301}e\x{301}e\x{301}e\x{301}e\x{301}e\x{301}e\x{301}e\x{301}e\x{301}e\x{301}e\x{301}e\x{301}e\x{301}e\x{301}e\x{301}e\x{301}e\x{301}e\x{301}e\x{301}e\x{301}e\x{301}e\x{301}e\x{301}e\x{301}e\x{301}e\x{301}e\x{301}e\x{301}e\x{301}e\x{301}e\x{301}e\x{301}e\x{301}e\x{301}e\x{301}e\x{301} e\x{301}e\x{301}e\x{301}e\x{301}e\x{301}e\x{301}e\x{301}e\x{301}e\x{301}e\x{301}e\x{301}e\x{301}e\x{301}e\x{301}e\x{301}e\x{301}e\x{301}e\x{301}e\x{301}e\x{301}e\x{301}e\x{301}e\x{301}e\x{301}e\x{301}e\x{301}e\x{301}e\x{301}e\x{301}e\x{301} e\x{301}e\x{301}e\x{301}e\x{301}e\x{301}e\x{301}e\x{301}e\x{301}e\x{301}e\x{301}e\x{301}e\x{301}e\x{301}e\x{301}e\x{301}e\x{301}e\x{301}e\x{301}e\x{301}e\x{301}e\x{301}e\x{301}"
          text run at (1055,2175) width 1: " "
          text run at (0,2190) width 1056: "e\x{301}e\x{301}e\x{301}e\x{301}e\x{301}e\x{301}e\x{301}e\x{301}e\x{301}e\x{301}e\x{301}e\x{301}e\x{301}e\x{301}e\x{301}e\x{301}e\x{301}e\x{301}e\x{301}e\x{301}e\x{301}e\x{301}e\x{301}e\x{301}e\x{301}e\x{301}e\x{301}e\x{301}e\x{301}e\x{301}e\x{301}e\x{301} e\x{301} e\x{301}e\x{301}e\x{301}e\x{301}e\x{301}e\x{301}e\x{301}e\x{301}e\x{301}e\x{301}e\x{301}e\x{301}e\x{301}e\x{301}e\x{301}e\x{301}e\x{301}e\x{301}e\x{301}e\x{301}e\x{301}e\x{301}e\x{301}e\x{301}e\x{301}e\x{301}e\x{301}e\x{301}e\x{301}e\x{301}e\x{301}e\x{301}e\x{301}e\x{301}e\x{301}e\x{301}e\x{301}e\x{301}e\x{301}e\x{301}e\x{301}e\x{301}e\x{301} e\x{301}e\x{301}e\x{301}e\x{301}e\x{301}e\x{301}e\x{301}e\x{301}e\x{301}e\x{301}e\x{301}e\x{301}e\x{301}e\x{301}e\x{301}e\x{301}e\x{301}e\x{301}e\x{301}e\x{301}e\x{301}e\x{301}e\x{301}e\x{301}e\x{301}e\x{301}e\x{301}e\x{301}e\x{301}e\x{301} e\x{301}e\x{301}e\x{301}e\x{301}e\x{301}e\x{301}e\x{301}e\x{301}e\x{301}e\x{301}e\x{301}e\x{301}e\x{301}e\x{301}e\x{301}e\x{301}e\x{301}e\x{301}e\x{301}e\x{301}e\x{301}e\x{301}"
          text run at (1055,2190) width 1: " "
          text run at (0,2205) width 1056: "e\x{301}e\x{301}e\x{301}e\x{301}e\x{301}e\x{301}e\x{301}e\x{301}e\x{301}e\x{301}e\x{301}e\x{301}e\x{301}e\x{301}e\x{301}e\x{301}e\x{301}e\x{301}e\x{301}e\x{301}e\x{301}e\x{301}e\x{301}e\x{301}e\x{301}e\x{301}e\x{301}e\x{301}e\x{301}e\x{301}e\x{301}e\x{301} e\x{301} e\x{301}e\x{301}e\x{301}e\x{301}e\x{301}e\x{301}e\x{301}e\x{301}e\x{301}e\x{301}e\x{301}e\x{301}e\x{301}e\x{301}e\x{301}e\x{301}e\x{301}e\x{301}e\x{301}e\x{301}e\x{301}e\x{301}e\x{301}e\x{301}e\x{301}e\x{301}e\x{301}e\x{301}e\x{301}e\x{301}e\x{301}e\x{301}e\x{301}e\x{301}e\x{301}e\x{301}e\x{301}e\x{301}e\x{301}e\x{301}e\x{301}e\x{301}e\x{301} e\x{301}e\x{301}e\x{301}e\x{301}e\x{301}e\x{301}e\x{301}e\x{301}e\x{301}e\x{301}e\x{301}e\x{301}e\x{301}e\x{301}e\x{301}e\x{301}e\x{301}e\x{301}e\x{301}e\x{301}e\x{301}e\x{301}e\x{301}e\x{301}e\x{301}e\x{301}e\x{301}e\x{301}e\x{301}e\x{301} e\x{301}e\x{301}e\x{301}e\x{301}e\x{301}e\x{301}e\x{301}e\x{301}e\x{301}e\x{301}e\x{301}e\x{301}e\x{301}e\x{301}e\x{301}e\x{301}e\x{301}e\x{301}e\x{301}e\x{301}e\x{301}e\x{301}"
          text run at (1055,2205) width 1: " "
          text run at (0,2220) width 1056: "e\x{301}e\x{301}e\x{301}e\x{301}e\x{301}e\x{301}e\x{301}e\x{301}e\x{301}e\x{301}e\x{301}e\x{301}e\x{301}e\x{301}e\x{301}e\x{301}e\x{301}e\x{301}e\x{301}e\x{301}e\x{301}e\x{301}e\x{301}e\x{301}e\x{301}e\x{301}e\x{301}e\x{301}e\x{301}e\x{301}e\x{301}e\x{301} e\x{301} e\x{301}e\x{301}e\x{301}e\x{301}e\x{301}e\x{301}e\x{301}e\x{301}e\x{301}e\x{301}e\x{301}e\x{301}e\x{301}e\x{301}e\x{301}e\x{301}e\x{301}e\x{301}e\x{301}e\x{301}e\x{301}e\x{301}e\x{301}e\x{301}e\x{301}e\x{301}e\x{301}e\x{301}e\x{301}e\x{301}e\x{301}e\x{301}e\x{301}e\x{301}e\x{301}e\x{301}e\x{301}e\x{301}e\x{301}e\x{301}e\x{301}e\x{301}e\x{301} e\x{301}e\x{301}e\x{301}e\x{301}e\x{301}e\x{301}e\x{301}e\x{301}e\x{301}e\x{301}e\x{301}e\x{301}e\x{301}e\x{301}e\x{301}e\x{301}e\x{301}e\x{301}e\x{301}e\x{301}e\x{301}e\x{301}e\x{301}e\x{301}e\x{301}e\x{301}e\x{301}e\x{301}e\x{301}e\x{301} e\x{301}e\x{301}e\x{301}e\x{301}e\x{301}e\x{301}e\x{301}e\x{301}e\x{301}e\x{301}e\x{301}e\x{301}e\x{301}e\x{301}e\x{301}e\x{301}e\x{301}e\x{301}e\x{301}e\x{301}e\x{301}e\x{301}"
          text run at (1055,2220) width 1: " "
          text run at (0,2235) width 1056: "e\x{301}e\x{301}e\x{301}e\x{301}e\x{301}e\x{301}e\x{301}e\x{301}e\x{301}e\x{301}e\x{301}e\x{301}e\x{301}e\x{301}e\x{301}e\x{301}e\x{301}e\x{301}e\x{301}e\x{301}e\x{301}e\x{301}e\x{301}e\x{301}e\x{301}e\x{301}e\x{301}e\x{301}e\x{301}e\x{301}e\x{301}e\x{301} e\x{301} e\x{301}e\x{301}e\x{301}e\x{301}e\x{301}e\x{301}e\x{301}e\x{301}e\x{301}e\x{301}e\x{301}e\x{301}e\x{301}e\x{301}e\x{301}e\x{301}e\x{301}e\x{301}e\x{301}e\x{301}e\x{301}e\x{301}e\x{301}e\x{301}e\x{301}e\x{301}e\x{301}e\x{301}e\x{301}e\x{301}e\x{301}e\x{301}e\x{301}e\x{301}e\x{301}e\x{301}e\x{301}e\x{301}e\x{301}e\x{301}e\x{301}e\x{301}e\x{301} e\x{301}e\x{301}e\x{301}e\x{301}e\x{301}e\x{301}e\x{301}e\x{301}e\x{301}e\x{301}e\x{301}e\x{301}e\x{301}e\x{301}e\x{301}e\x{301}e\x{301}e\x{301}e\x{301}e\x{301}e\x{301}e\x{301}e\x{301}e\x{301}e\x{301}e\x{301}e\x{301}e\x{301}e\x{301}e\x{301} e\x{301}e\x{301}e\x{301}e\x{301}e\x{301}e\x{301}e\x{301}e\x{301}e\x{301}e\x{301}e\x{301}e\x{301}e\x{301}e\x{301}e\x{301}e\x{301}e\x{301}e\x{301}e\x{301}e\x{301}e\x{301}e\x{301}"
          text run at (1055,2235) width 1: " "
          text run at (0,2250) width 1056: "e\x{301}e\x{301}e\x{301}e\x{301}e\x{301}e\x{301}e\x{301}e\x{301}e\x{301}e\x{301}e\x{301}e\x{301}e\x{301}e\x{301}e\x{301}e\x{301}e\x{301}e\x{301}e\x{301}e\x{301}e\x{301}e\x{301}e\x{301}e\x{301}e\x{301}e\x{301}e\x{301}e\x{301}e\x{301}e\x{301}e\x{301}e\x{301} e\x{301} e\x{301}e\x{301}e\x{301}e\x{301}e\x{301}e\x{301}e\x{301}e\x{301}e\x{301}e\x{301}e\x{301}e\x{301}e\x{301}e\x{301}e\x{301}e\x{301}e\x{301}e\x{301}e\x{301}e\x{301}e\x{301}e\x{301}e\x{301}e\x{301}e\x{301}e\x{301}e\x{301}e\x{301}e\x{301}e\x{301}e\x{301}e\x{301}e\x{301}e\x{301}e\x{301}e\x{301}e\x{301}e\x{301}e\x{301}e\x{301}e\x{301}e\x{301}e\x{301} e\x{301}e\x{301}e\x{301}e\x{301}e\x{301}e\x{301}e\x{301}e\x{301}e\x{301}e\x{301}e\x{301}e\x{301}e\x{301}e\x{301}e\x{301}e\x{301}e\x{301}e\x{301}e\x{301}e\x{301}e\x{301}e\x{301}e\x{301}e\x{301}e\x{301}e\x{301}e\x{301}e\x{301}e\x{301}e\x{301} e\x{301}e\x{301}e\x{301}e\x{301}e\x{301}e\x{301}e\x{301}e\x{301}e\x{301}e\x{301}e\x{301}e\x{301}e\x{301}e\x{301}e\x{301}e\x{301}e\x{301}e\x{301}e\x{301}e\x{301}e\x{301}e\x{301}"
          text run at (1055,2250) width 1: " "
          text run at (0,2265) width 1056: "e\x{301}e\x{301}e\x{301}e\x{301}e\x{301}e\x{301}e\x{301}e\x{301}e\x{301}e\x{301}e\x{301}e\x{301}e\x{301}e\x{301}e\x{301}e\x{301}e\x{301}e\x{301}e\x{301}e\x{301}e\x{301}e\x{301}e\x{301}e\x{301}e\x{301}e\x{301}e\x{301}e\x{301}e\x{301}e\x{301}e\x{301}e\x{301} e\x{301} e\x{301}e\x{301}e\x{301}e\x{301}e\x{301}e\x{301}e\x{301}e\x{301}e\x{301}e\x{301}e\x{301}e\x{301}e\x{301}e\x{301}e\x{301}e\x{301}e\x{301}e\x{301}e\x{301}e\x{301}e\x{301}e\x{301}e\x{301}e\x{301}e\x{301}e\x{301}e\x{301}e\x{301}e\x{301}e\x{301}e\x{301}e\x{301}e\x{301}e\x{301}e\x{301}e\x{301}e\x{301}e\x{301}e\x{301}e\x{301}e\x{301}e\x{301}e\x{301} e\x{301}e\x{301}e\x{301}e\x{301}e\x{301}e\x{301}e\x{301}e\x{301}e\x{301}e\x{301}e\x{301}e\x{301}e\x{301}e\x{301}e\x{301}e\x{301}e\x{301}e\x{301}e\x{301}e\x{301}e\x{301}e\x{301}e\x{301}e\x{301}e\x{301}e\x{301}e\x{301}e\x{301}e\x{301}e\x{301} e\x{301}e\x{301}e\x{301}e\x{301}e\x{301}e\x{301}e\x{301}e\x{301}e\x{301}e\x{301}e\x{301}e\x{301}e\x{301}e\x{301}e\x{301}e\x{301}e\x{301}e\x{301}e\x{301}e\x{301}e\x{301}e\x{301}"
          text run at (1055,2265) width 1: " "
          text run at (0,2280) width 1056: "e\x{301}e\x{301}e\x{301}e\x{301}e\x{301}e\x{301}e\x{301}e\x{301}e\x{301}e\x{301}e\x{301}e\x{301}e\x{301}e\x{301}e\x{301}e\x{301}e\x{301}e\x{301}e\x{301}e\x{301}e\x{301}e\x{301}e\x{301}e\x{301}e\x{301}e\x{301}e\x{301}e\x{301}e\x{301}e\x{301}e\x{301}e\x{301} e\x{301} e\x{301}e\x{301}e\x{301}e\x{301}e\x{301}e\x{301}e\x{301}e\x{301}e\x{301}e\x{301}e\x{301}e\x{301}e\x{301}e\x{301}e\x{301}e\x{301}e\x{301}e\x{301}e\x{301}e\x{301}e\x{301}e\x{301}e\x{301}e\x{301}e\x{301}e\x{301}e\x{301}e\x{301}e\x{301}e\x{301}e\x{301}e\x{301}e\x{301}e\x{301}e\x{301}e\x{301}e\x{301}e\x{301}e\x{301}e\x{301}e\x{301}e\x{301}e\x{301} e\x{301}e\x{301}e\x{301}e\x{301}e\x{301}e\x{301}e\x{301}e\x{301}e\x{301}e\x{301}e\x{301}e\x{301}e\x{301}e\x{301}e\x{301}e\x{301}e\x{301}e\x{301}e\x{301}e\x{301}e\x{301}e\x{301}e\x{301}e\x{301}e\x{301}e\x{301}e\x{301}e\x{301}e\x{301}e\x{301} e\x{301}e\x{301}e\x{301}e\x{301}e\x{301}e\x{301}e\x{301}e\x{301}e\x{301}e\x{301}e\x{301}e\x{301}e\x{301}e\x{301}e\x{301}e\x{301}e\x{301}e\x{301}e\x{301}e\x{301}e\x{301}e\x{301}"
          text run at (1055,2280) width 1: " "
          text run at (0,2295) width 1056: "e\x{301}e\x{301}e\x{301}e\x{301}e\x{301}e\x{301}e\x{301}e\x{301}e\x{301}e\x{301}e\x{301}e\x{301}e\x{301}e\x{301}e\x{301}e\x{301}e\x{301}e\x{301}e\x{301}e\x{301}e\x{301}e\x{301}e\x{301}e\x{301}e\x{301}e\x{301}e\x{301}e\x{301}e\x{301}e\x{301}e\x{301}e\x{301} e\x{301} e\x{301}e\x{301}e\x{301}e\x{301}e\x{301}e\x{301}e\x{301}e\x{301}e\x{301}e\x{301}e\x{301}e\x{301}e\x{301}e\x{301}e\x{301}e\x{301}e\x{301}e\x{301}e\x{301}e\x{301}e\x{301}e\x{301}e\x{301}e\x{301}e\x{301}e\x{301}e\x{301}e\x{301}e\x{301}e\x{301}e\x{301}e\x{301}e\x{301}e\x{301}e\x{301}e\x{301}e\x{301}e\x{301}e\x{301}e\x{301}e\x{301}e\x{301}e\x{301} e\x{301}e\x{301}e\x{301}e\x{301}e\x{301}e\x{301}e\x{301}e\x{301}e\x{301}e\x{301}e\x{301}e\x{301}e\x{301}e\x{301}e\x{301}e\x{301}e\x{301}e\x{301}e\x{301}e\x{301}e\x{301}e\x{301}e\x{301}e\x{301}e\x{301}e\x{301}e\x{301}e\x{301}e\x{301}e\x{301} e\x{301}e\x{301}e\x{301}e\x{301}e\x{301}e\x{301}e\x{301}e\x{301}e\x{301}e\x{301}e\x{301}e\x{301}e\x{301}e\x{301}e\x{301}e\x{301}e\x{301}e\x{301}e\x{301}e\x{301}e\x{301}e\x{301}"
          text run at (1055,2295) width 1: " "
          text run at (0,2310) width 1056: "e\x{301}e\x{301}e\x{301}e\x{301}e\x{301}e\x{301}e\x{301}e\x{301}e\x{301}e\x{301}e\x{301}e\x{301}e\x{301}e\x{301}e\x{301}e\x{301}e\x{301}e\x{301}e\x{301}e\x{301}e\x{301}e\x{301}e\x{301}e\x{301}e\x{301}e\x{301}e\x{301}e\x{301}e\x{301}e\x{301}e\x{301}e\x{301} e\x{301} e\x{301}e\x{301}e\x{301}e\x{301}e\x{301}e\x{301}e\x{301}e\x{301}e\x{301}e\x{301}e\x{301}e\x{301}e\x{301}e\x{301}e\x{301}e\x{301}e\x{301}e\x{301}e\x{301}e\x{301}e\x{301}e\x{301}e\x{301}e\x{301}e\x{301}e\x{301}e\x{301}e\x{301}e\x{301}e\x{301}e\x{301}e\x{301}e\x{301}e\x{301}e\x{301}e\x{301}e\x{301}e\x{301}e\x{301}e\x{301}e\x{301}e\x{301}e\x{301} e\x{301}e\x{301}e\x{301}e\x{301}e\x{301}e\x{301}e\x{301}e\x{301}e\x{301}e\x{301}e\x{301}e\x{301}e\x{301}e\x{301}e\x{301}e\x{301}e\x{301}e\x{301}e\x{301}e\x{301}e\x{301}e\x{301}e\x{301}e\x{301}e\x{301}e\x{301}e\x{301}e\x{301}e\x{301}e\x{301} e\x{301}e\x{301}e\x{301}e\x{301}e\x{301}e\x{301}e\x{301}e\x{301}e\x{301}e\x{301}e\x{301}e\x{301}e\x{301}e\x{301}e\x{301}e\x{301}e\x{301}e\x{301}e\x{301}e\x{301}e\x{301}e\x{301}"
          text run at (1055,2310) width 1: " "
          text run at (0,2325) width 1056: "e\x{301}e\x{301}e\x{301}e\x{301}e\x{301}e\x{301}e\x{301}e\x{301}e\x{301}e\x{301}e\x{301}e\x{301}e\x{301}e\x{301}e\x{301}e\x{301}e\x{301}e\x{301}e\x{301}e\x{301}e\x{301}e\x{301}e\x{301}e\x{301}e\x{301}e\x{301}e\x{301}e\x{301}e\x{301}e\x{301}e\x{301}e\x{301} e\x{301} e\x{301}e\x{301}e\x{301}e\x{301}e\x{301}e\x{301}e\x{301}e\x{301}e\x{301}e\x{301}e\x{301}e\x{301}e\x{301}e\x{301}e\x{301}e\x{301}e\x{301}e\x{301}e\x{301}e\x{301}e\x{301}e\x{301}e\x{301}e\x{301}e\x{301}e\x{301}e\x{301}e\x{301}e\x{301}e\x{301}e\x{301}e\x{301}e\x{301}e\x{301}e\x{301}e\x{301}e\x{301}e\x{301}e\x{301}e\x{301}e\x{301}e\x{301}e\x{301} e\x{301}e\x{301}e\x{301}e\x{301}e\x{301}e\x{301}e\x{301}e\x{301}e\x{301}e\x{301}e\x{301}e\x{301}e\x{301}e\x{301}e\x{301}e\x{301}e\x{301}e\x{301}e\x{301}e\x{301}e\x{301}e\x{301}e\x{301}e\x{301}e\x{301}e\x{301}e\x{301}e\x{301}e\x{301}e\x{301} e\x{301}e\x{301}e\x{301}e\x{301}e\x{301}e\x{301}e\x{301}e\x{301}e\x{301}e\x{301}e\x{301}e\x{301}e\x{301}e\x{301}e\x{301}e\x{301}e\x{301}e\x{301}e\x{301}e\x{301}e\x{301}e\x{301}"
          text run at (1055,2325) width 1: " "
          text run at (0,2340) width 1056: "e\x{301}e\x{301}e\x{301}e\x{301}e\x{301}e\x{301}e\x{301}e\x{301}e\x{301}e\x{301}e\x{301}e\x{301}e\x{301}e\x{301}e\x{301}e\x{301}e\x{301}e\x{301}e\x{301}e\x{301}e\x{301}e\x{301}e\x{301}e\x{301}e\x{301}e\x{301}e\x{301}e\x{301}e\x{301}e\x{301}e\x{301}e\x{301} e\x{301} e\x{301}e\x{301}e\x{301}e\x{301}e\x{301}e\x{301}e\x{301}e\x{301}e\x{301}e\x{301}e\x{301}e\x{301}e\x{301}e\x{301}e\x{301}e\x{301}e\x{301}e\x{301}e\x{301}e\x{301}e\x{301}e\x{301}e\x{301}e\x{301}e\x{301}e\x{301}e\x{301}e\x{301}e\x{301}e\x{301}e\x{301}e\x{301}e\x{301}e\x{301}e\x{301}e\x{301}e\x{301}e\x{301}e\x{301}e\x{301}e\x{301}e\x{301}e\x{301} e\x{301}e\x{301}e\x{301}e\x{301}e\x{301}e\x{301}e\x{301}e\x{301}e\x{301}e\x{301}e\x{301}e\x{301}e\x{301}e\x{301}e\x{301}e\x{301}e\x{301}e\x{301}e\x{301}e\x{301}e\x{301}e\x{301}e\x{301}e\x{301}e\x{301}e\x{301}e\x{301}e\x{301}e\x{301}e\x{301} e\x{301}e\x{301}e\x{301}e\x{301}e\x{301}e\x{301}e\x{301}e\x{301}e\x{301}e\x{301}e\x{301}e\x{301}e\x{301}e\x{301}e\x{301}e\x{301}e\x{301}e\x{301}e\x{301}e\x{301}e\x{301}e\x{301}"
          text run at (1055,2340) width 1: " "
          text run at (0,2355) width 1056: "e\x{301}e\x{301}e\x{301}e\x{301}e\x{301}e\x{301}e\x{301}e\x{301}e\x{301}e\x{301}e\x{301}e\x{301}e\x{301}e\x{301}e\x{301}e\x{301}e\x{301}e\x{301}e\x{301}e\x{301}e\x{301}e\x{301}e\x{301}e\x{301}e\x{301}e\x{301}e\x{301}e\x{301}e\x{301}e\x{301}e\x{301}e\x{301} e\x{301} e\x{301}e\x{301}e\x{301}e\x{301}e\x{301}e\x{301}e\x{301}e\x{301}e\x{301}e\x{301}e\x{301}e\x{301}e\x{301}e\x{301}e\x{301}e\x{301}e\x{301}e\x{301}e\x{301}e\x{301}e\x{301}e\x{301}e\x{301}e\x{301}e\x{301}e\x{301}e\x{301}e\x{301}e\x{301}e\x{301}e\x{301}e\x{301}e\x{301}e\x{301}e\x{301}e\x{301}e\x{301}e\x{301}e\x{301}e\x{301}e\x{301}e\x{301}e\x{301} e\x{301}e\x{301}e\x{301}e\x{301}e\x{301}e\x{301}e\x{301}e\x{301}e\x{301}e\x{301}e\x{301}e\x{301}e\x{301}e\x{301}e\x{301}e\x{301}e\x{301}e\x{301}e\x{301}e\x{301}e\x{301}e\x{301}e\x{301}e\x{301}e\x{301}e\x{301}e\x{301}e\x{301}e\x{301}e\x{301} e\x{301}e\x{301}e\x{301}e\x{301}e\x{301}e\x{301}e\x{301}e\x{301}e\x{301}e\x{301}e\x{301}e\x{301}e\x{301}e\x{301}e\x{301}e\x{301}e\x{301}e\x{301}e\x{301}e\x{301}e\x{301}e\x{301}"
          text run at (1055,2355) width 1: " "
          text run at (0,2370) width 1056: "e\x{301}e\x{301}e\x{301}e\x{301}e\x{301}e\x{301}e\x{301}e\x{301}e\x{301}e\x{301}e\x{301}e\x{301}e\x{301}e\x{301}e\x{301}e\x{301}e\x{301}e\x{301}e\x{301}e\x{301}e\x{301}e\x{301}e\x{301}e\x{301}e\x{301}e\x{301}e\x{301}e\x{301}e\x{301}e\x{301}e\x{301}e\x{301} e\x{301} e\x{301}e\x{301}e\x{301}e\x{301}e\x{301}e\x{301}e\x{301}e\x{301}e\x{301}e\x{301}e\x{301}e\x{301}e\x{301}e\x{301}e\x{301}e\x{301}e\x{301}e\x{301}e\x{301}e\x{301}e\x{301}e\x{301}e\x{301}e\x{301}e\x{301}e\x{301}e\x{301}e\x{301}e\x{301}e\x{301}e\x{301}e\x{301}e\x{301}e\x{301}e\x{301}e\x{301}e\x{301}e\x{301}e\x{301}e\x{301}e\x{301}e\x{301}e\x{301} e\x{301}e\x{301}e\x{301}e\x{301}e\x{301}e\x{301}e\x{301}e\x{301}e\x{301}e\x{301}e\x{301}e\x{301}e\x{301}e\x{301}e\x{301}e\x{301}e\x{301}e\x{301}e\x{301}e\x{301}e\x{301}e\x{301}e\x{301}e\x{301}e\x{301}e\x{301}e\x{301}e\x{301}e\x{301}e\x{301} e\x{301}e\x{301}e\x{301}e\x{301}e\x{301}e\x{301}e\x{301}e\x{301}e\x{301}e\x{301}e\x{301}e\x{301}e\x{301}e\x{301}e\x{301}e\x{301}e\x{301}e\x{301}e\x{301}e\x{301}e\x{301}e\x{301}"
          text run at (1055,2370) width 1: " "
          text run at (0,2385) width 1056: "e\x{301}e\x{301}e\x{301}e\x{301}e\x{301}e\x{301}e\x{301}e\x{301}e\x{301}e\x{301}e\x{301}e\x{301}e\x{301}e\x{301}e\x{301}e\x{301}e\x{301}e\x{301}e\x{301}e\x{301}e\x{301}e\x{301}e\x{301}e\x{301}e\x{301}e\x{301}e\x{301}e\x{301}e\x{301}e\x{301}e\x{301}e\x{301} e\x{301} e\x{301}e\x{301}e\x{301}e\x{301}e\x{301}e\x{301}e\x{301}e\x{301}e\x{301}e\x{301}e\x{301}e\x{301}e\x{301}e\x{301}e\x{301}e\x{301}e\x{301}e\x{301}e\x{301}e\x{301}e\x{301}e\x{301}e\x{301}e\x{301}e\x{301}e\x{301}e\x{301}e\x{301}e\x{301}e\x{301}e\x{301}e\x{301}e\x{301}e\x{301}e\x{301}e\x{301}e\x{301}e\x{301}e\x{301}e\x{301}e\x{301}e\x{301}e\x{301} e\x{301}e\x{301}e\x{301}e\x{301}e\x{301}e\x{301}e\x{301}e\x{301}e\x{301}e\x{301}e\x{301}e\x{301}e\x{301}e\x{301}e\x{301}e\x{301}e\x{301}e\x{301}e\x{301}e\x{301}e\x{301}e\x{301}e\x{301}e\x{301}e\x{301}e\x{301}e\x{301}e\x{301}e\x{301}e\x{301} e\x{301}e\x{301}e\x{301}e\x{301}e\x{301}e\x{301}e\x{301}e\x{301}e\x{301}e\x{301}e\x{301}e\x{301}e\x{301}e\x{301}e\x{301}e\x{301}e\x{301}e\x{301}e\x{301}e\x{301}e\x{301}e\x{301}"
          text run at (1055,2385) width 1: " "
          text run at (0,2400) width 1056: "e\x{301}e\x{301}e\x{301}e\x{301}e\x{301}e\x{301}e\x{301}e\x{301}e\x{301}e\x{301}e\x{301}e\x{301}e\x{301}e\x{301}e\x{301}e\x{301}e\x{301}e\x{301}e\x{301}e\x{301}e\x{301}e\x{301}e\x{301}e\x{301}e\x{301}e\x{301}e\x{301}e\x{301}e\x{301}e\x{301}e\x{301}e\x{301} e\x{301} e\x{301}e\x{301}e\x{301}e\x{301}e\x{301}e\x{301}e\x{301}e\x{301}e\x{301}e\x{301}e\x{301}e\x{301}e\x{301}e\x{301}e\x{301}e\x{301}e\x{301}e\x{301}e\x{301}e\x{301}e\x{301}e\x{301}e\x{301}e\x{301}e\x{301}e\x{301}e\x{301}e\x{301}e\x{301}e\x{301}e\x{301}e\x{301}e\x{301}e\x{301}e\x{301}e\x{301}e\x{301}e\x{301}e\x{301}e\x{301}e\x{301}e\x{301}e\x{301} e\x{301}e\x{301}e\x{301}e\x{301}e\x{301}e\x{301}e\x{301}e\x{301}e\x{301}e\x{301}e\x{301}e\x{301}e\x{301}e\x{301}e\x{301}e\x{301}e\x{301}e\x{301}e\x{301}e\x{301}e\x{301}e\x{301}e\x{301}e\x{301}e\x{301}e\x{301}e\x{301}e\x{301}e\x{301}e\x{301} e\x{301}e\x{301}e\x{301}e\x{301}e\x{301}e\x{301}e\x{301}e\x{301}e\x{301}e\x{301}e\x{301}e\x{301}e\x{301}e\x{301}e\x{301}e\x{301}e\x{301}e\x{301}e\x{301}e\x{301}e\x{301}e\x{301}"
          text run at (1055,2400) width 1: " "
          text run at (0,2415) width 1056: "e\x{301}e\x{301}e\x{301}e\x{301}e\x{301}e\x{301}e\x{301}e\x{301}e\x{301}e\x{301}e\x{301}e\x{301}e\x{301}e\x{301}e\x{301}e\x{301}e\x{301}e\x{301}e\x{301}e\x{301}e\x{301}e\x{301}e\x{301}e\x{301}e\x{301}e\x{301}e\x{301}e\x{301}e\x{301}e\x{301}e\x{301}e\x{301} e\x{301} e\x{301}e\x{301}e\x{301}e\x{301}e\x{301}e\x{301}e\x{301}e\x{301}e\x{301}e\x{301}e\x{301}e\x{301}e\x{301}e\x{301}e\x{301}e\x{301}e\x{301}e\x{301}e\x{301}e\x{301}e\x{301}e\x{301}e\x{301}e\x{301}e\x{301}e\x{301}e\x{301}e\x{301}e\x{301}e\x{301}e\x{301}e\x{301}e\x{301}e\x{301}e\x{301}e\x{301}e\x{301}e\x{301}e\x{301}e\x{301}e\x{301}e\x{301}e\x{301} e\x{301}e\x{301}e\x{301}e\x{301}e\x{301}e\x{301}e\x{301}e\x{301}e\x{301}e\x{301}e\x{301}e\x{301}e\x{301}e\x{301}e\x{301}e\x{301}e\x{301}e\x{301}e\x{301}e\x{301}e\x{301}e\x{301}e\x{301}e\x{301}e\x{301}e\x{301}e\x{301}e\x{301}e\x{301}e\x{301} e\x{301}e\x{301}e\x{301}e\x{301}e\x{301}e\x{301}e\x{301}e\x{301}e\x{301}e\x{301}e\x{301}e\x{301}e\x{301}e\x{301}e\x{301}e\x{301}e\x{301}e\x{301}e\x{301}e\x{301}e\x{301}e\x{301}"
          text run at (1055,2415) width 1: " "
          text run at (0,2430) width 1056: "e\x{301}e\x{301}e\x{301}e\x{301}e\x{301}e\x{301}e\x{301}e\x{301}e\x{301}e\x{301}e\x{301}e\x{301}e\x{301}e\x{301}e\x{301}e\x{301}e\x{301}e\x{301}e\x{301}e\x{301}e\x{301}e\x{301}e\x{301}e\x{301}e\x{301}e\x{301}e\x{301}e\x{301}e\x{301}e\x{301}e\x{301}e\x{301} e\x{301} e\x{301}e\x{301}e\x{301}e\x{301}e\x{301}e\x{301}e\x{301}e\x{301}e\x{301}e\x{301}e\x{301}e\x{301}e\x{301}e\x{301}e\x{301}e\x{301}e\x{301}e\x{301}e\x{301}e\x{301}e\x{301}e\x{301}e\x{301}e\x{301}e\x{301}e\x{301}e\x{301}e\x{301}e\x{301}e\x{301}e\x{301}e\x{301}e\x{301}e\x{301}e\x{301}e\x{301}e\x{301}e\x{301}e\x{301}e\x{301}e\x{301}e\x{301}e\x{301} e\x{301}e\x{301}e\x{301}e\x{301}e\x{301}e\x{301}e\x{301}e\x{301}e\x{301}e\x{301}e\x{301}e\x{301}e\x{301}e\x{301}e\x{301}e\x{301}e\x{301}e\x{301}e\x{301}e\x{301}e\x{301}e\x{301}e\x{301}e\x{301}e\x{301}e\x{301}e\x{301}e\x{301}e\x{301}e\x{301} e\x{301}e\x{301}e\x{301}e\x{301}e\x{301}e\x{301}e\x{301}e\x{301}e\x{301}e\x{301}e\x{301}e\x{301}e\x{301}e\x{301}e\x{301}e\x{301}e\x{301}e\x{301}e\x{301}e\x{301}e\x{301}e\x{301}"
          text run at (1055,2430) width 1: " "
          text run at (0,2445) width 1056: "e\x{301}e\x{301}e\x{301}e\x{301}e\x{301}e\x{301}e\x{301}e\x{301}e\x{301}e\x{301}e\x{301}e\x{301}e\x{301}e\x{301}e\x{301}e\x{301}e\x{301}e\x{301}e\x{301}e\x{301}e\x{301}e\x{301}e\x{301}e\x{301}e\x{301}e\x{301}e\x{301}e\x{301}e\x{301}e\x{301}e\x{301}e\x{301} e\x{301} e\x{301}e\x{301}e\x{301}e\x{301}e\x{301}e\x{301}e\x{301}e\x{301}e\x{301}e\x{301}e\x{301}e\x{301}e\x{301}e\x{301}e\x{301}e\x{301}e\x{301}e\x{301}e\x{301}e\x{301}e\x{301}e\x{301}e\x{301}e\x{301}e\x{301}e\x{301}e\x{301}e\x{301}e\x{301}e\x{301}e\x{301}e\x{301}e\x{301}e\x{301}e\x{301}e\x{301}e\x{301}e\x{301}e\x{301}e\x{301}e\x{301}e\x{301}e\x{301} e\x{301}e\x{301}e\x{301}e\x{301}e\x{301}e\x{301}e\x{301}e\x{301}e\x{301}e\x{301}e\x{301}e\x{301}e\x{301}e\x{301}e\x{301}e\x{301}e\x{301}e\x{301}e\x{301}e\x{301}e\x{301}e\x{301}e\x{301}e\x{301}e\x{301}e\x{301}e\x{301}e\x{301}e\x{301}e\x{301} e\x{301}e\x{301}e\x{301}e\x{301}e\x{301}e\x{301}e\x{301}e\x{301}e\x{301}e\x{301}e\x{301}e\x{301}e\x{301}e\x{301}e\x{301}e\x{301}e\x{301}e\x{301}e\x{301}e\x{301}e\x{301}e\x{301}"
          text run at (1055,2445) width 1: " "
          text run at (0,2460) width 1056: "e\x{301}e\x{301}e\x{301}e\x{301}e\x{301}e\x{301}e\x{301}e\x{301}e\x{301}e\x{301}e\x{301}e\x{301}e\x{301}e\x{301}e\x{301}e\x{301}e\x{301}e\x{301}e\x{301}e\x{301}e\x{301}e\x{301}e\x{301}e\x{301}e\x{301}e\x{301}e\x{301}e\x{301}e\x{301}e\x{301}e\x{301}e\x{301} e\x{301} e\x{301}e\x{301}e\x{301}e\x{301}e\x{301}e\x{301}e\x{301}e\x{301}e\x{301}e\x{301}e\x{301}e\x{301}e\x{301}e\x{301}e\x{301}e\x{301}e\x{301}e\x{301}e\x{301}e\x{301}e\x{301}e\x{301}e\x{301}e\x{301}e\x{301}e\x{301}e\x{301}e\x{301}e\x{301}e\x{301}e\x{301}e\x{301}e\x{301}e\x{301}e\x{301}e\x{301}e\x{301}e\x{301}e\x{301}e\x{301}e\x{301}e\x{301}e\x{301} e\x{301}e\x{301}e\x{301}e\x{301}e\x{301}e\x{301}e\x{301}e\x{301}e\x{301}e\x{301}e\x{301}e\x{301}e\x{301}e\x{301}e\x{301}e\x{301}e\x{301}e\x{301}e\x{301}e\x{301}e\x{301}e\x{301}e\x{301}e\x{301}e\x{301}e\x{301}e\x{301}e\x{301}e\x{301}e\x{301} e\x{301}e\x{301}e\x{301}e\x{301}e\x{301}e\x{301}e\x{301}e\x{301}e\x{301}e\x{301}e\x{301}e\x{301}e\x{301}e\x{301}e\x{301}e\x{301}e\x{301}e\x{301}e\x{301}e\x{301}e\x{301}e\x{301}"
          text run at (1055,2460) width 1: " "
          text run at (0,2475) width 1056: "e\x{301}e\x{301}e\x{301}e\x{301}e\x{301}e\x{301}e\x{301}e\x{301}e\x{301}e\x{301}e\x{301}e\x{301}e\x{301}e\x{301}e\x{301}e\x{301}e\x{301}e\x{301}e\x{301}e\x{301}e\x{301}e\x{301}e\x{301}e\x{301}e\x{301}e\x{301}e\x{301}e\x{301}e\x{301}e\x{301}e\x{301}e\x{301} e\x{301} e\x{301}e\x{301}e\x{301}e\x{301}e\x{301}e\x{301}e\x{301}e\x{301}e\x{301}e\x{301}e\x{301}e\x{301}e\x{301}e\x{301}e\x{301}e\x{301}e\x{301}e\x{301}e\x{301}e\x{301}e\x{301}e\x{301}e\x{301}e\x{301}e\x{301}e\x{301}e\x{301}e\x{301}e\x{301}e\x{301}e\x{301}e\x{301}e\x{301}e\x{301}e\x{301}e\x{301}e\x{301}e\x{301}e\x{301}e\x{301}e\x{301}e\x{301}e\x{301} e\x{301}e\x{301}e\x{301}e\x{301}e\x{301}e\x{301}e\x{301}e\x{301}e\x{301}e\x{301}e\x{301}e\x{301}e\x{301}e\x{301}e\x{301}e\x{301}e\x{301}e\x{301}e\x{301}e\x{301}e\x{301}e\x{301}e\x{301}e\x{301}e\x{301}e\x{301}e\x{301}e\x{301}e\x{301}e\x{301} e\x{301}e\x{301}e\x{301}e\x{301}e\x{301}e\x{301}e\x{301}e\x{301}e\x{301}e\x{301}e\x{301}e\x{301}e\x{301}e\x{301}e\x{301}e\x{301}e\x{301}e\x{301}e\x{301}e\x{301}e\x{301}e\x{301}"
          text run at (1055,2475) width 1: " "
          text run at (0,2490) width 1056: "e\x{301}e\x{301}e\x{301}e\x{301}e\x{301}e\x{301}e\x{301}e\x{301}e\x{301}e\x{301}e\x{301}e\x{301}e\x{301}e\x{301}e\x{301}e\x{301}e\x{301}e\x{301}e\x{301}e\x{301}e\x{301}e\x{301}e\x{301}e\x{301}e\x{301}e\x{301}e\x{301}e\x{301}e\x{301}e\x{301}e\x{301}e\x{301} e\x{301} e\x{301}e\x{301}e\x{301}e\x{301}e\x{301}e\x{301}e\x{301}e\x{301}e\x{301}e\x{301}e\x{301}e\x{301}e\x{301}e\x{301}e\x{301}e\x{301}e\x{301}e\x{301}e\x{301}e\x{301}e\x{301}e\x{301}e\x{301}e\x{301}e\x{301}e\x{301}e\x{301}e\x{301}e\x{301}e\x{301}e\x{301}e\x{301}e\x{301}e\x{301}e\x{301}e\x{301}e\x{301}e\x{301}e\x{301}e\x{301}e\x{301}e\x{301}e\x{301} e\x{301}e\x{301}e\x{301}e\x{301}e\x{301}e\x{301}e\x{301}e\x{301}e\x{301}e\x{301}e\x{301}e\x{301}e\x{301}e\x{301}e\x{301}e\x{301}e\x{301}e\x{301}e\x{301}e\x{301}e\x{301}e\x{301}e\x{301}e\x{301}e\x{301}e\x{301}e\x{301}e\x{301}e\x{301}e\x{301} e\x{301}e\x{301}e\x{301}e\x{301}e\x{301}e\x{301}e\x{301}e\x{301}e\x{301}e\x{301}e\x{301}e\x{301}e\x{301}e\x{301}e\x{301}e\x{301}e\x{301}e\x{301}e\x{301}e\x{301}e\x{301}e\x{301}"
          text run at (1055,2490) width 1: " "
          text run at (0,2505) width 1056: "e\x{301}e\x{301}e\x{301}e\x{301}e\x{301}e\x{301}e\x{301}e\x{301}e\x{301}e\x{301}e\x{301}e\x{301}e\x{301}e\x{301}e\x{301}e\x{301}e\x{301}e\x{301}e\x{301}e\x{301}e\x{301}e\x{301}e\x{301}e\x{301}e\x{301}e\x{301}e\x{301}e\x{301}e\x{301}e\x{301}e\x{301}e\x{301} e\x{301} e\x{301}e\x{301}e\x{301}e\x{301}e\x{301}e\x{301}e\x{301}e\x{301}e\x{301}e\x{301}e\x{301}e\x{301}e\x{301}e\x{301}e\x{301}e\x{301}e\x{301}e\x{301}e\x{301}e\x{301}e\x{301}e\x{301}e\x{301}e\x{301}e\x{301}e\x{301}e\x{301}e\x{301}e\x{301}e\x{301}e\x{301}e\x{301}e\x{301}e\x{301}e\x{301}e\x{301}e\x{301}e\x{301}e\x{301}e\x{301}e\x{301}e\x{301}e\x{301} e\x{301}e\x{301}e\x{301}e\x{301}e\x{301}e\x{301}e\x{301}e\x{301}e\x{301}e\x{301}e\x{301}e\x{301}e\x{301}e\x{301}e\x{301}e\x{301}e\x{301}e\x{301}e\x{301}e\x{301}e\x{301}e\x{301}e\x{301}e\x{301}e\x{301}e\x{301}e\x{301}e\x{301}e\x{301}e\x{301} e\x{301}e\x{301}e\x{301}e\x{301}e\x{301}e\x{301}e\x{301}e\x{301}e\x{301}e\x{301}e\x{301}e\x{301}e\x{301}e\x{301}e\x{301}e\x{301}e\x{301}e\x{301}e\x{301}e\x{301}e\x{301}e\x{301}"
          text run at (1055,2505) width 1: " "
          text run at (0,2520) width 1056: "e\x{301}e\x{301}e\x{301}e\x{301}e\x{301}e\x{301}e\x{301}e\x{301}e\x{301}e\x{301}e\x{301}e\x{301}e\x{301}e\x{301}e\x{301}e\x{301}e\x{301}e\x{301}e\x{301}e\x{301}e\x{301}e\x{301}e\x{301}e\x{301}e\x{301}e\x{301}e\x{301}e\x{301}e\x{301}e\x{301}e\x{301}e\x{301} e\x{301} e\x{301}e\x{301}e\x{301}e\x{301}e\x{301}e\x{301}e\x{301}e\x{301}e\x{301}e\x{301}e\x{301}e\x{301}e\x{301}e\x{301}e\x{301}e\x{301}e\x{301}e\x{301}e\x{301}e\x{301}e\x{301}e\x{301}e\x{301}e\x{301}e\x{301}e\x{301}e\x{301}e\x{301}e\x{301}e\x{301}e\x{301}e\x{301}e\x{301}e\x{301}e\x{301}e\x{301}e\x{301}e\x{301}e\x{301}e\x{301}e\x{301}e\x{301}e\x{301} e\x{301}e\x{301}e\x{301}e\x{301}e\x{301}e\x{301}e\x{301}e\x{301}e\x{301}e\x{301}e\x{301}e\x{301}e\x{301}e\x{301}e\x{301}e\x{301}e\x{301}e\x{301}e\x{301}e\x{301}e\x{301}e\x{301}e\x{301}e\x{301}e\x{301}e\x{301}e\x{301}e\x{301}e\x{301}e\x{301} e\x{301}e\x{301}e\x{301}e\x{301}e\x{301}e\x{301}e\x{301}e\x{301}e\x{301}e\x{301}e\x{301}e\x{301}e\x{301}e\x{301}e\x{301}e\x{301}e\x{301}e\x{301}e\x{301}e\x{301}e\x{301}e\x{301}"
          text run at (1055,2520) width 1: " "
          text run at (0,2535) width 1056: "e\x{301}e\x{301}e\x{301}e\x{301}e\x{301}e\x{301}e\x{301}e\x{301}e\x{301}e\x{301}e\x{301}e\x{301}e\x{301}e\x{301}e\x{301}e\x{301}e\x{301}e\x{301}e\x{301}e\x{301}e\x{301}e\x{301}e\x{301}e\x{301}e\x{301}e\x{301}e\x{301}e\x{301}e\x{301}e\x{301}e\x{301}e\x{301} e\x{301} e\x{301}e\x{301}e\x{301}e\x{301}e\x{301}e\x{301}e\x{301}e\x{301}e\x{301}e\x{301}e\x{301}e\x{301}e\x{301}e\x{301}e\x{301}e\x{301}e\x{301}e\x{301}e\x{301}e\x{301}e\x{301}e\x{301}e\x{301}e\x{301}e\x{301}e\x{301}e\x{301}e\x{301}e\x{301}e\x{301}e\x{301}e\x{301}e\x{301}e\x{301}e\x{301}e\x{301}e\x{301}e\x{301}e\x{301}e\x{301}e\x{301}e\x{301}e\x{301} e\x{301}e\x{301}e\x{301}e\x{301}e\x{301}e\x{301}e\x{301}e\x{301}e\x{301}e\x{301}e\x{301}e\x{301}e\x{301}e\x{301}e\x{301}e\x{301}e\x{301}e\x{301}e\x{301}e\x{301}e\x{301}e\x{301}e\x{301}e\x{301}e\x{301}e\x{301}e\x{301}e\x{301}e\x{301}e\x{301} e\x{301}e\x{301}e\x{301}e\x{301}e\x{301}e\x{301}e\x{301}e\x{301}e\x{301}e\x{301}e\x{301}e\x{301}e\x{301}e\x{301}e\x{301}e\x{301}e\x{301}e\x{301}e\x{301}e\x{301}e\x{301}e\x{301}"
          text run at (1055,2535) width 1: " "
          text run at (0,2550) width 1056: "e\x{301}e\x{301}e\x{301}e\x{301}e\x{301}e\x{301}e\x{301}e\x{301}e\x{301}e\x{301}e\x{301}e\x{301}e\x{301}e\x{301}e\x{301}e\x{301}e\x{301}e\x{301}e\x{301}e\x{301}e\x{301}e\x{301}e\x{301}e\x{301}e\x{301}e\x{301}e\x{301}e\x{301}e\x{301}e\x{301}e\x{301}e\x{301} e\x{301} e\x{301}e\x{301}e\x{301}e\x{301}e\x{301}e\x{301}e\x{301}e\x{301}e\x{301}e\x{301}e\x{301}e\x{301}e\x{301}e\x{301}e\x{301}e\x{301}e\x{301}e\x{301}e\x{301}e\x{301}e\x{301}e\x{301}e\x{301}e\x{301}e\x{301}e\x{301}e\x{301}e\x{301}e\x{301}e\x{301}e\x{301}e\x{301}e\x{301}e\x{301}e\x{301}e\x{301}e\x{301}e\x{301}e\x{301}e\x{301}e\x{301}e\x{301}e\x{301} e\x{301}e\x{301}e\x{301}e\x{301}e\x{301}e\x{301}e\x{301}e\x{301}e\x{301}e\x{301}e\x{301}e\x{301}e\x{301}e\x{301}e\x{301}e\x{301}e\x{301}e\x{301}e\x{301}e\x{301}e\x{301}e\x{301}e\x{301}e\x{301}e\x{301}e\x{301}e\x{301}e\x{301}e\x{301}e\x{301} e\x{301}e\x{301}e\x{301}e\x{301}e\x{301}e\x{301}e\x{301}e\x{301}e\x{301}e\x{301}e\x{301}e\x{301}e\x{301}e\x{301}e\x{301}e\x{301}e\x{301}e\x{301}e\x{301}e\x{301}e\x{301}e\x{301}"
          text run at (1055,2550) width 1: " "
          text run at (0,2565) width 1056: "e\x{301}e\x{301}e\x{301}e\x{301}e\x{301}e\x{301}e\x{301}e\x{301}e\x{301}e\x{301}e\x{301}e\x{301}e\x{301}e\x{301}e\x{301}e\x{301}e\x{301}e\x{301}e\x{301}e\x{301}e\x{301}e\x{301}e\x{301}e\x{301}e\x{301}e\x{301}e\x{301}e\x{301}e\x{301}e\x{301}e\x{301}e\x{301} e\x{301} e\x{301}e\x{301}e\x{301}e\x{301}e\x{301}e\x{301}e\x{301}e\x{301}e\x{301}e\x{301}e\x{301}e\x{301}e\x{301}e\x{301}e\x{301}e\x{301}e\x{301}e\x{301}e\x{301}e\x{301}e\x{301}e\x{301}e\x{301}e\x{301}e\x{301}e\x{301}e\x{301}e\x{301}e\x{301}e\x{301}e\x{301}e\x{301}e\x{301}e\x{301}e\x{301}e\x{301}e\x{301}e\x{301}e\x{301}e\x{301}e\x{301}e\x{301}e\x{301} e\x{301}e\x{301}e\x{301}e\x{301}e\x{301}e\x{301}e\x{301}e\x{301}e\x{301}e\x{301}e\x{301}e\x{301}e\x{301}e\x{301}e\x{301}e\x{301}e\x{301}e\x{301}e\x{301}e\x{301}e\x{301}e\x{301}e\x{301}e\x{301}e\x{301}e\x{301}e\x{301}e\x{301}e\x{301}e\x{301} e\x{301}e\x{301}e\x{301}e\x{301}e\x{301}e\x{301}e\x{301}e\x{301}e\x{301}e\x{301}e\x{301}e\x{301}e\x{301}e\x{301}e\x{301}e\x{301}e\x{301}e\x{301}e\x{301}e\x{301}e\x{301}e\x{301}"
          text run at (1055,2565) width 1: " "
          text run at (0,2580) width 1056: "e\x{301}e\x{301}e\x{301}e\x{301}e\x{301}e\x{301}e\x{301}e\x{301}e\x{301}e\x{301}e\x{301}e\x{301}e\x{301}e\x{301}e\x{301}e\x{301}e\x{301}e\x{301}e\x{301}e\x{301}e\x{301}e\x{301}e\x{301}e\x{301}e\x{301}e\x{301}e\x{301}e\x{301}e\x{301}e\x{301}e\x{301}e\x{301} e\x{301} e\x{301}e\x{301}e\x{301}e\x{301}e\x{301}e\x{301}e\x{301}e\x{301}e\x{301}e\x{301}e\x{301}e\x{301}e\x{301}e\x{301}e\x{301}e\x{301}e\x{301}e\x{301}e\x{301}e\x{301}e\x{301}e\x{301}e\x{301}e\x{301}e\x{301}e\x{301}e\x{301}e\x{301}e\x{301}e\x{301}e\x{301}e\x{301}e\x{301}e\x{301}e\x{301}e\x{301}e\x{301}e\x{301}e\x{301}e\x{301}e\x{301}e\x{301}e\x{301} e\x{301}e\x{301}e\x{301}e\x{301}e\x{301}e\x{301}e\x{301}e\x{301}e\x{301}e\x{301}e\x{301}e\x{301}e\x{301}e\x{301}e\x{301}e\x{301}e\x{301}e\x{301}e\x{301}e\x{301}e\x{301}e\x{301}e\x{301}e\x{301}e\x{301}e\x{301}e\x{301}e\x{301}e\x{301}e\x{301} e\x{301}e\x{301}e\x{301}e\x{301}e\x{301}e\x{301}e\x{301}e\x{301}e\x{301}e\x{301}e\x{301}e\x{301}e\x{301}e\x{301}e\x{301}e\x{301}e\x{301}e\x{301}e\x{301}e\x{301}e\x{301}e\x{301}"
          text run at (1055,2580) width 1: " "
          text run at (0,2595) width 1056: "e\x{301}e\x{301}e\x{301}e\x{301}e\x{301}e\x{301}e\x{301}e\x{301}e\x{301}e\x{301}e\x{301}e\x{301}e\x{301}e\x{301}e\x{301}e\x{301}e\x{301}e\x{301}e\x{301}e\x{301}e\x{301}e\x{301}e\x{301}e\x{301}e\x{301}e\x{301}e\x{301}e\x{301}e\x{301}e\x{301}e\x{301}e\x{301} e\x{301} e\x{301}e\x{301}e\x{301}e\x{301}e\x{301}e\x{301}e\x{301}e\x{301}e\x{301}e\x{301}e\x{301}e\x{301}e\x{301}e\x{301}e\x{301}e\x{301}e\x{301}e\x{301}e\x{301}e\x{301}e\x{301}e\x{301}e\x{301}e\x{301}e\x{301}e\x{301}e\x{301}e\x{301}e\x{301}e\x{301}e\x{301}e\x{301}e\x{301}e\x{301}e\x{301}e\x{301}e\x{301}e\x{301}e\x{301}e\x{301}e\x{301}e\x{301}e\x{301} e\x{301}e\x{301}e\x{301}e\x{301}e\x{301}e\x{301}e\x{301}e\x{301}e\x{301}e\x{301}e\x{301}e\x{301}e\x{301}e\x{301}e\x{301}e\x{301}e\x{301}e\x{301}e\x{301}e\x{301}e\x{301}e\x{301}e\x{301}e\x{301}e\x{301}e\x{301}e\x{301}e\x{301}e\x{301}e\x{301} e\x{301}e\x{301}e\x{301}e\x{301}e\x{301}e\x{301}e\x{301}e\x{301}e\x{301}e\x{301}e\x{301}e\x{301}e\x{301}e\x{301}e\x{301}e\x{301}e\x{301}e\x{301}e\x{301}e\x{301}e\x{301}e\x{301}"
          text run at (1055,2595) width 1: " "
          text run at (0,2610) width 1056: "e\x{301}e\x{301}e\x{301}e\x{301}e\x{301}e\x{301}e\x{301}e\x{301}e\x{301}e\x{301}e\x{301}e\x{301}e\x{301}e\x{301}e\x{301}e\x{301}e\x{301}e\x{301}e\x{301}e\x{301}e\x{301}e\x{301}e\x{301}e\x{301}e\x{301}e\x{301}e\x{301}e\x{301}e\x{301}e\x{301}e\x{301}e\x{301} e\x{301} e\x{301}e\x{301}e\x{301}e\x{301}e\x{301}e\x{301}e\x{301}e\x{301}e\x{301}e\x{301}e\x{301}e\x{301}e\x{301}e\x{301}e\x{301}e\x{301}e\x{301}e\x{301}e\x{301}e\x{301}e\x{301}e\x{301}e\x{301}e\x{301}e\x{301}e\x{301}e\x{301}e\x{301}e\x{301}e\x{301}e\x{301}e\x{301}e\x{301}e\x{301}e\x{301}e\x{301}e\x{301}e\x{301}e\x{301}e\x{301}e\x{301}e\x{301}e\x{301} e\x{301}e\x{301}e\x{301}e\x{301}e\x{301}e\x{301}e\x{301}e\x{301}e\x{301}e\x{301}e\x{301}e\x{301}e\x{301}e\x{301}e\x{301}e\x{301}e\x{301}e\x{301}e\x{301}e\x{301}e\x{301}e\x{301}e\x{301}e\x{301}e\x{301}e\x{301}e\x{301}e\x{301}e\x{301}e\x{301} e\x{301}e\x{301}e\x{301}e\x{301}e\x{301}e\x{301}e\x{301}e\x{301}e\x{301}e\x{301}e\x{301}e\x{301}e\x{301}e\x{301}e\x{301}e\x{301}e\x{301}e\x{301}e\x{301}e\x{301}e\x{301}e\x{301}"
          text run at (1055,2610) width 1: " "
          text run at (0,2625) width 1056: "e\x{301}e\x{301}e\x{301}e\x{301}e\x{301}e\x{301}e\x{301}e\x{301}e\x{301}e\x{301}e\x{301}e\x{301}e\x{301}e\x{301}e\x{301}e\x{301}e\x{301}e\x{301}e\x{301}e\x{301}e\x{301}e\x{301}e\x{301}e\x{301}e\x{301}e\x{301}e\x{301}e\x{301}e\x{301}e\x{301}e\x{301}e\x{301} e\x{301} e\x{301}e\x{301}e\x{301}e\x{301}e\x{301}e\x{301}e\x{301}e\x{301}e\x{301}e\x{301}e\x{301}e\x{301}e\x{301}e\x{301}e\x{301}e\x{301}e\x{301}e\x{301}e\x{301}e\x{301}e\x{301}e\x{301}e\x{301}e\x{301}e\x{301}e\x{301}e\x{301}e\x{301}e\x{301}e\x{301}e\x{301}e\x{301}e\x{301}e\x{301}e\x{301}e\x{301}e\x{301}e\x{301}e\x{301}e\x{301}e\x{301}e\x{301}e\x{301} e\x{301}e\x{301}e\x{301}e\x{301}e\x{301}e\x{301}e\x{301}e\x{301}e\x{301}e\x{301}e\x{301}e\x{301}e\x{301}e\x{301}e\x{301}e\x{301}e\x{301}e\x{301}e\x{301}e\x{301}e\x{301}e\x{301}e\x{301}e\x{301}e\x{301}e\x{301}e\x{301}e\x{301}e\x{301}e\x{301} e\x{301}e\x{301}e\x{301}e\x{301}e\x{301}e\x{301}e\x{301}e\x{301}e\x{301}e\x{301}e\x{301}e\x{301}e\x{301}e\x{301}e\x{301}e\x{301}e\x{301}e\x{301}e\x{301}e\x{301}e\x{301}e\x{301}"
          text run at (1055,2625) width 1: " "
          text run at (0,2640) width 1056: "e\x{301}e\x{301}e\x{301}e\x{301}e\x{301}e\x{301}e\x{301}e\x{301}e\x{301}e\x{301}e\x{301}e\x{301}e\x{301}e\x{301}e\x{301}e\x{301}e\x{301}e\x{301}e\x{301}e\x{301}e\x{301}e\x{301}e\x{301}e\x{301}e\x{301}e\x{301}e\x{301}e\x{301}e\x{301}e\x{301}e\x{301}e\x{301} e\x{301} e\x{301}e\x{301}e\x{301}e\x{301}e\x{301}e\x{301}e\x{301}e\x{301}e\x{301}e\x{301}e\x{301}e\x{301}e\x{301}e\x{301}e\x{301}e\x{301}e\x{301}e\x{301}e\x{301}e\x{301}e\x{301}e\x{301}e\x{301}e\x{301}e\x{301}e\x{301}e\x{301}e\x{301}e\x{301}e\x{301}e\x{301}e\x{301}e\x{301}e\x{301}e\x{301}e\x{301}e\x{301}e\x{301}e\x{301}e\x{301}e\x{301}e\x{301}e\x{301} e\x{301}e\x{301}e\x{301}e\x{301}e\x{301}e\x{301}e\x{301}e\x{301}e\x{301}e\x{301}e\x{301}e\x{301}e\x{301}e\x{301}e\x{301}e\x{301}e\x{301}e\x{301}e\x{301}e\x{301}e\x{301}e\x{301}e\x{301}e\x{301}e\x{301}e\x{301}e\x{301}e\x{301}e\x{301}e\x{301} e\x{301}e\x{301}e\x{301}e\x{301}e\x{301}e\x{301}e\x{301}e\x{301}e\x{301}e\x{301}e\x{301}e\x{301}e\x{301}e\x{301}e\x{301}e\x{301}e\x{301}e\x{301}e\x{301}e\x{301}e\x{301}e\x{301}"
          text run at (1055,2640) width 1: " "
          text run at (0,2655) width 1056: "e\x{301}e\x{301}e\x{301}e\x{301}e\x{301}e\x{301}e\x{301}e\x{301}e\x{301}e\x{301}e\x{301}e\x{301}e\x{301}e\x{301}e\x{301}e\x{301}e\x{301}e\x{301}e\x{301}e\x{301}e\x{301}e\x{301}e\x{301}e\x{301}e\x{301}e\x{301}e\x{301}e\x{301}e\x{301}e\x{301}e\x{301}e\x{301} e\x{301} e\x{301}e\x{301}e\x{301}e\x{301}e\x{301}e\x{301}e\x{301}e\x{301}e\x{301}e\x{301}e\x{301}e\x{301}e\x{301}e\x{301}e\x{301}e\x{301}e\x{301}e\x{301}e\x{301}e\x{301}e\x{301}e\x{301}e\x{301}e\x{301}e\x{301}e\x{301}e\x{301}e\x{301}e\x{301}e\x{301}e\x{301}e\x{301}e\x{301}e\x{301}e\x{301}e\x{301}e\x{301}e\x{301}e\x{301}e\x{301}e\x{301}e\x{301}e\x{301} e\x{301}e\x{301}e\x{301}e\x{301}e\x{301}e\x{301}e\x{301}e\x{301}e\x{301}e\x{301}e\x{301}e\x{301}e\x{301}e\x{301}e\x{301}e\x{301}e\x{301}e\x{301}e\x{301}e\x{301}e\x{301}e\x{301}e\x{301}e\x{301}e\x{301}e\x{301}e\x{301}e\x{301}e\x{301}e\x{301} e\x{301}e\x{301}e\x{301}e\x{301}e\x{301}e\x{301}e\x{301}e\x{301}e\x{301}e\x{301}e\x{301}e\x{301}e\x{301}e\x{301}e\x{301}e\x{301}e\x{301}e\x{301}e\x{301}e\x{301}e\x{301}e\x{301}"
          text run at (1055,2655) width 1: " "
          text run at (0,2670) width 1056: "e\x{301}e\x{301}e\x{301}e\x{301}e\x{301}e\x{301}e\x{301}e\x{301}e\x{301}e\x{301}e\x{301}e\x{301}e\x{301}e\x{301}e\x{301}e\x{301}e\x{301}e\x{301}e\x{301}e\x{301}e\x{301}e\x{301}e\x{301}e\x{301}e\x{301}e\x{301}e\x{301}e\x{301}e\x{301}e\x{301}e\x{301}e\x{301} e\x{301} e\x{301}e\x{301}e\x{301}e\x{301}e\x{301}e\x{301}e\x{301}e\x{301}e\x{301}e\x{301}e\x{301}e\x{301}e\x{301}e\x{301}e\x{301}e\x{301}e\x{301}e\x{301}e\x{301}e\x{301}e\x{301}e\x{301}e\x{301}e\x{301}e\x{301}e\x{301}e\x{301}e\x{301}e\x{301}e\x{301}e\x{301}e\x{301}e\x{301}e\x{301}e\x{301}e\x{301}e\x{301}e\x{301}e\x{301}e\x{301}e\x{301}e\x{301}e\x{301} e\x{301}e\x{301}e\x{301}e\x{301}e\x{301}e\x{301}e\x{301}e\x{301}e\x{301}e\x{301}e\x{301}e\x{301}e\x{301}e\x{301}e\x{301}e\x{301}e\x{301}e\x{301}e\x{301}e\x{301}e\x{301}e\x{301}e\x{301}e\x{301}e\x{301}e\x{301}e\x{301}e\x{301}e\x{301}e\x{301} e\x{301}e\x{301}e\x{301}e\x{301}e\x{301}e\x{301}e\x{301}e\x{301}e\x{301}e\x{301}e\x{301}e\x{301}e\x{301}e\x{301}e\x{301}e\x{301}e\x{301}e\x{301}e\x{301}e\x{301}e\x{301}e\x{301}"
          text run at (1055,2670) width 1: " "
          text run at (0,2685) width 1056: "e\x{301}e\x{301}e\x{301}e\x{301}e\x{301}e\x{301}e\x{301}e\x{301}e\x{301}e\x{301}e\x{301}e\x{301}e\x{301}e\x{301}e\x{301}e\x{301}e\x{301}e\x{301}e\x{301}e\x{301}e\x{301}e\x{301}e\x{301}e\x{301}e\x{301}e\x{301}e\x{301}e\x{301}e\x{301}e\x{301}e\x{301}e\x{301} e\x{301} e\x{301}e\x{301}e\x{301}e\x{301}e\x{301}e\x{301}e\x{301}e\x{301}e\x{301}e\x{301}e\x{301}e\x{301}e\x{301}e\x{301}e\x{301}e\x{301}e\x{301}e\x{301}e\x{301}e\x{301}e\x{301}e\x{301}e\x{301}e\x{301}e\x{301}e\x{301}e\x{301}e\x{301}e\x{301}e\x{301}e\x{301}e\x{301}e\x{301}e\x{301}e\x{301}e\x{301}e\x{301}e\x{301}e\x{301}e\x{301}e\x{301}e\x{301}e\x{301} e\x{301}e\x{301}e\x{301}e\x{301}e\x{301}e\x{301}e\x{301}e\x{301}e\x{301}e\x{301}e\x{301}e\x{301}e\x{301}e\x{301}e\x{301}e\x{301}e\x{301}e\x{301}e\x{301}e\x{301}e\x{301}e\x{301}e\x{301}e\x{301}e\x{301}e\x{301}e\x{301}e\x{301}e\x{301}e\x{301} e\x{301}e\x{301}e\x{301}e\x{301}e\x{301}e\x{301}e\x{301}e\x{301}e\x{301}e\x{301}e\x{301}e\x{301}e\x{301}e\x{301}e\x{301}e\x{301}e\x{301}e\x{301}e\x{301}e\x{301}e\x{301}e\x{301}"
          text run at (1055,2685) width 1: " "
          text run at (0,2700) width 1056: "e\x{301}e\x{301}e\x{301}e\x{301}e\x{301}e\x{301}e\x{301}e\x{301}e\x{301}e\x{301}e\x{301}e\x{301}e\x{301}e\x{301}e\x{301}e\x{301}e\x{301}e\x{301}e\x{301}e\x{301}e\x{301}e\x{301}e\x{301}e\x{301}e\x{301}e\x{301}e\x{301}e\x{301}e\x{301}e\x{301}e\x{301}e\x{301} e\x{301} e\x{301}e\x{301}e\x{301}e\x{301}e\x{301}e\x{301}e\x{301}e\x{301}e\x{301}e\x{301}e\x{301}e\x{301}e\x{301}e\x{301}e\x{301}e\x{301}e\x{301}e\x{301}e\x{301}e\x{301}e\x{301}e\x{301}e\x{301}e\x{301}e\x{301}e\x{301}e\x{301}e\x{301}e\x{301}e\x{301}e\x{301}e\x{301}e\x{301}e\x{301}e\x{301}e\x{301}e\x{301}e\x{301}e\x{301}e\x{301}e\x{301}e\x{301}e\x{301} e\x{301}e\x{301}e\x{301}e\x{301}e\x{301}e\x{301}e\x{301}e\x{301}e\x{301}e\x{301}e\x{301}e\x{301}e\x{301}e\x{301}e\x{301}e\x{301}e\x{301}e\x{301}e\x{301}e\x{301}e\x{301}e\x{301}e\x{301}e\x{301}e\x{301}e\x{301}e\x{301}e\x{301}e\x{301}e\x{301} e\x{301}e\x{301}e\x{301}e\x{301}e\x{301}e\x{301}e\x{301}e\x{301}e\x{301}e\x{301}e\x{301}e\x{301}e\x{301}e\x{301}e\x{301}e\x{301}e\x{301}e\x{301}e\x{301}e\x{301}e\x{301}e\x{301}"
          text run at (1055,2700) width 1: " "
          text run at (0,2715) width 1056: "e\x{301}e\x{301}e\x{301}e\x{301}e\x{301}e\x{301}e\x{301}e\x{301}e\x{301}e\x{301}e\x{301}e\x{301}e\x{301}e\x{301}e\x{301}e\x{301}e\x{301}e\x{301}e\x{301}e\x{301}e\x{301}e\x{301}e\x{301}e\x{301}e\x{301}e\x{301}e\x{301}e\x{301}e\x{301}e\x{301}e\x{301}e\x{301} e\x{301} e\x{301}e\x{301}e\x{301}e\x{301}e\x{301}e\x{301}e\x{301}e\x{301}e\x{301}e\x{301}e\x{301}e\x{301}e\x{301}e\x{301}e\x{301}e\x{301}e\x{301}e\x{301}e\x{301}e\x{301}e\x{301}e\x{301}e\x{301}e\x{301}e\x{301}e\x{301}e\x{301}e\x{301}e\x{301}e\x{301}e\x{301}e\x{301}e\x{301}e\x{301}e\x{301}e\x{301}e\x{301}e\x{301}e\x{301}e\x{301}e\x{301}e\x{301}e\x{301} e\x{301}e\x{301}e\x{301}e\x{301}e\x{301}e\x{301}e\x{301}e\x{301}e\x{301}e\x{301}e\x{301}e\x{301}e\x{301}e\x{301}e\x{301}e\x{301}e\x{301}e\x{301}e\x{301}e\x{301}e\x{301}e\x{301}e\x{301}e\x{301}e\x{301}e\x{301}e\x{301}e\x{301}e\x{301}e\x{301} e\x{301}e\x{301}e\x{301}e\x{301}e\x{301}e\x{301}e\x{301}e\x{301}e\x{301}e\x{301}e\x{301}e\x{301}e\x{301}e\x{301}e\x{301}e\x{301}e\x{301}e\x{301}e\x{301}e\x{301}e\x{301}e\x{301}"
          text run at (1055,2715) width 1: " "
          text run at (0,2730) width 1056: "e\x{301}e\x{301}e\x{301}e\x{301}e\x{301}e\x{301}e\x{301}e\x{301}e\x{301}e\x{301}e\x{301}e\x{301}e\x{301}e\x{301}e\x{301}e\x{301}e\x{301}e\x{301}e\x{301}e\x{301}e\x{301}e\x{301}e\x{301}e\x{301}e\x{301}e\x{301}e\x{301}e\x{301}e\x{301}e\x{301}e\x{301}e\x{301} e\x{301} e\x{301}e\x{301}e\x{301}e\x{301}e\x{301}e\x{301}e\x{301}e\x{301}e\x{301}e\x{301}e\x{301}e\x{301}e\x{301}e\x{301}e\x{301}e\x{301}e\x{301}e\x{301}e\x{301}e\x{301}e\x{301}e\x{301}e\x{301}e\x{301}e\x{301}e\x{301}e\x{301}e\x{301}e\x{301}e\x{301}e\x{301}e\x{301}e\x{301}e\x{301}e\x{301}e\x{301}e\x{301}e\x{301}e\x{301}e\x{301}e\x{301}e\x{301}e\x{301} e\x{301}e\x{301}e\x{301}e\x{301}e\x{301}e\x{301}e\x{301}e\x{301}e\x{301}e\x{301}e\x{301}e\x{301}e\x{301}e\x{301}e\x{301}e\x{301}e\x{301}e\x{301}e\x{301}e\x{301}e\x{301}e\x{301}e\x{301}e\x{301}e\x{301}e\x{301}e\x{301}e\x{301}e\x{301}e\x{301} e\x{301}e\x{301}e\x{301}e\x{301}e\x{301}e\x{301}e\x{301}e\x{301}e\x{301}e\x{301}e\x{301}e\x{301}e\x{301}e\x{301}e\x{301}e\x{301}e\x{301}e\x{301}e\x{301}e\x{301}e\x{301}e\x{301}"
          text run at (1055,2730) width 1: " "
          text run at (0,2745) width 1056: "e\x{301}e\x{301}e\x{301}e\x{301}e\x{301}e\x{301}e\x{301}e\x{301}e\x{301}e\x{301}e\x{301}e\x{301}e\x{301}e\x{301}e\x{301}e\x{301}e\x{301}e\x{301}e\x{301}e\x{301}e\x{301}e\x{301}e\x{301}e\x{301}e\x{301}e\x{301}e\x{301}e\x{301}e\x{301}e\x{301}e\x{301}e\x{301} e\x{301} e\x{301}e\x{301}e\x{301}e\x{301}e\x{301}e\x{301}e\x{301}e\x{301}e\x{301}e\x{301}e\x{301}e\x{301}e\x{301}e\x{301}e\x{301}e\x{301}e\x{301}e\x{301}e\x{301}e\x{301}e\x{301}e\x{301}e\x{301}e\x{301}e\x{301}e\x{301}e\x{301}e\x{301}e\x{301}e\x{301}e\x{301}e\x{301}e\x{301}e\x{301}e\x{301}e\x{301}e\x{301}e\x{301}e\x{301}e\x{301}e\x{301}e\x{301}e\x{301} e\x{301}e\x{301}e\x{301}e\x{301}e\x{301}e\x{301}e\x{301}e\x{301}e\x{301}e\x{301}e\x{301}e\x{301}e\x{301}e\x{301}e\x{301}e\x{301}e\x{301}e\x{301}e\x{301}e\x{301}e\x{301}e\x{301}e\x{301}e\x{301}e\x{301}e\x{301}e\x{301}e\x{301}e\x{301}e\x{301} e\x{301}e\x{301}e\x{301}e\x{301}e\x{301}e\x{301}e\x{301}e\x{301}e\x{301}e\x{301}e\x{301}e\x{301}e\x{301}e\x{301}e\x{301}e\x{301}e\x{301}e\x{301}e\x{301}e\x{301}e\x{301}e\x{301}"
          text run at (1055,2745) width 1: " "
          text run at (0,2760) width 1056: "e\x{301}e\x{301}e\x{301}e\x{301}e\x{301}e\x{301}e\x{301}e\x{301}e\x{301}e\x{301}e\x{301}e\x{301}e\x{301}e\x{301}e\x{301}e\x{301}e\x{301}e\x{301}e\x{301}e\x{301}e\x{301}e\x{301}e\x{301}e\x{301}e\x{301}e\x{301}e\x{301}e\x{301}e\x{301}e\x{301}e\x{301}e\x{301} e\x{301} e\x{301}e\x{301}e\x{301}e\x{301}e\x{301}e\x{301}e\x{301}e\x{301}e\x{301}e\x{301}e\x{301}e\x{301}e\x{301}e\x{301}e\x{301}e\x{301}e\x{301}e\x{301}e\x{301}e\x{301}e\x{301}e\x{301}e\x{301}e\x{301}e\x{301}e\x{301}e\x{301}e\x{301}e\x{301}e\x{301}e\x{301}e\x{301}e\x{301}e\x{301}e\x{301}e\x{301}e\x{301}e\x{301}e\x{301}e\x{301}e\x{301}e\x{301}e\x{301} e\x{301}e\x{301}e\x{301}e\x{301}e\x{301}e\x{301}e\x{301}e\x{301}e\x{301}e\x{301}e\x{301}e\x{301}e\x{301}e\x{301}e\x{301}e\x{301}e\x{301}e\x{301}e\x{301}e\x{301}e\x{301}e\x{301}e\x{301}e\x{301}e\x{301}e\x{301}e\x{301}e\x{301}e\x{301}e\x{301} e\x{301}e\x{301}e\x{301}e\x{301}e\x{301}e\x{301}e\x{301}e\x{301}e\x{301}e\x{301}e\x{301}e\x{301}e\x{301}e\x{301}e\x{301}e\x{301}e\x{301}e\x{301}e\x{301}e\x{301}e\x{301}e\x{301}"
          text run at (1055,2760) width 1: " "
          text run at (0,2775) width 1056: "e\x{301}e\x{301}e\x{301}e\x{301}e\x{301}e\x{301}e\x{301}e\x{301}e\x{301}e\x{301}e\x{301}e\x{301}e\x{301}e\x{301}e\x{301}e\x{301}e\x{301}e\x{301}e\x{301}e\x{301}e\x{301}e\x{301}e\x{301}e\x{301}e\x{301}e\x{301}e\x{301}e\x{301}e\x{301}e\x{301}e\x{301}e\x{301} e\x{301} e\x{301}e\x{301}e\x{301}e\x{301}e\x{301}e\x{301}e\x{301}e\x{301}e\x{301}e\x{301}e\x{301}e\x{301}e\x{301}e\x{301}e\x{301}e\x{301}e\x{301}e\x{301}e\x{301}e\x{301}e\x{301}e\x{301}e\x{301}e\x{301}e\x{301}e\x{301}e\x{301}e\x{301}e\x{301}e\x{301}e\x{301}e\x{301}e\x{301}e\x{301}e\x{301}e\x{301}e\x{301}e\x{301}e\x{301}e\x{301}e\x{301}e\x{301}e\x{301} e\x{301}e\x{301}e\x{301}e\x{301}e\x{301}e\x{301}e\x{301}e\x{301}e\x{301}e\x{301}e\x{301}e\x{301}e\x{301}e\x{301}e\x{301}e\x{301}e\x{301}e\x{301}e\x{301}e\x{301}e\x{301}e\x{301}e\x{301}e\x{301}e\x{301}e\x{301}e\x{301}e\x{301}e\x{301}e\x{301} e\x{301}e\x{301}e\x{301}e\x{301}e\x{301}e\x{301}e\x{301}e\x{301}e\x{301}e\x{301}e\x{301}e\x{301}e\x{301}e\x{301}e\x{301}e\x{301}e\x{301}e\x{301}e\x{301}e\x{301}e\x{301}e\x{301}"
          text run at (1055,2775) width 1: " "
          text run at (0,2790) width 1056: "e\x{301}e\x{301}e\x{301}e\x{301}e\x{301}e\x{301}e\x{301}e\x{301}e\x{301}e\x{301}e\x{301}e\x{301}e\x{301}e\x{301}e\x{301}e\x{301}e\x{301}e\x{301}e\x{301}e\x{301}e\x{301}e\x{301}e\x{301}e\x{301}e\x{301}e\x{301}e\x{301}e\x{301}e\x{301}e\x{301}e\x{301}e\x{301} e\x{301} e\x{301}e\x{301}e\x{301}e\x{301}e\x{301}e\x{301}e\x{301}e\x{301}e\x{301}e\x{301}e\x{301}e\x{301}e\x{301}e\x{301}e\x{301}e\x{301}e\x{301}e\x{301}e\x{301}e\x{301}e\x{301}e\x{301}e\x{301}e\x{301}e\x{301}e\x{301}e\x{301}e\x{301}e\x{301}e\x{301}e\x{301}e\x{301}e\x{301}e\x{301}e\x{301}e\x{301}e\x{301}e\x{301}e\x{301}e\x{301}e\x{301}e\x{301}e\x{301} e\x{301}e\x{301}e\x{301}e\x{301}e\x{301}e\x{301}e\x{301}e\x{301}e\x{301}e\x{301}e\x{301}e\x{301}e\x{301}e\x{301}e\x{301}e\x{301}e\x{301}e\x{301}e\x{301}e\x{301}e\x{301}e\x{301}e\x{301}e\x{301}e\x{301}e\x{301}e\x{301}e\x{301}e\x{301}e\x{301} e\x{301}e\x{301}e\x{301}e\x{301}e\x{301}e\x{301}e\x{301}e\x{301}e\x{301}e\x{301}e\x{301}e\x{301}e\x{301}e\x{301}e\x{301}e\x{301}e\x{301}e\x{301}e\x{301}e\x{301}e\x{301}e\x{301}"
          text run at (1055,2790) width 1: " "
          text run at (0,2805) width 1056: "e\x{301}e\x{301}e\x{301}e\x{301}e\x{301}e\x{301}e\x{301}e\x{301}e\x{301}e\x{301}e\x{301}e\x{301}e\x{301}e\x{301}e\x{301}e\x{301}e\x{301}e\x{301}e\x{301}e\x{301}e\x{301}e\x{301}e\x{301}e\x{301}e\x{301}e\x{301}e\x{301}e\x{301}e\x{301}e\x{301}e\x{301}e\x{301} e\x{301} e\x{301}e\x{301}e\x{301}e\x{301}e\x{301}e\x{301}e\x{301}e\x{301}e\x{301}e\x{301}e\x{301}e\x{301}e\x{301}e\x{301}e\x{301}e\x{301}e\x{301}e\x{301}e\x{301}e\x{301}e\x{301}e\x{301}e\x{301}e\x{301}e\x{301}e\x{301}e\x{301}e\x{301}e\x{301}e\x{301}e\x{301}e\x{301}e\x{301}e\x{301}e\x{301}e\x{301}e\x{301}e\x{301}e\x{301}e\x{301}e\x{301}e\x{301}e\x{301} e\x{301}e\x{301}e\x{301}e\x{301}e\x{301}e\x{301}e\x{301}e\x{301}e\x{301}e\x{301}e\x{301}e\x{301}e\x{301}e\x{301}e\x{301}e\x{301}e\x{301}e\x{301}e\x{301}e\x{301}e\x{301}e\x{301}e\x{301}e\x{301}e\x{301}e\x{301}e\x{301}e\x{301}e\x{301}e\x{301} e\x{301}e\x{301}e\x{301}e\x{301}e\x{301}e\x{301}e\x{301}e\x{301}e\x{301}e\x{301}e\x{301}e\x{301}e\x{301}e\x{301}e\x{301}e\x{301}e\x{301}e\x{301}e\x{301}e\x{301}e\x{301}e\x{301}"
          text run at (1055,2805) width 1: " "
          text run at (0,2820) width 1056: "e\x{301}e\x{301}e\x{301}e\x{301}e\x{301}e\x{301}e\x{301}e\x{301}e\x{301}e\x{301}e\x{301}e\x{301}e\x{301}e\x{301}e\x{301}e\x{301}e\x{301}e\x{301}e\x{301}e\x{301}e\x{301}e\x{301}e\x{301}e\x{301}e\x{301}e\x{301}e\x{301}e\x{301}e\x{301}e\x{301}e\x{301}e\x{301} e\x{301} e\x{301}e\x{301}e\x{301}e\x{301}e\x{301}e\x{301}e\x{301}e\x{301}e\x{301}e\x{301}e\x{301}e\x{301}e\x{301}e\x{301}e\x{301}e\x{301}e\x{301}e\x{301}e\x{301}e\x{301}e\x{301}e\x{301}e\x{301}e\x{301}e\x{301}e\x{301}e\x{301}e\x{301}e\x{301}e\x{301}e\x{301}e\x{301}e\x{301}e\x{301}e\x{301}e\x{301}e\x{301}e\x{301}e\x{301}e\x{301}e\x{301}e\x{301}e\x{301} e\x{301}e\x{301}e\x{301}e\x{301}e\x{301}e\x{301}e\x{301}e\x{301}e\x{301}e\x{301}e\x{301}e\x{301}e\x{301}e\x{301}e\x{301}e\x{301}e\x{301}e\x{301}e\x{301}e\x{301}e\x{301}e\x{301}e\x{301}e\x{301}e\x{301}e\x{301}e\x{301}e\x{301}e\x{301}e\x{301} e\x{301}e\x{301}e\x{301}e\x{301}e\x{301}e\x{301}e\x{301}e\x{301}e\x{301}e\x{301}e\x{301}e\x{301}e\x{301}e\x{301}e\x{301}e\x{301}e\x{301}e\x{301}e\x{301}e\x{301}e\x{301}e\x{301}"
          text run at (1055,2820) width 1: " "
          text run at (0,2835) width 1056: "e\x{301}e\x{301}e\x{301}e\x{301}e\x{301}e\x{301}e\x{301}e\x{301}e\x{301}e\x{301}e\x{301}e\x{301}e\x{301}e\x{301}e\x{301}e\x{301}e\x{301}e\x{301}e\x{301}e\x{301}e\x{301}e\x{301}e\x{301}e\x{301}e\x{301}e\x{301}e\x{301}e\x{301}e\x{301}e\x{301}e\x{301}e\x{301} e\x{301} e\x{301}e\x{301}e\x{301}e\x{301}e\x{301}e\x{301}e\x{301}e\x{301}e\x{301}e\x{301}e\x{301}e\x{301}e\x{301}e\x{301}e\x{301}e\x{301}e\x{301}e\x{301}e\x{301}e\x{301}e\x{301}e\x{301}e\x{301}e\x{301}e\x{301}e\x{301}e\x{301}e\x{301}e\x{301}e\x{301}e\x{301}e\x{301}e\x{301}e\x{301}e\x{301}e\x{301}e\x{301}e\x{301}e\x{301}e\x{301}e\x{301}e\x{301}e\x{301} e\x{301}e\x{301}e\x{301}e\x{301}e\x{301}e\x{301}e\x{301}e\x{301}e\x{301}e\x{301}e\x{301}e\x{301}e\x{301}e\x{301}e\x{301}e\x{301}e\x{301}e\x{301}e\x{301}e\x{301}e\x{301}e\x{301}e\x{301}e\x{301}e\x{301}e\x{301}e\x{301}e\x{301}e\x{301}e\x{301} e\x{301}e\x{301}e\x{301}e\x{301}e\x{301}e\x{301}e\x{301}e\x{301}e\x{301}e\x{301}e\x{301}e\x{301}e\x{301}e\x{301}e\x{301}e\x{301}e\x{301}e\x{301}e\x{301}e\x{301}e\x{301}e\x{301}"
          text run at (1055,2835) width 1: " "
          text run at (0,2850) width 1056: "e\x{301}e\x{301}e\x{301}e\x{301}e\x{301}e\x{301}e\x{301}e\x{301}e\x{301}e\x{301}e\x{301}e\x{301}e\x{301}e\x{301}e\x{301}e\x{301}e\x{301}e\x{301}e\x{301}e\x{301}e\x{301}e\x{301}e\x{301}e\x{301}e\x{301}e\x{301}e\x{301}e\x{301}e\x{301}e\x{301}e\x{301}e\x{301} e\x{301} e\x{301}e\x{301}e\x{301}e\x{301}e\x{301}e\x{301}e\x{301}e\x{301}e\x{301}e\x{301}e\x{301}e\x{301}e\x{301}e\x{301}e\x{301}e\x{301}e\x{301}e\x{301}e\x{301}e\x{301}e\x{301}e\x{301}e\x{301}e\x{301}e\x{301}e\x{301}e\x{301}e\x{301}e\x{301}e\x{301}e\x{301}e\x{301}e\x{301}e\x{301}e\x{301}e\x{301}e\x{301}e\x{301}e\x{301}e\x{301}e\x{301}e\x{301}e\x{301} e\x{301}e\x{301}e\x{301}e\x{301}e\x{301}e\x{301}e\x{301}e\x{301}e\x{301}e\x{301}e\x{301}e\x{301}e\x{301}e\x{301}e\x{301}e\x{301}e\x{301}e\x{301}e\x{301}e\x{301}e\x{301}e\x{301}e\x{301}e\x{301}e\x{301}e\x{301}e\x{301}e\x{301}e\x{301}e\x{301} e\x{301}e\x{301}e\x{301}e\x{301}e\x{301}e\x{301}e\x{301}e\x{301}e\x{301}e\x{301}e\x{301}e\x{301}e\x{301}e\x{301}e\x{301}e\x{301}e\x{301}e\x{301}e\x{301}e\x{301}e\x{301}e\x{301}"
          text run at (1055,2850) width 1: " "
          text run at (0,2865) width 1056: "e\x{301}e\x{301}e\x{301}e\x{301}e\x{301}e\x{301}e\x{301}e\x{301}e\x{301}e\x{301}e\x{301}e\x{301}e\x{301}e\x{301}e\x{301}e\x{301}e\x{301}e\x{301}e\x{301}e\x{301}e\x{301}e\x{301}e\x{301}e\x{301}e\x{301}e\x{301}e\x{301}e\x{301}e\x{301}e\x{301}e\x{301}e\x{301} e\x{301} e\x{301}e\x{301}e\x{301}e\x{301}e\x{301}e\x{301}e\x{301}e\x{301}e\x{301}e\x{301}e\x{301}e\x{301}e\x{301}e\x{301}e\x{301}e\x{301}e\x{301}e\x{301}e\x{301}e\x{301}e\x{301}e\x{301}e\x{301}e\x{301}e\x{301}e\x{301}e\x{301}e\x{301}e\x{301}e\x{301}e\x{301}e\x{301}e\x{301}e\x{301}e\x{301}e\x{301}e\x{301}e\x{301}e\x{301}e\x{301}e\x{301}e\x{301}e\x{301} e\x{301}e\x{301}e\x{301}e\x{301}e\x{301}e\x{301}e\x{301}e\x{301}e\x{301}e\x{301}e\x{301}e\x{301}e\x{301}e\x{301}e\x{301}e\x{301}e\x{301}e\x{301}e\x{301}e\x{301}e\x{301}e\x{301}e\x{301}e\x{301}e\x{301}e\x{301}e\x{301}e\x{301}e\x{301}e\x{301} e\x{301}e\x{301}e\x{301}e\x{301}e\x{301}e\x{301}e\x{301}e\x{301}e\x{301}e\x{301}e\x{301}e\x{301}e\x{301}e\x{301}e\x{301}e\x{301}e\x{301}e\x{301}e\x{301}e\x{301}e\x{301}e\x{301}"
          text run at (1055,2865) width 1: " "
          text run at (0,2880) width 1056: "e\x{301}e\x{301}e\x{301}e\x{301}e\x{301}e\x{301}e\x{301}e\x{301}e\x{301}e\x{301}e\x{301}e\x{301}e\x{301}e\x{301}e\x{301}e\x{301}e\x{301}e\x{301}e\x{301}e\x{301}e\x{301}e\x{301}e\x{301}e\x{301}e\x{301}e\x{301}e\x{301}e\x{301}e\x{301}e\x{301}e\x{301}e\x{301} e\x{301} e\x{301}e\x{301}e\x{301}e\x{301}e\x{301}e\x{301}e\x{301}e\x{301}e\x{301}e\x{301}e\x{301}e\x{301}e\x{301}e\x{301}e\x{301}e\x{301}e\x{301}e\x{301}e\x{301}e\x{301}e\x{301}e\x{301}e\x{301}e\x{301}e\x{301}e\x{301}e\x{301}e\x{301}e\x{301}e\x{301}e\x{301}e\x{301}e\x{301}e\x{301}e\x{301}e\x{301}e\x{301}e\x{301}e\x{301}e\x{301}e\x{301}e\x{301}e\x{301} e\x{301}e\x{301}e\x{301}e\x{301}e\x{301}e\x{301}e\x{301}e\x{301}e\x{301}e\x{301}e\x{301}e\x{301}e\x{301}e\x{301}e\x{301}e\x{301}e\x{301}e\x{301}e\x{301}e\x{301}e\x{301}e\x{301}e\x{301}e\x{301}e\x{301}e\x{301}e\x{301}e\x{301}e\x{301}e\x{301} e\x{301}e\x{301}e\x{301}e\x{301}e\x{301}e\x{301}e\x{301}e\x{301}e\x{301}e\x{301}e\x{301}e\x{301}e\x{301}e\x{301}e\x{301}e\x{301}e\x{301}e\x{301}e\x{301}e\x{301}e\x{301}e\x{301}"
          text run at (1055,2880) width 1: " "
          text run at (0,2895) width 1056: "e\x{301}e\x{301}e\x{301}e\x{301}e\x{301}e\x{301}e\x{301}e\x{301}e\x{301}e\x{301}e\x{301}e\x{301}e\x{301}e\x{301}e\x{301}e\x{301}e\x{301}e\x{301}e\x{301}e\x{301}e\x{301}e\x{301}e\x{301}e\x{301}e\x{301}e\x{301}e\x{301}e\x{301}e\x{301}e\x{301}e\x{301}e\x{301} e\x{301} e\x{301}e\x{301}e\x{301}e\x{301}e\x{301}e\x{301}e\x{301}e\x{301}e\x{301}e\x{301}e\x{301}e\x{301}e\x{301}e\x{301}e\x{301}e\x{301}e\x{301}e\x{301}e\x{301}e\x{301}e\x{301}e\x{301}e\x{301}e\x{301}e\x{301}e\x{301}e\x{301}e\x{301}e\x{301}e\x{301}e\x{301}e\x{301}e\x{301}e\x{301}e\x{301}e\x{301}e\x{301}e\x{301}e\x{301}e\x{301}e\x{301}e\x{301}e\x{301} e\x{301}e\x{301}e\x{301}e\x{301}e\x{301}e\x{301}e\x{301}e\x{301}e\x{301}e\x{301}e\x{301}e\x{301}e\x{301}e\x{301}e\x{301}e\x{301}e\x{301}e\x{301}e\x{301}e\x{301}e\x{301}e\x{301}e\x{301}e\x{301}e\x{301}e\x{301}e\x{301}e\x{301}e\x{301}e\x{301} e\x{301}e\x{301}e\x{301}e\x{301}e\x{301}e\x{301}e\x{301}e\x{301}e\x{301}e\x{301}e\x{301}e\x{301}e\x{301}e\x{301}e\x{301}e\x{301}e\x{301}e\x{301}e\x{301}e\x{301}e\x{301}e\x{301}"
          text run at (1055,2895) width 1: " "
          text run at (0,2910) width 1056: "e\x{301}e\x{301}e\x{301}e\x{301}e\x{301}e\x{301}e\x{301}e\x{301}e\x{301}e\x{301}e\x{301}e\x{301}e\x{301}e\x{301}e\x{301}e\x{301}e\x{301}e\x{301}e\x{301}e\x{301}e\x{301}e\x{301}e\x{301}e\x{301}e\x{301}e\x{301}e\x{301}e\x{301}e\x{301}e\x{301}e\x{301}e\x{301} e\x{301} e\x{301}e\x{301}e\x{301}e\x{301}e\x{301}e\x{301}e\x{301}e\x{301}e\x{301}e\x{301}e\x{301}e\x{301}e\x{301}e\x{301}e\x{301}e\x{301}e\x{301}e\x{301}e\x{301}e\x{301}e\x{301}e\x{301}e\x{301}e\x{301}e\x{301}e\x{301}e\x{301}e\x{301}e\x{301}e\x{301}e\x{301}e\x{301}e\x{301}e\x{301}e\x{301}e\x{301}e\x{301}e\x{301}e\x{301}e\x{301}e\x{301}e\x{301}e\x{301} e\x{301}e\x{301}e\x{301}e\x{301}e\x{301}e\x{301}e\x{301}e\x{301}e\x{301}e\x{301}e\x{301}e\x{301}e\x{301}e\x{301}e\x{301}e\x{301}e\x{301}e\x{301}e\x{301}e\x{301}e\x{301}e\x{301}e\x{301}e\x{301}e\x{301}e\x{301}e\x{301}e\x{301}e\x{301}e\x{301} e\x{301}e\x{301}e\x{301}e\x{301}e\x{301}e\x{301}e\x{301}e\x{301}e\x{301}e\x{301}e\x{301}e\x{301}e\x{301}e\x{301}e\x{301}e\x{301}e\x{301}e\x{301}e\x{301}e\x{301}e\x{301}e\x{301}"
          text run at (1055,2910) width 1: " "
          text run at (0,2925) width 1056: "e\x{301}e\x{301}e\x{301}e\x{301}e\x{301}e\x{301}e\x{301}e\x{301}e\x{301}e\x{301}e\x{301}e\x{301}e\x{301}e\x{301}e\x{301}e\x{301}e\x{301}e\x{301}e\x{301}e\x{301}e\x{301}e\x{301}e\x{301}e\x{301}e\x{301}e\x{301}e\x{301}e\x{301}e\x{301}e\x{301}e\x{301}e\x{301} e\x{301} e\x{301}e\x{301}e\x{301}e\x{301}e\x{301}e\x{301}e\x{301}e\x{301}e\x{301}e\x{301}e\x{301}e\x{301}e\x{301}e\x{301}e\x{301}e\x{301}e\x{301}e\x{301}e\x{301}e\x{301}e\x{301}e\x{301}e\x{301}e\x{301}e\x{301}e\x{301}e\x{301}e\x{301}e\x{301}e\x{301}e\x{301}e\x{301}e\x{301}e\x{301}e\x{301}e\x{301}e\x{301}e\x{301}e\x{301}e\x{301}e\x{301}e\x{301}e\x{301} e\x{301}e\x{301}e\x{301}e\x{301}e\x{301}e\x{301}e\x{301}e\x{301}e\x{301}e\x{301}e\x{301}e\x{301}e\x{301}e\x{301}e\x{301}e\x{301}e\x{301}e\x{301}e\x{301}e\x{301}e\x{301}e\x{301}e\x{301}e\x{301}e\x{301}e\x{301}e\x{301}e\x{301}e\x{301}e\x{301} e\x{301}e\x{301}e\x{301}e\x{301}e\x{301}e\x{301}e\x{301}e\x{301}e\x{301}e\x{301}e\x{301}e\x{301}e\x{301}e\x{301}e\x{301}e\x{301}e\x{301}e\x{301}e\x{301}e\x{301}e\x{301}e\x{301}"
          text run at (1055,2925) width 1: " "
          text run at (0,2940) width 1056: "e\x{301}e\x{301}e\x{301}e\x{301}e\x{301}e\x{301}e\x{301}e\x{301}e\x{301}e\x{301}e\x{301}e\x{301}e\x{301}e\x{301}e\x{301}e\x{301}e\x{301}e\x{301}e\x{301}e\x{301}e\x{301}e\x{301}e\x{301}e\x{301}e\x{301}e\x{301}e\x{301}e\x{301}e\x{301}e\x{301}e\x{301}e\x{301} e\x{301} e\x{301}e\x{301}e\x{301}e\x{301}e\x{301}e\x{301}e\x{301}e\x{301}e\x{301}e\x{301}e\x{301}e\x{301}e\x{301}e\x{301}e\x{301}e\x{301}e\x{301}e\x{301}e\x{301}e\x{301}e\x{301}e\x{301}e\x{301}e\x{301}e\x{301}e\x{301}e\x{301}e\x{301}e\x{301}e\x{301}e\x{301}e\x{301}e\x{301}e\x{301}e\x{301}e\x{301}e\x{301}e\x{301}e\x{301}e\x{301}e\x{301}e\x{301}e\x{301} e\x{301}e\x{301}e\x{301}e\x{301}e\x{301}e\x{301}e\x{301}e\x{301}e\x{301}e\x{301}e\x{301}e\x{301}e\x{301}e\x{301}e\x{301}e\x{301}e\x{301}e\x{301}e\x{301}e\x{301}e\x{301}e\x{301}e\x{301}e\x{301}e\x{301}e\x{301}e\x{301}e\x{301}e\x{301}e\x{301} e\x{301}e\x{301}e\x{301}e\x{301}e\x{301}e\x{301}e\x{301}e\x{301}e\x{301}e\x{301}e\x{301}e\x{301}e\x{301}e\x{301}e\x{301}e\x{301}e\x{301}e\x{301}e\x{301}e\x{301}e\x{301}e\x{301}"
          text run at (1055,2940) width 1: " "
          text run at (0,2955) width 1056: "e\x{301}e\x{301}e\x{301}e\x{301}e\x{301}e\x{301}e\x{301}e\x{301}e\x{301}e\x{301}e\x{301}e\x{301}e\x{301}e\x{301}e\x{301}e\x{301}e\x{301}e\x{301}e\x{301}e\x{301}e\x{301}e\x{301}e\x{301}e\x{301}e\x{301}e\x{301}e\x{301}e\x{301}e\x{301}e\x{301}e\x{301}e\x{301} e\x{301} e\x{301}e\x{301}e\x{301}e\x{301}e\x{301}e\x{301}e\x{301}e\x{301}e\x{301}e\x{301}e\x{301}e\x{301}e\x{301}e\x{301}e\x{301}e\x{301}e\x{301}e\x{301}e\x{301}e\x{301}e\x{301}e\x{301}e\x{301}e\x{301}e\x{301}e\x{301}e\x{301}e\x{301}e\x{301}e\x{301}e\x{301}e\x{301}e\x{301}e\x{301}e\x{301}e\x{301}e\x{301}e\x{301}e\x{301}e\x{301}e\x{301}e\x{301}e\x{301} e\x{301}e\x{301}e\x{301}e\x{301}e\x{301}e\x{301}e\x{301}e\x{301}e\x{301}e\x{301}e\x{301}e\x{301}e\x{301}e\x{301}e\x{301}e\x{301}e\x{301}e\x{301}e\x{301}e\x{301}e\x{301}e\x{301}e\x{301}e\x{301}e\x{301}e\x{301}e\x{301}e\x{301}e\x{301}e\x{301} e\x{301}e\x{301}e\x{301}e\x{301}e\x{301}e\x{301}e\x{301}e\x{301}e\x{301}e\x{301}e\x{301}e\x{301}e\x{301}e\x{301}e\x{301}e\x{301}e\x{301}e\x{301}e\x{301}e\x{301}e\x{301}e\x{301}"
          text run at (1055,2955) width 1: " "
          text run at (0,2970) width 1056: "e\x{301}e\x{301}e\x{301}e\x{301}e\x{301}e\x{301}e\x{301}e\x{301}e\x{301}e\x{301}e\x{301}e\x{301}e\x{301}e\x{301}e\x{301}e\x{301}e\x{301}e\x{301}e\x{301}e\x{301}e\x{301}e\x{301}e\x{301}e\x{301}e\x{301}e\x{301}e\x{301}e\x{301}e\x{301}e\x{301}e\x{301}e\x{301} e\x{301} e\x{301}e\x{301}e\x{301}e\x{301}e\x{301}e\x{301}e\x{301}e\x{301}e\x{301}e\x{301}e\x{301}e\x{301}e\x{301}e\x{301}e\x{301}e\x{301}e\x{301}e\x{301}e\x{301}e\x{301}e\x{301}e\x{301}e\x{301}e\x{301}e\x{301}e\x{301}e\x{301}e\x{301}e\x{301}e\x{301}e\x{301}e\x{301}e\x{301}e\x{301}e\x{301}e\x{301}e\x{301}e\x{301}e\x{301}e\x{301}e\x{301}e\x{301}e\x{301} e\x{301}e\x{301}e\x{301}e\x{301}e\x{301}e\x{301}e\x{301}e\x{301}e\x{301}e\x{301}e\x{301}e\x{301}e\x{301}e\x{301}e\x{301}e\x{301}e\x{301}e\x{301}e\x{301}e\x{301}e\x{301}e\x{301}e\x{301}e\x{301}e\x{301}e\x{301}e\x{301}e\x{301}e\x{301}e\x{301} e\x{301}e\x{301}e\x{301}e\x{301}e\x{301}e\x{301}e\x{301}e\x{301}e\x{301}e\x{301}e\x{301}e\x{301}e\x{301}e\x{301}e\x{301}e\x{301}e\x{301}e\x{301}e\x{301}e\x{301}e\x{301}e\x{301}"
          text run at (1055,2970) width 1: " "
          text run at (0,2985) width 1056: "e\x{301}e\x{301}e\x{301}e\x{301}e\x{301}e\x{301}e\x{301}e\x{301}e\x{301}e\x{301}e\x{301}e\x{301}e\x{301}e\x{301}e\x{301}e\x{301}e\x{301}e\x{301}e\x{301}e\x{301}e\x{301}e\x{301}e\x{301}e\x{301}e\x{301}e\x{301}e\x{301}e\x{301}e\x{301}e\x{301}e\x{301}e\x{301} e\x{301} e\x{301}e\x{301}e\x{301}e\x{301}e\x{301}e\x{301}e\x{301}e\x{301}e\x{301}e\x{301}e\x{301}e\x{301}e\x{301}e\x{301}e\x{301}e\x{301}e\x{301}e\x{301}e\x{301}e\x{301}e\x{301}e\x{301}e\x{301}e\x{301}e\x{301}e\x{301}e\x{301}e\x{301}e\x{301}e\x{301}e\x{301}e\x{301}e\x{301}e\x{301}e\x{301}e\x{301}e\x{301}e\x{301}e\x{301}e\x{301}e\x{301}e\x{301}e\x{301} e\x{301}e\x{301}e\x{301}e\x{301}e\x{301}e\x{301}e\x{301}e\x{301}e\x{301}e\x{301}e\x{301}e\x{301}e\x{301}e\x{301}e\x{301}e\x{301}e\x{301}e\x{301}e\x{301}e\x{301}e\x{301}e\x{301}e\x{301}e\x{301}e\x{301}e\x{301}e\x{301}e\x{301}e\x{301}e\x{301} e\x{301}e\x{301}e\x{301}e\x{301}e\x{301}e\x{301}e\x{301}e\x{301}e\x{301}e\x{301}e\x{301}e\x{301}e\x{301}e\x{301}e\x{301}e\x{301}e\x{301}e\x{301}e\x{301}e\x{301}e\x{301}e\x{301}"
          text run at (1055,2985) width 1: " "
          text run at (0,3000) width 1056: "e\x{301}e\x{301}e\x{301}e\x{301}e\x{301}e\x{301}e\x{301}e\x{301}e\x{301}e\x{301}e\x{301}e\x{301}e\x{301}e\x{301}e\x{301}e\x{301}e\x{301}e\x{301}e\x{301}e\x{301}e\x{301}e\x{301}e\x{301}e\x{301}e\x{301}e\x{301}e\x{301}e\x{301}e\x{301}e\x{301}e\x{301}e\x{301} e\x{301} e\x{301}e\x{301}e\x{301}e\x{301}e\x{301}e\x{301}e\x{301}e\x{301}e\x{301}e\x{301}e\x{301}e\x{301}e\x{301}e\x{301}e\x{301}e\x{301}e\x{301}e\x{301}e\x{301}e\x{301}e\x{301}e\x{301}e\x{301}e\x{301}e\x{301}e\x{301}e\x{301}e\x{301}e\x{301}e\x{301}e\x{301}e\x{301}e\x{301}e\x{301}e\x{301}e\x{301}e\x{301}e\x{301}e\x{301}e\x{301}e\x{301}e\x{301}e\x{301} e\x{301}e\x{301}e\x{301}e\x{301}e\x{301}e\x{301}e\x{301}e\x{301}e\x{301}e\x{301}e\x{301}e\x{301}e\x{301}e\x{301}e\x{301}e\x{301}e\x{301}e\x{301}e\x{301}e\x{301}e\x{301}e\x{301}e\x{301}e\x{301}e\x{301}e\x{301}e\x{301}e\x{301}e\x{301}e\x{301} e\x{301}e\x{301}e\x{301}e\x{301}e\x{301}e\x{301}e\x{301}e\x{301}e\x{301}e\x{301}e\x{301}e\x{301}e\x{301}e\x{301}e\x{301}e\x{301}e\x{301}e\x{301}e\x{301}e\x{301}e\x{301}e\x{301}"
          text run at (1055,3000) width 1: " "
          text run at (0,3015) width 1056: "e\x{301}e\x{301}e\x{301}e\x{301}e\x{301}e\x{301}e\x{301}e\x{301}e\x{301}e\x{301}e\x{301}e\x{301}e\x{301}e\x{301}e\x{301}e\x{301}e\x{301}e\x{301}e\x{301}e\x{301}e\x{301}e\x{301}e\x{301}e\x{301}e\x{301}e\x{301}e\x{301}e\x{301}e\x{301}e\x{301}e\x{301}e\x{301} e\x{301} e\x{301}e\x{301}e\x{301}e\x{301}e\x{301}e\x{301}e\x{301}e\x{301}e\x{301}e\x{301}e\x{301}e\x{301}e\x{301}e\x{301}e\x{301}e\x{301}e\x{301}e\x{301}e\x{301}e\x{301}e\x{301}e\x{301}e\x{301}e\x{301}e\x{301}e\x{301}e\x{301}e\x{301}e\x{301}e\x{301}e\x{301}e\x{301}e\x{301}e\x{301}e\x{301}e\x{301}e\x{301}e\x{301}e\x{301}e\x{301}e\x{301}e\x{301}e\x{301} e\x{301}e\x{301}e\x{301}e\x{301}e\x{301}e\x{301}e\x{301}e\x{301}e\x{301}e\x{301}e\x{301}e\x{301}e\x{301}e\x{301}e\x{301}e\x{301}e\x{301}e\x{301}e\x{301}e\x{301}e\x{301}e\x{301}e\x{301}e\x{301}e\x{301}e\x{301}e\x{301}e\x{301}e\x{301}e\x{301} e\x{301}e\x{301}e\x{301}e\x{301}e\x{301}e\x{301}e\x{301}e\x{301}e\x{301}e\x{301}e\x{301}e\x{301}e\x{301}e\x{301}e\x{301}e\x{301}e\x{301}e\x{301}e\x{301}e\x{301}e\x{301}e\x{301}"
          text run at (1055,3015) width 1: " "
          text run at (0,3030) width 1056: "e\x{301}e\x{301}e\x{301}e\x{301}e\x{301}e\x{301}e\x{301}e\x{301}e\x{301}e\x{301}e\x{301}e\x{301}e\x{301}e\x{301}e\x{301}e\x{301}e\x{301}e\x{301}e\x{301}e\x{301}e\x{301}e\x{301}e\x{301}e\x{301}e\x{301}e\x{301}e\x{301}e\x{301}e\x{301}e\x{301}e\x{301}e\x{301} e\x{301} e\x{301}e\x{301}e\x{301}e\x{301}e\x{301}e\x{301}e\x{301}e\x{301}e\x{301}e\x{301}e\x{301}e\x{301}e\x{301}e\x{301}e\x{301}e\x{301}e\x{301}e\x{301}e\x{301}e\x{301}e\x{301}e\x{301}e\x{301}e\x{301}e\x{301}e\x{301}e\x{301}e\x{301}e\x{301}e\x{301}e\x{301}e\x{301}e\x{301}e\x{301}e\x{301}e\x{301}e\x{301}e\x{301}e\x{301}e\x{301}e\x{301}e\x{301}e\x{301} e\x{301}e\x{301}e\x{301}e\x{301}e\x{301}e\x{301}e\x{301}e\x{301}e\x{301}e\x{301}e\x{301}e\x{301}e\x{301}e\x{301}e\x{301}e\x{301}e\x{301}e\x{301}e\x{301}e\x{301}e\x{301}e\x{301}e\x{301}e\x{301}e\x{301}e\x{301}e\x{301}e\x{301}e\x{301}e\x{301} e\x{301}e\x{301}e\x{301}e\x{301}e\x{301}e\x{301}e\x{301}e\x{301}e\x{301}e\x{301}e\x{301}e\x{301}e\x{301}e\x{301}e\x{301}e\x{301}e\x{301}e\x{301}e\x{301}e\x{301}e\x{301}e\x{301}"
          text run at (1055,3030) width 1: " "
          text run at (0,3045) width 1056: "e\x{301}e\x{301}e\x{301}e\x{301}e\x{301}e\x{301}e\x{301}e\x{301}e\x{301}e\x{301}e\x{301}e\x{301}e\x{301}e\x{301}e\x{301}e\x{301}e\x{301}e\x{301}e\x{301}e\x{301}e\x{301}e\x{301}e\x{301}e\x{301}e\x{301}e\x{301}e\x{301}e\x{301}e\x{301}e\x{301}e\x{301}e\x{301} e\x{301} e\x{301}e\x{301}e\x{301}e\x{301}e\x{301}e\x{301}e\x{301}e\x{301}e\x{301}e\x{301}e\x{301}e\x{301}e\x{301}e\x{301}e\x{301}e\x{301}e\x{301}e\x{301}e\x{301}e\x{301}e\x{301}e\x{301}e\x{301}e\x{301}e\x{301}e\x{301}e\x{301}e\x{301}e\x{301}e\x{301}e\x{301}e\x{301}e\x{301}e\x{301}e\x{301}e\x{301}e\x{301}e\x{301}e\x{301}e\x{301}e\x{301}e\x{301}e\x{301} e\x{301}e\x{301}e\x{301}e\x{301}e\x{301}e\x{301}e\x{301}e\x{301}e\x{301}e\x{301}e\x{301}e\x{301}e\x{301}e\x{301}e\x{301}e\x{301}e\x{301}e\x{301}e\x{301}e\x{301}e\x{301}e\x{301}e\x{301}e\x{301}e\x{301}e\x{301}e\x{301}e\x{301}e\x{301}e\x{301} e\x{301}e\x{301}e\x{301}e\x{301}e\x{301}e\x{301}e\x{301}e\x{301}e\x{301}e\x{301}e\x{301}e\x{301}e\x{301}e\x{301}e\x{301}e\x{301}e\x{301}e\x{301}e\x{301}e\x{301}e\x{301}e\x{301}"
          text run at (1055,3045) width 1: " "
          text run at (0,3060) width 1056: "e\x{301}e\x{301}e\x{301}e\x{301}e\x{301}e\x{301}e\x{301}e\x{301}e\x{301}e\x{301}e\x{301}e\x{301}e\x{301}e\x{301}e\x{301}e\x{301}e\x{301}e\x{301}e\x{301}e\x{301}e\x{301}e\x{301}e\x{301}e\x{301}e\x{301}e\x{301}e\x{301}e\x{301}e\x{301}e\x{301}e\x{301}e\x{301} e\x{301} e\x{301}e\x{301}e\x{301}e\x{301}e\x{301}e\x{301}e\x{301}e\x{301}e\x{301}e\x{301}e\x{301}e\x{301}e\x{301}e\x{301}e\x{301}e\x{301}e\x{301}e\x{301}e\x{301}e\x{301}e\x{301}e\x{301}e\x{301}e\x{301}e\x{301}e\x{301}e\x{301}e\x{301}e\x{301}e\x{301}e\x{301}e\x{301}e\x{301}e\x{301}e\x{301}e\x{301}e\x{301}e\x{301}e\x{301}e\x{301}e\x{301}e\x{301}e\x{301} e\x{301}e\x{301}e\x{301}e\x{301}e\x{301}e\x{301}e\x{301}e\x{301}e\x{301}e\x{301}e\x{301}e\x{301}e\x{301}e\x{301}e\x{301}e\x{301}e\x{301}e\x{301}e\x{301}e\x{301}e\x{301}e\x{301}e\x{301}e\x{301}e\x{301}e\x{301}e\x{301}e\x{301}e\x{301}e\x{301} e\x{301}e\x{301}e\x{301}e\x{301}e\x{301}e\x{301}e\x{301}e\x{301}e\x{301}e\x{301}e\x{301}e\x{301}e\x{301}e\x{301}e\x{301}e\x{301}e\x{301}e\x{301}e\x{301}e\x{301}e\x{301}e\x{301}"
          text run at (1055,3060) width 1: " "
          text run at (0,3075) width 1056: "e\x{301}e\x{301}e\x{301}e\x{301}e\x{301}e\x{301}e\x{301}e\x{301}e\x{301}e\x{301}e\x{301}e\x{301}e\x{301}e\x{301}e\x{301}e\x{301}e\x{301}e\x{301}e\x{301}e\x{301}e\x{301}e\x{301}e\x{301}e\x{301}e\x{301}e\x{301}e\x{301}e\x{301}e\x{301}e\x{301}e\x{301}e\x{301} e\x{301} e\x{301}e\x{301}e\x{301}e\x{301}e\x{301}e\x{301}e\x{301}e\x{301}e\x{301}e\x{301}e\x{301}e\x{301}e\x{301}e\x{301}e\x{301}e\x{301}e\x{301}e\x{301}e\x{301}e\x{301}e\x{301}e\x{301}e\x{301}e\x{301}e\x{301}e\x{301}e\x{301}e\x{301}e\x{301}e\x{301}e\x{301}e\x{301}e\x{301}e\x{301}e\x{301}e\x{301}e\x{301}e\x{301}e\x{301}e\x{301}e\x{301}e\x{301}e\x{301} e\x{301}e\x{301}e\x{301}e\x{301}e\x{301}e\x{301}e\x{301}e\x{301}e\x{301}e\x{301}e\x{301}e\x{301}e\x{301}e\x{301}e\x{301}e\x{301}e\x{301}e\x{301}e\x{301}e\x{301}e\x{301}e\x{301}e\x{301}e\x{301}e\x{301}e\x{301}e\x{301}e\x{301}e\x{301}e\x{301} e\x{301}e\x{301}e\x{301}e\x{301}e\x{301}e\x{301}e\x{301}e\x{301}e\x{301}e\x{301}e\x{301}e\x{301}e\x{301}e\x{301}e\x{301}e\x{301}e\x{301}e\x{301}e\x{301}e\x{301}e\x{301}e\x{301}"
          text run at (1055,3075) width 1: " "
          text run at (0,3090) width 1056: "e\x{301}e\x{301}e\x{301}e\x{301}e\x{301}e\x{301}e\x{301}e\x{301}e\x{301}e\x{301}e\x{301}e\x{301}e\x{301}e\x{301}e\x{301}e\x{301}e\x{301}e\x{301}e\x{301}e\x{301}e\x{301}e\x{301}e\x{301}e\x{301}e\x{301}e\x{301}e\x{301}e\x{301}e\x{301}e\x{301}e\x{301}e\x{301} e\x{301} e\x{301}e\x{301}e\x{301}e\x{301}e\x{301}e\x{301}e\x{301}e\x{301}e\x{301}e\x{301}e\x{301}e\x{301}e\x{301}e\x{301}e\x{301}e\x{301}e\x{301}e\x{301}e\x{301}e\x{301}e\x{301}e\x{301}e\x{301}e\x{301}e\x{301}e\x{301}e\x{301}e\x{301}e\x{301}e\x{301}e\x{301}e\x{301}e\x{301}e\x{301}e\x{301}e\x{301}e\x{301}e\x{301}e\x{301}e\x{301}e\x{301}e\x{301}e\x{301} e\x{301}e\x{301}e\x{301}e\x{301}e\x{301}e\x{301}e\x{301}e\x{301}e\x{301}e\x{301}e\x{301}e\x{301}e\x{301}e\x{301}e\x{301}e\x{301}e\x{301}e\x{301}e\x{301}e\x{301}e\x{301}e\x{301}e\x{301}e\x{301}e\x{301}e\x{301}e\x{301}e\x{301}e\x{301}e\x{301} e\x{301}e\x{301}e\x{301}e\x{301}e\x{301}e\x{301}e\x{301}e\x{301}e\x{301}e\x{301}e\x{301}e\x{301}e\x{301}e\x{301}e\x{301}e\x{301}e\x{301}e\x{301}e\x{301}e\x{301}e\x{301}e\x{301}"
          text run at (1055,3090) width 1: " "
          text run at (0,3105) width 1056: "e\x{301}e\x{301}e\x{301}e\x{301}e\x{301}e\x{301}e\x{301}e\x{301}e\x{301}e\x{301}e\x{301}e\x{301}e\x{301}e\x{301}e\x{301}e\x{301}e\x{301}e\x{301}e\x{301}e\x{301}e\x{301}e\x{301}e\x{301}e\x{301}e\x{301}e\x{301}e\x{301}e\x{301}e\x{301}e\x{301}e\x{301}e\x{301} e\x{301} e\x{301}e\x{301}e\x{301}e\x{301}e\x{301}e\x{301}e\x{301}e\x{301}e\x{301}e\x{301}e\x{301}e\x{301}e\x{301}e\x{301}e\x{301}e\x{301}e\x{301}e\x{301}e\x{301}e\x{301}e\x{301}e\x{301}e\x{301}e\x{301}e\x{301}e\x{301}e\x{301}e\x{301}e\x{301}e\x{301}e\x{301}e\x{301}e\x{301}e\x{301}e\x{301}e\x{301}e\x{301}e\x{301}e\x{301}e\x{301}e\x{301}e\x{301}e\x{301} e\x{301}e\x{301}e\x{301}e\x{301}e\x{301}e\x{301}e\x{301}e\x{301}e\x{301}e\x{301}e\x{301}e\x{301}e\x{301}e\x{301}e\x{301}e\x{301}e\x{301}e\x{301}e\x{301}e\x{301}e\x{301}e\x{301}e\x{301}e\x{301}e\x{301}e\x{301}e\x{301}e\x{301}e\x{301}e\x{301} e\x{301}e\x{301}e\x{301}e\x{301}e\x{301}e\x{301}e\x{301}e\x{301}e\x{301}e\x{301}e\x{301}e\x{301}e\x{301}e\x{301}e\x{301}e\x{301}e\x{301}e\x{301}e\x{301}e\x{301}e\x{301}e\x{301}"
          text run at (1055,3105) width 1: " "
          text run at (0,3120) width 1056: "e\x{301}e\x{301}e\x{301}e\x{301}e\x{301}e\x{301}e\x{301}e\x{301}e\x{301}e\x{301}e\x{301}e\x{301}e\x{301}e\x{301}e\x{301}e\x{301}e\x{301}e\x{301}e\x{301}e\x{301}e\x{301}e\x{301}e\x{301}e\x{301}e\x{301}e\x{301}e\x{301}e\x{301}e\x{301}e\x{301}e\x{301}e\x{301} e\x{301} e\x{301}e\x{301}e\x{301}e\x{301}e\x{301}e\x{301}e\x{301}e\x{301}e\x{301}e\x{301}e\x{301}e\x{301}e\x{301}e\x{301}e\x{301}e\x{301}e\x{301}e\x{301}e\x{301}e\x{301}e\x{301}e\x{301}e\x{301}e\x{301}e\x{301}e\x{301}e\x{301}e\x{301}e\x{301}e\x{301}e\x{301}e\x{301}e\x{301}e\x{301}e\x{301}e\x{301}e\x{301}e\x{301}e\x{301}e\x{301}e\x{301}e\x{301}e\x{301} e\x{301}e\x{301}e\x{301}e\x{301}e\x{301}e\x{301}e\x{301}e\x{301}e\x{301}e\x{301}e\x{301}e\x{301}e\x{301}e\x{301}e\x{301}e\x{301}e\x{301}e\x{301}e\x{301}e\x{301}e\x{301}e\x{301}e\x{301}e\x{301}e\x{301}e\x{301}e\x{301}e\x{301}e\x{301}e\x{301} e\x{301}e\x{301}e\x{301}e\x{301}e\x{301}e\x{301}e\x{301}e\x{301}e\x{301}e\x{301}e\x{301}e\x{301}e\x{301}e\x{301}e\x{301}e\x{301}e\x{301}e\x{301}e\x{301}e\x{301}e\x{301}e\x{301}"
          text run at (1055,3120) width 1: " "
          text run at (0,3135) width 1056: "e\x{301}e\x{301}e\x{301}e\x{301}e\x{301}e\x{301}e\x{301}e\x{301}e\x{301}e\x{301}e\x{301}e\x{301}e\x{301}e\x{301}e\x{301}e\x{301}e\x{301}e\x{301}e\x{301}e\x{301}e\x{301}e\x{301}e\x{301}e\x{301}e\x{301}e\x{301}e\x{301}e\x{301}e\x{301}e\x{301}e\x{301}e\x{301} e\x{301} e\x{301}e\x{301}e\x{301}e\x{301}e\x{301}e\x{301}e\x{301}e\x{301}e\x{301}e\x{301}e\x{301}e\x{301}e\x{301}e\x{301}e\x{301}e\x{301}e\x{301}e\x{301}e\x{301}e\x{301}e\x{301}e\x{301}e\x{301}e\x{301}e\x{301}e\x{301}e\x{301}e\x{301}e\x{301}e\x{301}e\x{301}e\x{301}e\x{301}e\x{301}e\x{301}e\x{301}e\x{301}e\x{301}e\x{301}e\x{301}e\x{301}e\x{301}e\x{301} e\x{301}e\x{301}e\x{301}e\x{301}e\x{301}e\x{301}e\x{301}e\x{301}e\x{301}e\x{301}e\x{301}e\x{301}e\x{301}e\x{301}e\x{301}e\x{301}e\x{301}e\x{301}e\x{301}e\x{301}e\x{301}e\x{301}e\x{301}e\x{301}e\x{301}e\x{301}e\x{301}e\x{301}e\x{301}e\x{301} e\x{301}e\x{301}e\x{301}e\x{301}e\x{301}e\x{301}e\x{301}e\x{301}e\x{301}e\x{301}e\x{301}e\x{301}e\x{301}e\x{301}e\x{301}e\x{301}e\x{301}e\x{301}e\x{301}e\x{301}e\x{301}e\x{301}"
          text run at (1055,3135) width 1: " "
          text run at (0,3150) width 1056: "e\x{301}e\x{301}e\x{301}e\x{301}e\x{301}e\x{301}e\x{301}e\x{301}e\x{301}e\x{301}e\x{301}e\x{301}e\x{301}e\x{301}e\x{301}e\x{301}e\x{301}e\x{301}e\x{301}e\x{301}e\x{301}e\x{301}e\x{301}e\x{301}e\x{301}e\x{301}e\x{301}e\x{301}e\x{301}e\x{301}e\x{301}e\x{301} e\x{301} e\x{301}e\x{301}e\x{301}e\x{301}e\x{301}e\x{301}e\x{301}e\x{301}e\x{301}e\x{301}e\x{301}e\x{301}e\x{301}e\x{301}e\x{301}e\x{301}e\x{301}e\x{301}e\x{301}e\x{301}e\x{301}e\x{301}e\x{301}e\x{301}e\x{301}e\x{301}e\x{301}e\x{301}e\x{301}e\x{301}e\x{301}e\x{301}e\x{301}e\x{301}e\x{301}e\x{301}e\x{301}e\x{301}e\x{301}e\x{301}e\x{301}e\x{301}e\x{301} e\x{301}e\x{301}e\x{301}e\x{301}e\x{301}e\x{301}e\x{301}e\x{301}e\x{301}e\x{301}e\x{301}e\x{301}e\x{301}e\x{301}e\x{301}e\x{301}e\x{301}e\x{301}e\x{301}e\x{301}e\x{301}e\x{301}e\x{301}e\x{301}e\x{301}e\x{301}e\x{301}e\x{301}e\x{301}e\x{301} e\x{301}e\x{301}e\x{301}e\x{301}e\x{301}e\x{301}e\x{301}e\x{301}e\x{301}e\x{301}e\x{301}e\x{301}e\x{301}e\x{301}e\x{301}e\x{301}e\x{301}e\x{301}e\x{301}e\x{301}e\x{301}e\x{301}"
          text run at (1055,3150) width 1: " "
          text run at (0,3165) width 1056: "e\x{301}e\x{301}e\x{301}e\x{301}e\x{301}e\x{301}e\x{301}e\x{301}e\x{301}e\x{301}e\x{301}e\x{301}e\x{301}e\x{301}e\x{301}e\x{301}e\x{301}e\x{301}e\x{301}e\x{301}e\x{301}e\x{301}e\x{301}e\x{301}e\x{301}e\x{301}e\x{301}e\x{301}e\x{301}e\x{301}e\x{301}e\x{301} e\x{301} e\x{301}e\x{301}e\x{301}e\x{301}e\x{301}e\x{301}e\x{301}e\x{301}e\x{301}e\x{301}e\x{301}e\x{301}e\x{301}e\x{301}e\x{301}e\x{301}e\x{301}e\x{301}e\x{301}e\x{301}e\x{301}e\x{301}e\x{301}e\x{301}e\x{301}e\x{301}e\x{301}e\x{301}e\x{301}e\x{301}e\x{301}e\x{301}e\x{301}e\x{301}e\x{301}e\x{301}e\x{301}e\x{301}e\x{301}e\x{301}e\x{301}e\x{301}e\x{301} e\x{301}e\x{301}e\x{301}e\x{301}e\x{301}e\x{301}e\x{301}e\x{301}e\x{301}e\x{301}e\x{301}e\x{301}e\x{301}e\x{301}e\x{301}e\x{301}e\x{301}e\x{301}e\x{301}e\x{301}e\x{301}e\x{301}e\x{301}e\x{301}e\x{301}e\x{301}e\x{301}e\x{301}e\x{301}e\x{301} e\x{301}e\x{301}e\x{301}e\x{301}e\x{301}e\x{301}e\x{301}e\x{301}e\x{301}e\x{301}e\x{301}e\x{301}e\x{301}e\x{301}e\x{301}e\x{301}e\x{301}e\x{301}e\x{301}e\x{301}e\x{301}e\x{301}"
          text run at (1055,3165) width 1: " "
          text run at (0,3180) width 1056: "e\x{301}e\x{301}e\x{301}e\x{301}e\x{301}e\x{301}e\x{301}e\x{301}e\x{301}e\x{301}e\x{301}e\x{301}e\x{301}e\x{301}e\x{301}e\x{301}e\x{301}e\x{301}e\x{301}e\x{301}e\x{301}e\x{301}e\x{301}e\x{301}e\x{301}e\x{301}e\x{301}e\x{301}e\x{301}e\x{301}e\x{301}e\x{301} e\x{301} e\x{301}e\x{301}e\x{301}e\x{301}e\x{301}e\x{301}e\x{301}e\x{301}e\x{301}e\x{301}e\x{301}e\x{301}e\x{301}e\x{301}e\x{301}e\x{301}e\x{301}e\x{301}e\x{301}e\x{301}e\x{301}e\x{301}e\x{301}e\x{301}e\x{301}e\x{301}e\x{301}e\x{301}e\x{301}e\x{301}e\x{301}e\x{301}e\x{301}e\x{301}e\x{301}e\x{301}e\x{301}e\x{301}e\x{301}e\x{301}e\x{301}e\x{301}e\x{301} e\x{301}e\x{301}e\x{301}e\x{301}e\x{301}e\x{301}e\x{301}e\x{301}e\x{301}e\x{301}e\x{301}e\x{301}e\x{301}e\x{301}e\x{301}e\x{301}e\x{301}e\x{301}e\x{301}e\x{301}e\x{301}e\x{301}e\x{301}e\x{301}e\x{301}e\x{301}e\x{301}e\x{301}e\x{301}e\x{301} e\x{301}e\x{301}e\x{301}e\x{301}e\x{301}e\x{301}e\x{301}e\x{301}e\x{301}e\x{301}e\x{301}e\x{301}e\x{301}e\x{301}e\x{301}e\x{301}e\x{301}e\x{301}e\x{301}e\x{301}e\x{301}e\x{301}"
          text run at (1055,3180) width 1: " "
          text run at (0,3195) width 1056: "e\x{301}e\x{301}e\x{301}e\x{301}e\x{301}e\x{301}e\x{301}e\x{301}e\x{301}e\x{301}e\x{301}e\x{301}e\x{301}e\x{301}e\x{301}e\x{301}e\x{301}e\x{301}e\x{301}e\x{301}e\x{301}e\x{301}e\x{301}e\x{301}e\x{301}e\x{301}e\x{301}e\x{301}e\x{301}e\x{301}e\x{301}e\x{301} e\x{301} e\x{301}e\x{301}e\x{301}e\x{301}e\x{301}e\x{301}e\x{301}e\x{301}e\x{301}e\x{301}e\x{301}e\x{301}e\x{301}e\x{301}e\x{301}e\x{301}e\x{301}e\x{301}e\x{301}e\x{301}e\x{301}e\x{301}e\x{301}e\x{301}e\x{301}e\x{301}e\x{301}e\x{301}e\x{301}e\x{301}e\x{301}e\x{301}e\x{301}e\x{301}e\x{301}e\x{301}e\x{301}e\x{301}e\x{301}e\x{301}e\x{301}e\x{301}e\x{301} e\x{301}e\x{301}e\x{301}e\x{301}e\x{301}e\x{301}e\x{301}e\x{301}e\x{301}e\x{301}e\x{301}e\x{301}e\x{301}e\x{301}e\x{301}e\x{301}e\x{301}e\x{301}e\x{301}e\x{301}e\x{301}e\x{301}e\x{301}e\x{301}e\x{301}e\x{301}e\x{301}e\x{301}e\x{301}e\x{301} e\x{301}e\x{301}e\x{301}e\x{301}e\x{301}e\x{301}e\x{301}e\x{301}e\x{301}e\x{301}e\x{301}e\x{301}e\x{301}e\x{301}e\x{301}e\x{301}e\x{301}e\x{301}e\x{301}e\x{301}e\x{301}e\x{301}"
          text run at (1055,3195) width 1: " "
          text run at (0,3210) width 1056: "e\x{301}e\x{301}e\x{301}e\x{301}e\x{301}e\x{301}e\x{301}e\x{301}e\x{301}e\x{301}e\x{301}e\x{301}e\x{301}e\x{301}e\x{301}e\x{301}e\x{301}e\x{301}e\x{301}e\x{301}e\x{301}e\x{301}e\x{301}e\x{301}e\x{301}e\x{301}e\x{301}e\x{301}e\x{301}e\x{301}e\x{301}e\x{301} e\x{301} e\x{301}e\x{301}e\x{301}e\x{301}e\x{301}e\x{301}e\x{301}e\x{301}e\x{301}e\x{301}e\x{301}e\x{301}e\x{301}e\x{301}e\x{301}e\x{301}e\x{301}e\x{301}e\x{301}e\x{301}e\x{301}e\x{301}e\x{301}e\x{301}e\x{301}e\x{301}e\x{301}e\x{301}e\x{301}e\x{301}e\x{301}e\x{301}e\x{301}e\x{301}e\x{301}e\x{301}e\x{301}e\x{301}e\x{301}e\x{301}e\x{301}e\x{301}e\x{301} e\x{301}e\x{301}e\x{301}e\x{301}e\x{301}e\x{301}e\x{301}e\x{301}e\x{301}e\x{301}e\x{301}e\x{301}e\x{301}e\x{301}e\x{301}e\x{301}e\x{301}e\x{301}e\x{301}e\x{301}e\x{301}e\x{301}e\x{301}e\x{301}e\x{301}e\x{301}e\x{301}e\x{301}e\x{301}e\x{301} e\x{301}e\x{301}e\x{301}e\x{301}e\x{301}e\x{301}e\x{301}e\x{301}e\x{301}e\x{301}e\x{301}e\x{301}e\x{301}e\x{301}e\x{301}e\x{301}e\x{301}e\x{301}e\x{301}e\x{301}e\x{301}e\x{301}"
          text run at (1055,3210) width 1: " "
          text run at (0,3225) width 1056: "e\x{301}e\x{301}e\x{301}e\x{301}e\x{301}e\x{301}e\x{301}e\x{301}e\x{301}e\x{301}e\x{301}e\x{301}e\x{301}e\x{301}e\x{301}e\x{301}e\x{301}e\x{301}e\x{301}e\x{301}e\x{301}e\x{301}e\x{301}e\x{301}e\x{301}e\x{301}e\x{301}e\x{301}e\x{301}e\x{301}e\x{301}e\x{301} e\x{301} e\x{301}e\x{301}e\x{301}e\x{301}e\x{301}e\x{301}e\x{301}e\x{301}e\x{301}e\x{301}e\x{301}e\x{301}e\x{301}e\x{301}e\x{301}e\x{301}e\x{301}e\x{301}e\x{301}e\x{301}e\x{301}e\x{301}e\x{301}e\x{301}e\x{301}e\x{301}e\x{301}e\x{301}e\x{301}e\x{301}e\x{301}e\x{301}e\x{301}e\x{301}e\x{301}e\x{301}e\x{301}e\x{301}e\x{301}e\x{301}e\x{301}e\x{301}e\x{301} e\x{301}e\x{301}e\x{301}e\x{301}e\x{301}e\x{301}e\x{301}e\x{301}e\x{301}e\x{301}e\x{301}e\x{301}e\x{301}e\x{301}e\x{301}e\x{301}e\x{301}e\x{301}e\x{301}e\x{301}e\x{301}e\x{301}e\x{301}e\x{301}e\x{301}e\x{301}e\x{301}e\x{301}e\x{301}e\x{301} e\x{301}e\x{301}e\x{301}e\x{301}e\x{301}e\x{301}e\x{301}e\x{301}e\x{301}e\x{301}e\x{301}e\x{301}e\x{301}e\x{301}e\x{301}e\x{301}e\x{301}e\x{301}e\x{301}e\x{301}e\x{301}e\x{301}"
          text run at (1055,3225) width 1: " "
          text run at (0,3240) width 1056: "e\x{301}e\x{301}e\x{301}e\x{301}e\x{301}e\x{301}e\x{301}e\x{301}e\x{301}e\x{301}e\x{301}e\x{301}e\x{301}e\x{301}e\x{301}e\x{301}e\x{301}e\x{301}e\x{301}e\x{301}e\x{301}e\x{301}e\x{301}e\x{301}e\x{301}e\x{301}e\x{301}e\x{301}e\x{301}e\x{301}e\x{301}e\x{301} e\x{301} e\x{301}e\x{301}e\x{301}e\x{301}e\x{301}e\x{301}e\x{301}e\x{301}e\x{301}e\x{301}e\x{301}e\x{301}e\x{301}e\x{301}e\x{301}e\x{301}e\x{301}e\x{301}e\x{301}e\x{301}e\x{301}e\x{301}e\x{301}e\x{301}e\x{301}e\x{301}e\x{301}e\x{301}e\x{301}e\x{301}e\x{301}e\x{301}e\x{301}e\x{301}e\x{301}e\x{301}e\x{301}e\x{301}e\x{301}e\x{301}e\x{301}e\x{301}e\x{301} e\x{301}e\x{301}e\x{301}e\x{301}e\x{301}e\x{301}e\x{301}e\x{301}e\x{301}e\x{301}e\x{301}e\x{301}e\x{301}e\x{301}e\x{301}e\x{301}e\x{301}e\x{301}e\x{301}e\x{301}e\x{301}e\x{301}e\x{301}e\x{301}e\x{301}e\x{301}e\x{301}e\x{301}e\x{301}e\x{301} e\x{301}e\x{301}e\x{301}e\x{301}e\x{301}e\x{301}e\x{301}e\x{301}e\x{301}e\x{301}e\x{301}e\x{301}e\x{301}e\x{301}e\x{301}e\x{301}e\x{301}e\x{301}e\x{301}e\x{301}e\x{301}e\x{301}"
          text run at (1055,3240) width 1: " "
          text run at (0,3255) width 1056: "e\x{301}e\x{301}e\x{301}e\x{301}e\x{301}e\x{301}e\x{301}e\x{301}e\x{301}e\x{301}e\x{301}e\x{301}e\x{301}e\x{301}e\x{301}e\x{301}e\x{301}e\x{301}e\x{301}e\x{301}e\x{301}e\x{301}e\x{301}e\x{301}e\x{301}e\x{301}e\x{301}e\x{301}e\x{301}e\x{301}e\x{301}e\x{301} e\x{301} e\x{301}e\x{301}e\x{301}e\x{301}e\x{301}e\x{301}e\x{301}e\x{301}e\x{301}e\x{301}e\x{301}e\x{301}e\x{301}e\x{301}e\x{301}e\x{301}e\x{301}e\x{301}e\x{301}e\x{301}e\x{301}e\x{301}e\x{301}e\x{301}e\x{301}e\x{301}e\x{301}e\x{301}e\x{301}e\x{301}e\x{301}e\x{301}e\x{301}e\x{301}e\x{301}e\x{301}e\x{301}e\x{301}e\x{301}e\x{301}e\x{301}e\x{301}e\x{301} e\x{301}e\x{301}e\x{301}e\x{301}e\x{301}e\x{301}e\x{301}e\x{301}e\x{301}e\x{301}e\x{301}e\x{301}e\x{301}e\x{301}e\x{301}e\x{301}e\x{301}e\x{301}e\x{301}e\x{301}e\x{301}e\x{301}e\x{301}e\x{301}e\x{301}e\x{301}e\x{301}e\x{301}e\x{301}e\x{301} e\x{301}e\x{301}e\x{301}e\x{301}e\x{301}e\x{301}e\x{301}e\x{301}e\x{301}e\x{301}e\x{301}e\x{301}e\x{301}e\x{301}e\x{301}e\x{301}e\x{301}e\x{301}e\x{301}e\x{301}e\x{301}e\x{301}"
          text run at (1055,3255) width 1: " "
          text run at (0,3270) width 1056: "e\x{301}e\x{301}e\x{301}e\x{301}e\x{301}e\x{301}e\x{301}e\x{301}e\x{301}e\x{301}e\x{301}e\x{301}e\x{301}e\x{301}e\x{301}e\x{301}e\x{301}e\x{301}e\x{301}e\x{301}e\x{301}e\x{301}e\x{301}e\x{301}e\x{301}e\x{301}e\x{301}e\x{301}e\x{301}e\x{301}e\x{301}e\x{301} e\x{301} e\x{301}e\x{301}e\x{301}e\x{301}e\x{301}e\x{301}e\x{301}e\x{301}e\x{301}e\x{301}e\x{301}e\x{301}e\x{301}e\x{301}e\x{301}e\x{301}e\x{301}e\x{301}e\x{301}e\x{301}e\x{301}e\x{301}e\x{301}e\x{301}e\x{301}e\x{301}e\x{301}e\x{301}e\x{301}e\x{301}e\x{301}e\x{301}e\x{301}e\x{301}e\x{301}e\x{301}e\x{301}e\x{301}e\x{301}e\x{301}e\x{301}e\x{301}e\x{301} e\x{301}e\x{301}e\x{301}e\x{301}e\x{301}e\x{301}e\x{301}e\x{301}e\x{301}e\x{301}e\x{301}e\x{301}e\x{301}e\x{301}e\x{301}e\x{301}e\x{301}e\x{301}e\x{301}e\x{301}e\x{301}e\x{301}e\x{301}e\x{301}e\x{301}e\x{301}e\x{301}e\x{301}e\x{301}e\x{301} e\x{301}e\x{301}e\x{301}e\x{301}e\x{301}e\x{301}e\x{301}e\x{301}e\x{301}e\x{301}e\x{301}e\x{301}e\x{301}e\x{301}e\x{301}e\x{301}e\x{301}e\x{301}e\x{301}e\x{301}e\x{301}e\x{301}"
          text run at (1055,3270) width 1: " "
          text run at (0,3285) width 1056: "e\x{301}e\x{301}e\x{301}e\x{301}e\x{301}e\x{301}e\x{301}e\x{301}e\x{301}e\x{301}e\x{301}e\x{301}e\x{301}e\x{301}e\x{301}e\x{301}e\x{301}e\x{301}e\x{301}e\x{301}e\x{301}e\x{301}e\x{301}e\x{301}e\x{301}e\x{301}e\x{301}e\x{301}e\x{301}e\x{301}e\x{301}e\x{301} e\x{301} e\x{301}e\x{301}e\x{301}e\x{301}e\x{301}e\x{301}e\x{301}e\x{301}e\x{301}e\x{301}e\x{301}e\x{301}e\x{301}e\x{301}e\x{301}e\x{301}e\x{301}e\x{301}e\x{301}e\x{301}e\x{301}e\x{301}e\x{301}e\x{301}e\x{301}e\x{301}e\x{301}e\x{301}e\x{301}e\x{301}e\x{301}e\x{301}e\x{301}e\x{301}e\x{301}e\x{301}e\x{301}e\x{301}e\x{301}e\x{301}e\x{301}e\x{301}e\x{301} e\x{301}e\x{301}e\x{301}e\x{301}e\x{301}e\x{301}e\x{301}e\x{301}e\x{301}e\x{301}e\x{301}e\x{301}e\x{301}e\x{301}e\x{301}e\x{301}e\x{301}e\x{301}e\x{301}e\x{301}e\x{301}e\x{301}e\x{301}e\x{301}e\x{301}e\x{301}e\x{301}e\x{301}e\x{301}e\x{301} e\x{301}e\x{301}e\x{301}e\x{301}e\x{301}e\x{301}e\x{301}e\x{301}e\x{301}e\x{301}e\x{301}e\x{301}e\x{301}e\x{301}e\x{301}e\x{301}e\x{301}e\x{301}e\x{301}e\x{301}e\x{301}e\x{301}"
          text run at (1055,3285) width 1: " "
          text run at (0,3300) width 1056: "e\x{301}e\x{301}e\x{301}e\x{301}e\x{301}e\x{301}e\x{301}e\x{301}e\x{301}e\x{301}e\x{301}e\x{301}e\x{301}e\x{301}e\x{301}e\x{301}e\x{301}e\x{301}e\x{301}e\x{301}e\x{301}e\x{301}e\x{301}e\x{301}e\x{301}e\x{301}e\x{301}e\x{301}e\x{301}e\x{301}e\x{301}e\x{301} e\x{301} e\x{301}e\x{301}e\x{301}e\x{301}e\x{301}e\x{301}e\x{301}e\x{301}e\x{301}e\x{301}e\x{301}e\x{301}e\x{301}e\x{301}e\x{301}e\x{301}e\x{301}e\x{301}e\x{301}e\x{301}e\x{301}e\x{301}e\x{301}e\x{301}e\x{301}e\x{301}e\x{301}e\x{301}e\x{301}e\x{301}e\x{301}e\x{301}e\x{301}e\x{301}e\x{301}e\x{301}e\x{301}e\x{301}e\x{301}e\x{301}e\x{301}e\x{301}e\x{301} e\x{301}e\x{301}e\x{301}e\x{301}e\x{301}e\x{301}e\x{301}e\x{301}e\x{301}e\x{301}e\x{301}e\x{301}e\x{301}e\x{301}e\x{301}e\x{301}e\x{301}e\x{301}e\x{301}e\x{301}e\x{301}e\x{301}e\x{301}e\x{301}e\x{301}e\x{301}e\x{301}e\x{301}e\x{301}e\x{301} e\x{301}e\x{301}e\x{301}e\x{301}e\x{301}e\x{301}e\x{301}e\x{301}e\x{301}e\x{301}e\x{301}e\x{301}e\x{301}e\x{301}e\x{301}e\x{301}e\x{301}e\x{301}e\x{301}e\x{301}e\x{301}e\x{301}"
          text run at (1055,3300) width 1: " "
          text run at (0,3315) width 1056: "e\x{301}e\x{301}e\x{301}e\x{301}e\x{301}e\x{301}e\x{301}e\x{301}e\x{301}e\x{301}e\x{301}e\x{301}e\x{301}e\x{301}e\x{301}e\x{301}e\x{301}e\x{301}e\x{301}e\x{301}e\x{301}e\x{301}e\x{301}e\x{301}e\x{301}e\x{301}e\x{301}e\x{301}e\x{301}e\x{301}e\x{301}e\x{301} e\x{301} e\x{301}e\x{301}e\x{301}e\x{301}e\x{301}e\x{301}e\x{301}e\x{301}e\x{301}e\x{301}e\x{301}e\x{301}e\x{301}e\x{301}e\x{301}e\x{301}e\x{301}e\x{301}e\x{301}e\x{301}e\x{301}e\x{301}e\x{301}e\x{301}e\x{301}e\x{301}e\x{301}e\x{301}e\x{301}e\x{301}e\x{301}e\x{301}e\x{301}e\x{301}e\x{301}e\x{301}e\x{301}e\x{301}e\x{301}e\x{301}e\x{301}e\x{301}e\x{301} e\x{301}e\x{301}e\x{301}e\x{301}e\x{301}e\x{301}e\x{301}e\x{301}e\x{301}e\x{301}e\x{301}e\x{301}e\x{301}e\x{301}e\x{301}e\x{301}e\x{301}e\x{301}e\x{301}e\x{301}e\x{301}e\x{301}e\x{301}e\x{301}e\x{301}e\x{301}e\x{301}e\x{301}e\x{301}e\x{301} e\x{301}e\x{301}e\x{301}e\x{301}e\x{301}e\x{301}e\x{301}e\x{301}e\x{301}e\x{301}e\x{301}e\x{301}e\x{301}e\x{301}e\x{301}e\x{301}e\x{301}e\x{301}e\x{301}e\x{301}e\x{301}e\x{301}"
          text run at (1055,3315) width 1: " "
          text run at (0,3330) width 1056: "e\x{301}e\x{301}e\x{301}e\x{301}e\x{301}e\x{301}e\x{301}e\x{301}e\x{301}e\x{301}e\x{301}e\x{301}e\x{301}e\x{301}e\x{301}e\x{301}e\x{301}e\x{301}e\x{301}e\x{301}e\x{301}e\x{301}e\x{301}e\x{301}e\x{301}e\x{301}e\x{301}e\x{301}e\x{301}e\x{301}e\x{301}e\x{301} e\x{301} e\x{301}e\x{301}e\x{301}e\x{301}e\x{301}e\x{301}e\x{301}e\x{301}e\x{301}e\x{301}e\x{301}e\x{301}e\x{301}e\x{301}e\x{301}e\x{301}e\x{301}e\x{301}e\x{301}e\x{301}e\x{301}e\x{301}e\x{301}e\x{301}e\x{301}e\x{301}e\x{301}e\x{301}e\x{301}e\x{301}e\x{301}e\x{301}e\x{301}e\x{301}e\x{301}e\x{301}e\x{301}e\x{301}e\x{301}e\x{301}e\x{301}e\x{301}e\x{301} e\x{301}e\x{301}e\x{301}e\x{301}e\x{301}e\x{301}e\x{301}e\x{301}e\x{301}e\x{301}e\x{301}e\x{301}e\x{301}e\x{301}e\x{301}e\x{301}e\x{301}e\x{301}e\x{301}e\x{301}e\x{301}e\x{301}e\x{301}e\x{301}e\x{301}e\x{301}e\x{301}e\x{301}e\x{301}e\x{301} e\x{301}e\x{301}e\x{301}e\x{301}e\x{301}e\x{301}e\x{301}e\x{301}e\x{301}e\x{301}e\x{301}e\x{301}e\x{301}e\x{301}e\x{301}e\x{301}e\x{301}e\x{301}e\x{301}e\x{301}e\x{301}e\x{301}"
          text run at (1055,3330) width 1: " "
          text run at (0,3345) width 1056: "e\x{301}e\x{301}e\x{301}e\x{301}e\x{301}e\x{301}e\x{301}e\x{301}e\x{301}e\x{301}e\x{301}e\x{301}e\x{301}e\x{301}e\x{301}e\x{301}e\x{301}e\x{301}e\x{301}e\x{301}e\x{301}e\x{301}e\x{301}e\x{301}e\x{301}e\x{301}e\x{301}e\x{301}e\x{301}e\x{301}e\x{301}e\x{301} e\x{301} e\x{301}e\x{301}e\x{301}e\x{301}e\x{301}e\x{301}e\x{301}e\x{301}e\x{301}e\x{301}e\x{301}e\x{301}e\x{301}e\x{301}e\x{301}e\x{301}e\x{301}e\x{301}e\x{301}e\x{301}e\x{301}e\x{301}e\x{301}e\x{301}e\x{301}e\x{301}e\x{301}e\x{301}e\x{301}e\x{301}e\x{301}e\x{301}e\x{301}e\x{301}e\x{301}e\x{301}e\x{301}e\x{301}e\x{301}e\x{301}e\x{301}e\x{301}e\x{301} e\x{301}e\x{301}e\x{301}e\x{301}e\x{301}e\x{301}e\x{301}e\x{301}e\x{301}e\x{301}e\x{301}e\x{301}e\x{301}e\x{301}e\x{301}e\x{301}e\x{301}e\x{301}e\x{301}e\x{301}e\x{301}e\x{301}e\x{301}e\x{301}e\x{301}e\x{301}e\x{301}e\x{301}e\x{301}e\x{301} e\x{301}e\x{301}e\x{301}e\x{301}e\x{301}e\x{301}e\x{301}e\x{301}e\x{301}e\x{301}e\x{301}e\x{301}e\x{301}e\x{301}e\x{301}e\x{301}e\x{301}e\x{301}e\x{301}e\x{301}e\x{301}e\x{301}"
          text run at (1055,3345) width 1: " "
          text run at (0,3360) width 1056: "e\x{301}e\x{301}e\x{301}e\x{301}e\x{301}e\x{301}e\x{301}e\x{301}e\x{301}e\x{301}e\x{301}e\x{301}e\x{301}e\x{301}e\x{301}e\x{301}e\x{301}e\x{301}e\x{301}e\x{301}e\x{301}e\x{301}e\x{301}e\x{301}e\x{301}e\x{301}e\x{301}e\x{301}e\x{301}e\x{301}e\x{301}e\x{301} e\x{301} e\x{301}e\x{301}e\x{301}e\x{301}e\x{301}e\x{301}e\x{301}e\x{301}e\x{301}e\x{301}e\x{301}e\x{301}e\x{301}e\x{301}e\x{301}e\x{301}e\x{301}e\x{301}e\x{301}e\x{301}e\x{301}e\x{301}e\x{301}e\x{301}e\x{301}e\x{301}e\x{301}e\x{301}e\x{301}e\x{301}e\x{301}e\x{301}e\x{301}e\x{301}e\x{301}e\x{301}e\x{301}e\x{301}e\x{301}e\x{301}e\x{301}e\x{301}e\x{301} e\x{301}e\x{301}e\x{301}e\x{301}e\x{301}e\x{301}e\x{301}e\x{301}e\x{301}e\x{301}e\x{301}e\x{301}e\x{301}e\x{301}e\x{301}e\x{301}e\x{301}e\x{301}e\x{301}e\x{301}e\x{301}e\x{301}e\x{301}e\x{301}e\x{301}e\x{301}e\x{301}e\x{301}e\x{301}e\x{301} e\x{301}e\x{301}e\x{301}e\x{301}e\x{301}e\x{301}e\x{301}e\x{301}e\x{301}e\x{301}e\x{301}e\x{301}e\x{301}e\x{301}e\x{301}e\x{301}e\x{301}e\x{301}e\x{301}e\x{301}e\x{301}e\x{301}"
          text run at (1055,3360) width 1: " "
          text run at (0,3375) width 1056: "e\x{301}e\x{301}e\x{301}e\x{301}e\x{301}e\x{301}e\x{301}e\x{301}e\x{301}e\x{301}e\x{301}e\x{301}e\x{301}e\x{301}e\x{301}e\x{301}e\x{301}e\x{301}e\x{301}e\x{301}e\x{301}e\x{301}e\x{301}e\x{301}e\x{301}e\x{301}e\x{301}e\x{301}e\x{301}e\x{301}e\x{301}e\x{301} e\x{301} e\x{301}e\x{301}e\x{301}e\x{301}e\x{301}e\x{301}e\x{301}e\x{301}e\x{301}e\x{301}e\x{301}e\x{301}e\x{301}e\x{301}e\x{301}e\x{301}e\x{301}e\x{301}e\x{301}e\x{301}e\x{301}e\x{301}e\x{301}e\x{301}e\x{301}e\x{301}e\x{301}e\x{301}e\x{301}e\x{301}e\x{301}e\x{301}e\x{301}e\x{301}e\x{301}e\x{301}e\x{301}e\x{301}e\x{301}e\x{301}e\x{301}e\x{301}e\x{301} e\x{301}e\x{301}e\x{301}e\x{301}e\x{301}e\x{301}e\x{301}e\x{301}e\x{301}e\x{301}e\x{301}e\x{301}e\x{301}e\x{301}e\x{301}e\x{301}e\x{301}e\x{301}e\x{301}e\x{301}e\x{301}e\x{301}e\x{301}e\x{301}e\x{301}e\x{301}e\x{301}e\x{301}e\x{301}e\x{301} e\x{301}e\x{301}e\x{301}e\x{301}e\x{301}e\x{301}e\x{301}e\x{301}e\x{301}e\x{301}e\x{301}e\x{301}e\x{301}e\x{301}e\x{301}e\x{301}e\x{301}e\x{301}e\x{301}e\x{301}e\x{301}e\x{301}"
          text run at (1055,3375) width 1: " "
          text run at (0,3390) width 1056: "e\x{301}e\x{301}e\x{301}e\x{301}e\x{301}e\x{301}e\x{301}e\x{301}e\x{301}e\x{301}e\x{301}e\x{301}e\x{301}e\x{301}e\x{301}e\x{301}e\x{301}e\x{301}e\x{301}e\x{301}e\x{301}e\x{301}e\x{301}e\x{301}e\x{301}e\x{301}e\x{301}e\x{301}e\x{301}e\x{301}e\x{301}e\x{301} e\x{301} e\x{301}e\x{301}e\x{301}e\x{301}e\x{301}e\x{301}e\x{301}e\x{301}e\x{301}e\x{301}e\x{301}e\x{301}e\x{301}e\x{301}e\x{301}e\x{301}e\x{301}e\x{301}e\x{301}e\x{301}e\x{301}e\x{301}e\x{301}e\x{301}e\x{301}e\x{301}e\x{301}e\x{301}e\x{301}e\x{301}e\x{301}e\x{301}e\x{301}e\x{301}e\x{301}e\x{301}e\x{301}e\x{301}e\x{301}e\x{301}e\x{301}e\x{301}e\x{301} e\x{301}e\x{301}e\x{301}e\x{301}e\x{301}e\x{301}e\x{301}e\x{301}e\x{301}e\x{301}e\x{301}e\x{301}e\x{301}e\x{301}e\x{301}e\x{301}e\x{301}e\x{301}e\x{301}e\x{301}e\x{301}e\x{301}e\x{301}e\x{301}e\x{301}e\x{301}e\x{301}e\x{301}e\x{301}e\x{301} e\x{301}e\x{301}e\x{301}e\x{301}e\x{301}e\x{301}e\x{301}e\x{301}e\x{301}e\x{301}e\x{301}e\x{301}e\x{301}e\x{301}e\x{301}e\x{301}e\x{301}e\x{301}e\x{301}e\x{301}e\x{301}e\x{301}"
          text run at (1055,3390) width 1: " "
          text run at (0,3405) width 1056: "e\x{301}e\x{301}e\x{301}e\x{301}e\x{301}e\x{301}e\x{301}e\x{301}e\x{301}e\x{301}e\x{301}e\x{301}e\x{301}e\x{301}e\x{301}e\x{301}e\x{301}e\x{301}e\x{301}e\x{301}e\x{301}e\x{301}e\x{301}e\x{301}e\x{301}e\x{301}e\x{301}e\x{301}e\x{301}e\x{301}e\x{301}e\x{301} e\x{301} e\x{301}e\x{301}e\x{301}e\x{301}e\x{301}e\x{301}e\x{301}e\x{301}e\x{301}e\x{301}e\x{301}e\x{301}e\x{301}e\x{301}e\x{301}e\x{301}e\x{301}e\x{301}e\x{301}e\x{301}e\x{301}e\x{301}e\x{301}e\x{301}e\x{301}e\x{301}e\x{301}e\x{301}e\x{301}e\x{301}e\x{301}e\x{301}e\x{301}e\x{301}e\x{301}e\x{301}e\x{301}e\x{301}e\x{301}e\x{301}e\x{301}e\x{301}e\x{301} e\x{301}e\x{301}e\x{301}e\x{301}e\x{301}e\x{301}e\x{301}e\x{301}e\x{301}e\x{301}e\x{301}e\x{301}e\x{301}e\x{301}e\x{301}e\x{301}e\x{301}e\x{301}e\x{301}e\x{301}e\x{301}e\x{301}e\x{301}e\x{301}e\x{301}e\x{301}e\x{301}e\x{301}e\x{301}e\x{301} e\x{301}e\x{301}e\x{301}e\x{301}e\x{301}e\x{301}e\x{301}e\x{301}e\x{301}e\x{301}e\x{301}e\x{301}e\x{301}e\x{301}e\x{301}e\x{301}e\x{301}e\x{301}e\x{301}e\x{301}e\x{301}e\x{301}"
          text run at (1055,3405) width 1: " "
          text run at (0,3420) width 1056: "e\x{301}e\x{301}e\x{301}e\x{301}e\x{301}e\x{301}e\x{301}e\x{301}e\x{301}e\x{301}e\x{301}e\x{301}e\x{301}e\x{301}e\x{301}e\x{301}e\x{301}e\x{301}e\x{301}e\x{301}e\x{301}e\x{301}e\x{301}e\x{301}e\x{301}e\x{301}e\x{301}e\x{301}e\x{301}e\x{301}e\x{301}e\x{301} e\x{301} e\x{301}e\x{301}e\x{301}e\x{301}e\x{301}e\x{301}e\x{301}e\x{301}e\x{301}e\x{301}e\x{301}e\x{301}e\x{301}e\x{301}e\x{301}e\x{301}e\x{301}e\x{301}e\x{301}e\x{301}e\x{301}e\x{301}e\x{301}e\x{301}e\x{301}e\x{301}e\x{301}e\x{301}e\x{301}e\x{301}e\x{301}e\x{301}e\x{301}e\x{301}e\x{301}e\x{301}e\x{301}e\x{301}e\x{301}e\x{301}e\x{301}e\x{301}e\x{301} e\x{301}e\x{301}e\x{301}e\x{301}e\x{301}e\x{301}e\x{301}e\x{301}e\x{301}e\x{301}e\x{301}e\x{301}e\x{301}e\x{301}e\x{301}e\x{301}e\x{301}e\x{301}e\x{301}e\x{301}e\x{301}e\x{301}e\x{301}e\x{301}e\x{301}e\x{301}e\x{301}e\x{301}e\x{301}e\x{301} e\x{301}e\x{301}e\x{301}e\x{301}e\x{301}e\x{301}e\x{301}e\x{301}e\x{301}e\x{301}e\x{301}e\x{301}e\x{301}e\x{301}e\x{301}e\x{301}e\x{301}e\x{301}e\x{301}e\x{301}e\x{301}e\x{301}"
          text run at (1055,3420) width 1: " "
          text run at (0,3435) width 1056: "e\x{301}e\x{301}e\x{301}e\x{301}e\x{301}e\x{301}e\x{301}e\x{301}e\x{301}e\x{301}e\x{301}e\x{301}e\x{301}e\x{301}e\x{301}e\x{301}e\x{301}e\x{301}e\x{301}e\x{301}e\x{301}e\x{301}e\x{301}e\x{301}e\x{301}e\x{301}e\x{301}e\x{301}e\x{301}e\x{301}e\x{301}e\x{301} e\x{301} e\x{301}e\x{301}e\x{301}e\x{301}e\x{301}e\x{301}e\x{301}e\x{301}e\x{301}e\x{301}e\x{301}e\x{301}e\x{301}e\x{301}e\x{301}e\x{301}e\x{301}e\x{301}e\x{301}e\x{301}e\x{301}e\x{301}e\x{301}e\x{301}e\x{301}e\x{301}e\x{301}e\x{301}e\x{301}e\x{301}e\x{301}e\x{301}e\x{301}e\x{301}e\x{301}e\x{301}e\x{301}e\x{301}e\x{301}e\x{301}e\x{301}e\x{301}e\x{301} e\x{301}e\x{301}e\x{301}e\x{301}e\x{301}e\x{301}e\x{301}e\x{301}e\x{301}e\x{301}e\x{301}e\x{301}e\x{301}e\x{301}e\x{301}e\x{301}e\x{301}e\x{301}e\x{301}e\x{301}e\x{301}e\x{301}e\x{301}e\x{301}e\x{301}e\x{301}e\x{301}e\x{301}e\x{301}e\x{301} e\x{301}e\x{301}e\x{301}e\x{301}e\x{301}e\x{301}e\x{301}e\x{301}e\x{301}e\x{301}e\x{301}e\x{301}e\x{301}e\x{301}e\x{301}e\x{301}e\x{301}e\x{301}e\x{301}e\x{301}e\x{301}e\x{301}"
          text run at (1055,3435) width 1: " "
          text run at (0,3450) width 1056: "e\x{301}e\x{301}e\x{301}e\x{301}e\x{301}e\x{301}e\x{301}e\x{301}e\x{301}e\x{301}e\x{301}e\x{301}e\x{301}e\x{301}e\x{301}e\x{301}e\x{301}e\x{301}e\x{301}e\x{301}e\x{301}e\x{301}e\x{301}e\x{301}e\x{301}e\x{301}e\x{301}e\x{301}e\x{301}e\x{301}e\x{301}e\x{301} e\x{301} e\x{301}e\x{301}e\x{301}e\x{301}e\x{301}e\x{301}e\x{301}e\x{301}e\x{301}e\x{301}e\x{301}e\x{301}e\x{301}e\x{301}e\x{301}e\x{301}e\x{301}e\x{301}e\x{301}e\x{301}e\x{301}e\x{301}e\x{301}e\x{301}e\x{301}e\x{301}e\x{301}e\x{301}e\x{301}e\x{301}e\x{301}e\x{301}e\x{301}e\x{301}e\x{301}e\x{301}e\x{301}e\x{301}e\x{301}e\x{301}e\x{301}e\x{301}e\x{301} e\x{301}e\x{301}e\x{301}e\x{301}e\x{301}e\x{301}e\x{301}e\x{301}e\x{301}e\x{301}e\x{301}e\x{301}e\x{301}e\x{301}e\x{301}e\x{301}e\x{301}e\x{301}e\x{301}e\x{301}e\x{301}e\x{301}e\x{301}e\x{301}e\x{301}e\x{301}e\x{301}e\x{301}e\x{301}e\x{301} e\x{301}e\x{301}e\x{301}e\x{301}e\x{301}e\x{301}e\x{301}e\x{301}e\x{301}e\x{301}e\x{301}e\x{301}e\x{301}e\x{301}e\x{301}e\x{301}e\x{301}e\x{301}e\x{301}e\x{301}e\x{301}e\x{301}"
          text run at (1055,3450) width 1: " "
          text run at (0,3465) width 1056: "e\x{301}e\x{301}e\x{301}e\x{301}e\x{301}e\x{301}e\x{301}e\x{301}e\x{301}e\x{301}e\x{301}e\x{301}e\x{301}e\x{301}e\x{301}e\x{301}e\x{301}e\x{301}e\x{301}e\x{301}e\x{301}e\x{301}e\x{301}e\x{301}e\x{301}e\x{301}e\x{301}e\x{301}e\x{301}e\x{301}e\x{301}e\x{301} e\x{301} e\x{301}e\x{301}e\x{301}e\x{301}e\x{301}e\x{301}e\x{301}e\x{301}e\x{301}e\x{301}e\x{301}e\x{301}e\x{301}e\x{301}e\x{301}e\x{301}e\x{301}e\x{301}e\x{301}e\x{301}e\x{301}e\x{301}e\x{301}e\x{301}e\x{301}e\x{301}e\x{301}e\x{301}e\x{301}e\x{301}e\x{301}e\x{301}e\x{301}e\x{301}e\x{301}e\x{301}e\x{301}e\x{301}e\x{301}e\x{301}e\x{301}e\x{301}e\x{301} e\x{301}e\x{301}e\x{301}e\x{301}e\x{301}e\x{301}e\x{301}e\x{301}e\x{301}e\x{301}e\x{301}e\x{301}e\x{301}e\x{301}e\x{301}e\x{301}e\x{301}e\x{301}e\x{301}e\x{301}e\x{301}e\x{301}e\x{301}e\x{301}e\x{301}e\x{301}e\x{301}e\x{301}e\x{301}e\x{301} e\x{301}e\x{301}e\x{301}e\x{301}e\x{301}e\x{301}e\x{301}e\x{301}e\x{301}e\x{301}e\x{301}e\x{301}e\x{301}e\x{301}e\x{301}e\x{301}e\x{301}e\x{301}e\x{301}e\x{301}e\x{301}e\x{301}"
          text run at (1055,3465) width 1: " "
          text run at (0,3480) width 1056: "e\x{301}e\x{301}e\x{301}e\x{301}e\x{301}e\x{301}e\x{301}e\x{301}e\x{301}e\x{301}e\x{301}e\x{301}e\x{301}e\x{301}e\x{301}e\x{301}e\x{301}e\x{301}e\x{301}e\x{301}e\x{301}e\x{301}e\x{301}e\x{301}e\x{301}e\x{301}e\x{301}e\x{301}e\x{301}e\x{301}e\x{301}e\x{301} e\x{301} e\x{301}e\x{301}e\x{301}e\x{301}e\x{301}e\x{301}e\x{301}e\x{301}e\x{301}e\x{301}e\x{301}e\x{301}e\x{301}e\x{301}e\x{301}e\x{301}e\x{301}e\x{301}e\x{301}e\x{301}e\x{301}e\x{301}e\x{301}e\x{301}e\x{301}e\x{301}e\x{301}e\x{301}e\x{301}e\x{301}e\x{301}e\x{301}e\x{301}e\x{301}e\x{301}e\x{301}e\x{301}e\x{301}e\x{301}e\x{301}e\x{301}e\x{301}e\x{301} e\x{301}e\x{301}e\x{301}e\x{301}e\x{301}e\x{301}e\x{301}e\x{301}e\x{301}e\x{301}e\x{301}e\x{301}e\x{301}e\x{301}e\x{301}e\x{301}e\x{301}e\x{301}e\x{301}e\x{301}e\x{301}e\x{301}e\x{301}e\x{301}e\x{301}e\x{301}e\x{301}e\x{301}e\x{301}e\x{301} e\x{301}e\x{301}e\x{301}e\x{301}e\x{301}e\x{301}e\x{301}e\x{301}e\x{301}e\x{301}e\x{301}e\x{301}e\x{301}e\x{301}e\x{301}e\x{301}e\x{301}e\x{301}e\x{301}e\x{301}e\x{301}e\x{301}"
          text run at (1055,3480) width 1: " "
          text run at (0,3495) width 1056: "e\x{301}e\x{301}e\x{301}e\x{301}e\x{301}e\x{301}e\x{301}e\x{301}e\x{301}e\x{301}e\x{301}e\x{301}e\x{301}e\x{301}e\x{301}e\x{301}e\x{301}e\x{301}e\x{301}e\x{301}e\x{301}e\x{301}e\x{301}e\x{301}e\x{301}e\x{301}e\x{301}e\x{301}e\x{301}e\x{301}e\x{301}e\x{301} e\x{301} e\x{301}e\x{301}e\x{301}e\x{301}e\x{301}e\x{301}e\x{301}e\x{301}e\x{301}e\x{301}e\x{301}e\x{301}e\x{301}e\x{301}e\x{301}e\x{301}e\x{301}e\x{301}e\x{301}e\x{301}e\x{301}e\x{301}e\x{301}e\x{301}e\x{301}e\x{301}e\x{301}e\x{301}e\x{301}e\x{301}e\x{301}e\x{301}e\x{301}e\x{301}e\x{301}e\x{301}e\x{301}e\x{301}e\x{301}e\x{301}e\x{301}e\x{301}e\x{301} e\x{301}e\x{301}e\x{301}e\x{301}e\x{301}e\x{301}e\x{301}e\x{301}e\x{301}e\x{301}e\x{301}e\x{301}e\x{301}e\x{301}e\x{301}e\x{301}e\x{301}e\x{301}e\x{301}e\x{301}e\x{301}e\x{301}e\x{301}e\x{301}e\x{301}e\x{301}e\x{301}e\x{301}e\x{301}e\x{301} e\x{301}e\x{301}e\x{301}e\x{301}e\x{301}e\x{301}e\x{301}e\x{301}e\x{301}e\x{301}e\x{301}e\x{301}e\x{301}e\x{301}e\x{301}e\x{301}e\x{301}e\x{301}e\x{301}e\x{301}e\x{301}e\x{301}"
          text run at (1055,3495) width 1: " "
          text run at (0,3510) width 1056: "e\x{301}e\x{301}e\x{301}e\x{301}e\x{301}e\x{301}e\x{301}e\x{301}e\x{301}e\x{301}e\x{301}e\x{301}e\x{301}e\x{301}e\x{301}e\x{301}e\x{301}e\x{301}e\x{301}e\x{301}e\x{301}e\x{301}e\x{301}e\x{301}e\x{301}e\x{301}e\x{301}e\x{301}e\x{301}e\x{301}e\x{301}e\x{301} e\x{301} e\x{301}e\x{301}e\x{301}e\x{301}e\x{301}e\x{301}e\x{301}e\x{301}e\x{301}e\x{301}e\x{301}e\x{301}e\x{301}e\x{301}e\x{301}e\x{301}e\x{301}e\x{301}e\x{301}e\x{301}e\x{301}e\x{301}e\x{301}e\x{301}e\x{301}e\x{301}e\x{301}e\x{301}e\x{301}e\x{301}e\x{301}e\x{301}e\x{301}e\x{301}e\x{301}e\x{301}e\x{301}e\x{301}e\x{301}e\x{301}e\x{301}e\x{301}e\x{301} e\x{301}e\x{301}e\x{301}e\x{301}e\x{301}e\x{301}e\x{301}e\x{301}e\x{301}e\x{301}e\x{301}e\x{301}e\x{301}e\x{301}e\x{301}e\x{301}e\x{301}e\x{301}e\x{301}e\x{301}e\x{301}e\x{301}e\x{301}e\x{301}e\x{301}e\x{301}e\x{301}e\x{301}e\x{301}e\x{301} e\x{301}e\x{301}e\x{301}e\x{301}e\x{301}e\x{301}e\x{301}e\x{301}e\x{301}e\x{301}e\x{301}e\x{301}e\x{301}e\x{301}e\x{301}e\x{301}e\x{301}e\x{301}e\x{301}e\x{301}e\x{301}e\x{301}"
          text run at (1055,3510) width 1: " "
          text run at (0,3525) width 1056: "e\x{301}e\x{301}e\x{301}e\x{301}e\x{301}e\x{301}e\x{301}e\x{301}e\x{301}e\x{301}e\x{301}e\x{301}e\x{301}e\x{301}e\x{301}e\x{301}e\x{301}e\x{301}e\x{301}e\x{301}e\x{301}e\x{301}e\x{301}e\x{301}e\x{301}e\x{301}e\x{301}e\x{301}e\x{301}e\x{301}e\x{301}e\x{301} e\x{301} e\x{301}e\x{301}e\x{301}e\x{301}e\x{301}e\x{301}e\x{301}e\x{301}e\x{301}e\x{301}e\x{301}e\x{301}e\x{301}e\x{301}e\x{301}e\x{301}e\x{301}e\x{301}e\x{301}e\x{301}e\x{301}e\x{301}e\x{301}e\x{301}e\x{301}e\x{301}e\x{301}e\x{301}e\x{301}e\x{301}e\x{301}e\x{301}e\x{301}e\x{301}e\x{301}e\x{301}e\x{301}e\x{301}e\x{301}e\x{301}e\x{301}e\x{301}e\x{301} e\x{301}e\x{301}e\x{301}e\x{301}e\x{301}e\x{301}e\x{301}e\x{301}e\x{301}e\x{301}e\x{301}e\x{301}e\x{301}e\x{301}e\x{301}e\x{301}e\x{301}e\x{301}e\x{301}e\x{301}e\x{301}e\x{301}e\x{301}e\x{301}e\x{301}e\x{301}e\x{301}e\x{301}e\x{301}e\x{301} e\x{301}e\x{301}e\x{301}e\x{301}e\x{301}e\x{301}e\x{301}e\x{301}e\x{301}e\x{301}e\x{301}e\x{301}e\x{301}e\x{301}e\x{301}e\x{301}e\x{301}e\x{301}e\x{301}e\x{301}e\x{301}e\x{301}"
          text run at (1055,3525) width 1: " "
          text run at (0,3540) width 1056: "e\x{301}e\x{301}e\x{301}e\x{301}e\x{301}e\x{301}e\x{301}e\x{301}e\x{301}e\x{301}e\x{301}e\x{301}e\x{301}e\x{301}e\x{301}e\x{301}e\x{301}e\x{301}e\x{301}e\x{301}e\x{301}e\x{301}e\x{301}e\x{301}e\x{301}e\x{301}e\x{301}e\x{301}e\x{301}e\x{301}e\x{301}e\x{301} e\x{301} e\x{301}e\x{301}e\x{301}e\x{301}e\x{301}e\x{301}e\x{301}e\x{301}e\x{301}e\x{301}e\x{301}e\x{301}e\x{301}e\x{301}e\x{301}e\x{301}e\x{301}e\x{301}e\x{301}e\x{301}e\x{301}e\x{301}e\x{301}e\x{301}e\x{301}e\x{301}e\x{301}e\x{301}e\x{301}e\x{301}e\x{301}e\x{301}e\x{301}e\x{301}e\x{301}e\x{301}e\x{301}e\x{301}e\x{301}e\x{301}e\x{301}e\x{301}e\x{301} e\x{301}e\x{301}e\x{301}e\x{301}e\x{301}e\x{301}e\x{301}e\x{301}e\x{301}e\x{301}e\x{301}e\x{301}e\x{301}e\x{301}e\x{301}e\x{301}e\x{301}e\x{301}e\x{301}e\x{301}e\x{301}e\x{301}e\x{301}e\x{301}e\x{301}e\x{301}e\x{301}e\x{301}e\x{301}e\x{301} e\x{301}e\x{301}e\x{301}e\x{301}e\x{301}e\x{301}e\x{301}e\x{301}e\x{301}e\x{301}e\x{301}e\x{301}e\x{301}e\x{301}e\x{301}e\x{301}e\x{301}e\x{301}e\x{301}e\x{301}e\x{301}e\x{301}"
          text run at (1055,3540) width 1: " "
          text run at (0,3555) width 1056: "e\x{301}e\x{301}e\x{301}e\x{301}e\x{301}e\x{301}e\x{301}e\x{301}e\x{301}e\x{301}e\x{301}e\x{301}e\x{301}e\x{301}e\x{301}e\x{301}e\x{301}e\x{301}e\x{301}e\x{301}e\x{301}e\x{301}e\x{301}e\x{301}e\x{301}e\x{301}e\x{301}e\x{301}e\x{301}e\x{301}e\x{301}e\x{301} e\x{301} e\x{301}e\x{301}e\x{301}e\x{301}e\x{301}e\x{301}e\x{301}e\x{301}e\x{301}e\x{301}e\x{301}e\x{301}e\x{301}e\x{301}e\x{301}e\x{301}e\x{301}e\x{301}e\x{301}e\x{301}e\x{301}e\x{301}e\x{301}e\x{301}e\x{301}e\x{301}e\x{301}e\x{301}e\x{301}e\x{301}e\x{301}e\x{301}e\x{301}e\x{301}e\x{301}e\x{301}e\x{301}e\x{301}e\x{301}e\x{301}e\x{301}e\x{301}e\x{301} e\x{301}e\x{301}e\x{301}e\x{301}e\x{301}e\x{301}e\x{301}e\x{301}e\x{301}e\x{301}e\x{301}e\x{301}e\x{301}e\x{301}e\x{301}e\x{301}e\x{301}e\x{301}e\x{301}e\x{301}e\x{301}e\x{301}e\x{301}e\x{301}e\x{301}e\x{301}e\x{301}e\x{301}e\x{301}e\x{301} e\x{301}e\x{301}e\x{301}e\x{301}e\x{301}e\x{301}e\x{301}e\x{301}e\x{301}e\x{301}e\x{301}e\x{301}e\x{301}e\x{301}e\x{301}e\x{301}e\x{301}e\x{301}e\x{301}e\x{301}e\x{301}e\x{301}"
          text run at (1055,3555) width 1: " "
          text run at (0,3570) width 1056: "e\x{301}e\x{301}e\x{301}e\x{301}e\x{301}e\x{301}e\x{301}e\x{301}e\x{301}e\x{301}e\x{301}e\x{301}e\x{301}e\x{301}e\x{301}e\x{301}e\x{301}e\x{301}e\x{301}e\x{301}e\x{301}e\x{301}e\x{301}e\x{301}e\x{301}e\x{301}e\x{301}e\x{301}e\x{301}e\x{301}e\x{301}e\x{301} e\x{301} e\x{301}e\x{301}e\x{301}e\x{301}e\x{301}e\x{301}e\x{301}e\x{301}e\x{301}e\x{301}e\x{301}e\x{301}e\x{301}e\x{301}e\x{301}e\x{301}e\x{301}e\x{301}e\x{301}e\x{301}e\x{301}e\x{301}e\x{301}e\x{301}e\x{301}e\x{301}e\x{301}e\x{301}e\x{301}e\x{301}e\x{301}e\x{301}e\x{301}e\x{301}e\x{301}e\x{301}e\x{301}e\x{301}e\x{301}e\x{301}e\x{301}e\x{301}e\x{301} e\x{301}e\x{301}e\x{301}e\x{301}e\x{301}e\x{301}e\x{301}e\x{301}e\x{301}e\x{301}e\x{301}e\x{301}e\x{301}e\x{301}e\x{301}e\x{301}e\x{301}e\x{301}e\x{301}e\x{301}e\x{301}e\x{301}e\x{301}e\x{301}e\x{301}e\x{301}e\x{301}e\x{301}e\x{301}e\x{301} e\x{301}e\x{301}e\x{301}e\x{301}e\x{301}e\x{301}e\x{301}e\x{301}e\x{301}e\x{301}e\x{301}e\x{301}e\x{301}e\x{301}e\x{301}e\x{301}e\x{301}e\x{301}e\x{301}e\x{301}e\x{301}e\x{301}"
          text run at (1055,3570) width 1: " "
          text run at (0,3585) width 1056: "e\x{301}e\x{301}e\x{301}e\x{301}e\x{301}e\x{301}e\x{301}e\x{301}e\x{301}e\x{301}e\x{301}e\x{301}e\x{301}e\x{301}e\x{301}e\x{301}e\x{301}e\x{301}e\x{301}e\x{301}e\x{301}e\x{301}e\x{301}e\x{301}e\x{301}e\x{301}e\x{301}e\x{301}e\x{301}e\x{301}e\x{301}e\x{301} e\x{301} e\x{301}e\x{301}e\x{301}e\x{301}e\x{301}e\x{301}e\x{301}e\x{301}e\x{301}e\x{301}e\x{301}e\x{301}e\x{301}e\x{301}e\x{301}e\x{301}e\x{301}e\x{301}e\x{301}e\x{301}e\x{301}e\x{301}e\x{301}e\x{301}e\x{301}e\x{301}e\x{301}e\x{301}e\x{301}e\x{301}e\x{301}e\x{301}e\x{301}e\x{301}e\x{301}e\x{301}e\x{301}e\x{301}e\x{301}e\x{301}e\x{301}e\x{301}e\x{301} e\x{301}e\x{301}e\x{301}e\x{301}e\x{301}e\x{301}e\x{301}e\x{301}e\x{301}e\x{301}e\x{301}e\x{301}e\x{301}e\x{301}e\x{301}e\x{301}e\x{301}e\x{301}e\x{301}e\x{301}e\x{301}e\x{301}e\x{301}e\x{301}e\x{301}e\x{301}e\x{301}e\x{301}e\x{301}e\x{301} e\x{301}e\x{301}e\x{301}e\x{301}e\x{301}e\x{301}e\x{301}e\x{301}e\x{301}e\x{301}e\x{301}e\x{301}e\x{301}e\x{301}e\x{301}e\x{301}e\x{301}e\x{301}e\x{301}e\x{301}e\x{301}e\x{301}"
          text run at (1055,3585) width 1: " "
          text run at (0,3600) width 1056: "e\x{301}e\x{301}e\x{301}e\x{301}e\x{301}e\x{301}e\x{301}e\x{301}e\x{301}e\x{301}e\x{301}e\x{301}e\x{301}e\x{301}e\x{301}e\x{301}e\x{301}e\x{301}e\x{301}e\x{301}e\x{301}e\x{301}e\x{301}e\x{301}e\x{301}e\x{301}e\x{301}e\x{301}e\x{301}e\x{301}e\x{301}e\x{301} e\x{301} e\x{301}e\x{301}e\x{301}e\x{301}e\x{301}e\x{301}e\x{301}e\x{301}e\x{301}e\x{301}e\x{301}e\x{301}e\x{301}e\x{301}e\x{301}e\x{301}e\x{301}e\x{301}e\x{301}e\x{301}e\x{301}e\x{301}e\x{301}e\x{301}e\x{301}e\x{301}e\x{301}e\x{301}e\x{301}e\x{301}e\x{301}e\x{301}e\x{301}e\x{301}e\x{301}e\x{301}e\x{301}e\x{301}e\x{301}e\x{301}e\x{301}e\x{301}e\x{301} e\x{301}e\x{301}e\x{301}e\x{301}e\x{301}e\x{301}e\x{301}e\x{301}e\x{301}e\x{301}e\x{301}e\x{301}e\x{301}e\x{301}e\x{301}e\x{301}e\x{301}e\x{301}e\x{301}e\x{301}e\x{301}e\x{301}e\x{301}e\x{301}e\x{301}e\x{301}e\x{301}e\x{301}e\x{301}e\x{301} e\x{301}e\x{301}e\x{301}e\x{301}e\x{301}e\x{301}e\x{301}e\x{301}e\x{301}e\x{301}e\x{301}e\x{301}e\x{301}e\x{301}e\x{301}e\x{301}e\x{301}e\x{301}e\x{301}e\x{301}e\x{301}e\x{301}"
          text run at (1055,3600) width 1: " "
          text run at (0,3615) width 1056: "e\x{301}e\x{301}e\x{301}e\x{301}e\x{301}e\x{301}e\x{301}e\x{301}e\x{301}e\x{301}e\x{301}e\x{301}e\x{301}e\x{301}e\x{301}e\x{301}e\x{301}e\x{301}e\x{301}e\x{301}e\x{301}e\x{301}e\x{301}e\x{301}e\x{301}e\x{301}e\x{301}e\x{301}e\x{301}e\x{301}e\x{301}e\x{301} e\x{301} e\x{301}e\x{301}e\x{301}e\x{301}e\x{301}e\x{301}e\x{301}e\x{301}e\x{301}e\x{301}e\x{301}e\x{301}e\x{301}e\x{301}e\x{301}e\x{301}e\x{301}e\x{301}e\x{301}e\x{301}e\x{301}e\x{301}e\x{301}e\x{301}e\x{301}e\x{301}e\x{301}e\x{301}e\x{301}e\x{301}e\x{301}e\x{301}e\x{301}e\x{301}e\x{301}e\x{301}e\x{301}e\x{301}e\x{301}e\x{301}e\x{301}e\x{301}e\x{301} e\x{301}e\x{301}e\x{301}e\x{301}e\x{301}e\x{301}e\x{301}e\x{301}e\x{301}e\x{301}e\x{301}e\x{301}e\x{301}e\x{301}e\x{301}e\x{301}e\x{301}e\x{301}e\x{301}e\x{301}e\x{301}e\x{301}e\x{301}e\x{301}e\x{301}e\x{301}e\x{301}e\x{301}e\x{301}e\x{301} e\x{301}e\x{301}e\x{301}e\x{301}e\x{301}e\x{301}e\x{301}e\x{301}e\x{301}e\x{301}e\x{301}e\x{301}e\x{301}e\x{301}e\x{301}e\x{301}e\x{301}e\x{301}e\x{301}e\x{301}e\x{301}e\x{301}"
          text run at (1055,3615) width 1: " "
          text run at (0,3630) width 1056: "e\x{301}e\x{301}e\x{301}e\x{301}e\x{301}e\x{301}e\x{301}e\x{301}e\x{301}e\x{301}e\x{301}e\x{301}e\x{301}e\x{301}e\x{301}e\x{301}e\x{301}e\x{301}e\x{301}e\x{301}e\x{301}e\x{301}e\x{301}e\x{301}e\x{301}e\x{301}e\x{301}e\x{301}e\x{301}e\x{301}e\x{301}e\x{301} e\x{301} e\x{301}e\x{301}e\x{301}e\x{301}e\x{301}e\x{301}e\x{301}e\x{301}e\x{301}e\x{301}e\x{301}e\x{301}e\x{301}e\x{301}e\x{301}e\x{301}e\x{301}e\x{301}e\x{301}e\x{301}e\x{301}e\x{301}e\x{301}e\x{301}e\x{301}e\x{301}e\x{301}e\x{301}e\x{301}e\x{301}e\x{301}e\x{301}e\x{301}e\x{301}e\x{301}e\x{301}e\x{301}e\x{301}e\x{301}e\x{301}e\x{301}e\x{301}e\x{301} e\x{301}e\x{301}e\x{301}e\x{301}e\x{301}e\x{301}e\x{301}e\x{301}e\x{301}e\x{301}e\x{301}e\x{301}e\x{301}e\x{301}e\x{301}e\x{301}e\x{301}e\x{301}e\x{301}e\x{301}e\x{301}e\x{301}e\x{301}e\x{301}e\x{301}e\x{301}e\x{301}e\x{301}e\x{301}e\x{301} e\x{301}e\x{301}e\x{301}e\x{301}e\x{301}e\x{301}e\x{301}e\x{301}e\x{301}e\x{301}e\x{301}e\x{301}e\x{301}e\x{301}e\x{301}e\x{301}e\x{301}e\x{301}e\x{301}e\x{301}e\x{301}e\x{301}"
          text run at (1055,3630) width 1: " "
          text run at (0,3645) width 1056: "e\x{301}e\x{301}e\x{301}e\x{301}e\x{301}e\x{301}e\x{301}e\x{301}e\x{301}e\x{301}e\x{301}e\x{301}e\x{301}e\x{301}e\x{301}e\x{301}e\x{301}e\x{301}e\x{301}e\x{301}e\x{301}e\x{301}e\x{301}e\x{301}e\x{301}e\x{301}e\x{301}e\x{301}e\x{301}e\x{301}e\x{301}e\x{301} e\x{301} e\x{301}e\x{301}e\x{301}e\x{301}e\x{301}e\x{301}e\x{301}e\x{301}e\x{301}e\x{301}e\x{301}e\x{301}e\x{301}e\x{301}e\x{301}e\x{301}e\x{301}e\x{301}e\x{301}e\x{301}e\x{301}e\x{301}e\x{301}e\x{301}e\x{301}e\x{301}e\x{301}e\x{301}e\x{301}e\x{301}e\x{301}e\x{301}e\x{301}e\x{301}e\x{301}e\x{301}e\x{301}e\x{301}e\x{301}e\x{301}e\x{301}e\x{301}e\x{301} e\x{301}e\x{301}e\x{301}e\x{301}e\x{301}e\x{301}e\x{301}e\x{301}e\x{301}e\x{301}e\x{301}e\x{301}e\x{301}e\x{301}e\x{301}e\x{301}e\x{301}e\x{301}e\x{301}e\x{301}e\x{301}e\x{301}e\x{301}e\x{301}e\x{301}e\x{301}e\x{301}e\x{301}e\x{301}e\x{301} e\x{301}e\x{301}e\x{301}e\x{301}e\x{301}e\x{301}e\x{301}e\x{301}e\x{301}e\x{301}e\x{301}e\x{301}e\x{301}e\x{301}e\x{301}e\x{301}e\x{301}e\x{301}e\x{301}e\x{301}e\x{301}e\x{301}"
          text run at (1055,3645) width 1: " "
          text run at (0,3660) width 1056: "e\x{301}e\x{301}e\x{301}e\x{301}e\x{301}e\x{301}e\x{301}e\x{301}e\x{301}e\x{301}e\x{301}e\x{301}e\x{301}e\x{301}e\x{301}e\x{301}e\x{301}e\x{301}e\x{301}e\x{301}e\x{301}e\x{301}e\x{301}e\x{301}e\x{301}e\x{301}e\x{301}e\x{301}e\x{301}e\x{301}e\x{301}e\x{301} e\x{301} e\x{301}e\x{301}e\x{301}e\x{301}e\x{301}e\x{301}e\x{301}e\x{301}e\x{301}e\x{301}e\x{301}e\x{301}e\x{301}e\x{301}e\x{301}e\x{301}e\x{301}e\x{301}e\x{301}e\x{301}e\x{301}e\x{301}e\x{301}e\x{301}e\x{301}e\x{301}e\x{301}e\x{301}e\x{301}e\x{301}e\x{301}e\x{301}e\x{301}e\x{301}e\x{301}e\x{301}e\x{301}e\x{301}e\x{301}e\x{301}e\x{301}e\x{301}e\x{301} e\x{301}e\x{301}e\x{301}e\x{301}e\x{301}e\x{301}e\x{301}e\x{301}e\x{301}e\x{301}e\x{301}e\x{301}e\x{301}e\x{301}e\x{301}e\x{301}e\x{301}e\x{301}e\x{301}e\x{301}e\x{301}e\x{301}e\x{301}e\x{301}e\x{301}e\x{301}e\x{301}e\x{301}e\x{301}e\x{301} e\x{301}e\x{301}e\x{301}e\x{301}e\x{301}e\x{301}e\x{301}e\x{301}e\x{301}e\x{301}e\x{301}e\x{301}e\x{301}e\x{301}e\x{301}e\x{301}e\x{301}e\x{301}e\x{301}e\x{301}e\x{301}e\x{301}"
          text run at (1055,3660) width 1: " "
          text run at (0,3675) width 1056: "e\x{301}e\x{301}e\x{301}e\x{301}e\x{301}e\x{301}e\x{301}e\x{301}e\x{301}e\x{301}e\x{301}e\x{301}e\x{301}e\x{301}e\x{301}e\x{301}e\x{301}e\x{301}e\x{301}e\x{301}e\x{301}e\x{301}e\x{301}e\x{301}e\x{301}e\x{301}e\x{301}e\x{301}e\x{301}e\x{301}e\x{301}e\x{301} e\x{301} e\x{301}e\x{301}e\x{301}e\x{301}e\x{301}e\x{301}e\x{301}e\x{301}e\x{301}e\x{301}e\x{301}e\x{301}e\x{301}e\x{301}e\x{301}e\x{301}e\x{301}e\x{301}e\x{301}e\x{301}e\x{301}e\x{301}e\x{301}e\x{301}e\x{301}e\x{301}e\x{301}e\x{301}e\x{301}e\x{301}e\x{301}e\x{301}e\x{301}e\x{301}e\x{301}e\x{301}e\x{301}e\x{301}e\x{301}e\x{301}e\x{301}e\x{301}e\x{301} e\x{301}e\x{301}e\x{301}e\x{301}e\x{301}e\x{301}e\x{301}e\x{301}e\x{301}e\x{301}e\x{301}e\x{301}e\x{301}e\x{301}e\x{301}e\x{301}e\x{301}e\x{301}e\x{301}e\x{301}e\x{301}e\x{301}e\x{301}e\x{301}e\x{301}e\x{301}e\x{301}e\x{301}e\x{301}e\x{301} e\x{301}e\x{301}e\x{301}e\x{301}e\x{301}e\x{301}e\x{301}e\x{301}e\x{301}e\x{301}e\x{301}e\x{301}e\x{301}e\x{301}e\x{301}e\x{301}e\x{301}e\x{301}e\x{301}e\x{301}e\x{301}e\x{301}"
          text run at (1055,3675) width 1: " "
          text run at (0,3690) width 1056: "e\x{301}e\x{301}e\x{301}e\x{301}e\x{301}e\x{301}e\x{301}e\x{301}e\x{301}e\x{301}e\x{301}e\x{301}e\x{301}e\x{301}e\x{301}e\x{301}e\x{301}e\x{301}e\x{301}e\x{301}e\x{301}e\x{301}e\x{301}e\x{301}e\x{301}e\x{301}e\x{301}e\x{301}e\x{301}e\x{301}e\x{301}e\x{301} e\x{301} e\x{301}e\x{301}e\x{301}e\x{301}e\x{301}e\x{301}e\x{301}e\x{301}e\x{301}e\x{301}e\x{301}e\x{301}e\x{301}e\x{301}e\x{301}e\x{301}e\x{301}e\x{301}e\x{301}e\x{301}e\x{301}e\x{301}e\x{301}e\x{301}e\x{301}e\x{301}e\x{301}e\x{301}e\x{301}e\x{301}e\x{301}e\x{301}e\x{301}e\x{301}e\x{301}e\x{301}e\x{301}e\x{301}e\x{301}e\x{301}e\x{301}e\x{301}e\x{301} e\x{301}e\x{301}e\x{301}e\x{301}e\x{301}e\x{301}e\x{301}e\x{301}e\x{301}e\x{301}e\x{301}e\x{301}e\x{301}e\x{301}e\x{301}e\x{301}e\x{301}e\x{301}e\x{301}e\x{301}e\x{301}e\x{301}e\x{301}e\x{301}e\x{301}e\x{301}e\x{301}e\x{301}e\x{301}e\x{301} e\x{301}e\x{301}e\x{301}e\x{301}e\x{301}e\x{301}e\x{301}e\x{301}e\x{301}e\x{301}e\x{301}e\x{301}e\x{301}e\x{301}e\x{301}e\x{301}e\x{301}e\x{301}e\x{301}e\x{301}e\x{301}e\x{301}"
          text run at (1055,3690) width 1: " "
          text run at (0,3705) width 1056: "e\x{301}e\x{301}e\x{301}e\x{301}e\x{301}e\x{301}e\x{301}e\x{301}e\x{301}e\x{301}e\x{301}e\x{301}e\x{301}e\x{301}e\x{301}e\x{301}e\x{301}e\x{301}e\x{301}e\x{301}e\x{301}e\x{301}e\x{301}e\x{301}e\x{301}e\x{301}e\x{301}e\x{301}e\x{301}e\x{301}e\x{301}e\x{301} e\x{301} e\x{301}e\x{301}e\x{301}e\x{301}e\x{301}e\x{301}e\x{301}e\x{301}e\x{301}e\x{301}e\x{301}e\x{301}e\x{301}e\x{301}e\x{301}e\x{301}e\x{301}e\x{301}e\x{301}e\x{301}e\x{301}e\x{301}e\x{301}e\x{301}e\x{301}e\x{301}e\x{301}e\x{301}e\x{301}e\x{301}e\x{301}e\x{301}e\x{301}e\x{301}e\x{301}e\x{301}e\x{301}e\x{301}e\x{301}e\x{301}e\x{301}e\x{301}e\x{301} e\x{301}e\x{301}e\x{301}e\x{301}e\x{301}e\x{301}e\x{301}e\x{301}e\x{301}e\x{301}e\x{301}e\x{301}e\x{301}e\x{301}e\x{301}e\x{301}e\x{301}e\x{301}e\x{301}e\x{301}e\x{301}e\x{301}e\x{301}e\x{301}e\x{301}e\x{301}e\x{301}e\x{301}e\x{301}e\x{301} e\x{301}e\x{301}e\x{301}e\x{301}e\x{301}e\x{301}e\x{301}e\x{301}e\x{301}e\x{301}e\x{301}e\x{301}e\x{301}e\x{301}e\x{301}e\x{301}e\x{301}e\x{301}e\x{301}e\x{301}e\x{301}e\x{301}"
          text run at (1055,3705) width 1: " "
          text run at (0,3720) width 1056: "e\x{301}e\x{301}e\x{301}e\x{301}e\x{301}e\x{301}e\x{301}e\x{301}e\x{301}e\x{301}e\x{301}e\x{301}e\x{301}e\x{301}e\x{301}e\x{301}e\x{301}e\x{301}e\x{301}e\x{301}e\x{301}e\x{301}e\x{301}e\x{301}e\x{301}e\x{301}e\x{301}e\x{301}e\x{301}e\x{301}e\x{301}e\x{301} e\x{301} e\x{301}e\x{301}e\x{301}e\x{301}e\x{301}e\x{301}e\x{301}e\x{301}e\x{301}e\x{301}e\x{301}e\x{301}e\x{301}e\x{301}e\x{301}e\x{301}e\x{301}e\x{301}e\x{301}e\x{301}e\x{301}e\x{301}e\x{301}e\x{301}e\x{301}e\x{301}e\x{301}e\x{301}e\x{301}e\x{301}e\x{301}e\x{301}e\x{301}e\x{301}e\x{301}e\x{301}e\x{301}e\x{301}e\x{301}e\x{301}e\x{301}e\x{301}e\x{301} e\x{301}e\x{301}e\x{301}e\x{301}e\x{301}e\x{301}e\x{301}e\x{301}e\x{301}e\x{301}e\x{301}e\x{301}e\x{301}e\x{301}e\x{301}e\x{301}e\x{301}e\x{301}e\x{301}e\x{301}e\x{301}e\x{301}e\x{301}e\x{301}e\x{301}e\x{301}e\x{301}e\x{301}e\x{301}e\x{301} e\x{301}e\x{301}e\x{301}e\x{301}e\x{301}e\x{301}e\x{301}e\x{301}e\x{301}e\x{301}e\x{301}e\x{301}e\x{301}e\x{301}e\x{301}e\x{301}e\x{301}e\x{301}e\x{301}e\x{301}e\x{301}e\x{301}"
          text run at (1055,3720) width 1: " "
          text run at (0,3735) width 1056: "e\x{301}e\x{301}e\x{301}e\x{301}e\x{301}e\x{301}e\x{301}e\x{301}e\x{301}e\x{301}e\x{301}e\x{301}e\x{301}e\x{301}e\x{301}e\x{301}e\x{301}e\x{301}e\x{301}e\x{301}e\x{301}e\x{301}e\x{301}e\x{301}e\x{301}e\x{301}e\x{301}e\x{301}e\x{301}e\x{301}e\x{301}e\x{301} e\x{301} e\x{301}e\x{301}e\x{301}e\x{301}e\x{301}e\x{301}e\x{301}e\x{301}e\x{301}e\x{301}e\x{301}e\x{301}e\x{301}e\x{301}e\x{301}e\x{301}e\x{301}e\x{301}e\x{301}e\x{301}e\x{301}e\x{301}e\x{301}e\x{301}e\x{301}e\x{301}e\x{301}e\x{301}e\x{301}e\x{301}e\x{301}e\x{301}e\x{301}e\x{301}e\x{301}e\x{301}e\x{301}e\x{301}e\x{301}e\x{301}e\x{301}e\x{301}e\x{301} e\x{301}e\x{301}e\x{301}e\x{301}e\x{301}e\x{301}e\x{301}e\x{301}e\x{301}e\x{301}e\x{301}e\x{301}e\x{301}e\x{301}e\x{301}e\x{301}e\x{301}e\x{301}e\x{301}e\x{301}e\x{301}e\x{301}e\x{301}e\x{301}e\x{301}e\x{301}e\x{301}e\x{301}e\x{301}e\x{301} e\x{301}e\x{301}e\x{301}e\x{301}e\x{301}e\x{301}e\x{301}e\x{301}e\x{301}e\x{301}e\x{301}e\x{301}e\x{301}e\x{301}e\x{301}e\x{301}e\x{301}e\x{301}e\x{301}e\x{301}e\x{301}e\x{301}"
          text run at (1055,3735) width 1: " "
          text run at (0,3750) width 1056: "e\x{301}e\x{301}e\x{301}e\x{301}e\x{301}e\x{301}e\x{301}e\x{301}e\x{301}e\x{301}e\x{301}e\x{301}e\x{301}e\x{301}e\x{301}e\x{301}e\x{301}e\x{301}e\x{301}e\x{301}e\x{301}e\x{301}e\x{301}e\x{301}e\x{301}e\x{301}e\x{301}e\x{301}e\x{301}e\x{301}e\x{301}e\x{301} e\x{301} e\x{301}e\x{301}e\x{301}e\x{301}e\x{301}e\x{301}e\x{301}e\x{301}e\x{301}e\x{301}e\x{301}e\x{301}e\x{301}e\x{301}e\x{301}e\x{301}e\x{301}e\x{301}e\x{301}e\x{301}e\x{301}e\x{301}e\x{301}e\x{301}e\x{301}e\x{301}e\x{301}e\x{301}e\x{301}e\x{301}e\x{301}e\x{301}e\x{301}e\x{301}e\x{301}e\x{301}e\x{301}e\x{301}e\x{301}e\x{301}e\x{301}e\x{301}e\x{301} e\x{301}e\x{301}e\x{301}e\x{301}e\x{301}e\x{301}e\x{301}e\x{301}e\x{301}e\x{301}e\x{301}e\x{301}e\x{301}e\x{301}e\x{301}e\x{301}e\x{301}e\x{301}e\x{301}e\x{301}e\x{301}e\x{301}e\x{301}e\x{301}e\x{301}e\x{301}e\x{301}e\x{301}e\x{301}e\x{301} e\x{301}e\x{301}e\x{301}e\x{301}e\x{301}e\x{301}e\x{301}e\x{301}e\x{301}e\x{301}e\x{301}e\x{301}e\x{301}e\x{301}e\x{301}e\x{301}e\x{301}e\x{301}e\x{301}e\x{301}e\x{301}e\x{301}"
          text run at (1055,3750) width 1: " "
          text run at (0,3765) width 96: "e\x{301}e\x{301}e\x{301}e\x{301}e\x{301}e\x{301}e\x{301}e\x{301}e\x{301}e\x{301}e\x{301}e\x{301}"
        RenderText {#text} at (96,3765) size 1056x3780
          text run at (96,3765) width 960: "e\x{301}e\x{301}e\x{301}e\x{301}e\x{301}e\x{301}e\x{301}e\x{301}e\x{301}e\x{301}e\x{301}e\x{301}e\x{301}e\x{301}e\x{301}e\x{301}e\x{301}e\x{301}e\x{301}e\x{301} e\x{301} e\x{301}e\x{301}e\x{301}e\x{301}e\x{301}e\x{301}e\x{301}e\x{301}e\x{301}e\x{301}e\x{301}e\x{301}e\x{301}e\x{301}e\x{301}e\x{301}e\x{301}e\x{301}e\x{301}e\x{301}e\x{301}e\x{301}e\x{301}e\x{301}e\x{301}e\x{301}e\x{301}e\x{301}e\x{301}e\x{301}e\x{301}e\x{301}e\x{301}e\x{301}e\x{301}e\x{301}e\x{301}e\x{301}e\x{301}e\x{301}e\x{301}e\x{301}e\x{301} e\x{301}e\x{301}e\x{301}e\x{301}e\x{301}e\x{301}e\x{301}e\x{301}e\x{301}e\x{301}e\x{301}e\x{301}e\x{301}e\x{301}e\x{301}e\x{301}e\x{301}e\x{301}e\x{301}e\x{301}e\x{301}e\x{301}e\x{301}e\x{301}e\x{301}e\x{301}e\x{301}e\x{301}e\x{301}e\x{301} e\x{301}e\x{301}e\x{301}e\x{301}e\x{301}e\x{301}e\x{301}e\x{301}e\x{301}e\x{301}e\x{301}e\x{301}e\x{301}e\x{301}e\x{301}e\x{301}e\x{301}e\x{301}e\x{301}e\x{301}e\x{301}e\x{301}"
          text run at (1055,3765) width 1: " "
          text run at (0,3780) width 1056: "e\x{301}e\x{301}e\x{301}e\x{301}e\x{301}e\x{301}e\x{301}e\x{301}e\x{301}e\x{301}e\x{301}e\x{301}e\x{301}e\x{301}e\x{301}e\x{301}e\x{301}e\x{301}e\x{301}e\x{301}e\x{301}e\x{301}e\x{301}e\x{301}e\x{301}e\x{301}e\x{301}e\x{301}e\x{301}e\x{301}e\x{301}e\x{301} e\x{301} e\x{301}e\x{301}e\x{301}e\x{301}e\x{301}e\x{301}e\x{301}e\x{301}e\x{301}e\x{301}e\x{301}e\x{301}e\x{301}e\x{301}e\x{301}e\x{301}e\x{301}e\x{301}e\x{301}e\x{301}e\x{301}e\x{301}e\x{301}e\x{301}e\x{301}e\x{301}e\x{301}e\x{301}e\x{301}e\x{301}e\x{301}e\x{301}e\x{301}e\x{301}e\x{301}e\x{301}e\x{301}e\x{301}e\x{301}e\x{301}e\x{301}e\x{301}e\x{301} e\x{301}e\x{301}e\x{301}e\x{301}e\x{301}e\x{301}e\x{301}e\x{301}e\x{301}e\x{301}e\x{301}e\x{301}e\x{301}e\x{301}e\x{301}e\x{301}e\x{301}e\x{301}e\x{301}e\x{301}e\x{301}e\x{301}e\x{301}e\x{301}e\x{301}e\x{301}e\x{301}e\x{301}e\x{301}e\x{301} e\x{301}e\x{301}e\x{301}e\x{301}e\x{301}e\x{301}e\x{301}e\x{301}e\x{301}e\x{301}e\x{301}e\x{301}e\x{301}e\x{301}e\x{301}e\x{301}e\x{301}e\x{301}e\x{301}e\x{301}e\x{301}e\x{301}"
          text run at (1055,3780) width 1: " "
          text run at (0,3795) width 1056: "e\x{301}e\x{301}e\x{301}e\x{301}e\x{301}e\x{301}e\x{301}e\x{301}e\x{301}e\x{301}e\x{301}e\x{301}e\x{301}e\x{301}e\x{301}e\x{301}e\x{301}e\x{301}e\x{301}e\x{301}e\x{301}e\x{301}e\x{301}e\x{301}e\x{301}e\x{301}e\x{301}e\x{301}e\x{301}e\x{301}e\x{301}e\x{301} e\x{301} e\x{301}e\x{301}e\x{301}e\x{301}e\x{301}e\x{301}e\x{301}e\x{301}e\x{301}e\x{301}e\x{301}e\x{301}e\x{301}e\x{301}e\x{301}e\x{301}e\x{301}e\x{301}e\x{301}e\x{301}e\x{301}e\x{301}e\x{301}e\x{301}e\x{301}e\x{301}e\x{301}e\x{301}e\x{301}e\x{301}e\x{301}e\x{301}e\x{301}e\x{301}e\x{301}e\x{301}e\x{301}e\x{301}e\x{301}e\x{301}e\x{301}e\x{301}e\x{301} e\x{301}e\x{301}e\x{301}e\x{301}e\x{301}e\x{301}e\x{301}e\x{301}e\x{301}e\x{301}e\x{301}e\x{301}e\x{301}e\x{301}e\x{301}e\x{301}e\x{301}e\x{301}e\x{301}e\x{301}e\x{301}e\x{301}e\x{301}e\x{301}e\x{301}e\x{301}e\x{301}e\x{301}e\x{301}e\x{301} e\x{301}e\x{301}e\x{301}e\x{301}e\x{301}e\x{301}e\x{301}e\x{301}e\x{301}e\x{301}e\x{301}e\x{301}e\x{301}e\x{301}e\x{301}e\x{301}e\x{301}e\x{301}e\x{301}e\x{301}e\x{301}e\x{301}"
          text run at (1055,3795) width 1: " "
          text run at (0,3810) width 1056: "e\x{301}e\x{301}e\x{301}e\x{301}e\x{301}e\x{301}e\x{301}e\x{301}e\x{301}e\x{301}e\x{301}e\x{301}e\x{301}e\x{301}e\x{301}e\x{301}e\x{301}e\x{301}e\x{301}e\x{301}e\x{301}e\x{301}e\x{301}e\x{301}e\x{301}e\x{301}e\x{301}e\x{301}e\x{301}e\x{301}e\x{301}e\x{301} e\x{301} e\x{301}e\x{301}e\x{301}e\x{301}e\x{301}e\x{301}e\x{301}e\x{301}e\x{301}e\x{301}e\x{301}e\x{301}e\x{301}e\x{301}e\x{301}e\x{301}e\x{301}e\x{301}e\x{301}e\x{301}e\x{301}e\x{301}e\x{301}e\x{301}e\x{301}e\x{301}e\x{301}e\x{301}e\x{301}e\x{301}e\x{301}e\x{301}e\x{301}e\x{301}e\x{301}e\x{301}e\x{301}e\x{301}e\x{301}e\x{301}e\x{301}e\x{301}e\x{301} e\x{301}e\x{301}e\x{301}e\x{301}e\x{301}e\x{301}e\x{301}e\x{301}e\x{301}e\x{301}e\x{301}e\x{301}e\x{301}e\x{301}e\x{301}e\x{301}e\x{301}e\x{301}e\x{301}e\x{301}e\x{301}e\x{301}e\x{301}e\x{301}e\x{301}e\x{301}e\x{301}e\x{301}e\x{301}e\x{301} e\x{301}e\x{301}e\x{301}e\x{301}e\x{301}e\x{301}e\x{301}e\x{301}e\x{301}e\x{301}e\x{301}e\x{301}e\x{301}e\x{301}e\x{301}e\x{301}e\x{301}e\x{301}e\x{301}e\x{301}e\x{301}e\x{301}"
          text run at (1055,3810) width 1: " "
          text run at (0,3825) width 1056: "e\x{301}e\x{301}e\x{301}e\x{301}e\x{301}e\x{301}e\x{301}e\x{301}e\x{301}e\x{301}e\x{301}e\x{301}e\x{301}e\x{301}e\x{301}e\x{301}e\x{301}e\x{301}e\x{301}e\x{301}e\x{301}e\x{301}e\x{301}e\x{301}e\x{301}e\x{301}e\x{301}e\x{301}e\x{301}e\x{301}e\x{301}e\x{301} e\x{301} e\x{301}e\x{301}e\x{301}e\x{301}e\x{301}e\x{301}e\x{301}e\x{301}e\x{301}e\x{301}e\x{301}e\x{301}e\x{301}e\x{301}e\x{301}e\x{301}e\x{301}e\x{301}e\x{301}e\x{301}e\x{301}e\x{301}e\x{301}e\x{301}e\x{301}e\x{301}e\x{301}e\x{301}e\x{301}e\x{301}e\x{301}e\x{301}e\x{301}e\x{301}e\x{301}e\x{301}e\x{301}e\x{301}e\x{301}e\x{301}e\x{301}e\x{301}e\x{301} e\x{301}e\x{301}e\x{301}e\x{301}e\x{301}e\x{301}e\x{301}e\x{301}e\x{301}e\x{301}e\x{301}e\x{301}e\x{301}e\x{301}e\x{301}e\x{301}e\x{301}e\x{301}e\x{301}e\x{301}e\x{301}e\x{301}e\x{301}e\x{301}e\x{301}e\x{301}e\x{301}e\x{301}e\x{301}e\x{301} e\x{301}e\x{301}e\x{301}e\x{301}e\x{301}e\x{301}e\x{301}e\x{301}e\x{301}e\x{301}e\x{301}e\x{301}e\x{301}e\x{301}e\x{301}e\x{301}e\x{301}e\x{301}e\x{301}e\x{301}e\x{301}e\x{301}"
          text run at (1055,3825) width 1: " "
          text run at (0,3840) width 1056: "e\x{301}e\x{301}e\x{301}e\x{301}e\x{301}e\x{301}e\x{301}e\x{301}e\x{301}e\x{301}e\x{301}e\x{301}e\x{301}e\x{301}e\x{301}e\x{301}e\x{301}e\x{301}e\x{301}e\x{301}e\x{301}e\x{301}e\x{301}e\x{301}e\x{301}e\x{301}e\x{301}e\x{301}e\x{301}e\x{301}e\x{301}e\x{301} e\x{301} e\x{301}e\x{301}e\x{301}e\x{301}e\x{301}e\x{301}e\x{301}e\x{301}e\x{301}e\x{301}e\x{301}e\x{301}e\x{301}e\x{301}e\x{301}e\x{301}e\x{301}e\x{301}e\x{301}e\x{301}e\x{301}e\x{301}e\x{301}e\x{301}e\x{301}e\x{301}e\x{301}e\x{301}e\x{301}e\x{301}e\x{301}e\x{301}e\x{301}e\x{301}e\x{301}e\x{301}e\x{301}e\x{301}e\x{301}e\x{301}e\x{301}e\x{301}e\x{301} e\x{301}e\x{301}e\x{301}e\x{301}e\x{301}e\x{301}e\x{301}e\x{301}e\x{301}e\x{301}e\x{301}e\x{301}e\x{301}e\x{301}e\x{301}e\x{301}e\x{301}e\x{301}e\x{301}e\x{301}e\x{301}e\x{301}e\x{301}e\x{301}e\x{301}e\x{301}e\x{301}e\x{301}e\x{301}e\x{301} e\x{301}e\x{301}e\x{301}e\x{301}e\x{301}e\x{301}e\x{301}e\x{301}e\x{301}e\x{301}e\x{301}e\x{301}e\x{301}e\x{301}e\x{301}e\x{301}e\x{301}e\x{301}e\x{301}e\x{301}e\x{301}e\x{301}"
          text run at (1055,3840) width 1: " "
          text run at (0,3855) width 1056: "e\x{301}e\x{301}e\x{301}e\x{301}e\x{301}e\x{301}e\x{301}e\x{301}e\x{301}e\x{301}e\x{301}e\x{301}e\x{301}e\x{301}e\x{301}e\x{301}e\x{301}e\x{301}e\x{301}e\x{301}e\x{301}e\x{301}e\x{301}e\x{301}e\x{301}e\x{301}e\x{301}e\x{301}e\x{301}e\x{301}e\x{301}e\x{301} e\x{301} e\x{301}e\x{301}e\x{301}e\x{301}e\x{301}e\x{301}e\x{301}e\x{301}e\x{301}e\x{301}e\x{301}e\x{301}e\x{301}e\x{301}e\x{301}e\x{301}e\x{301}e\x{301}e\x{301}e\x{301}e\x{301}e\x{301}e\x{301}e\x{301}e\x{301}e\x{301}e\x{301}e\x{301}e\x{301}e\x{301}e\x{301}e\x{301}e\x{301}e\x{301}e\x{301}e\x{301}e\x{301}e\x{301}e\x{301}e\x{301}e\x{301}e\x{301}e\x{301} e\x{301}e\x{301}e\x{301}e\x{301}e\x{301}e\x{301}e\x{301}e\x{301}e\x{301}e\x{301}e\x{301}e\x{301}e\x{301}e\x{301}e\x{301}e\x{301}e\x{301}e\x{301}e\x{301}e\x{301}e\x{301}e\x{301}e\x{301}e\x{301}e\x{301}e\x{301}e\x{301}e\x{301}e\x{301}e\x{301} e\x{301}e\x{301}e\x{301}e\x{301}e\x{301}e\x{301}e\x{301}e\x{301}e\x{301}e\x{301}e\x{301}e\x{301}e\x{301}e\x{301}e\x{301}e\x{301}e\x{301}e\x{301}e\x{301}e\x{301}e\x{301}e\x{301}"
          text run at (1055,3855) width 1: " "
          text run at (0,3870) width 1056: "e\x{301}e\x{301}e\x{301}e\x{301}e\x{301}e\x{301}e\x{301}e\x{301}e\x{301}e\x{301}e\x{301}e\x{301}e\x{301}e\x{301}e\x{301}e\x{301}e\x{301}e\x{301}e\x{301}e\x{301}e\x{301}e\x{301}e\x{301}e\x{301}e\x{301}e\x{301}e\x{301}e\x{301}e\x{301}e\x{301}e\x{301}e\x{301} e\x{301} e\x{301}e\x{301}e\x{301}e\x{301}e\x{301}e\x{301}e\x{301}e\x{301}e\x{301}e\x{301}e\x{301}e\x{301}e\x{301}e\x{301}e\x{301}e\x{301}e\x{301}e\x{301}e\x{301}e\x{301}e\x{301}e\x{301}e\x{301}e\x{301}e\x{301}e\x{301}e\x{301}e\x{301}e\x{301}e\x{301}e\x{301}e\x{301}e\x{301}e\x{301}e\x{301}e\x{301}e\x{301}e\x{301}e\x{301}e\x{301}e\x{301}e\x{301}e\x{301} e\x{301}e\x{301}e\x{301}e\x{301}e\x{301}e\x{301}e\x{301}e\x{301}e\x{301}e\x{301}e\x{301}e\x{301}e\x{301}e\x{301}e\x{301}e\x{301}e\x{301}e\x{301}e\x{301}e\x{301}e\x{301}e\x{301}e\x{301}e\x{301}e\x{301}e\x{301}e\x{301}e\x{301}e\x{301}e\x{301} e\x{301}e\x{301}e\x{301}e\x{301}e\x{301}e\x{301}e\x{301}e\x{301}e\x{301}e\x{301}e\x{301}e\x{301}e\x{301}e\x{301}e\x{301}e\x{301}e\x{301}e\x{301}e\x{301}e\x{301}e\x{301}e\x{301}"
          text run at (1055,3870) width 1: " "
          text run at (0,3885) width 1056: "e\x{301}e\x{301}e\x{301}e\x{301}e\x{301}e\x{301}e\x{301}e\x{301}e\x{301}e\x{301}e\x{301}e\x{301}e\x{301}e\x{301}e\x{301}e\x{301}e\x{301}e\x{301}e\x{301}e\x{301}e\x{301}e\x{301}e\x{301}e\x{301}e\x{301}e\x{301}e\x{301}e\x{301}e\x{301}e\x{301}e\x{301}e\x{301} e\x{301} e\x{301}e\x{301}e\x{301}e\x{301}e\x{301}e\x{301}e\x{301}e\x{301}e\x{301}e\x{301}e\x{301}e\x{301}e\x{301}e\x{301}e\x{301}e\x{301}e\x{301}e\x{301}e\x{301}e\x{301}e\x{301}e\x{301}e\x{301}e\x{301}e\x{301}e\x{301}e\x{301}e\x{301}e\x{301}e\x{301}e\x{301}e\x{301}e\x{301}e\x{301}e\x{301}e\x{301}e\x{301}e\x{301}e\x{301}e\x{301}e\x{301}e\x{301}e\x{301} e\x{301}e\x{301}e\x{301}e\x{301}e\x{301}e\x{301}e\x{301}e\x{301}e\x{301}e\x{301}e\x{301}e\x{301}e\x{301}e\x{301}e\x{301}e\x{301}e\x{301}e\x{301}e\x{301}e\x{301}e\x{301}e\x{301}e\x{301}e\x{301}e\x{301}e\x{301}e\x{301}e\x{301}e\x{301}e\x{301} e\x{301}e\x{301}e\x{301}e\x{301}e\x{301}e\x{301}e\x{301}e\x{301}e\x{301}e\x{301}e\x{301}e\x{301}e\x{301}e\x{301}e\x{301}e\x{301}e\x{301}e\x{301}e\x{301}e\x{301}e\x{301}e\x{301}"
          text run at (1055,3885) width 1: " "
          text run at (0,3900) width 1056: "e\x{301}e\x{301}e\x{301}e\x{301}e\x{301}e\x{301}e\x{301}e\x{301}e\x{301}e\x{301}e\x{301}e\x{301}e\x{301}e\x{301}e\x{301}e\x{301}e\x{301}e\x{301}e\x{301}e\x{301}e\x{301}e\x{301}e\x{301}e\x{301}e\x{301}e\x{301}e\x{301}e\x{301}e\x{301}e\x{301}e\x{301}e\x{301} e\x{301} e\x{301}e\x{301}e\x{301}e\x{301}e\x{301}e\x{301}e\x{301}e\x{301}e\x{301}e\x{301}e\x{301}e\x{301}e\x{301}e\x{301}e\x{301}e\x{301}e\x{301}e\x{301}e\x{301}e\x{301}e\x{301}e\x{301}e\x{301}e\x{301}e\x{301}e\x{301}e\x{301}e\x{301}e\x{301}e\x{301}e\x{301}e\x{301}e\x{301}e\x{301}e\x{301}e\x{301}e\x{301}e\x{301}e\x{301}e\x{301}e\x{301}e\x{301}e\x{301} e\x{301}e\x{301}e\x{301}e\x{301}e\x{301}e\x{301}e\x{301}e\x{301}e\x{301}e\x{301}e\x{301}e\x{301}e\x{301}e\x{301}e\x{301}e\x{301}e\x{301}e\x{301}e\x{301}e\x{301}e\x{301}e\x{301}e\x{301}e\x{301}e\x{301}e\x{301}e\x{301}e\x{301}e\x{301}e\x{301} e\x{301}e\x{301}e\x{301}e\x{301}e\x{301}e\x{301}e\x{301}e\x{301}e\x{301}e\x{301}e\x{301}e\x{301}e\x{301}e\x{301}e\x{301}e\x{301}e\x{301}e\x{301}e\x{301}e\x{301}e\x{301}e\x{301}"
          text run at (1055,3900) width 1: " "
          text run at (0,3915) width 1056: "e\x{301}e\x{301}e\x{301}e\x{301}e\x{301}e\x{301}e\x{301}e\x{301}e\x{301}e\x{301}e\x{301}e\x{301}e\x{301}e\x{301}e\x{301}e\x{301}e\x{301}e\x{301}e\x{301}e\x{301}e\x{301}e\x{301}e\x{301}e\x{301}e\x{301}e\x{301}e\x{301}e\x{301}e\x{301}e\x{301}e\x{301}e\x{301} e\x{301} e\x{301}e\x{301}e\x{301}e\x{301}e\x{301}e\x{301}e\x{301}e\x{301}e\x{301}e\x{301}e\x{301}e\x{301}e\x{301}e\x{301}e\x{301}e\x{301}e\x{301}e\x{301}e\x{301}e\x{301}e\x{301}e\x{301}e\x{301}e\x{301}e\x{301}e\x{301}e\x{301}e\x{301}e\x{301}e\x{301}e\x{301}e\x{301}e\x{301}e\x{301}e\x{301}e\x{301}e\x{301}e\x{301}e\x{301}e\x{301}e\x{301}e\x{301}e\x{301} e\x{301}e\x{301}e\x{301}e\x{301}e\x{301}e\x{301}e\x{301}e\x{301}e\x{301}e\x{301}e\x{301}e\x{301}e\x{301}e\x{301}e\x{301}e\x{301}e\x{301}e\x{301}e\x{301}e\x{301}e\x{301}e\x{301}e\x{301}e\x{301}e\x{301}e\x{301}e\x{301}e\x{301}e\x{301}e\x{301} e\x{301}e\x{301}e\x{301}e\x{301}e\x{301}e\x{301}e\x{301}e\x{301}e\x{301}e\x{301}e\x{301}e\x{301}e\x{301}e\x{301}e\x{301}e\x{301}e\x{301}e\x{301}e\x{301}e\x{301}e\x{301}e\x{301}"
          text run at (1055,3915) width 1: " "
          text run at (0,3930) width 1056: "e\x{301}e\x{301}e\x{301}e\x{301}e\x{301}e\x{301}e\x{301}e\x{301}e\x{301}e\x{301}e\x{301}e\x{301}e\x{301}e\x{301}e\x{301}e\x{301}e\x{301}e\x{301}e\x{301}e\x{301}e\x{301}e\x{301}e\x{301}e\x{301}e\x{301}e\x{301}e\x{301}e\x{301}e\x{301}e\x{301}e\x{301}e\x{301} e\x{301} e\x{301}e\x{301}e\x{301}e\x{301}e\x{301}e\x{301}e\x{301}e\x{301}e\x{301}e\x{301}e\x{301}e\x{301}e\x{301}e\x{301}e\x{301}e\x{301}e\x{301}e\x{301}e\x{301}e\x{301}e\x{301}e\x{301}e\x{301}e\x{301}e\x{301}e\x{301}e\x{301}e\x{301}e\x{301}e\x{301}e\x{301}e\x{301}e\x{301}e\x{301}e\x{301}e\x{301}e\x{301}e\x{301}e\x{301}e\x{301}e\x{301}e\x{301}e\x{301} e\x{301}e\x{301}e\x{301}e\x{301}e\x{301}e\x{301}e\x{301}e\x{301}e\x{301}e\x{301}e\x{301}e\x{301}e\x{301}e\x{301}e\x{301}e\x{301}e\x{301}e\x{301}e\x{301}e\x{301}e\x{301}e\x{301}e\x{301}e\x{301}e\x{301}e\x{301}e\x{301}e\x{301}e\x{301}e\x{301} e\x{301}e\x{301}e\x{301}e\x{301}e\x{301}e\x{301}e\x{301}e\x{301}e\x{301}e\x{301}e\x{301}e\x{301}e\x{301}e\x{301}e\x{301}e\x{301}e\x{301}e\x{301}e\x{301}e\x{301}e\x{301}e\x{301}"
          text run at (1055,3930) width 1: " "
          text run at (0,3945) width 1056: "e\x{301}e\x{301}e\x{301}e\x{301}e\x{301}e\x{301}e\x{301}e\x{301}e\x{301}e\x{301}e\x{301}e\x{301}e\x{301}e\x{301}e\x{301}e\x{301}e\x{301}e\x{301}e\x{301}e\x{301}e\x{301}e\x{301}e\x{301}e\x{301}e\x{301}e\x{301}e\x{301}e\x{301}e\x{301}e\x{301}e\x{301}e\x{301} e\x{301} e\x{301}e\x{301}e\x{301}e\x{301}e\x{301}e\x{301}e\x{301}e\x{301}e\x{301}e\x{301}e\x{301}e\x{301}e\x{301}e\x{301}e\x{301}e\x{301}e\x{301}e\x{301}e\x{301}e\x{301}e\x{301}e\x{301}e\x{301}e\x{301}e\x{301}e\x{301}e\x{301}e\x{301}e\x{301}e\x{301}e\x{301}e\x{301}e\x{301}e\x{301}e\x{301}e\x{301}e\x{301}e\x{301}e\x{301}e\x{301}e\x{301}e\x{301}e\x{301} e\x{301}e\x{301}e\x{301}e\x{301}e\x{301}e\x{301}e\x{301}e\x{301}e\x{301}e\x{301}e\x{301}e\x{301}e\x{301}e\x{301}e\x{301}e\x{301}e\x{301}e\x{301}e\x{301}e\x{301}e\x{301}e\x{301}e\x{301}e\x{301}e\x{301}e\x{301}e\x{301}e\x{301}e\x{301}e\x{301} e\x{301}e\x{301}e\x{301}e\x{301}e\x{301}e\x{301}e\x{301}e\x{301}e\x{301}e\x{301}e\x{301}e\x{301}e\x{301}e\x{301}e\x{301}e\x{301}e\x{301}e\x{301}e\x{301}e\x{301}e\x{301}e\x{301}"
          text run at (1055,3945) width 1: " "
          text run at (0,3960) width 1056: "e\x{301}e\x{301}e\x{301}e\x{301}e\x{301}e\x{301}e\x{301}e\x{301}e\x{301}e\x{301}e\x{301}e\x{301}e\x{301}e\x{301}e\x{301}e\x{301}e\x{301}e\x{301}e\x{301}e\x{301}e\x{301}e\x{301}e\x{301}e\x{301}e\x{301}e\x{301}e\x{301}e\x{301}e\x{301}e\x{301}e\x{301}e\x{301} e\x{301} e\x{301}e\x{301}e\x{301}e\x{301}e\x{301}e\x{301}e\x{301}e\x{301}e\x{301}e\x{301}e\x{301}e\x{301}e\x{301}e\x{301}e\x{301}e\x{301}e\x{301}e\x{301}e\x{301}e\x{301}e\x{301}e\x{301}e\x{301}e\x{301}e\x{301}e\x{301}e\x{301}e\x{301}e\x{301}e\x{301}e\x{301}e\x{301}e\x{301}e\x{301}e\x{301}e\x{301}e\x{301}e\x{301}e\x{301}e\x{301}e\x{301}e\x{301}e\x{301} e\x{301}e\x{301}e\x{301}e\x{301}e\x{301}e\x{301}e\x{301}e\x{301}e\x{301}e\x{301}e\x{301}e\x{301}e\x{301}e\x{301}e\x{301}e\x{301}e\x{301}e\x{301}e\x{301}e\x{301}e\x{301}e\x{301}e\x{301}e\x{301}e\x{301}e\x{301}e\x{301}e\x{301}e\x{301}e\x{301} e\x{301}e\x{301}e\x{301}e\x{301}e\x{301}e\x{301}e\x{301}e\x{301}e\x{301}e\x{301}e\x{301}e\x{301}e\x{301}e\x{301}e\x{301}e\x{301}e\x{301}e\x{301}e\x{301}e\x{301}e\x{301}e\x{301}"
          text run at (1055,3960) width 1: " "
          text run at (0,3975) width 1056: "e\x{301}e\x{301}e\x{301}e\x{301}e\x{301}e\x{301}e\x{301}e\x{301}e\x{301}e\x{301}e\x{301}e\x{301}e\x{301}e\x{301}e\x{301}e\x{301}e\x{301}e\x{301}e\x{301}e\x{301}e\x{301}e\x{301}e\x{301}e\x{301}e\x{301}e\x{301}e\x{301}e\x{301}e\x{301}e\x{301}e\x{301}e\x{301} e\x{301} e\x{301}e\x{301}e\x{301}e\x{301}e\x{301}e\x{301}e\x{301}e\x{301}e\x{301}e\x{301}e\x{301}e\x{301}e\x{301}e\x{301}e\x{301}e\x{301}e\x{301}e\x{301}e\x{301}e\x{301}e\x{301}e\x{301}e\x{301}e\x{301}e\x{301}e\x{301}e\x{301}e\x{301}e\x{301}e\x{301}e\x{301}e\x{301}e\x{301}e\x{301}e\x{301}e\x{301}e\x{301}e\x{301}e\x{301}e\x{301}e\x{301}e\x{301}e\x{301} e\x{301}e\x{301}e\x{301}e\x{301}e\x{301}e\x{301}e\x{301}e\x{301}e\x{301}e\x{301}e\x{301}e\x{301}e\x{301}e\x{301}e\x{301}e\x{301}e\x{301}e\x{301}e\x{301}e\x{301}e\x{301}e\x{301}e\x{301}e\x{301}e\x{301}e\x{301}e\x{301}e\x{301}e\x{301}e\x{301} e\x{301}e\x{301}e\x{301}e\x{301}e\x{301}e\x{301}e\x{301}e\x{301}e\x{301}e\x{301}e\x{301}e\x{301}e\x{301}e\x{301}e\x{301}e\x{301}e\x{301}e\x{301}e\x{301}e\x{301}e\x{301}e\x{301}"
          text run at (1055,3975) width 1: " "
          text run at (0,3990) width 1056: "e\x{301}e\x{301}e\x{301}e\x{301}e\x{301}e\x{301}e\x{301}e\x{301}e\x{301}e\x{301}e\x{301}e\x{301}e\x{301}e\x{301}e\x{301}e\x{301}e\x{301}e\x{301}e\x{301}e\x{301}e\x{301}e\x{301}e\x{301}e\x{301}e\x{301}e\x{301}e\x{301}e\x{301}e\x{301}e\x{301}e\x{301}e\x{301} e\x{301} e\x{301}e\x{301}e\x{301}e\x{301}e\x{301}e\x{301}e\x{301}e\x{301}e\x{301}e\x{301}e\x{301}e\x{301}e\x{301}e\x{301}e\x{301}e\x{301}e\x{301}e\x{301}e\x{301}e\x{301}e\x{301}e\x{301}e\x{301}e\x{301}e\x{301}e\x{301}e\x{301}e\x{301}e\x{301}e\x{301}e\x{301}e\x{301}e\x{301}e\x{301}e\x{301}e\x{301}e\x{301}e\x{301}e\x{301}e\x{301}e\x{301}e\x{301}e\x{301} e\x{301}e\x{301}e\x{301}e\x{301}e\x{301}e\x{301}e\x{301}e\x{301}e\x{301}e\x{301}e\x{301}e\x{301}e\x{301}e\x{301}e\x{301}e\x{301}e\x{301}e\x{301}e\x{301}e\x{301}e\x{301}e\x{301}e\x{301}e\x{301}e\x{301}e\x{301}e\x{301}e\x{301}e\x{301}e\x{301} e\x{301}e\x{301}e\x{301}e\x{301}e\x{301}e\x{301}e\x{301}e\x{301}e\x{301}e\x{301}e\x{301}e\x{301}e\x{301}e\x{301}e\x{301}e\x{301}e\x{301}e\x{301}e\x{301}e\x{301}e\x{301}e\x{301}"
          text run at (1055,3990) width 1: " "
          text run at (0,4005) width 1056: "e\x{301}e\x{301}e\x{301}e\x{301}e\x{301}e\x{301}e\x{301}e\x{301}e\x{301}e\x{301}e\x{301}e\x{301}e\x{301}e\x{301}e\x{301}e\x{301}e\x{301}e\x{301}e\x{301}e\x{301}e\x{301}e\x{301}e\x{301}e\x{301}e\x{301}e\x{301}e\x{301}e\x{301}e\x{301}e\x{301}e\x{301}e\x{301} e\x{301} e\x{301}e\x{301}e\x{301}e\x{301}e\x{301}e\x{301}e\x{301}e\x{301}e\x{301}e\x{301}e\x{301}e\x{301}e\x{301}e\x{301}e\x{301}e\x{301}e\x{301}e\x{301}e\x{301}e\x{301}e\x{301}e\x{301}e\x{301}e\x{301}e\x{301}e\x{301}e\x{301}e\x{301}e\x{301}e\x{301}e\x{301}e\x{301}e\x{301}e\x{301}e\x{301}e\x{301}e\x{301}e\x{301}e\x{301}e\x{301}e\x{301}e\x{301}e\x{301} e\x{301}e\x{301}e\x{301}e\x{301}e\x{301}e\x{301}e\x{301}e\x{301}e\x{301}e\x{301}e\x{301}e\x{301}e\x{301}e\x{301}e\x{301}e\x{301}e\x{301}e\x{301}e\x{301}e\x{301}e\x{301}e\x{301}e\x{301}e\x{301}e\x{301}e\x{301}e\x{301}e\x{301}e\x{301}e\x{301} e\x{301}e\x{301}e\x{301}e\x{301}e\x{301}e\x{301}e\x{301}e\x{301}e\x{301}e\x{301}e\x{301}e\x{301}e\x{301}e\x{301}e\x{301}e\x{301}e\x{301}e\x{301}e\x{301}e\x{301}e\x{301}e\x{301}"
          text run at (1055,4005) width 1: " "
          text run at (0,4020) width 1056: "e\x{301}e\x{301}e\x{301}e\x{301}e\x{301}e\x{301}e\x{301}e\x{301}e\x{301}e\x{301}e\x{301}e\x{301}e\x{301}e\x{301}e\x{301}e\x{301}e\x{301}e\x{301}e\x{301}e\x{301}e\x{301}e\x{301}e\x{301}e\x{301}e\x{301}e\x{301}e\x{301}e\x{301}e\x{301}e\x{301}e\x{301}e\x{301} e\x{301} e\x{301}e\x{301}e\x{301}e\x{301}e\x{301}e\x{301}e\x{301}e\x{301}e\x{301}e\x{301}e\x{301}e\x{301}e\x{301}e\x{301}e\x{301}e\x{301}e\x{301}e\x{301}e\x{301}e\x{301}e\x{301}e\x{301}e\x{301}e\x{301}e\x{301}e\x{301}e\x{301}e\x{301}e\x{301}e\x{301}e\x{301}e\x{301}e\x{301}e\x{301}e\x{301}e\x{301}e\x{301}e\x{301}e\x{301}e\x{301}e\x{301}e\x{301}e\x{301} e\x{301}e\x{301}e\x{301}e\x{301}e\x{301}e\x{301}e\x{301}e\x{301}e\x{301}e\x{301}e\x{301}e\x{301}e\x{301}e\x{301}e\x{301}e\x{301}e\x{301}e\x{301}e\x{301}e\x{301}e\x{301}e\x{301}e\x{301}e\x{301}e\x{301}e\x{301}e\x{301}e\x{301}e\x{301}e\x{301} e\x{301}e\x{301}e\x{301}e\x{301}e\x{301}e\x{301}e\x{301}e\x{301}e\x{301}e\x{301}e\x{301}e\x{301}e\x{301}e\x{301}e\x{301}e\x{301}e\x{301}e\x{301}e\x{301}e\x{301}e\x{301}e\x{301}"
          text run at (1055,4020) width 1: " "
          text run at (0,4035) width 1056: "e\x{301}e\x{301}e\x{301}e\x{301}e\x{301}e\x{301}e\x{301}e\x{301}e\x{301}e\x{301}e\x{301}e\x{301}e\x{301}e\x{301}e\x{301}e\x{301}e\x{301}e\x{301}e\x{301}e\x{301}e\x{301}e\x{301}e\x{301}e\x{301}e\x{301}e\x{301}e\x{301}e\x{301}e\x{301}e\x{301}e\x{301}e\x{301} e\x{301} e\x{301}e\x{301}e\x{301}e\x{301}e\x{301}e\x{301}e\x{301}e\x{301}e\x{301}e\x{301}e\x{301}e\x{301}e\x{301}e\x{301}e\x{301}e\x{301}e\x{301}e\x{301}e\x{301}e\x{301}e\x{301}e\x{301}e\x{301}e\x{301}e\x{301}e\x{301}e\x{301}e\x{301}e\x{301}e\x{301}e\x{301}e\x{301}e\x{301}e\x{301}e\x{301}e\x{301}e\x{301}e\x{301}e\x{301}e\x{301}e\x{301}e\x{301}e\x{301} e\x{301}e\x{301}e\x{301}e\x{301}e\x{301}e\x{301}e\x{301}e\x{301}e\x{301}e\x{301}e\x{301}e\x{301}e\x{301}e\x{301}e\x{301}e\x{301}e\x{301}e\x{301}e\x{301}e\x{301}e\x{301}e\x{301}e\x{301}e\x{301}e\x{301}e\x{301}e\x{301}e\x{301}e\x{301}e\x{301} e\x{301}e\x{301}e\x{301}e\x{301}e\x{301}e\x{301}e\x{301}e\x{301}e\x{301}e\x{301}e\x{301}e\x{301}e\x{301}e\x{301}e\x{301}e\x{301}e\x{301}e\x{301}e\x{301}e\x{301}e\x{301}e\x{301}"
          text run at (1055,4035) width 1: " "
          text run at (0,4050) width 1056: "e\x{301}e\x{301}e\x{301}e\x{301}e\x{301}e\x{301}e\x{301}e\x{301}e\x{301}e\x{301}e\x{301}e\x{301}e\x{301}e\x{301}e\x{301}e\x{301}e\x{301}e\x{301}e\x{301}e\x{301}e\x{301}e\x{301}e\x{301}e\x{301}e\x{301}e\x{301}e\x{301}e\x{301}e\x{301}e\x{301}e\x{301}e\x{301} e\x{301} e\x{301}e\x{301}e\x{301}e\x{301}e\x{301}e\x{301}e\x{301}e\x{301}e\x{301}e\x{301}e\x{301}e\x{301}e\x{301}e\x{301}e\x{301}e\x{301}e\x{301}e\x{301}e\x{301}e\x{301}e\x{301}e\x{301}e\x{301}e\x{301}e\x{301}e\x{301}e\x{301}e\x{301}e\x{301}e\x{301}e\x{301}e\x{301}e\x{301}e\x{301}e\x{301}e\x{301}e\x{301}e\x{301}e\x{301}e\x{301}e\x{301}e\x{301}e\x{301} e\x{301}e\x{301}e\x{301}e\x{301}e\x{301}e\x{301}e\x{301}e\x{301}e\x{301}e\x{301}e\x{301}e\x{301}e\x{301}e\x{301}e\x{301}e\x{301}e\x{301}e\x{301}e\x{301}e\x{301}e\x{301}e\x{301}e\x{301}e\x{301}e\x{301}e\x{301}e\x{301}e\x{301}e\x{301}e\x{301} e\x{301}e\x{301}e\x{301}e\x{301}e\x{301}e\x{301}e\x{301}e\x{301}e\x{301}e\x{301}e\x{301}e\x{301}e\x{301}e\x{301}e\x{301}e\x{301}e\x{301}e\x{301}e\x{301}e\x{301}e\x{301}e\x{301}"
          text run at (1055,4050) width 1: " "
          text run at (0,4065) width 1056: "e\x{301}e\x{301}e\x{301}e\x{301}e\x{301}e\x{301}e\x{301}e\x{301}e\x{301}e\x{301}e\x{301}e\x{301}e\x{301}e\x{301}e\x{301}e\x{301}e\x{301}e\x{301}e\x{301}e\x{301}e\x{301}e\x{301}e\x{301}e\x{301}e\x{301}e\x{301}e\x{301}e\x{301}e\x{301}e\x{301}e\x{301}e\x{301} e\x{301} e\x{301}e\x{301}e\x{301}e\x{301}e\x{301}e\x{301}e\x{301}e\x{301}e\x{301}e\x{301}e\x{301}e\x{301}e\x{301}e\x{301}e\x{301}e\x{301}e\x{301}e\x{301}e\x{301}e\x{301}e\x{301}e\x{301}e\x{301}e\x{301}e\x{301}e\x{301}e\x{301}e\x{301}e\x{301}e\x{301}e\x{301}e\x{301}e\x{301}e\x{301}e\x{301}e\x{301}e\x{301}e\x{301}e\x{301}e\x{301}e\x{301}e\x{301}e\x{301} e\x{301}e\x{301}e\x{301}e\x{301}e\x{301}e\x{301}e\x{301}e\x{301}e\x{301}e\x{301}e\x{301}e\x{301}e\x{301}e\x{301}e\x{301}e\x{301}e\x{301}e\x{301}e\x{301}e\x{301}e\x{301}e\x{301}e\x{301}e\x{301}e\x{301}e\x{301}e\x{301}e\x{301}e\x{301}e\x{301} e\x{301}e\x{301}e\x{301}e\x{301}e\x{301}e\x{301}e\x{301}e\x{301}e\x{301}e\x{301}e\x{301}e\x{301}e\x{301}e\x{301}e\x{301}e\x{301}e\x{301}e\x{301}e\x{301}e\x{301}e\x{301}e\x{301}"
          text run at (1055,4065) width 1: " "
          text run at (0,4080) width 1056: "e\x{301}e\x{301}e\x{301}e\x{301}e\x{301}e\x{301}e\x{301}e\x{301}e\x{301}e\x{301}e\x{301}e\x{301}e\x{301}e\x{301}e\x{301}e\x{301}e\x{301}e\x{301}e\x{301}e\x{301}e\x{301}e\x{301}e\x{301}e\x{301}e\x{301}e\x{301}e\x{301}e\x{301}e\x{301}e\x{301}e\x{301}e\x{301} e\x{301} e\x{301}e\x{301}e\x{301}e\x{301}e\x{301}e\x{301}e\x{301}e\x{301}e\x{301}e\x{301}e\x{301}e\x{301}e\x{301}e\x{301}e\x{301}e\x{301}e\x{301}e\x{301}e\x{301}e\x{301}e\x{301}e\x{301}e\x{301}e\x{301}e\x{301}e\x{301}e\x{301}e\x{301}e\x{301}e\x{301}e\x{301}e\x{301}e\x{301}e\x{301}e\x{301}e\x{301}e\x{301}e\x{301}e\x{301}e\x{301}e\x{301}e\x{301}e\x{301} e\x{301}e\x{301}e\x{301}e\x{301}e\x{301}e\x{301}e\x{301}e\x{301}e\x{301}e\x{301}e\x{301}e\x{301}e\x{301}e\x{301}e\x{301}e\x{301}e\x{301}e\x{301}e\x{301}e\x{301}e\x{301}e\x{301}e\x{301}e\x{301}e\x{301}e\x{301}e\x{301}e\x{301}e\x{301}e\x{301} e\x{301}e\x{301}e\x{301}e\x{301}e\x{301}e\x{301}e\x{301}e\x{301}e\x{301}e\x{301}e\x{301}e\x{301}e\x{301}e\x{301}e\x{301}e\x{301}e\x{301}e\x{301}e\x{301}e\x{301}e\x{301}e\x{301}"
          text run at (1055,4080) width 1: " "
          text run at (0,4095) width 1056: "e\x{301}e\x{301}e\x{301}e\x{301}e\x{301}e\x{301}e\x{301}e\x{301}e\x{301}e\x{301}e\x{301}e\x{301}e\x{301}e\x{301}e\x{301}e\x{301}e\x{301}e\x{301}e\x{301}e\x{301}e\x{301}e\x{301}e\x{301}e\x{301}e\x{301}e\x{301}e\x{301}e\x{301}e\x{301}e\x{301}e\x{301}e\x{301} e\x{301} e\x{301}e\x{301}e\x{301}e\x{301}e\x{301}e\x{301}e\x{301}e\x{301}e\x{301}e\x{301}e\x{301}e\x{301}e\x{301}e\x{301}e\x{301}e\x{301}e\x{301}e\x{301}e\x{301}e\x{301}e\x{301}e\x{301}e\x{301}e\x{301}e\x{301}e\x{301}e\x{301}e\x{301}e\x{301}e\x{301}e\x{301}e\x{301}e\x{301}e\x{301}e\x{301}e\x{301}e\x{301}e\x{301}e\x{301}e\x{301}e\x{301}e\x{301}e\x{301} e\x{301}e\x{301}e\x{301}e\x{301}e\x{301}e\x{301}e\x{301}e\x{301}e\x{301}e\x{301}e\x{301}e\x{301}e\x{301}e\x{301}e\x{301}e\x{301}e\x{301}e\x{301}e\x{301}e\x{301}e\x{301}e\x{301}e\x{301}e\x{301}e\x{301}e\x{301}e\x{301}e\x{301}e\x{301}e\x{301} e\x{301}e\x{301}e\x{301}e\x{301}e\x{301}e\x{301}e\x{301}e\x{301}e\x{301}e\x{301}e\x{301}e\x{301}e\x{301}e\x{301}e\x{301}e\x{301}e\x{301}e\x{301}e\x{301}e\x{301}e\x{301}e\x{301}"
          text run at (1055,4095) width 1: " "
          text run at (0,4110) width 1056: "e\x{301}e\x{301}e\x{301}e\x{301}e\x{301}e\x{301}e\x{301}e\x{301}e\x{301}e\x{301}e\x{301}e\x{301}e\x{301}e\x{301}e\x{301}e\x{301}e\x{301}e\x{301}e\x{301}e\x{301}e\x{301}e\x{301}e\x{301}e\x{301}e\x{301}e\x{301}e\x{301}e\x{301}e\x{301}e\x{301}e\x{301}e\x{301} e\x{301} e\x{301}e\x{301}e\x{301}e\x{301}e\x{301}e\x{301}e\x{301}e\x{301}e\x{301}e\x{301}e\x{301}e\x{301}e\x{301}e\x{301}e\x{301}e\x{301}e\x{301}e\x{301}e\x{301}e\x{301}e\x{301}e\x{301}e\x{301}e\x{301}e\x{301}e\x{301}e\x{301}e\x{301}e\x{301}e\x{301}e\x{301}e\x{301}e\x{301}e\x{301}e\x{301}e\x{301}e\x{301}e\x{301}e\x{301}e\x{301}e\x{301}e\x{301}e\x{301} e\x{301}e\x{301}e\x{301}e\x{301}e\x{301}e\x{301}e\x{301}e\x{301}e\x{301}e\x{301}e\x{301}e\x{301}e\x{301}e\x{301}e\x{301}e\x{301}e\x{301}e\x{301}e\x{301}e\x{301}e\x{301}e\x{301}e\x{301}e\x{301}e\x{301}e\x{301}e\x{301}e\x{301}e\x{301}e\x{301} e\x{301}e\x{301}e\x{301}e\x{301}e\x{301}e\x{301}e\x{301}e\x{301}e\x{301}e\x{301}e\x{301}e\x{301}e\x{301}e\x{301}e\x{301}e\x{301}e\x{301}e\x{301}e\x{301}e\x{301}e\x{301}e\x{301}"
          text run at (1055,4110) width 1: " "
          text run at (0,4125) width 1056: "e\x{301}e\x{301}e\x{301}e\x{301}e\x{301}e\x{301}e\x{301}e\x{301}e\x{301}e\x{301}e\x{301}e\x{301}e\x{301}e\x{301}e\x{301}e\x{301}e\x{301}e\x{301}e\x{301}e\x{301}e\x{301}e\x{301}e\x{301}e\x{301}e\x{301}e\x{301}e\x{301}e\x{301}e\x{301}e\x{301}e\x{301}e\x{301} e\x{301} e\x{301}e\x{301}e\x{301}e\x{301}e\x{301}e\x{301}e\x{301}e\x{301}e\x{301}e\x{301}e\x{301}e\x{301}e\x{301}e\x{301}e\x{301}e\x{301}e\x{301}e\x{301}e\x{301}e\x{301}e\x{301}e\x{301}e\x{301}e\x{301}e\x{301}e\x{301}e\x{301}e\x{301}e\x{301}e\x{301}e\x{301}e\x{301}e\x{301}e\x{301}e\x{301}e\x{301}e\x{301}e\x{301}e\x{301}e\x{301}e\x{301}e\x{301}e\x{301} e\x{301}e\x{301}e\x{301}e\x{301}e\x{301}e\x{301}e\x{301}e\x{301}e\x{301}e\x{301}e\x{301}e\x{301}e\x{301}e\x{301}e\x{301}e\x{301}e\x{301}e\x{301}e\x{301}e\x{301}e\x{301}e\x{301}e\x{301}e\x{301}e\x{301}e\x{301}e\x{301}e\x{301}e\x{301}e\x{301} e\x{301}e\x{301}e\x{301}e\x{301}e\x{301}e\x{301}e\x{301}e\x{301}e\x{301}e\x{301}e\x{301}e\x{301}e\x{301}e\x{301}e\x{301}e\x{301}e\x{301}e\x{301}e\x{301}e\x{301}e\x{301}e\x{301}"
          text run at (1055,4125) width 1: " "
          text run at (0,4140) width 1056: "e\x{301}e\x{301}e\x{301}e\x{301}e\x{301}e\x{301}e\x{301}e\x{301}e\x{301}e\x{301}e\x{301}e\x{301}e\x{301}e\x{301}e\x{301}e\x{301}e\x{301}e\x{301}e\x{301}e\x{301}e\x{301}e\x{301}e\x{301}e\x{301}e\x{301}e\x{301}e\x{301}e\x{301}e\x{301}e\x{301}e\x{301}e\x{301} e\x{301} e\x{301}e\x{301}e\x{301}e\x{301}e\x{301}e\x{301}e\x{301}e\x{301}e\x{301}e\x{301}e\x{301}e\x{301}e\x{301}e\x{301}e\x{301}e\x{301}e\x{301}e\x{301}e\x{301}e\x{301}e\x{301}e\x{301}e\x{301}e\x{301}e\x{301}e\x{301}e\x{301}e\x{301}e\x{301}e\x{301}e\x{301}e\x{301}e\x{301}e\x{301}e\x{301}e\x{301}e\x{301}e\x{301}e\x{301}e\x{301}e\x{301}e\x{301}e\x{301} e\x{301}e\x{301}e\x{301}e\x{301}e\x{301}e\x{301}e\x{301}e\x{301}e\x{301}e\x{301}e\x{301}e\x{301}e\x{301}e\x{301}e\x{301}e\x{301}e\x{301}e\x{301}e\x{301}e\x{301}e\x{301}e\x{301}e\x{301}e\x{301}e\x{301}e\x{301}e\x{301}e\x{301}e\x{301}e\x{301} e\x{301}e\x{301}e\x{301}e\x{301}e\x{301}e\x{301}e\x{301}e\x{301}e\x{301}e\x{301}e\x{301}e\x{301}e\x{301}e\x{301}e\x{301}e\x{301}e\x{301}e\x{301}e\x{301}e\x{301}e\x{301}e\x{301}"
          text run at (1055,4140) width 1: " "
          text run at (0,4155) width 1056: "e\x{301}e\x{301}e\x{301}e\x{301}e\x{301}e\x{301}e\x{301}e\x{301}e\x{301}e\x{301}e\x{301}e\x{301}e\x{301}e\x{301}e\x{301}e\x{301}e\x{301}e\x{301}e\x{301}e\x{301}e\x{301}e\x{301}e\x{301}e\x{301}e\x{301}e\x{301}e\x{301}e\x{301}e\x{301}e\x{301}e\x{301}e\x{301} e\x{301} e\x{301}e\x{301}e\x{301}e\x{301}e\x{301}e\x{301}e\x{301}e\x{301}e\x{301}e\x{301}e\x{301}e\x{301}e\x{301}e\x{301}e\x{301}e\x{301}e\x{301}e\x{301}e\x{301}e\x{301}e\x{301}e\x{301}e\x{301}e\x{301}e\x{301}e\x{301}e\x{301}e\x{301}e\x{301}e\x{301}e\x{301}e\x{301}e\x{301}e\x{301}e\x{301}e\x{301}e\x{301}e\x{301}e\x{301}e\x{301}e\x{301}e\x{301}e\x{301} e\x{301}e\x{301}e\x{301}e\x{301}e\x{301}e\x{301}e\x{301}e\x{301}e\x{301}e\x{301}e\x{301}e\x{301}e\x{301}e\x{301}e\x{301}e\x{301}e\x{301}e\x{301}e\x{301}e\x{301}e\x{301}e\x{301}e\x{301}e\x{301}e\x{301}e\x{301}e\x{301}e\x{301}e\x{301}e\x{301} e\x{301}e\x{301}e\x{301}e\x{301}e\x{301}e\x{301}e\x{301}e\x{301}e\x{301}e\x{301}e\x{301}e\x{301}e\x{301}e\x{301}e\x{301}e\x{301}e\x{301}e\x{301}e\x{301}e\x{301}e\x{301}e\x{301}"
          text run at (1055,4155) width 1: " "
          text run at (0,4170) width 1056: "e\x{301}e\x{301}e\x{301}e\x{301}e\x{301}e\x{301}e\x{301}e\x{301}e\x{301}e\x{301}e\x{301}e\x{301}e\x{301}e\x{301}e\x{301}e\x{301}e\x{301}e\x{301}e\x{301}e\x{301}e\x{301}e\x{301}e\x{301}e\x{301}e\x{301}e\x{301}e\x{301}e\x{301}e\x{301}e\x{301}e\x{301}e\x{301} e\x{301} e\x{301}e\x{301}e\x{301}e\x{301}e\x{301}e\x{301}e\x{301}e\x{301}e\x{301}e\x{301}e\x{301}e\x{301}e\x{301}e\x{301}e\x{301}e\x{301}e\x{301}e\x{301}e\x{301}e\x{301}e\x{301}e\x{301}e\x{301}e\x{301}e\x{301}e\x{301}e\x{301}e\x{301}e\x{301}e\x{301}e\x{301}e\x{301}e\x{301}e\x{301}e\x{301}e\x{301}e\x{301}e\x{301}e\x{301}e\x{301}e\x{301}e\x{301}e\x{301} e\x{301}e\x{301}e\x{301}e\x{301}e\x{301}e\x{301}e\x{301}e\x{301}e\x{301}e\x{301}e\x{301}e\x{301}e\x{301}e\x{301}e\x{301}e\x{301}e\x{301}e\x{301}e\x{301}e\x{301}e\x{301}e\x{301}e\x{301}e\x{301}e\x{301}e\x{301}e\x{301}e\x{301}e\x{301}e\x{301} e\x{301}e\x{301}e\x{301}e\x{301}e\x{301}e\x{301}e\x{301}e\x{301}e\x{301}e\x{301}e\x{301}e\x{301}e\x{301}e\x{301}e\x{301}e\x{301}e\x{301}e\x{301}e\x{301}e\x{301}e\x{301}e\x{301}"
          text run at (1055,4170) width 1: " "
          text run at (0,4185) width 1056: "e\x{301}e\x{301}e\x{301}e\x{301}e\x{301}e\x{301}e\x{301}e\x{301}e\x{301}e\x{301}e\x{301}e\x{301}e\x{301}e\x{301}e\x{301}e\x{301}e\x{301}e\x{301}e\x{301}e\x{301}e\x{301}e\x{301}e\x{301}e\x{301}e\x{301}e\x{301}e\x{301}e\x{301}e\x{301}e\x{301}e\x{301}e\x{301} e\x{301} e\x{301}e\x{301}e\x{301}e\x{301}e\x{301}e\x{301}e\x{301}e\x{301}e\x{301}e\x{301}e\x{301}e\x{301}e\x{301}e\x{301}e\x{301}e\x{301}e\x{301}e\x{301}e\x{301}e\x{301}e\x{301}e\x{301}e\x{301}e\x{301}e\x{301}e\x{301}e\x{301}e\x{301}e\x{301}e\x{301}e\x{301}e\x{301}e\x{301}e\x{301}e\x{301}e\x{301}e\x{301}e\x{301}e\x{301}e\x{301}e\x{301}e\x{301}e\x{301} e\x{301}e\x{301}e\x{301}e\x{301}e\x{301}e\x{301}e\x{301}e\x{301}e\x{301}e\x{301}e\x{301}e\x{301}e\x{301}e\x{301}e\x{301}e\x{301}e\x{301}e\x{301}e\x{301}e\x{301}e\x{301}e\x{301}e\x{301}e\x{301}e\x{301}e\x{301}e\x{301}e\x{301}e\x{301}e\x{301} e\x{301}e\x{301}e\x{301}e\x{301}e\x{301}e\x{301}e\x{301}e\x{301}e\x{301}e\x{301}e\x{301}e\x{301}e\x{301}e\x{301}e\x{301}e\x{301}e\x{301}e\x{301}e\x{301}e\x{301}e\x{301}e\x{301}"
          text run at (1055,4185) width 1: " "
          text run at (0,4200) width 1056: "e\x{301}e\x{301}e\x{301}e\x{301}e\x{301}e\x{301}e\x{301}e\x{301}e\x{301}e\x{301}e\x{301}e\x{301}e\x{301}e\x{301}e\x{301}e\x{301}e\x{301}e\x{301}e\x{301}e\x{301}e\x{301}e\x{301}e\x{301}e\x{301}e\x{301}e\x{301}e\x{301}e\x{301}e\x{301}e\x{301}e\x{301}e\x{301} e\x{301} e\x{301}e\x{301}e\x{301}e\x{301}e\x{301}e\x{301}e\x{301}e\x{301}e\x{301}e\x{301}e\x{301}e\x{301}e\x{301}e\x{301}e\x{301}e\x{301}e\x{301}e\x{301}e\x{301}e\x{301}e\x{301}e\x{301}e\x{301}e\x{301}e\x{301}e\x{301}e\x{301}e\x{301}e\x{301}e\x{301}e\x{301}e\x{301}e\x{301}e\x{301}e\x{301}e\x{301}e\x{301}e\x{301}e\x{301}e\x{301}e\x{301}e\x{301}e\x{301} e\x{301}e\x{301}e\x{301}e\x{301}e\x{301}e\x{301}e\x{301}e\x{301}e\x{301}e\x{301}e\x{301}e\x{301}e\x{301}e\x{301}e\x{301}e\x{301}e\x{301}e\x{301}e\x{301}e\x{301}e\x{301}e\x{301}e\x{301}e\x{301}e\x{301}e\x{301}e\x{301}e\x{301}e\x{301}e\x{301} e\x{301}e\x{301}e\x{301}e\x{301}e\x{301}e\x{301}e\x{301}e\x{301}e\x{301}e\x{301}e\x{301}e\x{301}e\x{301}e\x{301}e\x{301}e\x{301}e\x{301}e\x{301}e\x{301}e\x{301}e\x{301}e\x{301}"
          text run at (1055,4200) width 1: " "
          text run at (0,4215) width 1056: "e\x{301}e\x{301}e\x{301}e\x{301}e\x{301}e\x{301}e\x{301}e\x{301}e\x{301}e\x{301}e\x{301}e\x{301}e\x{301}e\x{301}e\x{301}e\x{301}e\x{301}e\x{301}e\x{301}e\x{301}e\x{301}e\x{301}e\x{301}e\x{301}e\x{301}e\x{301}e\x{301}e\x{301}e\x{301}e\x{301}e\x{301}e\x{301} e\x{301} e\x{301}e\x{301}e\x{301}e\x{301}e\x{301}e\x{301}e\x{301}e\x{301}e\x{301}e\x{301}e\x{301}e\x{301}e\x{301}e\x{301}e\x{301}e\x{301}e\x{301}e\x{301}e\x{301}e\x{301}e\x{301}e\x{301}e\x{301}e\x{301}e\x{301}e\x{301}e\x{301}e\x{301}e\x{301}e\x{301}e\x{301}e\x{301}e\x{301}e\x{301}e\x{301}e\x{301}e\x{301}e\x{301}e\x{301}e\x{301}e\x{301}e\x{301}e\x{301} e\x{301}e\x{301}e\x{301}e\x{301}e\x{301}e\x{301}e\x{301}e\x{301}e\x{301}e\x{301}e\x{301}e\x{301}e\x{301}e\x{301}e\x{301}e\x{301}e\x{301}e\x{301}e\x{301}e\x{301}e\x{301}e\x{301}e\x{301}e\x{301}e\x{301}e\x{301}e\x{301}e\x{301}e\x{301}e\x{301} e\x{301}e\x{301}e\x{301}e\x{301}e\x{301}e\x{301}e\x{301}e\x{301}e\x{301}e\x{301}e\x{301}e\x{301}e\x{301}e\x{301}e\x{301}e\x{301}e\x{301}e\x{301}e\x{301}e\x{301}e\x{301}e\x{301}"
          text run at (1055,4215) width 1: " "
          text run at (0,4230) width 1056: "e\x{301}e\x{301}e\x{301}e\x{301}e\x{301}e\x{301}e\x{301}e\x{301}e\x{301}e\x{301}e\x{301}e\x{301}e\x{301}e\x{301}e\x{301}e\x{301}e\x{301}e\x{301}e\x{301}e\x{301}e\x{301}e\x{301}e\x{301}e\x{301}e\x{301}e\x{301}e\x{301}e\x{301}e\x{301}e\x{301}e\x{301}e\x{301} e\x{301} e\x{301}e\x{301}e\x{301}e\x{301}e\x{301}e\x{301}e\x{301}e\x{301}e\x{301}e\x{301}e\x{301}e\x{301}e\x{301}e\x{301}e\x{301}e\x{301}e\x{301}e\x{301}e\x{301}e\x{301}e\x{301}e\x{301}e\x{301}e\x{301}e\x{301}e\x{301}e\x{301}e\x{301}e\x{301}e\x{301}e\x{301}e\x{301}e\x{301}e\x{301}e\x{301}e\x{301}e\x{301}e\x{301}e\x{301}e\x{301}e\x{301}e\x{301}e\x{301} e\x{301}e\x{301}e\x{301}e\x{301}e\x{301}e\x{301}e\x{301}e\x{301}e\x{301}e\x{301}e\x{301}e\x{301}e\x{301}e\x{301}e\x{301}e\x{301}e\x{301}e\x{301}e\x{301}e\x{301}e\x{301}e\x{301}e\x{301}e\x{301}e\x{301}e\x{301}e\x{301}e\x{301}e\x{301}e\x{301} e\x{301}e\x{301}e\x{301}e\x{301}e\x{301}e\x{301}e\x{301}e\x{301}e\x{301}e\x{301}e\x{301}e\x{301}e\x{301}e\x{301}e\x{301}e\x{301}e\x{301}e\x{301}e\x{301}e\x{301}e\x{301}e\x{301}"
          text run at (1055,4230) width 1: " "
          text run at (0,4245) width 1056: "e\x{301}e\x{301}e\x{301}e\x{301}e\x{301}e\x{301}e\x{301}e\x{301}e\x{301}e\x{301}e\x{301}e\x{301}e\x{301}e\x{301}e\x{301}e\x{301}e\x{301}e\x{301}e\x{301}e\x{301}e\x{301}e\x{301}e\x{301}e\x{301}e\x{301}e\x{301}e\x{301}e\x{301}e\x{301}e\x{301}e\x{301}e\x{301} e\x{301} e\x{301}e\x{301}e\x{301}e\x{301}e\x{301}e\x{301}e\x{301}e\x{301}e\x{301}e\x{301}e\x{301}e\x{301}e\x{301}e\x{301}e\x{301}e\x{301}e\x{301}e\x{301}e\x{301}e\x{301}e\x{301}e\x{301}e\x{301}e\x{301}e\x{301}e\x{301}e\x{301}e\x{301}e\x{301}e\x{301}e\x{301}e\x{301}e\x{301}e\x{301}e\x{301}e\x{301}e\x{301}e\x{301}e\x{301}e\x{301}e\x{301}e\x{301}e\x{301} e\x{301}e\x{301}e\x{301}e\x{301}e\x{301}e\x{301}e\x{301}e\x{301}e\x{301}e\x{301}e\x{301}e\x{301}e\x{301}e\x{301}e\x{301}e\x{301}e\x{301}e\x{301}e\x{301}e\x{301}e\x{301}e\x{301}e\x{301}e\x{301}e\x{301}e\x{301}e\x{301}e\x{301}e\x{301}e\x{301} e\x{301}e\x{301}e\x{301}e\x{301}e\x{301}e\x{301}e\x{301}e\x{301}e\x{301}e\x{301}e\x{301}e\x{301}e\x{301}e\x{301}e\x{301}e\x{301}e\x{301}e\x{301}e\x{301}e\x{301}e\x{301}e\x{301}"
          text run at (1055,4245) width 1: " "
          text run at (0,4260) width 1056: "e\x{301}e\x{301}e\x{301}e\x{301}e\x{301}e\x{301}e\x{301}e\x{301}e\x{301}e\x{301}e\x{301}e\x{301}e\x{301}e\x{301}e\x{301}e\x{301}e\x{301}e\x{301}e\x{301}e\x{301}e\x{301}e\x{301}e\x{301}e\x{301}e\x{301}e\x{301}e\x{301}e\x{301}e\x{301}e\x{301}e\x{301}e\x{301} e\x{301} e\x{301}e\x{301}e\x{301}e\x{301}e\x{301}e\x{301}e\x{301}e\x{301}e\x{301}e\x{301}e\x{301}e\x{301}e\x{301}e\x{301}e\x{301}e\x{301}e\x{301}e\x{301}e\x{301}e\x{301}e\x{301}e\x{301}e\x{301}e\x{301}e\x{301}e\x{301}e\x{301}e\x{301}e\x{301}e\x{301}e\x{301}e\x{301}e\x{301}e\x{301}e\x{301}e\x{301}e\x{301}e\x{301}e\x{301}e\x{301}e\x{301}e\x{301}e\x{301} e\x{301}e\x{301}e\x{301}e\x{301}e\x{301}e\x{301}e\x{301}e\x{301}e\x{301}e\x{301}e\x{301}e\x{301}e\x{301}e\x{301}e\x{301}e\x{301}e\x{301}e\x{301}e\x{301}e\x{301}e\x{301}e\x{301}e\x{301}e\x{301}e\x{301}e\x{301}e\x{301}e\x{301}e\x{301}e\x{301} e\x{301}e\x{301}e\x{301}e\x{301}e\x{301}e\x{301}e\x{301}e\x{301}e\x{301}e\x{301}e\x{301}e\x{301}e\x{301}e\x{301}e\x{301}e\x{301}e\x{301}e\x{301}e\x{301}e\x{301}e\x{301}e\x{301}"
          text run at (1055,4260) width 1: " "
          text run at (0,4275) width 1056: "e\x{301}e\x{301}e\x{301}e\x{301}e\x{301}e\x{301}e\x{301}e\x{301}e\x{301}e\x{301}e\x{301}e\x{301}e\x{301}e\x{301}e\x{301}e\x{301}e\x{301}e\x{301}e\x{301}e\x{301}e\x{301}e\x{301}e\x{301}e\x{301}e\x{301}e\x{301}e\x{301}e\x{301}e\x{301}e\x{301}e\x{301}e\x{301} e\x{301} e\x{301}e\x{301}e\x{301}e\x{301}e\x{301}e\x{301}e\x{301}e\x{301}e\x{301}e\x{301}e\x{301}e\x{301}e\x{301}e\x{301}e\x{301}e\x{301}e\x{301}e\x{301}e\x{301}e\x{301}e\x{301}e\x{301}e\x{301}e\x{301}e\x{301}e\x{301}e\x{301}e\x{301}e\x{301}e\x{301}e\x{301}e\x{301}e\x{301}e\x{301}e\x{301}e\x{301}e\x{301}e\x{301}e\x{301}e\x{301}e\x{301}e\x{301}e\x{301} e\x{301}e\x{301}e\x{301}e\x{301}e\x{301}e\x{301}e\x{301}e\x{301}e\x{301}e\x{301}e\x{301}e\x{301}e\x{301}e\x{301}e\x{301}e\x{301}e\x{301}e\x{301}e\x{301}e\x{301}e\x{301}e\x{301}e\x{301}e\x{301}e\x{301}e\x{301}e\x{301}e\x{301}e\x{301}e\x{301} e\x{301}e\x{301}e\x{301}e\x{301}e\x{301}e\x{301}e\x{301}e\x{301}e\x{301}e\x{301}e\x{301}e\x{301}e\x{301}e\x{301}e\x{301}e\x{301}e\x{301}e\x{301}e\x{301}e\x{301}e\x{301}e\x{301}"
          text run at (1055,4275) width 1: " "
          text run at (0,4290) width 1056: "e\x{301}e\x{301}e\x{301}e\x{301}e\x{301}e\x{301}e\x{301}e\x{301}e\x{301}e\x{301}e\x{301}e\x{301}e\x{301}e\x{301}e\x{301}e\x{301}e\x{301}e\x{301}e\x{301}e\x{301}e\x{301}e\x{301}e\x{301}e\x{301}e\x{301}e\x{301}e\x{301}e\x{301}e\x{301}e\x{301}e\x{301}e\x{301} e\x{301} e\x{301}e\x{301}e\x{301}e\x{301}e\x{301}e\x{301}e\x{301}e\x{301}e\x{301}e\x{301}e\x{301}e\x{301}e\x{301}e\x{301}e\x{301}e\x{301}e\x{301}e\x{301}e\x{301}e\x{301}e\x{301}e\x{301}e\x{301}e\x{301}e\x{301}e\x{301}e\x{301}e\x{301}e\x{301}e\x{301}e\x{301}e\x{301}e\x{301}e\x{301}e\x{301}e\x{301}e\x{301}e\x{301}e\x{301}e\x{301}e\x{301}e\x{301}e\x{301} e\x{301}e\x{301}e\x{301}e\x{301}e\x{301}e\x{301}e\x{301}e\x{301}e\x{301}e\x{301}e\x{301}e\x{301}e\x{301}e\x{301}e\x{301}e\x{301}e\x{301}e\x{301}e\x{301}e\x{301}e\x{301}e\x{301}e\x{301}e\x{301}e\x{301}e\x{301}e\x{301}e\x{301}e\x{301}e\x{301} e\x{301}e\x{301}e\x{301}e\x{301}e\x{301}e\x{301}e\x{301}e\x{301}e\x{301}e\x{301}e\x{301}e\x{301}e\x{301}e\x{301}e\x{301}e\x{301}e\x{301}e\x{301}e\x{301}e\x{301}e\x{301}e\x{301}"
          text run at (1055,4290) width 1: " "
          text run at (0,4305) width 1056: "e\x{301}e\x{301}e\x{301}e\x{301}e\x{301}e\x{301}e\x{301}e\x{301}e\x{301}e\x{301}e\x{301}e\x{301}e\x{301}e\x{301}e\x{301}e\x{301}e\x{301}e\x{301}e\x{301}e\x{301}e\x{301}e\x{301}e\x{301}e\x{301}e\x{301}e\x{301}e\x{301}e\x{301}e\x{301}e\x{301}e\x{301}e\x{301} e\x{301} e\x{301}e\x{301}e\x{301}e\x{301}e\x{301}e\x{301}e\x{301}e\x{301}e\x{301}e\x{301}e\x{301}e\x{301}e\x{301}e\x{301}e\x{301}e\x{301}e\x{301}e\x{301}e\x{301}e\x{301}e\x{301}e\x{301}e\x{301}e\x{301}e\x{301}e\x{301}e\x{301}e\x{301}e\x{301}e\x{301}e\x{301}e\x{301}e\x{301}e\x{301}e\x{301}e\x{301}e\x{301}e\x{301}e\x{301}e\x{301}e\x{301}e\x{301}e\x{301} e\x{301}e\x{301}e\x{301}e\x{301}e\x{301}e\x{301}e\x{301}e\x{301}e\x{301}e\x{301}e\x{301}e\x{301}e\x{301}e\x{301}e\x{301}e\x{301}e\x{301}e\x{301}e\x{301}e\x{301}e\x{301}e\x{301}e\x{301}e\x{301}e\x{301}e\x{301}e\x{301}e\x{301}e\x{301}e\x{301} e\x{301}e\x{301}e\x{301}e\x{301}e\x{301}e\x{301}e\x{301}e\x{301}e\x{301}e\x{301}e\x{301}e\x{301}e\x{301}e\x{301}e\x{301}e\x{301}e\x{301}e\x{301}e\x{301}e\x{301}e\x{301}e\x{301}"
          text run at (1055,4305) width 1: " "
          text run at (0,4320) width 1056: "e\x{301}e\x{301}e\x{301}e\x{301}e\x{301}e\x{301}e\x{301}e\x{301}e\x{301}e\x{301}e\x{301}e\x{301}e\x{301}e\x{301}e\x{301}e\x{301}e\x{301}e\x{301}e\x{301}e\x{301}e\x{301}e\x{301}e\x{301}e\x{301}e\x{301}e\x{301}e\x{301}e\x{301}e\x{301}e\x{301}e\x{301}e\x{301} e\x{301} e\x{301}e\x{301}e\x{301}e\x{301}e\x{301}e\x{301}e\x{301}e\x{301}e\x{301}e\x{301}e\x{301}e\x{301}e\x{301}e\x{301}e\x{301}e\x{301}e\x{301}e\x{301}e\x{301}e\x{301}e\x{301}e\x{301}e\x{301}e\x{301}e\x{301}e\x{301}e\x{301}e\x{301}e\x{301}e\x{301}e\x{301}e\x{301}e\x{301}e\x{301}e\x{301}e\x{301}e\x{301}e\x{301}e\x{301}e\x{301}e\x{301}e\x{301}e\x{301} e\x{301}e\x{301}e\x{301}e\x{301}e\x{301}e\x{301}e\x{301}e\x{301}e\x{301}e\x{301}e\x{301}e\x{301}e\x{301}e\x{301}e\x{301}e\x{301}e\x{301}e\x{301}e\x{301}e\x{301}e\x{301}e\x{301}e\x{301}e\x{301}e\x{301}e\x{301}e\x{301}e\x{301}e\x{301}e\x{301} e\x{301}e\x{301}e\x{301}e\x{301}e\x{301}e\x{301}e\x{301}e\x{301}e\x{301}e\x{301}e\x{301}e\x{301}e\x{301}e\x{301}e\x{301}e\x{301}e\x{301}e\x{301}e\x{301}e\x{301}e\x{301}e\x{301}"
          text run at (1055,4320) width 1: " "
          text run at (0,4335) width 1056: "e\x{301}e\x{301}e\x{301}e\x{301}e\x{301}e\x{301}e\x{301}e\x{301}e\x{301}e\x{301}e\x{301}e\x{301}e\x{301}e\x{301}e\x{301}e\x{301}e\x{301}e\x{301}e\x{301}e\x{301}e\x{301}e\x{301}e\x{301}e\x{301}e\x{301}e\x{301}e\x{301}e\x{301}e\x{301}e\x{301}e\x{301}e\x{301} e\x{301} e\x{301}e\x{301}e\x{301}e\x{301}e\x{301}e\x{301}e\x{301}e\x{301}e\x{301}e\x{301}e\x{301}e\x{301}e\x{301}e\x{301}e\x{301}e\x{301}e\x{301}e\x{301}e\x{301}e\x{301}e\x{301}e\x{301}e\x{301}e\x{301}e\x{301}e\x{301}e\x{301}e\x{301}e\x{301}e\x{301}e\x{301}e\x{301}e\x{301}e\x{301}e\x{301}e\x{301}e\x{301}e\x{301}e\x{301}e\x{301}e\x{301}e\x{301}e\x{301} e\x{301}e\x{301}e\x{301}e\x{301}e\x{301}e\x{301}e\x{301}e\x{301}e\x{301}e\x{301}e\x{301}e\x{301}e\x{301}e\x{301}e\x{301}e\x{301}e\x{301}e\x{301}e\x{301}e\x{301}e\x{301}e\x{301}e\x{301}e\x{301}e\x{301}e\x{301}e\x{301}e\x{301}e\x{301}e\x{301} e\x{301}e\x{301}e\x{301}e\x{301}e\x{301}e\x{301}e\x{301}e\x{301}e\x{301}e\x{301}e\x{301}e\x{301}e\x{301}e\x{301}e\x{301}e\x{301}e\x{301}e\x{301}e\x{301}e\x{301}e\x{301}e\x{301}"
          text run at (1055,4335) width 1: " "
          text run at (0,4350) width 1056: "e\x{301}e\x{301}e\x{301}e\x{301}e\x{301}e\x{301}e\x{301}e\x{301}e\x{301}e\x{301}e\x{301}e\x{301}e\x{301}e\x{301}e\x{301}e\x{301}e\x{301}e\x{301}e\x{301}e\x{301}e\x{301}e\x{301}e\x{301}e\x{301}e\x{301}e\x{301}e\x{301}e\x{301}e\x{301}e\x{301}e\x{301}e\x{301} e\x{301} e\x{301}e\x{301}e\x{301}e\x{301}e\x{301}e\x{301}e\x{301}e\x{301}e\x{301}e\x{301}e\x{301}e\x{301}e\x{301}e\x{301}e\x{301}e\x{301}e\x{301}e\x{301}e\x{301}e\x{301}e\x{301}e\x{301}e\x{301}e\x{301}e\x{301}e\x{301}e\x{301}e\x{301}e\x{301}e\x{301}e\x{301}e\x{301}e\x{301}e\x{301}e\x{301}e\x{301}e\x{301}e\x{301}e\x{301}e\x{301}e\x{301}e\x{301}e\x{301} e\x{301}e\x{301}e\x{301}e\x{301}e\x{301}e\x{301}e\x{301}e\x{301}e\x{301}e\x{301}e\x{301}e\x{301}e\x{301}e\x{301}e\x{301}e\x{301}e\x{301}e\x{301}e\x{301}e\x{301}e\x{301}e\x{301}e\x{301}e\x{301}e\x{301}e\x{301}e\x{301}e\x{301}e\x{301}e\x{301} e\x{301}e\x{301}e\x{301}e\x{301}e\x{301}e\x{301}e\x{301}e\x{301}e\x{301}e\x{301}e\x{301}e\x{301}e\x{301}e\x{301}e\x{301}e\x{301}e\x{301}e\x{301}e\x{301}e\x{301}e\x{301}e\x{301}"
          text run at (1055,4350) width 1: " "
          text run at (0,4365) width 1056: "e\x{301}e\x{301}e\x{301}e\x{301}e\x{301}e\x{301}e\x{301}e\x{301}e\x{301}e\x{301}e\x{301}e\x{301}e\x{301}e\x{301}e\x{301}e\x{301}e\x{301}e\x{301}e\x{301}e\x{301}e\x{301}e\x{301}e\x{301}e\x{301}e\x{301}e\x{301}e\x{301}e\x{301}e\x{301}e\x{301}e\x{301}e\x{301} e\x{301} e\x{301}e\x{301}e\x{301}e\x{301}e\x{301}e\x{301}e\x{301}e\x{301}e\x{301}e\x{301}e\x{301}e\x{301}e\x{301}e\x{301}e\x{301}e\x{301}e\x{301}e\x{301}e\x{301}e\x{301}e\x{301}e\x{301}e\x{301}e\x{301}e\x{301}e\x{301}e\x{301}e\x{301}e\x{301}e\x{301}e\x{301}e\x{301}e\x{301}e\x{301}e\x{301}e\x{301}e\x{301}e\x{301}e\x{301}e\x{301}e\x{301}e\x{301}e\x{301} e\x{301}e\x{301}e\x{301}e\x{301}e\x{301}e\x{301}e\x{301}e\x{301}e\x{301}e\x{301}e\x{301}e\x{301}e\x{301}e\x{301}e\x{301}e\x{301}e\x{301}e\x{301}e\x{301}e\x{301}e\x{301}e\x{301}e\x{301}e\x{301}e\x{301}e\x{301}e\x{301}e\x{301}e\x{301}e\x{301} e\x{301}e\x{301}e\x{301}e\x{301}e\x{301}e\x{301}e\x{301}e\x{301}e\x{301}e\x{301}e\x{301}e\x{301}e\x{301}e\x{301}e\x{301}e\x{301}e\x{301}e\x{301}e\x{301}e\x{301}e\x{301}e\x{301}"
          text run at (1055,4365) width 1: " "
          text run at (0,4380) width 1056: "e\x{301}e\x{301}e\x{301}e\x{301}e\x{301}e\x{301}e\x{301}e\x{301}e\x{301}e\x{301}e\x{301}e\x{301}e\x{301}e\x{301}e\x{301}e\x{301}e\x{301}e\x{301}e\x{301}e\x{301}e\x{301}e\x{301}e\x{301}e\x{301}e\x{301}e\x{301}e\x{301}e\x{301}e\x{301}e\x{301}e\x{301}e\x{301} e\x{301} e\x{301}e\x{301}e\x{301}e\x{301}e\x{301}e\x{301}e\x{301}e\x{301}e\x{301}e\x{301}e\x{301}e\x{301}e\x{301}e\x{301}e\x{301}e\x{301}e\x{301}e\x{301}e\x{301}e\x{301}e\x{301}e\x{301}e\x{301}e\x{301}e\x{301}e\x{301}e\x{301}e\x{301}e\x{301}e\x{301}e\x{301}e\x{301}e\x{301}e\x{301}e\x{301}e\x{301}e\x{301}e\x{301}e\x{301}e\x{301}e\x{301}e\x{301}e\x{301} e\x{301}e\x{301}e\x{301}e\x{301}e\x{301}e\x{301}e\x{301}e\x{301}e\x{301}e\x{301}e\x{301}e\x{301}e\x{301}e\x{301}e\x{301}e\x{301}e\x{301}e\x{301}e\x{301}e\x{301}e\x{301}e\x{301}e\x{301}e\x{301}e\x{301}e\x{301}e\x{301}e\x{301}e\x{301}e\x{301} e\x{301}e\x{301}e\x{301}e\x{301}e\x{301}e\x{301}e\x{301}e\x{301}e\x{301}e\x{301}e\x{301}e\x{301}e\x{301}e\x{301}e\x{301}e\x{301}e\x{301}e\x{301}e\x{301}e\x{301}e\x{301}e\x{301}"
          text run at (1055,4380) width 1: " "
          text run at (0,4395) width 1056: "e\x{301}e\x{301}e\x{301}e\x{301}e\x{301}e\x{301}e\x{301}e\x{301}e\x{301}e\x{301}e\x{301}e\x{301}e\x{301}e\x{301}e\x{301}e\x{301}e\x{301}e\x{301}e\x{301}e\x{301}e\x{301}e\x{301}e\x{301}e\x{301}e\x{301}e\x{301}e\x{301}e\x{301}e\x{301}e\x{301}e\x{301}e\x{301} e\x{301} e\x{301}e\x{301}e\x{301}e\x{301}e\x{301}e\x{301}e\x{301}e\x{301}e\x{301}e\x{301}e\x{301}e\x{301}e\x{301}e\x{301}e\x{301}e\x{301}e\x{301}e\x{301}e\x{301}e\x{301}e\x{301}e\x{301}e\x{301}e\x{301}e\x{301}e\x{301}e\x{301}e\x{301}e\x{301}e\x{301}e\x{301}e\x{301}e\x{301}e\x{301}e\x{301}e\x{301}e\x{301}e\x{301}e\x{301}e\x{301}e\x{301}e\x{301}e\x{301} e\x{301}e\x{301}e\x{301}e\x{301}e\x{301}e\x{301}e\x{301}e\x{301}e\x{301}e\x{301}e\x{301}e\x{301}e\x{301}e\x{301}e\x{301}e\x{301}e\x{301}e\x{301}e\x{301}e\x{301}e\x{301}e\x{301}e\x{301}e\x{301}e\x{301}e\x{301}e\x{301}e\x{301}e\x{301}e\x{301} e\x{301}e\x{301}e\x{301}e\x{301}e\x{301}e\x{301}e\x{301}e\x{301}e\x{301}e\x{301}e\x{301}e\x{301}e\x{301}e\x{301}e\x{301}e\x{301}e\x{301}e\x{301}e\x{301}e\x{301}e\x{301}e\x{301}"
          text run at (1055,4395) width 1: " "
          text run at (0,4410) width 1056: "e\x{301}e\x{301}e\x{301}e\x{301}e\x{301}e\x{301}e\x{301}e\x{301}e\x{301}e\x{301}e\x{301}e\x{301}e\x{301}e\x{301}e\x{301}e\x{301}e\x{301}e\x{301}e\x{301}e\x{301}e\x{301}e\x{301}e\x{301}e\x{301}e\x{301}e\x{301}e\x{301}e\x{301}e\x{301}e\x{301}e\x{301}e\x{301} e\x{301} e\x{301}e\x{301}e\x{301}e\x{301}e\x{301}e\x{301}e\x{301}e\x{301}e\x{301}e\x{301}e\x{301}e\x{301}e\x{301}e\x{301}e\x{301}e\x{301}e\x{301}e\x{301}e\x{301}e\x{301}e\x{301}e\x{301}e\x{301}e\x{301}e\x{301}e\x{301}e\x{301}e\x{301}e\x{301}e\x{301}e\x{301}e\x{301}e\x{301}e\x{301}e\x{301}e\x{301}e\x{301}e\x{301}e\x{301}e\x{301}e\x{301}e\x{301}e\x{301} e\x{301}e\x{301}e\x{301}e\x{301}e\x{301}e\x{301}e\x{301}e\x{301}e\x{301}e\x{301}e\x{301}e\x{301}e\x{301}e\x{301}e\x{301}e\x{301}e\x{301}e\x{301}e\x{301}e\x{301}e\x{301}e\x{301}e\x{301}e\x{301}e\x{301}e\x{301}e\x{301}e\x{301}e\x{301}e\x{301} e\x{301}e\x{301}e\x{301}e\x{301}e\x{301}e\x{301}e\x{301}e\x{301}e\x{301}e\x{301}e\x{301}e\x{301}e\x{301}e\x{301}e\x{301}e\x{301}e\x{301}e\x{301}e\x{301}e\x{301}e\x{301}e\x{301}"
          text run at (1055,4410) width 1: " "
          text run at (0,4425) width 1056: "e\x{301}e\x{301}e\x{301}e\x{301}e\x{301}e\x{301}e\x{301}e\x{301}e\x{301}e\x{301}e\x{301}e\x{301}e\x{301}e\x{301}e\x{301}e\x{301}e\x{301}e\x{301}e\x{301}e\x{301}e\x{301}e\x{301}e\x{301}e\x{301}e\x{301}e\x{301}e\x{301}e\x{301}e\x{301}e\x{301}e\x{301}e\x{301} e\x{301} e\x{301}e\x{301}e\x{301}e\x{301}e\x{301}e\x{301}e\x{301}e\x{301}e\x{301}e\x{301}e\x{301}e\x{301}e\x{301}e\x{301}e\x{301}e\x{301}e\x{301}e\x{301}e\x{301}e\x{301}e\x{301}e\x{301}e\x{301}e\x{301}e\x{301}e\x{301}e\x{301}e\x{301}e\x{301}e\x{301}e\x{301}e\x{301}e\x{301}e\x{301}e\x{301}e\x{301}e\x{301}e\x{301}e\x{301}e\x{301}e\x{301}e\x{301}e\x{301} e\x{301}e\x{301}e\x{301}e\x{301}e\x{301}e\x{301}e\x{301}e\x{301}e\x{301}e\x{301}e\x{301}e\x{301}e\x{301}e\x{301}e\x{301}e\x{301}e\x{301}e\x{301}e\x{301}e\x{301}e\x{301}e\x{301}e\x{301}e\x{301}e\x{301}e\x{301}e\x{301}e\x{301}e\x{301}e\x{301} e\x{301}e\x{301}e\x{301}e\x{301}e\x{301}e\x{301}e\x{301}e\x{301}e\x{301}e\x{301}e\x{301}e\x{301}e\x{301}e\x{301}e\x{301}e\x{301}e\x{301}e\x{301}e\x{301}e\x{301}e\x{301}e\x{301}"
          text run at (1055,4425) width 1: " "
          text run at (0,4440) width 1056: "e\x{301}e\x{301}e\x{301}e\x{301}e\x{301}e\x{301}e\x{301}e\x{301}e\x{301}e\x{301}e\x{301}e\x{301}e\x{301}e\x{301}e\x{301}e\x{301}e\x{301}e\x{301}e\x{301}e\x{301}e\x{301}e\x{301}e\x{301}e\x{301}e\x{301}e\x{301}e\x{301}e\x{301}e\x{301}e\x{301}e\x{301}e\x{301} e\x{301} e\x{301}e\x{301}e\x{301}e\x{301}e\x{301}e\x{301}e\x{301}e\x{301}e\x{301}e\x{301}e\x{301}e\x{301}e\x{301}e\x{301}e\x{301}e\x{301}e\x{301}e\x{301}e\x{301}e\x{301}e\x{301}e\x{301}e\x{301}e\x{301}e\x{301}e\x{301}e\x{301}e\x{301}e\x{301}e\x{301}e\x{301}e\x{301}e\x{301}e\x{301}e\x{301}e\x{301}e\x{301}e\x{301}e\x{301}e\x{301}e\x{301}e\x{301}e\x{301} e\x{301}e\x{301}e\x{301}e\x{301}e\x{301}e\x{301}e\x{301}e\x{301}e\x{301}e\x{301}e\x{301}e\x{301}e\x{301}e\x{301}e\x{301}e\x{301}e\x{301}e\x{301}e\x{301}e\x{301}e\x{301}e\x{301}e\x{301}e\x{301}e\x{301}e\x{301}e\x{301}e\x{301}e\x{301}e\x{301} e\x{301}e\x{301}e\x{301}e\x{301}e\x{301}e\x{301}e\x{301}e\x{301}e\x{301}e\x{301}e\x{301}e\x{301}e\x{301}e\x{301}e\x{301}e\x{301}e\x{301}e\x{301}e\x{301}e\x{301}e\x{301}e\x{301}"
          text run at (1055,4440) width 1: " "
          text run at (0,4455) width 1056: "e\x{301}e\x{301}e\x{301}e\x{301}e\x{301}e\x{301}e\x{301}e\x{301}e\x{301}e\x{301}e\x{301}e\x{301}e\x{301}e\x{301}e\x{301}e\x{301}e\x{301}e\x{301}e\x{301}e\x{301}e\x{301}e\x{301}e\x{301}e\x{301}e\x{301}e\x{301}e\x{301}e\x{301}e\x{301}e\x{301}e\x{301}e\x{301} e\x{301} e\x{301}e\x{301}e\x{301}e\x{301}e\x{301}e\x{301}e\x{301}e\x{301}e\x{301}e\x{301}e\x{301}e\x{301}e\x{301}e\x{301}e\x{301}e\x{301}e\x{301}e\x{301}e\x{301}e\x{301}e\x{301}e\x{301}e\x{301}e\x{301}e\x{301}e\x{301}e\x{301}e\x{301}e\x{301}e\x{301}e\x{301}e\x{301}e\x{301}e\x{301}e\x{301}e\x{301}e\x{301}e\x{301}e\x{301}e\x{301}e\x{301}e\x{301}e\x{301} e\x{301}e\x{301}e\x{301}e\x{301}e\x{301}e\x{301}e\x{301}e\x{301}e\x{301}e\x{301}e\x{301}e\x{301}e\x{301}e\x{301}e\x{301}e\x{301}e\x{301}e\x{301}e\x{301}e\x{301}e\x{301}e\x{301}e\x{301}e\x{301}e\x{301}e\x{301}e\x{301}e\x{301}e\x{301}e\x{301} e\x{301}e\x{301}e\x{301}e\x{301}e\x{301}e\x{301}e\x{301}e\x{301}e\x{301}e\x{301}e\x{301}e\x{301}e\x{301}e\x{301}e\x{301}e\x{301}e\x{301}e\x{301}e\x{301}e\x{301}e\x{301}e\x{301}"
          text run at (1055,4455) width 1: " "
          text run at (0,4470) width 1056: "e\x{301}e\x{301}e\x{301}e\x{301}e\x{301}e\x{301}e\x{301}e\x{301}e\x{301}e\x{301}e\x{301}e\x{301}e\x{301}e\x{301}e\x{301}e\x{301}e\x{301}e\x{301}e\x{301}e\x{301}e\x{301}e\x{301}e\x{301}e\x{301}e\x{301}e\x{301}e\x{301}e\x{301}e\x{301}e\x{301}e\x{301}e\x{301} e\x{301} e\x{301}e\x{301}e\x{301}e\x{301}e\x{301}e\x{301}e\x{301}e\x{301}e\x{301}e\x{301}e\x{301}e\x{301}e\x{301}e\x{301}e\x{301}e\x{301}e\x{301}e\x{301}e\x{301}e\x{301}e\x{301}e\x{301}e\x{301}e\x{301}e\x{301}e\x{301}e\x{301}e\x{301}e\x{301}e\x{301}e\x{301}e\x{301}e\x{301}e\x{301}e\x{301}e\x{301}e\x{301}e\x{301}e\x{301}e\x{301}e\x{301}e\x{301}e\x{301} e\x{301}e\x{301}e\x{301}e\x{301}e\x{301}e\x{301}e\x{301}e\x{301}e\x{301}e\x{301}e\x{301}e\x{301}e\x{301}e\x{301}e\x{301}e\x{301}e\x{301}e\x{301}e\x{301}e\x{301}e\x{301}e\x{301}e\x{301}e\x{301}e\x{301}e\x{301}e\x{301}e\x{301}e\x{301}e\x{301} e\x{301}e\x{301}e\x{301}e\x{301}e\x{301}e\x{301}e\x{301}e\x{301}e\x{301}e\x{301}e\x{301}e\x{301}e\x{301}e\x{301}e\x{301}e\x{301}e\x{301}e\x{301}e\x{301}e\x{301}e\x{301}e\x{301}"
          text run at (1055,4470) width 1: " "
          text run at (0,4485) width 1056: "e\x{301}e\x{301}e\x{301}e\x{301}e\x{301}e\x{301}e\x{301}e\x{301}e\x{301}e\x{301}e\x{301}e\x{301}e\x{301}e\x{301}e\x{301}e\x{301}e\x{301}e\x{301}e\x{301}e\x{301}e\x{301}e\x{301}e\x{301}e\x{301}e\x{301}e\x{301}e\x{301}e\x{301}e\x{301}e\x{301}e\x{301}e\x{301} e\x{301} e\x{301}e\x{301}e\x{301}e\x{301}e\x{301}e\x{301}e\x{301}e\x{301}e\x{301}e\x{301}e\x{301}e\x{301}e\x{301}e\x{301}e\x{301}e\x{301}e\x{301}e\x{301}e\x{301}e\x{301}e\x{301}e\x{301}e\x{301}e\x{301}e\x{301}e\x{301}e\x{301}e\x{301}e\x{301}e\x{301}e\x{301}e\x{301}e\x{301}e\x{301}e\x{301}e\x{301}e\x{301}e\x{301}e\x{301}e\x{301}e\x{301}e\x{301}e\x{301} e\x{301}e\x{301}e\x{301}e\x{301}e\x{301}e\x{301}e\x{301}e\x{301}e\x{301}e\x{301}e\x{301}e\x{301}e\x{301}e\x{301}e\x{301}e\x{301}e\x{301}e\x{301}e\x{301}e\x{301}e\x{301}e\x{301}e\x{301}e\x{301}e\x{301}e\x{301}e\x{301}e\x{301}e\x{301}e\x{301} e\x{301}e\x{301}e\x{301}e\x{301}e\x{301}e\x{301}e\x{301}e\x{301}e\x{301}e\x{301}e\x{301}e\x{301}e\x{301}e\x{301}e\x{301}e\x{301}e\x{301}e\x{301}e\x{301}e\x{301}e\x{301}e\x{301}"
          text run at (1055,4485) width 1: " "
          text run at (0,4500) width 1056: "e\x{301}e\x{301}e\x{301}e\x{301}e\x{301}e\x{301}e\x{301}e\x{301}e\x{301}e\x{301}e\x{301}e\x{301}e\x{301}e\x{301}e\x{301}e\x{301}e\x{301}e\x{301}e\x{301}e\x{301}e\x{301}e\x{301}e\x{301}e\x{301}e\x{301}e\x{301}e\x{301}e\x{301}e\x{301}e\x{301}e\x{301}e\x{301} e\x{301} e\x{301}e\x{301}e\x{301}e\x{301}e\x{301}e\x{301}e\x{301}e\x{301}e\x{301}e\x{301}e\x{301}e\x{301}e\x{301}e\x{301}e\x{301}e\x{301}e\x{301}e\x{301}e\x{301}e\x{301}e\x{301}e\x{301}e\x{301}e\x{301}e\x{301}e\x{301}e\x{301}e\x{301}e\x{301}e\x{301}e\x{301}e\x{301}e\x{301}e\x{301}e\x{301}e\x{301}e\x{301}e\x{301}e\x{301}e\x{301}e\x{301}e\x{301}e\x{301} e\x{301}e\x{301}e\x{301}e\x{301}e\x{301}e\x{301}e\x{301}e\x{301}e\x{301}e\x{301}e\x{301}e\x{301}e\x{301}e\x{301}e\x{301}e\x{301}e\x{301}e\x{301}e\x{301}e\x{301}e\x{301}e\x{301}e\x{301}e\x{301}e\x{301}e\x{301}e\x{301}e\x{301}e\x{301}e\x{301} e\x{301}e\x{301}e\x{301}e\x{301}e\x{301}e\x{301}e\x{301}e\x{301}e\x{301}e\x{301}e\x{301}e\x{301}e\x{301}e\x{301}e\x{301}e\x{301}e\x{301}e\x{301}e\x{301}e\x{301}e\x{301}e\x{301}"
          text run at (1055,4500) width 1: " "
          text run at (0,4515) width 1056: "e\x{301}e\x{301}e\x{301}e\x{301}e\x{301}e\x{301}e\x{301}e\x{301}e\x{301}e\x{301}e\x{301}e\x{301}e\x{301}e\x{301}e\x{301}e\x{301}e\x{301}e\x{301}e\x{301}e\x{301}e\x{301}e\x{301}e\x{301}e\x{301}e\x{301}e\x{301}e\x{301}e\x{301}e\x{301}e\x{301}e\x{301}e\x{301} e\x{301} e\x{301}e\x{301}e\x{301}e\x{301}e\x{301}e\x{301}e\x{301}e\x{301}e\x{301}e\x{301}e\x{301}e\x{301}e\x{301}e\x{301}e\x{301}e\x{301}e\x{301}e\x{301}e\x{301}e\x{301}e\x{301}e\x{301}e\x{301}e\x{301}e\x{301}e\x{301}e\x{301}e\x{301}e\x{301}e\x{301}e\x{301}e\x{301}e\x{301}e\x{301}e\x{301}e\x{301}e\x{301}e\x{301}e\x{301}e\x{301}e\x{301}e\x{301}e\x{301} e\x{301}e\x{301}e\x{301}e\x{301}e\x{301}e\x{301}e\x{301}e\x{301}e\x{301}e\x{301}e\x{301}e\x{301}e\x{301}e\x{301}e\x{301}e\x{301}e\x{301}e\x{301}e\x{301}e\x{301}e\x{301}e\x{301}e\x{301}e\x{301}e\x{301}e\x{301}e\x{301}e\x{301}e\x{301}e\x{301} e\x{301}e\x{301}e\x{301}e\x{301}e\x{301}e\x{301}e\x{301}e\x{301}e\x{301}e\x{301}e\x{301}e\x{301}e\x{301}e\x{301}e\x{301}e\x{301}e\x{301}e\x{301}e\x{301}e\x{301}e\x{301}e\x{301}"
          text run at (1055,4515) width 1: " "
          text run at (0,4530) width 1056: "e\x{301}e\x{301}e\x{301}e\x{301}e\x{301}e\x{301}e\x{301}e\x{301}e\x{301}e\x{301}e\x{301}e\x{301}e\x{301}e\x{301}e\x{301}e\x{301}e\x{301}e\x{301}e\x{301}e\x{301}e\x{301}e\x{301}e\x{301}e\x{301}e\x{301}e\x{301}e\x{301}e\x{301}e\x{301}e\x{301}e\x{301}e\x{301} e\x{301} e\x{301}e\x{301}e\x{301}e\x{301}e\x{301}e\x{301}e\x{301}e\x{301}e\x{301}e\x{301}e\x{301}e\x{301}e\x{301}e\x{301}e\x{301}e\x{301}e\x{301}e\x{301}e\x{301}e\x{301}e\x{301}e\x{301}e\x{301}e\x{301}e\x{301}e\x{301}e\x{301}e\x{301}e\x{301}e\x{301}e\x{301}e\x{301}e\x{301}e\x{301}e\x{301}e\x{301}e\x{301}e\x{301}e\x{301}e\x{301}e\x{301}e\x{301}e\x{301} e\x{301}e\x{301}e\x{301}e\x{301}e\x{301}e\x{301}e\x{301}e\x{301}e\x{301}e\x{301}e\x{301}e\x{301}e\x{301}e\x{301}e\x{301}e\x{301}e\x{301}e\x{301}e\x{301}e\x{301}e\x{301}e\x{301}e\x{301}e\x{301}e\x{301}e\x{301}e\x{301}e\x{301}e\x{301}e\x{301} e\x{301}e\x{301}e\x{301}e\x{301}e\x{301}e\x{301}e\x{301}e\x{301}e\x{301}e\x{301}e\x{301}e\x{301}e\x{301}e\x{301}e\x{301}e\x{301}e\x{301}e\x{301}e\x{301}e\x{301}e\x{301}e\x{301}"
          text run at (1055,4530) width 1: " "
          text run at (0,4545) width 1056: "e\x{301}e\x{301}e\x{301}e\x{301}e\x{301}e\x{301}e\x{301}e\x{301}e\x{301}e\x{301}e\x{301}e\x{301}e\x{301}e\x{301}e\x{301}e\x{301}e\x{301}e\x{301}e\x{301}e\x{301}e\x{301}e\x{301}e\x{301}e\x{301}e\x{301}e\x{301}e\x{301}e\x{301}e\x{301}e\x{301}e\x{301}e\x{301} e\x{301} e\x{301}e\x{301}e\x{301}e\x{301}e\x{301}e\x{301}e\x{301}e\x{301}e\x{301}e\x{301}e\x{301}e\x{301}e\x{301}e\x{301}e\x{301}e\x{301}e\x{301}e\x{301}e\x{301}e\x{301}e\x{301}e\x{301}e\x{301}e\x{301}e\x{301}e\x{301}e\x{301}e\x{301}e\x{301}e\x{301}e\x{301}e\x{301}e\x{301}e\x{301}e\x{301}e\x{301}e\x{301}e\x{301}e\x{301}e\x{301}e\x{301}e\x{301}e\x{301} e\x{301}e\x{301}e\x{301}e\x{301}e\x{301}e\x{301}e\x{301}e\x{301}e\x{301}e\x{301}e\x{301}e\x{301}e\x{301}e\x{301}e\x{301}e\x{301}e\x{301}e\x{301}e\x{301}e\x{301}e\x{301}e\x{301}e\x{301}e\x{301}e\x{301}e\x{301}e\x{301}e\x{301}e\x{301}e\x{301} e\x{301}e\x{301}e\x{301}e\x{301}e\x{301}e\x{301}e\x{301}e\x{301}e\x{301}e\x{301}e\x{301}e\x{301}e\x{301}e\x{301}e\x{301}e\x{301}e\x{301}e\x{301}e\x{301}e\x{301}e\x{301}e\x{301}"
          text run at (1055,4545) width 1: " "
          text run at (0,4560) width 1056: "e\x{301}e\x{301}e\x{301}e\x{301}e\x{301}e\x{301}e\x{301}e\x{301}e\x{301}e\x{301}e\x{301}e\x{301}e\x{301}e\x{301}e\x{301}e\x{301}e\x{301}e\x{301}e\x{301}e\x{301}e\x{301}e\x{301}e\x{301}e\x{301}e\x{301}e\x{301}e\x{301}e\x{301}e\x{301}e\x{301}e\x{301}e\x{301} e\x{301} e\x{301}e\x{301}e\x{301}e\x{301}e\x{301}e\x{301}e\x{301}e\x{301}e\x{301}e\x{301}e\x{301}e\x{301}e\x{301}e\x{301}e\x{301}e\x{301}e\x{301}e\x{301}e\x{301}e\x{301}e\x{301}e\x{301}e\x{301}e\x{301}e\x{301}e\x{301}e\x{301}e\x{301}e\x{301}e\x{301}e\x{301}e\x{301}e\x{301}e\x{301}e\x{301}e\x{301}e\x{301}e\x{301}e\x{301}e\x{301}e\x{301}e\x{301}e\x{301} e\x{301}e\x{301}e\x{301}e\x{301}e\x{301}e\x{301}e\x{301}e\x{301}e\x{301}e\x{301}e\x{301}e\x{301}e\x{301}e\x{301}e\x{301}e\x{301}e\x{301}e\x{301}e\x{301}e\x{301}e\x{301}e\x{301}e\x{301}e\x{301}e\x{301}e\x{301}e\x{301}e\x{301}e\x{301}e\x{301} e\x{301}e\x{301}e\x{301}e\x{301}e\x{301}e\x{301}e\x{301}e\x{301}e\x{301}e\x{301}e\x{301}e\x{301}e\x{301}e\x{301}e\x{301}e\x{301}e\x{301}e\x{301}e\x{301}e\x{301}e\x{301}e\x{301}"
          text run at (1055,4560) width 1: " "
          text run at (0,4575) width 1056: "e\x{301}e\x{301}e\x{301}e\x{301}e\x{301}e\x{301}e\x{301}e\x{301}e\x{301}e\x{301}e\x{301}e\x{301}e\x{301}e\x{301}e\x{301}e\x{301}e\x{301}e\x{301}e\x{301}e\x{301}e\x{301}e\x{301}e\x{301}e\x{301}e\x{301}e\x{301}e\x{301}e\x{301}e\x{301}e\x{301}e\x{301}e\x{301} e\x{301} e\x{301}e\x{301}e\x{301}e\x{301}e\x{301}e\x{301}e\x{301}e\x{301}e\x{301}e\x{301}e\x{301}e\x{301}e\x{301}e\x{301}e\x{301}e\x{301}e\x{301}e\x{301}e\x{301}e\x{301}e\x{301}e\x{301}e\x{301}e\x{301}e\x{301}e\x{301}e\x{301}e\x{301}e\x{301}e\x{301}e\x{301}e\x{301}e\x{301}e\x{301}e\x{301}e\x{301}e\x{301}e\x{301}e\x{301}e\x{301}e\x{301}e\x{301}e\x{301} e\x{301}e\x{301}e\x{301}e\x{301}e\x{301}e\x{301}e\x{301}e\x{301}e\x{301}e\x{301}e\x{301}e\x{301}e\x{301}e\x{301}e\x{301}e\x{301}e\x{301}e\x{301}e\x{301}e\x{301}e\x{301}e\x{301}e\x{301}e\x{301}e\x{301}e\x{301}e\x{301}e\x{301}e\x{301}e\x{301} e\x{301}e\x{301}e\x{301}e\x{301}e\x{301}e\x{301}e\x{301}e\x{301}e\x{301}e\x{301}e\x{301}e\x{301}e\x{301}e\x{301}e\x{301}e\x{301}e\x{301}e\x{301}e\x{301}e\x{301}e\x{301}e\x{301}"
          text run at (1055,4575) width 1: " "
          text run at (0,4590) width 1056: "e\x{301}e\x{301}e\x{301}e\x{301}e\x{301}e\x{301}e\x{301}e\x{301}e\x{301}e\x{301}e\x{301}e\x{301}e\x{301}e\x{301}e\x{301}e\x{301}e\x{301}e\x{301}e\x{301}e\x{301}e\x{301}e\x{301}e\x{301}e\x{301}e\x{301}e\x{301}e\x{301}e\x{301}e\x{301}e\x{301}e\x{301}e\x{301} e\x{301} e\x{301}e\x{301}e\x{301}e\x{301}e\x{301}e\x{301}e\x{301}e\x{301}e\x{301}e\x{301}e\x{301}e\x{301}e\x{301}e\x{301}e\x{301}e\x{301}e\x{301}e\x{301}e\x{301}e\x{301}e\x{301}e\x{301}e\x{301}e\x{301}e\x{301}e\x{301}e\x{301}e\x{301}e\x{301}e\x{301}e\x{301}e\x{301}e\x{301}e\x{301}e\x{301}e\x{301}e\x{301}e\x{301}e\x{301}e\x{301}e\x{301}e\x{301}e\x{301} e\x{301}e\x{301}e\x{301}e\x{301}e\x{301}e\x{301}e\x{301}e\x{301}e\x{301}e\x{301}e\x{301}e\x{301}e\x{301}e\x{301}e\x{301}e\x{301}e\x{301}e\x{301}e\x{301}e\x{301}e\x{301}e\x{301}e\x{301}e\x{301}e\x{301}e\x{301}e\x{301}e\x{301}e\x{301}e\x{301} e\x{301}e\x{301}e\x{301}e\x{301}e\x{301}e\x{301}e\x{301}e\x{301}e\x{301}e\x{301}e\x{301}e\x{301}e\x{301}e\x{301}e\x{301}e\x{301}e\x{301}e\x{301}e\x{301}e\x{301}e\x{301}e\x{301}"
          text run at (1055,4590) width 1: " "
          text run at (0,4605) width 1056: "e\x{301}e\x{301}e\x{301}e\x{301}e\x{301}e\x{301}e\x{301}e\x{301}e\x{301}e\x{301}e\x{301}e\x{301}e\x{301}e\x{301}e\x{301}e\x{301}e\x{301}e\x{301}e\x{301}e\x{301}e\x{301}e\x{301}e\x{301}e\x{301}e\x{301}e\x{301}e\x{301}e\x{301}e\x{301}e\x{301}e\x{301}e\x{301} e\x{301} e\x{301}e\x{301}e\x{301}e\x{301}e\x{301}e\x{301}e\x{301}e\x{301}e\x{301}e\x{301}e\x{301}e\x{301}e\x{301}e\x{301}e\x{301}e\x{301}e\x{301}e\x{301}e\x{301}e\x{301}e\x{301}e\x{301}e\x{301}e\x{301}e\x{301}e\x{301}e\x{301}e\x{301}e\x{301}e\x{301}e\x{301}e\x{301}e\x{301}e\x{301}e\x{301}e\x{301}e\x{301}e\x{301}e\x{301}e\x{301}e\x{301}e\x{301}e\x{301} e\x{301}e\x{301}e\x{301}e\x{301}e\x{301}e\x{301}e\x{301}e\x{301}e\x{301}e\x{301}e\x{301}e\x{301}e\x{301}e\x{301}e\x{301}e\x{301}e\x{301}e\x{301}e\x{301}e\x{301}e\x{301}e\x{301}e\x{301}e\x{301}e\x{301}e\x{301}e\x{301}e\x{301}e\x{301}e\x{301} e\x{301}e\x{301}e\x{301}e\x{301}e\x{301}e\x{301}e\x{301}e\x{301}e\x{301}e\x{301}e\x{301}e\x{301}e\x{301}e\x{301}e\x{301}e\x{301}e\x{301}e\x{301}e\x{301}e\x{301}e\x{301}e\x{301}"
          text run at (1055,4605) width 1: " "
          text run at (0,4620) width 1056: "e\x{301}e\x{301}e\x{301}e\x{301}e\x{301}e\x{301}e\x{301}e\x{301}e\x{301}e\x{301}e\x{301}e\x{301}e\x{301}e\x{301}e\x{301}e\x{301}e\x{301}e\x{301}e\x{301}e\x{301}e\x{301}e\x{301}e\x{301}e\x{301}e\x{301}e\x{301}e\x{301}e\x{301}e\x{301}e\x{301}e\x{301}e\x{301} e\x{301} e\x{301}e\x{301}e\x{301}e\x{301}e\x{301}e\x{301}e\x{301}e\x{301}e\x{301}e\x{301}e\x{301}e\x{301}e\x{301}e\x{301}e\x{301}e\x{301}e\x{301}e\x{301}e\x{301}e\x{301}e\x{301}e\x{301}e\x{301}e\x{301}e\x{301}e\x{301}e\x{301}e\x{301}e\x{301}e\x{301}e\x{301}e\x{301}e\x{301}e\x{301}e\x{301}e\x{301}e\x{301}e\x{301}e\x{301}e\x{301}e\x{301}e\x{301}e\x{301} e\x{301}e\x{301}e\x{301}e\x{301}e\x{301}e\x{301}e\x{301}e\x{301}e\x{301}e\x{301}e\x{301}e\x{301}e\x{301}e\x{301}e\x{301}e\x{301}e\x{301}e\x{301}e\x{301}e\x{301}e\x{301}e\x{301}e\x{301}e\x{301}e\x{301}e\x{301}e\x{301}e\x{301}e\x{301}e\x{301} e\x{301}e\x{301}e\x{301}e\x{301}e\x{301}e\x{301}e\x{301}e\x{301}e\x{301}e\x{301}e\x{301}e\x{301}e\x{301}e\x{301}e\x{301}e\x{301}e\x{301}e\x{301}e\x{301}e\x{301}e\x{301}e\x{301}"
          text run at (1055,4620) width 1: " "
          text run at (0,4635) width 1056: "e\x{301}e\x{301}e\x{301}e\x{301}e\x{301}e\x{301}e\x{301}e\x{301}e\x{301}e\x{301}e\x{301}e\x{301}e\x{301}e\x{301}e\x{301}e\x{301}e\x{301}e\x{301}e\x{301}e\x{301}e\x{301}e\x{301}e\x{301}e\x{301}e\x{301}e\x{301}e\x{301}e\x{301}e\x{301}e\x{301}e\x{301}e\x{301} e\x{301} e\x{301}e\x{301}e\x{301}e\x{301}e\x{301}e\x{301}e\x{301}e\x{301}e\x{301}e\x{301}e\x{301}e\x{301}e\x{301}e\x{301}e\x{301}e\x{301}e\x{301}e\x{301}e\x{301}e\x{301}e\x{301}e\x{301}e\x{301}e\x{301}e\x{301}e\x{301}e\x{301}e\x{301}e\x{301}e\x{301}e\x{301}e\x{301}e\x{301}e\x{301}e\x{301}e\x{301}e\x{301}e\x{301}e\x{301}e\x{301}e\x{301}e\x{301}e\x{301} e\x{301}e\x{301}e\x{301}e\x{301}e\x{301}e\x{301}e\x{301}e\x{301}e\x{301}e\x{301}e\x{301}e\x{301}e\x{301}e\x{301}e\x{301}e\x{301}e\x{301}e\x{301}e\x{301}e\x{301}e\x{301}e\x{301}e\x{301}e\x{301}e\x{301}e\x{301}e\x{301}e\x{301}e\x{301}e\x{301} e\x{301}e\x{301}e\x{301}e\x{301}e\x{301}e\x{301}e\x{301}e\x{301}e\x{301}e\x{301}e\x{301}e\x{301}e\x{301}e\x{301}e\x{301}e\x{301}e\x{301}e\x{301}e\x{301}e\x{301}e\x{301}e\x{301}"
          text run at (1055,4635) width 1: " "
          text run at (0,4650) width 1056: "e\x{301}e\x{301}e\x{301}e\x{301}e\x{301}e\x{301}e\x{301}e\x{301}e\x{301}e\x{301}e\x{301}e\x{301}e\x{301}e\x{301}e\x{301}e\x{301}e\x{301}e\x{301}e\x{301}e\x{301}e\x{301}e\x{301}e\x{301}e\x{301}e\x{301}e\x{301}e\x{301}e\x{301}e\x{301}e\x{301}e\x{301}e\x{301} e\x{301} e\x{301}e\x{301}e\x{301}e\x{301}e\x{301}e\x{301}e\x{301}e\x{301}e\x{301}e\x{301}e\x{301}e\x{301}e\x{301}e\x{301}e\x{301}e\x{301}e\x{301}e\x{301}e\x{301}e\x{301}e\x{301}e\x{301}e\x{301}e\x{301}e\x{301}e\x{301}e\x{301}e\x{301}e\x{301}e\x{301}e\x{301}e\x{301}e\x{301}e\x{301}e\x{301}e\x{301}e\x{301}e\x{301}e\x{301}e\x{301}e\x{301}e\x{301}e\x{301} e\x{301}e\x{301}e\x{301}e\x{301}e\x{301}e\x{301}e\x{301}e\x{301}e\x{301}e\x{301}e\x{301}e\x{301}e\x{301}e\x{301}e\x{301}e\x{301}e\x{301}e\x{301}e\x{301}e\x{301}e\x{301}e\x{301}e\x{301}e\x{301}e\x{301}e\x{301}e\x{301}e\x{301}e\x{301}e\x{301} e\x{301}e\x{301}e\x{301}e\x{301}e\x{301}e\x{301}e\x{301}e\x{301}e\x{301}e\x{301}e\x{301}e\x{301}e\x{301}e\x{301}e\x{301}e\x{301}e\x{301}e\x{301}e\x{301}e\x{301}e\x{301}e\x{301}"
          text run at (1055,4650) width 1: " "
          text run at (0,4665) width 1056: "e\x{301}e\x{301}e\x{301}e\x{301}e\x{301}e\x{301}e\x{301}e\x{301}e\x{301}e\x{301}e\x{301}e\x{301}e\x{301}e\x{301}e\x{301}e\x{301}e\x{301}e\x{301}e\x{301}e\x{301}e\x{301}e\x{301}e\x{301}e\x{301}e\x{301}e\x{301}e\x{301}e\x{301}e\x{301}e\x{301}e\x{301}e\x{301} e\x{301} e\x{301}e\x{301}e\x{301}e\x{301}e\x{301}e\x{301}e\x{301}e\x{301}e\x{301}e\x{301}e\x{301}e\x{301}e\x{301}e\x{301}e\x{301}e\x{301}e\x{301}e\x{301}e\x{301}e\x{301}e\x{301}e\x{301}e\x{301}e\x{301}e\x{301}e\x{301}e\x{301}e\x{301}e\x{301}e\x{301}e\x{301}e\x{301}e\x{301}e\x{301}e\x{301}e\x{301}e\x{301}e\x{301}e\x{301}e\x{301}e\x{301}e\x{301}e\x{301} e\x{301}e\x{301}e\x{301}e\x{301}e\x{301}e\x{301}e\x{301}e\x{301}e\x{301}e\x{301}e\x{301}e\x{301}e\x{301}e\x{301}e\x{301}e\x{301}e\x{301}e\x{301}e\x{301}e\x{301}e\x{301}e\x{301}e\x{301}e\x{301}e\x{301}e\x{301}e\x{301}e\x{301}e\x{301}e\x{301} e\x{301}e\x{301}e\x{301}e\x{301}e\x{301}e\x{301}e\x{301}e\x{301}e\x{301}e\x{301}e\x{301}e\x{301}e\x{301}e\x{301}e\x{301}e\x{301}e\x{301}e\x{301}e\x{301}e\x{301}e\x{301}e\x{301}"
          text run at (1055,4665) width 1: " "
          text run at (0,4680) width 1056: "e\x{301}e\x{301}e\x{301}e\x{301}e\x{301}e\x{301}e\x{301}e\x{301}e\x{301}e\x{301}e\x{301}e\x{301}e\x{301}e\x{301}e\x{301}e\x{301}e\x{301}e\x{301}e\x{301}e\x{301}e\x{301}e\x{301}e\x{301}e\x{301}e\x{301}e\x{301}e\x{301}e\x{301}e\x{301}e\x{301}e\x{301}e\x{301} e\x{301} e\x{301}e\x{301}e\x{301}e\x{301}e\x{301}e\x{301}e\x{301}e\x{301}e\x{301}e\x{301}e\x{301}e\x{301}e\x{301}e\x{301}e\x{301}e\x{301}e\x{301}e\x{301}e\x{301}e\x{301}e\x{301}e\x{301}e\x{301}e\x{301}e\x{301}e\x{301}e\x{301}e\x{301}e\x{301}e\x{301}e\x{301}e\x{301}e\x{301}e\x{301}e\x{301}e\x{301}e\x{301}e\x{301}e\x{301}e\x{301}e\x{301}e\x{301}e\x{301} e\x{301}e\x{301}e\x{301}e\x{301}e\x{301}e\x{301}e\x{301}e\x{301}e\x{301}e\x{301}e\x{301}e\x{301}e\x{301}e\x{301}e\x{301}e\x{301}e\x{301}e\x{301}e\x{301}e\x{301}e\x{301}e\x{301}e\x{301}e\x{301}e\x{301}e\x{301}e\x{301}e\x{301}e\x{301}e\x{301} e\x{301}e\x{301}e\x{301}e\x{301}e\x{301}e\x{301}e\x{301}e\x{301}e\x{301}e\x{301}e\x{301}e\x{301}e\x{301}e\x{301}e\x{301}e\x{301}e\x{301}e\x{301}e\x{301}e\x{301}e\x{301}e\x{301}"
          text run at (1055,4680) width 1: " "
          text run at (0,4695) width 1056: "e\x{301}e\x{301}e\x{301}e\x{301}e\x{301}e\x{301}e\x{301}e\x{301}e\x{301}e\x{301}e\x{301}e\x{301}e\x{301}e\x{301}e\x{301}e\x{301}e\x{301}e\x{301}e\x{301}e\x{301}e\x{301}e\x{301}e\x{301}e\x{301}e\x{301}e\x{301}e\x{301}e\x{301}e\x{301}e\x{301}e\x{301}e\x{301} e\x{301} e\x{301}e\x{301}e\x{301}e\x{301}e\x{301}e\x{301}e\x{301}e\x{301}e\x{301}e\x{301}e\x{301}e\x{301}e\x{301}e\x{301}e\x{301}e\x{301}e\x{301}e\x{301}e\x{301}e\x{301}e\x{301}e\x{301}e\x{301}e\x{301}e\x{301}e\x{301}e\x{301}e\x{301}e\x{301}e\x{301}e\x{301}e\x{301}e\x{301}e\x{301}e\x{301}e\x{301}e\x{301}e\x{301}e\x{301}e\x{301}e\x{301}e\x{301}e\x{301} e\x{301}e\x{301}e\x{301}e\x{301}e\x{301}e\x{301}e\x{301}e\x{301}e\x{301}e\x{301}e\x{301}e\x{301}e\x{301}e\x{301}e\x{301}e\x{301}e\x{301}e\x{301}e\x{301}e\x{301}e\x{301}e\x{301}e\x{301}e\x{301}e\x{301}e\x{301}e\x{301}e\x{301}e\x{301}e\x{301} e\x{301}e\x{301}e\x{301}e\x{301}e\x{301}e\x{301}e\x{301}e\x{301}e\x{301}e\x{301}e\x{301}e\x{301}e\x{301}e\x{301}e\x{301}e\x{301}e\x{301}e\x{301}e\x{301}e\x{301}e\x{301}e\x{301}"
          text run at (1055,4695) width 1: " "
          text run at (0,4710) width 1056: "e\x{301}e\x{301}e\x{301}e\x{301}e\x{301}e\x{301}e\x{301}e\x{301}e\x{301}e\x{301}e\x{301}e\x{301}e\x{301}e\x{301}e\x{301}e\x{301}e\x{301}e\x{301}e\x{301}e\x{301}e\x{301}e\x{301}e\x{301}e\x{301}e\x{301}e\x{301}e\x{301}e\x{301}e\x{301}e\x{301}e\x{301}e\x{301} e\x{301} e\x{301}e\x{301}e\x{301}e\x{301}e\x{301}e\x{301}e\x{301}e\x{301}e\x{301}e\x{301}e\x{301}e\x{301}e\x{301}e\x{301}e\x{301}e\x{301}e\x{301}e\x{301}e\x{301}e\x{301}e\x{301}e\x{301}e\x{301}e\x{301}e\x{301}e\x{301}e\x{301}e\x{301}e\x{301}e\x{301}e\x{301}e\x{301}e\x{301}e\x{301}e\x{301}e\x{301}e\x{301}e\x{301}e\x{301}e\x{301}e\x{301}e\x{301}e\x{301} e\x{301}e\x{301}e\x{301}e\x{301}e\x{301}e\x{301}e\x{301}e\x{301}e\x{301}e\x{301}e\x{301}e\x{301}e\x{301}e\x{301}e\x{301}e\x{301}e\x{301}e\x{301}e\x{301}e\x{301}e\x{301}e\x{301}e\x{301}e\x{301}e\x{301}e\x{301}e\x{301}e\x{301}e\x{301}e\x{301} e\x{301}e\x{301}e\x{301}e\x{301}e\x{301}e\x{301}e\x{301}e\x{301}e\x{301}e\x{301}e\x{301}e\x{301}e\x{301}e\x{301}e\x{301}e\x{301}e\x{301}e\x{301}e\x{301}e\x{301}e\x{301}e\x{301}"
          text run at (1055,4710) width 1: " "
          text run at (0,4725) width 1056: "e\x{301}e\x{301}e\x{301}e\x{301}e\x{301}e\x{301}e\x{301}e\x{301}e\x{301}e\x{301}e\x{301}e\x{301}e\x{301}e\x{301}e\x{301}e\x{301}e\x{301}e\x{301}e\x{301}e\x{301}e\x{301}e\x{301}e\x{301}e\x{301}e\x{301}e\x{301}e\x{301}e\x{301}e\x{301}e\x{301}e\x{301}e\x{301} e\x{301} e\x{301}e\x{301}e\x{301}e\x{301}e\x{301}e\x{301}e\x{301}e\x{301}e\x{301}e\x{301}e\x{301}e\x{301}e\x{301}e\x{301}e\x{301}e\x{301}e\x{301}e\x{301}e\x{301}e\x{301}e\x{301}e\x{301}e\x{301}e\x{301}e\x{301}e\x{301}e\x{301}e\x{301}e\x{301}e\x{301}e\x{301}e\x{301}e\x{301}e\x{301}e\x{301}e\x{301}e\x{301}e\x{301}e\x{301}e\x{301}e\x{301}e\x{301}e\x{301} e\x{301}e\x{301}e\x{301}e\x{301}e\x{301}e\x{301}e\x{301}e\x{301}e\x{301}e\x{301}e\x{301}e\x{301}e\x{301}e\x{301}e\x{301}e\x{301}e\x{301}e\x{301}e\x{301}e\x{301}e\x{301}e\x{301}e\x{301}e\x{301}e\x{301}e\x{301}e\x{301}e\x{301}e\x{301}e\x{301} e\x{301}e\x{301}e\x{301}e\x{301}e\x{301}e\x{301}e\x{301}e\x{301}e\x{301}e\x{301}e\x{301}e\x{301}e\x{301}e\x{301}e\x{301}e\x{301}e\x{301}e\x{301}e\x{301}e\x{301}e\x{301}e\x{301}"
          text run at (1055,4725) width 1: " "
          text run at (0,4740) width 1056: "e\x{301}e\x{301}e\x{301}e\x{301}e\x{301}e\x{301}e\x{301}e\x{301}e\x{301}e\x{301}e\x{301}e\x{301}e\x{301}e\x{301}e\x{301}e\x{301}e\x{301}e\x{301}e\x{301}e\x{301}e\x{301}e\x{301}e\x{301}e\x{301}e\x{301}e\x{301}e\x{301}e\x{301}e\x{301}e\x{301}e\x{301}e\x{301} e\x{301} e\x{301}e\x{301}e\x{301}e\x{301}e\x{301}e\x{301}e\x{301}e\x{301}e\x{301}e\x{301}e\x{301}e\x{301}e\x{301}e\x{301}e\x{301}e\x{301}e\x{301}e\x{301}e\x{301}e\x{301}e\x{301}e\x{301}e\x{301}e\x{301}e\x{301}e\x{301}e\x{301}e\x{301}e\x{301}e\x{301}e\x{301}e\x{301}e\x{301}e\x{301}e\x{301}e\x{301}e\x{301}e\x{301}e\x{301}e\x{301}e\x{301}e\x{301}e\x{301} e\x{301}e\x{301}e\x{301}e\x{301}e\x{301}e\x{301}e\x{301}e\x{301}e\x{301}e\x{301}e\x{301}e\x{301}e\x{301}e\x{301}e\x{301}e\x{301}e\x{301}e\x{301}e\x{301}e\x{301}e\x{301}e\x{301}e\x{301}e\x{301}e\x{301}e\x{301}e\x{301}e\x{301}e\x{301}e\x{301} e\x{301}e\x{301}e\x{301}e\x{301}e\x{301}e\x{301}e\x{301}e\x{301}e\x{301}e\x{301}e\x{301}e\x{301}e\x{301}e\x{301}e\x{301}e\x{301}e\x{301}e\x{301}e\x{301}e\x{301}e\x{301}e\x{301}"
          text run at (1055,4740) width 1: " "
          text run at (0,4755) width 1056: "e\x{301}e\x{301}e\x{301}e\x{301}e\x{301}e\x{301}e\x{301}e\x{301}e\x{301}e\x{301}e\x{301}e\x{301}e\x{301}e\x{301}e\x{301}e\x{301}e\x{301}e\x{301}e\x{301}e\x{301}e\x{301}e\x{301}e\x{301}e\x{301}e\x{301}e\x{301}e\x{301}e\x{301}e\x{301}e\x{301}e\x{301}e\x{301} e\x{301} e\x{301}e\x{301}e\x{301}e\x{301}e\x{301}e\x{301}e\x{301}e\x{301}e\x{301}e\x{301}e\x{301}e\x{301}e\x{301}e\x{301}e\x{301}e\x{301}e\x{301}e\x{301}e\x{301}e\x{301}e\x{301}e\x{301}e\x{301}e\x{301}e\x{301}e\x{301}e\x{301}e\x{301}e\x{301}e\x{301}e\x{301}e\x{301}e\x{301}e\x{301}e\x{301}e\x{301}e\x{301}e\x{301}e\x{301}e\x{301}e\x{301}e\x{301}e\x{301} e\x{301}e\x{301}e\x{301}e\x{301}e\x{301}e\x{301}e\x{301}e\x{301}e\x{301}e\x{301}e\x{301}e\x{301}e\x{301}e\x{301}e\x{301}e\x{301}e\x{301}e\x{301}e\x{301}e\x{301}e\x{301}e\x{301}e\x{301}e\x{301}e\x{301}e\x{301}e\x{301}e\x{301}e\x{301}e\x{301} e\x{301}e\x{301}e\x{301}e\x{301}e\x{301}e\x{301}e\x{301}e\x{301}e\x{301}e\x{301}e\x{301}e\x{301}e\x{301}e\x{301}e\x{301}e\x{301}e\x{301}e\x{301}e\x{301}e\x{301}e\x{301}e\x{301}"
          text run at (1055,4755) width 1: " "
          text run at (0,4770) width 1056: "e\x{301}e\x{301}e\x{301}e\x{301}e\x{301}e\x{301}e\x{301}e\x{301}e\x{301}e\x{301}e\x{301}e\x{301}e\x{301}e\x{301}e\x{301}e\x{301}e\x{301}e\x{301}e\x{301}e\x{301}e\x{301}e\x{301}e\x{301}e\x{301}e\x{301}e\x{301}e\x{301}e\x{301}e\x{301}e\x{301}e\x{301}e\x{301} e\x{301} e\x{301}e\x{301}e\x{301}e\x{301}e\x{301}e\x{301}e\x{301}e\x{301}e\x{301}e\x{301}e\x{301}e\x{301}e\x{301}e\x{301}e\x{301}e\x{301}e\x{301}e\x{301}e\x{301}e\x{301}e\x{301}e\x{301}e\x{301}e\x{301}e\x{301}e\x{301}e\x{301}e\x{301}e\x{301}e\x{301}e\x{301}e\x{301}e\x{301}e\x{301}e\x{301}e\x{301}e\x{301}e\x{301}e\x{301}e\x{301}e\x{301}e\x{301}e\x{301} e\x{301}e\x{301}e\x{301}e\x{301}e\x{301}e\x{301}e\x{301}e\x{301}e\x{301}e\x{301}e\x{301}e\x{301}e\x{301}e\x{301}e\x{301}e\x{301}e\x{301}e\x{301}e\x{301}e\x{301}e\x{301}e\x{301}e\x{301}e\x{301}e\x{301}e\x{301}e\x{301}e\x{301}e\x{301}e\x{301} e\x{301}e\x{301}e\x{301}e\x{301}e\x{301}e\x{301}e\x{301}e\x{301}e\x{301}e\x{301}e\x{301}e\x{301}e\x{301}e\x{301}e\x{301}e\x{301}e\x{301}e\x{301}e\x{301}e\x{301}e\x{301}e\x{301}"
          text run at (1055,4770) width 1: " "
          text run at (0,4785) width 1056: "e\x{301}e\x{301}e\x{301}e\x{301}e\x{301}e\x{301}e\x{301}e\x{301}e\x{301}e\x{301}e\x{301}e\x{301}e\x{301}e\x{301}e\x{301}e\x{301}e\x{301}e\x{301}e\x{301}e\x{301}e\x{301}e\x{301}e\x{301}e\x{301}e\x{301}e\x{301}e\x{301}e\x{301}e\x{301}e\x{301}e\x{301}e\x{301} e\x{301} e\x{301}e\x{301}e\x{301}e\x{301}e\x{301}e\x{301}e\x{301}e\x{301}e\x{301}e\x{301}e\x{301}e\x{301}e\x{301}e\x{301}e\x{301}e\x{301}e\x{301}e\x{301}e\x{301}e\x{301}e\x{301}e\x{301}e\x{301}e\x{301}e\x{301}e\x{301}e\x{301}e\x{301}e\x{301}e\x{301}e\x{301}e\x{301}e\x{301}e\x{301}e\x{301}e\x{301}e\x{301}e\x{301}e\x{301}e\x{301}e\x{301}e\x{301}e\x{301} e\x{301}e\x{301}e\x{301}e\x{301}e\x{301}e\x{301}e\x{301}e\x{301}e\x{301}e\x{301}e\x{301}e\x{301}e\x{301}e\x{301}e\x{301}e\x{301}e\x{301}e\x{301}e\x{301}e\x{301}e\x{301}e\x{301}e\x{301}e\x{301}e\x{301}e\x{301}e\x{301}e\x{301}e\x{301}e\x{301} e\x{301}e\x{301}e\x{301}e\x{301}e\x{301}e\x{301}e\x{301}e\x{301}e\x{301}e\x{301}e\x{301}e\x{301}e\x{301}e\x{301}e\x{301}e\x{301}e\x{301}e\x{301}e\x{301}e\x{301}e\x{301}e\x{301}"
          text run at (1055,4785) width 1: " "
          text run at (0,4800) width 1056: "e\x{301}e\x{301}e\x{301}e\x{301}e\x{301}e\x{301}e\x{301}e\x{301}e\x{301}e\x{301}e\x{301}e\x{301}e\x{301}e\x{301}e\x{301}e\x{301}e\x{301}e\x{301}e\x{301}e\x{301}e\x{301}e\x{301}e\x{301}e\x{301}e\x{301}e\x{301}e\x{301}e\x{301}e\x{301}e\x{301}e\x{301}e\x{301} e\x{301} e\x{301}e\x{301}e\x{301}e\x{301}e\x{301}e\x{301}e\x{301}e\x{301}e\x{301}e\x{301}e\x{301}e\x{301}e\x{301}e\x{301}e\x{301}e\x{301}e\x{301}e\x{301}e\x{301}e\x{301}e\x{301}e\x{301}e\x{301}e\x{301}e\x{301}e\x{301}e\x{301}e\x{301}e\x{301}e\x{301}e\x{301}e\x{301}e\x{301}e\x{301}e\x{301}e\x{301}e\x{301}e\x{301}e\x{301}e\x{301}e\x{301}e\x{301}e\x{301} e\x{301}e\x{301}e\x{301}e\x{301}e\x{301}e\x{301}e\x{301}e\x{301}e\x{301}e\x{301}e\x{301}e\x{301}e\x{301}e\x{301}e\x{301}e\x{301}e\x{301}e\x{301}e\x{301}e\x{301}e\x{301}e\x{301}e\x{301}e\x{301}e\x{301}e\x{301}e\x{301}e\x{301}e\x{301}e\x{301} e\x{301}e\x{301}e\x{301}e\x{301}e\x{301}e\x{301}e\x{301}e\x{301}e\x{301}e\x{301}e\x{301}e\x{301}e\x{301}e\x{301}e\x{301}e\x{301}e\x{301}e\x{301}e\x{301}e\x{301}e\x{301}e\x{301}"
          text run at (1055,4800) width 1: " "
          text run at (0,4815) width 1056: "e\x{301}e\x{301}e\x{301}e\x{301}e\x{301}e\x{301}e\x{301}e\x{301}e\x{301}e\x{301}e\x{301}e\x{301}e\x{301}e\x{301}e\x{301}e\x{301}e\x{301}e\x{301}e\x{301}e\x{301}e\x{301}e\x{301}e\x{301}e\x{301}e\x{301}e\x{301}e\x{301}e\x{301}e\x{301}e\x{301}e\x{301}e\x{301} e\x{301} e\x{301}e\x{301}e\x{301}e\x{301}e\x{301}e\x{301}e\x{301}e\x{301}e\x{301}e\x{301}e\x{301}e\x{301}e\x{301}e\x{301}e\x{301}e\x{301}e\x{301}e\x{301}e\x{301}e\x{301}e\x{301}e\x{301}e\x{301}e\x{301}e\x{301}e\x{301}e\x{301}e\x{301}e\x{301}e\x{301}e\x{301}e\x{301}e\x{301}e\x{301}e\x{301}e\x{301}e\x{301}e\x{301}e\x{301}e\x{301}e\x{301}e\x{301}e\x{301} e\x{301}e\x{301}e\x{301}e\x{301}e\x{301}e\x{301}e\x{301}e\x{301}e\x{301}e\x{301}e\x{301}e\x{301}e\x{301}e\x{301}e\x{301}e\x{301}e\x{301}e\x{301}e\x{301}e\x{301}e\x{301}e\x{301}e\x{301}e\x{301}e\x{301}e\x{301}e\x{301}e\x{301}e\x{301}e\x{301} e\x{301}e\x{301}e\x{301}e\x{301}e\x{301}e\x{301}e\x{301}e\x{301}e\x{301}e\x{301}e\x{301}e\x{301}e\x{301}e\x{301}e\x{301}e\x{301}e\x{301}e\x{301}e\x{301}e\x{301}e\x{301}e\x{301}"
          text run at (1055,4815) width 1: " "
          text run at (0,4830) width 1056: "e\x{301}e\x{301}e\x{301}e\x{301}e\x{301}e\x{301}e\x{301}e\x{301}e\x{301}e\x{301}e\x{301}e\x{301}e\x{301}e\x{301}e\x{301}e\x{301}e\x{301}e\x{301}e\x{301}e\x{301}e\x{301}e\x{301}e\x{301}e\x{301}e\x{301}e\x{301}e\x{301}e\x{301}e\x{301}e\x{301}e\x{301}e\x{301} e\x{301} e\x{301}e\x{301}e\x{301}e\x{301}e\x{301}e\x{301}e\x{301}e\x{301}e\x{301}e\x{301}e\x{301}e\x{301}e\x{301}e\x{301}e\x{301}e\x{301}e\x{301}e\x{301}e\x{301}e\x{301}e\x{301}e\x{301}e\x{301}e\x{301}e\x{301}e\x{301}e\x{301}e\x{301}e\x{301}e\x{301}e\x{301}e\x{301}e\x{301}e\x{301}e\x{301}e\x{301}e\x{301}e\x{301}e\x{301}e\x{301}e\x{301}e\x{301}e\x{301} e\x{301}e\x{301}e\x{301}e\x{301}e\x{301}e\x{301}e\x{301}e\x{301}e\x{301}e\x{301}e\x{301}e\x{301}e\x{301}e\x{301}e\x{301}e\x{301}e\x{301}e\x{301}e\x{301}e\x{301}e\x{301}e\x{301}e\x{301}e\x{301}e\x{301}e\x{301}e\x{301}e\x{301}e\x{301}e\x{301} e\x{301}e\x{301}e\x{301}e\x{301}e\x{301}e\x{301}e\x{301}e\x{301}e\x{301}e\x{301}e\x{301}e\x{301}e\x{301}e\x{301}e\x{301}e\x{301}e\x{301}e\x{301}e\x{301}e\x{301}e\x{301}e\x{301}"
          text run at (1055,4830) width 1: " "
          text run at (0,4845) width 1056: "e\x{301}e\x{301}e\x{301}e\x{301}e\x{301}e\x{301}e\x{301}e\x{301}e\x{301}e\x{301}e\x{301}e\x{301}e\x{301}e\x{301}e\x{301}e\x{301}e\x{301}e\x{301}e\x{301}e\x{301}e\x{301}e\x{301}e\x{301}e\x{301}e\x{301}e\x{301}e\x{301}e\x{301}e\x{301}e\x{301}e\x{301}e\x{301} e\x{301} e\x{301}e\x{301}e\x{301}e\x{301}e\x{301}e\x{301}e\x{301}e\x{301}e\x{301}e\x{301}e\x{301}e\x{301}e\x{301}e\x{301}e\x{301}e\x{301}e\x{301}e\x{301}e\x{301}e\x{301}e\x{301}e\x{301}e\x{301}e\x{301}e\x{301}e\x{301}e\x{301}e\x{301}e\x{301}e\x{301}e\x{301}e\x{301}e\x{301}e\x{301}e\x{301}e\x{301}e\x{301}e\x{301}e\x{301}e\x{301}e\x{301}e\x{301}e\x{301} e\x{301}e\x{301}e\x{301}e\x{301}e\x{301}e\x{301}e\x{301}e\x{301}e\x{301}e\x{301}e\x{301}e\x{301}e\x{301}e\x{301}e\x{301}e\x{301}e\x{301}e\x{301}e\x{301}e\x{301}e\x{301}e\x{301}e\x{301}e\x{301}e\x{301}e\x{301}e\x{301}e\x{301}e\x{301}e\x{301} e\x{301}e\x{301}e\x{301}e\x{301}e\x{301}e\x{301}e\x{301}e\x{301}e\x{301}e\x{301}e\x{301}e\x{301}e\x{301}e\x{301}e\x{301}e\x{301}e\x{301}e\x{301}e\x{301}e\x{301}e\x{301}e\x{301}"
          text run at (1055,4845) width 1: " "
          text run at (0,4860) width 1056: "e\x{301}e\x{301}e\x{301}e\x{301}e\x{301}e\x{301}e\x{301}e\x{301}e\x{301}e\x{301}e\x{301}e\x{301}e\x{301}e\x{301}e\x{301}e\x{301}e\x{301}e\x{301}e\x{301}e\x{301}e\x{301}e\x{301}e\x{301}e\x{301}e\x{301}e\x{301}e\x{301}e\x{301}e\x{301}e\x{301}e\x{301}e\x{301} e\x{301} e\x{301}e\x{301}e\x{301}e\x{301}e\x{301}e\x{301}e\x{301}e\x{301}e\x{301}e\x{301}e\x{301}e\x{301}e\x{301}e\x{301}e\x{301}e\x{301}e\x{301}e\x{301}e\x{301}e\x{301}e\x{301}e\x{301}e\x{301}e\x{301}e\x{301}e\x{301}e\x{301}e\x{301}e\x{301}e\x{301}e\x{301}e\x{301}e\x{301}e\x{301}e\x{301}e\x{301}e\x{301}e\x{301}e\x{301}e\x{301}e\x{301}e\x{301}e\x{301} e\x{301}e\x{301}e\x{301}e\x{301}e\x{301}e\x{301}e\x{301}e\x{301}e\x{301}e\x{301}e\x{301}e\x{301}e\x{301}e\x{301}e\x{301}e\x{301}e\x{301}e\x{301}e\x{301}e\x{301}e\x{301}e\x{301}e\x{301}e\x{301}e\x{301}e\x{301}e\x{301}e\x{301}e\x{301}e\x{301} e\x{301}e\x{301}e\x{301}e\x{301}e\x{301}e\x{301}e\x{301}e\x{301}e\x{301}e\x{301}e\x{301}e\x{301}e\x{301}e\x{301}e\x{301}e\x{301}e\x{301}e\x{301}e\x{301}e\x{301}e\x{301}e\x{301}"
          text run at (1055,4860) width 1: " "
          text run at (0,4875) width 1056: "e\x{301}e\x{301}e\x{301}e\x{301}e\x{301}e\x{301}e\x{301}e\x{301}e\x{301}e\x{301}e\x{301}e\x{301}e\x{301}e\x{301}e\x{301}e\x{301}e\x{301}e\x{301}e\x{301}e\x{301}e\x{301}e\x{301}e\x{301}e\x{301}e\x{301}e\x{301}e\x{301}e\x{301}e\x{301}e\x{301}e\x{301}e\x{301} e\x{301} e\x{301}e\x{301}e\x{301}e\x{301}e\x{301}e\x{301}e\x{301}e\x{301}e\x{301}e\x{301}e\x{301}e\x{301}e\x{301}e\x{301}e\x{301}e\x{301}e\x{301}e\x{301}e\x{301}e\x{301}e\x{301}e\x{301}e\x{301}e\x{301}e\x{301}e\x{301}e\x{301}e\x{301}e\x{301}e\x{301}e\x{301}e\x{301}e\x{301}e\x{301}e\x{301}e\x{301}e\x{301}e\x{301}e\x{301}e\x{301}e\x{301}e\x{301}e\x{301} e\x{301}e\x{301}e\x{301}e\x{301}e\x{301}e\x{301}e\x{301}e\x{301}e\x{301}e\x{301}e\x{301}e\x{301}e\x{301}e\x{301}e\x{301}e\x{301}e\x{301}e\x{301}e\x{301}e\x{301}e\x{301}e\x{301}e\x{301}e\x{301}e\x{301}e\x{301}e\x{301}e\x{301}e\x{301}e\x{301} e\x{301}e\x{301}e\x{301}e\x{301}e\x{301}e\x{301}e\x{301}e\x{301}e\x{301}e\x{301}e\x{301}e\x{301}e\x{301}e\x{301}e\x{301}e\x{301}e\x{301}e\x{301}e\x{301}e\x{301}e\x{301}e\x{301}"
          text run at (1055,4875) width 1: " "
          text run at (0,4890) width 1056: "e\x{301}e\x{301}e\x{301}e\x{301}e\x{301}e\x{301}e\x{301}e\x{301}e\x{301}e\x{301}e\x{301}e\x{301}e\x{301}e\x{301}e\x{301}e\x{301}e\x{301}e\x{301}e\x{301}e\x{301}e\x{301}e\x{301}e\x{301}e\x{301}e\x{301}e\x{301}e\x{301}e\x{301}e\x{301}e\x{301}e\x{301}e\x{301} e\x{301} e\x{301}e\x{301}e\x{301}e\x{301}e\x{301}e\x{301}e\x{301}e\x{301}e\x{301}e\x{301}e\x{301}e\x{301}e\x{301}e\x{301}e\x{301}e\x{301}e\x{301}e\x{301}e\x{301}e\x{301}e\x{301}e\x{301}e\x{301}e\x{301}e\x{301}e\x{301}e\x{301}e\x{301}e\x{301}e\x{301}e\x{301}e\x{301}e\x{301}e\x{301}e\x{301}e\x{301}e\x{301}e\x{301}e\x{301}e\x{301}e\x{301}e\x{301}e\x{301} e\x{301}e\x{301}e\x{301}e\x{301}e\x{301}e\x{301}e\x{301}e\x{301}e\x{301}e\x{301}e\x{301}e\x{301}e\x{301}e\x{301}e\x{301}e\x{301}e\x{301}e\x{301}e\x{301}e\x{301}e\x{301}e\x{301}e\x{301}e\x{301}e\x{301}e\x{301}e\x{301}e\x{301}e\x{301}e\x{301} e\x{301}e\x{301}e\x{301}e\x{301}e\x{301}e\x{301}e\x{301}e\x{301}e\x{301}e\x{301}e\x{301}e\x{301}e\x{301}e\x{301}e\x{301}e\x{301}e\x{301}e\x{301}e\x{301}e\x{301}e\x{301}e\x{301}"
          text run at (1055,4890) width 1: " "
          text run at (0,4905) width 1056: "e\x{301}e\x{301}e\x{301}e\x{301}e\x{301}e\x{301}e\x{301}e\x{301}e\x{301}e\x{301}e\x{301}e\x{301}e\x{301}e\x{301}e\x{301}e\x{301}e\x{301}e\x{301}e\x{301}e\x{301}e\x{301}e\x{301}e\x{301}e\x{301}e\x{301}e\x{301}e\x{301}e\x{301}e\x{301}e\x{301}e\x{301}e\x{301} e\x{301} e\x{301}e\x{301}e\x{301}e\x{301}e\x{301}e\x{301}e\x{301}e\x{301}e\x{301}e\x{301}e\x{301}e\x{301}e\x{301}e\x{301}e\x{301}e\x{301}e\x{301}e\x{301}e\x{301}e\x{301}e\x{301}e\x{301}e\x{301}e\x{301}e\x{301}e\x{301}e\x{301}e\x{301}e\x{301}e\x{301}e\x{301}e\x{301}e\x{301}e\x{301}e\x{301}e\x{301}e\x{301}e\x{301}e\x{301}e\x{301}e\x{301}e\x{301}e\x{301} e\x{301}e\x{301}e\x{301}e\x{301}e\x{301}e\x{301}e\x{301}e\x{301}e\x{301}e\x{301}e\x{301}e\x{301}e\x{301}e\x{301}e\x{301}e\x{301}e\x{301}e\x{301}e\x{301}e\x{301}e\x{301}e\x{301}e\x{301}e\x{301}e\x{301}e\x{301}e\x{301}e\x{301}e\x{301}e\x{301} e\x{301}e\x{301}e\x{301}e\x{301}e\x{301}e\x{301}e\x{301}e\x{301}e\x{301}e\x{301}e\x{301}e\x{301}e\x{301}e\x{301}e\x{301}e\x{301}e\x{301}e\x{301}e\x{301}e\x{301}e\x{301}e\x{301}"
          text run at (1055,4905) width 1: " "
          text run at (0,4920) width 1056: "e\x{301}e\x{301}e\x{301}e\x{301}e\x{301}e\x{301}e\x{301}e\x{301}e\x{301}e\x{301}e\x{301}e\x{301}e\x{301}e\x{301}e\x{301}e\x{301}e\x{301}e\x{301}e\x{301}e\x{301}e\x{301}e\x{301}e\x{301}e\x{301}e\x{301}e\x{301}e\x{301}e\x{301}e\x{301}e\x{301}e\x{301}e\x{301} e\x{301} e\x{301}e\x{301}e\x{301}e\x{301}e\x{301}e\x{301}e\x{301}e\x{301}e\x{301}e\x{301}e\x{301}e\x{301}e\x{301}e\x{301}e\x{301}e\x{301}e\x{301}e\x{301}e\x{301}e\x{301}e\x{301}e\x{301}e\x{301}e\x{301}e\x{301}e\x{301}e\x{301}e\x{301}e\x{301}e\x{301}e\x{301}e\x{301}e\x{301}e\x{301}e\x{301}e\x{301}e\x{301}e\x{301}e\x{301}e\x{301}e\x{301}e\x{301}e\x{301} e\x{301}e\x{301}e\x{301}e\x{301}e\x{301}e\x{301}e\x{301}e\x{301}e\x{301}e\x{301}e\x{301}e\x{301}e\x{301}e\x{301}e\x{301}e\x{301}e\x{301}e\x{301}e\x{301}e\x{301}e\x{301}e\x{301}e\x{301}e\x{301}e\x{301}e\x{301}e\x{301}e\x{301}e\x{301}e\x{301} e\x{301}e\x{301}e\x{301}e\x{301}e\x{301}e\x{301}e\x{301}e\x{301}e\x{301}e\x{301}e\x{301}e\x{301}e\x{301}e\x{301}e\x{301}e\x{301}e\x{301}e\x{301}e\x{301}e\x{301}e\x{301}e\x{301}"
          text run at (1055,4920) width 1: " "
          text run at (0,4935) width 1056: "e\x{301}e\x{301}e\x{301}e\x{301}e\x{301}e\x{301}e\x{301}e\x{301}e\x{301}e\x{301}e\x{301}e\x{301}e\x{301}e\x{301}e\x{301}e\x{301}e\x{301}e\x{301}e\x{301}e\x{301}e\x{301}e\x{301}e\x{301}e\x{301}e\x{301}e\x{301}e\x{301}e\x{301}e\x{301}e\x{301}e\x{301}e\x{301} e\x{301} e\x{301}e\x{301}e\x{301}e\x{301}e\x{301}e\x{301}e\x{301}e\x{301}e\x{301}e\x{301}e\x{301}e\x{301}e\x{301}e\x{301}e\x{301}e\x{301}e\x{301}e\x{301}e\x{301}e\x{301}e\x{301}e\x{301}e\x{301}e\x{301}e\x{301}e\x{301}e\x{301}e\x{301}e\x{301}e\x{301}e\x{301}e\x{301}e\x{301}e\x{301}e\x{301}e\x{301}e\x{301}e\x{301}e\x{301}e\x{301}e\x{301}e\x{301}e\x{301} e\x{301}e\x{301}e\x{301}e\x{301}e\x{301}e\x{301}e\x{301}e\x{301}e\x{301}e\x{301}e\x{301}e\x{301}e\x{301}e\x{301}e\x{301}e\x{301}e\x{301}e\x{301}e\x{301}e\x{301}e\x{301}e\x{301}e\x{301}e\x{301}e\x{301}e\x{301}e\x{301}e\x{301}e\x{301}e\x{301} e\x{301}e\x{301}e\x{301}e\x{301}e\x{301}e\x{301}e\x{301}e\x{301}e\x{301}e\x{301}e\x{301}e\x{301}e\x{301}e\x{301}e\x{301}e\x{301}e\x{301}e\x{301}e\x{301}e\x{301}e\x{301}e\x{301}"
          text run at (1055,4935) width 1: " "
          text run at (0,4950) width 1056: "e\x{301}e\x{301}e\x{301}e\x{301}e\x{301}e\x{301}e\x{301}e\x{301}e\x{301}e\x{301}e\x{301}e\x{301}e\x{301}e\x{301}e\x{301}e\x{301}e\x{301}e\x{301}e\x{301}e\x{301}e\x{301}e\x{301}e\x{301}e\x{301}e\x{301}e\x{301}e\x{301}e\x{301}e\x{301}e\x{301}e\x{301}e\x{301} e\x{301} e\x{301}e\x{301}e\x{301}e\x{301}e\x{301}e\x{301}e\x{301}e\x{301}e\x{301}e\x{301}e\x{301}e\x{301}e\x{301}e\x{301}e\x{301}e\x{301}e\x{301}e\x{301}e\x{301}e\x{301}e\x{301}e\x{301}e\x{301}e\x{301}e\x{301}e\x{301}e\x{301}e\x{301}e\x{301}e\x{301}e\x{301}e\x{301}e\x{301}e\x{301}e\x{301}e\x{301}e\x{301}e\x{301}e\x{301}e\x{301}e\x{301}e\x{301}e\x{301} e\x{301}e\x{301}e\x{301}e\x{301}e\x{301}e\x{301}e\x{301}e\x{301}e\x{301}e\x{301}e\x{301}e\x{301}e\x{301}e\x{301}e\x{301}e\x{301}e\x{301}e\x{301}e\x{301}e\x{301}e\x{301}e\x{301}e\x{301}e\x{301}e\x{301}e\x{301}e\x{301}e\x{301}e\x{301}e\x{301} e\x{301}e\x{301}e\x{301}e\x{301}e\x{301}e\x{301}e\x{301}e\x{301}e\x{301}e\x{301}e\x{301}e\x{301}e\x{301}e\x{301}e\x{301}e\x{301}e\x{301}e\x{301}e\x{301}e\x{301}e\x{301}e\x{301}"
          text run at (1055,4950) width 1: " "
          text run at (0,4965) width 1056: "e\x{301}e\x{301}e\x{301}e\x{301}e\x{301}e\x{301}e\x{301}e\x{301}e\x{301}e\x{301}e\x{301}e\x{301}e\x{301}e\x{301}e\x{301}e\x{301}e\x{301}e\x{301}e\x{301}e\x{301}e\x{301}e\x{301}e\x{301}e\x{301}e\x{301}e\x{301}e\x{301}e\x{301}e\x{301}e\x{301}e\x{301}e\x{301} e\x{301} e\x{301}e\x{301}e\x{301}e\x{301}e\x{301}e\x{301}e\x{301}e\x{301}e\x{301}e\x{301}e\x{301}e\x{301}e\x{301}e\x{301}e\x{301}e\x{301}e\x{301}e\x{301}e\x{301}e\x{301}e\x{301}e\x{301}e\x{301}e\x{301}e\x{301}e\x{301}e\x{301}e\x{301}e\x{301}e\x{301}e\x{301}e\x{301}e\x{301}e\x{301}e\x{301}e\x{301}e\x{301}e\x{301}e\x{301}e\x{301}e\x{301}e\x{301}e\x{301} e\x{301}e\x{301}e\x{301}e\x{301}e\x{301}e\x{301}e\x{301}e\x{301}e\x{301}e\x{301}e\x{301}e\x{301}e\x{301}e\x{301}e\x{301}e\x{301}e\x{301}e\x{301}e\x{301}e\x{301}e\x{301}e\x{301}e\x{301}e\x{301}e\x{301}e\x{301}e\x{301}e\x{301}e\x{301}e\x{301} e\x{301}e\x{301}e\x{301}e\x{301}e\x{301}e\x{301}e\x{301}e\x{301}e\x{301}e\x{301}e\x{301}e\x{301}e\x{301}e\x{301}e\x{301}e\x{301}e\x{301}e\x{301}e\x{301}e\x{301}e\x{301}e\x{301}"
          text run at (1055,4965) width 1: " "
          text run at (0,4980) width 1056: "e\x{301}e\x{301}e\x{301}e\x{301}e\x{301}e\x{301}e\x{301}e\x{301}e\x{301}e\x{301}e\x{301}e\x{301}e\x{301}e\x{301}e\x{301}e\x{301}e\x{301}e\x{301}e\x{301}e\x{301}e\x{301}e\x{301}e\x{301}e\x{301}e\x{301}e\x{301}e\x{301}e\x{301}e\x{301}e\x{301}e\x{301}e\x{301} e\x{301} e\x{301}e\x{301}e\x{301}e\x{301}e\x{301}e\x{301}e\x{301}e\x{301}e\x{301}e\x{301}e\x{301}e\x{301}e\x{301}e\x{301}e\x{301}e\x{301}e\x{301}e\x{301}e\x{301}e\x{301}e\x{301}e\x{301}e\x{301}e\x{301}e\x{301}e\x{301}e\x{301}e\x{301}e\x{301}e\x{301}e\x{301}e\x{301}e\x{301}e\x{301}e\x{301}e\x{301}e\x{301}e\x{301}e\x{301}e\x{301}e\x{301}e\x{301}e\x{301} e\x{301}e\x{301}e\x{301}e\x{301}e\x{301}e\x{301}e\x{301}e\x{301}e\x{301}e\x{301}e\x{301}e\x{301}e\x{301}e\x{301}e\x{301}e\x{301}e\x{301}e\x{301}e\x{301}e\x{301}e\x{301}e\x{301}e\x{301}e\x{301}e\x{301}e\x{301}e\x{301}e\x{301}e\x{301}e\x{301} e\x{301}e\x{301}e\x{301}e\x{301}e\x{301}e\x{301}e\x{301}e\x{301}e\x{301}e\x{301}e\x{301}e\x{301}e\x{301}e\x{301}e\x{301}e\x{301}e\x{301}e\x{301}e\x{301}e\x{301}e\x{301}e\x{301}"
          text run at (1055,4980) width 1: " "
          text run at (0,4995) width 1056: "e\x{301}e\x{301}e\x{301}e\x{301}e\x{301}e\x{301}e\x{301}e\x{301}e\x{301}e\x{301}e\x{301}e\x{301}e\x{301}e\x{301}e\x{301}e\x{301}e\x{301}e\x{301}e\x{301}e\x{301}e\x{301}e\x{301}e\x{301}e\x{301}e\x{301}e\x{301}e\x{301}e\x{301}e\x{301}e\x{301}e\x{301}e\x{301} e\x{301} e\x{301}e\x{301}e\x{301}e\x{301}e\x{301}e\x{301}e\x{301}e\x{301}e\x{301}e\x{301}e\x{301}e\x{301}e\x{301}e\x{301}e\x{301}e\x{301}e\x{301}e\x{301}e\x{301}e\x{301}e\x{301}e\x{301}e\x{301}e\x{301}e\x{301}e\x{301}e\x{301}e\x{301}e\x{301}e\x{301}e\x{301}e\x{301}e\x{301}e\x{301}e\x{301}e\x{301}e\x{301}e\x{301}e\x{301}e\x{301}e\x{301}e\x{301}e\x{301} e\x{301}e\x{301}e\x{301}e\x{301}e\x{301}e\x{301}e\x{301}e\x{301}e\x{301}e\x{301}e\x{301}e\x{301}e\x{301}e\x{301}e\x{301}e\x{301}e\x{301}e\x{301}e\x{301}e\x{301}e\x{301}e\x{301}e\x{301}e\x{301}e\x{301}e\x{301}e\x{301}e\x{301}e\x{301}e\x{301} e\x{301}e\x{301}e\x{301}e\x{301}e\x{301}e\x{301}e\x{301}e\x{301}e\x{301}e\x{301}e\x{301}e\x{301}e\x{301}e\x{301}e\x{301}e\x{301}e\x{301}e\x{301}e\x{301}e\x{301}e\x{301}e\x{301}"
          text run at (1055,4995) width 1: " "
          text run at (0,5010) width 1056: "e\x{301}e\x{301}e\x{301}e\x{301}e\x{301}e\x{301}e\x{301}e\x{301}e\x{301}e\x{301}e\x{301}e\x{301}e\x{301}e\x{301}e\x{301}e\x{301}e\x{301}e\x{301}e\x{301}e\x{301}e\x{301}e\x{301}e\x{301}e\x{301}e\x{301}e\x{301}e\x{301}e\x{301}e\x{301}e\x{301}e\x{301}e\x{301} e\x{301} e\x{301}e\x{301}e\x{301}e\x{301}e\x{301}e\x{301}e\x{301}e\x{301}e\x{301}e\x{301}e\x{301}e\x{301}e\x{301}e\x{301}e\x{301}e\x{301}e\x{301}e\x{301}e\x{301}e\x{301}e\x{301}e\x{301}e\x{301}e\x{301}e\x{301}e\x{301}e\x{301}e\x{301}e\x{301}e\x{301}e\x{301}e\x{301}e\x{301}e\x{301}e\x{301}e\x{301}e\x{301}e\x{301}e\x{301}e\x{301}e\x{301}e\x{301}e\x{301} e\x{301}e\x{301}e\x{301}e\x{301}e\x{301}e\x{301}e\x{301}e\x{301}e\x{301}e\x{301}e\x{301}e\x{301}e\x{301}e\x{301}e\x{301}e\x{301}e\x{301}e\x{301}e\x{301}e\x{301}e\x{301}e\x{301}e\x{301}e\x{301}e\x{301}e\x{301}e\x{301}e\x{301}e\x{301}e\x{301} e\x{301}e\x{301}e\x{301}e\x{301}e\x{301}e\x{301}e\x{301}e\x{301}e\x{301}e\x{301}e\x{301}e\x{301}e\x{301}e\x{301}e\x{301}e\x{301}e\x{301}e\x{301}e\x{301}e\x{301}e\x{301}e\x{301}"
          text run at (1055,5010) width 1: " "
          text run at (0,5025) width 1056: "e\x{301}e\x{301}e\x{301}e\x{301}e\x{301}e\x{301}e\x{301}e\x{301}e\x{301}e\x{301}e\x{301}e\x{301}e\x{301}e\x{301}e\x{301}e\x{301}e\x{301}e\x{301}e\x{301}e\x{301}e\x{301}e\x{301}e\x{301}e\x{301}e\x{301}e\x{301}e\x{301}e\x{301}e\x{301}e\x{301}e\x{301}e\x{301} e\x{301} e\x{301}e\x{301}e\x{301}e\x{301}e\x{301}e\x{301}e\x{301}e\x{301}e\x{301}e\x{301}e\x{301}e\x{301}e\x{301}e\x{301}e\x{301}e\x{301}e\x{301}e\x{301}e\x{301}e\x{301}e\x{301}e\x{301}e\x{301}e\x{301}e\x{301}e\x{301}e\x{301}e\x{301}e\x{301}e\x{301}e\x{301}e\x{301}e\x{301}e\x{301}e\x{301}e\x{301}e\x{301}e\x{301}e\x{301}e\x{301}e\x{301}e\x{301}e\x{301} e\x{301}e\x{301}e\x{301}e\x{301}e\x{301}e\x{301}e\x{301}e\x{301}e\x{301}e\x{301}e\x{301}e\x{301}e\x{301}e\x{301}e\x{301}e\x{301}e\x{301}e\x{301}e\x{301}e\x{301}e\x{301}e\x{301}e\x{301}e\x{301}e\x{301}e\x{301}e\x{301}e\x{301}e\x{301}e\x{301} e\x{301}e\x{301}e\x{301}e\x{301}e\x{301}e\x{301}e\x{301}e\x{301}e\x{301}e\x{301}e\x{301}e\x{301}e\x{301}e\x{301}e\x{301}e\x{301}e\x{301}e\x{301}e\x{301}e\x{301}e\x{301}e\x{301}"
          text run at (1055,5025) width 1: " "
          text run at (0,5040) width 1056: "e\x{301}e\x{301}e\x{301}e\x{301}e\x{301}e\x{301}e\x{301}e\x{301}e\x{301}e\x{301}e\x{301}e\x{301}e\x{301}e\x{301}e\x{301}e\x{301}e\x{301}e\x{301}e\x{301}e\x{301}e\x{301}e\x{301}e\x{301}e\x{301}e\x{301}e\x{301}e\x{301}e\x{301}e\x{301}e\x{301}e\x{301}e\x{301} e\x{301} e\x{301}e\x{301}e\x{301}e\x{301}e\x{301}e\x{301}e\x{301}e\x{301}e\x{301}e\x{301}e\x{301}e\x{301}e\x{301}e\x{301}e\x{301}e\x{301}e\x{301}e\x{301}e\x{301}e\x{301}e\x{301}e\x{301}e\x{301}e\x{301}e\x{301}e\x{301}e\x{301}e\x{301}e\x{301}e\x{301}e\x{301}e\x{301}e\x{301}e\x{301}e\x{301}e\x{301}e\x{301}e\x{301}e\x{301}e\x{301}e\x{301}e\x{301}e\x{301} e\x{301}e\x{301}e\x{301}e\x{301}e\x{301}e\x{301}e\x{301}e\x{301}e\x{301}e\x{301}e\x{301}e\x{301}e\x{301}e\x{301}e\x{301}e\x{301}e\x{301}e\x{301}e\x{301}e\x{301}e\x{301}e\x{301}e\x{301}e\x{301}e\x{301}e\x{301}e\x{301}e\x{301}e\x{301}e\x{301} e\x{301}e\x{301}e\x{301}e\x{301}e\x{301}e\x{301}e\x{301}e\x{301}e\x{301}e\x{301}e\x{301}e\x{301}e\x{301}e\x{301}e\x{301}e\x{301}e\x{301}e\x{301}e\x{301}e\x{301}e\x{301}e\x{301}"
          text run at (1055,5040) width 1: " "
          text run at (0,5055) width 1056: "e\x{301}e\x{301}e\x{301}e\x{301}e\x{301}e\x{301}e\x{301}e\x{301}e\x{301}e\x{301}e\x{301}e\x{301}e\x{301}e\x{301}e\x{301}e\x{301}e\x{301}e\x{301}e\x{301}e\x{301}e\x{301}e\x{301}e\x{301}e\x{301}e\x{301}e\x{301}e\x{301}e\x{301}e\x{301}e\x{301}e\x{301}e\x{301} e\x{301} e\x{301}e\x{301}e\x{301}e\x{301}e\x{301}e\x{301}e\x{301}e\x{301}e\x{301}e\x{301}e\x{301}e\x{301}e\x{301}e\x{301}e\x{301}e\x{301}e\x{301}e\x{301}e\x{301}e\x{301}e\x{301}e\x{301}e\x{301}e\x{301}e\x{301}e\x{301}e\x{301}e\x{301}e\x{301}e\x{301}e\x{301}e\x{301}e\x{301}e\x{301}e\x{301}e\x{301}e\x{301}e\x{301}e\x{301}e\x{301}e\x{301}e\x{301}e\x{301} e\x{301}e\x{301}e\x{301}e\x{301}e\x{301}e\x{301}e\x{301}e\x{301}e\x{301}e\x{301}e\x{301}e\x{301}e\x{301}e\x{301}e\x{301}e\x{301}e\x{301}e\x{301}e\x{301}e\x{301}e\x{301}e\x{301}e\x{301}e\x{301}e\x{301}e\x{301}e\x{301}e\x{301}e\x{301}e\x{301} e\x{301}e\x{301}e\x{301}e\x{301}e\x{301}e\x{301}e\x{301}e\x{301}e\x{301}e\x{301}e\x{301}e\x{301}e\x{301}e\x{301}e\x{301}e\x{301}e\x{301}e\x{301}e\x{301}e\x{301}e\x{301}e\x{301}"
          text run at (1055,5055) width 1: " "
          text run at (0,5070) width 1056: "e\x{301}e\x{301}e\x{301}e\x{301}e\x{301}e\x{301}e\x{301}e\x{301}e\x{301}e\x{301}e\x{301}e\x{301}e\x{301}e\x{301}e\x{301}e\x{301}e\x{301}e\x{301}e\x{301}e\x{301}e\x{301}e\x{301}e\x{301}e\x{301}e\x{301}e\x{301}e\x{301}e\x{301}e\x{301}e\x{301}e\x{301}e\x{301} e\x{301} e\x{301}e\x{301}e\x{301}e\x{301}e\x{301}e\x{301}e\x{301}e\x{301}e\x{301}e\x{301}e\x{301}e\x{301}e\x{301}e\x{301}e\x{301}e\x{301}e\x{301}e\x{301}e\x{301}e\x{301}e\x{301}e\x{301}e\x{301}e\x{301}e\x{301}e\x{301}e\x{301}e\x{301}e\x{301}e\x{301}e\x{301}e\x{301}e\x{301}e\x{301}e\x{301}e\x{301}e\x{301}e\x{301}e\x{301}e\x{301}e\x{301}e\x{301}e\x{301} e\x{301}e\x{301}e\x{301}e\x{301}e\x{301}e\x{301}e\x{301}e\x{301}e\x{301}e\x{301}e\x{301}e\x{301}e\x{301}e\x{301}e\x{301}e\x{301}e\x{301}e\x{301}e\x{301}e\x{301}e\x{301}e\x{301}e\x{301}e\x{301}e\x{301}e\x{301}e\x{301}e\x{301}e\x{301}e\x{301} e\x{301}e\x{301}e\x{301}e\x{301}e\x{301}e\x{301}e\x{301}e\x{301}e\x{301}e\x{301}e\x{301}e\x{301}e\x{301}e\x{301}e\x{301}e\x{301}e\x{301}e\x{301}e\x{301}e\x{301}e\x{301}e\x{301}"
          text run at (1055,5070) width 1: " "
          text run at (0,5085) width 1056: "e\x{301}e\x{301}e\x{301}e\x{301}e\x{301}e\x{301}e\x{301}e\x{301}e\x{301}e\x{301}e\x{301}e\x{301}e\x{301}e\x{301}e\x{301}e\x{301}e\x{301}e\x{301}e\x{301}e\x{301}e\x{301}e\x{301}e\x{301}e\x{301}e\x{301}e\x{301}e\x{301}e\x{301}e\x{301}e\x{301}e\x{301}e\x{301} e\x{301} e\x{301}e\x{301}e\x{301}e\x{301}e\x{301}e\x{301}e\x{301}e\x{301}e\x{301}e\x{301}e\x{301}e\x{301}e\x{301}e\x{301}e\x{301}e\x{301}e\x{301}e\x{301}e\x{301}e\x{301}e\x{301}e\x{301}e\x{301}e\x{301}e\x{301}e\x{301}e\x{301}e\x{301}e\x{301}e\x{301}e\x{301}e\x{301}e\x{301}e\x{301}e\x{301}e\x{301}e\x{301}e\x{301}e\x{301}e\x{301}e\x{301}e\x{301}e\x{301} e\x{301}e\x{301}e\x{301}e\x{301}e\x{301}e\x{301}e\x{301}e\x{301}e\x{301}e\x{301}e\x{301}e\x{301}e\x{301}e\x{301}e\x{301}e\x{301}e\x{301}e\x{301}e\x{301}e\x{301}e\x{301}e\x{301}e\x{301}e\x{301}e\x{301}e\x{301}e\x{301}e\x{301}e\x{301}e\x{301} e\x{301}e\x{301}e\x{301}e\x{301}e\x{301}e\x{301}e\x{301}e\x{301}e\x{301}e\x{301}e\x{301}e\x{301}e\x{301}e\x{301}e\x{301}e\x{301}e\x{301}e\x{301}e\x{301}e\x{301}e\x{301}e\x{301}"
          text run at (1055,5085) width 1: " "
          text run at (0,5100) width 1056: "e\x{301}e\x{301}e\x{301}e\x{301}e\x{301}e\x{301}e\x{301}e\x{301}e\x{301}e\x{301}e\x{301}e\x{301}e\x{301}e\x{301}e\x{301}e\x{301}e\x{301}e\x{301}e\x{301}e\x{301}e\x{301}e\x{301}e\x{301}e\x{301}e\x{301}e\x{301}e\x{301}e\x{301}e\x{301}e\x{301}e\x{301}e\x{301} e\x{301} e\x{301}e\x{301}e\x{301}e\x{301}e\x{301}e\x{301}e\x{301}e\x{301}e\x{301}e\x{301}e\x{301}e\x{301}e\x{301}e\x{301}e\x{301}e\x{301}e\x{301}e\x{301}e\x{301}e\x{301}e\x{301}e\x{301}e\x{301}e\x{301}e\x{301}e\x{301}e\x{301}e\x{301}e\x{301}e\x{301}e\x{301}e\x{301}e\x{301}e\x{301}e\x{301}e\x{301}e\x{301}e\x{301}e\x{301}e\x{301}e\x{301}e\x{301}e\x{301} e\x{301}e\x{301}e\x{301}e\x{301}e\x{301}e\x{301}e\x{301}e\x{301}e\x{301}e\x{301}e\x{301}e\x{301}e\x{301}e\x{301}e\x{301}e\x{301}e\x{301}e\x{301}e\x{301}e\x{301}e\x{301}e\x{301}e\x{301}e\x{301}e\x{301}e\x{301}e\x{301}e\x{301}e\x{301}e\x{301} e\x{301}e\x{301}e\x{301}e\x{301}e\x{301}e\x{301}e\x{301}e\x{301}e\x{301}e\x{301}e\x{301}e\x{301}e\x{301}e\x{301}e\x{301}e\x{301}e\x{301}e\x{301}e\x{301}e\x{301}e\x{301}e\x{301}"
          text run at (1055,5100) width 1: " "
          text run at (0,5115) width 1056: "e\x{301}e\x{301}e\x{301}e\x{301}e\x{301}e\x{301}e\x{301}e\x{301}e\x{301}e\x{301}e\x{301}e\x{301}e\x{301}e\x{301}e\x{301}e\x{301}e\x{301}e\x{301}e\x{301}e\x{301}e\x{301}e\x{301}e\x{301}e\x{301}e\x{301}e\x{301}e\x{301}e\x{301}e\x{301}e\x{301}e\x{301}e\x{301} e\x{301} e\x{301}e\x{301}e\x{301}e\x{301}e\x{301}e\x{301}e\x{301}e\x{301}e\x{301}e\x{301}e\x{301}e\x{301}e\x{301}e\x{301}e\x{301}e\x{301}e\x{301}e\x{301}e\x{301}e\x{301}e\x{301}e\x{301}e\x{301}e\x{301}e\x{301}e\x{301}e\x{301}e\x{301}e\x{301}e\x{301}e\x{301}e\x{301}e\x{301}e\x{301}e\x{301}e\x{301}e\x{301}e\x{301}e\x{301}e\x{301}e\x{301}e\x{301}e\x{301} e\x{301}e\x{301}e\x{301}e\x{301}e\x{301}e\x{301}e\x{301}e\x{301}e\x{301}e\x{301}e\x{301}e\x{301}e\x{301}e\x{301}e\x{301}e\x{301}e\x{301}e\x{301}e\x{301}e\x{301}e\x{301}e\x{301}e\x{301}e\x{301}e\x{301}e\x{301}e\x{301}e\x{301}e\x{301}e\x{301} e\x{301}e\x{301}e\x{301}e\x{301}e\x{301}e\x{301}e\x{301}e\x{301}e\x{301}e\x{301}e\x{301}e\x{301}e\x{301}e\x{301}e\x{301}e\x{301}e\x{301}e\x{301}e\x{301}e\x{301}e\x{301}e\x{301}"
          text run at (1055,5115) width 1: " "
          text run at (0,5130) width 1056: "e\x{301}e\x{301}e\x{301}e\x{301}e\x{301}e\x{301}e\x{301}e\x{301}e\x{301}e\x{301}e\x{301}e\x{301}e\x{301}e\x{301}e\x{301}e\x{301}e\x{301}e\x{301}e\x{301}e\x{301}e\x{301}e\x{301}e\x{301}e\x{301}e\x{301}e\x{301}e\x{301}e\x{301}e\x{301}e\x{301}e\x{301}e\x{301} e\x{301} e\x{301}e\x{301}e\x{301}e\x{301}e\x{301}e\x{301}e\x{301}e\x{301}e\x{301}e\x{301}e\x{301}e\x{301}e\x{301}e\x{301}e\x{301}e\x{301}e\x{301}e\x{301}e\x{301}e\x{301}e\x{301}e\x{301}e\x{301}e\x{301}e\x{301}e\x{301}e\x{301}e\x{301}e\x{301}e\x{301}e\x{301}e\x{301}e\x{301}e\x{301}e\x{301}e\x{301}e\x{301}e\x{301}e\x{301}e\x{301}e\x{301}e\x{301}e\x{301} e\x{301}e\x{301}e\x{301}e\x{301}e\x{301}e\x{301}e\x{301}e\x{301}e\x{301}e\x{301}e\x{301}e\x{301}e\x{301}e\x{301}e\x{301}e\x{301}e\x{301}e\x{301}e\x{301}e\x{301}e\x{301}e\x{301}e\x{301}e\x{301}e\x{301}e\x{301}e\x{301}e\x{301}e\x{301}e\x{301} e\x{301}e\x{301}e\x{301}e\x{301}e\x{301}e\x{301}e\x{301}e\x{301}e\x{301}e\x{301}e\x{301}e\x{301}e\x{301}e\x{301}e\x{301}e\x{301}e\x{301}e\x{301}e\x{301}e\x{301}e\x{301}e\x{301}"
          text run at (1055,5130) width 1: " "
          text run at (0,5145) width 1056: "e\x{301}e\x{301}e\x{301}e\x{301}e\x{301}e\x{301}e\x{301}e\x{301}e\x{301}e\x{301}e\x{301}e\x{301}e\x{301}e\x{301}e\x{301}e\x{301}e\x{301}e\x{301}e\x{301}e\x{301}e\x{301}e\x{301}e\x{301}e\x{301}e\x{301}e\x{301}e\x{301}e\x{301}e\x{301}e\x{301}e\x{301}e\x{301} e\x{301} e\x{301}e\x{301}e\x{301}e\x{301}e\x{301}e\x{301}e\x{301}e\x{301}e\x{301}e\x{301}e\x{301}e\x{301}e\x{301}e\x{301}e\x{301}e\x{301}e\x{301}e\x{301}e\x{301}e\x{301}e\x{301}e\x{301}e\x{301}e\x{301}e\x{301}e\x{301}e\x{301}e\x{301}e\x{301}e\x{301}e\x{301}e\x{301}e\x{301}e\x{301}e\x{301}e\x{301}e\x{301}e\x{301}e\x{301}e\x{301}e\x{301}e\x{301}e\x{301} e\x{301}e\x{301}e\x{301}e\x{301}e\x{301}e\x{301}e\x{301}e\x{301}e\x{301}e\x{301}e\x{301}e\x{301}e\x{301}e\x{301}e\x{301}e\x{301}e\x{301}e\x{301}e\x{301}e\x{301}e\x{301}e\x{301}e\x{301}e\x{301}e\x{301}e\x{301}e\x{301}e\x{301}e\x{301}e\x{301} e\x{301}e\x{301}e\x{301}e\x{301}e\x{301}e\x{301}e\x{301}e\x{301}e\x{301}e\x{301}e\x{301}e\x{301}e\x{301}e\x{301}e\x{301}e\x{301}e\x{301}e\x{301}e\x{301}e\x{301}e\x{301}e\x{301}"
          text run at (1055,5145) width 1: " "
          text run at (0,5160) width 1056: "e\x{301}e\x{301}e\x{301}e\x{301}e\x{301}e\x{301}e\x{301}e\x{301}e\x{301}e\x{301}e\x{301}e\x{301}e\x{301}e\x{301}e\x{301}e\x{301}e\x{301}e\x{301}e\x{301}e\x{301}e\x{301}e\x{301}e\x{301}e\x{301}e\x{301}e\x{301}e\x{301}e\x{301}e\x{301}e\x{301}e\x{301}e\x{301} e\x{301} e\x{301}e\x{301}e\x{301}e\x{301}e\x{301}e\x{301}e\x{301}e\x{301}e\x{301}e\x{301}e\x{301}e\x{301}e\x{301}e\x{301}e\x{301}e\x{301}e\x{301}e\x{301}e\x{301}e\x{301}e\x{301}e\x{301}e\x{301}e\x{301}e\x{301}e\x{301}e\x{301}e\x{301}e\x{301}e\x{301}e\x{301}e\x{301}e\x{301}e\x{301}e\x{301}e\x{301}e\x{301}e\x{301}e\x{301}e\x{301}e\x{301}e\x{301}e\x{301} e\x{301}e\x{301}e\x{301}e\x{301}e\x{301}e\x{301}e\x{301}e\x{301}e\x{301}e\x{301}e\x{301}e\x{301}e\x{301}e\x{301}e\x{301}e\x{301}e\x{301}e\x{301}e\x{301}e\x{301}e\x{301}e\x{301}e\x{301}e\x{301}e\x{301}e\x{301}e\x{301}e\x{301}e\x{301}e\x{301} e\x{301}e\x{301}e\x{301}e\x{301}e\x{301}e\x{301}e\x{301}e\x{301}e\x{301}e\x{301}e\x{301}e\x{301}e\x{301}e\x{301}e\x{301}e\x{301}e\x{301}e\x{301}e\x{301}e\x{301}e\x{301}e\x{301}"
          text run at (1055,5160) width 1: " "
          text run at (0,5175) width 1056: "e\x{301}e\x{301}e\x{301}e\x{301}e\x{301}e\x{301}e\x{301}e\x{301}e\x{301}e\x{301}e\x{301}e\x{301}e\x{301}e\x{301}e\x{301}e\x{301}e\x{301}e\x{301}e\x{301}e\x{301}e\x{301}e\x{301}e\x{301}e\x{301}e\x{301}e\x{301}e\x{301}e\x{301}e\x{301}e\x{301}e\x{301}e\x{301} e\x{301} e\x{301}e\x{301}e\x{301}e\x{301}e\x{301}e\x{301}e\x{301}e\x{301}e\x{301}e\x{301}e\x{301}e\x{301}e\x{301}e\x{301}e\x{301}e\x{301}e\x{301}e\x{301}e\x{301}e\x{301}e\x{301}e\x{301}e\x{301}e\x{301}e\x{301}e\x{301}e\x{301}e\x{301}e\x{301}e\x{301}e\x{301}e\x{301}e\x{301}e\x{301}e\x{301}e\x{301}e\x{301}e\x{301}e\x{301}e\x{301}e\x{301}e\x{301}e\x{301} e\x{301}e\x{301}e\x{301}e\x{301}e\x{301}e\x{301}e\x{301}e\x{301}e\x{301}e\x{301}e\x{301}e\x{301}e\x{301}e\x{301}e\x{301}e\x{301}e\x{301}e\x{301}e\x{301}e\x{301}e\x{301}e\x{301}e\x{301}e\x{301}e\x{301}e\x{301}e\x{301}e\x{301}e\x{301}e\x{301} e\x{301}e\x{301}e\x{301}e\x{301}e\x{301}e\x{301}e\x{301}e\x{301}e\x{301}e\x{301}e\x{301}e\x{301}e\x{301}e\x{301}e\x{301}e\x{301}e\x{301}e\x{301}e\x{301}e\x{301}e\x{301}e\x{301}"
          text run at (1055,5175) width 1: " "
          text run at (0,5190) width 1056: "e\x{301}e\x{301}e\x{301}e\x{301}e\x{301}e\x{301}e\x{301}e\x{301}e\x{301}e\x{301}e\x{301}e\x{301}e\x{301}e\x{301}e\x{301}e\x{301}e\x{301}e\x{301}e\x{301}e\x{301}e\x{301}e\x{301}e\x{301}e\x{301}e\x{301}e\x{301}e\x{301}e\x{301}e\x{301}e\x{301}e\x{301}e\x{301} e\x{301} e\x{301}e\x{301}e\x{301}e\x{301}e\x{301}e\x{301}e\x{301}e\x{301}e\x{301}e\x{301}e\x{301}e\x{301}e\x{301}e\x{301}e\x{301}e\x{301}e\x{301}e\x{301}e\x{301}e\x{301}e\x{301}e\x{301}e\x{301}e\x{301}e\x{301}e\x{301}e\x{301}e\x{301}e\x{301}e\x{301}e\x{301}e\x{301}e\x{301}e\x{301}e\x{301}e\x{301}e\x{301}e\x{301}e\x{301}e\x{301}e\x{301}e\x{301}e\x{301} e\x{301}e\x{301}e\x{301}e\x{301}e\x{301}e\x{301}e\x{301}e\x{301}e\x{301}e\x{301}e\x{301}e\x{301}e\x{301}e\x{301}e\x{301}e\x{301}e\x{301}e\x{301}e\x{301}e\x{301}e\x{301}e\x{301}e\x{301}e\x{301}e\x{301}e\x{301}e\x{301}e\x{301}e\x{301}e\x{301} e\x{301}e\x{301}e\x{301}e\x{301}e\x{301}e\x{301}e\x{301}e\x{301}e\x{301}e\x{301}e\x{301}e\x{301}e\x{301}e\x{301}e\x{301}e\x{301}e\x{301}e\x{301}e\x{301}e\x{301}e\x{301}e\x{301}"
          text run at (1055,5190) width 1: " "
          text run at (0,5205) width 1056: "e\x{301}e\x{301}e\x{301}e\x{301}e\x{301}e\x{301}e\x{301}e\x{301}e\x{301}e\x{301}e\x{301}e\x{301}e\x{301}e\x{301}e\x{301}e\x{301}e\x{301}e\x{301}e\x{301}e\x{301}e\x{301}e\x{301}e\x{301}e\x{301}e\x{301}e\x{301}e\x{301}e\x{301}e\x{301}e\x{301}e\x{301}e\x{301} e\x{301} e\x{301}e\x{301}e\x{301}e\x{301}e\x{301}e\x{301}e\x{301}e\x{301}e\x{301}e\x{301}e\x{301}e\x{301}e\x{301}e\x{301}e\x{301}e\x{301}e\x{301}e\x{301}e\x{301}e\x{301}e\x{301}e\x{301}e\x{301}e\x{301}e\x{301}e\x{301}e\x{301}e\x{301}e\x{301}e\x{301}e\x{301}e\x{301}e\x{301}e\x{301}e\x{301}e\x{301}e\x{301}e\x{301}e\x{301}e\x{301}e\x{301}e\x{301}e\x{301} e\x{301}e\x{301}e\x{301}e\x{301}e\x{301}e\x{301}e\x{301}e\x{301}e\x{301}e\x{301}e\x{301}e\x{301}e\x{301}e\x{301}e\x{301}e\x{301}e\x{301}e\x{301}e\x{301}e\x{301}e\x{301}e\x{301}e\x{301}e\x{301}e\x{301}e\x{301}e\x{301}e\x{301}e\x{301}e\x{301} e\x{301}e\x{301}e\x{301}e\x{301}e\x{301}e\x{301}e\x{301}e\x{301}e\x{301}e\x{301}e\x{301}e\x{301}e\x{301}e\x{301}e\x{301}e\x{301}e\x{301}e\x{301}e\x{301}e\x{301}e\x{301}e\x{301}"
          text run at (1055,5205) width 1: " "
          text run at (0,5220) width 1056: "e\x{301}e\x{301}e\x{301}e\x{301}e\x{301}e\x{301}e\x{301}e\x{301}e\x{301}e\x{301}e\x{301}e\x{301}e\x{301}e\x{301}e\x{301}e\x{301}e\x{301}e\x{301}e\x{301}e\x{301}e\x{301}e\x{301}e\x{301}e\x{301}e\x{301}e\x{301}e\x{301}e\x{301}e\x{301}e\x{301}e\x{301}e\x{301} e\x{301} e\x{301}e\x{301}e\x{301}e\x{301}e\x{301}e\x{301}e\x{301}e\x{301}e\x{301}e\x{301}e\x{301}e\x{301}e\x{301}e\x{301}e\x{301}e\x{301}e\x{301}e\x{301}e\x{301}e\x{301}e\x{301}e\x{301}e\x{301}e\x{301}e\x{301}e\x{301}e\x{301}e\x{301}e\x{301}e\x{301}e\x{301}e\x{301}e\x{301}e\x{301}e\x{301}e\x{301}e\x{301}e\x{301}e\x{301}e\x{301}e\x{301}e\x{301}e\x{301} e\x{301}e\x{301}e\x{301}e\x{301}e\x{301}e\x{301}e\x{301}e\x{301}e\x{301}e\x{301}e\x{301}e\x{301}e\x{301}e\x{301}e\x{301}e\x{301}e\x{301}e\x{301}e\x{301}e\x{301}e\x{301}e\x{301}e\x{301}e\x{301}e\x{301}e\x{301}e\x{301}e\x{301}e\x{301}e\x{301} e\x{301}e\x{301}e\x{301}e\x{301}e\x{301}e\x{301}e\x{301}e\x{301}e\x{301}e\x{301}e\x{301}e\x{301}e\x{301}e\x{301}e\x{301}e\x{301}e\x{301}e\x{301}e\x{301}e\x{301}e\x{301}e\x{301}"
          text run at (1055,5220) width 1: " "
          text run at (0,5235) width 1056: "e\x{301}e\x{301}e\x{301}e\x{301}e\x{301}e\x{301}e\x{301}e\x{301}e\x{301}e\x{301}e\x{301}e\x{301}e\x{301}e\x{301}e\x{301}e\x{301}e\x{301}e\x{301}e\x{301}e\x{301}e\x{301}e\x{301}e\x{301}e\x{301}e\x{301}e\x{301}e\x{301}e\x{301}e\x{301}e\x{301}e\x{301}e\x{301} e\x{301} e\x{301}e\x{301}e\x{301}e\x{301}e\x{301}e\x{301}e\x{301}e\x{301}e\x{301}e\x{301}e\x{301}e\x{301}e\x{301}e\x{301}e\x{301}e\x{301}e\x{301}e\x{301}e\x{301}e\x{301}e\x{301}e\x{301}e\x{301}e\x{301}e\x{301}e\x{301}e\x{301}e\x{301}e\x{301}e\x{301}e\x{301}e\x{301}e\x{301}e\x{301}e\x{301}e\x{301}e\x{301}e\x{301}e\x{301}e\x{301}e\x{301}e\x{301}e\x{301} e\x{301}e\x{301}e\x{301}e\x{301}e\x{301}e\x{301}e\x{301}e\x{301}e\x{301}e\x{301}e\x{301}e\x{301}e\x{301}e\x{301}e\x{301}e\x{301}e\x{301}e\x{301}e\x{301}e\x{301}e\x{301}e\x{301}e\x{301}e\x{301}e\x{301}e\x{301}e\x{301}e\x{301}e\x{301}e\x{301} e\x{301}e\x{301}e\x{301}e\x{301}e\x{301}e\x{301}e\x{301}e\x{301}e\x{301}e\x{301}e\x{301}e\x{301}e\x{301}e\x{301}e\x{301}e\x{301}e\x{301}e\x{301}e\x{301}e\x{301}e\x{301}e\x{301}"
          text run at (1055,5235) width 1: " "
          text run at (0,5250) width 1056: "e\x{301}e\x{301}e\x{301}e\x{301}e\x{301}e\x{301}e\x{301}e\x{301}e\x{301}e\x{301}e\x{301}e\x{301}e\x{301}e\x{301}e\x{301}e\x{301}e\x{301}e\x{301}e\x{301}e\x{301}e\x{301}e\x{301}e\x{301}e\x{301}e\x{301}e\x{301}e\x{301}e\x{301}e\x{301}e\x{301}e\x{301}e\x{301} e\x{301} e\x{301}e\x{301}e\x{301}e\x{301}e\x{301}e\x{301}e\x{301}e\x{301}e\x{301}e\x{301}e\x{301}e\x{301}e\x{301}e\x{301}e\x{301}e\x{301}e\x{301}e\x{301}e\x{301}e\x{301}e\x{301}e\x{301}e\x{301}e\x{301}e\x{301}e\x{301}e\x{301}e\x{301}e\x{301}e\x{301}e\x{301}e\x{301}e\x{301}e\x{301}e\x{301}e\x{301}e\x{301}e\x{301}e\x{301}e\x{301}e\x{301}e\x{301}e\x{301} e\x{301}e\x{301}e\x{301}e\x{301}e\x{301}e\x{301}e\x{301}e\x{301}e\x{301}e\x{301}e\x{301}e\x{301}e\x{301}e\x{301}e\x{301}e\x{301}e\x{301}e\x{301}e\x{301}e\x{301}e\x{301}e\x{301}e\x{301}e\x{301}e\x{301}e\x{301}e\x{301}e\x{301}e\x{301}e\x{301} e\x{301}e\x{301}e\x{301}e\x{301}e\x{301}e\x{301}e\x{301}e\x{301}e\x{301}e\x{301}e\x{301}e\x{301}e\x{301}e\x{301}e\x{301}e\x{301}e\x{301}e\x{301}e\x{301}e\x{301}e\x{301}e\x{301}"
          text run at (1055,5250) width 1: " "
          text run at (0,5265) width 1056: "e\x{301}e\x{301}e\x{301}e\x{301}e\x{301}e\x{301}e\x{301}e\x{301}e\x{301}e\x{301}e\x{301}e\x{301}e\x{301}e\x{301}e\x{301}e\x{301}e\x{301}e\x{301}e\x{301}e\x{301}e\x{301}e\x{301}e\x{301}e\x{301}e\x{301}e\x{301}e\x{301}e\x{301}e\x{301}e\x{301}e\x{301}e\x{301} e\x{301} e\x{301}e\x{301}e\x{301}e\x{301}e\x{301}e\x{301}e\x{301}e\x{301}e\x{301}e\x{301}e\x{301}e\x{301}e\x{301}e\x{301}e\x{301}e\x{301}e\x{301}e\x{301}e\x{301}e\x{301}e\x{301}e\x{301}e\x{301}e\x{301}e\x{301}e\x{301}e\x{301}e\x{301}e\x{301}e\x{301}e\x{301}e\x{301}e\x{301}e\x{301}e\x{301}e\x{301}e\x{301}e\x{301}e\x{301}e\x{301}e\x{301}e\x{301}e\x{301} e\x{301}e\x{301}e\x{301}e\x{301}e\x{301}e\x{301}e\x{301}e\x{301}e\x{301}e\x{301}e\x{301}e\x{301}e\x{301}e\x{301}e\x{301}e\x{301}e\x{301}e\x{301}e\x{301}e\x{301}e\x{301}e\x{301}e\x{301}e\x{301}e\x{301}e\x{301}e\x{301}e\x{301}e\x{301}e\x{301} e\x{301}e\x{301}e\x{301}e\x{301}e\x{301}e\x{301}e\x{301}e\x{301}e\x{301}e\x{301}e\x{301}e\x{301}e\x{301}e\x{301}e\x{301}e\x{301}e\x{301}e\x{301}e\x{301}e\x{301}e\x{301}e\x{301}"
          text run at (1055,5265) width 1: " "
          text run at (0,5280) width 1056: "e\x{301}e\x{301}e\x{301}e\x{301}e\x{301}e\x{301}e\x{301}e\x{301}e\x{301}e\x{301}e\x{301}e\x{301}e\x{301}e\x{301}e\x{301}e\x{301}e\x{301}e\x{301}e\x{301}e\x{301}e\x{301}e\x{301}e\x{301}e\x{301}e\x{301}e\x{301}e\x{301}e\x{301}e\x{301}e\x{301}e\x{301}e\x{301} e\x{301} e\x{301}e\x{301}e\x{301}e\x{301}e\x{301}e\x{301}e\x{301}e\x{301}e\x{301}e\x{301}e\x{301}e\x{301}e\x{301}e\x{301}e\x{301}e\x{301}e\x{301}e\x{301}e\x{301}e\x{301}e\x{301}e\x{301}e\x{301}e\x{301}e\x{301}e\x{301}e\x{301}e\x{301}e\x{301}e\x{301}e\x{301}e\x{301}e\x{301}e\x{301}e\x{301}e\x{301}e\x{301}e\x{301}e\x{301}e\x{301}e\x{301}e\x{301}e\x{301} e\x{301}e\x{301}e\x{301}e\x{301}e\x{301}e\x{301}e\x{301}e\x{301}e\x{301}e\x{301}e\x{301}e\x{301}e\x{301}e\x{301}e\x{301}e\x{301}e\x{301}e\x{301}e\x{301}e\x{301}e\x{301}e\x{301}e\x{301}e\x{301}e\x{301}e\x{301}e\x{301}e\x{301}e\x{301}e\x{301} e\x{301}e\x{301}e\x{301}e\x{301}e\x{301}e\x{301}e\x{301}e\x{301}e\x{301}e\x{301}e\x{301}e\x{301}e\x{301}e\x{301}e\x{301}e\x{301}e\x{301}e\x{301}e\x{301}e\x{301}e\x{301}e\x{301}"
          text run at (1055,5280) width 1: " "
          text run at (0,5295) width 1056: "e\x{301}e\x{301}e\x{301}e\x{301}e\x{301}e\x{301}e\x{301}e\x{301}e\x{301}e\x{301}e\x{301}e\x{301}e\x{301}e\x{301}e\x{301}e\x{301}e\x{301}e\x{301}e\x{301}e\x{301}e\x{301}e\x{301}e\x{301}e\x{301}e\x{301}e\x{301}e\x{301}e\x{301}e\x{301}e\x{301}e\x{301}e\x{301} e\x{301} e\x{301}e\x{301}e\x{301}e\x{301}e\x{301}e\x{301}e\x{301}e\x{301}e\x{301}e\x{301}e\x{301}e\x{301}e\x{301}e\x{301}e\x{301}e\x{301}e\x{301}e\x{301}e\x{301}e\x{301}e\x{301}e\x{301}e\x{301}e\x{301}e\x{301}e\x{301}e\x{301}e\x{301}e\x{301}e\x{301}e\x{301}e\x{301}e\x{301}e\x{301}e\x{301}e\x{301}e\x{301}e\x{301}e\x{301}e\x{301}e\x{301}e\x{301}e\x{301} e\x{301}e\x{301}e\x{301}e\x{301}e\x{301}e\x{301}e\x{301}e\x{301}e\x{301}e\x{301}e\x{301}e\x{301}e\x{301}e\x{301}e\x{301}e\x{301}e\x{301}e\x{301}e\x{301}e\x{301}e\x{301}e\x{301}e\x{301}e\x{301}e\x{301}e\x{301}e\x{301}e\x{301}e\x{301}e\x{301} e\x{301}e\x{301}e\x{301}e\x{301}e\x{301}e\x{301}e\x{301}e\x{301}e\x{301}e\x{301}e\x{301}e\x{301}e\x{301}e\x{301}e\x{301}e\x{301}e\x{301}e\x{301}e\x{301}e\x{301}e\x{301}e\x{301}"
          text run at (1055,5295) width 1: " "
          text run at (0,5310) width 1056: "e\x{301}e\x{301}e\x{301}e\x{301}e\x{301}e\x{301}e\x{301}e\x{301}e\x{301}e\x{301}e\x{301}e\x{301}e\x{301}e\x{301}e\x{301}e\x{301}e\x{301}e\x{301}e\x{301}e\x{301}e\x{301}e\x{301}e\x{301}e\x{301}e\x{301}e\x{301}e\x{301}e\x{301}e\x{301}e\x{301}e\x{301}e\x{301} e\x{301} e\x{301}e\x{301}e\x{301}e\x{301}e\x{301}e\x{301}e\x{301}e\x{301}e\x{301}e\x{301}e\x{301}e\x{301}e\x{301}e\x{301}e\x{301}e\x{301}e\x{301}e\x{301}e\x{301}e\x{301}e\x{301}e\x{301}e\x{301}e\x{301}e\x{301}e\x{301}e\x{301}e\x{301}e\x{301}e\x{301}e\x{301}e\x{301}e\x{301}e\x{301}e\x{301}e\x{301}e\x{301}e\x{301}e\x{301}e\x{301}e\x{301}e\x{301}e\x{301} e\x{301}e\x{301}e\x{301}e\x{301}e\x{301}e\x{301}e\x{301}e\x{301}e\x{301}e\x{301}e\x{301}e\x{301}e\x{301}e\x{301}e\x{301}e\x{301}e\x{301}e\x{301}e\x{301}e\x{301}e\x{301}e\x{301}e\x{301}e\x{301}e\x{301}e\x{301}e\x{301}e\x{301}e\x{301}e\x{301} e\x{301}e\x{301}e\x{301}e\x{301}e\x{301}e\x{301}e\x{301}e\x{301}e\x{301}e\x{301}e\x{301}e\x{301}e\x{301}e\x{301}e\x{301}e\x{301}e\x{301}e\x{301}e\x{301}e\x{301}e\x{301}e\x{301}"
          text run at (1055,5310) width 1: " "
          text run at (0,5325) width 1056: "e\x{301}e\x{301}e\x{301}e\x{301}e\x{301}e\x{301}e\x{301}e\x{301}e\x{301}e\x{301}e\x{301}e\x{301}e\x{301}e\x{301}e\x{301}e\x{301}e\x{301}e\x{301}e\x{301}e\x{301}e\x{301}e\x{301}e\x{301}e\x{301}e\x{301}e\x{301}e\x{301}e\x{301}e\x{301}e\x{301}e\x{301}e\x{301} e\x{301} e\x{301}e\x{301}e\x{301}e\x{301}e\x{301}e\x{301}e\x{301}e\x{301}e\x{301}e\x{301}e\x{301}e\x{301}e\x{301}e\x{301}e\x{301}e\x{301}e\x{301}e\x{301}e\x{301}e\x{301}e\x{301}e\x{301}e\x{301}e\x{301}e\x{301}e\x{301}e\x{301}e\x{301}e\x{301}e\x{301}e\x{301}e\x{301}e\x{301}e\x{301}e\x{301}e\x{301}e\x{301}e\x{301}e\x{301}e\x{301}e\x{301}e\x{301}e\x{301} e\x{301}e\x{301}e\x{301}e\x{301}e\x{301}e\x{301}e\x{301}e\x{301}e\x{301}e\x{301}e\x{301}e\x{301}e\x{301}e\x{301}e\x{301}e\x{301}e\x{301}e\x{301}e\x{301}e\x{301}e\x{301}e\x{301}e\x{301}e\x{301}e\x{301}e\x{301}e\x{301}e\x{301}e\x{301}e\x{301} e\x{301}e\x{301}e\x{301}e\x{301}e\x{301}e\x{301}e\x{301}e\x{301}e\x{301}e\x{301}e\x{301}e\x{301}e\x{301}e\x{301}e\x{301}e\x{301}e\x{301}e\x{301}e\x{301}e\x{301}e\x{301}e\x{301}"
          text run at (1055,5325) width 1: " "
          text run at (0,5340) width 1056: "e\x{301}e\x{301}e\x{301}e\x{301}e\x{301}e\x{301}e\x{301}e\x{301}e\x{301}e\x{301}e\x{301}e\x{301}e\x{301}e\x{301}e\x{301}e\x{301}e\x{301}e\x{301}e\x{301}e\x{301}e\x{301}e\x{301}e\x{301}e\x{301}e\x{301}e\x{301}e\x{301}e\x{301}e\x{301}e\x{301}e\x{301}e\x{301} e\x{301} e\x{301}e\x{301}e\x{301}e\x{301}e\x{301}e\x{301}e\x{301}e\x{301}e\x{301}e\x{301}e\x{301}e\x{301}e\x{301}e\x{301}e\x{301}e\x{301}e\x{301}e\x{301}e\x{301}e\x{301}e\x{301}e\x{301}e\x{301}e\x{301}e\x{301}e\x{301}e\x{301}e\x{301}e\x{301}e\x{301}e\x{301}e\x{301}e\x{301}e\x{301}e\x{301}e\x{301}e\x{301}e\x{301}e\x{301}e\x{301}e\x{301}e\x{301}e\x{301} e\x{301}e\x{301}e\x{301}e\x{301}e\x{301}e\x{301}e\x{301}e\x{301}e\x{301}e\x{301}e\x{301}e\x{301}e\x{301}e\x{301}e\x{301}e\x{301}e\x{301}e\x{301}e\x{301}e\x{301}e\x{301}e\x{301}e\x{301}e\x{301}e\x{301}e\x{301}e\x{301}e\x{301}e\x{301}e\x{301} e\x{301}e\x{301}e\x{301}e\x{301}e\x{301}e\x{301}e\x{301}e\x{301}e\x{301}e\x{301}e\x{301}e\x{301}e\x{301}e\x{301}e\x{301}e\x{301}e\x{301}e\x{301}e\x{301}e\x{301}e\x{301}e\x{301}"
          text run at (1055,5340) width 1: " "
          text run at (0,5355) width 1056: "e\x{301}e\x{301}e\x{301}e\x{301}e\x{301}e\x{301}e\x{301}e\x{301}e\x{301}e\x{301}e\x{301}e\x{301}e\x{301}e\x{301}e\x{301}e\x{301}e\x{301}e\x{301}e\x{301}e\x{301}e\x{301}e\x{301}e\x{301}e\x{301}e\x{301}e\x{301}e\x{301}e\x{301}e\x{301}e\x{301}e\x{301}e\x{301} e\x{301} e\x{301}e\x{301}e\x{301}e\x{301}e\x{301}e\x{301}e\x{301}e\x{301}e\x{301}e\x{301}e\x{301}e\x{301}e\x{301}e\x{301}e\x{301}e\x{301}e\x{301}e\x{301}e\x{301}e\x{301}e\x{301}e\x{301}e\x{301}e\x{301}e\x{301}e\x{301}e\x{301}e\x{301}e\x{301}e\x{301}e\x{301}e\x{301}e\x{301}e\x{301}e\x{301}e\x{301}e\x{301}e\x{301}e\x{301}e\x{301}e\x{301}e\x{301}e\x{301} e\x{301}e\x{301}e\x{301}e\x{301}e\x{301}e\x{301}e\x{301}e\x{301}e\x{301}e\x{301}e\x{301}e\x{301}e\x{301}e\x{301}e\x{301}e\x{301}e\x{301}e\x{301}e\x{301}e\x{301}e\x{301}e\x{301}e\x{301}e\x{301}e\x{301}e\x{301}e\x{301}e\x{301}e\x{301}e\x{301} e\x{301}e\x{301}e\x{301}e\x{301}e\x{301}e\x{301}e\x{301}e\x{301}e\x{301}e\x{301}e\x{301}e\x{301}e\x{301}e\x{301}e\x{301}e\x{301}e\x{301}e\x{301}e\x{301}e\x{301}e\x{301}e\x{301}"
          text run at (1055,5355) width 1: " "
          text run at (0,5370) width 1056: "e\x{301}e\x{301}e\x{301}e\x{301}e\x{301}e\x{301}e\x{301}e\x{301}e\x{301}e\x{301}e\x{301}e\x{301}e\x{301}e\x{301}e\x{301}e\x{301}e\x{301}e\x{301}e\x{301}e\x{301}e\x{301}e\x{301}e\x{301}e\x{301}e\x{301}e\x{301}e\x{301}e\x{301}e\x{301}e\x{301}e\x{301}e\x{301} e\x{301} e\x{301}e\x{301}e\x{301}e\x{301}e\x{301}e\x{301}e\x{301}e\x{301}e\x{301}e\x{301}e\x{301}e\x{301}e\x{301}e\x{301}e\x{301}e\x{301}e\x{301}e\x{301}e\x{301}e\x{301}e\x{301}e\x{301}e\x{301}e\x{301}e\x{301}e\x{301}e\x{301}e\x{301}e\x{301}e\x{301}e\x{301}e\x{301}e\x{301}e\x{301}e\x{301}e\x{301}e\x{301}e\x{301}e\x{301}e\x{301}e\x{301}e\x{301}e\x{301} e\x{301}e\x{301}e\x{301}e\x{301}e\x{301}e\x{301}e\x{301}e\x{301}e\x{301}e\x{301}e\x{301}e\x{301}e\x{301}e\x{301}e\x{301}e\x{301}e\x{301}e\x{301}e\x{301}e\x{301}e\x{301}e\x{301}e\x{301}e\x{301}e\x{301}e\x{301}e\x{301}e\x{301}e\x{301}e\x{301} e\x{301}e\x{301}e\x{301}e\x{301}e\x{301}e\x{301}e\x{301}e\x{301}e\x{301}e\x{301}e\x{301}e\x{301}e\x{301}e\x{301}e\x{301}e\x{301}e\x{301}e\x{301}e\x{301}e\x{301}e\x{301}e\x{301}"
          text run at (1055,5370) width 1: " "
          text run at (0,5385) width 1056: "e\x{301}e\x{301}e\x{301}e\x{301}e\x{301}e\x{301}e\x{301}e\x{301}e\x{301}e\x{301}e\x{301}e\x{301}e\x{301}e\x{301}e\x{301}e\x{301}e\x{301}e\x{301}e\x{301}e\x{301}e\x{301}e\x{301}e\x{301}e\x{301}e\x{301}e\x{301}e\x{301}e\x{301}e\x{301}e\x{301}e\x{301}e\x{301} e\x{301} e\x{301}e\x{301}e\x{301}e\x{301}e\x{301}e\x{301}e\x{301}e\x{301}e\x{301}e\x{301}e\x{301}e\x{301}e\x{301}e\x{301}e\x{301}e\x{301}e\x{301}e\x{301}e\x{301}e\x{301}e\x{301}e\x{301}e\x{301}e\x{301}e\x{301}e\x{301}e\x{301}e\x{301}e\x{301}e\x{301}e\x{301}e\x{301}e\x{301}e\x{301}e\x{301}e\x{301}e\x{301}e\x{301}e\x{301}e\x{301}e\x{301}e\x{301}e\x{301} e\x{301}e\x{301}e\x{301}e\x{301}e\x{301}e\x{301}e\x{301}e\x{301}e\x{301}e\x{301}e\x{301}e\x{301}e\x{301}e\x{301}e\x{301}e\x{301}e\x{301}e\x{301}e\x{301}e\x{301}e\x{301}e\x{301}e\x{301}e\x{301}e\x{301}e\x{301}e\x{301}e\x{301}e\x{301}e\x{301} e\x{301}e\x{301}e\x{301}e\x{301}e\x{301}e\x{301}e\x{301}e\x{301}e\x{301}e\x{301}e\x{301}e\x{301}e\x{301}e\x{301}e\x{301}e\x{301}e\x{301}e\x{301}e\x{301}e\x{301}e\x{301}e\x{301}"
          text run at (1055,5385) width 1: " "
          text run at (0,5400) width 1056: "e\x{301}e\x{301}e\x{301}e\x{301}e\x{301}e\x{301}e\x{301}e\x{301}e\x{301}e\x{301}e\x{301}e\x{301}e\x{301}e\x{301}e\x{301}e\x{301}e\x{301}e\x{301}e\x{301}e\x{301}e\x{301}e\x{301}e\x{301}e\x{301}e\x{301}e\x{301}e\x{301}e\x{301}e\x{301}e\x{301}e\x{301}e\x{301} e\x{301} e\x{301}e\x{301}e\x{301}e\x{301}e\x{301}e\x{301}e\x{301}e\x{301}e\x{301}e\x{301}e\x{301}e\x{301}e\x{301}e\x{301}e\x{301}e\x{301}e\x{301}e\x{301}e\x{301}e\x{301}e\x{301}e\x{301}e\x{301}e\x{301}e\x{301}e\x{301}e\x{301}e\x{301}e\x{301}e\x{301}e\x{301}e\x{301}e\x{301}e\x{301}e\x{301}e\x{301}e\x{301}e\x{301}e\x{301}e\x{301}e\x{301}e\x{301}e\x{301} e\x{301}e\x{301}e\x{301}e\x{301}e\x{301}e\x{301}e\x{301}e\x{301}e\x{301}e\x{301}e\x{301}e\x{301}e\x{301}e\x{301}e\x{301}e\x{301}e\x{301}e\x{301}e\x{301}e\x{301}e\x{301}e\x{301}e\x{301}e\x{301}e\x{301}e\x{301}e\x{301}e\x{301}e\x{301}e\x{301} e\x{301}e\x{301}e\x{301}e\x{301}e\x{301}e\x{301}e\x{301}e\x{301}e\x{301}e\x{301}e\x{301}e\x{301}e\x{301}e\x{301}e\x{301}e\x{301}e\x{301}e\x{301}e\x{301}e\x{301}e\x{301}e\x{301}"
          text run at (1055,5400) width 1: " "
          text run at (0,5415) width 1056: "e\x{301}e\x{301}e\x{301}e\x{301}e\x{301}e\x{301}e\x{301}e\x{301}e\x{301}e\x{301}e\x{301}e\x{301}e\x{301}e\x{301}e\x{301}e\x{301}e\x{301}e\x{301}e\x{301}e\x{301}e\x{301}e\x{301}e\x{301}e\x{301}e\x{301}e\x{301}e\x{301}e\x{301}e\x{301}e\x{301}e\x{301}e\x{301} e\x{301} e\x{301}e\x{301}e\x{301}e\x{301}e\x{301}e\x{301}e\x{301}e\x{301}e\x{301}e\x{301}e\x{301}e\x{301}e\x{301}e\x{301}e\x{301}e\x{301}e\x{301}e\x{301}e\x{301}e\x{301}e\x{301}e\x{301}e\x{301}e\x{301}e\x{301}e\x{301}e\x{301}e\x{301}e\x{301}e\x{301}e\x{301}e\x{301}e\x{301}e\x{301}e\x{301}e\x{301}e\x{301}e\x{301}e\x{301}e\x{301}e\x{301}e\x{301}e\x{301} e\x{301}e\x{301}e\x{301}e\x{301}e\x{301}e\x{301}e\x{301}e\x{301}e\x{301}e\x{301}e\x{301}e\x{301}e\x{301}e\x{301}e\x{301}e\x{301}e\x{301}e\x{301}e\x{301}e\x{301}e\x{301}e\x{301}e\x{301}e\x{301}e\x{301}e\x{301}e\x{301}e\x{301}e\x{301}e\x{301} e\x{301}e\x{301}e\x{301}e\x{301}e\x{301}e\x{301}e\x{301}e\x{301}e\x{301}e\x{301}e\x{301}e\x{301}e\x{301}e\x{301}e\x{301}e\x{301}e\x{301}e\x{301}e\x{301}e\x{301}e\x{301}e\x{301}"
          text run at (1055,5415) width 1: " "
          text run at (0,5430) width 1056: "e\x{301}e\x{301}e\x{301}e\x{301}e\x{301}e\x{301}e\x{301}e\x{301}e\x{301}e\x{301}e\x{301}e\x{301}e\x{301}e\x{301}e\x{301}e\x{301}e\x{301}e\x{301}e\x{301}e\x{301}e\x{301}e\x{301}e\x{301}e\x{301}e\x{301}e\x{301}e\x{301}e\x{301}e\x{301}e\x{301}e\x{301}e\x{301} e\x{301} e\x{301}e\x{301}e\x{301}e\x{301}e\x{301}e\x{301}e\x{301}e\x{301}e\x{301}e\x{301}e\x{301}e\x{301}e\x{301}e\x{301}e\x{301}e\x{301}e\x{301}e\x{301}e\x{301}e\x{301}e\x{301}e\x{301}e\x{301}e\x{301}e\x{301}e\x{301}e\x{301}e\x{301}e\x{301}e\x{301}e\x{301}e\x{301}e\x{301}e\x{301}e\x{301}e\x{301}e\x{301}e\x{301}e\x{301}e\x{301}e\x{301}e\x{301}e\x{301} e\x{301}e\x{301}e\x{301}e\x{301}e\x{301}e\x{301}e\x{301}e\x{301}e\x{301}e\x{301}e\x{301}e\x{301}e\x{301}e\x{301}e\x{301}e\x{301}e\x{301}e\x{301}e\x{301}e\x{301}e\x{301}e\x{301}e\x{301}e\x{301}e\x{301}e\x{301}e\x{301}e\x{301}e\x{301}e\x{301} e\x{301}e\x{301}e\x{301}e\x{301}e\x{301}e\x{301}e\x{301}e\x{301}e\x{301}e\x{301}e\x{301}e\x{301}e\x{301}e\x{301}e\x{301}e\x{301}e\x{301}e\x{301}e\x{301}e\x{301}e\x{301}e\x{301}"
          text run at (1055,5430) width 1: " "
          text run at (0,5445) width 1056: "e\x{301}e\x{301}e\x{301}e\x{301}e\x{301}e\x{301}e\x{301}e\x{301}e\x{301}e\x{301}e\x{301}e\x{301}e\x{301}e\x{301}e\x{301}e\x{301}e\x{301}e\x{301}e\x{301}e\x{301}e\x{301}e\x{301}e\x{301}e\x{301}e\x{301}e\x{301}e\x{301}e\x{301}e\x{301}e\x{301}e\x{301}e\x{301} e\x{301} e\x{301}e\x{301}e\x{301}e\x{301}e\x{301}e\x{301}e\x{301}e\x{301}e\x{301}e\x{301}e\x{301}e\x{301}e\x{301}e\x{301}e\x{301}e\x{301}e\x{301}e\x{301}e\x{301}e\x{301}e\x{301}e\x{301}e\x{301}e\x{301}e\x{301}e\x{301}e\x{301}e\x{301}e\x{301}e\x{301}e\x{301}e\x{301}e\x{301}e\x{301}e\x{301}e\x{301}e\x{301}e\x{301}e\x{301}e\x{301}e\x{301}e\x{301}e\x{301} e\x{301}e\x{301}e\x{301}e\x{301}e\x{301}e\x{301}e\x{301}e\x{301}e\x{301}e\x{301}e\x{301}e\x{301}e\x{301}e\x{301}e\x{301}e\x{301}e\x{301}e\x{301}e\x{301}e\x{301}e\x{301}e\x{301}e\x{301}e\x{301}e\x{301}e\x{301}e\x{301}e\x{301}e\x{301}e\x{301} e\x{301}e\x{301}e\x{301}e\x{301}e\x{301}e\x{301}e\x{301}e\x{301}e\x{301}e\x{301}e\x{301}e\x{301}e\x{301}e\x{301}e\x{301}e\x{301}e\x{301}e\x{301}e\x{301}e\x{301}e\x{301}e\x{301}"
          text run at (1055,5445) width 1: " "
          text run at (0,5460) width 1056: "e\x{301}e\x{301}e\x{301}e\x{301}e\x{301}e\x{301}e\x{301}e\x{301}e\x{301}e\x{301}e\x{301}e\x{301}e\x{301}e\x{301}e\x{301}e\x{301}e\x{301}e\x{301}e\x{301}e\x{301}e\x{301}e\x{301}e\x{301}e\x{301}e\x{301}e\x{301}e\x{301}e\x{301}e\x{301}e\x{301}e\x{301}e\x{301} e\x{301} e\x{301}e\x{301}e\x{301}e\x{301}e\x{301}e\x{301}e\x{301}e\x{301}e\x{301}e\x{301}e\x{301}e\x{301}e\x{301}e\x{301}e\x{301}e\x{301}e\x{301}e\x{301}e\x{301}e\x{301}e\x{301}e\x{301}e\x{301}e\x{301}e\x{301}e\x{301}e\x{301}e\x{301}e\x{301}e\x{301}e\x{301}e\x{301}e\x{301}e\x{301}e\x{301}e\x{301}e\x{301}e\x{301}e\x{301}e\x{301}e\x{301}e\x{301}e\x{301} e\x{301}e\x{301}e\x{301}e\x{301}e\x{301}e\x{301}e\x{301}e\x{301}e\x{301}e\x{301}e\x{301}e\x{301}e\x{301}e\x{301}e\x{301}e\x{301}e\x{301}e\x{301}e\x{301}e\x{301}e\x{301}e\x{301}e\x{301}e\x{301}e\x{301}e\x{301}e\x{301}e\x{301}e\x{301}e\x{301} e\x{301}e\x{301}e\x{301}e\x{301}e\x{301}e\x{301}e\x{301}e\x{301}e\x{301}e\x{301}e\x{301}e\x{301}e\x{301}e\x{301}e\x{301}e\x{301}e\x{301}e\x{301}e\x{301}e\x{301}e\x{301}e\x{301}"
          text run at (1055,5460) width 1: " "
          text run at (0,5475) width 1056: "e\x{301}e\x{301}e\x{301}e\x{301}e\x{301}e\x{301}e\x{301}e\x{301}e\x{301}e\x{301}e\x{301}e\x{301}e\x{301}e\x{301}e\x{301}e\x{301}e\x{301}e\x{301}e\x{301}e\x{301}e\x{301}e\x{301}e\x{301}e\x{301}e\x{301}e\x{301}e\x{301}e\x{301}e\x{301}e\x{301}e\x{301}e\x{301} e\x{301} e\x{301}e\x{301}e\x{301}e\x{301}e\x{301}e\x{301}e\x{301}e\x{301}e\x{301}e\x{301}e\x{301}e\x{301}e\x{301}e\x{301}e\x{301}e\x{301}e\x{301}e\x{301}e\x{301}e\x{301}e\x{301}e\x{301}e\x{301}e\x{301}e\x{301}e\x{301}e\x{301}e\x{301}e\x{301}e\x{301}e\x{301}e\x{301}e\x{301}e\x{301}e\x{301}e\x{301}e\x{301}e\x{301}e\x{301}e\x{301}e\x{301}e\x{301}e\x{301} e\x{301}e\x{301}e\x{301}e\x{301}e\x{301}e\x{301}e\x{301}e\x{301}e\x{301}e\x{301}e\x{301}e\x{301}e\x{301}e\x{301}e\x{301}e\x{301}e\x{301}e\x{301}e\x{301}e\x{301}e\x{301}e\x{301}e\x{301}e\x{301}e\x{301}e\x{301}e\x{301}e\x{301}e\x{301}e\x{301} e\x{301}e\x{301}e\x{301}e\x{301}e\x{301}e\x{301}e\x{301}e\x{301}e\x{301}e\x{301}e\x{301}e\x{301}e\x{301}e\x{301}e\x{301}e\x{301}e\x{301}e\x{301}e\x{301}e\x{301}e\x{301}e\x{301}"
          text run at (1055,5475) width 1: " "
          text run at (0,5490) width 1056: "e\x{301}e\x{301}e\x{301}e\x{301}e\x{301}e\x{301}e\x{301}e\x{301}e\x{301}e\x{301}e\x{301}e\x{301}e\x{301}e\x{301}e\x{301}e\x{301}e\x{301}e\x{301}e\x{301}e\x{301}e\x{301}e\x{301}e\x{301}e\x{301}e\x{301}e\x{301}e\x{301}e\x{301}e\x{301}e\x{301}e\x{301}e\x{301} e\x{301} e\x{301}e\x{301}e\x{301}e\x{301}e\x{301}e\x{301}e\x{301}e\x{301}e\x{301}e\x{301}e\x{301}e\x{301}e\x{301}e\x{301}e\x{301}e\x{301}e\x{301}e\x{301}e\x{301}e\x{301}e\x{301}e\x{301}e\x{301}e\x{301}e\x{301}e\x{301}e\x{301}e\x{301}e\x{301}e\x{301}e\x{301}e\x{301}e\x{301}e\x{301}e\x{301}e\x{301}e\x{301}e\x{301}e\x{301}e\x{301}e\x{301}e\x{301}e\x{301} e\x{301}e\x{301}e\x{301}e\x{301}e\x{301}e\x{301}e\x{301}e\x{301}e\x{301}e\x{301}e\x{301}e\x{301}e\x{301}e\x{301}e\x{301}e\x{301}e\x{301}e\x{301}e\x{301}e\x{301}e\x{301}e\x{301}e\x{301}e\x{301}e\x{301}e\x{301}e\x{301}e\x{301}e\x{301}e\x{301} e\x{301}e\x{301}e\x{301}e\x{301}e\x{301}e\x{301}e\x{301}e\x{301}e\x{301}e\x{301}e\x{301}e\x{301}e\x{301}e\x{301}e\x{301}e\x{301}e\x{301}e\x{301}e\x{301}e\x{301}e\x{301}e\x{301}"
          text run at (1055,5490) width 1: " "
          text run at (0,5505) width 1056: "e\x{301}e\x{301}e\x{301}e\x{301}e\x{301}e\x{301}e\x{301}e\x{301}e\x{301}e\x{301}e\x{301}e\x{301}e\x{301}e\x{301}e\x{301}e\x{301}e\x{301}e\x{301}e\x{301}e\x{301}e\x{301}e\x{301}e\x{301}e\x{301}e\x{301}e\x{301}e\x{301}e\x{301}e\x{301}e\x{301}e\x{301}e\x{301} e\x{301} e\x{301}e\x{301}e\x{301}e\x{301}e\x{301}e\x{301}e\x{301}e\x{301}e\x{301}e\x{301}e\x{301}e\x{301}e\x{301}e\x{301}e\x{301}e\x{301}e\x{301}e\x{301}e\x{301}e\x{301}e\x{301}e\x{301}e\x{301}e\x{301}e\x{301}e\x{301}e\x{301}e\x{301}e\x{301}e\x{301}e\x{301}e\x{301}e\x{301}e\x{301}e\x{301}e\x{301}e\x{301}e\x{301}e\x{301}e\x{301}e\x{301}e\x{301}e\x{301} e\x{301}e\x{301}e\x{301}e\x{301}e\x{301}e\x{301}e\x{301}e\x{301}e\x{301}e\x{301}e\x{301}e\x{301}e\x{301}e\x{301}e\x{301}e\x{301}e\x{301}e\x{301}e\x{301}e\x{301}e\x{301}e\x{301}e\x{301}e\x{301}e\x{301}e\x{301}e\x{301}e\x{301}e\x{301}e\x{301} e\x{301}e\x{301}e\x{301}e\x{301}e\x{301}e\x{301}e\x{301}e\x{301}e\x{301}e\x{301}e\x{301}e\x{301}e\x{301}e\x{301}e\x{301}e\x{301}e\x{301}e\x{301}e\x{301}e\x{301}e\x{301}e\x{301}"
          text run at (1055,5505) width 1: " "
          text run at (0,5520) width 1056: "e\x{301}e\x{301}e\x{301}e\x{301}e\x{301}e\x{301}e\x{301}e\x{301}e\x{301}e\x{301}e\x{301}e\x{301}e\x{301}e\x{301}e\x{301}e\x{301}e\x{301}e\x{301}e\x{301}e\x{301}e\x{301}e\x{301}e\x{301}e\x{301}e\x{301}e\x{301}e\x{301}e\x{301}e\x{301}e\x{301}e\x{301}e\x{301} e\x{301} e\x{301}e\x{301}e\x{301}e\x{301}e\x{301}e\x{301}e\x{301}e\x{301}e\x{301}e\x{301}e\x{301}e\x{301}e\x{301}e\x{301}e\x{301}e\x{301}e\x{301}e\x{301}e\x{301}e\x{301}e\x{301}e\x{301}e\x{301}e\x{301}e\x{301}e\x{301}e\x{301}e\x{301}e\x{301}e\x{301}e\x{301}e\x{301}e\x{301}e\x{301}e\x{301}e\x{301}e\x{301}e\x{301}e\x{301}e\x{301}e\x{301}e\x{301}e\x{301} e\x{301}e\x{301}e\x{301}e\x{301}e\x{301}e\x{301}e\x{301}e\x{301}e\x{301}e\x{301}e\x{301}e\x{301}e\x{301}e\x{301}e\x{301}e\x{301}e\x{301}e\x{301}e\x{301}e\x{301}e\x{301}e\x{301}e\x{301}e\x{301}e\x{301}e\x{301}e\x{301}e\x{301}e\x{301}e\x{301} e\x{301}e\x{301}e\x{301}e\x{301}e\x{301}e\x{301}e\x{301}e\x{301}e\x{301}e\x{301}e\x{301}e\x{301}e\x{301}e\x{301}e\x{301}e\x{301}e\x{301}e\x{301}e\x{301}e\x{301}e\x{301}e\x{301}"
          text run at (1055,5520) width 1: " "
          text run at (0,5535) width 1056: "e\x{301}e\x{301}e\x{301}e\x{301}e\x{301}e\x{301}e\x{301}e\x{301}e\x{301}e\x{301}e\x{301}e\x{301}e\x{301}e\x{301}e\x{301}e\x{301}e\x{301}e\x{301}e\x{301}e\x{301}e\x{301}e\x{301}e\x{301}e\x{301}e\x{301}e\x{301}e\x{301}e\x{301}e\x{301}e\x{301}e\x{301}e\x{301} e\x{301} e\x{301}e\x{301}e\x{301}e\x{301}e\x{301}e\x{301}e\x{301}e\x{301}e\x{301}e\x{301}e\x{301}e\x{301}e\x{301}e\x{301}e\x{301}e\x{301}e\x{301}e\x{301}e\x{301}e\x{301}e\x{301}e\x{301}e\x{301}e\x{301}e\x{301}e\x{301}e\x{301}e\x{301}e\x{301}e\x{301}e\x{301}e\x{301}e\x{301}e\x{301}e\x{301}e\x{301}e\x{301}e\x{301}e\x{301}e\x{301}e\x{301}e\x{301}e\x{301} e\x{301}e\x{301}e\x{301}e\x{301}e\x{301}e\x{301}e\x{301}e\x{301}e\x{301}e\x{301}e\x{301}e\x{301}e\x{301}e\x{301}e\x{301}e\x{301}e\x{301}e\x{301}e\x{301}e\x{301}e\x{301}e\x{301}e\x{301}e\x{301}e\x{301}e\x{301}e\x{301}e\x{301}e\x{301}e\x{301} e\x{301}e\x{301}e\x{301}e\x{301}e\x{301}e\x{301}e\x{301}e\x{301}e\x{301}e\x{301}e\x{301}e\x{301}e\x{301}e\x{301}e\x{301}e\x{301}e\x{301}e\x{301}e\x{301}e\x{301}e\x{301}e\x{301}"
          text run at (1055,5535) width 1: " "
          text run at (0,5550) width 1056: "e\x{301}e\x{301}e\x{301}e\x{301}e\x{301}e\x{301}e\x{301}e\x{301}e\x{301}e\x{301}e\x{301}e\x{301}e\x{301}e\x{301}e\x{301}e\x{301}e\x{301}e\x{301}e\x{301}e\x{301}e\x{301}e\x{301}e\x{301}e\x{301}e\x{301}e\x{301}e\x{301}e\x{301}e\x{301}e\x{301}e\x{301}e\x{301} e\x{301} e\x{301}e\x{301}e\x{301}e\x{301}e\x{301}e\x{301}e\x{301}e\x{301}e\x{301}e\x{301}e\x{301}e\x{301}e\x{301}e\x{301}e\x{301}e\x{301}e\x{301}e\x{301}e\x{301}e\x{301}e\x{301}e\x{301}e\x{301}e\x{301}e\x{301}e\x{301}e\x{301}e\x{301}e\x{301}e\x{301}e\x{301}e\x{301}e\x{301}e\x{301}e\x{301}e\x{301}e\x{301}e\x{301}e\x{301}e\x{301}e\x{301}e\x{301}e\x{301} e\x{301}e\x{301}e\x{301}e\x{301}e\x{301}e\x{301}e\x{301}e\x{301}e\x{301}e\x{301}e\x{301}e\x{301}e\x{301}e\x{301}e\x{301}e\x{301}e\x{301}e\x{301}e\x{301}e\x{301}e\x{301}e\x{301}e\x{301}e\x{301}e\x{301}e\x{301}e\x{301}e\x{301}e\x{301}e\x{301} e\x{301}e\x{301}e\x{301}e\x{301}e\x{301}e\x{301}e\x{301}e\x{301}e\x{301}e\x{301}e\x{301}e\x{301}e\x{301}e\x{301}e\x{301}e\x{301}e\x{301}e\x{301}e\x{301}e\x{301}e\x{301}e\x{301}"
          text run at (1055,5550) width 1: " "
          text run at (0,5565) width 1056: "e\x{301}e\x{301}e\x{301}e\x{301}e\x{301}e\x{301}e\x{301}e\x{301}e\x{301}e\x{301}e\x{301}e\x{301}e\x{301}e\x{301}e\x{301}e\x{301}e\x{301}e\x{301}e\x{301}e\x{301}e\x{301}e\x{301}e\x{301}e\x{301}e\x{301}e\x{301}e\x{301}e\x{301}e\x{301}e\x{301}e\x{301}e\x{301} e\x{301} e\x{301}e\x{301}e\x{301}e\x{301}e\x{301}e\x{301}e\x{301}e\x{301}e\x{301}e\x{301}e\x{301}e\x{301}e\x{301}e\x{301}e\x{301}e\x{301}e\x{301}e\x{301}e\x{301}e\x{301}e\x{301}e\x{301}e\x{301}e\x{301}e\x{301}e\x{301}e\x{301}e\x{301}e\x{301}e\x{301}e\x{301}e\x{301}e\x{301}e\x{301}e\x{301}e\x{301}e\x{301}e\x{301}e\x{301}e\x{301}e\x{301}e\x{301}e\x{301} e\x{301}e\x{301}e\x{301}e\x{301}e\x{301}e\x{301}e\x{301}e\x{301}e\x{301}e\x{301}e\x{301}e\x{301}e\x{301}e\x{301}e\x{301}e\x{301}e\x{301}e\x{301}e\x{301}e\x{301}e\x{301}e\x{301}e\x{301}e\x{301}e\x{301}e\x{301}e\x{301}e\x{301}e\x{301}e\x{301} e\x{301}e\x{301}e\x{301}e\x{301}e\x{301}e\x{301}e\x{301}e\x{301}e\x{301}e\x{301}e\x{301}e\x{301}e\x{301}e\x{301}e\x{301}e\x{301}e\x{301}e\x{301}e\x{301}e\x{301}e\x{301}e\x{301}"
          text run at (1055,5565) width 1: " "
          text run at (0,5580) width 1056: "e\x{301}e\x{301}e\x{301}e\x{301}e\x{301}e\x{301}e\x{301}e\x{301}e\x{301}e\x{301}e\x{301}e\x{301}e\x{301}e\x{301}e\x{301}e\x{301}e\x{301}e\x{301}e\x{301}e\x{301}e\x{301}e\x{301}e\x{301}e\x{301}e\x{301}e\x{301}e\x{301}e\x{301}e\x{301}e\x{301}e\x{301}e\x{301} e\x{301} e\x{301}e\x{301}e\x{301}e\x{301}e\x{301}e\x{301}e\x{301}e\x{301}e\x{301}e\x{301}e\x{301}e\x{301}e\x{301}e\x{301}e\x{301}e\x{301}e\x{301}e\x{301}e\x{301}e\x{301}e\x{301}e\x{301}e\x{301}e\x{301}e\x{301}e\x{301}e\x{301}e\x{301}e\x{301}e\x{301}e\x{301}e\x{301}e\x{301}e\x{301}e\x{301}e\x{301}e\x{301}e\x{301}e\x{301}e\x{301}e\x{301}e\x{301}e\x{301} e\x{301}e\x{301}e\x{301}e\x{301}e\x{301}e\x{301}e\x{301}e\x{301}e\x{301}e\x{301}e\x{301}e\x{301}e\x{301}e\x{301}e\x{301}e\x{301}e\x{301}e\x{301}e\x{301}e\x{301}e\x{301}e\x{301}e\x{301}e\x{301}e\x{301}e\x{301}e\x{301}e\x{301}e\x{301}e\x{301} e\x{301}e\x{301}e\x{301}e\x{301}e\x{301}e\x{301}e\x{301}e\x{301}e\x{301}e\x{301}e\x{301}e\x{301}e\x{301}e\x{301}e\x{301}e\x{301}e\x{301}e\x{301}e\x{301}e\x{301}e\x{301}e\x{301}"
          text run at (1055,5580) width 1: " "
          text run at (0,5595) width 1056: "e\x{301}e\x{301}e\x{301}e\x{301}e\x{301}e\x{301}e\x{301}e\x{301}e\x{301}e\x{301}e\x{301}e\x{301}e\x{301}e\x{301}e\x{301}e\x{301}e\x{301}e\x{301}e\x{301}e\x{301}e\x{301}e\x{301}e\x{301}e\x{301}e\x{301}e\x{301}e\x{301}e\x{301}e\x{301}e\x{301}e\x{301}e\x{301} e\x{301} e\x{301}e\x{301}e\x{301}e\x{301}e\x{301}e\x{301}e\x{301}e\x{301}e\x{301}e\x{301}e\x{301}e\x{301}e\x{301}e\x{301}e\x{301}e\x{301}e\x{301}e\x{301}e\x{301}e\x{301}e\x{301}e\x{301}e\x{301}e\x{301}e\x{301}e\x{301}e\x{301}e\x{301}e\x{301}e\x{301}e\x{301}e\x{301}e\x{301}e\x{301}e\x{301}e\x{301}e\x{301}e\x{301}e\x{301}e\x{301}e\x{301}e\x{301}e\x{301} e\x{301}e\x{301}e\x{301}e\x{301}e\x{301}e\x{301}e\x{301}e\x{301}e\x{301}e\x{301}e\x{301}e\x{301}e\x{301}e\x{301}e\x{301}e\x{301}e\x{301}e\x{301}e\x{301}e\x{301}e\x{301}e\x{301}e\x{301}e\x{301}e\x{301}e\x{301}e\x{301}e\x{301}e\x{301}e\x{301} e\x{301}e\x{301}e\x{301}e\x{301}e\x{301}e\x{301}e\x{301}e\x{301}e\x{301}e\x{301}e\x{301}e\x{301}e\x{301}e\x{301}e\x{301}e\x{301}e\x{301}e\x{301}e\x{301}e\x{301}e\x{301}e\x{301}"
          text run at (1055,5595) width 1: " "
          text run at (0,5610) width 1056: "e\x{301}e\x{301}e\x{301}e\x{301}e\x{301}e\x{301}e\x{301}e\x{301}e\x{301}e\x{301}e\x{301}e\x{301}e\x{301}e\x{301}e\x{301}e\x{301}e\x{301}e\x{301}e\x{301}e\x{301}e\x{301}e\x{301}e\x{301}e\x{301}e\x{301}e\x{301}e\x{301}e\x{301}e\x{301}e\x{301}e\x{301}e\x{301} e\x{301} e\x{301}e\x{301}e\x{301}e\x{301}e\x{301}e\x{301}e\x{301}e\x{301}e\x{301}e\x{301}e\x{301}e\x{301}e\x{301}e\x{301}e\x{301}e\x{301}e\x{301}e\x{301}e\x{301}e\x{301}e\x{301}e\x{301}e\x{301}e\x{301}e\x{301}e\x{301}e\x{301}e\x{301}e\x{301}e\x{301}e\x{301}e\x{301}e\x{301}e\x{301}e\x{301}e\x{301}e\x{301}e\x{301}e\x{301}e\x{301}e\x{301}e\x{301}e\x{301} e\x{301}e\x{301}e\x{301}e\x{301}e\x{301}e\x{301}e\x{301}e\x{301}e\x{301}e\x{301}e\x{301}e\x{301}e\x{301}e\x{301}e\x{301}e\x{301}e\x{301}e\x{301}e\x{301}e\x{301}e\x{301}e\x{301}e\x{301}e\x{301}e\x{301}e\x{301}e\x{301}e\x{301}e\x{301}e\x{301} e\x{301}e\x{301}e\x{301}e\x{301}e\x{301}e\x{301}e\x{301}e\x{301}e\x{301}e\x{301}e\x{301}e\x{301}e\x{301}e\x{301}e\x{301}e\x{301}e\x{301}e\x{301}e\x{301}e\x{301}e\x{301}e\x{301}"
          text run at (1055,5610) width 1: " "
          text run at (0,5625) width 1056: "e\x{301}e\x{301}e\x{301}e\x{301}e\x{301}e\x{301}e\x{301}e\x{301}e\x{301}e\x{301}e\x{301}e\x{301}e\x{301}e\x{301}e\x{301}e\x{301}e\x{301}e\x{301}e\x{301}e\x{301}e\x{301}e\x{301}e\x{301}e\x{301}e\x{301}e\x{301}e\x{301}e\x{301}e\x{301}e\x{301}e\x{301}e\x{301} e\x{301} e\x{301}e\x{301}e\x{301}e\x{301}e\x{301}e\x{301}e\x{301}e\x{301}e\x{301}e\x{301}e\x{301}e\x{301}e\x{301}e\x{301}e\x{301}e\x{301}e\x{301}e\x{301}e\x{301}e\x{301}e\x{301}e\x{301}e\x{301}e\x{301}e\x{301}e\x{301}e\x{301}e\x{301}e\x{301}e\x{301}e\x{301}e\x{301}e\x{301}e\x{301}e\x{301}e\x{301}e\x{301}e\x{301}e\x{301}e\x{301}e\x{301}e\x{301}e\x{301} e\x{301}e\x{301}e\x{301}e\x{301}e\x{301}e\x{301}e\x{301}e\x{301}e\x{301}e\x{301}e\x{301}e\x{301}e\x{301}e\x{301}e\x{301}e\x{301}e\x{301}e\x{301}e\x{301}e\x{301}e\x{301}e\x{301}e\x{301}e\x{301}e\x{301}e\x{301}e\x{301}e\x{301}e\x{301}e\x{301} e\x{301}e\x{301}e\x{301}e\x{301}e\x{301}e\x{301}e\x{301}e\x{301}e\x{301}e\x{301}e\x{301}e\x{301}e\x{301}e\x{301}e\x{301}e\x{301}e\x{301}e\x{301}e\x{301}e\x{301}e\x{301}e\x{301}"
          text run at (1055,5625) width 1: " "
          text run at (0,5640) width 1056: "e\x{301}e\x{301}e\x{301}e\x{301}e\x{301}e\x{301}e\x{301}e\x{301}e\x{301}e\x{301}e\x{301}e\x{301}e\x{301}e\x{301}e\x{301}e\x{301}e\x{301}e\x{301}e\x{301}e\x{301}e\x{301}e\x{301}e\x{301}e\x{301}e\x{301}e\x{301}e\x{301}e\x{301}e\x{301}e\x{301}e\x{301}e\x{301} e\x{301} e\x{301}e\x{301}e\x{301}e\x{301}e\x{301}e\x{301}e\x{301}e\x{301}e\x{301}e\x{301}e\x{301}e\x{301}e\x{301}e\x{301}e\x{301}e\x{301}e\x{301}e\x{301}e\x{301}e\x{301}e\x{301}e\x{301}e\x{301}e\x{301}e\x{301}e\x{301}e\x{301}e\x{301}e\x{301}e\x{301}e\x{301}e\x{301}e\x{301}e\x{301}e\x{301}e\x{301}e\x{301}e\x{301}e\x{301}e\x{301}e\x{301}e\x{301}e\x{301} e\x{301}e\x{301}e\x{301}e\x{301}e\x{301}e\x{301}e\x{301}e\x{301}e\x{301}e\x{301}e\x{301}e\x{301}e\x{301}e\x{301}e\x{301}e\x{301}e\x{301}e\x{301}e\x{301}e\x{301}e\x{301}e\x{301}e\x{301}e\x{301}e\x{301}e\x{301}e\x{301}e\x{301}e\x{301}e\x{301} e\x{301}e\x{301}e\x{301}e\x{301}e\x{301}e\x{301}e\x{301}e\x{301}e\x{301}e\x{301}e\x{301}e\x{301}e\x{301}e\x{301}e\x{301}e\x{301}e\x{301}e\x{301}e\x{301}e\x{301}e\x{301}e\x{301}"
          text run at (1055,5640) width 1: " "
          text run at (0,5655) width 1056: "e\x{301}e\x{301}e\x{301}e\x{301}e\x{301}e\x{301}e\x{301}e\x{301}e\x{301}e\x{301}e\x{301}e\x{301}e\x{301}e\x{301}e\x{301}e\x{301}e\x{301}e\x{301}e\x{301}e\x{301}e\x{301}e\x{301}e\x{301}e\x{301}e\x{301}e\x{301}e\x{301}e\x{301}e\x{301}e\x{301}e\x{301}e\x{301} e\x{301} e\x{301}e\x{301}e\x{301}e\x{301}e\x{301}e\x{301}e\x{301}e\x{301}e\x{301}e\x{301}e\x{301}e\x{301}e\x{301}e\x{301}e\x{301}e\x{301}e\x{301}e\x{301}e\x{301}e\x{301}e\x{301}e\x{301}e\x{301}e\x{301}e\x{301}e\x{301}e\x{301}e\x{301}e\x{301}e\x{301}e\x{301}e\x{301}e\x{301}e\x{301}e\x{301}e\x{301}e\x{301}e\x{301}e\x{301}e\x{301}e\x{301}e\x{301}e\x{301} e\x{301}e\x{301}e\x{301}e\x{301}e\x{301}e\x{301}e\x{301}e\x{301}e\x{301}e\x{301}e\x{301}e\x{301}e\x{301}e\x{301}e\x{301}e\x{301}e\x{301}e\x{301}e\x{301}e\x{301}e\x{301}e\x{301}e\x{301}e\x{301}e\x{301}e\x{301}e\x{301}e\x{301}e\x{301}e\x{301} e\x{301}e\x{301}e\x{301}e\x{301}e\x{301}e\x{301}e\x{301}e\x{301}e\x{301}e\x{301}e\x{301}e\x{301}e\x{301}e\x{301}e\x{301}e\x{301}e\x{301}e\x{301}e\x{301}e\x{301}e\x{301}e\x{301}"
          text run at (1055,5655) width 1: " "
          text run at (0,5670) width 1056: "e\x{301}e\x{301}e\x{301}e\x{301}e\x{301}e\x{301}e\x{301}e\x{301}e\x{301}e\x{301}e\x{301}e\x{301}e\x{301}e\x{301}e\x{301}e\x{301}e\x{301}e\x{301}e\x{301}e\x{301}e\x{301}e\x{301}e\x{301}e\x{301}e\x{301}e\x{301}e\x{301}e\x{301}e\x{301}e\x{301}e\x{301}e\x{301} e\x{301} e\x{301}e\x{301}e\x{301}e\x{301}e\x{301}e\x{301}e\x{301}e\x{301}e\x{301}e\x{301}e\x{301}e\x{301}e\x{301}e\x{301}e\x{301}e\x{301}e\x{301}e\x{301}e\x{301}e\x{301}e\x{301}e\x{301}e\x{301}e\x{301}e\x{301}e\x{301}e\x{301}e\x{301}e\x{301}e\x{301}e\x{301}e\x{301}e\x{301}e\x{301}e\x{301}e\x{301}e\x{301}e\x{301}e\x{301}e\x{301}e\x{301}e\x{301}e\x{301} e\x{301}e\x{301}e\x{301}e\x{301}e\x{301}e\x{301}e\x{301}e\x{301}e\x{301}e\x{301}e\x{301}e\x{301}e\x{301}e\x{301}e\x{301}e\x{301}e\x{301}e\x{301}e\x{301}e\x{301}e\x{301}e\x{301}e\x{301}e\x{301}e\x{301}e\x{301}e\x{301}e\x{301}e\x{301}e\x{301} e\x{301}e\x{301}e\x{301}e\x{301}e\x{301}e\x{301}e\x{301}e\x{301}e\x{301}e\x{301}e\x{301}e\x{301}e\x{301}e\x{301}e\x{301}e\x{301}e\x{301}e\x{301}e\x{301}e\x{301}e\x{301}e\x{301}"
          text run at (1055,5670) width 1: " "
          text run at (0,5685) width 1056: "e\x{301}e\x{301}e\x{301}e\x{301}e\x{301}e\x{301}e\x{301}e\x{301}e\x{301}e\x{301}e\x{301}e\x{301}e\x{301}e\x{301}e\x{301}e\x{301}e\x{301}e\x{301}e\x{301}e\x{301}e\x{301}e\x{301}e\x{301}e\x{301}e\x{301}e\x{301}e\x{301}e\x{301}e\x{301}e\x{301}e\x{301}e\x{301} e\x{301} e\x{301}e\x{301}e\x{301}e\x{301}e\x{301}e\x{301}e\x{301}e\x{301}e\x{301}e\x{301}e\x{301}e\x{301}e\x{301}e\x{301}e\x{301}e\x{301}e\x{301}e\x{301}e\x{301}e\x{301}e\x{301}e\x{301}e\x{301}e\x{301}e\x{301}e\x{301}e\x{301}e\x{301}e\x{301}e\x{301}e\x{301}e\x{301}e\x{301}e\x{301}e\x{301}e\x{301}e\x{301}e\x{301}e\x{301}e\x{301}e\x{301}e\x{301}e\x{301} e\x{301}e\x{301}e\x{301}e\x{301}e\x{301}e\x{301}e\x{301}e\x{301}e\x{301}e\x{301}e\x{301}e\x{301}e\x{301}e\x{301}e\x{301}e\x{301}e\x{301}e\x{301}e\x{301}e\x{301}e\x{301}e\x{301}e\x{301}e\x{301}e\x{301}e\x{301}e\x{301}e\x{301}e\x{301}e\x{301} e\x{301}e\x{301}e\x{301}e\x{301}e\x{301}e\x{301}e\x{301}e\x{301}e\x{301}e\x{301}e\x{301}e\x{301}e\x{301}e\x{301}e\x{301}e\x{301}e\x{301}e\x{301}e\x{301}e\x{301}e\x{301}e\x{301}"
          text run at (1055,5685) width 1: " "
          text run at (0,5700) width 1056: "e\x{301}e\x{301}e\x{301}e\x{301}e\x{301}e\x{301}e\x{301}e\x{301}e\x{301}e\x{301}e\x{301}e\x{301}e\x{301}e\x{301}e\x{301}e\x{301}e\x{301}e\x{301}e\x{301}e\x{301}e\x{301}e\x{301}e\x{301}e\x{301}e\x{301}e\x{301}e\x{301}e\x{301}e\x{301}e\x{301}e\x{301}e\x{301} e\x{301} e\x{301}e\x{301}e\x{301}e\x{301}e\x{301}e\x{301}e\x{301}e\x{301}e\x{301}e\x{301}e\x{301}e\x{301}e\x{301}e\x{301}e\x{301}e\x{301}e\x{301}e\x{301}e\x{301}e\x{301}e\x{301}e\x{301}e\x{301}e\x{301}e\x{301}e\x{301}e\x{301}e\x{301}e\x{301}e\x{301}e\x{301}e\x{301}e\x{301}e\x{301}e\x{301}e\x{301}e\x{301}e\x{301}e\x{301}e\x{301}e\x{301}e\x{301}e\x{301} e\x{301}e\x{301}e\x{301}e\x{301}e\x{301}e\x{301}e\x{301}e\x{301}e\x{301}e\x{301}e\x{301}e\x{301}e\x{301}e\x{301}e\x{301}e\x{301}e\x{301}e\x{301}e\x{301}e\x{301}e\x{301}e\x{301}e\x{301}e\x{301}e\x{301}e\x{301}e\x{301}e\x{301}e\x{301}e\x{301} e\x{301}e\x{301}e\x{301}e\x{301}e\x{301}e\x{301}e\x{301}e\x{301}e\x{301}e\x{301}e\x{301}e\x{301}e\x{301}e\x{301}e\x{301}e\x{301}e\x{301}e\x{301}e\x{301}e\x{301}e\x{301}e\x{301}"
          text run at (1055,5700) width 1: " "
          text run at (0,5715) width 1056: "e\x{301}e\x{301}e\x{301}e\x{301}e\x{301}e\x{301}e\x{301}e\x{301}e\x{301}e\x{301}e\x{301}e\x{301}e\x{301}e\x{301}e\x{301}e\x{301}e\x{301}e\x{301}e\x{301}e\x{301}e\x{301}e\x{301}e\x{301}e\x{301}e\x{301}e\x{301}e\x{301}e\x{301}e\x{301}e\x{301}e\x{301}e\x{301} e\x{301} e\x{301}e\x{301}e\x{301}e\x{301}e\x{301}e\x{301}e\x{301}e\x{301}e\x{301}e\x{301}e\x{301}e\x{301}e\x{301}e\x{301}e\x{301}e\x{301}e\x{301}e\x{301}e\x{301}e\x{301}e\x{301}e\x{301}e\x{301}e\x{301}e\x{301}e\x{301}e\x{301}e\x{301}e\x{301}e\x{301}e\x{301}e\x{301}e\x{301}e\x{301}e\x{301}e\x{301}e\x{301}e\x{301}e\x{301}e\x{301}e\x{301}e\x{301}e\x{301} e\x{301}e\x{301}e\x{301}e\x{301}e\x{301}e\x{301}e\x{301}e\x{301}e\x{301}e\x{301}e\x{301}e\x{301}e\x{301}e\x{301}e\x{301}e\x{301}e\x{301}e\x{301}e\x{301}e\x{301}e\x{301}e\x{301}e\x{301}e\x{301}e\x{301}e\x{301}e\x{301}e\x{301}e\x{301}e\x{301} e\x{301}e\x{301}e\x{301}e\x{301}e\x{301}e\x{301}e\x{301}e\x{301}e\x{301}e\x{301}e\x{301}e\x{301}e\x{301}e\x{301}e\x{301}e\x{301}e\x{301}e\x{301}e\x{301}e\x{301}e\x{301}e\x{301}"
          text run at (1055,5715) width 1: " "
          text run at (0,5730) width 1056: "e\x{301}e\x{301}e\x{301}e\x{301}e\x{301}e\x{301}e\x{301}e\x{301}e\x{301}e\x{301}e\x{301}e\x{301}e\x{301}e\x{301}e\x{301}e\x{301}e\x{301}e\x{301}e\x{301}e\x{301}e\x{301}e\x{301}e\x{301}e\x{301}e\x{301}e\x{301}e\x{301}e\x{301}e\x{301}e\x{301}e\x{301}e\x{301} e\x{301} e\x{301}e\x{301}e\x{301}e\x{301}e\x{301}e\x{301}e\x{301}e\x{301}e\x{301}e\x{301}e\x{301}e\x{301}e\x{301}e\x{301}e\x{301}e\x{301}e\x{301}e\x{301}e\x{301}e\x{301}e\x{301}e\x{301}e\x{301}e\x{301}e\x{301}e\x{301}e\x{301}e\x{301}e\x{301}e\x{301}e\x{301}e\x{301}e\x{301}e\x{301}e\x{301}e\x{301}e\x{301}e\x{301}e\x{301}e\x{301}e\x{301}e\x{301}e\x{301} e\x{301}e\x{301}e\x{301}e\x{301}e\x{301}e\x{301}e\x{301}e\x{301}e\x{301}e\x{301}e\x{301}e\x{301}e\x{301}e\x{301}e\x{301}e\x{301}e\x{301}e\x{301}e\x{301}e\x{301}e\x{301}e\x{301}e\x{301}e\x{301}e\x{301}e\x{301}e\x{301}e\x{301}e\x{301}e\x{301} e\x{301}e\x{301}e\x{301}e\x{301}e\x{301}e\x{301}e\x{301}e\x{301}e\x{301}e\x{301}e\x{301}e\x{301}e\x{301}e\x{301}e\x{301}e\x{301}e\x{301}e\x{301}e\x{301}e\x{301}e\x{301}e\x{301}"
          text run at (1055,5730) width 1: " "
          text run at (0,5745) width 1056: "e\x{301}e\x{301}e\x{301}e\x{301}e\x{301}e\x{301}e\x{301}e\x{301}e\x{301}e\x{301}e\x{301}e\x{301}e\x{301}e\x{301}e\x{301}e\x{301}e\x{301}e\x{301}e\x{301}e\x{301}e\x{301}e\x{301}e\x{301}e\x{301}e\x{301}e\x{301}e\x{301}e\x{301}e\x{301}e\x{301}e\x{301}e\x{301} e\x{301} e\x{301}e\x{301}e\x{301}e\x{301}e\x{301}e\x{301}e\x{301}e\x{301}e\x{301}e\x{301}e\x{301}e\x{301}e\x{301}e\x{301}e\x{301}e\x{301}e\x{301}e\x{301}e\x{301}e\x{301}e\x{301}e\x{301}e\x{301}e\x{301}e\x{301}e\x{301}e\x{301}e\x{301}e\x{301}e\x{301}e\x{301}e\x{301}e\x{301}e\x{301}e\x{301}e\x{301}e\x{301}e\x{301}e\x{301}e\x{301}e\x{301}e\x{301}e\x{301} e\x{301}e\x{301}e\x{301}e\x{301}e\x{301}e\x{301}e\x{301}e\x{301}e\x{301}e\x{301}e\x{301}e\x{301}e\x{301}e\x{301}e\x{301}e\x{301}e\x{301}e\x{301}e\x{301}e\x{301}e\x{301}e\x{301}e\x{301}e\x{301}e\x{301}e\x{301}e\x{301}e\x{301}e\x{301}e\x{301} e\x{301}e\x{301}e\x{301}e\x{301}e\x{301}e\x{301}e\x{301}e\x{301}e\x{301}e\x{301}e\x{301}e\x{301}e\x{301}e\x{301}e\x{301}e\x{301}e\x{301}e\x{301}e\x{301}e\x{301}e\x{301}e\x{301}"
          text run at (1055,5745) width 1: " "
          text run at (0,5760) width 1056: "e\x{301}e\x{301}e\x{301}e\x{301}e\x{301}e\x{301}e\x{301}e\x{301}e\x{301}e\x{301}e\x{301}e\x{301}e\x{301}e\x{301}e\x{301}e\x{301}e\x{301}e\x{301}e\x{301}e\x{301}e\x{301}e\x{301}e\x{301}e\x{301}e\x{301}e\x{301}e\x{301}e\x{301}e\x{301}e\x{301}e\x{301}e\x{301} e\x{301} e\x{301}e\x{301}e\x{301}e\x{301}e\x{301}e\x{301}e\x{301}e\x{301}e\x{301}e\x{301}e\x{301}e\x{301}e\x{301}e\x{301}e\x{301}e\x{301}e\x{301}e\x{301}e\x{301}e\x{301}e\x{301}e\x{301}e\x{301}e\x{301}e\x{301}e\x{301}e\x{301}e\x{301}e\x{301}e\x{301}e\x{301}e\x{301}e\x{301}e\x{301}e\x{301}e\x{301}e\x{301}e\x{301}e\x{301}e\x{301}e\x{301}e\x{301}e\x{301} e\x{301}e\x{301}e\x{301}e\x{301}e\x{301}e\x{301}e\x{301}e\x{301}e\x{301}e\x{301}e\x{301}e\x{301}e\x{301}e\x{301}e\x{301}e\x{301}e\x{301}e\x{301}e\x{301}e\x{301}e\x{301}e\x{301}e\x{301}e\x{301}e\x{301}e\x{301}e\x{301}e\x{301}e\x{301}e\x{301} e\x{301}e\x{301}e\x{301}e\x{301}e\x{301}e\x{301}e\x{301}e\x{301}e\x{301}e\x{301}e\x{301}e\x{301}e\x{301}e\x{301}e\x{301}e\x{301}e\x{301}e\x{301}e\x{301}e\x{301}e\x{301}e\x{301}"
          text run at (1055,5760) width 1: " "
          text run at (0,5775) width 1056: "e\x{301}e\x{301}e\x{301}e\x{301}e\x{301}e\x{301}e\x{301}e\x{301}e\x{301}e\x{301}e\x{301}e\x{301}e\x{301}e\x{301}e\x{301}e\x{301}e\x{301}e\x{301}e\x{301}e\x{301}e\x{301}e\x{301}e\x{301}e\x{301}e\x{301}e\x{301}e\x{301}e\x{301}e\x{301}e\x{301}e\x{301}e\x{301} e\x{301} e\x{301}e\x{301}e\x{301}e\x{301}e\x{301}e\x{301}e\x{301}e\x{301}e\x{301}e\x{301}e\x{301}e\x{301}e\x{301}e\x{301}e\x{301}e\x{301}e\x{301}e\x{301}e\x{301}e\x{301}e\x{301}e\x{301}e\x{301}e\x{301}e\x{301}e\x{301}e\x{301}e\x{301}e\x{301}e\x{301}e\x{301}e\x{301}e\x{301}e\x{301}e\x{301}e\x{301}e\x{301}e\x{301}e\x{301}e\x{301}e\x{301}e\x{301}e\x{301} e\x{301}e\x{301}e\x{301}e\x{301}e\x{301}e\x{301}e\x{301}e\x{301}e\x{301}e\x{301}e\x{301}e\x{301}e\x{301}e\x{301}e\x{301}e\x{301}e\x{301}e\x{301}e\x{301}e\x{301}e\x{301}e\x{301}e\x{301}e\x{301}e\x{301}e\x{301}e\x{301}e\x{301}e\x{301}e\x{301} e\x{301}e\x{301}e\x{301}e\x{301}e\x{301}e\x{301}e\x{301}e\x{301}e\x{301}e\x{301}e\x{301}e\x{301}e\x{301}e\x{301}e\x{301}e\x{301}e\x{301}e\x{301}e\x{301}e\x{301}e\x{301}e\x{301}"
          text run at (1055,5775) width 1: " "
          text run at (0,5790) width 1056: "e\x{301}e\x{301}e\x{301}e\x{301}e\x{301}e\x{301}e\x{301}e\x{301}e\x{301}e\x{301}e\x{301}e\x{301}e\x{301}e\x{301}e\x{301}e\x{301}e\x{301}e\x{301}e\x{301}e\x{301}e\x{301}e\x{301}e\x{301}e\x{301}e\x{301}e\x{301}e\x{301}e\x{301}e\x{301}e\x{301}e\x{301}e\x{301} e\x{301} e\x{301}e\x{301}e\x{301}e\x{301}e\x{301}e\x{301}e\x{301}e\x{301}e\x{301}e\x{301}e\x{301}e\x{301}e\x{301}e\x{301}e\x{301}e\x{301}e\x{301}e\x{301}e\x{301}e\x{301}e\x{301}e\x{301}e\x{301}e\x{301}e\x{301}e\x{301}e\x{301}e\x{301}e\x{301}e\x{301}e\x{301}e\x{301}e\x{301}e\x{301}e\x{301}e\x{301}e\x{301}e\x{301}e\x{301}e\x{301}e\x{301}e\x{301}e\x{301} e\x{301}e\x{301}e\x{301}e\x{301}e\x{301}e\x{301}e\x{301}e\x{301}e\x{301}e\x{301}e\x{301}e\x{301}e\x{301}e\x{301}e\x{301}e\x{301}e\x{301}e\x{301}e\x{301}e\x{301}e\x{301}e\x{301}e\x{301}e\x{301}e\x{301}e\x{301}e\x{301}e\x{301}e\x{301}e\x{301} e\x{301}e\x{301}e\x{301}e\x{301}e\x{301}e\x{301}e\x{301}e\x{301}e\x{301}e\x{301}e\x{301}e\x{301}e\x{301}e\x{301}e\x{301}e\x{301}e\x{301}e\x{301}e\x{301}e\x{301}e\x{301}e\x{301}"
          text run at (1055,5790) width 1: " "
          text run at (0,5805) width 1056: "e\x{301}e\x{301}e\x{301}e\x{301}e\x{301}e\x{301}e\x{301}e\x{301}e\x{301}e\x{301}e\x{301}e\x{301}e\x{301}e\x{301}e\x{301}e\x{301}e\x{301}e\x{301}e\x{301}e\x{301}e\x{301}e\x{301}e\x{301}e\x{301}e\x{301}e\x{301}e\x{301}e\x{301}e\x{301}e\x{301}e\x{301}e\x{301} e\x{301} e\x{301}e\x{301}e\x{301}e\x{301}e\x{301}e\x{301}e\x{301}e\x{301}e\x{301}e\x{301}e\x{301}e\x{301}e\x{301}e\x{301}e\x{301}e\x{301}e\x{301}e\x{301}e\x{301}e\x{301}e\x{301}e\x{301}e\x{301}e\x{301}e\x{301}e\x{301}e\x{301}e\x{301}e\x{301}e\x{301}e\x{301}e\x{301}e\x{301}e\x{301}e\x{301}e\x{301}e\x{301}e\x{301}e\x{301}e\x{301}e\x{301}e\x{301}e\x{301} e\x{301}e\x{301}e\x{301}e\x{301}e\x{301}e\x{301}e\x{301}e\x{301}e\x{301}e\x{301}e\x{301}e\x{301}e\x{301}e\x{301}e\x{301}e\x{301}e\x{301}e\x{301}e\x{301}e\x{301}e\x{301}e\x{301}e\x{301}e\x{301}e\x{301}e\x{301}e\x{301}e\x{301}e\x{301}e\x{301} e\x{301}e\x{301}e\x{301}e\x{301}e\x{301}e\x{301}e\x{301}e\x{301}e\x{301}e\x{301}e\x{301}e\x{301}e\x{301}e\x{301}e\x{301}e\x{301}e\x{301}e\x{301}e\x{301}e\x{301}e\x{301}e\x{301}"
          text run at (1055,5805) width 1: " "
          text run at (0,5820) width 1056: "e\x{301}e\x{301}e\x{301}e\x{301}e\x{301}e\x{301}e\x{301}e\x{301}e\x{301}e\x{301}e\x{301}e\x{301}e\x{301}e\x{301}e\x{301}e\x{301}e\x{301}e\x{301}e\x{301}e\x{301}e\x{301}e\x{301}e\x{301}e\x{301}e\x{301}e\x{301}e\x{301}e\x{301}e\x{301}e\x{301}e\x{301}e\x{301} e\x{301} e\x{301}e\x{301}e\x{301}e\x{301}e\x{301}e\x{301}e\x{301}e\x{301}e\x{301}e\x{301}e\x{301}e\x{301}e\x{301}e\x{301}e\x{301}e\x{301}e\x{301}e\x{301}e\x{301}e\x{301}e\x{301}e\x{301}e\x{301}e\x{301}e\x{301}e\x{301}e\x{301}e\x{301}e\x{301}e\x{301}e\x{301}e\x{301}e\x{301}e\x{301}e\x{301}e\x{301}e\x{301}e\x{301}e\x{301}e\x{301}e\x{301}e\x{301}e\x{301} e\x{301}e\x{301}e\x{301}e\x{301}e\x{301}e\x{301}e\x{301}e\x{301}e\x{301}e\x{301}e\x{301}e\x{301}e\x{301}e\x{301}e\x{301}e\x{301}e\x{301}e\x{301}e\x{301}e\x{301}e\x{301}e\x{301}e\x{301}e\x{301}e\x{301}e\x{301}e\x{301}e\x{301}e\x{301}e\x{301} e\x{301}e\x{301}e\x{301}e\x{301}e\x{301}e\x{301}e\x{301}e\x{301}e\x{301}e\x{301}e\x{301}e\x{301}e\x{301}e\x{301}e\x{301}e\x{301}e\x{301}e\x{301}e\x{301}e\x{301}e\x{301}e\x{301}"
          text run at (1055,5820) width 1: " "
          text run at (0,5835) width 1056: "e\x{301}e\x{301}e\x{301}e\x{301}e\x{301}e\x{301}e\x{301}e\x{301}e\x{301}e\x{301}e\x{301}e\x{301}e\x{301}e\x{301}e\x{301}e\x{301}e\x{301}e\x{301}e\x{301}e\x{301}e\x{301}e\x{301}e\x{301}e\x{301}e\x{301}e\x{301}e\x{301}e\x{301}e\x{301}e\x{301}e\x{301}e\x{301} e\x{301} e\x{301}e\x{301}e\x{301}e\x{301}e\x{301}e\x{301}e\x{301}e\x{301}e\x{301}e\x{301}e\x{301}e\x{301}e\x{301}e\x{301}e\x{301}e\x{301}e\x{301}e\x{301}e\x{301}e\x{301}e\x{301}e\x{301}e\x{301}e\x{301}e\x{301}e\x{301}e\x{301}e\x{301}e\x{301}e\x{301}e\x{301}e\x{301}e\x{301}e\x{301}e\x{301}e\x{301}e\x{301}e\x{301}e\x{301}e\x{301}e\x{301}e\x{301}e\x{301} e\x{301}e\x{301}e\x{301}e\x{301}e\x{301}e\x{301}e\x{301}e\x{301}e\x{301}e\x{301}e\x{301}e\x{301}e\x{301}e\x{301}e\x{301}e\x{301}e\x{301}e\x{301}e\x{301}e\x{301}e\x{301}e\x{301}e\x{301}e\x{301}e\x{301}e\x{301}e\x{301}e\x{301}e\x{301}e\x{301} e\x{301}e\x{301}e\x{301}e\x{301}e\x{301}e\x{301}e\x{301}e\x{301}e\x{301}e\x{301}e\x{301}e\x{301}e\x{301}e\x{301}e\x{301}e\x{301}e\x{301}e\x{301}e\x{301}e\x{301}e\x{301}e\x{301}"
          text run at (1055,5835) width 1: " "
          text run at (0,5850) width 1056: "e\x{301}e\x{301}e\x{301}e\x{301}e\x{301}e\x{301}e\x{301}e\x{301}e\x{301}e\x{301}e\x{301}e\x{301}e\x{301}e\x{301}e\x{301}e\x{301}e\x{301}e\x{301}e\x{301}e\x{301}e\x{301}e\x{301}e\x{301}e\x{301}e\x{301}e\x{301}e\x{301}e\x{301}e\x{301}e\x{301}e\x{301}e\x{301} e\x{301} e\x{301}e\x{301}e\x{301}e\x{301}e\x{301}e\x{301}e\x{301}e\x{301}e\x{301}e\x{301}e\x{301}e\x{301}e\x{301}e\x{301}e\x{301}e\x{301}e\x{301}e\x{301}e\x{301}e\x{301}e\x{301}e\x{301}e\x{301}e\x{301}e\x{301}e\x{301}e\x{301}e\x{301}e\x{301}e\x{301}e\x{301}e\x{301}e\x{301}e\x{301}e\x{301}e\x{301}e\x{301}e\x{301}e\x{301}e\x{301}e\x{301}e\x{301}e\x{301} e\x{301}e\x{301}e\x{301}e\x{301}e\x{301}e\x{301}e\x{301}e\x{301}e\x{301}e\x{301}e\x{301}e\x{301}e\x{301}e\x{301}e\x{301}e\x{301}e\x{301}e\x{301}e\x{301}e\x{301}e\x{301}e\x{301}e\x{301}e\x{301}e\x{301}e\x{301}e\x{301}e\x{301}e\x{301}e\x{301} e\x{301}e\x{301}e\x{301}e\x{301}e\x{301}e\x{301}e\x{301}e\x{301}e\x{301}e\x{301}e\x{301}e\x{301}e\x{301}e\x{301}e\x{301}e\x{301}e\x{301}e\x{301}e\x{301}e\x{301}e\x{301}e\x{301}"
          text run at (1055,5850) width 1: " "
          text run at (0,5865) width 1056: "e\x{301}e\x{301}e\x{301}e\x{301}e\x{301}e\x{301}e\x{301}e\x{301}e\x{301}e\x{301}e\x{301}e\x{301}e\x{301}e\x{301}e\x{301}e\x{301}e\x{301}e\x{301}e\x{301}e\x{301}e\x{301}e\x{301}e\x{301}e\x{301}e\x{301}e\x{301}e\x{301}e\x{301}e\x{301}e\x{301}e\x{301}e\x{301} e\x{301} e\x{301}e\x{301}e\x{301}e\x{301}e\x{301}e\x{301}e\x{301}e\x{301}e\x{301}e\x{301}e\x{301}e\x{301}e\x{301}e\x{301}e\x{301}e\x{301}e\x{301}e\x{301}e\x{301}e\x{301}e\x{301}e\x{301}e\x{301}e\x{301}e\x{301}e\x{301}e\x{301}e\x{301}e\x{301}e\x{301}e\x{301}e\x{301}e\x{301}e\x{301}e\x{301}e\x{301}e\x{301}e\x{301}e\x{301}e\x{301}e\x{301}e\x{301}e\x{301} e\x{301}e\x{301}e\x{301}e\x{301}e\x{301}e\x{301}e\x{301}e\x{301}e\x{301}e\x{301}e\x{301}e\x{301}e\x{301}e\x{301}e\x{301}e\x{301}e\x{301}e\x{301}e\x{301}e\x{301}e\x{301}e\x{301}e\x{301}e\x{301}e\x{301}e\x{301}e\x{301}e\x{301}e\x{301}e\x{301} e\x{301}e\x{301}e\x{301}e\x{301}e\x{301}e\x{301}e\x{301}e\x{301}e\x{301}e\x{301}e\x{301}e\x{301}e\x{301}e\x{301}e\x{301}e\x{301}e\x{301}e\x{301}e\x{301}e\x{301}e\x{301}e\x{301}"
          text run at (1055,5865) width 1: " "
          text run at (0,5880) width 1056: "e\x{301}e\x{301}e\x{301}e\x{301}e\x{301}e\x{301}e\x{301}e\x{301}e\x{301}e\x{301}e\x{301}e\x{301}e\x{301}e\x{301}e\x{301}e\x{301}e\x{301}e\x{301}e\x{301}e\x{301}e\x{301}e\x{301}e\x{301}e\x{301}e\x{301}e\x{301}e\x{301}e\x{301}e\x{301}e\x{301}e\x{301}e\x{301} e\x{301} e\x{301}e\x{301}e\x{301}e\x{301}e\x{301}e\x{301}e\x{301}e\x{301}e\x{301}e\x{301}e\x{301}e\x{301}e\x{301}e\x{301}e\x{301}e\x{301}e\x{301}e\x{301}e\x{301}e\x{301}e\x{301}e\x{301}e\x{301}e\x{301}e\x{301}e\x{301}e\x{301}e\x{301}e\x{301}e\x{301}e\x{301}e\x{301}e\x{301}e\x{301}e\x{301}e\x{301}e\x{301}e\x{301}e\x{301}e\x{301}e\x{301}e\x{301}e\x{301} e\x{301}e\x{301}e\x{301}e\x{301}e\x{301}e\x{301}e\x{301}e\x{301}e\x{301}e\x{301}e\x{301}e\x{301}e\x{301}e\x{301}e\x{301}e\x{301}e\x{301}e\x{301}e\x{301}e\x{301}e\x{301}e\x{301}e\x{301}e\x{301}e\x{301}e\x{301}e\x{301}e\x{301}e\x{301}e\x{301} e\x{301}e\x{301}e\x{301}e\x{301}e\x{301}e\x{301}e\x{301}e\x{301}e\x{301}e\x{301}e\x{301}e\x{301}e\x{301}e\x{301}e\x{301}e\x{301}e\x{301}e\x{301}e\x{301}e\x{301}e\x{301}e\x{301}"
          text run at (1055,5880) width 1: " "
          text run at (0,5895) width 1056: "e\x{301}e\x{301}e\x{301}e\x{301}e\x{301}e\x{301}e\x{301}e\x{301}e\x{301}e\x{301}e\x{301}e\x{301}e\x{301}e\x{301}e\x{301}e\x{301}e\x{301}e\x{301}e\x{301}e\x{301}e\x{301}e\x{301}e\x{301}e\x{301}e\x{301}e\x{301}e\x{301}e\x{301}e\x{301}e\x{301}e\x{301}e\x{301} e\x{301} e\x{301}e\x{301}e\x{301}e\x{301}e\x{301}e\x{301}e\x{301}e\x{301}e\x{301}e\x{301}e\x{301}e\x{301}e\x{301}e\x{301}e\x{301}e\x{301}e\x{301}e\x{301}e\x{301}e\x{301}e\x{301}e\x{301}e\x{301}e\x{301}e\x{301}e\x{301}e\x{301}e\x{301}e\x{301}e\x{301}e\x{301}e\x{301}e\x{301}e\x{301}e\x{301}e\x{301}e\x{301}e\x{301}e\x{301}e\x{301}e\x{301}e\x{301}e\x{301} e\x{301}e\x{301}e\x{301}e\x{301}e\x{301}e\x{301}e\x{301}e\x{301}e\x{301}e\x{301}e\x{301}e\x{301}e\x{301}e\x{301}e\x{301}e\x{301}e\x{301}e\x{301}e\x{301}e\x{301}e\x{301}e\x{301}e\x{301}e\x{301}e\x{301}e\x{301}e\x{301}e\x{301}e\x{301}e\x{301} e\x{301}e\x{301}e\x{301}e\x{301}e\x{301}e\x{301}e\x{301}e\x{301}e\x{301}e\x{301}e\x{301}e\x{301}e\x{301}e\x{301}e\x{301}e\x{301}e\x{301}e\x{301}e\x{301}e\x{301}e\x{301}e\x{301}"
          text run at (1055,5895) width 1: " "
          text run at (0,5910) width 1056: "e\x{301}e\x{301}e\x{301}e\x{301}e\x{301}e\x{301}e\x{301}e\x{301}e\x{301}e\x{301}e\x{301}e\x{301}e\x{301}e\x{301}e\x{301}e\x{301}e\x{301}e\x{301}e\x{301}e\x{301}e\x{301}e\x{301}e\x{301}e\x{301}e\x{301}e\x{301}e\x{301}e\x{301}e\x{301}e\x{301}e\x{301}e\x{301} e\x{301} e\x{301}e\x{301}e\x{301}e\x{301}e\x{301}e\x{301}e\x{301}e\x{301}e\x{301}e\x{301}e\x{301}e\x{301}e\x{301}e\x{301}e\x{301}e\x{301}e\x{301}e\x{301}e\x{301}e\x{301}e\x{301}e\x{301}e\x{301}e\x{301}e\x{301}e\x{301}e\x{301}e\x{301}e\x{301}e\x{301}e\x{301}e\x{301}e\x{301}e\x{301}e\x{301}e\x{301}e\x{301}e\x{301}e\x{301}e\x{301}e\x{301}e\x{301}e\x{301} e\x{301}e\x{301}e\x{301}e\x{301}e\x{301}e\x{301}e\x{301}e\x{301}e\x{301}e\x{301}e\x{301}e\x{301}e\x{301}e\x{301}e\x{301}e\x{301}e\x{301}e\x{301}e\x{301}e\x{301}e\x{301}e\x{301}e\x{301}e\x{301}e\x{301}e\x{301}e\x{301}e\x{301}e\x{301}e\x{301} e\x{301}e\x{301}e\x{301}e\x{301}e\x{301}e\x{301}e\x{301}e\x{301}e\x{301}e\x{301}e\x{301}e\x{301}e\x{301}e\x{301}e\x{301}e\x{301}e\x{301}e\x{301}e\x{301}e\x{301}e\x{301}e\x{301}"
          text run at (1055,5910) width 1: " "
          text run at (0,5925) width 1056: "e\x{301}e\x{301}e\x{301}e\x{301}e\x{301}e\x{301}e\x{301}e\x{301}e\x{301}e\x{301}e\x{301}e\x{301}e\x{301}e\x{301}e\x{301}e\x{301}e\x{301}e\x{301}e\x{301}e\x{301}e\x{301}e\x{301}e\x{301}e\x{301}e\x{301}e\x{301}e\x{301}e\x{301}e\x{301}e\x{301}e\x{301}e\x{301} e\x{301} e\x{301}e\x{301}e\x{301}e\x{301}e\x{301}e\x{301}e\x{301}e\x{301}e\x{301}e\x{301}e\x{301}e\x{301}e\x{301}e\x{301}e\x{301}e\x{301}e\x{301}e\x{301}e\x{301}e\x{301}e\x{301}e\x{301}e\x{301}e\x{301}e\x{301}e\x{301}e\x{301}e\x{301}e\x{301}e\x{301}e\x{301}e\x{301}e\x{301}e\x{301}e\x{301}e\x{301}e\x{301}e\x{301}e\x{301}e\x{301}e\x{301}e\x{301}e\x{301} e\x{301}e\x{301}e\x{301}e\x{301}e\x{301}e\x{301}e\x{301}e\x{301}e\x{301}e\x{301}e\x{301}e\x{301}e\x{301}e\x{301}e\x{301}e\x{301}e\x{301}e\x{301}e\x{301}e\x{301}e\x{301}e\x{301}e\x{301}e\x{301}e\x{301}e\x{301}e\x{301}e\x{301}e\x{301}e\x{301} e\x{301}e\x{301}e\x{301}e\x{301}e\x{301}e\x{301}e\x{301}e\x{301}e\x{301}e\x{301}e\x{301}e\x{301}e\x{301}e\x{301}e\x{301}e\x{301}e\x{301}e\x{301}e\x{301}e\x{301}e\x{301}e\x{301}"
          text run at (1055,5925) width 1: " "
          text run at (0,5940) width 1056: "e\x{301}e\x{301}e\x{301}e\x{301}e\x{301}e\x{301}e\x{301}e\x{301}e\x{301}e\x{301}e\x{301}e\x{301}e\x{301}e\x{301}e\x{301}e\x{301}e\x{301}e\x{301}e\x{301}e\x{301}e\x{301}e\x{301}e\x{301}e\x{301}e\x{301}e\x{301}e\x{301}e\x{301}e\x{301}e\x{301}e\x{301}e\x{301} e\x{301} e\x{301}e\x{301}e\x{301}e\x{301}e\x{301}e\x{301}e\x{301}e\x{301}e\x{301}e\x{301}e\x{301}e\x{301}e\x{301}e\x{301}e\x{301}e\x{301}e\x{301}e\x{301}e\x{301}e\x{301}e\x{301}e\x{301}e\x{301}e\x{301}e\x{301}e\x{301}e\x{301}e\x{301}e\x{301}e\x{301}e\x{301}e\x{301}e\x{301}e\x{301}e\x{301}e\x{301}e\x{301}e\x{301}e\x{301}e\x{301}e\x{301}e\x{301}e\x{301} e\x{301}e\x{301}e\x{301}e\x{301}e\x{301}e\x{301}e\x{301}e\x{301}e\x{301}e\x{301}e\x{301}e\x{301}e\x{301}e\x{301}e\x{301}e\x{301}e\x{301}e\x{301}e\x{301}e\x{301}e\x{301}e\x{301}e\x{301}e\x{301}e\x{301}e\x{301}e\x{301}e\x{301}e\x{301}e\x{301} e\x{301}e\x{301}e\x{301}e\x{301}e\x{301}e\x{301}e\x{301}e\x{301}e\x{301}e\x{301}e\x{301}e\x{301}e\x{301}e\x{301}e\x{301}e\x{301}e\x{301}e\x{301}e\x{301}e\x{301}e\x{301}e\x{301}"
          text run at (1055,5940) width 1: " "
          text run at (0,5955) width 1056: "e\x{301}e\x{301}e\x{301}e\x{301}e\x{301}e\x{301}e\x{301}e\x{301}e\x{301}e\x{301}e\x{301}e\x{301}e\x{301}e\x{301}e\x{301}e\x{301}e\x{301}e\x{301}e\x{301}e\x{301}e\x{301}e\x{301}e\x{301}e\x{301}e\x{301}e\x{301}e\x{301}e\x{301}e\x{301}e\x{301}e\x{301}e\x{301} e\x{301} e\x{301}e\x{301}e\x{301}e\x{301}e\x{301}e\x{301}e\x{301}e\x{301}e\x{301}e\x{301}e\x{301}e\x{301}e\x{301}e\x{301}e\x{301}e\x{301}e\x{301}e\x{301}e\x{301}e\x{301}e\x{301}e\x{301}e\x{301}e\x{301}e\x{301}e\x{301}e\x{301}e\x{301}e\x{301}e\x{301}e\x{301}e\x{301}e\x{301}e\x{301}e\x{301}e\x{301}e\x{301}e\x{301}e\x{301}e\x{301}e\x{301}e\x{301}e\x{301} e\x{301}e\x{301}e\x{301}e\x{301}e\x{301}e\x{301}e\x{301}e\x{301}e\x{301}e\x{301}e\x{301}e\x{301}e\x{301}e\x{301}e\x{301}e\x{301}e\x{301}e\x{301}e\x{301}e\x{301}e\x{301}e\x{301}e\x{301}e\x{301}e\x{301}e\x{301}e\x{301}e\x{301}e\x{301}e\x{301} e\x{301}e\x{301}e\x{301}e\x{301}e\x{301}e\x{301}e\x{301}e\x{301}e\x{301}e\x{301}e\x{301}e\x{301}e\x{301}e\x{301}e\x{301}e\x{301}e\x{301}e\x{301}e\x{301}e\x{301}e\x{301}e\x{301}"
          text run at (1055,5955) width 1: " "
          text run at (0,5970) width 1056: "e\x{301}e\x{301}e\x{301}e\x{301}e\x{301}e\x{301}e\x{301}e\x{301}e\x{301}e\x{301}e\x{301}e\x{301}e\x{301}e\x{301}e\x{301}e\x{301}e\x{301}e\x{301}e\x{301}e\x{301}e\x{301}e\x{301}e\x{301}e\x{301}e\x{301}e\x{301}e\x{301}e\x{301}e\x{301}e\x{301}e\x{301}e\x{301} e\x{301} e\x{301}e\x{301}e\x{301}e\x{301}e\x{301}e\x{301}e\x{301}e\x{301}e\x{301}e\x{301}e\x{301}e\x{301}e\x{301}e\x{301}e\x{301}e\x{301}e\x{301}e\x{301}e\x{301}e\x{301}e\x{301}e\x{301}e\x{301}e\x{301}e\x{301}e\x{301}e\x{301}e\x{301}e\x{301}e\x{301}e\x{301}e\x{301}e\x{301}e\x{301}e\x{301}e\x{301}e\x{301}e\x{301}e\x{301}e\x{301}e\x{301}e\x{301}e\x{301} e\x{301}e\x{301}e\x{301}e\x{301}e\x{301}e\x{301}e\x{301}e\x{301}e\x{301}e\x{301}e\x{301}e\x{301}e\x{301}e\x{301}e\x{301}e\x{301}e\x{301}e\x{301}e\x{301}e\x{301}e\x{301}e\x{301}e\x{301}e\x{301}e\x{301}e\x{301}e\x{301}e\x{301}e\x{301}e\x{301} e\x{301}e\x{301}e\x{301}e\x{301}e\x{301}e\x{301}e\x{301}e\x{301}e\x{301}e\x{301}e\x{301}e\x{301}e\x{301}e\x{301}e\x{301}e\x{301}e\x{301}e\x{301}e\x{301}e\x{301}e\x{301}e\x{301}"
          text run at (1055,5970) width 1: " "
          text run at (0,5985) width 1056: "e\x{301}e\x{301}e\x{301}e\x{301}e\x{301}e\x{301}e\x{301}e\x{301}e\x{301}e\x{301}e\x{301}e\x{301}e\x{301}e\x{301}e\x{301}e\x{301}e\x{301}e\x{301}e\x{301}e\x{301}e\x{301}e\x{301}e\x{301}e\x{301}e\x{301}e\x{301}e\x{301}e\x{301}e\x{301}e\x{301}e\x{301}e\x{301} e\x{301} e\x{301}e\x{301}e\x{301}e\x{301}e\x{301}e\x{301}e\x{301}e\x{301}e\x{301}e\x{301}e\x{301}e\x{301}e\x{301}e\x{301}e\x{301}e\x{301}e\x{301}e\x{301}e\x{301}e\x{301}e\x{301}e\x{301}e\x{301}e\x{301}e\x{301}e\x{301}e\x{301}e\x{301}e\x{301}e\x{301}e\x{301}e\x{301}e\x{301}e\x{301}e\x{301}e\x{301}e\x{301}e\x{301}e\x{301}e\x{301}e\x{301}e\x{301}e\x{301} e\x{301}e\x{301}e\x{301}e\x{301}e\x{301}e\x{301}e\x{301}e\x{301}e\x{301}e\x{301}e\x{301}e\x{301}e\x{301}e\x{301}e\x{301}e\x{301}e\x{301}e\x{301}e\x{301}e\x{301}e\x{301}e\x{301}e\x{301}e\x{301}e\x{301}e\x{301}e\x{301}e\x{301}e\x{301}e\x{301} e\x{301}e\x{301}e\x{301}e\x{301}e\x{301}e\x{301}e\x{301}e\x{301}e\x{301}e\x{301}e\x{301}e\x{301}e\x{301}e\x{301}e\x{301}e\x{301}e\x{301}e\x{301}e\x{301}e\x{301}e\x{301}e\x{301}"
          text run at (1055,5985) width 1: " "
          text run at (0,6000) width 1056: "e\x{301}e\x{301}e\x{301}e\x{301}e\x{301}e\x{301}e\x{301}e\x{301}e\x{301}e\x{301}e\x{301}e\x{301}e\x{301}e\x{301}e\x{301}e\x{301}e\x{301}e\x{301}e\x{301}e\x{301}e\x{301}e\x{301}e\x{301}e\x{301}e\x{301}e\x{301}e\x{301}e\x{301}e\x{301}e\x{301}e\x{301}e\x{301} e\x{301} e\x{301}e\x{301}e\x{301}e\x{301}e\x{301}e\x{301}e\x{301}e\x{301}e\x{301}e\x{301}e\x{301}e\x{301}e\x{301}e\x{301}e\x{301}e\x{301}e\x{301}e\x{301}e\x{301}e\x{301}e\x{301}e\x{301}e\x{301}e\x{301}e\x{301}e\x{301}e\x{301}e\x{301}e\x{301}e\x{301}e\x{301}e\x{301}e\x{301}e\x{301}e\x{301}e\x{301}e\x{301}e\x{301}e\x{301}e\x{301}e\x{301}e\x{301}e\x{301} e\x{301}e\x{301}e\x{301}e\x{301}e\x{301}e\x{301}e\x{301}e\x{301}e\x{301}e\x{301}e\x{301}e\x{301}e\x{301}e\x{301}e\x{301}e\x{301}e\x{301}e\x{301}e\x{301}e\x{301}e\x{301}e\x{301}e\x{301}e\x{301}e\x{301}e\x{301}e\x{301}e\x{301}e\x{301}e\x{301} e\x{301}e\x{301}e\x{301}e\x{301}e\x{301}e\x{301}e\x{301}e\x{301}e\x{301}e\x{301}e\x{301}e\x{301}e\x{301}e\x{301}e\x{301}e\x{301}e\x{301}e\x{301}e\x{301}e\x{301}e\x{301}e\x{301}"
          text run at (1055,6000) width 1: " "
          text run at (0,6015) width 1056: "e\x{301}e\x{301}e\x{301}e\x{301}e\x{301}e\x{301}e\x{301}e\x{301}e\x{301}e\x{301}e\x{301}e\x{301}e\x{301}e\x{301}e\x{301}e\x{301}e\x{301}e\x{301}e\x{301}e\x{301}e\x{301}e\x{301}e\x{301}e\x{301}e\x{301}e\x{301}e\x{301}e\x{301}e\x{301}e\x{301}e\x{301}e\x{301} e\x{301} e\x{301}e\x{301}e\x{301}e\x{301}e\x{301}e\x{301}e\x{301}e\x{301}e\x{301}e\x{301}e\x{301}e\x{301}e\x{301}e\x{301}e\x{301}e\x{301}e\x{301}e\x{301}e\x{301}e\x{301}e\x{301}e\x{301}e\x{301}e\x{301}e\x{301}e\x{301}e\x{301}e\x{301}e\x{301}e\x{301}e\x{301}e\x{301}e\x{301}e\x{301}e\x{301}e\x{301}e\x{301}e\x{301}e\x{301}e\x{301}e\x{301}e\x{301}e\x{301} e\x{301}e\x{301}e\x{301}e\x{301}e\x{301}e\x{301}e\x{301}e\x{301}e\x{301}e\x{301}e\x{301}e\x{301}e\x{301}e\x{301}e\x{301}e\x{301}e\x{301}e\x{301}e\x{301}e\x{301}e\x{301}e\x{301}e\x{301}e\x{301}e\x{301}e\x{301}e\x{301}e\x{301}e\x{301}e\x{301} e\x{301}e\x{301}e\x{301}e\x{301}e\x{301}e\x{301}e\x{301}e\x{301}e\x{301}e\x{301}e\x{301}e\x{301}e\x{301}e\x{301}e\x{301}e\x{301}e\x{301}e\x{301}e\x{301}e\x{301}e\x{301}e\x{301}"
          text run at (1055,6015) width 1: " "
          text run at (0,6030) width 1056: "e\x{301}e\x{301}e\x{301}e\x{301}e\x{301}e\x{301}e\x{301}e\x{301}e\x{301}e\x{301}e\x{301}e\x{301}e\x{301}e\x{301}e\x{301}e\x{301}e\x{301}e\x{301}e\x{301}e\x{301}e\x{301}e\x{301}e\x{301}e\x{301}e\x{301}e\x{301}e\x{301}e\x{301}e\x{301}e\x{301}e\x{301}e\x{301} e\x{301} e\x{301}e\x{301}e\x{301}e\x{301}e\x{301}e\x{301}e\x{301}e\x{301}e\x{301}e\x{301}e\x{301}e\x{301}e\x{301}e\x{301}e\x{301}e\x{301}e\x{301}e\x{301}e\x{301}e\x{301}e\x{301}e\x{301}e\x{301}e\x{301}e\x{301}e\x{301}e\x{301}e\x{301}e\x{301}e\x{301}e\x{301}e\x{301}e\x{301}e\x{301}e\x{301}e\x{301}e\x{301}e\x{301}e\x{301}e\x{301}e\x{301}e\x{301}e\x{301} e\x{301}e\x{301}e\x{301}e\x{301}e\x{301}e\x{301}e\x{301}e\x{301}e\x{301}e\x{301}e\x{301}e\x{301}e\x{301}e\x{301}e\x{301}e\x{301}e\x{301}e\x{301}e\x{301}e\x{301}e\x{301}e\x{301}e\x{301}e\x{301}e\x{301}e\x{301}e\x{301}e\x{301}e\x{301}e\x{301} e\x{301}e\x{301}e\x{301}e\x{301}e\x{301}e\x{301}e\x{301}e\x{301}e\x{301}e\x{301}e\x{301}e\x{301}e\x{301}e\x{301}e\x{301}e\x{301}e\x{301}e\x{301}e\x{301}e\x{301}e\x{301}e\x{301}"
          text run at (1055,6030) width 1: " "
          text run at (0,6045) width 1056: "e\x{301}e\x{301}e\x{301}e\x{301}e\x{301}e\x{301}e\x{301}e\x{301}e\x{301}e\x{301}e\x{301}e\x{301}e\x{301}e\x{301}e\x{301}e\x{301}e\x{301}e\x{301}e\x{301}e\x{301}e\x{301}e\x{301}e\x{301}e\x{301}e\x{301}e\x{301}e\x{301}e\x{301}e\x{301}e\x{301}e\x{301}e\x{301} e\x{301} e\x{301}e\x{301}e\x{301}e\x{301}e\x{301}e\x{301}e\x{301}e\x{301}e\x{301}e\x{301}e\x{301}e\x{301}e\x{301}e\x{301}e\x{301}e\x{301}e\x{301}e\x{301}e\x{301}e\x{301}e\x{301}e\x{301}e\x{301}e\x{301}e\x{301}e\x{301}e\x{301}e\x{301}e\x{301}e\x{301}e\x{301}e\x{301}e\x{301}e\x{301}e\x{301}e\x{301}e\x{301}e\x{301}e\x{301}e\x{301}e\x{301}e\x{301}e\x{301} e\x{301}e\x{301}e\x{301}e\x{301}e\x{301}e\x{301}e\x{301}e\x{301}e\x{301}e\x{301}e\x{301}e\x{301}e\x{301}e\x{301}e\x{301}e\x{301}e\x{301}e\x{301}e\x{301}e\x{301}e\x{301}e\x{301}e\x{301}e\x{301}e\x{301}e\x{301}e\x{301}e\x{301}e\x{301}e\x{301} e\x{301}e\x{301}e\x{301}e\x{301}e\x{301}e\x{301}e\x{301}e\x{301}e\x{301}e\x{301}e\x{301}e\x{301}e\x{301}e\x{301}e\x{301}e\x{301}e\x{301}e\x{301}e\x{301}e\x{301}e\x{301}e\x{301}"
          text run at (1055,6045) width 1: " "
          text run at (0,6060) width 1056: "e\x{301}e\x{301}e\x{301}e\x{301}e\x{301}e\x{301}e\x{301}e\x{301}e\x{301}e\x{301}e\x{301}e\x{301}e\x{301}e\x{301}e\x{301}e\x{301}e\x{301}e\x{301}e\x{301}e\x{301}e\x{301}e\x{301}e\x{301}e\x{301}e\x{301}e\x{301}e\x{301}e\x{301}e\x{301}e\x{301}e\x{301}e\x{301} e\x{301} e\x{301}e\x{301}e\x{301}e\x{301}e\x{301}e\x{301}e\x{301}e\x{301}e\x{301}e\x{301}e\x{301}e\x{301}e\x{301}e\x{301}e\x{301}e\x{301}e\x{301}e\x{301}e\x{301}e\x{301}e\x{301}e\x{301}e\x{301}e\x{301}e\x{301}e\x{301}e\x{301}e\x{301}e\x{301}e\x{301}e\x{301}e\x{301}e\x{301}e\x{301}e\x{301}e\x{301}e\x{301}e\x{301}e\x{301}e\x{301}e\x{301}e\x{301}e\x{301} e\x{301}e\x{301}e\x{301}e\x{301}e\x{301}e\x{301}e\x{301}e\x{301}e\x{301}e\x{301}e\x{301}e\x{301}e\x{301}e\x{301}e\x{301}e\x{301}e\x{301}e\x{301}e\x{301}e\x{301}e\x{301}e\x{301}e\x{301}e\x{301}e\x{301}e\x{301}e\x{301}e\x{301}e\x{301}e\x{301} e\x{301}e\x{301}e\x{301}e\x{301}e\x{301}e\x{301}e\x{301}e\x{301}e\x{301}e\x{301}e\x{301}e\x{301}e\x{301}e\x{301}e\x{301}e\x{301}e\x{301}e\x{301}e\x{301}e\x{301}e\x{301}e\x{301}"
          text run at (1055,6060) width 1: " "
          text run at (0,6075) width 1056: "e\x{301}e\x{301}e\x{301}e\x{301}e\x{301}e\x{301}e\x{301}e\x{301}e\x{301}e\x{301}e\x{301}e\x{301}e\x{301}e\x{301}e\x{301}e\x{301}e\x{301}e\x{301}e\x{301}e\x{301}e\x{301}e\x{301}e\x{301}e\x{301}e\x{301}e\x{301}e\x{301}e\x{301}e\x{301}e\x{301}e\x{301}e\x{301} e\x{301} e\x{301}e\x{301}e\x{301}e\x{301}e\x{301}e\x{301}e\x{301}e\x{301}e\x{301}e\x{301}e\x{301}e\x{301}e\x{301}e\x{301}e\x{301}e\x{301}e\x{301}e\x{301}e\x{301}e\x{301}e\x{301}e\x{301}e\x{301}e\x{301}e\x{301}e\x{301}e\x{301}e\x{301}e\x{301}e\x{301}e\x{301}e\x{301}e\x{301}e\x{301}e\x{301}e\x{301}e\x{301}e\x{301}e\x{301}e\x{301}e\x{301}e\x{301}e\x{301} e\x{301}e\x{301}e\x{301}e\x{301}e\x{301}e\x{301}e\x{301}e\x{301}e\x{301}e\x{301}e\x{301}e\x{301}e\x{301}e\x{301}e\x{301}e\x{301}e\x{301}e\x{301}e\x{301}e\x{301}e\x{301}e\x{301}e\x{301}e\x{301}e\x{301}e\x{301}e\x{301}e\x{301}e\x{301}e\x{301} e\x{301}e\x{301}e\x{301}e\x{301}e\x{301}e\x{301}e\x{301}e\x{301}e\x{301}e\x{301}e\x{301}e\x{301}e\x{301}e\x{301}e\x{301}e\x{301}e\x{301}e\x{301}e\x{301}e\x{301}e\x{301}e\x{301}"
          text run at (1055,6075) width 1: " "
          text run at (0,6090) width 1056: "e\x{301}e\x{301}e\x{301}e\x{301}e\x{301}e\x{301}e\x{301}e\x{301}e\x{301}e\x{301}e\x{301}e\x{301}e\x{301}e\x{301}e\x{301}e\x{301}e\x{301}e\x{301}e\x{301}e\x{301}e\x{301}e\x{301}e\x{301}e\x{301}e\x{301}e\x{301}e\x{301}e\x{301}e\x{301}e\x{301}e\x{301}e\x{301} e\x{301} e\x{301}e\x{301}e\x{301}e\x{301}e\x{301}e\x{301}e\x{301}e\x{301}e\x{301}e\x{301}e\x{301}e\x{301}e\x{301}e\x{301}e\x{301}e\x{301}e\x{301}e\x{301}e\x{301}e\x{301}e\x{301}e\x{301}e\x{301}e\x{301}e\x{301}e\x{301}e\x{301}e\x{301}e\x{301}e\x{301}e\x{301}e\x{301}e\x{301}e\x{301}e\x{301}e\x{301}e\x{301}e\x{301}e\x{301}e\x{301}e\x{301}e\x{301}e\x{301} e\x{301}e\x{301}e\x{301}e\x{301}e\x{301}e\x{301}e\x{301}e\x{301}e\x{301}e\x{301}e\x{301}e\x{301}e\x{301}e\x{301}e\x{301}e\x{301}e\x{301}e\x{301}e\x{301}e\x{301}e\x{301}e\x{301}e\x{301}e\x{301}e\x{301}e\x{301}e\x{301}e\x{301}e\x{301}e\x{301} e\x{301}e\x{301}e\x{301}e\x{301}e\x{301}e\x{301}e\x{301}e\x{301}e\x{301}e\x{301}e\x{301}e\x{301}e\x{301}e\x{301}e\x{301}e\x{301}e\x{301}e\x{301}e\x{301}e\x{301}e\x{301}e\x{301}"
          text run at (1055,6090) width 1: " "
          text run at (0,6105) width 1056: "e\x{301}e\x{301}e\x{301}e\x{301}e\x{301}e\x{301}e\x{301}e\x{301}e\x{301}e\x{301}e\x{301}e\x{301}e\x{301}e\x{301}e\x{301}e\x{301}e\x{301}e\x{301}e\x{301}e\x{301}e\x{301}e\x{301}e\x{301}e\x{301}e\x{301}e\x{301}e\x{301}e\x{301}e\x{301}e\x{301}e\x{301}e\x{301} e\x{301} e\x{301}e\x{301}e\x{301}e\x{301}e\x{301}e\x{301}e\x{301}e\x{301}e\x{301}e\x{301}e\x{301}e\x{301}e\x{301}e\x{301}e\x{301}e\x{301}e\x{301}e\x{301}e\x{301}e\x{301}e\x{301}e\x{301}e\x{301}e\x{301}e\x{301}e\x{301}e\x{301}e\x{301}e\x{301}e\x{301}e\x{301}e\x{301}e\x{301}e\x{301}e\x{301}e\x{301}e\x{301}e\x{301}e\x{301}e\x{301}e\x{301}e\x{301}e\x{301} e\x{301}e\x{301}e\x{301}e\x{301}e\x{301}e\x{301}e\x{301}e\x{301}e\x{301}e\x{301}e\x{301}e\x{301}e\x{301}e\x{301}e\x{301}e\x{301}e\x{301}e\x{301}e\x{301}e\x{301}e\x{301}e\x{301}e\x{301}e\x{301}e\x{301}e\x{301}e\x{301}e\x{301}e\x{301}e\x{301} e\x{301}e\x{301}e\x{301}e\x{301}e\x{301}e\x{301}e\x{301}e\x{301}e\x{301}e\x{301}e\x{301}e\x{301}e\x{301}e\x{301}e\x{301}e\x{301}e\x{301}e\x{301}e\x{301}e\x{301}e\x{301}e\x{301}"
          text run at (1055,6105) width 1: " "
          text run at (0,6120) width 1056: "e\x{301}e\x{301}e\x{301}e\x{301}e\x{301}e\x{301}e\x{301}e\x{301}e\x{301}e\x{301}e\x{301}e\x{301}e\x{301}e\x{301}e\x{301}e\x{301}e\x{301}e\x{301}e\x{301}e\x{301}e\x{301}e\x{301}e\x{301}e\x{301}e\x{301}e\x{301}e\x{301}e\x{301}e\x{301}e\x{301}e\x{301}e\x{301} e\x{301} e\x{301}e\x{301}e\x{301}e\x{301}e\x{301}e\x{301}e\x{301}e\x{301}e\x{301}e\x{301}e\x{301}e\x{301}e\x{301}e\x{301}e\x{301}e\x{301}e\x{301}e\x{301}e\x{301}e\x{301}e\x{301}e\x{301}e\x{301}e\x{301}e\x{301}e\x{301}e\x{301}e\x{301}e\x{301}e\x{301}e\x{301}e\x{301}e\x{301}e\x{301}e\x{301}e\x{301}e\x{301}e\x{301}e\x{301}e\x{301}e\x{301}e\x{301}e\x{301} e\x{301}e\x{301}e\x{301}e\x{301}e\x{301}e\x{301}e\x{301}e\x{301}e\x{301}e\x{301}e\x{301}e\x{301}e\x{301}e\x{301}e\x{301}e\x{301}e\x{301}e\x{301}e\x{301}e\x{301}e\x{301}e\x{301}e\x{301}e\x{301}e\x{301}e\x{301}e\x{301}e\x{301}e\x{301}e\x{301} e\x{301}e\x{301}e\x{301}e\x{301}e\x{301}e\x{301}e\x{301}e\x{301}e\x{301}e\x{301}e\x{301}e\x{301}e\x{301}e\x{301}e\x{301}e\x{301}e\x{301}e\x{301}e\x{301}e\x{301}e\x{301}e\x{301}"
          text run at (1055,6120) width 1: " "
          text run at (0,6135) width 1056: "e\x{301}e\x{301}e\x{301}e\x{301}e\x{301}e\x{301}e\x{301}e\x{301}e\x{301}e\x{301}e\x{301}e\x{301}e\x{301}e\x{301}e\x{301}e\x{301}e\x{301}e\x{301}e\x{301}e\x{301}e\x{301}e\x{301}e\x{301}e\x{301}e\x{301}e\x{301}e\x{301}e\x{301}e\x{301}e\x{301}e\x{301}e\x{301} e\x{301} e\x{301}e\x{301}e\x{301}e\x{301}e\x{301}e\x{301}e\x{301}e\x{301}e\x{301}e\x{301}e\x{301}e\x{301}e\x{301}e\x{301}e\x{301}e\x{301}e\x{301}e\x{301}e\x{301}e\x{301}e\x{301}e\x{301}e\x{301}e\x{301}e\x{301}e\x{301}e\x{301}e\x{301}e\x{301}e\x{301}e\x{301}e\x{301}e\x{301}e\x{301}e\x{301}e\x{301}e\x{301}e\x{301}e\x{301}e\x{301}e\x{301}e\x{301}e\x{301} e\x{301}e\x{301}e\x{301}e\x{301}e\x{301}e\x{301}e\x{301}e\x{301}e\x{301}e\x{301}e\x{301}e\x{301}e\x{301}e\x{301}e\x{301}e\x{301}e\x{301}e\x{301}e\x{301}e\x{301}e\x{301}e\x{301}e\x{301}e\x{301}e\x{301}e\x{301}e\x{301}e\x{301}e\x{301}e\x{301} e\x{301}e\x{301}e\x{301}e\x{301}e\x{301}e\x{301}e\x{301}e\x{301}e\x{301}e\x{301}e\x{301}e\x{301}e\x{301}e\x{301}e\x{301}e\x{301}e\x{301}e\x{301}e\x{301}e\x{301}e\x{301}e\x{301}"
          text run at (1055,6135) width 1: " "
          text run at (0,6150) width 1056: "e\x{301}e\x{301}e\x{301}e\x{301}e\x{301}e\x{301}e\x{301}e\x{301}e\x{301}e\x{301}e\x{301}e\x{301}e\x{301}e\x{301}e\x{301}e\x{301}e\x{301}e\x{301}e\x{301}e\x{301}e\x{301}e\x{301}e\x{301}e\x{301}e\x{301}e\x{301}e\x{301}e\x{301}e\x{301}e\x{301}e\x{301}e\x{301} e\x{301} e\x{301}e\x{301}e\x{301}e\x{301}e\x{301}e\x{301}e\x{301}e\x{301}e\x{301}e\x{301}e\x{301}e\x{301}e\x{301}e\x{301}e\x{301}e\x{301}e\x{301}e\x{301}e\x{301}e\x{301}e\x{301}e\x{301}e\x{301}e\x{301}e\x{301}e\x{301}e\x{301}e\x{301}e\x{301}e\x{301}e\x{301}e\x{301}e\x{301}e\x{301}e\x{301}e\x{301}e\x{301}e\x{301}e\x{301}e\x{301}e\x{301}e\x{301}e\x{301} e\x{301}e\x{301}e\x{301}e\x{301}e\x{301}e\x{301}e\x{301}e\x{301}e\x{301}e\x{301}e\x{301}e\x{301}e\x{301}e\x{301}e\x{301}e\x{301}e\x{301}e\x{301}e\x{301}e\x{301}e\x{301}e\x{301}e\x{301}e\x{301}e\x{301}e\x{301}e\x{301}e\x{301}e\x{301}e\x{301} e\x{301}e\x{301}e\x{301}e\x{301}e\x{301}e\x{301}e\x{301}e\x{301}e\x{301}e\x{301}e\x{301}e\x{301}e\x{301}e\x{301}e\x{301}e\x{301}e\x{301}e\x{301}e\x{301}e\x{301}e\x{301}e\x{301}"
          text run at (1055,6150) width 1: " "
          text run at (0,6165) width 1056: "e\x{301}e\x{301}e\x{301}e\x{301}e\x{301}e\x{301}e\x{301}e\x{301}e\x{301}e\x{301}e\x{301}e\x{301}e\x{301}e\x{301}e\x{301}e\x{301}e\x{301}e\x{301}e\x{301}e\x{301}e\x{301}e\x{301}e\x{301}e\x{301}e\x{301}e\x{301}e\x{301}e\x{301}e\x{301}e\x{301}e\x{301}e\x{301} e\x{301} e\x{301}e\x{301}e\x{301}e\x{301}e\x{301}e\x{301}e\x{301}e\x{301}e\x{301}e\x{301}e\x{301}e\x{301}e\x{301}e\x{301}e\x{301}e\x{301}e\x{301}e\x{301}e\x{301}e\x{301}e\x{301}e\x{301}e\x{301}e\x{301}e\x{301}e\x{301}e\x{301}e\x{301}e\x{301}e\x{301}e\x{301}e\x{301}e\x{301}e\x{301}e\x{301}e\x{301}e\x{301}e\x{301}e\x{301}e\x{301}e\x{301}e\x{301}e\x{301} e\x{301}e\x{301}e\x{301}e\x{301}e\x{301}e\x{301}e\x{301}e\x{301}e\x{301}e\x{301}e\x{301}e\x{301}e\x{301}e\x{301}e\x{301}e\x{301}e\x{301}e\x{301}e\x{301}e\x{301}e\x{301}e\x{301}e\x{301}e\x{301}e\x{301}e\x{301}e\x{301}e\x{301}e\x{301}e\x{301} e\x{301}e\x{301}e\x{301}e\x{301}e\x{301}e\x{301}e\x{301}e\x{301}e\x{301}e\x{301}e\x{301}e\x{301}e\x{301}e\x{301}e\x{301}e\x{301}e\x{301}e\x{301}e\x{301}e\x{301}e\x{301}e\x{301}"
          text run at (1055,6165) width 1: " "
          text run at (0,6180) width 1056: "e\x{301}e\x{301}e\x{301}e\x{301}e\x{301}e\x{301}e\x{301}e\x{301}e\x{301}e\x{301}e\x{301}e\x{301}e\x{301}e\x{301}e\x{301}e\x{301}e\x{301}e\x{301}e\x{301}e\x{301}e\x{301}e\x{301}e\x{301}e\x{301}e\x{301}e\x{301}e\x{301}e\x{301}e\x{301}e\x{301}e\x{301}e\x{301} e\x{301} e\x{301}e\x{301}e\x{301}e\x{301}e\x{301}e\x{301}e\x{301}e\x{301}e\x{301}e\x{301}e\x{301}e\x{301}e\x{301}e\x{301}e\x{301}e\x{301}e\x{301}e\x{301}e\x{301}e\x{301}e\x{301}e\x{301}e\x{301}e\x{301}e\x{301}e\x{301}e\x{301}e\x{301}e\x{301}e\x{301}e\x{301}e\x{301}e\x{301}e\x{301}e\x{301}e\x{301}e\x{301}e\x{301}e\x{301}e\x{301}e\x{301}e\x{301}e\x{301} e\x{301}e\x{301}e\x{301}e\x{301}e\x{301}e\x{301}e\x{301}e\x{301}e\x{301}e\x{301}e\x{301}e\x{301}e\x{301}e\x{301}e\x{301}e\x{301}e\x{301}e\x{301}e\x{301}e\x{301}e\x{301}e\x{301}e\x{301}e\x{301}e\x{301}e\x{301}e\x{301}e\x{301}e\x{301}e\x{301} e\x{301}e\x{301}e\x{301}e\x{301}e\x{301}e\x{301}e\x{301}e\x{301}e\x{301}e\x{301}e\x{301}e\x{301}e\x{301}e\x{301}e\x{301}e\x{301}e\x{301}e\x{301}e\x{301}e\x{301}e\x{301}e\x{301}"
          text run at (1055,6180) width 1: " "
          text run at (0,6195) width 1056: "e\x{301}e\x{301}e\x{301}e\x{301}e\x{301}e\x{301}e\x{301}e\x{301}e\x{301}e\x{301}e\x{301}e\x{301}e\x{301}e\x{301}e\x{301}e\x{301}e\x{301}e\x{301}e\x{301}e\x{301}e\x{301}e\x{301}e\x{301}e\x{301}e\x{301}e\x{301}e\x{301}e\x{301}e\x{301}e\x{301}e\x{301}e\x{301} e\x{301} e\x{301}e\x{301}e\x{301}e\x{301}e\x{301}e\x{301}e\x{301}e\x{301}e\x{301}e\x{301}e\x{301}e\x{301}e\x{301}e\x{301}e\x{301}e\x{301}e\x{301}e\x{301}e\x{301}e\x{301}e\x{301}e\x{301}e\x{301}e\x{301}e\x{301}e\x{301}e\x{301}e\x{301}e\x{301}e\x{301}e\x{301}e\x{301}e\x{301}e\x{301}e\x{301}e\x{301}e\x{301}e\x{301}e\x{301}e\x{301}e\x{301}e\x{301}e\x{301} e\x{301}e\x{301}e\x{301}e\x{301}e\x{301}e\x{301}e\x{301}e\x{301}e\x{301}e\x{301}e\x{301}e\x{301}e\x{301}e\x{301}e\x{301}e\x{301}e\x{301}e\x{301}e\x{301}e\x{301}e\x{301}e\x{301}e\x{301}e\x{301}e\x{301}e\x{301}e\x{301}e\x{301}e\x{301}e\x{301} e\x{301}e\x{301}e\x{301}e\x{301}e\x{301}e\x{301}e\x{301}e\x{301}e\x{301}e\x{301}e\x{301}e\x{301}e\x{301}e\x{301}e\x{301}e\x{301}e\x{301}e\x{301}e\x{301}e\x{301}e\x{301}e\x{301}"
          text run at (1055,6195) width 1: " "
          text run at (0,6210) width 1056: "e\x{301}e\x{301}e\x{301}e\x{301}e\x{301}e\x{301}e\x{301}e\x{301}e\x{301}e\x{301}e\x{301}e\x{301}e\x{301}e\x{301}e\x{301}e\x{301}e\x{301}e\x{301}e\x{301}e\x{301}e\x{301}e\x{301}e\x{301}e\x{301}e\x{301}e\x{301}e\x{301}e\x{301}e\x{301}e\x{301}e\x{301}e\x{301} e\x{301} e\x{301}e\x{301}e\x{301}e\x{301}e\x{301}e\x{301}e\x{301}e\x{301}e\x{301}e\x{301}e\x{301}e\x{301}e\x{301}e\x{301}e\x{301}e\x{301}e\x{301}e\x{301}e\x{301}e\x{301}e\x{301}e\x{301}e\x{301}e\x{301}e\x{301}e\x{301}e\x{301}e\x{301}e\x{301}e\x{301}e\x{301}e\x{301}e\x{301}e\x{301}e\x{301}e\x{301}e\x{301}e\x{301}e\x{301}e\x{301}e\x{301}e\x{301}e\x{301} e\x{301}e\x{301}e\x{301}e\x{301}e\x{301}e\x{301}e\x{301}e\x{301}e\x{301}e\x{301}e\x{301}e\x{301}e\x{301}e\x{301}e\x{301}e\x{301}e\x{301}e\x{301}e\x{301}e\x{301}e\x{301}e\x{301}e\x{301}e\x{301}e\x{301}e\x{301}e\x{301}e\x{301}e\x{301}e\x{301} e\x{301}e\x{301}e\x{301}e\x{301}e\x{301}e\x{301}e\x{301}e\x{301}e\x{301}e\x{301}e\x{301}e\x{301}e\x{301}e\x{301}e\x{301}e\x{301}e\x{301}e\x{301}e\x{301}e\x{301}e\x{301}e\x{301}"
          text run at (1055,6210) width 1: " "
          text run at (0,6225) width 1056: "e\x{301}e\x{301}e\x{301}e\x{301}e\x{301}e\x{301}e\x{301}e\x{301}e\x{301}e\x{301}e\x{301}e\x{301}e\x{301}e\x{301}e\x{301}e\x{301}e\x{301}e\x{301}e\x{301}e\x{301}e\x{301}e\x{301}e\x{301}e\x{301}e\x{301}e\x{301}e\x{301}e\x{301}e\x{301}e\x{301}e\x{301}e\x{301} e\x{301} e\x{301}e\x{301}e\x{301}e\x{301}e\x{301}e\x{301}e\x{301}e\x{301}e\x{301}e\x{301}e\x{301}e\x{301}e\x{301}e\x{301}e\x{301}e\x{301}e\x{301}e\x{301}e\x{301}e\x{301}e\x{301}e\x{301}e\x{301}e\x{301}e\x{301}e\x{301}e\x{301}e\x{301}e\x{301}e\x{301}e\x{301}e\x{301}e\x{301}e\x{301}e\x{301}e\x{301}e\x{301}e\x{301}e\x{301}e\x{301}e\x{301}e\x{301}e\x{301} e\x{301}e\x{301}e\x{301}e\x{301}e\x{301}e\x{301}e\x{301}e\x{301}e\x{301}e\x{301}e\x{301}e\x{301}e\x{301}e\x{301}e\x{301}e\x{301}e\x{301}e\x{301}e\x{301}e\x{301}e\x{301}e\x{301}e\x{301}e\x{301}e\x{301}e\x{301}e\x{301}e\x{301}e\x{301}e\x{301} e\x{301}e\x{301}e\x{301}e\x{301}e\x{301}e\x{301}e\x{301}e\x{301}e\x{301}e\x{301}e\x{301}e\x{301}e\x{301}e\x{301}e\x{301}e\x{301}e\x{301}e\x{301}e\x{301}e\x{301}e\x{301}e\x{301}"
          text run at (1055,6225) width 1: " "
          text run at (0,6240) width 1056: "e\x{301}e\x{301}e\x{301}e\x{301}e\x{301}e\x{301}e\x{301}e\x{301}e\x{301}e\x{301}e\x{301}e\x{301}e\x{301}e\x{301}e\x{301}e\x{301}e\x{301}e\x{301}e\x{301}e\x{301}e\x{301}e\x{301}e\x{301}e\x{301}e\x{301}e\x{301}e\x{301}e\x{301}e\x{301}e\x{301}e\x{301}e\x{301} e\x{301} e\x{301}e\x{301}e\x{301}e\x{301}e\x{301}e\x{301}e\x{301}e\x{301}e\x{301}e\x{301}e\x{301}e\x{301}e\x{301}e\x{301}e\x{301}e\x{301}e\x{301}e\x{301}e\x{301}e\x{301}e\x{301}e\x{301}e\x{301}e\x{301}e\x{301}e\x{301}e\x{301}e\x{301}e\x{301}e\x{301}e\x{301}e\x{301}e\x{301}e\x{301}e\x{301}e\x{301}e\x{301}e\x{301}e\x{301}e\x{301}e\x{301}e\x{301}e\x{301} e\x{301}e\x{301}e\x{301}e\x{301}e\x{301}e\x{301}e\x{301}e\x{301}e\x{301}e\x{301}e\x{301}e\x{301}e\x{301}e\x{301}e\x{301}e\x{301}e\x{301}e\x{301}e\x{301}e\x{301}e\x{301}e\x{301}e\x{301}e\x{301}e\x{301}e\x{301}e\x{301}e\x{301}e\x{301}e\x{301} e\x{301}e\x{301}e\x{301}e\x{301}e\x{301}e\x{301}e\x{301}e\x{301}e\x{301}e\x{301}e\x{301}e\x{301}e\x{301}e\x{301}e\x{301}e\x{301}e\x{301}e\x{301}e\x{301}e\x{301}e\x{301}e\x{301}"
          text run at (1055,6240) width 1: " "
          text run at (0,6255) width 1056: "e\x{301}e\x{301}e\x{301}e\x{301}e\x{301}e\x{301}e\x{301}e\x{301}e\x{301}e\x{301}e\x{301}e\x{301}e\x{301}e\x{301}e\x{301}e\x{301}e\x{301}e\x{301}e\x{301}e\x{301}e\x{301}e\x{301}e\x{301}e\x{301}e\x{301}e\x{301}e\x{301}e\x{301}e\x{301}e\x{301}e\x{301}e\x{301} e\x{301} e\x{301}e\x{301}e\x{301}e\x{301}e\x{301}e\x{301}e\x{301}e\x{301}e\x{301}e\x{301}e\x{301}e\x{301}e\x{301}e\x{301}e\x{301}e\x{301}e\x{301}e\x{301}e\x{301}e\x{301}e\x{301}e\x{301}e\x{301}e\x{301}e\x{301}e\x{301}e\x{301}e\x{301}e\x{301}e\x{301}e\x{301}e\x{301}e\x{301}e\x{301}e\x{301}e\x{301}e\x{301}e\x{301}e\x{301}e\x{301}e\x{301}e\x{301}e\x{301} e\x{301}e\x{301}e\x{301}e\x{301}e\x{301}e\x{301}e\x{301}e\x{301}e\x{301}e\x{301}e\x{301}e\x{301}e\x{301}e\x{301}e\x{301}e\x{301}e\x{301}e\x{301}e\x{301}e\x{301}e\x{301}e\x{301}e\x{301}e\x{301}e\x{301}e\x{301}e\x{301}e\x{301}e\x{301}e\x{301} e\x{301}e\x{301}e\x{301}e\x{301}e\x{301}e\x{301}e\x{301}e\x{301}e\x{301}e\x{301}e\x{301}e\x{301}e\x{301}e\x{301}e\x{301}e\x{301}e\x{301}e\x{301}e\x{301}e\x{301}e\x{301}e\x{301}"
          text run at (1055,6255) width 1: " "
          text run at (0,6270) width 1056: "e\x{301}e\x{301}e\x{301}e\x{301}e\x{301}e\x{301}e\x{301}e\x{301}e\x{301}e\x{301}e\x{301}e\x{301}e\x{301}e\x{301}e\x{301}e\x{301}e\x{301}e\x{301}e\x{301}e\x{301}e\x{301}e\x{301}e\x{301}e\x{301}e\x{301}e\x{301}e\x{301}e\x{301}e\x{301}e\x{301}e\x{301}e\x{301} e\x{301} e\x{301}e\x{301}e\x{301}e\x{301}e\x{301}e\x{301}e\x{301}e\x{301}e\x{301}e\x{301}e\x{301}e\x{301}e\x{301}e\x{301}e\x{301}e\x{301}e\x{301}e\x{301}e\x{301}e\x{301}e\x{301}e\x{301}e\x{301}e\x{301}e\x{301}e\x{301}e\x{301}e\x{301}e\x{301}e\x{301}e\x{301}e\x{301}e\x{301}e\x{301}e\x{301}e\x{301}e\x{301}e\x{301}e\x{301}e\x{301}e\x{301}e\x{301}e\x{301} e\x{301}e\x{301}e\x{301}e\x{301}e\x{301}e\x{301}e\x{301}e\x{301}e\x{301}e\x{301}e\x{301}e\x{301}e\x{301}e\x{301}e\x{301}e\x{301}e\x{301}e\x{301}e\x{301}e\x{301}e\x{301}e\x{301}e\x{301}e\x{301}e\x{301}e\x{301}e\x{301}e\x{301}e\x{301}e\x{301} e\x{301}e\x{301}e\x{301}e\x{301}e\x{301}e\x{301}e\x{301}e\x{301}e\x{301}e\x{301}e\x{301}e\x{301}e\x{301}e\x{301}e\x{301}e\x{301}e\x{301}e\x{301}e\x{301}e\x{301}e\x{301}e\x{301}"
          text run at (1055,6270) width 1: " "
          text run at (0,6285) width 1056: "e\x{301}e\x{301}e\x{301}e\x{301}e\x{301}e\x{301}e\x{301}e\x{301}e\x{301}e\x{301}e\x{301}e\x{301}e\x{301}e\x{301}e\x{301}e\x{301}e\x{301}e\x{301}e\x{301}e\x{301}e\x{301}e\x{301}e\x{301}e\x{301}e\x{301}e\x{301}e\x{301}e\x{301}e\x{301}e\x{301}e\x{301}e\x{301} e\x{301} e\x{301}e\x{301}e\x{301}e\x{301}e\x{301}e\x{301}e\x{301}e\x{301}e\x{301}e\x{301}e\x{301}e\x{301}e\x{301}e\x{301}e\x{301}e\x{301}e\x{301}e\x{301}e\x{301}e\x{301}e\x{301}e\x{301}e\x{301}e\x{301}e\x{301}e\x{301}e\x{301}e\x{301}e\x{301}e\x{301}e\x{301}e\x{301}e\x{301}e\x{301}e\x{301}e\x{301}e\x{301}e\x{301}e\x{301}e\x{301}e\x{301}e\x{301}e\x{301} e\x{301}e\x{301}e\x{301}e\x{301}e\x{301}e\x{301}e\x{301}e\x{301}e\x{301}e\x{301}e\x{301}e\x{301}e\x{301}e\x{301}e\x{301}e\x{301}e\x{301}e\x{301}e\x{301}e\x{301}e\x{301}e\x{301}e\x{301}e\x{301}e\x{301}e\x{301}e\x{301}e\x{301}e\x{301}e\x{301} e\x{301}e\x{301}e\x{301}e\x{301}e\x{301}e\x{301}e\x{301}e\x{301}e\x{301}e\x{301}e\x{301}e\x{301}e\x{301}e\x{301}e\x{301}e\x{301}e\x{301}e\x{301}e\x{301}e\x{301}e\x{301}e\x{301}"
          text run at (1055,6285) width 1: " "
          text run at (0,6300) width 1056: "e\x{301}e\x{301}e\x{301}e\x{301}e\x{301}e\x{301}e\x{301}e\x{301}e\x{301}e\x{301}e\x{301}e\x{301}e\x{301}e\x{301}e\x{301}e\x{301}e\x{301}e\x{301}e\x{301}e\x{301}e\x{301}e\x{301}e\x{301}e\x{301}e\x{301}e\x{301}e\x{301}e\x{301}e\x{301}e\x{301}e\x{301}e\x{301} e\x{301} e\x{301}e\x{301}e\x{301}e\x{301}e\x{301}e\x{301}e\x{301}e\x{301}e\x{301}e\x{301}e\x{301}e\x{301}e\x{301}e\x{301}e\x{301}e\x{301}e\x{301}e\x{301}e\x{301}e\x{301}e\x{301}e\x{301}e\x{301}e\x{301}e\x{301}e\x{301}e\x{301}e\x{301}e\x{301}e\x{301}e\x{301}e\x{301}e\x{301}e\x{301}e\x{301}e\x{301}e\x{301}e\x{301}e\x{301}e\x{301}e\x{301}e\x{301}e\x{301} e\x{301}e\x{301}e\x{301}e\x{301}e\x{301}e\x{301}e\x{301}e\x{301}e\x{301}e\x{301}e\x{301}e\x{301}e\x{301}e\x{301}e\x{301}e\x{301}e\x{301}e\x{301}e\x{301}e\x{301}e\x{301}e\x{301}e\x{301}e\x{301}e\x{301}e\x{301}e\x{301}e\x{301}e\x{301}e\x{301} e\x{301}e\x{301}e\x{301}e\x{301}e\x{301}e\x{301}e\x{301}e\x{301}e\x{301}e\x{301}e\x{301}e\x{301}e\x{301}e\x{301}e\x{301}e\x{301}e\x{301}e\x{301}e\x{301}e\x{301}e\x{301}e\x{301}"
          text run at (1055,6300) width 1: " "
          text run at (0,6315) width 1056: "e\x{301}e\x{301}e\x{301}e\x{301}e\x{301}e\x{301}e\x{301}e\x{301}e\x{301}e\x{301}e\x{301}e\x{301}e\x{301}e\x{301}e\x{301}e\x{301}e\x{301}e\x{301}e\x{301}e\x{301}e\x{301}e\x{301}e\x{301}e\x{301}e\x{301}e\x{301}e\x{301}e\x{301}e\x{301}e\x{301}e\x{301}e\x{301} e\x{301} e\x{301}e\x{301}e\x{301}e\x{301}e\x{301}e\x{301}e\x{301}e\x{301}e\x{301}e\x{301}e\x{301}e\x{301}e\x{301}e\x{301}e\x{301}e\x{301}e\x{301}e\x{301}e\x{301}e\x{301}e\x{301}e\x{301}e\x{301}e\x{301}e\x{301}e\x{301}e\x{301}e\x{301}e\x{301}e\x{301}e\x{301}e\x{301}e\x{301}e\x{301}e\x{301}e\x{301}e\x{301}e\x{301}e\x{301}e\x{301}e\x{301}e\x{301}e\x{301} e\x{301}e\x{301}e\x{301}e\x{301}e\x{301}e\x{301}e\x{301}e\x{301}e\x{301}e\x{301}e\x{301}e\x{301}e\x{301}e\x{301}e\x{301}e\x{301}e\x{301}e\x{301}e\x{301}e\x{301}e\x{301}e\x{301}e\x{301}e\x{301}e\x{301}e\x{301}e\x{301}e\x{301}e\x{301}e\x{301} e\x{301}e\x{301}e\x{301}e\x{301}e\x{301}e\x{301}e\x{301}e\x{301}e\x{301}e\x{301}e\x{301}e\x{301}e\x{301}e\x{301}e\x{301}e\x{301}e\x{301}e\x{301}e\x{301}e\x{301}e\x{301}e\x{301}"
          text run at (1055,6315) width 1: " "
          text run at (0,6330) width 1056: "e\x{301}e\x{301}e\x{301}e\x{301}e\x{301}e\x{301}e\x{301}e\x{301}e\x{301}e\x{301}e\x{301}e\x{301}e\x{301}e\x{301}e\x{301}e\x{301}e\x{301}e\x{301}e\x{301}e\x{301}e\x{301}e\x{301}e\x{301}e\x{301}e\x{301}e\x{301}e\x{301}e\x{301}e\x{301}e\x{301}e\x{301}e\x{301} e\x{301} e\x{301}e\x{301}e\x{301}e\x{301}e\x{301}e\x{301}e\x{301}e\x{301}e\x{301}e\x{301}e\x{301}e\x{301}e\x{301}e\x{301}e\x{301}e\x{301}e\x{301}e\x{301}e\x{301}e\x{301}e\x{301}e\x{301}e\x{301}e\x{301}e\x{301}e\x{301}e\x{301}e\x{301}e\x{301}e\x{301}e\x{301}e\x{301}e\x{301}e\x{301}e\x{301}e\x{301}e\x{301}e\x{301}e\x{301}e\x{301}e\x{301}e\x{301}e\x{301} e\x{301}e\x{301}e\x{301}e\x{301}e\x{301}e\x{301}e\x{301}e\x{301}e\x{301}e\x{301}e\x{301}e\x{301}e\x{301}e\x{301}e\x{301}e\x{301}e\x{301}e\x{301}e\x{301}e\x{301}e\x{301}e\x{301}e\x{301}e\x{301}e\x{301}e\x{301}e\x{301}e\x{301}e\x{301}e\x{301} e\x{301}e\x{301}e\x{301}e\x{301}e\x{301}e\x{301}e\x{301}e\x{301}e\x{301}e\x{301}e\x{301}e\x{301}e\x{301}e\x{301}e\x{301}e\x{301}e\x{301}e\x{301}e\x{301}e\x{301}e\x{301}e\x{301}"
          text run at (1055,6330) width 1: " "
          text run at (0,6345) width 1056: "e\x{301}e\x{301}e\x{301}e\x{301}e\x{301}e\x{301}e\x{301}e\x{301}e\x{301}e\x{301}e\x{301}e\x{301}e\x{301}e\x{301}e\x{301}e\x{301}e\x{301}e\x{301}e\x{301}e\x{301}e\x{301}e\x{301}e\x{301}e\x{301}e\x{301}e\x{301}e\x{301}e\x{301}e\x{301}e\x{301}e\x{301}e\x{301} e\x{301} e\x{301}e\x{301}e\x{301}e\x{301}e\x{301}e\x{301}e\x{301}e\x{301}e\x{301}e\x{301}e\x{301}e\x{301}e\x{301}e\x{301}e\x{301}e\x{301}e\x{301}e\x{301}e\x{301}e\x{301}e\x{301}e\x{301}e\x{301}e\x{301}e\x{301}e\x{301}e\x{301}e\x{301}e\x{301}e\x{301}e\x{301}e\x{301}e\x{301}e\x{301}e\x{301}e\x{301}e\x{301}e\x{301}e\x{301}e\x{301}e\x{301}e\x{301}e\x{301} e\x{301}e\x{301}e\x{301}e\x{301}e\x{301}e\x{301}e\x{301}e\x{301}e\x{301}e\x{301}e\x{301}e\x{301}e\x{301}e\x{301}e\x{301}e\x{301}e\x{301}e\x{301}e\x{301}e\x{301}e\x{301}e\x{301}e\x{301}e\x{301}e\x{301}e\x{301}e\x{301}e\x{301}e\x{301}e\x{301} e\x{301}e\x{301}e\x{301}e\x{301}e\x{301}e\x{301}e\x{301}e\x{301}e\x{301}e\x{301}e\x{301}e\x{301}e\x{301}e\x{301}e\x{301}e\x{301}e\x{301}e\x{301}e\x{301}e\x{301}e\x{301}e\x{301}"
          text run at (1055,6345) width 1: " "
          text run at (0,6360) width 1056: "e\x{301}e\x{301}e\x{301}e\x{301}e\x{301}e\x{301}e\x{301}e\x{301}e\x{301}e\x{301}e\x{301}e\x{301}e\x{301}e\x{301}e\x{301}e\x{301}e\x{301}e\x{301}e\x{301}e\x{301}e\x{301}e\x{301}e\x{301}e\x{301}e\x{301}e\x{301}e\x{301}e\x{301}e\x{301}e\x{301}e\x{301}e\x{301} e\x{301} e\x{301}e\x{301}e\x{301}e\x{301}e\x{301}e\x{301}e\x{301}e\x{301}e\x{301}e\x{301}e\x{301}e\x{301}e\x{301}e\x{301}e\x{301}e\x{301}e\x{301}e\x{301}e\x{301}e\x{301}e\x{301}e\x{301}e\x{301}e\x{301}e\x{301}e\x{301}e\x{301}e\x{301}e\x{301}e\x{301}e\x{301}e\x{301}e\x{301}e\x{301}e\x{301}e\x{301}e\x{301}e\x{301}e\x{301}e\x{301}e\x{301}e\x{301}e\x{301} e\x{301}e\x{301}e\x{301}e\x{301}e\x{301}e\x{301}e\x{301}e\x{301}e\x{301}e\x{301}e\x{301}e\x{301}e\x{301}e\x{301}e\x{301}e\x{301}e\x{301}e\x{301}e\x{301}e\x{301}e\x{301}e\x{301}e\x{301}e\x{301}e\x{301}e\x{301}e\x{301}e\x{301}e\x{301}e\x{301} e\x{301}e\x{301}e\x{301}e\x{301}e\x{301}e\x{301}e\x{301}e\x{301}e\x{301}e\x{301}e\x{301}e\x{301}e\x{301}e\x{301}e\x{301}e\x{301}e\x{301}e\x{301}e\x{301}e\x{301}e\x{301}e\x{301}"
          text run at (1055,6360) width 1: " "
          text run at (0,6375) width 1056: "e\x{301}e\x{301}e\x{301}e\x{301}e\x{301}e\x{301}e\x{301}e\x{301}e\x{301}e\x{301}e\x{301}e\x{301}e\x{301}e\x{301}e\x{301}e\x{301}e\x{301}e\x{301}e\x{301}e\x{301}e\x{301}e\x{301}e\x{301}e\x{301}e\x{301}e\x{301}e\x{301}e\x{301}e\x{301}e\x{301}e\x{301}e\x{301} e\x{301} e\x{301}e\x{301}e\x{301}e\x{301}e\x{301}e\x{301}e\x{301}e\x{301}e\x{301}e\x{301}e\x{301}e\x{301}e\x{301}e\x{301}e\x{301}e\x{301}e\x{301}e\x{301}e\x{301}e\x{301}e\x{301}e\x{301}e\x{301}e\x{301}e\x{301}e\x{301}e\x{301}e\x{301}e\x{301}e\x{301}e\x{301}e\x{301}e\x{301}e\x{301}e\x{301}e\x{301}e\x{301}e\x{301}e\x{301}e\x{301}e\x{301}e\x{301}e\x{301} e\x{301}e\x{301}e\x{301}e\x{301}e\x{301}e\x{301}e\x{301}e\x{301}e\x{301}e\x{301}e\x{301}e\x{301}e\x{301}e\x{301}e\x{301}e\x{301}e\x{301}e\x{301}e\x{301}e\x{301}e\x{301}e\x{301}e\x{301}e\x{301}e\x{301}e\x{301}e\x{301}e\x{301}e\x{301}e\x{301} e\x{301}e\x{301}e\x{301}e\x{301}e\x{301}e\x{301}e\x{301}e\x{301}e\x{301}e\x{301}e\x{301}e\x{301}e\x{301}e\x{301}e\x{301}e\x{301}e\x{301}e\x{301}e\x{301}e\x{301}e\x{301}e\x{301}"
          text run at (1055,6375) width 1: " "
          text run at (0,6390) width 1056: "e\x{301}e\x{301}e\x{301}e\x{301}e\x{301}e\x{301}e\x{301}e\x{301}e\x{301}e\x{301}e\x{301}e\x{301}e\x{301}e\x{301}e\x{301}e\x{301}e\x{301}e\x{301}e\x{301}e\x{301}e\x{301}e\x{301}e\x{301}e\x{301}e\x{301}e\x{301}e\x{301}e\x{301}e\x{301}e\x{301}e\x{301}e\x{301} e\x{301} e\x{301}e\x{301}e\x{301}e\x{301}e\x{301}e\x{301}e\x{301}e\x{301}e\x{301}e\x{301}e\x{301}e\x{301}e\x{301}e\x{301}e\x{301}e\x{301}e\x{301}e\x{301}e\x{301}e\x{301}e\x{301}e\x{301}e\x{301}e\x{301}e\x{301}e\x{301}e\x{301}e\x{301}e\x{301}e\x{301}e\x{301}e\x{301}e\x{301}e\x{301}e\x{301}e\x{301}e\x{301}e\x{301}e\x{301}e\x{301}e\x{301}e\x{301}e\x{301} e\x{301}e\x{301}e\x{301}e\x{301}e\x{301}e\x{301}e\x{301}e\x{301}e\x{301}e\x{301}e\x{301}e\x{301}e\x{301}e\x{301}e\x{301}e\x{301}e\x{301}e\x{301}e\x{301}e\x{301}e\x{301}e\x{301}e\x{301}e\x{301}e\x{301}e\x{301}e\x{301}e\x{301}e\x{301}e\x{301} e\x{301}e\x{301}e\x{301}e\x{301}e\x{301}e\x{301}e\x{301}e\x{301}e\x{301}e\x{301}e\x{301}e\x{301}e\x{301}e\x{301}e\x{301}e\x{301}e\x{301}e\x{301}e\x{301}e\x{301}e\x{301}e\x{301}"
          text run at (1055,6390) width 1: " "
          text run at (0,6405) width 1056: "e\x{301}e\x{301}e\x{301}e\x{301}e\x{301}e\x{301}e\x{301}e\x{301}e\x{301}e\x{301}e\x{301}e\x{301}e\x{301}e\x{301}e\x{301}e\x{301}e\x{301}e\x{301}e\x{301}e\x{301}e\x{301}e\x{301}e\x{301}e\x{301}e\x{301}e\x{301}e\x{301}e\x{301}e\x{301}e\x{301}e\x{301}e\x{301} e\x{301} e\x{301}e\x{301}e\x{301}e\x{301}e\x{301}e\x{301}e\x{301}e\x{301}e\x{301}e\x{301}e\x{301}e\x{301}e\x{301}e\x{301}e\x{301}e\x{301}e\x{301}e\x{301}e\x{301}e\x{301}e\x{301}e\x{301}e\x{301}e\x{301}e\x{301}e\x{301}e\x{301}e\x{301}e\x{301}e\x{301}e\x{301}e\x{301}e\x{301}e\x{301}e\x{301}e\x{301}e\x{301}e\x{301}e\x{301}e\x{301}e\x{301}e\x{301}e\x{301} e\x{301}e\x{301}e\x{301}e\x{301}e\x{301}e\x{301}e\x{301}e\x{301}e\x{301}e\x{301}e\x{301}e\x{301}e\x{301}e\x{301}e\x{301}e\x{301}e\x{301}e\x{301}e\x{301}e\x{301}e\x{301}e\x{301}e\x{301}e\x{301}e\x{301}e\x{301}e\x{301}e\x{301}e\x{301}e\x{301} e\x{301}e\x{301}e\x{301}e\x{301}e\x{301}e\x{301}e\x{301}e\x{301}e\x{301}e\x{301}e\x{301}e\x{301}e\x{301}e\x{301}e\x{301}e\x{301}e\x{301}e\x{301}e\x{301}e\x{301}e\x{301}e\x{301}"
          text run at (1055,6405) width 1: " "
          text run at (0,6420) width 1056: "e\x{301}e\x{301}e\x{301}e\x{301}e\x{301}e\x{301}e\x{301}e\x{301}e\x{301}e\x{301}e\x{301}e\x{301}e\x{301}e\x{301}e\x{301}e\x{301}e\x{301}e\x{301}e\x{301}e\x{301}e\x{301}e\x{301}e\x{301}e\x{301}e\x{301}e\x{301}e\x{301}e\x{301}e\x{301}e\x{301}e\x{301}e\x{301} e\x{301} e\x{301}e\x{301}e\x{301}e\x{301}e\x{301}e\x{301}e\x{301}e\x{301}e\x{301}e\x{301}e\x{301}e\x{301}e\x{301}e\x{301}e\x{301}e\x{301}e\x{301}e\x{301}e\x{301}e\x{301}e\x{301}e\x{301}e\x{301}e\x{301}e\x{301}e\x{301}e\x{301}e\x{301}e\x{301}e\x{301}e\x{301}e\x{301}e\x{301}e\x{301}e\x{301}e\x{301}e\x{301}e\x{301}e\x{301}e\x{301}e\x{301}e\x{301}e\x{301} e\x{301}e\x{301}e\x{301}e\x{301}e\x{301}e\x{301}e\x{301}e\x{301}e\x{301}e\x{301}e\x{301}e\x{301}e\x{301}e\x{301}e\x{301}e\x{301}e\x{301}e\x{301}e\x{301}e\x{301}e\x{301}e\x{301}e\x{301}e\x{301}e\x{301}e\x{301}e\x{301}e\x{301}e\x{301}e\x{301} e\x{301}e\x{301}e\x{301}e\x{301}e\x{301}e\x{301}e\x{301}e\x{301}e\x{301}e\x{301}e\x{301}e\x{301}e\x{301}e\x{301}e\x{301}e\x{301}e\x{301}e\x{301}e\x{301}e\x{301}e\x{301}e\x{301}"
          text run at (1055,6420) width 1: " "
          text run at (0,6435) width 1056: "e\x{301}e\x{301}e\x{301}e\x{301}e\x{301}e\x{301}e\x{301}e\x{301}e\x{301}e\x{301}e\x{301}e\x{301}e\x{301}e\x{301}e\x{301}e\x{301}e\x{301}e\x{301}e\x{301}e\x{301}e\x{301}e\x{301}e\x{301}e\x{301}e\x{301}e\x{301}e\x{301}e\x{301}e\x{301}e\x{301}e\x{301}e\x{301} e\x{301} e\x{301}e\x{301}e\x{301}e\x{301}e\x{301}e\x{301}e\x{301}e\x{301}e\x{301}e\x{301}e\x{301}e\x{301}e\x{301}e\x{301}e\x{301}e\x{301}e\x{301}e\x{301}e\x{301}e\x{301}e\x{301}e\x{301}e\x{301}e\x{301}e\x{301}e\x{301}e\x{301}e\x{301}e\x{301}e\x{301}e\x{301}e\x{301}e\x{301}e\x{301}e\x{301}e\x{301}e\x{301}e\x{301}e\x{301}e\x{301}e\x{301}e\x{301}e\x{301} e\x{301}e\x{301}e\x{301}e\x{301}e\x{301}e\x{301}e\x{301}e\x{301}e\x{301}e\x{301}e\x{301}e\x{301}e\x{301}e\x{301}e\x{301}e\x{301}e\x{301}e\x{301}e\x{301}e\x{301}e\x{301}e\x{301}e\x{301}e\x{301}e\x{301}e\x{301}e\x{301}e\x{301}e\x{301}e\x{301} e\x{301}e\x{301}e\x{301}e\x{301}e\x{301}e\x{301}e\x{301}e\x{301}e\x{301}e\x{301}e\x{301}e\x{301}e\x{301}e\x{301}e\x{301}e\x{301}e\x{301}e\x{301}e\x{301}e\x{301}e\x{301}e\x{301}"
          text run at (1055,6435) width 1: " "
          text run at (0,6450) width 1056: "e\x{301}e\x{301}e\x{301}e\x{301}e\x{301}e\x{301}e\x{301}e\x{301}e\x{301}e\x{301}e\x{301}e\x{301}e\x{301}e\x{301}e\x{301}e\x{301}e\x{301}e\x{301}e\x{301}e\x{301}e\x{301}e\x{301}e\x{301}e\x{301}e\x{301}e\x{301}e\x{301}e\x{301}e\x{301}e\x{301}e\x{301}e\x{301} e\x{301} e\x{301}e\x{301}e\x{301}e\x{301}e\x{301}e\x{301}e\x{301}e\x{301}e\x{301}e\x{301}e\x{301}e\x{301}e\x{301}e\x{301}e\x{301}e\x{301}e\x{301}e\x{301}e\x{301}e\x{301}e\x{301}e\x{301}e\x{301}e\x{301}e\x{301}e\x{301}e\x{301}e\x{301}e\x{301}e\x{301}e\x{301}e\x{301}e\x{301}e\x{301}e\x{301}e\x{301}e\x{301}e\x{301}e\x{301}e\x{301}e\x{301}e\x{301}e\x{301} e\x{301}e\x{301}e\x{301}e\x{301}e\x{301}e\x{301}e\x{301}e\x{301}e\x{301}e\x{301}e\x{301}e\x{301}e\x{301}e\x{301}e\x{301}e\x{301}e\x{301}e\x{301}e\x{301}e\x{301}e\x{301}e\x{301}e\x{301}e\x{301}e\x{301}e\x{301}e\x{301}e\x{301}e\x{301}e\x{301} e\x{301}e\x{301}e\x{301}e\x{301}e\x{301}e\x{301}e\x{301}e\x{301}e\x{301}e\x{301}e\x{301}e\x{301}e\x{301}e\x{301}e\x{301}e\x{301}e\x{301}e\x{301}e\x{301}e\x{301}e\x{301}e\x{301}"
          text run at (1055,6450) width 1: " "
          text run at (0,6465) width 1056: "e\x{301}e\x{301}e\x{301}e\x{301}e\x{301}e\x{301}e\x{301}e\x{301}e\x{301}e\x{301}e\x{301}e\x{301}e\x{301}e\x{301}e\x{301}e\x{301}e\x{301}e\x{301}e\x{301}e\x{301}e\x{301}e\x{301}e\x{301}e\x{301}e\x{301}e\x{301}e\x{301}e\x{301}e\x{301}e\x{301}e\x{301}e\x{301} e\x{301} e\x{301}e\x{301}e\x{301}e\x{301}e\x{301}e\x{301}e\x{301}e\x{301}e\x{301}e\x{301}e\x{301}e\x{301}e\x{301}e\x{301}e\x{301}e\x{301}e\x{301}e\x{301}e\x{301}e\x{301}e\x{301}e\x{301}e\x{301}e\x{301}e\x{301}e\x{301}e\x{301}e\x{301}e\x{301}e\x{301}e\x{301}e\x{301}e\x{301}e\x{301}e\x{301}e\x{301}e\x{301}e\x{301}e\x{301}e\x{301}e\x{301}e\x{301}e\x{301} e\x{301}e\x{301}e\x{301}e\x{301}e\x{301}e\x{301}e\x{301}e\x{301}e\x{301}e\x{301}e\x{301}e\x{301}e\x{301}e\x{301}e\x{301}e\x{301}e\x{301}e\x{301}e\x{301}e\x{301}e\x{301}e\x{301}e\x{301}e\x{301}e\x{301}e\x{301}e\x{301}e\x{301}e\x{301}e\x{301} e\x{301}e\x{301}e\x{301}e\x{301}e\x{301}e\x{301}e\x{301}e\x{301}e\x{301}e\x{301}e\x{301}e\x{301}e\x{301}e\x{301}e\x{301}e\x{301}e\x{301}e\x{301}e\x{301}e\x{301}e\x{301}e\x{301}"
          text run at (1055,6465) width 1: " "
          text run at (0,6480) width 1056: "e\x{301}e\x{301}e\x{301}e\x{301}e\x{301}e\x{301}e\x{301}e\x{301}e\x{301}e\x{301}e\x{301}e\x{301}e\x{301}e\x{301}e\x{301}e\x{301}e\x{301}e\x{301}e\x{301}e\x{301}e\x{301}e\x{301}e\x{301}e\x{301}e\x{301}e\x{301}e\x{301}e\x{301}e\x{301}e\x{301}e\x{301}e\x{301} e\x{301} e\x{301}e\x{301}e\x{301}e\x{301}e\x{301}e\x{301}e\x{301}e\x{301}e\x{301}e\x{301}e\x{301}e\x{301}e\x{301}e\x{301}e\x{301}e\x{301}e\x{301}e\x{301}e\x{301}e\x{301}e\x{301}e\x{301}e\x{301}e\x{301}e\x{301}e\x{301}e\x{301}e\x{301}e\x{301}e\x{301}e\x{301}e\x{301}e\x{301}e\x{301}e\x{301}e\x{301}e\x{301}e\x{301}e\x{301}e\x{301}e\x{301}e\x{301}e\x{301} e\x{301}e\x{301}e\x{301}e\x{301}e\x{301}e\x{301}e\x{301}e\x{301}e\x{301}e\x{301}e\x{301}e\x{301}e\x{301}e\x{301}e\x{301}e\x{301}e\x{301}e\x{301}e\x{301}e\x{301}e\x{301}e\x{301}e\x{301}e\x{301}e\x{301}e\x{301}e\x{301}e\x{301}e\x{301}e\x{301} e\x{301}e\x{301}e\x{301}e\x{301}e\x{301}e\x{301}e\x{301}e\x{301}e\x{301}e\x{301}e\x{301}e\x{301}e\x{301}e\x{301}e\x{301}e\x{301}e\x{301}e\x{301}e\x{301}e\x{301}e\x{301}e\x{301}"
          text run at (1055,6480) width 1: " "
          text run at (0,6495) width 1056: "e\x{301}e\x{301}e\x{301}e\x{301}e\x{301}e\x{301}e\x{301}e\x{301}e\x{301}e\x{301}e\x{301}e\x{301}e\x{301}e\x{301}e\x{301}e\x{301}e\x{301}e\x{301}e\x{301}e\x{301}e\x{301}e\x{301}e\x{301}e\x{301}e\x{301}e\x{301}e\x{301}e\x{301}e\x{301}e\x{301}e\x{301}e\x{301} e\x{301} e\x{301}e\x{301}e\x{301}e\x{301}e\x{301}e\x{301}e\x{301}e\x{301}e\x{301}e\x{301}e\x{301}e\x{301}e\x{301}e\x{301}e\x{301}e\x{301}e\x{301}e\x{301}e\x{301}e\x{301}e\x{301}e\x{301}e\x{301}e\x{301}e\x{301}e\x{301}e\x{301}e\x{301}e\x{301}e\x{301}e\x{301}e\x{301}e\x{301}e\x{301}e\x{301}e\x{301}e\x{301}e\x{301}e\x{301}e\x{301}e\x{301}e\x{301}e\x{301} e\x{301}e\x{301}e\x{301}e\x{301}e\x{301}e\x{301}e\x{301}e\x{301}e\x{301}e\x{301}e\x{301}e\x{301}e\x{301}e\x{301}e\x{301}e\x{301}e\x{301}e\x{301}e\x{301}e\x{301}e\x{301}e\x{301}e\x{301}e\x{301}e\x{301}e\x{301}e\x{301}e\x{301}e\x{301}e\x{301} e\x{301}e\x{301}e\x{301}e\x{301}e\x{301}e\x{301}e\x{301}e\x{301}e\x{301}e\x{301}e\x{301}e\x{301}e\x{301}e\x{301}e\x{301}e\x{301}e\x{301}e\x{301}e\x{301}e\x{301}e\x{301}e\x{301}"
          text run at (1055,6495) width 1: " "
          text run at (0,6510) width 1056: "e\x{301}e\x{301}e\x{301}e\x{301}e\x{301}e\x{301}e\x{301}e\x{301}e\x{301}e\x{301}e\x{301}e\x{301}e\x{301}e\x{301}e\x{301}e\x{301}e\x{301}e\x{301}e\x{301}e\x{301}e\x{301}e\x{301}e\x{301}e\x{301}e\x{301}e\x{301}e\x{301}e\x{301}e\x{301}e\x{301}e\x{301}e\x{301} e\x{301} e\x{301}e\x{301}e\x{301}e\x{301}e\x{301}e\x{301}e\x{301}e\x{301}e\x{301}e\x{301}e\x{301}e\x{301}e\x{301}e\x{301}e\x{301}e\x{301}e\x{301}e\x{301}e\x{301}e\x{301}e\x{301}e\x{301}e\x{301}e\x{301}e\x{301}e\x{301}e\x{301}e\x{301}e\x{301}e\x{301}e\x{301}e\x{301}e\x{301}e\x{301}e\x{301}e\x{301}e\x{301}e\x{301}e\x{301}e\x{301}e\x{301}e\x{301}e\x{301} e\x{301}e\x{301}e\x{301}e\x{301}e\x{301}e\x{301}e\x{301}e\x{301}e\x{301}e\x{301}e\x{301}e\x{301}e\x{301}e\x{301}e\x{301}e\x{301}e\x{301}e\x{301}e\x{301}e\x{301}e\x{301}e\x{301}e\x{301}e\x{301}e\x{301}e\x{301}e\x{301}e\x{301}e\x{301}e\x{301} e\x{301}e\x{301}e\x{301}e\x{301}e\x{301}e\x{301}e\x{301}e\x{301}e\x{301}e\x{301}e\x{301}e\x{301}e\x{301}e\x{301}e\x{301}e\x{301}e\x{301}e\x{301}e\x{301}e\x{301}e\x{301}e\x{301}"
          text run at (1055,6510) width 1: " "
          text run at (0,6525) width 1056: "e\x{301}e\x{301}e\x{301}e\x{301}e\x{301}e\x{301}e\x{301}e\x{301}e\x{301}e\x{301}e\x{301}e\x{301}e\x{301}e\x{301}e\x{301}e\x{301}e\x{301}e\x{301}e\x{301}e\x{301}e\x{301}e\x{301}e\x{301}e\x{301}e\x{301}e\x{301}e\x{301}e\x{301}e\x{301}e\x{301}e\x{301}e\x{301} e\x{301} e\x{301}e\x{301}e\x{301}e\x{301}e\x{301}e\x{301}e\x{301}e\x{301}e\x{301}e\x{301}e\x{301}e\x{301}e\x{301}e\x{301}e\x{301}e\x{301}e\x{301}e\x{301}e\x{301}e\x{301}e\x{301}e\x{301}e\x{301}e\x{301}e\x{301}e\x{301}e\x{301}e\x{301}e\x{301}e\x{301}e\x{301}e\x{301}e\x{301}e\x{301}e\x{301}e\x{301}e\x{301}e\x{301}e\x{301}e\x{301}e\x{301}e\x{301}e\x{301} e\x{301}e\x{301}e\x{301}e\x{301}e\x{301}e\x{301}e\x{301}e\x{301}e\x{301}e\x{301}e\x{301}e\x{301}e\x{301}e\x{301}e\x{301}e\x{301}e\x{301}e\x{301}e\x{301}e\x{301}e\x{301}e\x{301}e\x{301}e\x{301}e\x{301}e\x{301}e\x{301}e\x{301}e\x{301}e\x{301} e\x{301}e\x{301}e\x{301}e\x{301}e\x{301}e\x{301}e\x{301}e\x{301}e\x{301}e\x{301}e\x{301}e\x{301}e\x{301}e\x{301}e\x{301}e\x{301}e\x{301}e\x{301}e\x{301}e\x{301}e\x{301}e\x{301}"
          text run at (1055,6525) width 1: " "
          text run at (0,6540) width 1056: "e\x{301}e\x{301}e\x{301}e\x{301}e\x{301}e\x{301}e\x{301}e\x{301}e\x{301}e\x{301}e\x{301}e\x{301}e\x{301}e\x{301}e\x{301}e\x{301}e\x{301}e\x{301}e\x{301}e\x{301}e\x{301}e\x{301}e\x{301}e\x{301}e\x{301}e\x{301}e\x{301}e\x{301}e\x{301}e\x{301}e\x{301}e\x{301} e\x{301} e\x{301}e\x{301}e\x{301}e\x{301}e\x{301}e\x{301}e\x{301}e\x{301}e\x{301}e\x{301}e\x{301}e\x{301}e\x{301}e\x{301}e\x{301}e\x{301}e\x{301}e\x{301}e\x{301}e\x{301}e\x{301}e\x{301}e\x{301}e\x{301}e\x{301}e\x{301}e\x{301}e\x{301}e\x{301}e\x{301}e\x{301}e\x{301}e\x{301}e\x{301}e\x{301}e\x{301}e\x{301}e\x{301}e\x{301}e\x{301}e\x{301}e\x{301}e\x{301} e\x{301}e\x{301}e\x{301}e\x{301}e\x{301}e\x{301}e\x{301}e\x{301}e\x{301}e\x{301}e\x{301}e\x{301}e\x{301}e\x{301}e\x{301}e\x{301}e\x{301}e\x{301}e\x{301}e\x{301}e\x{301}e\x{301}e\x{301}e\x{301}e\x{301}e\x{301}e\x{301}e\x{301}e\x{301}e\x{301} e\x{301}e\x{301}e\x{301}e\x{301}e\x{301}e\x{301}e\x{301}e\x{301}e\x{301}e\x{301}e\x{301}e\x{301}e\x{301}e\x{301}e\x{301}e\x{301}e\x{301}e\x{301}e\x{301}e\x{301}e\x{301}e\x{301}"
          text run at (1055,6540) width 1: " "
          text run at (0,6555) width 1056: "e\x{301}e\x{301}e\x{301}e\x{301}e\x{301}e\x{301}e\x{301}e\x{301}e\x{301}e\x{301}e\x{301}e\x{301}e\x{301}e\x{301}e\x{301}e\x{301}e\x{301}e\x{301}e\x{301}e\x{301}e\x{301}e\x{301}e\x{301}e\x{301}e\x{301}e\x{301}e\x{301}e\x{301}e\x{301}e\x{301}e\x{301}e\x{301} e\x{301} e\x{301}e\x{301}e\x{301}e\x{301}e\x{301}e\x{301}e\x{301}e\x{301}e\x{301}e\x{301}e\x{301}e\x{301}e\x{301}e\x{301}e\x{301}e\x{301}e\x{301}e\x{301}e\x{301}e\x{301}e\x{301}e\x{301}e\x{301}e\x{301}e\x{301}e\x{301}e\x{301}e\x{301}e\x{301}e\x{301}e\x{301}e\x{301}e\x{301}e\x{301}e\x{301}e\x{301}e\x{301}e\x{301}e\x{301}e\x{301}e\x{301}e\x{301}e\x{301} e\x{301}e\x{301}e\x{301}e\x{301}e\x{301}e\x{301}e\x{301}e\x{301}e\x{301}e\x{301}e\x{301}e\x{301}e\x{301}e\x{301}e\x{301}e\x{301}e\x{301}e\x{301}e\x{301}e\x{301}e\x{301}e\x{301}e\x{301}e\x{301}e\x{301}e\x{301}e\x{301}e\x{301}e\x{301}e\x{301} e\x{301}e\x{301}e\x{301}e\x{301}e\x{301}e\x{301}e\x{301}e\x{301}e\x{301}e\x{301}e\x{301}e\x{301}e\x{301}e\x{301}e\x{301}e\x{301}e\x{301}e\x{301}e\x{301}e\x{301}e\x{301}e\x{301}"
          text run at (1055,6555) width 1: " "
          text run at (0,6570) width 1056: "e\x{301}e\x{301}e\x{301}e\x{301}e\x{301}e\x{301}e\x{301}e\x{301}e\x{301}e\x{301}e\x{301}e\x{301}e\x{301}e\x{301}e\x{301}e\x{301}e\x{301}e\x{301}e\x{301}e\x{301}e\x{301}e\x{301}e\x{301}e\x{301}e\x{301}e\x{301}e\x{301}e\x{301}e\x{301}e\x{301}e\x{301}e\x{301} e\x{301} e\x{301}e\x{301}e\x{301}e\x{301}e\x{301}e\x{301}e\x{301}e\x{301}e\x{301}e\x{301}e\x{301}e\x{301}e\x{301}e\x{301}e\x{301}e\x{301}e\x{301}e\x{301}e\x{301}e\x{301}e\x{301}e\x{301}e\x{301}e\x{301}e\x{301}e\x{301}e\x{301}e\x{301}e\x{301}e\x{301}e\x{301}e\x{301}e\x{301}e\x{301}e\x{301}e\x{301}e\x{301}e\x{301}e\x{301}e\x{301}e\x{301}e\x{301}e\x{301} e\x{301}e\x{301}e\x{301}e\x{301}e\x{301}e\x{301}e\x{301}e\x{301}e\x{301}e\x{301}e\x{301}e\x{301}e\x{301}e\x{301}e\x{301}e\x{301}e\x{301}e\x{301}e\x{301}e\x{301}e\x{301}e\x{301}e\x{301}e\x{301}e\x{301}e\x{301}e\x{301}e\x{301}e\x{301}e\x{301} e\x{301}e\x{301}e\x{301}e\x{301}e\x{301}e\x{301}e\x{301}e\x{301}e\x{301}e\x{301}e\x{301}e\x{301}e\x{301}e\x{301}e\x{301}e\x{301}e\x{301}e\x{301}e\x{301}e\x{301}e\x{301}e\x{301}"
          text run at (1055,6570) width 1: " "
          text run at (0,6585) width 1056: "e\x{301}e\x{301}e\x{301}e\x{301}e\x{301}e\x{301}e\x{301}e\x{301}e\x{301}e\x{301}e\x{301}e\x{301}e\x{301}e\x{301}e\x{301}e\x{301}e\x{301}e\x{301}e\x{301}e\x{301}e\x{301}e\x{301}e\x{301}e\x{301}e\x{301}e\x{301}e\x{301}e\x{301}e\x{301}e\x{301}e\x{301}e\x{301} e\x{301} e\x{301}e\x{301}e\x{301}e\x{301}e\x{301}e\x{301}e\x{301}e\x{301}e\x{301}e\x{301}e\x{301}e\x{301}e\x{301}e\x{301}e\x{301}e\x{301}e\x{301}e\x{301}e\x{301}e\x{301}e\x{301}e\x{301}e\x{301}e\x{301}e\x{301}e\x{301}e\x{301}e\x{301}e\x{301}e\x{301}e\x{301}e\x{301}e\x{301}e\x{301}e\x{301}e\x{301}e\x{301}e\x{301}e\x{301}e\x{301}e\x{301}e\x{301}e\x{301} e\x{301}e\x{301}e\x{301}e\x{301}e\x{301}e\x{301}e\x{301}e\x{301}e\x{301}e\x{301}e\x{301}e\x{301}e\x{301}e\x{301}e\x{301}e\x{301}e\x{301}e\x{301}e\x{301}e\x{301}e\x{301}e\x{301}e\x{301}e\x{301}e\x{301}e\x{301}e\x{301}e\x{301}e\x{301}e\x{301} e\x{301}e\x{301}e\x{301}e\x{301}e\x{301}e\x{301}e\x{301}e\x{301}e\x{301}e\x{301}e\x{301}e\x{301}e\x{301}e\x{301}e\x{301}e\x{301}e\x{301}e\x{301}e\x{301}e\x{301}e\x{301}e\x{301}"
          text run at (1055,6585) width 1: " "
          text run at (0,6600) width 1056: "e\x{301}e\x{301}e\x{301}e\x{301}e\x{301}e\x{301}e\x{301}e\x{301}e\x{301}e\x{301}e\x{301}e\x{301}e\x{301}e\x{301}e\x{301}e\x{301}e\x{301}e\x{301}e\x{301}e\x{301}e\x{301}e\x{301}e\x{301}e\x{301}e\x{301}e\x{301}e\x{301}e\x{301}e\x{301}e\x{301}e\x{301}e\x{301} e\x{301} e\x{301}e\x{301}e\x{301}e\x{301}e\x{301}e\x{301}e\x{301}e\x{301}e\x{301}e\x{301}e\x{301}e\x{301}e\x{301}e\x{301}e\x{301}e\x{301}e\x{301}e\x{301}e\x{301}e\x{301}e\x{301}e\x{301}e\x{301}e\x{301}e\x{301}e\x{301}e\x{301}e\x{301}e\x{301}e\x{301}e\x{301}e\x{301}e\x{301}e\x{301}e\x{301}e\x{301}e\x{301}e\x{301}e\x{301}e\x{301}e\x{301}e\x{301}e\x{301} e\x{301}e\x{301}e\x{301}e\x{301}e\x{301}e\x{301}e\x{301}e\x{301}e\x{301}e\x{301}e\x{301}e\x{301}e\x{301}e\x{301}e\x{301}e\x{301}e\x{301}e\x{301}e\x{301}e\x{301}e\x{301}e\x{301}e\x{301}e\x{301}e\x{301}e\x{301}e\x{301}e\x{301}e\x{301}e\x{301} e\x{301}e\x{301}e\x{301}e\x{301}e\x{301}e\x{301}e\x{301}e\x{301}e\x{301}e\x{301}e\x{301}e\x{301}e\x{301}e\x{301}e\x{301}e\x{301}e\x{301}e\x{301}e\x{301}e\x{301}e\x{301}e\x{301}"
          text run at (1055,6600) width 1: " "
          text run at (0,6615) width 1056: "e\x{301}e\x{301}e\x{301}e\x{301}e\x{301}e\x{301}e\x{301}e\x{301}e\x{301}e\x{301}e\x{301}e\x{301}e\x{301}e\x{301}e\x{301}e\x{301}e\x{301}e\x{301}e\x{301}e\x{301}e\x{301}e\x{301}e\x{301}e\x{301}e\x{301}e\x{301}e\x{301}e\x{301}e\x{301}e\x{301}e\x{301}e\x{301} e\x{301} e\x{301}e\x{301}e\x{301}e\x{301}e\x{301}e\x{301}e\x{301}e\x{301}e\x{301}e\x{301}e\x{301}e\x{301}e\x{301}e\x{301}e\x{301}e\x{301}e\x{301}e\x{301}e\x{301}e\x{301}e\x{301}e\x{301}e\x{301}e\x{301}e\x{301}e\x{301}e\x{301}e\x{301}e\x{301}e\x{301}e\x{301}e\x{301}e\x{301}e\x{301}e\x{301}e\x{301}e\x{301}e\x{301}e\x{301}e\x{301}e\x{301}e\x{301}e\x{301} e\x{301}e\x{301}e\x{301}e\x{301}e\x{301}e\x{301}e\x{301}e\x{301}e\x{301}e\x{301}e\x{301}e\x{301}e\x{301}e\x{301}e\x{301}e\x{301}e\x{301}e\x{301}e\x{301}e\x{301}e\x{301}e\x{301}e\x{301}e\x{301}e\x{301}e\x{301}e\x{301}e\x{301}e\x{301}e\x{301} e\x{301}e\x{301}e\x{301}e\x{301}e\x{301}e\x{301}e\x{301}e\x{301}e\x{301}e\x{301}e\x{301}e\x{301}e\x{301}e\x{301}e\x{301}e\x{301}e\x{301}e\x{301}e\x{301}e\x{301}e\x{301}e\x{301}"
          text run at (1055,6615) width 1: " "
          text run at (0,6630) width 1056: "e\x{301}e\x{301}e\x{301}e\x{301}e\x{301}e\x{301}e\x{301}e\x{301}e\x{301}e\x{301}e\x{301}e\x{301}e\x{301}e\x{301}e\x{301}e\x{301}e\x{301}e\x{301}e\x{301}e\x{301}e\x{301}e\x{301}e\x{301}e\x{301}e\x{301}e\x{301}e\x{301}e\x{301}e\x{301}e\x{301}e\x{301}e\x{301} e\x{301} e\x{301}e\x{301}e\x{301}e\x{301}e\x{301}e\x{301}e\x{301}e\x{301}e\x{301}e\x{301}e\x{301}e\x{301}e\x{301}e\x{301}e\x{301}e\x{301}e\x{301}e\x{301}e\x{301}e\x{301}e\x{301}e\x{301}e\x{301}e\x{301}e\x{301}e\x{301}e\x{301}e\x{301}e\x{301}e\x{301}e\x{301}e\x{301}e\x{301}e\x{301}e\x{301}e\x{301}e\x{301}e\x{301}e\x{301}e\x{301}e\x{301}e\x{301}e\x{301} e\x{301}e\x{301}e\x{301}e\x{301}e\x{301}e\x{301}e\x{301}e\x{301}e\x{301}e\x{301}e\x{301}e\x{301}e\x{301}e\x{301}e\x{301}e\x{301}e\x{301}e\x{301}e\x{301}e\x{301}e\x{301}e\x{301}e\x{301}e\x{301}e\x{301}e\x{301}e\x{301}e\x{301}e\x{301}e\x{301} e\x{301}e\x{301}e\x{301}e\x{301}e\x{301}e\x{301}e\x{301}e\x{301}e\x{301}e\x{301}e\x{301}e\x{301}e\x{301}e\x{301}e\x{301}e\x{301}e\x{301}e\x{301}e\x{301}e\x{301}e\x{301}e\x{301}"
          text run at (1055,6630) width 1: " "
          text run at (0,6645) width 1056: "e\x{301}e\x{301}e\x{301}e\x{301}e\x{301}e\x{301}e\x{301}e\x{301}e\x{301}e\x{301}e\x{301}e\x{301}e\x{301}e\x{301}e\x{301}e\x{301}e\x{301}e\x{301}e\x{301}e\x{301}e\x{301}e\x{301}e\x{301}e\x{301}e\x{301}e\x{301}e\x{301}e\x{301}e\x{301}e\x{301}e\x{301}e\x{301} e\x{301} e\x{301}e\x{301}e\x{301}e\x{301}e\x{301}e\x{301}e\x{301}e\x{301}e\x{301}e\x{301}e\x{301}e\x{301}e\x{301}e\x{301}e\x{301}e\x{301}e\x{301}e\x{301}e\x{301}e\x{301}e\x{301}e\x{301}e\x{301}e\x{301}e\x{301}e\x{301}e\x{301}e\x{301}e\x{301}e\x{301}e\x{301}e\x{301}e\x{301}e\x{301}e\x{301}e\x{301}e\x{301}e\x{301}e\x{301}e\x{301}e\x{301}e\x{301}e\x{301} e\x{301}e\x{301}e\x{301}e\x{301}e\x{301}e\x{301}e\x{301}e\x{301}e\x{301}e\x{301}e\x{301}e\x{301}e\x{301}e\x{301}e\x{301}e\x{301}e\x{301}e\x{301}e\x{301}e\x{301}e\x{301}e\x{301}e\x{301}e\x{301}e\x{301}e\x{301}e\x{301}e\x{301}e\x{301}e\x{301} e\x{301}e\x{301}e\x{301}e\x{301}e\x{301}e\x{301}e\x{301}e\x{301}e\x{301}e\x{301}e\x{301}e\x{301}e\x{301}e\x{301}e\x{301}e\x{301}e\x{301}e\x{301}e\x{301}e\x{301}e\x{301}e\x{301}"
          text run at (1055,6645) width 1: " "
          text run at (0,6660) width 1056: "e\x{301}e\x{301}e\x{301}e\x{301}e\x{301}e\x{301}e\x{301}e\x{301}e\x{301}e\x{301}e\x{301}e\x{301}e\x{301}e\x{301}e\x{301}e\x{301}e\x{301}e\x{301}e\x{301}e\x{301}e\x{301}e\x{301}e\x{301}e\x{301}e\x{301}e\x{301}e\x{301}e\x{301}e\x{301}e\x{301}e\x{301}e\x{301} e\x{301} e\x{301}e\x{301}e\x{301}e\x{301}e\x{301}e\x{301}e\x{301}e\x{301}e\x{301}e\x{301}e\x{301}e\x{301}e\x{301}e\x{301}e\x{301}e\x{301}e\x{301}e\x{301}e\x{301}e\x{301}e\x{301}e\x{301}e\x{301}e\x{301}e\x{301}e\x{301}e\x{301}e\x{301}e\x{301}e\x{301}e\x{301}e\x{301}e\x{301}e\x{301}e\x{301}e\x{301}e\x{301}e\x{301}e\x{301}e\x{301}e\x{301}e\x{301}e\x{301} e\x{301}e\x{301}e\x{301}e\x{301}e\x{301}e\x{301}e\x{301}e\x{301}e\x{301}e\x{301}e\x{301}e\x{301}e\x{301}e\x{301}e\x{301}e\x{301}e\x{301}e\x{301}e\x{301}e\x{301}e\x{301}e\x{301}e\x{301}e\x{301}e\x{301}e\x{301}e\x{301}e\x{301}e\x{301}e\x{301} e\x{301}e\x{301}e\x{301}e\x{301}e\x{301}e\x{301}e\x{301}e\x{301}e\x{301}e\x{301}e\x{301}e\x{301}e\x{301}e\x{301}e\x{301}e\x{301}e\x{301}e\x{301}e\x{301}e\x{301}e\x{301}e\x{301}"
          text run at (1055,6660) width 1: " "
          text run at (0,6675) width 1056: "e\x{301}e\x{301}e\x{301}e\x{301}e\x{301}e\x{301}e\x{301}e\x{301}e\x{301}e\x{301}e\x{301}e\x{301}e\x{301}e\x{301}e\x{301}e\x{301}e\x{301}e\x{301}e\x{301}e\x{301}e\x{301}e\x{301}e\x{301}e\x{301}e\x{301}e\x{301}e\x{301}e\x{301}e\x{301}e\x{301}e\x{301}e\x{301} e\x{301} e\x{301}e\x{301}e\x{301}e\x{301}e\x{301}e\x{301}e\x{301}e\x{301}e\x{301}e\x{301}e\x{301}e\x{301}e\x{301}e\x{301}e\x{301}e\x{301}e\x{301}e\x{301}e\x{301}e\x{301}e\x{301}e\x{301}e\x{301}e\x{301}e\x{301}e\x{301}e\x{301}e\x{301}e\x{301}e\x{301}e\x{301}e\x{301}e\x{301}e\x{301}e\x{301}e\x{301}e\x{301}e\x{301}e\x{301}e\x{301}e\x{301}e\x{301}e\x{301} e\x{301}e\x{301}e\x{301}e\x{301}e\x{301}e\x{301}e\x{301}e\x{301}e\x{301}e\x{301}e\x{301}e\x{301}e\x{301}e\x{301}e\x{301}e\x{301}e\x{301}e\x{301}e\x{301}e\x{301}e\x{301}e\x{301}e\x{301}e\x{301}e\x{301}e\x{301}e\x{301}e\x{301}e\x{301}e\x{301} e\x{301}e\x{301}e\x{301}e\x{301}e\x{301}e\x{301}e\x{301}e\x{301}e\x{301}e\x{301}e\x{301}e\x{301}e\x{301}e\x{301}e\x{301}e\x{301}e\x{301}e\x{301}e\x{301}e\x{301}e\x{301}e\x{301}"
          text run at (1055,6675) width 1: " "
          text run at (0,6690) width 1056: "e\x{301}e\x{301}e\x{301}e\x{301}e\x{301}e\x{301}e\x{301}e\x{301}e\x{301}e\x{301}e\x{301}e\x{301}e\x{301}e\x{301}e\x{301}e\x{301}e\x{301}e\x{301}e\x{301}e\x{301}e\x{301}e\x{301}e\x{301}e\x{301}e\x{301}e\x{301}e\x{301}e\x{301}e\x{301}e\x{301}e\x{301}e\x{301} e\x{301} e\x{301}e\x{301}e\x{301}e\x{301}e\x{301}e\x{301}e\x{301}e\x{301}e\x{301}e\x{301}e\x{301}e\x{301}e\x{301}e\x{301}e\x{301}e\x{301}e\x{301}e\x{301}e\x{301}e\x{301}e\x{301}e\x{301}e\x{301}e\x{301}e\x{301}e\x{301}e\x{301}e\x{301}e\x{301}e\x{301}e\x{301}e\x{301}e\x{301}e\x{301}e\x{301}e\x{301}e\x{301}e\x{301}e\x{301}e\x{301}e\x{301}e\x{301}e\x{301} e\x{301}e\x{301}e\x{301}e\x{301}e\x{301}e\x{301}e\x{301}e\x{301}e\x{301}e\x{301}e\x{301}e\x{301}e\x{301}e\x{301}e\x{301}e\x{301}e\x{301}e\x{301}e\x{301}e\x{301}e\x{301}e\x{301}e\x{301}e\x{301}e\x{301}e\x{301}e\x{301}e\x{301}e\x{301}e\x{301} e\x{301}e\x{301}e\x{301}e\x{301}e\x{301}e\x{301}e\x{301}e\x{301}e\x{301}e\x{301}e\x{301}e\x{301}e\x{301}e\x{301}e\x{301}e\x{301}e\x{301}e\x{301}e\x{301}e\x{301}e\x{301}e\x{301}"
          text run at (1055,6690) width 1: " "
          text run at (0,6705) width 1056: "e\x{301}e\x{301}e\x{301}e\x{301}e\x{301}e\x{301}e\x{301}e\x{301}e\x{301}e\x{301}e\x{301}e\x{301}e\x{301}e\x{301}e\x{301}e\x{301}e\x{301}e\x{301}e\x{301}e\x{301}e\x{301}e\x{301}e\x{301}e\x{301}e\x{301}e\x{301}e\x{301}e\x{301}e\x{301}e\x{301}e\x{301}e\x{301} e\x{301} e\x{301}e\x{301}e\x{301}e\x{301}e\x{301}e\x{301}e\x{301}e\x{301}e\x{301}e\x{301}e\x{301}e\x{301}e\x{301}e\x{301}e\x{301}e\x{301}e\x{301}e\x{301}e\x{301}e\x{301}e\x{301}e\x{301}e\x{301}e\x{301}e\x{301}e\x{301}e\x{301}e\x{301}e\x{301}e\x{301}e\x{301}e\x{301}e\x{301}e\x{301}e\x{301}e\x{301}e\x{301}e\x{301}e\x{301}e\x{301}e\x{301}e\x{301}e\x{301} e\x{301}e\x{301}e\x{301}e\x{301}e\x{301}e\x{301}e\x{301}e\x{301}e\x{301}e\x{301}e\x{301}e\x{301}e\x{301}e\x{301}e\x{301}e\x{301}e\x{301}e\x{301}e\x{301}e\x{301}e\x{301}e\x{301}e\x{301}e\x{301}e\x{301}e\x{301}e\x{301}e\x{301}e\x{301}e\x{301} e\x{301}e\x{301}e\x{301}e\x{301}e\x{301}e\x{301}e\x{301}e\x{301}e\x{301}e\x{301}e\x{301}e\x{301}e\x{301}e\x{301}e\x{301}e\x{301}e\x{301}e\x{301}e\x{301}e\x{301}e\x{301}e\x{301}"
          text run at (1055,6705) width 1: " "
          text run at (0,6720) width 1056: "e\x{301}e\x{301}e\x{301}e\x{301}e\x{301}e\x{301}e\x{301}e\x{301}e\x{301}e\x{301}e\x{301}e\x{301}e\x{301}e\x{301}e\x{301}e\x{301}e\x{301}e\x{301}e\x{301}e\x{301}e\x{301}e\x{301}e\x{301}e\x{301}e\x{301}e\x{301}e\x{301}e\x{301}e\x{301}e\x{301}e\x{301}e\x{301} e\x{301} e\x{301}e\x{301}e\x{301}e\x{301}e\x{301}e\x{301}e\x{301}e\x{301}e\x{301}e\x{301}e\x{301}e\x{301}e\x{301}e\x{301}e\x{301}e\x{301}e\x{301}e\x{301}e\x{301}e\x{301}e\x{301}e\x{301}e\x{301}e\x{301}e\x{301}e\x{301}e\x{301}e\x{301}e\x{301}e\x{301}e\x{301}e\x{301}e\x{301}e\x{301}e\x{301}e\x{301}e\x{301}e\x{301}e\x{301}e\x{301}e\x{301}e\x{301}e\x{301} e\x{301}e\x{301}e\x{301}e\x{301}e\x{301}e\x{301}e\x{301}e\x{301}e\x{301}e\x{301}e\x{301}e\x{301}e\x{301}e\x{301}e\x{301}e\x{301}e\x{301}e\x{301}e\x{301}e\x{301}e\x{301}e\x{301}e\x{301}e\x{301}e\x{301}e\x{301}e\x{301}e\x{301}e\x{301}e\x{301} e\x{301}e\x{301}e\x{301}e\x{301}e\x{301}e\x{301}e\x{301}e\x{301}e\x{301}e\x{301}e\x{301}e\x{301}e\x{301}e\x{301}e\x{301}e\x{301}e\x{301}e\x{301}e\x{301}e\x{301}e\x{301}e\x{301}"
          text run at (1055,6720) width 1: " "
          text run at (0,6735) width 1056: "e\x{301}e\x{301}e\x{301}e\x{301}e\x{301}e\x{301}e\x{301}e\x{301}e\x{301}e\x{301}e\x{301}e\x{301}e\x{301}e\x{301}e\x{301}e\x{301}e\x{301}e\x{301}e\x{301}e\x{301}e\x{301}e\x{301}e\x{301}e\x{301}e\x{301}e\x{301}e\x{301}e\x{301}e\x{301}e\x{301}e\x{301}e\x{301} e\x{301} e\x{301}e\x{301}e\x{301}e\x{301}e\x{301}e\x{301}e\x{301}e\x{301}e\x{301}e\x{301}e\x{301}e\x{301}e\x{301}e\x{301}e\x{301}e\x{301}e\x{301}e\x{301}e\x{301}e\x{301}e\x{301}e\x{301}e\x{301}e\x{301}e\x{301}e\x{301}e\x{301}e\x{301}e\x{301}e\x{301}e\x{301}e\x{301}e\x{301}e\x{301}e\x{301}e\x{301}e\x{301}e\x{301}e\x{301}e\x{301}e\x{301}e\x{301}e\x{301} e\x{301}e\x{301}e\x{301}e\x{301}e\x{301}e\x{301}e\x{301}e\x{301}e\x{301}e\x{301}e\x{301}e\x{301}e\x{301}e\x{301}e\x{301}e\x{301}e\x{301}e\x{301}e\x{301}e\x{301}e\x{301}e\x{301}e\x{301}e\x{301}e\x{301}e\x{301}e\x{301}e\x{301}e\x{301}e\x{301} e\x{301}e\x{301}e\x{301}e\x{301}e\x{301}e\x{301}e\x{301}e\x{301}e\x{301}e\x{301}e\x{301}e\x{301}e\x{301}e\x{301}e\x{301}e\x{301}e\x{301}e\x{301}e\x{301}e\x{301}e\x{301}e\x{301}"
          text run at (1055,6735) width 1: " "
          text run at (0,6750) width 1056: "e\x{301}e\x{301}e\x{301}e\x{301}e\x{301}e\x{301}e\x{301}e\x{301}e\x{301}e\x{301}e\x{301}e\x{301}e\x{301}e\x{301}e\x{301}e\x{301}e\x{301}e\x{301}e\x{301}e\x{301}e\x{301}e\x{301}e\x{301}e\x{301}e\x{301}e\x{301}e\x{301}e\x{301}e\x{301}e\x{301}e\x{301}e\x{301} e\x{301} e\x{301}e\x{301}e\x{301}e\x{301}e\x{301}e\x{301}e\x{301}e\x{301}e\x{301}e\x{301}e\x{301}e\x{301}e\x{301}e\x{301}e\x{301}e\x{301}e\x{301}e\x{301}e\x{301}e\x{301}e\x{301}e\x{301}e\x{301}e\x{301}e\x{301}e\x{301}e\x{301}e\x{301}e\x{301}e\x{301}e\x{301}e\x{301}e\x{301}e\x{301}e\x{301}e\x{301}e\x{301}e\x{301}e\x{301}e\x{301}e\x{301}e\x{301}e\x{301} e\x{301}e\x{301}e\x{301}e\x{301}e\x{301}e\x{301}e\x{301}e\x{301}e\x{301}e\x{301}e\x{301}e\x{301}e\x{301}e\x{301}e\x{301}e\x{301}e\x{301}e\x{301}e\x{301}e\x{301}e\x{301}e\x{301}e\x{301}e\x{301}e\x{301}e\x{301}e\x{301}e\x{301}e\x{301}e\x{301} e\x{301}e\x{301}e\x{301}e\x{301}e\x{301}e\x{301}e\x{301}e\x{301}e\x{301}e\x{301}e\x{301}e\x{301}e\x{301}e\x{301}e\x{301}e\x{301}e\x{301}e\x{301}e\x{301}e\x{301}e\x{301}e\x{301}"
          text run at (1055,6750) width 1: " "
          text run at (0,6765) width 1056: "e\x{301}e\x{301}e\x{301}e\x{301}e\x{301}e\x{301}e\x{301}e\x{301}e\x{301}e\x{301}e\x{301}e\x{301}e\x{301}e\x{301}e\x{301}e\x{301}e\x{301}e\x{301}e\x{301}e\x{301}e\x{301}e\x{301}e\x{301}e\x{301}e\x{301}e\x{301}e\x{301}e\x{301}e\x{301}e\x{301}e\x{301}e\x{301} e\x{301} e\x{301}e\x{301}e\x{301}e\x{301}e\x{301}e\x{301}e\x{301}e\x{301}e\x{301}e\x{301}e\x{301}e\x{301}e\x{301}e\x{301}e\x{301}e\x{301}e\x{301}e\x{301}e\x{301}e\x{301}e\x{301}e\x{301}e\x{301}e\x{301}e\x{301}e\x{301}e\x{301}e\x{301}e\x{301}e\x{301}e\x{301}e\x{301}e\x{301}e\x{301}e\x{301}e\x{301}e\x{301}e\x{301}e\x{301}e\x{301}e\x{301}e\x{301}e\x{301} e\x{301}e\x{301}e\x{301}e\x{301}e\x{301}e\x{301}e\x{301}e\x{301}e\x{301}e\x{301}e\x{301}e\x{301}e\x{301}e\x{301}e\x{301}e\x{301}e\x{301}e\x{301}e\x{301}e\x{301}e\x{301}e\x{301}e\x{301}e\x{301}e\x{301}e\x{301}e\x{301}e\x{301}e\x{301}e\x{301} e\x{301}e\x{301}e\x{301}e\x{301}e\x{301}e\x{301}e\x{301}e\x{301}e\x{301}e\x{301}e\x{301}e\x{301}e\x{301}e\x{301}e\x{301}e\x{301}e\x{301}e\x{301}e\x{301}e\x{301}e\x{301}e\x{301}"
          text run at (1055,6765) width 1: " "
          text run at (0,6780) width 1056: "e\x{301}e\x{301}e\x{301}e\x{301}e\x{301}e\x{301}e\x{301}e\x{301}e\x{301}e\x{301}e\x{301}e\x{301}e\x{301}e\x{301}e\x{301}e\x{301}e\x{301}e\x{301}e\x{301}e\x{301}e\x{301}e\x{301}e\x{301}e\x{301}e\x{301}e\x{301}e\x{301}e\x{301}e\x{301}e\x{301}e\x{301}e\x{301} e\x{301} e\x{301}e\x{301}e\x{301}e\x{301}e\x{301}e\x{301}e\x{301}e\x{301}e\x{301}e\x{301}e\x{301}e\x{301}e\x{301}e\x{301}e\x{301}e\x{301}e\x{301}e\x{301}e\x{301}e\x{301}e\x{301}e\x{301}e\x{301}e\x{301}e\x{301}e\x{301}e\x{301}e\x{301}e\x{301}e\x{301}e\x{301}e\x{301}e\x{301}e\x{301}e\x{301}e\x{301}e\x{301}e\x{301}e\x{301}e\x{301}e\x{301}e\x{301}e\x{301} e\x{301}e\x{301}e\x{301}e\x{301}e\x{301}e\x{301}e\x{301}e\x{301}e\x{301}e\x{301}e\x{301}e\x{301}e\x{301}e\x{301}e\x{301}e\x{301}e\x{301}e\x{301}e\x{301}e\x{301}e\x{301}e\x{301}e\x{301}e\x{301}e\x{301}e\x{301}e\x{301}e\x{301}e\x{301}e\x{301} e\x{301}e\x{301}e\x{301}e\x{301}e\x{301}e\x{301}e\x{301}e\x{301}e\x{301}e\x{301}e\x{301}e\x{301}e\x{301}e\x{301}e\x{301}e\x{301}e\x{301}e\x{301}e\x{301}e\x{301}e\x{301}e\x{301}"
          text run at (1055,6780) width 1: " "
          text run at (0,6795) width 1056: "e\x{301}e\x{301}e\x{301}e\x{301}e\x{301}e\x{301}e\x{301}e\x{301}e\x{301}e\x{301}e\x{301}e\x{301}e\x{301}e\x{301}e\x{301}e\x{301}e\x{301}e\x{301}e\x{301}e\x{301}e\x{301}e\x{301}e\x{301}e\x{301}e\x{301}e\x{301}e\x{301}e\x{301}e\x{301}e\x{301}e\x{301}e\x{301} e\x{301} e\x{301}e\x{301}e\x{301}e\x{301}e\x{301}e\x{301}e\x{301}e\x{301}e\x{301}e\x{301}e\x{301}e\x{301}e\x{301}e\x{301}e\x{301}e\x{301}e\x{301}e\x{301}e\x{301}e\x{301}e\x{301}e\x{301}e\x{301}e\x{301}e\x{301}e\x{301}e\x{301}e\x{301}e\x{301}e\x{301}e\x{301}e\x{301}e\x{301}e\x{301}e\x{301}e\x{301}e\x{301}e\x{301}e\x{301}e\x{301}e\x{301}e\x{301}e\x{301} e\x{301}e\x{301}e\x{301}e\x{301}e\x{301}e\x{301}e\x{301}e\x{301}e\x{301}e\x{301}e\x{301}e\x{301}e\x{301}e\x{301}e\x{301}e\x{301}e\x{301}e\x{301}e\x{301}e\x{301}e\x{301}e\x{301}e\x{301}e\x{301}e\x{301}e\x{301}e\x{301}e\x{301}e\x{301}e\x{301} e\x{301}e\x{301}e\x{301}e\x{301}e\x{301}e\x{301}e\x{301}e\x{301}e\x{301}e\x{301}e\x{301}e\x{301}e\x{301}e\x{301}e\x{301}e\x{301}e\x{301}e\x{301}e\x{301}e\x{301}e\x{301}e\x{301}"
          text run at (1055,6795) width 1: " "
          text run at (0,6810) width 1056: "e\x{301}e\x{301}e\x{301}e\x{301}e\x{301}e\x{301}e\x{301}e\x{301}e\x{301}e\x{301}e\x{301}e\x{301}e\x{301}e\x{301}e\x{301}e\x{301}e\x{301}e\x{301}e\x{301}e\x{301}e\x{301}e\x{301}e\x{301}e\x{301}e\x{301}e\x{301}e\x{301}e\x{301}e\x{301}e\x{301}e\x{301}e\x{301} e\x{301} e\x{301}e\x{301}e\x{301}e\x{301}e\x{301}e\x{301}e\x{301}e\x{301}e\x{301}e\x{301}e\x{301}e\x{301}e\x{301}e\x{301}e\x{301}e\x{301}e\x{301}e\x{301}e\x{301}e\x{301}e\x{301}e\x{301}e\x{301}e\x{301}e\x{301}e\x{301}e\x{301}e\x{301}e\x{301}e\x{301}e\x{301}e\x{301}e\x{301}e\x{301}e\x{301}e\x{301}e\x{301}e\x{301}e\x{301}e\x{301}e\x{301}e\x{301}e\x{301} e\x{301}e\x{301}e\x{301}e\x{301}e\x{301}e\x{301}e\x{301}e\x{301}e\x{301}e\x{301}e\x{301}e\x{301}e\x{301}e\x{301}e\x{301}e\x{301}e\x{301}e\x{301}e\x{301}e\x{301}e\x{301}e\x{301}e\x{301}e\x{301}e\x{301}e\x{301}e\x{301}e\x{301}e\x{301}e\x{301} e\x{301}e\x{301}e\x{301}e\x{301}e\x{301}e\x{301}e\x{301}e\x{301}e\x{301}e\x{301}e\x{301}e\x{301}e\x{301}e\x{301}e\x{301}e\x{301}e\x{301}e\x{301}e\x{301}e\x{301}e\x{301}e\x{301}"
          text run at (1055,6810) width 1: " "
          text run at (0,6825) width 1056: "e\x{301}e\x{301}e\x{301}e\x{301}e\x{301}e\x{301}e\x{301}e\x{301}e\x{301}e\x{301}e\x{301}e\x{301}e\x{301}e\x{301}e\x{301}e\x{301}e\x{301}e\x{301}e\x{301}e\x{301}e\x{301}e\x{301}e\x{301}e\x{301}e\x{301}e\x{301}e\x{301}e\x{301}e\x{301}e\x{301}e\x{301}e\x{301} e\x{301} e\x{301}e\x{301}e\x{301}e\x{301}e\x{301}e\x{301}e\x{301}e\x{301}e\x{301}e\x{301}e\x{301}e\x{301}e\x{301}e\x{301}e\x{301}e\x{301}e\x{301}e\x{301}e\x{301}e\x{301}e\x{301}e\x{301}e\x{301}e\x{301}e\x{301}e\x{301}e\x{301}e\x{301}e\x{301}e\x{301}e\x{301}e\x{301}e\x{301}e\x{301}e\x{301}e\x{301}e\x{301}e\x{301}e\x{301}e\x{301}e\x{301}e\x{301}e\x{301} e\x{301}e\x{301}e\x{301}e\x{301}e\x{301}e\x{301}e\x{301}e\x{301}e\x{301}e\x{301}e\x{301}e\x{301}e\x{301}e\x{301}e\x{301}e\x{301}e\x{301}e\x{301}e\x{301}e\x{301}e\x{301}e\x{301}e\x{301}e\x{301}e\x{301}e\x{301}e\x{301}e\x{301}e\x{301}e\x{301} e\x{301}e\x{301}e\x{301}e\x{301}e\x{301}e\x{301}e\x{301}e\x{301}e\x{301}e\x{301}e\x{301}e\x{301}e\x{301}e\x{301}e\x{301}e\x{301}e\x{301}e\x{301}e\x{301}e\x{301}e\x{301}e\x{301}"
          text run at (1055,6825) width 1: " "
          text run at (0,6840) width 1056: "e\x{301}e\x{301}e\x{301}e\x{301}e\x{301}e\x{301}e\x{301}e\x{301}e\x{301}e\x{301}e\x{301}e\x{301}e\x{301}e\x{301}e\x{301}e\x{301}e\x{301}e\x{301}e\x{301}e\x{301}e\x{301}e\x{301}e\x{301}e\x{301}e\x{301}e\x{301}e\x{301}e\x{301}e\x{301}e\x{301}e\x{301}e\x{301} e\x{301} e\x{301}e\x{301}e\x{301}e\x{301}e\x{301}e\x{301}e\x{301}e\x{301}e\x{301}e\x{301}e\x{301}e\x{301}e\x{301}e\x{301}e\x{301}e\x{301}e\x{301}e\x{301}e\x{301}e\x{301}e\x{301}e\x{301}e\x{301}e\x{301}e\x{301}e\x{301}e\x{301}e\x{301}e\x{301}e\x{301}e\x{301}e\x{301}e\x{301}e\x{301}e\x{301}e\x{301}e\x{301}e\x{301}e\x{301}e\x{301}e\x{301}e\x{301}e\x{301} e\x{301}e\x{301}e\x{301}e\x{301}e\x{301}e\x{301}e\x{301}e\x{301}e\x{301}e\x{301}e\x{301}e\x{301}e\x{301}e\x{301}e\x{301}e\x{301}e\x{301}e\x{301}e\x{301}e\x{301}e\x{301}e\x{301}e\x{301}e\x{301}e\x{301}e\x{301}e\x{301}e\x{301}e\x{301}e\x{301} e\x{301}e\x{301}e\x{301}e\x{301}e\x{301}e\x{301}e\x{301}e\x{301}e\x{301}e\x{301}e\x{301}e\x{301}e\x{301}e\x{301}e\x{301}e\x{301}e\x{301}e\x{301}e\x{301}e\x{301}e\x{301}e\x{301}"
          text run at (1055,6840) width 1: " "
          text run at (0,6855) width 1056: "e\x{301}e\x{301}e\x{301}e\x{301}e\x{301}e\x{301}e\x{301}e\x{301}e\x{301}e\x{301}e\x{301}e\x{301}e\x{301}e\x{301}e\x{301}e\x{301}e\x{301}e\x{301}e\x{301}e\x{301}e\x{301}e\x{301}e\x{301}e\x{301}e\x{301}e\x{301}e\x{301}e\x{301}e\x{301}e\x{301}e\x{301}e\x{301} e\x{301} e\x{301}e\x{301}e\x{301}e\x{301}e\x{301}e\x{301}e\x{301}e\x{301}e\x{301}e\x{301}e\x{301}e\x{301}e\x{301}e\x{301}e\x{301}e\x{301}e\x{301}e\x{301}e\x{301}e\x{301}e\x{301}e\x{301}e\x{301}e\x{301}e\x{301}e\x{301}e\x{301}e\x{301}e\x{301}e\x{301}e\x{301}e\x{301}e\x{301}e\x{301}e\x{301}e\x{301}e\x{301}e\x{301}e\x{301}e\x{301}e\x{301}e\x{301}e\x{301} e\x{301}e\x{301}e\x{301}e\x{301}e\x{301}e\x{301}e\x{301}e\x{301}e\x{301}e\x{301}e\x{301}e\x{301}e\x{301}e\x{301}e\x{301}e\x{301}e\x{301}e\x{301}e\x{301}e\x{301}e\x{301}e\x{301}e\x{301}e\x{301}e\x{301}e\x{301}e\x{301}e\x{301}e\x{301}e\x{301} e\x{301}e\x{301}e\x{301}e\x{301}e\x{301}e\x{301}e\x{301}e\x{301}e\x{301}e\x{301}e\x{301}e\x{301}e\x{301}e\x{301}e\x{301}e\x{301}e\x{301}e\x{301}e\x{301}e\x{301}e\x{301}e\x{301}"
          text run at (1055,6855) width 1: " "
          text run at (0,6870) width 1056: "e\x{301}e\x{301}e\x{301}e\x{301}e\x{301}e\x{301}e\x{301}e\x{301}e\x{301}e\x{301}e\x{301}e\x{301}e\x{301}e\x{301}e\x{301}e\x{301}e\x{301}e\x{301}e\x{301}e\x{301}e\x{301}e\x{301}e\x{301}e\x{301}e\x{301}e\x{301}e\x{301}e\x{301}e\x{301}e\x{301}e\x{301}e\x{301} e\x{301} e\x{301}e\x{301}e\x{301}e\x{301}e\x{301}e\x{301}e\x{301}e\x{301}e\x{301}e\x{301}e\x{301}e\x{301}e\x{301}e\x{301}e\x{301}e\x{301}e\x{301}e\x{301}e\x{301}e\x{301}e\x{301}e\x{301}e\x{301}e\x{301}e\x{301}e\x{301}e\x{301}e\x{301}e\x{301}e\x{301}e\x{301}e\x{301}e\x{301}e\x{301}e\x{301}e\x{301}e\x{301}e\x{301}e\x{301}e\x{301}e\x{301}e\x{301}e\x{301} e\x{301}e\x{301}e\x{301}e\x{301}e\x{301}e\x{301}e\x{301}e\x{301}e\x{301}e\x{301}e\x{301}e\x{301}e\x{301}e\x{301}e\x{301}e\x{301}e\x{301}e\x{301}e\x{301}e\x{301}e\x{301}e\x{301}e\x{301}e\x{301}e\x{301}e\x{301}e\x{301}e\x{301}e\x{301}e\x{301} e\x{301}e\x{301}e\x{301}e\x{301}e\x{301}e\x{301}e\x{301}e\x{301}e\x{301}e\x{301}e\x{301}e\x{301}e\x{301}e\x{301}e\x{301}e\x{301}e\x{301}e\x{301}e\x{301}e\x{301}e\x{301}e\x{301}"
          text run at (1055,6870) width 1: " "
          text run at (0,6885) width 1056: "e\x{301}e\x{301}e\x{301}e\x{301}e\x{301}e\x{301}e\x{301}e\x{301}e\x{301}e\x{301}e\x{301}e\x{301}e\x{301}e\x{301}e\x{301}e\x{301}e\x{301}e\x{301}e\x{301}e\x{301}e\x{301}e\x{301}e\x{301}e\x{301}e\x{301}e\x{301}e\x{301}e\x{301}e\x{301}e\x{301}e\x{301}e\x{301} e\x{301} e\x{301}e\x{301}e\x{301}e\x{301}e\x{301}e\x{301}e\x{301}e\x{301}e\x{301}e\x{301}e\x{301}e\x{301}e\x{301}e\x{301}e\x{301}e\x{301}e\x{301}e\x{301}e\x{301}e\x{301}e\x{301}e\x{301}e\x{301}e\x{301}e\x{301}e\x{301}e\x{301}e\x{301}e\x{301}e\x{301}e\x{301}e\x{301}e\x{301}e\x{301}e\x{301}e\x{301}e\x{301}e\x{301}e\x{301}e\x{301}e\x{301}e\x{301}e\x{301} e\x{301}e\x{301}e\x{301}e\x{301}e\x{301}e\x{301}e\x{301}e\x{301}e\x{301}e\x{301}e\x{301}e\x{301}e\x{301}e\x{301}e\x{301}e\x{301}e\x{301}e\x{301}e\x{301}e\x{301}e\x{301}e\x{301}e\x{301}e\x{301}e\x{301}e\x{301}e\x{301}e\x{301}e\x{301}e\x{301} e\x{301}e\x{301}e\x{301}e\x{301}e\x{301}e\x{301}e\x{301}e\x{301}e\x{301}e\x{301}e\x{301}e\x{301}e\x{301}e\x{301}e\x{301}e\x{301}e\x{301}e\x{301}e\x{301}e\x{301}e\x{301}e\x{301}"
          text run at (1055,6885) width 1: " "
          text run at (0,6900) width 1056: "e\x{301}e\x{301}e\x{301}e\x{301}e\x{301}e\x{301}e\x{301}e\x{301}e\x{301}e\x{301}e\x{301}e\x{301}e\x{301}e\x{301}e\x{301}e\x{301}e\x{301}e\x{301}e\x{301}e\x{301}e\x{301}e\x{301}e\x{301}e\x{301}e\x{301}e\x{301}e\x{301}e\x{301}e\x{301}e\x{301}e\x{301}e\x{301} e\x{301} e\x{301}e\x{301}e\x{301}e\x{301}e\x{301}e\x{301}e\x{301}e\x{301}e\x{301}e\x{301}e\x{301}e\x{301}e\x{301}e\x{301}e\x{301}e\x{301}e\x{301}e\x{301}e\x{301}e\x{301}e\x{301}e\x{301}e\x{301}e\x{301}e\x{301}e\x{301}e\x{301}e\x{301}e\x{301}e\x{301}e\x{301}e\x{301}e\x{301}e\x{301}e\x{301}e\x{301}e\x{301}e\x{301}e\x{301}e\x{301}e\x{301}e\x{301}e\x{301} e\x{301}e\x{301}e\x{301}e\x{301}e\x{301}e\x{301}e\x{301}e\x{301}e\x{301}e\x{301}e\x{301}e\x{301}e\x{301}e\x{301}e\x{301}e\x{301}e\x{301}e\x{301}e\x{301}e\x{301}e\x{301}e\x{301}e\x{301}e\x{301}e\x{301}e\x{301}e\x{301}e\x{301}e\x{301}e\x{301} e\x{301}e\x{301}e\x{301}e\x{301}e\x{301}e\x{301}e\x{301}e\x{301}e\x{301}e\x{301}e\x{301}e\x{301}e\x{301}e\x{301}e\x{301}e\x{301}e\x{301}e\x{301}e\x{301}e\x{301}e\x{301}e\x{301}"
          text run at (1055,6900) width 1: " "
          text run at (0,6915) width 1056: "e\x{301}e\x{301}e\x{301}e\x{301}e\x{301}e\x{301}e\x{301}e\x{301}e\x{301}e\x{301}e\x{301}e\x{301}e\x{301}e\x{301}e\x{301}e\x{301}e\x{301}e\x{301}e\x{301}e\x{301}e\x{301}e\x{301}e\x{301}e\x{301}e\x{301}e\x{301}e\x{301}e\x{301}e\x{301}e\x{301}e\x{301}e\x{301} e\x{301} e\x{301}e\x{301}e\x{301}e\x{301}e\x{301}e\x{301}e\x{301}e\x{301}e\x{301}e\x{301}e\x{301}e\x{301}e\x{301}e\x{301}e\x{301}e\x{301}e\x{301}e\x{301}e\x{301}e\x{301}e\x{301}e\x{301}e\x{301}e\x{301}e\x{301}e\x{301}e\x{301}e\x{301}e\x{301}e\x{301}e\x{301}e\x{301}e\x{301}e\x{301}e\x{301}e\x{301}e\x{301}e\x{301}e\x{301}e\x{301}e\x{301}e\x{301}e\x{301} e\x{301}e\x{301}e\x{301}e\x{301}e\x{301}e\x{301}e\x{301}e\x{301}e\x{301}e\x{301}e\x{301}e\x{301}e\x{301}e\x{301}e\x{301}e\x{301}e\x{301}e\x{301}e\x{301}e\x{301}e\x{301}e\x{301}e\x{301}e\x{301}e\x{301}e\x{301}e\x{301}e\x{301}e\x{301}e\x{301} e\x{301}e\x{301}e\x{301}e\x{301}e\x{301}e\x{301}e\x{301}e\x{301}e\x{301}e\x{301}e\x{301}e\x{301}e\x{301}e\x{301}e\x{301}e\x{301}e\x{301}e\x{301}e\x{301}e\x{301}e\x{301}e\x{301}"
          text run at (1055,6915) width 1: " "
          text run at (0,6930) width 1056: "e\x{301}e\x{301}e\x{301}e\x{301}e\x{301}e\x{301}e\x{301}e\x{301}e\x{301}e\x{301}e\x{301}e\x{301}e\x{301}e\x{301}e\x{301}e\x{301}e\x{301}e\x{301}e\x{301}e\x{301}e\x{301}e\x{301}e\x{301}e\x{301}e\x{301}e\x{301}e\x{301}e\x{301}e\x{301}e\x{301}e\x{301}e\x{301} e\x{301} e\x{301}e\x{301}e\x{301}e\x{301}e\x{301}e\x{301}e\x{301}e\x{301}e\x{301}e\x{301}e\x{301}e\x{301}e\x{301}e\x{301}e\x{301}e\x{301}e\x{301}e\x{301}e\x{301}e\x{301}e\x{301}e\x{301}e\x{301}e\x{301}e\x{301}e\x{301}e\x{301}e\x{301}e\x{301}e\x{301}e\x{301}e\x{301}e\x{301}e\x{301}e\x{301}e\x{301}e\x{301}e\x{301}e\x{301}e\x{301}e\x{301}e\x{301}e\x{301} e\x{301}e\x{301}e\x{301}e\x{301}e\x{301}e\x{301}e\x{301}e\x{301}e\x{301}e\x{301}e\x{301}e\x{301}e\x{301}e\x{301}e\x{301}e\x{301}e\x{301}e\x{301}e\x{301}e\x{301}e\x{301}e\x{301}e\x{301}e\x{301}e\x{301}e\x{301}e\x{301}e\x{301}e\x{301}e\x{301} e\x{301}e\x{301}e\x{301}e\x{301}e\x{301}e\x{301}e\x{301}e\x{301}e\x{301}e\x{301}e\x{301}e\x{301}e\x{301}e\x{301}e\x{301}e\x{301}e\x{301}e\x{301}e\x{301}e\x{301}e\x{301}e\x{301}"
          text run at (1055,6930) width 1: " "
          text run at (0,6945) width 1056: "e\x{301}e\x{301}e\x{301}e\x{301}e\x{301}e\x{301}e\x{301}e\x{301}e\x{301}e\x{301}e\x{301}e\x{301}e\x{301}e\x{301}e\x{301}e\x{301}e\x{301}e\x{301}e\x{301}e\x{301}e\x{301}e\x{301}e\x{301}e\x{301}e\x{301}e\x{301}e\x{301}e\x{301}e\x{301}e\x{301}e\x{301}e\x{301} e\x{301} e\x{301}e\x{301}e\x{301}e\x{301}e\x{301}e\x{301}e\x{301}e\x{301}e\x{301}e\x{301}e\x{301}e\x{301}e\x{301}e\x{301}e\x{301}e\x{301}e\x{301}e\x{301}e\x{301}e\x{301}e\x{301}e\x{301}e\x{301}e\x{301}e\x{301}e\x{301}e\x{301}e\x{301}e\x{301}e\x{301}e\x{301}e\x{301}e\x{301}e\x{301}e\x{301}e\x{301}e\x{301}e\x{301}e\x{301}e\x{301}e\x{301}e\x{301}e\x{301} e\x{301}e\x{301}e\x{301}e\x{301}e\x{301}e\x{301}e\x{301}e\x{301}e\x{301}e\x{301}e\x{301}e\x{301}e\x{301}e\x{301}e\x{301}e\x{301}e\x{301}e\x{301}e\x{301}e\x{301}e\x{301}e\x{301}e\x{301}e\x{301}e\x{301}e\x{301}e\x{301}e\x{301}e\x{301}e\x{301} e\x{301}e\x{301}e\x{301}e\x{301}e\x{301}e\x{301}e\x{301}e\x{301}e\x{301}e\x{301}e\x{301}e\x{301}e\x{301}e\x{301}e\x{301}e\x{301}e\x{301}e\x{301}e\x{301}e\x{301}e\x{301}e\x{301}"
          text run at (1055,6945) width 1: " "
          text run at (0,6960) width 1056: "e\x{301}e\x{301}e\x{301}e\x{301}e\x{301}e\x{301}e\x{301}e\x{301}e\x{301}e\x{301}e\x{301}e\x{301}e\x{301}e\x{301}e\x{301}e\x{301}e\x{301}e\x{301}e\x{301}e\x{301}e\x{301}e\x{301}e\x{301}e\x{301}e\x{301}e\x{301}e\x{301}e\x{301}e\x{301}e\x{301}e\x{301}e\x{301} e\x{301} e\x{301}e\x{301}e\x{301}e\x{301}e\x{301}e\x{301}e\x{301}e\x{301}e\x{301}e\x{301}e\x{301}e\x{301}e\x{301}e\x{301}e\x{301}e\x{301}e\x{301}e\x{301}e\x{301}e\x{301}e\x{301}e\x{301}e\x{301}e\x{301}e\x{301}e\x{301}e\x{301}e\x{301}e\x{301}e\x{301}e\x{301}e\x{301}e\x{301}e\x{301}e\x{301}e\x{301}e\x{301}e\x{301}e\x{301}e\x{301}e\x{301}e\x{301}e\x{301} e\x{301}e\x{301}e\x{301}e\x{301}e\x{301}e\x{301}e\x{301}e\x{301}e\x{301}e\x{301}e\x{301}e\x{301}e\x{301}e\x{301}e\x{301}e\x{301}e\x{301}e\x{301}e\x{301}e\x{301}e\x{301}e\x{301}e\x{301}e\x{301}e\x{301}e\x{301}e\x{301}e\x{301}e\x{301}e\x{301} e\x{301}e\x{301}e\x{301}e\x{301}e\x{301}e\x{301}e\x{301}e\x{301}e\x{301}e\x{301}e\x{301}e\x{301}e\x{301}e\x{301}e\x{301}e\x{301}e\x{301}e\x{301}e\x{301}e\x{301}e\x{301}e\x{301}"
          text run at (1055,6960) width 1: " "
          text run at (0,6975) width 1056: "e\x{301}e\x{301}e\x{301}e\x{301}e\x{301}e\x{301}e\x{301}e\x{301}e\x{301}e\x{301}e\x{301}e\x{301}e\x{301}e\x{301}e\x{301}e\x{301}e\x{301}e\x{301}e\x{301}e\x{301}e\x{301}e\x{301}e\x{301}e\x{301}e\x{301}e\x{301}e\x{301}e\x{301}e\x{301}e\x{301}e\x{301}e\x{301} e\x{301} e\x{301}e\x{301}e\x{301}e\x{301}e\x{301}e\x{301}e\x{301}e\x{301}e\x{301}e\x{301}e\x{301}e\x{301}e\x{301}e\x{301}e\x{301}e\x{301}e\x{301}e\x{301}e\x{301}e\x{301}e\x{301}e\x{301}e\x{301}e\x{301}e\x{301}e\x{301}e\x{301}e\x{301}e\x{301}e\x{301}e\x{301}e\x{301}e\x{301}e\x{301}e\x{301}e\x{301}e\x{301}e\x{301}e\x{301}e\x{301}e\x{301}e\x{301}e\x{301} e\x{301}e\x{301}e\x{301}e\x{301}e\x{301}e\x{301}e\x{301}e\x{301}e\x{301}e\x{301}e\x{301}e\x{301}e\x{301}e\x{301}e\x{301}e\x{301}e\x{301}e\x{301}e\x{301}e\x{301}e\x{301}e\x{301}e\x{301}e\x{301}e\x{301}e\x{301}e\x{301}e\x{301}e\x{301}e\x{301} e\x{301}e\x{301}e\x{301}e\x{301}e\x{301}e\x{301}e\x{301}e\x{301}e\x{301}e\x{301}e\x{301}e\x{301}e\x{301}e\x{301}e\x{301}e\x{301}e\x{301}e\x{301}e\x{301}e\x{301}e\x{301}e\x{301}"
          text run at (1055,6975) width 1: " "
          text run at (0,6990) width 1056: "e\x{301}e\x{301}e\x{301}e\x{301}e\x{301}e\x{301}e\x{301}e\x{301}e\x{301}e\x{301}e\x{301}e\x{301}e\x{301}e\x{301}e\x{301}e\x{301}e\x{301}e\x{301}e\x{301}e\x{301}e\x{301}e\x{301}e\x{301}e\x{301}e\x{301}e\x{301}e\x{301}e\x{301}e\x{301}e\x{301}e\x{301}e\x{301} e\x{301} e\x{301}e\x{301}e\x{301}e\x{301}e\x{301}e\x{301}e\x{301}e\x{301}e\x{301}e\x{301}e\x{301}e\x{301}e\x{301}e\x{301}e\x{301}e\x{301}e\x{301}e\x{301}e\x{301}e\x{301}e\x{301}e\x{301}e\x{301}e\x{301}e\x{301}e\x{301}e\x{301}e\x{301}e\x{301}e\x{301}e\x{301}e\x{301}e\x{301}e\x{301}e\x{301}e\x{301}e\x{301}e\x{301}e\x{301}e\x{301}e\x{301}e\x{301}e\x{301} e\x{301}e\x{301}e\x{301}e\x{301}e\x{301}e\x{301}e\x{301}e\x{301}e\x{301}e\x{301}e\x{301}e\x{301}e\x{301}e\x{301}e\x{301}e\x{301}e\x{301}e\x{301}e\x{301}e\x{301}e\x{301}e\x{301}e\x{301}e\x{301}e\x{301}e\x{301}e\x{301}e\x{301}e\x{301}e\x{301} e\x{301}e\x{301}e\x{301}e\x{301}e\x{301}e\x{301}e\x{301}e\x{301}e\x{301}e\x{301}e\x{301}e\x{301}e\x{301}e\x{301}e\x{301}e\x{301}e\x{301}e\x{301}e\x{301}e\x{301}e\x{301}e\x{301}"
          text run at (1055,6990) width 1: " "
          text run at (0,7005) width 1056: "e\x{301}e\x{301}e\x{301}e\x{301}e\x{301}e\x{301}e\x{301}e\x{301}e\x{301}e\x{301}e\x{301}e\x{301}e\x{301}e\x{301}e\x{301}e\x{301}e\x{301}e\x{301}e\x{301}e\x{301}e\x{301}e\x{301}e\x{301}e\x{301}e\x{301}e\x{301}e\x{301}e\x{301}e\x{301}e\x{301}e\x{301}e\x{301} e\x{301} e\x{301}e\x{301}e\x{301}e\x{301}e\x{301}e\x{301}e\x{301}e\x{301}e\x{301}e\x{301}e\x{301}e\x{301}e\x{301}e\x{301}e\x{301}e\x{301}e\x{301}e\x{301}e\x{301}e\x{301}e\x{301}e\x{301}e\x{301}e\x{301}e\x{301}e\x{301}e\x{301}e\x{301}e\x{301}e\x{301}e\x{301}e\x{301}e\x{301}e\x{301}e\x{301}e\x{301}e\x{301}e\x{301}e\x{301}e\x{301}e\x{301}e\x{301}e\x{301} e\x{301}e\x{301}e\x{301}e\x{301}e\x{301}e\x{301}e\x{301}e\x{301}e\x{301}e\x{301}e\x{301}e\x{301}e\x{301}e\x{301}e\x{301}e\x{301}e\x{301}e\x{301}e\x{301}e\x{301}e\x{301}e\x{301}e\x{301}e\x{301}e\x{301}e\x{301}e\x{301}e\x{301}e\x{301}e\x{301} e\x{301}e\x{301}e\x{301}e\x{301}e\x{301}e\x{301}e\x{301}e\x{301}e\x{301}e\x{301}e\x{301}e\x{301}e\x{301}e\x{301}e\x{301}e\x{301}e\x{301}e\x{301}e\x{301}e\x{301}e\x{301}e\x{301}"
          text run at (1055,7005) width 1: " "
          text run at (0,7020) width 1056: "e\x{301}e\x{301}e\x{301}e\x{301}e\x{301}e\x{301}e\x{301}e\x{301}e\x{301}e\x{301}e\x{301}e\x{301}e\x{301}e\x{301}e\x{301}e\x{301}e\x{301}e\x{301}e\x{301}e\x{301}e\x{301}e\x{301}e\x{301}e\x{301}e\x{301}e\x{301}e\x{301}e\x{301}e\x{301}e\x{301}e\x{301}e\x{301} e\x{301} e\x{301}e\x{301}e\x{301}e\x{301}e\x{301}e\x{301}e\x{301}e\x{301}e\x{301}e\x{301}e\x{301}e\x{301}e\x{301}e\x{301}e\x{301}e\x{301}e\x{301}e\x{301}e\x{301}e\x{301}e\x{301}e\x{301}e\x{301}e\x{301}e\x{301}e\x{301}e\x{301}e\x{301}e\x{301}e\x{301}e\x{301}e\x{301}e\x{301}e\x{301}e\x{301}e\x{301}e\x{301}e\x{301}e\x{301}e\x{301}e\x{301}e\x{301}e\x{301} e\x{301}e\x{301}e\x{301}e\x{301}e\x{301}e\x{301}e\x{301}e\x{301}e\x{301}e\x{301}e\x{301}e\x{301}e\x{301}e\x{301}e\x{301}e\x{301}e\x{301}e\x{301}e\x{301}e\x{301}e\x{301}e\x{301}e\x{301}e\x{301}e\x{301}e\x{301}e\x{301}e\x{301}e\x{301}e\x{301} e\x{301}e\x{301}e\x{301}e\x{301}e\x{301}e\x{301}e\x{301}e\x{301}e\x{301}e\x{301}e\x{301}e\x{301}e\x{301}e\x{301}e\x{301}e\x{301}e\x{301}e\x{301}e\x{301}e\x{301}e\x{301}e\x{301}"
          text run at (1055,7020) width 1: " "
          text run at (0,7035) width 1056: "e\x{301}e\x{301}e\x{301}e\x{301}e\x{301}e\x{301}e\x{301}e\x{301}e\x{301}e\x{301}e\x{301}e\x{301}e\x{301}e\x{301}e\x{301}e\x{301}e\x{301}e\x{301}e\x{301}e\x{301}e\x{301}e\x{301}e\x{301}e\x{301}e\x{301}e\x{301}e\x{301}e\x{301}e\x{301}e\x{301}e\x{301}e\x{301} e\x{301} e\x{301}e\x{301}e\x{301}e\x{301}e\x{301}e\x{301}e\x{301}e\x{301}e\x{301}e\x{301}e\x{301}e\x{301}e\x{301}e\x{301}e\x{301}e\x{301}e\x{301}e\x{301}e\x{301}e\x{301}e\x{301}e\x{301}e\x{301}e\x{301}e\x{301}e\x{301}e\x{301}e\x{301}e\x{301}e\x{301}e\x{301}e\x{301}e\x{301}e\x{301}e\x{301}e\x{301}e\x{301}e\x{301}e\x{301}e\x{301}e\x{301}e\x{301}e\x{301} e\x{301}e\x{301}e\x{301}e\x{301}e\x{301}e\x{301}e\x{301}e\x{301}e\x{301}e\x{301}e\x{301}e\x{301}e\x{301}e\x{301}e\x{301}e\x{301}e\x{301}e\x{301}e\x{301}e\x{301}e\x{301}e\x{301}e\x{301}e\x{301}e\x{301}e\x{301}e\x{301}e\x{301}e\x{301}e\x{301} e\x{301}e\x{301}e\x{301}e\x{301}e\x{301}e\x{301}e\x{301}e\x{301}e\x{301}e\x{301}e\x{301}e\x{301}e\x{301}e\x{301}e\x{301}e\x{301}e\x{301}e\x{301}e\x{301}e\x{301}e\x{301}e\x{301}"
          text run at (1055,7035) width 1: " "
          text run at (0,7050) width 1056: "e\x{301}e\x{301}e\x{301}e\x{301}e\x{301}e\x{301}e\x{301}e\x{301}e\x{301}e\x{301}e\x{301}e\x{301}e\x{301}e\x{301}e\x{301}e\x{301}e\x{301}e\x{301}e\x{301}e\x{301}e\x{301}e\x{301}e\x{301}e\x{301}e\x{301}e\x{301}e\x{301}e\x{301}e\x{301}e\x{301}e\x{301}e\x{301} e\x{301} e\x{301}e\x{301}e\x{301}e\x{301}e\x{301}e\x{301}e\x{301}e\x{301}e\x{301}e\x{301}e\x{301}e\x{301}e\x{301}e\x{301}e\x{301}e\x{301}e\x{301}e\x{301}e\x{301}e\x{301}e\x{301}e\x{301}e\x{301}e\x{301}e\x{301}e\x{301}e\x{301}e\x{301}e\x{301}e\x{301}e\x{301}e\x{301}e\x{301}e\x{301}e\x{301}e\x{301}e\x{301}e\x{301}e\x{301}e\x{301}e\x{301}e\x{301}e\x{301} e\x{301}e\x{301}e\x{301}e\x{301}e\x{301}e\x{301}e\x{301}e\x{301}e\x{301}e\x{301}e\x{301}e\x{301}e\x{301}e\x{301}e\x{301}e\x{301}e\x{301}e\x{301}e\x{301}e\x{301}e\x{301}e\x{301}e\x{301}e\x{301}e\x{301}e\x{301}e\x{301}e\x{301}e\x{301}e\x{301} e\x{301}e\x{301}e\x{301}e\x{301}e\x{301}e\x{301}e\x{301}e\x{301}e\x{301}e\x{301}e\x{301}e\x{301}e\x{301}e\x{301}e\x{301}e\x{301}e\x{301}e\x{301}e\x{301}e\x{301}e\x{301}e\x{301}"
          text run at (1055,7050) width 1: " "
          text run at (0,7065) width 1056: "e\x{301}e\x{301}e\x{301}e\x{301}e\x{301}e\x{301}e\x{301}e\x{301}e\x{301}e\x{301}e\x{301}e\x{301}e\x{301}e\x{301}e\x{301}e\x{301}e\x{301}e\x{301}e\x{301}e\x{301}e\x{301}e\x{301}e\x{301}e\x{301}e\x{301}e\x{301}e\x{301}e\x{301}e\x{301}e\x{301}e\x{301}e\x{301} e\x{301} e\x{301}e\x{301}e\x{301}e\x{301}e\x{301}e\x{301}e\x{301}e\x{301}e\x{301}e\x{301}e\x{301}e\x{301}e\x{301}e\x{301}e\x{301}e\x{301}e\x{301}e\x{301}e\x{301}e\x{301}e\x{301}e\x{301}e\x{301}e\x{301}e\x{301}e\x{301}e\x{301}e\x{301}e\x{301}e\x{301}e\x{301}e\x{301}e\x{301}e\x{301}e\x{301}e\x{301}e\x{301}e\x{301}e\x{301}e\x{301}e\x{301}e\x{301}e\x{301} e\x{301}e\x{301}e\x{301}e\x{301}e\x{301}e\x{301}e\x{301}e\x{301}e\x{301}e\x{301}e\x{301}e\x{301}e\x{301}e\x{301}e\x{301}e\x{301}e\x{301}e\x{301}e\x{301}e\x{301}e\x{301}e\x{301}e\x{301}e\x{301}e\x{301}e\x{301}e\x{301}e\x{301}e\x{301}e\x{301} e\x{301}e\x{301}e\x{301}e\x{301}e\x{301}e\x{301}e\x{301}e\x{301}e\x{301}e\x{301}e\x{301}e\x{301}e\x{301}e\x{301}e\x{301}e\x{301}e\x{301}e\x{301}e\x{301}e\x{301}e\x{301}e\x{301}"
          text run at (1055,7065) width 1: " "
          text run at (0,7080) width 1056: "e\x{301}e\x{301}e\x{301}e\x{301}e\x{301}e\x{301}e\x{301}e\x{301}e\x{301}e\x{301}e\x{301}e\x{301}e\x{301}e\x{301}e\x{301}e\x{301}e\x{301}e\x{301}e\x{301}e\x{301}e\x{301}e\x{301}e\x{301}e\x{301}e\x{301}e\x{301}e\x{301}e\x{301}e\x{301}e\x{301}e\x{301}e\x{301} e\x{301} e\x{301}e\x{301}e\x{301}e\x{301}e\x{301}e\x{301}e\x{301}e\x{301}e\x{301}e\x{301}e\x{301}e\x{301}e\x{301}e\x{301}e\x{301}e\x{301}e\x{301}e\x{301}e\x{301}e\x{301}e\x{301}e\x{301}e\x{301}e\x{301}e\x{301}e\x{301}e\x{301}e\x{301}e\x{301}e\x{301}e\x{301}e\x{301}e\x{301}e\x{301}e\x{301}e\x{301}e\x{301}e\x{301}e\x{301}e\x{301}e\x{301}e\x{301}e\x{301} e\x{301}e\x{301}e\x{301}e\x{301}e\x{301}e\x{301}e\x{301}e\x{301}e\x{301}e\x{301}e\x{301}e\x{301}e\x{301}e\x{301}e\x{301}e\x{301}e\x{301}e\x{301}e\x{301}e\x{301}e\x{301}e\x{301}e\x{301}e\x{301}e\x{301}e\x{301}e\x{301}e\x{301}e\x{301}e\x{301} e\x{301}e\x{301}e\x{301}e\x{301}e\x{301}e\x{301}e\x{301}e\x{301}e\x{301}e\x{301}e\x{301}e\x{301}e\x{301}e\x{301}e\x{301}e\x{301}e\x{301}e\x{301}e\x{301}e\x{301}e\x{301}e\x{301}"
          text run at (1055,7080) width 1: " "
          text run at (0,7095) width 1056: "e\x{301}e\x{301}e\x{301}e\x{301}e\x{301}e\x{301}e\x{301}e\x{301}e\x{301}e\x{301}e\x{301}e\x{301}e\x{301}e\x{301}e\x{301}e\x{301}e\x{301}e\x{301}e\x{301}e\x{301}e\x{301}e\x{301}e\x{301}e\x{301}e\x{301}e\x{301}e\x{301}e\x{301}e\x{301}e\x{301}e\x{301}e\x{301} e\x{301} e\x{301}e\x{301}e\x{301}e\x{301}e\x{301}e\x{301}e\x{301}e\x{301}e\x{301}e\x{301}e\x{301}e\x{301}e\x{301}e\x{301}e\x{301}e\x{301}e\x{301}e\x{301}e\x{301}e\x{301}e\x{301}e\x{301}e\x{301}e\x{301}e\x{301}e\x{301}e\x{301}e\x{301}e\x{301}e\x{301}e\x{301}e\x{301}e\x{301}e\x{301}e\x{301}e\x{301}e\x{301}e\x{301}e\x{301}e\x{301}e\x{301}e\x{301}e\x{301} e\x{301}e\x{301}e\x{301}e\x{301}e\x{301}e\x{301}e\x{301}e\x{301}e\x{301}e\x{301}e\x{301}e\x{301}e\x{301}e\x{301}e\x{301}e\x{301}e\x{301}e\x{301}e\x{301}e\x{301}e\x{301}e\x{301}e\x{301}e\x{301}e\x{301}e\x{301}e\x{301}e\x{301}e\x{301}e\x{301} e\x{301}e\x{301}e\x{301}e\x{301}e\x{301}e\x{301}e\x{301}e\x{301}e\x{301}e\x{301}e\x{301}e\x{301}e\x{301}e\x{301}e\x{301}e\x{301}e\x{301}e\x{301}e\x{301}e\x{301}e\x{301}e\x{301}"
          text run at (1055,7095) width 1: " "
          text run at (0,7110) width 1056: "e\x{301}e\x{301}e\x{301}e\x{301}e\x{301}e\x{301}e\x{301}e\x{301}e\x{301}e\x{301}e\x{301}e\x{301}e\x{301}e\x{301}e\x{301}e\x{301}e\x{301}e\x{301}e\x{301}e\x{301}e\x{301}e\x{301}e\x{301}e\x{301}e\x{301}e\x{301}e\x{301}e\x{301}e\x{301}e\x{301}e\x{301}e\x{301} e\x{301} e\x{301}e\x{301}e\x{301}e\x{301}e\x{301}e\x{301}e\x{301}e\x{301}e\x{301}e\x{301}e\x{301}e\x{301}e\x{301}e\x{301}e\x{301}e\x{301}e\x{301}e\x{301}e\x{301}e\x{301}e\x{301}e\x{301}e\x{301}e\x{301}e\x{301}e\x{301}e\x{301}e\x{301}e\x{301}e\x{301}e\x{301}e\x{301}e\x{301}e\x{301}e\x{301}e\x{301}e\x{301}e\x{301}e\x{301}e\x{301}e\x{301}e\x{301}e\x{301} e\x{301}e\x{301}e\x{301}e\x{301}e\x{301}e\x{301}e\x{301}e\x{301}e\x{301}e\x{301}e\x{301}e\x{301}e\x{301}e\x{301}e\x{301}e\x{301}e\x{301}e\x{301}e\x{301}e\x{301}e\x{301}e\x{301}e\x{301}e\x{301}e\x{301}e\x{301}e\x{301}e\x{301}e\x{301}e\x{301} e\x{301}e\x{301}e\x{301}e\x{301}e\x{301}e\x{301}e\x{301}e\x{301}e\x{301}e\x{301}e\x{301}e\x{301}e\x{301}e\x{301}e\x{301}e\x{301}e\x{301}e\x{301}e\x{301}e\x{301}e\x{301}e\x{301}"
          text run at (1055,7110) width 1: " "
          text run at (0,7125) width 1056: "e\x{301}e\x{301}e\x{301}e\x{301}e\x{301}e\x{301}e\x{301}e\x{301}e\x{301}e\x{301}e\x{301}e\x{301}e\x{301}e\x{301}e\x{301}e\x{301}e\x{301}e\x{301}e\x{301}e\x{301}e\x{301}e\x{301}e\x{301}e\x{301}e\x{301}e\x{301}e\x{301}e\x{301}e\x{301}e\x{301}e\x{301}e\x{301} e\x{301} e\x{301}e\x{301}e\x{301}e\x{301}e\x{301}e\x{301}e\x{301}e\x{301}e\x{301}e\x{301}e\x{301}e\x{301}e\x{301}e\x{301}e\x{301}e\x{301}e\x{301}e\x{301}e\x{301}e\x{301}e\x{301}e\x{301}e\x{301}e\x{301}e\x{301}e\x{301}e\x{301}e\x{301}e\x{301}e\x{301}e\x{301}e\x{301}e\x{301}e\x{301}e\x{301}e\x{301}e\x{301}e\x{301}e\x{301}e\x{301}e\x{301}e\x{301}e\x{301} e\x{301}e\x{301}e\x{301}e\x{301}e\x{301}e\x{301}e\x{301}e\x{301}e\x{301}e\x{301}e\x{301}e\x{301}e\x{301}e\x{301}e\x{301}e\x{301}e\x{301}e\x{301}e\x{301}e\x{301}e\x{301}e\x{301}e\x{301}e\x{301}e\x{301}e\x{301}e\x{301}e\x{301}e\x{301}e\x{301} e\x{301}e\x{301}e\x{301}e\x{301}e\x{301}e\x{301}e\x{301}e\x{301}e\x{301}e\x{301}e\x{301}e\x{301}e\x{301}e\x{301}e\x{301}e\x{301}e\x{301}e\x{301}e\x{301}e\x{301}e\x{301}e\x{301}"
          text run at (1055,7125) width 1: " "
          text run at (0,7140) width 1056: "e\x{301}e\x{301}e\x{301}e\x{301}e\x{301}e\x{301}e\x{301}e\x{301}e\x{301}e\x{301}e\x{301}e\x{301}e\x{301}e\x{301}e\x{301}e\x{301}e\x{301}e\x{301}e\x{301}e\x{301}e\x{301}e\x{301}e\x{301}e\x{301}e\x{301}e\x{301}e\x{301}e\x{301}e\x{301}e\x{301}e\x{301}e\x{301} e\x{301} e\x{301}e\x{301}e\x{301}e\x{301}e\x{301}e\x{301}e\x{301}e\x{301}e\x{301}e\x{301}e\x{301}e\x{301}e\x{301}e\x{301}e\x{301}e\x{301}e\x{301}e\x{301}e\x{301}e\x{301}e\x{301}e\x{301}e\x{301}e\x{301}e\x{301}e\x{301}e\x{301}e\x{301}e\x{301}e\x{301}e\x{301}e\x{301}e\x{301}e\x{301}e\x{301}e\x{301}e\x{301}e\x{301}e\x{301}e\x{301}e\x{301}e\x{301}e\x{301} e\x{301}e\x{301}e\x{301}e\x{301}e\x{301}e\x{301}e\x{301}e\x{301}e\x{301}e\x{301}e\x{301}e\x{301}e\x{301}e\x{301}e\x{301}e\x{301}e\x{301}e\x{301}e\x{301}e\x{301}e\x{301}e\x{301}e\x{301}e\x{301}e\x{301}e\x{301}e\x{301}e\x{301}e\x{301}e\x{301} e\x{301}e\x{301}e\x{301}e\x{301}e\x{301}e\x{301}e\x{301}e\x{301}e\x{301}e\x{301}e\x{301}e\x{301}e\x{301}e\x{301}e\x{301}e\x{301}e\x{301}e\x{301}e\x{301}e\x{301}e\x{301}e\x{301}"
          text run at (1055,7140) width 1: " "
          text run at (0,7155) width 1056: "e\x{301}e\x{301}e\x{301}e\x{301}e\x{301}e\x{301}e\x{301}e\x{301}e\x{301}e\x{301}e\x{301}e\x{301}e\x{301}e\x{301}e\x{301}e\x{301}e\x{301}e\x{301}e\x{301}e\x{301}e\x{301}e\x{301}e\x{301}e\x{301}e\x{301}e\x{301}e\x{301}e\x{301}e\x{301}e\x{301}e\x{301}e\x{301} e\x{301} e\x{301}e\x{301}e\x{301}e\x{301}e\x{301}e\x{301}e\x{301}e\x{301}e\x{301}e\x{301}e\x{301}e\x{301}e\x{301}e\x{301}e\x{301}e\x{301}e\x{301}e\x{301}e\x{301}e\x{301}e\x{301}e\x{301}e\x{301}e\x{301}e\x{301}e\x{301}e\x{301}e\x{301}e\x{301}e\x{301}e\x{301}e\x{301}e\x{301}e\x{301}e\x{301}e\x{301}e\x{301}e\x{301}e\x{301}e\x{301}e\x{301}e\x{301}e\x{301} e\x{301}e\x{301}e\x{301}e\x{301}e\x{301}e\x{301}e\x{301}e\x{301}e\x{301}e\x{301}e\x{301}e\x{301}e\x{301}e\x{301}e\x{301}e\x{301}e\x{301}e\x{301}e\x{301}e\x{301}e\x{301}e\x{301}e\x{301}e\x{301}e\x{301}e\x{301}e\x{301}e\x{301}e\x{301}e\x{301} e\x{301}e\x{301}e\x{301}e\x{301}e\x{301}e\x{301}e\x{301}e\x{301}e\x{301}e\x{301}e\x{301}e\x{301}e\x{301}e\x{301}e\x{301}e\x{301}e\x{301}e\x{301}e\x{301}e\x{301}e\x{301}e\x{301}"
          text run at (1055,7155) width 1: " "
          text run at (0,7170) width 1056: "e\x{301}e\x{301}e\x{301}e\x{301}e\x{301}e\x{301}e\x{301}e\x{301}e\x{301}e\x{301}e\x{301}e\x{301}e\x{301}e\x{301}e\x{301}e\x{301}e\x{301}e\x{301}e\x{301}e\x{301}e\x{301}e\x{301}e\x{301}e\x{301}e\x{301}e\x{301}e\x{301}e\x{301}e\x{301}e\x{301}e\x{301}e\x{301} e\x{301} e\x{301}e\x{301}e\x{301}e\x{301}e\x{301}e\x{301}e\x{301}e\x{301}e\x{301}e\x{301}e\x{301}e\x{301}e\x{301}e\x{301}e\x{301}e\x{301}e\x{301}e\x{301}e\x{301}e\x{301}e\x{301}e\x{301}e\x{301}e\x{301}e\x{301}e\x{301}e\x{301}e\x{301}e\x{301}e\x{301}e\x{301}e\x{301}e\x{301}e\x{301}e\x{301}e\x{301}e\x{301}e\x{301}e\x{301}e\x{301}e\x{301}e\x{301}e\x{301} e\x{301}e\x{301}e\x{301}e\x{301}e\x{301}e\x{301}e\x{301}e\x{301}e\x{301}e\x{301}e\x{301}e\x{301}e\x{301}e\x{301}e\x{301}e\x{301}e\x{301}e\x{301}e\x{301}e\x{301}e\x{301}e\x{301}e\x{301}e\x{301}e\x{301}e\x{301}e\x{301}e\x{301}e\x{301}e\x{301} e\x{301}e\x{301}e\x{301}e\x{301}e\x{301}e\x{301}e\x{301}e\x{301}e\x{301}e\x{301}e\x{301}e\x{301}e\x{301}e\x{301}e\x{301}e\x{301}e\x{301}e\x{301}e\x{301}e\x{301}e\x{301}e\x{301}"
          text run at (1055,7170) width 1: " "
          text run at (0,7185) width 1056: "e\x{301}e\x{301}e\x{301}e\x{301}e\x{301}e\x{301}e\x{301}e\x{301}e\x{301}e\x{301}e\x{301}e\x{301}e\x{301}e\x{301}e\x{301}e\x{301}e\x{301}e\x{301}e\x{301}e\x{301}e\x{301}e\x{301}e\x{301}e\x{301}e\x{301}e\x{301}e\x{301}e\x{301}e\x{301}e\x{301}e\x{301}e\x{301} e\x{301} e\x{301}e\x{301}e\x{301}e\x{301}e\x{301}e\x{301}e\x{301}e\x{301}e\x{301}e\x{301}e\x{301}e\x{301}e\x{301}e\x{301}e\x{301}e\x{301}e\x{301}e\x{301}e\x{301}e\x{301}e\x{301}e\x{301}e\x{301}e\x{301}e\x{301}e\x{301}e\x{301}e\x{301}e\x{301}e\x{301}e\x{301}e\x{301}e\x{301}e\x{301}e\x{301}e\x{301}e\x{301}e\x{301}e\x{301}e\x{301}e\x{301}e\x{301}e\x{301} e\x{301}e\x{301}e\x{301}e\x{301}e\x{301}e\x{301}e\x{301}e\x{301}e\x{301}e\x{301}e\x{301}e\x{301}e\x{301}e\x{301}e\x{301}e\x{301}e\x{301}e\x{301}e\x{301}e\x{301}e\x{301}e\x{301}e\x{301}e\x{301}e\x{301}e\x{301}e\x{301}e\x{301}e\x{301}e\x{301} e\x{301}e\x{301}e\x{301}e\x{301}e\x{301}e\x{301}e\x{301}e\x{301}e\x{301}e\x{301}e\x{301}e\x{301}e\x{301}e\x{301}e\x{301}e\x{301}e\x{301}e\x{301}e\x{301}e\x{301}e\x{301}e\x{301}"
          text run at (1055,7185) width 1: " "
          text run at (0,7200) width 1056: "e\x{301}e\x{301}e\x{301}e\x{301}e\x{301}e\x{301}e\x{301}e\x{301}e\x{301}e\x{301}e\x{301}e\x{301}e\x{301}e\x{301}e\x{301}e\x{301}e\x{301}e\x{301}e\x{301}e\x{301}e\x{301}e\x{301}e\x{301}e\x{301}e\x{301}e\x{301}e\x{301}e\x{301}e\x{301}e\x{301}e\x{301}e\x{301} e\x{301} e\x{301}e\x{301}e\x{301}e\x{301}e\x{301}e\x{301}e\x{301}e\x{301}e\x{301}e\x{301}e\x{301}e\x{301}e\x{301}e\x{301}e\x{301}e\x{301}e\x{301}e\x{301}e\x{301}e\x{301}e\x{301}e\x{301}e\x{301}e\x{301}e\x{301}e\x{301}e\x{301}e\x{301}e\x{301}e\x{301}e\x{301}e\x{301}e\x{301}e\x{301}e\x{301}e\x{301}e\x{301}e\x{301}e\x{301}e\x{301}e\x{301}e\x{301}e\x{301} e\x{301}e\x{301}e\x{301}e\x{301}e\x{301}e\x{301}e\x{301}e\x{301}e\x{301}e\x{301}e\x{301}e\x{301}e\x{301}e\x{301}e\x{301}e\x{301}e\x{301}e\x{301}e\x{301}e\x{301}e\x{301}e\x{301}e\x{301}e\x{301}e\x{301}e\x{301}e\x{301}e\x{301}e\x{301}e\x{301} e\x{301}e\x{301}e\x{301}e\x{301}e\x{301}e\x{301}e\x{301}e\x{301}e\x{301}e\x{301}e\x{301}e\x{301}e\x{301}e\x{301}e\x{301}e\x{301}e\x{301}e\x{301}e\x{301}e\x{301}e\x{301}e\x{301}"
          text run at (1055,7200) width 1: " "
          text run at (0,7215) width 1056: "e\x{301}e\x{301}e\x{301}e\x{301}e\x{301}e\x{301}e\x{301}e\x{301}e\x{301}e\x{301}e\x{301}e\x{301}e\x{301}e\x{301}e\x{301}e\x{301}e\x{301}e\x{301}e\x{301}e\x{301}e\x{301}e\x{301}e\x{301}e\x{301}e\x{301}e\x{301}e\x{301}e\x{301}e\x{301}e\x{301}e\x{301}e\x{301} e\x{301} e\x{301}e\x{301}e\x{301}e\x{301}e\x{301}e\x{301}e\x{301}e\x{301}e\x{301}e\x{301}e\x{301}e\x{301}e\x{301}e\x{301}e\x{301}e\x{301}e\x{301}e\x{301}e\x{301}e\x{301}e\x{301}e\x{301}e\x{301}e\x{301}e\x{301}e\x{301}e\x{301}e\x{301}e\x{301}e\x{301}e\x{301}e\x{301}e\x{301}e\x{301}e\x{301}e\x{301}e\x{301}e\x{301}e\x{301}e\x{301}e\x{301}e\x{301}e\x{301} e\x{301}e\x{301}e\x{301}e\x{301}e\x{301}e\x{301}e\x{301}e\x{301}e\x{301}e\x{301}e\x{301}e\x{301}e\x{301}e\x{301}e\x{301}e\x{301}e\x{301}e\x{301}e\x{301}e\x{301}e\x{301}e\x{301}e\x{301}e\x{301}e\x{301}e\x{301}e\x{301}e\x{301}e\x{301}e\x{301} e\x{301}e\x{301}e\x{301}e\x{301}e\x{301}e\x{301}e\x{301}e\x{301}e\x{301}e\x{301}e\x{301}e\x{301}e\x{301}e\x{301}e\x{301}e\x{301}e\x{301}e\x{301}e\x{301}e\x{301}e\x{301}e\x{301}"
          text run at (1055,7215) width 1: " "
          text run at (0,7230) width 1056: "e\x{301}e\x{301}e\x{301}e\x{301}e\x{301}e\x{301}e\x{301}e\x{301}e\x{301}e\x{301}e\x{301}e\x{301}e\x{301}e\x{301}e\x{301}e\x{301}e\x{301}e\x{301}e\x{301}e\x{301}e\x{301}e\x{301}e\x{301}e\x{301}e\x{301}e\x{301}e\x{301}e\x{301}e\x{301}e\x{301}e\x{301}e\x{301} e\x{301} e\x{301}e\x{301}e\x{301}e\x{301}e\x{301}e\x{301}e\x{301}e\x{301}e\x{301}e\x{301}e\x{301}e\x{301}e\x{301}e\x{301}e\x{301}e\x{301}e\x{301}e\x{301}e\x{301}e\x{301}e\x{301}e\x{301}e\x{301}e\x{301}e\x{301}e\x{301}e\x{301}e\x{301}e\x{301}e\x{301}e\x{301}e\x{301}e\x{301}e\x{301}e\x{301}e\x{301}e\x{301}e\x{301}e\x{301}e\x{301}e\x{301}e\x{301}e\x{301} e\x{301}e\x{301}e\x{301}e\x{301}e\x{301}e\x{301}e\x{301}e\x{301}e\x{301}e\x{301}e\x{301}e\x{301}e\x{301}e\x{301}e\x{301}e\x{301}e\x{301}e\x{301}e\x{301}e\x{301}e\x{301}e\x{301}e\x{301}e\x{301}e\x{301}e\x{301}e\x{301}e\x{301}e\x{301}e\x{301} e\x{301}e\x{301}e\x{301}e\x{301}e\x{301}e\x{301}e\x{301}e\x{301}e\x{301}e\x{301}e\x{301}e\x{301}e\x{301}e\x{301}e\x{301}e\x{301}e\x{301}e\x{301}e\x{301}e\x{301}e\x{301}e\x{301}"
          text run at (1055,7230) width 1: " "
          text run at (0,7245) width 1056: "e\x{301}e\x{301}e\x{301}e\x{301}e\x{301}e\x{301}e\x{301}e\x{301}e\x{301}e\x{301}e\x{301}e\x{301}e\x{301}e\x{301}e\x{301}e\x{301}e\x{301}e\x{301}e\x{301}e\x{301}e\x{301}e\x{301}e\x{301}e\x{301}e\x{301}e\x{301}e\x{301}e\x{301}e\x{301}e\x{301}e\x{301}e\x{301} e\x{301} e\x{301}e\x{301}e\x{301}e\x{301}e\x{301}e\x{301}e\x{301}e\x{301}e\x{301}e\x{301}e\x{301}e\x{301}e\x{301}e\x{301}e\x{301}e\x{301}e\x{301}e\x{301}e\x{301}e\x{301}e\x{301}e\x{301}e\x{301}e\x{301}e\x{301}e\x{301}e\x{301}e\x{301}e\x{301}e\x{301}e\x{301}e\x{301}e\x{301}e\x{301}e\x{301}e\x{301}e\x{301}e\x{301}e\x{301}e\x{301}e\x{301}e\x{301}e\x{301} e\x{301}e\x{301}e\x{301}e\x{301}e\x{301}e\x{301}e\x{301}e\x{301}e\x{301}e\x{301}e\x{301}e\x{301}e\x{301}e\x{301}e\x{301}e\x{301}e\x{301}e\x{301}e\x{301}e\x{301}e\x{301}e\x{301}e\x{301}e\x{301}e\x{301}e\x{301}e\x{301}e\x{301}e\x{301}e\x{301} e\x{301}e\x{301}e\x{301}e\x{301}e\x{301}e\x{301}e\x{301}e\x{301}e\x{301}e\x{301}e\x{301}e\x{301}e\x{301}e\x{301}e\x{301}e\x{301}e\x{301}e\x{301}e\x{301}e\x{301}e\x{301}e\x{301}"
          text run at (1055,7245) width 1: " "
          text run at (0,7260) width 1056: "e\x{301}e\x{301}e\x{301}e\x{301}e\x{301}e\x{301}e\x{301}e\x{301}e\x{301}e\x{301}e\x{301}e\x{301}e\x{301}e\x{301}e\x{301}e\x{301}e\x{301}e\x{301}e\x{301}e\x{301}e\x{301}e\x{301}e\x{301}e\x{301}e\x{301}e\x{301}e\x{301}e\x{301}e\x{301}e\x{301}e\x{301}e\x{301} e\x{301} e\x{301}e\x{301}e\x{301}e\x{301}e\x{301}e\x{301}e\x{301}e\x{301}e\x{301}e\x{301}e\x{301}e\x{301}e\x{301}e\x{301}e\x{301}e\x{301}e\x{301}e\x{301}e\x{301}e\x{301}e\x{301}e\x{301}e\x{301}e\x{301}e\x{301}e\x{301}e\x{301}e\x{301}e\x{301}e\x{301}e\x{301}e\x{301}e\x{301}e\x{301}e\x{301}e\x{301}e\x{301}e\x{301}e\x{301}e\x{301}e\x{301}e\x{301}e\x{301} e\x{301}e\x{301}e\x{301}e\x{301}e\x{301}e\x{301}e\x{301}e\x{301}e\x{301}e\x{301}e\x{301}e\x{301}e\x{301}e\x{301}e\x{301}e\x{301}e\x{301}e\x{301}e\x{301}e\x{301}e\x{301}e\x{301}e\x{301}e\x{301}e\x{301}e\x{301}e\x{301}e\x{301}e\x{301}e\x{301} e\x{301}e\x{301}e\x{301}e\x{301}e\x{301}e\x{301}e\x{301}e\x{301}e\x{301}e\x{301}e\x{301}e\x{301}e\x{301}e\x{301}e\x{301}e\x{301}e\x{301}e\x{301}e\x{301}e\x{301}e\x{301}e\x{301}"
          text run at (1055,7260) width 1: " "
          text run at (0,7275) width 1056: "e\x{301}e\x{301}e\x{301}e\x{301}e\x{301}e\x{301}e\x{301}e\x{301}e\x{301}e\x{301}e\x{301}e\x{301}e\x{301}e\x{301}e\x{301}e\x{301}e\x{301}e\x{301}e\x{301}e\x{301}e\x{301}e\x{301}e\x{301}e\x{301}e\x{301}e\x{301}e\x{301}e\x{301}e\x{301}e\x{301}e\x{301}e\x{301} e\x{301} e\x{301}e\x{301}e\x{301}e\x{301}e\x{301}e\x{301}e\x{301}e\x{301}e\x{301}e\x{301}e\x{301}e\x{301}e\x{301}e\x{301}e\x{301}e\x{301}e\x{301}e\x{301}e\x{301}e\x{301}e\x{301}e\x{301}e\x{301}e\x{301}e\x{301}e\x{301}e\x{301}e\x{301}e\x{301}e\x{301}e\x{301}e\x{301}e\x{301}e\x{301}e\x{301}e\x{301}e\x{301}e\x{301}e\x{301}e\x{301}e\x{301}e\x{301}e\x{301} e\x{301}e\x{301}e\x{301}e\x{301}e\x{301}e\x{301}e\x{301}e\x{301}e\x{301}e\x{301}e\x{301}e\x{301}e\x{301}e\x{301}e\x{301}e\x{301}e\x{301}e\x{301}e\x{301}e\x{301}e\x{301}e\x{301}e\x{301}e\x{301}e\x{301}e\x{301}e\x{301}e\x{301}e\x{301}e\x{301} e\x{301}e\x{301}e\x{301}e\x{301}e\x{301}e\x{301}e\x{301}e\x{301}e\x{301}e\x{301}e\x{301}e\x{301}e\x{301}e\x{301}e\x{301}e\x{301}e\x{301}e\x{301}e\x{301}e\x{301}e\x{301}e\x{301}"
          text run at (1055,7275) width 1: " "
          text run at (0,7290) width 1056: "e\x{301}e\x{301}e\x{301}e\x{301}e\x{301}e\x{301}e\x{301}e\x{301}e\x{301}e\x{301}e\x{301}e\x{301}e\x{301}e\x{301}e\x{301}e\x{301}e\x{301}e\x{301}e\x{301}e\x{301}e\x{301}e\x{301}e\x{301}e\x{301}e\x{301}e\x{301}e\x{301}e\x{301}e\x{301}e\x{301}e\x{301}e\x{301} e\x{301} e\x{301}e\x{301}e\x{301}e\x{301}e\x{301}e\x{301}e\x{301}e\x{301}e\x{301}e\x{301}e\x{301}e\x{301}e\x{301}e\x{301}e\x{301}e\x{301}e\x{301}e\x{301}e\x{301}e\x{301}e\x{301}e\x{301}e\x{301}e\x{301}e\x{301}e\x{301}e\x{301}e\x{301}e\x{301}e\x{301}e\x{301}e\x{301}e\x{301}e\x{301}e\x{301}e\x{301}e\x{301}e\x{301}e\x{301}e\x{301}e\x{301}e\x{301}e\x{301} e\x{301}e\x{301}e\x{301}e\x{301}e\x{301}e\x{301}e\x{301}e\x{301}e\x{301}e\x{301}e\x{301}e\x{301}e\x{301}e\x{301}e\x{301}e\x{301}e\x{301}e\x{301}e\x{301}e\x{301}e\x{301}e\x{301}e\x{301}e\x{301}e\x{301}e\x{301}e\x{301}e\x{301}e\x{301}e\x{301} e\x{301}e\x{301}e\x{301}e\x{301}e\x{301}e\x{301}e\x{301}e\x{301}e\x{301}e\x{301}e\x{301}e\x{301}e\x{301}e\x{301}e\x{301}e\x{301}e\x{301}e\x{301}e\x{301}e\x{301}e\x{301}e\x{301}"
          text run at (1055,7290) width 1: " "
          text run at (0,7305) width 1056: "e\x{301}e\x{301}e\x{301}e\x{301}e\x{301}e\x{301}e\x{301}e\x{301}e\x{301}e\x{301}e\x{301}e\x{301}e\x{301}e\x{301}e\x{301}e\x{301}e\x{301}e\x{301}e\x{301}e\x{301}e\x{301}e\x{301}e\x{301}e\x{301}e\x{301}e\x{301}e\x{301}e\x{301}e\x{301}e\x{301}e\x{301}e\x{301} e\x{301} e\x{301}e\x{301}e\x{301}e\x{301}e\x{301}e\x{301}e\x{301}e\x{301}e\x{301}e\x{301}e\x{301}e\x{301}e\x{301}e\x{301}e\x{301}e\x{301}e\x{301}e\x{301}e\x{301}e\x{301}e\x{301}e\x{301}e\x{301}e\x{301}e\x{301}e\x{301}e\x{301}e\x{301}e\x{301}e\x{301}e\x{301}e\x{301}e\x{301}e\x{301}e\x{301}e\x{301}e\x{301}e\x{301}e\x{301}e\x{301}e\x{301}e\x{301}e\x{301} e\x{301}e\x{301}e\x{301}e\x{301}e\x{301}e\x{301}e\x{301}e\x{301}e\x{301}e\x{301}e\x{301}e\x{301}e\x{301}e\x{301}e\x{301}e\x{301}e\x{301}e\x{301}e\x{301}e\x{301}e\x{301}e\x{301}e\x{301}e\x{301}e\x{301}e\x{301}e\x{301}e\x{301}e\x{301}e\x{301} e\x{301}e\x{301}e\x{301}e\x{301}e\x{301}e\x{301}e\x{301}e\x{301}e\x{301}e\x{301}e\x{301}e\x{301}e\x{301}e\x{301}e\x{301}e\x{301}e\x{301}e\x{301}e\x{301}e\x{301}e\x{301}e\x{301}"
          text run at (1055,7305) width 1: " "
          text run at (0,7320) width 1056: "e\x{301}e\x{301}e\x{301}e\x{301}e\x{301}e\x{301}e\x{301}e\x{301}e\x{301}e\x{301}e\x{301}e\x{301}e\x{301}e\x{301}e\x{301}e\x{301}e\x{301}e\x{301}e\x{301}e\x{301}e\x{301}e\x{301}e\x{301}e\x{301}e\x{301}e\x{301}e\x{301}e\x{301}e\x{301}e\x{301}e\x{301}e\x{301} e\x{301} e\x{301}e\x{301}e\x{301}e\x{301}e\x{301}e\x{301}e\x{301}e\x{301}e\x{301}e\x{301}e\x{301}e\x{301}e\x{301}e\x{301}e\x{301}e\x{301}e\x{301}e\x{301}e\x{301}e\x{301}e\x{301}e\x{301}e\x{301}e\x{301}e\x{301}e\x{301}e\x{301}e\x{301}e\x{301}e\x{301}e\x{301}e\x{301}e\x{301}e\x{301}e\x{301}e\x{301}e\x{301}e\x{301}e\x{301}e\x{301}e\x{301}e\x{301}e\x{301} e\x{301}e\x{301}e\x{301}e\x{301}e\x{301}e\x{301}e\x{301}e\x{301}e\x{301}e\x{301}e\x{301}e\x{301}e\x{301}e\x{301}e\x{301}e\x{301}e\x{301}e\x{301}e\x{301}e\x{301}e\x{301}e\x{301}e\x{301}e\x{301}e\x{301}e\x{301}e\x{301}e\x{301}e\x{301}e\x{301} e\x{301}e\x{301}e\x{301}e\x{301}e\x{301}e\x{301}e\x{301}e\x{301}e\x{301}e\x{301}e\x{301}e\x{301}e\x{301}e\x{301}e\x{301}e\x{301}e\x{301}e\x{301}e\x{301}e\x{301}e\x{301}e\x{301}"
          text run at (1055,7320) width 1: " "
          text run at (0,7335) width 1056: "e\x{301}e\x{301}e\x{301}e\x{301}e\x{301}e\x{301}e\x{301}e\x{301}e\x{301}e\x{301}e\x{301}e\x{301}e\x{301}e\x{301}e\x{301}e\x{301}e\x{301}e\x{301}e\x{301}e\x{301}e\x{301}e\x{301}e\x{301}e\x{301}e\x{301}e\x{301}e\x{301}e\x{301}e\x{301}e\x{301}e\x{301}e\x{301} e\x{301} e\x{301}e\x{301}e\x{301}e\x{301}e\x{301}e\x{301}e\x{301}e\x{301}e\x{301}e\x{301}e\x{301}e\x{301}e\x{301}e\x{301}e\x{301}e\x{301}e\x{301}e\x{301}e\x{301}e\x{301}e\x{301}e\x{301}e\x{301}e\x{301}e\x{301}e\x{301}e\x{301}e\x{301}e\x{301}e\x{301}e\x{301}e\x{301}e\x{301}e\x{301}e\x{301}e\x{301}e\x{301}e\x{301}e\x{301}e\x{301}e\x{301}e\x{301}e\x{301} e\x{301}e\x{301}e\x{301}e\x{301}e\x{301}e\x{301}e\x{301}e\x{301}e\x{301}e\x{301}e\x{301}e\x{301}e\x{301}e\x{301}e\x{301}e\x{301}e\x{301}e\x{301}e\x{301}e\x{301}e\x{301}e\x{301}e\x{301}e\x{301}e\x{301}e\x{301}e\x{301}e\x{301}e\x{301}e\x{301} e\x{301}e\x{301}e\x{301}e\x{301}e\x{301}e\x{301}e\x{301}e\x{301}e\x{301}e\x{301}e\x{301}e\x{301}e\x{301}e\x{301}e\x{301}e\x{301}e\x{301}e\x{301}e\x{301}e\x{301}e\x{301}e\x{301}"
          text run at (1055,7335) width 1: " "
          text run at (0,7350) width 1056: "e\x{301}e\x{301}e\x{301}e\x{301}e\x{301}e\x{301}e\x{301}e\x{301}e\x{301}e\x{301}e\x{301}e\x{301}e\x{301}e\x{301}e\x{301}e\x{301}e\x{301}e\x{301}e\x{301}e\x{301}e\x{301}e\x{301}e\x{301}e\x{301}e\x{301}e\x{301}e\x{301}e\x{301}e\x{301}e\x{301}e\x{301}e\x{301} e\x{301} e\x{301}e\x{301}e\x{301}e\x{301}e\x{301}e\x{301}e\x{301}e\x{301}e\x{301}e\x{301}e\x{301}e\x{301}e\x{301}e\x{301}e\x{301}e\x{301}e\x{301}e\x{301}e\x{301}e\x{301}e\x{301}e\x{301}e\x{301}e\x{301}e\x{301}e\x{301}e\x{301}e\x{301}e\x{301}e\x{301}e\x{301}e\x{301}e\x{301}e\x{301}e\x{301}e\x{301}e\x{301}e\x{301}e\x{301}e\x{301}e\x{301}e\x{301}e\x{301} e\x{301}e\x{301}e\x{301}e\x{301}e\x{301}e\x{301}e\x{301}e\x{301}e\x{301}e\x{301}e\x{301}e\x{301}e\x{301}e\x{301}e\x{301}e\x{301}e\x{301}e\x{301}e\x{301}e\x{301}e\x{301}e\x{301}e\x{301}e\x{301}e\x{301}e\x{301}e\x{301}e\x{301}e\x{301}e\x{301} e\x{301}e\x{301}e\x{301}e\x{301}e\x{301}e\x{301}e\x{301}e\x{301}e\x{301}e\x{301}e\x{301}e\x{301}e\x{301}e\x{301}e\x{301}e\x{301}e\x{301}e\x{301}e\x{301}e\x{301}e\x{301}e\x{301}"
          text run at (1055,7350) width 1: " "
          text run at (0,7365) width 1056: "e\x{301}e\x{301}e\x{301}e\x{301}e\x{301}e\x{301}e\x{301}e\x{301}e\x{301}e\x{301}e\x{301}e\x{301}e\x{301}e\x{301}e\x{301}e\x{301}e\x{301}e\x{301}e\x{301}e\x{301}e\x{301}e\x{301}e\x{301}e\x{301}e\x{301}e\x{301}e\x{301}e\x{301}e\x{301}e\x{301}e\x{301}e\x{301} e\x{301} e\x{301}e\x{301}e\x{301}e\x{301}e\x{301}e\x{301}e\x{301}e\x{301}e\x{301}e\x{301}e\x{301}e\x{301}e\x{301}e\x{301}e\x{301}e\x{301}e\x{301}e\x{301}e\x{301}e\x{301}e\x{301}e\x{301}e\x{301}e\x{301}e\x{301}e\x{301}e\x{301}e\x{301}e\x{301}e\x{301}e\x{301}e\x{301}e\x{301}e\x{301}e\x{301}e\x{301}e\x{301}e\x{301}e\x{301}e\x{301}e\x{301}e\x{301}e\x{301} e\x{301}e\x{301}e\x{301}e\x{301}e\x{301}e\x{301}e\x{301}e\x{301}e\x{301}e\x{301}e\x{301}e\x{301}e\x{301}e\x{301}e\x{301}e\x{301}e\x{301}e\x{301}e\x{301}e\x{301}e\x{301}e\x{301}e\x{301}e\x{301}e\x{301}e\x{301}e\x{301}e\x{301}e\x{301}e\x{301} e\x{301}e\x{301}e\x{301}e\x{301}e\x{301}e\x{301}e\x{301}e\x{301}e\x{301}e\x{301}e\x{301}e\x{301}e\x{301}e\x{301}e\x{301}e\x{301}e\x{301}e\x{301}e\x{301}e\x{301}e\x{301}e\x{301}"
          text run at (1055,7365) width 1: " "
          text run at (0,7380) width 1056: "e\x{301}e\x{301}e\x{301}e\x{301}e\x{301}e\x{301}e\x{301}e\x{301}e\x{301}e\x{301}e\x{301}e\x{301}e\x{301}e\x{301}e\x{301}e\x{301}e\x{301}e\x{301}e\x{301}e\x{301}e\x{301}e\x{301}e\x{301}e\x{301}e\x{301}e\x{301}e\x{301}e\x{301}e\x{301}e\x{301}e\x{301}e\x{301} e\x{301} e\x{301}e\x{301}e\x{301}e\x{301}e\x{301}e\x{301}e\x{301}e\x{301}e\x{301}e\x{301}e\x{301}e\x{301}e\x{301}e\x{301}e\x{301}e\x{301}e\x{301}e\x{301}e\x{301}e\x{301}e\x{301}e\x{301}e\x{301}e\x{301}e\x{301}e\x{301}e\x{301}e\x{301}e\x{301}e\x{301}e\x{301}e\x{301}e\x{301}e\x{301}e\x{301}e\x{301}e\x{301}e\x{301}e\x{301}e\x{301}e\x{301}e\x{301}e\x{301} e\x{301}e\x{301}e\x{301}e\x{301}e\x{301}e\x{301}e\x{301}e\x{301}e\x{301}e\x{301}e\x{301}e\x{301}e\x{301}e\x{301}e\x{301}e\x{301}e\x{301}e\x{301}e\x{301}e\x{301}e\x{301}e\x{301}e\x{301}e\x{301}e\x{301}e\x{301}e\x{301}e\x{301}e\x{301}e\x{301} e\x{301}e\x{301}e\x{301}e\x{301}e\x{301}e\x{301}e\x{301}e\x{301}e\x{301}e\x{301}e\x{301}e\x{301}e\x{301}e\x{301}e\x{301}e\x{301}e\x{301}e\x{301}e\x{301}e\x{301}e\x{301}e\x{301}"
          text run at (1055,7380) width 1: " "
          text run at (0,7395) width 1056: "e\x{301}e\x{301}e\x{301}e\x{301}e\x{301}e\x{301}e\x{301}e\x{301}e\x{301}e\x{301}e\x{301}e\x{301}e\x{301}e\x{301}e\x{301}e\x{301}e\x{301}e\x{301}e\x{301}e\x{301}e\x{301}e\x{301}e\x{301}e\x{301}e\x{301}e\x{301}e\x{301}e\x{301}e\x{301}e\x{301}e\x{301}e\x{301} e\x{301} e\x{301}e\x{301}e\x{301}e\x{301}e\x{301}e\x{301}e\x{301}e\x{301}e\x{301}e\x{301}e\x{301}e\x{301}e\x{301}e\x{301}e\x{301}e\x{301}e\x{301}e\x{301}e\x{301}e\x{301}e\x{301}e\x{301}e\x{301}e\x{301}e\x{301}e\x{301}e\x{301}e\x{301}e\x{301}e\x{301}e\x{301}e\x{301}e\x{301}e\x{301}e\x{301}e\x{301}e\x{301}e\x{301}e\x{301}e\x{301}e\x{301}e\x{301}e\x{301} e\x{301}e\x{301}e\x{301}e\x{301}e\x{301}e\x{301}e\x{301}e\x{301}e\x{301}e\x{301}e\x{301}e\x{301}e\x{301}e\x{301}e\x{301}e\x{301}e\x{301}e\x{301}e\x{301}e\x{301}e\x{301}e\x{301}e\x{301}e\x{301}e\x{301}e\x{301}e\x{301}e\x{301}e\x{301}e\x{301} e\x{301}e\x{301}e\x{301}e\x{301}e\x{301}e\x{301}e\x{301}e\x{301}e\x{301}e\x{301}e\x{301}e\x{301}e\x{301}e\x{301}e\x{301}e\x{301}e\x{301}e\x{301}e\x{301}e\x{301}e\x{301}e\x{301}"
          text run at (1055,7395) width 1: " "
          text run at (0,7410) width 1056: "e\x{301}e\x{301}e\x{301}e\x{301}e\x{301}e\x{301}e\x{301}e\x{301}e\x{301}e\x{301}e\x{301}e\x{301}e\x{301}e\x{301}e\x{301}e\x{301}e\x{301}e\x{301}e\x{301}e\x{301}e\x{301}e\x{301}e\x{301}e\x{301}e\x{301}e\x{301}e\x{301}e\x{301}e\x{301}e\x{301}e\x{301}e\x{301} e\x{301} e\x{301}e\x{301}e\x{301}e\x{301}e\x{301}e\x{301}e\x{301}e\x{301}e\x{301}e\x{301}e\x{301}e\x{301}e\x{301}e\x{301}e\x{301}e\x{301}e\x{301}e\x{301}e\x{301}e\x{301}e\x{301}e\x{301}e\x{301}e\x{301}e\x{301}e\x{301}e\x{301}e\x{301}e\x{301}e\x{301}e\x{301}e\x{301}e\x{301}e\x{301}e\x{301}e\x{301}e\x{301}e\x{301}e\x{301}e\x{301}e\x{301}e\x{301}e\x{301} e\x{301}e\x{301}e\x{301}e\x{301}e\x{301}e\x{301}e\x{301}e\x{301}e\x{301}e\x{301}e\x{301}e\x{301}e\x{301}e\x{301}e\x{301}e\x{301}e\x{301}e\x{301}e\x{301}e\x{301}e\x{301}e\x{301}e\x{301}e\x{301}e\x{301}e\x{301}e\x{301}e\x{301}e\x{301}e\x{301} e\x{301}e\x{301}e\x{301}e\x{301}e\x{301}e\x{301}e\x{301}e\x{301}e\x{301}e\x{301}e\x{301}e\x{301}e\x{301}e\x{301}e\x{301}e\x{301}e\x{301}e\x{301}e\x{301}e\x{301}e\x{301}e\x{301}"
          text run at (1055,7410) width 1: " "
          text run at (0,7425) width 1056: "e\x{301}e\x{301}e\x{301}e\x{301}e\x{301}e\x{301}e\x{301}e\x{301}e\x{301}e\x{301}e\x{301}e\x{301}e\x{301}e\x{301}e\x{301}e\x{301}e\x{301}e\x{301}e\x{301}e\x{301}e\x{301}e\x{301}e\x{301}e\x{301}e\x{301}e\x{301}e\x{301}e\x{301}e\x{301}e\x{301}e\x{301}e\x{301} e\x{301} e\x{301}e\x{301}e\x{301}e\x{301}e\x{301}e\x{301}e\x{301}e\x{301}e\x{301}e\x{301}e\x{301}e\x{301}e\x{301}e\x{301}e\x{301}e\x{301}e\x{301}e\x{301}e\x{301}e\x{301}e\x{301}e\x{301}e\x{301}e\x{301}e\x{301}e\x{301}e\x{301}e\x{301}e\x{301}e\x{301}e\x{301}e\x{301}e\x{301}e\x{301}e\x{301}e\x{301}e\x{301}e\x{301}e\x{301}e\x{301}e\x{301}e\x{301}e\x{301} e\x{301}e\x{301}e\x{301}e\x{301}e\x{301}e\x{301}e\x{301}e\x{301}e\x{301}e\x{301}e\x{301}e\x{301}e\x{301}e\x{301}e\x{301}e\x{301}e\x{301}e\x{301}e\x{301}e\x{301}e\x{301}e\x{301}e\x{301}e\x{301}e\x{301}e\x{301}e\x{301}e\x{301}e\x{301}e\x{301} e\x{301}e\x{301}e\x{301}e\x{301}e\x{301}e\x{301}e\x{301}e\x{301}e\x{301}e\x{301}e\x{301}e\x{301}e\x{301}e\x{301}e\x{301}e\x{301}e\x{301}e\x{301}e\x{301}e\x{301}e\x{301}e\x{301}"
          text run at (1055,7425) width 1: " "
          text run at (0,7440) width 1056: "e\x{301}e\x{301}e\x{301}e\x{301}e\x{301}e\x{301}e\x{301}e\x{301}e\x{301}e\x{301}e\x{301}e\x{301}e\x{301}e\x{301}e\x{301}e\x{301}e\x{301}e\x{301}e\x{301}e\x{301}e\x{301}e\x{301}e\x{301}e\x{301}e\x{301}e\x{301}e\x{301}e\x{301}e\x{301}e\x{301}e\x{301}e\x{301} e\x{301} e\x{301}e\x{301}e\x{301}e\x{301}e\x{301}e\x{301}e\x{301}e\x{301}e\x{301}e\x{301}e\x{301}e\x{301}e\x{301}e\x{301}e\x{301}e\x{301}e\x{301}e\x{301}e\x{301}e\x{301}e\x{301}e\x{301}e\x{301}e\x{301}e\x{301}e\x{301}e\x{301}e\x{301}e\x{301}e\x{301}e\x{301}e\x{301}e\x{301}e\x{301}e\x{301}e\x{301}e\x{301}e\x{301}e\x{301}e\x{301}e\x{301}e\x{301}e\x{301} e\x{301}e\x{301}e\x{301}e\x{301}e\x{301}e\x{301}e\x{301}e\x{301}e\x{301}e\x{301}e\x{301}e\x{301}e\x{301}e\x{301}e\x{301}e\x{301}e\x{301}e\x{301}e\x{301}e\x{301}e\x{301}e\x{301}e\x{301}e\x{301}e\x{301}e\x{301}e\x{301}e\x{301}e\x{301}e\x{301} e\x{301}e\x{301}e\x{301}e\x{301}e\x{301}e\x{301}e\x{301}e\x{301}e\x{301}e\x{301}e\x{301}e\x{301}e\x{301}e\x{301}e\x{301}e\x{301}e\x{301}e\x{301}e\x{301}e\x{301}e\x{301}e\x{301}"
          text run at (1055,7440) width 1: " "
          text run at (0,7455) width 1056: "e\x{301}e\x{301}e\x{301}e\x{301}e\x{301}e\x{301}e\x{301}e\x{301}e\x{301}e\x{301}e\x{301}e\x{301}e\x{301}e\x{301}e\x{301}e\x{301}e\x{301}e\x{301}e\x{301}e\x{301}e\x{301}e\x{301}e\x{301}e\x{301}e\x{301}e\x{301}e\x{301}e\x{301}e\x{301}e\x{301}e\x{301}e\x{301} e\x{301} e\x{301}e\x{301}e\x{301}e\x{301}e\x{301}e\x{301}e\x{301}e\x{301}e\x{301}e\x{301}e\x{301}e\x{301}e\x{301}e\x{301}e\x{301}e\x{301}e\x{301}e\x{301}e\x{301}e\x{301}e\x{301}e\x{301}e\x{301}e\x{301}e\x{301}e\x{301}e\x{301}e\x{301}e\x{301}e\x{301}e\x{301}e\x{301}e\x{301}e\x{301}e\x{301}e\x{301}e\x{301}e\x{301}e\x{301}e\x{301}e\x{301}e\x{301}e\x{301} e\x{301}e\x{301}e\x{301}e\x{301}e\x{301}e\x{301}e\x{301}e\x{301}e\x{301}e\x{301}e\x{301}e\x{301}e\x{301}e\x{301}e\x{301}e\x{301}e\x{301}e\x{301}e\x{301}e\x{301}e\x{301}e\x{301}e\x{301}e\x{301}e\x{301}e\x{301}e\x{301}e\x{301}e\x{301}e\x{301} e\x{301}e\x{301}e\x{301}e\x{301}e\x{301}e\x{301}e\x{301}e\x{301}e\x{301}e\x{301}e\x{301}e\x{301}e\x{301}e\x{301}e\x{301}e\x{301}e\x{301}e\x{301}e\x{301}e\x{301}e\x{301}e\x{301}"
          text run at (1055,7455) width 1: " "
          text run at (0,7470) width 1056: "e\x{301}e\x{301}e\x{301}e\x{301}e\x{301}e\x{301}e\x{301}e\x{301}e\x{301}e\x{301}e\x{301}e\x{301}e\x{301}e\x{301}e\x{301}e\x{301}e\x{301}e\x{301}e\x{301}e\x{301}e\x{301}e\x{301}e\x{301}e\x{301}e\x{301}e\x{301}e\x{301}e\x{301}e\x{301}e\x{301}e\x{301}e\x{301} e\x{301} e\x{301}e\x{301}e\x{301}e\x{301}e\x{301}e\x{301}e\x{301}e\x{301}e\x{301}e\x{301}e\x{301}e\x{301}e\x{301}e\x{301}e\x{301}e\x{301}e\x{301}e\x{301}e\x{301}e\x{301}e\x{301}e\x{301}e\x{301}e\x{301}e\x{301}e\x{301}e\x{301}e\x{301}e\x{301}e\x{301}e\x{301}e\x{301}e\x{301}e\x{301}e\x{301}e\x{301}e\x{301}e\x{301}e\x{301}e\x{301}e\x{301}e\x{301}e\x{301} e\x{301}e\x{301}e\x{301}e\x{301}e\x{301}e\x{301}e\x{301}e\x{301}e\x{301}e\x{301}e\x{301}e\x{301}e\x{301}e\x{301}e\x{301}e\x{301}e\x{301}e\x{301}e\x{301}e\x{301}e\x{301}e\x{301}e\x{301}e\x{301}e\x{301}e\x{301}e\x{301}e\x{301}e\x{301}e\x{301} e\x{301}e\x{301}e\x{301}e\x{301}e\x{301}e\x{301}e\x{301}e\x{301}e\x{301}e\x{301}e\x{301}e\x{301}e\x{301}e\x{301}e\x{301}e\x{301}e\x{301}e\x{301}e\x{301}e\x{301}e\x{301}e\x{301}"
          text run at (1055,7470) width 1: " "
          text run at (0,7485) width 1056: "e\x{301}e\x{301}e\x{301}e\x{301}e\x{301}e\x{301}e\x{301}e\x{301}e\x{301}e\x{301}e\x{301}e\x{301}e\x{301}e\x{301}e\x{301}e\x{301}e\x{301}e\x{301}e\x{301}e\x{301}e\x{301}e\x{301}e\x{301}e\x{301}e\x{301}e\x{301}e\x{301}e\x{301}e\x{301}e\x{301}e\x{301}e\x{301} e\x{301} e\x{301}e\x{301}e\x{301}e\x{301}e\x{301}e\x{301}e\x{301}e\x{301}e\x{301}e\x{301}e\x{301}e\x{301}e\x{301}e\x{301}e\x{301}e\x{301}e\x{301}e\x{301}e\x{301}e\x{301}e\x{301}e\x{301}e\x{301}e\x{301}e\x{301}e\x{301}e\x{301}e\x{301}e\x{301}e\x{301}e\x{301}e\x{301}e\x{301}e\x{301}e\x{301}e\x{301}e\x{301}e\x{301}e\x{301}e\x{301}e\x{301}e\x{301}e\x{301} e\x{301}e\x{301}e\x{301}e\x{301}e\x{301}e\x{301}e\x{301}e\x{301}e\x{301}e\x{301}e\x{301}e\x{301}e\x{301}e\x{301}e\x{301}e\x{301}e\x{301}e\x{301}e\x{301}e\x{301}e\x{301}e\x{301}e\x{301}e\x{301}e\x{301}e\x{301}e\x{301}e\x{301}e\x{301}e\x{301} e\x{301}e\x{301}e\x{301}e\x{301}e\x{301}e\x{301}e\x{301}e\x{301}e\x{301}e\x{301}e\x{301}e\x{301}e\x{301}e\x{301}e\x{301}e\x{301}e\x{301}e\x{301}e\x{301}e\x{301}e\x{301}e\x{301}"
          text run at (1055,7485) width 1: " "
          text run at (0,7500) width 1056: "e\x{301}e\x{301}e\x{301}e\x{301}e\x{301}e\x{301}e\x{301}e\x{301}e\x{301}e\x{301}e\x{301}e\x{301}e\x{301}e\x{301}e\x{301}e\x{301}e\x{301}e\x{301}e\x{301}e\x{301}e\x{301}e\x{301}e\x{301}e\x{301}e\x{301}e\x{301}e\x{301}e\x{301}e\x{301}e\x{301}e\x{301}e\x{301} e\x{301} e\x{301}e\x{301}e\x{301}e\x{301}e\x{301}e\x{301}e\x{301}e\x{301}e\x{301}e\x{301}e\x{301}e\x{301}e\x{301}e\x{301}e\x{301}e\x{301}e\x{301}e\x{301}e\x{301}e\x{301}e\x{301}e\x{301}e\x{301}e\x{301}e\x{301}e\x{301}e\x{301}e\x{301}e\x{301}e\x{301}e\x{301}e\x{301}e\x{301}e\x{301}e\x{301}e\x{301}e\x{301}e\x{301}e\x{301}e\x{301}e\x{301}e\x{301}e\x{301} e\x{301}e\x{301}e\x{301}e\x{301}e\x{301}e\x{301}e\x{301}e\x{301}e\x{301}e\x{301}e\x{301}e\x{301}e\x{301}e\x{301}e\x{301}e\x{301}e\x{301}e\x{301}e\x{301}e\x{301}e\x{301}e\x{301}e\x{301}e\x{301}e\x{301}e\x{301}e\x{301}e\x{301}e\x{301}e\x{301} e\x{301}e\x{301}e\x{301}e\x{301}e\x{301}e\x{301}e\x{301}e\x{301}e\x{301}e\x{301}e\x{301}e\x{301}e\x{301}e\x{301}e\x{301}e\x{301}e\x{301}e\x{301}e\x{301}e\x{301}e\x{301}e\x{301}"
          text run at (1055,7500) width 1: " "
          text run at (0,7515) width 1056: "e\x{301}e\x{301}e\x{301}e\x{301}e\x{301}e\x{301}e\x{301}e\x{301}e\x{301}e\x{301}e\x{301}e\x{301}e\x{301}e\x{301}e\x{301}e\x{301}e\x{301}e\x{301}e\x{301}e\x{301}e\x{301}e\x{301}e\x{301}e\x{301}e\x{301}e\x{301}e\x{301}e\x{301}e\x{301}e\x{301}e\x{301}e\x{301} e\x{301} e\x{301}e\x{301}e\x{301}e\x{301}e\x{301}e\x{301}e\x{301}e\x{301}e\x{301}e\x{301}e\x{301}e\x{301}e\x{301}e\x{301}e\x{301}e\x{301}e\x{301}e\x{301}e\x{301}e\x{301}e\x{301}e\x{301}e\x{301}e\x{301}e\x{301}e\x{301}e\x{301}e\x{301}e\x{301}e\x{301}e\x{301}e\x{301}e\x{301}e\x{301}e\x{301}e\x{301}e\x{301}e\x{301}e\x{301}e\x{301}e\x{301}e\x{301}e\x{301} e\x{301}e\x{301}e\x{301}e\x{301}e\x{301}e\x{301}e\x{301}e\x{301}e\x{301}e\x{301}e\x{301}e\x{301}e\x{301}e\x{301}e\x{301}e\x{301}e\x{301}e\x{301}e\x{301}e\x{301}e\x{301}e\x{301}e\x{301}e\x{301}e\x{301}e\x{301}e\x{301}e\x{301}e\x{301}e\x{301} e\x{301}e\x{301}e\x{301}e\x{301}e\x{301}e\x{301}e\x{301}e\x{301}e\x{301}e\x{301}e\x{301}e\x{301}e\x{301}e\x{301}e\x{301}e\x{301}e\x{301}e\x{301}e\x{301}e\x{301}e\x{301}e\x{301}"
          text run at (1055,7515) width 1: " "
          text run at (0,7530) width 192: "e\x{301}e\x{301}e\x{301}e\x{301}e\x{301}e\x{301}e\x{301}e\x{301}e\x{301}e\x{301}e\x{301}e\x{301}e\x{301}e\x{301}e\x{301}e\x{301}e\x{301}e\x{301}e\x{301}e\x{301}e\x{301}e\x{301}e\x{301}e\x{301}"
        RenderText {#text} at (192,7530) size 1056x375
          text run at (192,7530) width 864: "e\x{301}e\x{301}e\x{301}e\x{301}e\x{301}e\x{301}e\x{301}e\x{301} e\x{301} e\x{301}e\x{301}e\x{301}e\x{301}e\x{301}e\x{301}e\x{301}e\x{301}e\x{301}e\x{301}e\x{301}e\x{301}e\x{301}e\x{301}e\x{301}e\x{301}e\x{301}e\x{301}e\x{301}e\x{301}e\x{301}e\x{301}e\x{301}e\x{301}e\x{301}e\x{301}e\x{301}e\x{301}e\x{301}e\x{301}e\x{301}e\x{301}e\x{301}e\x{301}e\x{301}e\x{301}e\x{301}e\x{301}e\x{301}e\x{301}e\x{301}e\x{301}e\x{301} e\x{301}e\x{301}e\x{301}e\x{301}e\x{301}e\x{301}e\x{301}e\x{301}e\x{301}e\x{301}e\x{301}e\x{301}e\x{301}e\x{301}e\x{301}e\x{301}e\x{301}e\x{301}e\x{301}e\x{301}e\x{301}e\x{301}e\x{301}e\x{301}e\x{301}e\x{301}e\x{301}e\x{301}e\x{301}e\x{301} e\x{301}e\x{301}e\x{301}e\x{301}e\x{301}e\x{301}e\x{301}e\x{301}e\x{301}e\x{301}e\x{301}e\x{301}e\x{301}e\x{301}e\x{301}e\x{301}e\x{301}e\x{301}e\x{301}e\x{301}e\x{301}e\x{301}"
          text run at (1055,7530) width 1: " "
          text run at (0,7545) width 1056: "e\x{301}e\x{301}e\x{301}e\x{301}e\x{301}e\x{301}e\x{301}e\x{301}e\x{301}e\x{301}e\x{301}e\x{301}e\x{301}e\x{301}e\x{301}e\x{301}e\x{301}e\x{301}e\x{301}e\x{301}e\x{301}e\x{301}e\x{301}e\x{301}e\x{301}e\x{301}e\x{301}e\x{301}e\x{301}e\x{301}e\x{301}e\x{301} e\x{301} e\x{301}e\x{301}e\x{301}e\x{301}e\x{301}e\x{301}e\x{301}e\x{301}e\x{301}e\x{301}e\x{301}e\x{301}e\x{301}e\x{301}e\x{301}e\x{301}e\x{301}e\x{301}e\x{301}e\x{301}e\x{301}e\x{301}e\x{301}e\x{301}e\x{301}e\x{301}e\x{301}e\x{301}e\x{301}e\x{301}e\x{301}e\x{301}e\x{301}e\x{301}e\x{301}e\x{301}e\x{301}e\x{301}e\x{301}e\x{301}e\x{301}e\x{301}e\x{301} e\x{301}e\x{301}e\x{301}e\x{301}e\x{301}e\x{301}e\x{301}e\x{301}e\x{301}e\x{301}e\x{301}e\x{301}e\x{301}e\x{301}e\x{301}e\x{301}e\x{301}e\x{301}e\x{301}e\x{301}e\x{301}e\x{301}e\x{301}e\x{301}e\x{301}e\x{301}e\x{301}e\x{301}e\x{301}e\x{301} e\x{301}e\x{301}e\x{301}e\x{301}e\x{301}e\x{301}e\x{301}e\x{301}e\x{301}e\x{301}e\x{301}e\x{301}e\x{301}e\x{301}e\x{301}e\x{301}e\x{301}e\x{301}e\x{301}e\x{301}e\x{301}e\x{301}"
          text run at (1055,7545) width 1: " "
          text run at (0,7560) width 1056: "e\x{301}e\x{301}e\x{301}e\x{301}e\x{301}e\x{301}e\x{301}e\x{301}e\x{301}e\x{301}e\x{301}e\x{301}e\x{301}e\x{301}e\x{301}e\x{301}e\x{301}e\x{301}e\x{301}e\x{301}e\x{301}e\x{301}e\x{301}e\x{301}e\x{301}e\x{301}e\x{301}e\x{301}e\x{301}e\x{301}e\x{301}e\x{301} e\x{301} e\x{301}e\x{301}e\x{301}e\x{301}e\x{301}e\x{301}e\x{301}e\x{301}e\x{301}e\x{301}e\x{301}e\x{301}e\x{301}e\x{301}e\x{301}e\x{301}e\x{301}e\x{301}e\x{301}e\x{301}e\x{301}e\x{301}e\x{301}e\x{301}e\x{301}e\x{301}e\x{301}e\x{301}e\x{301}e\x{301}e\x{301}e\x{301}e\x{301}e\x{301}e\x{301}e\x{301}e\x{301}e\x{301}e\x{301}e\x{301}e\x{301}e\x{301}e\x{301} e\x{301}e\x{301}e\x{301}e\x{301}e\x{301}e\x{301}e\x{301}e\x{301}e\x{301}e\x{301}e\x{301}e\x{301}e\x{301}e\x{301}e\x{301}e\x{301}e\x{301}e\x{301}e\x{301}e\x{301}e\x{301}e\x{301}e\x{301}e\x{301}e\x{301}e\x{301}e\x{301}e\x{301}e\x{301}e\x{301} e\x{301}e\x{301}e\x{301}e\x{301}e\x{301}e\x{301}e\x{301}e\x{301}e\x{301}e\x{301}e\x{301}e\x{301}e\x{301}e\x{301}e\x{301}e\x{301}e\x{301}e\x{301}e\x{301}e\x{301}e\x{301}e\x{301}"
          text run at (1055,7560) width 1: " "
          text run at (0,7575) width 1056: "e\x{301}e\x{301}e\x{301}e\x{301}e\x{301}e\x{301}e\x{301}e\x{301}e\x{301}e\x{301}e\x{301}e\x{301}e\x{301}e\x{301}e\x{301}e\x{301}e\x{301}e\x{301}e\x{301}e\x{301}e\x{301}e\x{301}e\x{301}e\x{301}e\x{301}e\x{301}e\x{301}e\x{301}e\x{301}e\x{301}e\x{301}e\x{301} e\x{301} e\x{301}e\x{301}e\x{301}e\x{301}e\x{301}e\x{301}e\x{301}e\x{301}e\x{301}e\x{301}e\x{301}e\x{301}e\x{301}e\x{301}e\x{301}e\x{301}e\x{301}e\x{301}e\x{301}e\x{301}e\x{301}e\x{301}e\x{301}e\x{301}e\x{301}e\x{301}e\x{301}e\x{301}e\x{301}e\x{301}e\x{301}e\x{301}e\x{301}e\x{301}e\x{301}e\x{301}e\x{301}e\x{301}e\x{301}e\x{301}e\x{301}e\x{301}e\x{301} e\x{301}e\x{301}e\x{301}e\x{301}e\x{301}e\x{301}e\x{301}e\x{301}e\x{301}e\x{301}e\x{301}e\x{301}e\x{301}e\x{301}e\x{301}e\x{301}e\x{301}e\x{301}e\x{301}e\x{301}e\x{301}e\x{301}e\x{301}e\x{301}e\x{301}e\x{301}e\x{301}e\x{301}e\x{301}e\x{301} e\x{301}e\x{301}e\x{301}e\x{301}e\x{301}e\x{301}e\x{301}e\x{301}e\x{301}e\x{301}e\x{301}e\x{301}e\x{301}e\x{301}e\x{301}e\x{301}e\x{301}e\x{301}e\x{301}e\x{301}e\x{301}e\x{301}"
          text run at (1055,7575) width 1: " "
          text run at (0,7590) width 1056: "e\x{301}e\x{301}e\x{301}e\x{301}e\x{301}e\x{301}e\x{301}e\x{301}e\x{301}e\x{301}e\x{301}e\x{301}e\x{301}e\x{301}e\x{301}e\x{301}e\x{301}e\x{301}e\x{301}e\x{301}e\x{301}e\x{301}e\x{301}e\x{301}e\x{301}e\x{301}e\x{301}e\x{301}e\x{301}e\x{301}e\x{301}e\x{301} e\x{301} e\x{301}e\x{301}e\x{301}e\x{301}e\x{301}e\x{301}e\x{301}e\x{301}e\x{301}e\x{301}e\x{301}e\x{301}e\x{301}e\x{301}e\x{301}e\x{301}e\x{301}e\x{301}e\x{301}e\x{301}e\x{301}e\x{301}e\x{301}e\x{301}e\x{301}e\x{301}e\x{301}e\x{301}e\x{301}e\x{301}e\x{301}e\x{301}e\x{301}e\x{301}e\x{301}e\x{301}e\x{301}e\x{301}e\x{301}e\x{301}e\x{301}e\x{301}e\x{301} e\x{301}e\x{301}e\x{301}e\x{301}e\x{301}e\x{301}e\x{301}e\x{301}e\x{301}e\x{301}e\x{301}e\x{301}e\x{301}e\x{301}e\x{301}e\x{301}e\x{301}e\x{301}e\x{301}e\x{301}e\x{301}e\x{301}e\x{301}e\x{301}e\x{301}e\x{301}e\x{301}e\x{301}e\x{301}e\x{301} e\x{301}e\x{301}e\x{301}e\x{301}e\x{301}e\x{301}e\x{301}e\x{301}e\x{301}e\x{301}e\x{301}e\x{301}e\x{301}e\x{301}e\x{301}e\x{301}e\x{301}e\x{301}e\x{301}e\x{301}e\x{301}e\x{301}"
          text run at (1055,7590) width 1: " "
          text run at (0,7605) width 1056: "e\x{301}e\x{301}e\x{301}e\x{301}e\x{301}e\x{301}e\x{301}e\x{301}e\x{301}e\x{301}e\x{301}e\x{301}e\x{301}e\x{301}e\x{301}e\x{301}e\x{301}e\x{301}e\x{301}e\x{301}e\x{301}e\x{301}e\x{301}e\x{301}e\x{301}e\x{301}e\x{301}e\x{301}e\x{301}e\x{301}e\x{301}e\x{301} e\x{301} e\x{301}e\x{301}e\x{301}e\x{301}e\x{301}e\x{301}e\x{301}e\x{301}e\x{301}e\x{301}e\x{301}e\x{301}e\x{301}e\x{301}e\x{301}e\x{301}e\x{301}e\x{301}e\x{301}e\x{301}e\x{301}e\x{301}e\x{301}e\x{301}e\x{301}e\x{301}e\x{301}e\x{301}e\x{301}e\x{301}e\x{301}e\x{301}e\x{301}e\x{301}e\x{301}e\x{301}e\x{301}e\x{301}e\x{301}e\x{301}e\x{301}e\x{301}e\x{301} e\x{301}e\x{301}e\x{301}e\x{301}e\x{301}e\x{301}e\x{301}e\x{301}e\x{301}e\x{301}e\x{301}e\x{301}e\x{301}e\x{301}e\x{301}e\x{301}e\x{301}e\x{301}e\x{301}e\x{301}e\x{301}e\x{301}e\x{301}e\x{301}e\x{301}e\x{301}e\x{301}e\x{301}e\x{301}e\x{301} e\x{301}e\x{301}e\x{301}e\x{301}e\x{301}e\x{301}e\x{301}e\x{301}e\x{301}e\x{301}e\x{301}e\x{301}e\x{301}e\x{301}e\x{301}e\x{301}e\x{301}e\x{301}e\x{301}e\x{301}e\x{301}e\x{301}"
          text run at (1055,7605) width 1: " "
          text run at (0,7620) width 1056: "e\x{301}e\x{301}e\x{301}e\x{301}e\x{301}e\x{301}e\x{301}e\x{301}e\x{301}e\x{301}e\x{301}e\x{301}e\x{301}e\x{301}e\x{301}e\x{301}e\x{301}e\x{301}e\x{301}e\x{301}e\x{301}e\x{301}e\x{301}e\x{301}e\x{301}e\x{301}e\x{301}e\x{301}e\x{301}e\x{301}e\x{301}e\x{301} e\x{301} e\x{301}e\x{301}e\x{301}e\x{301}e\x{301}e\x{301}e\x{301}e\x{301}e\x{301}e\x{301}e\x{301}e\x{301}e\x{301}e\x{301}e\x{301}e\x{301}e\x{301}e\x{301}e\x{301}e\x{301}e\x{301}e\x{301}e\x{301}e\x{301}e\x{301}e\x{301}e\x{301}e\x{301}e\x{301}e\x{301}e\x{301}e\x{301}e\x{301}e\x{301}e\x{301}e\x{301}e\x{301}e\x{301}e\x{301}e\x{301}e\x{301}e\x{301}e\x{301} e\x{301}e\x{301}e\x{301}e\x{301}e\x{301}e\x{301}e\x{301}e\x{301}e\x{301}e\x{301}e\x{301}e\x{301}e\x{301}e\x{301}e\x{301}e\x{301}e\x{301}e\x{301}e\x{301}e\x{301}e\x{301}e\x{301}e\x{301}e\x{301}e\x{301}e\x{301}e\x{301}e\x{301}e\x{301}e\x{301} e\x{301}e\x{301}e\x{301}e\x{301}e\x{301}e\x{301}e\x{301}e\x{301}e\x{301}e\x{301}e\x{301}e\x{301}e\x{301}e\x{301}e\x{301}e\x{301}e\x{301}e\x{301}e\x{301}e\x{301}e\x{301}e\x{301}"
          text run at (1055,7620) width 1: " "
          text run at (0,7635) width 1056: "e\x{301}e\x{301}e\x{301}e\x{301}e\x{301}e\x{301}e\x{301}e\x{301}e\x{301}e\x{301}e\x{301}e\x{301}e\x{301}e\x{301}e\x{301}e\x{301}e\x{301}e\x{301}e\x{301}e\x{301}e\x{301}e\x{301}e\x{301}e\x{301}e\x{301}e\x{301}e\x{301}e\x{301}e\x{301}e\x{301}e\x{301}e\x{301} e\x{301} e\x{301}e\x{301}e\x{301}e\x{301}e\x{301}e\x{301}e\x{301}e\x{301}e\x{301}e\x{301}e\x{301}e\x{301}e\x{301}e\x{301}e\x{301}e\x{301}e\x{301}e\x{301}e\x{301}e\x{301}e\x{301}e\x{301}e\x{301}e\x{301}e\x{301}e\x{301}e\x{301}e\x{301}e\x{301}e\x{301}e\x{301}e\x{301}e\x{301}e\x{301}e\x{301}e\x{301}e\x{301}e\x{301}e\x{301}e\x{301}e\x{301}e\x{301}e\x{301} e\x{301}e\x{301}e\x{301}e\x{301}e\x{301}e\x{301}e\x{301}e\x{301}e\x{301}e\x{301}e\x{301}e\x{301}e\x{301}e\x{301}e\x{301}e\x{301}e\x{301}e\x{301}e\x{301}e\x{301}e\x{301}e\x{301}e\x{301}e\x{301}e\x{301}e\x{301}e\x{301}e\x{301}e\x{301}e\x{301} e\x{301}e\x{301}e\x{301}e\x{301}e\x{301}e\x{301}e\x{301}e\x{301}e\x{301}e\x{301}e\x{301}e\x{301}e\x{301}e\x{301}e\x{301}e\x{301}e\x{301}e\x{301}e\x{301}e\x{301}e\x{301}e\x{301}"
          text run at (1055,7635) width 1: " "
          text run at (0,7650) width 1056: "e\x{301}e\x{301}e\x{301}e\x{301}e\x{301}e\x{301}e\x{301}e\x{301}e\x{301}e\x{301}e\x{301}e\x{301}e\x{301}e\x{301}e\x{301}e\x{301}e\x{301}e\x{301}e\x{301}e\x{301}e\x{301}e\x{301}e\x{301}e\x{301}e\x{301}e\x{301}e\x{301}e\x{301}e\x{301}e\x{301}e\x{301}e\x{301} e\x{301} e\x{301}e\x{301}e\x{301}e\x{301}e\x{301}e\x{301}e\x{301}e\x{301}e\x{301}e\x{301}e\x{301}e\x{301}e\x{301}e\x{301}e\x{301}e\x{301}e\x{301}e\x{301}e\x{301}e\x{301}e\x{301}e\x{301}e\x{301}e\x{301}e\x{301}e\x{301}e\x{301}e\x{301}e\x{301}e\x{301}e\x{301}e\x{301}e\x{301}e\x{301}e\x{301}e\x{301}e\x{301}e\x{301}e\x{301}e\x{301}e\x{301}e\x{301}e\x{301} e\x{301}e\x{301}e\x{301}e\x{301}e\x{301}e\x{301}e\x{301}e\x{301}e\x{301}e\x{301}e\x{301}e\x{301}e\x{301}e\x{301}e\x{301}e\x{301}e\x{301}e\x{301}e\x{301}e\x{301}e\x{301}e\x{301}e\x{301}e\x{301}e\x{301}e\x{301}e\x{301}e\x{301}e\x{301}e\x{301} e\x{301}e\x{301}e\x{301}e\x{301}e\x{301}e\x{301}e\x{301}e\x{301}e\x{301}e\x{301}e\x{301}e\x{301}e\x{301}e\x{301}e\x{301}e\x{301}e\x{301}e\x{301}e\x{301}e\x{301}e\x{301}e\x{301}"
          text run at (1055,7650) width 1: " "
          text run at (0,7665) width 1056: "e\x{301}e\x{301}e\x{301}e\x{301}e\x{301}e\x{301}e\x{301}e\x{301}e\x{301}e\x{301}e\x{301}e\x{301}e\x{301}e\x{301}e\x{301}e\x{301}e\x{301}e\x{301}e\x{301}e\x{301}e\x{301}e\x{301}e\x{301}e\x{301}e\x{301}e\x{301}e\x{301}e\x{301}e\x{301}e\x{301}e\x{301}e\x{301} e\x{301} e\x{301}e\x{301}e\x{301}e\x{301}e\x{301}e\x{301}e\x{301}e\x{301}e\x{301}e\x{301}e\x{301}e\x{301}e\x{301}e\x{301}e\x{301}e\x{301}e\x{301}e\x{301}e\x{301}e\x{301}e\x{301}e\x{301}e\x{301}e\x{301}e\x{301}e\x{301}e\x{301}e\x{301}e\x{301}e\x{301}e\x{301}e\x{301}e\x{301}e\x{301}e\x{301}e\x{301}e\x{301}e\x{301}e\x{301}e\x{301}e\x{301}e\x{301}e\x{301} e\x{301}e\x{301}e\x{301}e\x{301}e\x{301}e\x{301}e\x{301}e\x{301}e\x{301}e\x{301}e\x{301}e\x{301}e\x{301}e\x{301}e\x{301}e\x{301}e\x{301}e\x{301}e\x{301}e\x{301}e\x{301}e\x{301}e\x{301}e\x{301}e\x{301}e\x{301}e\x{301}e\x{301}e\x{301}e\x{301} e\x{301}e\x{301}e\x{301}e\x{301}e\x{301}e\x{301}e\x{301}e\x{301}e\x{301}e\x{301}e\x{301}e\x{301}e\x{301}e\x{301}e\x{301}e\x{301}e\x{301}e\x{301}e\x{301}e\x{301}e\x{301}e\x{301}"
          text run at (1055,7665) width 1: " "
          text run at (0,7680) width 1056: "e\x{301}e\x{301}e\x{301}e\x{301}e\x{301}e\x{301}e\x{301}e\x{301}e\x{301}e\x{301}e\x{301}e\x{301}e\x{301}e\x{301}e\x{301}e\x{301}e\x{301}e\x{301}e\x{301}e\x{301}e\x{301}e\x{301}e\x{301}e\x{301}e\x{301}e\x{301}e\x{301}e\x{301}e\x{301}e\x{301}e\x{301}e\x{301} e\x{301} e\x{301}e\x{301}e\x{301}e\x{301}e\x{301}e\x{301}e\x{301}e\x{301}e\x{301}e\x{301}e\x{301}e\x{301}e\x{301}e\x{301}e\x{301}e\x{301}e\x{301}e\x{301}e\x{301}e\x{301}e\x{301}e\x{301}e\x{301}e\x{301}e\x{301}e\x{301}e\x{301}e\x{301}e\x{301}e\x{301}e\x{301}e\x{301}e\x{301}e\x{301}e\x{301}e\x{301}e\x{301}e\x{301}e\x{301}e\x{301}e\x{301}e\x{301}e\x{301} e\x{301}e\x{301}e\x{301}e\x{301}e\x{301}e\x{301}e\x{301}e\x{301}e\x{301}e\x{301}e\x{301}e\x{301}e\x{301}e\x{301}e\x{301}e\x{301}e\x{301}e\x{301}e\x{301}e\x{301}e\x{301}e\x{301}e\x{301}e\x{301}e\x{301}e\x{301}e\x{301}e\x{301}e\x{301}e\x{301} e\x{301}e\x{301}e\x{301}e\x{301}e\x{301}e\x{301}e\x{301}e\x{301}e\x{301}e\x{301}e\x{301}e\x{301}e\x{301}e\x{301}e\x{301}e\x{301}e\x{301}e\x{301}e\x{301}e\x{301}e\x{301}e\x{301}"
          text run at (1055,7680) width 1: " "
          text run at (0,7695) width 1056: "e\x{301}e\x{301}e\x{301}e\x{301}e\x{301}e\x{301}e\x{301}e\x{301}e\x{301}e\x{301}e\x{301}e\x{301}e\x{301}e\x{301}e\x{301}e\x{301}e\x{301}e\x{301}e\x{301}e\x{301}e\x{301}e\x{301}e\x{301}e\x{301}e\x{301}e\x{301}e\x{301}e\x{301}e\x{301}e\x{301}e\x{301}e\x{301} e\x{301} e\x{301}e\x{301}e\x{301}e\x{301}e\x{301}e\x{301}e\x{301}e\x{301}e\x{301}e\x{301}e\x{301}e\x{301}e\x{301}e\x{301}e\x{301}e\x{301}e\x{301}e\x{301}e\x{301}e\x{301}e\x{301}e\x{301}e\x{301}e\x{301}e\x{301}e\x{301}e\x{301}e\x{301}e\x{301}e\x{301}e\x{301}e\x{301}e\x{301}e\x{301}e\x{301}e\x{301}e\x{301}e\x{301}e\x{301}e\x{301}e\x{301}e\x{301}e\x{301} e\x{301}e\x{301}e\x{301}e\x{301}e\x{301}e\x{301}e\x{301}e\x{301}e\x{301}e\x{301}e\x{301}e\x{301}e\x{301}e\x{301}e\x{301}e\x{301}e\x{301}e\x{301}e\x{301}e\x{301}e\x{301}e\x{301}e\x{301}e\x{301}e\x{301}e\x{301}e\x{301}e\x{301}e\x{301}e\x{301} e\x{301}e\x{301}e\x{301}e\x{301}e\x{301}e\x{301}e\x{301}e\x{301}e\x{301}e\x{301}e\x{301}e\x{301}e\x{301}e\x{301}e\x{301}e\x{301}e\x{301}e\x{301}e\x{301}e\x{301}e\x{301}e\x{301}"
          text run at (1055,7695) width 1: " "
          text run at (0,7710) width 1056: "e\x{301}e\x{301}e\x{301}e\x{301}e\x{301}e\x{301}e\x{301}e\x{301}e\x{301}e\x{301}e\x{301}e\x{301}e\x{301}e\x{301}e\x{301}e\x{301}e\x{301}e\x{301}e\x{301}e\x{301}e\x{301}e\x{301}e\x{301}e\x{301}e\x{301}e\x{301}e\x{301}e\x{301}e\x{301}e\x{301}e\x{301}e\x{301} e\x{301} e\x{301}e\x{301}e\x{301}e\x{301}e\x{301}e\x{301}e\x{301}e\x{301}e\x{301}e\x{301}e\x{301}e\x{301}e\x{301}e\x{301}e\x{301}e\x{301}e\x{301}e\x{301}e\x{301}e\x{301}e\x{301}e\x{301}e\x{301}e\x{301}e\x{301}e\x{301}e\x{301}e\x{301}e\x{301}e\x{301}e\x{301}e\x{301}e\x{301}e\x{301}e\x{301}e\x{301}e\x{301}e\x{301}e\x{301}e\x{301}e\x{301}e\x{301}e\x{301} e\x{301}e\x{301}e\x{301}e\x{301}e\x{301}e\x{301}e\x{301}e\x{301}e\x{301}e\x{301}e\x{301}e\x{301}e\x{301}e\x{301}e\x{301}e\x{301}e\x{301}e\x{301}e\x{301}e\x{301}e\x{301}e\x{301}e\x{301}e\x{301}e\x{301}e\x{301}e\x{301}e\x{301}e\x{301}e\x{301} e\x{301}e\x{301}e\x{301}e\x{301}e\x{301}e\x{301}e\x{301}e\x{301}e\x{301}e\x{301}e\x{301}e\x{301}e\x{301}e\x{301}e\x{301}e\x{301}e\x{301}e\x{301}e\x{301}e\x{301}e\x{301}e\x{301}"
          text run at (1055,7710) width 1: " "
          text run at (0,7725) width 1056: "e\x{301}e\x{301}e\x{301}e\x{301}e\x{301}e\x{301}e\x{301}e\x{301}e\x{301}e\x{301}e\x{301}e\x{301}e\x{301}e\x{301}e\x{301}e\x{301}e\x{301}e\x{301}e\x{301}e\x{301}e\x{301}e\x{301}e\x{301}e\x{301}e\x{301}e\x{301}e\x{301}e\x{301}e\x{301}e\x{301}e\x{301}e\x{301} e\x{301} e\x{301}e\x{301}e\x{301}e\x{301}e\x{301}e\x{301}e\x{301}e\x{301}e\x{301}e\x{301}e\x{301}e\x{301}e\x{301}e\x{301}e\x{301}e\x{301}e\x{301}e\x{301}e\x{301}e\x{301}e\x{301}e\x{301}e\x{301}e\x{301}e\x{301}e\x{301}e\x{301}e\x{301}e\x{301}e\x{301}e\x{301}e\x{301}e\x{301}e\x{301}e\x{301}e\x{301}e\x{301}e\x{301}e\x{301}e\x{301}e\x{301}e\x{301}e\x{301} e\x{301}e\x{301}e\x{301}e\x{301}e\x{301}e\x{301}e\x{301}e\x{301}e\x{301}e\x{301}e\x{301}e\x{301}e\x{301}e\x{301}e\x{301}e\x{301}e\x{301}e\x{301}e\x{301}e\x{301}e\x{301}e\x{301}e\x{301}e\x{301}e\x{301}e\x{301}e\x{301}e\x{301}e\x{301}e\x{301} e\x{301}e\x{301}e\x{301}e\x{301}e\x{301}e\x{301}e\x{301}e\x{301}e\x{301}e\x{301}e\x{301}e\x{301}e\x{301}e\x{301}e\x{301}e\x{301}e\x{301}e\x{301}e\x{301}e\x{301}e\x{301}e\x{301}"
          text run at (1055,7725) width 1: " "
          text run at (0,7740) width 1056: "e\x{301}e\x{301}e\x{301}e\x{301}e\x{301}e\x{301}e\x{301}e\x{301}e\x{301}e\x{301}e\x{301}e\x{301}e\x{301}e\x{301}e\x{301}e\x{301}e\x{301}e\x{301}e\x{301}e\x{301}e\x{301}e\x{301}e\x{301}e\x{301}e\x{301}e\x{301}e\x{301}e\x{301}e\x{301}e\x{301}e\x{301}e\x{301} e\x{301} e\x{301}e\x{301}e\x{301}e\x{301}e\x{301}e\x{301}e\x{301}e\x{301}e\x{301}e\x{301}e\x{301}e\x{301}e\x{301}e\x{301}e\x{301}e\x{301}e\x{301}e\x{301}e\x{301}e\x{301}e\x{301}e\x{301}e\x{301}e\x{301}e\x{301}e\x{301}e\x{301}e\x{301}e\x{301}e\x{301}e\x{301}e\x{301}e\x{301}e\x{301}e\x{301}e\x{301}e\x{301}e\x{301}e\x{301}e\x{301}e\x{301}e\x{301}e\x{301} e\x{301}e\x{301}e\x{301}e\x{301}e\x{301}e\x{301}e\x{301}e\x{301}e\x{301}e\x{301}e\x{301}e\x{301}e\x{301}e\x{301}e\x{301}e\x{301}e\x{301}e\x{301}e\x{301}e\x{301}e\x{301}e\x{301}e\x{301}e\x{301}e\x{301}e\x{301}e\x{301}e\x{301}e\x{301}e\x{301} e\x{301}e\x{301}e\x{301}e\x{301}e\x{301}e\x{301}e\x{301}e\x{301}e\x{301}e\x{301}e\x{301}e\x{301}e\x{301}e\x{301}e\x{301}e\x{301}e\x{301}e\x{301}e\x{301}e\x{301}e\x{301}e\x{301}"
          text run at (1055,7740) width 1: " "
          text run at (0,7755) width 1056: "e\x{301}e\x{301}e\x{301}e\x{301}e\x{301}e\x{301}e\x{301}e\x{301}e\x{301}e\x{301}e\x{301}e\x{301}e\x{301}e\x{301}e\x{301}e\x{301}e\x{301}e\x{301}e\x{301}e\x{301}e\x{301}e\x{301}e\x{301}e\x{301}e\x{301}e\x{301}e\x{301}e\x{301}e\x{301}e\x{301}e\x{301}e\x{301} e\x{301} e\x{301}e\x{301}e\x{301}e\x{301}e\x{301}e\x{301}e\x{301}e\x{301}e\x{301}e\x{301}e\x{301}e\x{301}e\x{301}e\x{301}e\x{301}e\x{301}e\x{301}e\x{301}e\x{301}e\x{301}e\x{301}e\x{301}e\x{301}e\x{301}e\x{301}e\x{301}e\x{301}e\x{301}e\x{301}e\x{301}e\x{301}e\x{301}e\x{301}e\x{301}e\x{301}e\x{301}e\x{301}e\x{301}e\x{301}e\x{301}e\x{301}e\x{301}e\x{301} e\x{301}e\x{301}e\x{301}e\x{301}e\x{301}e\x{301}e\x{301}e\x{301}e\x{301}e\x{301}e\x{301}e\x{301}e\x{301}e\x{301}e\x{301}e\x{301}e\x{301}e\x{301}e\x{301}e\x{301}e\x{301}e\x{301}e\x{301}e\x{301}e\x{301}e\x{301}e\x{301}e\x{301}e\x{301}e\x{301} e\x{301}e\x{301}e\x{301}e\x{301}e\x{301}e\x{301}e\x{301}e\x{301}e\x{301}e\x{301}e\x{301}e\x{301}e\x{301}e\x{301}e\x{301}e\x{301}e\x{301}e\x{301}e\x{301}e\x{301}e\x{301}e\x{301}"
          text run at (1055,7755) width 1: " "
          text run at (0,7770) width 1056: "e\x{301}e\x{301}e\x{301}e\x{301}e\x{301}e\x{301}e\x{301}e\x{301}e\x{301}e\x{301}e\x{301}e\x{301}e\x{301}e\x{301}e\x{301}e\x{301}e\x{301}e\x{301}e\x{301}e\x{301}e\x{301}e\x{301}e\x{301}e\x{301}e\x{301}e\x{301}e\x{301}e\x{301}e\x{301}e\x{301}e\x{301}e\x{301} e\x{301} e\x{301}e\x{301}e\x{301}e\x{301}e\x{301}e\x{301}e\x{301}e\x{301}e\x{301}e\x{301}e\x{301}e\x{301}e\x{301}e\x{301}e\x{301}e\x{301}e\x{301}e\x{301}e\x{301}e\x{301}e\x{301}e\x{301}e\x{301}e\x{301}e\x{301}e\x{301}e\x{301}e\x{301}e\x{301}e\x{301}e\x{301}e\x{301}e\x{301}e\x{301}e\x{301}e\x{301}e\x{301}e\x{301}e\x{301}e\x{301}e\x{301}e\x{301}e\x{301} e\x{301}e\x{301}e\x{301}e\x{301}e\x{301}e\x{301}e\x{301}e\x{301}e\x{301}e\x{301}e\x{301}e\x{301}e\x{301}e\x{301}e\x{301}e\x{301}e\x{301}e\x{301}e\x{301}e\x{301}e\x{301}e\x{301}e\x{301}e\x{301}e\x{301}e\x{301}e\x{301}e\x{301}e\x{301}e\x{301} e\x{301}e\x{301}e\x{301}e\x{301}e\x{301}e\x{301}e\x{301}e\x{301}e\x{301}e\x{301}e\x{301}e\x{301}e\x{301}e\x{301}e\x{301}e\x{301}e\x{301}e\x{301}e\x{301}e\x{301}e\x{301}e\x{301}"
          text run at (1055,7770) width 1: " "
          text run at (0,7785) width 1056: "e\x{301}e\x{301}e\x{301}e\x{301}e\x{301}e\x{301}e\x{301}e\x{301}e\x{301}e\x{301}e\x{301}e\x{301}e\x{301}e\x{301}e\x{301}e\x{301}e\x{301}e\x{301}e\x{301}e\x{301}e\x{301}e\x{301}e\x{301}e\x{301}e\x{301}e\x{301}e\x{301}e\x{301}e\x{301}e\x{301}e\x{301}e\x{301} e\x{301} e\x{301}e\x{301}e\x{301}e\x{301}e\x{301}e\x{301}e\x{301}e\x{301}e\x{301}e\x{301}e\x{301}e\x{301}e\x{301}e\x{301}e\x{301}e\x{301}e\x{301}e\x{301}e\x{301}e\x{301}e\x{301}e\x{301}e\x{301}e\x{301}e\x{301}e\x{301}e\x{301}e\x{301}e\x{301}e\x{301}e\x{301}e\x{301}e\x{301}e\x{301}e\x{301}e\x{301}e\x{301}e\x{301}e\x{301}e\x{301}e\x{301}e\x{301}e\x{301} e\x{301}e\x{301}e\x{301}e\x{301}e\x{301}e\x{301}e\x{301}e\x{301}e\x{301}e\x{301}e\x{301}e\x{301}e\x{301}e\x{301}e\x{301}e\x{301}e\x{301}e\x{301}e\x{301}e\x{301}e\x{301}e\x{301}e\x{301}e\x{301}e\x{301}e\x{301}e\x{301}e\x{301}e\x{301}e\x{301} e\x{301}e\x{301}e\x{301}e\x{301}e\x{301}e\x{301}e\x{301}e\x{301}e\x{301}e\x{301}e\x{301}e\x{301}e\x{301}e\x{301}e\x{301}e\x{301}e\x{301}e\x{301}e\x{301}e\x{301}e\x{301}e\x{301}"
          text run at (1055,7785) width 1: " "
          text run at (0,7800) width 1056: "e\x{301}e\x{301}e\x{301}e\x{301}e\x{301}e\x{301}e\x{301}e\x{301}e\x{301}e\x{301}e\x{301}e\x{301}e\x{301}e\x{301}e\x{301}e\x{301}e\x{301}e\x{301}e\x{301}e\x{301}e\x{301}e\x{301}e\x{301}e\x{301}e\x{301}e\x{301}e\x{301}e\x{301}e\x{301}e\x{301}e\x{301}e\x{301} e\x{301} e\x{301}e\x{301}e\x{301}e\x{301}e\x{301}e\x{301}e\x{301}e\x{301}e\x{301}e\x{301}e\x{301}e\x{301}e\x{301}e\x{301}e\x{301}e\x{301}e\x{301}e\x{301}e\x{301}e\x{301}e\x{301}e\x{301}e\x{301}e\x{301}e\x{301}e\x{301}e\x{301}e\x{301}e\x{301}e\x{301}e\x{301}e\x{301}e\x{301}e\x{301}e\x{301}e\x{301}e\x{301}e\x{301}e\x{301}e\x{301}e\x{301}e\x{301}e\x{301} e\x{301}e\x{301}e\x{301}e\x{301}e\x{301}e\x{301}e\x{301}e\x{301}e\x{301}e\x{301}e\x{301}e\x{301}e\x{301}e\x{301}e\x{301}e\x{301}e\x{301}e\x{301}e\x{301}e\x{301}e\x{301}e\x{301}e\x{301}e\x{301}e\x{301}e\x{301}e\x{301}e\x{301}e\x{301}e\x{301} e\x{301}e\x{301}e\x{301}e\x{301}e\x{301}e\x{301}e\x{301}e\x{301}e\x{301}e\x{301}e\x{301}e\x{301}e\x{301}e\x{301}e\x{301}e\x{301}e\x{301}e\x{301}e\x{301}e\x{301}e\x{301}e\x{301}"
          text run at (1055,7800) width 1: " "
          text run at (0,7815) width 1056: "e\x{301}e\x{301}e\x{301}e\x{301}e\x{301}e\x{301}e\x{301}e\x{301}e\x{301}e\x{301}e\x{301}e\x{301}e\x{301}e\x{301}e\x{301}e\x{301}e\x{301}e\x{301}e\x{301}e\x{301}e\x{301}e\x{301}e\x{301}e\x{301}e\x{301}e\x{301}e\x{301}e\x{301}e\x{301}e\x{301}e\x{301}e\x{301} e\x{301} e\x{301}e\x{301}e\x{301}e\x{301}e\x{301}e\x{301}e\x{301}e\x{301}e\x{301}e\x{301}e\x{301}e\x{301}e\x{301}e\x{301}e\x{301}e\x{301}e\x{301}e\x{301}e\x{301}e\x{301}e\x{301}e\x{301}e\x{301}e\x{301}e\x{301}e\x{301}e\x{301}e\x{301}e\x{301}e\x{301}e\x{301}e\x{301}e\x{301}e\x{301}e\x{301}e\x{301}e\x{301}e\x{301}e\x{301}e\x{301}e\x{301}e\x{301}e\x{301} e\x{301}e\x{301}e\x{301}e\x{301}e\x{301}e\x{301}e\x{301}e\x{301}e\x{301}e\x{301}e\x{301}e\x{301}e\x{301}e\x{301}e\x{301}e\x{301}e\x{301}e\x{301}e\x{301}e\x{301}e\x{301}e\x{301}e\x{301}e\x{301}e\x{301}e\x{301}e\x{301}e\x{301}e\x{301}e\x{301} e\x{301}e\x{301}e\x{301}e\x{301}e\x{301}e\x{301}e\x{301}e\x{301}e\x{301}e\x{301}e\x{301}e\x{301}e\x{301}e\x{301}e\x{301}e\x{301}e\x{301}e\x{301}e\x{301}e\x{301}e\x{301}e\x{301}"
          text run at (1055,7815) width 1: " "
          text run at (0,7830) width 1056: "e\x{301}e\x{301}e\x{301}e\x{301}e\x{301}e\x{301}e\x{301}e\x{301}e\x{301}e\x{301}e\x{301}e\x{301}e\x{301}e\x{301}e\x{301}e\x{301}e\x{301}e\x{301}e\x{301}e\x{301}e\x{301}e\x{301}e\x{301}e\x{301}e\x{301}e\x{301}e\x{301}e\x{301}e\x{301}e\x{301}e\x{301}e\x{301} e\x{301} e\x{301}e\x{301}e\x{301}e\x{301}e\x{301}e\x{301}e\x{301}e\x{301}e\x{301}e\x{301}e\x{301}e\x{301}e\x{301}e\x{301}e\x{301}e\x{301}e\x{301}e\x{301}e\x{301}e\x{301}e\x{301}e\x{301}e\x{301}e\x{301}e\x{301}e\x{301}e\x{301}e\x{301}e\x{301}e\x{301}e\x{301}e\x{301}e\x{301}e\x{301}e\x{301}e\x{301}e\x{301}e\x{301}e\x{301}e\x{301}e\x{301}e\x{301}e\x{301} e\x{301}e\x{301}e\x{301}e\x{301}e\x{301}e\x{301}e\x{301}e\x{301}e\x{301}e\x{301}e\x{301}e\x{301}e\x{301}e\x{301}e\x{301}e\x{301}e\x{301}e\x{301}e\x{301}e\x{301}e\x{301}e\x{301}e\x{301}e\x{301}e\x{301}e\x{301}e\x{301}e\x{301}e\x{301}e\x{301} e\x{301}e\x{301}e\x{301}e\x{301}e\x{301}e\x{301}e\x{301}e\x{301}e\x{301}e\x{301}e\x{301}e\x{301}e\x{301}e\x{301}e\x{301}e\x{301}e\x{301}e\x{301}e\x{301}e\x{301}e\x{301}e\x{301}"
          text run at (1055,7830) width 1: " "
          text run at (0,7845) width 1056: "e\x{301}e\x{301}e\x{301}e\x{301}e\x{301}e\x{301}e\x{301}e\x{301}e\x{301}e\x{301}e\x{301}e\x{301}e\x{301}e\x{301}e\x{301}e\x{301}e\x{301}e\x{301}e\x{301}e\x{301}e\x{301}e\x{301}e\x{301}e\x{301}e\x{301}e\x{301}e\x{301}e\x{301}e\x{301}e\x{301}e\x{301}e\x{301} e\x{301} e\x{301}e\x{301}e\x{301}e\x{301}e\x{301}e\x{301}e\x{301}e\x{301}e\x{301}e\x{301}e\x{301}e\x{301}e\x{301}e\x{301}e\x{301}e\x{301}e\x{301}e\x{301}e\x{301}e\x{301}e\x{301}e\x{301}e\x{301}e\x{301}e\x{301}e\x{301}e\x{301}e\x{301}e\x{301}e\x{301}e\x{301}e\x{301}e\x{301}e\x{301}e\x{301}e\x{301}e\x{301}e\x{301}e\x{301}e\x{301}e\x{301}e\x{301}e\x{301} e\x{301}e\x{301}e\x{301}e\x{301}e\x{301}e\x{301}e\x{301}e\x{301}e\x{301}e\x{301}e\x{301}e\x{301}e\x{301}e\x{301}e\x{301}e\x{301}e\x{301}e\x{301}e\x{301}e\x{301}e\x{301}e\x{301}e\x{301}e\x{301}e\x{301}e\x{301}e\x{301}e\x{301}e\x{301}e\x{301} e\x{301}e\x{301}e\x{301}e\x{301}e\x{301}e\x{301}e\x{301}e\x{301}e\x{301}e\x{301}e\x{301}e\x{301}e\x{301}e\x{301}e\x{301}e\x{301}e\x{301}e\x{301}e\x{301}e\x{301}e\x{301}e\x{301}"
          text run at (1055,7845) width 1: " "
          text run at (0,7860) width 1056: "e\x{301}e\x{301}e\x{301}e\x{301}e\x{301}e\x{301}e\x{301}e\x{301}e\x{301}e\x{301}e\x{301}e\x{301}e\x{301}e\x{301}e\x{301}e\x{301}e\x{301}e\x{301}e\x{301}e\x{301}e\x{301}e\x{301}e\x{301}e\x{301}e\x{301}e\x{301}e\x{301}e\x{301}e\x{301}e\x{301}e\x{301}e\x{301} e\x{301} e\x{301}e\x{301}e\x{301}e\x{301}e\x{301}e\x{301}e\x{301}e\x{301}e\x{301}e\x{301}e\x{301}e\x{301}e\x{301}e\x{301}e\x{301}e\x{301}e\x{301}e\x{301}e\x{301}e\x{301}e\x{301}e\x{301}e\x{301}e\x{301}e\x{301}e\x{301}e\x{301}e\x{301}e\x{301}e\x{301}e\x{301}e\x{301}e\x{301}e\x{301}e\x{301}e\x{301}e\x{301}e\x{301}e\x{301}e\x{301}e\x{301}e\x{301}e\x{301} e\x{301}e\x{301}e\x{301}e\x{301}e\x{301}e\x{301}e\x{301}e\x{301}e\x{301}e\x{301}e\x{301}e\x{301}e\x{301}e\x{301}e\x{301}e\x{301}e\x{301}e\x{301}e\x{301}e\x{301}e\x{301}e\x{301}e\x{301}e\x{301}e\x{301}e\x{301}e\x{301}e\x{301}e\x{301}e\x{301} e\x{301}e\x{301}e\x{301}e\x{301}e\x{301}e\x{301}e\x{301}e\x{301}e\x{301}e\x{301}e\x{301}e\x{301}e\x{301}e\x{301}e\x{301}e\x{301}e\x{301}e\x{301}e\x{301}e\x{301}e\x{301}e\x{301}"
          text run at (1055,7860) width 1: " "
          text run at (0,7875) width 1056: "e\x{301}e\x{301}e\x{301}e\x{301}e\x{301}e\x{301}e\x{301}e\x{301}e\x{301}e\x{301}e\x{301}e\x{301}e\x{301}e\x{301}e\x{301}e\x{301}e\x{301}e\x{301}e\x{301}e\x{301}e\x{301}e\x{301}e\x{301}e\x{301}e\x{301}e\x{301}e\x{301}e\x{301}e\x{301}e\x{301}e\x{301}e\x{301} e\x{301} e\x{301}e\x{301}e\x{301}e\x{301}e\x{301}e\x{301}e\x{301}e\x{301}e\x{301}e\x{301}e\x{301}e\x{301}e\x{301}e\x{301}e\x{301}e\x{301}e\x{301}e\x{301}e\x{301}e\x{301}e\x{301}e\x{301}e\x{301}e\x{301}e\x{301}e\x{301}e\x{301}e\x{301}e\x{301}e\x{301}e\x{301}e\x{301}e\x{301}e\x{301}e\x{301}e\x{301}e\x{301}e\x{301}e\x{301}e\x{301}e\x{301}e\x{301}e\x{301} e\x{301}e\x{301}e\x{301}e\x{301}e\x{301}e\x{301}e\x{301}e\x{301}e\x{301}e\x{301}e\x{301}e\x{301}e\x{301}e\x{301}e\x{301}e\x{301}e\x{301}e\x{301}e\x{301}e\x{301}e\x{301}e\x{301}e\x{301}e\x{301}e\x{301}e\x{301}e\x{301}e\x{301}e\x{301}e\x{301} e\x{301}e\x{301}e\x{301}e\x{301}e\x{301}e\x{301}e\x{301}e\x{301}e\x{301}e\x{301}e\x{301}e\x{301}e\x{301}e\x{301}e\x{301}e\x{301}e\x{301}e\x{301}e\x{301}e\x{301}e\x{301}e\x{301}"
          text run at (1055,7875) width 1: " "
          text run at (0,7890) width 1056: "e\x{301}e\x{301}e\x{301}e\x{301}e\x{301}e\x{301}e\x{301}e\x{301}e\x{301}e\x{301}e\x{301}e\x{301}e\x{301}e\x{301}e\x{301}e\x{301}e\x{301}e\x{301}e\x{301}e\x{301}e\x{301}e\x{301}e\x{301}e\x{301}e\x{301}e\x{301}e\x{301}e\x{301}e\x{301}e\x{301}e\x{301}e\x{301} e\x{301} e\x{301}e\x{301}e\x{301}e\x{301}e\x{301}e\x{301}e\x{301}e\x{301}e\x{301}e\x{301}e\x{301}e\x{301}e\x{301}e\x{301}e\x{301}e\x{301}e\x{301}e\x{301}e\x{301}e\x{301}e\x{301}e\x{301}e\x{301}e\x{301}e\x{301}e\x{301}e\x{301}e\x{301}e\x{301}e\x{301}e\x{301}e\x{301}e\x{301}e\x{301}e\x{301}e\x{301}e\x{301}e\x{301}e\x{301}e\x{301}e\x{301}e\x{301}e\x{301} e\x{301}e\x{301}e\x{301}e\x{301}e\x{301}e\x{301}e\x{301}e\x{301}e\x{301}e\x{301}e\x{301}e\x{301}e\x{301}e\x{301}e\x{301}e\x{301}e\x{301}e\x{301}e\x{301}e\x{301}e\x{301}e\x{301}e\x{301}e\x{301}e\x{301}e\x{301}e\x{301}e\x{301}e\x{301}e\x{301} e\x{301}e\x{301}e\x{301}e\x{301}e\x{301}e\x{301}e\x{301}e\x{301}e\x{301}e\x{301}e\x{301}e\x{301}e\x{301}e\x{301}e\x{301}e\x{301}e\x{301}e\x{301}e\x{301}e\x{301}e\x{301}e\x{301}"
          text run at (1055,7890) width 1: " "
