layer at (0,0) size 800x600
  RenderView at (0,0) size 800x600
layer at (0,0) size 800x600
  RenderBlock {HTML} at (0,0) size 800x600
    RenderBody {BODY} at (8,8) size 784x584
      RenderBlock {P} at (0,0) size 784x20
        RenderText {#text} at (0,0) size 616x19
          text run at (0,0) width 616: "The black text should be identical to, and overlap, the red text, so there should be no red pixels below."
      RenderBlock {DIV} at (0,36) size 784x196
        RenderBlock {DIV} at (0,0) size 784x170 [color=#FF0000]
          RenderText {#text} at (0,3) size 272x164
            text run at (0,3) width 272: "v a\x{300} e"
        RenderBlock {DIV} at (0,26) size 784x170
          RenderText {#text} at (0,3) size 272x164
            text run at (0,3) width 272: "v \x{E0} e"
      RenderBlock {DIV} at (0,232) size 784x190
        RenderBlock {DIV} at (0,0) size 784x167 [color=#FF0000]
          RenderText {#text} at (0,3) size 272x161
            text run at (0,3) width 272: "v a\x{300} e"
        RenderBlock {DIV} at (0,23) size 784x167
          RenderText {#text} at (0,3) size 272x161
            text run at (0,3) width 272: "v \x{E0} e"
