layer at (0,0) size 800x600
  RenderView at (0,0) size 800x600
layer at (0,0) size 800x600
  RenderBlock {HTML} at (0,0) size 800x600
    RenderBody {BODY} at (8,8) size 784x576
      RenderBlock {P} at (0,0) size 784x40
        RenderText {#text} at (0,0) size 52x19
          text run at (0,0) width 52: "Test for "
        RenderInline {I} at (0,0) size 730x39
          RenderInline {A} at (0,0) size 301x19 [color=#0000EE]
            RenderText {#text} at (52,0) size 301x19
              text run at (52,0) width 301: "http://bugs.webkit.org/show_bug.cgi?id=13156"
          RenderText {#text} at (353,0) size 730x39
            text run at (353,0) width 4: " "
            text run at (357,0) width 373: "REGRESSION (r19621): Pasting breakable content where"
            text run at (0,20) width 492: "wrapped line is too long to fit in a textarea fails to draw a horizontal scrollbar"
        RenderText {#text} at (492,20) size 4x19
          text run at (492,20) width 4: "."
      RenderBlock {P} at (0,56) size 784x40
        RenderText {#text} at (0,0) size 780x39
          text run at (0,0) width 780: "This tests that a line break will occur in the middle of the first word on a line if it\x{2019}s too long to fit on the line. The behavior is"
          text run at (0,20) width 619: "tested after breakable characters (question mark and hyphen), after a space and after a soft hyphen."
      RenderBlock {P} at (0,112) size 784x20
        RenderText {#text} at (0,0) size 261x19
          text run at (0,0) width 261: "The following blocks should be identical."
      RenderBlock (floating) {DIV} at (4,152) size 300x180 [bgcolor=#FFFFE0]
        RenderText {#text} at (0,0) size 300x179
          text run at (0,0) width 186: "Curabiturpretium,quamquiss?"
          text run at (0,20) width 298: "empermalesuada,estliberofeugiatlibero,velfringi"
          text run at (0,40) width 131: "llaorcinibhsedneque-"
          text run at (0,60) width 300: "Quisqueeunullanonnisimolestieaccumsan.Etiam"
          text run at (0,80) width 191: "tellusurna,laoreetac,laoreetnon"
          text run at (0,100) width 298: "suscipitsed,sapien.Phasellusvehicula,sematposu"
          text run at (0,120) width 221: "erevehicula,auguenibhmolestienisl\x{AD}" + hyphen string "\x{2010}"
          text run at (0,140) width 298: "necullamcorperlacusantevulputatepede.Nascetu"
          text run at (0,160) width 89: "rridiculusmus."
      RenderBlock (floating) {DIV} at (312,152) size 300x180 [bgcolor=#FFFFE0]
        RenderText {#text} at (0,0) size 186x19
          text run at (0,0) width 186: "Curabiturpretium,quamquiss?"
        RenderBR {BR} at (186,0) size 0x19
        RenderText {#text} at (0,20) size 298x19
          text run at (0,20) width 298: "empermalesuada,estliberofeugiatlibero,velfringi"
        RenderBR {BR} at (298,20) size 0x19
        RenderText {#text} at (0,40) size 131x19
          text run at (0,40) width 131: "llaorcinibhsedneque-"
        RenderBR {BR} at (131,40) size 0x19
        RenderText {#text} at (0,60) size 300x19
          text run at (0,60) width 300: "Quisqueeunullanonnisimolestieaccumsan.Etiam"
        RenderBR {BR} at (300,60) size 0x19
        RenderText {#text} at (0,80) size 191x19
          text run at (0,80) width 191: "tellusurna,laoreetac,laoreetnon"
        RenderBR {BR} at (191,80) size 0x19
        RenderText {#text} at (0,100) size 298x19
          text run at (0,100) width 298: "suscipitsed,sapien.Phasellusvehicula,sematposu"
        RenderBR {BR} at (298,100) size 0x19
        RenderText {#text} at (0,120) size 221x19
          text run at (0,120) width 221: "erevehicula,auguenibhmolestienisl-"
        RenderBR {BR} at (221,120) size 0x19
        RenderText {#text} at (0,140) size 298x19
          text run at (0,140) width 298: "necullamcorperlacusantevulputatepede.Nascetu"
        RenderBR {BR} at (298,140) size 0x19
        RenderText {#text} at (0,160) size 89x19
          text run at (0,160) width 89: "rridiculusmus."
