layer at (0,0) size 800x600
  RenderView at (0,0) size 800x600
layer at (0,0) size 800x600
  RenderBlock {HTML} at (0,0) size 800x600
    RenderBody {BODY} at (8,8) size 784x584
      RenderBlock {P} at (0,0) size 784x40
        RenderText {#text} at (0,0) size 164x19
          text run at (0,0) width 164: "This is a regression test for "
        RenderInline {I} at (0,0) size 707x39
          RenderInline {A} at (0,0) size 350x19 [color=#0000EE]
            RenderText {#text} at (164,0) size 350x19
              text run at (164,0) width 350: "http://bugzilla.opendarwin.org/show_bug.cgi?id=8485"
          RenderText {#text} at (514,0) size 707x39
            text run at (514,0) width 4: " "
            text run at (518,0) width 189: "iExploder(#11705): Freeze in"
            text run at (0,20) width 141: "RenderBlock::layout()"
        RenderText {#text} at (141,20) size 4x19
          text run at (141,20) width 4: "."
      RenderBlock {HR} at (0,56) size 784x2 [border: (1px inset #000000)]
      RenderBlock {DIV} at (0,66) size 30x282
        RenderText {#text} at (0,2) size 87x277
          text run at (0,2) width 0: " "
          text run at (0,143) width 87: "A"
