layer at (0,0) size 800x600
  RenderView at (0,0) size 800x600
layer at (0,0) size 800x600
  RenderBlock {HTML} at (0,0) size 800x600
    RenderBody {BODY} at (8,8) size 784x584
      RenderBlock {P} at (0,0) size 784x20
        RenderText {#text} at (0,0) size 52x19
          text run at (0,0) width 52: "Test for "
        RenderInline {I} at (0,0) size 707x19
          RenderInline {A} at (0,0) size 301x19 [color=#0000EE]
            RenderText {#text} at (52,0) size 301x19
              text run at (52,0) width 301: "http://bugs.webkit.org/show_bug.cgi?id=14758"
          RenderText {#text} at (353,0) size 406x19
            text run at (353,0) width 4: " "
            text run at (357,0) width 402: "REGRESSION: Repeated text after line break on facebook.com"
        RenderText {#text} at (759,0) size 4x19
          text run at (759,0) width 4: "."
      RenderBlock {P} at (0,36) size 784x20
        RenderText {#text} at (0,0) size 233x19
          text run at (0,0) width 233: "These two boxes should be identical:"
      RenderBlock {DIV} at (0,72) size 76x66 [border: (3px solid #000000)]
        RenderBlock (anonymous) at (3,3) size 70x40
          RenderText {#text} at (0,0) size 42x19
            text run at (0,0) width 42: "Lorem"
          RenderInline {SPAN} at (0,0) size 38x19
            RenderText {#text} at (0,20) size 38x19
              text run at (0,20) width 38: "ipsum"
          RenderText {#text} at (0,0) size 0x0
        RenderBlock {DIV} at (3,43) size 70x20
          RenderText {#text} at (0,0) size 33x19
            text run at (0,0) width 33: "dolor"
      RenderBlock (anonymous) at (0,138) size 784x20
        RenderBR {BR} at (0,0) size 0x19
      RenderBlock {DIV} at (0,158) size 76x66 [border: (3px solid #000000)]
        RenderBlock (anonymous) at (3,3) size 70x40
          RenderText {#text} at (0,0) size 42x39
            text run at (0,0) width 42: "Lorem"
            text run at (0,20) width 38: "ipsum"
        RenderBlock {DIV} at (3,43) size 70x20
          RenderText {#text} at (0,0) size 33x19
            text run at (0,0) width 33: "dolor"
