layer at (0,0) size 800x600
  RenderView at (0,0) size 800x600
layer at (0,0) size 800x600
  RenderBlock {HTML} at (0,0) size 800x600
    RenderBody {BODY} at (8,8) size 784x584
      RenderBlock {P} at (0,0) size 784x40
        RenderText {#text} at (0,0) size 52x19
          text run at (0,0) width 52: "Test for "
        RenderInline {I} at (0,0) size 772x39
          RenderInline {A} at (0,0) size 301x19 [color=#0000EE]
            RenderText {#text} at (52,0) size 301x19
              text run at (52,0) width 301: "http://bugs.webkit.org/show_bug.cgi?id=13153"
          RenderText {#text} at (353,0) size 772x39
            text run at (353,0) width 4: " "
            text run at (357,0) width 415: "REGRESSION: Visual highlighting of pre-populated blank line in"
            text run at (0,20) width 113: "textarea is broken"
        RenderText {#text} at (113,20) size 4x19
          text run at (113,20) width 4: "."
      RenderBlock {P} at (0,56) size 784x20
        RenderText {#text} at (0,0) size 332x19
          text run at (0,0) width 332: "Testing the highlighting of and near hard line breaks."
      RenderBlock (anonymous) at (0,92) size 784x80
        RenderIFrame {IFRAME} at (4,4) size 62x72 [border: (1px solid #0000FF)]
          layer at (0,0) size 60x70
            RenderView at (0,0) size 60x70
          layer at (0,0) size 60x70
            RenderBlock {HTML} at (0,0) size 60x70
              RenderBody {BODY} at (8,8) size 44x54
                RenderBlock {PRE} at (0,0) size 44x48
                  RenderText {#text} at (0,0) size 24x48
                    text run at (0,0) width 24: "foo"
                    text run at (24,0) width 0: " "
                    text run at (0,16) width 0: " "
                    text run at (0,32) width 24: "bar"
        RenderIFrame {IFRAME} at (74,4) size 62x72 [border: (1px solid #0000FF)]
          layer at (0,0) size 60x70
            RenderView at (0,0) size 60x70
          layer at (0,0) size 60x70
            RenderBlock {HTML} at (0,0) size 60x70
              RenderBody {BODY} at (8,8) size 44x54
                RenderBlock {PRE} at (0,0) size 44x48
                  RenderText {#text} at (0,0) size 24x48
                    text run at (0,0) width 24: "foo"
                    text run at (24,0) width 0: " "
                    text run at (0,16) width 0: " "
                    text run at (0,32) width 24: "bar"
        RenderIFrame {IFRAME} at (144,4) size 62x72 [border: (1px solid #0000FF)]
          layer at (0,0) size 60x70
            RenderView at (0,0) size 60x70
          layer at (0,0) size 60x70
            RenderBlock {HTML} at (0,0) size 60x70
              RenderBody {BODY} at (8,8) size 44x54
                RenderBlock {PRE} at (0,0) size 44x48
                  RenderText {#text} at (0,0) size 24x48
                    text run at (0,0) width 24: "foo"
                    text run at (24,0) width 0: " "
                    text run at (0,16) width 0: " "
                    text run at (0,32) width 24: "bar"
        RenderIFrame {IFRAME} at (214,4) size 62x72 [border: (1px solid #0000FF)]
          layer at (0,0) size 60x70
            RenderView at (0,0) size 60x70
          layer at (0,0) size 60x70
            RenderBlock {HTML} at (0,0) size 60x70
              RenderBody {BODY} at (8,8) size 44x54
                RenderBlock {PRE} at (0,0) size 44x48
                  RenderText {#text} at (0,0) size 24x48
                    text run at (0,0) width 24: "foo"
                    text run at (24,0) width 0: " "
                    text run at (0,16) width 0: " "
                    text run at (0,32) width 24: "bar"
        RenderIFrame {IFRAME} at (284,4) size 62x72 [border: (1px solid #0000FF)]
          layer at (0,0) size 60x70
            RenderView at (0,0) size 60x70
          layer at (0,0) size 60x70
            RenderBlock {HTML} at (0,0) size 60x70
              RenderBody {BODY} at (8,8) size 44x54
                RenderBlock {PRE} at (0,0) size 44x48
                  RenderText {#text} at (0,0) size 24x48
                    text run at (0,0) width 24: "foo"
                    text run at (24,0) width 0: " "
                    text run at (0,16) width 0: " "
                    text run at (0,32) width 24: "bar"
        RenderIFrame {IFRAME} at (354,4) size 62x72 [border: (1px solid #0000FF)]
          layer at (0,0) size 60x70
            RenderView at (0,0) size 60x70
          layer at (0,0) size 60x70
            RenderBlock {HTML} at (0,0) size 60x70
              RenderBody {BODY} at (8,8) size 44x54
                RenderBlock {PRE} at (0,0) size 44x48
                  RenderText {#text} at (0,0) size 24x48
                    text run at (0,0) width 24: "foo"
                    text run at (24,0) width 0: " "
                    text run at (0,16) width 0: " "
                    text run at (0,32) width 24: "bar"
        RenderIFrame {IFRAME} at (424,4) size 62x72 [border: (1px solid #0000FF)]
          layer at (0,0) size 60x70
            RenderView at (0,0) size 60x70
          layer at (0,0) size 60x70
            RenderBlock {HTML} at (0,0) size 60x70
              RenderBody {BODY} at (8,8) size 44x54
                RenderBlock {PRE} at (0,0) size 44x48
                  RenderText {#text} at (0,0) size 24x48
                    text run at (0,0) width 24: "foo"
                    text run at (24,0) width 0: " "
                    text run at (0,16) width 0: " "
                    text run at (0,32) width 24: "bar"
        RenderIFrame {IFRAME} at (494,4) size 62x72 [border: (1px solid #0000FF)]
          layer at (0,0) size 60x70
            RenderView at (0,0) size 60x70
          layer at (0,0) size 60x70
            RenderBlock {HTML} at (0,0) size 60x70
              RenderBody {BODY} at (8,8) size 44x54
                RenderBlock {PRE} at (0,0) size 44x48
                  RenderText {#text} at (0,0) size 24x48
                    text run at (0,0) width 24: "foo"
                    text run at (24,0) width 0: " "
                    text run at (0,16) width 0: " "
                    text run at (0,32) width 24: "bar"
        RenderIFrame {IFRAME} at (564,4) size 62x72 [border: (1px solid #0000FF)]
          layer at (0,0) size 60x70
            RenderView at (0,0) size 60x70
          layer at (0,0) size 60x70
            RenderBlock {HTML} at (0,0) size 60x70
              RenderBody {BODY} at (8,8) size 44x54
                RenderBlock {PRE} at (0,0) size 44x48
                  RenderText {#text} at (0,0) size 24x48
                    text run at (0,0) width 24: "foo"
                    text run at (24,0) width 0: " "
                    text run at (0,16) width 0: " "
                    text run at (0,32) width 24: "bar"
        RenderIFrame {IFRAME} at (634,4) size 62x72 [border: (1px solid #0000FF)]
          layer at (0,0) size 60x70
            RenderView at (0,0) size 60x70
          layer at (0,0) size 60x70
            RenderBlock {HTML} at (0,0) size 60x70
              RenderBody {BODY} at (8,8) size 44x54
                RenderBlock {PRE} at (0,0) size 44x48
                  RenderText {#text} at (0,0) size 24x48
                    text run at (0,0) width 24: "foo"
                    text run at (24,0) width 0: " "
                    text run at (0,16) width 0: " "
                    text run at (0,32) width 24: "bar"
        RenderText {#text} at (0,0) size 0x0
      RenderBlock {P} at (0,188) size 784x20
        RenderText {#text} at (0,0) size 311x19
          text run at (0,0) width 311: "Testing the highlighting of text split across boxes."
      RenderBlock (anonymous) at (0,224) size 784x80
        RenderIFrame {IFRAME} at (4,4) size 130x72 [border: (1px solid #0000FF)]
          layer at (0,0) size 128x70
            RenderView at (0,0) size 128x70
          layer at (0,0) size 128x70
            RenderBlock {HTML} at (0,0) size 128x70
              RenderBody {BODY} at (8,8) size 112x54
                RenderBlock {DIV} at (0,0) size 112x40
                  RenderText {#text} at (0,0) size 84x39
                    text run at (0,0) width 46: "Lorem "
                    text run at (46,0) width 38: "ipsum"
                    text run at (0,20) width 33: "dolor"
        RenderText {#text} at (0,0) size 0x0
