layer at (0,0) size 800x600
  RenderView at (0,0) size 800x600
layer at (0,0) size 800x600
  RenderBlock {HTML} at (0,0) size 800x600
    RenderBody {BODY} at (8,8) size 784x584
layer at (8,8) size 100x96
  RenderBlock {DIV} at (0,0) size 100x96 [color=#00000000]
    RenderText {#text} at (0,0) size 98x96
      text run at (0,0) width 6: "i "
      text run at (5,0) width 10: "x "
      text run at (14,0) width 13: "m "
      text run at (26,0) width 9: "n "
      text run at (35,0) width 9: "o "
      text run at (43,0) width 10: "p "
      text run at (52,0) width 10: "q "
      text run at (61,0) width 7: "r "
      text run at (68,0) width 7: "s "
      text run at (74,0) width 7: "t "
      text run at (80,0) width 10: "u "
      text run at (89,0) width 7: "v"
      text run at (0,12) width 11: "w "
      text run at (10,12) width 10: "x "
      text run at (19,12) width 10: "y "
      text run at (28,12) width 8: "z "
      text run at (36,12) width 6: "i "
      text run at (41,12) width 10: "x "
      text run at (50,12) width 13: "m "
      text run at (62,12) width 9: "n "
      text run at (71,12) width 9: "o "
      text run at (79,12) width 10: "p "
      text run at (88,12) width 7: "q"
      text run at (0,24) width 7: "r "
      text run at (6,24) width 8: "s "
      text run at (13,24) width 7: "t "
      text run at (19,24) width 9: "u "
      text run at (28,24) width 9: "v "
      text run at (36,24) width 12: "w "
      text run at (47,24) width 10: "x "
      text run at (56,24) width 9: "y "
      text run at (65,24) width 8: "z "
      text run at (72,24) width 7: "i "
      text run at (78,24) width 10: "x "
      text run at (87,24) width 10: "m"
      text run at (0,36) width 9: "n "
      text run at (8,36) width 10: "o "
      text run at (17,36) width 10: "p "
      text run at (26,36) width 9: "q "
      text run at (35,36) width 7: "r "
      text run at (41,36) width 8: "s "
      text run at (48,36) width 7: "t "
      text run at (54,36) width 9: "u "
      text run at (63,36) width 9: "v "
      text run at (71,36) width 12: "w "
      text run at (82,36) width 10: "x "
      text run at (91,36) width 7: "y"
      text run at (0,48) width 8: "z "
      text run at (7,48) width 7: "i "
      text run at (13,48) width 10: "x "
      text run at (22,48) width 12: "m "
      text run at (34,48) width 9: "n "
      text run at (42,48) width 10: "o "
      text run at (51,48) width 10: "p "
      text run at (60,48) width 9: "q "
      text run at (69,48) width 7: "r "
      text run at (75,48) width 8: "s "
      text run at (82,48) width 7: "t "
      text run at (88,48) width 7: "u"
      text run at (0,60) width 9: "v "
      text run at (8,60) width 12: "w "
      text run at (19,60) width 10: "x "
      text run at (28,60) width 9: "y "
      text run at (37,60) width 8: "z "
      text run at (44,60) width 7: "i "
      text run at (50,60) width 10: "x "
      text run at (59,60) width 12: "m "
      text run at (71,60) width 9: "n "
      text run at (79,60) width 10: "o "
      text run at (88,60) width 7: "p"
      text run at (0,72) width 9: "q "
      text run at (8,72) width 8: "r "
      text run at (15,72) width 8: "s "
      text run at (22,72) width 6: "t "
      text run at (28,72) width 9: "u "
      text run at (36,72) width 10: "v "
      text run at (45,72) width 12: "w "
      text run at (56,72) width 9: "x "
      text run at (65,72) width 9: "y "
      text run at (73,72) width 9: "z "
      text run at (81,72) width 7: "i "
      text run at (87,72) width 7: "x"
      text run at (0,84) width 12: "m "
      text run at (11,84) width 10: "n "
      text run at (20,84) width 10: "o "
      text run at (29,84) width 9: "p "
      text run at (38,84) width 9: "q "
      text run at (46,84) width 8: "r "
      text run at (53,84) width 8: "s "
      text run at (60,84) width 6: "t "
      text run at (66,84) width 6: "u"
selection start: position 0 of child 0 {#text} of child 0 {DIV} of body
selection end:   position 271 of child 0 {#text} of child 0 {DIV} of body
