layer at (0,0) size 800x600
  RenderView at (0,0) size 800x600
layer at (0,0) size 800x600
  RenderBlock {HTML} at (0,0) size 800x600
    RenderBody {BODY} at (8,8) size 784x584
      RenderBlock {DIV} at (0,0) size 784x285 [color=#0000007F]
        RenderBlock {DIV} at (0,0) size 784x57
          RenderText {#text} at (0,1) size 244x55
            text run at (0,1) width 244: "Text shadow"
        RenderBlock {DIV} at (0,57) size 784x57
          RenderText {#text} at (0,1) size 244x55
            text run at (0,1) width 244: "Text shadow"
        RenderBlock {DIV} at (0,114) size 784x57
          RenderText {#text} at (0,1) size 244x55
            text run at (0,1) width 244: "Text shadow"
        RenderBlock {DIV} at (0,171) size 784x57
          RenderText {#text} at (0,1) size 244x55
            text run at (0,1) width 244: "Text shadow"
        RenderBlock {DIV} at (0,228) size 784x57
          RenderText {#text} at (0,1) size 244x55
            text run at (0,1) width 244: "Text shadow"
