layer at (0,0) size 785x1050
  RenderView at (0,0) size 785x600
layer at (0,0) size 785x1050
  RenderBlock {HTML} at (0,0) size 785x1050
    RenderBody {BODY} at (8,16) size 769x1018
      RenderBlock {P} at (0,0) size 769x20
        RenderText {#text} at (0,0) size 403x19
          text run at (0,0) width 403: "In all of the following, there should not be a hyphen before \x{201C}lorem\x{201D}."
      RenderBlock {P} at (0,36) size 769x20
        RenderText {#text} at (0,0) size 19x19
          text run at (0,0) width 19: "Do"
        RenderBlock (floating) {SPAN} at (756,0) size 13x22 [border: (1px solid #FF0000)]
          RenderText {#text} at (1,1) size 11x19
            text run at (1,1) width 11: "X"
        RenderText {#text} at (19,0) size 73x19
          text run at (19,0) width 73: "\x{AD}lorem ipsum"
      RenderBlock {P} at (0,72) size 769x20
        RenderBlock (floating) {SPAN} at (756,0) size 13x22 [border: (1px solid #FF0000)]
          RenderText {#text} at (1,1) size 11x19
            text run at (1,1) width 11: "X"
        RenderText {#text} at (0,0) size 73x19
          text run at (0,0) width 73: "lorem ipsum"
      RenderBlock {P} at (0,108) size 769x22
        RenderText {#text} at (0,1) size 19x19
          text run at (0,1) width 19: "Do"
        RenderText {#text} at (32,1) size 73x19
          text run at (32,1) width 73: "\x{AD}lorem ipsum"
      RenderBlock {P} at (0,146) size 769x20
        RenderText {#text} at (0,0) size 19x19
          text run at (0,0) width 19: "Do"
        RenderText {#text} at (19,0) size 73x19
          text run at (19,0) width 73: "\x{AD}lorem ipsum"
      RenderBlock (anonymous) at (0,182) size 769x20
        RenderText {#text} at (0,0) size 19x19
          text run at (0,0) width 19: "Do"
      RenderBlock {P} at (0,218) size 769x20
        RenderText {#text} at (0,0) size 73x19
          text run at (0,0) width 73: "lorem ipsum"
      RenderBlock {P} at (0,254) size 769x40
        RenderText {#text} at (0,0) size 19x19
          text run at (0,0) width 19: "Do"
        RenderBR {BR} at (19,15) size 0x0
        RenderText {#text} at (0,20) size 73x19
          text run at (0,20) width 73: "lorem ipsum"
      RenderBlock {P} at (0,310) size 769x20
        RenderText {#text} at (0,0) size 19x19
          text run at (0,0) width 19: "Do"
        RenderInline {SPAN} at (0,0) size 34x19
          RenderText {#text} at (19,0) size 34x19
            text run at (19,0) width 34: "\x{AD}lorem"
        RenderText {#text} at (53,0) size 39x19
          text run at (53,0) width 39: " ipsum"
      RenderBlock {P} at (0,346) size 769x20
        RenderText {#text} at (0,0) size 11x19
          text run at (0,0) width 11: "D"
        RenderInline {SPAN} at (0,0) size 8x19
          RenderText {#text} at (11,0) size 8x19
            text run at (11,0) width 8: "o"
        RenderText {#text} at (19,0) size 73x19
          text run at (19,0) width 73: "\x{AD}lorem ipsum"
      RenderBlock {P} at (0,382) size 769x20
        RenderText {#text} at (0,0) size 23x19
          text run at (0,0) width 23: "Do "
        RenderInline {SPAN} at (0,0) size 34x19
          RenderText {#text} at (23,0) size 34x19
            text run at (23,0) width 34: "\x{AD}lorem"
        RenderText {#text} at (57,0) size 39x19
          text run at (57,0) width 39: " ipsum"
      RenderBlock {P} at (0,418) size 769x20
        RenderText {#text} at (0,0) size 11x19
          text run at (0,0) width 11: "D"
        RenderInline {SPAN} at (0,0) size 12x19
          RenderText {#text} at (11,0) size 12x19
            text run at (11,0) width 12: "o "
        RenderText {#text} at (23,0) size 73x19
          text run at (23,0) width 73: "\x{AD}lorem ipsum"
      RenderBlock {P} at (0,454) size 769x20
        RenderText {#text} at (0,0) size 23x19
          text run at (0,0) width 23: "Do "
        RenderInline {SPAN} at (0,0) size 34x19
          RenderText {#text} at (23,0) size 34x19
            text run at (23,0) width 34: "\x{AD}lorem"
        RenderText {#text} at (57,0) size 39x19
          text run at (57,0) width 39: " ipsum"
      RenderBlock {P} at (0,490) size 769x20
        RenderText {#text} at (0,0) size 11x19
          text run at (0,0) width 11: "D"
        RenderInline {SPAN} at (0,0) size 12x19
          RenderText {#text} at (11,0) size 12x19
            text run at (11,0) width 12: "o "
        RenderText {#text} at (23,0) size 73x19
          text run at (23,0) width 73: "\x{AD}lorem ipsum"
      RenderBlock {P} at (0,526) size 769x20
        RenderText {#text} at (0,0) size 61x19
          text run at (0,0) width 61: "Do \x{AD} lorem"
      RenderBlock {P} at (0,562) size 769x20
        RenderText {#text} at (0,0) size 57x19
          text run at (0,0) width 57: "Do\x{AD} \x{AD}lorem"
      RenderBlock {P} at (0,598) size 769x20
        RenderText {#text} at (0,0) size 57x19
          text run at (0,0) width 23: "Do "
          text run at (23,0) width 34: "\x{AD}lorem"
      RenderBlock {P} at (0,634) size 769x20
        RenderText {#text} at (0,0) size 57x19
          text run at (0,0) width 23: "Do\x{AD} "
          text run at (23,0) width 34: "lorem"
      RenderBlock {P} at (0,670) size 769x20
        RenderText {#text} at (0,0) size 61x19
          text run at (0,0) width 27: "Do \x{AD} "
          text run at (27,0) width 34: "lorem"
      RenderBlock {P} at (0,706) size 769x20
        RenderText {#text} at (0,0) size 61x19
          text run at (0,0) width 23: "Do "
          text run at (23,0) width 38: "\x{AD} lorem"
      RenderBlock {P} at (0,742) size 769x20
        RenderText {#text} at (0,0) size 19x19
          text run at (0,0) width 19: "Do"
        RenderInline {SPAN} at (0,0) size 0x19
        RenderText {#text} at (19,0) size 73x19
          text run at (19,0) width 73: "\x{AD}lorem ipsum"
      RenderBlock {P} at (0,778) size 769x20
        RenderText {#text} at (0,0) size 92x19
          text run at (0,0) width 92: "Do\x{AD}\x{AD}lorem ipsum"
      RenderBlock {P} at (0,814) size 769x20
        RenderInline {SPAN} at (0,0) size 19x19
          RenderText {#text} at (0,0) size 19x19
            text run at (0,0) width 19: "Do\x{AD}"
        RenderText {#text} at (19,0) size 73x19
          text run at (19,0) width 73: "\x{AD}lorem ipsum"
      RenderBlock {P} at (0,850) size 769x20
        RenderText {#text} at (0,0) size 19x19
          text run at (0,0) width 19: "Do\x{AD}"
        RenderInline {SPAN} at (0,0) size 73x19
          RenderText {#text} at (19,0) size 73x19
            text run at (19,0) width 73: "\x{AD}lorem ipsum"
      RenderBlock {P} at (0,886) size 769x20
        RenderInline {SPAN} at (0,0) size 19x19
          RenderText {#text} at (0,0) size 19x19
            text run at (0,0) width 19: "Do\x{AD}\x{AD}"
        RenderText {#text} at (19,0) size 73x19
          text run at (19,0) width 73: "lorem ipsum"
      RenderBlock {P} at (0,922) size 769x20
        RenderText {#text} at (0,0) size 230x19
          text run at (0,0) width 230: "The following pair should be the same:"
      RenderBlock {P} at (0,958) size 769x22
        RenderText {#text} at (0,1) size 15x19
          text run at (0,1) width 15: "W"
        RenderBlock {SPAN} at (15,0) size 13x22 [border: (1px solid #FF0000)]
          RenderText {#text} at (1,1) size 11x19
            text run at (1,1) width 11: "X"
        RenderText {#text} at (28,1) size 11x19
          text run at (28,1) width 11: "Y"
      RenderBlock {P} at (0,996) size 769x22
        RenderText {#text} at (0,1) size 15x19
          text run at (0,1) width 15: "W"
        RenderBlock {SPAN} at (15,0) size 13x22 [border: (1px solid #FF0000)]
          RenderText {#text} at (1,1) size 11x19
            text run at (1,1) width 11: "X"
        RenderText {#text} at (28,1) size 11x19
          text run at (28,1) width 11: "Y"
layer at (27,124) size 13x22
  RenderBlock (relative positioned) {SPAN} at (19,0) size 13x22 [border: (1px solid #FF0000)]
    RenderText {#text} at (1,1) size 11x19
      text run at (1,1) width 11: "X"
layer at (772,162) size 13x22
  RenderBlock (positioned) {SPAN} at (772,162) size 13x22 [border: (1px solid #FF0000)]
    RenderText {#text} at (1,1) size 11x19
      text run at (1,1) width 11: "X"
