layer at (0,0) size 9600207x1840
  RenderView at (0,0) size 785x585
layer at (0,0) size 785x1840
  RenderBlock {HTML} at (0,0) size 785x1840
    RenderBody {BODY} at (8,16) size 769x1808
      RenderBlock {P} at (0,0) size 769x100 [bgcolor=#FFFFFF]
        RenderText {#text} at (0,0) size 752x99
          text run at (0,0) width 745: "The following lines test various combinations of letter-spacing (especially negative values) and opacity. All of the lines"
          text run at (0,20) width 752: "should say \"Hello, world\" but the spacing and background shading will vary from test to test. The W3C specs are fairly"
          text run at (0,40) width 745: "silent on how user agents should handle unusual values of letter-spacing, especially negative ones, which are explicitly"
          text run at (0,60) width 719: "implementation-dependent. Different browsers will render these differently, but hopefully the WebKit ports will be"
          text run at (0,80) width 117: "consistent, at least."
      RenderBlock {P} at (0,116) size 769x20 [bgcolor=#FFFFFF]
        RenderText {#text} at (0,0) size 256x19
          text run at (0,0) width 256: "The first line should be normally spaced."
      RenderBlock {P} at (0,152) size 769x20 [bgcolor=#EEEEEE]
        RenderInline {SPAN} at (0,0) size 80x19
          RenderText {#text} at (160,0) size 80x19
            text run at (160,0) width 80: "Hello, world"
      RenderBlock {P} at (0,188) size 769x20 [bgcolor=#FFFFFF]
        RenderText {#text} at (0,0) size 653x19
          text run at (0,0) width 653: "The next line tests a slight positive letter spacing, and should be slightly spaced out (wider than normal)."
      RenderBlock {P} at (0,224) size 769x20 [bgcolor=#EEEEEE]
        RenderInline {SPAN} at (0,0) size 176x19
          RenderText {#text} at (160,0) size 176x19
            text run at (160,0) width 176: "Hello, world"
      RenderBlock {P} at (0,260) size 769x40 [bgcolor=#FFFFFF]
        RenderText {#text} at (0,0) size 741x39
          text run at (0,0) width 741: "The next line tests a large positive letter spacing, and should be *very* spaced out. You may only see an 'H' and a 'w',"
          text run at (0,20) width 53: "perhaps "
          text run at (53,20) width 354: "on two different lines, unless you scroll way to the right."
      RenderBlock {P} at (0,316) size 769x40 [bgcolor=#EEEEEE]
        RenderInline {SPAN} at (0,0) size 19399x39
          RenderText {#text} at (160,0) size 19399x39
            text run at (160,0) width 19239: "Hello,"
            text run at (0,20) width 16037: "world"
      RenderBlock {P} at (0,372) size 769x40 [bgcolor=#FFFFFF]
        RenderText {#text} at (0,0) size 765x39
          text run at (0,0) width 765: "The next line tests a very large positive letter spacing, and should also be *very* spaced out. You may only see an 'H' and"
          text run at (0,20) width 37: "a 'w', "
          text run at (37,20) width 407: "perhaps on two different lines, unless you scroll way to the right."
      RenderBlock {P} at (0,428) size 769x40 [bgcolor=#EEEEEE]
        RenderInline {SPAN} at (0,0) size 9600199x39
          RenderText {#text} at (160,0) size 9600199x39
            text run at (160,0) width 9600039: "Hello,"
            text run at (0,20) width 8000037: "world"
      RenderBlock {P} at (0,484) size 769x20 [bgcolor=#FFFFFF]
        RenderText {#text} at (0,0) size 528x19
          text run at (0,0) width 528: "The next line tests a small negative line spacing, and should be crammed backwards"
      RenderBlock {P} at (0,520) size 769x20 [bgcolor=#EEEEEE]
        RenderInline {SPAN} at (0,0) size 0x19
          RenderText {#text} at (160,0) size -16x19
            text run at (160,0) width -16: "Hello, world"
      RenderBlock {P} at (0,556) size 769x20 [bgcolor=#FFFFFF]
        RenderText {#text} at (0,0) size 508x19
          text run at (0,0) width 508: "The next line tests a large negative line spacing, and should be just display an 'H'"
      RenderBlock {P} at (0,592) size 769x20 [bgcolor=#EEEEEE]
        RenderInline {SPAN} at (0,0) size 0x19
          RenderText {#text} at (160,0) size -38320x19
            text run at (160,0) width -38320: "Hello, world"
      RenderBlock {P} at (0,628) size 769x20 [bgcolor=#FFFFFF]
        RenderText {#text} at (0,0) size 510x19
          text run at (0,0) width 510: "The next line tests a very large negative line spacing, and should just have an 'H'."
      RenderBlock {P} at (0,664) size 769x20 [bgcolor=#EEEEEE]
        RenderInline {SPAN} at (0,0) size 0x19
          RenderText {#text} at (160,0) size -1919920x19
            text run at (160,0) width -1919920: "Hello, world"
      RenderBlock {P} at (0,700) size 769x40 [bgcolor=#FFFFFF]
        RenderText {#text} at (0,0) size 766x39
          text run at (0,0) width 712: "The next few lines test the interaction with opacity. The first line should be normally spaced out, slightly opaque, "
          text run at (712,0) width 54: "and on a"
          text run at (0,20) width 196: "differently-colored background"
      RenderBlock {P} at (0,756) size 769x20 [bgcolor=#EEEEEE]
      RenderBlock {P} at (0,792) size 769x20 [bgcolor=#FFFFFF]
        RenderText {#text} at (0,0) size 710x19
          text run at (0,0) width 329: "The next line tests a small positive line spacing, and "
          text run at (329,0) width 381: "should be slightly spaced out, opaque, and on a background."
      RenderBlock {P} at (0,828) size 769x20 [bgcolor=#EEEEEE]
      RenderBlock {P} at (0,864) size 769x20 [bgcolor=#FFFFFF]
        RenderText {#text} at (0,0) size 632x19
          text run at (0,0) width 632: "The next line tests a large positive line spacing, and should be very widely spaced, on a background."
      RenderBlock {P} at (0,900) size 769x40 [bgcolor=#EEEEEE]
      RenderBlock {P} at (0,956) size 769x20 [bgcolor=#FFFFFF]
        RenderText {#text} at (0,0) size 754x19
          text run at (0,0) width 332: "The next line tests a very large positive line spacing, "
          text run at (332,0) width 422: "and should be very widely spaced but blank, and on a background."
      RenderBlock {P} at (0,992) size 769x40 [bgcolor=#EEEEEE]
      RenderBlock {P} at (0,1048) size 769x20 [bgcolor=#FFFFFF]
        RenderText {#text} at (0,0) size 437x19
          text run at (0,0) width 437: "The next line tests a small negative line spacing, and should be blank."
      RenderBlock {P} at (0,1084) size 769x20 [bgcolor=#EEEEEE]
      RenderBlock {P} at (0,1120) size 769x20 [bgcolor=#FFFFFF]
        RenderText {#text} at (0,0) size 435x19
          text run at (0,0) width 435: "The next line tests a large negative line spacing, and should be blank."
      RenderBlock {P} at (0,1156) size 769x20 [bgcolor=#EEEEEE]
      RenderBlock {P} at (0,1192) size 769x20 [bgcolor=#FFFFFF]
        RenderText {#text} at (0,0) size 467x19
          text run at (0,0) width 467: "The next line tests a very large negative line spacing, and should be blank."
      RenderBlock {P} at (0,1228) size 769x20 [bgcolor=#EEEEEE]
      RenderBlock {P} at (0,1264) size 769x20 [bgcolor=#FFFFFF]
        RenderText {#text} at (0,0) size 260x19
          text run at (0,0) width 260: "Now we do a few basic right-to-left tests:"
      RenderBlock {P} at (0,1300) size 769x20 [bgcolor=#FFFFFF]
        RenderText {#text} at (0,0) size 256x19
          text run at (0,0) width 256: "The first line should be normally spaced."
      RenderBlock {P} at (0,1336) size 769x20 [bgcolor=#EEEEEE]
        RenderInline {SPAN} at (0,0) size 80x19
          RenderText {#text} at (160,0) size 80x19
            text run at (160,0) width 80 RTL: "Hello, world"
      RenderBlock {P} at (0,1372) size 769x20 [bgcolor=#FFFFFF]
        RenderText {#text} at (0,0) size 402x19
          text run at (0,0) width 402: "The next line should be slightly spaced out (wider than normal)."
      RenderBlock {P} at (0,1408) size 769x20 [bgcolor=#EEEEEE]
        RenderInline {SPAN} at (0,0) size 176x19
          RenderText {#text} at (160,0) size 176x19
            text run at (160,0) width 176 RTL: "Hello, world"
      RenderBlock {P} at (0,1444) size 769x20 [bgcolor=#FFFFFF]
        RenderText {#text} at (0,0) size 473x19
          text run at (0,0) width 346: "The next line should be crammed backwards, just as if "
          text run at (346,0) width 127: "it wasn't right-to-left"
      RenderBlock {P} at (0,1480) size 769x20 [bgcolor=#EEEEEE]
        RenderInline {SPAN} at (0,0) size 0x19
          RenderText {#text} at (160,0) size -16x19
            text run at (160,0) width -16 RTL: "Hello, world"
      RenderBlock {P} at (0,1516) size 769x20 [bgcolor=#FFFFFF]
        RenderText {#text} at (0,0) size 461x19
          text run at (0,0) width 331: "The next line tests a large negative line spacing, and "
          text run at (331,0) width 130: "should just print a 'd'"
      RenderBlock {P} at (0,1552) size 769x20 [bgcolor=#EEEEEE]
        RenderInline {SPAN} at (0,0) size 0x19
          RenderText {#text} at (160,0) size -38320x19
            text run at (160,0) width -38320 RTL: "Hello, world"
      RenderBlock {P} at (0,1588) size 769x40 [bgcolor=#FFFFFF]
        RenderText {#text} at (0,0) size 731x39
          text run at (0,0) width 146: "Now, opacity as well - "
          text run at (146,0) width 398: "The next line should be printed right to left, slightly spaced out "
          text run at (544,0) width 187: "(wider than normal), and on a"
          text run at (0,20) width 79: "background."
      RenderBlock {P} at (0,1644) size 769x20 [bgcolor=#EEEEEE]
      RenderBlock {P} at (0,1680) size 769x20 [bgcolor=#FFFFFF]
        RenderText {#text} at (0,0) size 437x19
          text run at (0,0) width 437: "The next line tests a small negative line spacing, and should be blank."
      RenderBlock {P} at (0,1716) size 769x20 [bgcolor=#EEEEEE]
      RenderBlock {P} at (0,1752) size 769x20 [bgcolor=#FFFFFF]
        RenderText {#text} at (0,0) size 447x19
          text run at (0,0) width 447: "The next line tests a large negative line spacing, and it should be blank."
      RenderBlock {P} at (0,1788) size 769x20 [bgcolor=#EEEEEE]
layer at (8,772) size 80x19
  RenderInline {SPAN} at (0,0) size 80x19 [bgcolor=#CCCCFF]
    RenderText {#text} at (160,0) size 80x19
      text run at (160,0) width 80: "Hello, world"
layer at (8,844) size 176x19
  RenderInline {SPAN} at (0,0) size 176x19 [bgcolor=#CCCCFF]
    RenderText {#text} at (160,0) size 176x19
      text run at (160,0) width 176: "Hello, world"
layer at (8,916) size 19399x39
  RenderInline {SPAN} at (0,0) size 19399x39 [bgcolor=#CCCCFF]
    RenderText {#text} at (160,0) size 19399x39
      text run at (160,0) width 19239: "Hello,"
      text run at (0,20) width 16037: "world"
layer at (8,1008) size 9600199x39
  RenderInline {SPAN} at (0,0) size 9600199x39 [bgcolor=#CCCCFF]
    RenderText {#text} at (160,0) size 9600199x39
      text run at (160,0) width 9600039: "Hello,"
      text run at (0,20) width 8000037: "world"
layer at (8,1660) size 176x19
  RenderInline {SPAN} at (0,0) size 176x19 [bgcolor=#CCCCFF]
    RenderText {#text} at (160,0) size 176x19
      text run at (160,0) width 176 RTL: "Hello, world"
