layer at (0,0) size 800x600
  RenderView at (0,0) size 800x600
layer at (0,0) size 800x600
  RenderBlock {HTML} at (0,0) size 800x600
    RenderBody {BODY} at (8,8) size 784x584
      RenderBlock {DIV} at (0,0) size 42x200 [color=#008000]
        RenderText {#text} at (1,0) size 40x27
          text run at (1,0) width 27: "1 "
        RenderInline {SPAN} at (0,0) size 40x108
          RenderCombineText {#text} at (1,27) size 40x108
            text run at (1,27) width 108: "123456"
        RenderText {#text} at (1,135) size 40x27
          text run at (1,135) width 27: " 2"
