layer at (0,0) size 800x600
  RenderView at (0,0) size 800x600
layer at (0,0) size 800x600
  RenderBlock {HTML} at (0,0) size 800x600
    RenderBody {BODY} at (8,8) size 784x584
      RenderBlock {CENTER} at (0,0) size 784x58
        RenderBlock {FORM} at (0,0) size 784x24
          RenderTable {TABLE} at (39,0) size 706x24
            RenderTableSection {TBODY} at (0,0) size 706x24
              RenderTableRow {TR} at (0,0) size 706x24
                RenderTableCell {TD} at (0,3) size 150x18 [r=0 c=0 rs=2 cs=1]
                  RenderText {#text} at (0,0) size 4x17
                    text run at (0,0) width 4: " "
                RenderTableCell {TD} at (150,1) size 292x22 [r=0 c=1 rs=1 cs=1]
                  RenderTextControl {INPUT} at (0,0) size 292x21 [bgcolor=#FFFFFF] [border: (2px inset #808080)]
                  RenderText {#text} at (0,0) size 0x0
                RenderTableCell {TD} at (442,0) size 104x24 [r=0 c=2 rs=1 cs=1]
                  RenderButton {INPUT} at (0,0) size 104x24 [color=#000000CC] [bgcolor=#C0C0C0] [border: (2px outset #C0C0C0)]
                    RenderBlock (anonymous) at (8,4) size 88x15
                      RenderText at (0,0) size 88x15
                        text run at (0,0) width 88: "Search Froogle"
                  RenderText {#text} at (0,0) size 0x0
                RenderTableCell {TD} at (545,3) size 161x18 [r=0 c=3 rs=2 cs=1]
                  RenderInline {LABEL} at (0,0) size 114x11
                    RenderText {#text} at (0,0) size 0x0
                    RenderBlock {INPUT} at (12,3) size 12x12
                    RenderText {#text} at (26,6) size 98x11
                      text run at (26,6) width 98: " Remember this location"
                  RenderText {#text} at (0,0) size 0x0
        RenderBlock (anonymous) at (0,40) size 784x18
          RenderBR {BR} at (392,0) size 0x17
layer at (200,13) size 286x15
  RenderBlock {DIV} at (3,3) size 286x15
caret: position 1 of child 0 {#text} of child 1 {TD} of child 0 {TR} of child 1 {TBODY} of child 1 {TABLE} of child 1 {FORM} of child 1 {CENTER} of body
