layer at (0,0) size 800x600
  RenderView at (0,0) size 800x600
layer at (0,0) size 800x600
  RenderBlock {HTML} at (0,0) size 800x600
    RenderBody {BODY} at (8,8) size 784x584
      RenderBlock (floating) {DIV} at (8,8) size 200x46 [bgcolor=#FFFFE0]
        RenderText {#text} at (0,0) size 151x22
          text run at (0,0) width 151: "Lorem ipsum dolor"
        RenderInline {SPAN} at (0,0) size 180x45 [bgcolor=#FFC0CB]
          RenderText {#text} at (151,0) size 180x45
            text run at (151,0) width 29: " sit "
            text run at (0,23) width 37: "amet"
        RenderText {#text} at (0,0) size 0x0
      RenderBlock (floating) {DIV} at (224,8) size 200x46 [bgcolor=#FFFFE0]
        RenderText {#text} at (10,0) size 151x22
          text run at (10,0) width 151: "Lorem ipsum dolor"
        RenderInline {SPAN} at (0,0) size 109x45 [bgcolor=#FFC0CB]
          RenderText {#text} at (161,0) size 109x45
            text run at (161,0) width 29: " sit "
            text run at (81,23) width 38: "amet"
        RenderText {#text} at (0,0) size 0x0
      RenderBlock (floating) {DIV} at (440,8) size 200x46 [bgcolor=#FFFFE0]
        RenderText {#text} at (20,0) size 151x22
          text run at (20,0) width 151: "Lorem ipsum dolor"
        RenderInline {SPAN} at (0,0) size 37x45 [bgcolor=#FFC0CB]
          RenderText {#text} at (171,0) size 37x45
            text run at (171,0) width 29: " sit "
            text run at (163,23) width 37: "amet"
        RenderText {#text} at (0,0) size 0x0
      RenderBlock (floating) {DIV} at (8,70) size 200x46 [bgcolor=#FFFFE0]
        RenderText {#text} at (0,0) size 165x22
          text run at (0,0) width 165: "Lorem ipsum dolor"
        RenderInline {SPAN} at (0,0) size 200x45 [bgcolor=#FFC0CB]
          RenderText {#text} at (164,0) size 200x45
            text run at (164,0) width 36: " sit "
            text run at (0,23) width 37: "amet"
        RenderText {#text} at (0,0) size 0x0
      RenderBlock (floating) {DIV} at (224,70) size 200x46 [bgcolor=#FFFFE0]
        RenderText {#text} at (5,0) size 151x22
          text run at (5,0) width 151: "Lorem ipsum dolor"
        RenderInline {SPAN} at (0,0) size 180x45 [bgcolor=#FFC0CB]
          RenderText {#text} at (0,0) size 180x45
            text run at (0,0) width 5 RTL: " "
            text run at (156,0) width 24: " sit"
            text run at (0,23) width 37: "amet"
        RenderText {#text} at (0,0) size 0x0
      RenderBlock (floating) {DIV} at (440,70) size 200x46 [bgcolor=#FFFFE0]
        RenderText {#text} at (15,0) size 151x22
          text run at (15,0) width 151: "Lorem ipsum dolor"
        RenderInline {SPAN} at (0,0) size 180x45 [bgcolor=#FFC0CB]
          RenderText {#text} at (10,0) size 180x45
            text run at (10,0) width 5 RTL: " "
            text run at (166,0) width 24: " sit"
            text run at (81,23) width 38: "amet"
        RenderText {#text} at (0,0) size 0x0
      RenderBlock (floating) {DIV} at (8,132) size 200x46 [bgcolor=#FFFFE0]
        RenderText {#text} at (25,0) size 151x22
          text run at (25,0) width 151: "Lorem ipsum dolor"
        RenderInline {SPAN} at (0,0) size 180x45 [bgcolor=#FFC0CB]
          RenderText {#text} at (20,0) size 180x45
            text run at (20,0) width 5 RTL: " "
            text run at (176,0) width 24: " sit"
            text run at (163,23) width 37: "amet"
        RenderText {#text} at (0,0) size 0x0
      RenderBlock (floating) {DIV} at (224,132) size 200x46 [bgcolor=#FFFFE0]
        RenderText {#text} at (5,0) size 165x22
          text run at (5,0) width 165: "Lorem ipsum dolor"
        RenderInline {SPAN} at (0,0) size 200x45 [bgcolor=#FFC0CB]
          RenderText {#text} at (0,0) size 200x45
            text run at (0,0) width 5 RTL: " "
            text run at (169,0) width 31: " sit"
            text run at (163,23) width 37: "amet"
        RenderText {#text} at (0,0) size 0x0
      RenderBlock (floating) {DIV} at (440,132) size 200x46 [bgcolor=#FFFFE0]
        RenderText {#text} at (0,0) size 181x22
          text run at (0,0) width 108: "Lorem ipsum "
          text run at (146,0) width 35 RTL: "\x{5D0}\x{5E0}\x{5D8}\x{5E3}"
        RenderInline {SPAN} at (0,0) size 186x45 [bgcolor=#FFC0CB]
          RenderText {#text} at (108,0) size 186x45
            text run at (108,0) width 38 RTL: " \x{5E9}\x{5DC}\x{5D2}\x{5D9}"
            text run at (181,0) width 5: " "
            text run at (0,23) width 37: "amet"
        RenderText {#text} at (0,0) size 0x0
      RenderBlock (floating) {DIV} at (8,194) size 200x46 [bgcolor=#FFFFE0]
        RenderText {#text} at (7,0) size 181x22
          text run at (7,0) width 108: "Lorem ipsum "
          text run at (153,0) width 35 RTL: "\x{5D0}\x{5E0}\x{5D8}\x{5E3}"
        RenderInline {SPAN} at (0,0) size 112x45 [bgcolor=#FFC0CB]
          RenderText {#text} at (115,0) size 112x45
            text run at (115,0) width 38 RTL: " \x{5E9}\x{5DC}\x{5D2}\x{5D9}"
            text run at (188,0) width 5: " "
            text run at (81,23) width 38: "amet"
        RenderText {#text} at (0,0) size 0x0
      RenderBlock (floating) {DIV} at (224,194) size 200x46 [bgcolor=#FFFFE0]
        RenderText {#text} at (14,0) size 181x22
          text run at (14,0) width 108: "Lorem ipsum "
          text run at (160,0) width 35 RTL: "\x{5D0}\x{5E0}\x{5D8}\x{5E3}"
        RenderInline {SPAN} at (0,0) size 78x45 [bgcolor=#FFC0CB]
          RenderText {#text} at (122,0) size 78x45
            text run at (122,0) width 38 RTL: " \x{5E9}\x{5DC}\x{5D2}\x{5D9}"
            text run at (195,0) width 5: " "
            text run at (163,23) width 37: "amet"
        RenderText {#text} at (0,0) size 0x0
      RenderBlock (floating) {DIV} at (440,194) size 200x46 [bgcolor=#FFFFE0]
        RenderText {#text} at (0,0) size 195x22
          text run at (0,0) width 118: "Lorem ipsum "
          text run at (160,0) width 35 RTL: "\x{5D0}\x{5E0}\x{5D8}\x{5E3}"
        RenderInline {SPAN} at (0,0) size 200x45 [bgcolor=#FFC0CB]
          RenderText {#text} at (117,0) size 200x45
            text run at (117,0) width 43 RTL: " \x{5E9}\x{5DC}\x{5D2}\x{5D9}"
            text run at (195,0) width 5: " "
            text run at (0,23) width 37: "amet"
        RenderText {#text} at (0,0) size 0x0
      RenderBlock (floating) {DIV} at (8,256) size 200x46 [bgcolor=#FFFFE0]
        RenderText {#text} at (43,0) size 143x22
          text run at (43,0) width 40 RTL: " \x{5D0}\x{5E0}\x{5D8}\x{5E3}"
          text run at (83,0) width 103: "Lorem ipsum"
        RenderInline {SPAN} at (0,0) size 43x45 [bgcolor=#FFC0CB]
          RenderText {#text} at (0,0) size 43x45
            text run at (0,0) width 43 RTL: " \x{5E9}\x{5DC}\x{5D2}\x{5D9} "
            text run at (0,23) width 37: "amet"
        RenderText {#text} at (0,0) size 0x0
      RenderBlock (floating) {DIV} at (224,256) size 200x46 [bgcolor=#FFFFE0]
        RenderText {#text} at (50,0) size 143x22
          text run at (50,0) width 40 RTL: " \x{5D0}\x{5E0}\x{5D8}\x{5E3}"
          text run at (90,0) width 103: "Lorem ipsum"
        RenderInline {SPAN} at (0,0) size 112x45 [bgcolor=#FFC0CB]
          RenderText {#text} at (7,0) size 112x45
            text run at (7,0) width 43 RTL: " \x{5E9}\x{5DC}\x{5D2}\x{5D9} "
            text run at (81,23) width 38: "amet"
        RenderText {#text} at (0,0) size 0x0
      RenderBlock (floating) {DIV} at (440,256) size 200x46 [bgcolor=#FFFFE0]
        RenderText {#text} at (57,0) size 143x22
          text run at (57,0) width 40 RTL: " \x{5D0}\x{5E0}\x{5D8}\x{5E3}"
          text run at (97,0) width 103: "Lorem ipsum"
        RenderInline {SPAN} at (0,0) size 186x45 [bgcolor=#FFC0CB]
          RenderText {#text} at (14,0) size 186x45
            text run at (14,0) width 43 RTL: " \x{5E9}\x{5DC}\x{5D2}\x{5D9} "
            text run at (163,23) width 37: "amet"
        RenderText {#text} at (0,0) size 0x0
      RenderBlock (floating) {DIV} at (8,318) size 200x46 [bgcolor=#FFFFE0]
        RenderText {#text} at (47,0) size 153x22
          text run at (47,0) width 46 RTL: " \x{5D0}\x{5E0}\x{5D8}\x{5E3}"
          text run at (92,0) width 108: "Lorem ipsum"
        RenderInline {SPAN} at (0,0) size 200x45 [bgcolor=#FFC0CB]
          RenderText {#text} at (0,0) size 200x45
            text run at (0,0) width 48 RTL: " \x{5E9}\x{5DC}\x{5D2}\x{5D9} "
            text run at (163,23) width 37: "amet"
        RenderText {#text} at (0,0) size 0x0
