layer at (0,0) size 800x600
  RenderView at (0,0) size 800x600
layer at (0,0) size 800x215
  RenderBlock {HTML} at (0,0) size 800x215
    RenderBody {BODY} at (8,16) size 784x191
      RenderBlock {P} at (0,0) size 784x40
        RenderText {#text} at (0,0) size 723x39
          text run at (0,0) width 723: "This tests line break on vertical text. The test should be run on a cold font cache and refreshing the page should not show"
          text run at (0,20) width 63: "difference."
      RenderBlock {DIV} at (0,56) size 98x135
        RenderText {#text} at (0,27) size 44x120
          text run at (0,27) width 108 RTL: "\x{5D0}\x{5E0}\x{5D9} \x{5D7}\x{5EA}\x{5D5}\x{5DC}."
          text run at (22,15) width 120 RTL: "\x{5D0}\x{5D9}\x{5DF} \x{5DC}\x{5D9} \x{5E9}\x{5DD}."
