layer at (0,0) size 800x600
  RenderView at (0,0) size 800x600
layer at (0,0) size 800x600
  RenderBlock {HTML} at (0,0) size 800x600
    RenderBody {BODY} at (8,8) size 784x584
      RenderBlock {P} at (0,0) size 784x40
        RenderText {#text} at (0,0) size 52x19
          text run at (0,0) width 52: "Test for "
        RenderInline {I} at (0,0) size 732x39
          RenderInline {A} at (0,0) size 301x19 [color=#0000EE]
            RenderText {#text} at (52,0) size 301x19
              text run at (52,0) width 301: "http://bugs.webkit.org/show_bug.cgi?id=17464"
          RenderText {#text} at (353,0) size 732x39
            text run at (353,0) width 4: " "
            text run at (357,0) width 375: "REGRESSION: Crash in RenderBlock::findNextLineBreak"
            text run at (0,20) width 250: "reading r30444 commit email in GMail"
        RenderText {#text} at (250,20) size 4x19
          text run at (250,20) width 4: "."
      RenderBlock {P} at (0,56) size 784x20
        RenderText {#text} at (0,0) size 156x19
          text run at (0,0) width 156: "No crash means success."
      RenderBlock {DIV} at (0,92) size 100x40
        RenderText {#text} at (0,0) size 84x19
          text run at (0,0) width 84: "Lorem ipsum"
        RenderWordBreak {WBR} at (0,0) size 0x0
        RenderText {#text} at (0,20) size 85x19
          text run at (0,20) width 85: "dolor sit amet"
