layer at (0,0) size 785x726
  RenderView at (0,0) size 785x600
layer at (0,0) size 785x726
  RenderBlock {HTML} at (0,0) size 785x726
    RenderBody {BODY} at (8,8) size 769x708
      RenderBlock {P} at (0,0) size 769x20
        RenderText {#text} at (0,0) size 173x19
          text run at (0,0) width 173: "Two words with no spaces."
      RenderBlock {DIV} at (0,36) size 302x22 [border: (1px solid #0000FF)]
        RenderText {#text} at (1,1) size 480x19
          text run at (1,1) width 480: "aaaaaaaaaaaaaaaaaaaaaaaaaaaaaaaabbbbbbbbbbbbbbbbbbbbbbbbbbbbbbbb"
      RenderTable {TABLE} at (0,68) size 769x22
        RenderTableSection {TBODY} at (0,0) size 769x22
          RenderTableRow {TR} at (0,0) size 769x22
            RenderTableCell {TD} at (0,0) size 482x22 [border: (1px solid #008000)] [r=0 c=0 rs=1 cs=1]
              RenderText {#text} at (1,1) size 480x19
                text run at (1,1) width 480: "aaaaaaaaaaaaaaaaaaaaaaaaaaaaaaaabbbbbbbbbbbbbbbbbbbbbbbbbbbbbbbb"
            RenderTableCell {TD} at (482,11) size 287x0 [r=0 c=1 rs=1 cs=1]
      RenderBlock {P} at (0,106) size 769x20
        RenderText {#text} at (0,0) size 187x19
          text run at (0,0) width 187: "Using <wbr> to break words."
      RenderBlock {DIV} at (0,142) size 302x42 [border: (1px solid #0000FF)]
        RenderText {#text} at (1,1) size 224x19
          text run at (1,1) width 224: "aaaaaaaaaaaaaaaaaaaaaaaaaaaaaaaa"
        RenderWordBreak {WBR} at (0,0) size 0x0
        RenderText {#text} at (1,21) size 256x19
          text run at (1,21) width 256: "bbbbbbbbbbbbbbbbbbbbbbbbbbbbbbbb"
      RenderTable {TABLE} at (0,194) size 769x42
        RenderTableSection {TBODY} at (0,0) size 769x42
          RenderTableRow {TR} at (0,0) size 769x42
            RenderTableCell {TD} at (0,0) size 258x42 [border: (1px solid #008000)] [r=0 c=0 rs=1 cs=1]
              RenderText {#text} at (1,1) size 224x19
                text run at (1,1) width 224: "aaaaaaaaaaaaaaaaaaaaaaaaaaaaaaaa"
              RenderWordBreak {WBR} at (0,0) size 0x0
              RenderText {#text} at (1,21) size 256x19
                text run at (1,21) width 256: "bbbbbbbbbbbbbbbbbbbbbbbbbbbbbbbb"
            RenderTableCell {TD} at (258,21) size 511x0 [r=0 c=1 rs=1 cs=1]
      RenderBlock {P} at (0,252) size 769x20
        RenderText {#text} at (0,0) size 282x19
          text run at (0,0) width 282: "Using <wbr> within <nobr> to break words."
      RenderBlock {DIV} at (0,288) size 302x22 [border: (1px solid #0000FF)]
        RenderInline {NOBR} at (0,0) size 480x19
          RenderText {#text} at (1,1) size 224x19
            text run at (1,1) width 224: "aaaaaaaaaaaaaaaaaaaaaaaaaaaaaaaa"
          RenderWordBreak {WBR} at (0,0) size 0x0
          RenderText {#text} at (225,1) size 256x19
            text run at (225,1) width 256: "bbbbbbbbbbbbbbbbbbbbbbbbbbbbbbbb"
      RenderTable {TABLE} at (0,320) size 769x22
        RenderTableSection {TBODY} at (0,0) size 769x22
          RenderTableRow {TR} at (0,0) size 769x22
            RenderTableCell {TD} at (0,0) size 482x22 [border: (1px solid #008000)] [r=0 c=0 rs=1 cs=1]
              RenderInline {NOBR} at (0,0) size 480x19
                RenderText {#text} at (1,1) size 224x19
                  text run at (1,1) width 224: "aaaaaaaaaaaaaaaaaaaaaaaaaaaaaaaa"
                RenderWordBreak {WBR} at (0,0) size 0x0
                RenderText {#text} at (225,1) size 256x19
                  text run at (225,1) width 256: "bbbbbbbbbbbbbbbbbbbbbbbbbbbbbbbb"
            RenderTableCell {TD} at (482,11) size 287x0 [r=0 c=1 rs=1 cs=1]
      RenderBlock {P} at (0,358) size 769x20
        RenderText {#text} at (0,0) size 222x19
          text run at (0,0) width 222: "Using <wbr> to break three words."
      RenderBlock {DIV} at (0,394) size 302x62 [border: (1px solid #0000FF)]
        RenderText {#text} at (1,1) size 168x19
          text run at (1,1) width 168: "aaaaaaaaaaaaaaaaaaaaaaaa"
        RenderWordBreak {WBR} at (0,0) size 0x0
        RenderText {#text} at (1,21) size 192x19
          text run at (1,21) width 192: "bbbbbbbbbbbbbbbbbbbbbbbb"
        RenderWordBreak {WBR} at (0,0) size 0x0
        RenderText {#text} at (1,41) size 168x19
          text run at (1,41) width 168: "cccccccccccccccccccccccc"
      RenderTable {TABLE} at (0,466) size 769x62
        RenderTableSection {TBODY} at (0,0) size 769x62
          RenderTableRow {TR} at (0,0) size 769x62
            RenderTableCell {TD} at (0,0) size 194x62 [border: (1px solid #008000)] [r=0 c=0 rs=1 cs=1]
              RenderText {#text} at (1,1) size 168x19
                text run at (1,1) width 168: "aaaaaaaaaaaaaaaaaaaaaaaa"
              RenderWordBreak {WBR} at (0,0) size 0x0
              RenderText {#text} at (1,21) size 192x19
                text run at (1,21) width 192: "bbbbbbbbbbbbbbbbbbbbbbbb"
              RenderWordBreak {WBR} at (0,0) size 0x0
              RenderText {#text} at (1,41) size 168x19
                text run at (1,41) width 168: "cccccccccccccccccccccccc"
            RenderTableCell {TD} at (194,31) size 575x0 [r=0 c=1 rs=1 cs=1]
      RenderBlock {P} at (0,544) size 769x20
        RenderText {#text} at (0,0) size 317x19
          text run at (0,0) width 317: "Using <wbr> within <nobr> to break three words."
      RenderBlock {DIV} at (0,580) size 302x22 [border: (1px solid #0000FF)]
        RenderInline {NOBR} at (0,0) size 528x19
          RenderText {#text} at (1,1) size 168x19
            text run at (1,1) width 168: "aaaaaaaaaaaaaaaaaaaaaaaa"
          RenderWordBreak {WBR} at (0,0) size 0x0
          RenderText {#text} at (169,1) size 192x19
            text run at (169,1) width 192: "bbbbbbbbbbbbbbbbbbbbbbbb"
          RenderWordBreak {WBR} at (0,0) size 0x0
          RenderText {#text} at (361,1) size 168x19
            text run at (361,1) width 168: "cccccccccccccccccccccccc"
      RenderTable {TABLE} at (0,612) size 769x22
        RenderTableSection {TBODY} at (0,0) size 769x22
          RenderTableRow {TR} at (0,0) size 769x22
            RenderTableCell {TD} at (0,0) size 530x22 [border: (1px solid #008000)] [r=0 c=0 rs=1 cs=1]
              RenderInline {NOBR} at (0,0) size 528x19
                RenderText {#text} at (1,1) size 168x19
                  text run at (1,1) width 168: "aaaaaaaaaaaaaaaaaaaaaaaa"
                RenderWordBreak {WBR} at (0,0) size 0x0
                RenderText {#text} at (169,1) size 192x19
                  text run at (169,1) width 192: "bbbbbbbbbbbbbbbbbbbbbbbb"
                RenderWordBreak {WBR} at (0,0) size 0x0
                RenderText {#text} at (361,1) size 168x19
                  text run at (361,1) width 168: "cccccccccccccccccccccccc"
            RenderTableCell {TD} at (530,11) size 239x0 [r=0 c=1 rs=1 cs=1]
      RenderBlock {P} at (0,650) size 769x20
        RenderText {#text} at (0,0) size 435x19
          text run at (0,0) width 435: "Spaces both before and after <wbr> to check for collapsing behavior."
      RenderBlock {DIV} at (0,686) size 302x22 [border: (1px solid #0000FF)]
        RenderText {#text} at (1,1) size 25x19
          text run at (1,1) width 25: "aaa "
        RenderWordBreak {WBR} at (0,0) size 0x0
        RenderText {#text} at (26,1) size 24x19
          text run at (26,1) width 24: "bbb"
