layer at (0,0) size 800x600
  RenderView at (0,0) size 800x600
layer at (0,0) size 800x600
  RenderBlock {HTML} at (0,0) size 800x600
    RenderBody {BODY} at (8,8) size 784x576
      RenderBlock {P} at (0,0) size 784x40
        RenderText {#text} at (0,0) size 52x19
          text run at (0,0) width 52: "Test for "
        RenderInline {I} at (0,0) size 780x39
          RenderInline {A} at (0,0) size 301x19 [color=#0000EE]
            RenderText {#text} at (52,0) size 301x19
              text run at (52,0) width 301: "http://bugs.webkit.org/show_bug.cgi?id=15367"
          RenderText {#text} at (353,0) size 780x39
            text run at (353,0) width 4: " "
            text run at (357,0) width 423: "Assertion failure inspecting a document including soft hyphen code"
            text run at (0,20) width 41: "(0xad)"
        RenderText {#text} at (41,20) size 4x19
          text run at (41,20) width 4: "."
      RenderBlock {P} at (0,56) size 784x20
        RenderText {#text} at (0,0) size 489x19
          text run at (0,0) width 489: "The following text should not wrap and the border should fit tightly around it."
layer at (8,100) size 115x26
  RenderBlock (positioned) {DIV} at (8,100) size 115x26 [border: (3px solid #000000)]
    RenderText {#text} at (3,3) size 109x19
      text run at (3,3) width 109: "Two soft\x{AD}hyp\x{AD}hens"
