layer at (0,0) size 785x1012
  RenderView at (0,0) size 785x600
layer at (0,0) size 785x1012
  RenderBlock {HTML} at (0,0) size 785x1012
    RenderBody {BODY} at (8,8) size 769x996
      RenderBlock (anonymous) at (0,0) size 769x20
        RenderText {#text} at (0,0) size 683x19
          text run at (0,0) width 683: "This example tests that word-break properly shrinks a cell to one character per line when it is set to break-all."
      RenderTable {TABLE} at (0,20) size 769x110 [border: (1px outset #808080)]
        RenderTableSection {TBODY} at (1,1) size 767x108
          RenderTableRow {TR} at (0,0) size 767x108
            RenderTableCell {TD} at (0,0) size 20x108 [border: (1px inset #808080)] [r=0 c=0 rs=1 cs=1]
              RenderText {#text} at (6,6) size 8x96
                text run at (6,6) width 8: "N"
                text run at (6,22) width 8: "a"
                text run at (6,38) width 8: "r"
                text run at (6,54) width 8: "r"
                text run at (6,70) width 8: "o"
                text run at (6,86) width 8: "w"
            RenderTableCell {TD} at (20,40) size 747x28 [border: (1px inset #808080)] [r=0 c=1 rs=1 cs=1]
              RenderText {#text} at (6,6) size 168x16
                text run at (6,6) width 168: "This cell should grow"
      RenderBlock (anonymous) at (0,130) size 769x40
        RenderBR {BR} at (0,0) size 0x19
        RenderText {#text} at (0,20) size 430x19
          text run at (0,20) width 430: "This test checks that word-break is ignored when white-space is pre."
      RenderBlock {PRE} at (0,183) size 110x26 [border: (5px solid #000000)]
        RenderText {#text} at (5,5) size 448x16
          text run at (5,5) width 448: "Thislongwordshouldnotgetbrokenbutshouldstickoutofthepre."
          text run at (453,5) width 0: " "
      RenderBlock (anonymous) at (0,222) size 769x80
        RenderBR {BR} at (0,0) size 0x19
        RenderText {#text} at (0,20) size 759x59
          text run at (0,20) width 468: "The next two examples test our custom break-word value for word-break. "
          text run at (468,20) width 291: "We should get the same results as break-all for"
          text run at (0,40) width 751: "the first test, but we should break up the word in the second test (since our behavior matches word-wrap: break-word in"
          text run at (0,60) width 63: "that case)."
      RenderTable {TABLE} at (0,302) size 769x110 [border: (1px outset #808080)]
        RenderTableSection {TBODY} at (1,1) size 767x108
          RenderTableRow {TR} at (0,0) size 767x108
            RenderTableCell {TD} at (0,0) size 20x108 [border: (1px inset #808080)] [r=0 c=0 rs=1 cs=1]
              RenderText {#text} at (6,6) size 8x96
                text run at (6,6) width 8: "N"
                text run at (6,22) width 8: "a"
                text run at (6,38) width 8: "r"
                text run at (6,54) width 8: "r"
                text run at (6,70) width 8: "o"
                text run at (6,86) width 8: "w"
            RenderTableCell {TD} at (20,40) size 747x28 [border: (1px inset #808080)] [r=0 c=1 rs=1 cs=1]
              RenderText {#text} at (6,6) size 168x16
                text run at (6,6) width 168: "This cell should grow"
      RenderBlock (anonymous) at (0,412) size 769x20
        RenderBR {BR} at (0,0) size 0x19
      RenderBlock {PRE} at (0,445) size 110x26 [border: (5px solid #000000)]
        RenderText {#text} at (5,5) size 448x16
          text run at (5,5) width 448: "Thislongwordshouldnotgetbrokenbutshouldstickoutofthepre."
          text run at (453,5) width 0: " "
      RenderBlock (anonymous) at (0,484) size 769x80
        RenderBR {BR} at (0,0) size 0x19
        RenderText {#text} at (0,20) size 764x59
          text run at (0,20) width 626: "This test makes sure floating and positioned elements do the right thing with word-break: break-all. "
          text run at (626,20) width 129: "The minimum width"
          text run at (0,40) width 299: "should be less than the containing block width. "
          text run at (299,40) width 465: "The breaking should be \"dumb\" and just occur when the end of the line is"
          text run at (0,60) width 20: "hit."
      RenderBlock {DIV} at (0,564) size 304x52 [border: (2px solid #000000)]
        RenderBlock (floating) {DIV} at (2,2) size 300x48
          RenderText {#text} at (0,0) size 296x48
            text run at (0,0) width 296: "Eventhoughthishasareallylongword itsh"
            text run at (0,16) width 296: "ouldnotstick out oftheenclosing300pxb"
            text run at (0,32) width 40: "lock."
        RenderBR {BR} at (302,2) size 0x16
      RenderBlock (anonymous) at (0,616) size 769x20
        RenderBR {BR} at (0,0) size 0x19
      RenderBlock (anonymous) at (0,740) size 769x80
        RenderBR {BR} at (0,0) size 0x19
        RenderText {#text} at (0,20) size 735x59
          text run at (0,20) width 644: "This test makes sure floating and positioned elements do the right thing with word-break: break-word. "
          text run at (644,20) width 89: "The minimum"
          text run at (0,40) width 339: "width should be less than the containing block width. "
          text run at (339,40) width 396: "The breaking should be \"smart\" and be like word-wrap: break-"
          text run at (0,60) width 569: "word, with words preferring to wrap first before allowing break opportunities within them."
      RenderBlock {DIV} at (0,820) size 304x52 [border: (2px solid #000000)]
        RenderBlock (floating) {DIV} at (2,2) size 300x48
          RenderText {#text} at (0,0) size 256x48
            text run at (0,0) width 256: "Eventhoughthishasareallylongword"
            text run at (0,16) width 160: "itshouldnotstick out"
            text run at (0,32) width 200: "oftheenclosing300pxblock."
        RenderBR {BR} at (302,2) size 0x16
      RenderBlock (anonymous) at (0,872) size 769x20
        RenderBR {BR} at (0,0) size 0x19
layer at (8,644) size 304x104
  RenderBlock (relative positioned) {DIV} at (0,636) size 304x104 [border: (2px solid #000000)]
layer at (10,646) size 300x48
  RenderBlock (positioned) {DIV} at (2,2) size 300x48
    RenderText {#text} at (0,0) size 296x48
      text run at (0,0) width 296: "Eventhoughthishasareallylongword itsh"
      text run at (0,16) width 296: "ouldnotstick out oftheenclosing300pxb"
      text run at (0,32) width 40: "lock."
layer at (8,900) size 304x104
  RenderBlock (relative positioned) {DIV} at (0,892) size 304x104 [border: (2px solid #000000)]
layer at (10,902) size 300x48
  RenderBlock (positioned) {DIV} at (2,2) size 300x48
    RenderText {#text} at (0,0) size 256x48
      text run at (0,0) width 256: "Eventhoughthishasareallylongword"
      text run at (0,16) width 160: "itshouldnotstick out"
      text run at (0,32) width 200: "oftheenclosing300pxblock."
