layer at (0,0) size 800x600
  RenderView at (0,0) size 800x600
layer at (0,0) size 800x600
  RenderBlock {HTML} at (0,0) size 800x600
    RenderBody {BODY} at (8,8) size 784x576
      RenderBlock {P} at (0,0) size 784x40
        RenderText {#text} at (0,0) size 52x19
          text run at (0,0) width 52: "Test for "
        RenderInline {I} at (0,0) size 782x39
          RenderInline {A} at (0,0) size 301x19 [color=#0000EE]
            RenderText {#text} at (52,0) size 301x19
              text run at (52,0) width 301: "http://bugs.webkit.org/show_bug.cgi?id=15259"
          RenderText {#text} at (353,0) size 782x39
            text run at (353,0) width 4: " "
            text run at (357,0) width 425: "REGRESSION:Text overflows if a empty <td> is followed by a <td"
            text run at (0,20) width 107: "align=\"center\">"
        RenderText {#text} at (107,20) size 4x19
          text run at (107,20) width 4: "."
      RenderBlock {P} at (0,56) size 784x20
        RenderText {#text} at (0,0) size 261x19
          text run at (0,0) width 261: "The next 7 lines should all look the same."
      RenderBlock (floating) {DIV} at (0,92) size 82x26 [border: (3px solid #000000)]
        RenderText {#text} at (3,3) size 76x19
          text run at (3,3) width 11: "A"
          text run at (64,3) width 15: " B"
      RenderBlock (floating) {DIV} at (0,118) size 82x26 [border: (3px solid #000000)]
        RenderText {#text} at (3,3) size 76x19
          text run at (3,3) width 11: "A"
          text run at (64,3) width 15: " B"
      RenderBlock (floating) {DIV} at (0,144) size 81x26 [border: (3px solid #000000)]
        RenderInline {SPAN} at (0,0) size 11x19
          RenderText {#text} at (3,3) size 11x19
            text run at (3,3) width 11: "A"
        RenderText {#text} at (64,3) size 14x19
          text run at (64,3) width 14: " B"
      RenderBlock (floating) {DIV} at (0,170) size 81x26 [border: (3px solid #000000)]
        RenderInline {SPAN} at (0,0) size 11x19
          RenderText {#text} at (3,3) size 11x19
            text run at (3,3) width 11: "A"
        RenderText {#text} at (64,3) size 14x19
          text run at (64,3) width 14: " B"
      RenderBlock (floating) {DIV} at (0,196) size 81x26 [border: (3px solid #000000)]
        RenderInline {SPAN} at (0,0) size 11x19
          RenderText {#text} at (3,3) size 11x19
            text run at (3,3) width 11: "A"
        RenderText {#text} at (64,3) size 14x19
          text run at (64,3) width 14: " B"
      RenderBlock (floating) {DIV} at (0,222) size 81x26 [border: (3px solid #000000)]
        RenderInline {SPAN} at (0,0) size 11x19
          RenderText {#text} at (3,3) size 11x19
            text run at (3,3) width 11: "A"
        RenderText {#text} at (64,3) size 4x19
          text run at (64,3) width 4: " "
        RenderInline {SPAN} at (0,0) size 10x19
          RenderText {#text} at (68,3) size 10x19
            text run at (68,3) width 10: "B"
      RenderBlock (floating) {DIV} at (0,248) size 81x26 [border: (3px solid #000000)]
        RenderInline {SPAN} at (0,0) size 11x19
          RenderText {#text} at (3,3) size 11x19
            text run at (3,3) width 11: "A"
        RenderText {#text} at (64,3) size 14x19
          text run at (64,3) width 14: " B"
