layer at (0,0) size 800x600
  RenderView at (0,0) size 800x600
layer at (0,0) size 800x600
  RenderBlock {HTML} at (0,0) size 800x600
    RenderBody {BODY} at (8,8) size 784x584
      RenderBlock {P} at (0,0) size 784x54
        RenderText {#text} at (0,0) size 768x36
          text run at (0,0) width 768: "This test checks the renderer's ability to layer multiple cells in a table on top of one another. This test has three cells that"
          text run at (0,18) width 222: "span multiple table grid slots. The "
        RenderInline {SPAN} at (0,0) size 24x18 [color=#FF0000]
          RenderText {#text} at (221,18) size 24x18
            text run at (221,18) width 24: "red"
        RenderText {#text} at (244,18) size 388x18
          text run at (244,18) width 388: " cell starts at row 1 and column 3 and spans three rows. The "
        RenderInline {SPAN} at (0,0) size 30x18 [color=#0000FF]
          RenderText {#text} at (631,18) size 30x18
            text run at (631,18) width 30: "blue"
        RenderText {#text} at (660,18) size 771x36
          text run at (660,18) width 111: " cell starts at row"
          text run at (0,36) width 388: "2, and column 2, and spans two columns and two rows. The "
        RenderInline {SPAN} at (0,0) size 38x18 [color=#008000]
          RenderText {#text} at (387,36) size 38x18
            text run at (387,36) width 38: "green"
        RenderText {#text} at (424,36) size 201x18
          text run at (424,36) width 201: " cell spans 4 columns of row 3."
      RenderBlock {P} at (0,70) size 784x36
        RenderText {#text} at (0,0) size 780x36
          text run at (0,0) width 780: "If the test succeeds then you should see no text inside the table. If you see the text 'FAIL' inside the table, then the test has"
          text run at (0,18) width 41: "failed."
      RenderTable {TABLE} at (0,122) size 102x76 [border: (1px outset #808080)]
        RenderTableSection {TBODY} at (1,1) size 100x74
          RenderTableRow {TR} at (0,2) size 100x22
            RenderTableCell {TD} at (2,2) size 20x22 [border: (1px inset #808080)] [r=0 c=0 rs=1 cs=1]
              RenderText {#text} at (2,2) size 16x18
                text run at (2,2) width 16: "    "
            RenderTableCell {TD} at (24,2) size 20x22 [border: (1px inset #808080)] [r=0 c=1 rs=1 cs=1]
              RenderText {#text} at (2,2) size 16x18
                text run at (2,2) width 16: "    "
            RenderTableCell {TD} at (46,50) size 52x22 [bgcolor=#FF0000] [border: (1px inset #808080)] [r=0 c=2 rs=3 cs=1]
              RenderBlock {DIV} at (2,2) size 48x18
                RenderText {#text} at (0,0) size 48x18
                  text run at (0,0) width 48: "            "
          RenderTableRow {TR} at (0,26) size 100x22
            RenderTableCell {TD} at (2,26) size 20x22 [border: (1px inset #808080)] [r=1 c=0 rs=1 cs=1]
              RenderText {#text} at (2,2) size 16x18
                text run at (2,2) width 16: "    "
            RenderTableCell {TD} at (24,50) size 74x22 [bgcolor=#0000FF] [border: (1px inset #808080)] [r=1 c=1 rs=2 cs=2]
              RenderBlock {DIV} at (2,2) size 70x18 [color=#008000]
                RenderText {#text} at (15,0) size 55x18
                  text run at (15,0) width 55: "   FAIL  "
          RenderTableRow {TR} at (0,50) size 100x22
            RenderTableCell {TD} at (2,50) size 96x22 [bgcolor=#008000] [border: (1px inset #808080)] [r=2 c=0 rs=1 cs=3]
              RenderBlock {DIV} at (2,2) size 92x18
                RenderText {#text} at (84,0) size 8x18
                  text run at (84,0) width 8: "  "
