layer at (0,0) size 800x600
  RenderView at (0,0) size 800x600
layer at (0,0) size 800x163
  RenderBlock {HTML} at (0,0) size 800x164
    RenderBody {BODY} at (4,4) size 792x155
      RenderBlock {DIV} at (11,11) size 130x130 [border: (1px solid #000000)]
      RenderText {#text} at (152,144) size 3x10
        text run at (152,144) width 3: " "
      RenderBlock {DIV} at (166,11) size 130x130 [border: (1px solid #000000)]
      RenderText {#text} at (306,144) size 3x10
        text run at (306,144) width 3: " "
      RenderBlock {DIV} at (320,11) size 130x130 [border: (1px solid #000000)]
      RenderText {#text} at (461,144) size 3x10
        text run at (461,144) width 3: " "
      RenderImage {IMG} at (474,11) size 131x130 [border: (1px solid #000000)]
      RenderText {#text} at (0,0) size 0x0
      RenderText {#text} at (0,0) size 0x0
      RenderText {#text} at (0,0) size 0x0
      RenderText {#text} at (0,0) size 0x0
