layer at (0,0) size 800x600
  RenderView at (0,0) size 800x600
layer at (0,0) size 800x600
  RenderBlock {HTML} at (0,0) size 800x600
    RenderBody {BODY} at (8,8) size 776x584
      RenderBlock {UL} at (0,0) size 60x584
        RenderListItem {LI} at (0,40) size 20x544
          RenderListMarker at (0,-18) size 19x7: bullet
        RenderListItem {LI} at (20,40) size 20x544
          RenderListMarker at (0,-18) size 19x7: bullet
        RenderListItem {LI} at (40,40) size 20x544
          RenderListMarker at (0,-18) size 19x7: bullet
          RenderText {#text} at (0,0) size 19x307
            text run at (0,0) width 307: "There should be two bullets with no text above me."
