layer at (0,0) size 800x600
  RenderView at (0,0) size 800x600
layer at (0,0) size 800x600
  RenderBlock {HTML} at (0,0) size 800x600
    RenderBody {BODY} at (8,8) size 776x584
      RenderBlock {UL} at (0,0) size 120x584 [bgcolor=#808080] [border: (25px solid #008000) none]
        RenderListItem {LI} at (0,50) size 40x534
          RenderListMarker at (0,-18) size 19x7: bullet
          RenderText {#text} at (0,0) size 39x529
            text run at (0,0) width 529: "The top padding on this unordered list has been set to 25 pixels, which will require some"
            text run at (20,0) width 151: "extra test in order to test."
        RenderListItem {LI} at (40,50) size 80x534 [bgcolor=#FFFFFF] [border: (25px solid #008000) none]
          RenderListMarker at (0,-18) size 19x7: bullet
          RenderText {#text} at (0,50) size 79x470
            text run at (0,50) width 448: "Another list item might not be such a bad idea, either, considering that such"
            text run at (20,50) width 232: "things do need to be double-checked. "
            text run at (20,282) width 238: "This list item has its left padding also set"
            text run at (40,50) width 470: "to 25 pixels, which should combine with the list's padding to make 50 pixels of"
            text run at (60,50) width 44: "margin."
