layer at (0,0) size 1904x585
  RenderView at (0,0) size 800x585
layer at (0,0) size 1904x585
  RenderBlock {HTML} at (0,0) size 1904x585
    RenderBody {BODY} at (8,8) size 1880x569
      RenderBlock {UL} at (0,0) size 142x182 [border: (1px solid #0000FF)]
        RenderListItem {LI} at (1,41) size 40x140 [border: (5px solid #FFA500)]
          RenderListMarker at (10,-18) size 19x7: bullet
          RenderText {#text} at (10,10) size 19x56
            text run at (10,10) width 56: "First item"
        RenderListItem {LI} at (41,41) size 60x140 [border: (5px solid #FFA500)]
          RenderListMarker at (10,-18) size 19x7: bullet
          RenderText {#text} at (10,10) size 39x102
            text run at (10,10) width 102: "Second and very"
            text run at (30,10) width 84: "very long item"
        RenderListItem {LI} at (101,41) size 40x140 [border: (5px solid #FFA500)]
          RenderListMarker at (10,-18) size 19x7: bullet
          RenderText {#text} at (10,10) size 19x61
            text run at (10,10) width 61: "Third item"
      RenderBlock {UL} at (158,0) size 142x182 [border: (1px solid #FF0000)]
        RenderListItem {LI} at (1,1) size 40x140 [border: (5px solid #FFA500)]
          RenderListMarker at (10,151) size 19x7: bullet
          RenderText {#text} at (10,74) size 19x56
            text run at (10,74) width 56: "First item"
        RenderListItem {LI} at (41,1) size 60x140 [border: (5px solid #FFA500)]
          RenderListMarker at (10,151) size 19x7: bullet
          RenderText {#text} at (10,28) size 39x102
            text run at (10,28) width 102: "Second and very"
            text run at (30,46) width 84: "very long item"
        RenderListItem {LI} at (101,1) size 40x140 [border: (5px solid #FFA500)]
          RenderListMarker at (10,151) size 19x7: bullet
          RenderText {#text} at (10,69) size 19x61
            text run at (10,69) width 61: "Third item"
      RenderBlock {UL} at (316,0) size 142x182 [border: (1px solid #0000FF)]
        RenderListItem {LI} at (1,41) size 40x140 [border: (5px solid #FFA500)]
          RenderListMarker at (10,9) size 19x7: bullet
          RenderText {#text} at (10,25) size 19x56
            text run at (10,25) width 56: "First item"
        RenderListItem {LI} at (41,41) size 60x140 [border: (5px solid #FFA500)]
          RenderListMarker at (10,9) size 19x7: bullet
          RenderText {#text} at (10,25) size 39x117
            text run at (10,25) width 102: "Second and very"
            text run at (30,10) width 84: "very long item"
        RenderListItem {LI} at (101,41) size 40x140 [border: (5px solid #FFA500)]
          RenderListMarker at (10,9) size 19x7: bullet
          RenderText {#text} at (10,25) size 19x61
            text run at (10,25) width 61: "Third item"
      RenderBlock {UL} at (474,0) size 142x182 [border: (1px solid #FF0000)]
        RenderListItem {LI} at (1,1) size 40x140 [border: (5px solid #FFA500)]
          RenderListMarker at (10,124) size 19x7: bullet
          RenderText {#text} at (10,59) size 19x56
            text run at (10,59) width 56: "First item"
        RenderListItem {LI} at (41,1) size 60x140 [border: (5px solid #FFA500)]
          RenderListMarker at (10,124) size 19x7: bullet
          RenderText {#text} at (10,13) size 39x117
            text run at (10,13) width 102: "Second and very"
            text run at (30,46) width 84: "very long item"
        RenderListItem {LI} at (101,1) size 40x140 [border: (5px solid #FFA500)]
          RenderListMarker at (10,124) size 19x7: bullet
          RenderText {#text} at (10,54) size 19x61
            text run at (10,54) width 61: "Third item"
      RenderBlock {UL} at (632,0) size 142x182 [border: (1px solid #0000FF)]
        RenderListItem {LI} at (1,41) size 40x140 [border: (5px solid #FFA500)]
          RenderListMarker at (14,-17) size 10x10
          RenderText {#text} at (10,10) size 19x56
            text run at (10,10) width 56: "First item"
        RenderListItem {LI} at (41,41) size 60x140 [border: (5px solid #FFA500)]
          RenderListMarker at (14,-17) size 10x10
          RenderText {#text} at (10,10) size 39x102
            text run at (10,10) width 102: "Second and very"
            text run at (30,10) width 84: "very long item"
        RenderListItem {LI} at (101,41) size 40x140 [border: (5px solid #FFA500)]
          RenderListMarker at (14,-17) size 10x10
          RenderText {#text} at (10,10) size 19x61
            text run at (10,10) width 61: "Third item"
      RenderBlock {UL} at (790,0) size 142x182 [border: (1px solid #FF0000)]
        RenderListItem {LI} at (1,1) size 40x140 [border: (5px solid #FFA500)]
          RenderListMarker at (14,147) size 10x10
          RenderText {#text} at (10,74) size 19x56
            text run at (10,74) width 56: "First item"
        RenderListItem {LI} at (41,1) size 60x140 [border: (5px solid #FFA500)]
          RenderListMarker at (14,147) size 10x10
          RenderText {#text} at (10,28) size 39x102
            text run at (10,28) width 102: "Second and very"
            text run at (30,46) width 84: "very long item"
        RenderListItem {LI} at (101,1) size 40x140 [border: (5px solid #FFA500)]
          RenderListMarker at (14,147) size 10x10
          RenderText {#text} at (10,69) size 19x61
            text run at (10,69) width 61: "Third item"
      RenderBlock {UL} at (948,0) size 142x182 [border: (1px solid #0000FF)]
        RenderListItem {LI} at (1,41) size 40x140 [border: (5px solid #FFA500)]
          RenderListMarker at (14,10) size 10x10
          RenderText {#text} at (10,27) size 19x56
            text run at (10,27) width 56: "First item"
        RenderListItem {LI} at (41,41) size 60x140 [border: (5px solid #FFA500)]
          RenderListMarker at (14,10) size 10x10
          RenderText {#text} at (10,27) size 39x119
            text run at (10,27) width 102: "Second and very"
            text run at (30,10) width 84: "very long item"
        RenderListItem {LI} at (101,41) size 40x140 [border: (5px solid #FFA500)]
          RenderListMarker at (14,10) size 10x10
          RenderText {#text} at (10,27) size 19x61
            text run at (10,27) width 61: "Third item"
      RenderBlock {UL} at (1106,0) size 142x182 [border: (1px solid #FF0000)]
        RenderListItem {LI} at (1,1) size 40x140 [border: (5px solid #FFA500)]
          RenderListMarker at (14,120) size 10x10
          RenderText {#text} at (10,57) size 19x56
            text run at (10,57) width 56: "First item"
        RenderListItem {LI} at (41,1) size 60x140 [border: (5px solid #FFA500)]
          RenderListMarker at (14,120) size 10x10
          RenderText {#text} at (10,11) size 39x119
            text run at (10,11) width 102: "Second and very"
            text run at (30,46) width 84: "very long item"
        RenderListItem {LI} at (101,1) size 40x140 [border: (5px solid #FFA500)]
          RenderListMarker at (14,120) size 10x10
          RenderText {#text} at (10,52) size 19x61
            text run at (10,52) width 61: "Third item"
      RenderBlock {OL} at (1264,0) size 142x182 [border: (1px solid #0000FF)]
        RenderListItem {LI} at (1,41) size 40x140 [border: (5px solid #FFA500)]
          RenderListMarker at (10,-21) size 19x16: "1"
          RenderText {#text} at (10,10) size 19x56
            text run at (10,10) width 56: "First item"
        RenderListItem {LI} at (41,41) size 60x140 [border: (5px solid #FFA500)]
          RenderListMarker at (10,-21) size 19x16: "2"
          RenderText {#text} at (10,10) size 39x102
            text run at (10,10) width 102: "Second and very"
            text run at (30,10) width 84: "very long item"
        RenderListItem {LI} at (101,41) size 40x140 [border: (5px solid #FFA500)]
          RenderListMarker at (10,-21) size 19x16: "3"
          RenderText {#text} at (10,10) size 19x61
            text run at (10,10) width 61: "Third item"
      RenderBlock {OL} at (1422,0) size 142x182 [border: (1px solid #FF0000)]
        RenderListItem {LI} at (1,1) size 40x140 [border: (5px solid #FFA500)]
          RenderListMarker at (10,145) size 19x16: "1"
          RenderText {#text} at (10,74) size 19x56
            text run at (10,74) width 56: "First item"
        RenderListItem {LI} at (41,1) size 60x140 [border: (5px solid #FFA500)]
          RenderListMarker at (10,145) size 19x16: "2"
          RenderText {#text} at (10,28) size 39x102
            text run at (10,28) width 102: "Second and very"
            text run at (30,46) width 84: "very long item"
        RenderListItem {LI} at (101,1) size 40x140 [border: (5px solid #FFA500)]
          RenderListMarker at (10,145) size 19x16: "3"
          RenderText {#text} at (10,69) size 19x61
            text run at (10,69) width 61: "Third item"
      RenderBlock {OL} at (1580,0) size 142x182 [border: (1px solid #0000FF)]
        RenderListItem {LI} at (1,41) size 40x140 [border: (5px solid #FFA500)]
          RenderListMarker at (10,10) size 19x16: "1"
          RenderText {#text} at (10,26) size 19x56
            text run at (10,26) width 56: "First item"
        RenderListItem {LI} at (41,41) size 60x140 [border: (5px solid #FFA500)]
          RenderListMarker at (10,10) size 19x16: "2"
          RenderText {#text} at (10,26) size 39x118
            text run at (10,26) width 102: "Second and very"
            text run at (30,10) width 84: "very long item"
        RenderListItem {LI} at (101,41) size 40x140 [border: (5px solid #FFA500)]
          RenderListMarker at (10,10) size 19x16: "3"
          RenderText {#text} at (10,26) size 19x61
            text run at (10,26) width 61: "Third item"
      RenderBlock {OL} at (1738,0) size 142x182 [border: (1px solid #FF0000)]
        RenderListItem {LI} at (1,1) size 40x140 [border: (5px solid #FFA500)]
          RenderListMarker at (10,114) size 19x16: "1"
          RenderText {#text} at (10,58) size 19x56
            text run at (10,58) width 56: "First item"
        RenderListItem {LI} at (41,1) size 60x140 [border: (5px solid #FFA500)]
          RenderListMarker at (10,114) size 19x16: "2"
          RenderText {#text} at (10,12) size 39x118
            text run at (10,12) width 102: "Second and very"
            text run at (30,46) width 84: "very long item"
        RenderListItem {LI} at (101,1) size 40x140 [border: (5px solid #FFA500)]
          RenderListMarker at (10,114) size 19x16: "3"
          RenderText {#text} at (10,53) size 19x61
            text run at (10,53) width 61: "Third item"
