layer at (0,0) size 800x600
  RenderView at (0,0) size 800x600
layer at (0,0) size 800x600
  RenderBlock {HTML} at (0,0) size 800x600
    RenderBody {BODY} at (8,8) size 784x576
      RenderBlock {P} at (0,0) size 784x20
        RenderText {#text} at (0,0) size 593x19
          text run at (0,0) width 492: "This tests that the size of the list marker is not effected by the width of the border. "
          text run at (492,0) width 101: "See bug #11957"
      RenderBlock {UL} at (0,36) size 784x40 [border: (10px dashed #000000)]
        RenderListItem {LI} at (50,10) size 724x20
          RenderListMarker at (-18,0) size 7x19: bullet
          RenderText {#text} at (0,0) size 251x19
            text run at (0,0) width 251: "The list-marker should be the normal size."
