layer at (0,0) size 800x600
  RenderView at (0,0) size 800x600
layer at (0,0) size 800x94
  RenderBlock {HTML} at (0,0) size 800x94
    RenderBody {BODY} at (8,16) size 784x62
      RenderBlock {UL} at (0,0) size 784x62
        RenderListItem {LI} at (40,0) size 744x62
          RenderBlock {FORM} at (0,0) size 744x26
            RenderBlock {P} at (0,0) size 744x26
              RenderListMarker at (-18,3) size 7x19: bullet
              RenderTextControl {INPUT} at (2,2) size 290x22 [bgcolor=#FFFFFF] [border: (2px inset #000000)]
              RenderText {#text} at (0,0) size 0x0
          RenderBlock {P} at (0,42) size 744x20
            RenderText {#text} at (0,0) size 312x19
              text run at (0,0) width 312: "There should be an input field above this line of text."
layer at (52,21) size 286x16
  RenderBlock {DIV} at (2,3) size 286x16
    RenderText {#text} at (0,0) size 63x16
      text run at (0,0) width 63: "blah blubb"
