layer at (0,0) size 800x600
  RenderView at (0,0) size 800x600
layer at (0,0) size 800x600
  RenderBlock {HTML} at (0,0) size 800x600
    RenderBody {BODY} at (8,8) size 784x576
      RenderBlock {OL} at (0,0) size 784x24
        RenderListItem {LI} at (40,0) size 744x24
          RenderListMarker at (-21,2) size 16x19: "1"
          RenderText {#text} at (0,2) size 384x19
            text run at (0,2) width 384: "This test passes if the list item and list marker are evenly aligned."
