layer at (0,0) size 785x1222
  RenderView at (0,0) size 785x600
layer at (0,0) size 785x1222
  RenderBlock {HTML} at (0,0) size 785x1222
    RenderBody {BODY} at (8,8) size 769x1206
      RenderBlock (anonymous) at (0,0) size 769x20
        RenderText {#text} at (0,0) size 107x19
          text run at (0,0) width 107: "No start attribute."
      RenderBlock {OL} at (0,36) size 769x40
        RenderListItem {LI} at (40,0) size 729x20
          RenderListMarker at (-21,0) size 16x19: "1"
          RenderText {#text} at (0,0) size 73x19
            text run at (0,0) width 73: "Should be 1"
        RenderListItem {LI} at (40,20) size 729x20
          RenderListMarker at (-21,0) size 16x19: "2"
          RenderText {#text} at (0,0) size 73x19
            text run at (0,0) width 73: "Should be 2"
      RenderBlock {HR} at (0,92) size 769x2 [border: (1px inset #000000)]
      RenderBlock (anonymous) at (0,102) size 769x20
        RenderText {#text} at (0,0) size 26x19
          text run at (0,0) width 26: "start"
      RenderBlock {OL} at (0,138) size 769x40
        RenderListItem {LI} at (40,0) size 729x20
          RenderListMarker at (-21,0) size 16x19: "1"
          RenderText {#text} at (0,0) size 73x19
            text run at (0,0) width 73: "Should be 1"
        RenderListItem {LI} at (40,20) size 729x20
          RenderListMarker at (-21,0) size 16x19: "2"
          RenderText {#text} at (0,0) size 73x19
            text run at (0,0) width 73: "Should be 2"
      RenderBlock {HR} at (0,194) size 769x2 [border: (1px inset #000000)]
      RenderBlock (anonymous) at (0,204) size 769x20
        RenderText {#text} at (0,0) size 45x19
          text run at (0,0) width 45: "start=\"\""
      RenderBlock {OL} at (0,240) size 769x40
        RenderListItem {LI} at (40,0) size 729x20
          RenderListMarker at (-21,0) size 16x19: "1"
          RenderText {#text} at (0,0) size 73x19
            text run at (0,0) width 73: "Should be 1"
        RenderListItem {LI} at (40,20) size 729x20
          RenderListMarker at (-21,0) size 16x19: "2"
          RenderText {#text} at (0,0) size 73x19
            text run at (0,0) width 73: "Should be 2"
      RenderBlock {HR} at (0,296) size 769x2 [border: (1px inset #000000)]
      RenderBlock (anonymous) at (0,306) size 769x20
        RenderText {#text} at (0,0) size 61x19
          text run at (0,0) width 61: "start=\" 2 \""
      RenderBlock {OL} at (0,342) size 769x40
        RenderListItem {LI} at (40,0) size 729x20
          RenderListMarker at (-21,0) size 16x19: "2"
          RenderText {#text} at (0,0) size 73x19
            text run at (0,0) width 73: "Should be 2"
        RenderListItem {LI} at (40,20) size 729x20
          RenderListMarker at (-21,0) size 16x19: "3"
          RenderText {#text} at (0,0) size 73x19
            text run at (0,0) width 73: "Should be 3"
      RenderBlock {HR} at (0,398) size 769x2 [border: (1px inset #000000)]
      RenderBlock (anonymous) at (0,408) size 769x20
        RenderText {#text} at (0,0) size 62x19
          text run at (0,0) width 62: "start=\"+2\""
      RenderBlock {OL} at (0,444) size 769x40
        RenderListItem {LI} at (40,0) size 729x20
          RenderListMarker at (-21,0) size 16x19: "2"
          RenderText {#text} at (0,0) size 73x19
            text run at (0,0) width 73: "Should be 2"
        RenderListItem {LI} at (40,20) size 729x20
          RenderListMarker at (-21,0) size 16x19: "3"
          RenderText {#text} at (0,0) size 73x19
            text run at (0,0) width 73: "Should be 3"
      RenderBlock {HR} at (0,500) size 769x2 [border: (1px inset #000000)]
      RenderBlock (anonymous) at (0,510) size 769x20
        RenderText {#text} at (0,0) size 64x19
          text run at (0,0) width 64: "start=\"A2\""
      RenderBlock {OL} at (0,546) size 769x40
        RenderListItem {LI} at (40,0) size 729x20
          RenderListMarker at (-21,0) size 16x19: "1"
          RenderText {#text} at (0,0) size 73x19
            text run at (0,0) width 73: "Should be 1"
        RenderListItem {LI} at (40,20) size 729x20
          RenderListMarker at (-21,0) size 16x19: "2"
          RenderText {#text} at (0,0) size 73x19
            text run at (0,0) width 73: "Should be 2"
      RenderBlock {HR} at (0,602) size 769x2 [border: (1px inset #000000)]
      RenderBlock (anonymous) at (0,612) size 769x20
        RenderText {#text} at (0,0) size 57x19
          text run at (0,0) width 57: "start=\".2\""
      RenderBlock {OL} at (0,648) size 769x40
        RenderListItem {LI} at (40,0) size 729x20
          RenderListMarker at (-21,0) size 16x19: "1"
          RenderText {#text} at (0,0) size 73x19
            text run at (0,0) width 73: "Should be 1"
        RenderListItem {LI} at (40,20) size 729x20
          RenderListMarker at (-21,0) size 16x19: "2"
          RenderText {#text} at (0,0) size 73x19
            text run at (0,0) width 73: "Should be 2"
      RenderBlock {HR} at (0,704) size 769x2 [border: (1px inset #000000)]
      RenderBlock (anonymous) at (0,714) size 769x20
        RenderText {#text} at (0,0) size 61x19
          text run at (0,0) width 61: "start=\"#2\""
      RenderBlock {OL} at (0,750) size 769x40
        RenderListItem {LI} at (40,0) size 729x20
          RenderListMarker at (-21,0) size 16x19: "1"
          RenderText {#text} at (0,0) size 73x19
            text run at (0,0) width 73: "Should be 1"
        RenderListItem {LI} at (40,20) size 729x20
          RenderListMarker at (-21,0) size 16x19: "2"
          RenderText {#text} at (0,0) size 73x19
            text run at (0,0) width 73: "Should be 2"
      RenderBlock (anonymous) at (0,806) size 769x20
        RenderText {#text} at (0,0) size 53x19
          text run at (0,0) width 53: "start=\"0\""
      RenderBlock {OL} at (0,842) size 769x40
        RenderListItem {LI} at (40,0) size 729x20
          RenderListMarker at (-21,0) size 16x19: "0"
          RenderText {#text} at (0,0) size 73x19
            text run at (0,0) width 73: "Should be 0"
        RenderListItem {LI} at (40,20) size 729x20
          RenderListMarker at (-21,0) size 16x19: "1"
          RenderText {#text} at (0,0) size 73x19
            text run at (0,0) width 73: "Should be 1"
      RenderBlock {HR} at (0,898) size 769x2 [border: (1px inset #000000)]
      RenderBlock (anonymous) at (0,908) size 769x20
        RenderText {#text} at (0,0) size 61x19
          text run at (0,0) width 61: "start=\" 0 \""
      RenderBlock {OL} at (0,944) size 769x40
        RenderListItem {LI} at (40,0) size 729x20
          RenderListMarker at (-21,0) size 16x19: "0"
          RenderText {#text} at (0,0) size 73x19
            text run at (0,0) width 73: "Should be 0"
        RenderListItem {LI} at (40,20) size 729x20
          RenderListMarker at (-21,0) size 16x19: "1"
          RenderText {#text} at (0,0) size 73x19
            text run at (0,0) width 73: "Should be 1"
      RenderBlock {HR} at (0,1000) size 769x2 [border: (1px inset #000000)]
      RenderBlock (anonymous) at (0,1010) size 769x20
        RenderText {#text} at (0,0) size 53x19
          text run at (0,0) width 53: "start=\"2\""
      RenderBlock {OL} at (0,1046) size 769x40
        RenderListItem {LI} at (40,0) size 729x20
          RenderListMarker at (-21,0) size 16x19: "2"
          RenderText {#text} at (0,0) size 73x19
            text run at (0,0) width 73: "Should be 2"
        RenderListItem {LI} at (40,20) size 729x20
          RenderListMarker at (-21,0) size 16x19: "3"
          RenderText {#text} at (0,0) size 73x19
            text run at (0,0) width 73: "Should be 3"
      RenderBlock {HR} at (0,1102) size 769x2 [border: (1px inset #000000)]
      RenderBlock (anonymous) at (0,1112) size 769x20
        RenderText {#text} at (0,0) size 59x19
          text run at (0,0) width 59: "start=\"-2\""
      RenderBlock {OL} at (0,1148) size 769x40
        RenderListItem {LI} at (40,0) size 729x20
          RenderListMarker at (-27,0) size 22x19: "-2"
          RenderText {#text} at (0,0) size 79x19
            text run at (0,0) width 79: "Should be -2"
        RenderListItem {LI} at (40,20) size 729x20
          RenderListMarker at (-27,0) size 22x19: "-1"
          RenderText {#text} at (0,0) size 79x19
            text run at (0,0) width 79: "Should be -1"
      RenderBlock {HR} at (0,1204) size 769x2 [border: (1px inset #000000)]
