layer at (0,0) size 785x830
  RenderView at (0,0) size 785x600
layer at (0,0) size 785x830
  RenderBlock {HTML} at (0,0) size 785x830
    RenderBody {BODY} at (8,8) size 769x806
      RenderBlock (anonymous) at (0,0) size 769x20
        RenderText {#text} at (0,0) size 120x19
          text run at (0,0) width 120: "1. Basic inheritance:"
      RenderBlock {OL} at (0,36) size 769x40
        RenderListItem {LI} at (40,0) size 729x20
          RenderListMarker at (-21,0) size 16x19: "3"
          RenderText {#text} at (0,0) size 73x19
            text run at (0,0) width 73: "Should be 3"
        RenderListItem {LI} at (40,20) size 729x20
          RenderListMarker at (-21,0) size 16x19: "4"
          RenderText {#text} at (0,0) size 73x19
            text run at (0,0) width 73: "Should be 4"
      RenderBlock {HR} at (0,92) size 769x2 [border: (1px inset #000000)]
      RenderBlock (anonymous) at (0,102) size 769x20
        RenderText {#text} at (0,0) size 274x19
          text run at (0,0) width 274: "2. Test that the inner start value gets inherited:"
      RenderBlock {OL} at (0,138) size 769x40
        RenderListItem {LI} at (40,0) size 729x20
          RenderListMarker at (-21,0) size 16x19: "5"
          RenderText {#text} at (0,0) size 73x19
            text run at (0,0) width 73: "Should be 5"
        RenderBlock {OL} at (40,20) size 729x20
          RenderListItem {LI} at (40,0) size 689x20
            RenderListMarker at (-21,0) size 16x19: "3"
            RenderText {#text} at (0,0) size 73x19
              text run at (0,0) width 73: "Should be 3"
      RenderBlock {HR} at (0,194) size 769x2 [border: (1px inset #000000)]
      RenderBlock (anonymous) at (0,204) size 769x20
        RenderText {#text} at (0,0) size 367x19
          text run at (0,0) width 367: "3. Test that extra tags before the li don't block the inheritance"
      RenderBlock {OL} at (0,240) size 769x56
        RenderBlock {P} at (40,0) size 729x20
          RenderText {#text} at (0,0) size 27x19
            text run at (0,0) width 27: "Text"
        RenderListItem {LI} at (40,36) size 729x20
          RenderListMarker at (-21,0) size 16x19: "3"
          RenderText {#text} at (0,0) size 73x19
            text run at (0,0) width 73: "Should be 3"
      RenderBlock {HR} at (0,312) size 769x2 [border: (1px inset #000000)]
      RenderBlock (anonymous) at (0,322) size 769x20
        RenderText {#text} at (0,0) size 253x19
          text run at (0,0) width 253: "4. Test for inheritance through many levels"
      RenderBlock {OL} at (0,358) size 769x20
        RenderBlock (anonymous) at (40,0) size 729x0
          RenderInline {B} at (0,0) size 0x0
        RenderBlock (anonymous) at (40,0) size 729x20
          RenderListItem {LI} at (0,0) size 729x20
            RenderListMarker at (-21,0) size 16x19: "3"
            RenderText {#text} at (0,0) size 147x19
              text run at (0,0) width 147: "Should be 3 (and bold)"
        RenderBlock (anonymous) at (40,20) size 729x0
          RenderInline {B} at (0,0) size 0x0
          RenderText {#text} at (0,0) size 0x0
      RenderBlock {HR} at (0,394) size 769x2 [border: (1px inset #000000)]
      RenderBlock (anonymous) at (0,404) size 769x20
        RenderText {#text} at (0,0) size 392x19
          text run at (0,0) width 392: "5. Test for properly chaining from the previous li when it is nested"
      RenderBlock {OL} at (0,440) size 769x60
        RenderBlock (anonymous) at (40,0) size 729x0
          RenderInline {B} at (0,0) size 0x0
        RenderBlock (anonymous) at (40,0) size 729x20
          RenderListItem {LI} at (0,0) size 729x20
            RenderListMarker at (-21,0) size 16x19: "3"
            RenderText {#text} at (0,0) size 147x19
              text run at (0,0) width 147: "Should be 3 (and bold)"
        RenderBlock (anonymous) at (40,20) size 729x0
          RenderInline {B} at (0,0) size 0x0
          RenderText {#text} at (0,0) size 0x0
        RenderListItem {LI} at (40,20) size 729x20
          RenderListMarker at (-21,0) size 16x19: "4"
          RenderText {#text} at (0,0) size 73x19
            text run at (0,0) width 73: "Should be 4"
        RenderListItem {LI} at (40,40) size 729x20
          RenderListMarker at (-21,0) size 16x19: "5"
          RenderText {#text} at (0,0) size 73x19
            text run at (0,0) width 73: "Should be 5"
      RenderBlock {HR} at (0,516) size 769x2 [border: (1px inset #000000)]
      RenderBlock (anonymous) at (0,526) size 769x20
        RenderText {#text} at (0,0) size 427x19
          text run at (0,0) width 427: "6. Test for properly chaining from the previous li when current is nested"
      RenderBlock {OL} at (0,562) size 769x40
        RenderListItem {LI} at (40,0) size 729x20
          RenderListMarker at (-21,0) size 16x19: "1"
          RenderText {#text} at (0,0) size 73x19
            text run at (0,0) width 73: "Should be 1"
        RenderBlock (anonymous) at (40,20) size 729x0
          RenderInline {B} at (0,0) size 0x0
        RenderBlock (anonymous) at (40,20) size 729x20
          RenderListItem {LI} at (0,0) size 729x20
            RenderListMarker at (-21,0) size 16x19: "2"
            RenderText {#text} at (0,0) size 147x19
              text run at (0,0) width 147: "Should be 2 (and bold)"
        RenderBlock (anonymous) at (40,40) size 729x0
          RenderInline {B} at (0,0) size 0x0
          RenderText {#text} at (0,0) size 0x0
      RenderBlock {HR} at (0,618) size 769x2 [border: (1px inset #000000)]
      RenderBlock (anonymous) at (0,628) size 769x20
        RenderText {#text} at (0,0) size 422x19
          text run at (0,0) width 422: "7. Test for properly chaining from the previous li when both are nested"
      RenderBlock {OL} at (0,664) size 769x40
        RenderBlock (anonymous) at (40,0) size 729x0
          RenderInline {I} at (0,0) size 0x0
        RenderBlock (anonymous) at (40,0) size 729x20
          RenderListItem {LI} at (0,0) size 729x20
            RenderListMarker at (-21,0) size 16x19: "2"
            RenderText {#text} at (0,0) size 149x19
              text run at (0,0) width 149: "Should be 2 (and italic)"
        RenderBlock (anonymous) at (40,20) size 729x0
          RenderInline {I} at (0,0) size 0x0
          RenderText {#text} at (0,0) size 0x0
          RenderInline {B} at (0,0) size 0x0
        RenderBlock (anonymous) at (40,20) size 729x20
          RenderListItem {LI} at (0,0) size 729x20
            RenderListMarker at (-21,0) size 16x19: "3"
            RenderText {#text} at (0,0) size 147x19
              text run at (0,0) width 147: "Should be 3 (and bold)"
        RenderBlock (anonymous) at (40,40) size 729x0
          RenderInline {B} at (0,0) size 0x0
          RenderText {#text} at (0,0) size 0x0
      RenderBlock {HR} at (0,720) size 769x2 [border: (1px inset #000000)]
      RenderBlock (anonymous) at (0,730) size 769x20
        RenderText {#text} at (0,0) size 331x19
          text run at (0,0) width 331: "8. Test for not inheriting improperly from an another list"
      RenderBlock {OL} at (0,766) size 769x40
        RenderBlock {OL} at (40,0) size 729x20
          RenderListItem {LI} at (40,0) size 689x20
            RenderListMarker at (-21,0) size 16x19: "2"
            RenderText {#text} at (0,0) size 73x19
              text run at (0,0) width 73: "Should be 2"
        RenderListItem {LI} at (40,20) size 729x20
          RenderListMarker at (-21,0) size 16x19: "5"
          RenderText {#text} at (0,0) size 73x19
            text run at (0,0) width 73: "Should be 5"
