layer at (0,0) size 800x600
  RenderView at (0,0) size 800x600
layer at (0,0) size 800x168
  RenderBlock {HTML} at (0,0) size 800x168
    RenderBody {BODY} at (8,16) size 784x136
      RenderBlock {P} at (0,0) size 784x20
        RenderText {#text} at (0,0) size 185x19
          text run at (0,0) width 185: "There should be no red below."
      RenderBlock {DIV} at (0,36) size 784x100 [bgcolor=#FF0000]
        RenderBlock {P} at (0,0) size 784x100
          RenderImage {IMG} at (0,0) size 784x100
