layer at (0,0) size 800x600
  RenderView at (0,0) size 800x600
layer at (0,0) size 800x600
  RenderBlock {HTML} at (0,0) size 800x600
    RenderBody {BODY} at (8,8) size 784x584
      RenderBlock {P} at (0,0) size 784x18
        RenderText {#text} at (0,0) size 53x18
          text run at (0,0) width 53: "Test for "
        RenderInline {A} at (0,0) size 343x18 [color=#0000EE]
          RenderText {#text} at (53,0) size 343x18
            text run at (53,0) width 343: "http://bugzilla.opendarwin.org/show_bug.cgi?id=7281"
      RenderBlock {P} at (0,34) size 784x36
        RenderText {#text} at (0,0) size 760x36
          text run at (0,0) width 760: "This tests rendering of an applet element with Java disabled. If Java is disabled and Safari shows the content in the applet"
          text run at (0,18) width 152: "tag, then the test passed."
      RenderBlock (anonymous) at (0,86) size 784x18
        RenderInline {APPLET} at (0,0) size 71x18
          RenderText {#text} at (0,0) size 71x18
            text run at (0,0) width 71: "SUCCESS"
        RenderText {#text} at (0,0) size 0x0
