layer at (0,0) size 800x600
  RenderView at (0,0) size 800x600
layer at (0,0) size 800x600
  RenderBlock {HTML} at (0,0) size 800x600
    RenderBody {BODY} at (8,8) size 784x576
      RenderBlock {P} at (0,0) size 784x18
        RenderText {#text} at (0,0) size 53x18
          text run at (0,0) width 53: "Test for "
        RenderInline {I} at (0,0) size 642x18
          RenderInline {A} at (0,0) size 301x18 [color=#0000EE]
            RenderText {#text} at (53,0) size 301x18
              text run at (53,0) width 301: "http://bugs.webkit.org/show_bug.cgi?id=15091"
          RenderText {#text} at (354,0) size 341x18
            text run at (354,0) width 4: " "
            text run at (358,0) width 252: "Crash in RenderBlock::skipWhitespace "
            text run at (610,0) width 85: "during layout"
        RenderText {#text} at (695,0) size 4x18
          text run at (695,0) width 4: "."
      RenderBlock {P} at (0,34) size 784x18
        RenderText {#text} at (0,0) size 602x18
          text run at (0,0) width 602: "If Java is enabled, disable it and reload this page. You should see the word PASS at the bottom."
layer at (8,582) size 39x18
  RenderBlock (positioned) {APPLET} at (8,582) size 39x18
    RenderText {#text} at (0,0) size 39x18
      text run at (0,0) width 39: "PASS"
