layer at (0,0) size 800x600
  RenderView at (0,0) size 800x600
layer at (0,0) size 800x600
  RenderBlock {HTML} at (0,0) size 800x600
    RenderBody {BODY} at (8,8) size 784x584
      RenderBlock {P} at (0,0) size 784x18
        RenderText {#text} at (0,0) size 53x18
          text run at (0,0) width 53: "Test for "
        RenderInline {I} at (0,0) size 529x18
          RenderInline {A} at (0,0) size 293x18 [color=#0000EE]
            RenderText {#text} at (53,0) size 293x18
              text run at (53,0) width 293: "http://bugs.webkit.org/show_bug.cgi?id=9276"
          RenderText {#text} at (346,0) size 236x18
            text run at (346,0) width 4: " "
            text run at (350,0) width 232: "Quirksmode: Image swap resize bug"
        RenderText {#text} at (582,0) size 4x18
          text run at (582,0) width 4: "."
      RenderBlock {P} at (0,34) size 784x18
        RenderText {#text} at (0,0) size 286x18
          text run at (0,0) width 286: "This should be a blue 100\x{D7}100 pixels square."
      RenderBlock (anonymous) at (0,68) size 784x100
        RenderImage {IMG} at (0,0) size 100x100
        RenderText {#text} at (0,0) size 0x0
