layer at (0,0) size 800x600
  RenderView at (0,0) size 800x600
layer at (0,0) size 800x302
  RenderBlock {HTML} at (0,0) size 800x302
    RenderBody {BODY} at (8,16) size 784x270
      RenderBlock {P} at (0,0) size 784x18
        RenderText {#text} at (0,0) size 393x18
          text run at (0,0) width 393: "These images should all look the same, square not rectangular."
      RenderBlock {P} at (0,34) size 784x68
        RenderImage {IMG} at (0,0) size 64x64
      RenderBlock {P} at (0,118) size 784x68
        RenderImage {IMG} at (0,0) size 64x64
      RenderBlock {P} at (0,202) size 784x68
        RenderImage {IMG} at (0,0) size 64x64
