layer at (0,0) size 800x600
  RenderView at (0,0) size 800x600
layer at (0,0) size 800x221
  RenderBlock {HTML} at (0,0) size 800x221
    RenderBody {BODY} at (8,16) size 784x197
      RenderBlock {P} at (0,0) size 784x40
        RenderText {#text} at (0,0) size 51x19
          text run at (0,0) width 51: "Test for "
        RenderInline {I} at (0,0) size 779x39
          RenderInline {A} at (0,0) size 154x19 [color=#0000EE]
            RenderText {#text} at (51,0) size 154x19
              text run at (51,0) width 154: "rdar://problem/5862634"
          RenderText {#text} at (205,0) size 779x39
            text run at (205,0) width 4: " "
            text run at (209,0) width 570: "REGRESSION (3.1.1): In iChat, inline image not resizable past current size after another"
            text run at (0,20) width 90: "IM is received"
        RenderText {#text} at (90,20) size 4x19
          text run at (90,20) width 4: "."
      RenderBlock {P} at (0,56) size 784x20
        RenderText {#text} at (0,0) size 302x19
          text run at (0,0) width 302: "The blue square below should be 100\x{D7}100 pixels."
      RenderBlock {DIV} at (0,92) size 200x105
        RenderBlock {DIV} at (0,0) size 100x105
          RenderImage {IMG} at (0,0) size 100x100
          RenderText {#text} at (0,0) size 0x0
        RenderText {#text} at (0,0) size 0x0
