layer at (0,0) size 800x600
  RenderView at (0,0) size 800x600
layer at (0,0) size 800x600
  RenderBlock {HTML} at (0,0) size 800x600
    RenderBody {BODY} at (8,8) size 784x584
      RenderBlock {P} at (0,0) size 784x20
        RenderText {#text} at (0,0) size 51x19
          text run at (0,0) width 51: "Test for "
        RenderInline {A} at (0,0) size 60x19 [color=#0000EE]
          RenderText {#text} at (51,0) size 60x19
            text run at (51,0) width 60: "Bug 7206"
        RenderText {#text} at (111,0) size 423x19
          text run at (111,0) width 423: " REGRESSION: PDF \"images\" no longer render within HTML pages."
      RenderBlock {P} at (0,36) size 784x20
        RenderText {#text} at (0,0) size 616x19
          text run at (0,0) width 616: "If the test fails, the image below will be the 20x20 error image instead of the larger actual PDF content."
      RenderBlock (anonymous) at (0,72) size 784x20
        RenderImage {IMG} at (0,0) size 20x20
        RenderText {#text} at (0,0) size 0x0
