layer at (0,0) size 800x600
  RenderView at (0,0) size 800x600
layer at (0,0) size 800x600
  RenderBlock {HTML} at (0,0) size 800x600
    RenderBody {BODY} at (8,8) size 784x584
      RenderBlock {DIV} at (0,0) size 32x568 [border: (1px solid #FF0000)]
        RenderTextControl {INPUT} at (3,3) size 150x21 [bgcolor=#FFFFFF] [border: (2px inset #000000)]
        RenderTextControl {INPUT} at (3,28) size 150x21 [bgcolor=#FFFFFF] [border: (2px inset #000000)]
        RenderText {#text} at (0,0) size 0x0
        RenderImage {IMG} at (1,51) size 27x27 [border: (1px solid #000000)]
        RenderImage {IMG} at (1,78) size 27x27 [border: (1px solid #000000)]
        RenderText {#text} at (0,0) size 0x0
        RenderButton {INPUT} at (3,107) size 44x21 [bgcolor=#F0F0F0] [border: (2px outset #F0F0F0)]
          RenderBlock (anonymous) at (8,3) size 28x15
            RenderText at (0,0) size 28x15
              text run at (0,0) width 28: "input"
        RenderButton {INPUT} at (3,132) size 44x21 [bgcolor=#F0F0F0] [border: (2px outset #F0F0F0)]
          RenderBlock (anonymous) at (8,3) size 28x15
            RenderText at (0,0) size 28x15
              text run at (0,0) width 28: "input"
        RenderText {#text} at (0,0) size 0x0
        RenderButton {BUTTON} at (3,157) size 52x21 [bgcolor=#F0F0F0] [border: (2px outset #F0F0F0)]
          RenderBlock (anonymous) at (8,3) size 36x15
            RenderText {#text} at (0,0) size 36x15
              text run at (0,0) width 36: "button"
        RenderButton {BUTTON} at (3,182) size 52x21 [bgcolor=#F0F0F0] [border: (2px outset #F0F0F0)]
          RenderBlock (anonymous) at (8,3) size 36x15
            RenderText {#text} at (0,0) size 36x15
              text run at (0,0) width 36: "button"
        RenderText {#text} at (0,0) size 0x0
        RenderMenuList {SELECT} at (3,207) size 60x19 [bgcolor=#FFFFFF]
          RenderBlock (anonymous) at (4,2) size 35x15
            RenderText at (0,0) size 35x15
              text run at (0,0) width 35: "select"
        RenderMenuList {SELECT} at (3,230) size 60x19 [bgcolor=#FFFFFF]
          RenderBlock (anonymous) at (4,2) size 35x15
            RenderText at (0,0) size 35x15
              text run at (0,0) width 35: "select"
        RenderText {#text} at (0,0) size 0x0
        RenderListBox {SELECT} at (3,253) size 56x65 [bgcolor=#FFFFFF] [border: (1px inset #808080)]
        RenderListBox {SELECT} at (3,322) size 56x65 [bgcolor=#FFFFFF] [border: (1px inset #808080)]
        RenderText {#text} at (0,0) size 0x0
        RenderBlock {INPUT} at (5,392) size 13x13
        RenderBlock {INPUT} at (5,411) size 13x13
        RenderText {#text} at (0,0) size 0x0
        RenderBlock {INPUT} at (6,430) size 13x13
        RenderBlock {INPUT} at (6,446) size 13x13
        RenderText {#text} at (0,0) size 0x0
        RenderIFrame {IFRAME} at (1,459) size 27x27 [border: (1px solid #000000)]
          layer at (0,0) size 25x25
            RenderView at (0,0) size 25x25
          layer at (0,0) size 25x25
            RenderBlock {HTML} at (0,0) size 25x25
              RenderBody {BODY} at (8,8) size 9x9
        RenderIFrame {IFRAME} at (1,486) size 27x27 [border: (1px solid #000000)]
          layer at (0,0) size 25x25
            RenderView at (0,0) size 25x25
          layer at (0,0) size 25x25
            RenderBlock {HTML} at (0,0) size 25x25
              RenderBody {BODY} at (8,8) size 9x9
        RenderText {#text} at (0,0) size 0x0
        RenderEmbeddedObject {EMBED} at (1,513) size 27x27 [border: (1px solid #000000)]
        RenderEmbeddedObject {EMBED} at (1,540) size 27x27 [border: (1px solid #000000)]
        RenderText {#text} at (0,0) size 0x0
layer at (13,14) size 146x15
  RenderBlock {DIV} at (2,3) size 146x15
layer at (13,39) size 146x15
  RenderBlock {DIV} at (2,3) size 146x15
