layer at (0,0) size 800x600
  RenderView at (0,0) size 800x600
layer at (0,0) size 800x600
  RenderBlock {HTML} at (0,0) size 800x600
    RenderBody {BODY} at (8,8) size 784x584
      RenderBlock (anonymous) at (0,0) size 784x20
        RenderText {#text} at (0,0) size 274x19
          text run at (0,0) width 274: "The popup buttons below should not overlap."
      RenderTable {TABLE} at (0,20) size 784x28
        RenderTableSection {TBODY} at (0,0) size 784x28
          RenderTableRow {TR} at (0,1) size 784x26
            RenderTableCell {TD} at (1,1) size 27x26 [r=0 c=0 rs=1 cs=1]
              RenderMenuList {SELECT} at (1,3) size 25x20 [bgcolor=#FFFFFF]
                RenderBlock (anonymous) at (4,2) size 0x16
                  RenderText at (0,0) size 23x16
                    text run at (0,0) width 23: "one"
            RenderTableCell {TD} at (29,1) size 27x26 [r=0 c=1 rs=1 cs=1]
              RenderMenuList {SELECT} at (1,3) size 25x20 [bgcolor=#FFFFFF]
                RenderBlock (anonymous) at (4,2) size 0x16
                  RenderText at (0,0) size 20x16
                    text run at (0,0) width 20: "two"
            RenderTableCell {TD} at (57,1) size 27x26 [r=0 c=2 rs=1 cs=1]
              RenderMenuList {SELECT} at (1,3) size 25x20 [bgcolor=#FFFFFF]
                RenderBlock (anonymous) at (4,2) size 0x16
                  RenderText at (0,0) size 30x16
                    text run at (0,0) width 30: "three"
            RenderTableCell {TD} at (85,3) size 698x22 [r=0 c=3 rs=1 cs=1]
              RenderText {#text} at (1,1) size 4x19
                text run at (1,1) width 4: " "
