layer at (0,0) size 800x600
  RenderView at (0,0) size 800x600
layer at (0,0) size 800x600
  RenderBlock {HTML} at (0,0) size 800x600
    RenderBody {BODY} at (8,8) size 784x584
      RenderBlock (anonymous) at (0,0) size 784x18
        RenderText {#text} at (0,0) size 309x18
          text run at (0,0) width 309: "The following sets of buttons should not overlap."
      RenderTable {TABLE} at (0,18) size 784x23
        RenderTableSection {TBODY} at (0,0) size 784x23
          RenderTableRow {TR} at (0,1) size 784x21
            RenderTableCell {TD} at (1,1) size 9x21 [r=0 c=0 rs=1 cs=1]
              RenderBlock {INPUT} at (5,4) size 7x13
            RenderTableCell {TD} at (11,1) size 9x21 [r=0 c=1 rs=1 cs=1]
              RenderBlock {INPUT} at (5,4) size 7x13
            RenderTableCell {TD} at (21,1) size 9x21 [r=0 c=2 rs=1 cs=1]
              RenderBlock {INPUT} at (5,4) size 7x13
            RenderTableCell {TD} at (31,1) size 752x21 [r=0 c=3 rs=1 cs=1]
              RenderText {#text} at (1,1) size 4x19
                text run at (1,2) width 4: " "
