layer at (0,0) size 800x600
  RenderView at (0,0) size 800x600
layer at (0,0) size 800x600
  RenderBlock {HTML} at (0,0) size 800x600
    RenderBody {BODY} at (8,8) size 784x584
      RenderBlock (anonymous) at (0,0) size 784x18
        RenderText {#text} at (0,0) size 309x18
          text run at (0,0) width 309: "The following sets of buttons should not overlap."
      RenderTable {TABLE} at (0,18) size 784x29
        RenderTableSection {TBODY} at (0,0) size 784x29
          RenderTableRow {TR} at (0,1) size 784x27
            RenderTableCell {TD} at (1,1) size 70x27 [r=0 c=0 rs=1 cs=1]
              RenderButton {INPUT} at (1,3) size 68x21 [bgcolor=#F0F0F0] [border: (2px outset #F0F0F0)]
                RenderBlock (anonymous) at (8,3) size 52x15
                  RenderText at (0,0) size 52x15
                    text run at (0,0) width 52: "New Mail"
            RenderTableCell {TD} at (72,1) size 51x27 [r=0 c=1 rs=1 cs=1]
              RenderButton {INPUT} at (1,3) size 49x21 [bgcolor=#F0F0F0] [border: (2px outset #F0F0F0)]
                RenderBlock (anonymous) at (8,3) size 33x15
                  RenderText at (0,0) size 33x15
                    text run at (0,0) width 33: "Reply"
            RenderTableCell {TD} at (124,1) size 69x27 [r=0 c=2 rs=1 cs=1]
              RenderButton {INPUT} at (1,3) size 67x21 [bgcolor=#F0F0F0] [border: (2px outset #F0F0F0)]
                RenderBlock (anonymous) at (8,3) size 51x15
                  RenderText at (0,0) size 51x15
                    text run at (0,0) width 51: "Reply All"
            RenderTableCell {TD} at (194,4) size 589x21 [r=0 c=3 rs=1 cs=1]
              RenderText {#text} at (1,1) size 4x19
                text run at (1,2) width 4: " "
      RenderBlock (anonymous) at (0,47) size 784x36
        RenderBR {BR} at (0,0) size 0x18
        RenderBR {BR} at (0,18) size 0x18
      RenderTable {TABLE} at (0,83) size 784x29
        RenderTableSection {TBODY} at (0,0) size 784x29
          RenderTableRow {TR} at (0,1) size 784x27
            RenderTableCell {TD} at (1,1) size 70x27 [r=0 c=0 rs=1 cs=1]
              RenderButton {INPUT} at (1,3) size 68x21 [bgcolor=#F0F0F0] [border: (2px outset #F0F0F0)]
                RenderBlock (anonymous) at (8,3) size 52x15
                  RenderText at (0,0) size 52x15
                    text run at (0,0) width 52: "New Mail"
            RenderTableCell {TD} at (72,1) size 51x27 [r=0 c=1 rs=1 cs=1]
              RenderButton {INPUT} at (1,3) size 49x21 [bgcolor=#F0F0F0] [border: (2px outset #F0F0F0)]
                RenderBlock (anonymous) at (8,3) size 33x15
                  RenderText at (0,0) size 33x15
                    text run at (0,0) width 33: "Reply"
            RenderTableCell {TD} at (124,1) size 69x27 [r=0 c=2 rs=1 cs=1]
              RenderButton {INPUT} at (1,3) size 67x21 [bgcolor=#F0F0F0] [border: (2px outset #F0F0F0)]
                RenderBlock (anonymous) at (8,3) size 51x15
                  RenderText at (0,0) size 51x15
                    text run at (0,0) width 51: "Reply All"
            RenderTableCell {TD} at (194,4) size 589x21 [r=0 c=3 rs=1 cs=1]
              RenderText {#text} at (1,1) size 4x19
                text run at (1,2) width 4: " "
