layer at (0,0) size 785x678
  RenderView at (0,0) size 785x600
layer at (0,0) size 785x678
  RenderBlock {HTML} at (0,0) size 785x678
    RenderBody {BODY} at (8,8) size 769x662
      RenderBlock {DIV} at (0,0) size 769x82
        RenderText {#text} at (0,26) size 47x18
          text run at (0,26) width 47: "Blank: "
        RenderAttachment {ATTACHMENT} at (47,1) size 267x80
          RenderFlexibleBox {DIV} at (0,0) size 266x80 [bgcolor=#FFFFFF]
            RenderFlexibleBox {DIV} at (0,0) size 266x80 [bgcolor=#0000000C]
              RenderGrid {DIV} at (14,14) size 0x52
                RenderImage {IMG} at (0,26) size 0x0
              RenderFlexibleBox {DIV} at (28,0) size 214x80
                RenderGrid {DIV} at (0,40) size 214x0
      RenderBlock {DIV} at (0,82) size 769x82
        RenderText {#text} at (0,26) size 39x18
          text run at (0,26) width 39: "Title: "
        RenderAttachment {ATTACHMENT} at (39,1) size 267x80
          RenderFlexibleBox {DIV} at (0,0) size 266x80 [bgcolor=#FFFFFF]
            RenderFlexibleBox {DIV} at (0,0) size 266x80 [bgcolor=#0000000C]
              RenderGrid {DIV} at (14,14) size 0x52
                RenderImage {IMG} at (0,26) size 0x0
              RenderFlexibleBox {DIV} at (28,0) size 214x80
                RenderGrid {DIV} at (0,26) size 214x28
      RenderBlock {DIV} at (0,164) size 769x82
        RenderText {#text} at (0,26) size 83x18
          text run at (0,26) width 83: "and subtitle: "
        RenderAttachment {ATTACHMENT} at (83,1) size 267x80
          RenderFlexibleBox {DIV} at (0,0) size 266x80 [bgcolor=#FFFFFF]
            RenderFlexibleBox {DIV} at (0,0) size 266x80 [bgcolor=#0000000C]
              RenderGrid {DIV} at (14,14) size 0x52
                RenderImage {IMG} at (0,26) size 0x0
              RenderFlexibleBox {DIV} at (28,0) size 214x80
                RenderGrid {DIV} at (0,26) size 214x28
      RenderBlock {DIV} at (0,246) size 769x82
        RenderText {#text} at (0,26) size 52x18
          text run at (0,26) width 52: "Action: "
        RenderAttachment {ATTACHMENT} at (52,1) size 267x80
          RenderFlexibleBox {DIV} at (0,0) size 266x80 [bgcolor=#FFFFFF]
            RenderFlexibleBox {DIV} at (0,0) size 266x80 [bgcolor=#0000000C]
              RenderGrid {DIV} at (14,14) size 0x52
                RenderImage {IMG} at (0,26) size 0x0
              RenderFlexibleBox {DIV} at (28,0) size 214x80
                RenderGrid {DIV} at (0,18) size 214x44
      RenderBlock {DIV} at (0,328) size 769x82
        RenderText {#text} at (0,26) size 40x18
          text run at (0,26) width 40: "Save: "
        RenderAttachment {ATTACHMENT} at (40,1) size 267x80
          RenderFlexibleBox {DIV} at (0,0) size 266x80 [bgcolor=#FFFFFF]
            RenderFlexibleBox {DIV} at (0,0) size 266x80 [bgcolor=#0000000C]
              RenderGrid {DIV} at (14,14) size 0x52
                RenderImage {IMG} at (0,26) size 0x0
              RenderFlexibleBox {DIV} at (28,0) size 214x80
                RenderGrid {DIV} at (0,26) size 214x28
                  RenderBlock {DIV} at (186,0) size 28x28
                    RenderButton {BUTTON} at (0,0) size 28x28 [color=#00000019] [border: (1px solid #00000019)]
                      RenderBlock (anonymous) at (1,1) size 26x26
      RenderBlock {DIV} at (0,410) size 769x84
        RenderText {#text} at (0,66) size 97x18
          text run at (0,66) width 97: "Zero progress: "
        RenderAttachment {ATTACHMENT} at (97,1) size 267x80
          RenderFlexibleBox {DIV} at (0,0) size 266x80 [bgcolor=#FFFFFF]
            RenderFlexibleBox {DIV} at (0,0) size 266x80 [bgcolor=#0000000C]
              RenderGrid {DIV} at (14,14) size 39x52
              RenderFlexibleBox {DIV} at (67,0) size 175x80
                RenderGrid {DIV} at (0,32) size 175x16
      RenderBlock {DIV} at (0,494) size 769x84
        RenderText {#text} at (0,66) size 96x18
          text run at (0,66) width 96: "75% progress: "
        RenderAttachment {ATTACHMENT} at (96,1) size 267x80
          RenderFlexibleBox {DIV} at (0,0) size 266x80 [bgcolor=#FFFFFF]
            RenderFlexibleBox {DIV} at (0,0) size 266x80 [bgcolor=#0000000C]
              RenderGrid {DIV} at (14,14) size 39x52
                RenderBlock {DIV} at (0,6) size 39x40 [color=#0000007F]
                  RenderBlock (generated) at (0,0) size 39x39 [border: (4px solid #0000007F)]
                    RenderText at (0,0) size 0x0
              RenderFlexibleBox {DIV} at (67,0) size 175x80
                RenderGrid {DIV} at (0,32) size 175x16
      RenderBlock {DIV} at (0,578) size 769x84
        RenderText {#text} at (0,66) size 104x18
          text run at (0,66) width 104: "100% progress: "
        RenderAttachment {ATTACHMENT} at (104,1) size 267x80
          RenderFlexibleBox {DIV} at (0,0) size 266x80 [bgcolor=#FFFFFF]
            RenderFlexibleBox {DIV} at (0,0) size 266x80 [bgcolor=#0000000C]
              RenderGrid {DIV} at (14,14) size 39x52
                RenderBlock {DIV} at (0,6) size 39x40 [color=#0000007F]
                  RenderBlock (generated) at (0,0) size 39x39 [border: (4px solid #0000007F)]
                    RenderText at (0,0) size 0x0
              RenderFlexibleBox {DIV} at (67,0) size 175x80
                RenderGrid {DIV} at (0,32) size 175x16
layer at (75,117) size 214x16
  RenderDeprecatedFlexibleBox {DIV} at (0,0) size 214x16 [color=#000000D8]
    RenderBlock (anonymous) at (0,0) size 214x16
      RenderText {#text} at (0,0) size 29x16
        text run at (0,0) width 29: "Title"
layer at (75,133) size 214x12
  RenderDeprecatedFlexibleBox {DIV} at (0,16) size 214x12 [color=#0000007F]
    RenderBlock (anonymous) at (0,0) size 214x12
      RenderText {#text} at (0,0) size 38x12
        text run at (0,0) width 38: "Subtitle"
layer at (120,199) size 214x16
  RenderDeprecatedFlexibleBox {DIV} at (0,0) size 214x16 [color=#000000D8]
    RenderBlock (anonymous) at (0,0) size 214x16
      RenderText {#text} at (0,0) size 29x16
        text run at (0,0) width 29: "Title"
layer at (120,215) size 214x12
  RenderDeprecatedFlexibleBox {DIV} at (0,16) size 214x12 [color=#0000007F]
    RenderBlock (anonymous) at (0,0) size 214x12
      RenderText {#text} at (0,0) size 38x12
        text run at (0,0) width 38: "Subtitle"
layer at (89,273) size 214x16
  RenderDeprecatedFlexibleBox {DIV} at (0,0) size 214x16 [color=#0000007F]
    RenderBlock (anonymous) at (0,0) size 214x16
      RenderText {#text} at (0,0) size 106x16
        text run at (0,0) width 106: "Tap to download"
layer at (89,289) size 214x16
  RenderDeprecatedFlexibleBox {DIV} at (0,16) size 214x16 [color=#000000D8]
    RenderBlock (anonymous) at (0,0) size 214x16
      RenderText {#text} at (0,0) size 52x16
        text run at (0,0) width 52: "\x{200E}\x{2068}Title\x{2069}\x{200B}.txt"
layer at (89,305) size 214x12
  RenderDeprecatedFlexibleBox {DIV} at (0,32) size 214x12 [color=#0000007F]
    RenderBlock (anonymous) at (0,0) size 214x12
      RenderText {#text} at (0,0) size 38x12
        text run at (0,0) width 38: "Subtitle"
layer at (77,363) size 116x4 backgroundClip at (77,363) size 115x4 clip at (77,363) size 115x4
  RenderDeprecatedFlexibleBox {DIV} at (0,0) size 116x4 [color=#0000007F]
layer at (77,367) size 116x20 backgroundClip at (77,367) size 115x20 clip at (77,367) size 115x20
  RenderDeprecatedFlexibleBox {DIV} at (0,4) size 116x20 [color=#000000D8]
    RenderBlock (anonymous) at (0,0) size 116x16
      RenderText {#text} at (0,0) size 56x16
        text run at (0,0) width 56: "\x{200E}\x{2068}Title\x{2069}\x{200B}.pdf"
layer at (77,387) size 116x4 backgroundClip at (77,387) size 115x4 clip at (77,387) size 115x4
  RenderDeprecatedFlexibleBox {DIV} at (0,24) size 116x4 [color=#0000007F]
layer at (173,451) size 175x16
  RenderDeprecatedFlexibleBox {DIV} at (0,0) size 175x16 [color=#000000D8]
    RenderBlock (anonymous) at (0,0) size 175x16
      RenderText {#text} at (0,0) size 56x16
        text run at (0,0) width 56: "\x{200E}\x{2068}Title\x{2069}\x{200B}.pdf"
layer at (172,535) size 175x16
  RenderDeprecatedFlexibleBox {DIV} at (0,0) size 175x16 [color=#000000D8]
    RenderBlock (anonymous) at (0,0) size 175x16
      RenderText {#text} at (0,0) size 56x16
        text run at (0,0) width 56: "\x{200E}\x{2068}Title\x{2069}\x{200B}.pdf"
layer at (180,619) size 175x16
  RenderDeprecatedFlexibleBox {DIV} at (0,0) size 175x16 [color=#000000D8]
    RenderBlock (anonymous) at (0,0) size 175x16
      RenderText {#text} at (0,0) size 56x16
        text run at (0,0) width 56: "\x{200E}\x{2068}Title\x{2069}\x{200B}.pdf"
layer at (264,364) size 26x26
  RenderBlock (generated) at (0,0) size 26x26 [bgcolor=#0000007F]
    RenderText at (0,0) size 0x0
layer at (120,440) size 39x39
  RenderBlock {DIV} at (0,6) size 39x40 [bgcolor=#000000D8]
