layer at (0,0) size 800x600
  RenderView at (0,0) size 800x600
layer at (0,0) size 800x600
  RenderBlock {HTML} at (0,0) size 800x600
    RenderBody {BODY} at (8,8) size 784x584
      RenderText {#text} at (0,0) size 310x19
        text run at (0,0) width 310: "CHARACTERS IN XSLT: \x{414}\x{43E}\x{431}\x{430}\x{432}\x{43B}\x{435}\x{43D}\x{43D}\x{44B}\x{439} \x{442}\x{435}\x{43A}\x{441}\x{442} "
      RenderBR {BR} at (310,15) size 0x0
      RenderBR {BR} at (0,20) size 0x19
      RenderText {#text} at (0,40) size 216x19
        text run at (0,40) width 216: "SOURCE XML: \x{418}\x{441}\x{445}\x{43E}\x{434}\x{43D}\x{44B}\x{439} \x{442}\x{435}\x{43A}\x{441}\x{442}"
