layer at (0,0) size 800x600
  RenderView at (0,0) size 800x600
layer at (0,0) size 800x18
  RenderBlock {P} at (0,0) size 800x18
    RenderText {#text} at (0,0) size 142x18
      text run at (0,0) width 142: "Hello World, Success!"
