layer at (0,0) size 800x600
  RenderView at (0,0) size 800x600
layer at (0,0) size 800x420
  RenderBlock {HTML} at (0,0) size 800x420 [color=#FFFFFF] [bgcolor=#0000FF]
    RenderBody {BODY} at (15,15) size 490x390 [bgcolor=#FFFFFF] [border: (5px solid #000000)]
      RenderBlock {DL} at (5,5) size 480x10
        RenderBlock (floating) {DT} at (5,5) size 80x310 [bgcolor=#CC0000] [border: (5px solid #000000)]
          RenderText {#text} at (15,14) size 28x11
            text run at (15,14) width 28: "toggle"
        RenderBlock (floating) {DD} at (95,5) size 380x310 [border: (10px solid #000000)]
          RenderBlock {UL} at (20,20) size 340x0
            RenderBlock (floating) {LI} at (0,0) size 80x120 [color=#000000] [bgcolor=#FFCC00] [border: (5px solid #000000)]
              RenderText {#text} at (15,14) size 35x11
                text run at (15,14) width 35: "the way"
            RenderBlock (floating) {LI} at (90,0) size 160x110 [bgcolor=#000000]
              RenderBlock {P} at (10,10) size 140x10
                RenderText {#text} at (0,-1) size 66x11
                  text run at (0,-1) width 66: "the world ends"
              RenderBlock (anonymous) at (10,20) size 140x0
                RenderInline {FORM} at (0,0) size 0x0
                  RenderText {#text} at (0,0) size 0x0
              RenderBlock (anonymous) at (10,20) size 140x42
                RenderBlock {P} at (0,0) size 140x21
                  RenderText {#text} at (0,6) size 26x11
                    text run at (0,6) width 26: "bang "
                  RenderBlock {INPUT} at (27,3) size 13x12 [color=#000000]
                  RenderText {#text} at (0,0) size 0x0
                RenderBlock {P} at (0,21) size 140x21
                  RenderText {#text} at (0,6) size 41x11
                    text run at (0,6) width 41: "whimper "
                  RenderBlock {INPUT} at (42,3) size 13x12 [color=#000000]
                  RenderText {#text} at (0,0) size 0x0
              RenderBlock (anonymous) at (10,62) size 140x0
                RenderInline {FORM} at (0,0) size 0x0
                RenderText {#text} at (0,0) size 0x0
            RenderBlock (floating) {LI} at (259,0) size 81x120 [color=#000000] [bgcolor=#FFCC00] [border: (5px solid #000000)]
              RenderText {#text} at (15,14) size 43x11
                text run at (15,14) width 43: "i grow old"
            RenderBlock (floating) {LI} at (0,130) size 120x120 [bgcolor=#000000]
              RenderText {#text} at (10,9) size 28x11
                text run at (10,9) width 28: "pluot?"
          RenderBlock (floating) {BLOCKQUOTE} at (160,150) size 70x140 [color=#000000] [bgcolor=#FFCC00] [border: (10px solid #000000) (15px solid #000000) (20px solid #000000) (5px solid #000000)]
            RenderBlock {ADDRESS} at (5,20) size 50x10
              RenderText {#text} at (0,-1) size 47x11
                text run at (0,-1) width 47: "bar maids,"
          RenderBlock (floating) {H1} at (240,150) size 120x120 [bgcolor=#000000]
            RenderText {#text} at (10,9) size 89x21
              text run at (10,9) width 89: "sing to me, erbarme"
              text run at (10,19) width 19: "dich"
      RenderBlock {P} at (5,320) size 480x65 [color=#000000]
        RenderText {#text} at (0,1) size 478x24
          text run at (0,1) width 478: "This is a nonsensical document, but syntactically valid HTML 4.0. All 100%-conformant CSS1 agents should"
          text run at (0,14) width 455: "be able to render the document elements above this paragraph indistinguishably (to the pixel) from this"
        RenderInline {A} at (0,0) size 91x11 [color=#0000EE]
          RenderText {#text} at (0,27) size 91x11
            text run at (0,27) width 91: "reference rendering,"
        RenderText {#text} at (90,27) size 467x24
          text run at (90,27) width 3: " "
          text run at (92,27) width 375: "(except font rasterization and form widgets). All discrepancies should be traceable to"
          text run at (0,40) width 452: "CSS1 implementation shortcomings. Once you have finished evaluating this test, you can return to the"
        RenderInline {A} at (0,0) size 54x11 [color=#0000EE]
          RenderText {#text} at (0,53) size 54x11
            text run at (0,53) width 54: "parent page"
        RenderText {#text} at (53,53) size 4x11
          text run at (53,53) width 4: "."
