layer at (0,0) size 800x600
  RenderView at (0,0) size 800x600
layer at (0,0) size 800x76
  RenderBlock {html} at (0,0) size 800x76
    RenderBody {body} at (8,16) size 784x52
      RenderBlock {p} at (0,0) size 784x18
        RenderText {#text} at (0,0) size 412x17
          text run at (0,0) width 412: "Test passes if there is an orange box with rounded corners below."
      RenderBlock (anonymous) at (0,34) size 784x18
        RenderInline {div} at (0,0) size 96x47 [color=#FFA500] [bgcolor=#FFA500]
          RenderText {#text} at (15,0) size 66x17
            text run at (15,0) width 66: "Filler Text"
        RenderText {#text} at (0,0) size 0x0
