layer at (0,0) size 785x2678
  RenderView at (0,0) size 785x600
layer at (0,0) size 785x2678
  RenderBlock {HTML} at (0,0) size 785x2678
    RenderBody {BODY} at (8,8) size 769x2654 [bgcolor=#FFFFFF]
      RenderBlock {P} at (0,0) size 769x40
        RenderBlock (anonymous) at (0,0) size 769x20
          RenderText {#text} at (0,0) size 339x19
            text run at (0,0) width 339: "this table should be about 6 (12 in NavQuirks) pixels tall"
        RenderTable {TABLE} at (0,20) size 100x0 [bgcolor=#FFA500]
          RenderTableSection {TBODY} at (0,0) size 100x0
            RenderTableRow {TR} at (0,0) size 100x0
              RenderTableCell {TD} at (0,0) size 0x0 [r=0 c=0 rs=1 cs=1]
            RenderTableRow {TR} at (0,0) size 100x0
              RenderTableCell {TD} at (0,0) size 0x0 [r=1 c=0 rs=1 cs=1]
            RenderTableRow {TR} at (0,0) size 100x0
              RenderTableCell {TD} at (0,0) size 0x0 [r=2 c=0 rs=1 cs=1]
            RenderTableRow {TR} at (0,0) size 100x0
              RenderTableCell {TD} at (0,0) size 0x0 [r=3 c=0 rs=1 cs=1]
            RenderTableRow {TR} at (0,0) size 100x0
              RenderTableCell {TD} at (0,0) size 0x0 [r=4 c=0 rs=1 cs=1]
            RenderTableRow {TR} at (0,0) size 100x0
              RenderTableCell {TD} at (0,0) size 0x0 [r=5 c=0 rs=1 cs=1]
        RenderBlock (anonymous) at (0,20) size 769x20
          RenderBR {BR} at (0,0) size 0x19
      RenderBlock {P} at (0,56) size 769x54
        RenderBlock (anonymous) at (0,0) size 769x20
          RenderText {#text} at (0,0) size 339x19
            text run at (0,0) width 339: "this table should be about 8 (14 in NavQuirks) pixels tall"
        RenderTable {TABLE} at (0,20) size 100x14 [bgcolor=#FFA500] [border: (1px outset #808080)]
          RenderTableSection {TBODY} at (1,1) size 98x12
            RenderTableRow {TR} at (0,0) size 98x2
              RenderTableCell {TD} at (0,0) size 98x2 [border: (1px inset #808080)] [r=0 c=0 rs=1 cs=1]
            RenderTableRow {TR} at (0,2) size 98x2
              RenderTableCell {TD} at (0,2) size 98x2 [border: (1px inset #808080)] [r=1 c=0 rs=1 cs=1]
            RenderTableRow {TR} at (0,4) size 98x2
              RenderTableCell {TD} at (0,4) size 98x2 [border: (1px inset #808080)] [r=2 c=0 rs=1 cs=1]
            RenderTableRow {TR} at (0,6) size 98x2
              RenderTableCell {TD} at (0,6) size 98x2 [border: (1px inset #808080)] [r=3 c=0 rs=1 cs=1]
            RenderTableRow {TR} at (0,8) size 98x2
              RenderTableCell {TD} at (0,8) size 98x2 [border: (1px inset #808080)] [r=4 c=0 rs=1 cs=1]
            RenderTableRow {TR} at (0,10) size 98x2
              RenderTableCell {TD} at (0,10) size 98x2 [border: (1px inset #808080)] [r=5 c=0 rs=1 cs=1]
        RenderBlock (anonymous) at (0,34) size 769x20
          RenderBR {BR} at (0,0) size 0x19
      RenderBlock {P} at (0,126) size 769x52
        RenderBlock (anonymous) at (0,0) size 769x20
          RenderText {#text} at (0,0) size 232x19
            text run at (0,0) width 232: "this table should be about 12 pixels tall"
        RenderTable {TABLE} at (0,20) size 100x12 [bgcolor=#FFA500]
          RenderTableSection {TBODY} at (0,0) size 100x12
            RenderTableRow {TR} at (0,0) size 100x2
              RenderTableCell {TD} at (0,1) size 0x0 [r=0 c=0 rs=1 cs=1]
            RenderTableRow {TR} at (0,2) size 100x2
              RenderTableCell {TD} at (0,3) size 0x0 [r=1 c=0 rs=1 cs=1]
            RenderTableRow {TR} at (0,4) size 100x2
              RenderTableCell {TD} at (0,5) size 0x0 [r=2 c=0 rs=1 cs=1]
            RenderTableRow {TR} at (0,6) size 100x2
              RenderTableCell {TD} at (0,7) size 0x0 [r=3 c=0 rs=1 cs=1]
            RenderTableRow {TR} at (0,8) size 100x2
              RenderTableCell {TD} at (0,9) size 0x0 [r=4 c=0 rs=1 cs=1]
            RenderTableRow {TR} at (0,10) size 100x2
              RenderTableCell {TD} at (0,11) size 0x0 [r=5 c=0 rs=1 cs=1]
        RenderBlock (anonymous) at (0,32) size 769x20
          RenderBR {BR} at (0,0) size 0x19
      RenderBlock {P} at (0,194) size 769x54
        RenderBlock (anonymous) at (0,0) size 769x20
          RenderText {#text} at (0,0) size 232x19
            text run at (0,0) width 232: "this table should be about 14 pixels tall"
        RenderTable {TABLE} at (0,20) size 100x14 [bgcolor=#FFA500] [border: (1px outset #808080)]
          RenderTableSection {TBODY} at (1,1) size 98x12
            RenderTableRow {TR} at (0,0) size 98x2
              RenderTableCell {TD} at (0,0) size 98x2 [border: (1px inset #808080)] [r=0 c=0 rs=1 cs=1]
            RenderTableRow {TR} at (0,2) size 98x2
              RenderTableCell {TD} at (0,2) size 98x2 [border: (1px inset #808080)] [r=1 c=0 rs=1 cs=1]
            RenderTableRow {TR} at (0,4) size 98x2
              RenderTableCell {TD} at (0,4) size 98x2 [border: (1px inset #808080)] [r=2 c=0 rs=1 cs=1]
            RenderTableRow {TR} at (0,6) size 98x2
              RenderTableCell {TD} at (0,6) size 98x2 [border: (1px inset #808080)] [r=3 c=0 rs=1 cs=1]
            RenderTableRow {TR} at (0,8) size 98x2
              RenderTableCell {TD} at (0,8) size 98x2 [border: (1px inset #808080)] [r=4 c=0 rs=1 cs=1]
            RenderTableRow {TR} at (0,10) size 98x2
              RenderTableCell {TD} at (0,10) size 98x2 [border: (1px inset #808080)] [r=5 c=0 rs=1 cs=1]
        RenderBlock (anonymous) at (0,34) size 769x20
          RenderBR {BR} at (0,0) size 0x19
      RenderBlock {P} at (0,264) size 769x44
        RenderBlock (anonymous) at (0,0) size 769x20
          RenderText {#text} at (0,0) size 331x19
            text run at (0,0) width 331: "this table should be about 5 (3 in Standard) pixels wide"
        RenderTable {TABLE} at (0,20) size 4x4 [bgcolor=#FFA500] [border: (1px outset #808080)]
          RenderTableSection {TBODY} at (1,1) size 2x2
            RenderTableRow {TR} at (0,0) size 2x2
              RenderTableCell {TD} at (0,0) size 2x2 [border: (1px inset #808080)] [r=0 c=0 rs=1 cs=1]
        RenderBlock (anonymous) at (0,24) size 769x20
          RenderBR {BR} at (0,0) size 0x19
      RenderBlock {P} at (0,324) size 769x44
        RenderBlock (anonymous) at (0,0) size 769x20
          RenderText {#text} at (0,0) size 331x19
            text run at (0,0) width 331: "this table should be about 8 (4 in Standard) pixels wide"
        RenderTable {TABLE} at (0,20) size 6x4 [bgcolor=#FFA500] [border: (1px outset #808080)]
          RenderTableSection {TBODY} at (1,1) size 4x2
            RenderTableRow {TR} at (0,0) size 4x2
              RenderTableCell {TD} at (0,0) size 2x2 [border: (1px inset #808080)] [r=0 c=0 rs=1 cs=1]
              RenderTableCell {TD} at (2,0) size 2x2 [border: (1px inset #808080)] [r=0 c=1 rs=1 cs=1]
        RenderBlock (anonymous) at (0,24) size 769x20
          RenderBR {BR} at (0,0) size 0x19
      RenderBlock {P} at (0,384) size 769x44
        RenderBlock (anonymous) at (0,0) size 769x20
          RenderText {#text} at (0,0) size 339x19
            text run at (0,0) width 339: "this table should be about 20 (8 in Standard) pixels wide"
        RenderTable {TABLE} at (0,20) size 14x4 [bgcolor=#FFA500] [border: (1px outset #808080)]
          RenderTableSection {TBODY} at (1,1) size 12x2
            RenderTableRow {TR} at (0,0) size 12x2
              RenderTableCell {TD} at (0,0) size 2x2 [border: (1px inset #808080)] [r=0 c=0 rs=1 cs=1]
              RenderTableCell {TD} at (2,0) size 2x2 [border: (1px inset #808080)] [r=0 c=1 rs=1 cs=1]
              RenderTableCell {TD} at (4,0) size 2x2 [border: (1px inset #808080)] [r=0 c=2 rs=1 cs=1]
              RenderTableCell {TD} at (6,0) size 2x2 [border: (1px inset #808080)] [r=0 c=3 rs=1 cs=1]
              RenderTableCell {TD} at (8,0) size 2x2 [border: (1px inset #808080)] [r=0 c=4 rs=1 cs=1]
              RenderTableCell {TD} at (10,0) size 2x2 [border: (1px inset #808080)] [r=0 c=5 rs=1 cs=1]
        RenderBlock (anonymous) at (0,24) size 769x20
          RenderBR {BR} at (0,0) size 0x19
      RenderBlock {P} at (0,444) size 769x44
        RenderBlock (anonymous) at (0,0) size 769x20
          RenderText {#text} at (0,0) size 418x19
            text run at (0,0) width 418: "this table should be about 272 pixels wide, but can shrink to 92 pixels"
        RenderTable {TABLE} at (0,20) size 182x4 [bgcolor=#FFA500] [border: (1px outset #808080)]
          RenderTableSection {TBODY} at (1,1) size 180x2
            RenderTableRow {TR} at (0,0) size 180x2
              RenderTableCell {TD} at (0,0) size 2x2 [border: (1px inset #808080)] [r=0 c=0 rs=1 cs=1]
              RenderTableCell {TD} at (2,0) size 2x2 [border: (1px inset #808080)] [r=0 c=1 rs=1 cs=1]
              RenderTableCell {TD} at (4,0) size 2x2 [border: (1px inset #808080)] [r=0 c=2 rs=1 cs=1]
              RenderTableCell {TD} at (6,0) size 2x2 [border: (1px inset #808080)] [r=0 c=3 rs=1 cs=1]
              RenderTableCell {TD} at (8,0) size 2x2 [border: (1px inset #808080)] [r=0 c=4 rs=1 cs=1]
              RenderTableCell {TD} at (10,0) size 2x2 [border: (1px inset #808080)] [r=0 c=5 rs=1 cs=1]
              RenderTableCell {TD} at (12,0) size 2x2 [border: (1px inset #808080)] [r=0 c=6 rs=1 cs=1]
              RenderTableCell {TD} at (14,0) size 2x2 [border: (1px inset #808080)] [r=0 c=7 rs=1 cs=1]
              RenderTableCell {TD} at (16,0) size 2x2 [border: (1px inset #808080)] [r=0 c=8 rs=1 cs=1]
              RenderTableCell {TD} at (18,0) size 2x2 [border: (1px inset #808080)] [r=0 c=9 rs=1 cs=1]
              RenderTableCell {TD} at (20,0) size 2x2 [border: (1px inset #808080)] [r=0 c=10 rs=1 cs=1]
              RenderTableCell {TD} at (22,0) size 2x2 [border: (1px inset #808080)] [r=0 c=11 rs=1 cs=1]
              RenderTableCell {TD} at (24,0) size 2x2 [border: (1px inset #808080)] [r=0 c=12 rs=1 cs=1]
              RenderTableCell {TD} at (26,0) size 2x2 [border: (1px inset #808080)] [r=0 c=13 rs=1 cs=1]
              RenderTableCell {TD} at (28,0) size 2x2 [border: (1px inset #808080)] [r=0 c=14 rs=1 cs=1]
              RenderTableCell {TD} at (30,0) size 2x2 [border: (1px inset #808080)] [r=0 c=15 rs=1 cs=1]
              RenderTableCell {TD} at (32,0) size 2x2 [border: (1px inset #808080)] [r=0 c=16 rs=1 cs=1]
              RenderTableCell {TD} at (34,0) size 2x2 [border: (1px inset #808080)] [r=0 c=17 rs=1 cs=1]
              RenderTableCell {TD} at (36,0) size 2x2 [border: (1px inset #808080)] [r=0 c=18 rs=1 cs=1]
              RenderTableCell {TD} at (38,0) size 2x2 [border: (1px inset #808080)] [r=0 c=19 rs=1 cs=1]
              RenderTableCell {TD} at (40,0) size 2x2 [border: (1px inset #808080)] [r=0 c=20 rs=1 cs=1]
              RenderTableCell {TD} at (42,0) size 2x2 [border: (1px inset #808080)] [r=0 c=21 rs=1 cs=1]
              RenderTableCell {TD} at (44,0) size 2x2 [border: (1px inset #808080)] [r=0 c=22 rs=1 cs=1]
              RenderTableCell {TD} at (46,0) size 2x2 [border: (1px inset #808080)] [r=0 c=23 rs=1 cs=1]
              RenderTableCell {TD} at (48,0) size 2x2 [border: (1px inset #808080)] [r=0 c=24 rs=1 cs=1]
              RenderTableCell {TD} at (50,0) size 2x2 [border: (1px inset #808080)] [r=0 c=25 rs=1 cs=1]
              RenderTableCell {TD} at (52,0) size 2x2 [border: (1px inset #808080)] [r=0 c=26 rs=1 cs=1]
              RenderTableCell {TD} at (54,0) size 2x2 [border: (1px inset #808080)] [r=0 c=27 rs=1 cs=1]
              RenderTableCell {TD} at (56,0) size 2x2 [border: (1px inset #808080)] [r=0 c=28 rs=1 cs=1]
              RenderTableCell {TD} at (58,0) size 2x2 [border: (1px inset #808080)] [r=0 c=29 rs=1 cs=1]
              RenderTableCell {TD} at (60,0) size 2x2 [border: (1px inset #808080)] [r=0 c=30 rs=1 cs=1]
              RenderTableCell {TD} at (62,0) size 2x2 [border: (1px inset #808080)] [r=0 c=31 rs=1 cs=1]
              RenderTableCell {TD} at (64,0) size 2x2 [border: (1px inset #808080)] [r=0 c=32 rs=1 cs=1]
              RenderTableCell {TD} at (66,0) size 2x2 [border: (1px inset #808080)] [r=0 c=33 rs=1 cs=1]
              RenderTableCell {TD} at (68,0) size 2x2 [border: (1px inset #808080)] [r=0 c=34 rs=1 cs=1]
              RenderTableCell {TD} at (70,0) size 2x2 [border: (1px inset #808080)] [r=0 c=35 rs=1 cs=1]
              RenderTableCell {TD} at (72,0) size 2x2 [border: (1px inset #808080)] [r=0 c=36 rs=1 cs=1]
              RenderTableCell {TD} at (74,0) size 2x2 [border: (1px inset #808080)] [r=0 c=37 rs=1 cs=1]
              RenderTableCell {TD} at (76,0) size 2x2 [border: (1px inset #808080)] [r=0 c=38 rs=1 cs=1]
              RenderTableCell {TD} at (78,0) size 2x2 [border: (1px inset #808080)] [r=0 c=39 rs=1 cs=1]
              RenderTableCell {TD} at (80,0) size 2x2 [border: (1px inset #808080)] [r=0 c=40 rs=1 cs=1]
              RenderTableCell {TD} at (82,0) size 2x2 [border: (1px inset #808080)] [r=0 c=41 rs=1 cs=1]
              RenderTableCell {TD} at (84,0) size 2x2 [border: (1px inset #808080)] [r=0 c=42 rs=1 cs=1]
              RenderTableCell {TD} at (86,0) size 2x2 [border: (1px inset #808080)] [r=0 c=43 rs=1 cs=1]
              RenderTableCell {TD} at (88,0) size 2x2 [border: (1px inset #808080)] [r=0 c=44 rs=1 cs=1]
              RenderTableCell {TD} at (90,0) size 2x2 [border: (1px inset #808080)] [r=0 c=45 rs=1 cs=1]
              RenderTableCell {TD} at (92,0) size 2x2 [border: (1px inset #808080)] [r=0 c=46 rs=1 cs=1]
              RenderTableCell {TD} at (94,0) size 2x2 [border: (1px inset #808080)] [r=0 c=47 rs=1 cs=1]
              RenderTableCell {TD} at (96,0) size 2x2 [border: (1px inset #808080)] [r=0 c=48 rs=1 cs=1]
              RenderTableCell {TD} at (98,0) size 2x2 [border: (1px inset #808080)] [r=0 c=49 rs=1 cs=1]
              RenderTableCell {TD} at (100,0) size 2x2 [border: (1px inset #808080)] [r=0 c=50 rs=1 cs=1]
              RenderTableCell {TD} at (102,0) size 2x2 [border: (1px inset #808080)] [r=0 c=51 rs=1 cs=1]
              RenderTableCell {TD} at (104,0) size 2x2 [border: (1px inset #808080)] [r=0 c=52 rs=1 cs=1]
              RenderTableCell {TD} at (106,0) size 2x2 [border: (1px inset #808080)] [r=0 c=53 rs=1 cs=1]
              RenderTableCell {TD} at (108,0) size 2x2 [border: (1px inset #808080)] [r=0 c=54 rs=1 cs=1]
              RenderTableCell {TD} at (110,0) size 2x2 [border: (1px inset #808080)] [r=0 c=55 rs=1 cs=1]
              RenderTableCell {TD} at (112,0) size 2x2 [border: (1px inset #808080)] [r=0 c=56 rs=1 cs=1]
              RenderTableCell {TD} at (114,0) size 2x2 [border: (1px inset #808080)] [r=0 c=57 rs=1 cs=1]
              RenderTableCell {TD} at (116,0) size 2x2 [border: (1px inset #808080)] [r=0 c=58 rs=1 cs=1]
              RenderTableCell {TD} at (118,0) size 2x2 [border: (1px inset #808080)] [r=0 c=59 rs=1 cs=1]
              RenderTableCell {TD} at (120,0) size 2x2 [border: (1px inset #808080)] [r=0 c=60 rs=1 cs=1]
              RenderTableCell {TD} at (122,0) size 2x2 [border: (1px inset #808080)] [r=0 c=61 rs=1 cs=1]
              RenderTableCell {TD} at (124,0) size 2x2 [border: (1px inset #808080)] [r=0 c=62 rs=1 cs=1]
              RenderTableCell {TD} at (126,0) size 2x2 [border: (1px inset #808080)] [r=0 c=63 rs=1 cs=1]
              RenderTableCell {TD} at (128,0) size 2x2 [border: (1px inset #808080)] [r=0 c=64 rs=1 cs=1]
              RenderTableCell {TD} at (130,0) size 2x2 [border: (1px inset #808080)] [r=0 c=65 rs=1 cs=1]
              RenderTableCell {TD} at (132,0) size 2x2 [border: (1px inset #808080)] [r=0 c=66 rs=1 cs=1]
              RenderTableCell {TD} at (134,0) size 2x2 [border: (1px inset #808080)] [r=0 c=67 rs=1 cs=1]
              RenderTableCell {TD} at (136,0) size 2x2 [border: (1px inset #808080)] [r=0 c=68 rs=1 cs=1]
              RenderTableCell {TD} at (138,0) size 2x2 [border: (1px inset #808080)] [r=0 c=69 rs=1 cs=1]
              RenderTableCell {TD} at (140,0) size 2x2 [border: (1px inset #808080)] [r=0 c=70 rs=1 cs=1]
              RenderTableCell {TD} at (142,0) size 2x2 [border: (1px inset #808080)] [r=0 c=71 rs=1 cs=1]
              RenderTableCell {TD} at (144,0) size 2x2 [border: (1px inset #808080)] [r=0 c=72 rs=1 cs=1]
              RenderTableCell {TD} at (146,0) size 2x2 [border: (1px inset #808080)] [r=0 c=73 rs=1 cs=1]
              RenderTableCell {TD} at (148,0) size 2x2 [border: (1px inset #808080)] [r=0 c=74 rs=1 cs=1]
              RenderTableCell {TD} at (150,0) size 2x2 [border: (1px inset #808080)] [r=0 c=75 rs=1 cs=1]
              RenderTableCell {TD} at (152,0) size 2x2 [border: (1px inset #808080)] [r=0 c=76 rs=1 cs=1]
              RenderTableCell {TD} at (154,0) size 2x2 [border: (1px inset #808080)] [r=0 c=77 rs=1 cs=1]
              RenderTableCell {TD} at (156,0) size 2x2 [border: (1px inset #808080)] [r=0 c=78 rs=1 cs=1]
              RenderTableCell {TD} at (158,0) size 2x2 [border: (1px inset #808080)] [r=0 c=79 rs=1 cs=1]
              RenderTableCell {TD} at (160,0) size 2x2 [border: (1px inset #808080)] [r=0 c=80 rs=1 cs=1]
              RenderTableCell {TD} at (162,0) size 2x2 [border: (1px inset #808080)] [r=0 c=81 rs=1 cs=1]
              RenderTableCell {TD} at (164,0) size 2x2 [border: (1px inset #808080)] [r=0 c=82 rs=1 cs=1]
              RenderTableCell {TD} at (166,0) size 2x2 [border: (1px inset #808080)] [r=0 c=83 rs=1 cs=1]
              RenderTableCell {TD} at (168,0) size 2x2 [border: (1px inset #808080)] [r=0 c=84 rs=1 cs=1]
              RenderTableCell {TD} at (170,0) size 2x2 [border: (1px inset #808080)] [r=0 c=85 rs=1 cs=1]
              RenderTableCell {TD} at (172,0) size 2x2 [border: (1px inset #808080)] [r=0 c=86 rs=1 cs=1]
              RenderTableCell {TD} at (174,0) size 2x2 [border: (1px inset #808080)] [r=0 c=87 rs=1 cs=1]
              RenderTableCell {TD} at (176,0) size 2x2 [border: (1px inset #808080)] [r=0 c=88 rs=1 cs=1]
              RenderTableCell {TD} at (178,0) size 2x2 [border: (1px inset #808080)] [r=0 c=89 rs=1 cs=1]
        RenderBlock (anonymous) at (0,24) size 769x20
          RenderBR {BR} at (0,0) size 0x19
      RenderBlock {P} at (0,504) size 769x44
        RenderBlock (anonymous) at (0,0) size 769x20
          RenderText {#text} at (0,0) size 382x19
            text run at (0,0) width 382: "this table should be about 8 pixels wide (nested without border)"
        RenderTable {TABLE} at (0,20) size 10x4 [border: (1px outset #808080)]
          RenderTableSection {TBODY} at (1,1) size 8x2
            RenderTableRow {TR} at (0,0) size 8x2
              RenderTableCell {TD} at (0,0) size 8x2 [border: (1px inset #808080)] [r=0 c=0 rs=1 cs=1]
                RenderTable {TABLE} at (1,1) size 6x0 [bgcolor=#FFA500]
                  RenderTableSection {TBODY} at (0,0) size 6x0
                    RenderTableRow {TR} at (0,0) size 6x0
                      RenderTableCell {TD} at (0,0) size 0x0 [r=0 c=0 rs=1 cs=1]
                      RenderTableCell {TD} at (0,0) size 0x0 [r=0 c=1 rs=1 cs=1]
                      RenderTableCell {TD} at (0,0) size 0x0 [r=0 c=2 rs=1 cs=1]
                      RenderTableCell {TD} at (0,0) size 0x0 [r=0 c=3 rs=1 cs=1]
                      RenderTableCell {TD} at (0,0) size 0x0 [r=0 c=4 rs=1 cs=1]
                      RenderTableCell {TD} at (0,0) size 0x0 [r=0 c=5 rs=1 cs=1]
        RenderBlock (anonymous) at (0,24) size 769x20
          RenderBR {BR} at (0,0) size 0x19
      RenderBlock {P} at (0,564) size 769x20
        RenderText {#text} at (0,0) size 464x19
          text run at (0,0) width 464: "this table should be about 122 pixels wide (nested, width=10 without border)"
      RenderBlock {HR} at (0,600) size 124x2 [border: (1px inset #000000)]
      RenderTable {TABLE} at (0,610) size 124x4 [border: (1px outset #808080)]
        RenderTableSection {TBODY} at (1,1) size 122x2
          RenderTableRow {TR} at (0,0) size 122x2
            RenderTableCell {TD} at (0,0) size 122x2 [border: (1px inset #808080)] [r=0 c=0 rs=1 cs=1]
              RenderTable {TABLE} at (1,1) size 120x0 [bgcolor=#FFA500]
                RenderTableSection {TBODY} at (0,0) size 120x0
                  RenderTableRow {TR} at (0,0) size 120x0
                    RenderTableCell {TD} at (0,0) size 10x0 [r=0 c=0 rs=1 cs=1]
                    RenderTableCell {TD} at (10,0) size 10x0 [r=0 c=1 rs=1 cs=1]
                    RenderTableCell {TD} at (20,0) size 10x0 [r=0 c=2 rs=1 cs=1]
                    RenderTableCell {TD} at (30,0) size 10x0 [r=0 c=3 rs=1 cs=1]
                    RenderTableCell {TD} at (40,0) size 10x0 [r=0 c=4 rs=1 cs=1]
                    RenderTableCell {TD} at (50,0) size 10x0 [r=0 c=5 rs=1 cs=1]
                    RenderTableCell {TD} at (60,0) size 10x0 [r=0 c=6 rs=1 cs=1]
                    RenderTableCell {TD} at (70,0) size 10x0 [r=0 c=7 rs=1 cs=1]
                    RenderTableCell {TD} at (80,0) size 10x0 [r=0 c=8 rs=1 cs=1]
                    RenderTableCell {TD} at (90,0) size 10x0 [r=0 c=9 rs=1 cs=1]
                    RenderTableCell {TD} at (100,0) size 10x0 [r=0 c=10 rs=1 cs=1]
                    RenderTableCell {TD} at (110,0) size 10x0 [r=0 c=11 rs=1 cs=1]
      RenderBlock (anonymous) at (0,614) size 769x20
        RenderBR {BR} at (0,0) size 0x19
      RenderBlock {P} at (0,650) size 769x46
        RenderBlock (anonymous) at (0,0) size 769x20
          RenderText {#text} at (0,0) size 343x19
            text run at (0,0) width 343: "this table should be about 32 pixels wide (cellpadding=1)"
        RenderTable {TABLE} at (0,20) size 26x6 [bgcolor=#FFA500] [border: (1px outset #808080)]
          RenderTableSection {TBODY} at (1,1) size 24x4
            RenderTableRow {TR} at (0,0) size 24x4
              RenderTableCell {TD} at (0,0) size 4x4 [border: (1px inset #808080)] [r=0 c=0 rs=1 cs=1]
              RenderTableCell {TD} at (4,0) size 4x4 [border: (1px inset #808080)] [r=0 c=1 rs=1 cs=1]
              RenderTableCell {TD} at (8,0) size 4x4 [border: (1px inset #808080)] [r=0 c=2 rs=1 cs=1]
              RenderTableCell {TD} at (12,0) size 4x4 [border: (1px inset #808080)] [r=0 c=3 rs=1 cs=1]
              RenderTableCell {TD} at (16,0) size 4x4 [border: (1px inset #808080)] [r=0 c=4 rs=1 cs=1]
              RenderTableCell {TD} at (20,0) size 4x4 [border: (1px inset #808080)] [r=0 c=5 rs=1 cs=1]
        RenderBlock (anonymous) at (0,26) size 769x20
          RenderBR {BR} at (0,0) size 0x19
      RenderBlock {P} at (0,712) size 769x44
        RenderBlock (anonymous) at (0,0) size 769x20
          RenderText {#text} at (0,0) size 308x19
            text run at (0,0) width 308: "this table should be about 26 pixels wide (width=2)"
        RenderTable {TABLE} at (0,20) size 26x4 [bgcolor=#FFA500] [border: (1px outset #808080)]
          RenderTableSection {TBODY} at (1,1) size 24x2
            RenderTableRow {TR} at (0,0) size 24x2
              RenderTableCell {TD} at (0,0) size 4x2 [border: (1px inset #808080)] [r=0 c=0 rs=1 cs=1]
              RenderTableCell {TD} at (4,0) size 4x2 [border: (1px inset #808080)] [r=0 c=1 rs=1 cs=1]
              RenderTableCell {TD} at (8,0) size 4x2 [border: (1px inset #808080)] [r=0 c=2 rs=1 cs=1]
              RenderTableCell {TD} at (12,0) size 4x2 [border: (1px inset #808080)] [r=0 c=3 rs=1 cs=1]
              RenderTableCell {TD} at (16,0) size 4x2 [border: (1px inset #808080)] [r=0 c=4 rs=1 cs=1]
              RenderTableCell {TD} at (20,0) size 4x2 [border: (1px inset #808080)] [r=0 c=5 rs=1 cs=1]
        RenderBlock (anonymous) at (0,24) size 769x20
          RenderBR {BR} at (0,0) size 0x19
      RenderBlock {P} at (0,772) size 769x44
        RenderBlock (anonymous) at (0,0) size 769x20
          RenderText {#text} at (0,0) size 321x19
            text run at (0,0) width 321: "this table should be about 20 pixels wide (colspan=3)"
        RenderTable {TABLE} at (0,20) size 14x4 [bgcolor=#FFA500] [border: (1px outset #808080)]
          RenderTableSection {TBODY} at (1,1) size 12x2
            RenderTableRow {TR} at (0,0) size 12x2
              RenderTableCell {TD} at (0,0) size 2x2 [border: (1px inset #808080)] [r=0 c=0 rs=1 cs=3]
              RenderTableCell {TD} at (2,0) size 2x2 [border: (1px inset #808080)] [r=0 c=3 rs=1 cs=3]
              RenderTableCell {TD} at (4,0) size 2x2 [border: (1px inset #808080)] [r=0 c=6 rs=1 cs=3]
              RenderTableCell {TD} at (6,0) size 2x2 [border: (1px inset #808080)] [r=0 c=9 rs=1 cs=3]
              RenderTableCell {TD} at (8,0) size 2x2 [border: (1px inset #808080)] [r=0 c=12 rs=1 cs=3]
              RenderTableCell {TD} at (10,0) size 2x2 [border: (1px inset #808080)] [r=0 c=15 rs=1 cs=3]
        RenderBlock (anonymous) at (0,24) size 769x20
          RenderBR {BR} at (0,0) size 0x19
      RenderBlock {P} at (0,832) size 769x44
        RenderBlock (anonymous) at (0,0) size 769x20
          RenderText {#text} at (0,0) size 375x19
            text run at (0,0) width 375: "this table should be about 26 pixels wide (colspan=3 width=2)"
        RenderTable {TABLE} at (0,20) size 26x4 [bgcolor=#FFA500] [border: (1px outset #808080)]
          RenderTableSection {TBODY} at (1,1) size 24x2
            RenderTableRow {TR} at (0,0) size 24x2
              RenderTableCell {TD} at (0,0) size 4x2 [border: (1px inset #808080)] [r=0 c=0 rs=1 cs=3]
              RenderTableCell {TD} at (4,0) size 4x2 [border: (1px inset #808080)] [r=0 c=3 rs=1 cs=3]
              RenderTableCell {TD} at (8,0) size 4x2 [border: (1px inset #808080)] [r=0 c=6 rs=1 cs=3]
              RenderTableCell {TD} at (12,0) size 4x2 [border: (1px inset #808080)] [r=0 c=9 rs=1 cs=3]
              RenderTableCell {TD} at (16,0) size 4x2 [border: (1px inset #808080)] [r=0 c=12 rs=1 cs=3]
              RenderTableCell {TD} at (20,0) size 4x2 [border: (1px inset #808080)] [r=0 c=15 rs=1 cs=3]
        RenderBlock (anonymous) at (0,24) size 769x20
          RenderBR {BR} at (0,0) size 0x19
      RenderBlock {P} at (0,892) size 769x44
        RenderBlock (anonymous) at (0,0) size 769x20
          RenderText {#text} at (0,0) size 321x19
            text run at (0,0) width 321: "this table should be about 26 pixels wide (colspan=4)"
        RenderTable {TABLE} at (0,20) size 14x4 [bgcolor=#FFA500] [border: (1px outset #808080)]
          RenderTableSection {TBODY} at (1,1) size 12x2
            RenderTableRow {TR} at (0,0) size 12x2
              RenderTableCell {TD} at (0,0) size 2x2 [border: (1px inset #808080)] [r=0 c=0 rs=1 cs=4]
              RenderTableCell {TD} at (2,0) size 2x2 [border: (1px inset #808080)] [r=0 c=4 rs=1 cs=4]
              RenderTableCell {TD} at (4,0) size 2x2 [border: (1px inset #808080)] [r=0 c=8 rs=1 cs=4]
              RenderTableCell {TD} at (6,0) size 2x2 [border: (1px inset #808080)] [r=0 c=12 rs=1 cs=4]
              RenderTableCell {TD} at (8,0) size 2x2 [border: (1px inset #808080)] [r=0 c=16 rs=1 cs=4]
              RenderTableCell {TD} at (10,0) size 2x2 [border: (1px inset #808080)] [r=0 c=20 rs=1 cs=4]
        RenderBlock (anonymous) at (0,24) size 769x20
          RenderBR {BR} at (0,0) size 0x19
      RenderBlock {P} at (0,952) size 769x48
        RenderBlock (anonymous) at (0,0) size 769x20
          RenderText {#text} at (0,0) size 411x19
            text run at (0,0) width 411: "this table should be about 38 pixels wide (colspan=4, cellspacing=2)"
        RenderTable {TABLE} at (0,20) size 28x8 [bgcolor=#FFA500] [border: (1px outset #808080)]
          RenderTableSection {TBODY} at (1,1) size 26x6
            RenderTableRow {TR} at (0,2) size 26x2
              RenderTableCell {TD} at (2,2) size 2x2 [border: (1px inset #808080)] [r=0 c=0 rs=1 cs=4]
              RenderTableCell {TD} at (6,2) size 2x2 [border: (1px inset #808080)] [r=0 c=4 rs=1 cs=4]
              RenderTableCell {TD} at (10,2) size 2x2 [border: (1px inset #808080)] [r=0 c=8 rs=1 cs=4]
              RenderTableCell {TD} at (14,2) size 2x2 [border: (1px inset #808080)] [r=0 c=12 rs=1 cs=4]
              RenderTableCell {TD} at (18,2) size 2x2 [border: (1px inset #808080)] [r=0 c=16 rs=1 cs=4]
              RenderTableCell {TD} at (22,2) size 2x2 [border: (1px inset #808080)] [r=0 c=20 rs=1 cs=4]
        RenderBlock (anonymous) at (0,28) size 769x20
          RenderBR {BR} at (0,0) size 0x19
      RenderBlock {P} at (0,1016) size 769x48
        RenderBlock (anonymous) at (0,0) size 769x20
          RenderText {#text} at (0,0) size 414x19
            text run at (0,0) width 414: "this table should be about 38 pixels wide (colspan=4, cellpadding=2)"
        RenderTable {TABLE} at (0,20) size 38x8 [bgcolor=#FFA500] [border: (1px outset #808080)]
          RenderTableSection {TBODY} at (1,1) size 36x6
            RenderTableRow {TR} at (0,0) size 36x6
              RenderTableCell {TD} at (0,0) size 6x6 [border: (1px inset #808080)] [r=0 c=0 rs=1 cs=4]
              RenderTableCell {TD} at (6,0) size 6x6 [border: (1px inset #808080)] [r=0 c=4 rs=1 cs=4]
              RenderTableCell {TD} at (12,0) size 6x6 [border: (1px inset #808080)] [r=0 c=8 rs=1 cs=4]
              RenderTableCell {TD} at (18,0) size 6x6 [border: (1px inset #808080)] [r=0 c=12 rs=1 cs=4]
              RenderTableCell {TD} at (24,0) size 6x6 [border: (1px inset #808080)] [r=0 c=16 rs=1 cs=4]
              RenderTableCell {TD} at (30,0) size 6x6 [border: (1px inset #808080)] [r=0 c=20 rs=1 cs=4]
        RenderBlock (anonymous) at (0,28) size 769x20
          RenderBR {BR} at (0,0) size 0x19
      RenderBlock {P} at (0,1080) size 769x50
        RenderBlock (anonymous) at (0,0) size 769x20
          RenderText {#text} at (0,0) size 414x19
            text run at (0,0) width 414: "this table should be about 38 pixels wide (colspan=4, cellpadding=3)"
        RenderTable {TABLE} at (0,20) size 50x10 [bgcolor=#FFA500] [border: (1px outset #808080)]
          RenderTableSection {TBODY} at (1,1) size 48x8
            RenderTableRow {TR} at (0,0) size 48x8
              RenderTableCell {TD} at (0,0) size 8x8 [border: (1px inset #808080)] [r=0 c=0 rs=1 cs=4]
              RenderTableCell {TD} at (8,0) size 8x8 [border: (1px inset #808080)] [r=0 c=4 rs=1 cs=4]
              RenderTableCell {TD} at (16,0) size 8x8 [border: (1px inset #808080)] [r=0 c=8 rs=1 cs=4]
              RenderTableCell {TD} at (24,0) size 8x8 [border: (1px inset #808080)] [r=0 c=12 rs=1 cs=4]
              RenderTableCell {TD} at (32,0) size 8x8 [border: (1px inset #808080)] [r=0 c=16 rs=1 cs=4]
              RenderTableCell {TD} at (40,0) size 8x8 [border: (1px inset #808080)] [r=0 c=20 rs=1 cs=4]
        RenderBlock (anonymous) at (0,30) size 769x20
          RenderBR {BR} at (0,0) size 0x19
      RenderBlock {P} at (0,1146) size 769x44
        RenderBlock (anonymous) at (0,0) size 769x20
          RenderText {#text} at (0,0) size 375x19
            text run at (0,0) width 375: "this table should be about 26 pixels wide (colspan=4 width=2)"
        RenderTable {TABLE} at (0,20) size 26x4 [bgcolor=#FFA500] [border: (1px outset #808080)]
          RenderTableSection {TBODY} at (1,1) size 24x2
            RenderTableRow {TR} at (0,0) size 24x2
              RenderTableCell {TD} at (0,0) size 4x2 [border: (1px inset #808080)] [r=0 c=0 rs=1 cs=4]
              RenderTableCell {TD} at (4,0) size 4x2 [border: (1px inset #808080)] [r=0 c=4 rs=1 cs=4]
              RenderTableCell {TD} at (8,0) size 4x2 [border: (1px inset #808080)] [r=0 c=8 rs=1 cs=4]
              RenderTableCell {TD} at (12,0) size 4x2 [border: (1px inset #808080)] [r=0 c=12 rs=1 cs=4]
              RenderTableCell {TD} at (16,0) size 4x2 [border: (1px inset #808080)] [r=0 c=16 rs=1 cs=4]
              RenderTableCell {TD} at (20,0) size 4x2 [border: (1px inset #808080)] [r=0 c=20 rs=1 cs=4]
        RenderBlock (anonymous) at (0,24) size 769x20
          RenderBR {BR} at (0,0) size 0x19
      RenderBlock {P} at (0,1206) size 769x64
        RenderBlock (anonymous) at (0,0) size 769x20
          RenderText {#text} at (0,0) size 374x19
            text run at (0,0) width 374: "this table should be about 20 pixels wide (colspan=3 with BR)"
        RenderTable {TABLE} at (0,20) size 14x24 [bgcolor=#FFA500] [border: (1px outset #808080)]
          RenderTableSection {TBODY} at (1,1) size 12x22
            RenderTableRow {TR} at (0,0) size 12x22
              RenderTableCell {TD} at (0,0) size 2x22 [border: (1px inset #808080)] [r=0 c=0 rs=1 cs=3]
                RenderBR {BR} at (1,1) size 0x19
              RenderTableCell {TD} at (2,0) size 2x22 [border: (1px inset #808080)] [r=0 c=3 rs=1 cs=3]
                RenderBR {BR} at (1,1) size 0x19
              RenderTableCell {TD} at (4,0) size 2x22 [border: (1px inset #808080)] [r=0 c=6 rs=1 cs=3]
                RenderBR {BR} at (1,1) size 0x19
              RenderTableCell {TD} at (6,0) size 2x22 [border: (1px inset #808080)] [r=0 c=9 rs=1 cs=3]
                RenderBR {BR} at (1,1) size 0x19
              RenderTableCell {TD} at (8,0) size 2x22 [border: (1px inset #808080)] [r=0 c=12 rs=1 cs=3]
                RenderBR {BR} at (1,1) size 0x19
              RenderTableCell {TD} at (10,0) size 2x22 [border: (1px inset #808080)] [r=0 c=15 rs=1 cs=3]
                RenderBR {BR} at (1,1) size 0x19
        RenderBlock (anonymous) at (0,44) size 769x20
          RenderBR {BR} at (0,0) size 0x19
      RenderBlock {P} at (0,1286) size 769x64
        RenderBlock (anonymous) at (0,0) size 769x20
          RenderText {#text} at (0,0) size 374x19
            text run at (0,0) width 374: "this table should be about 20 pixels wide (colspan=3 with BR)"
        RenderTable {TABLE} at (0,20) size 14x24 [bgcolor=#FFA500] [border: (1px outset #808080)]
          RenderTableSection {TBODY} at (1,1) size 12x22
            RenderTableRow {TR} at (0,0) size 12x22
              RenderTableCell {TD} at (0,0) size 2x22 [border: (1px inset #808080)] [r=0 c=0 rs=1 cs=3]
                RenderBR {BR} at (1,1) size 0x19
              RenderTableCell {TD} at (2,0) size 2x22 [border: (1px inset #808080)] [r=0 c=3 rs=1 cs=3]
                RenderBR {BR} at (1,1) size 0x19
              RenderTableCell {TD} at (4,0) size 2x22 [border: (1px inset #808080)] [r=0 c=6 rs=1 cs=3]
                RenderBR {BR} at (1,1) size 0x19
              RenderTableCell {TD} at (6,0) size 2x22 [border: (1px inset #808080)] [r=0 c=9 rs=1 cs=3]
                RenderBR {BR} at (1,1) size 0x19
              RenderTableCell {TD} at (8,0) size 2x22 [border: (1px inset #808080)] [r=0 c=12 rs=1 cs=3]
                RenderBR {BR} at (1,1) size 0x19
              RenderTableCell {TD} at (10,0) size 2x22 [border: (1px inset #808080)] [r=0 c=15 rs=1 cs=3]
                RenderBR {BR} at (1,1) size 0x19
        RenderBlock (anonymous) at (0,44) size 769x20
          RenderBR {BR} at (0,0) size 0x19
      RenderBlock {P} at (0,1366) size 769x64
        RenderBlock (anonymous) at (0,0) size 769x20
          RenderText {#text} at (0,0) size 428x19
            text run at (0,0) width 428: "this table should be about 26 pixels wide (colspan=3 width=2 with BR)"
        RenderTable {TABLE} at (0,20) size 26x24 [bgcolor=#FFA500] [border: (1px outset #808080)]
          RenderTableSection {TBODY} at (1,1) size 24x22
            RenderTableRow {TR} at (0,0) size 24x22
              RenderTableCell {TD} at (0,0) size 4x22 [border: (1px inset #808080)] [r=0 c=0 rs=1 cs=3]
                RenderBR {BR} at (1,1) size 0x19
              RenderTableCell {TD} at (4,0) size 4x22 [border: (1px inset #808080)] [r=0 c=3 rs=1 cs=3]
                RenderBR {BR} at (1,1) size 0x19
              RenderTableCell {TD} at (8,0) size 4x22 [border: (1px inset #808080)] [r=0 c=6 rs=1 cs=3]
                RenderBR {BR} at (1,1) size 0x19
              RenderTableCell {TD} at (12,0) size 4x22 [border: (1px inset #808080)] [r=0 c=9 rs=1 cs=3]
                RenderBR {BR} at (1,1) size 0x19
              RenderTableCell {TD} at (16,0) size 4x22 [border: (1px inset #808080)] [r=0 c=12 rs=1 cs=3]
                RenderBR {BR} at (1,1) size 0x19
              RenderTableCell {TD} at (20,0) size 4x22 [border: (1px inset #808080)] [r=0 c=15 rs=1 cs=3]
                RenderBR {BR} at (1,1) size 0x19
        RenderBlock (anonymous) at (0,44) size 769x20
          RenderBR {BR} at (0,0) size 0x19
      RenderBlock {P} at (0,1446) size 769x64
        RenderBlock (anonymous) at (0,0) size 769x20
          RenderText {#text} at (0,0) size 428x19
            text run at (0,0) width 428: "this table should be about 32 pixels wide (colspan=3 width=3 with BR)"
        RenderTable {TABLE} at (0,20) size 32x24 [bgcolor=#FFA500] [border: (1px outset #808080)]
          RenderTableSection {TBODY} at (1,1) size 30x22
            RenderTableRow {TR} at (0,0) size 30x22
              RenderTableCell {TD} at (0,0) size 5x22 [border: (1px inset #808080)] [r=0 c=0 rs=1 cs=3]
                RenderBR {BR} at (1,1) size 0x19
              RenderTableCell {TD} at (5,0) size 5x22 [border: (1px inset #808080)] [r=0 c=3 rs=1 cs=3]
                RenderBR {BR} at (1,1) size 0x19
              RenderTableCell {TD} at (10,0) size 5x22 [border: (1px inset #808080)] [r=0 c=6 rs=1 cs=3]
                RenderBR {BR} at (1,1) size 0x19
              RenderTableCell {TD} at (15,0) size 5x22 [border: (1px inset #808080)] [r=0 c=9 rs=1 cs=3]
                RenderBR {BR} at (1,1) size 0x19
              RenderTableCell {TD} at (20,0) size 5x22 [border: (1px inset #808080)] [r=0 c=12 rs=1 cs=3]
                RenderBR {BR} at (1,1) size 0x19
              RenderTableCell {TD} at (25,0) size 5x22 [border: (1px inset #808080)] [r=0 c=15 rs=1 cs=3]
                RenderBR {BR} at (1,1) size 0x19
        RenderBlock (anonymous) at (0,44) size 769x20
          RenderBR {BR} at (0,0) size 0x19
      RenderBlock {P} at (0,1526) size 769x64
        RenderBlock (anonymous) at (0,0) size 769x20
          RenderText {#text} at (0,0) size 374x19
            text run at (0,0) width 374: "this table should be about 26 pixels wide (colspan=4 with BR)"
        RenderTable {TABLE} at (0,20) size 14x24 [bgcolor=#FFA500] [border: (1px outset #808080)]
          RenderTableSection {TBODY} at (1,1) size 12x22
            RenderTableRow {TR} at (0,0) size 12x22
              RenderTableCell {TD} at (0,0) size 2x22 [border: (1px inset #808080)] [r=0 c=0 rs=1 cs=4]
                RenderBR {BR} at (1,1) size 0x19
              RenderTableCell {TD} at (2,0) size 2x22 [border: (1px inset #808080)] [r=0 c=4 rs=1 cs=4]
                RenderBR {BR} at (1,1) size 0x19
              RenderTableCell {TD} at (4,0) size 2x22 [border: (1px inset #808080)] [r=0 c=8 rs=1 cs=4]
                RenderBR {BR} at (1,1) size 0x19
              RenderTableCell {TD} at (6,0) size 2x22 [border: (1px inset #808080)] [r=0 c=12 rs=1 cs=4]
                RenderBR {BR} at (1,1) size 0x19
              RenderTableCell {TD} at (8,0) size 2x22 [border: (1px inset #808080)] [r=0 c=16 rs=1 cs=4]
                RenderBR {BR} at (1,1) size 0x19
              RenderTableCell {TD} at (10,0) size 2x22 [border: (1px inset #808080)] [r=0 c=20 rs=1 cs=4]
                RenderBR {BR} at (1,1) size 0x19
        RenderBlock (anonymous) at (0,44) size 769x20
          RenderBR {BR} at (0,0) size 0x19
      RenderBlock {P} at (0,1606) size 769x64
        RenderBlock (anonymous) at (0,0) size 769x20
          RenderText {#text} at (0,0) size 374x19
            text run at (0,0) width 374: "this table should be about 32 pixels wide (colspan=5 with BR)"
        RenderTable {TABLE} at (0,20) size 14x24 [bgcolor=#FFA500] [border: (1px outset #808080)]
          RenderTableSection {TBODY} at (1,1) size 12x22
            RenderTableRow {TR} at (0,0) size 12x22
              RenderTableCell {TD} at (0,0) size 2x22 [border: (1px inset #808080)] [r=0 c=0 rs=1 cs=5]
                RenderBR {BR} at (1,1) size 0x19
              RenderTableCell {TD} at (2,0) size 2x22 [border: (1px inset #808080)] [r=0 c=5 rs=1 cs=5]
                RenderBR {BR} at (1,1) size 0x19
              RenderTableCell {TD} at (4,0) size 2x22 [border: (1px inset #808080)] [r=0 c=10 rs=1 cs=5]
                RenderBR {BR} at (1,1) size 0x19
              RenderTableCell {TD} at (6,0) size 2x22 [border: (1px inset #808080)] [r=0 c=15 rs=1 cs=5]
                RenderBR {BR} at (1,1) size 0x19
              RenderTableCell {TD} at (8,0) size 2x22 [border: (1px inset #808080)] [r=0 c=20 rs=1 cs=5]
                RenderBR {BR} at (1,1) size 0x19
              RenderTableCell {TD} at (10,0) size 2x22 [border: (1px inset #808080)] [r=0 c=25 rs=1 cs=5]
                RenderBR {BR} at (1,1) size 0x19
        RenderBlock (anonymous) at (0,44) size 769x20
          RenderBR {BR} at (0,0) size 0x19
      RenderBlock {P} at (0,1686) size 769x64
        RenderBlock (anonymous) at (0,0) size 769x20
          RenderText {#text} at (0,0) size 382x19
            text run at (0,0) width 382: "this table should be about 92 pixels wide (colspan=15 with BR)"
        RenderTable {TABLE} at (0,20) size 14x24 [bgcolor=#FFA500] [border: (1px outset #808080)]
          RenderTableSection {TBODY} at (1,1) size 12x22
            RenderTableRow {TR} at (0,0) size 12x22
              RenderTableCell {TD} at (0,0) size 2x22 [border: (1px inset #808080)] [r=0 c=0 rs=1 cs=15]
                RenderBR {BR} at (1,1) size 0x19
              RenderTableCell {TD} at (2,0) size 2x22 [border: (1px inset #808080)] [r=0 c=15 rs=1 cs=15]
                RenderBR {BR} at (1,1) size 0x19
              RenderTableCell {TD} at (4,0) size 2x22 [border: (1px inset #808080)] [r=0 c=30 rs=1 cs=15]
                RenderBR {BR} at (1,1) size 0x19
              RenderTableCell {TD} at (6,0) size 2x22 [border: (1px inset #808080)] [r=0 c=45 rs=1 cs=15]
                RenderBR {BR} at (1,1) size 0x19
              RenderTableCell {TD} at (8,0) size 2x22 [border: (1px inset #808080)] [r=0 c=60 rs=1 cs=15]
                RenderBR {BR} at (1,1) size 0x19
              RenderTableCell {TD} at (10,0) size 2x22 [border: (1px inset #808080)] [r=0 c=75 rs=1 cs=15]
                RenderBR {BR} at (1,1) size 0x19
        RenderBlock (anonymous) at (0,44) size 769x20
          RenderBR {BR} at (0,0) size 0x19
      RenderBlock {P} at (0,1766) size 769x64
        RenderBlock (anonymous) at (0,0) size 769x20
          RenderText {#text} at (0,0) size 429x19
            text run at (0,0) width 429: "this table should be about 92 pixels wide (nested, colspan=15 with BR)"
        RenderTable {TABLE} at (0,20) size 10x24 [border: (1px outset #808080)]
          RenderTableSection {TBODY} at (1,1) size 8x22
            RenderTableRow {TR} at (0,0) size 8x22
              RenderTableCell {TD} at (0,0) size 8x22 [border: (1px inset #808080)] [r=0 c=0 rs=1 cs=1]
                RenderTable {TABLE} at (1,1) size 6x20 [bgcolor=#FFA500]
                  RenderTableSection {TBODY} at (0,0) size 6x20
                    RenderTableRow {TR} at (0,0) size 6x20
                      RenderTableCell {TD} at (0,0) size 1x20 [r=0 c=0 rs=1 cs=15]
                        RenderBR {BR} at (0,0) size 0x19
                      RenderTableCell {TD} at (1,0) size 1x20 [r=0 c=15 rs=1 cs=15]
                        RenderBR {BR} at (0,0) size 0x19
                      RenderTableCell {TD} at (2,0) size 1x20 [r=0 c=30 rs=1 cs=15]
                        RenderBR {BR} at (0,0) size 0x19
                      RenderTableCell {TD} at (3,0) size 1x20 [r=0 c=45 rs=1 cs=15]
                        RenderBR {BR} at (0,0) size 0x19
                      RenderTableCell {TD} at (4,0) size 1x20 [r=0 c=60 rs=1 cs=15]
                        RenderBR {BR} at (0,0) size 0x19
                      RenderTableCell {TD} at (5,0) size 1x20 [r=0 c=75 rs=1 cs=15]
                        RenderBR {BR} at (0,0) size 0x19
        RenderBlock (anonymous) at (0,44) size 769x20
          RenderBR {BR} at (0,0) size 0x19
      RenderBlock {P} at (0,1846) size 769x64
        RenderBlock (anonymous) at (0,0) size 769x20
          RenderText {#text} at (0,0) size 382x19
            text run at (0,0) width 382: "this table should be about 92 pixels wide (colspan=15 with BR)"
        RenderTable {TABLE} at (0,20) size 14x24 [bgcolor=#FFA500] [border: (1px outset #808080)]
          RenderTableSection {TBODY} at (1,1) size 12x22
            RenderTableRow {TR} at (0,0) size 12x22
              RenderTableCell {TD} at (0,0) size 2x22 [border: (1px inset #808080)] [r=0 c=0 rs=1 cs=15]
                RenderBR {BR} at (1,1) size 0x19
              RenderTableCell {TD} at (2,0) size 2x22 [border: (1px inset #808080)] [r=0 c=15 rs=1 cs=15]
                RenderBR {BR} at (1,1) size 0x19
              RenderTableCell {TD} at (4,0) size 2x22 [border: (1px inset #808080)] [r=0 c=30 rs=1 cs=15]
                RenderBR {BR} at (1,1) size 0x19
              RenderTableCell {TD} at (6,0) size 2x22 [border: (1px inset #808080)] [r=0 c=45 rs=1 cs=15]
                RenderBR {BR} at (1,1) size 0x19
              RenderTableCell {TD} at (8,0) size 2x22 [border: (1px inset #808080)] [r=0 c=60 rs=1 cs=15]
                RenderBR {BR} at (1,1) size 0x19
              RenderTableCell {TD} at (10,0) size 2x22 [border: (1px inset #808080)] [r=0 c=75 rs=1 cs=15]
                RenderBR {BR} at (1,1) size 0x19
        RenderBlock (anonymous) at (0,44) size 769x20
          RenderBR {BR} at (0,0) size 0x19
      RenderBlock {P} at (0,1926) size 769x64
        RenderBlock (anonymous) at (0,0) size 769x20
          RenderText {#text} at (0,0) size 369x19
            text run at (0,0) width 369: "this table should be about 92 pixels wide (colspan=15 with x)"
        RenderTable {TABLE} at (0,20) size 56x24 [bgcolor=#FFA500] [border: (1px outset #808080)]
          RenderTableSection {TBODY} at (1,1) size 54x22
            RenderTableRow {TR} at (0,0) size 54x22
              RenderTableCell {TD} at (0,0) size 9x22 [border: (1px inset #808080)] [r=0 c=0 rs=1 cs=15]
                RenderText {#text} at (1,1) size 7x19
                  text run at (1,1) width 7: "x"
              RenderTableCell {TD} at (9,0) size 9x22 [border: (1px inset #808080)] [r=0 c=15 rs=1 cs=15]
                RenderText {#text} at (1,1) size 7x19
                  text run at (1,1) width 7: "x"
              RenderTableCell {TD} at (18,0) size 9x22 [border: (1px inset #808080)] [r=0 c=30 rs=1 cs=15]
                RenderText {#text} at (1,1) size 7x19
                  text run at (1,1) width 7: "x"
              RenderTableCell {TD} at (27,0) size 9x22 [border: (1px inset #808080)] [r=0 c=45 rs=1 cs=15]
                RenderText {#text} at (1,1) size 7x19
                  text run at (1,1) width 7: "x"
              RenderTableCell {TD} at (36,0) size 9x22 [border: (1px inset #808080)] [r=0 c=60 rs=1 cs=15]
                RenderText {#text} at (1,1) size 7x19
                  text run at (1,1) width 7: "x"
              RenderTableCell {TD} at (45,0) size 9x22 [border: (1px inset #808080)] [r=0 c=75 rs=1 cs=15]
                RenderText {#text} at (1,1) size 7x19
                  text run at (1,1) width 7: "x"
        RenderBlock (anonymous) at (0,44) size 769x20
          RenderBR {BR} at (0,0) size 0x19
      RenderBlock {P} at (0,2006) size 769x44
        RenderBlock (anonymous) at (0,0) size 769x20
          RenderText {#text} at (0,0) size 308x19
            text run at (0,0) width 308: "this table should be about 20 pixels wide (width=0)"
        RenderTable {TABLE} at (0,20) size 14x4 [bgcolor=#FFA500] [border: (1px outset #808080)]
          RenderTableSection {TBODY} at (1,1) size 12x2
            RenderTableRow {TR} at (0,0) size 12x2
              RenderTableCell {TD} at (0,0) size 2x2 [border: (1px inset #808080)] [r=0 c=0 rs=1 cs=1]
              RenderTableCell {TD} at (2,0) size 2x2 [border: (1px inset #808080)] [r=0 c=1 rs=1 cs=1]
              RenderTableCell {TD} at (4,0) size 2x2 [border: (1px inset #808080)] [r=0 c=2 rs=1 cs=1]
              RenderTableCell {TD} at (6,0) size 2x2 [border: (1px inset #808080)] [r=0 c=3 rs=1 cs=1]
              RenderTableCell {TD} at (8,0) size 2x2 [border: (1px inset #808080)] [r=0 c=4 rs=1 cs=1]
              RenderTableCell {TD} at (10,0) size 2x2 [border: (1px inset #808080)] [r=0 c=5 rs=1 cs=1]
        RenderBlock (anonymous) at (0,24) size 769x20
          RenderBR {BR} at (0,0) size 0x19
      RenderBlock {P} at (0,2066) size 769x44
        RenderBlock (anonymous) at (0,0) size 769x20
          RenderText {#text} at (0,0) size 308x19
            text run at (0,0) width 308: "this table should be about 20 pixels wide (width=1)"
        RenderTable {TABLE} at (0,20) size 20x4 [bgcolor=#FFA500] [border: (1px outset #808080)]
          RenderTableSection {TBODY} at (1,1) size 18x2
            RenderTableRow {TR} at (0,0) size 18x2
              RenderTableCell {TD} at (0,0) size 3x2 [border: (1px inset #808080)] [r=0 c=0 rs=1 cs=1]
              RenderTableCell {TD} at (3,0) size 3x2 [border: (1px inset #808080)] [r=0 c=1 rs=1 cs=1]
              RenderTableCell {TD} at (6,0) size 3x2 [border: (1px inset #808080)] [r=0 c=2 rs=1 cs=1]
              RenderTableCell {TD} at (9,0) size 3x2 [border: (1px inset #808080)] [r=0 c=3 rs=1 cs=1]
              RenderTableCell {TD} at (12,0) size 3x2 [border: (1px inset #808080)] [r=0 c=4 rs=1 cs=1]
              RenderTableCell {TD} at (15,0) size 3x2 [border: (1px inset #808080)] [r=0 c=5 rs=1 cs=1]
        RenderBlock (anonymous) at (0,24) size 769x20
          RenderBR {BR} at (0,0) size 0x19
      RenderBlock {P} at (0,2126) size 769x44
        RenderBlock (anonymous) at (0,0) size 769x20
          RenderText {#text} at (0,0) size 308x19
            text run at (0,0) width 308: "this table should be about 26 pixels wide (width=2)"
        RenderTable {TABLE} at (0,20) size 26x4 [bgcolor=#FFA500] [border: (1px outset #808080)]
          RenderTableSection {TBODY} at (1,1) size 24x2
            RenderTableRow {TR} at (0,0) size 24x2
              RenderTableCell {TD} at (0,0) size 4x2 [border: (1px inset #808080)] [r=0 c=0 rs=1 cs=1]
              RenderTableCell {TD} at (4,0) size 4x2 [border: (1px inset #808080)] [r=0 c=1 rs=1 cs=1]
              RenderTableCell {TD} at (8,0) size 4x2 [border: (1px inset #808080)] [r=0 c=2 rs=1 cs=1]
              RenderTableCell {TD} at (12,0) size 4x2 [border: (1px inset #808080)] [r=0 c=3 rs=1 cs=1]
              RenderTableCell {TD} at (16,0) size 4x2 [border: (1px inset #808080)] [r=0 c=4 rs=1 cs=1]
              RenderTableCell {TD} at (20,0) size 4x2 [border: (1px inset #808080)] [r=0 c=5 rs=1 cs=1]
        RenderBlock (anonymous) at (0,24) size 769x20
          RenderBR {BR} at (0,0) size 0x19
      RenderBlock {P} at (0,2186) size 769x44
        RenderBlock (anonymous) at (0,0) size 769x20
          RenderText {#text} at (0,0) size 308x19
            text run at (0,0) width 308: "this table should be about 32 pixels wide (width=3)"
        RenderTable {TABLE} at (0,20) size 32x4 [bgcolor=#FFA500] [border: (1px outset #808080)]
          RenderTableSection {TBODY} at (1,1) size 30x2
            RenderTableRow {TR} at (0,0) size 30x2
              RenderTableCell {TD} at (0,0) size 5x2 [border: (1px inset #808080)] [r=0 c=0 rs=1 cs=1]
              RenderTableCell {TD} at (5,0) size 5x2 [border: (1px inset #808080)] [r=0 c=1 rs=1 cs=1]
              RenderTableCell {TD} at (10,0) size 5x2 [border: (1px inset #808080)] [r=0 c=2 rs=1 cs=1]
              RenderTableCell {TD} at (15,0) size 5x2 [border: (1px inset #808080)] [r=0 c=3 rs=1 cs=1]
              RenderTableCell {TD} at (20,0) size 5x2 [border: (1px inset #808080)] [r=0 c=4 rs=1 cs=1]
              RenderTableCell {TD} at (25,0) size 5x2 [border: (1px inset #808080)] [r=0 c=5 rs=1 cs=1]
        RenderBlock (anonymous) at (0,24) size 769x20
          RenderBR {BR} at (0,0) size 0x19
      RenderBlock {P} at (0,2246) size 769x44
        RenderBlock (anonymous) at (0,0) size 769x20
          RenderText {#text} at (0,0) size 308x19
            text run at (0,0) width 308: "this table should be about 38 pixels wide (width=4)"
        RenderTable {TABLE} at (0,20) size 38x4 [bgcolor=#FFA500] [border: (1px outset #808080)]
          RenderTableSection {TBODY} at (1,1) size 36x2
            RenderTableRow {TR} at (0,0) size 36x2
              RenderTableCell {TD} at (0,0) size 6x2 [border: (1px inset #808080)] [r=0 c=0 rs=1 cs=1]
              RenderTableCell {TD} at (6,0) size 6x2 [border: (1px inset #808080)] [r=0 c=1 rs=1 cs=1]
              RenderTableCell {TD} at (12,0) size 6x2 [border: (1px inset #808080)] [r=0 c=2 rs=1 cs=1]
              RenderTableCell {TD} at (18,0) size 6x2 [border: (1px inset #808080)] [r=0 c=3 rs=1 cs=1]
              RenderTableCell {TD} at (24,0) size 6x2 [border: (1px inset #808080)] [r=0 c=4 rs=1 cs=1]
              RenderTableCell {TD} at (30,0) size 6x2 [border: (1px inset #808080)] [r=0 c=5 rs=1 cs=1]
        RenderBlock (anonymous) at (0,24) size 769x20
          RenderBR {BR} at (0,0) size 0x19
      RenderBlock {P} at (0,2306) size 769x44
        RenderBlock (anonymous) at (0,0) size 769x20
          RenderText {#text} at (0,0) size 306x19
            text run at (0,0) width 306: "this table should be about xx pixels wide (width=7)"
        RenderTable {TABLE} at (0,20) size 56x4 [bgcolor=#FFA500] [border: (1px outset #808080)]
          RenderTableSection {TBODY} at (1,1) size 54x2
            RenderTableRow {TR} at (0,0) size 54x2
              RenderTableCell {TD} at (0,0) size 9x2 [border: (1px inset #808080)] [r=0 c=0 rs=1 cs=1]
              RenderTableCell {TD} at (9,0) size 9x2 [border: (1px inset #808080)] [r=0 c=1 rs=1 cs=1]
              RenderTableCell {TD} at (18,0) size 9x2 [border: (1px inset #808080)] [r=0 c=2 rs=1 cs=1]
              RenderTableCell {TD} at (27,0) size 9x2 [border: (1px inset #808080)] [r=0 c=3 rs=1 cs=1]
              RenderTableCell {TD} at (36,0) size 9x2 [border: (1px inset #808080)] [r=0 c=4 rs=1 cs=1]
              RenderTableCell {TD} at (45,0) size 9x2 [border: (1px inset #808080)] [r=0 c=5 rs=1 cs=1]
        RenderBlock (anonymous) at (0,24) size 769x20
          RenderBR {BR} at (0,0) size 0x19
      RenderBlock {P} at (0,2366) size 769x64
        RenderBlock (anonymous) at (0,0) size 769x20
          RenderText {#text} at (0,0) size 319x19
            text run at (0,0) width 319: "this table should be about 38 pixels wide (width=4 x)"
        RenderTable {TABLE} at (0,20) size 56x24 [bgcolor=#FFA500] [border: (1px outset #808080)]
          RenderTableSection {TBODY} at (1,1) size 54x22
            RenderTableRow {TR} at (0,0) size 54x22
              RenderTableCell {TD} at (0,0) size 9x22 [border: (1px inset #808080)] [r=0 c=0 rs=1 cs=1]
                RenderText {#text} at (1,1) size 7x19
                  text run at (1,1) width 7: "x"
              RenderTableCell {TD} at (9,0) size 9x22 [border: (1px inset #808080)] [r=0 c=1 rs=1 cs=1]
                RenderText {#text} at (1,1) size 7x19
                  text run at (1,1) width 7: "x"
              RenderTableCell {TD} at (18,0) size 9x22 [border: (1px inset #808080)] [r=0 c=2 rs=1 cs=1]
                RenderText {#text} at (1,1) size 7x19
                  text run at (1,1) width 7: "x"
              RenderTableCell {TD} at (27,0) size 9x22 [border: (1px inset #808080)] [r=0 c=3 rs=1 cs=1]
                RenderText {#text} at (1,1) size 7x19
                  text run at (1,1) width 7: "x"
              RenderTableCell {TD} at (36,0) size 9x22 [border: (1px inset #808080)] [r=0 c=4 rs=1 cs=1]
                RenderText {#text} at (1,1) size 7x19
                  text run at (1,1) width 7: "x"
              RenderTableCell {TD} at (45,0) size 9x22 [border: (1px inset #808080)] [r=0 c=5 rs=1 cs=1]
                RenderText {#text} at (1,1) size 7x19
                  text run at (1,1) width 7: "x"
        RenderBlock (anonymous) at (0,44) size 769x20
          RenderBR {BR} at (0,0) size 0x19
      RenderBlock {P} at (0,2446) size 769x64
        RenderBlock (anonymous) at (0,0) size 769x20
          RenderText {#text} at (0,0) size 380x19
            text run at (0,0) width 380: "this table should be about xx pixels wide (colspan=15 with dot)"
        RenderTable {TABLE} at (0,20) size 74x24 [bgcolor=#FFA500] [border: (1px outset #808080)]
          RenderTableSection {TBODY} at (1,1) size 72x22
            RenderTableRow {TR} at (0,0) size 72x22
              RenderTableCell {TD} at (0,0) size 6x22 [border: (1px inset #808080)] [r=0 c=0 rs=1 cs=15]
                RenderText {#text} at (1,1) size 4x19
                  text run at (1,1) width 4: "."
              RenderTableCell {TD} at (6,0) size 6x22 [border: (1px inset #808080)] [r=0 c=15 rs=1 cs=15]
                RenderText {#text} at (1,1) size 4x19
                  text run at (1,1) width 4: "."
              RenderTableCell {TD} at (12,0) size 6x22 [border: (1px inset #808080)] [r=0 c=30 rs=1 cs=15]
                RenderText {#text} at (1,1) size 4x19
                  text run at (1,1) width 4: "."
              RenderTableCell {TD} at (18,0) size 6x22 [border: (1px inset #808080)] [r=0 c=45 rs=1 cs=15]
                RenderText {#text} at (1,1) size 4x19
                  text run at (1,1) width 4: "."
              RenderTableCell {TD} at (24,0) size 6x22 [border: (1px inset #808080)] [r=0 c=60 rs=1 cs=15]
                RenderText {#text} at (1,1) size 4x19
                  text run at (1,1) width 4: "."
              RenderTableCell {TD} at (30,0) size 6x22 [border: (1px inset #808080)] [r=0 c=75 rs=1 cs=15]
                RenderText {#text} at (1,1) size 4x19
                  text run at (1,1) width 4: "."
              RenderTableCell {TD} at (36,0) size 6x22 [border: (1px inset #808080)] [r=0 c=90 rs=1 cs=15]
                RenderText {#text} at (1,1) size 4x19
                  text run at (1,1) width 4: "."
              RenderTableCell {TD} at (42,0) size 6x22 [border: (1px inset #808080)] [r=0 c=105 rs=1 cs=15]
                RenderText {#text} at (1,1) size 4x19
                  text run at (1,1) width 4: "."
              RenderTableCell {TD} at (48,0) size 6x22 [border: (1px inset #808080)] [r=0 c=120 rs=1 cs=15]
                RenderText {#text} at (1,1) size 4x19
                  text run at (1,1) width 4: "."
              RenderTableCell {TD} at (54,0) size 6x22 [border: (1px inset #808080)] [r=0 c=135 rs=1 cs=15]
                RenderText {#text} at (1,1) size 4x19
                  text run at (1,1) width 4: "."
              RenderTableCell {TD} at (60,0) size 6x22 [border: (1px inset #808080)] [r=0 c=150 rs=1 cs=15]
                RenderText {#text} at (1,1) size 4x19
                  text run at (1,1) width 4: "."
              RenderTableCell {TD} at (66,0) size 6x22 [border: (1px inset #808080)] [r=0 c=165 rs=1 cs=15]
                RenderText {#text} at (1,1) size 4x19
                  text run at (1,1) width 4: "."
        RenderBlock (anonymous) at (0,44) size 769x20
          RenderBR {BR} at (0,0) size 0x19
      RenderBlock {P} at (0,2526) size 769x44
        RenderBlock (anonymous) at (0,0) size 769x20
          RenderText {#text} at (0,0) size 368x19
            text run at (0,0) width 368: "this table should be about xx pixels wide (colspan=15 empty)"
        RenderTable {TABLE} at (0,20) size 26x4 [bgcolor=#FFA500] [border: (1px outset #808080)]
          RenderTableSection {TBODY} at (1,1) size 24x2
            RenderTableRow {TR} at (0,0) size 24x2
              RenderTableCell {TD} at (0,0) size 2x2 [border: (1px inset #808080)] [r=0 c=0 rs=1 cs=15]
              RenderTableCell {TD} at (2,0) size 2x2 [border: (1px inset #808080)] [r=0 c=15 rs=1 cs=15]
              RenderTableCell {TD} at (4,0) size 2x2 [border: (1px inset #808080)] [r=0 c=30 rs=1 cs=15]
              RenderTableCell {TD} at (6,0) size 2x2 [border: (1px inset #808080)] [r=0 c=45 rs=1 cs=15]
              RenderTableCell {TD} at (8,0) size 2x2 [border: (1px inset #808080)] [r=0 c=60 rs=1 cs=15]
              RenderTableCell {TD} at (10,0) size 2x2 [border: (1px inset #808080)] [r=0 c=75 rs=1 cs=15]
              RenderTableCell {TD} at (12,0) size 2x2 [border: (1px inset #808080)] [r=0 c=90 rs=1 cs=15]
              RenderTableCell {TD} at (14,0) size 2x2 [border: (1px inset #808080)] [r=0 c=105 rs=1 cs=15]
              RenderTableCell {TD} at (16,0) size 2x2 [border: (1px inset #808080)] [r=0 c=120 rs=1 cs=15]
              RenderTableCell {TD} at (18,0) size 2x2 [border: (1px inset #808080)] [r=0 c=135 rs=1 cs=15]
              RenderTableCell {TD} at (20,0) size 2x2 [border: (1px inset #808080)] [r=0 c=150 rs=1 cs=15]
              RenderTableCell {TD} at (22,0) size 2x2 [border: (1px inset #808080)] [r=0 c=165 rs=1 cs=15]
        RenderBlock (anonymous) at (0,24) size 769x20
          RenderBR {BR} at (0,0) size 0x19
      RenderBlock {P} at (0,2586) size 769x68
        RenderBlock (anonymous) at (0,0) size 769x20
          RenderText {#text} at (0,0) size 422x19
            text run at (0,0) width 422: "this table should be about xx pixels wide (colspan=15 width=1 empty)"
        RenderTable {TABLE} at (0,20) size 38x4 [bgcolor=#FFA500] [border: (1px outset #808080)]
          RenderTableSection {TBODY} at (1,1) size 36x2
            RenderTableRow {TR} at (0,0) size 36x2
              RenderTableCell {TD} at (0,0) size 3x2 [border: (1px inset #808080)] [r=0 c=0 rs=1 cs=15]
              RenderTableCell {TD} at (3,0) size 3x2 [border: (1px inset #808080)] [r=0 c=15 rs=1 cs=15]
              RenderTableCell {TD} at (6,0) size 3x2 [border: (1px inset #808080)] [r=0 c=30 rs=1 cs=15]
              RenderTableCell {TD} at (9,0) size 3x2 [border: (1px inset #808080)] [r=0 c=45 rs=1 cs=15]
              RenderTableCell {TD} at (12,0) size 3x2 [border: (1px inset #808080)] [r=0 c=60 rs=1 cs=15]
              RenderTableCell {TD} at (15,0) size 3x2 [border: (1px inset #808080)] [r=0 c=75 rs=1 cs=15]
              RenderTableCell {TD} at (18,0) size 3x2 [border: (1px inset #808080)] [r=0 c=90 rs=1 cs=15]
              RenderTableCell {TD} at (21,0) size 3x2 [border: (1px inset #808080)] [r=0 c=105 rs=1 cs=15]
              RenderTableCell {TD} at (24,0) size 3x2 [border: (1px inset #808080)] [r=0 c=120 rs=1 cs=15]
              RenderTableCell {TD} at (27,0) size 3x2 [border: (1px inset #808080)] [r=0 c=135 rs=1 cs=15]
              RenderTableCell {TD} at (30,0) size 3x2 [border: (1px inset #808080)] [r=0 c=150 rs=1 cs=15]
              RenderTableCell {TD} at (33,0) size 3x2 [border: (1px inset #808080)] [r=0 c=165 rs=1 cs=15]
        RenderBlock (anonymous) at (0,24) size 769x20
          RenderBR {BR} at (0,0) size 0x19
        RenderTable {TABLE} at (0,44) size 6x24 [border: (1px outset #808080)]
          RenderTableSection {TBODY} at (1,1) size 4x22
            RenderTableRow {TR} at (0,0) size 4x22
              RenderTableCell {TD} at (0,0) size 2x22 [bgcolor=#000000] [border: (1px inset #808080)] [r=0 c=0 rs=1 cs=15]
                RenderBR {BR} at (1,1) size 0x19
              RenderTableCell {TD} at (2,0) size 2x22 [bgcolor=#000000] [border: (1px inset #808080)] [r=0 c=15 rs=1 cs=15]
                RenderBR {BR} at (1,1) size 0x19
