layer at (0,0) size 800x600
  RenderView at (0,0) size 800x600
layer at (0,0) size 800x600
  RenderBlock {HTML} at (0,0) size 800x600
    RenderBody {BODY} at (8,8) size 784x576
      RenderBlock {P} at (0,0) size 784x36
        RenderText {#text} at (0,0) size 104x18
          text run at (0,0) width 104: "This is a test for "
        RenderInline {I} at (0,0) size 757x36
          RenderText {#text} at (104,0) size 757x36
            text run at (104,0) width 653: "http://bugzilla.opendarwin.org/show_bug.cgi?id=6139 ATSUI code path should implement small caps,"
            text run at (0,18) width 403: "synthetic bold and oblique and correct metrics for fallback fonts"
        RenderText {#text} at (403,18) size 4x18
          text run at (403,18) width 4: "."
      RenderBlock {HR} at (0,52) size 784x2 [border: (1px inset #000000)]
      RenderBlock {P} at (0,70) size 784x18
        RenderText {#text} at (0,0) size 600x18
          text run at (0,0) width 600: "The two columns should be identical except for the accent over the e and the umlaut over the u."
      RenderTable {TABLE} at (0,104) size 263x147 [border: none]
        RenderTableSection {TBODY} at (0,0) size 262x146
          RenderTableRow {TR} at (0,0) size 262x30
            RenderTableCell {TD} at (0,0) size 131x30 [border: (1px solid #008000)] [r=0 c=0 rs=1 cs=1]
              RenderText {#text} at (2,3) size 69x25
                text run at (2,3) width 69: "Lore\x{300}m "
              RenderInline {SPAN} at (0,0) size 50x23
                RenderText {#text} at (71,5) size 50x23
                  text run at (71,5) width 50: "ipsu\x{308}m"
              RenderText {#text} at (0,0) size 0x0
            RenderTableCell {TD} at (131,0) size 131x30 [border: (1px solid #008000)] [r=0 c=1 rs=1 cs=1]
              RenderText {#text} at (2,3) size 69x25
                text run at (2,3) width 69: "Lorem "
              RenderInline {SPAN} at (0,0) size 50x23
                RenderText {#text} at (71,5) size 50x23
                  text run at (71,5) width 50: "ipsum"
              RenderText {#text} at (0,0) size 0x0
          RenderTableRow {TR} at (0,30) size 262x30
            RenderTableCell {TD} at (0,30) size 131x30 [border: (1px solid #008000)] [r=1 c=0 rs=1 cs=1]
              RenderText {#text} at (2,3) size 75x25
                text run at (2,3) width 75: "Lore\x{300}m "
              RenderInline {SPAN} at (0,0) size 53x23
                RenderText {#text} at (77,5) size 53x23
                  text run at (77,5) width 53: "ipsu\x{308}m"
              RenderText {#text} at (0,0) size 0x0
            RenderTableCell {TD} at (131,30) size 131x30 [border: (1px solid #008000)] [r=1 c=1 rs=1 cs=1]
              RenderText {#text} at (2,3) size 75x25
                text run at (2,3) width 75: "Lorem "
              RenderInline {SPAN} at (0,0) size 53x23
                RenderText {#text} at (77,5) size 53x23
                  text run at (77,5) width 53: "ipsum"
              RenderText {#text} at (0,0) size 0x0
          RenderTableRow {TR} at (0,60) size 262x30
            RenderTableCell {TD} at (0,60) size 131x30 [border: (1px solid #008000)] [r=2 c=0 rs=1 cs=1]
              RenderText {#text} at (2,3) size 69x25
                text run at (2,3) width 69: "Lore\x{300}m "
              RenderInline {SPAN} at (0,0) size 48x23
                RenderText {#text} at (71,5) size 48x23
                  text run at (71,5) width 48: "ipsu\x{308}m"
              RenderText {#text} at (0,0) size 0x0
            RenderTableCell {TD} at (131,60) size 131x30 [border: (1px solid #008000)] [r=2 c=1 rs=1 cs=1]
              RenderText {#text} at (2,3) size 69x25
                text run at (2,3) width 69: "Lorem "
              RenderInline {SPAN} at (0,0) size 48x23
                RenderText {#text} at (71,5) size 48x23
                  text run at (71,5) width 48: "ipsum"
              RenderText {#text} at (0,0) size 0x0
          RenderTableRow {TR} at (0,90) size 262x30
            RenderTableCell {TD} at (0,90) size 131x30 [border: (1px solid #008000)] [r=3 c=0 rs=1 cs=1]
              RenderText {#text} at (2,3) size 75x25
                text run at (2,3) width 75: "Lore\x{300}m "
              RenderInline {SPAN} at (0,0) size 51x23
                RenderText {#text} at (77,5) size 51x23
                  text run at (77,5) width 51: "ipsu\x{308}m"
              RenderText {#text} at (0,0) size 0x0
            RenderTableCell {TD} at (131,90) size 131x30 [border: (1px solid #008000)] [r=3 c=1 rs=1 cs=1]
              RenderText {#text} at (2,3) size 75x25
                text run at (2,3) width 75: "Lorem "
              RenderInline {SPAN} at (0,0) size 51x23
                RenderText {#text} at (77,5) size 51x23
                  text run at (77,5) width 51: "ipsum"
              RenderText {#text} at (0,0) size 0x0
          RenderTableRow {TR} at (0,120) size 262x26
            RenderTableCell {TD} at (0,120) size 131x26 [border: (1px solid #008000)] [r=4 c=0 rs=1 cs=1]
              RenderText {#text} at (2,2) size 100x23
                text run at (2,2) width 100: "Lore\x{300}m ipsu\x{308}m"
            RenderTableCell {TD} at (131,120) size 131x26 [border: (1px solid #008000)] [r=4 c=1 rs=1 cs=1]
              RenderText {#text} at (2,2) size 100x23
                text run at (2,2) width 100: "Lorem ipsum"
      RenderBlock {HR} at (0,259) size 784x2 [border: (1px inset #000000)]
      RenderBlock {P} at (0,277) size 784x18
        RenderText {#text} at (0,0) size 277x18
          text run at (0,0) width 277: "The following two lines should be identical."
      RenderBlock {P} at (0,311) size 784x24
        RenderInline {SPAN} at (0,0) size 334x24 [border: (1px solid #008000)]
          RenderText {#text} at (1,2) size 332x22
            text run at (1,2) width 332: "\x{E01}\x{E02}\x{E03}\x{E04}\x{E05}\x{E06}\x{E07}\x{E08}\x{E01}\x{E02}\x{E03}\x{E04}\x{E05}\x{E06}\x{E07}\x{E08}\x{E01}\x{E02}\x{E03}\x{E04}\x{E05}\x{E06}\x{E07}\x{E08}\x{E01}\x{E02}\x{E03}\x{E04}\x{E05}\x{E06}\x{E07}\x{E08}"
        RenderText {#text} at (0,0) size 0x0
      RenderBlock {P} at (0,351) size 784x24
        RenderInline {SPAN} at (0,0) size 334x23 [border: (1px solid #008000)]
          RenderText {#text} at (1,2) size 332x21
            text run at (1,2) width 332: "\x{E01}\x{E02}\x{E03}\x{E04}\x{E05}\x{E06}\x{E07}\x{E08}\x{E01}\x{E02}\x{E03}\x{E04}\x{E05}\x{E06}\x{E07}\x{E08}\x{E01}\x{E02}\x{E03}\x{E04}\x{E05}\x{E06}\x{E07}\x{E08}\x{E01}\x{E02}\x{E03}\x{E04}\x{E05}\x{E06}\x{E07}\x{E08}"
        RenderText {#text} at (0,0) size 0x0
