layer at (0,0) size 800x600
  RenderView at (0,0) size 800x600
layer at (0,0) size 800x50
  RenderBlock {HTML} at (0,0) size 800x50
    RenderBody {BODY} at (8,8) size 784x34
      RenderBlock {DIV} at (0,0) size 784x16
        RenderText {#text} at (0,0) size 224x16
          text run at (0,0) width 224: "This should be a yen-sign: \x{A5}"
      RenderBlock {DIV} at (0,16) size 784x18
        RenderText {#text} at (0,0) size 181x18
          text run at (0,0) width 181: "This should be a backslash: \\"
