layer at (0,0) size 800x600
  RenderView at (0,0) size 800x600
layer at (0,0) size 800x600
  RenderBlock {HTML} at (0,0) size 800x600
    RenderBody {BODY} at (8,8) size 784x584
      RenderBlock {P} at (0,0) size 784x36
        RenderText {#text} at (0,0) size 52x17
          text run at (0,0) width 52: "Test for "
        RenderInline {I} at (0,0) size 741x35
          RenderInline {A} at (0,0) size 301x17 [color=#0000EE]
            RenderText {#text} at (52,0) size 301x17
              text run at (52,0) width 301: "http://bugs.webkit.org/show_bug.cgi?id=12726"
          RenderText {#text} at (353,0) size 741x35
            text run at (353,0) width 4: " "
            text run at (357,0) width 384: "REGRESSION (r12073): Text wraps in the middle of a word"
            text run at (0,18) width 309: "instead of wrapping at the space before the word"
        RenderText {#text} at (309,18) size 4x17
          text run at (309,18) width 4: "."
      RenderBlock {P} at (0,52) size 784x18
        RenderText {#text} at (0,0) size 382x17
          text run at (0,0) width 382: "\x{201C}onelongwrodwithnobreaks\x{201D} should not break in the middle."
      RenderBlock {DIV} at (0,86) size 200x24 [bgcolor=#FFFF00]
        RenderText {#text} at (0,0) size 165x24
          text run at (0,0) width 165: "lllllllllllllllllllllllllllllllllllllllllllllllllllllll"
          text run at (0,12) width 124: "onelongwrodwithnobreaks"
