layer at (0,0) size 800x600
  RenderView at (0,0) size 800x600
layer at (0,0) size 800x374
  RenderBlock {HTML} at (0,0) size 800x374
    RenderBody {BODY} at (8,8) size 784x358
      RenderBlock {DIV} at (0,0) size 784x182
        RenderBlock {P} at (4,0) size 776x27
          RenderInline {SPAN} at (0,0) size 282x29 [border: (1px solid #FF0000)]
            RenderText {#text} at (1,0) size 280x27
              text run at (1,0) width 280: "mmm mmm mmm mmm"
          RenderText {#text} at (0,0) size 0x0
        RenderBlock {P} at (4,31) size 776x27
          RenderInline {SPAN} at (0,0) size 282x29 [border: (1px solid #FF0000)]
            RenderText {#text} at (1,0) size 280x27
              text run at (1,0) width 280: "mmm mmm\x{300} mmm mmm"
          RenderText {#text} at (0,0) size 0x0
        RenderBlock {P} at (4,62) size 776x27
          RenderInline {SPAN} at (0,0) size 280x27
            RenderText {#text} at (0,0) size 280x27
              text run at (0,0) width 280: "mmm mmm\x{300} mmm mmm"
          RenderText {#text} at (279,0) size 288x27
            text run at (279,0) width 288: " mmm mmm mmm mmm"
        RenderBlock {P} at (4,93) size 776x27
          RenderInline {SPAN} at (0,0) size 423x27
            RenderText {#text} at (0,0) size 423x27
              text run at (0,0) width 423: "mmm mmm\x{300} mmm mmm mmm mmm"
          RenderText {#text} at (422,0) size 145x27
            text run at (422,0) width 145: " mmm mmm"
        RenderBlock {P} at (4,124) size 776x27
          RenderInline {SPAN} at (0,0) size 280x27
            RenderText {#text} at (0,0) size 280x27
              text run at (0,0) width 280: "mmm mmm mmm mmm"
          RenderText {#text} at (279,0) size 288x27
            text run at (279,0) width 288: " mmm mmm mmm mmm"
        RenderBlock {P} at (4,155) size 776x27
          RenderInline {SPAN} at (0,0) size 423x27
            RenderText {#text} at (0,0) size 423x27
              text run at (0,0) width 423: "mmm mmm mmm mmm mmm mmm"
          RenderText {#text} at (422,0) size 145x27
            text run at (422,0) width 145: " mmm mmm"
      RenderBlock {HR} at (0,190) size 784x2 [border: (1px inset #000000)]
      RenderBlock {DIV} at (0,200) size 784x158
        RenderBlock {P} at (4,0) size 776x23
          RenderInline {SPAN} at (0,0) size 224x25 [border: (1px solid #008000)]
            RenderText {#text} at (1,0) size 222x23
              text run at (1,0) width 222: "mmm mmm mmm mmm"
          RenderText {#text} at (0,0) size 0x0
        RenderBlock {P} at (4,27) size 776x23
          RenderInline {SPAN} at (0,0) size 231x25 [border: (1px solid #008000)]
            RenderText {#text} at (1,0) size 229x23
              text run at (1,0) width 229: "mmm mmm\x{300} mmm mmm"
          RenderText {#text} at (0,0) size 0x0
        RenderBlock {P} at (4,54) size 776x23
          RenderInline {SPAN} at (0,0) size 229x23
            RenderText {#text} at (0,0) size 229x23
              text run at (0,0) width 229: "mmm mmm\x{300} mmm mmm"
          RenderText {#text} at (229,0) size 228x23
            text run at (229,0) width 228: " mmm mmm mmm mmm"
        RenderBlock {P} at (4,81) size 776x23
          RenderInline {SPAN} at (0,0) size 343x23
            RenderText {#text} at (0,0) size 343x23
              text run at (0,0) width 343: "mmm mmm\x{300} mmm mmm mmm mmm"
          RenderText {#text} at (343,0) size 114x23
            text run at (343,0) width 114: " mmm mmm"
        RenderBlock {P} at (4,108) size 776x23
          RenderInline {SPAN} at (0,0) size 222x23
            RenderText {#text} at (0,0) size 222x23
              text run at (0,0) width 222: "mmm mmm mmm mmm"
          RenderText {#text} at (222,0) size 228x23
            text run at (222,0) width 228: " mmm mmm mmm mmm"
        RenderBlock {P} at (4,135) size 776x23
          RenderInline {SPAN} at (0,0) size 336x23
            RenderText {#text} at (0,0) size 336x23
              text run at (0,0) width 336: "mmm mmm mmm mmm mmm mmm"
          RenderText {#text} at (336,0) size 114x23
            text run at (336,0) width 114: " mmm mmm"
