layer at (0,0) size 800x600
  RenderView at (0,0) size 800x600
layer at (0,0) size 800x34
  RenderBlock {HTML} at (0,0) size 800x34
    RenderBody {BODY} at (8,8) size 784x18
      RenderInline {SPAN} at (0,0) size 8x18
        RenderText {#text} at (0,0) size 8x18
          text run at (0,0) width 8: "#\x{20E3}"
      RenderText {#text} at (8,0) size 4x18
        text run at (8,0) width 4: " "
      RenderInline {SPAN} at (0,0) size 8x18
        RenderText {#text} at (12,0) size 8x18
          text run at (12,0) width 8: "0\x{20E3}"
      RenderText {#text} at (20,0) size 4x18
        text run at (20,0) width 4: " "
      RenderInline {SPAN} at (0,0) size 8x18
        RenderText {#text} at (24,0) size 8x18
          text run at (24,0) width 8: "1\x{20E3}"
      RenderText {#text} at (32,0) size 4x18
        text run at (32,0) width 4: " "
      RenderInline {SPAN} at (0,0) size 8x18
        RenderText {#text} at (36,0) size 8x18
          text run at (36,0) width 8: "2\x{20E3}"
      RenderText {#text} at (44,0) size 4x18
        text run at (44,0) width 4: " "
      RenderInline {SPAN} at (0,0) size 8x18
        RenderText {#text} at (48,0) size 8x18
          text run at (48,0) width 8: "3\x{20E3}"
      RenderText {#text} at (56,0) size 4x18
        text run at (56,0) width 4: " "
      RenderInline {SPAN} at (0,0) size 8x18
        RenderText {#text} at (60,0) size 8x18
          text run at (60,0) width 8: "4\x{20E3}"
      RenderText {#text} at (68,0) size 4x18
        text run at (68,0) width 4: " "
      RenderInline {SPAN} at (0,0) size 8x18
        RenderText {#text} at (72,0) size 8x18
          text run at (72,0) width 8: "5\x{20E3}"
      RenderText {#text} at (80,0) size 4x18
        text run at (80,0) width 4: " "
      RenderInline {SPAN} at (0,0) size 8x18
        RenderText {#text} at (84,0) size 8x18
          text run at (84,0) width 8: "6\x{20E3}"
      RenderText {#text} at (92,0) size 4x18
        text run at (92,0) width 4: " "
      RenderInline {SPAN} at (0,0) size 8x18
        RenderText {#text} at (96,0) size 8x18
          text run at (96,0) width 8: "7\x{20E3}"
      RenderText {#text} at (104,0) size 4x18
        text run at (104,0) width 4: " "
      RenderInline {SPAN} at (0,0) size 8x18
        RenderText {#text} at (108,0) size 8x18
          text run at (108,0) width 8: "8\x{20E3}"
      RenderText {#text} at (116,0) size 4x18
        text run at (116,0) width 4: " "
      RenderInline {SPAN} at (0,0) size 8x18
        RenderText {#text} at (120,0) size 8x18
          text run at (120,0) width 8: "9\x{20E3}"
      RenderText {#text} at (0,0) size 0x0
