layer at (0,0) size 800x600
  RenderView at (0,0) size 800x600
layer at (0,0) size 800x600
  RenderBlock {HTML} at (0,0) size 800x600
    RenderBody {BODY} at (8,8) size 784x584
      RenderBlock (anonymous) at (0,0) size 784x18
        RenderText {#text} at (0,0) size 419x18
          text run at (0,0) width 419: "Pixel test for complex text rendering with opacity (Chromium bug "
        RenderInline {A} at (0,0) size 32x18 [color=#0000EE]
          RenderText {#text} at (419,0) size 32x18
            text run at (419,0) width 32: "8768"
        RenderText {#text} at (451,0) size 9x18
          text run at (451,0) width 9: ")."
      RenderBlock {P} at (0,34) size 784x0
      RenderBlock {DIV} at (0,34) size 784x42
        RenderInline {SPAN} at (0,0) size 48x29
          RenderText {#text} at (0,8) size 48x29
            text run at (0,8) width 48: "\x{916}\x{94B}\x{91C}\x{947}\x{902}"
        RenderText {#text} at (48,8) size 6x29
          text run at (48,8) width 6: " "
        RenderText {#text} at (102,8) size 6x29
          text run at (102,8) width 6: " "
        RenderText {#text} at (156,8) size 6x29
          text run at (156,8) width 6: " "
        RenderText {#text} at (210,8) size 6x29
          text run at (210,8) width 6: " "
        RenderText {#text} at (264,8) size 6x29
          text run at (264,8) width 6: " "
        RenderText {#text} at (318,8) size 6x29
          text run at (318,8) width 6: " "
        RenderText {#text} at (372,8) size 6x29
          text run at (372,8) width 6: " "
        RenderText {#text} at (426,8) size 6x29
          text run at (426,8) width 6: " "
        RenderText {#text} at (480,8) size 6x29
          text run at (480,8) width 6: " "
        RenderText {#text} at (534,8) size 6x29
          text run at (534,8) width 6: " "
        RenderText {#text} at (0,0) size 0x0
      RenderBlock {DIV} at (0,76) size 784x29
        RenderInline {SPAN} at (0,0) size 53x29
          RenderText {#text} at (590,0) size 53x29
            text run at (590,0) width 53 RTL: "\x{64A}\x{624}\x{644}\x{645}\x{646}\x{64A}"
        RenderText {#text} at (584,0) size 6x29
          text run at (584,0) width 6 RTL: " "
        RenderText {#text} at (525,0) size 6x29
          text run at (525,0) width 6 RTL: " "
        RenderText {#text} at (466,0) size 6x29
          text run at (466,0) width 6 RTL: " "
        RenderText {#text} at (407,0) size 6x29
          text run at (407,0) width 6 RTL: " "
        RenderText {#text} at (348,0) size 6x29
          text run at (348,0) width 6 RTL: " "
        RenderText {#text} at (289,0) size 6x29
          text run at (289,0) width 6 RTL: " "
        RenderText {#text} at (230,0) size 6x29
          text run at (230,0) width 6 RTL: " "
        RenderText {#text} at (171,0) size 6x29
          text run at (171,0) width 6 RTL: " "
        RenderText {#text} at (112,0) size 6x29
          text run at (112,0) width 6 RTL: " "
        RenderText {#text} at (53,0) size 6x29
          text run at (53,0) width 6 RTL: " "
        RenderText {#text} at (0,0) size 0x0
layer at (8,42) size 48x29
  RenderInline {SPAN} at (0,0) size 48x29
    RenderText {#text} at (54,8) size 48x29
      text run at (54,8) width 48: "\x{916}\x{94B}\x{91C}\x{947}\x{902}"
layer at (8,42) size 48x29
  RenderInline {SPAN} at (0,0) size 48x29
    RenderText {#text} at (108,8) size 48x29
      text run at (108,8) width 48: "\x{916}\x{94B}\x{91C}\x{947}\x{902}"
layer at (8,42) size 48x29
  RenderInline {SPAN} at (0,0) size 48x29
    RenderText {#text} at (162,8) size 48x29
      text run at (162,8) width 48: "\x{916}\x{94B}\x{91C}\x{947}\x{902}"
layer at (8,42) size 48x29
  RenderInline {SPAN} at (0,0) size 48x29
    RenderText {#text} at (216,8) size 48x29
      text run at (216,8) width 48: "\x{916}\x{94B}\x{91C}\x{947}\x{902}"
layer at (8,42) size 48x29
  RenderInline {SPAN} at (0,0) size 48x29
    RenderText {#text} at (270,8) size 48x29
      text run at (270,8) width 48: "\x{916}\x{94B}\x{91C}\x{947}\x{902}"
layer at (8,42) size 48x29
  RenderInline {SPAN} at (0,0) size 48x29
    RenderText {#text} at (324,8) size 48x29
      text run at (324,8) width 48: "\x{916}\x{94B}\x{91C}\x{947}\x{902}"
layer at (8,42) size 48x29
  RenderInline {SPAN} at (0,0) size 48x29
    RenderText {#text} at (378,8) size 48x29
      text run at (378,8) width 48: "\x{916}\x{94B}\x{91C}\x{947}\x{902}"
layer at (8,42) size 48x29
  RenderInline {SPAN} at (0,0) size 48x29
    RenderText {#text} at (432,8) size 48x29
      text run at (432,8) width 48: "\x{916}\x{94B}\x{91C}\x{947}\x{902}"
layer at (8,42) size 48x29
  RenderInline {SPAN} at (0,0) size 48x29
    RenderText {#text} at (486,8) size 48x29
      text run at (486,8) width 48: "\x{916}\x{94B}\x{91C}\x{947}\x{902}"
layer at (8,42) size 48x29
  RenderInline {SPAN} at (0,0) size 48x29
    RenderText {#text} at (540,8) size 48x29
      text run at (540,8) width 48: "\x{916}\x{94B}\x{91C}\x{947}\x{902}"
layer at (8,84) size 53x29
  RenderInline {SPAN} at (0,0) size 53x29
    RenderText {#text} at (531,0) size 53x29
      text run at (531,0) width 53 RTL: "\x{64A}\x{624}\x{644}\x{645}\x{646}\x{64A}"
layer at (8,84) size 53x29
  RenderInline {SPAN} at (0,0) size 53x29
    RenderText {#text} at (472,0) size 53x29
      text run at (472,0) width 53 RTL: "\x{64A}\x{624}\x{644}\x{645}\x{646}\x{64A}"
layer at (8,84) size 53x29
  RenderInline {SPAN} at (0,0) size 53x29
    RenderText {#text} at (413,0) size 53x29
      text run at (413,0) width 53 RTL: "\x{64A}\x{624}\x{644}\x{645}\x{646}\x{64A}"
layer at (8,84) size 53x29
  RenderInline {SPAN} at (0,0) size 53x29
    RenderText {#text} at (354,0) size 53x29
      text run at (354,0) width 53 RTL: "\x{64A}\x{624}\x{644}\x{645}\x{646}\x{64A}"
layer at (8,84) size 53x29
  RenderInline {SPAN} at (0,0) size 53x29
    RenderText {#text} at (295,0) size 53x29
      text run at (295,0) width 53 RTL: "\x{64A}\x{624}\x{644}\x{645}\x{646}\x{64A}"
layer at (8,84) size 53x29
  RenderInline {SPAN} at (0,0) size 53x29
    RenderText {#text} at (236,0) size 53x29
      text run at (236,0) width 53 RTL: "\x{64A}\x{624}\x{644}\x{645}\x{646}\x{64A}"
layer at (8,84) size 53x29
  RenderInline {SPAN} at (0,0) size 53x29
    RenderText {#text} at (177,0) size 53x29
      text run at (177,0) width 53 RTL: "\x{64A}\x{624}\x{644}\x{645}\x{646}\x{64A}"
layer at (8,84) size 53x29
  RenderInline {SPAN} at (0,0) size 53x29
    RenderText {#text} at (118,0) size 53x29
      text run at (118,0) width 53 RTL: "\x{64A}\x{624}\x{644}\x{645}\x{646}\x{64A}"
layer at (8,84) size 53x29
  RenderInline {SPAN} at (0,0) size 53x29
    RenderText {#text} at (59,0) size 53x29
      text run at (59,0) width 53 RTL: "\x{64A}\x{624}\x{644}\x{645}\x{646}\x{64A}"
layer at (8,84) size 53x29
  RenderInline {SPAN} at (0,0) size 53x29
    RenderText {#text} at (0,0) size 53x29
      text run at (0,0) width 53 RTL: "\x{64A}\x{624}\x{644}\x{645}\x{646}\x{64A}"
