layer at (0,0) size 800x600
  RenderView at (0,0) size 800x600
layer at (0,0) size 800x600
  RenderBlock {HTML} at (0,0) size 800x600
    RenderBody {BODY} at (8,8) size 744x584
      RenderBlock {P} at (0,0) size 79x584
        RenderInline {SPAN} at (0,0) size 55x216
          RenderText {#text} at (24,0) size 55x96
            text run at (24,0) width 96: "\x{6587}\x{5B57}"
          RenderInline {SPAN} at (0,0) size 55x72
            RenderCombineText {#text} at (24,96) size 55x72
              text run at (24,96) width 72: "900"
          RenderText {#text} at (24,168) size 55x48
            text run at (24,168) width 48: "\x{5E74}"
        RenderText {#text} at (0,0) size 0x0
      RenderBlock {P} at (127,0) size 83x584
        RenderInline {SPAN} at (0,0) size 55x216
          RenderText {#text} at (28,0) size 55x96
            text run at (28,0) width 96: "\x{6587}\x{5B57}"
          RenderInline {SPAN} at (0,0) size 55x72
            RenderCombineText {#text} at (28,96) size 55x72
              text run at (28,96) width 72: "900"
          RenderText {#text} at (28,168) size 55x48
            text run at (28,168) width 48: "\x{5E74}"
        RenderText {#text} at (0,0) size 0x0
      RenderBlock {P} at (258,0) size 79x584
        RenderInline {SPAN} at (0,0) size 55x216
          RenderText {#text} at (24,0) size 55x96
            text run at (24,0) width 96: "\x{6587}\x{5B57}"
          RenderInline {SPAN} at (0,0) size 55x72
            RenderCombineText {#text} at (24,96) size 55x72
              text run at (24,96) width 72: "900"
          RenderText {#text} at (24,168) size 55x48
            text run at (24,168) width 48: "\x{5E74}"
        RenderText {#text} at (0,0) size 0x0
