layer at (0,0) size 800x600
  RenderView at (0,0) size 800x600
layer at (0,0) size 800x600
  RenderBlock {HTML} at (0,0) size 800x600
    RenderBody {BODY} at (8,8) size 784x576
      RenderBlock {P} at (0,0) size 784x54
        RenderText {#text} at (0,0) size 763x54
          text run at (0,0) width 743: "This layout test is designed to test that our fake italic mode is working correctly. The Ahem font, used below, does not"
          text run at (0,18) width 763: "include an italic variant. Thus, when we ask for italic Ahem, we should skew the glyphs ourselves, resulting in a series of"
          text run at (0,36) width 156: "italic black boxes below."
      RenderBlock {P} at (0,70) size 784x16
        RenderText {#text} at (0,0) size 112x16
          text run at (0,0) width 112: "A A A A"
