layer at (0,0) size 800x600
  RenderView at (0,0) size 800x600
layer at (0,0) size 800x600
  RenderBlock {HTML} at (0,0) size 800x600
    RenderBody {BODY} at (8,8) size 784x584
      RenderBlock {DIV} at (0,0) size 100x50 [color=#008000] [bgcolor=#FF0000]
        RenderInline {SPAN} at (0,0) size 69x25
          RenderText {#text} at (0,0) size 69x25
            text run at (0,0) width 69: "x\x{C}x"
        RenderInline {SPAN} at (0,0) size 51x25
          RenderText {#text} at (68,0) size 51x25
            text run at (68,0) width 51: "xx"
        RenderText {#text} at (0,0) size 0x0
        RenderText {#text} at (0,0) size 0x0
        RenderInline {SPAN} at (0,0) size 69x25
          RenderText {#text} at (0,25) size 69x25
            text run at (0,25) width 69: "x\x{B}x"
        RenderInline {SPAN} at (0,0) size 51x25
          RenderText {#text} at (68,25) size 51x25
            text run at (68,25) width 51: "xx"
        RenderText {#text} at (0,0) size 0x0
        RenderText {#text} at (0,0) size 0x0
