layer at (0,0) size 785x13768
  RenderView at (0,0) size 785x600
layer at (0,0) size 785x13768
  RenderBlock {HTML} at (0,0) size 785x13768
    RenderBody {BODY} at (8,8) size 769x13752
      RenderBlock (anonymous) at (0,0) size 769x144
        RenderText {#text} at (0,0) size 761x72
          text run at (0,0) width 761: "This test is designed to test the interaction between font-family and font-weight. In particular, our implementation of font-"
          text run at (0,18) width 715: "family accepts PostScript names, which may name a font with a particular weight. However, there is another CSS"
          text run at (0,36) width 753: "property, font-weight, in which the author may also name a particular weight. Our font selection algorithm takes both of"
          text run at (0,54) width 299: "these signals into account when choosing fonts."
        RenderBR {BR} at (299,54) size 0x18
        RenderBR {BR} at (0,72) size 0x18
        RenderText {#text} at (0,90) size 753x54
          text run at (0,90) width 753: "There is currently no good way in JavaScript to find the actual font chosen for some text. Therefore, the best way to test"
          text run at (0,108) width 714: "this aspect of the font selection algorithm is to dump the render tree, therefore testing glyph advances (which are a"
          text run at (0,126) width 155: "property of font weight)."
      RenderBlock {DIV} at (0,144) size 769x18
        RenderText {#text} at (0,0) size 262x18
          text run at (0,0) width 262: "Font: Heiti SC Weight: 100 Style: normal"
      RenderBlock {DIV} at (0,162) size 769x18
        RenderText {#text} at (0,0) size 139x18
          text run at (0,0) width 139: "\x{679C}\x{57CE}\x{7684}\x{7F8E}\x{8B7D}\x{3002}\x{4E2D}\x{56FD}\x{53E4}"
      RenderBlock {DIV} at (0,180) size 769x18
        RenderText {#text} at (0,0) size 262x18
          text run at (0,0) width 262: "Font: Heiti SC Weight: 200 Style: normal"
      RenderBlock {DIV} at (0,198) size 769x18
        RenderText {#text} at (0,0) size 139x18
          text run at (0,0) width 139: "\x{679C}\x{57CE}\x{7684}\x{7F8E}\x{8B7D}\x{3002}\x{4E2D}\x{56FD}\x{53E4}"
      RenderBlock {DIV} at (0,216) size 769x18
        RenderText {#text} at (0,0) size 262x18
          text run at (0,0) width 262: "Font: Heiti SC Weight: 300 Style: normal"
      RenderBlock {DIV} at (0,234) size 769x18
        RenderText {#text} at (0,0) size 139x18
          text run at (0,0) width 139: "\x{679C}\x{57CE}\x{7684}\x{7F8E}\x{8B7D}\x{3002}\x{4E2D}\x{56FD}\x{53E4}"
      RenderBlock {DIV} at (0,252) size 769x18
        RenderText {#text} at (0,0) size 262x18
          text run at (0,0) width 262: "Font: Heiti SC Weight: 400 Style: normal"
      RenderBlock {DIV} at (0,270) size 769x18
        RenderText {#text} at (0,0) size 139x18
          text run at (0,0) width 139: "\x{679C}\x{57CE}\x{7684}\x{7F8E}\x{8B7D}\x{3002}\x{4E2D}\x{56FD}\x{53E4}"
      RenderBlock {DIV} at (0,288) size 769x18
        RenderText {#text} at (0,0) size 262x18
          text run at (0,0) width 262: "Font: Heiti SC Weight: 500 Style: normal"
      RenderBlock {DIV} at (0,306) size 769x18
        RenderText {#text} at (0,0) size 139x18
          text run at (0,0) width 139: "\x{679C}\x{57CE}\x{7684}\x{7F8E}\x{8B7D}\x{3002}\x{4E2D}\x{56FD}\x{53E4}"
      RenderBlock {DIV} at (0,324) size 769x18
        RenderText {#text} at (0,0) size 262x18
          text run at (0,0) width 262: "Font: Heiti SC Weight: 600 Style: normal"
      RenderBlock {DIV} at (0,342) size 769x18
        RenderText {#text} at (0,0) size 148x18
          text run at (0,0) width 148: "\x{679C}\x{57CE}\x{7684}\x{7F8E}\x{8B7D}\x{3002}\x{4E2D}\x{56FD}\x{53E4}"
      RenderBlock {DIV} at (0,360) size 769x18
        RenderText {#text} at (0,0) size 262x18
          text run at (0,0) width 262: "Font: Heiti SC Weight: 700 Style: normal"
      RenderBlock {DIV} at (0,378) size 769x18
        RenderText {#text} at (0,0) size 148x18
          text run at (0,0) width 148: "\x{679C}\x{57CE}\x{7684}\x{7F8E}\x{8B7D}\x{3002}\x{4E2D}\x{56FD}\x{53E4}"
      RenderBlock {DIV} at (0,396) size 769x18
        RenderText {#text} at (0,0) size 262x18
          text run at (0,0) width 262: "Font: Heiti SC Weight: 800 Style: normal"
      RenderBlock {DIV} at (0,414) size 769x18
        RenderText {#text} at (0,0) size 148x18
          text run at (0,0) width 148: "\x{679C}\x{57CE}\x{7684}\x{7F8E}\x{8B7D}\x{3002}\x{4E2D}\x{56FD}\x{53E4}"
      RenderBlock {DIV} at (0,432) size 769x18
        RenderText {#text} at (0,0) size 262x18
          text run at (0,0) width 262: "Font: Heiti SC Weight: 900 Style: normal"
      RenderBlock {DIV} at (0,450) size 769x18
        RenderText {#text} at (0,0) size 148x18
          text run at (0,0) width 148: "\x{679C}\x{57CE}\x{7684}\x{7F8E}\x{8B7D}\x{3002}\x{4E2D}\x{56FD}\x{53E4}"
      RenderBlock {DIV} at (0,468) size 769x18
        RenderText {#text} at (0,0) size 316x18
          text run at (0,0) width 316: "Font: STHeitiSC-Light Weight: 100 Style: normal"
      RenderBlock {DIV} at (0,486) size 769x18
        RenderText {#text} at (0,0) size 139x18
          text run at (0,0) width 139: "\x{679C}\x{57CE}\x{7684}\x{7F8E}\x{8B7D}\x{3002}\x{4E2D}\x{56FD}\x{53E4}"
      RenderBlock {DIV} at (0,504) size 769x18
        RenderText {#text} at (0,0) size 316x18
          text run at (0,0) width 316: "Font: STHeitiSC-Light Weight: 200 Style: normal"
      RenderBlock {DIV} at (0,522) size 769x18
        RenderText {#text} at (0,0) size 139x18
          text run at (0,0) width 139: "\x{679C}\x{57CE}\x{7684}\x{7F8E}\x{8B7D}\x{3002}\x{4E2D}\x{56FD}\x{53E4}"
      RenderBlock {DIV} at (0,540) size 769x18
        RenderText {#text} at (0,0) size 316x18
          text run at (0,0) width 316: "Font: STHeitiSC-Light Weight: 300 Style: normal"
      RenderBlock {DIV} at (0,558) size 769x18
        RenderText {#text} at (0,0) size 139x18
          text run at (0,0) width 139: "\x{679C}\x{57CE}\x{7684}\x{7F8E}\x{8B7D}\x{3002}\x{4E2D}\x{56FD}\x{53E4}"
      RenderBlock {DIV} at (0,576) size 769x18
        RenderText {#text} at (0,0) size 316x18
          text run at (0,0) width 316: "Font: STHeitiSC-Light Weight: 400 Style: normal"
      RenderBlock {DIV} at (0,594) size 769x18
        RenderText {#text} at (0,0) size 139x18
          text run at (0,0) width 139: "\x{679C}\x{57CE}\x{7684}\x{7F8E}\x{8B7D}\x{3002}\x{4E2D}\x{56FD}\x{53E4}"
      RenderBlock {DIV} at (0,612) size 769x18
        RenderText {#text} at (0,0) size 316x18
          text run at (0,0) width 316: "Font: STHeitiSC-Light Weight: 500 Style: normal"
      RenderBlock {DIV} at (0,630) size 769x18
        RenderText {#text} at (0,0) size 139x18
          text run at (0,0) width 139: "\x{679C}\x{57CE}\x{7684}\x{7F8E}\x{8B7D}\x{3002}\x{4E2D}\x{56FD}\x{53E4}"
      RenderBlock {DIV} at (0,648) size 769x18
        RenderText {#text} at (0,0) size 316x18
          text run at (0,0) width 316: "Font: STHeitiSC-Light Weight: 600 Style: normal"
      RenderBlock {DIV} at (0,666) size 769x18
        RenderText {#text} at (0,0) size 148x18
          text run at (0,0) width 148: "\x{679C}\x{57CE}\x{7684}\x{7F8E}\x{8B7D}\x{3002}\x{4E2D}\x{56FD}\x{53E4}"
      RenderBlock {DIV} at (0,684) size 769x18
        RenderText {#text} at (0,0) size 316x18
          text run at (0,0) width 316: "Font: STHeitiSC-Light Weight: 700 Style: normal"
      RenderBlock {DIV} at (0,702) size 769x18
        RenderText {#text} at (0,0) size 148x18
          text run at (0,0) width 148: "\x{679C}\x{57CE}\x{7684}\x{7F8E}\x{8B7D}\x{3002}\x{4E2D}\x{56FD}\x{53E4}"
      RenderBlock {DIV} at (0,720) size 769x18
        RenderText {#text} at (0,0) size 316x18
          text run at (0,0) width 316: "Font: STHeitiSC-Light Weight: 800 Style: normal"
      RenderBlock {DIV} at (0,738) size 769x18
        RenderText {#text} at (0,0) size 148x18
          text run at (0,0) width 148: "\x{679C}\x{57CE}\x{7684}\x{7F8E}\x{8B7D}\x{3002}\x{4E2D}\x{56FD}\x{53E4}"
      RenderBlock {DIV} at (0,756) size 769x18
        RenderText {#text} at (0,0) size 316x18
          text run at (0,0) width 316: "Font: STHeitiSC-Light Weight: 900 Style: normal"
      RenderBlock {DIV} at (0,774) size 769x18
        RenderText {#text} at (0,0) size 148x18
          text run at (0,0) width 148: "\x{679C}\x{57CE}\x{7684}\x{7F8E}\x{8B7D}\x{3002}\x{4E2D}\x{56FD}\x{53E4}"
      RenderBlock {DIV} at (0,792) size 769x18
        RenderText {#text} at (0,0) size 335x18
          text run at (0,0) width 335: "Font: STHeitiSC-Medium Weight: 100 Style: normal"
      RenderBlock {DIV} at (0,810) size 769x18
        RenderText {#text} at (0,0) size 139x18
          text run at (0,0) width 139: "\x{679C}\x{57CE}\x{7684}\x{7F8E}\x{8B7D}\x{3002}\x{4E2D}\x{56FD}\x{53E4}"
      RenderBlock {DIV} at (0,828) size 769x18
        RenderText {#text} at (0,0) size 335x18
          text run at (0,0) width 335: "Font: STHeitiSC-Medium Weight: 200 Style: normal"
      RenderBlock {DIV} at (0,846) size 769x18
        RenderText {#text} at (0,0) size 139x18
          text run at (0,0) width 139: "\x{679C}\x{57CE}\x{7684}\x{7F8E}\x{8B7D}\x{3002}\x{4E2D}\x{56FD}\x{53E4}"
      RenderBlock {DIV} at (0,864) size 769x18
        RenderText {#text} at (0,0) size 335x18
          text run at (0,0) width 335: "Font: STHeitiSC-Medium Weight: 300 Style: normal"
      RenderBlock {DIV} at (0,882) size 769x18
        RenderText {#text} at (0,0) size 139x18
          text run at (0,0) width 139: "\x{679C}\x{57CE}\x{7684}\x{7F8E}\x{8B7D}\x{3002}\x{4E2D}\x{56FD}\x{53E4}"
      RenderBlock {DIV} at (0,900) size 769x18
        RenderText {#text} at (0,0) size 335x18
          text run at (0,0) width 335: "Font: STHeitiSC-Medium Weight: 400 Style: normal"
      RenderBlock {DIV} at (0,918) size 769x18
        RenderText {#text} at (0,0) size 139x18
          text run at (0,0) width 139: "\x{679C}\x{57CE}\x{7684}\x{7F8E}\x{8B7D}\x{3002}\x{4E2D}\x{56FD}\x{53E4}"
      RenderBlock {DIV} at (0,936) size 769x18
        RenderText {#text} at (0,0) size 335x18
          text run at (0,0) width 335: "Font: STHeitiSC-Medium Weight: 500 Style: normal"
      RenderBlock {DIV} at (0,954) size 769x18
        RenderText {#text} at (0,0) size 139x18
          text run at (0,0) width 139: "\x{679C}\x{57CE}\x{7684}\x{7F8E}\x{8B7D}\x{3002}\x{4E2D}\x{56FD}\x{53E4}"
      RenderBlock {DIV} at (0,972) size 769x18
        RenderText {#text} at (0,0) size 335x18
          text run at (0,0) width 335: "Font: STHeitiSC-Medium Weight: 600 Style: normal"
      RenderBlock {DIV} at (0,990) size 769x18
        RenderText {#text} at (0,0) size 148x18
          text run at (0,0) width 148: "\x{679C}\x{57CE}\x{7684}\x{7F8E}\x{8B7D}\x{3002}\x{4E2D}\x{56FD}\x{53E4}"
      RenderBlock {DIV} at (0,1008) size 769x18
        RenderText {#text} at (0,0) size 335x18
          text run at (0,0) width 335: "Font: STHeitiSC-Medium Weight: 700 Style: normal"
      RenderBlock {DIV} at (0,1026) size 769x18
        RenderText {#text} at (0,0) size 148x18
          text run at (0,0) width 148: "\x{679C}\x{57CE}\x{7684}\x{7F8E}\x{8B7D}\x{3002}\x{4E2D}\x{56FD}\x{53E4}"
      RenderBlock {DIV} at (0,1044) size 769x18
        RenderText {#text} at (0,0) size 335x18
          text run at (0,0) width 335: "Font: STHeitiSC-Medium Weight: 800 Style: normal"
      RenderBlock {DIV} at (0,1062) size 769x18
        RenderText {#text} at (0,0) size 148x18
          text run at (0,0) width 148: "\x{679C}\x{57CE}\x{7684}\x{7F8E}\x{8B7D}\x{3002}\x{4E2D}\x{56FD}\x{53E4}"
      RenderBlock {DIV} at (0,1080) size 769x18
        RenderText {#text} at (0,0) size 335x18
          text run at (0,0) width 335: "Font: STHeitiSC-Medium Weight: 900 Style: normal"
      RenderBlock {DIV} at (0,1098) size 769x18
        RenderText {#text} at (0,0) size 148x18
          text run at (0,0) width 148: "\x{679C}\x{57CE}\x{7684}\x{7F8E}\x{8B7D}\x{3002}\x{4E2D}\x{56FD}\x{53E4}"
      RenderBlock {DIV} at (0,1116) size 769x18
        RenderText {#text} at (0,0) size 248x18
          text run at (0,0) width 248: "Font: Heiti SC Weight: 100 Style: italic"
      RenderBlock {DIV} at (0,1134) size 769x18
        RenderText {#text} at (0,0) size 139x18
          text run at (0,0) width 139: "\x{679C}\x{57CE}\x{7684}\x{7F8E}\x{8B7D}\x{3002}\x{4E2D}\x{56FD}\x{53E4}"
      RenderBlock {DIV} at (0,1152) size 769x18
        RenderText {#text} at (0,0) size 248x18
          text run at (0,0) width 248: "Font: Heiti SC Weight: 200 Style: italic"
      RenderBlock {DIV} at (0,1170) size 769x18
        RenderText {#text} at (0,0) size 139x18
          text run at (0,0) width 139: "\x{679C}\x{57CE}\x{7684}\x{7F8E}\x{8B7D}\x{3002}\x{4E2D}\x{56FD}\x{53E4}"
      RenderBlock {DIV} at (0,1188) size 769x18
        RenderText {#text} at (0,0) size 248x18
          text run at (0,0) width 248: "Font: Heiti SC Weight: 300 Style: italic"
      RenderBlock {DIV} at (0,1206) size 769x18
        RenderText {#text} at (0,0) size 139x18
          text run at (0,0) width 139: "\x{679C}\x{57CE}\x{7684}\x{7F8E}\x{8B7D}\x{3002}\x{4E2D}\x{56FD}\x{53E4}"
      RenderBlock {DIV} at (0,1224) size 769x18
        RenderText {#text} at (0,0) size 248x18
          text run at (0,0) width 248: "Font: Heiti SC Weight: 400 Style: italic"
      RenderBlock {DIV} at (0,1242) size 769x18
        RenderText {#text} at (0,0) size 139x18
          text run at (0,0) width 139: "\x{679C}\x{57CE}\x{7684}\x{7F8E}\x{8B7D}\x{3002}\x{4E2D}\x{56FD}\x{53E4}"
      RenderBlock {DIV} at (0,1260) size 769x18
        RenderText {#text} at (0,0) size 248x18
          text run at (0,0) width 248: "Font: Heiti SC Weight: 500 Style: italic"
      RenderBlock {DIV} at (0,1278) size 769x18
        RenderText {#text} at (0,0) size 139x18
          text run at (0,0) width 139: "\x{679C}\x{57CE}\x{7684}\x{7F8E}\x{8B7D}\x{3002}\x{4E2D}\x{56FD}\x{53E4}"
      RenderBlock {DIV} at (0,1296) size 769x18
        RenderText {#text} at (0,0) size 248x18
          text run at (0,0) width 248: "Font: Heiti SC Weight: 600 Style: italic"
      RenderBlock {DIV} at (0,1314) size 769x18
        RenderText {#text} at (0,0) size 148x18
          text run at (0,0) width 148: "\x{679C}\x{57CE}\x{7684}\x{7F8E}\x{8B7D}\x{3002}\x{4E2D}\x{56FD}\x{53E4}"
      RenderBlock {DIV} at (0,1332) size 769x18
        RenderText {#text} at (0,0) size 248x18
          text run at (0,0) width 248: "Font: Heiti SC Weight: 700 Style: italic"
      RenderBlock {DIV} at (0,1350) size 769x18
        RenderText {#text} at (0,0) size 148x18
          text run at (0,0) width 148: "\x{679C}\x{57CE}\x{7684}\x{7F8E}\x{8B7D}\x{3002}\x{4E2D}\x{56FD}\x{53E4}"
      RenderBlock {DIV} at (0,1368) size 769x18
        RenderText {#text} at (0,0) size 248x18
          text run at (0,0) width 248: "Font: Heiti SC Weight: 800 Style: italic"
      RenderBlock {DIV} at (0,1386) size 769x18
        RenderText {#text} at (0,0) size 148x18
          text run at (0,0) width 148: "\x{679C}\x{57CE}\x{7684}\x{7F8E}\x{8B7D}\x{3002}\x{4E2D}\x{56FD}\x{53E4}"
      RenderBlock {DIV} at (0,1404) size 769x18
        RenderText {#text} at (0,0) size 248x18
          text run at (0,0) width 248: "Font: Heiti SC Weight: 900 Style: italic"
      RenderBlock {DIV} at (0,1422) size 769x18
        RenderText {#text} at (0,0) size 148x18
          text run at (0,0) width 148: "\x{679C}\x{57CE}\x{7684}\x{7F8E}\x{8B7D}\x{3002}\x{4E2D}\x{56FD}\x{53E4}"
      RenderBlock {DIV} at (0,1440) size 769x18
        RenderText {#text} at (0,0) size 302x18
          text run at (0,0) width 302: "Font: STHeitiSC-Light Weight: 100 Style: italic"
      RenderBlock {DIV} at (0,1458) size 769x18
        RenderText {#text} at (0,0) size 139x18
          text run at (0,0) width 139: "\x{679C}\x{57CE}\x{7684}\x{7F8E}\x{8B7D}\x{3002}\x{4E2D}\x{56FD}\x{53E4}"
      RenderBlock {DIV} at (0,1476) size 769x18
        RenderText {#text} at (0,0) size 302x18
          text run at (0,0) width 302: "Font: STHeitiSC-Light Weight: 200 Style: italic"
      RenderBlock {DIV} at (0,1494) size 769x18
        RenderText {#text} at (0,0) size 139x18
          text run at (0,0) width 139: "\x{679C}\x{57CE}\x{7684}\x{7F8E}\x{8B7D}\x{3002}\x{4E2D}\x{56FD}\x{53E4}"
      RenderBlock {DIV} at (0,1512) size 769x18
        RenderText {#text} at (0,0) size 302x18
          text run at (0,0) width 302: "Font: STHeitiSC-Light Weight: 300 Style: italic"
      RenderBlock {DIV} at (0,1530) size 769x18
        RenderText {#text} at (0,0) size 139x18
          text run at (0,0) width 139: "\x{679C}\x{57CE}\x{7684}\x{7F8E}\x{8B7D}\x{3002}\x{4E2D}\x{56FD}\x{53E4}"
      RenderBlock {DIV} at (0,1548) size 769x18
        RenderText {#text} at (0,0) size 302x18
          text run at (0,0) width 302: "Font: STHeitiSC-Light Weight: 400 Style: italic"
      RenderBlock {DIV} at (0,1566) size 769x18
        RenderText {#text} at (0,0) size 139x18
          text run at (0,0) width 139: "\x{679C}\x{57CE}\x{7684}\x{7F8E}\x{8B7D}\x{3002}\x{4E2D}\x{56FD}\x{53E4}"
      RenderBlock {DIV} at (0,1584) size 769x18
        RenderText {#text} at (0,0) size 302x18
          text run at (0,0) width 302: "Font: STHeitiSC-Light Weight: 500 Style: italic"
      RenderBlock {DIV} at (0,1602) size 769x18
        RenderText {#text} at (0,0) size 139x18
          text run at (0,0) width 139: "\x{679C}\x{57CE}\x{7684}\x{7F8E}\x{8B7D}\x{3002}\x{4E2D}\x{56FD}\x{53E4}"
      RenderBlock {DIV} at (0,1620) size 769x18
        RenderText {#text} at (0,0) size 302x18
          text run at (0,0) width 302: "Font: STHeitiSC-Light Weight: 600 Style: italic"
      RenderBlock {DIV} at (0,1638) size 769x18
        RenderText {#text} at (0,0) size 148x18
          text run at (0,0) width 148: "\x{679C}\x{57CE}\x{7684}\x{7F8E}\x{8B7D}\x{3002}\x{4E2D}\x{56FD}\x{53E4}"
      RenderBlock {DIV} at (0,1656) size 769x18
        RenderText {#text} at (0,0) size 302x18
          text run at (0,0) width 302: "Font: STHeitiSC-Light Weight: 700 Style: italic"
      RenderBlock {DIV} at (0,1674) size 769x18
        RenderText {#text} at (0,0) size 148x18
          text run at (0,0) width 148: "\x{679C}\x{57CE}\x{7684}\x{7F8E}\x{8B7D}\x{3002}\x{4E2D}\x{56FD}\x{53E4}"
      RenderBlock {DIV} at (0,1692) size 769x18
        RenderText {#text} at (0,0) size 302x18
          text run at (0,0) width 302: "Font: STHeitiSC-Light Weight: 800 Style: italic"
      RenderBlock {DIV} at (0,1710) size 769x18
        RenderText {#text} at (0,0) size 148x18
          text run at (0,0) width 148: "\x{679C}\x{57CE}\x{7684}\x{7F8E}\x{8B7D}\x{3002}\x{4E2D}\x{56FD}\x{53E4}"
      RenderBlock {DIV} at (0,1728) size 769x18
        RenderText {#text} at (0,0) size 302x18
          text run at (0,0) width 302: "Font: STHeitiSC-Light Weight: 900 Style: italic"
      RenderBlock {DIV} at (0,1746) size 769x18
        RenderText {#text} at (0,0) size 148x18
          text run at (0,0) width 148: "\x{679C}\x{57CE}\x{7684}\x{7F8E}\x{8B7D}\x{3002}\x{4E2D}\x{56FD}\x{53E4}"
      RenderBlock {DIV} at (0,1764) size 769x18
        RenderText {#text} at (0,0) size 321x18
          text run at (0,0) width 321: "Font: STHeitiSC-Medium Weight: 100 Style: italic"
      RenderBlock {DIV} at (0,1782) size 769x18
        RenderText {#text} at (0,0) size 139x18
          text run at (0,0) width 139: "\x{679C}\x{57CE}\x{7684}\x{7F8E}\x{8B7D}\x{3002}\x{4E2D}\x{56FD}\x{53E4}"
      RenderBlock {DIV} at (0,1800) size 769x18
        RenderText {#text} at (0,0) size 321x18
          text run at (0,0) width 321: "Font: STHeitiSC-Medium Weight: 200 Style: italic"
      RenderBlock {DIV} at (0,1818) size 769x18
        RenderText {#text} at (0,0) size 139x18
          text run at (0,0) width 139: "\x{679C}\x{57CE}\x{7684}\x{7F8E}\x{8B7D}\x{3002}\x{4E2D}\x{56FD}\x{53E4}"
      RenderBlock {DIV} at (0,1836) size 769x18
        RenderText {#text} at (0,0) size 321x18
          text run at (0,0) width 321: "Font: STHeitiSC-Medium Weight: 300 Style: italic"
      RenderBlock {DIV} at (0,1854) size 769x18
        RenderText {#text} at (0,0) size 139x18
          text run at (0,0) width 139: "\x{679C}\x{57CE}\x{7684}\x{7F8E}\x{8B7D}\x{3002}\x{4E2D}\x{56FD}\x{53E4}"
      RenderBlock {DIV} at (0,1872) size 769x18
        RenderText {#text} at (0,0) size 321x18
          text run at (0,0) width 321: "Font: STHeitiSC-Medium Weight: 400 Style: italic"
      RenderBlock {DIV} at (0,1890) size 769x18
        RenderText {#text} at (0,0) size 139x18
          text run at (0,0) width 139: "\x{679C}\x{57CE}\x{7684}\x{7F8E}\x{8B7D}\x{3002}\x{4E2D}\x{56FD}\x{53E4}"
      RenderBlock {DIV} at (0,1908) size 769x18
        RenderText {#text} at (0,0) size 321x18
          text run at (0,0) width 321: "Font: STHeitiSC-Medium Weight: 500 Style: italic"
      RenderBlock {DIV} at (0,1926) size 769x18
        RenderText {#text} at (0,0) size 139x18
          text run at (0,0) width 139: "\x{679C}\x{57CE}\x{7684}\x{7F8E}\x{8B7D}\x{3002}\x{4E2D}\x{56FD}\x{53E4}"
      RenderBlock {DIV} at (0,1944) size 769x18
        RenderText {#text} at (0,0) size 321x18
          text run at (0,0) width 321: "Font: STHeitiSC-Medium Weight: 600 Style: italic"
      RenderBlock {DIV} at (0,1962) size 769x18
        RenderText {#text} at (0,0) size 148x18
          text run at (0,0) width 148: "\x{679C}\x{57CE}\x{7684}\x{7F8E}\x{8B7D}\x{3002}\x{4E2D}\x{56FD}\x{53E4}"
      RenderBlock {DIV} at (0,1980) size 769x18
        RenderText {#text} at (0,0) size 321x18
          text run at (0,0) width 321: "Font: STHeitiSC-Medium Weight: 700 Style: italic"
      RenderBlock {DIV} at (0,1998) size 769x18
        RenderText {#text} at (0,0) size 148x18
          text run at (0,0) width 148: "\x{679C}\x{57CE}\x{7684}\x{7F8E}\x{8B7D}\x{3002}\x{4E2D}\x{56FD}\x{53E4}"
      RenderBlock {DIV} at (0,2016) size 769x18
        RenderText {#text} at (0,0) size 321x18
          text run at (0,0) width 321: "Font: STHeitiSC-Medium Weight: 800 Style: italic"
      RenderBlock {DIV} at (0,2034) size 769x18
        RenderText {#text} at (0,0) size 148x18
          text run at (0,0) width 148: "\x{679C}\x{57CE}\x{7684}\x{7F8E}\x{8B7D}\x{3002}\x{4E2D}\x{56FD}\x{53E4}"
      RenderBlock {DIV} at (0,2052) size 769x18
        RenderText {#text} at (0,0) size 321x18
          text run at (0,0) width 321: "Font: STHeitiSC-Medium Weight: 900 Style: italic"
      RenderBlock {DIV} at (0,2070) size 769x18
        RenderText {#text} at (0,0) size 148x18
          text run at (0,0) width 148: "\x{679C}\x{57CE}\x{7684}\x{7F8E}\x{8B7D}\x{3002}\x{4E2D}\x{56FD}\x{53E4}"
      RenderBlock {DIV} at (0,2088) size 769x18
        RenderText {#text} at (0,0) size 272x18
          text run at (0,0) width 272: "Font: Songti SC Weight: 100 Style: normal"
      RenderBlock {DIV} at (0,2106) size 769x18
        RenderText {#text} at (0,0) size 139x18
          text run at (0,0) width 139: "\x{679C}\x{57CE}\x{7684}\x{7F8E}\x{8B7D}\x{3002}\x{4E2D}\x{56FD}\x{53E4}"
      RenderBlock {DIV} at (0,2124) size 769x18
        RenderText {#text} at (0,0) size 272x18
          text run at (0,0) width 272: "Font: Songti SC Weight: 200 Style: normal"
      RenderBlock {DIV} at (0,2142) size 769x18
        RenderText {#text} at (0,0) size 139x18
          text run at (0,0) width 139: "\x{679C}\x{57CE}\x{7684}\x{7F8E}\x{8B7D}\x{3002}\x{4E2D}\x{56FD}\x{53E4}"
      RenderBlock {DIV} at (0,2160) size 769x18
        RenderText {#text} at (0,0) size 272x18
          text run at (0,0) width 272: "Font: Songti SC Weight: 300 Style: normal"
      RenderBlock {DIV} at (0,2178) size 769x18
        RenderText {#text} at (0,0) size 139x18
          text run at (0,0) width 139: "\x{679C}\x{57CE}\x{7684}\x{7F8E}\x{8B7D}\x{3002}\x{4E2D}\x{56FD}\x{53E4}"
      RenderBlock {DIV} at (0,2196) size 769x18
        RenderText {#text} at (0,0) size 272x18
          text run at (0,0) width 272: "Font: Songti SC Weight: 400 Style: normal"
      RenderBlock {DIV} at (0,2214) size 769x18
        RenderText {#text} at (0,0) size 139x18
          text run at (0,0) width 139: "\x{679C}\x{57CE}\x{7684}\x{7F8E}\x{8B7D}\x{3002}\x{4E2D}\x{56FD}\x{53E4}"
      RenderBlock {DIV} at (0,2232) size 769x18
        RenderText {#text} at (0,0) size 272x18
          text run at (0,0) width 272: "Font: Songti SC Weight: 500 Style: normal"
      RenderBlock {DIV} at (0,2250) size 769x18
        RenderText {#text} at (0,0) size 139x18
          text run at (0,0) width 139: "\x{679C}\x{57CE}\x{7684}\x{7F8E}\x{8B7D}\x{3002}\x{4E2D}\x{56FD}\x{53E4}"
      RenderBlock {DIV} at (0,2268) size 769x18
        RenderText {#text} at (0,0) size 272x18
          text run at (0,0) width 272: "Font: Songti SC Weight: 600 Style: normal"
      RenderBlock {DIV} at (0,2286) size 769x18
        RenderText {#text} at (0,0) size 148x18
          text run at (0,0) width 148: "\x{679C}\x{57CE}\x{7684}\x{7F8E}\x{8B7D}\x{3002}\x{4E2D}\x{56FD}\x{53E4}"
      RenderBlock {DIV} at (0,2304) size 769x18
        RenderText {#text} at (0,0) size 272x18
          text run at (0,0) width 272: "Font: Songti SC Weight: 700 Style: normal"
      RenderBlock {DIV} at (0,2322) size 769x18
        RenderText {#text} at (0,0) size 148x18
          text run at (0,0) width 148: "\x{679C}\x{57CE}\x{7684}\x{7F8E}\x{8B7D}\x{3002}\x{4E2D}\x{56FD}\x{53E4}"
      RenderBlock {DIV} at (0,2340) size 769x18
        RenderText {#text} at (0,0) size 272x18
          text run at (0,0) width 272: "Font: Songti SC Weight: 800 Style: normal"
      RenderBlock {DIV} at (0,2358) size 769x18
        RenderText {#text} at (0,0) size 148x18
          text run at (0,0) width 148: "\x{679C}\x{57CE}\x{7684}\x{7F8E}\x{8B7D}\x{3002}\x{4E2D}\x{56FD}\x{53E4}"
      RenderBlock {DIV} at (0,2376) size 769x18
        RenderText {#text} at (0,0) size 272x18
          text run at (0,0) width 272: "Font: Songti SC Weight: 900 Style: normal"
      RenderBlock {DIV} at (0,2394) size 769x18
        RenderText {#text} at (0,0) size 148x18
          text run at (0,0) width 148: "\x{679C}\x{57CE}\x{7684}\x{7F8E}\x{8B7D}\x{3002}\x{4E2D}\x{56FD}\x{53E4}"
      RenderBlock {DIV} at (0,2412) size 769x18
        RenderText {#text} at (0,0) size 347x18
          text run at (0,0) width 347: "Font: STSongti-SC-Regular Weight: 100 Style: normal"
      RenderBlock {DIV} at (0,2430) size 769x18
        RenderText {#text} at (0,0) size 139x18
          text run at (0,0) width 139: "\x{679C}\x{57CE}\x{7684}\x{7F8E}\x{8B7D}\x{3002}\x{4E2D}\x{56FD}\x{53E4}"
      RenderBlock {DIV} at (0,2448) size 769x18
        RenderText {#text} at (0,0) size 347x18
          text run at (0,0) width 347: "Font: STSongti-SC-Regular Weight: 200 Style: normal"
      RenderBlock {DIV} at (0,2466) size 769x18
        RenderText {#text} at (0,0) size 139x18
          text run at (0,0) width 139: "\x{679C}\x{57CE}\x{7684}\x{7F8E}\x{8B7D}\x{3002}\x{4E2D}\x{56FD}\x{53E4}"
      RenderBlock {DIV} at (0,2484) size 769x18
        RenderText {#text} at (0,0) size 347x18
          text run at (0,0) width 347: "Font: STSongti-SC-Regular Weight: 300 Style: normal"
      RenderBlock {DIV} at (0,2502) size 769x18
        RenderText {#text} at (0,0) size 139x18
          text run at (0,0) width 139: "\x{679C}\x{57CE}\x{7684}\x{7F8E}\x{8B7D}\x{3002}\x{4E2D}\x{56FD}\x{53E4}"
      RenderBlock {DIV} at (0,2520) size 769x18
        RenderText {#text} at (0,0) size 347x18
          text run at (0,0) width 347: "Font: STSongti-SC-Regular Weight: 400 Style: normal"
      RenderBlock {DIV} at (0,2538) size 769x18
        RenderText {#text} at (0,0) size 139x18
          text run at (0,0) width 139: "\x{679C}\x{57CE}\x{7684}\x{7F8E}\x{8B7D}\x{3002}\x{4E2D}\x{56FD}\x{53E4}"
      RenderBlock {DIV} at (0,2556) size 769x18
        RenderText {#text} at (0,0) size 347x18
          text run at (0,0) width 347: "Font: STSongti-SC-Regular Weight: 500 Style: normal"
      RenderBlock {DIV} at (0,2574) size 769x18
        RenderText {#text} at (0,0) size 139x18
          text run at (0,0) width 139: "\x{679C}\x{57CE}\x{7684}\x{7F8E}\x{8B7D}\x{3002}\x{4E2D}\x{56FD}\x{53E4}"
      RenderBlock {DIV} at (0,2592) size 769x18
        RenderText {#text} at (0,0) size 347x18
          text run at (0,0) width 347: "Font: STSongti-SC-Regular Weight: 600 Style: normal"
      RenderBlock {DIV} at (0,2610) size 769x18
        RenderText {#text} at (0,0) size 148x18
          text run at (0,0) width 148: "\x{679C}\x{57CE}\x{7684}\x{7F8E}\x{8B7D}\x{3002}\x{4E2D}\x{56FD}\x{53E4}"
      RenderBlock {DIV} at (0,2628) size 769x18
        RenderText {#text} at (0,0) size 347x18
          text run at (0,0) width 347: "Font: STSongti-SC-Regular Weight: 700 Style: normal"
      RenderBlock {DIV} at (0,2646) size 769x18
        RenderText {#text} at (0,0) size 148x18
          text run at (0,0) width 148: "\x{679C}\x{57CE}\x{7684}\x{7F8E}\x{8B7D}\x{3002}\x{4E2D}\x{56FD}\x{53E4}"
      RenderBlock {DIV} at (0,2664) size 769x18
        RenderText {#text} at (0,0) size 347x18
          text run at (0,0) width 347: "Font: STSongti-SC-Regular Weight: 800 Style: normal"
      RenderBlock {DIV} at (0,2682) size 769x18
        RenderText {#text} at (0,0) size 148x18
          text run at (0,0) width 148: "\x{679C}\x{57CE}\x{7684}\x{7F8E}\x{8B7D}\x{3002}\x{4E2D}\x{56FD}\x{53E4}"
      RenderBlock {DIV} at (0,2700) size 769x18
        RenderText {#text} at (0,0) size 347x18
          text run at (0,0) width 347: "Font: STSongti-SC-Regular Weight: 900 Style: normal"
      RenderBlock {DIV} at (0,2718) size 769x18
        RenderText {#text} at (0,0) size 148x18
          text run at (0,0) width 148: "\x{679C}\x{57CE}\x{7684}\x{7F8E}\x{8B7D}\x{3002}\x{4E2D}\x{56FD}\x{53E4}"
      RenderBlock {DIV} at (0,2736) size 769x18
        RenderText {#text} at (0,0) size 331x18
          text run at (0,0) width 331: "Font: STSongti-SC-Light Weight: 100 Style: normal"
      RenderBlock {DIV} at (0,2754) size 769x18
        RenderText {#text} at (0,0) size 139x18
          text run at (0,0) width 139: "\x{679C}\x{57CE}\x{7684}\x{7F8E}\x{8B7D}\x{3002}\x{4E2D}\x{56FD}\x{53E4}"
      RenderBlock {DIV} at (0,2772) size 769x18
        RenderText {#text} at (0,0) size 331x18
          text run at (0,0) width 331: "Font: STSongti-SC-Light Weight: 200 Style: normal"
      RenderBlock {DIV} at (0,2790) size 769x18
        RenderText {#text} at (0,0) size 139x18
          text run at (0,0) width 139: "\x{679C}\x{57CE}\x{7684}\x{7F8E}\x{8B7D}\x{3002}\x{4E2D}\x{56FD}\x{53E4}"
      RenderBlock {DIV} at (0,2808) size 769x18
        RenderText {#text} at (0,0) size 331x18
          text run at (0,0) width 331: "Font: STSongti-SC-Light Weight: 300 Style: normal"
      RenderBlock {DIV} at (0,2826) size 769x18
        RenderText {#text} at (0,0) size 139x18
          text run at (0,0) width 139: "\x{679C}\x{57CE}\x{7684}\x{7F8E}\x{8B7D}\x{3002}\x{4E2D}\x{56FD}\x{53E4}"
      RenderBlock {DIV} at (0,2844) size 769x18
        RenderText {#text} at (0,0) size 331x18
          text run at (0,0) width 331: "Font: STSongti-SC-Light Weight: 400 Style: normal"
      RenderBlock {DIV} at (0,2862) size 769x18
        RenderText {#text} at (0,0) size 139x18
          text run at (0,0) width 139: "\x{679C}\x{57CE}\x{7684}\x{7F8E}\x{8B7D}\x{3002}\x{4E2D}\x{56FD}\x{53E4}"
      RenderBlock {DIV} at (0,2880) size 769x18
        RenderText {#text} at (0,0) size 331x18
          text run at (0,0) width 331: "Font: STSongti-SC-Light Weight: 500 Style: normal"
      RenderBlock {DIV} at (0,2898) size 769x18
        RenderText {#text} at (0,0) size 139x18
          text run at (0,0) width 139: "\x{679C}\x{57CE}\x{7684}\x{7F8E}\x{8B7D}\x{3002}\x{4E2D}\x{56FD}\x{53E4}"
      RenderBlock {DIV} at (0,2916) size 769x18
        RenderText {#text} at (0,0) size 331x18
          text run at (0,0) width 331: "Font: STSongti-SC-Light Weight: 600 Style: normal"
      RenderBlock {DIV} at (0,2934) size 769x18
        RenderText {#text} at (0,0) size 148x18
          text run at (0,0) width 148: "\x{679C}\x{57CE}\x{7684}\x{7F8E}\x{8B7D}\x{3002}\x{4E2D}\x{56FD}\x{53E4}"
      RenderBlock {DIV} at (0,2952) size 769x18
        RenderText {#text} at (0,0) size 331x18
          text run at (0,0) width 331: "Font: STSongti-SC-Light Weight: 700 Style: normal"
      RenderBlock {DIV} at (0,2970) size 769x18
        RenderText {#text} at (0,0) size 148x18
          text run at (0,0) width 148: "\x{679C}\x{57CE}\x{7684}\x{7F8E}\x{8B7D}\x{3002}\x{4E2D}\x{56FD}\x{53E4}"
      RenderBlock {DIV} at (0,2988) size 769x18
        RenderText {#text} at (0,0) size 331x18
          text run at (0,0) width 331: "Font: STSongti-SC-Light Weight: 800 Style: normal"
      RenderBlock {DIV} at (0,3006) size 769x18
        RenderText {#text} at (0,0) size 148x18
          text run at (0,0) width 148: "\x{679C}\x{57CE}\x{7684}\x{7F8E}\x{8B7D}\x{3002}\x{4E2D}\x{56FD}\x{53E4}"
      RenderBlock {DIV} at (0,3024) size 769x18
        RenderText {#text} at (0,0) size 331x18
          text run at (0,0) width 331: "Font: STSongti-SC-Light Weight: 900 Style: normal"
      RenderBlock {DIV} at (0,3042) size 769x18
        RenderText {#text} at (0,0) size 148x18
          text run at (0,0) width 148: "\x{679C}\x{57CE}\x{7684}\x{7F8E}\x{8B7D}\x{3002}\x{4E2D}\x{56FD}\x{53E4}"
      RenderBlock {DIV} at (0,3060) size 769x18
        RenderText {#text} at (0,0) size 328x18
          text run at (0,0) width 328: "Font: STSongti-SC-Bold Weight: 100 Style: normal"
      RenderBlock {DIV} at (0,3078) size 769x18
        RenderText {#text} at (0,0) size 139x18
          text run at (0,0) width 139: "\x{679C}\x{57CE}\x{7684}\x{7F8E}\x{8B7D}\x{3002}\x{4E2D}\x{56FD}\x{53E4}"
      RenderBlock {DIV} at (0,3096) size 769x18
        RenderText {#text} at (0,0) size 328x18
          text run at (0,0) width 328: "Font: STSongti-SC-Bold Weight: 200 Style: normal"
      RenderBlock {DIV} at (0,3114) size 769x18
        RenderText {#text} at (0,0) size 139x18
          text run at (0,0) width 139: "\x{679C}\x{57CE}\x{7684}\x{7F8E}\x{8B7D}\x{3002}\x{4E2D}\x{56FD}\x{53E4}"
      RenderBlock {DIV} at (0,3132) size 769x18
        RenderText {#text} at (0,0) size 328x18
          text run at (0,0) width 328: "Font: STSongti-SC-Bold Weight: 300 Style: normal"
      RenderBlock {DIV} at (0,3150) size 769x18
        RenderText {#text} at (0,0) size 139x18
          text run at (0,0) width 139: "\x{679C}\x{57CE}\x{7684}\x{7F8E}\x{8B7D}\x{3002}\x{4E2D}\x{56FD}\x{53E4}"
      RenderBlock {DIV} at (0,3168) size 769x18
        RenderText {#text} at (0,0) size 328x18
          text run at (0,0) width 328: "Font: STSongti-SC-Bold Weight: 400 Style: normal"
      RenderBlock {DIV} at (0,3186) size 769x18
        RenderText {#text} at (0,0) size 139x18
          text run at (0,0) width 139: "\x{679C}\x{57CE}\x{7684}\x{7F8E}\x{8B7D}\x{3002}\x{4E2D}\x{56FD}\x{53E4}"
      RenderBlock {DIV} at (0,3204) size 769x18
        RenderText {#text} at (0,0) size 328x18
          text run at (0,0) width 328: "Font: STSongti-SC-Bold Weight: 500 Style: normal"
      RenderBlock {DIV} at (0,3222) size 769x18
        RenderText {#text} at (0,0) size 139x18
          text run at (0,0) width 139: "\x{679C}\x{57CE}\x{7684}\x{7F8E}\x{8B7D}\x{3002}\x{4E2D}\x{56FD}\x{53E4}"
      RenderBlock {DIV} at (0,3240) size 769x18
        RenderText {#text} at (0,0) size 328x18
          text run at (0,0) width 328: "Font: STSongti-SC-Bold Weight: 600 Style: normal"
      RenderBlock {DIV} at (0,3258) size 769x18
        RenderText {#text} at (0,0) size 148x18
          text run at (0,0) width 148: "\x{679C}\x{57CE}\x{7684}\x{7F8E}\x{8B7D}\x{3002}\x{4E2D}\x{56FD}\x{53E4}"
      RenderBlock {DIV} at (0,3276) size 769x18
        RenderText {#text} at (0,0) size 328x18
          text run at (0,0) width 328: "Font: STSongti-SC-Bold Weight: 700 Style: normal"
      RenderBlock {DIV} at (0,3294) size 769x18
        RenderText {#text} at (0,0) size 148x18
          text run at (0,0) width 148: "\x{679C}\x{57CE}\x{7684}\x{7F8E}\x{8B7D}\x{3002}\x{4E2D}\x{56FD}\x{53E4}"
      RenderBlock {DIV} at (0,3312) size 769x18
        RenderText {#text} at (0,0) size 328x18
          text run at (0,0) width 328: "Font: STSongti-SC-Bold Weight: 800 Style: normal"
      RenderBlock {DIV} at (0,3330) size 769x18
        RenderText {#text} at (0,0) size 148x18
          text run at (0,0) width 148: "\x{679C}\x{57CE}\x{7684}\x{7F8E}\x{8B7D}\x{3002}\x{4E2D}\x{56FD}\x{53E4}"
      RenderBlock {DIV} at (0,3348) size 769x18
        RenderText {#text} at (0,0) size 328x18
          text run at (0,0) width 328: "Font: STSongti-SC-Bold Weight: 900 Style: normal"
      RenderBlock {DIV} at (0,3366) size 769x18
        RenderText {#text} at (0,0) size 148x18
          text run at (0,0) width 148: "\x{679C}\x{57CE}\x{7684}\x{7F8E}\x{8B7D}\x{3002}\x{4E2D}\x{56FD}\x{53E4}"
      RenderBlock {DIV} at (0,3384) size 769x18
        RenderText {#text} at (0,0) size 334x18
          text run at (0,0) width 334: "Font: STSongti-SC-Black Weight: 100 Style: normal"
      RenderBlock {DIV} at (0,3402) size 769x18
        RenderText {#text} at (0,0) size 139x18
          text run at (0,0) width 139: "\x{679C}\x{57CE}\x{7684}\x{7F8E}\x{8B7D}\x{3002}\x{4E2D}\x{56FD}\x{53E4}"
      RenderBlock {DIV} at (0,3420) size 769x18
        RenderText {#text} at (0,0) size 334x18
          text run at (0,0) width 334: "Font: STSongti-SC-Black Weight: 200 Style: normal"
      RenderBlock {DIV} at (0,3438) size 769x18
        RenderText {#text} at (0,0) size 139x18
          text run at (0,0) width 139: "\x{679C}\x{57CE}\x{7684}\x{7F8E}\x{8B7D}\x{3002}\x{4E2D}\x{56FD}\x{53E4}"
      RenderBlock {DIV} at (0,3456) size 769x18
        RenderText {#text} at (0,0) size 334x18
          text run at (0,0) width 334: "Font: STSongti-SC-Black Weight: 300 Style: normal"
      RenderBlock {DIV} at (0,3474) size 769x18
        RenderText {#text} at (0,0) size 139x18
          text run at (0,0) width 139: "\x{679C}\x{57CE}\x{7684}\x{7F8E}\x{8B7D}\x{3002}\x{4E2D}\x{56FD}\x{53E4}"
      RenderBlock {DIV} at (0,3492) size 769x18
        RenderText {#text} at (0,0) size 334x18
          text run at (0,0) width 334: "Font: STSongti-SC-Black Weight: 400 Style: normal"
      RenderBlock {DIV} at (0,3510) size 769x18
        RenderText {#text} at (0,0) size 139x18
          text run at (0,0) width 139: "\x{679C}\x{57CE}\x{7684}\x{7F8E}\x{8B7D}\x{3002}\x{4E2D}\x{56FD}\x{53E4}"
      RenderBlock {DIV} at (0,3528) size 769x18
        RenderText {#text} at (0,0) size 334x18
          text run at (0,0) width 334: "Font: STSongti-SC-Black Weight: 500 Style: normal"
      RenderBlock {DIV} at (0,3546) size 769x18
        RenderText {#text} at (0,0) size 139x18
          text run at (0,0) width 139: "\x{679C}\x{57CE}\x{7684}\x{7F8E}\x{8B7D}\x{3002}\x{4E2D}\x{56FD}\x{53E4}"
      RenderBlock {DIV} at (0,3564) size 769x18
        RenderText {#text} at (0,0) size 334x18
          text run at (0,0) width 334: "Font: STSongti-SC-Black Weight: 600 Style: normal"
      RenderBlock {DIV} at (0,3582) size 769x18
        RenderText {#text} at (0,0) size 148x18
          text run at (0,0) width 148: "\x{679C}\x{57CE}\x{7684}\x{7F8E}\x{8B7D}\x{3002}\x{4E2D}\x{56FD}\x{53E4}"
      RenderBlock {DIV} at (0,3600) size 769x18
        RenderText {#text} at (0,0) size 334x18
          text run at (0,0) width 334: "Font: STSongti-SC-Black Weight: 700 Style: normal"
      RenderBlock {DIV} at (0,3618) size 769x18
        RenderText {#text} at (0,0) size 148x18
          text run at (0,0) width 148: "\x{679C}\x{57CE}\x{7684}\x{7F8E}\x{8B7D}\x{3002}\x{4E2D}\x{56FD}\x{53E4}"
      RenderBlock {DIV} at (0,3636) size 769x18
        RenderText {#text} at (0,0) size 334x18
          text run at (0,0) width 334: "Font: STSongti-SC-Black Weight: 800 Style: normal"
      RenderBlock {DIV} at (0,3654) size 769x18
        RenderText {#text} at (0,0) size 148x18
          text run at (0,0) width 148: "\x{679C}\x{57CE}\x{7684}\x{7F8E}\x{8B7D}\x{3002}\x{4E2D}\x{56FD}\x{53E4}"
      RenderBlock {DIV} at (0,3672) size 769x18
        RenderText {#text} at (0,0) size 334x18
          text run at (0,0) width 334: "Font: STSongti-SC-Black Weight: 900 Style: normal"
      RenderBlock {DIV} at (0,3690) size 769x18
        RenderText {#text} at (0,0) size 148x18
          text run at (0,0) width 148: "\x{679C}\x{57CE}\x{7684}\x{7F8E}\x{8B7D}\x{3002}\x{4E2D}\x{56FD}\x{53E4}"
      RenderBlock {DIV} at (0,3708) size 769x18
        RenderText {#text} at (0,0) size 258x18
          text run at (0,0) width 258: "Font: Songti SC Weight: 100 Style: italic"
      RenderBlock {DIV} at (0,3726) size 769x18
        RenderText {#text} at (0,0) size 139x18
          text run at (0,0) width 139: "\x{679C}\x{57CE}\x{7684}\x{7F8E}\x{8B7D}\x{3002}\x{4E2D}\x{56FD}\x{53E4}"
      RenderBlock {DIV} at (0,3744) size 769x18
        RenderText {#text} at (0,0) size 258x18
          text run at (0,0) width 258: "Font: Songti SC Weight: 200 Style: italic"
      RenderBlock {DIV} at (0,3762) size 769x18
        RenderText {#text} at (0,0) size 139x18
          text run at (0,0) width 139: "\x{679C}\x{57CE}\x{7684}\x{7F8E}\x{8B7D}\x{3002}\x{4E2D}\x{56FD}\x{53E4}"
      RenderBlock {DIV} at (0,3780) size 769x18
        RenderText {#text} at (0,0) size 258x18
          text run at (0,0) width 258: "Font: Songti SC Weight: 300 Style: italic"
      RenderBlock {DIV} at (0,3798) size 769x18
        RenderText {#text} at (0,0) size 139x18
          text run at (0,0) width 139: "\x{679C}\x{57CE}\x{7684}\x{7F8E}\x{8B7D}\x{3002}\x{4E2D}\x{56FD}\x{53E4}"
      RenderBlock {DIV} at (0,3816) size 769x18
        RenderText {#text} at (0,0) size 258x18
          text run at (0,0) width 258: "Font: Songti SC Weight: 400 Style: italic"
      RenderBlock {DIV} at (0,3834) size 769x18
        RenderText {#text} at (0,0) size 139x18
          text run at (0,0) width 139: "\x{679C}\x{57CE}\x{7684}\x{7F8E}\x{8B7D}\x{3002}\x{4E2D}\x{56FD}\x{53E4}"
      RenderBlock {DIV} at (0,3852) size 769x18
        RenderText {#text} at (0,0) size 258x18
          text run at (0,0) width 258: "Font: Songti SC Weight: 500 Style: italic"
      RenderBlock {DIV} at (0,3870) size 769x18
        RenderText {#text} at (0,0) size 139x18
          text run at (0,0) width 139: "\x{679C}\x{57CE}\x{7684}\x{7F8E}\x{8B7D}\x{3002}\x{4E2D}\x{56FD}\x{53E4}"
      RenderBlock {DIV} at (0,3888) size 769x18
        RenderText {#text} at (0,0) size 258x18
          text run at (0,0) width 258: "Font: Songti SC Weight: 600 Style: italic"
      RenderBlock {DIV} at (0,3906) size 769x18
        RenderText {#text} at (0,0) size 148x18
          text run at (0,0) width 148: "\x{679C}\x{57CE}\x{7684}\x{7F8E}\x{8B7D}\x{3002}\x{4E2D}\x{56FD}\x{53E4}"
      RenderBlock {DIV} at (0,3924) size 769x18
        RenderText {#text} at (0,0) size 258x18
          text run at (0,0) width 258: "Font: Songti SC Weight: 700 Style: italic"
      RenderBlock {DIV} at (0,3942) size 769x18
        RenderText {#text} at (0,0) size 148x18
          text run at (0,0) width 148: "\x{679C}\x{57CE}\x{7684}\x{7F8E}\x{8B7D}\x{3002}\x{4E2D}\x{56FD}\x{53E4}"
      RenderBlock {DIV} at (0,3960) size 769x18
        RenderText {#text} at (0,0) size 258x18
          text run at (0,0) width 258: "Font: Songti SC Weight: 800 Style: italic"
      RenderBlock {DIV} at (0,3978) size 769x18
        RenderText {#text} at (0,0) size 148x18
          text run at (0,0) width 148: "\x{679C}\x{57CE}\x{7684}\x{7F8E}\x{8B7D}\x{3002}\x{4E2D}\x{56FD}\x{53E4}"
      RenderBlock {DIV} at (0,3996) size 769x18
        RenderText {#text} at (0,0) size 258x18
          text run at (0,0) width 258: "Font: Songti SC Weight: 900 Style: italic"
      RenderBlock {DIV} at (0,4014) size 769x18
        RenderText {#text} at (0,0) size 148x18
          text run at (0,0) width 148: "\x{679C}\x{57CE}\x{7684}\x{7F8E}\x{8B7D}\x{3002}\x{4E2D}\x{56FD}\x{53E4}"
      RenderBlock {DIV} at (0,4032) size 769x18
        RenderText {#text} at (0,0) size 333x18
          text run at (0,0) width 333: "Font: STSongti-SC-Regular Weight: 100 Style: italic"
      RenderBlock {DIV} at (0,4050) size 769x18
        RenderText {#text} at (0,0) size 139x18
          text run at (0,0) width 139: "\x{679C}\x{57CE}\x{7684}\x{7F8E}\x{8B7D}\x{3002}\x{4E2D}\x{56FD}\x{53E4}"
      RenderBlock {DIV} at (0,4068) size 769x18
        RenderText {#text} at (0,0) size 333x18
          text run at (0,0) width 333: "Font: STSongti-SC-Regular Weight: 200 Style: italic"
      RenderBlock {DIV} at (0,4086) size 769x18
        RenderText {#text} at (0,0) size 139x18
          text run at (0,0) width 139: "\x{679C}\x{57CE}\x{7684}\x{7F8E}\x{8B7D}\x{3002}\x{4E2D}\x{56FD}\x{53E4}"
      RenderBlock {DIV} at (0,4104) size 769x18
        RenderText {#text} at (0,0) size 333x18
          text run at (0,0) width 333: "Font: STSongti-SC-Regular Weight: 300 Style: italic"
      RenderBlock {DIV} at (0,4122) size 769x18
        RenderText {#text} at (0,0) size 139x18
          text run at (0,0) width 139: "\x{679C}\x{57CE}\x{7684}\x{7F8E}\x{8B7D}\x{3002}\x{4E2D}\x{56FD}\x{53E4}"
      RenderBlock {DIV} at (0,4140) size 769x18
        RenderText {#text} at (0,0) size 333x18
          text run at (0,0) width 333: "Font: STSongti-SC-Regular Weight: 400 Style: italic"
      RenderBlock {DIV} at (0,4158) size 769x18
        RenderText {#text} at (0,0) size 139x18
          text run at (0,0) width 139: "\x{679C}\x{57CE}\x{7684}\x{7F8E}\x{8B7D}\x{3002}\x{4E2D}\x{56FD}\x{53E4}"
      RenderBlock {DIV} at (0,4176) size 769x18
        RenderText {#text} at (0,0) size 333x18
          text run at (0,0) width 333: "Font: STSongti-SC-Regular Weight: 500 Style: italic"
      RenderBlock {DIV} at (0,4194) size 769x18
        RenderText {#text} at (0,0) size 139x18
          text run at (0,0) width 139: "\x{679C}\x{57CE}\x{7684}\x{7F8E}\x{8B7D}\x{3002}\x{4E2D}\x{56FD}\x{53E4}"
      RenderBlock {DIV} at (0,4212) size 769x18
        RenderText {#text} at (0,0) size 333x18
          text run at (0,0) width 333: "Font: STSongti-SC-Regular Weight: 600 Style: italic"
      RenderBlock {DIV} at (0,4230) size 769x18
        RenderText {#text} at (0,0) size 148x18
          text run at (0,0) width 148: "\x{679C}\x{57CE}\x{7684}\x{7F8E}\x{8B7D}\x{3002}\x{4E2D}\x{56FD}\x{53E4}"
      RenderBlock {DIV} at (0,4248) size 769x18
        RenderText {#text} at (0,0) size 333x18
          text run at (0,0) width 333: "Font: STSongti-SC-Regular Weight: 700 Style: italic"
      RenderBlock {DIV} at (0,4266) size 769x18
        RenderText {#text} at (0,0) size 148x18
          text run at (0,0) width 148: "\x{679C}\x{57CE}\x{7684}\x{7F8E}\x{8B7D}\x{3002}\x{4E2D}\x{56FD}\x{53E4}"
      RenderBlock {DIV} at (0,4284) size 769x18
        RenderText {#text} at (0,0) size 333x18
          text run at (0,0) width 333: "Font: STSongti-SC-Regular Weight: 800 Style: italic"
      RenderBlock {DIV} at (0,4302) size 769x18
        RenderText {#text} at (0,0) size 148x18
          text run at (0,0) width 148: "\x{679C}\x{57CE}\x{7684}\x{7F8E}\x{8B7D}\x{3002}\x{4E2D}\x{56FD}\x{53E4}"
      RenderBlock {DIV} at (0,4320) size 769x18
        RenderText {#text} at (0,0) size 333x18
          text run at (0,0) width 333: "Font: STSongti-SC-Regular Weight: 900 Style: italic"
      RenderBlock {DIV} at (0,4338) size 769x18
        RenderText {#text} at (0,0) size 148x18
          text run at (0,0) width 148: "\x{679C}\x{57CE}\x{7684}\x{7F8E}\x{8B7D}\x{3002}\x{4E2D}\x{56FD}\x{53E4}"
      RenderBlock {DIV} at (0,4356) size 769x18
        RenderText {#text} at (0,0) size 317x18
          text run at (0,0) width 317: "Font: STSongti-SC-Light Weight: 100 Style: italic"
      RenderBlock {DIV} at (0,4374) size 769x18
        RenderText {#text} at (0,0) size 139x18
          text run at (0,0) width 139: "\x{679C}\x{57CE}\x{7684}\x{7F8E}\x{8B7D}\x{3002}\x{4E2D}\x{56FD}\x{53E4}"
      RenderBlock {DIV} at (0,4392) size 769x18
        RenderText {#text} at (0,0) size 317x18
          text run at (0,0) width 317: "Font: STSongti-SC-Light Weight: 200 Style: italic"
      RenderBlock {DIV} at (0,4410) size 769x18
        RenderText {#text} at (0,0) size 139x18
          text run at (0,0) width 139: "\x{679C}\x{57CE}\x{7684}\x{7F8E}\x{8B7D}\x{3002}\x{4E2D}\x{56FD}\x{53E4}"
      RenderBlock {DIV} at (0,4428) size 769x18
        RenderText {#text} at (0,0) size 317x18
          text run at (0,0) width 317: "Font: STSongti-SC-Light Weight: 300 Style: italic"
      RenderBlock {DIV} at (0,4446) size 769x18
        RenderText {#text} at (0,0) size 139x18
          text run at (0,0) width 139: "\x{679C}\x{57CE}\x{7684}\x{7F8E}\x{8B7D}\x{3002}\x{4E2D}\x{56FD}\x{53E4}"
      RenderBlock {DIV} at (0,4464) size 769x18
        RenderText {#text} at (0,0) size 317x18
          text run at (0,0) width 317: "Font: STSongti-SC-Light Weight: 400 Style: italic"
      RenderBlock {DIV} at (0,4482) size 769x18
        RenderText {#text} at (0,0) size 139x18
          text run at (0,0) width 139: "\x{679C}\x{57CE}\x{7684}\x{7F8E}\x{8B7D}\x{3002}\x{4E2D}\x{56FD}\x{53E4}"
      RenderBlock {DIV} at (0,4500) size 769x18
        RenderText {#text} at (0,0) size 317x18
          text run at (0,0) width 317: "Font: STSongti-SC-Light Weight: 500 Style: italic"
      RenderBlock {DIV} at (0,4518) size 769x18
        RenderText {#text} at (0,0) size 139x18
          text run at (0,0) width 139: "\x{679C}\x{57CE}\x{7684}\x{7F8E}\x{8B7D}\x{3002}\x{4E2D}\x{56FD}\x{53E4}"
      RenderBlock {DIV} at (0,4536) size 769x18
        RenderText {#text} at (0,0) size 317x18
          text run at (0,0) width 317: "Font: STSongti-SC-Light Weight: 600 Style: italic"
      RenderBlock {DIV} at (0,4554) size 769x18
        RenderText {#text} at (0,0) size 148x18
          text run at (0,0) width 148: "\x{679C}\x{57CE}\x{7684}\x{7F8E}\x{8B7D}\x{3002}\x{4E2D}\x{56FD}\x{53E4}"
      RenderBlock {DIV} at (0,4572) size 769x18
        RenderText {#text} at (0,0) size 317x18
          text run at (0,0) width 317: "Font: STSongti-SC-Light Weight: 700 Style: italic"
      RenderBlock {DIV} at (0,4590) size 769x18
        RenderText {#text} at (0,0) size 148x18
          text run at (0,0) width 148: "\x{679C}\x{57CE}\x{7684}\x{7F8E}\x{8B7D}\x{3002}\x{4E2D}\x{56FD}\x{53E4}"
      RenderBlock {DIV} at (0,4608) size 769x18
        RenderText {#text} at (0,0) size 317x18
          text run at (0,0) width 317: "Font: STSongti-SC-Light Weight: 800 Style: italic"
      RenderBlock {DIV} at (0,4626) size 769x18
        RenderText {#text} at (0,0) size 148x18
          text run at (0,0) width 148: "\x{679C}\x{57CE}\x{7684}\x{7F8E}\x{8B7D}\x{3002}\x{4E2D}\x{56FD}\x{53E4}"
      RenderBlock {DIV} at (0,4644) size 769x18
        RenderText {#text} at (0,0) size 317x18
          text run at (0,0) width 317: "Font: STSongti-SC-Light Weight: 900 Style: italic"
      RenderBlock {DIV} at (0,4662) size 769x18
        RenderText {#text} at (0,0) size 148x18
          text run at (0,0) width 148: "\x{679C}\x{57CE}\x{7684}\x{7F8E}\x{8B7D}\x{3002}\x{4E2D}\x{56FD}\x{53E4}"
      RenderBlock {DIV} at (0,4680) size 769x18
        RenderText {#text} at (0,0) size 314x18
          text run at (0,0) width 314: "Font: STSongti-SC-Bold Weight: 100 Style: italic"
      RenderBlock {DIV} at (0,4698) size 769x18
        RenderText {#text} at (0,0) size 139x18
          text run at (0,0) width 139: "\x{679C}\x{57CE}\x{7684}\x{7F8E}\x{8B7D}\x{3002}\x{4E2D}\x{56FD}\x{53E4}"
      RenderBlock {DIV} at (0,4716) size 769x18
        RenderText {#text} at (0,0) size 314x18
          text run at (0,0) width 314: "Font: STSongti-SC-Bold Weight: 200 Style: italic"
      RenderBlock {DIV} at (0,4734) size 769x18
        RenderText {#text} at (0,0) size 139x18
          text run at (0,0) width 139: "\x{679C}\x{57CE}\x{7684}\x{7F8E}\x{8B7D}\x{3002}\x{4E2D}\x{56FD}\x{53E4}"
      RenderBlock {DIV} at (0,4752) size 769x18
        RenderText {#text} at (0,0) size 314x18
          text run at (0,0) width 314: "Font: STSongti-SC-Bold Weight: 300 Style: italic"
      RenderBlock {DIV} at (0,4770) size 769x18
        RenderText {#text} at (0,0) size 139x18
          text run at (0,0) width 139: "\x{679C}\x{57CE}\x{7684}\x{7F8E}\x{8B7D}\x{3002}\x{4E2D}\x{56FD}\x{53E4}"
      RenderBlock {DIV} at (0,4788) size 769x18
        RenderText {#text} at (0,0) size 314x18
          text run at (0,0) width 314: "Font: STSongti-SC-Bold Weight: 400 Style: italic"
      RenderBlock {DIV} at (0,4806) size 769x18
        RenderText {#text} at (0,0) size 139x18
          text run at (0,0) width 139: "\x{679C}\x{57CE}\x{7684}\x{7F8E}\x{8B7D}\x{3002}\x{4E2D}\x{56FD}\x{53E4}"
      RenderBlock {DIV} at (0,4824) size 769x18
        RenderText {#text} at (0,0) size 314x18
          text run at (0,0) width 314: "Font: STSongti-SC-Bold Weight: 500 Style: italic"
      RenderBlock {DIV} at (0,4842) size 769x18
        RenderText {#text} at (0,0) size 139x18
          text run at (0,0) width 139: "\x{679C}\x{57CE}\x{7684}\x{7F8E}\x{8B7D}\x{3002}\x{4E2D}\x{56FD}\x{53E4}"
      RenderBlock {DIV} at (0,4860) size 769x18
        RenderText {#text} at (0,0) size 314x18
          text run at (0,0) width 314: "Font: STSongti-SC-Bold Weight: 600 Style: italic"
      RenderBlock {DIV} at (0,4878) size 769x18
        RenderText {#text} at (0,0) size 148x18
          text run at (0,0) width 148: "\x{679C}\x{57CE}\x{7684}\x{7F8E}\x{8B7D}\x{3002}\x{4E2D}\x{56FD}\x{53E4}"
      RenderBlock {DIV} at (0,4896) size 769x18
        RenderText {#text} at (0,0) size 314x18
          text run at (0,0) width 314: "Font: STSongti-SC-Bold Weight: 700 Style: italic"
      RenderBlock {DIV} at (0,4914) size 769x18
        RenderText {#text} at (0,0) size 148x18
          text run at (0,0) width 148: "\x{679C}\x{57CE}\x{7684}\x{7F8E}\x{8B7D}\x{3002}\x{4E2D}\x{56FD}\x{53E4}"
      RenderBlock {DIV} at (0,4932) size 769x18
        RenderText {#text} at (0,0) size 314x18
          text run at (0,0) width 314: "Font: STSongti-SC-Bold Weight: 800 Style: italic"
      RenderBlock {DIV} at (0,4950) size 769x18
        RenderText {#text} at (0,0) size 148x18
          text run at (0,0) width 148: "\x{679C}\x{57CE}\x{7684}\x{7F8E}\x{8B7D}\x{3002}\x{4E2D}\x{56FD}\x{53E4}"
      RenderBlock {DIV} at (0,4968) size 769x18
        RenderText {#text} at (0,0) size 314x18
          text run at (0,0) width 314: "Font: STSongti-SC-Bold Weight: 900 Style: italic"
      RenderBlock {DIV} at (0,4986) size 769x18
        RenderText {#text} at (0,0) size 148x18
          text run at (0,0) width 148: "\x{679C}\x{57CE}\x{7684}\x{7F8E}\x{8B7D}\x{3002}\x{4E2D}\x{56FD}\x{53E4}"
      RenderBlock {DIV} at (0,5004) size 769x18
        RenderText {#text} at (0,0) size 320x18
          text run at (0,0) width 320: "Font: STSongti-SC-Black Weight: 100 Style: italic"
      RenderBlock {DIV} at (0,5022) size 769x18
        RenderText {#text} at (0,0) size 139x18
          text run at (0,0) width 139: "\x{679C}\x{57CE}\x{7684}\x{7F8E}\x{8B7D}\x{3002}\x{4E2D}\x{56FD}\x{53E4}"
      RenderBlock {DIV} at (0,5040) size 769x18
        RenderText {#text} at (0,0) size 320x18
          text run at (0,0) width 320: "Font: STSongti-SC-Black Weight: 200 Style: italic"
      RenderBlock {DIV} at (0,5058) size 769x18
        RenderText {#text} at (0,0) size 139x18
          text run at (0,0) width 139: "\x{679C}\x{57CE}\x{7684}\x{7F8E}\x{8B7D}\x{3002}\x{4E2D}\x{56FD}\x{53E4}"
      RenderBlock {DIV} at (0,5076) size 769x18
        RenderText {#text} at (0,0) size 320x18
          text run at (0,0) width 320: "Font: STSongti-SC-Black Weight: 300 Style: italic"
      RenderBlock {DIV} at (0,5094) size 769x18
        RenderText {#text} at (0,0) size 139x18
          text run at (0,0) width 139: "\x{679C}\x{57CE}\x{7684}\x{7F8E}\x{8B7D}\x{3002}\x{4E2D}\x{56FD}\x{53E4}"
      RenderBlock {DIV} at (0,5112) size 769x18
        RenderText {#text} at (0,0) size 320x18
          text run at (0,0) width 320: "Font: STSongti-SC-Black Weight: 400 Style: italic"
      RenderBlock {DIV} at (0,5130) size 769x18
        RenderText {#text} at (0,0) size 139x18
          text run at (0,0) width 139: "\x{679C}\x{57CE}\x{7684}\x{7F8E}\x{8B7D}\x{3002}\x{4E2D}\x{56FD}\x{53E4}"
      RenderBlock {DIV} at (0,5148) size 769x18
        RenderText {#text} at (0,0) size 320x18
          text run at (0,0) width 320: "Font: STSongti-SC-Black Weight: 500 Style: italic"
      RenderBlock {DIV} at (0,5166) size 769x18
        RenderText {#text} at (0,0) size 139x18
          text run at (0,0) width 139: "\x{679C}\x{57CE}\x{7684}\x{7F8E}\x{8B7D}\x{3002}\x{4E2D}\x{56FD}\x{53E4}"
      RenderBlock {DIV} at (0,5184) size 769x18
        RenderText {#text} at (0,0) size 320x18
          text run at (0,0) width 320: "Font: STSongti-SC-Black Weight: 600 Style: italic"
      RenderBlock {DIV} at (0,5202) size 769x18
        RenderText {#text} at (0,0) size 148x18
          text run at (0,0) width 148: "\x{679C}\x{57CE}\x{7684}\x{7F8E}\x{8B7D}\x{3002}\x{4E2D}\x{56FD}\x{53E4}"
      RenderBlock {DIV} at (0,5220) size 769x18
        RenderText {#text} at (0,0) size 320x18
          text run at (0,0) width 320: "Font: STSongti-SC-Black Weight: 700 Style: italic"
      RenderBlock {DIV} at (0,5238) size 769x18
        RenderText {#text} at (0,0) size 148x18
          text run at (0,0) width 148: "\x{679C}\x{57CE}\x{7684}\x{7F8E}\x{8B7D}\x{3002}\x{4E2D}\x{56FD}\x{53E4}"
      RenderBlock {DIV} at (0,5256) size 769x18
        RenderText {#text} at (0,0) size 320x18
          text run at (0,0) width 320: "Font: STSongti-SC-Black Weight: 800 Style: italic"
      RenderBlock {DIV} at (0,5274) size 769x18
        RenderText {#text} at (0,0) size 148x18
          text run at (0,0) width 148: "\x{679C}\x{57CE}\x{7684}\x{7F8E}\x{8B7D}\x{3002}\x{4E2D}\x{56FD}\x{53E4}"
      RenderBlock {DIV} at (0,5292) size 769x18
        RenderText {#text} at (0,0) size 320x18
          text run at (0,0) width 320: "Font: STSongti-SC-Black Weight: 900 Style: italic"
      RenderBlock {DIV} at (0,5310) size 769x18
        RenderText {#text} at (0,0) size 148x18
          text run at (0,0) width 148: "\x{679C}\x{57CE}\x{7684}\x{7F8E}\x{8B7D}\x{3002}\x{4E2D}\x{56FD}\x{53E4}"
      RenderBlock {DIV} at (0,5328) size 769x18
        RenderText {#text} at (0,0) size 387x18
          text run at (0,0) width 387: "Font: Hiragino Kaku Gothic ProN Weight: 100 Style: normal"
      RenderBlock {DIV} at (0,5346) size 769x18
        RenderText {#text} at (0,0) size 139x18
          text run at (0,0) width 139: "\x{679C}\x{57CE}\x{7684}\x{7F8E}\x{8B7D}\x{3002}\x{4E2D}\x{56FD}\x{53E4}"
      RenderBlock {DIV} at (0,5364) size 769x18
        RenderText {#text} at (0,0) size 387x18
          text run at (0,0) width 387: "Font: Hiragino Kaku Gothic ProN Weight: 200 Style: normal"
      RenderBlock {DIV} at (0,5382) size 769x18
        RenderText {#text} at (0,0) size 139x18
          text run at (0,0) width 139: "\x{679C}\x{57CE}\x{7684}\x{7F8E}\x{8B7D}\x{3002}\x{4E2D}\x{56FD}\x{53E4}"
      RenderBlock {DIV} at (0,5400) size 769x18
        RenderText {#text} at (0,0) size 387x18
          text run at (0,0) width 387: "Font: Hiragino Kaku Gothic ProN Weight: 300 Style: normal"
      RenderBlock {DIV} at (0,5418) size 769x18
        RenderText {#text} at (0,0) size 139x18
          text run at (0,0) width 139: "\x{679C}\x{57CE}\x{7684}\x{7F8E}\x{8B7D}\x{3002}\x{4E2D}\x{56FD}\x{53E4}"
      RenderBlock {DIV} at (0,5436) size 769x18
        RenderText {#text} at (0,0) size 387x18
          text run at (0,0) width 387: "Font: Hiragino Kaku Gothic ProN Weight: 400 Style: normal"
      RenderBlock {DIV} at (0,5454) size 769x18
        RenderText {#text} at (0,0) size 139x18
          text run at (0,0) width 139: "\x{679C}\x{57CE}\x{7684}\x{7F8E}\x{8B7D}\x{3002}\x{4E2D}\x{56FD}\x{53E4}"
      RenderBlock {DIV} at (0,5472) size 769x18
        RenderText {#text} at (0,0) size 387x18
          text run at (0,0) width 387: "Font: Hiragino Kaku Gothic ProN Weight: 500 Style: normal"
      RenderBlock {DIV} at (0,5490) size 769x18
        RenderText {#text} at (0,0) size 139x18
          text run at (0,0) width 139: "\x{679C}\x{57CE}\x{7684}\x{7F8E}\x{8B7D}\x{3002}\x{4E2D}\x{56FD}\x{53E4}"
      RenderBlock {DIV} at (0,5508) size 769x18
        RenderText {#text} at (0,0) size 387x18
          text run at (0,0) width 387: "Font: Hiragino Kaku Gothic ProN Weight: 600 Style: normal"
      RenderBlock {DIV} at (0,5526) size 769x18
        RenderText {#text} at (0,0) size 148x18
          text run at (0,0) width 148: "\x{679C}\x{57CE}\x{7684}\x{7F8E}\x{8B7D}\x{3002}\x{4E2D}\x{56FD}\x{53E4}"
      RenderBlock {DIV} at (0,5544) size 769x18
        RenderText {#text} at (0,0) size 387x18
          text run at (0,0) width 387: "Font: Hiragino Kaku Gothic ProN Weight: 700 Style: normal"
      RenderBlock {DIV} at (0,5562) size 769x18
        RenderText {#text} at (0,0) size 148x18
          text run at (0,0) width 148: "\x{679C}\x{57CE}\x{7684}\x{7F8E}\x{8B7D}\x{3002}\x{4E2D}\x{56FD}\x{53E4}"
      RenderBlock {DIV} at (0,5580) size 769x18
        RenderText {#text} at (0,0) size 387x18
          text run at (0,0) width 387: "Font: Hiragino Kaku Gothic ProN Weight: 800 Style: normal"
      RenderBlock {DIV} at (0,5598) size 769x18
        RenderText {#text} at (0,0) size 148x18
          text run at (0,0) width 148: "\x{679C}\x{57CE}\x{7684}\x{7F8E}\x{8B7D}\x{3002}\x{4E2D}\x{56FD}\x{53E4}"
      RenderBlock {DIV} at (0,5616) size 769x18
        RenderText {#text} at (0,0) size 387x18
          text run at (0,0) width 387: "Font: Hiragino Kaku Gothic ProN Weight: 900 Style: normal"
      RenderBlock {DIV} at (0,5634) size 769x18
        RenderText {#text} at (0,0) size 148x18
          text run at (0,0) width 148: "\x{679C}\x{57CE}\x{7684}\x{7F8E}\x{8B7D}\x{3002}\x{4E2D}\x{56FD}\x{53E4}"
      RenderBlock {DIV} at (0,5652) size 769x18
        RenderText {#text} at (0,0) size 332x18
          text run at (0,0) width 332: "Font: HiraKakuProN-W3 Weight: 100 Style: normal"
      RenderBlock {DIV} at (0,5670) size 769x18
        RenderText {#text} at (0,0) size 139x18
          text run at (0,0) width 139: "\x{679C}\x{57CE}\x{7684}\x{7F8E}\x{8B7D}\x{3002}\x{4E2D}\x{56FD}\x{53E4}"
      RenderBlock {DIV} at (0,5688) size 769x18
        RenderText {#text} at (0,0) size 332x18
          text run at (0,0) width 332: "Font: HiraKakuProN-W3 Weight: 200 Style: normal"
      RenderBlock {DIV} at (0,5706) size 769x18
        RenderText {#text} at (0,0) size 139x18
          text run at (0,0) width 139: "\x{679C}\x{57CE}\x{7684}\x{7F8E}\x{8B7D}\x{3002}\x{4E2D}\x{56FD}\x{53E4}"
      RenderBlock {DIV} at (0,5724) size 769x18
        RenderText {#text} at (0,0) size 332x18
          text run at (0,0) width 332: "Font: HiraKakuProN-W3 Weight: 300 Style: normal"
      RenderBlock {DIV} at (0,5742) size 769x18
        RenderText {#text} at (0,0) size 139x18
          text run at (0,0) width 139: "\x{679C}\x{57CE}\x{7684}\x{7F8E}\x{8B7D}\x{3002}\x{4E2D}\x{56FD}\x{53E4}"
      RenderBlock {DIV} at (0,5760) size 769x18
        RenderText {#text} at (0,0) size 332x18
          text run at (0,0) width 332: "Font: HiraKakuProN-W3 Weight: 400 Style: normal"
      RenderBlock {DIV} at (0,5778) size 769x18
        RenderText {#text} at (0,0) size 139x18
          text run at (0,0) width 139: "\x{679C}\x{57CE}\x{7684}\x{7F8E}\x{8B7D}\x{3002}\x{4E2D}\x{56FD}\x{53E4}"
      RenderBlock {DIV} at (0,5796) size 769x18
        RenderText {#text} at (0,0) size 332x18
          text run at (0,0) width 332: "Font: HiraKakuProN-W3 Weight: 500 Style: normal"
      RenderBlock {DIV} at (0,5814) size 769x18
        RenderText {#text} at (0,0) size 139x18
          text run at (0,0) width 139: "\x{679C}\x{57CE}\x{7684}\x{7F8E}\x{8B7D}\x{3002}\x{4E2D}\x{56FD}\x{53E4}"
      RenderBlock {DIV} at (0,5832) size 769x18
        RenderText {#text} at (0,0) size 332x18
          text run at (0,0) width 332: "Font: HiraKakuProN-W3 Weight: 600 Style: normal"
      RenderBlock {DIV} at (0,5850) size 769x18
        RenderText {#text} at (0,0) size 148x18
          text run at (0,0) width 148: "\x{679C}\x{57CE}\x{7684}\x{7F8E}\x{8B7D}\x{3002}\x{4E2D}\x{56FD}\x{53E4}"
      RenderBlock {DIV} at (0,5868) size 769x18
        RenderText {#text} at (0,0) size 332x18
          text run at (0,0) width 332: "Font: HiraKakuProN-W3 Weight: 700 Style: normal"
      RenderBlock {DIV} at (0,5886) size 769x18
        RenderText {#text} at (0,0) size 148x18
          text run at (0,0) width 148: "\x{679C}\x{57CE}\x{7684}\x{7F8E}\x{8B7D}\x{3002}\x{4E2D}\x{56FD}\x{53E4}"
      RenderBlock {DIV} at (0,5904) size 769x18
        RenderText {#text} at (0,0) size 332x18
          text run at (0,0) width 332: "Font: HiraKakuProN-W3 Weight: 800 Style: normal"
      RenderBlock {DIV} at (0,5922) size 769x18
        RenderText {#text} at (0,0) size 148x18
          text run at (0,0) width 148: "\x{679C}\x{57CE}\x{7684}\x{7F8E}\x{8B7D}\x{3002}\x{4E2D}\x{56FD}\x{53E4}"
      RenderBlock {DIV} at (0,5940) size 769x18
        RenderText {#text} at (0,0) size 332x18
          text run at (0,0) width 332: "Font: HiraKakuProN-W3 Weight: 900 Style: normal"
      RenderBlock {DIV} at (0,5958) size 769x18
        RenderText {#text} at (0,0) size 148x18
          text run at (0,0) width 148: "\x{679C}\x{57CE}\x{7684}\x{7F8E}\x{8B7D}\x{3002}\x{4E2D}\x{56FD}\x{53E4}"
      RenderBlock {DIV} at (0,5976) size 769x18
        RenderText {#text} at (0,0) size 332x18
          text run at (0,0) width 332: "Font: HiraKakuProN-W6 Weight: 100 Style: normal"
      RenderBlock {DIV} at (0,5994) size 769x18
        RenderText {#text} at (0,0) size 139x18
          text run at (0,0) width 139: "\x{679C}\x{57CE}\x{7684}\x{7F8E}\x{8B7D}\x{3002}\x{4E2D}\x{56FD}\x{53E4}"
      RenderBlock {DIV} at (0,6012) size 769x18
        RenderText {#text} at (0,0) size 332x18
          text run at (0,0) width 332: "Font: HiraKakuProN-W6 Weight: 200 Style: normal"
      RenderBlock {DIV} at (0,6030) size 769x18
        RenderText {#text} at (0,0) size 139x18
          text run at (0,0) width 139: "\x{679C}\x{57CE}\x{7684}\x{7F8E}\x{8B7D}\x{3002}\x{4E2D}\x{56FD}\x{53E4}"
      RenderBlock {DIV} at (0,6048) size 769x18
        RenderText {#text} at (0,0) size 332x18
          text run at (0,0) width 332: "Font: HiraKakuProN-W6 Weight: 300 Style: normal"
      RenderBlock {DIV} at (0,6066) size 769x18
        RenderText {#text} at (0,0) size 139x18
          text run at (0,0) width 139: "\x{679C}\x{57CE}\x{7684}\x{7F8E}\x{8B7D}\x{3002}\x{4E2D}\x{56FD}\x{53E4}"
      RenderBlock {DIV} at (0,6084) size 769x18
        RenderText {#text} at (0,0) size 332x18
          text run at (0,0) width 332: "Font: HiraKakuProN-W6 Weight: 400 Style: normal"
      RenderBlock {DIV} at (0,6102) size 769x18
        RenderText {#text} at (0,0) size 139x18
          text run at (0,0) width 139: "\x{679C}\x{57CE}\x{7684}\x{7F8E}\x{8B7D}\x{3002}\x{4E2D}\x{56FD}\x{53E4}"
      RenderBlock {DIV} at (0,6120) size 769x18
        RenderText {#text} at (0,0) size 332x18
          text run at (0,0) width 332: "Font: HiraKakuProN-W6 Weight: 500 Style: normal"
      RenderBlock {DIV} at (0,6138) size 769x18
        RenderText {#text} at (0,0) size 139x18
          text run at (0,0) width 139: "\x{679C}\x{57CE}\x{7684}\x{7F8E}\x{8B7D}\x{3002}\x{4E2D}\x{56FD}\x{53E4}"
      RenderBlock {DIV} at (0,6156) size 769x18
        RenderText {#text} at (0,0) size 332x18
          text run at (0,0) width 332: "Font: HiraKakuProN-W6 Weight: 600 Style: normal"
      RenderBlock {DIV} at (0,6174) size 769x18
        RenderText {#text} at (0,0) size 148x18
          text run at (0,0) width 148: "\x{679C}\x{57CE}\x{7684}\x{7F8E}\x{8B7D}\x{3002}\x{4E2D}\x{56FD}\x{53E4}"
      RenderBlock {DIV} at (0,6192) size 769x18
        RenderText {#text} at (0,0) size 332x18
          text run at (0,0) width 332: "Font: HiraKakuProN-W6 Weight: 700 Style: normal"
      RenderBlock {DIV} at (0,6210) size 769x18
        RenderText {#text} at (0,0) size 148x18
          text run at (0,0) width 148: "\x{679C}\x{57CE}\x{7684}\x{7F8E}\x{8B7D}\x{3002}\x{4E2D}\x{56FD}\x{53E4}"
      RenderBlock {DIV} at (0,6228) size 769x18
        RenderText {#text} at (0,0) size 332x18
          text run at (0,0) width 332: "Font: HiraKakuProN-W6 Weight: 800 Style: normal"
      RenderBlock {DIV} at (0,6246) size 769x18
        RenderText {#text} at (0,0) size 148x18
          text run at (0,0) width 148: "\x{679C}\x{57CE}\x{7684}\x{7F8E}\x{8B7D}\x{3002}\x{4E2D}\x{56FD}\x{53E4}"
      RenderBlock {DIV} at (0,6264) size 769x18
        RenderText {#text} at (0,0) size 332x18
          text run at (0,0) width 332: "Font: HiraKakuProN-W6 Weight: 900 Style: normal"
      RenderBlock {DIV} at (0,6282) size 769x18
        RenderText {#text} at (0,0) size 148x18
          text run at (0,0) width 148: "\x{679C}\x{57CE}\x{7684}\x{7F8E}\x{8B7D}\x{3002}\x{4E2D}\x{56FD}\x{53E4}"
      RenderBlock {DIV} at (0,6300) size 769x18
        RenderText {#text} at (0,0) size 373x18
          text run at (0,0) width 373: "Font: Hiragino Kaku Gothic ProN Weight: 100 Style: italic"
      RenderBlock {DIV} at (0,6318) size 769x18
        RenderText {#text} at (0,0) size 139x18
          text run at (0,0) width 139: "\x{679C}\x{57CE}\x{7684}\x{7F8E}\x{8B7D}\x{3002}\x{4E2D}\x{56FD}\x{53E4}"
      RenderBlock {DIV} at (0,6336) size 769x18
        RenderText {#text} at (0,0) size 373x18
          text run at (0,0) width 373: "Font: Hiragino Kaku Gothic ProN Weight: 200 Style: italic"
      RenderBlock {DIV} at (0,6354) size 769x18
        RenderText {#text} at (0,0) size 139x18
          text run at (0,0) width 139: "\x{679C}\x{57CE}\x{7684}\x{7F8E}\x{8B7D}\x{3002}\x{4E2D}\x{56FD}\x{53E4}"
      RenderBlock {DIV} at (0,6372) size 769x18
        RenderText {#text} at (0,0) size 373x18
          text run at (0,0) width 373: "Font: Hiragino Kaku Gothic ProN Weight: 300 Style: italic"
      RenderBlock {DIV} at (0,6390) size 769x18
        RenderText {#text} at (0,0) size 139x18
          text run at (0,0) width 139: "\x{679C}\x{57CE}\x{7684}\x{7F8E}\x{8B7D}\x{3002}\x{4E2D}\x{56FD}\x{53E4}"
      RenderBlock {DIV} at (0,6408) size 769x18
        RenderText {#text} at (0,0) size 373x18
          text run at (0,0) width 373: "Font: Hiragino Kaku Gothic ProN Weight: 400 Style: italic"
      RenderBlock {DIV} at (0,6426) size 769x18
        RenderText {#text} at (0,0) size 139x18
          text run at (0,0) width 139: "\x{679C}\x{57CE}\x{7684}\x{7F8E}\x{8B7D}\x{3002}\x{4E2D}\x{56FD}\x{53E4}"
      RenderBlock {DIV} at (0,6444) size 769x18
        RenderText {#text} at (0,0) size 373x18
          text run at (0,0) width 373: "Font: Hiragino Kaku Gothic ProN Weight: 500 Style: italic"
      RenderBlock {DIV} at (0,6462) size 769x18
        RenderText {#text} at (0,0) size 139x18
          text run at (0,0) width 139: "\x{679C}\x{57CE}\x{7684}\x{7F8E}\x{8B7D}\x{3002}\x{4E2D}\x{56FD}\x{53E4}"
      RenderBlock {DIV} at (0,6480) size 769x18
        RenderText {#text} at (0,0) size 373x18
          text run at (0,0) width 373: "Font: Hiragino Kaku Gothic ProN Weight: 600 Style: italic"
      RenderBlock {DIV} at (0,6498) size 769x18
        RenderText {#text} at (0,0) size 148x18
          text run at (0,0) width 148: "\x{679C}\x{57CE}\x{7684}\x{7F8E}\x{8B7D}\x{3002}\x{4E2D}\x{56FD}\x{53E4}"
      RenderBlock {DIV} at (0,6516) size 769x18
        RenderText {#text} at (0,0) size 373x18
          text run at (0,0) width 373: "Font: Hiragino Kaku Gothic ProN Weight: 700 Style: italic"
      RenderBlock {DIV} at (0,6534) size 769x18
        RenderText {#text} at (0,0) size 148x18
          text run at (0,0) width 148: "\x{679C}\x{57CE}\x{7684}\x{7F8E}\x{8B7D}\x{3002}\x{4E2D}\x{56FD}\x{53E4}"
      RenderBlock {DIV} at (0,6552) size 769x18
        RenderText {#text} at (0,0) size 373x18
          text run at (0,0) width 373: "Font: Hiragino Kaku Gothic ProN Weight: 800 Style: italic"
      RenderBlock {DIV} at (0,6570) size 769x18
        RenderText {#text} at (0,0) size 148x18
          text run at (0,0) width 148: "\x{679C}\x{57CE}\x{7684}\x{7F8E}\x{8B7D}\x{3002}\x{4E2D}\x{56FD}\x{53E4}"
      RenderBlock {DIV} at (0,6588) size 769x18
        RenderText {#text} at (0,0) size 373x18
          text run at (0,0) width 373: "Font: Hiragino Kaku Gothic ProN Weight: 900 Style: italic"
      RenderBlock {DIV} at (0,6606) size 769x18
        RenderText {#text} at (0,0) size 148x18
          text run at (0,0) width 148: "\x{679C}\x{57CE}\x{7684}\x{7F8E}\x{8B7D}\x{3002}\x{4E2D}\x{56FD}\x{53E4}"
      RenderBlock {DIV} at (0,6624) size 769x18
        RenderText {#text} at (0,0) size 318x18
          text run at (0,0) width 318: "Font: HiraKakuProN-W3 Weight: 100 Style: italic"
      RenderBlock {DIV} at (0,6642) size 769x18
        RenderText {#text} at (0,0) size 139x18
          text run at (0,0) width 139: "\x{679C}\x{57CE}\x{7684}\x{7F8E}\x{8B7D}\x{3002}\x{4E2D}\x{56FD}\x{53E4}"
      RenderBlock {DIV} at (0,6660) size 769x18
        RenderText {#text} at (0,0) size 318x18
          text run at (0,0) width 318: "Font: HiraKakuProN-W3 Weight: 200 Style: italic"
      RenderBlock {DIV} at (0,6678) size 769x18
        RenderText {#text} at (0,0) size 139x18
          text run at (0,0) width 139: "\x{679C}\x{57CE}\x{7684}\x{7F8E}\x{8B7D}\x{3002}\x{4E2D}\x{56FD}\x{53E4}"
      RenderBlock {DIV} at (0,6696) size 769x18
        RenderText {#text} at (0,0) size 318x18
          text run at (0,0) width 318: "Font: HiraKakuProN-W3 Weight: 300 Style: italic"
      RenderBlock {DIV} at (0,6714) size 769x18
        RenderText {#text} at (0,0) size 139x18
          text run at (0,0) width 139: "\x{679C}\x{57CE}\x{7684}\x{7F8E}\x{8B7D}\x{3002}\x{4E2D}\x{56FD}\x{53E4}"
      RenderBlock {DIV} at (0,6732) size 769x18
        RenderText {#text} at (0,0) size 318x18
          text run at (0,0) width 318: "Font: HiraKakuProN-W3 Weight: 400 Style: italic"
      RenderBlock {DIV} at (0,6750) size 769x18
        RenderText {#text} at (0,0) size 139x18
          text run at (0,0) width 139: "\x{679C}\x{57CE}\x{7684}\x{7F8E}\x{8B7D}\x{3002}\x{4E2D}\x{56FD}\x{53E4}"
      RenderBlock {DIV} at (0,6768) size 769x18
        RenderText {#text} at (0,0) size 318x18
          text run at (0,0) width 318: "Font: HiraKakuProN-W3 Weight: 500 Style: italic"
      RenderBlock {DIV} at (0,6786) size 769x18
        RenderText {#text} at (0,0) size 139x18
          text run at (0,0) width 139: "\x{679C}\x{57CE}\x{7684}\x{7F8E}\x{8B7D}\x{3002}\x{4E2D}\x{56FD}\x{53E4}"
      RenderBlock {DIV} at (0,6804) size 769x18
        RenderText {#text} at (0,0) size 318x18
          text run at (0,0) width 318: "Font: HiraKakuProN-W3 Weight: 600 Style: italic"
      RenderBlock {DIV} at (0,6822) size 769x18
        RenderText {#text} at (0,0) size 148x18
          text run at (0,0) width 148: "\x{679C}\x{57CE}\x{7684}\x{7F8E}\x{8B7D}\x{3002}\x{4E2D}\x{56FD}\x{53E4}"
      RenderBlock {DIV} at (0,6840) size 769x18
        RenderText {#text} at (0,0) size 318x18
          text run at (0,0) width 318: "Font: HiraKakuProN-W3 Weight: 700 Style: italic"
      RenderBlock {DIV} at (0,6858) size 769x18
        RenderText {#text} at (0,0) size 148x18
          text run at (0,0) width 148: "\x{679C}\x{57CE}\x{7684}\x{7F8E}\x{8B7D}\x{3002}\x{4E2D}\x{56FD}\x{53E4}"
      RenderBlock {DIV} at (0,6876) size 769x18
        RenderText {#text} at (0,0) size 318x18
          text run at (0,0) width 318: "Font: HiraKakuProN-W3 Weight: 800 Style: italic"
      RenderBlock {DIV} at (0,6894) size 769x18
        RenderText {#text} at (0,0) size 148x18
          text run at (0,0) width 148: "\x{679C}\x{57CE}\x{7684}\x{7F8E}\x{8B7D}\x{3002}\x{4E2D}\x{56FD}\x{53E4}"
      RenderBlock {DIV} at (0,6912) size 769x18
        RenderText {#text} at (0,0) size 318x18
          text run at (0,0) width 318: "Font: HiraKakuProN-W3 Weight: 900 Style: italic"
      RenderBlock {DIV} at (0,6930) size 769x18
        RenderText {#text} at (0,0) size 148x18
          text run at (0,0) width 148: "\x{679C}\x{57CE}\x{7684}\x{7F8E}\x{8B7D}\x{3002}\x{4E2D}\x{56FD}\x{53E4}"
      RenderBlock {DIV} at (0,6948) size 769x18
        RenderText {#text} at (0,0) size 318x18
          text run at (0,0) width 318: "Font: HiraKakuProN-W6 Weight: 100 Style: italic"
      RenderBlock {DIV} at (0,6966) size 769x18
        RenderText {#text} at (0,0) size 139x18
          text run at (0,0) width 139: "\x{679C}\x{57CE}\x{7684}\x{7F8E}\x{8B7D}\x{3002}\x{4E2D}\x{56FD}\x{53E4}"
      RenderBlock {DIV} at (0,6984) size 769x18
        RenderText {#text} at (0,0) size 318x18
          text run at (0,0) width 318: "Font: HiraKakuProN-W6 Weight: 200 Style: italic"
      RenderBlock {DIV} at (0,7002) size 769x18
        RenderText {#text} at (0,0) size 139x18
          text run at (0,0) width 139: "\x{679C}\x{57CE}\x{7684}\x{7F8E}\x{8B7D}\x{3002}\x{4E2D}\x{56FD}\x{53E4}"
      RenderBlock {DIV} at (0,7020) size 769x18
        RenderText {#text} at (0,0) size 318x18
          text run at (0,0) width 318: "Font: HiraKakuProN-W6 Weight: 300 Style: italic"
      RenderBlock {DIV} at (0,7038) size 769x18
        RenderText {#text} at (0,0) size 139x18
          text run at (0,0) width 139: "\x{679C}\x{57CE}\x{7684}\x{7F8E}\x{8B7D}\x{3002}\x{4E2D}\x{56FD}\x{53E4}"
      RenderBlock {DIV} at (0,7056) size 769x18
        RenderText {#text} at (0,0) size 318x18
          text run at (0,0) width 318: "Font: HiraKakuProN-W6 Weight: 400 Style: italic"
      RenderBlock {DIV} at (0,7074) size 769x18
        RenderText {#text} at (0,0) size 139x18
          text run at (0,0) width 139: "\x{679C}\x{57CE}\x{7684}\x{7F8E}\x{8B7D}\x{3002}\x{4E2D}\x{56FD}\x{53E4}"
      RenderBlock {DIV} at (0,7092) size 769x18
        RenderText {#text} at (0,0) size 318x18
          text run at (0,0) width 318: "Font: HiraKakuProN-W6 Weight: 500 Style: italic"
      RenderBlock {DIV} at (0,7110) size 769x18
        RenderText {#text} at (0,0) size 139x18
          text run at (0,0) width 139: "\x{679C}\x{57CE}\x{7684}\x{7F8E}\x{8B7D}\x{3002}\x{4E2D}\x{56FD}\x{53E4}"
      RenderBlock {DIV} at (0,7128) size 769x18
        RenderText {#text} at (0,0) size 318x18
          text run at (0,0) width 318: "Font: HiraKakuProN-W6 Weight: 600 Style: italic"
      RenderBlock {DIV} at (0,7146) size 769x18
        RenderText {#text} at (0,0) size 148x18
          text run at (0,0) width 148: "\x{679C}\x{57CE}\x{7684}\x{7F8E}\x{8B7D}\x{3002}\x{4E2D}\x{56FD}\x{53E4}"
      RenderBlock {DIV} at (0,7164) size 769x18
        RenderText {#text} at (0,0) size 318x18
          text run at (0,0) width 318: "Font: HiraKakuProN-W6 Weight: 700 Style: italic"
      RenderBlock {DIV} at (0,7182) size 769x18
        RenderText {#text} at (0,0) size 148x18
          text run at (0,0) width 148: "\x{679C}\x{57CE}\x{7684}\x{7F8E}\x{8B7D}\x{3002}\x{4E2D}\x{56FD}\x{53E4}"
      RenderBlock {DIV} at (0,7200) size 769x18
        RenderText {#text} at (0,0) size 318x18
          text run at (0,0) width 318: "Font: HiraKakuProN-W6 Weight: 800 Style: italic"
      RenderBlock {DIV} at (0,7218) size 769x18
        RenderText {#text} at (0,0) size 148x18
          text run at (0,0) width 148: "\x{679C}\x{57CE}\x{7684}\x{7F8E}\x{8B7D}\x{3002}\x{4E2D}\x{56FD}\x{53E4}"
      RenderBlock {DIV} at (0,7236) size 769x18
        RenderText {#text} at (0,0) size 318x18
          text run at (0,0) width 318: "Font: HiraKakuProN-W6 Weight: 900 Style: italic"
      RenderBlock {DIV} at (0,7254) size 769x18
        RenderText {#text} at (0,0) size 148x18
          text run at (0,0) width 148: "\x{679C}\x{57CE}\x{7684}\x{7F8E}\x{8B7D}\x{3002}\x{4E2D}\x{56FD}\x{53E4}"
      RenderBlock {DIV} at (0,7272) size 769x18
        RenderText {#text} at (0,0) size 349x18
          text run at (0,0) width 349: "Font: Apple SD Gothic Neo Weight: 100 Style: normal"
      RenderBlock {DIV} at (0,7290) size 769x18
        RenderText {#text} at (0,0) size 139x18
          text run at (0,0) width 139: "\x{679C}\x{57CE}\x{7684}\x{7F8E}\x{8B7D}\x{3002}\x{4E2D}\x{56FD}\x{53E4}"
      RenderBlock {DIV} at (0,7308) size 769x18
        RenderText {#text} at (0,0) size 349x18
          text run at (0,0) width 349: "Font: Apple SD Gothic Neo Weight: 200 Style: normal"
      RenderBlock {DIV} at (0,7326) size 769x18
        RenderText {#text} at (0,0) size 139x18
          text run at (0,0) width 139: "\x{679C}\x{57CE}\x{7684}\x{7F8E}\x{8B7D}\x{3002}\x{4E2D}\x{56FD}\x{53E4}"
      RenderBlock {DIV} at (0,7344) size 769x18
        RenderText {#text} at (0,0) size 349x18
          text run at (0,0) width 349: "Font: Apple SD Gothic Neo Weight: 300 Style: normal"
      RenderBlock {DIV} at (0,7362) size 769x18
        RenderText {#text} at (0,0) size 139x18
          text run at (0,0) width 139: "\x{679C}\x{57CE}\x{7684}\x{7F8E}\x{8B7D}\x{3002}\x{4E2D}\x{56FD}\x{53E4}"
      RenderBlock {DIV} at (0,7380) size 769x18
        RenderText {#text} at (0,0) size 349x18
          text run at (0,0) width 349: "Font: Apple SD Gothic Neo Weight: 400 Style: normal"
      RenderBlock {DIV} at (0,7398) size 769x18
        RenderText {#text} at (0,0) size 139x18
          text run at (0,0) width 139: "\x{679C}\x{57CE}\x{7684}\x{7F8E}\x{8B7D}\x{3002}\x{4E2D}\x{56FD}\x{53E4}"
      RenderBlock {DIV} at (0,7416) size 769x18
        RenderText {#text} at (0,0) size 349x18
          text run at (0,0) width 349: "Font: Apple SD Gothic Neo Weight: 500 Style: normal"
      RenderBlock {DIV} at (0,7434) size 769x18
        RenderText {#text} at (0,0) size 139x18
          text run at (0,0) width 139: "\x{679C}\x{57CE}\x{7684}\x{7F8E}\x{8B7D}\x{3002}\x{4E2D}\x{56FD}\x{53E4}"
      RenderBlock {DIV} at (0,7452) size 769x18
        RenderText {#text} at (0,0) size 349x18
          text run at (0,0) width 349: "Font: Apple SD Gothic Neo Weight: 600 Style: normal"
      RenderBlock {DIV} at (0,7470) size 769x18
        RenderText {#text} at (0,0) size 148x18
          text run at (0,0) width 148: "\x{679C}\x{57CE}\x{7684}\x{7F8E}\x{8B7D}\x{3002}\x{4E2D}\x{56FD}\x{53E4}"
      RenderBlock {DIV} at (0,7488) size 769x18
        RenderText {#text} at (0,0) size 349x18
          text run at (0,0) width 349: "Font: Apple SD Gothic Neo Weight: 700 Style: normal"
      RenderBlock {DIV} at (0,7506) size 769x18
        RenderText {#text} at (0,0) size 148x18
          text run at (0,0) width 148: "\x{679C}\x{57CE}\x{7684}\x{7F8E}\x{8B7D}\x{3002}\x{4E2D}\x{56FD}\x{53E4}"
      RenderBlock {DIV} at (0,7524) size 769x18
        RenderText {#text} at (0,0) size 349x18
          text run at (0,0) width 349: "Font: Apple SD Gothic Neo Weight: 800 Style: normal"
      RenderBlock {DIV} at (0,7542) size 769x18
        RenderText {#text} at (0,0) size 148x18
          text run at (0,0) width 148: "\x{679C}\x{57CE}\x{7684}\x{7F8E}\x{8B7D}\x{3002}\x{4E2D}\x{56FD}\x{53E4}"
      RenderBlock {DIV} at (0,7560) size 769x18
        RenderText {#text} at (0,0) size 349x18
          text run at (0,0) width 349: "Font: Apple SD Gothic Neo Weight: 900 Style: normal"
      RenderBlock {DIV} at (0,7578) size 769x18
        RenderText {#text} at (0,0) size 148x18
          text run at (0,0) width 148: "\x{679C}\x{57CE}\x{7684}\x{7F8E}\x{8B7D}\x{3002}\x{4E2D}\x{56FD}\x{53E4}"
      RenderBlock {DIV} at (0,7596) size 769x18
        RenderText {#text} at (0,0) size 392x18
          text run at (0,0) width 392: "Font: AppleSDGothicNeo-Regular Weight: 100 Style: normal"
      RenderBlock {DIV} at (0,7614) size 769x18
        RenderText {#text} at (0,0) size 139x18
          text run at (0,0) width 139: "\x{679C}\x{57CE}\x{7684}\x{7F8E}\x{8B7D}\x{3002}\x{4E2D}\x{56FD}\x{53E4}"
      RenderBlock {DIV} at (0,7632) size 769x18
        RenderText {#text} at (0,0) size 392x18
          text run at (0,0) width 392: "Font: AppleSDGothicNeo-Regular Weight: 200 Style: normal"
      RenderBlock {DIV} at (0,7650) size 769x18
        RenderText {#text} at (0,0) size 139x18
          text run at (0,0) width 139: "\x{679C}\x{57CE}\x{7684}\x{7F8E}\x{8B7D}\x{3002}\x{4E2D}\x{56FD}\x{53E4}"
      RenderBlock {DIV} at (0,7668) size 769x18
        RenderText {#text} at (0,0) size 392x18
          text run at (0,0) width 392: "Font: AppleSDGothicNeo-Regular Weight: 300 Style: normal"
      RenderBlock {DIV} at (0,7686) size 769x18
        RenderText {#text} at (0,0) size 139x18
          text run at (0,0) width 139: "\x{679C}\x{57CE}\x{7684}\x{7F8E}\x{8B7D}\x{3002}\x{4E2D}\x{56FD}\x{53E4}"
      RenderBlock {DIV} at (0,7704) size 769x18
        RenderText {#text} at (0,0) size 392x18
          text run at (0,0) width 392: "Font: AppleSDGothicNeo-Regular Weight: 400 Style: normal"
      RenderBlock {DIV} at (0,7722) size 769x18
        RenderText {#text} at (0,0) size 139x18
          text run at (0,0) width 139: "\x{679C}\x{57CE}\x{7684}\x{7F8E}\x{8B7D}\x{3002}\x{4E2D}\x{56FD}\x{53E4}"
      RenderBlock {DIV} at (0,7740) size 769x18
        RenderText {#text} at (0,0) size 392x18
          text run at (0,0) width 392: "Font: AppleSDGothicNeo-Regular Weight: 500 Style: normal"
      RenderBlock {DIV} at (0,7758) size 769x18
        RenderText {#text} at (0,0) size 139x18
          text run at (0,0) width 139: "\x{679C}\x{57CE}\x{7684}\x{7F8E}\x{8B7D}\x{3002}\x{4E2D}\x{56FD}\x{53E4}"
      RenderBlock {DIV} at (0,7776) size 769x18
        RenderText {#text} at (0,0) size 392x18
          text run at (0,0) width 392: "Font: AppleSDGothicNeo-Regular Weight: 600 Style: normal"
      RenderBlock {DIV} at (0,7794) size 769x18
        RenderText {#text} at (0,0) size 148x18
          text run at (0,0) width 148: "\x{679C}\x{57CE}\x{7684}\x{7F8E}\x{8B7D}\x{3002}\x{4E2D}\x{56FD}\x{53E4}"
      RenderBlock {DIV} at (0,7812) size 769x18
        RenderText {#text} at (0,0) size 392x18
          text run at (0,0) width 392: "Font: AppleSDGothicNeo-Regular Weight: 700 Style: normal"
      RenderBlock {DIV} at (0,7830) size 769x18
        RenderText {#text} at (0,0) size 148x18
          text run at (0,0) width 148: "\x{679C}\x{57CE}\x{7684}\x{7F8E}\x{8B7D}\x{3002}\x{4E2D}\x{56FD}\x{53E4}"
      RenderBlock {DIV} at (0,7848) size 769x18
        RenderText {#text} at (0,0) size 392x18
          text run at (0,0) width 392: "Font: AppleSDGothicNeo-Regular Weight: 800 Style: normal"
      RenderBlock {DIV} at (0,7866) size 769x18
        RenderText {#text} at (0,0) size 148x18
          text run at (0,0) width 148: "\x{679C}\x{57CE}\x{7684}\x{7F8E}\x{8B7D}\x{3002}\x{4E2D}\x{56FD}\x{53E4}"
      RenderBlock {DIV} at (0,7884) size 769x18
        RenderText {#text} at (0,0) size 392x18
          text run at (0,0) width 392: "Font: AppleSDGothicNeo-Regular Weight: 900 Style: normal"
      RenderBlock {DIV} at (0,7902) size 769x18
        RenderText {#text} at (0,0) size 148x18
          text run at (0,0) width 148: "\x{679C}\x{57CE}\x{7684}\x{7F8E}\x{8B7D}\x{3002}\x{4E2D}\x{56FD}\x{53E4}"
      RenderBlock {DIV} at (0,7920) size 769x18
        RenderText {#text} at (0,0) size 395x18
          text run at (0,0) width 395: "Font: AppleSDGothicNeo-Medium Weight: 100 Style: normal"
      RenderBlock {DIV} at (0,7938) size 769x18
        RenderText {#text} at (0,0) size 139x18
          text run at (0,0) width 139: "\x{679C}\x{57CE}\x{7684}\x{7F8E}\x{8B7D}\x{3002}\x{4E2D}\x{56FD}\x{53E4}"
      RenderBlock {DIV} at (0,7956) size 769x18
        RenderText {#text} at (0,0) size 395x18
          text run at (0,0) width 395: "Font: AppleSDGothicNeo-Medium Weight: 200 Style: normal"
      RenderBlock {DIV} at (0,7974) size 769x18
        RenderText {#text} at (0,0) size 139x18
          text run at (0,0) width 139: "\x{679C}\x{57CE}\x{7684}\x{7F8E}\x{8B7D}\x{3002}\x{4E2D}\x{56FD}\x{53E4}"
      RenderBlock {DIV} at (0,7992) size 769x18
        RenderText {#text} at (0,0) size 395x18
          text run at (0,0) width 395: "Font: AppleSDGothicNeo-Medium Weight: 300 Style: normal"
      RenderBlock {DIV} at (0,8010) size 769x18
        RenderText {#text} at (0,0) size 139x18
          text run at (0,0) width 139: "\x{679C}\x{57CE}\x{7684}\x{7F8E}\x{8B7D}\x{3002}\x{4E2D}\x{56FD}\x{53E4}"
      RenderBlock {DIV} at (0,8028) size 769x18
        RenderText {#text} at (0,0) size 395x18
          text run at (0,0) width 395: "Font: AppleSDGothicNeo-Medium Weight: 400 Style: normal"
      RenderBlock {DIV} at (0,8046) size 769x18
        RenderText {#text} at (0,0) size 139x18
          text run at (0,0) width 139: "\x{679C}\x{57CE}\x{7684}\x{7F8E}\x{8B7D}\x{3002}\x{4E2D}\x{56FD}\x{53E4}"
      RenderBlock {DIV} at (0,8064) size 769x18
        RenderText {#text} at (0,0) size 395x18
          text run at (0,0) width 395: "Font: AppleSDGothicNeo-Medium Weight: 500 Style: normal"
      RenderBlock {DIV} at (0,8082) size 769x18
        RenderText {#text} at (0,0) size 139x18
          text run at (0,0) width 139: "\x{679C}\x{57CE}\x{7684}\x{7F8E}\x{8B7D}\x{3002}\x{4E2D}\x{56FD}\x{53E4}"
      RenderBlock {DIV} at (0,8100) size 769x18
        RenderText {#text} at (0,0) size 395x18
          text run at (0,0) width 395: "Font: AppleSDGothicNeo-Medium Weight: 600 Style: normal"
      RenderBlock {DIV} at (0,8118) size 769x18
        RenderText {#text} at (0,0) size 148x18
          text run at (0,0) width 148: "\x{679C}\x{57CE}\x{7684}\x{7F8E}\x{8B7D}\x{3002}\x{4E2D}\x{56FD}\x{53E4}"
      RenderBlock {DIV} at (0,8136) size 769x18
        RenderText {#text} at (0,0) size 395x18
          text run at (0,0) width 395: "Font: AppleSDGothicNeo-Medium Weight: 700 Style: normal"
      RenderBlock {DIV} at (0,8154) size 769x18
        RenderText {#text} at (0,0) size 148x18
          text run at (0,0) width 148: "\x{679C}\x{57CE}\x{7684}\x{7F8E}\x{8B7D}\x{3002}\x{4E2D}\x{56FD}\x{53E4}"
      RenderBlock {DIV} at (0,8172) size 769x18
        RenderText {#text} at (0,0) size 395x18
          text run at (0,0) width 395: "Font: AppleSDGothicNeo-Medium Weight: 800 Style: normal"
      RenderBlock {DIV} at (0,8190) size 769x18
        RenderText {#text} at (0,0) size 148x18
          text run at (0,0) width 148: "\x{679C}\x{57CE}\x{7684}\x{7F8E}\x{8B7D}\x{3002}\x{4E2D}\x{56FD}\x{53E4}"
      RenderBlock {DIV} at (0,8208) size 769x18
        RenderText {#text} at (0,0) size 395x18
          text run at (0,0) width 395: "Font: AppleSDGothicNeo-Medium Weight: 900 Style: normal"
      RenderBlock {DIV} at (0,8226) size 769x18
        RenderText {#text} at (0,0) size 148x18
          text run at (0,0) width 148: "\x{679C}\x{57CE}\x{7684}\x{7F8E}\x{8B7D}\x{3002}\x{4E2D}\x{56FD}\x{53E4}"
      RenderBlock {DIV} at (0,8244) size 769x18
        RenderText {#text} at (0,0) size 376x18
          text run at (0,0) width 376: "Font: AppleSDGothicNeo-Light Weight: 100 Style: normal"
      RenderBlock {DIV} at (0,8262) size 769x18
        RenderText {#text} at (0,0) size 139x18
          text run at (0,0) width 139: "\x{679C}\x{57CE}\x{7684}\x{7F8E}\x{8B7D}\x{3002}\x{4E2D}\x{56FD}\x{53E4}"
      RenderBlock {DIV} at (0,8280) size 769x18
        RenderText {#text} at (0,0) size 376x18
          text run at (0,0) width 376: "Font: AppleSDGothicNeo-Light Weight: 200 Style: normal"
      RenderBlock {DIV} at (0,8298) size 769x18
        RenderText {#text} at (0,0) size 139x18
          text run at (0,0) width 139: "\x{679C}\x{57CE}\x{7684}\x{7F8E}\x{8B7D}\x{3002}\x{4E2D}\x{56FD}\x{53E4}"
      RenderBlock {DIV} at (0,8316) size 769x18
        RenderText {#text} at (0,0) size 376x18
          text run at (0,0) width 376: "Font: AppleSDGothicNeo-Light Weight: 300 Style: normal"
      RenderBlock {DIV} at (0,8334) size 769x18
        RenderText {#text} at (0,0) size 139x18
          text run at (0,0) width 139: "\x{679C}\x{57CE}\x{7684}\x{7F8E}\x{8B7D}\x{3002}\x{4E2D}\x{56FD}\x{53E4}"
      RenderBlock {DIV} at (0,8352) size 769x18
        RenderText {#text} at (0,0) size 376x18
          text run at (0,0) width 376: "Font: AppleSDGothicNeo-Light Weight: 400 Style: normal"
      RenderBlock {DIV} at (0,8370) size 769x18
        RenderText {#text} at (0,0) size 139x18
          text run at (0,0) width 139: "\x{679C}\x{57CE}\x{7684}\x{7F8E}\x{8B7D}\x{3002}\x{4E2D}\x{56FD}\x{53E4}"
      RenderBlock {DIV} at (0,8388) size 769x18
        RenderText {#text} at (0,0) size 376x18
          text run at (0,0) width 376: "Font: AppleSDGothicNeo-Light Weight: 500 Style: normal"
      RenderBlock {DIV} at (0,8406) size 769x18
        RenderText {#text} at (0,0) size 139x18
          text run at (0,0) width 139: "\x{679C}\x{57CE}\x{7684}\x{7F8E}\x{8B7D}\x{3002}\x{4E2D}\x{56FD}\x{53E4}"
      RenderBlock {DIV} at (0,8424) size 769x18
        RenderText {#text} at (0,0) size 376x18
          text run at (0,0) width 376: "Font: AppleSDGothicNeo-Light Weight: 600 Style: normal"
      RenderBlock {DIV} at (0,8442) size 769x18
        RenderText {#text} at (0,0) size 148x18
          text run at (0,0) width 148: "\x{679C}\x{57CE}\x{7684}\x{7F8E}\x{8B7D}\x{3002}\x{4E2D}\x{56FD}\x{53E4}"
      RenderBlock {DIV} at (0,8460) size 769x18
        RenderText {#text} at (0,0) size 376x18
          text run at (0,0) width 376: "Font: AppleSDGothicNeo-Light Weight: 700 Style: normal"
      RenderBlock {DIV} at (0,8478) size 769x18
        RenderText {#text} at (0,0) size 148x18
          text run at (0,0) width 148: "\x{679C}\x{57CE}\x{7684}\x{7F8E}\x{8B7D}\x{3002}\x{4E2D}\x{56FD}\x{53E4}"
      RenderBlock {DIV} at (0,8496) size 769x18
        RenderText {#text} at (0,0) size 376x18
          text run at (0,0) width 376: "Font: AppleSDGothicNeo-Light Weight: 800 Style: normal"
      RenderBlock {DIV} at (0,8514) size 769x18
        RenderText {#text} at (0,0) size 148x18
          text run at (0,0) width 148: "\x{679C}\x{57CE}\x{7684}\x{7F8E}\x{8B7D}\x{3002}\x{4E2D}\x{56FD}\x{53E4}"
      RenderBlock {DIV} at (0,8532) size 769x18
        RenderText {#text} at (0,0) size 376x18
          text run at (0,0) width 376: "Font: AppleSDGothicNeo-Light Weight: 900 Style: normal"
      RenderBlock {DIV} at (0,8550) size 769x18
        RenderText {#text} at (0,0) size 148x18
          text run at (0,0) width 148: "\x{679C}\x{57CE}\x{7684}\x{7F8E}\x{8B7D}\x{3002}\x{4E2D}\x{56FD}\x{53E4}"
      RenderBlock {DIV} at (0,8568) size 769x18
        RenderText {#text} at (0,0) size 408x18
          text run at (0,0) width 408: "Font: AppleSDGothicNeo-UltraLight Weight: 100 Style: normal"
      RenderBlock {DIV} at (0,8586) size 769x18
        RenderText {#text} at (0,0) size 139x18
          text run at (0,0) width 139: "\x{679C}\x{57CE}\x{7684}\x{7F8E}\x{8B7D}\x{3002}\x{4E2D}\x{56FD}\x{53E4}"
      RenderBlock {DIV} at (0,8604) size 769x18
        RenderText {#text} at (0,0) size 408x18
          text run at (0,0) width 408: "Font: AppleSDGothicNeo-UltraLight Weight: 200 Style: normal"
      RenderBlock {DIV} at (0,8622) size 769x18
        RenderText {#text} at (0,0) size 139x18
          text run at (0,0) width 139: "\x{679C}\x{57CE}\x{7684}\x{7F8E}\x{8B7D}\x{3002}\x{4E2D}\x{56FD}\x{53E4}"
      RenderBlock {DIV} at (0,8640) size 769x18
        RenderText {#text} at (0,0) size 408x18
          text run at (0,0) width 408: "Font: AppleSDGothicNeo-UltraLight Weight: 300 Style: normal"
      RenderBlock {DIV} at (0,8658) size 769x18
        RenderText {#text} at (0,0) size 139x18
          text run at (0,0) width 139: "\x{679C}\x{57CE}\x{7684}\x{7F8E}\x{8B7D}\x{3002}\x{4E2D}\x{56FD}\x{53E4}"
      RenderBlock {DIV} at (0,8676) size 769x18
        RenderText {#text} at (0,0) size 408x18
          text run at (0,0) width 408: "Font: AppleSDGothicNeo-UltraLight Weight: 400 Style: normal"
      RenderBlock {DIV} at (0,8694) size 769x18
        RenderText {#text} at (0,0) size 139x18
          text run at (0,0) width 139: "\x{679C}\x{57CE}\x{7684}\x{7F8E}\x{8B7D}\x{3002}\x{4E2D}\x{56FD}\x{53E4}"
      RenderBlock {DIV} at (0,8712) size 769x18
        RenderText {#text} at (0,0) size 408x18
          text run at (0,0) width 408: "Font: AppleSDGothicNeo-UltraLight Weight: 500 Style: normal"
      RenderBlock {DIV} at (0,8730) size 769x18
        RenderText {#text} at (0,0) size 139x18
          text run at (0,0) width 139: "\x{679C}\x{57CE}\x{7684}\x{7F8E}\x{8B7D}\x{3002}\x{4E2D}\x{56FD}\x{53E4}"
      RenderBlock {DIV} at (0,8748) size 769x18
        RenderText {#text} at (0,0) size 408x18
          text run at (0,0) width 408: "Font: AppleSDGothicNeo-UltraLight Weight: 600 Style: normal"
      RenderBlock {DIV} at (0,8766) size 769x18
        RenderText {#text} at (0,0) size 148x18
          text run at (0,0) width 148: "\x{679C}\x{57CE}\x{7684}\x{7F8E}\x{8B7D}\x{3002}\x{4E2D}\x{56FD}\x{53E4}"
      RenderBlock {DIV} at (0,8784) size 769x18
        RenderText {#text} at (0,0) size 408x18
          text run at (0,0) width 408: "Font: AppleSDGothicNeo-UltraLight Weight: 700 Style: normal"
      RenderBlock {DIV} at (0,8802) size 769x18
        RenderText {#text} at (0,0) size 148x18
          text run at (0,0) width 148: "\x{679C}\x{57CE}\x{7684}\x{7F8E}\x{8B7D}\x{3002}\x{4E2D}\x{56FD}\x{53E4}"
      RenderBlock {DIV} at (0,8820) size 769x18
        RenderText {#text} at (0,0) size 408x18
          text run at (0,0) width 408: "Font: AppleSDGothicNeo-UltraLight Weight: 800 Style: normal"
      RenderBlock {DIV} at (0,8838) size 769x18
        RenderText {#text} at (0,0) size 148x18
          text run at (0,0) width 148: "\x{679C}\x{57CE}\x{7684}\x{7F8E}\x{8B7D}\x{3002}\x{4E2D}\x{56FD}\x{53E4}"
      RenderBlock {DIV} at (0,8856) size 769x18
        RenderText {#text} at (0,0) size 408x18
          text run at (0,0) width 408: "Font: AppleSDGothicNeo-UltraLight Weight: 900 Style: normal"
      RenderBlock {DIV} at (0,8874) size 769x18
        RenderText {#text} at (0,0) size 148x18
          text run at (0,0) width 148: "\x{679C}\x{57CE}\x{7684}\x{7F8E}\x{8B7D}\x{3002}\x{4E2D}\x{56FD}\x{53E4}"
      RenderBlock {DIV} at (0,8892) size 769x18
        RenderText {#text} at (0,0) size 372x18
          text run at (0,0) width 372: "Font: AppleSDGothicNeo-Thin Weight: 100 Style: normal"
      RenderBlock {DIV} at (0,8910) size 769x18
        RenderText {#text} at (0,0) size 139x18
          text run at (0,0) width 139: "\x{679C}\x{57CE}\x{7684}\x{7F8E}\x{8B7D}\x{3002}\x{4E2D}\x{56FD}\x{53E4}"
      RenderBlock {DIV} at (0,8928) size 769x18
        RenderText {#text} at (0,0) size 372x18
          text run at (0,0) width 372: "Font: AppleSDGothicNeo-Thin Weight: 200 Style: normal"
      RenderBlock {DIV} at (0,8946) size 769x18
        RenderText {#text} at (0,0) size 139x18
          text run at (0,0) width 139: "\x{679C}\x{57CE}\x{7684}\x{7F8E}\x{8B7D}\x{3002}\x{4E2D}\x{56FD}\x{53E4}"
      RenderBlock {DIV} at (0,8964) size 769x18
        RenderText {#text} at (0,0) size 372x18
          text run at (0,0) width 372: "Font: AppleSDGothicNeo-Thin Weight: 300 Style: normal"
      RenderBlock {DIV} at (0,8982) size 769x18
        RenderText {#text} at (0,0) size 139x18
          text run at (0,0) width 139: "\x{679C}\x{57CE}\x{7684}\x{7F8E}\x{8B7D}\x{3002}\x{4E2D}\x{56FD}\x{53E4}"
      RenderBlock {DIV} at (0,9000) size 769x18
        RenderText {#text} at (0,0) size 372x18
          text run at (0,0) width 372: "Font: AppleSDGothicNeo-Thin Weight: 400 Style: normal"
      RenderBlock {DIV} at (0,9018) size 769x18
        RenderText {#text} at (0,0) size 139x18
          text run at (0,0) width 139: "\x{679C}\x{57CE}\x{7684}\x{7F8E}\x{8B7D}\x{3002}\x{4E2D}\x{56FD}\x{53E4}"
      RenderBlock {DIV} at (0,9036) size 769x18
        RenderText {#text} at (0,0) size 372x18
          text run at (0,0) width 372: "Font: AppleSDGothicNeo-Thin Weight: 500 Style: normal"
      RenderBlock {DIV} at (0,9054) size 769x18
        RenderText {#text} at (0,0) size 139x18
          text run at (0,0) width 139: "\x{679C}\x{57CE}\x{7684}\x{7F8E}\x{8B7D}\x{3002}\x{4E2D}\x{56FD}\x{53E4}"
      RenderBlock {DIV} at (0,9072) size 769x18
        RenderText {#text} at (0,0) size 372x18
          text run at (0,0) width 372: "Font: AppleSDGothicNeo-Thin Weight: 600 Style: normal"
      RenderBlock {DIV} at (0,9090) size 769x18
        RenderText {#text} at (0,0) size 148x18
          text run at (0,0) width 148: "\x{679C}\x{57CE}\x{7684}\x{7F8E}\x{8B7D}\x{3002}\x{4E2D}\x{56FD}\x{53E4}"
      RenderBlock {DIV} at (0,9108) size 769x18
        RenderText {#text} at (0,0) size 372x18
          text run at (0,0) width 372: "Font: AppleSDGothicNeo-Thin Weight: 700 Style: normal"
      RenderBlock {DIV} at (0,9126) size 769x18
        RenderText {#text} at (0,0) size 148x18
          text run at (0,0) width 148: "\x{679C}\x{57CE}\x{7684}\x{7F8E}\x{8B7D}\x{3002}\x{4E2D}\x{56FD}\x{53E4}"
      RenderBlock {DIV} at (0,9144) size 769x18
        RenderText {#text} at (0,0) size 372x18
          text run at (0,0) width 372: "Font: AppleSDGothicNeo-Thin Weight: 800 Style: normal"
      RenderBlock {DIV} at (0,9162) size 769x18
        RenderText {#text} at (0,0) size 148x18
          text run at (0,0) width 148: "\x{679C}\x{57CE}\x{7684}\x{7F8E}\x{8B7D}\x{3002}\x{4E2D}\x{56FD}\x{53E4}"
      RenderBlock {DIV} at (0,9180) size 769x18
        RenderText {#text} at (0,0) size 372x18
          text run at (0,0) width 372: "Font: AppleSDGothicNeo-Thin Weight: 900 Style: normal"
      RenderBlock {DIV} at (0,9198) size 769x18
        RenderText {#text} at (0,0) size 148x18
          text run at (0,0) width 148: "\x{679C}\x{57CE}\x{7684}\x{7F8E}\x{8B7D}\x{3002}\x{4E2D}\x{56FD}\x{53E4}"
      RenderBlock {DIV} at (0,9216) size 769x18
        RenderText {#text} at (0,0) size 405x18
          text run at (0,0) width 405: "Font: AppleSDGothicNeo-SemiBold Weight: 100 Style: normal"
      RenderBlock {DIV} at (0,9234) size 769x18
        RenderText {#text} at (0,0) size 139x18
          text run at (0,0) width 139: "\x{679C}\x{57CE}\x{7684}\x{7F8E}\x{8B7D}\x{3002}\x{4E2D}\x{56FD}\x{53E4}"
      RenderBlock {DIV} at (0,9252) size 769x18
        RenderText {#text} at (0,0) size 405x18
          text run at (0,0) width 405: "Font: AppleSDGothicNeo-SemiBold Weight: 200 Style: normal"
      RenderBlock {DIV} at (0,9270) size 769x18
        RenderText {#text} at (0,0) size 139x18
          text run at (0,0) width 139: "\x{679C}\x{57CE}\x{7684}\x{7F8E}\x{8B7D}\x{3002}\x{4E2D}\x{56FD}\x{53E4}"
      RenderBlock {DIV} at (0,9288) size 769x18
        RenderText {#text} at (0,0) size 405x18
          text run at (0,0) width 405: "Font: AppleSDGothicNeo-SemiBold Weight: 300 Style: normal"
      RenderBlock {DIV} at (0,9306) size 769x18
        RenderText {#text} at (0,0) size 139x18
          text run at (0,0) width 139: "\x{679C}\x{57CE}\x{7684}\x{7F8E}\x{8B7D}\x{3002}\x{4E2D}\x{56FD}\x{53E4}"
      RenderBlock {DIV} at (0,9324) size 769x18
        RenderText {#text} at (0,0) size 405x18
          text run at (0,0) width 405: "Font: AppleSDGothicNeo-SemiBold Weight: 400 Style: normal"
      RenderBlock {DIV} at (0,9342) size 769x18
        RenderText {#text} at (0,0) size 139x18
          text run at (0,0) width 139: "\x{679C}\x{57CE}\x{7684}\x{7F8E}\x{8B7D}\x{3002}\x{4E2D}\x{56FD}\x{53E4}"
      RenderBlock {DIV} at (0,9360) size 769x18
        RenderText {#text} at (0,0) size 405x18
          text run at (0,0) width 405: "Font: AppleSDGothicNeo-SemiBold Weight: 500 Style: normal"
      RenderBlock {DIV} at (0,9378) size 769x18
        RenderText {#text} at (0,0) size 139x18
          text run at (0,0) width 139: "\x{679C}\x{57CE}\x{7684}\x{7F8E}\x{8B7D}\x{3002}\x{4E2D}\x{56FD}\x{53E4}"
      RenderBlock {DIV} at (0,9396) size 769x18
        RenderText {#text} at (0,0) size 405x18
          text run at (0,0) width 405: "Font: AppleSDGothicNeo-SemiBold Weight: 600 Style: normal"
      RenderBlock {DIV} at (0,9414) size 769x18
        RenderText {#text} at (0,0) size 148x18
          text run at (0,0) width 148: "\x{679C}\x{57CE}\x{7684}\x{7F8E}\x{8B7D}\x{3002}\x{4E2D}\x{56FD}\x{53E4}"
      RenderBlock {DIV} at (0,9432) size 769x18
        RenderText {#text} at (0,0) size 405x18
          text run at (0,0) width 405: "Font: AppleSDGothicNeo-SemiBold Weight: 700 Style: normal"
      RenderBlock {DIV} at (0,9450) size 769x18
        RenderText {#text} at (0,0) size 148x18
          text run at (0,0) width 148: "\x{679C}\x{57CE}\x{7684}\x{7F8E}\x{8B7D}\x{3002}\x{4E2D}\x{56FD}\x{53E4}"
      RenderBlock {DIV} at (0,9468) size 769x18
        RenderText {#text} at (0,0) size 405x18
          text run at (0,0) width 405: "Font: AppleSDGothicNeo-SemiBold Weight: 800 Style: normal"
      RenderBlock {DIV} at (0,9486) size 769x18
        RenderText {#text} at (0,0) size 148x18
          text run at (0,0) width 148: "\x{679C}\x{57CE}\x{7684}\x{7F8E}\x{8B7D}\x{3002}\x{4E2D}\x{56FD}\x{53E4}"
      RenderBlock {DIV} at (0,9504) size 769x18
        RenderText {#text} at (0,0) size 405x18
          text run at (0,0) width 405: "Font: AppleSDGothicNeo-SemiBold Weight: 900 Style: normal"
      RenderBlock {DIV} at (0,9522) size 769x18
        RenderText {#text} at (0,0) size 148x18
          text run at (0,0) width 148: "\x{679C}\x{57CE}\x{7684}\x{7F8E}\x{8B7D}\x{3002}\x{4E2D}\x{56FD}\x{53E4}"
      RenderBlock {DIV} at (0,9540) size 769x18
        RenderText {#text} at (0,0) size 373x18
          text run at (0,0) width 373: "Font: AppleSDGothicNeo-Bold Weight: 100 Style: normal"
      RenderBlock {DIV} at (0,9558) size 769x18
        RenderText {#text} at (0,0) size 139x18
          text run at (0,0) width 139: "\x{679C}\x{57CE}\x{7684}\x{7F8E}\x{8B7D}\x{3002}\x{4E2D}\x{56FD}\x{53E4}"
      RenderBlock {DIV} at (0,9576) size 769x18
        RenderText {#text} at (0,0) size 373x18
          text run at (0,0) width 373: "Font: AppleSDGothicNeo-Bold Weight: 200 Style: normal"
      RenderBlock {DIV} at (0,9594) size 769x18
        RenderText {#text} at (0,0) size 139x18
          text run at (0,0) width 139: "\x{679C}\x{57CE}\x{7684}\x{7F8E}\x{8B7D}\x{3002}\x{4E2D}\x{56FD}\x{53E4}"
      RenderBlock {DIV} at (0,9612) size 769x18
        RenderText {#text} at (0,0) size 373x18
          text run at (0,0) width 373: "Font: AppleSDGothicNeo-Bold Weight: 300 Style: normal"
      RenderBlock {DIV} at (0,9630) size 769x18
        RenderText {#text} at (0,0) size 139x18
          text run at (0,0) width 139: "\x{679C}\x{57CE}\x{7684}\x{7F8E}\x{8B7D}\x{3002}\x{4E2D}\x{56FD}\x{53E4}"
      RenderBlock {DIV} at (0,9648) size 769x18
        RenderText {#text} at (0,0) size 373x18
          text run at (0,0) width 373: "Font: AppleSDGothicNeo-Bold Weight: 400 Style: normal"
      RenderBlock {DIV} at (0,9666) size 769x18
        RenderText {#text} at (0,0) size 139x18
          text run at (0,0) width 139: "\x{679C}\x{57CE}\x{7684}\x{7F8E}\x{8B7D}\x{3002}\x{4E2D}\x{56FD}\x{53E4}"
      RenderBlock {DIV} at (0,9684) size 769x18
        RenderText {#text} at (0,0) size 373x18
          text run at (0,0) width 373: "Font: AppleSDGothicNeo-Bold Weight: 500 Style: normal"
      RenderBlock {DIV} at (0,9702) size 769x18
        RenderText {#text} at (0,0) size 139x18
          text run at (0,0) width 139: "\x{679C}\x{57CE}\x{7684}\x{7F8E}\x{8B7D}\x{3002}\x{4E2D}\x{56FD}\x{53E4}"
      RenderBlock {DIV} at (0,9720) size 769x18
        RenderText {#text} at (0,0) size 373x18
          text run at (0,0) width 373: "Font: AppleSDGothicNeo-Bold Weight: 600 Style: normal"
      RenderBlock {DIV} at (0,9738) size 769x18
        RenderText {#text} at (0,0) size 148x18
          text run at (0,0) width 148: "\x{679C}\x{57CE}\x{7684}\x{7F8E}\x{8B7D}\x{3002}\x{4E2D}\x{56FD}\x{53E4}"
      RenderBlock {DIV} at (0,9756) size 769x18
        RenderText {#text} at (0,0) size 373x18
          text run at (0,0) width 373: "Font: AppleSDGothicNeo-Bold Weight: 700 Style: normal"
      RenderBlock {DIV} at (0,9774) size 769x18
        RenderText {#text} at (0,0) size 148x18
          text run at (0,0) width 148: "\x{679C}\x{57CE}\x{7684}\x{7F8E}\x{8B7D}\x{3002}\x{4E2D}\x{56FD}\x{53E4}"
      RenderBlock {DIV} at (0,9792) size 769x18
        RenderText {#text} at (0,0) size 373x18
          text run at (0,0) width 373: "Font: AppleSDGothicNeo-Bold Weight: 800 Style: normal"
      RenderBlock {DIV} at (0,9810) size 769x18
        RenderText {#text} at (0,0) size 148x18
          text run at (0,0) width 148: "\x{679C}\x{57CE}\x{7684}\x{7F8E}\x{8B7D}\x{3002}\x{4E2D}\x{56FD}\x{53E4}"
      RenderBlock {DIV} at (0,9828) size 769x18
        RenderText {#text} at (0,0) size 373x18
          text run at (0,0) width 373: "Font: AppleSDGothicNeo-Bold Weight: 900 Style: normal"
      RenderBlock {DIV} at (0,9846) size 769x18
        RenderText {#text} at (0,0) size 148x18
          text run at (0,0) width 148: "\x{679C}\x{57CE}\x{7684}\x{7F8E}\x{8B7D}\x{3002}\x{4E2D}\x{56FD}\x{53E4}"
      RenderBlock {DIV} at (0,9864) size 769x18
        RenderText {#text} at (0,0) size 407x18
          text run at (0,0) width 407: "Font: AppleSDGothicNeo-ExtraBold Weight: 100 Style: normal"
      RenderBlock {DIV} at (0,9882) size 769x18
        RenderText {#text} at (0,0) size 139x18
          text run at (0,0) width 139: "\x{679C}\x{57CE}\x{7684}\x{7F8E}\x{8B7D}\x{3002}\x{4E2D}\x{56FD}\x{53E4}"
      RenderBlock {DIV} at (0,9900) size 769x18
        RenderText {#text} at (0,0) size 407x18
          text run at (0,0) width 407: "Font: AppleSDGothicNeo-ExtraBold Weight: 200 Style: normal"
      RenderBlock {DIV} at (0,9918) size 769x18
        RenderText {#text} at (0,0) size 139x18
          text run at (0,0) width 139: "\x{679C}\x{57CE}\x{7684}\x{7F8E}\x{8B7D}\x{3002}\x{4E2D}\x{56FD}\x{53E4}"
      RenderBlock {DIV} at (0,9936) size 769x18
        RenderText {#text} at (0,0) size 407x18
          text run at (0,0) width 407: "Font: AppleSDGothicNeo-ExtraBold Weight: 300 Style: normal"
      RenderBlock {DIV} at (0,9954) size 769x18
        RenderText {#text} at (0,0) size 139x18
          text run at (0,0) width 139: "\x{679C}\x{57CE}\x{7684}\x{7F8E}\x{8B7D}\x{3002}\x{4E2D}\x{56FD}\x{53E4}"
      RenderBlock {DIV} at (0,9972) size 769x18
        RenderText {#text} at (0,0) size 407x18
          text run at (0,0) width 407: "Font: AppleSDGothicNeo-ExtraBold Weight: 400 Style: normal"
      RenderBlock {DIV} at (0,9990) size 769x18
        RenderText {#text} at (0,0) size 139x18
          text run at (0,0) width 139: "\x{679C}\x{57CE}\x{7684}\x{7F8E}\x{8B7D}\x{3002}\x{4E2D}\x{56FD}\x{53E4}"
      RenderBlock {DIV} at (0,10008) size 769x18
        RenderText {#text} at (0,0) size 407x18
          text run at (0,0) width 407: "Font: AppleSDGothicNeo-ExtraBold Weight: 500 Style: normal"
      RenderBlock {DIV} at (0,10026) size 769x18
        RenderText {#text} at (0,0) size 139x18
          text run at (0,0) width 139: "\x{679C}\x{57CE}\x{7684}\x{7F8E}\x{8B7D}\x{3002}\x{4E2D}\x{56FD}\x{53E4}"
      RenderBlock {DIV} at (0,10044) size 769x18
        RenderText {#text} at (0,0) size 407x18
          text run at (0,0) width 407: "Font: AppleSDGothicNeo-ExtraBold Weight: 600 Style: normal"
      RenderBlock {DIV} at (0,10062) size 769x18
        RenderText {#text} at (0,0) size 148x18
          text run at (0,0) width 148: "\x{679C}\x{57CE}\x{7684}\x{7F8E}\x{8B7D}\x{3002}\x{4E2D}\x{56FD}\x{53E4}"
      RenderBlock {DIV} at (0,10080) size 769x18
        RenderText {#text} at (0,0) size 407x18
          text run at (0,0) width 407: "Font: AppleSDGothicNeo-ExtraBold Weight: 700 Style: normal"
      RenderBlock {DIV} at (0,10098) size 769x18
        RenderText {#text} at (0,0) size 148x18
          text run at (0,0) width 148: "\x{679C}\x{57CE}\x{7684}\x{7F8E}\x{8B7D}\x{3002}\x{4E2D}\x{56FD}\x{53E4}"
      RenderBlock {DIV} at (0,10116) size 769x18
        RenderText {#text} at (0,0) size 407x18
          text run at (0,0) width 407: "Font: AppleSDGothicNeo-ExtraBold Weight: 800 Style: normal"
      RenderBlock {DIV} at (0,10134) size 769x18
        RenderText {#text} at (0,0) size 148x18
          text run at (0,0) width 148: "\x{679C}\x{57CE}\x{7684}\x{7F8E}\x{8B7D}\x{3002}\x{4E2D}\x{56FD}\x{53E4}"
      RenderBlock {DIV} at (0,10152) size 769x18
        RenderText {#text} at (0,0) size 407x18
          text run at (0,0) width 407: "Font: AppleSDGothicNeo-ExtraBold Weight: 900 Style: normal"
      RenderBlock {DIV} at (0,10170) size 769x18
        RenderText {#text} at (0,0) size 148x18
          text run at (0,0) width 148: "\x{679C}\x{57CE}\x{7684}\x{7F8E}\x{8B7D}\x{3002}\x{4E2D}\x{56FD}\x{53E4}"
      RenderBlock {DIV} at (0,10188) size 769x18
        RenderText {#text} at (0,0) size 384x18
          text run at (0,0) width 384: "Font: AppleSDGothicNeo-Heavy Weight: 100 Style: normal"
      RenderBlock {DIV} at (0,10206) size 769x18
        RenderText {#text} at (0,0) size 139x18
          text run at (0,0) width 139: "\x{679C}\x{57CE}\x{7684}\x{7F8E}\x{8B7D}\x{3002}\x{4E2D}\x{56FD}\x{53E4}"
      RenderBlock {DIV} at (0,10224) size 769x18
        RenderText {#text} at (0,0) size 384x18
          text run at (0,0) width 384: "Font: AppleSDGothicNeo-Heavy Weight: 200 Style: normal"
      RenderBlock {DIV} at (0,10242) size 769x18
        RenderText {#text} at (0,0) size 139x18
          text run at (0,0) width 139: "\x{679C}\x{57CE}\x{7684}\x{7F8E}\x{8B7D}\x{3002}\x{4E2D}\x{56FD}\x{53E4}"
      RenderBlock {DIV} at (0,10260) size 769x18
        RenderText {#text} at (0,0) size 384x18
          text run at (0,0) width 384: "Font: AppleSDGothicNeo-Heavy Weight: 300 Style: normal"
      RenderBlock {DIV} at (0,10278) size 769x18
        RenderText {#text} at (0,0) size 139x18
          text run at (0,0) width 139: "\x{679C}\x{57CE}\x{7684}\x{7F8E}\x{8B7D}\x{3002}\x{4E2D}\x{56FD}\x{53E4}"
      RenderBlock {DIV} at (0,10296) size 769x18
        RenderText {#text} at (0,0) size 384x18
          text run at (0,0) width 384: "Font: AppleSDGothicNeo-Heavy Weight: 400 Style: normal"
      RenderBlock {DIV} at (0,10314) size 769x18
        RenderText {#text} at (0,0) size 139x18
          text run at (0,0) width 139: "\x{679C}\x{57CE}\x{7684}\x{7F8E}\x{8B7D}\x{3002}\x{4E2D}\x{56FD}\x{53E4}"
      RenderBlock {DIV} at (0,10332) size 769x18
        RenderText {#text} at (0,0) size 384x18
          text run at (0,0) width 384: "Font: AppleSDGothicNeo-Heavy Weight: 500 Style: normal"
      RenderBlock {DIV} at (0,10350) size 769x18
        RenderText {#text} at (0,0) size 139x18
          text run at (0,0) width 139: "\x{679C}\x{57CE}\x{7684}\x{7F8E}\x{8B7D}\x{3002}\x{4E2D}\x{56FD}\x{53E4}"
      RenderBlock {DIV} at (0,10368) size 769x18
        RenderText {#text} at (0,0) size 384x18
          text run at (0,0) width 384: "Font: AppleSDGothicNeo-Heavy Weight: 600 Style: normal"
      RenderBlock {DIV} at (0,10386) size 769x18
        RenderText {#text} at (0,0) size 148x18
          text run at (0,0) width 148: "\x{679C}\x{57CE}\x{7684}\x{7F8E}\x{8B7D}\x{3002}\x{4E2D}\x{56FD}\x{53E4}"
      RenderBlock {DIV} at (0,10404) size 769x18
        RenderText {#text} at (0,0) size 384x18
          text run at (0,0) width 384: "Font: AppleSDGothicNeo-Heavy Weight: 700 Style: normal"
      RenderBlock {DIV} at (0,10422) size 769x18
        RenderText {#text} at (0,0) size 148x18
          text run at (0,0) width 148: "\x{679C}\x{57CE}\x{7684}\x{7F8E}\x{8B7D}\x{3002}\x{4E2D}\x{56FD}\x{53E4}"
      RenderBlock {DIV} at (0,10440) size 769x18
        RenderText {#text} at (0,0) size 384x18
          text run at (0,0) width 384: "Font: AppleSDGothicNeo-Heavy Weight: 800 Style: normal"
      RenderBlock {DIV} at (0,10458) size 769x18
        RenderText {#text} at (0,0) size 148x18
          text run at (0,0) width 148: "\x{679C}\x{57CE}\x{7684}\x{7F8E}\x{8B7D}\x{3002}\x{4E2D}\x{56FD}\x{53E4}"
      RenderBlock {DIV} at (0,10476) size 769x18
        RenderText {#text} at (0,0) size 384x18
          text run at (0,0) width 384: "Font: AppleSDGothicNeo-Heavy Weight: 900 Style: normal"
      RenderBlock {DIV} at (0,10494) size 769x18
        RenderText {#text} at (0,0) size 148x18
          text run at (0,0) width 148: "\x{679C}\x{57CE}\x{7684}\x{7F8E}\x{8B7D}\x{3002}\x{4E2D}\x{56FD}\x{53E4}"
      RenderBlock {DIV} at (0,10512) size 769x18
        RenderText {#text} at (0,0) size 335x18
          text run at (0,0) width 335: "Font: Apple SD Gothic Neo Weight: 100 Style: italic"
      RenderBlock {DIV} at (0,10530) size 769x18
        RenderText {#text} at (0,0) size 139x18
          text run at (0,0) width 139: "\x{679C}\x{57CE}\x{7684}\x{7F8E}\x{8B7D}\x{3002}\x{4E2D}\x{56FD}\x{53E4}"
      RenderBlock {DIV} at (0,10548) size 769x18
        RenderText {#text} at (0,0) size 335x18
          text run at (0,0) width 335: "Font: Apple SD Gothic Neo Weight: 200 Style: italic"
      RenderBlock {DIV} at (0,10566) size 769x18
        RenderText {#text} at (0,0) size 139x18
          text run at (0,0) width 139: "\x{679C}\x{57CE}\x{7684}\x{7F8E}\x{8B7D}\x{3002}\x{4E2D}\x{56FD}\x{53E4}"
      RenderBlock {DIV} at (0,10584) size 769x18
        RenderText {#text} at (0,0) size 335x18
          text run at (0,0) width 335: "Font: Apple SD Gothic Neo Weight: 300 Style: italic"
      RenderBlock {DIV} at (0,10602) size 769x18
        RenderText {#text} at (0,0) size 139x18
          text run at (0,0) width 139: "\x{679C}\x{57CE}\x{7684}\x{7F8E}\x{8B7D}\x{3002}\x{4E2D}\x{56FD}\x{53E4}"
      RenderBlock {DIV} at (0,10620) size 769x18
        RenderText {#text} at (0,0) size 335x18
          text run at (0,0) width 335: "Font: Apple SD Gothic Neo Weight: 400 Style: italic"
      RenderBlock {DIV} at (0,10638) size 769x18
        RenderText {#text} at (0,0) size 139x18
          text run at (0,0) width 139: "\x{679C}\x{57CE}\x{7684}\x{7F8E}\x{8B7D}\x{3002}\x{4E2D}\x{56FD}\x{53E4}"
      RenderBlock {DIV} at (0,10656) size 769x18
        RenderText {#text} at (0,0) size 335x18
          text run at (0,0) width 335: "Font: Apple SD Gothic Neo Weight: 500 Style: italic"
      RenderBlock {DIV} at (0,10674) size 769x18
        RenderText {#text} at (0,0) size 139x18
          text run at (0,0) width 139: "\x{679C}\x{57CE}\x{7684}\x{7F8E}\x{8B7D}\x{3002}\x{4E2D}\x{56FD}\x{53E4}"
      RenderBlock {DIV} at (0,10692) size 769x18
        RenderText {#text} at (0,0) size 335x18
          text run at (0,0) width 335: "Font: Apple SD Gothic Neo Weight: 600 Style: italic"
      RenderBlock {DIV} at (0,10710) size 769x18
        RenderText {#text} at (0,0) size 148x18
          text run at (0,0) width 148: "\x{679C}\x{57CE}\x{7684}\x{7F8E}\x{8B7D}\x{3002}\x{4E2D}\x{56FD}\x{53E4}"
      RenderBlock {DIV} at (0,10728) size 769x18
        RenderText {#text} at (0,0) size 335x18
          text run at (0,0) width 335: "Font: Apple SD Gothic Neo Weight: 700 Style: italic"
      RenderBlock {DIV} at (0,10746) size 769x18
        RenderText {#text} at (0,0) size 148x18
          text run at (0,0) width 148: "\x{679C}\x{57CE}\x{7684}\x{7F8E}\x{8B7D}\x{3002}\x{4E2D}\x{56FD}\x{53E4}"
      RenderBlock {DIV} at (0,10764) size 769x18
        RenderText {#text} at (0,0) size 335x18
          text run at (0,0) width 335: "Font: Apple SD Gothic Neo Weight: 800 Style: italic"
      RenderBlock {DIV} at (0,10782) size 769x18
        RenderText {#text} at (0,0) size 148x18
          text run at (0,0) width 148: "\x{679C}\x{57CE}\x{7684}\x{7F8E}\x{8B7D}\x{3002}\x{4E2D}\x{56FD}\x{53E4}"
      RenderBlock {DIV} at (0,10800) size 769x18
        RenderText {#text} at (0,0) size 335x18
          text run at (0,0) width 335: "Font: Apple SD Gothic Neo Weight: 900 Style: italic"
      RenderBlock {DIV} at (0,10818) size 769x18
        RenderText {#text} at (0,0) size 148x18
          text run at (0,0) width 148: "\x{679C}\x{57CE}\x{7684}\x{7F8E}\x{8B7D}\x{3002}\x{4E2D}\x{56FD}\x{53E4}"
      RenderBlock {DIV} at (0,10836) size 769x18
        RenderText {#text} at (0,0) size 378x18
          text run at (0,0) width 378: "Font: AppleSDGothicNeo-Regular Weight: 100 Style: italic"
      RenderBlock {DIV} at (0,10854) size 769x18
        RenderText {#text} at (0,0) size 139x18
          text run at (0,0) width 139: "\x{679C}\x{57CE}\x{7684}\x{7F8E}\x{8B7D}\x{3002}\x{4E2D}\x{56FD}\x{53E4}"
      RenderBlock {DIV} at (0,10872) size 769x18
        RenderText {#text} at (0,0) size 378x18
          text run at (0,0) width 378: "Font: AppleSDGothicNeo-Regular Weight: 200 Style: italic"
      RenderBlock {DIV} at (0,10890) size 769x18
        RenderText {#text} at (0,0) size 139x18
          text run at (0,0) width 139: "\x{679C}\x{57CE}\x{7684}\x{7F8E}\x{8B7D}\x{3002}\x{4E2D}\x{56FD}\x{53E4}"
      RenderBlock {DIV} at (0,10908) size 769x18
        RenderText {#text} at (0,0) size 378x18
          text run at (0,0) width 378: "Font: AppleSDGothicNeo-Regular Weight: 300 Style: italic"
      RenderBlock {DIV} at (0,10926) size 769x18
        RenderText {#text} at (0,0) size 139x18
          text run at (0,0) width 139: "\x{679C}\x{57CE}\x{7684}\x{7F8E}\x{8B7D}\x{3002}\x{4E2D}\x{56FD}\x{53E4}"
      RenderBlock {DIV} at (0,10944) size 769x18
        RenderText {#text} at (0,0) size 378x18
          text run at (0,0) width 378: "Font: AppleSDGothicNeo-Regular Weight: 400 Style: italic"
      RenderBlock {DIV} at (0,10962) size 769x18
        RenderText {#text} at (0,0) size 139x18
          text run at (0,0) width 139: "\x{679C}\x{57CE}\x{7684}\x{7F8E}\x{8B7D}\x{3002}\x{4E2D}\x{56FD}\x{53E4}"
      RenderBlock {DIV} at (0,10980) size 769x18
        RenderText {#text} at (0,0) size 378x18
          text run at (0,0) width 378: "Font: AppleSDGothicNeo-Regular Weight: 500 Style: italic"
      RenderBlock {DIV} at (0,10998) size 769x18
        RenderText {#text} at (0,0) size 139x18
          text run at (0,0) width 139: "\x{679C}\x{57CE}\x{7684}\x{7F8E}\x{8B7D}\x{3002}\x{4E2D}\x{56FD}\x{53E4}"
      RenderBlock {DIV} at (0,11016) size 769x18
        RenderText {#text} at (0,0) size 378x18
          text run at (0,0) width 378: "Font: AppleSDGothicNeo-Regular Weight: 600 Style: italic"
      RenderBlock {DIV} at (0,11034) size 769x18
        RenderText {#text} at (0,0) size 148x18
          text run at (0,0) width 148: "\x{679C}\x{57CE}\x{7684}\x{7F8E}\x{8B7D}\x{3002}\x{4E2D}\x{56FD}\x{53E4}"
      RenderBlock {DIV} at (0,11052) size 769x18
        RenderText {#text} at (0,0) size 378x18
          text run at (0,0) width 378: "Font: AppleSDGothicNeo-Regular Weight: 700 Style: italic"
      RenderBlock {DIV} at (0,11070) size 769x18
        RenderText {#text} at (0,0) size 148x18
          text run at (0,0) width 148: "\x{679C}\x{57CE}\x{7684}\x{7F8E}\x{8B7D}\x{3002}\x{4E2D}\x{56FD}\x{53E4}"
      RenderBlock {DIV} at (0,11088) size 769x18
        RenderText {#text} at (0,0) size 378x18
          text run at (0,0) width 378: "Font: AppleSDGothicNeo-Regular Weight: 800 Style: italic"
      RenderBlock {DIV} at (0,11106) size 769x18
        RenderText {#text} at (0,0) size 148x18
          text run at (0,0) width 148: "\x{679C}\x{57CE}\x{7684}\x{7F8E}\x{8B7D}\x{3002}\x{4E2D}\x{56FD}\x{53E4}"
      RenderBlock {DIV} at (0,11124) size 769x18
        RenderText {#text} at (0,0) size 378x18
          text run at (0,0) width 378: "Font: AppleSDGothicNeo-Regular Weight: 900 Style: italic"
      RenderBlock {DIV} at (0,11142) size 769x18
        RenderText {#text} at (0,0) size 148x18
          text run at (0,0) width 148: "\x{679C}\x{57CE}\x{7684}\x{7F8E}\x{8B7D}\x{3002}\x{4E2D}\x{56FD}\x{53E4}"
      RenderBlock {DIV} at (0,11160) size 769x18
        RenderText {#text} at (0,0) size 381x18
          text run at (0,0) width 381: "Font: AppleSDGothicNeo-Medium Weight: 100 Style: italic"
      RenderBlock {DIV} at (0,11178) size 769x18
        RenderText {#text} at (0,0) size 139x18
          text run at (0,0) width 139: "\x{679C}\x{57CE}\x{7684}\x{7F8E}\x{8B7D}\x{3002}\x{4E2D}\x{56FD}\x{53E4}"
      RenderBlock {DIV} at (0,11196) size 769x18
        RenderText {#text} at (0,0) size 381x18
          text run at (0,0) width 381: "Font: AppleSDGothicNeo-Medium Weight: 200 Style: italic"
      RenderBlock {DIV} at (0,11214) size 769x18
        RenderText {#text} at (0,0) size 139x18
          text run at (0,0) width 139: "\x{679C}\x{57CE}\x{7684}\x{7F8E}\x{8B7D}\x{3002}\x{4E2D}\x{56FD}\x{53E4}"
      RenderBlock {DIV} at (0,11232) size 769x18
        RenderText {#text} at (0,0) size 381x18
          text run at (0,0) width 381: "Font: AppleSDGothicNeo-Medium Weight: 300 Style: italic"
      RenderBlock {DIV} at (0,11250) size 769x18
        RenderText {#text} at (0,0) size 139x18
          text run at (0,0) width 139: "\x{679C}\x{57CE}\x{7684}\x{7F8E}\x{8B7D}\x{3002}\x{4E2D}\x{56FD}\x{53E4}"
      RenderBlock {DIV} at (0,11268) size 769x18
        RenderText {#text} at (0,0) size 381x18
          text run at (0,0) width 381: "Font: AppleSDGothicNeo-Medium Weight: 400 Style: italic"
      RenderBlock {DIV} at (0,11286) size 769x18
        RenderText {#text} at (0,0) size 139x18
          text run at (0,0) width 139: "\x{679C}\x{57CE}\x{7684}\x{7F8E}\x{8B7D}\x{3002}\x{4E2D}\x{56FD}\x{53E4}"
      RenderBlock {DIV} at (0,11304) size 769x18
        RenderText {#text} at (0,0) size 381x18
          text run at (0,0) width 381: "Font: AppleSDGothicNeo-Medium Weight: 500 Style: italic"
      RenderBlock {DIV} at (0,11322) size 769x18
        RenderText {#text} at (0,0) size 139x18
          text run at (0,0) width 139: "\x{679C}\x{57CE}\x{7684}\x{7F8E}\x{8B7D}\x{3002}\x{4E2D}\x{56FD}\x{53E4}"
      RenderBlock {DIV} at (0,11340) size 769x18
        RenderText {#text} at (0,0) size 381x18
          text run at (0,0) width 381: "Font: AppleSDGothicNeo-Medium Weight: 600 Style: italic"
      RenderBlock {DIV} at (0,11358) size 769x18
        RenderText {#text} at (0,0) size 148x18
          text run at (0,0) width 148: "\x{679C}\x{57CE}\x{7684}\x{7F8E}\x{8B7D}\x{3002}\x{4E2D}\x{56FD}\x{53E4}"
      RenderBlock {DIV} at (0,11376) size 769x18
        RenderText {#text} at (0,0) size 381x18
          text run at (0,0) width 381: "Font: AppleSDGothicNeo-Medium Weight: 700 Style: italic"
      RenderBlock {DIV} at (0,11394) size 769x18
        RenderText {#text} at (0,0) size 148x18
          text run at (0,0) width 148: "\x{679C}\x{57CE}\x{7684}\x{7F8E}\x{8B7D}\x{3002}\x{4E2D}\x{56FD}\x{53E4}"
      RenderBlock {DIV} at (0,11412) size 769x18
        RenderText {#text} at (0,0) size 381x18
          text run at (0,0) width 381: "Font: AppleSDGothicNeo-Medium Weight: 800 Style: italic"
      RenderBlock {DIV} at (0,11430) size 769x18
        RenderText {#text} at (0,0) size 148x18
          text run at (0,0) width 148: "\x{679C}\x{57CE}\x{7684}\x{7F8E}\x{8B7D}\x{3002}\x{4E2D}\x{56FD}\x{53E4}"
      RenderBlock {DIV} at (0,11448) size 769x18
        RenderText {#text} at (0,0) size 381x18
          text run at (0,0) width 381: "Font: AppleSDGothicNeo-Medium Weight: 900 Style: italic"
      RenderBlock {DIV} at (0,11466) size 769x18
        RenderText {#text} at (0,0) size 148x18
          text run at (0,0) width 148: "\x{679C}\x{57CE}\x{7684}\x{7F8E}\x{8B7D}\x{3002}\x{4E2D}\x{56FD}\x{53E4}"
      RenderBlock {DIV} at (0,11484) size 769x18
        RenderText {#text} at (0,0) size 362x18
          text run at (0,0) width 362: "Font: AppleSDGothicNeo-Light Weight: 100 Style: italic"
      RenderBlock {DIV} at (0,11502) size 769x18
        RenderText {#text} at (0,0) size 139x18
          text run at (0,0) width 139: "\x{679C}\x{57CE}\x{7684}\x{7F8E}\x{8B7D}\x{3002}\x{4E2D}\x{56FD}\x{53E4}"
      RenderBlock {DIV} at (0,11520) size 769x18
        RenderText {#text} at (0,0) size 362x18
          text run at (0,0) width 362: "Font: AppleSDGothicNeo-Light Weight: 200 Style: italic"
      RenderBlock {DIV} at (0,11538) size 769x18
        RenderText {#text} at (0,0) size 139x18
          text run at (0,0) width 139: "\x{679C}\x{57CE}\x{7684}\x{7F8E}\x{8B7D}\x{3002}\x{4E2D}\x{56FD}\x{53E4}"
      RenderBlock {DIV} at (0,11556) size 769x18
        RenderText {#text} at (0,0) size 362x18
          text run at (0,0) width 362: "Font: AppleSDGothicNeo-Light Weight: 300 Style: italic"
      RenderBlock {DIV} at (0,11574) size 769x18
        RenderText {#text} at (0,0) size 139x18
          text run at (0,0) width 139: "\x{679C}\x{57CE}\x{7684}\x{7F8E}\x{8B7D}\x{3002}\x{4E2D}\x{56FD}\x{53E4}"
      RenderBlock {DIV} at (0,11592) size 769x18
        RenderText {#text} at (0,0) size 362x18
          text run at (0,0) width 362: "Font: AppleSDGothicNeo-Light Weight: 400 Style: italic"
      RenderBlock {DIV} at (0,11610) size 769x18
        RenderText {#text} at (0,0) size 139x18
          text run at (0,0) width 139: "\x{679C}\x{57CE}\x{7684}\x{7F8E}\x{8B7D}\x{3002}\x{4E2D}\x{56FD}\x{53E4}"
      RenderBlock {DIV} at (0,11628) size 769x18
        RenderText {#text} at (0,0) size 362x18
          text run at (0,0) width 362: "Font: AppleSDGothicNeo-Light Weight: 500 Style: italic"
      RenderBlock {DIV} at (0,11646) size 769x18
        RenderText {#text} at (0,0) size 139x18
          text run at (0,0) width 139: "\x{679C}\x{57CE}\x{7684}\x{7F8E}\x{8B7D}\x{3002}\x{4E2D}\x{56FD}\x{53E4}"
      RenderBlock {DIV} at (0,11664) size 769x18
        RenderText {#text} at (0,0) size 362x18
          text run at (0,0) width 362: "Font: AppleSDGothicNeo-Light Weight: 600 Style: italic"
      RenderBlock {DIV} at (0,11682) size 769x18
        RenderText {#text} at (0,0) size 148x18
          text run at (0,0) width 148: "\x{679C}\x{57CE}\x{7684}\x{7F8E}\x{8B7D}\x{3002}\x{4E2D}\x{56FD}\x{53E4}"
      RenderBlock {DIV} at (0,11700) size 769x18
        RenderText {#text} at (0,0) size 362x18
          text run at (0,0) width 362: "Font: AppleSDGothicNeo-Light Weight: 700 Style: italic"
      RenderBlock {DIV} at (0,11718) size 769x18
        RenderText {#text} at (0,0) size 148x18
          text run at (0,0) width 148: "\x{679C}\x{57CE}\x{7684}\x{7F8E}\x{8B7D}\x{3002}\x{4E2D}\x{56FD}\x{53E4}"
      RenderBlock {DIV} at (0,11736) size 769x18
        RenderText {#text} at (0,0) size 362x18
          text run at (0,0) width 362: "Font: AppleSDGothicNeo-Light Weight: 800 Style: italic"
      RenderBlock {DIV} at (0,11754) size 769x18
        RenderText {#text} at (0,0) size 148x18
          text run at (0,0) width 148: "\x{679C}\x{57CE}\x{7684}\x{7F8E}\x{8B7D}\x{3002}\x{4E2D}\x{56FD}\x{53E4}"
      RenderBlock {DIV} at (0,11772) size 769x18
        RenderText {#text} at (0,0) size 362x18
          text run at (0,0) width 362: "Font: AppleSDGothicNeo-Light Weight: 900 Style: italic"
      RenderBlock {DIV} at (0,11790) size 769x18
        RenderText {#text} at (0,0) size 148x18
          text run at (0,0) width 148: "\x{679C}\x{57CE}\x{7684}\x{7F8E}\x{8B7D}\x{3002}\x{4E2D}\x{56FD}\x{53E4}"
      RenderBlock {DIV} at (0,11808) size 769x18
        RenderText {#text} at (0,0) size 394x18
          text run at (0,0) width 394: "Font: AppleSDGothicNeo-UltraLight Weight: 100 Style: italic"
      RenderBlock {DIV} at (0,11826) size 769x18
        RenderText {#text} at (0,0) size 139x18
          text run at (0,0) width 139: "\x{679C}\x{57CE}\x{7684}\x{7F8E}\x{8B7D}\x{3002}\x{4E2D}\x{56FD}\x{53E4}"
      RenderBlock {DIV} at (0,11844) size 769x18
        RenderText {#text} at (0,0) size 394x18
          text run at (0,0) width 394: "Font: AppleSDGothicNeo-UltraLight Weight: 200 Style: italic"
      RenderBlock {DIV} at (0,11862) size 769x18
        RenderText {#text} at (0,0) size 139x18
          text run at (0,0) width 139: "\x{679C}\x{57CE}\x{7684}\x{7F8E}\x{8B7D}\x{3002}\x{4E2D}\x{56FD}\x{53E4}"
      RenderBlock {DIV} at (0,11880) size 769x18
        RenderText {#text} at (0,0) size 394x18
          text run at (0,0) width 394: "Font: AppleSDGothicNeo-UltraLight Weight: 300 Style: italic"
      RenderBlock {DIV} at (0,11898) size 769x18
        RenderText {#text} at (0,0) size 139x18
          text run at (0,0) width 139: "\x{679C}\x{57CE}\x{7684}\x{7F8E}\x{8B7D}\x{3002}\x{4E2D}\x{56FD}\x{53E4}"
      RenderBlock {DIV} at (0,11916) size 769x18
        RenderText {#text} at (0,0) size 394x18
          text run at (0,0) width 394: "Font: AppleSDGothicNeo-UltraLight Weight: 400 Style: italic"
      RenderBlock {DIV} at (0,11934) size 769x18
        RenderText {#text} at (0,0) size 139x18
          text run at (0,0) width 139: "\x{679C}\x{57CE}\x{7684}\x{7F8E}\x{8B7D}\x{3002}\x{4E2D}\x{56FD}\x{53E4}"
      RenderBlock {DIV} at (0,11952) size 769x18
        RenderText {#text} at (0,0) size 394x18
          text run at (0,0) width 394: "Font: AppleSDGothicNeo-UltraLight Weight: 500 Style: italic"
      RenderBlock {DIV} at (0,11970) size 769x18
        RenderText {#text} at (0,0) size 139x18
          text run at (0,0) width 139: "\x{679C}\x{57CE}\x{7684}\x{7F8E}\x{8B7D}\x{3002}\x{4E2D}\x{56FD}\x{53E4}"
      RenderBlock {DIV} at (0,11988) size 769x18
        RenderText {#text} at (0,0) size 394x18
          text run at (0,0) width 394: "Font: AppleSDGothicNeo-UltraLight Weight: 600 Style: italic"
      RenderBlock {DIV} at (0,12006) size 769x18
        RenderText {#text} at (0,0) size 148x18
          text run at (0,0) width 148: "\x{679C}\x{57CE}\x{7684}\x{7F8E}\x{8B7D}\x{3002}\x{4E2D}\x{56FD}\x{53E4}"
      RenderBlock {DIV} at (0,12024) size 769x18
        RenderText {#text} at (0,0) size 394x18
          text run at (0,0) width 394: "Font: AppleSDGothicNeo-UltraLight Weight: 700 Style: italic"
      RenderBlock {DIV} at (0,12042) size 769x18
        RenderText {#text} at (0,0) size 148x18
          text run at (0,0) width 148: "\x{679C}\x{57CE}\x{7684}\x{7F8E}\x{8B7D}\x{3002}\x{4E2D}\x{56FD}\x{53E4}"
      RenderBlock {DIV} at (0,12060) size 769x18
        RenderText {#text} at (0,0) size 394x18
          text run at (0,0) width 394: "Font: AppleSDGothicNeo-UltraLight Weight: 800 Style: italic"
      RenderBlock {DIV} at (0,12078) size 769x18
        RenderText {#text} at (0,0) size 148x18
          text run at (0,0) width 148: "\x{679C}\x{57CE}\x{7684}\x{7F8E}\x{8B7D}\x{3002}\x{4E2D}\x{56FD}\x{53E4}"
      RenderBlock {DIV} at (0,12096) size 769x18
        RenderText {#text} at (0,0) size 394x18
          text run at (0,0) width 394: "Font: AppleSDGothicNeo-UltraLight Weight: 900 Style: italic"
      RenderBlock {DIV} at (0,12114) size 769x18
        RenderText {#text} at (0,0) size 148x18
          text run at (0,0) width 148: "\x{679C}\x{57CE}\x{7684}\x{7F8E}\x{8B7D}\x{3002}\x{4E2D}\x{56FD}\x{53E4}"
      RenderBlock {DIV} at (0,12132) size 769x18
        RenderText {#text} at (0,0) size 358x18
          text run at (0,0) width 358: "Font: AppleSDGothicNeo-Thin Weight: 100 Style: italic"
      RenderBlock {DIV} at (0,12150) size 769x18
        RenderText {#text} at (0,0) size 139x18
          text run at (0,0) width 139: "\x{679C}\x{57CE}\x{7684}\x{7F8E}\x{8B7D}\x{3002}\x{4E2D}\x{56FD}\x{53E4}"
      RenderBlock {DIV} at (0,12168) size 769x18
        RenderText {#text} at (0,0) size 358x18
          text run at (0,0) width 358: "Font: AppleSDGothicNeo-Thin Weight: 200 Style: italic"
      RenderBlock {DIV} at (0,12186) size 769x18
        RenderText {#text} at (0,0) size 139x18
          text run at (0,0) width 139: "\x{679C}\x{57CE}\x{7684}\x{7F8E}\x{8B7D}\x{3002}\x{4E2D}\x{56FD}\x{53E4}"
      RenderBlock {DIV} at (0,12204) size 769x18
        RenderText {#text} at (0,0) size 358x18
          text run at (0,0) width 358: "Font: AppleSDGothicNeo-Thin Weight: 300 Style: italic"
      RenderBlock {DIV} at (0,12222) size 769x18
        RenderText {#text} at (0,0) size 139x18
          text run at (0,0) width 139: "\x{679C}\x{57CE}\x{7684}\x{7F8E}\x{8B7D}\x{3002}\x{4E2D}\x{56FD}\x{53E4}"
      RenderBlock {DIV} at (0,12240) size 769x18
        RenderText {#text} at (0,0) size 358x18
          text run at (0,0) width 358: "Font: AppleSDGothicNeo-Thin Weight: 400 Style: italic"
      RenderBlock {DIV} at (0,12258) size 769x18
        RenderText {#text} at (0,0) size 139x18
          text run at (0,0) width 139: "\x{679C}\x{57CE}\x{7684}\x{7F8E}\x{8B7D}\x{3002}\x{4E2D}\x{56FD}\x{53E4}"
      RenderBlock {DIV} at (0,12276) size 769x18
        RenderText {#text} at (0,0) size 358x18
          text run at (0,0) width 358: "Font: AppleSDGothicNeo-Thin Weight: 500 Style: italic"
      RenderBlock {DIV} at (0,12294) size 769x18
        RenderText {#text} at (0,0) size 139x18
          text run at (0,0) width 139: "\x{679C}\x{57CE}\x{7684}\x{7F8E}\x{8B7D}\x{3002}\x{4E2D}\x{56FD}\x{53E4}"
      RenderBlock {DIV} at (0,12312) size 769x18
        RenderText {#text} at (0,0) size 358x18
          text run at (0,0) width 358: "Font: AppleSDGothicNeo-Thin Weight: 600 Style: italic"
      RenderBlock {DIV} at (0,12330) size 769x18
        RenderText {#text} at (0,0) size 148x18
          text run at (0,0) width 148: "\x{679C}\x{57CE}\x{7684}\x{7F8E}\x{8B7D}\x{3002}\x{4E2D}\x{56FD}\x{53E4}"
      RenderBlock {DIV} at (0,12348) size 769x18
        RenderText {#text} at (0,0) size 358x18
          text run at (0,0) width 358: "Font: AppleSDGothicNeo-Thin Weight: 700 Style: italic"
      RenderBlock {DIV} at (0,12366) size 769x18
        RenderText {#text} at (0,0) size 148x18
          text run at (0,0) width 148: "\x{679C}\x{57CE}\x{7684}\x{7F8E}\x{8B7D}\x{3002}\x{4E2D}\x{56FD}\x{53E4}"
      RenderBlock {DIV} at (0,12384) size 769x18
        RenderText {#text} at (0,0) size 358x18
          text run at (0,0) width 358: "Font: AppleSDGothicNeo-Thin Weight: 800 Style: italic"
      RenderBlock {DIV} at (0,12402) size 769x18
        RenderText {#text} at (0,0) size 148x18
          text run at (0,0) width 148: "\x{679C}\x{57CE}\x{7684}\x{7F8E}\x{8B7D}\x{3002}\x{4E2D}\x{56FD}\x{53E4}"
      RenderBlock {DIV} at (0,12420) size 769x18
        RenderText {#text} at (0,0) size 358x18
          text run at (0,0) width 358: "Font: AppleSDGothicNeo-Thin Weight: 900 Style: italic"
      RenderBlock {DIV} at (0,12438) size 769x18
        RenderText {#text} at (0,0) size 148x18
          text run at (0,0) width 148: "\x{679C}\x{57CE}\x{7684}\x{7F8E}\x{8B7D}\x{3002}\x{4E2D}\x{56FD}\x{53E4}"
      RenderBlock {DIV} at (0,12456) size 769x18
        RenderText {#text} at (0,0) size 391x18
          text run at (0,0) width 391: "Font: AppleSDGothicNeo-SemiBold Weight: 100 Style: italic"
      RenderBlock {DIV} at (0,12474) size 769x18
        RenderText {#text} at (0,0) size 139x18
          text run at (0,0) width 139: "\x{679C}\x{57CE}\x{7684}\x{7F8E}\x{8B7D}\x{3002}\x{4E2D}\x{56FD}\x{53E4}"
      RenderBlock {DIV} at (0,12492) size 769x18
        RenderText {#text} at (0,0) size 391x18
          text run at (0,0) width 391: "Font: AppleSDGothicNeo-SemiBold Weight: 200 Style: italic"
      RenderBlock {DIV} at (0,12510) size 769x18
        RenderText {#text} at (0,0) size 139x18
          text run at (0,0) width 139: "\x{679C}\x{57CE}\x{7684}\x{7F8E}\x{8B7D}\x{3002}\x{4E2D}\x{56FD}\x{53E4}"
      RenderBlock {DIV} at (0,12528) size 769x18
        RenderText {#text} at (0,0) size 391x18
          text run at (0,0) width 391: "Font: AppleSDGothicNeo-SemiBold Weight: 300 Style: italic"
      RenderBlock {DIV} at (0,12546) size 769x18
        RenderText {#text} at (0,0) size 139x18
          text run at (0,0) width 139: "\x{679C}\x{57CE}\x{7684}\x{7F8E}\x{8B7D}\x{3002}\x{4E2D}\x{56FD}\x{53E4}"
      RenderBlock {DIV} at (0,12564) size 769x18
        RenderText {#text} at (0,0) size 391x18
          text run at (0,0) width 391: "Font: AppleSDGothicNeo-SemiBold Weight: 400 Style: italic"
      RenderBlock {DIV} at (0,12582) size 769x18
        RenderText {#text} at (0,0) size 139x18
          text run at (0,0) width 139: "\x{679C}\x{57CE}\x{7684}\x{7F8E}\x{8B7D}\x{3002}\x{4E2D}\x{56FD}\x{53E4}"
      RenderBlock {DIV} at (0,12600) size 769x18
        RenderText {#text} at (0,0) size 391x18
          text run at (0,0) width 391: "Font: AppleSDGothicNeo-SemiBold Weight: 500 Style: italic"
      RenderBlock {DIV} at (0,12618) size 769x18
        RenderText {#text} at (0,0) size 139x18
          text run at (0,0) width 139: "\x{679C}\x{57CE}\x{7684}\x{7F8E}\x{8B7D}\x{3002}\x{4E2D}\x{56FD}\x{53E4}"
      RenderBlock {DIV} at (0,12636) size 769x18
        RenderText {#text} at (0,0) size 391x18
          text run at (0,0) width 391: "Font: AppleSDGothicNeo-SemiBold Weight: 600 Style: italic"
      RenderBlock {DIV} at (0,12654) size 769x18
        RenderText {#text} at (0,0) size 148x18
          text run at (0,0) width 148: "\x{679C}\x{57CE}\x{7684}\x{7F8E}\x{8B7D}\x{3002}\x{4E2D}\x{56FD}\x{53E4}"
      RenderBlock {DIV} at (0,12672) size 769x18
        RenderText {#text} at (0,0) size 391x18
          text run at (0,0) width 391: "Font: AppleSDGothicNeo-SemiBold Weight: 700 Style: italic"
      RenderBlock {DIV} at (0,12690) size 769x18
        RenderText {#text} at (0,0) size 148x18
          text run at (0,0) width 148: "\x{679C}\x{57CE}\x{7684}\x{7F8E}\x{8B7D}\x{3002}\x{4E2D}\x{56FD}\x{53E4}"
      RenderBlock {DIV} at (0,12708) size 769x18
        RenderText {#text} at (0,0) size 391x18
          text run at (0,0) width 391: "Font: AppleSDGothicNeo-SemiBold Weight: 800 Style: italic"
      RenderBlock {DIV} at (0,12726) size 769x18
        RenderText {#text} at (0,0) size 148x18
          text run at (0,0) width 148: "\x{679C}\x{57CE}\x{7684}\x{7F8E}\x{8B7D}\x{3002}\x{4E2D}\x{56FD}\x{53E4}"
      RenderBlock {DIV} at (0,12744) size 769x18
        RenderText {#text} at (0,0) size 391x18
          text run at (0,0) width 391: "Font: AppleSDGothicNeo-SemiBold Weight: 900 Style: italic"
      RenderBlock {DIV} at (0,12762) size 769x18
        RenderText {#text} at (0,0) size 148x18
          text run at (0,0) width 148: "\x{679C}\x{57CE}\x{7684}\x{7F8E}\x{8B7D}\x{3002}\x{4E2D}\x{56FD}\x{53E4}"
      RenderBlock {DIV} at (0,12780) size 769x18
        RenderText {#text} at (0,0) size 359x18
          text run at (0,0) width 359: "Font: AppleSDGothicNeo-Bold Weight: 100 Style: italic"
      RenderBlock {DIV} at (0,12798) size 769x18
        RenderText {#text} at (0,0) size 139x18
          text run at (0,0) width 139: "\x{679C}\x{57CE}\x{7684}\x{7F8E}\x{8B7D}\x{3002}\x{4E2D}\x{56FD}\x{53E4}"
      RenderBlock {DIV} at (0,12816) size 769x18
        RenderText {#text} at (0,0) size 359x18
          text run at (0,0) width 359: "Font: AppleSDGothicNeo-Bold Weight: 200 Style: italic"
      RenderBlock {DIV} at (0,12834) size 769x18
        RenderText {#text} at (0,0) size 139x18
          text run at (0,0) width 139: "\x{679C}\x{57CE}\x{7684}\x{7F8E}\x{8B7D}\x{3002}\x{4E2D}\x{56FD}\x{53E4}"
      RenderBlock {DIV} at (0,12852) size 769x18
        RenderText {#text} at (0,0) size 359x18
          text run at (0,0) width 359: "Font: AppleSDGothicNeo-Bold Weight: 300 Style: italic"
      RenderBlock {DIV} at (0,12870) size 769x18
        RenderText {#text} at (0,0) size 139x18
          text run at (0,0) width 139: "\x{679C}\x{57CE}\x{7684}\x{7F8E}\x{8B7D}\x{3002}\x{4E2D}\x{56FD}\x{53E4}"
      RenderBlock {DIV} at (0,12888) size 769x18
        RenderText {#text} at (0,0) size 359x18
          text run at (0,0) width 359: "Font: AppleSDGothicNeo-Bold Weight: 400 Style: italic"
      RenderBlock {DIV} at (0,12906) size 769x18
        RenderText {#text} at (0,0) size 139x18
          text run at (0,0) width 139: "\x{679C}\x{57CE}\x{7684}\x{7F8E}\x{8B7D}\x{3002}\x{4E2D}\x{56FD}\x{53E4}"
      RenderBlock {DIV} at (0,12924) size 769x18
        RenderText {#text} at (0,0) size 359x18
          text run at (0,0) width 359: "Font: AppleSDGothicNeo-Bold Weight: 500 Style: italic"
      RenderBlock {DIV} at (0,12942) size 769x18
        RenderText {#text} at (0,0) size 139x18
          text run at (0,0) width 139: "\x{679C}\x{57CE}\x{7684}\x{7F8E}\x{8B7D}\x{3002}\x{4E2D}\x{56FD}\x{53E4}"
      RenderBlock {DIV} at (0,12960) size 769x18
        RenderText {#text} at (0,0) size 359x18
          text run at (0,0) width 359: "Font: AppleSDGothicNeo-Bold Weight: 600 Style: italic"
      RenderBlock {DIV} at (0,12978) size 769x18
        RenderText {#text} at (0,0) size 148x18
          text run at (0,0) width 148: "\x{679C}\x{57CE}\x{7684}\x{7F8E}\x{8B7D}\x{3002}\x{4E2D}\x{56FD}\x{53E4}"
      RenderBlock {DIV} at (0,12996) size 769x18
        RenderText {#text} at (0,0) size 359x18
          text run at (0,0) width 359: "Font: AppleSDGothicNeo-Bold Weight: 700 Style: italic"
      RenderBlock {DIV} at (0,13014) size 769x18
        RenderText {#text} at (0,0) size 148x18
          text run at (0,0) width 148: "\x{679C}\x{57CE}\x{7684}\x{7F8E}\x{8B7D}\x{3002}\x{4E2D}\x{56FD}\x{53E4}"
      RenderBlock {DIV} at (0,13032) size 769x18
        RenderText {#text} at (0,0) size 359x18
          text run at (0,0) width 359: "Font: AppleSDGothicNeo-Bold Weight: 800 Style: italic"
      RenderBlock {DIV} at (0,13050) size 769x18
        RenderText {#text} at (0,0) size 148x18
          text run at (0,0) width 148: "\x{679C}\x{57CE}\x{7684}\x{7F8E}\x{8B7D}\x{3002}\x{4E2D}\x{56FD}\x{53E4}"
      RenderBlock {DIV} at (0,13068) size 769x18
        RenderText {#text} at (0,0) size 359x18
          text run at (0,0) width 359: "Font: AppleSDGothicNeo-Bold Weight: 900 Style: italic"
      RenderBlock {DIV} at (0,13086) size 769x18
        RenderText {#text} at (0,0) size 148x18
          text run at (0,0) width 148: "\x{679C}\x{57CE}\x{7684}\x{7F8E}\x{8B7D}\x{3002}\x{4E2D}\x{56FD}\x{53E4}"
      RenderBlock {DIV} at (0,13104) size 769x18
        RenderText {#text} at (0,0) size 393x18
          text run at (0,0) width 393: "Font: AppleSDGothicNeo-ExtraBold Weight: 100 Style: italic"
      RenderBlock {DIV} at (0,13122) size 769x18
        RenderText {#text} at (0,0) size 139x18
          text run at (0,0) width 139: "\x{679C}\x{57CE}\x{7684}\x{7F8E}\x{8B7D}\x{3002}\x{4E2D}\x{56FD}\x{53E4}"
      RenderBlock {DIV} at (0,13140) size 769x18
        RenderText {#text} at (0,0) size 393x18
          text run at (0,0) width 393: "Font: AppleSDGothicNeo-ExtraBold Weight: 200 Style: italic"
      RenderBlock {DIV} at (0,13158) size 769x18
        RenderText {#text} at (0,0) size 139x18
          text run at (0,0) width 139: "\x{679C}\x{57CE}\x{7684}\x{7F8E}\x{8B7D}\x{3002}\x{4E2D}\x{56FD}\x{53E4}"
      RenderBlock {DIV} at (0,13176) size 769x18
        RenderText {#text} at (0,0) size 393x18
          text run at (0,0) width 393: "Font: AppleSDGothicNeo-ExtraBold Weight: 300 Style: italic"
      RenderBlock {DIV} at (0,13194) size 769x18
        RenderText {#text} at (0,0) size 139x18
          text run at (0,0) width 139: "\x{679C}\x{57CE}\x{7684}\x{7F8E}\x{8B7D}\x{3002}\x{4E2D}\x{56FD}\x{53E4}"
      RenderBlock {DIV} at (0,13212) size 769x18
        RenderText {#text} at (0,0) size 393x18
          text run at (0,0) width 393: "Font: AppleSDGothicNeo-ExtraBold Weight: 400 Style: italic"
      RenderBlock {DIV} at (0,13230) size 769x18
        RenderText {#text} at (0,0) size 139x18
          text run at (0,0) width 139: "\x{679C}\x{57CE}\x{7684}\x{7F8E}\x{8B7D}\x{3002}\x{4E2D}\x{56FD}\x{53E4}"
      RenderBlock {DIV} at (0,13248) size 769x18
        RenderText {#text} at (0,0) size 393x18
          text run at (0,0) width 393: "Font: AppleSDGothicNeo-ExtraBold Weight: 500 Style: italic"
      RenderBlock {DIV} at (0,13266) size 769x18
        RenderText {#text} at (0,0) size 139x18
          text run at (0,0) width 139: "\x{679C}\x{57CE}\x{7684}\x{7F8E}\x{8B7D}\x{3002}\x{4E2D}\x{56FD}\x{53E4}"
      RenderBlock {DIV} at (0,13284) size 769x18
        RenderText {#text} at (0,0) size 393x18
          text run at (0,0) width 393: "Font: AppleSDGothicNeo-ExtraBold Weight: 600 Style: italic"
      RenderBlock {DIV} at (0,13302) size 769x18
        RenderText {#text} at (0,0) size 148x18
          text run at (0,0) width 148: "\x{679C}\x{57CE}\x{7684}\x{7F8E}\x{8B7D}\x{3002}\x{4E2D}\x{56FD}\x{53E4}"
      RenderBlock {DIV} at (0,13320) size 769x18
        RenderText {#text} at (0,0) size 393x18
          text run at (0,0) width 393: "Font: AppleSDGothicNeo-ExtraBold Weight: 700 Style: italic"
      RenderBlock {DIV} at (0,13338) size 769x18
        RenderText {#text} at (0,0) size 148x18
          text run at (0,0) width 148: "\x{679C}\x{57CE}\x{7684}\x{7F8E}\x{8B7D}\x{3002}\x{4E2D}\x{56FD}\x{53E4}"
      RenderBlock {DIV} at (0,13356) size 769x18
        RenderText {#text} at (0,0) size 393x18
          text run at (0,0) width 393: "Font: AppleSDGothicNeo-ExtraBold Weight: 800 Style: italic"
      RenderBlock {DIV} at (0,13374) size 769x18
        RenderText {#text} at (0,0) size 148x18
          text run at (0,0) width 148: "\x{679C}\x{57CE}\x{7684}\x{7F8E}\x{8B7D}\x{3002}\x{4E2D}\x{56FD}\x{53E4}"
      RenderBlock {DIV} at (0,13392) size 769x18
        RenderText {#text} at (0,0) size 393x18
          text run at (0,0) width 393: "Font: AppleSDGothicNeo-ExtraBold Weight: 900 Style: italic"
      RenderBlock {DIV} at (0,13410) size 769x18
        RenderText {#text} at (0,0) size 148x18
          text run at (0,0) width 148: "\x{679C}\x{57CE}\x{7684}\x{7F8E}\x{8B7D}\x{3002}\x{4E2D}\x{56FD}\x{53E4}"
      RenderBlock {DIV} at (0,13428) size 769x18
        RenderText {#text} at (0,0) size 370x18
          text run at (0,0) width 370: "Font: AppleSDGothicNeo-Heavy Weight: 100 Style: italic"
      RenderBlock {DIV} at (0,13446) size 769x18
        RenderText {#text} at (0,0) size 139x18
          text run at (0,0) width 139: "\x{679C}\x{57CE}\x{7684}\x{7F8E}\x{8B7D}\x{3002}\x{4E2D}\x{56FD}\x{53E4}"
      RenderBlock {DIV} at (0,13464) size 769x18
        RenderText {#text} at (0,0) size 370x18
          text run at (0,0) width 370: "Font: AppleSDGothicNeo-Heavy Weight: 200 Style: italic"
      RenderBlock {DIV} at (0,13482) size 769x18
        RenderText {#text} at (0,0) size 139x18
          text run at (0,0) width 139: "\x{679C}\x{57CE}\x{7684}\x{7F8E}\x{8B7D}\x{3002}\x{4E2D}\x{56FD}\x{53E4}"
      RenderBlock {DIV} at (0,13500) size 769x18
        RenderText {#text} at (0,0) size 370x18
          text run at (0,0) width 370: "Font: AppleSDGothicNeo-Heavy Weight: 300 Style: italic"
      RenderBlock {DIV} at (0,13518) size 769x18
        RenderText {#text} at (0,0) size 139x18
          text run at (0,0) width 139: "\x{679C}\x{57CE}\x{7684}\x{7F8E}\x{8B7D}\x{3002}\x{4E2D}\x{56FD}\x{53E4}"
      RenderBlock {DIV} at (0,13536) size 769x18
        RenderText {#text} at (0,0) size 370x18
          text run at (0,0) width 370: "Font: AppleSDGothicNeo-Heavy Weight: 400 Style: italic"
      RenderBlock {DIV} at (0,13554) size 769x18
        RenderText {#text} at (0,0) size 139x18
          text run at (0,0) width 139: "\x{679C}\x{57CE}\x{7684}\x{7F8E}\x{8B7D}\x{3002}\x{4E2D}\x{56FD}\x{53E4}"
      RenderBlock {DIV} at (0,13572) size 769x18
        RenderText {#text} at (0,0) size 370x18
          text run at (0,0) width 370: "Font: AppleSDGothicNeo-Heavy Weight: 500 Style: italic"
      RenderBlock {DIV} at (0,13590) size 769x18
        RenderText {#text} at (0,0) size 139x18
          text run at (0,0) width 139: "\x{679C}\x{57CE}\x{7684}\x{7F8E}\x{8B7D}\x{3002}\x{4E2D}\x{56FD}\x{53E4}"
      RenderBlock {DIV} at (0,13608) size 769x18
        RenderText {#text} at (0,0) size 370x18
          text run at (0,0) width 370: "Font: AppleSDGothicNeo-Heavy Weight: 600 Style: italic"
      RenderBlock {DIV} at (0,13626) size 769x18
        RenderText {#text} at (0,0) size 148x18
          text run at (0,0) width 148: "\x{679C}\x{57CE}\x{7684}\x{7F8E}\x{8B7D}\x{3002}\x{4E2D}\x{56FD}\x{53E4}"
      RenderBlock {DIV} at (0,13644) size 769x18
        RenderText {#text} at (0,0) size 370x18
          text run at (0,0) width 370: "Font: AppleSDGothicNeo-Heavy Weight: 700 Style: italic"
      RenderBlock {DIV} at (0,13662) size 769x18
        RenderText {#text} at (0,0) size 148x18
          text run at (0,0) width 148: "\x{679C}\x{57CE}\x{7684}\x{7F8E}\x{8B7D}\x{3002}\x{4E2D}\x{56FD}\x{53E4}"
      RenderBlock {DIV} at (0,13680) size 769x18
        RenderText {#text} at (0,0) size 370x18
          text run at (0,0) width 370: "Font: AppleSDGothicNeo-Heavy Weight: 800 Style: italic"
      RenderBlock {DIV} at (0,13698) size 769x18
        RenderText {#text} at (0,0) size 148x18
          text run at (0,0) width 148: "\x{679C}\x{57CE}\x{7684}\x{7F8E}\x{8B7D}\x{3002}\x{4E2D}\x{56FD}\x{53E4}"
      RenderBlock {DIV} at (0,13716) size 769x18
        RenderText {#text} at (0,0) size 370x18
          text run at (0,0) width 370: "Font: AppleSDGothicNeo-Heavy Weight: 900 Style: italic"
      RenderBlock {DIV} at (0,13734) size 769x18
        RenderText {#text} at (0,0) size 148x18
          text run at (0,0) width 148: "\x{679C}\x{57CE}\x{7684}\x{7F8E}\x{8B7D}\x{3002}\x{4E2D}\x{56FD}\x{53E4}"
