layer at (0,0) size 785x6648
  RenderView at (0,0) size 785x600
layer at (0,0) size 785x6648
  RenderBlock {HTML} at (0,0) size 785x6648
    RenderBody {BODY} at (8,8) size 769x6632
      RenderBlock (anonymous) at (0,0) size 769x144
        RenderText {#text} at (0,0) size 761x72
          text run at (0,0) width 761: "This test is designed to test the interaction between font-family and font-weight. In particular, our implementation of font-"
          text run at (0,18) width 715: "family accepts PostScript names, which may name a font with a particular weight. However, there is another CSS"
          text run at (0,36) width 753: "property, font-weight, in which the author may also name a particular weight. Our font selection algorithm takes both of"
          text run at (0,54) width 299: "these signals into account when choosing fonts."
        RenderBR {BR} at (299,54) size 0x18
        RenderBR {BR} at (0,72) size 0x18
        RenderText {#text} at (0,90) size 753x54
          text run at (0,90) width 753: "There is currently no good way in JavaScript to find the actual font chosen for some text. Therefore, the best way to test"
          text run at (0,108) width 714: "this aspect of the font selection algorithm is to dump the render tree, therefore testing glyph advances (which are a"
          text run at (0,126) width 155: "property of font weight)."
      RenderBlock {DIV} at (0,144) size 769x18
        RenderText {#text} at (0,0) size 340x18
          text run at (0,0) width 340: "Font: Helvetica Neue Weight: 100 Style: normal"
      RenderBlock {DIV} at (0,162) size 769x18
        RenderText {#text} at (0,0) size 340x18
          text run at (0,0) width 340: "Font: Helvetica Neue Weight: 200 Style: normal"
      RenderBlock {DIV} at (0,180) size 769x18
        RenderText {#text} at (0,0) size 340x18
          text run at (0,0) width 340: "Font: Helvetica Neue Weight: 300 Style: normal"
      RenderBlock {DIV} at (0,198) size 769x18
        RenderText {#text} at (0,0) size 340x18
          text run at (0,0) width 340: "Font: Helvetica Neue Weight: 400 Style: normal"
      RenderBlock {DIV} at (0,216) size 769x18
        RenderText {#text} at (0,0) size 340x18
          text run at (0,0) width 340: "Font: Helvetica Neue Weight: 500 Style: normal"
      RenderBlock {DIV} at (0,234) size 769x19
        RenderText {#text} at (0,0) size 348x19
          text run at (0,0) width 348: "Font: Helvetica Neue Weight: 600 Style: normal"
      RenderBlock {DIV} at (0,253) size 769x19
        RenderText {#text} at (0,0) size 348x19
          text run at (0,0) width 348: "Font: Helvetica Neue Weight: 700 Style: normal"
      RenderBlock {DIV} at (0,272) size 769x19
        RenderText {#text} at (0,0) size 348x19
          text run at (0,0) width 348: "Font: Helvetica Neue Weight: 800 Style: normal"
      RenderBlock {DIV} at (0,291) size 769x19
        RenderText {#text} at (0,0) size 348x19
          text run at (0,0) width 348: "Font: Helvetica Neue Weight: 900 Style: normal"
      RenderBlock {DIV} at (0,310) size 769x18
        RenderText {#text} at (0,0) size 372x18
          text run at (0,0) width 372: "Font: HelveticaNeue-UltraLight Weight: 100 Style: normal"
      RenderBlock {DIV} at (0,328) size 769x18
        RenderText {#text} at (0,0) size 372x18
          text run at (0,0) width 372: "Font: HelveticaNeue-UltraLight Weight: 200 Style: normal"
      RenderBlock {DIV} at (0,346) size 769x18
        RenderText {#text} at (0,0) size 372x18
          text run at (0,0) width 372: "Font: HelveticaNeue-UltraLight Weight: 300 Style: normal"
      RenderBlock {DIV} at (0,364) size 769x18
        RenderText {#text} at (0,0) size 372x18
          text run at (0,0) width 372: "Font: HelveticaNeue-UltraLight Weight: 400 Style: normal"
      RenderBlock {DIV} at (0,382) size 769x18
        RenderText {#text} at (0,0) size 372x18
          text run at (0,0) width 372: "Font: HelveticaNeue-UltraLight Weight: 500 Style: normal"
      RenderBlock {DIV} at (0,400) size 769x18
        RenderText {#text} at (0,0) size 397x18
          text run at (0,0) width 397: "Font: HelveticaNeue-UltraLight Weight: 600 Style: normal"
      RenderBlock {DIV} at (0,418) size 769x18
        RenderText {#text} at (0,0) size 397x18
          text run at (0,0) width 397: "Font: HelveticaNeue-UltraLight Weight: 700 Style: normal"
      RenderBlock {DIV} at (0,436) size 769x18
        RenderText {#text} at (0,0) size 397x18
          text run at (0,0) width 397: "Font: HelveticaNeue-UltraLight Weight: 800 Style: normal"
      RenderBlock {DIV} at (0,454) size 769x18
        RenderText {#text} at (0,0) size 397x18
          text run at (0,0) width 397: "Font: HelveticaNeue-UltraLight Weight: 900 Style: normal"
      RenderBlock {DIV} at (0,472) size 769x18
        RenderText {#text} at (0,0) size 340x18
          text run at (0,0) width 340: "Font: HelveticaNeue-Light Weight: 100 Style: normal"
      RenderBlock {DIV} at (0,490) size 769x18
        RenderText {#text} at (0,0) size 340x18
          text run at (0,0) width 340: "Font: HelveticaNeue-Light Weight: 200 Style: normal"
      RenderBlock {DIV} at (0,508) size 769x18
        RenderText {#text} at (0,0) size 340x18
          text run at (0,0) width 340: "Font: HelveticaNeue-Light Weight: 300 Style: normal"
      RenderBlock {DIV} at (0,526) size 769x18
        RenderText {#text} at (0,0) size 340x18
          text run at (0,0) width 340: "Font: HelveticaNeue-Light Weight: 400 Style: normal"
      RenderBlock {DIV} at (0,544) size 769x18
        RenderText {#text} at (0,0) size 340x18
          text run at (0,0) width 340: "Font: HelveticaNeue-Light Weight: 500 Style: normal"
      RenderBlock {DIV} at (0,562) size 769x18
        RenderText {#text} at (0,0) size 361x18
          text run at (0,0) width 361: "Font: HelveticaNeue-Light Weight: 600 Style: normal"
      RenderBlock {DIV} at (0,580) size 769x18
        RenderText {#text} at (0,0) size 361x18
          text run at (0,0) width 361: "Font: HelveticaNeue-Light Weight: 700 Style: normal"
      RenderBlock {DIV} at (0,598) size 769x18
        RenderText {#text} at (0,0) size 361x18
          text run at (0,0) width 361: "Font: HelveticaNeue-Light Weight: 800 Style: normal"
      RenderBlock {DIV} at (0,616) size 769x18
        RenderText {#text} at (0,0) size 361x18
          text run at (0,0) width 361: "Font: HelveticaNeue-Light Weight: 900 Style: normal"
      RenderBlock {DIV} at (0,634) size 769x18
        RenderText {#text} at (0,0) size 301x18
          text run at (0,0) width 301: "Font: HelveticaNeue Weight: 100 Style: normal"
      RenderBlock {DIV} at (0,652) size 769x18
        RenderText {#text} at (0,0) size 301x18
          text run at (0,0) width 301: "Font: HelveticaNeue Weight: 200 Style: normal"
      RenderBlock {DIV} at (0,670) size 769x18
        RenderText {#text} at (0,0) size 301x18
          text run at (0,0) width 301: "Font: HelveticaNeue Weight: 300 Style: normal"
      RenderBlock {DIV} at (0,688) size 769x18
        RenderText {#text} at (0,0) size 301x18
          text run at (0,0) width 301: "Font: HelveticaNeue Weight: 400 Style: normal"
      RenderBlock {DIV} at (0,706) size 769x18
        RenderText {#text} at (0,0) size 301x18
          text run at (0,0) width 301: "Font: HelveticaNeue Weight: 500 Style: normal"
      RenderBlock {DIV} at (0,724) size 769x18
        RenderText {#text} at (0,0) size 319x18
          text run at (0,0) width 319: "Font: HelveticaNeue Weight: 600 Style: normal"
      RenderBlock {DIV} at (0,742) size 769x18
        RenderText {#text} at (0,0) size 319x18
          text run at (0,0) width 319: "Font: HelveticaNeue Weight: 700 Style: normal"
      RenderBlock {DIV} at (0,760) size 769x18
        RenderText {#text} at (0,0) size 319x18
          text run at (0,0) width 319: "Font: HelveticaNeue Weight: 800 Style: normal"
      RenderBlock {DIV} at (0,778) size 769x18
        RenderText {#text} at (0,0) size 319x18
          text run at (0,0) width 319: "Font: HelveticaNeue Weight: 900 Style: normal"
      RenderBlock {DIV} at (0,796) size 769x18
        RenderText {#text} at (0,0) size 359x18
          text run at (0,0) width 359: "Font: HelveticaNeue-Medium Weight: 100 Style: normal"
      RenderBlock {DIV} at (0,814) size 769x18
        RenderText {#text} at (0,0) size 359x18
          text run at (0,0) width 359: "Font: HelveticaNeue-Medium Weight: 200 Style: normal"
      RenderBlock {DIV} at (0,832) size 769x18
        RenderText {#text} at (0,0) size 359x18
          text run at (0,0) width 359: "Font: HelveticaNeue-Medium Weight: 300 Style: normal"
      RenderBlock {DIV} at (0,850) size 769x18
        RenderText {#text} at (0,0) size 359x18
          text run at (0,0) width 359: "Font: HelveticaNeue-Medium Weight: 400 Style: normal"
      RenderBlock {DIV} at (0,868) size 769x18
        RenderText {#text} at (0,0) size 359x18
          text run at (0,0) width 359: "Font: HelveticaNeue-Medium Weight: 500 Style: normal"
      RenderBlock {DIV} at (0,886) size 769x18
        RenderText {#text} at (0,0) size 381x18
          text run at (0,0) width 381: "Font: HelveticaNeue-Medium Weight: 600 Style: normal"
      RenderBlock {DIV} at (0,904) size 769x18
        RenderText {#text} at (0,0) size 381x18
          text run at (0,0) width 381: "Font: HelveticaNeue-Medium Weight: 700 Style: normal"
      RenderBlock {DIV} at (0,922) size 769x18
        RenderText {#text} at (0,0) size 381x18
          text run at (0,0) width 381: "Font: HelveticaNeue-Medium Weight: 800 Style: normal"
      RenderBlock {DIV} at (0,940) size 769x18
        RenderText {#text} at (0,0) size 381x18
          text run at (0,0) width 381: "Font: HelveticaNeue-Medium Weight: 900 Style: normal"
      RenderBlock {DIV} at (0,958) size 769x18
        RenderText {#text} at (0,0) size 337x18
          text run at (0,0) width 337: "Font: HelveticaNeue-Bold Weight: 100 Style: normal"
      RenderBlock {DIV} at (0,976) size 769x18
        RenderText {#text} at (0,0) size 337x18
          text run at (0,0) width 337: "Font: HelveticaNeue-Bold Weight: 200 Style: normal"
      RenderBlock {DIV} at (0,994) size 769x18
        RenderText {#text} at (0,0) size 337x18
          text run at (0,0) width 337: "Font: HelveticaNeue-Bold Weight: 300 Style: normal"
      RenderBlock {DIV} at (0,1012) size 769x18
        RenderText {#text} at (0,0) size 337x18
          text run at (0,0) width 337: "Font: HelveticaNeue-Bold Weight: 400 Style: normal"
      RenderBlock {DIV} at (0,1030) size 769x18
        RenderText {#text} at (0,0) size 337x18
          text run at (0,0) width 337: "Font: HelveticaNeue-Bold Weight: 500 Style: normal"
      RenderBlock {DIV} at (0,1048) size 769x18
        RenderText {#text} at (0,0) size 356x18
          text run at (0,0) width 356: "Font: HelveticaNeue-Bold Weight: 600 Style: normal"
      RenderBlock {DIV} at (0,1066) size 769x18
        RenderText {#text} at (0,0) size 356x18
          text run at (0,0) width 356: "Font: HelveticaNeue-Bold Weight: 700 Style: normal"
      RenderBlock {DIV} at (0,1084) size 769x18
        RenderText {#text} at (0,0) size 356x18
          text run at (0,0) width 356: "Font: HelveticaNeue-Bold Weight: 800 Style: normal"
      RenderBlock {DIV} at (0,1102) size 769x18
        RenderText {#text} at (0,0) size 356x18
          text run at (0,0) width 356: "Font: HelveticaNeue-Bold Weight: 900 Style: normal"
      RenderBlock {DIV} at (0,1120) size 769x18
        RenderText {#text} at (0,0) size 403x18
          text run at (0,0) width 403: "Font: HelveticaNeue-UltraLightItalic Weight: 100 Style: normal"
      RenderBlock {DIV} at (0,1138) size 769x18
        RenderText {#text} at (0,0) size 403x18
          text run at (0,0) width 403: "Font: HelveticaNeue-UltraLightItalic Weight: 200 Style: normal"
      RenderBlock {DIV} at (0,1156) size 769x18
        RenderText {#text} at (0,0) size 403x18
          text run at (0,0) width 403: "Font: HelveticaNeue-UltraLightItalic Weight: 300 Style: normal"
      RenderBlock {DIV} at (0,1174) size 769x18
        RenderText {#text} at (0,0) size 403x18
          text run at (0,0) width 403: "Font: HelveticaNeue-UltraLightItalic Weight: 400 Style: normal"
      RenderBlock {DIV} at (0,1192) size 769x18
        RenderText {#text} at (0,0) size 403x18
          text run at (0,0) width 403: "Font: HelveticaNeue-UltraLightItalic Weight: 500 Style: normal"
      RenderBlock {DIV} at (0,1210) size 769x18
        RenderText {#text} at (0,0) size 431x18
          text run at (0,0) width 431: "Font: HelveticaNeue-UltraLightItalic Weight: 600 Style: normal"
      RenderBlock {DIV} at (0,1228) size 769x18
        RenderText {#text} at (0,0) size 431x18
          text run at (0,0) width 431: "Font: HelveticaNeue-UltraLightItalic Weight: 700 Style: normal"
      RenderBlock {DIV} at (0,1246) size 769x18
        RenderText {#text} at (0,0) size 431x18
          text run at (0,0) width 431: "Font: HelveticaNeue-UltraLightItalic Weight: 800 Style: normal"
      RenderBlock {DIV} at (0,1264) size 769x18
        RenderText {#text} at (0,0) size 431x18
          text run at (0,0) width 431: "Font: HelveticaNeue-UltraLightItalic Weight: 900 Style: normal"
      RenderBlock {DIV} at (0,1282) size 769x18
        RenderText {#text} at (0,0) size 371x18
          text run at (0,0) width 371: "Font: HelveticaNeue-LightItalic Weight: 100 Style: normal"
      RenderBlock {DIV} at (0,1300) size 769x18
        RenderText {#text} at (0,0) size 371x18
          text run at (0,0) width 371: "Font: HelveticaNeue-LightItalic Weight: 200 Style: normal"
      RenderBlock {DIV} at (0,1318) size 769x18
        RenderText {#text} at (0,0) size 371x18
          text run at (0,0) width 371: "Font: HelveticaNeue-LightItalic Weight: 300 Style: normal"
      RenderBlock {DIV} at (0,1336) size 769x18
        RenderText {#text} at (0,0) size 371x18
          text run at (0,0) width 371: "Font: HelveticaNeue-LightItalic Weight: 400 Style: normal"
      RenderBlock {DIV} at (0,1354) size 769x18
        RenderText {#text} at (0,0) size 371x18
          text run at (0,0) width 371: "Font: HelveticaNeue-LightItalic Weight: 500 Style: normal"
      RenderBlock {DIV} at (0,1372) size 769x18
        RenderText {#text} at (0,0) size 395x18
          text run at (0,0) width 395: "Font: HelveticaNeue-LightItalic Weight: 600 Style: normal"
      RenderBlock {DIV} at (0,1390) size 769x18
        RenderText {#text} at (0,0) size 395x18
          text run at (0,0) width 395: "Font: HelveticaNeue-LightItalic Weight: 700 Style: normal"
      RenderBlock {DIV} at (0,1408) size 769x18
        RenderText {#text} at (0,0) size 395x18
          text run at (0,0) width 395: "Font: HelveticaNeue-LightItalic Weight: 800 Style: normal"
      RenderBlock {DIV} at (0,1426) size 769x18
        RenderText {#text} at (0,0) size 395x18
          text run at (0,0) width 395: "Font: HelveticaNeue-LightItalic Weight: 900 Style: normal"
      RenderBlock {DIV} at (0,1444) size 769x18
        RenderText {#text} at (0,0) size 337x18
          text run at (0,0) width 337: "Font: HelveticaNeue-Italic Weight: 100 Style: normal"
      RenderBlock {DIV} at (0,1462) size 769x18
        RenderText {#text} at (0,0) size 337x18
          text run at (0,0) width 337: "Font: HelveticaNeue-Italic Weight: 200 Style: normal"
      RenderBlock {DIV} at (0,1480) size 769x18
        RenderText {#text} at (0,0) size 337x18
          text run at (0,0) width 337: "Font: HelveticaNeue-Italic Weight: 300 Style: normal"
      RenderBlock {DIV} at (0,1498) size 769x18
        RenderText {#text} at (0,0) size 337x18
          text run at (0,0) width 337: "Font: HelveticaNeue-Italic Weight: 400 Style: normal"
      RenderBlock {DIV} at (0,1516) size 769x18
        RenderText {#text} at (0,0) size 337x18
          text run at (0,0) width 337: "Font: HelveticaNeue-Italic Weight: 500 Style: normal"
      RenderBlock {DIV} at (0,1534) size 769x18
        RenderText {#text} at (0,0) size 358x18
          text run at (0,0) width 358: "Font: HelveticaNeue-Italic Weight: 600 Style: normal"
      RenderBlock {DIV} at (0,1552) size 769x18
        RenderText {#text} at (0,0) size 358x18
          text run at (0,0) width 358: "Font: HelveticaNeue-Italic Weight: 700 Style: normal"
      RenderBlock {DIV} at (0,1570) size 769x18
        RenderText {#text} at (0,0) size 358x18
          text run at (0,0) width 358: "Font: HelveticaNeue-Italic Weight: 800 Style: normal"
      RenderBlock {DIV} at (0,1588) size 769x18
        RenderText {#text} at (0,0) size 358x18
          text run at (0,0) width 358: "Font: HelveticaNeue-Italic Weight: 900 Style: normal"
      RenderBlock {DIV} at (0,1606) size 769x18
        RenderText {#text} at (0,0) size 368x18
          text run at (0,0) width 368: "Font: HelveticaNeue-BoldItalic Weight: 100 Style: normal"
      RenderBlock {DIV} at (0,1624) size 769x18
        RenderText {#text} at (0,0) size 368x18
          text run at (0,0) width 368: "Font: HelveticaNeue-BoldItalic Weight: 200 Style: normal"
      RenderBlock {DIV} at (0,1642) size 769x18
        RenderText {#text} at (0,0) size 368x18
          text run at (0,0) width 368: "Font: HelveticaNeue-BoldItalic Weight: 300 Style: normal"
      RenderBlock {DIV} at (0,1660) size 769x18
        RenderText {#text} at (0,0) size 368x18
          text run at (0,0) width 368: "Font: HelveticaNeue-BoldItalic Weight: 400 Style: normal"
      RenderBlock {DIV} at (0,1678) size 769x18
        RenderText {#text} at (0,0) size 368x18
          text run at (0,0) width 368: "Font: HelveticaNeue-BoldItalic Weight: 500 Style: normal"
      RenderBlock {DIV} at (0,1696) size 769x18
        RenderText {#text} at (0,0) size 390x18
          text run at (0,0) width 390: "Font: HelveticaNeue-BoldItalic Weight: 600 Style: normal"
      RenderBlock {DIV} at (0,1714) size 769x18
        RenderText {#text} at (0,0) size 390x18
          text run at (0,0) width 390: "Font: HelveticaNeue-BoldItalic Weight: 700 Style: normal"
      RenderBlock {DIV} at (0,1732) size 769x18
        RenderText {#text} at (0,0) size 390x18
          text run at (0,0) width 390: "Font: HelveticaNeue-BoldItalic Weight: 800 Style: normal"
      RenderBlock {DIV} at (0,1750) size 769x18
        RenderText {#text} at (0,0) size 390x18
          text run at (0,0) width 390: "Font: HelveticaNeue-BoldItalic Weight: 900 Style: normal"
      RenderBlock {DIV} at (0,1768) size 769x18
        RenderText {#text} at (0,0) size 323x18
          text run at (0,0) width 323: "Font: Helvetica Neue Weight: 100 Style: italic"
      RenderBlock {DIV} at (0,1786) size 769x18
        RenderText {#text} at (0,0) size 323x18
          text run at (0,0) width 323: "Font: Helvetica Neue Weight: 200 Style: italic"
      RenderBlock {DIV} at (0,1804) size 769x18
        RenderText {#text} at (0,0) size 323x18
          text run at (0,0) width 323: "Font: Helvetica Neue Weight: 300 Style: italic"
      RenderBlock {DIV} at (0,1822) size 769x18
        RenderText {#text} at (0,0) size 323x18
          text run at (0,0) width 323: "Font: Helvetica Neue Weight: 400 Style: italic"
      RenderBlock {DIV} at (0,1840) size 769x18
        RenderText {#text} at (0,0) size 323x18
          text run at (0,0) width 323: "Font: Helvetica Neue Weight: 500 Style: italic"
      RenderBlock {DIV} at (0,1858) size 769x19
        RenderText {#text} at (0,0) size 334x19
          text run at (0,0) width 334: "Font: Helvetica Neue Weight: 600 Style: italic"
      RenderBlock {DIV} at (0,1877) size 769x19
        RenderText {#text} at (0,0) size 334x19
          text run at (0,0) width 334: "Font: Helvetica Neue Weight: 700 Style: italic"
      RenderBlock {DIV} at (0,1896) size 769x19
        RenderText {#text} at (0,0) size 334x19
          text run at (0,0) width 334: "Font: Helvetica Neue Weight: 800 Style: italic"
      RenderBlock {DIV} at (0,1915) size 769x19
        RenderText {#text} at (0,0) size 334x19
          text run at (0,0) width 334: "Font: Helvetica Neue Weight: 900 Style: italic"
      RenderBlock {DIV} at (0,1934) size 769x18
        RenderText {#text} at (0,0) size 359x18
          text run at (0,0) width 359: "Font: HelveticaNeue-UltraLight Weight: 100 Style: italic"
      RenderBlock {DIV} at (0,1952) size 769x18
        RenderText {#text} at (0,0) size 359x18
          text run at (0,0) width 359: "Font: HelveticaNeue-UltraLight Weight: 200 Style: italic"
      RenderBlock {DIV} at (0,1970) size 769x18
        RenderText {#text} at (0,0) size 359x18
          text run at (0,0) width 359: "Font: HelveticaNeue-UltraLight Weight: 300 Style: italic"
      RenderBlock {DIV} at (0,1988) size 769x18
        RenderText {#text} at (0,0) size 359x18
          text run at (0,0) width 359: "Font: HelveticaNeue-UltraLight Weight: 400 Style: italic"
      RenderBlock {DIV} at (0,2006) size 769x18
        RenderText {#text} at (0,0) size 359x18
          text run at (0,0) width 359: "Font: HelveticaNeue-UltraLight Weight: 500 Style: italic"
      RenderBlock {DIV} at (0,2024) size 769x18
        RenderText {#text} at (0,0) size 368x18
          text run at (0,0) width 368: "Font: HelveticaNeue-UltraLight Weight: 600 Style: italic"
      RenderBlock {DIV} at (0,2042) size 769x18
        RenderText {#text} at (0,0) size 368x18
          text run at (0,0) width 368: "Font: HelveticaNeue-UltraLight Weight: 700 Style: italic"
      RenderBlock {DIV} at (0,2060) size 769x18
        RenderText {#text} at (0,0) size 368x18
          text run at (0,0) width 368: "Font: HelveticaNeue-UltraLight Weight: 800 Style: italic"
      RenderBlock {DIV} at (0,2078) size 769x18
        RenderText {#text} at (0,0) size 368x18
          text run at (0,0) width 368: "Font: HelveticaNeue-UltraLight Weight: 900 Style: italic"
      RenderBlock {DIV} at (0,2096) size 769x18
        RenderText {#text} at (0,0) size 325x18
          text run at (0,0) width 325: "Font: HelveticaNeue-Light Weight: 100 Style: italic"
      RenderBlock {DIV} at (0,2114) size 769x18
        RenderText {#text} at (0,0) size 325x18
          text run at (0,0) width 325: "Font: HelveticaNeue-Light Weight: 200 Style: italic"
      RenderBlock {DIV} at (0,2132) size 769x18
        RenderText {#text} at (0,0) size 325x18
          text run at (0,0) width 325: "Font: HelveticaNeue-Light Weight: 300 Style: italic"
      RenderBlock {DIV} at (0,2150) size 769x18
        RenderText {#text} at (0,0) size 325x18
          text run at (0,0) width 325: "Font: HelveticaNeue-Light Weight: 400 Style: italic"
      RenderBlock {DIV} at (0,2168) size 769x18
        RenderText {#text} at (0,0) size 325x18
          text run at (0,0) width 325: "Font: HelveticaNeue-Light Weight: 500 Style: italic"
      RenderBlock {DIV} at (0,2186) size 769x18
        RenderText {#text} at (0,0) size 334x18
          text run at (0,0) width 334: "Font: HelveticaNeue-Light Weight: 600 Style: italic"
      RenderBlock {DIV} at (0,2204) size 769x18
        RenderText {#text} at (0,0) size 334x18
          text run at (0,0) width 334: "Font: HelveticaNeue-Light Weight: 700 Style: italic"
      RenderBlock {DIV} at (0,2222) size 769x18
        RenderText {#text} at (0,0) size 334x18
          text run at (0,0) width 334: "Font: HelveticaNeue-Light Weight: 800 Style: italic"
      RenderBlock {DIV} at (0,2240) size 769x18
        RenderText {#text} at (0,0) size 334x18
          text run at (0,0) width 334: "Font: HelveticaNeue-Light Weight: 900 Style: italic"
      RenderBlock {DIV} at (0,2258) size 769x18
        RenderText {#text} at (0,0) size 287x18
          text run at (0,0) width 287: "Font: HelveticaNeue Weight: 100 Style: italic"
      RenderBlock {DIV} at (0,2276) size 769x18
        RenderText {#text} at (0,0) size 287x18
          text run at (0,0) width 287: "Font: HelveticaNeue Weight: 200 Style: italic"
      RenderBlock {DIV} at (0,2294) size 769x18
        RenderText {#text} at (0,0) size 287x18
          text run at (0,0) width 287: "Font: HelveticaNeue Weight: 300 Style: italic"
      RenderBlock {DIV} at (0,2312) size 769x18
        RenderText {#text} at (0,0) size 287x18
          text run at (0,0) width 287: "Font: HelveticaNeue Weight: 400 Style: italic"
      RenderBlock {DIV} at (0,2330) size 769x18
        RenderText {#text} at (0,0) size 287x18
          text run at (0,0) width 287: "Font: HelveticaNeue Weight: 500 Style: italic"
      RenderBlock {DIV} at (0,2348) size 769x18
        RenderText {#text} at (0,0) size 294x18
          text run at (0,0) width 294: "Font: HelveticaNeue Weight: 600 Style: italic"
      RenderBlock {DIV} at (0,2366) size 769x18
        RenderText {#text} at (0,0) size 294x18
          text run at (0,0) width 294: "Font: HelveticaNeue Weight: 700 Style: italic"
      RenderBlock {DIV} at (0,2384) size 769x18
        RenderText {#text} at (0,0) size 294x18
          text run at (0,0) width 294: "Font: HelveticaNeue Weight: 800 Style: italic"
      RenderBlock {DIV} at (0,2402) size 769x18
        RenderText {#text} at (0,0) size 294x18
          text run at (0,0) width 294: "Font: HelveticaNeue Weight: 900 Style: italic"
      RenderBlock {DIV} at (0,2420) size 769x18
        RenderText {#text} at (0,0) size 344x18
          text run at (0,0) width 344: "Font: HelveticaNeue-Medium Weight: 100 Style: italic"
      RenderBlock {DIV} at (0,2438) size 769x18
        RenderText {#text} at (0,0) size 344x18
          text run at (0,0) width 344: "Font: HelveticaNeue-Medium Weight: 200 Style: italic"
      RenderBlock {DIV} at (0,2456) size 769x18
        RenderText {#text} at (0,0) size 344x18
          text run at (0,0) width 344: "Font: HelveticaNeue-Medium Weight: 300 Style: italic"
      RenderBlock {DIV} at (0,2474) size 769x18
        RenderText {#text} at (0,0) size 344x18
          text run at (0,0) width 344: "Font: HelveticaNeue-Medium Weight: 400 Style: italic"
      RenderBlock {DIV} at (0,2492) size 769x18
        RenderText {#text} at (0,0) size 344x18
          text run at (0,0) width 344: "Font: HelveticaNeue-Medium Weight: 500 Style: italic"
      RenderBlock {DIV} at (0,2510) size 769x18
        RenderText {#text} at (0,0) size 353x18
          text run at (0,0) width 353: "Font: HelveticaNeue-Medium Weight: 600 Style: italic"
      RenderBlock {DIV} at (0,2528) size 769x18
        RenderText {#text} at (0,0) size 353x18
          text run at (0,0) width 353: "Font: HelveticaNeue-Medium Weight: 700 Style: italic"
      RenderBlock {DIV} at (0,2546) size 769x18
        RenderText {#text} at (0,0) size 353x18
          text run at (0,0) width 353: "Font: HelveticaNeue-Medium Weight: 800 Style: italic"
      RenderBlock {DIV} at (0,2564) size 769x18
        RenderText {#text} at (0,0) size 353x18
          text run at (0,0) width 353: "Font: HelveticaNeue-Medium Weight: 900 Style: italic"
      RenderBlock {DIV} at (0,2582) size 769x18
        RenderText {#text} at (0,0) size 322x18
          text run at (0,0) width 322: "Font: HelveticaNeue-Bold Weight: 100 Style: italic"
      RenderBlock {DIV} at (0,2600) size 769x18
        RenderText {#text} at (0,0) size 322x18
          text run at (0,0) width 322: "Font: HelveticaNeue-Bold Weight: 200 Style: italic"
      RenderBlock {DIV} at (0,2618) size 769x18
        RenderText {#text} at (0,0) size 322x18
          text run at (0,0) width 322: "Font: HelveticaNeue-Bold Weight: 300 Style: italic"
      RenderBlock {DIV} at (0,2636) size 769x18
        RenderText {#text} at (0,0) size 322x18
          text run at (0,0) width 322: "Font: HelveticaNeue-Bold Weight: 400 Style: italic"
      RenderBlock {DIV} at (0,2654) size 769x18
        RenderText {#text} at (0,0) size 322x18
          text run at (0,0) width 322: "Font: HelveticaNeue-Bold Weight: 500 Style: italic"
      RenderBlock {DIV} at (0,2672) size 769x18
        RenderText {#text} at (0,0) size 330x18
          text run at (0,0) width 330: "Font: HelveticaNeue-Bold Weight: 600 Style: italic"
      RenderBlock {DIV} at (0,2690) size 769x18
        RenderText {#text} at (0,0) size 330x18
          text run at (0,0) width 330: "Font: HelveticaNeue-Bold Weight: 700 Style: italic"
      RenderBlock {DIV} at (0,2708) size 769x18
        RenderText {#text} at (0,0) size 330x18
          text run at (0,0) width 330: "Font: HelveticaNeue-Bold Weight: 800 Style: italic"
      RenderBlock {DIV} at (0,2726) size 769x18
        RenderText {#text} at (0,0) size 330x18
          text run at (0,0) width 330: "Font: HelveticaNeue-Bold Weight: 900 Style: italic"
      RenderBlock {DIV} at (0,2744) size 769x18
        RenderText {#text} at (0,0) size 391x18
          text run at (0,0) width 391: "Font: HelveticaNeue-UltraLightItalic Weight: 100 Style: italic"
      RenderBlock {DIV} at (0,2762) size 769x18
        RenderText {#text} at (0,0) size 391x18
          text run at (0,0) width 391: "Font: HelveticaNeue-UltraLightItalic Weight: 200 Style: italic"
      RenderBlock {DIV} at (0,2780) size 769x18
        RenderText {#text} at (0,0) size 391x18
          text run at (0,0) width 391: "Font: HelveticaNeue-UltraLightItalic Weight: 300 Style: italic"
      RenderBlock {DIV} at (0,2798) size 769x18
        RenderText {#text} at (0,0) size 391x18
          text run at (0,0) width 391: "Font: HelveticaNeue-UltraLightItalic Weight: 400 Style: italic"
      RenderBlock {DIV} at (0,2816) size 769x18
        RenderText {#text} at (0,0) size 391x18
          text run at (0,0) width 391: "Font: HelveticaNeue-UltraLightItalic Weight: 500 Style: italic"
      RenderBlock {DIV} at (0,2834) size 769x18
        RenderText {#text} at (0,0) size 401x18
          text run at (0,0) width 401: "Font: HelveticaNeue-UltraLightItalic Weight: 600 Style: italic"
      RenderBlock {DIV} at (0,2852) size 769x18
        RenderText {#text} at (0,0) size 401x18
          text run at (0,0) width 401: "Font: HelveticaNeue-UltraLightItalic Weight: 700 Style: italic"
      RenderBlock {DIV} at (0,2870) size 769x18
        RenderText {#text} at (0,0) size 401x18
          text run at (0,0) width 401: "Font: HelveticaNeue-UltraLightItalic Weight: 800 Style: italic"
      RenderBlock {DIV} at (0,2888) size 769x18
        RenderText {#text} at (0,0) size 401x18
          text run at (0,0) width 401: "Font: HelveticaNeue-UltraLightItalic Weight: 900 Style: italic"
      RenderBlock {DIV} at (0,2906) size 769x18
        RenderText {#text} at (0,0) size 357x18
          text run at (0,0) width 357: "Font: HelveticaNeue-LightItalic Weight: 100 Style: italic"
      RenderBlock {DIV} at (0,2924) size 769x18
        RenderText {#text} at (0,0) size 357x18
          text run at (0,0) width 357: "Font: HelveticaNeue-LightItalic Weight: 200 Style: italic"
      RenderBlock {DIV} at (0,2942) size 769x18
        RenderText {#text} at (0,0) size 357x18
          text run at (0,0) width 357: "Font: HelveticaNeue-LightItalic Weight: 300 Style: italic"
      RenderBlock {DIV} at (0,2960) size 769x18
        RenderText {#text} at (0,0) size 357x18
          text run at (0,0) width 357: "Font: HelveticaNeue-LightItalic Weight: 400 Style: italic"
      RenderBlock {DIV} at (0,2978) size 769x18
        RenderText {#text} at (0,0) size 357x18
          text run at (0,0) width 357: "Font: HelveticaNeue-LightItalic Weight: 500 Style: italic"
      RenderBlock {DIV} at (0,2996) size 769x18
        RenderText {#text} at (0,0) size 367x18
          text run at (0,0) width 367: "Font: HelveticaNeue-LightItalic Weight: 600 Style: italic"
      RenderBlock {DIV} at (0,3014) size 769x18
        RenderText {#text} at (0,0) size 367x18
          text run at (0,0) width 367: "Font: HelveticaNeue-LightItalic Weight: 700 Style: italic"
      RenderBlock {DIV} at (0,3032) size 769x18
        RenderText {#text} at (0,0) size 367x18
          text run at (0,0) width 367: "Font: HelveticaNeue-LightItalic Weight: 800 Style: italic"
      RenderBlock {DIV} at (0,3050) size 769x18
        RenderText {#text} at (0,0) size 367x18
          text run at (0,0) width 367: "Font: HelveticaNeue-LightItalic Weight: 900 Style: italic"
      RenderBlock {DIV} at (0,3068) size 769x18
        RenderText {#text} at (0,0) size 324x18
          text run at (0,0) width 324: "Font: HelveticaNeue-Italic Weight: 100 Style: italic"
      RenderBlock {DIV} at (0,3086) size 769x18
        RenderText {#text} at (0,0) size 324x18
          text run at (0,0) width 324: "Font: HelveticaNeue-Italic Weight: 200 Style: italic"
      RenderBlock {DIV} at (0,3104) size 769x18
        RenderText {#text} at (0,0) size 324x18
          text run at (0,0) width 324: "Font: HelveticaNeue-Italic Weight: 300 Style: italic"
      RenderBlock {DIV} at (0,3122) size 769x18
        RenderText {#text} at (0,0) size 324x18
          text run at (0,0) width 324: "Font: HelveticaNeue-Italic Weight: 400 Style: italic"
      RenderBlock {DIV} at (0,3140) size 769x18
        RenderText {#text} at (0,0) size 324x18
          text run at (0,0) width 324: "Font: HelveticaNeue-Italic Weight: 500 Style: italic"
      RenderBlock {DIV} at (0,3158) size 769x18
        RenderText {#text} at (0,0) size 332x18
          text run at (0,0) width 332: "Font: HelveticaNeue-Italic Weight: 600 Style: italic"
      RenderBlock {DIV} at (0,3176) size 769x18
        RenderText {#text} at (0,0) size 332x18
          text run at (0,0) width 332: "Font: HelveticaNeue-Italic Weight: 700 Style: italic"
      RenderBlock {DIV} at (0,3194) size 769x18
        RenderText {#text} at (0,0) size 332x18
          text run at (0,0) width 332: "Font: HelveticaNeue-Italic Weight: 800 Style: italic"
      RenderBlock {DIV} at (0,3212) size 769x18
        RenderText {#text} at (0,0) size 332x18
          text run at (0,0) width 332: "Font: HelveticaNeue-Italic Weight: 900 Style: italic"
      RenderBlock {DIV} at (0,3230) size 769x18
        RenderText {#text} at (0,0) size 354x18
          text run at (0,0) width 354: "Font: HelveticaNeue-BoldItalic Weight: 100 Style: italic"
      RenderBlock {DIV} at (0,3248) size 769x18
        RenderText {#text} at (0,0) size 354x18
          text run at (0,0) width 354: "Font: HelveticaNeue-BoldItalic Weight: 200 Style: italic"
      RenderBlock {DIV} at (0,3266) size 769x18
        RenderText {#text} at (0,0) size 354x18
          text run at (0,0) width 354: "Font: HelveticaNeue-BoldItalic Weight: 300 Style: italic"
      RenderBlock {DIV} at (0,3284) size 769x18
        RenderText {#text} at (0,0) size 354x18
          text run at (0,0) width 354: "Font: HelveticaNeue-BoldItalic Weight: 400 Style: italic"
      RenderBlock {DIV} at (0,3302) size 769x18
        RenderText {#text} at (0,0) size 354x18
          text run at (0,0) width 354: "Font: HelveticaNeue-BoldItalic Weight: 500 Style: italic"
      RenderBlock {DIV} at (0,3320) size 769x18
        RenderText {#text} at (0,0) size 363x18
          text run at (0,0) width 363: "Font: HelveticaNeue-BoldItalic Weight: 600 Style: italic"
      RenderBlock {DIV} at (0,3338) size 769x18
        RenderText {#text} at (0,0) size 363x18
          text run at (0,0) width 363: "Font: HelveticaNeue-BoldItalic Weight: 700 Style: italic"
      RenderBlock {DIV} at (0,3356) size 769x18
        RenderText {#text} at (0,0) size 363x18
          text run at (0,0) width 363: "Font: HelveticaNeue-BoldItalic Weight: 800 Style: italic"
      RenderBlock {DIV} at (0,3374) size 769x18
        RenderText {#text} at (0,0) size 363x18
          text run at (0,0) width 363: "Font: HelveticaNeue-BoldItalic Weight: 900 Style: italic"
      RenderBlock {DIV} at (0,3392) size 769x18
        RenderText {#text} at (0,0) size 251x18
          text run at (0,0) width 251: "Font: Avenir Weight: 100 Style: normal"
      RenderBlock {DIV} at (0,3410) size 769x18
        RenderText {#text} at (0,0) size 251x18
          text run at (0,0) width 251: "Font: Avenir Weight: 200 Style: normal"
      RenderBlock {DIV} at (0,3428) size 769x18
        RenderText {#text} at (0,0) size 251x18
          text run at (0,0) width 251: "Font: Avenir Weight: 300 Style: normal"
      RenderBlock {DIV} at (0,3446) size 769x18
        RenderText {#text} at (0,0) size 251x18
          text run at (0,0) width 251: "Font: Avenir Weight: 400 Style: normal"
      RenderBlock {DIV} at (0,3464) size 769x18
        RenderText {#text} at (0,0) size 251x18
          text run at (0,0) width 251: "Font: Avenir Weight: 500 Style: normal"
      RenderBlock {DIV} at (0,3482) size 769x18
        RenderText {#text} at (0,0) size 269x18
          text run at (0,0) width 269: "Font: Avenir Weight: 600 Style: normal"
      RenderBlock {DIV} at (0,3500) size 769x18
        RenderText {#text} at (0,0) size 269x18
          text run at (0,0) width 269: "Font: Avenir Weight: 700 Style: normal"
      RenderBlock {DIV} at (0,3518) size 769x18
        RenderText {#text} at (0,0) size 269x18
          text run at (0,0) width 269: "Font: Avenir Weight: 800 Style: normal"
      RenderBlock {DIV} at (0,3536) size 769x18
        RenderText {#text} at (0,0) size 269x18
          text run at (0,0) width 269: "Font: Avenir Weight: 900 Style: normal"
      RenderBlock {DIV} at (0,3554) size 769x18
        RenderText {#text} at (0,0) size 290x18
          text run at (0,0) width 290: "Font: Avenir-Light Weight: 100 Style: normal"
      RenderBlock {DIV} at (0,3572) size 769x18
        RenderText {#text} at (0,0) size 290x18
          text run at (0,0) width 290: "Font: Avenir-Light Weight: 200 Style: normal"
      RenderBlock {DIV} at (0,3590) size 769x18
        RenderText {#text} at (0,0) size 290x18
          text run at (0,0) width 290: "Font: Avenir-Light Weight: 300 Style: normal"
      RenderBlock {DIV} at (0,3608) size 769x18
        RenderText {#text} at (0,0) size 290x18
          text run at (0,0) width 290: "Font: Avenir-Light Weight: 400 Style: normal"
      RenderBlock {DIV} at (0,3626) size 769x18
        RenderText {#text} at (0,0) size 290x18
          text run at (0,0) width 290: "Font: Avenir-Light Weight: 500 Style: normal"
      RenderBlock {DIV} at (0,3644) size 769x18
        RenderText {#text} at (0,0) size 311x18
          text run at (0,0) width 311: "Font: Avenir-Light Weight: 600 Style: normal"
      RenderBlock {DIV} at (0,3662) size 769x18
        RenderText {#text} at (0,0) size 311x18
          text run at (0,0) width 311: "Font: Avenir-Light Weight: 700 Style: normal"
      RenderBlock {DIV} at (0,3680) size 769x18
        RenderText {#text} at (0,0) size 311x18
          text run at (0,0) width 311: "Font: Avenir-Light Weight: 800 Style: normal"
      RenderBlock {DIV} at (0,3698) size 769x18
        RenderText {#text} at (0,0) size 311x18
          text run at (0,0) width 311: "Font: Avenir-Light Weight: 900 Style: normal"
      RenderBlock {DIV} at (0,3716) size 769x18
        RenderText {#text} at (0,0) size 291x18
          text run at (0,0) width 291: "Font: Avenir-Book Weight: 100 Style: normal"
      RenderBlock {DIV} at (0,3734) size 769x18
        RenderText {#text} at (0,0) size 291x18
          text run at (0,0) width 291: "Font: Avenir-Book Weight: 200 Style: normal"
      RenderBlock {DIV} at (0,3752) size 769x18
        RenderText {#text} at (0,0) size 291x18
          text run at (0,0) width 291: "Font: Avenir-Book Weight: 300 Style: normal"
      RenderBlock {DIV} at (0,3770) size 769x18
        RenderText {#text} at (0,0) size 291x18
          text run at (0,0) width 291: "Font: Avenir-Book Weight: 400 Style: normal"
      RenderBlock {DIV} at (0,3788) size 769x18
        RenderText {#text} at (0,0) size 291x18
          text run at (0,0) width 291: "Font: Avenir-Book Weight: 500 Style: normal"
      RenderBlock {DIV} at (0,3806) size 769x18
        RenderText {#text} at (0,0) size 310x18
          text run at (0,0) width 310: "Font: Avenir-Book Weight: 600 Style: normal"
      RenderBlock {DIV} at (0,3824) size 769x18
        RenderText {#text} at (0,0) size 310x18
          text run at (0,0) width 310: "Font: Avenir-Book Weight: 700 Style: normal"
      RenderBlock {DIV} at (0,3842) size 769x18
        RenderText {#text} at (0,0) size 310x18
          text run at (0,0) width 310: "Font: Avenir-Book Weight: 800 Style: normal"
      RenderBlock {DIV} at (0,3860) size 769x18
        RenderText {#text} at (0,0) size 310x18
          text run at (0,0) width 310: "Font: Avenir-Book Weight: 900 Style: normal"
      RenderBlock {DIV} at (0,3878) size 769x18
        RenderText {#text} at (0,0) size 309x18
          text run at (0,0) width 309: "Font: Avenir-Medium Weight: 100 Style: normal"
      RenderBlock {DIV} at (0,3896) size 769x18
        RenderText {#text} at (0,0) size 309x18
          text run at (0,0) width 309: "Font: Avenir-Medium Weight: 200 Style: normal"
      RenderBlock {DIV} at (0,3914) size 769x18
        RenderText {#text} at (0,0) size 309x18
          text run at (0,0) width 309: "Font: Avenir-Medium Weight: 300 Style: normal"
      RenderBlock {DIV} at (0,3932) size 769x18
        RenderText {#text} at (0,0) size 309x18
          text run at (0,0) width 309: "Font: Avenir-Medium Weight: 400 Style: normal"
      RenderBlock {DIV} at (0,3950) size 769x18
        RenderText {#text} at (0,0) size 309x18
          text run at (0,0) width 309: "Font: Avenir-Medium Weight: 500 Style: normal"
      RenderBlock {DIV} at (0,3968) size 769x18
        RenderText {#text} at (0,0) size 331x18
          text run at (0,0) width 331: "Font: Avenir-Medium Weight: 600 Style: normal"
      RenderBlock {DIV} at (0,3986) size 769x18
        RenderText {#text} at (0,0) size 331x18
          text run at (0,0) width 331: "Font: Avenir-Medium Weight: 700 Style: normal"
      RenderBlock {DIV} at (0,4004) size 769x18
        RenderText {#text} at (0,0) size 331x18
          text run at (0,0) width 331: "Font: Avenir-Medium Weight: 800 Style: normal"
      RenderBlock {DIV} at (0,4022) size 769x18
        RenderText {#text} at (0,0) size 331x18
          text run at (0,0) width 331: "Font: Avenir-Medium Weight: 900 Style: normal"
      RenderBlock {DIV} at (0,4040) size 769x18
        RenderText {#text} at (0,0) size 293x18
          text run at (0,0) width 293: "Font: Avenir-Black Weight: 100 Style: normal"
      RenderBlock {DIV} at (0,4058) size 769x18
        RenderText {#text} at (0,0) size 293x18
          text run at (0,0) width 293: "Font: Avenir-Black Weight: 200 Style: normal"
      RenderBlock {DIV} at (0,4076) size 769x18
        RenderText {#text} at (0,0) size 293x18
          text run at (0,0) width 293: "Font: Avenir-Black Weight: 300 Style: normal"
      RenderBlock {DIV} at (0,4094) size 769x18
        RenderText {#text} at (0,0) size 293x18
          text run at (0,0) width 293: "Font: Avenir-Black Weight: 400 Style: normal"
      RenderBlock {DIV} at (0,4112) size 769x18
        RenderText {#text} at (0,0) size 293x18
          text run at (0,0) width 293: "Font: Avenir-Black Weight: 500 Style: normal"
      RenderBlock {DIV} at (0,4130) size 769x18
        RenderText {#text} at (0,0) size 313x18
          text run at (0,0) width 313: "Font: Avenir-Black Weight: 600 Style: normal"
      RenderBlock {DIV} at (0,4148) size 769x18
        RenderText {#text} at (0,0) size 313x18
          text run at (0,0) width 313: "Font: Avenir-Black Weight: 700 Style: normal"
      RenderBlock {DIV} at (0,4166) size 769x18
        RenderText {#text} at (0,0) size 313x18
          text run at (0,0) width 313: "Font: Avenir-Black Weight: 800 Style: normal"
      RenderBlock {DIV} at (0,4184) size 769x18
        RenderText {#text} at (0,0) size 313x18
          text run at (0,0) width 313: "Font: Avenir-Black Weight: 900 Style: normal"
      RenderBlock {DIV} at (0,4202) size 769x18
        RenderText {#text} at (0,0) size 298x18
          text run at (0,0) width 298: "Font: Avenir-Heavy Weight: 100 Style: normal"
      RenderBlock {DIV} at (0,4220) size 769x18
        RenderText {#text} at (0,0) size 298x18
          text run at (0,0) width 298: "Font: Avenir-Heavy Weight: 200 Style: normal"
      RenderBlock {DIV} at (0,4238) size 769x18
        RenderText {#text} at (0,0) size 298x18
          text run at (0,0) width 298: "Font: Avenir-Heavy Weight: 300 Style: normal"
      RenderBlock {DIV} at (0,4256) size 769x18
        RenderText {#text} at (0,0) size 298x18
          text run at (0,0) width 298: "Font: Avenir-Heavy Weight: 400 Style: normal"
      RenderBlock {DIV} at (0,4274) size 769x18
        RenderText {#text} at (0,0) size 298x18
          text run at (0,0) width 298: "Font: Avenir-Heavy Weight: 500 Style: normal"
      RenderBlock {DIV} at (0,4292) size 769x18
        RenderText {#text} at (0,0) size 317x18
          text run at (0,0) width 317: "Font: Avenir-Heavy Weight: 600 Style: normal"
      RenderBlock {DIV} at (0,4310) size 769x18
        RenderText {#text} at (0,0) size 317x18
          text run at (0,0) width 317: "Font: Avenir-Heavy Weight: 700 Style: normal"
      RenderBlock {DIV} at (0,4328) size 769x18
        RenderText {#text} at (0,0) size 317x18
          text run at (0,0) width 317: "Font: Avenir-Heavy Weight: 800 Style: normal"
      RenderBlock {DIV} at (0,4346) size 769x18
        RenderText {#text} at (0,0) size 317x18
          text run at (0,0) width 317: "Font: Avenir-Heavy Weight: 900 Style: normal"
      RenderBlock {DIV} at (0,4364) size 769x18
        RenderText {#text} at (0,0) size 341x18
          text run at (0,0) width 341: "Font: Avenir-LightOblique Weight: 100 Style: normal"
      RenderBlock {DIV} at (0,4382) size 769x18
        RenderText {#text} at (0,0) size 341x18
          text run at (0,0) width 341: "Font: Avenir-LightOblique Weight: 200 Style: normal"
      RenderBlock {DIV} at (0,4400) size 769x18
        RenderText {#text} at (0,0) size 341x18
          text run at (0,0) width 341: "Font: Avenir-LightOblique Weight: 300 Style: normal"
      RenderBlock {DIV} at (0,4418) size 769x18
        RenderText {#text} at (0,0) size 341x18
          text run at (0,0) width 341: "Font: Avenir-LightOblique Weight: 400 Style: normal"
      RenderBlock {DIV} at (0,4436) size 769x18
        RenderText {#text} at (0,0) size 341x18
          text run at (0,0) width 341: "Font: Avenir-LightOblique Weight: 500 Style: normal"
      RenderBlock {DIV} at (0,4454) size 769x18
        RenderText {#text} at (0,0) size 365x18
          text run at (0,0) width 365: "Font: Avenir-LightOblique Weight: 600 Style: normal"
      RenderBlock {DIV} at (0,4472) size 769x18
        RenderText {#text} at (0,0) size 365x18
          text run at (0,0) width 365: "Font: Avenir-LightOblique Weight: 700 Style: normal"
      RenderBlock {DIV} at (0,4490) size 769x18
        RenderText {#text} at (0,0) size 365x18
          text run at (0,0) width 365: "Font: Avenir-LightOblique Weight: 800 Style: normal"
      RenderBlock {DIV} at (0,4508) size 769x18
        RenderText {#text} at (0,0) size 365x18
          text run at (0,0) width 365: "Font: Avenir-LightOblique Weight: 900 Style: normal"
      RenderBlock {DIV} at (0,4526) size 769x18
        RenderText {#text} at (0,0) size 342x18
          text run at (0,0) width 342: "Font: Avenir-BookOblique Weight: 100 Style: normal"
      RenderBlock {DIV} at (0,4544) size 769x18
        RenderText {#text} at (0,0) size 342x18
          text run at (0,0) width 342: "Font: Avenir-BookOblique Weight: 200 Style: normal"
      RenderBlock {DIV} at (0,4562) size 769x18
        RenderText {#text} at (0,0) size 342x18
          text run at (0,0) width 342: "Font: Avenir-BookOblique Weight: 300 Style: normal"
      RenderBlock {DIV} at (0,4580) size 769x18
        RenderText {#text} at (0,0) size 342x18
          text run at (0,0) width 342: "Font: Avenir-BookOblique Weight: 400 Style: normal"
      RenderBlock {DIV} at (0,4598) size 769x18
        RenderText {#text} at (0,0) size 342x18
          text run at (0,0) width 342: "Font: Avenir-BookOblique Weight: 500 Style: normal"
      RenderBlock {DIV} at (0,4616) size 769x18
        RenderText {#text} at (0,0) size 364x18
          text run at (0,0) width 364: "Font: Avenir-BookOblique Weight: 600 Style: normal"
      RenderBlock {DIV} at (0,4634) size 769x18
        RenderText {#text} at (0,0) size 364x18
          text run at (0,0) width 364: "Font: Avenir-BookOblique Weight: 700 Style: normal"
      RenderBlock {DIV} at (0,4652) size 769x18
        RenderText {#text} at (0,0) size 364x18
          text run at (0,0) width 364: "Font: Avenir-BookOblique Weight: 800 Style: normal"
      RenderBlock {DIV} at (0,4670) size 769x18
        RenderText {#text} at (0,0) size 364x18
          text run at (0,0) width 364: "Font: Avenir-BookOblique Weight: 900 Style: normal"
      RenderBlock {DIV} at (0,4688) size 769x18
        RenderText {#text} at (0,0) size 360x18
          text run at (0,0) width 360: "Font: Avenir-MediumOblique Weight: 100 Style: normal"
      RenderBlock {DIV} at (0,4706) size 769x18
        RenderText {#text} at (0,0) size 360x18
          text run at (0,0) width 360: "Font: Avenir-MediumOblique Weight: 200 Style: normal"
      RenderBlock {DIV} at (0,4724) size 769x18
        RenderText {#text} at (0,0) size 360x18
          text run at (0,0) width 360: "Font: Avenir-MediumOblique Weight: 300 Style: normal"
      RenderBlock {DIV} at (0,4742) size 769x18
        RenderText {#text} at (0,0) size 360x18
          text run at (0,0) width 360: "Font: Avenir-MediumOblique Weight: 400 Style: normal"
      RenderBlock {DIV} at (0,4760) size 769x18
        RenderText {#text} at (0,0) size 360x18
          text run at (0,0) width 360: "Font: Avenir-MediumOblique Weight: 500 Style: normal"
      RenderBlock {DIV} at (0,4778) size 769x18
        RenderText {#text} at (0,0) size 385x18
          text run at (0,0) width 385: "Font: Avenir-MediumOblique Weight: 600 Style: normal"
      RenderBlock {DIV} at (0,4796) size 769x18
        RenderText {#text} at (0,0) size 385x18
          text run at (0,0) width 385: "Font: Avenir-MediumOblique Weight: 700 Style: normal"
      RenderBlock {DIV} at (0,4814) size 769x18
        RenderText {#text} at (0,0) size 385x18
          text run at (0,0) width 385: "Font: Avenir-MediumOblique Weight: 800 Style: normal"
      RenderBlock {DIV} at (0,4832) size 769x18
        RenderText {#text} at (0,0) size 385x18
          text run at (0,0) width 385: "Font: Avenir-MediumOblique Weight: 900 Style: normal"
      RenderBlock {DIV} at (0,4850) size 769x18
        RenderText {#text} at (0,0) size 344x18
          text run at (0,0) width 344: "Font: Avenir-BlackOblique Weight: 100 Style: normal"
      RenderBlock {DIV} at (0,4868) size 769x18
        RenderText {#text} at (0,0) size 344x18
          text run at (0,0) width 344: "Font: Avenir-BlackOblique Weight: 200 Style: normal"
      RenderBlock {DIV} at (0,4886) size 769x18
        RenderText {#text} at (0,0) size 344x18
          text run at (0,0) width 344: "Font: Avenir-BlackOblique Weight: 300 Style: normal"
      RenderBlock {DIV} at (0,4904) size 769x18
        RenderText {#text} at (0,0) size 344x18
          text run at (0,0) width 344: "Font: Avenir-BlackOblique Weight: 400 Style: normal"
      RenderBlock {DIV} at (0,4922) size 769x18
        RenderText {#text} at (0,0) size 344x18
          text run at (0,0) width 344: "Font: Avenir-BlackOblique Weight: 500 Style: normal"
      RenderBlock {DIV} at (0,4940) size 769x18
        RenderText {#text} at (0,0) size 367x18
          text run at (0,0) width 367: "Font: Avenir-BlackOblique Weight: 600 Style: normal"
      RenderBlock {DIV} at (0,4958) size 769x18
        RenderText {#text} at (0,0) size 367x18
          text run at (0,0) width 367: "Font: Avenir-BlackOblique Weight: 700 Style: normal"
      RenderBlock {DIV} at (0,4976) size 769x18
        RenderText {#text} at (0,0) size 367x18
          text run at (0,0) width 367: "Font: Avenir-BlackOblique Weight: 800 Style: normal"
      RenderBlock {DIV} at (0,4994) size 769x18
        RenderText {#text} at (0,0) size 367x18
          text run at (0,0) width 367: "Font: Avenir-BlackOblique Weight: 900 Style: normal"
      RenderBlock {DIV} at (0,5012) size 769x18
        RenderText {#text} at (0,0) size 236x18
          text run at (0,0) width 236: "Font: Avenir Weight: 100 Style: italic"
      RenderBlock {DIV} at (0,5030) size 769x18
        RenderText {#text} at (0,0) size 236x18
          text run at (0,0) width 236: "Font: Avenir Weight: 200 Style: italic"
      RenderBlock {DIV} at (0,5048) size 769x18
        RenderText {#text} at (0,0) size 236x18
          text run at (0,0) width 236: "Font: Avenir Weight: 300 Style: italic"
      RenderBlock {DIV} at (0,5066) size 769x18
        RenderText {#text} at (0,0) size 236x18
          text run at (0,0) width 236: "Font: Avenir Weight: 400 Style: italic"
      RenderBlock {DIV} at (0,5084) size 769x18
        RenderText {#text} at (0,0) size 236x18
          text run at (0,0) width 236: "Font: Avenir Weight: 500 Style: italic"
      RenderBlock {DIV} at (0,5102) size 769x18
        RenderText {#text} at (0,0) size 243x18
          text run at (0,0) width 243: "Font: Avenir Weight: 600 Style: italic"
      RenderBlock {DIV} at (0,5120) size 769x18
        RenderText {#text} at (0,0) size 243x18
          text run at (0,0) width 243: "Font: Avenir Weight: 700 Style: italic"
      RenderBlock {DIV} at (0,5138) size 769x18
        RenderText {#text} at (0,0) size 243x18
          text run at (0,0) width 243: "Font: Avenir Weight: 800 Style: italic"
      RenderBlock {DIV} at (0,5156) size 769x18
        RenderText {#text} at (0,0) size 243x18
          text run at (0,0) width 243: "Font: Avenir Weight: 900 Style: italic"
      RenderBlock {DIV} at (0,5174) size 769x18
        RenderText {#text} at (0,0) size 274x18
          text run at (0,0) width 274: "Font: Avenir-Light Weight: 100 Style: italic"
      RenderBlock {DIV} at (0,5192) size 769x18
        RenderText {#text} at (0,0) size 274x18
          text run at (0,0) width 274: "Font: Avenir-Light Weight: 200 Style: italic"
      RenderBlock {DIV} at (0,5210) size 769x18
        RenderText {#text} at (0,0) size 274x18
          text run at (0,0) width 274: "Font: Avenir-Light Weight: 300 Style: italic"
      RenderBlock {DIV} at (0,5228) size 769x18
        RenderText {#text} at (0,0) size 274x18
          text run at (0,0) width 274: "Font: Avenir-Light Weight: 400 Style: italic"
      RenderBlock {DIV} at (0,5246) size 769x18
        RenderText {#text} at (0,0) size 274x18
          text run at (0,0) width 274: "Font: Avenir-Light Weight: 500 Style: italic"
      RenderBlock {DIV} at (0,5264) size 769x18
        RenderText {#text} at (0,0) size 283x18
          text run at (0,0) width 283: "Font: Avenir-Light Weight: 600 Style: italic"
      RenderBlock {DIV} at (0,5282) size 769x18
        RenderText {#text} at (0,0) size 283x18
          text run at (0,0) width 283: "Font: Avenir-Light Weight: 700 Style: italic"
      RenderBlock {DIV} at (0,5300) size 769x18
        RenderText {#text} at (0,0) size 283x18
          text run at (0,0) width 283: "Font: Avenir-Light Weight: 800 Style: italic"
      RenderBlock {DIV} at (0,5318) size 769x18
        RenderText {#text} at (0,0) size 283x18
          text run at (0,0) width 283: "Font: Avenir-Light Weight: 900 Style: italic"
      RenderBlock {DIV} at (0,5336) size 769x18
        RenderText {#text} at (0,0) size 274x18
          text run at (0,0) width 274: "Font: Avenir-Book Weight: 100 Style: italic"
      RenderBlock {DIV} at (0,5354) size 769x18
        RenderText {#text} at (0,0) size 274x18
          text run at (0,0) width 274: "Font: Avenir-Book Weight: 200 Style: italic"
      RenderBlock {DIV} at (0,5372) size 769x18
        RenderText {#text} at (0,0) size 274x18
          text run at (0,0) width 274: "Font: Avenir-Book Weight: 300 Style: italic"
      RenderBlock {DIV} at (0,5390) size 769x18
        RenderText {#text} at (0,0) size 274x18
          text run at (0,0) width 274: "Font: Avenir-Book Weight: 400 Style: italic"
      RenderBlock {DIV} at (0,5408) size 769x18
        RenderText {#text} at (0,0) size 274x18
          text run at (0,0) width 274: "Font: Avenir-Book Weight: 500 Style: italic"
      RenderBlock {DIV} at (0,5426) size 769x18
        RenderText {#text} at (0,0) size 283x18
          text run at (0,0) width 283: "Font: Avenir-Book Weight: 600 Style: italic"
      RenderBlock {DIV} at (0,5444) size 769x18
        RenderText {#text} at (0,0) size 283x18
          text run at (0,0) width 283: "Font: Avenir-Book Weight: 700 Style: italic"
      RenderBlock {DIV} at (0,5462) size 769x18
        RenderText {#text} at (0,0) size 283x18
          text run at (0,0) width 283: "Font: Avenir-Book Weight: 800 Style: italic"
      RenderBlock {DIV} at (0,5480) size 769x18
        RenderText {#text} at (0,0) size 283x18
          text run at (0,0) width 283: "Font: Avenir-Book Weight: 900 Style: italic"
      RenderBlock {DIV} at (0,5498) size 769x18
        RenderText {#text} at (0,0) size 293x18
          text run at (0,0) width 293: "Font: Avenir-Medium Weight: 100 Style: italic"
      RenderBlock {DIV} at (0,5516) size 769x18
        RenderText {#text} at (0,0) size 293x18
          text run at (0,0) width 293: "Font: Avenir-Medium Weight: 200 Style: italic"
      RenderBlock {DIV} at (0,5534) size 769x18
        RenderText {#text} at (0,0) size 293x18
          text run at (0,0) width 293: "Font: Avenir-Medium Weight: 300 Style: italic"
      RenderBlock {DIV} at (0,5552) size 769x18
        RenderText {#text} at (0,0) size 293x18
          text run at (0,0) width 293: "Font: Avenir-Medium Weight: 400 Style: italic"
      RenderBlock {DIV} at (0,5570) size 769x18
        RenderText {#text} at (0,0) size 293x18
          text run at (0,0) width 293: "Font: Avenir-Medium Weight: 500 Style: italic"
      RenderBlock {DIV} at (0,5588) size 769x18
        RenderText {#text} at (0,0) size 302x18
          text run at (0,0) width 302: "Font: Avenir-Medium Weight: 600 Style: italic"
      RenderBlock {DIV} at (0,5606) size 769x18
        RenderText {#text} at (0,0) size 302x18
          text run at (0,0) width 302: "Font: Avenir-Medium Weight: 700 Style: italic"
      RenderBlock {DIV} at (0,5624) size 769x18
        RenderText {#text} at (0,0) size 302x18
          text run at (0,0) width 302: "Font: Avenir-Medium Weight: 800 Style: italic"
      RenderBlock {DIV} at (0,5642) size 769x18
        RenderText {#text} at (0,0) size 302x18
          text run at (0,0) width 302: "Font: Avenir-Medium Weight: 900 Style: italic"
      RenderBlock {DIV} at (0,5660) size 769x18
        RenderText {#text} at (0,0) size 277x18
          text run at (0,0) width 277: "Font: Avenir-Black Weight: 100 Style: italic"
      RenderBlock {DIV} at (0,5678) size 769x18
        RenderText {#text} at (0,0) size 277x18
          text run at (0,0) width 277: "Font: Avenir-Black Weight: 200 Style: italic"
      RenderBlock {DIV} at (0,5696) size 769x18
        RenderText {#text} at (0,0) size 277x18
          text run at (0,0) width 277: "Font: Avenir-Black Weight: 300 Style: italic"
      RenderBlock {DIV} at (0,5714) size 769x18
        RenderText {#text} at (0,0) size 277x18
          text run at (0,0) width 277: "Font: Avenir-Black Weight: 400 Style: italic"
      RenderBlock {DIV} at (0,5732) size 769x18
        RenderText {#text} at (0,0) size 277x18
          text run at (0,0) width 277: "Font: Avenir-Black Weight: 500 Style: italic"
      RenderBlock {DIV} at (0,5750) size 769x18
        RenderText {#text} at (0,0) size 286x18
          text run at (0,0) width 286: "Font: Avenir-Black Weight: 600 Style: italic"
      RenderBlock {DIV} at (0,5768) size 769x18
        RenderText {#text} at (0,0) size 286x18
          text run at (0,0) width 286: "Font: Avenir-Black Weight: 700 Style: italic"
      RenderBlock {DIV} at (0,5786) size 769x18
        RenderText {#text} at (0,0) size 286x18
          text run at (0,0) width 286: "Font: Avenir-Black Weight: 800 Style: italic"
      RenderBlock {DIV} at (0,5804) size 769x18
        RenderText {#text} at (0,0) size 286x18
          text run at (0,0) width 286: "Font: Avenir-Black Weight: 900 Style: italic"
      RenderBlock {DIV} at (0,5822) size 769x18
        RenderText {#text} at (0,0) size 282x18
          text run at (0,0) width 282: "Font: Avenir-Heavy Weight: 100 Style: italic"
      RenderBlock {DIV} at (0,5840) size 769x18
        RenderText {#text} at (0,0) size 282x18
          text run at (0,0) width 282: "Font: Avenir-Heavy Weight: 200 Style: italic"
      RenderBlock {DIV} at (0,5858) size 769x18
        RenderText {#text} at (0,0) size 282x18
          text run at (0,0) width 282: "Font: Avenir-Heavy Weight: 300 Style: italic"
      RenderBlock {DIV} at (0,5876) size 769x18
        RenderText {#text} at (0,0) size 282x18
          text run at (0,0) width 282: "Font: Avenir-Heavy Weight: 400 Style: italic"
      RenderBlock {DIV} at (0,5894) size 769x18
        RenderText {#text} at (0,0) size 282x18
          text run at (0,0) width 282: "Font: Avenir-Heavy Weight: 500 Style: italic"
      RenderBlock {DIV} at (0,5912) size 769x18
        RenderText {#text} at (0,0) size 289x18
          text run at (0,0) width 289: "Font: Avenir-Heavy Weight: 600 Style: italic"
      RenderBlock {DIV} at (0,5930) size 769x18
        RenderText {#text} at (0,0) size 289x18
          text run at (0,0) width 289: "Font: Avenir-Heavy Weight: 700 Style: italic"
      RenderBlock {DIV} at (0,5948) size 769x18
        RenderText {#text} at (0,0) size 289x18
          text run at (0,0) width 289: "Font: Avenir-Heavy Weight: 800 Style: italic"
      RenderBlock {DIV} at (0,5966) size 769x18
        RenderText {#text} at (0,0) size 289x18
          text run at (0,0) width 289: "Font: Avenir-Heavy Weight: 900 Style: italic"
      RenderBlock {DIV} at (0,5984) size 769x18
        RenderText {#text} at (0,0) size 325x18
          text run at (0,0) width 325: "Font: Avenir-LightOblique Weight: 100 Style: italic"
      RenderBlock {DIV} at (0,6002) size 769x18
        RenderText {#text} at (0,0) size 325x18
          text run at (0,0) width 325: "Font: Avenir-LightOblique Weight: 200 Style: italic"
      RenderBlock {DIV} at (0,6020) size 769x18
        RenderText {#text} at (0,0) size 325x18
          text run at (0,0) width 325: "Font: Avenir-LightOblique Weight: 300 Style: italic"
      RenderBlock {DIV} at (0,6038) size 769x18
        RenderText {#text} at (0,0) size 325x18
          text run at (0,0) width 325: "Font: Avenir-LightOblique Weight: 400 Style: italic"
      RenderBlock {DIV} at (0,6056) size 769x18
        RenderText {#text} at (0,0) size 325x18
          text run at (0,0) width 325: "Font: Avenir-LightOblique Weight: 500 Style: italic"
      RenderBlock {DIV} at (0,6074) size 769x18
        RenderText {#text} at (0,0) size 335x18
          text run at (0,0) width 335: "Font: Avenir-LightOblique Weight: 600 Style: italic"
      RenderBlock {DIV} at (0,6092) size 769x18
        RenderText {#text} at (0,0) size 335x18
          text run at (0,0) width 335: "Font: Avenir-LightOblique Weight: 700 Style: italic"
      RenderBlock {DIV} at (0,6110) size 769x18
        RenderText {#text} at (0,0) size 335x18
          text run at (0,0) width 335: "Font: Avenir-LightOblique Weight: 800 Style: italic"
      RenderBlock {DIV} at (0,6128) size 769x18
        RenderText {#text} at (0,0) size 335x18
          text run at (0,0) width 335: "Font: Avenir-LightOblique Weight: 900 Style: italic"
      RenderBlock {DIV} at (0,6146) size 769x18
        RenderText {#text} at (0,0) size 325x18
          text run at (0,0) width 325: "Font: Avenir-BookOblique Weight: 100 Style: italic"
      RenderBlock {DIV} at (0,6164) size 769x18
        RenderText {#text} at (0,0) size 325x18
          text run at (0,0) width 325: "Font: Avenir-BookOblique Weight: 200 Style: italic"
      RenderBlock {DIV} at (0,6182) size 769x18
        RenderText {#text} at (0,0) size 325x18
          text run at (0,0) width 325: "Font: Avenir-BookOblique Weight: 300 Style: italic"
      RenderBlock {DIV} at (0,6200) size 769x18
        RenderText {#text} at (0,0) size 325x18
          text run at (0,0) width 325: "Font: Avenir-BookOblique Weight: 400 Style: italic"
      RenderBlock {DIV} at (0,6218) size 769x18
        RenderText {#text} at (0,0) size 325x18
          text run at (0,0) width 325: "Font: Avenir-BookOblique Weight: 500 Style: italic"
      RenderBlock {DIV} at (0,6236) size 769x18
        RenderText {#text} at (0,0) size 335x18
          text run at (0,0) width 335: "Font: Avenir-BookOblique Weight: 600 Style: italic"
      RenderBlock {DIV} at (0,6254) size 769x18
        RenderText {#text} at (0,0) size 335x18
          text run at (0,0) width 335: "Font: Avenir-BookOblique Weight: 700 Style: italic"
      RenderBlock {DIV} at (0,6272) size 769x18
        RenderText {#text} at (0,0) size 335x18
          text run at (0,0) width 335: "Font: Avenir-BookOblique Weight: 800 Style: italic"
      RenderBlock {DIV} at (0,6290) size 769x18
        RenderText {#text} at (0,0) size 335x18
          text run at (0,0) width 335: "Font: Avenir-BookOblique Weight: 900 Style: italic"
      RenderBlock {DIV} at (0,6308) size 769x18
        RenderText {#text} at (0,0) size 344x18
          text run at (0,0) width 344: "Font: Avenir-MediumOblique Weight: 100 Style: italic"
      RenderBlock {DIV} at (0,6326) size 769x18
        RenderText {#text} at (0,0) size 344x18
          text run at (0,0) width 344: "Font: Avenir-MediumOblique Weight: 200 Style: italic"
      RenderBlock {DIV} at (0,6344) size 769x18
        RenderText {#text} at (0,0) size 344x18
          text run at (0,0) width 344: "Font: Avenir-MediumOblique Weight: 300 Style: italic"
      RenderBlock {DIV} at (0,6362) size 769x18
        RenderText {#text} at (0,0) size 344x18
          text run at (0,0) width 344: "Font: Avenir-MediumOblique Weight: 400 Style: italic"
      RenderBlock {DIV} at (0,6380) size 769x18
        RenderText {#text} at (0,0) size 344x18
          text run at (0,0) width 344: "Font: Avenir-MediumOblique Weight: 500 Style: italic"
      RenderBlock {DIV} at (0,6398) size 769x18
        RenderText {#text} at (0,0) size 354x18
          text run at (0,0) width 354: "Font: Avenir-MediumOblique Weight: 600 Style: italic"
      RenderBlock {DIV} at (0,6416) size 769x18
        RenderText {#text} at (0,0) size 354x18
          text run at (0,0) width 354: "Font: Avenir-MediumOblique Weight: 700 Style: italic"
      RenderBlock {DIV} at (0,6434) size 769x18
        RenderText {#text} at (0,0) size 354x18
          text run at (0,0) width 354: "Font: Avenir-MediumOblique Weight: 800 Style: italic"
      RenderBlock {DIV} at (0,6452) size 769x18
        RenderText {#text} at (0,0) size 354x18
          text run at (0,0) width 354: "Font: Avenir-MediumOblique Weight: 900 Style: italic"
      RenderBlock {DIV} at (0,6470) size 769x18
        RenderText {#text} at (0,0) size 328x18
          text run at (0,0) width 328: "Font: Avenir-BlackOblique Weight: 100 Style: italic"
      RenderBlock {DIV} at (0,6488) size 769x18
        RenderText {#text} at (0,0) size 328x18
          text run at (0,0) width 328: "Font: Avenir-BlackOblique Weight: 200 Style: italic"
      RenderBlock {DIV} at (0,6506) size 769x18
        RenderText {#text} at (0,0) size 328x18
          text run at (0,0) width 328: "Font: Avenir-BlackOblique Weight: 300 Style: italic"
      RenderBlock {DIV} at (0,6524) size 769x18
        RenderText {#text} at (0,0) size 328x18
          text run at (0,0) width 328: "Font: Avenir-BlackOblique Weight: 400 Style: italic"
      RenderBlock {DIV} at (0,6542) size 769x18
        RenderText {#text} at (0,0) size 328x18
          text run at (0,0) width 328: "Font: Avenir-BlackOblique Weight: 500 Style: italic"
      RenderBlock {DIV} at (0,6560) size 769x18
        RenderText {#text} at (0,0) size 338x18
          text run at (0,0) width 338: "Font: Avenir-BlackOblique Weight: 600 Style: italic"
      RenderBlock {DIV} at (0,6578) size 769x18
        RenderText {#text} at (0,0) size 338x18
          text run at (0,0) width 338: "Font: Avenir-BlackOblique Weight: 700 Style: italic"
      RenderBlock {DIV} at (0,6596) size 769x18
        RenderText {#text} at (0,0) size 338x18
          text run at (0,0) width 338: "Font: Avenir-BlackOblique Weight: 800 Style: italic"
      RenderBlock {DIV} at (0,6614) size 769x18
        RenderText {#text} at (0,0) size 338x18
          text run at (0,0) width 338: "Font: Avenir-BlackOblique Weight: 900 Style: italic"
