layer at (0,0) size 1064x7957
  RenderView at (0,0) size 785x585
layer at (0,0) size 785x7957
  RenderBlock {HTML} at (0,0) size 785x7957
    RenderBody {BODY} at (8,8) size 769x7936
      RenderBlock (anonymous) at (0,0) size 769x18
        RenderText {#text} at (0,0) size 659x18
          text run at (0,0) width 659: "The text below consists of composed characters. There shouldn't be any errors (e and ' visible separately)"
      RenderBlock {PRE} at (0,31) size 769x7905
        RenderText {#text} at (0,0) size 1056x3780
          text run at (0,0) width 1056: "e\x{301}e\x{301}e\x{301}e\x{301}e\x{301}e\x{301}e\x{301}e\x{301}e\x{301}e\x{301}e\x{301}e\x{301}e\x{301}e\x{301}e\x{301}e\x{301}e\x{301}e\x{301}e\x{301}e\x{301}e\x{301}e\x{301}e\x{301}e\x{301}e\x{301}e\x{301}e\x{301}e\x{301}e\x{301}e\x{301}e\x{301}e\x{301} e\x{301} e\x{301}e\x{301}e\x{301}e\x{301}e\x{301}e\x{301}e\x{301}e\x{301}e\x{301}e\x{301}e\x{301}e\x{301}e\x{301}e\x{301}e\x{301}e\x{301}e\x{301}e\x{301}e\x{301}e\x{301}e\x{301}e\x{301}e\x{301}e\x{301}e\x{301}e\x{301}e\x{301}e\x{301}e\x{301}e\x{301}e\x{301}e\x{301}e\x{301}e\x{301}e\x{301}e\x{301}e\x{301}e\x{301}e\x{301}e\x{301}e\x{301}e\x{301}e\x{301} e\x{301}e\x{301}e\x{301}e\x{301}e\x{301}e\x{301}e\x{301}e\x{301}e\x{301}e\x{301}e\x{301}e\x{301}e\x{301}e\x{301}e\x{301}e\x{301}e\x{301}e\x{301}e\x{301}e\x{301}e\x{301}e\x{301}e\x{301}e\x{301}e\x{301}e\x{301}e\x{301}e\x{301}e\x{301}e\x{301} e\x{301}e\x{301}e\x{301}e\x{301}e\x{301}e\x{301}e\x{301}e\x{301}e\x{301}e\x{301}e\x{301}e\x{301}e\x{301}e\x{301}e\x{301}e\x{301}e\x{301}e\x{301}e\x{301}e\x{301}e\x{301}e\x{301}"
          text run at (1056,0) width 0: " "
          text run at (0,15) width 1056: "e\x{301}e\x{301}e\x{301}e\x{301}e\x{301}e\x{301}e\x{301}e\x{301}e\x{301}e\x{301}e\x{301}e\x{301}e\x{301}e\x{301}e\x{301}e\x{301}e\x{301}e\x{301}e\x{301}e\x{301}e\x{301}e\x{301}e\x{301}e\x{301}e\x{301}e\x{301}e\x{301}e\x{301}e\x{301}e\x{301}e\x{301}e\x{301} e\x{301} e\x{301}e\x{301}e\x{301}e\x{301}e\x{301}e\x{301}e\x{301}e\x{301}e\x{301}e\x{301}e\x{301}e\x{301}e\x{301}e\x{301}e\x{301}e\x{301}e\x{301}e\x{301}e\x{301}e\x{301}e\x{301}e\x{301}e\x{301}e\x{301}e\x{301}e\x{301}e\x{301}e\x{301}e\x{301}e\x{301}e\x{301}e\x{301}e\x{301}e\x{301}e\x{301}e\x{301}e\x{301}e\x{301}e\x{301}e\x{301}e\x{301}e\x{301}e\x{301} e\x{301}e\x{301}e\x{301}e\x{301}e\x{301}e\x{301}e\x{301}e\x{301}e\x{301}e\x{301}e\x{301}e\x{301}e\x{301}e\x{301}e\x{301}e\x{301}e\x{301}e\x{301}e\x{301}e\x{301}e\x{301}e\x{301}e\x{301}e\x{301}e\x{301}e\x{301}e\x{301}e\x{301}e\x{301}e\x{301} e\x{301}e\x{301}e\x{301}e\x{301}e\x{301}e\x{301}e\x{301}e\x{301}e\x{301}e\x{301}e\x{301}e\x{301}e\x{301}e\x{301}e\x{301}e\x{301}e\x{301}e\x{301}e\x{301}e\x{301}e\x{301}e\x{301}"
          text run at (1056,15) width 0: " "
          text run at (0,30) width 1056: "e\x{301}e\x{301}e\x{301}e\x{301}e\x{301}e\x{301}e\x{301}e\x{301}e\x{301}e\x{301}e\x{301}e\x{301}e\x{301}e\x{301}e\x{301}e\x{301}e\x{301}e\x{301}e\x{301}e\x{301}e\x{301}e\x{301}e\x{301}e\x{301}e\x{301}e\x{301}e\x{301}e\x{301}e\x{301}e\x{301}e\x{301}e\x{301} e\x{301} e\x{301}e\x{301}e\x{301}e\x{301}e\x{301}e\x{301}e\x{301}e\x{301}e\x{301}e\x{301}e\x{301}e\x{301}e\x{301}e\x{301}e\x{301}e\x{301}e\x{301}e\x{301}e\x{301}e\x{301}e\x{301}e\x{301}e\x{301}e\x{301}e\x{301}e\x{301}e\x{301}e\x{301}e\x{301}e\x{301}e\x{301}e\x{301}e\x{301}e\x{301}e\x{301}e\x{301}e\x{301}e\x{301}e\x{301}e\x{301}e\x{301}e\x{301}e\x{301} e\x{301}e\x{301}e\x{301}e\x{301}e\x{301}e\x{301}e\x{301}e\x{301}e\x{301}e\x{301}e\x{301}e\x{301}e\x{301}e\x{301}e\x{301}e\x{301}e\x{301}e\x{301}e\x{301}e\x{301}e\x{301}e\x{301}e\x{301}e\x{301}e\x{301}e\x{301}e\x{301}e\x{301}e\x{301}e\x{301} e\x{301}e\x{301}e\x{301}e\x{301}e\x{301}e\x{301}e\x{301}e\x{301}e\x{301}e\x{301}e\x{301}e\x{301}e\x{301}e\x{301}e\x{301}e\x{301}e\x{301}e\x{301}e\x{301}e\x{301}e\x{301}e\x{301}"
          text run at (1056,30) width 0: " "
          text run at (0,45) width 1056: "e\x{301}e\x{301}e\x{301}e\x{301}e\x{301}e\x{301}e\x{301}e\x{301}e\x{301}e\x{301}e\x{301}e\x{301}e\x{301}e\x{301}e\x{301}e\x{301}e\x{301}e\x{301}e\x{301}e\x{301}e\x{301}e\x{301}e\x{301}e\x{301}e\x{301}e\x{301}e\x{301}e\x{301}e\x{301}e\x{301}e\x{301}e\x{301} e\x{301} e\x{301}e\x{301}e\x{301}e\x{301}e\x{301}e\x{301}e\x{301}e\x{301}e\x{301}e\x{301}e\x{301}e\x{301}e\x{301}e\x{301}e\x{301}e\x{301}e\x{301}e\x{301}e\x{301}e\x{301}e\x{301}e\x{301}e\x{301}e\x{301}e\x{301}e\x{301}e\x{301}e\x{301}e\x{301}e\x{301}e\x{301}e\x{301}e\x{301}e\x{301}e\x{301}e\x{301}e\x{301}e\x{301}e\x{301}e\x{301}e\x{301}e\x{301}e\x{301} e\x{301}e\x{301}e\x{301}e\x{301}e\x{301}e\x{301}e\x{301}e\x{301}e\x{301}e\x{301}e\x{301}e\x{301}e\x{301}e\x{301}e\x{301}e\x{301}e\x{301}e\x{301}e\x{301}e\x{301}e\x{301}e\x{301}e\x{301}e\x{301}e\x{301}e\x{301}e\x{301}e\x{301}e\x{301}e\x{301} e\x{301}e\x{301}e\x{301}e\x{301}e\x{301}e\x{301}e\x{301}e\x{301}e\x{301}e\x{301}e\x{301}e\x{301}e\x{301}e\x{301}e\x{301}e\x{301}e\x{301}e\x{301}e\x{301}e\x{301}e\x{301}e\x{301}"
          text run at (1056,45) width 0: " "
          text run at (0,60) width 1056: "e\x{301}e\x{301}e\x{301}e\x{301}e\x{301}e\x{301}e\x{301}e\x{301}e\x{301}e\x{301}e\x{301}e\x{301}e\x{301}e\x{301}e\x{301}e\x{301}e\x{301}e\x{301}e\x{301}e\x{301}e\x{301}e\x{301}e\x{301}e\x{301}e\x{301}e\x{301}e\x{301}e\x{301}e\x{301}e\x{301}e\x{301}e\x{301} e\x{301} e\x{301}e\x{301}e\x{301}e\x{301}e\x{301}e\x{301}e\x{301}e\x{301}e\x{301}e\x{301}e\x{301}e\x{301}e\x{301}e\x{301}e\x{301}e\x{301}e\x{301}e\x{301}e\x{301}e\x{301}e\x{301}e\x{301}e\x{301}e\x{301}e\x{301}e\x{301}e\x{301}e\x{301}e\x{301}e\x{301}e\x{301}e\x{301}e\x{301}e\x{301}e\x{301}e\x{301}e\x{301}e\x{301}e\x{301}e\x{301}e\x{301}e\x{301}e\x{301} e\x{301}e\x{301}e\x{301}e\x{301}e\x{301}e\x{301}e\x{301}e\x{301}e\x{301}e\x{301}e\x{301}e\x{301}e\x{301}e\x{301}e\x{301}e\x{301}e\x{301}e\x{301}e\x{301}e\x{301}e\x{301}e\x{301}e\x{301}e\x{301}e\x{301}e\x{301}e\x{301}e\x{301}e\x{301}e\x{301} e\x{301}e\x{301}e\x{301}e\x{301}e\x{301}e\x{301}e\x{301}e\x{301}e\x{301}e\x{301}e\x{301}e\x{301}e\x{301}e\x{301}e\x{301}e\x{301}e\x{301}e\x{301}e\x{301}e\x{301}e\x{301}e\x{301}"
          text run at (1056,60) width 0: " "
          text run at (0,75) width 1056: "e\x{301}e\x{301}e\x{301}e\x{301}e\x{301}e\x{301}e\x{301}e\x{301}e\x{301}e\x{301}e\x{301}e\x{301}e\x{301}e\x{301}e\x{301}e\x{301}e\x{301}e\x{301}e\x{301}e\x{301}e\x{301}e\x{301}e\x{301}e\x{301}e\x{301}e\x{301}e\x{301}e\x{301}e\x{301}e\x{301}e\x{301}e\x{301} e\x{301} e\x{301}e\x{301}e\x{301}e\x{301}e\x{301}e\x{301}e\x{301}e\x{301}e\x{301}e\x{301}e\x{301}e\x{301}e\x{301}e\x{301}e\x{301}e\x{301}e\x{301}e\x{301}e\x{301}e\x{301}e\x{301}e\x{301}e\x{301}e\x{301}e\x{301}e\x{301}e\x{301}e\x{301}e\x{301}e\x{301}e\x{301}e\x{301}e\x{301}e\x{301}e\x{301}e\x{301}e\x{301}e\x{301}e\x{301}e\x{301}e\x{301}e\x{301}e\x{301} e\x{301}e\x{301}e\x{301}e\x{301}e\x{301}e\x{301}e\x{301}e\x{301}e\x{301}e\x{301}e\x{301}e\x{301}e\x{301}e\x{301}e\x{301}e\x{301}e\x{301}e\x{301}e\x{301}e\x{301}e\x{301}e\x{301}e\x{301}e\x{301}e\x{301}e\x{301}e\x{301}e\x{301}e\x{301}e\x{301} e\x{301}e\x{301}e\x{301}e\x{301}e\x{301}e\x{301}e\x{301}e\x{301}e\x{301}e\x{301}e\x{301}e\x{301}e\x{301}e\x{301}e\x{301}e\x{301}e\x{301}e\x{301}e\x{301}e\x{301}e\x{301}e\x{301}"
          text run at (1056,75) width 0: " "
          text run at (0,90) width 1056: "e\x{301}e\x{301}e\x{301}e\x{301}e\x{301}e\x{301}e\x{301}e\x{301}e\x{301}e\x{301}e\x{301}e\x{301}e\x{301}e\x{301}e\x{301}e\x{301}e\x{301}e\x{301}e\x{301}e\x{301}e\x{301}e\x{301}e\x{301}e\x{301}e\x{301}e\x{301}e\x{301}e\x{301}e\x{301}e\x{301}e\x{301}e\x{301} e\x{301} e\x{301}e\x{301}e\x{301}e\x{301}e\x{301}e\x{301}e\x{301}e\x{301}e\x{301}e\x{301}e\x{301}e\x{301}e\x{301}e\x{301}e\x{301}e\x{301}e\x{301}e\x{301}e\x{301}e\x{301}e\x{301}e\x{301}e\x{301}e\x{301}e\x{301}e\x{301}e\x{301}e\x{301}e\x{301}e\x{301}e\x{301}e\x{301}e\x{301}e\x{301}e\x{301}e\x{301}e\x{301}e\x{301}e\x{301}e\x{301}e\x{301}e\x{301}e\x{301} e\x{301}e\x{301}e\x{301}e\x{301}e\x{301}e\x{301}e\x{301}e\x{301}e\x{301}e\x{301}e\x{301}e\x{301}e\x{301}e\x{301}e\x{301}e\x{301}e\x{301}e\x{301}e\x{301}e\x{301}e\x{301}e\x{301}e\x{301}e\x{301}e\x{301}e\x{301}e\x{301}e\x{301}e\x{301}e\x{301} e\x{301}e\x{301}e\x{301}e\x{301}e\x{301}e\x{301}e\x{301}e\x{301}e\x{301}e\x{301}e\x{301}e\x{301}e\x{301}e\x{301}e\x{301}e\x{301}e\x{301}e\x{301}e\x{301}e\x{301}e\x{301}e\x{301}"
          text run at (1056,90) width 0: " "
          text run at (0,105) width 1056: "e\x{301}e\x{301}e\x{301}e\x{301}e\x{301}e\x{301}e\x{301}e\x{301}e\x{301}e\x{301}e\x{301}e\x{301}e\x{301}e\x{301}e\x{301}e\x{301}e\x{301}e\x{301}e\x{301}e\x{301}e\x{301}e\x{301}e\x{301}e\x{301}e\x{301}e\x{301}e\x{301}e\x{301}e\x{301}e\x{301}e\x{301}e\x{301} e\x{301} e\x{301}e\x{301}e\x{301}e\x{301}e\x{301}e\x{301}e\x{301}e\x{301}e\x{301}e\x{301}e\x{301}e\x{301}e\x{301}e\x{301}e\x{301}e\x{301}e\x{301}e\x{301}e\x{301}e\x{301}e\x{301}e\x{301}e\x{301}e\x{301}e\x{301}e\x{301}e\x{301}e\x{301}e\x{301}e\x{301}e\x{301}e\x{301}e\x{301}e\x{301}e\x{301}e\x{301}e\x{301}e\x{301}e\x{301}e\x{301}e\x{301}e\x{301}e\x{301} e\x{301}e\x{301}e\x{301}e\x{301}e\x{301}e\x{301}e\x{301}e\x{301}e\x{301}e\x{301}e\x{301}e\x{301}e\x{301}e\x{301}e\x{301}e\x{301}e\x{301}e\x{301}e\x{301}e\x{301}e\x{301}e\x{301}e\x{301}e\x{301}e\x{301}e\x{301}e\x{301}e\x{301}e\x{301}e\x{301} e\x{301}e\x{301}e\x{301}e\x{301}e\x{301}e\x{301}e\x{301}e\x{301}e\x{301}e\x{301}e\x{301}e\x{301}e\x{301}e\x{301}e\x{301}e\x{301}e\x{301}e\x{301}e\x{301}e\x{301}e\x{301}e\x{301}"
          text run at (1056,105) width 0: " "
          text run at (0,120) width 1056: "e\x{301}e\x{301}e\x{301}e\x{301}e\x{301}e\x{301}e\x{301}e\x{301}e\x{301}e\x{301}e\x{301}e\x{301}e\x{301}e\x{301}e\x{301}e\x{301}e\x{301}e\x{301}e\x{301}e\x{301}e\x{301}e\x{301}e\x{301}e\x{301}e\x{301}e\x{301}e\x{301}e\x{301}e\x{301}e\x{301}e\x{301}e\x{301} e\x{301} e\x{301}e\x{301}e\x{301}e\x{301}e\x{301}e\x{301}e\x{301}e\x{301}e\x{301}e\x{301}e\x{301}e\x{301}e\x{301}e\x{301}e\x{301}e\x{301}e\x{301}e\x{301}e\x{301}e\x{301}e\x{301}e\x{301}e\x{301}e\x{301}e\x{301}e\x{301}e\x{301}e\x{301}e\x{301}e\x{301}e\x{301}e\x{301}e\x{301}e\x{301}e\x{301}e\x{301}e\x{301}e\x{301}e\x{301}e\x{301}e\x{301}e\x{301}e\x{301} e\x{301}e\x{301}e\x{301}e\x{301}e\x{301}e\x{301}e\x{301}e\x{301}e\x{301}e\x{301}e\x{301}e\x{301}e\x{301}e\x{301}e\x{301}e\x{301}e\x{301}e\x{301}e\x{301}e\x{301}e\x{301}e\x{301}e\x{301}e\x{301}e\x{301}e\x{301}e\x{301}e\x{301}e\x{301}e\x{301} e\x{301}e\x{301}e\x{301}e\x{301}e\x{301}e\x{301}e\x{301}e\x{301}e\x{301}e\x{301}e\x{301}e\x{301}e\x{301}e\x{301}e\x{301}e\x{301}e\x{301}e\x{301}e\x{301}e\x{301}e\x{301}e\x{301}"
          text run at (1056,120) width 0: " "
          text run at (0,135) width 1056: "e\x{301}e\x{301}e\x{301}e\x{301}e\x{301}e\x{301}e\x{301}e\x{301}e\x{301}e\x{301}e\x{301}e\x{301}e\x{301}e\x{301}e\x{301}e\x{301}e\x{301}e\x{301}e\x{301}e\x{301}e\x{301}e\x{301}e\x{301}e\x{301}e\x{301}e\x{301}e\x{301}e\x{301}e\x{301}e\x{301}e\x{301}e\x{301} e\x{301} e\x{301}e\x{301}e\x{301}e\x{301}e\x{301}e\x{301}e\x{301}e\x{301}e\x{301}e\x{301}e\x{301}e\x{301}e\x{301}e\x{301}e\x{301}e\x{301}e\x{301}e\x{301}e\x{301}e\x{301}e\x{301}e\x{301}e\x{301}e\x{301}e\x{301}e\x{301}e\x{301}e\x{301}e\x{301}e\x{301}e\x{301}e\x{301}e\x{301}e\x{301}e\x{301}e\x{301}e\x{301}e\x{301}e\x{301}e\x{301}e\x{301}e\x{301}e\x{301} e\x{301}e\x{301}e\x{301}e\x{301}e\x{301}e\x{301}e\x{301}e\x{301}e\x{301}e\x{301}e\x{301}e\x{301}e\x{301}e\x{301}e\x{301}e\x{301}e\x{301}e\x{301}e\x{301}e\x{301}e\x{301}e\x{301}e\x{301}e\x{301}e\x{301}e\x{301}e\x{301}e\x{301}e\x{301}e\x{301} e\x{301}e\x{301}e\x{301}e\x{301}e\x{301}e\x{301}e\x{301}e\x{301}e\x{301}e\x{301}e\x{301}e\x{301}e\x{301}e\x{301}e\x{301}e\x{301}e\x{301}e\x{301}e\x{301}e\x{301}e\x{301}e\x{301}"
          text run at (1056,135) width 0: " "
          text run at (0,150) width 1056: "e\x{301}e\x{301}e\x{301}e\x{301}e\x{301}e\x{301}e\x{301}e\x{301}e\x{301}e\x{301}e\x{301}e\x{301}e\x{301}e\x{301}e\x{301}e\x{301}e\x{301}e\x{301}e\x{301}e\x{301}e\x{301}e\x{301}e\x{301}e\x{301}e\x{301}e\x{301}e\x{301}e\x{301}e\x{301}e\x{301}e\x{301}e\x{301} e\x{301} e\x{301}e\x{301}e\x{301}e\x{301}e\x{301}e\x{301}e\x{301}e\x{301}e\x{301}e\x{301}e\x{301}e\x{301}e\x{301}e\x{301}e\x{301}e\x{301}e\x{301}e\x{301}e\x{301}e\x{301}e\x{301}e\x{301}e\x{301}e\x{301}e\x{301}e\x{301}e\x{301}e\x{301}e\x{301}e\x{301}e\x{301}e\x{301}e\x{301}e\x{301}e\x{301}e\x{301}e\x{301}e\x{301}e\x{301}e\x{301}e\x{301}e\x{301}e\x{301} e\x{301}e\x{301}e\x{301}e\x{301}e\x{301}e\x{301}e\x{301}e\x{301}e\x{301}e\x{301}e\x{301}e\x{301}e\x{301}e\x{301}e\x{301}e\x{301}e\x{301}e\x{301}e\x{301}e\x{301}e\x{301}e\x{301}e\x{301}e\x{301}e\x{301}e\x{301}e\x{301}e\x{301}e\x{301}e\x{301} e\x{301}e\x{301}e\x{301}e\x{301}e\x{301}e\x{301}e\x{301}e\x{301}e\x{301}e\x{301}e\x{301}e\x{301}e\x{301}e\x{301}e\x{301}e\x{301}e\x{301}e\x{301}e\x{301}e\x{301}e\x{301}e\x{301}"
          text run at (1056,150) width 0: " "
          text run at (0,165) width 1056: "e\x{301}e\x{301}e\x{301}e\x{301}e\x{301}e\x{301}e\x{301}e\x{301}e\x{301}e\x{301}e\x{301}e\x{301}e\x{301}e\x{301}e\x{301}e\x{301}e\x{301}e\x{301}e\x{301}e\x{301}e\x{301}e\x{301}e\x{301}e\x{301}e\x{301}e\x{301}e\x{301}e\x{301}e\x{301}e\x{301}e\x{301}e\x{301} e\x{301} e\x{301}e\x{301}e\x{301}e\x{301}e\x{301}e\x{301}e\x{301}e\x{301}e\x{301}e\x{301}e\x{301}e\x{301}e\x{301}e\x{301}e\x{301}e\x{301}e\x{301}e\x{301}e\x{301}e\x{301}e\x{301}e\x{301}e\x{301}e\x{301}e\x{301}e\x{301}e\x{301}e\x{301}e\x{301}e\x{301}e\x{301}e\x{301}e\x{301}e\x{301}e\x{301}e\x{301}e\x{301}e\x{301}e\x{301}e\x{301}e\x{301}e\x{301}e\x{301} e\x{301}e\x{301}e\x{301}e\x{301}e\x{301}e\x{301}e\x{301}e\x{301}e\x{301}e\x{301}e\x{301}e\x{301}e\x{301}e\x{301}e\x{301}e\x{301}e\x{301}e\x{301}e\x{301}e\x{301}e\x{301}e\x{301}e\x{301}e\x{301}e\x{301}e\x{301}e\x{301}e\x{301}e\x{301}e\x{301} e\x{301}e\x{301}e\x{301}e\x{301}e\x{301}e\x{301}e\x{301}e\x{301}e\x{301}e\x{301}e\x{301}e\x{301}e\x{301}e\x{301}e\x{301}e\x{301}e\x{301}e\x{301}e\x{301}e\x{301}e\x{301}e\x{301}"
          text run at (1056,165) width 0: " "
          text run at (0,180) width 1056: "e\x{301}e\x{301}e\x{301}e\x{301}e\x{301}e\x{301}e\x{301}e\x{301}e\x{301}e\x{301}e\x{301}e\x{301}e\x{301}e\x{301}e\x{301}e\x{301}e\x{301}e\x{301}e\x{301}e\x{301}e\x{301}e\x{301}e\x{301}e\x{301}e\x{301}e\x{301}e\x{301}e\x{301}e\x{301}e\x{301}e\x{301}e\x{301} e\x{301} e\x{301}e\x{301}e\x{301}e\x{301}e\x{301}e\x{301}e\x{301}e\x{301}e\x{301}e\x{301}e\x{301}e\x{301}e\x{301}e\x{301}e\x{301}e\x{301}e\x{301}e\x{301}e\x{301}e\x{301}e\x{301}e\x{301}e\x{301}e\x{301}e\x{301}e\x{301}e\x{301}e\x{301}e\x{301}e\x{301}e\x{301}e\x{301}e\x{301}e\x{301}e\x{301}e\x{301}e\x{301}e\x{301}e\x{301}e\x{301}e\x{301}e\x{301}e\x{301} e\x{301}e\x{301}e\x{301}e\x{301}e\x{301}e\x{301}e\x{301}e\x{301}e\x{301}e\x{301}e\x{301}e\x{301}e\x{301}e\x{301}e\x{301}e\x{301}e\x{301}e\x{301}e\x{301}e\x{301}e\x{301}e\x{301}e\x{301}e\x{301}e\x{301}e\x{301}e\x{301}e\x{301}e\x{301}e\x{301} e\x{301}e\x{301}e\x{301}e\x{301}e\x{301}e\x{301}e\x{301}e\x{301}e\x{301}e\x{301}e\x{301}e\x{301}e\x{301}e\x{301}e\x{301}e\x{301}e\x{301}e\x{301}e\x{301}e\x{301}e\x{301}e\x{301}"
          text run at (1056,180) width 0: " "
          text run at (0,195) width 1056: "e\x{301}e\x{301}e\x{301}e\x{301}e\x{301}e\x{301}e\x{301}e\x{301}e\x{301}e\x{301}e\x{301}e\x{301}e\x{301}e\x{301}e\x{301}e\x{301}e\x{301}e\x{301}e\x{301}e\x{301}e\x{301}e\x{301}e\x{301}e\x{301}e\x{301}e\x{301}e\x{301}e\x{301}e\x{301}e\x{301}e\x{301}e\x{301} e\x{301} e\x{301}e\x{301}e\x{301}e\x{301}e\x{301}e\x{301}e\x{301}e\x{301}e\x{301}e\x{301}e\x{301}e\x{301}e\x{301}e\x{301}e\x{301}e\x{301}e\x{301}e\x{301}e\x{301}e\x{301}e\x{301}e\x{301}e\x{301}e\x{301}e\x{301}e\x{301}e\x{301}e\x{301}e\x{301}e\x{301}e\x{301}e\x{301}e\x{301}e\x{301}e\x{301}e\x{301}e\x{301}e\x{301}e\x{301}e\x{301}e\x{301}e\x{301}e\x{301} e\x{301}e\x{301}e\x{301}e\x{301}e\x{301}e\x{301}e\x{301}e\x{301}e\x{301}e\x{301}e\x{301}e\x{301}e\x{301}e\x{301}e\x{301}e\x{301}e\x{301}e\x{301}e\x{301}e\x{301}e\x{301}e\x{301}e\x{301}e\x{301}e\x{301}e\x{301}e\x{301}e\x{301}e\x{301}e\x{301} e\x{301}e\x{301}e\x{301}e\x{301}e\x{301}e\x{301}e\x{301}e\x{301}e\x{301}e\x{301}e\x{301}e\x{301}e\x{301}e\x{301}e\x{301}e\x{301}e\x{301}e\x{301}e\x{301}e\x{301}e\x{301}e\x{301}"
          text run at (1056,195) width 0: " "
          text run at (0,210) width 1056: "e\x{301}e\x{301}e\x{301}e\x{301}e\x{301}e\x{301}e\x{301}e\x{301}e\x{301}e\x{301}e\x{301}e\x{301}e\x{301}e\x{301}e\x{301}e\x{301}e\x{301}e\x{301}e\x{301}e\x{301}e\x{301}e\x{301}e\x{301}e\x{301}e\x{301}e\x{301}e\x{301}e\x{301}e\x{301}e\x{301}e\x{301}e\x{301} e\x{301} e\x{301}e\x{301}e\x{301}e\x{301}e\x{301}e\x{301}e\x{301}e\x{301}e\x{301}e\x{301}e\x{301}e\x{301}e\x{301}e\x{301}e\x{301}e\x{301}e\x{301}e\x{301}e\x{301}e\x{301}e\x{301}e\x{301}e\x{301}e\x{301}e\x{301}e\x{301}e\x{301}e\x{301}e\x{301}e\x{301}e\x{301}e\x{301}e\x{301}e\x{301}e\x{301}e\x{301}e\x{301}e\x{301}e\x{301}e\x{301}e\x{301}e\x{301}e\x{301} e\x{301}e\x{301}e\x{301}e\x{301}e\x{301}e\x{301}e\x{301}e\x{301}e\x{301}e\x{301}e\x{301}e\x{301}e\x{301}e\x{301}e\x{301}e\x{301}e\x{301}e\x{301}e\x{301}e\x{301}e\x{301}e\x{301}e\x{301}e\x{301}e\x{301}e\x{301}e\x{301}e\x{301}e\x{301}e\x{301} e\x{301}e\x{301}e\x{301}e\x{301}e\x{301}e\x{301}e\x{301}e\x{301}e\x{301}e\x{301}e\x{301}e\x{301}e\x{301}e\x{301}e\x{301}e\x{301}e\x{301}e\x{301}e\x{301}e\x{301}e\x{301}e\x{301}"
          text run at (1056,210) width 0: " "
          text run at (0,225) width 1056: "e\x{301}e\x{301}e\x{301}e\x{301}e\x{301}e\x{301}e\x{301}e\x{301}e\x{301}e\x{301}e\x{301}e\x{301}e\x{301}e\x{301}e\x{301}e\x{301}e\x{301}e\x{301}e\x{301}e\x{301}e\x{301}e\x{301}e\x{301}e\x{301}e\x{301}e\x{301}e\x{301}e\x{301}e\x{301}e\x{301}e\x{301}e\x{301} e\x{301} e\x{301}e\x{301}e\x{301}e\x{301}e\x{301}e\x{301}e\x{301}e\x{301}e\x{301}e\x{301}e\x{301}e\x{301}e\x{301}e\x{301}e\x{301}e\x{301}e\x{301}e\x{301}e\x{301}e\x{301}e\x{301}e\x{301}e\x{301}e\x{301}e\x{301}e\x{301}e\x{301}e\x{301}e\x{301}e\x{301}e\x{301}e\x{301}e\x{301}e\x{301}e\x{301}e\x{301}e\x{301}e\x{301}e\x{301}e\x{301}e\x{301}e\x{301}e\x{301} e\x{301}e\x{301}e\x{301}e\x{301}e\x{301}e\x{301}e\x{301}e\x{301}e\x{301}e\x{301}e\x{301}e\x{301}e\x{301}e\x{301}e\x{301}e\x{301}e\x{301}e\x{301}e\x{301}e\x{301}e\x{301}e\x{301}e\x{301}e\x{301}e\x{301}e\x{301}e\x{301}e\x{301}e\x{301}e\x{301} e\x{301}e\x{301}e\x{301}e\x{301}e\x{301}e\x{301}e\x{301}e\x{301}e\x{301}e\x{301}e\x{301}e\x{301}e\x{301}e\x{301}e\x{301}e\x{301}e\x{301}e\x{301}e\x{301}e\x{301}e\x{301}e\x{301}"
          text run at (1056,225) width 0: " "
          text run at (0,240) width 1056: "e\x{301}e\x{301}e\x{301}e\x{301}e\x{301}e\x{301}e\x{301}e\x{301}e\x{301}e\x{301}e\x{301}e\x{301}e\x{301}e\x{301}e\x{301}e\x{301}e\x{301}e\x{301}e\x{301}e\x{301}e\x{301}e\x{301}e\x{301}e\x{301}e\x{301}e\x{301}e\x{301}e\x{301}e\x{301}e\x{301}e\x{301}e\x{301} e\x{301} e\x{301}e\x{301}e\x{301}e\x{301}e\x{301}e\x{301}e\x{301}e\x{301}e\x{301}e\x{301}e\x{301}e\x{301}e\x{301}e\x{301}e\x{301}e\x{301}e\x{301}e\x{301}e\x{301}e\x{301}e\x{301}e\x{301}e\x{301}e\x{301}e\x{301}e\x{301}e\x{301}e\x{301}e\x{301}e\x{301}e\x{301}e\x{301}e\x{301}e\x{301}e\x{301}e\x{301}e\x{301}e\x{301}e\x{301}e\x{301}e\x{301}e\x{301}e\x{301} e\x{301}e\x{301}e\x{301}e\x{301}e\x{301}e\x{301}e\x{301}e\x{301}e\x{301}e\x{301}e\x{301}e\x{301}e\x{301}e\x{301}e\x{301}e\x{301}e\x{301}e\x{301}e\x{301}e\x{301}e\x{301}e\x{301}e\x{301}e\x{301}e\x{301}e\x{301}e\x{301}e\x{301}e\x{301}e\x{301} e\x{301}e\x{301}e\x{301}e\x{301}e\x{301}e\x{301}e\x{301}e\x{301}e\x{301}e\x{301}e\x{301}e\x{301}e\x{301}e\x{301}e\x{301}e\x{301}e\x{301}e\x{301}e\x{301}e\x{301}e\x{301}e\x{301}"
          text run at (1056,240) width 0: " "
          text run at (0,255) width 1056: "e\x{301}e\x{301}e\x{301}e\x{301}e\x{301}e\x{301}e\x{301}e\x{301}e\x{301}e\x{301}e\x{301}e\x{301}e\x{301}e\x{301}e\x{301}e\x{301}e\x{301}e\x{301}e\x{301}e\x{301}e\x{301}e\x{301}e\x{301}e\x{301}e\x{301}e\x{301}e\x{301}e\x{301}e\x{301}e\x{301}e\x{301}e\x{301} e\x{301} e\x{301}e\x{301}e\x{301}e\x{301}e\x{301}e\x{301}e\x{301}e\x{301}e\x{301}e\x{301}e\x{301}e\x{301}e\x{301}e\x{301}e\x{301}e\x{301}e\x{301}e\x{301}e\x{301}e\x{301}e\x{301}e\x{301}e\x{301}e\x{301}e\x{301}e\x{301}e\x{301}e\x{301}e\x{301}e\x{301}e\x{301}e\x{301}e\x{301}e\x{301}e\x{301}e\x{301}e\x{301}e\x{301}e\x{301}e\x{301}e\x{301}e\x{301}e\x{301} e\x{301}e\x{301}e\x{301}e\x{301}e\x{301}e\x{301}e\x{301}e\x{301}e\x{301}e\x{301}e\x{301}e\x{301}e\x{301}e\x{301}e\x{301}e\x{301}e\x{301}e\x{301}e\x{301}e\x{301}e\x{301}e\x{301}e\x{301}e\x{301}e\x{301}e\x{301}e\x{301}e\x{301}e\x{301}e\x{301} e\x{301}e\x{301}e\x{301}e\x{301}e\x{301}e\x{301}e\x{301}e\x{301}e\x{301}e\x{301}e\x{301}e\x{301}e\x{301}e\x{301}e\x{301}e\x{301}e\x{301}e\x{301}e\x{301}e\x{301}e\x{301}e\x{301}"
          text run at (1056,255) width 0: " "
          text run at (0,270) width 1056: "e\x{301}e\x{301}e\x{301}e\x{301}e\x{301}e\x{301}e\x{301}e\x{301}e\x{301}e\x{301}e\x{301}e\x{301}e\x{301}e\x{301}e\x{301}e\x{301}e\x{301}e\x{301}e\x{301}e\x{301}e\x{301}e\x{301}e\x{301}e\x{301}e\x{301}e\x{301}e\x{301}e\x{301}e\x{301}e\x{301}e\x{301}e\x{301} e\x{301} e\x{301}e\x{301}e\x{301}e\x{301}e\x{301}e\x{301}e\x{301}e\x{301}e\x{301}e\x{301}e\x{301}e\x{301}e\x{301}e\x{301}e\x{301}e\x{301}e\x{301}e\x{301}e\x{301}e\x{301}e\x{301}e\x{301}e\x{301}e\x{301}e\x{301}e\x{301}e\x{301}e\x{301}e\x{301}e\x{301}e\x{301}e\x{301}e\x{301}e\x{301}e\x{301}e\x{301}e\x{301}e\x{301}e\x{301}e\x{301}e\x{301}e\x{301}e\x{301} e\x{301}e\x{301}e\x{301}e\x{301}e\x{301}e\x{301}e\x{301}e\x{301}e\x{301}e\x{301}e\x{301}e\x{301}e\x{301}e\x{301}e\x{301}e\x{301}e\x{301}e\x{301}e\x{301}e\x{301}e\x{301}e\x{301}e\x{301}e\x{301}e\x{301}e\x{301}e\x{301}e\x{301}e\x{301}e\x{301} e\x{301}e\x{301}e\x{301}e\x{301}e\x{301}e\x{301}e\x{301}e\x{301}e\x{301}e\x{301}e\x{301}e\x{301}e\x{301}e\x{301}e\x{301}e\x{301}e\x{301}e\x{301}e\x{301}e\x{301}e\x{301}e\x{301}"
          text run at (1056,270) width 0: " "
          text run at (0,285) width 1056: "e\x{301}e\x{301}e\x{301}e\x{301}e\x{301}e\x{301}e\x{301}e\x{301}e\x{301}e\x{301}e\x{301}e\x{301}e\x{301}e\x{301}e\x{301}e\x{301}e\x{301}e\x{301}e\x{301}e\x{301}e\x{301}e\x{301}e\x{301}e\x{301}e\x{301}e\x{301}e\x{301}e\x{301}e\x{301}e\x{301}e\x{301}e\x{301} e\x{301} e\x{301}e\x{301}e\x{301}e\x{301}e\x{301}e\x{301}e\x{301}e\x{301}e\x{301}e\x{301}e\x{301}e\x{301}e\x{301}e\x{301}e\x{301}e\x{301}e\x{301}e\x{301}e\x{301}e\x{301}e\x{301}e\x{301}e\x{301}e\x{301}e\x{301}e\x{301}e\x{301}e\x{301}e\x{301}e\x{301}e\x{301}e\x{301}e\x{301}e\x{301}e\x{301}e\x{301}e\x{301}e\x{301}e\x{301}e\x{301}e\x{301}e\x{301}e\x{301} e\x{301}e\x{301}e\x{301}e\x{301}e\x{301}e\x{301}e\x{301}e\x{301}e\x{301}e\x{301}e\x{301}e\x{301}e\x{301}e\x{301}e\x{301}e\x{301}e\x{301}e\x{301}e\x{301}e\x{301}e\x{301}e\x{301}e\x{301}e\x{301}e\x{301}e\x{301}e\x{301}e\x{301}e\x{301}e\x{301} e\x{301}e\x{301}e\x{301}e\x{301}e\x{301}e\x{301}e\x{301}e\x{301}e\x{301}e\x{301}e\x{301}e\x{301}e\x{301}e\x{301}e\x{301}e\x{301}e\x{301}e\x{301}e\x{301}e\x{301}e\x{301}e\x{301}"
          text run at (1056,285) width 0: " "
          text run at (0,300) width 1056: "e\x{301}e\x{301}e\x{301}e\x{301}e\x{301}e\x{301}e\x{301}e\x{301}e\x{301}e\x{301}e\x{301}e\x{301}e\x{301}e\x{301}e\x{301}e\x{301}e\x{301}e\x{301}e\x{301}e\x{301}e\x{301}e\x{301}e\x{301}e\x{301}e\x{301}e\x{301}e\x{301}e\x{301}e\x{301}e\x{301}e\x{301}e\x{301} e\x{301} e\x{301}e\x{301}e\x{301}e\x{301}e\x{301}e\x{301}e\x{301}e\x{301}e\x{301}e\x{301}e\x{301}e\x{301}e\x{301}e\x{301}e\x{301}e\x{301}e\x{301}e\x{301}e\x{301}e\x{301}e\x{301}e\x{301}e\x{301}e\x{301}e\x{301}e\x{301}e\x{301}e\x{301}e\x{301}e\x{301}e\x{301}e\x{301}e\x{301}e\x{301}e\x{301}e\x{301}e\x{301}e\x{301}e\x{301}e\x{301}e\x{301}e\x{301}e\x{301} e\x{301}e\x{301}e\x{301}e\x{301}e\x{301}e\x{301}e\x{301}e\x{301}e\x{301}e\x{301}e\x{301}e\x{301}e\x{301}e\x{301}e\x{301}e\x{301}e\x{301}e\x{301}e\x{301}e\x{301}e\x{301}e\x{301}e\x{301}e\x{301}e\x{301}e\x{301}e\x{301}e\x{301}e\x{301}e\x{301} e\x{301}e\x{301}e\x{301}e\x{301}e\x{301}e\x{301}e\x{301}e\x{301}e\x{301}e\x{301}e\x{301}e\x{301}e\x{301}e\x{301}e\x{301}e\x{301}e\x{301}e\x{301}e\x{301}e\x{301}e\x{301}e\x{301}"
          text run at (1056,300) width 0: " "
          text run at (0,315) width 1056: "e\x{301}e\x{301}e\x{301}e\x{301}e\x{301}e\x{301}e\x{301}e\x{301}e\x{301}e\x{301}e\x{301}e\x{301}e\x{301}e\x{301}e\x{301}e\x{301}e\x{301}e\x{301}e\x{301}e\x{301}e\x{301}e\x{301}e\x{301}e\x{301}e\x{301}e\x{301}e\x{301}e\x{301}e\x{301}e\x{301}e\x{301}e\x{301} e\x{301} e\x{301}e\x{301}e\x{301}e\x{301}e\x{301}e\x{301}e\x{301}e\x{301}e\x{301}e\x{301}e\x{301}e\x{301}e\x{301}e\x{301}e\x{301}e\x{301}e\x{301}e\x{301}e\x{301}e\x{301}e\x{301}e\x{301}e\x{301}e\x{301}e\x{301}e\x{301}e\x{301}e\x{301}e\x{301}e\x{301}e\x{301}e\x{301}e\x{301}e\x{301}e\x{301}e\x{301}e\x{301}e\x{301}e\x{301}e\x{301}e\x{301}e\x{301}e\x{301} e\x{301}e\x{301}e\x{301}e\x{301}e\x{301}e\x{301}e\x{301}e\x{301}e\x{301}e\x{301}e\x{301}e\x{301}e\x{301}e\x{301}e\x{301}e\x{301}e\x{301}e\x{301}e\x{301}e\x{301}e\x{301}e\x{301}e\x{301}e\x{301}e\x{301}e\x{301}e\x{301}e\x{301}e\x{301}e\x{301} e\x{301}e\x{301}e\x{301}e\x{301}e\x{301}e\x{301}e\x{301}e\x{301}e\x{301}e\x{301}e\x{301}e\x{301}e\x{301}e\x{301}e\x{301}e\x{301}e\x{301}e\x{301}e\x{301}e\x{301}e\x{301}e\x{301}"
          text run at (1056,315) width 0: " "
          text run at (0,330) width 1056: "e\x{301}e\x{301}e\x{301}e\x{301}e\x{301}e\x{301}e\x{301}e\x{301}e\x{301}e\x{301}e\x{301}e\x{301}e\x{301}e\x{301}e\x{301}e\x{301}e\x{301}e\x{301}e\x{301}e\x{301}e\x{301}e\x{301}e\x{301}e\x{301}e\x{301}e\x{301}e\x{301}e\x{301}e\x{301}e\x{301}e\x{301}e\x{301} e\x{301} e\x{301}e\x{301}e\x{301}e\x{301}e\x{301}e\x{301}e\x{301}e\x{301}e\x{301}e\x{301}e\x{301}e\x{301}e\x{301}e\x{301}e\x{301}e\x{301}e\x{301}e\x{301}e\x{301}e\x{301}e\x{301}e\x{301}e\x{301}e\x{301}e\x{301}e\x{301}e\x{301}e\x{301}e\x{301}e\x{301}e\x{301}e\x{301}e\x{301}e\x{301}e\x{301}e\x{301}e\x{301}e\x{301}e\x{301}e\x{301}e\x{301}e\x{301}e\x{301} e\x{301}e\x{301}e\x{301}e\x{301}e\x{301}e\x{301}e\x{301}e\x{301}e\x{301}e\x{301}e\x{301}e\x{301}e\x{301}e\x{301}e\x{301}e\x{301}e\x{301}e\x{301}e\x{301}e\x{301}e\x{301}e\x{301}e\x{301}e\x{301}e\x{301}e\x{301}e\x{301}e\x{301}e\x{301}e\x{301} e\x{301}e\x{301}e\x{301}e\x{301}e\x{301}e\x{301}e\x{301}e\x{301}e\x{301}e\x{301}e\x{301}e\x{301}e\x{301}e\x{301}e\x{301}e\x{301}e\x{301}e\x{301}e\x{301}e\x{301}e\x{301}e\x{301}"
          text run at (1056,330) width 0: " "
          text run at (0,345) width 1056: "e\x{301}e\x{301}e\x{301}e\x{301}e\x{301}e\x{301}e\x{301}e\x{301}e\x{301}e\x{301}e\x{301}e\x{301}e\x{301}e\x{301}e\x{301}e\x{301}e\x{301}e\x{301}e\x{301}e\x{301}e\x{301}e\x{301}e\x{301}e\x{301}e\x{301}e\x{301}e\x{301}e\x{301}e\x{301}e\x{301}e\x{301}e\x{301} e\x{301} e\x{301}e\x{301}e\x{301}e\x{301}e\x{301}e\x{301}e\x{301}e\x{301}e\x{301}e\x{301}e\x{301}e\x{301}e\x{301}e\x{301}e\x{301}e\x{301}e\x{301}e\x{301}e\x{301}e\x{301}e\x{301}e\x{301}e\x{301}e\x{301}e\x{301}e\x{301}e\x{301}e\x{301}e\x{301}e\x{301}e\x{301}e\x{301}e\x{301}e\x{301}e\x{301}e\x{301}e\x{301}e\x{301}e\x{301}e\x{301}e\x{301}e\x{301}e\x{301} e\x{301}e\x{301}e\x{301}e\x{301}e\x{301}e\x{301}e\x{301}e\x{301}e\x{301}e\x{301}e\x{301}e\x{301}e\x{301}e\x{301}e\x{301}e\x{301}e\x{301}e\x{301}e\x{301}e\x{301}e\x{301}e\x{301}e\x{301}e\x{301}e\x{301}e\x{301}e\x{301}e\x{301}e\x{301}e\x{301} e\x{301}e\x{301}e\x{301}e\x{301}e\x{301}e\x{301}e\x{301}e\x{301}e\x{301}e\x{301}e\x{301}e\x{301}e\x{301}e\x{301}e\x{301}e\x{301}e\x{301}e\x{301}e\x{301}e\x{301}e\x{301}e\x{301}"
          text run at (1056,345) width 0: " "
          text run at (0,360) width 1056: "e\x{301}e\x{301}e\x{301}e\x{301}e\x{301}e\x{301}e\x{301}e\x{301}e\x{301}e\x{301}e\x{301}e\x{301}e\x{301}e\x{301}e\x{301}e\x{301}e\x{301}e\x{301}e\x{301}e\x{301}e\x{301}e\x{301}e\x{301}e\x{301}e\x{301}e\x{301}e\x{301}e\x{301}e\x{301}e\x{301}e\x{301}e\x{301} e\x{301} e\x{301}e\x{301}e\x{301}e\x{301}e\x{301}e\x{301}e\x{301}e\x{301}e\x{301}e\x{301}e\x{301}e\x{301}e\x{301}e\x{301}e\x{301}e\x{301}e\x{301}e\x{301}e\x{301}e\x{301}e\x{301}e\x{301}e\x{301}e\x{301}e\x{301}e\x{301}e\x{301}e\x{301}e\x{301}e\x{301}e\x{301}e\x{301}e\x{301}e\x{301}e\x{301}e\x{301}e\x{301}e\x{301}e\x{301}e\x{301}e\x{301}e\x{301}e\x{301} e\x{301}e\x{301}e\x{301}e\x{301}e\x{301}e\x{301}e\x{301}e\x{301}e\x{301}e\x{301}e\x{301}e\x{301}e\x{301}e\x{301}e\x{301}e\x{301}e\x{301}e\x{301}e\x{301}e\x{301}e\x{301}e\x{301}e\x{301}e\x{301}e\x{301}e\x{301}e\x{301}e\x{301}e\x{301}e\x{301} e\x{301}e\x{301}e\x{301}e\x{301}e\x{301}e\x{301}e\x{301}e\x{301}e\x{301}e\x{301}e\x{301}e\x{301}e\x{301}e\x{301}e\x{301}e\x{301}e\x{301}e\x{301}e\x{301}e\x{301}e\x{301}e\x{301}"
          text run at (1056,360) width 0: " "
          text run at (0,375) width 1056: "e\x{301}e\x{301}e\x{301}e\x{301}e\x{301}e\x{301}e\x{301}e\x{301}e\x{301}e\x{301}e\x{301}e\x{301}e\x{301}e\x{301}e\x{301}e\x{301}e\x{301}e\x{301}e\x{301}e\x{301}e\x{301}e\x{301}e\x{301}e\x{301}e\x{301}e\x{301}e\x{301}e\x{301}e\x{301}e\x{301}e\x{301}e\x{301} e\x{301} e\x{301}e\x{301}e\x{301}e\x{301}e\x{301}e\x{301}e\x{301}e\x{301}e\x{301}e\x{301}e\x{301}e\x{301}e\x{301}e\x{301}e\x{301}e\x{301}e\x{301}e\x{301}e\x{301}e\x{301}e\x{301}e\x{301}e\x{301}e\x{301}e\x{301}e\x{301}e\x{301}e\x{301}e\x{301}e\x{301}e\x{301}e\x{301}e\x{301}e\x{301}e\x{301}e\x{301}e\x{301}e\x{301}e\x{301}e\x{301}e\x{301}e\x{301}e\x{301} e\x{301}e\x{301}e\x{301}e\x{301}e\x{301}e\x{301}e\x{301}e\x{301}e\x{301}e\x{301}e\x{301}e\x{301}e\x{301}e\x{301}e\x{301}e\x{301}e\x{301}e\x{301}e\x{301}e\x{301}e\x{301}e\x{301}e\x{301}e\x{301}e\x{301}e\x{301}e\x{301}e\x{301}e\x{301}e\x{301} e\x{301}e\x{301}e\x{301}e\x{301}e\x{301}e\x{301}e\x{301}e\x{301}e\x{301}e\x{301}e\x{301}e\x{301}e\x{301}e\x{301}e\x{301}e\x{301}e\x{301}e\x{301}e\x{301}e\x{301}e\x{301}e\x{301}"
          text run at (1056,375) width 0: " "
          text run at (0,390) width 1056: "e\x{301}e\x{301}e\x{301}e\x{301}e\x{301}e\x{301}e\x{301}e\x{301}e\x{301}e\x{301}e\x{301}e\x{301}e\x{301}e\x{301}e\x{301}e\x{301}e\x{301}e\x{301}e\x{301}e\x{301}e\x{301}e\x{301}e\x{301}e\x{301}e\x{301}e\x{301}e\x{301}e\x{301}e\x{301}e\x{301}e\x{301}e\x{301} e\x{301} e\x{301}e\x{301}e\x{301}e\x{301}e\x{301}e\x{301}e\x{301}e\x{301}e\x{301}e\x{301}e\x{301}e\x{301}e\x{301}e\x{301}e\x{301}e\x{301}e\x{301}e\x{301}e\x{301}e\x{301}e\x{301}e\x{301}e\x{301}e\x{301}e\x{301}e\x{301}e\x{301}e\x{301}e\x{301}e\x{301}e\x{301}e\x{301}e\x{301}e\x{301}e\x{301}e\x{301}e\x{301}e\x{301}e\x{301}e\x{301}e\x{301}e\x{301}e\x{301} e\x{301}e\x{301}e\x{301}e\x{301}e\x{301}e\x{301}e\x{301}e\x{301}e\x{301}e\x{301}e\x{301}e\x{301}e\x{301}e\x{301}e\x{301}e\x{301}e\x{301}e\x{301}e\x{301}e\x{301}e\x{301}e\x{301}e\x{301}e\x{301}e\x{301}e\x{301}e\x{301}e\x{301}e\x{301}e\x{301} e\x{301}e\x{301}e\x{301}e\x{301}e\x{301}e\x{301}e\x{301}e\x{301}e\x{301}e\x{301}e\x{301}e\x{301}e\x{301}e\x{301}e\x{301}e\x{301}e\x{301}e\x{301}e\x{301}e\x{301}e\x{301}e\x{301}"
          text run at (1056,390) width 0: " "
          text run at (0,405) width 1056: "e\x{301}e\x{301}e\x{301}e\x{301}e\x{301}e\x{301}e\x{301}e\x{301}e\x{301}e\x{301}e\x{301}e\x{301}e\x{301}e\x{301}e\x{301}e\x{301}e\x{301}e\x{301}e\x{301}e\x{301}e\x{301}e\x{301}e\x{301}e\x{301}e\x{301}e\x{301}e\x{301}e\x{301}e\x{301}e\x{301}e\x{301}e\x{301} e\x{301} e\x{301}e\x{301}e\x{301}e\x{301}e\x{301}e\x{301}e\x{301}e\x{301}e\x{301}e\x{301}e\x{301}e\x{301}e\x{301}e\x{301}e\x{301}e\x{301}e\x{301}e\x{301}e\x{301}e\x{301}e\x{301}e\x{301}e\x{301}e\x{301}e\x{301}e\x{301}e\x{301}e\x{301}e\x{301}e\x{301}e\x{301}e\x{301}e\x{301}e\x{301}e\x{301}e\x{301}e\x{301}e\x{301}e\x{301}e\x{301}e\x{301}e\x{301}e\x{301} e\x{301}e\x{301}e\x{301}e\x{301}e\x{301}e\x{301}e\x{301}e\x{301}e\x{301}e\x{301}e\x{301}e\x{301}e\x{301}e\x{301}e\x{301}e\x{301}e\x{301}e\x{301}e\x{301}e\x{301}e\x{301}e\x{301}e\x{301}e\x{301}e\x{301}e\x{301}e\x{301}e\x{301}e\x{301}e\x{301} e\x{301}e\x{301}e\x{301}e\x{301}e\x{301}e\x{301}e\x{301}e\x{301}e\x{301}e\x{301}e\x{301}e\x{301}e\x{301}e\x{301}e\x{301}e\x{301}e\x{301}e\x{301}e\x{301}e\x{301}e\x{301}e\x{301}"
          text run at (1056,405) width 0: " "
          text run at (0,420) width 1056: "e\x{301}e\x{301}e\x{301}e\x{301}e\x{301}e\x{301}e\x{301}e\x{301}e\x{301}e\x{301}e\x{301}e\x{301}e\x{301}e\x{301}e\x{301}e\x{301}e\x{301}e\x{301}e\x{301}e\x{301}e\x{301}e\x{301}e\x{301}e\x{301}e\x{301}e\x{301}e\x{301}e\x{301}e\x{301}e\x{301}e\x{301}e\x{301} e\x{301} e\x{301}e\x{301}e\x{301}e\x{301}e\x{301}e\x{301}e\x{301}e\x{301}e\x{301}e\x{301}e\x{301}e\x{301}e\x{301}e\x{301}e\x{301}e\x{301}e\x{301}e\x{301}e\x{301}e\x{301}e\x{301}e\x{301}e\x{301}e\x{301}e\x{301}e\x{301}e\x{301}e\x{301}e\x{301}e\x{301}e\x{301}e\x{301}e\x{301}e\x{301}e\x{301}e\x{301}e\x{301}e\x{301}e\x{301}e\x{301}e\x{301}e\x{301}e\x{301} e\x{301}e\x{301}e\x{301}e\x{301}e\x{301}e\x{301}e\x{301}e\x{301}e\x{301}e\x{301}e\x{301}e\x{301}e\x{301}e\x{301}e\x{301}e\x{301}e\x{301}e\x{301}e\x{301}e\x{301}e\x{301}e\x{301}e\x{301}e\x{301}e\x{301}e\x{301}e\x{301}e\x{301}e\x{301}e\x{301} e\x{301}e\x{301}e\x{301}e\x{301}e\x{301}e\x{301}e\x{301}e\x{301}e\x{301}e\x{301}e\x{301}e\x{301}e\x{301}e\x{301}e\x{301}e\x{301}e\x{301}e\x{301}e\x{301}e\x{301}e\x{301}e\x{301}"
          text run at (1056,420) width 0: " "
          text run at (0,435) width 1056: "e\x{301}e\x{301}e\x{301}e\x{301}e\x{301}e\x{301}e\x{301}e\x{301}e\x{301}e\x{301}e\x{301}e\x{301}e\x{301}e\x{301}e\x{301}e\x{301}e\x{301}e\x{301}e\x{301}e\x{301}e\x{301}e\x{301}e\x{301}e\x{301}e\x{301}e\x{301}e\x{301}e\x{301}e\x{301}e\x{301}e\x{301}e\x{301} e\x{301} e\x{301}e\x{301}e\x{301}e\x{301}e\x{301}e\x{301}e\x{301}e\x{301}e\x{301}e\x{301}e\x{301}e\x{301}e\x{301}e\x{301}e\x{301}e\x{301}e\x{301}e\x{301}e\x{301}e\x{301}e\x{301}e\x{301}e\x{301}e\x{301}e\x{301}e\x{301}e\x{301}e\x{301}e\x{301}e\x{301}e\x{301}e\x{301}e\x{301}e\x{301}e\x{301}e\x{301}e\x{301}e\x{301}e\x{301}e\x{301}e\x{301}e\x{301}e\x{301} e\x{301}e\x{301}e\x{301}e\x{301}e\x{301}e\x{301}e\x{301}e\x{301}e\x{301}e\x{301}e\x{301}e\x{301}e\x{301}e\x{301}e\x{301}e\x{301}e\x{301}e\x{301}e\x{301}e\x{301}e\x{301}e\x{301}e\x{301}e\x{301}e\x{301}e\x{301}e\x{301}e\x{301}e\x{301}e\x{301} e\x{301}e\x{301}e\x{301}e\x{301}e\x{301}e\x{301}e\x{301}e\x{301}e\x{301}e\x{301}e\x{301}e\x{301}e\x{301}e\x{301}e\x{301}e\x{301}e\x{301}e\x{301}e\x{301}e\x{301}e\x{301}e\x{301}"
          text run at (1056,435) width 0: " "
          text run at (0,450) width 1056: "e\x{301}e\x{301}e\x{301}e\x{301}e\x{301}e\x{301}e\x{301}e\x{301}e\x{301}e\x{301}e\x{301}e\x{301}e\x{301}e\x{301}e\x{301}e\x{301}e\x{301}e\x{301}e\x{301}e\x{301}e\x{301}e\x{301}e\x{301}e\x{301}e\x{301}e\x{301}e\x{301}e\x{301}e\x{301}e\x{301}e\x{301}e\x{301} e\x{301} e\x{301}e\x{301}e\x{301}e\x{301}e\x{301}e\x{301}e\x{301}e\x{301}e\x{301}e\x{301}e\x{301}e\x{301}e\x{301}e\x{301}e\x{301}e\x{301}e\x{301}e\x{301}e\x{301}e\x{301}e\x{301}e\x{301}e\x{301}e\x{301}e\x{301}e\x{301}e\x{301}e\x{301}e\x{301}e\x{301}e\x{301}e\x{301}e\x{301}e\x{301}e\x{301}e\x{301}e\x{301}e\x{301}e\x{301}e\x{301}e\x{301}e\x{301}e\x{301} e\x{301}e\x{301}e\x{301}e\x{301}e\x{301}e\x{301}e\x{301}e\x{301}e\x{301}e\x{301}e\x{301}e\x{301}e\x{301}e\x{301}e\x{301}e\x{301}e\x{301}e\x{301}e\x{301}e\x{301}e\x{301}e\x{301}e\x{301}e\x{301}e\x{301}e\x{301}e\x{301}e\x{301}e\x{301}e\x{301} e\x{301}e\x{301}e\x{301}e\x{301}e\x{301}e\x{301}e\x{301}e\x{301}e\x{301}e\x{301}e\x{301}e\x{301}e\x{301}e\x{301}e\x{301}e\x{301}e\x{301}e\x{301}e\x{301}e\x{301}e\x{301}e\x{301}"
          text run at (1056,450) width 0: " "
          text run at (0,465) width 1056: "e\x{301}e\x{301}e\x{301}e\x{301}e\x{301}e\x{301}e\x{301}e\x{301}e\x{301}e\x{301}e\x{301}e\x{301}e\x{301}e\x{301}e\x{301}e\x{301}e\x{301}e\x{301}e\x{301}e\x{301}e\x{301}e\x{301}e\x{301}e\x{301}e\x{301}e\x{301}e\x{301}e\x{301}e\x{301}e\x{301}e\x{301}e\x{301} e\x{301} e\x{301}e\x{301}e\x{301}e\x{301}e\x{301}e\x{301}e\x{301}e\x{301}e\x{301}e\x{301}e\x{301}e\x{301}e\x{301}e\x{301}e\x{301}e\x{301}e\x{301}e\x{301}e\x{301}e\x{301}e\x{301}e\x{301}e\x{301}e\x{301}e\x{301}e\x{301}e\x{301}e\x{301}e\x{301}e\x{301}e\x{301}e\x{301}e\x{301}e\x{301}e\x{301}e\x{301}e\x{301}e\x{301}e\x{301}e\x{301}e\x{301}e\x{301}e\x{301} e\x{301}e\x{301}e\x{301}e\x{301}e\x{301}e\x{301}e\x{301}e\x{301}e\x{301}e\x{301}e\x{301}e\x{301}e\x{301}e\x{301}e\x{301}e\x{301}e\x{301}e\x{301}e\x{301}e\x{301}e\x{301}e\x{301}e\x{301}e\x{301}e\x{301}e\x{301}e\x{301}e\x{301}e\x{301}e\x{301} e\x{301}e\x{301}e\x{301}e\x{301}e\x{301}e\x{301}e\x{301}e\x{301}e\x{301}e\x{301}e\x{301}e\x{301}e\x{301}e\x{301}e\x{301}e\x{301}e\x{301}e\x{301}e\x{301}e\x{301}e\x{301}e\x{301}"
          text run at (1056,465) width 0: " "
          text run at (0,480) width 1056: "e\x{301}e\x{301}e\x{301}e\x{301}e\x{301}e\x{301}e\x{301}e\x{301}e\x{301}e\x{301}e\x{301}e\x{301}e\x{301}e\x{301}e\x{301}e\x{301}e\x{301}e\x{301}e\x{301}e\x{301}e\x{301}e\x{301}e\x{301}e\x{301}e\x{301}e\x{301}e\x{301}e\x{301}e\x{301}e\x{301}e\x{301}e\x{301} e\x{301} e\x{301}e\x{301}e\x{301}e\x{301}e\x{301}e\x{301}e\x{301}e\x{301}e\x{301}e\x{301}e\x{301}e\x{301}e\x{301}e\x{301}e\x{301}e\x{301}e\x{301}e\x{301}e\x{301}e\x{301}e\x{301}e\x{301}e\x{301}e\x{301}e\x{301}e\x{301}e\x{301}e\x{301}e\x{301}e\x{301}e\x{301}e\x{301}e\x{301}e\x{301}e\x{301}e\x{301}e\x{301}e\x{301}e\x{301}e\x{301}e\x{301}e\x{301}e\x{301} e\x{301}e\x{301}e\x{301}e\x{301}e\x{301}e\x{301}e\x{301}e\x{301}e\x{301}e\x{301}e\x{301}e\x{301}e\x{301}e\x{301}e\x{301}e\x{301}e\x{301}e\x{301}e\x{301}e\x{301}e\x{301}e\x{301}e\x{301}e\x{301}e\x{301}e\x{301}e\x{301}e\x{301}e\x{301}e\x{301} e\x{301}e\x{301}e\x{301}e\x{301}e\x{301}e\x{301}e\x{301}e\x{301}e\x{301}e\x{301}e\x{301}e\x{301}e\x{301}e\x{301}e\x{301}e\x{301}e\x{301}e\x{301}e\x{301}e\x{301}e\x{301}e\x{301}"
          text run at (1056,480) width 0: " "
          text run at (0,495) width 1056: "e\x{301}e\x{301}e\x{301}e\x{301}e\x{301}e\x{301}e\x{301}e\x{301}e\x{301}e\x{301}e\x{301}e\x{301}e\x{301}e\x{301}e\x{301}e\x{301}e\x{301}e\x{301}e\x{301}e\x{301}e\x{301}e\x{301}e\x{301}e\x{301}e\x{301}e\x{301}e\x{301}e\x{301}e\x{301}e\x{301}e\x{301}e\x{301} e\x{301} e\x{301}e\x{301}e\x{301}e\x{301}e\x{301}e\x{301}e\x{301}e\x{301}e\x{301}e\x{301}e\x{301}e\x{301}e\x{301}e\x{301}e\x{301}e\x{301}e\x{301}e\x{301}e\x{301}e\x{301}e\x{301}e\x{301}e\x{301}e\x{301}e\x{301}e\x{301}e\x{301}e\x{301}e\x{301}e\x{301}e\x{301}e\x{301}e\x{301}e\x{301}e\x{301}e\x{301}e\x{301}e\x{301}e\x{301}e\x{301}e\x{301}e\x{301}e\x{301} e\x{301}e\x{301}e\x{301}e\x{301}e\x{301}e\x{301}e\x{301}e\x{301}e\x{301}e\x{301}e\x{301}e\x{301}e\x{301}e\x{301}e\x{301}e\x{301}e\x{301}e\x{301}e\x{301}e\x{301}e\x{301}e\x{301}e\x{301}e\x{301}e\x{301}e\x{301}e\x{301}e\x{301}e\x{301}e\x{301} e\x{301}e\x{301}e\x{301}e\x{301}e\x{301}e\x{301}e\x{301}e\x{301}e\x{301}e\x{301}e\x{301}e\x{301}e\x{301}e\x{301}e\x{301}e\x{301}e\x{301}e\x{301}e\x{301}e\x{301}e\x{301}e\x{301}"
          text run at (1056,495) width 0: " "
          text run at (0,510) width 1056: "e\x{301}e\x{301}e\x{301}e\x{301}e\x{301}e\x{301}e\x{301}e\x{301}e\x{301}e\x{301}e\x{301}e\x{301}e\x{301}e\x{301}e\x{301}e\x{301}e\x{301}e\x{301}e\x{301}e\x{301}e\x{301}e\x{301}e\x{301}e\x{301}e\x{301}e\x{301}e\x{301}e\x{301}e\x{301}e\x{301}e\x{301}e\x{301} e\x{301} e\x{301}e\x{301}e\x{301}e\x{301}e\x{301}e\x{301}e\x{301}e\x{301}e\x{301}e\x{301}e\x{301}e\x{301}e\x{301}e\x{301}e\x{301}e\x{301}e\x{301}e\x{301}e\x{301}e\x{301}e\x{301}e\x{301}e\x{301}e\x{301}e\x{301}e\x{301}e\x{301}e\x{301}e\x{301}e\x{301}e\x{301}e\x{301}e\x{301}e\x{301}e\x{301}e\x{301}e\x{301}e\x{301}e\x{301}e\x{301}e\x{301}e\x{301}e\x{301} e\x{301}e\x{301}e\x{301}e\x{301}e\x{301}e\x{301}e\x{301}e\x{301}e\x{301}e\x{301}e\x{301}e\x{301}e\x{301}e\x{301}e\x{301}e\x{301}e\x{301}e\x{301}e\x{301}e\x{301}e\x{301}e\x{301}e\x{301}e\x{301}e\x{301}e\x{301}e\x{301}e\x{301}e\x{301}e\x{301} e\x{301}e\x{301}e\x{301}e\x{301}e\x{301}e\x{301}e\x{301}e\x{301}e\x{301}e\x{301}e\x{301}e\x{301}e\x{301}e\x{301}e\x{301}e\x{301}e\x{301}e\x{301}e\x{301}e\x{301}e\x{301}e\x{301}"
          text run at (1056,510) width 0: " "
          text run at (0,525) width 1056: "e\x{301}e\x{301}e\x{301}e\x{301}e\x{301}e\x{301}e\x{301}e\x{301}e\x{301}e\x{301}e\x{301}e\x{301}e\x{301}e\x{301}e\x{301}e\x{301}e\x{301}e\x{301}e\x{301}e\x{301}e\x{301}e\x{301}e\x{301}e\x{301}e\x{301}e\x{301}e\x{301}e\x{301}e\x{301}e\x{301}e\x{301}e\x{301} e\x{301} e\x{301}e\x{301}e\x{301}e\x{301}e\x{301}e\x{301}e\x{301}e\x{301}e\x{301}e\x{301}e\x{301}e\x{301}e\x{301}e\x{301}e\x{301}e\x{301}e\x{301}e\x{301}e\x{301}e\x{301}e\x{301}e\x{301}e\x{301}e\x{301}e\x{301}e\x{301}e\x{301}e\x{301}e\x{301}e\x{301}e\x{301}e\x{301}e\x{301}e\x{301}e\x{301}e\x{301}e\x{301}e\x{301}e\x{301}e\x{301}e\x{301}e\x{301}e\x{301} e\x{301}e\x{301}e\x{301}e\x{301}e\x{301}e\x{301}e\x{301}e\x{301}e\x{301}e\x{301}e\x{301}e\x{301}e\x{301}e\x{301}e\x{301}e\x{301}e\x{301}e\x{301}e\x{301}e\x{301}e\x{301}e\x{301}e\x{301}e\x{301}e\x{301}e\x{301}e\x{301}e\x{301}e\x{301}e\x{301} e\x{301}e\x{301}e\x{301}e\x{301}e\x{301}e\x{301}e\x{301}e\x{301}e\x{301}e\x{301}e\x{301}e\x{301}e\x{301}e\x{301}e\x{301}e\x{301}e\x{301}e\x{301}e\x{301}e\x{301}e\x{301}e\x{301}"
          text run at (1056,525) width 0: " "
          text run at (0,540) width 1056: "e\x{301}e\x{301}e\x{301}e\x{301}e\x{301}e\x{301}e\x{301}e\x{301}e\x{301}e\x{301}e\x{301}e\x{301}e\x{301}e\x{301}e\x{301}e\x{301}e\x{301}e\x{301}e\x{301}e\x{301}e\x{301}e\x{301}e\x{301}e\x{301}e\x{301}e\x{301}e\x{301}e\x{301}e\x{301}e\x{301}e\x{301}e\x{301} e\x{301} e\x{301}e\x{301}e\x{301}e\x{301}e\x{301}e\x{301}e\x{301}e\x{301}e\x{301}e\x{301}e\x{301}e\x{301}e\x{301}e\x{301}e\x{301}e\x{301}e\x{301}e\x{301}e\x{301}e\x{301}e\x{301}e\x{301}e\x{301}e\x{301}e\x{301}e\x{301}e\x{301}e\x{301}e\x{301}e\x{301}e\x{301}e\x{301}e\x{301}e\x{301}e\x{301}e\x{301}e\x{301}e\x{301}e\x{301}e\x{301}e\x{301}e\x{301}e\x{301} e\x{301}e\x{301}e\x{301}e\x{301}e\x{301}e\x{301}e\x{301}e\x{301}e\x{301}e\x{301}e\x{301}e\x{301}e\x{301}e\x{301}e\x{301}e\x{301}e\x{301}e\x{301}e\x{301}e\x{301}e\x{301}e\x{301}e\x{301}e\x{301}e\x{301}e\x{301}e\x{301}e\x{301}e\x{301}e\x{301} e\x{301}e\x{301}e\x{301}e\x{301}e\x{301}e\x{301}e\x{301}e\x{301}e\x{301}e\x{301}e\x{301}e\x{301}e\x{301}e\x{301}e\x{301}e\x{301}e\x{301}e\x{301}e\x{301}e\x{301}e\x{301}e\x{301}"
          text run at (1056,540) width 0: " "
          text run at (0,555) width 1056: "e\x{301}e\x{301}e\x{301}e\x{301}e\x{301}e\x{301}e\x{301}e\x{301}e\x{301}e\x{301}e\x{301}e\x{301}e\x{301}e\x{301}e\x{301}e\x{301}e\x{301}e\x{301}e\x{301}e\x{301}e\x{301}e\x{301}e\x{301}e\x{301}e\x{301}e\x{301}e\x{301}e\x{301}e\x{301}e\x{301}e\x{301}e\x{301} e\x{301} e\x{301}e\x{301}e\x{301}e\x{301}e\x{301}e\x{301}e\x{301}e\x{301}e\x{301}e\x{301}e\x{301}e\x{301}e\x{301}e\x{301}e\x{301}e\x{301}e\x{301}e\x{301}e\x{301}e\x{301}e\x{301}e\x{301}e\x{301}e\x{301}e\x{301}e\x{301}e\x{301}e\x{301}e\x{301}e\x{301}e\x{301}e\x{301}e\x{301}e\x{301}e\x{301}e\x{301}e\x{301}e\x{301}e\x{301}e\x{301}e\x{301}e\x{301}e\x{301} e\x{301}e\x{301}e\x{301}e\x{301}e\x{301}e\x{301}e\x{301}e\x{301}e\x{301}e\x{301}e\x{301}e\x{301}e\x{301}e\x{301}e\x{301}e\x{301}e\x{301}e\x{301}e\x{301}e\x{301}e\x{301}e\x{301}e\x{301}e\x{301}e\x{301}e\x{301}e\x{301}e\x{301}e\x{301}e\x{301} e\x{301}e\x{301}e\x{301}e\x{301}e\x{301}e\x{301}e\x{301}e\x{301}e\x{301}e\x{301}e\x{301}e\x{301}e\x{301}e\x{301}e\x{301}e\x{301}e\x{301}e\x{301}e\x{301}e\x{301}e\x{301}e\x{301}"
          text run at (1056,555) width 0: " "
          text run at (0,570) width 1056: "e\x{301}e\x{301}e\x{301}e\x{301}e\x{301}e\x{301}e\x{301}e\x{301}e\x{301}e\x{301}e\x{301}e\x{301}e\x{301}e\x{301}e\x{301}e\x{301}e\x{301}e\x{301}e\x{301}e\x{301}e\x{301}e\x{301}e\x{301}e\x{301}e\x{301}e\x{301}e\x{301}e\x{301}e\x{301}e\x{301}e\x{301}e\x{301} e\x{301} e\x{301}e\x{301}e\x{301}e\x{301}e\x{301}e\x{301}e\x{301}e\x{301}e\x{301}e\x{301}e\x{301}e\x{301}e\x{301}e\x{301}e\x{301}e\x{301}e\x{301}e\x{301}e\x{301}e\x{301}e\x{301}e\x{301}e\x{301}e\x{301}e\x{301}e\x{301}e\x{301}e\x{301}e\x{301}e\x{301}e\x{301}e\x{301}e\x{301}e\x{301}e\x{301}e\x{301}e\x{301}e\x{301}e\x{301}e\x{301}e\x{301}e\x{301}e\x{301} e\x{301}e\x{301}e\x{301}e\x{301}e\x{301}e\x{301}e\x{301}e\x{301}e\x{301}e\x{301}e\x{301}e\x{301}e\x{301}e\x{301}e\x{301}e\x{301}e\x{301}e\x{301}e\x{301}e\x{301}e\x{301}e\x{301}e\x{301}e\x{301}e\x{301}e\x{301}e\x{301}e\x{301}e\x{301}e\x{301} e\x{301}e\x{301}e\x{301}e\x{301}e\x{301}e\x{301}e\x{301}e\x{301}e\x{301}e\x{301}e\x{301}e\x{301}e\x{301}e\x{301}e\x{301}e\x{301}e\x{301}e\x{301}e\x{301}e\x{301}e\x{301}e\x{301}"
          text run at (1056,570) width 0: " "
          text run at (0,585) width 1056: "e\x{301}e\x{301}e\x{301}e\x{301}e\x{301}e\x{301}e\x{301}e\x{301}e\x{301}e\x{301}e\x{301}e\x{301}e\x{301}e\x{301}e\x{301}e\x{301}e\x{301}e\x{301}e\x{301}e\x{301}e\x{301}e\x{301}e\x{301}e\x{301}e\x{301}e\x{301}e\x{301}e\x{301}e\x{301}e\x{301}e\x{301}e\x{301} e\x{301} e\x{301}e\x{301}e\x{301}e\x{301}e\x{301}e\x{301}e\x{301}e\x{301}e\x{301}e\x{301}e\x{301}e\x{301}e\x{301}e\x{301}e\x{301}e\x{301}e\x{301}e\x{301}e\x{301}e\x{301}e\x{301}e\x{301}e\x{301}e\x{301}e\x{301}e\x{301}e\x{301}e\x{301}e\x{301}e\x{301}e\x{301}e\x{301}e\x{301}e\x{301}e\x{301}e\x{301}e\x{301}e\x{301}e\x{301}e\x{301}e\x{301}e\x{301}e\x{301} e\x{301}e\x{301}e\x{301}e\x{301}e\x{301}e\x{301}e\x{301}e\x{301}e\x{301}e\x{301}e\x{301}e\x{301}e\x{301}e\x{301}e\x{301}e\x{301}e\x{301}e\x{301}e\x{301}e\x{301}e\x{301}e\x{301}e\x{301}e\x{301}e\x{301}e\x{301}e\x{301}e\x{301}e\x{301}e\x{301} e\x{301}e\x{301}e\x{301}e\x{301}e\x{301}e\x{301}e\x{301}e\x{301}e\x{301}e\x{301}e\x{301}e\x{301}e\x{301}e\x{301}e\x{301}e\x{301}e\x{301}e\x{301}e\x{301}e\x{301}e\x{301}e\x{301}"
          text run at (1056,585) width 0: " "
          text run at (0,600) width 1056: "e\x{301}e\x{301}e\x{301}e\x{301}e\x{301}e\x{301}e\x{301}e\x{301}e\x{301}e\x{301}e\x{301}e\x{301}e\x{301}e\x{301}e\x{301}e\x{301}e\x{301}e\x{301}e\x{301}e\x{301}e\x{301}e\x{301}e\x{301}e\x{301}e\x{301}e\x{301}e\x{301}e\x{301}e\x{301}e\x{301}e\x{301}e\x{301} e\x{301} e\x{301}e\x{301}e\x{301}e\x{301}e\x{301}e\x{301}e\x{301}e\x{301}e\x{301}e\x{301}e\x{301}e\x{301}e\x{301}e\x{301}e\x{301}e\x{301}e\x{301}e\x{301}e\x{301}e\x{301}e\x{301}e\x{301}e\x{301}e\x{301}e\x{301}e\x{301}e\x{301}e\x{301}e\x{301}e\x{301}e\x{301}e\x{301}e\x{301}e\x{301}e\x{301}e\x{301}e\x{301}e\x{301}e\x{301}e\x{301}e\x{301}e\x{301}e\x{301} e\x{301}e\x{301}e\x{301}e\x{301}e\x{301}e\x{301}e\x{301}e\x{301}e\x{301}e\x{301}e\x{301}e\x{301}e\x{301}e\x{301}e\x{301}e\x{301}e\x{301}e\x{301}e\x{301}e\x{301}e\x{301}e\x{301}e\x{301}e\x{301}e\x{301}e\x{301}e\x{301}e\x{301}e\x{301}e\x{301} e\x{301}e\x{301}e\x{301}e\x{301}e\x{301}e\x{301}e\x{301}e\x{301}e\x{301}e\x{301}e\x{301}e\x{301}e\x{301}e\x{301}e\x{301}e\x{301}e\x{301}e\x{301}e\x{301}e\x{301}e\x{301}e\x{301}"
          text run at (1056,600) width 0: " "
          text run at (0,615) width 1056: "e\x{301}e\x{301}e\x{301}e\x{301}e\x{301}e\x{301}e\x{301}e\x{301}e\x{301}e\x{301}e\x{301}e\x{301}e\x{301}e\x{301}e\x{301}e\x{301}e\x{301}e\x{301}e\x{301}e\x{301}e\x{301}e\x{301}e\x{301}e\x{301}e\x{301}e\x{301}e\x{301}e\x{301}e\x{301}e\x{301}e\x{301}e\x{301} e\x{301} e\x{301}e\x{301}e\x{301}e\x{301}e\x{301}e\x{301}e\x{301}e\x{301}e\x{301}e\x{301}e\x{301}e\x{301}e\x{301}e\x{301}e\x{301}e\x{301}e\x{301}e\x{301}e\x{301}e\x{301}e\x{301}e\x{301}e\x{301}e\x{301}e\x{301}e\x{301}e\x{301}e\x{301}e\x{301}e\x{301}e\x{301}e\x{301}e\x{301}e\x{301}e\x{301}e\x{301}e\x{301}e\x{301}e\x{301}e\x{301}e\x{301}e\x{301}e\x{301} e\x{301}e\x{301}e\x{301}e\x{301}e\x{301}e\x{301}e\x{301}e\x{301}e\x{301}e\x{301}e\x{301}e\x{301}e\x{301}e\x{301}e\x{301}e\x{301}e\x{301}e\x{301}e\x{301}e\x{301}e\x{301}e\x{301}e\x{301}e\x{301}e\x{301}e\x{301}e\x{301}e\x{301}e\x{301}e\x{301} e\x{301}e\x{301}e\x{301}e\x{301}e\x{301}e\x{301}e\x{301}e\x{301}e\x{301}e\x{301}e\x{301}e\x{301}e\x{301}e\x{301}e\x{301}e\x{301}e\x{301}e\x{301}e\x{301}e\x{301}e\x{301}e\x{301}"
          text run at (1056,615) width 0: " "
          text run at (0,630) width 1056: "e\x{301}e\x{301}e\x{301}e\x{301}e\x{301}e\x{301}e\x{301}e\x{301}e\x{301}e\x{301}e\x{301}e\x{301}e\x{301}e\x{301}e\x{301}e\x{301}e\x{301}e\x{301}e\x{301}e\x{301}e\x{301}e\x{301}e\x{301}e\x{301}e\x{301}e\x{301}e\x{301}e\x{301}e\x{301}e\x{301}e\x{301}e\x{301} e\x{301} e\x{301}e\x{301}e\x{301}e\x{301}e\x{301}e\x{301}e\x{301}e\x{301}e\x{301}e\x{301}e\x{301}e\x{301}e\x{301}e\x{301}e\x{301}e\x{301}e\x{301}e\x{301}e\x{301}e\x{301}e\x{301}e\x{301}e\x{301}e\x{301}e\x{301}e\x{301}e\x{301}e\x{301}e\x{301}e\x{301}e\x{301}e\x{301}e\x{301}e\x{301}e\x{301}e\x{301}e\x{301}e\x{301}e\x{301}e\x{301}e\x{301}e\x{301}e\x{301} e\x{301}e\x{301}e\x{301}e\x{301}e\x{301}e\x{301}e\x{301}e\x{301}e\x{301}e\x{301}e\x{301}e\x{301}e\x{301}e\x{301}e\x{301}e\x{301}e\x{301}e\x{301}e\x{301}e\x{301}e\x{301}e\x{301}e\x{301}e\x{301}e\x{301}e\x{301}e\x{301}e\x{301}e\x{301}e\x{301} e\x{301}e\x{301}e\x{301}e\x{301}e\x{301}e\x{301}e\x{301}e\x{301}e\x{301}e\x{301}e\x{301}e\x{301}e\x{301}e\x{301}e\x{301}e\x{301}e\x{301}e\x{301}e\x{301}e\x{301}e\x{301}e\x{301}"
          text run at (1056,630) width 0: " "
          text run at (0,645) width 1056: "e\x{301}e\x{301}e\x{301}e\x{301}e\x{301}e\x{301}e\x{301}e\x{301}e\x{301}e\x{301}e\x{301}e\x{301}e\x{301}e\x{301}e\x{301}e\x{301}e\x{301}e\x{301}e\x{301}e\x{301}e\x{301}e\x{301}e\x{301}e\x{301}e\x{301}e\x{301}e\x{301}e\x{301}e\x{301}e\x{301}e\x{301}e\x{301} e\x{301} e\x{301}e\x{301}e\x{301}e\x{301}e\x{301}e\x{301}e\x{301}e\x{301}e\x{301}e\x{301}e\x{301}e\x{301}e\x{301}e\x{301}e\x{301}e\x{301}e\x{301}e\x{301}e\x{301}e\x{301}e\x{301}e\x{301}e\x{301}e\x{301}e\x{301}e\x{301}e\x{301}e\x{301}e\x{301}e\x{301}e\x{301}e\x{301}e\x{301}e\x{301}e\x{301}e\x{301}e\x{301}e\x{301}e\x{301}e\x{301}e\x{301}e\x{301}e\x{301} e\x{301}e\x{301}e\x{301}e\x{301}e\x{301}e\x{301}e\x{301}e\x{301}e\x{301}e\x{301}e\x{301}e\x{301}e\x{301}e\x{301}e\x{301}e\x{301}e\x{301}e\x{301}e\x{301}e\x{301}e\x{301}e\x{301}e\x{301}e\x{301}e\x{301}e\x{301}e\x{301}e\x{301}e\x{301}e\x{301} e\x{301}e\x{301}e\x{301}e\x{301}e\x{301}e\x{301}e\x{301}e\x{301}e\x{301}e\x{301}e\x{301}e\x{301}e\x{301}e\x{301}e\x{301}e\x{301}e\x{301}e\x{301}e\x{301}e\x{301}e\x{301}e\x{301}"
          text run at (1056,645) width 0: " "
          text run at (0,660) width 1056: "e\x{301}e\x{301}e\x{301}e\x{301}e\x{301}e\x{301}e\x{301}e\x{301}e\x{301}e\x{301}e\x{301}e\x{301}e\x{301}e\x{301}e\x{301}e\x{301}e\x{301}e\x{301}e\x{301}e\x{301}e\x{301}e\x{301}e\x{301}e\x{301}e\x{301}e\x{301}e\x{301}e\x{301}e\x{301}e\x{301}e\x{301}e\x{301} e\x{301} e\x{301}e\x{301}e\x{301}e\x{301}e\x{301}e\x{301}e\x{301}e\x{301}e\x{301}e\x{301}e\x{301}e\x{301}e\x{301}e\x{301}e\x{301}e\x{301}e\x{301}e\x{301}e\x{301}e\x{301}e\x{301}e\x{301}e\x{301}e\x{301}e\x{301}e\x{301}e\x{301}e\x{301}e\x{301}e\x{301}e\x{301}e\x{301}e\x{301}e\x{301}e\x{301}e\x{301}e\x{301}e\x{301}e\x{301}e\x{301}e\x{301}e\x{301}e\x{301} e\x{301}e\x{301}e\x{301}e\x{301}e\x{301}e\x{301}e\x{301}e\x{301}e\x{301}e\x{301}e\x{301}e\x{301}e\x{301}e\x{301}e\x{301}e\x{301}e\x{301}e\x{301}e\x{301}e\x{301}e\x{301}e\x{301}e\x{301}e\x{301}e\x{301}e\x{301}e\x{301}e\x{301}e\x{301}e\x{301} e\x{301}e\x{301}e\x{301}e\x{301}e\x{301}e\x{301}e\x{301}e\x{301}e\x{301}e\x{301}e\x{301}e\x{301}e\x{301}e\x{301}e\x{301}e\x{301}e\x{301}e\x{301}e\x{301}e\x{301}e\x{301}e\x{301}"
          text run at (1056,660) width 0: " "
          text run at (0,675) width 1056: "e\x{301}e\x{301}e\x{301}e\x{301}e\x{301}e\x{301}e\x{301}e\x{301}e\x{301}e\x{301}e\x{301}e\x{301}e\x{301}e\x{301}e\x{301}e\x{301}e\x{301}e\x{301}e\x{301}e\x{301}e\x{301}e\x{301}e\x{301}e\x{301}e\x{301}e\x{301}e\x{301}e\x{301}e\x{301}e\x{301}e\x{301}e\x{301} e\x{301} e\x{301}e\x{301}e\x{301}e\x{301}e\x{301}e\x{301}e\x{301}e\x{301}e\x{301}e\x{301}e\x{301}e\x{301}e\x{301}e\x{301}e\x{301}e\x{301}e\x{301}e\x{301}e\x{301}e\x{301}e\x{301}e\x{301}e\x{301}e\x{301}e\x{301}e\x{301}e\x{301}e\x{301}e\x{301}e\x{301}e\x{301}e\x{301}e\x{301}e\x{301}e\x{301}e\x{301}e\x{301}e\x{301}e\x{301}e\x{301}e\x{301}e\x{301}e\x{301} e\x{301}e\x{301}e\x{301}e\x{301}e\x{301}e\x{301}e\x{301}e\x{301}e\x{301}e\x{301}e\x{301}e\x{301}e\x{301}e\x{301}e\x{301}e\x{301}e\x{301}e\x{301}e\x{301}e\x{301}e\x{301}e\x{301}e\x{301}e\x{301}e\x{301}e\x{301}e\x{301}e\x{301}e\x{301}e\x{301} e\x{301}e\x{301}e\x{301}e\x{301}e\x{301}e\x{301}e\x{301}e\x{301}e\x{301}e\x{301}e\x{301}e\x{301}e\x{301}e\x{301}e\x{301}e\x{301}e\x{301}e\x{301}e\x{301}e\x{301}e\x{301}e\x{301}"
          text run at (1056,675) width 0: " "
          text run at (0,690) width 1056: "e\x{301}e\x{301}e\x{301}e\x{301}e\x{301}e\x{301}e\x{301}e\x{301}e\x{301}e\x{301}e\x{301}e\x{301}e\x{301}e\x{301}e\x{301}e\x{301}e\x{301}e\x{301}e\x{301}e\x{301}e\x{301}e\x{301}e\x{301}e\x{301}e\x{301}e\x{301}e\x{301}e\x{301}e\x{301}e\x{301}e\x{301}e\x{301} e\x{301} e\x{301}e\x{301}e\x{301}e\x{301}e\x{301}e\x{301}e\x{301}e\x{301}e\x{301}e\x{301}e\x{301}e\x{301}e\x{301}e\x{301}e\x{301}e\x{301}e\x{301}e\x{301}e\x{301}e\x{301}e\x{301}e\x{301}e\x{301}e\x{301}e\x{301}e\x{301}e\x{301}e\x{301}e\x{301}e\x{301}e\x{301}e\x{301}e\x{301}e\x{301}e\x{301}e\x{301}e\x{301}e\x{301}e\x{301}e\x{301}e\x{301}e\x{301}e\x{301} e\x{301}e\x{301}e\x{301}e\x{301}e\x{301}e\x{301}e\x{301}e\x{301}e\x{301}e\x{301}e\x{301}e\x{301}e\x{301}e\x{301}e\x{301}e\x{301}e\x{301}e\x{301}e\x{301}e\x{301}e\x{301}e\x{301}e\x{301}e\x{301}e\x{301}e\x{301}e\x{301}e\x{301}e\x{301}e\x{301} e\x{301}e\x{301}e\x{301}e\x{301}e\x{301}e\x{301}e\x{301}e\x{301}e\x{301}e\x{301}e\x{301}e\x{301}e\x{301}e\x{301}e\x{301}e\x{301}e\x{301}e\x{301}e\x{301}e\x{301}e\x{301}e\x{301}"
          text run at (1056,690) width 0: " "
          text run at (0,705) width 1056: "e\x{301}e\x{301}e\x{301}e\x{301}e\x{301}e\x{301}e\x{301}e\x{301}e\x{301}e\x{301}e\x{301}e\x{301}e\x{301}e\x{301}e\x{301}e\x{301}e\x{301}e\x{301}e\x{301}e\x{301}e\x{301}e\x{301}e\x{301}e\x{301}e\x{301}e\x{301}e\x{301}e\x{301}e\x{301}e\x{301}e\x{301}e\x{301} e\x{301} e\x{301}e\x{301}e\x{301}e\x{301}e\x{301}e\x{301}e\x{301}e\x{301}e\x{301}e\x{301}e\x{301}e\x{301}e\x{301}e\x{301}e\x{301}e\x{301}e\x{301}e\x{301}e\x{301}e\x{301}e\x{301}e\x{301}e\x{301}e\x{301}e\x{301}e\x{301}e\x{301}e\x{301}e\x{301}e\x{301}e\x{301}e\x{301}e\x{301}e\x{301}e\x{301}e\x{301}e\x{301}e\x{301}e\x{301}e\x{301}e\x{301}e\x{301}e\x{301} e\x{301}e\x{301}e\x{301}e\x{301}e\x{301}e\x{301}e\x{301}e\x{301}e\x{301}e\x{301}e\x{301}e\x{301}e\x{301}e\x{301}e\x{301}e\x{301}e\x{301}e\x{301}e\x{301}e\x{301}e\x{301}e\x{301}e\x{301}e\x{301}e\x{301}e\x{301}e\x{301}e\x{301}e\x{301}e\x{301} e\x{301}e\x{301}e\x{301}e\x{301}e\x{301}e\x{301}e\x{301}e\x{301}e\x{301}e\x{301}e\x{301}e\x{301}e\x{301}e\x{301}e\x{301}e\x{301}e\x{301}e\x{301}e\x{301}e\x{301}e\x{301}e\x{301}"
          text run at (1056,705) width 0: " "
          text run at (0,720) width 1056: "e\x{301}e\x{301}e\x{301}e\x{301}e\x{301}e\x{301}e\x{301}e\x{301}e\x{301}e\x{301}e\x{301}e\x{301}e\x{301}e\x{301}e\x{301}e\x{301}e\x{301}e\x{301}e\x{301}e\x{301}e\x{301}e\x{301}e\x{301}e\x{301}e\x{301}e\x{301}e\x{301}e\x{301}e\x{301}e\x{301}e\x{301}e\x{301} e\x{301} e\x{301}e\x{301}e\x{301}e\x{301}e\x{301}e\x{301}e\x{301}e\x{301}e\x{301}e\x{301}e\x{301}e\x{301}e\x{301}e\x{301}e\x{301}e\x{301}e\x{301}e\x{301}e\x{301}e\x{301}e\x{301}e\x{301}e\x{301}e\x{301}e\x{301}e\x{301}e\x{301}e\x{301}e\x{301}e\x{301}e\x{301}e\x{301}e\x{301}e\x{301}e\x{301}e\x{301}e\x{301}e\x{301}e\x{301}e\x{301}e\x{301}e\x{301}e\x{301} e\x{301}e\x{301}e\x{301}e\x{301}e\x{301}e\x{301}e\x{301}e\x{301}e\x{301}e\x{301}e\x{301}e\x{301}e\x{301}e\x{301}e\x{301}e\x{301}e\x{301}e\x{301}e\x{301}e\x{301}e\x{301}e\x{301}e\x{301}e\x{301}e\x{301}e\x{301}e\x{301}e\x{301}e\x{301}e\x{301} e\x{301}e\x{301}e\x{301}e\x{301}e\x{301}e\x{301}e\x{301}e\x{301}e\x{301}e\x{301}e\x{301}e\x{301}e\x{301}e\x{301}e\x{301}e\x{301}e\x{301}e\x{301}e\x{301}e\x{301}e\x{301}e\x{301}"
          text run at (1056,720) width 0: " "
          text run at (0,735) width 1056: "e\x{301}e\x{301}e\x{301}e\x{301}e\x{301}e\x{301}e\x{301}e\x{301}e\x{301}e\x{301}e\x{301}e\x{301}e\x{301}e\x{301}e\x{301}e\x{301}e\x{301}e\x{301}e\x{301}e\x{301}e\x{301}e\x{301}e\x{301}e\x{301}e\x{301}e\x{301}e\x{301}e\x{301}e\x{301}e\x{301}e\x{301}e\x{301} e\x{301} e\x{301}e\x{301}e\x{301}e\x{301}e\x{301}e\x{301}e\x{301}e\x{301}e\x{301}e\x{301}e\x{301}e\x{301}e\x{301}e\x{301}e\x{301}e\x{301}e\x{301}e\x{301}e\x{301}e\x{301}e\x{301}e\x{301}e\x{301}e\x{301}e\x{301}e\x{301}e\x{301}e\x{301}e\x{301}e\x{301}e\x{301}e\x{301}e\x{301}e\x{301}e\x{301}e\x{301}e\x{301}e\x{301}e\x{301}e\x{301}e\x{301}e\x{301}e\x{301} e\x{301}e\x{301}e\x{301}e\x{301}e\x{301}e\x{301}e\x{301}e\x{301}e\x{301}e\x{301}e\x{301}e\x{301}e\x{301}e\x{301}e\x{301}e\x{301}e\x{301}e\x{301}e\x{301}e\x{301}e\x{301}e\x{301}e\x{301}e\x{301}e\x{301}e\x{301}e\x{301}e\x{301}e\x{301}e\x{301} e\x{301}e\x{301}e\x{301}e\x{301}e\x{301}e\x{301}e\x{301}e\x{301}e\x{301}e\x{301}e\x{301}e\x{301}e\x{301}e\x{301}e\x{301}e\x{301}e\x{301}e\x{301}e\x{301}e\x{301}e\x{301}e\x{301}"
          text run at (1056,735) width 0: " "
          text run at (0,750) width 1056: "e\x{301}e\x{301}e\x{301}e\x{301}e\x{301}e\x{301}e\x{301}e\x{301}e\x{301}e\x{301}e\x{301}e\x{301}e\x{301}e\x{301}e\x{301}e\x{301}e\x{301}e\x{301}e\x{301}e\x{301}e\x{301}e\x{301}e\x{301}e\x{301}e\x{301}e\x{301}e\x{301}e\x{301}e\x{301}e\x{301}e\x{301}e\x{301} e\x{301} e\x{301}e\x{301}e\x{301}e\x{301}e\x{301}e\x{301}e\x{301}e\x{301}e\x{301}e\x{301}e\x{301}e\x{301}e\x{301}e\x{301}e\x{301}e\x{301}e\x{301}e\x{301}e\x{301}e\x{301}e\x{301}e\x{301}e\x{301}e\x{301}e\x{301}e\x{301}e\x{301}e\x{301}e\x{301}e\x{301}e\x{301}e\x{301}e\x{301}e\x{301}e\x{301}e\x{301}e\x{301}e\x{301}e\x{301}e\x{301}e\x{301}e\x{301}e\x{301} e\x{301}e\x{301}e\x{301}e\x{301}e\x{301}e\x{301}e\x{301}e\x{301}e\x{301}e\x{301}e\x{301}e\x{301}e\x{301}e\x{301}e\x{301}e\x{301}e\x{301}e\x{301}e\x{301}e\x{301}e\x{301}e\x{301}e\x{301}e\x{301}e\x{301}e\x{301}e\x{301}e\x{301}e\x{301}e\x{301} e\x{301}e\x{301}e\x{301}e\x{301}e\x{301}e\x{301}e\x{301}e\x{301}e\x{301}e\x{301}e\x{301}e\x{301}e\x{301}e\x{301}e\x{301}e\x{301}e\x{301}e\x{301}e\x{301}e\x{301}e\x{301}e\x{301}"
          text run at (1056,750) width 0: " "
          text run at (0,765) width 1056: "e\x{301}e\x{301}e\x{301}e\x{301}e\x{301}e\x{301}e\x{301}e\x{301}e\x{301}e\x{301}e\x{301}e\x{301}e\x{301}e\x{301}e\x{301}e\x{301}e\x{301}e\x{301}e\x{301}e\x{301}e\x{301}e\x{301}e\x{301}e\x{301}e\x{301}e\x{301}e\x{301}e\x{301}e\x{301}e\x{301}e\x{301}e\x{301} e\x{301} e\x{301}e\x{301}e\x{301}e\x{301}e\x{301}e\x{301}e\x{301}e\x{301}e\x{301}e\x{301}e\x{301}e\x{301}e\x{301}e\x{301}e\x{301}e\x{301}e\x{301}e\x{301}e\x{301}e\x{301}e\x{301}e\x{301}e\x{301}e\x{301}e\x{301}e\x{301}e\x{301}e\x{301}e\x{301}e\x{301}e\x{301}e\x{301}e\x{301}e\x{301}e\x{301}e\x{301}e\x{301}e\x{301}e\x{301}e\x{301}e\x{301}e\x{301}e\x{301} e\x{301}e\x{301}e\x{301}e\x{301}e\x{301}e\x{301}e\x{301}e\x{301}e\x{301}e\x{301}e\x{301}e\x{301}e\x{301}e\x{301}e\x{301}e\x{301}e\x{301}e\x{301}e\x{301}e\x{301}e\x{301}e\x{301}e\x{301}e\x{301}e\x{301}e\x{301}e\x{301}e\x{301}e\x{301}e\x{301} e\x{301}e\x{301}e\x{301}e\x{301}e\x{301}e\x{301}e\x{301}e\x{301}e\x{301}e\x{301}e\x{301}e\x{301}e\x{301}e\x{301}e\x{301}e\x{301}e\x{301}e\x{301}e\x{301}e\x{301}e\x{301}e\x{301}"
          text run at (1056,765) width 0: " "
          text run at (0,780) width 1056: "e\x{301}e\x{301}e\x{301}e\x{301}e\x{301}e\x{301}e\x{301}e\x{301}e\x{301}e\x{301}e\x{301}e\x{301}e\x{301}e\x{301}e\x{301}e\x{301}e\x{301}e\x{301}e\x{301}e\x{301}e\x{301}e\x{301}e\x{301}e\x{301}e\x{301}e\x{301}e\x{301}e\x{301}e\x{301}e\x{301}e\x{301}e\x{301} e\x{301} e\x{301}e\x{301}e\x{301}e\x{301}e\x{301}e\x{301}e\x{301}e\x{301}e\x{301}e\x{301}e\x{301}e\x{301}e\x{301}e\x{301}e\x{301}e\x{301}e\x{301}e\x{301}e\x{301}e\x{301}e\x{301}e\x{301}e\x{301}e\x{301}e\x{301}e\x{301}e\x{301}e\x{301}e\x{301}e\x{301}e\x{301}e\x{301}e\x{301}e\x{301}e\x{301}e\x{301}e\x{301}e\x{301}e\x{301}e\x{301}e\x{301}e\x{301}e\x{301} e\x{301}e\x{301}e\x{301}e\x{301}e\x{301}e\x{301}e\x{301}e\x{301}e\x{301}e\x{301}e\x{301}e\x{301}e\x{301}e\x{301}e\x{301}e\x{301}e\x{301}e\x{301}e\x{301}e\x{301}e\x{301}e\x{301}e\x{301}e\x{301}e\x{301}e\x{301}e\x{301}e\x{301}e\x{301}e\x{301} e\x{301}e\x{301}e\x{301}e\x{301}e\x{301}e\x{301}e\x{301}e\x{301}e\x{301}e\x{301}e\x{301}e\x{301}e\x{301}e\x{301}e\x{301}e\x{301}e\x{301}e\x{301}e\x{301}e\x{301}e\x{301}e\x{301}"
          text run at (1056,780) width 0: " "
          text run at (0,795) width 1056: "e\x{301}e\x{301}e\x{301}e\x{301}e\x{301}e\x{301}e\x{301}e\x{301}e\x{301}e\x{301}e\x{301}e\x{301}e\x{301}e\x{301}e\x{301}e\x{301}e\x{301}e\x{301}e\x{301}e\x{301}e\x{301}e\x{301}e\x{301}e\x{301}e\x{301}e\x{301}e\x{301}e\x{301}e\x{301}e\x{301}e\x{301}e\x{301} e\x{301} e\x{301}e\x{301}e\x{301}e\x{301}e\x{301}e\x{301}e\x{301}e\x{301}e\x{301}e\x{301}e\x{301}e\x{301}e\x{301}e\x{301}e\x{301}e\x{301}e\x{301}e\x{301}e\x{301}e\x{301}e\x{301}e\x{301}e\x{301}e\x{301}e\x{301}e\x{301}e\x{301}e\x{301}e\x{301}e\x{301}e\x{301}e\x{301}e\x{301}e\x{301}e\x{301}e\x{301}e\x{301}e\x{301}e\x{301}e\x{301}e\x{301}e\x{301}e\x{301} e\x{301}e\x{301}e\x{301}e\x{301}e\x{301}e\x{301}e\x{301}e\x{301}e\x{301}e\x{301}e\x{301}e\x{301}e\x{301}e\x{301}e\x{301}e\x{301}e\x{301}e\x{301}e\x{301}e\x{301}e\x{301}e\x{301}e\x{301}e\x{301}e\x{301}e\x{301}e\x{301}e\x{301}e\x{301}e\x{301} e\x{301}e\x{301}e\x{301}e\x{301}e\x{301}e\x{301}e\x{301}e\x{301}e\x{301}e\x{301}e\x{301}e\x{301}e\x{301}e\x{301}e\x{301}e\x{301}e\x{301}e\x{301}e\x{301}e\x{301}e\x{301}e\x{301}"
          text run at (1056,795) width 0: " "
          text run at (0,810) width 1056: "e\x{301}e\x{301}e\x{301}e\x{301}e\x{301}e\x{301}e\x{301}e\x{301}e\x{301}e\x{301}e\x{301}e\x{301}e\x{301}e\x{301}e\x{301}e\x{301}e\x{301}e\x{301}e\x{301}e\x{301}e\x{301}e\x{301}e\x{301}e\x{301}e\x{301}e\x{301}e\x{301}e\x{301}e\x{301}e\x{301}e\x{301}e\x{301} e\x{301} e\x{301}e\x{301}e\x{301}e\x{301}e\x{301}e\x{301}e\x{301}e\x{301}e\x{301}e\x{301}e\x{301}e\x{301}e\x{301}e\x{301}e\x{301}e\x{301}e\x{301}e\x{301}e\x{301}e\x{301}e\x{301}e\x{301}e\x{301}e\x{301}e\x{301}e\x{301}e\x{301}e\x{301}e\x{301}e\x{301}e\x{301}e\x{301}e\x{301}e\x{301}e\x{301}e\x{301}e\x{301}e\x{301}e\x{301}e\x{301}e\x{301}e\x{301}e\x{301} e\x{301}e\x{301}e\x{301}e\x{301}e\x{301}e\x{301}e\x{301}e\x{301}e\x{301}e\x{301}e\x{301}e\x{301}e\x{301}e\x{301}e\x{301}e\x{301}e\x{301}e\x{301}e\x{301}e\x{301}e\x{301}e\x{301}e\x{301}e\x{301}e\x{301}e\x{301}e\x{301}e\x{301}e\x{301}e\x{301} e\x{301}e\x{301}e\x{301}e\x{301}e\x{301}e\x{301}e\x{301}e\x{301}e\x{301}e\x{301}e\x{301}e\x{301}e\x{301}e\x{301}e\x{301}e\x{301}e\x{301}e\x{301}e\x{301}e\x{301}e\x{301}e\x{301}"
          text run at (1056,810) width 0: " "
          text run at (0,825) width 1056: "e\x{301}e\x{301}e\x{301}e\x{301}e\x{301}e\x{301}e\x{301}e\x{301}e\x{301}e\x{301}e\x{301}e\x{301}e\x{301}e\x{301}e\x{301}e\x{301}e\x{301}e\x{301}e\x{301}e\x{301}e\x{301}e\x{301}e\x{301}e\x{301}e\x{301}e\x{301}e\x{301}e\x{301}e\x{301}e\x{301}e\x{301}e\x{301} e\x{301} e\x{301}e\x{301}e\x{301}e\x{301}e\x{301}e\x{301}e\x{301}e\x{301}e\x{301}e\x{301}e\x{301}e\x{301}e\x{301}e\x{301}e\x{301}e\x{301}e\x{301}e\x{301}e\x{301}e\x{301}e\x{301}e\x{301}e\x{301}e\x{301}e\x{301}e\x{301}e\x{301}e\x{301}e\x{301}e\x{301}e\x{301}e\x{301}e\x{301}e\x{301}e\x{301}e\x{301}e\x{301}e\x{301}e\x{301}e\x{301}e\x{301}e\x{301}e\x{301} e\x{301}e\x{301}e\x{301}e\x{301}e\x{301}e\x{301}e\x{301}e\x{301}e\x{301}e\x{301}e\x{301}e\x{301}e\x{301}e\x{301}e\x{301}e\x{301}e\x{301}e\x{301}e\x{301}e\x{301}e\x{301}e\x{301}e\x{301}e\x{301}e\x{301}e\x{301}e\x{301}e\x{301}e\x{301}e\x{301} e\x{301}e\x{301}e\x{301}e\x{301}e\x{301}e\x{301}e\x{301}e\x{301}e\x{301}e\x{301}e\x{301}e\x{301}e\x{301}e\x{301}e\x{301}e\x{301}e\x{301}e\x{301}e\x{301}e\x{301}e\x{301}e\x{301}"
          text run at (1056,825) width 0: " "
          text run at (0,840) width 1056: "e\x{301}e\x{301}e\x{301}e\x{301}e\x{301}e\x{301}e\x{301}e\x{301}e\x{301}e\x{301}e\x{301}e\x{301}e\x{301}e\x{301}e\x{301}e\x{301}e\x{301}e\x{301}e\x{301}e\x{301}e\x{301}e\x{301}e\x{301}e\x{301}e\x{301}e\x{301}e\x{301}e\x{301}e\x{301}e\x{301}e\x{301}e\x{301} e\x{301} e\x{301}e\x{301}e\x{301}e\x{301}e\x{301}e\x{301}e\x{301}e\x{301}e\x{301}e\x{301}e\x{301}e\x{301}e\x{301}e\x{301}e\x{301}e\x{301}e\x{301}e\x{301}e\x{301}e\x{301}e\x{301}e\x{301}e\x{301}e\x{301}e\x{301}e\x{301}e\x{301}e\x{301}e\x{301}e\x{301}e\x{301}e\x{301}e\x{301}e\x{301}e\x{301}e\x{301}e\x{301}e\x{301}e\x{301}e\x{301}e\x{301}e\x{301}e\x{301} e\x{301}e\x{301}e\x{301}e\x{301}e\x{301}e\x{301}e\x{301}e\x{301}e\x{301}e\x{301}e\x{301}e\x{301}e\x{301}e\x{301}e\x{301}e\x{301}e\x{301}e\x{301}e\x{301}e\x{301}e\x{301}e\x{301}e\x{301}e\x{301}e\x{301}e\x{301}e\x{301}e\x{301}e\x{301}e\x{301} e\x{301}e\x{301}e\x{301}e\x{301}e\x{301}e\x{301}e\x{301}e\x{301}e\x{301}e\x{301}e\x{301}e\x{301}e\x{301}e\x{301}e\x{301}e\x{301}e\x{301}e\x{301}e\x{301}e\x{301}e\x{301}e\x{301}"
          text run at (1056,840) width 0: " "
          text run at (0,855) width 1056: "e\x{301}e\x{301}e\x{301}e\x{301}e\x{301}e\x{301}e\x{301}e\x{301}e\x{301}e\x{301}e\x{301}e\x{301}e\x{301}e\x{301}e\x{301}e\x{301}e\x{301}e\x{301}e\x{301}e\x{301}e\x{301}e\x{301}e\x{301}e\x{301}e\x{301}e\x{301}e\x{301}e\x{301}e\x{301}e\x{301}e\x{301}e\x{301} e\x{301} e\x{301}e\x{301}e\x{301}e\x{301}e\x{301}e\x{301}e\x{301}e\x{301}e\x{301}e\x{301}e\x{301}e\x{301}e\x{301}e\x{301}e\x{301}e\x{301}e\x{301}e\x{301}e\x{301}e\x{301}e\x{301}e\x{301}e\x{301}e\x{301}e\x{301}e\x{301}e\x{301}e\x{301}e\x{301}e\x{301}e\x{301}e\x{301}e\x{301}e\x{301}e\x{301}e\x{301}e\x{301}e\x{301}e\x{301}e\x{301}e\x{301}e\x{301}e\x{301} e\x{301}e\x{301}e\x{301}e\x{301}e\x{301}e\x{301}e\x{301}e\x{301}e\x{301}e\x{301}e\x{301}e\x{301}e\x{301}e\x{301}e\x{301}e\x{301}e\x{301}e\x{301}e\x{301}e\x{301}e\x{301}e\x{301}e\x{301}e\x{301}e\x{301}e\x{301}e\x{301}e\x{301}e\x{301}e\x{301} e\x{301}e\x{301}e\x{301}e\x{301}e\x{301}e\x{301}e\x{301}e\x{301}e\x{301}e\x{301}e\x{301}e\x{301}e\x{301}e\x{301}e\x{301}e\x{301}e\x{301}e\x{301}e\x{301}e\x{301}e\x{301}e\x{301}"
          text run at (1056,855) width 0: " "
          text run at (0,870) width 1056: "e\x{301}e\x{301}e\x{301}e\x{301}e\x{301}e\x{301}e\x{301}e\x{301}e\x{301}e\x{301}e\x{301}e\x{301}e\x{301}e\x{301}e\x{301}e\x{301}e\x{301}e\x{301}e\x{301}e\x{301}e\x{301}e\x{301}e\x{301}e\x{301}e\x{301}e\x{301}e\x{301}e\x{301}e\x{301}e\x{301}e\x{301}e\x{301} e\x{301} e\x{301}e\x{301}e\x{301}e\x{301}e\x{301}e\x{301}e\x{301}e\x{301}e\x{301}e\x{301}e\x{301}e\x{301}e\x{301}e\x{301}e\x{301}e\x{301}e\x{301}e\x{301}e\x{301}e\x{301}e\x{301}e\x{301}e\x{301}e\x{301}e\x{301}e\x{301}e\x{301}e\x{301}e\x{301}e\x{301}e\x{301}e\x{301}e\x{301}e\x{301}e\x{301}e\x{301}e\x{301}e\x{301}e\x{301}e\x{301}e\x{301}e\x{301}e\x{301} e\x{301}e\x{301}e\x{301}e\x{301}e\x{301}e\x{301}e\x{301}e\x{301}e\x{301}e\x{301}e\x{301}e\x{301}e\x{301}e\x{301}e\x{301}e\x{301}e\x{301}e\x{301}e\x{301}e\x{301}e\x{301}e\x{301}e\x{301}e\x{301}e\x{301}e\x{301}e\x{301}e\x{301}e\x{301}e\x{301} e\x{301}e\x{301}e\x{301}e\x{301}e\x{301}e\x{301}e\x{301}e\x{301}e\x{301}e\x{301}e\x{301}e\x{301}e\x{301}e\x{301}e\x{301}e\x{301}e\x{301}e\x{301}e\x{301}e\x{301}e\x{301}e\x{301}"
          text run at (1056,870) width 0: " "
          text run at (0,885) width 1056: "e\x{301}e\x{301}e\x{301}e\x{301}e\x{301}e\x{301}e\x{301}e\x{301}e\x{301}e\x{301}e\x{301}e\x{301}e\x{301}e\x{301}e\x{301}e\x{301}e\x{301}e\x{301}e\x{301}e\x{301}e\x{301}e\x{301}e\x{301}e\x{301}e\x{301}e\x{301}e\x{301}e\x{301}e\x{301}e\x{301}e\x{301}e\x{301} e\x{301} e\x{301}e\x{301}e\x{301}e\x{301}e\x{301}e\x{301}e\x{301}e\x{301}e\x{301}e\x{301}e\x{301}e\x{301}e\x{301}e\x{301}e\x{301}e\x{301}e\x{301}e\x{301}e\x{301}e\x{301}e\x{301}e\x{301}e\x{301}e\x{301}e\x{301}e\x{301}e\x{301}e\x{301}e\x{301}e\x{301}e\x{301}e\x{301}e\x{301}e\x{301}e\x{301}e\x{301}e\x{301}e\x{301}e\x{301}e\x{301}e\x{301}e\x{301}e\x{301} e\x{301}e\x{301}e\x{301}e\x{301}e\x{301}e\x{301}e\x{301}e\x{301}e\x{301}e\x{301}e\x{301}e\x{301}e\x{301}e\x{301}e\x{301}e\x{301}e\x{301}e\x{301}e\x{301}e\x{301}e\x{301}e\x{301}e\x{301}e\x{301}e\x{301}e\x{301}e\x{301}e\x{301}e\x{301}e\x{301} e\x{301}e\x{301}e\x{301}e\x{301}e\x{301}e\x{301}e\x{301}e\x{301}e\x{301}e\x{301}e\x{301}e\x{301}e\x{301}e\x{301}e\x{301}e\x{301}e\x{301}e\x{301}e\x{301}e\x{301}e\x{301}e\x{301}"
          text run at (1056,885) width 0: " "
          text run at (0,900) width 1056: "e\x{301}e\x{301}e\x{301}e\x{301}e\x{301}e\x{301}e\x{301}e\x{301}e\x{301}e\x{301}e\x{301}e\x{301}e\x{301}e\x{301}e\x{301}e\x{301}e\x{301}e\x{301}e\x{301}e\x{301}e\x{301}e\x{301}e\x{301}e\x{301}e\x{301}e\x{301}e\x{301}e\x{301}e\x{301}e\x{301}e\x{301}e\x{301} e\x{301} e\x{301}e\x{301}e\x{301}e\x{301}e\x{301}e\x{301}e\x{301}e\x{301}e\x{301}e\x{301}e\x{301}e\x{301}e\x{301}e\x{301}e\x{301}e\x{301}e\x{301}e\x{301}e\x{301}e\x{301}e\x{301}e\x{301}e\x{301}e\x{301}e\x{301}e\x{301}e\x{301}e\x{301}e\x{301}e\x{301}e\x{301}e\x{301}e\x{301}e\x{301}e\x{301}e\x{301}e\x{301}e\x{301}e\x{301}e\x{301}e\x{301}e\x{301}e\x{301} e\x{301}e\x{301}e\x{301}e\x{301}e\x{301}e\x{301}e\x{301}e\x{301}e\x{301}e\x{301}e\x{301}e\x{301}e\x{301}e\x{301}e\x{301}e\x{301}e\x{301}e\x{301}e\x{301}e\x{301}e\x{301}e\x{301}e\x{301}e\x{301}e\x{301}e\x{301}e\x{301}e\x{301}e\x{301}e\x{301} e\x{301}e\x{301}e\x{301}e\x{301}e\x{301}e\x{301}e\x{301}e\x{301}e\x{301}e\x{301}e\x{301}e\x{301}e\x{301}e\x{301}e\x{301}e\x{301}e\x{301}e\x{301}e\x{301}e\x{301}e\x{301}e\x{301}"
          text run at (1056,900) width 0: " "
          text run at (0,915) width 1056: "e\x{301}e\x{301}e\x{301}e\x{301}e\x{301}e\x{301}e\x{301}e\x{301}e\x{301}e\x{301}e\x{301}e\x{301}e\x{301}e\x{301}e\x{301}e\x{301}e\x{301}e\x{301}e\x{301}e\x{301}e\x{301}e\x{301}e\x{301}e\x{301}e\x{301}e\x{301}e\x{301}e\x{301}e\x{301}e\x{301}e\x{301}e\x{301} e\x{301} e\x{301}e\x{301}e\x{301}e\x{301}e\x{301}e\x{301}e\x{301}e\x{301}e\x{301}e\x{301}e\x{301}e\x{301}e\x{301}e\x{301}e\x{301}e\x{301}e\x{301}e\x{301}e\x{301}e\x{301}e\x{301}e\x{301}e\x{301}e\x{301}e\x{301}e\x{301}e\x{301}e\x{301}e\x{301}e\x{301}e\x{301}e\x{301}e\x{301}e\x{301}e\x{301}e\x{301}e\x{301}e\x{301}e\x{301}e\x{301}e\x{301}e\x{301}e\x{301} e\x{301}e\x{301}e\x{301}e\x{301}e\x{301}e\x{301}e\x{301}e\x{301}e\x{301}e\x{301}e\x{301}e\x{301}e\x{301}e\x{301}e\x{301}e\x{301}e\x{301}e\x{301}e\x{301}e\x{301}e\x{301}e\x{301}e\x{301}e\x{301}e\x{301}e\x{301}e\x{301}e\x{301}e\x{301}e\x{301} e\x{301}e\x{301}e\x{301}e\x{301}e\x{301}e\x{301}e\x{301}e\x{301}e\x{301}e\x{301}e\x{301}e\x{301}e\x{301}e\x{301}e\x{301}e\x{301}e\x{301}e\x{301}e\x{301}e\x{301}e\x{301}e\x{301}"
          text run at (1056,915) width 0: " "
          text run at (0,930) width 1056: "e\x{301}e\x{301}e\x{301}e\x{301}e\x{301}e\x{301}e\x{301}e\x{301}e\x{301}e\x{301}e\x{301}e\x{301}e\x{301}e\x{301}e\x{301}e\x{301}e\x{301}e\x{301}e\x{301}e\x{301}e\x{301}e\x{301}e\x{301}e\x{301}e\x{301}e\x{301}e\x{301}e\x{301}e\x{301}e\x{301}e\x{301}e\x{301} e\x{301} e\x{301}e\x{301}e\x{301}e\x{301}e\x{301}e\x{301}e\x{301}e\x{301}e\x{301}e\x{301}e\x{301}e\x{301}e\x{301}e\x{301}e\x{301}e\x{301}e\x{301}e\x{301}e\x{301}e\x{301}e\x{301}e\x{301}e\x{301}e\x{301}e\x{301}e\x{301}e\x{301}e\x{301}e\x{301}e\x{301}e\x{301}e\x{301}e\x{301}e\x{301}e\x{301}e\x{301}e\x{301}e\x{301}e\x{301}e\x{301}e\x{301}e\x{301}e\x{301} e\x{301}e\x{301}e\x{301}e\x{301}e\x{301}e\x{301}e\x{301}e\x{301}e\x{301}e\x{301}e\x{301}e\x{301}e\x{301}e\x{301}e\x{301}e\x{301}e\x{301}e\x{301}e\x{301}e\x{301}e\x{301}e\x{301}e\x{301}e\x{301}e\x{301}e\x{301}e\x{301}e\x{301}e\x{301}e\x{301} e\x{301}e\x{301}e\x{301}e\x{301}e\x{301}e\x{301}e\x{301}e\x{301}e\x{301}e\x{301}e\x{301}e\x{301}e\x{301}e\x{301}e\x{301}e\x{301}e\x{301}e\x{301}e\x{301}e\x{301}e\x{301}e\x{301}"
          text run at (1056,930) width 0: " "
          text run at (0,945) width 1056: "e\x{301}e\x{301}e\x{301}e\x{301}e\x{301}e\x{301}e\x{301}e\x{301}e\x{301}e\x{301}e\x{301}e\x{301}e\x{301}e\x{301}e\x{301}e\x{301}e\x{301}e\x{301}e\x{301}e\x{301}e\x{301}e\x{301}e\x{301}e\x{301}e\x{301}e\x{301}e\x{301}e\x{301}e\x{301}e\x{301}e\x{301}e\x{301} e\x{301} e\x{301}e\x{301}e\x{301}e\x{301}e\x{301}e\x{301}e\x{301}e\x{301}e\x{301}e\x{301}e\x{301}e\x{301}e\x{301}e\x{301}e\x{301}e\x{301}e\x{301}e\x{301}e\x{301}e\x{301}e\x{301}e\x{301}e\x{301}e\x{301}e\x{301}e\x{301}e\x{301}e\x{301}e\x{301}e\x{301}e\x{301}e\x{301}e\x{301}e\x{301}e\x{301}e\x{301}e\x{301}e\x{301}e\x{301}e\x{301}e\x{301}e\x{301}e\x{301} e\x{301}e\x{301}e\x{301}e\x{301}e\x{301}e\x{301}e\x{301}e\x{301}e\x{301}e\x{301}e\x{301}e\x{301}e\x{301}e\x{301}e\x{301}e\x{301}e\x{301}e\x{301}e\x{301}e\x{301}e\x{301}e\x{301}e\x{301}e\x{301}e\x{301}e\x{301}e\x{301}e\x{301}e\x{301}e\x{301} e\x{301}e\x{301}e\x{301}e\x{301}e\x{301}e\x{301}e\x{301}e\x{301}e\x{301}e\x{301}e\x{301}e\x{301}e\x{301}e\x{301}e\x{301}e\x{301}e\x{301}e\x{301}e\x{301}e\x{301}e\x{301}e\x{301}"
          text run at (1056,945) width 0: " "
          text run at (0,960) width 1056: "e\x{301}e\x{301}e\x{301}e\x{301}e\x{301}e\x{301}e\x{301}e\x{301}e\x{301}e\x{301}e\x{301}e\x{301}e\x{301}e\x{301}e\x{301}e\x{301}e\x{301}e\x{301}e\x{301}e\x{301}e\x{301}e\x{301}e\x{301}e\x{301}e\x{301}e\x{301}e\x{301}e\x{301}e\x{301}e\x{301}e\x{301}e\x{301} e\x{301} e\x{301}e\x{301}e\x{301}e\x{301}e\x{301}e\x{301}e\x{301}e\x{301}e\x{301}e\x{301}e\x{301}e\x{301}e\x{301}e\x{301}e\x{301}e\x{301}e\x{301}e\x{301}e\x{301}e\x{301}e\x{301}e\x{301}e\x{301}e\x{301}e\x{301}e\x{301}e\x{301}e\x{301}e\x{301}e\x{301}e\x{301}e\x{301}e\x{301}e\x{301}e\x{301}e\x{301}e\x{301}e\x{301}e\x{301}e\x{301}e\x{301}e\x{301}e\x{301} e\x{301}e\x{301}e\x{301}e\x{301}e\x{301}e\x{301}e\x{301}e\x{301}e\x{301}e\x{301}e\x{301}e\x{301}e\x{301}e\x{301}e\x{301}e\x{301}e\x{301}e\x{301}e\x{301}e\x{301}e\x{301}e\x{301}e\x{301}e\x{301}e\x{301}e\x{301}e\x{301}e\x{301}e\x{301}e\x{301} e\x{301}e\x{301}e\x{301}e\x{301}e\x{301}e\x{301}e\x{301}e\x{301}e\x{301}e\x{301}e\x{301}e\x{301}e\x{301}e\x{301}e\x{301}e\x{301}e\x{301}e\x{301}e\x{301}e\x{301}e\x{301}e\x{301}"
          text run at (1056,960) width 0: " "
          text run at (0,975) width 1056: "e\x{301}e\x{301}e\x{301}e\x{301}e\x{301}e\x{301}e\x{301}e\x{301}e\x{301}e\x{301}e\x{301}e\x{301}e\x{301}e\x{301}e\x{301}e\x{301}e\x{301}e\x{301}e\x{301}e\x{301}e\x{301}e\x{301}e\x{301}e\x{301}e\x{301}e\x{301}e\x{301}e\x{301}e\x{301}e\x{301}e\x{301}e\x{301} e\x{301} e\x{301}e\x{301}e\x{301}e\x{301}e\x{301}e\x{301}e\x{301}e\x{301}e\x{301}e\x{301}e\x{301}e\x{301}e\x{301}e\x{301}e\x{301}e\x{301}e\x{301}e\x{301}e\x{301}e\x{301}e\x{301}e\x{301}e\x{301}e\x{301}e\x{301}e\x{301}e\x{301}e\x{301}e\x{301}e\x{301}e\x{301}e\x{301}e\x{301}e\x{301}e\x{301}e\x{301}e\x{301}e\x{301}e\x{301}e\x{301}e\x{301}e\x{301}e\x{301} e\x{301}e\x{301}e\x{301}e\x{301}e\x{301}e\x{301}e\x{301}e\x{301}e\x{301}e\x{301}e\x{301}e\x{301}e\x{301}e\x{301}e\x{301}e\x{301}e\x{301}e\x{301}e\x{301}e\x{301}e\x{301}e\x{301}e\x{301}e\x{301}e\x{301}e\x{301}e\x{301}e\x{301}e\x{301}e\x{301} e\x{301}e\x{301}e\x{301}e\x{301}e\x{301}e\x{301}e\x{301}e\x{301}e\x{301}e\x{301}e\x{301}e\x{301}e\x{301}e\x{301}e\x{301}e\x{301}e\x{301}e\x{301}e\x{301}e\x{301}e\x{301}e\x{301}"
          text run at (1056,975) width 0: " "
          text run at (0,990) width 1056: "e\x{301}e\x{301}e\x{301}e\x{301}e\x{301}e\x{301}e\x{301}e\x{301}e\x{301}e\x{301}e\x{301}e\x{301}e\x{301}e\x{301}e\x{301}e\x{301}e\x{301}e\x{301}e\x{301}e\x{301}e\x{301}e\x{301}e\x{301}e\x{301}e\x{301}e\x{301}e\x{301}e\x{301}e\x{301}e\x{301}e\x{301}e\x{301} e\x{301} e\x{301}e\x{301}e\x{301}e\x{301}e\x{301}e\x{301}e\x{301}e\x{301}e\x{301}e\x{301}e\x{301}e\x{301}e\x{301}e\x{301}e\x{301}e\x{301}e\x{301}e\x{301}e\x{301}e\x{301}e\x{301}e\x{301}e\x{301}e\x{301}e\x{301}e\x{301}e\x{301}e\x{301}e\x{301}e\x{301}e\x{301}e\x{301}e\x{301}e\x{301}e\x{301}e\x{301}e\x{301}e\x{301}e\x{301}e\x{301}e\x{301}e\x{301}e\x{301} e\x{301}e\x{301}e\x{301}e\x{301}e\x{301}e\x{301}e\x{301}e\x{301}e\x{301}e\x{301}e\x{301}e\x{301}e\x{301}e\x{301}e\x{301}e\x{301}e\x{301}e\x{301}e\x{301}e\x{301}e\x{301}e\x{301}e\x{301}e\x{301}e\x{301}e\x{301}e\x{301}e\x{301}e\x{301}e\x{301} e\x{301}e\x{301}e\x{301}e\x{301}e\x{301}e\x{301}e\x{301}e\x{301}e\x{301}e\x{301}e\x{301}e\x{301}e\x{301}e\x{301}e\x{301}e\x{301}e\x{301}e\x{301}e\x{301}e\x{301}e\x{301}e\x{301}"
          text run at (1056,990) width 0: " "
          text run at (0,1005) width 1056: "e\x{301}e\x{301}e\x{301}e\x{301}e\x{301}e\x{301}e\x{301}e\x{301}e\x{301}e\x{301}e\x{301}e\x{301}e\x{301}e\x{301}e\x{301}e\x{301}e\x{301}e\x{301}e\x{301}e\x{301}e\x{301}e\x{301}e\x{301}e\x{301}e\x{301}e\x{301}e\x{301}e\x{301}e\x{301}e\x{301}e\x{301}e\x{301} e\x{301} e\x{301}e\x{301}e\x{301}e\x{301}e\x{301}e\x{301}e\x{301}e\x{301}e\x{301}e\x{301}e\x{301}e\x{301}e\x{301}e\x{301}e\x{301}e\x{301}e\x{301}e\x{301}e\x{301}e\x{301}e\x{301}e\x{301}e\x{301}e\x{301}e\x{301}e\x{301}e\x{301}e\x{301}e\x{301}e\x{301}e\x{301}e\x{301}e\x{301}e\x{301}e\x{301}e\x{301}e\x{301}e\x{301}e\x{301}e\x{301}e\x{301}e\x{301}e\x{301} e\x{301}e\x{301}e\x{301}e\x{301}e\x{301}e\x{301}e\x{301}e\x{301}e\x{301}e\x{301}e\x{301}e\x{301}e\x{301}e\x{301}e\x{301}e\x{301}e\x{301}e\x{301}e\x{301}e\x{301}e\x{301}e\x{301}e\x{301}e\x{301}e\x{301}e\x{301}e\x{301}e\x{301}e\x{301}e\x{301} e\x{301}e\x{301}e\x{301}e\x{301}e\x{301}e\x{301}e\x{301}e\x{301}e\x{301}e\x{301}e\x{301}e\x{301}e\x{301}e\x{301}e\x{301}e\x{301}e\x{301}e\x{301}e\x{301}e\x{301}e\x{301}e\x{301}"
          text run at (1056,1005) width 0: " "
          text run at (0,1020) width 1056: "e\x{301}e\x{301}e\x{301}e\x{301}e\x{301}e\x{301}e\x{301}e\x{301}e\x{301}e\x{301}e\x{301}e\x{301}e\x{301}e\x{301}e\x{301}e\x{301}e\x{301}e\x{301}e\x{301}e\x{301}e\x{301}e\x{301}e\x{301}e\x{301}e\x{301}e\x{301}e\x{301}e\x{301}e\x{301}e\x{301}e\x{301}e\x{301} e\x{301} e\x{301}e\x{301}e\x{301}e\x{301}e\x{301}e\x{301}e\x{301}e\x{301}e\x{301}e\x{301}e\x{301}e\x{301}e\x{301}e\x{301}e\x{301}e\x{301}e\x{301}e\x{301}e\x{301}e\x{301}e\x{301}e\x{301}e\x{301}e\x{301}e\x{301}e\x{301}e\x{301}e\x{301}e\x{301}e\x{301}e\x{301}e\x{301}e\x{301}e\x{301}e\x{301}e\x{301}e\x{301}e\x{301}e\x{301}e\x{301}e\x{301}e\x{301}e\x{301} e\x{301}e\x{301}e\x{301}e\x{301}e\x{301}e\x{301}e\x{301}e\x{301}e\x{301}e\x{301}e\x{301}e\x{301}e\x{301}e\x{301}e\x{301}e\x{301}e\x{301}e\x{301}e\x{301}e\x{301}e\x{301}e\x{301}e\x{301}e\x{301}e\x{301}e\x{301}e\x{301}e\x{301}e\x{301}e\x{301} e\x{301}e\x{301}e\x{301}e\x{301}e\x{301}e\x{301}e\x{301}e\x{301}e\x{301}e\x{301}e\x{301}e\x{301}e\x{301}e\x{301}e\x{301}e\x{301}e\x{301}e\x{301}e\x{301}e\x{301}e\x{301}e\x{301}"
          text run at (1056,1020) width 0: " "
          text run at (0,1035) width 1056: "e\x{301}e\x{301}e\x{301}e\x{301}e\x{301}e\x{301}e\x{301}e\x{301}e\x{301}e\x{301}e\x{301}e\x{301}e\x{301}e\x{301}e\x{301}e\x{301}e\x{301}e\x{301}e\x{301}e\x{301}e\x{301}e\x{301}e\x{301}e\x{301}e\x{301}e\x{301}e\x{301}e\x{301}e\x{301}e\x{301}e\x{301}e\x{301} e\x{301} e\x{301}e\x{301}e\x{301}e\x{301}e\x{301}e\x{301}e\x{301}e\x{301}e\x{301}e\x{301}e\x{301}e\x{301}e\x{301}e\x{301}e\x{301}e\x{301}e\x{301}e\x{301}e\x{301}e\x{301}e\x{301}e\x{301}e\x{301}e\x{301}e\x{301}e\x{301}e\x{301}e\x{301}e\x{301}e\x{301}e\x{301}e\x{301}e\x{301}e\x{301}e\x{301}e\x{301}e\x{301}e\x{301}e\x{301}e\x{301}e\x{301}e\x{301}e\x{301} e\x{301}e\x{301}e\x{301}e\x{301}e\x{301}e\x{301}e\x{301}e\x{301}e\x{301}e\x{301}e\x{301}e\x{301}e\x{301}e\x{301}e\x{301}e\x{301}e\x{301}e\x{301}e\x{301}e\x{301}e\x{301}e\x{301}e\x{301}e\x{301}e\x{301}e\x{301}e\x{301}e\x{301}e\x{301}e\x{301} e\x{301}e\x{301}e\x{301}e\x{301}e\x{301}e\x{301}e\x{301}e\x{301}e\x{301}e\x{301}e\x{301}e\x{301}e\x{301}e\x{301}e\x{301}e\x{301}e\x{301}e\x{301}e\x{301}e\x{301}e\x{301}e\x{301}"
          text run at (1056,1035) width 0: " "
          text run at (0,1050) width 1056: "e\x{301}e\x{301}e\x{301}e\x{301}e\x{301}e\x{301}e\x{301}e\x{301}e\x{301}e\x{301}e\x{301}e\x{301}e\x{301}e\x{301}e\x{301}e\x{301}e\x{301}e\x{301}e\x{301}e\x{301}e\x{301}e\x{301}e\x{301}e\x{301}e\x{301}e\x{301}e\x{301}e\x{301}e\x{301}e\x{301}e\x{301}e\x{301} e\x{301} e\x{301}e\x{301}e\x{301}e\x{301}e\x{301}e\x{301}e\x{301}e\x{301}e\x{301}e\x{301}e\x{301}e\x{301}e\x{301}e\x{301}e\x{301}e\x{301}e\x{301}e\x{301}e\x{301}e\x{301}e\x{301}e\x{301}e\x{301}e\x{301}e\x{301}e\x{301}e\x{301}e\x{301}e\x{301}e\x{301}e\x{301}e\x{301}e\x{301}e\x{301}e\x{301}e\x{301}e\x{301}e\x{301}e\x{301}e\x{301}e\x{301}e\x{301}e\x{301} e\x{301}e\x{301}e\x{301}e\x{301}e\x{301}e\x{301}e\x{301}e\x{301}e\x{301}e\x{301}e\x{301}e\x{301}e\x{301}e\x{301}e\x{301}e\x{301}e\x{301}e\x{301}e\x{301}e\x{301}e\x{301}e\x{301}e\x{301}e\x{301}e\x{301}e\x{301}e\x{301}e\x{301}e\x{301}e\x{301} e\x{301}e\x{301}e\x{301}e\x{301}e\x{301}e\x{301}e\x{301}e\x{301}e\x{301}e\x{301}e\x{301}e\x{301}e\x{301}e\x{301}e\x{301}e\x{301}e\x{301}e\x{301}e\x{301}e\x{301}e\x{301}e\x{301}"
          text run at (1056,1050) width 0: " "
          text run at (0,1065) width 1056: "e\x{301}e\x{301}e\x{301}e\x{301}e\x{301}e\x{301}e\x{301}e\x{301}e\x{301}e\x{301}e\x{301}e\x{301}e\x{301}e\x{301}e\x{301}e\x{301}e\x{301}e\x{301}e\x{301}e\x{301}e\x{301}e\x{301}e\x{301}e\x{301}e\x{301}e\x{301}e\x{301}e\x{301}e\x{301}e\x{301}e\x{301}e\x{301} e\x{301} e\x{301}e\x{301}e\x{301}e\x{301}e\x{301}e\x{301}e\x{301}e\x{301}e\x{301}e\x{301}e\x{301}e\x{301}e\x{301}e\x{301}e\x{301}e\x{301}e\x{301}e\x{301}e\x{301}e\x{301}e\x{301}e\x{301}e\x{301}e\x{301}e\x{301}e\x{301}e\x{301}e\x{301}e\x{301}e\x{301}e\x{301}e\x{301}e\x{301}e\x{301}e\x{301}e\x{301}e\x{301}e\x{301}e\x{301}e\x{301}e\x{301}e\x{301}e\x{301} e\x{301}e\x{301}e\x{301}e\x{301}e\x{301}e\x{301}e\x{301}e\x{301}e\x{301}e\x{301}e\x{301}e\x{301}e\x{301}e\x{301}e\x{301}e\x{301}e\x{301}e\x{301}e\x{301}e\x{301}e\x{301}e\x{301}e\x{301}e\x{301}e\x{301}e\x{301}e\x{301}e\x{301}e\x{301}e\x{301} e\x{301}e\x{301}e\x{301}e\x{301}e\x{301}e\x{301}e\x{301}e\x{301}e\x{301}e\x{301}e\x{301}e\x{301}e\x{301}e\x{301}e\x{301}e\x{301}e\x{301}e\x{301}e\x{301}e\x{301}e\x{301}e\x{301}"
          text run at (1056,1065) width 0: " "
          text run at (0,1080) width 1056: "e\x{301}e\x{301}e\x{301}e\x{301}e\x{301}e\x{301}e\x{301}e\x{301}e\x{301}e\x{301}e\x{301}e\x{301}e\x{301}e\x{301}e\x{301}e\x{301}e\x{301}e\x{301}e\x{301}e\x{301}e\x{301}e\x{301}e\x{301}e\x{301}e\x{301}e\x{301}e\x{301}e\x{301}e\x{301}e\x{301}e\x{301}e\x{301} e\x{301} e\x{301}e\x{301}e\x{301}e\x{301}e\x{301}e\x{301}e\x{301}e\x{301}e\x{301}e\x{301}e\x{301}e\x{301}e\x{301}e\x{301}e\x{301}e\x{301}e\x{301}e\x{301}e\x{301}e\x{301}e\x{301}e\x{301}e\x{301}e\x{301}e\x{301}e\x{301}e\x{301}e\x{301}e\x{301}e\x{301}e\x{301}e\x{301}e\x{301}e\x{301}e\x{301}e\x{301}e\x{301}e\x{301}e\x{301}e\x{301}e\x{301}e\x{301}e\x{301} e\x{301}e\x{301}e\x{301}e\x{301}e\x{301}e\x{301}e\x{301}e\x{301}e\x{301}e\x{301}e\x{301}e\x{301}e\x{301}e\x{301}e\x{301}e\x{301}e\x{301}e\x{301}e\x{301}e\x{301}e\x{301}e\x{301}e\x{301}e\x{301}e\x{301}e\x{301}e\x{301}e\x{301}e\x{301}e\x{301} e\x{301}e\x{301}e\x{301}e\x{301}e\x{301}e\x{301}e\x{301}e\x{301}e\x{301}e\x{301}e\x{301}e\x{301}e\x{301}e\x{301}e\x{301}e\x{301}e\x{301}e\x{301}e\x{301}e\x{301}e\x{301}e\x{301}"
          text run at (1056,1080) width 0: " "
          text run at (0,1095) width 1056: "e\x{301}e\x{301}e\x{301}e\x{301}e\x{301}e\x{301}e\x{301}e\x{301}e\x{301}e\x{301}e\x{301}e\x{301}e\x{301}e\x{301}e\x{301}e\x{301}e\x{301}e\x{301}e\x{301}e\x{301}e\x{301}e\x{301}e\x{301}e\x{301}e\x{301}e\x{301}e\x{301}e\x{301}e\x{301}e\x{301}e\x{301}e\x{301} e\x{301} e\x{301}e\x{301}e\x{301}e\x{301}e\x{301}e\x{301}e\x{301}e\x{301}e\x{301}e\x{301}e\x{301}e\x{301}e\x{301}e\x{301}e\x{301}e\x{301}e\x{301}e\x{301}e\x{301}e\x{301}e\x{301}e\x{301}e\x{301}e\x{301}e\x{301}e\x{301}e\x{301}e\x{301}e\x{301}e\x{301}e\x{301}e\x{301}e\x{301}e\x{301}e\x{301}e\x{301}e\x{301}e\x{301}e\x{301}e\x{301}e\x{301}e\x{301}e\x{301} e\x{301}e\x{301}e\x{301}e\x{301}e\x{301}e\x{301}e\x{301}e\x{301}e\x{301}e\x{301}e\x{301}e\x{301}e\x{301}e\x{301}e\x{301}e\x{301}e\x{301}e\x{301}e\x{301}e\x{301}e\x{301}e\x{301}e\x{301}e\x{301}e\x{301}e\x{301}e\x{301}e\x{301}e\x{301}e\x{301} e\x{301}e\x{301}e\x{301}e\x{301}e\x{301}e\x{301}e\x{301}e\x{301}e\x{301}e\x{301}e\x{301}e\x{301}e\x{301}e\x{301}e\x{301}e\x{301}e\x{301}e\x{301}e\x{301}e\x{301}e\x{301}e\x{301}"
          text run at (1056,1095) width 0: " "
          text run at (0,1110) width 1056: "e\x{301}e\x{301}e\x{301}e\x{301}e\x{301}e\x{301}e\x{301}e\x{301}e\x{301}e\x{301}e\x{301}e\x{301}e\x{301}e\x{301}e\x{301}e\x{301}e\x{301}e\x{301}e\x{301}e\x{301}e\x{301}e\x{301}e\x{301}e\x{301}e\x{301}e\x{301}e\x{301}e\x{301}e\x{301}e\x{301}e\x{301}e\x{301} e\x{301} e\x{301}e\x{301}e\x{301}e\x{301}e\x{301}e\x{301}e\x{301}e\x{301}e\x{301}e\x{301}e\x{301}e\x{301}e\x{301}e\x{301}e\x{301}e\x{301}e\x{301}e\x{301}e\x{301}e\x{301}e\x{301}e\x{301}e\x{301}e\x{301}e\x{301}e\x{301}e\x{301}e\x{301}e\x{301}e\x{301}e\x{301}e\x{301}e\x{301}e\x{301}e\x{301}e\x{301}e\x{301}e\x{301}e\x{301}e\x{301}e\x{301}e\x{301}e\x{301} e\x{301}e\x{301}e\x{301}e\x{301}e\x{301}e\x{301}e\x{301}e\x{301}e\x{301}e\x{301}e\x{301}e\x{301}e\x{301}e\x{301}e\x{301}e\x{301}e\x{301}e\x{301}e\x{301}e\x{301}e\x{301}e\x{301}e\x{301}e\x{301}e\x{301}e\x{301}e\x{301}e\x{301}e\x{301}e\x{301} e\x{301}e\x{301}e\x{301}e\x{301}e\x{301}e\x{301}e\x{301}e\x{301}e\x{301}e\x{301}e\x{301}e\x{301}e\x{301}e\x{301}e\x{301}e\x{301}e\x{301}e\x{301}e\x{301}e\x{301}e\x{301}e\x{301}"
          text run at (1056,1110) width 0: " "
          text run at (0,1125) width 1056: "e\x{301}e\x{301}e\x{301}e\x{301}e\x{301}e\x{301}e\x{301}e\x{301}e\x{301}e\x{301}e\x{301}e\x{301}e\x{301}e\x{301}e\x{301}e\x{301}e\x{301}e\x{301}e\x{301}e\x{301}e\x{301}e\x{301}e\x{301}e\x{301}e\x{301}e\x{301}e\x{301}e\x{301}e\x{301}e\x{301}e\x{301}e\x{301} e\x{301} e\x{301}e\x{301}e\x{301}e\x{301}e\x{301}e\x{301}e\x{301}e\x{301}e\x{301}e\x{301}e\x{301}e\x{301}e\x{301}e\x{301}e\x{301}e\x{301}e\x{301}e\x{301}e\x{301}e\x{301}e\x{301}e\x{301}e\x{301}e\x{301}e\x{301}e\x{301}e\x{301}e\x{301}e\x{301}e\x{301}e\x{301}e\x{301}e\x{301}e\x{301}e\x{301}e\x{301}e\x{301}e\x{301}e\x{301}e\x{301}e\x{301}e\x{301}e\x{301} e\x{301}e\x{301}e\x{301}e\x{301}e\x{301}e\x{301}e\x{301}e\x{301}e\x{301}e\x{301}e\x{301}e\x{301}e\x{301}e\x{301}e\x{301}e\x{301}e\x{301}e\x{301}e\x{301}e\x{301}e\x{301}e\x{301}e\x{301}e\x{301}e\x{301}e\x{301}e\x{301}e\x{301}e\x{301}e\x{301} e\x{301}e\x{301}e\x{301}e\x{301}e\x{301}e\x{301}e\x{301}e\x{301}e\x{301}e\x{301}e\x{301}e\x{301}e\x{301}e\x{301}e\x{301}e\x{301}e\x{301}e\x{301}e\x{301}e\x{301}e\x{301}e\x{301}"
          text run at (1056,1125) width 0: " "
          text run at (0,1140) width 1056: "e\x{301}e\x{301}e\x{301}e\x{301}e\x{301}e\x{301}e\x{301}e\x{301}e\x{301}e\x{301}e\x{301}e\x{301}e\x{301}e\x{301}e\x{301}e\x{301}e\x{301}e\x{301}e\x{301}e\x{301}e\x{301}e\x{301}e\x{301}e\x{301}e\x{301}e\x{301}e\x{301}e\x{301}e\x{301}e\x{301}e\x{301}e\x{301} e\x{301} e\x{301}e\x{301}e\x{301}e\x{301}e\x{301}e\x{301}e\x{301}e\x{301}e\x{301}e\x{301}e\x{301}e\x{301}e\x{301}e\x{301}e\x{301}e\x{301}e\x{301}e\x{301}e\x{301}e\x{301}e\x{301}e\x{301}e\x{301}e\x{301}e\x{301}e\x{301}e\x{301}e\x{301}e\x{301}e\x{301}e\x{301}e\x{301}e\x{301}e\x{301}e\x{301}e\x{301}e\x{301}e\x{301}e\x{301}e\x{301}e\x{301}e\x{301}e\x{301} e\x{301}e\x{301}e\x{301}e\x{301}e\x{301}e\x{301}e\x{301}e\x{301}e\x{301}e\x{301}e\x{301}e\x{301}e\x{301}e\x{301}e\x{301}e\x{301}e\x{301}e\x{301}e\x{301}e\x{301}e\x{301}e\x{301}e\x{301}e\x{301}e\x{301}e\x{301}e\x{301}e\x{301}e\x{301}e\x{301} e\x{301}e\x{301}e\x{301}e\x{301}e\x{301}e\x{301}e\x{301}e\x{301}e\x{301}e\x{301}e\x{301}e\x{301}e\x{301}e\x{301}e\x{301}e\x{301}e\x{301}e\x{301}e\x{301}e\x{301}e\x{301}e\x{301}"
          text run at (1056,1140) width 0: " "
          text run at (0,1155) width 1056: "e\x{301}e\x{301}e\x{301}e\x{301}e\x{301}e\x{301}e\x{301}e\x{301}e\x{301}e\x{301}e\x{301}e\x{301}e\x{301}e\x{301}e\x{301}e\x{301}e\x{301}e\x{301}e\x{301}e\x{301}e\x{301}e\x{301}e\x{301}e\x{301}e\x{301}e\x{301}e\x{301}e\x{301}e\x{301}e\x{301}e\x{301}e\x{301} e\x{301} e\x{301}e\x{301}e\x{301}e\x{301}e\x{301}e\x{301}e\x{301}e\x{301}e\x{301}e\x{301}e\x{301}e\x{301}e\x{301}e\x{301}e\x{301}e\x{301}e\x{301}e\x{301}e\x{301}e\x{301}e\x{301}e\x{301}e\x{301}e\x{301}e\x{301}e\x{301}e\x{301}e\x{301}e\x{301}e\x{301}e\x{301}e\x{301}e\x{301}e\x{301}e\x{301}e\x{301}e\x{301}e\x{301}e\x{301}e\x{301}e\x{301}e\x{301}e\x{301} e\x{301}e\x{301}e\x{301}e\x{301}e\x{301}e\x{301}e\x{301}e\x{301}e\x{301}e\x{301}e\x{301}e\x{301}e\x{301}e\x{301}e\x{301}e\x{301}e\x{301}e\x{301}e\x{301}e\x{301}e\x{301}e\x{301}e\x{301}e\x{301}e\x{301}e\x{301}e\x{301}e\x{301}e\x{301}e\x{301} e\x{301}e\x{301}e\x{301}e\x{301}e\x{301}e\x{301}e\x{301}e\x{301}e\x{301}e\x{301}e\x{301}e\x{301}e\x{301}e\x{301}e\x{301}e\x{301}e\x{301}e\x{301}e\x{301}e\x{301}e\x{301}e\x{301}"
          text run at (1056,1155) width 0: " "
          text run at (0,1170) width 1056: "e\x{301}e\x{301}e\x{301}e\x{301}e\x{301}e\x{301}e\x{301}e\x{301}e\x{301}e\x{301}e\x{301}e\x{301}e\x{301}e\x{301}e\x{301}e\x{301}e\x{301}e\x{301}e\x{301}e\x{301}e\x{301}e\x{301}e\x{301}e\x{301}e\x{301}e\x{301}e\x{301}e\x{301}e\x{301}e\x{301}e\x{301}e\x{301} e\x{301} e\x{301}e\x{301}e\x{301}e\x{301}e\x{301}e\x{301}e\x{301}e\x{301}e\x{301}e\x{301}e\x{301}e\x{301}e\x{301}e\x{301}e\x{301}e\x{301}e\x{301}e\x{301}e\x{301}e\x{301}e\x{301}e\x{301}e\x{301}e\x{301}e\x{301}e\x{301}e\x{301}e\x{301}e\x{301}e\x{301}e\x{301}e\x{301}e\x{301}e\x{301}e\x{301}e\x{301}e\x{301}e\x{301}e\x{301}e\x{301}e\x{301}e\x{301}e\x{301} e\x{301}e\x{301}e\x{301}e\x{301}e\x{301}e\x{301}e\x{301}e\x{301}e\x{301}e\x{301}e\x{301}e\x{301}e\x{301}e\x{301}e\x{301}e\x{301}e\x{301}e\x{301}e\x{301}e\x{301}e\x{301}e\x{301}e\x{301}e\x{301}e\x{301}e\x{301}e\x{301}e\x{301}e\x{301}e\x{301} e\x{301}e\x{301}e\x{301}e\x{301}e\x{301}e\x{301}e\x{301}e\x{301}e\x{301}e\x{301}e\x{301}e\x{301}e\x{301}e\x{301}e\x{301}e\x{301}e\x{301}e\x{301}e\x{301}e\x{301}e\x{301}e\x{301}"
          text run at (1056,1170) width 0: " "
          text run at (0,1185) width 1056: "e\x{301}e\x{301}e\x{301}e\x{301}e\x{301}e\x{301}e\x{301}e\x{301}e\x{301}e\x{301}e\x{301}e\x{301}e\x{301}e\x{301}e\x{301}e\x{301}e\x{301}e\x{301}e\x{301}e\x{301}e\x{301}e\x{301}e\x{301}e\x{301}e\x{301}e\x{301}e\x{301}e\x{301}e\x{301}e\x{301}e\x{301}e\x{301} e\x{301} e\x{301}e\x{301}e\x{301}e\x{301}e\x{301}e\x{301}e\x{301}e\x{301}e\x{301}e\x{301}e\x{301}e\x{301}e\x{301}e\x{301}e\x{301}e\x{301}e\x{301}e\x{301}e\x{301}e\x{301}e\x{301}e\x{301}e\x{301}e\x{301}e\x{301}e\x{301}e\x{301}e\x{301}e\x{301}e\x{301}e\x{301}e\x{301}e\x{301}e\x{301}e\x{301}e\x{301}e\x{301}e\x{301}e\x{301}e\x{301}e\x{301}e\x{301}e\x{301} e\x{301}e\x{301}e\x{301}e\x{301}e\x{301}e\x{301}e\x{301}e\x{301}e\x{301}e\x{301}e\x{301}e\x{301}e\x{301}e\x{301}e\x{301}e\x{301}e\x{301}e\x{301}e\x{301}e\x{301}e\x{301}e\x{301}e\x{301}e\x{301}e\x{301}e\x{301}e\x{301}e\x{301}e\x{301}e\x{301} e\x{301}e\x{301}e\x{301}e\x{301}e\x{301}e\x{301}e\x{301}e\x{301}e\x{301}e\x{301}e\x{301}e\x{301}e\x{301}e\x{301}e\x{301}e\x{301}e\x{301}e\x{301}e\x{301}e\x{301}e\x{301}e\x{301}"
          text run at (1056,1185) width 0: " "
          text run at (0,1200) width 1056: "e\x{301}e\x{301}e\x{301}e\x{301}e\x{301}e\x{301}e\x{301}e\x{301}e\x{301}e\x{301}e\x{301}e\x{301}e\x{301}e\x{301}e\x{301}e\x{301}e\x{301}e\x{301}e\x{301}e\x{301}e\x{301}e\x{301}e\x{301}e\x{301}e\x{301}e\x{301}e\x{301}e\x{301}e\x{301}e\x{301}e\x{301}e\x{301} e\x{301} e\x{301}e\x{301}e\x{301}e\x{301}e\x{301}e\x{301}e\x{301}e\x{301}e\x{301}e\x{301}e\x{301}e\x{301}e\x{301}e\x{301}e\x{301}e\x{301}e\x{301}e\x{301}e\x{301}e\x{301}e\x{301}e\x{301}e\x{301}e\x{301}e\x{301}e\x{301}e\x{301}e\x{301}e\x{301}e\x{301}e\x{301}e\x{301}e\x{301}e\x{301}e\x{301}e\x{301}e\x{301}e\x{301}e\x{301}e\x{301}e\x{301}e\x{301}e\x{301} e\x{301}e\x{301}e\x{301}e\x{301}e\x{301}e\x{301}e\x{301}e\x{301}e\x{301}e\x{301}e\x{301}e\x{301}e\x{301}e\x{301}e\x{301}e\x{301}e\x{301}e\x{301}e\x{301}e\x{301}e\x{301}e\x{301}e\x{301}e\x{301}e\x{301}e\x{301}e\x{301}e\x{301}e\x{301}e\x{301} e\x{301}e\x{301}e\x{301}e\x{301}e\x{301}e\x{301}e\x{301}e\x{301}e\x{301}e\x{301}e\x{301}e\x{301}e\x{301}e\x{301}e\x{301}e\x{301}e\x{301}e\x{301}e\x{301}e\x{301}e\x{301}e\x{301}"
          text run at (1056,1200) width 0: " "
          text run at (0,1215) width 1056: "e\x{301}e\x{301}e\x{301}e\x{301}e\x{301}e\x{301}e\x{301}e\x{301}e\x{301}e\x{301}e\x{301}e\x{301}e\x{301}e\x{301}e\x{301}e\x{301}e\x{301}e\x{301}e\x{301}e\x{301}e\x{301}e\x{301}e\x{301}e\x{301}e\x{301}e\x{301}e\x{301}e\x{301}e\x{301}e\x{301}e\x{301}e\x{301} e\x{301} e\x{301}e\x{301}e\x{301}e\x{301}e\x{301}e\x{301}e\x{301}e\x{301}e\x{301}e\x{301}e\x{301}e\x{301}e\x{301}e\x{301}e\x{301}e\x{301}e\x{301}e\x{301}e\x{301}e\x{301}e\x{301}e\x{301}e\x{301}e\x{301}e\x{301}e\x{301}e\x{301}e\x{301}e\x{301}e\x{301}e\x{301}e\x{301}e\x{301}e\x{301}e\x{301}e\x{301}e\x{301}e\x{301}e\x{301}e\x{301}e\x{301}e\x{301}e\x{301} e\x{301}e\x{301}e\x{301}e\x{301}e\x{301}e\x{301}e\x{301}e\x{301}e\x{301}e\x{301}e\x{301}e\x{301}e\x{301}e\x{301}e\x{301}e\x{301}e\x{301}e\x{301}e\x{301}e\x{301}e\x{301}e\x{301}e\x{301}e\x{301}e\x{301}e\x{301}e\x{301}e\x{301}e\x{301}e\x{301} e\x{301}e\x{301}e\x{301}e\x{301}e\x{301}e\x{301}e\x{301}e\x{301}e\x{301}e\x{301}e\x{301}e\x{301}e\x{301}e\x{301}e\x{301}e\x{301}e\x{301}e\x{301}e\x{301}e\x{301}e\x{301}e\x{301}"
          text run at (1056,1215) width 0: " "
          text run at (0,1230) width 1056: "e\x{301}e\x{301}e\x{301}e\x{301}e\x{301}e\x{301}e\x{301}e\x{301}e\x{301}e\x{301}e\x{301}e\x{301}e\x{301}e\x{301}e\x{301}e\x{301}e\x{301}e\x{301}e\x{301}e\x{301}e\x{301}e\x{301}e\x{301}e\x{301}e\x{301}e\x{301}e\x{301}e\x{301}e\x{301}e\x{301}e\x{301}e\x{301} e\x{301} e\x{301}e\x{301}e\x{301}e\x{301}e\x{301}e\x{301}e\x{301}e\x{301}e\x{301}e\x{301}e\x{301}e\x{301}e\x{301}e\x{301}e\x{301}e\x{301}e\x{301}e\x{301}e\x{301}e\x{301}e\x{301}e\x{301}e\x{301}e\x{301}e\x{301}e\x{301}e\x{301}e\x{301}e\x{301}e\x{301}e\x{301}e\x{301}e\x{301}e\x{301}e\x{301}e\x{301}e\x{301}e\x{301}e\x{301}e\x{301}e\x{301}e\x{301}e\x{301} e\x{301}e\x{301}e\x{301}e\x{301}e\x{301}e\x{301}e\x{301}e\x{301}e\x{301}e\x{301}e\x{301}e\x{301}e\x{301}e\x{301}e\x{301}e\x{301}e\x{301}e\x{301}e\x{301}e\x{301}e\x{301}e\x{301}e\x{301}e\x{301}e\x{301}e\x{301}e\x{301}e\x{301}e\x{301}e\x{301} e\x{301}e\x{301}e\x{301}e\x{301}e\x{301}e\x{301}e\x{301}e\x{301}e\x{301}e\x{301}e\x{301}e\x{301}e\x{301}e\x{301}e\x{301}e\x{301}e\x{301}e\x{301}e\x{301}e\x{301}e\x{301}e\x{301}"
          text run at (1056,1230) width 0: " "
          text run at (0,1245) width 1056: "e\x{301}e\x{301}e\x{301}e\x{301}e\x{301}e\x{301}e\x{301}e\x{301}e\x{301}e\x{301}e\x{301}e\x{301}e\x{301}e\x{301}e\x{301}e\x{301}e\x{301}e\x{301}e\x{301}e\x{301}e\x{301}e\x{301}e\x{301}e\x{301}e\x{301}e\x{301}e\x{301}e\x{301}e\x{301}e\x{301}e\x{301}e\x{301} e\x{301} e\x{301}e\x{301}e\x{301}e\x{301}e\x{301}e\x{301}e\x{301}e\x{301}e\x{301}e\x{301}e\x{301}e\x{301}e\x{301}e\x{301}e\x{301}e\x{301}e\x{301}e\x{301}e\x{301}e\x{301}e\x{301}e\x{301}e\x{301}e\x{301}e\x{301}e\x{301}e\x{301}e\x{301}e\x{301}e\x{301}e\x{301}e\x{301}e\x{301}e\x{301}e\x{301}e\x{301}e\x{301}e\x{301}e\x{301}e\x{301}e\x{301}e\x{301}e\x{301} e\x{301}e\x{301}e\x{301}e\x{301}e\x{301}e\x{301}e\x{301}e\x{301}e\x{301}e\x{301}e\x{301}e\x{301}e\x{301}e\x{301}e\x{301}e\x{301}e\x{301}e\x{301}e\x{301}e\x{301}e\x{301}e\x{301}e\x{301}e\x{301}e\x{301}e\x{301}e\x{301}e\x{301}e\x{301}e\x{301} e\x{301}e\x{301}e\x{301}e\x{301}e\x{301}e\x{301}e\x{301}e\x{301}e\x{301}e\x{301}e\x{301}e\x{301}e\x{301}e\x{301}e\x{301}e\x{301}e\x{301}e\x{301}e\x{301}e\x{301}e\x{301}e\x{301}"
          text run at (1056,1245) width 0: " "
          text run at (0,1260) width 1056: "e\x{301}e\x{301}e\x{301}e\x{301}e\x{301}e\x{301}e\x{301}e\x{301}e\x{301}e\x{301}e\x{301}e\x{301}e\x{301}e\x{301}e\x{301}e\x{301}e\x{301}e\x{301}e\x{301}e\x{301}e\x{301}e\x{301}e\x{301}e\x{301}e\x{301}e\x{301}e\x{301}e\x{301}e\x{301}e\x{301}e\x{301}e\x{301} e\x{301} e\x{301}e\x{301}e\x{301}e\x{301}e\x{301}e\x{301}e\x{301}e\x{301}e\x{301}e\x{301}e\x{301}e\x{301}e\x{301}e\x{301}e\x{301}e\x{301}e\x{301}e\x{301}e\x{301}e\x{301}e\x{301}e\x{301}e\x{301}e\x{301}e\x{301}e\x{301}e\x{301}e\x{301}e\x{301}e\x{301}e\x{301}e\x{301}e\x{301}e\x{301}e\x{301}e\x{301}e\x{301}e\x{301}e\x{301}e\x{301}e\x{301}e\x{301}e\x{301} e\x{301}e\x{301}e\x{301}e\x{301}e\x{301}e\x{301}e\x{301}e\x{301}e\x{301}e\x{301}e\x{301}e\x{301}e\x{301}e\x{301}e\x{301}e\x{301}e\x{301}e\x{301}e\x{301}e\x{301}e\x{301}e\x{301}e\x{301}e\x{301}e\x{301}e\x{301}e\x{301}e\x{301}e\x{301}e\x{301} e\x{301}e\x{301}e\x{301}e\x{301}e\x{301}e\x{301}e\x{301}e\x{301}e\x{301}e\x{301}e\x{301}e\x{301}e\x{301}e\x{301}e\x{301}e\x{301}e\x{301}e\x{301}e\x{301}e\x{301}e\x{301}e\x{301}"
          text run at (1056,1260) width 0: " "
          text run at (0,1275) width 1056: "e\x{301}e\x{301}e\x{301}e\x{301}e\x{301}e\x{301}e\x{301}e\x{301}e\x{301}e\x{301}e\x{301}e\x{301}e\x{301}e\x{301}e\x{301}e\x{301}e\x{301}e\x{301}e\x{301}e\x{301}e\x{301}e\x{301}e\x{301}e\x{301}e\x{301}e\x{301}e\x{301}e\x{301}e\x{301}e\x{301}e\x{301}e\x{301} e\x{301} e\x{301}e\x{301}e\x{301}e\x{301}e\x{301}e\x{301}e\x{301}e\x{301}e\x{301}e\x{301}e\x{301}e\x{301}e\x{301}e\x{301}e\x{301}e\x{301}e\x{301}e\x{301}e\x{301}e\x{301}e\x{301}e\x{301}e\x{301}e\x{301}e\x{301}e\x{301}e\x{301}e\x{301}e\x{301}e\x{301}e\x{301}e\x{301}e\x{301}e\x{301}e\x{301}e\x{301}e\x{301}e\x{301}e\x{301}e\x{301}e\x{301}e\x{301}e\x{301} e\x{301}e\x{301}e\x{301}e\x{301}e\x{301}e\x{301}e\x{301}e\x{301}e\x{301}e\x{301}e\x{301}e\x{301}e\x{301}e\x{301}e\x{301}e\x{301}e\x{301}e\x{301}e\x{301}e\x{301}e\x{301}e\x{301}e\x{301}e\x{301}e\x{301}e\x{301}e\x{301}e\x{301}e\x{301}e\x{301} e\x{301}e\x{301}e\x{301}e\x{301}e\x{301}e\x{301}e\x{301}e\x{301}e\x{301}e\x{301}e\x{301}e\x{301}e\x{301}e\x{301}e\x{301}e\x{301}e\x{301}e\x{301}e\x{301}e\x{301}e\x{301}e\x{301}"
          text run at (1056,1275) width 0: " "
          text run at (0,1290) width 1056: "e\x{301}e\x{301}e\x{301}e\x{301}e\x{301}e\x{301}e\x{301}e\x{301}e\x{301}e\x{301}e\x{301}e\x{301}e\x{301}e\x{301}e\x{301}e\x{301}e\x{301}e\x{301}e\x{301}e\x{301}e\x{301}e\x{301}e\x{301}e\x{301}e\x{301}e\x{301}e\x{301}e\x{301}e\x{301}e\x{301}e\x{301}e\x{301} e\x{301} e\x{301}e\x{301}e\x{301}e\x{301}e\x{301}e\x{301}e\x{301}e\x{301}e\x{301}e\x{301}e\x{301}e\x{301}e\x{301}e\x{301}e\x{301}e\x{301}e\x{301}e\x{301}e\x{301}e\x{301}e\x{301}e\x{301}e\x{301}e\x{301}e\x{301}e\x{301}e\x{301}e\x{301}e\x{301}e\x{301}e\x{301}e\x{301}e\x{301}e\x{301}e\x{301}e\x{301}e\x{301}e\x{301}e\x{301}e\x{301}e\x{301}e\x{301}e\x{301} e\x{301}e\x{301}e\x{301}e\x{301}e\x{301}e\x{301}e\x{301}e\x{301}e\x{301}e\x{301}e\x{301}e\x{301}e\x{301}e\x{301}e\x{301}e\x{301}e\x{301}e\x{301}e\x{301}e\x{301}e\x{301}e\x{301}e\x{301}e\x{301}e\x{301}e\x{301}e\x{301}e\x{301}e\x{301}e\x{301} e\x{301}e\x{301}e\x{301}e\x{301}e\x{301}e\x{301}e\x{301}e\x{301}e\x{301}e\x{301}e\x{301}e\x{301}e\x{301}e\x{301}e\x{301}e\x{301}e\x{301}e\x{301}e\x{301}e\x{301}e\x{301}e\x{301}"
          text run at (1056,1290) width 0: " "
          text run at (0,1305) width 1056: "e\x{301}e\x{301}e\x{301}e\x{301}e\x{301}e\x{301}e\x{301}e\x{301}e\x{301}e\x{301}e\x{301}e\x{301}e\x{301}e\x{301}e\x{301}e\x{301}e\x{301}e\x{301}e\x{301}e\x{301}e\x{301}e\x{301}e\x{301}e\x{301}e\x{301}e\x{301}e\x{301}e\x{301}e\x{301}e\x{301}e\x{301}e\x{301} e\x{301} e\x{301}e\x{301}e\x{301}e\x{301}e\x{301}e\x{301}e\x{301}e\x{301}e\x{301}e\x{301}e\x{301}e\x{301}e\x{301}e\x{301}e\x{301}e\x{301}e\x{301}e\x{301}e\x{301}e\x{301}e\x{301}e\x{301}e\x{301}e\x{301}e\x{301}e\x{301}e\x{301}e\x{301}e\x{301}e\x{301}e\x{301}e\x{301}e\x{301}e\x{301}e\x{301}e\x{301}e\x{301}e\x{301}e\x{301}e\x{301}e\x{301}e\x{301}e\x{301} e\x{301}e\x{301}e\x{301}e\x{301}e\x{301}e\x{301}e\x{301}e\x{301}e\x{301}e\x{301}e\x{301}e\x{301}e\x{301}e\x{301}e\x{301}e\x{301}e\x{301}e\x{301}e\x{301}e\x{301}e\x{301}e\x{301}e\x{301}e\x{301}e\x{301}e\x{301}e\x{301}e\x{301}e\x{301}e\x{301} e\x{301}e\x{301}e\x{301}e\x{301}e\x{301}e\x{301}e\x{301}e\x{301}e\x{301}e\x{301}e\x{301}e\x{301}e\x{301}e\x{301}e\x{301}e\x{301}e\x{301}e\x{301}e\x{301}e\x{301}e\x{301}e\x{301}"
          text run at (1056,1305) width 0: " "
          text run at (0,1320) width 1056: "e\x{301}e\x{301}e\x{301}e\x{301}e\x{301}e\x{301}e\x{301}e\x{301}e\x{301}e\x{301}e\x{301}e\x{301}e\x{301}e\x{301}e\x{301}e\x{301}e\x{301}e\x{301}e\x{301}e\x{301}e\x{301}e\x{301}e\x{301}e\x{301}e\x{301}e\x{301}e\x{301}e\x{301}e\x{301}e\x{301}e\x{301}e\x{301} e\x{301} e\x{301}e\x{301}e\x{301}e\x{301}e\x{301}e\x{301}e\x{301}e\x{301}e\x{301}e\x{301}e\x{301}e\x{301}e\x{301}e\x{301}e\x{301}e\x{301}e\x{301}e\x{301}e\x{301}e\x{301}e\x{301}e\x{301}e\x{301}e\x{301}e\x{301}e\x{301}e\x{301}e\x{301}e\x{301}e\x{301}e\x{301}e\x{301}e\x{301}e\x{301}e\x{301}e\x{301}e\x{301}e\x{301}e\x{301}e\x{301}e\x{301}e\x{301}e\x{301} e\x{301}e\x{301}e\x{301}e\x{301}e\x{301}e\x{301}e\x{301}e\x{301}e\x{301}e\x{301}e\x{301}e\x{301}e\x{301}e\x{301}e\x{301}e\x{301}e\x{301}e\x{301}e\x{301}e\x{301}e\x{301}e\x{301}e\x{301}e\x{301}e\x{301}e\x{301}e\x{301}e\x{301}e\x{301}e\x{301} e\x{301}e\x{301}e\x{301}e\x{301}e\x{301}e\x{301}e\x{301}e\x{301}e\x{301}e\x{301}e\x{301}e\x{301}e\x{301}e\x{301}e\x{301}e\x{301}e\x{301}e\x{301}e\x{301}e\x{301}e\x{301}e\x{301}"
          text run at (1056,1320) width 0: " "
          text run at (0,1335) width 1056: "e\x{301}e\x{301}e\x{301}e\x{301}e\x{301}e\x{301}e\x{301}e\x{301}e\x{301}e\x{301}e\x{301}e\x{301}e\x{301}e\x{301}e\x{301}e\x{301}e\x{301}e\x{301}e\x{301}e\x{301}e\x{301}e\x{301}e\x{301}e\x{301}e\x{301}e\x{301}e\x{301}e\x{301}e\x{301}e\x{301}e\x{301}e\x{301} e\x{301} e\x{301}e\x{301}e\x{301}e\x{301}e\x{301}e\x{301}e\x{301}e\x{301}e\x{301}e\x{301}e\x{301}e\x{301}e\x{301}e\x{301}e\x{301}e\x{301}e\x{301}e\x{301}e\x{301}e\x{301}e\x{301}e\x{301}e\x{301}e\x{301}e\x{301}e\x{301}e\x{301}e\x{301}e\x{301}e\x{301}e\x{301}e\x{301}e\x{301}e\x{301}e\x{301}e\x{301}e\x{301}e\x{301}e\x{301}e\x{301}e\x{301}e\x{301}e\x{301} e\x{301}e\x{301}e\x{301}e\x{301}e\x{301}e\x{301}e\x{301}e\x{301}e\x{301}e\x{301}e\x{301}e\x{301}e\x{301}e\x{301}e\x{301}e\x{301}e\x{301}e\x{301}e\x{301}e\x{301}e\x{301}e\x{301}e\x{301}e\x{301}e\x{301}e\x{301}e\x{301}e\x{301}e\x{301}e\x{301} e\x{301}e\x{301}e\x{301}e\x{301}e\x{301}e\x{301}e\x{301}e\x{301}e\x{301}e\x{301}e\x{301}e\x{301}e\x{301}e\x{301}e\x{301}e\x{301}e\x{301}e\x{301}e\x{301}e\x{301}e\x{301}e\x{301}"
          text run at (1056,1335) width 0: " "
          text run at (0,1350) width 1056: "e\x{301}e\x{301}e\x{301}e\x{301}e\x{301}e\x{301}e\x{301}e\x{301}e\x{301}e\x{301}e\x{301}e\x{301}e\x{301}e\x{301}e\x{301}e\x{301}e\x{301}e\x{301}e\x{301}e\x{301}e\x{301}e\x{301}e\x{301}e\x{301}e\x{301}e\x{301}e\x{301}e\x{301}e\x{301}e\x{301}e\x{301}e\x{301} e\x{301} e\x{301}e\x{301}e\x{301}e\x{301}e\x{301}e\x{301}e\x{301}e\x{301}e\x{301}e\x{301}e\x{301}e\x{301}e\x{301}e\x{301}e\x{301}e\x{301}e\x{301}e\x{301}e\x{301}e\x{301}e\x{301}e\x{301}e\x{301}e\x{301}e\x{301}e\x{301}e\x{301}e\x{301}e\x{301}e\x{301}e\x{301}e\x{301}e\x{301}e\x{301}e\x{301}e\x{301}e\x{301}e\x{301}e\x{301}e\x{301}e\x{301}e\x{301}e\x{301} e\x{301}e\x{301}e\x{301}e\x{301}e\x{301}e\x{301}e\x{301}e\x{301}e\x{301}e\x{301}e\x{301}e\x{301}e\x{301}e\x{301}e\x{301}e\x{301}e\x{301}e\x{301}e\x{301}e\x{301}e\x{301}e\x{301}e\x{301}e\x{301}e\x{301}e\x{301}e\x{301}e\x{301}e\x{301}e\x{301} e\x{301}e\x{301}e\x{301}e\x{301}e\x{301}e\x{301}e\x{301}e\x{301}e\x{301}e\x{301}e\x{301}e\x{301}e\x{301}e\x{301}e\x{301}e\x{301}e\x{301}e\x{301}e\x{301}e\x{301}e\x{301}e\x{301}"
          text run at (1056,1350) width 0: " "
          text run at (0,1365) width 1056: "e\x{301}e\x{301}e\x{301}e\x{301}e\x{301}e\x{301}e\x{301}e\x{301}e\x{301}e\x{301}e\x{301}e\x{301}e\x{301}e\x{301}e\x{301}e\x{301}e\x{301}e\x{301}e\x{301}e\x{301}e\x{301}e\x{301}e\x{301}e\x{301}e\x{301}e\x{301}e\x{301}e\x{301}e\x{301}e\x{301}e\x{301}e\x{301} e\x{301} e\x{301}e\x{301}e\x{301}e\x{301}e\x{301}e\x{301}e\x{301}e\x{301}e\x{301}e\x{301}e\x{301}e\x{301}e\x{301}e\x{301}e\x{301}e\x{301}e\x{301}e\x{301}e\x{301}e\x{301}e\x{301}e\x{301}e\x{301}e\x{301}e\x{301}e\x{301}e\x{301}e\x{301}e\x{301}e\x{301}e\x{301}e\x{301}e\x{301}e\x{301}e\x{301}e\x{301}e\x{301}e\x{301}e\x{301}e\x{301}e\x{301}e\x{301}e\x{301} e\x{301}e\x{301}e\x{301}e\x{301}e\x{301}e\x{301}e\x{301}e\x{301}e\x{301}e\x{301}e\x{301}e\x{301}e\x{301}e\x{301}e\x{301}e\x{301}e\x{301}e\x{301}e\x{301}e\x{301}e\x{301}e\x{301}e\x{301}e\x{301}e\x{301}e\x{301}e\x{301}e\x{301}e\x{301}e\x{301} e\x{301}e\x{301}e\x{301}e\x{301}e\x{301}e\x{301}e\x{301}e\x{301}e\x{301}e\x{301}e\x{301}e\x{301}e\x{301}e\x{301}e\x{301}e\x{301}e\x{301}e\x{301}e\x{301}e\x{301}e\x{301}e\x{301}"
          text run at (1056,1365) width 0: " "
          text run at (0,1380) width 1056: "e\x{301}e\x{301}e\x{301}e\x{301}e\x{301}e\x{301}e\x{301}e\x{301}e\x{301}e\x{301}e\x{301}e\x{301}e\x{301}e\x{301}e\x{301}e\x{301}e\x{301}e\x{301}e\x{301}e\x{301}e\x{301}e\x{301}e\x{301}e\x{301}e\x{301}e\x{301}e\x{301}e\x{301}e\x{301}e\x{301}e\x{301}e\x{301} e\x{301} e\x{301}e\x{301}e\x{301}e\x{301}e\x{301}e\x{301}e\x{301}e\x{301}e\x{301}e\x{301}e\x{301}e\x{301}e\x{301}e\x{301}e\x{301}e\x{301}e\x{301}e\x{301}e\x{301}e\x{301}e\x{301}e\x{301}e\x{301}e\x{301}e\x{301}e\x{301}e\x{301}e\x{301}e\x{301}e\x{301}e\x{301}e\x{301}e\x{301}e\x{301}e\x{301}e\x{301}e\x{301}e\x{301}e\x{301}e\x{301}e\x{301}e\x{301}e\x{301} e\x{301}e\x{301}e\x{301}e\x{301}e\x{301}e\x{301}e\x{301}e\x{301}e\x{301}e\x{301}e\x{301}e\x{301}e\x{301}e\x{301}e\x{301}e\x{301}e\x{301}e\x{301}e\x{301}e\x{301}e\x{301}e\x{301}e\x{301}e\x{301}e\x{301}e\x{301}e\x{301}e\x{301}e\x{301}e\x{301} e\x{301}e\x{301}e\x{301}e\x{301}e\x{301}e\x{301}e\x{301}e\x{301}e\x{301}e\x{301}e\x{301}e\x{301}e\x{301}e\x{301}e\x{301}e\x{301}e\x{301}e\x{301}e\x{301}e\x{301}e\x{301}e\x{301}"
          text run at (1056,1380) width 0: " "
          text run at (0,1395) width 1056: "e\x{301}e\x{301}e\x{301}e\x{301}e\x{301}e\x{301}e\x{301}e\x{301}e\x{301}e\x{301}e\x{301}e\x{301}e\x{301}e\x{301}e\x{301}e\x{301}e\x{301}e\x{301}e\x{301}e\x{301}e\x{301}e\x{301}e\x{301}e\x{301}e\x{301}e\x{301}e\x{301}e\x{301}e\x{301}e\x{301}e\x{301}e\x{301} e\x{301} e\x{301}e\x{301}e\x{301}e\x{301}e\x{301}e\x{301}e\x{301}e\x{301}e\x{301}e\x{301}e\x{301}e\x{301}e\x{301}e\x{301}e\x{301}e\x{301}e\x{301}e\x{301}e\x{301}e\x{301}e\x{301}e\x{301}e\x{301}e\x{301}e\x{301}e\x{301}e\x{301}e\x{301}e\x{301}e\x{301}e\x{301}e\x{301}e\x{301}e\x{301}e\x{301}e\x{301}e\x{301}e\x{301}e\x{301}e\x{301}e\x{301}e\x{301}e\x{301} e\x{301}e\x{301}e\x{301}e\x{301}e\x{301}e\x{301}e\x{301}e\x{301}e\x{301}e\x{301}e\x{301}e\x{301}e\x{301}e\x{301}e\x{301}e\x{301}e\x{301}e\x{301}e\x{301}e\x{301}e\x{301}e\x{301}e\x{301}e\x{301}e\x{301}e\x{301}e\x{301}e\x{301}e\x{301}e\x{301} e\x{301}e\x{301}e\x{301}e\x{301}e\x{301}e\x{301}e\x{301}e\x{301}e\x{301}e\x{301}e\x{301}e\x{301}e\x{301}e\x{301}e\x{301}e\x{301}e\x{301}e\x{301}e\x{301}e\x{301}e\x{301}e\x{301}"
          text run at (1056,1395) width 0: " "
          text run at (0,1410) width 1056: "e\x{301}e\x{301}e\x{301}e\x{301}e\x{301}e\x{301}e\x{301}e\x{301}e\x{301}e\x{301}e\x{301}e\x{301}e\x{301}e\x{301}e\x{301}e\x{301}e\x{301}e\x{301}e\x{301}e\x{301}e\x{301}e\x{301}e\x{301}e\x{301}e\x{301}e\x{301}e\x{301}e\x{301}e\x{301}e\x{301}e\x{301}e\x{301} e\x{301} e\x{301}e\x{301}e\x{301}e\x{301}e\x{301}e\x{301}e\x{301}e\x{301}e\x{301}e\x{301}e\x{301}e\x{301}e\x{301}e\x{301}e\x{301}e\x{301}e\x{301}e\x{301}e\x{301}e\x{301}e\x{301}e\x{301}e\x{301}e\x{301}e\x{301}e\x{301}e\x{301}e\x{301}e\x{301}e\x{301}e\x{301}e\x{301}e\x{301}e\x{301}e\x{301}e\x{301}e\x{301}e\x{301}e\x{301}e\x{301}e\x{301}e\x{301}e\x{301} e\x{301}e\x{301}e\x{301}e\x{301}e\x{301}e\x{301}e\x{301}e\x{301}e\x{301}e\x{301}e\x{301}e\x{301}e\x{301}e\x{301}e\x{301}e\x{301}e\x{301}e\x{301}e\x{301}e\x{301}e\x{301}e\x{301}e\x{301}e\x{301}e\x{301}e\x{301}e\x{301}e\x{301}e\x{301}e\x{301} e\x{301}e\x{301}e\x{301}e\x{301}e\x{301}e\x{301}e\x{301}e\x{301}e\x{301}e\x{301}e\x{301}e\x{301}e\x{301}e\x{301}e\x{301}e\x{301}e\x{301}e\x{301}e\x{301}e\x{301}e\x{301}e\x{301}"
          text run at (1056,1410) width 0: " "
          text run at (0,1425) width 1056: "e\x{301}e\x{301}e\x{301}e\x{301}e\x{301}e\x{301}e\x{301}e\x{301}e\x{301}e\x{301}e\x{301}e\x{301}e\x{301}e\x{301}e\x{301}e\x{301}e\x{301}e\x{301}e\x{301}e\x{301}e\x{301}e\x{301}e\x{301}e\x{301}e\x{301}e\x{301}e\x{301}e\x{301}e\x{301}e\x{301}e\x{301}e\x{301} e\x{301} e\x{301}e\x{301}e\x{301}e\x{301}e\x{301}e\x{301}e\x{301}e\x{301}e\x{301}e\x{301}e\x{301}e\x{301}e\x{301}e\x{301}e\x{301}e\x{301}e\x{301}e\x{301}e\x{301}e\x{301}e\x{301}e\x{301}e\x{301}e\x{301}e\x{301}e\x{301}e\x{301}e\x{301}e\x{301}e\x{301}e\x{301}e\x{301}e\x{301}e\x{301}e\x{301}e\x{301}e\x{301}e\x{301}e\x{301}e\x{301}e\x{301}e\x{301}e\x{301} e\x{301}e\x{301}e\x{301}e\x{301}e\x{301}e\x{301}e\x{301}e\x{301}e\x{301}e\x{301}e\x{301}e\x{301}e\x{301}e\x{301}e\x{301}e\x{301}e\x{301}e\x{301}e\x{301}e\x{301}e\x{301}e\x{301}e\x{301}e\x{301}e\x{301}e\x{301}e\x{301}e\x{301}e\x{301}e\x{301} e\x{301}e\x{301}e\x{301}e\x{301}e\x{301}e\x{301}e\x{301}e\x{301}e\x{301}e\x{301}e\x{301}e\x{301}e\x{301}e\x{301}e\x{301}e\x{301}e\x{301}e\x{301}e\x{301}e\x{301}e\x{301}e\x{301}"
          text run at (1056,1425) width 0: " "
          text run at (0,1440) width 1056: "e\x{301}e\x{301}e\x{301}e\x{301}e\x{301}e\x{301}e\x{301}e\x{301}e\x{301}e\x{301}e\x{301}e\x{301}e\x{301}e\x{301}e\x{301}e\x{301}e\x{301}e\x{301}e\x{301}e\x{301}e\x{301}e\x{301}e\x{301}e\x{301}e\x{301}e\x{301}e\x{301}e\x{301}e\x{301}e\x{301}e\x{301}e\x{301} e\x{301} e\x{301}e\x{301}e\x{301}e\x{301}e\x{301}e\x{301}e\x{301}e\x{301}e\x{301}e\x{301}e\x{301}e\x{301}e\x{301}e\x{301}e\x{301}e\x{301}e\x{301}e\x{301}e\x{301}e\x{301}e\x{301}e\x{301}e\x{301}e\x{301}e\x{301}e\x{301}e\x{301}e\x{301}e\x{301}e\x{301}e\x{301}e\x{301}e\x{301}e\x{301}e\x{301}e\x{301}e\x{301}e\x{301}e\x{301}e\x{301}e\x{301}e\x{301}e\x{301} e\x{301}e\x{301}e\x{301}e\x{301}e\x{301}e\x{301}e\x{301}e\x{301}e\x{301}e\x{301}e\x{301}e\x{301}e\x{301}e\x{301}e\x{301}e\x{301}e\x{301}e\x{301}e\x{301}e\x{301}e\x{301}e\x{301}e\x{301}e\x{301}e\x{301}e\x{301}e\x{301}e\x{301}e\x{301}e\x{301} e\x{301}e\x{301}e\x{301}e\x{301}e\x{301}e\x{301}e\x{301}e\x{301}e\x{301}e\x{301}e\x{301}e\x{301}e\x{301}e\x{301}e\x{301}e\x{301}e\x{301}e\x{301}e\x{301}e\x{301}e\x{301}e\x{301}"
          text run at (1056,1440) width 0: " "
          text run at (0,1455) width 1056: "e\x{301}e\x{301}e\x{301}e\x{301}e\x{301}e\x{301}e\x{301}e\x{301}e\x{301}e\x{301}e\x{301}e\x{301}e\x{301}e\x{301}e\x{301}e\x{301}e\x{301}e\x{301}e\x{301}e\x{301}e\x{301}e\x{301}e\x{301}e\x{301}e\x{301}e\x{301}e\x{301}e\x{301}e\x{301}e\x{301}e\x{301}e\x{301} e\x{301} e\x{301}e\x{301}e\x{301}e\x{301}e\x{301}e\x{301}e\x{301}e\x{301}e\x{301}e\x{301}e\x{301}e\x{301}e\x{301}e\x{301}e\x{301}e\x{301}e\x{301}e\x{301}e\x{301}e\x{301}e\x{301}e\x{301}e\x{301}e\x{301}e\x{301}e\x{301}e\x{301}e\x{301}e\x{301}e\x{301}e\x{301}e\x{301}e\x{301}e\x{301}e\x{301}e\x{301}e\x{301}e\x{301}e\x{301}e\x{301}e\x{301}e\x{301}e\x{301} e\x{301}e\x{301}e\x{301}e\x{301}e\x{301}e\x{301}e\x{301}e\x{301}e\x{301}e\x{301}e\x{301}e\x{301}e\x{301}e\x{301}e\x{301}e\x{301}e\x{301}e\x{301}e\x{301}e\x{301}e\x{301}e\x{301}e\x{301}e\x{301}e\x{301}e\x{301}e\x{301}e\x{301}e\x{301}e\x{301} e\x{301}e\x{301}e\x{301}e\x{301}e\x{301}e\x{301}e\x{301}e\x{301}e\x{301}e\x{301}e\x{301}e\x{301}e\x{301}e\x{301}e\x{301}e\x{301}e\x{301}e\x{301}e\x{301}e\x{301}e\x{301}e\x{301}"
          text run at (1056,1455) width 0: " "
          text run at (0,1470) width 1056: "e\x{301}e\x{301}e\x{301}e\x{301}e\x{301}e\x{301}e\x{301}e\x{301}e\x{301}e\x{301}e\x{301}e\x{301}e\x{301}e\x{301}e\x{301}e\x{301}e\x{301}e\x{301}e\x{301}e\x{301}e\x{301}e\x{301}e\x{301}e\x{301}e\x{301}e\x{301}e\x{301}e\x{301}e\x{301}e\x{301}e\x{301}e\x{301} e\x{301} e\x{301}e\x{301}e\x{301}e\x{301}e\x{301}e\x{301}e\x{301}e\x{301}e\x{301}e\x{301}e\x{301}e\x{301}e\x{301}e\x{301}e\x{301}e\x{301}e\x{301}e\x{301}e\x{301}e\x{301}e\x{301}e\x{301}e\x{301}e\x{301}e\x{301}e\x{301}e\x{301}e\x{301}e\x{301}e\x{301}e\x{301}e\x{301}e\x{301}e\x{301}e\x{301}e\x{301}e\x{301}e\x{301}e\x{301}e\x{301}e\x{301}e\x{301}e\x{301} e\x{301}e\x{301}e\x{301}e\x{301}e\x{301}e\x{301}e\x{301}e\x{301}e\x{301}e\x{301}e\x{301}e\x{301}e\x{301}e\x{301}e\x{301}e\x{301}e\x{301}e\x{301}e\x{301}e\x{301}e\x{301}e\x{301}e\x{301}e\x{301}e\x{301}e\x{301}e\x{301}e\x{301}e\x{301}e\x{301} e\x{301}e\x{301}e\x{301}e\x{301}e\x{301}e\x{301}e\x{301}e\x{301}e\x{301}e\x{301}e\x{301}e\x{301}e\x{301}e\x{301}e\x{301}e\x{301}e\x{301}e\x{301}e\x{301}e\x{301}e\x{301}e\x{301}"
          text run at (1056,1470) width 0: " "
          text run at (0,1485) width 1056: "e\x{301}e\x{301}e\x{301}e\x{301}e\x{301}e\x{301}e\x{301}e\x{301}e\x{301}e\x{301}e\x{301}e\x{301}e\x{301}e\x{301}e\x{301}e\x{301}e\x{301}e\x{301}e\x{301}e\x{301}e\x{301}e\x{301}e\x{301}e\x{301}e\x{301}e\x{301}e\x{301}e\x{301}e\x{301}e\x{301}e\x{301}e\x{301} e\x{301} e\x{301}e\x{301}e\x{301}e\x{301}e\x{301}e\x{301}e\x{301}e\x{301}e\x{301}e\x{301}e\x{301}e\x{301}e\x{301}e\x{301}e\x{301}e\x{301}e\x{301}e\x{301}e\x{301}e\x{301}e\x{301}e\x{301}e\x{301}e\x{301}e\x{301}e\x{301}e\x{301}e\x{301}e\x{301}e\x{301}e\x{301}e\x{301}e\x{301}e\x{301}e\x{301}e\x{301}e\x{301}e\x{301}e\x{301}e\x{301}e\x{301}e\x{301}e\x{301} e\x{301}e\x{301}e\x{301}e\x{301}e\x{301}e\x{301}e\x{301}e\x{301}e\x{301}e\x{301}e\x{301}e\x{301}e\x{301}e\x{301}e\x{301}e\x{301}e\x{301}e\x{301}e\x{301}e\x{301}e\x{301}e\x{301}e\x{301}e\x{301}e\x{301}e\x{301}e\x{301}e\x{301}e\x{301}e\x{301} e\x{301}e\x{301}e\x{301}e\x{301}e\x{301}e\x{301}e\x{301}e\x{301}e\x{301}e\x{301}e\x{301}e\x{301}e\x{301}e\x{301}e\x{301}e\x{301}e\x{301}e\x{301}e\x{301}e\x{301}e\x{301}e\x{301}"
          text run at (1056,1485) width 0: " "
          text run at (0,1500) width 1056: "e\x{301}e\x{301}e\x{301}e\x{301}e\x{301}e\x{301}e\x{301}e\x{301}e\x{301}e\x{301}e\x{301}e\x{301}e\x{301}e\x{301}e\x{301}e\x{301}e\x{301}e\x{301}e\x{301}e\x{301}e\x{301}e\x{301}e\x{301}e\x{301}e\x{301}e\x{301}e\x{301}e\x{301}e\x{301}e\x{301}e\x{301}e\x{301} e\x{301} e\x{301}e\x{301}e\x{301}e\x{301}e\x{301}e\x{301}e\x{301}e\x{301}e\x{301}e\x{301}e\x{301}e\x{301}e\x{301}e\x{301}e\x{301}e\x{301}e\x{301}e\x{301}e\x{301}e\x{301}e\x{301}e\x{301}e\x{301}e\x{301}e\x{301}e\x{301}e\x{301}e\x{301}e\x{301}e\x{301}e\x{301}e\x{301}e\x{301}e\x{301}e\x{301}e\x{301}e\x{301}e\x{301}e\x{301}e\x{301}e\x{301}e\x{301}e\x{301} e\x{301}e\x{301}e\x{301}e\x{301}e\x{301}e\x{301}e\x{301}e\x{301}e\x{301}e\x{301}e\x{301}e\x{301}e\x{301}e\x{301}e\x{301}e\x{301}e\x{301}e\x{301}e\x{301}e\x{301}e\x{301}e\x{301}e\x{301}e\x{301}e\x{301}e\x{301}e\x{301}e\x{301}e\x{301}e\x{301} e\x{301}e\x{301}e\x{301}e\x{301}e\x{301}e\x{301}e\x{301}e\x{301}e\x{301}e\x{301}e\x{301}e\x{301}e\x{301}e\x{301}e\x{301}e\x{301}e\x{301}e\x{301}e\x{301}e\x{301}e\x{301}e\x{301}"
          text run at (1056,1500) width 0: " "
          text run at (0,1515) width 1056: "e\x{301}e\x{301}e\x{301}e\x{301}e\x{301}e\x{301}e\x{301}e\x{301}e\x{301}e\x{301}e\x{301}e\x{301}e\x{301}e\x{301}e\x{301}e\x{301}e\x{301}e\x{301}e\x{301}e\x{301}e\x{301}e\x{301}e\x{301}e\x{301}e\x{301}e\x{301}e\x{301}e\x{301}e\x{301}e\x{301}e\x{301}e\x{301} e\x{301} e\x{301}e\x{301}e\x{301}e\x{301}e\x{301}e\x{301}e\x{301}e\x{301}e\x{301}e\x{301}e\x{301}e\x{301}e\x{301}e\x{301}e\x{301}e\x{301}e\x{301}e\x{301}e\x{301}e\x{301}e\x{301}e\x{301}e\x{301}e\x{301}e\x{301}e\x{301}e\x{301}e\x{301}e\x{301}e\x{301}e\x{301}e\x{301}e\x{301}e\x{301}e\x{301}e\x{301}e\x{301}e\x{301}e\x{301}e\x{301}e\x{301}e\x{301}e\x{301} e\x{301}e\x{301}e\x{301}e\x{301}e\x{301}e\x{301}e\x{301}e\x{301}e\x{301}e\x{301}e\x{301}e\x{301}e\x{301}e\x{301}e\x{301}e\x{301}e\x{301}e\x{301}e\x{301}e\x{301}e\x{301}e\x{301}e\x{301}e\x{301}e\x{301}e\x{301}e\x{301}e\x{301}e\x{301}e\x{301} e\x{301}e\x{301}e\x{301}e\x{301}e\x{301}e\x{301}e\x{301}e\x{301}e\x{301}e\x{301}e\x{301}e\x{301}e\x{301}e\x{301}e\x{301}e\x{301}e\x{301}e\x{301}e\x{301}e\x{301}e\x{301}e\x{301}"
          text run at (1056,1515) width 0: " "
          text run at (0,1530) width 1056: "e\x{301}e\x{301}e\x{301}e\x{301}e\x{301}e\x{301}e\x{301}e\x{301}e\x{301}e\x{301}e\x{301}e\x{301}e\x{301}e\x{301}e\x{301}e\x{301}e\x{301}e\x{301}e\x{301}e\x{301}e\x{301}e\x{301}e\x{301}e\x{301}e\x{301}e\x{301}e\x{301}e\x{301}e\x{301}e\x{301}e\x{301}e\x{301} e\x{301} e\x{301}e\x{301}e\x{301}e\x{301}e\x{301}e\x{301}e\x{301}e\x{301}e\x{301}e\x{301}e\x{301}e\x{301}e\x{301}e\x{301}e\x{301}e\x{301}e\x{301}e\x{301}e\x{301}e\x{301}e\x{301}e\x{301}e\x{301}e\x{301}e\x{301}e\x{301}e\x{301}e\x{301}e\x{301}e\x{301}e\x{301}e\x{301}e\x{301}e\x{301}e\x{301}e\x{301}e\x{301}e\x{301}e\x{301}e\x{301}e\x{301}e\x{301}e\x{301} e\x{301}e\x{301}e\x{301}e\x{301}e\x{301}e\x{301}e\x{301}e\x{301}e\x{301}e\x{301}e\x{301}e\x{301}e\x{301}e\x{301}e\x{301}e\x{301}e\x{301}e\x{301}e\x{301}e\x{301}e\x{301}e\x{301}e\x{301}e\x{301}e\x{301}e\x{301}e\x{301}e\x{301}e\x{301}e\x{301} e\x{301}e\x{301}e\x{301}e\x{301}e\x{301}e\x{301}e\x{301}e\x{301}e\x{301}e\x{301}e\x{301}e\x{301}e\x{301}e\x{301}e\x{301}e\x{301}e\x{301}e\x{301}e\x{301}e\x{301}e\x{301}e\x{301}"
          text run at (1056,1530) width 0: " "
          text run at (0,1545) width 1056: "e\x{301}e\x{301}e\x{301}e\x{301}e\x{301}e\x{301}e\x{301}e\x{301}e\x{301}e\x{301}e\x{301}e\x{301}e\x{301}e\x{301}e\x{301}e\x{301}e\x{301}e\x{301}e\x{301}e\x{301}e\x{301}e\x{301}e\x{301}e\x{301}e\x{301}e\x{301}e\x{301}e\x{301}e\x{301}e\x{301}e\x{301}e\x{301} e\x{301} e\x{301}e\x{301}e\x{301}e\x{301}e\x{301}e\x{301}e\x{301}e\x{301}e\x{301}e\x{301}e\x{301}e\x{301}e\x{301}e\x{301}e\x{301}e\x{301}e\x{301}e\x{301}e\x{301}e\x{301}e\x{301}e\x{301}e\x{301}e\x{301}e\x{301}e\x{301}e\x{301}e\x{301}e\x{301}e\x{301}e\x{301}e\x{301}e\x{301}e\x{301}e\x{301}e\x{301}e\x{301}e\x{301}e\x{301}e\x{301}e\x{301}e\x{301}e\x{301} e\x{301}e\x{301}e\x{301}e\x{301}e\x{301}e\x{301}e\x{301}e\x{301}e\x{301}e\x{301}e\x{301}e\x{301}e\x{301}e\x{301}e\x{301}e\x{301}e\x{301}e\x{301}e\x{301}e\x{301}e\x{301}e\x{301}e\x{301}e\x{301}e\x{301}e\x{301}e\x{301}e\x{301}e\x{301}e\x{301} e\x{301}e\x{301}e\x{301}e\x{301}e\x{301}e\x{301}e\x{301}e\x{301}e\x{301}e\x{301}e\x{301}e\x{301}e\x{301}e\x{301}e\x{301}e\x{301}e\x{301}e\x{301}e\x{301}e\x{301}e\x{301}e\x{301}"
          text run at (1056,1545) width 0: " "
          text run at (0,1560) width 1056: "e\x{301}e\x{301}e\x{301}e\x{301}e\x{301}e\x{301}e\x{301}e\x{301}e\x{301}e\x{301}e\x{301}e\x{301}e\x{301}e\x{301}e\x{301}e\x{301}e\x{301}e\x{301}e\x{301}e\x{301}e\x{301}e\x{301}e\x{301}e\x{301}e\x{301}e\x{301}e\x{301}e\x{301}e\x{301}e\x{301}e\x{301}e\x{301} e\x{301} e\x{301}e\x{301}e\x{301}e\x{301}e\x{301}e\x{301}e\x{301}e\x{301}e\x{301}e\x{301}e\x{301}e\x{301}e\x{301}e\x{301}e\x{301}e\x{301}e\x{301}e\x{301}e\x{301}e\x{301}e\x{301}e\x{301}e\x{301}e\x{301}e\x{301}e\x{301}e\x{301}e\x{301}e\x{301}e\x{301}e\x{301}e\x{301}e\x{301}e\x{301}e\x{301}e\x{301}e\x{301}e\x{301}e\x{301}e\x{301}e\x{301}e\x{301}e\x{301} e\x{301}e\x{301}e\x{301}e\x{301}e\x{301}e\x{301}e\x{301}e\x{301}e\x{301}e\x{301}e\x{301}e\x{301}e\x{301}e\x{301}e\x{301}e\x{301}e\x{301}e\x{301}e\x{301}e\x{301}e\x{301}e\x{301}e\x{301}e\x{301}e\x{301}e\x{301}e\x{301}e\x{301}e\x{301}e\x{301} e\x{301}e\x{301}e\x{301}e\x{301}e\x{301}e\x{301}e\x{301}e\x{301}e\x{301}e\x{301}e\x{301}e\x{301}e\x{301}e\x{301}e\x{301}e\x{301}e\x{301}e\x{301}e\x{301}e\x{301}e\x{301}e\x{301}"
          text run at (1056,1560) width 0: " "
          text run at (0,1575) width 1056: "e\x{301}e\x{301}e\x{301}e\x{301}e\x{301}e\x{301}e\x{301}e\x{301}e\x{301}e\x{301}e\x{301}e\x{301}e\x{301}e\x{301}e\x{301}e\x{301}e\x{301}e\x{301}e\x{301}e\x{301}e\x{301}e\x{301}e\x{301}e\x{301}e\x{301}e\x{301}e\x{301}e\x{301}e\x{301}e\x{301}e\x{301}e\x{301} e\x{301} e\x{301}e\x{301}e\x{301}e\x{301}e\x{301}e\x{301}e\x{301}e\x{301}e\x{301}e\x{301}e\x{301}e\x{301}e\x{301}e\x{301}e\x{301}e\x{301}e\x{301}e\x{301}e\x{301}e\x{301}e\x{301}e\x{301}e\x{301}e\x{301}e\x{301}e\x{301}e\x{301}e\x{301}e\x{301}e\x{301}e\x{301}e\x{301}e\x{301}e\x{301}e\x{301}e\x{301}e\x{301}e\x{301}e\x{301}e\x{301}e\x{301}e\x{301}e\x{301} e\x{301}e\x{301}e\x{301}e\x{301}e\x{301}e\x{301}e\x{301}e\x{301}e\x{301}e\x{301}e\x{301}e\x{301}e\x{301}e\x{301}e\x{301}e\x{301}e\x{301}e\x{301}e\x{301}e\x{301}e\x{301}e\x{301}e\x{301}e\x{301}e\x{301}e\x{301}e\x{301}e\x{301}e\x{301}e\x{301} e\x{301}e\x{301}e\x{301}e\x{301}e\x{301}e\x{301}e\x{301}e\x{301}e\x{301}e\x{301}e\x{301}e\x{301}e\x{301}e\x{301}e\x{301}e\x{301}e\x{301}e\x{301}e\x{301}e\x{301}e\x{301}e\x{301}"
          text run at (1056,1575) width 0: " "
          text run at (0,1590) width 1056: "e\x{301}e\x{301}e\x{301}e\x{301}e\x{301}e\x{301}e\x{301}e\x{301}e\x{301}e\x{301}e\x{301}e\x{301}e\x{301}e\x{301}e\x{301}e\x{301}e\x{301}e\x{301}e\x{301}e\x{301}e\x{301}e\x{301}e\x{301}e\x{301}e\x{301}e\x{301}e\x{301}e\x{301}e\x{301}e\x{301}e\x{301}e\x{301} e\x{301} e\x{301}e\x{301}e\x{301}e\x{301}e\x{301}e\x{301}e\x{301}e\x{301}e\x{301}e\x{301}e\x{301}e\x{301}e\x{301}e\x{301}e\x{301}e\x{301}e\x{301}e\x{301}e\x{301}e\x{301}e\x{301}e\x{301}e\x{301}e\x{301}e\x{301}e\x{301}e\x{301}e\x{301}e\x{301}e\x{301}e\x{301}e\x{301}e\x{301}e\x{301}e\x{301}e\x{301}e\x{301}e\x{301}e\x{301}e\x{301}e\x{301}e\x{301}e\x{301} e\x{301}e\x{301}e\x{301}e\x{301}e\x{301}e\x{301}e\x{301}e\x{301}e\x{301}e\x{301}e\x{301}e\x{301}e\x{301}e\x{301}e\x{301}e\x{301}e\x{301}e\x{301}e\x{301}e\x{301}e\x{301}e\x{301}e\x{301}e\x{301}e\x{301}e\x{301}e\x{301}e\x{301}e\x{301}e\x{301} e\x{301}e\x{301}e\x{301}e\x{301}e\x{301}e\x{301}e\x{301}e\x{301}e\x{301}e\x{301}e\x{301}e\x{301}e\x{301}e\x{301}e\x{301}e\x{301}e\x{301}e\x{301}e\x{301}e\x{301}e\x{301}e\x{301}"
          text run at (1056,1590) width 0: " "
          text run at (0,1605) width 1056: "e\x{301}e\x{301}e\x{301}e\x{301}e\x{301}e\x{301}e\x{301}e\x{301}e\x{301}e\x{301}e\x{301}e\x{301}e\x{301}e\x{301}e\x{301}e\x{301}e\x{301}e\x{301}e\x{301}e\x{301}e\x{301}e\x{301}e\x{301}e\x{301}e\x{301}e\x{301}e\x{301}e\x{301}e\x{301}e\x{301}e\x{301}e\x{301} e\x{301} e\x{301}e\x{301}e\x{301}e\x{301}e\x{301}e\x{301}e\x{301}e\x{301}e\x{301}e\x{301}e\x{301}e\x{301}e\x{301}e\x{301}e\x{301}e\x{301}e\x{301}e\x{301}e\x{301}e\x{301}e\x{301}e\x{301}e\x{301}e\x{301}e\x{301}e\x{301}e\x{301}e\x{301}e\x{301}e\x{301}e\x{301}e\x{301}e\x{301}e\x{301}e\x{301}e\x{301}e\x{301}e\x{301}e\x{301}e\x{301}e\x{301}e\x{301}e\x{301} e\x{301}e\x{301}e\x{301}e\x{301}e\x{301}e\x{301}e\x{301}e\x{301}e\x{301}e\x{301}e\x{301}e\x{301}e\x{301}e\x{301}e\x{301}e\x{301}e\x{301}e\x{301}e\x{301}e\x{301}e\x{301}e\x{301}e\x{301}e\x{301}e\x{301}e\x{301}e\x{301}e\x{301}e\x{301}e\x{301} e\x{301}e\x{301}e\x{301}e\x{301}e\x{301}e\x{301}e\x{301}e\x{301}e\x{301}e\x{301}e\x{301}e\x{301}e\x{301}e\x{301}e\x{301}e\x{301}e\x{301}e\x{301}e\x{301}e\x{301}e\x{301}e\x{301}"
          text run at (1056,1605) width 0: " "
          text run at (0,1620) width 1056: "e\x{301}e\x{301}e\x{301}e\x{301}e\x{301}e\x{301}e\x{301}e\x{301}e\x{301}e\x{301}e\x{301}e\x{301}e\x{301}e\x{301}e\x{301}e\x{301}e\x{301}e\x{301}e\x{301}e\x{301}e\x{301}e\x{301}e\x{301}e\x{301}e\x{301}e\x{301}e\x{301}e\x{301}e\x{301}e\x{301}e\x{301}e\x{301} e\x{301} e\x{301}e\x{301}e\x{301}e\x{301}e\x{301}e\x{301}e\x{301}e\x{301}e\x{301}e\x{301}e\x{301}e\x{301}e\x{301}e\x{301}e\x{301}e\x{301}e\x{301}e\x{301}e\x{301}e\x{301}e\x{301}e\x{301}e\x{301}e\x{301}e\x{301}e\x{301}e\x{301}e\x{301}e\x{301}e\x{301}e\x{301}e\x{301}e\x{301}e\x{301}e\x{301}e\x{301}e\x{301}e\x{301}e\x{301}e\x{301}e\x{301}e\x{301}e\x{301} e\x{301}e\x{301}e\x{301}e\x{301}e\x{301}e\x{301}e\x{301}e\x{301}e\x{301}e\x{301}e\x{301}e\x{301}e\x{301}e\x{301}e\x{301}e\x{301}e\x{301}e\x{301}e\x{301}e\x{301}e\x{301}e\x{301}e\x{301}e\x{301}e\x{301}e\x{301}e\x{301}e\x{301}e\x{301}e\x{301} e\x{301}e\x{301}e\x{301}e\x{301}e\x{301}e\x{301}e\x{301}e\x{301}e\x{301}e\x{301}e\x{301}e\x{301}e\x{301}e\x{301}e\x{301}e\x{301}e\x{301}e\x{301}e\x{301}e\x{301}e\x{301}e\x{301}"
          text run at (1056,1620) width 0: " "
          text run at (0,1635) width 1056: "e\x{301}e\x{301}e\x{301}e\x{301}e\x{301}e\x{301}e\x{301}e\x{301}e\x{301}e\x{301}e\x{301}e\x{301}e\x{301}e\x{301}e\x{301}e\x{301}e\x{301}e\x{301}e\x{301}e\x{301}e\x{301}e\x{301}e\x{301}e\x{301}e\x{301}e\x{301}e\x{301}e\x{301}e\x{301}e\x{301}e\x{301}e\x{301} e\x{301} e\x{301}e\x{301}e\x{301}e\x{301}e\x{301}e\x{301}e\x{301}e\x{301}e\x{301}e\x{301}e\x{301}e\x{301}e\x{301}e\x{301}e\x{301}e\x{301}e\x{301}e\x{301}e\x{301}e\x{301}e\x{301}e\x{301}e\x{301}e\x{301}e\x{301}e\x{301}e\x{301}e\x{301}e\x{301}e\x{301}e\x{301}e\x{301}e\x{301}e\x{301}e\x{301}e\x{301}e\x{301}e\x{301}e\x{301}e\x{301}e\x{301}e\x{301}e\x{301} e\x{301}e\x{301}e\x{301}e\x{301}e\x{301}e\x{301}e\x{301}e\x{301}e\x{301}e\x{301}e\x{301}e\x{301}e\x{301}e\x{301}e\x{301}e\x{301}e\x{301}e\x{301}e\x{301}e\x{301}e\x{301}e\x{301}e\x{301}e\x{301}e\x{301}e\x{301}e\x{301}e\x{301}e\x{301}e\x{301} e\x{301}e\x{301}e\x{301}e\x{301}e\x{301}e\x{301}e\x{301}e\x{301}e\x{301}e\x{301}e\x{301}e\x{301}e\x{301}e\x{301}e\x{301}e\x{301}e\x{301}e\x{301}e\x{301}e\x{301}e\x{301}e\x{301}"
          text run at (1056,1635) width 0: " "
          text run at (0,1650) width 1056: "e\x{301}e\x{301}e\x{301}e\x{301}e\x{301}e\x{301}e\x{301}e\x{301}e\x{301}e\x{301}e\x{301}e\x{301}e\x{301}e\x{301}e\x{301}e\x{301}e\x{301}e\x{301}e\x{301}e\x{301}e\x{301}e\x{301}e\x{301}e\x{301}e\x{301}e\x{301}e\x{301}e\x{301}e\x{301}e\x{301}e\x{301}e\x{301} e\x{301} e\x{301}e\x{301}e\x{301}e\x{301}e\x{301}e\x{301}e\x{301}e\x{301}e\x{301}e\x{301}e\x{301}e\x{301}e\x{301}e\x{301}e\x{301}e\x{301}e\x{301}e\x{301}e\x{301}e\x{301}e\x{301}e\x{301}e\x{301}e\x{301}e\x{301}e\x{301}e\x{301}e\x{301}e\x{301}e\x{301}e\x{301}e\x{301}e\x{301}e\x{301}e\x{301}e\x{301}e\x{301}e\x{301}e\x{301}e\x{301}e\x{301}e\x{301}e\x{301} e\x{301}e\x{301}e\x{301}e\x{301}e\x{301}e\x{301}e\x{301}e\x{301}e\x{301}e\x{301}e\x{301}e\x{301}e\x{301}e\x{301}e\x{301}e\x{301}e\x{301}e\x{301}e\x{301}e\x{301}e\x{301}e\x{301}e\x{301}e\x{301}e\x{301}e\x{301}e\x{301}e\x{301}e\x{301}e\x{301} e\x{301}e\x{301}e\x{301}e\x{301}e\x{301}e\x{301}e\x{301}e\x{301}e\x{301}e\x{301}e\x{301}e\x{301}e\x{301}e\x{301}e\x{301}e\x{301}e\x{301}e\x{301}e\x{301}e\x{301}e\x{301}e\x{301}"
          text run at (1056,1650) width 0: " "
          text run at (0,1665) width 1056: "e\x{301}e\x{301}e\x{301}e\x{301}e\x{301}e\x{301}e\x{301}e\x{301}e\x{301}e\x{301}e\x{301}e\x{301}e\x{301}e\x{301}e\x{301}e\x{301}e\x{301}e\x{301}e\x{301}e\x{301}e\x{301}e\x{301}e\x{301}e\x{301}e\x{301}e\x{301}e\x{301}e\x{301}e\x{301}e\x{301}e\x{301}e\x{301} e\x{301} e\x{301}e\x{301}e\x{301}e\x{301}e\x{301}e\x{301}e\x{301}e\x{301}e\x{301}e\x{301}e\x{301}e\x{301}e\x{301}e\x{301}e\x{301}e\x{301}e\x{301}e\x{301}e\x{301}e\x{301}e\x{301}e\x{301}e\x{301}e\x{301}e\x{301}e\x{301}e\x{301}e\x{301}e\x{301}e\x{301}e\x{301}e\x{301}e\x{301}e\x{301}e\x{301}e\x{301}e\x{301}e\x{301}e\x{301}e\x{301}e\x{301}e\x{301}e\x{301} e\x{301}e\x{301}e\x{301}e\x{301}e\x{301}e\x{301}e\x{301}e\x{301}e\x{301}e\x{301}e\x{301}e\x{301}e\x{301}e\x{301}e\x{301}e\x{301}e\x{301}e\x{301}e\x{301}e\x{301}e\x{301}e\x{301}e\x{301}e\x{301}e\x{301}e\x{301}e\x{301}e\x{301}e\x{301}e\x{301} e\x{301}e\x{301}e\x{301}e\x{301}e\x{301}e\x{301}e\x{301}e\x{301}e\x{301}e\x{301}e\x{301}e\x{301}e\x{301}e\x{301}e\x{301}e\x{301}e\x{301}e\x{301}e\x{301}e\x{301}e\x{301}e\x{301}"
          text run at (1056,1665) width 0: " "
          text run at (0,1680) width 1056: "e\x{301}e\x{301}e\x{301}e\x{301}e\x{301}e\x{301}e\x{301}e\x{301}e\x{301}e\x{301}e\x{301}e\x{301}e\x{301}e\x{301}e\x{301}e\x{301}e\x{301}e\x{301}e\x{301}e\x{301}e\x{301}e\x{301}e\x{301}e\x{301}e\x{301}e\x{301}e\x{301}e\x{301}e\x{301}e\x{301}e\x{301}e\x{301} e\x{301} e\x{301}e\x{301}e\x{301}e\x{301}e\x{301}e\x{301}e\x{301}e\x{301}e\x{301}e\x{301}e\x{301}e\x{301}e\x{301}e\x{301}e\x{301}e\x{301}e\x{301}e\x{301}e\x{301}e\x{301}e\x{301}e\x{301}e\x{301}e\x{301}e\x{301}e\x{301}e\x{301}e\x{301}e\x{301}e\x{301}e\x{301}e\x{301}e\x{301}e\x{301}e\x{301}e\x{301}e\x{301}e\x{301}e\x{301}e\x{301}e\x{301}e\x{301}e\x{301} e\x{301}e\x{301}e\x{301}e\x{301}e\x{301}e\x{301}e\x{301}e\x{301}e\x{301}e\x{301}e\x{301}e\x{301}e\x{301}e\x{301}e\x{301}e\x{301}e\x{301}e\x{301}e\x{301}e\x{301}e\x{301}e\x{301}e\x{301}e\x{301}e\x{301}e\x{301}e\x{301}e\x{301}e\x{301}e\x{301} e\x{301}e\x{301}e\x{301}e\x{301}e\x{301}e\x{301}e\x{301}e\x{301}e\x{301}e\x{301}e\x{301}e\x{301}e\x{301}e\x{301}e\x{301}e\x{301}e\x{301}e\x{301}e\x{301}e\x{301}e\x{301}e\x{301}"
          text run at (1056,1680) width 0: " "
          text run at (0,1695) width 1056: "e\x{301}e\x{301}e\x{301}e\x{301}e\x{301}e\x{301}e\x{301}e\x{301}e\x{301}e\x{301}e\x{301}e\x{301}e\x{301}e\x{301}e\x{301}e\x{301}e\x{301}e\x{301}e\x{301}e\x{301}e\x{301}e\x{301}e\x{301}e\x{301}e\x{301}e\x{301}e\x{301}e\x{301}e\x{301}e\x{301}e\x{301}e\x{301} e\x{301} e\x{301}e\x{301}e\x{301}e\x{301}e\x{301}e\x{301}e\x{301}e\x{301}e\x{301}e\x{301}e\x{301}e\x{301}e\x{301}e\x{301}e\x{301}e\x{301}e\x{301}e\x{301}e\x{301}e\x{301}e\x{301}e\x{301}e\x{301}e\x{301}e\x{301}e\x{301}e\x{301}e\x{301}e\x{301}e\x{301}e\x{301}e\x{301}e\x{301}e\x{301}e\x{301}e\x{301}e\x{301}e\x{301}e\x{301}e\x{301}e\x{301}e\x{301}e\x{301} e\x{301}e\x{301}e\x{301}e\x{301}e\x{301}e\x{301}e\x{301}e\x{301}e\x{301}e\x{301}e\x{301}e\x{301}e\x{301}e\x{301}e\x{301}e\x{301}e\x{301}e\x{301}e\x{301}e\x{301}e\x{301}e\x{301}e\x{301}e\x{301}e\x{301}e\x{301}e\x{301}e\x{301}e\x{301}e\x{301} e\x{301}e\x{301}e\x{301}e\x{301}e\x{301}e\x{301}e\x{301}e\x{301}e\x{301}e\x{301}e\x{301}e\x{301}e\x{301}e\x{301}e\x{301}e\x{301}e\x{301}e\x{301}e\x{301}e\x{301}e\x{301}e\x{301}"
          text run at (1056,1695) width 0: " "
          text run at (0,1710) width 1056: "e\x{301}e\x{301}e\x{301}e\x{301}e\x{301}e\x{301}e\x{301}e\x{301}e\x{301}e\x{301}e\x{301}e\x{301}e\x{301}e\x{301}e\x{301}e\x{301}e\x{301}e\x{301}e\x{301}e\x{301}e\x{301}e\x{301}e\x{301}e\x{301}e\x{301}e\x{301}e\x{301}e\x{301}e\x{301}e\x{301}e\x{301}e\x{301} e\x{301} e\x{301}e\x{301}e\x{301}e\x{301}e\x{301}e\x{301}e\x{301}e\x{301}e\x{301}e\x{301}e\x{301}e\x{301}e\x{301}e\x{301}e\x{301}e\x{301}e\x{301}e\x{301}e\x{301}e\x{301}e\x{301}e\x{301}e\x{301}e\x{301}e\x{301}e\x{301}e\x{301}e\x{301}e\x{301}e\x{301}e\x{301}e\x{301}e\x{301}e\x{301}e\x{301}e\x{301}e\x{301}e\x{301}e\x{301}e\x{301}e\x{301}e\x{301}e\x{301} e\x{301}e\x{301}e\x{301}e\x{301}e\x{301}e\x{301}e\x{301}e\x{301}e\x{301}e\x{301}e\x{301}e\x{301}e\x{301}e\x{301}e\x{301}e\x{301}e\x{301}e\x{301}e\x{301}e\x{301}e\x{301}e\x{301}e\x{301}e\x{301}e\x{301}e\x{301}e\x{301}e\x{301}e\x{301}e\x{301} e\x{301}e\x{301}e\x{301}e\x{301}e\x{301}e\x{301}e\x{301}e\x{301}e\x{301}e\x{301}e\x{301}e\x{301}e\x{301}e\x{301}e\x{301}e\x{301}e\x{301}e\x{301}e\x{301}e\x{301}e\x{301}e\x{301}"
          text run at (1056,1710) width 0: " "
          text run at (0,1725) width 1056: "e\x{301}e\x{301}e\x{301}e\x{301}e\x{301}e\x{301}e\x{301}e\x{301}e\x{301}e\x{301}e\x{301}e\x{301}e\x{301}e\x{301}e\x{301}e\x{301}e\x{301}e\x{301}e\x{301}e\x{301}e\x{301}e\x{301}e\x{301}e\x{301}e\x{301}e\x{301}e\x{301}e\x{301}e\x{301}e\x{301}e\x{301}e\x{301} e\x{301} e\x{301}e\x{301}e\x{301}e\x{301}e\x{301}e\x{301}e\x{301}e\x{301}e\x{301}e\x{301}e\x{301}e\x{301}e\x{301}e\x{301}e\x{301}e\x{301}e\x{301}e\x{301}e\x{301}e\x{301}e\x{301}e\x{301}e\x{301}e\x{301}e\x{301}e\x{301}e\x{301}e\x{301}e\x{301}e\x{301}e\x{301}e\x{301}e\x{301}e\x{301}e\x{301}e\x{301}e\x{301}e\x{301}e\x{301}e\x{301}e\x{301}e\x{301}e\x{301} e\x{301}e\x{301}e\x{301}e\x{301}e\x{301}e\x{301}e\x{301}e\x{301}e\x{301}e\x{301}e\x{301}e\x{301}e\x{301}e\x{301}e\x{301}e\x{301}e\x{301}e\x{301}e\x{301}e\x{301}e\x{301}e\x{301}e\x{301}e\x{301}e\x{301}e\x{301}e\x{301}e\x{301}e\x{301}e\x{301} e\x{301}e\x{301}e\x{301}e\x{301}e\x{301}e\x{301}e\x{301}e\x{301}e\x{301}e\x{301}e\x{301}e\x{301}e\x{301}e\x{301}e\x{301}e\x{301}e\x{301}e\x{301}e\x{301}e\x{301}e\x{301}e\x{301}"
          text run at (1056,1725) width 0: " "
          text run at (0,1740) width 1056: "e\x{301}e\x{301}e\x{301}e\x{301}e\x{301}e\x{301}e\x{301}e\x{301}e\x{301}e\x{301}e\x{301}e\x{301}e\x{301}e\x{301}e\x{301}e\x{301}e\x{301}e\x{301}e\x{301}e\x{301}e\x{301}e\x{301}e\x{301}e\x{301}e\x{301}e\x{301}e\x{301}e\x{301}e\x{301}e\x{301}e\x{301}e\x{301} e\x{301} e\x{301}e\x{301}e\x{301}e\x{301}e\x{301}e\x{301}e\x{301}e\x{301}e\x{301}e\x{301}e\x{301}e\x{301}e\x{301}e\x{301}e\x{301}e\x{301}e\x{301}e\x{301}e\x{301}e\x{301}e\x{301}e\x{301}e\x{301}e\x{301}e\x{301}e\x{301}e\x{301}e\x{301}e\x{301}e\x{301}e\x{301}e\x{301}e\x{301}e\x{301}e\x{301}e\x{301}e\x{301}e\x{301}e\x{301}e\x{301}e\x{301}e\x{301}e\x{301} e\x{301}e\x{301}e\x{301}e\x{301}e\x{301}e\x{301}e\x{301}e\x{301}e\x{301}e\x{301}e\x{301}e\x{301}e\x{301}e\x{301}e\x{301}e\x{301}e\x{301}e\x{301}e\x{301}e\x{301}e\x{301}e\x{301}e\x{301}e\x{301}e\x{301}e\x{301}e\x{301}e\x{301}e\x{301}e\x{301} e\x{301}e\x{301}e\x{301}e\x{301}e\x{301}e\x{301}e\x{301}e\x{301}e\x{301}e\x{301}e\x{301}e\x{301}e\x{301}e\x{301}e\x{301}e\x{301}e\x{301}e\x{301}e\x{301}e\x{301}e\x{301}e\x{301}"
          text run at (1056,1740) width 0: " "
          text run at (0,1755) width 1056: "e\x{301}e\x{301}e\x{301}e\x{301}e\x{301}e\x{301}e\x{301}e\x{301}e\x{301}e\x{301}e\x{301}e\x{301}e\x{301}e\x{301}e\x{301}e\x{301}e\x{301}e\x{301}e\x{301}e\x{301}e\x{301}e\x{301}e\x{301}e\x{301}e\x{301}e\x{301}e\x{301}e\x{301}e\x{301}e\x{301}e\x{301}e\x{301} e\x{301} e\x{301}e\x{301}e\x{301}e\x{301}e\x{301}e\x{301}e\x{301}e\x{301}e\x{301}e\x{301}e\x{301}e\x{301}e\x{301}e\x{301}e\x{301}e\x{301}e\x{301}e\x{301}e\x{301}e\x{301}e\x{301}e\x{301}e\x{301}e\x{301}e\x{301}e\x{301}e\x{301}e\x{301}e\x{301}e\x{301}e\x{301}e\x{301}e\x{301}e\x{301}e\x{301}e\x{301}e\x{301}e\x{301}e\x{301}e\x{301}e\x{301}e\x{301}e\x{301} e\x{301}e\x{301}e\x{301}e\x{301}e\x{301}e\x{301}e\x{301}e\x{301}e\x{301}e\x{301}e\x{301}e\x{301}e\x{301}e\x{301}e\x{301}e\x{301}e\x{301}e\x{301}e\x{301}e\x{301}e\x{301}e\x{301}e\x{301}e\x{301}e\x{301}e\x{301}e\x{301}e\x{301}e\x{301}e\x{301} e\x{301}e\x{301}e\x{301}e\x{301}e\x{301}e\x{301}e\x{301}e\x{301}e\x{301}e\x{301}e\x{301}e\x{301}e\x{301}e\x{301}e\x{301}e\x{301}e\x{301}e\x{301}e\x{301}e\x{301}e\x{301}e\x{301}"
          text run at (1056,1755) width 0: " "
          text run at (0,1770) width 1056: "e\x{301}e\x{301}e\x{301}e\x{301}e\x{301}e\x{301}e\x{301}e\x{301}e\x{301}e\x{301}e\x{301}e\x{301}e\x{301}e\x{301}e\x{301}e\x{301}e\x{301}e\x{301}e\x{301}e\x{301}e\x{301}e\x{301}e\x{301}e\x{301}e\x{301}e\x{301}e\x{301}e\x{301}e\x{301}e\x{301}e\x{301}e\x{301} e\x{301} e\x{301}e\x{301}e\x{301}e\x{301}e\x{301}e\x{301}e\x{301}e\x{301}e\x{301}e\x{301}e\x{301}e\x{301}e\x{301}e\x{301}e\x{301}e\x{301}e\x{301}e\x{301}e\x{301}e\x{301}e\x{301}e\x{301}e\x{301}e\x{301}e\x{301}e\x{301}e\x{301}e\x{301}e\x{301}e\x{301}e\x{301}e\x{301}e\x{301}e\x{301}e\x{301}e\x{301}e\x{301}e\x{301}e\x{301}e\x{301}e\x{301}e\x{301}e\x{301} e\x{301}e\x{301}e\x{301}e\x{301}e\x{301}e\x{301}e\x{301}e\x{301}e\x{301}e\x{301}e\x{301}e\x{301}e\x{301}e\x{301}e\x{301}e\x{301}e\x{301}e\x{301}e\x{301}e\x{301}e\x{301}e\x{301}e\x{301}e\x{301}e\x{301}e\x{301}e\x{301}e\x{301}e\x{301}e\x{301} e\x{301}e\x{301}e\x{301}e\x{301}e\x{301}e\x{301}e\x{301}e\x{301}e\x{301}e\x{301}e\x{301}e\x{301}e\x{301}e\x{301}e\x{301}e\x{301}e\x{301}e\x{301}e\x{301}e\x{301}e\x{301}e\x{301}"
          text run at (1056,1770) width 0: " "
          text run at (0,1785) width 1056: "e\x{301}e\x{301}e\x{301}e\x{301}e\x{301}e\x{301}e\x{301}e\x{301}e\x{301}e\x{301}e\x{301}e\x{301}e\x{301}e\x{301}e\x{301}e\x{301}e\x{301}e\x{301}e\x{301}e\x{301}e\x{301}e\x{301}e\x{301}e\x{301}e\x{301}e\x{301}e\x{301}e\x{301}e\x{301}e\x{301}e\x{301}e\x{301} e\x{301} e\x{301}e\x{301}e\x{301}e\x{301}e\x{301}e\x{301}e\x{301}e\x{301}e\x{301}e\x{301}e\x{301}e\x{301}e\x{301}e\x{301}e\x{301}e\x{301}e\x{301}e\x{301}e\x{301}e\x{301}e\x{301}e\x{301}e\x{301}e\x{301}e\x{301}e\x{301}e\x{301}e\x{301}e\x{301}e\x{301}e\x{301}e\x{301}e\x{301}e\x{301}e\x{301}e\x{301}e\x{301}e\x{301}e\x{301}e\x{301}e\x{301}e\x{301}e\x{301} e\x{301}e\x{301}e\x{301}e\x{301}e\x{301}e\x{301}e\x{301}e\x{301}e\x{301}e\x{301}e\x{301}e\x{301}e\x{301}e\x{301}e\x{301}e\x{301}e\x{301}e\x{301}e\x{301}e\x{301}e\x{301}e\x{301}e\x{301}e\x{301}e\x{301}e\x{301}e\x{301}e\x{301}e\x{301}e\x{301} e\x{301}e\x{301}e\x{301}e\x{301}e\x{301}e\x{301}e\x{301}e\x{301}e\x{301}e\x{301}e\x{301}e\x{301}e\x{301}e\x{301}e\x{301}e\x{301}e\x{301}e\x{301}e\x{301}e\x{301}e\x{301}e\x{301}"
          text run at (1056,1785) width 0: " "
          text run at (0,1800) width 1056: "e\x{301}e\x{301}e\x{301}e\x{301}e\x{301}e\x{301}e\x{301}e\x{301}e\x{301}e\x{301}e\x{301}e\x{301}e\x{301}e\x{301}e\x{301}e\x{301}e\x{301}e\x{301}e\x{301}e\x{301}e\x{301}e\x{301}e\x{301}e\x{301}e\x{301}e\x{301}e\x{301}e\x{301}e\x{301}e\x{301}e\x{301}e\x{301} e\x{301} e\x{301}e\x{301}e\x{301}e\x{301}e\x{301}e\x{301}e\x{301}e\x{301}e\x{301}e\x{301}e\x{301}e\x{301}e\x{301}e\x{301}e\x{301}e\x{301}e\x{301}e\x{301}e\x{301}e\x{301}e\x{301}e\x{301}e\x{301}e\x{301}e\x{301}e\x{301}e\x{301}e\x{301}e\x{301}e\x{301}e\x{301}e\x{301}e\x{301}e\x{301}e\x{301}e\x{301}e\x{301}e\x{301}e\x{301}e\x{301}e\x{301}e\x{301}e\x{301} e\x{301}e\x{301}e\x{301}e\x{301}e\x{301}e\x{301}e\x{301}e\x{301}e\x{301}e\x{301}e\x{301}e\x{301}e\x{301}e\x{301}e\x{301}e\x{301}e\x{301}e\x{301}e\x{301}e\x{301}e\x{301}e\x{301}e\x{301}e\x{301}e\x{301}e\x{301}e\x{301}e\x{301}e\x{301}e\x{301} e\x{301}e\x{301}e\x{301}e\x{301}e\x{301}e\x{301}e\x{301}e\x{301}e\x{301}e\x{301}e\x{301}e\x{301}e\x{301}e\x{301}e\x{301}e\x{301}e\x{301}e\x{301}e\x{301}e\x{301}e\x{301}e\x{301}"
          text run at (1056,1800) width 0: " "
          text run at (0,1815) width 1056: "e\x{301}e\x{301}e\x{301}e\x{301}e\x{301}e\x{301}e\x{301}e\x{301}e\x{301}e\x{301}e\x{301}e\x{301}e\x{301}e\x{301}e\x{301}e\x{301}e\x{301}e\x{301}e\x{301}e\x{301}e\x{301}e\x{301}e\x{301}e\x{301}e\x{301}e\x{301}e\x{301}e\x{301}e\x{301}e\x{301}e\x{301}e\x{301} e\x{301} e\x{301}e\x{301}e\x{301}e\x{301}e\x{301}e\x{301}e\x{301}e\x{301}e\x{301}e\x{301}e\x{301}e\x{301}e\x{301}e\x{301}e\x{301}e\x{301}e\x{301}e\x{301}e\x{301}e\x{301}e\x{301}e\x{301}e\x{301}e\x{301}e\x{301}e\x{301}e\x{301}e\x{301}e\x{301}e\x{301}e\x{301}e\x{301}e\x{301}e\x{301}e\x{301}e\x{301}e\x{301}e\x{301}e\x{301}e\x{301}e\x{301}e\x{301}e\x{301} e\x{301}e\x{301}e\x{301}e\x{301}e\x{301}e\x{301}e\x{301}e\x{301}e\x{301}e\x{301}e\x{301}e\x{301}e\x{301}e\x{301}e\x{301}e\x{301}e\x{301}e\x{301}e\x{301}e\x{301}e\x{301}e\x{301}e\x{301}e\x{301}e\x{301}e\x{301}e\x{301}e\x{301}e\x{301}e\x{301} e\x{301}e\x{301}e\x{301}e\x{301}e\x{301}e\x{301}e\x{301}e\x{301}e\x{301}e\x{301}e\x{301}e\x{301}e\x{301}e\x{301}e\x{301}e\x{301}e\x{301}e\x{301}e\x{301}e\x{301}e\x{301}e\x{301}"
          text run at (1056,1815) width 0: " "
          text run at (0,1830) width 1056: "e\x{301}e\x{301}e\x{301}e\x{301}e\x{301}e\x{301}e\x{301}e\x{301}e\x{301}e\x{301}e\x{301}e\x{301}e\x{301}e\x{301}e\x{301}e\x{301}e\x{301}e\x{301}e\x{301}e\x{301}e\x{301}e\x{301}e\x{301}e\x{301}e\x{301}e\x{301}e\x{301}e\x{301}e\x{301}e\x{301}e\x{301}e\x{301} e\x{301} e\x{301}e\x{301}e\x{301}e\x{301}e\x{301}e\x{301}e\x{301}e\x{301}e\x{301}e\x{301}e\x{301}e\x{301}e\x{301}e\x{301}e\x{301}e\x{301}e\x{301}e\x{301}e\x{301}e\x{301}e\x{301}e\x{301}e\x{301}e\x{301}e\x{301}e\x{301}e\x{301}e\x{301}e\x{301}e\x{301}e\x{301}e\x{301}e\x{301}e\x{301}e\x{301}e\x{301}e\x{301}e\x{301}e\x{301}e\x{301}e\x{301}e\x{301}e\x{301} e\x{301}e\x{301}e\x{301}e\x{301}e\x{301}e\x{301}e\x{301}e\x{301}e\x{301}e\x{301}e\x{301}e\x{301}e\x{301}e\x{301}e\x{301}e\x{301}e\x{301}e\x{301}e\x{301}e\x{301}e\x{301}e\x{301}e\x{301}e\x{301}e\x{301}e\x{301}e\x{301}e\x{301}e\x{301}e\x{301} e\x{301}e\x{301}e\x{301}e\x{301}e\x{301}e\x{301}e\x{301}e\x{301}e\x{301}e\x{301}e\x{301}e\x{301}e\x{301}e\x{301}e\x{301}e\x{301}e\x{301}e\x{301}e\x{301}e\x{301}e\x{301}e\x{301}"
          text run at (1056,1830) width 0: " "
          text run at (0,1845) width 1056: "e\x{301}e\x{301}e\x{301}e\x{301}e\x{301}e\x{301}e\x{301}e\x{301}e\x{301}e\x{301}e\x{301}e\x{301}e\x{301}e\x{301}e\x{301}e\x{301}e\x{301}e\x{301}e\x{301}e\x{301}e\x{301}e\x{301}e\x{301}e\x{301}e\x{301}e\x{301}e\x{301}e\x{301}e\x{301}e\x{301}e\x{301}e\x{301} e\x{301} e\x{301}e\x{301}e\x{301}e\x{301}e\x{301}e\x{301}e\x{301}e\x{301}e\x{301}e\x{301}e\x{301}e\x{301}e\x{301}e\x{301}e\x{301}e\x{301}e\x{301}e\x{301}e\x{301}e\x{301}e\x{301}e\x{301}e\x{301}e\x{301}e\x{301}e\x{301}e\x{301}e\x{301}e\x{301}e\x{301}e\x{301}e\x{301}e\x{301}e\x{301}e\x{301}e\x{301}e\x{301}e\x{301}e\x{301}e\x{301}e\x{301}e\x{301}e\x{301} e\x{301}e\x{301}e\x{301}e\x{301}e\x{301}e\x{301}e\x{301}e\x{301}e\x{301}e\x{301}e\x{301}e\x{301}e\x{301}e\x{301}e\x{301}e\x{301}e\x{301}e\x{301}e\x{301}e\x{301}e\x{301}e\x{301}e\x{301}e\x{301}e\x{301}e\x{301}e\x{301}e\x{301}e\x{301}e\x{301} e\x{301}e\x{301}e\x{301}e\x{301}e\x{301}e\x{301}e\x{301}e\x{301}e\x{301}e\x{301}e\x{301}e\x{301}e\x{301}e\x{301}e\x{301}e\x{301}e\x{301}e\x{301}e\x{301}e\x{301}e\x{301}e\x{301}"
          text run at (1056,1845) width 0: " "
          text run at (0,1860) width 1056: "e\x{301}e\x{301}e\x{301}e\x{301}e\x{301}e\x{301}e\x{301}e\x{301}e\x{301}e\x{301}e\x{301}e\x{301}e\x{301}e\x{301}e\x{301}e\x{301}e\x{301}e\x{301}e\x{301}e\x{301}e\x{301}e\x{301}e\x{301}e\x{301}e\x{301}e\x{301}e\x{301}e\x{301}e\x{301}e\x{301}e\x{301}e\x{301} e\x{301} e\x{301}e\x{301}e\x{301}e\x{301}e\x{301}e\x{301}e\x{301}e\x{301}e\x{301}e\x{301}e\x{301}e\x{301}e\x{301}e\x{301}e\x{301}e\x{301}e\x{301}e\x{301}e\x{301}e\x{301}e\x{301}e\x{301}e\x{301}e\x{301}e\x{301}e\x{301}e\x{301}e\x{301}e\x{301}e\x{301}e\x{301}e\x{301}e\x{301}e\x{301}e\x{301}e\x{301}e\x{301}e\x{301}e\x{301}e\x{301}e\x{301}e\x{301}e\x{301} e\x{301}e\x{301}e\x{301}e\x{301}e\x{301}e\x{301}e\x{301}e\x{301}e\x{301}e\x{301}e\x{301}e\x{301}e\x{301}e\x{301}e\x{301}e\x{301}e\x{301}e\x{301}e\x{301}e\x{301}e\x{301}e\x{301}e\x{301}e\x{301}e\x{301}e\x{301}e\x{301}e\x{301}e\x{301}e\x{301} e\x{301}e\x{301}e\x{301}e\x{301}e\x{301}e\x{301}e\x{301}e\x{301}e\x{301}e\x{301}e\x{301}e\x{301}e\x{301}e\x{301}e\x{301}e\x{301}e\x{301}e\x{301}e\x{301}e\x{301}e\x{301}e\x{301}"
          text run at (1056,1860) width 0: " "
          text run at (0,1875) width 1056: "e\x{301}e\x{301}e\x{301}e\x{301}e\x{301}e\x{301}e\x{301}e\x{301}e\x{301}e\x{301}e\x{301}e\x{301}e\x{301}e\x{301}e\x{301}e\x{301}e\x{301}e\x{301}e\x{301}e\x{301}e\x{301}e\x{301}e\x{301}e\x{301}e\x{301}e\x{301}e\x{301}e\x{301}e\x{301}e\x{301}e\x{301}e\x{301} e\x{301} e\x{301}e\x{301}e\x{301}e\x{301}e\x{301}e\x{301}e\x{301}e\x{301}e\x{301}e\x{301}e\x{301}e\x{301}e\x{301}e\x{301}e\x{301}e\x{301}e\x{301}e\x{301}e\x{301}e\x{301}e\x{301}e\x{301}e\x{301}e\x{301}e\x{301}e\x{301}e\x{301}e\x{301}e\x{301}e\x{301}e\x{301}e\x{301}e\x{301}e\x{301}e\x{301}e\x{301}e\x{301}e\x{301}e\x{301}e\x{301}e\x{301}e\x{301}e\x{301} e\x{301}e\x{301}e\x{301}e\x{301}e\x{301}e\x{301}e\x{301}e\x{301}e\x{301}e\x{301}e\x{301}e\x{301}e\x{301}e\x{301}e\x{301}e\x{301}e\x{301}e\x{301}e\x{301}e\x{301}e\x{301}e\x{301}e\x{301}e\x{301}e\x{301}e\x{301}e\x{301}e\x{301}e\x{301}e\x{301} e\x{301}e\x{301}e\x{301}e\x{301}e\x{301}e\x{301}e\x{301}e\x{301}e\x{301}e\x{301}e\x{301}e\x{301}e\x{301}e\x{301}e\x{301}e\x{301}e\x{301}e\x{301}e\x{301}e\x{301}e\x{301}e\x{301}"
          text run at (1056,1875) width 0: " "
          text run at (0,1890) width 1056: "e\x{301}e\x{301}e\x{301}e\x{301}e\x{301}e\x{301}e\x{301}e\x{301}e\x{301}e\x{301}e\x{301}e\x{301}e\x{301}e\x{301}e\x{301}e\x{301}e\x{301}e\x{301}e\x{301}e\x{301}e\x{301}e\x{301}e\x{301}e\x{301}e\x{301}e\x{301}e\x{301}e\x{301}e\x{301}e\x{301}e\x{301}e\x{301} e\x{301} e\x{301}e\x{301}e\x{301}e\x{301}e\x{301}e\x{301}e\x{301}e\x{301}e\x{301}e\x{301}e\x{301}e\x{301}e\x{301}e\x{301}e\x{301}e\x{301}e\x{301}e\x{301}e\x{301}e\x{301}e\x{301}e\x{301}e\x{301}e\x{301}e\x{301}e\x{301}e\x{301}e\x{301}e\x{301}e\x{301}e\x{301}e\x{301}e\x{301}e\x{301}e\x{301}e\x{301}e\x{301}e\x{301}e\x{301}e\x{301}e\x{301}e\x{301}e\x{301} e\x{301}e\x{301}e\x{301}e\x{301}e\x{301}e\x{301}e\x{301}e\x{301}e\x{301}e\x{301}e\x{301}e\x{301}e\x{301}e\x{301}e\x{301}e\x{301}e\x{301}e\x{301}e\x{301}e\x{301}e\x{301}e\x{301}e\x{301}e\x{301}e\x{301}e\x{301}e\x{301}e\x{301}e\x{301}e\x{301} e\x{301}e\x{301}e\x{301}e\x{301}e\x{301}e\x{301}e\x{301}e\x{301}e\x{301}e\x{301}e\x{301}e\x{301}e\x{301}e\x{301}e\x{301}e\x{301}e\x{301}e\x{301}e\x{301}e\x{301}e\x{301}e\x{301}"
          text run at (1056,1890) width 0: " "
          text run at (0,1905) width 1056: "e\x{301}e\x{301}e\x{301}e\x{301}e\x{301}e\x{301}e\x{301}e\x{301}e\x{301}e\x{301}e\x{301}e\x{301}e\x{301}e\x{301}e\x{301}e\x{301}e\x{301}e\x{301}e\x{301}e\x{301}e\x{301}e\x{301}e\x{301}e\x{301}e\x{301}e\x{301}e\x{301}e\x{301}e\x{301}e\x{301}e\x{301}e\x{301} e\x{301} e\x{301}e\x{301}e\x{301}e\x{301}e\x{301}e\x{301}e\x{301}e\x{301}e\x{301}e\x{301}e\x{301}e\x{301}e\x{301}e\x{301}e\x{301}e\x{301}e\x{301}e\x{301}e\x{301}e\x{301}e\x{301}e\x{301}e\x{301}e\x{301}e\x{301}e\x{301}e\x{301}e\x{301}e\x{301}e\x{301}e\x{301}e\x{301}e\x{301}e\x{301}e\x{301}e\x{301}e\x{301}e\x{301}e\x{301}e\x{301}e\x{301}e\x{301}e\x{301} e\x{301}e\x{301}e\x{301}e\x{301}e\x{301}e\x{301}e\x{301}e\x{301}e\x{301}e\x{301}e\x{301}e\x{301}e\x{301}e\x{301}e\x{301}e\x{301}e\x{301}e\x{301}e\x{301}e\x{301}e\x{301}e\x{301}e\x{301}e\x{301}e\x{301}e\x{301}e\x{301}e\x{301}e\x{301}e\x{301} e\x{301}e\x{301}e\x{301}e\x{301}e\x{301}e\x{301}e\x{301}e\x{301}e\x{301}e\x{301}e\x{301}e\x{301}e\x{301}e\x{301}e\x{301}e\x{301}e\x{301}e\x{301}e\x{301}e\x{301}e\x{301}e\x{301}"
          text run at (1056,1905) width 0: " "
          text run at (0,1920) width 1056: "e\x{301}e\x{301}e\x{301}e\x{301}e\x{301}e\x{301}e\x{301}e\x{301}e\x{301}e\x{301}e\x{301}e\x{301}e\x{301}e\x{301}e\x{301}e\x{301}e\x{301}e\x{301}e\x{301}e\x{301}e\x{301}e\x{301}e\x{301}e\x{301}e\x{301}e\x{301}e\x{301}e\x{301}e\x{301}e\x{301}e\x{301}e\x{301} e\x{301} e\x{301}e\x{301}e\x{301}e\x{301}e\x{301}e\x{301}e\x{301}e\x{301}e\x{301}e\x{301}e\x{301}e\x{301}e\x{301}e\x{301}e\x{301}e\x{301}e\x{301}e\x{301}e\x{301}e\x{301}e\x{301}e\x{301}e\x{301}e\x{301}e\x{301}e\x{301}e\x{301}e\x{301}e\x{301}e\x{301}e\x{301}e\x{301}e\x{301}e\x{301}e\x{301}e\x{301}e\x{301}e\x{301}e\x{301}e\x{301}e\x{301}e\x{301}e\x{301} e\x{301}e\x{301}e\x{301}e\x{301}e\x{301}e\x{301}e\x{301}e\x{301}e\x{301}e\x{301}e\x{301}e\x{301}e\x{301}e\x{301}e\x{301}e\x{301}e\x{301}e\x{301}e\x{301}e\x{301}e\x{301}e\x{301}e\x{301}e\x{301}e\x{301}e\x{301}e\x{301}e\x{301}e\x{301}e\x{301} e\x{301}e\x{301}e\x{301}e\x{301}e\x{301}e\x{301}e\x{301}e\x{301}e\x{301}e\x{301}e\x{301}e\x{301}e\x{301}e\x{301}e\x{301}e\x{301}e\x{301}e\x{301}e\x{301}e\x{301}e\x{301}e\x{301}"
          text run at (1056,1920) width 0: " "
          text run at (0,1935) width 1056: "e\x{301}e\x{301}e\x{301}e\x{301}e\x{301}e\x{301}e\x{301}e\x{301}e\x{301}e\x{301}e\x{301}e\x{301}e\x{301}e\x{301}e\x{301}e\x{301}e\x{301}e\x{301}e\x{301}e\x{301}e\x{301}e\x{301}e\x{301}e\x{301}e\x{301}e\x{301}e\x{301}e\x{301}e\x{301}e\x{301}e\x{301}e\x{301} e\x{301} e\x{301}e\x{301}e\x{301}e\x{301}e\x{301}e\x{301}e\x{301}e\x{301}e\x{301}e\x{301}e\x{301}e\x{301}e\x{301}e\x{301}e\x{301}e\x{301}e\x{301}e\x{301}e\x{301}e\x{301}e\x{301}e\x{301}e\x{301}e\x{301}e\x{301}e\x{301}e\x{301}e\x{301}e\x{301}e\x{301}e\x{301}e\x{301}e\x{301}e\x{301}e\x{301}e\x{301}e\x{301}e\x{301}e\x{301}e\x{301}e\x{301}e\x{301}e\x{301} e\x{301}e\x{301}e\x{301}e\x{301}e\x{301}e\x{301}e\x{301}e\x{301}e\x{301}e\x{301}e\x{301}e\x{301}e\x{301}e\x{301}e\x{301}e\x{301}e\x{301}e\x{301}e\x{301}e\x{301}e\x{301}e\x{301}e\x{301}e\x{301}e\x{301}e\x{301}e\x{301}e\x{301}e\x{301}e\x{301} e\x{301}e\x{301}e\x{301}e\x{301}e\x{301}e\x{301}e\x{301}e\x{301}e\x{301}e\x{301}e\x{301}e\x{301}e\x{301}e\x{301}e\x{301}e\x{301}e\x{301}e\x{301}e\x{301}e\x{301}e\x{301}e\x{301}"
          text run at (1056,1935) width 0: " "
          text run at (0,1950) width 1056: "e\x{301}e\x{301}e\x{301}e\x{301}e\x{301}e\x{301}e\x{301}e\x{301}e\x{301}e\x{301}e\x{301}e\x{301}e\x{301}e\x{301}e\x{301}e\x{301}e\x{301}e\x{301}e\x{301}e\x{301}e\x{301}e\x{301}e\x{301}e\x{301}e\x{301}e\x{301}e\x{301}e\x{301}e\x{301}e\x{301}e\x{301}e\x{301} e\x{301} e\x{301}e\x{301}e\x{301}e\x{301}e\x{301}e\x{301}e\x{301}e\x{301}e\x{301}e\x{301}e\x{301}e\x{301}e\x{301}e\x{301}e\x{301}e\x{301}e\x{301}e\x{301}e\x{301}e\x{301}e\x{301}e\x{301}e\x{301}e\x{301}e\x{301}e\x{301}e\x{301}e\x{301}e\x{301}e\x{301}e\x{301}e\x{301}e\x{301}e\x{301}e\x{301}e\x{301}e\x{301}e\x{301}e\x{301}e\x{301}e\x{301}e\x{301}e\x{301} e\x{301}e\x{301}e\x{301}e\x{301}e\x{301}e\x{301}e\x{301}e\x{301}e\x{301}e\x{301}e\x{301}e\x{301}e\x{301}e\x{301}e\x{301}e\x{301}e\x{301}e\x{301}e\x{301}e\x{301}e\x{301}e\x{301}e\x{301}e\x{301}e\x{301}e\x{301}e\x{301}e\x{301}e\x{301}e\x{301} e\x{301}e\x{301}e\x{301}e\x{301}e\x{301}e\x{301}e\x{301}e\x{301}e\x{301}e\x{301}e\x{301}e\x{301}e\x{301}e\x{301}e\x{301}e\x{301}e\x{301}e\x{301}e\x{301}e\x{301}e\x{301}e\x{301}"
          text run at (1056,1950) width 0: " "
          text run at (0,1965) width 1056: "e\x{301}e\x{301}e\x{301}e\x{301}e\x{301}e\x{301}e\x{301}e\x{301}e\x{301}e\x{301}e\x{301}e\x{301}e\x{301}e\x{301}e\x{301}e\x{301}e\x{301}e\x{301}e\x{301}e\x{301}e\x{301}e\x{301}e\x{301}e\x{301}e\x{301}e\x{301}e\x{301}e\x{301}e\x{301}e\x{301}e\x{301}e\x{301} e\x{301} e\x{301}e\x{301}e\x{301}e\x{301}e\x{301}e\x{301}e\x{301}e\x{301}e\x{301}e\x{301}e\x{301}e\x{301}e\x{301}e\x{301}e\x{301}e\x{301}e\x{301}e\x{301}e\x{301}e\x{301}e\x{301}e\x{301}e\x{301}e\x{301}e\x{301}e\x{301}e\x{301}e\x{301}e\x{301}e\x{301}e\x{301}e\x{301}e\x{301}e\x{301}e\x{301}e\x{301}e\x{301}e\x{301}e\x{301}e\x{301}e\x{301}e\x{301}e\x{301} e\x{301}e\x{301}e\x{301}e\x{301}e\x{301}e\x{301}e\x{301}e\x{301}e\x{301}e\x{301}e\x{301}e\x{301}e\x{301}e\x{301}e\x{301}e\x{301}e\x{301}e\x{301}e\x{301}e\x{301}e\x{301}e\x{301}e\x{301}e\x{301}e\x{301}e\x{301}e\x{301}e\x{301}e\x{301}e\x{301} e\x{301}e\x{301}e\x{301}e\x{301}e\x{301}e\x{301}e\x{301}e\x{301}e\x{301}e\x{301}e\x{301}e\x{301}e\x{301}e\x{301}e\x{301}e\x{301}e\x{301}e\x{301}e\x{301}e\x{301}e\x{301}e\x{301}"
          text run at (1056,1965) width 0: " "
          text run at (0,1980) width 1056: "e\x{301}e\x{301}e\x{301}e\x{301}e\x{301}e\x{301}e\x{301}e\x{301}e\x{301}e\x{301}e\x{301}e\x{301}e\x{301}e\x{301}e\x{301}e\x{301}e\x{301}e\x{301}e\x{301}e\x{301}e\x{301}e\x{301}e\x{301}e\x{301}e\x{301}e\x{301}e\x{301}e\x{301}e\x{301}e\x{301}e\x{301}e\x{301} e\x{301} e\x{301}e\x{301}e\x{301}e\x{301}e\x{301}e\x{301}e\x{301}e\x{301}e\x{301}e\x{301}e\x{301}e\x{301}e\x{301}e\x{301}e\x{301}e\x{301}e\x{301}e\x{301}e\x{301}e\x{301}e\x{301}e\x{301}e\x{301}e\x{301}e\x{301}e\x{301}e\x{301}e\x{301}e\x{301}e\x{301}e\x{301}e\x{301}e\x{301}e\x{301}e\x{301}e\x{301}e\x{301}e\x{301}e\x{301}e\x{301}e\x{301}e\x{301}e\x{301} e\x{301}e\x{301}e\x{301}e\x{301}e\x{301}e\x{301}e\x{301}e\x{301}e\x{301}e\x{301}e\x{301}e\x{301}e\x{301}e\x{301}e\x{301}e\x{301}e\x{301}e\x{301}e\x{301}e\x{301}e\x{301}e\x{301}e\x{301}e\x{301}e\x{301}e\x{301}e\x{301}e\x{301}e\x{301}e\x{301} e\x{301}e\x{301}e\x{301}e\x{301}e\x{301}e\x{301}e\x{301}e\x{301}e\x{301}e\x{301}e\x{301}e\x{301}e\x{301}e\x{301}e\x{301}e\x{301}e\x{301}e\x{301}e\x{301}e\x{301}e\x{301}e\x{301}"
          text run at (1056,1980) width 0: " "
          text run at (0,1995) width 1056: "e\x{301}e\x{301}e\x{301}e\x{301}e\x{301}e\x{301}e\x{301}e\x{301}e\x{301}e\x{301}e\x{301}e\x{301}e\x{301}e\x{301}e\x{301}e\x{301}e\x{301}e\x{301}e\x{301}e\x{301}e\x{301}e\x{301}e\x{301}e\x{301}e\x{301}e\x{301}e\x{301}e\x{301}e\x{301}e\x{301}e\x{301}e\x{301} e\x{301} e\x{301}e\x{301}e\x{301}e\x{301}e\x{301}e\x{301}e\x{301}e\x{301}e\x{301}e\x{301}e\x{301}e\x{301}e\x{301}e\x{301}e\x{301}e\x{301}e\x{301}e\x{301}e\x{301}e\x{301}e\x{301}e\x{301}e\x{301}e\x{301}e\x{301}e\x{301}e\x{301}e\x{301}e\x{301}e\x{301}e\x{301}e\x{301}e\x{301}e\x{301}e\x{301}e\x{301}e\x{301}e\x{301}e\x{301}e\x{301}e\x{301}e\x{301}e\x{301} e\x{301}e\x{301}e\x{301}e\x{301}e\x{301}e\x{301}e\x{301}e\x{301}e\x{301}e\x{301}e\x{301}e\x{301}e\x{301}e\x{301}e\x{301}e\x{301}e\x{301}e\x{301}e\x{301}e\x{301}e\x{301}e\x{301}e\x{301}e\x{301}e\x{301}e\x{301}e\x{301}e\x{301}e\x{301}e\x{301} e\x{301}e\x{301}e\x{301}e\x{301}e\x{301}e\x{301}e\x{301}e\x{301}e\x{301}e\x{301}e\x{301}e\x{301}e\x{301}e\x{301}e\x{301}e\x{301}e\x{301}e\x{301}e\x{301}e\x{301}e\x{301}e\x{301}"
          text run at (1056,1995) width 0: " "
          text run at (0,2010) width 1056: "e\x{301}e\x{301}e\x{301}e\x{301}e\x{301}e\x{301}e\x{301}e\x{301}e\x{301}e\x{301}e\x{301}e\x{301}e\x{301}e\x{301}e\x{301}e\x{301}e\x{301}e\x{301}e\x{301}e\x{301}e\x{301}e\x{301}e\x{301}e\x{301}e\x{301}e\x{301}e\x{301}e\x{301}e\x{301}e\x{301}e\x{301}e\x{301} e\x{301} e\x{301}e\x{301}e\x{301}e\x{301}e\x{301}e\x{301}e\x{301}e\x{301}e\x{301}e\x{301}e\x{301}e\x{301}e\x{301}e\x{301}e\x{301}e\x{301}e\x{301}e\x{301}e\x{301}e\x{301}e\x{301}e\x{301}e\x{301}e\x{301}e\x{301}e\x{301}e\x{301}e\x{301}e\x{301}e\x{301}e\x{301}e\x{301}e\x{301}e\x{301}e\x{301}e\x{301}e\x{301}e\x{301}e\x{301}e\x{301}e\x{301}e\x{301}e\x{301} e\x{301}e\x{301}e\x{301}e\x{301}e\x{301}e\x{301}e\x{301}e\x{301}e\x{301}e\x{301}e\x{301}e\x{301}e\x{301}e\x{301}e\x{301}e\x{301}e\x{301}e\x{301}e\x{301}e\x{301}e\x{301}e\x{301}e\x{301}e\x{301}e\x{301}e\x{301}e\x{301}e\x{301}e\x{301}e\x{301} e\x{301}e\x{301}e\x{301}e\x{301}e\x{301}e\x{301}e\x{301}e\x{301}e\x{301}e\x{301}e\x{301}e\x{301}e\x{301}e\x{301}e\x{301}e\x{301}e\x{301}e\x{301}e\x{301}e\x{301}e\x{301}e\x{301}"
          text run at (1056,2010) width 0: " "
          text run at (0,2025) width 1056: "e\x{301}e\x{301}e\x{301}e\x{301}e\x{301}e\x{301}e\x{301}e\x{301}e\x{301}e\x{301}e\x{301}e\x{301}e\x{301}e\x{301}e\x{301}e\x{301}e\x{301}e\x{301}e\x{301}e\x{301}e\x{301}e\x{301}e\x{301}e\x{301}e\x{301}e\x{301}e\x{301}e\x{301}e\x{301}e\x{301}e\x{301}e\x{301} e\x{301} e\x{301}e\x{301}e\x{301}e\x{301}e\x{301}e\x{301}e\x{301}e\x{301}e\x{301}e\x{301}e\x{301}e\x{301}e\x{301}e\x{301}e\x{301}e\x{301}e\x{301}e\x{301}e\x{301}e\x{301}e\x{301}e\x{301}e\x{301}e\x{301}e\x{301}e\x{301}e\x{301}e\x{301}e\x{301}e\x{301}e\x{301}e\x{301}e\x{301}e\x{301}e\x{301}e\x{301}e\x{301}e\x{301}e\x{301}e\x{301}e\x{301}e\x{301}e\x{301} e\x{301}e\x{301}e\x{301}e\x{301}e\x{301}e\x{301}e\x{301}e\x{301}e\x{301}e\x{301}e\x{301}e\x{301}e\x{301}e\x{301}e\x{301}e\x{301}e\x{301}e\x{301}e\x{301}e\x{301}e\x{301}e\x{301}e\x{301}e\x{301}e\x{301}e\x{301}e\x{301}e\x{301}e\x{301}e\x{301} e\x{301}e\x{301}e\x{301}e\x{301}e\x{301}e\x{301}e\x{301}e\x{301}e\x{301}e\x{301}e\x{301}e\x{301}e\x{301}e\x{301}e\x{301}e\x{301}e\x{301}e\x{301}e\x{301}e\x{301}e\x{301}e\x{301}"
          text run at (1056,2025) width 0: " "
          text run at (0,2040) width 1056: "e\x{301}e\x{301}e\x{301}e\x{301}e\x{301}e\x{301}e\x{301}e\x{301}e\x{301}e\x{301}e\x{301}e\x{301}e\x{301}e\x{301}e\x{301}e\x{301}e\x{301}e\x{301}e\x{301}e\x{301}e\x{301}e\x{301}e\x{301}e\x{301}e\x{301}e\x{301}e\x{301}e\x{301}e\x{301}e\x{301}e\x{301}e\x{301} e\x{301} e\x{301}e\x{301}e\x{301}e\x{301}e\x{301}e\x{301}e\x{301}e\x{301}e\x{301}e\x{301}e\x{301}e\x{301}e\x{301}e\x{301}e\x{301}e\x{301}e\x{301}e\x{301}e\x{301}e\x{301}e\x{301}e\x{301}e\x{301}e\x{301}e\x{301}e\x{301}e\x{301}e\x{301}e\x{301}e\x{301}e\x{301}e\x{301}e\x{301}e\x{301}e\x{301}e\x{301}e\x{301}e\x{301}e\x{301}e\x{301}e\x{301}e\x{301}e\x{301} e\x{301}e\x{301}e\x{301}e\x{301}e\x{301}e\x{301}e\x{301}e\x{301}e\x{301}e\x{301}e\x{301}e\x{301}e\x{301}e\x{301}e\x{301}e\x{301}e\x{301}e\x{301}e\x{301}e\x{301}e\x{301}e\x{301}e\x{301}e\x{301}e\x{301}e\x{301}e\x{301}e\x{301}e\x{301}e\x{301} e\x{301}e\x{301}e\x{301}e\x{301}e\x{301}e\x{301}e\x{301}e\x{301}e\x{301}e\x{301}e\x{301}e\x{301}e\x{301}e\x{301}e\x{301}e\x{301}e\x{301}e\x{301}e\x{301}e\x{301}e\x{301}e\x{301}"
          text run at (1056,2040) width 0: " "
          text run at (0,2055) width 1056: "e\x{301}e\x{301}e\x{301}e\x{301}e\x{301}e\x{301}e\x{301}e\x{301}e\x{301}e\x{301}e\x{301}e\x{301}e\x{301}e\x{301}e\x{301}e\x{301}e\x{301}e\x{301}e\x{301}e\x{301}e\x{301}e\x{301}e\x{301}e\x{301}e\x{301}e\x{301}e\x{301}e\x{301}e\x{301}e\x{301}e\x{301}e\x{301} e\x{301} e\x{301}e\x{301}e\x{301}e\x{301}e\x{301}e\x{301}e\x{301}e\x{301}e\x{301}e\x{301}e\x{301}e\x{301}e\x{301}e\x{301}e\x{301}e\x{301}e\x{301}e\x{301}e\x{301}e\x{301}e\x{301}e\x{301}e\x{301}e\x{301}e\x{301}e\x{301}e\x{301}e\x{301}e\x{301}e\x{301}e\x{301}e\x{301}e\x{301}e\x{301}e\x{301}e\x{301}e\x{301}e\x{301}e\x{301}e\x{301}e\x{301}e\x{301}e\x{301} e\x{301}e\x{301}e\x{301}e\x{301}e\x{301}e\x{301}e\x{301}e\x{301}e\x{301}e\x{301}e\x{301}e\x{301}e\x{301}e\x{301}e\x{301}e\x{301}e\x{301}e\x{301}e\x{301}e\x{301}e\x{301}e\x{301}e\x{301}e\x{301}e\x{301}e\x{301}e\x{301}e\x{301}e\x{301}e\x{301} e\x{301}e\x{301}e\x{301}e\x{301}e\x{301}e\x{301}e\x{301}e\x{301}e\x{301}e\x{301}e\x{301}e\x{301}e\x{301}e\x{301}e\x{301}e\x{301}e\x{301}e\x{301}e\x{301}e\x{301}e\x{301}e\x{301}"
          text run at (1056,2055) width 0: " "
          text run at (0,2070) width 1056: "e\x{301}e\x{301}e\x{301}e\x{301}e\x{301}e\x{301}e\x{301}e\x{301}e\x{301}e\x{301}e\x{301}e\x{301}e\x{301}e\x{301}e\x{301}e\x{301}e\x{301}e\x{301}e\x{301}e\x{301}e\x{301}e\x{301}e\x{301}e\x{301}e\x{301}e\x{301}e\x{301}e\x{301}e\x{301}e\x{301}e\x{301}e\x{301} e\x{301} e\x{301}e\x{301}e\x{301}e\x{301}e\x{301}e\x{301}e\x{301}e\x{301}e\x{301}e\x{301}e\x{301}e\x{301}e\x{301}e\x{301}e\x{301}e\x{301}e\x{301}e\x{301}e\x{301}e\x{301}e\x{301}e\x{301}e\x{301}e\x{301}e\x{301}e\x{301}e\x{301}e\x{301}e\x{301}e\x{301}e\x{301}e\x{301}e\x{301}e\x{301}e\x{301}e\x{301}e\x{301}e\x{301}e\x{301}e\x{301}e\x{301}e\x{301}e\x{301} e\x{301}e\x{301}e\x{301}e\x{301}e\x{301}e\x{301}e\x{301}e\x{301}e\x{301}e\x{301}e\x{301}e\x{301}e\x{301}e\x{301}e\x{301}e\x{301}e\x{301}e\x{301}e\x{301}e\x{301}e\x{301}e\x{301}e\x{301}e\x{301}e\x{301}e\x{301}e\x{301}e\x{301}e\x{301}e\x{301} e\x{301}e\x{301}e\x{301}e\x{301}e\x{301}e\x{301}e\x{301}e\x{301}e\x{301}e\x{301}e\x{301}e\x{301}e\x{301}e\x{301}e\x{301}e\x{301}e\x{301}e\x{301}e\x{301}e\x{301}e\x{301}e\x{301}"
          text run at (1056,2070) width 0: " "
          text run at (0,2085) width 1056: "e\x{301}e\x{301}e\x{301}e\x{301}e\x{301}e\x{301}e\x{301}e\x{301}e\x{301}e\x{301}e\x{301}e\x{301}e\x{301}e\x{301}e\x{301}e\x{301}e\x{301}e\x{301}e\x{301}e\x{301}e\x{301}e\x{301}e\x{301}e\x{301}e\x{301}e\x{301}e\x{301}e\x{301}e\x{301}e\x{301}e\x{301}e\x{301} e\x{301} e\x{301}e\x{301}e\x{301}e\x{301}e\x{301}e\x{301}e\x{301}e\x{301}e\x{301}e\x{301}e\x{301}e\x{301}e\x{301}e\x{301}e\x{301}e\x{301}e\x{301}e\x{301}e\x{301}e\x{301}e\x{301}e\x{301}e\x{301}e\x{301}e\x{301}e\x{301}e\x{301}e\x{301}e\x{301}e\x{301}e\x{301}e\x{301}e\x{301}e\x{301}e\x{301}e\x{301}e\x{301}e\x{301}e\x{301}e\x{301}e\x{301}e\x{301}e\x{301} e\x{301}e\x{301}e\x{301}e\x{301}e\x{301}e\x{301}e\x{301}e\x{301}e\x{301}e\x{301}e\x{301}e\x{301}e\x{301}e\x{301}e\x{301}e\x{301}e\x{301}e\x{301}e\x{301}e\x{301}e\x{301}e\x{301}e\x{301}e\x{301}e\x{301}e\x{301}e\x{301}e\x{301}e\x{301}e\x{301} e\x{301}e\x{301}e\x{301}e\x{301}e\x{301}e\x{301}e\x{301}e\x{301}e\x{301}e\x{301}e\x{301}e\x{301}e\x{301}e\x{301}e\x{301}e\x{301}e\x{301}e\x{301}e\x{301}e\x{301}e\x{301}e\x{301}"
          text run at (1056,2085) width 0: " "
          text run at (0,2100) width 1056: "e\x{301}e\x{301}e\x{301}e\x{301}e\x{301}e\x{301}e\x{301}e\x{301}e\x{301}e\x{301}e\x{301}e\x{301}e\x{301}e\x{301}e\x{301}e\x{301}e\x{301}e\x{301}e\x{301}e\x{301}e\x{301}e\x{301}e\x{301}e\x{301}e\x{301}e\x{301}e\x{301}e\x{301}e\x{301}e\x{301}e\x{301}e\x{301} e\x{301} e\x{301}e\x{301}e\x{301}e\x{301}e\x{301}e\x{301}e\x{301}e\x{301}e\x{301}e\x{301}e\x{301}e\x{301}e\x{301}e\x{301}e\x{301}e\x{301}e\x{301}e\x{301}e\x{301}e\x{301}e\x{301}e\x{301}e\x{301}e\x{301}e\x{301}e\x{301}e\x{301}e\x{301}e\x{301}e\x{301}e\x{301}e\x{301}e\x{301}e\x{301}e\x{301}e\x{301}e\x{301}e\x{301}e\x{301}e\x{301}e\x{301}e\x{301}e\x{301} e\x{301}e\x{301}e\x{301}e\x{301}e\x{301}e\x{301}e\x{301}e\x{301}e\x{301}e\x{301}e\x{301}e\x{301}e\x{301}e\x{301}e\x{301}e\x{301}e\x{301}e\x{301}e\x{301}e\x{301}e\x{301}e\x{301}e\x{301}e\x{301}e\x{301}e\x{301}e\x{301}e\x{301}e\x{301}e\x{301} e\x{301}e\x{301}e\x{301}e\x{301}e\x{301}e\x{301}e\x{301}e\x{301}e\x{301}e\x{301}e\x{301}e\x{301}e\x{301}e\x{301}e\x{301}e\x{301}e\x{301}e\x{301}e\x{301}e\x{301}e\x{301}e\x{301}"
          text run at (1056,2100) width 0: " "
          text run at (0,2115) width 1056: "e\x{301}e\x{301}e\x{301}e\x{301}e\x{301}e\x{301}e\x{301}e\x{301}e\x{301}e\x{301}e\x{301}e\x{301}e\x{301}e\x{301}e\x{301}e\x{301}e\x{301}e\x{301}e\x{301}e\x{301}e\x{301}e\x{301}e\x{301}e\x{301}e\x{301}e\x{301}e\x{301}e\x{301}e\x{301}e\x{301}e\x{301}e\x{301} e\x{301} e\x{301}e\x{301}e\x{301}e\x{301}e\x{301}e\x{301}e\x{301}e\x{301}e\x{301}e\x{301}e\x{301}e\x{301}e\x{301}e\x{301}e\x{301}e\x{301}e\x{301}e\x{301}e\x{301}e\x{301}e\x{301}e\x{301}e\x{301}e\x{301}e\x{301}e\x{301}e\x{301}e\x{301}e\x{301}e\x{301}e\x{301}e\x{301}e\x{301}e\x{301}e\x{301}e\x{301}e\x{301}e\x{301}e\x{301}e\x{301}e\x{301}e\x{301}e\x{301} e\x{301}e\x{301}e\x{301}e\x{301}e\x{301}e\x{301}e\x{301}e\x{301}e\x{301}e\x{301}e\x{301}e\x{301}e\x{301}e\x{301}e\x{301}e\x{301}e\x{301}e\x{301}e\x{301}e\x{301}e\x{301}e\x{301}e\x{301}e\x{301}e\x{301}e\x{301}e\x{301}e\x{301}e\x{301}e\x{301} e\x{301}e\x{301}e\x{301}e\x{301}e\x{301}e\x{301}e\x{301}e\x{301}e\x{301}e\x{301}e\x{301}e\x{301}e\x{301}e\x{301}e\x{301}e\x{301}e\x{301}e\x{301}e\x{301}e\x{301}e\x{301}e\x{301}"
          text run at (1056,2115) width 0: " "
          text run at (0,2130) width 1056: "e\x{301}e\x{301}e\x{301}e\x{301}e\x{301}e\x{301}e\x{301}e\x{301}e\x{301}e\x{301}e\x{301}e\x{301}e\x{301}e\x{301}e\x{301}e\x{301}e\x{301}e\x{301}e\x{301}e\x{301}e\x{301}e\x{301}e\x{301}e\x{301}e\x{301}e\x{301}e\x{301}e\x{301}e\x{301}e\x{301}e\x{301}e\x{301} e\x{301} e\x{301}e\x{301}e\x{301}e\x{301}e\x{301}e\x{301}e\x{301}e\x{301}e\x{301}e\x{301}e\x{301}e\x{301}e\x{301}e\x{301}e\x{301}e\x{301}e\x{301}e\x{301}e\x{301}e\x{301}e\x{301}e\x{301}e\x{301}e\x{301}e\x{301}e\x{301}e\x{301}e\x{301}e\x{301}e\x{301}e\x{301}e\x{301}e\x{301}e\x{301}e\x{301}e\x{301}e\x{301}e\x{301}e\x{301}e\x{301}e\x{301}e\x{301}e\x{301} e\x{301}e\x{301}e\x{301}e\x{301}e\x{301}e\x{301}e\x{301}e\x{301}e\x{301}e\x{301}e\x{301}e\x{301}e\x{301}e\x{301}e\x{301}e\x{301}e\x{301}e\x{301}e\x{301}e\x{301}e\x{301}e\x{301}e\x{301}e\x{301}e\x{301}e\x{301}e\x{301}e\x{301}e\x{301}e\x{301} e\x{301}e\x{301}e\x{301}e\x{301}e\x{301}e\x{301}e\x{301}e\x{301}e\x{301}e\x{301}e\x{301}e\x{301}e\x{301}e\x{301}e\x{301}e\x{301}e\x{301}e\x{301}e\x{301}e\x{301}e\x{301}e\x{301}"
          text run at (1056,2130) width 0: " "
          text run at (0,2145) width 1056: "e\x{301}e\x{301}e\x{301}e\x{301}e\x{301}e\x{301}e\x{301}e\x{301}e\x{301}e\x{301}e\x{301}e\x{301}e\x{301}e\x{301}e\x{301}e\x{301}e\x{301}e\x{301}e\x{301}e\x{301}e\x{301}e\x{301}e\x{301}e\x{301}e\x{301}e\x{301}e\x{301}e\x{301}e\x{301}e\x{301}e\x{301}e\x{301} e\x{301} e\x{301}e\x{301}e\x{301}e\x{301}e\x{301}e\x{301}e\x{301}e\x{301}e\x{301}e\x{301}e\x{301}e\x{301}e\x{301}e\x{301}e\x{301}e\x{301}e\x{301}e\x{301}e\x{301}e\x{301}e\x{301}e\x{301}e\x{301}e\x{301}e\x{301}e\x{301}e\x{301}e\x{301}e\x{301}e\x{301}e\x{301}e\x{301}e\x{301}e\x{301}e\x{301}e\x{301}e\x{301}e\x{301}e\x{301}e\x{301}e\x{301}e\x{301}e\x{301} e\x{301}e\x{301}e\x{301}e\x{301}e\x{301}e\x{301}e\x{301}e\x{301}e\x{301}e\x{301}e\x{301}e\x{301}e\x{301}e\x{301}e\x{301}e\x{301}e\x{301}e\x{301}e\x{301}e\x{301}e\x{301}e\x{301}e\x{301}e\x{301}e\x{301}e\x{301}e\x{301}e\x{301}e\x{301}e\x{301} e\x{301}e\x{301}e\x{301}e\x{301}e\x{301}e\x{301}e\x{301}e\x{301}e\x{301}e\x{301}e\x{301}e\x{301}e\x{301}e\x{301}e\x{301}e\x{301}e\x{301}e\x{301}e\x{301}e\x{301}e\x{301}e\x{301}"
          text run at (1056,2145) width 0: " "
          text run at (0,2160) width 1056: "e\x{301}e\x{301}e\x{301}e\x{301}e\x{301}e\x{301}e\x{301}e\x{301}e\x{301}e\x{301}e\x{301}e\x{301}e\x{301}e\x{301}e\x{301}e\x{301}e\x{301}e\x{301}e\x{301}e\x{301}e\x{301}e\x{301}e\x{301}e\x{301}e\x{301}e\x{301}e\x{301}e\x{301}e\x{301}e\x{301}e\x{301}e\x{301} e\x{301} e\x{301}e\x{301}e\x{301}e\x{301}e\x{301}e\x{301}e\x{301}e\x{301}e\x{301}e\x{301}e\x{301}e\x{301}e\x{301}e\x{301}e\x{301}e\x{301}e\x{301}e\x{301}e\x{301}e\x{301}e\x{301}e\x{301}e\x{301}e\x{301}e\x{301}e\x{301}e\x{301}e\x{301}e\x{301}e\x{301}e\x{301}e\x{301}e\x{301}e\x{301}e\x{301}e\x{301}e\x{301}e\x{301}e\x{301}e\x{301}e\x{301}e\x{301}e\x{301} e\x{301}e\x{301}e\x{301}e\x{301}e\x{301}e\x{301}e\x{301}e\x{301}e\x{301}e\x{301}e\x{301}e\x{301}e\x{301}e\x{301}e\x{301}e\x{301}e\x{301}e\x{301}e\x{301}e\x{301}e\x{301}e\x{301}e\x{301}e\x{301}e\x{301}e\x{301}e\x{301}e\x{301}e\x{301}e\x{301} e\x{301}e\x{301}e\x{301}e\x{301}e\x{301}e\x{301}e\x{301}e\x{301}e\x{301}e\x{301}e\x{301}e\x{301}e\x{301}e\x{301}e\x{301}e\x{301}e\x{301}e\x{301}e\x{301}e\x{301}e\x{301}e\x{301}"
          text run at (1056,2160) width 0: " "
          text run at (0,2175) width 1056: "e\x{301}e\x{301}e\x{301}e\x{301}e\x{301}e\x{301}e\x{301}e\x{301}e\x{301}e\x{301}e\x{301}e\x{301}e\x{301}e\x{301}e\x{301}e\x{301}e\x{301}e\x{301}e\x{301}e\x{301}e\x{301}e\x{301}e\x{301}e\x{301}e\x{301}e\x{301}e\x{301}e\x{301}e\x{301}e\x{301}e\x{301}e\x{301} e\x{301} e\x{301}e\x{301}e\x{301}e\x{301}e\x{301}e\x{301}e\x{301}e\x{301}e\x{301}e\x{301}e\x{301}e\x{301}e\x{301}e\x{301}e\x{301}e\x{301}e\x{301}e\x{301}e\x{301}e\x{301}e\x{301}e\x{301}e\x{301}e\x{301}e\x{301}e\x{301}e\x{301}e\x{301}e\x{301}e\x{301}e\x{301}e\x{301}e\x{301}e\x{301}e\x{301}e\x{301}e\x{301}e\x{301}e\x{301}e\x{301}e\x{301}e\x{301}e\x{301} e\x{301}e\x{301}e\x{301}e\x{301}e\x{301}e\x{301}e\x{301}e\x{301}e\x{301}e\x{301}e\x{301}e\x{301}e\x{301}e\x{301}e\x{301}e\x{301}e\x{301}e\x{301}e\x{301}e\x{301}e\x{301}e\x{301}e\x{301}e\x{301}e\x{301}e\x{301}e\x{301}e\x{301}e\x{301}e\x{301} e\x{301}e\x{301}e\x{301}e\x{301}e\x{301}e\x{301}e\x{301}e\x{301}e\x{301}e\x{301}e\x{301}e\x{301}e\x{301}e\x{301}e\x{301}e\x{301}e\x{301}e\x{301}e\x{301}e\x{301}e\x{301}e\x{301}"
          text run at (1056,2175) width 0: " "
          text run at (0,2190) width 1056: "e\x{301}e\x{301}e\x{301}e\x{301}e\x{301}e\x{301}e\x{301}e\x{301}e\x{301}e\x{301}e\x{301}e\x{301}e\x{301}e\x{301}e\x{301}e\x{301}e\x{301}e\x{301}e\x{301}e\x{301}e\x{301}e\x{301}e\x{301}e\x{301}e\x{301}e\x{301}e\x{301}e\x{301}e\x{301}e\x{301}e\x{301}e\x{301} e\x{301} e\x{301}e\x{301}e\x{301}e\x{301}e\x{301}e\x{301}e\x{301}e\x{301}e\x{301}e\x{301}e\x{301}e\x{301}e\x{301}e\x{301}e\x{301}e\x{301}e\x{301}e\x{301}e\x{301}e\x{301}e\x{301}e\x{301}e\x{301}e\x{301}e\x{301}e\x{301}e\x{301}e\x{301}e\x{301}e\x{301}e\x{301}e\x{301}e\x{301}e\x{301}e\x{301}e\x{301}e\x{301}e\x{301}e\x{301}e\x{301}e\x{301}e\x{301}e\x{301} e\x{301}e\x{301}e\x{301}e\x{301}e\x{301}e\x{301}e\x{301}e\x{301}e\x{301}e\x{301}e\x{301}e\x{301}e\x{301}e\x{301}e\x{301}e\x{301}e\x{301}e\x{301}e\x{301}e\x{301}e\x{301}e\x{301}e\x{301}e\x{301}e\x{301}e\x{301}e\x{301}e\x{301}e\x{301}e\x{301} e\x{301}e\x{301}e\x{301}e\x{301}e\x{301}e\x{301}e\x{301}e\x{301}e\x{301}e\x{301}e\x{301}e\x{301}e\x{301}e\x{301}e\x{301}e\x{301}e\x{301}e\x{301}e\x{301}e\x{301}e\x{301}e\x{301}"
          text run at (1056,2190) width 0: " "
          text run at (0,2205) width 1056: "e\x{301}e\x{301}e\x{301}e\x{301}e\x{301}e\x{301}e\x{301}e\x{301}e\x{301}e\x{301}e\x{301}e\x{301}e\x{301}e\x{301}e\x{301}e\x{301}e\x{301}e\x{301}e\x{301}e\x{301}e\x{301}e\x{301}e\x{301}e\x{301}e\x{301}e\x{301}e\x{301}e\x{301}e\x{301}e\x{301}e\x{301}e\x{301} e\x{301} e\x{301}e\x{301}e\x{301}e\x{301}e\x{301}e\x{301}e\x{301}e\x{301}e\x{301}e\x{301}e\x{301}e\x{301}e\x{301}e\x{301}e\x{301}e\x{301}e\x{301}e\x{301}e\x{301}e\x{301}e\x{301}e\x{301}e\x{301}e\x{301}e\x{301}e\x{301}e\x{301}e\x{301}e\x{301}e\x{301}e\x{301}e\x{301}e\x{301}e\x{301}e\x{301}e\x{301}e\x{301}e\x{301}e\x{301}e\x{301}e\x{301}e\x{301}e\x{301} e\x{301}e\x{301}e\x{301}e\x{301}e\x{301}e\x{301}e\x{301}e\x{301}e\x{301}e\x{301}e\x{301}e\x{301}e\x{301}e\x{301}e\x{301}e\x{301}e\x{301}e\x{301}e\x{301}e\x{301}e\x{301}e\x{301}e\x{301}e\x{301}e\x{301}e\x{301}e\x{301}e\x{301}e\x{301}e\x{301} e\x{301}e\x{301}e\x{301}e\x{301}e\x{301}e\x{301}e\x{301}e\x{301}e\x{301}e\x{301}e\x{301}e\x{301}e\x{301}e\x{301}e\x{301}e\x{301}e\x{301}e\x{301}e\x{301}e\x{301}e\x{301}e\x{301}"
          text run at (1056,2205) width 0: " "
          text run at (0,2220) width 1056: "e\x{301}e\x{301}e\x{301}e\x{301}e\x{301}e\x{301}e\x{301}e\x{301}e\x{301}e\x{301}e\x{301}e\x{301}e\x{301}e\x{301}e\x{301}e\x{301}e\x{301}e\x{301}e\x{301}e\x{301}e\x{301}e\x{301}e\x{301}e\x{301}e\x{301}e\x{301}e\x{301}e\x{301}e\x{301}e\x{301}e\x{301}e\x{301} e\x{301} e\x{301}e\x{301}e\x{301}e\x{301}e\x{301}e\x{301}e\x{301}e\x{301}e\x{301}e\x{301}e\x{301}e\x{301}e\x{301}e\x{301}e\x{301}e\x{301}e\x{301}e\x{301}e\x{301}e\x{301}e\x{301}e\x{301}e\x{301}e\x{301}e\x{301}e\x{301}e\x{301}e\x{301}e\x{301}e\x{301}e\x{301}e\x{301}e\x{301}e\x{301}e\x{301}e\x{301}e\x{301}e\x{301}e\x{301}e\x{301}e\x{301}e\x{301}e\x{301} e\x{301}e\x{301}e\x{301}e\x{301}e\x{301}e\x{301}e\x{301}e\x{301}e\x{301}e\x{301}e\x{301}e\x{301}e\x{301}e\x{301}e\x{301}e\x{301}e\x{301}e\x{301}e\x{301}e\x{301}e\x{301}e\x{301}e\x{301}e\x{301}e\x{301}e\x{301}e\x{301}e\x{301}e\x{301}e\x{301} e\x{301}e\x{301}e\x{301}e\x{301}e\x{301}e\x{301}e\x{301}e\x{301}e\x{301}e\x{301}e\x{301}e\x{301}e\x{301}e\x{301}e\x{301}e\x{301}e\x{301}e\x{301}e\x{301}e\x{301}e\x{301}e\x{301}"
          text run at (1056,2220) width 0: " "
          text run at (0,2235) width 1056: "e\x{301}e\x{301}e\x{301}e\x{301}e\x{301}e\x{301}e\x{301}e\x{301}e\x{301}e\x{301}e\x{301}e\x{301}e\x{301}e\x{301}e\x{301}e\x{301}e\x{301}e\x{301}e\x{301}e\x{301}e\x{301}e\x{301}e\x{301}e\x{301}e\x{301}e\x{301}e\x{301}e\x{301}e\x{301}e\x{301}e\x{301}e\x{301} e\x{301} e\x{301}e\x{301}e\x{301}e\x{301}e\x{301}e\x{301}e\x{301}e\x{301}e\x{301}e\x{301}e\x{301}e\x{301}e\x{301}e\x{301}e\x{301}e\x{301}e\x{301}e\x{301}e\x{301}e\x{301}e\x{301}e\x{301}e\x{301}e\x{301}e\x{301}e\x{301}e\x{301}e\x{301}e\x{301}e\x{301}e\x{301}e\x{301}e\x{301}e\x{301}e\x{301}e\x{301}e\x{301}e\x{301}e\x{301}e\x{301}e\x{301}e\x{301}e\x{301} e\x{301}e\x{301}e\x{301}e\x{301}e\x{301}e\x{301}e\x{301}e\x{301}e\x{301}e\x{301}e\x{301}e\x{301}e\x{301}e\x{301}e\x{301}e\x{301}e\x{301}e\x{301}e\x{301}e\x{301}e\x{301}e\x{301}e\x{301}e\x{301}e\x{301}e\x{301}e\x{301}e\x{301}e\x{301}e\x{301} e\x{301}e\x{301}e\x{301}e\x{301}e\x{301}e\x{301}e\x{301}e\x{301}e\x{301}e\x{301}e\x{301}e\x{301}e\x{301}e\x{301}e\x{301}e\x{301}e\x{301}e\x{301}e\x{301}e\x{301}e\x{301}e\x{301}"
          text run at (1056,2235) width 0: " "
          text run at (0,2250) width 1056: "e\x{301}e\x{301}e\x{301}e\x{301}e\x{301}e\x{301}e\x{301}e\x{301}e\x{301}e\x{301}e\x{301}e\x{301}e\x{301}e\x{301}e\x{301}e\x{301}e\x{301}e\x{301}e\x{301}e\x{301}e\x{301}e\x{301}e\x{301}e\x{301}e\x{301}e\x{301}e\x{301}e\x{301}e\x{301}e\x{301}e\x{301}e\x{301} e\x{301} e\x{301}e\x{301}e\x{301}e\x{301}e\x{301}e\x{301}e\x{301}e\x{301}e\x{301}e\x{301}e\x{301}e\x{301}e\x{301}e\x{301}e\x{301}e\x{301}e\x{301}e\x{301}e\x{301}e\x{301}e\x{301}e\x{301}e\x{301}e\x{301}e\x{301}e\x{301}e\x{301}e\x{301}e\x{301}e\x{301}e\x{301}e\x{301}e\x{301}e\x{301}e\x{301}e\x{301}e\x{301}e\x{301}e\x{301}e\x{301}e\x{301}e\x{301}e\x{301} e\x{301}e\x{301}e\x{301}e\x{301}e\x{301}e\x{301}e\x{301}e\x{301}e\x{301}e\x{301}e\x{301}e\x{301}e\x{301}e\x{301}e\x{301}e\x{301}e\x{301}e\x{301}e\x{301}e\x{301}e\x{301}e\x{301}e\x{301}e\x{301}e\x{301}e\x{301}e\x{301}e\x{301}e\x{301}e\x{301} e\x{301}e\x{301}e\x{301}e\x{301}e\x{301}e\x{301}e\x{301}e\x{301}e\x{301}e\x{301}e\x{301}e\x{301}e\x{301}e\x{301}e\x{301}e\x{301}e\x{301}e\x{301}e\x{301}e\x{301}e\x{301}e\x{301}"
          text run at (1056,2250) width 0: " "
          text run at (0,2265) width 1056: "e\x{301}e\x{301}e\x{301}e\x{301}e\x{301}e\x{301}e\x{301}e\x{301}e\x{301}e\x{301}e\x{301}e\x{301}e\x{301}e\x{301}e\x{301}e\x{301}e\x{301}e\x{301}e\x{301}e\x{301}e\x{301}e\x{301}e\x{301}e\x{301}e\x{301}e\x{301}e\x{301}e\x{301}e\x{301}e\x{301}e\x{301}e\x{301} e\x{301} e\x{301}e\x{301}e\x{301}e\x{301}e\x{301}e\x{301}e\x{301}e\x{301}e\x{301}e\x{301}e\x{301}e\x{301}e\x{301}e\x{301}e\x{301}e\x{301}e\x{301}e\x{301}e\x{301}e\x{301}e\x{301}e\x{301}e\x{301}e\x{301}e\x{301}e\x{301}e\x{301}e\x{301}e\x{301}e\x{301}e\x{301}e\x{301}e\x{301}e\x{301}e\x{301}e\x{301}e\x{301}e\x{301}e\x{301}e\x{301}e\x{301}e\x{301}e\x{301} e\x{301}e\x{301}e\x{301}e\x{301}e\x{301}e\x{301}e\x{301}e\x{301}e\x{301}e\x{301}e\x{301}e\x{301}e\x{301}e\x{301}e\x{301}e\x{301}e\x{301}e\x{301}e\x{301}e\x{301}e\x{301}e\x{301}e\x{301}e\x{301}e\x{301}e\x{301}e\x{301}e\x{301}e\x{301}e\x{301} e\x{301}e\x{301}e\x{301}e\x{301}e\x{301}e\x{301}e\x{301}e\x{301}e\x{301}e\x{301}e\x{301}e\x{301}e\x{301}e\x{301}e\x{301}e\x{301}e\x{301}e\x{301}e\x{301}e\x{301}e\x{301}e\x{301}"
          text run at (1056,2265) width 0: " "
          text run at (0,2280) width 1056: "e\x{301}e\x{301}e\x{301}e\x{301}e\x{301}e\x{301}e\x{301}e\x{301}e\x{301}e\x{301}e\x{301}e\x{301}e\x{301}e\x{301}e\x{301}e\x{301}e\x{301}e\x{301}e\x{301}e\x{301}e\x{301}e\x{301}e\x{301}e\x{301}e\x{301}e\x{301}e\x{301}e\x{301}e\x{301}e\x{301}e\x{301}e\x{301} e\x{301} e\x{301}e\x{301}e\x{301}e\x{301}e\x{301}e\x{301}e\x{301}e\x{301}e\x{301}e\x{301}e\x{301}e\x{301}e\x{301}e\x{301}e\x{301}e\x{301}e\x{301}e\x{301}e\x{301}e\x{301}e\x{301}e\x{301}e\x{301}e\x{301}e\x{301}e\x{301}e\x{301}e\x{301}e\x{301}e\x{301}e\x{301}e\x{301}e\x{301}e\x{301}e\x{301}e\x{301}e\x{301}e\x{301}e\x{301}e\x{301}e\x{301}e\x{301}e\x{301} e\x{301}e\x{301}e\x{301}e\x{301}e\x{301}e\x{301}e\x{301}e\x{301}e\x{301}e\x{301}e\x{301}e\x{301}e\x{301}e\x{301}e\x{301}e\x{301}e\x{301}e\x{301}e\x{301}e\x{301}e\x{301}e\x{301}e\x{301}e\x{301}e\x{301}e\x{301}e\x{301}e\x{301}e\x{301}e\x{301} e\x{301}e\x{301}e\x{301}e\x{301}e\x{301}e\x{301}e\x{301}e\x{301}e\x{301}e\x{301}e\x{301}e\x{301}e\x{301}e\x{301}e\x{301}e\x{301}e\x{301}e\x{301}e\x{301}e\x{301}e\x{301}e\x{301}"
          text run at (1056,2280) width 0: " "
          text run at (0,2295) width 1056: "e\x{301}e\x{301}e\x{301}e\x{301}e\x{301}e\x{301}e\x{301}e\x{301}e\x{301}e\x{301}e\x{301}e\x{301}e\x{301}e\x{301}e\x{301}e\x{301}e\x{301}e\x{301}e\x{301}e\x{301}e\x{301}e\x{301}e\x{301}e\x{301}e\x{301}e\x{301}e\x{301}e\x{301}e\x{301}e\x{301}e\x{301}e\x{301} e\x{301} e\x{301}e\x{301}e\x{301}e\x{301}e\x{301}e\x{301}e\x{301}e\x{301}e\x{301}e\x{301}e\x{301}e\x{301}e\x{301}e\x{301}e\x{301}e\x{301}e\x{301}e\x{301}e\x{301}e\x{301}e\x{301}e\x{301}e\x{301}e\x{301}e\x{301}e\x{301}e\x{301}e\x{301}e\x{301}e\x{301}e\x{301}e\x{301}e\x{301}e\x{301}e\x{301}e\x{301}e\x{301}e\x{301}e\x{301}e\x{301}e\x{301}e\x{301}e\x{301} e\x{301}e\x{301}e\x{301}e\x{301}e\x{301}e\x{301}e\x{301}e\x{301}e\x{301}e\x{301}e\x{301}e\x{301}e\x{301}e\x{301}e\x{301}e\x{301}e\x{301}e\x{301}e\x{301}e\x{301}e\x{301}e\x{301}e\x{301}e\x{301}e\x{301}e\x{301}e\x{301}e\x{301}e\x{301}e\x{301} e\x{301}e\x{301}e\x{301}e\x{301}e\x{301}e\x{301}e\x{301}e\x{301}e\x{301}e\x{301}e\x{301}e\x{301}e\x{301}e\x{301}e\x{301}e\x{301}e\x{301}e\x{301}e\x{301}e\x{301}e\x{301}e\x{301}"
          text run at (1056,2295) width 0: " "
          text run at (0,2310) width 1056: "e\x{301}e\x{301}e\x{301}e\x{301}e\x{301}e\x{301}e\x{301}e\x{301}e\x{301}e\x{301}e\x{301}e\x{301}e\x{301}e\x{301}e\x{301}e\x{301}e\x{301}e\x{301}e\x{301}e\x{301}e\x{301}e\x{301}e\x{301}e\x{301}e\x{301}e\x{301}e\x{301}e\x{301}e\x{301}e\x{301}e\x{301}e\x{301} e\x{301} e\x{301}e\x{301}e\x{301}e\x{301}e\x{301}e\x{301}e\x{301}e\x{301}e\x{301}e\x{301}e\x{301}e\x{301}e\x{301}e\x{301}e\x{301}e\x{301}e\x{301}e\x{301}e\x{301}e\x{301}e\x{301}e\x{301}e\x{301}e\x{301}e\x{301}e\x{301}e\x{301}e\x{301}e\x{301}e\x{301}e\x{301}e\x{301}e\x{301}e\x{301}e\x{301}e\x{301}e\x{301}e\x{301}e\x{301}e\x{301}e\x{301}e\x{301}e\x{301} e\x{301}e\x{301}e\x{301}e\x{301}e\x{301}e\x{301}e\x{301}e\x{301}e\x{301}e\x{301}e\x{301}e\x{301}e\x{301}e\x{301}e\x{301}e\x{301}e\x{301}e\x{301}e\x{301}e\x{301}e\x{301}e\x{301}e\x{301}e\x{301}e\x{301}e\x{301}e\x{301}e\x{301}e\x{301}e\x{301} e\x{301}e\x{301}e\x{301}e\x{301}e\x{301}e\x{301}e\x{301}e\x{301}e\x{301}e\x{301}e\x{301}e\x{301}e\x{301}e\x{301}e\x{301}e\x{301}e\x{301}e\x{301}e\x{301}e\x{301}e\x{301}e\x{301}"
          text run at (1056,2310) width 0: " "
          text run at (0,2325) width 1056: "e\x{301}e\x{301}e\x{301}e\x{301}e\x{301}e\x{301}e\x{301}e\x{301}e\x{301}e\x{301}e\x{301}e\x{301}e\x{301}e\x{301}e\x{301}e\x{301}e\x{301}e\x{301}e\x{301}e\x{301}e\x{301}e\x{301}e\x{301}e\x{301}e\x{301}e\x{301}e\x{301}e\x{301}e\x{301}e\x{301}e\x{301}e\x{301} e\x{301} e\x{301}e\x{301}e\x{301}e\x{301}e\x{301}e\x{301}e\x{301}e\x{301}e\x{301}e\x{301}e\x{301}e\x{301}e\x{301}e\x{301}e\x{301}e\x{301}e\x{301}e\x{301}e\x{301}e\x{301}e\x{301}e\x{301}e\x{301}e\x{301}e\x{301}e\x{301}e\x{301}e\x{301}e\x{301}e\x{301}e\x{301}e\x{301}e\x{301}e\x{301}e\x{301}e\x{301}e\x{301}e\x{301}e\x{301}e\x{301}e\x{301}e\x{301}e\x{301} e\x{301}e\x{301}e\x{301}e\x{301}e\x{301}e\x{301}e\x{301}e\x{301}e\x{301}e\x{301}e\x{301}e\x{301}e\x{301}e\x{301}e\x{301}e\x{301}e\x{301}e\x{301}e\x{301}e\x{301}e\x{301}e\x{301}e\x{301}e\x{301}e\x{301}e\x{301}e\x{301}e\x{301}e\x{301}e\x{301} e\x{301}e\x{301}e\x{301}e\x{301}e\x{301}e\x{301}e\x{301}e\x{301}e\x{301}e\x{301}e\x{301}e\x{301}e\x{301}e\x{301}e\x{301}e\x{301}e\x{301}e\x{301}e\x{301}e\x{301}e\x{301}e\x{301}"
          text run at (1056,2325) width 0: " "
          text run at (0,2340) width 1056: "e\x{301}e\x{301}e\x{301}e\x{301}e\x{301}e\x{301}e\x{301}e\x{301}e\x{301}e\x{301}e\x{301}e\x{301}e\x{301}e\x{301}e\x{301}e\x{301}e\x{301}e\x{301}e\x{301}e\x{301}e\x{301}e\x{301}e\x{301}e\x{301}e\x{301}e\x{301}e\x{301}e\x{301}e\x{301}e\x{301}e\x{301}e\x{301} e\x{301} e\x{301}e\x{301}e\x{301}e\x{301}e\x{301}e\x{301}e\x{301}e\x{301}e\x{301}e\x{301}e\x{301}e\x{301}e\x{301}e\x{301}e\x{301}e\x{301}e\x{301}e\x{301}e\x{301}e\x{301}e\x{301}e\x{301}e\x{301}e\x{301}e\x{301}e\x{301}e\x{301}e\x{301}e\x{301}e\x{301}e\x{301}e\x{301}e\x{301}e\x{301}e\x{301}e\x{301}e\x{301}e\x{301}e\x{301}e\x{301}e\x{301}e\x{301}e\x{301} e\x{301}e\x{301}e\x{301}e\x{301}e\x{301}e\x{301}e\x{301}e\x{301}e\x{301}e\x{301}e\x{301}e\x{301}e\x{301}e\x{301}e\x{301}e\x{301}e\x{301}e\x{301}e\x{301}e\x{301}e\x{301}e\x{301}e\x{301}e\x{301}e\x{301}e\x{301}e\x{301}e\x{301}e\x{301}e\x{301} e\x{301}e\x{301}e\x{301}e\x{301}e\x{301}e\x{301}e\x{301}e\x{301}e\x{301}e\x{301}e\x{301}e\x{301}e\x{301}e\x{301}e\x{301}e\x{301}e\x{301}e\x{301}e\x{301}e\x{301}e\x{301}e\x{301}"
          text run at (1056,2340) width 0: " "
          text run at (0,2355) width 1056: "e\x{301}e\x{301}e\x{301}e\x{301}e\x{301}e\x{301}e\x{301}e\x{301}e\x{301}e\x{301}e\x{301}e\x{301}e\x{301}e\x{301}e\x{301}e\x{301}e\x{301}e\x{301}e\x{301}e\x{301}e\x{301}e\x{301}e\x{301}e\x{301}e\x{301}e\x{301}e\x{301}e\x{301}e\x{301}e\x{301}e\x{301}e\x{301} e\x{301} e\x{301}e\x{301}e\x{301}e\x{301}e\x{301}e\x{301}e\x{301}e\x{301}e\x{301}e\x{301}e\x{301}e\x{301}e\x{301}e\x{301}e\x{301}e\x{301}e\x{301}e\x{301}e\x{301}e\x{301}e\x{301}e\x{301}e\x{301}e\x{301}e\x{301}e\x{301}e\x{301}e\x{301}e\x{301}e\x{301}e\x{301}e\x{301}e\x{301}e\x{301}e\x{301}e\x{301}e\x{301}e\x{301}e\x{301}e\x{301}e\x{301}e\x{301}e\x{301} e\x{301}e\x{301}e\x{301}e\x{301}e\x{301}e\x{301}e\x{301}e\x{301}e\x{301}e\x{301}e\x{301}e\x{301}e\x{301}e\x{301}e\x{301}e\x{301}e\x{301}e\x{301}e\x{301}e\x{301}e\x{301}e\x{301}e\x{301}e\x{301}e\x{301}e\x{301}e\x{301}e\x{301}e\x{301}e\x{301} e\x{301}e\x{301}e\x{301}e\x{301}e\x{301}e\x{301}e\x{301}e\x{301}e\x{301}e\x{301}e\x{301}e\x{301}e\x{301}e\x{301}e\x{301}e\x{301}e\x{301}e\x{301}e\x{301}e\x{301}e\x{301}e\x{301}"
          text run at (1056,2355) width 0: " "
          text run at (0,2370) width 1056: "e\x{301}e\x{301}e\x{301}e\x{301}e\x{301}e\x{301}e\x{301}e\x{301}e\x{301}e\x{301}e\x{301}e\x{301}e\x{301}e\x{301}e\x{301}e\x{301}e\x{301}e\x{301}e\x{301}e\x{301}e\x{301}e\x{301}e\x{301}e\x{301}e\x{301}e\x{301}e\x{301}e\x{301}e\x{301}e\x{301}e\x{301}e\x{301} e\x{301} e\x{301}e\x{301}e\x{301}e\x{301}e\x{301}e\x{301}e\x{301}e\x{301}e\x{301}e\x{301}e\x{301}e\x{301}e\x{301}e\x{301}e\x{301}e\x{301}e\x{301}e\x{301}e\x{301}e\x{301}e\x{301}e\x{301}e\x{301}e\x{301}e\x{301}e\x{301}e\x{301}e\x{301}e\x{301}e\x{301}e\x{301}e\x{301}e\x{301}e\x{301}e\x{301}e\x{301}e\x{301}e\x{301}e\x{301}e\x{301}e\x{301}e\x{301}e\x{301} e\x{301}e\x{301}e\x{301}e\x{301}e\x{301}e\x{301}e\x{301}e\x{301}e\x{301}e\x{301}e\x{301}e\x{301}e\x{301}e\x{301}e\x{301}e\x{301}e\x{301}e\x{301}e\x{301}e\x{301}e\x{301}e\x{301}e\x{301}e\x{301}e\x{301}e\x{301}e\x{301}e\x{301}e\x{301}e\x{301} e\x{301}e\x{301}e\x{301}e\x{301}e\x{301}e\x{301}e\x{301}e\x{301}e\x{301}e\x{301}e\x{301}e\x{301}e\x{301}e\x{301}e\x{301}e\x{301}e\x{301}e\x{301}e\x{301}e\x{301}e\x{301}e\x{301}"
          text run at (1056,2370) width 0: " "
          text run at (0,2385) width 1056: "e\x{301}e\x{301}e\x{301}e\x{301}e\x{301}e\x{301}e\x{301}e\x{301}e\x{301}e\x{301}e\x{301}e\x{301}e\x{301}e\x{301}e\x{301}e\x{301}e\x{301}e\x{301}e\x{301}e\x{301}e\x{301}e\x{301}e\x{301}e\x{301}e\x{301}e\x{301}e\x{301}e\x{301}e\x{301}e\x{301}e\x{301}e\x{301} e\x{301} e\x{301}e\x{301}e\x{301}e\x{301}e\x{301}e\x{301}e\x{301}e\x{301}e\x{301}e\x{301}e\x{301}e\x{301}e\x{301}e\x{301}e\x{301}e\x{301}e\x{301}e\x{301}e\x{301}e\x{301}e\x{301}e\x{301}e\x{301}e\x{301}e\x{301}e\x{301}e\x{301}e\x{301}e\x{301}e\x{301}e\x{301}e\x{301}e\x{301}e\x{301}e\x{301}e\x{301}e\x{301}e\x{301}e\x{301}e\x{301}e\x{301}e\x{301}e\x{301} e\x{301}e\x{301}e\x{301}e\x{301}e\x{301}e\x{301}e\x{301}e\x{301}e\x{301}e\x{301}e\x{301}e\x{301}e\x{301}e\x{301}e\x{301}e\x{301}e\x{301}e\x{301}e\x{301}e\x{301}e\x{301}e\x{301}e\x{301}e\x{301}e\x{301}e\x{301}e\x{301}e\x{301}e\x{301}e\x{301} e\x{301}e\x{301}e\x{301}e\x{301}e\x{301}e\x{301}e\x{301}e\x{301}e\x{301}e\x{301}e\x{301}e\x{301}e\x{301}e\x{301}e\x{301}e\x{301}e\x{301}e\x{301}e\x{301}e\x{301}e\x{301}e\x{301}"
          text run at (1056,2385) width 0: " "
          text run at (0,2400) width 1056: "e\x{301}e\x{301}e\x{301}e\x{301}e\x{301}e\x{301}e\x{301}e\x{301}e\x{301}e\x{301}e\x{301}e\x{301}e\x{301}e\x{301}e\x{301}e\x{301}e\x{301}e\x{301}e\x{301}e\x{301}e\x{301}e\x{301}e\x{301}e\x{301}e\x{301}e\x{301}e\x{301}e\x{301}e\x{301}e\x{301}e\x{301}e\x{301} e\x{301} e\x{301}e\x{301}e\x{301}e\x{301}e\x{301}e\x{301}e\x{301}e\x{301}e\x{301}e\x{301}e\x{301}e\x{301}e\x{301}e\x{301}e\x{301}e\x{301}e\x{301}e\x{301}e\x{301}e\x{301}e\x{301}e\x{301}e\x{301}e\x{301}e\x{301}e\x{301}e\x{301}e\x{301}e\x{301}e\x{301}e\x{301}e\x{301}e\x{301}e\x{301}e\x{301}e\x{301}e\x{301}e\x{301}e\x{301}e\x{301}e\x{301}e\x{301}e\x{301} e\x{301}e\x{301}e\x{301}e\x{301}e\x{301}e\x{301}e\x{301}e\x{301}e\x{301}e\x{301}e\x{301}e\x{301}e\x{301}e\x{301}e\x{301}e\x{301}e\x{301}e\x{301}e\x{301}e\x{301}e\x{301}e\x{301}e\x{301}e\x{301}e\x{301}e\x{301}e\x{301}e\x{301}e\x{301}e\x{301} e\x{301}e\x{301}e\x{301}e\x{301}e\x{301}e\x{301}e\x{301}e\x{301}e\x{301}e\x{301}e\x{301}e\x{301}e\x{301}e\x{301}e\x{301}e\x{301}e\x{301}e\x{301}e\x{301}e\x{301}e\x{301}e\x{301}"
          text run at (1056,2400) width 0: " "
          text run at (0,2415) width 1056: "e\x{301}e\x{301}e\x{301}e\x{301}e\x{301}e\x{301}e\x{301}e\x{301}e\x{301}e\x{301}e\x{301}e\x{301}e\x{301}e\x{301}e\x{301}e\x{301}e\x{301}e\x{301}e\x{301}e\x{301}e\x{301}e\x{301}e\x{301}e\x{301}e\x{301}e\x{301}e\x{301}e\x{301}e\x{301}e\x{301}e\x{301}e\x{301} e\x{301} e\x{301}e\x{301}e\x{301}e\x{301}e\x{301}e\x{301}e\x{301}e\x{301}e\x{301}e\x{301}e\x{301}e\x{301}e\x{301}e\x{301}e\x{301}e\x{301}e\x{301}e\x{301}e\x{301}e\x{301}e\x{301}e\x{301}e\x{301}e\x{301}e\x{301}e\x{301}e\x{301}e\x{301}e\x{301}e\x{301}e\x{301}e\x{301}e\x{301}e\x{301}e\x{301}e\x{301}e\x{301}e\x{301}e\x{301}e\x{301}e\x{301}e\x{301}e\x{301} e\x{301}e\x{301}e\x{301}e\x{301}e\x{301}e\x{301}e\x{301}e\x{301}e\x{301}e\x{301}e\x{301}e\x{301}e\x{301}e\x{301}e\x{301}e\x{301}e\x{301}e\x{301}e\x{301}e\x{301}e\x{301}e\x{301}e\x{301}e\x{301}e\x{301}e\x{301}e\x{301}e\x{301}e\x{301}e\x{301} e\x{301}e\x{301}e\x{301}e\x{301}e\x{301}e\x{301}e\x{301}e\x{301}e\x{301}e\x{301}e\x{301}e\x{301}e\x{301}e\x{301}e\x{301}e\x{301}e\x{301}e\x{301}e\x{301}e\x{301}e\x{301}e\x{301}"
          text run at (1056,2415) width 0: " "
          text run at (0,2430) width 1056: "e\x{301}e\x{301}e\x{301}e\x{301}e\x{301}e\x{301}e\x{301}e\x{301}e\x{301}e\x{301}e\x{301}e\x{301}e\x{301}e\x{301}e\x{301}e\x{301}e\x{301}e\x{301}e\x{301}e\x{301}e\x{301}e\x{301}e\x{301}e\x{301}e\x{301}e\x{301}e\x{301}e\x{301}e\x{301}e\x{301}e\x{301}e\x{301} e\x{301} e\x{301}e\x{301}e\x{301}e\x{301}e\x{301}e\x{301}e\x{301}e\x{301}e\x{301}e\x{301}e\x{301}e\x{301}e\x{301}e\x{301}e\x{301}e\x{301}e\x{301}e\x{301}e\x{301}e\x{301}e\x{301}e\x{301}e\x{301}e\x{301}e\x{301}e\x{301}e\x{301}e\x{301}e\x{301}e\x{301}e\x{301}e\x{301}e\x{301}e\x{301}e\x{301}e\x{301}e\x{301}e\x{301}e\x{301}e\x{301}e\x{301}e\x{301}e\x{301} e\x{301}e\x{301}e\x{301}e\x{301}e\x{301}e\x{301}e\x{301}e\x{301}e\x{301}e\x{301}e\x{301}e\x{301}e\x{301}e\x{301}e\x{301}e\x{301}e\x{301}e\x{301}e\x{301}e\x{301}e\x{301}e\x{301}e\x{301}e\x{301}e\x{301}e\x{301}e\x{301}e\x{301}e\x{301}e\x{301} e\x{301}e\x{301}e\x{301}e\x{301}e\x{301}e\x{301}e\x{301}e\x{301}e\x{301}e\x{301}e\x{301}e\x{301}e\x{301}e\x{301}e\x{301}e\x{301}e\x{301}e\x{301}e\x{301}e\x{301}e\x{301}e\x{301}"
          text run at (1056,2430) width 0: " "
          text run at (0,2445) width 1056: "e\x{301}e\x{301}e\x{301}e\x{301}e\x{301}e\x{301}e\x{301}e\x{301}e\x{301}e\x{301}e\x{301}e\x{301}e\x{301}e\x{301}e\x{301}e\x{301}e\x{301}e\x{301}e\x{301}e\x{301}e\x{301}e\x{301}e\x{301}e\x{301}e\x{301}e\x{301}e\x{301}e\x{301}e\x{301}e\x{301}e\x{301}e\x{301} e\x{301} e\x{301}e\x{301}e\x{301}e\x{301}e\x{301}e\x{301}e\x{301}e\x{301}e\x{301}e\x{301}e\x{301}e\x{301}e\x{301}e\x{301}e\x{301}e\x{301}e\x{301}e\x{301}e\x{301}e\x{301}e\x{301}e\x{301}e\x{301}e\x{301}e\x{301}e\x{301}e\x{301}e\x{301}e\x{301}e\x{301}e\x{301}e\x{301}e\x{301}e\x{301}e\x{301}e\x{301}e\x{301}e\x{301}e\x{301}e\x{301}e\x{301}e\x{301}e\x{301} e\x{301}e\x{301}e\x{301}e\x{301}e\x{301}e\x{301}e\x{301}e\x{301}e\x{301}e\x{301}e\x{301}e\x{301}e\x{301}e\x{301}e\x{301}e\x{301}e\x{301}e\x{301}e\x{301}e\x{301}e\x{301}e\x{301}e\x{301}e\x{301}e\x{301}e\x{301}e\x{301}e\x{301}e\x{301}e\x{301} e\x{301}e\x{301}e\x{301}e\x{301}e\x{301}e\x{301}e\x{301}e\x{301}e\x{301}e\x{301}e\x{301}e\x{301}e\x{301}e\x{301}e\x{301}e\x{301}e\x{301}e\x{301}e\x{301}e\x{301}e\x{301}e\x{301}"
          text run at (1056,2445) width 0: " "
          text run at (0,2460) width 1056: "e\x{301}e\x{301}e\x{301}e\x{301}e\x{301}e\x{301}e\x{301}e\x{301}e\x{301}e\x{301}e\x{301}e\x{301}e\x{301}e\x{301}e\x{301}e\x{301}e\x{301}e\x{301}e\x{301}e\x{301}e\x{301}e\x{301}e\x{301}e\x{301}e\x{301}e\x{301}e\x{301}e\x{301}e\x{301}e\x{301}e\x{301}e\x{301} e\x{301} e\x{301}e\x{301}e\x{301}e\x{301}e\x{301}e\x{301}e\x{301}e\x{301}e\x{301}e\x{301}e\x{301}e\x{301}e\x{301}e\x{301}e\x{301}e\x{301}e\x{301}e\x{301}e\x{301}e\x{301}e\x{301}e\x{301}e\x{301}e\x{301}e\x{301}e\x{301}e\x{301}e\x{301}e\x{301}e\x{301}e\x{301}e\x{301}e\x{301}e\x{301}e\x{301}e\x{301}e\x{301}e\x{301}e\x{301}e\x{301}e\x{301}e\x{301}e\x{301} e\x{301}e\x{301}e\x{301}e\x{301}e\x{301}e\x{301}e\x{301}e\x{301}e\x{301}e\x{301}e\x{301}e\x{301}e\x{301}e\x{301}e\x{301}e\x{301}e\x{301}e\x{301}e\x{301}e\x{301}e\x{301}e\x{301}e\x{301}e\x{301}e\x{301}e\x{301}e\x{301}e\x{301}e\x{301}e\x{301} e\x{301}e\x{301}e\x{301}e\x{301}e\x{301}e\x{301}e\x{301}e\x{301}e\x{301}e\x{301}e\x{301}e\x{301}e\x{301}e\x{301}e\x{301}e\x{301}e\x{301}e\x{301}e\x{301}e\x{301}e\x{301}e\x{301}"
          text run at (1056,2460) width 0: " "
          text run at (0,2475) width 1056: "e\x{301}e\x{301}e\x{301}e\x{301}e\x{301}e\x{301}e\x{301}e\x{301}e\x{301}e\x{301}e\x{301}e\x{301}e\x{301}e\x{301}e\x{301}e\x{301}e\x{301}e\x{301}e\x{301}e\x{301}e\x{301}e\x{301}e\x{301}e\x{301}e\x{301}e\x{301}e\x{301}e\x{301}e\x{301}e\x{301}e\x{301}e\x{301} e\x{301} e\x{301}e\x{301}e\x{301}e\x{301}e\x{301}e\x{301}e\x{301}e\x{301}e\x{301}e\x{301}e\x{301}e\x{301}e\x{301}e\x{301}e\x{301}e\x{301}e\x{301}e\x{301}e\x{301}e\x{301}e\x{301}e\x{301}e\x{301}e\x{301}e\x{301}e\x{301}e\x{301}e\x{301}e\x{301}e\x{301}e\x{301}e\x{301}e\x{301}e\x{301}e\x{301}e\x{301}e\x{301}e\x{301}e\x{301}e\x{301}e\x{301}e\x{301}e\x{301} e\x{301}e\x{301}e\x{301}e\x{301}e\x{301}e\x{301}e\x{301}e\x{301}e\x{301}e\x{301}e\x{301}e\x{301}e\x{301}e\x{301}e\x{301}e\x{301}e\x{301}e\x{301}e\x{301}e\x{301}e\x{301}e\x{301}e\x{301}e\x{301}e\x{301}e\x{301}e\x{301}e\x{301}e\x{301}e\x{301} e\x{301}e\x{301}e\x{301}e\x{301}e\x{301}e\x{301}e\x{301}e\x{301}e\x{301}e\x{301}e\x{301}e\x{301}e\x{301}e\x{301}e\x{301}e\x{301}e\x{301}e\x{301}e\x{301}e\x{301}e\x{301}e\x{301}"
          text run at (1056,2475) width 0: " "
          text run at (0,2490) width 1056: "e\x{301}e\x{301}e\x{301}e\x{301}e\x{301}e\x{301}e\x{301}e\x{301}e\x{301}e\x{301}e\x{301}e\x{301}e\x{301}e\x{301}e\x{301}e\x{301}e\x{301}e\x{301}e\x{301}e\x{301}e\x{301}e\x{301}e\x{301}e\x{301}e\x{301}e\x{301}e\x{301}e\x{301}e\x{301}e\x{301}e\x{301}e\x{301} e\x{301} e\x{301}e\x{301}e\x{301}e\x{301}e\x{301}e\x{301}e\x{301}e\x{301}e\x{301}e\x{301}e\x{301}e\x{301}e\x{301}e\x{301}e\x{301}e\x{301}e\x{301}e\x{301}e\x{301}e\x{301}e\x{301}e\x{301}e\x{301}e\x{301}e\x{301}e\x{301}e\x{301}e\x{301}e\x{301}e\x{301}e\x{301}e\x{301}e\x{301}e\x{301}e\x{301}e\x{301}e\x{301}e\x{301}e\x{301}e\x{301}e\x{301}e\x{301}e\x{301} e\x{301}e\x{301}e\x{301}e\x{301}e\x{301}e\x{301}e\x{301}e\x{301}e\x{301}e\x{301}e\x{301}e\x{301}e\x{301}e\x{301}e\x{301}e\x{301}e\x{301}e\x{301}e\x{301}e\x{301}e\x{301}e\x{301}e\x{301}e\x{301}e\x{301}e\x{301}e\x{301}e\x{301}e\x{301}e\x{301} e\x{301}e\x{301}e\x{301}e\x{301}e\x{301}e\x{301}e\x{301}e\x{301}e\x{301}e\x{301}e\x{301}e\x{301}e\x{301}e\x{301}e\x{301}e\x{301}e\x{301}e\x{301}e\x{301}e\x{301}e\x{301}e\x{301}"
          text run at (1056,2490) width 0: " "
          text run at (0,2505) width 1056: "e\x{301}e\x{301}e\x{301}e\x{301}e\x{301}e\x{301}e\x{301}e\x{301}e\x{301}e\x{301}e\x{301}e\x{301}e\x{301}e\x{301}e\x{301}e\x{301}e\x{301}e\x{301}e\x{301}e\x{301}e\x{301}e\x{301}e\x{301}e\x{301}e\x{301}e\x{301}e\x{301}e\x{301}e\x{301}e\x{301}e\x{301}e\x{301} e\x{301} e\x{301}e\x{301}e\x{301}e\x{301}e\x{301}e\x{301}e\x{301}e\x{301}e\x{301}e\x{301}e\x{301}e\x{301}e\x{301}e\x{301}e\x{301}e\x{301}e\x{301}e\x{301}e\x{301}e\x{301}e\x{301}e\x{301}e\x{301}e\x{301}e\x{301}e\x{301}e\x{301}e\x{301}e\x{301}e\x{301}e\x{301}e\x{301}e\x{301}e\x{301}e\x{301}e\x{301}e\x{301}e\x{301}e\x{301}e\x{301}e\x{301}e\x{301}e\x{301} e\x{301}e\x{301}e\x{301}e\x{301}e\x{301}e\x{301}e\x{301}e\x{301}e\x{301}e\x{301}e\x{301}e\x{301}e\x{301}e\x{301}e\x{301}e\x{301}e\x{301}e\x{301}e\x{301}e\x{301}e\x{301}e\x{301}e\x{301}e\x{301}e\x{301}e\x{301}e\x{301}e\x{301}e\x{301}e\x{301} e\x{301}e\x{301}e\x{301}e\x{301}e\x{301}e\x{301}e\x{301}e\x{301}e\x{301}e\x{301}e\x{301}e\x{301}e\x{301}e\x{301}e\x{301}e\x{301}e\x{301}e\x{301}e\x{301}e\x{301}e\x{301}e\x{301}"
          text run at (1056,2505) width 0: " "
          text run at (0,2520) width 1056: "e\x{301}e\x{301}e\x{301}e\x{301}e\x{301}e\x{301}e\x{301}e\x{301}e\x{301}e\x{301}e\x{301}e\x{301}e\x{301}e\x{301}e\x{301}e\x{301}e\x{301}e\x{301}e\x{301}e\x{301}e\x{301}e\x{301}e\x{301}e\x{301}e\x{301}e\x{301}e\x{301}e\x{301}e\x{301}e\x{301}e\x{301}e\x{301} e\x{301} e\x{301}e\x{301}e\x{301}e\x{301}e\x{301}e\x{301}e\x{301}e\x{301}e\x{301}e\x{301}e\x{301}e\x{301}e\x{301}e\x{301}e\x{301}e\x{301}e\x{301}e\x{301}e\x{301}e\x{301}e\x{301}e\x{301}e\x{301}e\x{301}e\x{301}e\x{301}e\x{301}e\x{301}e\x{301}e\x{301}e\x{301}e\x{301}e\x{301}e\x{301}e\x{301}e\x{301}e\x{301}e\x{301}e\x{301}e\x{301}e\x{301}e\x{301}e\x{301} e\x{301}e\x{301}e\x{301}e\x{301}e\x{301}e\x{301}e\x{301}e\x{301}e\x{301}e\x{301}e\x{301}e\x{301}e\x{301}e\x{301}e\x{301}e\x{301}e\x{301}e\x{301}e\x{301}e\x{301}e\x{301}e\x{301}e\x{301}e\x{301}e\x{301}e\x{301}e\x{301}e\x{301}e\x{301}e\x{301} e\x{301}e\x{301}e\x{301}e\x{301}e\x{301}e\x{301}e\x{301}e\x{301}e\x{301}e\x{301}e\x{301}e\x{301}e\x{301}e\x{301}e\x{301}e\x{301}e\x{301}e\x{301}e\x{301}e\x{301}e\x{301}e\x{301}"
          text run at (1056,2520) width 0: " "
          text run at (0,2535) width 1056: "e\x{301}e\x{301}e\x{301}e\x{301}e\x{301}e\x{301}e\x{301}e\x{301}e\x{301}e\x{301}e\x{301}e\x{301}e\x{301}e\x{301}e\x{301}e\x{301}e\x{301}e\x{301}e\x{301}e\x{301}e\x{301}e\x{301}e\x{301}e\x{301}e\x{301}e\x{301}e\x{301}e\x{301}e\x{301}e\x{301}e\x{301}e\x{301} e\x{301} e\x{301}e\x{301}e\x{301}e\x{301}e\x{301}e\x{301}e\x{301}e\x{301}e\x{301}e\x{301}e\x{301}e\x{301}e\x{301}e\x{301}e\x{301}e\x{301}e\x{301}e\x{301}e\x{301}e\x{301}e\x{301}e\x{301}e\x{301}e\x{301}e\x{301}e\x{301}e\x{301}e\x{301}e\x{301}e\x{301}e\x{301}e\x{301}e\x{301}e\x{301}e\x{301}e\x{301}e\x{301}e\x{301}e\x{301}e\x{301}e\x{301}e\x{301}e\x{301} e\x{301}e\x{301}e\x{301}e\x{301}e\x{301}e\x{301}e\x{301}e\x{301}e\x{301}e\x{301}e\x{301}e\x{301}e\x{301}e\x{301}e\x{301}e\x{301}e\x{301}e\x{301}e\x{301}e\x{301}e\x{301}e\x{301}e\x{301}e\x{301}e\x{301}e\x{301}e\x{301}e\x{301}e\x{301}e\x{301} e\x{301}e\x{301}e\x{301}e\x{301}e\x{301}e\x{301}e\x{301}e\x{301}e\x{301}e\x{301}e\x{301}e\x{301}e\x{301}e\x{301}e\x{301}e\x{301}e\x{301}e\x{301}e\x{301}e\x{301}e\x{301}e\x{301}"
          text run at (1056,2535) width 0: " "
          text run at (0,2550) width 1056: "e\x{301}e\x{301}e\x{301}e\x{301}e\x{301}e\x{301}e\x{301}e\x{301}e\x{301}e\x{301}e\x{301}e\x{301}e\x{301}e\x{301}e\x{301}e\x{301}e\x{301}e\x{301}e\x{301}e\x{301}e\x{301}e\x{301}e\x{301}e\x{301}e\x{301}e\x{301}e\x{301}e\x{301}e\x{301}e\x{301}e\x{301}e\x{301} e\x{301} e\x{301}e\x{301}e\x{301}e\x{301}e\x{301}e\x{301}e\x{301}e\x{301}e\x{301}e\x{301}e\x{301}e\x{301}e\x{301}e\x{301}e\x{301}e\x{301}e\x{301}e\x{301}e\x{301}e\x{301}e\x{301}e\x{301}e\x{301}e\x{301}e\x{301}e\x{301}e\x{301}e\x{301}e\x{301}e\x{301}e\x{301}e\x{301}e\x{301}e\x{301}e\x{301}e\x{301}e\x{301}e\x{301}e\x{301}e\x{301}e\x{301}e\x{301}e\x{301} e\x{301}e\x{301}e\x{301}e\x{301}e\x{301}e\x{301}e\x{301}e\x{301}e\x{301}e\x{301}e\x{301}e\x{301}e\x{301}e\x{301}e\x{301}e\x{301}e\x{301}e\x{301}e\x{301}e\x{301}e\x{301}e\x{301}e\x{301}e\x{301}e\x{301}e\x{301}e\x{301}e\x{301}e\x{301}e\x{301} e\x{301}e\x{301}e\x{301}e\x{301}e\x{301}e\x{301}e\x{301}e\x{301}e\x{301}e\x{301}e\x{301}e\x{301}e\x{301}e\x{301}e\x{301}e\x{301}e\x{301}e\x{301}e\x{301}e\x{301}e\x{301}e\x{301}"
          text run at (1056,2550) width 0: " "
          text run at (0,2565) width 1056: "e\x{301}e\x{301}e\x{301}e\x{301}e\x{301}e\x{301}e\x{301}e\x{301}e\x{301}e\x{301}e\x{301}e\x{301}e\x{301}e\x{301}e\x{301}e\x{301}e\x{301}e\x{301}e\x{301}e\x{301}e\x{301}e\x{301}e\x{301}e\x{301}e\x{301}e\x{301}e\x{301}e\x{301}e\x{301}e\x{301}e\x{301}e\x{301} e\x{301} e\x{301}e\x{301}e\x{301}e\x{301}e\x{301}e\x{301}e\x{301}e\x{301}e\x{301}e\x{301}e\x{301}e\x{301}e\x{301}e\x{301}e\x{301}e\x{301}e\x{301}e\x{301}e\x{301}e\x{301}e\x{301}e\x{301}e\x{301}e\x{301}e\x{301}e\x{301}e\x{301}e\x{301}e\x{301}e\x{301}e\x{301}e\x{301}e\x{301}e\x{301}e\x{301}e\x{301}e\x{301}e\x{301}e\x{301}e\x{301}e\x{301}e\x{301}e\x{301} e\x{301}e\x{301}e\x{301}e\x{301}e\x{301}e\x{301}e\x{301}e\x{301}e\x{301}e\x{301}e\x{301}e\x{301}e\x{301}e\x{301}e\x{301}e\x{301}e\x{301}e\x{301}e\x{301}e\x{301}e\x{301}e\x{301}e\x{301}e\x{301}e\x{301}e\x{301}e\x{301}e\x{301}e\x{301}e\x{301} e\x{301}e\x{301}e\x{301}e\x{301}e\x{301}e\x{301}e\x{301}e\x{301}e\x{301}e\x{301}e\x{301}e\x{301}e\x{301}e\x{301}e\x{301}e\x{301}e\x{301}e\x{301}e\x{301}e\x{301}e\x{301}e\x{301}"
          text run at (1056,2565) width 0: " "
          text run at (0,2580) width 1056: "e\x{301}e\x{301}e\x{301}e\x{301}e\x{301}e\x{301}e\x{301}e\x{301}e\x{301}e\x{301}e\x{301}e\x{301}e\x{301}e\x{301}e\x{301}e\x{301}e\x{301}e\x{301}e\x{301}e\x{301}e\x{301}e\x{301}e\x{301}e\x{301}e\x{301}e\x{301}e\x{301}e\x{301}e\x{301}e\x{301}e\x{301}e\x{301} e\x{301} e\x{301}e\x{301}e\x{301}e\x{301}e\x{301}e\x{301}e\x{301}e\x{301}e\x{301}e\x{301}e\x{301}e\x{301}e\x{301}e\x{301}e\x{301}e\x{301}e\x{301}e\x{301}e\x{301}e\x{301}e\x{301}e\x{301}e\x{301}e\x{301}e\x{301}e\x{301}e\x{301}e\x{301}e\x{301}e\x{301}e\x{301}e\x{301}e\x{301}e\x{301}e\x{301}e\x{301}e\x{301}e\x{301}e\x{301}e\x{301}e\x{301}e\x{301}e\x{301} e\x{301}e\x{301}e\x{301}e\x{301}e\x{301}e\x{301}e\x{301}e\x{301}e\x{301}e\x{301}e\x{301}e\x{301}e\x{301}e\x{301}e\x{301}e\x{301}e\x{301}e\x{301}e\x{301}e\x{301}e\x{301}e\x{301}e\x{301}e\x{301}e\x{301}e\x{301}e\x{301}e\x{301}e\x{301}e\x{301} e\x{301}e\x{301}e\x{301}e\x{301}e\x{301}e\x{301}e\x{301}e\x{301}e\x{301}e\x{301}e\x{301}e\x{301}e\x{301}e\x{301}e\x{301}e\x{301}e\x{301}e\x{301}e\x{301}e\x{301}e\x{301}e\x{301}"
          text run at (1056,2580) width 0: " "
          text run at (0,2595) width 1056: "e\x{301}e\x{301}e\x{301}e\x{301}e\x{301}e\x{301}e\x{301}e\x{301}e\x{301}e\x{301}e\x{301}e\x{301}e\x{301}e\x{301}e\x{301}e\x{301}e\x{301}e\x{301}e\x{301}e\x{301}e\x{301}e\x{301}e\x{301}e\x{301}e\x{301}e\x{301}e\x{301}e\x{301}e\x{301}e\x{301}e\x{301}e\x{301} e\x{301} e\x{301}e\x{301}e\x{301}e\x{301}e\x{301}e\x{301}e\x{301}e\x{301}e\x{301}e\x{301}e\x{301}e\x{301}e\x{301}e\x{301}e\x{301}e\x{301}e\x{301}e\x{301}e\x{301}e\x{301}e\x{301}e\x{301}e\x{301}e\x{301}e\x{301}e\x{301}e\x{301}e\x{301}e\x{301}e\x{301}e\x{301}e\x{301}e\x{301}e\x{301}e\x{301}e\x{301}e\x{301}e\x{301}e\x{301}e\x{301}e\x{301}e\x{301}e\x{301} e\x{301}e\x{301}e\x{301}e\x{301}e\x{301}e\x{301}e\x{301}e\x{301}e\x{301}e\x{301}e\x{301}e\x{301}e\x{301}e\x{301}e\x{301}e\x{301}e\x{301}e\x{301}e\x{301}e\x{301}e\x{301}e\x{301}e\x{301}e\x{301}e\x{301}e\x{301}e\x{301}e\x{301}e\x{301}e\x{301} e\x{301}e\x{301}e\x{301}e\x{301}e\x{301}e\x{301}e\x{301}e\x{301}e\x{301}e\x{301}e\x{301}e\x{301}e\x{301}e\x{301}e\x{301}e\x{301}e\x{301}e\x{301}e\x{301}e\x{301}e\x{301}e\x{301}"
          text run at (1056,2595) width 0: " "
          text run at (0,2610) width 1056: "e\x{301}e\x{301}e\x{301}e\x{301}e\x{301}e\x{301}e\x{301}e\x{301}e\x{301}e\x{301}e\x{301}e\x{301}e\x{301}e\x{301}e\x{301}e\x{301}e\x{301}e\x{301}e\x{301}e\x{301}e\x{301}e\x{301}e\x{301}e\x{301}e\x{301}e\x{301}e\x{301}e\x{301}e\x{301}e\x{301}e\x{301}e\x{301} e\x{301} e\x{301}e\x{301}e\x{301}e\x{301}e\x{301}e\x{301}e\x{301}e\x{301}e\x{301}e\x{301}e\x{301}e\x{301}e\x{301}e\x{301}e\x{301}e\x{301}e\x{301}e\x{301}e\x{301}e\x{301}e\x{301}e\x{301}e\x{301}e\x{301}e\x{301}e\x{301}e\x{301}e\x{301}e\x{301}e\x{301}e\x{301}e\x{301}e\x{301}e\x{301}e\x{301}e\x{301}e\x{301}e\x{301}e\x{301}e\x{301}e\x{301}e\x{301}e\x{301} e\x{301}e\x{301}e\x{301}e\x{301}e\x{301}e\x{301}e\x{301}e\x{301}e\x{301}e\x{301}e\x{301}e\x{301}e\x{301}e\x{301}e\x{301}e\x{301}e\x{301}e\x{301}e\x{301}e\x{301}e\x{301}e\x{301}e\x{301}e\x{301}e\x{301}e\x{301}e\x{301}e\x{301}e\x{301}e\x{301} e\x{301}e\x{301}e\x{301}e\x{301}e\x{301}e\x{301}e\x{301}e\x{301}e\x{301}e\x{301}e\x{301}e\x{301}e\x{301}e\x{301}e\x{301}e\x{301}e\x{301}e\x{301}e\x{301}e\x{301}e\x{301}e\x{301}"
          text run at (1056,2610) width 0: " "
          text run at (0,2625) width 1056: "e\x{301}e\x{301}e\x{301}e\x{301}e\x{301}e\x{301}e\x{301}e\x{301}e\x{301}e\x{301}e\x{301}e\x{301}e\x{301}e\x{301}e\x{301}e\x{301}e\x{301}e\x{301}e\x{301}e\x{301}e\x{301}e\x{301}e\x{301}e\x{301}e\x{301}e\x{301}e\x{301}e\x{301}e\x{301}e\x{301}e\x{301}e\x{301} e\x{301} e\x{301}e\x{301}e\x{301}e\x{301}e\x{301}e\x{301}e\x{301}e\x{301}e\x{301}e\x{301}e\x{301}e\x{301}e\x{301}e\x{301}e\x{301}e\x{301}e\x{301}e\x{301}e\x{301}e\x{301}e\x{301}e\x{301}e\x{301}e\x{301}e\x{301}e\x{301}e\x{301}e\x{301}e\x{301}e\x{301}e\x{301}e\x{301}e\x{301}e\x{301}e\x{301}e\x{301}e\x{301}e\x{301}e\x{301}e\x{301}e\x{301}e\x{301}e\x{301} e\x{301}e\x{301}e\x{301}e\x{301}e\x{301}e\x{301}e\x{301}e\x{301}e\x{301}e\x{301}e\x{301}e\x{301}e\x{301}e\x{301}e\x{301}e\x{301}e\x{301}e\x{301}e\x{301}e\x{301}e\x{301}e\x{301}e\x{301}e\x{301}e\x{301}e\x{301}e\x{301}e\x{301}e\x{301}e\x{301} e\x{301}e\x{301}e\x{301}e\x{301}e\x{301}e\x{301}e\x{301}e\x{301}e\x{301}e\x{301}e\x{301}e\x{301}e\x{301}e\x{301}e\x{301}e\x{301}e\x{301}e\x{301}e\x{301}e\x{301}e\x{301}e\x{301}"
          text run at (1056,2625) width 0: " "
          text run at (0,2640) width 1056: "e\x{301}e\x{301}e\x{301}e\x{301}e\x{301}e\x{301}e\x{301}e\x{301}e\x{301}e\x{301}e\x{301}e\x{301}e\x{301}e\x{301}e\x{301}e\x{301}e\x{301}e\x{301}e\x{301}e\x{301}e\x{301}e\x{301}e\x{301}e\x{301}e\x{301}e\x{301}e\x{301}e\x{301}e\x{301}e\x{301}e\x{301}e\x{301} e\x{301} e\x{301}e\x{301}e\x{301}e\x{301}e\x{301}e\x{301}e\x{301}e\x{301}e\x{301}e\x{301}e\x{301}e\x{301}e\x{301}e\x{301}e\x{301}e\x{301}e\x{301}e\x{301}e\x{301}e\x{301}e\x{301}e\x{301}e\x{301}e\x{301}e\x{301}e\x{301}e\x{301}e\x{301}e\x{301}e\x{301}e\x{301}e\x{301}e\x{301}e\x{301}e\x{301}e\x{301}e\x{301}e\x{301}e\x{301}e\x{301}e\x{301}e\x{301}e\x{301} e\x{301}e\x{301}e\x{301}e\x{301}e\x{301}e\x{301}e\x{301}e\x{301}e\x{301}e\x{301}e\x{301}e\x{301}e\x{301}e\x{301}e\x{301}e\x{301}e\x{301}e\x{301}e\x{301}e\x{301}e\x{301}e\x{301}e\x{301}e\x{301}e\x{301}e\x{301}e\x{301}e\x{301}e\x{301}e\x{301} e\x{301}e\x{301}e\x{301}e\x{301}e\x{301}e\x{301}e\x{301}e\x{301}e\x{301}e\x{301}e\x{301}e\x{301}e\x{301}e\x{301}e\x{301}e\x{301}e\x{301}e\x{301}e\x{301}e\x{301}e\x{301}e\x{301}"
          text run at (1056,2640) width 0: " "
          text run at (0,2655) width 1056: "e\x{301}e\x{301}e\x{301}e\x{301}e\x{301}e\x{301}e\x{301}e\x{301}e\x{301}e\x{301}e\x{301}e\x{301}e\x{301}e\x{301}e\x{301}e\x{301}e\x{301}e\x{301}e\x{301}e\x{301}e\x{301}e\x{301}e\x{301}e\x{301}e\x{301}e\x{301}e\x{301}e\x{301}e\x{301}e\x{301}e\x{301}e\x{301} e\x{301} e\x{301}e\x{301}e\x{301}e\x{301}e\x{301}e\x{301}e\x{301}e\x{301}e\x{301}e\x{301}e\x{301}e\x{301}e\x{301}e\x{301}e\x{301}e\x{301}e\x{301}e\x{301}e\x{301}e\x{301}e\x{301}e\x{301}e\x{301}e\x{301}e\x{301}e\x{301}e\x{301}e\x{301}e\x{301}e\x{301}e\x{301}e\x{301}e\x{301}e\x{301}e\x{301}e\x{301}e\x{301}e\x{301}e\x{301}e\x{301}e\x{301}e\x{301}e\x{301} e\x{301}e\x{301}e\x{301}e\x{301}e\x{301}e\x{301}e\x{301}e\x{301}e\x{301}e\x{301}e\x{301}e\x{301}e\x{301}e\x{301}e\x{301}e\x{301}e\x{301}e\x{301}e\x{301}e\x{301}e\x{301}e\x{301}e\x{301}e\x{301}e\x{301}e\x{301}e\x{301}e\x{301}e\x{301}e\x{301} e\x{301}e\x{301}e\x{301}e\x{301}e\x{301}e\x{301}e\x{301}e\x{301}e\x{301}e\x{301}e\x{301}e\x{301}e\x{301}e\x{301}e\x{301}e\x{301}e\x{301}e\x{301}e\x{301}e\x{301}e\x{301}e\x{301}"
          text run at (1056,2655) width 0: " "
          text run at (0,2670) width 1056: "e\x{301}e\x{301}e\x{301}e\x{301}e\x{301}e\x{301}e\x{301}e\x{301}e\x{301}e\x{301}e\x{301}e\x{301}e\x{301}e\x{301}e\x{301}e\x{301}e\x{301}e\x{301}e\x{301}e\x{301}e\x{301}e\x{301}e\x{301}e\x{301}e\x{301}e\x{301}e\x{301}e\x{301}e\x{301}e\x{301}e\x{301}e\x{301} e\x{301} e\x{301}e\x{301}e\x{301}e\x{301}e\x{301}e\x{301}e\x{301}e\x{301}e\x{301}e\x{301}e\x{301}e\x{301}e\x{301}e\x{301}e\x{301}e\x{301}e\x{301}e\x{301}e\x{301}e\x{301}e\x{301}e\x{301}e\x{301}e\x{301}e\x{301}e\x{301}e\x{301}e\x{301}e\x{301}e\x{301}e\x{301}e\x{301}e\x{301}e\x{301}e\x{301}e\x{301}e\x{301}e\x{301}e\x{301}e\x{301}e\x{301}e\x{301}e\x{301} e\x{301}e\x{301}e\x{301}e\x{301}e\x{301}e\x{301}e\x{301}e\x{301}e\x{301}e\x{301}e\x{301}e\x{301}e\x{301}e\x{301}e\x{301}e\x{301}e\x{301}e\x{301}e\x{301}e\x{301}e\x{301}e\x{301}e\x{301}e\x{301}e\x{301}e\x{301}e\x{301}e\x{301}e\x{301}e\x{301} e\x{301}e\x{301}e\x{301}e\x{301}e\x{301}e\x{301}e\x{301}e\x{301}e\x{301}e\x{301}e\x{301}e\x{301}e\x{301}e\x{301}e\x{301}e\x{301}e\x{301}e\x{301}e\x{301}e\x{301}e\x{301}e\x{301}"
          text run at (1056,2670) width 0: " "
          text run at (0,2685) width 1056: "e\x{301}e\x{301}e\x{301}e\x{301}e\x{301}e\x{301}e\x{301}e\x{301}e\x{301}e\x{301}e\x{301}e\x{301}e\x{301}e\x{301}e\x{301}e\x{301}e\x{301}e\x{301}e\x{301}e\x{301}e\x{301}e\x{301}e\x{301}e\x{301}e\x{301}e\x{301}e\x{301}e\x{301}e\x{301}e\x{301}e\x{301}e\x{301} e\x{301} e\x{301}e\x{301}e\x{301}e\x{301}e\x{301}e\x{301}e\x{301}e\x{301}e\x{301}e\x{301}e\x{301}e\x{301}e\x{301}e\x{301}e\x{301}e\x{301}e\x{301}e\x{301}e\x{301}e\x{301}e\x{301}e\x{301}e\x{301}e\x{301}e\x{301}e\x{301}e\x{301}e\x{301}e\x{301}e\x{301}e\x{301}e\x{301}e\x{301}e\x{301}e\x{301}e\x{301}e\x{301}e\x{301}e\x{301}e\x{301}e\x{301}e\x{301}e\x{301} e\x{301}e\x{301}e\x{301}e\x{301}e\x{301}e\x{301}e\x{301}e\x{301}e\x{301}e\x{301}e\x{301}e\x{301}e\x{301}e\x{301}e\x{301}e\x{301}e\x{301}e\x{301}e\x{301}e\x{301}e\x{301}e\x{301}e\x{301}e\x{301}e\x{301}e\x{301}e\x{301}e\x{301}e\x{301}e\x{301} e\x{301}e\x{301}e\x{301}e\x{301}e\x{301}e\x{301}e\x{301}e\x{301}e\x{301}e\x{301}e\x{301}e\x{301}e\x{301}e\x{301}e\x{301}e\x{301}e\x{301}e\x{301}e\x{301}e\x{301}e\x{301}e\x{301}"
          text run at (1056,2685) width 0: " "
          text run at (0,2700) width 1056: "e\x{301}e\x{301}e\x{301}e\x{301}e\x{301}e\x{301}e\x{301}e\x{301}e\x{301}e\x{301}e\x{301}e\x{301}e\x{301}e\x{301}e\x{301}e\x{301}e\x{301}e\x{301}e\x{301}e\x{301}e\x{301}e\x{301}e\x{301}e\x{301}e\x{301}e\x{301}e\x{301}e\x{301}e\x{301}e\x{301}e\x{301}e\x{301} e\x{301} e\x{301}e\x{301}e\x{301}e\x{301}e\x{301}e\x{301}e\x{301}e\x{301}e\x{301}e\x{301}e\x{301}e\x{301}e\x{301}e\x{301}e\x{301}e\x{301}e\x{301}e\x{301}e\x{301}e\x{301}e\x{301}e\x{301}e\x{301}e\x{301}e\x{301}e\x{301}e\x{301}e\x{301}e\x{301}e\x{301}e\x{301}e\x{301}e\x{301}e\x{301}e\x{301}e\x{301}e\x{301}e\x{301}e\x{301}e\x{301}e\x{301}e\x{301}e\x{301} e\x{301}e\x{301}e\x{301}e\x{301}e\x{301}e\x{301}e\x{301}e\x{301}e\x{301}e\x{301}e\x{301}e\x{301}e\x{301}e\x{301}e\x{301}e\x{301}e\x{301}e\x{301}e\x{301}e\x{301}e\x{301}e\x{301}e\x{301}e\x{301}e\x{301}e\x{301}e\x{301}e\x{301}e\x{301}e\x{301} e\x{301}e\x{301}e\x{301}e\x{301}e\x{301}e\x{301}e\x{301}e\x{301}e\x{301}e\x{301}e\x{301}e\x{301}e\x{301}e\x{301}e\x{301}e\x{301}e\x{301}e\x{301}e\x{301}e\x{301}e\x{301}e\x{301}"
          text run at (1056,2700) width 0: " "
          text run at (0,2715) width 1056: "e\x{301}e\x{301}e\x{301}e\x{301}e\x{301}e\x{301}e\x{301}e\x{301}e\x{301}e\x{301}e\x{301}e\x{301}e\x{301}e\x{301}e\x{301}e\x{301}e\x{301}e\x{301}e\x{301}e\x{301}e\x{301}e\x{301}e\x{301}e\x{301}e\x{301}e\x{301}e\x{301}e\x{301}e\x{301}e\x{301}e\x{301}e\x{301} e\x{301} e\x{301}e\x{301}e\x{301}e\x{301}e\x{301}e\x{301}e\x{301}e\x{301}e\x{301}e\x{301}e\x{301}e\x{301}e\x{301}e\x{301}e\x{301}e\x{301}e\x{301}e\x{301}e\x{301}e\x{301}e\x{301}e\x{301}e\x{301}e\x{301}e\x{301}e\x{301}e\x{301}e\x{301}e\x{301}e\x{301}e\x{301}e\x{301}e\x{301}e\x{301}e\x{301}e\x{301}e\x{301}e\x{301}e\x{301}e\x{301}e\x{301}e\x{301}e\x{301} e\x{301}e\x{301}e\x{301}e\x{301}e\x{301}e\x{301}e\x{301}e\x{301}e\x{301}e\x{301}e\x{301}e\x{301}e\x{301}e\x{301}e\x{301}e\x{301}e\x{301}e\x{301}e\x{301}e\x{301}e\x{301}e\x{301}e\x{301}e\x{301}e\x{301}e\x{301}e\x{301}e\x{301}e\x{301}e\x{301} e\x{301}e\x{301}e\x{301}e\x{301}e\x{301}e\x{301}e\x{301}e\x{301}e\x{301}e\x{301}e\x{301}e\x{301}e\x{301}e\x{301}e\x{301}e\x{301}e\x{301}e\x{301}e\x{301}e\x{301}e\x{301}e\x{301}"
          text run at (1056,2715) width 0: " "
          text run at (0,2730) width 1056: "e\x{301}e\x{301}e\x{301}e\x{301}e\x{301}e\x{301}e\x{301}e\x{301}e\x{301}e\x{301}e\x{301}e\x{301}e\x{301}e\x{301}e\x{301}e\x{301}e\x{301}e\x{301}e\x{301}e\x{301}e\x{301}e\x{301}e\x{301}e\x{301}e\x{301}e\x{301}e\x{301}e\x{301}e\x{301}e\x{301}e\x{301}e\x{301} e\x{301} e\x{301}e\x{301}e\x{301}e\x{301}e\x{301}e\x{301}e\x{301}e\x{301}e\x{301}e\x{301}e\x{301}e\x{301}e\x{301}e\x{301}e\x{301}e\x{301}e\x{301}e\x{301}e\x{301}e\x{301}e\x{301}e\x{301}e\x{301}e\x{301}e\x{301}e\x{301}e\x{301}e\x{301}e\x{301}e\x{301}e\x{301}e\x{301}e\x{301}e\x{301}e\x{301}e\x{301}e\x{301}e\x{301}e\x{301}e\x{301}e\x{301}e\x{301}e\x{301} e\x{301}e\x{301}e\x{301}e\x{301}e\x{301}e\x{301}e\x{301}e\x{301}e\x{301}e\x{301}e\x{301}e\x{301}e\x{301}e\x{301}e\x{301}e\x{301}e\x{301}e\x{301}e\x{301}e\x{301}e\x{301}e\x{301}e\x{301}e\x{301}e\x{301}e\x{301}e\x{301}e\x{301}e\x{301}e\x{301} e\x{301}e\x{301}e\x{301}e\x{301}e\x{301}e\x{301}e\x{301}e\x{301}e\x{301}e\x{301}e\x{301}e\x{301}e\x{301}e\x{301}e\x{301}e\x{301}e\x{301}e\x{301}e\x{301}e\x{301}e\x{301}e\x{301}"
          text run at (1056,2730) width 0: " "
          text run at (0,2745) width 1056: "e\x{301}e\x{301}e\x{301}e\x{301}e\x{301}e\x{301}e\x{301}e\x{301}e\x{301}e\x{301}e\x{301}e\x{301}e\x{301}e\x{301}e\x{301}e\x{301}e\x{301}e\x{301}e\x{301}e\x{301}e\x{301}e\x{301}e\x{301}e\x{301}e\x{301}e\x{301}e\x{301}e\x{301}e\x{301}e\x{301}e\x{301}e\x{301} e\x{301} e\x{301}e\x{301}e\x{301}e\x{301}e\x{301}e\x{301}e\x{301}e\x{301}e\x{301}e\x{301}e\x{301}e\x{301}e\x{301}e\x{301}e\x{301}e\x{301}e\x{301}e\x{301}e\x{301}e\x{301}e\x{301}e\x{301}e\x{301}e\x{301}e\x{301}e\x{301}e\x{301}e\x{301}e\x{301}e\x{301}e\x{301}e\x{301}e\x{301}e\x{301}e\x{301}e\x{301}e\x{301}e\x{301}e\x{301}e\x{301}e\x{301}e\x{301}e\x{301} e\x{301}e\x{301}e\x{301}e\x{301}e\x{301}e\x{301}e\x{301}e\x{301}e\x{301}e\x{301}e\x{301}e\x{301}e\x{301}e\x{301}e\x{301}e\x{301}e\x{301}e\x{301}e\x{301}e\x{301}e\x{301}e\x{301}e\x{301}e\x{301}e\x{301}e\x{301}e\x{301}e\x{301}e\x{301}e\x{301} e\x{301}e\x{301}e\x{301}e\x{301}e\x{301}e\x{301}e\x{301}e\x{301}e\x{301}e\x{301}e\x{301}e\x{301}e\x{301}e\x{301}e\x{301}e\x{301}e\x{301}e\x{301}e\x{301}e\x{301}e\x{301}e\x{301}"
          text run at (1056,2745) width 0: " "
          text run at (0,2760) width 1056: "e\x{301}e\x{301}e\x{301}e\x{301}e\x{301}e\x{301}e\x{301}e\x{301}e\x{301}e\x{301}e\x{301}e\x{301}e\x{301}e\x{301}e\x{301}e\x{301}e\x{301}e\x{301}e\x{301}e\x{301}e\x{301}e\x{301}e\x{301}e\x{301}e\x{301}e\x{301}e\x{301}e\x{301}e\x{301}e\x{301}e\x{301}e\x{301} e\x{301} e\x{301}e\x{301}e\x{301}e\x{301}e\x{301}e\x{301}e\x{301}e\x{301}e\x{301}e\x{301}e\x{301}e\x{301}e\x{301}e\x{301}e\x{301}e\x{301}e\x{301}e\x{301}e\x{301}e\x{301}e\x{301}e\x{301}e\x{301}e\x{301}e\x{301}e\x{301}e\x{301}e\x{301}e\x{301}e\x{301}e\x{301}e\x{301}e\x{301}e\x{301}e\x{301}e\x{301}e\x{301}e\x{301}e\x{301}e\x{301}e\x{301}e\x{301}e\x{301} e\x{301}e\x{301}e\x{301}e\x{301}e\x{301}e\x{301}e\x{301}e\x{301}e\x{301}e\x{301}e\x{301}e\x{301}e\x{301}e\x{301}e\x{301}e\x{301}e\x{301}e\x{301}e\x{301}e\x{301}e\x{301}e\x{301}e\x{301}e\x{301}e\x{301}e\x{301}e\x{301}e\x{301}e\x{301}e\x{301} e\x{301}e\x{301}e\x{301}e\x{301}e\x{301}e\x{301}e\x{301}e\x{301}e\x{301}e\x{301}e\x{301}e\x{301}e\x{301}e\x{301}e\x{301}e\x{301}e\x{301}e\x{301}e\x{301}e\x{301}e\x{301}e\x{301}"
          text run at (1056,2760) width 0: " "
          text run at (0,2775) width 1056: "e\x{301}e\x{301}e\x{301}e\x{301}e\x{301}e\x{301}e\x{301}e\x{301}e\x{301}e\x{301}e\x{301}e\x{301}e\x{301}e\x{301}e\x{301}e\x{301}e\x{301}e\x{301}e\x{301}e\x{301}e\x{301}e\x{301}e\x{301}e\x{301}e\x{301}e\x{301}e\x{301}e\x{301}e\x{301}e\x{301}e\x{301}e\x{301} e\x{301} e\x{301}e\x{301}e\x{301}e\x{301}e\x{301}e\x{301}e\x{301}e\x{301}e\x{301}e\x{301}e\x{301}e\x{301}e\x{301}e\x{301}e\x{301}e\x{301}e\x{301}e\x{301}e\x{301}e\x{301}e\x{301}e\x{301}e\x{301}e\x{301}e\x{301}e\x{301}e\x{301}e\x{301}e\x{301}e\x{301}e\x{301}e\x{301}e\x{301}e\x{301}e\x{301}e\x{301}e\x{301}e\x{301}e\x{301}e\x{301}e\x{301}e\x{301}e\x{301} e\x{301}e\x{301}e\x{301}e\x{301}e\x{301}e\x{301}e\x{301}e\x{301}e\x{301}e\x{301}e\x{301}e\x{301}e\x{301}e\x{301}e\x{301}e\x{301}e\x{301}e\x{301}e\x{301}e\x{301}e\x{301}e\x{301}e\x{301}e\x{301}e\x{301}e\x{301}e\x{301}e\x{301}e\x{301}e\x{301} e\x{301}e\x{301}e\x{301}e\x{301}e\x{301}e\x{301}e\x{301}e\x{301}e\x{301}e\x{301}e\x{301}e\x{301}e\x{301}e\x{301}e\x{301}e\x{301}e\x{301}e\x{301}e\x{301}e\x{301}e\x{301}e\x{301}"
          text run at (1056,2775) width 0: " "
          text run at (0,2790) width 1056: "e\x{301}e\x{301}e\x{301}e\x{301}e\x{301}e\x{301}e\x{301}e\x{301}e\x{301}e\x{301}e\x{301}e\x{301}e\x{301}e\x{301}e\x{301}e\x{301}e\x{301}e\x{301}e\x{301}e\x{301}e\x{301}e\x{301}e\x{301}e\x{301}e\x{301}e\x{301}e\x{301}e\x{301}e\x{301}e\x{301}e\x{301}e\x{301} e\x{301} e\x{301}e\x{301}e\x{301}e\x{301}e\x{301}e\x{301}e\x{301}e\x{301}e\x{301}e\x{301}e\x{301}e\x{301}e\x{301}e\x{301}e\x{301}e\x{301}e\x{301}e\x{301}e\x{301}e\x{301}e\x{301}e\x{301}e\x{301}e\x{301}e\x{301}e\x{301}e\x{301}e\x{301}e\x{301}e\x{301}e\x{301}e\x{301}e\x{301}e\x{301}e\x{301}e\x{301}e\x{301}e\x{301}e\x{301}e\x{301}e\x{301}e\x{301}e\x{301} e\x{301}e\x{301}e\x{301}e\x{301}e\x{301}e\x{301}e\x{301}e\x{301}e\x{301}e\x{301}e\x{301}e\x{301}e\x{301}e\x{301}e\x{301}e\x{301}e\x{301}e\x{301}e\x{301}e\x{301}e\x{301}e\x{301}e\x{301}e\x{301}e\x{301}e\x{301}e\x{301}e\x{301}e\x{301}e\x{301} e\x{301}e\x{301}e\x{301}e\x{301}e\x{301}e\x{301}e\x{301}e\x{301}e\x{301}e\x{301}e\x{301}e\x{301}e\x{301}e\x{301}e\x{301}e\x{301}e\x{301}e\x{301}e\x{301}e\x{301}e\x{301}e\x{301}"
          text run at (1056,2790) width 0: " "
          text run at (0,2805) width 1056: "e\x{301}e\x{301}e\x{301}e\x{301}e\x{301}e\x{301}e\x{301}e\x{301}e\x{301}e\x{301}e\x{301}e\x{301}e\x{301}e\x{301}e\x{301}e\x{301}e\x{301}e\x{301}e\x{301}e\x{301}e\x{301}e\x{301}e\x{301}e\x{301}e\x{301}e\x{301}e\x{301}e\x{301}e\x{301}e\x{301}e\x{301}e\x{301} e\x{301} e\x{301}e\x{301}e\x{301}e\x{301}e\x{301}e\x{301}e\x{301}e\x{301}e\x{301}e\x{301}e\x{301}e\x{301}e\x{301}e\x{301}e\x{301}e\x{301}e\x{301}e\x{301}e\x{301}e\x{301}e\x{301}e\x{301}e\x{301}e\x{301}e\x{301}e\x{301}e\x{301}e\x{301}e\x{301}e\x{301}e\x{301}e\x{301}e\x{301}e\x{301}e\x{301}e\x{301}e\x{301}e\x{301}e\x{301}e\x{301}e\x{301}e\x{301}e\x{301} e\x{301}e\x{301}e\x{301}e\x{301}e\x{301}e\x{301}e\x{301}e\x{301}e\x{301}e\x{301}e\x{301}e\x{301}e\x{301}e\x{301}e\x{301}e\x{301}e\x{301}e\x{301}e\x{301}e\x{301}e\x{301}e\x{301}e\x{301}e\x{301}e\x{301}e\x{301}e\x{301}e\x{301}e\x{301}e\x{301} e\x{301}e\x{301}e\x{301}e\x{301}e\x{301}e\x{301}e\x{301}e\x{301}e\x{301}e\x{301}e\x{301}e\x{301}e\x{301}e\x{301}e\x{301}e\x{301}e\x{301}e\x{301}e\x{301}e\x{301}e\x{301}e\x{301}"
          text run at (1056,2805) width 0: " "
          text run at (0,2820) width 1056: "e\x{301}e\x{301}e\x{301}e\x{301}e\x{301}e\x{301}e\x{301}e\x{301}e\x{301}e\x{301}e\x{301}e\x{301}e\x{301}e\x{301}e\x{301}e\x{301}e\x{301}e\x{301}e\x{301}e\x{301}e\x{301}e\x{301}e\x{301}e\x{301}e\x{301}e\x{301}e\x{301}e\x{301}e\x{301}e\x{301}e\x{301}e\x{301} e\x{301} e\x{301}e\x{301}e\x{301}e\x{301}e\x{301}e\x{301}e\x{301}e\x{301}e\x{301}e\x{301}e\x{301}e\x{301}e\x{301}e\x{301}e\x{301}e\x{301}e\x{301}e\x{301}e\x{301}e\x{301}e\x{301}e\x{301}e\x{301}e\x{301}e\x{301}e\x{301}e\x{301}e\x{301}e\x{301}e\x{301}e\x{301}e\x{301}e\x{301}e\x{301}e\x{301}e\x{301}e\x{301}e\x{301}e\x{301}e\x{301}e\x{301}e\x{301}e\x{301} e\x{301}e\x{301}e\x{301}e\x{301}e\x{301}e\x{301}e\x{301}e\x{301}e\x{301}e\x{301}e\x{301}e\x{301}e\x{301}e\x{301}e\x{301}e\x{301}e\x{301}e\x{301}e\x{301}e\x{301}e\x{301}e\x{301}e\x{301}e\x{301}e\x{301}e\x{301}e\x{301}e\x{301}e\x{301}e\x{301} e\x{301}e\x{301}e\x{301}e\x{301}e\x{301}e\x{301}e\x{301}e\x{301}e\x{301}e\x{301}e\x{301}e\x{301}e\x{301}e\x{301}e\x{301}e\x{301}e\x{301}e\x{301}e\x{301}e\x{301}e\x{301}e\x{301}"
          text run at (1056,2820) width 0: " "
          text run at (0,2835) width 1056: "e\x{301}e\x{301}e\x{301}e\x{301}e\x{301}e\x{301}e\x{301}e\x{301}e\x{301}e\x{301}e\x{301}e\x{301}e\x{301}e\x{301}e\x{301}e\x{301}e\x{301}e\x{301}e\x{301}e\x{301}e\x{301}e\x{301}e\x{301}e\x{301}e\x{301}e\x{301}e\x{301}e\x{301}e\x{301}e\x{301}e\x{301}e\x{301} e\x{301} e\x{301}e\x{301}e\x{301}e\x{301}e\x{301}e\x{301}e\x{301}e\x{301}e\x{301}e\x{301}e\x{301}e\x{301}e\x{301}e\x{301}e\x{301}e\x{301}e\x{301}e\x{301}e\x{301}e\x{301}e\x{301}e\x{301}e\x{301}e\x{301}e\x{301}e\x{301}e\x{301}e\x{301}e\x{301}e\x{301}e\x{301}e\x{301}e\x{301}e\x{301}e\x{301}e\x{301}e\x{301}e\x{301}e\x{301}e\x{301}e\x{301}e\x{301}e\x{301} e\x{301}e\x{301}e\x{301}e\x{301}e\x{301}e\x{301}e\x{301}e\x{301}e\x{301}e\x{301}e\x{301}e\x{301}e\x{301}e\x{301}e\x{301}e\x{301}e\x{301}e\x{301}e\x{301}e\x{301}e\x{301}e\x{301}e\x{301}e\x{301}e\x{301}e\x{301}e\x{301}e\x{301}e\x{301}e\x{301} e\x{301}e\x{301}e\x{301}e\x{301}e\x{301}e\x{301}e\x{301}e\x{301}e\x{301}e\x{301}e\x{301}e\x{301}e\x{301}e\x{301}e\x{301}e\x{301}e\x{301}e\x{301}e\x{301}e\x{301}e\x{301}e\x{301}"
          text run at (1056,2835) width 0: " "
          text run at (0,2850) width 1056: "e\x{301}e\x{301}e\x{301}e\x{301}e\x{301}e\x{301}e\x{301}e\x{301}e\x{301}e\x{301}e\x{301}e\x{301}e\x{301}e\x{301}e\x{301}e\x{301}e\x{301}e\x{301}e\x{301}e\x{301}e\x{301}e\x{301}e\x{301}e\x{301}e\x{301}e\x{301}e\x{301}e\x{301}e\x{301}e\x{301}e\x{301}e\x{301} e\x{301} e\x{301}e\x{301}e\x{301}e\x{301}e\x{301}e\x{301}e\x{301}e\x{301}e\x{301}e\x{301}e\x{301}e\x{301}e\x{301}e\x{301}e\x{301}e\x{301}e\x{301}e\x{301}e\x{301}e\x{301}e\x{301}e\x{301}e\x{301}e\x{301}e\x{301}e\x{301}e\x{301}e\x{301}e\x{301}e\x{301}e\x{301}e\x{301}e\x{301}e\x{301}e\x{301}e\x{301}e\x{301}e\x{301}e\x{301}e\x{301}e\x{301}e\x{301}e\x{301} e\x{301}e\x{301}e\x{301}e\x{301}e\x{301}e\x{301}e\x{301}e\x{301}e\x{301}e\x{301}e\x{301}e\x{301}e\x{301}e\x{301}e\x{301}e\x{301}e\x{301}e\x{301}e\x{301}e\x{301}e\x{301}e\x{301}e\x{301}e\x{301}e\x{301}e\x{301}e\x{301}e\x{301}e\x{301}e\x{301} e\x{301}e\x{301}e\x{301}e\x{301}e\x{301}e\x{301}e\x{301}e\x{301}e\x{301}e\x{301}e\x{301}e\x{301}e\x{301}e\x{301}e\x{301}e\x{301}e\x{301}e\x{301}e\x{301}e\x{301}e\x{301}e\x{301}"
          text run at (1056,2850) width 0: " "
          text run at (0,2865) width 1056: "e\x{301}e\x{301}e\x{301}e\x{301}e\x{301}e\x{301}e\x{301}e\x{301}e\x{301}e\x{301}e\x{301}e\x{301}e\x{301}e\x{301}e\x{301}e\x{301}e\x{301}e\x{301}e\x{301}e\x{301}e\x{301}e\x{301}e\x{301}e\x{301}e\x{301}e\x{301}e\x{301}e\x{301}e\x{301}e\x{301}e\x{301}e\x{301} e\x{301} e\x{301}e\x{301}e\x{301}e\x{301}e\x{301}e\x{301}e\x{301}e\x{301}e\x{301}e\x{301}e\x{301}e\x{301}e\x{301}e\x{301}e\x{301}e\x{301}e\x{301}e\x{301}e\x{301}e\x{301}e\x{301}e\x{301}e\x{301}e\x{301}e\x{301}e\x{301}e\x{301}e\x{301}e\x{301}e\x{301}e\x{301}e\x{301}e\x{301}e\x{301}e\x{301}e\x{301}e\x{301}e\x{301}e\x{301}e\x{301}e\x{301}e\x{301}e\x{301} e\x{301}e\x{301}e\x{301}e\x{301}e\x{301}e\x{301}e\x{301}e\x{301}e\x{301}e\x{301}e\x{301}e\x{301}e\x{301}e\x{301}e\x{301}e\x{301}e\x{301}e\x{301}e\x{301}e\x{301}e\x{301}e\x{301}e\x{301}e\x{301}e\x{301}e\x{301}e\x{301}e\x{301}e\x{301}e\x{301} e\x{301}e\x{301}e\x{301}e\x{301}e\x{301}e\x{301}e\x{301}e\x{301}e\x{301}e\x{301}e\x{301}e\x{301}e\x{301}e\x{301}e\x{301}e\x{301}e\x{301}e\x{301}e\x{301}e\x{301}e\x{301}e\x{301}"
          text run at (1056,2865) width 0: " "
          text run at (0,2880) width 1056: "e\x{301}e\x{301}e\x{301}e\x{301}e\x{301}e\x{301}e\x{301}e\x{301}e\x{301}e\x{301}e\x{301}e\x{301}e\x{301}e\x{301}e\x{301}e\x{301}e\x{301}e\x{301}e\x{301}e\x{301}e\x{301}e\x{301}e\x{301}e\x{301}e\x{301}e\x{301}e\x{301}e\x{301}e\x{301}e\x{301}e\x{301}e\x{301} e\x{301} e\x{301}e\x{301}e\x{301}e\x{301}e\x{301}e\x{301}e\x{301}e\x{301}e\x{301}e\x{301}e\x{301}e\x{301}e\x{301}e\x{301}e\x{301}e\x{301}e\x{301}e\x{301}e\x{301}e\x{301}e\x{301}e\x{301}e\x{301}e\x{301}e\x{301}e\x{301}e\x{301}e\x{301}e\x{301}e\x{301}e\x{301}e\x{301}e\x{301}e\x{301}e\x{301}e\x{301}e\x{301}e\x{301}e\x{301}e\x{301}e\x{301}e\x{301}e\x{301} e\x{301}e\x{301}e\x{301}e\x{301}e\x{301}e\x{301}e\x{301}e\x{301}e\x{301}e\x{301}e\x{301}e\x{301}e\x{301}e\x{301}e\x{301}e\x{301}e\x{301}e\x{301}e\x{301}e\x{301}e\x{301}e\x{301}e\x{301}e\x{301}e\x{301}e\x{301}e\x{301}e\x{301}e\x{301}e\x{301} e\x{301}e\x{301}e\x{301}e\x{301}e\x{301}e\x{301}e\x{301}e\x{301}e\x{301}e\x{301}e\x{301}e\x{301}e\x{301}e\x{301}e\x{301}e\x{301}e\x{301}e\x{301}e\x{301}e\x{301}e\x{301}e\x{301}"
          text run at (1056,2880) width 0: " "
          text run at (0,2895) width 1056: "e\x{301}e\x{301}e\x{301}e\x{301}e\x{301}e\x{301}e\x{301}e\x{301}e\x{301}e\x{301}e\x{301}e\x{301}e\x{301}e\x{301}e\x{301}e\x{301}e\x{301}e\x{301}e\x{301}e\x{301}e\x{301}e\x{301}e\x{301}e\x{301}e\x{301}e\x{301}e\x{301}e\x{301}e\x{301}e\x{301}e\x{301}e\x{301} e\x{301} e\x{301}e\x{301}e\x{301}e\x{301}e\x{301}e\x{301}e\x{301}e\x{301}e\x{301}e\x{301}e\x{301}e\x{301}e\x{301}e\x{301}e\x{301}e\x{301}e\x{301}e\x{301}e\x{301}e\x{301}e\x{301}e\x{301}e\x{301}e\x{301}e\x{301}e\x{301}e\x{301}e\x{301}e\x{301}e\x{301}e\x{301}e\x{301}e\x{301}e\x{301}e\x{301}e\x{301}e\x{301}e\x{301}e\x{301}e\x{301}e\x{301}e\x{301}e\x{301} e\x{301}e\x{301}e\x{301}e\x{301}e\x{301}e\x{301}e\x{301}e\x{301}e\x{301}e\x{301}e\x{301}e\x{301}e\x{301}e\x{301}e\x{301}e\x{301}e\x{301}e\x{301}e\x{301}e\x{301}e\x{301}e\x{301}e\x{301}e\x{301}e\x{301}e\x{301}e\x{301}e\x{301}e\x{301}e\x{301} e\x{301}e\x{301}e\x{301}e\x{301}e\x{301}e\x{301}e\x{301}e\x{301}e\x{301}e\x{301}e\x{301}e\x{301}e\x{301}e\x{301}e\x{301}e\x{301}e\x{301}e\x{301}e\x{301}e\x{301}e\x{301}e\x{301}"
          text run at (1056,2895) width 0: " "
          text run at (0,2910) width 1056: "e\x{301}e\x{301}e\x{301}e\x{301}e\x{301}e\x{301}e\x{301}e\x{301}e\x{301}e\x{301}e\x{301}e\x{301}e\x{301}e\x{301}e\x{301}e\x{301}e\x{301}e\x{301}e\x{301}e\x{301}e\x{301}e\x{301}e\x{301}e\x{301}e\x{301}e\x{301}e\x{301}e\x{301}e\x{301}e\x{301}e\x{301}e\x{301} e\x{301} e\x{301}e\x{301}e\x{301}e\x{301}e\x{301}e\x{301}e\x{301}e\x{301}e\x{301}e\x{301}e\x{301}e\x{301}e\x{301}e\x{301}e\x{301}e\x{301}e\x{301}e\x{301}e\x{301}e\x{301}e\x{301}e\x{301}e\x{301}e\x{301}e\x{301}e\x{301}e\x{301}e\x{301}e\x{301}e\x{301}e\x{301}e\x{301}e\x{301}e\x{301}e\x{301}e\x{301}e\x{301}e\x{301}e\x{301}e\x{301}e\x{301}e\x{301}e\x{301} e\x{301}e\x{301}e\x{301}e\x{301}e\x{301}e\x{301}e\x{301}e\x{301}e\x{301}e\x{301}e\x{301}e\x{301}e\x{301}e\x{301}e\x{301}e\x{301}e\x{301}e\x{301}e\x{301}e\x{301}e\x{301}e\x{301}e\x{301}e\x{301}e\x{301}e\x{301}e\x{301}e\x{301}e\x{301}e\x{301} e\x{301}e\x{301}e\x{301}e\x{301}e\x{301}e\x{301}e\x{301}e\x{301}e\x{301}e\x{301}e\x{301}e\x{301}e\x{301}e\x{301}e\x{301}e\x{301}e\x{301}e\x{301}e\x{301}e\x{301}e\x{301}e\x{301}"
          text run at (1056,2910) width 0: " "
          text run at (0,2925) width 1056: "e\x{301}e\x{301}e\x{301}e\x{301}e\x{301}e\x{301}e\x{301}e\x{301}e\x{301}e\x{301}e\x{301}e\x{301}e\x{301}e\x{301}e\x{301}e\x{301}e\x{301}e\x{301}e\x{301}e\x{301}e\x{301}e\x{301}e\x{301}e\x{301}e\x{301}e\x{301}e\x{301}e\x{301}e\x{301}e\x{301}e\x{301}e\x{301} e\x{301} e\x{301}e\x{301}e\x{301}e\x{301}e\x{301}e\x{301}e\x{301}e\x{301}e\x{301}e\x{301}e\x{301}e\x{301}e\x{301}e\x{301}e\x{301}e\x{301}e\x{301}e\x{301}e\x{301}e\x{301}e\x{301}e\x{301}e\x{301}e\x{301}e\x{301}e\x{301}e\x{301}e\x{301}e\x{301}e\x{301}e\x{301}e\x{301}e\x{301}e\x{301}e\x{301}e\x{301}e\x{301}e\x{301}e\x{301}e\x{301}e\x{301}e\x{301}e\x{301} e\x{301}e\x{301}e\x{301}e\x{301}e\x{301}e\x{301}e\x{301}e\x{301}e\x{301}e\x{301}e\x{301}e\x{301}e\x{301}e\x{301}e\x{301}e\x{301}e\x{301}e\x{301}e\x{301}e\x{301}e\x{301}e\x{301}e\x{301}e\x{301}e\x{301}e\x{301}e\x{301}e\x{301}e\x{301}e\x{301} e\x{301}e\x{301}e\x{301}e\x{301}e\x{301}e\x{301}e\x{301}e\x{301}e\x{301}e\x{301}e\x{301}e\x{301}e\x{301}e\x{301}e\x{301}e\x{301}e\x{301}e\x{301}e\x{301}e\x{301}e\x{301}e\x{301}"
          text run at (1056,2925) width 0: " "
          text run at (0,2940) width 1056: "e\x{301}e\x{301}e\x{301}e\x{301}e\x{301}e\x{301}e\x{301}e\x{301}e\x{301}e\x{301}e\x{301}e\x{301}e\x{301}e\x{301}e\x{301}e\x{301}e\x{301}e\x{301}e\x{301}e\x{301}e\x{301}e\x{301}e\x{301}e\x{301}e\x{301}e\x{301}e\x{301}e\x{301}e\x{301}e\x{301}e\x{301}e\x{301} e\x{301} e\x{301}e\x{301}e\x{301}e\x{301}e\x{301}e\x{301}e\x{301}e\x{301}e\x{301}e\x{301}e\x{301}e\x{301}e\x{301}e\x{301}e\x{301}e\x{301}e\x{301}e\x{301}e\x{301}e\x{301}e\x{301}e\x{301}e\x{301}e\x{301}e\x{301}e\x{301}e\x{301}e\x{301}e\x{301}e\x{301}e\x{301}e\x{301}e\x{301}e\x{301}e\x{301}e\x{301}e\x{301}e\x{301}e\x{301}e\x{301}e\x{301}e\x{301}e\x{301} e\x{301}e\x{301}e\x{301}e\x{301}e\x{301}e\x{301}e\x{301}e\x{301}e\x{301}e\x{301}e\x{301}e\x{301}e\x{301}e\x{301}e\x{301}e\x{301}e\x{301}e\x{301}e\x{301}e\x{301}e\x{301}e\x{301}e\x{301}e\x{301}e\x{301}e\x{301}e\x{301}e\x{301}e\x{301}e\x{301} e\x{301}e\x{301}e\x{301}e\x{301}e\x{301}e\x{301}e\x{301}e\x{301}e\x{301}e\x{301}e\x{301}e\x{301}e\x{301}e\x{301}e\x{301}e\x{301}e\x{301}e\x{301}e\x{301}e\x{301}e\x{301}e\x{301}"
          text run at (1056,2940) width 0: " "
          text run at (0,2955) width 1056: "e\x{301}e\x{301}e\x{301}e\x{301}e\x{301}e\x{301}e\x{301}e\x{301}e\x{301}e\x{301}e\x{301}e\x{301}e\x{301}e\x{301}e\x{301}e\x{301}e\x{301}e\x{301}e\x{301}e\x{301}e\x{301}e\x{301}e\x{301}e\x{301}e\x{301}e\x{301}e\x{301}e\x{301}e\x{301}e\x{301}e\x{301}e\x{301} e\x{301} e\x{301}e\x{301}e\x{301}e\x{301}e\x{301}e\x{301}e\x{301}e\x{301}e\x{301}e\x{301}e\x{301}e\x{301}e\x{301}e\x{301}e\x{301}e\x{301}e\x{301}e\x{301}e\x{301}e\x{301}e\x{301}e\x{301}e\x{301}e\x{301}e\x{301}e\x{301}e\x{301}e\x{301}e\x{301}e\x{301}e\x{301}e\x{301}e\x{301}e\x{301}e\x{301}e\x{301}e\x{301}e\x{301}e\x{301}e\x{301}e\x{301}e\x{301}e\x{301} e\x{301}e\x{301}e\x{301}e\x{301}e\x{301}e\x{301}e\x{301}e\x{301}e\x{301}e\x{301}e\x{301}e\x{301}e\x{301}e\x{301}e\x{301}e\x{301}e\x{301}e\x{301}e\x{301}e\x{301}e\x{301}e\x{301}e\x{301}e\x{301}e\x{301}e\x{301}e\x{301}e\x{301}e\x{301}e\x{301} e\x{301}e\x{301}e\x{301}e\x{301}e\x{301}e\x{301}e\x{301}e\x{301}e\x{301}e\x{301}e\x{301}e\x{301}e\x{301}e\x{301}e\x{301}e\x{301}e\x{301}e\x{301}e\x{301}e\x{301}e\x{301}e\x{301}"
          text run at (1056,2955) width 0: " "
          text run at (0,2970) width 1056: "e\x{301}e\x{301}e\x{301}e\x{301}e\x{301}e\x{301}e\x{301}e\x{301}e\x{301}e\x{301}e\x{301}e\x{301}e\x{301}e\x{301}e\x{301}e\x{301}e\x{301}e\x{301}e\x{301}e\x{301}e\x{301}e\x{301}e\x{301}e\x{301}e\x{301}e\x{301}e\x{301}e\x{301}e\x{301}e\x{301}e\x{301}e\x{301} e\x{301} e\x{301}e\x{301}e\x{301}e\x{301}e\x{301}e\x{301}e\x{301}e\x{301}e\x{301}e\x{301}e\x{301}e\x{301}e\x{301}e\x{301}e\x{301}e\x{301}e\x{301}e\x{301}e\x{301}e\x{301}e\x{301}e\x{301}e\x{301}e\x{301}e\x{301}e\x{301}e\x{301}e\x{301}e\x{301}e\x{301}e\x{301}e\x{301}e\x{301}e\x{301}e\x{301}e\x{301}e\x{301}e\x{301}e\x{301}e\x{301}e\x{301}e\x{301}e\x{301} e\x{301}e\x{301}e\x{301}e\x{301}e\x{301}e\x{301}e\x{301}e\x{301}e\x{301}e\x{301}e\x{301}e\x{301}e\x{301}e\x{301}e\x{301}e\x{301}e\x{301}e\x{301}e\x{301}e\x{301}e\x{301}e\x{301}e\x{301}e\x{301}e\x{301}e\x{301}e\x{301}e\x{301}e\x{301}e\x{301} e\x{301}e\x{301}e\x{301}e\x{301}e\x{301}e\x{301}e\x{301}e\x{301}e\x{301}e\x{301}e\x{301}e\x{301}e\x{301}e\x{301}e\x{301}e\x{301}e\x{301}e\x{301}e\x{301}e\x{301}e\x{301}e\x{301}"
          text run at (1056,2970) width 0: " "
          text run at (0,2985) width 1056: "e\x{301}e\x{301}e\x{301}e\x{301}e\x{301}e\x{301}e\x{301}e\x{301}e\x{301}e\x{301}e\x{301}e\x{301}e\x{301}e\x{301}e\x{301}e\x{301}e\x{301}e\x{301}e\x{301}e\x{301}e\x{301}e\x{301}e\x{301}e\x{301}e\x{301}e\x{301}e\x{301}e\x{301}e\x{301}e\x{301}e\x{301}e\x{301} e\x{301} e\x{301}e\x{301}e\x{301}e\x{301}e\x{301}e\x{301}e\x{301}e\x{301}e\x{301}e\x{301}e\x{301}e\x{301}e\x{301}e\x{301}e\x{301}e\x{301}e\x{301}e\x{301}e\x{301}e\x{301}e\x{301}e\x{301}e\x{301}e\x{301}e\x{301}e\x{301}e\x{301}e\x{301}e\x{301}e\x{301}e\x{301}e\x{301}e\x{301}e\x{301}e\x{301}e\x{301}e\x{301}e\x{301}e\x{301}e\x{301}e\x{301}e\x{301}e\x{301} e\x{301}e\x{301}e\x{301}e\x{301}e\x{301}e\x{301}e\x{301}e\x{301}e\x{301}e\x{301}e\x{301}e\x{301}e\x{301}e\x{301}e\x{301}e\x{301}e\x{301}e\x{301}e\x{301}e\x{301}e\x{301}e\x{301}e\x{301}e\x{301}e\x{301}e\x{301}e\x{301}e\x{301}e\x{301}e\x{301} e\x{301}e\x{301}e\x{301}e\x{301}e\x{301}e\x{301}e\x{301}e\x{301}e\x{301}e\x{301}e\x{301}e\x{301}e\x{301}e\x{301}e\x{301}e\x{301}e\x{301}e\x{301}e\x{301}e\x{301}e\x{301}e\x{301}"
          text run at (1056,2985) width 0: " "
          text run at (0,3000) width 1056: "e\x{301}e\x{301}e\x{301}e\x{301}e\x{301}e\x{301}e\x{301}e\x{301}e\x{301}e\x{301}e\x{301}e\x{301}e\x{301}e\x{301}e\x{301}e\x{301}e\x{301}e\x{301}e\x{301}e\x{301}e\x{301}e\x{301}e\x{301}e\x{301}e\x{301}e\x{301}e\x{301}e\x{301}e\x{301}e\x{301}e\x{301}e\x{301} e\x{301} e\x{301}e\x{301}e\x{301}e\x{301}e\x{301}e\x{301}e\x{301}e\x{301}e\x{301}e\x{301}e\x{301}e\x{301}e\x{301}e\x{301}e\x{301}e\x{301}e\x{301}e\x{301}e\x{301}e\x{301}e\x{301}e\x{301}e\x{301}e\x{301}e\x{301}e\x{301}e\x{301}e\x{301}e\x{301}e\x{301}e\x{301}e\x{301}e\x{301}e\x{301}e\x{301}e\x{301}e\x{301}e\x{301}e\x{301}e\x{301}e\x{301}e\x{301}e\x{301} e\x{301}e\x{301}e\x{301}e\x{301}e\x{301}e\x{301}e\x{301}e\x{301}e\x{301}e\x{301}e\x{301}e\x{301}e\x{301}e\x{301}e\x{301}e\x{301}e\x{301}e\x{301}e\x{301}e\x{301}e\x{301}e\x{301}e\x{301}e\x{301}e\x{301}e\x{301}e\x{301}e\x{301}e\x{301}e\x{301} e\x{301}e\x{301}e\x{301}e\x{301}e\x{301}e\x{301}e\x{301}e\x{301}e\x{301}e\x{301}e\x{301}e\x{301}e\x{301}e\x{301}e\x{301}e\x{301}e\x{301}e\x{301}e\x{301}e\x{301}e\x{301}e\x{301}"
          text run at (1056,3000) width 0: " "
          text run at (0,3015) width 1056: "e\x{301}e\x{301}e\x{301}e\x{301}e\x{301}e\x{301}e\x{301}e\x{301}e\x{301}e\x{301}e\x{301}e\x{301}e\x{301}e\x{301}e\x{301}e\x{301}e\x{301}e\x{301}e\x{301}e\x{301}e\x{301}e\x{301}e\x{301}e\x{301}e\x{301}e\x{301}e\x{301}e\x{301}e\x{301}e\x{301}e\x{301}e\x{301} e\x{301} e\x{301}e\x{301}e\x{301}e\x{301}e\x{301}e\x{301}e\x{301}e\x{301}e\x{301}e\x{301}e\x{301}e\x{301}e\x{301}e\x{301}e\x{301}e\x{301}e\x{301}e\x{301}e\x{301}e\x{301}e\x{301}e\x{301}e\x{301}e\x{301}e\x{301}e\x{301}e\x{301}e\x{301}e\x{301}e\x{301}e\x{301}e\x{301}e\x{301}e\x{301}e\x{301}e\x{301}e\x{301}e\x{301}e\x{301}e\x{301}e\x{301}e\x{301}e\x{301} e\x{301}e\x{301}e\x{301}e\x{301}e\x{301}e\x{301}e\x{301}e\x{301}e\x{301}e\x{301}e\x{301}e\x{301}e\x{301}e\x{301}e\x{301}e\x{301}e\x{301}e\x{301}e\x{301}e\x{301}e\x{301}e\x{301}e\x{301}e\x{301}e\x{301}e\x{301}e\x{301}e\x{301}e\x{301}e\x{301} e\x{301}e\x{301}e\x{301}e\x{301}e\x{301}e\x{301}e\x{301}e\x{301}e\x{301}e\x{301}e\x{301}e\x{301}e\x{301}e\x{301}e\x{301}e\x{301}e\x{301}e\x{301}e\x{301}e\x{301}e\x{301}e\x{301}"
          text run at (1056,3015) width 0: " "
          text run at (0,3030) width 1056: "e\x{301}e\x{301}e\x{301}e\x{301}e\x{301}e\x{301}e\x{301}e\x{301}e\x{301}e\x{301}e\x{301}e\x{301}e\x{301}e\x{301}e\x{301}e\x{301}e\x{301}e\x{301}e\x{301}e\x{301}e\x{301}e\x{301}e\x{301}e\x{301}e\x{301}e\x{301}e\x{301}e\x{301}e\x{301}e\x{301}e\x{301}e\x{301} e\x{301} e\x{301}e\x{301}e\x{301}e\x{301}e\x{301}e\x{301}e\x{301}e\x{301}e\x{301}e\x{301}e\x{301}e\x{301}e\x{301}e\x{301}e\x{301}e\x{301}e\x{301}e\x{301}e\x{301}e\x{301}e\x{301}e\x{301}e\x{301}e\x{301}e\x{301}e\x{301}e\x{301}e\x{301}e\x{301}e\x{301}e\x{301}e\x{301}e\x{301}e\x{301}e\x{301}e\x{301}e\x{301}e\x{301}e\x{301}e\x{301}e\x{301}e\x{301}e\x{301} e\x{301}e\x{301}e\x{301}e\x{301}e\x{301}e\x{301}e\x{301}e\x{301}e\x{301}e\x{301}e\x{301}e\x{301}e\x{301}e\x{301}e\x{301}e\x{301}e\x{301}e\x{301}e\x{301}e\x{301}e\x{301}e\x{301}e\x{301}e\x{301}e\x{301}e\x{301}e\x{301}e\x{301}e\x{301}e\x{301} e\x{301}e\x{301}e\x{301}e\x{301}e\x{301}e\x{301}e\x{301}e\x{301}e\x{301}e\x{301}e\x{301}e\x{301}e\x{301}e\x{301}e\x{301}e\x{301}e\x{301}e\x{301}e\x{301}e\x{301}e\x{301}e\x{301}"
          text run at (1056,3030) width 0: " "
          text run at (0,3045) width 1056: "e\x{301}e\x{301}e\x{301}e\x{301}e\x{301}e\x{301}e\x{301}e\x{301}e\x{301}e\x{301}e\x{301}e\x{301}e\x{301}e\x{301}e\x{301}e\x{301}e\x{301}e\x{301}e\x{301}e\x{301}e\x{301}e\x{301}e\x{301}e\x{301}e\x{301}e\x{301}e\x{301}e\x{301}e\x{301}e\x{301}e\x{301}e\x{301} e\x{301} e\x{301}e\x{301}e\x{301}e\x{301}e\x{301}e\x{301}e\x{301}e\x{301}e\x{301}e\x{301}e\x{301}e\x{301}e\x{301}e\x{301}e\x{301}e\x{301}e\x{301}e\x{301}e\x{301}e\x{301}e\x{301}e\x{301}e\x{301}e\x{301}e\x{301}e\x{301}e\x{301}e\x{301}e\x{301}e\x{301}e\x{301}e\x{301}e\x{301}e\x{301}e\x{301}e\x{301}e\x{301}e\x{301}e\x{301}e\x{301}e\x{301}e\x{301}e\x{301} e\x{301}e\x{301}e\x{301}e\x{301}e\x{301}e\x{301}e\x{301}e\x{301}e\x{301}e\x{301}e\x{301}e\x{301}e\x{301}e\x{301}e\x{301}e\x{301}e\x{301}e\x{301}e\x{301}e\x{301}e\x{301}e\x{301}e\x{301}e\x{301}e\x{301}e\x{301}e\x{301}e\x{301}e\x{301}e\x{301} e\x{301}e\x{301}e\x{301}e\x{301}e\x{301}e\x{301}e\x{301}e\x{301}e\x{301}e\x{301}e\x{301}e\x{301}e\x{301}e\x{301}e\x{301}e\x{301}e\x{301}e\x{301}e\x{301}e\x{301}e\x{301}e\x{301}"
          text run at (1056,3045) width 0: " "
          text run at (0,3060) width 1056: "e\x{301}e\x{301}e\x{301}e\x{301}e\x{301}e\x{301}e\x{301}e\x{301}e\x{301}e\x{301}e\x{301}e\x{301}e\x{301}e\x{301}e\x{301}e\x{301}e\x{301}e\x{301}e\x{301}e\x{301}e\x{301}e\x{301}e\x{301}e\x{301}e\x{301}e\x{301}e\x{301}e\x{301}e\x{301}e\x{301}e\x{301}e\x{301} e\x{301} e\x{301}e\x{301}e\x{301}e\x{301}e\x{301}e\x{301}e\x{301}e\x{301}e\x{301}e\x{301}e\x{301}e\x{301}e\x{301}e\x{301}e\x{301}e\x{301}e\x{301}e\x{301}e\x{301}e\x{301}e\x{301}e\x{301}e\x{301}e\x{301}e\x{301}e\x{301}e\x{301}e\x{301}e\x{301}e\x{301}e\x{301}e\x{301}e\x{301}e\x{301}e\x{301}e\x{301}e\x{301}e\x{301}e\x{301}e\x{301}e\x{301}e\x{301}e\x{301} e\x{301}e\x{301}e\x{301}e\x{301}e\x{301}e\x{301}e\x{301}e\x{301}e\x{301}e\x{301}e\x{301}e\x{301}e\x{301}e\x{301}e\x{301}e\x{301}e\x{301}e\x{301}e\x{301}e\x{301}e\x{301}e\x{301}e\x{301}e\x{301}e\x{301}e\x{301}e\x{301}e\x{301}e\x{301}e\x{301} e\x{301}e\x{301}e\x{301}e\x{301}e\x{301}e\x{301}e\x{301}e\x{301}e\x{301}e\x{301}e\x{301}e\x{301}e\x{301}e\x{301}e\x{301}e\x{301}e\x{301}e\x{301}e\x{301}e\x{301}e\x{301}e\x{301}"
          text run at (1056,3060) width 0: " "
          text run at (0,3075) width 1056: "e\x{301}e\x{301}e\x{301}e\x{301}e\x{301}e\x{301}e\x{301}e\x{301}e\x{301}e\x{301}e\x{301}e\x{301}e\x{301}e\x{301}e\x{301}e\x{301}e\x{301}e\x{301}e\x{301}e\x{301}e\x{301}e\x{301}e\x{301}e\x{301}e\x{301}e\x{301}e\x{301}e\x{301}e\x{301}e\x{301}e\x{301}e\x{301} e\x{301} e\x{301}e\x{301}e\x{301}e\x{301}e\x{301}e\x{301}e\x{301}e\x{301}e\x{301}e\x{301}e\x{301}e\x{301}e\x{301}e\x{301}e\x{301}e\x{301}e\x{301}e\x{301}e\x{301}e\x{301}e\x{301}e\x{301}e\x{301}e\x{301}e\x{301}e\x{301}e\x{301}e\x{301}e\x{301}e\x{301}e\x{301}e\x{301}e\x{301}e\x{301}e\x{301}e\x{301}e\x{301}e\x{301}e\x{301}e\x{301}e\x{301}e\x{301}e\x{301} e\x{301}e\x{301}e\x{301}e\x{301}e\x{301}e\x{301}e\x{301}e\x{301}e\x{301}e\x{301}e\x{301}e\x{301}e\x{301}e\x{301}e\x{301}e\x{301}e\x{301}e\x{301}e\x{301}e\x{301}e\x{301}e\x{301}e\x{301}e\x{301}e\x{301}e\x{301}e\x{301}e\x{301}e\x{301}e\x{301} e\x{301}e\x{301}e\x{301}e\x{301}e\x{301}e\x{301}e\x{301}e\x{301}e\x{301}e\x{301}e\x{301}e\x{301}e\x{301}e\x{301}e\x{301}e\x{301}e\x{301}e\x{301}e\x{301}e\x{301}e\x{301}e\x{301}"
          text run at (1056,3075) width 0: " "
          text run at (0,3090) width 1056: "e\x{301}e\x{301}e\x{301}e\x{301}e\x{301}e\x{301}e\x{301}e\x{301}e\x{301}e\x{301}e\x{301}e\x{301}e\x{301}e\x{301}e\x{301}e\x{301}e\x{301}e\x{301}e\x{301}e\x{301}e\x{301}e\x{301}e\x{301}e\x{301}e\x{301}e\x{301}e\x{301}e\x{301}e\x{301}e\x{301}e\x{301}e\x{301} e\x{301} e\x{301}e\x{301}e\x{301}e\x{301}e\x{301}e\x{301}e\x{301}e\x{301}e\x{301}e\x{301}e\x{301}e\x{301}e\x{301}e\x{301}e\x{301}e\x{301}e\x{301}e\x{301}e\x{301}e\x{301}e\x{301}e\x{301}e\x{301}e\x{301}e\x{301}e\x{301}e\x{301}e\x{301}e\x{301}e\x{301}e\x{301}e\x{301}e\x{301}e\x{301}e\x{301}e\x{301}e\x{301}e\x{301}e\x{301}e\x{301}e\x{301}e\x{301}e\x{301} e\x{301}e\x{301}e\x{301}e\x{301}e\x{301}e\x{301}e\x{301}e\x{301}e\x{301}e\x{301}e\x{301}e\x{301}e\x{301}e\x{301}e\x{301}e\x{301}e\x{301}e\x{301}e\x{301}e\x{301}e\x{301}e\x{301}e\x{301}e\x{301}e\x{301}e\x{301}e\x{301}e\x{301}e\x{301}e\x{301} e\x{301}e\x{301}e\x{301}e\x{301}e\x{301}e\x{301}e\x{301}e\x{301}e\x{301}e\x{301}e\x{301}e\x{301}e\x{301}e\x{301}e\x{301}e\x{301}e\x{301}e\x{301}e\x{301}e\x{301}e\x{301}e\x{301}"
          text run at (1056,3090) width 0: " "
          text run at (0,3105) width 1056: "e\x{301}e\x{301}e\x{301}e\x{301}e\x{301}e\x{301}e\x{301}e\x{301}e\x{301}e\x{301}e\x{301}e\x{301}e\x{301}e\x{301}e\x{301}e\x{301}e\x{301}e\x{301}e\x{301}e\x{301}e\x{301}e\x{301}e\x{301}e\x{301}e\x{301}e\x{301}e\x{301}e\x{301}e\x{301}e\x{301}e\x{301}e\x{301} e\x{301} e\x{301}e\x{301}e\x{301}e\x{301}e\x{301}e\x{301}e\x{301}e\x{301}e\x{301}e\x{301}e\x{301}e\x{301}e\x{301}e\x{301}e\x{301}e\x{301}e\x{301}e\x{301}e\x{301}e\x{301}e\x{301}e\x{301}e\x{301}e\x{301}e\x{301}e\x{301}e\x{301}e\x{301}e\x{301}e\x{301}e\x{301}e\x{301}e\x{301}e\x{301}e\x{301}e\x{301}e\x{301}e\x{301}e\x{301}e\x{301}e\x{301}e\x{301}e\x{301} e\x{301}e\x{301}e\x{301}e\x{301}e\x{301}e\x{301}e\x{301}e\x{301}e\x{301}e\x{301}e\x{301}e\x{301}e\x{301}e\x{301}e\x{301}e\x{301}e\x{301}e\x{301}e\x{301}e\x{301}e\x{301}e\x{301}e\x{301}e\x{301}e\x{301}e\x{301}e\x{301}e\x{301}e\x{301}e\x{301} e\x{301}e\x{301}e\x{301}e\x{301}e\x{301}e\x{301}e\x{301}e\x{301}e\x{301}e\x{301}e\x{301}e\x{301}e\x{301}e\x{301}e\x{301}e\x{301}e\x{301}e\x{301}e\x{301}e\x{301}e\x{301}e\x{301}"
          text run at (1056,3105) width 0: " "
          text run at (0,3120) width 1056: "e\x{301}e\x{301}e\x{301}e\x{301}e\x{301}e\x{301}e\x{301}e\x{301}e\x{301}e\x{301}e\x{301}e\x{301}e\x{301}e\x{301}e\x{301}e\x{301}e\x{301}e\x{301}e\x{301}e\x{301}e\x{301}e\x{301}e\x{301}e\x{301}e\x{301}e\x{301}e\x{301}e\x{301}e\x{301}e\x{301}e\x{301}e\x{301} e\x{301} e\x{301}e\x{301}e\x{301}e\x{301}e\x{301}e\x{301}e\x{301}e\x{301}e\x{301}e\x{301}e\x{301}e\x{301}e\x{301}e\x{301}e\x{301}e\x{301}e\x{301}e\x{301}e\x{301}e\x{301}e\x{301}e\x{301}e\x{301}e\x{301}e\x{301}e\x{301}e\x{301}e\x{301}e\x{301}e\x{301}e\x{301}e\x{301}e\x{301}e\x{301}e\x{301}e\x{301}e\x{301}e\x{301}e\x{301}e\x{301}e\x{301}e\x{301}e\x{301} e\x{301}e\x{301}e\x{301}e\x{301}e\x{301}e\x{301}e\x{301}e\x{301}e\x{301}e\x{301}e\x{301}e\x{301}e\x{301}e\x{301}e\x{301}e\x{301}e\x{301}e\x{301}e\x{301}e\x{301}e\x{301}e\x{301}e\x{301}e\x{301}e\x{301}e\x{301}e\x{301}e\x{301}e\x{301}e\x{301} e\x{301}e\x{301}e\x{301}e\x{301}e\x{301}e\x{301}e\x{301}e\x{301}e\x{301}e\x{301}e\x{301}e\x{301}e\x{301}e\x{301}e\x{301}e\x{301}e\x{301}e\x{301}e\x{301}e\x{301}e\x{301}e\x{301}"
          text run at (1056,3120) width 0: " "
          text run at (0,3135) width 1056: "e\x{301}e\x{301}e\x{301}e\x{301}e\x{301}e\x{301}e\x{301}e\x{301}e\x{301}e\x{301}e\x{301}e\x{301}e\x{301}e\x{301}e\x{301}e\x{301}e\x{301}e\x{301}e\x{301}e\x{301}e\x{301}e\x{301}e\x{301}e\x{301}e\x{301}e\x{301}e\x{301}e\x{301}e\x{301}e\x{301}e\x{301}e\x{301} e\x{301} e\x{301}e\x{301}e\x{301}e\x{301}e\x{301}e\x{301}e\x{301}e\x{301}e\x{301}e\x{301}e\x{301}e\x{301}e\x{301}e\x{301}e\x{301}e\x{301}e\x{301}e\x{301}e\x{301}e\x{301}e\x{301}e\x{301}e\x{301}e\x{301}e\x{301}e\x{301}e\x{301}e\x{301}e\x{301}e\x{301}e\x{301}e\x{301}e\x{301}e\x{301}e\x{301}e\x{301}e\x{301}e\x{301}e\x{301}e\x{301}e\x{301}e\x{301}e\x{301} e\x{301}e\x{301}e\x{301}e\x{301}e\x{301}e\x{301}e\x{301}e\x{301}e\x{301}e\x{301}e\x{301}e\x{301}e\x{301}e\x{301}e\x{301}e\x{301}e\x{301}e\x{301}e\x{301}e\x{301}e\x{301}e\x{301}e\x{301}e\x{301}e\x{301}e\x{301}e\x{301}e\x{301}e\x{301}e\x{301} e\x{301}e\x{301}e\x{301}e\x{301}e\x{301}e\x{301}e\x{301}e\x{301}e\x{301}e\x{301}e\x{301}e\x{301}e\x{301}e\x{301}e\x{301}e\x{301}e\x{301}e\x{301}e\x{301}e\x{301}e\x{301}e\x{301}"
          text run at (1056,3135) width 0: " "
          text run at (0,3150) width 1056: "e\x{301}e\x{301}e\x{301}e\x{301}e\x{301}e\x{301}e\x{301}e\x{301}e\x{301}e\x{301}e\x{301}e\x{301}e\x{301}e\x{301}e\x{301}e\x{301}e\x{301}e\x{301}e\x{301}e\x{301}e\x{301}e\x{301}e\x{301}e\x{301}e\x{301}e\x{301}e\x{301}e\x{301}e\x{301}e\x{301}e\x{301}e\x{301} e\x{301} e\x{301}e\x{301}e\x{301}e\x{301}e\x{301}e\x{301}e\x{301}e\x{301}e\x{301}e\x{301}e\x{301}e\x{301}e\x{301}e\x{301}e\x{301}e\x{301}e\x{301}e\x{301}e\x{301}e\x{301}e\x{301}e\x{301}e\x{301}e\x{301}e\x{301}e\x{301}e\x{301}e\x{301}e\x{301}e\x{301}e\x{301}e\x{301}e\x{301}e\x{301}e\x{301}e\x{301}e\x{301}e\x{301}e\x{301}e\x{301}e\x{301}e\x{301}e\x{301} e\x{301}e\x{301}e\x{301}e\x{301}e\x{301}e\x{301}e\x{301}e\x{301}e\x{301}e\x{301}e\x{301}e\x{301}e\x{301}e\x{301}e\x{301}e\x{301}e\x{301}e\x{301}e\x{301}e\x{301}e\x{301}e\x{301}e\x{301}e\x{301}e\x{301}e\x{301}e\x{301}e\x{301}e\x{301}e\x{301} e\x{301}e\x{301}e\x{301}e\x{301}e\x{301}e\x{301}e\x{301}e\x{301}e\x{301}e\x{301}e\x{301}e\x{301}e\x{301}e\x{301}e\x{301}e\x{301}e\x{301}e\x{301}e\x{301}e\x{301}e\x{301}e\x{301}"
          text run at (1056,3150) width 0: " "
          text run at (0,3165) width 1056: "e\x{301}e\x{301}e\x{301}e\x{301}e\x{301}e\x{301}e\x{301}e\x{301}e\x{301}e\x{301}e\x{301}e\x{301}e\x{301}e\x{301}e\x{301}e\x{301}e\x{301}e\x{301}e\x{301}e\x{301}e\x{301}e\x{301}e\x{301}e\x{301}e\x{301}e\x{301}e\x{301}e\x{301}e\x{301}e\x{301}e\x{301}e\x{301} e\x{301} e\x{301}e\x{301}e\x{301}e\x{301}e\x{301}e\x{301}e\x{301}e\x{301}e\x{301}e\x{301}e\x{301}e\x{301}e\x{301}e\x{301}e\x{301}e\x{301}e\x{301}e\x{301}e\x{301}e\x{301}e\x{301}e\x{301}e\x{301}e\x{301}e\x{301}e\x{301}e\x{301}e\x{301}e\x{301}e\x{301}e\x{301}e\x{301}e\x{301}e\x{301}e\x{301}e\x{301}e\x{301}e\x{301}e\x{301}e\x{301}e\x{301}e\x{301}e\x{301} e\x{301}e\x{301}e\x{301}e\x{301}e\x{301}e\x{301}e\x{301}e\x{301}e\x{301}e\x{301}e\x{301}e\x{301}e\x{301}e\x{301}e\x{301}e\x{301}e\x{301}e\x{301}e\x{301}e\x{301}e\x{301}e\x{301}e\x{301}e\x{301}e\x{301}e\x{301}e\x{301}e\x{301}e\x{301}e\x{301} e\x{301}e\x{301}e\x{301}e\x{301}e\x{301}e\x{301}e\x{301}e\x{301}e\x{301}e\x{301}e\x{301}e\x{301}e\x{301}e\x{301}e\x{301}e\x{301}e\x{301}e\x{301}e\x{301}e\x{301}e\x{301}e\x{301}"
          text run at (1056,3165) width 0: " "
          text run at (0,3180) width 1056: "e\x{301}e\x{301}e\x{301}e\x{301}e\x{301}e\x{301}e\x{301}e\x{301}e\x{301}e\x{301}e\x{301}e\x{301}e\x{301}e\x{301}e\x{301}e\x{301}e\x{301}e\x{301}e\x{301}e\x{301}e\x{301}e\x{301}e\x{301}e\x{301}e\x{301}e\x{301}e\x{301}e\x{301}e\x{301}e\x{301}e\x{301}e\x{301} e\x{301} e\x{301}e\x{301}e\x{301}e\x{301}e\x{301}e\x{301}e\x{301}e\x{301}e\x{301}e\x{301}e\x{301}e\x{301}e\x{301}e\x{301}e\x{301}e\x{301}e\x{301}e\x{301}e\x{301}e\x{301}e\x{301}e\x{301}e\x{301}e\x{301}e\x{301}e\x{301}e\x{301}e\x{301}e\x{301}e\x{301}e\x{301}e\x{301}e\x{301}e\x{301}e\x{301}e\x{301}e\x{301}e\x{301}e\x{301}e\x{301}e\x{301}e\x{301}e\x{301} e\x{301}e\x{301}e\x{301}e\x{301}e\x{301}e\x{301}e\x{301}e\x{301}e\x{301}e\x{301}e\x{301}e\x{301}e\x{301}e\x{301}e\x{301}e\x{301}e\x{301}e\x{301}e\x{301}e\x{301}e\x{301}e\x{301}e\x{301}e\x{301}e\x{301}e\x{301}e\x{301}e\x{301}e\x{301}e\x{301} e\x{301}e\x{301}e\x{301}e\x{301}e\x{301}e\x{301}e\x{301}e\x{301}e\x{301}e\x{301}e\x{301}e\x{301}e\x{301}e\x{301}e\x{301}e\x{301}e\x{301}e\x{301}e\x{301}e\x{301}e\x{301}e\x{301}"
          text run at (1056,3180) width 0: " "
          text run at (0,3195) width 1056: "e\x{301}e\x{301}e\x{301}e\x{301}e\x{301}e\x{301}e\x{301}e\x{301}e\x{301}e\x{301}e\x{301}e\x{301}e\x{301}e\x{301}e\x{301}e\x{301}e\x{301}e\x{301}e\x{301}e\x{301}e\x{301}e\x{301}e\x{301}e\x{301}e\x{301}e\x{301}e\x{301}e\x{301}e\x{301}e\x{301}e\x{301}e\x{301} e\x{301} e\x{301}e\x{301}e\x{301}e\x{301}e\x{301}e\x{301}e\x{301}e\x{301}e\x{301}e\x{301}e\x{301}e\x{301}e\x{301}e\x{301}e\x{301}e\x{301}e\x{301}e\x{301}e\x{301}e\x{301}e\x{301}e\x{301}e\x{301}e\x{301}e\x{301}e\x{301}e\x{301}e\x{301}e\x{301}e\x{301}e\x{301}e\x{301}e\x{301}e\x{301}e\x{301}e\x{301}e\x{301}e\x{301}e\x{301}e\x{301}e\x{301}e\x{301}e\x{301} e\x{301}e\x{301}e\x{301}e\x{301}e\x{301}e\x{301}e\x{301}e\x{301}e\x{301}e\x{301}e\x{301}e\x{301}e\x{301}e\x{301}e\x{301}e\x{301}e\x{301}e\x{301}e\x{301}e\x{301}e\x{301}e\x{301}e\x{301}e\x{301}e\x{301}e\x{301}e\x{301}e\x{301}e\x{301}e\x{301} e\x{301}e\x{301}e\x{301}e\x{301}e\x{301}e\x{301}e\x{301}e\x{301}e\x{301}e\x{301}e\x{301}e\x{301}e\x{301}e\x{301}e\x{301}e\x{301}e\x{301}e\x{301}e\x{301}e\x{301}e\x{301}e\x{301}"
          text run at (1056,3195) width 0: " "
          text run at (0,3210) width 1056: "e\x{301}e\x{301}e\x{301}e\x{301}e\x{301}e\x{301}e\x{301}e\x{301}e\x{301}e\x{301}e\x{301}e\x{301}e\x{301}e\x{301}e\x{301}e\x{301}e\x{301}e\x{301}e\x{301}e\x{301}e\x{301}e\x{301}e\x{301}e\x{301}e\x{301}e\x{301}e\x{301}e\x{301}e\x{301}e\x{301}e\x{301}e\x{301} e\x{301} e\x{301}e\x{301}e\x{301}e\x{301}e\x{301}e\x{301}e\x{301}e\x{301}e\x{301}e\x{301}e\x{301}e\x{301}e\x{301}e\x{301}e\x{301}e\x{301}e\x{301}e\x{301}e\x{301}e\x{301}e\x{301}e\x{301}e\x{301}e\x{301}e\x{301}e\x{301}e\x{301}e\x{301}e\x{301}e\x{301}e\x{301}e\x{301}e\x{301}e\x{301}e\x{301}e\x{301}e\x{301}e\x{301}e\x{301}e\x{301}e\x{301}e\x{301}e\x{301} e\x{301}e\x{301}e\x{301}e\x{301}e\x{301}e\x{301}e\x{301}e\x{301}e\x{301}e\x{301}e\x{301}e\x{301}e\x{301}e\x{301}e\x{301}e\x{301}e\x{301}e\x{301}e\x{301}e\x{301}e\x{301}e\x{301}e\x{301}e\x{301}e\x{301}e\x{301}e\x{301}e\x{301}e\x{301}e\x{301} e\x{301}e\x{301}e\x{301}e\x{301}e\x{301}e\x{301}e\x{301}e\x{301}e\x{301}e\x{301}e\x{301}e\x{301}e\x{301}e\x{301}e\x{301}e\x{301}e\x{301}e\x{301}e\x{301}e\x{301}e\x{301}e\x{301}"
          text run at (1056,3210) width 0: " "
          text run at (0,3225) width 1056: "e\x{301}e\x{301}e\x{301}e\x{301}e\x{301}e\x{301}e\x{301}e\x{301}e\x{301}e\x{301}e\x{301}e\x{301}e\x{301}e\x{301}e\x{301}e\x{301}e\x{301}e\x{301}e\x{301}e\x{301}e\x{301}e\x{301}e\x{301}e\x{301}e\x{301}e\x{301}e\x{301}e\x{301}e\x{301}e\x{301}e\x{301}e\x{301} e\x{301} e\x{301}e\x{301}e\x{301}e\x{301}e\x{301}e\x{301}e\x{301}e\x{301}e\x{301}e\x{301}e\x{301}e\x{301}e\x{301}e\x{301}e\x{301}e\x{301}e\x{301}e\x{301}e\x{301}e\x{301}e\x{301}e\x{301}e\x{301}e\x{301}e\x{301}e\x{301}e\x{301}e\x{301}e\x{301}e\x{301}e\x{301}e\x{301}e\x{301}e\x{301}e\x{301}e\x{301}e\x{301}e\x{301}e\x{301}e\x{301}e\x{301}e\x{301}e\x{301} e\x{301}e\x{301}e\x{301}e\x{301}e\x{301}e\x{301}e\x{301}e\x{301}e\x{301}e\x{301}e\x{301}e\x{301}e\x{301}e\x{301}e\x{301}e\x{301}e\x{301}e\x{301}e\x{301}e\x{301}e\x{301}e\x{301}e\x{301}e\x{301}e\x{301}e\x{301}e\x{301}e\x{301}e\x{301}e\x{301} e\x{301}e\x{301}e\x{301}e\x{301}e\x{301}e\x{301}e\x{301}e\x{301}e\x{301}e\x{301}e\x{301}e\x{301}e\x{301}e\x{301}e\x{301}e\x{301}e\x{301}e\x{301}e\x{301}e\x{301}e\x{301}e\x{301}"
          text run at (1056,3225) width 0: " "
          text run at (0,3240) width 1056: "e\x{301}e\x{301}e\x{301}e\x{301}e\x{301}e\x{301}e\x{301}e\x{301}e\x{301}e\x{301}e\x{301}e\x{301}e\x{301}e\x{301}e\x{301}e\x{301}e\x{301}e\x{301}e\x{301}e\x{301}e\x{301}e\x{301}e\x{301}e\x{301}e\x{301}e\x{301}e\x{301}e\x{301}e\x{301}e\x{301}e\x{301}e\x{301} e\x{301} e\x{301}e\x{301}e\x{301}e\x{301}e\x{301}e\x{301}e\x{301}e\x{301}e\x{301}e\x{301}e\x{301}e\x{301}e\x{301}e\x{301}e\x{301}e\x{301}e\x{301}e\x{301}e\x{301}e\x{301}e\x{301}e\x{301}e\x{301}e\x{301}e\x{301}e\x{301}e\x{301}e\x{301}e\x{301}e\x{301}e\x{301}e\x{301}e\x{301}e\x{301}e\x{301}e\x{301}e\x{301}e\x{301}e\x{301}e\x{301}e\x{301}e\x{301}e\x{301} e\x{301}e\x{301}e\x{301}e\x{301}e\x{301}e\x{301}e\x{301}e\x{301}e\x{301}e\x{301}e\x{301}e\x{301}e\x{301}e\x{301}e\x{301}e\x{301}e\x{301}e\x{301}e\x{301}e\x{301}e\x{301}e\x{301}e\x{301}e\x{301}e\x{301}e\x{301}e\x{301}e\x{301}e\x{301}e\x{301} e\x{301}e\x{301}e\x{301}e\x{301}e\x{301}e\x{301}e\x{301}e\x{301}e\x{301}e\x{301}e\x{301}e\x{301}e\x{301}e\x{301}e\x{301}e\x{301}e\x{301}e\x{301}e\x{301}e\x{301}e\x{301}e\x{301}"
          text run at (1056,3240) width 0: " "
          text run at (0,3255) width 1056: "e\x{301}e\x{301}e\x{301}e\x{301}e\x{301}e\x{301}e\x{301}e\x{301}e\x{301}e\x{301}e\x{301}e\x{301}e\x{301}e\x{301}e\x{301}e\x{301}e\x{301}e\x{301}e\x{301}e\x{301}e\x{301}e\x{301}e\x{301}e\x{301}e\x{301}e\x{301}e\x{301}e\x{301}e\x{301}e\x{301}e\x{301}e\x{301} e\x{301} e\x{301}e\x{301}e\x{301}e\x{301}e\x{301}e\x{301}e\x{301}e\x{301}e\x{301}e\x{301}e\x{301}e\x{301}e\x{301}e\x{301}e\x{301}e\x{301}e\x{301}e\x{301}e\x{301}e\x{301}e\x{301}e\x{301}e\x{301}e\x{301}e\x{301}e\x{301}e\x{301}e\x{301}e\x{301}e\x{301}e\x{301}e\x{301}e\x{301}e\x{301}e\x{301}e\x{301}e\x{301}e\x{301}e\x{301}e\x{301}e\x{301}e\x{301}e\x{301} e\x{301}e\x{301}e\x{301}e\x{301}e\x{301}e\x{301}e\x{301}e\x{301}e\x{301}e\x{301}e\x{301}e\x{301}e\x{301}e\x{301}e\x{301}e\x{301}e\x{301}e\x{301}e\x{301}e\x{301}e\x{301}e\x{301}e\x{301}e\x{301}e\x{301}e\x{301}e\x{301}e\x{301}e\x{301}e\x{301} e\x{301}e\x{301}e\x{301}e\x{301}e\x{301}e\x{301}e\x{301}e\x{301}e\x{301}e\x{301}e\x{301}e\x{301}e\x{301}e\x{301}e\x{301}e\x{301}e\x{301}e\x{301}e\x{301}e\x{301}e\x{301}e\x{301}"
          text run at (1056,3255) width 0: " "
          text run at (0,3270) width 1056: "e\x{301}e\x{301}e\x{301}e\x{301}e\x{301}e\x{301}e\x{301}e\x{301}e\x{301}e\x{301}e\x{301}e\x{301}e\x{301}e\x{301}e\x{301}e\x{301}e\x{301}e\x{301}e\x{301}e\x{301}e\x{301}e\x{301}e\x{301}e\x{301}e\x{301}e\x{301}e\x{301}e\x{301}e\x{301}e\x{301}e\x{301}e\x{301} e\x{301} e\x{301}e\x{301}e\x{301}e\x{301}e\x{301}e\x{301}e\x{301}e\x{301}e\x{301}e\x{301}e\x{301}e\x{301}e\x{301}e\x{301}e\x{301}e\x{301}e\x{301}e\x{301}e\x{301}e\x{301}e\x{301}e\x{301}e\x{301}e\x{301}e\x{301}e\x{301}e\x{301}e\x{301}e\x{301}e\x{301}e\x{301}e\x{301}e\x{301}e\x{301}e\x{301}e\x{301}e\x{301}e\x{301}e\x{301}e\x{301}e\x{301}e\x{301}e\x{301} e\x{301}e\x{301}e\x{301}e\x{301}e\x{301}e\x{301}e\x{301}e\x{301}e\x{301}e\x{301}e\x{301}e\x{301}e\x{301}e\x{301}e\x{301}e\x{301}e\x{301}e\x{301}e\x{301}e\x{301}e\x{301}e\x{301}e\x{301}e\x{301}e\x{301}e\x{301}e\x{301}e\x{301}e\x{301}e\x{301} e\x{301}e\x{301}e\x{301}e\x{301}e\x{301}e\x{301}e\x{301}e\x{301}e\x{301}e\x{301}e\x{301}e\x{301}e\x{301}e\x{301}e\x{301}e\x{301}e\x{301}e\x{301}e\x{301}e\x{301}e\x{301}e\x{301}"
          text run at (1056,3270) width 0: " "
          text run at (0,3285) width 1056: "e\x{301}e\x{301}e\x{301}e\x{301}e\x{301}e\x{301}e\x{301}e\x{301}e\x{301}e\x{301}e\x{301}e\x{301}e\x{301}e\x{301}e\x{301}e\x{301}e\x{301}e\x{301}e\x{301}e\x{301}e\x{301}e\x{301}e\x{301}e\x{301}e\x{301}e\x{301}e\x{301}e\x{301}e\x{301}e\x{301}e\x{301}e\x{301} e\x{301} e\x{301}e\x{301}e\x{301}e\x{301}e\x{301}e\x{301}e\x{301}e\x{301}e\x{301}e\x{301}e\x{301}e\x{301}e\x{301}e\x{301}e\x{301}e\x{301}e\x{301}e\x{301}e\x{301}e\x{301}e\x{301}e\x{301}e\x{301}e\x{301}e\x{301}e\x{301}e\x{301}e\x{301}e\x{301}e\x{301}e\x{301}e\x{301}e\x{301}e\x{301}e\x{301}e\x{301}e\x{301}e\x{301}e\x{301}e\x{301}e\x{301}e\x{301}e\x{301} e\x{301}e\x{301}e\x{301}e\x{301}e\x{301}e\x{301}e\x{301}e\x{301}e\x{301}e\x{301}e\x{301}e\x{301}e\x{301}e\x{301}e\x{301}e\x{301}e\x{301}e\x{301}e\x{301}e\x{301}e\x{301}e\x{301}e\x{301}e\x{301}e\x{301}e\x{301}e\x{301}e\x{301}e\x{301}e\x{301} e\x{301}e\x{301}e\x{301}e\x{301}e\x{301}e\x{301}e\x{301}e\x{301}e\x{301}e\x{301}e\x{301}e\x{301}e\x{301}e\x{301}e\x{301}e\x{301}e\x{301}e\x{301}e\x{301}e\x{301}e\x{301}e\x{301}"
          text run at (1056,3285) width 0: " "
          text run at (0,3300) width 1056: "e\x{301}e\x{301}e\x{301}e\x{301}e\x{301}e\x{301}e\x{301}e\x{301}e\x{301}e\x{301}e\x{301}e\x{301}e\x{301}e\x{301}e\x{301}e\x{301}e\x{301}e\x{301}e\x{301}e\x{301}e\x{301}e\x{301}e\x{301}e\x{301}e\x{301}e\x{301}e\x{301}e\x{301}e\x{301}e\x{301}e\x{301}e\x{301} e\x{301} e\x{301}e\x{301}e\x{301}e\x{301}e\x{301}e\x{301}e\x{301}e\x{301}e\x{301}e\x{301}e\x{301}e\x{301}e\x{301}e\x{301}e\x{301}e\x{301}e\x{301}e\x{301}e\x{301}e\x{301}e\x{301}e\x{301}e\x{301}e\x{301}e\x{301}e\x{301}e\x{301}e\x{301}e\x{301}e\x{301}e\x{301}e\x{301}e\x{301}e\x{301}e\x{301}e\x{301}e\x{301}e\x{301}e\x{301}e\x{301}e\x{301}e\x{301}e\x{301} e\x{301}e\x{301}e\x{301}e\x{301}e\x{301}e\x{301}e\x{301}e\x{301}e\x{301}e\x{301}e\x{301}e\x{301}e\x{301}e\x{301}e\x{301}e\x{301}e\x{301}e\x{301}e\x{301}e\x{301}e\x{301}e\x{301}e\x{301}e\x{301}e\x{301}e\x{301}e\x{301}e\x{301}e\x{301}e\x{301} e\x{301}e\x{301}e\x{301}e\x{301}e\x{301}e\x{301}e\x{301}e\x{301}e\x{301}e\x{301}e\x{301}e\x{301}e\x{301}e\x{301}e\x{301}e\x{301}e\x{301}e\x{301}e\x{301}e\x{301}e\x{301}e\x{301}"
          text run at (1056,3300) width 0: " "
          text run at (0,3315) width 1056: "e\x{301}e\x{301}e\x{301}e\x{301}e\x{301}e\x{301}e\x{301}e\x{301}e\x{301}e\x{301}e\x{301}e\x{301}e\x{301}e\x{301}e\x{301}e\x{301}e\x{301}e\x{301}e\x{301}e\x{301}e\x{301}e\x{301}e\x{301}e\x{301}e\x{301}e\x{301}e\x{301}e\x{301}e\x{301}e\x{301}e\x{301}e\x{301} e\x{301} e\x{301}e\x{301}e\x{301}e\x{301}e\x{301}e\x{301}e\x{301}e\x{301}e\x{301}e\x{301}e\x{301}e\x{301}e\x{301}e\x{301}e\x{301}e\x{301}e\x{301}e\x{301}e\x{301}e\x{301}e\x{301}e\x{301}e\x{301}e\x{301}e\x{301}e\x{301}e\x{301}e\x{301}e\x{301}e\x{301}e\x{301}e\x{301}e\x{301}e\x{301}e\x{301}e\x{301}e\x{301}e\x{301}e\x{301}e\x{301}e\x{301}e\x{301}e\x{301} e\x{301}e\x{301}e\x{301}e\x{301}e\x{301}e\x{301}e\x{301}e\x{301}e\x{301}e\x{301}e\x{301}e\x{301}e\x{301}e\x{301}e\x{301}e\x{301}e\x{301}e\x{301}e\x{301}e\x{301}e\x{301}e\x{301}e\x{301}e\x{301}e\x{301}e\x{301}e\x{301}e\x{301}e\x{301}e\x{301} e\x{301}e\x{301}e\x{301}e\x{301}e\x{301}e\x{301}e\x{301}e\x{301}e\x{301}e\x{301}e\x{301}e\x{301}e\x{301}e\x{301}e\x{301}e\x{301}e\x{301}e\x{301}e\x{301}e\x{301}e\x{301}e\x{301}"
          text run at (1056,3315) width 0: " "
          text run at (0,3330) width 1056: "e\x{301}e\x{301}e\x{301}e\x{301}e\x{301}e\x{301}e\x{301}e\x{301}e\x{301}e\x{301}e\x{301}e\x{301}e\x{301}e\x{301}e\x{301}e\x{301}e\x{301}e\x{301}e\x{301}e\x{301}e\x{301}e\x{301}e\x{301}e\x{301}e\x{301}e\x{301}e\x{301}e\x{301}e\x{301}e\x{301}e\x{301}e\x{301} e\x{301} e\x{301}e\x{301}e\x{301}e\x{301}e\x{301}e\x{301}e\x{301}e\x{301}e\x{301}e\x{301}e\x{301}e\x{301}e\x{301}e\x{301}e\x{301}e\x{301}e\x{301}e\x{301}e\x{301}e\x{301}e\x{301}e\x{301}e\x{301}e\x{301}e\x{301}e\x{301}e\x{301}e\x{301}e\x{301}e\x{301}e\x{301}e\x{301}e\x{301}e\x{301}e\x{301}e\x{301}e\x{301}e\x{301}e\x{301}e\x{301}e\x{301}e\x{301}e\x{301} e\x{301}e\x{301}e\x{301}e\x{301}e\x{301}e\x{301}e\x{301}e\x{301}e\x{301}e\x{301}e\x{301}e\x{301}e\x{301}e\x{301}e\x{301}e\x{301}e\x{301}e\x{301}e\x{301}e\x{301}e\x{301}e\x{301}e\x{301}e\x{301}e\x{301}e\x{301}e\x{301}e\x{301}e\x{301}e\x{301} e\x{301}e\x{301}e\x{301}e\x{301}e\x{301}e\x{301}e\x{301}e\x{301}e\x{301}e\x{301}e\x{301}e\x{301}e\x{301}e\x{301}e\x{301}e\x{301}e\x{301}e\x{301}e\x{301}e\x{301}e\x{301}e\x{301}"
          text run at (1056,3330) width 0: " "
          text run at (0,3345) width 1056: "e\x{301}e\x{301}e\x{301}e\x{301}e\x{301}e\x{301}e\x{301}e\x{301}e\x{301}e\x{301}e\x{301}e\x{301}e\x{301}e\x{301}e\x{301}e\x{301}e\x{301}e\x{301}e\x{301}e\x{301}e\x{301}e\x{301}e\x{301}e\x{301}e\x{301}e\x{301}e\x{301}e\x{301}e\x{301}e\x{301}e\x{301}e\x{301} e\x{301} e\x{301}e\x{301}e\x{301}e\x{301}e\x{301}e\x{301}e\x{301}e\x{301}e\x{301}e\x{301}e\x{301}e\x{301}e\x{301}e\x{301}e\x{301}e\x{301}e\x{301}e\x{301}e\x{301}e\x{301}e\x{301}e\x{301}e\x{301}e\x{301}e\x{301}e\x{301}e\x{301}e\x{301}e\x{301}e\x{301}e\x{301}e\x{301}e\x{301}e\x{301}e\x{301}e\x{301}e\x{301}e\x{301}e\x{301}e\x{301}e\x{301}e\x{301}e\x{301} e\x{301}e\x{301}e\x{301}e\x{301}e\x{301}e\x{301}e\x{301}e\x{301}e\x{301}e\x{301}e\x{301}e\x{301}e\x{301}e\x{301}e\x{301}e\x{301}e\x{301}e\x{301}e\x{301}e\x{301}e\x{301}e\x{301}e\x{301}e\x{301}e\x{301}e\x{301}e\x{301}e\x{301}e\x{301}e\x{301} e\x{301}e\x{301}e\x{301}e\x{301}e\x{301}e\x{301}e\x{301}e\x{301}e\x{301}e\x{301}e\x{301}e\x{301}e\x{301}e\x{301}e\x{301}e\x{301}e\x{301}e\x{301}e\x{301}e\x{301}e\x{301}e\x{301}"
          text run at (1056,3345) width 0: " "
          text run at (0,3360) width 1056: "e\x{301}e\x{301}e\x{301}e\x{301}e\x{301}e\x{301}e\x{301}e\x{301}e\x{301}e\x{301}e\x{301}e\x{301}e\x{301}e\x{301}e\x{301}e\x{301}e\x{301}e\x{301}e\x{301}e\x{301}e\x{301}e\x{301}e\x{301}e\x{301}e\x{301}e\x{301}e\x{301}e\x{301}e\x{301}e\x{301}e\x{301}e\x{301} e\x{301} e\x{301}e\x{301}e\x{301}e\x{301}e\x{301}e\x{301}e\x{301}e\x{301}e\x{301}e\x{301}e\x{301}e\x{301}e\x{301}e\x{301}e\x{301}e\x{301}e\x{301}e\x{301}e\x{301}e\x{301}e\x{301}e\x{301}e\x{301}e\x{301}e\x{301}e\x{301}e\x{301}e\x{301}e\x{301}e\x{301}e\x{301}e\x{301}e\x{301}e\x{301}e\x{301}e\x{301}e\x{301}e\x{301}e\x{301}e\x{301}e\x{301}e\x{301}e\x{301} e\x{301}e\x{301}e\x{301}e\x{301}e\x{301}e\x{301}e\x{301}e\x{301}e\x{301}e\x{301}e\x{301}e\x{301}e\x{301}e\x{301}e\x{301}e\x{301}e\x{301}e\x{301}e\x{301}e\x{301}e\x{301}e\x{301}e\x{301}e\x{301}e\x{301}e\x{301}e\x{301}e\x{301}e\x{301}e\x{301} e\x{301}e\x{301}e\x{301}e\x{301}e\x{301}e\x{301}e\x{301}e\x{301}e\x{301}e\x{301}e\x{301}e\x{301}e\x{301}e\x{301}e\x{301}e\x{301}e\x{301}e\x{301}e\x{301}e\x{301}e\x{301}e\x{301}"
          text run at (1056,3360) width 0: " "
          text run at (0,3375) width 1056: "e\x{301}e\x{301}e\x{301}e\x{301}e\x{301}e\x{301}e\x{301}e\x{301}e\x{301}e\x{301}e\x{301}e\x{301}e\x{301}e\x{301}e\x{301}e\x{301}e\x{301}e\x{301}e\x{301}e\x{301}e\x{301}e\x{301}e\x{301}e\x{301}e\x{301}e\x{301}e\x{301}e\x{301}e\x{301}e\x{301}e\x{301}e\x{301} e\x{301} e\x{301}e\x{301}e\x{301}e\x{301}e\x{301}e\x{301}e\x{301}e\x{301}e\x{301}e\x{301}e\x{301}e\x{301}e\x{301}e\x{301}e\x{301}e\x{301}e\x{301}e\x{301}e\x{301}e\x{301}e\x{301}e\x{301}e\x{301}e\x{301}e\x{301}e\x{301}e\x{301}e\x{301}e\x{301}e\x{301}e\x{301}e\x{301}e\x{301}e\x{301}e\x{301}e\x{301}e\x{301}e\x{301}e\x{301}e\x{301}e\x{301}e\x{301}e\x{301} e\x{301}e\x{301}e\x{301}e\x{301}e\x{301}e\x{301}e\x{301}e\x{301}e\x{301}e\x{301}e\x{301}e\x{301}e\x{301}e\x{301}e\x{301}e\x{301}e\x{301}e\x{301}e\x{301}e\x{301}e\x{301}e\x{301}e\x{301}e\x{301}e\x{301}e\x{301}e\x{301}e\x{301}e\x{301}e\x{301} e\x{301}e\x{301}e\x{301}e\x{301}e\x{301}e\x{301}e\x{301}e\x{301}e\x{301}e\x{301}e\x{301}e\x{301}e\x{301}e\x{301}e\x{301}e\x{301}e\x{301}e\x{301}e\x{301}e\x{301}e\x{301}e\x{301}"
          text run at (1056,3375) width 0: " "
          text run at (0,3390) width 1056: "e\x{301}e\x{301}e\x{301}e\x{301}e\x{301}e\x{301}e\x{301}e\x{301}e\x{301}e\x{301}e\x{301}e\x{301}e\x{301}e\x{301}e\x{301}e\x{301}e\x{301}e\x{301}e\x{301}e\x{301}e\x{301}e\x{301}e\x{301}e\x{301}e\x{301}e\x{301}e\x{301}e\x{301}e\x{301}e\x{301}e\x{301}e\x{301} e\x{301} e\x{301}e\x{301}e\x{301}e\x{301}e\x{301}e\x{301}e\x{301}e\x{301}e\x{301}e\x{301}e\x{301}e\x{301}e\x{301}e\x{301}e\x{301}e\x{301}e\x{301}e\x{301}e\x{301}e\x{301}e\x{301}e\x{301}e\x{301}e\x{301}e\x{301}e\x{301}e\x{301}e\x{301}e\x{301}e\x{301}e\x{301}e\x{301}e\x{301}e\x{301}e\x{301}e\x{301}e\x{301}e\x{301}e\x{301}e\x{301}e\x{301}e\x{301}e\x{301} e\x{301}e\x{301}e\x{301}e\x{301}e\x{301}e\x{301}e\x{301}e\x{301}e\x{301}e\x{301}e\x{301}e\x{301}e\x{301}e\x{301}e\x{301}e\x{301}e\x{301}e\x{301}e\x{301}e\x{301}e\x{301}e\x{301}e\x{301}e\x{301}e\x{301}e\x{301}e\x{301}e\x{301}e\x{301}e\x{301} e\x{301}e\x{301}e\x{301}e\x{301}e\x{301}e\x{301}e\x{301}e\x{301}e\x{301}e\x{301}e\x{301}e\x{301}e\x{301}e\x{301}e\x{301}e\x{301}e\x{301}e\x{301}e\x{301}e\x{301}e\x{301}e\x{301}"
          text run at (1056,3390) width 0: " "
          text run at (0,3405) width 1056: "e\x{301}e\x{301}e\x{301}e\x{301}e\x{301}e\x{301}e\x{301}e\x{301}e\x{301}e\x{301}e\x{301}e\x{301}e\x{301}e\x{301}e\x{301}e\x{301}e\x{301}e\x{301}e\x{301}e\x{301}e\x{301}e\x{301}e\x{301}e\x{301}e\x{301}e\x{301}e\x{301}e\x{301}e\x{301}e\x{301}e\x{301}e\x{301} e\x{301} e\x{301}e\x{301}e\x{301}e\x{301}e\x{301}e\x{301}e\x{301}e\x{301}e\x{301}e\x{301}e\x{301}e\x{301}e\x{301}e\x{301}e\x{301}e\x{301}e\x{301}e\x{301}e\x{301}e\x{301}e\x{301}e\x{301}e\x{301}e\x{301}e\x{301}e\x{301}e\x{301}e\x{301}e\x{301}e\x{301}e\x{301}e\x{301}e\x{301}e\x{301}e\x{301}e\x{301}e\x{301}e\x{301}e\x{301}e\x{301}e\x{301}e\x{301}e\x{301} e\x{301}e\x{301}e\x{301}e\x{301}e\x{301}e\x{301}e\x{301}e\x{301}e\x{301}e\x{301}e\x{301}e\x{301}e\x{301}e\x{301}e\x{301}e\x{301}e\x{301}e\x{301}e\x{301}e\x{301}e\x{301}e\x{301}e\x{301}e\x{301}e\x{301}e\x{301}e\x{301}e\x{301}e\x{301}e\x{301} e\x{301}e\x{301}e\x{301}e\x{301}e\x{301}e\x{301}e\x{301}e\x{301}e\x{301}e\x{301}e\x{301}e\x{301}e\x{301}e\x{301}e\x{301}e\x{301}e\x{301}e\x{301}e\x{301}e\x{301}e\x{301}e\x{301}"
          text run at (1056,3405) width 0: " "
          text run at (0,3420) width 1056: "e\x{301}e\x{301}e\x{301}e\x{301}e\x{301}e\x{301}e\x{301}e\x{301}e\x{301}e\x{301}e\x{301}e\x{301}e\x{301}e\x{301}e\x{301}e\x{301}e\x{301}e\x{301}e\x{301}e\x{301}e\x{301}e\x{301}e\x{301}e\x{301}e\x{301}e\x{301}e\x{301}e\x{301}e\x{301}e\x{301}e\x{301}e\x{301} e\x{301} e\x{301}e\x{301}e\x{301}e\x{301}e\x{301}e\x{301}e\x{301}e\x{301}e\x{301}e\x{301}e\x{301}e\x{301}e\x{301}e\x{301}e\x{301}e\x{301}e\x{301}e\x{301}e\x{301}e\x{301}e\x{301}e\x{301}e\x{301}e\x{301}e\x{301}e\x{301}e\x{301}e\x{301}e\x{301}e\x{301}e\x{301}e\x{301}e\x{301}e\x{301}e\x{301}e\x{301}e\x{301}e\x{301}e\x{301}e\x{301}e\x{301}e\x{301}e\x{301} e\x{301}e\x{301}e\x{301}e\x{301}e\x{301}e\x{301}e\x{301}e\x{301}e\x{301}e\x{301}e\x{301}e\x{301}e\x{301}e\x{301}e\x{301}e\x{301}e\x{301}e\x{301}e\x{301}e\x{301}e\x{301}e\x{301}e\x{301}e\x{301}e\x{301}e\x{301}e\x{301}e\x{301}e\x{301}e\x{301} e\x{301}e\x{301}e\x{301}e\x{301}e\x{301}e\x{301}e\x{301}e\x{301}e\x{301}e\x{301}e\x{301}e\x{301}e\x{301}e\x{301}e\x{301}e\x{301}e\x{301}e\x{301}e\x{301}e\x{301}e\x{301}e\x{301}"
          text run at (1056,3420) width 0: " "
          text run at (0,3435) width 1056: "e\x{301}e\x{301}e\x{301}e\x{301}e\x{301}e\x{301}e\x{301}e\x{301}e\x{301}e\x{301}e\x{301}e\x{301}e\x{301}e\x{301}e\x{301}e\x{301}e\x{301}e\x{301}e\x{301}e\x{301}e\x{301}e\x{301}e\x{301}e\x{301}e\x{301}e\x{301}e\x{301}e\x{301}e\x{301}e\x{301}e\x{301}e\x{301} e\x{301} e\x{301}e\x{301}e\x{301}e\x{301}e\x{301}e\x{301}e\x{301}e\x{301}e\x{301}e\x{301}e\x{301}e\x{301}e\x{301}e\x{301}e\x{301}e\x{301}e\x{301}e\x{301}e\x{301}e\x{301}e\x{301}e\x{301}e\x{301}e\x{301}e\x{301}e\x{301}e\x{301}e\x{301}e\x{301}e\x{301}e\x{301}e\x{301}e\x{301}e\x{301}e\x{301}e\x{301}e\x{301}e\x{301}e\x{301}e\x{301}e\x{301}e\x{301}e\x{301} e\x{301}e\x{301}e\x{301}e\x{301}e\x{301}e\x{301}e\x{301}e\x{301}e\x{301}e\x{301}e\x{301}e\x{301}e\x{301}e\x{301}e\x{301}e\x{301}e\x{301}e\x{301}e\x{301}e\x{301}e\x{301}e\x{301}e\x{301}e\x{301}e\x{301}e\x{301}e\x{301}e\x{301}e\x{301}e\x{301} e\x{301}e\x{301}e\x{301}e\x{301}e\x{301}e\x{301}e\x{301}e\x{301}e\x{301}e\x{301}e\x{301}e\x{301}e\x{301}e\x{301}e\x{301}e\x{301}e\x{301}e\x{301}e\x{301}e\x{301}e\x{301}e\x{301}"
          text run at (1056,3435) width 0: " "
          text run at (0,3450) width 1056: "e\x{301}e\x{301}e\x{301}e\x{301}e\x{301}e\x{301}e\x{301}e\x{301}e\x{301}e\x{301}e\x{301}e\x{301}e\x{301}e\x{301}e\x{301}e\x{301}e\x{301}e\x{301}e\x{301}e\x{301}e\x{301}e\x{301}e\x{301}e\x{301}e\x{301}e\x{301}e\x{301}e\x{301}e\x{301}e\x{301}e\x{301}e\x{301} e\x{301} e\x{301}e\x{301}e\x{301}e\x{301}e\x{301}e\x{301}e\x{301}e\x{301}e\x{301}e\x{301}e\x{301}e\x{301}e\x{301}e\x{301}e\x{301}e\x{301}e\x{301}e\x{301}e\x{301}e\x{301}e\x{301}e\x{301}e\x{301}e\x{301}e\x{301}e\x{301}e\x{301}e\x{301}e\x{301}e\x{301}e\x{301}e\x{301}e\x{301}e\x{301}e\x{301}e\x{301}e\x{301}e\x{301}e\x{301}e\x{301}e\x{301}e\x{301}e\x{301} e\x{301}e\x{301}e\x{301}e\x{301}e\x{301}e\x{301}e\x{301}e\x{301}e\x{301}e\x{301}e\x{301}e\x{301}e\x{301}e\x{301}e\x{301}e\x{301}e\x{301}e\x{301}e\x{301}e\x{301}e\x{301}e\x{301}e\x{301}e\x{301}e\x{301}e\x{301}e\x{301}e\x{301}e\x{301}e\x{301} e\x{301}e\x{301}e\x{301}e\x{301}e\x{301}e\x{301}e\x{301}e\x{301}e\x{301}e\x{301}e\x{301}e\x{301}e\x{301}e\x{301}e\x{301}e\x{301}e\x{301}e\x{301}e\x{301}e\x{301}e\x{301}e\x{301}"
          text run at (1056,3450) width 0: " "
          text run at (0,3465) width 1056: "e\x{301}e\x{301}e\x{301}e\x{301}e\x{301}e\x{301}e\x{301}e\x{301}e\x{301}e\x{301}e\x{301}e\x{301}e\x{301}e\x{301}e\x{301}e\x{301}e\x{301}e\x{301}e\x{301}e\x{301}e\x{301}e\x{301}e\x{301}e\x{301}e\x{301}e\x{301}e\x{301}e\x{301}e\x{301}e\x{301}e\x{301}e\x{301} e\x{301} e\x{301}e\x{301}e\x{301}e\x{301}e\x{301}e\x{301}e\x{301}e\x{301}e\x{301}e\x{301}e\x{301}e\x{301}e\x{301}e\x{301}e\x{301}e\x{301}e\x{301}e\x{301}e\x{301}e\x{301}e\x{301}e\x{301}e\x{301}e\x{301}e\x{301}e\x{301}e\x{301}e\x{301}e\x{301}e\x{301}e\x{301}e\x{301}e\x{301}e\x{301}e\x{301}e\x{301}e\x{301}e\x{301}e\x{301}e\x{301}e\x{301}e\x{301}e\x{301} e\x{301}e\x{301}e\x{301}e\x{301}e\x{301}e\x{301}e\x{301}e\x{301}e\x{301}e\x{301}e\x{301}e\x{301}e\x{301}e\x{301}e\x{301}e\x{301}e\x{301}e\x{301}e\x{301}e\x{301}e\x{301}e\x{301}e\x{301}e\x{301}e\x{301}e\x{301}e\x{301}e\x{301}e\x{301}e\x{301} e\x{301}e\x{301}e\x{301}e\x{301}e\x{301}e\x{301}e\x{301}e\x{301}e\x{301}e\x{301}e\x{301}e\x{301}e\x{301}e\x{301}e\x{301}e\x{301}e\x{301}e\x{301}e\x{301}e\x{301}e\x{301}e\x{301}"
          text run at (1056,3465) width 0: " "
          text run at (0,3480) width 1056: "e\x{301}e\x{301}e\x{301}e\x{301}e\x{301}e\x{301}e\x{301}e\x{301}e\x{301}e\x{301}e\x{301}e\x{301}e\x{301}e\x{301}e\x{301}e\x{301}e\x{301}e\x{301}e\x{301}e\x{301}e\x{301}e\x{301}e\x{301}e\x{301}e\x{301}e\x{301}e\x{301}e\x{301}e\x{301}e\x{301}e\x{301}e\x{301} e\x{301} e\x{301}e\x{301}e\x{301}e\x{301}e\x{301}e\x{301}e\x{301}e\x{301}e\x{301}e\x{301}e\x{301}e\x{301}e\x{301}e\x{301}e\x{301}e\x{301}e\x{301}e\x{301}e\x{301}e\x{301}e\x{301}e\x{301}e\x{301}e\x{301}e\x{301}e\x{301}e\x{301}e\x{301}e\x{301}e\x{301}e\x{301}e\x{301}e\x{301}e\x{301}e\x{301}e\x{301}e\x{301}e\x{301}e\x{301}e\x{301}e\x{301}e\x{301}e\x{301} e\x{301}e\x{301}e\x{301}e\x{301}e\x{301}e\x{301}e\x{301}e\x{301}e\x{301}e\x{301}e\x{301}e\x{301}e\x{301}e\x{301}e\x{301}e\x{301}e\x{301}e\x{301}e\x{301}e\x{301}e\x{301}e\x{301}e\x{301}e\x{301}e\x{301}e\x{301}e\x{301}e\x{301}e\x{301}e\x{301} e\x{301}e\x{301}e\x{301}e\x{301}e\x{301}e\x{301}e\x{301}e\x{301}e\x{301}e\x{301}e\x{301}e\x{301}e\x{301}e\x{301}e\x{301}e\x{301}e\x{301}e\x{301}e\x{301}e\x{301}e\x{301}e\x{301}"
          text run at (1056,3480) width 0: " "
          text run at (0,3495) width 1056: "e\x{301}e\x{301}e\x{301}e\x{301}e\x{301}e\x{301}e\x{301}e\x{301}e\x{301}e\x{301}e\x{301}e\x{301}e\x{301}e\x{301}e\x{301}e\x{301}e\x{301}e\x{301}e\x{301}e\x{301}e\x{301}e\x{301}e\x{301}e\x{301}e\x{301}e\x{301}e\x{301}e\x{301}e\x{301}e\x{301}e\x{301}e\x{301} e\x{301} e\x{301}e\x{301}e\x{301}e\x{301}e\x{301}e\x{301}e\x{301}e\x{301}e\x{301}e\x{301}e\x{301}e\x{301}e\x{301}e\x{301}e\x{301}e\x{301}e\x{301}e\x{301}e\x{301}e\x{301}e\x{301}e\x{301}e\x{301}e\x{301}e\x{301}e\x{301}e\x{301}e\x{301}e\x{301}e\x{301}e\x{301}e\x{301}e\x{301}e\x{301}e\x{301}e\x{301}e\x{301}e\x{301}e\x{301}e\x{301}e\x{301}e\x{301}e\x{301} e\x{301}e\x{301}e\x{301}e\x{301}e\x{301}e\x{301}e\x{301}e\x{301}e\x{301}e\x{301}e\x{301}e\x{301}e\x{301}e\x{301}e\x{301}e\x{301}e\x{301}e\x{301}e\x{301}e\x{301}e\x{301}e\x{301}e\x{301}e\x{301}e\x{301}e\x{301}e\x{301}e\x{301}e\x{301}e\x{301} e\x{301}e\x{301}e\x{301}e\x{301}e\x{301}e\x{301}e\x{301}e\x{301}e\x{301}e\x{301}e\x{301}e\x{301}e\x{301}e\x{301}e\x{301}e\x{301}e\x{301}e\x{301}e\x{301}e\x{301}e\x{301}e\x{301}"
          text run at (1056,3495) width 0: " "
          text run at (0,3510) width 1056: "e\x{301}e\x{301}e\x{301}e\x{301}e\x{301}e\x{301}e\x{301}e\x{301}e\x{301}e\x{301}e\x{301}e\x{301}e\x{301}e\x{301}e\x{301}e\x{301}e\x{301}e\x{301}e\x{301}e\x{301}e\x{301}e\x{301}e\x{301}e\x{301}e\x{301}e\x{301}e\x{301}e\x{301}e\x{301}e\x{301}e\x{301}e\x{301} e\x{301} e\x{301}e\x{301}e\x{301}e\x{301}e\x{301}e\x{301}e\x{301}e\x{301}e\x{301}e\x{301}e\x{301}e\x{301}e\x{301}e\x{301}e\x{301}e\x{301}e\x{301}e\x{301}e\x{301}e\x{301}e\x{301}e\x{301}e\x{301}e\x{301}e\x{301}e\x{301}e\x{301}e\x{301}e\x{301}e\x{301}e\x{301}e\x{301}e\x{301}e\x{301}e\x{301}e\x{301}e\x{301}e\x{301}e\x{301}e\x{301}e\x{301}e\x{301}e\x{301} e\x{301}e\x{301}e\x{301}e\x{301}e\x{301}e\x{301}e\x{301}e\x{301}e\x{301}e\x{301}e\x{301}e\x{301}e\x{301}e\x{301}e\x{301}e\x{301}e\x{301}e\x{301}e\x{301}e\x{301}e\x{301}e\x{301}e\x{301}e\x{301}e\x{301}e\x{301}e\x{301}e\x{301}e\x{301}e\x{301} e\x{301}e\x{301}e\x{301}e\x{301}e\x{301}e\x{301}e\x{301}e\x{301}e\x{301}e\x{301}e\x{301}e\x{301}e\x{301}e\x{301}e\x{301}e\x{301}e\x{301}e\x{301}e\x{301}e\x{301}e\x{301}e\x{301}"
          text run at (1056,3510) width 0: " "
          text run at (0,3525) width 1056: "e\x{301}e\x{301}e\x{301}e\x{301}e\x{301}e\x{301}e\x{301}e\x{301}e\x{301}e\x{301}e\x{301}e\x{301}e\x{301}e\x{301}e\x{301}e\x{301}e\x{301}e\x{301}e\x{301}e\x{301}e\x{301}e\x{301}e\x{301}e\x{301}e\x{301}e\x{301}e\x{301}e\x{301}e\x{301}e\x{301}e\x{301}e\x{301} e\x{301} e\x{301}e\x{301}e\x{301}e\x{301}e\x{301}e\x{301}e\x{301}e\x{301}e\x{301}e\x{301}e\x{301}e\x{301}e\x{301}e\x{301}e\x{301}e\x{301}e\x{301}e\x{301}e\x{301}e\x{301}e\x{301}e\x{301}e\x{301}e\x{301}e\x{301}e\x{301}e\x{301}e\x{301}e\x{301}e\x{301}e\x{301}e\x{301}e\x{301}e\x{301}e\x{301}e\x{301}e\x{301}e\x{301}e\x{301}e\x{301}e\x{301}e\x{301}e\x{301} e\x{301}e\x{301}e\x{301}e\x{301}e\x{301}e\x{301}e\x{301}e\x{301}e\x{301}e\x{301}e\x{301}e\x{301}e\x{301}e\x{301}e\x{301}e\x{301}e\x{301}e\x{301}e\x{301}e\x{301}e\x{301}e\x{301}e\x{301}e\x{301}e\x{301}e\x{301}e\x{301}e\x{301}e\x{301}e\x{301} e\x{301}e\x{301}e\x{301}e\x{301}e\x{301}e\x{301}e\x{301}e\x{301}e\x{301}e\x{301}e\x{301}e\x{301}e\x{301}e\x{301}e\x{301}e\x{301}e\x{301}e\x{301}e\x{301}e\x{301}e\x{301}e\x{301}"
          text run at (1056,3525) width 0: " "
          text run at (0,3540) width 1056: "e\x{301}e\x{301}e\x{301}e\x{301}e\x{301}e\x{301}e\x{301}e\x{301}e\x{301}e\x{301}e\x{301}e\x{301}e\x{301}e\x{301}e\x{301}e\x{301}e\x{301}e\x{301}e\x{301}e\x{301}e\x{301}e\x{301}e\x{301}e\x{301}e\x{301}e\x{301}e\x{301}e\x{301}e\x{301}e\x{301}e\x{301}e\x{301} e\x{301} e\x{301}e\x{301}e\x{301}e\x{301}e\x{301}e\x{301}e\x{301}e\x{301}e\x{301}e\x{301}e\x{301}e\x{301}e\x{301}e\x{301}e\x{301}e\x{301}e\x{301}e\x{301}e\x{301}e\x{301}e\x{301}e\x{301}e\x{301}e\x{301}e\x{301}e\x{301}e\x{301}e\x{301}e\x{301}e\x{301}e\x{301}e\x{301}e\x{301}e\x{301}e\x{301}e\x{301}e\x{301}e\x{301}e\x{301}e\x{301}e\x{301}e\x{301}e\x{301} e\x{301}e\x{301}e\x{301}e\x{301}e\x{301}e\x{301}e\x{301}e\x{301}e\x{301}e\x{301}e\x{301}e\x{301}e\x{301}e\x{301}e\x{301}e\x{301}e\x{301}e\x{301}e\x{301}e\x{301}e\x{301}e\x{301}e\x{301}e\x{301}e\x{301}e\x{301}e\x{301}e\x{301}e\x{301}e\x{301} e\x{301}e\x{301}e\x{301}e\x{301}e\x{301}e\x{301}e\x{301}e\x{301}e\x{301}e\x{301}e\x{301}e\x{301}e\x{301}e\x{301}e\x{301}e\x{301}e\x{301}e\x{301}e\x{301}e\x{301}e\x{301}e\x{301}"
          text run at (1056,3540) width 0: " "
          text run at (0,3555) width 1056: "e\x{301}e\x{301}e\x{301}e\x{301}e\x{301}e\x{301}e\x{301}e\x{301}e\x{301}e\x{301}e\x{301}e\x{301}e\x{301}e\x{301}e\x{301}e\x{301}e\x{301}e\x{301}e\x{301}e\x{301}e\x{301}e\x{301}e\x{301}e\x{301}e\x{301}e\x{301}e\x{301}e\x{301}e\x{301}e\x{301}e\x{301}e\x{301} e\x{301} e\x{301}e\x{301}e\x{301}e\x{301}e\x{301}e\x{301}e\x{301}e\x{301}e\x{301}e\x{301}e\x{301}e\x{301}e\x{301}e\x{301}e\x{301}e\x{301}e\x{301}e\x{301}e\x{301}e\x{301}e\x{301}e\x{301}e\x{301}e\x{301}e\x{301}e\x{301}e\x{301}e\x{301}e\x{301}e\x{301}e\x{301}e\x{301}e\x{301}e\x{301}e\x{301}e\x{301}e\x{301}e\x{301}e\x{301}e\x{301}e\x{301}e\x{301}e\x{301} e\x{301}e\x{301}e\x{301}e\x{301}e\x{301}e\x{301}e\x{301}e\x{301}e\x{301}e\x{301}e\x{301}e\x{301}e\x{301}e\x{301}e\x{301}e\x{301}e\x{301}e\x{301}e\x{301}e\x{301}e\x{301}e\x{301}e\x{301}e\x{301}e\x{301}e\x{301}e\x{301}e\x{301}e\x{301}e\x{301} e\x{301}e\x{301}e\x{301}e\x{301}e\x{301}e\x{301}e\x{301}e\x{301}e\x{301}e\x{301}e\x{301}e\x{301}e\x{301}e\x{301}e\x{301}e\x{301}e\x{301}e\x{301}e\x{301}e\x{301}e\x{301}e\x{301}"
          text run at (1056,3555) width 0: " "
          text run at (0,3570) width 1056: "e\x{301}e\x{301}e\x{301}e\x{301}e\x{301}e\x{301}e\x{301}e\x{301}e\x{301}e\x{301}e\x{301}e\x{301}e\x{301}e\x{301}e\x{301}e\x{301}e\x{301}e\x{301}e\x{301}e\x{301}e\x{301}e\x{301}e\x{301}e\x{301}e\x{301}e\x{301}e\x{301}e\x{301}e\x{301}e\x{301}e\x{301}e\x{301} e\x{301} e\x{301}e\x{301}e\x{301}e\x{301}e\x{301}e\x{301}e\x{301}e\x{301}e\x{301}e\x{301}e\x{301}e\x{301}e\x{301}e\x{301}e\x{301}e\x{301}e\x{301}e\x{301}e\x{301}e\x{301}e\x{301}e\x{301}e\x{301}e\x{301}e\x{301}e\x{301}e\x{301}e\x{301}e\x{301}e\x{301}e\x{301}e\x{301}e\x{301}e\x{301}e\x{301}e\x{301}e\x{301}e\x{301}e\x{301}e\x{301}e\x{301}e\x{301}e\x{301} e\x{301}e\x{301}e\x{301}e\x{301}e\x{301}e\x{301}e\x{301}e\x{301}e\x{301}e\x{301}e\x{301}e\x{301}e\x{301}e\x{301}e\x{301}e\x{301}e\x{301}e\x{301}e\x{301}e\x{301}e\x{301}e\x{301}e\x{301}e\x{301}e\x{301}e\x{301}e\x{301}e\x{301}e\x{301}e\x{301} e\x{301}e\x{301}e\x{301}e\x{301}e\x{301}e\x{301}e\x{301}e\x{301}e\x{301}e\x{301}e\x{301}e\x{301}e\x{301}e\x{301}e\x{301}e\x{301}e\x{301}e\x{301}e\x{301}e\x{301}e\x{301}e\x{301}"
          text run at (1056,3570) width 0: " "
          text run at (0,3585) width 1056: "e\x{301}e\x{301}e\x{301}e\x{301}e\x{301}e\x{301}e\x{301}e\x{301}e\x{301}e\x{301}e\x{301}e\x{301}e\x{301}e\x{301}e\x{301}e\x{301}e\x{301}e\x{301}e\x{301}e\x{301}e\x{301}e\x{301}e\x{301}e\x{301}e\x{301}e\x{301}e\x{301}e\x{301}e\x{301}e\x{301}e\x{301}e\x{301} e\x{301} e\x{301}e\x{301}e\x{301}e\x{301}e\x{301}e\x{301}e\x{301}e\x{301}e\x{301}e\x{301}e\x{301}e\x{301}e\x{301}e\x{301}e\x{301}e\x{301}e\x{301}e\x{301}e\x{301}e\x{301}e\x{301}e\x{301}e\x{301}e\x{301}e\x{301}e\x{301}e\x{301}e\x{301}e\x{301}e\x{301}e\x{301}e\x{301}e\x{301}e\x{301}e\x{301}e\x{301}e\x{301}e\x{301}e\x{301}e\x{301}e\x{301}e\x{301}e\x{301} e\x{301}e\x{301}e\x{301}e\x{301}e\x{301}e\x{301}e\x{301}e\x{301}e\x{301}e\x{301}e\x{301}e\x{301}e\x{301}e\x{301}e\x{301}e\x{301}e\x{301}e\x{301}e\x{301}e\x{301}e\x{301}e\x{301}e\x{301}e\x{301}e\x{301}e\x{301}e\x{301}e\x{301}e\x{301}e\x{301} e\x{301}e\x{301}e\x{301}e\x{301}e\x{301}e\x{301}e\x{301}e\x{301}e\x{301}e\x{301}e\x{301}e\x{301}e\x{301}e\x{301}e\x{301}e\x{301}e\x{301}e\x{301}e\x{301}e\x{301}e\x{301}e\x{301}"
          text run at (1056,3585) width 0: " "
          text run at (0,3600) width 1056: "e\x{301}e\x{301}e\x{301}e\x{301}e\x{301}e\x{301}e\x{301}e\x{301}e\x{301}e\x{301}e\x{301}e\x{301}e\x{301}e\x{301}e\x{301}e\x{301}e\x{301}e\x{301}e\x{301}e\x{301}e\x{301}e\x{301}e\x{301}e\x{301}e\x{301}e\x{301}e\x{301}e\x{301}e\x{301}e\x{301}e\x{301}e\x{301} e\x{301} e\x{301}e\x{301}e\x{301}e\x{301}e\x{301}e\x{301}e\x{301}e\x{301}e\x{301}e\x{301}e\x{301}e\x{301}e\x{301}e\x{301}e\x{301}e\x{301}e\x{301}e\x{301}e\x{301}e\x{301}e\x{301}e\x{301}e\x{301}e\x{301}e\x{301}e\x{301}e\x{301}e\x{301}e\x{301}e\x{301}e\x{301}e\x{301}e\x{301}e\x{301}e\x{301}e\x{301}e\x{301}e\x{301}e\x{301}e\x{301}e\x{301}e\x{301}e\x{301} e\x{301}e\x{301}e\x{301}e\x{301}e\x{301}e\x{301}e\x{301}e\x{301}e\x{301}e\x{301}e\x{301}e\x{301}e\x{301}e\x{301}e\x{301}e\x{301}e\x{301}e\x{301}e\x{301}e\x{301}e\x{301}e\x{301}e\x{301}e\x{301}e\x{301}e\x{301}e\x{301}e\x{301}e\x{301}e\x{301} e\x{301}e\x{301}e\x{301}e\x{301}e\x{301}e\x{301}e\x{301}e\x{301}e\x{301}e\x{301}e\x{301}e\x{301}e\x{301}e\x{301}e\x{301}e\x{301}e\x{301}e\x{301}e\x{301}e\x{301}e\x{301}e\x{301}"
          text run at (1056,3600) width 0: " "
          text run at (0,3615) width 1056: "e\x{301}e\x{301}e\x{301}e\x{301}e\x{301}e\x{301}e\x{301}e\x{301}e\x{301}e\x{301}e\x{301}e\x{301}e\x{301}e\x{301}e\x{301}e\x{301}e\x{301}e\x{301}e\x{301}e\x{301}e\x{301}e\x{301}e\x{301}e\x{301}e\x{301}e\x{301}e\x{301}e\x{301}e\x{301}e\x{301}e\x{301}e\x{301} e\x{301} e\x{301}e\x{301}e\x{301}e\x{301}e\x{301}e\x{301}e\x{301}e\x{301}e\x{301}e\x{301}e\x{301}e\x{301}e\x{301}e\x{301}e\x{301}e\x{301}e\x{301}e\x{301}e\x{301}e\x{301}e\x{301}e\x{301}e\x{301}e\x{301}e\x{301}e\x{301}e\x{301}e\x{301}e\x{301}e\x{301}e\x{301}e\x{301}e\x{301}e\x{301}e\x{301}e\x{301}e\x{301}e\x{301}e\x{301}e\x{301}e\x{301}e\x{301}e\x{301} e\x{301}e\x{301}e\x{301}e\x{301}e\x{301}e\x{301}e\x{301}e\x{301}e\x{301}e\x{301}e\x{301}e\x{301}e\x{301}e\x{301}e\x{301}e\x{301}e\x{301}e\x{301}e\x{301}e\x{301}e\x{301}e\x{301}e\x{301}e\x{301}e\x{301}e\x{301}e\x{301}e\x{301}e\x{301}e\x{301} e\x{301}e\x{301}e\x{301}e\x{301}e\x{301}e\x{301}e\x{301}e\x{301}e\x{301}e\x{301}e\x{301}e\x{301}e\x{301}e\x{301}e\x{301}e\x{301}e\x{301}e\x{301}e\x{301}e\x{301}e\x{301}e\x{301}"
          text run at (1056,3615) width 0: " "
          text run at (0,3630) width 1056: "e\x{301}e\x{301}e\x{301}e\x{301}e\x{301}e\x{301}e\x{301}e\x{301}e\x{301}e\x{301}e\x{301}e\x{301}e\x{301}e\x{301}e\x{301}e\x{301}e\x{301}e\x{301}e\x{301}e\x{301}e\x{301}e\x{301}e\x{301}e\x{301}e\x{301}e\x{301}e\x{301}e\x{301}e\x{301}e\x{301}e\x{301}e\x{301} e\x{301} e\x{301}e\x{301}e\x{301}e\x{301}e\x{301}e\x{301}e\x{301}e\x{301}e\x{301}e\x{301}e\x{301}e\x{301}e\x{301}e\x{301}e\x{301}e\x{301}e\x{301}e\x{301}e\x{301}e\x{301}e\x{301}e\x{301}e\x{301}e\x{301}e\x{301}e\x{301}e\x{301}e\x{301}e\x{301}e\x{301}e\x{301}e\x{301}e\x{301}e\x{301}e\x{301}e\x{301}e\x{301}e\x{301}e\x{301}e\x{301}e\x{301}e\x{301}e\x{301} e\x{301}e\x{301}e\x{301}e\x{301}e\x{301}e\x{301}e\x{301}e\x{301}e\x{301}e\x{301}e\x{301}e\x{301}e\x{301}e\x{301}e\x{301}e\x{301}e\x{301}e\x{301}e\x{301}e\x{301}e\x{301}e\x{301}e\x{301}e\x{301}e\x{301}e\x{301}e\x{301}e\x{301}e\x{301}e\x{301} e\x{301}e\x{301}e\x{301}e\x{301}e\x{301}e\x{301}e\x{301}e\x{301}e\x{301}e\x{301}e\x{301}e\x{301}e\x{301}e\x{301}e\x{301}e\x{301}e\x{301}e\x{301}e\x{301}e\x{301}e\x{301}e\x{301}"
          text run at (1056,3630) width 0: " "
          text run at (0,3645) width 1056: "e\x{301}e\x{301}e\x{301}e\x{301}e\x{301}e\x{301}e\x{301}e\x{301}e\x{301}e\x{301}e\x{301}e\x{301}e\x{301}e\x{301}e\x{301}e\x{301}e\x{301}e\x{301}e\x{301}e\x{301}e\x{301}e\x{301}e\x{301}e\x{301}e\x{301}e\x{301}e\x{301}e\x{301}e\x{301}e\x{301}e\x{301}e\x{301} e\x{301} e\x{301}e\x{301}e\x{301}e\x{301}e\x{301}e\x{301}e\x{301}e\x{301}e\x{301}e\x{301}e\x{301}e\x{301}e\x{301}e\x{301}e\x{301}e\x{301}e\x{301}e\x{301}e\x{301}e\x{301}e\x{301}e\x{301}e\x{301}e\x{301}e\x{301}e\x{301}e\x{301}e\x{301}e\x{301}e\x{301}e\x{301}e\x{301}e\x{301}e\x{301}e\x{301}e\x{301}e\x{301}e\x{301}e\x{301}e\x{301}e\x{301}e\x{301}e\x{301} e\x{301}e\x{301}e\x{301}e\x{301}e\x{301}e\x{301}e\x{301}e\x{301}e\x{301}e\x{301}e\x{301}e\x{301}e\x{301}e\x{301}e\x{301}e\x{301}e\x{301}e\x{301}e\x{301}e\x{301}e\x{301}e\x{301}e\x{301}e\x{301}e\x{301}e\x{301}e\x{301}e\x{301}e\x{301}e\x{301} e\x{301}e\x{301}e\x{301}e\x{301}e\x{301}e\x{301}e\x{301}e\x{301}e\x{301}e\x{301}e\x{301}e\x{301}e\x{301}e\x{301}e\x{301}e\x{301}e\x{301}e\x{301}e\x{301}e\x{301}e\x{301}e\x{301}"
          text run at (1056,3645) width 0: " "
          text run at (0,3660) width 1056: "e\x{301}e\x{301}e\x{301}e\x{301}e\x{301}e\x{301}e\x{301}e\x{301}e\x{301}e\x{301}e\x{301}e\x{301}e\x{301}e\x{301}e\x{301}e\x{301}e\x{301}e\x{301}e\x{301}e\x{301}e\x{301}e\x{301}e\x{301}e\x{301}e\x{301}e\x{301}e\x{301}e\x{301}e\x{301}e\x{301}e\x{301}e\x{301} e\x{301} e\x{301}e\x{301}e\x{301}e\x{301}e\x{301}e\x{301}e\x{301}e\x{301}e\x{301}e\x{301}e\x{301}e\x{301}e\x{301}e\x{301}e\x{301}e\x{301}e\x{301}e\x{301}e\x{301}e\x{301}e\x{301}e\x{301}e\x{301}e\x{301}e\x{301}e\x{301}e\x{301}e\x{301}e\x{301}e\x{301}e\x{301}e\x{301}e\x{301}e\x{301}e\x{301}e\x{301}e\x{301}e\x{301}e\x{301}e\x{301}e\x{301}e\x{301}e\x{301} e\x{301}e\x{301}e\x{301}e\x{301}e\x{301}e\x{301}e\x{301}e\x{301}e\x{301}e\x{301}e\x{301}e\x{301}e\x{301}e\x{301}e\x{301}e\x{301}e\x{301}e\x{301}e\x{301}e\x{301}e\x{301}e\x{301}e\x{301}e\x{301}e\x{301}e\x{301}e\x{301}e\x{301}e\x{301}e\x{301} e\x{301}e\x{301}e\x{301}e\x{301}e\x{301}e\x{301}e\x{301}e\x{301}e\x{301}e\x{301}e\x{301}e\x{301}e\x{301}e\x{301}e\x{301}e\x{301}e\x{301}e\x{301}e\x{301}e\x{301}e\x{301}e\x{301}"
          text run at (1056,3660) width 0: " "
          text run at (0,3675) width 1056: "e\x{301}e\x{301}e\x{301}e\x{301}e\x{301}e\x{301}e\x{301}e\x{301}e\x{301}e\x{301}e\x{301}e\x{301}e\x{301}e\x{301}e\x{301}e\x{301}e\x{301}e\x{301}e\x{301}e\x{301}e\x{301}e\x{301}e\x{301}e\x{301}e\x{301}e\x{301}e\x{301}e\x{301}e\x{301}e\x{301}e\x{301}e\x{301} e\x{301} e\x{301}e\x{301}e\x{301}e\x{301}e\x{301}e\x{301}e\x{301}e\x{301}e\x{301}e\x{301}e\x{301}e\x{301}e\x{301}e\x{301}e\x{301}e\x{301}e\x{301}e\x{301}e\x{301}e\x{301}e\x{301}e\x{301}e\x{301}e\x{301}e\x{301}e\x{301}e\x{301}e\x{301}e\x{301}e\x{301}e\x{301}e\x{301}e\x{301}e\x{301}e\x{301}e\x{301}e\x{301}e\x{301}e\x{301}e\x{301}e\x{301}e\x{301}e\x{301} e\x{301}e\x{301}e\x{301}e\x{301}e\x{301}e\x{301}e\x{301}e\x{301}e\x{301}e\x{301}e\x{301}e\x{301}e\x{301}e\x{301}e\x{301}e\x{301}e\x{301}e\x{301}e\x{301}e\x{301}e\x{301}e\x{301}e\x{301}e\x{301}e\x{301}e\x{301}e\x{301}e\x{301}e\x{301}e\x{301} e\x{301}e\x{301}e\x{301}e\x{301}e\x{301}e\x{301}e\x{301}e\x{301}e\x{301}e\x{301}e\x{301}e\x{301}e\x{301}e\x{301}e\x{301}e\x{301}e\x{301}e\x{301}e\x{301}e\x{301}e\x{301}e\x{301}"
          text run at (1056,3675) width 0: " "
          text run at (0,3690) width 1056: "e\x{301}e\x{301}e\x{301}e\x{301}e\x{301}e\x{301}e\x{301}e\x{301}e\x{301}e\x{301}e\x{301}e\x{301}e\x{301}e\x{301}e\x{301}e\x{301}e\x{301}e\x{301}e\x{301}e\x{301}e\x{301}e\x{301}e\x{301}e\x{301}e\x{301}e\x{301}e\x{301}e\x{301}e\x{301}e\x{301}e\x{301}e\x{301} e\x{301} e\x{301}e\x{301}e\x{301}e\x{301}e\x{301}e\x{301}e\x{301}e\x{301}e\x{301}e\x{301}e\x{301}e\x{301}e\x{301}e\x{301}e\x{301}e\x{301}e\x{301}e\x{301}e\x{301}e\x{301}e\x{301}e\x{301}e\x{301}e\x{301}e\x{301}e\x{301}e\x{301}e\x{301}e\x{301}e\x{301}e\x{301}e\x{301}e\x{301}e\x{301}e\x{301}e\x{301}e\x{301}e\x{301}e\x{301}e\x{301}e\x{301}e\x{301}e\x{301} e\x{301}e\x{301}e\x{301}e\x{301}e\x{301}e\x{301}e\x{301}e\x{301}e\x{301}e\x{301}e\x{301}e\x{301}e\x{301}e\x{301}e\x{301}e\x{301}e\x{301}e\x{301}e\x{301}e\x{301}e\x{301}e\x{301}e\x{301}e\x{301}e\x{301}e\x{301}e\x{301}e\x{301}e\x{301}e\x{301} e\x{301}e\x{301}e\x{301}e\x{301}e\x{301}e\x{301}e\x{301}e\x{301}e\x{301}e\x{301}e\x{301}e\x{301}e\x{301}e\x{301}e\x{301}e\x{301}e\x{301}e\x{301}e\x{301}e\x{301}e\x{301}e\x{301}"
          text run at (1056,3690) width 0: " "
          text run at (0,3705) width 1056: "e\x{301}e\x{301}e\x{301}e\x{301}e\x{301}e\x{301}e\x{301}e\x{301}e\x{301}e\x{301}e\x{301}e\x{301}e\x{301}e\x{301}e\x{301}e\x{301}e\x{301}e\x{301}e\x{301}e\x{301}e\x{301}e\x{301}e\x{301}e\x{301}e\x{301}e\x{301}e\x{301}e\x{301}e\x{301}e\x{301}e\x{301}e\x{301} e\x{301} e\x{301}e\x{301}e\x{301}e\x{301}e\x{301}e\x{301}e\x{301}e\x{301}e\x{301}e\x{301}e\x{301}e\x{301}e\x{301}e\x{301}e\x{301}e\x{301}e\x{301}e\x{301}e\x{301}e\x{301}e\x{301}e\x{301}e\x{301}e\x{301}e\x{301}e\x{301}e\x{301}e\x{301}e\x{301}e\x{301}e\x{301}e\x{301}e\x{301}e\x{301}e\x{301}e\x{301}e\x{301}e\x{301}e\x{301}e\x{301}e\x{301}e\x{301}e\x{301} e\x{301}e\x{301}e\x{301}e\x{301}e\x{301}e\x{301}e\x{301}e\x{301}e\x{301}e\x{301}e\x{301}e\x{301}e\x{301}e\x{301}e\x{301}e\x{301}e\x{301}e\x{301}e\x{301}e\x{301}e\x{301}e\x{301}e\x{301}e\x{301}e\x{301}e\x{301}e\x{301}e\x{301}e\x{301}e\x{301} e\x{301}e\x{301}e\x{301}e\x{301}e\x{301}e\x{301}e\x{301}e\x{301}e\x{301}e\x{301}e\x{301}e\x{301}e\x{301}e\x{301}e\x{301}e\x{301}e\x{301}e\x{301}e\x{301}e\x{301}e\x{301}e\x{301}"
          text run at (1056,3705) width 0: " "
          text run at (0,3720) width 1056: "e\x{301}e\x{301}e\x{301}e\x{301}e\x{301}e\x{301}e\x{301}e\x{301}e\x{301}e\x{301}e\x{301}e\x{301}e\x{301}e\x{301}e\x{301}e\x{301}e\x{301}e\x{301}e\x{301}e\x{301}e\x{301}e\x{301}e\x{301}e\x{301}e\x{301}e\x{301}e\x{301}e\x{301}e\x{301}e\x{301}e\x{301}e\x{301} e\x{301} e\x{301}e\x{301}e\x{301}e\x{301}e\x{301}e\x{301}e\x{301}e\x{301}e\x{301}e\x{301}e\x{301}e\x{301}e\x{301}e\x{301}e\x{301}e\x{301}e\x{301}e\x{301}e\x{301}e\x{301}e\x{301}e\x{301}e\x{301}e\x{301}e\x{301}e\x{301}e\x{301}e\x{301}e\x{301}e\x{301}e\x{301}e\x{301}e\x{301}e\x{301}e\x{301}e\x{301}e\x{301}e\x{301}e\x{301}e\x{301}e\x{301}e\x{301}e\x{301} e\x{301}e\x{301}e\x{301}e\x{301}e\x{301}e\x{301}e\x{301}e\x{301}e\x{301}e\x{301}e\x{301}e\x{301}e\x{301}e\x{301}e\x{301}e\x{301}e\x{301}e\x{301}e\x{301}e\x{301}e\x{301}e\x{301}e\x{301}e\x{301}e\x{301}e\x{301}e\x{301}e\x{301}e\x{301}e\x{301} e\x{301}e\x{301}e\x{301}e\x{301}e\x{301}e\x{301}e\x{301}e\x{301}e\x{301}e\x{301}e\x{301}e\x{301}e\x{301}e\x{301}e\x{301}e\x{301}e\x{301}e\x{301}e\x{301}e\x{301}e\x{301}e\x{301}"
          text run at (1056,3720) width 0: " "
          text run at (0,3735) width 1056: "e\x{301}e\x{301}e\x{301}e\x{301}e\x{301}e\x{301}e\x{301}e\x{301}e\x{301}e\x{301}e\x{301}e\x{301}e\x{301}e\x{301}e\x{301}e\x{301}e\x{301}e\x{301}e\x{301}e\x{301}e\x{301}e\x{301}e\x{301}e\x{301}e\x{301}e\x{301}e\x{301}e\x{301}e\x{301}e\x{301}e\x{301}e\x{301} e\x{301} e\x{301}e\x{301}e\x{301}e\x{301}e\x{301}e\x{301}e\x{301}e\x{301}e\x{301}e\x{301}e\x{301}e\x{301}e\x{301}e\x{301}e\x{301}e\x{301}e\x{301}e\x{301}e\x{301}e\x{301}e\x{301}e\x{301}e\x{301}e\x{301}e\x{301}e\x{301}e\x{301}e\x{301}e\x{301}e\x{301}e\x{301}e\x{301}e\x{301}e\x{301}e\x{301}e\x{301}e\x{301}e\x{301}e\x{301}e\x{301}e\x{301}e\x{301}e\x{301} e\x{301}e\x{301}e\x{301}e\x{301}e\x{301}e\x{301}e\x{301}e\x{301}e\x{301}e\x{301}e\x{301}e\x{301}e\x{301}e\x{301}e\x{301}e\x{301}e\x{301}e\x{301}e\x{301}e\x{301}e\x{301}e\x{301}e\x{301}e\x{301}e\x{301}e\x{301}e\x{301}e\x{301}e\x{301}e\x{301} e\x{301}e\x{301}e\x{301}e\x{301}e\x{301}e\x{301}e\x{301}e\x{301}e\x{301}e\x{301}e\x{301}e\x{301}e\x{301}e\x{301}e\x{301}e\x{301}e\x{301}e\x{301}e\x{301}e\x{301}e\x{301}e\x{301}"
          text run at (1056,3735) width 0: " "
          text run at (0,3750) width 1056: "e\x{301}e\x{301}e\x{301}e\x{301}e\x{301}e\x{301}e\x{301}e\x{301}e\x{301}e\x{301}e\x{301}e\x{301}e\x{301}e\x{301}e\x{301}e\x{301}e\x{301}e\x{301}e\x{301}e\x{301}e\x{301}e\x{301}e\x{301}e\x{301}e\x{301}e\x{301}e\x{301}e\x{301}e\x{301}e\x{301}e\x{301}e\x{301} e\x{301} e\x{301}e\x{301}e\x{301}e\x{301}e\x{301}e\x{301}e\x{301}e\x{301}e\x{301}e\x{301}e\x{301}e\x{301}e\x{301}e\x{301}e\x{301}e\x{301}e\x{301}e\x{301}e\x{301}e\x{301}e\x{301}e\x{301}e\x{301}e\x{301}e\x{301}e\x{301}e\x{301}e\x{301}e\x{301}e\x{301}e\x{301}e\x{301}e\x{301}e\x{301}e\x{301}e\x{301}e\x{301}e\x{301}e\x{301}e\x{301}e\x{301}e\x{301}e\x{301} e\x{301}e\x{301}e\x{301}e\x{301}e\x{301}e\x{301}e\x{301}e\x{301}e\x{301}e\x{301}e\x{301}e\x{301}e\x{301}e\x{301}e\x{301}e\x{301}e\x{301}e\x{301}e\x{301}e\x{301}e\x{301}e\x{301}e\x{301}e\x{301}e\x{301}e\x{301}e\x{301}e\x{301}e\x{301}e\x{301} e\x{301}e\x{301}e\x{301}e\x{301}e\x{301}e\x{301}e\x{301}e\x{301}e\x{301}e\x{301}e\x{301}e\x{301}e\x{301}e\x{301}e\x{301}e\x{301}e\x{301}e\x{301}e\x{301}e\x{301}e\x{301}e\x{301}"
          text run at (1056,3750) width 0: " "
          text run at (0,3765) width 96: "e\x{301}e\x{301}e\x{301}e\x{301}e\x{301}e\x{301}e\x{301}e\x{301}e\x{301}e\x{301}e\x{301}e\x{301}"
        RenderText {#text} at (96,3765) size 1056x3780
          text run at (96,3765) width 960: "e\x{301}e\x{301}e\x{301}e\x{301}e\x{301}e\x{301}e\x{301}e\x{301}e\x{301}e\x{301}e\x{301}e\x{301}e\x{301}e\x{301}e\x{301}e\x{301}e\x{301}e\x{301}e\x{301}e\x{301} e\x{301} e\x{301}e\x{301}e\x{301}e\x{301}e\x{301}e\x{301}e\x{301}e\x{301}e\x{301}e\x{301}e\x{301}e\x{301}e\x{301}e\x{301}e\x{301}e\x{301}e\x{301}e\x{301}e\x{301}e\x{301}e\x{301}e\x{301}e\x{301}e\x{301}e\x{301}e\x{301}e\x{301}e\x{301}e\x{301}e\x{301}e\x{301}e\x{301}e\x{301}e\x{301}e\x{301}e\x{301}e\x{301}e\x{301}e\x{301}e\x{301}e\x{301}e\x{301}e\x{301} e\x{301}e\x{301}e\x{301}e\x{301}e\x{301}e\x{301}e\x{301}e\x{301}e\x{301}e\x{301}e\x{301}e\x{301}e\x{301}e\x{301}e\x{301}e\x{301}e\x{301}e\x{301}e\x{301}e\x{301}e\x{301}e\x{301}e\x{301}e\x{301}e\x{301}e\x{301}e\x{301}e\x{301}e\x{301}e\x{301} e\x{301}e\x{301}e\x{301}e\x{301}e\x{301}e\x{301}e\x{301}e\x{301}e\x{301}e\x{301}e\x{301}e\x{301}e\x{301}e\x{301}e\x{301}e\x{301}e\x{301}e\x{301}e\x{301}e\x{301}e\x{301}e\x{301}"
          text run at (1056,3765) width 0: " "
          text run at (0,3780) width 1056: "e\x{301}e\x{301}e\x{301}e\x{301}e\x{301}e\x{301}e\x{301}e\x{301}e\x{301}e\x{301}e\x{301}e\x{301}e\x{301}e\x{301}e\x{301}e\x{301}e\x{301}e\x{301}e\x{301}e\x{301}e\x{301}e\x{301}e\x{301}e\x{301}e\x{301}e\x{301}e\x{301}e\x{301}e\x{301}e\x{301}e\x{301}e\x{301} e\x{301} e\x{301}e\x{301}e\x{301}e\x{301}e\x{301}e\x{301}e\x{301}e\x{301}e\x{301}e\x{301}e\x{301}e\x{301}e\x{301}e\x{301}e\x{301}e\x{301}e\x{301}e\x{301}e\x{301}e\x{301}e\x{301}e\x{301}e\x{301}e\x{301}e\x{301}e\x{301}e\x{301}e\x{301}e\x{301}e\x{301}e\x{301}e\x{301}e\x{301}e\x{301}e\x{301}e\x{301}e\x{301}e\x{301}e\x{301}e\x{301}e\x{301}e\x{301}e\x{301} e\x{301}e\x{301}e\x{301}e\x{301}e\x{301}e\x{301}e\x{301}e\x{301}e\x{301}e\x{301}e\x{301}e\x{301}e\x{301}e\x{301}e\x{301}e\x{301}e\x{301}e\x{301}e\x{301}e\x{301}e\x{301}e\x{301}e\x{301}e\x{301}e\x{301}e\x{301}e\x{301}e\x{301}e\x{301}e\x{301} e\x{301}e\x{301}e\x{301}e\x{301}e\x{301}e\x{301}e\x{301}e\x{301}e\x{301}e\x{301}e\x{301}e\x{301}e\x{301}e\x{301}e\x{301}e\x{301}e\x{301}e\x{301}e\x{301}e\x{301}e\x{301}e\x{301}"
          text run at (1056,3780) width 0: " "
          text run at (0,3795) width 1056: "e\x{301}e\x{301}e\x{301}e\x{301}e\x{301}e\x{301}e\x{301}e\x{301}e\x{301}e\x{301}e\x{301}e\x{301}e\x{301}e\x{301}e\x{301}e\x{301}e\x{301}e\x{301}e\x{301}e\x{301}e\x{301}e\x{301}e\x{301}e\x{301}e\x{301}e\x{301}e\x{301}e\x{301}e\x{301}e\x{301}e\x{301}e\x{301} e\x{301} e\x{301}e\x{301}e\x{301}e\x{301}e\x{301}e\x{301}e\x{301}e\x{301}e\x{301}e\x{301}e\x{301}e\x{301}e\x{301}e\x{301}e\x{301}e\x{301}e\x{301}e\x{301}e\x{301}e\x{301}e\x{301}e\x{301}e\x{301}e\x{301}e\x{301}e\x{301}e\x{301}e\x{301}e\x{301}e\x{301}e\x{301}e\x{301}e\x{301}e\x{301}e\x{301}e\x{301}e\x{301}e\x{301}e\x{301}e\x{301}e\x{301}e\x{301}e\x{301} e\x{301}e\x{301}e\x{301}e\x{301}e\x{301}e\x{301}e\x{301}e\x{301}e\x{301}e\x{301}e\x{301}e\x{301}e\x{301}e\x{301}e\x{301}e\x{301}e\x{301}e\x{301}e\x{301}e\x{301}e\x{301}e\x{301}e\x{301}e\x{301}e\x{301}e\x{301}e\x{301}e\x{301}e\x{301}e\x{301} e\x{301}e\x{301}e\x{301}e\x{301}e\x{301}e\x{301}e\x{301}e\x{301}e\x{301}e\x{301}e\x{301}e\x{301}e\x{301}e\x{301}e\x{301}e\x{301}e\x{301}e\x{301}e\x{301}e\x{301}e\x{301}e\x{301}"
          text run at (1056,3795) width 0: " "
          text run at (0,3810) width 1056: "e\x{301}e\x{301}e\x{301}e\x{301}e\x{301}e\x{301}e\x{301}e\x{301}e\x{301}e\x{301}e\x{301}e\x{301}e\x{301}e\x{301}e\x{301}e\x{301}e\x{301}e\x{301}e\x{301}e\x{301}e\x{301}e\x{301}e\x{301}e\x{301}e\x{301}e\x{301}e\x{301}e\x{301}e\x{301}e\x{301}e\x{301}e\x{301} e\x{301} e\x{301}e\x{301}e\x{301}e\x{301}e\x{301}e\x{301}e\x{301}e\x{301}e\x{301}e\x{301}e\x{301}e\x{301}e\x{301}e\x{301}e\x{301}e\x{301}e\x{301}e\x{301}e\x{301}e\x{301}e\x{301}e\x{301}e\x{301}e\x{301}e\x{301}e\x{301}e\x{301}e\x{301}e\x{301}e\x{301}e\x{301}e\x{301}e\x{301}e\x{301}e\x{301}e\x{301}e\x{301}e\x{301}e\x{301}e\x{301}e\x{301}e\x{301}e\x{301} e\x{301}e\x{301}e\x{301}e\x{301}e\x{301}e\x{301}e\x{301}e\x{301}e\x{301}e\x{301}e\x{301}e\x{301}e\x{301}e\x{301}e\x{301}e\x{301}e\x{301}e\x{301}e\x{301}e\x{301}e\x{301}e\x{301}e\x{301}e\x{301}e\x{301}e\x{301}e\x{301}e\x{301}e\x{301}e\x{301} e\x{301}e\x{301}e\x{301}e\x{301}e\x{301}e\x{301}e\x{301}e\x{301}e\x{301}e\x{301}e\x{301}e\x{301}e\x{301}e\x{301}e\x{301}e\x{301}e\x{301}e\x{301}e\x{301}e\x{301}e\x{301}e\x{301}"
          text run at (1056,3810) width 0: " "
          text run at (0,3825) width 1056: "e\x{301}e\x{301}e\x{301}e\x{301}e\x{301}e\x{301}e\x{301}e\x{301}e\x{301}e\x{301}e\x{301}e\x{301}e\x{301}e\x{301}e\x{301}e\x{301}e\x{301}e\x{301}e\x{301}e\x{301}e\x{301}e\x{301}e\x{301}e\x{301}e\x{301}e\x{301}e\x{301}e\x{301}e\x{301}e\x{301}e\x{301}e\x{301} e\x{301} e\x{301}e\x{301}e\x{301}e\x{301}e\x{301}e\x{301}e\x{301}e\x{301}e\x{301}e\x{301}e\x{301}e\x{301}e\x{301}e\x{301}e\x{301}e\x{301}e\x{301}e\x{301}e\x{301}e\x{301}e\x{301}e\x{301}e\x{301}e\x{301}e\x{301}e\x{301}e\x{301}e\x{301}e\x{301}e\x{301}e\x{301}e\x{301}e\x{301}e\x{301}e\x{301}e\x{301}e\x{301}e\x{301}e\x{301}e\x{301}e\x{301}e\x{301}e\x{301} e\x{301}e\x{301}e\x{301}e\x{301}e\x{301}e\x{301}e\x{301}e\x{301}e\x{301}e\x{301}e\x{301}e\x{301}e\x{301}e\x{301}e\x{301}e\x{301}e\x{301}e\x{301}e\x{301}e\x{301}e\x{301}e\x{301}e\x{301}e\x{301}e\x{301}e\x{301}e\x{301}e\x{301}e\x{301}e\x{301} e\x{301}e\x{301}e\x{301}e\x{301}e\x{301}e\x{301}e\x{301}e\x{301}e\x{301}e\x{301}e\x{301}e\x{301}e\x{301}e\x{301}e\x{301}e\x{301}e\x{301}e\x{301}e\x{301}e\x{301}e\x{301}e\x{301}"
          text run at (1056,3825) width 0: " "
          text run at (0,3840) width 1056: "e\x{301}e\x{301}e\x{301}e\x{301}e\x{301}e\x{301}e\x{301}e\x{301}e\x{301}e\x{301}e\x{301}e\x{301}e\x{301}e\x{301}e\x{301}e\x{301}e\x{301}e\x{301}e\x{301}e\x{301}e\x{301}e\x{301}e\x{301}e\x{301}e\x{301}e\x{301}e\x{301}e\x{301}e\x{301}e\x{301}e\x{301}e\x{301} e\x{301} e\x{301}e\x{301}e\x{301}e\x{301}e\x{301}e\x{301}e\x{301}e\x{301}e\x{301}e\x{301}e\x{301}e\x{301}e\x{301}e\x{301}e\x{301}e\x{301}e\x{301}e\x{301}e\x{301}e\x{301}e\x{301}e\x{301}e\x{301}e\x{301}e\x{301}e\x{301}e\x{301}e\x{301}e\x{301}e\x{301}e\x{301}e\x{301}e\x{301}e\x{301}e\x{301}e\x{301}e\x{301}e\x{301}e\x{301}e\x{301}e\x{301}e\x{301}e\x{301} e\x{301}e\x{301}e\x{301}e\x{301}e\x{301}e\x{301}e\x{301}e\x{301}e\x{301}e\x{301}e\x{301}e\x{301}e\x{301}e\x{301}e\x{301}e\x{301}e\x{301}e\x{301}e\x{301}e\x{301}e\x{301}e\x{301}e\x{301}e\x{301}e\x{301}e\x{301}e\x{301}e\x{301}e\x{301}e\x{301} e\x{301}e\x{301}e\x{301}e\x{301}e\x{301}e\x{301}e\x{301}e\x{301}e\x{301}e\x{301}e\x{301}e\x{301}e\x{301}e\x{301}e\x{301}e\x{301}e\x{301}e\x{301}e\x{301}e\x{301}e\x{301}e\x{301}"
          text run at (1056,3840) width 0: " "
          text run at (0,3855) width 1056: "e\x{301}e\x{301}e\x{301}e\x{301}e\x{301}e\x{301}e\x{301}e\x{301}e\x{301}e\x{301}e\x{301}e\x{301}e\x{301}e\x{301}e\x{301}e\x{301}e\x{301}e\x{301}e\x{301}e\x{301}e\x{301}e\x{301}e\x{301}e\x{301}e\x{301}e\x{301}e\x{301}e\x{301}e\x{301}e\x{301}e\x{301}e\x{301} e\x{301} e\x{301}e\x{301}e\x{301}e\x{301}e\x{301}e\x{301}e\x{301}e\x{301}e\x{301}e\x{301}e\x{301}e\x{301}e\x{301}e\x{301}e\x{301}e\x{301}e\x{301}e\x{301}e\x{301}e\x{301}e\x{301}e\x{301}e\x{301}e\x{301}e\x{301}e\x{301}e\x{301}e\x{301}e\x{301}e\x{301}e\x{301}e\x{301}e\x{301}e\x{301}e\x{301}e\x{301}e\x{301}e\x{301}e\x{301}e\x{301}e\x{301}e\x{301}e\x{301} e\x{301}e\x{301}e\x{301}e\x{301}e\x{301}e\x{301}e\x{301}e\x{301}e\x{301}e\x{301}e\x{301}e\x{301}e\x{301}e\x{301}e\x{301}e\x{301}e\x{301}e\x{301}e\x{301}e\x{301}e\x{301}e\x{301}e\x{301}e\x{301}e\x{301}e\x{301}e\x{301}e\x{301}e\x{301}e\x{301} e\x{301}e\x{301}e\x{301}e\x{301}e\x{301}e\x{301}e\x{301}e\x{301}e\x{301}e\x{301}e\x{301}e\x{301}e\x{301}e\x{301}e\x{301}e\x{301}e\x{301}e\x{301}e\x{301}e\x{301}e\x{301}e\x{301}"
          text run at (1056,3855) width 0: " "
          text run at (0,3870) width 1056: "e\x{301}e\x{301}e\x{301}e\x{301}e\x{301}e\x{301}e\x{301}e\x{301}e\x{301}e\x{301}e\x{301}e\x{301}e\x{301}e\x{301}e\x{301}e\x{301}e\x{301}e\x{301}e\x{301}e\x{301}e\x{301}e\x{301}e\x{301}e\x{301}e\x{301}e\x{301}e\x{301}e\x{301}e\x{301}e\x{301}e\x{301}e\x{301} e\x{301} e\x{301}e\x{301}e\x{301}e\x{301}e\x{301}e\x{301}e\x{301}e\x{301}e\x{301}e\x{301}e\x{301}e\x{301}e\x{301}e\x{301}e\x{301}e\x{301}e\x{301}e\x{301}e\x{301}e\x{301}e\x{301}e\x{301}e\x{301}e\x{301}e\x{301}e\x{301}e\x{301}e\x{301}e\x{301}e\x{301}e\x{301}e\x{301}e\x{301}e\x{301}e\x{301}e\x{301}e\x{301}e\x{301}e\x{301}e\x{301}e\x{301}e\x{301}e\x{301} e\x{301}e\x{301}e\x{301}e\x{301}e\x{301}e\x{301}e\x{301}e\x{301}e\x{301}e\x{301}e\x{301}e\x{301}e\x{301}e\x{301}e\x{301}e\x{301}e\x{301}e\x{301}e\x{301}e\x{301}e\x{301}e\x{301}e\x{301}e\x{301}e\x{301}e\x{301}e\x{301}e\x{301}e\x{301}e\x{301} e\x{301}e\x{301}e\x{301}e\x{301}e\x{301}e\x{301}e\x{301}e\x{301}e\x{301}e\x{301}e\x{301}e\x{301}e\x{301}e\x{301}e\x{301}e\x{301}e\x{301}e\x{301}e\x{301}e\x{301}e\x{301}e\x{301}"
          text run at (1056,3870) width 0: " "
          text run at (0,3885) width 1056: "e\x{301}e\x{301}e\x{301}e\x{301}e\x{301}e\x{301}e\x{301}e\x{301}e\x{301}e\x{301}e\x{301}e\x{301}e\x{301}e\x{301}e\x{301}e\x{301}e\x{301}e\x{301}e\x{301}e\x{301}e\x{301}e\x{301}e\x{301}e\x{301}e\x{301}e\x{301}e\x{301}e\x{301}e\x{301}e\x{301}e\x{301}e\x{301} e\x{301} e\x{301}e\x{301}e\x{301}e\x{301}e\x{301}e\x{301}e\x{301}e\x{301}e\x{301}e\x{301}e\x{301}e\x{301}e\x{301}e\x{301}e\x{301}e\x{301}e\x{301}e\x{301}e\x{301}e\x{301}e\x{301}e\x{301}e\x{301}e\x{301}e\x{301}e\x{301}e\x{301}e\x{301}e\x{301}e\x{301}e\x{301}e\x{301}e\x{301}e\x{301}e\x{301}e\x{301}e\x{301}e\x{301}e\x{301}e\x{301}e\x{301}e\x{301}e\x{301} e\x{301}e\x{301}e\x{301}e\x{301}e\x{301}e\x{301}e\x{301}e\x{301}e\x{301}e\x{301}e\x{301}e\x{301}e\x{301}e\x{301}e\x{301}e\x{301}e\x{301}e\x{301}e\x{301}e\x{301}e\x{301}e\x{301}e\x{301}e\x{301}e\x{301}e\x{301}e\x{301}e\x{301}e\x{301}e\x{301} e\x{301}e\x{301}e\x{301}e\x{301}e\x{301}e\x{301}e\x{301}e\x{301}e\x{301}e\x{301}e\x{301}e\x{301}e\x{301}e\x{301}e\x{301}e\x{301}e\x{301}e\x{301}e\x{301}e\x{301}e\x{301}e\x{301}"
          text run at (1056,3885) width 0: " "
          text run at (0,3900) width 1056: "e\x{301}e\x{301}e\x{301}e\x{301}e\x{301}e\x{301}e\x{301}e\x{301}e\x{301}e\x{301}e\x{301}e\x{301}e\x{301}e\x{301}e\x{301}e\x{301}e\x{301}e\x{301}e\x{301}e\x{301}e\x{301}e\x{301}e\x{301}e\x{301}e\x{301}e\x{301}e\x{301}e\x{301}e\x{301}e\x{301}e\x{301}e\x{301} e\x{301} e\x{301}e\x{301}e\x{301}e\x{301}e\x{301}e\x{301}e\x{301}e\x{301}e\x{301}e\x{301}e\x{301}e\x{301}e\x{301}e\x{301}e\x{301}e\x{301}e\x{301}e\x{301}e\x{301}e\x{301}e\x{301}e\x{301}e\x{301}e\x{301}e\x{301}e\x{301}e\x{301}e\x{301}e\x{301}e\x{301}e\x{301}e\x{301}e\x{301}e\x{301}e\x{301}e\x{301}e\x{301}e\x{301}e\x{301}e\x{301}e\x{301}e\x{301}e\x{301} e\x{301}e\x{301}e\x{301}e\x{301}e\x{301}e\x{301}e\x{301}e\x{301}e\x{301}e\x{301}e\x{301}e\x{301}e\x{301}e\x{301}e\x{301}e\x{301}e\x{301}e\x{301}e\x{301}e\x{301}e\x{301}e\x{301}e\x{301}e\x{301}e\x{301}e\x{301}e\x{301}e\x{301}e\x{301}e\x{301} e\x{301}e\x{301}e\x{301}e\x{301}e\x{301}e\x{301}e\x{301}e\x{301}e\x{301}e\x{301}e\x{301}e\x{301}e\x{301}e\x{301}e\x{301}e\x{301}e\x{301}e\x{301}e\x{301}e\x{301}e\x{301}e\x{301}"
          text run at (1056,3900) width 0: " "
          text run at (0,3915) width 1056: "e\x{301}e\x{301}e\x{301}e\x{301}e\x{301}e\x{301}e\x{301}e\x{301}e\x{301}e\x{301}e\x{301}e\x{301}e\x{301}e\x{301}e\x{301}e\x{301}e\x{301}e\x{301}e\x{301}e\x{301}e\x{301}e\x{301}e\x{301}e\x{301}e\x{301}e\x{301}e\x{301}e\x{301}e\x{301}e\x{301}e\x{301}e\x{301} e\x{301} e\x{301}e\x{301}e\x{301}e\x{301}e\x{301}e\x{301}e\x{301}e\x{301}e\x{301}e\x{301}e\x{301}e\x{301}e\x{301}e\x{301}e\x{301}e\x{301}e\x{301}e\x{301}e\x{301}e\x{301}e\x{301}e\x{301}e\x{301}e\x{301}e\x{301}e\x{301}e\x{301}e\x{301}e\x{301}e\x{301}e\x{301}e\x{301}e\x{301}e\x{301}e\x{301}e\x{301}e\x{301}e\x{301}e\x{301}e\x{301}e\x{301}e\x{301}e\x{301} e\x{301}e\x{301}e\x{301}e\x{301}e\x{301}e\x{301}e\x{301}e\x{301}e\x{301}e\x{301}e\x{301}e\x{301}e\x{301}e\x{301}e\x{301}e\x{301}e\x{301}e\x{301}e\x{301}e\x{301}e\x{301}e\x{301}e\x{301}e\x{301}e\x{301}e\x{301}e\x{301}e\x{301}e\x{301}e\x{301} e\x{301}e\x{301}e\x{301}e\x{301}e\x{301}e\x{301}e\x{301}e\x{301}e\x{301}e\x{301}e\x{301}e\x{301}e\x{301}e\x{301}e\x{301}e\x{301}e\x{301}e\x{301}e\x{301}e\x{301}e\x{301}e\x{301}"
          text run at (1056,3915) width 0: " "
          text run at (0,3930) width 1056: "e\x{301}e\x{301}e\x{301}e\x{301}e\x{301}e\x{301}e\x{301}e\x{301}e\x{301}e\x{301}e\x{301}e\x{301}e\x{301}e\x{301}e\x{301}e\x{301}e\x{301}e\x{301}e\x{301}e\x{301}e\x{301}e\x{301}e\x{301}e\x{301}e\x{301}e\x{301}e\x{301}e\x{301}e\x{301}e\x{301}e\x{301}e\x{301} e\x{301} e\x{301}e\x{301}e\x{301}e\x{301}e\x{301}e\x{301}e\x{301}e\x{301}e\x{301}e\x{301}e\x{301}e\x{301}e\x{301}e\x{301}e\x{301}e\x{301}e\x{301}e\x{301}e\x{301}e\x{301}e\x{301}e\x{301}e\x{301}e\x{301}e\x{301}e\x{301}e\x{301}e\x{301}e\x{301}e\x{301}e\x{301}e\x{301}e\x{301}e\x{301}e\x{301}e\x{301}e\x{301}e\x{301}e\x{301}e\x{301}e\x{301}e\x{301}e\x{301} e\x{301}e\x{301}e\x{301}e\x{301}e\x{301}e\x{301}e\x{301}e\x{301}e\x{301}e\x{301}e\x{301}e\x{301}e\x{301}e\x{301}e\x{301}e\x{301}e\x{301}e\x{301}e\x{301}e\x{301}e\x{301}e\x{301}e\x{301}e\x{301}e\x{301}e\x{301}e\x{301}e\x{301}e\x{301}e\x{301} e\x{301}e\x{301}e\x{301}e\x{301}e\x{301}e\x{301}e\x{301}e\x{301}e\x{301}e\x{301}e\x{301}e\x{301}e\x{301}e\x{301}e\x{301}e\x{301}e\x{301}e\x{301}e\x{301}e\x{301}e\x{301}e\x{301}"
          text run at (1056,3930) width 0: " "
          text run at (0,3945) width 1056: "e\x{301}e\x{301}e\x{301}e\x{301}e\x{301}e\x{301}e\x{301}e\x{301}e\x{301}e\x{301}e\x{301}e\x{301}e\x{301}e\x{301}e\x{301}e\x{301}e\x{301}e\x{301}e\x{301}e\x{301}e\x{301}e\x{301}e\x{301}e\x{301}e\x{301}e\x{301}e\x{301}e\x{301}e\x{301}e\x{301}e\x{301}e\x{301} e\x{301} e\x{301}e\x{301}e\x{301}e\x{301}e\x{301}e\x{301}e\x{301}e\x{301}e\x{301}e\x{301}e\x{301}e\x{301}e\x{301}e\x{301}e\x{301}e\x{301}e\x{301}e\x{301}e\x{301}e\x{301}e\x{301}e\x{301}e\x{301}e\x{301}e\x{301}e\x{301}e\x{301}e\x{301}e\x{301}e\x{301}e\x{301}e\x{301}e\x{301}e\x{301}e\x{301}e\x{301}e\x{301}e\x{301}e\x{301}e\x{301}e\x{301}e\x{301}e\x{301} e\x{301}e\x{301}e\x{301}e\x{301}e\x{301}e\x{301}e\x{301}e\x{301}e\x{301}e\x{301}e\x{301}e\x{301}e\x{301}e\x{301}e\x{301}e\x{301}e\x{301}e\x{301}e\x{301}e\x{301}e\x{301}e\x{301}e\x{301}e\x{301}e\x{301}e\x{301}e\x{301}e\x{301}e\x{301}e\x{301} e\x{301}e\x{301}e\x{301}e\x{301}e\x{301}e\x{301}e\x{301}e\x{301}e\x{301}e\x{301}e\x{301}e\x{301}e\x{301}e\x{301}e\x{301}e\x{301}e\x{301}e\x{301}e\x{301}e\x{301}e\x{301}e\x{301}"
          text run at (1056,3945) width 0: " "
          text run at (0,3960) width 1056: "e\x{301}e\x{301}e\x{301}e\x{301}e\x{301}e\x{301}e\x{301}e\x{301}e\x{301}e\x{301}e\x{301}e\x{301}e\x{301}e\x{301}e\x{301}e\x{301}e\x{301}e\x{301}e\x{301}e\x{301}e\x{301}e\x{301}e\x{301}e\x{301}e\x{301}e\x{301}e\x{301}e\x{301}e\x{301}e\x{301}e\x{301}e\x{301} e\x{301} e\x{301}e\x{301}e\x{301}e\x{301}e\x{301}e\x{301}e\x{301}e\x{301}e\x{301}e\x{301}e\x{301}e\x{301}e\x{301}e\x{301}e\x{301}e\x{301}e\x{301}e\x{301}e\x{301}e\x{301}e\x{301}e\x{301}e\x{301}e\x{301}e\x{301}e\x{301}e\x{301}e\x{301}e\x{301}e\x{301}e\x{301}e\x{301}e\x{301}e\x{301}e\x{301}e\x{301}e\x{301}e\x{301}e\x{301}e\x{301}e\x{301}e\x{301}e\x{301} e\x{301}e\x{301}e\x{301}e\x{301}e\x{301}e\x{301}e\x{301}e\x{301}e\x{301}e\x{301}e\x{301}e\x{301}e\x{301}e\x{301}e\x{301}e\x{301}e\x{301}e\x{301}e\x{301}e\x{301}e\x{301}e\x{301}e\x{301}e\x{301}e\x{301}e\x{301}e\x{301}e\x{301}e\x{301}e\x{301} e\x{301}e\x{301}e\x{301}e\x{301}e\x{301}e\x{301}e\x{301}e\x{301}e\x{301}e\x{301}e\x{301}e\x{301}e\x{301}e\x{301}e\x{301}e\x{301}e\x{301}e\x{301}e\x{301}e\x{301}e\x{301}e\x{301}"
          text run at (1056,3960) width 0: " "
          text run at (0,3975) width 1056: "e\x{301}e\x{301}e\x{301}e\x{301}e\x{301}e\x{301}e\x{301}e\x{301}e\x{301}e\x{301}e\x{301}e\x{301}e\x{301}e\x{301}e\x{301}e\x{301}e\x{301}e\x{301}e\x{301}e\x{301}e\x{301}e\x{301}e\x{301}e\x{301}e\x{301}e\x{301}e\x{301}e\x{301}e\x{301}e\x{301}e\x{301}e\x{301} e\x{301} e\x{301}e\x{301}e\x{301}e\x{301}e\x{301}e\x{301}e\x{301}e\x{301}e\x{301}e\x{301}e\x{301}e\x{301}e\x{301}e\x{301}e\x{301}e\x{301}e\x{301}e\x{301}e\x{301}e\x{301}e\x{301}e\x{301}e\x{301}e\x{301}e\x{301}e\x{301}e\x{301}e\x{301}e\x{301}e\x{301}e\x{301}e\x{301}e\x{301}e\x{301}e\x{301}e\x{301}e\x{301}e\x{301}e\x{301}e\x{301}e\x{301}e\x{301}e\x{301} e\x{301}e\x{301}e\x{301}e\x{301}e\x{301}e\x{301}e\x{301}e\x{301}e\x{301}e\x{301}e\x{301}e\x{301}e\x{301}e\x{301}e\x{301}e\x{301}e\x{301}e\x{301}e\x{301}e\x{301}e\x{301}e\x{301}e\x{301}e\x{301}e\x{301}e\x{301}e\x{301}e\x{301}e\x{301}e\x{301} e\x{301}e\x{301}e\x{301}e\x{301}e\x{301}e\x{301}e\x{301}e\x{301}e\x{301}e\x{301}e\x{301}e\x{301}e\x{301}e\x{301}e\x{301}e\x{301}e\x{301}e\x{301}e\x{301}e\x{301}e\x{301}e\x{301}"
          text run at (1056,3975) width 0: " "
          text run at (0,3990) width 1056: "e\x{301}e\x{301}e\x{301}e\x{301}e\x{301}e\x{301}e\x{301}e\x{301}e\x{301}e\x{301}e\x{301}e\x{301}e\x{301}e\x{301}e\x{301}e\x{301}e\x{301}e\x{301}e\x{301}e\x{301}e\x{301}e\x{301}e\x{301}e\x{301}e\x{301}e\x{301}e\x{301}e\x{301}e\x{301}e\x{301}e\x{301}e\x{301} e\x{301} e\x{301}e\x{301}e\x{301}e\x{301}e\x{301}e\x{301}e\x{301}e\x{301}e\x{301}e\x{301}e\x{301}e\x{301}e\x{301}e\x{301}e\x{301}e\x{301}e\x{301}e\x{301}e\x{301}e\x{301}e\x{301}e\x{301}e\x{301}e\x{301}e\x{301}e\x{301}e\x{301}e\x{301}e\x{301}e\x{301}e\x{301}e\x{301}e\x{301}e\x{301}e\x{301}e\x{301}e\x{301}e\x{301}e\x{301}e\x{301}e\x{301}e\x{301}e\x{301} e\x{301}e\x{301}e\x{301}e\x{301}e\x{301}e\x{301}e\x{301}e\x{301}e\x{301}e\x{301}e\x{301}e\x{301}e\x{301}e\x{301}e\x{301}e\x{301}e\x{301}e\x{301}e\x{301}e\x{301}e\x{301}e\x{301}e\x{301}e\x{301}e\x{301}e\x{301}e\x{301}e\x{301}e\x{301}e\x{301} e\x{301}e\x{301}e\x{301}e\x{301}e\x{301}e\x{301}e\x{301}e\x{301}e\x{301}e\x{301}e\x{301}e\x{301}e\x{301}e\x{301}e\x{301}e\x{301}e\x{301}e\x{301}e\x{301}e\x{301}e\x{301}e\x{301}"
          text run at (1056,3990) width 0: " "
          text run at (0,4005) width 1056: "e\x{301}e\x{301}e\x{301}e\x{301}e\x{301}e\x{301}e\x{301}e\x{301}e\x{301}e\x{301}e\x{301}e\x{301}e\x{301}e\x{301}e\x{301}e\x{301}e\x{301}e\x{301}e\x{301}e\x{301}e\x{301}e\x{301}e\x{301}e\x{301}e\x{301}e\x{301}e\x{301}e\x{301}e\x{301}e\x{301}e\x{301}e\x{301} e\x{301} e\x{301}e\x{301}e\x{301}e\x{301}e\x{301}e\x{301}e\x{301}e\x{301}e\x{301}e\x{301}e\x{301}e\x{301}e\x{301}e\x{301}e\x{301}e\x{301}e\x{301}e\x{301}e\x{301}e\x{301}e\x{301}e\x{301}e\x{301}e\x{301}e\x{301}e\x{301}e\x{301}e\x{301}e\x{301}e\x{301}e\x{301}e\x{301}e\x{301}e\x{301}e\x{301}e\x{301}e\x{301}e\x{301}e\x{301}e\x{301}e\x{301}e\x{301}e\x{301} e\x{301}e\x{301}e\x{301}e\x{301}e\x{301}e\x{301}e\x{301}e\x{301}e\x{301}e\x{301}e\x{301}e\x{301}e\x{301}e\x{301}e\x{301}e\x{301}e\x{301}e\x{301}e\x{301}e\x{301}e\x{301}e\x{301}e\x{301}e\x{301}e\x{301}e\x{301}e\x{301}e\x{301}e\x{301}e\x{301} e\x{301}e\x{301}e\x{301}e\x{301}e\x{301}e\x{301}e\x{301}e\x{301}e\x{301}e\x{301}e\x{301}e\x{301}e\x{301}e\x{301}e\x{301}e\x{301}e\x{301}e\x{301}e\x{301}e\x{301}e\x{301}e\x{301}"
          text run at (1056,4005) width 0: " "
          text run at (0,4020) width 1056: "e\x{301}e\x{301}e\x{301}e\x{301}e\x{301}e\x{301}e\x{301}e\x{301}e\x{301}e\x{301}e\x{301}e\x{301}e\x{301}e\x{301}e\x{301}e\x{301}e\x{301}e\x{301}e\x{301}e\x{301}e\x{301}e\x{301}e\x{301}e\x{301}e\x{301}e\x{301}e\x{301}e\x{301}e\x{301}e\x{301}e\x{301}e\x{301} e\x{301} e\x{301}e\x{301}e\x{301}e\x{301}e\x{301}e\x{301}e\x{301}e\x{301}e\x{301}e\x{301}e\x{301}e\x{301}e\x{301}e\x{301}e\x{301}e\x{301}e\x{301}e\x{301}e\x{301}e\x{301}e\x{301}e\x{301}e\x{301}e\x{301}e\x{301}e\x{301}e\x{301}e\x{301}e\x{301}e\x{301}e\x{301}e\x{301}e\x{301}e\x{301}e\x{301}e\x{301}e\x{301}e\x{301}e\x{301}e\x{301}e\x{301}e\x{301}e\x{301} e\x{301}e\x{301}e\x{301}e\x{301}e\x{301}e\x{301}e\x{301}e\x{301}e\x{301}e\x{301}e\x{301}e\x{301}e\x{301}e\x{301}e\x{301}e\x{301}e\x{301}e\x{301}e\x{301}e\x{301}e\x{301}e\x{301}e\x{301}e\x{301}e\x{301}e\x{301}e\x{301}e\x{301}e\x{301}e\x{301} e\x{301}e\x{301}e\x{301}e\x{301}e\x{301}e\x{301}e\x{301}e\x{301}e\x{301}e\x{301}e\x{301}e\x{301}e\x{301}e\x{301}e\x{301}e\x{301}e\x{301}e\x{301}e\x{301}e\x{301}e\x{301}e\x{301}"
          text run at (1056,4020) width 0: " "
          text run at (0,4035) width 1056: "e\x{301}e\x{301}e\x{301}e\x{301}e\x{301}e\x{301}e\x{301}e\x{301}e\x{301}e\x{301}e\x{301}e\x{301}e\x{301}e\x{301}e\x{301}e\x{301}e\x{301}e\x{301}e\x{301}e\x{301}e\x{301}e\x{301}e\x{301}e\x{301}e\x{301}e\x{301}e\x{301}e\x{301}e\x{301}e\x{301}e\x{301}e\x{301} e\x{301} e\x{301}e\x{301}e\x{301}e\x{301}e\x{301}e\x{301}e\x{301}e\x{301}e\x{301}e\x{301}e\x{301}e\x{301}e\x{301}e\x{301}e\x{301}e\x{301}e\x{301}e\x{301}e\x{301}e\x{301}e\x{301}e\x{301}e\x{301}e\x{301}e\x{301}e\x{301}e\x{301}e\x{301}e\x{301}e\x{301}e\x{301}e\x{301}e\x{301}e\x{301}e\x{301}e\x{301}e\x{301}e\x{301}e\x{301}e\x{301}e\x{301}e\x{301}e\x{301} e\x{301}e\x{301}e\x{301}e\x{301}e\x{301}e\x{301}e\x{301}e\x{301}e\x{301}e\x{301}e\x{301}e\x{301}e\x{301}e\x{301}e\x{301}e\x{301}e\x{301}e\x{301}e\x{301}e\x{301}e\x{301}e\x{301}e\x{301}e\x{301}e\x{301}e\x{301}e\x{301}e\x{301}e\x{301}e\x{301} e\x{301}e\x{301}e\x{301}e\x{301}e\x{301}e\x{301}e\x{301}e\x{301}e\x{301}e\x{301}e\x{301}e\x{301}e\x{301}e\x{301}e\x{301}e\x{301}e\x{301}e\x{301}e\x{301}e\x{301}e\x{301}e\x{301}"
          text run at (1056,4035) width 0: " "
          text run at (0,4050) width 1056: "e\x{301}e\x{301}e\x{301}e\x{301}e\x{301}e\x{301}e\x{301}e\x{301}e\x{301}e\x{301}e\x{301}e\x{301}e\x{301}e\x{301}e\x{301}e\x{301}e\x{301}e\x{301}e\x{301}e\x{301}e\x{301}e\x{301}e\x{301}e\x{301}e\x{301}e\x{301}e\x{301}e\x{301}e\x{301}e\x{301}e\x{301}e\x{301} e\x{301} e\x{301}e\x{301}e\x{301}e\x{301}e\x{301}e\x{301}e\x{301}e\x{301}e\x{301}e\x{301}e\x{301}e\x{301}e\x{301}e\x{301}e\x{301}e\x{301}e\x{301}e\x{301}e\x{301}e\x{301}e\x{301}e\x{301}e\x{301}e\x{301}e\x{301}e\x{301}e\x{301}e\x{301}e\x{301}e\x{301}e\x{301}e\x{301}e\x{301}e\x{301}e\x{301}e\x{301}e\x{301}e\x{301}e\x{301}e\x{301}e\x{301}e\x{301}e\x{301} e\x{301}e\x{301}e\x{301}e\x{301}e\x{301}e\x{301}e\x{301}e\x{301}e\x{301}e\x{301}e\x{301}e\x{301}e\x{301}e\x{301}e\x{301}e\x{301}e\x{301}e\x{301}e\x{301}e\x{301}e\x{301}e\x{301}e\x{301}e\x{301}e\x{301}e\x{301}e\x{301}e\x{301}e\x{301}e\x{301} e\x{301}e\x{301}e\x{301}e\x{301}e\x{301}e\x{301}e\x{301}e\x{301}e\x{301}e\x{301}e\x{301}e\x{301}e\x{301}e\x{301}e\x{301}e\x{301}e\x{301}e\x{301}e\x{301}e\x{301}e\x{301}e\x{301}"
          text run at (1056,4050) width 0: " "
          text run at (0,4065) width 1056: "e\x{301}e\x{301}e\x{301}e\x{301}e\x{301}e\x{301}e\x{301}e\x{301}e\x{301}e\x{301}e\x{301}e\x{301}e\x{301}e\x{301}e\x{301}e\x{301}e\x{301}e\x{301}e\x{301}e\x{301}e\x{301}e\x{301}e\x{301}e\x{301}e\x{301}e\x{301}e\x{301}e\x{301}e\x{301}e\x{301}e\x{301}e\x{301} e\x{301} e\x{301}e\x{301}e\x{301}e\x{301}e\x{301}e\x{301}e\x{301}e\x{301}e\x{301}e\x{301}e\x{301}e\x{301}e\x{301}e\x{301}e\x{301}e\x{301}e\x{301}e\x{301}e\x{301}e\x{301}e\x{301}e\x{301}e\x{301}e\x{301}e\x{301}e\x{301}e\x{301}e\x{301}e\x{301}e\x{301}e\x{301}e\x{301}e\x{301}e\x{301}e\x{301}e\x{301}e\x{301}e\x{301}e\x{301}e\x{301}e\x{301}e\x{301}e\x{301} e\x{301}e\x{301}e\x{301}e\x{301}e\x{301}e\x{301}e\x{301}e\x{301}e\x{301}e\x{301}e\x{301}e\x{301}e\x{301}e\x{301}e\x{301}e\x{301}e\x{301}e\x{301}e\x{301}e\x{301}e\x{301}e\x{301}e\x{301}e\x{301}e\x{301}e\x{301}e\x{301}e\x{301}e\x{301}e\x{301} e\x{301}e\x{301}e\x{301}e\x{301}e\x{301}e\x{301}e\x{301}e\x{301}e\x{301}e\x{301}e\x{301}e\x{301}e\x{301}e\x{301}e\x{301}e\x{301}e\x{301}e\x{301}e\x{301}e\x{301}e\x{301}e\x{301}"
          text run at (1056,4065) width 0: " "
          text run at (0,4080) width 1056: "e\x{301}e\x{301}e\x{301}e\x{301}e\x{301}e\x{301}e\x{301}e\x{301}e\x{301}e\x{301}e\x{301}e\x{301}e\x{301}e\x{301}e\x{301}e\x{301}e\x{301}e\x{301}e\x{301}e\x{301}e\x{301}e\x{301}e\x{301}e\x{301}e\x{301}e\x{301}e\x{301}e\x{301}e\x{301}e\x{301}e\x{301}e\x{301} e\x{301} e\x{301}e\x{301}e\x{301}e\x{301}e\x{301}e\x{301}e\x{301}e\x{301}e\x{301}e\x{301}e\x{301}e\x{301}e\x{301}e\x{301}e\x{301}e\x{301}e\x{301}e\x{301}e\x{301}e\x{301}e\x{301}e\x{301}e\x{301}e\x{301}e\x{301}e\x{301}e\x{301}e\x{301}e\x{301}e\x{301}e\x{301}e\x{301}e\x{301}e\x{301}e\x{301}e\x{301}e\x{301}e\x{301}e\x{301}e\x{301}e\x{301}e\x{301}e\x{301} e\x{301}e\x{301}e\x{301}e\x{301}e\x{301}e\x{301}e\x{301}e\x{301}e\x{301}e\x{301}e\x{301}e\x{301}e\x{301}e\x{301}e\x{301}e\x{301}e\x{301}e\x{301}e\x{301}e\x{301}e\x{301}e\x{301}e\x{301}e\x{301}e\x{301}e\x{301}e\x{301}e\x{301}e\x{301}e\x{301} e\x{301}e\x{301}e\x{301}e\x{301}e\x{301}e\x{301}e\x{301}e\x{301}e\x{301}e\x{301}e\x{301}e\x{301}e\x{301}e\x{301}e\x{301}e\x{301}e\x{301}e\x{301}e\x{301}e\x{301}e\x{301}e\x{301}"
          text run at (1056,4080) width 0: " "
          text run at (0,4095) width 1056: "e\x{301}e\x{301}e\x{301}e\x{301}e\x{301}e\x{301}e\x{301}e\x{301}e\x{301}e\x{301}e\x{301}e\x{301}e\x{301}e\x{301}e\x{301}e\x{301}e\x{301}e\x{301}e\x{301}e\x{301}e\x{301}e\x{301}e\x{301}e\x{301}e\x{301}e\x{301}e\x{301}e\x{301}e\x{301}e\x{301}e\x{301}e\x{301} e\x{301} e\x{301}e\x{301}e\x{301}e\x{301}e\x{301}e\x{301}e\x{301}e\x{301}e\x{301}e\x{301}e\x{301}e\x{301}e\x{301}e\x{301}e\x{301}e\x{301}e\x{301}e\x{301}e\x{301}e\x{301}e\x{301}e\x{301}e\x{301}e\x{301}e\x{301}e\x{301}e\x{301}e\x{301}e\x{301}e\x{301}e\x{301}e\x{301}e\x{301}e\x{301}e\x{301}e\x{301}e\x{301}e\x{301}e\x{301}e\x{301}e\x{301}e\x{301}e\x{301} e\x{301}e\x{301}e\x{301}e\x{301}e\x{301}e\x{301}e\x{301}e\x{301}e\x{301}e\x{301}e\x{301}e\x{301}e\x{301}e\x{301}e\x{301}e\x{301}e\x{301}e\x{301}e\x{301}e\x{301}e\x{301}e\x{301}e\x{301}e\x{301}e\x{301}e\x{301}e\x{301}e\x{301}e\x{301}e\x{301} e\x{301}e\x{301}e\x{301}e\x{301}e\x{301}e\x{301}e\x{301}e\x{301}e\x{301}e\x{301}e\x{301}e\x{301}e\x{301}e\x{301}e\x{301}e\x{301}e\x{301}e\x{301}e\x{301}e\x{301}e\x{301}e\x{301}"
          text run at (1056,4095) width 0: " "
          text run at (0,4110) width 1056: "e\x{301}e\x{301}e\x{301}e\x{301}e\x{301}e\x{301}e\x{301}e\x{301}e\x{301}e\x{301}e\x{301}e\x{301}e\x{301}e\x{301}e\x{301}e\x{301}e\x{301}e\x{301}e\x{301}e\x{301}e\x{301}e\x{301}e\x{301}e\x{301}e\x{301}e\x{301}e\x{301}e\x{301}e\x{301}e\x{301}e\x{301}e\x{301} e\x{301} e\x{301}e\x{301}e\x{301}e\x{301}e\x{301}e\x{301}e\x{301}e\x{301}e\x{301}e\x{301}e\x{301}e\x{301}e\x{301}e\x{301}e\x{301}e\x{301}e\x{301}e\x{301}e\x{301}e\x{301}e\x{301}e\x{301}e\x{301}e\x{301}e\x{301}e\x{301}e\x{301}e\x{301}e\x{301}e\x{301}e\x{301}e\x{301}e\x{301}e\x{301}e\x{301}e\x{301}e\x{301}e\x{301}e\x{301}e\x{301}e\x{301}e\x{301}e\x{301} e\x{301}e\x{301}e\x{301}e\x{301}e\x{301}e\x{301}e\x{301}e\x{301}e\x{301}e\x{301}e\x{301}e\x{301}e\x{301}e\x{301}e\x{301}e\x{301}e\x{301}e\x{301}e\x{301}e\x{301}e\x{301}e\x{301}e\x{301}e\x{301}e\x{301}e\x{301}e\x{301}e\x{301}e\x{301}e\x{301} e\x{301}e\x{301}e\x{301}e\x{301}e\x{301}e\x{301}e\x{301}e\x{301}e\x{301}e\x{301}e\x{301}e\x{301}e\x{301}e\x{301}e\x{301}e\x{301}e\x{301}e\x{301}e\x{301}e\x{301}e\x{301}e\x{301}"
          text run at (1056,4110) width 0: " "
          text run at (0,4125) width 1056: "e\x{301}e\x{301}e\x{301}e\x{301}e\x{301}e\x{301}e\x{301}e\x{301}e\x{301}e\x{301}e\x{301}e\x{301}e\x{301}e\x{301}e\x{301}e\x{301}e\x{301}e\x{301}e\x{301}e\x{301}e\x{301}e\x{301}e\x{301}e\x{301}e\x{301}e\x{301}e\x{301}e\x{301}e\x{301}e\x{301}e\x{301}e\x{301} e\x{301} e\x{301}e\x{301}e\x{301}e\x{301}e\x{301}e\x{301}e\x{301}e\x{301}e\x{301}e\x{301}e\x{301}e\x{301}e\x{301}e\x{301}e\x{301}e\x{301}e\x{301}e\x{301}e\x{301}e\x{301}e\x{301}e\x{301}e\x{301}e\x{301}e\x{301}e\x{301}e\x{301}e\x{301}e\x{301}e\x{301}e\x{301}e\x{301}e\x{301}e\x{301}e\x{301}e\x{301}e\x{301}e\x{301}e\x{301}e\x{301}e\x{301}e\x{301}e\x{301} e\x{301}e\x{301}e\x{301}e\x{301}e\x{301}e\x{301}e\x{301}e\x{301}e\x{301}e\x{301}e\x{301}e\x{301}e\x{301}e\x{301}e\x{301}e\x{301}e\x{301}e\x{301}e\x{301}e\x{301}e\x{301}e\x{301}e\x{301}e\x{301}e\x{301}e\x{301}e\x{301}e\x{301}e\x{301}e\x{301} e\x{301}e\x{301}e\x{301}e\x{301}e\x{301}e\x{301}e\x{301}e\x{301}e\x{301}e\x{301}e\x{301}e\x{301}e\x{301}e\x{301}e\x{301}e\x{301}e\x{301}e\x{301}e\x{301}e\x{301}e\x{301}e\x{301}"
          text run at (1056,4125) width 0: " "
          text run at (0,4140) width 1056: "e\x{301}e\x{301}e\x{301}e\x{301}e\x{301}e\x{301}e\x{301}e\x{301}e\x{301}e\x{301}e\x{301}e\x{301}e\x{301}e\x{301}e\x{301}e\x{301}e\x{301}e\x{301}e\x{301}e\x{301}e\x{301}e\x{301}e\x{301}e\x{301}e\x{301}e\x{301}e\x{301}e\x{301}e\x{301}e\x{301}e\x{301}e\x{301} e\x{301} e\x{301}e\x{301}e\x{301}e\x{301}e\x{301}e\x{301}e\x{301}e\x{301}e\x{301}e\x{301}e\x{301}e\x{301}e\x{301}e\x{301}e\x{301}e\x{301}e\x{301}e\x{301}e\x{301}e\x{301}e\x{301}e\x{301}e\x{301}e\x{301}e\x{301}e\x{301}e\x{301}e\x{301}e\x{301}e\x{301}e\x{301}e\x{301}e\x{301}e\x{301}e\x{301}e\x{301}e\x{301}e\x{301}e\x{301}e\x{301}e\x{301}e\x{301}e\x{301} e\x{301}e\x{301}e\x{301}e\x{301}e\x{301}e\x{301}e\x{301}e\x{301}e\x{301}e\x{301}e\x{301}e\x{301}e\x{301}e\x{301}e\x{301}e\x{301}e\x{301}e\x{301}e\x{301}e\x{301}e\x{301}e\x{301}e\x{301}e\x{301}e\x{301}e\x{301}e\x{301}e\x{301}e\x{301}e\x{301} e\x{301}e\x{301}e\x{301}e\x{301}e\x{301}e\x{301}e\x{301}e\x{301}e\x{301}e\x{301}e\x{301}e\x{301}e\x{301}e\x{301}e\x{301}e\x{301}e\x{301}e\x{301}e\x{301}e\x{301}e\x{301}e\x{301}"
          text run at (1056,4140) width 0: " "
          text run at (0,4155) width 1056: "e\x{301}e\x{301}e\x{301}e\x{301}e\x{301}e\x{301}e\x{301}e\x{301}e\x{301}e\x{301}e\x{301}e\x{301}e\x{301}e\x{301}e\x{301}e\x{301}e\x{301}e\x{301}e\x{301}e\x{301}e\x{301}e\x{301}e\x{301}e\x{301}e\x{301}e\x{301}e\x{301}e\x{301}e\x{301}e\x{301}e\x{301}e\x{301} e\x{301} e\x{301}e\x{301}e\x{301}e\x{301}e\x{301}e\x{301}e\x{301}e\x{301}e\x{301}e\x{301}e\x{301}e\x{301}e\x{301}e\x{301}e\x{301}e\x{301}e\x{301}e\x{301}e\x{301}e\x{301}e\x{301}e\x{301}e\x{301}e\x{301}e\x{301}e\x{301}e\x{301}e\x{301}e\x{301}e\x{301}e\x{301}e\x{301}e\x{301}e\x{301}e\x{301}e\x{301}e\x{301}e\x{301}e\x{301}e\x{301}e\x{301}e\x{301}e\x{301} e\x{301}e\x{301}e\x{301}e\x{301}e\x{301}e\x{301}e\x{301}e\x{301}e\x{301}e\x{301}e\x{301}e\x{301}e\x{301}e\x{301}e\x{301}e\x{301}e\x{301}e\x{301}e\x{301}e\x{301}e\x{301}e\x{301}e\x{301}e\x{301}e\x{301}e\x{301}e\x{301}e\x{301}e\x{301}e\x{301} e\x{301}e\x{301}e\x{301}e\x{301}e\x{301}e\x{301}e\x{301}e\x{301}e\x{301}e\x{301}e\x{301}e\x{301}e\x{301}e\x{301}e\x{301}e\x{301}e\x{301}e\x{301}e\x{301}e\x{301}e\x{301}e\x{301}"
          text run at (1056,4155) width 0: " "
          text run at (0,4170) width 1056: "e\x{301}e\x{301}e\x{301}e\x{301}e\x{301}e\x{301}e\x{301}e\x{301}e\x{301}e\x{301}e\x{301}e\x{301}e\x{301}e\x{301}e\x{301}e\x{301}e\x{301}e\x{301}e\x{301}e\x{301}e\x{301}e\x{301}e\x{301}e\x{301}e\x{301}e\x{301}e\x{301}e\x{301}e\x{301}e\x{301}e\x{301}e\x{301} e\x{301} e\x{301}e\x{301}e\x{301}e\x{301}e\x{301}e\x{301}e\x{301}e\x{301}e\x{301}e\x{301}e\x{301}e\x{301}e\x{301}e\x{301}e\x{301}e\x{301}e\x{301}e\x{301}e\x{301}e\x{301}e\x{301}e\x{301}e\x{301}e\x{301}e\x{301}e\x{301}e\x{301}e\x{301}e\x{301}e\x{301}e\x{301}e\x{301}e\x{301}e\x{301}e\x{301}e\x{301}e\x{301}e\x{301}e\x{301}e\x{301}e\x{301}e\x{301}e\x{301} e\x{301}e\x{301}e\x{301}e\x{301}e\x{301}e\x{301}e\x{301}e\x{301}e\x{301}e\x{301}e\x{301}e\x{301}e\x{301}e\x{301}e\x{301}e\x{301}e\x{301}e\x{301}e\x{301}e\x{301}e\x{301}e\x{301}e\x{301}e\x{301}e\x{301}e\x{301}e\x{301}e\x{301}e\x{301}e\x{301} e\x{301}e\x{301}e\x{301}e\x{301}e\x{301}e\x{301}e\x{301}e\x{301}e\x{301}e\x{301}e\x{301}e\x{301}e\x{301}e\x{301}e\x{301}e\x{301}e\x{301}e\x{301}e\x{301}e\x{301}e\x{301}e\x{301}"
          text run at (1056,4170) width 0: " "
          text run at (0,4185) width 1056: "e\x{301}e\x{301}e\x{301}e\x{301}e\x{301}e\x{301}e\x{301}e\x{301}e\x{301}e\x{301}e\x{301}e\x{301}e\x{301}e\x{301}e\x{301}e\x{301}e\x{301}e\x{301}e\x{301}e\x{301}e\x{301}e\x{301}e\x{301}e\x{301}e\x{301}e\x{301}e\x{301}e\x{301}e\x{301}e\x{301}e\x{301}e\x{301} e\x{301} e\x{301}e\x{301}e\x{301}e\x{301}e\x{301}e\x{301}e\x{301}e\x{301}e\x{301}e\x{301}e\x{301}e\x{301}e\x{301}e\x{301}e\x{301}e\x{301}e\x{301}e\x{301}e\x{301}e\x{301}e\x{301}e\x{301}e\x{301}e\x{301}e\x{301}e\x{301}e\x{301}e\x{301}e\x{301}e\x{301}e\x{301}e\x{301}e\x{301}e\x{301}e\x{301}e\x{301}e\x{301}e\x{301}e\x{301}e\x{301}e\x{301}e\x{301}e\x{301} e\x{301}e\x{301}e\x{301}e\x{301}e\x{301}e\x{301}e\x{301}e\x{301}e\x{301}e\x{301}e\x{301}e\x{301}e\x{301}e\x{301}e\x{301}e\x{301}e\x{301}e\x{301}e\x{301}e\x{301}e\x{301}e\x{301}e\x{301}e\x{301}e\x{301}e\x{301}e\x{301}e\x{301}e\x{301}e\x{301} e\x{301}e\x{301}e\x{301}e\x{301}e\x{301}e\x{301}e\x{301}e\x{301}e\x{301}e\x{301}e\x{301}e\x{301}e\x{301}e\x{301}e\x{301}e\x{301}e\x{301}e\x{301}e\x{301}e\x{301}e\x{301}e\x{301}"
          text run at (1056,4185) width 0: " "
          text run at (0,4200) width 1056: "e\x{301}e\x{301}e\x{301}e\x{301}e\x{301}e\x{301}e\x{301}e\x{301}e\x{301}e\x{301}e\x{301}e\x{301}e\x{301}e\x{301}e\x{301}e\x{301}e\x{301}e\x{301}e\x{301}e\x{301}e\x{301}e\x{301}e\x{301}e\x{301}e\x{301}e\x{301}e\x{301}e\x{301}e\x{301}e\x{301}e\x{301}e\x{301} e\x{301} e\x{301}e\x{301}e\x{301}e\x{301}e\x{301}e\x{301}e\x{301}e\x{301}e\x{301}e\x{301}e\x{301}e\x{301}e\x{301}e\x{301}e\x{301}e\x{301}e\x{301}e\x{301}e\x{301}e\x{301}e\x{301}e\x{301}e\x{301}e\x{301}e\x{301}e\x{301}e\x{301}e\x{301}e\x{301}e\x{301}e\x{301}e\x{301}e\x{301}e\x{301}e\x{301}e\x{301}e\x{301}e\x{301}e\x{301}e\x{301}e\x{301}e\x{301}e\x{301} e\x{301}e\x{301}e\x{301}e\x{301}e\x{301}e\x{301}e\x{301}e\x{301}e\x{301}e\x{301}e\x{301}e\x{301}e\x{301}e\x{301}e\x{301}e\x{301}e\x{301}e\x{301}e\x{301}e\x{301}e\x{301}e\x{301}e\x{301}e\x{301}e\x{301}e\x{301}e\x{301}e\x{301}e\x{301}e\x{301} e\x{301}e\x{301}e\x{301}e\x{301}e\x{301}e\x{301}e\x{301}e\x{301}e\x{301}e\x{301}e\x{301}e\x{301}e\x{301}e\x{301}e\x{301}e\x{301}e\x{301}e\x{301}e\x{301}e\x{301}e\x{301}e\x{301}"
          text run at (1056,4200) width 0: " "
          text run at (0,4215) width 1056: "e\x{301}e\x{301}e\x{301}e\x{301}e\x{301}e\x{301}e\x{301}e\x{301}e\x{301}e\x{301}e\x{301}e\x{301}e\x{301}e\x{301}e\x{301}e\x{301}e\x{301}e\x{301}e\x{301}e\x{301}e\x{301}e\x{301}e\x{301}e\x{301}e\x{301}e\x{301}e\x{301}e\x{301}e\x{301}e\x{301}e\x{301}e\x{301} e\x{301} e\x{301}e\x{301}e\x{301}e\x{301}e\x{301}e\x{301}e\x{301}e\x{301}e\x{301}e\x{301}e\x{301}e\x{301}e\x{301}e\x{301}e\x{301}e\x{301}e\x{301}e\x{301}e\x{301}e\x{301}e\x{301}e\x{301}e\x{301}e\x{301}e\x{301}e\x{301}e\x{301}e\x{301}e\x{301}e\x{301}e\x{301}e\x{301}e\x{301}e\x{301}e\x{301}e\x{301}e\x{301}e\x{301}e\x{301}e\x{301}e\x{301}e\x{301}e\x{301} e\x{301}e\x{301}e\x{301}e\x{301}e\x{301}e\x{301}e\x{301}e\x{301}e\x{301}e\x{301}e\x{301}e\x{301}e\x{301}e\x{301}e\x{301}e\x{301}e\x{301}e\x{301}e\x{301}e\x{301}e\x{301}e\x{301}e\x{301}e\x{301}e\x{301}e\x{301}e\x{301}e\x{301}e\x{301}e\x{301} e\x{301}e\x{301}e\x{301}e\x{301}e\x{301}e\x{301}e\x{301}e\x{301}e\x{301}e\x{301}e\x{301}e\x{301}e\x{301}e\x{301}e\x{301}e\x{301}e\x{301}e\x{301}e\x{301}e\x{301}e\x{301}e\x{301}"
          text run at (1056,4215) width 0: " "
          text run at (0,4230) width 1056: "e\x{301}e\x{301}e\x{301}e\x{301}e\x{301}e\x{301}e\x{301}e\x{301}e\x{301}e\x{301}e\x{301}e\x{301}e\x{301}e\x{301}e\x{301}e\x{301}e\x{301}e\x{301}e\x{301}e\x{301}e\x{301}e\x{301}e\x{301}e\x{301}e\x{301}e\x{301}e\x{301}e\x{301}e\x{301}e\x{301}e\x{301}e\x{301} e\x{301} e\x{301}e\x{301}e\x{301}e\x{301}e\x{301}e\x{301}e\x{301}e\x{301}e\x{301}e\x{301}e\x{301}e\x{301}e\x{301}e\x{301}e\x{301}e\x{301}e\x{301}e\x{301}e\x{301}e\x{301}e\x{301}e\x{301}e\x{301}e\x{301}e\x{301}e\x{301}e\x{301}e\x{301}e\x{301}e\x{301}e\x{301}e\x{301}e\x{301}e\x{301}e\x{301}e\x{301}e\x{301}e\x{301}e\x{301}e\x{301}e\x{301}e\x{301}e\x{301} e\x{301}e\x{301}e\x{301}e\x{301}e\x{301}e\x{301}e\x{301}e\x{301}e\x{301}e\x{301}e\x{301}e\x{301}e\x{301}e\x{301}e\x{301}e\x{301}e\x{301}e\x{301}e\x{301}e\x{301}e\x{301}e\x{301}e\x{301}e\x{301}e\x{301}e\x{301}e\x{301}e\x{301}e\x{301}e\x{301} e\x{301}e\x{301}e\x{301}e\x{301}e\x{301}e\x{301}e\x{301}e\x{301}e\x{301}e\x{301}e\x{301}e\x{301}e\x{301}e\x{301}e\x{301}e\x{301}e\x{301}e\x{301}e\x{301}e\x{301}e\x{301}e\x{301}"
          text run at (1056,4230) width 0: " "
          text run at (0,4245) width 1056: "e\x{301}e\x{301}e\x{301}e\x{301}e\x{301}e\x{301}e\x{301}e\x{301}e\x{301}e\x{301}e\x{301}e\x{301}e\x{301}e\x{301}e\x{301}e\x{301}e\x{301}e\x{301}e\x{301}e\x{301}e\x{301}e\x{301}e\x{301}e\x{301}e\x{301}e\x{301}e\x{301}e\x{301}e\x{301}e\x{301}e\x{301}e\x{301} e\x{301} e\x{301}e\x{301}e\x{301}e\x{301}e\x{301}e\x{301}e\x{301}e\x{301}e\x{301}e\x{301}e\x{301}e\x{301}e\x{301}e\x{301}e\x{301}e\x{301}e\x{301}e\x{301}e\x{301}e\x{301}e\x{301}e\x{301}e\x{301}e\x{301}e\x{301}e\x{301}e\x{301}e\x{301}e\x{301}e\x{301}e\x{301}e\x{301}e\x{301}e\x{301}e\x{301}e\x{301}e\x{301}e\x{301}e\x{301}e\x{301}e\x{301}e\x{301}e\x{301} e\x{301}e\x{301}e\x{301}e\x{301}e\x{301}e\x{301}e\x{301}e\x{301}e\x{301}e\x{301}e\x{301}e\x{301}e\x{301}e\x{301}e\x{301}e\x{301}e\x{301}e\x{301}e\x{301}e\x{301}e\x{301}e\x{301}e\x{301}e\x{301}e\x{301}e\x{301}e\x{301}e\x{301}e\x{301}e\x{301} e\x{301}e\x{301}e\x{301}e\x{301}e\x{301}e\x{301}e\x{301}e\x{301}e\x{301}e\x{301}e\x{301}e\x{301}e\x{301}e\x{301}e\x{301}e\x{301}e\x{301}e\x{301}e\x{301}e\x{301}e\x{301}e\x{301}"
          text run at (1056,4245) width 0: " "
          text run at (0,4260) width 1056: "e\x{301}e\x{301}e\x{301}e\x{301}e\x{301}e\x{301}e\x{301}e\x{301}e\x{301}e\x{301}e\x{301}e\x{301}e\x{301}e\x{301}e\x{301}e\x{301}e\x{301}e\x{301}e\x{301}e\x{301}e\x{301}e\x{301}e\x{301}e\x{301}e\x{301}e\x{301}e\x{301}e\x{301}e\x{301}e\x{301}e\x{301}e\x{301} e\x{301} e\x{301}e\x{301}e\x{301}e\x{301}e\x{301}e\x{301}e\x{301}e\x{301}e\x{301}e\x{301}e\x{301}e\x{301}e\x{301}e\x{301}e\x{301}e\x{301}e\x{301}e\x{301}e\x{301}e\x{301}e\x{301}e\x{301}e\x{301}e\x{301}e\x{301}e\x{301}e\x{301}e\x{301}e\x{301}e\x{301}e\x{301}e\x{301}e\x{301}e\x{301}e\x{301}e\x{301}e\x{301}e\x{301}e\x{301}e\x{301}e\x{301}e\x{301}e\x{301} e\x{301}e\x{301}e\x{301}e\x{301}e\x{301}e\x{301}e\x{301}e\x{301}e\x{301}e\x{301}e\x{301}e\x{301}e\x{301}e\x{301}e\x{301}e\x{301}e\x{301}e\x{301}e\x{301}e\x{301}e\x{301}e\x{301}e\x{301}e\x{301}e\x{301}e\x{301}e\x{301}e\x{301}e\x{301}e\x{301} e\x{301}e\x{301}e\x{301}e\x{301}e\x{301}e\x{301}e\x{301}e\x{301}e\x{301}e\x{301}e\x{301}e\x{301}e\x{301}e\x{301}e\x{301}e\x{301}e\x{301}e\x{301}e\x{301}e\x{301}e\x{301}e\x{301}"
          text run at (1056,4260) width 0: " "
          text run at (0,4275) width 1056: "e\x{301}e\x{301}e\x{301}e\x{301}e\x{301}e\x{301}e\x{301}e\x{301}e\x{301}e\x{301}e\x{301}e\x{301}e\x{301}e\x{301}e\x{301}e\x{301}e\x{301}e\x{301}e\x{301}e\x{301}e\x{301}e\x{301}e\x{301}e\x{301}e\x{301}e\x{301}e\x{301}e\x{301}e\x{301}e\x{301}e\x{301}e\x{301} e\x{301} e\x{301}e\x{301}e\x{301}e\x{301}e\x{301}e\x{301}e\x{301}e\x{301}e\x{301}e\x{301}e\x{301}e\x{301}e\x{301}e\x{301}e\x{301}e\x{301}e\x{301}e\x{301}e\x{301}e\x{301}e\x{301}e\x{301}e\x{301}e\x{301}e\x{301}e\x{301}e\x{301}e\x{301}e\x{301}e\x{301}e\x{301}e\x{301}e\x{301}e\x{301}e\x{301}e\x{301}e\x{301}e\x{301}e\x{301}e\x{301}e\x{301}e\x{301}e\x{301} e\x{301}e\x{301}e\x{301}e\x{301}e\x{301}e\x{301}e\x{301}e\x{301}e\x{301}e\x{301}e\x{301}e\x{301}e\x{301}e\x{301}e\x{301}e\x{301}e\x{301}e\x{301}e\x{301}e\x{301}e\x{301}e\x{301}e\x{301}e\x{301}e\x{301}e\x{301}e\x{301}e\x{301}e\x{301}e\x{301} e\x{301}e\x{301}e\x{301}e\x{301}e\x{301}e\x{301}e\x{301}e\x{301}e\x{301}e\x{301}e\x{301}e\x{301}e\x{301}e\x{301}e\x{301}e\x{301}e\x{301}e\x{301}e\x{301}e\x{301}e\x{301}e\x{301}"
          text run at (1056,4275) width 0: " "
          text run at (0,4290) width 1056: "e\x{301}e\x{301}e\x{301}e\x{301}e\x{301}e\x{301}e\x{301}e\x{301}e\x{301}e\x{301}e\x{301}e\x{301}e\x{301}e\x{301}e\x{301}e\x{301}e\x{301}e\x{301}e\x{301}e\x{301}e\x{301}e\x{301}e\x{301}e\x{301}e\x{301}e\x{301}e\x{301}e\x{301}e\x{301}e\x{301}e\x{301}e\x{301} e\x{301} e\x{301}e\x{301}e\x{301}e\x{301}e\x{301}e\x{301}e\x{301}e\x{301}e\x{301}e\x{301}e\x{301}e\x{301}e\x{301}e\x{301}e\x{301}e\x{301}e\x{301}e\x{301}e\x{301}e\x{301}e\x{301}e\x{301}e\x{301}e\x{301}e\x{301}e\x{301}e\x{301}e\x{301}e\x{301}e\x{301}e\x{301}e\x{301}e\x{301}e\x{301}e\x{301}e\x{301}e\x{301}e\x{301}e\x{301}e\x{301}e\x{301}e\x{301}e\x{301} e\x{301}e\x{301}e\x{301}e\x{301}e\x{301}e\x{301}e\x{301}e\x{301}e\x{301}e\x{301}e\x{301}e\x{301}e\x{301}e\x{301}e\x{301}e\x{301}e\x{301}e\x{301}e\x{301}e\x{301}e\x{301}e\x{301}e\x{301}e\x{301}e\x{301}e\x{301}e\x{301}e\x{301}e\x{301}e\x{301} e\x{301}e\x{301}e\x{301}e\x{301}e\x{301}e\x{301}e\x{301}e\x{301}e\x{301}e\x{301}e\x{301}e\x{301}e\x{301}e\x{301}e\x{301}e\x{301}e\x{301}e\x{301}e\x{301}e\x{301}e\x{301}e\x{301}"
          text run at (1056,4290) width 0: " "
          text run at (0,4305) width 1056: "e\x{301}e\x{301}e\x{301}e\x{301}e\x{301}e\x{301}e\x{301}e\x{301}e\x{301}e\x{301}e\x{301}e\x{301}e\x{301}e\x{301}e\x{301}e\x{301}e\x{301}e\x{301}e\x{301}e\x{301}e\x{301}e\x{301}e\x{301}e\x{301}e\x{301}e\x{301}e\x{301}e\x{301}e\x{301}e\x{301}e\x{301}e\x{301} e\x{301} e\x{301}e\x{301}e\x{301}e\x{301}e\x{301}e\x{301}e\x{301}e\x{301}e\x{301}e\x{301}e\x{301}e\x{301}e\x{301}e\x{301}e\x{301}e\x{301}e\x{301}e\x{301}e\x{301}e\x{301}e\x{301}e\x{301}e\x{301}e\x{301}e\x{301}e\x{301}e\x{301}e\x{301}e\x{301}e\x{301}e\x{301}e\x{301}e\x{301}e\x{301}e\x{301}e\x{301}e\x{301}e\x{301}e\x{301}e\x{301}e\x{301}e\x{301}e\x{301} e\x{301}e\x{301}e\x{301}e\x{301}e\x{301}e\x{301}e\x{301}e\x{301}e\x{301}e\x{301}e\x{301}e\x{301}e\x{301}e\x{301}e\x{301}e\x{301}e\x{301}e\x{301}e\x{301}e\x{301}e\x{301}e\x{301}e\x{301}e\x{301}e\x{301}e\x{301}e\x{301}e\x{301}e\x{301}e\x{301} e\x{301}e\x{301}e\x{301}e\x{301}e\x{301}e\x{301}e\x{301}e\x{301}e\x{301}e\x{301}e\x{301}e\x{301}e\x{301}e\x{301}e\x{301}e\x{301}e\x{301}e\x{301}e\x{301}e\x{301}e\x{301}e\x{301}"
          text run at (1056,4305) width 0: " "
          text run at (0,4320) width 1056: "e\x{301}e\x{301}e\x{301}e\x{301}e\x{301}e\x{301}e\x{301}e\x{301}e\x{301}e\x{301}e\x{301}e\x{301}e\x{301}e\x{301}e\x{301}e\x{301}e\x{301}e\x{301}e\x{301}e\x{301}e\x{301}e\x{301}e\x{301}e\x{301}e\x{301}e\x{301}e\x{301}e\x{301}e\x{301}e\x{301}e\x{301}e\x{301} e\x{301} e\x{301}e\x{301}e\x{301}e\x{301}e\x{301}e\x{301}e\x{301}e\x{301}e\x{301}e\x{301}e\x{301}e\x{301}e\x{301}e\x{301}e\x{301}e\x{301}e\x{301}e\x{301}e\x{301}e\x{301}e\x{301}e\x{301}e\x{301}e\x{301}e\x{301}e\x{301}e\x{301}e\x{301}e\x{301}e\x{301}e\x{301}e\x{301}e\x{301}e\x{301}e\x{301}e\x{301}e\x{301}e\x{301}e\x{301}e\x{301}e\x{301}e\x{301}e\x{301} e\x{301}e\x{301}e\x{301}e\x{301}e\x{301}e\x{301}e\x{301}e\x{301}e\x{301}e\x{301}e\x{301}e\x{301}e\x{301}e\x{301}e\x{301}e\x{301}e\x{301}e\x{301}e\x{301}e\x{301}e\x{301}e\x{301}e\x{301}e\x{301}e\x{301}e\x{301}e\x{301}e\x{301}e\x{301}e\x{301} e\x{301}e\x{301}e\x{301}e\x{301}e\x{301}e\x{301}e\x{301}e\x{301}e\x{301}e\x{301}e\x{301}e\x{301}e\x{301}e\x{301}e\x{301}e\x{301}e\x{301}e\x{301}e\x{301}e\x{301}e\x{301}e\x{301}"
          text run at (1056,4320) width 0: " "
          text run at (0,4335) width 1056: "e\x{301}e\x{301}e\x{301}e\x{301}e\x{301}e\x{301}e\x{301}e\x{301}e\x{301}e\x{301}e\x{301}e\x{301}e\x{301}e\x{301}e\x{301}e\x{301}e\x{301}e\x{301}e\x{301}e\x{301}e\x{301}e\x{301}e\x{301}e\x{301}e\x{301}e\x{301}e\x{301}e\x{301}e\x{301}e\x{301}e\x{301}e\x{301} e\x{301} e\x{301}e\x{301}e\x{301}e\x{301}e\x{301}e\x{301}e\x{301}e\x{301}e\x{301}e\x{301}e\x{301}e\x{301}e\x{301}e\x{301}e\x{301}e\x{301}e\x{301}e\x{301}e\x{301}e\x{301}e\x{301}e\x{301}e\x{301}e\x{301}e\x{301}e\x{301}e\x{301}e\x{301}e\x{301}e\x{301}e\x{301}e\x{301}e\x{301}e\x{301}e\x{301}e\x{301}e\x{301}e\x{301}e\x{301}e\x{301}e\x{301}e\x{301}e\x{301} e\x{301}e\x{301}e\x{301}e\x{301}e\x{301}e\x{301}e\x{301}e\x{301}e\x{301}e\x{301}e\x{301}e\x{301}e\x{301}e\x{301}e\x{301}e\x{301}e\x{301}e\x{301}e\x{301}e\x{301}e\x{301}e\x{301}e\x{301}e\x{301}e\x{301}e\x{301}e\x{301}e\x{301}e\x{301}e\x{301} e\x{301}e\x{301}e\x{301}e\x{301}e\x{301}e\x{301}e\x{301}e\x{301}e\x{301}e\x{301}e\x{301}e\x{301}e\x{301}e\x{301}e\x{301}e\x{301}e\x{301}e\x{301}e\x{301}e\x{301}e\x{301}e\x{301}"
          text run at (1056,4335) width 0: " "
          text run at (0,4350) width 1056: "e\x{301}e\x{301}e\x{301}e\x{301}e\x{301}e\x{301}e\x{301}e\x{301}e\x{301}e\x{301}e\x{301}e\x{301}e\x{301}e\x{301}e\x{301}e\x{301}e\x{301}e\x{301}e\x{301}e\x{301}e\x{301}e\x{301}e\x{301}e\x{301}e\x{301}e\x{301}e\x{301}e\x{301}e\x{301}e\x{301}e\x{301}e\x{301} e\x{301} e\x{301}e\x{301}e\x{301}e\x{301}e\x{301}e\x{301}e\x{301}e\x{301}e\x{301}e\x{301}e\x{301}e\x{301}e\x{301}e\x{301}e\x{301}e\x{301}e\x{301}e\x{301}e\x{301}e\x{301}e\x{301}e\x{301}e\x{301}e\x{301}e\x{301}e\x{301}e\x{301}e\x{301}e\x{301}e\x{301}e\x{301}e\x{301}e\x{301}e\x{301}e\x{301}e\x{301}e\x{301}e\x{301}e\x{301}e\x{301}e\x{301}e\x{301}e\x{301} e\x{301}e\x{301}e\x{301}e\x{301}e\x{301}e\x{301}e\x{301}e\x{301}e\x{301}e\x{301}e\x{301}e\x{301}e\x{301}e\x{301}e\x{301}e\x{301}e\x{301}e\x{301}e\x{301}e\x{301}e\x{301}e\x{301}e\x{301}e\x{301}e\x{301}e\x{301}e\x{301}e\x{301}e\x{301}e\x{301} e\x{301}e\x{301}e\x{301}e\x{301}e\x{301}e\x{301}e\x{301}e\x{301}e\x{301}e\x{301}e\x{301}e\x{301}e\x{301}e\x{301}e\x{301}e\x{301}e\x{301}e\x{301}e\x{301}e\x{301}e\x{301}e\x{301}"
          text run at (1056,4350) width 0: " "
          text run at (0,4365) width 1056: "e\x{301}e\x{301}e\x{301}e\x{301}e\x{301}e\x{301}e\x{301}e\x{301}e\x{301}e\x{301}e\x{301}e\x{301}e\x{301}e\x{301}e\x{301}e\x{301}e\x{301}e\x{301}e\x{301}e\x{301}e\x{301}e\x{301}e\x{301}e\x{301}e\x{301}e\x{301}e\x{301}e\x{301}e\x{301}e\x{301}e\x{301}e\x{301} e\x{301} e\x{301}e\x{301}e\x{301}e\x{301}e\x{301}e\x{301}e\x{301}e\x{301}e\x{301}e\x{301}e\x{301}e\x{301}e\x{301}e\x{301}e\x{301}e\x{301}e\x{301}e\x{301}e\x{301}e\x{301}e\x{301}e\x{301}e\x{301}e\x{301}e\x{301}e\x{301}e\x{301}e\x{301}e\x{301}e\x{301}e\x{301}e\x{301}e\x{301}e\x{301}e\x{301}e\x{301}e\x{301}e\x{301}e\x{301}e\x{301}e\x{301}e\x{301}e\x{301} e\x{301}e\x{301}e\x{301}e\x{301}e\x{301}e\x{301}e\x{301}e\x{301}e\x{301}e\x{301}e\x{301}e\x{301}e\x{301}e\x{301}e\x{301}e\x{301}e\x{301}e\x{301}e\x{301}e\x{301}e\x{301}e\x{301}e\x{301}e\x{301}e\x{301}e\x{301}e\x{301}e\x{301}e\x{301}e\x{301} e\x{301}e\x{301}e\x{301}e\x{301}e\x{301}e\x{301}e\x{301}e\x{301}e\x{301}e\x{301}e\x{301}e\x{301}e\x{301}e\x{301}e\x{301}e\x{301}e\x{301}e\x{301}e\x{301}e\x{301}e\x{301}e\x{301}"
          text run at (1056,4365) width 0: " "
          text run at (0,4380) width 1056: "e\x{301}e\x{301}e\x{301}e\x{301}e\x{301}e\x{301}e\x{301}e\x{301}e\x{301}e\x{301}e\x{301}e\x{301}e\x{301}e\x{301}e\x{301}e\x{301}e\x{301}e\x{301}e\x{301}e\x{301}e\x{301}e\x{301}e\x{301}e\x{301}e\x{301}e\x{301}e\x{301}e\x{301}e\x{301}e\x{301}e\x{301}e\x{301} e\x{301} e\x{301}e\x{301}e\x{301}e\x{301}e\x{301}e\x{301}e\x{301}e\x{301}e\x{301}e\x{301}e\x{301}e\x{301}e\x{301}e\x{301}e\x{301}e\x{301}e\x{301}e\x{301}e\x{301}e\x{301}e\x{301}e\x{301}e\x{301}e\x{301}e\x{301}e\x{301}e\x{301}e\x{301}e\x{301}e\x{301}e\x{301}e\x{301}e\x{301}e\x{301}e\x{301}e\x{301}e\x{301}e\x{301}e\x{301}e\x{301}e\x{301}e\x{301}e\x{301} e\x{301}e\x{301}e\x{301}e\x{301}e\x{301}e\x{301}e\x{301}e\x{301}e\x{301}e\x{301}e\x{301}e\x{301}e\x{301}e\x{301}e\x{301}e\x{301}e\x{301}e\x{301}e\x{301}e\x{301}e\x{301}e\x{301}e\x{301}e\x{301}e\x{301}e\x{301}e\x{301}e\x{301}e\x{301}e\x{301} e\x{301}e\x{301}e\x{301}e\x{301}e\x{301}e\x{301}e\x{301}e\x{301}e\x{301}e\x{301}e\x{301}e\x{301}e\x{301}e\x{301}e\x{301}e\x{301}e\x{301}e\x{301}e\x{301}e\x{301}e\x{301}e\x{301}"
          text run at (1056,4380) width 0: " "
          text run at (0,4395) width 1056: "e\x{301}e\x{301}e\x{301}e\x{301}e\x{301}e\x{301}e\x{301}e\x{301}e\x{301}e\x{301}e\x{301}e\x{301}e\x{301}e\x{301}e\x{301}e\x{301}e\x{301}e\x{301}e\x{301}e\x{301}e\x{301}e\x{301}e\x{301}e\x{301}e\x{301}e\x{301}e\x{301}e\x{301}e\x{301}e\x{301}e\x{301}e\x{301} e\x{301} e\x{301}e\x{301}e\x{301}e\x{301}e\x{301}e\x{301}e\x{301}e\x{301}e\x{301}e\x{301}e\x{301}e\x{301}e\x{301}e\x{301}e\x{301}e\x{301}e\x{301}e\x{301}e\x{301}e\x{301}e\x{301}e\x{301}e\x{301}e\x{301}e\x{301}e\x{301}e\x{301}e\x{301}e\x{301}e\x{301}e\x{301}e\x{301}e\x{301}e\x{301}e\x{301}e\x{301}e\x{301}e\x{301}e\x{301}e\x{301}e\x{301}e\x{301}e\x{301} e\x{301}e\x{301}e\x{301}e\x{301}e\x{301}e\x{301}e\x{301}e\x{301}e\x{301}e\x{301}e\x{301}e\x{301}e\x{301}e\x{301}e\x{301}e\x{301}e\x{301}e\x{301}e\x{301}e\x{301}e\x{301}e\x{301}e\x{301}e\x{301}e\x{301}e\x{301}e\x{301}e\x{301}e\x{301}e\x{301} e\x{301}e\x{301}e\x{301}e\x{301}e\x{301}e\x{301}e\x{301}e\x{301}e\x{301}e\x{301}e\x{301}e\x{301}e\x{301}e\x{301}e\x{301}e\x{301}e\x{301}e\x{301}e\x{301}e\x{301}e\x{301}e\x{301}"
          text run at (1056,4395) width 0: " "
          text run at (0,4410) width 1056: "e\x{301}e\x{301}e\x{301}e\x{301}e\x{301}e\x{301}e\x{301}e\x{301}e\x{301}e\x{301}e\x{301}e\x{301}e\x{301}e\x{301}e\x{301}e\x{301}e\x{301}e\x{301}e\x{301}e\x{301}e\x{301}e\x{301}e\x{301}e\x{301}e\x{301}e\x{301}e\x{301}e\x{301}e\x{301}e\x{301}e\x{301}e\x{301} e\x{301} e\x{301}e\x{301}e\x{301}e\x{301}e\x{301}e\x{301}e\x{301}e\x{301}e\x{301}e\x{301}e\x{301}e\x{301}e\x{301}e\x{301}e\x{301}e\x{301}e\x{301}e\x{301}e\x{301}e\x{301}e\x{301}e\x{301}e\x{301}e\x{301}e\x{301}e\x{301}e\x{301}e\x{301}e\x{301}e\x{301}e\x{301}e\x{301}e\x{301}e\x{301}e\x{301}e\x{301}e\x{301}e\x{301}e\x{301}e\x{301}e\x{301}e\x{301}e\x{301} e\x{301}e\x{301}e\x{301}e\x{301}e\x{301}e\x{301}e\x{301}e\x{301}e\x{301}e\x{301}e\x{301}e\x{301}e\x{301}e\x{301}e\x{301}e\x{301}e\x{301}e\x{301}e\x{301}e\x{301}e\x{301}e\x{301}e\x{301}e\x{301}e\x{301}e\x{301}e\x{301}e\x{301}e\x{301}e\x{301} e\x{301}e\x{301}e\x{301}e\x{301}e\x{301}e\x{301}e\x{301}e\x{301}e\x{301}e\x{301}e\x{301}e\x{301}e\x{301}e\x{301}e\x{301}e\x{301}e\x{301}e\x{301}e\x{301}e\x{301}e\x{301}e\x{301}"
          text run at (1056,4410) width 0: " "
          text run at (0,4425) width 1056: "e\x{301}e\x{301}e\x{301}e\x{301}e\x{301}e\x{301}e\x{301}e\x{301}e\x{301}e\x{301}e\x{301}e\x{301}e\x{301}e\x{301}e\x{301}e\x{301}e\x{301}e\x{301}e\x{301}e\x{301}e\x{301}e\x{301}e\x{301}e\x{301}e\x{301}e\x{301}e\x{301}e\x{301}e\x{301}e\x{301}e\x{301}e\x{301} e\x{301} e\x{301}e\x{301}e\x{301}e\x{301}e\x{301}e\x{301}e\x{301}e\x{301}e\x{301}e\x{301}e\x{301}e\x{301}e\x{301}e\x{301}e\x{301}e\x{301}e\x{301}e\x{301}e\x{301}e\x{301}e\x{301}e\x{301}e\x{301}e\x{301}e\x{301}e\x{301}e\x{301}e\x{301}e\x{301}e\x{301}e\x{301}e\x{301}e\x{301}e\x{301}e\x{301}e\x{301}e\x{301}e\x{301}e\x{301}e\x{301}e\x{301}e\x{301}e\x{301} e\x{301}e\x{301}e\x{301}e\x{301}e\x{301}e\x{301}e\x{301}e\x{301}e\x{301}e\x{301}e\x{301}e\x{301}e\x{301}e\x{301}e\x{301}e\x{301}e\x{301}e\x{301}e\x{301}e\x{301}e\x{301}e\x{301}e\x{301}e\x{301}e\x{301}e\x{301}e\x{301}e\x{301}e\x{301}e\x{301} e\x{301}e\x{301}e\x{301}e\x{301}e\x{301}e\x{301}e\x{301}e\x{301}e\x{301}e\x{301}e\x{301}e\x{301}e\x{301}e\x{301}e\x{301}e\x{301}e\x{301}e\x{301}e\x{301}e\x{301}e\x{301}e\x{301}"
          text run at (1056,4425) width 0: " "
          text run at (0,4440) width 1056: "e\x{301}e\x{301}e\x{301}e\x{301}e\x{301}e\x{301}e\x{301}e\x{301}e\x{301}e\x{301}e\x{301}e\x{301}e\x{301}e\x{301}e\x{301}e\x{301}e\x{301}e\x{301}e\x{301}e\x{301}e\x{301}e\x{301}e\x{301}e\x{301}e\x{301}e\x{301}e\x{301}e\x{301}e\x{301}e\x{301}e\x{301}e\x{301} e\x{301} e\x{301}e\x{301}e\x{301}e\x{301}e\x{301}e\x{301}e\x{301}e\x{301}e\x{301}e\x{301}e\x{301}e\x{301}e\x{301}e\x{301}e\x{301}e\x{301}e\x{301}e\x{301}e\x{301}e\x{301}e\x{301}e\x{301}e\x{301}e\x{301}e\x{301}e\x{301}e\x{301}e\x{301}e\x{301}e\x{301}e\x{301}e\x{301}e\x{301}e\x{301}e\x{301}e\x{301}e\x{301}e\x{301}e\x{301}e\x{301}e\x{301}e\x{301}e\x{301} e\x{301}e\x{301}e\x{301}e\x{301}e\x{301}e\x{301}e\x{301}e\x{301}e\x{301}e\x{301}e\x{301}e\x{301}e\x{301}e\x{301}e\x{301}e\x{301}e\x{301}e\x{301}e\x{301}e\x{301}e\x{301}e\x{301}e\x{301}e\x{301}e\x{301}e\x{301}e\x{301}e\x{301}e\x{301}e\x{301} e\x{301}e\x{301}e\x{301}e\x{301}e\x{301}e\x{301}e\x{301}e\x{301}e\x{301}e\x{301}e\x{301}e\x{301}e\x{301}e\x{301}e\x{301}e\x{301}e\x{301}e\x{301}e\x{301}e\x{301}e\x{301}e\x{301}"
          text run at (1056,4440) width 0: " "
          text run at (0,4455) width 1056: "e\x{301}e\x{301}e\x{301}e\x{301}e\x{301}e\x{301}e\x{301}e\x{301}e\x{301}e\x{301}e\x{301}e\x{301}e\x{301}e\x{301}e\x{301}e\x{301}e\x{301}e\x{301}e\x{301}e\x{301}e\x{301}e\x{301}e\x{301}e\x{301}e\x{301}e\x{301}e\x{301}e\x{301}e\x{301}e\x{301}e\x{301}e\x{301} e\x{301} e\x{301}e\x{301}e\x{301}e\x{301}e\x{301}e\x{301}e\x{301}e\x{301}e\x{301}e\x{301}e\x{301}e\x{301}e\x{301}e\x{301}e\x{301}e\x{301}e\x{301}e\x{301}e\x{301}e\x{301}e\x{301}e\x{301}e\x{301}e\x{301}e\x{301}e\x{301}e\x{301}e\x{301}e\x{301}e\x{301}e\x{301}e\x{301}e\x{301}e\x{301}e\x{301}e\x{301}e\x{301}e\x{301}e\x{301}e\x{301}e\x{301}e\x{301}e\x{301} e\x{301}e\x{301}e\x{301}e\x{301}e\x{301}e\x{301}e\x{301}e\x{301}e\x{301}e\x{301}e\x{301}e\x{301}e\x{301}e\x{301}e\x{301}e\x{301}e\x{301}e\x{301}e\x{301}e\x{301}e\x{301}e\x{301}e\x{301}e\x{301}e\x{301}e\x{301}e\x{301}e\x{301}e\x{301}e\x{301} e\x{301}e\x{301}e\x{301}e\x{301}e\x{301}e\x{301}e\x{301}e\x{301}e\x{301}e\x{301}e\x{301}e\x{301}e\x{301}e\x{301}e\x{301}e\x{301}e\x{301}e\x{301}e\x{301}e\x{301}e\x{301}e\x{301}"
          text run at (1056,4455) width 0: " "
          text run at (0,4470) width 1056: "e\x{301}e\x{301}e\x{301}e\x{301}e\x{301}e\x{301}e\x{301}e\x{301}e\x{301}e\x{301}e\x{301}e\x{301}e\x{301}e\x{301}e\x{301}e\x{301}e\x{301}e\x{301}e\x{301}e\x{301}e\x{301}e\x{301}e\x{301}e\x{301}e\x{301}e\x{301}e\x{301}e\x{301}e\x{301}e\x{301}e\x{301}e\x{301} e\x{301} e\x{301}e\x{301}e\x{301}e\x{301}e\x{301}e\x{301}e\x{301}e\x{301}e\x{301}e\x{301}e\x{301}e\x{301}e\x{301}e\x{301}e\x{301}e\x{301}e\x{301}e\x{301}e\x{301}e\x{301}e\x{301}e\x{301}e\x{301}e\x{301}e\x{301}e\x{301}e\x{301}e\x{301}e\x{301}e\x{301}e\x{301}e\x{301}e\x{301}e\x{301}e\x{301}e\x{301}e\x{301}e\x{301}e\x{301}e\x{301}e\x{301}e\x{301}e\x{301} e\x{301}e\x{301}e\x{301}e\x{301}e\x{301}e\x{301}e\x{301}e\x{301}e\x{301}e\x{301}e\x{301}e\x{301}e\x{301}e\x{301}e\x{301}e\x{301}e\x{301}e\x{301}e\x{301}e\x{301}e\x{301}e\x{301}e\x{301}e\x{301}e\x{301}e\x{301}e\x{301}e\x{301}e\x{301}e\x{301} e\x{301}e\x{301}e\x{301}e\x{301}e\x{301}e\x{301}e\x{301}e\x{301}e\x{301}e\x{301}e\x{301}e\x{301}e\x{301}e\x{301}e\x{301}e\x{301}e\x{301}e\x{301}e\x{301}e\x{301}e\x{301}e\x{301}"
          text run at (1056,4470) width 0: " "
          text run at (0,4485) width 1056: "e\x{301}e\x{301}e\x{301}e\x{301}e\x{301}e\x{301}e\x{301}e\x{301}e\x{301}e\x{301}e\x{301}e\x{301}e\x{301}e\x{301}e\x{301}e\x{301}e\x{301}e\x{301}e\x{301}e\x{301}e\x{301}e\x{301}e\x{301}e\x{301}e\x{301}e\x{301}e\x{301}e\x{301}e\x{301}e\x{301}e\x{301}e\x{301} e\x{301} e\x{301}e\x{301}e\x{301}e\x{301}e\x{301}e\x{301}e\x{301}e\x{301}e\x{301}e\x{301}e\x{301}e\x{301}e\x{301}e\x{301}e\x{301}e\x{301}e\x{301}e\x{301}e\x{301}e\x{301}e\x{301}e\x{301}e\x{301}e\x{301}e\x{301}e\x{301}e\x{301}e\x{301}e\x{301}e\x{301}e\x{301}e\x{301}e\x{301}e\x{301}e\x{301}e\x{301}e\x{301}e\x{301}e\x{301}e\x{301}e\x{301}e\x{301}e\x{301} e\x{301}e\x{301}e\x{301}e\x{301}e\x{301}e\x{301}e\x{301}e\x{301}e\x{301}e\x{301}e\x{301}e\x{301}e\x{301}e\x{301}e\x{301}e\x{301}e\x{301}e\x{301}e\x{301}e\x{301}e\x{301}e\x{301}e\x{301}e\x{301}e\x{301}e\x{301}e\x{301}e\x{301}e\x{301}e\x{301} e\x{301}e\x{301}e\x{301}e\x{301}e\x{301}e\x{301}e\x{301}e\x{301}e\x{301}e\x{301}e\x{301}e\x{301}e\x{301}e\x{301}e\x{301}e\x{301}e\x{301}e\x{301}e\x{301}e\x{301}e\x{301}e\x{301}"
          text run at (1056,4485) width 0: " "
          text run at (0,4500) width 1056: "e\x{301}e\x{301}e\x{301}e\x{301}e\x{301}e\x{301}e\x{301}e\x{301}e\x{301}e\x{301}e\x{301}e\x{301}e\x{301}e\x{301}e\x{301}e\x{301}e\x{301}e\x{301}e\x{301}e\x{301}e\x{301}e\x{301}e\x{301}e\x{301}e\x{301}e\x{301}e\x{301}e\x{301}e\x{301}e\x{301}e\x{301}e\x{301} e\x{301} e\x{301}e\x{301}e\x{301}e\x{301}e\x{301}e\x{301}e\x{301}e\x{301}e\x{301}e\x{301}e\x{301}e\x{301}e\x{301}e\x{301}e\x{301}e\x{301}e\x{301}e\x{301}e\x{301}e\x{301}e\x{301}e\x{301}e\x{301}e\x{301}e\x{301}e\x{301}e\x{301}e\x{301}e\x{301}e\x{301}e\x{301}e\x{301}e\x{301}e\x{301}e\x{301}e\x{301}e\x{301}e\x{301}e\x{301}e\x{301}e\x{301}e\x{301}e\x{301} e\x{301}e\x{301}e\x{301}e\x{301}e\x{301}e\x{301}e\x{301}e\x{301}e\x{301}e\x{301}e\x{301}e\x{301}e\x{301}e\x{301}e\x{301}e\x{301}e\x{301}e\x{301}e\x{301}e\x{301}e\x{301}e\x{301}e\x{301}e\x{301}e\x{301}e\x{301}e\x{301}e\x{301}e\x{301}e\x{301} e\x{301}e\x{301}e\x{301}e\x{301}e\x{301}e\x{301}e\x{301}e\x{301}e\x{301}e\x{301}e\x{301}e\x{301}e\x{301}e\x{301}e\x{301}e\x{301}e\x{301}e\x{301}e\x{301}e\x{301}e\x{301}e\x{301}"
          text run at (1056,4500) width 0: " "
          text run at (0,4515) width 1056: "e\x{301}e\x{301}e\x{301}e\x{301}e\x{301}e\x{301}e\x{301}e\x{301}e\x{301}e\x{301}e\x{301}e\x{301}e\x{301}e\x{301}e\x{301}e\x{301}e\x{301}e\x{301}e\x{301}e\x{301}e\x{301}e\x{301}e\x{301}e\x{301}e\x{301}e\x{301}e\x{301}e\x{301}e\x{301}e\x{301}e\x{301}e\x{301} e\x{301} e\x{301}e\x{301}e\x{301}e\x{301}e\x{301}e\x{301}e\x{301}e\x{301}e\x{301}e\x{301}e\x{301}e\x{301}e\x{301}e\x{301}e\x{301}e\x{301}e\x{301}e\x{301}e\x{301}e\x{301}e\x{301}e\x{301}e\x{301}e\x{301}e\x{301}e\x{301}e\x{301}e\x{301}e\x{301}e\x{301}e\x{301}e\x{301}e\x{301}e\x{301}e\x{301}e\x{301}e\x{301}e\x{301}e\x{301}e\x{301}e\x{301}e\x{301}e\x{301} e\x{301}e\x{301}e\x{301}e\x{301}e\x{301}e\x{301}e\x{301}e\x{301}e\x{301}e\x{301}e\x{301}e\x{301}e\x{301}e\x{301}e\x{301}e\x{301}e\x{301}e\x{301}e\x{301}e\x{301}e\x{301}e\x{301}e\x{301}e\x{301}e\x{301}e\x{301}e\x{301}e\x{301}e\x{301}e\x{301} e\x{301}e\x{301}e\x{301}e\x{301}e\x{301}e\x{301}e\x{301}e\x{301}e\x{301}e\x{301}e\x{301}e\x{301}e\x{301}e\x{301}e\x{301}e\x{301}e\x{301}e\x{301}e\x{301}e\x{301}e\x{301}e\x{301}"
          text run at (1056,4515) width 0: " "
          text run at (0,4530) width 1056: "e\x{301}e\x{301}e\x{301}e\x{301}e\x{301}e\x{301}e\x{301}e\x{301}e\x{301}e\x{301}e\x{301}e\x{301}e\x{301}e\x{301}e\x{301}e\x{301}e\x{301}e\x{301}e\x{301}e\x{301}e\x{301}e\x{301}e\x{301}e\x{301}e\x{301}e\x{301}e\x{301}e\x{301}e\x{301}e\x{301}e\x{301}e\x{301} e\x{301} e\x{301}e\x{301}e\x{301}e\x{301}e\x{301}e\x{301}e\x{301}e\x{301}e\x{301}e\x{301}e\x{301}e\x{301}e\x{301}e\x{301}e\x{301}e\x{301}e\x{301}e\x{301}e\x{301}e\x{301}e\x{301}e\x{301}e\x{301}e\x{301}e\x{301}e\x{301}e\x{301}e\x{301}e\x{301}e\x{301}e\x{301}e\x{301}e\x{301}e\x{301}e\x{301}e\x{301}e\x{301}e\x{301}e\x{301}e\x{301}e\x{301}e\x{301}e\x{301} e\x{301}e\x{301}e\x{301}e\x{301}e\x{301}e\x{301}e\x{301}e\x{301}e\x{301}e\x{301}e\x{301}e\x{301}e\x{301}e\x{301}e\x{301}e\x{301}e\x{301}e\x{301}e\x{301}e\x{301}e\x{301}e\x{301}e\x{301}e\x{301}e\x{301}e\x{301}e\x{301}e\x{301}e\x{301}e\x{301} e\x{301}e\x{301}e\x{301}e\x{301}e\x{301}e\x{301}e\x{301}e\x{301}e\x{301}e\x{301}e\x{301}e\x{301}e\x{301}e\x{301}e\x{301}e\x{301}e\x{301}e\x{301}e\x{301}e\x{301}e\x{301}e\x{301}"
          text run at (1056,4530) width 0: " "
          text run at (0,4545) width 1056: "e\x{301}e\x{301}e\x{301}e\x{301}e\x{301}e\x{301}e\x{301}e\x{301}e\x{301}e\x{301}e\x{301}e\x{301}e\x{301}e\x{301}e\x{301}e\x{301}e\x{301}e\x{301}e\x{301}e\x{301}e\x{301}e\x{301}e\x{301}e\x{301}e\x{301}e\x{301}e\x{301}e\x{301}e\x{301}e\x{301}e\x{301}e\x{301} e\x{301} e\x{301}e\x{301}e\x{301}e\x{301}e\x{301}e\x{301}e\x{301}e\x{301}e\x{301}e\x{301}e\x{301}e\x{301}e\x{301}e\x{301}e\x{301}e\x{301}e\x{301}e\x{301}e\x{301}e\x{301}e\x{301}e\x{301}e\x{301}e\x{301}e\x{301}e\x{301}e\x{301}e\x{301}e\x{301}e\x{301}e\x{301}e\x{301}e\x{301}e\x{301}e\x{301}e\x{301}e\x{301}e\x{301}e\x{301}e\x{301}e\x{301}e\x{301}e\x{301} e\x{301}e\x{301}e\x{301}e\x{301}e\x{301}e\x{301}e\x{301}e\x{301}e\x{301}e\x{301}e\x{301}e\x{301}e\x{301}e\x{301}e\x{301}e\x{301}e\x{301}e\x{301}e\x{301}e\x{301}e\x{301}e\x{301}e\x{301}e\x{301}e\x{301}e\x{301}e\x{301}e\x{301}e\x{301}e\x{301} e\x{301}e\x{301}e\x{301}e\x{301}e\x{301}e\x{301}e\x{301}e\x{301}e\x{301}e\x{301}e\x{301}e\x{301}e\x{301}e\x{301}e\x{301}e\x{301}e\x{301}e\x{301}e\x{301}e\x{301}e\x{301}e\x{301}"
          text run at (1056,4545) width 0: " "
          text run at (0,4560) width 1056: "e\x{301}e\x{301}e\x{301}e\x{301}e\x{301}e\x{301}e\x{301}e\x{301}e\x{301}e\x{301}e\x{301}e\x{301}e\x{301}e\x{301}e\x{301}e\x{301}e\x{301}e\x{301}e\x{301}e\x{301}e\x{301}e\x{301}e\x{301}e\x{301}e\x{301}e\x{301}e\x{301}e\x{301}e\x{301}e\x{301}e\x{301}e\x{301} e\x{301} e\x{301}e\x{301}e\x{301}e\x{301}e\x{301}e\x{301}e\x{301}e\x{301}e\x{301}e\x{301}e\x{301}e\x{301}e\x{301}e\x{301}e\x{301}e\x{301}e\x{301}e\x{301}e\x{301}e\x{301}e\x{301}e\x{301}e\x{301}e\x{301}e\x{301}e\x{301}e\x{301}e\x{301}e\x{301}e\x{301}e\x{301}e\x{301}e\x{301}e\x{301}e\x{301}e\x{301}e\x{301}e\x{301}e\x{301}e\x{301}e\x{301}e\x{301}e\x{301} e\x{301}e\x{301}e\x{301}e\x{301}e\x{301}e\x{301}e\x{301}e\x{301}e\x{301}e\x{301}e\x{301}e\x{301}e\x{301}e\x{301}e\x{301}e\x{301}e\x{301}e\x{301}e\x{301}e\x{301}e\x{301}e\x{301}e\x{301}e\x{301}e\x{301}e\x{301}e\x{301}e\x{301}e\x{301}e\x{301} e\x{301}e\x{301}e\x{301}e\x{301}e\x{301}e\x{301}e\x{301}e\x{301}e\x{301}e\x{301}e\x{301}e\x{301}e\x{301}e\x{301}e\x{301}e\x{301}e\x{301}e\x{301}e\x{301}e\x{301}e\x{301}e\x{301}"
          text run at (1056,4560) width 0: " "
          text run at (0,4575) width 1056: "e\x{301}e\x{301}e\x{301}e\x{301}e\x{301}e\x{301}e\x{301}e\x{301}e\x{301}e\x{301}e\x{301}e\x{301}e\x{301}e\x{301}e\x{301}e\x{301}e\x{301}e\x{301}e\x{301}e\x{301}e\x{301}e\x{301}e\x{301}e\x{301}e\x{301}e\x{301}e\x{301}e\x{301}e\x{301}e\x{301}e\x{301}e\x{301} e\x{301} e\x{301}e\x{301}e\x{301}e\x{301}e\x{301}e\x{301}e\x{301}e\x{301}e\x{301}e\x{301}e\x{301}e\x{301}e\x{301}e\x{301}e\x{301}e\x{301}e\x{301}e\x{301}e\x{301}e\x{301}e\x{301}e\x{301}e\x{301}e\x{301}e\x{301}e\x{301}e\x{301}e\x{301}e\x{301}e\x{301}e\x{301}e\x{301}e\x{301}e\x{301}e\x{301}e\x{301}e\x{301}e\x{301}e\x{301}e\x{301}e\x{301}e\x{301}e\x{301} e\x{301}e\x{301}e\x{301}e\x{301}e\x{301}e\x{301}e\x{301}e\x{301}e\x{301}e\x{301}e\x{301}e\x{301}e\x{301}e\x{301}e\x{301}e\x{301}e\x{301}e\x{301}e\x{301}e\x{301}e\x{301}e\x{301}e\x{301}e\x{301}e\x{301}e\x{301}e\x{301}e\x{301}e\x{301}e\x{301} e\x{301}e\x{301}e\x{301}e\x{301}e\x{301}e\x{301}e\x{301}e\x{301}e\x{301}e\x{301}e\x{301}e\x{301}e\x{301}e\x{301}e\x{301}e\x{301}e\x{301}e\x{301}e\x{301}e\x{301}e\x{301}e\x{301}"
          text run at (1056,4575) width 0: " "
          text run at (0,4590) width 1056: "e\x{301}e\x{301}e\x{301}e\x{301}e\x{301}e\x{301}e\x{301}e\x{301}e\x{301}e\x{301}e\x{301}e\x{301}e\x{301}e\x{301}e\x{301}e\x{301}e\x{301}e\x{301}e\x{301}e\x{301}e\x{301}e\x{301}e\x{301}e\x{301}e\x{301}e\x{301}e\x{301}e\x{301}e\x{301}e\x{301}e\x{301}e\x{301} e\x{301} e\x{301}e\x{301}e\x{301}e\x{301}e\x{301}e\x{301}e\x{301}e\x{301}e\x{301}e\x{301}e\x{301}e\x{301}e\x{301}e\x{301}e\x{301}e\x{301}e\x{301}e\x{301}e\x{301}e\x{301}e\x{301}e\x{301}e\x{301}e\x{301}e\x{301}e\x{301}e\x{301}e\x{301}e\x{301}e\x{301}e\x{301}e\x{301}e\x{301}e\x{301}e\x{301}e\x{301}e\x{301}e\x{301}e\x{301}e\x{301}e\x{301}e\x{301}e\x{301} e\x{301}e\x{301}e\x{301}e\x{301}e\x{301}e\x{301}e\x{301}e\x{301}e\x{301}e\x{301}e\x{301}e\x{301}e\x{301}e\x{301}e\x{301}e\x{301}e\x{301}e\x{301}e\x{301}e\x{301}e\x{301}e\x{301}e\x{301}e\x{301}e\x{301}e\x{301}e\x{301}e\x{301}e\x{301}e\x{301} e\x{301}e\x{301}e\x{301}e\x{301}e\x{301}e\x{301}e\x{301}e\x{301}e\x{301}e\x{301}e\x{301}e\x{301}e\x{301}e\x{301}e\x{301}e\x{301}e\x{301}e\x{301}e\x{301}e\x{301}e\x{301}e\x{301}"
          text run at (1056,4590) width 0: " "
          text run at (0,4605) width 1056: "e\x{301}e\x{301}e\x{301}e\x{301}e\x{301}e\x{301}e\x{301}e\x{301}e\x{301}e\x{301}e\x{301}e\x{301}e\x{301}e\x{301}e\x{301}e\x{301}e\x{301}e\x{301}e\x{301}e\x{301}e\x{301}e\x{301}e\x{301}e\x{301}e\x{301}e\x{301}e\x{301}e\x{301}e\x{301}e\x{301}e\x{301}e\x{301} e\x{301} e\x{301}e\x{301}e\x{301}e\x{301}e\x{301}e\x{301}e\x{301}e\x{301}e\x{301}e\x{301}e\x{301}e\x{301}e\x{301}e\x{301}e\x{301}e\x{301}e\x{301}e\x{301}e\x{301}e\x{301}e\x{301}e\x{301}e\x{301}e\x{301}e\x{301}e\x{301}e\x{301}e\x{301}e\x{301}e\x{301}e\x{301}e\x{301}e\x{301}e\x{301}e\x{301}e\x{301}e\x{301}e\x{301}e\x{301}e\x{301}e\x{301}e\x{301}e\x{301} e\x{301}e\x{301}e\x{301}e\x{301}e\x{301}e\x{301}e\x{301}e\x{301}e\x{301}e\x{301}e\x{301}e\x{301}e\x{301}e\x{301}e\x{301}e\x{301}e\x{301}e\x{301}e\x{301}e\x{301}e\x{301}e\x{301}e\x{301}e\x{301}e\x{301}e\x{301}e\x{301}e\x{301}e\x{301}e\x{301} e\x{301}e\x{301}e\x{301}e\x{301}e\x{301}e\x{301}e\x{301}e\x{301}e\x{301}e\x{301}e\x{301}e\x{301}e\x{301}e\x{301}e\x{301}e\x{301}e\x{301}e\x{301}e\x{301}e\x{301}e\x{301}e\x{301}"
          text run at (1056,4605) width 0: " "
          text run at (0,4620) width 1056: "e\x{301}e\x{301}e\x{301}e\x{301}e\x{301}e\x{301}e\x{301}e\x{301}e\x{301}e\x{301}e\x{301}e\x{301}e\x{301}e\x{301}e\x{301}e\x{301}e\x{301}e\x{301}e\x{301}e\x{301}e\x{301}e\x{301}e\x{301}e\x{301}e\x{301}e\x{301}e\x{301}e\x{301}e\x{301}e\x{301}e\x{301}e\x{301} e\x{301} e\x{301}e\x{301}e\x{301}e\x{301}e\x{301}e\x{301}e\x{301}e\x{301}e\x{301}e\x{301}e\x{301}e\x{301}e\x{301}e\x{301}e\x{301}e\x{301}e\x{301}e\x{301}e\x{301}e\x{301}e\x{301}e\x{301}e\x{301}e\x{301}e\x{301}e\x{301}e\x{301}e\x{301}e\x{301}e\x{301}e\x{301}e\x{301}e\x{301}e\x{301}e\x{301}e\x{301}e\x{301}e\x{301}e\x{301}e\x{301}e\x{301}e\x{301}e\x{301} e\x{301}e\x{301}e\x{301}e\x{301}e\x{301}e\x{301}e\x{301}e\x{301}e\x{301}e\x{301}e\x{301}e\x{301}e\x{301}e\x{301}e\x{301}e\x{301}e\x{301}e\x{301}e\x{301}e\x{301}e\x{301}e\x{301}e\x{301}e\x{301}e\x{301}e\x{301}e\x{301}e\x{301}e\x{301}e\x{301} e\x{301}e\x{301}e\x{301}e\x{301}e\x{301}e\x{301}e\x{301}e\x{301}e\x{301}e\x{301}e\x{301}e\x{301}e\x{301}e\x{301}e\x{301}e\x{301}e\x{301}e\x{301}e\x{301}e\x{301}e\x{301}e\x{301}"
          text run at (1056,4620) width 0: " "
          text run at (0,4635) width 1056: "e\x{301}e\x{301}e\x{301}e\x{301}e\x{301}e\x{301}e\x{301}e\x{301}e\x{301}e\x{301}e\x{301}e\x{301}e\x{301}e\x{301}e\x{301}e\x{301}e\x{301}e\x{301}e\x{301}e\x{301}e\x{301}e\x{301}e\x{301}e\x{301}e\x{301}e\x{301}e\x{301}e\x{301}e\x{301}e\x{301}e\x{301}e\x{301} e\x{301} e\x{301}e\x{301}e\x{301}e\x{301}e\x{301}e\x{301}e\x{301}e\x{301}e\x{301}e\x{301}e\x{301}e\x{301}e\x{301}e\x{301}e\x{301}e\x{301}e\x{301}e\x{301}e\x{301}e\x{301}e\x{301}e\x{301}e\x{301}e\x{301}e\x{301}e\x{301}e\x{301}e\x{301}e\x{301}e\x{301}e\x{301}e\x{301}e\x{301}e\x{301}e\x{301}e\x{301}e\x{301}e\x{301}e\x{301}e\x{301}e\x{301}e\x{301}e\x{301} e\x{301}e\x{301}e\x{301}e\x{301}e\x{301}e\x{301}e\x{301}e\x{301}e\x{301}e\x{301}e\x{301}e\x{301}e\x{301}e\x{301}e\x{301}e\x{301}e\x{301}e\x{301}e\x{301}e\x{301}e\x{301}e\x{301}e\x{301}e\x{301}e\x{301}e\x{301}e\x{301}e\x{301}e\x{301}e\x{301} e\x{301}e\x{301}e\x{301}e\x{301}e\x{301}e\x{301}e\x{301}e\x{301}e\x{301}e\x{301}e\x{301}e\x{301}e\x{301}e\x{301}e\x{301}e\x{301}e\x{301}e\x{301}e\x{301}e\x{301}e\x{301}e\x{301}"
          text run at (1056,4635) width 0: " "
          text run at (0,4650) width 1056: "e\x{301}e\x{301}e\x{301}e\x{301}e\x{301}e\x{301}e\x{301}e\x{301}e\x{301}e\x{301}e\x{301}e\x{301}e\x{301}e\x{301}e\x{301}e\x{301}e\x{301}e\x{301}e\x{301}e\x{301}e\x{301}e\x{301}e\x{301}e\x{301}e\x{301}e\x{301}e\x{301}e\x{301}e\x{301}e\x{301}e\x{301}e\x{301} e\x{301} e\x{301}e\x{301}e\x{301}e\x{301}e\x{301}e\x{301}e\x{301}e\x{301}e\x{301}e\x{301}e\x{301}e\x{301}e\x{301}e\x{301}e\x{301}e\x{301}e\x{301}e\x{301}e\x{301}e\x{301}e\x{301}e\x{301}e\x{301}e\x{301}e\x{301}e\x{301}e\x{301}e\x{301}e\x{301}e\x{301}e\x{301}e\x{301}e\x{301}e\x{301}e\x{301}e\x{301}e\x{301}e\x{301}e\x{301}e\x{301}e\x{301}e\x{301}e\x{301} e\x{301}e\x{301}e\x{301}e\x{301}e\x{301}e\x{301}e\x{301}e\x{301}e\x{301}e\x{301}e\x{301}e\x{301}e\x{301}e\x{301}e\x{301}e\x{301}e\x{301}e\x{301}e\x{301}e\x{301}e\x{301}e\x{301}e\x{301}e\x{301}e\x{301}e\x{301}e\x{301}e\x{301}e\x{301}e\x{301} e\x{301}e\x{301}e\x{301}e\x{301}e\x{301}e\x{301}e\x{301}e\x{301}e\x{301}e\x{301}e\x{301}e\x{301}e\x{301}e\x{301}e\x{301}e\x{301}e\x{301}e\x{301}e\x{301}e\x{301}e\x{301}e\x{301}"
          text run at (1056,4650) width 0: " "
          text run at (0,4665) width 1056: "e\x{301}e\x{301}e\x{301}e\x{301}e\x{301}e\x{301}e\x{301}e\x{301}e\x{301}e\x{301}e\x{301}e\x{301}e\x{301}e\x{301}e\x{301}e\x{301}e\x{301}e\x{301}e\x{301}e\x{301}e\x{301}e\x{301}e\x{301}e\x{301}e\x{301}e\x{301}e\x{301}e\x{301}e\x{301}e\x{301}e\x{301}e\x{301} e\x{301} e\x{301}e\x{301}e\x{301}e\x{301}e\x{301}e\x{301}e\x{301}e\x{301}e\x{301}e\x{301}e\x{301}e\x{301}e\x{301}e\x{301}e\x{301}e\x{301}e\x{301}e\x{301}e\x{301}e\x{301}e\x{301}e\x{301}e\x{301}e\x{301}e\x{301}e\x{301}e\x{301}e\x{301}e\x{301}e\x{301}e\x{301}e\x{301}e\x{301}e\x{301}e\x{301}e\x{301}e\x{301}e\x{301}e\x{301}e\x{301}e\x{301}e\x{301}e\x{301} e\x{301}e\x{301}e\x{301}e\x{301}e\x{301}e\x{301}e\x{301}e\x{301}e\x{301}e\x{301}e\x{301}e\x{301}e\x{301}e\x{301}e\x{301}e\x{301}e\x{301}e\x{301}e\x{301}e\x{301}e\x{301}e\x{301}e\x{301}e\x{301}e\x{301}e\x{301}e\x{301}e\x{301}e\x{301}e\x{301} e\x{301}e\x{301}e\x{301}e\x{301}e\x{301}e\x{301}e\x{301}e\x{301}e\x{301}e\x{301}e\x{301}e\x{301}e\x{301}e\x{301}e\x{301}e\x{301}e\x{301}e\x{301}e\x{301}e\x{301}e\x{301}e\x{301}"
          text run at (1056,4665) width 0: " "
          text run at (0,4680) width 1056: "e\x{301}e\x{301}e\x{301}e\x{301}e\x{301}e\x{301}e\x{301}e\x{301}e\x{301}e\x{301}e\x{301}e\x{301}e\x{301}e\x{301}e\x{301}e\x{301}e\x{301}e\x{301}e\x{301}e\x{301}e\x{301}e\x{301}e\x{301}e\x{301}e\x{301}e\x{301}e\x{301}e\x{301}e\x{301}e\x{301}e\x{301}e\x{301} e\x{301} e\x{301}e\x{301}e\x{301}e\x{301}e\x{301}e\x{301}e\x{301}e\x{301}e\x{301}e\x{301}e\x{301}e\x{301}e\x{301}e\x{301}e\x{301}e\x{301}e\x{301}e\x{301}e\x{301}e\x{301}e\x{301}e\x{301}e\x{301}e\x{301}e\x{301}e\x{301}e\x{301}e\x{301}e\x{301}e\x{301}e\x{301}e\x{301}e\x{301}e\x{301}e\x{301}e\x{301}e\x{301}e\x{301}e\x{301}e\x{301}e\x{301}e\x{301}e\x{301} e\x{301}e\x{301}e\x{301}e\x{301}e\x{301}e\x{301}e\x{301}e\x{301}e\x{301}e\x{301}e\x{301}e\x{301}e\x{301}e\x{301}e\x{301}e\x{301}e\x{301}e\x{301}e\x{301}e\x{301}e\x{301}e\x{301}e\x{301}e\x{301}e\x{301}e\x{301}e\x{301}e\x{301}e\x{301}e\x{301} e\x{301}e\x{301}e\x{301}e\x{301}e\x{301}e\x{301}e\x{301}e\x{301}e\x{301}e\x{301}e\x{301}e\x{301}e\x{301}e\x{301}e\x{301}e\x{301}e\x{301}e\x{301}e\x{301}e\x{301}e\x{301}e\x{301}"
          text run at (1056,4680) width 0: " "
          text run at (0,4695) width 1056: "e\x{301}e\x{301}e\x{301}e\x{301}e\x{301}e\x{301}e\x{301}e\x{301}e\x{301}e\x{301}e\x{301}e\x{301}e\x{301}e\x{301}e\x{301}e\x{301}e\x{301}e\x{301}e\x{301}e\x{301}e\x{301}e\x{301}e\x{301}e\x{301}e\x{301}e\x{301}e\x{301}e\x{301}e\x{301}e\x{301}e\x{301}e\x{301} e\x{301} e\x{301}e\x{301}e\x{301}e\x{301}e\x{301}e\x{301}e\x{301}e\x{301}e\x{301}e\x{301}e\x{301}e\x{301}e\x{301}e\x{301}e\x{301}e\x{301}e\x{301}e\x{301}e\x{301}e\x{301}e\x{301}e\x{301}e\x{301}e\x{301}e\x{301}e\x{301}e\x{301}e\x{301}e\x{301}e\x{301}e\x{301}e\x{301}e\x{301}e\x{301}e\x{301}e\x{301}e\x{301}e\x{301}e\x{301}e\x{301}e\x{301}e\x{301}e\x{301} e\x{301}e\x{301}e\x{301}e\x{301}e\x{301}e\x{301}e\x{301}e\x{301}e\x{301}e\x{301}e\x{301}e\x{301}e\x{301}e\x{301}e\x{301}e\x{301}e\x{301}e\x{301}e\x{301}e\x{301}e\x{301}e\x{301}e\x{301}e\x{301}e\x{301}e\x{301}e\x{301}e\x{301}e\x{301}e\x{301} e\x{301}e\x{301}e\x{301}e\x{301}e\x{301}e\x{301}e\x{301}e\x{301}e\x{301}e\x{301}e\x{301}e\x{301}e\x{301}e\x{301}e\x{301}e\x{301}e\x{301}e\x{301}e\x{301}e\x{301}e\x{301}e\x{301}"
          text run at (1056,4695) width 0: " "
          text run at (0,4710) width 1056: "e\x{301}e\x{301}e\x{301}e\x{301}e\x{301}e\x{301}e\x{301}e\x{301}e\x{301}e\x{301}e\x{301}e\x{301}e\x{301}e\x{301}e\x{301}e\x{301}e\x{301}e\x{301}e\x{301}e\x{301}e\x{301}e\x{301}e\x{301}e\x{301}e\x{301}e\x{301}e\x{301}e\x{301}e\x{301}e\x{301}e\x{301}e\x{301} e\x{301} e\x{301}e\x{301}e\x{301}e\x{301}e\x{301}e\x{301}e\x{301}e\x{301}e\x{301}e\x{301}e\x{301}e\x{301}e\x{301}e\x{301}e\x{301}e\x{301}e\x{301}e\x{301}e\x{301}e\x{301}e\x{301}e\x{301}e\x{301}e\x{301}e\x{301}e\x{301}e\x{301}e\x{301}e\x{301}e\x{301}e\x{301}e\x{301}e\x{301}e\x{301}e\x{301}e\x{301}e\x{301}e\x{301}e\x{301}e\x{301}e\x{301}e\x{301}e\x{301} e\x{301}e\x{301}e\x{301}e\x{301}e\x{301}e\x{301}e\x{301}e\x{301}e\x{301}e\x{301}e\x{301}e\x{301}e\x{301}e\x{301}e\x{301}e\x{301}e\x{301}e\x{301}e\x{301}e\x{301}e\x{301}e\x{301}e\x{301}e\x{301}e\x{301}e\x{301}e\x{301}e\x{301}e\x{301}e\x{301} e\x{301}e\x{301}e\x{301}e\x{301}e\x{301}e\x{301}e\x{301}e\x{301}e\x{301}e\x{301}e\x{301}e\x{301}e\x{301}e\x{301}e\x{301}e\x{301}e\x{301}e\x{301}e\x{301}e\x{301}e\x{301}e\x{301}"
          text run at (1056,4710) width 0: " "
          text run at (0,4725) width 1056: "e\x{301}e\x{301}e\x{301}e\x{301}e\x{301}e\x{301}e\x{301}e\x{301}e\x{301}e\x{301}e\x{301}e\x{301}e\x{301}e\x{301}e\x{301}e\x{301}e\x{301}e\x{301}e\x{301}e\x{301}e\x{301}e\x{301}e\x{301}e\x{301}e\x{301}e\x{301}e\x{301}e\x{301}e\x{301}e\x{301}e\x{301}e\x{301} e\x{301} e\x{301}e\x{301}e\x{301}e\x{301}e\x{301}e\x{301}e\x{301}e\x{301}e\x{301}e\x{301}e\x{301}e\x{301}e\x{301}e\x{301}e\x{301}e\x{301}e\x{301}e\x{301}e\x{301}e\x{301}e\x{301}e\x{301}e\x{301}e\x{301}e\x{301}e\x{301}e\x{301}e\x{301}e\x{301}e\x{301}e\x{301}e\x{301}e\x{301}e\x{301}e\x{301}e\x{301}e\x{301}e\x{301}e\x{301}e\x{301}e\x{301}e\x{301}e\x{301} e\x{301}e\x{301}e\x{301}e\x{301}e\x{301}e\x{301}e\x{301}e\x{301}e\x{301}e\x{301}e\x{301}e\x{301}e\x{301}e\x{301}e\x{301}e\x{301}e\x{301}e\x{301}e\x{301}e\x{301}e\x{301}e\x{301}e\x{301}e\x{301}e\x{301}e\x{301}e\x{301}e\x{301}e\x{301}e\x{301} e\x{301}e\x{301}e\x{301}e\x{301}e\x{301}e\x{301}e\x{301}e\x{301}e\x{301}e\x{301}e\x{301}e\x{301}e\x{301}e\x{301}e\x{301}e\x{301}e\x{301}e\x{301}e\x{301}e\x{301}e\x{301}e\x{301}"
          text run at (1056,4725) width 0: " "
          text run at (0,4740) width 1056: "e\x{301}e\x{301}e\x{301}e\x{301}e\x{301}e\x{301}e\x{301}e\x{301}e\x{301}e\x{301}e\x{301}e\x{301}e\x{301}e\x{301}e\x{301}e\x{301}e\x{301}e\x{301}e\x{301}e\x{301}e\x{301}e\x{301}e\x{301}e\x{301}e\x{301}e\x{301}e\x{301}e\x{301}e\x{301}e\x{301}e\x{301}e\x{301} e\x{301} e\x{301}e\x{301}e\x{301}e\x{301}e\x{301}e\x{301}e\x{301}e\x{301}e\x{301}e\x{301}e\x{301}e\x{301}e\x{301}e\x{301}e\x{301}e\x{301}e\x{301}e\x{301}e\x{301}e\x{301}e\x{301}e\x{301}e\x{301}e\x{301}e\x{301}e\x{301}e\x{301}e\x{301}e\x{301}e\x{301}e\x{301}e\x{301}e\x{301}e\x{301}e\x{301}e\x{301}e\x{301}e\x{301}e\x{301}e\x{301}e\x{301}e\x{301}e\x{301} e\x{301}e\x{301}e\x{301}e\x{301}e\x{301}e\x{301}e\x{301}e\x{301}e\x{301}e\x{301}e\x{301}e\x{301}e\x{301}e\x{301}e\x{301}e\x{301}e\x{301}e\x{301}e\x{301}e\x{301}e\x{301}e\x{301}e\x{301}e\x{301}e\x{301}e\x{301}e\x{301}e\x{301}e\x{301}e\x{301} e\x{301}e\x{301}e\x{301}e\x{301}e\x{301}e\x{301}e\x{301}e\x{301}e\x{301}e\x{301}e\x{301}e\x{301}e\x{301}e\x{301}e\x{301}e\x{301}e\x{301}e\x{301}e\x{301}e\x{301}e\x{301}e\x{301}"
          text run at (1056,4740) width 0: " "
          text run at (0,4755) width 1056: "e\x{301}e\x{301}e\x{301}e\x{301}e\x{301}e\x{301}e\x{301}e\x{301}e\x{301}e\x{301}e\x{301}e\x{301}e\x{301}e\x{301}e\x{301}e\x{301}e\x{301}e\x{301}e\x{301}e\x{301}e\x{301}e\x{301}e\x{301}e\x{301}e\x{301}e\x{301}e\x{301}e\x{301}e\x{301}e\x{301}e\x{301}e\x{301} e\x{301} e\x{301}e\x{301}e\x{301}e\x{301}e\x{301}e\x{301}e\x{301}e\x{301}e\x{301}e\x{301}e\x{301}e\x{301}e\x{301}e\x{301}e\x{301}e\x{301}e\x{301}e\x{301}e\x{301}e\x{301}e\x{301}e\x{301}e\x{301}e\x{301}e\x{301}e\x{301}e\x{301}e\x{301}e\x{301}e\x{301}e\x{301}e\x{301}e\x{301}e\x{301}e\x{301}e\x{301}e\x{301}e\x{301}e\x{301}e\x{301}e\x{301}e\x{301}e\x{301} e\x{301}e\x{301}e\x{301}e\x{301}e\x{301}e\x{301}e\x{301}e\x{301}e\x{301}e\x{301}e\x{301}e\x{301}e\x{301}e\x{301}e\x{301}e\x{301}e\x{301}e\x{301}e\x{301}e\x{301}e\x{301}e\x{301}e\x{301}e\x{301}e\x{301}e\x{301}e\x{301}e\x{301}e\x{301}e\x{301} e\x{301}e\x{301}e\x{301}e\x{301}e\x{301}e\x{301}e\x{301}e\x{301}e\x{301}e\x{301}e\x{301}e\x{301}e\x{301}e\x{301}e\x{301}e\x{301}e\x{301}e\x{301}e\x{301}e\x{301}e\x{301}e\x{301}"
          text run at (1056,4755) width 0: " "
          text run at (0,4770) width 1056: "e\x{301}e\x{301}e\x{301}e\x{301}e\x{301}e\x{301}e\x{301}e\x{301}e\x{301}e\x{301}e\x{301}e\x{301}e\x{301}e\x{301}e\x{301}e\x{301}e\x{301}e\x{301}e\x{301}e\x{301}e\x{301}e\x{301}e\x{301}e\x{301}e\x{301}e\x{301}e\x{301}e\x{301}e\x{301}e\x{301}e\x{301}e\x{301} e\x{301} e\x{301}e\x{301}e\x{301}e\x{301}e\x{301}e\x{301}e\x{301}e\x{301}e\x{301}e\x{301}e\x{301}e\x{301}e\x{301}e\x{301}e\x{301}e\x{301}e\x{301}e\x{301}e\x{301}e\x{301}e\x{301}e\x{301}e\x{301}e\x{301}e\x{301}e\x{301}e\x{301}e\x{301}e\x{301}e\x{301}e\x{301}e\x{301}e\x{301}e\x{301}e\x{301}e\x{301}e\x{301}e\x{301}e\x{301}e\x{301}e\x{301}e\x{301}e\x{301} e\x{301}e\x{301}e\x{301}e\x{301}e\x{301}e\x{301}e\x{301}e\x{301}e\x{301}e\x{301}e\x{301}e\x{301}e\x{301}e\x{301}e\x{301}e\x{301}e\x{301}e\x{301}e\x{301}e\x{301}e\x{301}e\x{301}e\x{301}e\x{301}e\x{301}e\x{301}e\x{301}e\x{301}e\x{301}e\x{301} e\x{301}e\x{301}e\x{301}e\x{301}e\x{301}e\x{301}e\x{301}e\x{301}e\x{301}e\x{301}e\x{301}e\x{301}e\x{301}e\x{301}e\x{301}e\x{301}e\x{301}e\x{301}e\x{301}e\x{301}e\x{301}e\x{301}"
          text run at (1056,4770) width 0: " "
          text run at (0,4785) width 1056: "e\x{301}e\x{301}e\x{301}e\x{301}e\x{301}e\x{301}e\x{301}e\x{301}e\x{301}e\x{301}e\x{301}e\x{301}e\x{301}e\x{301}e\x{301}e\x{301}e\x{301}e\x{301}e\x{301}e\x{301}e\x{301}e\x{301}e\x{301}e\x{301}e\x{301}e\x{301}e\x{301}e\x{301}e\x{301}e\x{301}e\x{301}e\x{301} e\x{301} e\x{301}e\x{301}e\x{301}e\x{301}e\x{301}e\x{301}e\x{301}e\x{301}e\x{301}e\x{301}e\x{301}e\x{301}e\x{301}e\x{301}e\x{301}e\x{301}e\x{301}e\x{301}e\x{301}e\x{301}e\x{301}e\x{301}e\x{301}e\x{301}e\x{301}e\x{301}e\x{301}e\x{301}e\x{301}e\x{301}e\x{301}e\x{301}e\x{301}e\x{301}e\x{301}e\x{301}e\x{301}e\x{301}e\x{301}e\x{301}e\x{301}e\x{301}e\x{301} e\x{301}e\x{301}e\x{301}e\x{301}e\x{301}e\x{301}e\x{301}e\x{301}e\x{301}e\x{301}e\x{301}e\x{301}e\x{301}e\x{301}e\x{301}e\x{301}e\x{301}e\x{301}e\x{301}e\x{301}e\x{301}e\x{301}e\x{301}e\x{301}e\x{301}e\x{301}e\x{301}e\x{301}e\x{301}e\x{301} e\x{301}e\x{301}e\x{301}e\x{301}e\x{301}e\x{301}e\x{301}e\x{301}e\x{301}e\x{301}e\x{301}e\x{301}e\x{301}e\x{301}e\x{301}e\x{301}e\x{301}e\x{301}e\x{301}e\x{301}e\x{301}e\x{301}"
          text run at (1056,4785) width 0: " "
          text run at (0,4800) width 1056: "e\x{301}e\x{301}e\x{301}e\x{301}e\x{301}e\x{301}e\x{301}e\x{301}e\x{301}e\x{301}e\x{301}e\x{301}e\x{301}e\x{301}e\x{301}e\x{301}e\x{301}e\x{301}e\x{301}e\x{301}e\x{301}e\x{301}e\x{301}e\x{301}e\x{301}e\x{301}e\x{301}e\x{301}e\x{301}e\x{301}e\x{301}e\x{301} e\x{301} e\x{301}e\x{301}e\x{301}e\x{301}e\x{301}e\x{301}e\x{301}e\x{301}e\x{301}e\x{301}e\x{301}e\x{301}e\x{301}e\x{301}e\x{301}e\x{301}e\x{301}e\x{301}e\x{301}e\x{301}e\x{301}e\x{301}e\x{301}e\x{301}e\x{301}e\x{301}e\x{301}e\x{301}e\x{301}e\x{301}e\x{301}e\x{301}e\x{301}e\x{301}e\x{301}e\x{301}e\x{301}e\x{301}e\x{301}e\x{301}e\x{301}e\x{301}e\x{301} e\x{301}e\x{301}e\x{301}e\x{301}e\x{301}e\x{301}e\x{301}e\x{301}e\x{301}e\x{301}e\x{301}e\x{301}e\x{301}e\x{301}e\x{301}e\x{301}e\x{301}e\x{301}e\x{301}e\x{301}e\x{301}e\x{301}e\x{301}e\x{301}e\x{301}e\x{301}e\x{301}e\x{301}e\x{301}e\x{301} e\x{301}e\x{301}e\x{301}e\x{301}e\x{301}e\x{301}e\x{301}e\x{301}e\x{301}e\x{301}e\x{301}e\x{301}e\x{301}e\x{301}e\x{301}e\x{301}e\x{301}e\x{301}e\x{301}e\x{301}e\x{301}e\x{301}"
          text run at (1056,4800) width 0: " "
          text run at (0,4815) width 1056: "e\x{301}e\x{301}e\x{301}e\x{301}e\x{301}e\x{301}e\x{301}e\x{301}e\x{301}e\x{301}e\x{301}e\x{301}e\x{301}e\x{301}e\x{301}e\x{301}e\x{301}e\x{301}e\x{301}e\x{301}e\x{301}e\x{301}e\x{301}e\x{301}e\x{301}e\x{301}e\x{301}e\x{301}e\x{301}e\x{301}e\x{301}e\x{301} e\x{301} e\x{301}e\x{301}e\x{301}e\x{301}e\x{301}e\x{301}e\x{301}e\x{301}e\x{301}e\x{301}e\x{301}e\x{301}e\x{301}e\x{301}e\x{301}e\x{301}e\x{301}e\x{301}e\x{301}e\x{301}e\x{301}e\x{301}e\x{301}e\x{301}e\x{301}e\x{301}e\x{301}e\x{301}e\x{301}e\x{301}e\x{301}e\x{301}e\x{301}e\x{301}e\x{301}e\x{301}e\x{301}e\x{301}e\x{301}e\x{301}e\x{301}e\x{301}e\x{301} e\x{301}e\x{301}e\x{301}e\x{301}e\x{301}e\x{301}e\x{301}e\x{301}e\x{301}e\x{301}e\x{301}e\x{301}e\x{301}e\x{301}e\x{301}e\x{301}e\x{301}e\x{301}e\x{301}e\x{301}e\x{301}e\x{301}e\x{301}e\x{301}e\x{301}e\x{301}e\x{301}e\x{301}e\x{301}e\x{301} e\x{301}e\x{301}e\x{301}e\x{301}e\x{301}e\x{301}e\x{301}e\x{301}e\x{301}e\x{301}e\x{301}e\x{301}e\x{301}e\x{301}e\x{301}e\x{301}e\x{301}e\x{301}e\x{301}e\x{301}e\x{301}e\x{301}"
          text run at (1056,4815) width 0: " "
          text run at (0,4830) width 1056: "e\x{301}e\x{301}e\x{301}e\x{301}e\x{301}e\x{301}e\x{301}e\x{301}e\x{301}e\x{301}e\x{301}e\x{301}e\x{301}e\x{301}e\x{301}e\x{301}e\x{301}e\x{301}e\x{301}e\x{301}e\x{301}e\x{301}e\x{301}e\x{301}e\x{301}e\x{301}e\x{301}e\x{301}e\x{301}e\x{301}e\x{301}e\x{301} e\x{301} e\x{301}e\x{301}e\x{301}e\x{301}e\x{301}e\x{301}e\x{301}e\x{301}e\x{301}e\x{301}e\x{301}e\x{301}e\x{301}e\x{301}e\x{301}e\x{301}e\x{301}e\x{301}e\x{301}e\x{301}e\x{301}e\x{301}e\x{301}e\x{301}e\x{301}e\x{301}e\x{301}e\x{301}e\x{301}e\x{301}e\x{301}e\x{301}e\x{301}e\x{301}e\x{301}e\x{301}e\x{301}e\x{301}e\x{301}e\x{301}e\x{301}e\x{301}e\x{301} e\x{301}e\x{301}e\x{301}e\x{301}e\x{301}e\x{301}e\x{301}e\x{301}e\x{301}e\x{301}e\x{301}e\x{301}e\x{301}e\x{301}e\x{301}e\x{301}e\x{301}e\x{301}e\x{301}e\x{301}e\x{301}e\x{301}e\x{301}e\x{301}e\x{301}e\x{301}e\x{301}e\x{301}e\x{301}e\x{301} e\x{301}e\x{301}e\x{301}e\x{301}e\x{301}e\x{301}e\x{301}e\x{301}e\x{301}e\x{301}e\x{301}e\x{301}e\x{301}e\x{301}e\x{301}e\x{301}e\x{301}e\x{301}e\x{301}e\x{301}e\x{301}e\x{301}"
          text run at (1056,4830) width 0: " "
          text run at (0,4845) width 1056: "e\x{301}e\x{301}e\x{301}e\x{301}e\x{301}e\x{301}e\x{301}e\x{301}e\x{301}e\x{301}e\x{301}e\x{301}e\x{301}e\x{301}e\x{301}e\x{301}e\x{301}e\x{301}e\x{301}e\x{301}e\x{301}e\x{301}e\x{301}e\x{301}e\x{301}e\x{301}e\x{301}e\x{301}e\x{301}e\x{301}e\x{301}e\x{301} e\x{301} e\x{301}e\x{301}e\x{301}e\x{301}e\x{301}e\x{301}e\x{301}e\x{301}e\x{301}e\x{301}e\x{301}e\x{301}e\x{301}e\x{301}e\x{301}e\x{301}e\x{301}e\x{301}e\x{301}e\x{301}e\x{301}e\x{301}e\x{301}e\x{301}e\x{301}e\x{301}e\x{301}e\x{301}e\x{301}e\x{301}e\x{301}e\x{301}e\x{301}e\x{301}e\x{301}e\x{301}e\x{301}e\x{301}e\x{301}e\x{301}e\x{301}e\x{301}e\x{301} e\x{301}e\x{301}e\x{301}e\x{301}e\x{301}e\x{301}e\x{301}e\x{301}e\x{301}e\x{301}e\x{301}e\x{301}e\x{301}e\x{301}e\x{301}e\x{301}e\x{301}e\x{301}e\x{301}e\x{301}e\x{301}e\x{301}e\x{301}e\x{301}e\x{301}e\x{301}e\x{301}e\x{301}e\x{301}e\x{301} e\x{301}e\x{301}e\x{301}e\x{301}e\x{301}e\x{301}e\x{301}e\x{301}e\x{301}e\x{301}e\x{301}e\x{301}e\x{301}e\x{301}e\x{301}e\x{301}e\x{301}e\x{301}e\x{301}e\x{301}e\x{301}e\x{301}"
          text run at (1056,4845) width 0: " "
          text run at (0,4860) width 1056: "e\x{301}e\x{301}e\x{301}e\x{301}e\x{301}e\x{301}e\x{301}e\x{301}e\x{301}e\x{301}e\x{301}e\x{301}e\x{301}e\x{301}e\x{301}e\x{301}e\x{301}e\x{301}e\x{301}e\x{301}e\x{301}e\x{301}e\x{301}e\x{301}e\x{301}e\x{301}e\x{301}e\x{301}e\x{301}e\x{301}e\x{301}e\x{301} e\x{301} e\x{301}e\x{301}e\x{301}e\x{301}e\x{301}e\x{301}e\x{301}e\x{301}e\x{301}e\x{301}e\x{301}e\x{301}e\x{301}e\x{301}e\x{301}e\x{301}e\x{301}e\x{301}e\x{301}e\x{301}e\x{301}e\x{301}e\x{301}e\x{301}e\x{301}e\x{301}e\x{301}e\x{301}e\x{301}e\x{301}e\x{301}e\x{301}e\x{301}e\x{301}e\x{301}e\x{301}e\x{301}e\x{301}e\x{301}e\x{301}e\x{301}e\x{301}e\x{301} e\x{301}e\x{301}e\x{301}e\x{301}e\x{301}e\x{301}e\x{301}e\x{301}e\x{301}e\x{301}e\x{301}e\x{301}e\x{301}e\x{301}e\x{301}e\x{301}e\x{301}e\x{301}e\x{301}e\x{301}e\x{301}e\x{301}e\x{301}e\x{301}e\x{301}e\x{301}e\x{301}e\x{301}e\x{301}e\x{301} e\x{301}e\x{301}e\x{301}e\x{301}e\x{301}e\x{301}e\x{301}e\x{301}e\x{301}e\x{301}e\x{301}e\x{301}e\x{301}e\x{301}e\x{301}e\x{301}e\x{301}e\x{301}e\x{301}e\x{301}e\x{301}e\x{301}"
          text run at (1056,4860) width 0: " "
          text run at (0,4875) width 1056: "e\x{301}e\x{301}e\x{301}e\x{301}e\x{301}e\x{301}e\x{301}e\x{301}e\x{301}e\x{301}e\x{301}e\x{301}e\x{301}e\x{301}e\x{301}e\x{301}e\x{301}e\x{301}e\x{301}e\x{301}e\x{301}e\x{301}e\x{301}e\x{301}e\x{301}e\x{301}e\x{301}e\x{301}e\x{301}e\x{301}e\x{301}e\x{301} e\x{301} e\x{301}e\x{301}e\x{301}e\x{301}e\x{301}e\x{301}e\x{301}e\x{301}e\x{301}e\x{301}e\x{301}e\x{301}e\x{301}e\x{301}e\x{301}e\x{301}e\x{301}e\x{301}e\x{301}e\x{301}e\x{301}e\x{301}e\x{301}e\x{301}e\x{301}e\x{301}e\x{301}e\x{301}e\x{301}e\x{301}e\x{301}e\x{301}e\x{301}e\x{301}e\x{301}e\x{301}e\x{301}e\x{301}e\x{301}e\x{301}e\x{301}e\x{301}e\x{301} e\x{301}e\x{301}e\x{301}e\x{301}e\x{301}e\x{301}e\x{301}e\x{301}e\x{301}e\x{301}e\x{301}e\x{301}e\x{301}e\x{301}e\x{301}e\x{301}e\x{301}e\x{301}e\x{301}e\x{301}e\x{301}e\x{301}e\x{301}e\x{301}e\x{301}e\x{301}e\x{301}e\x{301}e\x{301}e\x{301} e\x{301}e\x{301}e\x{301}e\x{301}e\x{301}e\x{301}e\x{301}e\x{301}e\x{301}e\x{301}e\x{301}e\x{301}e\x{301}e\x{301}e\x{301}e\x{301}e\x{301}e\x{301}e\x{301}e\x{301}e\x{301}e\x{301}"
          text run at (1056,4875) width 0: " "
          text run at (0,4890) width 1056: "e\x{301}e\x{301}e\x{301}e\x{301}e\x{301}e\x{301}e\x{301}e\x{301}e\x{301}e\x{301}e\x{301}e\x{301}e\x{301}e\x{301}e\x{301}e\x{301}e\x{301}e\x{301}e\x{301}e\x{301}e\x{301}e\x{301}e\x{301}e\x{301}e\x{301}e\x{301}e\x{301}e\x{301}e\x{301}e\x{301}e\x{301}e\x{301} e\x{301} e\x{301}e\x{301}e\x{301}e\x{301}e\x{301}e\x{301}e\x{301}e\x{301}e\x{301}e\x{301}e\x{301}e\x{301}e\x{301}e\x{301}e\x{301}e\x{301}e\x{301}e\x{301}e\x{301}e\x{301}e\x{301}e\x{301}e\x{301}e\x{301}e\x{301}e\x{301}e\x{301}e\x{301}e\x{301}e\x{301}e\x{301}e\x{301}e\x{301}e\x{301}e\x{301}e\x{301}e\x{301}e\x{301}e\x{301}e\x{301}e\x{301}e\x{301}e\x{301} e\x{301}e\x{301}e\x{301}e\x{301}e\x{301}e\x{301}e\x{301}e\x{301}e\x{301}e\x{301}e\x{301}e\x{301}e\x{301}e\x{301}e\x{301}e\x{301}e\x{301}e\x{301}e\x{301}e\x{301}e\x{301}e\x{301}e\x{301}e\x{301}e\x{301}e\x{301}e\x{301}e\x{301}e\x{301}e\x{301} e\x{301}e\x{301}e\x{301}e\x{301}e\x{301}e\x{301}e\x{301}e\x{301}e\x{301}e\x{301}e\x{301}e\x{301}e\x{301}e\x{301}e\x{301}e\x{301}e\x{301}e\x{301}e\x{301}e\x{301}e\x{301}e\x{301}"
          text run at (1056,4890) width 0: " "
          text run at (0,4905) width 1056: "e\x{301}e\x{301}e\x{301}e\x{301}e\x{301}e\x{301}e\x{301}e\x{301}e\x{301}e\x{301}e\x{301}e\x{301}e\x{301}e\x{301}e\x{301}e\x{301}e\x{301}e\x{301}e\x{301}e\x{301}e\x{301}e\x{301}e\x{301}e\x{301}e\x{301}e\x{301}e\x{301}e\x{301}e\x{301}e\x{301}e\x{301}e\x{301} e\x{301} e\x{301}e\x{301}e\x{301}e\x{301}e\x{301}e\x{301}e\x{301}e\x{301}e\x{301}e\x{301}e\x{301}e\x{301}e\x{301}e\x{301}e\x{301}e\x{301}e\x{301}e\x{301}e\x{301}e\x{301}e\x{301}e\x{301}e\x{301}e\x{301}e\x{301}e\x{301}e\x{301}e\x{301}e\x{301}e\x{301}e\x{301}e\x{301}e\x{301}e\x{301}e\x{301}e\x{301}e\x{301}e\x{301}e\x{301}e\x{301}e\x{301}e\x{301}e\x{301} e\x{301}e\x{301}e\x{301}e\x{301}e\x{301}e\x{301}e\x{301}e\x{301}e\x{301}e\x{301}e\x{301}e\x{301}e\x{301}e\x{301}e\x{301}e\x{301}e\x{301}e\x{301}e\x{301}e\x{301}e\x{301}e\x{301}e\x{301}e\x{301}e\x{301}e\x{301}e\x{301}e\x{301}e\x{301}e\x{301} e\x{301}e\x{301}e\x{301}e\x{301}e\x{301}e\x{301}e\x{301}e\x{301}e\x{301}e\x{301}e\x{301}e\x{301}e\x{301}e\x{301}e\x{301}e\x{301}e\x{301}e\x{301}e\x{301}e\x{301}e\x{301}e\x{301}"
          text run at (1056,4905) width 0: " "
          text run at (0,4920) width 1056: "e\x{301}e\x{301}e\x{301}e\x{301}e\x{301}e\x{301}e\x{301}e\x{301}e\x{301}e\x{301}e\x{301}e\x{301}e\x{301}e\x{301}e\x{301}e\x{301}e\x{301}e\x{301}e\x{301}e\x{301}e\x{301}e\x{301}e\x{301}e\x{301}e\x{301}e\x{301}e\x{301}e\x{301}e\x{301}e\x{301}e\x{301}e\x{301} e\x{301} e\x{301}e\x{301}e\x{301}e\x{301}e\x{301}e\x{301}e\x{301}e\x{301}e\x{301}e\x{301}e\x{301}e\x{301}e\x{301}e\x{301}e\x{301}e\x{301}e\x{301}e\x{301}e\x{301}e\x{301}e\x{301}e\x{301}e\x{301}e\x{301}e\x{301}e\x{301}e\x{301}e\x{301}e\x{301}e\x{301}e\x{301}e\x{301}e\x{301}e\x{301}e\x{301}e\x{301}e\x{301}e\x{301}e\x{301}e\x{301}e\x{301}e\x{301}e\x{301} e\x{301}e\x{301}e\x{301}e\x{301}e\x{301}e\x{301}e\x{301}e\x{301}e\x{301}e\x{301}e\x{301}e\x{301}e\x{301}e\x{301}e\x{301}e\x{301}e\x{301}e\x{301}e\x{301}e\x{301}e\x{301}e\x{301}e\x{301}e\x{301}e\x{301}e\x{301}e\x{301}e\x{301}e\x{301}e\x{301} e\x{301}e\x{301}e\x{301}e\x{301}e\x{301}e\x{301}e\x{301}e\x{301}e\x{301}e\x{301}e\x{301}e\x{301}e\x{301}e\x{301}e\x{301}e\x{301}e\x{301}e\x{301}e\x{301}e\x{301}e\x{301}e\x{301}"
          text run at (1056,4920) width 0: " "
          text run at (0,4935) width 1056: "e\x{301}e\x{301}e\x{301}e\x{301}e\x{301}e\x{301}e\x{301}e\x{301}e\x{301}e\x{301}e\x{301}e\x{301}e\x{301}e\x{301}e\x{301}e\x{301}e\x{301}e\x{301}e\x{301}e\x{301}e\x{301}e\x{301}e\x{301}e\x{301}e\x{301}e\x{301}e\x{301}e\x{301}e\x{301}e\x{301}e\x{301}e\x{301} e\x{301} e\x{301}e\x{301}e\x{301}e\x{301}e\x{301}e\x{301}e\x{301}e\x{301}e\x{301}e\x{301}e\x{301}e\x{301}e\x{301}e\x{301}e\x{301}e\x{301}e\x{301}e\x{301}e\x{301}e\x{301}e\x{301}e\x{301}e\x{301}e\x{301}e\x{301}e\x{301}e\x{301}e\x{301}e\x{301}e\x{301}e\x{301}e\x{301}e\x{301}e\x{301}e\x{301}e\x{301}e\x{301}e\x{301}e\x{301}e\x{301}e\x{301}e\x{301}e\x{301} e\x{301}e\x{301}e\x{301}e\x{301}e\x{301}e\x{301}e\x{301}e\x{301}e\x{301}e\x{301}e\x{301}e\x{301}e\x{301}e\x{301}e\x{301}e\x{301}e\x{301}e\x{301}e\x{301}e\x{301}e\x{301}e\x{301}e\x{301}e\x{301}e\x{301}e\x{301}e\x{301}e\x{301}e\x{301}e\x{301} e\x{301}e\x{301}e\x{301}e\x{301}e\x{301}e\x{301}e\x{301}e\x{301}e\x{301}e\x{301}e\x{301}e\x{301}e\x{301}e\x{301}e\x{301}e\x{301}e\x{301}e\x{301}e\x{301}e\x{301}e\x{301}e\x{301}"
          text run at (1056,4935) width 0: " "
          text run at (0,4950) width 1056: "e\x{301}e\x{301}e\x{301}e\x{301}e\x{301}e\x{301}e\x{301}e\x{301}e\x{301}e\x{301}e\x{301}e\x{301}e\x{301}e\x{301}e\x{301}e\x{301}e\x{301}e\x{301}e\x{301}e\x{301}e\x{301}e\x{301}e\x{301}e\x{301}e\x{301}e\x{301}e\x{301}e\x{301}e\x{301}e\x{301}e\x{301}e\x{301} e\x{301} e\x{301}e\x{301}e\x{301}e\x{301}e\x{301}e\x{301}e\x{301}e\x{301}e\x{301}e\x{301}e\x{301}e\x{301}e\x{301}e\x{301}e\x{301}e\x{301}e\x{301}e\x{301}e\x{301}e\x{301}e\x{301}e\x{301}e\x{301}e\x{301}e\x{301}e\x{301}e\x{301}e\x{301}e\x{301}e\x{301}e\x{301}e\x{301}e\x{301}e\x{301}e\x{301}e\x{301}e\x{301}e\x{301}e\x{301}e\x{301}e\x{301}e\x{301}e\x{301} e\x{301}e\x{301}e\x{301}e\x{301}e\x{301}e\x{301}e\x{301}e\x{301}e\x{301}e\x{301}e\x{301}e\x{301}e\x{301}e\x{301}e\x{301}e\x{301}e\x{301}e\x{301}e\x{301}e\x{301}e\x{301}e\x{301}e\x{301}e\x{301}e\x{301}e\x{301}e\x{301}e\x{301}e\x{301}e\x{301} e\x{301}e\x{301}e\x{301}e\x{301}e\x{301}e\x{301}e\x{301}e\x{301}e\x{301}e\x{301}e\x{301}e\x{301}e\x{301}e\x{301}e\x{301}e\x{301}e\x{301}e\x{301}e\x{301}e\x{301}e\x{301}e\x{301}"
          text run at (1056,4950) width 0: " "
          text run at (0,4965) width 1056: "e\x{301}e\x{301}e\x{301}e\x{301}e\x{301}e\x{301}e\x{301}e\x{301}e\x{301}e\x{301}e\x{301}e\x{301}e\x{301}e\x{301}e\x{301}e\x{301}e\x{301}e\x{301}e\x{301}e\x{301}e\x{301}e\x{301}e\x{301}e\x{301}e\x{301}e\x{301}e\x{301}e\x{301}e\x{301}e\x{301}e\x{301}e\x{301} e\x{301} e\x{301}e\x{301}e\x{301}e\x{301}e\x{301}e\x{301}e\x{301}e\x{301}e\x{301}e\x{301}e\x{301}e\x{301}e\x{301}e\x{301}e\x{301}e\x{301}e\x{301}e\x{301}e\x{301}e\x{301}e\x{301}e\x{301}e\x{301}e\x{301}e\x{301}e\x{301}e\x{301}e\x{301}e\x{301}e\x{301}e\x{301}e\x{301}e\x{301}e\x{301}e\x{301}e\x{301}e\x{301}e\x{301}e\x{301}e\x{301}e\x{301}e\x{301}e\x{301} e\x{301}e\x{301}e\x{301}e\x{301}e\x{301}e\x{301}e\x{301}e\x{301}e\x{301}e\x{301}e\x{301}e\x{301}e\x{301}e\x{301}e\x{301}e\x{301}e\x{301}e\x{301}e\x{301}e\x{301}e\x{301}e\x{301}e\x{301}e\x{301}e\x{301}e\x{301}e\x{301}e\x{301}e\x{301}e\x{301} e\x{301}e\x{301}e\x{301}e\x{301}e\x{301}e\x{301}e\x{301}e\x{301}e\x{301}e\x{301}e\x{301}e\x{301}e\x{301}e\x{301}e\x{301}e\x{301}e\x{301}e\x{301}e\x{301}e\x{301}e\x{301}e\x{301}"
          text run at (1056,4965) width 0: " "
          text run at (0,4980) width 1056: "e\x{301}e\x{301}e\x{301}e\x{301}e\x{301}e\x{301}e\x{301}e\x{301}e\x{301}e\x{301}e\x{301}e\x{301}e\x{301}e\x{301}e\x{301}e\x{301}e\x{301}e\x{301}e\x{301}e\x{301}e\x{301}e\x{301}e\x{301}e\x{301}e\x{301}e\x{301}e\x{301}e\x{301}e\x{301}e\x{301}e\x{301}e\x{301} e\x{301} e\x{301}e\x{301}e\x{301}e\x{301}e\x{301}e\x{301}e\x{301}e\x{301}e\x{301}e\x{301}e\x{301}e\x{301}e\x{301}e\x{301}e\x{301}e\x{301}e\x{301}e\x{301}e\x{301}e\x{301}e\x{301}e\x{301}e\x{301}e\x{301}e\x{301}e\x{301}e\x{301}e\x{301}e\x{301}e\x{301}e\x{301}e\x{301}e\x{301}e\x{301}e\x{301}e\x{301}e\x{301}e\x{301}e\x{301}e\x{301}e\x{301}e\x{301}e\x{301} e\x{301}e\x{301}e\x{301}e\x{301}e\x{301}e\x{301}e\x{301}e\x{301}e\x{301}e\x{301}e\x{301}e\x{301}e\x{301}e\x{301}e\x{301}e\x{301}e\x{301}e\x{301}e\x{301}e\x{301}e\x{301}e\x{301}e\x{301}e\x{301}e\x{301}e\x{301}e\x{301}e\x{301}e\x{301}e\x{301} e\x{301}e\x{301}e\x{301}e\x{301}e\x{301}e\x{301}e\x{301}e\x{301}e\x{301}e\x{301}e\x{301}e\x{301}e\x{301}e\x{301}e\x{301}e\x{301}e\x{301}e\x{301}e\x{301}e\x{301}e\x{301}e\x{301}"
          text run at (1056,4980) width 0: " "
          text run at (0,4995) width 1056: "e\x{301}e\x{301}e\x{301}e\x{301}e\x{301}e\x{301}e\x{301}e\x{301}e\x{301}e\x{301}e\x{301}e\x{301}e\x{301}e\x{301}e\x{301}e\x{301}e\x{301}e\x{301}e\x{301}e\x{301}e\x{301}e\x{301}e\x{301}e\x{301}e\x{301}e\x{301}e\x{301}e\x{301}e\x{301}e\x{301}e\x{301}e\x{301} e\x{301} e\x{301}e\x{301}e\x{301}e\x{301}e\x{301}e\x{301}e\x{301}e\x{301}e\x{301}e\x{301}e\x{301}e\x{301}e\x{301}e\x{301}e\x{301}e\x{301}e\x{301}e\x{301}e\x{301}e\x{301}e\x{301}e\x{301}e\x{301}e\x{301}e\x{301}e\x{301}e\x{301}e\x{301}e\x{301}e\x{301}e\x{301}e\x{301}e\x{301}e\x{301}e\x{301}e\x{301}e\x{301}e\x{301}e\x{301}e\x{301}e\x{301}e\x{301}e\x{301} e\x{301}e\x{301}e\x{301}e\x{301}e\x{301}e\x{301}e\x{301}e\x{301}e\x{301}e\x{301}e\x{301}e\x{301}e\x{301}e\x{301}e\x{301}e\x{301}e\x{301}e\x{301}e\x{301}e\x{301}e\x{301}e\x{301}e\x{301}e\x{301}e\x{301}e\x{301}e\x{301}e\x{301}e\x{301}e\x{301} e\x{301}e\x{301}e\x{301}e\x{301}e\x{301}e\x{301}e\x{301}e\x{301}e\x{301}e\x{301}e\x{301}e\x{301}e\x{301}e\x{301}e\x{301}e\x{301}e\x{301}e\x{301}e\x{301}e\x{301}e\x{301}e\x{301}"
          text run at (1056,4995) width 0: " "
          text run at (0,5010) width 1056: "e\x{301}e\x{301}e\x{301}e\x{301}e\x{301}e\x{301}e\x{301}e\x{301}e\x{301}e\x{301}e\x{301}e\x{301}e\x{301}e\x{301}e\x{301}e\x{301}e\x{301}e\x{301}e\x{301}e\x{301}e\x{301}e\x{301}e\x{301}e\x{301}e\x{301}e\x{301}e\x{301}e\x{301}e\x{301}e\x{301}e\x{301}e\x{301} e\x{301} e\x{301}e\x{301}e\x{301}e\x{301}e\x{301}e\x{301}e\x{301}e\x{301}e\x{301}e\x{301}e\x{301}e\x{301}e\x{301}e\x{301}e\x{301}e\x{301}e\x{301}e\x{301}e\x{301}e\x{301}e\x{301}e\x{301}e\x{301}e\x{301}e\x{301}e\x{301}e\x{301}e\x{301}e\x{301}e\x{301}e\x{301}e\x{301}e\x{301}e\x{301}e\x{301}e\x{301}e\x{301}e\x{301}e\x{301}e\x{301}e\x{301}e\x{301}e\x{301} e\x{301}e\x{301}e\x{301}e\x{301}e\x{301}e\x{301}e\x{301}e\x{301}e\x{301}e\x{301}e\x{301}e\x{301}e\x{301}e\x{301}e\x{301}e\x{301}e\x{301}e\x{301}e\x{301}e\x{301}e\x{301}e\x{301}e\x{301}e\x{301}e\x{301}e\x{301}e\x{301}e\x{301}e\x{301}e\x{301} e\x{301}e\x{301}e\x{301}e\x{301}e\x{301}e\x{301}e\x{301}e\x{301}e\x{301}e\x{301}e\x{301}e\x{301}e\x{301}e\x{301}e\x{301}e\x{301}e\x{301}e\x{301}e\x{301}e\x{301}e\x{301}e\x{301}"
          text run at (1056,5010) width 0: " "
          text run at (0,5025) width 1056: "e\x{301}e\x{301}e\x{301}e\x{301}e\x{301}e\x{301}e\x{301}e\x{301}e\x{301}e\x{301}e\x{301}e\x{301}e\x{301}e\x{301}e\x{301}e\x{301}e\x{301}e\x{301}e\x{301}e\x{301}e\x{301}e\x{301}e\x{301}e\x{301}e\x{301}e\x{301}e\x{301}e\x{301}e\x{301}e\x{301}e\x{301}e\x{301} e\x{301} e\x{301}e\x{301}e\x{301}e\x{301}e\x{301}e\x{301}e\x{301}e\x{301}e\x{301}e\x{301}e\x{301}e\x{301}e\x{301}e\x{301}e\x{301}e\x{301}e\x{301}e\x{301}e\x{301}e\x{301}e\x{301}e\x{301}e\x{301}e\x{301}e\x{301}e\x{301}e\x{301}e\x{301}e\x{301}e\x{301}e\x{301}e\x{301}e\x{301}e\x{301}e\x{301}e\x{301}e\x{301}e\x{301}e\x{301}e\x{301}e\x{301}e\x{301}e\x{301} e\x{301}e\x{301}e\x{301}e\x{301}e\x{301}e\x{301}e\x{301}e\x{301}e\x{301}e\x{301}e\x{301}e\x{301}e\x{301}e\x{301}e\x{301}e\x{301}e\x{301}e\x{301}e\x{301}e\x{301}e\x{301}e\x{301}e\x{301}e\x{301}e\x{301}e\x{301}e\x{301}e\x{301}e\x{301}e\x{301} e\x{301}e\x{301}e\x{301}e\x{301}e\x{301}e\x{301}e\x{301}e\x{301}e\x{301}e\x{301}e\x{301}e\x{301}e\x{301}e\x{301}e\x{301}e\x{301}e\x{301}e\x{301}e\x{301}e\x{301}e\x{301}e\x{301}"
          text run at (1056,5025) width 0: " "
          text run at (0,5040) width 1056: "e\x{301}e\x{301}e\x{301}e\x{301}e\x{301}e\x{301}e\x{301}e\x{301}e\x{301}e\x{301}e\x{301}e\x{301}e\x{301}e\x{301}e\x{301}e\x{301}e\x{301}e\x{301}e\x{301}e\x{301}e\x{301}e\x{301}e\x{301}e\x{301}e\x{301}e\x{301}e\x{301}e\x{301}e\x{301}e\x{301}e\x{301}e\x{301} e\x{301} e\x{301}e\x{301}e\x{301}e\x{301}e\x{301}e\x{301}e\x{301}e\x{301}e\x{301}e\x{301}e\x{301}e\x{301}e\x{301}e\x{301}e\x{301}e\x{301}e\x{301}e\x{301}e\x{301}e\x{301}e\x{301}e\x{301}e\x{301}e\x{301}e\x{301}e\x{301}e\x{301}e\x{301}e\x{301}e\x{301}e\x{301}e\x{301}e\x{301}e\x{301}e\x{301}e\x{301}e\x{301}e\x{301}e\x{301}e\x{301}e\x{301}e\x{301}e\x{301} e\x{301}e\x{301}e\x{301}e\x{301}e\x{301}e\x{301}e\x{301}e\x{301}e\x{301}e\x{301}e\x{301}e\x{301}e\x{301}e\x{301}e\x{301}e\x{301}e\x{301}e\x{301}e\x{301}e\x{301}e\x{301}e\x{301}e\x{301}e\x{301}e\x{301}e\x{301}e\x{301}e\x{301}e\x{301}e\x{301} e\x{301}e\x{301}e\x{301}e\x{301}e\x{301}e\x{301}e\x{301}e\x{301}e\x{301}e\x{301}e\x{301}e\x{301}e\x{301}e\x{301}e\x{301}e\x{301}e\x{301}e\x{301}e\x{301}e\x{301}e\x{301}e\x{301}"
          text run at (1056,5040) width 0: " "
          text run at (0,5055) width 1056: "e\x{301}e\x{301}e\x{301}e\x{301}e\x{301}e\x{301}e\x{301}e\x{301}e\x{301}e\x{301}e\x{301}e\x{301}e\x{301}e\x{301}e\x{301}e\x{301}e\x{301}e\x{301}e\x{301}e\x{301}e\x{301}e\x{301}e\x{301}e\x{301}e\x{301}e\x{301}e\x{301}e\x{301}e\x{301}e\x{301}e\x{301}e\x{301} e\x{301} e\x{301}e\x{301}e\x{301}e\x{301}e\x{301}e\x{301}e\x{301}e\x{301}e\x{301}e\x{301}e\x{301}e\x{301}e\x{301}e\x{301}e\x{301}e\x{301}e\x{301}e\x{301}e\x{301}e\x{301}e\x{301}e\x{301}e\x{301}e\x{301}e\x{301}e\x{301}e\x{301}e\x{301}e\x{301}e\x{301}e\x{301}e\x{301}e\x{301}e\x{301}e\x{301}e\x{301}e\x{301}e\x{301}e\x{301}e\x{301}e\x{301}e\x{301}e\x{301} e\x{301}e\x{301}e\x{301}e\x{301}e\x{301}e\x{301}e\x{301}e\x{301}e\x{301}e\x{301}e\x{301}e\x{301}e\x{301}e\x{301}e\x{301}e\x{301}e\x{301}e\x{301}e\x{301}e\x{301}e\x{301}e\x{301}e\x{301}e\x{301}e\x{301}e\x{301}e\x{301}e\x{301}e\x{301}e\x{301} e\x{301}e\x{301}e\x{301}e\x{301}e\x{301}e\x{301}e\x{301}e\x{301}e\x{301}e\x{301}e\x{301}e\x{301}e\x{301}e\x{301}e\x{301}e\x{301}e\x{301}e\x{301}e\x{301}e\x{301}e\x{301}e\x{301}"
          text run at (1056,5055) width 0: " "
          text run at (0,5070) width 1056: "e\x{301}e\x{301}e\x{301}e\x{301}e\x{301}e\x{301}e\x{301}e\x{301}e\x{301}e\x{301}e\x{301}e\x{301}e\x{301}e\x{301}e\x{301}e\x{301}e\x{301}e\x{301}e\x{301}e\x{301}e\x{301}e\x{301}e\x{301}e\x{301}e\x{301}e\x{301}e\x{301}e\x{301}e\x{301}e\x{301}e\x{301}e\x{301} e\x{301} e\x{301}e\x{301}e\x{301}e\x{301}e\x{301}e\x{301}e\x{301}e\x{301}e\x{301}e\x{301}e\x{301}e\x{301}e\x{301}e\x{301}e\x{301}e\x{301}e\x{301}e\x{301}e\x{301}e\x{301}e\x{301}e\x{301}e\x{301}e\x{301}e\x{301}e\x{301}e\x{301}e\x{301}e\x{301}e\x{301}e\x{301}e\x{301}e\x{301}e\x{301}e\x{301}e\x{301}e\x{301}e\x{301}e\x{301}e\x{301}e\x{301}e\x{301}e\x{301} e\x{301}e\x{301}e\x{301}e\x{301}e\x{301}e\x{301}e\x{301}e\x{301}e\x{301}e\x{301}e\x{301}e\x{301}e\x{301}e\x{301}e\x{301}e\x{301}e\x{301}e\x{301}e\x{301}e\x{301}e\x{301}e\x{301}e\x{301}e\x{301}e\x{301}e\x{301}e\x{301}e\x{301}e\x{301}e\x{301} e\x{301}e\x{301}e\x{301}e\x{301}e\x{301}e\x{301}e\x{301}e\x{301}e\x{301}e\x{301}e\x{301}e\x{301}e\x{301}e\x{301}e\x{301}e\x{301}e\x{301}e\x{301}e\x{301}e\x{301}e\x{301}e\x{301}"
          text run at (1056,5070) width 0: " "
          text run at (0,5085) width 1056: "e\x{301}e\x{301}e\x{301}e\x{301}e\x{301}e\x{301}e\x{301}e\x{301}e\x{301}e\x{301}e\x{301}e\x{301}e\x{301}e\x{301}e\x{301}e\x{301}e\x{301}e\x{301}e\x{301}e\x{301}e\x{301}e\x{301}e\x{301}e\x{301}e\x{301}e\x{301}e\x{301}e\x{301}e\x{301}e\x{301}e\x{301}e\x{301} e\x{301} e\x{301}e\x{301}e\x{301}e\x{301}e\x{301}e\x{301}e\x{301}e\x{301}e\x{301}e\x{301}e\x{301}e\x{301}e\x{301}e\x{301}e\x{301}e\x{301}e\x{301}e\x{301}e\x{301}e\x{301}e\x{301}e\x{301}e\x{301}e\x{301}e\x{301}e\x{301}e\x{301}e\x{301}e\x{301}e\x{301}e\x{301}e\x{301}e\x{301}e\x{301}e\x{301}e\x{301}e\x{301}e\x{301}e\x{301}e\x{301}e\x{301}e\x{301}e\x{301} e\x{301}e\x{301}e\x{301}e\x{301}e\x{301}e\x{301}e\x{301}e\x{301}e\x{301}e\x{301}e\x{301}e\x{301}e\x{301}e\x{301}e\x{301}e\x{301}e\x{301}e\x{301}e\x{301}e\x{301}e\x{301}e\x{301}e\x{301}e\x{301}e\x{301}e\x{301}e\x{301}e\x{301}e\x{301}e\x{301} e\x{301}e\x{301}e\x{301}e\x{301}e\x{301}e\x{301}e\x{301}e\x{301}e\x{301}e\x{301}e\x{301}e\x{301}e\x{301}e\x{301}e\x{301}e\x{301}e\x{301}e\x{301}e\x{301}e\x{301}e\x{301}e\x{301}"
          text run at (1056,5085) width 0: " "
          text run at (0,5100) width 1056: "e\x{301}e\x{301}e\x{301}e\x{301}e\x{301}e\x{301}e\x{301}e\x{301}e\x{301}e\x{301}e\x{301}e\x{301}e\x{301}e\x{301}e\x{301}e\x{301}e\x{301}e\x{301}e\x{301}e\x{301}e\x{301}e\x{301}e\x{301}e\x{301}e\x{301}e\x{301}e\x{301}e\x{301}e\x{301}e\x{301}e\x{301}e\x{301} e\x{301} e\x{301}e\x{301}e\x{301}e\x{301}e\x{301}e\x{301}e\x{301}e\x{301}e\x{301}e\x{301}e\x{301}e\x{301}e\x{301}e\x{301}e\x{301}e\x{301}e\x{301}e\x{301}e\x{301}e\x{301}e\x{301}e\x{301}e\x{301}e\x{301}e\x{301}e\x{301}e\x{301}e\x{301}e\x{301}e\x{301}e\x{301}e\x{301}e\x{301}e\x{301}e\x{301}e\x{301}e\x{301}e\x{301}e\x{301}e\x{301}e\x{301}e\x{301}e\x{301} e\x{301}e\x{301}e\x{301}e\x{301}e\x{301}e\x{301}e\x{301}e\x{301}e\x{301}e\x{301}e\x{301}e\x{301}e\x{301}e\x{301}e\x{301}e\x{301}e\x{301}e\x{301}e\x{301}e\x{301}e\x{301}e\x{301}e\x{301}e\x{301}e\x{301}e\x{301}e\x{301}e\x{301}e\x{301}e\x{301} e\x{301}e\x{301}e\x{301}e\x{301}e\x{301}e\x{301}e\x{301}e\x{301}e\x{301}e\x{301}e\x{301}e\x{301}e\x{301}e\x{301}e\x{301}e\x{301}e\x{301}e\x{301}e\x{301}e\x{301}e\x{301}e\x{301}"
          text run at (1056,5100) width 0: " "
          text run at (0,5115) width 1056: "e\x{301}e\x{301}e\x{301}e\x{301}e\x{301}e\x{301}e\x{301}e\x{301}e\x{301}e\x{301}e\x{301}e\x{301}e\x{301}e\x{301}e\x{301}e\x{301}e\x{301}e\x{301}e\x{301}e\x{301}e\x{301}e\x{301}e\x{301}e\x{301}e\x{301}e\x{301}e\x{301}e\x{301}e\x{301}e\x{301}e\x{301}e\x{301} e\x{301} e\x{301}e\x{301}e\x{301}e\x{301}e\x{301}e\x{301}e\x{301}e\x{301}e\x{301}e\x{301}e\x{301}e\x{301}e\x{301}e\x{301}e\x{301}e\x{301}e\x{301}e\x{301}e\x{301}e\x{301}e\x{301}e\x{301}e\x{301}e\x{301}e\x{301}e\x{301}e\x{301}e\x{301}e\x{301}e\x{301}e\x{301}e\x{301}e\x{301}e\x{301}e\x{301}e\x{301}e\x{301}e\x{301}e\x{301}e\x{301}e\x{301}e\x{301}e\x{301} e\x{301}e\x{301}e\x{301}e\x{301}e\x{301}e\x{301}e\x{301}e\x{301}e\x{301}e\x{301}e\x{301}e\x{301}e\x{301}e\x{301}e\x{301}e\x{301}e\x{301}e\x{301}e\x{301}e\x{301}e\x{301}e\x{301}e\x{301}e\x{301}e\x{301}e\x{301}e\x{301}e\x{301}e\x{301}e\x{301} e\x{301}e\x{301}e\x{301}e\x{301}e\x{301}e\x{301}e\x{301}e\x{301}e\x{301}e\x{301}e\x{301}e\x{301}e\x{301}e\x{301}e\x{301}e\x{301}e\x{301}e\x{301}e\x{301}e\x{301}e\x{301}e\x{301}"
          text run at (1056,5115) width 0: " "
          text run at (0,5130) width 1056: "e\x{301}e\x{301}e\x{301}e\x{301}e\x{301}e\x{301}e\x{301}e\x{301}e\x{301}e\x{301}e\x{301}e\x{301}e\x{301}e\x{301}e\x{301}e\x{301}e\x{301}e\x{301}e\x{301}e\x{301}e\x{301}e\x{301}e\x{301}e\x{301}e\x{301}e\x{301}e\x{301}e\x{301}e\x{301}e\x{301}e\x{301}e\x{301} e\x{301} e\x{301}e\x{301}e\x{301}e\x{301}e\x{301}e\x{301}e\x{301}e\x{301}e\x{301}e\x{301}e\x{301}e\x{301}e\x{301}e\x{301}e\x{301}e\x{301}e\x{301}e\x{301}e\x{301}e\x{301}e\x{301}e\x{301}e\x{301}e\x{301}e\x{301}e\x{301}e\x{301}e\x{301}e\x{301}e\x{301}e\x{301}e\x{301}e\x{301}e\x{301}e\x{301}e\x{301}e\x{301}e\x{301}e\x{301}e\x{301}e\x{301}e\x{301}e\x{301} e\x{301}e\x{301}e\x{301}e\x{301}e\x{301}e\x{301}e\x{301}e\x{301}e\x{301}e\x{301}e\x{301}e\x{301}e\x{301}e\x{301}e\x{301}e\x{301}e\x{301}e\x{301}e\x{301}e\x{301}e\x{301}e\x{301}e\x{301}e\x{301}e\x{301}e\x{301}e\x{301}e\x{301}e\x{301}e\x{301} e\x{301}e\x{301}e\x{301}e\x{301}e\x{301}e\x{301}e\x{301}e\x{301}e\x{301}e\x{301}e\x{301}e\x{301}e\x{301}e\x{301}e\x{301}e\x{301}e\x{301}e\x{301}e\x{301}e\x{301}e\x{301}e\x{301}"
          text run at (1056,5130) width 0: " "
          text run at (0,5145) width 1056: "e\x{301}e\x{301}e\x{301}e\x{301}e\x{301}e\x{301}e\x{301}e\x{301}e\x{301}e\x{301}e\x{301}e\x{301}e\x{301}e\x{301}e\x{301}e\x{301}e\x{301}e\x{301}e\x{301}e\x{301}e\x{301}e\x{301}e\x{301}e\x{301}e\x{301}e\x{301}e\x{301}e\x{301}e\x{301}e\x{301}e\x{301}e\x{301} e\x{301} e\x{301}e\x{301}e\x{301}e\x{301}e\x{301}e\x{301}e\x{301}e\x{301}e\x{301}e\x{301}e\x{301}e\x{301}e\x{301}e\x{301}e\x{301}e\x{301}e\x{301}e\x{301}e\x{301}e\x{301}e\x{301}e\x{301}e\x{301}e\x{301}e\x{301}e\x{301}e\x{301}e\x{301}e\x{301}e\x{301}e\x{301}e\x{301}e\x{301}e\x{301}e\x{301}e\x{301}e\x{301}e\x{301}e\x{301}e\x{301}e\x{301}e\x{301}e\x{301} e\x{301}e\x{301}e\x{301}e\x{301}e\x{301}e\x{301}e\x{301}e\x{301}e\x{301}e\x{301}e\x{301}e\x{301}e\x{301}e\x{301}e\x{301}e\x{301}e\x{301}e\x{301}e\x{301}e\x{301}e\x{301}e\x{301}e\x{301}e\x{301}e\x{301}e\x{301}e\x{301}e\x{301}e\x{301}e\x{301} e\x{301}e\x{301}e\x{301}e\x{301}e\x{301}e\x{301}e\x{301}e\x{301}e\x{301}e\x{301}e\x{301}e\x{301}e\x{301}e\x{301}e\x{301}e\x{301}e\x{301}e\x{301}e\x{301}e\x{301}e\x{301}e\x{301}"
          text run at (1056,5145) width 0: " "
          text run at (0,5160) width 1056: "e\x{301}e\x{301}e\x{301}e\x{301}e\x{301}e\x{301}e\x{301}e\x{301}e\x{301}e\x{301}e\x{301}e\x{301}e\x{301}e\x{301}e\x{301}e\x{301}e\x{301}e\x{301}e\x{301}e\x{301}e\x{301}e\x{301}e\x{301}e\x{301}e\x{301}e\x{301}e\x{301}e\x{301}e\x{301}e\x{301}e\x{301}e\x{301} e\x{301} e\x{301}e\x{301}e\x{301}e\x{301}e\x{301}e\x{301}e\x{301}e\x{301}e\x{301}e\x{301}e\x{301}e\x{301}e\x{301}e\x{301}e\x{301}e\x{301}e\x{301}e\x{301}e\x{301}e\x{301}e\x{301}e\x{301}e\x{301}e\x{301}e\x{301}e\x{301}e\x{301}e\x{301}e\x{301}e\x{301}e\x{301}e\x{301}e\x{301}e\x{301}e\x{301}e\x{301}e\x{301}e\x{301}e\x{301}e\x{301}e\x{301}e\x{301}e\x{301} e\x{301}e\x{301}e\x{301}e\x{301}e\x{301}e\x{301}e\x{301}e\x{301}e\x{301}e\x{301}e\x{301}e\x{301}e\x{301}e\x{301}e\x{301}e\x{301}e\x{301}e\x{301}e\x{301}e\x{301}e\x{301}e\x{301}e\x{301}e\x{301}e\x{301}e\x{301}e\x{301}e\x{301}e\x{301}e\x{301} e\x{301}e\x{301}e\x{301}e\x{301}e\x{301}e\x{301}e\x{301}e\x{301}e\x{301}e\x{301}e\x{301}e\x{301}e\x{301}e\x{301}e\x{301}e\x{301}e\x{301}e\x{301}e\x{301}e\x{301}e\x{301}e\x{301}"
          text run at (1056,5160) width 0: " "
          text run at (0,5175) width 1056: "e\x{301}e\x{301}e\x{301}e\x{301}e\x{301}e\x{301}e\x{301}e\x{301}e\x{301}e\x{301}e\x{301}e\x{301}e\x{301}e\x{301}e\x{301}e\x{301}e\x{301}e\x{301}e\x{301}e\x{301}e\x{301}e\x{301}e\x{301}e\x{301}e\x{301}e\x{301}e\x{301}e\x{301}e\x{301}e\x{301}e\x{301}e\x{301} e\x{301} e\x{301}e\x{301}e\x{301}e\x{301}e\x{301}e\x{301}e\x{301}e\x{301}e\x{301}e\x{301}e\x{301}e\x{301}e\x{301}e\x{301}e\x{301}e\x{301}e\x{301}e\x{301}e\x{301}e\x{301}e\x{301}e\x{301}e\x{301}e\x{301}e\x{301}e\x{301}e\x{301}e\x{301}e\x{301}e\x{301}e\x{301}e\x{301}e\x{301}e\x{301}e\x{301}e\x{301}e\x{301}e\x{301}e\x{301}e\x{301}e\x{301}e\x{301}e\x{301} e\x{301}e\x{301}e\x{301}e\x{301}e\x{301}e\x{301}e\x{301}e\x{301}e\x{301}e\x{301}e\x{301}e\x{301}e\x{301}e\x{301}e\x{301}e\x{301}e\x{301}e\x{301}e\x{301}e\x{301}e\x{301}e\x{301}e\x{301}e\x{301}e\x{301}e\x{301}e\x{301}e\x{301}e\x{301}e\x{301} e\x{301}e\x{301}e\x{301}e\x{301}e\x{301}e\x{301}e\x{301}e\x{301}e\x{301}e\x{301}e\x{301}e\x{301}e\x{301}e\x{301}e\x{301}e\x{301}e\x{301}e\x{301}e\x{301}e\x{301}e\x{301}e\x{301}"
          text run at (1056,5175) width 0: " "
          text run at (0,5190) width 1056: "e\x{301}e\x{301}e\x{301}e\x{301}e\x{301}e\x{301}e\x{301}e\x{301}e\x{301}e\x{301}e\x{301}e\x{301}e\x{301}e\x{301}e\x{301}e\x{301}e\x{301}e\x{301}e\x{301}e\x{301}e\x{301}e\x{301}e\x{301}e\x{301}e\x{301}e\x{301}e\x{301}e\x{301}e\x{301}e\x{301}e\x{301}e\x{301} e\x{301} e\x{301}e\x{301}e\x{301}e\x{301}e\x{301}e\x{301}e\x{301}e\x{301}e\x{301}e\x{301}e\x{301}e\x{301}e\x{301}e\x{301}e\x{301}e\x{301}e\x{301}e\x{301}e\x{301}e\x{301}e\x{301}e\x{301}e\x{301}e\x{301}e\x{301}e\x{301}e\x{301}e\x{301}e\x{301}e\x{301}e\x{301}e\x{301}e\x{301}e\x{301}e\x{301}e\x{301}e\x{301}e\x{301}e\x{301}e\x{301}e\x{301}e\x{301}e\x{301} e\x{301}e\x{301}e\x{301}e\x{301}e\x{301}e\x{301}e\x{301}e\x{301}e\x{301}e\x{301}e\x{301}e\x{301}e\x{301}e\x{301}e\x{301}e\x{301}e\x{301}e\x{301}e\x{301}e\x{301}e\x{301}e\x{301}e\x{301}e\x{301}e\x{301}e\x{301}e\x{301}e\x{301}e\x{301}e\x{301} e\x{301}e\x{301}e\x{301}e\x{301}e\x{301}e\x{301}e\x{301}e\x{301}e\x{301}e\x{301}e\x{301}e\x{301}e\x{301}e\x{301}e\x{301}e\x{301}e\x{301}e\x{301}e\x{301}e\x{301}e\x{301}e\x{301}"
          text run at (1056,5190) width 0: " "
          text run at (0,5205) width 1056: "e\x{301}e\x{301}e\x{301}e\x{301}e\x{301}e\x{301}e\x{301}e\x{301}e\x{301}e\x{301}e\x{301}e\x{301}e\x{301}e\x{301}e\x{301}e\x{301}e\x{301}e\x{301}e\x{301}e\x{301}e\x{301}e\x{301}e\x{301}e\x{301}e\x{301}e\x{301}e\x{301}e\x{301}e\x{301}e\x{301}e\x{301}e\x{301} e\x{301} e\x{301}e\x{301}e\x{301}e\x{301}e\x{301}e\x{301}e\x{301}e\x{301}e\x{301}e\x{301}e\x{301}e\x{301}e\x{301}e\x{301}e\x{301}e\x{301}e\x{301}e\x{301}e\x{301}e\x{301}e\x{301}e\x{301}e\x{301}e\x{301}e\x{301}e\x{301}e\x{301}e\x{301}e\x{301}e\x{301}e\x{301}e\x{301}e\x{301}e\x{301}e\x{301}e\x{301}e\x{301}e\x{301}e\x{301}e\x{301}e\x{301}e\x{301}e\x{301} e\x{301}e\x{301}e\x{301}e\x{301}e\x{301}e\x{301}e\x{301}e\x{301}e\x{301}e\x{301}e\x{301}e\x{301}e\x{301}e\x{301}e\x{301}e\x{301}e\x{301}e\x{301}e\x{301}e\x{301}e\x{301}e\x{301}e\x{301}e\x{301}e\x{301}e\x{301}e\x{301}e\x{301}e\x{301}e\x{301} e\x{301}e\x{301}e\x{301}e\x{301}e\x{301}e\x{301}e\x{301}e\x{301}e\x{301}e\x{301}e\x{301}e\x{301}e\x{301}e\x{301}e\x{301}e\x{301}e\x{301}e\x{301}e\x{301}e\x{301}e\x{301}e\x{301}"
          text run at (1056,5205) width 0: " "
          text run at (0,5220) width 1056: "e\x{301}e\x{301}e\x{301}e\x{301}e\x{301}e\x{301}e\x{301}e\x{301}e\x{301}e\x{301}e\x{301}e\x{301}e\x{301}e\x{301}e\x{301}e\x{301}e\x{301}e\x{301}e\x{301}e\x{301}e\x{301}e\x{301}e\x{301}e\x{301}e\x{301}e\x{301}e\x{301}e\x{301}e\x{301}e\x{301}e\x{301}e\x{301} e\x{301} e\x{301}e\x{301}e\x{301}e\x{301}e\x{301}e\x{301}e\x{301}e\x{301}e\x{301}e\x{301}e\x{301}e\x{301}e\x{301}e\x{301}e\x{301}e\x{301}e\x{301}e\x{301}e\x{301}e\x{301}e\x{301}e\x{301}e\x{301}e\x{301}e\x{301}e\x{301}e\x{301}e\x{301}e\x{301}e\x{301}e\x{301}e\x{301}e\x{301}e\x{301}e\x{301}e\x{301}e\x{301}e\x{301}e\x{301}e\x{301}e\x{301}e\x{301}e\x{301} e\x{301}e\x{301}e\x{301}e\x{301}e\x{301}e\x{301}e\x{301}e\x{301}e\x{301}e\x{301}e\x{301}e\x{301}e\x{301}e\x{301}e\x{301}e\x{301}e\x{301}e\x{301}e\x{301}e\x{301}e\x{301}e\x{301}e\x{301}e\x{301}e\x{301}e\x{301}e\x{301}e\x{301}e\x{301}e\x{301} e\x{301}e\x{301}e\x{301}e\x{301}e\x{301}e\x{301}e\x{301}e\x{301}e\x{301}e\x{301}e\x{301}e\x{301}e\x{301}e\x{301}e\x{301}e\x{301}e\x{301}e\x{301}e\x{301}e\x{301}e\x{301}e\x{301}"
          text run at (1056,5220) width 0: " "
          text run at (0,5235) width 1056: "e\x{301}e\x{301}e\x{301}e\x{301}e\x{301}e\x{301}e\x{301}e\x{301}e\x{301}e\x{301}e\x{301}e\x{301}e\x{301}e\x{301}e\x{301}e\x{301}e\x{301}e\x{301}e\x{301}e\x{301}e\x{301}e\x{301}e\x{301}e\x{301}e\x{301}e\x{301}e\x{301}e\x{301}e\x{301}e\x{301}e\x{301}e\x{301} e\x{301} e\x{301}e\x{301}e\x{301}e\x{301}e\x{301}e\x{301}e\x{301}e\x{301}e\x{301}e\x{301}e\x{301}e\x{301}e\x{301}e\x{301}e\x{301}e\x{301}e\x{301}e\x{301}e\x{301}e\x{301}e\x{301}e\x{301}e\x{301}e\x{301}e\x{301}e\x{301}e\x{301}e\x{301}e\x{301}e\x{301}e\x{301}e\x{301}e\x{301}e\x{301}e\x{301}e\x{301}e\x{301}e\x{301}e\x{301}e\x{301}e\x{301}e\x{301}e\x{301} e\x{301}e\x{301}e\x{301}e\x{301}e\x{301}e\x{301}e\x{301}e\x{301}e\x{301}e\x{301}e\x{301}e\x{301}e\x{301}e\x{301}e\x{301}e\x{301}e\x{301}e\x{301}e\x{301}e\x{301}e\x{301}e\x{301}e\x{301}e\x{301}e\x{301}e\x{301}e\x{301}e\x{301}e\x{301}e\x{301} e\x{301}e\x{301}e\x{301}e\x{301}e\x{301}e\x{301}e\x{301}e\x{301}e\x{301}e\x{301}e\x{301}e\x{301}e\x{301}e\x{301}e\x{301}e\x{301}e\x{301}e\x{301}e\x{301}e\x{301}e\x{301}e\x{301}"
          text run at (1056,5235) width 0: " "
          text run at (0,5250) width 1056: "e\x{301}e\x{301}e\x{301}e\x{301}e\x{301}e\x{301}e\x{301}e\x{301}e\x{301}e\x{301}e\x{301}e\x{301}e\x{301}e\x{301}e\x{301}e\x{301}e\x{301}e\x{301}e\x{301}e\x{301}e\x{301}e\x{301}e\x{301}e\x{301}e\x{301}e\x{301}e\x{301}e\x{301}e\x{301}e\x{301}e\x{301}e\x{301} e\x{301} e\x{301}e\x{301}e\x{301}e\x{301}e\x{301}e\x{301}e\x{301}e\x{301}e\x{301}e\x{301}e\x{301}e\x{301}e\x{301}e\x{301}e\x{301}e\x{301}e\x{301}e\x{301}e\x{301}e\x{301}e\x{301}e\x{301}e\x{301}e\x{301}e\x{301}e\x{301}e\x{301}e\x{301}e\x{301}e\x{301}e\x{301}e\x{301}e\x{301}e\x{301}e\x{301}e\x{301}e\x{301}e\x{301}e\x{301}e\x{301}e\x{301}e\x{301}e\x{301} e\x{301}e\x{301}e\x{301}e\x{301}e\x{301}e\x{301}e\x{301}e\x{301}e\x{301}e\x{301}e\x{301}e\x{301}e\x{301}e\x{301}e\x{301}e\x{301}e\x{301}e\x{301}e\x{301}e\x{301}e\x{301}e\x{301}e\x{301}e\x{301}e\x{301}e\x{301}e\x{301}e\x{301}e\x{301}e\x{301} e\x{301}e\x{301}e\x{301}e\x{301}e\x{301}e\x{301}e\x{301}e\x{301}e\x{301}e\x{301}e\x{301}e\x{301}e\x{301}e\x{301}e\x{301}e\x{301}e\x{301}e\x{301}e\x{301}e\x{301}e\x{301}e\x{301}"
          text run at (1056,5250) width 0: " "
          text run at (0,5265) width 1056: "e\x{301}e\x{301}e\x{301}e\x{301}e\x{301}e\x{301}e\x{301}e\x{301}e\x{301}e\x{301}e\x{301}e\x{301}e\x{301}e\x{301}e\x{301}e\x{301}e\x{301}e\x{301}e\x{301}e\x{301}e\x{301}e\x{301}e\x{301}e\x{301}e\x{301}e\x{301}e\x{301}e\x{301}e\x{301}e\x{301}e\x{301}e\x{301} e\x{301} e\x{301}e\x{301}e\x{301}e\x{301}e\x{301}e\x{301}e\x{301}e\x{301}e\x{301}e\x{301}e\x{301}e\x{301}e\x{301}e\x{301}e\x{301}e\x{301}e\x{301}e\x{301}e\x{301}e\x{301}e\x{301}e\x{301}e\x{301}e\x{301}e\x{301}e\x{301}e\x{301}e\x{301}e\x{301}e\x{301}e\x{301}e\x{301}e\x{301}e\x{301}e\x{301}e\x{301}e\x{301}e\x{301}e\x{301}e\x{301}e\x{301}e\x{301}e\x{301} e\x{301}e\x{301}e\x{301}e\x{301}e\x{301}e\x{301}e\x{301}e\x{301}e\x{301}e\x{301}e\x{301}e\x{301}e\x{301}e\x{301}e\x{301}e\x{301}e\x{301}e\x{301}e\x{301}e\x{301}e\x{301}e\x{301}e\x{301}e\x{301}e\x{301}e\x{301}e\x{301}e\x{301}e\x{301}e\x{301} e\x{301}e\x{301}e\x{301}e\x{301}e\x{301}e\x{301}e\x{301}e\x{301}e\x{301}e\x{301}e\x{301}e\x{301}e\x{301}e\x{301}e\x{301}e\x{301}e\x{301}e\x{301}e\x{301}e\x{301}e\x{301}e\x{301}"
          text run at (1056,5265) width 0: " "
          text run at (0,5280) width 1056: "e\x{301}e\x{301}e\x{301}e\x{301}e\x{301}e\x{301}e\x{301}e\x{301}e\x{301}e\x{301}e\x{301}e\x{301}e\x{301}e\x{301}e\x{301}e\x{301}e\x{301}e\x{301}e\x{301}e\x{301}e\x{301}e\x{301}e\x{301}e\x{301}e\x{301}e\x{301}e\x{301}e\x{301}e\x{301}e\x{301}e\x{301}e\x{301} e\x{301} e\x{301}e\x{301}e\x{301}e\x{301}e\x{301}e\x{301}e\x{301}e\x{301}e\x{301}e\x{301}e\x{301}e\x{301}e\x{301}e\x{301}e\x{301}e\x{301}e\x{301}e\x{301}e\x{301}e\x{301}e\x{301}e\x{301}e\x{301}e\x{301}e\x{301}e\x{301}e\x{301}e\x{301}e\x{301}e\x{301}e\x{301}e\x{301}e\x{301}e\x{301}e\x{301}e\x{301}e\x{301}e\x{301}e\x{301}e\x{301}e\x{301}e\x{301}e\x{301} e\x{301}e\x{301}e\x{301}e\x{301}e\x{301}e\x{301}e\x{301}e\x{301}e\x{301}e\x{301}e\x{301}e\x{301}e\x{301}e\x{301}e\x{301}e\x{301}e\x{301}e\x{301}e\x{301}e\x{301}e\x{301}e\x{301}e\x{301}e\x{301}e\x{301}e\x{301}e\x{301}e\x{301}e\x{301}e\x{301} e\x{301}e\x{301}e\x{301}e\x{301}e\x{301}e\x{301}e\x{301}e\x{301}e\x{301}e\x{301}e\x{301}e\x{301}e\x{301}e\x{301}e\x{301}e\x{301}e\x{301}e\x{301}e\x{301}e\x{301}e\x{301}e\x{301}"
          text run at (1056,5280) width 0: " "
          text run at (0,5295) width 1056: "e\x{301}e\x{301}e\x{301}e\x{301}e\x{301}e\x{301}e\x{301}e\x{301}e\x{301}e\x{301}e\x{301}e\x{301}e\x{301}e\x{301}e\x{301}e\x{301}e\x{301}e\x{301}e\x{301}e\x{301}e\x{301}e\x{301}e\x{301}e\x{301}e\x{301}e\x{301}e\x{301}e\x{301}e\x{301}e\x{301}e\x{301}e\x{301} e\x{301} e\x{301}e\x{301}e\x{301}e\x{301}e\x{301}e\x{301}e\x{301}e\x{301}e\x{301}e\x{301}e\x{301}e\x{301}e\x{301}e\x{301}e\x{301}e\x{301}e\x{301}e\x{301}e\x{301}e\x{301}e\x{301}e\x{301}e\x{301}e\x{301}e\x{301}e\x{301}e\x{301}e\x{301}e\x{301}e\x{301}e\x{301}e\x{301}e\x{301}e\x{301}e\x{301}e\x{301}e\x{301}e\x{301}e\x{301}e\x{301}e\x{301}e\x{301}e\x{301} e\x{301}e\x{301}e\x{301}e\x{301}e\x{301}e\x{301}e\x{301}e\x{301}e\x{301}e\x{301}e\x{301}e\x{301}e\x{301}e\x{301}e\x{301}e\x{301}e\x{301}e\x{301}e\x{301}e\x{301}e\x{301}e\x{301}e\x{301}e\x{301}e\x{301}e\x{301}e\x{301}e\x{301}e\x{301}e\x{301} e\x{301}e\x{301}e\x{301}e\x{301}e\x{301}e\x{301}e\x{301}e\x{301}e\x{301}e\x{301}e\x{301}e\x{301}e\x{301}e\x{301}e\x{301}e\x{301}e\x{301}e\x{301}e\x{301}e\x{301}e\x{301}e\x{301}"
          text run at (1056,5295) width 0: " "
          text run at (0,5310) width 1056: "e\x{301}e\x{301}e\x{301}e\x{301}e\x{301}e\x{301}e\x{301}e\x{301}e\x{301}e\x{301}e\x{301}e\x{301}e\x{301}e\x{301}e\x{301}e\x{301}e\x{301}e\x{301}e\x{301}e\x{301}e\x{301}e\x{301}e\x{301}e\x{301}e\x{301}e\x{301}e\x{301}e\x{301}e\x{301}e\x{301}e\x{301}e\x{301} e\x{301} e\x{301}e\x{301}e\x{301}e\x{301}e\x{301}e\x{301}e\x{301}e\x{301}e\x{301}e\x{301}e\x{301}e\x{301}e\x{301}e\x{301}e\x{301}e\x{301}e\x{301}e\x{301}e\x{301}e\x{301}e\x{301}e\x{301}e\x{301}e\x{301}e\x{301}e\x{301}e\x{301}e\x{301}e\x{301}e\x{301}e\x{301}e\x{301}e\x{301}e\x{301}e\x{301}e\x{301}e\x{301}e\x{301}e\x{301}e\x{301}e\x{301}e\x{301}e\x{301} e\x{301}e\x{301}e\x{301}e\x{301}e\x{301}e\x{301}e\x{301}e\x{301}e\x{301}e\x{301}e\x{301}e\x{301}e\x{301}e\x{301}e\x{301}e\x{301}e\x{301}e\x{301}e\x{301}e\x{301}e\x{301}e\x{301}e\x{301}e\x{301}e\x{301}e\x{301}e\x{301}e\x{301}e\x{301}e\x{301} e\x{301}e\x{301}e\x{301}e\x{301}e\x{301}e\x{301}e\x{301}e\x{301}e\x{301}e\x{301}e\x{301}e\x{301}e\x{301}e\x{301}e\x{301}e\x{301}e\x{301}e\x{301}e\x{301}e\x{301}e\x{301}e\x{301}"
          text run at (1056,5310) width 0: " "
          text run at (0,5325) width 1056: "e\x{301}e\x{301}e\x{301}e\x{301}e\x{301}e\x{301}e\x{301}e\x{301}e\x{301}e\x{301}e\x{301}e\x{301}e\x{301}e\x{301}e\x{301}e\x{301}e\x{301}e\x{301}e\x{301}e\x{301}e\x{301}e\x{301}e\x{301}e\x{301}e\x{301}e\x{301}e\x{301}e\x{301}e\x{301}e\x{301}e\x{301}e\x{301} e\x{301} e\x{301}e\x{301}e\x{301}e\x{301}e\x{301}e\x{301}e\x{301}e\x{301}e\x{301}e\x{301}e\x{301}e\x{301}e\x{301}e\x{301}e\x{301}e\x{301}e\x{301}e\x{301}e\x{301}e\x{301}e\x{301}e\x{301}e\x{301}e\x{301}e\x{301}e\x{301}e\x{301}e\x{301}e\x{301}e\x{301}e\x{301}e\x{301}e\x{301}e\x{301}e\x{301}e\x{301}e\x{301}e\x{301}e\x{301}e\x{301}e\x{301}e\x{301}e\x{301} e\x{301}e\x{301}e\x{301}e\x{301}e\x{301}e\x{301}e\x{301}e\x{301}e\x{301}e\x{301}e\x{301}e\x{301}e\x{301}e\x{301}e\x{301}e\x{301}e\x{301}e\x{301}e\x{301}e\x{301}e\x{301}e\x{301}e\x{301}e\x{301}e\x{301}e\x{301}e\x{301}e\x{301}e\x{301}e\x{301} e\x{301}e\x{301}e\x{301}e\x{301}e\x{301}e\x{301}e\x{301}e\x{301}e\x{301}e\x{301}e\x{301}e\x{301}e\x{301}e\x{301}e\x{301}e\x{301}e\x{301}e\x{301}e\x{301}e\x{301}e\x{301}e\x{301}"
          text run at (1056,5325) width 0: " "
          text run at (0,5340) width 1056: "e\x{301}e\x{301}e\x{301}e\x{301}e\x{301}e\x{301}e\x{301}e\x{301}e\x{301}e\x{301}e\x{301}e\x{301}e\x{301}e\x{301}e\x{301}e\x{301}e\x{301}e\x{301}e\x{301}e\x{301}e\x{301}e\x{301}e\x{301}e\x{301}e\x{301}e\x{301}e\x{301}e\x{301}e\x{301}e\x{301}e\x{301}e\x{301} e\x{301} e\x{301}e\x{301}e\x{301}e\x{301}e\x{301}e\x{301}e\x{301}e\x{301}e\x{301}e\x{301}e\x{301}e\x{301}e\x{301}e\x{301}e\x{301}e\x{301}e\x{301}e\x{301}e\x{301}e\x{301}e\x{301}e\x{301}e\x{301}e\x{301}e\x{301}e\x{301}e\x{301}e\x{301}e\x{301}e\x{301}e\x{301}e\x{301}e\x{301}e\x{301}e\x{301}e\x{301}e\x{301}e\x{301}e\x{301}e\x{301}e\x{301}e\x{301}e\x{301} e\x{301}e\x{301}e\x{301}e\x{301}e\x{301}e\x{301}e\x{301}e\x{301}e\x{301}e\x{301}e\x{301}e\x{301}e\x{301}e\x{301}e\x{301}e\x{301}e\x{301}e\x{301}e\x{301}e\x{301}e\x{301}e\x{301}e\x{301}e\x{301}e\x{301}e\x{301}e\x{301}e\x{301}e\x{301}e\x{301} e\x{301}e\x{301}e\x{301}e\x{301}e\x{301}e\x{301}e\x{301}e\x{301}e\x{301}e\x{301}e\x{301}e\x{301}e\x{301}e\x{301}e\x{301}e\x{301}e\x{301}e\x{301}e\x{301}e\x{301}e\x{301}e\x{301}"
          text run at (1056,5340) width 0: " "
          text run at (0,5355) width 1056: "e\x{301}e\x{301}e\x{301}e\x{301}e\x{301}e\x{301}e\x{301}e\x{301}e\x{301}e\x{301}e\x{301}e\x{301}e\x{301}e\x{301}e\x{301}e\x{301}e\x{301}e\x{301}e\x{301}e\x{301}e\x{301}e\x{301}e\x{301}e\x{301}e\x{301}e\x{301}e\x{301}e\x{301}e\x{301}e\x{301}e\x{301}e\x{301} e\x{301} e\x{301}e\x{301}e\x{301}e\x{301}e\x{301}e\x{301}e\x{301}e\x{301}e\x{301}e\x{301}e\x{301}e\x{301}e\x{301}e\x{301}e\x{301}e\x{301}e\x{301}e\x{301}e\x{301}e\x{301}e\x{301}e\x{301}e\x{301}e\x{301}e\x{301}e\x{301}e\x{301}e\x{301}e\x{301}e\x{301}e\x{301}e\x{301}e\x{301}e\x{301}e\x{301}e\x{301}e\x{301}e\x{301}e\x{301}e\x{301}e\x{301}e\x{301}e\x{301} e\x{301}e\x{301}e\x{301}e\x{301}e\x{301}e\x{301}e\x{301}e\x{301}e\x{301}e\x{301}e\x{301}e\x{301}e\x{301}e\x{301}e\x{301}e\x{301}e\x{301}e\x{301}e\x{301}e\x{301}e\x{301}e\x{301}e\x{301}e\x{301}e\x{301}e\x{301}e\x{301}e\x{301}e\x{301}e\x{301} e\x{301}e\x{301}e\x{301}e\x{301}e\x{301}e\x{301}e\x{301}e\x{301}e\x{301}e\x{301}e\x{301}e\x{301}e\x{301}e\x{301}e\x{301}e\x{301}e\x{301}e\x{301}e\x{301}e\x{301}e\x{301}e\x{301}"
          text run at (1056,5355) width 0: " "
          text run at (0,5370) width 1056: "e\x{301}e\x{301}e\x{301}e\x{301}e\x{301}e\x{301}e\x{301}e\x{301}e\x{301}e\x{301}e\x{301}e\x{301}e\x{301}e\x{301}e\x{301}e\x{301}e\x{301}e\x{301}e\x{301}e\x{301}e\x{301}e\x{301}e\x{301}e\x{301}e\x{301}e\x{301}e\x{301}e\x{301}e\x{301}e\x{301}e\x{301}e\x{301} e\x{301} e\x{301}e\x{301}e\x{301}e\x{301}e\x{301}e\x{301}e\x{301}e\x{301}e\x{301}e\x{301}e\x{301}e\x{301}e\x{301}e\x{301}e\x{301}e\x{301}e\x{301}e\x{301}e\x{301}e\x{301}e\x{301}e\x{301}e\x{301}e\x{301}e\x{301}e\x{301}e\x{301}e\x{301}e\x{301}e\x{301}e\x{301}e\x{301}e\x{301}e\x{301}e\x{301}e\x{301}e\x{301}e\x{301}e\x{301}e\x{301}e\x{301}e\x{301}e\x{301} e\x{301}e\x{301}e\x{301}e\x{301}e\x{301}e\x{301}e\x{301}e\x{301}e\x{301}e\x{301}e\x{301}e\x{301}e\x{301}e\x{301}e\x{301}e\x{301}e\x{301}e\x{301}e\x{301}e\x{301}e\x{301}e\x{301}e\x{301}e\x{301}e\x{301}e\x{301}e\x{301}e\x{301}e\x{301}e\x{301} e\x{301}e\x{301}e\x{301}e\x{301}e\x{301}e\x{301}e\x{301}e\x{301}e\x{301}e\x{301}e\x{301}e\x{301}e\x{301}e\x{301}e\x{301}e\x{301}e\x{301}e\x{301}e\x{301}e\x{301}e\x{301}e\x{301}"
          text run at (1056,5370) width 0: " "
          text run at (0,5385) width 1056: "e\x{301}e\x{301}e\x{301}e\x{301}e\x{301}e\x{301}e\x{301}e\x{301}e\x{301}e\x{301}e\x{301}e\x{301}e\x{301}e\x{301}e\x{301}e\x{301}e\x{301}e\x{301}e\x{301}e\x{301}e\x{301}e\x{301}e\x{301}e\x{301}e\x{301}e\x{301}e\x{301}e\x{301}e\x{301}e\x{301}e\x{301}e\x{301} e\x{301} e\x{301}e\x{301}e\x{301}e\x{301}e\x{301}e\x{301}e\x{301}e\x{301}e\x{301}e\x{301}e\x{301}e\x{301}e\x{301}e\x{301}e\x{301}e\x{301}e\x{301}e\x{301}e\x{301}e\x{301}e\x{301}e\x{301}e\x{301}e\x{301}e\x{301}e\x{301}e\x{301}e\x{301}e\x{301}e\x{301}e\x{301}e\x{301}e\x{301}e\x{301}e\x{301}e\x{301}e\x{301}e\x{301}e\x{301}e\x{301}e\x{301}e\x{301}e\x{301} e\x{301}e\x{301}e\x{301}e\x{301}e\x{301}e\x{301}e\x{301}e\x{301}e\x{301}e\x{301}e\x{301}e\x{301}e\x{301}e\x{301}e\x{301}e\x{301}e\x{301}e\x{301}e\x{301}e\x{301}e\x{301}e\x{301}e\x{301}e\x{301}e\x{301}e\x{301}e\x{301}e\x{301}e\x{301}e\x{301} e\x{301}e\x{301}e\x{301}e\x{301}e\x{301}e\x{301}e\x{301}e\x{301}e\x{301}e\x{301}e\x{301}e\x{301}e\x{301}e\x{301}e\x{301}e\x{301}e\x{301}e\x{301}e\x{301}e\x{301}e\x{301}e\x{301}"
          text run at (1056,5385) width 0: " "
          text run at (0,5400) width 1056: "e\x{301}e\x{301}e\x{301}e\x{301}e\x{301}e\x{301}e\x{301}e\x{301}e\x{301}e\x{301}e\x{301}e\x{301}e\x{301}e\x{301}e\x{301}e\x{301}e\x{301}e\x{301}e\x{301}e\x{301}e\x{301}e\x{301}e\x{301}e\x{301}e\x{301}e\x{301}e\x{301}e\x{301}e\x{301}e\x{301}e\x{301}e\x{301} e\x{301} e\x{301}e\x{301}e\x{301}e\x{301}e\x{301}e\x{301}e\x{301}e\x{301}e\x{301}e\x{301}e\x{301}e\x{301}e\x{301}e\x{301}e\x{301}e\x{301}e\x{301}e\x{301}e\x{301}e\x{301}e\x{301}e\x{301}e\x{301}e\x{301}e\x{301}e\x{301}e\x{301}e\x{301}e\x{301}e\x{301}e\x{301}e\x{301}e\x{301}e\x{301}e\x{301}e\x{301}e\x{301}e\x{301}e\x{301}e\x{301}e\x{301}e\x{301}e\x{301} e\x{301}e\x{301}e\x{301}e\x{301}e\x{301}e\x{301}e\x{301}e\x{301}e\x{301}e\x{301}e\x{301}e\x{301}e\x{301}e\x{301}e\x{301}e\x{301}e\x{301}e\x{301}e\x{301}e\x{301}e\x{301}e\x{301}e\x{301}e\x{301}e\x{301}e\x{301}e\x{301}e\x{301}e\x{301}e\x{301} e\x{301}e\x{301}e\x{301}e\x{301}e\x{301}e\x{301}e\x{301}e\x{301}e\x{301}e\x{301}e\x{301}e\x{301}e\x{301}e\x{301}e\x{301}e\x{301}e\x{301}e\x{301}e\x{301}e\x{301}e\x{301}e\x{301}"
          text run at (1056,5400) width 0: " "
          text run at (0,5415) width 1056: "e\x{301}e\x{301}e\x{301}e\x{301}e\x{301}e\x{301}e\x{301}e\x{301}e\x{301}e\x{301}e\x{301}e\x{301}e\x{301}e\x{301}e\x{301}e\x{301}e\x{301}e\x{301}e\x{301}e\x{301}e\x{301}e\x{301}e\x{301}e\x{301}e\x{301}e\x{301}e\x{301}e\x{301}e\x{301}e\x{301}e\x{301}e\x{301} e\x{301} e\x{301}e\x{301}e\x{301}e\x{301}e\x{301}e\x{301}e\x{301}e\x{301}e\x{301}e\x{301}e\x{301}e\x{301}e\x{301}e\x{301}e\x{301}e\x{301}e\x{301}e\x{301}e\x{301}e\x{301}e\x{301}e\x{301}e\x{301}e\x{301}e\x{301}e\x{301}e\x{301}e\x{301}e\x{301}e\x{301}e\x{301}e\x{301}e\x{301}e\x{301}e\x{301}e\x{301}e\x{301}e\x{301}e\x{301}e\x{301}e\x{301}e\x{301}e\x{301} e\x{301}e\x{301}e\x{301}e\x{301}e\x{301}e\x{301}e\x{301}e\x{301}e\x{301}e\x{301}e\x{301}e\x{301}e\x{301}e\x{301}e\x{301}e\x{301}e\x{301}e\x{301}e\x{301}e\x{301}e\x{301}e\x{301}e\x{301}e\x{301}e\x{301}e\x{301}e\x{301}e\x{301}e\x{301}e\x{301} e\x{301}e\x{301}e\x{301}e\x{301}e\x{301}e\x{301}e\x{301}e\x{301}e\x{301}e\x{301}e\x{301}e\x{301}e\x{301}e\x{301}e\x{301}e\x{301}e\x{301}e\x{301}e\x{301}e\x{301}e\x{301}e\x{301}"
          text run at (1056,5415) width 0: " "
          text run at (0,5430) width 1056: "e\x{301}e\x{301}e\x{301}e\x{301}e\x{301}e\x{301}e\x{301}e\x{301}e\x{301}e\x{301}e\x{301}e\x{301}e\x{301}e\x{301}e\x{301}e\x{301}e\x{301}e\x{301}e\x{301}e\x{301}e\x{301}e\x{301}e\x{301}e\x{301}e\x{301}e\x{301}e\x{301}e\x{301}e\x{301}e\x{301}e\x{301}e\x{301} e\x{301} e\x{301}e\x{301}e\x{301}e\x{301}e\x{301}e\x{301}e\x{301}e\x{301}e\x{301}e\x{301}e\x{301}e\x{301}e\x{301}e\x{301}e\x{301}e\x{301}e\x{301}e\x{301}e\x{301}e\x{301}e\x{301}e\x{301}e\x{301}e\x{301}e\x{301}e\x{301}e\x{301}e\x{301}e\x{301}e\x{301}e\x{301}e\x{301}e\x{301}e\x{301}e\x{301}e\x{301}e\x{301}e\x{301}e\x{301}e\x{301}e\x{301}e\x{301}e\x{301} e\x{301}e\x{301}e\x{301}e\x{301}e\x{301}e\x{301}e\x{301}e\x{301}e\x{301}e\x{301}e\x{301}e\x{301}e\x{301}e\x{301}e\x{301}e\x{301}e\x{301}e\x{301}e\x{301}e\x{301}e\x{301}e\x{301}e\x{301}e\x{301}e\x{301}e\x{301}e\x{301}e\x{301}e\x{301}e\x{301} e\x{301}e\x{301}e\x{301}e\x{301}e\x{301}e\x{301}e\x{301}e\x{301}e\x{301}e\x{301}e\x{301}e\x{301}e\x{301}e\x{301}e\x{301}e\x{301}e\x{301}e\x{301}e\x{301}e\x{301}e\x{301}e\x{301}"
          text run at (1056,5430) width 0: " "
          text run at (0,5445) width 1056: "e\x{301}e\x{301}e\x{301}e\x{301}e\x{301}e\x{301}e\x{301}e\x{301}e\x{301}e\x{301}e\x{301}e\x{301}e\x{301}e\x{301}e\x{301}e\x{301}e\x{301}e\x{301}e\x{301}e\x{301}e\x{301}e\x{301}e\x{301}e\x{301}e\x{301}e\x{301}e\x{301}e\x{301}e\x{301}e\x{301}e\x{301}e\x{301} e\x{301} e\x{301}e\x{301}e\x{301}e\x{301}e\x{301}e\x{301}e\x{301}e\x{301}e\x{301}e\x{301}e\x{301}e\x{301}e\x{301}e\x{301}e\x{301}e\x{301}e\x{301}e\x{301}e\x{301}e\x{301}e\x{301}e\x{301}e\x{301}e\x{301}e\x{301}e\x{301}e\x{301}e\x{301}e\x{301}e\x{301}e\x{301}e\x{301}e\x{301}e\x{301}e\x{301}e\x{301}e\x{301}e\x{301}e\x{301}e\x{301}e\x{301}e\x{301}e\x{301} e\x{301}e\x{301}e\x{301}e\x{301}e\x{301}e\x{301}e\x{301}e\x{301}e\x{301}e\x{301}e\x{301}e\x{301}e\x{301}e\x{301}e\x{301}e\x{301}e\x{301}e\x{301}e\x{301}e\x{301}e\x{301}e\x{301}e\x{301}e\x{301}e\x{301}e\x{301}e\x{301}e\x{301}e\x{301}e\x{301} e\x{301}e\x{301}e\x{301}e\x{301}e\x{301}e\x{301}e\x{301}e\x{301}e\x{301}e\x{301}e\x{301}e\x{301}e\x{301}e\x{301}e\x{301}e\x{301}e\x{301}e\x{301}e\x{301}e\x{301}e\x{301}e\x{301}"
          text run at (1056,5445) width 0: " "
          text run at (0,5460) width 1056: "e\x{301}e\x{301}e\x{301}e\x{301}e\x{301}e\x{301}e\x{301}e\x{301}e\x{301}e\x{301}e\x{301}e\x{301}e\x{301}e\x{301}e\x{301}e\x{301}e\x{301}e\x{301}e\x{301}e\x{301}e\x{301}e\x{301}e\x{301}e\x{301}e\x{301}e\x{301}e\x{301}e\x{301}e\x{301}e\x{301}e\x{301}e\x{301} e\x{301} e\x{301}e\x{301}e\x{301}e\x{301}e\x{301}e\x{301}e\x{301}e\x{301}e\x{301}e\x{301}e\x{301}e\x{301}e\x{301}e\x{301}e\x{301}e\x{301}e\x{301}e\x{301}e\x{301}e\x{301}e\x{301}e\x{301}e\x{301}e\x{301}e\x{301}e\x{301}e\x{301}e\x{301}e\x{301}e\x{301}e\x{301}e\x{301}e\x{301}e\x{301}e\x{301}e\x{301}e\x{301}e\x{301}e\x{301}e\x{301}e\x{301}e\x{301}e\x{301} e\x{301}e\x{301}e\x{301}e\x{301}e\x{301}e\x{301}e\x{301}e\x{301}e\x{301}e\x{301}e\x{301}e\x{301}e\x{301}e\x{301}e\x{301}e\x{301}e\x{301}e\x{301}e\x{301}e\x{301}e\x{301}e\x{301}e\x{301}e\x{301}e\x{301}e\x{301}e\x{301}e\x{301}e\x{301}e\x{301} e\x{301}e\x{301}e\x{301}e\x{301}e\x{301}e\x{301}e\x{301}e\x{301}e\x{301}e\x{301}e\x{301}e\x{301}e\x{301}e\x{301}e\x{301}e\x{301}e\x{301}e\x{301}e\x{301}e\x{301}e\x{301}e\x{301}"
          text run at (1056,5460) width 0: " "
          text run at (0,5475) width 1056: "e\x{301}e\x{301}e\x{301}e\x{301}e\x{301}e\x{301}e\x{301}e\x{301}e\x{301}e\x{301}e\x{301}e\x{301}e\x{301}e\x{301}e\x{301}e\x{301}e\x{301}e\x{301}e\x{301}e\x{301}e\x{301}e\x{301}e\x{301}e\x{301}e\x{301}e\x{301}e\x{301}e\x{301}e\x{301}e\x{301}e\x{301}e\x{301} e\x{301} e\x{301}e\x{301}e\x{301}e\x{301}e\x{301}e\x{301}e\x{301}e\x{301}e\x{301}e\x{301}e\x{301}e\x{301}e\x{301}e\x{301}e\x{301}e\x{301}e\x{301}e\x{301}e\x{301}e\x{301}e\x{301}e\x{301}e\x{301}e\x{301}e\x{301}e\x{301}e\x{301}e\x{301}e\x{301}e\x{301}e\x{301}e\x{301}e\x{301}e\x{301}e\x{301}e\x{301}e\x{301}e\x{301}e\x{301}e\x{301}e\x{301}e\x{301}e\x{301} e\x{301}e\x{301}e\x{301}e\x{301}e\x{301}e\x{301}e\x{301}e\x{301}e\x{301}e\x{301}e\x{301}e\x{301}e\x{301}e\x{301}e\x{301}e\x{301}e\x{301}e\x{301}e\x{301}e\x{301}e\x{301}e\x{301}e\x{301}e\x{301}e\x{301}e\x{301}e\x{301}e\x{301}e\x{301}e\x{301} e\x{301}e\x{301}e\x{301}e\x{301}e\x{301}e\x{301}e\x{301}e\x{301}e\x{301}e\x{301}e\x{301}e\x{301}e\x{301}e\x{301}e\x{301}e\x{301}e\x{301}e\x{301}e\x{301}e\x{301}e\x{301}e\x{301}"
          text run at (1056,5475) width 0: " "
          text run at (0,5490) width 1056: "e\x{301}e\x{301}e\x{301}e\x{301}e\x{301}e\x{301}e\x{301}e\x{301}e\x{301}e\x{301}e\x{301}e\x{301}e\x{301}e\x{301}e\x{301}e\x{301}e\x{301}e\x{301}e\x{301}e\x{301}e\x{301}e\x{301}e\x{301}e\x{301}e\x{301}e\x{301}e\x{301}e\x{301}e\x{301}e\x{301}e\x{301}e\x{301} e\x{301} e\x{301}e\x{301}e\x{301}e\x{301}e\x{301}e\x{301}e\x{301}e\x{301}e\x{301}e\x{301}e\x{301}e\x{301}e\x{301}e\x{301}e\x{301}e\x{301}e\x{301}e\x{301}e\x{301}e\x{301}e\x{301}e\x{301}e\x{301}e\x{301}e\x{301}e\x{301}e\x{301}e\x{301}e\x{301}e\x{301}e\x{301}e\x{301}e\x{301}e\x{301}e\x{301}e\x{301}e\x{301}e\x{301}e\x{301}e\x{301}e\x{301}e\x{301}e\x{301} e\x{301}e\x{301}e\x{301}e\x{301}e\x{301}e\x{301}e\x{301}e\x{301}e\x{301}e\x{301}e\x{301}e\x{301}e\x{301}e\x{301}e\x{301}e\x{301}e\x{301}e\x{301}e\x{301}e\x{301}e\x{301}e\x{301}e\x{301}e\x{301}e\x{301}e\x{301}e\x{301}e\x{301}e\x{301}e\x{301} e\x{301}e\x{301}e\x{301}e\x{301}e\x{301}e\x{301}e\x{301}e\x{301}e\x{301}e\x{301}e\x{301}e\x{301}e\x{301}e\x{301}e\x{301}e\x{301}e\x{301}e\x{301}e\x{301}e\x{301}e\x{301}e\x{301}"
          text run at (1056,5490) width 0: " "
          text run at (0,5505) width 1056: "e\x{301}e\x{301}e\x{301}e\x{301}e\x{301}e\x{301}e\x{301}e\x{301}e\x{301}e\x{301}e\x{301}e\x{301}e\x{301}e\x{301}e\x{301}e\x{301}e\x{301}e\x{301}e\x{301}e\x{301}e\x{301}e\x{301}e\x{301}e\x{301}e\x{301}e\x{301}e\x{301}e\x{301}e\x{301}e\x{301}e\x{301}e\x{301} e\x{301} e\x{301}e\x{301}e\x{301}e\x{301}e\x{301}e\x{301}e\x{301}e\x{301}e\x{301}e\x{301}e\x{301}e\x{301}e\x{301}e\x{301}e\x{301}e\x{301}e\x{301}e\x{301}e\x{301}e\x{301}e\x{301}e\x{301}e\x{301}e\x{301}e\x{301}e\x{301}e\x{301}e\x{301}e\x{301}e\x{301}e\x{301}e\x{301}e\x{301}e\x{301}e\x{301}e\x{301}e\x{301}e\x{301}e\x{301}e\x{301}e\x{301}e\x{301}e\x{301} e\x{301}e\x{301}e\x{301}e\x{301}e\x{301}e\x{301}e\x{301}e\x{301}e\x{301}e\x{301}e\x{301}e\x{301}e\x{301}e\x{301}e\x{301}e\x{301}e\x{301}e\x{301}e\x{301}e\x{301}e\x{301}e\x{301}e\x{301}e\x{301}e\x{301}e\x{301}e\x{301}e\x{301}e\x{301}e\x{301} e\x{301}e\x{301}e\x{301}e\x{301}e\x{301}e\x{301}e\x{301}e\x{301}e\x{301}e\x{301}e\x{301}e\x{301}e\x{301}e\x{301}e\x{301}e\x{301}e\x{301}e\x{301}e\x{301}e\x{301}e\x{301}e\x{301}"
          text run at (1056,5505) width 0: " "
          text run at (0,5520) width 1056: "e\x{301}e\x{301}e\x{301}e\x{301}e\x{301}e\x{301}e\x{301}e\x{301}e\x{301}e\x{301}e\x{301}e\x{301}e\x{301}e\x{301}e\x{301}e\x{301}e\x{301}e\x{301}e\x{301}e\x{301}e\x{301}e\x{301}e\x{301}e\x{301}e\x{301}e\x{301}e\x{301}e\x{301}e\x{301}e\x{301}e\x{301}e\x{301} e\x{301} e\x{301}e\x{301}e\x{301}e\x{301}e\x{301}e\x{301}e\x{301}e\x{301}e\x{301}e\x{301}e\x{301}e\x{301}e\x{301}e\x{301}e\x{301}e\x{301}e\x{301}e\x{301}e\x{301}e\x{301}e\x{301}e\x{301}e\x{301}e\x{301}e\x{301}e\x{301}e\x{301}e\x{301}e\x{301}e\x{301}e\x{301}e\x{301}e\x{301}e\x{301}e\x{301}e\x{301}e\x{301}e\x{301}e\x{301}e\x{301}e\x{301}e\x{301}e\x{301} e\x{301}e\x{301}e\x{301}e\x{301}e\x{301}e\x{301}e\x{301}e\x{301}e\x{301}e\x{301}e\x{301}e\x{301}e\x{301}e\x{301}e\x{301}e\x{301}e\x{301}e\x{301}e\x{301}e\x{301}e\x{301}e\x{301}e\x{301}e\x{301}e\x{301}e\x{301}e\x{301}e\x{301}e\x{301}e\x{301} e\x{301}e\x{301}e\x{301}e\x{301}e\x{301}e\x{301}e\x{301}e\x{301}e\x{301}e\x{301}e\x{301}e\x{301}e\x{301}e\x{301}e\x{301}e\x{301}e\x{301}e\x{301}e\x{301}e\x{301}e\x{301}e\x{301}"
          text run at (1056,5520) width 0: " "
          text run at (0,5535) width 1056: "e\x{301}e\x{301}e\x{301}e\x{301}e\x{301}e\x{301}e\x{301}e\x{301}e\x{301}e\x{301}e\x{301}e\x{301}e\x{301}e\x{301}e\x{301}e\x{301}e\x{301}e\x{301}e\x{301}e\x{301}e\x{301}e\x{301}e\x{301}e\x{301}e\x{301}e\x{301}e\x{301}e\x{301}e\x{301}e\x{301}e\x{301}e\x{301} e\x{301} e\x{301}e\x{301}e\x{301}e\x{301}e\x{301}e\x{301}e\x{301}e\x{301}e\x{301}e\x{301}e\x{301}e\x{301}e\x{301}e\x{301}e\x{301}e\x{301}e\x{301}e\x{301}e\x{301}e\x{301}e\x{301}e\x{301}e\x{301}e\x{301}e\x{301}e\x{301}e\x{301}e\x{301}e\x{301}e\x{301}e\x{301}e\x{301}e\x{301}e\x{301}e\x{301}e\x{301}e\x{301}e\x{301}e\x{301}e\x{301}e\x{301}e\x{301}e\x{301} e\x{301}e\x{301}e\x{301}e\x{301}e\x{301}e\x{301}e\x{301}e\x{301}e\x{301}e\x{301}e\x{301}e\x{301}e\x{301}e\x{301}e\x{301}e\x{301}e\x{301}e\x{301}e\x{301}e\x{301}e\x{301}e\x{301}e\x{301}e\x{301}e\x{301}e\x{301}e\x{301}e\x{301}e\x{301}e\x{301} e\x{301}e\x{301}e\x{301}e\x{301}e\x{301}e\x{301}e\x{301}e\x{301}e\x{301}e\x{301}e\x{301}e\x{301}e\x{301}e\x{301}e\x{301}e\x{301}e\x{301}e\x{301}e\x{301}e\x{301}e\x{301}e\x{301}"
          text run at (1056,5535) width 0: " "
          text run at (0,5550) width 1056: "e\x{301}e\x{301}e\x{301}e\x{301}e\x{301}e\x{301}e\x{301}e\x{301}e\x{301}e\x{301}e\x{301}e\x{301}e\x{301}e\x{301}e\x{301}e\x{301}e\x{301}e\x{301}e\x{301}e\x{301}e\x{301}e\x{301}e\x{301}e\x{301}e\x{301}e\x{301}e\x{301}e\x{301}e\x{301}e\x{301}e\x{301}e\x{301} e\x{301} e\x{301}e\x{301}e\x{301}e\x{301}e\x{301}e\x{301}e\x{301}e\x{301}e\x{301}e\x{301}e\x{301}e\x{301}e\x{301}e\x{301}e\x{301}e\x{301}e\x{301}e\x{301}e\x{301}e\x{301}e\x{301}e\x{301}e\x{301}e\x{301}e\x{301}e\x{301}e\x{301}e\x{301}e\x{301}e\x{301}e\x{301}e\x{301}e\x{301}e\x{301}e\x{301}e\x{301}e\x{301}e\x{301}e\x{301}e\x{301}e\x{301}e\x{301}e\x{301} e\x{301}e\x{301}e\x{301}e\x{301}e\x{301}e\x{301}e\x{301}e\x{301}e\x{301}e\x{301}e\x{301}e\x{301}e\x{301}e\x{301}e\x{301}e\x{301}e\x{301}e\x{301}e\x{301}e\x{301}e\x{301}e\x{301}e\x{301}e\x{301}e\x{301}e\x{301}e\x{301}e\x{301}e\x{301}e\x{301} e\x{301}e\x{301}e\x{301}e\x{301}e\x{301}e\x{301}e\x{301}e\x{301}e\x{301}e\x{301}e\x{301}e\x{301}e\x{301}e\x{301}e\x{301}e\x{301}e\x{301}e\x{301}e\x{301}e\x{301}e\x{301}e\x{301}"
          text run at (1056,5550) width 0: " "
          text run at (0,5565) width 1056: "e\x{301}e\x{301}e\x{301}e\x{301}e\x{301}e\x{301}e\x{301}e\x{301}e\x{301}e\x{301}e\x{301}e\x{301}e\x{301}e\x{301}e\x{301}e\x{301}e\x{301}e\x{301}e\x{301}e\x{301}e\x{301}e\x{301}e\x{301}e\x{301}e\x{301}e\x{301}e\x{301}e\x{301}e\x{301}e\x{301}e\x{301}e\x{301} e\x{301} e\x{301}e\x{301}e\x{301}e\x{301}e\x{301}e\x{301}e\x{301}e\x{301}e\x{301}e\x{301}e\x{301}e\x{301}e\x{301}e\x{301}e\x{301}e\x{301}e\x{301}e\x{301}e\x{301}e\x{301}e\x{301}e\x{301}e\x{301}e\x{301}e\x{301}e\x{301}e\x{301}e\x{301}e\x{301}e\x{301}e\x{301}e\x{301}e\x{301}e\x{301}e\x{301}e\x{301}e\x{301}e\x{301}e\x{301}e\x{301}e\x{301}e\x{301}e\x{301} e\x{301}e\x{301}e\x{301}e\x{301}e\x{301}e\x{301}e\x{301}e\x{301}e\x{301}e\x{301}e\x{301}e\x{301}e\x{301}e\x{301}e\x{301}e\x{301}e\x{301}e\x{301}e\x{301}e\x{301}e\x{301}e\x{301}e\x{301}e\x{301}e\x{301}e\x{301}e\x{301}e\x{301}e\x{301}e\x{301} e\x{301}e\x{301}e\x{301}e\x{301}e\x{301}e\x{301}e\x{301}e\x{301}e\x{301}e\x{301}e\x{301}e\x{301}e\x{301}e\x{301}e\x{301}e\x{301}e\x{301}e\x{301}e\x{301}e\x{301}e\x{301}e\x{301}"
          text run at (1056,5565) width 0: " "
          text run at (0,5580) width 1056: "e\x{301}e\x{301}e\x{301}e\x{301}e\x{301}e\x{301}e\x{301}e\x{301}e\x{301}e\x{301}e\x{301}e\x{301}e\x{301}e\x{301}e\x{301}e\x{301}e\x{301}e\x{301}e\x{301}e\x{301}e\x{301}e\x{301}e\x{301}e\x{301}e\x{301}e\x{301}e\x{301}e\x{301}e\x{301}e\x{301}e\x{301}e\x{301} e\x{301} e\x{301}e\x{301}e\x{301}e\x{301}e\x{301}e\x{301}e\x{301}e\x{301}e\x{301}e\x{301}e\x{301}e\x{301}e\x{301}e\x{301}e\x{301}e\x{301}e\x{301}e\x{301}e\x{301}e\x{301}e\x{301}e\x{301}e\x{301}e\x{301}e\x{301}e\x{301}e\x{301}e\x{301}e\x{301}e\x{301}e\x{301}e\x{301}e\x{301}e\x{301}e\x{301}e\x{301}e\x{301}e\x{301}e\x{301}e\x{301}e\x{301}e\x{301}e\x{301} e\x{301}e\x{301}e\x{301}e\x{301}e\x{301}e\x{301}e\x{301}e\x{301}e\x{301}e\x{301}e\x{301}e\x{301}e\x{301}e\x{301}e\x{301}e\x{301}e\x{301}e\x{301}e\x{301}e\x{301}e\x{301}e\x{301}e\x{301}e\x{301}e\x{301}e\x{301}e\x{301}e\x{301}e\x{301}e\x{301} e\x{301}e\x{301}e\x{301}e\x{301}e\x{301}e\x{301}e\x{301}e\x{301}e\x{301}e\x{301}e\x{301}e\x{301}e\x{301}e\x{301}e\x{301}e\x{301}e\x{301}e\x{301}e\x{301}e\x{301}e\x{301}e\x{301}"
          text run at (1056,5580) width 0: " "
          text run at (0,5595) width 1056: "e\x{301}e\x{301}e\x{301}e\x{301}e\x{301}e\x{301}e\x{301}e\x{301}e\x{301}e\x{301}e\x{301}e\x{301}e\x{301}e\x{301}e\x{301}e\x{301}e\x{301}e\x{301}e\x{301}e\x{301}e\x{301}e\x{301}e\x{301}e\x{301}e\x{301}e\x{301}e\x{301}e\x{301}e\x{301}e\x{301}e\x{301}e\x{301} e\x{301} e\x{301}e\x{301}e\x{301}e\x{301}e\x{301}e\x{301}e\x{301}e\x{301}e\x{301}e\x{301}e\x{301}e\x{301}e\x{301}e\x{301}e\x{301}e\x{301}e\x{301}e\x{301}e\x{301}e\x{301}e\x{301}e\x{301}e\x{301}e\x{301}e\x{301}e\x{301}e\x{301}e\x{301}e\x{301}e\x{301}e\x{301}e\x{301}e\x{301}e\x{301}e\x{301}e\x{301}e\x{301}e\x{301}e\x{301}e\x{301}e\x{301}e\x{301}e\x{301} e\x{301}e\x{301}e\x{301}e\x{301}e\x{301}e\x{301}e\x{301}e\x{301}e\x{301}e\x{301}e\x{301}e\x{301}e\x{301}e\x{301}e\x{301}e\x{301}e\x{301}e\x{301}e\x{301}e\x{301}e\x{301}e\x{301}e\x{301}e\x{301}e\x{301}e\x{301}e\x{301}e\x{301}e\x{301}e\x{301} e\x{301}e\x{301}e\x{301}e\x{301}e\x{301}e\x{301}e\x{301}e\x{301}e\x{301}e\x{301}e\x{301}e\x{301}e\x{301}e\x{301}e\x{301}e\x{301}e\x{301}e\x{301}e\x{301}e\x{301}e\x{301}e\x{301}"
          text run at (1056,5595) width 0: " "
          text run at (0,5610) width 1056: "e\x{301}e\x{301}e\x{301}e\x{301}e\x{301}e\x{301}e\x{301}e\x{301}e\x{301}e\x{301}e\x{301}e\x{301}e\x{301}e\x{301}e\x{301}e\x{301}e\x{301}e\x{301}e\x{301}e\x{301}e\x{301}e\x{301}e\x{301}e\x{301}e\x{301}e\x{301}e\x{301}e\x{301}e\x{301}e\x{301}e\x{301}e\x{301} e\x{301} e\x{301}e\x{301}e\x{301}e\x{301}e\x{301}e\x{301}e\x{301}e\x{301}e\x{301}e\x{301}e\x{301}e\x{301}e\x{301}e\x{301}e\x{301}e\x{301}e\x{301}e\x{301}e\x{301}e\x{301}e\x{301}e\x{301}e\x{301}e\x{301}e\x{301}e\x{301}e\x{301}e\x{301}e\x{301}e\x{301}e\x{301}e\x{301}e\x{301}e\x{301}e\x{301}e\x{301}e\x{301}e\x{301}e\x{301}e\x{301}e\x{301}e\x{301}e\x{301} e\x{301}e\x{301}e\x{301}e\x{301}e\x{301}e\x{301}e\x{301}e\x{301}e\x{301}e\x{301}e\x{301}e\x{301}e\x{301}e\x{301}e\x{301}e\x{301}e\x{301}e\x{301}e\x{301}e\x{301}e\x{301}e\x{301}e\x{301}e\x{301}e\x{301}e\x{301}e\x{301}e\x{301}e\x{301}e\x{301} e\x{301}e\x{301}e\x{301}e\x{301}e\x{301}e\x{301}e\x{301}e\x{301}e\x{301}e\x{301}e\x{301}e\x{301}e\x{301}e\x{301}e\x{301}e\x{301}e\x{301}e\x{301}e\x{301}e\x{301}e\x{301}e\x{301}"
          text run at (1056,5610) width 0: " "
          text run at (0,5625) width 1056: "e\x{301}e\x{301}e\x{301}e\x{301}e\x{301}e\x{301}e\x{301}e\x{301}e\x{301}e\x{301}e\x{301}e\x{301}e\x{301}e\x{301}e\x{301}e\x{301}e\x{301}e\x{301}e\x{301}e\x{301}e\x{301}e\x{301}e\x{301}e\x{301}e\x{301}e\x{301}e\x{301}e\x{301}e\x{301}e\x{301}e\x{301}e\x{301} e\x{301} e\x{301}e\x{301}e\x{301}e\x{301}e\x{301}e\x{301}e\x{301}e\x{301}e\x{301}e\x{301}e\x{301}e\x{301}e\x{301}e\x{301}e\x{301}e\x{301}e\x{301}e\x{301}e\x{301}e\x{301}e\x{301}e\x{301}e\x{301}e\x{301}e\x{301}e\x{301}e\x{301}e\x{301}e\x{301}e\x{301}e\x{301}e\x{301}e\x{301}e\x{301}e\x{301}e\x{301}e\x{301}e\x{301}e\x{301}e\x{301}e\x{301}e\x{301}e\x{301} e\x{301}e\x{301}e\x{301}e\x{301}e\x{301}e\x{301}e\x{301}e\x{301}e\x{301}e\x{301}e\x{301}e\x{301}e\x{301}e\x{301}e\x{301}e\x{301}e\x{301}e\x{301}e\x{301}e\x{301}e\x{301}e\x{301}e\x{301}e\x{301}e\x{301}e\x{301}e\x{301}e\x{301}e\x{301}e\x{301} e\x{301}e\x{301}e\x{301}e\x{301}e\x{301}e\x{301}e\x{301}e\x{301}e\x{301}e\x{301}e\x{301}e\x{301}e\x{301}e\x{301}e\x{301}e\x{301}e\x{301}e\x{301}e\x{301}e\x{301}e\x{301}e\x{301}"
          text run at (1056,5625) width 0: " "
          text run at (0,5640) width 1056: "e\x{301}e\x{301}e\x{301}e\x{301}e\x{301}e\x{301}e\x{301}e\x{301}e\x{301}e\x{301}e\x{301}e\x{301}e\x{301}e\x{301}e\x{301}e\x{301}e\x{301}e\x{301}e\x{301}e\x{301}e\x{301}e\x{301}e\x{301}e\x{301}e\x{301}e\x{301}e\x{301}e\x{301}e\x{301}e\x{301}e\x{301}e\x{301} e\x{301} e\x{301}e\x{301}e\x{301}e\x{301}e\x{301}e\x{301}e\x{301}e\x{301}e\x{301}e\x{301}e\x{301}e\x{301}e\x{301}e\x{301}e\x{301}e\x{301}e\x{301}e\x{301}e\x{301}e\x{301}e\x{301}e\x{301}e\x{301}e\x{301}e\x{301}e\x{301}e\x{301}e\x{301}e\x{301}e\x{301}e\x{301}e\x{301}e\x{301}e\x{301}e\x{301}e\x{301}e\x{301}e\x{301}e\x{301}e\x{301}e\x{301}e\x{301}e\x{301} e\x{301}e\x{301}e\x{301}e\x{301}e\x{301}e\x{301}e\x{301}e\x{301}e\x{301}e\x{301}e\x{301}e\x{301}e\x{301}e\x{301}e\x{301}e\x{301}e\x{301}e\x{301}e\x{301}e\x{301}e\x{301}e\x{301}e\x{301}e\x{301}e\x{301}e\x{301}e\x{301}e\x{301}e\x{301}e\x{301} e\x{301}e\x{301}e\x{301}e\x{301}e\x{301}e\x{301}e\x{301}e\x{301}e\x{301}e\x{301}e\x{301}e\x{301}e\x{301}e\x{301}e\x{301}e\x{301}e\x{301}e\x{301}e\x{301}e\x{301}e\x{301}e\x{301}"
          text run at (1056,5640) width 0: " "
          text run at (0,5655) width 1056: "e\x{301}e\x{301}e\x{301}e\x{301}e\x{301}e\x{301}e\x{301}e\x{301}e\x{301}e\x{301}e\x{301}e\x{301}e\x{301}e\x{301}e\x{301}e\x{301}e\x{301}e\x{301}e\x{301}e\x{301}e\x{301}e\x{301}e\x{301}e\x{301}e\x{301}e\x{301}e\x{301}e\x{301}e\x{301}e\x{301}e\x{301}e\x{301} e\x{301} e\x{301}e\x{301}e\x{301}e\x{301}e\x{301}e\x{301}e\x{301}e\x{301}e\x{301}e\x{301}e\x{301}e\x{301}e\x{301}e\x{301}e\x{301}e\x{301}e\x{301}e\x{301}e\x{301}e\x{301}e\x{301}e\x{301}e\x{301}e\x{301}e\x{301}e\x{301}e\x{301}e\x{301}e\x{301}e\x{301}e\x{301}e\x{301}e\x{301}e\x{301}e\x{301}e\x{301}e\x{301}e\x{301}e\x{301}e\x{301}e\x{301}e\x{301}e\x{301} e\x{301}e\x{301}e\x{301}e\x{301}e\x{301}e\x{301}e\x{301}e\x{301}e\x{301}e\x{301}e\x{301}e\x{301}e\x{301}e\x{301}e\x{301}e\x{301}e\x{301}e\x{301}e\x{301}e\x{301}e\x{301}e\x{301}e\x{301}e\x{301}e\x{301}e\x{301}e\x{301}e\x{301}e\x{301}e\x{301} e\x{301}e\x{301}e\x{301}e\x{301}e\x{301}e\x{301}e\x{301}e\x{301}e\x{301}e\x{301}e\x{301}e\x{301}e\x{301}e\x{301}e\x{301}e\x{301}e\x{301}e\x{301}e\x{301}e\x{301}e\x{301}e\x{301}"
          text run at (1056,5655) width 0: " "
          text run at (0,5670) width 1056: "e\x{301}e\x{301}e\x{301}e\x{301}e\x{301}e\x{301}e\x{301}e\x{301}e\x{301}e\x{301}e\x{301}e\x{301}e\x{301}e\x{301}e\x{301}e\x{301}e\x{301}e\x{301}e\x{301}e\x{301}e\x{301}e\x{301}e\x{301}e\x{301}e\x{301}e\x{301}e\x{301}e\x{301}e\x{301}e\x{301}e\x{301}e\x{301} e\x{301} e\x{301}e\x{301}e\x{301}e\x{301}e\x{301}e\x{301}e\x{301}e\x{301}e\x{301}e\x{301}e\x{301}e\x{301}e\x{301}e\x{301}e\x{301}e\x{301}e\x{301}e\x{301}e\x{301}e\x{301}e\x{301}e\x{301}e\x{301}e\x{301}e\x{301}e\x{301}e\x{301}e\x{301}e\x{301}e\x{301}e\x{301}e\x{301}e\x{301}e\x{301}e\x{301}e\x{301}e\x{301}e\x{301}e\x{301}e\x{301}e\x{301}e\x{301}e\x{301} e\x{301}e\x{301}e\x{301}e\x{301}e\x{301}e\x{301}e\x{301}e\x{301}e\x{301}e\x{301}e\x{301}e\x{301}e\x{301}e\x{301}e\x{301}e\x{301}e\x{301}e\x{301}e\x{301}e\x{301}e\x{301}e\x{301}e\x{301}e\x{301}e\x{301}e\x{301}e\x{301}e\x{301}e\x{301}e\x{301} e\x{301}e\x{301}e\x{301}e\x{301}e\x{301}e\x{301}e\x{301}e\x{301}e\x{301}e\x{301}e\x{301}e\x{301}e\x{301}e\x{301}e\x{301}e\x{301}e\x{301}e\x{301}e\x{301}e\x{301}e\x{301}e\x{301}"
          text run at (1056,5670) width 0: " "
          text run at (0,5685) width 1056: "e\x{301}e\x{301}e\x{301}e\x{301}e\x{301}e\x{301}e\x{301}e\x{301}e\x{301}e\x{301}e\x{301}e\x{301}e\x{301}e\x{301}e\x{301}e\x{301}e\x{301}e\x{301}e\x{301}e\x{301}e\x{301}e\x{301}e\x{301}e\x{301}e\x{301}e\x{301}e\x{301}e\x{301}e\x{301}e\x{301}e\x{301}e\x{301} e\x{301} e\x{301}e\x{301}e\x{301}e\x{301}e\x{301}e\x{301}e\x{301}e\x{301}e\x{301}e\x{301}e\x{301}e\x{301}e\x{301}e\x{301}e\x{301}e\x{301}e\x{301}e\x{301}e\x{301}e\x{301}e\x{301}e\x{301}e\x{301}e\x{301}e\x{301}e\x{301}e\x{301}e\x{301}e\x{301}e\x{301}e\x{301}e\x{301}e\x{301}e\x{301}e\x{301}e\x{301}e\x{301}e\x{301}e\x{301}e\x{301}e\x{301}e\x{301}e\x{301} e\x{301}e\x{301}e\x{301}e\x{301}e\x{301}e\x{301}e\x{301}e\x{301}e\x{301}e\x{301}e\x{301}e\x{301}e\x{301}e\x{301}e\x{301}e\x{301}e\x{301}e\x{301}e\x{301}e\x{301}e\x{301}e\x{301}e\x{301}e\x{301}e\x{301}e\x{301}e\x{301}e\x{301}e\x{301}e\x{301} e\x{301}e\x{301}e\x{301}e\x{301}e\x{301}e\x{301}e\x{301}e\x{301}e\x{301}e\x{301}e\x{301}e\x{301}e\x{301}e\x{301}e\x{301}e\x{301}e\x{301}e\x{301}e\x{301}e\x{301}e\x{301}e\x{301}"
          text run at (1056,5685) width 0: " "
          text run at (0,5700) width 1056: "e\x{301}e\x{301}e\x{301}e\x{301}e\x{301}e\x{301}e\x{301}e\x{301}e\x{301}e\x{301}e\x{301}e\x{301}e\x{301}e\x{301}e\x{301}e\x{301}e\x{301}e\x{301}e\x{301}e\x{301}e\x{301}e\x{301}e\x{301}e\x{301}e\x{301}e\x{301}e\x{301}e\x{301}e\x{301}e\x{301}e\x{301}e\x{301} e\x{301} e\x{301}e\x{301}e\x{301}e\x{301}e\x{301}e\x{301}e\x{301}e\x{301}e\x{301}e\x{301}e\x{301}e\x{301}e\x{301}e\x{301}e\x{301}e\x{301}e\x{301}e\x{301}e\x{301}e\x{301}e\x{301}e\x{301}e\x{301}e\x{301}e\x{301}e\x{301}e\x{301}e\x{301}e\x{301}e\x{301}e\x{301}e\x{301}e\x{301}e\x{301}e\x{301}e\x{301}e\x{301}e\x{301}e\x{301}e\x{301}e\x{301}e\x{301}e\x{301} e\x{301}e\x{301}e\x{301}e\x{301}e\x{301}e\x{301}e\x{301}e\x{301}e\x{301}e\x{301}e\x{301}e\x{301}e\x{301}e\x{301}e\x{301}e\x{301}e\x{301}e\x{301}e\x{301}e\x{301}e\x{301}e\x{301}e\x{301}e\x{301}e\x{301}e\x{301}e\x{301}e\x{301}e\x{301}e\x{301} e\x{301}e\x{301}e\x{301}e\x{301}e\x{301}e\x{301}e\x{301}e\x{301}e\x{301}e\x{301}e\x{301}e\x{301}e\x{301}e\x{301}e\x{301}e\x{301}e\x{301}e\x{301}e\x{301}e\x{301}e\x{301}e\x{301}"
          text run at (1056,5700) width 0: " "
          text run at (0,5715) width 1056: "e\x{301}e\x{301}e\x{301}e\x{301}e\x{301}e\x{301}e\x{301}e\x{301}e\x{301}e\x{301}e\x{301}e\x{301}e\x{301}e\x{301}e\x{301}e\x{301}e\x{301}e\x{301}e\x{301}e\x{301}e\x{301}e\x{301}e\x{301}e\x{301}e\x{301}e\x{301}e\x{301}e\x{301}e\x{301}e\x{301}e\x{301}e\x{301} e\x{301} e\x{301}e\x{301}e\x{301}e\x{301}e\x{301}e\x{301}e\x{301}e\x{301}e\x{301}e\x{301}e\x{301}e\x{301}e\x{301}e\x{301}e\x{301}e\x{301}e\x{301}e\x{301}e\x{301}e\x{301}e\x{301}e\x{301}e\x{301}e\x{301}e\x{301}e\x{301}e\x{301}e\x{301}e\x{301}e\x{301}e\x{301}e\x{301}e\x{301}e\x{301}e\x{301}e\x{301}e\x{301}e\x{301}e\x{301}e\x{301}e\x{301}e\x{301}e\x{301} e\x{301}e\x{301}e\x{301}e\x{301}e\x{301}e\x{301}e\x{301}e\x{301}e\x{301}e\x{301}e\x{301}e\x{301}e\x{301}e\x{301}e\x{301}e\x{301}e\x{301}e\x{301}e\x{301}e\x{301}e\x{301}e\x{301}e\x{301}e\x{301}e\x{301}e\x{301}e\x{301}e\x{301}e\x{301}e\x{301} e\x{301}e\x{301}e\x{301}e\x{301}e\x{301}e\x{301}e\x{301}e\x{301}e\x{301}e\x{301}e\x{301}e\x{301}e\x{301}e\x{301}e\x{301}e\x{301}e\x{301}e\x{301}e\x{301}e\x{301}e\x{301}e\x{301}"
          text run at (1056,5715) width 0: " "
          text run at (0,5730) width 1056: "e\x{301}e\x{301}e\x{301}e\x{301}e\x{301}e\x{301}e\x{301}e\x{301}e\x{301}e\x{301}e\x{301}e\x{301}e\x{301}e\x{301}e\x{301}e\x{301}e\x{301}e\x{301}e\x{301}e\x{301}e\x{301}e\x{301}e\x{301}e\x{301}e\x{301}e\x{301}e\x{301}e\x{301}e\x{301}e\x{301}e\x{301}e\x{301} e\x{301} e\x{301}e\x{301}e\x{301}e\x{301}e\x{301}e\x{301}e\x{301}e\x{301}e\x{301}e\x{301}e\x{301}e\x{301}e\x{301}e\x{301}e\x{301}e\x{301}e\x{301}e\x{301}e\x{301}e\x{301}e\x{301}e\x{301}e\x{301}e\x{301}e\x{301}e\x{301}e\x{301}e\x{301}e\x{301}e\x{301}e\x{301}e\x{301}e\x{301}e\x{301}e\x{301}e\x{301}e\x{301}e\x{301}e\x{301}e\x{301}e\x{301}e\x{301}e\x{301} e\x{301}e\x{301}e\x{301}e\x{301}e\x{301}e\x{301}e\x{301}e\x{301}e\x{301}e\x{301}e\x{301}e\x{301}e\x{301}e\x{301}e\x{301}e\x{301}e\x{301}e\x{301}e\x{301}e\x{301}e\x{301}e\x{301}e\x{301}e\x{301}e\x{301}e\x{301}e\x{301}e\x{301}e\x{301}e\x{301} e\x{301}e\x{301}e\x{301}e\x{301}e\x{301}e\x{301}e\x{301}e\x{301}e\x{301}e\x{301}e\x{301}e\x{301}e\x{301}e\x{301}e\x{301}e\x{301}e\x{301}e\x{301}e\x{301}e\x{301}e\x{301}e\x{301}"
          text run at (1056,5730) width 0: " "
          text run at (0,5745) width 1056: "e\x{301}e\x{301}e\x{301}e\x{301}e\x{301}e\x{301}e\x{301}e\x{301}e\x{301}e\x{301}e\x{301}e\x{301}e\x{301}e\x{301}e\x{301}e\x{301}e\x{301}e\x{301}e\x{301}e\x{301}e\x{301}e\x{301}e\x{301}e\x{301}e\x{301}e\x{301}e\x{301}e\x{301}e\x{301}e\x{301}e\x{301}e\x{301} e\x{301} e\x{301}e\x{301}e\x{301}e\x{301}e\x{301}e\x{301}e\x{301}e\x{301}e\x{301}e\x{301}e\x{301}e\x{301}e\x{301}e\x{301}e\x{301}e\x{301}e\x{301}e\x{301}e\x{301}e\x{301}e\x{301}e\x{301}e\x{301}e\x{301}e\x{301}e\x{301}e\x{301}e\x{301}e\x{301}e\x{301}e\x{301}e\x{301}e\x{301}e\x{301}e\x{301}e\x{301}e\x{301}e\x{301}e\x{301}e\x{301}e\x{301}e\x{301}e\x{301} e\x{301}e\x{301}e\x{301}e\x{301}e\x{301}e\x{301}e\x{301}e\x{301}e\x{301}e\x{301}e\x{301}e\x{301}e\x{301}e\x{301}e\x{301}e\x{301}e\x{301}e\x{301}e\x{301}e\x{301}e\x{301}e\x{301}e\x{301}e\x{301}e\x{301}e\x{301}e\x{301}e\x{301}e\x{301}e\x{301} e\x{301}e\x{301}e\x{301}e\x{301}e\x{301}e\x{301}e\x{301}e\x{301}e\x{301}e\x{301}e\x{301}e\x{301}e\x{301}e\x{301}e\x{301}e\x{301}e\x{301}e\x{301}e\x{301}e\x{301}e\x{301}e\x{301}"
          text run at (1056,5745) width 0: " "
          text run at (0,5760) width 1056: "e\x{301}e\x{301}e\x{301}e\x{301}e\x{301}e\x{301}e\x{301}e\x{301}e\x{301}e\x{301}e\x{301}e\x{301}e\x{301}e\x{301}e\x{301}e\x{301}e\x{301}e\x{301}e\x{301}e\x{301}e\x{301}e\x{301}e\x{301}e\x{301}e\x{301}e\x{301}e\x{301}e\x{301}e\x{301}e\x{301}e\x{301}e\x{301} e\x{301} e\x{301}e\x{301}e\x{301}e\x{301}e\x{301}e\x{301}e\x{301}e\x{301}e\x{301}e\x{301}e\x{301}e\x{301}e\x{301}e\x{301}e\x{301}e\x{301}e\x{301}e\x{301}e\x{301}e\x{301}e\x{301}e\x{301}e\x{301}e\x{301}e\x{301}e\x{301}e\x{301}e\x{301}e\x{301}e\x{301}e\x{301}e\x{301}e\x{301}e\x{301}e\x{301}e\x{301}e\x{301}e\x{301}e\x{301}e\x{301}e\x{301}e\x{301}e\x{301} e\x{301}e\x{301}e\x{301}e\x{301}e\x{301}e\x{301}e\x{301}e\x{301}e\x{301}e\x{301}e\x{301}e\x{301}e\x{301}e\x{301}e\x{301}e\x{301}e\x{301}e\x{301}e\x{301}e\x{301}e\x{301}e\x{301}e\x{301}e\x{301}e\x{301}e\x{301}e\x{301}e\x{301}e\x{301}e\x{301} e\x{301}e\x{301}e\x{301}e\x{301}e\x{301}e\x{301}e\x{301}e\x{301}e\x{301}e\x{301}e\x{301}e\x{301}e\x{301}e\x{301}e\x{301}e\x{301}e\x{301}e\x{301}e\x{301}e\x{301}e\x{301}e\x{301}"
          text run at (1056,5760) width 0: " "
          text run at (0,5775) width 1056: "e\x{301}e\x{301}e\x{301}e\x{301}e\x{301}e\x{301}e\x{301}e\x{301}e\x{301}e\x{301}e\x{301}e\x{301}e\x{301}e\x{301}e\x{301}e\x{301}e\x{301}e\x{301}e\x{301}e\x{301}e\x{301}e\x{301}e\x{301}e\x{301}e\x{301}e\x{301}e\x{301}e\x{301}e\x{301}e\x{301}e\x{301}e\x{301} e\x{301} e\x{301}e\x{301}e\x{301}e\x{301}e\x{301}e\x{301}e\x{301}e\x{301}e\x{301}e\x{301}e\x{301}e\x{301}e\x{301}e\x{301}e\x{301}e\x{301}e\x{301}e\x{301}e\x{301}e\x{301}e\x{301}e\x{301}e\x{301}e\x{301}e\x{301}e\x{301}e\x{301}e\x{301}e\x{301}e\x{301}e\x{301}e\x{301}e\x{301}e\x{301}e\x{301}e\x{301}e\x{301}e\x{301}e\x{301}e\x{301}e\x{301}e\x{301}e\x{301} e\x{301}e\x{301}e\x{301}e\x{301}e\x{301}e\x{301}e\x{301}e\x{301}e\x{301}e\x{301}e\x{301}e\x{301}e\x{301}e\x{301}e\x{301}e\x{301}e\x{301}e\x{301}e\x{301}e\x{301}e\x{301}e\x{301}e\x{301}e\x{301}e\x{301}e\x{301}e\x{301}e\x{301}e\x{301}e\x{301} e\x{301}e\x{301}e\x{301}e\x{301}e\x{301}e\x{301}e\x{301}e\x{301}e\x{301}e\x{301}e\x{301}e\x{301}e\x{301}e\x{301}e\x{301}e\x{301}e\x{301}e\x{301}e\x{301}e\x{301}e\x{301}e\x{301}"
          text run at (1056,5775) width 0: " "
          text run at (0,5790) width 1056: "e\x{301}e\x{301}e\x{301}e\x{301}e\x{301}e\x{301}e\x{301}e\x{301}e\x{301}e\x{301}e\x{301}e\x{301}e\x{301}e\x{301}e\x{301}e\x{301}e\x{301}e\x{301}e\x{301}e\x{301}e\x{301}e\x{301}e\x{301}e\x{301}e\x{301}e\x{301}e\x{301}e\x{301}e\x{301}e\x{301}e\x{301}e\x{301} e\x{301} e\x{301}e\x{301}e\x{301}e\x{301}e\x{301}e\x{301}e\x{301}e\x{301}e\x{301}e\x{301}e\x{301}e\x{301}e\x{301}e\x{301}e\x{301}e\x{301}e\x{301}e\x{301}e\x{301}e\x{301}e\x{301}e\x{301}e\x{301}e\x{301}e\x{301}e\x{301}e\x{301}e\x{301}e\x{301}e\x{301}e\x{301}e\x{301}e\x{301}e\x{301}e\x{301}e\x{301}e\x{301}e\x{301}e\x{301}e\x{301}e\x{301}e\x{301}e\x{301} e\x{301}e\x{301}e\x{301}e\x{301}e\x{301}e\x{301}e\x{301}e\x{301}e\x{301}e\x{301}e\x{301}e\x{301}e\x{301}e\x{301}e\x{301}e\x{301}e\x{301}e\x{301}e\x{301}e\x{301}e\x{301}e\x{301}e\x{301}e\x{301}e\x{301}e\x{301}e\x{301}e\x{301}e\x{301}e\x{301} e\x{301}e\x{301}e\x{301}e\x{301}e\x{301}e\x{301}e\x{301}e\x{301}e\x{301}e\x{301}e\x{301}e\x{301}e\x{301}e\x{301}e\x{301}e\x{301}e\x{301}e\x{301}e\x{301}e\x{301}e\x{301}e\x{301}"
          text run at (1056,5790) width 0: " "
          text run at (0,5805) width 1056: "e\x{301}e\x{301}e\x{301}e\x{301}e\x{301}e\x{301}e\x{301}e\x{301}e\x{301}e\x{301}e\x{301}e\x{301}e\x{301}e\x{301}e\x{301}e\x{301}e\x{301}e\x{301}e\x{301}e\x{301}e\x{301}e\x{301}e\x{301}e\x{301}e\x{301}e\x{301}e\x{301}e\x{301}e\x{301}e\x{301}e\x{301}e\x{301} e\x{301} e\x{301}e\x{301}e\x{301}e\x{301}e\x{301}e\x{301}e\x{301}e\x{301}e\x{301}e\x{301}e\x{301}e\x{301}e\x{301}e\x{301}e\x{301}e\x{301}e\x{301}e\x{301}e\x{301}e\x{301}e\x{301}e\x{301}e\x{301}e\x{301}e\x{301}e\x{301}e\x{301}e\x{301}e\x{301}e\x{301}e\x{301}e\x{301}e\x{301}e\x{301}e\x{301}e\x{301}e\x{301}e\x{301}e\x{301}e\x{301}e\x{301}e\x{301}e\x{301} e\x{301}e\x{301}e\x{301}e\x{301}e\x{301}e\x{301}e\x{301}e\x{301}e\x{301}e\x{301}e\x{301}e\x{301}e\x{301}e\x{301}e\x{301}e\x{301}e\x{301}e\x{301}e\x{301}e\x{301}e\x{301}e\x{301}e\x{301}e\x{301}e\x{301}e\x{301}e\x{301}e\x{301}e\x{301}e\x{301} e\x{301}e\x{301}e\x{301}e\x{301}e\x{301}e\x{301}e\x{301}e\x{301}e\x{301}e\x{301}e\x{301}e\x{301}e\x{301}e\x{301}e\x{301}e\x{301}e\x{301}e\x{301}e\x{301}e\x{301}e\x{301}e\x{301}"
          text run at (1056,5805) width 0: " "
          text run at (0,5820) width 1056: "e\x{301}e\x{301}e\x{301}e\x{301}e\x{301}e\x{301}e\x{301}e\x{301}e\x{301}e\x{301}e\x{301}e\x{301}e\x{301}e\x{301}e\x{301}e\x{301}e\x{301}e\x{301}e\x{301}e\x{301}e\x{301}e\x{301}e\x{301}e\x{301}e\x{301}e\x{301}e\x{301}e\x{301}e\x{301}e\x{301}e\x{301}e\x{301} e\x{301} e\x{301}e\x{301}e\x{301}e\x{301}e\x{301}e\x{301}e\x{301}e\x{301}e\x{301}e\x{301}e\x{301}e\x{301}e\x{301}e\x{301}e\x{301}e\x{301}e\x{301}e\x{301}e\x{301}e\x{301}e\x{301}e\x{301}e\x{301}e\x{301}e\x{301}e\x{301}e\x{301}e\x{301}e\x{301}e\x{301}e\x{301}e\x{301}e\x{301}e\x{301}e\x{301}e\x{301}e\x{301}e\x{301}e\x{301}e\x{301}e\x{301}e\x{301}e\x{301} e\x{301}e\x{301}e\x{301}e\x{301}e\x{301}e\x{301}e\x{301}e\x{301}e\x{301}e\x{301}e\x{301}e\x{301}e\x{301}e\x{301}e\x{301}e\x{301}e\x{301}e\x{301}e\x{301}e\x{301}e\x{301}e\x{301}e\x{301}e\x{301}e\x{301}e\x{301}e\x{301}e\x{301}e\x{301}e\x{301} e\x{301}e\x{301}e\x{301}e\x{301}e\x{301}e\x{301}e\x{301}e\x{301}e\x{301}e\x{301}e\x{301}e\x{301}e\x{301}e\x{301}e\x{301}e\x{301}e\x{301}e\x{301}e\x{301}e\x{301}e\x{301}e\x{301}"
          text run at (1056,5820) width 0: " "
          text run at (0,5835) width 1056: "e\x{301}e\x{301}e\x{301}e\x{301}e\x{301}e\x{301}e\x{301}e\x{301}e\x{301}e\x{301}e\x{301}e\x{301}e\x{301}e\x{301}e\x{301}e\x{301}e\x{301}e\x{301}e\x{301}e\x{301}e\x{301}e\x{301}e\x{301}e\x{301}e\x{301}e\x{301}e\x{301}e\x{301}e\x{301}e\x{301}e\x{301}e\x{301} e\x{301} e\x{301}e\x{301}e\x{301}e\x{301}e\x{301}e\x{301}e\x{301}e\x{301}e\x{301}e\x{301}e\x{301}e\x{301}e\x{301}e\x{301}e\x{301}e\x{301}e\x{301}e\x{301}e\x{301}e\x{301}e\x{301}e\x{301}e\x{301}e\x{301}e\x{301}e\x{301}e\x{301}e\x{301}e\x{301}e\x{301}e\x{301}e\x{301}e\x{301}e\x{301}e\x{301}e\x{301}e\x{301}e\x{301}e\x{301}e\x{301}e\x{301}e\x{301}e\x{301} e\x{301}e\x{301}e\x{301}e\x{301}e\x{301}e\x{301}e\x{301}e\x{301}e\x{301}e\x{301}e\x{301}e\x{301}e\x{301}e\x{301}e\x{301}e\x{301}e\x{301}e\x{301}e\x{301}e\x{301}e\x{301}e\x{301}e\x{301}e\x{301}e\x{301}e\x{301}e\x{301}e\x{301}e\x{301}e\x{301} e\x{301}e\x{301}e\x{301}e\x{301}e\x{301}e\x{301}e\x{301}e\x{301}e\x{301}e\x{301}e\x{301}e\x{301}e\x{301}e\x{301}e\x{301}e\x{301}e\x{301}e\x{301}e\x{301}e\x{301}e\x{301}e\x{301}"
          text run at (1056,5835) width 0: " "
          text run at (0,5850) width 1056: "e\x{301}e\x{301}e\x{301}e\x{301}e\x{301}e\x{301}e\x{301}e\x{301}e\x{301}e\x{301}e\x{301}e\x{301}e\x{301}e\x{301}e\x{301}e\x{301}e\x{301}e\x{301}e\x{301}e\x{301}e\x{301}e\x{301}e\x{301}e\x{301}e\x{301}e\x{301}e\x{301}e\x{301}e\x{301}e\x{301}e\x{301}e\x{301} e\x{301} e\x{301}e\x{301}e\x{301}e\x{301}e\x{301}e\x{301}e\x{301}e\x{301}e\x{301}e\x{301}e\x{301}e\x{301}e\x{301}e\x{301}e\x{301}e\x{301}e\x{301}e\x{301}e\x{301}e\x{301}e\x{301}e\x{301}e\x{301}e\x{301}e\x{301}e\x{301}e\x{301}e\x{301}e\x{301}e\x{301}e\x{301}e\x{301}e\x{301}e\x{301}e\x{301}e\x{301}e\x{301}e\x{301}e\x{301}e\x{301}e\x{301}e\x{301}e\x{301} e\x{301}e\x{301}e\x{301}e\x{301}e\x{301}e\x{301}e\x{301}e\x{301}e\x{301}e\x{301}e\x{301}e\x{301}e\x{301}e\x{301}e\x{301}e\x{301}e\x{301}e\x{301}e\x{301}e\x{301}e\x{301}e\x{301}e\x{301}e\x{301}e\x{301}e\x{301}e\x{301}e\x{301}e\x{301}e\x{301} e\x{301}e\x{301}e\x{301}e\x{301}e\x{301}e\x{301}e\x{301}e\x{301}e\x{301}e\x{301}e\x{301}e\x{301}e\x{301}e\x{301}e\x{301}e\x{301}e\x{301}e\x{301}e\x{301}e\x{301}e\x{301}e\x{301}"
          text run at (1056,5850) width 0: " "
          text run at (0,5865) width 1056: "e\x{301}e\x{301}e\x{301}e\x{301}e\x{301}e\x{301}e\x{301}e\x{301}e\x{301}e\x{301}e\x{301}e\x{301}e\x{301}e\x{301}e\x{301}e\x{301}e\x{301}e\x{301}e\x{301}e\x{301}e\x{301}e\x{301}e\x{301}e\x{301}e\x{301}e\x{301}e\x{301}e\x{301}e\x{301}e\x{301}e\x{301}e\x{301} e\x{301} e\x{301}e\x{301}e\x{301}e\x{301}e\x{301}e\x{301}e\x{301}e\x{301}e\x{301}e\x{301}e\x{301}e\x{301}e\x{301}e\x{301}e\x{301}e\x{301}e\x{301}e\x{301}e\x{301}e\x{301}e\x{301}e\x{301}e\x{301}e\x{301}e\x{301}e\x{301}e\x{301}e\x{301}e\x{301}e\x{301}e\x{301}e\x{301}e\x{301}e\x{301}e\x{301}e\x{301}e\x{301}e\x{301}e\x{301}e\x{301}e\x{301}e\x{301}e\x{301} e\x{301}e\x{301}e\x{301}e\x{301}e\x{301}e\x{301}e\x{301}e\x{301}e\x{301}e\x{301}e\x{301}e\x{301}e\x{301}e\x{301}e\x{301}e\x{301}e\x{301}e\x{301}e\x{301}e\x{301}e\x{301}e\x{301}e\x{301}e\x{301}e\x{301}e\x{301}e\x{301}e\x{301}e\x{301}e\x{301} e\x{301}e\x{301}e\x{301}e\x{301}e\x{301}e\x{301}e\x{301}e\x{301}e\x{301}e\x{301}e\x{301}e\x{301}e\x{301}e\x{301}e\x{301}e\x{301}e\x{301}e\x{301}e\x{301}e\x{301}e\x{301}e\x{301}"
          text run at (1056,5865) width 0: " "
          text run at (0,5880) width 1056: "e\x{301}e\x{301}e\x{301}e\x{301}e\x{301}e\x{301}e\x{301}e\x{301}e\x{301}e\x{301}e\x{301}e\x{301}e\x{301}e\x{301}e\x{301}e\x{301}e\x{301}e\x{301}e\x{301}e\x{301}e\x{301}e\x{301}e\x{301}e\x{301}e\x{301}e\x{301}e\x{301}e\x{301}e\x{301}e\x{301}e\x{301}e\x{301} e\x{301} e\x{301}e\x{301}e\x{301}e\x{301}e\x{301}e\x{301}e\x{301}e\x{301}e\x{301}e\x{301}e\x{301}e\x{301}e\x{301}e\x{301}e\x{301}e\x{301}e\x{301}e\x{301}e\x{301}e\x{301}e\x{301}e\x{301}e\x{301}e\x{301}e\x{301}e\x{301}e\x{301}e\x{301}e\x{301}e\x{301}e\x{301}e\x{301}e\x{301}e\x{301}e\x{301}e\x{301}e\x{301}e\x{301}e\x{301}e\x{301}e\x{301}e\x{301}e\x{301} e\x{301}e\x{301}e\x{301}e\x{301}e\x{301}e\x{301}e\x{301}e\x{301}e\x{301}e\x{301}e\x{301}e\x{301}e\x{301}e\x{301}e\x{301}e\x{301}e\x{301}e\x{301}e\x{301}e\x{301}e\x{301}e\x{301}e\x{301}e\x{301}e\x{301}e\x{301}e\x{301}e\x{301}e\x{301}e\x{301} e\x{301}e\x{301}e\x{301}e\x{301}e\x{301}e\x{301}e\x{301}e\x{301}e\x{301}e\x{301}e\x{301}e\x{301}e\x{301}e\x{301}e\x{301}e\x{301}e\x{301}e\x{301}e\x{301}e\x{301}e\x{301}e\x{301}"
          text run at (1056,5880) width 0: " "
          text run at (0,5895) width 1056: "e\x{301}e\x{301}e\x{301}e\x{301}e\x{301}e\x{301}e\x{301}e\x{301}e\x{301}e\x{301}e\x{301}e\x{301}e\x{301}e\x{301}e\x{301}e\x{301}e\x{301}e\x{301}e\x{301}e\x{301}e\x{301}e\x{301}e\x{301}e\x{301}e\x{301}e\x{301}e\x{301}e\x{301}e\x{301}e\x{301}e\x{301}e\x{301} e\x{301} e\x{301}e\x{301}e\x{301}e\x{301}e\x{301}e\x{301}e\x{301}e\x{301}e\x{301}e\x{301}e\x{301}e\x{301}e\x{301}e\x{301}e\x{301}e\x{301}e\x{301}e\x{301}e\x{301}e\x{301}e\x{301}e\x{301}e\x{301}e\x{301}e\x{301}e\x{301}e\x{301}e\x{301}e\x{301}e\x{301}e\x{301}e\x{301}e\x{301}e\x{301}e\x{301}e\x{301}e\x{301}e\x{301}e\x{301}e\x{301}e\x{301}e\x{301}e\x{301} e\x{301}e\x{301}e\x{301}e\x{301}e\x{301}e\x{301}e\x{301}e\x{301}e\x{301}e\x{301}e\x{301}e\x{301}e\x{301}e\x{301}e\x{301}e\x{301}e\x{301}e\x{301}e\x{301}e\x{301}e\x{301}e\x{301}e\x{301}e\x{301}e\x{301}e\x{301}e\x{301}e\x{301}e\x{301}e\x{301} e\x{301}e\x{301}e\x{301}e\x{301}e\x{301}e\x{301}e\x{301}e\x{301}e\x{301}e\x{301}e\x{301}e\x{301}e\x{301}e\x{301}e\x{301}e\x{301}e\x{301}e\x{301}e\x{301}e\x{301}e\x{301}e\x{301}"
          text run at (1056,5895) width 0: " "
          text run at (0,5910) width 1056: "e\x{301}e\x{301}e\x{301}e\x{301}e\x{301}e\x{301}e\x{301}e\x{301}e\x{301}e\x{301}e\x{301}e\x{301}e\x{301}e\x{301}e\x{301}e\x{301}e\x{301}e\x{301}e\x{301}e\x{301}e\x{301}e\x{301}e\x{301}e\x{301}e\x{301}e\x{301}e\x{301}e\x{301}e\x{301}e\x{301}e\x{301}e\x{301} e\x{301} e\x{301}e\x{301}e\x{301}e\x{301}e\x{301}e\x{301}e\x{301}e\x{301}e\x{301}e\x{301}e\x{301}e\x{301}e\x{301}e\x{301}e\x{301}e\x{301}e\x{301}e\x{301}e\x{301}e\x{301}e\x{301}e\x{301}e\x{301}e\x{301}e\x{301}e\x{301}e\x{301}e\x{301}e\x{301}e\x{301}e\x{301}e\x{301}e\x{301}e\x{301}e\x{301}e\x{301}e\x{301}e\x{301}e\x{301}e\x{301}e\x{301}e\x{301}e\x{301} e\x{301}e\x{301}e\x{301}e\x{301}e\x{301}e\x{301}e\x{301}e\x{301}e\x{301}e\x{301}e\x{301}e\x{301}e\x{301}e\x{301}e\x{301}e\x{301}e\x{301}e\x{301}e\x{301}e\x{301}e\x{301}e\x{301}e\x{301}e\x{301}e\x{301}e\x{301}e\x{301}e\x{301}e\x{301}e\x{301} e\x{301}e\x{301}e\x{301}e\x{301}e\x{301}e\x{301}e\x{301}e\x{301}e\x{301}e\x{301}e\x{301}e\x{301}e\x{301}e\x{301}e\x{301}e\x{301}e\x{301}e\x{301}e\x{301}e\x{301}e\x{301}e\x{301}"
          text run at (1056,5910) width 0: " "
          text run at (0,5925) width 1056: "e\x{301}e\x{301}e\x{301}e\x{301}e\x{301}e\x{301}e\x{301}e\x{301}e\x{301}e\x{301}e\x{301}e\x{301}e\x{301}e\x{301}e\x{301}e\x{301}e\x{301}e\x{301}e\x{301}e\x{301}e\x{301}e\x{301}e\x{301}e\x{301}e\x{301}e\x{301}e\x{301}e\x{301}e\x{301}e\x{301}e\x{301}e\x{301} e\x{301} e\x{301}e\x{301}e\x{301}e\x{301}e\x{301}e\x{301}e\x{301}e\x{301}e\x{301}e\x{301}e\x{301}e\x{301}e\x{301}e\x{301}e\x{301}e\x{301}e\x{301}e\x{301}e\x{301}e\x{301}e\x{301}e\x{301}e\x{301}e\x{301}e\x{301}e\x{301}e\x{301}e\x{301}e\x{301}e\x{301}e\x{301}e\x{301}e\x{301}e\x{301}e\x{301}e\x{301}e\x{301}e\x{301}e\x{301}e\x{301}e\x{301}e\x{301}e\x{301} e\x{301}e\x{301}e\x{301}e\x{301}e\x{301}e\x{301}e\x{301}e\x{301}e\x{301}e\x{301}e\x{301}e\x{301}e\x{301}e\x{301}e\x{301}e\x{301}e\x{301}e\x{301}e\x{301}e\x{301}e\x{301}e\x{301}e\x{301}e\x{301}e\x{301}e\x{301}e\x{301}e\x{301}e\x{301}e\x{301} e\x{301}e\x{301}e\x{301}e\x{301}e\x{301}e\x{301}e\x{301}e\x{301}e\x{301}e\x{301}e\x{301}e\x{301}e\x{301}e\x{301}e\x{301}e\x{301}e\x{301}e\x{301}e\x{301}e\x{301}e\x{301}e\x{301}"
          text run at (1056,5925) width 0: " "
          text run at (0,5940) width 1056: "e\x{301}e\x{301}e\x{301}e\x{301}e\x{301}e\x{301}e\x{301}e\x{301}e\x{301}e\x{301}e\x{301}e\x{301}e\x{301}e\x{301}e\x{301}e\x{301}e\x{301}e\x{301}e\x{301}e\x{301}e\x{301}e\x{301}e\x{301}e\x{301}e\x{301}e\x{301}e\x{301}e\x{301}e\x{301}e\x{301}e\x{301}e\x{301} e\x{301} e\x{301}e\x{301}e\x{301}e\x{301}e\x{301}e\x{301}e\x{301}e\x{301}e\x{301}e\x{301}e\x{301}e\x{301}e\x{301}e\x{301}e\x{301}e\x{301}e\x{301}e\x{301}e\x{301}e\x{301}e\x{301}e\x{301}e\x{301}e\x{301}e\x{301}e\x{301}e\x{301}e\x{301}e\x{301}e\x{301}e\x{301}e\x{301}e\x{301}e\x{301}e\x{301}e\x{301}e\x{301}e\x{301}e\x{301}e\x{301}e\x{301}e\x{301}e\x{301} e\x{301}e\x{301}e\x{301}e\x{301}e\x{301}e\x{301}e\x{301}e\x{301}e\x{301}e\x{301}e\x{301}e\x{301}e\x{301}e\x{301}e\x{301}e\x{301}e\x{301}e\x{301}e\x{301}e\x{301}e\x{301}e\x{301}e\x{301}e\x{301}e\x{301}e\x{301}e\x{301}e\x{301}e\x{301}e\x{301} e\x{301}e\x{301}e\x{301}e\x{301}e\x{301}e\x{301}e\x{301}e\x{301}e\x{301}e\x{301}e\x{301}e\x{301}e\x{301}e\x{301}e\x{301}e\x{301}e\x{301}e\x{301}e\x{301}e\x{301}e\x{301}e\x{301}"
          text run at (1056,5940) width 0: " "
          text run at (0,5955) width 1056: "e\x{301}e\x{301}e\x{301}e\x{301}e\x{301}e\x{301}e\x{301}e\x{301}e\x{301}e\x{301}e\x{301}e\x{301}e\x{301}e\x{301}e\x{301}e\x{301}e\x{301}e\x{301}e\x{301}e\x{301}e\x{301}e\x{301}e\x{301}e\x{301}e\x{301}e\x{301}e\x{301}e\x{301}e\x{301}e\x{301}e\x{301}e\x{301} e\x{301} e\x{301}e\x{301}e\x{301}e\x{301}e\x{301}e\x{301}e\x{301}e\x{301}e\x{301}e\x{301}e\x{301}e\x{301}e\x{301}e\x{301}e\x{301}e\x{301}e\x{301}e\x{301}e\x{301}e\x{301}e\x{301}e\x{301}e\x{301}e\x{301}e\x{301}e\x{301}e\x{301}e\x{301}e\x{301}e\x{301}e\x{301}e\x{301}e\x{301}e\x{301}e\x{301}e\x{301}e\x{301}e\x{301}e\x{301}e\x{301}e\x{301}e\x{301}e\x{301} e\x{301}e\x{301}e\x{301}e\x{301}e\x{301}e\x{301}e\x{301}e\x{301}e\x{301}e\x{301}e\x{301}e\x{301}e\x{301}e\x{301}e\x{301}e\x{301}e\x{301}e\x{301}e\x{301}e\x{301}e\x{301}e\x{301}e\x{301}e\x{301}e\x{301}e\x{301}e\x{301}e\x{301}e\x{301}e\x{301} e\x{301}e\x{301}e\x{301}e\x{301}e\x{301}e\x{301}e\x{301}e\x{301}e\x{301}e\x{301}e\x{301}e\x{301}e\x{301}e\x{301}e\x{301}e\x{301}e\x{301}e\x{301}e\x{301}e\x{301}e\x{301}e\x{301}"
          text run at (1056,5955) width 0: " "
          text run at (0,5970) width 1056: "e\x{301}e\x{301}e\x{301}e\x{301}e\x{301}e\x{301}e\x{301}e\x{301}e\x{301}e\x{301}e\x{301}e\x{301}e\x{301}e\x{301}e\x{301}e\x{301}e\x{301}e\x{301}e\x{301}e\x{301}e\x{301}e\x{301}e\x{301}e\x{301}e\x{301}e\x{301}e\x{301}e\x{301}e\x{301}e\x{301}e\x{301}e\x{301} e\x{301} e\x{301}e\x{301}e\x{301}e\x{301}e\x{301}e\x{301}e\x{301}e\x{301}e\x{301}e\x{301}e\x{301}e\x{301}e\x{301}e\x{301}e\x{301}e\x{301}e\x{301}e\x{301}e\x{301}e\x{301}e\x{301}e\x{301}e\x{301}e\x{301}e\x{301}e\x{301}e\x{301}e\x{301}e\x{301}e\x{301}e\x{301}e\x{301}e\x{301}e\x{301}e\x{301}e\x{301}e\x{301}e\x{301}e\x{301}e\x{301}e\x{301}e\x{301}e\x{301} e\x{301}e\x{301}e\x{301}e\x{301}e\x{301}e\x{301}e\x{301}e\x{301}e\x{301}e\x{301}e\x{301}e\x{301}e\x{301}e\x{301}e\x{301}e\x{301}e\x{301}e\x{301}e\x{301}e\x{301}e\x{301}e\x{301}e\x{301}e\x{301}e\x{301}e\x{301}e\x{301}e\x{301}e\x{301}e\x{301} e\x{301}e\x{301}e\x{301}e\x{301}e\x{301}e\x{301}e\x{301}e\x{301}e\x{301}e\x{301}e\x{301}e\x{301}e\x{301}e\x{301}e\x{301}e\x{301}e\x{301}e\x{301}e\x{301}e\x{301}e\x{301}e\x{301}"
          text run at (1056,5970) width 0: " "
          text run at (0,5985) width 1056: "e\x{301}e\x{301}e\x{301}e\x{301}e\x{301}e\x{301}e\x{301}e\x{301}e\x{301}e\x{301}e\x{301}e\x{301}e\x{301}e\x{301}e\x{301}e\x{301}e\x{301}e\x{301}e\x{301}e\x{301}e\x{301}e\x{301}e\x{301}e\x{301}e\x{301}e\x{301}e\x{301}e\x{301}e\x{301}e\x{301}e\x{301}e\x{301} e\x{301} e\x{301}e\x{301}e\x{301}e\x{301}e\x{301}e\x{301}e\x{301}e\x{301}e\x{301}e\x{301}e\x{301}e\x{301}e\x{301}e\x{301}e\x{301}e\x{301}e\x{301}e\x{301}e\x{301}e\x{301}e\x{301}e\x{301}e\x{301}e\x{301}e\x{301}e\x{301}e\x{301}e\x{301}e\x{301}e\x{301}e\x{301}e\x{301}e\x{301}e\x{301}e\x{301}e\x{301}e\x{301}e\x{301}e\x{301}e\x{301}e\x{301}e\x{301}e\x{301} e\x{301}e\x{301}e\x{301}e\x{301}e\x{301}e\x{301}e\x{301}e\x{301}e\x{301}e\x{301}e\x{301}e\x{301}e\x{301}e\x{301}e\x{301}e\x{301}e\x{301}e\x{301}e\x{301}e\x{301}e\x{301}e\x{301}e\x{301}e\x{301}e\x{301}e\x{301}e\x{301}e\x{301}e\x{301}e\x{301} e\x{301}e\x{301}e\x{301}e\x{301}e\x{301}e\x{301}e\x{301}e\x{301}e\x{301}e\x{301}e\x{301}e\x{301}e\x{301}e\x{301}e\x{301}e\x{301}e\x{301}e\x{301}e\x{301}e\x{301}e\x{301}e\x{301}"
          text run at (1056,5985) width 0: " "
          text run at (0,6000) width 1056: "e\x{301}e\x{301}e\x{301}e\x{301}e\x{301}e\x{301}e\x{301}e\x{301}e\x{301}e\x{301}e\x{301}e\x{301}e\x{301}e\x{301}e\x{301}e\x{301}e\x{301}e\x{301}e\x{301}e\x{301}e\x{301}e\x{301}e\x{301}e\x{301}e\x{301}e\x{301}e\x{301}e\x{301}e\x{301}e\x{301}e\x{301}e\x{301} e\x{301} e\x{301}e\x{301}e\x{301}e\x{301}e\x{301}e\x{301}e\x{301}e\x{301}e\x{301}e\x{301}e\x{301}e\x{301}e\x{301}e\x{301}e\x{301}e\x{301}e\x{301}e\x{301}e\x{301}e\x{301}e\x{301}e\x{301}e\x{301}e\x{301}e\x{301}e\x{301}e\x{301}e\x{301}e\x{301}e\x{301}e\x{301}e\x{301}e\x{301}e\x{301}e\x{301}e\x{301}e\x{301}e\x{301}e\x{301}e\x{301}e\x{301}e\x{301}e\x{301} e\x{301}e\x{301}e\x{301}e\x{301}e\x{301}e\x{301}e\x{301}e\x{301}e\x{301}e\x{301}e\x{301}e\x{301}e\x{301}e\x{301}e\x{301}e\x{301}e\x{301}e\x{301}e\x{301}e\x{301}e\x{301}e\x{301}e\x{301}e\x{301}e\x{301}e\x{301}e\x{301}e\x{301}e\x{301}e\x{301} e\x{301}e\x{301}e\x{301}e\x{301}e\x{301}e\x{301}e\x{301}e\x{301}e\x{301}e\x{301}e\x{301}e\x{301}e\x{301}e\x{301}e\x{301}e\x{301}e\x{301}e\x{301}e\x{301}e\x{301}e\x{301}e\x{301}"
          text run at (1056,6000) width 0: " "
          text run at (0,6015) width 1056: "e\x{301}e\x{301}e\x{301}e\x{301}e\x{301}e\x{301}e\x{301}e\x{301}e\x{301}e\x{301}e\x{301}e\x{301}e\x{301}e\x{301}e\x{301}e\x{301}e\x{301}e\x{301}e\x{301}e\x{301}e\x{301}e\x{301}e\x{301}e\x{301}e\x{301}e\x{301}e\x{301}e\x{301}e\x{301}e\x{301}e\x{301}e\x{301} e\x{301} e\x{301}e\x{301}e\x{301}e\x{301}e\x{301}e\x{301}e\x{301}e\x{301}e\x{301}e\x{301}e\x{301}e\x{301}e\x{301}e\x{301}e\x{301}e\x{301}e\x{301}e\x{301}e\x{301}e\x{301}e\x{301}e\x{301}e\x{301}e\x{301}e\x{301}e\x{301}e\x{301}e\x{301}e\x{301}e\x{301}e\x{301}e\x{301}e\x{301}e\x{301}e\x{301}e\x{301}e\x{301}e\x{301}e\x{301}e\x{301}e\x{301}e\x{301}e\x{301} e\x{301}e\x{301}e\x{301}e\x{301}e\x{301}e\x{301}e\x{301}e\x{301}e\x{301}e\x{301}e\x{301}e\x{301}e\x{301}e\x{301}e\x{301}e\x{301}e\x{301}e\x{301}e\x{301}e\x{301}e\x{301}e\x{301}e\x{301}e\x{301}e\x{301}e\x{301}e\x{301}e\x{301}e\x{301}e\x{301} e\x{301}e\x{301}e\x{301}e\x{301}e\x{301}e\x{301}e\x{301}e\x{301}e\x{301}e\x{301}e\x{301}e\x{301}e\x{301}e\x{301}e\x{301}e\x{301}e\x{301}e\x{301}e\x{301}e\x{301}e\x{301}e\x{301}"
          text run at (1056,6015) width 0: " "
          text run at (0,6030) width 1056: "e\x{301}e\x{301}e\x{301}e\x{301}e\x{301}e\x{301}e\x{301}e\x{301}e\x{301}e\x{301}e\x{301}e\x{301}e\x{301}e\x{301}e\x{301}e\x{301}e\x{301}e\x{301}e\x{301}e\x{301}e\x{301}e\x{301}e\x{301}e\x{301}e\x{301}e\x{301}e\x{301}e\x{301}e\x{301}e\x{301}e\x{301}e\x{301} e\x{301} e\x{301}e\x{301}e\x{301}e\x{301}e\x{301}e\x{301}e\x{301}e\x{301}e\x{301}e\x{301}e\x{301}e\x{301}e\x{301}e\x{301}e\x{301}e\x{301}e\x{301}e\x{301}e\x{301}e\x{301}e\x{301}e\x{301}e\x{301}e\x{301}e\x{301}e\x{301}e\x{301}e\x{301}e\x{301}e\x{301}e\x{301}e\x{301}e\x{301}e\x{301}e\x{301}e\x{301}e\x{301}e\x{301}e\x{301}e\x{301}e\x{301}e\x{301}e\x{301} e\x{301}e\x{301}e\x{301}e\x{301}e\x{301}e\x{301}e\x{301}e\x{301}e\x{301}e\x{301}e\x{301}e\x{301}e\x{301}e\x{301}e\x{301}e\x{301}e\x{301}e\x{301}e\x{301}e\x{301}e\x{301}e\x{301}e\x{301}e\x{301}e\x{301}e\x{301}e\x{301}e\x{301}e\x{301}e\x{301} e\x{301}e\x{301}e\x{301}e\x{301}e\x{301}e\x{301}e\x{301}e\x{301}e\x{301}e\x{301}e\x{301}e\x{301}e\x{301}e\x{301}e\x{301}e\x{301}e\x{301}e\x{301}e\x{301}e\x{301}e\x{301}e\x{301}"
          text run at (1056,6030) width 0: " "
          text run at (0,6045) width 1056: "e\x{301}e\x{301}e\x{301}e\x{301}e\x{301}e\x{301}e\x{301}e\x{301}e\x{301}e\x{301}e\x{301}e\x{301}e\x{301}e\x{301}e\x{301}e\x{301}e\x{301}e\x{301}e\x{301}e\x{301}e\x{301}e\x{301}e\x{301}e\x{301}e\x{301}e\x{301}e\x{301}e\x{301}e\x{301}e\x{301}e\x{301}e\x{301} e\x{301} e\x{301}e\x{301}e\x{301}e\x{301}e\x{301}e\x{301}e\x{301}e\x{301}e\x{301}e\x{301}e\x{301}e\x{301}e\x{301}e\x{301}e\x{301}e\x{301}e\x{301}e\x{301}e\x{301}e\x{301}e\x{301}e\x{301}e\x{301}e\x{301}e\x{301}e\x{301}e\x{301}e\x{301}e\x{301}e\x{301}e\x{301}e\x{301}e\x{301}e\x{301}e\x{301}e\x{301}e\x{301}e\x{301}e\x{301}e\x{301}e\x{301}e\x{301}e\x{301} e\x{301}e\x{301}e\x{301}e\x{301}e\x{301}e\x{301}e\x{301}e\x{301}e\x{301}e\x{301}e\x{301}e\x{301}e\x{301}e\x{301}e\x{301}e\x{301}e\x{301}e\x{301}e\x{301}e\x{301}e\x{301}e\x{301}e\x{301}e\x{301}e\x{301}e\x{301}e\x{301}e\x{301}e\x{301}e\x{301} e\x{301}e\x{301}e\x{301}e\x{301}e\x{301}e\x{301}e\x{301}e\x{301}e\x{301}e\x{301}e\x{301}e\x{301}e\x{301}e\x{301}e\x{301}e\x{301}e\x{301}e\x{301}e\x{301}e\x{301}e\x{301}e\x{301}"
          text run at (1056,6045) width 0: " "
          text run at (0,6060) width 1056: "e\x{301}e\x{301}e\x{301}e\x{301}e\x{301}e\x{301}e\x{301}e\x{301}e\x{301}e\x{301}e\x{301}e\x{301}e\x{301}e\x{301}e\x{301}e\x{301}e\x{301}e\x{301}e\x{301}e\x{301}e\x{301}e\x{301}e\x{301}e\x{301}e\x{301}e\x{301}e\x{301}e\x{301}e\x{301}e\x{301}e\x{301}e\x{301} e\x{301} e\x{301}e\x{301}e\x{301}e\x{301}e\x{301}e\x{301}e\x{301}e\x{301}e\x{301}e\x{301}e\x{301}e\x{301}e\x{301}e\x{301}e\x{301}e\x{301}e\x{301}e\x{301}e\x{301}e\x{301}e\x{301}e\x{301}e\x{301}e\x{301}e\x{301}e\x{301}e\x{301}e\x{301}e\x{301}e\x{301}e\x{301}e\x{301}e\x{301}e\x{301}e\x{301}e\x{301}e\x{301}e\x{301}e\x{301}e\x{301}e\x{301}e\x{301}e\x{301} e\x{301}e\x{301}e\x{301}e\x{301}e\x{301}e\x{301}e\x{301}e\x{301}e\x{301}e\x{301}e\x{301}e\x{301}e\x{301}e\x{301}e\x{301}e\x{301}e\x{301}e\x{301}e\x{301}e\x{301}e\x{301}e\x{301}e\x{301}e\x{301}e\x{301}e\x{301}e\x{301}e\x{301}e\x{301}e\x{301} e\x{301}e\x{301}e\x{301}e\x{301}e\x{301}e\x{301}e\x{301}e\x{301}e\x{301}e\x{301}e\x{301}e\x{301}e\x{301}e\x{301}e\x{301}e\x{301}e\x{301}e\x{301}e\x{301}e\x{301}e\x{301}e\x{301}"
          text run at (1056,6060) width 0: " "
          text run at (0,6075) width 1056: "e\x{301}e\x{301}e\x{301}e\x{301}e\x{301}e\x{301}e\x{301}e\x{301}e\x{301}e\x{301}e\x{301}e\x{301}e\x{301}e\x{301}e\x{301}e\x{301}e\x{301}e\x{301}e\x{301}e\x{301}e\x{301}e\x{301}e\x{301}e\x{301}e\x{301}e\x{301}e\x{301}e\x{301}e\x{301}e\x{301}e\x{301}e\x{301} e\x{301} e\x{301}e\x{301}e\x{301}e\x{301}e\x{301}e\x{301}e\x{301}e\x{301}e\x{301}e\x{301}e\x{301}e\x{301}e\x{301}e\x{301}e\x{301}e\x{301}e\x{301}e\x{301}e\x{301}e\x{301}e\x{301}e\x{301}e\x{301}e\x{301}e\x{301}e\x{301}e\x{301}e\x{301}e\x{301}e\x{301}e\x{301}e\x{301}e\x{301}e\x{301}e\x{301}e\x{301}e\x{301}e\x{301}e\x{301}e\x{301}e\x{301}e\x{301}e\x{301} e\x{301}e\x{301}e\x{301}e\x{301}e\x{301}e\x{301}e\x{301}e\x{301}e\x{301}e\x{301}e\x{301}e\x{301}e\x{301}e\x{301}e\x{301}e\x{301}e\x{301}e\x{301}e\x{301}e\x{301}e\x{301}e\x{301}e\x{301}e\x{301}e\x{301}e\x{301}e\x{301}e\x{301}e\x{301}e\x{301} e\x{301}e\x{301}e\x{301}e\x{301}e\x{301}e\x{301}e\x{301}e\x{301}e\x{301}e\x{301}e\x{301}e\x{301}e\x{301}e\x{301}e\x{301}e\x{301}e\x{301}e\x{301}e\x{301}e\x{301}e\x{301}e\x{301}"
          text run at (1056,6075) width 0: " "
          text run at (0,6090) width 1056: "e\x{301}e\x{301}e\x{301}e\x{301}e\x{301}e\x{301}e\x{301}e\x{301}e\x{301}e\x{301}e\x{301}e\x{301}e\x{301}e\x{301}e\x{301}e\x{301}e\x{301}e\x{301}e\x{301}e\x{301}e\x{301}e\x{301}e\x{301}e\x{301}e\x{301}e\x{301}e\x{301}e\x{301}e\x{301}e\x{301}e\x{301}e\x{301} e\x{301} e\x{301}e\x{301}e\x{301}e\x{301}e\x{301}e\x{301}e\x{301}e\x{301}e\x{301}e\x{301}e\x{301}e\x{301}e\x{301}e\x{301}e\x{301}e\x{301}e\x{301}e\x{301}e\x{301}e\x{301}e\x{301}e\x{301}e\x{301}e\x{301}e\x{301}e\x{301}e\x{301}e\x{301}e\x{301}e\x{301}e\x{301}e\x{301}e\x{301}e\x{301}e\x{301}e\x{301}e\x{301}e\x{301}e\x{301}e\x{301}e\x{301}e\x{301}e\x{301} e\x{301}e\x{301}e\x{301}e\x{301}e\x{301}e\x{301}e\x{301}e\x{301}e\x{301}e\x{301}e\x{301}e\x{301}e\x{301}e\x{301}e\x{301}e\x{301}e\x{301}e\x{301}e\x{301}e\x{301}e\x{301}e\x{301}e\x{301}e\x{301}e\x{301}e\x{301}e\x{301}e\x{301}e\x{301}e\x{301} e\x{301}e\x{301}e\x{301}e\x{301}e\x{301}e\x{301}e\x{301}e\x{301}e\x{301}e\x{301}e\x{301}e\x{301}e\x{301}e\x{301}e\x{301}e\x{301}e\x{301}e\x{301}e\x{301}e\x{301}e\x{301}e\x{301}"
          text run at (1056,6090) width 0: " "
          text run at (0,6105) width 1056: "e\x{301}e\x{301}e\x{301}e\x{301}e\x{301}e\x{301}e\x{301}e\x{301}e\x{301}e\x{301}e\x{301}e\x{301}e\x{301}e\x{301}e\x{301}e\x{301}e\x{301}e\x{301}e\x{301}e\x{301}e\x{301}e\x{301}e\x{301}e\x{301}e\x{301}e\x{301}e\x{301}e\x{301}e\x{301}e\x{301}e\x{301}e\x{301} e\x{301} e\x{301}e\x{301}e\x{301}e\x{301}e\x{301}e\x{301}e\x{301}e\x{301}e\x{301}e\x{301}e\x{301}e\x{301}e\x{301}e\x{301}e\x{301}e\x{301}e\x{301}e\x{301}e\x{301}e\x{301}e\x{301}e\x{301}e\x{301}e\x{301}e\x{301}e\x{301}e\x{301}e\x{301}e\x{301}e\x{301}e\x{301}e\x{301}e\x{301}e\x{301}e\x{301}e\x{301}e\x{301}e\x{301}e\x{301}e\x{301}e\x{301}e\x{301}e\x{301} e\x{301}e\x{301}e\x{301}e\x{301}e\x{301}e\x{301}e\x{301}e\x{301}e\x{301}e\x{301}e\x{301}e\x{301}e\x{301}e\x{301}e\x{301}e\x{301}e\x{301}e\x{301}e\x{301}e\x{301}e\x{301}e\x{301}e\x{301}e\x{301}e\x{301}e\x{301}e\x{301}e\x{301}e\x{301}e\x{301} e\x{301}e\x{301}e\x{301}e\x{301}e\x{301}e\x{301}e\x{301}e\x{301}e\x{301}e\x{301}e\x{301}e\x{301}e\x{301}e\x{301}e\x{301}e\x{301}e\x{301}e\x{301}e\x{301}e\x{301}e\x{301}e\x{301}"
          text run at (1056,6105) width 0: " "
          text run at (0,6120) width 1056: "e\x{301}e\x{301}e\x{301}e\x{301}e\x{301}e\x{301}e\x{301}e\x{301}e\x{301}e\x{301}e\x{301}e\x{301}e\x{301}e\x{301}e\x{301}e\x{301}e\x{301}e\x{301}e\x{301}e\x{301}e\x{301}e\x{301}e\x{301}e\x{301}e\x{301}e\x{301}e\x{301}e\x{301}e\x{301}e\x{301}e\x{301}e\x{301} e\x{301} e\x{301}e\x{301}e\x{301}e\x{301}e\x{301}e\x{301}e\x{301}e\x{301}e\x{301}e\x{301}e\x{301}e\x{301}e\x{301}e\x{301}e\x{301}e\x{301}e\x{301}e\x{301}e\x{301}e\x{301}e\x{301}e\x{301}e\x{301}e\x{301}e\x{301}e\x{301}e\x{301}e\x{301}e\x{301}e\x{301}e\x{301}e\x{301}e\x{301}e\x{301}e\x{301}e\x{301}e\x{301}e\x{301}e\x{301}e\x{301}e\x{301}e\x{301}e\x{301} e\x{301}e\x{301}e\x{301}e\x{301}e\x{301}e\x{301}e\x{301}e\x{301}e\x{301}e\x{301}e\x{301}e\x{301}e\x{301}e\x{301}e\x{301}e\x{301}e\x{301}e\x{301}e\x{301}e\x{301}e\x{301}e\x{301}e\x{301}e\x{301}e\x{301}e\x{301}e\x{301}e\x{301}e\x{301}e\x{301} e\x{301}e\x{301}e\x{301}e\x{301}e\x{301}e\x{301}e\x{301}e\x{301}e\x{301}e\x{301}e\x{301}e\x{301}e\x{301}e\x{301}e\x{301}e\x{301}e\x{301}e\x{301}e\x{301}e\x{301}e\x{301}e\x{301}"
          text run at (1056,6120) width 0: " "
          text run at (0,6135) width 1056: "e\x{301}e\x{301}e\x{301}e\x{301}e\x{301}e\x{301}e\x{301}e\x{301}e\x{301}e\x{301}e\x{301}e\x{301}e\x{301}e\x{301}e\x{301}e\x{301}e\x{301}e\x{301}e\x{301}e\x{301}e\x{301}e\x{301}e\x{301}e\x{301}e\x{301}e\x{301}e\x{301}e\x{301}e\x{301}e\x{301}e\x{301}e\x{301} e\x{301} e\x{301}e\x{301}e\x{301}e\x{301}e\x{301}e\x{301}e\x{301}e\x{301}e\x{301}e\x{301}e\x{301}e\x{301}e\x{301}e\x{301}e\x{301}e\x{301}e\x{301}e\x{301}e\x{301}e\x{301}e\x{301}e\x{301}e\x{301}e\x{301}e\x{301}e\x{301}e\x{301}e\x{301}e\x{301}e\x{301}e\x{301}e\x{301}e\x{301}e\x{301}e\x{301}e\x{301}e\x{301}e\x{301}e\x{301}e\x{301}e\x{301}e\x{301}e\x{301} e\x{301}e\x{301}e\x{301}e\x{301}e\x{301}e\x{301}e\x{301}e\x{301}e\x{301}e\x{301}e\x{301}e\x{301}e\x{301}e\x{301}e\x{301}e\x{301}e\x{301}e\x{301}e\x{301}e\x{301}e\x{301}e\x{301}e\x{301}e\x{301}e\x{301}e\x{301}e\x{301}e\x{301}e\x{301}e\x{301} e\x{301}e\x{301}e\x{301}e\x{301}e\x{301}e\x{301}e\x{301}e\x{301}e\x{301}e\x{301}e\x{301}e\x{301}e\x{301}e\x{301}e\x{301}e\x{301}e\x{301}e\x{301}e\x{301}e\x{301}e\x{301}e\x{301}"
          text run at (1056,6135) width 0: " "
          text run at (0,6150) width 1056: "e\x{301}e\x{301}e\x{301}e\x{301}e\x{301}e\x{301}e\x{301}e\x{301}e\x{301}e\x{301}e\x{301}e\x{301}e\x{301}e\x{301}e\x{301}e\x{301}e\x{301}e\x{301}e\x{301}e\x{301}e\x{301}e\x{301}e\x{301}e\x{301}e\x{301}e\x{301}e\x{301}e\x{301}e\x{301}e\x{301}e\x{301}e\x{301} e\x{301} e\x{301}e\x{301}e\x{301}e\x{301}e\x{301}e\x{301}e\x{301}e\x{301}e\x{301}e\x{301}e\x{301}e\x{301}e\x{301}e\x{301}e\x{301}e\x{301}e\x{301}e\x{301}e\x{301}e\x{301}e\x{301}e\x{301}e\x{301}e\x{301}e\x{301}e\x{301}e\x{301}e\x{301}e\x{301}e\x{301}e\x{301}e\x{301}e\x{301}e\x{301}e\x{301}e\x{301}e\x{301}e\x{301}e\x{301}e\x{301}e\x{301}e\x{301}e\x{301} e\x{301}e\x{301}e\x{301}e\x{301}e\x{301}e\x{301}e\x{301}e\x{301}e\x{301}e\x{301}e\x{301}e\x{301}e\x{301}e\x{301}e\x{301}e\x{301}e\x{301}e\x{301}e\x{301}e\x{301}e\x{301}e\x{301}e\x{301}e\x{301}e\x{301}e\x{301}e\x{301}e\x{301}e\x{301}e\x{301} e\x{301}e\x{301}e\x{301}e\x{301}e\x{301}e\x{301}e\x{301}e\x{301}e\x{301}e\x{301}e\x{301}e\x{301}e\x{301}e\x{301}e\x{301}e\x{301}e\x{301}e\x{301}e\x{301}e\x{301}e\x{301}e\x{301}"
          text run at (1056,6150) width 0: " "
          text run at (0,6165) width 1056: "e\x{301}e\x{301}e\x{301}e\x{301}e\x{301}e\x{301}e\x{301}e\x{301}e\x{301}e\x{301}e\x{301}e\x{301}e\x{301}e\x{301}e\x{301}e\x{301}e\x{301}e\x{301}e\x{301}e\x{301}e\x{301}e\x{301}e\x{301}e\x{301}e\x{301}e\x{301}e\x{301}e\x{301}e\x{301}e\x{301}e\x{301}e\x{301} e\x{301} e\x{301}e\x{301}e\x{301}e\x{301}e\x{301}e\x{301}e\x{301}e\x{301}e\x{301}e\x{301}e\x{301}e\x{301}e\x{301}e\x{301}e\x{301}e\x{301}e\x{301}e\x{301}e\x{301}e\x{301}e\x{301}e\x{301}e\x{301}e\x{301}e\x{301}e\x{301}e\x{301}e\x{301}e\x{301}e\x{301}e\x{301}e\x{301}e\x{301}e\x{301}e\x{301}e\x{301}e\x{301}e\x{301}e\x{301}e\x{301}e\x{301}e\x{301}e\x{301} e\x{301}e\x{301}e\x{301}e\x{301}e\x{301}e\x{301}e\x{301}e\x{301}e\x{301}e\x{301}e\x{301}e\x{301}e\x{301}e\x{301}e\x{301}e\x{301}e\x{301}e\x{301}e\x{301}e\x{301}e\x{301}e\x{301}e\x{301}e\x{301}e\x{301}e\x{301}e\x{301}e\x{301}e\x{301}e\x{301} e\x{301}e\x{301}e\x{301}e\x{301}e\x{301}e\x{301}e\x{301}e\x{301}e\x{301}e\x{301}e\x{301}e\x{301}e\x{301}e\x{301}e\x{301}e\x{301}e\x{301}e\x{301}e\x{301}e\x{301}e\x{301}e\x{301}"
          text run at (1056,6165) width 0: " "
          text run at (0,6180) width 1056: "e\x{301}e\x{301}e\x{301}e\x{301}e\x{301}e\x{301}e\x{301}e\x{301}e\x{301}e\x{301}e\x{301}e\x{301}e\x{301}e\x{301}e\x{301}e\x{301}e\x{301}e\x{301}e\x{301}e\x{301}e\x{301}e\x{301}e\x{301}e\x{301}e\x{301}e\x{301}e\x{301}e\x{301}e\x{301}e\x{301}e\x{301}e\x{301} e\x{301} e\x{301}e\x{301}e\x{301}e\x{301}e\x{301}e\x{301}e\x{301}e\x{301}e\x{301}e\x{301}e\x{301}e\x{301}e\x{301}e\x{301}e\x{301}e\x{301}e\x{301}e\x{301}e\x{301}e\x{301}e\x{301}e\x{301}e\x{301}e\x{301}e\x{301}e\x{301}e\x{301}e\x{301}e\x{301}e\x{301}e\x{301}e\x{301}e\x{301}e\x{301}e\x{301}e\x{301}e\x{301}e\x{301}e\x{301}e\x{301}e\x{301}e\x{301}e\x{301} e\x{301}e\x{301}e\x{301}e\x{301}e\x{301}e\x{301}e\x{301}e\x{301}e\x{301}e\x{301}e\x{301}e\x{301}e\x{301}e\x{301}e\x{301}e\x{301}e\x{301}e\x{301}e\x{301}e\x{301}e\x{301}e\x{301}e\x{301}e\x{301}e\x{301}e\x{301}e\x{301}e\x{301}e\x{301}e\x{301} e\x{301}e\x{301}e\x{301}e\x{301}e\x{301}e\x{301}e\x{301}e\x{301}e\x{301}e\x{301}e\x{301}e\x{301}e\x{301}e\x{301}e\x{301}e\x{301}e\x{301}e\x{301}e\x{301}e\x{301}e\x{301}e\x{301}"
          text run at (1056,6180) width 0: " "
          text run at (0,6195) width 1056: "e\x{301}e\x{301}e\x{301}e\x{301}e\x{301}e\x{301}e\x{301}e\x{301}e\x{301}e\x{301}e\x{301}e\x{301}e\x{301}e\x{301}e\x{301}e\x{301}e\x{301}e\x{301}e\x{301}e\x{301}e\x{301}e\x{301}e\x{301}e\x{301}e\x{301}e\x{301}e\x{301}e\x{301}e\x{301}e\x{301}e\x{301}e\x{301} e\x{301} e\x{301}e\x{301}e\x{301}e\x{301}e\x{301}e\x{301}e\x{301}e\x{301}e\x{301}e\x{301}e\x{301}e\x{301}e\x{301}e\x{301}e\x{301}e\x{301}e\x{301}e\x{301}e\x{301}e\x{301}e\x{301}e\x{301}e\x{301}e\x{301}e\x{301}e\x{301}e\x{301}e\x{301}e\x{301}e\x{301}e\x{301}e\x{301}e\x{301}e\x{301}e\x{301}e\x{301}e\x{301}e\x{301}e\x{301}e\x{301}e\x{301}e\x{301}e\x{301} e\x{301}e\x{301}e\x{301}e\x{301}e\x{301}e\x{301}e\x{301}e\x{301}e\x{301}e\x{301}e\x{301}e\x{301}e\x{301}e\x{301}e\x{301}e\x{301}e\x{301}e\x{301}e\x{301}e\x{301}e\x{301}e\x{301}e\x{301}e\x{301}e\x{301}e\x{301}e\x{301}e\x{301}e\x{301}e\x{301} e\x{301}e\x{301}e\x{301}e\x{301}e\x{301}e\x{301}e\x{301}e\x{301}e\x{301}e\x{301}e\x{301}e\x{301}e\x{301}e\x{301}e\x{301}e\x{301}e\x{301}e\x{301}e\x{301}e\x{301}e\x{301}e\x{301}"
          text run at (1056,6195) width 0: " "
          text run at (0,6210) width 1056: "e\x{301}e\x{301}e\x{301}e\x{301}e\x{301}e\x{301}e\x{301}e\x{301}e\x{301}e\x{301}e\x{301}e\x{301}e\x{301}e\x{301}e\x{301}e\x{301}e\x{301}e\x{301}e\x{301}e\x{301}e\x{301}e\x{301}e\x{301}e\x{301}e\x{301}e\x{301}e\x{301}e\x{301}e\x{301}e\x{301}e\x{301}e\x{301} e\x{301} e\x{301}e\x{301}e\x{301}e\x{301}e\x{301}e\x{301}e\x{301}e\x{301}e\x{301}e\x{301}e\x{301}e\x{301}e\x{301}e\x{301}e\x{301}e\x{301}e\x{301}e\x{301}e\x{301}e\x{301}e\x{301}e\x{301}e\x{301}e\x{301}e\x{301}e\x{301}e\x{301}e\x{301}e\x{301}e\x{301}e\x{301}e\x{301}e\x{301}e\x{301}e\x{301}e\x{301}e\x{301}e\x{301}e\x{301}e\x{301}e\x{301}e\x{301}e\x{301} e\x{301}e\x{301}e\x{301}e\x{301}e\x{301}e\x{301}e\x{301}e\x{301}e\x{301}e\x{301}e\x{301}e\x{301}e\x{301}e\x{301}e\x{301}e\x{301}e\x{301}e\x{301}e\x{301}e\x{301}e\x{301}e\x{301}e\x{301}e\x{301}e\x{301}e\x{301}e\x{301}e\x{301}e\x{301}e\x{301} e\x{301}e\x{301}e\x{301}e\x{301}e\x{301}e\x{301}e\x{301}e\x{301}e\x{301}e\x{301}e\x{301}e\x{301}e\x{301}e\x{301}e\x{301}e\x{301}e\x{301}e\x{301}e\x{301}e\x{301}e\x{301}e\x{301}"
          text run at (1056,6210) width 0: " "
          text run at (0,6225) width 1056: "e\x{301}e\x{301}e\x{301}e\x{301}e\x{301}e\x{301}e\x{301}e\x{301}e\x{301}e\x{301}e\x{301}e\x{301}e\x{301}e\x{301}e\x{301}e\x{301}e\x{301}e\x{301}e\x{301}e\x{301}e\x{301}e\x{301}e\x{301}e\x{301}e\x{301}e\x{301}e\x{301}e\x{301}e\x{301}e\x{301}e\x{301}e\x{301} e\x{301} e\x{301}e\x{301}e\x{301}e\x{301}e\x{301}e\x{301}e\x{301}e\x{301}e\x{301}e\x{301}e\x{301}e\x{301}e\x{301}e\x{301}e\x{301}e\x{301}e\x{301}e\x{301}e\x{301}e\x{301}e\x{301}e\x{301}e\x{301}e\x{301}e\x{301}e\x{301}e\x{301}e\x{301}e\x{301}e\x{301}e\x{301}e\x{301}e\x{301}e\x{301}e\x{301}e\x{301}e\x{301}e\x{301}e\x{301}e\x{301}e\x{301}e\x{301}e\x{301} e\x{301}e\x{301}e\x{301}e\x{301}e\x{301}e\x{301}e\x{301}e\x{301}e\x{301}e\x{301}e\x{301}e\x{301}e\x{301}e\x{301}e\x{301}e\x{301}e\x{301}e\x{301}e\x{301}e\x{301}e\x{301}e\x{301}e\x{301}e\x{301}e\x{301}e\x{301}e\x{301}e\x{301}e\x{301}e\x{301} e\x{301}e\x{301}e\x{301}e\x{301}e\x{301}e\x{301}e\x{301}e\x{301}e\x{301}e\x{301}e\x{301}e\x{301}e\x{301}e\x{301}e\x{301}e\x{301}e\x{301}e\x{301}e\x{301}e\x{301}e\x{301}e\x{301}"
          text run at (1056,6225) width 0: " "
          text run at (0,6240) width 1056: "e\x{301}e\x{301}e\x{301}e\x{301}e\x{301}e\x{301}e\x{301}e\x{301}e\x{301}e\x{301}e\x{301}e\x{301}e\x{301}e\x{301}e\x{301}e\x{301}e\x{301}e\x{301}e\x{301}e\x{301}e\x{301}e\x{301}e\x{301}e\x{301}e\x{301}e\x{301}e\x{301}e\x{301}e\x{301}e\x{301}e\x{301}e\x{301} e\x{301} e\x{301}e\x{301}e\x{301}e\x{301}e\x{301}e\x{301}e\x{301}e\x{301}e\x{301}e\x{301}e\x{301}e\x{301}e\x{301}e\x{301}e\x{301}e\x{301}e\x{301}e\x{301}e\x{301}e\x{301}e\x{301}e\x{301}e\x{301}e\x{301}e\x{301}e\x{301}e\x{301}e\x{301}e\x{301}e\x{301}e\x{301}e\x{301}e\x{301}e\x{301}e\x{301}e\x{301}e\x{301}e\x{301}e\x{301}e\x{301}e\x{301}e\x{301}e\x{301} e\x{301}e\x{301}e\x{301}e\x{301}e\x{301}e\x{301}e\x{301}e\x{301}e\x{301}e\x{301}e\x{301}e\x{301}e\x{301}e\x{301}e\x{301}e\x{301}e\x{301}e\x{301}e\x{301}e\x{301}e\x{301}e\x{301}e\x{301}e\x{301}e\x{301}e\x{301}e\x{301}e\x{301}e\x{301}e\x{301} e\x{301}e\x{301}e\x{301}e\x{301}e\x{301}e\x{301}e\x{301}e\x{301}e\x{301}e\x{301}e\x{301}e\x{301}e\x{301}e\x{301}e\x{301}e\x{301}e\x{301}e\x{301}e\x{301}e\x{301}e\x{301}e\x{301}"
          text run at (1056,6240) width 0: " "
          text run at (0,6255) width 1056: "e\x{301}e\x{301}e\x{301}e\x{301}e\x{301}e\x{301}e\x{301}e\x{301}e\x{301}e\x{301}e\x{301}e\x{301}e\x{301}e\x{301}e\x{301}e\x{301}e\x{301}e\x{301}e\x{301}e\x{301}e\x{301}e\x{301}e\x{301}e\x{301}e\x{301}e\x{301}e\x{301}e\x{301}e\x{301}e\x{301}e\x{301}e\x{301} e\x{301} e\x{301}e\x{301}e\x{301}e\x{301}e\x{301}e\x{301}e\x{301}e\x{301}e\x{301}e\x{301}e\x{301}e\x{301}e\x{301}e\x{301}e\x{301}e\x{301}e\x{301}e\x{301}e\x{301}e\x{301}e\x{301}e\x{301}e\x{301}e\x{301}e\x{301}e\x{301}e\x{301}e\x{301}e\x{301}e\x{301}e\x{301}e\x{301}e\x{301}e\x{301}e\x{301}e\x{301}e\x{301}e\x{301}e\x{301}e\x{301}e\x{301}e\x{301}e\x{301} e\x{301}e\x{301}e\x{301}e\x{301}e\x{301}e\x{301}e\x{301}e\x{301}e\x{301}e\x{301}e\x{301}e\x{301}e\x{301}e\x{301}e\x{301}e\x{301}e\x{301}e\x{301}e\x{301}e\x{301}e\x{301}e\x{301}e\x{301}e\x{301}e\x{301}e\x{301}e\x{301}e\x{301}e\x{301}e\x{301} e\x{301}e\x{301}e\x{301}e\x{301}e\x{301}e\x{301}e\x{301}e\x{301}e\x{301}e\x{301}e\x{301}e\x{301}e\x{301}e\x{301}e\x{301}e\x{301}e\x{301}e\x{301}e\x{301}e\x{301}e\x{301}e\x{301}"
          text run at (1056,6255) width 0: " "
          text run at (0,6270) width 1056: "e\x{301}e\x{301}e\x{301}e\x{301}e\x{301}e\x{301}e\x{301}e\x{301}e\x{301}e\x{301}e\x{301}e\x{301}e\x{301}e\x{301}e\x{301}e\x{301}e\x{301}e\x{301}e\x{301}e\x{301}e\x{301}e\x{301}e\x{301}e\x{301}e\x{301}e\x{301}e\x{301}e\x{301}e\x{301}e\x{301}e\x{301}e\x{301} e\x{301} e\x{301}e\x{301}e\x{301}e\x{301}e\x{301}e\x{301}e\x{301}e\x{301}e\x{301}e\x{301}e\x{301}e\x{301}e\x{301}e\x{301}e\x{301}e\x{301}e\x{301}e\x{301}e\x{301}e\x{301}e\x{301}e\x{301}e\x{301}e\x{301}e\x{301}e\x{301}e\x{301}e\x{301}e\x{301}e\x{301}e\x{301}e\x{301}e\x{301}e\x{301}e\x{301}e\x{301}e\x{301}e\x{301}e\x{301}e\x{301}e\x{301}e\x{301}e\x{301} e\x{301}e\x{301}e\x{301}e\x{301}e\x{301}e\x{301}e\x{301}e\x{301}e\x{301}e\x{301}e\x{301}e\x{301}e\x{301}e\x{301}e\x{301}e\x{301}e\x{301}e\x{301}e\x{301}e\x{301}e\x{301}e\x{301}e\x{301}e\x{301}e\x{301}e\x{301}e\x{301}e\x{301}e\x{301}e\x{301} e\x{301}e\x{301}e\x{301}e\x{301}e\x{301}e\x{301}e\x{301}e\x{301}e\x{301}e\x{301}e\x{301}e\x{301}e\x{301}e\x{301}e\x{301}e\x{301}e\x{301}e\x{301}e\x{301}e\x{301}e\x{301}e\x{301}"
          text run at (1056,6270) width 0: " "
          text run at (0,6285) width 1056: "e\x{301}e\x{301}e\x{301}e\x{301}e\x{301}e\x{301}e\x{301}e\x{301}e\x{301}e\x{301}e\x{301}e\x{301}e\x{301}e\x{301}e\x{301}e\x{301}e\x{301}e\x{301}e\x{301}e\x{301}e\x{301}e\x{301}e\x{301}e\x{301}e\x{301}e\x{301}e\x{301}e\x{301}e\x{301}e\x{301}e\x{301}e\x{301} e\x{301} e\x{301}e\x{301}e\x{301}e\x{301}e\x{301}e\x{301}e\x{301}e\x{301}e\x{301}e\x{301}e\x{301}e\x{301}e\x{301}e\x{301}e\x{301}e\x{301}e\x{301}e\x{301}e\x{301}e\x{301}e\x{301}e\x{301}e\x{301}e\x{301}e\x{301}e\x{301}e\x{301}e\x{301}e\x{301}e\x{301}e\x{301}e\x{301}e\x{301}e\x{301}e\x{301}e\x{301}e\x{301}e\x{301}e\x{301}e\x{301}e\x{301}e\x{301}e\x{301} e\x{301}e\x{301}e\x{301}e\x{301}e\x{301}e\x{301}e\x{301}e\x{301}e\x{301}e\x{301}e\x{301}e\x{301}e\x{301}e\x{301}e\x{301}e\x{301}e\x{301}e\x{301}e\x{301}e\x{301}e\x{301}e\x{301}e\x{301}e\x{301}e\x{301}e\x{301}e\x{301}e\x{301}e\x{301}e\x{301} e\x{301}e\x{301}e\x{301}e\x{301}e\x{301}e\x{301}e\x{301}e\x{301}e\x{301}e\x{301}e\x{301}e\x{301}e\x{301}e\x{301}e\x{301}e\x{301}e\x{301}e\x{301}e\x{301}e\x{301}e\x{301}e\x{301}"
          text run at (1056,6285) width 0: " "
          text run at (0,6300) width 1056: "e\x{301}e\x{301}e\x{301}e\x{301}e\x{301}e\x{301}e\x{301}e\x{301}e\x{301}e\x{301}e\x{301}e\x{301}e\x{301}e\x{301}e\x{301}e\x{301}e\x{301}e\x{301}e\x{301}e\x{301}e\x{301}e\x{301}e\x{301}e\x{301}e\x{301}e\x{301}e\x{301}e\x{301}e\x{301}e\x{301}e\x{301}e\x{301} e\x{301} e\x{301}e\x{301}e\x{301}e\x{301}e\x{301}e\x{301}e\x{301}e\x{301}e\x{301}e\x{301}e\x{301}e\x{301}e\x{301}e\x{301}e\x{301}e\x{301}e\x{301}e\x{301}e\x{301}e\x{301}e\x{301}e\x{301}e\x{301}e\x{301}e\x{301}e\x{301}e\x{301}e\x{301}e\x{301}e\x{301}e\x{301}e\x{301}e\x{301}e\x{301}e\x{301}e\x{301}e\x{301}e\x{301}e\x{301}e\x{301}e\x{301}e\x{301}e\x{301} e\x{301}e\x{301}e\x{301}e\x{301}e\x{301}e\x{301}e\x{301}e\x{301}e\x{301}e\x{301}e\x{301}e\x{301}e\x{301}e\x{301}e\x{301}e\x{301}e\x{301}e\x{301}e\x{301}e\x{301}e\x{301}e\x{301}e\x{301}e\x{301}e\x{301}e\x{301}e\x{301}e\x{301}e\x{301}e\x{301} e\x{301}e\x{301}e\x{301}e\x{301}e\x{301}e\x{301}e\x{301}e\x{301}e\x{301}e\x{301}e\x{301}e\x{301}e\x{301}e\x{301}e\x{301}e\x{301}e\x{301}e\x{301}e\x{301}e\x{301}e\x{301}e\x{301}"
          text run at (1056,6300) width 0: " "
          text run at (0,6315) width 1056: "e\x{301}e\x{301}e\x{301}e\x{301}e\x{301}e\x{301}e\x{301}e\x{301}e\x{301}e\x{301}e\x{301}e\x{301}e\x{301}e\x{301}e\x{301}e\x{301}e\x{301}e\x{301}e\x{301}e\x{301}e\x{301}e\x{301}e\x{301}e\x{301}e\x{301}e\x{301}e\x{301}e\x{301}e\x{301}e\x{301}e\x{301}e\x{301} e\x{301} e\x{301}e\x{301}e\x{301}e\x{301}e\x{301}e\x{301}e\x{301}e\x{301}e\x{301}e\x{301}e\x{301}e\x{301}e\x{301}e\x{301}e\x{301}e\x{301}e\x{301}e\x{301}e\x{301}e\x{301}e\x{301}e\x{301}e\x{301}e\x{301}e\x{301}e\x{301}e\x{301}e\x{301}e\x{301}e\x{301}e\x{301}e\x{301}e\x{301}e\x{301}e\x{301}e\x{301}e\x{301}e\x{301}e\x{301}e\x{301}e\x{301}e\x{301}e\x{301} e\x{301}e\x{301}e\x{301}e\x{301}e\x{301}e\x{301}e\x{301}e\x{301}e\x{301}e\x{301}e\x{301}e\x{301}e\x{301}e\x{301}e\x{301}e\x{301}e\x{301}e\x{301}e\x{301}e\x{301}e\x{301}e\x{301}e\x{301}e\x{301}e\x{301}e\x{301}e\x{301}e\x{301}e\x{301}e\x{301} e\x{301}e\x{301}e\x{301}e\x{301}e\x{301}e\x{301}e\x{301}e\x{301}e\x{301}e\x{301}e\x{301}e\x{301}e\x{301}e\x{301}e\x{301}e\x{301}e\x{301}e\x{301}e\x{301}e\x{301}e\x{301}e\x{301}"
          text run at (1056,6315) width 0: " "
          text run at (0,6330) width 1056: "e\x{301}e\x{301}e\x{301}e\x{301}e\x{301}e\x{301}e\x{301}e\x{301}e\x{301}e\x{301}e\x{301}e\x{301}e\x{301}e\x{301}e\x{301}e\x{301}e\x{301}e\x{301}e\x{301}e\x{301}e\x{301}e\x{301}e\x{301}e\x{301}e\x{301}e\x{301}e\x{301}e\x{301}e\x{301}e\x{301}e\x{301}e\x{301} e\x{301} e\x{301}e\x{301}e\x{301}e\x{301}e\x{301}e\x{301}e\x{301}e\x{301}e\x{301}e\x{301}e\x{301}e\x{301}e\x{301}e\x{301}e\x{301}e\x{301}e\x{301}e\x{301}e\x{301}e\x{301}e\x{301}e\x{301}e\x{301}e\x{301}e\x{301}e\x{301}e\x{301}e\x{301}e\x{301}e\x{301}e\x{301}e\x{301}e\x{301}e\x{301}e\x{301}e\x{301}e\x{301}e\x{301}e\x{301}e\x{301}e\x{301}e\x{301}e\x{301} e\x{301}e\x{301}e\x{301}e\x{301}e\x{301}e\x{301}e\x{301}e\x{301}e\x{301}e\x{301}e\x{301}e\x{301}e\x{301}e\x{301}e\x{301}e\x{301}e\x{301}e\x{301}e\x{301}e\x{301}e\x{301}e\x{301}e\x{301}e\x{301}e\x{301}e\x{301}e\x{301}e\x{301}e\x{301}e\x{301} e\x{301}e\x{301}e\x{301}e\x{301}e\x{301}e\x{301}e\x{301}e\x{301}e\x{301}e\x{301}e\x{301}e\x{301}e\x{301}e\x{301}e\x{301}e\x{301}e\x{301}e\x{301}e\x{301}e\x{301}e\x{301}e\x{301}"
          text run at (1056,6330) width 0: " "
          text run at (0,6345) width 1056: "e\x{301}e\x{301}e\x{301}e\x{301}e\x{301}e\x{301}e\x{301}e\x{301}e\x{301}e\x{301}e\x{301}e\x{301}e\x{301}e\x{301}e\x{301}e\x{301}e\x{301}e\x{301}e\x{301}e\x{301}e\x{301}e\x{301}e\x{301}e\x{301}e\x{301}e\x{301}e\x{301}e\x{301}e\x{301}e\x{301}e\x{301}e\x{301} e\x{301} e\x{301}e\x{301}e\x{301}e\x{301}e\x{301}e\x{301}e\x{301}e\x{301}e\x{301}e\x{301}e\x{301}e\x{301}e\x{301}e\x{301}e\x{301}e\x{301}e\x{301}e\x{301}e\x{301}e\x{301}e\x{301}e\x{301}e\x{301}e\x{301}e\x{301}e\x{301}e\x{301}e\x{301}e\x{301}e\x{301}e\x{301}e\x{301}e\x{301}e\x{301}e\x{301}e\x{301}e\x{301}e\x{301}e\x{301}e\x{301}e\x{301}e\x{301}e\x{301} e\x{301}e\x{301}e\x{301}e\x{301}e\x{301}e\x{301}e\x{301}e\x{301}e\x{301}e\x{301}e\x{301}e\x{301}e\x{301}e\x{301}e\x{301}e\x{301}e\x{301}e\x{301}e\x{301}e\x{301}e\x{301}e\x{301}e\x{301}e\x{301}e\x{301}e\x{301}e\x{301}e\x{301}e\x{301}e\x{301} e\x{301}e\x{301}e\x{301}e\x{301}e\x{301}e\x{301}e\x{301}e\x{301}e\x{301}e\x{301}e\x{301}e\x{301}e\x{301}e\x{301}e\x{301}e\x{301}e\x{301}e\x{301}e\x{301}e\x{301}e\x{301}e\x{301}"
          text run at (1056,6345) width 0: " "
          text run at (0,6360) width 1056: "e\x{301}e\x{301}e\x{301}e\x{301}e\x{301}e\x{301}e\x{301}e\x{301}e\x{301}e\x{301}e\x{301}e\x{301}e\x{301}e\x{301}e\x{301}e\x{301}e\x{301}e\x{301}e\x{301}e\x{301}e\x{301}e\x{301}e\x{301}e\x{301}e\x{301}e\x{301}e\x{301}e\x{301}e\x{301}e\x{301}e\x{301}e\x{301} e\x{301} e\x{301}e\x{301}e\x{301}e\x{301}e\x{301}e\x{301}e\x{301}e\x{301}e\x{301}e\x{301}e\x{301}e\x{301}e\x{301}e\x{301}e\x{301}e\x{301}e\x{301}e\x{301}e\x{301}e\x{301}e\x{301}e\x{301}e\x{301}e\x{301}e\x{301}e\x{301}e\x{301}e\x{301}e\x{301}e\x{301}e\x{301}e\x{301}e\x{301}e\x{301}e\x{301}e\x{301}e\x{301}e\x{301}e\x{301}e\x{301}e\x{301}e\x{301}e\x{301} e\x{301}e\x{301}e\x{301}e\x{301}e\x{301}e\x{301}e\x{301}e\x{301}e\x{301}e\x{301}e\x{301}e\x{301}e\x{301}e\x{301}e\x{301}e\x{301}e\x{301}e\x{301}e\x{301}e\x{301}e\x{301}e\x{301}e\x{301}e\x{301}e\x{301}e\x{301}e\x{301}e\x{301}e\x{301}e\x{301} e\x{301}e\x{301}e\x{301}e\x{301}e\x{301}e\x{301}e\x{301}e\x{301}e\x{301}e\x{301}e\x{301}e\x{301}e\x{301}e\x{301}e\x{301}e\x{301}e\x{301}e\x{301}e\x{301}e\x{301}e\x{301}e\x{301}"
          text run at (1056,6360) width 0: " "
          text run at (0,6375) width 1056: "e\x{301}e\x{301}e\x{301}e\x{301}e\x{301}e\x{301}e\x{301}e\x{301}e\x{301}e\x{301}e\x{301}e\x{301}e\x{301}e\x{301}e\x{301}e\x{301}e\x{301}e\x{301}e\x{301}e\x{301}e\x{301}e\x{301}e\x{301}e\x{301}e\x{301}e\x{301}e\x{301}e\x{301}e\x{301}e\x{301}e\x{301}e\x{301} e\x{301} e\x{301}e\x{301}e\x{301}e\x{301}e\x{301}e\x{301}e\x{301}e\x{301}e\x{301}e\x{301}e\x{301}e\x{301}e\x{301}e\x{301}e\x{301}e\x{301}e\x{301}e\x{301}e\x{301}e\x{301}e\x{301}e\x{301}e\x{301}e\x{301}e\x{301}e\x{301}e\x{301}e\x{301}e\x{301}e\x{301}e\x{301}e\x{301}e\x{301}e\x{301}e\x{301}e\x{301}e\x{301}e\x{301}e\x{301}e\x{301}e\x{301}e\x{301}e\x{301} e\x{301}e\x{301}e\x{301}e\x{301}e\x{301}e\x{301}e\x{301}e\x{301}e\x{301}e\x{301}e\x{301}e\x{301}e\x{301}e\x{301}e\x{301}e\x{301}e\x{301}e\x{301}e\x{301}e\x{301}e\x{301}e\x{301}e\x{301}e\x{301}e\x{301}e\x{301}e\x{301}e\x{301}e\x{301}e\x{301} e\x{301}e\x{301}e\x{301}e\x{301}e\x{301}e\x{301}e\x{301}e\x{301}e\x{301}e\x{301}e\x{301}e\x{301}e\x{301}e\x{301}e\x{301}e\x{301}e\x{301}e\x{301}e\x{301}e\x{301}e\x{301}e\x{301}"
          text run at (1056,6375) width 0: " "
          text run at (0,6390) width 1056: "e\x{301}e\x{301}e\x{301}e\x{301}e\x{301}e\x{301}e\x{301}e\x{301}e\x{301}e\x{301}e\x{301}e\x{301}e\x{301}e\x{301}e\x{301}e\x{301}e\x{301}e\x{301}e\x{301}e\x{301}e\x{301}e\x{301}e\x{301}e\x{301}e\x{301}e\x{301}e\x{301}e\x{301}e\x{301}e\x{301}e\x{301}e\x{301} e\x{301} e\x{301}e\x{301}e\x{301}e\x{301}e\x{301}e\x{301}e\x{301}e\x{301}e\x{301}e\x{301}e\x{301}e\x{301}e\x{301}e\x{301}e\x{301}e\x{301}e\x{301}e\x{301}e\x{301}e\x{301}e\x{301}e\x{301}e\x{301}e\x{301}e\x{301}e\x{301}e\x{301}e\x{301}e\x{301}e\x{301}e\x{301}e\x{301}e\x{301}e\x{301}e\x{301}e\x{301}e\x{301}e\x{301}e\x{301}e\x{301}e\x{301}e\x{301}e\x{301} e\x{301}e\x{301}e\x{301}e\x{301}e\x{301}e\x{301}e\x{301}e\x{301}e\x{301}e\x{301}e\x{301}e\x{301}e\x{301}e\x{301}e\x{301}e\x{301}e\x{301}e\x{301}e\x{301}e\x{301}e\x{301}e\x{301}e\x{301}e\x{301}e\x{301}e\x{301}e\x{301}e\x{301}e\x{301}e\x{301} e\x{301}e\x{301}e\x{301}e\x{301}e\x{301}e\x{301}e\x{301}e\x{301}e\x{301}e\x{301}e\x{301}e\x{301}e\x{301}e\x{301}e\x{301}e\x{301}e\x{301}e\x{301}e\x{301}e\x{301}e\x{301}e\x{301}"
          text run at (1056,6390) width 0: " "
          text run at (0,6405) width 1056: "e\x{301}e\x{301}e\x{301}e\x{301}e\x{301}e\x{301}e\x{301}e\x{301}e\x{301}e\x{301}e\x{301}e\x{301}e\x{301}e\x{301}e\x{301}e\x{301}e\x{301}e\x{301}e\x{301}e\x{301}e\x{301}e\x{301}e\x{301}e\x{301}e\x{301}e\x{301}e\x{301}e\x{301}e\x{301}e\x{301}e\x{301}e\x{301} e\x{301} e\x{301}e\x{301}e\x{301}e\x{301}e\x{301}e\x{301}e\x{301}e\x{301}e\x{301}e\x{301}e\x{301}e\x{301}e\x{301}e\x{301}e\x{301}e\x{301}e\x{301}e\x{301}e\x{301}e\x{301}e\x{301}e\x{301}e\x{301}e\x{301}e\x{301}e\x{301}e\x{301}e\x{301}e\x{301}e\x{301}e\x{301}e\x{301}e\x{301}e\x{301}e\x{301}e\x{301}e\x{301}e\x{301}e\x{301}e\x{301}e\x{301}e\x{301}e\x{301} e\x{301}e\x{301}e\x{301}e\x{301}e\x{301}e\x{301}e\x{301}e\x{301}e\x{301}e\x{301}e\x{301}e\x{301}e\x{301}e\x{301}e\x{301}e\x{301}e\x{301}e\x{301}e\x{301}e\x{301}e\x{301}e\x{301}e\x{301}e\x{301}e\x{301}e\x{301}e\x{301}e\x{301}e\x{301}e\x{301} e\x{301}e\x{301}e\x{301}e\x{301}e\x{301}e\x{301}e\x{301}e\x{301}e\x{301}e\x{301}e\x{301}e\x{301}e\x{301}e\x{301}e\x{301}e\x{301}e\x{301}e\x{301}e\x{301}e\x{301}e\x{301}e\x{301}"
          text run at (1056,6405) width 0: " "
          text run at (0,6420) width 1056: "e\x{301}e\x{301}e\x{301}e\x{301}e\x{301}e\x{301}e\x{301}e\x{301}e\x{301}e\x{301}e\x{301}e\x{301}e\x{301}e\x{301}e\x{301}e\x{301}e\x{301}e\x{301}e\x{301}e\x{301}e\x{301}e\x{301}e\x{301}e\x{301}e\x{301}e\x{301}e\x{301}e\x{301}e\x{301}e\x{301}e\x{301}e\x{301} e\x{301} e\x{301}e\x{301}e\x{301}e\x{301}e\x{301}e\x{301}e\x{301}e\x{301}e\x{301}e\x{301}e\x{301}e\x{301}e\x{301}e\x{301}e\x{301}e\x{301}e\x{301}e\x{301}e\x{301}e\x{301}e\x{301}e\x{301}e\x{301}e\x{301}e\x{301}e\x{301}e\x{301}e\x{301}e\x{301}e\x{301}e\x{301}e\x{301}e\x{301}e\x{301}e\x{301}e\x{301}e\x{301}e\x{301}e\x{301}e\x{301}e\x{301}e\x{301}e\x{301} e\x{301}e\x{301}e\x{301}e\x{301}e\x{301}e\x{301}e\x{301}e\x{301}e\x{301}e\x{301}e\x{301}e\x{301}e\x{301}e\x{301}e\x{301}e\x{301}e\x{301}e\x{301}e\x{301}e\x{301}e\x{301}e\x{301}e\x{301}e\x{301}e\x{301}e\x{301}e\x{301}e\x{301}e\x{301}e\x{301} e\x{301}e\x{301}e\x{301}e\x{301}e\x{301}e\x{301}e\x{301}e\x{301}e\x{301}e\x{301}e\x{301}e\x{301}e\x{301}e\x{301}e\x{301}e\x{301}e\x{301}e\x{301}e\x{301}e\x{301}e\x{301}e\x{301}"
          text run at (1056,6420) width 0: " "
          text run at (0,6435) width 1056: "e\x{301}e\x{301}e\x{301}e\x{301}e\x{301}e\x{301}e\x{301}e\x{301}e\x{301}e\x{301}e\x{301}e\x{301}e\x{301}e\x{301}e\x{301}e\x{301}e\x{301}e\x{301}e\x{301}e\x{301}e\x{301}e\x{301}e\x{301}e\x{301}e\x{301}e\x{301}e\x{301}e\x{301}e\x{301}e\x{301}e\x{301}e\x{301} e\x{301} e\x{301}e\x{301}e\x{301}e\x{301}e\x{301}e\x{301}e\x{301}e\x{301}e\x{301}e\x{301}e\x{301}e\x{301}e\x{301}e\x{301}e\x{301}e\x{301}e\x{301}e\x{301}e\x{301}e\x{301}e\x{301}e\x{301}e\x{301}e\x{301}e\x{301}e\x{301}e\x{301}e\x{301}e\x{301}e\x{301}e\x{301}e\x{301}e\x{301}e\x{301}e\x{301}e\x{301}e\x{301}e\x{301}e\x{301}e\x{301}e\x{301}e\x{301}e\x{301} e\x{301}e\x{301}e\x{301}e\x{301}e\x{301}e\x{301}e\x{301}e\x{301}e\x{301}e\x{301}e\x{301}e\x{301}e\x{301}e\x{301}e\x{301}e\x{301}e\x{301}e\x{301}e\x{301}e\x{301}e\x{301}e\x{301}e\x{301}e\x{301}e\x{301}e\x{301}e\x{301}e\x{301}e\x{301}e\x{301} e\x{301}e\x{301}e\x{301}e\x{301}e\x{301}e\x{301}e\x{301}e\x{301}e\x{301}e\x{301}e\x{301}e\x{301}e\x{301}e\x{301}e\x{301}e\x{301}e\x{301}e\x{301}e\x{301}e\x{301}e\x{301}e\x{301}"
          text run at (1056,6435) width 0: " "
          text run at (0,6450) width 1056: "e\x{301}e\x{301}e\x{301}e\x{301}e\x{301}e\x{301}e\x{301}e\x{301}e\x{301}e\x{301}e\x{301}e\x{301}e\x{301}e\x{301}e\x{301}e\x{301}e\x{301}e\x{301}e\x{301}e\x{301}e\x{301}e\x{301}e\x{301}e\x{301}e\x{301}e\x{301}e\x{301}e\x{301}e\x{301}e\x{301}e\x{301}e\x{301} e\x{301} e\x{301}e\x{301}e\x{301}e\x{301}e\x{301}e\x{301}e\x{301}e\x{301}e\x{301}e\x{301}e\x{301}e\x{301}e\x{301}e\x{301}e\x{301}e\x{301}e\x{301}e\x{301}e\x{301}e\x{301}e\x{301}e\x{301}e\x{301}e\x{301}e\x{301}e\x{301}e\x{301}e\x{301}e\x{301}e\x{301}e\x{301}e\x{301}e\x{301}e\x{301}e\x{301}e\x{301}e\x{301}e\x{301}e\x{301}e\x{301}e\x{301}e\x{301}e\x{301} e\x{301}e\x{301}e\x{301}e\x{301}e\x{301}e\x{301}e\x{301}e\x{301}e\x{301}e\x{301}e\x{301}e\x{301}e\x{301}e\x{301}e\x{301}e\x{301}e\x{301}e\x{301}e\x{301}e\x{301}e\x{301}e\x{301}e\x{301}e\x{301}e\x{301}e\x{301}e\x{301}e\x{301}e\x{301}e\x{301} e\x{301}e\x{301}e\x{301}e\x{301}e\x{301}e\x{301}e\x{301}e\x{301}e\x{301}e\x{301}e\x{301}e\x{301}e\x{301}e\x{301}e\x{301}e\x{301}e\x{301}e\x{301}e\x{301}e\x{301}e\x{301}e\x{301}"
          text run at (1056,6450) width 0: " "
          text run at (0,6465) width 1056: "e\x{301}e\x{301}e\x{301}e\x{301}e\x{301}e\x{301}e\x{301}e\x{301}e\x{301}e\x{301}e\x{301}e\x{301}e\x{301}e\x{301}e\x{301}e\x{301}e\x{301}e\x{301}e\x{301}e\x{301}e\x{301}e\x{301}e\x{301}e\x{301}e\x{301}e\x{301}e\x{301}e\x{301}e\x{301}e\x{301}e\x{301}e\x{301} e\x{301} e\x{301}e\x{301}e\x{301}e\x{301}e\x{301}e\x{301}e\x{301}e\x{301}e\x{301}e\x{301}e\x{301}e\x{301}e\x{301}e\x{301}e\x{301}e\x{301}e\x{301}e\x{301}e\x{301}e\x{301}e\x{301}e\x{301}e\x{301}e\x{301}e\x{301}e\x{301}e\x{301}e\x{301}e\x{301}e\x{301}e\x{301}e\x{301}e\x{301}e\x{301}e\x{301}e\x{301}e\x{301}e\x{301}e\x{301}e\x{301}e\x{301}e\x{301}e\x{301} e\x{301}e\x{301}e\x{301}e\x{301}e\x{301}e\x{301}e\x{301}e\x{301}e\x{301}e\x{301}e\x{301}e\x{301}e\x{301}e\x{301}e\x{301}e\x{301}e\x{301}e\x{301}e\x{301}e\x{301}e\x{301}e\x{301}e\x{301}e\x{301}e\x{301}e\x{301}e\x{301}e\x{301}e\x{301}e\x{301} e\x{301}e\x{301}e\x{301}e\x{301}e\x{301}e\x{301}e\x{301}e\x{301}e\x{301}e\x{301}e\x{301}e\x{301}e\x{301}e\x{301}e\x{301}e\x{301}e\x{301}e\x{301}e\x{301}e\x{301}e\x{301}e\x{301}"
          text run at (1056,6465) width 0: " "
          text run at (0,6480) width 1056: "e\x{301}e\x{301}e\x{301}e\x{301}e\x{301}e\x{301}e\x{301}e\x{301}e\x{301}e\x{301}e\x{301}e\x{301}e\x{301}e\x{301}e\x{301}e\x{301}e\x{301}e\x{301}e\x{301}e\x{301}e\x{301}e\x{301}e\x{301}e\x{301}e\x{301}e\x{301}e\x{301}e\x{301}e\x{301}e\x{301}e\x{301}e\x{301} e\x{301} e\x{301}e\x{301}e\x{301}e\x{301}e\x{301}e\x{301}e\x{301}e\x{301}e\x{301}e\x{301}e\x{301}e\x{301}e\x{301}e\x{301}e\x{301}e\x{301}e\x{301}e\x{301}e\x{301}e\x{301}e\x{301}e\x{301}e\x{301}e\x{301}e\x{301}e\x{301}e\x{301}e\x{301}e\x{301}e\x{301}e\x{301}e\x{301}e\x{301}e\x{301}e\x{301}e\x{301}e\x{301}e\x{301}e\x{301}e\x{301}e\x{301}e\x{301}e\x{301} e\x{301}e\x{301}e\x{301}e\x{301}e\x{301}e\x{301}e\x{301}e\x{301}e\x{301}e\x{301}e\x{301}e\x{301}e\x{301}e\x{301}e\x{301}e\x{301}e\x{301}e\x{301}e\x{301}e\x{301}e\x{301}e\x{301}e\x{301}e\x{301}e\x{301}e\x{301}e\x{301}e\x{301}e\x{301}e\x{301} e\x{301}e\x{301}e\x{301}e\x{301}e\x{301}e\x{301}e\x{301}e\x{301}e\x{301}e\x{301}e\x{301}e\x{301}e\x{301}e\x{301}e\x{301}e\x{301}e\x{301}e\x{301}e\x{301}e\x{301}e\x{301}e\x{301}"
          text run at (1056,6480) width 0: " "
          text run at (0,6495) width 1056: "e\x{301}e\x{301}e\x{301}e\x{301}e\x{301}e\x{301}e\x{301}e\x{301}e\x{301}e\x{301}e\x{301}e\x{301}e\x{301}e\x{301}e\x{301}e\x{301}e\x{301}e\x{301}e\x{301}e\x{301}e\x{301}e\x{301}e\x{301}e\x{301}e\x{301}e\x{301}e\x{301}e\x{301}e\x{301}e\x{301}e\x{301}e\x{301} e\x{301} e\x{301}e\x{301}e\x{301}e\x{301}e\x{301}e\x{301}e\x{301}e\x{301}e\x{301}e\x{301}e\x{301}e\x{301}e\x{301}e\x{301}e\x{301}e\x{301}e\x{301}e\x{301}e\x{301}e\x{301}e\x{301}e\x{301}e\x{301}e\x{301}e\x{301}e\x{301}e\x{301}e\x{301}e\x{301}e\x{301}e\x{301}e\x{301}e\x{301}e\x{301}e\x{301}e\x{301}e\x{301}e\x{301}e\x{301}e\x{301}e\x{301}e\x{301}e\x{301} e\x{301}e\x{301}e\x{301}e\x{301}e\x{301}e\x{301}e\x{301}e\x{301}e\x{301}e\x{301}e\x{301}e\x{301}e\x{301}e\x{301}e\x{301}e\x{301}e\x{301}e\x{301}e\x{301}e\x{301}e\x{301}e\x{301}e\x{301}e\x{301}e\x{301}e\x{301}e\x{301}e\x{301}e\x{301}e\x{301} e\x{301}e\x{301}e\x{301}e\x{301}e\x{301}e\x{301}e\x{301}e\x{301}e\x{301}e\x{301}e\x{301}e\x{301}e\x{301}e\x{301}e\x{301}e\x{301}e\x{301}e\x{301}e\x{301}e\x{301}e\x{301}e\x{301}"
          text run at (1056,6495) width 0: " "
          text run at (0,6510) width 1056: "e\x{301}e\x{301}e\x{301}e\x{301}e\x{301}e\x{301}e\x{301}e\x{301}e\x{301}e\x{301}e\x{301}e\x{301}e\x{301}e\x{301}e\x{301}e\x{301}e\x{301}e\x{301}e\x{301}e\x{301}e\x{301}e\x{301}e\x{301}e\x{301}e\x{301}e\x{301}e\x{301}e\x{301}e\x{301}e\x{301}e\x{301}e\x{301} e\x{301} e\x{301}e\x{301}e\x{301}e\x{301}e\x{301}e\x{301}e\x{301}e\x{301}e\x{301}e\x{301}e\x{301}e\x{301}e\x{301}e\x{301}e\x{301}e\x{301}e\x{301}e\x{301}e\x{301}e\x{301}e\x{301}e\x{301}e\x{301}e\x{301}e\x{301}e\x{301}e\x{301}e\x{301}e\x{301}e\x{301}e\x{301}e\x{301}e\x{301}e\x{301}e\x{301}e\x{301}e\x{301}e\x{301}e\x{301}e\x{301}e\x{301}e\x{301}e\x{301} e\x{301}e\x{301}e\x{301}e\x{301}e\x{301}e\x{301}e\x{301}e\x{301}e\x{301}e\x{301}e\x{301}e\x{301}e\x{301}e\x{301}e\x{301}e\x{301}e\x{301}e\x{301}e\x{301}e\x{301}e\x{301}e\x{301}e\x{301}e\x{301}e\x{301}e\x{301}e\x{301}e\x{301}e\x{301}e\x{301} e\x{301}e\x{301}e\x{301}e\x{301}e\x{301}e\x{301}e\x{301}e\x{301}e\x{301}e\x{301}e\x{301}e\x{301}e\x{301}e\x{301}e\x{301}e\x{301}e\x{301}e\x{301}e\x{301}e\x{301}e\x{301}e\x{301}"
          text run at (1056,6510) width 0: " "
          text run at (0,6525) width 1056: "e\x{301}e\x{301}e\x{301}e\x{301}e\x{301}e\x{301}e\x{301}e\x{301}e\x{301}e\x{301}e\x{301}e\x{301}e\x{301}e\x{301}e\x{301}e\x{301}e\x{301}e\x{301}e\x{301}e\x{301}e\x{301}e\x{301}e\x{301}e\x{301}e\x{301}e\x{301}e\x{301}e\x{301}e\x{301}e\x{301}e\x{301}e\x{301} e\x{301} e\x{301}e\x{301}e\x{301}e\x{301}e\x{301}e\x{301}e\x{301}e\x{301}e\x{301}e\x{301}e\x{301}e\x{301}e\x{301}e\x{301}e\x{301}e\x{301}e\x{301}e\x{301}e\x{301}e\x{301}e\x{301}e\x{301}e\x{301}e\x{301}e\x{301}e\x{301}e\x{301}e\x{301}e\x{301}e\x{301}e\x{301}e\x{301}e\x{301}e\x{301}e\x{301}e\x{301}e\x{301}e\x{301}e\x{301}e\x{301}e\x{301}e\x{301}e\x{301} e\x{301}e\x{301}e\x{301}e\x{301}e\x{301}e\x{301}e\x{301}e\x{301}e\x{301}e\x{301}e\x{301}e\x{301}e\x{301}e\x{301}e\x{301}e\x{301}e\x{301}e\x{301}e\x{301}e\x{301}e\x{301}e\x{301}e\x{301}e\x{301}e\x{301}e\x{301}e\x{301}e\x{301}e\x{301}e\x{301} e\x{301}e\x{301}e\x{301}e\x{301}e\x{301}e\x{301}e\x{301}e\x{301}e\x{301}e\x{301}e\x{301}e\x{301}e\x{301}e\x{301}e\x{301}e\x{301}e\x{301}e\x{301}e\x{301}e\x{301}e\x{301}e\x{301}"
          text run at (1056,6525) width 0: " "
          text run at (0,6540) width 1056: "e\x{301}e\x{301}e\x{301}e\x{301}e\x{301}e\x{301}e\x{301}e\x{301}e\x{301}e\x{301}e\x{301}e\x{301}e\x{301}e\x{301}e\x{301}e\x{301}e\x{301}e\x{301}e\x{301}e\x{301}e\x{301}e\x{301}e\x{301}e\x{301}e\x{301}e\x{301}e\x{301}e\x{301}e\x{301}e\x{301}e\x{301}e\x{301} e\x{301} e\x{301}e\x{301}e\x{301}e\x{301}e\x{301}e\x{301}e\x{301}e\x{301}e\x{301}e\x{301}e\x{301}e\x{301}e\x{301}e\x{301}e\x{301}e\x{301}e\x{301}e\x{301}e\x{301}e\x{301}e\x{301}e\x{301}e\x{301}e\x{301}e\x{301}e\x{301}e\x{301}e\x{301}e\x{301}e\x{301}e\x{301}e\x{301}e\x{301}e\x{301}e\x{301}e\x{301}e\x{301}e\x{301}e\x{301}e\x{301}e\x{301}e\x{301}e\x{301} e\x{301}e\x{301}e\x{301}e\x{301}e\x{301}e\x{301}e\x{301}e\x{301}e\x{301}e\x{301}e\x{301}e\x{301}e\x{301}e\x{301}e\x{301}e\x{301}e\x{301}e\x{301}e\x{301}e\x{301}e\x{301}e\x{301}e\x{301}e\x{301}e\x{301}e\x{301}e\x{301}e\x{301}e\x{301}e\x{301} e\x{301}e\x{301}e\x{301}e\x{301}e\x{301}e\x{301}e\x{301}e\x{301}e\x{301}e\x{301}e\x{301}e\x{301}e\x{301}e\x{301}e\x{301}e\x{301}e\x{301}e\x{301}e\x{301}e\x{301}e\x{301}e\x{301}"
          text run at (1056,6540) width 0: " "
          text run at (0,6555) width 1056: "e\x{301}e\x{301}e\x{301}e\x{301}e\x{301}e\x{301}e\x{301}e\x{301}e\x{301}e\x{301}e\x{301}e\x{301}e\x{301}e\x{301}e\x{301}e\x{301}e\x{301}e\x{301}e\x{301}e\x{301}e\x{301}e\x{301}e\x{301}e\x{301}e\x{301}e\x{301}e\x{301}e\x{301}e\x{301}e\x{301}e\x{301}e\x{301} e\x{301} e\x{301}e\x{301}e\x{301}e\x{301}e\x{301}e\x{301}e\x{301}e\x{301}e\x{301}e\x{301}e\x{301}e\x{301}e\x{301}e\x{301}e\x{301}e\x{301}e\x{301}e\x{301}e\x{301}e\x{301}e\x{301}e\x{301}e\x{301}e\x{301}e\x{301}e\x{301}e\x{301}e\x{301}e\x{301}e\x{301}e\x{301}e\x{301}e\x{301}e\x{301}e\x{301}e\x{301}e\x{301}e\x{301}e\x{301}e\x{301}e\x{301}e\x{301}e\x{301} e\x{301}e\x{301}e\x{301}e\x{301}e\x{301}e\x{301}e\x{301}e\x{301}e\x{301}e\x{301}e\x{301}e\x{301}e\x{301}e\x{301}e\x{301}e\x{301}e\x{301}e\x{301}e\x{301}e\x{301}e\x{301}e\x{301}e\x{301}e\x{301}e\x{301}e\x{301}e\x{301}e\x{301}e\x{301}e\x{301} e\x{301}e\x{301}e\x{301}e\x{301}e\x{301}e\x{301}e\x{301}e\x{301}e\x{301}e\x{301}e\x{301}e\x{301}e\x{301}e\x{301}e\x{301}e\x{301}e\x{301}e\x{301}e\x{301}e\x{301}e\x{301}e\x{301}"
          text run at (1056,6555) width 0: " "
          text run at (0,6570) width 1056: "e\x{301}e\x{301}e\x{301}e\x{301}e\x{301}e\x{301}e\x{301}e\x{301}e\x{301}e\x{301}e\x{301}e\x{301}e\x{301}e\x{301}e\x{301}e\x{301}e\x{301}e\x{301}e\x{301}e\x{301}e\x{301}e\x{301}e\x{301}e\x{301}e\x{301}e\x{301}e\x{301}e\x{301}e\x{301}e\x{301}e\x{301}e\x{301} e\x{301} e\x{301}e\x{301}e\x{301}e\x{301}e\x{301}e\x{301}e\x{301}e\x{301}e\x{301}e\x{301}e\x{301}e\x{301}e\x{301}e\x{301}e\x{301}e\x{301}e\x{301}e\x{301}e\x{301}e\x{301}e\x{301}e\x{301}e\x{301}e\x{301}e\x{301}e\x{301}e\x{301}e\x{301}e\x{301}e\x{301}e\x{301}e\x{301}e\x{301}e\x{301}e\x{301}e\x{301}e\x{301}e\x{301}e\x{301}e\x{301}e\x{301}e\x{301}e\x{301} e\x{301}e\x{301}e\x{301}e\x{301}e\x{301}e\x{301}e\x{301}e\x{301}e\x{301}e\x{301}e\x{301}e\x{301}e\x{301}e\x{301}e\x{301}e\x{301}e\x{301}e\x{301}e\x{301}e\x{301}e\x{301}e\x{301}e\x{301}e\x{301}e\x{301}e\x{301}e\x{301}e\x{301}e\x{301}e\x{301} e\x{301}e\x{301}e\x{301}e\x{301}e\x{301}e\x{301}e\x{301}e\x{301}e\x{301}e\x{301}e\x{301}e\x{301}e\x{301}e\x{301}e\x{301}e\x{301}e\x{301}e\x{301}e\x{301}e\x{301}e\x{301}e\x{301}"
          text run at (1056,6570) width 0: " "
          text run at (0,6585) width 1056: "e\x{301}e\x{301}e\x{301}e\x{301}e\x{301}e\x{301}e\x{301}e\x{301}e\x{301}e\x{301}e\x{301}e\x{301}e\x{301}e\x{301}e\x{301}e\x{301}e\x{301}e\x{301}e\x{301}e\x{301}e\x{301}e\x{301}e\x{301}e\x{301}e\x{301}e\x{301}e\x{301}e\x{301}e\x{301}e\x{301}e\x{301}e\x{301} e\x{301} e\x{301}e\x{301}e\x{301}e\x{301}e\x{301}e\x{301}e\x{301}e\x{301}e\x{301}e\x{301}e\x{301}e\x{301}e\x{301}e\x{301}e\x{301}e\x{301}e\x{301}e\x{301}e\x{301}e\x{301}e\x{301}e\x{301}e\x{301}e\x{301}e\x{301}e\x{301}e\x{301}e\x{301}e\x{301}e\x{301}e\x{301}e\x{301}e\x{301}e\x{301}e\x{301}e\x{301}e\x{301}e\x{301}e\x{301}e\x{301}e\x{301}e\x{301}e\x{301} e\x{301}e\x{301}e\x{301}e\x{301}e\x{301}e\x{301}e\x{301}e\x{301}e\x{301}e\x{301}e\x{301}e\x{301}e\x{301}e\x{301}e\x{301}e\x{301}e\x{301}e\x{301}e\x{301}e\x{301}e\x{301}e\x{301}e\x{301}e\x{301}e\x{301}e\x{301}e\x{301}e\x{301}e\x{301}e\x{301} e\x{301}e\x{301}e\x{301}e\x{301}e\x{301}e\x{301}e\x{301}e\x{301}e\x{301}e\x{301}e\x{301}e\x{301}e\x{301}e\x{301}e\x{301}e\x{301}e\x{301}e\x{301}e\x{301}e\x{301}e\x{301}e\x{301}"
          text run at (1056,6585) width 0: " "
          text run at (0,6600) width 1056: "e\x{301}e\x{301}e\x{301}e\x{301}e\x{301}e\x{301}e\x{301}e\x{301}e\x{301}e\x{301}e\x{301}e\x{301}e\x{301}e\x{301}e\x{301}e\x{301}e\x{301}e\x{301}e\x{301}e\x{301}e\x{301}e\x{301}e\x{301}e\x{301}e\x{301}e\x{301}e\x{301}e\x{301}e\x{301}e\x{301}e\x{301}e\x{301} e\x{301} e\x{301}e\x{301}e\x{301}e\x{301}e\x{301}e\x{301}e\x{301}e\x{301}e\x{301}e\x{301}e\x{301}e\x{301}e\x{301}e\x{301}e\x{301}e\x{301}e\x{301}e\x{301}e\x{301}e\x{301}e\x{301}e\x{301}e\x{301}e\x{301}e\x{301}e\x{301}e\x{301}e\x{301}e\x{301}e\x{301}e\x{301}e\x{301}e\x{301}e\x{301}e\x{301}e\x{301}e\x{301}e\x{301}e\x{301}e\x{301}e\x{301}e\x{301}e\x{301} e\x{301}e\x{301}e\x{301}e\x{301}e\x{301}e\x{301}e\x{301}e\x{301}e\x{301}e\x{301}e\x{301}e\x{301}e\x{301}e\x{301}e\x{301}e\x{301}e\x{301}e\x{301}e\x{301}e\x{301}e\x{301}e\x{301}e\x{301}e\x{301}e\x{301}e\x{301}e\x{301}e\x{301}e\x{301}e\x{301} e\x{301}e\x{301}e\x{301}e\x{301}e\x{301}e\x{301}e\x{301}e\x{301}e\x{301}e\x{301}e\x{301}e\x{301}e\x{301}e\x{301}e\x{301}e\x{301}e\x{301}e\x{301}e\x{301}e\x{301}e\x{301}e\x{301}"
          text run at (1056,6600) width 0: " "
          text run at (0,6615) width 1056: "e\x{301}e\x{301}e\x{301}e\x{301}e\x{301}e\x{301}e\x{301}e\x{301}e\x{301}e\x{301}e\x{301}e\x{301}e\x{301}e\x{301}e\x{301}e\x{301}e\x{301}e\x{301}e\x{301}e\x{301}e\x{301}e\x{301}e\x{301}e\x{301}e\x{301}e\x{301}e\x{301}e\x{301}e\x{301}e\x{301}e\x{301}e\x{301} e\x{301} e\x{301}e\x{301}e\x{301}e\x{301}e\x{301}e\x{301}e\x{301}e\x{301}e\x{301}e\x{301}e\x{301}e\x{301}e\x{301}e\x{301}e\x{301}e\x{301}e\x{301}e\x{301}e\x{301}e\x{301}e\x{301}e\x{301}e\x{301}e\x{301}e\x{301}e\x{301}e\x{301}e\x{301}e\x{301}e\x{301}e\x{301}e\x{301}e\x{301}e\x{301}e\x{301}e\x{301}e\x{301}e\x{301}e\x{301}e\x{301}e\x{301}e\x{301}e\x{301} e\x{301}e\x{301}e\x{301}e\x{301}e\x{301}e\x{301}e\x{301}e\x{301}e\x{301}e\x{301}e\x{301}e\x{301}e\x{301}e\x{301}e\x{301}e\x{301}e\x{301}e\x{301}e\x{301}e\x{301}e\x{301}e\x{301}e\x{301}e\x{301}e\x{301}e\x{301}e\x{301}e\x{301}e\x{301}e\x{301} e\x{301}e\x{301}e\x{301}e\x{301}e\x{301}e\x{301}e\x{301}e\x{301}e\x{301}e\x{301}e\x{301}e\x{301}e\x{301}e\x{301}e\x{301}e\x{301}e\x{301}e\x{301}e\x{301}e\x{301}e\x{301}e\x{301}"
          text run at (1056,6615) width 0: " "
          text run at (0,6630) width 1056: "e\x{301}e\x{301}e\x{301}e\x{301}e\x{301}e\x{301}e\x{301}e\x{301}e\x{301}e\x{301}e\x{301}e\x{301}e\x{301}e\x{301}e\x{301}e\x{301}e\x{301}e\x{301}e\x{301}e\x{301}e\x{301}e\x{301}e\x{301}e\x{301}e\x{301}e\x{301}e\x{301}e\x{301}e\x{301}e\x{301}e\x{301}e\x{301} e\x{301} e\x{301}e\x{301}e\x{301}e\x{301}e\x{301}e\x{301}e\x{301}e\x{301}e\x{301}e\x{301}e\x{301}e\x{301}e\x{301}e\x{301}e\x{301}e\x{301}e\x{301}e\x{301}e\x{301}e\x{301}e\x{301}e\x{301}e\x{301}e\x{301}e\x{301}e\x{301}e\x{301}e\x{301}e\x{301}e\x{301}e\x{301}e\x{301}e\x{301}e\x{301}e\x{301}e\x{301}e\x{301}e\x{301}e\x{301}e\x{301}e\x{301}e\x{301}e\x{301} e\x{301}e\x{301}e\x{301}e\x{301}e\x{301}e\x{301}e\x{301}e\x{301}e\x{301}e\x{301}e\x{301}e\x{301}e\x{301}e\x{301}e\x{301}e\x{301}e\x{301}e\x{301}e\x{301}e\x{301}e\x{301}e\x{301}e\x{301}e\x{301}e\x{301}e\x{301}e\x{301}e\x{301}e\x{301}e\x{301} e\x{301}e\x{301}e\x{301}e\x{301}e\x{301}e\x{301}e\x{301}e\x{301}e\x{301}e\x{301}e\x{301}e\x{301}e\x{301}e\x{301}e\x{301}e\x{301}e\x{301}e\x{301}e\x{301}e\x{301}e\x{301}e\x{301}"
          text run at (1056,6630) width 0: " "
          text run at (0,6645) width 1056: "e\x{301}e\x{301}e\x{301}e\x{301}e\x{301}e\x{301}e\x{301}e\x{301}e\x{301}e\x{301}e\x{301}e\x{301}e\x{301}e\x{301}e\x{301}e\x{301}e\x{301}e\x{301}e\x{301}e\x{301}e\x{301}e\x{301}e\x{301}e\x{301}e\x{301}e\x{301}e\x{301}e\x{301}e\x{301}e\x{301}e\x{301}e\x{301} e\x{301} e\x{301}e\x{301}e\x{301}e\x{301}e\x{301}e\x{301}e\x{301}e\x{301}e\x{301}e\x{301}e\x{301}e\x{301}e\x{301}e\x{301}e\x{301}e\x{301}e\x{301}e\x{301}e\x{301}e\x{301}e\x{301}e\x{301}e\x{301}e\x{301}e\x{301}e\x{301}e\x{301}e\x{301}e\x{301}e\x{301}e\x{301}e\x{301}e\x{301}e\x{301}e\x{301}e\x{301}e\x{301}e\x{301}e\x{301}e\x{301}e\x{301}e\x{301}e\x{301} e\x{301}e\x{301}e\x{301}e\x{301}e\x{301}e\x{301}e\x{301}e\x{301}e\x{301}e\x{301}e\x{301}e\x{301}e\x{301}e\x{301}e\x{301}e\x{301}e\x{301}e\x{301}e\x{301}e\x{301}e\x{301}e\x{301}e\x{301}e\x{301}e\x{301}e\x{301}e\x{301}e\x{301}e\x{301}e\x{301} e\x{301}e\x{301}e\x{301}e\x{301}e\x{301}e\x{301}e\x{301}e\x{301}e\x{301}e\x{301}e\x{301}e\x{301}e\x{301}e\x{301}e\x{301}e\x{301}e\x{301}e\x{301}e\x{301}e\x{301}e\x{301}e\x{301}"
          text run at (1056,6645) width 0: " "
          text run at (0,6660) width 1056: "e\x{301}e\x{301}e\x{301}e\x{301}e\x{301}e\x{301}e\x{301}e\x{301}e\x{301}e\x{301}e\x{301}e\x{301}e\x{301}e\x{301}e\x{301}e\x{301}e\x{301}e\x{301}e\x{301}e\x{301}e\x{301}e\x{301}e\x{301}e\x{301}e\x{301}e\x{301}e\x{301}e\x{301}e\x{301}e\x{301}e\x{301}e\x{301} e\x{301} e\x{301}e\x{301}e\x{301}e\x{301}e\x{301}e\x{301}e\x{301}e\x{301}e\x{301}e\x{301}e\x{301}e\x{301}e\x{301}e\x{301}e\x{301}e\x{301}e\x{301}e\x{301}e\x{301}e\x{301}e\x{301}e\x{301}e\x{301}e\x{301}e\x{301}e\x{301}e\x{301}e\x{301}e\x{301}e\x{301}e\x{301}e\x{301}e\x{301}e\x{301}e\x{301}e\x{301}e\x{301}e\x{301}e\x{301}e\x{301}e\x{301}e\x{301}e\x{301} e\x{301}e\x{301}e\x{301}e\x{301}e\x{301}e\x{301}e\x{301}e\x{301}e\x{301}e\x{301}e\x{301}e\x{301}e\x{301}e\x{301}e\x{301}e\x{301}e\x{301}e\x{301}e\x{301}e\x{301}e\x{301}e\x{301}e\x{301}e\x{301}e\x{301}e\x{301}e\x{301}e\x{301}e\x{301}e\x{301} e\x{301}e\x{301}e\x{301}e\x{301}e\x{301}e\x{301}e\x{301}e\x{301}e\x{301}e\x{301}e\x{301}e\x{301}e\x{301}e\x{301}e\x{301}e\x{301}e\x{301}e\x{301}e\x{301}e\x{301}e\x{301}e\x{301}"
          text run at (1056,6660) width 0: " "
          text run at (0,6675) width 1056: "e\x{301}e\x{301}e\x{301}e\x{301}e\x{301}e\x{301}e\x{301}e\x{301}e\x{301}e\x{301}e\x{301}e\x{301}e\x{301}e\x{301}e\x{301}e\x{301}e\x{301}e\x{301}e\x{301}e\x{301}e\x{301}e\x{301}e\x{301}e\x{301}e\x{301}e\x{301}e\x{301}e\x{301}e\x{301}e\x{301}e\x{301}e\x{301} e\x{301} e\x{301}e\x{301}e\x{301}e\x{301}e\x{301}e\x{301}e\x{301}e\x{301}e\x{301}e\x{301}e\x{301}e\x{301}e\x{301}e\x{301}e\x{301}e\x{301}e\x{301}e\x{301}e\x{301}e\x{301}e\x{301}e\x{301}e\x{301}e\x{301}e\x{301}e\x{301}e\x{301}e\x{301}e\x{301}e\x{301}e\x{301}e\x{301}e\x{301}e\x{301}e\x{301}e\x{301}e\x{301}e\x{301}e\x{301}e\x{301}e\x{301}e\x{301}e\x{301} e\x{301}e\x{301}e\x{301}e\x{301}e\x{301}e\x{301}e\x{301}e\x{301}e\x{301}e\x{301}e\x{301}e\x{301}e\x{301}e\x{301}e\x{301}e\x{301}e\x{301}e\x{301}e\x{301}e\x{301}e\x{301}e\x{301}e\x{301}e\x{301}e\x{301}e\x{301}e\x{301}e\x{301}e\x{301}e\x{301} e\x{301}e\x{301}e\x{301}e\x{301}e\x{301}e\x{301}e\x{301}e\x{301}e\x{301}e\x{301}e\x{301}e\x{301}e\x{301}e\x{301}e\x{301}e\x{301}e\x{301}e\x{301}e\x{301}e\x{301}e\x{301}e\x{301}"
          text run at (1056,6675) width 0: " "
          text run at (0,6690) width 1056: "e\x{301}e\x{301}e\x{301}e\x{301}e\x{301}e\x{301}e\x{301}e\x{301}e\x{301}e\x{301}e\x{301}e\x{301}e\x{301}e\x{301}e\x{301}e\x{301}e\x{301}e\x{301}e\x{301}e\x{301}e\x{301}e\x{301}e\x{301}e\x{301}e\x{301}e\x{301}e\x{301}e\x{301}e\x{301}e\x{301}e\x{301}e\x{301} e\x{301} e\x{301}e\x{301}e\x{301}e\x{301}e\x{301}e\x{301}e\x{301}e\x{301}e\x{301}e\x{301}e\x{301}e\x{301}e\x{301}e\x{301}e\x{301}e\x{301}e\x{301}e\x{301}e\x{301}e\x{301}e\x{301}e\x{301}e\x{301}e\x{301}e\x{301}e\x{301}e\x{301}e\x{301}e\x{301}e\x{301}e\x{301}e\x{301}e\x{301}e\x{301}e\x{301}e\x{301}e\x{301}e\x{301}e\x{301}e\x{301}e\x{301}e\x{301}e\x{301} e\x{301}e\x{301}e\x{301}e\x{301}e\x{301}e\x{301}e\x{301}e\x{301}e\x{301}e\x{301}e\x{301}e\x{301}e\x{301}e\x{301}e\x{301}e\x{301}e\x{301}e\x{301}e\x{301}e\x{301}e\x{301}e\x{301}e\x{301}e\x{301}e\x{301}e\x{301}e\x{301}e\x{301}e\x{301}e\x{301} e\x{301}e\x{301}e\x{301}e\x{301}e\x{301}e\x{301}e\x{301}e\x{301}e\x{301}e\x{301}e\x{301}e\x{301}e\x{301}e\x{301}e\x{301}e\x{301}e\x{301}e\x{301}e\x{301}e\x{301}e\x{301}e\x{301}"
          text run at (1056,6690) width 0: " "
          text run at (0,6705) width 1056: "e\x{301}e\x{301}e\x{301}e\x{301}e\x{301}e\x{301}e\x{301}e\x{301}e\x{301}e\x{301}e\x{301}e\x{301}e\x{301}e\x{301}e\x{301}e\x{301}e\x{301}e\x{301}e\x{301}e\x{301}e\x{301}e\x{301}e\x{301}e\x{301}e\x{301}e\x{301}e\x{301}e\x{301}e\x{301}e\x{301}e\x{301}e\x{301} e\x{301} e\x{301}e\x{301}e\x{301}e\x{301}e\x{301}e\x{301}e\x{301}e\x{301}e\x{301}e\x{301}e\x{301}e\x{301}e\x{301}e\x{301}e\x{301}e\x{301}e\x{301}e\x{301}e\x{301}e\x{301}e\x{301}e\x{301}e\x{301}e\x{301}e\x{301}e\x{301}e\x{301}e\x{301}e\x{301}e\x{301}e\x{301}e\x{301}e\x{301}e\x{301}e\x{301}e\x{301}e\x{301}e\x{301}e\x{301}e\x{301}e\x{301}e\x{301}e\x{301} e\x{301}e\x{301}e\x{301}e\x{301}e\x{301}e\x{301}e\x{301}e\x{301}e\x{301}e\x{301}e\x{301}e\x{301}e\x{301}e\x{301}e\x{301}e\x{301}e\x{301}e\x{301}e\x{301}e\x{301}e\x{301}e\x{301}e\x{301}e\x{301}e\x{301}e\x{301}e\x{301}e\x{301}e\x{301}e\x{301} e\x{301}e\x{301}e\x{301}e\x{301}e\x{301}e\x{301}e\x{301}e\x{301}e\x{301}e\x{301}e\x{301}e\x{301}e\x{301}e\x{301}e\x{301}e\x{301}e\x{301}e\x{301}e\x{301}e\x{301}e\x{301}e\x{301}"
          text run at (1056,6705) width 0: " "
          text run at (0,6720) width 1056: "e\x{301}e\x{301}e\x{301}e\x{301}e\x{301}e\x{301}e\x{301}e\x{301}e\x{301}e\x{301}e\x{301}e\x{301}e\x{301}e\x{301}e\x{301}e\x{301}e\x{301}e\x{301}e\x{301}e\x{301}e\x{301}e\x{301}e\x{301}e\x{301}e\x{301}e\x{301}e\x{301}e\x{301}e\x{301}e\x{301}e\x{301}e\x{301} e\x{301} e\x{301}e\x{301}e\x{301}e\x{301}e\x{301}e\x{301}e\x{301}e\x{301}e\x{301}e\x{301}e\x{301}e\x{301}e\x{301}e\x{301}e\x{301}e\x{301}e\x{301}e\x{301}e\x{301}e\x{301}e\x{301}e\x{301}e\x{301}e\x{301}e\x{301}e\x{301}e\x{301}e\x{301}e\x{301}e\x{301}e\x{301}e\x{301}e\x{301}e\x{301}e\x{301}e\x{301}e\x{301}e\x{301}e\x{301}e\x{301}e\x{301}e\x{301}e\x{301} e\x{301}e\x{301}e\x{301}e\x{301}e\x{301}e\x{301}e\x{301}e\x{301}e\x{301}e\x{301}e\x{301}e\x{301}e\x{301}e\x{301}e\x{301}e\x{301}e\x{301}e\x{301}e\x{301}e\x{301}e\x{301}e\x{301}e\x{301}e\x{301}e\x{301}e\x{301}e\x{301}e\x{301}e\x{301}e\x{301} e\x{301}e\x{301}e\x{301}e\x{301}e\x{301}e\x{301}e\x{301}e\x{301}e\x{301}e\x{301}e\x{301}e\x{301}e\x{301}e\x{301}e\x{301}e\x{301}e\x{301}e\x{301}e\x{301}e\x{301}e\x{301}e\x{301}"
          text run at (1056,6720) width 0: " "
          text run at (0,6735) width 1056: "e\x{301}e\x{301}e\x{301}e\x{301}e\x{301}e\x{301}e\x{301}e\x{301}e\x{301}e\x{301}e\x{301}e\x{301}e\x{301}e\x{301}e\x{301}e\x{301}e\x{301}e\x{301}e\x{301}e\x{301}e\x{301}e\x{301}e\x{301}e\x{301}e\x{301}e\x{301}e\x{301}e\x{301}e\x{301}e\x{301}e\x{301}e\x{301} e\x{301} e\x{301}e\x{301}e\x{301}e\x{301}e\x{301}e\x{301}e\x{301}e\x{301}e\x{301}e\x{301}e\x{301}e\x{301}e\x{301}e\x{301}e\x{301}e\x{301}e\x{301}e\x{301}e\x{301}e\x{301}e\x{301}e\x{301}e\x{301}e\x{301}e\x{301}e\x{301}e\x{301}e\x{301}e\x{301}e\x{301}e\x{301}e\x{301}e\x{301}e\x{301}e\x{301}e\x{301}e\x{301}e\x{301}e\x{301}e\x{301}e\x{301}e\x{301}e\x{301} e\x{301}e\x{301}e\x{301}e\x{301}e\x{301}e\x{301}e\x{301}e\x{301}e\x{301}e\x{301}e\x{301}e\x{301}e\x{301}e\x{301}e\x{301}e\x{301}e\x{301}e\x{301}e\x{301}e\x{301}e\x{301}e\x{301}e\x{301}e\x{301}e\x{301}e\x{301}e\x{301}e\x{301}e\x{301}e\x{301} e\x{301}e\x{301}e\x{301}e\x{301}e\x{301}e\x{301}e\x{301}e\x{301}e\x{301}e\x{301}e\x{301}e\x{301}e\x{301}e\x{301}e\x{301}e\x{301}e\x{301}e\x{301}e\x{301}e\x{301}e\x{301}e\x{301}"
          text run at (1056,6735) width 0: " "
          text run at (0,6750) width 1056: "e\x{301}e\x{301}e\x{301}e\x{301}e\x{301}e\x{301}e\x{301}e\x{301}e\x{301}e\x{301}e\x{301}e\x{301}e\x{301}e\x{301}e\x{301}e\x{301}e\x{301}e\x{301}e\x{301}e\x{301}e\x{301}e\x{301}e\x{301}e\x{301}e\x{301}e\x{301}e\x{301}e\x{301}e\x{301}e\x{301}e\x{301}e\x{301} e\x{301} e\x{301}e\x{301}e\x{301}e\x{301}e\x{301}e\x{301}e\x{301}e\x{301}e\x{301}e\x{301}e\x{301}e\x{301}e\x{301}e\x{301}e\x{301}e\x{301}e\x{301}e\x{301}e\x{301}e\x{301}e\x{301}e\x{301}e\x{301}e\x{301}e\x{301}e\x{301}e\x{301}e\x{301}e\x{301}e\x{301}e\x{301}e\x{301}e\x{301}e\x{301}e\x{301}e\x{301}e\x{301}e\x{301}e\x{301}e\x{301}e\x{301}e\x{301}e\x{301} e\x{301}e\x{301}e\x{301}e\x{301}e\x{301}e\x{301}e\x{301}e\x{301}e\x{301}e\x{301}e\x{301}e\x{301}e\x{301}e\x{301}e\x{301}e\x{301}e\x{301}e\x{301}e\x{301}e\x{301}e\x{301}e\x{301}e\x{301}e\x{301}e\x{301}e\x{301}e\x{301}e\x{301}e\x{301}e\x{301} e\x{301}e\x{301}e\x{301}e\x{301}e\x{301}e\x{301}e\x{301}e\x{301}e\x{301}e\x{301}e\x{301}e\x{301}e\x{301}e\x{301}e\x{301}e\x{301}e\x{301}e\x{301}e\x{301}e\x{301}e\x{301}e\x{301}"
          text run at (1056,6750) width 0: " "
          text run at (0,6765) width 1056: "e\x{301}e\x{301}e\x{301}e\x{301}e\x{301}e\x{301}e\x{301}e\x{301}e\x{301}e\x{301}e\x{301}e\x{301}e\x{301}e\x{301}e\x{301}e\x{301}e\x{301}e\x{301}e\x{301}e\x{301}e\x{301}e\x{301}e\x{301}e\x{301}e\x{301}e\x{301}e\x{301}e\x{301}e\x{301}e\x{301}e\x{301}e\x{301} e\x{301} e\x{301}e\x{301}e\x{301}e\x{301}e\x{301}e\x{301}e\x{301}e\x{301}e\x{301}e\x{301}e\x{301}e\x{301}e\x{301}e\x{301}e\x{301}e\x{301}e\x{301}e\x{301}e\x{301}e\x{301}e\x{301}e\x{301}e\x{301}e\x{301}e\x{301}e\x{301}e\x{301}e\x{301}e\x{301}e\x{301}e\x{301}e\x{301}e\x{301}e\x{301}e\x{301}e\x{301}e\x{301}e\x{301}e\x{301}e\x{301}e\x{301}e\x{301}e\x{301} e\x{301}e\x{301}e\x{301}e\x{301}e\x{301}e\x{301}e\x{301}e\x{301}e\x{301}e\x{301}e\x{301}e\x{301}e\x{301}e\x{301}e\x{301}e\x{301}e\x{301}e\x{301}e\x{301}e\x{301}e\x{301}e\x{301}e\x{301}e\x{301}e\x{301}e\x{301}e\x{301}e\x{301}e\x{301}e\x{301} e\x{301}e\x{301}e\x{301}e\x{301}e\x{301}e\x{301}e\x{301}e\x{301}e\x{301}e\x{301}e\x{301}e\x{301}e\x{301}e\x{301}e\x{301}e\x{301}e\x{301}e\x{301}e\x{301}e\x{301}e\x{301}e\x{301}"
          text run at (1056,6765) width 0: " "
          text run at (0,6780) width 1056: "e\x{301}e\x{301}e\x{301}e\x{301}e\x{301}e\x{301}e\x{301}e\x{301}e\x{301}e\x{301}e\x{301}e\x{301}e\x{301}e\x{301}e\x{301}e\x{301}e\x{301}e\x{301}e\x{301}e\x{301}e\x{301}e\x{301}e\x{301}e\x{301}e\x{301}e\x{301}e\x{301}e\x{301}e\x{301}e\x{301}e\x{301}e\x{301} e\x{301} e\x{301}e\x{301}e\x{301}e\x{301}e\x{301}e\x{301}e\x{301}e\x{301}e\x{301}e\x{301}e\x{301}e\x{301}e\x{301}e\x{301}e\x{301}e\x{301}e\x{301}e\x{301}e\x{301}e\x{301}e\x{301}e\x{301}e\x{301}e\x{301}e\x{301}e\x{301}e\x{301}e\x{301}e\x{301}e\x{301}e\x{301}e\x{301}e\x{301}e\x{301}e\x{301}e\x{301}e\x{301}e\x{301}e\x{301}e\x{301}e\x{301}e\x{301}e\x{301} e\x{301}e\x{301}e\x{301}e\x{301}e\x{301}e\x{301}e\x{301}e\x{301}e\x{301}e\x{301}e\x{301}e\x{301}e\x{301}e\x{301}e\x{301}e\x{301}e\x{301}e\x{301}e\x{301}e\x{301}e\x{301}e\x{301}e\x{301}e\x{301}e\x{301}e\x{301}e\x{301}e\x{301}e\x{301}e\x{301} e\x{301}e\x{301}e\x{301}e\x{301}e\x{301}e\x{301}e\x{301}e\x{301}e\x{301}e\x{301}e\x{301}e\x{301}e\x{301}e\x{301}e\x{301}e\x{301}e\x{301}e\x{301}e\x{301}e\x{301}e\x{301}e\x{301}"
          text run at (1056,6780) width 0: " "
          text run at (0,6795) width 1056: "e\x{301}e\x{301}e\x{301}e\x{301}e\x{301}e\x{301}e\x{301}e\x{301}e\x{301}e\x{301}e\x{301}e\x{301}e\x{301}e\x{301}e\x{301}e\x{301}e\x{301}e\x{301}e\x{301}e\x{301}e\x{301}e\x{301}e\x{301}e\x{301}e\x{301}e\x{301}e\x{301}e\x{301}e\x{301}e\x{301}e\x{301}e\x{301} e\x{301} e\x{301}e\x{301}e\x{301}e\x{301}e\x{301}e\x{301}e\x{301}e\x{301}e\x{301}e\x{301}e\x{301}e\x{301}e\x{301}e\x{301}e\x{301}e\x{301}e\x{301}e\x{301}e\x{301}e\x{301}e\x{301}e\x{301}e\x{301}e\x{301}e\x{301}e\x{301}e\x{301}e\x{301}e\x{301}e\x{301}e\x{301}e\x{301}e\x{301}e\x{301}e\x{301}e\x{301}e\x{301}e\x{301}e\x{301}e\x{301}e\x{301}e\x{301}e\x{301} e\x{301}e\x{301}e\x{301}e\x{301}e\x{301}e\x{301}e\x{301}e\x{301}e\x{301}e\x{301}e\x{301}e\x{301}e\x{301}e\x{301}e\x{301}e\x{301}e\x{301}e\x{301}e\x{301}e\x{301}e\x{301}e\x{301}e\x{301}e\x{301}e\x{301}e\x{301}e\x{301}e\x{301}e\x{301}e\x{301} e\x{301}e\x{301}e\x{301}e\x{301}e\x{301}e\x{301}e\x{301}e\x{301}e\x{301}e\x{301}e\x{301}e\x{301}e\x{301}e\x{301}e\x{301}e\x{301}e\x{301}e\x{301}e\x{301}e\x{301}e\x{301}e\x{301}"
          text run at (1056,6795) width 0: " "
          text run at (0,6810) width 1056: "e\x{301}e\x{301}e\x{301}e\x{301}e\x{301}e\x{301}e\x{301}e\x{301}e\x{301}e\x{301}e\x{301}e\x{301}e\x{301}e\x{301}e\x{301}e\x{301}e\x{301}e\x{301}e\x{301}e\x{301}e\x{301}e\x{301}e\x{301}e\x{301}e\x{301}e\x{301}e\x{301}e\x{301}e\x{301}e\x{301}e\x{301}e\x{301} e\x{301} e\x{301}e\x{301}e\x{301}e\x{301}e\x{301}e\x{301}e\x{301}e\x{301}e\x{301}e\x{301}e\x{301}e\x{301}e\x{301}e\x{301}e\x{301}e\x{301}e\x{301}e\x{301}e\x{301}e\x{301}e\x{301}e\x{301}e\x{301}e\x{301}e\x{301}e\x{301}e\x{301}e\x{301}e\x{301}e\x{301}e\x{301}e\x{301}e\x{301}e\x{301}e\x{301}e\x{301}e\x{301}e\x{301}e\x{301}e\x{301}e\x{301}e\x{301}e\x{301} e\x{301}e\x{301}e\x{301}e\x{301}e\x{301}e\x{301}e\x{301}e\x{301}e\x{301}e\x{301}e\x{301}e\x{301}e\x{301}e\x{301}e\x{301}e\x{301}e\x{301}e\x{301}e\x{301}e\x{301}e\x{301}e\x{301}e\x{301}e\x{301}e\x{301}e\x{301}e\x{301}e\x{301}e\x{301}e\x{301} e\x{301}e\x{301}e\x{301}e\x{301}e\x{301}e\x{301}e\x{301}e\x{301}e\x{301}e\x{301}e\x{301}e\x{301}e\x{301}e\x{301}e\x{301}e\x{301}e\x{301}e\x{301}e\x{301}e\x{301}e\x{301}e\x{301}"
          text run at (1056,6810) width 0: " "
          text run at (0,6825) width 1056: "e\x{301}e\x{301}e\x{301}e\x{301}e\x{301}e\x{301}e\x{301}e\x{301}e\x{301}e\x{301}e\x{301}e\x{301}e\x{301}e\x{301}e\x{301}e\x{301}e\x{301}e\x{301}e\x{301}e\x{301}e\x{301}e\x{301}e\x{301}e\x{301}e\x{301}e\x{301}e\x{301}e\x{301}e\x{301}e\x{301}e\x{301}e\x{301} e\x{301} e\x{301}e\x{301}e\x{301}e\x{301}e\x{301}e\x{301}e\x{301}e\x{301}e\x{301}e\x{301}e\x{301}e\x{301}e\x{301}e\x{301}e\x{301}e\x{301}e\x{301}e\x{301}e\x{301}e\x{301}e\x{301}e\x{301}e\x{301}e\x{301}e\x{301}e\x{301}e\x{301}e\x{301}e\x{301}e\x{301}e\x{301}e\x{301}e\x{301}e\x{301}e\x{301}e\x{301}e\x{301}e\x{301}e\x{301}e\x{301}e\x{301}e\x{301}e\x{301} e\x{301}e\x{301}e\x{301}e\x{301}e\x{301}e\x{301}e\x{301}e\x{301}e\x{301}e\x{301}e\x{301}e\x{301}e\x{301}e\x{301}e\x{301}e\x{301}e\x{301}e\x{301}e\x{301}e\x{301}e\x{301}e\x{301}e\x{301}e\x{301}e\x{301}e\x{301}e\x{301}e\x{301}e\x{301}e\x{301} e\x{301}e\x{301}e\x{301}e\x{301}e\x{301}e\x{301}e\x{301}e\x{301}e\x{301}e\x{301}e\x{301}e\x{301}e\x{301}e\x{301}e\x{301}e\x{301}e\x{301}e\x{301}e\x{301}e\x{301}e\x{301}e\x{301}"
          text run at (1056,6825) width 0: " "
          text run at (0,6840) width 1056: "e\x{301}e\x{301}e\x{301}e\x{301}e\x{301}e\x{301}e\x{301}e\x{301}e\x{301}e\x{301}e\x{301}e\x{301}e\x{301}e\x{301}e\x{301}e\x{301}e\x{301}e\x{301}e\x{301}e\x{301}e\x{301}e\x{301}e\x{301}e\x{301}e\x{301}e\x{301}e\x{301}e\x{301}e\x{301}e\x{301}e\x{301}e\x{301} e\x{301} e\x{301}e\x{301}e\x{301}e\x{301}e\x{301}e\x{301}e\x{301}e\x{301}e\x{301}e\x{301}e\x{301}e\x{301}e\x{301}e\x{301}e\x{301}e\x{301}e\x{301}e\x{301}e\x{301}e\x{301}e\x{301}e\x{301}e\x{301}e\x{301}e\x{301}e\x{301}e\x{301}e\x{301}e\x{301}e\x{301}e\x{301}e\x{301}e\x{301}e\x{301}e\x{301}e\x{301}e\x{301}e\x{301}e\x{301}e\x{301}e\x{301}e\x{301}e\x{301} e\x{301}e\x{301}e\x{301}e\x{301}e\x{301}e\x{301}e\x{301}e\x{301}e\x{301}e\x{301}e\x{301}e\x{301}e\x{301}e\x{301}e\x{301}e\x{301}e\x{301}e\x{301}e\x{301}e\x{301}e\x{301}e\x{301}e\x{301}e\x{301}e\x{301}e\x{301}e\x{301}e\x{301}e\x{301}e\x{301} e\x{301}e\x{301}e\x{301}e\x{301}e\x{301}e\x{301}e\x{301}e\x{301}e\x{301}e\x{301}e\x{301}e\x{301}e\x{301}e\x{301}e\x{301}e\x{301}e\x{301}e\x{301}e\x{301}e\x{301}e\x{301}e\x{301}"
          text run at (1056,6840) width 0: " "
          text run at (0,6855) width 1056: "e\x{301}e\x{301}e\x{301}e\x{301}e\x{301}e\x{301}e\x{301}e\x{301}e\x{301}e\x{301}e\x{301}e\x{301}e\x{301}e\x{301}e\x{301}e\x{301}e\x{301}e\x{301}e\x{301}e\x{301}e\x{301}e\x{301}e\x{301}e\x{301}e\x{301}e\x{301}e\x{301}e\x{301}e\x{301}e\x{301}e\x{301}e\x{301} e\x{301} e\x{301}e\x{301}e\x{301}e\x{301}e\x{301}e\x{301}e\x{301}e\x{301}e\x{301}e\x{301}e\x{301}e\x{301}e\x{301}e\x{301}e\x{301}e\x{301}e\x{301}e\x{301}e\x{301}e\x{301}e\x{301}e\x{301}e\x{301}e\x{301}e\x{301}e\x{301}e\x{301}e\x{301}e\x{301}e\x{301}e\x{301}e\x{301}e\x{301}e\x{301}e\x{301}e\x{301}e\x{301}e\x{301}e\x{301}e\x{301}e\x{301}e\x{301}e\x{301} e\x{301}e\x{301}e\x{301}e\x{301}e\x{301}e\x{301}e\x{301}e\x{301}e\x{301}e\x{301}e\x{301}e\x{301}e\x{301}e\x{301}e\x{301}e\x{301}e\x{301}e\x{301}e\x{301}e\x{301}e\x{301}e\x{301}e\x{301}e\x{301}e\x{301}e\x{301}e\x{301}e\x{301}e\x{301}e\x{301} e\x{301}e\x{301}e\x{301}e\x{301}e\x{301}e\x{301}e\x{301}e\x{301}e\x{301}e\x{301}e\x{301}e\x{301}e\x{301}e\x{301}e\x{301}e\x{301}e\x{301}e\x{301}e\x{301}e\x{301}e\x{301}e\x{301}"
          text run at (1056,6855) width 0: " "
          text run at (0,6870) width 1056: "e\x{301}e\x{301}e\x{301}e\x{301}e\x{301}e\x{301}e\x{301}e\x{301}e\x{301}e\x{301}e\x{301}e\x{301}e\x{301}e\x{301}e\x{301}e\x{301}e\x{301}e\x{301}e\x{301}e\x{301}e\x{301}e\x{301}e\x{301}e\x{301}e\x{301}e\x{301}e\x{301}e\x{301}e\x{301}e\x{301}e\x{301}e\x{301} e\x{301} e\x{301}e\x{301}e\x{301}e\x{301}e\x{301}e\x{301}e\x{301}e\x{301}e\x{301}e\x{301}e\x{301}e\x{301}e\x{301}e\x{301}e\x{301}e\x{301}e\x{301}e\x{301}e\x{301}e\x{301}e\x{301}e\x{301}e\x{301}e\x{301}e\x{301}e\x{301}e\x{301}e\x{301}e\x{301}e\x{301}e\x{301}e\x{301}e\x{301}e\x{301}e\x{301}e\x{301}e\x{301}e\x{301}e\x{301}e\x{301}e\x{301}e\x{301}e\x{301} e\x{301}e\x{301}e\x{301}e\x{301}e\x{301}e\x{301}e\x{301}e\x{301}e\x{301}e\x{301}e\x{301}e\x{301}e\x{301}e\x{301}e\x{301}e\x{301}e\x{301}e\x{301}e\x{301}e\x{301}e\x{301}e\x{301}e\x{301}e\x{301}e\x{301}e\x{301}e\x{301}e\x{301}e\x{301}e\x{301} e\x{301}e\x{301}e\x{301}e\x{301}e\x{301}e\x{301}e\x{301}e\x{301}e\x{301}e\x{301}e\x{301}e\x{301}e\x{301}e\x{301}e\x{301}e\x{301}e\x{301}e\x{301}e\x{301}e\x{301}e\x{301}e\x{301}"
          text run at (1056,6870) width 0: " "
          text run at (0,6885) width 1056: "e\x{301}e\x{301}e\x{301}e\x{301}e\x{301}e\x{301}e\x{301}e\x{301}e\x{301}e\x{301}e\x{301}e\x{301}e\x{301}e\x{301}e\x{301}e\x{301}e\x{301}e\x{301}e\x{301}e\x{301}e\x{301}e\x{301}e\x{301}e\x{301}e\x{301}e\x{301}e\x{301}e\x{301}e\x{301}e\x{301}e\x{301}e\x{301} e\x{301} e\x{301}e\x{301}e\x{301}e\x{301}e\x{301}e\x{301}e\x{301}e\x{301}e\x{301}e\x{301}e\x{301}e\x{301}e\x{301}e\x{301}e\x{301}e\x{301}e\x{301}e\x{301}e\x{301}e\x{301}e\x{301}e\x{301}e\x{301}e\x{301}e\x{301}e\x{301}e\x{301}e\x{301}e\x{301}e\x{301}e\x{301}e\x{301}e\x{301}e\x{301}e\x{301}e\x{301}e\x{301}e\x{301}e\x{301}e\x{301}e\x{301}e\x{301}e\x{301} e\x{301}e\x{301}e\x{301}e\x{301}e\x{301}e\x{301}e\x{301}e\x{301}e\x{301}e\x{301}e\x{301}e\x{301}e\x{301}e\x{301}e\x{301}e\x{301}e\x{301}e\x{301}e\x{301}e\x{301}e\x{301}e\x{301}e\x{301}e\x{301}e\x{301}e\x{301}e\x{301}e\x{301}e\x{301}e\x{301} e\x{301}e\x{301}e\x{301}e\x{301}e\x{301}e\x{301}e\x{301}e\x{301}e\x{301}e\x{301}e\x{301}e\x{301}e\x{301}e\x{301}e\x{301}e\x{301}e\x{301}e\x{301}e\x{301}e\x{301}e\x{301}e\x{301}"
          text run at (1056,6885) width 0: " "
          text run at (0,6900) width 1056: "e\x{301}e\x{301}e\x{301}e\x{301}e\x{301}e\x{301}e\x{301}e\x{301}e\x{301}e\x{301}e\x{301}e\x{301}e\x{301}e\x{301}e\x{301}e\x{301}e\x{301}e\x{301}e\x{301}e\x{301}e\x{301}e\x{301}e\x{301}e\x{301}e\x{301}e\x{301}e\x{301}e\x{301}e\x{301}e\x{301}e\x{301}e\x{301} e\x{301} e\x{301}e\x{301}e\x{301}e\x{301}e\x{301}e\x{301}e\x{301}e\x{301}e\x{301}e\x{301}e\x{301}e\x{301}e\x{301}e\x{301}e\x{301}e\x{301}e\x{301}e\x{301}e\x{301}e\x{301}e\x{301}e\x{301}e\x{301}e\x{301}e\x{301}e\x{301}e\x{301}e\x{301}e\x{301}e\x{301}e\x{301}e\x{301}e\x{301}e\x{301}e\x{301}e\x{301}e\x{301}e\x{301}e\x{301}e\x{301}e\x{301}e\x{301}e\x{301} e\x{301}e\x{301}e\x{301}e\x{301}e\x{301}e\x{301}e\x{301}e\x{301}e\x{301}e\x{301}e\x{301}e\x{301}e\x{301}e\x{301}e\x{301}e\x{301}e\x{301}e\x{301}e\x{301}e\x{301}e\x{301}e\x{301}e\x{301}e\x{301}e\x{301}e\x{301}e\x{301}e\x{301}e\x{301}e\x{301} e\x{301}e\x{301}e\x{301}e\x{301}e\x{301}e\x{301}e\x{301}e\x{301}e\x{301}e\x{301}e\x{301}e\x{301}e\x{301}e\x{301}e\x{301}e\x{301}e\x{301}e\x{301}e\x{301}e\x{301}e\x{301}e\x{301}"
          text run at (1056,6900) width 0: " "
          text run at (0,6915) width 1056: "e\x{301}e\x{301}e\x{301}e\x{301}e\x{301}e\x{301}e\x{301}e\x{301}e\x{301}e\x{301}e\x{301}e\x{301}e\x{301}e\x{301}e\x{301}e\x{301}e\x{301}e\x{301}e\x{301}e\x{301}e\x{301}e\x{301}e\x{301}e\x{301}e\x{301}e\x{301}e\x{301}e\x{301}e\x{301}e\x{301}e\x{301}e\x{301} e\x{301} e\x{301}e\x{301}e\x{301}e\x{301}e\x{301}e\x{301}e\x{301}e\x{301}e\x{301}e\x{301}e\x{301}e\x{301}e\x{301}e\x{301}e\x{301}e\x{301}e\x{301}e\x{301}e\x{301}e\x{301}e\x{301}e\x{301}e\x{301}e\x{301}e\x{301}e\x{301}e\x{301}e\x{301}e\x{301}e\x{301}e\x{301}e\x{301}e\x{301}e\x{301}e\x{301}e\x{301}e\x{301}e\x{301}e\x{301}e\x{301}e\x{301}e\x{301}e\x{301} e\x{301}e\x{301}e\x{301}e\x{301}e\x{301}e\x{301}e\x{301}e\x{301}e\x{301}e\x{301}e\x{301}e\x{301}e\x{301}e\x{301}e\x{301}e\x{301}e\x{301}e\x{301}e\x{301}e\x{301}e\x{301}e\x{301}e\x{301}e\x{301}e\x{301}e\x{301}e\x{301}e\x{301}e\x{301}e\x{301} e\x{301}e\x{301}e\x{301}e\x{301}e\x{301}e\x{301}e\x{301}e\x{301}e\x{301}e\x{301}e\x{301}e\x{301}e\x{301}e\x{301}e\x{301}e\x{301}e\x{301}e\x{301}e\x{301}e\x{301}e\x{301}e\x{301}"
          text run at (1056,6915) width 0: " "
          text run at (0,6930) width 1056: "e\x{301}e\x{301}e\x{301}e\x{301}e\x{301}e\x{301}e\x{301}e\x{301}e\x{301}e\x{301}e\x{301}e\x{301}e\x{301}e\x{301}e\x{301}e\x{301}e\x{301}e\x{301}e\x{301}e\x{301}e\x{301}e\x{301}e\x{301}e\x{301}e\x{301}e\x{301}e\x{301}e\x{301}e\x{301}e\x{301}e\x{301}e\x{301} e\x{301} e\x{301}e\x{301}e\x{301}e\x{301}e\x{301}e\x{301}e\x{301}e\x{301}e\x{301}e\x{301}e\x{301}e\x{301}e\x{301}e\x{301}e\x{301}e\x{301}e\x{301}e\x{301}e\x{301}e\x{301}e\x{301}e\x{301}e\x{301}e\x{301}e\x{301}e\x{301}e\x{301}e\x{301}e\x{301}e\x{301}e\x{301}e\x{301}e\x{301}e\x{301}e\x{301}e\x{301}e\x{301}e\x{301}e\x{301}e\x{301}e\x{301}e\x{301}e\x{301} e\x{301}e\x{301}e\x{301}e\x{301}e\x{301}e\x{301}e\x{301}e\x{301}e\x{301}e\x{301}e\x{301}e\x{301}e\x{301}e\x{301}e\x{301}e\x{301}e\x{301}e\x{301}e\x{301}e\x{301}e\x{301}e\x{301}e\x{301}e\x{301}e\x{301}e\x{301}e\x{301}e\x{301}e\x{301}e\x{301} e\x{301}e\x{301}e\x{301}e\x{301}e\x{301}e\x{301}e\x{301}e\x{301}e\x{301}e\x{301}e\x{301}e\x{301}e\x{301}e\x{301}e\x{301}e\x{301}e\x{301}e\x{301}e\x{301}e\x{301}e\x{301}e\x{301}"
          text run at (1056,6930) width 0: " "
          text run at (0,6945) width 1056: "e\x{301}e\x{301}e\x{301}e\x{301}e\x{301}e\x{301}e\x{301}e\x{301}e\x{301}e\x{301}e\x{301}e\x{301}e\x{301}e\x{301}e\x{301}e\x{301}e\x{301}e\x{301}e\x{301}e\x{301}e\x{301}e\x{301}e\x{301}e\x{301}e\x{301}e\x{301}e\x{301}e\x{301}e\x{301}e\x{301}e\x{301}e\x{301} e\x{301} e\x{301}e\x{301}e\x{301}e\x{301}e\x{301}e\x{301}e\x{301}e\x{301}e\x{301}e\x{301}e\x{301}e\x{301}e\x{301}e\x{301}e\x{301}e\x{301}e\x{301}e\x{301}e\x{301}e\x{301}e\x{301}e\x{301}e\x{301}e\x{301}e\x{301}e\x{301}e\x{301}e\x{301}e\x{301}e\x{301}e\x{301}e\x{301}e\x{301}e\x{301}e\x{301}e\x{301}e\x{301}e\x{301}e\x{301}e\x{301}e\x{301}e\x{301}e\x{301} e\x{301}e\x{301}e\x{301}e\x{301}e\x{301}e\x{301}e\x{301}e\x{301}e\x{301}e\x{301}e\x{301}e\x{301}e\x{301}e\x{301}e\x{301}e\x{301}e\x{301}e\x{301}e\x{301}e\x{301}e\x{301}e\x{301}e\x{301}e\x{301}e\x{301}e\x{301}e\x{301}e\x{301}e\x{301}e\x{301} e\x{301}e\x{301}e\x{301}e\x{301}e\x{301}e\x{301}e\x{301}e\x{301}e\x{301}e\x{301}e\x{301}e\x{301}e\x{301}e\x{301}e\x{301}e\x{301}e\x{301}e\x{301}e\x{301}e\x{301}e\x{301}e\x{301}"
          text run at (1056,6945) width 0: " "
          text run at (0,6960) width 1056: "e\x{301}e\x{301}e\x{301}e\x{301}e\x{301}e\x{301}e\x{301}e\x{301}e\x{301}e\x{301}e\x{301}e\x{301}e\x{301}e\x{301}e\x{301}e\x{301}e\x{301}e\x{301}e\x{301}e\x{301}e\x{301}e\x{301}e\x{301}e\x{301}e\x{301}e\x{301}e\x{301}e\x{301}e\x{301}e\x{301}e\x{301}e\x{301} e\x{301} e\x{301}e\x{301}e\x{301}e\x{301}e\x{301}e\x{301}e\x{301}e\x{301}e\x{301}e\x{301}e\x{301}e\x{301}e\x{301}e\x{301}e\x{301}e\x{301}e\x{301}e\x{301}e\x{301}e\x{301}e\x{301}e\x{301}e\x{301}e\x{301}e\x{301}e\x{301}e\x{301}e\x{301}e\x{301}e\x{301}e\x{301}e\x{301}e\x{301}e\x{301}e\x{301}e\x{301}e\x{301}e\x{301}e\x{301}e\x{301}e\x{301}e\x{301}e\x{301} e\x{301}e\x{301}e\x{301}e\x{301}e\x{301}e\x{301}e\x{301}e\x{301}e\x{301}e\x{301}e\x{301}e\x{301}e\x{301}e\x{301}e\x{301}e\x{301}e\x{301}e\x{301}e\x{301}e\x{301}e\x{301}e\x{301}e\x{301}e\x{301}e\x{301}e\x{301}e\x{301}e\x{301}e\x{301}e\x{301} e\x{301}e\x{301}e\x{301}e\x{301}e\x{301}e\x{301}e\x{301}e\x{301}e\x{301}e\x{301}e\x{301}e\x{301}e\x{301}e\x{301}e\x{301}e\x{301}e\x{301}e\x{301}e\x{301}e\x{301}e\x{301}e\x{301}"
          text run at (1056,6960) width 0: " "
          text run at (0,6975) width 1056: "e\x{301}e\x{301}e\x{301}e\x{301}e\x{301}e\x{301}e\x{301}e\x{301}e\x{301}e\x{301}e\x{301}e\x{301}e\x{301}e\x{301}e\x{301}e\x{301}e\x{301}e\x{301}e\x{301}e\x{301}e\x{301}e\x{301}e\x{301}e\x{301}e\x{301}e\x{301}e\x{301}e\x{301}e\x{301}e\x{301}e\x{301}e\x{301} e\x{301} e\x{301}e\x{301}e\x{301}e\x{301}e\x{301}e\x{301}e\x{301}e\x{301}e\x{301}e\x{301}e\x{301}e\x{301}e\x{301}e\x{301}e\x{301}e\x{301}e\x{301}e\x{301}e\x{301}e\x{301}e\x{301}e\x{301}e\x{301}e\x{301}e\x{301}e\x{301}e\x{301}e\x{301}e\x{301}e\x{301}e\x{301}e\x{301}e\x{301}e\x{301}e\x{301}e\x{301}e\x{301}e\x{301}e\x{301}e\x{301}e\x{301}e\x{301}e\x{301} e\x{301}e\x{301}e\x{301}e\x{301}e\x{301}e\x{301}e\x{301}e\x{301}e\x{301}e\x{301}e\x{301}e\x{301}e\x{301}e\x{301}e\x{301}e\x{301}e\x{301}e\x{301}e\x{301}e\x{301}e\x{301}e\x{301}e\x{301}e\x{301}e\x{301}e\x{301}e\x{301}e\x{301}e\x{301}e\x{301} e\x{301}e\x{301}e\x{301}e\x{301}e\x{301}e\x{301}e\x{301}e\x{301}e\x{301}e\x{301}e\x{301}e\x{301}e\x{301}e\x{301}e\x{301}e\x{301}e\x{301}e\x{301}e\x{301}e\x{301}e\x{301}e\x{301}"
          text run at (1056,6975) width 0: " "
          text run at (0,6990) width 1056: "e\x{301}e\x{301}e\x{301}e\x{301}e\x{301}e\x{301}e\x{301}e\x{301}e\x{301}e\x{301}e\x{301}e\x{301}e\x{301}e\x{301}e\x{301}e\x{301}e\x{301}e\x{301}e\x{301}e\x{301}e\x{301}e\x{301}e\x{301}e\x{301}e\x{301}e\x{301}e\x{301}e\x{301}e\x{301}e\x{301}e\x{301}e\x{301} e\x{301} e\x{301}e\x{301}e\x{301}e\x{301}e\x{301}e\x{301}e\x{301}e\x{301}e\x{301}e\x{301}e\x{301}e\x{301}e\x{301}e\x{301}e\x{301}e\x{301}e\x{301}e\x{301}e\x{301}e\x{301}e\x{301}e\x{301}e\x{301}e\x{301}e\x{301}e\x{301}e\x{301}e\x{301}e\x{301}e\x{301}e\x{301}e\x{301}e\x{301}e\x{301}e\x{301}e\x{301}e\x{301}e\x{301}e\x{301}e\x{301}e\x{301}e\x{301}e\x{301} e\x{301}e\x{301}e\x{301}e\x{301}e\x{301}e\x{301}e\x{301}e\x{301}e\x{301}e\x{301}e\x{301}e\x{301}e\x{301}e\x{301}e\x{301}e\x{301}e\x{301}e\x{301}e\x{301}e\x{301}e\x{301}e\x{301}e\x{301}e\x{301}e\x{301}e\x{301}e\x{301}e\x{301}e\x{301}e\x{301} e\x{301}e\x{301}e\x{301}e\x{301}e\x{301}e\x{301}e\x{301}e\x{301}e\x{301}e\x{301}e\x{301}e\x{301}e\x{301}e\x{301}e\x{301}e\x{301}e\x{301}e\x{301}e\x{301}e\x{301}e\x{301}e\x{301}"
          text run at (1056,6990) width 0: " "
          text run at (0,7005) width 1056: "e\x{301}e\x{301}e\x{301}e\x{301}e\x{301}e\x{301}e\x{301}e\x{301}e\x{301}e\x{301}e\x{301}e\x{301}e\x{301}e\x{301}e\x{301}e\x{301}e\x{301}e\x{301}e\x{301}e\x{301}e\x{301}e\x{301}e\x{301}e\x{301}e\x{301}e\x{301}e\x{301}e\x{301}e\x{301}e\x{301}e\x{301}e\x{301} e\x{301} e\x{301}e\x{301}e\x{301}e\x{301}e\x{301}e\x{301}e\x{301}e\x{301}e\x{301}e\x{301}e\x{301}e\x{301}e\x{301}e\x{301}e\x{301}e\x{301}e\x{301}e\x{301}e\x{301}e\x{301}e\x{301}e\x{301}e\x{301}e\x{301}e\x{301}e\x{301}e\x{301}e\x{301}e\x{301}e\x{301}e\x{301}e\x{301}e\x{301}e\x{301}e\x{301}e\x{301}e\x{301}e\x{301}e\x{301}e\x{301}e\x{301}e\x{301}e\x{301} e\x{301}e\x{301}e\x{301}e\x{301}e\x{301}e\x{301}e\x{301}e\x{301}e\x{301}e\x{301}e\x{301}e\x{301}e\x{301}e\x{301}e\x{301}e\x{301}e\x{301}e\x{301}e\x{301}e\x{301}e\x{301}e\x{301}e\x{301}e\x{301}e\x{301}e\x{301}e\x{301}e\x{301}e\x{301}e\x{301} e\x{301}e\x{301}e\x{301}e\x{301}e\x{301}e\x{301}e\x{301}e\x{301}e\x{301}e\x{301}e\x{301}e\x{301}e\x{301}e\x{301}e\x{301}e\x{301}e\x{301}e\x{301}e\x{301}e\x{301}e\x{301}e\x{301}"
          text run at (1056,7005) width 0: " "
          text run at (0,7020) width 1056: "e\x{301}e\x{301}e\x{301}e\x{301}e\x{301}e\x{301}e\x{301}e\x{301}e\x{301}e\x{301}e\x{301}e\x{301}e\x{301}e\x{301}e\x{301}e\x{301}e\x{301}e\x{301}e\x{301}e\x{301}e\x{301}e\x{301}e\x{301}e\x{301}e\x{301}e\x{301}e\x{301}e\x{301}e\x{301}e\x{301}e\x{301}e\x{301} e\x{301} e\x{301}e\x{301}e\x{301}e\x{301}e\x{301}e\x{301}e\x{301}e\x{301}e\x{301}e\x{301}e\x{301}e\x{301}e\x{301}e\x{301}e\x{301}e\x{301}e\x{301}e\x{301}e\x{301}e\x{301}e\x{301}e\x{301}e\x{301}e\x{301}e\x{301}e\x{301}e\x{301}e\x{301}e\x{301}e\x{301}e\x{301}e\x{301}e\x{301}e\x{301}e\x{301}e\x{301}e\x{301}e\x{301}e\x{301}e\x{301}e\x{301}e\x{301}e\x{301} e\x{301}e\x{301}e\x{301}e\x{301}e\x{301}e\x{301}e\x{301}e\x{301}e\x{301}e\x{301}e\x{301}e\x{301}e\x{301}e\x{301}e\x{301}e\x{301}e\x{301}e\x{301}e\x{301}e\x{301}e\x{301}e\x{301}e\x{301}e\x{301}e\x{301}e\x{301}e\x{301}e\x{301}e\x{301}e\x{301} e\x{301}e\x{301}e\x{301}e\x{301}e\x{301}e\x{301}e\x{301}e\x{301}e\x{301}e\x{301}e\x{301}e\x{301}e\x{301}e\x{301}e\x{301}e\x{301}e\x{301}e\x{301}e\x{301}e\x{301}e\x{301}e\x{301}"
          text run at (1056,7020) width 0: " "
          text run at (0,7035) width 1056: "e\x{301}e\x{301}e\x{301}e\x{301}e\x{301}e\x{301}e\x{301}e\x{301}e\x{301}e\x{301}e\x{301}e\x{301}e\x{301}e\x{301}e\x{301}e\x{301}e\x{301}e\x{301}e\x{301}e\x{301}e\x{301}e\x{301}e\x{301}e\x{301}e\x{301}e\x{301}e\x{301}e\x{301}e\x{301}e\x{301}e\x{301}e\x{301} e\x{301} e\x{301}e\x{301}e\x{301}e\x{301}e\x{301}e\x{301}e\x{301}e\x{301}e\x{301}e\x{301}e\x{301}e\x{301}e\x{301}e\x{301}e\x{301}e\x{301}e\x{301}e\x{301}e\x{301}e\x{301}e\x{301}e\x{301}e\x{301}e\x{301}e\x{301}e\x{301}e\x{301}e\x{301}e\x{301}e\x{301}e\x{301}e\x{301}e\x{301}e\x{301}e\x{301}e\x{301}e\x{301}e\x{301}e\x{301}e\x{301}e\x{301}e\x{301}e\x{301} e\x{301}e\x{301}e\x{301}e\x{301}e\x{301}e\x{301}e\x{301}e\x{301}e\x{301}e\x{301}e\x{301}e\x{301}e\x{301}e\x{301}e\x{301}e\x{301}e\x{301}e\x{301}e\x{301}e\x{301}e\x{301}e\x{301}e\x{301}e\x{301}e\x{301}e\x{301}e\x{301}e\x{301}e\x{301}e\x{301} e\x{301}e\x{301}e\x{301}e\x{301}e\x{301}e\x{301}e\x{301}e\x{301}e\x{301}e\x{301}e\x{301}e\x{301}e\x{301}e\x{301}e\x{301}e\x{301}e\x{301}e\x{301}e\x{301}e\x{301}e\x{301}e\x{301}"
          text run at (1056,7035) width 0: " "
          text run at (0,7050) width 1056: "e\x{301}e\x{301}e\x{301}e\x{301}e\x{301}e\x{301}e\x{301}e\x{301}e\x{301}e\x{301}e\x{301}e\x{301}e\x{301}e\x{301}e\x{301}e\x{301}e\x{301}e\x{301}e\x{301}e\x{301}e\x{301}e\x{301}e\x{301}e\x{301}e\x{301}e\x{301}e\x{301}e\x{301}e\x{301}e\x{301}e\x{301}e\x{301} e\x{301} e\x{301}e\x{301}e\x{301}e\x{301}e\x{301}e\x{301}e\x{301}e\x{301}e\x{301}e\x{301}e\x{301}e\x{301}e\x{301}e\x{301}e\x{301}e\x{301}e\x{301}e\x{301}e\x{301}e\x{301}e\x{301}e\x{301}e\x{301}e\x{301}e\x{301}e\x{301}e\x{301}e\x{301}e\x{301}e\x{301}e\x{301}e\x{301}e\x{301}e\x{301}e\x{301}e\x{301}e\x{301}e\x{301}e\x{301}e\x{301}e\x{301}e\x{301}e\x{301} e\x{301}e\x{301}e\x{301}e\x{301}e\x{301}e\x{301}e\x{301}e\x{301}e\x{301}e\x{301}e\x{301}e\x{301}e\x{301}e\x{301}e\x{301}e\x{301}e\x{301}e\x{301}e\x{301}e\x{301}e\x{301}e\x{301}e\x{301}e\x{301}e\x{301}e\x{301}e\x{301}e\x{301}e\x{301}e\x{301} e\x{301}e\x{301}e\x{301}e\x{301}e\x{301}e\x{301}e\x{301}e\x{301}e\x{301}e\x{301}e\x{301}e\x{301}e\x{301}e\x{301}e\x{301}e\x{301}e\x{301}e\x{301}e\x{301}e\x{301}e\x{301}e\x{301}"
          text run at (1056,7050) width 0: " "
          text run at (0,7065) width 1056: "e\x{301}e\x{301}e\x{301}e\x{301}e\x{301}e\x{301}e\x{301}e\x{301}e\x{301}e\x{301}e\x{301}e\x{301}e\x{301}e\x{301}e\x{301}e\x{301}e\x{301}e\x{301}e\x{301}e\x{301}e\x{301}e\x{301}e\x{301}e\x{301}e\x{301}e\x{301}e\x{301}e\x{301}e\x{301}e\x{301}e\x{301}e\x{301} e\x{301} e\x{301}e\x{301}e\x{301}e\x{301}e\x{301}e\x{301}e\x{301}e\x{301}e\x{301}e\x{301}e\x{301}e\x{301}e\x{301}e\x{301}e\x{301}e\x{301}e\x{301}e\x{301}e\x{301}e\x{301}e\x{301}e\x{301}e\x{301}e\x{301}e\x{301}e\x{301}e\x{301}e\x{301}e\x{301}e\x{301}e\x{301}e\x{301}e\x{301}e\x{301}e\x{301}e\x{301}e\x{301}e\x{301}e\x{301}e\x{301}e\x{301}e\x{301}e\x{301} e\x{301}e\x{301}e\x{301}e\x{301}e\x{301}e\x{301}e\x{301}e\x{301}e\x{301}e\x{301}e\x{301}e\x{301}e\x{301}e\x{301}e\x{301}e\x{301}e\x{301}e\x{301}e\x{301}e\x{301}e\x{301}e\x{301}e\x{301}e\x{301}e\x{301}e\x{301}e\x{301}e\x{301}e\x{301}e\x{301} e\x{301}e\x{301}e\x{301}e\x{301}e\x{301}e\x{301}e\x{301}e\x{301}e\x{301}e\x{301}e\x{301}e\x{301}e\x{301}e\x{301}e\x{301}e\x{301}e\x{301}e\x{301}e\x{301}e\x{301}e\x{301}e\x{301}"
          text run at (1056,7065) width 0: " "
          text run at (0,7080) width 1056: "e\x{301}e\x{301}e\x{301}e\x{301}e\x{301}e\x{301}e\x{301}e\x{301}e\x{301}e\x{301}e\x{301}e\x{301}e\x{301}e\x{301}e\x{301}e\x{301}e\x{301}e\x{301}e\x{301}e\x{301}e\x{301}e\x{301}e\x{301}e\x{301}e\x{301}e\x{301}e\x{301}e\x{301}e\x{301}e\x{301}e\x{301}e\x{301} e\x{301} e\x{301}e\x{301}e\x{301}e\x{301}e\x{301}e\x{301}e\x{301}e\x{301}e\x{301}e\x{301}e\x{301}e\x{301}e\x{301}e\x{301}e\x{301}e\x{301}e\x{301}e\x{301}e\x{301}e\x{301}e\x{301}e\x{301}e\x{301}e\x{301}e\x{301}e\x{301}e\x{301}e\x{301}e\x{301}e\x{301}e\x{301}e\x{301}e\x{301}e\x{301}e\x{301}e\x{301}e\x{301}e\x{301}e\x{301}e\x{301}e\x{301}e\x{301}e\x{301} e\x{301}e\x{301}e\x{301}e\x{301}e\x{301}e\x{301}e\x{301}e\x{301}e\x{301}e\x{301}e\x{301}e\x{301}e\x{301}e\x{301}e\x{301}e\x{301}e\x{301}e\x{301}e\x{301}e\x{301}e\x{301}e\x{301}e\x{301}e\x{301}e\x{301}e\x{301}e\x{301}e\x{301}e\x{301}e\x{301} e\x{301}e\x{301}e\x{301}e\x{301}e\x{301}e\x{301}e\x{301}e\x{301}e\x{301}e\x{301}e\x{301}e\x{301}e\x{301}e\x{301}e\x{301}e\x{301}e\x{301}e\x{301}e\x{301}e\x{301}e\x{301}e\x{301}"
          text run at (1056,7080) width 0: " "
          text run at (0,7095) width 1056: "e\x{301}e\x{301}e\x{301}e\x{301}e\x{301}e\x{301}e\x{301}e\x{301}e\x{301}e\x{301}e\x{301}e\x{301}e\x{301}e\x{301}e\x{301}e\x{301}e\x{301}e\x{301}e\x{301}e\x{301}e\x{301}e\x{301}e\x{301}e\x{301}e\x{301}e\x{301}e\x{301}e\x{301}e\x{301}e\x{301}e\x{301}e\x{301} e\x{301} e\x{301}e\x{301}e\x{301}e\x{301}e\x{301}e\x{301}e\x{301}e\x{301}e\x{301}e\x{301}e\x{301}e\x{301}e\x{301}e\x{301}e\x{301}e\x{301}e\x{301}e\x{301}e\x{301}e\x{301}e\x{301}e\x{301}e\x{301}e\x{301}e\x{301}e\x{301}e\x{301}e\x{301}e\x{301}e\x{301}e\x{301}e\x{301}e\x{301}e\x{301}e\x{301}e\x{301}e\x{301}e\x{301}e\x{301}e\x{301}e\x{301}e\x{301}e\x{301} e\x{301}e\x{301}e\x{301}e\x{301}e\x{301}e\x{301}e\x{301}e\x{301}e\x{301}e\x{301}e\x{301}e\x{301}e\x{301}e\x{301}e\x{301}e\x{301}e\x{301}e\x{301}e\x{301}e\x{301}e\x{301}e\x{301}e\x{301}e\x{301}e\x{301}e\x{301}e\x{301}e\x{301}e\x{301}e\x{301} e\x{301}e\x{301}e\x{301}e\x{301}e\x{301}e\x{301}e\x{301}e\x{301}e\x{301}e\x{301}e\x{301}e\x{301}e\x{301}e\x{301}e\x{301}e\x{301}e\x{301}e\x{301}e\x{301}e\x{301}e\x{301}e\x{301}"
          text run at (1056,7095) width 0: " "
          text run at (0,7110) width 1056: "e\x{301}e\x{301}e\x{301}e\x{301}e\x{301}e\x{301}e\x{301}e\x{301}e\x{301}e\x{301}e\x{301}e\x{301}e\x{301}e\x{301}e\x{301}e\x{301}e\x{301}e\x{301}e\x{301}e\x{301}e\x{301}e\x{301}e\x{301}e\x{301}e\x{301}e\x{301}e\x{301}e\x{301}e\x{301}e\x{301}e\x{301}e\x{301} e\x{301} e\x{301}e\x{301}e\x{301}e\x{301}e\x{301}e\x{301}e\x{301}e\x{301}e\x{301}e\x{301}e\x{301}e\x{301}e\x{301}e\x{301}e\x{301}e\x{301}e\x{301}e\x{301}e\x{301}e\x{301}e\x{301}e\x{301}e\x{301}e\x{301}e\x{301}e\x{301}e\x{301}e\x{301}e\x{301}e\x{301}e\x{301}e\x{301}e\x{301}e\x{301}e\x{301}e\x{301}e\x{301}e\x{301}e\x{301}e\x{301}e\x{301}e\x{301}e\x{301} e\x{301}e\x{301}e\x{301}e\x{301}e\x{301}e\x{301}e\x{301}e\x{301}e\x{301}e\x{301}e\x{301}e\x{301}e\x{301}e\x{301}e\x{301}e\x{301}e\x{301}e\x{301}e\x{301}e\x{301}e\x{301}e\x{301}e\x{301}e\x{301}e\x{301}e\x{301}e\x{301}e\x{301}e\x{301}e\x{301} e\x{301}e\x{301}e\x{301}e\x{301}e\x{301}e\x{301}e\x{301}e\x{301}e\x{301}e\x{301}e\x{301}e\x{301}e\x{301}e\x{301}e\x{301}e\x{301}e\x{301}e\x{301}e\x{301}e\x{301}e\x{301}e\x{301}"
          text run at (1056,7110) width 0: " "
          text run at (0,7125) width 1056: "e\x{301}e\x{301}e\x{301}e\x{301}e\x{301}e\x{301}e\x{301}e\x{301}e\x{301}e\x{301}e\x{301}e\x{301}e\x{301}e\x{301}e\x{301}e\x{301}e\x{301}e\x{301}e\x{301}e\x{301}e\x{301}e\x{301}e\x{301}e\x{301}e\x{301}e\x{301}e\x{301}e\x{301}e\x{301}e\x{301}e\x{301}e\x{301} e\x{301} e\x{301}e\x{301}e\x{301}e\x{301}e\x{301}e\x{301}e\x{301}e\x{301}e\x{301}e\x{301}e\x{301}e\x{301}e\x{301}e\x{301}e\x{301}e\x{301}e\x{301}e\x{301}e\x{301}e\x{301}e\x{301}e\x{301}e\x{301}e\x{301}e\x{301}e\x{301}e\x{301}e\x{301}e\x{301}e\x{301}e\x{301}e\x{301}e\x{301}e\x{301}e\x{301}e\x{301}e\x{301}e\x{301}e\x{301}e\x{301}e\x{301}e\x{301}e\x{301} e\x{301}e\x{301}e\x{301}e\x{301}e\x{301}e\x{301}e\x{301}e\x{301}e\x{301}e\x{301}e\x{301}e\x{301}e\x{301}e\x{301}e\x{301}e\x{301}e\x{301}e\x{301}e\x{301}e\x{301}e\x{301}e\x{301}e\x{301}e\x{301}e\x{301}e\x{301}e\x{301}e\x{301}e\x{301}e\x{301} e\x{301}e\x{301}e\x{301}e\x{301}e\x{301}e\x{301}e\x{301}e\x{301}e\x{301}e\x{301}e\x{301}e\x{301}e\x{301}e\x{301}e\x{301}e\x{301}e\x{301}e\x{301}e\x{301}e\x{301}e\x{301}e\x{301}"
          text run at (1056,7125) width 0: " "
          text run at (0,7140) width 1056: "e\x{301}e\x{301}e\x{301}e\x{301}e\x{301}e\x{301}e\x{301}e\x{301}e\x{301}e\x{301}e\x{301}e\x{301}e\x{301}e\x{301}e\x{301}e\x{301}e\x{301}e\x{301}e\x{301}e\x{301}e\x{301}e\x{301}e\x{301}e\x{301}e\x{301}e\x{301}e\x{301}e\x{301}e\x{301}e\x{301}e\x{301}e\x{301} e\x{301} e\x{301}e\x{301}e\x{301}e\x{301}e\x{301}e\x{301}e\x{301}e\x{301}e\x{301}e\x{301}e\x{301}e\x{301}e\x{301}e\x{301}e\x{301}e\x{301}e\x{301}e\x{301}e\x{301}e\x{301}e\x{301}e\x{301}e\x{301}e\x{301}e\x{301}e\x{301}e\x{301}e\x{301}e\x{301}e\x{301}e\x{301}e\x{301}e\x{301}e\x{301}e\x{301}e\x{301}e\x{301}e\x{301}e\x{301}e\x{301}e\x{301}e\x{301}e\x{301} e\x{301}e\x{301}e\x{301}e\x{301}e\x{301}e\x{301}e\x{301}e\x{301}e\x{301}e\x{301}e\x{301}e\x{301}e\x{301}e\x{301}e\x{301}e\x{301}e\x{301}e\x{301}e\x{301}e\x{301}e\x{301}e\x{301}e\x{301}e\x{301}e\x{301}e\x{301}e\x{301}e\x{301}e\x{301}e\x{301} e\x{301}e\x{301}e\x{301}e\x{301}e\x{301}e\x{301}e\x{301}e\x{301}e\x{301}e\x{301}e\x{301}e\x{301}e\x{301}e\x{301}e\x{301}e\x{301}e\x{301}e\x{301}e\x{301}e\x{301}e\x{301}e\x{301}"
          text run at (1056,7140) width 0: " "
          text run at (0,7155) width 1056: "e\x{301}e\x{301}e\x{301}e\x{301}e\x{301}e\x{301}e\x{301}e\x{301}e\x{301}e\x{301}e\x{301}e\x{301}e\x{301}e\x{301}e\x{301}e\x{301}e\x{301}e\x{301}e\x{301}e\x{301}e\x{301}e\x{301}e\x{301}e\x{301}e\x{301}e\x{301}e\x{301}e\x{301}e\x{301}e\x{301}e\x{301}e\x{301} e\x{301} e\x{301}e\x{301}e\x{301}e\x{301}e\x{301}e\x{301}e\x{301}e\x{301}e\x{301}e\x{301}e\x{301}e\x{301}e\x{301}e\x{301}e\x{301}e\x{301}e\x{301}e\x{301}e\x{301}e\x{301}e\x{301}e\x{301}e\x{301}e\x{301}e\x{301}e\x{301}e\x{301}e\x{301}e\x{301}e\x{301}e\x{301}e\x{301}e\x{301}e\x{301}e\x{301}e\x{301}e\x{301}e\x{301}e\x{301}e\x{301}e\x{301}e\x{301}e\x{301} e\x{301}e\x{301}e\x{301}e\x{301}e\x{301}e\x{301}e\x{301}e\x{301}e\x{301}e\x{301}e\x{301}e\x{301}e\x{301}e\x{301}e\x{301}e\x{301}e\x{301}e\x{301}e\x{301}e\x{301}e\x{301}e\x{301}e\x{301}e\x{301}e\x{301}e\x{301}e\x{301}e\x{301}e\x{301}e\x{301} e\x{301}e\x{301}e\x{301}e\x{301}e\x{301}e\x{301}e\x{301}e\x{301}e\x{301}e\x{301}e\x{301}e\x{301}e\x{301}e\x{301}e\x{301}e\x{301}e\x{301}e\x{301}e\x{301}e\x{301}e\x{301}e\x{301}"
          text run at (1056,7155) width 0: " "
          text run at (0,7170) width 1056: "e\x{301}e\x{301}e\x{301}e\x{301}e\x{301}e\x{301}e\x{301}e\x{301}e\x{301}e\x{301}e\x{301}e\x{301}e\x{301}e\x{301}e\x{301}e\x{301}e\x{301}e\x{301}e\x{301}e\x{301}e\x{301}e\x{301}e\x{301}e\x{301}e\x{301}e\x{301}e\x{301}e\x{301}e\x{301}e\x{301}e\x{301}e\x{301} e\x{301} e\x{301}e\x{301}e\x{301}e\x{301}e\x{301}e\x{301}e\x{301}e\x{301}e\x{301}e\x{301}e\x{301}e\x{301}e\x{301}e\x{301}e\x{301}e\x{301}e\x{301}e\x{301}e\x{301}e\x{301}e\x{301}e\x{301}e\x{301}e\x{301}e\x{301}e\x{301}e\x{301}e\x{301}e\x{301}e\x{301}e\x{301}e\x{301}e\x{301}e\x{301}e\x{301}e\x{301}e\x{301}e\x{301}e\x{301}e\x{301}e\x{301}e\x{301}e\x{301} e\x{301}e\x{301}e\x{301}e\x{301}e\x{301}e\x{301}e\x{301}e\x{301}e\x{301}e\x{301}e\x{301}e\x{301}e\x{301}e\x{301}e\x{301}e\x{301}e\x{301}e\x{301}e\x{301}e\x{301}e\x{301}e\x{301}e\x{301}e\x{301}e\x{301}e\x{301}e\x{301}e\x{301}e\x{301}e\x{301} e\x{301}e\x{301}e\x{301}e\x{301}e\x{301}e\x{301}e\x{301}e\x{301}e\x{301}e\x{301}e\x{301}e\x{301}e\x{301}e\x{301}e\x{301}e\x{301}e\x{301}e\x{301}e\x{301}e\x{301}e\x{301}e\x{301}"
          text run at (1056,7170) width 0: " "
          text run at (0,7185) width 1056: "e\x{301}e\x{301}e\x{301}e\x{301}e\x{301}e\x{301}e\x{301}e\x{301}e\x{301}e\x{301}e\x{301}e\x{301}e\x{301}e\x{301}e\x{301}e\x{301}e\x{301}e\x{301}e\x{301}e\x{301}e\x{301}e\x{301}e\x{301}e\x{301}e\x{301}e\x{301}e\x{301}e\x{301}e\x{301}e\x{301}e\x{301}e\x{301} e\x{301} e\x{301}e\x{301}e\x{301}e\x{301}e\x{301}e\x{301}e\x{301}e\x{301}e\x{301}e\x{301}e\x{301}e\x{301}e\x{301}e\x{301}e\x{301}e\x{301}e\x{301}e\x{301}e\x{301}e\x{301}e\x{301}e\x{301}e\x{301}e\x{301}e\x{301}e\x{301}e\x{301}e\x{301}e\x{301}e\x{301}e\x{301}e\x{301}e\x{301}e\x{301}e\x{301}e\x{301}e\x{301}e\x{301}e\x{301}e\x{301}e\x{301}e\x{301}e\x{301} e\x{301}e\x{301}e\x{301}e\x{301}e\x{301}e\x{301}e\x{301}e\x{301}e\x{301}e\x{301}e\x{301}e\x{301}e\x{301}e\x{301}e\x{301}e\x{301}e\x{301}e\x{301}e\x{301}e\x{301}e\x{301}e\x{301}e\x{301}e\x{301}e\x{301}e\x{301}e\x{301}e\x{301}e\x{301}e\x{301} e\x{301}e\x{301}e\x{301}e\x{301}e\x{301}e\x{301}e\x{301}e\x{301}e\x{301}e\x{301}e\x{301}e\x{301}e\x{301}e\x{301}e\x{301}e\x{301}e\x{301}e\x{301}e\x{301}e\x{301}e\x{301}e\x{301}"
          text run at (1056,7185) width 0: " "
          text run at (0,7200) width 1056: "e\x{301}e\x{301}e\x{301}e\x{301}e\x{301}e\x{301}e\x{301}e\x{301}e\x{301}e\x{301}e\x{301}e\x{301}e\x{301}e\x{301}e\x{301}e\x{301}e\x{301}e\x{301}e\x{301}e\x{301}e\x{301}e\x{301}e\x{301}e\x{301}e\x{301}e\x{301}e\x{301}e\x{301}e\x{301}e\x{301}e\x{301}e\x{301} e\x{301} e\x{301}e\x{301}e\x{301}e\x{301}e\x{301}e\x{301}e\x{301}e\x{301}e\x{301}e\x{301}e\x{301}e\x{301}e\x{301}e\x{301}e\x{301}e\x{301}e\x{301}e\x{301}e\x{301}e\x{301}e\x{301}e\x{301}e\x{301}e\x{301}e\x{301}e\x{301}e\x{301}e\x{301}e\x{301}e\x{301}e\x{301}e\x{301}e\x{301}e\x{301}e\x{301}e\x{301}e\x{301}e\x{301}e\x{301}e\x{301}e\x{301}e\x{301}e\x{301} e\x{301}e\x{301}e\x{301}e\x{301}e\x{301}e\x{301}e\x{301}e\x{301}e\x{301}e\x{301}e\x{301}e\x{301}e\x{301}e\x{301}e\x{301}e\x{301}e\x{301}e\x{301}e\x{301}e\x{301}e\x{301}e\x{301}e\x{301}e\x{301}e\x{301}e\x{301}e\x{301}e\x{301}e\x{301}e\x{301} e\x{301}e\x{301}e\x{301}e\x{301}e\x{301}e\x{301}e\x{301}e\x{301}e\x{301}e\x{301}e\x{301}e\x{301}e\x{301}e\x{301}e\x{301}e\x{301}e\x{301}e\x{301}e\x{301}e\x{301}e\x{301}e\x{301}"
          text run at (1056,7200) width 0: " "
          text run at (0,7215) width 1056: "e\x{301}e\x{301}e\x{301}e\x{301}e\x{301}e\x{301}e\x{301}e\x{301}e\x{301}e\x{301}e\x{301}e\x{301}e\x{301}e\x{301}e\x{301}e\x{301}e\x{301}e\x{301}e\x{301}e\x{301}e\x{301}e\x{301}e\x{301}e\x{301}e\x{301}e\x{301}e\x{301}e\x{301}e\x{301}e\x{301}e\x{301}e\x{301} e\x{301} e\x{301}e\x{301}e\x{301}e\x{301}e\x{301}e\x{301}e\x{301}e\x{301}e\x{301}e\x{301}e\x{301}e\x{301}e\x{301}e\x{301}e\x{301}e\x{301}e\x{301}e\x{301}e\x{301}e\x{301}e\x{301}e\x{301}e\x{301}e\x{301}e\x{301}e\x{301}e\x{301}e\x{301}e\x{301}e\x{301}e\x{301}e\x{301}e\x{301}e\x{301}e\x{301}e\x{301}e\x{301}e\x{301}e\x{301}e\x{301}e\x{301}e\x{301}e\x{301} e\x{301}e\x{301}e\x{301}e\x{301}e\x{301}e\x{301}e\x{301}e\x{301}e\x{301}e\x{301}e\x{301}e\x{301}e\x{301}e\x{301}e\x{301}e\x{301}e\x{301}e\x{301}e\x{301}e\x{301}e\x{301}e\x{301}e\x{301}e\x{301}e\x{301}e\x{301}e\x{301}e\x{301}e\x{301}e\x{301} e\x{301}e\x{301}e\x{301}e\x{301}e\x{301}e\x{301}e\x{301}e\x{301}e\x{301}e\x{301}e\x{301}e\x{301}e\x{301}e\x{301}e\x{301}e\x{301}e\x{301}e\x{301}e\x{301}e\x{301}e\x{301}e\x{301}"
          text run at (1056,7215) width 0: " "
          text run at (0,7230) width 1056: "e\x{301}e\x{301}e\x{301}e\x{301}e\x{301}e\x{301}e\x{301}e\x{301}e\x{301}e\x{301}e\x{301}e\x{301}e\x{301}e\x{301}e\x{301}e\x{301}e\x{301}e\x{301}e\x{301}e\x{301}e\x{301}e\x{301}e\x{301}e\x{301}e\x{301}e\x{301}e\x{301}e\x{301}e\x{301}e\x{301}e\x{301}e\x{301} e\x{301} e\x{301}e\x{301}e\x{301}e\x{301}e\x{301}e\x{301}e\x{301}e\x{301}e\x{301}e\x{301}e\x{301}e\x{301}e\x{301}e\x{301}e\x{301}e\x{301}e\x{301}e\x{301}e\x{301}e\x{301}e\x{301}e\x{301}e\x{301}e\x{301}e\x{301}e\x{301}e\x{301}e\x{301}e\x{301}e\x{301}e\x{301}e\x{301}e\x{301}e\x{301}e\x{301}e\x{301}e\x{301}e\x{301}e\x{301}e\x{301}e\x{301}e\x{301}e\x{301} e\x{301}e\x{301}e\x{301}e\x{301}e\x{301}e\x{301}e\x{301}e\x{301}e\x{301}e\x{301}e\x{301}e\x{301}e\x{301}e\x{301}e\x{301}e\x{301}e\x{301}e\x{301}e\x{301}e\x{301}e\x{301}e\x{301}e\x{301}e\x{301}e\x{301}e\x{301}e\x{301}e\x{301}e\x{301}e\x{301} e\x{301}e\x{301}e\x{301}e\x{301}e\x{301}e\x{301}e\x{301}e\x{301}e\x{301}e\x{301}e\x{301}e\x{301}e\x{301}e\x{301}e\x{301}e\x{301}e\x{301}e\x{301}e\x{301}e\x{301}e\x{301}e\x{301}"
          text run at (1056,7230) width 0: " "
          text run at (0,7245) width 1056: "e\x{301}e\x{301}e\x{301}e\x{301}e\x{301}e\x{301}e\x{301}e\x{301}e\x{301}e\x{301}e\x{301}e\x{301}e\x{301}e\x{301}e\x{301}e\x{301}e\x{301}e\x{301}e\x{301}e\x{301}e\x{301}e\x{301}e\x{301}e\x{301}e\x{301}e\x{301}e\x{301}e\x{301}e\x{301}e\x{301}e\x{301}e\x{301} e\x{301} e\x{301}e\x{301}e\x{301}e\x{301}e\x{301}e\x{301}e\x{301}e\x{301}e\x{301}e\x{301}e\x{301}e\x{301}e\x{301}e\x{301}e\x{301}e\x{301}e\x{301}e\x{301}e\x{301}e\x{301}e\x{301}e\x{301}e\x{301}e\x{301}e\x{301}e\x{301}e\x{301}e\x{301}e\x{301}e\x{301}e\x{301}e\x{301}e\x{301}e\x{301}e\x{301}e\x{301}e\x{301}e\x{301}e\x{301}e\x{301}e\x{301}e\x{301}e\x{301} e\x{301}e\x{301}e\x{301}e\x{301}e\x{301}e\x{301}e\x{301}e\x{301}e\x{301}e\x{301}e\x{301}e\x{301}e\x{301}e\x{301}e\x{301}e\x{301}e\x{301}e\x{301}e\x{301}e\x{301}e\x{301}e\x{301}e\x{301}e\x{301}e\x{301}e\x{301}e\x{301}e\x{301}e\x{301}e\x{301} e\x{301}e\x{301}e\x{301}e\x{301}e\x{301}e\x{301}e\x{301}e\x{301}e\x{301}e\x{301}e\x{301}e\x{301}e\x{301}e\x{301}e\x{301}e\x{301}e\x{301}e\x{301}e\x{301}e\x{301}e\x{301}e\x{301}"
          text run at (1056,7245) width 0: " "
          text run at (0,7260) width 1056: "e\x{301}e\x{301}e\x{301}e\x{301}e\x{301}e\x{301}e\x{301}e\x{301}e\x{301}e\x{301}e\x{301}e\x{301}e\x{301}e\x{301}e\x{301}e\x{301}e\x{301}e\x{301}e\x{301}e\x{301}e\x{301}e\x{301}e\x{301}e\x{301}e\x{301}e\x{301}e\x{301}e\x{301}e\x{301}e\x{301}e\x{301}e\x{301} e\x{301} e\x{301}e\x{301}e\x{301}e\x{301}e\x{301}e\x{301}e\x{301}e\x{301}e\x{301}e\x{301}e\x{301}e\x{301}e\x{301}e\x{301}e\x{301}e\x{301}e\x{301}e\x{301}e\x{301}e\x{301}e\x{301}e\x{301}e\x{301}e\x{301}e\x{301}e\x{301}e\x{301}e\x{301}e\x{301}e\x{301}e\x{301}e\x{301}e\x{301}e\x{301}e\x{301}e\x{301}e\x{301}e\x{301}e\x{301}e\x{301}e\x{301}e\x{301}e\x{301} e\x{301}e\x{301}e\x{301}e\x{301}e\x{301}e\x{301}e\x{301}e\x{301}e\x{301}e\x{301}e\x{301}e\x{301}e\x{301}e\x{301}e\x{301}e\x{301}e\x{301}e\x{301}e\x{301}e\x{301}e\x{301}e\x{301}e\x{301}e\x{301}e\x{301}e\x{301}e\x{301}e\x{301}e\x{301}e\x{301} e\x{301}e\x{301}e\x{301}e\x{301}e\x{301}e\x{301}e\x{301}e\x{301}e\x{301}e\x{301}e\x{301}e\x{301}e\x{301}e\x{301}e\x{301}e\x{301}e\x{301}e\x{301}e\x{301}e\x{301}e\x{301}e\x{301}"
          text run at (1056,7260) width 0: " "
          text run at (0,7275) width 1056: "e\x{301}e\x{301}e\x{301}e\x{301}e\x{301}e\x{301}e\x{301}e\x{301}e\x{301}e\x{301}e\x{301}e\x{301}e\x{301}e\x{301}e\x{301}e\x{301}e\x{301}e\x{301}e\x{301}e\x{301}e\x{301}e\x{301}e\x{301}e\x{301}e\x{301}e\x{301}e\x{301}e\x{301}e\x{301}e\x{301}e\x{301}e\x{301} e\x{301} e\x{301}e\x{301}e\x{301}e\x{301}e\x{301}e\x{301}e\x{301}e\x{301}e\x{301}e\x{301}e\x{301}e\x{301}e\x{301}e\x{301}e\x{301}e\x{301}e\x{301}e\x{301}e\x{301}e\x{301}e\x{301}e\x{301}e\x{301}e\x{301}e\x{301}e\x{301}e\x{301}e\x{301}e\x{301}e\x{301}e\x{301}e\x{301}e\x{301}e\x{301}e\x{301}e\x{301}e\x{301}e\x{301}e\x{301}e\x{301}e\x{301}e\x{301}e\x{301} e\x{301}e\x{301}e\x{301}e\x{301}e\x{301}e\x{301}e\x{301}e\x{301}e\x{301}e\x{301}e\x{301}e\x{301}e\x{301}e\x{301}e\x{301}e\x{301}e\x{301}e\x{301}e\x{301}e\x{301}e\x{301}e\x{301}e\x{301}e\x{301}e\x{301}e\x{301}e\x{301}e\x{301}e\x{301}e\x{301} e\x{301}e\x{301}e\x{301}e\x{301}e\x{301}e\x{301}e\x{301}e\x{301}e\x{301}e\x{301}e\x{301}e\x{301}e\x{301}e\x{301}e\x{301}e\x{301}e\x{301}e\x{301}e\x{301}e\x{301}e\x{301}e\x{301}"
          text run at (1056,7275) width 0: " "
          text run at (0,7290) width 1056: "e\x{301}e\x{301}e\x{301}e\x{301}e\x{301}e\x{301}e\x{301}e\x{301}e\x{301}e\x{301}e\x{301}e\x{301}e\x{301}e\x{301}e\x{301}e\x{301}e\x{301}e\x{301}e\x{301}e\x{301}e\x{301}e\x{301}e\x{301}e\x{301}e\x{301}e\x{301}e\x{301}e\x{301}e\x{301}e\x{301}e\x{301}e\x{301} e\x{301} e\x{301}e\x{301}e\x{301}e\x{301}e\x{301}e\x{301}e\x{301}e\x{301}e\x{301}e\x{301}e\x{301}e\x{301}e\x{301}e\x{301}e\x{301}e\x{301}e\x{301}e\x{301}e\x{301}e\x{301}e\x{301}e\x{301}e\x{301}e\x{301}e\x{301}e\x{301}e\x{301}e\x{301}e\x{301}e\x{301}e\x{301}e\x{301}e\x{301}e\x{301}e\x{301}e\x{301}e\x{301}e\x{301}e\x{301}e\x{301}e\x{301}e\x{301}e\x{301} e\x{301}e\x{301}e\x{301}e\x{301}e\x{301}e\x{301}e\x{301}e\x{301}e\x{301}e\x{301}e\x{301}e\x{301}e\x{301}e\x{301}e\x{301}e\x{301}e\x{301}e\x{301}e\x{301}e\x{301}e\x{301}e\x{301}e\x{301}e\x{301}e\x{301}e\x{301}e\x{301}e\x{301}e\x{301}e\x{301} e\x{301}e\x{301}e\x{301}e\x{301}e\x{301}e\x{301}e\x{301}e\x{301}e\x{301}e\x{301}e\x{301}e\x{301}e\x{301}e\x{301}e\x{301}e\x{301}e\x{301}e\x{301}e\x{301}e\x{301}e\x{301}e\x{301}"
          text run at (1056,7290) width 0: " "
          text run at (0,7305) width 1056: "e\x{301}e\x{301}e\x{301}e\x{301}e\x{301}e\x{301}e\x{301}e\x{301}e\x{301}e\x{301}e\x{301}e\x{301}e\x{301}e\x{301}e\x{301}e\x{301}e\x{301}e\x{301}e\x{301}e\x{301}e\x{301}e\x{301}e\x{301}e\x{301}e\x{301}e\x{301}e\x{301}e\x{301}e\x{301}e\x{301}e\x{301}e\x{301} e\x{301} e\x{301}e\x{301}e\x{301}e\x{301}e\x{301}e\x{301}e\x{301}e\x{301}e\x{301}e\x{301}e\x{301}e\x{301}e\x{301}e\x{301}e\x{301}e\x{301}e\x{301}e\x{301}e\x{301}e\x{301}e\x{301}e\x{301}e\x{301}e\x{301}e\x{301}e\x{301}e\x{301}e\x{301}e\x{301}e\x{301}e\x{301}e\x{301}e\x{301}e\x{301}e\x{301}e\x{301}e\x{301}e\x{301}e\x{301}e\x{301}e\x{301}e\x{301}e\x{301} e\x{301}e\x{301}e\x{301}e\x{301}e\x{301}e\x{301}e\x{301}e\x{301}e\x{301}e\x{301}e\x{301}e\x{301}e\x{301}e\x{301}e\x{301}e\x{301}e\x{301}e\x{301}e\x{301}e\x{301}e\x{301}e\x{301}e\x{301}e\x{301}e\x{301}e\x{301}e\x{301}e\x{301}e\x{301}e\x{301} e\x{301}e\x{301}e\x{301}e\x{301}e\x{301}e\x{301}e\x{301}e\x{301}e\x{301}e\x{301}e\x{301}e\x{301}e\x{301}e\x{301}e\x{301}e\x{301}e\x{301}e\x{301}e\x{301}e\x{301}e\x{301}e\x{301}"
          text run at (1056,7305) width 0: " "
          text run at (0,7320) width 1056: "e\x{301}e\x{301}e\x{301}e\x{301}e\x{301}e\x{301}e\x{301}e\x{301}e\x{301}e\x{301}e\x{301}e\x{301}e\x{301}e\x{301}e\x{301}e\x{301}e\x{301}e\x{301}e\x{301}e\x{301}e\x{301}e\x{301}e\x{301}e\x{301}e\x{301}e\x{301}e\x{301}e\x{301}e\x{301}e\x{301}e\x{301}e\x{301} e\x{301} e\x{301}e\x{301}e\x{301}e\x{301}e\x{301}e\x{301}e\x{301}e\x{301}e\x{301}e\x{301}e\x{301}e\x{301}e\x{301}e\x{301}e\x{301}e\x{301}e\x{301}e\x{301}e\x{301}e\x{301}e\x{301}e\x{301}e\x{301}e\x{301}e\x{301}e\x{301}e\x{301}e\x{301}e\x{301}e\x{301}e\x{301}e\x{301}e\x{301}e\x{301}e\x{301}e\x{301}e\x{301}e\x{301}e\x{301}e\x{301}e\x{301}e\x{301}e\x{301} e\x{301}e\x{301}e\x{301}e\x{301}e\x{301}e\x{301}e\x{301}e\x{301}e\x{301}e\x{301}e\x{301}e\x{301}e\x{301}e\x{301}e\x{301}e\x{301}e\x{301}e\x{301}e\x{301}e\x{301}e\x{301}e\x{301}e\x{301}e\x{301}e\x{301}e\x{301}e\x{301}e\x{301}e\x{301}e\x{301} e\x{301}e\x{301}e\x{301}e\x{301}e\x{301}e\x{301}e\x{301}e\x{301}e\x{301}e\x{301}e\x{301}e\x{301}e\x{301}e\x{301}e\x{301}e\x{301}e\x{301}e\x{301}e\x{301}e\x{301}e\x{301}e\x{301}"
          text run at (1056,7320) width 0: " "
          text run at (0,7335) width 1056: "e\x{301}e\x{301}e\x{301}e\x{301}e\x{301}e\x{301}e\x{301}e\x{301}e\x{301}e\x{301}e\x{301}e\x{301}e\x{301}e\x{301}e\x{301}e\x{301}e\x{301}e\x{301}e\x{301}e\x{301}e\x{301}e\x{301}e\x{301}e\x{301}e\x{301}e\x{301}e\x{301}e\x{301}e\x{301}e\x{301}e\x{301}e\x{301} e\x{301} e\x{301}e\x{301}e\x{301}e\x{301}e\x{301}e\x{301}e\x{301}e\x{301}e\x{301}e\x{301}e\x{301}e\x{301}e\x{301}e\x{301}e\x{301}e\x{301}e\x{301}e\x{301}e\x{301}e\x{301}e\x{301}e\x{301}e\x{301}e\x{301}e\x{301}e\x{301}e\x{301}e\x{301}e\x{301}e\x{301}e\x{301}e\x{301}e\x{301}e\x{301}e\x{301}e\x{301}e\x{301}e\x{301}e\x{301}e\x{301}e\x{301}e\x{301}e\x{301} e\x{301}e\x{301}e\x{301}e\x{301}e\x{301}e\x{301}e\x{301}e\x{301}e\x{301}e\x{301}e\x{301}e\x{301}e\x{301}e\x{301}e\x{301}e\x{301}e\x{301}e\x{301}e\x{301}e\x{301}e\x{301}e\x{301}e\x{301}e\x{301}e\x{301}e\x{301}e\x{301}e\x{301}e\x{301}e\x{301} e\x{301}e\x{301}e\x{301}e\x{301}e\x{301}e\x{301}e\x{301}e\x{301}e\x{301}e\x{301}e\x{301}e\x{301}e\x{301}e\x{301}e\x{301}e\x{301}e\x{301}e\x{301}e\x{301}e\x{301}e\x{301}e\x{301}"
          text run at (1056,7335) width 0: " "
          text run at (0,7350) width 1056: "e\x{301}e\x{301}e\x{301}e\x{301}e\x{301}e\x{301}e\x{301}e\x{301}e\x{301}e\x{301}e\x{301}e\x{301}e\x{301}e\x{301}e\x{301}e\x{301}e\x{301}e\x{301}e\x{301}e\x{301}e\x{301}e\x{301}e\x{301}e\x{301}e\x{301}e\x{301}e\x{301}e\x{301}e\x{301}e\x{301}e\x{301}e\x{301} e\x{301} e\x{301}e\x{301}e\x{301}e\x{301}e\x{301}e\x{301}e\x{301}e\x{301}e\x{301}e\x{301}e\x{301}e\x{301}e\x{301}e\x{301}e\x{301}e\x{301}e\x{301}e\x{301}e\x{301}e\x{301}e\x{301}e\x{301}e\x{301}e\x{301}e\x{301}e\x{301}e\x{301}e\x{301}e\x{301}e\x{301}e\x{301}e\x{301}e\x{301}e\x{301}e\x{301}e\x{301}e\x{301}e\x{301}e\x{301}e\x{301}e\x{301}e\x{301}e\x{301} e\x{301}e\x{301}e\x{301}e\x{301}e\x{301}e\x{301}e\x{301}e\x{301}e\x{301}e\x{301}e\x{301}e\x{301}e\x{301}e\x{301}e\x{301}e\x{301}e\x{301}e\x{301}e\x{301}e\x{301}e\x{301}e\x{301}e\x{301}e\x{301}e\x{301}e\x{301}e\x{301}e\x{301}e\x{301}e\x{301} e\x{301}e\x{301}e\x{301}e\x{301}e\x{301}e\x{301}e\x{301}e\x{301}e\x{301}e\x{301}e\x{301}e\x{301}e\x{301}e\x{301}e\x{301}e\x{301}e\x{301}e\x{301}e\x{301}e\x{301}e\x{301}e\x{301}"
          text run at (1056,7350) width 0: " "
          text run at (0,7365) width 1056: "e\x{301}e\x{301}e\x{301}e\x{301}e\x{301}e\x{301}e\x{301}e\x{301}e\x{301}e\x{301}e\x{301}e\x{301}e\x{301}e\x{301}e\x{301}e\x{301}e\x{301}e\x{301}e\x{301}e\x{301}e\x{301}e\x{301}e\x{301}e\x{301}e\x{301}e\x{301}e\x{301}e\x{301}e\x{301}e\x{301}e\x{301}e\x{301} e\x{301} e\x{301}e\x{301}e\x{301}e\x{301}e\x{301}e\x{301}e\x{301}e\x{301}e\x{301}e\x{301}e\x{301}e\x{301}e\x{301}e\x{301}e\x{301}e\x{301}e\x{301}e\x{301}e\x{301}e\x{301}e\x{301}e\x{301}e\x{301}e\x{301}e\x{301}e\x{301}e\x{301}e\x{301}e\x{301}e\x{301}e\x{301}e\x{301}e\x{301}e\x{301}e\x{301}e\x{301}e\x{301}e\x{301}e\x{301}e\x{301}e\x{301}e\x{301}e\x{301} e\x{301}e\x{301}e\x{301}e\x{301}e\x{301}e\x{301}e\x{301}e\x{301}e\x{301}e\x{301}e\x{301}e\x{301}e\x{301}e\x{301}e\x{301}e\x{301}e\x{301}e\x{301}e\x{301}e\x{301}e\x{301}e\x{301}e\x{301}e\x{301}e\x{301}e\x{301}e\x{301}e\x{301}e\x{301}e\x{301} e\x{301}e\x{301}e\x{301}e\x{301}e\x{301}e\x{301}e\x{301}e\x{301}e\x{301}e\x{301}e\x{301}e\x{301}e\x{301}e\x{301}e\x{301}e\x{301}e\x{301}e\x{301}e\x{301}e\x{301}e\x{301}e\x{301}"
          text run at (1056,7365) width 0: " "
          text run at (0,7380) width 1056: "e\x{301}e\x{301}e\x{301}e\x{301}e\x{301}e\x{301}e\x{301}e\x{301}e\x{301}e\x{301}e\x{301}e\x{301}e\x{301}e\x{301}e\x{301}e\x{301}e\x{301}e\x{301}e\x{301}e\x{301}e\x{301}e\x{301}e\x{301}e\x{301}e\x{301}e\x{301}e\x{301}e\x{301}e\x{301}e\x{301}e\x{301}e\x{301} e\x{301} e\x{301}e\x{301}e\x{301}e\x{301}e\x{301}e\x{301}e\x{301}e\x{301}e\x{301}e\x{301}e\x{301}e\x{301}e\x{301}e\x{301}e\x{301}e\x{301}e\x{301}e\x{301}e\x{301}e\x{301}e\x{301}e\x{301}e\x{301}e\x{301}e\x{301}e\x{301}e\x{301}e\x{301}e\x{301}e\x{301}e\x{301}e\x{301}e\x{301}e\x{301}e\x{301}e\x{301}e\x{301}e\x{301}e\x{301}e\x{301}e\x{301}e\x{301}e\x{301} e\x{301}e\x{301}e\x{301}e\x{301}e\x{301}e\x{301}e\x{301}e\x{301}e\x{301}e\x{301}e\x{301}e\x{301}e\x{301}e\x{301}e\x{301}e\x{301}e\x{301}e\x{301}e\x{301}e\x{301}e\x{301}e\x{301}e\x{301}e\x{301}e\x{301}e\x{301}e\x{301}e\x{301}e\x{301}e\x{301} e\x{301}e\x{301}e\x{301}e\x{301}e\x{301}e\x{301}e\x{301}e\x{301}e\x{301}e\x{301}e\x{301}e\x{301}e\x{301}e\x{301}e\x{301}e\x{301}e\x{301}e\x{301}e\x{301}e\x{301}e\x{301}e\x{301}"
          text run at (1056,7380) width 0: " "
          text run at (0,7395) width 1056: "e\x{301}e\x{301}e\x{301}e\x{301}e\x{301}e\x{301}e\x{301}e\x{301}e\x{301}e\x{301}e\x{301}e\x{301}e\x{301}e\x{301}e\x{301}e\x{301}e\x{301}e\x{301}e\x{301}e\x{301}e\x{301}e\x{301}e\x{301}e\x{301}e\x{301}e\x{301}e\x{301}e\x{301}e\x{301}e\x{301}e\x{301}e\x{301} e\x{301} e\x{301}e\x{301}e\x{301}e\x{301}e\x{301}e\x{301}e\x{301}e\x{301}e\x{301}e\x{301}e\x{301}e\x{301}e\x{301}e\x{301}e\x{301}e\x{301}e\x{301}e\x{301}e\x{301}e\x{301}e\x{301}e\x{301}e\x{301}e\x{301}e\x{301}e\x{301}e\x{301}e\x{301}e\x{301}e\x{301}e\x{301}e\x{301}e\x{301}e\x{301}e\x{301}e\x{301}e\x{301}e\x{301}e\x{301}e\x{301}e\x{301}e\x{301}e\x{301} e\x{301}e\x{301}e\x{301}e\x{301}e\x{301}e\x{301}e\x{301}e\x{301}e\x{301}e\x{301}e\x{301}e\x{301}e\x{301}e\x{301}e\x{301}e\x{301}e\x{301}e\x{301}e\x{301}e\x{301}e\x{301}e\x{301}e\x{301}e\x{301}e\x{301}e\x{301}e\x{301}e\x{301}e\x{301}e\x{301} e\x{301}e\x{301}e\x{301}e\x{301}e\x{301}e\x{301}e\x{301}e\x{301}e\x{301}e\x{301}e\x{301}e\x{301}e\x{301}e\x{301}e\x{301}e\x{301}e\x{301}e\x{301}e\x{301}e\x{301}e\x{301}e\x{301}"
          text run at (1056,7395) width 0: " "
          text run at (0,7410) width 1056: "e\x{301}e\x{301}e\x{301}e\x{301}e\x{301}e\x{301}e\x{301}e\x{301}e\x{301}e\x{301}e\x{301}e\x{301}e\x{301}e\x{301}e\x{301}e\x{301}e\x{301}e\x{301}e\x{301}e\x{301}e\x{301}e\x{301}e\x{301}e\x{301}e\x{301}e\x{301}e\x{301}e\x{301}e\x{301}e\x{301}e\x{301}e\x{301} e\x{301} e\x{301}e\x{301}e\x{301}e\x{301}e\x{301}e\x{301}e\x{301}e\x{301}e\x{301}e\x{301}e\x{301}e\x{301}e\x{301}e\x{301}e\x{301}e\x{301}e\x{301}e\x{301}e\x{301}e\x{301}e\x{301}e\x{301}e\x{301}e\x{301}e\x{301}e\x{301}e\x{301}e\x{301}e\x{301}e\x{301}e\x{301}e\x{301}e\x{301}e\x{301}e\x{301}e\x{301}e\x{301}e\x{301}e\x{301}e\x{301}e\x{301}e\x{301}e\x{301} e\x{301}e\x{301}e\x{301}e\x{301}e\x{301}e\x{301}e\x{301}e\x{301}e\x{301}e\x{301}e\x{301}e\x{301}e\x{301}e\x{301}e\x{301}e\x{301}e\x{301}e\x{301}e\x{301}e\x{301}e\x{301}e\x{301}e\x{301}e\x{301}e\x{301}e\x{301}e\x{301}e\x{301}e\x{301}e\x{301} e\x{301}e\x{301}e\x{301}e\x{301}e\x{301}e\x{301}e\x{301}e\x{301}e\x{301}e\x{301}e\x{301}e\x{301}e\x{301}e\x{301}e\x{301}e\x{301}e\x{301}e\x{301}e\x{301}e\x{301}e\x{301}e\x{301}"
          text run at (1056,7410) width 0: " "
          text run at (0,7425) width 1056: "e\x{301}e\x{301}e\x{301}e\x{301}e\x{301}e\x{301}e\x{301}e\x{301}e\x{301}e\x{301}e\x{301}e\x{301}e\x{301}e\x{301}e\x{301}e\x{301}e\x{301}e\x{301}e\x{301}e\x{301}e\x{301}e\x{301}e\x{301}e\x{301}e\x{301}e\x{301}e\x{301}e\x{301}e\x{301}e\x{301}e\x{301}e\x{301} e\x{301} e\x{301}e\x{301}e\x{301}e\x{301}e\x{301}e\x{301}e\x{301}e\x{301}e\x{301}e\x{301}e\x{301}e\x{301}e\x{301}e\x{301}e\x{301}e\x{301}e\x{301}e\x{301}e\x{301}e\x{301}e\x{301}e\x{301}e\x{301}e\x{301}e\x{301}e\x{301}e\x{301}e\x{301}e\x{301}e\x{301}e\x{301}e\x{301}e\x{301}e\x{301}e\x{301}e\x{301}e\x{301}e\x{301}e\x{301}e\x{301}e\x{301}e\x{301}e\x{301} e\x{301}e\x{301}e\x{301}e\x{301}e\x{301}e\x{301}e\x{301}e\x{301}e\x{301}e\x{301}e\x{301}e\x{301}e\x{301}e\x{301}e\x{301}e\x{301}e\x{301}e\x{301}e\x{301}e\x{301}e\x{301}e\x{301}e\x{301}e\x{301}e\x{301}e\x{301}e\x{301}e\x{301}e\x{301}e\x{301} e\x{301}e\x{301}e\x{301}e\x{301}e\x{301}e\x{301}e\x{301}e\x{301}e\x{301}e\x{301}e\x{301}e\x{301}e\x{301}e\x{301}e\x{301}e\x{301}e\x{301}e\x{301}e\x{301}e\x{301}e\x{301}e\x{301}"
          text run at (1056,7425) width 0: " "
          text run at (0,7440) width 1056: "e\x{301}e\x{301}e\x{301}e\x{301}e\x{301}e\x{301}e\x{301}e\x{301}e\x{301}e\x{301}e\x{301}e\x{301}e\x{301}e\x{301}e\x{301}e\x{301}e\x{301}e\x{301}e\x{301}e\x{301}e\x{301}e\x{301}e\x{301}e\x{301}e\x{301}e\x{301}e\x{301}e\x{301}e\x{301}e\x{301}e\x{301}e\x{301} e\x{301} e\x{301}e\x{301}e\x{301}e\x{301}e\x{301}e\x{301}e\x{301}e\x{301}e\x{301}e\x{301}e\x{301}e\x{301}e\x{301}e\x{301}e\x{301}e\x{301}e\x{301}e\x{301}e\x{301}e\x{301}e\x{301}e\x{301}e\x{301}e\x{301}e\x{301}e\x{301}e\x{301}e\x{301}e\x{301}e\x{301}e\x{301}e\x{301}e\x{301}e\x{301}e\x{301}e\x{301}e\x{301}e\x{301}e\x{301}e\x{301}e\x{301}e\x{301}e\x{301} e\x{301}e\x{301}e\x{301}e\x{301}e\x{301}e\x{301}e\x{301}e\x{301}e\x{301}e\x{301}e\x{301}e\x{301}e\x{301}e\x{301}e\x{301}e\x{301}e\x{301}e\x{301}e\x{301}e\x{301}e\x{301}e\x{301}e\x{301}e\x{301}e\x{301}e\x{301}e\x{301}e\x{301}e\x{301}e\x{301} e\x{301}e\x{301}e\x{301}e\x{301}e\x{301}e\x{301}e\x{301}e\x{301}e\x{301}e\x{301}e\x{301}e\x{301}e\x{301}e\x{301}e\x{301}e\x{301}e\x{301}e\x{301}e\x{301}e\x{301}e\x{301}e\x{301}"
          text run at (1056,7440) width 0: " "
          text run at (0,7455) width 1056: "e\x{301}e\x{301}e\x{301}e\x{301}e\x{301}e\x{301}e\x{301}e\x{301}e\x{301}e\x{301}e\x{301}e\x{301}e\x{301}e\x{301}e\x{301}e\x{301}e\x{301}e\x{301}e\x{301}e\x{301}e\x{301}e\x{301}e\x{301}e\x{301}e\x{301}e\x{301}e\x{301}e\x{301}e\x{301}e\x{301}e\x{301}e\x{301} e\x{301} e\x{301}e\x{301}e\x{301}e\x{301}e\x{301}e\x{301}e\x{301}e\x{301}e\x{301}e\x{301}e\x{301}e\x{301}e\x{301}e\x{301}e\x{301}e\x{301}e\x{301}e\x{301}e\x{301}e\x{301}e\x{301}e\x{301}e\x{301}e\x{301}e\x{301}e\x{301}e\x{301}e\x{301}e\x{301}e\x{301}e\x{301}e\x{301}e\x{301}e\x{301}e\x{301}e\x{301}e\x{301}e\x{301}e\x{301}e\x{301}e\x{301}e\x{301}e\x{301} e\x{301}e\x{301}e\x{301}e\x{301}e\x{301}e\x{301}e\x{301}e\x{301}e\x{301}e\x{301}e\x{301}e\x{301}e\x{301}e\x{301}e\x{301}e\x{301}e\x{301}e\x{301}e\x{301}e\x{301}e\x{301}e\x{301}e\x{301}e\x{301}e\x{301}e\x{301}e\x{301}e\x{301}e\x{301}e\x{301} e\x{301}e\x{301}e\x{301}e\x{301}e\x{301}e\x{301}e\x{301}e\x{301}e\x{301}e\x{301}e\x{301}e\x{301}e\x{301}e\x{301}e\x{301}e\x{301}e\x{301}e\x{301}e\x{301}e\x{301}e\x{301}e\x{301}"
          text run at (1056,7455) width 0: " "
          text run at (0,7470) width 1056: "e\x{301}e\x{301}e\x{301}e\x{301}e\x{301}e\x{301}e\x{301}e\x{301}e\x{301}e\x{301}e\x{301}e\x{301}e\x{301}e\x{301}e\x{301}e\x{301}e\x{301}e\x{301}e\x{301}e\x{301}e\x{301}e\x{301}e\x{301}e\x{301}e\x{301}e\x{301}e\x{301}e\x{301}e\x{301}e\x{301}e\x{301}e\x{301} e\x{301} e\x{301}e\x{301}e\x{301}e\x{301}e\x{301}e\x{301}e\x{301}e\x{301}e\x{301}e\x{301}e\x{301}e\x{301}e\x{301}e\x{301}e\x{301}e\x{301}e\x{301}e\x{301}e\x{301}e\x{301}e\x{301}e\x{301}e\x{301}e\x{301}e\x{301}e\x{301}e\x{301}e\x{301}e\x{301}e\x{301}e\x{301}e\x{301}e\x{301}e\x{301}e\x{301}e\x{301}e\x{301}e\x{301}e\x{301}e\x{301}e\x{301}e\x{301}e\x{301} e\x{301}e\x{301}e\x{301}e\x{301}e\x{301}e\x{301}e\x{301}e\x{301}e\x{301}e\x{301}e\x{301}e\x{301}e\x{301}e\x{301}e\x{301}e\x{301}e\x{301}e\x{301}e\x{301}e\x{301}e\x{301}e\x{301}e\x{301}e\x{301}e\x{301}e\x{301}e\x{301}e\x{301}e\x{301}e\x{301} e\x{301}e\x{301}e\x{301}e\x{301}e\x{301}e\x{301}e\x{301}e\x{301}e\x{301}e\x{301}e\x{301}e\x{301}e\x{301}e\x{301}e\x{301}e\x{301}e\x{301}e\x{301}e\x{301}e\x{301}e\x{301}e\x{301}"
          text run at (1056,7470) width 0: " "
          text run at (0,7485) width 1056: "e\x{301}e\x{301}e\x{301}e\x{301}e\x{301}e\x{301}e\x{301}e\x{301}e\x{301}e\x{301}e\x{301}e\x{301}e\x{301}e\x{301}e\x{301}e\x{301}e\x{301}e\x{301}e\x{301}e\x{301}e\x{301}e\x{301}e\x{301}e\x{301}e\x{301}e\x{301}e\x{301}e\x{301}e\x{301}e\x{301}e\x{301}e\x{301} e\x{301} e\x{301}e\x{301}e\x{301}e\x{301}e\x{301}e\x{301}e\x{301}e\x{301}e\x{301}e\x{301}e\x{301}e\x{301}e\x{301}e\x{301}e\x{301}e\x{301}e\x{301}e\x{301}e\x{301}e\x{301}e\x{301}e\x{301}e\x{301}e\x{301}e\x{301}e\x{301}e\x{301}e\x{301}e\x{301}e\x{301}e\x{301}e\x{301}e\x{301}e\x{301}e\x{301}e\x{301}e\x{301}e\x{301}e\x{301}e\x{301}e\x{301}e\x{301}e\x{301} e\x{301}e\x{301}e\x{301}e\x{301}e\x{301}e\x{301}e\x{301}e\x{301}e\x{301}e\x{301}e\x{301}e\x{301}e\x{301}e\x{301}e\x{301}e\x{301}e\x{301}e\x{301}e\x{301}e\x{301}e\x{301}e\x{301}e\x{301}e\x{301}e\x{301}e\x{301}e\x{301}e\x{301}e\x{301}e\x{301} e\x{301}e\x{301}e\x{301}e\x{301}e\x{301}e\x{301}e\x{301}e\x{301}e\x{301}e\x{301}e\x{301}e\x{301}e\x{301}e\x{301}e\x{301}e\x{301}e\x{301}e\x{301}e\x{301}e\x{301}e\x{301}e\x{301}"
          text run at (1056,7485) width 0: " "
          text run at (0,7500) width 1056: "e\x{301}e\x{301}e\x{301}e\x{301}e\x{301}e\x{301}e\x{301}e\x{301}e\x{301}e\x{301}e\x{301}e\x{301}e\x{301}e\x{301}e\x{301}e\x{301}e\x{301}e\x{301}e\x{301}e\x{301}e\x{301}e\x{301}e\x{301}e\x{301}e\x{301}e\x{301}e\x{301}e\x{301}e\x{301}e\x{301}e\x{301}e\x{301} e\x{301} e\x{301}e\x{301}e\x{301}e\x{301}e\x{301}e\x{301}e\x{301}e\x{301}e\x{301}e\x{301}e\x{301}e\x{301}e\x{301}e\x{301}e\x{301}e\x{301}e\x{301}e\x{301}e\x{301}e\x{301}e\x{301}e\x{301}e\x{301}e\x{301}e\x{301}e\x{301}e\x{301}e\x{301}e\x{301}e\x{301}e\x{301}e\x{301}e\x{301}e\x{301}e\x{301}e\x{301}e\x{301}e\x{301}e\x{301}e\x{301}e\x{301}e\x{301}e\x{301} e\x{301}e\x{301}e\x{301}e\x{301}e\x{301}e\x{301}e\x{301}e\x{301}e\x{301}e\x{301}e\x{301}e\x{301}e\x{301}e\x{301}e\x{301}e\x{301}e\x{301}e\x{301}e\x{301}e\x{301}e\x{301}e\x{301}e\x{301}e\x{301}e\x{301}e\x{301}e\x{301}e\x{301}e\x{301}e\x{301} e\x{301}e\x{301}e\x{301}e\x{301}e\x{301}e\x{301}e\x{301}e\x{301}e\x{301}e\x{301}e\x{301}e\x{301}e\x{301}e\x{301}e\x{301}e\x{301}e\x{301}e\x{301}e\x{301}e\x{301}e\x{301}e\x{301}"
          text run at (1056,7500) width 0: " "
          text run at (0,7515) width 1056: "e\x{301}e\x{301}e\x{301}e\x{301}e\x{301}e\x{301}e\x{301}e\x{301}e\x{301}e\x{301}e\x{301}e\x{301}e\x{301}e\x{301}e\x{301}e\x{301}e\x{301}e\x{301}e\x{301}e\x{301}e\x{301}e\x{301}e\x{301}e\x{301}e\x{301}e\x{301}e\x{301}e\x{301}e\x{301}e\x{301}e\x{301}e\x{301} e\x{301} e\x{301}e\x{301}e\x{301}e\x{301}e\x{301}e\x{301}e\x{301}e\x{301}e\x{301}e\x{301}e\x{301}e\x{301}e\x{301}e\x{301}e\x{301}e\x{301}e\x{301}e\x{301}e\x{301}e\x{301}e\x{301}e\x{301}e\x{301}e\x{301}e\x{301}e\x{301}e\x{301}e\x{301}e\x{301}e\x{301}e\x{301}e\x{301}e\x{301}e\x{301}e\x{301}e\x{301}e\x{301}e\x{301}e\x{301}e\x{301}e\x{301}e\x{301}e\x{301} e\x{301}e\x{301}e\x{301}e\x{301}e\x{301}e\x{301}e\x{301}e\x{301}e\x{301}e\x{301}e\x{301}e\x{301}e\x{301}e\x{301}e\x{301}e\x{301}e\x{301}e\x{301}e\x{301}e\x{301}e\x{301}e\x{301}e\x{301}e\x{301}e\x{301}e\x{301}e\x{301}e\x{301}e\x{301}e\x{301} e\x{301}e\x{301}e\x{301}e\x{301}e\x{301}e\x{301}e\x{301}e\x{301}e\x{301}e\x{301}e\x{301}e\x{301}e\x{301}e\x{301}e\x{301}e\x{301}e\x{301}e\x{301}e\x{301}e\x{301}e\x{301}e\x{301}"
          text run at (1056,7515) width 0: " "
          text run at (0,7530) width 192: "e\x{301}e\x{301}e\x{301}e\x{301}e\x{301}e\x{301}e\x{301}e\x{301}e\x{301}e\x{301}e\x{301}e\x{301}e\x{301}e\x{301}e\x{301}e\x{301}e\x{301}e\x{301}e\x{301}e\x{301}e\x{301}e\x{301}e\x{301}e\x{301}"
        RenderText {#text} at (192,7530) size 1056x375
          text run at (192,7530) width 864: "e\x{301}e\x{301}e\x{301}e\x{301}e\x{301}e\x{301}e\x{301}e\x{301} e\x{301} e\x{301}e\x{301}e\x{301}e\x{301}e\x{301}e\x{301}e\x{301}e\x{301}e\x{301}e\x{301}e\x{301}e\x{301}e\x{301}e\x{301}e\x{301}e\x{301}e\x{301}e\x{301}e\x{301}e\x{301}e\x{301}e\x{301}e\x{301}e\x{301}e\x{301}e\x{301}e\x{301}e\x{301}e\x{301}e\x{301}e\x{301}e\x{301}e\x{301}e\x{301}e\x{301}e\x{301}e\x{301}e\x{301}e\x{301}e\x{301}e\x{301}e\x{301}e\x{301} e\x{301}e\x{301}e\x{301}e\x{301}e\x{301}e\x{301}e\x{301}e\x{301}e\x{301}e\x{301}e\x{301}e\x{301}e\x{301}e\x{301}e\x{301}e\x{301}e\x{301}e\x{301}e\x{301}e\x{301}e\x{301}e\x{301}e\x{301}e\x{301}e\x{301}e\x{301}e\x{301}e\x{301}e\x{301}e\x{301} e\x{301}e\x{301}e\x{301}e\x{301}e\x{301}e\x{301}e\x{301}e\x{301}e\x{301}e\x{301}e\x{301}e\x{301}e\x{301}e\x{301}e\x{301}e\x{301}e\x{301}e\x{301}e\x{301}e\x{301}e\x{301}e\x{301}"
          text run at (1056,7530) width 0: " "
          text run at (0,7545) width 1056: "e\x{301}e\x{301}e\x{301}e\x{301}e\x{301}e\x{301}e\x{301}e\x{301}e\x{301}e\x{301}e\x{301}e\x{301}e\x{301}e\x{301}e\x{301}e\x{301}e\x{301}e\x{301}e\x{301}e\x{301}e\x{301}e\x{301}e\x{301}e\x{301}e\x{301}e\x{301}e\x{301}e\x{301}e\x{301}e\x{301}e\x{301}e\x{301} e\x{301} e\x{301}e\x{301}e\x{301}e\x{301}e\x{301}e\x{301}e\x{301}e\x{301}e\x{301}e\x{301}e\x{301}e\x{301}e\x{301}e\x{301}e\x{301}e\x{301}e\x{301}e\x{301}e\x{301}e\x{301}e\x{301}e\x{301}e\x{301}e\x{301}e\x{301}e\x{301}e\x{301}e\x{301}e\x{301}e\x{301}e\x{301}e\x{301}e\x{301}e\x{301}e\x{301}e\x{301}e\x{301}e\x{301}e\x{301}e\x{301}e\x{301}e\x{301}e\x{301} e\x{301}e\x{301}e\x{301}e\x{301}e\x{301}e\x{301}e\x{301}e\x{301}e\x{301}e\x{301}e\x{301}e\x{301}e\x{301}e\x{301}e\x{301}e\x{301}e\x{301}e\x{301}e\x{301}e\x{301}e\x{301}e\x{301}e\x{301}e\x{301}e\x{301}e\x{301}e\x{301}e\x{301}e\x{301}e\x{301} e\x{301}e\x{301}e\x{301}e\x{301}e\x{301}e\x{301}e\x{301}e\x{301}e\x{301}e\x{301}e\x{301}e\x{301}e\x{301}e\x{301}e\x{301}e\x{301}e\x{301}e\x{301}e\x{301}e\x{301}e\x{301}e\x{301}"
          text run at (1056,7545) width 0: " "
          text run at (0,7560) width 1056: "e\x{301}e\x{301}e\x{301}e\x{301}e\x{301}e\x{301}e\x{301}e\x{301}e\x{301}e\x{301}e\x{301}e\x{301}e\x{301}e\x{301}e\x{301}e\x{301}e\x{301}e\x{301}e\x{301}e\x{301}e\x{301}e\x{301}e\x{301}e\x{301}e\x{301}e\x{301}e\x{301}e\x{301}e\x{301}e\x{301}e\x{301}e\x{301} e\x{301} e\x{301}e\x{301}e\x{301}e\x{301}e\x{301}e\x{301}e\x{301}e\x{301}e\x{301}e\x{301}e\x{301}e\x{301}e\x{301}e\x{301}e\x{301}e\x{301}e\x{301}e\x{301}e\x{301}e\x{301}e\x{301}e\x{301}e\x{301}e\x{301}e\x{301}e\x{301}e\x{301}e\x{301}e\x{301}e\x{301}e\x{301}e\x{301}e\x{301}e\x{301}e\x{301}e\x{301}e\x{301}e\x{301}e\x{301}e\x{301}e\x{301}e\x{301}e\x{301} e\x{301}e\x{301}e\x{301}e\x{301}e\x{301}e\x{301}e\x{301}e\x{301}e\x{301}e\x{301}e\x{301}e\x{301}e\x{301}e\x{301}e\x{301}e\x{301}e\x{301}e\x{301}e\x{301}e\x{301}e\x{301}e\x{301}e\x{301}e\x{301}e\x{301}e\x{301}e\x{301}e\x{301}e\x{301}e\x{301} e\x{301}e\x{301}e\x{301}e\x{301}e\x{301}e\x{301}e\x{301}e\x{301}e\x{301}e\x{301}e\x{301}e\x{301}e\x{301}e\x{301}e\x{301}e\x{301}e\x{301}e\x{301}e\x{301}e\x{301}e\x{301}e\x{301}"
          text run at (1056,7560) width 0: " "
          text run at (0,7575) width 1056: "e\x{301}e\x{301}e\x{301}e\x{301}e\x{301}e\x{301}e\x{301}e\x{301}e\x{301}e\x{301}e\x{301}e\x{301}e\x{301}e\x{301}e\x{301}e\x{301}e\x{301}e\x{301}e\x{301}e\x{301}e\x{301}e\x{301}e\x{301}e\x{301}e\x{301}e\x{301}e\x{301}e\x{301}e\x{301}e\x{301}e\x{301}e\x{301} e\x{301} e\x{301}e\x{301}e\x{301}e\x{301}e\x{301}e\x{301}e\x{301}e\x{301}e\x{301}e\x{301}e\x{301}e\x{301}e\x{301}e\x{301}e\x{301}e\x{301}e\x{301}e\x{301}e\x{301}e\x{301}e\x{301}e\x{301}e\x{301}e\x{301}e\x{301}e\x{301}e\x{301}e\x{301}e\x{301}e\x{301}e\x{301}e\x{301}e\x{301}e\x{301}e\x{301}e\x{301}e\x{301}e\x{301}e\x{301}e\x{301}e\x{301}e\x{301}e\x{301} e\x{301}e\x{301}e\x{301}e\x{301}e\x{301}e\x{301}e\x{301}e\x{301}e\x{301}e\x{301}e\x{301}e\x{301}e\x{301}e\x{301}e\x{301}e\x{301}e\x{301}e\x{301}e\x{301}e\x{301}e\x{301}e\x{301}e\x{301}e\x{301}e\x{301}e\x{301}e\x{301}e\x{301}e\x{301}e\x{301} e\x{301}e\x{301}e\x{301}e\x{301}e\x{301}e\x{301}e\x{301}e\x{301}e\x{301}e\x{301}e\x{301}e\x{301}e\x{301}e\x{301}e\x{301}e\x{301}e\x{301}e\x{301}e\x{301}e\x{301}e\x{301}e\x{301}"
          text run at (1056,7575) width 0: " "
          text run at (0,7590) width 1056: "e\x{301}e\x{301}e\x{301}e\x{301}e\x{301}e\x{301}e\x{301}e\x{301}e\x{301}e\x{301}e\x{301}e\x{301}e\x{301}e\x{301}e\x{301}e\x{301}e\x{301}e\x{301}e\x{301}e\x{301}e\x{301}e\x{301}e\x{301}e\x{301}e\x{301}e\x{301}e\x{301}e\x{301}e\x{301}e\x{301}e\x{301}e\x{301} e\x{301} e\x{301}e\x{301}e\x{301}e\x{301}e\x{301}e\x{301}e\x{301}e\x{301}e\x{301}e\x{301}e\x{301}e\x{301}e\x{301}e\x{301}e\x{301}e\x{301}e\x{301}e\x{301}e\x{301}e\x{301}e\x{301}e\x{301}e\x{301}e\x{301}e\x{301}e\x{301}e\x{301}e\x{301}e\x{301}e\x{301}e\x{301}e\x{301}e\x{301}e\x{301}e\x{301}e\x{301}e\x{301}e\x{301}e\x{301}e\x{301}e\x{301}e\x{301}e\x{301} e\x{301}e\x{301}e\x{301}e\x{301}e\x{301}e\x{301}e\x{301}e\x{301}e\x{301}e\x{301}e\x{301}e\x{301}e\x{301}e\x{301}e\x{301}e\x{301}e\x{301}e\x{301}e\x{301}e\x{301}e\x{301}e\x{301}e\x{301}e\x{301}e\x{301}e\x{301}e\x{301}e\x{301}e\x{301}e\x{301} e\x{301}e\x{301}e\x{301}e\x{301}e\x{301}e\x{301}e\x{301}e\x{301}e\x{301}e\x{301}e\x{301}e\x{301}e\x{301}e\x{301}e\x{301}e\x{301}e\x{301}e\x{301}e\x{301}e\x{301}e\x{301}e\x{301}"
          text run at (1056,7590) width 0: " "
          text run at (0,7605) width 1056: "e\x{301}e\x{301}e\x{301}e\x{301}e\x{301}e\x{301}e\x{301}e\x{301}e\x{301}e\x{301}e\x{301}e\x{301}e\x{301}e\x{301}e\x{301}e\x{301}e\x{301}e\x{301}e\x{301}e\x{301}e\x{301}e\x{301}e\x{301}e\x{301}e\x{301}e\x{301}e\x{301}e\x{301}e\x{301}e\x{301}e\x{301}e\x{301} e\x{301} e\x{301}e\x{301}e\x{301}e\x{301}e\x{301}e\x{301}e\x{301}e\x{301}e\x{301}e\x{301}e\x{301}e\x{301}e\x{301}e\x{301}e\x{301}e\x{301}e\x{301}e\x{301}e\x{301}e\x{301}e\x{301}e\x{301}e\x{301}e\x{301}e\x{301}e\x{301}e\x{301}e\x{301}e\x{301}e\x{301}e\x{301}e\x{301}e\x{301}e\x{301}e\x{301}e\x{301}e\x{301}e\x{301}e\x{301}e\x{301}e\x{301}e\x{301}e\x{301} e\x{301}e\x{301}e\x{301}e\x{301}e\x{301}e\x{301}e\x{301}e\x{301}e\x{301}e\x{301}e\x{301}e\x{301}e\x{301}e\x{301}e\x{301}e\x{301}e\x{301}e\x{301}e\x{301}e\x{301}e\x{301}e\x{301}e\x{301}e\x{301}e\x{301}e\x{301}e\x{301}e\x{301}e\x{301}e\x{301} e\x{301}e\x{301}e\x{301}e\x{301}e\x{301}e\x{301}e\x{301}e\x{301}e\x{301}e\x{301}e\x{301}e\x{301}e\x{301}e\x{301}e\x{301}e\x{301}e\x{301}e\x{301}e\x{301}e\x{301}e\x{301}e\x{301}"
          text run at (1056,7605) width 0: " "
          text run at (0,7620) width 1056: "e\x{301}e\x{301}e\x{301}e\x{301}e\x{301}e\x{301}e\x{301}e\x{301}e\x{301}e\x{301}e\x{301}e\x{301}e\x{301}e\x{301}e\x{301}e\x{301}e\x{301}e\x{301}e\x{301}e\x{301}e\x{301}e\x{301}e\x{301}e\x{301}e\x{301}e\x{301}e\x{301}e\x{301}e\x{301}e\x{301}e\x{301}e\x{301} e\x{301} e\x{301}e\x{301}e\x{301}e\x{301}e\x{301}e\x{301}e\x{301}e\x{301}e\x{301}e\x{301}e\x{301}e\x{301}e\x{301}e\x{301}e\x{301}e\x{301}e\x{301}e\x{301}e\x{301}e\x{301}e\x{301}e\x{301}e\x{301}e\x{301}e\x{301}e\x{301}e\x{301}e\x{301}e\x{301}e\x{301}e\x{301}e\x{301}e\x{301}e\x{301}e\x{301}e\x{301}e\x{301}e\x{301}e\x{301}e\x{301}e\x{301}e\x{301}e\x{301} e\x{301}e\x{301}e\x{301}e\x{301}e\x{301}e\x{301}e\x{301}e\x{301}e\x{301}e\x{301}e\x{301}e\x{301}e\x{301}e\x{301}e\x{301}e\x{301}e\x{301}e\x{301}e\x{301}e\x{301}e\x{301}e\x{301}e\x{301}e\x{301}e\x{301}e\x{301}e\x{301}e\x{301}e\x{301}e\x{301} e\x{301}e\x{301}e\x{301}e\x{301}e\x{301}e\x{301}e\x{301}e\x{301}e\x{301}e\x{301}e\x{301}e\x{301}e\x{301}e\x{301}e\x{301}e\x{301}e\x{301}e\x{301}e\x{301}e\x{301}e\x{301}e\x{301}"
          text run at (1056,7620) width 0: " "
          text run at (0,7635) width 1056: "e\x{301}e\x{301}e\x{301}e\x{301}e\x{301}e\x{301}e\x{301}e\x{301}e\x{301}e\x{301}e\x{301}e\x{301}e\x{301}e\x{301}e\x{301}e\x{301}e\x{301}e\x{301}e\x{301}e\x{301}e\x{301}e\x{301}e\x{301}e\x{301}e\x{301}e\x{301}e\x{301}e\x{301}e\x{301}e\x{301}e\x{301}e\x{301} e\x{301} e\x{301}e\x{301}e\x{301}e\x{301}e\x{301}e\x{301}e\x{301}e\x{301}e\x{301}e\x{301}e\x{301}e\x{301}e\x{301}e\x{301}e\x{301}e\x{301}e\x{301}e\x{301}e\x{301}e\x{301}e\x{301}e\x{301}e\x{301}e\x{301}e\x{301}e\x{301}e\x{301}e\x{301}e\x{301}e\x{301}e\x{301}e\x{301}e\x{301}e\x{301}e\x{301}e\x{301}e\x{301}e\x{301}e\x{301}e\x{301}e\x{301}e\x{301}e\x{301} e\x{301}e\x{301}e\x{301}e\x{301}e\x{301}e\x{301}e\x{301}e\x{301}e\x{301}e\x{301}e\x{301}e\x{301}e\x{301}e\x{301}e\x{301}e\x{301}e\x{301}e\x{301}e\x{301}e\x{301}e\x{301}e\x{301}e\x{301}e\x{301}e\x{301}e\x{301}e\x{301}e\x{301}e\x{301}e\x{301} e\x{301}e\x{301}e\x{301}e\x{301}e\x{301}e\x{301}e\x{301}e\x{301}e\x{301}e\x{301}e\x{301}e\x{301}e\x{301}e\x{301}e\x{301}e\x{301}e\x{301}e\x{301}e\x{301}e\x{301}e\x{301}e\x{301}"
          text run at (1056,7635) width 0: " "
          text run at (0,7650) width 1056: "e\x{301}e\x{301}e\x{301}e\x{301}e\x{301}e\x{301}e\x{301}e\x{301}e\x{301}e\x{301}e\x{301}e\x{301}e\x{301}e\x{301}e\x{301}e\x{301}e\x{301}e\x{301}e\x{301}e\x{301}e\x{301}e\x{301}e\x{301}e\x{301}e\x{301}e\x{301}e\x{301}e\x{301}e\x{301}e\x{301}e\x{301}e\x{301} e\x{301} e\x{301}e\x{301}e\x{301}e\x{301}e\x{301}e\x{301}e\x{301}e\x{301}e\x{301}e\x{301}e\x{301}e\x{301}e\x{301}e\x{301}e\x{301}e\x{301}e\x{301}e\x{301}e\x{301}e\x{301}e\x{301}e\x{301}e\x{301}e\x{301}e\x{301}e\x{301}e\x{301}e\x{301}e\x{301}e\x{301}e\x{301}e\x{301}e\x{301}e\x{301}e\x{301}e\x{301}e\x{301}e\x{301}e\x{301}e\x{301}e\x{301}e\x{301}e\x{301} e\x{301}e\x{301}e\x{301}e\x{301}e\x{301}e\x{301}e\x{301}e\x{301}e\x{301}e\x{301}e\x{301}e\x{301}e\x{301}e\x{301}e\x{301}e\x{301}e\x{301}e\x{301}e\x{301}e\x{301}e\x{301}e\x{301}e\x{301}e\x{301}e\x{301}e\x{301}e\x{301}e\x{301}e\x{301}e\x{301} e\x{301}e\x{301}e\x{301}e\x{301}e\x{301}e\x{301}e\x{301}e\x{301}e\x{301}e\x{301}e\x{301}e\x{301}e\x{301}e\x{301}e\x{301}e\x{301}e\x{301}e\x{301}e\x{301}e\x{301}e\x{301}e\x{301}"
          text run at (1056,7650) width 0: " "
          text run at (0,7665) width 1056: "e\x{301}e\x{301}e\x{301}e\x{301}e\x{301}e\x{301}e\x{301}e\x{301}e\x{301}e\x{301}e\x{301}e\x{301}e\x{301}e\x{301}e\x{301}e\x{301}e\x{301}e\x{301}e\x{301}e\x{301}e\x{301}e\x{301}e\x{301}e\x{301}e\x{301}e\x{301}e\x{301}e\x{301}e\x{301}e\x{301}e\x{301}e\x{301} e\x{301} e\x{301}e\x{301}e\x{301}e\x{301}e\x{301}e\x{301}e\x{301}e\x{301}e\x{301}e\x{301}e\x{301}e\x{301}e\x{301}e\x{301}e\x{301}e\x{301}e\x{301}e\x{301}e\x{301}e\x{301}e\x{301}e\x{301}e\x{301}e\x{301}e\x{301}e\x{301}e\x{301}e\x{301}e\x{301}e\x{301}e\x{301}e\x{301}e\x{301}e\x{301}e\x{301}e\x{301}e\x{301}e\x{301}e\x{301}e\x{301}e\x{301}e\x{301}e\x{301} e\x{301}e\x{301}e\x{301}e\x{301}e\x{301}e\x{301}e\x{301}e\x{301}e\x{301}e\x{301}e\x{301}e\x{301}e\x{301}e\x{301}e\x{301}e\x{301}e\x{301}e\x{301}e\x{301}e\x{301}e\x{301}e\x{301}e\x{301}e\x{301}e\x{301}e\x{301}e\x{301}e\x{301}e\x{301}e\x{301} e\x{301}e\x{301}e\x{301}e\x{301}e\x{301}e\x{301}e\x{301}e\x{301}e\x{301}e\x{301}e\x{301}e\x{301}e\x{301}e\x{301}e\x{301}e\x{301}e\x{301}e\x{301}e\x{301}e\x{301}e\x{301}e\x{301}"
          text run at (1056,7665) width 0: " "
          text run at (0,7680) width 1056: "e\x{301}e\x{301}e\x{301}e\x{301}e\x{301}e\x{301}e\x{301}e\x{301}e\x{301}e\x{301}e\x{301}e\x{301}e\x{301}e\x{301}e\x{301}e\x{301}e\x{301}e\x{301}e\x{301}e\x{301}e\x{301}e\x{301}e\x{301}e\x{301}e\x{301}e\x{301}e\x{301}e\x{301}e\x{301}e\x{301}e\x{301}e\x{301} e\x{301} e\x{301}e\x{301}e\x{301}e\x{301}e\x{301}e\x{301}e\x{301}e\x{301}e\x{301}e\x{301}e\x{301}e\x{301}e\x{301}e\x{301}e\x{301}e\x{301}e\x{301}e\x{301}e\x{301}e\x{301}e\x{301}e\x{301}e\x{301}e\x{301}e\x{301}e\x{301}e\x{301}e\x{301}e\x{301}e\x{301}e\x{301}e\x{301}e\x{301}e\x{301}e\x{301}e\x{301}e\x{301}e\x{301}e\x{301}e\x{301}e\x{301}e\x{301}e\x{301} e\x{301}e\x{301}e\x{301}e\x{301}e\x{301}e\x{301}e\x{301}e\x{301}e\x{301}e\x{301}e\x{301}e\x{301}e\x{301}e\x{301}e\x{301}e\x{301}e\x{301}e\x{301}e\x{301}e\x{301}e\x{301}e\x{301}e\x{301}e\x{301}e\x{301}e\x{301}e\x{301}e\x{301}e\x{301}e\x{301} e\x{301}e\x{301}e\x{301}e\x{301}e\x{301}e\x{301}e\x{301}e\x{301}e\x{301}e\x{301}e\x{301}e\x{301}e\x{301}e\x{301}e\x{301}e\x{301}e\x{301}e\x{301}e\x{301}e\x{301}e\x{301}e\x{301}"
          text run at (1056,7680) width 0: " "
          text run at (0,7695) width 1056: "e\x{301}e\x{301}e\x{301}e\x{301}e\x{301}e\x{301}e\x{301}e\x{301}e\x{301}e\x{301}e\x{301}e\x{301}e\x{301}e\x{301}e\x{301}e\x{301}e\x{301}e\x{301}e\x{301}e\x{301}e\x{301}e\x{301}e\x{301}e\x{301}e\x{301}e\x{301}e\x{301}e\x{301}e\x{301}e\x{301}e\x{301}e\x{301} e\x{301} e\x{301}e\x{301}e\x{301}e\x{301}e\x{301}e\x{301}e\x{301}e\x{301}e\x{301}e\x{301}e\x{301}e\x{301}e\x{301}e\x{301}e\x{301}e\x{301}e\x{301}e\x{301}e\x{301}e\x{301}e\x{301}e\x{301}e\x{301}e\x{301}e\x{301}e\x{301}e\x{301}e\x{301}e\x{301}e\x{301}e\x{301}e\x{301}e\x{301}e\x{301}e\x{301}e\x{301}e\x{301}e\x{301}e\x{301}e\x{301}e\x{301}e\x{301}e\x{301} e\x{301}e\x{301}e\x{301}e\x{301}e\x{301}e\x{301}e\x{301}e\x{301}e\x{301}e\x{301}e\x{301}e\x{301}e\x{301}e\x{301}e\x{301}e\x{301}e\x{301}e\x{301}e\x{301}e\x{301}e\x{301}e\x{301}e\x{301}e\x{301}e\x{301}e\x{301}e\x{301}e\x{301}e\x{301}e\x{301} e\x{301}e\x{301}e\x{301}e\x{301}e\x{301}e\x{301}e\x{301}e\x{301}e\x{301}e\x{301}e\x{301}e\x{301}e\x{301}e\x{301}e\x{301}e\x{301}e\x{301}e\x{301}e\x{301}e\x{301}e\x{301}e\x{301}"
          text run at (1056,7695) width 0: " "
          text run at (0,7710) width 1056: "e\x{301}e\x{301}e\x{301}e\x{301}e\x{301}e\x{301}e\x{301}e\x{301}e\x{301}e\x{301}e\x{301}e\x{301}e\x{301}e\x{301}e\x{301}e\x{301}e\x{301}e\x{301}e\x{301}e\x{301}e\x{301}e\x{301}e\x{301}e\x{301}e\x{301}e\x{301}e\x{301}e\x{301}e\x{301}e\x{301}e\x{301}e\x{301} e\x{301} e\x{301}e\x{301}e\x{301}e\x{301}e\x{301}e\x{301}e\x{301}e\x{301}e\x{301}e\x{301}e\x{301}e\x{301}e\x{301}e\x{301}e\x{301}e\x{301}e\x{301}e\x{301}e\x{301}e\x{301}e\x{301}e\x{301}e\x{301}e\x{301}e\x{301}e\x{301}e\x{301}e\x{301}e\x{301}e\x{301}e\x{301}e\x{301}e\x{301}e\x{301}e\x{301}e\x{301}e\x{301}e\x{301}e\x{301}e\x{301}e\x{301}e\x{301}e\x{301} e\x{301}e\x{301}e\x{301}e\x{301}e\x{301}e\x{301}e\x{301}e\x{301}e\x{301}e\x{301}e\x{301}e\x{301}e\x{301}e\x{301}e\x{301}e\x{301}e\x{301}e\x{301}e\x{301}e\x{301}e\x{301}e\x{301}e\x{301}e\x{301}e\x{301}e\x{301}e\x{301}e\x{301}e\x{301}e\x{301} e\x{301}e\x{301}e\x{301}e\x{301}e\x{301}e\x{301}e\x{301}e\x{301}e\x{301}e\x{301}e\x{301}e\x{301}e\x{301}e\x{301}e\x{301}e\x{301}e\x{301}e\x{301}e\x{301}e\x{301}e\x{301}e\x{301}"
          text run at (1056,7710) width 0: " "
          text run at (0,7725) width 1056: "e\x{301}e\x{301}e\x{301}e\x{301}e\x{301}e\x{301}e\x{301}e\x{301}e\x{301}e\x{301}e\x{301}e\x{301}e\x{301}e\x{301}e\x{301}e\x{301}e\x{301}e\x{301}e\x{301}e\x{301}e\x{301}e\x{301}e\x{301}e\x{301}e\x{301}e\x{301}e\x{301}e\x{301}e\x{301}e\x{301}e\x{301}e\x{301} e\x{301} e\x{301}e\x{301}e\x{301}e\x{301}e\x{301}e\x{301}e\x{301}e\x{301}e\x{301}e\x{301}e\x{301}e\x{301}e\x{301}e\x{301}e\x{301}e\x{301}e\x{301}e\x{301}e\x{301}e\x{301}e\x{301}e\x{301}e\x{301}e\x{301}e\x{301}e\x{301}e\x{301}e\x{301}e\x{301}e\x{301}e\x{301}e\x{301}e\x{301}e\x{301}e\x{301}e\x{301}e\x{301}e\x{301}e\x{301}e\x{301}e\x{301}e\x{301}e\x{301} e\x{301}e\x{301}e\x{301}e\x{301}e\x{301}e\x{301}e\x{301}e\x{301}e\x{301}e\x{301}e\x{301}e\x{301}e\x{301}e\x{301}e\x{301}e\x{301}e\x{301}e\x{301}e\x{301}e\x{301}e\x{301}e\x{301}e\x{301}e\x{301}e\x{301}e\x{301}e\x{301}e\x{301}e\x{301}e\x{301} e\x{301}e\x{301}e\x{301}e\x{301}e\x{301}e\x{301}e\x{301}e\x{301}e\x{301}e\x{301}e\x{301}e\x{301}e\x{301}e\x{301}e\x{301}e\x{301}e\x{301}e\x{301}e\x{301}e\x{301}e\x{301}e\x{301}"
          text run at (1056,7725) width 0: " "
          text run at (0,7740) width 1056: "e\x{301}e\x{301}e\x{301}e\x{301}e\x{301}e\x{301}e\x{301}e\x{301}e\x{301}e\x{301}e\x{301}e\x{301}e\x{301}e\x{301}e\x{301}e\x{301}e\x{301}e\x{301}e\x{301}e\x{301}e\x{301}e\x{301}e\x{301}e\x{301}e\x{301}e\x{301}e\x{301}e\x{301}e\x{301}e\x{301}e\x{301}e\x{301} e\x{301} e\x{301}e\x{301}e\x{301}e\x{301}e\x{301}e\x{301}e\x{301}e\x{301}e\x{301}e\x{301}e\x{301}e\x{301}e\x{301}e\x{301}e\x{301}e\x{301}e\x{301}e\x{301}e\x{301}e\x{301}e\x{301}e\x{301}e\x{301}e\x{301}e\x{301}e\x{301}e\x{301}e\x{301}e\x{301}e\x{301}e\x{301}e\x{301}e\x{301}e\x{301}e\x{301}e\x{301}e\x{301}e\x{301}e\x{301}e\x{301}e\x{301}e\x{301}e\x{301} e\x{301}e\x{301}e\x{301}e\x{301}e\x{301}e\x{301}e\x{301}e\x{301}e\x{301}e\x{301}e\x{301}e\x{301}e\x{301}e\x{301}e\x{301}e\x{301}e\x{301}e\x{301}e\x{301}e\x{301}e\x{301}e\x{301}e\x{301}e\x{301}e\x{301}e\x{301}e\x{301}e\x{301}e\x{301}e\x{301} e\x{301}e\x{301}e\x{301}e\x{301}e\x{301}e\x{301}e\x{301}e\x{301}e\x{301}e\x{301}e\x{301}e\x{301}e\x{301}e\x{301}e\x{301}e\x{301}e\x{301}e\x{301}e\x{301}e\x{301}e\x{301}e\x{301}"
          text run at (1056,7740) width 0: " "
          text run at (0,7755) width 1056: "e\x{301}e\x{301}e\x{301}e\x{301}e\x{301}e\x{301}e\x{301}e\x{301}e\x{301}e\x{301}e\x{301}e\x{301}e\x{301}e\x{301}e\x{301}e\x{301}e\x{301}e\x{301}e\x{301}e\x{301}e\x{301}e\x{301}e\x{301}e\x{301}e\x{301}e\x{301}e\x{301}e\x{301}e\x{301}e\x{301}e\x{301}e\x{301} e\x{301} e\x{301}e\x{301}e\x{301}e\x{301}e\x{301}e\x{301}e\x{301}e\x{301}e\x{301}e\x{301}e\x{301}e\x{301}e\x{301}e\x{301}e\x{301}e\x{301}e\x{301}e\x{301}e\x{301}e\x{301}e\x{301}e\x{301}e\x{301}e\x{301}e\x{301}e\x{301}e\x{301}e\x{301}e\x{301}e\x{301}e\x{301}e\x{301}e\x{301}e\x{301}e\x{301}e\x{301}e\x{301}e\x{301}e\x{301}e\x{301}e\x{301}e\x{301}e\x{301} e\x{301}e\x{301}e\x{301}e\x{301}e\x{301}e\x{301}e\x{301}e\x{301}e\x{301}e\x{301}e\x{301}e\x{301}e\x{301}e\x{301}e\x{301}e\x{301}e\x{301}e\x{301}e\x{301}e\x{301}e\x{301}e\x{301}e\x{301}e\x{301}e\x{301}e\x{301}e\x{301}e\x{301}e\x{301}e\x{301} e\x{301}e\x{301}e\x{301}e\x{301}e\x{301}e\x{301}e\x{301}e\x{301}e\x{301}e\x{301}e\x{301}e\x{301}e\x{301}e\x{301}e\x{301}e\x{301}e\x{301}e\x{301}e\x{301}e\x{301}e\x{301}e\x{301}"
          text run at (1056,7755) width 0: " "
          text run at (0,7770) width 1056: "e\x{301}e\x{301}e\x{301}e\x{301}e\x{301}e\x{301}e\x{301}e\x{301}e\x{301}e\x{301}e\x{301}e\x{301}e\x{301}e\x{301}e\x{301}e\x{301}e\x{301}e\x{301}e\x{301}e\x{301}e\x{301}e\x{301}e\x{301}e\x{301}e\x{301}e\x{301}e\x{301}e\x{301}e\x{301}e\x{301}e\x{301}e\x{301} e\x{301} e\x{301}e\x{301}e\x{301}e\x{301}e\x{301}e\x{301}e\x{301}e\x{301}e\x{301}e\x{301}e\x{301}e\x{301}e\x{301}e\x{301}e\x{301}e\x{301}e\x{301}e\x{301}e\x{301}e\x{301}e\x{301}e\x{301}e\x{301}e\x{301}e\x{301}e\x{301}e\x{301}e\x{301}e\x{301}e\x{301}e\x{301}e\x{301}e\x{301}e\x{301}e\x{301}e\x{301}e\x{301}e\x{301}e\x{301}e\x{301}e\x{301}e\x{301}e\x{301} e\x{301}e\x{301}e\x{301}e\x{301}e\x{301}e\x{301}e\x{301}e\x{301}e\x{301}e\x{301}e\x{301}e\x{301}e\x{301}e\x{301}e\x{301}e\x{301}e\x{301}e\x{301}e\x{301}e\x{301}e\x{301}e\x{301}e\x{301}e\x{301}e\x{301}e\x{301}e\x{301}e\x{301}e\x{301}e\x{301} e\x{301}e\x{301}e\x{301}e\x{301}e\x{301}e\x{301}e\x{301}e\x{301}e\x{301}e\x{301}e\x{301}e\x{301}e\x{301}e\x{301}e\x{301}e\x{301}e\x{301}e\x{301}e\x{301}e\x{301}e\x{301}e\x{301}"
          text run at (1056,7770) width 0: " "
          text run at (0,7785) width 1056: "e\x{301}e\x{301}e\x{301}e\x{301}e\x{301}e\x{301}e\x{301}e\x{301}e\x{301}e\x{301}e\x{301}e\x{301}e\x{301}e\x{301}e\x{301}e\x{301}e\x{301}e\x{301}e\x{301}e\x{301}e\x{301}e\x{301}e\x{301}e\x{301}e\x{301}e\x{301}e\x{301}e\x{301}e\x{301}e\x{301}e\x{301}e\x{301} e\x{301} e\x{301}e\x{301}e\x{301}e\x{301}e\x{301}e\x{301}e\x{301}e\x{301}e\x{301}e\x{301}e\x{301}e\x{301}e\x{301}e\x{301}e\x{301}e\x{301}e\x{301}e\x{301}e\x{301}e\x{301}e\x{301}e\x{301}e\x{301}e\x{301}e\x{301}e\x{301}e\x{301}e\x{301}e\x{301}e\x{301}e\x{301}e\x{301}e\x{301}e\x{301}e\x{301}e\x{301}e\x{301}e\x{301}e\x{301}e\x{301}e\x{301}e\x{301}e\x{301} e\x{301}e\x{301}e\x{301}e\x{301}e\x{301}e\x{301}e\x{301}e\x{301}e\x{301}e\x{301}e\x{301}e\x{301}e\x{301}e\x{301}e\x{301}e\x{301}e\x{301}e\x{301}e\x{301}e\x{301}e\x{301}e\x{301}e\x{301}e\x{301}e\x{301}e\x{301}e\x{301}e\x{301}e\x{301}e\x{301} e\x{301}e\x{301}e\x{301}e\x{301}e\x{301}e\x{301}e\x{301}e\x{301}e\x{301}e\x{301}e\x{301}e\x{301}e\x{301}e\x{301}e\x{301}e\x{301}e\x{301}e\x{301}e\x{301}e\x{301}e\x{301}e\x{301}"
          text run at (1056,7785) width 0: " "
          text run at (0,7800) width 1056: "e\x{301}e\x{301}e\x{301}e\x{301}e\x{301}e\x{301}e\x{301}e\x{301}e\x{301}e\x{301}e\x{301}e\x{301}e\x{301}e\x{301}e\x{301}e\x{301}e\x{301}e\x{301}e\x{301}e\x{301}e\x{301}e\x{301}e\x{301}e\x{301}e\x{301}e\x{301}e\x{301}e\x{301}e\x{301}e\x{301}e\x{301}e\x{301} e\x{301} e\x{301}e\x{301}e\x{301}e\x{301}e\x{301}e\x{301}e\x{301}e\x{301}e\x{301}e\x{301}e\x{301}e\x{301}e\x{301}e\x{301}e\x{301}e\x{301}e\x{301}e\x{301}e\x{301}e\x{301}e\x{301}e\x{301}e\x{301}e\x{301}e\x{301}e\x{301}e\x{301}e\x{301}e\x{301}e\x{301}e\x{301}e\x{301}e\x{301}e\x{301}e\x{301}e\x{301}e\x{301}e\x{301}e\x{301}e\x{301}e\x{301}e\x{301}e\x{301} e\x{301}e\x{301}e\x{301}e\x{301}e\x{301}e\x{301}e\x{301}e\x{301}e\x{301}e\x{301}e\x{301}e\x{301}e\x{301}e\x{301}e\x{301}e\x{301}e\x{301}e\x{301}e\x{301}e\x{301}e\x{301}e\x{301}e\x{301}e\x{301}e\x{301}e\x{301}e\x{301}e\x{301}e\x{301}e\x{301} e\x{301}e\x{301}e\x{301}e\x{301}e\x{301}e\x{301}e\x{301}e\x{301}e\x{301}e\x{301}e\x{301}e\x{301}e\x{301}e\x{301}e\x{301}e\x{301}e\x{301}e\x{301}e\x{301}e\x{301}e\x{301}e\x{301}"
          text run at (1056,7800) width 0: " "
          text run at (0,7815) width 1056: "e\x{301}e\x{301}e\x{301}e\x{301}e\x{301}e\x{301}e\x{301}e\x{301}e\x{301}e\x{301}e\x{301}e\x{301}e\x{301}e\x{301}e\x{301}e\x{301}e\x{301}e\x{301}e\x{301}e\x{301}e\x{301}e\x{301}e\x{301}e\x{301}e\x{301}e\x{301}e\x{301}e\x{301}e\x{301}e\x{301}e\x{301}e\x{301} e\x{301} e\x{301}e\x{301}e\x{301}e\x{301}e\x{301}e\x{301}e\x{301}e\x{301}e\x{301}e\x{301}e\x{301}e\x{301}e\x{301}e\x{301}e\x{301}e\x{301}e\x{301}e\x{301}e\x{301}e\x{301}e\x{301}e\x{301}e\x{301}e\x{301}e\x{301}e\x{301}e\x{301}e\x{301}e\x{301}e\x{301}e\x{301}e\x{301}e\x{301}e\x{301}e\x{301}e\x{301}e\x{301}e\x{301}e\x{301}e\x{301}e\x{301}e\x{301}e\x{301} e\x{301}e\x{301}e\x{301}e\x{301}e\x{301}e\x{301}e\x{301}e\x{301}e\x{301}e\x{301}e\x{301}e\x{301}e\x{301}e\x{301}e\x{301}e\x{301}e\x{301}e\x{301}e\x{301}e\x{301}e\x{301}e\x{301}e\x{301}e\x{301}e\x{301}e\x{301}e\x{301}e\x{301}e\x{301}e\x{301} e\x{301}e\x{301}e\x{301}e\x{301}e\x{301}e\x{301}e\x{301}e\x{301}e\x{301}e\x{301}e\x{301}e\x{301}e\x{301}e\x{301}e\x{301}e\x{301}e\x{301}e\x{301}e\x{301}e\x{301}e\x{301}e\x{301}"
          text run at (1056,7815) width 0: " "
          text run at (0,7830) width 1056: "e\x{301}e\x{301}e\x{301}e\x{301}e\x{301}e\x{301}e\x{301}e\x{301}e\x{301}e\x{301}e\x{301}e\x{301}e\x{301}e\x{301}e\x{301}e\x{301}e\x{301}e\x{301}e\x{301}e\x{301}e\x{301}e\x{301}e\x{301}e\x{301}e\x{301}e\x{301}e\x{301}e\x{301}e\x{301}e\x{301}e\x{301}e\x{301} e\x{301} e\x{301}e\x{301}e\x{301}e\x{301}e\x{301}e\x{301}e\x{301}e\x{301}e\x{301}e\x{301}e\x{301}e\x{301}e\x{301}e\x{301}e\x{301}e\x{301}e\x{301}e\x{301}e\x{301}e\x{301}e\x{301}e\x{301}e\x{301}e\x{301}e\x{301}e\x{301}e\x{301}e\x{301}e\x{301}e\x{301}e\x{301}e\x{301}e\x{301}e\x{301}e\x{301}e\x{301}e\x{301}e\x{301}e\x{301}e\x{301}e\x{301}e\x{301}e\x{301} e\x{301}e\x{301}e\x{301}e\x{301}e\x{301}e\x{301}e\x{301}e\x{301}e\x{301}e\x{301}e\x{301}e\x{301}e\x{301}e\x{301}e\x{301}e\x{301}e\x{301}e\x{301}e\x{301}e\x{301}e\x{301}e\x{301}e\x{301}e\x{301}e\x{301}e\x{301}e\x{301}e\x{301}e\x{301}e\x{301} e\x{301}e\x{301}e\x{301}e\x{301}e\x{301}e\x{301}e\x{301}e\x{301}e\x{301}e\x{301}e\x{301}e\x{301}e\x{301}e\x{301}e\x{301}e\x{301}e\x{301}e\x{301}e\x{301}e\x{301}e\x{301}e\x{301}"
          text run at (1056,7830) width 0: " "
          text run at (0,7845) width 1056: "e\x{301}e\x{301}e\x{301}e\x{301}e\x{301}e\x{301}e\x{301}e\x{301}e\x{301}e\x{301}e\x{301}e\x{301}e\x{301}e\x{301}e\x{301}e\x{301}e\x{301}e\x{301}e\x{301}e\x{301}e\x{301}e\x{301}e\x{301}e\x{301}e\x{301}e\x{301}e\x{301}e\x{301}e\x{301}e\x{301}e\x{301}e\x{301} e\x{301} e\x{301}e\x{301}e\x{301}e\x{301}e\x{301}e\x{301}e\x{301}e\x{301}e\x{301}e\x{301}e\x{301}e\x{301}e\x{301}e\x{301}e\x{301}e\x{301}e\x{301}e\x{301}e\x{301}e\x{301}e\x{301}e\x{301}e\x{301}e\x{301}e\x{301}e\x{301}e\x{301}e\x{301}e\x{301}e\x{301}e\x{301}e\x{301}e\x{301}e\x{301}e\x{301}e\x{301}e\x{301}e\x{301}e\x{301}e\x{301}e\x{301}e\x{301}e\x{301} e\x{301}e\x{301}e\x{301}e\x{301}e\x{301}e\x{301}e\x{301}e\x{301}e\x{301}e\x{301}e\x{301}e\x{301}e\x{301}e\x{301}e\x{301}e\x{301}e\x{301}e\x{301}e\x{301}e\x{301}e\x{301}e\x{301}e\x{301}e\x{301}e\x{301}e\x{301}e\x{301}e\x{301}e\x{301}e\x{301} e\x{301}e\x{301}e\x{301}e\x{301}e\x{301}e\x{301}e\x{301}e\x{301}e\x{301}e\x{301}e\x{301}e\x{301}e\x{301}e\x{301}e\x{301}e\x{301}e\x{301}e\x{301}e\x{301}e\x{301}e\x{301}e\x{301}"
          text run at (1056,7845) width 0: " "
          text run at (0,7860) width 1056: "e\x{301}e\x{301}e\x{301}e\x{301}e\x{301}e\x{301}e\x{301}e\x{301}e\x{301}e\x{301}e\x{301}e\x{301}e\x{301}e\x{301}e\x{301}e\x{301}e\x{301}e\x{301}e\x{301}e\x{301}e\x{301}e\x{301}e\x{301}e\x{301}e\x{301}e\x{301}e\x{301}e\x{301}e\x{301}e\x{301}e\x{301}e\x{301} e\x{301} e\x{301}e\x{301}e\x{301}e\x{301}e\x{301}e\x{301}e\x{301}e\x{301}e\x{301}e\x{301}e\x{301}e\x{301}e\x{301}e\x{301}e\x{301}e\x{301}e\x{301}e\x{301}e\x{301}e\x{301}e\x{301}e\x{301}e\x{301}e\x{301}e\x{301}e\x{301}e\x{301}e\x{301}e\x{301}e\x{301}e\x{301}e\x{301}e\x{301}e\x{301}e\x{301}e\x{301}e\x{301}e\x{301}e\x{301}e\x{301}e\x{301}e\x{301}e\x{301} e\x{301}e\x{301}e\x{301}e\x{301}e\x{301}e\x{301}e\x{301}e\x{301}e\x{301}e\x{301}e\x{301}e\x{301}e\x{301}e\x{301}e\x{301}e\x{301}e\x{301}e\x{301}e\x{301}e\x{301}e\x{301}e\x{301}e\x{301}e\x{301}e\x{301}e\x{301}e\x{301}e\x{301}e\x{301}e\x{301} e\x{301}e\x{301}e\x{301}e\x{301}e\x{301}e\x{301}e\x{301}e\x{301}e\x{301}e\x{301}e\x{301}e\x{301}e\x{301}e\x{301}e\x{301}e\x{301}e\x{301}e\x{301}e\x{301}e\x{301}e\x{301}e\x{301}"
          text run at (1056,7860) width 0: " "
          text run at (0,7875) width 1056: "e\x{301}e\x{301}e\x{301}e\x{301}e\x{301}e\x{301}e\x{301}e\x{301}e\x{301}e\x{301}e\x{301}e\x{301}e\x{301}e\x{301}e\x{301}e\x{301}e\x{301}e\x{301}e\x{301}e\x{301}e\x{301}e\x{301}e\x{301}e\x{301}e\x{301}e\x{301}e\x{301}e\x{301}e\x{301}e\x{301}e\x{301}e\x{301} e\x{301} e\x{301}e\x{301}e\x{301}e\x{301}e\x{301}e\x{301}e\x{301}e\x{301}e\x{301}e\x{301}e\x{301}e\x{301}e\x{301}e\x{301}e\x{301}e\x{301}e\x{301}e\x{301}e\x{301}e\x{301}e\x{301}e\x{301}e\x{301}e\x{301}e\x{301}e\x{301}e\x{301}e\x{301}e\x{301}e\x{301}e\x{301}e\x{301}e\x{301}e\x{301}e\x{301}e\x{301}e\x{301}e\x{301}e\x{301}e\x{301}e\x{301}e\x{301}e\x{301} e\x{301}e\x{301}e\x{301}e\x{301}e\x{301}e\x{301}e\x{301}e\x{301}e\x{301}e\x{301}e\x{301}e\x{301}e\x{301}e\x{301}e\x{301}e\x{301}e\x{301}e\x{301}e\x{301}e\x{301}e\x{301}e\x{301}e\x{301}e\x{301}e\x{301}e\x{301}e\x{301}e\x{301}e\x{301}e\x{301} e\x{301}e\x{301}e\x{301}e\x{301}e\x{301}e\x{301}e\x{301}e\x{301}e\x{301}e\x{301}e\x{301}e\x{301}e\x{301}e\x{301}e\x{301}e\x{301}e\x{301}e\x{301}e\x{301}e\x{301}e\x{301}e\x{301}"
          text run at (1056,7875) width 0: " "
          text run at (0,7890) width 1056: "e\x{301}e\x{301}e\x{301}e\x{301}e\x{301}e\x{301}e\x{301}e\x{301}e\x{301}e\x{301}e\x{301}e\x{301}e\x{301}e\x{301}e\x{301}e\x{301}e\x{301}e\x{301}e\x{301}e\x{301}e\x{301}e\x{301}e\x{301}e\x{301}e\x{301}e\x{301}e\x{301}e\x{301}e\x{301}e\x{301}e\x{301}e\x{301} e\x{301} e\x{301}e\x{301}e\x{301}e\x{301}e\x{301}e\x{301}e\x{301}e\x{301}e\x{301}e\x{301}e\x{301}e\x{301}e\x{301}e\x{301}e\x{301}e\x{301}e\x{301}e\x{301}e\x{301}e\x{301}e\x{301}e\x{301}e\x{301}e\x{301}e\x{301}e\x{301}e\x{301}e\x{301}e\x{301}e\x{301}e\x{301}e\x{301}e\x{301}e\x{301}e\x{301}e\x{301}e\x{301}e\x{301}e\x{301}e\x{301}e\x{301}e\x{301}e\x{301} e\x{301}e\x{301}e\x{301}e\x{301}e\x{301}e\x{301}e\x{301}e\x{301}e\x{301}e\x{301}e\x{301}e\x{301}e\x{301}e\x{301}e\x{301}e\x{301}e\x{301}e\x{301}e\x{301}e\x{301}e\x{301}e\x{301}e\x{301}e\x{301}e\x{301}e\x{301}e\x{301}e\x{301}e\x{301}e\x{301} e\x{301}e\x{301}e\x{301}e\x{301}e\x{301}e\x{301}e\x{301}e\x{301}e\x{301}e\x{301}e\x{301}e\x{301}e\x{301}e\x{301}e\x{301}e\x{301}e\x{301}e\x{301}e\x{301}e\x{301}e\x{301}e\x{301}"
          text run at (1056,7890) width 0: " "
