layer at (0,0) size 800x600
  RenderView at (0,0) size 800x600
layer at (0,0) size 800x600
  RenderBlock {HTML} at (0,0) size 800x600
    RenderBody {BODY} at (8,8) size 784x584
      RenderBlock {DIV} at (0,0) size 186x129 [border: (3px solid #0000FF)]
        RenderText {#text} at (3,3) size 156x123
          text run at (3,3) width 156: "\x{D83C}\x{DDEF}\x{D83C}\x{DDF5}\x{D83C}\x{DDEF}\x{D83C}\x{DDF5}\x{D83C}\x{DDEF}\x{D83C}\x{DDF5}"
          text run at (3,44) width 156: "\x{D83C}\x{DDEF}\x{D83C}\x{DDF5}\x{D83C}\x{DDEF}\x{D83C}\x{DDF5}\x{D83C}\x{DDEF}\x{D83C}\x{DDF5}"
          text run at (3,85) width 104: "\x{D83C}\x{DDEF}\x{D83C}\x{DDF5}\x{D83C}\x{DDEF}\x{D83C}\x{DDF5}"
