layer at (0,0) size 800x600
  RenderView at (0,0) size 800x600
layer at (0,0) size 800x600
  RenderBlock {HTML} at (0,0) size 800x600
    RenderBody {BODY} at (8,8) size 784x584
      RenderBlock {DIV} at (0,0) size 186x88 [border: (3px solid #0000FF)]
        RenderText {#text} at (3,3) size 156x82
          text run at (3,3) width 156: "\x{D834}\x{DD10}\x{D834}\x{DD10}\x{D834}\x{DD10}\x{D834}\x{DD10}\x{D834}\x{DD10}\x{D834}\x{DD10}"
          text run at (3,44) width 104: "\x{D834}\x{DD10}\x{D834}\x{DD10}\x{D834}\x{DD10}\x{D834}\x{DD10}"
