layer at (0,0) size 800x600
  RenderView at (0,0) size 800x600
layer at (0,0) size 800x600
  RenderBlock {HTML} at (0,0) size 800x600
    RenderBody {BODY} at (8,8) size 784x576
      RenderBlock {P} at (0,0) size 784x36
        RenderText {#text} at (0,0) size 52x17
          text run at (0,0) width 52: "Test for "
        RenderInline {I} at (0,0) size 730x35
          RenderInline {A} at (0,0) size 301x17 [color=#0000EE]
            RenderText {#text} at (52,0) size 301x17
              text run at (52,0) width 301: "http://bugs.webkit.org/show_bug.cgi?id=13156"
          RenderText {#text} at (353,0) size 730x35
            text run at (353,0) width 4: " "
            text run at (357,0) width 373: "REGRESSION (r19621): Pasting breakable content where"
            text run at (0,18) width 492: "wrapped line is too long to fit in a textarea fails to draw a horizontal scrollbar"
        RenderText {#text} at (492,18) size 4x17
          text run at (492,18) width 4: "."
      RenderBlock {P} at (0,52) size 784x36
        RenderText {#text} at (0,0) size 780x35
          text run at (0,0) width 780: "This tests that a line break will occur in the middle of the first word on a line if it\x{2019}s too long to fit on the line. The behavior is"
          text run at (0,18) width 619: "tested after breakable characters (question mark and hyphen), after a space and after a soft hyphen."
      RenderBlock {P} at (0,104) size 784x18
        RenderText {#text} at (0,0) size 261x17
          text run at (0,0) width 261: "The following blocks should be identical."
      RenderBlock (floating) {DIV} at (4,142) size 300x162 [bgcolor=#FFFFE0]
        RenderText {#text} at (0,0) size 300x161
          text run at (0,0) width 186: "Curabiturpretium,quamquiss?"
          text run at (0,18) width 298: "empermalesuada,estliberofeugiatlibero,velfringi"
          text run at (0,36) width 131: "llaorcinibhsedneque-"
          text run at (0,54) width 300: "Quisqueeunullanonnisimolestieaccumsan.Etiam"
          text run at (0,72) width 191: "tellusurna,laoreetac,laoreetnon"
          text run at (0,90) width 298: "suscipitsed,sapien.Phasellusvehicula,sematposu"
          text run at (0,108) width 222: "erevehicula,auguenibhmolestienisl\x{AD}" + hyphen string "\x{2010}"
          text run at (0,126) width 298: "necullamcorperlacusantevulputatepede.Nascetu"
          text run at (0,144) width 89: "rridiculusmus."
      RenderBlock (floating) {DIV} at (312,142) size 300x162 [bgcolor=#FFFFE0]
        RenderText {#text} at (0,0) size 186x17
          text run at (0,0) width 186: "Curabiturpretium,quamquiss?"
        RenderBR {BR} at (186,0) size 0x17
        RenderText {#text} at (0,18) size 298x17
          text run at (0,18) width 298: "empermalesuada,estliberofeugiatlibero,velfringi"
        RenderBR {BR} at (298,18) size 0x17
        RenderText {#text} at (0,36) size 131x17
          text run at (0,36) width 131: "llaorcinibhsedneque-"
        RenderBR {BR} at (131,36) size 0x17
        RenderText {#text} at (0,54) size 300x17
          text run at (0,54) width 300: "Quisqueeunullanonnisimolestieaccumsan.Etiam"
        RenderBR {BR} at (300,54) size 0x17
        RenderText {#text} at (0,72) size 191x17
          text run at (0,72) width 191: "tellusurna,laoreetac,laoreetnon"
        RenderBR {BR} at (191,72) size 0x17
        RenderText {#text} at (0,90) size 298x17
          text run at (0,90) width 298: "suscipitsed,sapien.Phasellusvehicula,sematposu"
        RenderBR {BR} at (298,90) size 0x17
        RenderText {#text} at (0,108) size 221x17
          text run at (0,108) width 221: "erevehicula,auguenibhmolestienisl-"
        RenderBR {BR} at (221,108) size 0x17
        RenderText {#text} at (0,126) size 298x17
          text run at (0,126) width 298: "necullamcorperlacusantevulputatepede.Nascetu"
        RenderBR {BR} at (298,126) size 0x17
        RenderText {#text} at (0,144) size 89x17
          text run at (0,144) width 89: "rridiculusmus."
