layer at (0,0) size 800x600
  RenderView at (0,0) size 800x600
layer at (0,0) size 800x211
  RenderBlock {HTML} at (0,0) size 800x212
    RenderBody {BODY} at (8,16) size 784x188
      RenderBlock {P} at (0,0) size 784x36
        RenderText {#text} at (0,0) size 760x36
          text run at (0,0) width 760: "This tests line break on vertical text. The test should be run on a cold font cache and refreshing the page should not show"
          text run at (0,18) width 67: "difference."
      RenderBlock {DIV} at (0,52) size 98x136
        RenderText {#text} at (0,16) size 46x120
          text run at (0,16) width 119 RTL: "\x{5D0}\x{5E0}\x{5D9} \x{5D7}\x{5EA}\x{5D5}\x{5DC}. \x{5D0}\x{5D9}\x{5DF}"
          text run at (23,71) width 64 RTL: "\x{5DC}\x{5D9} \x{5E9}\x{5DD}."
