layer at (0,0) size 800x600
  RenderView at (0,0) size 800x600
layer at (0,0) size 800x600
  RenderBlock {HTML} at (0,0) size 800x600
    RenderBody {BODY} at (8,8) size 784x584
      RenderBlock {P} at (0,0) size 784x18
        RenderText {#text} at (0,0) size 53x18
          text run at (0,0) width 53: "Test for "
        RenderInline {I} at (0,0) size 601x18
          RenderInline {A} at (0,0) size 301x18 [color=#0000EE]
            RenderText {#text} at (53,0) size 301x18
              text run at (53,0) width 301: "http://bugs.webkit.org/show_bug.cgi?id=13178"
          RenderText {#text} at (354,0) size 300x18
            text run at (354,0) width 4: " "
            text run at (358,0) width 296: "Helvetica zero-width space has non-zero width"
        RenderText {#text} at (654,0) size 4x18
          text run at (654,0) width 4: "."
      RenderBlock {P} at (0,34) size 784x18
        RenderText {#text} at (0,0) size 268x18
          text run at (0,0) width 268: "The following lines should all be identical."
      RenderBlock {DIV} at (0,68) size 784x41
        RenderText {#text} at (0,0) size 386x41
          text run at (0,0) width 386: "Lor\x{E9}m\x{200B}ipsum\x{200E}dolor\x{1F}sit"
      RenderBlock {DIV} at (0,109) size 784x41
        RenderText {#text} at (0,0) size 386x41
          text run at (0,0) width 386: "Lore\x{301}m\x{200B}ipsum\x{200E}dolor\x{1F}sit"
      RenderBlock {DIV} at (0,150) size 784x41
        RenderText {#text} at (0,0) size 386x41
          text run at (0,0) width 386: "Lor\x{E9}mipsumdolorsit"
