layer at (0,0) size 785x3415
  RenderView at (0,0) size 785x600
layer at (0,0) size 785x3415
  RenderBlock {HTML} at (0,0) size 785x3415
    RenderBody {BODY} at (8,16) size 769x3383
layer at (8,16) size 760x401
  RenderBlock {DIV} at (0,0) size 760x401 [border: (5px solid #800000)]
    RenderBlock {H2} at (5,24) size 750x28 [bgcolor=#EEEEEE]
      RenderText {#text} at (0,0) size 666x26
        text run at (0,0) width 666: "This is a spanning element at the beginning of the columns block."
    RenderMultiColumnSet at (5,71) size 750x325
layer at (13,21) size 367x630
  RenderMultiColumnFlowThread at (5,5) size 367x630
    RenderMultiColumnSpannerPlaceholder at (0,0) size 0x0
    RenderBlock (anonymous) at (0,0) size 367x630
      RenderText {#text} at (0,0) size 367x629
        text run at (0,0) width 364: "Lorem ipsum dolor sit amet, consectetuer adipiscing elit."
        text run at (0,18) width 362: "Nulla varius enim ac mi. Curabitur sollicitudin felis quis"
        text run at (0,36) width 332: "lectus. Quisque adipiscing rhoncus sem. Proin nulla"
        text run at (0,54) width 367: "purus, vulputate vel, varius ut, euismod et, nisi. Sed vitae"
        text run at (0,72) width 354: "felis vel orci sagittis aliquam. Cras convallis adipiscing"
        text run at (0,90) width 347: "sem. Nam nonummy enim. Nullam bibendum lobortis"
        text run at (0,108) width 351: "neque. Vestibulum velit orci, tempus euismod, pretium"
        text run at (0,126) width 353: "quis, interdum vitae, nulla. Phasellus eget ante et tortor"
        text run at (0,144) width 351: "condimentum vestibulum. Suspendisse hendrerit quam"
        text run at (0,162) width 333: "nec felis. Sed varius turpis vitae pede. Lorem ipsum"
        text run at (0,180) width 279: "dolor sit amet, consectetuer adipiscing elit. "
        text run at (278,180) width 86: "Lorem ipsum"
        text run at (0,198) width 357: "dolor sit amet, consectetuer adipiscing elit. Nulla varius"
        text run at (0,216) width 324: "enim ac mi. Curabitur sollicitudin felis quis lectus."
        text run at (0,234) width 330: "Quisque adipiscing rhoncus sem. Proin nulla purus,"
        text run at (0,252) width 355: "vulputate vel, varius ut, euismod et, nisi. Sed vitae felis"
        text run at (0,270) width 356: "vel orci sagittis aliquam. Cras convallis adipiscing sem."
        text run at (0,288) width 360: "Nam nonummy enim. Nullam bibendum lobortis neque."
        text run at (0,306) width 340: "Vestibulum velit orci, tempus euismod, pretium quis,"
        text run at (0,324) width 318: "interdum vitae, nulla. Phasellus eget ante et tortor"
        text run at (0,342) width 351: "condimentum vestibulum. Suspendisse hendrerit quam"
        text run at (0,360) width 333: "nec felis. Sed varius turpis vitae pede. Lorem ipsum"
        text run at (0,378) width 279: "dolor sit amet, consectetuer adipiscing elit. "
        text run at (278,378) width 86: "Lorem ipsum"
        text run at (0,396) width 357: "dolor sit amet, consectetuer adipiscing elit. Nulla varius"
        text run at (0,414) width 324: "enim ac mi. Curabitur sollicitudin felis quis lectus."
        text run at (0,432) width 330: "Quisque adipiscing rhoncus sem. Proin nulla purus,"
        text run at (0,450) width 355: "vulputate vel, varius ut, euismod et, nisi. Sed vitae felis"
        text run at (0,468) width 356: "vel orci sagittis aliquam. Cras convallis adipiscing sem."
        text run at (0,486) width 360: "Nam nonummy enim. Nullam bibendum lobortis neque."
        text run at (0,504) width 340: "Vestibulum velit orci, tempus euismod, pretium quis,"
        text run at (0,522) width 318: "interdum vitae, nulla. Phasellus eget ante et tortor"
        text run at (0,540) width 351: "condimentum vestibulum. Suspendisse hendrerit quam"
        text run at (0,558) width 333: "nec felis. Sed varius turpis vitae pede. Lorem ipsum"
        text run at (0,576) width 279: "dolor sit amet, consectetuer adipiscing elit. "
        text run at (278,576) width 86: "Lorem ipsum"
        text run at (0,594) width 357: "dolor sit amet, consectetuer adipiscing elit. Nulla varius"
        text run at (0,612) width 76: "enim ac mi."
layer at (8,433) size 760x401
  RenderBlock {DIV} at (0,416) size 760x402 [border: (5px solid #800000)]
    RenderMultiColumnSet at (5,5) size 750x324
    RenderBlock {H2} at (5,348) size 750x28 [bgcolor=#EEEEEE]
      RenderText {#text} at (0,0) size 602x26
        text run at (0,0) width 602: "This is a spanning element at the end of the columns block."
    RenderMultiColumnSet at (5,395) size 750x0
layer at (13,438) size 367x630
  RenderMultiColumnFlowThread at (5,5) size 367x630
    RenderBlock (anonymous) at (0,0) size 367x630
      RenderText {#text} at (0,0) size 367x629
        text run at (0,0) width 364: "Lorem ipsum dolor sit amet, consectetuer adipiscing elit."
        text run at (0,18) width 362: "Nulla varius enim ac mi. Curabitur sollicitudin felis quis"
        text run at (0,36) width 332: "lectus. Quisque adipiscing rhoncus sem. Proin nulla"
        text run at (0,54) width 367: "purus, vulputate vel, varius ut, euismod et, nisi. Sed vitae"
        text run at (0,72) width 354: "felis vel orci sagittis aliquam. Cras convallis adipiscing"
        text run at (0,90) width 347: "sem. Nam nonummy enim. Nullam bibendum lobortis"
        text run at (0,108) width 351: "neque. Vestibulum velit orci, tempus euismod, pretium"
        text run at (0,126) width 353: "quis, interdum vitae, nulla. Phasellus eget ante et tortor"
        text run at (0,144) width 351: "condimentum vestibulum. Suspendisse hendrerit quam"
        text run at (0,162) width 333: "nec felis. Sed varius turpis vitae pede. Lorem ipsum"
        text run at (0,180) width 279: "dolor sit amet, consectetuer adipiscing elit. "
        text run at (278,180) width 86: "Lorem ipsum"
        text run at (0,198) width 357: "dolor sit amet, consectetuer adipiscing elit. Nulla varius"
        text run at (0,216) width 324: "enim ac mi. Curabitur sollicitudin felis quis lectus."
        text run at (0,234) width 330: "Quisque adipiscing rhoncus sem. Proin nulla purus,"
        text run at (0,252) width 355: "vulputate vel, varius ut, euismod et, nisi. Sed vitae felis"
        text run at (0,270) width 356: "vel orci sagittis aliquam. Cras convallis adipiscing sem."
        text run at (0,288) width 360: "Nam nonummy enim. Nullam bibendum lobortis neque."
        text run at (0,306) width 340: "Vestibulum velit orci, tempus euismod, pretium quis,"
        text run at (0,324) width 318: "interdum vitae, nulla. Phasellus eget ante et tortor"
        text run at (0,342) width 351: "condimentum vestibulum. Suspendisse hendrerit quam"
        text run at (0,360) width 333: "nec felis. Sed varius turpis vitae pede. Lorem ipsum"
        text run at (0,378) width 279: "dolor sit amet, consectetuer adipiscing elit. "
        text run at (278,378) width 86: "Lorem ipsum"
        text run at (0,396) width 357: "dolor sit amet, consectetuer adipiscing elit. Nulla varius"
        text run at (0,414) width 324: "enim ac mi. Curabitur sollicitudin felis quis lectus."
        text run at (0,432) width 330: "Quisque adipiscing rhoncus sem. Proin nulla purus,"
        text run at (0,450) width 355: "vulputate vel, varius ut, euismod et, nisi. Sed vitae felis"
        text run at (0,468) width 356: "vel orci sagittis aliquam. Cras convallis adipiscing sem."
        text run at (0,486) width 360: "Nam nonummy enim. Nullam bibendum lobortis neque."
        text run at (0,504) width 340: "Vestibulum velit orci, tempus euismod, pretium quis,"
        text run at (0,522) width 318: "interdum vitae, nulla. Phasellus eget ante et tortor"
        text run at (0,540) width 351: "condimentum vestibulum. Suspendisse hendrerit quam"
        text run at (0,558) width 333: "nec felis. Sed varius turpis vitae pede. Lorem ipsum"
        text run at (0,576) width 279: "dolor sit amet, consectetuer adipiscing elit. "
        text run at (278,576) width 86: "Lorem ipsum"
        text run at (0,594) width 357: "dolor sit amet, consectetuer adipiscing elit. Nulla varius"
        text run at (0,612) width 76: "enim ac mi."
    RenderMultiColumnSpannerPlaceholder at (0,630) size 0x0
layer at (8,850) size 760x400
  RenderBlock {DIV} at (0,833) size 760x402 [border: (5px solid #800000)]
    RenderMultiColumnSet at (5,5) size 750x126
    RenderBlock {H2} at (5,150) size 750x28 [bgcolor=#EEEEEE]
      RenderText {#text} at (0,0) size 635x26
        text run at (0,0) width 635: "This is a spanning element in the middle of the columns block."
    RenderMultiColumnSet at (5,197) size 750x199
layer at (13,855) size 367x630
  RenderMultiColumnFlowThread at (5,5) size 367x630
    RenderBlock (anonymous) at (0,0) size 367x234
      RenderText {#text} at (0,0) size 367x233
        text run at (0,0) width 364: "Lorem ipsum dolor sit amet, consectetuer adipiscing elit."
        text run at (0,18) width 362: "Nulla varius enim ac mi. Curabitur sollicitudin felis quis"
        text run at (0,36) width 332: "lectus. Quisque adipiscing rhoncus sem. Proin nulla"
        text run at (0,54) width 367: "purus, vulputate vel, varius ut, euismod et, nisi. Sed vitae"
        text run at (0,72) width 354: "felis vel orci sagittis aliquam. Cras convallis adipiscing"
        text run at (0,90) width 347: "sem. Nam nonummy enim. Nullam bibendum lobortis"
        text run at (0,108) width 351: "neque. Vestibulum velit orci, tempus euismod, pretium"
        text run at (0,126) width 353: "quis, interdum vitae, nulla. Phasellus eget ante et tortor"
        text run at (0,144) width 351: "condimentum vestibulum. Suspendisse hendrerit quam"
        text run at (0,162) width 333: "nec felis. Sed varius turpis vitae pede. Lorem ipsum"
        text run at (0,180) width 279: "dolor sit amet, consectetuer adipiscing elit. "
        text run at (278,180) width 86: "Lorem ipsum"
        text run at (0,198) width 357: "dolor sit amet, consectetuer adipiscing elit. Nulla varius"
        text run at (0,216) width 76: "enim ac mi."
    RenderMultiColumnSpannerPlaceholder at (0,234) size 0x0
    RenderBlock (anonymous) at (0,234) size 367x396
      RenderText {#text} at (0,0) size 367x395
        text run at (0,0) width 364: "Lorem ipsum dolor sit amet, consectetuer adipiscing elit."
        text run at (0,18) width 362: "Nulla varius enim ac mi. Curabitur sollicitudin felis quis"
        text run at (0,36) width 332: "lectus. Quisque adipiscing rhoncus sem. Proin nulla"
        text run at (0,54) width 367: "purus, vulputate vel, varius ut, euismod et, nisi. Sed vitae"
        text run at (0,72) width 354: "felis vel orci sagittis aliquam. Cras convallis adipiscing"
        text run at (0,90) width 347: "sem. Nam nonummy enim. Nullam bibendum lobortis"
        text run at (0,108) width 351: "neque. Vestibulum velit orci, tempus euismod, pretium"
        text run at (0,126) width 353: "quis, interdum vitae, nulla. Phasellus eget ante et tortor"
        text run at (0,144) width 351: "condimentum vestibulum. Suspendisse hendrerit quam"
        text run at (0,162) width 333: "nec felis. Sed varius turpis vitae pede. Lorem ipsum"
        text run at (0,180) width 279: "dolor sit amet, consectetuer adipiscing elit. "
        text run at (278,180) width 86: "Lorem ipsum"
        text run at (0,198) width 357: "dolor sit amet, consectetuer adipiscing elit. Nulla varius"
        text run at (0,216) width 324: "enim ac mi. Curabitur sollicitudin felis quis lectus."
        text run at (0,234) width 330: "Quisque adipiscing rhoncus sem. Proin nulla purus,"
        text run at (0,252) width 355: "vulputate vel, varius ut, euismod et, nisi. Sed vitae felis"
        text run at (0,270) width 356: "vel orci sagittis aliquam. Cras convallis adipiscing sem."
        text run at (0,288) width 360: "Nam nonummy enim. Nullam bibendum lobortis neque."
        text run at (0,306) width 340: "Vestibulum velit orci, tempus euismod, pretium quis,"
        text run at (0,324) width 318: "interdum vitae, nulla. Phasellus eget ante et tortor"
        text run at (0,342) width 351: "condimentum vestibulum. Suspendisse hendrerit quam"
        text run at (0,360) width 333: "nec felis. Sed varius turpis vitae pede. Lorem ipsum"
        text run at (0,378) width 275: "dolor sit amet, consectetuer adipiscing elit."
layer at (8,1266) size 760x361
  RenderBlock {DIV} at (0,1250) size 760x362 [border: (5px solid #800000)]
    RenderMultiColumnSet at (5,5) size 750x351
layer at (13,1271) size 367x693
  RenderMultiColumnFlowThread at (5,5) size 367x693
    RenderText {#text} at (0,0) size 367x240
      text run at (0,0) width 364: "Lorem ipsum dolor sit amet, consectetuer adipiscing elit."
      text run at (0,18) width 362: "Nulla varius enim ac mi. Curabitur sollicitudin felis quis"
      text run at (0,36) width 332: "lectus. Quisque adipiscing rhoncus sem. Proin nulla"
      text run at (0,54) width 367: "purus, vulputate vel, varius ut, euismod et, nisi. Sed vitae"
      text run at (0,72) width 354: "felis vel orci sagittis aliquam. Cras convallis adipiscing"
      text run at (0,90) width 347: "sem. Nam nonummy enim. Nullam bibendum lobortis"
      text run at (0,108) width 351: "neque. Vestibulum velit orci, tempus euismod, pretium"
      text run at (0,126) width 353: "quis, interdum vitae, nulla. Phasellus eget ante et tortor"
      text run at (0,144) width 351: "condimentum vestibulum. Suspendisse hendrerit quam"
      text run at (0,162) width 333: "nec felis. Sed varius turpis vitae pede. Lorem ipsum"
      text run at (0,180) width 279: "dolor sit amet, consectetuer adipiscing elit. "
      text run at (278,180) width 86: "Lorem ipsum"
      text run at (0,198) width 357: "dolor sit amet, consectetuer adipiscing elit. Nulla varius"
      text run at (0,223) width 80: "enim ac mi. "
    RenderInline {H2} at (0,0) size 358x80 [bgcolor=#EEEEEE]
      RenderText {#text} at (79,216) size 358x80
        text run at (79,216) width 271: "This is a spanning element"
        text run at (0,243) width 358: "with an original display of inline in"
        text run at (0,270) width 333: "the middle of the columns block."
    RenderText {#text} at (0,297) size 367x395
      text run at (0,297) width 364: "Lorem ipsum dolor sit amet, consectetuer adipiscing elit."
      text run at (0,315) width 362: "Nulla varius enim ac mi. Curabitur sollicitudin felis quis"
      text run at (0,333) width 332: "lectus. Quisque adipiscing rhoncus sem. Proin nulla"
      text run at (0,351) width 367: "purus, vulputate vel, varius ut, euismod et, nisi. Sed vitae"
      text run at (0,369) width 354: "felis vel orci sagittis aliquam. Cras convallis adipiscing"
      text run at (0,387) width 347: "sem. Nam nonummy enim. Nullam bibendum lobortis"
      text run at (0,405) width 351: "neque. Vestibulum velit orci, tempus euismod, pretium"
      text run at (0,423) width 353: "quis, interdum vitae, nulla. Phasellus eget ante et tortor"
      text run at (0,441) width 351: "condimentum vestibulum. Suspendisse hendrerit quam"
      text run at (0,459) width 333: "nec felis. Sed varius turpis vitae pede. Lorem ipsum"
      text run at (0,477) width 279: "dolor sit amet, consectetuer adipiscing elit. "
      text run at (278,477) width 86: "Lorem ipsum"
      text run at (0,495) width 357: "dolor sit amet, consectetuer adipiscing elit. Nulla varius"
      text run at (0,513) width 324: "enim ac mi. Curabitur sollicitudin felis quis lectus."
      text run at (0,531) width 330: "Quisque adipiscing rhoncus sem. Proin nulla purus,"
      text run at (0,549) width 355: "vulputate vel, varius ut, euismod et, nisi. Sed vitae felis"
      text run at (0,567) width 356: "vel orci sagittis aliquam. Cras convallis adipiscing sem."
      text run at (0,585) width 360: "Nam nonummy enim. Nullam bibendum lobortis neque."
      text run at (0,603) width 340: "Vestibulum velit orci, tempus euismod, pretium quis,"
      text run at (0,621) width 318: "interdum vitae, nulla. Phasellus eget ante et tortor"
      text run at (0,639) width 351: "condimentum vestibulum. Suspendisse hendrerit quam"
      text run at (0,657) width 333: "nec felis. Sed varius turpis vitae pede. Lorem ipsum"
      text run at (0,675) width 275: "dolor sit amet, consectetuer adipiscing elit."
layer at (8,1643) size 760x383
  RenderBlock {DIV} at (0,1627) size 760x384 [border: (5px solid #800000)]
    RenderMultiColumnSet at (5,5) size 750x373
layer at (13,1648) size 367x733
  RenderMultiColumnFlowThread at (5,5) size 367x733
    RenderText {#text} at (0,0) size 367x233
      text run at (0,0) width 364: "Lorem ipsum dolor sit amet, consectetuer adipiscing elit."
      text run at (0,18) width 362: "Nulla varius enim ac mi. Curabitur sollicitudin felis quis"
      text run at (0,36) width 332: "lectus. Quisque adipiscing rhoncus sem. Proin nulla"
      text run at (0,54) width 367: "purus, vulputate vel, varius ut, euismod et, nisi. Sed vitae"
      text run at (0,72) width 354: "felis vel orci sagittis aliquam. Cras convallis adipiscing"
      text run at (0,90) width 347: "sem. Nam nonummy enim. Nullam bibendum lobortis"
      text run at (0,108) width 351: "neque. Vestibulum velit orci, tempus euismod, pretium"
      text run at (0,126) width 353: "quis, interdum vitae, nulla. Phasellus eget ante et tortor"
      text run at (0,144) width 351: "condimentum vestibulum. Suspendisse hendrerit quam"
      text run at (0,162) width 333: "nec felis. Sed varius turpis vitae pede. Lorem ipsum"
      text run at (0,180) width 279: "dolor sit amet, consectetuer adipiscing elit. "
      text run at (278,180) width 86: "Lorem ipsum"
      text run at (0,198) width 357: "dolor sit amet, consectetuer adipiscing elit. Nulla varius"
      text run at (0,216) width 80: "enim ac mi. "
    RenderBlock (floating) {H2} at (0,253) size 367x82 [bgcolor=#EEEEEE]
      RenderText {#text} at (0,0) size 340x80
        text run at (0,0) width 323: "This element specifies a column"
        text run at (0,27) width 340: "span, but it is also floating, so the"
        text run at (0,54) width 327: "column-span should be ignored."
    RenderText {#text} at (79,216) size 367x516
      text run at (79,216) width 266: "Lorem ipsum dolor sit amet, consectetuer"
      text run at (0,354) width 322: "adipiscing elit. Nulla varius enim ac mi. Curabitur"
      text run at (0,372) width 362: "sollicitudin felis quis lectus. Quisque adipiscing rhoncus"
      text run at (0,390) width 361: "sem. Proin nulla purus, vulputate vel, varius ut, euismod"
      text run at (0,408) width 336: "et, nisi. Sed vitae felis vel orci sagittis aliquam. Cras"
      text run at (0,426) width 358: "convallis adipiscing sem. Nam nonummy enim. Nullam"
      text run at (0,444) width 356: "bibendum lobortis neque. Vestibulum velit orci, tempus"
      text run at (0,462) width 352: "euismod, pretium quis, interdum vitae, nulla. Phasellus"
      text run at (0,480) width 366: "eget ante et tortor condimentum vestibulum. Suspendisse"
      text run at (0,498) width 344: "hendrerit quam nec felis. Sed varius turpis vitae pede."
      text run at (0,516) width 364: "Lorem ipsum dolor sit amet, consectetuer adipiscing elit."
      text run at (0,534) width 364: "Lorem ipsum dolor sit amet, consectetuer adipiscing elit."
      text run at (0,552) width 362: "Nulla varius enim ac mi. Curabitur sollicitudin felis quis"
      text run at (0,570) width 332: "lectus. Quisque adipiscing rhoncus sem. Proin nulla"
      text run at (0,588) width 367: "purus, vulputate vel, varius ut, euismod et, nisi. Sed vitae"
      text run at (0,606) width 354: "felis vel orci sagittis aliquam. Cras convallis adipiscing"
      text run at (0,624) width 347: "sem. Nam nonummy enim. Nullam bibendum lobortis"
      text run at (0,642) width 351: "neque. Vestibulum velit orci, tempus euismod, pretium"
      text run at (0,660) width 353: "quis, interdum vitae, nulla. Phasellus eget ante et tortor"
      text run at (0,678) width 351: "condimentum vestibulum. Suspendisse hendrerit quam"
      text run at (0,696) width 333: "nec felis. Sed varius turpis vitae pede. Lorem ipsum"
      text run at (0,714) width 275: "dolor sit amet, consectetuer adipiscing elit."
layer at (8,2042) size 760x442
  RenderBlock {DIV} at (0,2026) size 760x443 [border: (5px solid #800000)]
    RenderBlock {H2} at (5,24) size 750x55 [bgcolor=#EEEEEE]
      RenderText {#text} at (0,0) size 711x53
        text run at (0,0) width 711: "This is a spanning element at the beginning of the columns block with"
        text run at (0,27) width 146: "block siblings."
    RenderMultiColumnSet at (5,98) size 750x339
layer at (13,2047) size 367x658
  RenderMultiColumnFlowThread at (5,5) size 367x658
    RenderMultiColumnSpannerPlaceholder at (0,0) size 0x0
    RenderBlock {P} at (0,16) size 367x198
      RenderText {#text} at (0,0) size 367x197
        text run at (0,0) width 364: "Lorem ipsum dolor sit amet, consectetuer adipiscing elit."
        text run at (0,18) width 362: "Nulla varius enim ac mi. Curabitur sollicitudin felis quis"
        text run at (0,36) width 332: "lectus. Quisque adipiscing rhoncus sem. Proin nulla"
        text run at (0,54) width 367: "purus, vulputate vel, varius ut, euismod et, nisi. Sed vitae"
        text run at (0,72) width 354: "felis vel orci sagittis aliquam. Cras convallis adipiscing"
        text run at (0,90) width 347: "sem. Nam nonummy enim. Nullam bibendum lobortis"
        text run at (0,108) width 351: "neque. Vestibulum velit orci, tempus euismod, pretium"
        text run at (0,126) width 353: "quis, interdum vitae, nulla. Phasellus eget ante et tortor"
        text run at (0,144) width 351: "condimentum vestibulum. Suspendisse hendrerit quam"
        text run at (0,162) width 333: "nec felis. Sed varius turpis vitae pede. Lorem ipsum"
        text run at (0,180) width 275: "dolor sit amet, consectetuer adipiscing elit."
    RenderBlock {P} at (0,230) size 367x198
      RenderText {#text} at (0,0) size 367x197
        text run at (0,0) width 364: "Lorem ipsum dolor sit amet, consectetuer adipiscing elit."
        text run at (0,18) width 362: "Nulla varius enim ac mi. Curabitur sollicitudin felis quis"
        text run at (0,36) width 332: "lectus. Quisque adipiscing rhoncus sem. Proin nulla"
        text run at (0,54) width 367: "purus, vulputate vel, varius ut, euismod et, nisi. Sed vitae"
        text run at (0,72) width 354: "felis vel orci sagittis aliquam. Cras convallis adipiscing"
        text run at (0,90) width 347: "sem. Nam nonummy enim. Nullam bibendum lobortis"
        text run at (0,108) width 351: "neque. Vestibulum velit orci, tempus euismod, pretium"
        text run at (0,126) width 353: "quis, interdum vitae, nulla. Phasellus eget ante et tortor"
        text run at (0,144) width 351: "condimentum vestibulum. Suspendisse hendrerit quam"
        text run at (0,162) width 333: "nec felis. Sed varius turpis vitae pede. Lorem ipsum"
        text run at (0,180) width 275: "dolor sit amet, consectetuer adipiscing elit."
    RenderBlock {P} at (0,444) size 367x198
      RenderText {#text} at (0,0) size 367x197
        text run at (0,0) width 364: "Lorem ipsum dolor sit amet, consectetuer adipiscing elit."
        text run at (0,18) width 362: "Nulla varius enim ac mi. Curabitur sollicitudin felis quis"
        text run at (0,36) width 332: "lectus. Quisque adipiscing rhoncus sem. Proin nulla"
        text run at (0,54) width 367: "purus, vulputate vel, varius ut, euismod et, nisi. Sed vitae"
        text run at (0,72) width 354: "felis vel orci sagittis aliquam. Cras convallis adipiscing"
        text run at (0,90) width 347: "sem. Nam nonummy enim. Nullam bibendum lobortis"
        text run at (0,108) width 351: "neque. Vestibulum velit orci, tempus euismod, pretium"
        text run at (0,126) width 353: "quis, interdum vitae, nulla. Phasellus eget ante et tortor"
        text run at (0,144) width 351: "condimentum vestibulum. Suspendisse hendrerit quam"
        text run at (0,162) width 333: "nec felis. Sed varius turpis vitae pede. Lorem ipsum"
        text run at (0,180) width 275: "dolor sit amet, consectetuer adipiscing elit."
layer at (8,2500) size 760x433
  RenderBlock {DIV} at (0,2484) size 760x433 [border: (5px solid #800000)]
    RenderMultiColumnSet at (5,5) size 750x329
    RenderBlock {H2} at (5,353) size 750x55 [bgcolor=#EEEEEE]
      RenderText {#text} at (0,0) size 709x53
        text run at (0,0) width 709: "This is a spanning element at the end of the columns block with block"
        text run at (0,27) width 84: "siblings."
    RenderMultiColumnSet at (5,427) size 750x0
layer at (13,2505) size 367x658
  RenderMultiColumnFlowThread at (5,5) size 367x658
    RenderBlock {P} at (0,16) size 367x198
      RenderText {#text} at (0,0) size 367x197
        text run at (0,0) width 364: "Lorem ipsum dolor sit amet, consectetuer adipiscing elit."
        text run at (0,18) width 362: "Nulla varius enim ac mi. Curabitur sollicitudin felis quis"
        text run at (0,36) width 332: "lectus. Quisque adipiscing rhoncus sem. Proin nulla"
        text run at (0,54) width 367: "purus, vulputate vel, varius ut, euismod et, nisi. Sed vitae"
        text run at (0,72) width 354: "felis vel orci sagittis aliquam. Cras convallis adipiscing"
        text run at (0,90) width 347: "sem. Nam nonummy enim. Nullam bibendum lobortis"
        text run at (0,108) width 351: "neque. Vestibulum velit orci, tempus euismod, pretium"
        text run at (0,126) width 353: "quis, interdum vitae, nulla. Phasellus eget ante et tortor"
        text run at (0,144) width 351: "condimentum vestibulum. Suspendisse hendrerit quam"
        text run at (0,162) width 333: "nec felis. Sed varius turpis vitae pede. Lorem ipsum"
        text run at (0,180) width 275: "dolor sit amet, consectetuer adipiscing elit."
    RenderBlock {P} at (0,230) size 367x207
      RenderText {#text} at (0,0) size 367x206
        text run at (0,0) width 364: "Lorem ipsum dolor sit amet, consectetuer adipiscing elit."
        text run at (0,18) width 362: "Nulla varius enim ac mi. Curabitur sollicitudin felis quis"
        text run at (0,36) width 332: "lectus. Quisque adipiscing rhoncus sem. Proin nulla"
        text run at (0,54) width 367: "purus, vulputate vel, varius ut, euismod et, nisi. Sed vitae"
        text run at (0,72) width 354: "felis vel orci sagittis aliquam. Cras convallis adipiscing"
        text run at (0,99) width 347: "sem. Nam nonummy enim. Nullam bibendum lobortis"
        text run at (0,117) width 351: "neque. Vestibulum velit orci, tempus euismod, pretium"
        text run at (0,135) width 353: "quis, interdum vitae, nulla. Phasellus eget ante et tortor"
        text run at (0,153) width 351: "condimentum vestibulum. Suspendisse hendrerit quam"
        text run at (0,171) width 333: "nec felis. Sed varius turpis vitae pede. Lorem ipsum"
        text run at (0,189) width 275: "dolor sit amet, consectetuer adipiscing elit."
    RenderBlock {P} at (0,453) size 367x198
      RenderText {#text} at (0,0) size 367x197
        text run at (0,0) width 364: "Lorem ipsum dolor sit amet, consectetuer adipiscing elit."
        text run at (0,18) width 362: "Nulla varius enim ac mi. Curabitur sollicitudin felis quis"
        text run at (0,36) width 332: "lectus. Quisque adipiscing rhoncus sem. Proin nulla"
        text run at (0,54) width 367: "purus, vulputate vel, varius ut, euismod et, nisi. Sed vitae"
        text run at (0,72) width 354: "felis vel orci sagittis aliquam. Cras convallis adipiscing"
        text run at (0,90) width 347: "sem. Nam nonummy enim. Nullam bibendum lobortis"
        text run at (0,108) width 351: "neque. Vestibulum velit orci, tempus euismod, pretium"
        text run at (0,126) width 353: "quis, interdum vitae, nulla. Phasellus eget ante et tortor"
        text run at (0,144) width 351: "condimentum vestibulum. Suspendisse hendrerit quam"
        text run at (0,162) width 333: "nec felis. Sed varius turpis vitae pede. Lorem ipsum"
        text run at (0,180) width 275: "dolor sit amet, consectetuer adipiscing elit."
    RenderMultiColumnSpannerPlaceholder at (0,658) size 0x0
layer at (8,2949) size 760x450
  RenderBlock {DIV} at (0,2932) size 760x451 [border: (5px solid #800000)]
    RenderMultiColumnSet at (5,5) size 750x222
    RenderBlock {H2} at (5,246) size 750x55 [bgcolor=#EEEEEE]
      RenderText {#text} at (0,0) size 743x53
        text run at (0,0) width 743: "This is a spanning element in the middle of the columns block with block"
        text run at (0,27) width 84: "siblings."
    RenderMultiColumnSet at (5,320) size 750x125
layer at (13,2954) size 367x666 backgroundClip at (0,0) size 785x3415 clip at (0,0) size 785x3415
  RenderMultiColumnFlowThread at (5,5) size 367x666
    RenderBlock {P} at (0,16) size 367x198
      RenderText {#text} at (0,0) size 367x197
        text run at (0,0) width 364: "Lorem ipsum dolor sit amet, consectetuer adipiscing elit."
        text run at (0,18) width 362: "Nulla varius enim ac mi. Curabitur sollicitudin felis quis"
        text run at (0,36) width 332: "lectus. Quisque adipiscing rhoncus sem. Proin nulla"
        text run at (0,54) width 367: "purus, vulputate vel, varius ut, euismod et, nisi. Sed vitae"
        text run at (0,72) width 354: "felis vel orci sagittis aliquam. Cras convallis adipiscing"
        text run at (0,90) width 347: "sem. Nam nonummy enim. Nullam bibendum lobortis"
        text run at (0,108) width 351: "neque. Vestibulum velit orci, tempus euismod, pretium"
        text run at (0,126) width 353: "quis, interdum vitae, nulla. Phasellus eget ante et tortor"
        text run at (0,144) width 351: "condimentum vestibulum. Suspendisse hendrerit quam"
        text run at (0,162) width 333: "nec felis. Sed varius turpis vitae pede. Lorem ipsum"
        text run at (0,180) width 275: "dolor sit amet, consectetuer adipiscing elit."
    RenderBlock {P} at (0,222) size 367x198
      RenderText {#text} at (0,0) size 367x197
        text run at (0,0) width 364: "Lorem ipsum dolor sit amet, consectetuer adipiscing elit."
        text run at (0,18) width 362: "Nulla varius enim ac mi. Curabitur sollicitudin felis quis"
        text run at (0,36) width 332: "lectus. Quisque adipiscing rhoncus sem. Proin nulla"
        text run at (0,54) width 367: "purus, vulputate vel, varius ut, euismod et, nisi. Sed vitae"
        text run at (0,72) width 354: "felis vel orci sagittis aliquam. Cras convallis adipiscing"
        text run at (0,90) width 347: "sem. Nam nonummy enim. Nullam bibendum lobortis"
        text run at (0,108) width 351: "neque. Vestibulum velit orci, tempus euismod, pretium"
        text run at (0,126) width 353: "quis, interdum vitae, nulla. Phasellus eget ante et tortor"
        text run at (0,144) width 351: "condimentum vestibulum. Suspendisse hendrerit quam"
        text run at (0,162) width 333: "nec felis. Sed varius turpis vitae pede. Lorem ipsum"
        text run at (0,180) width 275: "dolor sit amet, consectetuer adipiscing elit."
    RenderMultiColumnSpannerPlaceholder at (0,436) size 0x0
    RenderBlock {P} at (0,452) size 367x198
      RenderText {#text} at (0,0) size 367x197
        text run at (0,0) width 364: "Lorem ipsum dolor sit amet, consectetuer adipiscing elit."
        text run at (0,18) width 362: "Nulla varius enim ac mi. Curabitur sollicitudin felis quis"
        text run at (0,36) width 332: "lectus. Quisque adipiscing rhoncus sem. Proin nulla"
        text run at (0,54) width 367: "purus, vulputate vel, varius ut, euismod et, nisi. Sed vitae"
        text run at (0,72) width 354: "felis vel orci sagittis aliquam. Cras convallis adipiscing"
        text run at (0,90) width 347: "sem. Nam nonummy enim. Nullam bibendum lobortis"
        text run at (0,108) width 351: "neque. Vestibulum velit orci, tempus euismod, pretium"
        text run at (0,126) width 353: "quis, interdum vitae, nulla. Phasellus eget ante et tortor"
        text run at (0,144) width 351: "condimentum vestibulum. Suspendisse hendrerit quam"
        text run at (0,162) width 333: "nec felis. Sed varius turpis vitae pede. Lorem ipsum"
        text run at (0,180) width 275: "dolor sit amet, consectetuer adipiscing elit."
