layer at (0,0) size 800x600
  RenderView at (0,0) size 800x600
layer at (0,0) size 800x600
  RenderBlock {HTML} at (0,0) size 800x600
    RenderBody {BODY} at (8,8) size 784x584
      RenderBlock (anonymous) at (0,0) size 784x18
        RenderInline {Q} at (0,0) size 158x17
          RenderInline (generated) at (0,0) size 7x17
            RenderQuote at (0,0) size 7x17
              RenderText at (0,0) size 7x17
                text run at (0,0) width 7: "\""
          RenderText {#text} at (7,0) size 151x17
            text run at (7,0) width 151: "Quotes should surround"
      RenderBlock (anonymous) at (0,34) size 784x0
        RenderBlock {P} at (0,0) size 784x0
      RenderBlock (anonymous) at (0,34) size 784x18
        RenderInline {Q} at (0,0) size 60x17
          RenderText {#text} at (0,0) size 53x17
            text run at (0,0) width 53: "this text."
          RenderInline (generated) at (0,0) size 7x17
            RenderQuote at (0,0) size 7x17
              RenderText at (53,0) size 7x17
                text run at (53,0) width 7: "\""
        RenderText {#text} at (0,0) size 0x0
