layer at (0,0) size 800x600
  RenderView at (0,0) size 800x600
layer at (0,0) size 800x600
  RenderBlock {HTML} at (0,0) size 800x600
    RenderBody {BODY} at (8,8) size 784x584
      RenderBlock {H1} at (0,0) size 784x37
        RenderInline (generated) at (0,0) size 207x36
          RenderText at (0,0) size 207x36
            text run at (0,0) width 207: "First Chapter: "
        RenderText {#text} at (206,0) size 106x36
          text run at (206,0) width 106: "TEST 1"
      RenderBlock (anonymous) at (0,58) size 784x19
        RenderText {#text} at (0,0) size 241x17
          text run at (0,0) width 241: "Should read: \"First Chapter: TEST 1\""
      RenderBlock {H2} at (0,96) size 784x28
        RenderInline (generated) at (0,0) size 100x26
          RenderText at (0,0) size 100x26
            text run at (0,0) width 100: "Chapter: "
        RenderText {#text} at (99,0) size 80x26
          text run at (99,0) width 80: "TEST 2"
      RenderBlock (anonymous) at (0,143) size 784x19
        RenderText {#text} at (0,0) size 208x17
          text run at (0,0) width 208: "Should read: \"Chapter: TEST 2\""
      RenderBlock {H3} at (0,179) size 784x23
        RenderInline (generated) at (0,0) size 117x21
          RenderText at (0,0) size 117x21
            text run at (0,0) width 117: "Chapter One: "
        RenderText {#text} at (116,0) size 64x21
          text run at (116,0) width 64: "TEST 3"
      RenderBlock (anonymous) at (0,220) size 784x19
        RenderText {#text} at (0,0) size 239x17
          text run at (0,0) width 239: "Should read: \"Chapter One: TEST 3\""
      RenderBlock {H4} at (0,259) size 784x19
        RenderInline (generated) at (0,0) size 67x17
          RenderText at (0,0) size 67x17
            text run at (0,0) width 67: "Chapter: "
        RenderText {#text} at (66,0) size 53x17
          text run at (66,0) width 53: "TEST 4"
      RenderBlock (anonymous) at (0,299) size 784x19
        RenderText {#text} at (0,0) size 208x17
          text run at (0,0) width 208: "Should read: \"Chapter: TEST 4\""
