layer at (0,0) size 800x600
  RenderView at (0,0) size 800x600
layer at (0,0) size 800x600
  RenderBlock {HTML} at (0,0) size 800x600
    RenderBody {BODY} at (8,8) size 784x584
      RenderBlock {P} at (0,0) size 784x18
        RenderText {#text} at (0,0) size 54x17
          text run at (0,0) width 54: "Test for "
        RenderInline {I} at (0,0) size 333x17
          RenderInline {A} at (0,0) size 156x17 [color=#0000EE]
            RenderText {#text} at (53,0) size 156x17
              text run at (53,0) width 156: "rdar://problem/7898436"
          RenderText {#text} at (208,0) size 178x17
            text run at (208,0) width 178: " :after content is duplicated"
        RenderText {#text} at (385,0) size 5x17
          text run at (385,0) width 5: "."
      RenderBlock {P} at (0,34) size 784x18
        RenderText {#text} at (0,0) size 518x17
          text run at (0,0) width 518: "The test passed if the word \x{201C}not\x{201D} appears exactly once in the following sentence:"
      RenderBlock {DIV} at (0,68) size 784x222
        RenderBlock (anonymous) at (0,0) size 784x111
          RenderText {#text} at (0,2) size 454x107
            text run at (0,2) width 454: "The test did"
          RenderInline {SPAN} at (0,0) size 0x107
            RenderInline {B} at (0,0) size 0x0
        RenderBlock (anonymous) at (0,111) size 784x0
          RenderBlock {DIV} at (0,0) size 784x0
        RenderBlock (anonymous) at (0,111) size 784x111
          RenderInline {SPAN} at (0,0) size 147x107
            RenderInline {B} at (0,0) size 0x107
            RenderInline (generated) at (0,0) size 147x107
              RenderText at (0,2) size 147x107
                text run at (0,2) width 147: "not "
          RenderText {#text} at (146,2) size 153x107
            text run at (146,2) width 153: "fail."
