layer at (0,0) size 800x600
  RenderView at (0,0) size 800x600
layer at (0,0) size 800x600
  RenderBlock {HTML} at (0,0) size 800x600
    RenderBody {BODY} at (8,8) size 784x584
      RenderBlock {P} at (0,0) size 784x36
        RenderText {#text} at (0,0) size 54x17
          text run at (0,0) width 54: "Test for "
        RenderInline {I} at (0,0) size 661x35
          RenderInline {A} at (0,0) size 305x17 [color=#0000EE]
            RenderText {#text} at (53,0) size 305x17
              text run at (53,0) width 305: "http://bugs.webkit.org/show_bug.cgi?id=14221"
          RenderText {#text} at (357,0) size 661x35
            text run at (357,0) width 5: " "
            text run at (361,0) width 300: "Repro crash (ASSERTION FAILED: oldText in"
            text run at (0,18) width 577: "RenderBlock::updateFirstLetter() during relayout of :before content with first-letter style)"
        RenderText {#text} at (576,18) size 5x17
          text run at (576,18) width 5: "."
      RenderBlock {DIV} at (0,52) size 784x33
        RenderInline (generated) at (0,0) size 47x26
          RenderInline (generated) at (0,0) size 18x32 [color=#008000]
            RenderText at (0,0) size 18x32
              text run at (0,0) width 18: "T"
          RenderText at (17,5) size 30x26
            text run at (17,5) width 30: "he "
        RenderText {#text} at (46,5) size 408x26
          text run at (46,5) width 408: "first letter is green and larger than the rest."
