layer at (0,0) size 800x600
  RenderView at (0,0) size 800x600
layer at (0,0) size 800x391
  RenderBlock {html} at (0,0) size 800x391
    RenderBlock {parsererror} at (16,16) size 768x151 [bgcolor=#FFDDDD] [border: (2px solid #CC7777)]
      RenderBlock {h3} at (18,20) size 732x23
        RenderText {#text} at (0,0) size 323x21
          text run at (0,0) width 323: "This page contains the following errors:"
      RenderBlock {div} at (18,61) size 732x29
        RenderText {#text} at (0,0) size 591x14
          text run at (0,0) width 591: "error on line 43 at column 8: Opening and ending tag mismatch: hr line 29 and body"
          text run at (590,0) width 1: " "
        RenderInline (generated) at (0,0) size 152x14
          RenderText at (0,14) size 152x14
            text run at (0,14) width 152: "and generated content"
      RenderBlock {h3} at (18,108) size 732x23
        RenderText {#text} at (0,0) size 425x21
          text run at (0,0) width 425: "Below is a rendering of the page up to the first error."
    RenderBody {body} at (8,182) size 784x201
      RenderBlock {div} at (0,0) size 784x18
        RenderText {#text} at (0,0) size 85x17
          text run at (0,0) width 85: "This is a test "
        RenderInline (generated) at (0,0) size 141x17
          RenderText at (84,0) size 141x17
            text run at (84,0) width 141: "and generated content"
layer at (8,209) size 784x174 clip at (9,210) size 782x172
  RenderBlock {hr} at (0,26) size 784x174 [border: (1px inset #000000)]
    RenderBlock {p} at (1,17) size 782x36
      RenderText {#text} at (0,0) size 54x17
        text run at (0,0) width 54: "Test for "
      RenderInline {i} at (0,0) size 770x35
        RenderInline {a} at (0,0) size 353x17 [color=#0000EE]
          RenderText {#text} at (53,0) size 353x17
            text run at (53,0) width 353: "http://bugzilla.opendarwin.org/show_bug.cgi?id=6431"
        RenderText {#text} at (405,0) size 770x35
          text run at (405,0) width 5: " "
          text run at (409,0) width 361: "REGRESSION: style change where :hover changes only"
          text run at (0,18) width 175: "an :after style doesn't work"
      RenderText {#text} at (174,18) size 5x17
        text run at (174,18) width 5: "."
    RenderBlock {p} at (1,69) size 782x36
      RenderText {#text} at (0,0) size 756x35
        text run at (0,0) width 517: "The line at the top of the page should read \x{201C}This is a test and generated content\x{201D} "
        text run at (516,0) width 240: "or \x{201C}This is a test and generated hover"
        text run at (0,18) width 232: "content\x{201D} depending on whether it is "
        text run at (231,18) width 57: "hovered."
    RenderBlock {p} at (1,121) size 782x36
      RenderText {#text} at (0,0) size 765x35
        text run at (0,0) width 765: "To reproduce the bug outside of DumpRenderTree, mouse over the div several times, and the style change won't update"
        text run at (0,18) width 72: "every time "
        text run at (71,18) width 89: "like it should."
caret: position 0 of child 0 {#text} of child 0 {h3} of child 0 {parsererror} of child 1 {html} of document
