layer at (0,0) size 800x600
  RenderView at (0,0) size 800x600
layer at (0,0) size 800x600
  RenderBlock {HTML} at (0,0) size 800x600
    RenderBody {BODY} at (8,16) size 784x568
      RenderBlock {DIV} at (16,0) size 400x144
        RenderBlock (floating) at (2,4) size 39x65
          RenderText at (0,-23) size 39x108
            text run at (0,-23) width 39: "J"
        RenderText {#text} at (42,36) size 390x107
          text run at (42,36) width 346: "ust an example of first-letter. This letter should span 3"
          text run at (42,54) width 340: "lines of text, and so it should align itself cleanly with"
          text run at (0,72) width 378: "the cap-height of the H lining up with the cap-height of the"
          text run at (0,90) width 390: "first line, and the baseline of the J lining up with the baseline"
          text run at (0,108) width 369: "of the third line. The descender of the J is still avoided by"
          text run at (0,126) width 101: "following lines."
