layer at (0,0) size 800x600
  RenderView at (0,0) size 800x600
layer at (0,0) size 800x600
  RenderBlock {HTML} at (0,0) size 800x600
    RenderBody {BODY} at (8,16) size 784x568
      RenderBlock {DIV} at (16,0) size 400x108
        RenderBlock (floating) at (2,4) size 51x46
          RenderText at (0,-16) size 51x77
            text run at (0,-16) width 51: "A"
        RenderText {#text} at (54,18) size 395x89
          text run at (54,18) width 317: "n example of first-letter. This letter should span 3"
          text run at (54,36) width 340: "lines of text, and so it should align itself cleanly with"
          text run at (0,54) width 377: "the cap-height of the A lining up with the cap-height of the"
          text run at (0,72) width 395: "first line, and the baseline of the A lining up with the baseline"
          text run at (0,90) width 104: "of the third line."
      RenderBlock {SPAN} at (0,124) size 784x108
        RenderBlock {DIV} at (368,0) size 400x108
          RenderBlock (floating) at (347,4) size 51x46
            RenderText at (0,-16) size 51x77
              text run at (0,-16) width 51: "A"
          RenderText {#text} at (8,18) size 392x89
            text run at (8,18) width 338: "n RTL example of first-letter. This letter should span"
            text run at (26,36) width 320: "3 lines of text, and so it should align itself cleanly"
            text run at (14,54) width 386: "with the cap-height of the A lining up with the cap-height of"
            text run at (38,72) width 362: "the first line, and the baseline of the A lining up with the"
            text run at (240,90) width 5 RTL: "."
            text run at (244,90) width 156: "baseline of the third line"
