layer at (0,0) size 800x600
  RenderView at (0,0) size 800x600
layer at (0,0) size 800x600
  RenderBlock {HTML} at (0,0) size 800x600
    RenderBody {BODY} at (8,8) size 784x584
      RenderBlock {H1} at (0,0) size 784x37
        RenderText {#text} at (0,0) size 90x36
          text run at (0,0) width 90: "Blocks"
      RenderBlock {DIV} at (0,58) size 784x19
        RenderInline (generated) at (0,0) size 34x17
          RenderText at (0,0) size 34x17
            text run at (0,0) width 34: "Test: "
        RenderText {#text} at (33,0) size 47x17
          text run at (33,0) width 47: "content"
      RenderBlock {DIV} at (0,76) size 784x19
        RenderBlock (generated) at (0,0) size 30x18
          RenderText at (0,0) size 30x17
            text run at (0,0) width 30: "Test:"
        RenderText {#text} at (29,0) size 47x17
          text run at (29,0) width 47: "content"
      RenderBlock {DIV} at (0,94) size 784x19
        RenderTable at (0,0) size 30x18
          RenderTableSection (anonymous) at (0,0) size 30x18
            RenderTableRow (anonymous) at (0,0) size 30x18
              RenderTableCell (anonymous) at (0,0) size 30x18 [r=0 c=0 rs=1 cs=1]
                RenderText at (0,0) size 30x17
                  text run at (0,0) width 30: "Test:"
        RenderText {#text} at (29,0) size 47x17
          text run at (29,0) width 47: "content"
      RenderBlock {H1} at (0,133) size 784x38
        RenderText {#text} at (0,0) size 92x36
          text run at (0,0) width 92: "Inlines"
      RenderBlock (anonymous) at (0,192) size 784x55
        RenderInline {SPAN} at (0,0) size 80x17
          RenderInline (generated) at (0,0) size 34x17
            RenderText at (0,0) size 34x17
              text run at (0,0) width 34: "Test: "
          RenderText {#text} at (33,0) size 47x17
            text run at (33,0) width 47: "content"
        RenderBR {BR} at (79,0) size 1x17
        RenderInline {SPAN} at (0,0) size 76x17
          RenderBlock (generated) at (0,18) size 30x18
            RenderText at (0,0) size 30x17
              text run at (0,0) width 30: "Test:"
          RenderText {#text} at (29,18) size 47x17
            text run at (29,18) width 47: "content"
        RenderBR {BR} at (75,18) size 1x17
        RenderInline {SPAN} at (0,0) size 76x17
          RenderTable at (0,36) size 30x18
            RenderTableSection (anonymous) at (0,0) size 30x18
              RenderTableRow (anonymous) at (0,0) size 30x18
                RenderTableCell (anonymous) at (0,0) size 30x18 [r=0 c=0 rs=1 cs=1]
                  RenderText at (0,0) size 30x17
                    text run at (0,0) width 30: "Test:"
          RenderText {#text} at (29,36) size 47x17
            text run at (29,36) width 47: "content"
        RenderBR {BR} at (75,36) size 1x17
