layer at (0,0) size 800x600
  RenderView at (0,0) size 800x600
layer at (0,0) size 800x600
  RenderBlock {HTML} at (0,0) size 800x600
    RenderBody {BODY} at (8,8) size 784x576
      RenderBlock (anonymous) at (0,0) size 784x18
        RenderInline {SPAN} at (0,0) size 654x17
          RenderText {#text} at (0,0) size 654x17
            text run at (0,0) width 654: "This test passes if it does not crash, and if we successfully destroy the table-section generated content."
        RenderText {#text} at (0,0) size 0x0
        RenderBR {BR} at (653,0) size 1x17
      RenderBlock {UL} at (0,34) size 784x18
        RenderListItem {LI} at (40,0) size 744x18
          RenderListMarker at (-17,0) size 7x17: bullet
          RenderInline (generated) at (0,0) size 32x17
            RenderText at (0,0) size 32x17
              text run at (0,0) width 32: "hello"
          RenderText {#text} at (31,0) size 24x17
            text run at (31,0) width 24: "test"
