layer at (0,0) size 800x600
  RenderView at (0,0) size 800x600
layer at (0,0) size 800x600
  RenderBlock {HTML} at (0,0) size 800x600
    RenderBody {BODY} at (8,8) size 784x576
      RenderBlock {H1} at (0,0) size 784x37
        RenderText {#text} at (0,0) size 419x36
          text run at (0,0) width 419: "Meters with various optimums"
      RenderBlock {P} at (0,58) size 784x19
        RenderText {#text} at (0,0) size 264x17
          text run at (0,0) width 264: "(min=0, max=1000, low=300, high=600)"
      RenderBlock {H2} at (0,96) size 784x28
        RenderText {#text} at (0,0) size 144x26
          text run at (0,0) width 144: "optimum=450"
      RenderBlock {UL} at (0,143) size 784x91
        RenderListItem {LI} at (40,0) size 744x18
          RenderListMarker at (-17,0) size 7x17: bullet
          RenderText {#text} at (0,0) size 77x17
            text run at (0,0) width 77: "value=150: "
          RenderBlock {METER} at (76,1) size 81x16
            RenderBlock {DIV} at (0,0) size 80x16
              RenderBlock {DIV} at (0,0) size 80x16
                RenderBlock {DIV} at (0,0) size 20x16
        RenderListItem {LI} at (40,18) size 744x18
          RenderListMarker at (-17,0) size 7x17: bullet
          RenderText {#text} at (0,0) size 77x17
            text run at (0,0) width 77: "value=450: "
          RenderBlock {METER} at (76,1) size 81x16
            RenderBlock {DIV} at (0,0) size 80x16
              RenderBlock {DIV} at (0,0) size 80x16
                RenderBlock {DIV} at (0,0) size 36x16
        RenderListItem {LI} at (40,36) size 744x18
          RenderListMarker at (-17,0) size 7x17: bullet
          RenderText {#text} at (0,0) size 77x17
            text run at (0,0) width 77: "value=750: "
          RenderBlock {METER} at (76,1) size 81x16
            RenderBlock {DIV} at (0,0) size 80x16
              RenderBlock {DIV} at (0,0) size 80x16
                RenderBlock {DIV} at (0,0) size 60x16
        RenderListItem {LI} at (40,54) size 744x18
          RenderListMarker at (-17,0) size 7x17: bullet
          RenderText {#text} at (0,0) size 61x17
            text run at (0,0) width 61: "value=0: "
          RenderBlock {METER} at (60,1) size 81x16
            RenderBlock {DIV} at (0,0) size 80x16
              RenderBlock {DIV} at (0,0) size 80x16
                RenderBlock {DIV} at (0,0) size 0x16
        RenderListItem {LI} at (40,72) size 744x18
          RenderListMarker at (-17,0) size 7x17: bullet
          RenderText {#text} at (0,0) size 85x17
            text run at (0,0) width 85: "value=1000: "
          RenderBlock {METER} at (84,1) size 81x16
            RenderBlock {DIV} at (0,0) size 80x16
              RenderBlock {DIV} at (0,0) size 80x16
                RenderBlock {DIV} at (0,0) size 80x16
      RenderBlock {H2} at (0,253) size 784x28
        RenderText {#text} at (0,0) size 144x26
          text run at (0,0) width 144: "optimum=150"
      RenderBlock {UL} at (0,300) size 784x91
        RenderListItem {LI} at (40,0) size 744x18
          RenderListMarker at (-17,0) size 7x17: bullet
          RenderText {#text} at (0,0) size 77x17
            text run at (0,0) width 77: "value=150: "
          RenderBlock {METER} at (76,1) size 81x16
            RenderBlock {DIV} at (0,0) size 80x16
              RenderBlock {DIV} at (0,0) size 80x16
                RenderBlock {DIV} at (0,0) size 20x16
        RenderListItem {LI} at (40,18) size 744x18
          RenderListMarker at (-17,0) size 7x17: bullet
          RenderText {#text} at (0,0) size 77x17
            text run at (0,0) width 77: "value=450: "
          RenderBlock {METER} at (76,1) size 81x16
            RenderBlock {DIV} at (0,0) size 80x16
              RenderBlock {DIV} at (0,0) size 80x16
                RenderBlock {DIV} at (0,0) size 36x16
        RenderListItem {LI} at (40,36) size 744x18
          RenderListMarker at (-17,0) size 7x17: bullet
          RenderText {#text} at (0,0) size 77x17
            text run at (0,0) width 77: "value=750: "
          RenderBlock {METER} at (76,1) size 81x16
            RenderBlock {DIV} at (0,0) size 80x16
              RenderBlock {DIV} at (0,0) size 80x16
                RenderBlock {DIV} at (0,0) size 60x16
        RenderListItem {LI} at (40,54) size 744x18
          RenderListMarker at (-17,0) size 7x17: bullet
          RenderText {#text} at (0,0) size 61x17
            text run at (0,0) width 61: "value=0: "
          RenderBlock {METER} at (60,1) size 81x16
            RenderBlock {DIV} at (0,0) size 80x16
              RenderBlock {DIV} at (0,0) size 80x16
                RenderBlock {DIV} at (0,0) size 0x16
        RenderListItem {LI} at (40,72) size 744x18
          RenderListMarker at (-17,0) size 7x17: bullet
          RenderText {#text} at (0,0) size 85x17
            text run at (0,0) width 85: "value=1000: "
          RenderBlock {METER} at (84,1) size 81x16
            RenderBlock {DIV} at (0,0) size 80x16
              RenderBlock {DIV} at (0,0) size 80x16
                RenderBlock {DIV} at (0,0) size 80x16
      RenderBlock {H2} at (0,409) size 784x28
        RenderText {#text} at (0,0) size 144x26
          text run at (0,0) width 144: "optimum=750"
      RenderBlock {UL} at (0,456) size 784x91
        RenderListItem {LI} at (40,0) size 744x18
          RenderListMarker at (-17,0) size 7x17: bullet
          RenderText {#text} at (0,0) size 77x17
            text run at (0,0) width 77: "value=150: "
          RenderBlock {METER} at (76,1) size 81x16
            RenderBlock {DIV} at (0,0) size 80x16
              RenderBlock {DIV} at (0,0) size 80x16
                RenderBlock {DIV} at (0,0) size 20x16
        RenderListItem {LI} at (40,18) size 744x18
          RenderListMarker at (-17,0) size 7x17: bullet
          RenderText {#text} at (0,0) size 77x17
            text run at (0,0) width 77: "value=450: "
          RenderBlock {METER} at (76,1) size 81x16
            RenderBlock {DIV} at (0,0) size 80x16
              RenderBlock {DIV} at (0,0) size 80x16
                RenderBlock {DIV} at (0,0) size 36x16
        RenderListItem {LI} at (40,36) size 744x18
          RenderListMarker at (-17,0) size 7x17: bullet
          RenderText {#text} at (0,0) size 77x17
            text run at (0,0) width 77: "value=750: "
          RenderBlock {METER} at (76,1) size 81x16
            RenderBlock {DIV} at (0,0) size 80x16
              RenderBlock {DIV} at (0,0) size 80x16
                RenderBlock {DIV} at (0,0) size 60x16
        RenderListItem {LI} at (40,54) size 744x18
          RenderListMarker at (-17,0) size 7x17: bullet
          RenderText {#text} at (0,0) size 61x17
            text run at (0,0) width 61: "value=0: "
          RenderBlock {METER} at (60,1) size 81x16
            RenderBlock {DIV} at (0,0) size 80x16
              RenderBlock {DIV} at (0,0) size 80x16
                RenderBlock {DIV} at (0,0) size 0x16
        RenderListItem {LI} at (40,72) size 744x18
          RenderListMarker at (-17,0) size 7x17: bullet
          RenderText {#text} at (0,0) size 85x17
            text run at (0,0) width 85: "value=1000: "
          RenderBlock {METER} at (84,1) size 81x16
            RenderBlock {DIV} at (0,0) size 80x16
              RenderBlock {DIV} at (0,0) size 80x16
                RenderBlock {DIV} at (0,0) size 80x16
