layer at (0,0) size 785x5468
  RenderView at (0,0) size 785x600
layer at (0,0) size 785x5468
  RenderBlock {HTML} at (0,0) size 785x5468
    RenderBody {BODY} at (8,8) size 769x5444
      RenderBlock (anonymous) at (0,0) size 769x18
        RenderText {#text} at (0,0) size 307x17
          text run at (0,0) width 307: "This tests font choices and metrics for serif fonts."
      RenderBlock {P} at (0,34) size 769x126
        RenderInline {FONT} at (0,0) size 769x125
          RenderText {#text} at (0,0) size 124x17
            text run at (0,0) width 124: "Times New Roman"
          RenderBR {BR} at (124,0) size 0x17
          RenderText {#text} at (0,18) size 766x35
            text run at (0,18) width 766: "  ! \" # $ % & ' ( ) * + , - . / 0 1 2 3 4 5 6 7 8 9 : ; < = > ? @ A B C D E F G H I J K L M N O P Q R S T U V W X Y Z ["
            text run at (0,36) width 382: "\\ ] ^ _ ` a b c d e f g h i j k l m n o p q r s t u v w x y z { | } >"
          RenderBR {BR} at (382,36) size 0x17
          RenderInline {B} at (0,0) size 765x35
            RenderText {#text} at (0,54) size 765x35
              text run at (0,54) width 765: "  ! \" # $ % & ' ( ) * + , - . / 0 1 2 3 4 5 6 7 8 9 : ; < = > ? @ A B C D E F G H I J K L M N O P Q R S T U V W X Y"
              text run at (0,72) width 422: "Z [ \\ ] ^ _ ` a b c d e f g h i j k l m n o p q r s t u v w x y z { | } > "
          RenderBR {BR} at (422,72) size 0x17
          RenderInline {I} at (0,0) size 769x35
            RenderText {#text} at (0,90) size 769x35
              text run at (0,90) width 769: "  ! \" # $ % & ' ( ) * + , - . / 0 1 2 3 4 5 6 7 8 9 : ; < = > ? @ A B C D E F G H I J K L M N O P Q R S T U V W X Y Z [ \\"
              text run at (0,108) width 368: "] ^ _ ` a b c d e f g h i j k l m n o p q r s t u v w x y z { | } >"
          RenderText {#text} at (0,0) size 0x0
        RenderText {#text} at (0,0) size 0x0
      RenderBlock {P} at (0,176) size 769x126
        RenderInline {FONT} at (0,0) size 769x125
          RenderText {#text} at (0,0) size 39x17
            text run at (0,0) width 39: "Times"
          RenderBR {BR} at (39,0) size 0x17
          RenderText {#text} at (0,18) size 766x35
            text run at (0,18) width 766: "  ! \" # $ % & ' ( ) * + , - . / 0 1 2 3 4 5 6 7 8 9 : ; < = > ? @ A B C D E F G H I J K L M N O P Q R S T U V W X Y Z ["
            text run at (0,36) width 382: "\\ ] ^ _ ` a b c d e f g h i j k l m n o p q r s t u v w x y z { | } >"
          RenderBR {BR} at (382,36) size 0x17
          RenderInline {B} at (0,0) size 765x35
            RenderText {#text} at (0,54) size 765x35
              text run at (0,54) width 765: "  ! \" # $ % & ' ( ) * + , - . / 0 1 2 3 4 5 6 7 8 9 : ; < = > ? @ A B C D E F G H I J K L M N O P Q R S T U V W X Y"
              text run at (0,72) width 422: "Z [ \\ ] ^ _ ` a b c d e f g h i j k l m n o p q r s t u v w x y z { | } > "
          RenderBR {BR} at (422,72) size 0x17
          RenderInline {I} at (0,0) size 769x35
            RenderText {#text} at (0,90) size 769x35
              text run at (0,90) width 769: "  ! \" # $ % & ' ( ) * + , - . / 0 1 2 3 4 5 6 7 8 9 : ; < = > ? @ A B C D E F G H I J K L M N O P Q R S T U V W X Y Z [ \\"
              text run at (0,108) width 368: "] ^ _ ` a b c d e f g h i j k l m n o p q r s t u v w x y z { | } >"
          RenderText {#text} at (0,0) size 0x0
          RenderInline {FONT} at (0,0) size 0x17
            RenderText {#text} at (0,0) size 0x0
      RenderBlock {P} at (0,318) size 769x1710
        RenderInline {FONT} at (0,0) size 60x1709
          RenderInline {FONT} at (0,0) size 60x1709
            RenderText {#text} at (0,0) size 0x0
            RenderInline {FONT} at (0,0) size 60x1709
              RenderText {#text} at (0,0) size 27x17
                text run at (0,0) width 27: "serif"
              RenderBR {BR} at (27,0) size 0x17
              RenderText {#text} at (0,18) size 16x17
                text run at (0,18) width 16: "    "
              RenderBR {BR} at (16,18) size 0x17
              RenderText {#text} at (0,36) size 20x17
                text run at (0,36) width 20: "!!!!"
              RenderBR {BR} at (20,36) size 0x17
              RenderText {#text} at (0,54) size 28x17
                text run at (0,54) width 28: "\"\"\"\""
              RenderBR {BR} at (28,54) size 0x17
              RenderText {#text} at (0,72) size 32x17
                text run at (0,72) width 32: "####"
              RenderBR {BR} at (32,72) size 0x17
              RenderText {#text} at (0,90) size 32x17
                text run at (0,90) width 32: "$$$$"
              RenderBR {BR} at (32,90) size 0x17
              RenderText {#text} at (0,108) size 52x17
                text run at (0,108) width 52: "%%%%"
              RenderBR {BR} at (52,108) size 0x17
              RenderText {#text} at (0,126) size 48x17
                text run at (0,126) width 48: "&&&&"
              RenderBR {BR} at (48,126) size 0x17
              RenderText {#text} at (0,144) size 12x17
                text run at (0,144) width 12: "''''"
              RenderBR {BR} at (12,144) size 0x17
              RenderText {#text} at (0,162) size 20x17
                text run at (0,162) width 20: "(((("
              RenderBR {BR} at (20,162) size 0x17
              RenderText {#text} at (0,180) size 20x17
                text run at (0,180) width 20: "))))"
              RenderBR {BR} at (20,180) size 0x17
              RenderText {#text} at (0,198) size 32x17
                text run at (0,198) width 32: "****"
              RenderBR {BR} at (32,198) size 0x17
              RenderText {#text} at (0,216) size 36x17
                text run at (0,216) width 36: "++++"
              RenderBR {BR} at (36,216) size 0x17
              RenderText {#text} at (0,234) size 16x17
                text run at (0,234) width 16: ",,,,"
              RenderBR {BR} at (16,234) size 0x17
              RenderText {#text} at (0,252) size 20x17
                text run at (0,252) width 20: "----"
              RenderBR {BR} at (20,252) size 0x17
              RenderText {#text} at (0,270) size 16x17
                text run at (0,270) width 16: "...."
              RenderBR {BR} at (16,270) size 0x17
              RenderText {#text} at (0,288) size 16x17
                text run at (0,288) width 16: "////"
              RenderBR {BR} at (16,288) size 0x17
              RenderText {#text} at (0,306) size 32x17
                text run at (0,306) width 32: "0000"
              RenderBR {BR} at (32,306) size 0x17
              RenderText {#text} at (0,324) size 32x17
                text run at (0,324) width 32: "1111"
              RenderBR {BR} at (32,324) size 0x17
              RenderText {#text} at (0,342) size 32x17
                text run at (0,342) width 32: "2222"
              RenderBR {BR} at (32,342) size 0x17
              RenderText {#text} at (0,360) size 32x17
                text run at (0,360) width 32: "3333"
              RenderBR {BR} at (32,360) size 0x17
              RenderText {#text} at (0,378) size 32x17
                text run at (0,378) width 32: "4444"
              RenderBR {BR} at (32,378) size 0x17
              RenderText {#text} at (0,396) size 32x17
                text run at (0,396) width 32: "5555"
              RenderBR {BR} at (32,396) size 0x17
              RenderText {#text} at (0,414) size 32x17
                text run at (0,414) width 32: "6666"
              RenderBR {BR} at (32,414) size 0x17
              RenderText {#text} at (0,432) size 32x17
                text run at (0,432) width 32: "7777"
              RenderBR {BR} at (32,432) size 0x17
              RenderText {#text} at (0,450) size 32x17
                text run at (0,450) width 32: "8888"
              RenderBR {BR} at (32,450) size 0x17
              RenderText {#text} at (0,468) size 32x17
                text run at (0,468) width 32: "9999"
              RenderBR {BR} at (32,468) size 0x17
              RenderText {#text} at (0,486) size 16x17
                text run at (0,486) width 16: "::::"
              RenderBR {BR} at (16,486) size 0x17
              RenderText {#text} at (0,504) size 16x17
                text run at (0,504) width 16: ";;;;"
              RenderBR {BR} at (16,504) size 0x17
              RenderText {#text} at (0,522) size 36x17
                text run at (0,522) width 36: "<<<<"
              RenderBR {BR} at (36,522) size 0x17
              RenderText {#text} at (0,540) size 36x17
                text run at (0,540) width 36: "===="
              RenderBR {BR} at (36,540) size 0x17
              RenderText {#text} at (0,558) size 36x17
                text run at (0,558) width 36: ">>>>"
              RenderBR {BR} at (36,558) size 0x17
              RenderText {#text} at (0,576) size 28x17
                text run at (0,576) width 28: "????"
              RenderBR {BR} at (28,576) size 0x17
              RenderText {#text} at (0,594) size 60x17
                text run at (0,594) width 60: "@@@@"
              RenderBR {BR} at (60,594) size 0x17
              RenderText {#text} at (0,612) size 48x17
                text run at (0,612) width 48: "AAAA"
              RenderBR {BR} at (48,612) size 0x17
              RenderText {#text} at (0,630) size 44x17
                text run at (0,630) width 44: "BBBB"
              RenderBR {BR} at (44,630) size 0x17
              RenderText {#text} at (0,648) size 44x17
                text run at (0,648) width 44: "CCCC"
              RenderBR {BR} at (44,648) size 0x17
              RenderText {#text} at (0,666) size 48x17
                text run at (0,666) width 48: "DDDD"
              RenderBR {BR} at (48,666) size 0x17
              RenderText {#text} at (0,684) size 40x17
                text run at (0,684) width 40: "EEEE"
              RenderBR {BR} at (40,684) size 0x17
              RenderText {#text} at (0,702) size 36x17
                text run at (0,702) width 36: "FFFF"
              RenderBR {BR} at (36,702) size 0x17
              RenderText {#text} at (0,720) size 48x17
                text run at (0,720) width 48: "GGGG"
              RenderBR {BR} at (48,720) size 0x17
              RenderText {#text} at (0,738) size 48x17
                text run at (0,738) width 48: "HHHH"
              RenderBR {BR} at (48,738) size 0x17
              RenderText {#text} at (0,756) size 20x17
                text run at (0,756) width 20: "IIII"
              RenderBR {BR} at (20,756) size 0x17
              RenderText {#text} at (0,774) size 24x17
                text run at (0,774) width 24: "JJJJ"
              RenderBR {BR} at (24,774) size 0x17
              RenderText {#text} at (0,792) size 48x17
                text run at (0,792) width 48: "KKKK"
              RenderBR {BR} at (48,792) size 0x17
              RenderText {#text} at (0,810) size 40x17
                text run at (0,810) width 40: "LLLL"
              RenderBR {BR} at (40,810) size 0x17
              RenderText {#text} at (0,828) size 56x17
                text run at (0,828) width 56: "MMMM"
              RenderBR {BR} at (56,828) size 0x17
              RenderText {#text} at (0,846) size 48x17
                text run at (0,846) width 48: "NNNN"
              RenderBR {BR} at (48,846) size 0x17
              RenderText {#text} at (0,864) size 48x17
                text run at (0,864) width 48: "OOOO"
              RenderBR {BR} at (48,864) size 0x17
              RenderText {#text} at (0,882) size 36x17
                text run at (0,882) width 36: "PPPP"
              RenderBR {BR} at (36,882) size 0x17
              RenderText {#text} at (0,900) size 48x17
                text run at (0,900) width 48: "QQQQ"
              RenderBR {BR} at (48,900) size 0x17
              RenderText {#text} at (0,918) size 44x17
                text run at (0,918) width 44: "RRRR"
              RenderBR {BR} at (44,918) size 0x17
              RenderText {#text} at (0,936) size 36x17
                text run at (0,936) width 36: "SSSS"
              RenderBR {BR} at (36,936) size 0x17
              RenderText {#text} at (0,954) size 40x17
                text run at (0,954) width 40: "TTTT"
              RenderBR {BR} at (40,954) size 0x17
              RenderText {#text} at (0,972) size 48x17
                text run at (0,972) width 48: "UUUU"
              RenderBR {BR} at (48,972) size 0x17
              RenderText {#text} at (0,990) size 48x17
                text run at (0,990) width 48: "VVVV"
              RenderBR {BR} at (48,990) size 0x17
              RenderText {#text} at (0,1008) size 60x17
                text run at (0,1008) width 60: "WWWW"
              RenderBR {BR} at (60,1008) size 0x17
              RenderText {#text} at (0,1026) size 48x17
                text run at (0,1026) width 48: "XXXX"
              RenderBR {BR} at (48,1026) size 0x17
              RenderText {#text} at (0,1044) size 48x17
                text run at (0,1044) width 48: "YYYY"
              RenderBR {BR} at (48,1044) size 0x17
              RenderText {#text} at (0,1062) size 40x17
                text run at (0,1062) width 40: "ZZZZ"
              RenderBR {BR} at (40,1062) size 0x17
              RenderText {#text} at (0,1080) size 20x17
                text run at (0,1080) width 20: "[[[["
              RenderBR {BR} at (20,1080) size 0x17
              RenderText {#text} at (0,1098) size 16x17
                text run at (0,1098) width 16: "\\\\\\\\"
              RenderBR {BR} at (16,1098) size 0x17
              RenderText {#text} at (0,1116) size 20x17
                text run at (0,1116) width 20: "]]]]"
              RenderBR {BR} at (20,1116) size 0x17
              RenderText {#text} at (0,1134) size 32x17
                text run at (0,1134) width 32: "^^^^"
              RenderBR {BR} at (32,1134) size 0x17
              RenderText {#text} at (0,1152) size 32x17
                text run at (0,1152) width 32: "____"
              RenderBR {BR} at (32,1152) size 0x17
              RenderText {#text} at (0,1170) size 20x17
                text run at (0,1170) width 20: "````"
              RenderBR {BR} at (20,1170) size 0x17
              RenderText {#text} at (0,1188) size 28x17
                text run at (0,1188) width 28: "aaaa"
              RenderBR {BR} at (28,1188) size 0x17
              RenderText {#text} at (0,1206) size 32x17
                text run at (0,1206) width 32: "bbbb"
              RenderBR {BR} at (32,1206) size 0x17
              RenderText {#text} at (0,1224) size 28x17
                text run at (0,1224) width 28: "cccc"
              RenderBR {BR} at (28,1224) size 0x17
              RenderText {#text} at (0,1242) size 32x17
                text run at (0,1242) width 32: "dddd"
              RenderBR {BR} at (32,1242) size 0x17
              RenderText {#text} at (0,1260) size 28x17
                text run at (0,1260) width 28: "eeee"
              RenderBR {BR} at (28,1260) size 0x17
              RenderText {#text} at (0,1278) size 20x17
                text run at (0,1278) width 20: "ffff"
              RenderBR {BR} at (20,1278) size 0x17
              RenderText {#text} at (0,1296) size 32x17
                text run at (0,1296) width 32: "gggg"
              RenderBR {BR} at (32,1296) size 0x17
              RenderText {#text} at (0,1314) size 32x17
                text run at (0,1314) width 32: "hhhh"
              RenderBR {BR} at (32,1314) size 0x17
              RenderText {#text} at (0,1332) size 16x17
                text run at (0,1332) width 16: "iiii"
              RenderBR {BR} at (16,1332) size 0x17
              RenderText {#text} at (0,1350) size 16x17
                text run at (0,1350) width 16: "jjjj"
              RenderBR {BR} at (16,1350) size 0x17
              RenderText {#text} at (0,1368) size 32x17
                text run at (0,1368) width 32: "kkkk"
              RenderBR {BR} at (32,1368) size 0x17
              RenderText {#text} at (0,1386) size 16x17
                text run at (0,1386) width 16: "llll"
              RenderBR {BR} at (16,1386) size 0x17
              RenderText {#text} at (0,1404) size 48x17
                text run at (0,1404) width 48: "mmmm"
              RenderBR {BR} at (48,1404) size 0x17
              RenderText {#text} at (0,1422) size 32x17
                text run at (0,1422) width 32: "nnnn"
              RenderBR {BR} at (32,1422) size 0x17
              RenderText {#text} at (0,1440) size 32x17
                text run at (0,1440) width 32: "oooo"
              RenderBR {BR} at (32,1440) size 0x17
              RenderText {#text} at (0,1458) size 32x17
                text run at (0,1458) width 32: "pppp"
              RenderBR {BR} at (32,1458) size 0x17
              RenderText {#text} at (0,1476) size 32x17
                text run at (0,1476) width 32: "qqqq"
              RenderBR {BR} at (32,1476) size 0x17
              RenderText {#text} at (0,1494) size 20x17
                text run at (0,1494) width 20: "rrrr"
              RenderBR {BR} at (20,1494) size 0x17
              RenderText {#text} at (0,1512) size 24x17
                text run at (0,1512) width 24: "ssss"
              RenderBR {BR} at (24,1512) size 0x17
              RenderText {#text} at (0,1530) size 16x17
                text run at (0,1530) width 16: "tttt"
              RenderBR {BR} at (16,1530) size 0x17
              RenderText {#text} at (0,1548) size 32x17
                text run at (0,1548) width 32: "uuuu"
              RenderBR {BR} at (32,1548) size 0x17
              RenderText {#text} at (0,1566) size 32x17
                text run at (0,1566) width 32: "vvvv"
              RenderBR {BR} at (32,1566) size 0x17
              RenderText {#text} at (0,1584) size 48x17
                text run at (0,1584) width 48: "wwww"
              RenderBR {BR} at (48,1584) size 0x17
              RenderText {#text} at (0,1602) size 32x17
                text run at (0,1602) width 32: "xxxx"
              RenderBR {BR} at (32,1602) size 0x17
              RenderText {#text} at (0,1620) size 32x17
                text run at (0,1620) width 32: "yyyy"
              RenderBR {BR} at (32,1620) size 0x17
              RenderText {#text} at (0,1638) size 28x17
                text run at (0,1638) width 28: "zzzz"
              RenderBR {BR} at (28,1638) size 0x17
              RenderText {#text} at (0,1656) size 32x17
                text run at (0,1656) width 32: "{{{{"
              RenderBR {BR} at (32,1656) size 0x17
              RenderText {#text} at (0,1674) size 12x17
                text run at (0,1674) width 12: "||||"
              RenderBR {BR} at (12,1674) size 0x17
              RenderText {#text} at (0,1692) size 32x17
                text run at (0,1692) width 32: "}}}}"
              RenderBR {BR} at (32,1692) size 0x17
      RenderBlock {P} at (0,2044) size 769x1692
        RenderInline {FONT} at (0,0) size 64x1691
          RenderInline {FONT} at (0,0) size 64x1691
            RenderInline {FONT} at (0,0) size 64x1691
              RenderText {#text} at (0,0) size 0x0
              RenderInline {B} at (0,0) size 64x1691
                RenderText {#text} at (0,0) size 16x17
                  text run at (0,0) width 16: "    "
                RenderBR {BR} at (16,0) size 0x17
                RenderText {#text} at (0,18) size 20x17
                  text run at (0,18) width 20: "!!!!"
                RenderBR {BR} at (20,18) size 0x17
                RenderText {#text} at (0,36) size 36x17
                  text run at (0,36) width 36: "\"\"\"\""
                RenderBR {BR} at (36,36) size 0x17
                RenderText {#text} at (0,54) size 32x17
                  text run at (0,54) width 32: "####"
                RenderBR {BR} at (32,54) size 0x17
                RenderText {#text} at (0,72) size 32x17
                  text run at (0,72) width 32: "$$$$"
                RenderBR {BR} at (32,72) size 0x17
                RenderText {#text} at (0,90) size 64x17
                  text run at (0,90) width 64: "%%%%"
                RenderBR {BR} at (64,90) size 0x17
                RenderText {#text} at (0,108) size 52x17
                  text run at (0,108) width 52: "&&&&"
                RenderBR {BR} at (52,108) size 0x17
                RenderText {#text} at (0,126) size 16x17
                  text run at (0,126) width 16: "''''"
                RenderBR {BR} at (16,126) size 0x17
                RenderText {#text} at (0,144) size 20x17
                  text run at (0,144) width 20: "(((("
                RenderBR {BR} at (20,144) size 0x17
                RenderText {#text} at (0,162) size 20x17
                  text run at (0,162) width 20: "))))"
                RenderBR {BR} at (20,162) size 0x17
                RenderText {#text} at (0,180) size 32x17
                  text run at (0,180) width 32: "****"
                RenderBR {BR} at (32,180) size 0x17
                RenderText {#text} at (0,198) size 36x17
                  text run at (0,198) width 36: "++++"
                RenderBR {BR} at (36,198) size 0x17
                RenderText {#text} at (0,216) size 16x17
                  text run at (0,216) width 16: ",,,,"
                RenderBR {BR} at (16,216) size 0x17
                RenderText {#text} at (0,234) size 20x17
                  text run at (0,234) width 20: "----"
                RenderBR {BR} at (20,234) size 0x17
                RenderText {#text} at (0,252) size 16x17
                  text run at (0,252) width 16: "...."
                RenderBR {BR} at (16,252) size 0x17
                RenderText {#text} at (0,270) size 16x17
                  text run at (0,270) width 16: "////"
                RenderBR {BR} at (16,270) size 0x17
                RenderText {#text} at (0,288) size 32x17
                  text run at (0,288) width 32: "0000"
                RenderBR {BR} at (32,288) size 0x17
                RenderText {#text} at (0,306) size 32x17
                  text run at (0,306) width 32: "1111"
                RenderBR {BR} at (32,306) size 0x17
                RenderText {#text} at (0,324) size 32x17
                  text run at (0,324) width 32: "2222"
                RenderBR {BR} at (32,324) size 0x17
                RenderText {#text} at (0,342) size 32x17
                  text run at (0,342) width 32: "3333"
                RenderBR {BR} at (32,342) size 0x17
                RenderText {#text} at (0,360) size 32x17
                  text run at (0,360) width 32: "4444"
                RenderBR {BR} at (32,360) size 0x17
                RenderText {#text} at (0,378) size 32x17
                  text run at (0,378) width 32: "5555"
                RenderBR {BR} at (32,378) size 0x17
                RenderText {#text} at (0,396) size 32x17
                  text run at (0,396) width 32: "6666"
                RenderBR {BR} at (32,396) size 0x17
                RenderText {#text} at (0,414) size 32x17
                  text run at (0,414) width 32: "7777"
                RenderBR {BR} at (32,414) size 0x17
                RenderText {#text} at (0,432) size 32x17
                  text run at (0,432) width 32: "8888"
                RenderBR {BR} at (32,432) size 0x17
                RenderText {#text} at (0,450) size 32x17
                  text run at (0,450) width 32: "9999"
                RenderBR {BR} at (32,450) size 0x17
                RenderText {#text} at (0,468) size 20x17
                  text run at (0,468) width 20: "::::"
                RenderBR {BR} at (20,468) size 0x17
                RenderText {#text} at (0,486) size 20x17
                  text run at (0,486) width 20: ";;;;"
                RenderBR {BR} at (20,486) size 0x17
                RenderText {#text} at (0,504) size 36x17
                  text run at (0,504) width 36: "<<<<"
                RenderBR {BR} at (36,504) size 0x17
                RenderText {#text} at (0,522) size 36x17
                  text run at (0,522) width 36: "===="
                RenderBR {BR} at (36,522) size 0x17
                RenderText {#text} at (0,540) size 36x17
                  text run at (0,540) width 36: ">>>>"
                RenderBR {BR} at (36,540) size 0x17
                RenderText {#text} at (0,558) size 32x17
                  text run at (0,558) width 32: "????"
                RenderBR {BR} at (32,558) size 0x17
                RenderText {#text} at (0,576) size 60x17
                  text run at (0,576) width 60: "@@@@"
                RenderBR {BR} at (60,576) size 0x17
                RenderText {#text} at (0,594) size 48x17
                  text run at (0,594) width 48: "AAAA"
                RenderBR {BR} at (48,594) size 0x17
                RenderText {#text} at (0,612) size 44x17
                  text run at (0,612) width 44: "BBBB"
                RenderBR {BR} at (44,612) size 0x17
                RenderText {#text} at (0,630) size 48x17
                  text run at (0,630) width 48: "CCCC"
                RenderBR {BR} at (48,630) size 0x17
                RenderText {#text} at (0,648) size 48x17
                  text run at (0,648) width 48: "DDDD"
                RenderBR {BR} at (48,648) size 0x17
                RenderText {#text} at (0,666) size 44x17
                  text run at (0,666) width 44: "EEEE"
                RenderBR {BR} at (44,666) size 0x17
                RenderText {#text} at (0,684) size 40x17
                  text run at (0,684) width 40: "FFFF"
                RenderBR {BR} at (40,684) size 0x17
                RenderText {#text} at (0,702) size 48x17
                  text run at (0,702) width 48: "GGGG"
                RenderBR {BR} at (48,702) size 0x17
                RenderText {#text} at (0,720) size 48x17
                  text run at (0,720) width 48: "HHHH"
                RenderBR {BR} at (48,720) size 0x17
                RenderText {#text} at (0,738) size 24x17
                  text run at (0,738) width 24: "IIII"
                RenderBR {BR} at (24,738) size 0x17
                RenderText {#text} at (0,756) size 32x17
                  text run at (0,756) width 32: "JJJJ"
                RenderBR {BR} at (32,756) size 0x17
                RenderText {#text} at (0,774) size 48x17
                  text run at (0,774) width 48: "KKKK"
                RenderBR {BR} at (48,774) size 0x17
                RenderText {#text} at (0,792) size 44x17
                  text run at (0,792) width 44: "LLLL"
                RenderBR {BR} at (44,792) size 0x17
                RenderText {#text} at (0,810) size 60x17
                  text run at (0,810) width 60: "MMMM"
                RenderBR {BR} at (60,810) size 0x17
                RenderText {#text} at (0,828) size 48x17
                  text run at (0,828) width 48: "NNNN"
                RenderBR {BR} at (48,828) size 0x17
                RenderText {#text} at (0,846) size 48x17
                  text run at (0,846) width 48: "OOOO"
                RenderBR {BR} at (48,846) size 0x17
                RenderText {#text} at (0,864) size 40x17
                  text run at (0,864) width 40: "PPPP"
                RenderBR {BR} at (40,864) size 0x17
                RenderText {#text} at (0,882) size 48x17
                  text run at (0,882) width 48: "QQQQ"
                RenderBR {BR} at (48,882) size 0x17
                RenderText {#text} at (0,900) size 48x17
                  text run at (0,900) width 48: "RRRR"
                RenderBR {BR} at (48,900) size 0x17
                RenderText {#text} at (0,918) size 36x17
                  text run at (0,918) width 36: "SSSS"
                RenderBR {BR} at (36,918) size 0x17
                RenderText {#text} at (0,936) size 44x17
                  text run at (0,936) width 44: "TTTT"
                RenderBR {BR} at (44,936) size 0x17
                RenderText {#text} at (0,954) size 48x17
                  text run at (0,954) width 48: "UUUU"
                RenderBR {BR} at (48,954) size 0x17
                RenderText {#text} at (0,972) size 48x17
                  text run at (0,972) width 48: "VVVV"
                RenderBR {BR} at (48,972) size 0x17
                RenderText {#text} at (0,990) size 64x17
                  text run at (0,990) width 64: "WWWW"
                RenderBR {BR} at (64,990) size 0x17
                RenderText {#text} at (0,1008) size 48x17
                  text run at (0,1008) width 48: "XXXX"
                RenderBR {BR} at (48,1008) size 0x17
                RenderText {#text} at (0,1026) size 48x17
                  text run at (0,1026) width 48: "YYYY"
                RenderBR {BR} at (48,1026) size 0x17
                RenderText {#text} at (0,1044) size 44x17
                  text run at (0,1044) width 44: "ZZZZ"
                RenderBR {BR} at (44,1044) size 0x17
                RenderText {#text} at (0,1062) size 20x17
                  text run at (0,1062) width 20: "[[[["
                RenderBR {BR} at (20,1062) size 0x17
                RenderText {#text} at (0,1080) size 16x17
                  text run at (0,1080) width 16: "\\\\\\\\"
                RenderBR {BR} at (16,1080) size 0x17
                RenderText {#text} at (0,1098) size 20x17
                  text run at (0,1098) width 20: "]]]]"
                RenderBR {BR} at (20,1098) size 0x17
                RenderText {#text} at (0,1116) size 36x17
                  text run at (0,1116) width 36: "^^^^"
                RenderBR {BR} at (36,1116) size 0x17
                RenderText {#text} at (0,1134) size 32x17
                  text run at (0,1134) width 32: "____"
                RenderBR {BR} at (32,1134) size 0x17
                RenderText {#text} at (0,1152) size 20x17
                  text run at (0,1152) width 20: "````"
                RenderBR {BR} at (20,1152) size 0x17
                RenderText {#text} at (0,1170) size 32x17
                  text run at (0,1170) width 32: "aaaa"
                RenderBR {BR} at (32,1170) size 0x17
                RenderText {#text} at (0,1188) size 36x17
                  text run at (0,1188) width 36: "bbbb"
                RenderBR {BR} at (36,1188) size 0x17
                RenderText {#text} at (0,1206) size 28x17
                  text run at (0,1206) width 28: "cccc"
                RenderBR {BR} at (28,1206) size 0x17
                RenderText {#text} at (0,1224) size 36x17
                  text run at (0,1224) width 36: "dddd"
                RenderBR {BR} at (36,1224) size 0x17
                RenderText {#text} at (0,1242) size 28x17
                  text run at (0,1242) width 28: "eeee"
                RenderBR {BR} at (28,1242) size 0x17
                RenderText {#text} at (0,1260) size 20x17
                  text run at (0,1260) width 20: "ffff"
                RenderBR {BR} at (20,1260) size 0x17
                RenderText {#text} at (0,1278) size 32x17
                  text run at (0,1278) width 32: "gggg"
                RenderBR {BR} at (32,1278) size 0x17
                RenderText {#text} at (0,1296) size 36x17
                  text run at (0,1296) width 36: "hhhh"
                RenderBR {BR} at (36,1296) size 0x17
                RenderText {#text} at (0,1314) size 16x17
                  text run at (0,1314) width 16: "iiii"
                RenderBR {BR} at (16,1314) size 0x17
                RenderText {#text} at (0,1332) size 20x17
                  text run at (0,1332) width 20: "jjjj"
                RenderBR {BR} at (20,1332) size 0x17
                RenderText {#text} at (0,1350) size 36x17
                  text run at (0,1350) width 36: "kkkk"
                RenderBR {BR} at (36,1350) size 0x17
                RenderText {#text} at (0,1368) size 16x17
                  text run at (0,1368) width 16: "llll"
                RenderBR {BR} at (16,1368) size 0x17
                RenderText {#text} at (0,1386) size 52x17
                  text run at (0,1386) width 52: "mmmm"
                RenderBR {BR} at (52,1386) size 0x17
                RenderText {#text} at (0,1404) size 36x17
                  text run at (0,1404) width 36: "nnnn"
                RenderBR {BR} at (36,1404) size 0x17
                RenderText {#text} at (0,1422) size 32x17
                  text run at (0,1422) width 32: "oooo"
                RenderBR {BR} at (32,1422) size 0x17
                RenderText {#text} at (0,1440) size 36x17
                  text run at (0,1440) width 36: "pppp"
                RenderBR {BR} at (36,1440) size 0x17
                RenderText {#text} at (0,1458) size 36x17
                  text run at (0,1458) width 36: "qqqq"
                RenderBR {BR} at (36,1458) size 0x17
                RenderText {#text} at (0,1476) size 28x17
                  text run at (0,1476) width 28: "rrrr"
                RenderBR {BR} at (28,1476) size 0x17
                RenderText {#text} at (0,1494) size 24x17
                  text run at (0,1494) width 24: "ssss"
                RenderBR {BR} at (24,1494) size 0x17
                RenderText {#text} at (0,1512) size 20x17
                  text run at (0,1512) width 20: "tttt"
                RenderBR {BR} at (20,1512) size 0x17
                RenderText {#text} at (0,1530) size 36x17
                  text run at (0,1530) width 36: "uuuu"
                RenderBR {BR} at (36,1530) size 0x17
                RenderText {#text} at (0,1548) size 32x17
                  text run at (0,1548) width 32: "vvvv"
                RenderBR {BR} at (32,1548) size 0x17
                RenderText {#text} at (0,1566) size 48x17
                  text run at (0,1566) width 48: "wwww"
                RenderBR {BR} at (48,1566) size 0x17
                RenderText {#text} at (0,1584) size 32x17
                  text run at (0,1584) width 32: "xxxx"
                RenderBR {BR} at (32,1584) size 0x17
                RenderText {#text} at (0,1602) size 32x17
                  text run at (0,1602) width 32: "yyyy"
                RenderBR {BR} at (32,1602) size 0x17
                RenderText {#text} at (0,1620) size 28x17
                  text run at (0,1620) width 28: "zzzz"
                RenderBR {BR} at (28,1620) size 0x17
                RenderText {#text} at (0,1638) size 24x17
                  text run at (0,1638) width 24: "{{{{"
                RenderBR {BR} at (24,1638) size 0x17
                RenderText {#text} at (0,1656) size 16x17
                  text run at (0,1656) width 16: "||||"
                RenderBR {BR} at (16,1656) size 0x17
                RenderText {#text} at (0,1674) size 24x17
                  text run at (0,1674) width 24: "}}}}"
                RenderBR {BR} at (24,1674) size 0x17
              RenderText {#text} at (0,0) size 0x0
      RenderBlock {P} at (0,3752) size 769x1692
        RenderInline {FONT} at (0,0) size 60x1691
          RenderInline {FONT} at (0,0) size 60x1691
            RenderInline {FONT} at (0,0) size 60x1691
              RenderText {#text} at (0,0) size 0x0
              RenderInline {I} at (0,0) size 60x1691
                RenderText {#text} at (0,0) size 16x17
                  text run at (0,0) width 16: "    "
                RenderBR {BR} at (16,0) size 0x17
                RenderText {#text} at (0,18) size 20x17
                  text run at (0,18) width 20: "!!!!"
                RenderBR {BR} at (20,18) size 0x17
                RenderText {#text} at (0,36) size 28x17
                  text run at (0,36) width 28: "\"\"\"\""
                RenderBR {BR} at (28,36) size 0x17
                RenderText {#text} at (0,54) size 32x17
                  text run at (0,54) width 32: "####"
                RenderBR {BR} at (32,54) size 0x17
                RenderText {#text} at (0,72) size 32x17
                  text run at (0,72) width 32: "$$$$"
                RenderBR {BR} at (32,72) size 0x17
                RenderText {#text} at (0,90) size 52x17
                  text run at (0,90) width 52: "%%%%"
                RenderBR {BR} at (52,90) size 0x17
                RenderText {#text} at (0,108) size 48x17
                  text run at (0,108) width 48: "&&&&"
                RenderBR {BR} at (48,108) size 0x17
                RenderText {#text} at (0,126) size 12x17
                  text run at (0,126) width 12: "''''"
                RenderBR {BR} at (12,126) size 0x17
                RenderText {#text} at (0,144) size 20x17
                  text run at (0,144) width 20: "(((("
                RenderBR {BR} at (20,144) size 0x17
                RenderText {#text} at (0,162) size 20x17
                  text run at (0,162) width 20: "))))"
                RenderBR {BR} at (20,162) size 0x17
                RenderText {#text} at (0,180) size 32x17
                  text run at (0,180) width 32: "****"
                RenderBR {BR} at (32,180) size 0x17
                RenderText {#text} at (0,198) size 44x17
                  text run at (0,198) width 44: "++++"
                RenderBR {BR} at (44,198) size 0x17
                RenderText {#text} at (0,216) size 16x17
                  text run at (0,216) width 16: ",,,,"
                RenderBR {BR} at (16,216) size 0x17
                RenderText {#text} at (0,234) size 20x17
                  text run at (0,234) width 20: "----"
                RenderBR {BR} at (20,234) size 0x17
                RenderText {#text} at (0,252) size 16x17
                  text run at (0,252) width 16: "...."
                RenderBR {BR} at (16,252) size 0x17
                RenderText {#text} at (0,270) size 16x17
                  text run at (0,270) width 16: "////"
                RenderBR {BR} at (16,270) size 0x17
                RenderText {#text} at (0,288) size 32x17
                  text run at (0,288) width 32: "0000"
                RenderBR {BR} at (32,288) size 0x17
                RenderText {#text} at (0,306) size 32x17
                  text run at (0,306) width 32: "1111"
                RenderBR {BR} at (32,306) size 0x17
                RenderText {#text} at (0,324) size 32x17
                  text run at (0,324) width 32: "2222"
                RenderBR {BR} at (32,324) size 0x17
                RenderText {#text} at (0,342) size 32x17
                  text run at (0,342) width 32: "3333"
                RenderBR {BR} at (32,342) size 0x17
                RenderText {#text} at (0,360) size 32x17
                  text run at (0,360) width 32: "4444"
                RenderBR {BR} at (32,360) size 0x17
                RenderText {#text} at (0,378) size 32x17
                  text run at (0,378) width 32: "5555"
                RenderBR {BR} at (32,378) size 0x17
                RenderText {#text} at (0,396) size 32x17
                  text run at (0,396) width 32: "6666"
                RenderBR {BR} at (32,396) size 0x17
                RenderText {#text} at (0,414) size 32x17
                  text run at (0,414) width 32: "7777"
                RenderBR {BR} at (32,414) size 0x17
                RenderText {#text} at (0,432) size 32x17
                  text run at (0,432) width 32: "8888"
                RenderBR {BR} at (32,432) size 0x17
                RenderText {#text} at (0,450) size 32x17
                  text run at (0,450) width 32: "9999"
                RenderBR {BR} at (32,450) size 0x17
                RenderText {#text} at (0,468) size 20x17
                  text run at (0,468) width 20: "::::"
                RenderBR {BR} at (20,468) size 0x17
                RenderText {#text} at (0,486) size 20x17
                  text run at (0,486) width 20: ";;;;"
                RenderBR {BR} at (20,486) size 0x17
                RenderText {#text} at (0,504) size 44x17
                  text run at (0,504) width 44: "<<<<"
                RenderBR {BR} at (44,504) size 0x17
                RenderText {#text} at (0,522) size 44x17
                  text run at (0,522) width 44: "===="
                RenderBR {BR} at (44,522) size 0x17
                RenderText {#text} at (0,540) size 44x17
                  text run at (0,540) width 44: ">>>>"
                RenderBR {BR} at (44,540) size 0x17
                RenderText {#text} at (0,558) size 32x17
                  text run at (0,558) width 32: "????"
                RenderBR {BR} at (32,558) size 0x17
                RenderText {#text} at (0,576) size 60x17
                  text run at (0,576) width 60: "@@@@"
                RenderBR {BR} at (60,576) size 0x17
                RenderText {#text} at (0,594) size 40x17
                  text run at (0,594) width 40: "AAAA"
                RenderBR {BR} at (40,594) size 0x17
                RenderText {#text} at (0,612) size 40x17
                  text run at (0,612) width 40: "BBBB"
                RenderBR {BR} at (40,612) size 0x17
                RenderText {#text} at (0,630) size 44x17
                  text run at (0,630) width 44: "CCCC"
                RenderBR {BR} at (44,630) size 0x17
                RenderText {#text} at (0,648) size 48x17
                  text run at (0,648) width 48: "DDDD"
                RenderBR {BR} at (48,648) size 0x17
                RenderText {#text} at (0,666) size 40x17
                  text run at (0,666) width 40: "EEEE"
                RenderBR {BR} at (40,666) size 0x17
                RenderText {#text} at (0,684) size 40x17
                  text run at (0,684) width 40: "FFFF"
                RenderBR {BR} at (40,684) size 0x17
                RenderText {#text} at (0,702) size 48x17
                  text run at (0,702) width 48: "GGGG"
                RenderBR {BR} at (48,702) size 0x17
                RenderText {#text} at (0,720) size 48x17
                  text run at (0,720) width 48: "HHHH"
                RenderBR {BR} at (48,720) size 0x17
                RenderText {#text} at (0,738) size 20x17
                  text run at (0,738) width 20: "IIII"
                RenderBR {BR} at (20,738) size 0x17
                RenderText {#text} at (0,756) size 28x17
                  text run at (0,756) width 28: "JJJJ"
                RenderBR {BR} at (28,756) size 0x17
                RenderText {#text} at (0,774) size 44x17
                  text run at (0,774) width 44: "KKKK"
                RenderBR {BR} at (44,774) size 0x17
                RenderText {#text} at (0,792) size 36x17
                  text run at (0,792) width 36: "LLLL"
                RenderBR {BR} at (36,792) size 0x17
                RenderText {#text} at (0,810) size 52x17
                  text run at (0,810) width 52: "MMMM"
                RenderBR {BR} at (52,810) size 0x17
                RenderText {#text} at (0,828) size 44x17
                  text run at (0,828) width 44: "NNNN"
                RenderBR {BR} at (44,828) size 0x17
                RenderText {#text} at (0,846) size 48x17
                  text run at (0,846) width 48: "OOOO"
                RenderBR {BR} at (48,846) size 0x17
                RenderText {#text} at (0,864) size 40x17
                  text run at (0,864) width 40: "PPPP"
                RenderBR {BR} at (40,864) size 0x17
                RenderText {#text} at (0,882) size 48x17
                  text run at (0,882) width 48: "QQQQ"
                RenderBR {BR} at (48,882) size 0x17
                RenderText {#text} at (0,900) size 40x17
                  text run at (0,900) width 40: "RRRR"
                RenderBR {BR} at (40,900) size 0x17
                RenderText {#text} at (0,918) size 32x17
                  text run at (0,918) width 32: "SSSS"
                RenderBR {BR} at (32,918) size 0x17
                RenderText {#text} at (0,936) size 36x17
                  text run at (0,936) width 36: "TTTT"
                RenderBR {BR} at (36,936) size 0x17
                RenderText {#text} at (0,954) size 48x17
                  text run at (0,954) width 48: "UUUU"
                RenderBR {BR} at (48,954) size 0x17
                RenderText {#text} at (0,972) size 40x17
                  text run at (0,972) width 40: "VVVV"
                RenderBR {BR} at (40,972) size 0x17
                RenderText {#text} at (0,990) size 52x17
                  text run at (0,990) width 52: "WWWW"
                RenderBR {BR} at (52,990) size 0x17
                RenderText {#text} at (0,1008) size 40x17
                  text run at (0,1008) width 40: "XXXX"
                RenderBR {BR} at (40,1008) size 0x17
                RenderText {#text} at (0,1026) size 36x17
                  text run at (0,1026) width 36: "YYYY"
                RenderBR {BR} at (36,1026) size 0x17
                RenderText {#text} at (0,1044) size 36x17
                  text run at (0,1044) width 36: "ZZZZ"
                RenderBR {BR} at (36,1044) size 0x17
                RenderText {#text} at (0,1062) size 24x17
                  text run at (0,1062) width 24: "[[[["
                RenderBR {BR} at (24,1062) size 0x17
                RenderText {#text} at (0,1080) size 16x17
                  text run at (0,1080) width 16: "\\\\\\\\"
                RenderBR {BR} at (16,1080) size 0x17
                RenderText {#text} at (0,1098) size 24x17
                  text run at (0,1098) width 24: "]]]]"
                RenderBR {BR} at (24,1098) size 0x17
                RenderText {#text} at (0,1116) size 28x17
                  text run at (0,1116) width 28: "^^^^"
                RenderBR {BR} at (28,1116) size 0x17
                RenderText {#text} at (0,1134) size 32x17
                  text run at (0,1134) width 32: "____"
                RenderBR {BR} at (32,1134) size 0x17
                RenderText {#text} at (0,1152) size 20x17
                  text run at (0,1152) width 20: "````"
                RenderBR {BR} at (20,1152) size 0x17
                RenderText {#text} at (0,1170) size 32x17
                  text run at (0,1170) width 32: "aaaa"
                RenderBR {BR} at (32,1170) size 0x17
                RenderText {#text} at (0,1188) size 32x17
                  text run at (0,1188) width 32: "bbbb"
                RenderBR {BR} at (32,1188) size 0x17
                RenderText {#text} at (0,1206) size 28x17
                  text run at (0,1206) width 28: "cccc"
                RenderBR {BR} at (28,1206) size 0x17
                RenderText {#text} at (0,1224) size 32x17
                  text run at (0,1224) width 32: "dddd"
                RenderBR {BR} at (32,1224) size 0x17
                RenderText {#text} at (0,1242) size 28x17
                  text run at (0,1242) width 28: "eeee"
                RenderBR {BR} at (28,1242) size 0x17
                RenderText {#text} at (0,1260) size 16x17
                  text run at (0,1260) width 16: "ffff"
                RenderBR {BR} at (16,1260) size 0x17
                RenderText {#text} at (0,1278) size 32x17
                  text run at (0,1278) width 32: "gggg"
                RenderBR {BR} at (32,1278) size 0x17
                RenderText {#text} at (0,1296) size 32x17
                  text run at (0,1296) width 32: "hhhh"
                RenderBR {BR} at (32,1296) size 0x17
                RenderText {#text} at (0,1314) size 16x17
                  text run at (0,1314) width 16: "iiii"
                RenderBR {BR} at (16,1314) size 0x17
                RenderText {#text} at (0,1332) size 16x17
                  text run at (0,1332) width 16: "jjjj"
                RenderBR {BR} at (16,1332) size 0x17
                RenderText {#text} at (0,1350) size 28x17
                  text run at (0,1350) width 28: "kkkk"
                RenderBR {BR} at (28,1350) size 0x17
                RenderText {#text} at (0,1368) size 16x17
                  text run at (0,1368) width 16: "llll"
                RenderBR {BR} at (16,1368) size 0x17
                RenderText {#text} at (0,1386) size 48x17
                  text run at (0,1386) width 48: "mmmm"
                RenderBR {BR} at (48,1386) size 0x17
                RenderText {#text} at (0,1404) size 32x17
                  text run at (0,1404) width 32: "nnnn"
                RenderBR {BR} at (32,1404) size 0x17
                RenderText {#text} at (0,1422) size 32x17
                  text run at (0,1422) width 32: "oooo"
                RenderBR {BR} at (32,1422) size 0x17
                RenderText {#text} at (0,1440) size 32x17
                  text run at (0,1440) width 32: "pppp"
                RenderBR {BR} at (32,1440) size 0x17
                RenderText {#text} at (0,1458) size 32x17
                  text run at (0,1458) width 32: "qqqq"
                RenderBR {BR} at (32,1458) size 0x17
                RenderText {#text} at (0,1476) size 24x17
                  text run at (0,1476) width 24: "rrrr"
                RenderBR {BR} at (24,1476) size 0x17
                RenderText {#text} at (0,1494) size 24x17
                  text run at (0,1494) width 24: "ssss"
                RenderBR {BR} at (24,1494) size 0x17
                RenderText {#text} at (0,1512) size 16x17
                  text run at (0,1512) width 16: "tttt"
                RenderBR {BR} at (16,1512) size 0x17
                RenderText {#text} at (0,1530) size 32x17
                  text run at (0,1530) width 32: "uuuu"
                RenderBR {BR} at (32,1530) size 0x17
                RenderText {#text} at (0,1548) size 28x17
                  text run at (0,1548) width 28: "vvvv"
                RenderBR {BR} at (28,1548) size 0x17
                RenderText {#text} at (0,1566) size 44x17
                  text run at (0,1566) width 44: "wwww"
                RenderBR {BR} at (44,1566) size 0x17
                RenderText {#text} at (0,1584) size 28x17
                  text run at (0,1584) width 28: "xxxx"
                RenderBR {BR} at (28,1584) size 0x17
                RenderText {#text} at (0,1602) size 28x17
                  text run at (0,1602) width 28: "yyyy"
                RenderBR {BR} at (28,1602) size 0x17
                RenderText {#text} at (0,1620) size 24x17
                  text run at (0,1620) width 24: "zzzz"
                RenderBR {BR} at (24,1620) size 0x17
                RenderText {#text} at (0,1638) size 24x17
                  text run at (0,1638) width 24: "{{{{"
                RenderBR {BR} at (24,1638) size 0x17
                RenderText {#text} at (0,1656) size 16x17
                  text run at (0,1656) width 16: "||||"
                RenderBR {BR} at (16,1656) size 0x17
                RenderText {#text} at (0,1674) size 24x17
                  text run at (0,1674) width 24: "}}}}"
                RenderBR {BR} at (24,1674) size 0x17
              RenderText {#text} at (0,0) size 0x0
            RenderText {#text} at (0,0) size 0x0
