layer at (0,0) size 800x600
  RenderView at (0,0) size 800x600
layer at (0,0) size 800x600
  RenderBlock {HTML} at (0,0) size 800x600
    RenderBody {BODY} at (8,8) size 784x584
      RenderBlock (anonymous) at (0,0) size 784x36
        RenderText {#text} at (0,0) size 771x36
          text run at (0,0) width 771: "This test makes sure punctuation laid out with the system font does not use vertical glyphs. The test passes if the semicolon"
          text run at (0,18) width 447: "below looks like a regular horizontal semicolon (;) and is not sideways."
      RenderBlock {DIV} at (0,36) size 784x59
        RenderText {#text} at (0,0) size 14x59
          text run at (0,0) width 14: ";"
