layer at (0,0) size 800x600
  RenderView at (0,0) size 800x600
layer at (0,0) size 800x52
  RenderBlock {HTML} at (0,0) size 800x52
    RenderBody {BODY} at (8,16) size 784x20
      RenderBlock {P} at (0,0) size 784x20
        RenderText {#text} at (0,0) size 447x19
          text run at (0,0) width 447: "You should see a green box under the video. If you see red, the test failed."
layer at (8,52) size 132x222 clip at (9,53) size 130x220 scrollHeight 225
  RenderBlock (positioned) {DIV} at (8,52) size 132x222 [bgcolor=#FFFFFF] [border: (1px solid #000000)]
    RenderBlock (anonymous) at (11,11) size 110x105
      RenderText {#text} at (0,0) size 0x0
    RenderBlock {DIV} at (11,116) size 100x100 [bgcolor=#FF0000]
layer at (19,63) size 100x100
  RenderVideo {VIDEO} at (0,0) size 100x100 [bgcolor=#000000]
layer at (19,168) size 100x100
  RenderBlock (relative positioned) {DIV} at (11,116) size 100x100 [bgcolor=#008000]
