layer at (0,0) size 800x600
  RenderView at (0,0) size 800x600
layer at (0,0) size 800x218
  RenderBlock {HTML} at (0,0) size 800x218
    RenderBody {BODY} at (8,8) size 784x202
layer at (8,8) size 103x202 clip at (9,9) size 86x185 scrollHeight 1480
  RenderBlock {DIV} at (0,0) size 103x202 [border: (1px solid #000000)]
    RenderText {#text} at (1,1) size 86x1479
      text run at (1,1) width 79: "Lorem ipsum"
      text run at (1,21) width 86: "dolor sit amet,"
      text run at (1,41) width 69: "consectetur"
      text run at (1,61) width 62: "adipisicing"
      text run at (1,81) width 66: "elit, sed do"
      text run at (1,101) width 50: "eiusmod"
      text run at (1,121) width 43: "tempor"
      text run at (1,141) width 72: "incididunt ut"
      text run at (1,161) width 53: "labore et"
      text run at (1,181) width 82: "dolore magna"
      text run at (1,201) width 58: "aliqua. Ut"
      text run at (1,221) width 86: "enim ad minim"
      text run at (1,241) width 74: "veniam, quis"
      text run at (1,261) width 45: "nostrud"
      text run at (1,281) width 69: "exercitation"
      text run at (1,301) width 46: "ullamco"
      text run at (1,321) width 78: "laboris nisi ut"
      text run at (1,341) width 75: "aliquip ex ea"
      text run at (1,361) width 61: "commodo"
      text run at (1,381) width 65: "consequat."
      text run at (1,401) width 56: "Duis aute"
      text run at (1,421) width 77: "irure dolor in"
      text run at (1,441) width 80: "reprehenderit"
      text run at (1,461) width 69: "in voluptate"
      text run at (1,481) width 54: "velit esse"
      text run at (1,501) width 77: "cillum dolore"
      text run at (1,521) width 81: "eu fugiat nulla"
      text run at (1,541) width 50: "pariatur."
      text run at (1,561) width 85: "Excepteur sint"
      text run at (1,581) width 54: "occaecat"
      text run at (1,601) width 81: "cupidatat non"
      text run at (1,621) width 82: "proident, sunt"
      text run at (1,641) width 68: "in culpa qui"
      text run at (1,661) width 36: "officia"
      text run at (1,681) width 51: "deserunt"
      text run at (1,701) width 79: "mollit anim id"
      text run at (1,721) width 74: "est laborum."
      text run at (1,741) width 79: "Lorem ipsum"
      text run at (1,761) width 86: "dolor sit amet,"
      text run at (1,781) width 69: "consectetur"
      text run at (1,801) width 62: "adipisicing"
      text run at (1,821) width 66: "elit, sed do"
      text run at (1,841) width 50: "eiusmod"
      text run at (1,861) width 43: "tempor"
      text run at (1,881) width 72: "incididunt ut"
      text run at (1,901) width 53: "labore et"
      text run at (1,921) width 82: "dolore magna"
      text run at (1,941) width 58: "aliqua. Ut"
      text run at (1,961) width 86: "enim ad minim"
      text run at (1,981) width 74: "veniam, quis"
      text run at (1,1001) width 45: "nostrud"
      text run at (1,1021) width 69: "exercitation"
      text run at (1,1041) width 46: "ullamco"
      text run at (1,1061) width 78: "laboris nisi ut"
      text run at (1,1081) width 75: "aliquip ex ea"
      text run at (1,1101) width 61: "commodo"
      text run at (1,1121) width 65: "consequat."
      text run at (1,1141) width 56: "Duis aute"
      text run at (1,1161) width 77: "irure dolor in"
      text run at (1,1181) width 80: "reprehenderit"
      text run at (1,1201) width 69: "in voluptate"
      text run at (1,1221) width 54: "velit esse"
      text run at (1,1241) width 77: "cillum dolore"
      text run at (1,1261) width 81: "eu fugiat nulla"
      text run at (1,1281) width 50: "pariatur."
      text run at (1,1301) width 85: "Excepteur sint"
      text run at (1,1321) width 54: "occaecat"
      text run at (1,1341) width 81: "cupidatat non"
      text run at (1,1361) width 82: "proident, sunt"
      text run at (1,1381) width 68: "in culpa qui"
      text run at (1,1401) width 36: "officia"
      text run at (1,1421) width 51: "deserunt"
      text run at (1,1441) width 79: "mollit anim id"
      text run at (1,1461) width 74: "est laborum."
