layer at (0,0) size 800x600
  RenderView at (0,0) size 800x600
layer at (0,0) size 800x600 layerType: background only
layer at (0,0) size 800x540 scrollWidth 1216
  RenderBlock (positioned) zI: -1 {DIV} at (0,0) size 800x540 [color=#00FF00]
    RenderText zI: -1 {#text} at (0,6) size 1216x32
      text run at (0,6) width 1216: "xxxxxxxxxxxxxxxxxxxxxxxxxxxxxxxxxxxxxx"
    RenderBR {BR} at (0,0) size 0x0
    RenderText zI: -1 {#text} at (0,47) size 1216x32
      text run at (0,47) width 1216: "xxxxxxxxxxxxxxxxxxxxxxxxxxxxxxxxxxxxxx"
    RenderBR {BR} at (0,0) size 0x0
    RenderText zI: -1 {#text} at (0,88) size 1216x32
      text run at (0,88) width 1216: "xxxxxxxxxxxxxxxxxxxxxxxxxxxxxxxxxxxxxx"
    RenderBR {BR} at (0,0) size 0x0
    RenderText zI: -1 {#text} at (0,129) size 1216x32
      text run at (0,129) width 1216: "xxxxxxxxxxxxxxxxxxxxxxxxxxxxxxxxxxxxxx"
    RenderBR {BR} at (0,0) size 0x0
    RenderText zI: -1 {#text} at (0,170) size 1216x32
      text run at (0,170) width 1216: "xxxxxxxxxxxxxxxxxxxxxxxxxxxxxxxxxxxxxx"
    RenderBR {BR} at (0,0) size 0x0
    RenderText zI: -1 {#text} at (0,211) size 1216x32
      text run at (0,211) width 1216: "xxxxxxxxxxxxxxxxxxxxxxxxxxxxxxxxxxxxxx"
    RenderBR {BR} at (0,0) size 0x0
    RenderText zI: -1 {#text} at (0,252) size 1216x32
      text run at (0,252) width 1216: "xxxxxxxxxxxxxxxxxxxxxxxxxxxxxxxxxxxxxx"
    RenderBR {BR} at (0,0) size 0x0
    RenderText zI: -1 {#text} at (0,293) size 1216x32
      text run at (0,293) width 1216: "xxxxxxxxxxxxxxxxxxxxxxxxxxxxxxxxxxxxxx"
    RenderBR {BR} at (0,0) size 0x0
    RenderText zI: -1 {#text} at (0,334) size 1216x32
      text run at (0,334) width 1216: "xxxxxxxxxxxxxxxxxxxxxxxxxxxxxxxxxxxxxx"
    RenderBR {BR} at (0,0) size 0x0
    RenderText zI: -1 {#text} at (0,375) size 1216x32
      text run at (0,375) width 1216: "xxxxxxxxxxxxxxxxxxxxxxxxxxxxxxxxxxxxxx"
    RenderBR {BR} at (0,0) size 0x0
    RenderText zI: -1 {#text} at (0,416) size 1216x32
      text run at (0,416) width 1216: "xxxxxxxxxxxxxxxxxxxxxxxxxxxxxxxxxxxxxx"
    RenderBR {BR} at (0,0) size 0x0
    RenderText zI: -1 {#text} at (0,457) size 1216x32
      text run at (0,457) width 1216: "xxxxxxxxxxxxxxxxxxxxxxxxxxxxxxxxxxxxxx"
    RenderBR {BR} at (0,0) size 0x0
    RenderText zI: -1 {#text} at (0,498) size 1216x32
      text run at (0,498) width 1216: "xxxxxxxxxxxxxxxxxxxxxxxxxxxxxxxxxxxxxx"
    RenderBR {BR} at (0,0) size 0x0
layer at (0,0) size 800x600 layerType: foreground only
  RenderBlock {HTML} at (0,0) size 800x600
    RenderBody {BODY} at (0,0) size 800x600
layer at (0,0) size 800x540
  RenderBlock (relative positioned) {DIV} at (0,0) size 800x540
layer at (0,0) size 800x540
  RenderBlock {DIV} at (0,0) size 800x540
    RenderMultiColumnSet at (20,20) size 760x500
layer at (20,20) size 362x966 backgroundClip at (0,0) size 800x600 clip at (0,0) size 800x600
  RenderMultiColumnFlowThread at (20,20) size 362x966
    RenderBlock {DIV} at (0,0) size 362x385
      RenderText {#text} at (0,39) size 359x100
        text run at (0,39) width 358: "All of this text even though it's smaller should be on the"
        text run at (0,80) width 359: "36px grid. The grid should reset at the top of the second"
        text run at (0,121) width 52: "column."
      RenderBR {BR} at (51,121) size 1x18
      RenderText {#text} at (0,162) size 359x100
        text run at (0,162) width 358: "All of this text even though it's smaller should be on the"
        text run at (0,203) width 359: "36px grid. The grid should reset at the top of the second"
        text run at (0,244) width 52: "column."
      RenderBR {BR} at (51,244) size 1x18
      RenderText {#text} at (0,285) size 359x100
        text run at (0,285) width 358: "All of this text even though it's smaller should be on the"
        text run at (0,326) width 359: "36px grid. The grid should reset at the top of the second"
        text run at (0,367) width 52: "column."
      RenderBR {BR} at (51,367) size 1x18
    RenderBlock {DIV} at (0,385) size 362x543
      RenderText {#text} at (0,15) size 360x200
        text run at (0,15) width 297: "All of this text even though it's"
        text run at (0,56) width 340: "smaller should be on the 36px grid."
        text run at (0,146) width 360: "The grid should reset at the top of the"
        text run at (0,187) width 151: "second column."
      RenderBR {BR} at (150,187) size 1x28
      RenderText {#text} at (0,228) size 360x151
        text run at (0,228) width 297: "All of this text even though it's"
        text run at (0,269) width 340: "smaller should be on the 36px grid."
        text run at (0,310) width 360: "The grid should reset at the top of the"
        text run at (0,351) width 151: "second column."
      RenderBR {BR} at (150,351) size 1x28
      RenderText {#text} at (0,392) size 360x151
        text run at (0,392) width 297: "All of this text even though it's"
        text run at (0,433) width 340: "smaller should be on the 36px grid."
        text run at (0,474) width 360: "The grid should reset at the top of the"
        text run at (0,515) width 151: "second column."
      RenderBR {BR} at (150,515) size 1x28
    RenderBlock {DIV} at (0,928) size 362x38
      RenderText {#text} at (0,25) size 268x13
        text run at (0,25) width 268: "All of this text even though it's smaller should be on the 36px grid."
