layer at (0,0) size 1188x585
  RenderView at (0,0) size 800x585
layer at (0,0) size 800x585
  RenderBlock {HTML} at (0,0) size 800x585
    RenderBody {BODY} at (8,8) size 784x569
layer at (8,8) size 784x504
  RenderBlock {DIV} at (0,0) size 784x504 [border: (2px solid #FF0000)]
    RenderMultiColumnSet at (2,2) size 780x500
layer at (10,10) size 382x1488 backgroundClip at (0,0) size 1188x585 clip at (0,0) size 1188x585
  RenderMultiColumnFlowThread at (2,2) size 382x1488
    RenderBlock {DIV} at (0,0) size 382x1488
      RenderBlock {DIV} at (0,0) size 382x364
        RenderText {#text} at (0,18) size 359x100
          text run at (0,18) width 358: "All of this text even though it's smaller should be on the"
          text run at (0,59) width 359: "36px grid. The grid should reset at the top of the second"
          text run at (0,100) width 52: "column."
        RenderBR {BR} at (51,100) size 1x18
        RenderText {#text} at (0,141) size 359x100
          text run at (0,141) width 358: "All of this text even though it's smaller should be on the"
          text run at (0,182) width 359: "36px grid. The grid should reset at the top of the second"
          text run at (0,223) width 52: "column."
        RenderBR {BR} at (51,223) size 1x18
        RenderText {#text} at (0,264) size 359x100
          text run at (0,264) width 358: "All of this text even though it's smaller should be on the"
          text run at (0,305) width 359: "36px grid. The grid should reset at the top of the second"
          text run at (0,346) width 52: "column."
        RenderBR {BR} at (51,346) size 1x18
      RenderBlock {DIV} at (0,364) size 382x502
        RenderText {#text} at (0,15) size 373x159
          text run at (0,15) width 373: "All of this text even though it's smaller"
          text run at (0,56) width 351: "should be on the 36px grid. The grid"
          text run at (0,97) width 345: "should reset at the top of the second"
          text run at (0,146) width 78: "column."
        RenderBR {BR} at (77,146) size 1x28
        RenderText {#text} at (0,187) size 373x151
          text run at (0,187) width 373: "All of this text even though it's smaller"
          text run at (0,228) width 351: "should be on the 36px grid. The grid"
          text run at (0,269) width 345: "should reset at the top of the second"
          text run at (0,310) width 78: "column."
        RenderBR {BR} at (77,310) size 1x28
        RenderText {#text} at (0,351) size 373x151
          text run at (0,351) width 373: "All of this text even though it's smaller"
          text run at (0,392) width 351: "should be on the 36px grid. The grid"
          text run at (0,433) width 345: "should reset at the top of the second"
          text run at (0,474) width 78: "column."
        RenderBR {BR} at (77,474) size 1x28
      RenderBlock {DIV} at (0,866) size 382x251
        RenderText {#text} at (0,25) size 379x54
          text run at (0,25) width 379: "All of this text even though it's smaller should be on the 36px grid. The grid should reset at the"
          text run at (0,66) width 104: "top of the second column."
        RenderBR {BR} at (103,66) size 1x13
        RenderText {#text} at (0,107) size 379x62
          text run at (0,107) width 379: "All of this text even though it's smaller should be on the 36px grid. The grid should reset at the"
          text run at (0,156) width 104: "top of the second column."
        RenderBR {BR} at (103,156) size 1x13
        RenderText {#text} at (0,197) size 379x54
          text run at (0,197) width 379: "All of this text even though it's smaller should be on the 36px grid. The grid should reset at the"
          text run at (0,238) width 104: "top of the second column."
        RenderBR {BR} at (103,238) size 1x13
      RenderBlock {DIV} at (0,1117) size 382x371
        RenderText {#text} at (0,21) size 377x104
          text run at (0,21) width 377: "All of this text even though it's smaller should be on"
          text run at (0,62) width 375: "the 36px grid. The grid should reset at the top of the"
          text run at (0,103) width 113: "second column."
        RenderBR {BR} at (112,103) size 1x22
        RenderText {#text} at (0,144) size 377x104
          text run at (0,144) width 377: "All of this text even though it's smaller should be on"
          text run at (0,185) width 375: "the 36px grid. The grid should reset at the top of the"
          text run at (0,226) width 113: "second column."
        RenderBR {BR} at (112,226) size 1x22
        RenderText {#text} at (0,267) size 377x104
          text run at (0,267) width 377: "All of this text even though it's smaller should be on"
          text run at (0,308) width 375: "the 36px grid. The grid should reset at the top of the"
          text run at (0,349) width 113: "second column."
        RenderBR {BR} at (112,349) size 1x22
