layer at (0,0) size 800x600
  RenderView at (0,0) size 800x600
layer at (0,0) size 800x52
  RenderBlock {HTML} at (0,0) size 800x52
    RenderBody {BODY} at (8,16) size 784x20
      RenderBlock {P} at (0,0) size 784x20
        RenderText {#text} at (0,0) size 383x19
          text run at (0,0) width 383: "In pixel results, the blue box should be scrolled out of view."
layer at (8,52) size 324x229
  RenderBlock (positioned) zI: 1 {DIV} at (8,52) size 324x229
    RenderIFrame {IFRAME} at (10,10) size 304x204 [border: (2px inset #000000)]
      layer at (0,0) size 300x1018
        RenderView at (0,0) size 300x200
      layer at (0,0) size 300x1018
        RenderBlock {HTML} at (0,0) size 300x1018
          RenderBody {BODY} at (8,10) size 284x1000 [bgcolor=#C0C0C0]
            RenderBlock {DIV} at (10,0) size 110x110 [bgcolor=#0000FF]
    RenderText zI: 1 {#text} at (0,0) size 0x0
