layer at (0,0) size 800x600
  RenderView at (0,0) size 800x600
layer at (0,0) size 800x155
  RenderBlock {html} at (0,0) size 800x155
    RenderBody {body} at (8,16) size 784x123
      RenderBlock {p} at (0,0) size 784x123
        RenderText {#text} at (0,33) size 225x18
          text run at (0,33) width 225: "The alphabet A through M is here: "
        RenderText {#text} at (724,33) size 778x90
          text run at (724,33) width 5: " "
          text run at (728,33) width 50: "this test"
          text run at (0,51) width 771: "case is specially constructed so that when the view is sized to 800x600 (the default for DumpRenderTree) the text wraps"
          text run at (0,69) width 339: "and not all of the text in the SVG is drawn correctly. "
          text run at (338,69) width 318: "You should see all of A-L (and half of M) above. "
          text run at (655,69) width 89: "The code was"
          text run at (0,87) width 742: "incorrectly calculating the PaintInfo::rect (damage rect) when passing it through RenderBlock and render block was"
          text run at (0,105) width 379: "(correctly) clipping out some of the lineboxes during paint."
layer at (232,16) size 500x47
  RenderSVGRoot {svg} at (224,0) size 501x47
layer at (232,16) size 500x47
  RenderSVGViewportContainer at (0,0) size 500x47
layer at (232,-29) size 45x59 backgroundClip at (232,16) size 500x47 clip at (232,16) size 500x47
  RenderSVGTransformableContainer {g} at (0,-46) size 45x59
layer at (232,-29) size 36x58 backgroundClip at (232,16) size 500x47 clip at (232,16) size 500x47
  RenderSVGText {text} at (0,0) size 37x58 contains 1 chunk(s)
    RenderSVGInlineText {#text} at (0,0) size 37x58
      chunk 1 text run 1 at (0.00,0.00) startOffset 0 endOffset 1 width 36.11: "A"
layer at (232,-29) size 33x58 backgroundClip at (232,16) size 500x47 clip at (232,16) size 500x47
  RenderSVGText {text} at (0,0) size 34x58 contains 1 chunk(s)
    RenderSVGInlineText {#text} at (0,0) size 34x58
      chunk 1 text run 1 at (0.00,0.00) startOffset 0 endOffset 1 width 33.35: "B"
layer at (232,-29) size 33x58 backgroundClip at (232,16) size 500x47 clip at (232,16) size 500x47
  RenderSVGText {text} at (0,0) size 34x58 contains 1 chunk(s)
    RenderSVGInlineText {#text} at (0,0) size 34x58
      chunk 1 text run 1 at (0.00,0.00) startOffset 0 endOffset 1 width 33.35: "C"
layer at (232,-29) size 36x58 backgroundClip at (232,16) size 500x47 clip at (232,16) size 500x47
  RenderSVGText {text} at (0,0) size 37x58 contains 1 chunk(s)
    RenderSVGInlineText {#text} at (0,0) size 37x58
      chunk 1 text run 1 at (0.00,0.00) startOffset 0 endOffset 1 width 36.11: "D"
layer at (232,-29) size 31x58 backgroundClip at (232,16) size 500x47 clip at (232,16) size 500x47
  RenderSVGText {text} at (0,0) size 31x58 contains 1 chunk(s)
    RenderSVGInlineText {#text} at (0,0) size 31x58
      chunk 1 text run 1 at (0.00,0.00) startOffset 0 endOffset 1 width 30.54: "E"
layer at (232,-29) size 28x58 backgroundClip at (232,16) size 500x47 clip at (232,16) size 500x47
  RenderSVGText {text} at (0,0) size 28x58 contains 1 chunk(s)
    RenderSVGInlineText {#text} at (0,0) size 28x58
      chunk 1 text run 1 at (0.00,0.00) startOffset 0 endOffset 1 width 27.81: "F"
layer at (232,-29) size 36x58 backgroundClip at (232,16) size 500x47 clip at (232,16) size 500x47
  RenderSVGText {text} at (0,0) size 37x58 contains 1 chunk(s)
    RenderSVGInlineText {#text} at (0,0) size 37x58
      chunk 1 text run 1 at (0.00,0.00) startOffset 0 endOffset 1 width 36.11: "G"
layer at (232,-29) size 36x58 backgroundClip at (232,16) size 500x47 clip at (232,16) size 500x47
  RenderSVGText {text} at (0,0) size 37x58 contains 1 chunk(s)
    RenderSVGInlineText {#text} at (0,0) size 37x58
      chunk 1 text run 1 at (0.00,0.00) startOffset 0 endOffset 1 width 36.11: "H"
layer at (232,-29) size 17x58 backgroundClip at (232,16) size 500x47 clip at (232,16) size 500x47
  RenderSVGText {text} at (0,0) size 17x58 contains 1 chunk(s)
    RenderSVGInlineText {#text} at (0,0) size 17x58
      chunk 1 text run 1 at (0.00,0.00) startOffset 0 endOffset 1 width 16.65: "I"
layer at (232,-29) size 19x58 backgroundClip at (232,16) size 500x47 clip at (232,16) size 500x47
  RenderSVGText {text} at (0,0) size 20x58 contains 1 chunk(s)
    RenderSVGInlineText {#text} at (0,0) size 20x58
      chunk 1 text run 1 at (0.00,0.00) startOffset 0 endOffset 1 width 19.46: "J"
layer at (232,-29) size 36x58 backgroundClip at (232,16) size 500x47 clip at (232,16) size 500x47
  RenderSVGText {text} at (0,0) size 37x58 contains 1 chunk(s)
    RenderSVGInlineText {#text} at (0,0) size 37x58
      chunk 1 text run 1 at (0.00,0.00) startOffset 0 endOffset 1 width 36.11: "K"
layer at (232,-29) size 31x58 backgroundClip at (232,16) size 500x47 clip at (232,16) size 500x47
  RenderSVGText {text} at (0,0) size 31x58 contains 1 chunk(s)
    RenderSVGInlineText {#text} at (0,0) size 31x58
      chunk 1 text run 1 at (0.00,0.00) startOffset 0 endOffset 1 width 30.54: "L"
layer at (232,-29) size 44x58 backgroundClip at (232,16) size 500x47 clip at (232,16) size 500x47
  RenderSVGText {text} at (0,0) size 45x58 contains 1 chunk(s)
    RenderSVGInlineText {#text} at (0,0) size 45x58
      chunk 1 text run 1 at (0.00,0.00) startOffset 0 endOffset 1 width 44.46: "M"
