layer at (0,0) size 800x600
  RenderView at (0,0) size 800x600
layer at (0,0) size 800x600
  RenderBlock {HTML} at (0,0) size 800x600
    RenderBody {BODY} at (8,8) size 784x584 [bgcolor=#C0C0C0]
      RenderTable {TABLE} at (0,0) size 784x136 [border: (3px outset #808080)]
        RenderTableSection {TBODY} at (3,3) size 778x130
          RenderTableRow {TR} at (0,2) size 778x126
            RenderTableCell {TD} at (2,2) size 774x126 [border: (1px inset #808080)] [r=0 c=0 rs=1 cs=1]
              RenderTable {TABLE} at (2,2) size 385x122 [border: (3px outset #808080)]
                RenderTableSection {TBODY} at (3,3) size 379x116
                  RenderTableRow {TR} at (0,2) size 379x112
                    RenderTableCell {TD} at (2,2) size 375x112 [border: (1px inset #808080)] [r=0 c=0 rs=1 cs=1]
                      RenderText {#text} at (2,2) size 344x107
                        text run at (2,2) width 344: "blah blah blah blah blah blah blah blah blah blah blah"
                        text run at (2,20) width 64: "blah blah "
                        text run at (65,20) width 281: "blah blah blah blah blah blah blah blah blah"
                        text run at (2,38) width 127: "blah blah blah blah "
                        text run at (128,38) width 218: "blah blah blah blah blah blah blah"
                        text run at (2,56) width 190: "blah blah blah blah blah blah "
                        text run at (191,56) width 155: "blah blah blah blah blah"
                        text run at (2,74) width 253: "blah blah blah blah blah blah blah blah "
                        text run at (254,74) width 92: "blah blah blah"
                        text run at (2,92) width 312: "blah blah blah blah blah blah blah blah blah blah"
      RenderBlock (anonymous) at (0,136) size 784x18
        RenderBR {BR} at (0,0) size 0x17
      RenderTable {TABLE} at (0,154) size 784x136 [border: (3px outset #808080)]
        RenderTableSection {TBODY} at (3,3) size 778x130
          RenderTableRow {TR} at (0,2) size 778x126
            RenderTableCell {TD} at (2,2) size 774x126 [border: (1px inset #808080)] [r=0 c=0 rs=1 cs=1]
              RenderText {#text} at (387,2) size 60x17
                text run at (387,2) width 60: "blah blah"
              RenderTable {TABLE} at (2,2) size 385x122 [border: (3px outset #808080)]
                RenderTableSection {TBODY} at (3,3) size 379x116
                  RenderTableRow {TR} at (0,2) size 379x112
                    RenderTableCell {TD} at (2,2) size 375x112 [border: (1px inset #808080)] [r=0 c=0 rs=1 cs=1]
                      RenderText {#text} at (2,2) size 344x107
                        text run at (2,2) width 344: "blah blah blah blah blah blah blah blah blah blah blah"
                        text run at (2,20) width 64: "blah blah "
                        text run at (65,20) width 281: "blah blah blah blah blah blah blah blah blah"
                        text run at (2,38) width 127: "blah blah blah blah "
                        text run at (128,38) width 218: "blah blah blah blah blah blah blah"
                        text run at (2,56) width 190: "blah blah blah blah blah blah "
                        text run at (191,56) width 155: "blah blah blah blah blah"
                        text run at (2,74) width 253: "blah blah blah blah blah blah blah blah "
                        text run at (254,74) width 92: "blah blah blah"
                        text run at (2,92) width 312: "blah blah blah blah blah blah blah blah blah blah"
              RenderText {#text} at (0,0) size 0x0
      RenderBlock (anonymous) at (0,290) size 784x18
        RenderBR {BR} at (0,0) size 0x17
      RenderTable {TABLE} at (0,308) size 784x170 [border: (3px outset #808080)]
        RenderTableSection {TBODY} at (3,3) size 778x164
          RenderTableRow {TR} at (0,2) size 778x160
            RenderTableCell {TD} at (2,2) size 774x160 [border: (1px inset #808080)] [r=0 c=0 rs=1 cs=1]
              RenderBlock (anonymous) at (2,2) size 770x18
                RenderText {#text} at (0,0) size 60x17
                  text run at (0,0) width 60: "blah blah"
              RenderBlock {P} at (2,36) size 770x0
                RenderTable {TABLE} at (0,0) size 385x122 [border: (3px outset #808080)]
                  RenderTableSection {TBODY} at (3,3) size 379x116
                    RenderTableRow {TR} at (0,2) size 379x112
                      RenderTableCell {TD} at (2,2) size 375x112 [border: (1px inset #808080)] [r=0 c=0 rs=1 cs=1]
                        RenderText {#text} at (2,2) size 344x107
                          text run at (2,2) width 344: "blah blah blah blah blah blah blah blah blah blah blah"
                          text run at (2,20) width 64: "blah blah "
                          text run at (65,20) width 281: "blah blah blah blah blah blah blah blah blah"
                          text run at (2,38) width 127: "blah blah blah blah "
                          text run at (128,38) width 218: "blah blah blah blah blah blah blah"
                          text run at (2,56) width 190: "blah blah blah blah blah blah "
                          text run at (191,56) width 155: "blah blah blah blah blah"
                          text run at (2,74) width 253: "blah blah blah blah blah blah blah blah "
                          text run at (254,74) width 92: "blah blah blah"
                          text run at (2,92) width 312: "blah blah blah blah blah blah blah blah blah blah"
