layer at (0,0) size 800x600
  RenderView at (0,0) size 800x600
layer at (0,0) size 800x600
  RenderBlock {HTML} at (0,0) size 800x600
    RenderBody {BODY} at (8,8) size 784x576
      RenderBlock {P} at (0,0) size 784x148
        RenderBlock (anonymous) at (0,0) size 784x72
          RenderText {#text} at (0,0) size 344x17
            text run at (0,0) width 344: "In the yellow table the \"W\" is clipped on its left edge."
          RenderBR {BR} at (343,0) size 1x17
          RenderText {#text} at (0,18) size 173x17
            text run at (0,18) width 173: "The only difference is that:"
          RenderBR {BR} at (172,18) size 1x17
          RenderText {#text} at (0,36) size 249x17
            text run at (0,36) width 249: "yellow table has CELLPADDING=\"0\""
          RenderBR {BR} at (248,36) size 1x17
          RenderText {#text} at (0,54) size 238x17
            text run at (0,54) width 238: "grey table has CELLPADDING=\"1\"."
        RenderTable {TABLE} at (0,72) size 40x37 [bgcolor=#FFFF00]
          RenderTableSection {TBODY} at (0,0) size 40x37
            RenderTableRow {TR} at (0,2) size 40x33
              RenderTableCell {TD} at (2,2) size 36x33 [r=0 c=0 rs=1 cs=1]
                RenderInline {FONT} at (0,0) size 29x33
                  RenderText {#text} at (0,0) size 29x33
                    text run at (0,0) width 29: "Online"
                    text run at (0,11) width 24: "Web-"
                    text run at (0,22) width 24: "Store"
        RenderTable {TABLE} at (0,109) size 40x39 [bgcolor=#EEEEEE]
          RenderTableSection {TBODY} at (0,0) size 40x39
            RenderTableRow {TR} at (0,2) size 40x35
              RenderTableCell {TD} at (2,2) size 36x35 [r=0 c=0 rs=1 cs=1]
                RenderInline {FONT} at (0,0) size 29x33
                  RenderText {#text} at (1,1) size 29x33
                    text run at (1,1) width 29: "Online"
                    text run at (1,12) width 24: "Web-"
                    text run at (1,23) width 24: "Store"
