layer at (0,0) size 800x600
  RenderView at (0,0) size 800x600
layer at (0,0) size 800x600
  RenderBlock {HTML} at (0,0) size 800x600
    RenderBody {BODY} at (8,8) size 784x584 [bgcolor=#FFFFFF]
      RenderTable {TABLE} at (0,0) size 56x54 [border: (3px solid #008000)]
        RenderBlock {CAPTION} at (0,0) size 56x24 [border: (3px solid #FFA500)]
          RenderText {#text} at (16,3) size 24x17
            text run at (16,3) width 24: "cap"
        RenderTableSection {TBODY} at (3,27) size 50x24
          RenderTableRow {TR} at (0,2) size 50x20
            RenderTableCell {TD} at (2,2) size 46x20 [r=0 c=0 rs=1 cs=1]
              RenderText {#text} at (1,1) size 32x17
                text run at (1,1) width 32: "table"
