layer at (0,0) size 785x4680
  RenderView at (0,0) size 785x600
layer at (0,0) size 785x4680
  RenderBlock {HTML} at (0,0) size 785x4680
    RenderBody {BODY} at (8,8) size 769x4664
      RenderBlock {DIV} at (0,0) size 769x4648
        RenderBlock (anonymous) at (0,0) size 769x18
          RenderText {#text} at (0,0) size 4x17
            text run at (0,0) width 4: " "
        RenderTable {TABLE} at (67,18) size 474x4582 [border: none]
          RenderTableSection {TBODY} at (0,0) size 472x4581
            RenderTableRow {TR} at (0,0) size 472x22
              RenderTableCell {TD} at (0,0) size 473x22 [border: (1px solid #000000)] [r=0 c=0 rs=1 cs=4]
                RenderBlock {P} at (8,1) size 457x0
                  RenderInline {B} at (0,0) size 0x0
                    RenderInline {SPAN} at (0,0) size 0x0
                      RenderInline {O:P} at (0,0) size 0x0
                RenderBlock {P} at (8,1) size 457x21
                  RenderInline {B} at (26,4) size 405x15
                    RenderInline {SPAN} at (26,4) size 405x15
                      RenderInline {FONT} at (26,0) size 405x20 [color=#008080]
                        RenderText {#text} at (26,0) size 405x20
                          text run at (26,0) width 190: "Radio Channel usage at "
                          text run at (215,0) width 216: "Bayside.    Rev date 6-25-01"
                RenderBlock {P} at (8,22) size 457x0
                  RenderInline {B} at (0,0) size 0x0
                    RenderInline {SPAN} at (0,0) size 0x0
                      RenderInline {O:P} at (0,0) size 0x0
            RenderTableRow {TR} at (0,22) size 472x35
              RenderTableCell {TD} at (0,22) size 99x35 [border: (1px solid #000000)] [r=1 c=0 rs=1 cs=1]
                RenderInline {B} at (23,0) size 54x34
                  RenderInline {SPAN} at (23,1) size 54x33
                    RenderText {#text} at (23,1) size 54x33
                      text run at (23,1) width 54: "Channel"
                      text run at (24,18) width 51: "number"
                RenderText {#text} at (0,0) size 0x0
              RenderTableCell {TD} at (98,22) size 171x18 [border: (1px solid #000000) (1px none #808080)] [r=1 c=1 rs=1 cs=1]
                RenderInline {B} at (38,0) size 94x17
                  RenderInline {SPAN} at (38,1) size 94x16
                    RenderText {#text} at (38,1) size 94x16
                      text run at (38,1) width 94: "Member name"
                RenderText {#text} at (0,0) size 0x0
              RenderTableCell {TD} at (268,22) size 99x35 [border: (1px solid #000000) (1px none #808080)] [r=1 c=2 rs=1 cs=1]
                RenderBlock {P} at (8,1) size 84x17
                  RenderInline {B} at (19,1) size 46x15
                    RenderInline {SPAN} at (19,0) size 46x16
                      RenderText {#text} at (19,0) size 46x16
                        text run at (19,0) width 46: "Proper"
                      RenderInline {SPAN} at (64,0) size 0x16
                        RenderInline {O:P} at (64,0) size 0x16
                RenderBlock {P} at (8,18) size 84x17
                  RenderInline {B} at (24,1) size 36x15
                    RenderInline {SPAN} at (24,0) size 36x16
                      RenderText {#text} at (24,0) size 36x16
                        text run at (24,0) width 36: "Plane"
              RenderTableCell {TD} at (366,22) size 107x35 [border: (1px solid #000000) (1px none #808080)] [r=1 c=3 rs=1 cs=1]
                RenderBlock {P} at (8,1) size 90x17
                  RenderInline {B} at (11,1) size 68x15
                    RenderInline {SPAN} at (11,0) size 68x16
                      RenderText {#text} at (11,0) size 68x16
                        text run at (11,0) width 68: "Helicopter"
                      RenderInline {SPAN} at (78,0) size 0x16
                        RenderInline {O:P} at (78,0) size 0x16
                RenderBlock {P} at (8,18) size 90x17
                  RenderInline {B} at (21,1) size 48x15
                    RenderInline {SPAN} at (21,0) size 48x16
                      RenderText {#text} at (21,0) size 48x16
                        text run at (21,0) width 48: "thingy.-"
            RenderTableRow {TR} at (0,57) size 472x33
              RenderTableCell {TD} at (0,57) size 99x17 [border: (1px none #808080) none] [r=2 c=0 rs=1 cs=1]
                RenderBlock {P} at (8,1) size 84x16
                  RenderText {#text} at (34,0) size 15x15
                    text run at (34,0) width 15: "00"
                  RenderInline {SPAN} at (48,0) size 0x15
                    RenderInline {O:P} at (48,0) size 0x15
              RenderTableCell {TD} at (98,57) size 171x33 [border: (1px none #808080) none (1px none #808080)] [r=2 c=1 rs=1 cs=1]
                RenderBlock {P} at (8,1) size 155x16
                  RenderText {#text} at (0,0) size 55x15
                    text run at (0,0) width 55: "Paul Scott"
                RenderBlock {P} at (8,17) size 155x16
                  RenderText {#text} at (0,0) size 94x15
                    text run at (0,0) width 94: "Donald Carvalho"
                  RenderInline {SPAN} at (94,0) size 0x15
                    RenderInline {O:P} at (94,0) size 0x15
              RenderTableCell {TD} at (268,57) size 99x17 [border: (1px none #808080) none (1px none #808080)] [r=2 c=2 rs=1 cs=1]
                RenderBlock {P} at (8,1) size 84x16
                  RenderText {#text} at (33,0) size 18x15
                    text run at (33,0) width 18: "No"
                  RenderInline {SPAN} at (50,0) size 0x15
                    RenderInline {O:P} at (50,0) size 0x15
              RenderTableCell {TD} at (366,57) size 107x17 [border: (1px none #808080) none (1px none #808080)] [r=2 c=3 rs=1 cs=1]
                RenderBlock {P} at (8,1) size 90x16
                  RenderText {#text} at (35,0) size 20x15
                    text run at (35,0) width 20: "Yes"
                  RenderInline {SPAN} at (54,0) size 0x15
                    RenderInline {O:P} at (54,0) size 0x15
            RenderTableRow {TR} at (0,90) size 472x17
              RenderTableCell {TD} at (0,90) size 99x17 [border: (1px none #808080) none] [r=3 c=0 rs=1 cs=1]
                RenderBlock {P} at (8,1) size 84x16
                  RenderText {#text} at (34,0) size 15x15
                    text run at (34,0) width 15: "01"
                  RenderInline {SPAN} at (48,0) size 0x15
                    RenderInline {O:P} at (48,0) size 0x15
              RenderTableCell {TD} at (98,90) size 171x17 [border: (1px none #808080) none (1px none #808080)] [r=3 c=1 rs=1 cs=1]
                RenderBlock {P} at (8,1) size 155x16
                  RenderText {#text} at (0,0) size 55x15
                    text run at (0,0) width 55: "Paul Scott"
                  RenderInline {SPAN} at (55,0) size 0x15
                    RenderInline {O:P} at (55,0) size 0x15
              RenderTableCell {TD} at (268,90) size 99x17 [border: (1px none #808080) none (1px none #808080)] [r=3 c=2 rs=1 cs=1]
                RenderBlock {P} at (8,1) size 84x16
                  RenderText {#text} at (33,0) size 18x15
                    text run at (33,0) width 18: "No"
                  RenderInline {SPAN} at (50,0) size 0x15
                    RenderInline {O:P} at (50,0) size 0x15
              RenderTableCell {TD} at (366,90) size 107x17 [border: (1px none #808080) none (1px none #808080)] [r=3 c=3 rs=1 cs=1]
                RenderBlock {P} at (8,1) size 90x16
                  RenderText {#text} at (35,0) size 20x15
                    text run at (35,0) width 20: "Yes"
                  RenderInline {SPAN} at (54,0) size 0x15
                    RenderInline {O:P} at (54,0) size 0x15
            RenderTableRow {TR} at (0,107) size 472x19
              RenderTableCell {TD} at (0,107) size 99x17 [border: (1px none #808080) none] [r=4 c=0 rs=1 cs=1]
                RenderBlock {P} at (8,1) size 84x16
                  RenderInline {FONT} at (34,0) size 15x15
                    RenderText {#text} at (34,0) size 15x15
                      text run at (34,0) width 15: "02"
                  RenderText {#text} at (0,0) size 0x0
              RenderTableCell {TD} at (98,107) size 171x17 [border: (1px none #808080) none (1px none #808080)] [r=4 c=1 rs=1 cs=1]
                RenderInline {FONT} at (8,1) size 57x15
                  RenderText {#text} at (8,1) size 57x15
                    text run at (8,1) width 57: "Don Coon"
                RenderText {#text} at (0,0) size 0x0
              RenderTableCell {TD} at (268,107) size 99x19 [border: (1px none #808080) none (1px none #808080)] [r=4 c=2 rs=1 cs=1]
                RenderText {#text} at (8,1) size 5x17
                  text run at (8,1) width 5: " "
              RenderTableCell {TD} at (366,107) size 107x19 [border: (1px none #808080) none (1px none #808080)] [r=4 c=3 rs=1 cs=1]
                RenderText {#text} at (8,1) size 5x17
                  text run at (8,1) width 5: " "
            RenderTableRow {TR} at (0,126) size 472x33
              RenderTableCell {TD} at (0,126) size 99x17 [border: (1px none #808080) none] [r=5 c=0 rs=1 cs=1]
                RenderInline {FONT} at (42,1) size 15x15
                  RenderText {#text} at (42,1) size 15x15
                    text run at (42,1) width 15: "05"
                RenderText {#text} at (0,0) size 0x0
              RenderTableCell {TD} at (98,126) size 171x33 [border: (1px none #808080) none (1px none #808080)] [r=5 c=1 rs=1 cs=1]
                RenderBlock {P} at (8,1) size 155x16
                  RenderInline {FONT} at (0,0) size 55x15
                    RenderText {#text} at (0,0) size 55x15
                      text run at (0,0) width 55: "Paul Scott"
                RenderBlock {P} at (8,17) size 155x16
                  RenderInline {FONT} at (0,0) size 51x15
                    RenderText {#text} at (0,0) size 51x15
                      text run at (0,0) width 51: "Bill Hunt"
                    RenderInline {SPAN} at (51,0) size 0x15
                      RenderInline {O:P} at (51,0) size 0x15
              RenderTableCell {TD} at (268,126) size 99x17 [border: (1px none #808080) none (1px none #808080)] [r=5 c=2 rs=1 cs=1]
                RenderBlock {P} at (8,1) size 84x16
                  RenderInline {FONT} at (33,0) size 17x15
                    RenderText {#text} at (33,0) size 17x15
                      text run at (33,0) width 17: "No"
                    RenderInline {SPAN} at (49,0) size 0x15
                      RenderInline {O:P} at (49,0) size 0x15
              RenderTableCell {TD} at (366,126) size 107x17 [border: (1px none #808080) none (1px none #808080)] [r=5 c=3 rs=1 cs=1]
                RenderBlock {P} at (8,1) size 90x16
                  RenderInline {FONT} at (35,0) size 20x15
                    RenderText {#text} at (35,0) size 20x15
                      text run at (35,0) width 20: "Yes"
                    RenderInline {SPAN} at (54,0) size 0x15
                      RenderInline {O:P} at (54,0) size 0x15
            RenderTableRow {TR} at (0,159) size 472x33
              RenderTableCell {TD} at (0,159) size 99x17 [border: (1px none #808080) none] [r=6 c=0 rs=1 cs=1]
                RenderInline {FONT} at (42,1) size 15x15
                  RenderText {#text} at (42,1) size 15x15
                    text run at (42,1) width 15: "06"
                RenderText {#text} at (0,0) size 0x0
              RenderTableCell {TD} at (98,159) size 171x33 [border: (1px none #808080) none (1px none #808080)] [r=6 c=1 rs=1 cs=1]
                RenderInline {FONT} at (8,1) size 130x31
                  RenderText {#text} at (8,1) size 130x31
                    text run at (8,1) width 130: "Gene Pheiffer                   "
                    text run at (8,17) width 83: "Alberto Lanzas"
                RenderText {#text} at (0,0) size 0x0
              RenderTableCell {TD} at (268,159) size 99x33 [border: (1px none #808080) none (1px none #808080)] [r=6 c=2 rs=1 cs=1]
                RenderBlock {P} at (8,1) size 84x16
                  RenderText {#text} at (31,0) size 21x15
                    text run at (31,0) width 21: "Yes"
                RenderBlock {P} at (8,17) size 84x16
                  RenderText {#text} at (31,0) size 21x15
                    text run at (31,0) width 21: "Yes"
              RenderTableCell {TD} at (366,159) size 107x33 [border: (1px none #808080) none (1px none #808080)] [r=6 c=3 rs=1 cs=1]
                RenderBlock (anonymous) at (8,1) size 90x16
                  RenderInline {SPAN} at (36,-2) size 17x17
                    RenderInline {FONT} at (36,0) size 17x15
                      RenderText {#text} at (36,0) size 17x15
                        text run at (36,0) width 17: "No"
                  RenderText {#text} at (0,0) size 0x0
                RenderBlock {P} at (8,17) size 90x16
                  RenderText {#text} at (35,0) size 20x15
                    text run at (35,0) width 20: "Yes"
            RenderTableRow {TR} at (0,192) size 472x17
              RenderTableCell {TD} at (0,192) size 99x17 [border: (1px none #808080) none] [r=7 c=0 rs=1 cs=1]
                RenderBlock {P} at (8,1) size 84x16
                  RenderInline {FONT} at (34,0) size 15x15
                    RenderText {#text} at (34,0) size 15x15
                      text run at (34,0) width 15: "07"
                  RenderText {#text} at (0,0) size 0x0
              RenderTableCell {TD} at (98,192) size 171x17 [border: (1px none #808080) none (1px none #808080)] [r=7 c=1 rs=1 cs=1]
                RenderInline {FONT} at (8,1) size 52x15
                  RenderText {#text} at (8,1) size 52x15
                    text run at (8,1) width 52: "Phil Cole"
                RenderText {#text} at (0,0) size 0x0
              RenderTableCell {TD} at (268,192) size 99x17 [border: (1px none #808080) none (1px none #808080)] [r=7 c=2 rs=1 cs=1]
                RenderBlock {P} at (8,1) size 84x16
                  RenderInline {FONT} at (32,0) size 20x15
                    RenderText {#text} at (32,0) size 20x15
                      text run at (32,0) width 20: "Yes"
                  RenderText {#text} at (0,0) size 0x0
              RenderTableCell {TD} at (366,192) size 107x17 [border: (1px none #808080) none (1px none #808080)] [r=7 c=3 rs=1 cs=1]
                RenderBlock {P} at (8,1) size 90x16
                  RenderInline {FONT} at (35,0) size 20x15
                    RenderText {#text} at (35,0) size 20x15
                      text run at (35,0) width 20: "Yes"
                  RenderText {#text} at (0,0) size 0x0
            RenderTableRow {TR} at (0,209) size 472x33
              RenderTableCell {TD} at (0,209) size 99x17 [border: (1px none #808080) none] [r=8 c=0 rs=1 cs=1]
                RenderBlock {P} at (8,1) size 84x16
                  RenderText {#text} at (34,0) size 15x15
                    text run at (34,0) width 15: "08"
                  RenderInline {SPAN} at (48,0) size 0x15
                    RenderInline {O:P} at (48,0) size 0x15
              RenderTableCell {TD} at (98,209) size 171x33 [border: (1px none #808080) none (1px none #808080)] [r=8 c=1 rs=1 cs=1]
                RenderBlock {P} at (8,1) size 155x16
                  RenderText {#text} at (0,0) size 55x15
                    text run at (0,0) width 55: "Paul Scott"
                RenderBlock {P} at (8,17) size 155x16
                  RenderText {#text} at (0,0) size 74x15
                    text run at (0,0) width 74: "Gene Pheiffer"
                  RenderInline {SPAN} at (73,0) size 0x15
                    RenderInline {O:P} at (73,0) size 0x15
              RenderTableCell {TD} at (268,209) size 99x33 [border: (1px none #808080) none (1px none #808080)] [r=8 c=2 rs=1 cs=1]
                RenderBlock {P} at (8,1) size 84x16
                  RenderText {#text} at (33,0) size 18x15
                    text run at (33,0) width 18: "No"
                RenderBlock {P} at (8,17) size 84x16
                  RenderText {#text} at (31,0) size 21x15
                    text run at (31,0) width 21: "Yes"
                  RenderInline {SPAN} at (51,0) size 0x15
                    RenderInline {O:P} at (51,0) size 0x15
              RenderTableCell {TD} at (366,209) size 107x33 [border: (1px none #808080) none (1px none #808080)] [r=8 c=3 rs=1 cs=1]
                RenderBlock {P} at (8,1) size 90x16
                  RenderText {#text} at (35,0) size 20x15
                    text run at (35,0) width 20: "Yes"
                RenderBlock {P} at (8,17) size 90x16
                  RenderText {#text} at (36,0) size 18x15
                    text run at (36,0) width 18: "No"
                  RenderInline {SPAN} at (53,0) size 0x15
                    RenderInline {O:P} at (53,0) size 0x15
            RenderTableRow {TR} at (0,242) size 472x49
              RenderTableCell {TD} at (0,242) size 99x17 [border: (1px none #808080) none] [r=9 c=0 rs=1 cs=1]
                RenderBlock {P} at (8,1) size 84x16
                  RenderText {#text} at (2,0) size 79x15
                    text run at (2,0) width 79: "Programmable"
                  RenderInline {SPAN} at (80,0) size 0x15
                    RenderInline {O:P} at (80,0) size 0x15
              RenderTableCell {TD} at (98,242) size 171x49 [border: (1px none #808080) none (1px none #808080)] [r=9 c=1 rs=1 cs=1]
                RenderBlock {P} at (8,1) size 155x16
                  RenderText {#text} at (0,0) size 104x15
                    text run at (0,0) width 104: "Richard Pevehouse"
                  RenderInline {SPAN} at (104,0) size 0x15
                    RenderInline {O:P} at (104,0) size 0x15
                RenderBlock {P} at (8,17) size 155x16
                  RenderText {#text} at (0,0) size 63x15
                    text run at (0,0) width 63: "Gary Heath"
                RenderBlock {P} at (8,33) size 155x16
                  RenderText {#text} at (0,0) size 63x15
                    text run at (0,0) width 63: "Scott Hersh"
                  RenderInline {SPAN} at (63,0) size 0x15
                    RenderInline {O:P} at (63,0) size 0x15
              RenderTableCell {TD} at (268,242) size 99x33 [border: (1px none #808080) none (1px none #808080)] [r=9 c=2 rs=1 cs=1]
                RenderBlock {P} at (8,1) size 84x16
                  RenderText {#text} at (31,0) size 21x15
                    text run at (31,0) width 21: "Yes"
                  RenderInline {SPAN} at (51,0) size 0x15
                    RenderInline {O:P} at (51,0) size 0x15
                RenderBlock {P} at (8,17) size 84x16
                  RenderText {#text} at (33,0) size 18x15
                    text run at (33,0) width 18: "No"
                  RenderInline {SPAN} at (50,0) size 0x15
                    RenderInline {O:P} at (50,0) size 0x15
              RenderTableCell {TD} at (366,242) size 107x33 [border: (1px none #808080) none (1px none #808080)] [r=9 c=3 rs=1 cs=1]
                RenderBlock {P} at (8,1) size 90x16
                  RenderText {#text} at (36,0) size 18x15
                    text run at (36,0) width 18: "No"
                  RenderInline {SPAN} at (53,0) size 0x15
                    RenderInline {O:P} at (53,0) size 0x15
                RenderBlock {P} at (8,17) size 90x16
                  RenderText {#text} at (35,0) size 20x15
                    text run at (35,0) width 20: "Yes"
                  RenderInline {SPAN} at (54,0) size 0x15
                    RenderInline {O:P} at (54,0) size 0x15
            RenderTableRow {TR} at (0,291) size 472x113
              RenderTableCell {TD} at (0,291) size 99x17 [border: (1px none #808080) none] [r=10 c=0 rs=1 cs=1]
                RenderBlock {P} at (8,1) size 84x16
                  RenderText {#text} at (34,0) size 15x15
                    text run at (34,0) width 15: "11"
                  RenderInline {SPAN} at (48,0) size 0x15
                    RenderInline {O:P} at (48,0) size 0x15
              RenderTableCell {TD} at (98,291) size 171x113 [border: (1px none #808080) none (1px none #808080)] [r=10 c=1 rs=1 cs=1]
                RenderBlock {P} at (8,1) size 155x16
                  RenderText {#text} at (0,0) size 82x15
                    text run at (0,0) width 82: "George Cowan"
                  RenderInline {SPAN} at (81,0) size 0x15
                    RenderInline {O:P} at (81,0) size 0x15
                RenderBlock {P} at (8,17) size 155x16
                  RenderText {#text} at (0,0) size 76x15
                    text run at (0,0) width 76: "Rick Klement"
                  RenderInline {SPAN} at (76,0) size 0x15
                    RenderInline {O:P} at (76,0) size 0x15
                RenderBlock {P} at (8,33) size 155x16
                  RenderText {#text} at (0,0) size 79x15
                    text run at (0,0) width 79: "John Mathews"
                RenderBlock {P} at (8,49) size 155x16
                  RenderText {#text} at (0,0) size 55x15
                    text run at (0,0) width 55: "Ed Cypret"
                RenderBlock {P} at (8,65) size 155x16
                  RenderText {#text} at (0,0) size 83x15
                    text run at (0,0) width 83: "John Chamorro"
                RenderBlock {P} at (8,81) size 155x16
                  RenderText {#text} at (0,0) size 85x15
                    text run at (0,0) width 85: "John Yearwood"
                RenderBlock {P} at (8,97) size 155x16
                  RenderText {#text} at (0,0) size 86x15
                    text run at (0,0) width 86: "Jason Anderson"
                  RenderInline {SPAN} at (86,0) size 0x15
                    RenderInline {O:P} at (86,0) size 0x15
              RenderTableCell {TD} at (268,291) size 99x113 [border: (1px none #808080) none (1px none #808080)] [r=10 c=2 rs=1 cs=1]
                RenderBlock {P} at (8,1) size 84x16
                  RenderText {#text} at (31,0) size 21x15
                    text run at (31,0) width 21: "Yes"
                  RenderInline {SPAN} at (51,0) size 0x15
                    RenderInline {O:P} at (51,0) size 0x15
                RenderBlock {P} at (8,17) size 84x16
                  RenderText {#text} at (31,0) size 21x15
                    text run at (31,0) width 21: "Yes"
                  RenderInline {SPAN} at (51,0) size 0x15
                    RenderInline {O:P} at (51,0) size 0x15
                RenderBlock {P} at (8,33) size 84x16
                  RenderText {#text} at (31,0) size 21x15
                    text run at (31,0) width 21: "Yes"
                RenderBlock {P} at (8,49) size 84x16
                  RenderText {#text} at (40,0) size 4x15
                    text run at (40,0) width 4: " "
                RenderBlock {P} at (8,65) size 84x16
                  RenderText {#text} at (40,0) size 4x15
                    text run at (40,0) width 4: " "
                RenderBlock {P} at (8,81) size 84x16
                  RenderText {#text} at (31,0) size 21x15
                    text run at (31,0) width 21: "Yes"
                RenderBlock {P} at (8,97) size 84x16
                  RenderText {#text} at (31,0) size 21x15
                    text run at (31,0) width 21: "Yes"
                  RenderInline {SPAN} at (51,0) size 0x15
                    RenderInline {O:P} at (51,0) size 0x15
              RenderTableCell {TD} at (366,291) size 107x113 [border: (1px none #808080) none (1px none #808080)] [r=10 c=3 rs=1 cs=1]
                RenderBlock {P} at (8,1) size 90x16
                  RenderText {#text} at (36,0) size 18x15
                    text run at (36,0) width 18: "No"
                  RenderInline {SPAN} at (53,0) size 0x15
                    RenderInline {O:P} at (53,0) size 0x15
                RenderBlock {P} at (8,17) size 90x16
                  RenderText {#text} at (35,0) size 20x15
                    text run at (35,0) width 20: "Yes"
                  RenderInline {SPAN} at (54,0) size 0x15
                    RenderInline {O:P} at (54,0) size 0x15
                RenderBlock {P} at (8,33) size 90x16
                  RenderText {#text} at (36,0) size 18x15
                    text run at (36,0) width 18: "No"
                RenderBlock {P} at (8,49) size 90x16
                  RenderText {#text} at (43,0) size 4x15
                    text run at (43,0) width 4: " "
                RenderBlock {P} at (8,65) size 90x16
                  RenderText {#text} at (43,0) size 4x15
                    text run at (43,0) width 4: " "
                RenderBlock {P} at (8,81) size 90x16
                  RenderText {#text} at (36,0) size 18x15
                    text run at (36,0) width 18: "No"
                RenderBlock {P} at (8,97) size 90x16
                  RenderText {#text} at (36,0) size 18x15
                    text run at (36,0) width 18: "No"
                  RenderInline {SPAN} at (53,0) size 0x15
                    RenderInline {O:P} at (53,0) size 0x15
            RenderTableRow {TR} at (0,404) size 472x81
              RenderTableCell {TD} at (0,404) size 99x17 [border: (1px none #808080) none] [r=11 c=0 rs=1 cs=1]
                RenderBlock {P} at (8,1) size 84x16
                  RenderText {#text} at (34,0) size 15x15
                    text run at (34,0) width 15: "12"
                  RenderInline {SPAN} at (48,0) size 0x15
                    RenderInline {O:P} at (48,0) size 0x15
              RenderTableCell {TD} at (98,404) size 171x81 [border: (1px none #808080) none (1px none #808080)] [r=11 c=1 rs=1 cs=1]
                RenderBlock {P} at (8,1) size 155x16
                  RenderText {#text} at (0,0) size 76x15
                    text run at (0,0) width 76: "Rick Klement"
                RenderBlock {P} at (8,17) size 155x16
                  RenderText {#text} at (0,0) size 86x15
                    text run at (0,0) width 86: "George Coward"
                RenderBlock {P} at (8,33) size 155x16
                  RenderText {#text} at (0,0) size 87x15
                    text run at (0,0) width 87: "Gerald Cardinal"
                RenderBlock {P} at (8,49) size 155x16
                  RenderText {#text} at (0,0) size 73x15
                    text run at (0,0) width 73: "Brock Brown"
                RenderBlock {P} at (8,65) size 155x16
                  RenderText {#text} at (0,0) size 100x15
                    text run at (0,0) width 100: "Ellsworth Crowell"
              RenderTableCell {TD} at (268,404) size 99x81 [border: (1px none #808080) none (1px none #808080)] [r=11 c=2 rs=1 cs=1]
                RenderBlock {P} at (8,1) size 84x16
                  RenderText {#text} at (31,0) size 21x15
                    text run at (31,0) width 21: "Yes"
                RenderBlock {P} at (8,17) size 84x16
                  RenderText {#text} at (31,0) size 21x15
                    text run at (31,0) width 21: "Yes"
                RenderBlock {P} at (8,33) size 84x16
                  RenderText {#text} at (40,0) size 4x15
                    text run at (40,0) width 4: " "
                RenderBlock {P} at (8,49) size 84x16
                  RenderText {#text} at (31,0) size 21x15
                    text run at (31,0) width 21: "Yes"
                RenderBlock {P} at (8,65) size 84x16
                  RenderText {#text} at (31,0) size 21x15
                    text run at (31,0) width 21: "Yes"
                  RenderInline {SPAN} at (51,0) size 0x15
                    RenderInline {O:P} at (51,0) size 0x15
              RenderTableCell {TD} at (366,404) size 107x81 [border: (1px none #808080) none (1px none #808080)] [r=11 c=3 rs=1 cs=1]
                RenderBlock {P} at (8,1) size 90x16
                  RenderText {#text} at (35,0) size 20x15
                    text run at (35,0) width 20: "Yes"
                RenderBlock {P} at (8,17) size 90x16
                  RenderText {#text} at (36,0) size 18x15
                    text run at (36,0) width 18: "No"
                RenderBlock {P} at (8,33) size 90x16
                  RenderText {#text} at (43,0) size 4x15
                    text run at (43,0) width 4: " "
                RenderBlock {P} at (8,49) size 90x16
                  RenderText {#text} at (36,0) size 18x15
                    text run at (36,0) width 18: "No"
                RenderBlock {P} at (8,65) size 90x16
                  RenderText {#text} at (36,0) size 18x15
                    text run at (36,0) width 18: "No"
                  RenderInline {SPAN} at (53,0) size 0x15
                    RenderInline {O:P} at (53,0) size 0x15
            RenderTableRow {TR} at (0,485) size 472x65
              RenderTableCell {TD} at (0,485) size 99x17 [border: (1px none #808080) none] [r=12 c=0 rs=1 cs=1]
                RenderBlock {P} at (8,1) size 84x16
                  RenderText {#text} at (34,0) size 15x15
                    text run at (34,0) width 15: "13"
                  RenderInline {SPAN} at (48,0) size 0x15
                    RenderInline {O:P} at (48,0) size 0x15
              RenderTableCell {TD} at (98,485) size 171x65 [border: (1px none #808080) none (1px none #808080)] [r=12 c=1 rs=1 cs=1]
                RenderBlock {P} at (8,1) size 155x16
                  RenderText {#text} at (0,0) size 66x15
                    text run at (0,0) width 66: " Oliver Baer"
                RenderBlock {P} at (8,17) size 155x16
                  RenderText {#text} at (0,0) size 59x15
                    text run at (0,0) width 59: "Joe Araujo"
                RenderBlock {P} at (8,33) size 155x16
                  RenderText {#text} at (0,0) size 75x15
                    text run at (0,0) width 75: "Jim Mirowski"
                RenderBlock {P} at (8,49) size 155x16
                  RenderText {#text} at (0,0) size 63x15
                    text run at (0,0) width 63: "Scott Hersh"
                  RenderInline {SPAN} at (63,0) size 0x15
                    RenderInline {O:P} at (63,0) size 0x15
              RenderTableCell {TD} at (268,485) size 99x65 [border: (1px none #808080) none (1px none #808080)] [r=12 c=2 rs=1 cs=1]
                RenderBlock {P} at (8,1) size 84x16
                  RenderText {#text} at (30,0) size 24x15
                    text run at (30,0) width 24: " Yes"
                RenderBlock {P} at (8,17) size 84x16
                  RenderText {#text} at (40,0) size 4x15
                    text run at (40,0) width 4: " "
                RenderBlock {P} at (8,33) size 84x16
                  RenderText {#text} at (40,0) size 4x15
                    text run at (40,0) width 4: " "
                RenderBlock {P} at (8,49) size 84x16
                  RenderText {#text} at (31,0) size 21x15
                    text run at (31,0) width 21: "Yes"
                  RenderInline {SPAN} at (51,0) size 0x15
                    RenderInline {O:P} at (51,0) size 0x15
              RenderTableCell {TD} at (366,485) size 107x65 [border: (1px none #808080) none (1px none #808080)] [r=12 c=3 rs=1 cs=1]
                RenderBlock {P} at (8,1) size 90x16
                  RenderText {#text} at (34,0) size 21x15
                    text run at (34,0) width 21: " No"
                RenderBlock {P} at (8,17) size 90x16
                  RenderText {#text} at (43,0) size 4x15
                    text run at (43,0) width 4: " "
                RenderBlock {P} at (8,33) size 90x16
                  RenderText {#text} at (43,0) size 4x15
                    text run at (43,0) width 4: " "
                RenderBlock {P} at (8,49) size 90x16
                  RenderText {#text} at (36,0) size 18x15
                    text run at (36,0) width 18: "No"
                  RenderInline {SPAN} at (53,0) size 0x15
                    RenderInline {O:P} at (53,0) size 0x15
            RenderTableRow {TR} at (0,550) size 472x49
              RenderTableCell {TD} at (0,550) size 99x17 [border: (1px none #808080) none] [r=13 c=0 rs=1 cs=1]
                RenderBlock {P} at (8,1) size 84x16
                  RenderText {#text} at (34,0) size 15x15
                    text run at (34,0) width 15: "14"
                  RenderInline {SPAN} at (48,0) size 0x15
                    RenderInline {O:P} at (48,0) size 0x15
              RenderTableCell {TD} at (98,550) size 171x49 [border: (1px none #808080) none (1px none #808080)] [r=13 c=1 rs=1 cs=1]
                RenderBlock {P} at (8,1) size 155x16
                  RenderText {#text} at (0,0) size 62x15
                    text run at (0,0) width 62: " Joe Araujo"
                RenderBlock {P} at (8,17) size 155x16
                  RenderText {#text} at (0,0) size 72x15
                    text run at (0,0) width 72: "Steve Gilbert"
                RenderBlock {P} at (8,33) size 155x16
                  RenderText {#text} at (0,0) size 80x15
                    text run at (0,0) width 80: "Gary Williams"
                  RenderInline {SPAN} at (79,0) size 0x15
                    RenderInline {O:P} at (79,0) size 0x15
              RenderTableCell {TD} at (268,550) size 99x33 [border: (1px none #808080) none (1px none #808080)] [r=13 c=2 rs=1 cs=1]
                RenderBlock {P} at (8,1) size 84x16
                  RenderText {#text} at (40,0) size 4x15
                    text run at (40,0) width 4: " "
                RenderBlock {P} at (8,17) size 84x16
                  RenderText {#text} at (31,0) size 21x15
                    text run at (31,0) width 21: "Yes"
                  RenderInline {SPAN} at (51,0) size 0x15
                    RenderInline {O:P} at (51,0) size 0x15
              RenderTableCell {TD} at (366,550) size 107x33 [border: (1px none #808080) none (1px none #808080)] [r=13 c=3 rs=1 cs=1]
                RenderBlock {P} at (8,1) size 90x16
                  RenderText {#text} at (43,0) size 4x15
                    text run at (43,0) width 4: " "
                RenderBlock {P} at (8,17) size 90x16
                  RenderText {#text} at (36,0) size 18x15
                    text run at (36,0) width 18: "No"
                  RenderInline {SPAN} at (53,0) size 0x15
                    RenderInline {O:P} at (53,0) size 0x15
            RenderTableRow {TR} at (0,599) size 472x81
              RenderTableCell {TD} at (0,599) size 99x17 [border: (1px none #808080) none] [r=14 c=0 rs=1 cs=1]
                RenderBlock {P} at (8,1) size 84x16
                  RenderText {#text} at (34,0) size 15x15
                    text run at (34,0) width 15: "15"
                  RenderInline {SPAN} at (48,0) size 0x15
                    RenderInline {O:P} at (48,0) size 0x15
              RenderTableCell {TD} at (98,599) size 171x81 [border: (1px none #808080) none (1px none #808080)] [r=14 c=1 rs=1 cs=1]
                RenderBlock {P} at (8,1) size 155x16
                  RenderText {#text} at (0,0) size 66x15
                    text run at (0,0) width 66: " Oliver Baer"
                RenderBlock {P} at (8,17) size 155x16
                  RenderText {#text} at (0,0) size 53x15
                    text run at (0,0) width 53: "Joe Smith"
                RenderBlock {P} at (8,33) size 155x16
                  RenderText {#text} at (0,0) size 55x15
                    text run at (0,0) width 55: "John Paye"
                RenderBlock {P} at (8,49) size 155x16
                  RenderText {#text} at (0,0) size 85x15
                    text run at (0,0) width 85: "John Yearwood"
                RenderBlock {P} at (8,65) size 155x16
                  RenderText {#text} at (0,0) size 71x15
                    text run at (0,0) width 71: "Harald Close"
                  RenderInline {SPAN} at (71,0) size 0x15
                    RenderInline {O:P} at (71,0) size 0x15
              RenderTableCell {TD} at (268,599) size 99x81 [border: (1px none #808080) none (1px none #808080)] [r=14 c=2 rs=1 cs=1]
                RenderBlock {P} at (8,1) size 84x16
                  RenderText {#text} at (30,0) size 24x15
                    text run at (30,0) width 24: " Yes"
                RenderBlock {P} at (8,17) size 84x16
                  RenderText {#text} at (40,0) size 4x15
                    text run at (40,0) width 4: " "
                RenderBlock {P} at (8,33) size 84x16
                  RenderText {#text} at (40,0) size 4x15
                    text run at (40,0) width 4: " "
                RenderBlock {P} at (8,49) size 84x16
                  RenderText {#text} at (31,0) size 21x15
                    text run at (31,0) width 21: "Yes"
                RenderBlock {P} at (8,65) size 84x16
                  RenderText {#text} at (31,0) size 21x15
                    text run at (31,0) width 21: "Yes"
                  RenderInline {SPAN} at (51,0) size 0x15
                    RenderInline {O:P} at (51,0) size 0x15
              RenderTableCell {TD} at (366,599) size 107x81 [border: (1px none #808080) none (1px none #808080)] [r=14 c=3 rs=1 cs=1]
                RenderBlock {P} at (8,1) size 90x16
                  RenderText {#text} at (34,0) size 21x15
                    text run at (34,0) width 21: " No"
                RenderBlock {P} at (8,17) size 90x16
                  RenderText {#text} at (43,0) size 4x15
                    text run at (43,0) width 4: " "
                RenderBlock {P} at (8,33) size 90x16
                  RenderText {#text} at (43,0) size 4x15
                    text run at (43,0) width 4: " "
                RenderBlock {P} at (8,49) size 90x16
                  RenderText {#text} at (36,0) size 18x15
                    text run at (36,0) width 18: "No"
                RenderBlock {P} at (8,65) size 90x16
                  RenderText {#text} at (36,0) size 18x15
                    text run at (36,0) width 18: "No"
                  RenderInline {SPAN} at (53,0) size 0x15
                    RenderInline {O:P} at (53,0) size 0x15
            RenderTableRow {TR} at (0,680) size 472x33
              RenderTableCell {TD} at (0,680) size 99x17 [border: (1px none #808080) none] [r=15 c=0 rs=1 cs=1]
                RenderBlock {P} at (8,1) size 84x16
                  RenderText {#text} at (34,0) size 15x15
                    text run at (34,0) width 15: "16"
                  RenderInline {SPAN} at (48,0) size 0x15
                    RenderInline {O:P} at (48,0) size 0x15
              RenderTableCell {TD} at (98,680) size 171x33 [border: (1px none #808080) none (1px none #808080)] [r=15 c=1 rs=1 cs=1]
                RenderBlock {P} at (8,1) size 155x16
                  RenderText {#text} at (0,0) size 83x15
                    text run at (0,0) width 83: " James Haladus"
                RenderBlock {P} at (8,17) size 155x16
                  RenderText {#text} at (0,0) size 53x15
                    text run at (0,0) width 53: "Joe Smith"
                  RenderInline {SPAN} at (53,0) size 0x15
                    RenderInline {O:P} at (53,0) size 0x15
              RenderTableCell {TD} at (268,680) size 99x17 [border: (1px none #808080) none (1px none #808080)] [r=15 c=2 rs=1 cs=1]
                RenderBlock {P} at (8,1) size 84x16
                  RenderText {#text} at (30,0) size 24x15
                    text run at (30,0) width 24: " Yes"
                  RenderInline {SPAN} at (53,0) size 0x15
                    RenderInline {O:P} at (53,0) size 0x15
              RenderTableCell {TD} at (366,680) size 107x17 [border: (1px none #808080) none (1px none #808080)] [r=15 c=3 rs=1 cs=1]
                RenderBlock {P} at (8,1) size 90x16
                  RenderText {#text} at (34,0) size 21x15
                    text run at (34,0) width 21: " No"
                  RenderInline {SPAN} at (54,0) size 0x15
                    RenderInline {O:P} at (54,0) size 0x15
            RenderTableRow {TR} at (0,713) size 472x81
              RenderTableCell {TD} at (0,713) size 99x17 [border: (1px none #808080) none] [r=16 c=0 rs=1 cs=1]
                RenderBlock {P} at (8,1) size 84x16
                  RenderText {#text} at (34,0) size 15x15
                    text run at (34,0) width 15: "17"
                  RenderInline {SPAN} at (48,0) size 0x15
                    RenderInline {O:P} at (48,0) size 0x15
              RenderTableCell {TD} at (98,713) size 171x81 [border: (1px none #808080) none (1px none #808080)] [r=16 c=1 rs=1 cs=1]
                RenderBlock {P} at (8,1) size 155x16
                  RenderText {#text} at (0,0) size 62x15
                    text run at (0,0) width 62: "Doug Field"
                  RenderInline {SPAN} at (62,0) size 0x15
                    RenderInline {O:P} at (62,0) size 0x15
                RenderBlock {P} at (8,17) size 155x16
                  RenderText {#text} at (0,0) size 66x15
                    text run at (0,0) width 66: "Dave Neves"
                RenderBlock {P} at (8,33) size 155x16
                  RenderText {#text} at (0,0) size 63x15
                    text run at (0,0) width 63: "Oliver Baer"
                RenderBlock {P} at (8,49) size 155x16
                  RenderText {#text} at (0,0) size 58x15
                    text run at (0,0) width 58: "John Todd"
                RenderBlock {P} at (8,65) size 155x16
                  RenderText {#text} at (0,0) size 100x15
                    text run at (0,0) width 100: "Dave Christiansen"
                  RenderInline {SPAN} at (100,0) size 0x15
                    RenderInline {O:P} at (100,0) size 0x15
              RenderTableCell {TD} at (268,713) size 99x81 [border: (1px none #808080) none (1px none #808080)] [r=16 c=2 rs=1 cs=1]
                RenderBlock {P} at (8,1) size 84x16
                  RenderText {#text} at (31,0) size 21x15
                    text run at (31,0) width 21: "Yes"
                  RenderInline {SPAN} at (51,0) size 0x15
                    RenderInline {O:P} at (51,0) size 0x15
                RenderBlock {P} at (8,17) size 84x16
                  RenderText {#text} at (31,0) size 21x15
                    text run at (31,0) width 21: "Yes"
                RenderBlock {P} at (8,33) size 84x16
                  RenderText {#text} at (31,0) size 21x15
                    text run at (31,0) width 21: "Yes"
                RenderBlock {P} at (8,49) size 84x16
                  RenderText {#text} at (40,0) size 4x15
                    text run at (40,0) width 4: " "
                RenderBlock {P} at (8,65) size 84x16
                  RenderText {#text} at (31,0) size 21x15
                    text run at (31,0) width 21: "Yes"
                  RenderInline {SPAN} at (51,0) size 0x15
                    RenderInline {O:P} at (51,0) size 0x15
              RenderTableCell {TD} at (366,713) size 107x81 [border: (1px none #808080) none (1px none #808080)] [r=16 c=3 rs=1 cs=1]
                RenderBlock {P} at (8,1) size 90x16
                  RenderText {#text} at (36,0) size 18x15
                    text run at (36,0) width 18: "No"
                  RenderInline {SPAN} at (53,0) size 0x15
                    RenderInline {O:P} at (53,0) size 0x15
                RenderBlock {P} at (8,17) size 90x16
                  RenderText {#text} at (35,0) size 20x15
                    text run at (35,0) width 20: "Yes"
                RenderBlock {P} at (8,33) size 90x16
                  RenderText {#text} at (36,0) size 18x15
                    text run at (36,0) width 18: "No"
                RenderBlock {P} at (8,49) size 90x16
                  RenderText {#text} at (43,0) size 4x15
                    text run at (43,0) width 4: " "
                RenderBlock {P} at (8,65) size 90x16
                  RenderText {#text} at (36,0) size 18x15
                    text run at (36,0) width 18: "No"
                  RenderInline {SPAN} at (53,0) size 0x15
                    RenderInline {O:P} at (53,0) size 0x15
            RenderTableRow {TR} at (0,794) size 472x113
              RenderTableCell {TD} at (0,794) size 99x17 [border: (1px none #808080) none] [r=17 c=0 rs=1 cs=1]
                RenderBlock {P} at (8,1) size 84x16
                  RenderText {#text} at (34,0) size 15x15
                    text run at (34,0) width 15: "18"
                  RenderInline {SPAN} at (48,0) size 0x15
                    RenderInline {O:P} at (48,0) size 0x15
              RenderTableCell {TD} at (98,794) size 171x113 [border: (1px none #808080) none (1px none #808080)] [r=17 c=1 rs=1 cs=1]
                RenderBlock {P} at (8,1) size 155x16
                  RenderText {#text} at (0,0) size 80x15
                    text run at (0,0) width 80: "Robert Barnett"
                RenderBlock {P} at (8,17) size 155x16
                  RenderText {#text} at (0,0) size 74x15
                    text run at (0,0) width 74: "Jim Mahoney"
                RenderBlock {P} at (8,33) size 155x16
                  RenderText {#text} at (0,0) size 80x15
                    text run at (0,0) width 80: "Dave Marshall"
                RenderBlock {P} at (8,49) size 155x16
                  RenderText {#text} at (0,0) size 87x15
                    text run at (0,0) width 87: "Gerald Cardinal"
                RenderBlock {P} at (8,65) size 155x16
                  RenderText {#text} at (0,0) size 105x15
                    text run at (0,0) width 105: "Dan & Will Sievert"
                RenderBlock {P} at (8,81) size 155x16
                  RenderText {#text} at (0,0) size 100x15
                    text run at (0,0) width 100: "Ellsworth Crowell"
                RenderBlock {P} at (8,97) size 155x16
                  RenderText {#text} at (0,0) size 60x15
                    text run at (0,0) width 60: "Jim Colvin"
                  RenderInline {SPAN} at (60,0) size 0x15
                    RenderInline {O:P} at (60,0) size 0x15
              RenderTableCell {TD} at (268,794) size 99x97 [border: (1px none #808080) none (1px none #808080)] [r=17 c=2 rs=1 cs=1]
                RenderBlock {P} at (8,1) size 84x16
                  RenderText {#text} at (31,0) size 21x15
                    text run at (31,0) width 21: "Yes"
                RenderBlock {P} at (8,17) size 84x16
                  RenderText {#text} at (31,0) size 21x15
                    text run at (31,0) width 21: "Yes"
                RenderBlock {P} at (8,33) size 84x16
                  RenderText {#text} at (31,0) size 21x15
                    text run at (31,0) width 21: "Yes"
                RenderBlock {P} at (8,49) size 84x16
                  RenderText {#text} at (40,0) size 4x15
                    text run at (40,0) width 4: " "
                RenderBlock {P} at (8,65) size 84x16
                  RenderText {#text} at (31,0) size 21x15
                    text run at (31,0) width 21: "Yes"
                RenderBlock {P} at (8,81) size 84x16
                  RenderText {#text} at (31,0) size 21x15
                    text run at (31,0) width 21: "Yes"
                  RenderInline {SPAN} at (51,0) size 0x15
                    RenderInline {O:P} at (51,0) size 0x15
              RenderTableCell {TD} at (366,794) size 107x97 [border: (1px none #808080) none (1px none #808080)] [r=17 c=3 rs=1 cs=1]
                RenderBlock {P} at (8,1) size 90x16
                  RenderText {#text} at (36,0) size 18x15
                    text run at (36,0) width 18: "No"
                RenderBlock {P} at (8,17) size 90x16
                  RenderText {#text} at (35,0) size 20x15
                    text run at (35,0) width 20: "Yes"
                RenderBlock {P} at (8,33) size 90x16
                  RenderText {#text} at (36,0) size 18x15
                    text run at (36,0) width 18: "No"
                RenderBlock {P} at (8,49) size 90x16
                  RenderText {#text} at (43,0) size 4x15
                    text run at (43,0) width 4: " "
                RenderBlock {P} at (8,65) size 90x16
                  RenderText {#text} at (36,0) size 18x15
                    text run at (36,0) width 18: "No"
                RenderBlock {P} at (8,81) size 90x16
                  RenderText {#text} at (36,0) size 18x15
                    text run at (36,0) width 18: "No"
                  RenderInline {SPAN} at (53,0) size 0x15
                    RenderInline {O:P} at (53,0) size 0x15
            RenderTableRow {TR} at (0,907) size 472x65
              RenderTableCell {TD} at (0,907) size 99x17 [border: (1px none #808080) none] [r=18 c=0 rs=1 cs=1]
                RenderBlock {P} at (8,1) size 84x16
                  RenderText {#text} at (34,0) size 15x15
                    text run at (34,0) width 15: "19"
                  RenderInline {SPAN} at (48,0) size 0x15
                    RenderInline {O:P} at (48,0) size 0x15
              RenderTableCell {TD} at (98,907) size 171x65 [border: (1px none #808080) none (1px none #808080)] [r=18 c=1 rs=1 cs=1]
                RenderBlock {P} at (8,1) size 155x16
                  RenderInline {SPAN} at (0,0) size 68x15
                    RenderText {#text} at (0,0) size 68x15
                      text run at (0,0) width 41: "Noriya "
                      text run at (41,0) width 27: "Kato"
                RenderBlock {P} at (8,17) size 155x16
                  RenderText {#text} at (0,0) size 58x15
                    text run at (0,0) width 58: "John Todd"
                RenderBlock {P} at (8,33) size 155x16
                  RenderText {#text} at (0,0) size 72x15
                    text run at (0,0) width 72: "James Brown"
                RenderBlock {P} at (8,49) size 155x16
                  RenderText {#text} at (0,0) size 85x15
                    text run at (0,0) width 85: "Mike Anderson"
                  RenderInline {SPAN} at (85,0) size 0x15
                    RenderInline {O:P} at (85,0) size 0x15
              RenderTableCell {TD} at (268,907) size 99x65 [border: (1px none #808080) none (1px none #808080)] [r=18 c=2 rs=1 cs=1]
                RenderBlock {P} at (8,1) size 84x16
                  RenderInline {SPAN} at (31,0) size 21x15
                    RenderText {#text} at (31,0) size 21x15
                      text run at (31,0) width 21: "Yes"
                RenderBlock {P} at (8,17) size 84x16
                  RenderText {#text} at (40,0) size 4x15
                    text run at (40,0) width 4: " "
                RenderBlock {P} at (8,33) size 84x16
                  RenderInline {SPAN} at (31,0) size 21x15
                    RenderText {#text} at (31,0) size 21x15
                      text run at (31,0) width 21: "Yes"
                RenderBlock {P} at (8,49) size 84x16
                  RenderInline {SPAN} at (31,0) size 21x15
                    RenderText {#text} at (31,0) size 21x15
                      text run at (31,0) width 21: "Yes"
                  RenderInline {SPAN} at (51,0) size 0x15
                    RenderInline {O:P} at (51,0) size 0x15
              RenderTableCell {TD} at (366,907) size 107x65 [border: (1px none #808080) none (1px none #808080)] [r=18 c=3 rs=1 cs=1]
                RenderBlock {P} at (8,1) size 90x16
                  RenderInline {SPAN} at (36,0) size 18x15
                    RenderText {#text} at (36,0) size 18x15
                      text run at (36,0) width 18: "No"
                RenderBlock {P} at (8,17) size 90x16
                  RenderText {#text} at (43,0) size 4x15
                    text run at (43,0) width 4: " "
                RenderBlock {P} at (8,33) size 90x16
                  RenderInline {SPAN} at (36,0) size 18x15
                    RenderText {#text} at (36,0) size 18x15
                      text run at (36,0) width 18: "No"
                RenderBlock {P} at (8,49) size 90x16
                  RenderInline {SPAN} at (36,0) size 18x15
                    RenderText {#text} at (36,0) size 18x15
                      text run at (36,0) width 18: "No"
                  RenderInline {SPAN} at (53,0) size 0x15
                    RenderInline {O:P} at (53,0) size 0x15
            RenderTableRow {TR} at (0,972) size 472x49
              RenderTableCell {TD} at (0,972) size 99x17 [border: (1px none #808080) none] [r=19 c=0 rs=1 cs=1]
                RenderBlock {P} at (8,1) size 84x16
                  RenderText {#text} at (34,0) size 15x15
                    text run at (34,0) width 15: "20"
                  RenderInline {SPAN} at (48,0) size 0x15
                    RenderInline {O:P} at (48,0) size 0x15
              RenderTableCell {TD} at (98,972) size 171x49 [border: (1px none #808080) none (1px none #808080)] [r=19 c=1 rs=1 cs=1]
                RenderBlock {P} at (8,1) size 155x16
                  RenderText {#text} at (0,0) size 69x15
                    text run at (0,0) width 69: "Bill Johnson"
                RenderBlock {P} at (8,17) size 155x16
                  RenderText {#text} at (0,0) size 90x15
                    text run at (0,0) width 90: "Dominic Bayani"
                RenderBlock {P} at (8,33) size 155x16
                  RenderText {#text} at (0,0) size 70x15
                    text run at (0,0) width 70: "Rick Latham"
                  RenderInline {SPAN} at (70,0) size 0x15
                    RenderInline {O:P} at (70,0) size 0x15
              RenderTableCell {TD} at (268,972) size 99x49 [border: (1px none #808080) none (1px none #808080)] [r=19 c=2 rs=1 cs=1]
                RenderBlock {P} at (8,1) size 84x16
                  RenderText {#text} at (31,0) size 21x15
                    text run at (31,0) width 21: "Yes"
                RenderBlock {P} at (8,17) size 84x16
                  RenderText {#text} at (40,0) size 4x15
                    text run at (40,0) width 4: " "
                RenderBlock {P} at (8,33) size 84x16
                  RenderText {#text} at (31,0) size 21x15
                    text run at (31,0) width 21: "Yes"
                  RenderInline {SPAN} at (51,0) size 0x15
                    RenderInline {O:P} at (51,0) size 0x15
              RenderTableCell {TD} at (366,972) size 107x49 [border: (1px none #808080) none (1px none #808080)] [r=19 c=3 rs=1 cs=1]
                RenderBlock {P} at (8,1) size 90x16
                  RenderText {#text} at (36,0) size 18x15
                    text run at (36,0) width 18: "No"
                RenderBlock {P} at (8,17) size 90x16
                  RenderText {#text} at (43,0) size 4x15
                    text run at (43,0) width 4: " "
                RenderBlock {P} at (8,33) size 90x16
                  RenderText {#text} at (36,0) size 18x15
                    text run at (36,0) width 18: "No"
                  RenderInline {SPAN} at (53,0) size 0x15
                    RenderInline {O:P} at (53,0) size 0x15
            RenderTableRow {TR} at (0,1021) size 472x17
              RenderTableCell {TD} at (0,1021) size 99x17 [border: (1px none #808080) none] [r=20 c=0 rs=1 cs=1]
                RenderBlock {P} at (8,1) size 84x16
                  RenderText {#text} at (34,0) size 15x15
                    text run at (34,0) width 15: "21"
                  RenderInline {SPAN} at (48,0) size 0x15
                    RenderInline {O:P} at (48,0) size 0x15
              RenderTableCell {TD} at (98,1021) size 171x17 [border: (1px none #808080) none (1px none #808080)] [r=20 c=1 rs=1 cs=1]
                RenderBlock {P} at (8,1) size 155x16
                  RenderText {#text} at (0,0) size 65x15
                    text run at (0,0) width 65: " Simon Tam"
                  RenderInline {SPAN} at (64,0) size 0x15
                    RenderInline {O:P} at (64,0) size 0x15
              RenderTableCell {TD} at (268,1021) size 99x17 [border: (1px none #808080) none (1px none #808080)] [r=20 c=2 rs=1 cs=1]
                RenderBlock {P} at (8,1) size 84x16
                  RenderText {#text} at (40,0) size 4x15
                    text run at (40,0) width 4: " "
                  RenderInline {SPAN} at (43,0) size 0x15
                    RenderInline {O:P} at (43,0) size 0x15
              RenderTableCell {TD} at (366,1021) size 107x17 [border: (1px none #808080) none (1px none #808080)] [r=20 c=3 rs=1 cs=1]
                RenderBlock {P} at (8,1) size 90x16
                  RenderText {#text} at (43,0) size 4x15
                    text run at (43,0) width 4: " "
                  RenderInline {SPAN} at (46,0) size 0x15
                    RenderInline {O:P} at (46,0) size 0x15
            RenderTableRow {TR} at (0,1038) size 472x81
              RenderTableCell {TD} at (0,1038) size 99x17 [border: (1px none #808080) none] [r=21 c=0 rs=1 cs=1]
                RenderBlock {P} at (8,1) size 84x16
                  RenderText {#text} at (34,0) size 15x15
                    text run at (34,0) width 15: "22"
                  RenderInline {SPAN} at (48,0) size 0x15
                    RenderInline {O:P} at (48,0) size 0x15
              RenderTableCell {TD} at (98,1038) size 171x81 [border: (1px none #808080) none (1px none #808080)] [r=21 c=1 rs=1 cs=1]
                RenderBlock {P} at (8,1) size 155x16
                  RenderText {#text} at (0,0) size 66x15
                    text run at (0,0) width 66: "Dave Neves"
                  RenderInline {SPAN} at (66,0) size 0x15
                    RenderInline {O:P} at (66,0) size 0x15
                RenderBlock {P} at (8,17) size 155x16
                  RenderText {#text} at (0,0) size 90x15
                    text run at (0,0) width 90: "Grant Sanderson"
                  RenderInline {SPAN} at (90,0) size 0x15
                    RenderInline {O:P} at (90,0) size 0x15
                RenderBlock {P} at (8,33) size 155x16
                  RenderText {#text} at (0,0) size 86x15
                    text run at (0,0) width 86: "Maurice Burton"
                RenderBlock {P} at (8,49) size 155x16
                  RenderText {#text} at (0,0) size 118x15
                    text run at (0,0) width 118: "Mike Gilmartin ?????"
                RenderBlock {P} at (8,65) size 155x16
                  RenderText {#text} at (0,0) size 66x15
                    text run at (0,0) width 66: "Chris Walsh"
                  RenderInline {SPAN} at (65,0) size 0x15
                    RenderInline {O:P} at (65,0) size 0x15
              RenderTableCell {TD} at (268,1038) size 99x81 [border: (1px none #808080) none (1px none #808080)] [r=21 c=2 rs=1 cs=1]
                RenderBlock {P} at (8,1) size 84x16
                  RenderText {#text} at (31,0) size 21x15
                    text run at (31,0) width 21: "Yes"
                  RenderInline {SPAN} at (51,0) size 0x15
                    RenderInline {O:P} at (51,0) size 0x15
                RenderBlock {P} at (8,17) size 84x16
                  RenderText {#text} at (31,0) size 21x15
                    text run at (31,0) width 21: "Yes"
                  RenderInline {SPAN} at (51,0) size 0x15
                    RenderInline {O:P} at (51,0) size 0x15
                RenderBlock {P} at (8,33) size 84x16
                  RenderText {#text} at (31,0) size 21x15
                    text run at (31,0) width 21: "Yes"
                RenderBlock {P} at (8,49) size 84x16
                  RenderText {#text} at (31,0) size 21x15
                    text run at (31,0) width 21: "Yes"
                RenderBlock {P} at (8,65) size 84x16
                  RenderText {#text} at (31,0) size 21x15
                    text run at (31,0) width 21: "Yes"
                  RenderInline {SPAN} at (51,0) size 0x15
                    RenderInline {O:P} at (51,0) size 0x15
              RenderTableCell {TD} at (366,1038) size 107x81 [border: (1px none #808080) none (1px none #808080)] [r=21 c=3 rs=1 cs=1]
                RenderBlock {P} at (8,1) size 90x16
                  RenderText {#text} at (35,0) size 20x15
                    text run at (35,0) width 20: "Yes"
                  RenderInline {SPAN} at (54,0) size 0x15
                    RenderInline {O:P} at (54,0) size 0x15
                RenderBlock {P} at (8,17) size 90x16
                  RenderText {#text} at (36,0) size 18x15
                    text run at (36,0) width 18: "No"
                  RenderInline {SPAN} at (53,0) size 0x15
                    RenderInline {O:P} at (53,0) size 0x15
                RenderBlock {P} at (8,33) size 90x16
                  RenderText {#text} at (36,0) size 18x15
                    text run at (36,0) width 18: "No"
                RenderBlock {P} at (8,49) size 90x16
                  RenderText {#text} at (35,0) size 20x15
                    text run at (35,0) width 20: "Yes"
                RenderBlock {P} at (8,65) size 90x16
                  RenderText {#text} at (36,0) size 18x15
                    text run at (36,0) width 18: "No"
                  RenderInline {SPAN} at (53,0) size 0x15
                    RenderInline {O:P} at (53,0) size 0x15
            RenderTableRow {TR} at (0,1119) size 472x81
              RenderTableCell {TD} at (0,1119) size 99x17 [border: (1px none #808080) none] [r=22 c=0 rs=1 cs=1]
                RenderBlock {P} at (8,1) size 84x16
                  RenderText {#text} at (34,0) size 15x15
                    text run at (34,0) width 15: "23"
                  RenderInline {SPAN} at (48,0) size 0x15
                    RenderInline {O:P} at (48,0) size 0x15
              RenderTableCell {TD} at (98,1119) size 171x81 [border: (1px none #808080) none (1px none #808080)] [r=22 c=1 rs=1 cs=1]
                RenderBlock {P} at (8,1) size 155x16
                  RenderText {#text} at (0,0) size 66x15
                    text run at (0,0) width 66: "Dave Neves"
                  RenderInline {SPAN} at (66,0) size 0x15
                    RenderInline {O:P} at (66,0) size 0x15
                RenderBlock {P} at (8,17) size 155x16
                  RenderText {#text} at (0,0) size 86x15
                    text run at (0,0) width 86: "Maurice Burton"
                RenderBlock {P} at (8,33) size 155x16
                  RenderText {#text} at (0,0) size 63x15
                    text run at (0,0) width 63: "Oliver Baer"
                RenderBlock {P} at (8,49) size 155x16
                  RenderText {#text} at (0,0) size 58x15
                    text run at (0,0) width 58: "John Todd"
                RenderBlock {P} at (8,65) size 155x16
                  RenderText {#text} at (0,0) size 66x15
                    text run at (0,0) width 66: "Rich Saunef"
                  RenderInline {SPAN} at (66,0) size 0x15
                    RenderInline {O:P} at (66,0) size 0x15
              RenderTableCell {TD} at (268,1119) size 99x81 [border: (1px none #808080) none (1px none #808080)] [r=22 c=2 rs=1 cs=1]
                RenderBlock {P} at (8,1) size 84x16
                  RenderText {#text} at (31,0) size 21x15
                    text run at (31,0) width 21: "Yes"
                  RenderInline {SPAN} at (51,0) size 0x15
                    RenderInline {O:P} at (51,0) size 0x15
                RenderBlock {P} at (8,17) size 84x16
                  RenderText {#text} at (31,0) size 21x15
                    text run at (31,0) width 21: "Yes"
                RenderBlock {P} at (8,33) size 84x16
                  RenderText {#text} at (31,0) size 21x15
                    text run at (31,0) width 21: "Yes"
                RenderBlock {P} at (8,49) size 84x16
                  RenderText {#text} at (40,0) size 4x15
                    text run at (40,0) width 4: " "
                RenderBlock {P} at (8,65) size 84x16
                  RenderText {#text} at (31,0) size 21x15
                    text run at (31,0) width 21: "Yes"
                  RenderInline {SPAN} at (51,0) size 0x15
                    RenderInline {O:P} at (51,0) size 0x15
              RenderTableCell {TD} at (366,1119) size 107x81 [border: (1px none #808080) none (1px none #808080)] [r=22 c=3 rs=1 cs=1]
                RenderBlock {P} at (8,1) size 90x16
                  RenderText {#text} at (35,0) size 20x15
                    text run at (35,0) width 20: "Yes"
                  RenderInline {SPAN} at (54,0) size 0x15
                    RenderInline {O:P} at (54,0) size 0x15
                RenderBlock {P} at (8,17) size 90x16
                  RenderText {#text} at (36,0) size 18x15
                    text run at (36,0) width 18: "No"
                RenderBlock {P} at (8,33) size 90x16
                  RenderText {#text} at (36,0) size 18x15
                    text run at (36,0) width 18: "No"
                RenderBlock {P} at (8,49) size 90x16
                  RenderText {#text} at (43,0) size 4x15
                    text run at (43,0) width 4: " "
                RenderBlock {P} at (8,65) size 90x16
                  RenderText {#text} at (36,0) size 18x15
                    text run at (36,0) width 18: "No"
                  RenderInline {SPAN} at (53,0) size 0x15
                    RenderInline {O:P} at (53,0) size 0x15
            RenderTableRow {TR} at (0,1200) size 472x81
              RenderTableCell {TD} at (0,1200) size 99x17 [border: (1px none #808080) none] [r=23 c=0 rs=1 cs=1]
                RenderBlock {P} at (8,1) size 84x16
                  RenderText {#text} at (34,0) size 15x15
                    text run at (34,0) width 15: "24"
                  RenderInline {SPAN} at (48,0) size 0x15
                    RenderInline {O:P} at (48,0) size 0x15
              RenderTableCell {TD} at (98,1200) size 171x81 [border: (1px none #808080) none (1px none #808080)] [r=23 c=1 rs=1 cs=1]
                RenderBlock {P} at (8,1) size 155x16
                  RenderText {#text} at (0,0) size 67x15
                    text run at (0,0) width 67: " Dan Sievert"
                RenderBlock {P} at (8,17) size 155x16
                  RenderText {#text} at (0,0) size 61x15
                    text run at (0,0) width 61: "Jerry Davis"
                RenderBlock {P} at (8,33) size 155x16
                  RenderText {#text} at (0,0) size 63x15
                    text run at (0,0) width 63: "Scott Hersh"
                RenderBlock {P} at (8,49) size 155x16
                  RenderText {#text} at (0,0) size 52x15
                    text run at (0,0) width 52: "Rick Bell"
                RenderBlock {P} at (8,65) size 155x16
                  RenderText {#text} at (0,0) size 56x15
                    text run at (0,0) width 56: "Eric Shum"
                  RenderInline {SPAN} at (56,0) size 0x15
                    RenderInline {O:P} at (56,0) size 0x15
              RenderTableCell {TD} at (268,1200) size 99x81 [border: (1px none #808080) none (1px none #808080)] [r=23 c=2 rs=1 cs=1]
                RenderBlock {P} at (8,1) size 84x16
                  RenderText {#text} at (30,0) size 24x15
                    text run at (30,0) width 24: " Yes"
                RenderBlock {P} at (8,17) size 84x16
                  RenderText {#text} at (31,0) size 21x15
                    text run at (31,0) width 21: "Yes"
                RenderBlock {P} at (8,33) size 84x16
                  RenderText {#text} at (31,0) size 21x15
                    text run at (31,0) width 21: "Yes"
                RenderBlock {P} at (8,49) size 84x16
                  RenderText {#text} at (31,0) size 21x15
                    text run at (31,0) width 21: "Yes"
                RenderBlock {P} at (8,65) size 84x16
                  RenderText {#text} at (31,0) size 21x15
                    text run at (31,0) width 21: "Yes"
                  RenderInline {SPAN} at (51,0) size 0x15
                    RenderInline {O:P} at (51,0) size 0x15
              RenderTableCell {TD} at (366,1200) size 107x81 [border: (1px none #808080) none (1px none #808080)] [r=23 c=3 rs=1 cs=1]
                RenderBlock {P} at (8,1) size 90x16
                  RenderText {#text} at (34,0) size 21x15
                    text run at (34,0) width 21: " No"
                RenderBlock {P} at (8,17) size 90x16
                  RenderText {#text} at (36,0) size 18x15
                    text run at (36,0) width 18: "No"
                RenderBlock {P} at (8,33) size 90x16
                  RenderText {#text} at (36,0) size 18x15
                    text run at (36,0) width 18: "No"
                RenderBlock {P} at (8,49) size 90x16
                  RenderText {#text} at (36,0) size 18x15
                    text run at (36,0) width 18: "No"
                RenderBlock {P} at (8,65) size 90x16
                  RenderText {#text} at (36,0) size 18x15
                    text run at (36,0) width 18: "No"
                  RenderInline {SPAN} at (53,0) size 0x15
                    RenderInline {O:P} at (53,0) size 0x15
            RenderTableRow {TR} at (0,1281) size 472x33
              RenderTableCell {TD} at (0,1281) size 99x17 [border: (1px none #808080) none] [r=24 c=0 rs=1 cs=1]
                RenderBlock {P} at (8,1) size 84x16
                  RenderText {#text} at (34,0) size 15x15
                    text run at (34,0) width 15: "25"
                  RenderInline {SPAN} at (48,0) size 0x15
                    RenderInline {O:P} at (48,0) size 0x15
              RenderTableCell {TD} at (98,1281) size 171x33 [border: (1px none #808080) none (1px none #808080)] [r=24 c=1 rs=1 cs=1]
                RenderBlock {P} at (8,1) size 155x16
                  RenderText {#text} at (0,0) size 71x15
                    text run at (0,0) width 71: "James Davey"
                RenderBlock {P} at (8,17) size 155x16
                  RenderText {#text} at (0,0) size 93x15
                    text run at (0,0) width 93: "Ruenjoe (Joe) Lu"
                  RenderInline {SPAN} at (93,0) size 0x15
                    RenderInline {O:P} at (93,0) size 0x15
              RenderTableCell {TD} at (268,1281) size 99x17 [border: (1px none #808080) none (1px none #808080)] [r=24 c=2 rs=1 cs=1]
                RenderBlock {P} at (8,1) size 84x16
                  RenderText {#text} at (31,0) size 21x15
                    text run at (31,0) width 21: "Yes"
                  RenderInline {SPAN} at (51,0) size 0x15
                    RenderInline {O:P} at (51,0) size 0x15
              RenderTableCell {TD} at (366,1281) size 107x17 [border: (1px none #808080) none (1px none #808080)] [r=24 c=3 rs=1 cs=1]
                RenderBlock {P} at (8,1) size 90x16
                  RenderText {#text} at (35,0) size 20x15
                    text run at (35,0) width 20: "Yes"
                  RenderInline {SPAN} at (54,0) size 0x15
                    RenderInline {O:P} at (54,0) size 0x15
            RenderTableRow {TR} at (0,1314) size 472x161
              RenderTableCell {TD} at (0,1314) size 99x17 [border: (1px none #808080) none] [r=25 c=0 rs=1 cs=1]
                RenderBlock {P} at (8,1) size 84x16
                  RenderText {#text} at (34,0) size 15x15
                    text run at (34,0) width 15: "26"
                  RenderInline {SPAN} at (48,0) size 0x15
                    RenderInline {O:P} at (48,0) size 0x15
              RenderTableCell {TD} at (98,1314) size 171x161 [border: (1px none #808080) none (1px none #808080)] [r=25 c=1 rs=1 cs=1]
                RenderBlock {P} at (8,1) size 155x16
                  RenderText {#text} at (0,0) size 91x15
                    text run at (0,0) width 91: "Alan Littlewood"
                  RenderInline {SPAN} at (91,0) size 0x15
                    RenderInline {O:P} at (91,0) size 0x15
                RenderBlock {P} at (8,17) size 155x16
                  RenderText {#text} at (0,0) size 73x15
                    text run at (0,0) width 73: "Darren Braun"
                  RenderInline {SPAN} at (73,0) size 0x15
                    RenderInline {O:P} at (73,0) size 0x15
                RenderBlock {P} at (8,33) size 155x16
                  RenderText {#text} at (0,0) size 62x15
                    text run at (0,0) width 62: "Simon Tam"
                RenderBlock {P} at (8,49) size 155x16
                  RenderText {#text} at (0,0) size 78x15
                    text run at (0,0) width 78: "Chuck Pringle"
                RenderBlock {P} at (8,65) size 155x16
                  RenderText {#text} at (0,0) size 89x15
                    text run at (0,0) width 89: "Gary Pendergras"
                RenderBlock {P} at (8,81) size 155x16
                  RenderText {#text} at (0,0) size 79x15
                    text run at (0,0) width 79: "Peter Mazanec"
                RenderBlock {P} at (8,97) size 155x16
                  RenderText {#text} at (0,0) size 81x15
                    text run at (0,0) width 81: "Harry Imamura"
                RenderBlock {P} at (8,113) size 155x16
                  RenderText {#text} at (0,0) size 59x15
                    text run at (0,0) width 59: "Joe Araujo"
                RenderBlock {P} at (8,129) size 155x16
                  RenderText {#text} at (0,0) size 80x15
                    text run at (0,0) width 80: "Gary Williams"
                RenderBlock {P} at (8,145) size 155x16
                  RenderText {#text} at (0,0) size 90x15
                    text run at (0,0) width 90: "Jack Goodfriend"
                  RenderInline {SPAN} at (90,0) size 0x15
                    RenderInline {O:P} at (90,0) size 0x15
              RenderTableCell {TD} at (268,1314) size 99x113 [border: (1px none #808080) none (1px none #808080)] [r=25 c=2 rs=1 cs=1]
                RenderBlock {P} at (8,1) size 84x16
                  RenderText {#text} at (31,0) size 21x15
                    text run at (31,0) width 21: "Yes"
                  RenderInline {SPAN} at (51,0) size 0x15
                    RenderInline {O:P} at (51,0) size 0x15
                RenderBlock {P} at (8,17) size 84x16
                  RenderText {#text} at (31,0) size 21x15
                    text run at (31,0) width 21: "Yes"
                  RenderInline {SPAN} at (51,0) size 0x15
                    RenderInline {O:P} at (51,0) size 0x15
                RenderBlock {P} at (8,33) size 84x16
                  RenderText {#text} at (31,0) size 21x15
                    text run at (31,0) width 21: "Yes"
                RenderBlock {P} at (8,49) size 84x16
                  RenderText {#text} at (31,0) size 21x15
                    text run at (31,0) width 21: "Yes"
                RenderBlock {P} at (8,65) size 84x16
                  RenderText {#text} at (31,0) size 21x15
                    text run at (31,0) width 21: "Yes"
                RenderBlock {P} at (8,81) size 84x16
                  RenderText {#text} at (31,0) size 21x15
                    text run at (31,0) width 21: "Yes"
                RenderBlock {P} at (8,97) size 84x16
                  RenderText {#text} at (33,0) size 18x15
                    text run at (33,0) width 18: "No"
                  RenderInline {SPAN} at (50,0) size 0x15
                    RenderInline {O:P} at (50,0) size 0x15
              RenderTableCell {TD} at (366,1314) size 107x113 [border: (1px none #808080) none (1px none #808080)] [r=25 c=3 rs=1 cs=1]
                RenderBlock {P} at (8,1) size 90x16
                  RenderText {#text} at (36,0) size 18x15
                    text run at (36,0) width 18: "No"
                  RenderInline {SPAN} at (53,0) size 0x15
                    RenderInline {O:P} at (53,0) size 0x15
                RenderBlock {P} at (8,17) size 90x16
                  RenderText {#text} at (36,0) size 18x15
                    text run at (36,0) width 18: "No"
                  RenderInline {SPAN} at (53,0) size 0x15
                    RenderInline {O:P} at (53,0) size 0x15
                RenderBlock {P} at (8,33) size 90x16
                  RenderText {#text} at (36,0) size 18x15
                    text run at (36,0) width 18: "No"
                RenderBlock {P} at (8,49) size 90x16
                  RenderText {#text} at (36,0) size 18x15
                    text run at (36,0) width 18: "No"
                RenderBlock {P} at (8,65) size 90x16
                  RenderText {#text} at (36,0) size 18x15
                    text run at (36,0) width 18: "No"
                RenderBlock {P} at (8,81) size 90x16
                  RenderText {#text} at (36,0) size 18x15
                    text run at (36,0) width 18: "No"
                RenderBlock {P} at (8,97) size 90x16
                  RenderText {#text} at (35,0) size 20x15
                    text run at (35,0) width 20: "Yes"
                  RenderInline {SPAN} at (54,0) size 0x15
                    RenderInline {O:P} at (54,0) size 0x15
            RenderTableRow {TR} at (0,1475) size 472x97
              RenderTableCell {TD} at (0,1475) size 99x17 [border: (1px none #808080) none] [r=26 c=0 rs=1 cs=1]
                RenderBlock {P} at (8,1) size 84x16
                  RenderText {#text} at (34,0) size 15x15
                    text run at (34,0) width 15: "27"
                  RenderInline {SPAN} at (48,0) size 0x15
                    RenderInline {O:P} at (48,0) size 0x15
              RenderTableCell {TD} at (98,1475) size 171x97 [border: (1px none #808080) none (1px none #808080)] [r=26 c=1 rs=1 cs=1]
                RenderBlock {P} at (8,1) size 155x16
                  RenderText {#text} at (0,0) size 73x15
                    text run at (0,0) width 73: "Darren Braun"
                  RenderInline {SPAN} at (73,0) size 0x15
                    RenderInline {O:P} at (73,0) size 0x15
                RenderBlock {P} at (8,17) size 155x16
                  RenderText {#text} at (0,0) size 93x15
                    text run at (0,0) width 93: "Ian + Brad Carter"
                  RenderInline {SPAN} at (93,0) size 0x15
                    RenderInline {O:P} at (93,0) size 0x15
                RenderBlock {P} at (8,33) size 155x16
                  RenderText {#text} at (0,0) size 72x15
                    text run at (0,0) width 72: "Pete Peterson"
                RenderBlock {P} at (8,49) size 155x16
                  RenderText {#text} at (0,0) size 83x15
                    text run at (0,0) width 83: "John Chamorro"
                RenderBlock {P} at (8,65) size 155x16
                  RenderText {#text} at (0,0) size 70x15
                    text run at (0,0) width 70: "Ali Erdengiz"
                RenderBlock {P} at (8,81) size 155x16
                  RenderText {#text} at (0,0) size 57x15
                    text run at (0,0) width 57: "Saibal Sen"
                  RenderInline {SPAN} at (57,0) size 0x15
                    RenderInline {O:P} at (57,0) size 0x15
              RenderTableCell {TD} at (268,1475) size 99x97 [border: (1px none #808080) none (1px none #808080)] [r=26 c=2 rs=1 cs=1]
                RenderBlock {P} at (8,1) size 84x16
                  RenderText {#text} at (31,0) size 21x15
                    text run at (31,0) width 21: "Yes"
                  RenderInline {SPAN} at (51,0) size 0x15
                    RenderInline {O:P} at (51,0) size 0x15
                RenderBlock {P} at (8,17) size 84x16
                  RenderText {#text} at (31,0) size 21x15
                    text run at (31,0) width 21: "Yes"
                  RenderInline {SPAN} at (51,0) size 0x15
                    RenderInline {O:P} at (51,0) size 0x15
                RenderBlock {P} at (8,33) size 84x16
                  RenderText {#text} at (31,0) size 21x15
                    text run at (31,0) width 21: "Yes"
                RenderBlock {P} at (8,49) size 84x16
                  RenderText {#text} at (40,0) size 4x15
                    text run at (40,0) width 4: " "
                RenderBlock {P} at (8,65) size 84x16
                  RenderText {#text} at (40,0) size 4x15
                    text run at (40,0) width 4: " "
                RenderBlock {P} at (8,81) size 84x16
                  RenderText {#text} at (31,0) size 21x15
                    text run at (31,0) width 21: "Yes"
                  RenderInline {SPAN} at (51,0) size 0x15
                    RenderInline {O:P} at (51,0) size 0x15
              RenderTableCell {TD} at (366,1475) size 107x97 [border: (1px none #808080) none (1px none #808080)] [r=26 c=3 rs=1 cs=1]
                RenderBlock {P} at (8,1) size 90x16
                  RenderText {#text} at (36,0) size 18x15
                    text run at (36,0) width 18: "No"
                  RenderInline {SPAN} at (53,0) size 0x15
                    RenderInline {O:P} at (53,0) size 0x15
                RenderBlock {P} at (8,17) size 90x16
                  RenderText {#text} at (36,0) size 18x15
                    text run at (36,0) width 18: "No"
                  RenderInline {SPAN} at (53,0) size 0x15
                    RenderInline {O:P} at (53,0) size 0x15
                RenderBlock {P} at (8,33) size 90x16
                  RenderText {#text} at (36,0) size 18x15
                    text run at (36,0) width 18: "No"
                RenderBlock {P} at (8,49) size 90x16
                  RenderText {#text} at (43,0) size 4x15
                    text run at (43,0) width 4: " "
                RenderBlock {P} at (8,65) size 90x16
                  RenderText {#text} at (43,0) size 4x15
                    text run at (43,0) width 4: " "
                RenderBlock {P} at (8,81) size 90x16
                  RenderText {#text} at (36,0) size 18x15
                    text run at (36,0) width 18: "No"
                  RenderInline {SPAN} at (53,0) size 0x15
                    RenderInline {O:P} at (53,0) size 0x15
            RenderTableRow {TR} at (0,1572) size 472x145
              RenderTableCell {TD} at (0,1572) size 99x17 [border: (1px none #808080) none] [r=27 c=0 rs=1 cs=1]
                RenderBlock {P} at (8,1) size 84x16
                  RenderText {#text} at (34,0) size 15x15
                    text run at (34,0) width 15: "28"
                  RenderInline {SPAN} at (48,0) size 0x15
                    RenderInline {O:P} at (48,0) size 0x15
              RenderTableCell {TD} at (98,1572) size 171x145 [border: (1px none #808080) none (1px none #808080)] [r=27 c=1 rs=1 cs=1]
                RenderBlock {P} at (8,1) size 155x16
                  RenderText {#text} at (0,0) size 94x15
                    text run at (0,0) width 94: "Zak + Mike West"
                  RenderInline {SPAN} at (93,0) size 0x15
                    RenderInline {O:P} at (93,0) size 0x15
                RenderBlock {P} at (8,17) size 155x16
                  RenderText {#text} at (0,0) size 66x15
                    text run at (0,0) width 66: "Dave Neves"
                  RenderInline {SPAN} at (66,0) size 0x15
                    RenderInline {O:P} at (66,0) size 0x15
                RenderBlock {P} at (8,33) size 155x16
                  RenderText {#text} at (0,0) size 79x15
                    text run at (0,0) width 79: "Richard Green"
                  RenderInline {SPAN} at (79,0) size 0x15
                    RenderInline {O:P} at (79,0) size 0x15
                RenderBlock {P} at (8,49) size 155x16
                  RenderText {#text} at (0,0) size 68x15
                    text run at (0,0) width 68: "Javier Flores"
                RenderBlock {P} at (8,65) size 155x16
                  RenderText {#text} at (0,0) size 87x15
                    text run at (0,0) width 87: "Gerald Cardinal"
                RenderBlock {P} at (8,81) size 155x16
                  RenderText {#text} at (0,0) size 64x15
                    text run at (0,0) width 64: "Dan Sievert"
                RenderBlock {P} at (8,97) size 155x16
                  RenderText {#text} at (0,0) size 70x15
                    text run at (0,0) width 70: "Ali Erdengiz"
                RenderBlock {P} at (8,113) size 155x16
                  RenderText {#text} at (0,0) size 63x15
                    text run at (0,0) width 63: "Paul Walter"
                RenderBlock {P} at (8,129) size 155x16
                  RenderText {#text} at (0,0) size 61x15
                    text run at (0,0) width 61: "Jerry Davis"
                  RenderInline {SPAN} at (61,0) size 0x15
                    RenderInline {O:P} at (61,0) size 0x15
              RenderTableCell {TD} at (268,1572) size 99x145 [border: (1px none #808080) none (1px none #808080)] [r=27 c=2 rs=1 cs=1]
                RenderBlock {P} at (8,1) size 84x16
                  RenderText {#text} at (31,0) size 21x15
                    text run at (31,0) width 21: "Yes"
                  RenderInline {SPAN} at (51,0) size 0x15
                    RenderInline {O:P} at (51,0) size 0x15
                RenderBlock {P} at (8,17) size 84x16
                  RenderText {#text} at (31,0) size 21x15
                    text run at (31,0) width 21: "Yes"
                  RenderInline {SPAN} at (51,0) size 0x15
                    RenderInline {O:P} at (51,0) size 0x15
                RenderBlock {P} at (8,33) size 84x16
                  RenderText {#text} at (31,0) size 21x15
                    text run at (31,0) width 21: "Yes"
                  RenderInline {SPAN} at (51,0) size 0x15
                    RenderInline {O:P} at (51,0) size 0x15
                RenderBlock {P} at (8,49) size 84x16
                  RenderText {#text} at (31,0) size 21x15
                    text run at (31,0) width 21: "Yes"
                RenderBlock {P} at (8,65) size 84x16
                  RenderText {#text} at (40,0) size 4x15
                    text run at (40,0) width 4: " "
                RenderBlock {P} at (8,81) size 84x16
                  RenderText {#text} at (31,0) size 21x15
                    text run at (31,0) width 21: "Yes"
                RenderBlock {P} at (8,97) size 84x16
                  RenderText {#text} at (40,0) size 4x15
                    text run at (40,0) width 4: " "
                RenderBlock {P} at (8,113) size 84x16
                  RenderText {#text} at (40,0) size 4x15
                    text run at (40,0) width 4: " "
                RenderBlock {P} at (8,129) size 84x16
                  RenderText {#text} at (31,0) size 21x15
                    text run at (31,0) width 21: "Yes"
                  RenderInline {SPAN} at (51,0) size 0x15
                    RenderInline {O:P} at (51,0) size 0x15
              RenderTableCell {TD} at (366,1572) size 107x145 [border: (1px none #808080) none (1px none #808080)] [r=27 c=3 rs=1 cs=1]
                RenderBlock {P} at (8,1) size 90x16
                  RenderText {#text} at (35,0) size 20x15
                    text run at (35,0) width 20: "Yes"
                  RenderInline {SPAN} at (54,0) size 0x15
                    RenderInline {O:P} at (54,0) size 0x15
                RenderBlock {P} at (8,17) size 90x16
                  RenderText {#text} at (35,0) size 20x15
                    text run at (35,0) width 20: "Yes"
                  RenderInline {SPAN} at (54,0) size 0x15
                    RenderInline {O:P} at (54,0) size 0x15
                RenderBlock {P} at (8,33) size 90x16
                  RenderText {#text} at (36,0) size 18x15
                    text run at (36,0) width 18: "No"
                  RenderInline {SPAN} at (53,0) size 0x15
                    RenderInline {O:P} at (53,0) size 0x15
                RenderBlock {P} at (8,49) size 90x16
                  RenderText {#text} at (36,0) size 18x15
                    text run at (36,0) width 18: "No"
                RenderBlock {P} at (8,65) size 90x16
                  RenderText {#text} at (43,0) size 4x15
                    text run at (43,0) width 4: " "
                RenderBlock {P} at (8,81) size 90x16
                  RenderText {#text} at (36,0) size 18x15
                    text run at (36,0) width 18: "No"
                RenderBlock {P} at (8,97) size 90x16
                  RenderText {#text} at (43,0) size 4x15
                    text run at (43,0) width 4: " "
                RenderBlock {P} at (8,113) size 90x16
                  RenderText {#text} at (43,0) size 4x15
                    text run at (43,0) width 4: " "
                RenderBlock {P} at (8,129) size 90x16
                  RenderText {#text} at (36,0) size 18x15
                    text run at (36,0) width 18: "No"
                  RenderInline {SPAN} at (53,0) size 0x15
                    RenderInline {O:P} at (53,0) size 0x15
            RenderTableRow {TR} at (0,1717) size 472x49
              RenderTableCell {TD} at (0,1717) size 99x17 [border: (1px none #808080) none] [r=28 c=0 rs=1 cs=1]
                RenderBlock {P} at (8,1) size 84x16
                  RenderText {#text} at (34,0) size 15x15
                    text run at (34,0) width 15: "29"
                  RenderInline {SPAN} at (48,0) size 0x15
                    RenderInline {O:P} at (48,0) size 0x15
              RenderTableCell {TD} at (98,1717) size 171x49 [border: (1px none #808080) none (1px none #808080)] [r=28 c=1 rs=1 cs=1]
                RenderBlock {P} at (8,1) size 155x16
                  RenderText {#text} at (0,0) size 68x15
                    text run at (0,0) width 68: "Javier Flores"
                  RenderInline {SPAN} at (68,0) size 0x15
                    RenderInline {O:P} at (68,0) size 0x15
                RenderBlock {P} at (8,17) size 155x16
                  RenderText {#text} at (0,0) size 69x15
                    text run at (0,0) width 69: "Bill Johnson"
                RenderBlock {P} at (8,33) size 155x16
                  RenderText {#text} at (0,0) size 58x15
                    text run at (0,0) width 58: "John Todd"
                  RenderInline {SPAN} at (57,0) size 0x15
                    RenderInline {O:P} at (57,0) size 0x15
              RenderTableCell {TD} at (268,1717) size 99x33 [border: (1px none #808080) none (1px none #808080)] [r=28 c=2 rs=1 cs=1]
                RenderBlock {P} at (8,1) size 84x16
                  RenderText {#text} at (31,0) size 21x15
                    text run at (31,0) width 21: "Yes"
                  RenderInline {SPAN} at (51,0) size 0x15
                    RenderInline {O:P} at (51,0) size 0x15
                RenderBlock {P} at (8,17) size 84x16
                  RenderText {#text} at (31,0) size 21x15
                    text run at (31,0) width 21: "Yes"
                  RenderInline {SPAN} at (51,0) size 0x15
                    RenderInline {O:P} at (51,0) size 0x15
              RenderTableCell {TD} at (366,1717) size 107x33 [border: (1px none #808080) none (1px none #808080)] [r=28 c=3 rs=1 cs=1]
                RenderBlock {P} at (8,1) size 90x16
                  RenderText {#text} at (36,0) size 18x15
                    text run at (36,0) width 18: "No"
                  RenderInline {SPAN} at (53,0) size 0x15
                    RenderInline {O:P} at (53,0) size 0x15
                RenderBlock {P} at (8,17) size 90x16
                  RenderText {#text} at (36,0) size 18x15
                    text run at (36,0) width 18: "No"
                  RenderInline {SPAN} at (53,0) size 0x15
                    RenderInline {O:P} at (53,0) size 0x15
            RenderTableRow {TR} at (0,1766) size 472x113
              RenderTableCell {TD} at (0,1766) size 99x17 [border: (1px none #808080) none] [r=29 c=0 rs=1 cs=1]
                RenderBlock {P} at (8,1) size 84x16
                  RenderText {#text} at (34,0) size 15x15
                    text run at (34,0) width 15: "30"
                  RenderInline {SPAN} at (48,0) size 0x15
                    RenderInline {O:P} at (48,0) size 0x15
              RenderTableCell {TD} at (98,1766) size 171x113 [border: (1px none #808080) none (1px none #808080)] [r=29 c=1 rs=1 cs=1]
                RenderBlock {P} at (8,1) size 155x16
                  RenderText {#text} at (0,0) size 91x15
                    text run at (0,0) width 91: "Alan Littlewood"
                  RenderInline {SPAN} at (91,0) size 0x15
                    RenderInline {O:P} at (91,0) size 0x15
                RenderBlock {P} at (8,17) size 155x16
                  RenderText {#text} at (0,0) size 86x15
                    text run at (0,0) width 86: "George Coward"
                  RenderInline {SPAN} at (85,0) size 0x15
                    RenderInline {O:P} at (85,0) size 0x15
                RenderBlock {P} at (8,33) size 155x16
                  RenderText {#text} at (0,0) size 86x15
                    text run at (0,0) width 86: "Maurice Burton"
                RenderBlock {P} at (8,49) size 155x16
                  RenderText {#text} at (0,0) size 64x15
                    text run at (0,0) width 64: "Dan Sievert"
                RenderBlock {P} at (8,65) size 155x16
                  RenderText {#text} at (0,0) size 116x15
                    text run at (0,0) width 116: "Michael DeGiovanni"
                RenderBlock {P} at (8,81) size 155x16
                  RenderText {#text} at (0,0) size 90x15
                    text run at (0,0) width 90: "Jack Goodfriend"
                RenderBlock {P} at (8,97) size 155x16
                  RenderText {#text} at (0,0) size 91x15
                    text run at (0,0) width 91: "Richard Sanchez"
                  RenderInline {SPAN} at (91,0) size 0x15
                    RenderInline {O:P} at (91,0) size 0x15
              RenderTableCell {TD} at (268,1766) size 99x113 [border: (1px none #808080) none (1px none #808080)] [r=29 c=2 rs=1 cs=1]
                RenderBlock {P} at (8,1) size 84x16
                  RenderText {#text} at (31,0) size 21x15
                    text run at (31,0) width 21: "Yes"
                  RenderInline {SPAN} at (51,0) size 0x15
                    RenderInline {O:P} at (51,0) size 0x15
                RenderBlock {P} at (8,17) size 84x16
                  RenderText {#text} at (31,0) size 21x15
                    text run at (31,0) width 21: "Yes"
                  RenderInline {SPAN} at (51,0) size 0x15
                    RenderInline {O:P} at (51,0) size 0x15
                RenderBlock {P} at (8,33) size 84x16
                  RenderText {#text} at (31,0) size 21x15
                    text run at (31,0) width 21: "Yes"
                RenderBlock {P} at (8,49) size 84x16
                  RenderText {#text} at (31,0) size 21x15
                    text run at (31,0) width 21: "Yes"
                RenderBlock {P} at (8,65) size 84x16
                  RenderText {#text} at (40,0) size 4x15
                    text run at (40,0) width 4: " "
                RenderBlock {P} at (8,81) size 84x16
                  RenderText {#text} at (40,0) size 4x15
                    text run at (40,0) width 4: " "
                RenderBlock {P} at (8,97) size 84x16
                  RenderText {#text} at (33,0) size 18x15
                    text run at (33,0) width 18: "No"
                  RenderInline {SPAN} at (50,0) size 0x15
                    RenderInline {O:P} at (50,0) size 0x15
              RenderTableCell {TD} at (366,1766) size 107x113 [border: (1px none #808080) none (1px none #808080)] [r=29 c=3 rs=1 cs=1]
                RenderBlock {P} at (8,1) size 90x16
                  RenderText {#text} at (36,0) size 18x15
                    text run at (36,0) width 18: "No"
                  RenderInline {SPAN} at (53,0) size 0x15
                    RenderInline {O:P} at (53,0) size 0x15
                RenderBlock {P} at (8,17) size 90x16
                  RenderText {#text} at (36,0) size 18x15
                    text run at (36,0) width 18: "No"
                  RenderInline {SPAN} at (53,0) size 0x15
                    RenderInline {O:P} at (53,0) size 0x15
                RenderBlock {P} at (8,33) size 90x16
                  RenderText {#text} at (36,0) size 18x15
                    text run at (36,0) width 18: "No"
                RenderBlock {P} at (8,49) size 90x16
                  RenderText {#text} at (36,0) size 18x15
                    text run at (36,0) width 18: "No"
                RenderBlock {P} at (8,65) size 90x16
                  RenderText {#text} at (43,0) size 4x15
                    text run at (43,0) width 4: " "
                RenderBlock {P} at (8,81) size 90x16
                  RenderText {#text} at (43,0) size 4x15
                    text run at (43,0) width 4: " "
                RenderBlock {P} at (8,97) size 90x16
                  RenderText {#text} at (35,0) size 20x15
                    text run at (35,0) width 20: "Yes"
                  RenderInline {SPAN} at (54,0) size 0x15
                    RenderInline {O:P} at (54,0) size 0x15
            RenderTableRow {TR} at (0,1879) size 472x49
              RenderTableCell {TD} at (0,1879) size 99x17 [border: (1px none #808080) none] [r=30 c=0 rs=1 cs=1]
                RenderBlock {P} at (8,1) size 84x16
                  RenderText {#text} at (34,0) size 15x15
                    text run at (34,0) width 15: "31"
                  RenderInline {SPAN} at (48,0) size 0x15
                    RenderInline {O:P} at (48,0) size 0x15
              RenderTableCell {TD} at (98,1879) size 171x49 [border: (1px none #808080) none (1px none #808080)] [r=30 c=1 rs=1 cs=1]
                RenderBlock {P} at (8,1) size 155x16
                  RenderText {#text} at (0,0) size 66x15
                    text run at (0,0) width 66: "Dave Neves"
                RenderBlock {P} at (8,17) size 155x16
                  RenderText {#text} at (0,0) size 80x15
                    text run at (0,0) width 80: "James Haladus"
                RenderBlock {P} at (8,33) size 155x16
                  RenderText {#text} at (0,0) size 65x15
                    text run at (0,0) width 65: "Randy Reid"
                  RenderInline {SPAN} at (65,0) size 0x15
                    RenderInline {O:P} at (65,0) size 0x15
              RenderTableCell {TD} at (268,1879) size 99x33 [border: (1px none #808080) none (1px none #808080)] [r=30 c=2 rs=1 cs=1]
                RenderBlock {P} at (8,1) size 84x16
                  RenderText {#text} at (31,0) size 21x15
                    text run at (31,0) width 21: "Yes"
                RenderBlock {P} at (8,17) size 84x16
                  RenderText {#text} at (31,0) size 21x15
                    text run at (31,0) width 21: "Yes"
                  RenderInline {SPAN} at (51,0) size 0x15
                    RenderInline {O:P} at (51,0) size 0x15
              RenderTableCell {TD} at (366,1879) size 107x33 [border: (1px none #808080) none (1px none #808080)] [r=30 c=3 rs=1 cs=1]
                RenderBlock {P} at (8,1) size 90x16
                  RenderText {#text} at (35,0) size 20x15
                    text run at (35,0) width 20: "Yes"
                RenderBlock {P} at (8,17) size 90x16
                  RenderText {#text} at (36,0) size 18x15
                    text run at (36,0) width 18: "No"
                  RenderInline {SPAN} at (53,0) size 0x15
                    RenderInline {O:P} at (53,0) size 0x15
            RenderTableRow {TR} at (0,1928) size 472x65
              RenderTableCell {TD} at (0,1928) size 99x17 [border: (1px none #808080) none] [r=31 c=0 rs=1 cs=1]
                RenderBlock {P} at (8,1) size 84x16
                  RenderText {#text} at (34,0) size 15x15
                    text run at (34,0) width 15: "32"
                  RenderInline {SPAN} at (48,0) size 0x15
                    RenderInline {O:P} at (48,0) size 0x15
              RenderTableCell {TD} at (98,1928) size 171x65 [border: (1px none #808080) none (1px none #808080)] [r=31 c=1 rs=1 cs=1]
                RenderBlock {P} at (8,1) size 155x16
                  RenderText {#text} at (0,0) size 66x15
                    text run at (0,0) width 66: " Oliver Baer"
                RenderBlock {P} at (8,17) size 155x16
                  RenderText {#text} at (0,0) size 69x15
                    text run at (0,0) width 69: "Dale Barnett"
                RenderBlock {P} at (8,33) size 155x16
                  RenderText {#text} at (0,0) size 58x15
                    text run at (0,0) width 58: "John Todd"
                RenderBlock {P} at (8,49) size 155x16
                  RenderText {#text} at (0,0) size 90x15
                    text run at (0,0) width 90: "Dominic Bayani"
                  RenderInline {SPAN} at (90,0) size 0x15
                    RenderInline {O:P} at (90,0) size 0x15
              RenderTableCell {TD} at (268,1928) size 99x33 [border: (1px none #808080) none (1px none #808080)] [r=31 c=2 rs=1 cs=1]
                RenderBlock {P} at (8,1) size 84x16
                  RenderText {#text} at (30,0) size 24x15
                    text run at (30,0) width 24: " Yes"
                RenderBlock {P} at (8,17) size 84x16
                  RenderText {#text} at (31,0) size 21x15
                    text run at (31,0) width 21: "Yes"
                  RenderInline {SPAN} at (51,0) size 0x15
                    RenderInline {O:P} at (51,0) size 0x15
              RenderTableCell {TD} at (366,1928) size 107x33 [border: (1px none #808080) none (1px none #808080)] [r=31 c=3 rs=1 cs=1]
                RenderBlock {P} at (8,1) size 90x16
                  RenderText {#text} at (34,0) size 21x15
                    text run at (34,0) width 21: " No"
                RenderBlock {P} at (8,17) size 90x16
                  RenderText {#text} at (36,0) size 18x15
                    text run at (36,0) width 18: "No"
                  RenderInline {SPAN} at (53,0) size 0x15
                    RenderInline {O:P} at (53,0) size 0x15
            RenderTableRow {TR} at (0,1993) size 472x145
              RenderTableCell {TD} at (0,1993) size 99x17 [border: (1px none #808080) none] [r=32 c=0 rs=1 cs=1]
                RenderBlock {P} at (8,1) size 84x16
                  RenderText {#text} at (34,0) size 15x15
                    text run at (34,0) width 15: "33"
                  RenderInline {SPAN} at (48,0) size 0x15
                    RenderInline {O:P} at (48,0) size 0x15
              RenderTableCell {TD} at (98,1993) size 171x145 [border: (1px none #808080) none (1px none #808080)] [r=32 c=1 rs=1 cs=1]
                RenderBlock {P} at (8,1) size 155x16
                  RenderText {#text} at (0,0) size 70x15
                    text run at (0,0) width 70: "Tom Wagner"
                  RenderInline {SPAN} at (69,0) size 0x15
                    RenderInline {O:P} at (69,0) size 0x15
                RenderBlock {P} at (8,17) size 155x16
                  RenderText {#text} at (0,0) size 77x15
                    text run at (0,0) width 77: "Gene Langley"
                RenderBlock {P} at (8,33) size 155x16
                  RenderText {#text} at (0,0) size 80x15
                    text run at (0,0) width 80: "James Haladus"
                RenderBlock {P} at (8,49) size 155x16
                  RenderText {#text} at (0,0) size 86x15
                    text run at (0,0) width 86: "Daniel Buckley"
                RenderBlock {P} at (8,65) size 155x16
                  RenderText {#text} at (0,0) size 68x15
                    text run at (0,0) width 68: "Chris Larsen"
                RenderBlock {P} at (8,81) size 155x16
                  RenderText {#text} at (0,0) size 73x15
                    text run at (0,0) width 73: "Mike Chansu"
                RenderBlock {P} at (8,97) size 155x16
                  RenderText {#text} at (0,0) size 72x15
                    text run at (0,0) width 72: "James Brown"
                RenderBlock {P} at (8,113) size 155x16
                  RenderText {#text} at (0,0) size 66x15
                    text run at (0,0) width 66: "Will Sievert"
                RenderBlock {P} at (8,129) size 155x16
                  RenderText {#text} at (0,0) size 69x15
                    text run at (0,0) width 69: "Terry Chong"
                  RenderInline {SPAN} at (68,0) size 0x15
                    RenderInline {O:P} at (68,0) size 0x15
              RenderTableCell {TD} at (268,1993) size 99x145 [border: (1px none #808080) none (1px none #808080)] [r=32 c=2 rs=1 cs=1]
                RenderBlock {P} at (8,1) size 84x16
                  RenderText {#text} at (31,0) size 21x15
                    text run at (31,0) width 21: "Yes"
                  RenderInline {SPAN} at (51,0) size 0x15
                    RenderInline {O:P} at (51,0) size 0x15
                RenderBlock {P} at (8,17) size 84x16
                  RenderText {#text} at (31,0) size 21x15
                    text run at (31,0) width 21: "Yes"
                RenderBlock {P} at (8,33) size 84x16
                  RenderText {#text} at (31,0) size 21x15
                    text run at (31,0) width 21: "Yes"
                RenderBlock {P} at (8,49) size 84x16
                  RenderText {#text} at (31,0) size 21x15
                    text run at (31,0) width 21: "Yes"
                RenderBlock {P} at (8,65) size 84x16
                  RenderText {#text} at (40,0) size 4x15
                    text run at (40,0) width 4: " "
                RenderBlock {P} at (8,81) size 84x16
                  RenderText {#text} at (31,0) size 21x15
                    text run at (31,0) width 21: "Yes"
                RenderBlock {P} at (8,97) size 84x16
                  RenderText {#text} at (31,0) size 21x15
                    text run at (31,0) width 21: "Yes"
                RenderBlock {P} at (8,113) size 84x16
                  RenderText {#text} at (31,0) size 21x15
                    text run at (31,0) width 21: "Yes"
                RenderBlock {P} at (8,129) size 84x16
                  RenderText {#text} at (31,0) size 21x15
                    text run at (31,0) width 21: "Yes"
                  RenderInline {SPAN} at (51,0) size 0x15
                    RenderInline {O:P} at (51,0) size 0x15
              RenderTableCell {TD} at (366,1993) size 107x145 [border: (1px none #808080) none (1px none #808080)] [r=32 c=3 rs=1 cs=1]
                RenderBlock {P} at (8,1) size 90x16
                  RenderText {#text} at (36,0) size 18x15
                    text run at (36,0) width 18: "No"
                  RenderInline {SPAN} at (53,0) size 0x15
                    RenderInline {O:P} at (53,0) size 0x15
                RenderBlock {P} at (8,17) size 90x16
                  RenderText {#text} at (4,0) size 81x15
                    text run at (4,0) width 81: "Gyro wannabe"
                RenderBlock {P} at (8,33) size 90x16
                  RenderText {#text} at (36,0) size 18x15
                    text run at (36,0) width 18: "No"
                RenderBlock {P} at (8,49) size 90x16
                  RenderText {#text} at (36,0) size 18x15
                    text run at (36,0) width 18: "No"
                RenderBlock {P} at (8,65) size 90x16
                  RenderText {#text} at (43,0) size 4x15
                    text run at (43,0) width 4: " "
                RenderBlock {P} at (8,81) size 90x16
                  RenderText {#text} at (36,0) size 18x15
                    text run at (36,0) width 18: "No"
                RenderBlock {P} at (8,97) size 90x16
                  RenderText {#text} at (36,0) size 18x15
                    text run at (36,0) width 18: "No"
                RenderBlock {P} at (8,113) size 90x16
                  RenderText {#text} at (36,0) size 18x15
                    text run at (36,0) width 18: "No"
                RenderBlock {P} at (8,129) size 90x16
                  RenderText {#text} at (36,0) size 18x15
                    text run at (36,0) width 18: "No"
                  RenderInline {SPAN} at (53,0) size 0x15
                    RenderInline {O:P} at (53,0) size 0x15
            RenderTableRow {TR} at (0,2138) size 472x129
              RenderTableCell {TD} at (0,2138) size 99x17 [border: (1px none #808080) none] [r=33 c=0 rs=1 cs=1]
                RenderBlock {P} at (8,1) size 84x16
                  RenderText {#text} at (34,0) size 15x15
                    text run at (34,0) width 15: "34"
                  RenderInline {SPAN} at (48,0) size 0x15
                    RenderInline {O:P} at (48,0) size 0x15
              RenderTableCell {TD} at (98,2138) size 171x129 [border: (1px none #808080) none (1px none #808080)] [r=33 c=1 rs=1 cs=1]
                RenderBlock {P} at (8,1) size 155x16
                  RenderText {#text} at (0,0) size 57x15
                    text run at (0,0) width 57: "Jay Ribera"
                RenderBlock {P} at (8,17) size 155x16
                  RenderText {#text} at (0,0) size 87x15
                    text run at (0,0) width 87: "Gerald Cardinal"
                RenderBlock {P} at (8,33) size 155x16
                  RenderText {#text} at (0,0) size 69x15
                    text run at (0,0) width 69: "Dale Barnett"
                RenderBlock {P} at (8,49) size 155x16
                  RenderText {#text} at (0,0) size 63x15
                    text run at (0,0) width 63: "Paul Walter"
                RenderBlock {P} at (8,65) size 155x16
                  RenderText {#text} at (0,0) size 90x15
                    text run at (0,0) width 90: "Dominic Bayani"
                RenderBlock {P} at (8,81) size 155x16
                  RenderText {#text} at (0,0) size 94x15
                    text run at (0,0) width 94: "Donald Carvalho"
                RenderBlock {P} at (8,97) size 155x16
                  RenderText {#text} at (0,0) size 73x15
                    text run at (0,0) width 73: "Jack Peterson"
                RenderBlock {P} at (8,113) size 155x16
                  RenderText {#text} at (0,0) size 63x15
                    text run at (0,0) width 63: "Scott Hersh"
                  RenderInline {SPAN} at (63,0) size 0x15
                    RenderInline {O:P} at (63,0) size 0x15
              RenderTableCell {TD} at (268,2138) size 99x129 [border: (1px none #808080) none (1px none #808080)] [r=33 c=2 rs=1 cs=1]
                RenderBlock {P} at (8,1) size 84x16
                  RenderText {#text} at (31,0) size 21x15
                    text run at (31,0) width 21: "Yes"
                RenderBlock {P} at (8,17) size 84x16
                  RenderText {#text} at (40,0) size 4x15
                    text run at (40,0) width 4: " "
                RenderBlock {P} at (8,33) size 84x16
                  RenderText {#text} at (31,0) size 21x15
                    text run at (31,0) width 21: "Yes"
                RenderBlock {P} at (8,49) size 84x16
                  RenderText {#text} at (40,0) size 4x15
                    text run at (40,0) width 4: " "
                RenderBlock {P} at (8,65) size 84x16
                  RenderText {#text} at (40,0) size 4x15
                    text run at (40,0) width 4: " "
                RenderBlock {P} at (8,81) size 84x16
                  RenderText {#text} at (40,0) size 4x15
                    text run at (40,0) width 4: " "
                RenderBlock {P} at (8,97) size 84x16
                  RenderText {#text} at (40,0) size 4x15
                    text run at (40,0) width 4: " "
                RenderBlock {P} at (8,113) size 84x16
                  RenderText {#text} at (31,0) size 21x15
                    text run at (31,0) width 21: "Yes"
                  RenderInline {SPAN} at (51,0) size 0x15
                    RenderInline {O:P} at (51,0) size 0x15
              RenderTableCell {TD} at (366,2138) size 107x129 [border: (1px none #808080) none (1px none #808080)] [r=33 c=3 rs=1 cs=1]
                RenderBlock {P} at (8,1) size 90x16
                  RenderText {#text} at (36,0) size 18x15
                    text run at (36,0) width 18: "No"
                RenderBlock {P} at (8,17) size 90x16
                  RenderText {#text} at (43,0) size 4x15
                    text run at (43,0) width 4: " "
                RenderBlock {P} at (8,33) size 90x16
                  RenderText {#text} at (36,0) size 18x15
                    text run at (36,0) width 18: "No"
                RenderBlock {P} at (8,49) size 90x16
                  RenderText {#text} at (43,0) size 4x15
                    text run at (43,0) width 4: " "
                RenderBlock {P} at (8,65) size 90x16
                  RenderText {#text} at (43,0) size 4x15
                    text run at (43,0) width 4: " "
                RenderBlock {P} at (8,81) size 90x16
                  RenderText {#text} at (43,0) size 4x15
                    text run at (43,0) width 4: " "
                RenderBlock {P} at (8,97) size 90x16
                  RenderText {#text} at (43,0) size 4x15
                    text run at (43,0) width 4: " "
                RenderBlock {P} at (8,113) size 90x16
                  RenderText {#text} at (36,0) size 18x15
                    text run at (36,0) width 18: "No"
                  RenderInline {SPAN} at (53,0) size 0x15
                    RenderInline {O:P} at (53,0) size 0x15
            RenderTableRow {TR} at (0,2267) size 472x81
              RenderTableCell {TD} at (0,2267) size 99x17 [border: (1px none #808080) none] [r=34 c=0 rs=1 cs=1]
                RenderBlock {P} at (8,1) size 84x16
                  RenderText {#text} at (34,0) size 15x15
                    text run at (34,0) width 15: "35"
                  RenderInline {SPAN} at (48,0) size 0x15
                    RenderInline {O:P} at (48,0) size 0x15
              RenderTableCell {TD} at (98,2267) size 171x81 [border: (1px none #808080) none (1px none #808080)] [r=34 c=1 rs=1 cs=1]
                RenderBlock {P} at (8,1) size 155x16
                  RenderText {#text} at (0,0) size 82x15
                    text run at (0,0) width 82: " Richard Green"
                RenderBlock {P} at (8,17) size 155x16
                  RenderText {#text} at (0,0) size 68x15
                    text run at (0,0) width 68: "David Allen"
                RenderBlock {P} at (8,33) size 155x16
                  RenderText {#text} at (0,0) size 60x15
                    text run at (0,0) width 60: "Jim Colvin"
                RenderBlock {P} at (8,49) size 155x16
                  RenderText {#text} at (0,0) size 71x15
                    text run at (0,0) width 71: "Harald Close"
                RenderBlock {P} at (8,65) size 155x16
                  RenderText {#text} at (0,0) size 63x15
                    text run at (0,0) width 63: "Oliver Baer"
                  RenderInline {SPAN} at (63,0) size 0x15
                    RenderInline {O:P} at (63,0) size 0x15
              RenderTableCell {TD} at (268,2267) size 99x81 [border: (1px none #808080) none (1px none #808080)] [r=34 c=2 rs=1 cs=1]
                RenderBlock {P} at (8,1) size 84x16
                  RenderText {#text} at (40,0) size 4x15
                    text run at (40,0) width 4: " "
                RenderBlock {P} at (8,17) size 84x16
                  RenderText {#text} at (40,0) size 4x15
                    text run at (40,0) width 4: " "
                RenderBlock {P} at (8,33) size 84x16
                  RenderText {#text} at (40,0) size 4x15
                    text run at (40,0) width 4: " "
                RenderBlock {P} at (8,49) size 84x16
                  RenderText {#text} at (31,0) size 21x15
                    text run at (31,0) width 21: "Yes"
                RenderBlock {P} at (8,65) size 84x16
                  RenderText {#text} at (31,0) size 21x15
                    text run at (31,0) width 21: "Yes"
                  RenderInline {SPAN} at (51,0) size 0x15
                    RenderInline {O:P} at (51,0) size 0x15
              RenderTableCell {TD} at (366,2267) size 107x81 [border: (1px none #808080) none (1px none #808080)] [r=34 c=3 rs=1 cs=1]
                RenderBlock {P} at (8,1) size 90x16
                  RenderText {#text} at (43,0) size 4x15
                    text run at (43,0) width 4: " "
                RenderBlock {P} at (8,17) size 90x16
                  RenderText {#text} at (43,0) size 4x15
                    text run at (43,0) width 4: " "
                RenderBlock {P} at (8,33) size 90x16
                  RenderText {#text} at (43,0) size 4x15
                    text run at (43,0) width 4: " "
                RenderBlock {P} at (8,49) size 90x16
                  RenderText {#text} at (35,0) size 20x15
                    text run at (35,0) width 20: "Yes"
                RenderBlock {P} at (8,65) size 90x16
                  RenderText {#text} at (36,0) size 18x15
                    text run at (36,0) width 18: "No"
                  RenderInline {SPAN} at (53,0) size 0x15
                    RenderInline {O:P} at (53,0) size 0x15
            RenderTableRow {TR} at (0,2348) size 472x81
              RenderTableCell {TD} at (0,2348) size 99x17 [border: (1px none #808080) none] [r=35 c=0 rs=1 cs=1]
                RenderBlock {P} at (8,1) size 84x16
                  RenderText {#text} at (34,0) size 15x15
                    text run at (34,0) width 15: "36"
                  RenderInline {SPAN} at (48,0) size 0x15
                    RenderInline {O:P} at (48,0) size 0x15
              RenderTableCell {TD} at (98,2348) size 171x81 [border: (1px none #808080) none (1px none #808080)] [r=35 c=1 rs=1 cs=1]
                RenderBlock {P} at (8,1) size 155x16
                  RenderText {#text} at (0,0) size 71x15
                    text run at (0,0) width 71: "Jason Beehm"
                RenderBlock {P} at (8,17) size 155x16
                  RenderText {#text} at (0,0) size 94x15
                    text run at (0,0) width 94: "Darrell Carpenter"
                RenderBlock {P} at (8,33) size 155x16
                  RenderText {#text} at (0,0) size 83x15
                    text run at (0,0) width 83: "Stefan Kiritzov"
                RenderBlock {P} at (8,49) size 155x16
                  RenderText {#text} at (0,0) size 69x15
                    text run at (0,0) width 69: "Dale Barnett"
                RenderBlock {P} at (8,65) size 155x16
                  RenderText {#text} at (0,0) size 64x15
                    text run at (0,0) width 64: "Dan Sievert"
                  RenderInline {SPAN} at (64,0) size 0x15
                    RenderInline {O:P} at (64,0) size 0x15
              RenderTableCell {TD} at (268,2348) size 99x81 [border: (1px none #808080) none (1px none #808080)] [r=35 c=2 rs=1 cs=1]
                RenderBlock {P} at (8,1) size 84x16
                  RenderText {#text} at (31,0) size 21x15
                    text run at (31,0) width 21: "Yes"
                RenderBlock {P} at (8,17) size 84x16
                  RenderText {#text} at (31,0) size 21x15
                    text run at (31,0) width 21: "Yes"
                RenderBlock {P} at (8,33) size 84x16
                  RenderText {#text} at (31,0) size 21x15
                    text run at (31,0) width 21: "Yes"
                RenderBlock {P} at (8,49) size 84x16
                  RenderText {#text} at (31,0) size 21x15
                    text run at (31,0) width 21: "Yes"
                RenderBlock {P} at (8,65) size 84x16
                  RenderText {#text} at (31,0) size 21x15
                    text run at (31,0) width 21: "Yes"
                  RenderInline {SPAN} at (51,0) size 0x15
                    RenderInline {O:P} at (51,0) size 0x15
              RenderTableCell {TD} at (366,2348) size 107x81 [border: (1px none #808080) none (1px none #808080)] [r=35 c=3 rs=1 cs=1]
                RenderBlock {P} at (8,1) size 90x16
                  RenderText {#text} at (36,0) size 18x15
                    text run at (36,0) width 18: "No"
                RenderBlock {P} at (8,17) size 90x16
                  RenderText {#text} at (36,0) size 18x15
                    text run at (36,0) width 18: "No"
                RenderBlock {P} at (8,33) size 90x16
                  RenderText {#text} at (35,0) size 20x15
                    text run at (35,0) width 20: "Yes"
                RenderBlock {P} at (8,49) size 90x16
                  RenderText {#text} at (36,0) size 18x15
                    text run at (36,0) width 18: "No"
                RenderBlock {P} at (8,65) size 90x16
                  RenderText {#text} at (36,0) size 18x15
                    text run at (36,0) width 18: "No"
                  RenderInline {SPAN} at (53,0) size 0x15
                    RenderInline {O:P} at (53,0) size 0x15
            RenderTableRow {TR} at (0,2429) size 472x65
              RenderTableCell {TD} at (0,2429) size 99x17 [border: (1px none #808080) none] [r=36 c=0 rs=1 cs=1]
                RenderBlock {P} at (8,1) size 84x16
                  RenderText {#text} at (34,0) size 15x15
                    text run at (34,0) width 15: "37"
                  RenderInline {SPAN} at (48,0) size 0x15
                    RenderInline {O:P} at (48,0) size 0x15
              RenderTableCell {TD} at (98,2429) size 171x65 [border: (1px none #808080) none (1px none #808080)] [r=36 c=1 rs=1 cs=1]
                RenderBlock {P} at (8,1) size 155x16
                  RenderText {#text} at (0,0) size 97x15
                    text run at (0,0) width 97: "Dominic Civiletti"
                RenderBlock {P} at (8,17) size 155x16
                  RenderText {#text} at (0,0) size 83x15
                    text run at (0,0) width 83: "John Chamorro"
                RenderBlock {P} at (8,33) size 155x16
                  RenderText {#text} at (0,0) size 75x15
                    text run at (0,0) width 75: "Jim Mirowski"
                RenderBlock {P} at (8,49) size 155x16
                  RenderText {#text} at (0,0) size 79x15
                    text run at (0,0) width 79: "Soohong  Kim"
                  RenderInline {SPAN} at (79,0) size 0x15
                    RenderInline {O:P} at (79,0) size 0x15
              RenderTableCell {TD} at (268,2429) size 99x65 [border: (1px none #808080) none (1px none #808080)] [r=36 c=2 rs=1 cs=1]
                RenderBlock {P} at (8,1) size 84x16
                  RenderText {#text} at (31,0) size 21x15
                    text run at (31,0) width 21: "Yes"
                RenderBlock {P} at (8,17) size 84x16
                  RenderText {#text} at (40,0) size 4x15
                    text run at (40,0) width 4: " "
                RenderBlock {P} at (8,33) size 84x16
                  RenderText {#text} at (40,0) size 4x15
                    text run at (40,0) width 4: " "
                RenderBlock {P} at (8,49) size 84x16
                  RenderText {#text} at (31,0) size 21x15
                    text run at (31,0) width 21: "Yes"
                  RenderInline {SPAN} at (51,0) size 0x15
                    RenderInline {O:P} at (51,0) size 0x15
              RenderTableCell {TD} at (366,2429) size 107x65 [border: (1px none #808080) none (1px none #808080)] [r=36 c=3 rs=1 cs=1]
                RenderBlock {P} at (8,1) size 90x16
                  RenderText {#text} at (36,0) size 18x15
                    text run at (36,0) width 18: "No"
                RenderBlock {P} at (8,17) size 90x16
                  RenderText {#text} at (43,0) size 4x15
                    text run at (43,0) width 4: " "
                RenderBlock {P} at (8,33) size 90x16
                  RenderText {#text} at (43,0) size 4x15
                    text run at (43,0) width 4: " "
                RenderBlock {P} at (8,49) size 90x16
                  RenderText {#text} at (36,0) size 18x15
                    text run at (36,0) width 18: "No"
                  RenderInline {SPAN} at (53,0) size 0x15
                    RenderInline {O:P} at (53,0) size 0x15
            RenderTableRow {TR} at (0,2494) size 472x97
              RenderTableCell {TD} at (0,2494) size 99x17 [border: (1px none #808080) none] [r=37 c=0 rs=1 cs=1]
                RenderBlock {P} at (8,1) size 84x16
                  RenderText {#text} at (34,0) size 15x15
                    text run at (34,0) width 15: "38"
                  RenderInline {SPAN} at (48,0) size 0x15
                    RenderInline {O:P} at (48,0) size 0x15
              RenderTableCell {TD} at (98,2494) size 171x97 [border: (1px none #808080) none (1px none #808080)] [r=37 c=1 rs=1 cs=1]
                RenderBlock {P} at (8,1) size 155x16
                  RenderText {#text} at (0,0) size 103x15
                    text run at (0,0) width 103: "Karl Allmendinger"
                  RenderInline {SPAN} at (103,0) size 0x15
                    RenderInline {O:P} at (103,0) size 0x15
                RenderBlock {P} at (8,17) size 155x16
                  RenderText {#text} at (0,0) size 65x15
                    text run at (0,0) width 65: "John Bernal"
                  RenderInline {SPAN} at (65,0) size 0x15
                    RenderInline {O:P} at (65,0) size 0x15
                RenderBlock {P} at (8,33) size 155x16
                  RenderText {#text} at (0,0) size 77x15
                    text run at (0,0) width 77: "Gene Langley"
                RenderBlock {P} at (8,49) size 155x16
                  RenderText {#text} at (0,0) size 78x15
                    text run at (0,0) width 78: "Chuck Pringle"
                RenderBlock {P} at (8,65) size 155x16
                  RenderText {#text} at (0,0) size 57x15
                    text run at (0,0) width 57: "Jimmy Lei"
                RenderBlock {P} at (8,81) size 155x16
                  RenderText {#text} at (0,0) size 93x15
                    text run at (0,0) width 93: "Ruenjoe (Joe) Lu"
                  RenderInline {SPAN} at (93,0) size 0x15
                    RenderInline {O:P} at (93,0) size 0x15
              RenderTableCell {TD} at (268,2494) size 99x65 [border: (1px none #808080) none (1px none #808080)] [r=37 c=2 rs=1 cs=1]
                RenderBlock {P} at (8,1) size 84x16
                  RenderText {#text} at (31,0) size 21x15
                    text run at (31,0) width 21: "Yes"
                  RenderInline {SPAN} at (51,0) size 0x15
                    RenderInline {O:P} at (51,0) size 0x15
                RenderBlock {P} at (8,17) size 84x16
                  RenderText {#text} at (31,0) size 21x15
                    text run at (31,0) width 21: "Yes"
                  RenderInline {SPAN} at (51,0) size 0x15
                    RenderInline {O:P} at (51,0) size 0x15
                RenderBlock {P} at (8,33) size 84x16
                  RenderText {#text} at (31,0) size 21x15
                    text run at (31,0) width 21: "Yes"
                RenderBlock {P} at (8,49) size 84x16
                  RenderText {#text} at (31,0) size 21x15
                    text run at (31,0) width 21: "Yes"
                  RenderInline {SPAN} at (51,0) size 0x15
                    RenderInline {O:P} at (51,0) size 0x15
              RenderTableCell {TD} at (366,2494) size 107x65 [border: (1px none #808080) none (1px none #808080)] [r=37 c=3 rs=1 cs=1]
                RenderBlock {P} at (8,1) size 90x16
                  RenderText {#text} at (36,0) size 18x15
                    text run at (36,0) width 18: "No"
                  RenderInline {SPAN} at (53,0) size 0x15
                    RenderInline {O:P} at (53,0) size 0x15
                RenderBlock {P} at (8,17) size 90x16
                  RenderText {#text} at (36,0) size 18x15
                    text run at (36,0) width 18: "No"
                  RenderInline {SPAN} at (53,0) size 0x15
                    RenderInline {O:P} at (53,0) size 0x15
                RenderBlock {P} at (8,33) size 90x16
                  RenderText {#text} at (4,0) size 81x15
                    text run at (4,0) width 81: "Gyro wannabe"
                RenderBlock {P} at (8,49) size 90x16
                  RenderText {#text} at (36,0) size 18x15
                    text run at (36,0) width 18: "No"
                  RenderInline {SPAN} at (53,0) size 0x15
                    RenderInline {O:P} at (53,0) size 0x15
            RenderTableRow {TR} at (0,2591) size 472x49
              RenderTableCell {TD} at (0,2591) size 99x17 [border: (1px none #808080) none] [r=38 c=0 rs=1 cs=1]
                RenderBlock {P} at (8,1) size 84x16
                  RenderText {#text} at (34,0) size 15x15
                    text run at (34,0) width 15: "39"
                  RenderInline {SPAN} at (48,0) size 0x15
                    RenderInline {O:P} at (48,0) size 0x15
              RenderTableCell {TD} at (98,2591) size 171x49 [border: (1px none #808080) none (1px none #808080)] [r=38 c=1 rs=1 cs=1]
                RenderBlock {P} at (8,1) size 155x16
                  RenderText {#text} at (0,0) size 70x15
                    text run at (0,0) width 70: "Tom Wagner"
                RenderBlock {P} at (8,17) size 155x16
                  RenderText {#text} at (0,0) size 63x15
                    text run at (0,0) width 63: "Oliver Baer"
                RenderBlock {P} at (8,33) size 155x16
                  RenderText {#text} at (0,0) size 66x15
                    text run at (0,0) width 66: "Will Sievert"
                  RenderInline {SPAN} at (65,0) size 0x15
                    RenderInline {O:P} at (65,0) size 0x15
              RenderTableCell {TD} at (268,2591) size 99x49 [border: (1px none #808080) none (1px none #808080)] [r=38 c=2 rs=1 cs=1]
                RenderBlock {P} at (8,1) size 84x16
                  RenderText {#text} at (31,0) size 21x15
                    text run at (31,0) width 21: "Yes"
                RenderBlock {P} at (8,17) size 84x16
                  RenderText {#text} at (31,0) size 21x15
                    text run at (31,0) width 21: "Yes"
                RenderBlock {P} at (8,33) size 84x16
                  RenderText {#text} at (31,0) size 21x15
                    text run at (31,0) width 21: "Yes"
                  RenderInline {SPAN} at (51,0) size 0x15
                    RenderInline {O:P} at (51,0) size 0x15
              RenderTableCell {TD} at (366,2591) size 107x49 [border: (1px none #808080) none (1px none #808080)] [r=38 c=3 rs=1 cs=1]
                RenderBlock {P} at (8,1) size 90x16
                  RenderText {#text} at (36,0) size 18x15
                    text run at (36,0) width 18: "No"
                RenderBlock {P} at (8,17) size 90x16
                  RenderText {#text} at (36,0) size 18x15
                    text run at (36,0) width 18: "No"
                RenderBlock {P} at (8,33) size 90x16
                  RenderText {#text} at (36,0) size 18x15
                    text run at (36,0) width 18: "No"
                  RenderInline {SPAN} at (53,0) size 0x15
                    RenderInline {O:P} at (53,0) size 0x15
            RenderTableRow {TR} at (0,2640) size 472x129
              RenderTableCell {TD} at (0,2640) size 99x17 [border: (1px none #808080) none] [r=39 c=0 rs=1 cs=1]
                RenderBlock {P} at (8,1) size 84x16
                  RenderText {#text} at (34,0) size 15x15
                    text run at (34,0) width 15: "40"
                  RenderInline {SPAN} at (48,0) size 0x15
                    RenderInline {O:P} at (48,0) size 0x15
              RenderTableCell {TD} at (98,2640) size 171x129 [border: (1px none #808080) none (1px none #808080)] [r=39 c=1 rs=1 cs=1]
                RenderBlock {P} at (8,1) size 155x16
                  RenderText {#text} at (0,0) size 83x15
                    text run at (0,0) width 83: "Alberto Lanzas"
                  RenderInline {SPAN} at (83,0) size 0x15
                    RenderInline {O:P} at (83,0) size 0x15
                RenderBlock {P} at (8,17) size 155x16
                  RenderText {#text} at (0,0) size 94x15
                    text run at (0,0) width 94: "Zak + Mike West"
                  RenderInline {SPAN} at (93,0) size 0x15
                    RenderInline {O:P} at (93,0) size 0x15
                RenderBlock {P} at (8,33) size 155x16
                  RenderText {#text} at (0,0) size 68x15
                    text run at (0,0) width 68: "Javier Flores"
                  RenderInline {SPAN} at (68,0) size 0x15
                    RenderInline {O:P} at (68,0) size 0x15
                RenderBlock {P} at (8,49) size 155x16
                  RenderText {#text} at (0,0) size 69x15
                    text run at (0,0) width 69: "Bill Johnson"
                  RenderInline {SPAN} at (69,0) size 0x15
                    RenderInline {O:P} at (69,0) size 0x15
                RenderBlock {P} at (8,65) size 155x16
                  RenderText {#text} at (0,0) size 77x15
                    text run at (0,0) width 77: "Gene Langley"
                RenderBlock {P} at (8,81) size 155x16
                  RenderText {#text} at (0,0) size 70x15
                    text run at (0,0) width 70: "Rich Burnett"
                RenderBlock {P} at (8,97) size 155x16
                  RenderText {#text} at (0,0) size 90x15
                    text run at (0,0) width 90: "Jack Goodfriend"
                RenderBlock {P} at (8,113) size 155x16
                  RenderText {#text} at (0,0) size 71x15
                    text run at (0,0) width 71: "Harald Close"
                  RenderInline {SPAN} at (71,0) size 0x15
                    RenderInline {O:P} at (71,0) size 0x15
              RenderTableCell {TD} at (268,2640) size 99x129 [border: (1px none #808080) none (1px none #808080)] [r=39 c=2 rs=1 cs=1]
                RenderBlock {P} at (8,1) size 84x16
                  RenderText {#text} at (31,0) size 21x15
                    text run at (31,0) width 21: "Yes"
                  RenderInline {SPAN} at (51,0) size 0x15
                    RenderInline {O:P} at (51,0) size 0x15
                RenderBlock {P} at (8,17) size 84x16
                  RenderText {#text} at (31,0) size 21x15
                    text run at (31,0) width 21: "Yes"
                  RenderInline {SPAN} at (51,0) size 0x15
                    RenderInline {O:P} at (51,0) size 0x15
                RenderBlock {P} at (8,33) size 84x16
                  RenderText {#text} at (31,0) size 21x15
                    text run at (31,0) width 21: "Yes"
                  RenderInline {SPAN} at (51,0) size 0x15
                    RenderInline {O:P} at (51,0) size 0x15
                RenderBlock {P} at (8,49) size 84x16
                  RenderText {#text} at (31,0) size 21x15
                    text run at (31,0) width 21: "Yes"
                  RenderInline {SPAN} at (51,0) size 0x15
                    RenderInline {O:P} at (51,0) size 0x15
                RenderBlock {P} at (8,65) size 84x16
                  RenderText {#text} at (31,0) size 21x15
                    text run at (31,0) width 21: "Yes"
                RenderBlock {P} at (8,81) size 84x16
                  RenderText {#text} at (40,0) size 4x15
                    text run at (40,0) width 4: " "
                RenderBlock {P} at (8,97) size 84x16
                  RenderText {#text} at (40,0) size 4x15
                    text run at (40,0) width 4: " "
                RenderBlock {P} at (8,113) size 84x16
                  RenderText {#text} at (31,0) size 21x15
                    text run at (31,0) width 21: "Yes"
                  RenderInline {SPAN} at (51,0) size 0x15
                    RenderInline {O:P} at (51,0) size 0x15
              RenderTableCell {TD} at (366,2640) size 107x129 [border: (1px none #808080) none (1px none #808080)] [r=39 c=3 rs=1 cs=1]
                RenderBlock {P} at (8,1) size 90x16
                  RenderText {#text} at (35,0) size 20x15
                    text run at (35,0) width 20: "Yes"
                  RenderInline {SPAN} at (54,0) size 0x15
                    RenderInline {O:P} at (54,0) size 0x15
                RenderBlock {P} at (8,17) size 90x16
                  RenderText {#text} at (35,0) size 20x15
                    text run at (35,0) width 20: "Yes"
                  RenderInline {SPAN} at (54,0) size 0x15
                    RenderInline {O:P} at (54,0) size 0x15
                RenderBlock {P} at (8,33) size 90x16
                  RenderText {#text} at (36,0) size 18x15
                    text run at (36,0) width 18: "No"
                  RenderInline {SPAN} at (53,0) size 0x15
                    RenderInline {O:P} at (53,0) size 0x15
                RenderBlock {P} at (8,49) size 90x16
                  RenderText {#text} at (36,0) size 18x15
                    text run at (36,0) width 18: "No"
                  RenderInline {SPAN} at (53,0) size 0x15
                    RenderInline {O:P} at (53,0) size 0x15
                RenderBlock {P} at (8,65) size 90x16
                  RenderText {#text} at (27,0) size 36x15
                    text run at (27,0) width 36: "Glider"
                RenderBlock {P} at (8,81) size 90x16
                  RenderText {#text} at (43,0) size 4x15
                    text run at (43,0) width 4: " "
                RenderBlock {P} at (8,97) size 90x16
                  RenderText {#text} at (43,0) size 4x15
                    text run at (43,0) width 4: " "
                RenderBlock {P} at (8,113) size 90x16
                  RenderText {#text} at (36,0) size 18x15
                    text run at (36,0) width 18: "No"
                  RenderInline {SPAN} at (53,0) size 0x15
                    RenderInline {O:P} at (53,0) size 0x15
            RenderTableRow {TR} at (0,2769) size 472x129
              RenderTableCell {TD} at (0,2769) size 99x17 [border: (1px none #808080) none] [r=40 c=0 rs=1 cs=1]
                RenderBlock {P} at (8,1) size 84x16
                  RenderText {#text} at (34,0) size 15x15
                    text run at (34,0) width 15: "41"
                  RenderInline {SPAN} at (48,0) size 0x15
                    RenderInline {O:P} at (48,0) size 0x15
              RenderTableCell {TD} at (98,2769) size 171x129 [border: (1px none #808080) none (1px none #808080)] [r=40 c=1 rs=1 cs=1]
                RenderBlock {P} at (8,1) size 155x16
                  RenderText {#text} at (0,0) size 97x15
                    text run at (0,0) width 97: "Dominic Civiletti"
                  RenderInline {SPAN} at (97,0) size 0x15
                    RenderInline {O:P} at (97,0) size 0x15
                RenderBlock {P} at (8,17) size 155x16
                  RenderText {#text} at (0,0) size 105x15
                    text run at (0,0) width 105: "Corbin Christensen"
                  RenderInline {SPAN} at (105,0) size 0x15
                    RenderInline {O:P} at (105,0) size 0x15
                RenderBlock {P} at (8,33) size 155x16
                  RenderText {#text} at (0,0) size 59x15
                    text run at (0,0) width 59: "Hal Hirsch"
                  RenderInline {SPAN} at (59,0) size 0x15
                    RenderInline {O:P} at (59,0) size 0x15
                RenderBlock {P} at (8,49) size 155x16
                  RenderText {#text} at (0,0) size 91x15
                    text run at (0,0) width 91: "Richard Sanchez"
                RenderBlock {P} at (8,65) size 155x16
                  RenderText {#text} at (0,0) size 65x15
                    text run at (0,0) width 65: "John Bernal"
                RenderBlock {P} at (8,81) size 155x16
                  RenderText {#text} at (0,0) size 70x15
                    text run at (0,0) width 70: "Rich Burnett"
                RenderBlock {P} at (8,97) size 155x16
                  RenderText {#text} at (0,0) size 73x15
                    text run at (0,0) width 73: "Brock Brown"
                RenderBlock {P} at (8,113) size 155x16
                  RenderText {#text} at (0,0) size 55x15
                    text run at (0,0) width 55: "John Paye"
                  RenderInline {SPAN} at (55,0) size 0x15
                    RenderInline {O:P} at (55,0) size 0x15
              RenderTableCell {TD} at (268,2769) size 99x113 [border: (1px none #808080) none (1px none #808080)] [r=40 c=2 rs=1 cs=1]
                RenderBlock {P} at (8,1) size 84x16
                  RenderText {#text} at (31,0) size 21x15
                    text run at (31,0) width 21: "Yes"
                  RenderInline {SPAN} at (51,0) size 0x15
                    RenderInline {O:P} at (51,0) size 0x15
                RenderBlock {P} at (8,17) size 84x16
                  RenderText {#text} at (31,0) size 21x15
                    text run at (31,0) width 21: "Yes"
                  RenderInline {SPAN} at (51,0) size 0x15
                    RenderInline {O:P} at (51,0) size 0x15
                RenderBlock {P} at (8,33) size 84x16
                  RenderText {#text} at (31,0) size 21x15
                    text run at (31,0) width 21: "Yes"
                  RenderInline {SPAN} at (51,0) size 0x15
                    RenderInline {O:P} at (51,0) size 0x15
                RenderBlock {P} at (8,49) size 84x16
                  RenderText {#text} at (33,0) size 18x15
                    text run at (33,0) width 18: "No"
                RenderBlock {P} at (8,65) size 84x16
                  RenderText {#text} at (31,0) size 21x15
                    text run at (31,0) width 21: "Yes"
                RenderBlock {P} at (8,81) size 84x16
                  RenderText {#text} at (40,0) size 4x15
                    text run at (40,0) width 4: " "
                RenderBlock {P} at (8,97) size 84x16
                  RenderText {#text} at (31,0) size 21x15
                    text run at (31,0) width 21: "Yes"
                  RenderInline {SPAN} at (51,0) size 0x15
                    RenderInline {O:P} at (51,0) size 0x15
              RenderTableCell {TD} at (366,2769) size 107x113 [border: (1px none #808080) none (1px none #808080)] [r=40 c=3 rs=1 cs=1]
                RenderBlock {P} at (8,1) size 90x16
                  RenderText {#text} at (36,0) size 18x15
                    text run at (36,0) width 18: "No"
                  RenderInline {SPAN} at (53,0) size 0x15
                    RenderInline {O:P} at (53,0) size 0x15
                RenderBlock {P} at (8,17) size 90x16
                  RenderText {#text} at (36,0) size 18x15
                    text run at (36,0) width 18: "No"
                  RenderInline {SPAN} at (53,0) size 0x15
                    RenderInline {O:P} at (53,0) size 0x15
                RenderBlock {P} at (8,33) size 90x16
                  RenderText {#text} at (36,0) size 18x15
                    text run at (36,0) width 18: "No"
                  RenderInline {SPAN} at (53,0) size 0x15
                    RenderInline {O:P} at (53,0) size 0x15
                RenderBlock {P} at (8,49) size 90x16
                  RenderText {#text} at (35,0) size 20x15
                    text run at (35,0) width 20: "Yes"
                RenderBlock {P} at (8,65) size 90x16
                  RenderText {#text} at (36,0) size 18x15
                    text run at (36,0) width 18: "No"
                RenderBlock {P} at (8,81) size 90x16
                  RenderText {#text} at (43,0) size 4x15
                    text run at (43,0) width 4: " "
                RenderBlock {P} at (8,97) size 90x16
                  RenderText {#text} at (36,0) size 18x15
                    text run at (36,0) width 18: "No"
                  RenderInline {SPAN} at (53,0) size 0x15
                    RenderInline {O:P} at (53,0) size 0x15
            RenderTableRow {TR} at (0,2898) size 472x129
              RenderTableCell {TD} at (0,2898) size 99x17 [border: (1px none #808080) none] [r=41 c=0 rs=1 cs=1]
                RenderBlock {P} at (8,1) size 84x16
                  RenderText {#text} at (34,0) size 15x15
                    text run at (34,0) width 15: "42"
                  RenderInline {SPAN} at (48,0) size 0x15
                    RenderInline {O:P} at (48,0) size 0x15
              RenderTableCell {TD} at (98,2898) size 171x129 [border: (1px none #808080) none (1px none #808080)] [r=41 c=1 rs=1 cs=1]
                RenderBlock {P} at (8,1) size 155x16
                  RenderText {#text} at (0,0) size 47x15
                    text run at (0,0) width 47: "Tony Yu"
                  RenderInline {SPAN} at (46,0) size 0x15
                    RenderInline {O:P} at (46,0) size 0x15
                RenderBlock {P} at (8,17) size 155x16
                  RenderText {#text} at (0,0) size 67x15
                    text run at (0,0) width 67: "Jason Miller"
                  RenderInline {SPAN} at (67,0) size 0x15
                    RenderInline {O:P} at (67,0) size 0x15
                RenderBlock {P} at (8,33) size 155x16
                  RenderText {#text} at (0,0) size 86x15
                    text run at (0,0) width 86: "Maurice Burton"
                RenderBlock {P} at (8,49) size 155x16
                  RenderText {#text} at (0,0) size 64x15
                    text run at (0,0) width 64: "Dan Sievert"
                RenderBlock {P} at (8,65) size 155x16
                  RenderText {#text} at (0,0) size 61x15
                    text run at (0,0) width 61: "Jerry Davis"
                RenderBlock {P} at (8,81) size 155x16
                  RenderText {#text} at (0,0) size 55x15
                    text run at (0,0) width 55: "John Paye"
                RenderBlock {P} at (8,97) size 155x16
                  RenderText {#text} at (0,0) size 72x15
                    text run at (0,0) width 72: "Gordon Frost"
                RenderBlock {P} at (8,113) size 155x16
                  RenderText {#text} at (0,0) size 66x15
                    text run at (0,0) width 66: "Chris Walsh"
                  RenderInline {SPAN} at (65,0) size 0x15
                    RenderInline {O:P} at (65,0) size 0x15
              RenderTableCell {TD} at (268,2898) size 99x81 [border: (1px none #808080) none (1px none #808080)] [r=41 c=2 rs=1 cs=1]
                RenderBlock {P} at (8,1) size 84x16
                  RenderText {#text} at (31,0) size 21x15
                    text run at (31,0) width 21: "Yes"
                  RenderInline {SPAN} at (51,0) size 0x15
                    RenderInline {O:P} at (51,0) size 0x15
                RenderBlock {P} at (8,17) size 84x16
                  RenderText {#text} at (31,0) size 21x15
                    text run at (31,0) width 21: "Yes"
                  RenderInline {SPAN} at (51,0) size 0x15
                    RenderInline {O:P} at (51,0) size 0x15
                RenderBlock {P} at (8,33) size 84x16
                  RenderText {#text} at (31,0) size 21x15
                    text run at (31,0) width 21: "Yes"
                RenderBlock {P} at (8,49) size 84x16
                  RenderText {#text} at (31,0) size 21x15
                    text run at (31,0) width 21: "Yes"
                RenderBlock {P} at (8,65) size 84x16
                  RenderText {#text} at (31,0) size 21x15
                    text run at (31,0) width 21: "Yes"
                  RenderInline {SPAN} at (51,0) size 0x15
                    RenderInline {O:P} at (51,0) size 0x15
              RenderTableCell {TD} at (366,2898) size 107x81 [border: (1px none #808080) none (1px none #808080)] [r=41 c=3 rs=1 cs=1]
                RenderBlock {P} at (8,1) size 90x16
                  RenderText {#text} at (36,0) size 18x15
                    text run at (36,0) width 18: "No"
                  RenderInline {SPAN} at (53,0) size 0x15
                    RenderInline {O:P} at (53,0) size 0x15
                RenderBlock {P} at (8,17) size 90x16
                  RenderText {#text} at (36,0) size 18x15
                    text run at (36,0) width 18: "No"
                  RenderInline {SPAN} at (53,0) size 0x15
                    RenderInline {O:P} at (53,0) size 0x15
                RenderBlock {P} at (8,33) size 90x16
                  RenderText {#text} at (36,0) size 18x15
                    text run at (36,0) width 18: "No"
                RenderBlock {P} at (8,49) size 90x16
                  RenderText {#text} at (36,0) size 18x15
                    text run at (36,0) width 18: "No"
                RenderBlock {P} at (8,65) size 90x16
                  RenderText {#text} at (36,0) size 18x15
                    text run at (36,0) width 18: "No"
                  RenderInline {SPAN} at (53,0) size 0x15
                    RenderInline {O:P} at (53,0) size 0x15
            RenderTableRow {TR} at (0,3027) size 472x113
              RenderTableCell {TD} at (0,3027) size 99x17 [border: (1px none #808080) none] [r=42 c=0 rs=1 cs=1]
                RenderBlock {P} at (8,1) size 84x16
                  RenderText {#text} at (34,0) size 15x15
                    text run at (34,0) width 15: "43"
                  RenderInline {SPAN} at (48,0) size 0x15
                    RenderInline {O:P} at (48,0) size 0x15
              RenderTableCell {TD} at (98,3027) size 171x113 [border: (1px none #808080) none (1px none #808080)] [r=42 c=1 rs=1 cs=1]
                RenderBlock {P} at (8,1) size 155x16
                  RenderText {#text} at (0,0) size 97x15
                    text run at (0,0) width 97: "Dominic Civiletti"
                  RenderInline {SPAN} at (97,0) size 0x15
                    RenderInline {O:P} at (97,0) size 0x15
                RenderBlock {P} at (8,17) size 155x16
                  RenderText {#text} at (0,0) size 69x15
                    text run at (0,0) width 69: "Ken Gullion"
                  RenderInline {SPAN} at (69,0) size 0x15
                    RenderInline {O:P} at (69,0) size 0x15
                RenderBlock {P} at (8,33) size 155x16
                  RenderText {#text} at (0,0) size 66x15
                    text run at (0,0) width 66: "Will Sievert"
                RenderBlock {P} at (8,49) size 155x16
                  RenderText {#text} at (0,0) size 74x15
                    text run at (0,0) width 74: "Jim Mahoney"
                RenderBlock {P} at (8,65) size 155x16
                  RenderText {#text} at (0,0) size 68x15
                    text run at (0,0) width 68: "Ken Manuel"
                RenderBlock {P} at (8,81) size 155x16
                  RenderText {#text} at (0,0) size 58x15
                    text run at (0,0) width 58: "John Todd"
                RenderBlock {P} at (8,97) size 155x16
                  RenderText {#text} at (0,0) size 89x15
                    text run at (0,0) width 89: "Rick Rasmussen"
                  RenderInline {SPAN} at (89,0) size 0x15
                    RenderInline {O:P} at (89,0) size 0x15
              RenderTableCell {TD} at (268,3027) size 99x81 [border: (1px none #808080) none (1px none #808080)] [r=42 c=2 rs=1 cs=1]
                RenderBlock {P} at (8,1) size 84x16
                  RenderText {#text} at (31,0) size 21x15
                    text run at (31,0) width 21: "Yes"
                  RenderInline {SPAN} at (51,0) size 0x15
                    RenderInline {O:P} at (51,0) size 0x15
                RenderBlock {P} at (8,17) size 84x16
                  RenderText {#text} at (31,0) size 21x15
                    text run at (31,0) width 21: "Yes"
                  RenderInline {SPAN} at (51,0) size 0x15
                    RenderInline {O:P} at (51,0) size 0x15
                RenderBlock {P} at (8,33) size 84x16
                  RenderText {#text} at (31,0) size 21x15
                    text run at (31,0) width 21: "Yes"
                RenderBlock {P} at (8,49) size 84x16
                  RenderText {#text} at (31,0) size 21x15
                    text run at (31,0) width 21: "Yes"
                RenderBlock {P} at (8,65) size 84x16
                  RenderText {#text} at (31,0) size 21x15
                    text run at (31,0) width 21: "Yes"
                  RenderInline {SPAN} at (51,0) size 0x15
                    RenderInline {O:P} at (51,0) size 0x15
              RenderTableCell {TD} at (366,3027) size 107x81 [border: (1px none #808080) none (1px none #808080)] [r=42 c=3 rs=1 cs=1]
                RenderBlock {P} at (8,1) size 90x16
                  RenderText {#text} at (36,0) size 18x15
                    text run at (36,0) width 18: "No"
                  RenderInline {SPAN} at (53,0) size 0x15
                    RenderInline {O:P} at (53,0) size 0x15
                RenderBlock {P} at (8,17) size 90x16
                  RenderText {#text} at (36,0) size 18x15
                    text run at (36,0) width 18: "No"
                  RenderInline {SPAN} at (53,0) size 0x15
                    RenderInline {O:P} at (53,0) size 0x15
                RenderBlock {P} at (8,33) size 90x16
                  RenderText {#text} at (19,0) size 51x15
                    text run at (19,0) width 51: "Someday"
                RenderBlock {P} at (8,49) size 90x16
                  RenderText {#text} at (35,0) size 20x15
                    text run at (35,0) width 20: "Yes"
                RenderBlock {P} at (8,65) size 90x16
                  RenderText {#text} at (36,0) size 18x15
                    text run at (36,0) width 18: "No"
                  RenderInline {SPAN} at (53,0) size 0x15
                    RenderInline {O:P} at (53,0) size 0x15
            RenderTableRow {TR} at (0,3140) size 472x65
              RenderTableCell {TD} at (0,3140) size 99x17 [border: (1px none #808080) none] [r=43 c=0 rs=1 cs=1]
                RenderBlock {P} at (8,1) size 84x16
                  RenderText {#text} at (34,0) size 15x15
                    text run at (34,0) width 15: "44"
                  RenderInline {SPAN} at (48,0) size 0x15
                    RenderInline {O:P} at (48,0) size 0x15
              RenderTableCell {TD} at (98,3140) size 171x65 [border: (1px none #808080) none (1px none #808080)] [r=43 c=1 rs=1 cs=1]
                RenderBlock {P} at (8,1) size 155x16
                  RenderText {#text} at (0,0) size 63x15
                    text run at (0,0) width 63: "Gary Heath"
                  RenderInline {SPAN} at (63,0) size 0x15
                    RenderInline {O:P} at (63,0) size 0x15
                RenderBlock {P} at (8,17) size 155x16
                  RenderText {#text} at (0,0) size 82x15
                    text run at (0,0) width 82: "Quinn Chuong"
                RenderBlock {P} at (8,33) size 155x16
                  RenderText {#text} at (0,0) size 64x15
                    text run at (0,0) width 64: "Dan Sievert"
                RenderBlock {P} at (8,49) size 155x16
                  RenderText {#text} at (0,0) size 86x15
                    text run at (0,0) width 86: "Alexander Wert"
                  RenderInline {SPAN} at (85,0) size 0x15
                    RenderInline {O:P} at (85,0) size 0x15
              RenderTableCell {TD} at (268,3140) size 99x65 [border: (1px none #808080) none (1px none #808080)] [r=43 c=2 rs=1 cs=1]
                RenderBlock {P} at (8,1) size 84x16
                  RenderText {#text} at (33,0) size 18x15
                    text run at (33,0) width 18: "No"
                  RenderInline {SPAN} at (50,0) size 0x15
                    RenderInline {O:P} at (50,0) size 0x15
                RenderBlock {P} at (8,17) size 84x16
                  RenderText {#text} at (31,0) size 21x15
                    text run at (31,0) width 21: "Yes"
                RenderBlock {P} at (8,33) size 84x16
                  RenderText {#text} at (31,0) size 21x15
                    text run at (31,0) width 21: "Yes"
                RenderBlock {P} at (8,49) size 84x16
                  RenderText {#text} at (33,0) size 18x15
                    text run at (33,0) width 18: "No"
                  RenderInline {SPAN} at (50,0) size 0x15
                    RenderInline {O:P} at (50,0) size 0x15
              RenderTableCell {TD} at (366,3140) size 107x65 [border: (1px none #808080) none (1px none #808080)] [r=43 c=3 rs=1 cs=1]
                RenderBlock {P} at (8,1) size 90x16
                  RenderText {#text} at (35,0) size 20x15
                    text run at (35,0) width 20: "Yes"
                  RenderInline {SPAN} at (54,0) size 0x15
                    RenderInline {O:P} at (54,0) size 0x15
                RenderBlock {P} at (8,17) size 90x16
                  RenderText {#text} at (35,0) size 20x15
                    text run at (35,0) width 20: "Yes"
                RenderBlock {P} at (8,33) size 90x16
                  RenderText {#text} at (36,0) size 18x15
                    text run at (36,0) width 18: "No"
                RenderBlock {P} at (8,49) size 90x16
                  RenderText {#text} at (35,0) size 20x15
                    text run at (35,0) width 20: "Yes"
                  RenderInline {SPAN} at (54,0) size 0x15
                    RenderInline {O:P} at (54,0) size 0x15
            RenderTableRow {TR} at (0,3205) size 472x49
              RenderTableCell {TD} at (0,3205) size 99x17 [border: (1px none #808080) none] [r=44 c=0 rs=1 cs=1]
                RenderBlock {P} at (8,1) size 84x16
                  RenderText {#text} at (34,0) size 15x15
                    text run at (34,0) width 15: "45"
                  RenderInline {SPAN} at (48,0) size 0x15
                    RenderInline {O:P} at (48,0) size 0x15
              RenderTableCell {TD} at (98,3205) size 171x49 [border: (1px none #808080) none (1px none #808080)] [r=44 c=1 rs=1 cs=1]
                RenderBlock {P} at (8,1) size 155x16
                  RenderText {#text} at (0,0) size 82x15
                    text run at (0,0) width 82: "James Holaduz"
                RenderBlock {P} at (8,17) size 155x16
                  RenderInline {FONT} at (0,0) size 56x15
                    RenderText {#text} at (0,0) size 56x15
                      text run at (0,0) width 56: "Don Coon"
                RenderBlock {P} at (8,33) size 155x16
                  RenderText {#text} at (0,0) size 85x15
                    text run at (0,0) width 85: "John Yearwood"
                  RenderInline {SPAN} at (84,0) size 0x15
                    RenderInline {O:P} at (84,0) size 0x15
              RenderTableCell {TD} at (268,3205) size 99x49 [border: (1px none #808080) none (1px none #808080)] [r=44 c=2 rs=1 cs=1]
                RenderBlock {P} at (8,1) size 84x16
                  RenderText {#text} at (31,0) size 21x15
                    text run at (31,0) width 21: "Yes"
                RenderBlock {P} at (8,17) size 84x16
                  RenderText {#text} at (40,0) size 4x15
                    text run at (40,0) width 4: " "
                RenderBlock {P} at (8,33) size 84x16
                  RenderText {#text} at (31,0) size 21x15
                    text run at (31,0) width 21: "Yes"
                  RenderInline {SPAN} at (51,0) size 0x15
                    RenderInline {O:P} at (51,0) size 0x15
              RenderTableCell {TD} at (366,3205) size 107x49 [border: (1px none #808080) none (1px none #808080)] [r=44 c=3 rs=1 cs=1]
                RenderBlock {P} at (8,1) size 90x16
                  RenderText {#text} at (36,0) size 18x15
                    text run at (36,0) width 18: "No"
                RenderBlock {P} at (8,17) size 90x16
                  RenderText {#text} at (43,0) size 4x15
                    text run at (43,0) width 4: " "
                RenderBlock {P} at (8,33) size 90x16
                  RenderText {#text} at (36,0) size 18x15
                    text run at (36,0) width 18: "No"
                  RenderInline {SPAN} at (53,0) size 0x15
                    RenderInline {O:P} at (53,0) size 0x15
            RenderTableRow {TR} at (0,3254) size 472x129
              RenderTableCell {TD} at (0,3254) size 99x17 [border: (1px none #808080) none] [r=45 c=0 rs=1 cs=1]
                RenderBlock {P} at (8,1) size 84x16
                  RenderText {#text} at (34,0) size 15x15
                    text run at (34,0) width 15: "46"
                  RenderInline {SPAN} at (48,0) size 0x15
                    RenderInline {O:P} at (48,0) size 0x15
              RenderTableCell {TD} at (98,3254) size 171x129 [border: (1px none #808080) none (1px none #808080)] [r=45 c=1 rs=1 cs=1]
                RenderBlock {P} at (8,1) size 155x16
                  RenderText {#text} at (0,0) size 51x15
                    text run at (0,0) width 51: "Zak West"
                  RenderInline {SPAN} at (50,0) size 0x15
                    RenderInline {O:P} at (50,0) size 0x15
                RenderBlock {P} at (8,17) size 155x16
                  RenderText {#text} at (0,0) size 103x15
                    text run at (0,0) width 103: "Karl Allmendinger"
                RenderBlock {P} at (8,33) size 155x16
                  RenderText {#text} at (0,0) size 84x15
                    text run at (0,0) width 84: "John Espectzde"
                RenderBlock {P} at (8,49) size 155x16
                  RenderText {#text} at (0,0) size 74x15
                    text run at (0,0) width 74: "Gene Pheiffer"
                RenderBlock {P} at (8,65) size 155x16
                  RenderText {#text} at (0,0) size 70x15
                    text run at (0,0) width 70: "Harold Todd"
                RenderBlock {P} at (8,81) size 155x16
                  RenderText {#text} at (0,0) size 87x15
                    text run at (0,0) width 87: "Gerald Cardinal"
                RenderBlock {P} at (8,97) size 155x16
                  RenderText {#text} at (0,0) size 70x15
                    text run at (0,0) width 70: "Ali Erdengiz"
                RenderBlock {P} at (8,113) size 155x16
                  RenderText {#text} at (0,0) size 86x15
                    text run at (0,0) width 86: "Jason Anderson"
                  RenderInline {SPAN} at (86,0) size 0x15
                    RenderInline {O:P} at (86,0) size 0x15
              RenderTableCell {TD} at (268,3254) size 99x129 [border: (1px none #808080) none (1px none #808080)] [r=45 c=2 rs=1 cs=1]
                RenderBlock {P} at (8,1) size 84x16
                  RenderText {#text} at (31,0) size 21x15
                    text run at (31,0) width 21: "Yes"
                  RenderInline {SPAN} at (51,0) size 0x15
                    RenderInline {O:P} at (51,0) size 0x15
                RenderBlock {P} at (8,17) size 84x16
                  RenderText {#text} at (31,0) size 21x15
                    text run at (31,0) width 21: "Yes"
                RenderBlock {P} at (8,33) size 84x16
                  RenderText {#text} at (40,0) size 4x15
                    text run at (40,0) width 4: " "
                RenderBlock {P} at (8,49) size 84x16
                  RenderText {#text} at (31,0) size 21x15
                    text run at (31,0) width 21: "Yes"
                RenderBlock {P} at (8,65) size 84x16
                  RenderText {#text} at (40,0) size 4x15
                    text run at (40,0) width 4: " "
                RenderBlock {P} at (8,81) size 84x16
                  RenderText {#text} at (40,0) size 4x15
                    text run at (40,0) width 4: " "
                RenderBlock {P} at (8,97) size 84x16
                  RenderText {#text} at (40,0) size 4x15
                    text run at (40,0) width 4: " "
                RenderBlock {P} at (8,113) size 84x16
                  RenderText {#text} at (31,0) size 21x15
                    text run at (31,0) width 21: "Yes"
                  RenderInline {SPAN} at (51,0) size 0x15
                    RenderInline {O:P} at (51,0) size 0x15
              RenderTableCell {TD} at (366,3254) size 107x129 [border: (1px none #808080) none (1px none #808080)] [r=45 c=3 rs=1 cs=1]
                RenderBlock {P} at (8,1) size 90x16
                  RenderText {#text} at (35,0) size 20x15
                    text run at (35,0) width 20: "Yes"
                  RenderInline {SPAN} at (54,0) size 0x15
                    RenderInline {O:P} at (54,0) size 0x15
                RenderBlock {P} at (8,17) size 90x16
                  RenderText {#text} at (36,0) size 18x15
                    text run at (36,0) width 18: "No"
                RenderBlock {P} at (8,33) size 90x16
                  RenderText {#text} at (43,0) size 4x15
                    text run at (43,0) width 4: " "
                RenderBlock {P} at (8,49) size 90x16
                  RenderText {#text} at (36,0) size 18x15
                    text run at (36,0) width 18: "No"
                RenderBlock {P} at (8,65) size 90x16
                  RenderText {#text} at (43,0) size 4x15
                    text run at (43,0) width 4: " "
                RenderBlock {P} at (8,81) size 90x16
                  RenderText {#text} at (43,0) size 4x15
                    text run at (43,0) width 4: " "
                RenderBlock {P} at (8,97) size 90x16
                  RenderText {#text} at (43,0) size 4x15
                    text run at (43,0) width 4: " "
                RenderBlock {P} at (8,113) size 90x16
                  RenderText {#text} at (36,0) size 18x15
                    text run at (36,0) width 18: "No"
                  RenderInline {SPAN} at (53,0) size 0x15
                    RenderInline {O:P} at (53,0) size 0x15
            RenderTableRow {TR} at (0,3383) size 472x177
              RenderTableCell {TD} at (0,3383) size 99x17 [border: (1px none #808080) none] [r=46 c=0 rs=1 cs=1]
                RenderBlock {P} at (8,1) size 84x16
                  RenderText {#text} at (34,0) size 15x15
                    text run at (34,0) width 15: "47"
                  RenderInline {SPAN} at (48,0) size 0x15
                    RenderInline {O:P} at (48,0) size 0x15
              RenderTableCell {TD} at (98,3383) size 171x177 [border: (1px none #808080) none (1px none #808080)] [r=46 c=1 rs=1 cs=1]
                RenderBlock {P} at (8,1) size 155x16
                  RenderText {#text} at (0,0) size 82x15
                    text run at (0,0) width 82: "James Holaduz"
                  RenderInline {SPAN} at (82,0) size 0x15
                    RenderInline {O:P} at (82,0) size 0x15
                RenderBlock {P} at (8,17) size 155x16
                  RenderText {#text} at (0,0) size 47x15
                    text run at (0,0) width 47: "Tony Yu"
                  RenderInline {SPAN} at (46,0) size 0x15
                    RenderInline {O:P} at (46,0) size 0x15
                RenderBlock {P} at (8,33) size 155x16
                  RenderText {#text} at (0,0) size 84x15
                    text run at (0,0) width 84: "Quang Nguyen"
                  RenderInline {SPAN} at (84,0) size 0x15
                    RenderInline {O:P} at (84,0) size 0x15
                RenderBlock {P} at (8,49) size 155x16
                  RenderText {#text} at (0,0) size 76x15
                    text run at (0,0) width 76: "Rick Klement"
                  RenderInline {SPAN} at (76,0) size 0x15
                    RenderInline {O:P} at (76,0) size 0x15
                RenderBlock {P} at (8,65) size 155x16
                  RenderText {#text} at (0,0) size 84x15
                    text run at (0,0) width 84: "Mark Glanville"
                  RenderInline {SPAN} at (84,0) size 0x15
                    RenderInline {O:P} at (84,0) size 0x15
                RenderBlock {P} at (8,81) size 155x16
                  RenderText {#text} at (0,0) size 89x15
                    text run at (0,0) width 89: "Michael Chansu"
                RenderBlock {P} at (8,97) size 155x16
                  RenderText {#text} at (0,0) size 70x15
                    text run at (0,0) width 70: "Harold Todd"
                RenderBlock {P} at (8,113) size 155x16
                  RenderInline {FONT} at (0,0) size 56x15
                    RenderText {#text} at (0,0) size 56x15
                      text run at (0,0) width 56: "Don Coon"
                RenderBlock {P} at (8,129) size 155x16
                  RenderText {#text} at (0,0) size 55x15
                    text run at (0,0) width 55: "John Paye"
                RenderBlock {P} at (8,145) size 155x16
                  RenderText {#text} at (0,0) size 68x15
                    text run at (0,0) width 68: "David Allen"
                RenderBlock {P} at (8,161) size 155x16
                  RenderText {#text} at (0,0) size 108x15
                    text run at (0,0) width 108: "Raymund Leonardo"
                  RenderInline {SPAN} at (108,0) size 0x15
                    RenderInline {O:P} at (108,0) size 0x15
              RenderTableCell {TD} at (268,3383) size 99x177 [border: (1px none #808080) none (1px none #808080)] [r=46 c=2 rs=1 cs=1]
                RenderBlock {P} at (8,1) size 84x16
                  RenderText {#text} at (31,0) size 21x15
                    text run at (31,0) width 21: "Yes"
                  RenderInline {SPAN} at (51,0) size 0x15
                    RenderInline {O:P} at (51,0) size 0x15
                RenderBlock {P} at (8,17) size 84x16
                  RenderText {#text} at (31,0) size 21x15
                    text run at (31,0) width 21: "Yes"
                  RenderInline {SPAN} at (51,0) size 0x15
                    RenderInline {O:P} at (51,0) size 0x15
                RenderBlock {P} at (8,33) size 84x16
                  RenderText {#text} at (31,0) size 21x15
                    text run at (31,0) width 21: "Yes"
                  RenderInline {SPAN} at (51,0) size 0x15
                    RenderInline {O:P} at (51,0) size 0x15
                RenderBlock {P} at (8,49) size 84x16
                  RenderText {#text} at (31,0) size 21x15
                    text run at (31,0) width 21: "Yes"
                  RenderInline {SPAN} at (51,0) size 0x15
                    RenderInline {O:P} at (51,0) size 0x15
                RenderBlock {P} at (8,65) size 84x16
                  RenderText {#text} at (31,0) size 21x15
                    text run at (31,0) width 21: "Yes"
                  RenderInline {SPAN} at (51,0) size 0x15
                    RenderInline {O:P} at (51,0) size 0x15
                RenderBlock {P} at (8,81) size 84x16
                  RenderText {#text} at (31,0) size 21x15
                    text run at (31,0) width 21: "Yes"
                RenderBlock {P} at (8,97) size 84x16
                  RenderText {#text} at (40,0) size 4x15
                    text run at (40,0) width 4: " "
                RenderBlock {P} at (8,113) size 84x16
                  RenderText {#text} at (40,0) size 4x15
                    text run at (40,0) width 4: " "
                RenderBlock {P} at (8,129) size 84x16
                  RenderText {#text} at (40,0) size 4x15
                    text run at (40,0) width 4: " "
                RenderBlock {P} at (8,145) size 84x16
                  RenderText {#text} at (40,0) size 4x15
                    text run at (40,0) width 4: " "
                RenderBlock {P} at (8,161) size 84x16
                  RenderText {#text} at (33,0) size 18x15
                    text run at (33,0) width 18: "No"
                  RenderInline {SPAN} at (50,0) size 0x15
                    RenderInline {O:P} at (50,0) size 0x15
              RenderTableCell {TD} at (366,3383) size 107x177 [border: (1px none #808080) none (1px none #808080)] [r=46 c=3 rs=1 cs=1]
                RenderBlock {P} at (8,1) size 90x16
                  RenderText {#text} at (36,0) size 18x15
                    text run at (36,0) width 18: "No"
                  RenderInline {SPAN} at (53,0) size 0x15
                    RenderInline {O:P} at (53,0) size 0x15
                RenderBlock {P} at (8,17) size 90x16
                  RenderText {#text} at (36,0) size 18x15
                    text run at (36,0) width 18: "No"
                  RenderInline {SPAN} at (53,0) size 0x15
                    RenderInline {O:P} at (53,0) size 0x15
                RenderBlock {P} at (8,33) size 90x16
                  RenderText {#text} at (36,0) size 18x15
                    text run at (36,0) width 18: "No"
                  RenderInline {SPAN} at (53,0) size 0x15
                    RenderInline {O:P} at (53,0) size 0x15
                RenderBlock {P} at (8,49) size 90x16
                  RenderText {#text} at (35,0) size 20x15
                    text run at (35,0) width 20: "Yes"
                  RenderInline {SPAN} at (54,0) size 0x15
                    RenderInline {O:P} at (54,0) size 0x15
                RenderBlock {P} at (8,65) size 90x16
                  RenderText {#text} at (36,0) size 18x15
                    text run at (36,0) width 18: "No"
                  RenderInline {SPAN} at (53,0) size 0x15
                    RenderInline {O:P} at (53,0) size 0x15
                RenderBlock {P} at (8,81) size 90x16
                  RenderText {#text} at (36,0) size 18x15
                    text run at (36,0) width 18: "No"
                RenderBlock {P} at (8,97) size 90x16
                  RenderText {#text} at (43,0) size 4x15
                    text run at (43,0) width 4: " "
                RenderBlock {P} at (8,113) size 90x16
                  RenderText {#text} at (43,0) size 4x15
                    text run at (43,0) width 4: " "
                RenderBlock {P} at (8,129) size 90x16
                  RenderText {#text} at (43,0) size 4x15
                    text run at (43,0) width 4: " "
                RenderBlock {P} at (8,145) size 90x16
                  RenderText {#text} at (43,0) size 4x15
                    text run at (43,0) width 4: " "
                RenderBlock {P} at (8,161) size 90x16
                  RenderText {#text} at (35,0) size 20x15
                    text run at (35,0) width 20: "Yes"
                  RenderInline {SPAN} at (54,0) size 0x15
                    RenderInline {O:P} at (54,0) size 0x15
            RenderTableRow {TR} at (0,3560) size 472x145
              RenderTableCell {TD} at (0,3560) size 99x17 [border: (1px none #808080) none] [r=47 c=0 rs=1 cs=1]
                RenderBlock {P} at (8,1) size 84x16
                  RenderText {#text} at (34,0) size 15x15
                    text run at (34,0) width 15: "48"
                  RenderInline {SPAN} at (48,0) size 0x15
                    RenderInline {O:P} at (48,0) size 0x15
              RenderTableCell {TD} at (98,3560) size 171x145 [border: (1px none #808080) none (1px none #808080)] [r=47 c=1 rs=1 cs=1]
                RenderBlock {P} at (8,1) size 155x16
                  RenderText {#text} at (0,0) size 84x15
                    text run at (0,0) width 84: "Mark Glanville"
                  RenderInline {SPAN} at (84,0) size 0x15
                    RenderInline {O:P} at (84,0) size 0x15
                RenderBlock {P} at (8,17) size 155x16
                  RenderText {#text} at (0,0) size 93x15
                    text run at (0,0) width 93: "Ian + Brad Carter"
                RenderBlock {P} at (8,33) size 155x16
                  RenderText {#text} at (0,0) size 83x15
                    text run at (0,0) width 83: "Stefan Kiritzov"
                RenderBlock {P} at (8,49) size 155x16
                  RenderText {#text} at (0,0) size 59x15
                    text run at (0,0) width 59: "Joe Araujo"
                RenderBlock {P} at (8,65) size 155x16
                  RenderText {#text} at (0,0) size 70x15
                    text run at (0,0) width 70: "Harold Todd"
                RenderBlock {P} at (8,81) size 155x16
                  RenderText {#text} at (0,0) size 72x15
                    text run at (0,0) width 72: "Steve Gilbert"
                RenderBlock {P} at (8,97) size 155x16
                  RenderText {#text} at (0,0) size 56x15
                    text run at (0,0) width 56: "Mark Diel"
                RenderBlock {P} at (8,113) size 155x16
                  RenderText {#text} at (0,0) size 90x15
                    text run at (0,0) width 90: "Jack Goodfriend"
                RenderBlock {P} at (8,129) size 155x16
                  RenderText {#text} at (0,0) size 93x15
                    text run at (0,0) width 93: "Ruenjoe (Joe) Lu"
                  RenderInline {SPAN} at (93,0) size 0x15
                    RenderInline {O:P} at (93,0) size 0x15
              RenderTableCell {TD} at (268,3560) size 99x97 [border: (1px none #808080) none (1px none #808080)] [r=47 c=2 rs=1 cs=1]
                RenderBlock {P} at (8,1) size 84x16
                  RenderText {#text} at (31,0) size 21x15
                    text run at (31,0) width 21: "Yes"
                  RenderInline {SPAN} at (51,0) size 0x15
                    RenderInline {O:P} at (51,0) size 0x15
                RenderBlock {P} at (8,17) size 84x16
                  RenderText {#text} at (31,0) size 21x15
                    text run at (31,0) width 21: "Yes"
                RenderBlock {P} at (8,33) size 84x16
                  RenderText {#text} at (31,0) size 21x15
                    text run at (31,0) width 21: "Yes"
                RenderBlock {P} at (8,49) size 84x16
                  RenderText {#text} at (40,0) size 4x15
                    text run at (40,0) width 4: " "
                RenderBlock {P} at (8,65) size 84x16
                  RenderText {#text} at (40,0) size 4x15
                    text run at (40,0) width 4: " "
                RenderBlock {P} at (8,81) size 84x16
                  RenderText {#text} at (31,0) size 21x15
                    text run at (31,0) width 21: "Yes"
                  RenderInline {SPAN} at (51,0) size 0x15
                    RenderInline {O:P} at (51,0) size 0x15
              RenderTableCell {TD} at (366,3560) size 107x97 [border: (1px none #808080) none (1px none #808080)] [r=47 c=3 rs=1 cs=1]
                RenderBlock {P} at (8,1) size 90x16
                  RenderText {#text} at (36,0) size 18x15
                    text run at (36,0) width 18: "No"
                  RenderInline {SPAN} at (53,0) size 0x15
                    RenderInline {O:P} at (53,0) size 0x15
                RenderBlock {P} at (8,17) size 90x16
                  RenderText {#text} at (36,0) size 18x15
                    text run at (36,0) width 18: "No"
                RenderBlock {P} at (8,33) size 90x16
                  RenderText {#text} at (35,0) size 20x15
                    text run at (35,0) width 20: "Yes"
                RenderBlock {P} at (8,49) size 90x16
                  RenderText {#text} at (43,0) size 4x15
                    text run at (43,0) width 4: " "
                RenderBlock {P} at (8,65) size 90x16
                  RenderText {#text} at (43,0) size 4x15
                    text run at (43,0) width 4: " "
                RenderBlock {P} at (8,81) size 90x16
                  RenderText {#text} at (36,0) size 18x15
                    text run at (36,0) width 18: "No"
                  RenderInline {SPAN} at (53,0) size 0x15
                    RenderInline {O:P} at (53,0) size 0x15
            RenderTableRow {TR} at (0,3705) size 472x65
              RenderTableCell {TD} at (0,3705) size 99x17 [border: (1px none #808080) none] [r=48 c=0 rs=1 cs=1]
                RenderBlock {P} at (8,1) size 84x16
                  RenderText {#text} at (34,0) size 15x15
                    text run at (34,0) width 15: "49"
                  RenderInline {SPAN} at (48,0) size 0x15
                    RenderInline {O:P} at (48,0) size 0x15
              RenderTableCell {TD} at (98,3705) size 171x65 [border: (1px none #808080) none (1px none #808080)] [r=48 c=1 rs=1 cs=1]
                RenderBlock {P} at (8,1) size 155x16
                  RenderText {#text} at (0,0) size 70x15
                    text run at (0,0) width 70: "Ali Erdengiz"
                RenderBlock {P} at (8,17) size 155x16
                  RenderText {#text} at (0,0) size 68x15
                    text run at (0,0) width 68: "David Allen"
                RenderBlock {P} at (8,33) size 155x16
                  RenderInline {SPAN} at (0,0) size 75x15
                    RenderInline {O:P} at (0,0) size 0x15
                    RenderText {#text} at (0,0) size 75x15
                      text run at (0,0) width 75: "Narayen Raju"
                RenderBlock {P} at (8,49) size 155x16
                  RenderInline {SPAN} at (0,0) size 86x15
                    RenderText {#text} at (0,0) size 86x15
                      text run at (0,0) width 33: "Jason "
                      text run at (33,0) width 53: "Anderson"
              RenderTableCell {TD} at (268,3705) size 99x65 [border: (1px none #808080) none (1px none #808080)] [r=48 c=2 rs=1 cs=1]
                RenderBlock {P} at (8,1) size 84x16
                  RenderText {#text} at (40,0) size 4x15
                    text run at (40,0) width 4: " "
                RenderBlock {P} at (8,17) size 84x16
                  RenderText {#text} at (40,0) size 4x15
                    text run at (40,0) width 4: " "
                RenderBlock {P} at (8,33) size 84x16
                  RenderText {#text} at (40,0) size 4x15
                    text run at (40,0) width 4: " "
                RenderBlock {P} at (8,49) size 84x16
                  RenderText {#text} at (31,0) size 21x15
                    text run at (31,0) width 21: "Yes"
                  RenderInline {SPAN} at (51,0) size 0x15
                    RenderInline {O:P} at (51,0) size 0x15
              RenderTableCell {TD} at (366,3705) size 107x65 [border: (1px none #808080) none (1px none #808080)] [r=48 c=3 rs=1 cs=1]
                RenderBlock {P} at (8,1) size 90x16
                  RenderText {#text} at (43,0) size 4x15
                    text run at (43,0) width 4: " "
                RenderBlock {P} at (8,17) size 90x16
                  RenderText {#text} at (43,0) size 4x15
                    text run at (43,0) width 4: " "
                RenderBlock {P} at (8,33) size 90x16
                  RenderText {#text} at (43,0) size 4x15
                    text run at (43,0) width 4: " "
                RenderBlock {P} at (8,49) size 90x16
                  RenderText {#text} at (36,0) size 18x15
                    text run at (36,0) width 18: "No"
                  RenderInline {SPAN} at (53,0) size 0x15
                    RenderInline {O:P} at (53,0) size 0x15
            RenderTableRow {TR} at (0,3770) size 472x145
              RenderTableCell {TD} at (0,3770) size 99x17 [border: (1px none #808080) none] [r=49 c=0 rs=1 cs=1]
                RenderBlock {P} at (8,1) size 84x16
                  RenderText {#text} at (34,0) size 15x15
                    text run at (34,0) width 15: "50"
                  RenderInline {SPAN} at (48,0) size 0x15
                    RenderInline {O:P} at (48,0) size 0x15
              RenderTableCell {TD} at (98,3770) size 171x145 [border: (1px none #808080) none (1px none #808080)] [r=49 c=1 rs=1 cs=1]
                RenderBlock {P} at (8,1) size 155x16
                  RenderText {#text} at (0,0) size 51x15
                    text run at (0,0) width 51: "Zak West"
                  RenderInline {SPAN} at (50,0) size 0x15
                    RenderInline {O:P} at (50,0) size 0x15
                RenderBlock {P} at (8,17) size 155x16
                  RenderText {#text} at (0,0) size 76x15
                    text run at (0,0) width 76: "Rick Klement"
                  RenderInline {SPAN} at (76,0) size 0x15
                    RenderInline {O:P} at (76,0) size 0x15
                RenderBlock {P} at (8,33) size 155x16
                  RenderText {#text} at (0,0) size 58x15
                    text run at (0,0) width 58: "Jim Bernal"
                RenderBlock {P} at (8,49) size 155x16
                  RenderText {#text} at (0,0) size 91x15
                    text run at (0,0) width 91: "Alan Littlewood"
                RenderBlock {P} at (8,65) size 155x16
                  RenderText {#text} at (0,0) size 61x15
                    text run at (0,0) width 61: "Jerry Davis"
                RenderBlock {P} at (8,81) size 155x16
                  RenderText {#text} at (0,0) size 84x15
                    text run at (0,0) width 84: "Lauren Bussard"
                RenderBlock {P} at (8,97) size 155x16
                  RenderText {#text} at (0,0) size 85x15
                    text run at (0,0) width 85: "John Yearwood"
                RenderBlock {P} at (8,113) size 155x16
                  RenderText {#text} at (0,0) size 75x15
                    text run at (0,0) width 75: "Narayan Raju"
                RenderBlock {P} at (8,129) size 155x16
                  RenderText {#text} at (0,0) size 68x15
                    text run at (0,0) width 68: "Ken Manuel"
                  RenderInline {SPAN} at (68,0) size 0x15
                    RenderInline {O:P} at (68,0) size 0x15
              RenderTableCell {TD} at (268,3770) size 99x113 [border: (1px none #808080) none (1px none #808080)] [r=49 c=2 rs=1 cs=1]
                RenderBlock {P} at (8,1) size 84x16
                  RenderText {#text} at (31,0) size 21x15
                    text run at (31,0) width 21: "Yes"
                  RenderInline {SPAN} at (51,0) size 0x15
                    RenderInline {O:P} at (51,0) size 0x15
                RenderBlock {P} at (8,17) size 84x16
                  RenderText {#text} at (31,0) size 21x15
                    text run at (31,0) width 21: "Yes"
                  RenderInline {SPAN} at (51,0) size 0x15
                    RenderInline {O:P} at (51,0) size 0x15
                RenderBlock {P} at (8,33) size 84x16
                  RenderText {#text} at (31,0) size 21x15
                    text run at (31,0) width 21: "Yes"
                RenderBlock {P} at (8,49) size 84x16
                  RenderText {#text} at (31,0) size 21x15
                    text run at (31,0) width 21: "Yes"
                RenderBlock {P} at (8,65) size 84x16
                  RenderText {#text} at (31,0) size 21x15
                    text run at (31,0) width 21: "Yes"
                RenderBlock {P} at (8,81) size 84x16
                  RenderText {#text} at (40,0) size 4x15
                    text run at (40,0) width 4: " "
                RenderBlock {P} at (8,97) size 84x16
                  RenderText {#text} at (31,0) size 21x15
                    text run at (31,0) width 21: "Yes"
                  RenderInline {SPAN} at (51,0) size 0x15
                    RenderInline {O:P} at (51,0) size 0x15
              RenderTableCell {TD} at (366,3770) size 107x113 [border: (1px none #808080) none (1px none #808080)] [r=49 c=3 rs=1 cs=1]
                RenderBlock {P} at (8,1) size 90x16
                  RenderText {#text} at (35,0) size 20x15
                    text run at (35,0) width 20: "Yes"
                  RenderInline {SPAN} at (54,0) size 0x15
                    RenderInline {O:P} at (54,0) size 0x15
                RenderBlock {P} at (8,17) size 90x16
                  RenderText {#text} at (35,0) size 20x15
                    text run at (35,0) width 20: "Yes"
                  RenderInline {SPAN} at (54,0) size 0x15
                    RenderInline {O:P} at (54,0) size 0x15
                RenderBlock {P} at (8,33) size 90x16
                  RenderText {#text} at (36,0) size 18x15
                    text run at (36,0) width 18: "No"
                RenderBlock {P} at (8,49) size 90x16
                  RenderText {#text} at (36,0) size 18x15
                    text run at (36,0) width 18: "No"
                RenderBlock {P} at (8,65) size 90x16
                  RenderText {#text} at (35,0) size 20x15
                    text run at (35,0) width 20: "Yes"
                RenderBlock {P} at (8,81) size 90x16
                  RenderText {#text} at (43,0) size 4x15
                    text run at (43,0) width 4: " "
                RenderBlock {P} at (8,97) size 90x16
                  RenderText {#text} at (36,0) size 18x15
                    text run at (36,0) width 18: "No"
                  RenderInline {SPAN} at (53,0) size 0x15
                    RenderInline {O:P} at (53,0) size 0x15
            RenderTableRow {TR} at (0,3915) size 472x49
              RenderTableCell {TD} at (0,3915) size 99x17 [border: (1px none #808080) none] [r=50 c=0 rs=1 cs=1]
                RenderBlock {P} at (8,1) size 84x16
                  RenderText {#text} at (34,0) size 15x15
                    text run at (34,0) width 15: "51"
                  RenderInline {SPAN} at (48,0) size 0x15
                    RenderInline {O:P} at (48,0) size 0x15
              RenderTableCell {TD} at (98,3915) size 171x49 [border: (1px none #808080) none (1px none #808080)] [r=50 c=1 rs=1 cs=1]
                RenderBlock {P} at (8,1) size 155x16
                  RenderText {#text} at (0,0) size 80x15
                    text run at (0,0) width 80: "Robert Barnett"
                RenderBlock {P} at (8,17) size 155x16
                  RenderText {#text} at (0,0) size 74x15
                    text run at (0,0) width 74: "Jim Mahoney"
                RenderBlock {P} at (8,33) size 155x16
                  RenderText {#text} at (0,0) size 86x15
                    text run at (0,0) width 86: "Jason Anderson"
                  RenderInline {SPAN} at (86,0) size 0x15
                    RenderInline {O:P} at (86,0) size 0x15
              RenderTableCell {TD} at (268,3915) size 99x49 [border: (1px none #808080) none (1px none #808080)] [r=50 c=2 rs=1 cs=1]
                RenderBlock {P} at (8,1) size 84x16
                  RenderText {#text} at (31,0) size 21x15
                    text run at (31,0) width 21: "Yes"
                RenderBlock {P} at (8,17) size 84x16
                  RenderText {#text} at (31,0) size 21x15
                    text run at (31,0) width 21: "Yes"
                RenderBlock {P} at (8,33) size 84x16
                  RenderText {#text} at (31,0) size 21x15
                    text run at (31,0) width 21: "Yes"
                  RenderInline {SPAN} at (51,0) size 0x15
                    RenderInline {O:P} at (51,0) size 0x15
              RenderTableCell {TD} at (366,3915) size 107x49 [border: (1px none #808080) none (1px none #808080)] [r=50 c=3 rs=1 cs=1]
                RenderBlock {P} at (8,1) size 90x16
                  RenderInline {SPAN} at (36,0) size 18x15
                    RenderText {#text} at (36,0) size 18x15
                      text run at (36,0) width 18: "No"
                    RenderInline {O:P} at (53,0) size 0x15
                RenderBlock {P} at (8,17) size 90x16
                  RenderInline {SPAN} at (35,0) size 20x15
                    RenderText {#text} at (35,0) size 20x15
                      text run at (35,0) width 20: "Yes"
                RenderBlock {P} at (8,33) size 90x16
                  RenderInline {SPAN} at (36,0) size 18x15
                    RenderText {#text} at (36,0) size 18x15
                      text run at (36,0) width 18: "No"
                  RenderInline {SPAN} at (53,0) size 0x15
                    RenderInline {O:P} at (53,0) size 0x15
            RenderTableRow {TR} at (0,3964) size 472x81
              RenderTableCell {TD} at (0,3964) size 99x17 [border: (1px none #808080) none] [r=51 c=0 rs=1 cs=1]
                RenderBlock {P} at (8,1) size 84x16
                  RenderText {#text} at (34,0) size 15x15
                    text run at (34,0) width 15: "52"
                  RenderInline {SPAN} at (48,0) size 0x15
                    RenderInline {O:P} at (48,0) size 0x15
              RenderTableCell {TD} at (98,3964) size 171x81 [border: (1px none #808080) none (1px none #808080)] [r=51 c=1 rs=1 cs=1]
                RenderBlock {P} at (8,1) size 155x16
                  RenderText {#text} at (0,0) size 59x15
                    text run at (0,0) width 59: "Mike West"
                  RenderInline {SPAN} at (58,0) size 0x15
                    RenderInline {O:P} at (58,0) size 0x15
                RenderBlock {P} at (8,17) size 155x16
                  RenderText {#text} at (0,0) size 82x15
                    text run at (0,0) width 82: "Robert Frogner"
                RenderBlock {P} at (8,33) size 155x16
                  RenderText {#text} at (0,0) size 91x15
                    text run at (0,0) width 91: "Chris McDowell"
                RenderBlock {P} at (8,49) size 155x16
                  RenderText {#text} at (0,0) size 55x15
                    text run at (0,0) width 55: "Ed Cypret"
                RenderBlock {P} at (8,65) size 155x16
                  RenderText {#text} at (0,0) size 69x15
                    text run at (0,0) width 69: "Dale Barnett"
                  RenderInline {SPAN} at (69,0) size 0x15
                    RenderInline {O:P} at (69,0) size 0x15
              RenderTableCell {TD} at (268,3964) size 99x81 [border: (1px none #808080) none (1px none #808080)] [r=51 c=2 rs=1 cs=1]
                RenderBlock {P} at (8,1) size 84x16
                  RenderText {#text} at (31,0) size 21x15
                    text run at (31,0) width 21: "Yes"
                  RenderInline {SPAN} at (51,0) size 0x15
                    RenderInline {O:P} at (51,0) size 0x15
                RenderBlock {P} at (8,17) size 84x16
                  RenderText {#text} at (31,0) size 21x15
                    text run at (31,0) width 21: "Yes"
                RenderBlock {P} at (8,33) size 84x16
                  RenderText {#text} at (31,0) size 21x15
                    text run at (31,0) width 21: "Yes"
                RenderBlock {P} at (8,49) size 84x16
                  RenderText {#text} at (40,0) size 4x15
                    text run at (40,0) width 4: " "
                RenderBlock {P} at (8,65) size 84x16
                  RenderText {#text} at (31,0) size 21x15
                    text run at (31,0) width 21: "Yes"
                  RenderInline {SPAN} at (51,0) size 0x15
                    RenderInline {O:P} at (51,0) size 0x15
              RenderTableCell {TD} at (366,3964) size 107x81 [border: (1px none #808080) none (1px none #808080)] [r=51 c=3 rs=1 cs=1]
                RenderBlock {P} at (8,1) size 90x16
                  RenderText {#text} at (35,0) size 20x15
                    text run at (35,0) width 20: "Yes"
                  RenderInline {SPAN} at (54,0) size 0x15
                    RenderInline {O:P} at (54,0) size 0x15
                RenderBlock {P} at (8,17) size 90x16
                  RenderText {#text} at (36,0) size 18x15
                    text run at (36,0) width 18: "No"
                RenderBlock {P} at (8,33) size 90x16
                  RenderText {#text} at (36,0) size 18x15
                    text run at (36,0) width 18: "No"
                RenderBlock {P} at (8,49) size 90x16
                  RenderText {#text} at (43,0) size 4x15
                    text run at (43,0) width 4: " "
                RenderBlock {P} at (8,65) size 90x16
                  RenderText {#text} at (36,0) size 18x15
                    text run at (36,0) width 18: "No"
                  RenderInline {SPAN} at (53,0) size 0x15
                    RenderInline {O:P} at (53,0) size 0x15
            RenderTableRow {TR} at (0,4045) size 472x81
              RenderTableCell {TD} at (0,4045) size 99x17 [border: (1px none #808080) none] [r=52 c=0 rs=1 cs=1]
                RenderBlock {P} at (8,1) size 84x16
                  RenderText {#text} at (34,0) size 15x15
                    text run at (34,0) width 15: "53"
                  RenderInline {SPAN} at (48,0) size 0x15
                    RenderInline {O:P} at (48,0) size 0x15
              RenderTableCell {TD} at (98,4045) size 171x81 [border: (1px none #808080) none (1px none #808080)] [r=52 c=1 rs=1 cs=1]
                RenderBlock {P} at (8,1) size 155x16
                  RenderText {#text} at (0,0) size 83x15
                    text run at (0,0) width 83: "Alberto Lanzas"
                  RenderInline {SPAN} at (83,0) size 0x15
                    RenderInline {O:P} at (83,0) size 0x15
                RenderBlock {P} at (8,17) size 155x16
                  RenderText {#text} at (0,0) size 69x15
                    text run at (0,0) width 69: "Bill Johnson"
                RenderBlock {P} at (8,33) size 155x16
                  RenderText {#text} at (0,0) size 43x15
                    text run at (0,0) width 43: "Al Wert"
                RenderBlock {P} at (8,49) size 155x16
                  RenderText {#text} at (0,0) size 69x15
                    text run at (0,0) width 69: "Dale Barnett"
                RenderBlock {P} at (8,65) size 155x16
                  RenderText {#text} at (0,0) size 104x15
                    text run at (0,0) width 104: "Ramin Khoshnevis"
                  RenderInline {SPAN} at (104,0) size 0x15
                    RenderInline {O:P} at (104,0) size 0x15
              RenderTableCell {TD} at (268,4045) size 99x81 [border: (1px none #808080) none (1px none #808080)] [r=52 c=2 rs=1 cs=1]
                RenderBlock {P} at (8,1) size 84x16
                  RenderText {#text} at (31,0) size 21x15
                    text run at (31,0) width 21: "Yes"
                  RenderInline {SPAN} at (51,0) size 0x15
                    RenderInline {O:P} at (51,0) size 0x15
                RenderBlock {P} at (8,17) size 84x16
                  RenderText {#text} at (31,0) size 21x15
                    text run at (31,0) width 21: "Yes"
                RenderBlock {P} at (8,33) size 84x16
                  RenderText {#text} at (33,0) size 18x15
                    text run at (33,0) width 18: "No"
                RenderBlock {P} at (8,49) size 84x16
                  RenderText {#text} at (31,0) size 21x15
                    text run at (31,0) width 21: "Yes"
                RenderBlock {P} at (8,65) size 84x16
                  RenderText {#text} at (31,0) size 21x15
                    text run at (31,0) width 21: "Yes"
                  RenderInline {SPAN} at (51,0) size 0x15
                    RenderInline {O:P} at (51,0) size 0x15
              RenderTableCell {TD} at (366,4045) size 107x81 [border: (1px none #808080) none (1px none #808080)] [r=52 c=3 rs=1 cs=1]
                RenderBlock {P} at (8,1) size 90x16
                  RenderText {#text} at (35,0) size 20x15
                    text run at (35,0) width 20: "Yes"
                  RenderInline {SPAN} at (54,0) size 0x15
                    RenderInline {O:P} at (54,0) size 0x15
                RenderBlock {P} at (8,17) size 90x16
                  RenderText {#text} at (36,0) size 18x15
                    text run at (36,0) width 18: "No"
                RenderBlock {P} at (8,33) size 90x16
                  RenderText {#text} at (35,0) size 20x15
                    text run at (35,0) width 20: "Yes"
                RenderBlock {P} at (8,49) size 90x16
                  RenderText {#text} at (36,0) size 18x15
                    text run at (36,0) width 18: "No"
                RenderBlock {P} at (8,65) size 90x16
                  RenderText {#text} at (36,0) size 18x15
                    text run at (36,0) width 18: "No"
                  RenderInline {SPAN} at (53,0) size 0x15
                    RenderInline {O:P} at (53,0) size 0x15
            RenderTableRow {TR} at (0,4126) size 472x113
              RenderTableCell {TD} at (0,4126) size 99x17 [border: (1px none #808080) none] [r=53 c=0 rs=1 cs=1]
                RenderBlock {P} at (8,1) size 84x16
                  RenderText {#text} at (34,0) size 15x15
                    text run at (34,0) width 15: "54"
                  RenderInline {SPAN} at (48,0) size 0x15
                    RenderInline {O:P} at (48,0) size 0x15
              RenderTableCell {TD} at (98,4126) size 171x113 [border: (1px none #808080) none (1px none #808080)] [r=53 c=1 rs=1 cs=1]
                RenderBlock {P} at (8,1) size 155x16
                  RenderText {#text} at (0,0) size 77x15
                    text run at (0,0) width 77: "Gene Langley"
                RenderBlock {P} at (8,17) size 155x16
                  RenderText {#text} at (0,0) size 69x15
                    text run at (0,0) width 69: "Bill Johnson"
                RenderBlock {P} at (8,33) size 155x16
                  RenderText {#text} at (0,0) size 56x15
                    text run at (0,0) width 56: "Mark Diel"
                RenderBlock {P} at (8,49) size 155x16
                  RenderText {#text} at (0,0) size 61x15
                    text run at (0,0) width 61: "Jerry Davis"
                RenderBlock {P} at (8,65) size 155x16
                  RenderText {#text} at (0,0) size 55x15
                    text run at (0,0) width 55: "Peter Starr"
                RenderBlock {P} at (8,81) size 155x16
                  RenderText {#text} at (0,0) size 85x15
                    text run at (0,0) width 85: "John Yearwood"
                RenderBlock {P} at (8,97) size 155x16
                  RenderText {#text} at (0,0) size 63x15
                    text run at (0,0) width 63: "Scott Hersh"
                  RenderInline {SPAN} at (63,0) size 0x15
                    RenderInline {O:P} at (63,0) size 0x15
              RenderTableCell {TD} at (268,4126) size 99x113 [border: (1px none #808080) none (1px none #808080)] [r=53 c=2 rs=1 cs=1]
                RenderBlock {P} at (8,1) size 84x16
                  RenderText {#text} at (31,0) size 21x15
                    text run at (31,0) width 21: "Yes"
                RenderBlock {P} at (8,17) size 84x16
                  RenderText {#text} at (31,0) size 21x15
                    text run at (31,0) width 21: "Yes"
                RenderBlock {P} at (8,33) size 84x16
                  RenderText {#text} at (40,0) size 4x15
                    text run at (40,0) width 4: " "
                RenderBlock {P} at (8,49) size 84x16
                  RenderText {#text} at (31,0) size 21x15
                    text run at (31,0) width 21: "Yes"
                RenderBlock {P} at (8,65) size 84x16
                  RenderText {#text} at (40,0) size 4x15
                    text run at (40,0) width 4: " "
                RenderBlock {P} at (8,81) size 84x16
                  RenderText {#text} at (31,0) size 21x15
                    text run at (31,0) width 21: "Yes"
                RenderBlock {P} at (8,97) size 84x16
                  RenderText {#text} at (31,0) size 21x15
                    text run at (31,0) width 21: "Yes"
                  RenderInline {SPAN} at (51,0) size 0x15
                    RenderInline {O:P} at (51,0) size 0x15
              RenderTableCell {TD} at (366,4126) size 107x113 [border: (1px none #808080) none (1px none #808080)] [r=53 c=3 rs=1 cs=1]
                RenderBlock {P} at (8,1) size 90x16
                  RenderText {#text} at (4,0) size 81x15
                    text run at (4,0) width 81: "Gyro wannabe"
                RenderBlock {P} at (8,17) size 90x16
                  RenderText {#text} at (36,0) size 18x15
                    text run at (36,0) width 18: "No"
                RenderBlock {P} at (8,33) size 90x16
                  RenderText {#text} at (43,0) size 4x15
                    text run at (43,0) width 4: " "
                RenderBlock {P} at (8,49) size 90x16
                  RenderText {#text} at (36,0) size 18x15
                    text run at (36,0) width 18: "No"
                RenderBlock {P} at (8,65) size 90x16
                  RenderText {#text} at (43,0) size 4x15
                    text run at (43,0) width 4: " "
                RenderBlock {P} at (8,81) size 90x16
                  RenderText {#text} at (36,0) size 18x15
                    text run at (36,0) width 18: "No"
                RenderBlock {P} at (8,97) size 90x16
                  RenderText {#text} at (36,0) size 18x15
                    text run at (36,0) width 18: "No"
                  RenderInline {SPAN} at (53,0) size 0x15
                    RenderInline {O:P} at (53,0) size 0x15
            RenderTableRow {TR} at (0,4239) size 472x49
              RenderTableCell {TD} at (0,4239) size 99x17 [border: (1px none #808080) none] [r=54 c=0 rs=1 cs=1]
                RenderBlock {P} at (8,1) size 84x16
                  RenderText {#text} at (34,0) size 15x15
                    text run at (34,0) width 15: "55"
                  RenderInline {SPAN} at (48,0) size 0x15
                    RenderInline {O:P} at (48,0) size 0x15
              RenderTableCell {TD} at (98,4239) size 171x49 [border: (1px none #808080) none (1px none #808080)] [r=54 c=1 rs=1 cs=1]
                RenderBlock {P} at (8,1) size 155x16
                  RenderText {#text} at (0,0) size 83x15
                    text run at (0,0) width 83: "Alberto Lanzas"
                  RenderInline {SPAN} at (83,0) size 0x15
                    RenderInline {O:P} at (83,0) size 0x15
                RenderBlock {P} at (8,17) size 155x16
                  RenderText {#text} at (0,0) size 59x15
                    text run at (0,0) width 59: "Bob Roger"
                RenderBlock {P} at (8,33) size 155x16
                  RenderText {#text} at (0,0) size 77x15
                    text run at (0,0) width 77: "Randy StClair"
                  RenderInline {SPAN} at (77,0) size 0x15
                    RenderInline {O:P} at (77,0) size 0x15
              RenderTableCell {TD} at (268,4239) size 99x49 [border: (1px none #808080) none (1px none #808080)] [r=54 c=2 rs=1 cs=1]
                RenderBlock {P} at (8,1) size 84x16
                  RenderText {#text} at (31,0) size 21x15
                    text run at (31,0) width 21: "Yes"
                  RenderInline {SPAN} at (51,0) size 0x15
                    RenderInline {O:P} at (51,0) size 0x15
                RenderBlock {P} at (8,17) size 84x16
                  RenderText {#text} at (31,0) size 21x15
                    text run at (31,0) width 21: "Yes"
                RenderBlock {P} at (8,33) size 84x16
                  RenderText {#text} at (31,0) size 21x15
                    text run at (31,0) width 21: "Yes"
                  RenderInline {SPAN} at (51,0) size 0x15
                    RenderInline {O:P} at (51,0) size 0x15
              RenderTableCell {TD} at (366,4239) size 107x49 [border: (1px none #808080) none (1px none #808080)] [r=54 c=3 rs=1 cs=1]
                RenderBlock {P} at (8,1) size 90x16
                  RenderText {#text} at (35,0) size 20x15
                    text run at (35,0) width 20: "Yes"
                  RenderInline {SPAN} at (54,0) size 0x15
                    RenderInline {O:P} at (54,0) size 0x15
                RenderBlock {P} at (8,17) size 90x16
                  RenderText {#text} at (36,0) size 18x15
                    text run at (36,0) width 18: "No"
                RenderBlock {P} at (8,33) size 90x16
                  RenderText {#text} at (36,0) size 18x15
                    text run at (36,0) width 18: "No"
                  RenderInline {SPAN} at (53,0) size 0x15
                    RenderInline {O:P} at (53,0) size 0x15
            RenderTableRow {TR} at (0,4288) size 472x81
              RenderTableCell {TD} at (0,4288) size 99x17 [border: (1px none #808080) none] [r=55 c=0 rs=1 cs=1]
                RenderBlock {P} at (8,1) size 84x16
                  RenderText {#text} at (34,0) size 15x15
                    text run at (34,0) width 15: "56"
                  RenderInline {SPAN} at (48,0) size 0x15
                    RenderInline {O:P} at (48,0) size 0x15
              RenderTableCell {TD} at (98,4288) size 171x81 [border: (1px none #808080) none (1px none #808080)] [r=55 c=1 rs=1 cs=1]
                RenderBlock {P} at (8,1) size 155x16
                  RenderText {#text} at (0,0) size 84x15
                    text run at (0,0) width 84: "Mark Glanville"
                RenderBlock {P} at (8,17) size 155x16
                  RenderText {#text} at (0,0) size 72x15
                    text run at (0,0) width 72: "Steve Gilbert"
                RenderBlock {P} at (8,33) size 155x16
                  RenderText {#text} at (0,0) size 61x15
                    text run at (0,0) width 61: "Jerry Davis"
                RenderBlock {P} at (8,49) size 155x16
                  RenderText {#text} at (0,0) size 66x15
                    text run at (0,0) width 66: "Rich Saunef"
                RenderBlock {P} at (8,65) size 155x16
                  RenderText {#text} at (0,0) size 71x15
                    text run at (0,0) width 71: "Harald Close"
                  RenderInline {SPAN} at (71,0) size 0x15
                    RenderInline {O:P} at (71,0) size 0x15
              RenderTableCell {TD} at (268,4288) size 99x81 [border: (1px none #808080) none (1px none #808080)] [r=55 c=2 rs=1 cs=1]
                RenderBlock {P} at (8,1) size 84x16
                  RenderText {#text} at (31,0) size 21x15
                    text run at (31,0) width 21: "Yes"
                RenderBlock {P} at (8,17) size 84x16
                  RenderText {#text} at (31,0) size 21x15
                    text run at (31,0) width 21: "Yes"
                RenderBlock {P} at (8,33) size 84x16
                  RenderText {#text} at (31,0) size 21x15
                    text run at (31,0) width 21: "Yes"
                RenderBlock {P} at (8,49) size 84x16
                  RenderText {#text} at (31,0) size 21x15
                    text run at (31,0) width 21: "Yes"
                RenderBlock {P} at (8,65) size 84x16
                  RenderText {#text} at (31,0) size 21x15
                    text run at (31,0) width 21: "Yes"
                  RenderInline {SPAN} at (51,0) size 0x15
                    RenderInline {O:P} at (51,0) size 0x15
              RenderTableCell {TD} at (366,4288) size 107x81 [border: (1px none #808080) none (1px none #808080)] [r=55 c=3 rs=1 cs=1]
                RenderBlock {P} at (8,1) size 90x16
                  RenderText {#text} at (36,0) size 18x15
                    text run at (36,0) width 18: "No"
                RenderBlock {P} at (8,17) size 90x16
                  RenderText {#text} at (36,0) size 18x15
                    text run at (36,0) width 18: "No"
                RenderBlock {P} at (8,33) size 90x16
                  RenderText {#text} at (36,0) size 18x15
                    text run at (36,0) width 18: "No"
                RenderBlock {P} at (8,49) size 90x16
                  RenderText {#text} at (36,0) size 18x15
                    text run at (36,0) width 18: "No"
                RenderBlock {P} at (8,65) size 90x16
                  RenderText {#text} at (36,0) size 18x15
                    text run at (36,0) width 18: "No"
                  RenderInline {SPAN} at (53,0) size 0x15
                    RenderInline {O:P} at (53,0) size 0x15
            RenderTableRow {TR} at (0,4369) size 472x49
              RenderTableCell {TD} at (0,4369) size 99x17 [border: (1px none #808080) none] [r=56 c=0 rs=1 cs=1]
                RenderBlock {P} at (8,1) size 84x16
                  RenderText {#text} at (34,0) size 15x15
                    text run at (34,0) width 15: "57"
                  RenderInline {SPAN} at (48,0) size 0x15
                    RenderInline {O:P} at (48,0) size 0x15
              RenderTableCell {TD} at (98,4369) size 171x49 [border: (1px none #808080) none (1px none #808080)] [r=56 c=1 rs=1 cs=1]
                RenderBlock {P} at (8,1) size 155x16
                  RenderText {#text} at (0,0) size 59x15
                    text run at (0,0) width 59: "Bob Roger"
                RenderBlock {P} at (8,17) size 155x16
                  RenderText {#text} at (0,0) size 70x15
                    text run at (0,0) width 70: "Rich Burnett"
                RenderBlock {P} at (8,33) size 155x16
                  RenderText {#text} at (0,0) size 68x15
                    text run at (0,0) width 68: "David Dunn"
                  RenderInline {SPAN} at (68,0) size 0x15
                    RenderInline {O:P} at (68,0) size 0x15
              RenderTableCell {TD} at (268,4369) size 99x17 [border: (1px none #808080) none (1px none #808080)] [r=56 c=2 rs=1 cs=1]
                RenderBlock {P} at (8,1) size 84x16
                  RenderText {#text} at (31,0) size 21x15
                    text run at (31,0) width 21: "Yes"
                  RenderInline {SPAN} at (51,0) size 0x15
                    RenderInline {O:P} at (51,0) size 0x15
              RenderTableCell {TD} at (366,4369) size 107x17 [border: (1px none #808080) none (1px none #808080)] [r=56 c=3 rs=1 cs=1]
                RenderBlock {P} at (8,1) size 90x16
                  RenderText {#text} at (36,0) size 18x15
                    text run at (36,0) width 18: "No"
                  RenderInline {SPAN} at (53,0) size 0x15
                    RenderInline {O:P} at (53,0) size 0x15
            RenderTableRow {TR} at (0,4418) size 472x65
              RenderTableCell {TD} at (0,4418) size 99x17 [border: (1px none #808080) none] [r=57 c=0 rs=1 cs=1]
                RenderBlock {P} at (8,1) size 84x16
                  RenderText {#text} at (34,0) size 15x15
                    text run at (34,0) width 15: "58"
                  RenderInline {SPAN} at (48,0) size 0x15
                    RenderInline {O:P} at (48,0) size 0x15
              RenderTableCell {TD} at (98,4418) size 171x65 [border: (1px none #808080) none (1px none #808080)] [r=57 c=1 rs=1 cs=1]
                RenderBlock {P} at (8,1) size 155x16
                  RenderText {#text} at (0,0) size 93x15
                    text run at (0,0) width 93: "Ian + Brad Carter"
                  RenderInline {SPAN} at (93,0) size 0x15
                    RenderInline {O:P} at (93,0) size 0x15
                RenderBlock {P} at (8,17) size 155x16
                  RenderText {#text} at (0,0) size 69x15
                    text run at (0,0) width 69: "Bill Johnson"
                RenderBlock {P} at (8,33) size 155x16
                  RenderText {#text} at (0,0) size 78x15
                    text run at (0,0) width 78: "Chuck Pringle"
                RenderBlock {P} at (8,49) size 155x16
                  RenderText {#text} at (0,0) size 68x15
                    text run at (0,0) width 68: "David Dunn"
                  RenderInline {SPAN} at (68,0) size 0x15
                    RenderInline {O:P} at (68,0) size 0x15
              RenderTableCell {TD} at (268,4418) size 99x49 [border: (1px none #808080) none (1px none #808080)] [r=57 c=2 rs=1 cs=1]
                RenderBlock {P} at (8,1) size 84x16
                  RenderText {#text} at (31,0) size 21x15
                    text run at (31,0) width 21: "Yes"
                  RenderInline {SPAN} at (51,0) size 0x15
                    RenderInline {O:P} at (51,0) size 0x15
                RenderBlock {P} at (8,17) size 84x16
                  RenderText {#text} at (31,0) size 21x15
                    text run at (31,0) width 21: "Yes"
                RenderBlock {P} at (8,33) size 84x16
                  RenderText {#text} at (31,0) size 21x15
                    text run at (31,0) width 21: "Yes"
                  RenderInline {SPAN} at (51,0) size 0x15
                    RenderInline {O:P} at (51,0) size 0x15
              RenderTableCell {TD} at (366,4418) size 107x49 [border: (1px none #808080) none (1px none #808080)] [r=57 c=3 rs=1 cs=1]
                RenderBlock {P} at (8,1) size 90x16
                  RenderText {#text} at (36,0) size 18x15
                    text run at (36,0) width 18: "No"
                  RenderInline {SPAN} at (53,0) size 0x15
                    RenderInline {O:P} at (53,0) size 0x15
                RenderBlock {P} at (8,17) size 90x16
                  RenderText {#text} at (36,0) size 18x15
                    text run at (36,0) width 18: "No"
                RenderBlock {P} at (8,33) size 90x16
                  RenderText {#text} at (36,0) size 18x15
                    text run at (36,0) width 18: "No"
                  RenderInline {SPAN} at (53,0) size 0x15
                    RenderInline {O:P} at (53,0) size 0x15
            RenderTableRow {TR} at (0,4483) size 472x33
              RenderTableCell {TD} at (0,4483) size 99x17 [border: (1px none #808080) none] [r=58 c=0 rs=1 cs=1]
                RenderBlock {P} at (8,1) size 84x16
                  RenderText {#text} at (34,0) size 15x15
                    text run at (34,0) width 15: "59"
                  RenderInline {SPAN} at (48,0) size 0x15
                    RenderInline {O:P} at (48,0) size 0x15
              RenderTableCell {TD} at (98,4483) size 171x33 [border: (1px none #808080) none (1px none #808080)] [r=58 c=1 rs=1 cs=1]
                RenderBlock {P} at (8,1) size 155x16
                  RenderText {#text} at (0,0) size 59x15
                    text run at (0,0) width 59: "Bob Roger"
                RenderBlock {P} at (8,17) size 155x16
                  RenderText {#text} at (0,0) size 70x15
                    text run at (0,0) width 70: "Rich Burnett"
                  RenderInline {SPAN} at (70,0) size 0x15
                    RenderInline {O:P} at (70,0) size 0x15
              RenderTableCell {TD} at (268,4483) size 99x17 [border: (1px none #808080) none (1px none #808080)] [r=58 c=2 rs=1 cs=1]
                RenderBlock {P} at (8,1) size 84x16
                  RenderText {#text} at (31,0) size 21x15
                    text run at (31,0) width 21: "Yes"
                  RenderInline {SPAN} at (51,0) size 0x15
                    RenderInline {O:P} at (51,0) size 0x15
              RenderTableCell {TD} at (366,4483) size 107x17 [border: (1px none #808080) none (1px none #808080)] [r=58 c=3 rs=1 cs=1]
                RenderBlock {P} at (8,1) size 90x16
                  RenderText {#text} at (36,0) size 18x15
                    text run at (36,0) width 18: "No"
                  RenderInline {SPAN} at (53,0) size 0x15
                    RenderInline {O:P} at (53,0) size 0x15
            RenderTableRow {TR} at (0,4516) size 472x65
              RenderTableCell {TD} at (0,4516) size 99x17 [border: (1px none #808080) none] [r=59 c=0 rs=1 cs=1]
                RenderBlock {P} at (8,1) size 84x16
                  RenderText {#text} at (34,0) size 15x15
                    text run at (34,0) width 15: "60"
                  RenderInline {SPAN} at (48,0) size 0x15
                    RenderInline {O:P} at (48,0) size 0x15
              RenderTableCell {TD} at (98,4516) size 171x65 [border: (1px none #808080) none (1px none #808080)] [r=59 c=1 rs=1 cs=1]
                RenderBlock {P} at (8,1) size 155x16
                  RenderText {#text} at (0,0) size 69x15
                    text run at (0,0) width 69: "Bill Johnson"
                RenderBlock {P} at (8,17) size 155x16
                  RenderText {#text} at (0,0) size 98x15
                    text run at (0,0) width 98: "Vladimir Dvorkin"
                RenderBlock {P} at (8,33) size 155x16
                  RenderText {#text} at (0,0) size 53x15
                    text run at (0,0) width 53: "Ken Price"
                RenderBlock {P} at (8,49) size 155x16
                  RenderText {#text} at (0,0) size 89x15
                    text run at (0,0) width 89: "Rick Rasmussen"
                  RenderInline {SPAN} at (89,0) size 0x15
                    RenderInline {O:P} at (89,0) size 0x15
              RenderTableCell {TD} at (268,4516) size 99x33 [border: (1px none #808080) none (1px none #808080)] [r=59 c=2 rs=1 cs=1]
                RenderBlock {P} at (8,1) size 84x16
                  RenderText {#text} at (31,0) size 21x15
                    text run at (31,0) width 21: "Yes"
                RenderBlock {P} at (8,17) size 84x16
                  RenderText {#text} at (33,0) size 18x15
                    text run at (33,0) width 18: "No"
                  RenderInline {SPAN} at (50,0) size 0x15
                    RenderInline {O:P} at (50,0) size 0x15
              RenderTableCell {TD} at (366,4516) size 107x33 [border: (1px none #808080) none (1px none #808080)] [r=59 c=3 rs=1 cs=1]
                RenderBlock {P} at (8,1) size 90x16
                  RenderText {#text} at (36,0) size 18x15
                    text run at (36,0) width 18: "No"
                RenderBlock {P} at (8,17) size 90x16
                  RenderText {#text} at (35,0) size 20x15
                    text run at (35,0) width 20: "Yes"
                  RenderInline {SPAN} at (54,0) size 0x15
                    RenderInline {O:P} at (54,0) size 0x15
        RenderBlock {P} at (0,4600) size 769x16
          RenderInline {SPAN} at (0,0) size 3x15
            RenderText {#text} at (0,0) size 3x15
              text run at (0,0) width 3: " "
        RenderBlock {P} at (0,4616) size 769x16
          RenderText {#text} at (0,0) size 3x15
            text run at (0,0) width 3: " "
        RenderBlock {P} at (0,4632) size 769x16
          RenderText {#text} at (0,0) size 3x15
            text run at (0,0) width 3: " "
      RenderBlock {P} at (0,4648) size 769x16
        RenderText {#text} at (383,0) size 3x15
          text run at (383,0) width 3: " "
