layer at (0,0) size 800x600
  RenderView at (0,0) size 800x600
layer at (0,0) size 800x76
  RenderBlock {HTML} at (0,0) size 800x76
    RenderBody {BODY} at (8,8) size 784x60
      RenderBlock (anonymous) at (0,0) size 784x18
        RenderText {#text} at (0,0) size 196x17
          text run at (0,0) width 196: "the text should be courier 24pt"
      RenderTable {TABLE} at (0,18) size 83x24
        RenderTableSection {TBODY} at (0,0) size 83x24
          RenderTableRow {TR} at (0,2) size 83x20
            RenderTableCell {TD} at (2,2) size 79x20 [r=0 c=0 rs=1 cs=1]
              RenderText {#text} at (1,1) size 77x17
                text run at (1,1) width 77: "inside a cell"
      RenderBlock {DIV} at (0,42) size 784x18
        RenderText {#text} at (0,0) size 74x17
          text run at (0,0) width 74: "inside a div"
