layer at (0,0) size 800x600
  RenderView at (0,0) size 800x600
layer at (0,0) size 800x600
  RenderBlock {HTML} at (0,0) size 800x600
    RenderBody {BODY} at (8,8) size 784x584
      RenderBlock {P} at (0,0) size 784x60
        RenderText {#text} at (0,0) size 750x39
          text run at (0,0) width 523: "This tests for a bug where images with align right/left would fail to be inserted on paste. "
          text run at (523,0) width 227: "You should see a picture of abe in the"
          text run at (0,20) width 255: "editable region below, aligned to the right. "
        RenderInline {B} at (0,0) size 774x39
          RenderText {#text} at (255,20) size 774x39
            text run at (255,20) width 519: "This demonstrates a bug: the focus halo for the editable region doesn't expand"
            text run at (0,40) width 214: "to fit an image with align='right'."
      RenderBlock {DIV} at (0,76) size 784x40
        RenderText {#text} at (0,0) size 192x19
          text run at (0,0) width 192: "Four score and seven years ago"
        RenderImage {IMG} at (708,0) size 76x103
        RenderText {#text} at (192,0) size 677x39
          text run at (192,0) width 481: " our fathers brought forth on this continent a new nation, conceived in liberty and"
          text run at (673,0) width 4: " "
          text run at (0,20) width 353: "dedicated to the proposition that all men are created equal."
caret: position 1 of child 1 {IMG} of child 2 {DIV} of body
