layer at (0,0) size 800x600
  RenderView at (0,0) size 800x600
layer at (0,0) size 800x600
  RenderBlock {HTML} at (0,0) size 800x600
    RenderBody {BODY} at (8,8) size 784x576
      RenderBlock {P} at (0,0) size 784x20
        RenderText {#text} at (0,0) size 652x19
          text run at (0,0) width 358: "This tests for a bug when replacing the contents of a list. "
          text run at (358,0) width 294: "The list shouldn't be removed, just its contents."
      RenderBlock {DIV} at (0,36) size 784x20
        RenderBlock {UL} at (0,0) size 784x20
          RenderListItem {LI} at (40,0) size 744x20
            RenderListMarker at (-18,0) size 7x19: bullet
            RenderText {#text} at (0,0) size 177x19
              text run at (0,0) width 177: "This should be in a list item."
caret: position 30 of child 0 {#text} of child 0 {LI} of child 0 {UL} of child 2 {DIV} of body
