layer at (0,0) size 800x600
  RenderView at (0,0) size 800x600
layer at (0,0) size 800x600
  RenderBlock {HTML} at (0,0) size 800x600
    RenderBody {BODY} at (8,8) size 784x584
      RenderBlock {P} at (0,0) size 784x20
        RenderText {#text} at (0,0) size 483x19
          text run at (0,0) width 483: "This tests for a bug where the first newline entered into a text area would be lost."
      RenderBlock (anonymous) at (0,36) size 784x40
        RenderText {#text} at (0,0) size 0x0
        RenderText {#text} at (0,0) size 0x0
layer at (10,46) size 179x36 clip at (11,47) size 177x34
  RenderTextControl {TEXTAREA} at (2,2) size 179x36 [bgcolor=#FFFFFF] [border: (1px solid #000000)]
    RenderBlock {DIV} at (3,3) size 175x32
      RenderText {#text} at (0,0) size 0x16
        text run at (0,0) width 0: " "
      RenderText {#text} at (0,16) size 0x16
        text run at (0,16) width 0: " "
caret: position 0 of child 1 {#text} of child 0 {DIV} of {#document-fragment} of child 2 {TEXTAREA} of body
