layer at (0,0) size 800x600
  RenderView at (0,0) size 800x600
layer at (0,0) size 800x600
  RenderBlock {HTML} at (0,0) size 800x600
    RenderBody {BODY} at (8,8) size 784x584
      RenderBlock {P} at (0,0) size 784x40
        RenderText {#text} at (0,0) size 764x39
          text run at (0,0) width 591: "This tests to make sure that a br isn't inserted into a tab span during an InsertLineBreak operation. "
          text run at (591,0) width 173: "You can test for its existence"
          text run at (0,20) width 357: "with the DOM inspector or you can look at the render tree."
      RenderBlock {DIV} at (0,56) size 784x40
        RenderBlock {DIV} at (0,0) size 784x40
          RenderBR {BR} at (0,0) size 0x19
          RenderInline {SPAN} at (0,0) size 32x19
            RenderText {#text} at (0,20) size 32x19
              text run at (0,20) width 32: "\x{9}"
          RenderText {#text} at (32,20) size 20x19
            text run at (32,20) width 20: "bar"
caret: position 0 of child 0 {#text} of child 1 {SPAN} of child 1 {DIV} of child 2 {DIV} of body
