layer at (0,0) size 800x600
  RenderView at (0,0) size 800x600
layer at (0,0) size 800x600
  RenderBlock {HTML} at (0,0) size 800x600
    RenderBody {BODY} at (8,8) size 784x584
      RenderBlock {P} at (0,0) size 784x40
        RenderText {#text} at (0,0) size 767x39
          text run at (0,0) width 351: "This tests inserting a line break at the end of a tab span. "
          text run at (351,0) width 416: "Below you should see 'foo' followed by an empty paragraph, with"
          text run at (0,20) width 85: "the caret in it."
      RenderBlock {DIV} at (0,56) size 784x40
        RenderText {#text} at (0,0) size 21x19
          text run at (0,0) width 21: "foo"
        RenderInline {SPAN} at (0,0) size 11x19
          RenderText {#text} at (21,0) size 11x19
            text run at (21,0) width 11: "\x{9}"
        RenderBR {BR} at (32,0) size 0x19
        RenderBR {BR} at (0,20) size 0x19
caret: position 0 of child 3 {BR} of child 2 {DIV} of body
