EDITING DELEGATE: shouldBeginEditingInDOMRange:range from 0 of DIV > BODY > HTML > #document to 1 of DIV > BODY > HTML > #document
EDITING DELEGATE: webViewDidBeginEditing:WebViewDidBeginEditingNotification
EDITING DELEGATE: webViewDidChangeSelection:WebViewDidChangeSelectionNotification
EDITING DELEGATE: shouldChangeSelectedDOMRange:range from 5 of #text > DIV > BODY > HTML > #document to 5 of #text > DIV > BODY > HTML > #document toDOMRange:range from 5 of #text > DIV > BODY > HTML > #document to 5 of #text > DIV > BODY > HTML > #document affinity:NSSelectionAffinityDownstream stillSelecting:FALSE
EDITING DELEGATE: webViewDidChangeSelection:WebViewDidChangeSelectionNotification
EDITING DELEGATE: webViewDidChange:WebViewDidChangeNotification
EDITING DELEGATE: webViewDidChangeSelection:WebViewDidChangeSelectionNotification
EDITING DELEGATE: shouldChangeSelectedDOMRange:range from 2 of DIV > BODY > HTML > #document to 2 of DIV > BODY > HTML > #document toDOMRange:range from 5 of #text > DIV > BODY > HTML > #document to 5 of #text > DIV > BODY > HTML > #document affinity:NSSelectionAffinityDownstream stillSelecting:FALSE
EDITING DELEGATE: webViewDidChangeSelection:WebViewDidChangeSelectionNotification
EDITING DELEGATE: webViewDidChange:WebViewDidChangeNotification
layer at (0,0) size 800x600
  RenderView at (0,0) size 800x600
layer at (0,0) size 800x600
  RenderBlock {HTML} at (0,0) size 800x600
    RenderBody {BODY} at (8,8) size 784x584
      RenderBlock {P} at (0,0) size 784x20
        RenderText {#text} at (0,0) size 332x19
          text run at (0,0) width 332: "This tests text insertion before/after an input element."
      RenderBlock {DIV} at (0,36) size 784x22
        RenderText {#text} at (0,1) size 35x19
          text run at (0,1) width 35: "Hello"
        RenderTextControl {INPUT} at (35,0) size 153x22 [bgcolor=#FFFFFF] [border: (2px inset #000000)]
        RenderText {#text} at (188,1) size 39x19
          text run at (188,1) width 39: "World"
layer at (46,47) size 147x16
  RenderBlock {DIV} at (3,3) size 147x16
caret: position 5 of child 2 {#text} of child 2 {DIV} of body
