EDITING DELEGATE: shouldBeginEditingInDOMRange:range from 0 of BODY > HTML > #document to 10 of BODY > HTML > #document
EDITING DELEGATE: webViewDidBeginEditing:WebViewDidBeginEditingNotification
EDITING DELEGATE: webViewDidChangeSelection:WebViewDidChangeSelectionNotification
EDITING DELEGATE: webViewDidChangeSelection:WebViewDidChangeSelectionNotification
EDITING DELEGATE: webViewDidChangeSelection:WebViewDidChangeSelectionNotification
EDITING DELEGATE: webViewDidChangeSelection:WebViewDidChangeSelectionNotification
EDITING DELEGATE: webViewDidChangeSelection:WebViewDidChangeSelectionNotification
EDITING DELEGATE: webViewDidChangeSelection:WebViewDidChangeSelectionNotification
EDITING DELEGATE: webViewDidChangeSelection:WebViewDidChangeSelectionNotification
EDITING DELEGATE: webViewDidChangeSelection:WebViewDidChangeSelectionNotification
EDITING DELEGATE: shouldChangeSelectedDOMRange:range from 3 of #text > BODY > HTML > #document to 3 of #text > BODY > HTML > #document toDOMRange:range from 0 of DIV > BODY > HTML > #document to 0 of DIV > BODY > HTML > #document affinity:NSSelectionAffinityDownstream stillSelecting:FALSE
EDITING DELEGATE: webViewDidChangeSelection:WebViewDidChangeSelectionNotification
EDITING DELEGATE: webViewDidChange:WebViewDidChangeNotification
layer at (0,0) size 800x600
  RenderView at (0,0) size 800x600
layer at (0,0) size 800x600
  RenderBlock {HTML} at (0,0) size 800x600
    RenderBody {BODY} at (8,8) size 784x584
      RenderBlock (anonymous) at (0,0) size 784x28
        RenderText {#text} at (0,0) size 628x27
          text run at (0,0) width 628: "Test inserting paragraphs: should see empty blue box below \"bar\""
      RenderBlock {DIV} at (0,28) size 784x36
      RenderBlock {DIV} at (0,64) size 784x56 [border: (2px solid #FF0000)]
        RenderText {#text} at (14,14) size 33x27
          text run at (14,14) width 33: "baz"
      RenderBlock (anonymous) at (0,120) size 784x28
        RenderText {#text} at (0,0) size 31x27
          text run at (0,0) width 31: "bar"
      RenderBlock {DIV} at (0,148) size 784x168 [border: (2px solid #0000FF)]
        RenderBlock (anonymous) at (14,14) size 756x28
          RenderBR {BR} at (0,0) size 0x27
        RenderBlock {DIV} at (14,42) size 756x56 [border: (2px solid #FF0000)]
          RenderText {#text} at (14,14) size 32x27
            text run at (14,14) width 32: "foo"
        RenderBlock {DIV} at (14,98) size 756x56 [border: (2px solid #FF0000)]
          RenderBR {BR} at (14,14) size 0x27
caret: position 0 of child 0 {BR} of child 5 {DIV} of body
