EDITING DELEGATE: shouldBeginEditingInDOMRange:range from 0 of BODY > HTML > #document to 6 of BODY > HTML > #document
EDITING DELEGATE: webViewDidBeginEditing:WebViewDidBeginEditingNotification
EDITING DELEGATE: webViewDidChangeSelection:WebViewDidChangeSelectionNotification
EDITING DELEGATE: webViewDidChangeSelection:WebViewDidChangeSelectionNotification
EDITING DELEGATE: webViewDidChangeSelection:WebViewDidChangeSelectionNotification
EDITING DELEGATE: webViewDidChangeSelection:WebViewDidChangeSelectionNotification
EDITING DELEGATE: webViewDidChangeSelection:WebViewDidChangeSelectionNotification
EDITING DELEGATE: webViewDidChangeSelection:WebViewDidChangeSelectionNotification
EDITING DELEGATE: webViewDidChangeSelection:WebViewDidChangeSelectionNotification
EDITING DELEGATE: webViewDidChangeSelection:WebViewDidChangeSelectionNotification
EDITING DELEGATE: shouldChangeSelectedDOMRange:range from 3 of #text > DIV > BODY > HTML > #document to 3 of #text > DIV > BODY > HTML > #document toDOMRange:range from 0 of DIV > BODY > HTML > #document to 0 of DIV > BODY > HTML > #document affinity:NSSelectionAffinityDownstream stillSelecting:FALSE
EDITING DELEGATE: webViewDidChangeSelection:WebViewDidChangeSelectionNotification
EDITING DELEGATE: webViewDidChange:WebViewDidChangeNotification
layer at (0,0) size 800x600
  RenderView at (0,0) size 800x600
layer at (0,0) size 800x600
  RenderBlock {HTML} at (0,0) size 800x600
    RenderBody {BODY} at (8,8) size 784x584
      RenderBlock (anonymous) at (0,0) size 784x56
        RenderText {#text} at (0,0) size 778x55
          text run at (0,0) width 772: "Test inserting paragraphs: should see two blue boxes, where the second blue box"
          text run at (772,0) width 6: " "
          text run at (0,28) width 241: "starts with an empty line."
      RenderBlock {DIV} at (0,56) size 784x36
      RenderBlock {DIV} at (0,92) size 784x112 [border: (2px solid #0000FF)]
        RenderBlock {DIV} at (14,14) size 756x56 [border: (2px solid #FF0000)]
          RenderText {#text} at (14,14) size 33x27
            text run at (14,14) width 33: "baz"
        RenderBlock (anonymous) at (14,70) size 756x28
          RenderText {#text} at (0,0) size 31x27
            text run at (0,0) width 31: "bar"
      RenderBlock {DIV} at (0,204) size 784x168 [border: (2px solid #0000FF)]
        RenderBlock (anonymous) at (14,14) size 756x28
          RenderBR {BR} at (0,0) size 0x27
        RenderBlock {DIV} at (14,42) size 756x56 [border: (2px solid #FF0000)]
          RenderText {#text} at (14,14) size 32x27
            text run at (14,14) width 32: "foo"
        RenderBlock {DIV} at (14,98) size 756x56 [border: (2px solid #FF0000)]
          RenderBR {BR} at (14,14) size 0x27
caret: position 0 of child 0 {BR} of child 4 {DIV} of body
