EDITING DELEGATE: shouldBeginEditingInDOMRange:range from 0 of DIV > BODY > HTML > #document to 1 of DIV > BODY > HTML > #document
EDITING DELEGATE: webViewDidBeginEditing:WebViewDidBeginEditingNotification
EDITING DELEGATE: webViewDidChangeSelection:WebViewDidChangeSelectionNotification
EDITING DELEGATE: webViewDidChangeSelection:WebViewDidChangeSelectionNotification
EDITING DELEGATE: webViewDidChange:WebViewDidChangeNotification
layer at (0,0) size 800x600
  RenderView at (0,0) size 800x600
layer at (0,0) size 800x600
  RenderBlock {HTML} at (0,0) size 800x600
    RenderBody {BODY} at (8,8) size 784x584
      RenderBlock {P} at (0,0) size 784x40
        RenderText {#text} at (0,0) size 754x39
          text run at (0,0) width 273: "This testcase used to break InsertLineBreak. "
          text run at (273,0) width 481: "The editable region below should have two empty paragraphs in it, and the caret"
          text run at (0,20) width 145: "should be in the second."
      RenderBlock {DIV} at (0,56) size 784x40
        RenderBlock {DIV} at (0,0) size 784x40
          RenderBR {BR} at (0,0) size 0x19
          RenderBR {BR} at (0,20) size 0x19
caret: position 0 of child 2 {BR} of child 0 {DIV} of child 2 {DIV} of body
