EDITING DELEGATE: shouldBeginEditingInDOMRange:range from 0 of DIV > BODY > HTML > #document to 2 of DIV > BODY > HTML > #document
EDITING DELEGATE: webViewDidBeginEditing:WebViewDidBeginEditingNotification
EDITING DELEGATE: webViewDidChangeSelection:WebViewDidChangeSelectionNotification
EDITING DELEGATE: webViewDidChangeSelection:WebViewDidChangeSelectionNotification
EDITING DELEGATE: webViewDidChangeSelection:WebViewDidChangeSelectionNotification
EDITING DELEGATE: webViewDidChangeSelection:WebViewDidChangeSelectionNotification
EDITING DELEGATE: shouldChangeSelectedDOMRange:range from 1 of DIV > DIV > BODY > HTML > #document to 1 of DIV > BODY > HTML > #document toDOMRange:range from 0 of DIV > DIV > BODY > HTML > #document to 0 of DIV > DIV > BODY > HTML > #document affinity:NSSelectionAffinityDownstream stillSelecting:FALSE
EDITING DELEGATE: webViewDidChangeSelection:WebViewDidChangeSelectionNotification
EDITING DELEGATE: webViewDidChange:WebViewDidChangeNotification
layer at (0,0) size 800x600
  RenderView at (0,0) size 800x600
layer at (0,0) size 800x600
  RenderBlock {HTML} at (0,0) size 800x600
    RenderBody {BODY} at (8,8) size 784x584
      RenderBlock {P} at (0,0) size 784x40
        RenderText {#text} at (0,0) size 770x39
          text run at (0,0) width 532: "This tests inserting a paragraph separator into a selection that spans multiple paragraphs. "
          text run at (532,0) width 238: "'ar' should be on the line after 'f' and the"
          text run at (0,20) width 203: "caret should be just before the 'a'."
      RenderBlock {DIV} at (0,56) size 784x40
        RenderBlock {DIV} at (0,0) size 784x20
          RenderText {#text} at (0,0) size 4x19
            text run at (0,0) width 4: "f"
        RenderBlock {DIV} at (0,20) size 784x20
          RenderText {#text} at (0,0) size 20x19
            text run at (0,0) width 20: "bar"
caret: position 0 of child 0 {#text} of child 1 {DIV} of child 2 {DIV} of body
