EDITING DELEGATE: shouldBeginEditingInDOMRange:range from 0 of DIV > BODY > HTML > #document to 1 of DIV > BODY > HTML > #document
EDITING DELEGATE: webViewDidBeginEditing:WebViewDidBeginEditingNotification
EDITING DELEGATE: webViewDidChangeSelection:WebViewDidChangeSelectionNotification
EDITING DELEGATE: webViewDidChangeSelection:WebViewDidChangeSelectionNotification
EDITING DELEGATE: webViewDidChangeSelection:WebViewDidChangeSelectionNotification
EDITING DELEGATE: shouldChangeSelectedDOMRange:range from 3 of #text > PRE > DIV > BODY > HTML > #document to 3 of #text > PRE > DIV > BODY > HTML > #document toDOMRange:range from 0 of PRE > DIV > BODY > HTML > #document to 0 of PRE > DIV > BODY > HTML > #document affinity:NSSelectionAffinityDownstream stillSelecting:FALSE
EDITING DELEGATE: webViewDidChangeSelection:WebViewDidChangeSelectionNotification
EDITING DELEGATE: webViewDidChange:WebViewDidChangeNotification
layer at (0,0) size 800x600
  RenderView at (0,0) size 800x600
layer at (0,0) size 800x600
  RenderBlock {HTML} at (0,0) size 800x600
    RenderBody {BODY} at (8,8) size 784x579
      RenderBlock {P} at (0,0) size 784x60
        RenderText {#text} at (0,0) size 754x59
          text run at (0,0) width 733: "Tests for a bug in the paragraph separator insertion code that would add an extra newline when inserting a paragraph"
          text run at (0,20) width 418: "separator at the end of a paragraph in text that preserves newlines. "
          text run at (418,20) width 336: "Also, an extraneous space would be added after 'foo'."
          text run at (0,40) width 228: "Only one newline should be added. "
          text run at (228,40) width 269: "And there should be no extraneous spaces."
      RenderBlock {P} at (0,76) size 784x20
        RenderInline {B} at (0,0) size 152x19
          RenderText {#text} at (0,0) size 152x19
            text run at (0,0) width 152: "It demonstrates a bug:"
        RenderText {#text} at (152,0) size 583x19
          text run at (152,0) width 583: " too much padding is left between the new line and the end of the paragraph containing 'foo'."
      RenderBlock {DIV} at (0,112) size 784x61
        RenderBlock {PRE} at (0,0) size 784x16
          RenderText {#text} at (0,0) size 24x16
            text run at (0,0) width 24: "foo"
        RenderBlock {PRE} at (0,29) size 784x32
          RenderText {#text} at (0,0) size 24x32
            text run at (0,0) width 0: " "
            text run at (0,16) width 24: "bar"
caret: position 0 of child 0 {#text} of child 1 {PRE} of child 4 {DIV} of body
