layer at (0,0) size 800x600
  RenderView at (0,0) size 800x600
layer at (0,0) size 800x600
  RenderBlock {HTML} at (0,0) size 800x600
    RenderBody {BODY} at (0,0) size 800x600
      RenderBlock {P} at (0,0) size 800x18
        RenderText {#text} at (0,0) size 227x18
          text run at (0,0) width 227: "This is a test for regression against "
        RenderInline {A} at (0,0) size 310x18 [color=#0000EE]
          RenderText {#text} at (226,0) size 310x18
            text run at (226,0) width 310: "https://bugs.webkit.org/show_bug.cgi?id=40142"
      RenderBlock {DIV} at (0,34) size 800x102
        RenderBlock {DIV} at (0,0) size 602x102 [border: (1px solid #DDDDDD)]
          RenderBlock (floating) {SPAN} at (305,1) size 296x18
            RenderText {#text} at (0,0) size 296x18
              text run at (0,0) width 296: "the quick brown fox jumped over the lazy dog"
layer at (153,35) size 296x18
  RenderBlock (positioned) {SPAN} at (153,35) size 296x18
    RenderText {#text} at (0,0) size 296x18
      text run at (0,0) width 296: "the quick brown fox jumped over the lazy dog"
