layer at (0,0) size 800x600
  RenderView at (0,0) size 800x600
layer at (402,0) size 398x600
  RenderBlock {HTML} at (0,0) size 398x600 [border: (10px solid #800000)]
    RenderBody {BODY} at (18,18) size 362x564 [border: (5px solid #000000)]
      RenderText {#text} at (10,5) size 341x550
        text run at (10,5) width 550: "\x{305B}\x{3063}\x{304B}\x{304F}\x{898B}\x{3064}\x{3051}\x{305F}\x{3059}\x{3070}\x{3089}\x{3057}\x{3044}\x{8A18}\x{4E8B}\x{304C}\x{3069}\x{3053}\x{306B}\x{3042}\x{3063}\x{305F}\x{304B}\x{5FD8}\x{308C}\x{3066}"
        text run at (42,5) width 550: "\x{3057}\x{307E}\x{3063}\x{305F}\x{7D4C}\x{9A13}\x{306F}\x{3042}\x{308A}\x{307E}\x{3059}\x{304B}\x{306A}\x{3089}\x{30BF}\x{30A4}\x{30C8}\x{30EB}\x{3068}\x{30A2}\x{30C9}\x{30EC}\x{30B9}\x{3060}\x{3051}\x{3067}"
        text run at (74,5) width 550: "\x{306A}\x{304F}\x{3001}\x{8A2A}\x{554F}\x{3057}\x{305F}\x{30A6}\x{30A7}\x{30D6}\x{30DA}\x{30FC}\x{30B8}\x{306E}\x{30B3}\x{30F3}\x{30C6}\x{30F3}\x{30C4}\x{304B}\x{3089}\x{3082}\x{691C}\x{7D22}\x{3059}\x{308B}"
        text run at (106,5) width 550: "\x{3053}\x{3068}\x{304C}\x{3067}\x{304D}\x{307E}\x{3059}\x{3002}\x{305B}\x{3063}\x{304B}\x{304F}\x{898B}\x{3064}\x{3051}\x{305F}\x{3059}\x{3070}\x{3089}\x{3057}\x{3044}\x{8A18}\x{4E8B}\x{304C}\x{3069}\x{3053}"
        text run at (138,5) width 536: "\x{306B}\x{3042}\x{3063}\x{305F}\x{304B}\x{5FD8}\x{308C}\x{3066}\x{3057}\x{307E}\x{3063}\x{305F}\x{7D4C}\x{9A13}\x{306F}\x{3042}\x{308A}\x{307E}\x{3059}\x{304B} \x{306A}\x{3089}\x{30BF}\x{30A4}\x{30C8}"
        text run at (170,5) width 550: "\x{30EB}\x{3068}\x{30A2}\x{30C9}\x{30EC}\x{30B9}\x{3060}\x{3051}\x{3067}\x{306A}\x{304F}\x{3001}\x{8A2A}\x{554F}\x{3057}\x{305F}\x{30A6}\x{30A7}\x{30D6}\x{30DA}\x{30FC}\x{30B8}\x{306E}\x{30B3}\x{30F3}\x{30C6}"
        text run at (202,5) width 550: "\x{30F3}\x{30C4}\x{304B}\x{3089}\x{3082}\x{691C}\x{7D22}\x{3059}\x{308B}\x{3053}\x{3068}\x{304C}\x{3067}\x{304D}\x{307E}\x{3059}\x{3002}\x{8A2A}\x{554F}\x{3057}\x{305F}\x{30A6}\x{30A7}\x{30D6}\x{30DA}\x{30FC}"
        text run at (234,5) width 550: "\x{30B8}\x{306E}\x{30B3}\x{30F3}\x{30C6}\x{30F3}\x{30C4}\x{304B}\x{3089}\x{3082}\x{691C}\x{7D22}\x{3059}\x{308B}\x{3053}\x{3068}\x{304C}\x{3067}\x{304D}\x{307E}\x{3059}\x{3002}\x{305B}\x{3063}\x{304B}\x{304F}"
        text run at (266,5) width 550: "\x{898B}\x{3064}\x{3051}\x{305F}\x{3059}\x{3070}\x{3089}\x{3057}\x{3044}\x{8A18}\x{4E8B}\x{304C}\x{3069}\x{3053}\x{306B}\x{3042}\x{3063}\x{305F}\x{304B}\x{5FD8}\x{308C}\x{3066}\x{3057}\x{307E}\x{3063}\x{305F}"
        text run at (298,5) width 536: "\x{7D4C}\x{9A13}\x{306F}\x{3042}\x{308A}\x{307E}\x{3059}\x{304B} \x{306A}\x{3089}\x{30BF}\x{30A4}\x{30C8}\x{30EB}\x{3068}\x{30A2}\x{30C9}\x{30EC}\x{30B9}\x{3060}\x{3051}\x{3067}\x{306A}\x{304F}\x{3001}"
        text run at (330,5) width 43: "\x{8A2A}\x{554F}"
selection start: position 9 of child 0 {#text} of body
selection end:   position 263 of child 0 {#text} of body
