layer at (0,0) size 800x600
  RenderView at (0,0) size 800x600
layer at (0,0) size 800x600
  RenderBlock {HTML} at (0,0) size 800x600
    RenderBody {BODY} at (0,0) size 800x600
      RenderIFrame {IFRAME} at (0,0) size 500x600
        layer at (0,0) size 500x600
          RenderView at (0,0) size 500x600
        layer at (0,0) size 500x600
          RenderBlock {HTML} at (0,0) size 500x600
            RenderBody {BODY} at (8,8) size 484x576
              RenderBlock {DIV} at (0,0) size 450x50
                RenderBlock (floating) {DIV} at (370,10) size 70x150 [bgcolor=#FFC0CB]
              RenderBlock {P} at (0,66) size 418x498 [border: (3px solid #800000)]
                RenderText {#text} at (6,6) size 354x108
                  text run at (6,6) width 354: "The chief difficulty Alice found at first was in"
                  text run at (6,24) width 98: "managing her "
                  text run at (103,24) width 257: "flamingo: she succeeded in getting its"
                  text run at (6,42) width 140: "body tucked away, "
                  text run at (145,42) width 215: "comfortably enough, under her"
                  text run at (6,60) width 220: "arm, with its legs hanging down, "
                  text run at (225,60) width 135: "but generally, just as"
                  text run at (6,78) width 270: "she had got its neck nicely straightened "
                  text run at (275,78) width 85: "out, and was"
                  text run at (6,96) width 354: "going to give the hedgehog a blow with its head, it"
                RenderInline {I} at (0,0) size 40x18
                  RenderText {#text} at (6,114) size 40x18
                    text run at (6,114) width 40: "would"
                RenderText {#text} at (45,114) size 406x72
                  text run at (45,114) width 325: " twist itself round and look up in her face, with "
                  text run at (369,114) width 43: "such a"
                  text run at (6,132) width 406: "puzzled expression that she could not help bursting out"
                  text run at (6,150) width 406: "laughing: and when she had got its head down, and was going"
                  text run at (6,168) width 17: "to "
                RenderText {#text} at (22,168) size 406x126
                  text run at (22,168) width 390: "begin again, it was very provoking to find that the hedgehog"
                  text run at (6,186) width 32: "had "
                  text run at (37,186) width 375: "unrolled itself, and was in the act of crawling away:"
                  text run at (6,204) width 76: "besides all "
                  text run at (81,204) width 331: "this, there was generally a ridge or furrow in the"
                  text run at (6,222) width 96: "way wherever "
                  text run at (101,222) width 311: "she wanted to send the hedgehog to, and, as the"
                  text run at (6,240) width 78: "doubled-up "
                  text run at (83,240) width 329: "soldiers were always getting up and walking off to"
                  text run at (6,258) width 96: "other parts of "
                  text run at (101,258) width 311: "the ground, Alice soon came to the conclusion"
                  text run at (41,276) width 114: "that it was a very "
                RenderBlock (floating) {SPAN} at (6,279) size 32x65 [bgcolor=#ADD8E6]
                RenderText {#text} at (154,276) size 141x18
                  text run at (154,276) width 141: "difficult game indeed."
                RenderBR {BR} at (294,276) size 1x18
                RenderText {#text} at (41,294) size 302x18
                  text run at (41,294) width 302: "The players all played at once without waiting "
                RenderBlock (floating) {SPAN} at (364,297) size 48x81 [bgcolor=#90EE90]
                RenderText {#text} at (342,294) size 320x54
                  text run at (342,294) width 19: "for"
                  text run at (41,312) width 43: "turns, "
                  text run at (83,312) width 278: "quarrelling all the while, and fighting for"
                  text run at (41,330) width 167: "the hedgehogs; and in "
                  text run at (207,330) width 135: "a very short time "
                RenderInline {SPAN} at (0,0) size 355x36
                  RenderText {#text} at (341,330) size 355x36
                    text run at (341,330) width 20: "the"
                    text run at (6,348) width 42: "Queen"
                RenderText {#text} at (47,348) size 355x54
                  text run at (47,348) width 256: " was in a furious passion, and went "
                  text run at (302,348) width 59: "stamping"
                  text run at (6,366) width 355: "about, and shouting \x{2018}Off with his head!\x{2019} or \x{2018}Off with"
                  text run at (6,384) width 218: "her head!\x{2019} about once in a minute."
                RenderBR {BR} at (223,384) size 1x18
                RenderText {#text} at (6,402) size 406x90
                  text run at (6,402) width 387: "Alice began to feel very uneasy: to be sure, she had not as "
                  text run at (392,402) width 20: "yet"
                  text run at (6,420) width 406: "had any dispute with the Queen, but she knew that it might"
                  text run at (6,438) width 406: "happen any minute, \x{2018}and then,\x{2019} thought she, \x{2018}what would"
                  text run at (6,456) width 76: "become of "
                  text run at (81,456) width 331: "me? They\x{2019}re dreadfully fond of beheading people"
                  text run at (6,474) width 96: "here; the great "
                  text run at (101,474) width 268: "wonder is, that there\x{2018}s any one left alive!\x{2019}"
      RenderText {#text} at (0,0) size 0x0
