layer at (0,0) size 800x600
  RenderView at (0,0) size 800x600
layer at (0,0) size 800x286
  RenderBlock {HTML} at (0,0) size 800x286
    RenderBody {BODY} at (8,16) size 784x262
      RenderBlock {P} at (0,0) size 784x36
        RenderText {#text} at (0,0) size 108x18
          text run at (0,0) width 108: "This is a test for "
        RenderInline {I} at (0,0) size 757x36
          RenderInline {A} at (0,0) size 353x18 [color=#0000EE]
            RenderText {#text} at (107,0) size 353x18
              text run at (107,0) width 353: "http://bugzilla.opendarwin.org/show_bug.cgi?id=9669"
          RenderText {#text} at (459,0) size 757x36
            text run at (459,0) width 5: " "
            text run at (463,0) width 294: "Incomplete repaint when changing an inline's"
            text run at (0,18) width 43: "border"
        RenderText {#text} at (42,18) size 5x18
          text run at (42,18) width 5: "."
      RenderBlock {HR} at (0,52) size 784x2 [border: (1px inset #000000)]
      RenderBlock {DIV} at (0,62) size 200x200
        RenderText {#text} at (0,0) size 198x54
          text run at (0,0) width 131: "Cras faucibus. Nunc"
          text run at (0,18) width 198: "adipiscing, enim in scelerisque"
          text run at (0,36) width 66: "convallis, "
          text run at (65,36) width 43: "augue "
        RenderInline {SPAN} at (0,0) size 37x48 [border: (30px solid #0000FF) none]
          RenderText {#text} at (107,36) size 37x18
            text run at (107,36) width 37: "purus"
        RenderText {#text} at (143,36) size 200x90
          text run at (143,36) width 57: " eleifend"
          text run at (0,54) width 156: "lacus, at sagittis eros leo"
          text run at (0,72) width 140: "pulvinar velit. Integer"
          text run at (0,90) width 197: "sollicitudin nisi ut urna blandit"
          text run at (0,108) width 62: "convallis."
