layer at (0,0) size 800x600
  RenderView at (0,0) size 800x600
layer at (0,0) size 800x600
  RenderBlock {HTML} at (0,0) size 800x600
    RenderBody {BODY} at (8,8) size 784x584
layer at (8,8) size 100x100 scrollX 58 scrollWidth 161
  RenderBlock {DIV} at (0,0) size 100x100
    RenderText {#text} at (0,0) size 161x18
      text run at (0,0) width 161: "                         PASS     ."
