layer at (0,0) size 800x600
  RenderView at (0,0) size 800x600
layer at (0,0) size 800x600
  RenderBlock {HTML} at (0,0) size 800x600
    RenderBody {BODY} at (0,0) size 800x600
      RenderIFrame {IFRAME} at (0,0) size 500x600
        layer at (0,0) size 485x606
          RenderView at (0,0) size 485x600
        layer at (0,0) size 485x606
          RenderBlock {HTML} at (0,0) size 485x606
            RenderBody {BODY} at (8,8) size 469x582
              RenderBlock {DIV} at (0,0) size 450x50
                RenderBlock (floating) {DIV} at (370,10) size 70x150 [bgcolor=#FFC0CB]
              RenderBlock {P} at (0,66) size 418x516 [border: (3px solid #800000)]
                RenderText {#text} at (6,6) size 354x108
                  text run at (6,6) width 354: "The chief difficulty Alice found at first was in"
                  text run at (6,24) width 98: "managing her "
                  text run at (103,24) width 257: "flamingo: she succeeded in getting its"
                  text run at (6,42) width 140: "body tucked away, "
                  text run at (145,42) width 215: "comfortably enough, under her"
                  text run at (6,60) width 220: "arm, with its legs hanging down, "
                  text run at (225,60) width 135: "but generally, just as"
                  text run at (6,78) width 270: "she had got its neck nicely straightened "
                  text run at (275,78) width 85: "out, and was"
                  text run at (6,96) width 354: "going to give the hedgehog a blow with its head, it"
                RenderInline {I} at (0,0) size 40x18
                  RenderText {#text} at (6,114) size 40x18
                    text run at (6,114) width 40: "would"
                RenderText {#text} at (45,114) size 406x72
                  text run at (45,114) width 325: " twist itself round and look up in her face, with "
                  text run at (369,114) width 43: "such a"
                  text run at (6,132) width 406: "puzzled expression that she could not help bursting out"
                  text run at (6,150) width 406: "laughing: and when she had got its head down, and was going"
                  text run at (6,168) width 19: "to "
                RenderBlock (floating) {SPAN} at (364,171) size 48x49 [bgcolor=#FFFFE0]
                RenderText {#text} at (24,168) size 406x126
                  text run at (24,168) width 337: "begin again, it was very provoking to find that the"
                  text run at (6,186) width 101: "hedgehog had "
                  text run at (106,186) width 255: "unrolled itself, and was in the act of"
                  text run at (6,204) width 181: "crawling away: besides all "
                  text run at (186,204) width 175: "this, there was generally a"
                  text run at (6,222) width 252: "ridge or furrow in the way wherever "
                  text run at (257,222) width 155: "she wanted to send the"
                  text run at (6,240) width 264: "hedgehog to, and, as the doubled-up "
                  text run at (269,240) width 143: "soldiers were always"
                  text run at (6,258) width 292: "getting up and walking off to other parts of "
                  text run at (297,258) width 115: "the ground, Alice"
                  text run at (57,276) width 305: "soon came to the conclusion that it was a very "
                RenderBlock (floating) {SPAN} at (6,279) size 48x65 [bgcolor=#ADD8E6]
                RenderText {#text} at (361,276) size 355x36
                  text run at (361,276) width 51: "difficult"
                  text run at (57,294) width 86: "game indeed."
                RenderBR {BR} at (142,294) size 1x18
                RenderText {#text} at (57,312) size 304x18
                  text run at (57,312) width 304: "The players all played at once without waiting"
                RenderBlock (floating) {SPAN} at (364,315) size 48x81 [bgcolor=#90EE90]
                RenderText {#text} at (57,330) size 355x36
                  text run at (57,330) width 64: "for turns, "
                  text run at (120,330) width 241: "quarrelling all the while, and fighting"
                  text run at (6,348) width 173: "for the hedgehogs; and in "
                  text run at (178,348) width 117: "a very short time "
                RenderInline {SPAN} at (0,0) size 67x18
                  RenderText {#text} at (294,348) size 67x18
                    text run at (294,348) width 67: "the Queen"
                RenderText {#text} at (6,366) size 355x54
                  text run at (6,366) width 226: "was in a furious passion, and went "
                  text run at (231,366) width 130: "stamping about, and"
                  text run at (6,384) width 288: "shouting \x{2018}Off with his head!\x{2019} or \x{2018}Off with "
                  text run at (293,384) width 68: "her head!\x{2019}"
                  text run at (6,402) width 150: "about once in a minute."
                RenderBR {BR} at (155,402) size 1x18
                RenderText {#text} at (6,420) size 406x90
                  text run at (6,420) width 387: "Alice began to feel very uneasy: to be sure, she had not as "
                  text run at (392,420) width 20: "yet"
                  text run at (6,438) width 406: "had any dispute with the Queen, but she knew that it might"
                  text run at (6,456) width 406: "happen any minute, \x{2018}and then,\x{2019} thought she, \x{2018}what would"
                  text run at (6,474) width 76: "become of "
                  text run at (81,474) width 331: "me? They\x{2019}re dreadfully fond of beheading people"
                  text run at (6,492) width 96: "here; the great "
                  text run at (101,492) width 268: "wonder is, that there\x{2018}s any one left alive!\x{2019}"
      RenderText {#text} at (0,0) size 0x0
