layer at (0,0) size 800x600
  RenderView at (0,0) size 800x600
layer at (0,0) size 800x600
  RenderBlock {HTML} at (0,0) size 800x600
    RenderBody {BODY} at (8,8) size 784x576
      RenderBlock {P} at (0,0) size 784x36
        RenderText {#text} at (0,0) size 108x18
          text run at (0,0) width 108: "This is a test for "
        RenderInline {I} at (0,0) size 771x36
          RenderInline {A} at (0,0) size 305x18 [color=#0000EE]
            RenderText {#text} at (107,0) size 305x18
              text run at (107,0) width 305: "http://bugs.webkit.org/show_bug.cgi?id=13209"
          RenderText {#text} at (411,0) size 771x36
            text run at (411,0) width 5: " "
            text run at (415,0) width 356: "REGRESSION (r18756-18765): Incomplete list marker"
            text run at (0,18) width 193: "repaint when resizing list item"
        RenderText {#text} at (192,18) size 5x18
          text run at (192,18) width 5: "."
      RenderBlock {P} at (0,52) size 784x18
        RenderText {#text} at (0,0) size 429x18
          text run at (0,0) width 429: "There should be only one bullet, at the bottom left of the rectangle."
      RenderBlock {UL} at (0,86) size 784x104
        RenderListItem {LI} at (40,0) size 744x104
          RenderListMarker at (-17,86) size 7x18: bullet
          RenderImage {IMG} at (0,0) size 100x100
