layer at (0,0) size 800x600
  RenderView at (0,0) size 800x600
layer at (0,0) size 800x600
  RenderBlock {HTML} at (0,0) size 800x600
    RenderBody {BODY} at (8,8) size 784x584
      RenderBlock {P} at (0,0) size 784x36
        RenderText {#text} at (0,0) size 103x18
          text run at (0,0) width 103: "Repaint test for "
        RenderInline {I} at (0,0) size 777x36
          RenderInline {A} at (0,0) size 306x18 [color=#0000EE]
            RenderText {#text} at (102,0) size 306x18
              text run at (102,0) width 306: "http://bugs.webkit.org/show_bug.cgi?id=15838"
          RenderText {#text} at (407,0) size 777x36
            text run at (407,0) width 370: " Incomplete repaint toggling \"How you know this person\""
            text run at (0,18) width 84: "on Facebook"
        RenderText {#text} at (83,18) size 5x18
          text run at (83,18) width 5: "."
      RenderBlock {DIV} at (0,52) size 784x262
        RenderBlock (anonymous) at (0,0) size 784x90
          RenderText {#text} at (0,0) size 40x18
            text run at (0,0) width 40: "Word,"
          RenderBR {BR} at (39,0) size 1x18
          RenderText {#text} at (0,18) size 44x18
            text run at (0,18) width 44: "words,"
          RenderBR {BR} at (43,18) size 1x18
          RenderText {#text} at (0,36) size 80x18
            text run at (0,36) width 80: "more words."
          RenderBR {BR} at (79,36) size 1x18
          RenderText {#text} at (0,54) size 45x18
            text run at (0,54) width 45: "I could"
          RenderBR {BR} at (44,54) size 1x18
          RenderText {#text} at (0,72) size 80x18
            text run at (0,72) width 80: "write a book"
          RenderBR {BR} at (79,72) size 1x18
        RenderBlock {DIV} at (0,90) size 10x100 [bgcolor=#FFFF00]
        RenderBlock (anonymous) at (0,190) size 784x72
          RenderText {#text} at (0,0) size 113x18
            text run at (0,0) width 113: "about all the stuff"
          RenderBR {BR} at (112,0) size 1x18
          RenderText {#text} at (0,18) size 69x18
            text run at (0,18) width 69: "that comes"
          RenderBR {BR} at (68,18) size 1x18
          RenderText {#text} at (0,36) size 30x18
            text run at (0,36) width 30: "after"
          RenderBR {BR} at (29,36) size 1x18
          RenderText {#text} at (0,54) size 64x18
            text run at (0,54) width 64: "the break."
