layer at (0,0) size 800x600
  RenderView at (0,0) size 800x600
layer at (0,0) size 800x600
  RenderBlock {HTML} at (0,0) size 800x600
    RenderBody {BODY} at (8,8) size 784x584
      RenderBlock (anonymous) at (0,0) size 784x36
        RenderText {#text} at (0,0) size 776x36
          text run at (0,0) width 594: "If the red outline at the bottom of the div extends all the way to the scrollbar, the test passes. "
          text run at (593,0) width 183: "If it stops short, then the test"
          text run at (0,18) width 325: "has failed, and an incomplete repaint has occurred."
layer at (8,44) size 80x69 clip at (8,44) size 65x54 scrollY 91 scrollWidth 66 scrollHeight 198
  RenderBlock {DIV} at (0,36) size 80x69
    RenderBR {BR} at (0,0) size 0x18
    RenderBR {BR} at (0,18) size 0x18
    RenderBR {BR} at (0,36) size 0x18
    RenderBR {BR} at (0,54) size 0x18
    RenderBR {BR} at (0,72) size 0x18
    RenderBR {BR} at (0,90) size 0x18
    RenderBR {BR} at (0,108) size 0x18
    RenderBR {BR} at (0,126) size 0x18
    RenderBR {BR} at (0,144) size 0x18
    RenderInline {SPAN} at (0,0) size 66x36
      RenderText {#text} at (0,162) size 66x36
        text run at (0,162) width 66: "Excellent!"
        text run at (0,180) width 27: "Test"
    RenderText {#text} at (0,0) size 0x0
