layer at (0,0) size 800x600
  RenderView at (0,0) size 800x600
layer at (0,0) size 800x600
  RenderBlock {HTML} at (0,0) size 800x600
    RenderBody {BODY} at (8,8) size 784x584
      RenderBlock {P} at (0,0) size 784x36
        RenderText {#text} at (0,0) size 156x18
          text run at (0,0) width 156: "This is a repaint test for "
        RenderInline {I} at (0,0) size 763x36
          RenderInline {A} at (0,0) size 305x18 [color=#0000EE]
            RenderText {#text} at (155,0) size 305x18
              text run at (155,0) width 305: "http://bugs.webkit.org/show_bug.cgi?id=11277"
          RenderText {#text} at (459,0) size 763x36
            text run at (459,0) width 5: " "
            text run at (463,0) width 300: "REGRESSION: Incomplete repaint of overflow"
            text run at (0,18) width 129: "areas when deleting"
        RenderText {#text} at (128,18) size 5x18
          text run at (128,18) width 5: "."
      RenderBlock {HR} at (0,52) size 784x2 [border: (1px inset #000000)]
layer at (8,70) size 80x36
  RenderBlock {DIV} at (0,62) size 80x36
    RenderText {#text} at (0,0) size 74x18
      text run at (0,0) width 74: "Lorem ipsu"
