CONSOLE MESSAGE: here
layer at (0,0) size 800x600
  RenderView at (0,0) size 800x600
layer at (0,0) size 800x8
  RenderBlock {HTML} at (0,0) size 800x8
    RenderBody {BODY} at (8,8) size 784x0
layer at (293,130) size 150x100
  RenderBlock (positioned) {DIV} at (285,10) size 150x100 [bgcolor=#808080] [border: (1px solid #000000)]
    RenderBlock {P} at (11,27) size 128x72 [color=#008000]
      RenderText {#text} at (10,0) size 128x72
        text run at (10,0) width 108: "The color of this"
        text run at (32,18) width 64: "text in the"
        text run at (0,36) width 128: "reflection should be"
        text run at (46,54) width 36: "green"
layer at (218,240) size 150x100
  RenderBlock (positioned) {DIV} at (210,120) size 150x100 [bgcolor=#808080] [border: (1px solid #000000)]
    RenderBlock {P} at (11,27) size 128x72 [color=#008000]
      RenderText {#text} at (10,0) size 128x72
        text run at (10,0) width 108: "The color of this"
        text run at (32,18) width 64: "text in the"
        text run at (0,36) width 128: "reflection should be"
        text run at (46,54) width 36: "green"
layer at (368,240) size 150x100
  RenderBlock (positioned) {DIV} at (360,120) size 150x100 [bgcolor=#808080] [border: (1px solid #000000)]
    RenderBlock {P} at (11,27) size 128x72 [color=#008000]
      RenderText {#text} at (10,0) size 128x72
        text run at (10,0) width 108: "The color of this"
        text run at (32,18) width 64: "text in the"
        text run at (0,36) width 128: "reflection should be"
        text run at (46,54) width 36: "green"
layer at (293,350) size 150x100
  RenderBlock (positioned) {DIV} at (285,230) size 150x100 [bgcolor=#808080] [border: (1px solid #000000)]
    RenderBlock {P} at (11,27) size 128x72 [color=#008000]
      RenderText {#text} at (10,0) size 128x72
        text run at (10,0) width 108: "The color of this"
        text run at (32,18) width 64: "text in the"
        text run at (0,36) width 128: "reflection should be"
        text run at (46,54) width 36: "green"
