layer at (0,0) size 800x600
  RenderView at (0,0) size 800x600
layer at (0,0) size 800x264
  RenderBlock {HTML} at (0,0) size 800x264
    RenderBody {BODY} at (8,16) size 784x240
      RenderBlock {P} at (0,0) size 784x18
        RenderInline {B} at (0,0) size 62x18
          RenderText {#text} at (0,0) size 62x18
            text run at (0,0) width 62: "BUG ID:"
        RenderText {#text} at (61,0) size 5x18
          text run at (61,0) width 5: " "
        RenderInline {A} at (0,0) size 119x18 [color=#0000EE]
          RenderText {#text} at (65,0) size 119x18
            text run at (65,0) width 119: "Bugzilla bug 6770"
        RenderText {#text} at (183,0) size 443x18
          text run at (183,0) width 443: " REGRESSION: Incomplete repaint when block with clipping grows"
      RenderBlock {P} at (0,34) size 784x42 [bgcolor=#98FB98]
        RenderInline {B} at (0,0) size 88x18
          RenderText {#text} at (3,3) size 88x18
            text run at (3,3) width 88: "TEST PASS:"
        RenderText {#text} at (90,3) size 754x36
          text run at (90,3) width 5: " "
          text run at (94,3) width 663: "There should be a white square with a blue border below, and no line running through the middle of the"
          text run at (3,21) width 46: "square."
      RenderBlock {P} at (0,92) size 784x24 [bgcolor=#FF3300]
        RenderInline {B} at (0,0) size 88x18
          RenderText {#text} at (3,3) size 88x18
            text run at (3,3) width 88: "TEST FAIL:"
        RenderText {#text} at (90,3) size 612x18
          text run at (90,3) width 5: " "
          text run at (94,3) width 608: "The white square will have a blue border and a blue horizontal line running through its middle."
layer at (8,148) size 784x108
  RenderBlock {DIV} at (0,132) size 784x108
    RenderBlock {DIV} at (0,0) size 108x108 [border: (4px solid #0000FF)]
      RenderBlock {DIV} at (124,4) size 10x100
