layer at (0,0) size 800x600
  RenderView at (0,0) size 800x600
layer at (0,0) size 800x312
  RenderBlock {HTML} at (0,0) size 800x312
    RenderBody {BODY} at (8,16) size 784x288
      RenderBlock {P} at (0,0) size 784x36
        RenderText {#text} at (0,0) size 54x18
          text run at (0,0) width 54: "Test for "
        RenderInline {A} at (0,0) size 310x18 [color=#0000EE]
          RenderText {#text} at (53,0) size 310x18
            text run at (53,0) width 310: "https://bugs.webkit.org/show_bug.cgi?id=22472"
        RenderText {#text} at (362,0) size 5x18
          text run at (362,0) width 5: " "
        RenderInline {I} at (0,0) size 748x36
          RenderText {#text} at (366,0) size 748x36
            text run at (366,0) width 382: "Selection is not completely erased when a replaced element"
            text run at (0,18) width 40: "moves"
        RenderText {#text} at (0,0) size 0x0
      RenderBlock (anonymous) at (0,52) size 784x236
        RenderText {#text} at (0,0) size 0x0
layer at (8,68) size 214x232
  RenderImage {IMG} at (0,0) size 214x232
selection start: position 0 of child 3 {IMG} of body
selection end:   position 1 of child 3 {IMG} of body
