layer at (0,0) size 800x600
  RenderView at (0,0) size 800x600
layer at (0,0) size 800x600
  RenderBlock {HTML} at (0,0) size 800x600
    RenderBody {BODY} at (8,8) size 784x584
      RenderBlock {P} at (0,0) size 784x18
        RenderText {#text} at (0,0) size 54x18
          text run at (0,0) width 54: "Test for "
        RenderInline {I} at (0,0) size 712x18
          RenderInline {A} at (0,0) size 312x18 [color=#0000EE]
            RenderText {#text} at (53,0) size 312x18
              text run at (53,0) width 312: "https://bugs.webkit.org/show_bug.cgi?id=34946"
          RenderText {#text} at (364,0) size 401x18
            text run at (364,0) width 5: " "
            text run at (368,0) width 397: "REGRESSION: Selection painting issue in bug review textbox"
        RenderText {#text} at (764,0) size 5x18
          text run at (764,0) width 5: "."
layer at (13,42) size 126x126 clip at (16,45) size 105x120 scrollY 36 scrollHeight 156
  RenderBlock {DIV} at (5,34) size 126x126 [border: (3px solid #000000)]
    RenderBlock {DIV} at (13,13) size 85x100
    RenderBlock (anonymous) at (13,113) size 85x36
      RenderBlock {DIV} at (0,0) size 94x36
        RenderInline {SPAN} at (0,0) size 43x36
          RenderText {#text} at (0,0) size 43x18
            text run at (0,0) width 43: "Lorem"
          RenderBR {BR} at (42,0) size 1x18
          RenderText {#text} at (0,18) size 40x18
            text run at (0,18) width 40: "ipsum"
      RenderText {#text} at (0,0) size 0x0
