layer at (0,0) size 800x600
  RenderView at (0,0) size 800x600
layer at (0,0) size 800x600
  RenderBlock {HTML} at (0,0) size 800x600
    RenderBody {BODY} at (8,8) size 784x584
      RenderBlock {P} at (0,0) size 784x36
        RenderText {#text} at (0,0) size 54x18
          text run at (0,0) width 54: "Test for "
        RenderInline {I} at (0,0) size 766x36
          RenderInline {A} at (0,0) size 305x18 [color=#0000EE]
            RenderText {#text} at (53,0) size 305x18
              text run at (53,0) width 305: "http://bugs.webkit.org/show_bug.cgi?id=12590"
          RenderText {#text} at (357,0) size 766x36
            text run at (357,0) width 5: " "
            text run at (361,0) width 405: "REGRESSION: Text selection is weird in textareas in Trac wiki"
            text run at (0,18) width 86: "editing pages"
        RenderText {#text} at (85,18) size 5x18
          text run at (85,18) width 5: "."
layer at (13,60) size 126x126 clip at (16,63) size 105x120 scrollY 36 scrollHeight 156
  RenderBlock {DIV} at (5,52) size 126x126 [border: (3px solid #000000)]
    RenderBlock {DIV} at (13,13) size 85x100
    RenderBlock (anonymous) at (13,113) size 85x36
      RenderInline {SPAN} at (0,0) size 43x36
        RenderText {#text} at (0,0) size 43x18
          text run at (0,0) width 43: "Lorem"
        RenderBR {BR} at (42,0) size 1x18
        RenderText {#text} at (0,18) size 40x18
          text run at (0,18) width 40: "ipsum"
      RenderText {#text} at (0,0) size 0x0
