layer at (0,0) size 800x600
  RenderView at (0,0) size 800x600
layer at (0,0) size 800x600
  RenderBlock {HTML} at (0,0) size 800x600
    RenderBody {BODY} at (0,0) size 800x600
      RenderBlock {P} at (0,0) size 800x18
        RenderText {#text} at (0,0) size 227x18
          text run at (0,0) width 227: "This is a test for regression against "
        RenderInline {A} at (0,0) size 310x18 [color=#0000EE]
          RenderText {#text} at (226,0) size 310x18
            text run at (226,0) width 310: "https://bugs.webkit.org/show_bug.cgi?id=49790"
      RenderBlock (anonymous) at (0,34) size 800x61
        RenderListBox {SELECT} at (2,2) size 25x57 [bgcolor=#FFFFFF] [border: (1px inset #808080)]
        RenderText {#text} at (0,0) size 0x0
