layer at (0,0) size 800x600
  RenderView at (0,0) size 800x600
layer at (0,0) size 800x433
  RenderBlock {HTML} at (0,0) size 800x434
    RenderBody {BODY} at (8,20) size 784x314
      RenderBlock {DIV} at (20,0) size 744x114
        RenderInline {SPAN} at (0,0) size 363x57
          RenderText {#text} at (0,0) size 363x57
            text run at (0,0) width 363: "      multiple    "
        RenderText {#text} at (0,0) size 723x114
          text run at (362,0) width 361: "     shadows    "
          text run at (0,56) width 16: " "
      RenderBlock {DIV} at (100,213) size 100x101
