layer at (0,0) size 800x600
  RenderView at (0,0) size 800x600
layer at (0,0) size 800x600
  RenderBlock {HTML} at (0,0) size 800x600
    RenderBody {BODY} at (8,10) size 784x580
      RenderTable {TABLE} at (0,0) size 97x76 [border: (4px solid #008000)]
        RenderTableSection {TBODY} at (4,4) size 89x68
          RenderTableRow {TR} at (0,0) size 89x24
            RenderTableCell {TD} at (0,9) size 6x6 [border: (4px none #000000)] [r=0 c=0 rs=1 cs=1]
            RenderTableCell {TD} at (6,0) size 83x24 [border: (4px none #000000)] [r=0 c=1 rs=1 cs=1]
              RenderText {#text} at (1,5) size 43x18
                text run at (1,5) width 43: "Lorem"
          RenderTableRow {TR} at (0,24) size 89x20
            RenderTableCell {TD} at (0,33) size 6x2 [border: none] [r=1 c=0 rs=1 cs=1]
            RenderTableCell {TD} at (6,24) size 83x20 [border: none] [r=1 c=1 rs=1 cs=1]
              RenderText {#text} at (1,1) size 77x18
                text run at (1,1) width 77: "ipsum dolor"
          RenderTableRow {TR} at (0,44) size 89x24
            RenderTableCell {TD} at (0,53) size 6x6 [border: none] [r=2 c=0 rs=1 cs=1]
            RenderTableCell {TD} at (6,44) size 83x24 [border: none] [r=2 c=1 rs=1 cs=1]
              RenderText {#text} at (1,1) size 51x18
                text run at (1,1) width 51: "sit amet"
      RenderTable {TABLE} at (0,86) size 75x76 [border: (4px solid #000000)]
        RenderTableSection {TBODY} at (4,4) size 67x68
          RenderTableRow {TR} at (0,0) size 67x24
            RenderTableCell {TD} at (0,9) size 10x6 [border: (4px none #000000)] [r=0 c=0 rs=1 cs=1]
            RenderTableCell {TD} at (10,0) size 57x24 [border: (4px none #000000)] [r=0 c=1 rs=1 cs=1]
              RenderText {#text} at (1,5) size 43x18
                text run at (1,5) width 43: "Lorem"
          RenderTableRow {TR} at (0,24) size 67x20
            RenderTableCell {TD} at (0,24) size 10x20 [border: none] [r=1 c=0 rs=1 cs=1]
              RenderText {#text} at (5,1) size 4x18
                text run at (5,1) width 4: " "
          RenderTableRow {TR} at (0,44) size 67x24
            RenderTableCell {TD} at (0,53) size 10x6 [border: none] [r=2 c=0 rs=1 cs=1]
            RenderTableCell {TD} at (10,44) size 57x24 [border: none] [r=2 c=1 rs=1 cs=1]
              RenderText {#text} at (1,1) size 51x18
                text run at (1,1) width 51: "sit amet"
      RenderTable {TABLE} at (0,172) size 110x76 [border: (4px solid #000000)]
        RenderTableSection {TBODY} at (4,4) size 102x68
          RenderTableRow {TR} at (0,0) size 102x24
            RenderTableCell {TD} at (0,9) size 10x6 [border: (4px none #000000)] [r=0 c=0 rs=1 cs=1]
            RenderTableCell {TD} at (10,0) size 92x24 [border: (4px none #000000)] [r=0 c=1 rs=1 cs=1]
              RenderText {#text} at (1,5) size 86x18
                text run at (1,5) width 86: "Lorem ipsum"
          RenderTableRow {TR} at (0,24) size 102x20
            RenderTableCell {TD} at (0,24) size 10x20 [border: none] [r=1 c=0 rs=1 cs=1]
              RenderText {#text} at (5,1) size 4x18
                text run at (5,1) width 4: " "
          RenderTableRow {TR} at (0,44) size 102x24
            RenderTableCell {TD} at (0,53) size 10x6 [border: none] [r=2 c=0 rs=1 cs=1]
            RenderTableCell {TD} at (10,44) size 92x24 [border: none] [r=2 c=1 rs=1 cs=1]
              RenderText {#text} at (1,1) size 51x18
                text run at (1,1) width 51: "sit amet"
      RenderTable {TABLE} at (0,258) size 101x76 [border: (4px solid #000000)]
        RenderTableSection {TBODY} at (4,4) size 93x68
          RenderTableRow {TR} at (0,0) size 93x24
            RenderTableCell {TD} at (0,9) size 10x6 [border: (4px none #000000)] [r=0 c=0 rs=1 cs=1]
            RenderTableCell {TD} at (10,0) size 83x24 [border: (4px none #000000)] [r=0 c=1 rs=1 cs=1]
              RenderText {#text} at (1,5) size 43x18
                text run at (1,5) width 43: "Lorem"
          RenderTableRow {TR} at (0,24) size 93x20
            RenderTableCell {TD} at (0,24) size 10x20 [border: none] [r=1 c=0 rs=1 cs=1]
              RenderText {#text} at (5,1) size 4x18
                text run at (5,1) width 4: " "
            RenderTableCell {TD} at (10,24) size 83x20 [border: none] [r=1 c=1 rs=1 cs=1]
              RenderText {#text} at (1,1) size 77x18
                text run at (1,1) width 77: "ipsum dolor"
          RenderTableRow {TR} at (0,44) size 93x24
            RenderTableCell {TD} at (0,53) size 10x6 [border: none] [r=2 c=0 rs=1 cs=1]
            RenderTableCell {TD} at (10,44) size 83x24 [border: none] [r=2 c=1 rs=1 cs=1]
              RenderText {#text} at (1,1) size 51x18
                text run at (1,1) width 51: "sit amet"
