layer at (0,0) size 800x600
  RenderView at (0,0) size 800x600
layer at (0,0) size 800x116
  RenderBlock {HTML} at (0,0) size 800x116
    RenderBody {BODY} at (8,8) size 784x100
layer at (8,8) size 784x100 scrollY 62 scrollHeight 162
  RenderBlock {DIV} at (0,0) size 784x100
    RenderBR {BR} at (0,0) size 0x18
    RenderBR {BR} at (0,18) size 0x18
    RenderBR {BR} at (0,36) size 0x18
    RenderBR {BR} at (0,54) size 0x18
    RenderInline {SPAN} at (0,0) size 199x18 [bgcolor=#008000]
      RenderText {#text} at (0,72) size 199x18
        text run at (0,72) width 199: "Should have green background"
    RenderBR {BR} at (198,72) size 1x18
    RenderBR {BR} at (0,90) size 0x18
    RenderBR {BR} at (0,108) size 0x18
    RenderBR {BR} at (0,126) size 0x18
    RenderBR {BR} at (0,144) size 0x18
