layer at (0,0) size 800x600
  RenderView at (0,0) size 800x600
layer at (0,0) size 800x600
  RenderBlock {HTML} at (0,0) size 800x600
    RenderBody {BODY} at (8,8) size 784x576
      RenderBlock {P} at (0,0) size 784x18
        RenderText {#text} at (0,0) size 54x18
          text run at (0,0) width 54: "Test for "
        RenderInline {I} at (0,0) size 537x18
          RenderInline {A} at (0,0) size 156x18 [color=#0000EE]
            RenderText {#text} at (53,0) size 156x18
              text run at (53,0) width 156: "rdar://problem/6771547"
          RenderText {#text} at (208,0) size 382x18
            text run at (208,0) width 382: " Appending to a RenderText causes all its lines to be dirtied"
        RenderText {#text} at (589,0) size 5x18
          text run at (589,0) width 5: "."
      RenderBlock {P} at (0,34) size 784x126
        RenderText {#text} at (0,0) size 775x126
          text run at (0,0) width 765: "Lorem ipsum dolor sit amet, consectetur adipiscing elit. Suspendisse placerat. Morbi tristique. Mauris eu lacus sed felis"
          text run at (0,18) width 766: "pellentesque cursus. Proin vitae nulla. Vivamus in ipsum. Etiam mi. Nam malesuada purus in sem. Sed eget elit vel erat"
          text run at (0,36) width 771: "laoreet feugiat. Phasellus mollis pulvinar mi. Etiam ut neque sed eros egestas laoreet. Vestibulum ullamcorper, nulla non"
          text run at (0,54) width 728: "feugiat molestie, mi lorem bibendum leo, ac gravida orci nunc nec nulla. Nunc nunc lorem, rhoncus et, rutrum ac,"
          text run at (0,72) width 758: "fermentum ut, tortor. Sed rhoncus. Quisque enim metus, luctus tincidunt, vestibulum eu, vestibulum eu, libero. Mauris"
          text run at (0,90) width 775: "sagittis aliquam nunc. Nullam pharetra molestie eros. Donec tempus purus ut ligula. Phasellus non nisl. Etiam eu mauris."
          text run at (0,108) width 109: "Curabitur a velit."
