layer at (0,0) size 800x600
  RenderView at (0,0) size 800x600
layer at (0,0) size 800x600
  RenderBlock {HTML} at (0,0) size 800x600
    RenderBody {BODY} at (8,8) size 784x562
      RenderBlock {P} at (0,0) size 784x36
        RenderText {#text} at (0,0) size 177x18
          text run at (0,0) width 177: "This is a regression test for "
        RenderInline {I} at (0,0) size 721x36
          RenderInline {A} at (0,0) size 354x18 [color=#0000EE]
            RenderText {#text} at (176,0) size 354x18
              text run at (176,0) width 354: "http://bugzilla.opendarwin.org/show_bug.cgi?id=7301"
          RenderText {#text} at (529,0) size 721x36
            text run at (529,0) width 5: " "
            text run at (533,0) width 188: "Text shadow does not repaint"
            text run at (0,18) width 58: "correctly"
        RenderText {#text} at (57,18) size 5x18
          text run at (57,18) width 5: "."
      RenderBlock {HR} at (0,52) size 784x2 [border: (1px inset #000000)]
      RenderBlock {DIV} at (30,84) size 724x22
        RenderInline {SPAN} at (0,0) size 200x22 [bgcolor=#C0C0C0]
          RenderText {#text} at (0,0) size 200x22
            text run at (0,0) width 200: "Lorem ipsum dolor sit amet"
        RenderText {#text} at (0,0) size 0x0
      RenderBlock {DIV} at (30,136) size 724x22
        RenderInline {SPAN} at (0,0) size 200x22 [bgcolor=#C0C0C0]
          RenderText {#text} at (0,0) size 200x22
            text run at (0,0) width 200: "Lorem ipsum dolor sit amet"
        RenderText {#text} at (0,0) size 0x0
      RenderBlock {DIV} at (30,188) size 724x22
        RenderText {#text} at (0,3) size 90x18
          text run at (0,3) width 90: "Lorem ipsum "
        RenderInline {SPAN} at (0,0) size 100x22 [bgcolor=#C0C0C0]
          RenderText {#text} at (89,0) size 100x22
            text run at (89,0) width 100: "dolor sit amet"
        RenderText {#text} at (0,0) size 0x0
      RenderBlock {DIV} at (30,240) size 724x22
        RenderInline {SPAN} at (0,0) size 97x22 [bgcolor=#C0C0C0]
          RenderText {#text} at (0,0) size 97x22
            text run at (0,0) width 97: "Lorem ipsum"
        RenderText {#text} at (96,3) size 93x18
          text run at (96,3) width 93: " dolor sit amet"
