layer at (0,0) size 999x3016
  RenderView at (0,0) size 785x585
layer at (0,0) size 785x3016
  RenderBlock {HTML} at (0,0) size 785x3016
    RenderBody {BODY} at (8,8) size 769x3000
layer at (100,270) size 102x20
  RenderBlock (positioned) {DIV} at (0,0) size 102x20 [border: (1px solid #000000)]
    RenderText {#text} at (15,1) size 72x18
      text run at (15,1) width 72: "SUCCESS"
layer at (238,408) size 102x20
  RenderBlock (positioned) {DIV} at (0,0) size 102x20 [border: (1px solid #000000)]
    RenderText {#text} at (15,1) size 72x18
      text run at (15,1) width 72: "SUCCESS"
layer at (380,270) size 102x20
  RenderBlock (positioned) {DIV} at (0,0) size 102x20 [border: (1px solid #000000)]
    RenderText {#text} at (15,1) size 72x18
      text run at (15,1) width 72: "SUCCESS"
layer at (378,358) size 102x20
  RenderBlock (positioned) {DIV} at (0,0) size 102x20 [border: (1px solid #000000)]
    RenderText {#text} at (15,1) size 72x18
      text run at (15,1) width 72: "SUCCESS"
scrolled to 0,200
