layer at (0,0) size 800x600
  RenderView at (0,0) size 800x600
layer at (0,0) size 800x600
  RenderBlock {HTML} at (0,0) size 800x600
    RenderBody {BODY} at (8,8) size 784x584
      RenderBlock {DIV} at (0,0) size 10x43
        RenderText {#text} at (0,0) size 25x18
          text run at (0,0) width 25: "Foo"
        RenderImage {IMG} at (0,18) size 25x25
      RenderBlock {DIV} at (0,43) size 10x36
        RenderText {#text} at (0,0) size 25x18
          text run at (0,0) width 25: "Foo"
        RenderMenuList {SELECT} at (0,18) size 53x18 [bgcolor=#FFFFFF]
          RenderBlock (anonymous) at (0,0) size 53x18
            RenderText at (8,2) size 22x13
              text run at (8,2) width 22: "One"
      RenderBlock {DIV} at (0,79) size 10x37
        RenderText {#text} at (0,0) size 25x18
          text run at (0,0) width 25: "Foo"
        RenderTextControl {INPUT} at (0,18) size 147x19 [bgcolor=#FFFFFF] [border: (2px inset #808080)]
      RenderBlock {DIV} at (0,116) size 10x43
        RenderImage {IMG} at (0,0) size 25x25
        RenderText {#text} at (0,25) size 25x18
          text run at (0,25) width 25: "Foo"
      RenderBlock {DIV} at (0,159) size 10x36
        RenderMenuList {SELECT} at (0,0) size 53x18 [bgcolor=#FFFFFF]
          RenderBlock (anonymous) at (0,0) size 53x18
            RenderText at (8,2) size 22x13
              text run at (8,2) width 22: "One"
        RenderText {#text} at (0,18) size 25x18
          text run at (0,18) width 25: "Foo"
      RenderBlock {DIV} at (0,195) size 10x37
        RenderTextControl {INPUT} at (0,0) size 147x19 [bgcolor=#FFFFFF] [border: (2px inset #808080)]
        RenderText {#text} at (0,19) size 25x18
          text run at (0,19) width 25: "Foo"
layer at (11,108) size 141x13
  RenderBlock {DIV} at (3,3) size 141x13
layer at (11,206) size 141x13
  RenderBlock {DIV} at (3,3) size 141x13
