layer at (0,0) size 800x600
  RenderView at (0,0) size 800x600
layer at (0,0) size 800x409
  RenderBlock {html} at (0,0) size 800x409
    RenderBody {body} at (8,16) size 784x377
      RenderBlock {p} at (0,0) size 784x20
        RenderText {#text} at (0,0) size 412x19
          text run at (0,0) width 412: "There should be two identical blue squares below, and no scrollbars."
      RenderBlock {div} at (0,36) size 160x160 [bgcolor=#000080]
      RenderBlock {p} at (0,212) size 784x165
        RenderIFrame {iframe} at (0,0) size 160x160 [bgcolor=#FF0000]
          layer at (0,0) size 160x160
            RenderView at (0,0) size 160x160
          layer at (0,0) size 160x160
            RenderSVGRoot {svg} at (0,0) size 160x160
              RenderSVGRect {rect} at (0,0) size 160x160 [fill={[type=SOLID] [color=#000080]}] [x=0.00] [y=0.00] [width=160.00] [height=160.00]
