EDITING DELEGATE: shouldBeginEditingInDOMRange:range from 0 of DIV > BODY > HTML > #document to 5 of DIV > BODY > HTML > #document
EDITING DELEGATE: webViewDidBeginEditing:WebViewDidBeginEditingNotification
EDITING DELEGATE: webViewDidChangeSelection:WebViewDidChangeSelectionNotification
EDITING DELEGATE: webViewDidChangeSelection:WebViewDidChangeSelectionNotification
EDITING DELEGATE: webViewDidChangeSelection:WebViewDidChangeSelectionNotification
EDITING DELEGATE: shouldChangeSelectedDOMRange:range from 0 of #text > DIV > BODY > HTML > #document to 1 of #text > DIV > BODY > HTML > #document toDOMRange:range from 1 of #text > BLOCKQUOTE > DIV > BODY > HTML > #document to 35 of #text > BLOCKQUOTE > DIV > BODY > HTML > #document affinity:NSSelectionAffinityDownstream stillSelecting:FALSE
EDITING DELEGATE: webViewDidChangeSelection:WebViewDidChangeSelectionNotification
EDITING DELEGATE: webViewDidChange:WebViewDidChangeNotification
layer at (0,0) size 800x600
  RenderView at (0,0) size 800x600
layer at (0,0) size 800x600
  RenderBlock {HTML} at (0,0) size 800x600
    RenderBody {BODY} at (8,8) size 784x584
      RenderBlock {P} at (0,0) size 784x40
        RenderText {#text} at (0,0) size 763x39
          text run at (0,0) width 409: "This tests Indent on a selection that ends at the start of a paragraph. "
          text run at (409,0) width 354: "Since we don't paint the gap before the paragraph for most"
          text run at (0,20) width 521: "selections like this, we don't perform Indent on the paragraph that the selection ends in."
      RenderBlock {DIV} at (0,56) size 784x40
        RenderBlock {BLOCKQUOTE} at (40,0) size 744x20
          RenderText {#text} at (0,0) size 211x19
            text run at (0,0) width 211: "This paragraph should be indented."
        RenderBlock (anonymous) at (0,20) size 784x20
          RenderText {#text} at (0,0) size 234x19
            text run at (0,0) width 234: "This paragraph should not be indented."
          RenderBR {BR} at (234,0) size 0x19
selection start: position 1 of child 0 {#text} of child 0 {BLOCKQUOTE} of child 2 {DIV} of body
selection end:   position 35 of child 0 {#text} of child 0 {BLOCKQUOTE} of child 2 {DIV} of body
