layer at (0,0) size 800x600
  RenderView at (0,0) size 800x600
layer at (0,0) size 800x600
  RenderBlock {HTML} at (0,0) size 800x600
    RenderBody {BODY} at (8,8) size 784x576
      RenderBlock {P} at (0,0) size 784x40
        RenderText {#text} at (0,0) size 782x39
          text run at (0,0) width 589: "This tests for a bug where changing the list type of an indented list would create unwanted nesting. "
          text run at (589,0) width 193: "You should see a single ordered"
          text run at (0,20) width 156: "list item in an indented list."
      RenderBlock {DIV} at (0,56) size 784x20
        RenderBlock {UL} at (0,0) size 784x20
          RenderBlock {OL} at (40,0) size 744x20
            RenderListItem {LI} at (40,0) size 704x20
              RenderListMarker at (-21,0) size 16x19: "1"
              RenderText {#text} at (0,0) size 20x19
                text run at (0,0) width 20: "foo"
caret: position 3 of child 0 {#text} of child 0 {LI} of child 0 {OL} of child 0 {UL} of child 2 {DIV} of body
