layer at (0,0) size 800x600
  RenderView at (0,0) size 800x600
layer at (0,0) size 800x600
  RenderBlock {HTML} at (0,0) size 800x600
    RenderBody {BODY} at (8,8) size 784x584
      RenderBlock {P} at (0,0) size 784x60
        RenderText {#text} at (0,0) size 758x59
          text run at (0,0) width 737: "This tests for a bug where changing the alignment of an image would result in a selection that wasn't the one that was"
          text run at (0,20) width 235: "present before the alignment change. "
          text run at (235,20) width 523: "The image should be centered and the caret should be the same before and after the"
          text run at (0,40) width 63: "operation."
      RenderBlock {DIV} at (0,76) size 784x143
        RenderBlock (anonymous) at (0,0) size 784x20
          RenderText {#text} at (0,0) size 21x19
            text run at (0,0) width 21: "foo"
          RenderBR {BR} at (21,0) size 0x19
        RenderBlock {DIV} at (0,20) size 784x103
          RenderImage {IMG} at (354,0) size 76x103
        RenderBlock (anonymous) at (0,123) size 784x20
          RenderText {#text} at (0,0) size 22x19
            text run at (0,0) width 22: "baz"
caret: position 0 of child 0 {IMG} of child 2 {DIV} of child 2 {DIV} of body
