layer at (0,0) size 800x600
  RenderView at (0,0) size 800x600
layer at (0,0) size 800x600
  RenderBlock {HTML} at (0,0) size 800x600
    RenderBody {BODY} at (8,8) size 784x584
      RenderBlock {P} at (0,0) size 784x20
        RenderText {#text} at (0,0) size 763x19
          text run at (0,0) width 419: "This tests for a bug when removing links from a selection with Unlink. "
          text run at (419,0) width 344: "There shouldn't be any links *inside the selection* below."
      RenderBlock {DIV} at (0,36) size 784x40
        RenderBlock (anonymous) at (0,0) size 784x0
        RenderBlock {DIV} at (0,0) size 784x20
          RenderInline {A} at (0,0) size 21x19 [color=#0000EE]
            RenderText {#text} at (0,0) size 21x19
              text run at (0,0) width 21: "Hel"
          RenderInline {SPAN} at (0,0) size 11x19
            RenderText {#text} at (21,0) size 11x19
              text run at (21,0) width 11: "lo"
        RenderBlock {DIV} at (0,20) size 784x20
          RenderInline {SPAN} at (0,0) size 15x19
            RenderText {#text} at (0,0) size 15x19
              text run at (0,0) width 15: "W"
          RenderText {#text} at (15,0) size 29x19
            text run at (15,0) width 29: "orld!"
selection start: position 0 of child 0 {#text} of child 1 {SPAN} of child 0 {DIV} of child 2 {DIV} of body
selection end:   position 1 of child 0 {#text} of child 0 {SPAN} of child 1 {DIV} of child 2 {DIV} of body
