EDITING DELEGATE: shouldBeginEditingInDOMRange:range from 0 of DIV > BODY > HTML > #document to 1 of DIV > BODY > HTML > #document
EDITING DELEGATE: webViewDidBeginEditing:WebViewDidBeginEditingNotification
EDITING DELEGATE: webViewDidChangeSelection:WebViewDidChangeSelectionNotification
EDITING DELEGATE: webViewDidChangeSelection:WebViewDidChangeSelectionNotification
EDITING DELEGATE: webViewDidChangeSelection:WebViewDidChangeSelectionNotification
EDITING DELEGATE: webViewDidChangeSelection:WebViewDidChangeSelectionNotification
EDITING DELEGATE: webViewDidChangeSelection:WebViewDidChangeSelectionNotification
EDITING DELEGATE: shouldChangeSelectedDOMRange:range from 0 of #text > DIV > BODY > HTML > #document to 0 of #text > DIV > BODY > HTML > #document toDOMRange:range from 2 of DIV > BODY > HTML > #document to 2 of DIV > BODY > HTML > #document affinity:NSSelectionAffinityDownstream stillSelecting:FALSE
EDITING DELEGATE: webViewDidChangeSelection:WebViewDidChangeSelectionNotification
EDITING DELEGATE: webViewDidChange:WebViewDidChangeNotification
EDITING DELEGATE: shouldEndEditingInDOMRange:range from 0 of DIV > BODY > HTML > #document to 3 of DIV > BODY > HTML > #document
EDITING DELEGATE: webViewDidEndEditing:WebViewDidEndEditingNotification
EDITING DELEGATE: shouldBeginEditingInDOMRange:range from 0 of DIV > BODY > HTML > #document to 1 of DIV > BODY > HTML > #document
EDITING DELEGATE: webViewDidBeginEditing:WebViewDidBeginEditingNotification
EDITING DELEGATE: webViewDidChangeSelection:WebViewDidChangeSelectionNotification
EDITING DELEGATE: webViewDidChangeSelection:WebViewDidChangeSelectionNotification
EDITING DELEGATE: webViewDidChangeSelection:WebViewDidChangeSelectionNotification
EDITING DELEGATE: webViewDidChangeSelection:WebViewDidChangeSelectionNotification
EDITING DELEGATE: webViewDidChangeSelection:WebViewDidChangeSelectionNotification
EDITING DELEGATE: shouldChangeSelectedDOMRange:range from 0 of #text > DIV > BODY > HTML > #document to 0 of #text > DIV > BODY > HTML > #document toDOMRange:range from 2 of DIV > BODY > HTML > #document to 2 of DIV > BODY > HTML > #document affinity:NSSelectionAffinityDownstream stillSelecting:FALSE
EDITING DELEGATE: webViewDidChangeSelection:WebViewDidChangeSelectionNotification
EDITING DELEGATE: webViewDidChange:WebViewDidChangeNotification
layer at (0,0) size 800x600
  RenderView at (0,0) size 800x600
layer at (0,0) size 800x600
  RenderBlock {HTML} at (0,0) size 800x600
    RenderBody {BODY} at (8,8) size 784x584
      RenderBlock {P} at (0,0) size 784x20
        RenderText {#text} at (0,0) size 343x19
          text run at (0,0) width 343: "These are tests for execCommand(InsertHorizontalRule)."
      RenderBlock {P} at (0,36) size 784x20
        RenderText {#text} at (0,0) size 271x19
          text run at (0,0) width 271: "This test inserts an hr between 'foo' and 'bar'."
      RenderBlock {DIV} at (0,72) size 784x58
        RenderBlock (anonymous) at (0,0) size 784x20
          RenderText {#text} at (0,0) size 20x19
            text run at (0,0) width 20: "foo"
        RenderBlock {HR} at (0,28) size 784x2 [border: (1px inset #000000)]
        RenderBlock (anonymous) at (0,38) size 784x20
          RenderText {#text} at (0,0) size 20x19
            text run at (0,0) width 20: "bar"
      RenderBlock {P} at (0,146) size 784x20
        RenderText {#text} at (0,0) size 599x19
          text run at (0,0) width 599: "This test inserts an hr with id=\"hr\" between 'foo' and 'bar', fetches the hr using its id, then removes it."
      RenderBlock {DIV} at (0,182) size 784x20
        RenderText {#text} at (0,0) size 20x19
          text run at (0,0) width 20: "foo"
        RenderText {#text} at (20,0) size 20x19
          text run at (20,0) width 20: "bar"
caret: position 2 of child 8 {DIV} of body
