EDITING DELEGATE: shouldBeginEditingInDOMRange:range from 0 of DIV > BODY > HTML > #document to 2 of DIV > BODY > HTML > #document
EDITING DELEGATE: webViewDidBeginEditing:WebViewDidBeginEditingNotification
EDITING DELEGATE: webViewDidChangeSelection:WebViewDidChangeSelectionNotification
EDITING DELEGATE: shouldChangeSelectedDOMRange:range from 6 of DIV > BODY > HTML > #document to 6 of DIV > BODY > HTML > #document toDOMRange:range from 2 of #text > DIV > BODY > HTML > #document to 2 of #text > DIV > BODY > HTML > #document affinity:NSSelectionAffinityDownstream stillSelecting:FALSE
EDITING DELEGATE: webViewDidChangeSelection:WebViewDidChangeSelectionNotification
EDITING DELEGATE: webViewDidChange:WebViewDidChangeNotification
layer at (0,0) size 800x600
  RenderView at (0,0) size 800x600
layer at (0,0) size 800x600
  RenderBlock {HTML} at (0,0) size 800x600
    RenderBody {BODY} at (8,8) size 784x576
      RenderBlock {P} at (0,0) size 784x20
        RenderText {#text} at (0,0) size 528x19
          text run at (0,0) width 528: "This tests Insert{Un}OrderedList on a range selection that is entirely within one list."
      RenderBlock {DIV} at (0,36) size 784x116
        RenderBlock (anonymous) at (0,0) size 784x80
          RenderText {#text} at (0,0) size 75x19
            text run at (0,0) width 75: "None of the"
          RenderBR {BR} at (75,0) size 0x19
          RenderText {#text} at (0,20) size 100x19
            text run at (0,20) width 100: "selected content"
          RenderBR {BR} at (100,20) size 0x19
          RenderText {#text} at (0,40) size 61x19
            text run at (0,40) width 61: "should be"
          RenderBR {BR} at (61,40) size 0x19
          RenderText {#text} at (0,60) size 49x19
            text run at (0,60) width 49: "in a list."
          RenderBR {BR} at (49,60) size 0x19
        RenderBlock {OL} at (0,96) size 784x20
          RenderListItem {LI} at (40,0) size 744x20
            RenderListMarker at (-21,0) size 16x19: "1"
            RenderText {#text} at (0,0) size 316x19
              text run at (0,0) width 316: "This should be in a list and should not be selected."
selection start: position 2 of child 0 {#text} of child 2 {DIV} of body
selection end:   position 2 of child 6 {#text} of child 2 {DIV} of body
