CONSOLE MESSAGE: Error: Invalid negative value for <svg> attribute width="-100"
layer at (0,0) size 800x600
  RenderView at (0,0) size 800x600
layer at (0,0) size 800x105
  RenderBlock {html} at (0,0) size 800x105
    RenderBody {body} at (8,8) size 784x81
      RenderBlock (anonymous) at (0,0) size 784x25
        RenderSVGRoot {svg} at (8,8) size 0x0
          RenderSVGText {text} at (10,21) size 125x12 contains 1 chunk(s)
            RenderSVGInlineText {#text} at (0,0) size 125x12
              chunk 1 text run 1 at (10.00,30.00) startOffset 0 endOffset 30 width 124.15: "FAIL (This should not render.)"
        RenderText {#text} at (0,0) size 0x0
      RenderBlock {p} at (0,41) size 784x40 [color=#008000]
        RenderText {#text} at (0,0) size 760x39
          text run at (0,0) width 420: "This line should be green, the word \"FAIL\" should not appear on "
          text run at (419,0) width 341: "this page, but a highly perceivable indication of error"
          text run at (0,20) width 66: "should be "
          text run at (65,20) width 128: "present somewhere."
