EDITING DELEGATE: shouldBeginEditingInDOMRange:range from 0 of DIV > CENTER > BODY > HTML > #document to 6 of DIV > CENTER > BODY > HTML > #document
EDITING DELEGATE: webViewDidBeginEditing:WebViewDidBeginEditingNotification
EDITING DELEGATE: webViewDidChangeSelection:WebViewDidChangeSelectionNotification
EDITING DELEGATE: webViewDidChangeSelection:WebViewDidChangeSelectionNotification
EDITING DELEGATE: webViewDidChangeSelection:WebViewDidChangeSelectionNotification
EDITING DELEGATE: webViewDidChangeSelection:WebViewDidChangeSelectionNotification
EDITING DELEGATE: webViewDidChangeSelection:WebViewDidChangeSelectionNotification
EDITING DELEGATE: webViewDidChangeSelection:WebViewDidChangeSelectionNotification
EDITING DELEGATE: webViewDidChangeSelection:WebViewDidChangeSelectionNotification
EDITING DELEGATE: webViewDidChangeSelection:WebViewDidChangeSelectionNotification
EDITING DELEGATE: webViewDidChangeSelection:WebViewDidChangeSelectionNotification
layer at (0,0) size 800x600
  RenderView at (0,0) size 800x600
layer at (0,0) size 800x600
  RenderBlock {HTML} at (0,0) size 800x600
    RenderBody {BODY} at (8,3) size 784x581 [bgcolor=#FFFFFF]
      RenderBlock {CENTER} at (0,0) size 784x275
        RenderTable {TABLE} at (0,0) size 784x20
          RenderTableSection {TBODY} at (0,0) size 784x20
            RenderTableRow {TR} at (0,0) size 784x16
              RenderTableCell {TD} at (0,0) size 784x16 [r=0 c=0 rs=1 cs=1]
                RenderInline {FONT} at (0,0) size 104x15
                  RenderInline {A} at (0,0) size 104x15 [color=#0000CC]
                    RenderText {#text} at (680,0) size 104x15
                      text run at (680,0) width 104: "Personalized Home"
            RenderTableRow {TR} at (0,16) size 784x4
              RenderTableCell {TD} at (0,17) size 784x2 [r=1 c=0 rs=1 cs=1]
                RenderImage {IMG} at (0,0) size 1x1
        RenderBlock (anonymous) at (0,20) size 784x40
          RenderBR {BR} at (392,0) size 0x19
          RenderBR {BR} at (392,20) size 0x19
        RenderBlock {DIV} at (0,60) size 784x111 [border: (2px solid #AAAAFF)]
          RenderTable {TABLE} at (216,2) size 352x24
            RenderTableSection {TBODY} at (0,0) size 352x24
              RenderTableRow {TR} at (0,0) size 352x24
                RenderTableCell {TD} at (0,0) size 352x24 [r=0 c=0 rs=1 cs=1]
                  RenderInline {FONT} at (0,0) size 344x15
                    RenderInline {B} at (0,0) size 25x15
                      RenderText {#text} at (4,4) size 25x15
                        text run at (4,4) width 25: "Web"
                    RenderText {#text} at (29,4) size 12x15
                      text run at (29,4) width 12: "    "
                    RenderInline {A} at (0,0) size 38x15 [color=#0000CC]
                      RenderText {#text} at (41,4) size 38x15
                        text run at (41,4) width 38: "Images"
                    RenderText {#text} at (79,4) size 12x15
                      text run at (79,4) width 12: "    "
                    RenderInline {A} at (0,0) size 39x15 [color=#0000CC]
                      RenderText {#text} at (91,4) size 39x15
                        text run at (91,4) width 39: "Groups"
                    RenderText {#text} at (130,4) size 12x15
                      text run at (130,4) width 12: "    "
                    RenderInline {A} at (0,0) size 29x15 [color=#0000CC]
                      RenderText {#text} at (142,4) size 29x15
                        text run at (142,4) width 29: "News"
                    RenderText {#text} at (171,4) size 12x15
                      text run at (171,4) width 12: "    "
                    RenderInline {A} at (0,0) size 42x15 [color=#0000CC]
                      RenderText {#text} at (183,4) size 42x15
                        text run at (183,4) width 42: "Froogle"
                    RenderText {#text} at (225,4) size 12x15
                      text run at (225,4) width 12: "    "
                    RenderInline {A} at (0,0) size 31x15 [color=#0000CC]
                      RenderText {#text} at (237,4) size 31x15
                        text run at (237,4) width 31: "Local"
                      RenderInline {SUP} at (0,0) size 0x14
                    RenderInline {A} at (0,0) size 28x15
                      RenderInline {FONT} at (0,0) size 28x15 [color=#FF0000]
                        RenderText {#text} at (268,4) size 28x15
                          text run at (268,4) width 28: "New!"
                    RenderText {#text} at (296,4) size 12x15
                      text run at (296,4) width 12: "    "
                    RenderInline {B} at (0,0) size 40x15
                      RenderInline {A} at (0,0) size 40x15 [color=#0000CC]
                        RenderText {#text} at (308,4) size 40x15
                          text run at (308,4) width 40: "more \x{BB}"
          RenderTable {TABLE} at (2,26) size 780x47
            RenderTableSection {TBODY} at (0,0) size 780x47
              RenderTableRow {TR} at (0,0) size 780x47
                RenderTableCell {TD} at (0,13) size 191x21 [r=0 c=0 rs=1 cs=1]
                  RenderText {#text} at (0,-1) size 4x21
                    text run at (0,0) width 4: " "
                RenderTableCell {TD} at (190,0) size 399x47 [r=0 c=1 rs=1 cs=1]
                  RenderTextControl {INPUT} at (0,0) size 398x22 [bgcolor=#FFFFFF] [border: (2px inset #000000)]
                  RenderBR {BR} at (398,1) size 0x19
                  RenderButton {INPUT} at (90,22) size 102x25 [color=#000000CC] [bgcolor=#C0C0C0] [border: (2px outset #C0C0C0)]
                    RenderBlock (anonymous) at (8,4) size 85x16
                      RenderText at (0,0) size 85x16
                        text run at (0,0) width 85: "Google Search"
                  RenderButton {INPUT} at (191,22) size 117x25 [color=#000000CC] [bgcolor=#C0C0C0] [border: (2px outset #C0C0C0)]
                    RenderBlock (anonymous) at (8,4) size 100x16
                      RenderText at (0,0) size 100x16
                        text run at (0,0) width 100: "I'm Feeling Lucky"
                RenderTableCell {TD} at (588,0) size 193x36 [r=0 c=2 rs=1 cs=1]
                  RenderInline {FONT} at (0,0) size 74x36
                    RenderText {#text} at (0,0) size 6x12
                      text run at (0,0) width 6: "  "
                    RenderInline {A} at (0,0) size 68x12 [color=#0000CC]
                      RenderText {#text} at (6,0) size 68x12
                        text run at (6,0) width 68: "Advanced Search"
                    RenderBR {BR} at (74,0) size 0x12
                    RenderText {#text} at (0,12) size 6x12
                      text run at (0,12) width 6: "  "
                    RenderInline {A} at (0,0) size 44x12 [color=#0000CC]
                      RenderText {#text} at (6,12) size 44x12
                        text run at (6,12) width 44: "Preferences"
                    RenderBR {BR} at (50,12) size 0x12
                    RenderText {#text} at (0,24) size 6x12
                      text run at (0,24) width 6: "  "
                    RenderInline {A} at (0,0) size 63x12 [color=#0000CC]
                      RenderText {#text} at (6,24) size 63x12
                        text run at (6,24) width 63: "Language Tools"
          RenderBlock (anonymous) at (2,73) size 780x36
            RenderBR {BR} at (390,0) size 0x19
            RenderInline {FONT} at (0,0) size 148x15
              RenderInline {FONT} at (0,0) size 28x15 [color=#FF0000]
                RenderText {#text} at (316,20) size 28x15
                  text run at (316,20) width 28: "New!"
              RenderText {#text} at (344,20) size 3x15
                text run at (344,20) width 3: " "
              RenderInline {A} at (0,0) size 114x15 [color=#0000CC]
                RenderText {#text} at (347,20) size 114x15
                  text run at (347,20) width 114: "Personalize this page"
              RenderText {#text} at (461,20) size 3x15
                text run at (461,20) width 3: "."
            RenderText {#text} at (0,0) size 0x0
        RenderBlock (anonymous) at (0,171) size 784x76
          RenderBR {BR} at (392,0) size 0x19
          RenderBR {BR} at (392,20) size 0x19
          RenderBR {BR} at (392,40) size 0x19
          RenderInline {FONT} at (0,0) size 318x15
            RenderInline {A} at (0,0) size 118x15 [color=#0000CC]
              RenderText {#text} at (233,60) size 118x15
                text run at (233,60) width 118: "Advertising Programs"
            RenderText {#text} at (350,60) size 11x15
              text run at (350,60) width 11: " - "
            RenderInline {A} at (0,0) size 104x15 [color=#0000CC]
              RenderText {#text} at (360,60) size 104x15
                text run at (360,60) width 104: "Business Solutions"
            RenderText {#text} at (463,60) size 11x15
              text run at (463,60) width 11: " - "
            RenderInline {A} at (0,0) size 78x15 [color=#0000CC]
              RenderText {#text} at (473,60) size 78x15
                text run at (473,60) width 78: "About Google"
        RenderBlock {P} at (0,263) size 784x12
          RenderInline {FONT} at (0,0) size 60x12
            RenderText {#text} at (362,0) size 60x12
              text run at (362,0) width 60: "\x{A9}2005 Google"
layer at (203,92) size 392x16
  RenderBlock {DIV} at (3,3) size 392x16
selection start: position 0 of child 3 {INPUT} of child 1 {TD} of child 0 {TR} of child 0 {TBODY} of child 2 {TABLE} of child 4 {DIV} of child 0 {CENTER} of body
selection end:   position 1 of child 2 {BR} of child 0 {FONT} of child 2 {TD} of child 0 {TR} of child 0 {TBODY} of child 2 {TABLE} of child 4 {DIV} of child 0 {CENTER} of body
