layer at (0,0) size 800x600
  RenderView at (0,0) size 800x600
layer at (0,0) size 800x600
  RenderBlock {HTML} at (0,0) size 800x600
    RenderBody {BODY} at (8,8) size 784x584
      RenderBlock {P} at (0,0) size 784x60
        RenderText {#text} at (0,0) size 765x39
          text run at (0,0) width 765: "We delay focus until mouse up if the mouse down occurs inside a focusable node that is inside an already focused node. But we"
          text run at (0,20) width 485: "shouldn't delay focus unless the mouse down occurs in an already focused node. "
          text run at (485,20) width 240: "The text field below should be focused. "
        RenderInline {B} at (0,0) size 769x39
          RenderText {#text} at (725,20) size 769x39
            text run at (725,20) width 44: "To run"
            text run at (0,40) width 590: "manually, select everything from 'foo' though 'baz', then mouse down inside the text field."
      RenderBlock {DIV} at (0,76) size 784x62
        RenderBlock {DIV} at (0,0) size 784x20
          RenderText {#text} at (0,0) size 20x19
            text run at (0,0) width 20: "foo"
        RenderBlock (anonymous) at (0,20) size 784x22
          RenderTextControl {INPUT} at (0,0) size 153x22 [bgcolor=#FFFFFF] [border: (2px inset #000000)]
        RenderBlock {DIV} at (0,42) size 784x20
          RenderText {#text} at (0,0) size 21x19
            text run at (0,0) width 21: "baz"
layer at (11,107) size 147x16
  RenderBlock {DIV} at (3,3) size 147x16
caret: position 0 of child 0 {DIV} of {#document-fragment} of child 1 {INPUT} of child 2 {DIV} of body
