layer at (0,0) size 800x600
  RenderView at (0,0) size 800x600
layer at (0,0) size 800x600
  RenderBlock {HTML} at (0,0) size 800x600
    RenderBody {BODY} at (8,8) size 784x576
      RenderBlock {P} at (0,0) size 784x60
        RenderText {#text} at (0,0) size 774x59
          text run at (0,0) width 774: "This tests to see if a mouse click inside an editable, focusable node focuses that node. Normally, we focus a node on mouse"
          text run at (0,20) width 765: "down, but to make it easier to drag selections containing editable pieces we delay focus until mouse up. The editable table"
          text run at (0,40) width 439: "cell should be focused and you should see a 'Success' message below."
      RenderBlock {DIV} at (0,76) size 784x30
        RenderTable {TABLE} at (0,0) size 143x30 [border: (1px outset #808080)]
          RenderTableSection {TBODY} at (1,1) size 141x28
            RenderTableRow {TR} at (0,2) size 141x24
              RenderTableCell {TD} at (2,2) size 82x24 [border: (1px inset #808080)] [r=0 c=0 rs=1 cs=1]
                RenderText {#text} at (2,2) size 78x19
                  text run at (2,2) width 78: "non-editable"
              RenderTableCell {TD} at (86,2) size 53x24 [border: (1px inset #808080)] [r=0 c=1 rs=1 cs=1]
                RenderText {#text} at (2,2) size 49x19
                  text run at (2,2) width 49: "editable"
      RenderBlock {DIV} at (0,106) size 784x20
        RenderBR {BR} at (0,0) size 0x19
      RenderBlock {UL} at (0,142) size 784x20
        RenderListItem {LI} at (40,0) size 744x20
          RenderListMarker at (-18,0) size 7x19: bullet
          RenderText {#text} at (0,0) size 50x19
            text run at (0,0) width 50: "Success"
caret: position 4 of child 0 {#text} of child 1 {TD} of child 0 {TR} of child 0 {TBODY} of child 0 {TABLE} of child 2 {DIV} of body
