EDITING DELEGATE: shouldBeginEditingInDOMRange:range from 0 of DIV > BODY > HTML > #document to 3 of DIV > BODY > HTML > #document
EDITING DELEGATE: webViewDidBeginEditing:WebViewDidBeginEditingNotification
EDITING DELEGATE: webViewDidChangeSelection:WebViewDidChangeSelectionNotification
EDITING DELEGATE: webViewDidChangeSelection:WebViewDidChangeSelectionNotification
EDITING DELEGATE: webViewDidChangeSelection:WebViewDidChangeSelectionNotification
layer at (0,0) size 800x600
  RenderView at (0,0) size 800x600
layer at (0,0) size 800x600
  RenderBlock {HTML} at (0,0) size 800x600
    RenderBody {BODY} at (8,8) size 784x584
      RenderBlock {P} at (0,0) size 784x20
        RenderText {#text} at (0,0) size 410x19
          text run at (0,0) width 410: "This tests for a bug where images would act as sentence boundaries."
      RenderBlock {DIV} at (0,36) size 784x108
        RenderText {#text} at (0,88) size 123x19
          text run at (0,88) width 123: "The caret should be "
        RenderImage {IMG} at (123,0) size 76x103
        RenderText {#text} at (199,88) size 193x19
          text run at (199,88) width 193: "at the beginning of this sentence."
caret: position 0 of child 0 {#text} of child 2 {DIV} of body
