layer at (0,0) size 800x600
  RenderView at (0,0) size 800x600
layer at (0,0) size 800x600
  RenderBlock {HTML} at (0,0) size 800x600
    RenderBody {BODY} at (8,8) size 784x584
      RenderBlock {P} at (0,0) size 784x40
        RenderText {#text} at (0,0) size 783x39
          text run at (0,0) width 783: "This tests for a bug that caused the parent of an active frame to paint as though it were active when its window becomes key."
          text run at (0,20) width 774: "To run manually, make another window active and then make this window active. Only the subframe should appear active."
      RenderBlock (anonymous) at (0,56) size 784x176
        RenderTextControl {INPUT} at (0,0) size 153x22 [bgcolor=#FFFFFF] [border: (2px inset #000000)]
        RenderBR {BR} at (153,1) size 0x19
        RenderIFrame {IFRAME} at (0,22) size 304x154 [border: (2px inset #000000)]
          layer at (0,0) size 300x150
            RenderView at (0,0) size 300x150
          layer at (0,0) size 300x150
            RenderBlock {HTML} at (0,0) size 300x150
              RenderBody {BODY} at (8,8) size 284x134 [bgcolor=#FFFFE0]
        RenderText {#text} at (0,0) size 0x0
        RenderText {#text} at (0,0) size 0x0
layer at (11,67) size 147x16
  RenderBlock {DIV} at (3,3) size 147x16
    RenderText {#text} at (0,0) size 18x16
      text run at (0,0) width 18: "foo"
selection start: position 0 of child 0 {#text} of child 0 {DIV} of {#document-fragment} of child 3 {INPUT} of body
selection end:   position 3 of child 0 {#text} of child 0 {DIV} of {#document-fragment} of child 3 {INPUT} of body
