layer at (0,0) size 800x600
  RenderView at (0,0) size 800x600
layer at (0,0) size 800x600
  RenderBlock {HTML} at (0,0) size 800x600
    RenderBody {BODY} at (8,8) size 784x584
      RenderBlock {P} at (0,0) size 784x40
        RenderText {#text} at (0,0) size 756x39
          text run at (0,0) width 756: "This tests for a bug when moving the caret forward by a line from a range selection with a horizontal position for vertical arrow"
          text run at (0,20) width 89: "navigation set. "
          text run at (89,20) width 575: "To match TextEdit, the caret should be between the second and third 'x's in the forth paragraph."
      RenderBlock {DIV} at (0,56) size 784x80
        RenderText {#text} at (0,0) size 21x19
          text run at (0,0) width 21: "xxx"
        RenderBR {BR} at (21,0) size 0x19
        RenderText {#text} at (0,20) size 21x19
          text run at (0,20) width 21: "xxx"
        RenderBR {BR} at (21,20) size 0x19
        RenderText {#text} at (0,40) size 7x19
          text run at (0,40) width 7: "x"
        RenderBR {BR} at (7,40) size 0x19
        RenderText {#text} at (0,60) size 21x19
          text run at (0,60) width 21: "xxx"
        RenderBR {BR} at (21,60) size 0x19
caret: position 3 of child 6 {#text} of child 2 {DIV} of body
