layer at (0,0) size 800x600
  RenderView at (0,0) size 800x600
layer at (0,0) size 800x600
  RenderBlock {HTML} at (0,0) size 800x600
    RenderBody {BODY} at (8,8) size 784x584
      RenderBlock {P} at (0,0) size 784x20
        RenderText {#text} at (0,0) size 758x19
          text run at (0,0) width 439: "This tests extending an editable selection across non-editable content. "
          text run at (439,0) width 319: "Everything in the region below should be selected."
      RenderBlock {DIV} at (0,36) size 784x20
        RenderText {#text} at (0,0) size 7x19
          text run at (0,0) width 7: "x"
        RenderInline {SPAN} at (0,0) size 16x19
          RenderText {#text} at (7,0) size 16x19
            text run at (7,0) width 16: "xx"
        RenderText {#text} at (23,0) size 7x19
          text run at (23,0) width 7: "x"
selection start: position 0 of child 0 {#text} of child 2 {DIV} of body
selection end:   position 1 of child 2 {#text} of child 2 {DIV} of body
