layer at (0,0) size 800x600
  RenderView at (0,0) size 800x600
layer at (0,0) size 800x600
  RenderBlock {HTML} at (0,0) size 800x600
    RenderBody {BODY} at (8,8) size 784x584
      RenderBlock {DIV} at (0,0) size 784x20
        RenderInline {SPAN} at (0,0) size 32x19
          RenderText {#text} at (0,0) size 32x19
            text run at (0,0) width 32: "0123"
        RenderText {#text} at (32,0) size 16x19
          text run at (32,0) width 16: "45"
        RenderInline {SPAN} at (0,0) size 32x19
          RenderText {#text} at (48,0) size 32x19
            text run at (48,0) width 32: "6789"
selection start: position 0 of child 1 {#text} of child 0 {DIV} of body
selection end:   position 2 of child 1 {#text} of child 0 {DIV} of body
