layer at (0,0) size 800x600
  RenderView at (0,0) size 800x600
layer at (0,0) size 800x600
  RenderBlock {HTML} at (0,0) size 800x600
layer at (8,8) size 612x150
  RenderBody {BODY} at (8,8) size 612x151 [border: (1px solid #000000)]
    RenderBlock {H1} at (6,6) size 600x37
      RenderText {#text} at (0,0) size 449x36
        text run at (0,0) width 449: "Word selection on right click test"
    RenderBlock (anonymous) at (6,64) size 600x81
      RenderText {#text} at (0,0) size 597x39
        text run at (0,0) width 597: "This tests to make sure that right clicking non-editable content only creates a word selection for"
        text run at (0,20) width 103: "clicks over text. "
      RenderInline {SPAN} at (0,0) size 17x19
        RenderText {#text} at (103,20) size 17x19
          text run at (103,20) width 17: "To"
      RenderText {#text} at (120,20) size 599x59
        text run at (120,20) width 410: " run manually, right click on text, and a word should be selected. "
        text run at (530,20) width 69: "Right click"
        text run at (0,40) width 543: "on the empty space outside and to the right of the black border, the selection should be"
        text run at (0,60) width 59: "removed."
      RenderText {#text} at (0,0) size 0x0
caret: position 0 of child 0 {#text} of child 1 {H1} of body
