EDITING DELEGATE: shouldBeginEditingInDOMRange:range from 0 of DIV > BODY > HTML > #document to 3 of DIV > BODY > HTML > #document
EDITING DELEGATE: webViewDidBeginEditing:WebViewDidBeginEditingNotification
EDITING DELEGATE: webViewDidChangeSelection:WebViewDidChangeSelectionNotification
EDITING DELEGATE: webViewDidChangeSelection:WebViewDidChangeSelectionNotification
EDITING DELEGATE: webViewDidChangeSelection:WebViewDidChangeSelectionNotification
EDITING DELEGATE: webViewDidChangeSelection:WebViewDidChangeSelectionNotification
EDITING DELEGATE: webViewDidChangeSelection:WebViewDidChangeSelectionNotification
layer at (0,0) size 800x600
  RenderView at (0,0) size 800x600
layer at (0,0) size 800x600
  RenderBlock {HTML} at (0,0) size 800x600
    RenderBody {BODY} at (8,8) size 784x576
      RenderBlock {P} at (0,0) size 784x40
        RenderInline {B} at (0,0) size 296x19
          RenderText {#text} at (0,0) size 296x19
            text run at (0,0) width 296: "Make sure that your window is small enough"
        RenderText {#text} at (296,0) size 737x39
          text run at (296,0) width 441: " so that 'don't select this line' and 'try to select just this line' appear on two"
          text run at (0,20) width 87: "different lines. "
          text run at (87,20) width 586: "The two phrases are actually in the same paragraph, there are just lots of spaces in between them."
      RenderBlock {P} at (0,56) size 784x40
        RenderText {#text} at (0,0) size 99x19
          text run at (0,0) width 99: "This is a test for "
        RenderInline {A} at (0,0) size 349x19 [color=#0000EE]
          RenderText {#text} at (99,0) size 349x19
            text run at (99,0) width 349: "REGRESSION: Selection includes spaces that it shouldn't"
        RenderText {#text} at (448,0) size 784x39
          text run at (448,0) width 336: ". The test makes sure that a word that is right after a line"
          text run at (0,20) width 206: "wrap can be selected successfully."
      RenderBlock {P} at (0,112) size 784x0
      RenderBlock {DIV} at (16,112) size 752x42 [border: (1px solid #000000)]
        RenderText {#text} at (1,1) size 750x39
          text run at (1,1) width 94: "don't select me "
          text run at (95,1) width 4: " "
          text run at (99,1) width 4: " "
          text run at (103,1) width 4: " "
          text run at (107,1) width 4: " "
          text run at (111,1) width 4: " "
          text run at (115,1) width 4: " "
          text run at (119,1) width 4: " "
          text run at (123,1) width 4: " "
          text run at (127,1) width 4: " "
          text run at (131,1) width 4: " "
          text run at (135,1) width 4: " "
          text run at (139,1) width 4: " "
          text run at (143,1) width 4: " "
          text run at (147,1) width 4: " "
          text run at (151,1) width 4: " "
          text run at (155,1) width 4: " "
          text run at (159,1) width 4: " "
          text run at (163,1) width 4: " "
          text run at (167,1) width 4: " "
          text run at (171,1) width 4: " "
          text run at (175,1) width 4: " "
          text run at (179,1) width 4: " "
          text run at (183,1) width 4: " "
          text run at (187,1) width 4: " "
          text run at (191,1) width 4: " "
          text run at (195,1) width 4: " "
          text run at (199,1) width 4: " "
          text run at (203,1) width 4: " "
          text run at (207,1) width 4: " "
          text run at (211,1) width 4: " "
          text run at (215,1) width 4: " "
          text run at (219,1) width 4: " "
          text run at (223,1) width 4: " "
          text run at (227,1) width 4: " "
          text run at (231,1) width 4: " "
          text run at (235,1) width 4: " "
          text run at (239,1) width 4: " "
          text run at (243,1) width 4: " "
          text run at (247,1) width 4: " "
          text run at (251,1) width 4: " "
          text run at (255,1) width 4: " "
          text run at (259,1) width 4: " "
          text run at (263,1) width 4: " "
          text run at (267,1) width 4: " "
          text run at (271,1) width 4: " "
          text run at (275,1) width 4: " "
          text run at (279,1) width 4: " "
          text run at (283,1) width 4: " "
          text run at (287,1) width 4: " "
          text run at (291,1) width 4: " "
          text run at (295,1) width 4: " "
          text run at (299,1) width 4: " "
          text run at (303,1) width 4: " "
          text run at (307,1) width 4: " "
          text run at (311,1) width 4: " "
          text run at (315,1) width 4: " "
          text run at (319,1) width 4: " "
          text run at (323,1) width 4: " "
          text run at (327,1) width 4: " "
          text run at (331,1) width 4: " "
          text run at (335,1) width 4: " "
          text run at (339,1) width 4: " "
          text run at (343,1) width 4: " "
          text run at (347,1) width 4: " "
          text run at (351,1) width 4: " "
          text run at (355,1) width 4: " "
          text run at (359,1) width 4: " "
          text run at (363,1) width 4: " "
          text run at (367,1) width 4: " "
          text run at (371,1) width 4: " "
          text run at (375,1) width 4: " "
          text run at (379,1) width 4: " "
          text run at (383,1) width 4: " "
          text run at (387,1) width 4: " "
          text run at (391,1) width 4: " "
          text run at (395,1) width 4: " "
          text run at (399,1) width 4: " "
          text run at (403,1) width 4: " "
          text run at (407,1) width 4: " "
          text run at (411,1) width 4: " "
          text run at (415,1) width 4: " "
          text run at (419,1) width 4: " "
          text run at (423,1) width 4: " "
          text run at (427,1) width 4: " "
          text run at (431,1) width 4: " "
          text run at (435,1) width 4: " "
          text run at (439,1) width 4: " "
          text run at (443,1) width 4: " "
          text run at (447,1) width 4: " "
          text run at (451,1) width 4: " "
          text run at (455,1) width 4: " "
          text run at (459,1) width 4: " "
          text run at (463,1) width 4: " "
          text run at (467,1) width 4: " "
          text run at (471,1) width 4: " "
          text run at (475,1) width 4: " "
          text run at (479,1) width 4: " "
          text run at (483,1) width 4: " "
          text run at (487,1) width 4: " "
          text run at (491,1) width 4: " "
          text run at (495,1) width 4: " "
          text run at (499,1) width 4: " "
          text run at (503,1) width 4: " "
          text run at (507,1) width 4: " "
          text run at (511,1) width 4: " "
          text run at (515,1) width 4: " "
          text run at (519,1) width 4: " "
          text run at (523,1) width 4: " "
          text run at (527,1) width 4: " "
          text run at (531,1) width 4: " "
          text run at (535,1) width 4: " "
          text run at (539,1) width 4: " "
          text run at (543,1) width 4: " "
          text run at (547,1) width 4: " "
          text run at (551,1) width 4: " "
          text run at (555,1) width 4: " "
          text run at (559,1) width 4: " "
          text run at (563,1) width 4: " "
          text run at (567,1) width 4: " "
          text run at (571,1) width 4: " "
          text run at (575,1) width 4: " "
          text run at (579,1) width 4: " "
          text run at (583,1) width 4: " "
          text run at (587,1) width 4: " "
          text run at (591,1) width 4: " "
          text run at (595,1) width 4: " "
          text run at (599,1) width 4: " "
          text run at (603,1) width 4: " "
          text run at (607,1) width 4: " "
          text run at (611,1) width 4: " "
          text run at (615,1) width 4: " "
          text run at (619,1) width 4: " "
          text run at (623,1) width 4: " "
          text run at (627,1) width 4: " "
          text run at (631,1) width 4: " "
          text run at (635,1) width 4: " "
          text run at (639,1) width 4: " "
          text run at (643,1) width 4: " "
          text run at (647,1) width 4: " "
          text run at (651,1) width 4: " "
          text run at (655,1) width 4: " "
          text run at (659,1) width 4: " "
          text run at (663,1) width 4: " "
          text run at (667,1) width 4: " "
          text run at (671,1) width 4: " "
          text run at (675,1) width 4: " "
          text run at (679,1) width 4: " "
          text run at (683,1) width 4: " "
          text run at (687,1) width 4: " "
          text run at (691,1) width 4: " "
          text run at (695,1) width 4: " "
          text run at (699,1) width 4: " "
          text run at (703,1) width 4: " "
          text run at (707,1) width 4: " "
          text run at (711,1) width 4: " "
          text run at (715,1) width 4: " "
          text run at (719,1) width 4: " "
          text run at (723,1) width 4: " "
          text run at (727,1) width 4: " "
          text run at (731,1) width 4: " "
          text run at (735,1) width 4: " "
          text run at (739,1) width 4: " "
          text run at (743,1) width 4: " "
          text run at (747,1) width 4: " "
          text run at (751,1) width 0: " "
          text run at (751,1) width 0: " "
          text run at (751,1) width 0: " "
          text run at (751,1) width 0: " "
          text run at (751,1) width 0: " "
          text run at (751,1) width 0: " "
          text run at (751,1) width 0: " "
          text run at (751,1) width 0: " "
          text run at (751,1) width 0: " "
          text run at (751,1) width 0: " "
          text run at (751,1) width 0: " "
          text run at (751,1) width 0: " "
          text run at (751,1) width 0: " "
          text run at (751,1) width 0: " "
          text run at (751,1) width 0: " "
          text run at (751,1) width 0: " "
          text run at (751,1) width 0: " "
          text run at (751,1) width 0: " "
          text run at (751,1) width 0: " "
          text run at (751,1) width 0: " "
          text run at (751,1) width 0: " "
          text run at (751,1) width 0: " "
          text run at (751,1) width 0: " "
          text run at (751,1) width 0: " "
          text run at (751,1) width 0: " "
          text run at (751,1) width 0: " "
          text run at (751,1) width 0: " "
          text run at (751,1) width 0: " "
          text run at (751,1) width 0: " "
          text run at (751,1) width 0: " "
          text run at (751,1) width 0: " "
          text run at (751,1) width 0: " "
          text run at (751,1) width 0: " "
          text run at (751,1) width 0: " "
          text run at (751,1) width 0: " "
          text run at (751,1) width 0: " "
          text run at (751,1) width 0: " "
          text run at (751,1) width 0: " "
          text run at (751,1) width 0: " "
          text run at (751,1) width 0: " "
          text run at (751,1) width 0: " "
          text run at (751,1) width 0: " "
          text run at (751,1) width 0: " "
          text run at (751,1) width 0: " "
          text run at (751,1) width 0: " "
          text run at (751,1) width 0: " "
          text run at (751,1) width 0: " "
          text run at (751,1) width 0: " "
          text run at (751,1) width 0: " "
          text run at (751,1) width 0: " "
          text run at (751,1) width 0: " "
          text run at (751,1) width 0: " "
          text run at (751,1) width 0: " "
          text run at (751,1) width 0: " "
          text run at (751,1) width 0: " "
          text run at (751,1) width 0: " "
          text run at (751,1) width 0: " "
          text run at (751,1) width 0: " "
          text run at (751,1) width 0: " "
          text run at (751,1) width 0: " "
          text run at (751,1) width 0: " "
          text run at (751,1) width 0: " "
          text run at (751,1) width 0: " "
          text run at (751,1) width 0: " "
          text run at (751,1) width 0: " "
          text run at (751,1) width 0: " "
          text run at (751,1) width 0: " "
          text run at (751,1) width 0: " "
          text run at (751,1) width 0: " "
          text run at (751,1) width 0: " "
          text run at (751,1) width 0: " "
          text run at (751,1) width 0: " "
          text run at (751,1) width 0: " "
          text run at (751,1) width 0: " "
          text run at (751,1) width 0: " "
          text run at (751,1) width 0: " "
          text run at (751,1) width 0: " "
          text run at (751,1) width 0: " "
          text run at (751,1) width 0: " "
          text run at (751,1) width 0: " "
          text run at (751,1) width 0: " "
          text run at (751,1) width 0: " "
          text run at (751,1) width 0: " "
          text run at (751,1) width 0: " "
          text run at (751,1) width 0: " "
          text run at (751,1) width 0: " "
          text run at (751,1) width 0: " "
          text run at (751,1) width 0: " "
          text run at (751,1) width 0: " "
          text run at (751,1) width 0: " "
          text run at (751,1) width 0: " "
          text run at (751,1) width 0: " "
          text run at (751,1) width 0: " "
          text run at (751,1) width 0: " "
          text run at (751,1) width 0: " "
          text run at (751,1) width 0: " "
          text run at (751,1) width 0: " "
          text run at (751,1) width 0: " "
          text run at (751,1) width 0: " "
          text run at (751,1) width 0: " "
          text run at (751,1) width 0: " "
          text run at (751,1) width 0: " "
          text run at (751,1) width 0: " "
          text run at (751,1) width 0: " "
          text run at (751,1) width 0: " "
          text run at (751,1) width 0: " "
          text run at (751,1) width 0: " "
          text run at (751,1) width 0: " "
          text run at (751,1) width 0: " "
          text run at (751,1) width 0: " "
          text run at (751,1) width 0: " "
          text run at (751,1) width 0: " "
          text run at (751,1) width 0: " "
          text run at (751,1) width 0: " "
          text run at (751,1) width 0: " "
          text run at (751,1) width 0: " "
          text run at (751,1) width 0: " "
          text run at (751,1) width 0: " "
          text run at (751,1) width 0: " "
          text run at (751,1) width 0: " "
          text run at (751,1) width 0: " "
          text run at (751,1) width 0: " "
          text run at (751,1) width 0: " "
          text run at (751,1) width 0: " "
          text run at (751,1) width 0: " "
          text run at (751,1) width 0: " "
          text run at (751,1) width 0: " "
          text run at (751,1) width 0: " "
          text run at (751,1) width 0: " "
          text run at (751,1) width 0: " "
          text run at (751,1) width 0: " "
          text run at (751,1) width 0: " "
          text run at (751,1) width 0: " "
          text run at (751,1) width 0: " "
          text run at (751,1) width 0: " "
          text run at (751,1) width 0: " "
          text run at (751,1) width 0: " "
          text run at (751,1) width 0: " "
          text run at (751,1) width 0: " "
          text run at (751,1) width 0: " "
          text run at (751,1) width 0: " "
          text run at (751,1) width 0: " "
          text run at (751,1) width 0: " "
          text run at (751,1) width 0: " "
          text run at (751,1) width 0: " "
          text run at (751,1) width 0: " "
          text run at (751,1) width 0: " "
          text run at (751,1) width 0: " "
          text run at (751,1) width 0: " "
          text run at (751,1) width 0: " "
          text run at (751,1) width 0: " "
          text run at (751,1) width 0: " "
          text run at (751,1) width 0: " "
          text run at (751,1) width 0: " "
          text run at (751,1) width 0: " "
          text run at (751,1) width 0: " "
          text run at (751,1) width 0: " "
          text run at (751,1) width 0: " "
          text run at (751,1) width 0: " "
          text run at (751,1) width 0: " "
          text run at (751,1) width 0: " "
          text run at (751,1) width 0: " "
          text run at (751,1) width 0: " "
          text run at (751,1) width 0: " "
          text run at (751,1) width 0: " "
          text run at (751,1) width 0: " "
          text run at (751,1) width 0: " "
          text run at (751,1) width 0: " "
          text run at (751,1) width 0: " "
          text run at (751,1) width 0: " "
          text run at (751,1) width 0: " "
          text run at (751,1) width 0: " "
          text run at (751,1) width 0: " "
          text run at (751,1) width 0: " "
          text run at (751,1) width 0: " "
          text run at (751,1) width 0: " "
          text run at (751,1) width 0: " "
          text run at (751,1) width 0: " "
          text run at (751,1) width 0: " "
          text run at (751,1) width 0: " "
          text run at (751,1) width 0: " "
          text run at (751,1) width 0: " "
          text run at (751,1) width 0: " "
          text run at (1,21) width 4: " "
        RenderInline {I} at (0,0) size 159x19
          RenderText {#text} at (5,21) size 159x19
            text run at (5,21) width 159: "try to select just this text"
        RenderText {#text} at (0,0) size 0x0
selection start: position 364 of child 0 {#text} of child 7 {DIV} of body
selection end:   position 2 of child 0 {#text} of child 1 {I} of child 7 {DIV} of body
