layer at (0,0) size 800x600
  RenderView at (0,0) size 800x600
layer at (0,0) size 800x145
  RenderBlock {HTML} at (0,0) size 800x145
    RenderBody {BODY} at (8,16) size 784x121
      RenderBlock {P} at (0,0) size 784x40
        RenderText {#text} at (0,0) size 775x39
          text run at (0,0) width 775: "This tests that clicking in a contenteditable div will set the caret in the right position for LTR text in a RTL block. To test manually,"
          text run at (0,20) width 379: "click the right of the text. The caret should be on the right edge."
      RenderBlock {DIV} at (0,56) size 202x45 [border: (1px solid #000000)]
        RenderText {#text} at (119,11) size 72x22
          text run at (119,11) width 72: "WebKit2"
      RenderBlock (anonymous) at (0,101) size 784x20
        RenderText {#text} at (0,0) size 38x19
          text run at (0,0) width 38: "PASS"
        RenderBR {BR} at (38,0) size 0x19
caret: position 0 of child 0 {#text} of child 3 {DIV} of body
