EDITING DELEGATE: shouldBeginEditingInDOMRange:range from 0 of DIV > BODY > HTML > #document to 1 of DIV > BODY > HTML > #document
EDITING DELEGATE: webViewDidBeginEditing:WebViewDidBeginEditingNotification
EDITING DELEGATE: shouldChangeSelectedDOMRange:(null) toDOMRange:range from 10 of #text > DIV > BODY > HTML > #document to 10 of #text > DIV > BODY > HTML > #document affinity:NSSelectionAffinityDownstream stillSelecting:FALSE
EDITING DELEGATE: webViewDidChangeSelection:WebViewDidChangeSelectionNotification
layer at (0,0) size 800x600
  RenderView at (0,0) size 800x600
layer at (0,0) size 800x600
  RenderBlock {HTML} at (0,0) size 800x600
    RenderBody {BODY} at (8,8) size 784x584
      RenderBlock {P} at (0,0) size 784x40
        RenderText {#text} at (0,0) size 104x19
          text run at (0,0) width 104: "This is a test for "
        RenderInline {I} at (0,0) size 776x39
          RenderInline {A} at (0,0) size 348x19 [color=#0000EE]
            RenderText {#text} at (104,0) size 348x19
              text run at (104,0) width 348: "http://bugzilla.opendarwin.org/show_bug.cgi?id=9978"
          RenderText {#text} at (452,0) size 776x39
            text run at (452,0) width 4: " "
            text run at (456,0) width 320: "REGRESSION (r12949-r12988): Clicking the first"
            text run at (0,20) width 384: "letter on a line places the caret at the end of the previous line"
        RenderText {#text} at (384,20) size 4x19
          text run at (384,20) width 4: "."
      RenderBlock {P} at (0,56) size 784x20
        RenderText {#text} at (0,0) size 728x19
          text run at (0,0) width 549: "To test interactively, click the left side of the W on the second line. The caret should be "
          text run at (549,0) width 179: "move to the start of that line."
      RenderBlock {DIV} at (0,102) size 250x114
        RenderText {#text} at (0,1) size 232x112
          text run at (0,1) width 164: "Alice in "
          text run at (0,58) width 232: "Wonderland"
layer at (8,100) size 784x2 clip at (0,0) size 0x0
  RenderBlock {HR} at (0,92) size 784x2 [border: (1px inset #000000)]
caret: position 10 of child 0 {#text} of child 7 {DIV} of body
