layer at (0,0) size 800x600
  RenderView at (0,0) size 800x600
layer at (0,0) size 800x600
  RenderBlock {HTML} at (0,0) size 800x600
    RenderBody {BODY} at (8,8) size 784x584
      RenderBlock {P} at (0,0) size 784x40
        RenderText {#text} at (0,0) size 52x19
          text run at (0,0) width 52: "Test for "
        RenderInline {I} at (0,0) size 743x39
          RenderInline {A} at (0,0) size 301x19 [color=#0000EE]
            RenderText {#text} at (52,0) size 301x19
              text run at (52,0) width 301: "http://bugs.webkit.org/show_bug.cgi?id=14347"
          RenderText {#text} at (353,0) size 743x39
            text run at (353,0) width 4: " "
            text run at (357,0) width 386: "REGRESSION (r21291): Initiating a drag near the edge of a"
            text run at (0,20) width 127: "selection deselects it"
        RenderText {#text} at (127,20) size 4x19
          text run at (127,20) width 4: "."
      RenderBlock {P} at (0,56) size 784x20
        RenderText {#text} at (0,0) size 326x19
          text run at (0,0) width 326: "Drag the selected letter W into the yellow rectangle."
      RenderBlock {DIV} at (0,92) size 784x84
        RenderText {#text} at (0,1) size 68x81
          text run at (0,1) width 68: "W"
      RenderBlock {DIV} at (0,176) size 784x84 [bgcolor=#FFFFCC]
selection start: position 0 of child 0 {#text} of child 4 {DIV} of body
selection end:   position 1 of child 0 {#text} of child 4 {DIV} of body
