ALERT: 0.1724137931034483
layer at (0,0) size 800x600
  RenderView at (0,0) size 800x600
layer at (0,0) size 800x600
  RenderBlock {HTML} at (0,0) size 800x600
    RenderBody {BODY} at (8,8) size 784x576
      RenderBlock {P} at (0,0) size 784x20
        RenderText {#text} at (0,0) size 215x19
          text run at (0,0) width 215: "This tests for a drag select crasher."
      RenderBlock {DIV} at (0,36) size 784x22
        RenderInline {SPAN} at (0,0) size 64x19
          RenderText {#text} at (0,1) size 64x19
            text run at (0,1) width 64: "Start here."
        RenderText {#text} at (64,1) size 4x19
          text run at (64,1) width 4: " "
        RenderTextControl {INPUT} at (68,0) size 153x22 [bgcolor=#FFFFFF] [border: (2px inset #000000)]
      RenderBlock {UL} at (0,74) size 784x0
layer at (79,47) size 147x16
  RenderBlock {DIV} at (3,3) size 147x16
selection start: position 4 of child 0 {#text} of child 0 {SPAN} of child 2 {DIV} of body
selection end:   position 1 of child 1 {#text} of child 2 {DIV} of body
