EDITING DELEGATE: shouldBeginEditingInDOMRange:range from 0 of DIV > BODY > HTML > #document to 4 of DIV > BODY > HTML > #document
EDITING DELEGATE: webViewDidBeginEditing:WebViewDidBeginEditingNotification
EDITING DELEGATE: webViewDidChangeSelection:WebViewDidChangeSelectionNotification
EDITING DELEGATE: shouldChangeSelectedDOMRange:range from 0 of DIV > DIV > DIV > BODY > HTML > #document to 0 of DIV > DIV > DIV > BODY > HTML > #document toDOMRange:range from 0 of #text > DIV > DIV > DIV > BODY > HTML > #document to 2 of DIV > BODY > HTML > #document affinity:NSSelectionAffinityDownstream stillSelecting:FALSE
EDITING DELEGATE: webViewDidChangeSelection:WebViewDidChangeSelectionNotification
EDITING DELEGATE: webViewDidChangeSelection:WebViewDidChangeSelectionNotification
EDITING DELEGATE: webViewDidChangeSelection:WebViewDidChangeSelectionNotification
layer at (0,0) size 800x600
  RenderView at (0,0) size 800x600
layer at (0,0) size 800x600
  RenderBlock {HTML} at (0,0) size 800x600
    RenderBody {BODY} at (8,8) size 784x584
      RenderBlock {DIV} at (0,0) size 784x352
        RenderBlock {DIV} at (0,0) size 784x316
          RenderBlock {DIV} at (0,0) size 784x20
            RenderText {#text} at (0,0) size 308x19
              text run at (0,0) width 308: "On Feb 1, 2006, at 7:37 PM, David Hyatt wrote:"
          RenderBlock (anonymous) at (0,20) size 784x20
            RenderBR {BR} at (0,0) size 0x19
          RenderBlock {BLOCKQUOTE} at (40,56) size 704x260 [color=#0000FF]
            RenderBlock {DIV} at (0,0) size 704x100
              RenderText {#text} at (0,0) size 438x19
                text run at (0,0) width 438: "While reworking images I ran into something that really concerns me."
              RenderInline {SPAN} at (0,0) size 4x19
                RenderText {#text} at (438,0) size 4x19
                  text run at (438,0) width 4: " "
              RenderText {#text} at (442,0) size 703x39
                text run at (442,0) width 261: "WebElementImageKey is a key added to "
                text run at (0,20) width 413: "the elementAtPoint dictionary and the key's value is an NSImage."
              RenderInline {SPAN} at (0,0) size 4x19
                RenderText {#text} at (413,20) size 4x19
                  text run at (413,20) width 4: " "
              RenderText {#text} at (417,20) size 260x19
                text run at (417,20) width 260: "Unfortunately we use CGImageRef now."
              RenderInline {SPAN} at (0,0) size 4x19
                RenderText {#text} at (677,20) size 4x19
                  text run at (677,20) width 4: " "
              RenderText {#text} at (0,40) size 700x59
                text run at (0,40) width 689: "What this means is that as you move the mouse around a web page we are aggressively mallocing NSImages "
                text run at (0,60) width 700: "that then move into our image cache and stay around until the CGImageRef goes away (which could be a long "
                text run at (0,80) width 36: "time)."
            RenderBlock {DIV} at (0,100) size 704x20
              RenderBR {BR} at (0,0) size 0x19
            RenderBlock {DIV} at (0,120) size 704x60
              RenderText {#text} at (0,0) size 315x19
                text run at (0,0) width 315: "I think this is terrible but am not sure how to fix it."
              RenderInline {SPAN} at (0,0) size 4x19
                RenderText {#text} at (315,0) size 4x19
                  text run at (315,0) width 4: " "
              RenderText {#text} at (319,0) size 199x19
                text run at (319,0) width 199: "I assume this key is public API."
              RenderInline {SPAN} at (0,0) size 4x19
                RenderText {#text} at (518,0) size 4x19
                  text run at (518,0) width 4: " "
              RenderText {#text} at (522,0) size 696x39
                text run at (522,0) width 174: "Could we change the key's "
                text run at (0,20) width 224: "value to be a CGImageRef instead?"
              RenderInline {SPAN} at (0,0) size 4x19
                RenderText {#text} at (224,20) size 4x19
                  text run at (224,20) width 4: " "
              RenderText {#text} at (228,20) size 691x39
                text run at (228,20) width 463: "Could we just eliminate the key in favor of a DOM extension method for "
                text run at (0,40) width 150: "accessing an NSImage?"
            RenderBlock {DIV} at (0,180) size 704x20
              RenderBR {BR} at (0,0) size 0x19
            RenderBlock {DIV} at (0,200) size 704x20
              RenderText {#text} at (0,0) size 30x19
                text run at (0,0) width 30: "dave"
            RenderBlock {DIV} at (0,220) size 704x20
              RenderText {#text} at (0,0) size 121x19
                text run at (0,0) width 121: "(hyatt@apple.com)"
            RenderBlock {DIV} at (0,240) size 704x20
              RenderBR {BR} at (0,0) size 0x19
        RenderBlock (anonymous) at (0,332) size 784x20
          RenderBR {BR} at (0,0) size 0x19
caret: position 0 of child 0 {BR} of child 6 {DIV} of child 2 {BLOCKQUOTE} of child 1 {DIV} of child 1 {DIV} of body
