EDITING DELEGATE: shouldBeginEditingInDOMRange:range from 0 of DIV > BODY > HTML > #document to 2 of DIV > BODY > HTML > #document
EDITING DELEGATE: webViewDidBeginEditing:WebViewDidBeginEditingNotification
EDITING DELEGATE: webViewDidChangeSelection:WebViewDidChangeSelectionNotification
EDITING DELEGATE: webViewDidChangeSelection:WebViewDidChangeSelectionNotification
EDITING DELEGATE: webViewDidChangeSelection:WebViewDidChangeSelectionNotification
EDITING DELEGATE: webViewDidChangeSelection:WebViewDidChangeSelectionNotification
EDITING DELEGATE: webViewDidChangeSelection:WebViewDidChangeSelectionNotification
layer at (0,0) size 800x600
  RenderView at (0,0) size 800x600
layer at (0,0) size 800x600
  RenderBlock {HTML} at (0,0) size 800x600
    RenderBody {BODY} at (8,8) size 784x584
      RenderBlock {DIV} at (0,0) size 784x84 [border: (2px solid #FF0000)]
        RenderBlock {FRIJOLE} at (14,14) size 756x56
          RenderBlock (anonymous) at (0,0) size 756x28
            RenderText {#text} at (0,0) size 132x27
              text run at (0,0) width 132: "one two three"
            RenderInline {FRIJOLE} at (0,0) size 0x27
              RenderText {#text} at (0,0) size 0x0
          RenderBlock (anonymous) at (0,28) size 756x28
            RenderBlock {DOODAD} at (0,0) size 756x28
              RenderText {#text} at (0,0) size 116x27
                text run at (0,0) width 116: "four five six"
          RenderBlock (anonymous) at (0,56) size 756x0
            RenderInline {FRIJOLE} at (0,0) size 0x0
selection start: position 0 of child 0 {#text} of child 1 {DOODAD} of child 1 {FRIJOLE} of child 1 {FRIJOLE} of child 1 {DIV} of body
selection end:   position 13 of child 0 {#text} of child 1 {DOODAD} of child 1 {FRIJOLE} of child 1 {FRIJOLE} of child 1 {DIV} of body
