EDITING DELEGATE: shouldBeginEditingInDOMRange:range from 0 of DIV > BODY > HTML > #document to 3 of DIV > BODY > HTML > #document
EDITING DELEGATE: webViewDidBeginEditing:WebViewDidBeginEditingNotification
EDITING DELEGATE: webViewDidChangeSelection:WebViewDidChangeSelectionNotification
EDITING DELEGATE: webViewDidChangeSelection:WebViewDidChangeSelectionNotification
EDITING DELEGATE: webViewDidChangeSelection:WebViewDidChangeSelectionNotification
EDITING DELEGATE: webViewDidChangeSelection:WebViewDidChangeSelectionNotification
EDITING DELEGATE: webViewDidChangeSelection:WebViewDidChangeSelectionNotification
EDITING DELEGATE: webViewDidChangeSelection:WebViewDidChangeSelectionNotification
EDITING DELEGATE: webViewDidChangeSelection:WebViewDidChangeSelectionNotification
EDITING DELEGATE: webViewDidChangeSelection:WebViewDidChangeSelectionNotification
EDITING DELEGATE: webViewDidChangeSelection:WebViewDidChangeSelectionNotification
EDITING DELEGATE: webViewDidChangeSelection:WebViewDidChangeSelectionNotification
layer at (0,0) size 800x600
  RenderView at (0,0) size 800x600
layer at (0,0) size 800x600
  RenderBlock {HTML} at (0,0) size 800x600
    RenderBody {BODY} at (8,8) size 784x584
      RenderBlock (anonymous) at (0,0) size 784x40
        RenderText {#text} at (0,0) size 361x19
          text run at (0,0) width 361: "The selection range in the red box should look like this:   "
        RenderInline {SPAN} at (0,0) size 97x19 [bgcolor=#AFDAFF]
          RenderText {#text} at (361,0) size 97x19
            text run at (361,0) width 26: "abc "
            text run at (410,0) width 8: "1"
            text run at (434,0) width 24 RTL: "\x{5D0}\x{5D1}\x{5D2} "
        RenderText {#text} at (387,0) size 95x19
          text run at (387,0) width 23 RTL: " \x{5D3}\x{5D4}\x{5D5}"
          text run at (418,0) width 16: "23"
          text run at (458,0) width 24: " def"
        RenderBR {BR} at (482,0) size 0x19
        RenderBR {BR} at (0,20) size 0x19
      RenderBlock {DIV} at (0,40) size 784x56 [border: (2px solid #FF0000)]
        RenderInline {SPAN} at (0,0) size 184x27
          RenderText {#text} at (14,14) size 184x27
            text run at (14,14) width 40: "abc "
            text run at (54,14) width 34 RTL: " \x{5D3}\x{5D4}\x{5D5}"
            text run at (88,14) width 36: "123"
            text run at (124,14) width 37 RTL: "\x{5D0}\x{5D1}\x{5D2} "
            text run at (161,14) width 37: " def"
        RenderText {#text} at (0,0) size 0x0
selection start: position 0 of child 0 {#text} of child 1 {SPAN} of child 6 {DIV} of body
selection end:   position 9 of child 0 {#text} of child 1 {SPAN} of child 6 {DIV} of body
