layer at (0,0) size 800x600
  RenderView at (0,0) size 800x600
layer at (0,0) size 800x216
  RenderBlock {HTML} at (0,0) size 800x216
    RenderBody {BODY} at (8,8) size 784x200
layer at (8,8) size 200x200
  RenderBlock {DIV} at (0,0) size 200x200
    RenderBlock {P} at (0,0) size 200x53
      RenderText {#text} at (0,0) size 150x53
        text run at (0,0) width 150: "hello"
    RenderBlock {P} at (0,53) size 200x53
      RenderText {#text} at (0,0) size 150x53
        text run at (0,0) width 150: "world"
selection start: position 3 of child 0 {#text} of child 1 {P} of child 1 {DIV} of body
selection end:   position 3 of child 0 {#text} of child 3 {P} of child 1 {DIV} of body
