EDITING DELEGATE: shouldBeginEditingInDOMRange:range from 0 of DIV > BODY > HTML > #document to 3 of DIV > BODY > HTML > #document
EDITING DELEGATE: webViewDidBeginEditing:WebViewDidBeginEditingNotification
EDITING DELEGATE: webViewDidChangeSelection:WebViewDidChangeSelectionNotification
layer at (0,0) size 800x600
  RenderView at (0,0) size 800x600
layer at (0,0) size 800x600
  RenderBlock {HTML} at (0,0) size 800x600
    RenderBody {BODY} at (8,8) size 784x584
      RenderBlock {P} at (0,0) size 784x20
        RenderText {#text} at (0,0) size 325x19
          text run at (0,0) width 325: "Only the line break after the image should be selected."
      RenderBlock {HR} at (0,36) size 784x2 [border: (1px inset #000000)]
      RenderBlock {DIV} at (0,46) size 784x123
        RenderImage {IMG} at (0,0) size 76x103
        RenderBR {BR} at (76,88) size 0x19
        RenderText {#text} at (0,103) size 20x19
          text run at (0,103) width 20: "foo"
selection start: position 0 of child 1 {BR} of child 4 {DIV} of body
selection end:   position 1 of child 1 {BR} of child 4 {DIV} of body
