EDITING DELEGATE: shouldBeginEditingInDOMRange:range from 0 of DIV > BODY > HTML > #document to 3 of DIV > BODY > HTML > #document
EDITING DELEGATE: webViewDidBeginEditing:WebViewDidBeginEditingNotification
EDITING DELEGATE: webViewDidChangeSelection:WebViewDidChangeSelectionNotification
EDITING DELEGATE: webViewDidChangeSelection:WebViewDidChangeSelectionNotification
layer at (0,0) size 800x600
  RenderView at (0,0) size 800x600
layer at (0,0) size 800x600
  RenderBlock {HTML} at (0,0) size 800x600
    RenderBody {BODY} at (8,8) size 784x576
      RenderBlock {P} at (0,0) size 784x20
        RenderText {#text} at (0,0) size 121x19
          text run at (0,0) width 121: "Test case for fix for "
        RenderInline {A} at (0,0) size 323x19 [color=#0000EE]
          RenderText {#text} at (121,0) size 323x19
            text run at (121,0) width 323: "http://bugzilla.opendarwin.org/show_bug.cgi?id=5354"
        RenderText {#text} at (444,0) size 4x19
          text run at (444,0) width 4: "."
      RenderBlock {P} at (0,36) size 784x40
        RenderText {#text} at (0,0) size 774x39
          text run at (0,0) width 774: "Changes were made to VisiblePosition's so that init() will not leave the block containing the requested position unless there are no"
          text run at (0,20) width 177: "VisiblePositions in that block."
      RenderBlock {P} at (0,92) size 784x0
      RenderBlock {DIV} at (0,92) size 784x56 [border: (2px solid #AAAAFF)]
        RenderBlock {P} at (2,18) size 780x20
          RenderText {#text} at (0,0) size 650x19
            text run at (0,0) width 650: "Select All while inside this editable block should create a selection that does not extend outside of this block."
layer at (8,172) size 784x20
  RenderBlock {P} at (0,164) size 784x20
    RenderText {#text} at (0,0) size 401x19
      text run at (0,0) width 401: "This is a paragraph outside the editable block with overflow:hidden"
selection start: position 0 of child 0 {#text} of child 1 {P} of child 5 {DIV} of body
selection end:   position 113 of child 0 {#text} of child 1 {P} of child 5 {DIV} of body
