EDITING DELEGATE: shouldChangeSelectedDOMRange:(null) toDOMRange:range from 15 of #text > DIV > BODY > HTML > #document to 15 of #text > DIV > BODY > HTML > #document affinity:NSSelectionAffinityDownstream stillSelecting:FALSE
EDITING DELEGATE: webViewDidChangeSelection:WebViewDidChangeSelectionNotification
EDITING DELEGATE: shouldChangeSelectedDOMRange:range from 15 of #text > DIV > BODY > HTML > #document to 15 of #text > DIV > BODY > HTML > #document toDOMRange:range from 11 of #text > DIV > BODY > HTML > #document to 4 of #text > DIV > BODY > HTML > #document affinity:NSSelectionAffinityDownstream stillSelecting:FALSE
EDITING DELEGATE: webViewDidChangeSelection:WebViewDidChangeSelectionNotification
EDITING DELEGATE: shouldChangeSelectedDOMRange:range from 11 of #text > DIV > BODY > HTML > #document to 4 of #text > DIV > BODY > HTML > #document toDOMRange:range from 1 of #text > DIV > BODY > HTML > #document to 4 of DIV > BODY > HTML > #document affinity:NSSelectionAffinityDownstream stillSelecting:FALSE
EDITING DELEGATE: webViewDidChangeSelection:WebViewDidChangeSelectionNotification
EDITING DELEGATE: shouldChangeSelectedDOMRange:range from 1 of #text > DIV > BODY > HTML > #document to 4 of DIV > BODY > HTML > #document toDOMRange:range from 1 of #text > DIV > BODY > HTML > #document to 5 of #text > DIV > BODY > HTML > #document affinity:NSSelectionAffinityDownstream stillSelecting:FALSE
EDITING DELEGATE: webViewDidChangeSelection:WebViewDidChangeSelectionNotification
layer at (0,0) size 800x600
  RenderView at (0,0) size 800x600
layer at (0,0) size 800x600
  RenderBlock {HTML} at (0,0) size 800x600
    RenderBody {BODY} at (8,8) size 784x584
      RenderBlock {P} at (0,0) size 784x20
        RenderText {#text} at (0,0) size 696x19
          text run at (0,0) width 368: "This tests modifying a selection created with a triple click. "
          text run at (368,0) width 328: "The new selection should use paragraph granularity."
      RenderBlock {P} at (0,36) size 784x60 [color=#008000]
        RenderText {#text} at (0,0) size 775x59
          text run at (0,0) width 223: "This test does not run interactively. "
          text run at (223,0) width 352: "It uses the testRunners eventSender to do mouse clicks. "
          text run at (575,0) width 200: "To run it manually, double click"
          text run at (0,20) width 284: "on the blue 'g', then drag down to the red 'g'. "
          text run at (284,20) width 490: "As you drag, watch the selection that is created, it should always start and end"
          text run at (0,40) width 160: "on paragraph boundaries."
      RenderBlock {DIV} at (0,112) size 784x120
        RenderText {#text} at (0,0) size 84x19
          text run at (0,0) width 84: "This is a para"
        RenderInline {SPAN} at (0,0) size 7x19 [color=#0000FF]
          RenderText {#text} at (84,0) size 7x19
            text run at (84,0) width 7: "g"
        RenderText {#text} at (91,0) size 32x19
          text run at (91,0) width 32: "raph."
        RenderBR {BR} at (123,0) size 0x19
        RenderText {#text} at (0,20) size 63x19
          text run at (0,20) width 63: "Some text"
        RenderBR {BR} at (63,20) size 0x19
        RenderText {#text} at (0,40) size 63x19
          text run at (0,40) width 63: "Some text"
        RenderBR {BR} at (63,40) size 0x19
        RenderText {#text} at (0,60) size 63x19
          text run at (0,60) width 63: "Some text"
        RenderBR {BR} at (63,60) size 0x19
        RenderText {#text} at (0,80) size 63x19
          text run at (0,80) width 63: "Some text"
        RenderBR {BR} at (63,80) size 0x19
        RenderText {#text} at (0,100) size 84x19
          text run at (0,100) width 84: "This is a para"
        RenderInline {SPAN} at (0,0) size 7x19 [color=#FF0000]
          RenderText {#text} at (84,100) size 7x19
            text run at (84,100) width 7: "g"
        RenderText {#text} at (91,100) size 32x19
          text run at (91,100) width 32: "raph."
selection start: position 1 of child 0 {#text} of child 5 {DIV} of body
selection end:   position 5 of child 14 {#text} of child 5 {DIV} of body
