EDITING DELEGATE: shouldBeginEditingInDOMRange:range from 0 of DIV > BODY > HTML > #document to 1 of DIV > BODY > HTML > #document
EDITING DELEGATE: webViewDidBeginEditing:WebViewDidBeginEditingNotification
EDITING DELEGATE: webViewDidChangeSelection:WebViewDidChangeSelectionNotification
EDITING DELEGATE: webViewDidChangeSelection:WebViewDidChangeSelectionNotification
EDITING DELEGATE: webViewDidChangeSelection:WebViewDidChangeSelectionNotification
EDITING DELEGATE: shouldChangeSelectedDOMRange:range from 5 of #text > DIV > BODY > HTML > #document to 5 of #text > DIV > BODY > HTML > #document toDOMRange:range from 4 of #text > A > DIV > BODY > HTML > #document to 4 of #text > A > DIV > BODY > HTML > #document affinity:NSSelectionAffinityDownstream stillSelecting:FALSE
EDITING DELEGATE: webViewDidChangeSelection:WebViewDidChangeSelectionNotification
EDITING DELEGATE: webViewDidChange:WebViewDidChangeNotification
EDITING DELEGATE: webViewDidChangeSelection:WebViewDidChangeSelectionNotification
layer at (0,0) size 800x600
  RenderView at (0,0) size 800x600
layer at (0,0) size 800x600
  RenderBlock {HTML} at (0,0) size 800x600
    RenderBody {BODY} at (8,8) size 784x584
      RenderBlock {P} at (0,0) size 784x40
        RenderText {#text} at (0,0) size 766x39
          text run at (0,0) width 555: "This tests for a bug when a selection is replaced by content with selectReplacement == true. "
          text run at (555,0) width 211: "Below, you should see 'A new link'"
          text run at (0,20) width 26: "and "
          text run at (26,20) width 146: "'link' should be selected."
      RenderBlock {DIV} at (0,56) size 784x20
        RenderText {#text} at (0,0) size 44x19
          text run at (0,0) width 44: "A new "
        RenderInline {A} at (0,0) size 21x19 [color=#0000EE]
          RenderText {#text} at (44,0) size 21x19
            text run at (44,0) width 21: "link"
selection start: position 0 of child 0 {#text} of child 1 {A} of child 2 {DIV} of body
selection end:   position 4 of child 0 {#text} of child 1 {A} of child 2 {DIV} of body
