EDITING DELEGATE: shouldBeginEditingInDOMRange:range from 0 of DIV > BODY > HTML > #document to 3 of DIV > BODY > HTML > #document
EDITING DELEGATE: webViewDidBeginEditing:WebViewDidBeginEditingNotification
EDITING DELEGATE: webViewDidChangeSelection:WebViewDidChangeSelectionNotification
EDITING DELEGATE: shouldChangeSelectedDOMRange:range from 0 of DIV > BODY > HTML > #document to 0 of DIV > BODY > HTML > #document toDOMRange:range from 1 of #text > DIV > BODY > HTML > #document to 3 of #text > DIV > BODY > HTML > #document affinity:NSSelectionAffinityDownstream stillSelecting:FALSE
EDITING DELEGATE: webViewDidChangeSelection:WebViewDidChangeSelectionNotification
EDITING DELEGATE: webViewDidChangeSelection:WebViewDidChangeSelectionNotification
EDITING DELEGATE: webViewDidChangeSelection:WebViewDidChangeSelectionNotification
EDITING DELEGATE: webViewDidChangeSelection:WebViewDidChangeSelectionNotification
EDITING DELEGATE: webViewDidChangeSelection:WebViewDidChangeSelectionNotification
layer at (0,0) size 800x600
  RenderView at (0,0) size 800x600
layer at (0,0) size 800x600
  RenderBlock {HTML} at (0,0) size 800x600
    RenderBody {BODY} at (8,8) size 784x584
      RenderBlock {P} at (0,0) size 784x40
        RenderText {#text} at (0,0) size 762x39
          text run at (0,0) width 737: "This tests that when a selection that ends at [replaced element, 0] is painted, the replaced element doesn't appear selected. "
          text run at (737,0) width 25: "This"
          text run at (0,20) width 261: "test uses an image for the replaced element."
      RenderBlock {DIV} at (0,56) size 784x108
        RenderText {#text} at (0,88) size 22x19
          text run at (0,88) width 22: "abc"
        RenderImage {IMG} at (22,0) size 76x103
        RenderText {#text} at (98,88) size 19x19
          text run at (98,88) width 19: "def"
selection start: position 1 of child 0 {#text} of child 3 {DIV} of body
selection end:   position 4 of child 0 {#text} of child 3 {DIV} of body
