EDITING DELEGATE: shouldChangeSelectedDOMRange:(null) toDOMRange:range from 11 of #text > DIV > #document-fragment to 11 of #text > DIV > #document-fragment affinity:NSSelectionAffinityDownstream stillSelecting:FALSE
EDITING DELEGATE: webViewDidChangeSelection:WebViewDidChangeSelectionNotification
EDITING DELEGATE: shouldChangeSelectedDOMRange:range from 11 of #text > DIV > #document-fragment to 11 of #text > DIV > #document-fragment toDOMRange:range from 11 of #text > DIV > #document-fragment to 12 of #text > DIV > #document-fragment affinity:NSSelectionAffinityDownstream stillSelecting:FALSE
EDITING DELEGATE: webViewDidChangeSelection:WebViewDidChangeSelectionNotification
EDITING DELEGATE: shouldChangeSelectedDOMRange:range from 11 of #text > DIV > #document-fragment to 12 of #text > DIV > #document-fragment toDOMRange:range from 0 of #text > DIV > #document-fragment to 12 of #text > DIV > #document-fragment affinity:NSSelectionAffinityDownstream stillSelecting:FALSE
EDITING DELEGATE: webViewDidChangeSelection:WebViewDidChangeSelectionNotification
EDITING DELEGATE: shouldChangeSelectedDOMRange:range from 0 of #text > DIV > #document-fragment to 12 of #text > DIV > #document-fragment toDOMRange:range from 11 of #text > DIV > #document-fragment to 17 of #text > DIV > #document-fragment affinity:NSSelectionAffinityDownstream stillSelecting:FALSE
EDITING DELEGATE: webViewDidChangeSelection:WebViewDidChangeSelectionNotification
EDITING DELEGATE: shouldChangeSelectedDOMRange:range from 11 of #text > DIV > #document-fragment to 17 of #text > DIV > #document-fragment toDOMRange:range from 11 of #text > DIV > #document-fragment to 12 of #text > DIV > #document-fragment affinity:NSSelectionAffinityDownstream stillSelecting:FALSE
EDITING DELEGATE: webViewDidChangeSelection:WebViewDidChangeSelectionNotification
layer at (0,0) size 800x600
  RenderView at (0,0) size 800x600
layer at (0,0) size 800x600
  RenderBlock {HTML} at (0,0) size 800x600
    RenderBody {BODY} at (8,8) size 784x576
      RenderBlock {P} at (0,0) size 784x40
        RenderText {#text} at (0,0) size 99x19
          text run at (0,0) width 99: "This is a test for "
        RenderInline {I} at (0,0) size 754x39
          RenderInline {A} at (0,0) size 350x19 [color=#0000EE]
            RenderText {#text} at (99,0) size 350x19
              text run at (99,0) width 350: "http://bugzilla.opendarwin.org/show_bug.cgi?id=9312"
          RenderText {#text} at (449,0) size 754x39
            text run at (449,0) width 4: " "
            text run at (453,0) width 301: "REGRESSION: Selection bug in new text fields"
            text run at (0,20) width 217: "when selecting past the first letter"
        RenderText {#text} at (217,20) size 4x19
          text run at (217,20) width 4: "."
      RenderBlock {HR} at (0,56) size 784x2 [border: (1px inset #000000)]
      RenderBlock {P} at (0,74) size 784x60
        RenderText {#text} at (0,0) size 782x59
          text run at (0,0) width 782: "Curabitur pretium, quam quis semper malesuada, est libero feugiat libero, vel fringilla orci nibh sed neque. Quisque eu nulla non nisi"
          text run at (0,20) width 753: "molestie accumsan. Etiam tellus urna, laoreet ac, laoreet non, suscipit sed, sapien. Phasellus vehicula, sem at posuere vehicula,"
          text run at (0,40) width 403: "augue nibh molestie nisl, nec ullamcorper lacus ante vulputate pede."
      RenderBlock (anonymous) at (0,150) size 784x93
        RenderTextControl {INPUT} at (20,20) size 295x53 [bgcolor=#FFFFFF] [border: (2px inset #000000)]
        RenderText {#text} at (0,0) size 0x0
      RenderBlock {P} at (0,259) size 784x60
        RenderText {#text} at (0,0) size 781x59
          text run at (0,0) width 781: "Cum sociis natoque penatibus et magnis dis parturient montes, nascetur ridiculus mus. Mauris viverra augue vitae purus. Morbi sed"
          text run at (0,20) width 713: "sem. Donec dui nisi, ultrices non, pretium quis, hendrerit non, est. Donec tellus. Donec eget dui id eros pharetra rutrum."
          text run at (0,40) width 649: "Suspendisse sodales lectus sit amet nulla. Morbi tortor arcu, convallis blandit, elementum eu, aliquet a, tellus."
layer at (40,190) size 271x29
  RenderBlock {DIV} at (12,12) size 271x29
    RenderText {#text} at (0,0) size 202x29
      text run at (0,0) width 202: "Lorem ipsum dolor"
selection start: position 11 of child 0 {#text} of child 0 {DIV} of {#document-fragment} of child 7 {INPUT} of body
selection end:   position 12 of child 0 {#text} of child 0 {DIV} of {#document-fragment} of child 7 {INPUT} of body
