layer at (0,0) size 800x600
  RenderView at (0,0) size 800x600
layer at (0,0) size 800x600
  RenderBlock {HTML} at (0,0) size 800x600
    RenderBody {BODY} at (8,8) size 784x584
      RenderBlock {P} at (0,0) size 784x20
        RenderText {#text} at (0,0) size 779x19
          text run at (0,0) width 779: "This test ensures selection that crosses the shadow DOM boundary of a readonly input element cannot be made by a mouse drag."
      RenderBlock {P} at (0,36) size 784x40
        RenderText {#text} at (0,0) size 777x39
          text run at (0,0) width 777: "To manually test, select text by a mouse drag starting in \"hello\" and ending in \"world\". Selection should only extend inside the input"
          text run at (0,20) width 50: "element."
      RenderBlock {DIV} at (0,92) size 784x26
        RenderTextControl {INPUT} at (0,0) size 63x26 [bgcolor=#FFFFFF] [border: (2px inset #000000)]
        RenderText {#text} at (63,4) size 4x19
          text run at (63,4) width 4: " "
        RenderInline {SPAN} at (0,0) size 35x19
          RenderText {#text} at (67,4) size 35x19
            text run at (67,4) width 35: "world"
        RenderText {#text} at (0,0) size 0x0
layer at (11,103) size 57x20
  RenderBlock {DIV} at (3,3) size 57x20
    RenderText {#text} at (0,0) size 33x20
      text run at (0,0) width 33: "hello"
selection start: position 4 of child 0 {#text} of child 0 {DIV} of {#document-fragment} of child 1 {INPUT} of child 5 {DIV} of body
selection end:   position 5 of child 0 {#text} of child 0 {DIV} of {#document-fragment} of child 1 {INPUT} of child 5 {DIV} of body
