layer at (0,0) size 800x600
  RenderView at (0,0) size 800x600
layer at (0,0) size 800x600
  RenderBlock {HTML} at (0,0) size 800x600
    RenderBody {BODY} at (8,8) size 784x584
      RenderBlock {H3} at (0,0) size 784x23
        RenderText {#text} at (0,0) size 66x22
          text run at (0,0) width 66: "Test for "
        RenderInline {A} at (0,0) size 155x22 [color=#0000EE]
          RenderText {#text} at (66,0) size 155x22
            text run at (66,0) width 155: "WebKit bug 29968"
        RenderText {#text} at (221,0) size 560x22
          text run at (221,0) width 560: ": Selecting text with text-overflow ellipsis should not show cut off text"
layer at (8,50) size 95x20 scrollWidth 121
  RenderBlock {DIV} at (0,41) size 95x21
    RenderText {#text} at (0,0) size 121x19
      text run at (0,0) width 121: "Lorem ipsum dolor"
selection start: position 0 of child 0 {#text} of child 3 {DIV} of body
selection end:   position 11 of child 0 {#text} of child 3 {DIV} of body
