layer at (0,0) size 800x600
  RenderView at (0,0) size 800x600
layer at (0,0) size 800x600
  RenderBlock {HTML} at (0,0) size 800x600
    RenderBody {BODY} at (8,8) size 784x576
      RenderBlock {P} at (0,0) size 784x20
        RenderText {#text} at (0,0) size 326x19
          text run at (0,0) width 326: "This tests Range.selectNode() of a text node and a br."
      RenderBlock {DIV} at (0,36) size 784x20
        RenderText {#text} at (0,0) size 22x19
          text run at (0,0) width 22: "one"
      RenderBlock {DIV} at (0,56) size 784x40
        RenderText {#text} at (0,0) size 23x19
          text run at (0,0) width 23: "two"
        RenderBR {BR} at (23,0) size 0x19
        RenderText {#text} at (0,20) size 30x19
          text run at (0,20) width 30: "three"
      RenderBlock {DIV} at (0,96) size 784x20
        RenderText {#text} at (0,0) size 24x19
          text run at (0,0) width 24: "four"
      RenderBlock {UL} at (0,132) size 784x20
        RenderListItem {LI} at (40,0) size 744x20
          RenderListMarker at (-18,0) size 7x19: bullet
          RenderText {#text} at (0,0) size 53x19
            text run at (0,0) width 53: "Success."
