layer at (0,0) size 800x600
  RenderView at (0,0) size 800x600
layer at (0,0) size 800x600
  RenderBlock {HTML} at (0,0) size 800x600
    RenderBody {BODY} at (8,8) size 784x584
      RenderBlock {P} at (0,0) size 784x20
        RenderText {#text} at (0,0) size 779x19
          text run at (0,0) width 779: "This test ensures selection that crosses the shadow DOM boundary of a readonly input element cannot be made by a mouse drag."
      RenderBlock {P} at (0,36) size 784x40
        RenderText {#text} at (0,0) size 767x39
          text run at (0,0) width 767: "To manually test, select text by a mouse drag starting in \"hello\" and ending in \"WebKit\". Selection should extend only in the input"
          text run at (0,20) width 171: "element that contains \"hello\"."
      RenderBlock {DIV} at (0,92) size 784x30
        RenderTextControl {INPUT} at (0,2) size 63x26 [bgcolor=#FFFFFF] [border: (2px inset #000000)]
        RenderText {#text} at (63,6) size 4x19
          text run at (63,6) width 4: " "
        RenderInline {SPAN} at (0,0) size 35x19
          RenderText {#text} at (67,6) size 35x19
            text run at (67,6) width 35: "world"
        RenderText {#text} at (102,6) size 4x19
          text run at (102,6) width 4: " "
        RenderTextControl {INPUT} at (106,2) size 63x26 [bgcolor=#FFFFFF] [border: (2px inset #000000)]
        RenderText {#text} at (0,0) size 0x0
layer at (10,105) size 59x20
  RenderBlock {DIV} at (2,3) size 59x20
    RenderText {#text} at (0,0) size 33x20
      text run at (0,0) width 33: "hello"
layer at (116,105) size 59x20
  RenderBlock {DIV} at (2,3) size 59x20
    RenderText {#text} at (0,0) size 51x20
      text run at (0,0) width 51: "WebKit"
caret: position 5 of child 0 {#text} of child 0 {DIV} of {#document-fragment} of child 1 {INPUT} of child 5 {DIV} of body
