EDITING DELEGATE: shouldBeginEditingInDOMRange:range from 0 of DIV > BODY > HTML > #document to 3 of DIV > BODY > HTML > #document
EDITING DELEGATE: webViewDidBeginEditing:WebViewDidBeginEditingNotification
EDITING DELEGATE: webViewDidChangeSelection:WebViewDidChangeSelectionNotification
EDITING DELEGATE: shouldChangeSelectedDOMRange:range from 0 of DIV > DIV > BODY > HTML > #document to 0 of DIV > DIV > BODY > HTML > #document toDOMRange:range from 1 of #text > DIV > DIV > BODY > HTML > #document to 180 of #text > DIV > DIV > BODY > HTML > #document affinity:NSSelectionAffinityDownstream stillSelecting:FALSE
EDITING DELEGATE: webViewDidChangeSelection:WebViewDidChangeSelectionNotification
layer at (0,0) size 820x900
  RenderView at (0,0) size 785x585
layer at (0,0) size 785x900
  RenderBlock {HTML} at (0,0) size 785x900
    RenderBody {BODY} at (8,64) size 769x772
      RenderBlock {DIV} at (64,0) size 748x772 [border: (50px solid #FF0000)]
        RenderBlock {DIV} at (74,74) size 600x624
          RenderText {#text} at (0,10) size 583x123
            text run at (0,10) width 550: "Four score and seven years ago our fathers brought forth,"
            text run at (550,10) width 6: " "
            text run at (0,58) width 577: "upon this continent, a new nation, conceived in Liberty, and"
            text run at (577,58) width 6: " "
            text run at (0,106) width 393: "dedicated to the proposition that all men "
          RenderBR {BR} at (0,0) size 0x0
          RenderText {#text} at (0,154) size 585x123
            text run at (0,154) width 568: "are created equal. Now we are engaged in a great civil war,"
            text run at (568,154) width 6: " "
            text run at (0,202) width 579: "testing whether that nation, or any nation, so conceived, and"
            text run at (579,202) width 6: " "
            text run at (0,250) width 564: "so dedicated, can long endure. We are met here on a great "
          RenderBR {BR} at (564,240) size 0x27
          RenderText {#text} at (0,298) size 600x171
            text run at (0,298) width 594: "battlefield of that war. We have come to dedicate a portion of"
            text run at (594,298) width 6: " "
            text run at (0,346) width 569: "it as a final resting place for those who here gave their lives"
            text run at (569,346) width 6: " "
            text run at (0,394) width 570: "that that nation might live. It is altogether fitting and proper"
            text run at (570,394) width 6: " "
            text run at (0,442) width 222: "that we should do this. "
          RenderBR {BR} at (222,432) size 0x27
          RenderText {#text} at (0,490) size 583x123
            text run at (0,490) width 550: "Four score and seven years ago our fathers brought forth,"
            text run at (550,490) width 6: " "
            text run at (0,538) width 577: "upon this continent, a new nation, conceived in Liberty, and"
            text run at (577,538) width 6: " "
            text run at (0,586) width 564: "dedicated to the proposition that all men are created equal."
selection start: position 1 of child 0 {#text} of child 1 {DIV} of child 1 {DIV} of body
selection end:   position 180 of child 6 {#text} of child 1 {DIV} of child 1 {DIV} of body
