EDITING DELEGATE: shouldBeginEditingInDOMRange:range from 0 of DIV > BODY > HTML > #document to 3 of DIV > BODY > HTML > #document
EDITING DELEGATE: webViewDidBeginEditing:WebViewDidBeginEditingNotification
EDITING DELEGATE: shouldChangeSelectedDOMRange:(null) toDOMRange:range from 30 of #text > PRE > DIV > DIV > BODY > HTML > #document to 30 of #text > PRE > DIV > DIV > BODY > HTML > #document affinity:NSSelectionAffinityDownstream stillSelecting:FALSE
EDITING DELEGATE: webViewDidChangeSelection:WebViewDidChangeSelectionNotification
EDITING DELEGATE: shouldChangeSelectedDOMRange:range from 30 of #text > PRE > DIV > DIV > BODY > HTML > #document to 30 of #text > PRE > DIV > DIV > BODY > HTML > #document toDOMRange:range from 27 of #text > PRE > DIV > DIV > BODY > HTML > #document to 30 of #text > PRE > DIV > DIV > BODY > HTML > #document affinity:NSSelectionAffinityDownstream stillSelecting:FALSE
EDITING DELEGATE: webViewDidChangeSelection:WebViewDidChangeSelectionNotification
EDITING DELEGATE: shouldChangeSelectedDOMRange:range from 27 of #text > PRE > DIV > DIV > BODY > HTML > #document to 30 of #text > PRE > DIV > DIV > BODY > HTML > #document toDOMRange:range from 16 of #text > PRE > DIV > DIV > BODY > HTML > #document to 30 of #text > PRE > DIV > DIV > BODY > HTML > #document affinity:NSSelectionAffinityDownstream stillSelecting:FALSE
EDITING DELEGATE: webViewDidChangeSelection:WebViewDidChangeSelectionNotification
layer at (0,0) size 800x600
  RenderView at (0,0) size 800x600
layer at (0,0) size 800x600
  RenderBlock {HTML} at (0,0) size 800x600
    RenderBody {BODY} at (8,8) size 784x584
      RenderBlock {P} at (0,0) size 784x20
        RenderText {#text} at (0,0) size 677x19
          text run at (0,0) width 379: "This tests modifying a selection created with a double click. "
          text run at (379,0) width 298: "The new selection should use word granularity."
      RenderBlock {P} at (0,36) size 784x40 [color=#008000]
        RenderText {#text} at (0,0) size 784x39
          text run at (0,0) width 223: "This test does not run interactively. "
          text run at (223,0) width 352: "It uses the testRunners eventSender to do mouse clicks. "
          text run at (575,0) width 209: "To run it manually, triple click on"
          text run at (0,20) width 432: "the second line in the box below (anywhere after \"whitespace:pre\"). "
          text run at (432,20) width 273: "The triple click should select the entire line."
      RenderBlock {DIV} at (0,92) size 784x60
        RenderBlock {DIV} at (0,0) size 784x60 [border: (1px solid #0000FF)]
          RenderBlock {PRE} at (1,14) size 782x32
            RenderText {#text} at (0,0) size 120x32
              text run at (0,0) width 120: "this text is in"
              text run at (120,0) width 0: " "
              text run at (0,16) width 112: "whitespace:pre"
selection start: position 16 of child 0 {#text} of child 1 {PRE} of child 1 {DIV} of child 5 {DIV} of body
selection end:   position 30 of child 0 {#text} of child 1 {PRE} of child 1 {DIV} of child 5 {DIV} of body
