EDITING DELEGATE: shouldBeginEditingInDOMRange:range from 0 of DIV > BODY > HTML > #document to 4 of DIV > BODY > HTML > #document
EDITING DELEGATE: webViewDidBeginEditing:WebViewDidBeginEditingNotification
EDITING DELEGATE: webViewDidChangeSelection:WebViewDidChangeSelectionNotification
EDITING DELEGATE: webViewDidChangeSelection:WebViewDidChangeSelectionNotification
layer at (0,0) size 820x585
  RenderView at (0,0) size 800x585
layer at (0,0) size 800x585
  RenderBlock {HTML} at (0,0) size 800x585
    RenderBody {BODY} at (8,64) size 784x457
      RenderBlock {DIV} at (64,0) size 748x196 [border: (50px solid #FF0000)]
        RenderInline {SPAN} at (0,0) size 32x27
          RenderText {#text} at (74,84) size 32x27
            text run at (74,84) width 32: "foo"
        RenderText {#text} at (106,84) size 39x27
          text run at (106,84) width 39: " baz"
caret: position 1 of child 3 {#text} of child 1 {DIV} of body
