layer at (0,0) size 800x600
  RenderView at (0,0) size 800x600
layer at (0,0) size 800x275
  RenderBlock {HTML} at (0,0) size 800x275
    RenderBody {BODY} at (8,16) size 784x246
      RenderBlock {P} at (0,0) size 784x20
        RenderText {#text} at (0,0) size 644x19
          text run at (0,0) width 644: "This tests horizontal caret movement in vertical writing mode. \"\x{3042}\x{308B}\x{3002}\" and \"\x{540D}\x{524D}\x{306F}\x{307E}\x{3060}\" must be selected."
      RenderBlock {DIV} at (0,36) size 72x210
        RenderBlock {P} at (16,0) size 40x210
          RenderText {#text} at (0,0) size 19x118
            text run at (0,0) width 118: "\x{543E}\x{8F29}\x{306F}\x{732B}\x{3067}\x{3042}\x{308B}\x{3002}"
          RenderBR {BR} at (0,118) size 19x0
          RenderText {#text} at (20,0) size 19x119
            text run at (20,0) width 119: "\x{540D}\x{524D}\x{306F}\x{307E}\x{3060}\x{7121}\x{3044}\x{3002}"
      RenderBlock {PRE} at (0,259) size 784x0
selection start: position 5 of child 0 {#text} of child 1 {P} of child 3 {DIV} of body
selection end:   position 5 of child 2 {#text} of child 1 {P} of child 3 {DIV} of body
