layer at (0,0) size 800x600
  RenderView at (0,0) size 800x600
layer at (0,0) size 800x210
  RenderBlock {HTML} at (0,0) size 800x210
    RenderBody {BODY} at (8,16) size 784x178
      RenderBlock {P} at (0,0) size 784x20
        RenderText {#text} at (0,0) size 627x19
          text run at (0,0) width 627: "The following square should contain exactly two bands, one yellow, one lime, with no red visible."
      RenderTable {TABLE} at (0,36) size 106x106 [bgcolor=#FF0000] [border: (3px solid #000000)]
        RenderTableSection {TBODY} at (3,3) size 100x100
          RenderTableRow {TR} at (0,0) size 100x100
            RenderTableCell {TD} at (0,0) size 50x100 [r=0 c=0 rs=1 cs=1]
              RenderBlock {DIV} at (0,0) size 50x50 [bgcolor=#FF0000]
                RenderBlock {DIV} at (0,0) size 50x50 [bgcolor=#FFFF00]
              RenderBlock {DIV} at (0,50) size 50x50 [bgcolor=#00FF00]
            RenderTableCell {TD} at (50,0) size 50x100 [r=0 c=1 rs=1 cs=1]
              RenderBlock {DIV} at (0,0) size 50x50 [border: (50px solid #FFFF00) none]
              RenderBlock {DIV} at (0,50) size 50x50 [border: (50px solid #00FF00) none]
      RenderBlock {P} at (0,158) size 784x20
        RenderText {#text} at (0,0) size 266x19
          text run at (0,0) width 266: "This test is meaningless if you don't pass "
        RenderInline {A} at (0,0) size 51x19 [color=#0000EE]
          RenderText {#text} at (265,0) size 51x19
            text run at (265,0) width 51: "test 018"
        RenderText {#text} at (315,0) size 5x19
          text run at (315,0) width 5: "."
