layer at (0,0) size 800x600
  RenderView at (0,0) size 800x600
layer at (0,0) size 800x431
  RenderBlock {HTML} at (0,0) size 800x431
    RenderBody {BODY} at (8,8) size 784x415
      RenderBlock {DIV} at (0,0) size 400x415
        RenderBlock {DIV} at (0,0) size 400x40
          RenderText {#text} at (0,0) size 370x39
            text run at (0,0) width 370: "There should be no vertical space between the two blocks"
            text run at (0,20) width 43: "below."
        RenderBlock (floating) {DIV} at (0,40) size 100x100 [bgcolor=#008000]
        RenderImage {IMG} at (0,140) size 395x275 [bgcolor=#FFFF00]
