layer at (0,0) size 800x1739
  RenderView at (0,0) size 800x600
layer at (0,0) size 800x1739
  RenderBlock {HTML} at (0,0) size 800x1739
    RenderBody {BODY} at (8,20) size 784x1699 [bgcolor=#A6A972]
      RenderBlock {DIV} at (91,0) size 602x1699 [bgcolor=#FDFDE9] [border: (1px solid #000000)]
        RenderBlock {DIV} at (1,31) size 600x70
        RenderBlock {DIV} at (1,114) size 600x1513
          RenderBlock {P} at (20,0) size 560x80 [color=#333333]
            RenderText {#text} at (0,2) size 537x36
              text run at (0,2) width 537: "We are trying to understand how UVic students perform Shakespeare related research for"
              text run at (0,22) width 272: "classes as well as for their own interest. The "
            RenderInline {A} at (0,0) size 179x16
              RenderText {#text} at (271,22) size 179x16
                text run at (271,22) width 179: "Internet Shakespeare Editions"
            RenderText {#text} at (449,22) size 553x56
              text run at (449,22) width 61: " are being"
              text run at (0,42) width 282: "developed for students as well as Shakespeare "
              text run at (281,42) width 272: "scholars world wide to better understand the"
              text run at (0,62) width 249: "man, his plays and our interpretations of "
              text run at (248,62) width 37: "them."
          RenderBlock {P} at (20,93) size 560x21 [color=#333333]
            RenderText {#text} at (0,2) size 475x16
              text run at (0,2) width 475: "Please take the time to carefully review and complete the following questions."
          RenderBlock {FORM} at (20,138) size 560x1342
            RenderBlock {H2} at (0,0) size 560x17 [color=#333333]
              RenderText {#text} at (0,0) size 202x17
                text run at (0,0) width 202: "PERSONAL INFORMATION"
            RenderBlock (floating) {SPAN} at (0,27) size 325x20 [color=#333333]
              RenderText {#text} at (0,2) size 70x16
                text run at (0,2) width 70: "Your Name*"
            RenderTextControl {INPUT} at (325,27) size 193x22 [bgcolor=#FFFFFF] [border: (1px solid #3C3C4399)]
            RenderBlock (floating) {SPAN} at (0,48) size 325x21 [color=#333333]
              RenderText {#text} at (0,2) size 124x16
                text run at (0,2) width 124: "Your e-mail address*"
            RenderTextControl {INPUT} at (325,48) size 193x22 [bgcolor=#FFFFFF] [border: (1px solid #3C3C4399)]
            RenderBlock (floating) {SPAN} at (0,69) size 325x21 [color=#333333]
              RenderText {#text} at (0,2) size 131x16
                text run at (0,2) width 131: "Your degree program*"
            RenderMenuList {SELECT} at (325,69) size 180x21 [color=#007AFF] [bgcolor=#E9E9EA] [border: (1px solid #FFFFFF)]
              RenderBlock (anonymous) at (6,3) size 168x14
                RenderText at (0,0) size 87x14
                  text run at (0,0) width 87: "Program options"
            RenderBlock (floating) {SPAN} at (0,89) size 325x21 [color=#333333]
              RenderText {#text} at (0,2) size 115x16
                text run at (0,2) width 115: "Your year of study*"
            RenderMenuList {SELECT} at (325,89) size 180x21 [color=#007AFF] [bgcolor=#E9E9EA] [border: (1px solid #FFFFFF)]
              RenderBlock (anonymous) at (6,3) size 168x14
                RenderText at (0,0) size 122x14
                  text run at (0,0) width 122: "Years you've been here"
            RenderBlock (floating) {SPAN} at (0,109) size 325x21 [color=#333333]
              RenderText {#text} at (0,2) size 157x16
                text run at (0,2) width 157: "Shakespeare classes taken"
            RenderMenuList {SELECT} at (325,109) size 180x21 [color=#007AFF] [bgcolor=#E9E9EA] [border: (1px solid #FFFFFF)]
              RenderBlock (anonymous) at (6,3) size 168x14
                RenderText at (0,0) size 74x14
                  text run at (0,0) width 74: "Number taken"
            RenderBlock {P} at (0,143) size 560x21 [color=#333333]
              RenderText {#text} at (0,2) size 161x16
                text run at (0,2) width 161: "* indicates a required field"
            RenderBlock {H2} at (0,188) size 560x18 [color=#333333]
              RenderText {#text} at (0,0) size 298x17
                text run at (0,0) width 298: "SHAKESPEARE RESEARCH QUESTIONS"
            RenderBlock (floating) {SPAN} at (0,215) size 325x21 [color=#333333]
              RenderText {#text} at (0,2) size 286x36
                text run at (0,2) width 286: "What percentage of your research time is spent"
                text run at (0,22) width 42: "online?"
            RenderMenuList {SELECT} at (325,215) size 180x21 [color=#007AFF] [bgcolor=#E9E9EA] [border: (1px solid #FFFFFF)]
              RenderBlock (anonymous) at (6,3) size 168x14
                RenderText at (0,0) size 106x14
                  text run at (0,0) width 106: "Percentages of time"
            RenderBlock (floating) {SPAN} at (0,235) size 325x21 [color=#333333]
              RenderText {#text} at (0,2) size 308x36
                text run at (0,2) width 308: "What is holding you back from doing more research"
                text run at (0,22) width 42: "online?"
            RenderMenuList {SELECT} at (325,235) size 180x21 [color=#007AFF] [bgcolor=#E9E9EA] [border: (1px solid #FFFFFF)]
              RenderBlock (anonymous) at (6,3) size 168x14
                RenderText at (0,0) size 45x14
                  text run at (0,0) width 45: "Reasons"
            RenderBlock (floating) {SPAN} at (0,255) size 325x21 [color=#333333]
              RenderText {#text} at (0,2) size 228x16
                text run at (0,2) width 228: "Your research is primarily focused on:"
            RenderBlock {SPAN} at (325,255) size 180x23 [color=#333333]
              RenderBlock {INPUT} at (2,3) size 16x16 [color=#000000] [bgcolor=#FFFFFF03]
              RenderText {#text} at (20,4) size 33x16
                text run at (20,4) width 33: "Texts"
            RenderBlock {SPAN} at (325,277) size 180x23 [color=#333333]
              RenderBlock {INPUT} at (2,3) size 16x16 [color=#000000] [bgcolor=#FFFFFF03]
              RenderText {#text} at (20,4) size 137x16
                text run at (20,4) width 137: "Performance materials"
            RenderBlock {SPAN} at (325,299) size 180x23 [color=#333333]
              RenderBlock {INPUT} at (2,3) size 16x16 [color=#000000] [bgcolor=#FFFFFF03]
              RenderText {#text} at (20,4) size 22x16
                text run at (20,4) width 22: "n/a"
            RenderBlock {H2} at (0,346) size 560x18 [color=#333333]
              RenderText {#text} at (0,0) size 373x17
                text run at (0,0) width 373: "INTERNET SHAKESPEARE EDITIONS QUESTIONS"
            RenderBlock (floating) {SPAN} at (0,373) size 325x21 [color=#333333]
              RenderText {#text} at (0,2) size 312x16
                text run at (0,2) width 312: "Have you used UVic's Internet Shakespeare Editions?"
            RenderBlock {SPAN} at (325,373) size 180x23 [color=#333333]
              RenderText {#text} at (0,4) size 21x16
                text run at (0,4) width 21: "Yes"
              RenderBlock {INPUT} at (22,3) size 17x16 [color=#000000] [bgcolor=#FFFFFF03]
              RenderText {#text} at (40,4) size 20x16
                text run at (40,4) width 5: " "
                text run at (44,4) width 16: "No"
              RenderBlock {INPUT} at (61,3) size 17x16 [color=#000000] [bgcolor=#FFFFFF03]
              RenderText {#text} at (0,0) size 0x0
            RenderBlock {P} at (0,408) size 560x21 [color=#333333]
              RenderText {#text} at (0,2) size 388x16
                text run at (0,2) width 388: "-- If you answered no to this question, skip to the next section --"
            RenderBlock (floating) {SPAN} at (0,441) size 325x21 [color=#333333]
              RenderText {#text} at (0,2) size 282x16
                text run at (0,2) width 282: "Which area of the ISE did you find most useful?"
            RenderMenuList {SELECT} at (325,441) size 180x21 [color=#007AFF] [bgcolor=#E9E9EA] [border: (1px solid #FFFFFF)]
              RenderBlock (anonymous) at (6,3) size 168x14
                RenderText at (0,0) size 100x14
                  text run at (0,0) width 100: "Sections of the ISE"
            RenderBlock (floating) {SPAN} at (0,461) size 325x21 [color=#333333]
              RenderText {#text} at (0,2) size 257x16
                text run at (0,2) width 257: "How did you find the navigation of the ISE?"
            RenderMenuList {SELECT} at (325,461) size 180x21 [color=#007AFF] [bgcolor=#E9E9EA] [border: (1px solid #FFFFFF)]
              RenderBlock (anonymous) at (6,3) size 168x14
                RenderText at (0,0) size 91x14
                  text run at (0,0) width 91: "Level of difficulty"
            RenderBlock (floating) {SPAN} at (0,481) size 325x21 [color=#333333]
              RenderText {#text} at (0,2) size 214x16
                text run at (0,2) width 214: "Please describe your use of the ISE."
            RenderBlock {H2} at (0,637) size 560x18 [color=#333333]
              RenderText {#text} at (0,0) size 290x17
                text run at (0,0) width 290: "TOOLS IN DEVELOPMENT QUESTIONS"
            RenderBlock {P} at (0,668) size 560x61 [color=#333333]
              RenderText {#text} at (0,2) size 555x56
                text run at (0,2) width 463: "We are in the process of both making new material available and developing "
                text run at (462,2) width 75: "new tools to"
                text run at (0,22) width 393: "view and extrapolate information from Shakespeare's works. The "
                text run at (392,22) width 163: "following images are visual"
                text run at (0,42) width 353: "representations of some of the ideas being thrown around."
            RenderBlock {P} at (0,741) size 560x21 [color=#333333]
              RenderText {#text} at (0,2) size 347x16
                text run at (0,2) width 347: "Please review them carefully and provide feedback below"
            RenderBlock (floating) {SPAN} at (0,774) size 325x21 [color=#333333]
              RenderText {#text} at (0,2) size 149x16
                text run at (0,2) width 149: "Your comments on Fig. 1"
            RenderBlock (floating) {SPAN} at (0,905) size 325x21 [color=#333333]
              RenderText {#text} at (0,2) size 149x16
                text run at (0,2) width 149: "Your comments on Fig. 2"
            RenderBlock (floating) {SPAN} at (0,1036) size 325x21 [color=#333333]
              RenderText {#text} at (0,2) size 149x16
                text run at (0,2) width 149: "Your comments on Fig. 3"
            RenderBlock {H2} at (0,1187) size 560x18 [color=#333333]
              RenderText {#text} at (0,0) size 143x17
                text run at (0,0) width 143: "OTHER FEEDBACK"
            RenderBlock (floating) {SPAN} at (0,1214) size 325x21 [color=#333333]
              RenderText {#text} at (0,2) size 228x16
                text run at (0,2) width 228: "Please enter any other thoughts here."
          RenderBlock {P} at (20,1492) size 560x21 [color=#333333]
            RenderText {#text} at (0,2) size 237x16
              text run at (0,2) width 237: "Thank you for your time filling this out."
        RenderBlock {DIV} at (1,1646) size 600x52 [border: (1px dashed #A6A972) none]
          RenderBlock {SPAN} at (0,16) size 600x20 [color=#333333]
            RenderText {#text} at (245,2) size 110x16
              text run at (245,2) width 110: "\x{A9}2003 Kevin Davis"
layer at (452,303) size 180x14
  RenderBlock {DIV} at (6,3) size 181x15
layer at (452,324) size 180x14
  RenderBlock {DIV} at (6,3) size 181x15
layer at (120,780) size 513x106 clip at (121,781) size 511x104
  RenderTextControl {TEXTAREA} at (0,506) size 513x107 [bgcolor=#FFFFFF] [border: (1px solid #3C3C4399)]
    RenderBlock {DIV} at (6,3) size 501x14
layer at (120,1068) size 513x106 clip at (121,1069) size 511x104
  RenderTextControl {TEXTAREA} at (0,794) size 513x107 [bgcolor=#FFFFFF] [border: (1px solid #3C3C4399)]
    RenderBlock {DIV} at (6,3) size 501x14
layer at (120,1199) size 513x106 clip at (121,1200) size 511x104
  RenderTextControl {TEXTAREA} at (0,925) size 513x107 [bgcolor=#FFFFFF] [border: (1px solid #3C3C4399)]
    RenderBlock {DIV} at (6,3) size 501x14
layer at (120,1330) size 513x106 clip at (121,1331) size 511x104
  RenderTextControl {TEXTAREA} at (0,1056) size 513x107 [bgcolor=#FFFFFF] [border: (1px solid #3C3C4399)]
    RenderBlock {DIV} at (6,3) size 501x14
layer at (120,1508) size 513x106 clip at (121,1509) size 511x104
  RenderTextControl {TEXTAREA} at (0,1234) size 513x107 [bgcolor=#FFFFFF] [border: (1px solid #3C3C4399)]
    RenderBlock {DIV} at (6,3) size 501x14
