layer at (0,0) size 785x4256
  RenderView at (0,0) size 785x600
layer at (0,0) size 785x4256
  RenderBlock {HTML} at (0,0) size 785x4256
    RenderBody {BODY} at (8,8) size 769x4238
      RenderBlock {DIV} at (0,0) size 769x112
        RenderBlock (anonymous) at (0,0) size 769x40
          RenderText {#text} at (0,0) size 767x39
            text run at (0,0) width 549: "Test how many resize events are emitted during page load and dynamic content generation. "
            text run at (549,0) width 218: "Do not resize the page. It invalidates"
            text run at (0,20) width 47: "the test."
        RenderBlock {P} at (0,56) size 769x56
          RenderBlock (anonymous) at (0,0) size 769x20
            RenderText {#text} at (10,0) size 172x19
              text run at (10,0) width 172: "Resize events (should be 0): "
            RenderInline {SPAN} at (0,0) size 8x19
              RenderText {#text} at (182,0) size 8x19
                text run at (182,0) width 8: "0"
            RenderText {#text} at (0,0) size 0x0
          RenderBlock {P} at (0,36) size 769x20 [color=#008000]
            RenderText {#text} at (10,0) size 38x19
              text run at (10,0) width 38: "PASS"
      RenderBlock {DIV} at (0,128) size 769x4110
        RenderBlock {DIV} at (10,0) size 749x402 [border: (1px solid #000000)]
        RenderBlock {DIV} at (10,412) size 749x402 [border: (1px solid #000000)]
        RenderBlock {DIV} at (10,824) size 749x402 [border: (1px solid #000000)]
        RenderBlock {DIV} at (10,1236) size 749x402 [border: (1px solid #000000)]
        RenderBlock {DIV} at (10,1648) size 749x402 [border: (1px solid #000000)]
        RenderBlock {DIV} at (10,2060) size 749x402 [border: (1px solid #000000)]
        RenderBlock {DIV} at (10,2472) size 749x402 [border: (1px solid #000000)]
        RenderBlock {DIV} at (10,2884) size 749x402 [border: (1px solid #000000)]
        RenderBlock {DIV} at (10,3296) size 749x402 [border: (1px solid #000000)]
        RenderBlock {DIV} at (10,3708) size 749x402 [border: (1px solid #000000)]
