layer at (0,0) size 800x620
  RenderView at (0,0) size 800x600
layer at (0,0) size 800x620
  RenderBlock {HTML} at (0,0) size 800x620
    RenderBody {BODY} at (8,8) size 784x604
      RenderTable {TABLE} at (0,0) size 73x32 [border: (2px solid #FF0000)]
        RenderTableSection {TBODY} at (2,2) size 69x28
          RenderTableRow {TR} at (0,2) size 69x24
            RenderTableCell {TD} at (2,2) size 31x24 [border: (1px inset #FF0000)] [r=0 c=0 rs=1 cs=1]
              RenderText {#text} at (2,2) size 27x19
                text run at (2,2) width 27: "One"
            RenderTableCell {TD} at (34,2) size 33x24 [border: (1px inset #FF0000)] [r=0 c=1 rs=1 cs=1]
              RenderText {#text} at (2,2) size 29x19
                text run at (2,2) width 29: "Two"
      RenderBlock (anonymous) at (0,32) size 784x20
        RenderBR {BR} at (0,0) size 0x19
      RenderTable {TABLE} at (0,52) size 75x34 [border: (3px solid #FF0000)]
        RenderTableSection {TBODY} at (3,3) size 69x28
          RenderTableRow {TR} at (0,2) size 69x24
            RenderTableCell {TD} at (2,2) size 31x24 [border: (1px inset #FF0000)] [r=0 c=0 rs=1 cs=1]
              RenderText {#text} at (2,2) size 27x19
                text run at (2,2) width 27: "One"
            RenderTableCell {TD} at (34,2) size 33x24 [border: (1px inset #FF0000)] [r=0 c=1 rs=1 cs=1]
              RenderText {#text} at (2,2) size 29x19
                text run at (2,2) width 29: "Two"
      RenderTable {TABLE} at (0,86) size 64x30 [border: (1px outset #808080)]
        RenderTableSection {TBODY} at (1,1) size 62x28
          RenderTableRow {TR} at (0,2) size 62x24
            RenderTableCell {TD} at (2,2) size 28x24 [border: (1px inset #808080)] [r=0 c=0 rs=1 cs=1]
              RenderText {#text} at (2,2) size 24x19
                text run at (2,2) width 24: "one"
            RenderTableCell {TD} at (31,2) size 29x24 [border: (1px inset #808080)] [r=0 c=1 rs=1 cs=1]
              RenderText {#text} at (2,2) size 24x19
                text run at (2,2) width 24: "two"
      RenderBlock (anonymous) at (0,116) size 784x20
        RenderBR {BR} at (0,0) size 0x19
      RenderTable {TABLE} at (0,136) size 68x26
        RenderTableSection {TBODY} at (0,0) size 68x26
          RenderTableRow {TR} at (0,2) size 68x22
            RenderTableCell {TD} at (2,2) size 18x22 [r=0 c=0 rs=1 cs=1]
              RenderText {#text} at (1,1) size 16x19
                text run at (1,1) width 16: "no"
            RenderTableCell {TD} at (22,2) size 44x22 [r=0 c=1 rs=1 cs=1]
              RenderText {#text} at (1,1) size 42x19
                text run at (1,1) width 42: "border"
      RenderBlock (anonymous) at (0,162) size 784x20
        RenderText {#text} at (0,0) size 68x19
          text run at (0,0) width 68: "This table:"
      RenderTable {TABLE} at (0,182) size 71x30 [border: (1px solid #FF0000)]
        RenderTableSection {TBODY} at (1,1) size 69x28
          RenderTableRow {TR} at (0,2) size 69x24
            RenderTableCell {TD} at (2,2) size 31x24 [border: (1px inset #FF0000)] [r=0 c=0 rs=1 cs=1]
              RenderText {#text} at (2,2) size 27x19
                text run at (2,2) width 27: "One"
            RenderTableCell {TD} at (34,2) size 33x24 [border: (1px inset #FF0000)] [r=0 c=1 rs=1 cs=1]
              RenderText {#text} at (2,2) size 29x19
                text run at (2,2) width 29: "Two"
      RenderBlock (anonymous) at (0,212) size 784x40
        RenderBR {BR} at (0,0) size 0x19
        RenderText {#text} at (0,20) size 192x19
          text run at (0,20) width 192: "Should look just like this one:"
      RenderTable {TABLE} at (0,252) size 73x32 [border: (2px outset #808080)]
        RenderTableSection {TBODY} at (2,2) size 69x28
          RenderTableRow {TR} at (0,2) size 69x24
            RenderTableCell {TD} at (2,2) size 31x24 [border: (1px inset #808080)] [r=0 c=0 rs=1 cs=1]
              RenderText {#text} at (2,2) size 27x19
                text run at (2,2) width 27: "One"
            RenderTableCell {TD} at (34,2) size 33x24 [border: (1px inset #808080)] [r=0 c=1 rs=1 cs=1]
              RenderText {#text} at (2,2) size 29x19
                text run at (2,2) width 29: "Two"
      RenderBlock (anonymous) at (0,284) size 784x20
        RenderBR {BR} at (0,0) size 0x19
      RenderTable {TABLE} at (0,304) size 64x30 [border: (1px solid #FF0000)]
        RenderTableSection {TBODY} at (1,1) size 62x28
          RenderTableRow {TR} at (0,2) size 62x24
            RenderTableCell {TD} at (2,2) size 28x24 [border: (1px solid #008000)] [r=0 c=0 rs=1 cs=1]
              RenderText {#text} at (2,2) size 24x19
                text run at (2,2) width 24: "one"
            RenderTableCell {TD} at (31,2) size 29x24 [border: (1px solid #FF0000)] [r=0 c=1 rs=1 cs=1]
              RenderText {#text} at (2,2) size 24x19
                text run at (2,2) width 24: "two"
      RenderBlock (anonymous) at (0,334) size 784x20
        RenderBR {BR} at (0,0) size 0x19
      RenderTable {TABLE} at (0,354) size 106x56 [border: (1px solid #FF0000)]
        RenderTableSection {TBODY} at (1,1) size 104x54
          RenderTableRow {TR} at (0,2) size 104x24
            RenderTableCell {TD} at (2,2) size 31x24 [border: (1px solid #008000)] [r=0 c=0 rs=1 cs=1]
              RenderText {#text} at (2,2) size 24x19
                text run at (2,2) width 24: "one"
            RenderTableCell {TD} at (34,2) size 30x24 [border: (1px solid #FF0000)] [r=0 c=1 rs=1 cs=1]
              RenderText {#text} at (2,2) size 24x19
                text run at (2,2) width 24: "two"
            RenderTableCell {TD} at (65,2) size 37x24 [border: (1px solid #0000FF)] [r=0 c=2 rs=1 cs=1]
              RenderText {#text} at (2,2) size 32x19
                text run at (2,2) width 32: "three"
          RenderTableRow {TR} at (0,28) size 104x24
            RenderTableCell {TD} at (2,28) size 31x24 [border: (1px solid #008000)] [r=1 c=0 rs=1 cs=1]
              RenderText {#text} at (2,2) size 27x19
                text run at (2,2) width 27: "four"
            RenderTableCell {TD} at (34,28) size 30x24 [border: (1px solid #FFFF00)] [r=1 c=1 rs=1 cs=1]
              RenderText {#text} at (2,2) size 25x19
                text run at (2,2) width 25: "five"
            RenderTableCell {TD} at (65,28) size 37x24 [border: (1px solid #FFA500)] [r=1 c=2 rs=1 cs=1]
              RenderText {#text} at (2,2) size 19x19
                text run at (2,2) width 19: "six"
      RenderBlock (anonymous) at (0,410) size 784x20
        RenderBR {BR} at (0,0) size 0x19
      RenderTable {TABLE} at (0,430) size 106x56 [border: (1px solid #FF0000)]
        RenderTableSection {TBODY} at (1,1) size 104x54
          RenderTableRow {TR} at (0,2) size 104x24
            RenderTableCell {TD} at (2,2) size 31x24 [border: (1px solid #008000)] [r=0 c=0 rs=1 cs=1]
              RenderText {#text} at (2,2) size 24x19
                text run at (2,2) width 24: "one"
            RenderTableCell {TD} at (34,2) size 30x24 [border: (1px solid #FF0000)] [r=0 c=1 rs=1 cs=1]
              RenderText {#text} at (2,2) size 24x19
                text run at (2,2) width 24: "two"
            RenderTableCell {TD} at (65,2) size 37x24 [border: (1px solid #0000FF)] [r=0 c=2 rs=1 cs=1]
              RenderText {#text} at (2,2) size 32x19
                text run at (2,2) width 32: "three"
          RenderTableRow {TR} at (0,28) size 104x24
            RenderTableCell {TD} at (2,28) size 31x24 [border: (1px solid #008000)] [r=1 c=0 rs=1 cs=1]
              RenderText {#text} at (2,2) size 27x19
                text run at (2,2) width 27: "four"
            RenderTableCell {TD} at (34,28) size 30x24 [border: (1px solid #FFFF00)] [r=1 c=1 rs=1 cs=1]
              RenderText {#text} at (2,2) size 25x19
                text run at (2,2) width 25: "five"
            RenderTableCell {TD} at (65,28) size 37x24 [border: (1px solid #FFA500)] [r=1 c=2 rs=1 cs=1]
              RenderText {#text} at (2,2) size 19x19
                text run at (2,2) width 19: "six"
      RenderBlock (anonymous) at (0,486) size 784x20
        RenderBR {BR} at (0,0) size 0x19
      RenderTable {TABLE} at (0,506) size 66x38 [border: (5px outset #808080)]
        RenderTableSection {TBODY} at (5,5) size 56x28
          RenderTableRow {TR} at (0,2) size 56x24
            RenderTableCell {TD} at (2,2) size 26x24 [border: (1px inset #808080)] [r=0 c=0 rs=1 cs=1]
              RenderText {#text} at (2,2) size 22x19
                text run at (2,2) width 22: "foo"
            RenderTableCell {TD} at (29,2) size 25x24 [border: (1px inset #808080)] [r=0 c=1 rs=1 cs=1]
              RenderText {#text} at (2,2) size 21x19
                text run at (2,2) width 21: "bar"
      RenderBlock (anonymous) at (0,544) size 784x20
        RenderBR {BR} at (0,0) size 0x19
      RenderTable {TABLE} at (0,564) size 70x40 [border: (5px outset #808080)]
        RenderTableSection {TBODY} at (5,5) size 60x30
          RenderTableRow {TR} at (0,2) size 60x26
            RenderTableCell {TD} at (2,2) size 28x26 [border: (2px solid #FF0000)] [r=0 c=0 rs=1 cs=1]
              RenderText {#text} at (3,3) size 22x19
                text run at (3,3) width 22: "foo"
            RenderTableCell {TD} at (31,2) size 27x26 [border: (2px solid #FF0000)] [r=0 c=1 rs=1 cs=1]
              RenderText {#text} at (3,3) size 21x19
                text run at (3,3) width 21: "bar"
