layer at (0,0) size 800x1130
  RenderView at (0,0) size 800x600
layer at (0,0) size 800x1130
  RenderBlock {HTML} at (0,0) size 800x1130
    RenderBody {BODY} at (8,8) size 784x1114
      RenderTable {TABLE} at (0,0) size 784x604 [border: (1px outset #808080)]
        RenderBlock {CAPTION} at (0,0) size 784x20
          RenderInline {NOBR} at (0,0) size 624x19
            RenderText {#text} at (80,0) size 624x19
              text run at (80,0) width 361: "caption is considered part of % width, not so in Nav4.6, "
              text run at (440,0) width 264: "caption is not considered part of %height"
          RenderText {#text} at (0,0) size 0x0
        RenderTableSection {TBODY} at (1,21) size 782x582
          RenderTableRow {TR} at (0,2) size 782x578
            RenderTableCell {TD} at (2,270) size 778x42 [border: (1px inset #808080)] [r=0 c=0 rs=1 cs=1]
              RenderText {#text} at (11,11) size 33x19
                text run at (11,11) width 33: "FOO"
      RenderBlock (anonymous) at (0,604) size 784x20
        RenderBR {BR} at (0,0) size 0x19
      RenderTable {TABLE} at (0,624) size 511x50 [border: (1px outset #808080)]
        RenderBlock {CAPTION} at (0,0) size 511x20
          RenderText {#text} at (223,0) size 64x19
            text run at (223,0) width 64: "top center"
        RenderTableSection {TBODY} at (1,21) size 509x28
          RenderTableRow {TR} at (0,2) size 509x24
            RenderTableCell {TD} at (2,2) size 505x24 [border: (1px inset #808080)] [r=0 c=0 rs=1 cs=1]
              RenderText {#text} at (2,2) size 501x19
                text run at (2,2) width 501: "FOO FOO FOO FOO FOO FOO FOO FOO FOO FOO FOO FOO FOO FOO"
      RenderBlock (anonymous) at (0,674) size 784x20
        RenderBR {BR} at (0,0) size 0x19
      RenderTable {TABLE} at (0,694) size 511x50 [border: (1px outset #808080)]
        RenderBlock {CAPTION} at (0,0) size 511x20
          RenderText {#text} at (455,0) size 56x19
            text run at (455,0) width 56: "top right"
        RenderTableSection {TBODY} at (1,21) size 509x28
          RenderTableRow {TR} at (0,2) size 509x24
            RenderTableCell {TD} at (2,2) size 505x24 [border: (1px inset #808080)] [r=0 c=0 rs=1 cs=1]
              RenderText {#text} at (2,2) size 501x19
                text run at (2,2) width 501: "FOO FOO FOO FOO FOO FOO FOO FOO FOO FOO FOO FOO FOO FOO"
      RenderBlock (anonymous) at (0,744) size 784x20
        RenderBR {BR} at (0,0) size 0x19
      RenderTable {TABLE} at (0,764) size 511x50 [border: (1px outset #808080)]
        RenderBlock {CAPTION} at (0,30) size 511x20
          RenderText {#text} at (210,0) size 90x19
            text run at (210,0) width 90: "bottom center"
        RenderTableSection {TBODY} at (1,1) size 509x28
          RenderTableRow {TR} at (0,2) size 509x24
            RenderTableCell {TD} at (2,2) size 505x24 [border: (1px inset #808080)] [r=0 c=0 rs=1 cs=1]
              RenderText {#text} at (2,2) size 501x19
                text run at (2,2) width 501: "FOO FOO FOO FOO FOO FOO FOO FOO FOO FOO FOO FOO FOO FOO"
      RenderBlock (anonymous) at (0,814) size 784x20
        RenderBR {BR} at (0,0) size 0x19
      RenderTable {TABLE} at (0,834) size 511x50 [border: (1px outset #808080)]
        RenderBlock {CAPTION} at (0,30) size 511x20
          RenderText {#text} at (0,0) size 71x19
            text run at (0,0) width 71: "bottom left"
        RenderTableSection {TBODY} at (1,1) size 509x28
          RenderTableRow {TR} at (0,2) size 509x24
            RenderTableCell {TD} at (2,2) size 505x24 [border: (1px inset #808080)] [r=0 c=0 rs=1 cs=1]
              RenderText {#text} at (2,2) size 501x19
                text run at (2,2) width 501: "FOO FOO FOO FOO FOO FOO FOO FOO FOO FOO FOO FOO FOO FOO"
      RenderBlock (anonymous) at (0,884) size 784x20
        RenderBR {BR} at (0,0) size 0x19
      RenderTable {TABLE} at (0,904) size 511x50 [border: (1px outset #808080)]
        RenderBlock {CAPTION} at (0,0) size 511x20
          RenderText {#text} at (223,0) size 64x19
            text run at (223,0) width 64: "top center"
        RenderTableSection {TBODY} at (1,21) size 509x28
          RenderTableRow {TR} at (0,2) size 509x24
            RenderTableCell {TD} at (2,2) size 505x24 [border: (1px inset #808080)] [r=0 c=0 rs=1 cs=1]
              RenderText {#text} at (2,2) size 501x19
                text run at (2,2) width 501: "FOO FOO FOO FOO FOO FOO FOO FOO FOO FOO FOO FOO FOO FOO"
      RenderBlock (anonymous) at (0,954) size 784x20
        RenderBR {BR} at (0,0) size 0x19
      RenderTable {TABLE} at (0,974) size 511x50 [border: (1px outset #808080)]
        RenderBlock {CAPTION} at (0,30) size 511x20
          RenderText {#text} at (210,0) size 90x19
            text run at (210,0) width 90: "bottom center"
        RenderTableSection {TBODY} at (1,1) size 509x28
          RenderTableRow {TR} at (0,2) size 509x24
            RenderTableCell {TD} at (2,2) size 505x24 [border: (1px inset #808080)] [r=0 c=0 rs=1 cs=1]
              RenderText {#text} at (2,2) size 501x19
                text run at (2,2) width 501: "FOO FOO FOO FOO FOO FOO FOO FOO FOO FOO FOO FOO FOO FOO"
      RenderBlock (anonymous) at (0,1024) size 784x20
        RenderBR {BR} at (0,0) size 0x19
      RenderTable {TABLE} at (0,1044) size 511x50 [border: (1px outset #808080)]
        RenderBlock {CAPTION} at (0,0) size 511x20
          RenderText {#text} at (223,0) size 64x19
            text run at (223,0) width 64: "top center"
        RenderTableSection {TBODY} at (1,21) size 509x28
          RenderTableRow {TR} at (0,2) size 509x24
            RenderTableCell {TD} at (2,2) size 505x24 [border: (1px inset #808080)] [r=0 c=0 rs=1 cs=1]
              RenderText {#text} at (2,2) size 501x19
                text run at (2,2) width 501: "FOO FOO FOO FOO FOO FOO FOO FOO FOO FOO FOO FOO FOO FOO"
      RenderBlock (anonymous) at (0,1094) size 784x20
        RenderBR {BR} at (0,0) size 0x19
