layer at (0,0) size 800x4366
  RenderView at (0,0) size 800x600
layer at (0,0) size 800x4366
  RenderBlock {HTML} at (0,0) size 800x4367
    RenderBody {BODY} at (8,8) size 784x4351
      RenderTable {TABLE} at (0,0) size 40x584 [bgcolor=#0000FF] [border: (1px outset #808080)]
        RenderTableSection {TBODY} at (1,1) size 38x582
          RenderTableRow {TR} at (0,2) size 38x115
            RenderTableCell {TD} at (2,47) size 34x25 [border: (1px inset #808080)] [r=0 c=0 rs=1 cs=1]
              RenderText {#text} at (2,47) size 30x20
                text run at (2,2) width 30: "20%"
          RenderTableRow {TR} at (0,118) size 38x462
            RenderTableCell {TD} at (2,337) size 34x25 [border: (1px inset #808080)] [r=1 c=0 rs=1 cs=1]
              RenderText {#text} at (2,220) size 30x20
                text run at (2,2) width 30: "80%"
      RenderBlock (anonymous) at (0,584) size 784x20
        RenderBR {BR} at (0,0) size 0x19
      RenderTable {TABLE} at (0,604) size 55x108 [bgcolor=#0000FF] [border: (1px outset #808080)]
        RenderTableSection {TBODY} at (1,1) size 53x106
          RenderTableRow {TR} at (0,2) size 53x50
            RenderTableCell {TD} at (2,15) size 49x24 [border: (1px inset #808080)] [r=0 c=0 rs=1 cs=1]
              RenderText {#text} at (2,15) size 45x19
                text run at (2,2) width 45: "row 50"
          RenderTableRow {TR} at (0,54) size 53x50
            RenderTableCell {TD} at (2,67) size 49x24 [border: (1px inset #808080)] [r=1 c=0 rs=1 cs=1]
              RenderText {#text} at (2,15) size 16x19
                text run at (2,2) width 16: "50"
      RenderBlock (anonymous) at (0,712) size 784x20
        RenderBR {BR} at (0,0) size 0x19
      RenderTable {TABLE} at (0,732) size 26x122 [bgcolor=#0000FF] [border: (1px outset #808080)]
        RenderTableSection {TBODY} at (1,1) size 24x120
          RenderTableRow {TR} at (0,2) size 24x64
            RenderTableCell {TD} at (2,2) size 20x64 [border: (1px inset #808080)] [r=0 c=0 rs=1 cs=1]
              RenderText {#text} at (2,2) size 8x59
                text run at (2,2) width 8: "5"
                text run at (2,22) width 8: "5"
                text run at (2,42) width 8: "5"
          RenderTableRow {TR} at (0,68) size 24x50
            RenderTableCell {TD} at (2,81) size 20x24 [border: (1px inset #808080)] [r=1 c=0 rs=1 cs=1]
              RenderText {#text} at (2,15) size 16x19
                text run at (2,2) width 16: "50"
      RenderTable {TABLE} at (0,854) size 34x258 [bgcolor=#0000FF] [border: (1px outset #808080)]
        RenderTableSection {TBODY} at (1,1) size 32x256
          RenderTableRow {TR} at (0,2) size 32x200
            RenderTableCell {TD} at (2,90) size 28x24 [border: (1px inset #808080)] [r=0 c=0 rs=1 cs=1]
              RenderText {#text} at (2,90) size 24x19
                text run at (2,2) width 24: "200"
          RenderTableRow {TR} at (0,204) size 32x50
            RenderTableCell {TD} at (2,217) size 28x24 [border: (1px inset #808080)] [r=1 c=0 rs=1 cs=1]
              RenderText {#text} at (2,15) size 16x19
                text run at (2,2) width 16: "50"
      RenderBlock (anonymous) at (0,1112) size 784x20
        RenderBR {BR} at (0,0) size 0x19
      RenderTable {TABLE} at (0,1132) size 34x258 [bgcolor=#0000FF] [border: (1px outset #808080)]
        RenderTableSection {TBODY} at (1,1) size 32x256
          RenderTableRow {TR} at (0,2) size 32x200
            RenderTableCell {TD} at (2,90) size 28x24 [border: (1px inset #808080)] [r=0 c=0 rs=1 cs=1]
              RenderText {#text} at (2,90) size 24x19
                text run at (2,2) width 24: "200"
          RenderTableRow {TR} at (0,204) size 32x50
            RenderTableCell {TD} at (2,217) size 28x24 [border: (1px inset #808080)] [r=1 c=0 rs=1 cs=1]
              RenderText {#text} at (2,15) size 16x19
                text run at (2,2) width 16: "50"
      RenderBlock (anonymous) at (0,1390) size 784x20
        RenderBR {BR} at (0,0) size 0x19
      RenderTable {TABLE} at (0,1410) size 64x208 [bgcolor=#FFA500] [border: (1px outset #808080)]
        RenderTableSection {TBODY} at (1,1) size 62x206
          RenderTableRow {TR} at (0,2) size 62x100
            RenderTableCell {TD} at (2,91) size 28x24 [border: (1px inset #808080)] [r=0 c=0 rs=2 cs=1]
              RenderText {#text} at (2,91) size 24x19
                text run at (2,2) width 24: "100"
            RenderTableCell {TD} at (32,40) size 28x24 [border: (1px inset #808080)] [r=0 c=1 rs=1 cs=1]
              RenderText {#text} at (2,40) size 24x19
                text run at (2,2) width 24: "100"
          RenderTableRow {TR} at (0,104) size 62x100
            RenderTableCell {TD} at (32,122) size 28x64 [border: (1px inset #808080)] [r=1 c=1 rs=1 cs=1]
              RenderText {#text} at (2,20) size 24x59
                text run at (2,2) width 24: "100"
                text run at (2,22) width 24: "100"
                text run at (2,42) width 24: "100"
      RenderBlock (anonymous) at (0,1618) size 784x20
        RenderBR {BR} at (0,0) size 0x19
      RenderTable {TABLE} at (0,1638) size 48x30 [bgcolor=#FFFF00] [border: (1px outset #808080)]
        RenderTableSection {TBODY} at (1,1) size 46x28
          RenderTableRow {TR} at (0,2) size 46x24
            RenderTableCell {TD} at (2,2) size 42x24 [border: (1px inset #808080)] [r=0 c=0 rs=1 cs=1]
              RenderText {#text} at (2,2) size 38x19
                text run at (2,2) width 38: "100%"
      RenderBlock (anonymous) at (0,1668) size 784x20
        RenderBR {BR} at (0,0) size 0x19
      RenderTable {TABLE} at (0,1688) size 40x584 [bgcolor=#FFA500] [border: (1px outset #808080)]
        RenderTableSection {TBODY} at (1,1) size 38x582
          RenderTableRow {TR} at (0,2) size 38x115
            RenderTableCell {TD} at (2,47) size 34x25 [border: (1px inset #808080)] [r=0 c=0 rs=1 cs=1]
              RenderText {#text} at (2,47) size 30x20
                text run at (2,2) width 30: "20%"
          RenderTableRow {TR} at (0,118) size 38x462
            RenderTableCell {TD} at (2,337) size 34x25 [border: (1px inset #808080)] [r=1 c=0 rs=1 cs=1]
              RenderText {#text} at (2,220) size 30x20
                text run at (2,2) width 30: "80%"
      RenderBlock (anonymous) at (0,2272) size 784x20
        RenderBR {BR} at (0,0) size 0x19
      RenderTable {TABLE} at (0,2292) size 62x206 [bgcolor=#808080] [border: (1px outset #808080)]
        RenderTableSection {TBODY} at (1,1) size 60x204
          RenderTableRow {TR} at (0,2) size 60x200
            RenderTableCell {TD} at (2,90) size 26x24 [border: (1px inset #808080)] [r=0 c=0 rs=1 cs=1]
              RenderText {#text} at (2,90) size 22x19
                text run at (2,2) width 22: "5%"
            RenderTableCell {TD} at (29,90) size 29x24 [border: (1px inset #808080)] [r=0 c=1 rs=1 cs=1]
              RenderText {#text} at (2,90) size 24x19
                text run at (2,2) width 24: "200"
      RenderBlock (anonymous) at (0,2498) size 784x20
        RenderBR {BR} at (0,0) size 0x19
      RenderTable {TABLE} at (0,2518) size 62x199 [bgcolor=#FFA500] [border: (1px outset #808080)]
        RenderTableSection {TBODY} at (1,1) size 60x197
          RenderTableRow {TR} at (0,2) size 60x193
            RenderTableCell {TD} at (2,86) size 34x25 [border: (1px inset #808080)] [r=0 c=0 rs=1 cs=1]
              RenderText {#text} at (2,86) size 30x20
                text run at (2,2) width 30: "50%"
            RenderTableCell {TD} at (37,86) size 21x25 [border: (1px inset #808080)] [r=0 c=1 rs=1 cs=1]
              RenderText {#text} at (2,86) size 16x20
                text run at (2,2) width 16: "20"
      RenderBlock (anonymous) at (0,2716) size 784x21
        RenderBR {BR} at (0,0) size 0x19
      RenderTable {TABLE} at (0,2736) size 40x585 [border: (1px outset #808080)]
        RenderTableSection {TBODY} at (1,1) size 38x582
          RenderTableRow {TR} at (0,2) size 38x500
            RenderTableCell {TD} at (2,240) size 34x24 [border: (1px inset #808080)] [r=0 c=0 rs=1 cs=1]
              RenderText {#text} at (2,240) size 24x19
                text run at (2,2) width 24: "500"
          RenderTableRow {TR} at (0,504) size 38x76
            RenderTableCell {TD} at (2,530) size 34x24 [border: (1px inset #808080)] [r=1 c=0 rs=1 cs=1]
              RenderText {#text} at (2,28) size 30x19
                text run at (2,2) width 30: "80%"
      RenderBlock (anonymous) at (0,3320) size 784x21
        RenderBR {BR} at (0,0) size 0x19
      RenderTable {TABLE} at (0,3340) size 105x585 [bgcolor=#FF0000] [border: (1px outset #808080)]
        RenderTableSection {TBODY} at (1,1) size 103x582
          RenderTableRow {TR} at (0,2) size 103x42
            RenderTableCell {TD} at (2,257) size 32x25 [border: (1px inset #808080)] [r=0 c=0 rs=2 cs=1]
              RenderText {#text} at (2,257) size 24x20
                text run at (2,2) width 24: "500"
            RenderTableCell {TD} at (35,10) size 33x25 [border: (1px inset #808080)] [r=0 c=1 rs=1 cs=1]
              RenderText {#text} at (2,10) size 28x20
                text run at (2,2) width 28: "auto"
          RenderTableRow {TR} at (0,45) size 103x492
            RenderTableCell {TD} at (35,278) size 33x25 [border: (1px inset #808080)] [r=1 c=1 rs=1 cs=1]
              RenderText {#text} at (2,235) size 28x20
                text run at (2,2) width 28: "auto"
            RenderTableCell {TD} at (69,278) size 32x25 [border: (1px inset #808080)] [r=1 c=2 rs=1 cs=1]
              RenderText {#text} at (2,235) size 28x20
                text run at (2,2) width 28: "auto"
          RenderTableRow {TR} at (0,538) size 103x42
            RenderTableCell {TD} at (2,547) size 32x25 [border: (1px inset #808080)] [r=2 c=0 rs=1 cs=1]
              RenderText {#text} at (2,10) size 28x20
                text run at (2,2) width 28: "auto"
            RenderTableCell {TD} at (35,547) size 33x25 [border: (1px inset #808080)] [r=2 c=1 rs=1 cs=1]
              RenderText {#text} at (2,10) size 28x20
                text run at (2,2) width 28: "auto"
      RenderBlock (anonymous) at (0,3924) size 784x21
        RenderBR {BR} at (0,0) size 0x19
      RenderTable {TABLE} at (0,3944) size 54x407 [bgcolor=#FFA500] [border: (1px outset #808080)]
        RenderTableSection {TBODY} at (1,1) size 52x404
          RenderTableRow {TR} at (0,2) size 52x400
            RenderTableCell {TD} at (2,2) size 48x400 [border: (1px inset #808080)] [r=0 c=0 rs=1 cs=1]
              RenderTable {TABLE} at (2,2) size 44x396 [bgcolor=#0000FF]
                RenderTableSection {TBODY} at (0,0) size 44x396
                  RenderTableRow {TR} at (0,2) size 44x392
                    RenderTableCell {TD} at (2,187) size 40x22 [r=0 c=0 rs=1 cs=1]
                      RenderText {#text} at (1,186) size 38x19
                        text run at (1,1) width 38: "100%"
