layer at (0,0) size 800x600
  RenderView at (0,0) size 800x600
layer at (0,0) size 800x600
  RenderBlock {HTML} at (0,0) size 800x600
    RenderBody {BODY} at (8,8) size 784x584
      RenderTable {TABLE} at (0,0) size 150x30 [bgcolor=#00FF00] [border: (1px outset #808080)]
        RenderTableSection {TBODY} at (1,1) size 148x28
          RenderTableRow {TR} at (0,2) size 148x24
            RenderTableCell {TD} at (2,2) size 67x24 [border: (1px inset #808080)] [r=0 c=0 rs=1 cs=1]
              RenderText {#text} at (2,2) size 24x19
                text run at (2,2) width 24: "200"
            RenderTableCell {TD} at (70,2) size 77x24 [border: (1px inset #808080)] [r=0 c=1 rs=1 cs=1]
              RenderText {#text} at (2,2) size 64x19
                text run at (2,2) width 64: "one_hund"
      RenderBlock (anonymous) at (0,30) size 784x20
        RenderBR {BR} at (0,0) size 0x19
      RenderTable {TABLE} at (0,50) size 500x30 [border: (1px outset #808080)]
        RenderTableSection {TBODY} at (1,1) size 498x28
          RenderTableRow {TR} at (0,2) size 498x24
            RenderTableCell {TD} at (2,2) size 175x24 [bgcolor=#FF0000] [border: (1px inset #808080)] [r=0 c=0 rs=1 cs=1]
              RenderText {#text} at (2,2) size 78x19
                text run at (2,2) width 78: "fooooooooo"
            RenderTableCell {TD} at (178,2) size 175x24 [bgcolor=#008000] [border: (1px inset #808080)] [r=0 c=1 rs=1 cs=1]
              RenderText {#text} at (2,2) size 78x19
                text run at (2,2) width 78: "fooooooooo"
            RenderTableCell {TD} at (354,2) size 143x24 [bgcolor=#FFA500] [border: (1px inset #808080)] [r=0 c=2 rs=1 cs=1]
              RenderText {#text} at (2,2) size 98x19
                text run at (2,2) width 98: "foo foo foo foo"
      RenderBlock (anonymous) at (0,80) size 784x20
        RenderBR {BR} at (0,0) size 0x19
      RenderBlock {HR} at (0,108) size 402x2 [border: (1px inset #000000)]
      RenderBlock (anonymous) at (0,118) size 784x20
        RenderText {#text} at (0,0) size 374x19
          text run at (0,0) width 374: "fixed table - fixed cells are increased based on fixed width"
      RenderTable {TABLE} at (0,138) size 400x50 [border: (1px outset #808080)]
        RenderTableSection {TBODY} at (1,1) size 398x48
          RenderTableRow {TR} at (0,2) size 398x44
            RenderTableCell {TD} at (2,12) size 260x24 [border: (1px inset #808080)] [r=0 c=0 rs=1 cs=1]
              RenderText {#text} at (2,2) size 22x19
                text run at (2,2) width 22: "foo"
            RenderTableCell {TD} at (263,2) size 134x44 [border: (1px inset #808080)] [r=0 c=1 rs=1 cs=1]
              RenderText {#text} at (2,2) size 123x39
                text run at (2,2) width 123: "foo foo foo foo foo"
                text run at (2,22) width 72: "foo foo foo"
      RenderBlock (anonymous) at (0,188) size 784x60
        RenderBR {BR} at (0,0) size 0x19
        RenderBR {BR} at (0,20) size 0x19
        RenderText {#text} at (0,40) size 383x19
          text run at (0,40) width 383: "excess above min allocated based on fixed widths (not min)"
      RenderTable {TABLE} at (0,248) size 100x50 [border: (1px outset #808080)]
        RenderTableSection {TBODY} at (1,1) size 98x48
          RenderTableRow {TR} at (0,2) size 98x44
            RenderTableCell {TD} at (2,2) size 35x44 [border: (1px inset #808080)] [r=0 c=0 rs=1 cs=1]
              RenderText {#text} at (2,2) size 22x39
                text run at (2,2) width 22: "foo"
                text run at (2,22) width 22: "foo"
            RenderTableCell {TD} at (38,12) size 59x24 [border: (1px inset #808080)] [r=0 c=1 rs=1 cs=1]
              RenderText {#text} at (2,2) size 22x19
                text run at (2,2) width 22: "foo"
      RenderBlock (anonymous) at (0,298) size 784x40
        RenderBR {BR} at (0,0) size 0x19
        RenderText {#text} at (0,20) size 383x19
          text run at (0,20) width 383: "excess above min allocated based on fixed widths (not min)"
      RenderTable {TABLE} at (0,338) size 100x50 [border: (1px outset #808080)]
        RenderTableSection {TBODY} at (1,1) size 98x48
          RenderTableRow {TR} at (0,2) size 98x44
            RenderTableCell {TD} at (2,2) size 26x44 [border: (1px inset #808080)] [r=0 c=0 rs=1 cs=1]
              RenderText {#text} at (2,2) size 22x39
                text run at (2,2) width 22: "foo"
                text run at (2,22) width 22: "foo"
            RenderTableCell {TD} at (29,12) size 67x24 [border: (1px inset #808080)] [r=0 c=1 rs=1 cs=1]
              RenderText {#text} at (2,2) size 22x19
                text run at (2,2) width 22: "foo"
      RenderBlock (anonymous) at (0,388) size 784x20
        RenderBR {BR} at (0,0) size 0x19
      RenderTable {TABLE} at (0,408) size 600x30 [border: (1px outset #808080)]
        RenderTableSection {TBODY} at (1,1) size 598x28
          RenderTableRow {TR} at (0,2) size 598x24
            RenderTableCell {TD} at (2,2) size 26x24 [border: (1px inset #808080)] [r=0 c=0 rs=1 cs=1]
              RenderText {#text} at (2,2) size 22x19
                text run at (2,2) width 22: "foo"
            RenderTableCell {TD} at (29,2) size 567x24 [border: (1px inset #808080)] [r=0 c=1 rs=1 cs=1]
              RenderText {#text} at (2,2) size 22x19
                text run at (2,2) width 22: "foo"
      RenderBlock (anonymous) at (0,438) size 784x20
        RenderBR {BR} at (0,0) size 0x19
      RenderTable {TABLE} at (0,458) size 40x30 [border: (1px outset #808080)]
        RenderTableSection {TBODY} at (1,1) size 38x28
          RenderTableRow {TR} at (0,2) size 38x24
            RenderTableCell {TD} at (2,2) size 34x24 [border: (1px inset #808080)] [r=0 c=0 rs=1 cs=1]
              RenderText {#text} at (2,2) size 22x19
                text run at (2,2) width 22: "foo"
