layer at (0,0) size 800x600
  RenderView at (0,0) size 800x600
layer at (0,0) size 800x600
  RenderBlock {HTML} at (0,0) size 800x600
    RenderBody {BODY} at (8,8) size 784x584
      RenderTable {TABLE} at (0,0) size 784x30 [border: (1px outset #808080)]
        RenderTableSection {TBODY} at (1,1) size 782x28
          RenderTableRow {TR} at (0,2) size 782x24
            RenderTableCell {TD} at (2,2) size 82x24 [bgcolor=#FF0000] [border: (1px inset #808080)] [r=0 c=0 rs=1 cs=1]
              RenderText {#text} at (2,2) size 78x19
                text run at (2,2) width 78: "fooooooooo"
            RenderTableCell {TD} at (85,2) size 82x24 [bgcolor=#008000] [border: (1px inset #808080)] [r=0 c=1 rs=1 cs=1]
              RenderText {#text} at (2,2) size 78x19
                text run at (2,2) width 78: "fooooooooo"
            RenderTableCell {TD} at (168,2) size 306x24 [bgcolor=#FFA500] [border: (1px inset #808080)] [r=0 c=2 rs=1 cs=1]
              RenderText {#text} at (2,2) size 98x19
                text run at (2,2) width 98: "foo foo foo foo"
            RenderTableCell {TD} at (475,2) size 305x24 [bgcolor=#0000FF] [border: (1px inset #808080)] [r=0 c=3 rs=1 cs=1]
              RenderText {#text} at (2,2) size 98x19
                text run at (2,2) width 98: "foo foo foo foo"
      RenderBlock (anonymous) at (0,30) size 784x20
        RenderBR {BR} at (0,0) size 0x19
      RenderTable {TABLE} at (0,50) size 784x90 [border: (1px outset #808080)]
        RenderTableSection {TBODY} at (1,1) size 782x88
          RenderTableRow {TR} at (0,2) size 782x84
            RenderTableCell {TD} at (2,2) size 26x84 [bgcolor=#FF0000] [border: (1px inset #808080)] [r=0 c=0 rs=1 cs=1]
              RenderText {#text} at (2,2) size 22x79
                text run at (2,2) width 22: "foo"
                text run at (2,22) width 22: "foo"
                text run at (2,42) width 22: "foo"
                text run at (2,62) width 22: "foo"
            RenderTableCell {TD} at (29,32) size 145x24 [bgcolor=#FFA500] [border: (1px inset #808080)] [r=0 c=1 rs=1 cs=1]
              RenderText {#text} at (2,2) size 98x19
                text run at (2,2) width 98: "foo foo foo foo"
            RenderTableCell {TD} at (175,32) size 146x24 [bgcolor=#0000FF] [border: (1px inset #808080)] [r=0 c=2 rs=1 cs=1]
              RenderText {#text} at (2,2) size 98x19
                text run at (2,2) width 98: "foo foo foo foo"
            RenderTableCell {TD} at (322,32) size 431x24 [bgcolor=#008000] [border: (1px inset #808080)] [r=0 c=3 rs=1 cs=1]
              RenderText {#text} at (330,2) size 99x19
                text run at (330,2) width 99: "foo foo foo foo"
            RenderTableCell {TD} at (754,2) size 27x84 [bgcolor=#FF0000] [border: (1px inset #808080)] [r=0 c=4 rs=1 cs=1]
              RenderText {#text} at (2,2) size 22x79
                text run at (2,2) width 22: "foo"
                text run at (2,22) width 22: "foo"
                text run at (2,42) width 22: "foo"
                text run at (2,62) width 22: "foo"
      RenderBlock (anonymous) at (0,140) size 784x40
        RenderBR {BR} at (0,0) size 0x19
        RenderText {#text} at (0,20) size 548x19
          text run at (0,20) width 548: "auto table - % width cell increases table width based on % cell which makes it largest"
      RenderTable {TABLE} at (0,180) size 784x46 [border: (1px outset #808080)]
        RenderTableSection {TBODY} at (1,1) size 782x44
          RenderTableRow {TR} at (0,10) size 782x24
            RenderTableCell {TD} at (10,10) size 26x24 [border: (1px inset #808080)] [r=0 c=0 rs=1 cs=1]
              RenderText {#text} at (2,2) size 22x19
                text run at (2,2) width 22: "1%"
            RenderTableCell {TD} at (45,10) size 75x24 [border: (1px inset #808080)] [r=0 c=1 rs=1 cs=1]
              RenderText {#text} at (2,2) size 30x19
                text run at (2,2) width 30: "10%"
            RenderTableCell {TD} at (129,10) size 643x24 [border: (1px inset #808080)] [r=0 c=2 rs=1 cs=1]
              RenderText {#text} at (2,2) size 32x19
                text run at (2,2) width 32: "20px"
      RenderBlock (anonymous) at (0,226) size 784x20
        RenderBR {BR} at (0,0) size 0x19
