layer at (0,0) size 800x784
  RenderView at (0,0) size 800x600
layer at (0,0) size 800x784
  RenderBlock {HTML} at (0,0) size 800x784
    RenderBody {BODY} at (8,8) size 784x768
      RenderTable {TABLE} at (0,0) size 150x30 [bgcolor=#00FF00] [border: (1px outset #808080)]
        RenderTableSection {TBODY} at (1,1) size 148x28
          RenderTableRow {TR} at (0,2) size 148x24
            RenderTableCell {TD} at (2,2) size 67x24 [border: (1px inset #808080)] [r=0 c=0 rs=1 cs=1]
              RenderText {#text} at (2,2) size 24x19
                text run at (2,2) width 24: "200"
            RenderTableCell {TD} at (70,2) size 77x24 [border: (1px inset #808080)] [r=0 c=1 rs=1 cs=1]
              RenderText {#text} at (2,2) size 64x19
                text run at (2,2) width 64: "one_hund"
      RenderBlock (anonymous) at (0,30) size 784x20
        RenderBR {BR} at (0,0) size 0x19
      RenderTable {TABLE} at (0,50) size 500x30 [border: (1px outset #808080)]
        RenderTableSection {TBODY} at (1,1) size 498x28
          RenderTableRow {TR} at (0,2) size 498x24
            RenderTableCell {TD} at (2,2) size 175x24 [bgcolor=#FF0000] [border: (1px inset #808080)] [r=0 c=0 rs=1 cs=1]
              RenderText {#text} at (2,2) size 78x19
                text run at (2,2) width 78: "fooooooooo"
            RenderTableCell {TD} at (178,2) size 175x24 [bgcolor=#008000] [border: (1px inset #808080)] [r=0 c=1 rs=1 cs=1]
              RenderText {#text} at (2,2) size 78x19
                text run at (2,2) width 78: "fooooooooo"
            RenderTableCell {TD} at (354,2) size 143x24 [bgcolor=#FFA500] [border: (1px inset #808080)] [r=0 c=2 rs=1 cs=1]
              RenderText {#text} at (2,2) size 98x19
                text run at (2,2) width 98: "foo foo foo foo"
      RenderBlock (anonymous) at (0,80) size 784x40
        RenderBR {BR} at (0,0) size 0x19
        RenderText {#text} at (0,20) size 374x19
          text run at (0,20) width 374: "fixed table - fixed cells are increased based on fixed width"
      RenderTable {TABLE} at (0,120) size 400x50 [border: (1px outset #808080)]
        RenderTableSection {TBODY} at (1,1) size 398x48
          RenderTableRow {TR} at (0,2) size 398x44
            RenderTableCell {TD} at (2,12) size 260x24 [border: (1px inset #808080)] [r=0 c=0 rs=1 cs=1]
              RenderText {#text} at (2,2) size 22x19
                text run at (2,2) width 22: "foo"
            RenderTableCell {TD} at (263,2) size 134x44 [border: (1px inset #808080)] [r=0 c=1 rs=1 cs=1]
              RenderText {#text} at (2,2) size 123x39
                text run at (2,2) width 123: "foo foo foo foo foo"
                text run at (2,22) width 72: "foo foo foo"
      RenderBlock (anonymous) at (0,170) size 784x60
        RenderBR {BR} at (0,0) size 0x19
        RenderBR {BR} at (0,20) size 0x19
        RenderText {#text} at (0,40) size 383x19
          text run at (0,40) width 383: "excess above min allocated based on fixed widths (not min)"
      RenderTable {TABLE} at (0,230) size 100x50 [border: (1px outset #808080)]
        RenderTableSection {TBODY} at (1,1) size 98x48
          RenderTableRow {TR} at (0,2) size 98x44
            RenderTableCell {TD} at (2,2) size 35x44 [border: (1px inset #808080)] [r=0 c=0 rs=1 cs=1]
              RenderText {#text} at (2,2) size 22x39
                text run at (2,2) width 22: "foo"
                text run at (2,22) width 22: "foo"
            RenderTableCell {TD} at (38,12) size 59x24 [border: (1px inset #808080)] [r=0 c=1 rs=1 cs=1]
              RenderText {#text} at (2,2) size 22x19
                text run at (2,2) width 22: "foo"
      RenderBlock (anonymous) at (0,280) size 784x40
        RenderBR {BR} at (0,0) size 0x19
        RenderText {#text} at (0,20) size 383x19
          text run at (0,20) width 383: "excess above min allocated based on fixed widths (not min)"
      RenderTable {TABLE} at (0,320) size 100x50 [border: (1px outset #808080)]
        RenderTableSection {TBODY} at (1,1) size 98x48
          RenderTableRow {TR} at (0,2) size 98x44
            RenderTableCell {TD} at (2,2) size 26x44 [border: (1px inset #808080)] [r=0 c=0 rs=1 cs=1]
              RenderText {#text} at (2,2) size 22x39
                text run at (2,2) width 22: "foo"
                text run at (2,22) width 22: "foo"
            RenderTableCell {TD} at (29,12) size 67x24 [border: (1px inset #808080)] [r=0 c=1 rs=1 cs=1]
              RenderText {#text} at (2,2) size 22x19
                text run at (2,2) width 22: "foo"
      RenderBlock (anonymous) at (0,370) size 784x20
        RenderBR {BR} at (0,0) size 0x19
      RenderTable {TABLE} at (0,390) size 600x30 [border: (1px outset #808080)]
        RenderTableSection {TBODY} at (1,1) size 598x28
          RenderTableRow {TR} at (0,2) size 598x24
            RenderTableCell {TD} at (2,2) size 26x24 [border: (1px inset #808080)] [r=0 c=0 rs=1 cs=1]
              RenderText {#text} at (2,2) size 22x19
                text run at (2,2) width 22: "foo"
            RenderTableCell {TD} at (29,2) size 567x24 [border: (1px inset #808080)] [r=0 c=1 rs=1 cs=1]
              RenderText {#text} at (2,2) size 22x19
                text run at (2,2) width 22: "foo"
      RenderBlock (anonymous) at (0,420) size 784x20
        RenderBR {BR} at (0,0) size 0x19
      RenderTable {TABLE} at (0,440) size 40x30 [border: (1px outset #808080)]
        RenderTableSection {TBODY} at (1,1) size 38x28
          RenderTableRow {TR} at (0,2) size 38x24
            RenderTableCell {TD} at (2,2) size 34x24 [border: (1px inset #808080)] [r=0 c=0 rs=1 cs=1]
              RenderText {#text} at (2,2) size 22x19
                text run at (2,2) width 22: "foo"
      RenderBlock (anonymous) at (0,470) size 784x40
        RenderBR {BR} at (0,0) size 0x19
        RenderText {#text} at (0,20) size 344x19
          text run at (0,20) width 344: "auto table - fixed width cell does not exceed viewport"
      RenderTable {TABLE} at (0,510) size 784x30 [border: (1px outset #808080)]
        RenderTableSection {TBODY} at (1,1) size 782x28
          RenderTableRow {TR} at (0,2) size 782x24
            RenderTableCell {TD} at (2,2) size 778x24 [border: (1px inset #808080)] [r=0 c=0 rs=1 cs=1]
              RenderText {#text} at (2,2) size 22x19
                text run at (2,2) width 22: "foo"
      RenderBlock (anonymous) at (0,540) size 784x40
        RenderBR {BR} at (0,0) size 0x19
        RenderText {#text} at (0,20) size 299x19
          text run at (0,20) width 299: "auto table - fixed cells cannot exceed viewport"
      RenderTable {TABLE} at (0,580) size 784x30 [border: (1px outset #808080)]
        RenderTableSection {TBODY} at (1,1) size 782x28
          RenderTableRow {TR} at (0,2) size 782x24
            RenderTableCell {TD} at (2,2) size 154x24 [border: (1px inset #808080)] [r=0 c=0 rs=1 cs=1]
              RenderText {#text} at (2,2) size 40x19
                text run at (2,2) width 40: "200px"
            RenderTableCell {TD} at (158,2) size 154x24 [border: (1px inset #808080)] [r=0 c=1 rs=1 cs=1]
              RenderText {#text} at (2,2) size 40x19
                text run at (2,2) width 40: "200px"
            RenderTableCell {TD} at (314,2) size 154x24 [border: (1px inset #808080)] [r=0 c=2 rs=1 cs=1]
              RenderText {#text} at (2,2) size 40x19
                text run at (2,2) width 40: "200px"
            RenderTableCell {TD} at (470,2) size 154x24 [border: (1px inset #808080)] [r=0 c=3 rs=1 cs=1]
              RenderText {#text} at (2,2) size 40x19
                text run at (2,2) width 40: "200px"
            RenderTableCell {TD} at (626,2) size 154x24 [border: (1px inset #808080)] [r=0 c=4 rs=1 cs=1]
              RenderText {#text} at (2,2) size 40x19
                text run at (2,2) width 40: "200px"
      RenderBlock (anonymous) at (0,610) size 784x40
        RenderBR {BR} at (0,0) size 0x19
        RenderText {#text} at (0,20) size 304x19
          text run at (0,20) width 304: "auto table - cell width does not include padding"
      RenderTable {TABLE} at (0,650) size 148x68 [border: (1px outset #808080)]
        RenderTableSection {TBODY} at (1,1) size 146x66
          RenderTableRow {TR} at (0,2) size 146x62
            RenderTableCell {TD} at (2,2) size 142x62 [border: (1px inset #808080)] [r=0 c=0 rs=1 cs=1]
              RenderText {#text} at (21,21) size 73x19
                text run at (21,21) width 73: "cell=100px"
      RenderBlock (anonymous) at (0,718) size 784x20
        RenderBR {BR} at (0,0) size 0x19
      RenderTable {TABLE} at (0,738) size 110x30 [border: (1px outset #808080)]
        RenderTableSection {TBODY} at (1,1) size 108x28
          RenderTableRow {TR} at (0,2) size 108x24
            RenderTableCell {TD} at (2,2) size 104x24 [border: (1px inset #808080)] [r=0 c=0 rs=1 cs=1]
              RenderText {#text} at (2,2) size 73x19
                text run at (2,2) width 73: "cell=100px"
