layer at (0,0) size 800x600
  RenderView at (0,0) size 800x600
layer at (0,0) size 800x600
  RenderBlock {HTML} at (0,0) size 800x600
    RenderBody {BODY} at (8,8) size 784x584
      RenderBlock (anonymous) at (0,0) size 784x20
        RenderText {#text} at (0,0) size 371x19
          text run at (0,0) width 371: "fixed table - 0 percentage width cell is not honored to min"
      RenderTable {TABLE} at (0,20) size 300x30 [border: (1px outset #808080)]
        RenderTableSection {TBODY} at (1,1) size 298x28
          RenderTableRow {TR} at (0,2) size 298x24
            RenderTableCell {TD} at (2,2) size 146x24 [border: (1px inset #808080)] [r=0 c=0 rs=1 cs=1]
              RenderText {#text} at (2,2) size 22x19
                text run at (2,2) width 22: "foo"
            RenderTableCell {TD} at (150,2) size 146x24 [border: (1px inset #808080)] [r=0 c=1 rs=1 cs=1]
              RenderText {#text} at (2,2) size 22x19
                text run at (2,2) width 22: "foo"
      RenderBlock (anonymous) at (0,50) size 784x40
        RenderBR {BR} at (0,0) size 0x19
        RenderText {#text} at (0,20) size 409x19
          text run at (0,20) width 409: "fixed table - too small a percentage width cell is honored to min"
      RenderTable {TABLE} at (0,90) size 300x30 [border: (1px outset #808080)]
        RenderTableSection {TBODY} at (1,1) size 298x28
          RenderTableRow {TR} at (0,2) size 298x24
            RenderTableCell {TD} at (2,2) size 26x24 [border: (1px inset #808080)] [r=0 c=0 rs=1 cs=1]
              RenderText {#text} at (2,2) size 22x19
                text run at (2,2) width 22: "foo"
            RenderTableCell {TD} at (29,2) size 267x24 [border: (1px inset #808080)] [r=0 c=1 rs=1 cs=1]
              RenderText {#text} at (2,2) size 22x19
                text run at (2,2) width 22: "foo"
      RenderBlock (anonymous) at (0,120) size 784x40
        RenderBR {BR} at (0,0) size 0x19
        RenderText {#text} at (0,20) size 331x19
          text run at (0,20) width 331: "fixed table - percentage cell width includes padding"
      RenderTable {TABLE} at (0,160) size 300x68 [border: (1px outset #808080)]
        RenderTableSection {TBODY} at (1,1) size 298x66
          RenderTableRow {TR} at (0,2) size 298x62
            RenderTableCell {TD} at (2,2) size 146x62 [border: (1px inset #808080)] [r=0 c=0 rs=1 cs=1]
              RenderText {#text} at (21,21) size 62x19
                text run at (21,21) width 62: "cell=50%"
            RenderTableCell {TD} at (150,2) size 146x62 [border: (1px inset #808080)] [r=0 c=1 rs=1 cs=1]
              RenderText {#text} at (21,21) size 60x19
                text run at (21,21) width 60: "cell=auto"
      RenderBlock (anonymous) at (0,228) size 784x20
        RenderBR {BR} at (0,0) size 0x19
      RenderTable {TABLE} at (0,248) size 300x30 [border: (1px outset #808080)]
        RenderTableSection {TBODY} at (1,1) size 298x28
          RenderTableRow {TR} at (0,2) size 298x24
            RenderTableCell {TD} at (2,2) size 146x24 [border: (1px inset #808080)] [r=0 c=0 rs=1 cs=1]
              RenderText {#text} at (2,2) size 62x19
                text run at (2,2) width 62: "cell=50%"
            RenderTableCell {TD} at (150,2) size 146x24 [border: (1px inset #808080)] [r=0 c=1 rs=1 cs=1]
              RenderText {#text} at (2,2) size 60x19
                text run at (2,2) width 60: "cell=auto"
      RenderBlock (anonymous) at (0,278) size 784x40
        RenderBR {BR} at (0,0) size 0x19
        RenderText {#text} at (0,20) size 253x19
          text run at (0,20) width 253: "fixed table - % cells don't get expanded"
      RenderTable {TABLE} at (0,318) size 200x30 [border: (1px outset #808080)]
        RenderTableSection {TBODY} at (1,1) size 198x28
          RenderTableRow {TR} at (0,2) size 198x24
            RenderTableCell {TD} at (2,2) size 48x24 [border: (1px inset #808080)] [r=0 c=0 rs=1 cs=1]
              RenderText {#text} at (2,2) size 30x19
                text run at (2,2) width 30: "25%"
            RenderTableCell {TD} at (51,2) size 48x24 [border: (1px inset #808080)] [r=0 c=1 rs=1 cs=1]
              RenderText {#text} at (2,2) size 30x19
                text run at (2,2) width 30: "25%"
            RenderTableCell {TD} at (101,2) size 95x24 [border: (1px inset #808080)] [r=0 c=2 rs=1 cs=1]
              RenderText {#text} at (2,2) size 28x19
                text run at (2,2) width 28: "auto"
      RenderBlock (anonymous) at (0,348) size 784x40
        RenderBR {BR} at (0,0) size 0x19
        RenderText {#text} at (0,20) size 208x19
          text run at (0,20) width 208: "fixed table - % cells are honored"
      RenderTable {TABLE} at (0,388) size 200x50 [border: (1px outset #808080)]
        RenderTableSection {TBODY} at (1,1) size 198x48
          RenderTableRow {TR} at (0,2) size 198x44
            RenderTableCell {TD} at (2,2) size 96x44 [border: (1px inset #808080)] [r=0 c=0 rs=1 cs=1]
              RenderText {#text} at (2,2) size 63x39
                text run at (2,2) width 63: "50% 50%"
                text run at (2,22) width 30: "50%"
            RenderTableCell {TD} at (100,12) size 96x24 [border: (1px inset #808080)] [r=0 c=1 rs=1 cs=1]
              RenderText {#text} at (2,2) size 28x19
                text run at (2,2) width 28: "auto"
