layer at (0,0) size 800x600
  RenderView at (0,0) size 800x600
layer at (0,0) size 800x600
  RenderBlock {HTML} at (0,0) size 800x600
    RenderBody {BODY} at (8,8) size 784x584
      RenderBlock (anonymous) at (0,0) size 784x20
        RenderText {#text} at (0,0) size 233x19
          text run at (0,0) width 233: "cell split with color (standard mode)"
      RenderTable {TABLE} at (0,20) size 32x30 [border: (1px outset #808080)]
        RenderTableCol {COLGROUP} at (0,0) size 0x0
          RenderTableCol {COL} at (0,0) size 0x0 [bgcolor=#FF0000]
          RenderTableCol {COL} at (0,0) size 0x0 [bgcolor=#0000FF]
        RenderTableSection {TBODY} at (1,1) size 30x28
          RenderTableRow {TR} at (0,2) size 30x24
            RenderTableCell {TD} at (2,2) size 26x24 [border: (1px inset #808080)] [r=0 c=0 rs=1 cs=2]
              RenderText {#text} at (2,2) size 22x19
                text run at (2,2) width 22: "foo"
      RenderBlock (anonymous) at (0,50) size 784x20
        RenderBR {BR} at (0,0) size 0x19
      RenderBlock {HR} at (0,78) size 602x2 [border: (1px inset #000000)]
      RenderBlock (anonymous) at (0,88) size 784x20
        RenderBR {BR} at (0,0) size 0x19
      RenderTable {TABLE} at (0,108) size 600x116
        RenderTableSection {TBODY} at (0,0) size 600x116
          RenderTableRow {TR} at (0,2) size 600x44
            RenderTableCell {TD} at (2,2) size 595x44 [r=0 c=0 rs=1 cs=3]
              RenderImage {IMG} at (7,1) size 580x42
              RenderText {#text} at (0,0) size 0x0
          RenderTableRow {TR} at (0,48) size 600x42
            RenderTableCell {TD} at (2,50) size 243x38 [r=1 c=0 rs=1 cs=1]
              RenderImage {IMG} at (1,1) size 232x35 [border: (1px solid #000000)]
            RenderTableCell {TD} at (246,48) size 143x42 [r=1 c=1 rs=1 cs=1]
              RenderText {#text} at (32,1) size 78x39
                text run at (32,1) width 78: "Hassle-Free"
                text run at (40,21) width 62: "Upgrades"
          RenderTableRow {TR} at (0,92) size 600x22
            RenderTableCell {TD} at (2,92) size 597x22 [bgcolor=#99CCCC] [r=2 c=0 rs=1 cs=4]
              RenderText {#text} at (1,1) size 8x19
                text run at (1,1) width 8: "x"
