layer at (0,0) size 800x826
  RenderView at (0,0) size 800x600
layer at (0,0) size 800x826
  RenderBlock {HTML} at (0,0) size 800x826
    RenderBody {BODY} at (8,8) size 784x810
      RenderBlock (anonymous) at (0,0) size 784x20
        RenderText {#text} at (0,0) size 162x19
          text run at (0,0) width 162: "Table auto, no cells fixed"
      RenderTable {TABLE} at (0,20) size 345x30 [border: (1px outset #808080)]
        RenderTableSection {TBODY} at (1,1) size 343x28
          RenderTableRow {TR} at (0,2) size 343x24
            RenderTableCell {TD} at (2,2) size 242x24 [border: (1px inset #808080)] [r=0 c=0 rs=1 cs=1]
              RenderText {#text} at (2,2) size 238x19
                text run at (2,2) width 238: "fooooooooooooooooooooooooooooo"
            RenderTableCell {TD} at (245,2) size 68x24 [border: (1px inset #808080)] [r=0 c=1 rs=1 cs=1]
              RenderText {#text} at (2,2) size 64x19
                text run at (2,2) width 64: "barrrrrrrrr"
            RenderTableCell {TD} at (314,2) size 27x24 [border: (1px inset #808080)] [r=0 c=2 rs=1 cs=1]
              RenderText {#text} at (2,2) size 23x19
                text run at (2,2) width 23: "zap"
      RenderBlock (anonymous) at (0,50) size 784x40
        RenderBR {BR} at (0,0) size 0x19
        RenderText {#text} at (0,20) size 167x19
          text run at (0,20) width 167: "Table fixed, no cells fixed"
      RenderTable {TABLE} at (0,90) size 500x30 [border: (1px outset #808080)]
        RenderTableSection {TBODY} at (1,1) size 498x28
          RenderTableRow {TR} at (0,2) size 498x24
            RenderTableCell {TD} at (2,2) size 354x24 [border: (1px inset #808080)] [r=0 c=0 rs=1 cs=1]
              RenderText {#text} at (2,2) size 238x19
                text run at (2,2) width 238: "fooooooooooooooooooooooooooooo"
            RenderTableCell {TD} at (357,2) size 99x24 [border: (1px inset #808080)] [r=0 c=1 rs=1 cs=1]
              RenderText {#text} at (2,2) size 64x19
                text run at (2,2) width 64: "barrrrrrrrr"
            RenderTableCell {TD} at (457,2) size 40x24 [border: (1px inset #808080)] [r=0 c=2 rs=1 cs=1]
              RenderText {#text} at (2,2) size 23x19
                text run at (2,2) width 23: "zap"
      RenderBlock (anonymous) at (0,120) size 784x40
        RenderBR {BR} at (0,0) size 0x19
        RenderText {#text} at (0,20) size 167x19
          text run at (0,20) width 167: "Table fixed, no cells fixed"
      RenderTable {TABLE} at (0,160) size 200x70 [border: (1px outset #808080)]
        RenderTableSection {TBODY} at (1,1) size 198x68
          RenderTableRow {TR} at (0,2) size 198x64
            RenderTableCell {TD} at (2,2) size 127x64 [border: (1px inset #808080)] [r=0 c=0 rs=1 cs=1]
              RenderText {#text} at (2,2) size 116x59
                text run at (2,2) width 114: "fo oo oo oo oo oo"
                text run at (2,22) width 116: "oo oo oo oo oo oo"
                text run at (2,42) width 56: "oo oo oo"
            RenderTableCell {TD} at (130,2) size 38x64 [border: (1px inset #808080)] [r=0 c=1 rs=1 cs=1]
              RenderText {#text} at (2,2) size 26x59
                text run at (2,2) width 26: "barr"
                text run at (2,22) width 22: "rrrr"
                text run at (2,42) width 22: "rrrr"
            RenderTableCell {TD} at (169,22) size 28x24 [border: (1px inset #808080)] [r=0 c=2 rs=1 cs=1]
              RenderText {#text} at (2,2) size 23x19
                text run at (2,2) width 23: "zap"
      RenderBlock (anonymous) at (0,230) size 784x40
        RenderBR {BR} at (0,0) size 0x19
        RenderText {#text} at (0,20) size 158x19
          text run at (0,20) width 158: "Table auto, 1st cell fixed"
      RenderTable {TABLE} at (0,270) size 137x30 [border: (1px outset #808080)]
        RenderTableSection {TBODY} at (1,1) size 135x28
          RenderTableRow {TR} at (0,2) size 135x24
            RenderTableCell {TD} at (2,2) size 104x24 [border: (1px inset #808080)] [r=0 c=0 rs=1 cs=1]
              RenderText {#text} at (2,2) size 46x19
                text run at (2,2) width 46: "fooooo"
            RenderTableCell {TD} at (108,2) size 25x24 [border: (1px inset #808080)] [r=0 c=1 rs=1 cs=1]
              RenderText {#text} at (2,2) size 21x19
                text run at (2,2) width 21: "bar"
      RenderBlock (anonymous) at (0,300) size 784x40
        RenderBR {BR} at (0,0) size 0x19
        RenderText {#text} at (0,20) size 163x19
          text run at (0,20) width 163: "Table fixed, 1st cell fixed"
      RenderTable {TABLE} at (0,340) size 500x30 [border: (1px outset #808080)]
        RenderTableSection {TBODY} at (1,1) size 498x28
          RenderTableRow {TR} at (0,2) size 498x24
            RenderTableCell {TD} at (2,2) size 104x24 [border: (1px inset #808080)] [r=0 c=0 rs=1 cs=1]
              RenderText {#text} at (2,2) size 46x19
                text run at (2,2) width 46: "fooooo"
            RenderTableCell {TD} at (108,2) size 388x24 [border: (1px inset #808080)] [r=0 c=1 rs=1 cs=1]
              RenderText {#text} at (2,2) size 21x19
                text run at (2,2) width 21: "bar"
      RenderBlock (anonymous) at (0,370) size 784x40
        RenderBR {BR} at (0,0) size 0x19
        RenderText {#text} at (0,20) size 221x19
          text run at (0,20) width 221: "Table auto, 1st cell fixed too small"
      RenderTable {TABLE} at (0,410) size 274x30 [border: (1px outset #808080)]
        RenderTableSection {TBODY} at (1,1) size 272x28
          RenderTableRow {TR} at (0,2) size 272x24
            RenderTableCell {TD} at (2,2) size 242x24 [border: (1px inset #808080)] [r=0 c=0 rs=1 cs=1]
              RenderText {#text} at (2,2) size 238x19
                text run at (2,2) width 238: "fooooooooooooooooooooooooooooo"
            RenderTableCell {TD} at (245,2) size 25x24 [border: (1px inset #808080)] [r=0 c=1 rs=1 cs=1]
              RenderText {#text} at (2,2) size 21x19
                text run at (2,2) width 21: "bar"
      RenderBlock (anonymous) at (0,440) size 784x40
        RenderBR {BR} at (0,0) size 0x19
        RenderText {#text} at (0,20) size 226x19
          text run at (0,20) width 226: "Table fixed, 1st cell fixed too small"
      RenderTable {TABLE} at (0,480) size 500x30 [border: (1px outset #808080)]
        RenderTableSection {TBODY} at (1,1) size 498x28
          RenderTableRow {TR} at (0,2) size 498x24
            RenderTableCell {TD} at (2,2) size 242x24 [border: (1px inset #808080)] [r=0 c=0 rs=1 cs=1]
              RenderText {#text} at (2,2) size 238x19
                text run at (2,2) width 238: "fooooooooooooooooooooooooooooo"
            RenderTableCell {TD} at (245,2) size 251x24 [border: (1px inset #808080)] [r=0 c=1 rs=1 cs=1]
              RenderText {#text} at (2,2) size 21x19
                text run at (2,2) width 21: "bar"
      RenderBlock (anonymous) at (0,510) size 784x40
        RenderBR {BR} at (0,0) size 0x19
        RenderText {#text} at (0,20) size 174x19
          text run at (0,20) width 174: "Table auto, both cells fixed"
      RenderTable {TABLE} at (0,550) size 216x30 [border: (1px outset #808080)]
        RenderTableSection {TBODY} at (1,1) size 214x28
          RenderTableRow {TR} at (0,2) size 214x24
            RenderTableCell {TD} at (2,2) size 104x24 [border: (1px inset #808080)] [r=0 c=0 rs=1 cs=1]
              RenderText {#text} at (2,2) size 38x19
                text run at (2,2) width 38: "foooo"
            RenderTableCell {TD} at (108,2) size 104x24 [border: (1px inset #808080)] [r=0 c=1 rs=1 cs=1]
              RenderText {#text} at (2,2) size 21x19
                text run at (2,2) width 21: "bar"
      RenderBlock (anonymous) at (0,580) size 784x40
        RenderBR {BR} at (0,0) size 0x19
        RenderText {#text} at (0,20) size 179x19
          text run at (0,20) width 179: "Table fixed, both cells fixed"
      RenderTable {TABLE} at (0,620) size 500x30 [border: (1px outset #808080)]
        RenderTableSection {TBODY} at (1,1) size 498x28
          RenderTableRow {TR} at (0,2) size 498x24
            RenderTableCell {TD} at (2,2) size 246x24 [border: (1px inset #808080)] [r=0 c=0 rs=1 cs=1]
              RenderText {#text} at (2,2) size 38x19
                text run at (2,2) width 38: "foooo"
            RenderTableCell {TD} at (250,2) size 246x24 [border: (1px inset #808080)] [r=0 c=1 rs=1 cs=1]
              RenderText {#text} at (2,2) size 21x19
                text run at (2,2) width 21: "bar"
      RenderBlock (anonymous) at (0,650) size 784x40
        RenderBR {BR} at (0,0) size 0x19
        RenderText {#text} at (0,20) size 291x19
          text run at (0,20) width 291: "Table auto, both cells fixed, 1st one too small"
      RenderTable {TABLE} at (0,690) size 354x30 [border: (1px outset #808080)]
        RenderTableSection {TBODY} at (1,1) size 352x28
          RenderTableRow {TR} at (0,2) size 352x24
            RenderTableCell {TD} at (2,2) size 242x24 [border: (1px inset #808080)] [r=0 c=0 rs=1 cs=1]
              RenderText {#text} at (2,2) size 238x19
                text run at (2,2) width 238: "fooooooooooooooooooooooooooooo"
            RenderTableCell {TD} at (245,2) size 105x24 [border: (1px inset #808080)] [r=0 c=1 rs=1 cs=1]
              RenderText {#text} at (2,2) size 21x19
                text run at (2,2) width 21: "bar"
      RenderBlock (anonymous) at (0,720) size 784x40
        RenderBR {BR} at (0,0) size 0x19
        RenderText {#text} at (0,20) size 333x19
          text run at (0,20) width 333: "Table fixed, both cells fixed, 1st cell fixed too small"
      RenderTable {TABLE} at (0,760) size 500x30 [border: (1px outset #808080)]
        RenderTableSection {TBODY} at (1,1) size 498x28
          RenderTableRow {TR} at (0,2) size 498x24
            RenderTableCell {TD} at (2,2) size 344x24 [border: (1px inset #808080)] [r=0 c=0 rs=1 cs=1]
              RenderText {#text} at (2,2) size 238x19
                text run at (2,2) width 238: "fooooooooooooooooooooooooooooo"
            RenderTableCell {TD} at (347,2) size 150x24 [border: (1px inset #808080)] [r=0 c=1 rs=1 cs=1]
              RenderText {#text} at (2,2) size 21x19
                text run at (2,2) width 21: "bar"
      RenderBlock (anonymous) at (0,790) size 784x20
        RenderBR {BR} at (0,0) size 0x19
