layer at (0,0) size 800x906
  RenderView at (0,0) size 800x600
layer at (0,0) size 800x906
  RenderBlock {HTML} at (0,0) size 800x906
    RenderBody {BODY} at (8,8) size 784x890
      RenderBlock (anonymous) at (0,0) size 784x20
        RenderText {#text} at (0,0) size 86x19
          text run at (0,0) width 86: "ROWSPANS"
      RenderTable {TABLE} at (0,20) size 137x64 [border: (5px outset #808080)]
        RenderTableSection {TBODY} at (5,5) size 127x54
          RenderTableRow {TR} at (0,2) size 127x24
            RenderTableCell {TD} at (2,15) size 40x24 [border: (1px inset #808080)] [r=0 c=0 rs=2 cs=1]
              RenderText {#text} at (2,2) size 36x19
                text run at (2,2) width 36: "auto1"
            RenderTableCell {TD} at (43,2) size 41x24 [border: (1px inset #808080)] [r=0 c=1 rs=1 cs=1]
              RenderText {#text} at (2,2) size 36x19
                text run at (2,2) width 36: "auto2"
          RenderTableRow {TR} at (0,28) size 127x24
            RenderTableCell {TD} at (43,28) size 41x24 [border: (1px inset #808080)] [r=1 c=1 rs=1 cs=1]
              RenderText {#text} at (2,2) size 36x19
                text run at (2,2) width 36: "auto3"
            RenderTableCell {TD} at (85,28) size 40x24 [border: (1px inset #808080)] [r=1 c=2 rs=1 cs=1]
              RenderText {#text} at (2,2) size 36x19
                text run at (2,2) width 36: "auto4"
      RenderTable {TABLE} at (0,84) size 263x82 [border: (1px outset #808080)]
        RenderTableSection {TBODY} at (1,1) size 261x80
          RenderTableRow {TR} at (0,2) size 261x24
            RenderTableCell {TD} at (2,28) size 189x24 [border: (1px inset #808080)] [r=0 c=0 rs=3 cs=1]
              RenderText {#text} at (2,2) size 185x19
                text run at (2,2) width 185: "c0r[2-6],Data 2 span=3 rows"
            RenderTableCell {TD} at (192,2) size 33x24 [border: (1px inset #808080)] [r=0 c=1 rs=1 cs=1]
              RenderText {#text} at (2,2) size 29x19
                text run at (2,2) width 29: "c0r2"
            RenderTableCell {TD} at (226,2) size 33x24 [border: (1px inset #808080)] [r=0 c=2 rs=1 cs=1]
              RenderText {#text} at (2,2) size 29x19
                text run at (2,2) width 29: "c1r2"
          RenderTableRow {TR} at (0,28) size 261x24
            RenderTableCell {TD} at (192,28) size 33x24 [border: (1px inset #808080)] [r=1 c=1 rs=1 cs=1]
              RenderText {#text} at (2,2) size 29x19
                text run at (2,2) width 29: "c0r3"
            RenderTableCell {TD} at (226,28) size 33x24 [border: (1px inset #808080)] [r=1 c=2 rs=1 cs=1]
              RenderText {#text} at (2,2) size 29x19
                text run at (2,2) width 29: "c1r3"
          RenderTableRow {TR} at (0,54) size 261x24
            RenderTableCell {TD} at (192,54) size 33x24 [border: (1px inset #808080)] [r=2 c=1 rs=1 cs=1]
              RenderText {#text} at (2,2) size 29x19
                text run at (2,2) width 29: "c0r4"
            RenderTableCell {TD} at (226,54) size 33x24 [border: (1px inset #808080)] [r=2 c=2 rs=1 cs=1]
              RenderText {#text} at (2,2) size 29x19
                text run at (2,2) width 29: "c1r4"
      RenderBlock (anonymous) at (0,166) size 784x20
        RenderBR {BR} at (0,0) size 0x19
      RenderTable {TABLE} at (0,186) size 263x212 [border: (1px outset #808080)]
        RenderTableSection {TBODY} at (1,1) size 261x210
          RenderTableRow {TR} at (0,2) size 261x24
            RenderTableCell {TD} at (2,54) size 189x24 [border: (1px inset #808080)] [r=0 c=0 rs=5 cs=1]
              RenderText {#text} at (2,2) size 185x19
                text run at (2,2) width 185: "c0r[2-6],Data 2 span=5 rows"
            RenderTableCell {TD} at (192,2) size 33x24 [border: (1px inset #808080)] [r=0 c=1 rs=1 cs=1]
              RenderText {#text} at (2,2) size 29x19
                text run at (2,2) width 29: "c0r2"
            RenderTableCell {TD} at (226,2) size 33x24 [border: (1px inset #808080)] [r=0 c=2 rs=1 cs=1]
              RenderText {#text} at (2,2) size 29x19
                text run at (2,2) width 29: "c1r2"
          RenderTableRow {TR} at (0,28) size 261x24
            RenderTableCell {TD} at (192,28) size 33x24 [border: (1px inset #808080)] [r=1 c=1 rs=1 cs=1]
              RenderText {#text} at (2,2) size 29x19
                text run at (2,2) width 29: "c0r3"
            RenderTableCell {TD} at (226,28) size 33x24 [border: (1px inset #808080)] [r=1 c=2 rs=1 cs=1]
              RenderText {#text} at (2,2) size 29x19
                text run at (2,2) width 29: "c1r3"
          RenderTableRow {TR} at (0,54) size 261x24
            RenderTableCell {TD} at (192,54) size 33x24 [border: (1px inset #808080)] [r=2 c=1 rs=1 cs=1]
              RenderText {#text} at (2,2) size 29x19
                text run at (2,2) width 29: "c0r4"
            RenderTableCell {TD} at (226,54) size 33x24 [border: (1px inset #808080)] [r=2 c=2 rs=1 cs=1]
              RenderText {#text} at (2,2) size 29x19
                text run at (2,2) width 29: "c1r4"
          RenderTableRow {TR} at (0,80) size 261x24
            RenderTableCell {TD} at (192,80) size 33x24 [border: (1px inset #808080)] [r=3 c=1 rs=1 cs=1]
              RenderText {#text} at (2,2) size 29x19
                text run at (2,2) width 29: "c0r5"
            RenderTableCell {TD} at (226,80) size 33x24 [border: (1px inset #808080)] [r=3 c=2 rs=1 cs=1]
              RenderText {#text} at (2,2) size 29x19
                text run at (2,2) width 29: "c1r5"
          RenderTableRow {TR} at (0,106) size 261x24
            RenderTableCell {TD} at (192,106) size 33x24 [border: (1px inset #808080)] [r=4 c=1 rs=1 cs=1]
              RenderText {#text} at (2,2) size 29x19
                text run at (2,2) width 29: "c0r6"
            RenderTableCell {TD} at (226,106) size 33x24 [border: (1px inset #808080)] [r=4 c=2 rs=1 cs=1]
              RenderText {#text} at (2,2) size 29x19
                text run at (2,2) width 29: "c1r6"
          RenderTableRow {TR} at (0,132) size 261x24
            RenderTableCell {TD} at (2,158) size 189x24 [border: (1px inset #808080)] [r=5 c=0 rs=3 cs=1]
              RenderText {#text} at (2,2) size 138x19
                text run at (2,2) width 138: "c0r[7-9] span=3 rows"
            RenderTableCell {TD} at (192,132) size 33x24 [border: (1px inset #808080)] [r=5 c=1 rs=1 cs=1]
              RenderText {#text} at (2,2) size 29x19
                text run at (2,2) width 29: "c0r7"
            RenderTableCell {TD} at (226,132) size 33x24 [border: (1px inset #808080)] [r=5 c=2 rs=1 cs=1]
              RenderText {#text} at (2,2) size 29x19
                text run at (2,2) width 29: "c1r7"
          RenderTableRow {TR} at (0,158) size 261x24
            RenderTableCell {TD} at (192,158) size 33x24 [border: (1px inset #808080)] [r=6 c=1 rs=1 cs=1]
              RenderText {#text} at (2,2) size 29x19
                text run at (2,2) width 29: "c0r8"
            RenderTableCell {TD} at (226,158) size 33x24 [border: (1px inset #808080)] [r=6 c=2 rs=1 cs=1]
              RenderText {#text} at (2,2) size 29x19
                text run at (2,2) width 29: "c1r8"
          RenderTableRow {TR} at (0,184) size 261x24
            RenderTableCell {TD} at (192,184) size 33x24 [border: (1px inset #808080)] [r=7 c=1 rs=1 cs=1]
              RenderText {#text} at (2,2) size 29x19
                text run at (2,2) width 29: "c0r9"
            RenderTableCell {TD} at (226,184) size 33x24 [border: (1px inset #808080)] [r=7 c=2 rs=1 cs=1]
              RenderText {#text} at (2,2) size 29x19
                text run at (2,2) width 29: "c1r9"
      RenderBlock (anonymous) at (0,398) size 784x20
        RenderBR {BR} at (0,0) size 0x19
      RenderTable {TABLE} at (0,418) size 64x56 [border: (1px outset #808080)]
        RenderTableSection {TBODY} at (1,1) size 62x54
          RenderTableRow {TR} at (0,2) size 62x24
            RenderTableCell {TD} at (2,2) size 28x24 [border: (1px inset #808080)] [r=0 c=0 rs=1 cs=1]
              RenderText {#text} at (2,2) size 24x19
                text run at (2,2) width 24: "one"
            RenderTableCell {TD} at (31,15) size 29x24 [border: (1px inset #808080)] [r=0 c=1 rs=2 cs=1]
              RenderText {#text} at (2,2) size 24x19
                text run at (2,2) width 24: "two"
          RenderTableRow {TR} at (0,28) size 62x24
            RenderTableCell {TD} at (2,28) size 58x24 [border: (1px inset #808080)] [r=1 c=0 rs=1 cs=2]
              RenderText {#text} at (12,2) size 33x19
                text run at (12,2) width 33: "three"
      RenderTable {TABLE} at (0,474) size 58x32 [border: (1px outset #808080)]
        RenderTableSection {TBODY} at (1,1) size 56x30
          RenderTableRow {TR} at (0,2) size 56x0
            RenderTableCell {TD} at (2,3) size 26x24 [border: (1px inset #808080)] [r=0 c=0 rs=2 cs=1]
              RenderText {#text} at (2,2) size 22x19
                text run at (2,2) width 22: "foo"
          RenderTableRow {TR} at (0,4) size 56x24
            RenderTableCell {TD} at (29,4) size 25x24 [border: (1px inset #808080)] [r=1 c=1 rs=2 cs=1]
              RenderText {#text} at (2,2) size 21x19
                text run at (2,2) width 21: "bar"
      RenderBlock (anonymous) at (0,506) size 784x20
        RenderBR {BR} at (0,0) size 0x19
      RenderTable {TABLE} at (0,526) size 602x364 [border: (1px outset #808080)]
        RenderTableSection {TBODY} at (1,1) size 600x362
          RenderTableRow {TR} at (0,0) size 600x0
            RenderTableCell {TD} at (0,0) size 503x362 [bgcolor=#FFFFFF] [border: (1px inset #808080)] [r=0 c=0 rs=2 cs=2]
              RenderImage {IMG} at (1,1) size 132x360
          RenderTableRow {TR} at (0,0) size 600x362
            RenderTableCell {TD} at (502,170) size 98x22 [border: (1px inset #808080)] [r=1 c=2 rs=1 cs=6]
              RenderText {#text} at (72,1) size 25x19
                text run at (72,1) width 25: "xxx"
