layer at (0,0) size 800x600
  RenderView at (0,0) size 800x600
layer at (0,0) size 800x174
  RenderBlock {HTML} at (0,0) size 800x174
    RenderBody {BODY} at (8,8) size 784x158
      RenderBlock {DIV} at (0,0) size 784x18
        RenderText {#text} at (0,0) size 610x18
          text run at (0,0) width 610: "When the caret is scrolled out, on starting typing it must be brought to the center of the control."
      RenderBlock (anonymous) at (0,18) size 784x140
        RenderText {#text} at (0,0) size 0x0
        RenderText {#text} at (0,0) size 0x0
layer at (8,26) size 91x136 clip at (9,27) size 74x134 scrollY 97 scrollHeight 419
  RenderTextControl {TEXTAREA} at (0,0) size 91x136 [bgcolor=#FFFFFF] [border: (1px solid #000000)]
    RenderBlock {DIV} at (3,3) size 70x415
      RenderText {#text} at (0,0) size 19x402
        text run at (0,0) width 14: "00"
        text run at (13,0) width 1: " "
        text run at (0,12) width 13: "01"
        text run at (12,12) width 1: " "
        text run at (0,25) width 14: "02"
        text run at (13,25) width 1: " "
        text run at (0,38) width 14: "03"
        text run at (13,38) width 1: " "
        text run at (0,51) width 15: "04"
        text run at (14,51) width 1: " "
        text run at (0,64) width 14: "05"
        text run at (13,64) width 1: " "
        text run at (0,77) width 15: "06"
        text run at (14,77) width 1: " "
        text run at (0,90) width 14: "07"
        text run at (13,90) width 1: " "
        text run at (0,103) width 15: "08"
        text run at (14,103) width 1: " "
        text run at (0,116) width 15: "09"
        text run at (14,116) width 1: " "
        text run at (0,129) width 13: "10"
        text run at (12,129) width 1: " "
        text run at (0,142) width 11: "11"
        text run at (10,142) width 1: " "
        text run at (0,155) width 19: ">12"
        text run at (18,155) width 1: " "
        text run at (0,168) width 13: "13"
        text run at (12,168) width 1: " "
        text run at (0,181) width 13: "14"
        text run at (12,181) width 1: " "
        text run at (0,194) width 13: "15"
        text run at (12,194) width 1: " "
        text run at (0,207) width 13: "16"
        text run at (12,207) width 1: " "
        text run at (0,220) width 12: "17"
        text run at (11,220) width 1: " "
        text run at (0,233) width 13: "18"
        text run at (12,233) width 1: " "
        text run at (0,246) width 13: "19"
        text run at (12,246) width 1: " "
        text run at (0,259) width 14: "20"
        text run at (13,259) width 1: " "
        text run at (0,272) width 12: "21"
        text run at (11,272) width 1: " "
        text run at (0,285) width 14: "22"
        text run at (13,285) width 1: " "
        text run at (0,297) width 14: "23"
        text run at (13,297) width 1: " "
        text run at (0,310) width 14: "24"
        text run at (13,310) width 1: " "
        text run at (0,323) width 14: "25"
        text run at (13,323) width 1: " "
        text run at (0,336) width 14: "26"
        text run at (13,336) width 1: " "
        text run at (0,349) width 14: "27"
        text run at (13,349) width 1: " "
        text run at (0,362) width 14: "28"
        text run at (13,362) width 1: " "
        text run at (0,375) width 14: "29"
        text run at (13,375) width 1: " "
        text run at (0,388) width 14: "30"
        text run at (13,388) width 1: " "
      RenderBR {BR} at (0,401) size 0x14
caret: position 37 of child 0 {#text} of child 0 {DIV} of {#document-fragment} of child 3 {TEXTAREA} of body
