layer at (0,0) size 800x600
  RenderView at (0,0) size 800x600
layer at (0,0) size 800x79
  RenderBlock {HTML} at (0,0) size 800x79
    RenderBody {BODY} at (8,8) size 784x63
      RenderTable {TABLE} at (0,0) size 29x63
        RenderTableSection {TBODY} at (0,0) size 29x63
          RenderTableRow {TR} at (0,2) size 29x34
            RenderTableCell {TD} at (2,2) size 15x34 [r=0 c=0 rs=1 cs=1]
              RenderTable {TABLE} at (1,1) size 11x19
                RenderTableSection {TBODY} at (0,0) size 11x19
                  RenderTableRow {TR} at (0,2) size 11x15
                    RenderTableCell {TD} at (2,2) size 7x15 [r=0 c=0 rs=1 cs=1]
                      RenderText {#text} at (1,1) size 5x13
                        text run at (1,1) width 5: "#"
              RenderBlock (anonymous) at (1,20) size 13x13
                RenderText {#text} at (0,0) size 5x13
                  text run at (0,0) width 5: "#"
            RenderTableCell {TD} at (18,11) size 10x16 [r=0 c=1 rs=1 cs=1]
              RenderText {#text} at (1,0) size 5x15
                text run at (1,1) width 5: "#"
          RenderTableRow {TR} at (0,38) size 29x23
            RenderTableCell {TD} at (2,38) size 26x23 [r=1 c=0 rs=1 cs=2]
              RenderText {#text} at (5,5) size 15x13
                text run at (5,5) width 15: "###"
