layer at (0,0) size 800x600
  RenderView at (0,0) size 800x600
layer at (0,0) size 800x556
  RenderBlock {HTML} at (0,0) size 800x556
    RenderBody {BODY} at (8,8) size 784x540
      RenderTable {TABLE} at (0,0) size 51x45
        RenderTableSection {TBODY} at (0,0) size 51x45
          RenderTableRow {TR} at (0,0) size 51x15
            RenderTableCell {TD} at (0,0) size 17x15 [r=0 c=0 rs=1 cs=1]
              RenderText {#text} at (1,1) size 15x13
                text run at (1,1) width 15: "###"
            RenderTableCell {TD} at (17,0) size 17x15 [r=0 c=1 rs=1 cs=1]
              RenderText {#text} at (1,1) size 5x13
                text run at (1,1) width 5: "#"
            RenderTableCell {TD} at (34,0) size 17x15 [r=0 c=2 rs=1 cs=1]
              RenderText {#text} at (1,1) size 5x13
                text run at (1,1) width 5: "#"
          RenderTableRow {TR} at (0,15) size 51x15
            RenderTableCell {TD} at (0,15) size 17x15 [r=1 c=0 rs=1 cs=1]
              RenderText {#text} at (1,1) size 5x13
                text run at (1,1) width 5: "#"
            RenderTableCell {TD} at (17,15) size 17x15 [r=1 c=1 rs=1 cs=1]
              RenderText {#text} at (1,1) size 5x13
                text run at (1,1) width 5: "#"
            RenderTableCell {TD} at (34,15) size 17x15 [r=1 c=2 rs=1 cs=1]
              RenderText {#text} at (1,1) size 15x13
                text run at (1,1) width 15: "###"
          RenderTableRow {TR} at (0,30) size 51x15
            RenderTableCell {TD} at (0,30) size 17x15 [r=2 c=0 rs=1 cs=1]
              RenderText {#text} at (1,1) size 5x13
                text run at (1,1) width 5: "#"
            RenderTableCell {TD} at (17,30) size 17x15 [r=2 c=1 rs=1 cs=1]
              RenderText {#text} at (1,1) size 15x13
                text run at (1,1) width 15: "###"
            RenderTableCell {TD} at (34,30) size 17x15 [r=2 c=2 rs=1 cs=1]
              RenderText {#text} at (1,1) size 5x13
                text run at (1,1) width 5: "#"
      RenderTable {TABLE} at (0,45) size 21x45
        RenderTableSection {TBODY} at (0,0) size 21x45
          RenderTableRow {TR} at (0,0) size 21x15
            RenderTableCell {TD} at (0,0) size 7x15 [r=0 c=0 rs=1 cs=1]
              RenderText {#text} at (1,1) size 5x13
                text run at (1,1) width 5: "#"
            RenderTableCell {TD} at (7,0) size 7x15 [r=0 c=1 rs=1 cs=1]
              RenderText {#text} at (1,1) size 5x13
                text run at (1,1) width 5: "#"
            RenderTableCell {TD} at (14,0) size 7x15 [r=0 c=2 rs=1 cs=1]
              RenderText {#text} at (1,1) size 5x13
                text run at (1,1) width 5: "#"
          RenderTableRow {TR} at (0,15) size 21x15
            RenderTableCell {TD} at (0,15) size 21x15 [r=1 c=0 rs=1 cs=3]
              RenderText {#text} at (1,1) size 5x13
                text run at (1,1) width 5: "#"
          RenderTableRow {TR} at (0,30) size 21x15
            RenderTableCell {TD} at (0,30) size 14x15 [r=2 c=0 rs=1 cs=2]
              RenderText {#text} at (1,1) size 5x13
                text run at (1,1) width 5: "#"
            RenderTableCell {TD} at (14,30) size 7x15 [r=2 c=2 rs=1 cs=1]
              RenderText {#text} at (1,1) size 5x13
                text run at (1,1) width 5: "#"
      RenderTable {TABLE} at (0,90) size 36x45
        RenderTableSection {TBODY} at (0,0) size 36x45
          RenderTableRow {TR} at (0,0) size 36x15
            RenderTableCell {TD} at (0,0) size 17x15 [r=0 c=0 rs=1 cs=1]
              RenderText {#text} at (1,1) size 15x13
                text run at (1,1) width 15: "###"
            RenderTableCell {TD} at (17,0) size 12x15 [r=0 c=1 rs=1 cs=1]
              RenderText {#text} at (1,1) size 10x13
                text run at (1,1) width 10: "##"
            RenderTableCell {TD} at (29,0) size 7x15 [r=0 c=2 rs=1 cs=1]
              RenderText {#text} at (1,1) size 5x13
                text run at (1,1) width 5: "#"
          RenderTableRow {TR} at (0,15) size 36x15
            RenderTableCell {TD} at (0,15) size 36x15 [r=1 c=0 rs=1 cs=3]
              RenderText {#text} at (1,1) size 30x13
                text run at (1,1) width 30: "######"
          RenderTableRow {TR} at (0,30) size 36x15
            RenderTableCell {TD} at (0,30) size 29x15 [r=2 c=0 rs=1 cs=2]
              RenderText {#text} at (1,1) size 25x13
                text run at (1,1) width 25: "#####"
            RenderTableCell {TD} at (29,30) size 7x15 [r=2 c=2 rs=1 cs=1]
              RenderText {#text} at (1,1) size 5x13
                text run at (1,1) width 5: "#"
      RenderTable {TABLE} at (0,135) size 67x45
        RenderTableSection {TBODY} at (0,0) size 67x45
          RenderTableRow {TR} at (0,0) size 67x15
            RenderTableCell {TD} at (0,0) size 40x15 [r=0 c=0 rs=1 cs=1]
              RenderText {#text} at (1,1) size 25x13
                text run at (1,1) width 25: "#####"
            RenderTableCell {TD} at (39,0) size 18x15 [r=0 c=1 rs=1 cs=1]
              RenderText {#text} at (1,1) size 10x13
                text run at (1,1) width 10: "##"
            RenderTableCell {TD} at (56,0) size 12x15 [r=0 c=2 rs=1 cs=1]
              RenderText {#text} at (1,1) size 5x13
                text run at (1,1) width 5: "#"
          RenderTableRow {TR} at (0,15) size 67x15
            RenderTableCell {TD} at (0,15) size 68x15 [r=1 c=0 rs=1 cs=3]
              RenderText {#text} at (1,1) size 65x13
                text run at (1,1) width 65: "#############"
          RenderTableRow {TR} at (0,30) size 67x15
            RenderTableCell {TD} at (0,30) size 57x15 [r=2 c=0 rs=1 cs=2]
              RenderText {#text} at (1,1) size 35x13
                text run at (1,1) width 35: "#######"
            RenderTableCell {TD} at (56,30) size 12x15 [r=2 c=2 rs=1 cs=1]
              RenderText {#text} at (1,1) size 5x13
                text run at (1,1) width 5: "#"
      RenderTable {TABLE} at (0,180) size 67x45
        RenderTableSection {TBODY} at (0,0) size 67x45
          RenderTableRow {TR} at (0,0) size 67x15
            RenderTableCell {TD} at (0,0) size 40x15 [r=0 c=0 rs=1 cs=1]
              RenderText {#text} at (1,1) size 25x13
                text run at (1,1) width 25: "#####"
            RenderTableCell {TD} at (39,0) size 18x15 [r=0 c=1 rs=1 cs=1]
              RenderText {#text} at (1,1) size 10x13
                text run at (1,1) width 10: "##"
            RenderTableCell {TD} at (56,0) size 12x15 [r=0 c=2 rs=1 cs=1]
              RenderText {#text} at (1,1) size 5x13
                text run at (1,1) width 5: "#"
          RenderTableRow {TR} at (0,15) size 67x15
            RenderTableCell {TD} at (0,15) size 68x15 [r=1 c=0 rs=1 cs=3]
              RenderText {#text} at (1,1) size 65x13
                text run at (1,1) width 65: "#############"
          RenderTableRow {TR} at (0,30) size 67x15
            RenderTableCell {TD} at (0,30) size 40x15 [r=2 c=0 rs=1 cs=1]
              RenderText {#text} at (1,1) size 5x13
                text run at (1,1) width 5: "#"
            RenderTableCell {TD} at (39,30) size 29x15 [r=2 c=1 rs=1 cs=2]
              RenderText {#text} at (1,1) size 15x13
                text run at (1,1) width 15: "###"
      RenderTable {TABLE} at (0,225) size 31x45
        RenderTableSection {TBODY} at (0,0) size 31x45
          RenderTableRow {TR} at (0,0) size 31x15
            RenderTableCell {TD} at (0,0) size 17x15 [r=0 c=0 rs=1 cs=1]
              RenderText {#text} at (1,1) size 15x13
                text run at (1,1) width 15: "###"
            RenderTableCell {TD} at (17,0) size 7x15 [r=0 c=1 rs=1 cs=1]
              RenderText {#text} at (1,1) size 5x13
                text run at (1,1) width 5: "#"
            RenderTableCell {TD} at (24,0) size 7x15 [r=0 c=2 rs=1 cs=1]
              RenderText {#text} at (1,1) size 5x13
                text run at (1,1) width 5: "#"
          RenderTableRow {TR} at (0,15) size 31x15
            RenderTableCell {TD} at (0,15) size 31x15 [r=1 c=0 rs=1 cs=3]
              RenderText {#text} at (1,1) size 15x13
                text run at (1,1) width 15: "###"
          RenderTableRow {TR} at (0,30) size 31x15
            RenderTableCell {TD} at (0,30) size 24x15 [r=2 c=0 rs=1 cs=2]
              RenderText {#text} at (1,1) size 15x13
                text run at (1,1) width 15: "###"
            RenderTableCell {TD} at (24,30) size 7x15 [r=2 c=2 rs=1 cs=1]
              RenderText {#text} at (1,1) size 5x13
                text run at (1,1) width 5: "#"
      RenderTable {TABLE} at (0,270) size 600x45
        RenderTableSection {TBODY} at (0,0) size 600x45
          RenderTableRow {TR} at (0,0) size 600x15
            RenderTableCell {TD} at (0,0) size 200x15 [r=0 c=0 rs=1 cs=1]
              RenderText {#text} at (1,1) size 15x13
                text run at (1,1) width 15: "###"
            RenderTableCell {TD} at (200,0) size 200x15 [r=0 c=1 rs=1 cs=1]
              RenderText {#text} at (1,1) size 5x13
                text run at (1,1) width 5: "#"
            RenderTableCell {TD} at (400,0) size 200x15 [r=0 c=2 rs=1 cs=1]
              RenderText {#text} at (1,1) size 5x13
                text run at (1,1) width 5: "#"
          RenderTableRow {TR} at (0,15) size 600x15
            RenderTableCell {TD} at (0,15) size 200x15 [r=1 c=0 rs=1 cs=1]
              RenderText {#text} at (1,1) size 5x13
                text run at (1,1) width 5: "#"
            RenderTableCell {TD} at (200,15) size 200x15 [r=1 c=1 rs=1 cs=1]
              RenderText {#text} at (1,1) size 5x13
                text run at (1,1) width 5: "#"
            RenderTableCell {TD} at (400,15) size 200x15 [r=1 c=2 rs=1 cs=1]
              RenderText {#text} at (1,1) size 15x13
                text run at (1,1) width 15: "###"
          RenderTableRow {TR} at (0,30) size 600x15
            RenderTableCell {TD} at (0,30) size 200x15 [r=2 c=0 rs=1 cs=1]
              RenderText {#text} at (1,1) size 5x13
                text run at (1,1) width 5: "#"
            RenderTableCell {TD} at (200,30) size 200x15 [r=2 c=1 rs=1 cs=1]
              RenderText {#text} at (1,1) size 15x13
                text run at (1,1) width 15: "###"
            RenderTableCell {TD} at (400,30) size 200x15 [r=2 c=2 rs=1 cs=1]
              RenderText {#text} at (1,1) size 5x13
                text run at (1,1) width 5: "#"
      RenderTable {TABLE} at (0,315) size 600x45
        RenderTableSection {TBODY} at (0,0) size 600x45
          RenderTableRow {TR} at (0,0) size 600x15
            RenderTableCell {TD} at (0,0) size 200x15 [r=0 c=0 rs=1 cs=1]
              RenderText {#text} at (1,1) size 5x13
                text run at (1,1) width 5: "#"
            RenderTableCell {TD} at (200,0) size 200x15 [r=0 c=1 rs=1 cs=1]
              RenderText {#text} at (1,1) size 5x13
                text run at (1,1) width 5: "#"
            RenderTableCell {TD} at (400,0) size 200x15 [r=0 c=2 rs=1 cs=1]
              RenderText {#text} at (1,1) size 5x13
                text run at (1,1) width 5: "#"
          RenderTableRow {TR} at (0,15) size 600x15
            RenderTableCell {TD} at (0,15) size 600x15 [r=1 c=0 rs=1 cs=3]
              RenderText {#text} at (1,1) size 5x13
                text run at (1,1) width 5: "#"
          RenderTableRow {TR} at (0,30) size 600x15
            RenderTableCell {TD} at (0,30) size 400x15 [r=2 c=0 rs=1 cs=2]
              RenderText {#text} at (1,1) size 5x13
                text run at (1,1) width 5: "#"
            RenderTableCell {TD} at (400,30) size 200x15 [r=2 c=2 rs=1 cs=1]
              RenderText {#text} at (1,1) size 5x13
                text run at (1,1) width 5: "#"
      RenderTable {TABLE} at (0,360) size 600x45
        RenderTableSection {TBODY} at (0,0) size 600x45
          RenderTableRow {TR} at (0,0) size 600x15
            RenderTableCell {TD} at (0,0) size 284x15 [r=0 c=0 rs=1 cs=1]
              RenderText {#text} at (1,1) size 15x13
                text run at (1,1) width 15: "###"
            RenderTableCell {TD} at (283,0) size 201x15 [r=0 c=1 rs=1 cs=1]
              RenderText {#text} at (1,1) size 10x13
                text run at (1,1) width 10: "##"
            RenderTableCell {TD} at (483,0) size 118x15 [r=0 c=2 rs=1 cs=1]
              RenderText {#text} at (1,1) size 5x13
                text run at (1,1) width 5: "#"
          RenderTableRow {TR} at (0,15) size 600x15
            RenderTableCell {TD} at (0,15) size 601x15 [r=1 c=0 rs=1 cs=3]
              RenderText {#text} at (1,1) size 30x13
                text run at (1,1) width 30: "######"
          RenderTableRow {TR} at (0,30) size 600x15
            RenderTableCell {TD} at (0,30) size 484x15 [r=2 c=0 rs=1 cs=2]
              RenderText {#text} at (1,1) size 25x13
                text run at (1,1) width 25: "#####"
            RenderTableCell {TD} at (483,30) size 118x15 [r=2 c=2 rs=1 cs=1]
              RenderText {#text} at (1,1) size 5x13
                text run at (1,1) width 5: "#"
      RenderTable {TABLE} at (0,405) size 600x45
        RenderTableSection {TBODY} at (0,0) size 600x45
          RenderTableRow {TR} at (0,0) size 600x15
            RenderTableCell {TD} at (0,0) size 353x15 [r=0 c=0 rs=1 cs=1]
              RenderText {#text} at (1,1) size 25x13
                text run at (1,1) width 25: "#####"
            RenderTableCell {TD} at (352,0) size 157x15 [r=0 c=1 rs=1 cs=1]
              RenderText {#text} at (1,1) size 10x13
                text run at (1,1) width 10: "##"
            RenderTableCell {TD} at (508,0) size 93x15 [r=0 c=2 rs=1 cs=1]
              RenderText {#text} at (1,1) size 5x13
                text run at (1,1) width 5: "#"
          RenderTableRow {TR} at (0,15) size 600x15
            RenderTableCell {TD} at (0,15) size 601x15 [r=1 c=0 rs=1 cs=3]
              RenderText {#text} at (1,1) size 65x13
                text run at (1,1) width 65: "#############"
          RenderTableRow {TR} at (0,30) size 600x15
            RenderTableCell {TD} at (0,30) size 509x15 [r=2 c=0 rs=1 cs=2]
              RenderText {#text} at (1,1) size 35x13
                text run at (1,1) width 35: "#######"
            RenderTableCell {TD} at (508,30) size 93x15 [r=2 c=2 rs=1 cs=1]
              RenderText {#text} at (1,1) size 5x13
                text run at (1,1) width 5: "#"
      RenderTable {TABLE} at (0,450) size 600x45
        RenderTableSection {TBODY} at (0,0) size 600x45
          RenderTableRow {TR} at (0,0) size 600x15
            RenderTableCell {TD} at (0,0) size 353x15 [r=0 c=0 rs=1 cs=1]
              RenderText {#text} at (1,1) size 25x13
                text run at (1,1) width 25: "#####"
            RenderTableCell {TD} at (352,0) size 157x15 [r=0 c=1 rs=1 cs=1]
              RenderText {#text} at (1,1) size 10x13
                text run at (1,1) width 10: "##"
            RenderTableCell {TD} at (508,0) size 93x15 [r=0 c=2 rs=1 cs=1]
              RenderText {#text} at (1,1) size 5x13
                text run at (1,1) width 5: "#"
          RenderTableRow {TR} at (0,15) size 600x15
            RenderTableCell {TD} at (0,15) size 601x15 [r=1 c=0 rs=1 cs=3]
              RenderText {#text} at (1,1) size 65x13
                text run at (1,1) width 65: "#############"
          RenderTableRow {TR} at (0,30) size 600x15
            RenderTableCell {TD} at (0,30) size 353x15 [r=2 c=0 rs=1 cs=1]
              RenderText {#text} at (1,1) size 5x13
                text run at (1,1) width 5: "#"
            RenderTableCell {TD} at (352,30) size 249x15 [r=2 c=1 rs=1 cs=2]
              RenderText {#text} at (1,1) size 15x13
                text run at (1,1) width 15: "###"
      RenderTable {TABLE} at (0,495) size 600x45
        RenderTableSection {TBODY} at (0,0) size 600x45
          RenderTableRow {TR} at (0,0) size 600x15
            RenderTableCell {TD} at (0,0) size 330x15 [r=0 c=0 rs=1 cs=1]
              RenderText {#text} at (1,1) size 15x13
                text run at (1,1) width 15: "###"
            RenderTableCell {TD} at (329,0) size 136x15 [r=0 c=1 rs=1 cs=1]
              RenderText {#text} at (1,1) size 5x13
                text run at (1,1) width 5: "#"
            RenderTableCell {TD} at (464,0) size 137x15 [r=0 c=2 rs=1 cs=1]
              RenderText {#text} at (1,1) size 5x13
                text run at (1,1) width 5: "#"
          RenderTableRow {TR} at (0,15) size 600x15
            RenderTableCell {TD} at (0,15) size 601x15 [r=1 c=0 rs=1 cs=3]
              RenderText {#text} at (1,1) size 15x13
                text run at (1,1) width 15: "###"
          RenderTableRow {TR} at (0,30) size 600x15
            RenderTableCell {TD} at (0,30) size 465x15 [r=2 c=0 rs=1 cs=2]
              RenderText {#text} at (1,1) size 15x13
                text run at (1,1) width 15: "###"
            RenderTableCell {TD} at (464,30) size 137x15 [r=2 c=2 rs=1 cs=1]
              RenderText {#text} at (1,1) size 5x13
                text run at (1,1) width 5: "#"
