layer at (0,0) size 800x600
  RenderView at (0,0) size 800x600
layer at (0,0) size 800x406
  RenderBlock {HTML} at (0,0) size 800x406
    RenderBody {BODY} at (8,8) size 784x390
      RenderTable {TABLE} at (0,0) size 59x53
        RenderTableSection {TBODY} at (0,0) size 59x53
          RenderTableRow {TR} at (0,2) size 59x15
            RenderTableCell {TD} at (2,2) size 17x15 [r=0 c=0 rs=1 cs=1]
              RenderText {#text} at (1,1) size 15x13
                text run at (1,1) width 15: "###"
            RenderTableCell {TD} at (21,2) size 17x15 [r=0 c=1 rs=1 cs=1]
              RenderText {#text} at (1,1) size 5x13
                text run at (1,1) width 5: "#"
            RenderTableCell {TD} at (40,2) size 17x15 [r=0 c=2 rs=1 cs=1]
              RenderText {#text} at (1,1) size 5x13
                text run at (1,1) width 5: "#"
          RenderTableRow {TR} at (0,19) size 59x15
            RenderTableCell {TD} at (2,19) size 17x15 [r=1 c=0 rs=1 cs=1]
              RenderText {#text} at (1,1) size 5x13
                text run at (1,1) width 5: "#"
            RenderTableCell {TD} at (21,19) size 17x15 [r=1 c=1 rs=1 cs=1]
              RenderText {#text} at (1,1) size 5x13
                text run at (1,1) width 5: "#"
            RenderTableCell {TD} at (40,19) size 17x15 [r=1 c=2 rs=1 cs=1]
              RenderText {#text} at (1,1) size 15x13
                text run at (1,1) width 15: "###"
          RenderTableRow {TR} at (0,36) size 59x15
            RenderTableCell {TD} at (2,36) size 17x15 [r=2 c=0 rs=1 cs=1]
              RenderText {#text} at (1,1) size 5x13
                text run at (1,1) width 5: "#"
            RenderTableCell {TD} at (21,36) size 17x15 [r=2 c=1 rs=1 cs=1]
              RenderText {#text} at (1,1) size 15x13
                text run at (1,1) width 15: "###"
            RenderTableCell {TD} at (40,36) size 17x15 [r=2 c=2 rs=1 cs=1]
              RenderText {#text} at (1,1) size 5x13
                text run at (1,1) width 5: "#"
      RenderTable {TABLE} at (0,53) size 29x53
        RenderTableSection {TBODY} at (0,0) size 29x53
          RenderTableRow {TR} at (0,2) size 29x15
            RenderTableCell {TD} at (2,2) size 7x15 [r=0 c=0 rs=1 cs=1]
              RenderText {#text} at (1,1) size 5x13
                text run at (1,1) width 5: "#"
            RenderTableCell {TD} at (11,2) size 7x15 [r=0 c=1 rs=1 cs=1]
              RenderText {#text} at (1,1) size 5x13
                text run at (1,1) width 5: "#"
            RenderTableCell {TD} at (20,2) size 7x15 [r=0 c=2 rs=1 cs=1]
              RenderText {#text} at (1,1) size 5x13
                text run at (1,1) width 5: "#"
          RenderTableRow {TR} at (0,19) size 29x15
            RenderTableCell {TD} at (2,19) size 25x15 [r=1 c=0 rs=1 cs=3]
              RenderText {#text} at (1,1) size 5x13
                text run at (1,1) width 5: "#"
          RenderTableRow {TR} at (0,36) size 29x15
            RenderTableCell {TD} at (2,36) size 16x15 [r=2 c=0 rs=1 cs=2]
              RenderText {#text} at (1,1) size 5x13
                text run at (1,1) width 5: "#"
            RenderTableCell {TD} at (20,36) size 7x15 [r=2 c=2 rs=1 cs=1]
              RenderText {#text} at (1,1) size 5x13
                text run at (1,1) width 5: "#"
      RenderTable {TABLE} at (0,106) size 44x53
        RenderTableSection {TBODY} at (0,0) size 44x53
          RenderTableRow {TR} at (0,2) size 44x15
            RenderTableCell {TD} at (2,2) size 17x15 [r=0 c=0 rs=1 cs=1]
              RenderText {#text} at (1,1) size 15x13
                text run at (1,1) width 15: "###"
            RenderTableCell {TD} at (21,2) size 12x15 [r=0 c=1 rs=1 cs=1]
              RenderText {#text} at (1,1) size 10x13
                text run at (1,1) width 10: "##"
            RenderTableCell {TD} at (35,2) size 7x15 [r=0 c=2 rs=1 cs=1]
              RenderText {#text} at (1,1) size 5x13
                text run at (1,1) width 5: "#"
          RenderTableRow {TR} at (0,19) size 44x15
            RenderTableCell {TD} at (2,19) size 40x15 [r=1 c=0 rs=1 cs=3]
              RenderText {#text} at (1,1) size 30x13
                text run at (1,1) width 30: "######"
          RenderTableRow {TR} at (0,36) size 44x15
            RenderTableCell {TD} at (2,36) size 31x15 [r=2 c=0 rs=1 cs=2]
              RenderText {#text} at (1,1) size 25x13
                text run at (1,1) width 25: "#####"
            RenderTableCell {TD} at (35,36) size 7x15 [r=2 c=2 rs=1 cs=1]
              RenderText {#text} at (1,1) size 5x13
                text run at (1,1) width 5: "#"
      RenderTable {TABLE} at (0,159) size 71x53
        RenderTableSection {TBODY} at (0,0) size 71x53
          RenderTableRow {TR} at (0,2) size 71x15
            RenderTableCell {TD} at (2,2) size 37x15 [r=0 c=0 rs=1 cs=1]
              RenderText {#text} at (1,1) size 25x13
                text run at (1,1) width 25: "#####"
            RenderTableCell {TD} at (40,2) size 18x15 [r=0 c=1 rs=1 cs=1]
              RenderText {#text} at (1,1) size 10x13
                text run at (1,1) width 10: "##"
            RenderTableCell {TD} at (59,2) size 11x15 [r=0 c=2 rs=1 cs=1]
              RenderText {#text} at (1,1) size 5x13
                text run at (1,1) width 5: "#"
          RenderTableRow {TR} at (0,19) size 71x15
            RenderTableCell {TD} at (2,19) size 68x15 [r=1 c=0 rs=1 cs=3]
              RenderText {#text} at (1,1) size 65x13
                text run at (1,1) width 65: "#############"
          RenderTableRow {TR} at (0,36) size 71x15
            RenderTableCell {TD} at (2,36) size 56x15 [r=2 c=0 rs=1 cs=2]
              RenderText {#text} at (1,1) size 35x13
                text run at (1,1) width 35: "#######"
            RenderTableCell {TD} at (59,36) size 11x15 [r=2 c=2 rs=1 cs=1]
              RenderText {#text} at (1,1) size 5x13
                text run at (1,1) width 5: "#"
      RenderTable {TABLE} at (0,212) size 71x53
        RenderTableSection {TBODY} at (0,0) size 71x53
          RenderTableRow {TR} at (0,2) size 71x15
            RenderTableCell {TD} at (2,2) size 37x15 [r=0 c=0 rs=1 cs=1]
              RenderText {#text} at (1,1) size 25x13
                text run at (1,1) width 25: "#####"
            RenderTableCell {TD} at (40,2) size 18x15 [r=0 c=1 rs=1 cs=1]
              RenderText {#text} at (1,1) size 10x13
                text run at (1,1) width 10: "##"
            RenderTableCell {TD} at (59,2) size 11x15 [r=0 c=2 rs=1 cs=1]
              RenderText {#text} at (1,1) size 5x13
                text run at (1,1) width 5: "#"
          RenderTableRow {TR} at (0,19) size 71x15
            RenderTableCell {TD} at (2,19) size 68x15 [r=1 c=0 rs=1 cs=3]
              RenderText {#text} at (1,1) size 65x13
                text run at (1,1) width 65: "#############"
          RenderTableRow {TR} at (0,36) size 71x15
            RenderTableCell {TD} at (2,36) size 37x15 [r=2 c=0 rs=1 cs=1]
              RenderText {#text} at (1,1) size 5x13
                text run at (1,1) width 5: "#"
            RenderTableCell {TD} at (40,36) size 30x15 [r=2 c=1 rs=1 cs=2]
              RenderText {#text} at (1,1) size 15x13
                text run at (1,1) width 15: "###"
      RenderTable {TABLE} at (0,265) size 111x125
        RenderTableSection {TBODY} at (0,0) size 111x125
          RenderTableRow {TR} at (0,20) size 111x15
            RenderTableCell {TD} at (20,20) size 17x15 [r=0 c=0 rs=1 cs=1]
              RenderText {#text} at (1,1) size 15x13
                text run at (1,1) width 15: "###"
            RenderTableCell {TD} at (57,20) size 7x15 [r=0 c=1 rs=1 cs=1]
              RenderText {#text} at (1,1) size 5x13
                text run at (1,1) width 5: "#"
            RenderTableCell {TD} at (84,20) size 7x15 [r=0 c=2 rs=1 cs=1]
              RenderText {#text} at (1,1) size 5x13
                text run at (1,1) width 5: "#"
          RenderTableRow {TR} at (0,55) size 111x15
            RenderTableCell {TD} at (20,55) size 71x15 [r=1 c=0 rs=1 cs=3]
              RenderText {#text} at (1,1) size 15x13
                text run at (1,1) width 15: "###"
          RenderTableRow {TR} at (0,90) size 111x15
            RenderTableCell {TD} at (20,90) size 44x15 [r=2 c=0 rs=1 cs=2]
              RenderText {#text} at (1,1) size 15x13
                text run at (1,1) width 15: "###"
            RenderTableCell {TD} at (84,90) size 7x15 [r=2 c=2 rs=1 cs=1]
              RenderText {#text} at (1,1) size 5x13
                text run at (1,1) width 5: "#"
