layer at (0,0) size 800x600
  RenderView at (0,0) size 800x600
layer at (0,0) size 800x588
  RenderBlock {HTML} at (0,0) size 800x588
    RenderBody {BODY} at (8,16) size 784x564
      RenderBlock {P} at (0,0) size 784x18
        RenderText {#text} at (0,0) size 414x18
          text run at (0,0) width 414: "The shadow should look identical relative to the box in each case."
      RenderBlock (anonymous) at (0,34) size 784x530
        RenderBlock {DIV} at (20,20) size 300x150
          RenderText {#text} at (0,0) size 0x0
        RenderText {#text} at (340,131) size 4x18
          text run at (340,131) width 4: " "
        RenderBlock {DIV} at (364,20) size 300x150
          RenderText {#text} at (0,0) size 0x0
        RenderText {#text} at (0,0) size 0x0
        RenderBlock {DIV} at (20,210) size 300x300
          RenderText {#text} at (0,0) size 0x0
        RenderText {#text} at (340,396) size 4x18
          text run at (340,396) width 4: " "
        RenderBlock {DIV} at (364,210) size 300x300
          RenderText {#text} at (0,0) size 0x0
        RenderText {#text} at (0,0) size 0x0
layer at (128,95) size 100x100
  RenderBlock (relative positioned) {DIV} at (100,25) size 100x100
layer at (472,95) size 100x100
  RenderBlock (relative positioned) {DIV} at (100,25) size 100x100
layer at (128,360) size 100x100
  RenderBlock (relative positioned) {DIV} at (100,100) size 100x100
layer at (472,360) size 100x100
  RenderBlock (relative positioned) {DIV} at (100,100) size 100x100
