layer at (0,0) size 800x600
  RenderView at (0,0) size 800x600
layer at (0,0) size 800x600
  RenderBlock {HTML} at (0,0) size 800x600
    RenderBody {BODY} at (8,8) size 784x584
      RenderBlock {DIV} at (0,0) size 784x50 [color=#FF0000]
        RenderText {#text} at (0,0) size 50x50
          text run at (0,0) width 50: "Z"
layer at (8,8) size 50x50
  RenderBlock (positioned) {SPAN} at (8,8) size 50x50 [color=#008000]
    RenderText {#text} at (0,0) size 50x50
      text run at (0,0) width 50: "Y"
