layer at (0,0) size 800x600
  RenderView at (0,0) size 800x600
layer at (0,0) size 800x600
  RenderBlock {HTML} at (0,0) size 800x600
    RenderBody {BODY} at (8,8) size 784x576
      RenderBlock {P} at (0,0) size 784x36
        RenderText {#text} at (0,0) size 108x17
          text run at (0,0) width 108: "This is a test for "
        RenderInline {I} at (0,0) size 767x35
          RenderText {#text} at (107,0) size 767x35
            text run at (107,0) width 660: "http://bugzilla.opendarwin.org/show_bug.cgi?id=6139 ATSUI code path should implement small caps,"
            text run at (0,18) width 412: "synthetic bold and oblique and correct metrics for fallback fonts"
        RenderText {#text} at (411,18) size 5x17
          text run at (411,18) width 5: "."
      RenderBlock {P} at (0,70) size 784x18
        RenderText {#text} at (0,0) size 611x17
          text run at (0,0) width 611: "The two columns should be identical except for the accent over the e and the umlaut over the u."
      RenderTable {TABLE} at (0,104) size 237x131 [border: none]
        RenderTableSection {TBODY} at (0,0) size 236x130
          RenderTableRow {TR} at (0,0) size 236x26
            RenderTableCell {TD} at (0,0) size 118x26 [border: (1px solid #008000)] [r=0 c=0 rs=1 cs=1]
              RenderText {#text} at (2,2) size 59x22
                text run at (2,2) width 59: "Lore\x{300}m "
              RenderInline {SPAN} at (0,0) size 50x22
                RenderText {#text} at (60,2) size 50x22
                  text run at (60,2) width 50: "ipsu\x{308}m"
              RenderText {#text} at (0,0) size 0x0
            RenderTableCell {TD} at (118,0) size 118x26 [border: (1px solid #008000)] [r=0 c=1 rs=1 cs=1]
              RenderText {#text} at (2,2) size 59x22
                text run at (2,2) width 59: "Lorem "
              RenderInline {SPAN} at (0,0) size 50x22
                RenderText {#text} at (60,2) size 50x22
                  text run at (60,2) width 50: "ipsum"
              RenderText {#text} at (0,0) size 0x0
          RenderTableRow {TR} at (0,26) size 236x26
            RenderTableCell {TD} at (0,26) size 118x26 [border: (1px solid #008000)] [r=1 c=0 rs=1 cs=1]
              RenderText {#text} at (2,2) size 63x22
                text run at (2,2) width 63: "Lore\x{300}m "
              RenderInline {SPAN} at (0,0) size 53x22
                RenderText {#text} at (64,2) size 53x22
                  text run at (64,2) width 53: "ipsu\x{308}m"
              RenderText {#text} at (0,0) size 0x0
            RenderTableCell {TD} at (118,26) size 118x26 [border: (1px solid #008000)] [r=1 c=1 rs=1 cs=1]
              RenderText {#text} at (2,2) size 63x22
                text run at (2,2) width 63: "Lorem "
              RenderInline {SPAN} at (0,0) size 53x22
                RenderText {#text} at (64,2) size 53x22
                  text run at (64,2) width 53: "ipsum"
              RenderText {#text} at (0,0) size 0x0
          RenderTableRow {TR} at (0,52) size 236x26
            RenderTableCell {TD} at (0,52) size 118x26 [border: (1px solid #008000)] [r=2 c=0 rs=1 cs=1]
              RenderText {#text} at (2,2) size 58x22
                text run at (2,2) width 58: "Lore\x{300}m "
              RenderInline {SPAN} at (0,0) size 49x22
                RenderText {#text} at (59,2) size 49x22
                  text run at (59,2) width 49: "ipsu\x{308}m"
              RenderText {#text} at (0,0) size 0x0
            RenderTableCell {TD} at (118,52) size 118x26 [border: (1px solid #008000)] [r=2 c=1 rs=1 cs=1]
              RenderText {#text} at (2,2) size 57x22
                text run at (2,2) width 57: "Lorem "
              RenderInline {SPAN} at (0,0) size 49x22
                RenderText {#text} at (58,2) size 49x22
                  text run at (58,2) width 49: "ipsum"
              RenderText {#text} at (0,0) size 0x0
          RenderTableRow {TR} at (0,78) size 236x26
            RenderTableCell {TD} at (0,78) size 118x26 [border: (1px solid #008000)] [r=3 c=0 rs=1 cs=1]
              RenderText {#text} at (2,2) size 60x22
                text run at (2,2) width 60: "Lore\x{300}m "
              RenderInline {SPAN} at (0,0) size 51x22
                RenderText {#text} at (61,2) size 51x22
                  text run at (61,2) width 51: "ipsu\x{308}m"
              RenderText {#text} at (0,0) size 0x0
            RenderTableCell {TD} at (118,78) size 118x26 [border: (1px solid #008000)] [r=3 c=1 rs=1 cs=1]
              RenderText {#text} at (2,2) size 60x22
                text run at (2,2) width 60: "Lorem "
              RenderInline {SPAN} at (0,0) size 51x22
                RenderText {#text} at (61,2) size 51x22
                  text run at (61,2) width 51: "ipsum"
              RenderText {#text} at (0,0) size 0x0
          RenderTableRow {TR} at (0,104) size 236x26
            RenderTableCell {TD} at (0,104) size 118x26 [border: (1px solid #008000)] [r=4 c=0 rs=1 cs=1]
              RenderText {#text} at (2,2) size 101x22
                text run at (2,2) width 101: "Lore\x{300}m ipsu\x{308}m"
            RenderTableCell {TD} at (118,104) size 118x26 [border: (1px solid #008000)] [r=4 c=1 rs=1 cs=1]
              RenderText {#text} at (2,2) size 101x22
                text run at (2,2) width 101: "Lorem ipsum"
      RenderBlock {P} at (0,261) size 784x18
        RenderText {#text} at (0,0) size 283x17
          text run at (0,0) width 283: "The following two lines should be identical."
      RenderBlock {P} at (0,295) size 784x22
        RenderInline {SPAN} at (0,0) size 298x22 [border: (1px solid #008000)]
          RenderText {#text} at (1,1) size 296x20
            text run at (1,1) width 296: "\x{E01}\x{E02}\x{E03}\x{E04}\x{E05}\x{E06}\x{E07}\x{E08}\x{E01}\x{E02}\x{E03}\x{E04}\x{E05}\x{E06}\x{E07}\x{E08}\x{E01}\x{E02}\x{E03}\x{E04}\x{E05}\x{E06}\x{E07}\x{E08}\x{E01}\x{E02}\x{E03}\x{E04}\x{E05}\x{E06}\x{E07}\x{E08}"
        RenderText {#text} at (0,0) size 0x0
      RenderBlock {P} at (0,333) size 784x22
        RenderInline {SPAN} at (0,0) size 298x22 [border: (1px solid #008000)]
          RenderText {#text} at (1,1) size 296x20
            text run at (1,1) width 296: "\x{E01}\x{E02}\x{E03}\x{E04}\x{E05}\x{E06}\x{E07}\x{E08}\x{E01}\x{E02}\x{E03}\x{E04}\x{E05}\x{E06}\x{E07}\x{E08}\x{E01}\x{E02}\x{E03}\x{E04}\x{E05}\x{E06}\x{E07}\x{E08}\x{E01}\x{E02}\x{E03}\x{E04}\x{E05}\x{E06}\x{E07}\x{E08}"
        RenderText {#text} at (0,0) size 0x0
layer at (8,60) size 784x2 clip at (0,0) size 0x0
  RenderBlock {HR} at (0,52) size 784x2 [border: (1px inset #000000)]
layer at (8,251) size 784x2 clip at (0,0) size 0x0
  RenderBlock {HR} at (0,243) size 784x2 [border: (1px inset #000000)]
