layer at (0,0) size 800x600
  RenderView at (0,0) size 800x600
layer at (0,0) size 800x374
  RenderBlock {HTML} at (0,0) size 800x374
    RenderBody {BODY} at (8,8) size 784x358
      RenderBlock {DIV} at (0,0) size 784x182
        RenderBlock {P} at (4,0) size 776x27
          RenderInline {SPAN} at (0,0) size 252x28 [border: (1px solid #FF0000)]
            RenderText {#text} at (1,0) size 250x26
              text run at (1,0) width 250: "mmm mmm mmm mmm"
          RenderText {#text} at (0,0) size 0x0
        RenderBlock {P} at (4,31) size 776x27
          RenderInline {SPAN} at (0,0) size 252x28 [border: (1px solid #FF0000)]
            RenderText {#text} at (1,0) size 250x26
              text run at (1,0) width 250: "mmm mmm\x{300} mmm mmm"
          RenderText {#text} at (0,0) size 0x0
        RenderBlock {P} at (4,62) size 776x27
          RenderInline {SPAN} at (0,0) size 250x26
            RenderText {#text} at (0,0) size 250x26
              text run at (0,0) width 250: "mmm mmm\x{300} mmm mmm"
          RenderText {#text} at (249,0) size 256x26
            text run at (249,0) width 256: " mmm mmm mmm mmm"
        RenderBlock {P} at (4,93) size 776x27
          RenderInline {SPAN} at (0,0) size 377x26
            RenderText {#text} at (0,0) size 377x26
              text run at (0,0) width 377: "mmm mmm\x{300} mmm mmm mmm mmm"
          RenderText {#text} at (376,0) size 129x26
            text run at (376,0) width 129: " mmm mmm"
        RenderBlock {P} at (4,124) size 776x27
          RenderInline {SPAN} at (0,0) size 250x26
            RenderText {#text} at (0,0) size 250x26
              text run at (0,0) width 250: "mmm mmm mmm mmm"
          RenderText {#text} at (249,0) size 256x26
            text run at (249,0) width 256: " mmm mmm mmm mmm"
        RenderBlock {P} at (4,155) size 776x27
          RenderInline {SPAN} at (0,0) size 377x26
            RenderText {#text} at (0,0) size 377x26
              text run at (0,0) width 377: "mmm mmm mmm mmm mmm mmm"
          RenderText {#text} at (376,0) size 129x26
            text run at (376,0) width 129: " mmm mmm"
      RenderBlock {DIV} at (0,200) size 784x158
        RenderBlock {P} at (4,0) size 776x23
          RenderInline {SPAN} at (0,0) size 219x24 [border: (1px solid #008000)]
            RenderText {#text} at (1,0) size 217x22
              text run at (1,0) width 217: "mmm mmm mmm mmm"
          RenderText {#text} at (0,0) size 0x0
        RenderBlock {P} at (4,27) size 776x23
          RenderInline {SPAN} at (0,0) size 219x24 [border: (1px solid #008000)]
            RenderText {#text} at (1,0) size 217x22
              text run at (1,0) width 217: "mmm mmm\x{300} mmm mmm"
          RenderText {#text} at (0,0) size 0x0
        RenderBlock {P} at (4,54) size 776x23
          RenderInline {SPAN} at (0,0) size 217x22
            RenderText {#text} at (0,0) size 217x22
              text run at (0,0) width 217: "mmm mmm\x{300} mmm mmm"
          RenderText {#text} at (216,0) size 223x22
            text run at (216,0) width 223: " mmm mmm mmm mmm"
        RenderBlock {P} at (4,81) size 776x23
          RenderInline {SPAN} at (0,0) size 328x22
            RenderText {#text} at (0,0) size 328x22
              text run at (0,0) width 328: "mmm mmm\x{300} mmm mmm mmm mmm"
          RenderText {#text} at (327,0) size 112x22
            text run at (327,0) width 112: " mmm mmm"
        RenderBlock {P} at (4,108) size 776x23
          RenderInline {SPAN} at (0,0) size 217x22
            RenderText {#text} at (0,0) size 217x22
              text run at (0,0) width 217: "mmm mmm mmm mmm"
          RenderText {#text} at (216,0) size 223x22
            text run at (216,0) width 223: " mmm mmm mmm mmm"
        RenderBlock {P} at (4,135) size 776x23
          RenderInline {SPAN} at (0,0) size 328x22
            RenderText {#text} at (0,0) size 328x22
              text run at (0,0) width 328: "mmm mmm mmm mmm mmm mmm"
          RenderText {#text} at (327,0) size 112x22
            text run at (327,0) width 112: " mmm mmm"
layer at (8,198) size 784x2 clip at (0,0) size 0x0
  RenderBlock {HR} at (0,190) size 784x2 [border: (1px inset #000000)]
