layer at (0,0) size 800x600
  RenderView at (0,0) size 800x600
layer at (0,0) size 800x34
  RenderBlock {HTML} at (0,0) size 800x34
    RenderBody {BODY} at (8,8) size 784x18
      RenderInline {SPAN} at (0,0) size 24x17
        RenderText {#text} at (0,0) size 24x17
          text run at (0,0) width 24: "#\x{20E3}"
      RenderText {#text} at (24,0) size 4x17
        text run at (24,0) width 4: " "
      RenderInline {SPAN} at (28,0) size 24x17
        RenderText {#text} at (28,0) size 24x17
          text run at (28,0) width 24: "0\x{20E3}"
      RenderText {#text} at (52,0) size 4x17
        text run at (52,0) width 4: " "
      RenderInline {SPAN} at (56,0) size 24x17
        RenderText {#text} at (56,0) size 24x17
          text run at (56,0) width 24: "1\x{20E3}"
      RenderText {#text} at (80,0) size 4x17
        text run at (80,0) width 4: " "
      RenderInline {SPAN} at (84,0) size 24x17
        RenderText {#text} at (84,0) size 24x17
          text run at (84,0) width 24: "2\x{20E3}"
      RenderText {#text} at (108,0) size 4x17
        text run at (108,0) width 4: " "
      RenderInline {SPAN} at (112,0) size 24x17
        RenderText {#text} at (112,0) size 24x17
          text run at (112,0) width 24: "3\x{20E3}"
      RenderText {#text} at (136,0) size 4x17
        text run at (136,0) width 4: " "
      RenderInline {SPAN} at (140,0) size 24x17
        RenderText {#text} at (140,0) size 24x17
          text run at (140,0) width 24: "4\x{20E3}"
      RenderText {#text} at (164,0) size 4x17
        text run at (164,0) width 4: " "
      RenderInline {SPAN} at (168,0) size 24x17
        RenderText {#text} at (168,0) size 24x17
          text run at (168,0) width 24: "5\x{20E3}"
      RenderText {#text} at (192,0) size 4x17
        text run at (192,0) width 4: " "
      RenderInline {SPAN} at (196,0) size 24x17
        RenderText {#text} at (196,0) size 24x17
          text run at (196,0) width 24: "6\x{20E3}"
      RenderText {#text} at (220,0) size 4x17
        text run at (220,0) width 4: " "
      RenderInline {SPAN} at (224,0) size 24x17
        RenderText {#text} at (224,0) size 24x17
          text run at (224,0) width 24: "7\x{20E3}"
      RenderText {#text} at (248,0) size 4x17
        text run at (248,0) width 4: " "
      RenderInline {SPAN} at (252,0) size 24x17
        RenderText {#text} at (252,0) size 24x17
          text run at (252,0) width 24: "8\x{20E3}"
      RenderText {#text} at (276,0) size 4x17
        text run at (276,0) width 4: " "
      RenderInline {SPAN} at (280,0) size 24x17
        RenderText {#text} at (280,0) size 24x17
          text run at (280,0) width 24: "9\x{20E3}"
      RenderText {#text} at (0,0) size 0x0
