layer at (0,0) size 800x600
  RenderView at (0,0) size 800x600
layer at (0,0) size 800x600
  RenderBlock {HTML} at (0,0) size 800x600
    RenderBody {BODY} at (8,8) size 784x584
      RenderBlock (anonymous) at (0,0) size 784x18
        RenderText {#text} at (0,0) size 429x17
          text run at (0,0) width 429: "Pixel test for complex text rendering with opacity (Chromium bug "
        RenderInline {A} at (0,0) size 33x17 [color=#0000EE]
          RenderText {#text} at (428,0) size 33x17
            text run at (428,0) width 33: "8768"
        RenderText {#text} at (460,0) size 10x17
          text run at (460,0) width 10: ")."
      RenderBlock {P} at (0,34) size 784x0
      RenderBlock {DIV} at (0,34) size 784x31
        RenderInline {SPAN} at (0,0) size 43x27
          RenderText {#text} at (0,2) size 43x27
            text run at (0,2) width 43: "\x{916}\x{94B}\x{91C}\x{947}\x{902}"
        RenderText {#text} at (42,2) size 7x27
          text run at (42,2) width 7: " "
        RenderText {#text} at (91,2) size 7x27
          text run at (91,2) width 7: " "
        RenderText {#text} at (140,2) size 7x27
          text run at (140,2) width 7: " "
        RenderText {#text} at (189,2) size 7x27
          text run at (189,2) width 7: " "
        RenderText {#text} at (238,2) size 7x27
          text run at (238,2) width 7: " "
        RenderText {#text} at (287,2) size 7x27
          text run at (287,2) width 7: " "
        RenderText {#text} at (336,2) size 7x27
          text run at (336,2) width 7: " "
        RenderText {#text} at (385,2) size 7x27
          text run at (385,2) width 7: " "
        RenderText {#text} at (434,2) size 7x27
          text run at (434,2) width 7: " "
        RenderText {#text} at (483,2) size 7x27
          text run at (483,2) width 7: " "
        RenderText {#text} at (0,0) size 0x0
      RenderBlock {DIV} at (0,65) size 784x58
        RenderInline {SPAN} at (0,0) size 71x27
          RenderText {#text} at (689,1) size 71x27
            text run at (689,1) width 71 RTL: "\x{64A}\x{624}\x{644}\x{645}\x{646}\x{64A}"
        RenderText {#text} at (682,1) size 8x27
          text run at (682,1) width 8 RTL: " "
        RenderText {#text} at (606,1) size 7x27
          text run at (606,1) width 7 RTL: " "
        RenderText {#text} at (529,1) size 8x27
          text run at (529,1) width 8 RTL: " "
        RenderText {#text} at (453,1) size 7x27
          text run at (453,1) width 7 RTL: " "
        RenderText {#text} at (376,1) size 7x27
          text run at (376,1) width 7 RTL: " "
        RenderText {#text} at (300,1) size 7x27
          text run at (300,1) width 7 RTL: " "
        RenderText {#text} at (223,1) size 7x27
          text run at (223,1) width 7 RTL: " "
        RenderText {#text} at (146,1) size 8x27
          text run at (146,1) width 8 RTL: " "
        RenderText {#text} at (70,1) size 7x27
          text run at (70,1) width 7 RTL: " "
        RenderText {#text} at (0,0) size 0x0
        RenderText {#text} at (0,0) size 0x0
layer at (8,42) size 44x27
  RenderInline {SPAN} at (0,0) size 44x27
    RenderText {#text} at (48,2) size 44x27
      text run at (48,2) width 44: "\x{916}\x{94B}\x{91C}\x{947}\x{902}"
layer at (8,42) size 44x27
  RenderInline {SPAN} at (0,0) size 44x27
    RenderText {#text} at (97,2) size 44x27
      text run at (97,2) width 44: "\x{916}\x{94B}\x{91C}\x{947}\x{902}"
layer at (8,42) size 44x27
  RenderInline {SPAN} at (0,0) size 44x27
    RenderText {#text} at (146,2) size 44x27
      text run at (146,2) width 44: "\x{916}\x{94B}\x{91C}\x{947}\x{902}"
layer at (8,42) size 44x27
  RenderInline {SPAN} at (0,0) size 44x27
    RenderText {#text} at (195,2) size 44x27
      text run at (195,2) width 44: "\x{916}\x{94B}\x{91C}\x{947}\x{902}"
layer at (8,42) size 44x27
  RenderInline {SPAN} at (0,0) size 44x27
    RenderText {#text} at (244,2) size 44x27
      text run at (244,2) width 44: "\x{916}\x{94B}\x{91C}\x{947}\x{902}"
layer at (8,42) size 44x27
  RenderInline {SPAN} at (0,0) size 44x27
    RenderText {#text} at (293,2) size 44x27
      text run at (293,2) width 44: "\x{916}\x{94B}\x{91C}\x{947}\x{902}"
layer at (8,42) size 44x27
  RenderInline {SPAN} at (0,0) size 44x27
    RenderText {#text} at (342,2) size 44x27
      text run at (342,2) width 44: "\x{916}\x{94B}\x{91C}\x{947}\x{902}"
layer at (8,42) size 44x27
  RenderInline {SPAN} at (0,0) size 44x27
    RenderText {#text} at (391,2) size 44x27
      text run at (391,2) width 44: "\x{916}\x{94B}\x{91C}\x{947}\x{902}"
layer at (8,42) size 44x27
  RenderInline {SPAN} at (0,0) size 44x27
    RenderText {#text} at (440,2) size 44x27
      text run at (440,2) width 44: "\x{916}\x{94B}\x{91C}\x{947}\x{902}"
layer at (8,42) size 44x27
  RenderInline {SPAN} at (0,0) size 44x27
    RenderText {#text} at (489,2) size 44x27
      text run at (489,2) width 44: "\x{916}\x{94B}\x{91C}\x{947}\x{902}"
layer at (8,73) size 71x27
  RenderInline {SPAN} at (0,0) size 71x27
    RenderText {#text} at (612,1) size 71x27
      text run at (612,1) width 71 RTL: "\x{64A}\x{624}\x{644}\x{645}\x{646}\x{64A}"
layer at (8,73) size 71x27
  RenderInline {SPAN} at (0,0) size 71x27
    RenderText {#text} at (536,1) size 71x27
      text run at (536,1) width 71 RTL: "\x{64A}\x{624}\x{644}\x{645}\x{646}\x{64A}"
layer at (8,73) size 71x27
  RenderInline {SPAN} at (0,0) size 71x27
    RenderText {#text} at (459,1) size 71x27
      text run at (459,1) width 71 RTL: "\x{64A}\x{624}\x{644}\x{645}\x{646}\x{64A}"
layer at (8,73) size 72x27
  RenderInline {SPAN} at (0,0) size 72x27
    RenderText {#text} at (382,1) size 72x27
      text run at (382,1) width 72 RTL: "\x{64A}\x{624}\x{644}\x{645}\x{646}\x{64A}"
layer at (8,73) size 71x27
  RenderInline {SPAN} at (0,0) size 71x27
    RenderText {#text} at (306,1) size 71x27
      text run at (306,1) width 71 RTL: "\x{64A}\x{624}\x{644}\x{645}\x{646}\x{64A}"
layer at (8,73) size 72x27
  RenderInline {SPAN} at (0,0) size 72x27
    RenderText {#text} at (229,1) size 72x27
      text run at (229,1) width 72 RTL: "\x{64A}\x{624}\x{644}\x{645}\x{646}\x{64A}"
layer at (8,73) size 71x27
  RenderInline {SPAN} at (0,0) size 71x27
    RenderText {#text} at (153,1) size 71x27
      text run at (153,1) width 71 RTL: "\x{64A}\x{624}\x{644}\x{645}\x{646}\x{64A}"
layer at (8,73) size 71x27
  RenderInline {SPAN} at (0,0) size 71x27
    RenderText {#text} at (76,1) size 71x27
      text run at (76,1) width 71 RTL: "\x{64A}\x{624}\x{644}\x{645}\x{646}\x{64A}"
layer at (8,73) size 71x27
  RenderInline {SPAN} at (0,0) size 71x27
    RenderText {#text} at (0,1) size 71x27
      text run at (0,1) width 71 RTL: "\x{64A}\x{624}\x{644}\x{645}\x{646}\x{64A}"
layer at (8,73) size 71x27
  RenderInline {SPAN} at (0,0) size 71x27
    RenderText {#text} at (0,30) size 71x27
      text run at (0,30) width 71 RTL: "\x{64A}\x{624}\x{644}\x{645}\x{646}\x{64A}"
