CONSOLE MESSAGE: TypeError: undefined is not an object (evaluating 'document.forms[0].outerHTML')
layer at (0,0) size 785x678
  RenderView at (0,0) size 785x600
layer at (0,0) size 785x678
  RenderBlock {HTML} at (0,0) size 785x678
    RenderBody {BODY} at (8,8) size 80x662
      RenderText {#text} at (0,1) size 72x120
        text run at (0,1) width 36: "This"
        text run at (0,16) width 36: "test"
        text run at (0,31) width 54: "passes"
        text run at (0,46) width 54: "if you"
        text run at (0,61) width 72: "can open"
        text run at (0,76) width 72: "the file"
        text run at (0,91) width 63: "without"
        text run at (0,106) width 72: "a crash."
      RenderBlock (floating) {DIV} at (72,105) size 8x182 [bgcolor=#ADD8E6]
      RenderText {#text} at (0,121) size 9x15
        text run at (0,121) width 9: "Y"
      RenderText {#text} at (9,121) size 45x15
        text run at (9,121) width 45: "a bcd"
      RenderInline {SPAN} at (54,121) size 9x14
        RenderText {#text} at (54,121) size 9x15
          text run at (54,121) width 9: "\x{202B}X"
      RenderText {#text} at (0,0) size 0x0
      RenderText {#text} at (0,136) size 279x272
        text run at (0,136) width 54: "Errlog"
        text run at (0,288) width 117: "webtest_fn_1:"
        text run at (0,303) width 90: "TypeError:"
        text run at (0,318) width 81: "undefined"
        text run at (0,333) width 54: "is not"
        text run at (0,348) width 18: "an"
        text run at (0,363) width 54: "object"
        text run at (0,378) width 99: "(evaluating"
        text run at (0,393) width 279: "'document.scripts[3].toString')"
      RenderBR {BR} at (279,393) size 0x14
      RenderInline {ACRONYM} at (0,408) size 0x14
      RenderText {#text} at (0,0) size 0x0
      RenderText {#text} at (0,408) size 117x45
        text run at (0,408) width 45: "s is:"
        text run at (0,423) width 27: "{,}"
        text run at (0,438) width 117: "\x{A888}{0}P{P}\\7H\\8"
      RenderBR {BR} at (117,438) size 0x14
      RenderText {#text} at (0,453) size 72x15
        text run at (0,453) width 72: "f is: gi"
      RenderBR {BR} at (72,453) size 0x14
      RenderText {#text} at (0,468) size 369x195
        text run at (0,468) width 54: "Errlog"
        text run at (0,483) width 117: "webtest_fn_4:"
        text run at (0,498) width 90: "TypeError:"
        text run at (0,513) width 63: "null is"
        text run at (0,528) width 54: "not an"
        text run at (0,543) width 54: "object"
        text run at (0,558) width 99: "(evaluating"
        text run at (0,573) width 369: "'document.querySelector(\"plaintext:first-"
        text run at (0,588) width 63: "of-type"
        text run at (0,603) width 9: "~"
        text run at (0,618) width 72: "*|*:out-"
        text run at (0,633) width 27: "of-"
        text run at (0,648) width 198: "range\").insertBefore')"
      RenderBR {BR} at (198,648) size 0x14
