layer at (0,0) size 800x600
  RenderView at (0,0) size 800x600
layer at (0,0) size 800x600
  RenderBlock {HTML} at (0,0) size 800x600
    RenderBody {BODY} at (8,8) size 784x584
      RenderBlock {DIV} at (0,0) size 784x177
        RenderBlock {DIV} at (0,25) size 128x144
          RenderText {#text} at (0,1) size 128x32
            text run at (0,1) width 128: "1111"
          RenderBR {BR} at (128,1) size 0x32
          RenderInline {SPAN} at (0,33) size 128x32
            RenderText {#text} at (0,33) size 128x32
              text run at (0,33) width 128: "2222"
          RenderBR {BR} at (128,33) size 0x32
          RenderInline {SPAN} at (0,80) size 128x32 [color=#0000FF]
            RenderText {#text} at (0,80) size 128x32
              text run at (0,80) width 128: "3333"
          RenderBR {BR} at (128,80) size 0x32
          RenderText {#text} at (0,113) size 128x32
            text run at (0,113) width 128: "4444"
        RenderText {#text} at (128,149) size 4x17
          text run at (128,149) width 4: " "
        RenderBlock {DIV} at (132,24) size 128x145
          RenderText {#text} at (0,1) size 128x32
            text run at (0,1) width 128: "1111"
          RenderBR {BR} at (128,1) size 0x32
          RenderInline {SPAN} at (0,33) size 128x32 [color=#008000]
            RenderText {#text} at (0,33) size 128x32
              text run at (0,33) width 128: "2222"
          RenderBR {BR} at (128,33) size 0x32
          RenderInline {SPAN} at (0,82) size 128x32
            RenderText {#text} at (0,82) size 128x32
              text run at (0,82) width 128: "3333"
          RenderBR {BR} at (128,82) size 0x32
          RenderText {#text} at (0,114) size 128x32
            text run at (0,114) width 128: "4444"
        RenderText {#text} at (260,149) size 4x17
          text run at (260,149) width 4: " "
        RenderBlock {DIV} at (264,8) size 128x161
          RenderText {#text} at (0,1) size 128x32
            text run at (0,1) width 128: "1111"
          RenderBR {BR} at (128,1) size 0x32
          RenderInline {SPAN} at (0,33) size 128x32 [color=#008000]
            RenderText {#text} at (0,33) size 128x32
              text run at (0,33) width 128: "2222"
          RenderBR {BR} at (128,33) size 0x32
          RenderInline {SPAN} at (0,97) size 128x32 [color=#0000FF]
            RenderText {#text} at (0,97) size 128x32
              text run at (0,97) width 128: "3333"
          RenderBR {BR} at (128,97) size 0x32
          RenderText {#text} at (0,130) size 128x32
            text run at (0,130) width 128: "4444"
        RenderText {#text} at (0,0) size 0x0
      RenderBlock {DIV} at (0,177) size 784x177
        RenderBlock {DIV} at (0,8) size 128x145
          RenderText {#text} at (0,-1) size 128x32
            text run at (0,-1) width 128: "1111"
          RenderBR {BR} at (128,-1) size 0x32
          RenderInline {SPAN} at (0,33) size 128x32
            RenderText {#text} at (0,31) size 128x32
              text run at (0,31) width 128: "2222"
          RenderBR {BR} at (128,31) size 0x32
          RenderInline {SPAN} at (0,65) size 128x32 [color=#008000]
            RenderText {#text} at (0,80) size 128x32
              text run at (0,80) width 128: "3333"
          RenderBR {BR} at (128,80) size 0x32
          RenderText {#text} at (0,112) size 128x32
            text run at (0,112) width 128: "4444"
        RenderText {#text} at (128,11) size 4x17
          text run at (128,11) width 4: " "
        RenderBlock {DIV} at (132,8) size 128x144
          RenderText {#text} at (0,-1) size 128x32
            text run at (0,-1) width 128: "1111"
          RenderBR {BR} at (128,-1) size 0x32
          RenderInline {SPAN} at (0,48) size 128x32 [color=#0000FF]
            RenderText {#text} at (0,32) size 128x32
              text run at (0,32) width 128: "2222"
          RenderBR {BR} at (128,32) size 0x32
          RenderInline {SPAN} at (0,81) size 128x32
            RenderText {#text} at (0,79) size 128x32
              text run at (0,79) width 128: "3333"
          RenderBR {BR} at (128,79) size 0x32
          RenderText {#text} at (0,111) size 128x32
            text run at (0,111) width 128: "4444"
        RenderText {#text} at (260,11) size 4x17
          text run at (260,11) width 4: " "
        RenderBlock {DIV} at (264,8) size 128x161
          RenderText {#text} at (0,-1) size 128x32
            text run at (0,-1) width 128: "1111"
          RenderBR {BR} at (128,-1) size 0x32
          RenderInline {SPAN} at (0,48) size 128x32 [color=#0000FF]
            RenderText {#text} at (0,32) size 128x32
              text run at (0,32) width 128: "2222"
          RenderBR {BR} at (128,32) size 0x32
          RenderInline {SPAN} at (0,81) size 128x32 [color=#008000]
            RenderText {#text} at (0,96) size 128x32
              text run at (0,96) width 128: "3333"
          RenderBR {BR} at (128,96) size 0x32
          RenderText {#text} at (0,128) size 128x32
            text run at (0,128) width 128: "4444"
        RenderText {#text} at (0,0) size 0x0
