layer at (0,0) size 785x705
  RenderView at (0,0) size 785x600
layer at (0,0) size 785x705
  RenderBlock {HTML} at (0,0) size 785x705
    RenderBody {BODY} at (8,8) size 769x0
      RenderBlock (floating) {DIV} at (8,8) size 366x139 [border: (3px solid #000000)]
        RenderText {#text} at (3,3) size 273x26
          text run at (3,3) width 273: "Lorem ipsum dolor sit amet,"
        RenderInline {SPAN} at (0,0) size 214x26
          RenderText {#text} at (3,43) size 214x26
            text run at (3,43) width 214: "consectetur adipiscing"
        RenderText {#text} at (216,43) size 134x26
          text run at (216,43) width 7: " "
          text run at (222,43) width 128: "elit. Aliquam"
        RenderInline {SPAN} at (0,0) size 110x26
          RenderText {#text} at (3,70) size 110x26
            text run at (3,70) width 110: "odio sapien"
        RenderText {#text} at (112,70) size 334x65
          text run at (112,70) width 13: ", "
          text run at (124,70) width 213: "lobortis eu iaculis vel,"
          text run at (3,109) width 208: "scelerisque nec dolor."
      RenderBlock (floating) {DIV} at (390,8) size 366x139 [border: (3px solid #000000)]
        RenderText {#text} at (3,3) size 273x26
          text run at (3,3) width 273: "Lorem ipsum dolor sit amet,"
        RenderInline {SPAN} at (0,0) size 214x26
          RenderText {#text} at (3,43) size 214x26
            text run at (3,43) width 214: "consectetur adipiscing"
        RenderText {#text} at (216,43) size 134x26
          text run at (216,43) width 7: " "
          text run at (222,43) width 128: "elit. Aliquam"
        RenderInline {SPAN} at (0,0) size 110x26
          RenderText {#text} at (3,70) size 110x26
            text run at (3,70) width 110: "odio sa\x{300}pien"
        RenderText {#text} at (112,70) size 334x65
          text run at (112,70) width 13: ", "
          text run at (124,70) width 213: "lobortis eu iaculis vel,"
          text run at (3,109) width 208: "scelerisque nec dolor."
      RenderBlock (floating) {DIV} at (8,163) size 366x155 [border: (3px solid #000000)]
        RenderText {#text} at (3,16) size 70x26
          text run at (3,16) width 70: "Lorem "
        RenderInline {SPAN} at (0,0) size 60x26
          RenderText {#text} at (72,16) size 60x26
            text run at (72,16) width 60: "ipsum"
        RenderText {#text} at (131,16) size 7x26
          text run at (131,16) width 7: " "
        RenderInline {SPAN} at (0,0) size 52x26
          RenderText {#text} at (137,16) size 52x26
            text run at (137,16) width 52: "dolor"
        RenderText {#text} at (188,16) size 7x26
          text run at (188,16) width 7: " "
        RenderInline {SPAN} at (0,0) size 23x26
          RenderText {#text} at (194,16) size 23x26
            text run at (194,16) width 23: "sit"
        RenderText {#text} at (216,16) size 7x26
          text run at (216,16) width 7: " "
        RenderInline {SPAN} at (0,0) size 48x26
          RenderText {#text} at (222,16) size 48x26
            text run at (222,16) width 48: "amet"
        RenderText {#text} at (269,16) size 7x26
          text run at (269,16) width 7: ","
        RenderInline {SPAN} at (0,0) size 110x26
          RenderText {#text} at (3,57) size 110x26
            text run at (3,57) width 110: "consectetur"
        RenderText {#text} at (112,57) size 7x26
          text run at (112,57) width 7: " "
        RenderInline {SPAN} at (0,0) size 99x26
          RenderText {#text} at (118,57) size 99x26
            text run at (118,57) width 99: "adipiscing"
        RenderText {#text} at (216,57) size 7x26
          text run at (216,57) width 7: " "
        RenderInline {SPAN} at (0,0) size 32x26
          RenderText {#text} at (222,57) size 32x26
            text run at (222,57) width 32: "elit"
        RenderText {#text} at (253,57) size 13x26
          text run at (253,57) width 13: ". "
        RenderInline {SPAN} at (0,0) size 85x26
          RenderText {#text} at (265,57) size 85x26
            text run at (265,57) width 85: "Aliquam"
        RenderText {#text} at (349,57) size 7x26
          text run at (349,57) width 7: ","
        RenderInline {SPAN} at (0,0) size 43x26
          RenderText {#text} at (3,98) size 43x26
            text run at (3,98) width 43: "odio"
        RenderText {#text} at (45,98) size 7x26
          text run at (45,98) width 7: " "
        RenderInline {SPAN} at (0,0) size 62x26
          RenderText {#text} at (51,98) size 62x26
            text run at (51,98) width 62: "sapien"
        RenderText {#text} at (112,98) size 13x26
          text run at (112,98) width 13: ", "
        RenderInline {SPAN} at (0,0) size 75x26
          RenderText {#text} at (124,98) size 75x26
            text run at (124,98) width 75: "lobortis"
        RenderText {#text} at (198,98) size 334x53
          text run at (198,98) width 7: " "
          text run at (204,98) width 133: "eu iaculis vel,"
          text run at (3,125) width 208: "scelerisque nec dolor."
      RenderBlock (floating) {DIV} at (390,163) size 366x153 [border: (3px solid #000000)]
        RenderText {#text} at (3,3) size 70x26
          text run at (3,3) width 70: "Lorem "
        RenderInline {SPAN} at (0,0) size 60x26
          RenderText {#text} at (72,3) size 60x26
            text run at (72,3) width 60: "ipsum"
        RenderText {#text} at (131,3) size 7x26
          text run at (131,3) width 7: " "
        RenderInline {SPAN} at (0,0) size 52x26
          RenderText {#text} at (137,3) size 52x26
            text run at (137,3) width 52: "dolor"
        RenderText {#text} at (188,3) size 7x26
          text run at (188,3) width 7: " "
        RenderInline {SPAN} at (0,0) size 23x26
          RenderText {#text} at (194,3) size 23x26
            text run at (194,3) width 23: "sit"
        RenderText {#text} at (216,3) size 7x26
          text run at (216,3) width 7: " "
        RenderInline {SPAN} at (0,0) size 48x26
          RenderText {#text} at (222,3) size 48x26
            text run at (222,3) width 48: "amet"
        RenderText {#text} at (269,3) size 7x26
          text run at (269,3) width 7: ","
        RenderInline {SPAN} at (0,0) size 110x26
          RenderText {#text} at (3,43) size 110x26
            text run at (3,43) width 110: "consectetur"
        RenderText {#text} at (112,43) size 7x26
          text run at (112,43) width 7: " "
        RenderInline {SPAN} at (0,0) size 99x26
          RenderText {#text} at (118,43) size 99x26
            text run at (118,43) width 99: "adipiscing"
        RenderText {#text} at (216,43) size 7x26
          text run at (216,43) width 7: " "
        RenderInline {SPAN} at (0,0) size 32x26
          RenderText {#text} at (222,43) size 32x26
            text run at (222,43) width 32: "elit"
        RenderText {#text} at (253,43) size 13x26
          text run at (253,43) width 13: ". "
        RenderInline {SPAN} at (0,0) size 85x26
          RenderText {#text} at (265,43) size 85x26
            text run at (265,43) width 85: "Aliquam"
        RenderText {#text} at (349,43) size 7x26
          text run at (349,43) width 7: ","
        RenderInline {SPAN} at (0,0) size 43x26
          RenderText {#text} at (3,83) size 43x26
            text run at (3,83) width 43: "odio"
        RenderText {#text} at (45,83) size 7x26
          text run at (45,83) width 7: " "
        RenderInline {SPAN} at (0,0) size 62x26
          RenderText {#text} at (51,83) size 62x26
            text run at (51,83) width 62: "sapien"
        RenderText {#text} at (112,83) size 13x26
          text run at (112,83) width 13: ", "
        RenderInline {SPAN} at (0,0) size 75x26
          RenderText {#text} at (124,83) size 75x26
            text run at (124,83) width 75: "lobortis"
        RenderText {#text} at (198,83) size 334x66
          text run at (198,83) width 7: " "
          text run at (204,83) width 133: "eu iaculis vel,"
          text run at (3,123) width 208: "scelerisque nec dolor."
      RenderBlock (floating) {DIV} at (390,332) size 366x202 [border: (3px solid #000000)]
        RenderText {#text} at (3,14) size 273x26
          text run at (3,14) width 273: "Lorem ipsum dolor sit amet,"
        RenderInline {SPAN} at (0,0) size 214x26
          RenderText {#text} at (3,64) size 214x26
            text run at (3,64) width 214: "consectetur adipiscing"
        RenderText {#text} at (216,64) size 134x26
          text run at (216,64) width 7: " "
          text run at (222,64) width 128: "elit. Aliquam"
        RenderInline {SPAN} at (0,0) size 110x26
          RenderText {#text} at (3,112) size 110x26
            text run at (3,112) width 110: "odio sapien"
        RenderText {#text} at (112,112) size 334x76
          text run at (112,112) width 13: ", "
          text run at (124,112) width 213: "lobortis eu iaculis vel,"
          text run at (3,162) width 208: "scelerisque nec dolor."
      RenderBlock (floating) {DIV} at (8,550) size 366x139 [border: (3px solid #000000)]
        RenderText {#text} at (3,3) size 273x26
          text run at (3,3) width 273: "Lorem ipsum dolor sit amet,"
        RenderInline {SPAN} at (0,0) size 214x26
          RenderText {#text} at (3,43) size 214x26
            text run at (3,43) width 214: "consectetur adipiscing"
        RenderText {#text} at (216,43) size 134x26
          text run at (216,43) width 7: " "
          text run at (222,43) width 128: "elit. Aliquam"
        RenderInline {SPAN} at (0,0) size 110x26
          RenderText {#text} at (3,70) size 110x26
            text run at (3,70) width 110: "odio sapien"
        RenderText {#text} at (112,70) size 334x65
          text run at (112,70) width 13: ", "
          text run at (124,70) width 213: "lobortis eu iaculis vel,"
          text run at (3,109) width 208: "scelerisque nec dolor."
selection start: position 10 of child 0 {#text} of child 1 {SPAN} of child 10 {DIV} of body
selection end:   position 7 of child 0 {#text} of child 3 {SPAN} of child 10 {DIV} of body
