layer at (0,0) size 800x600
  RenderView at (0,0) size 800x600
layer at (0,0) size 800x600
  RenderBlock {HTML} at (0,0) size 800x600
    RenderBody {BODY} at (8,8) size 784x576
      RenderBlock {P} at (0,0) size 784x18
        RenderText {#text} at (0,0) size 54x17
          text run at (0,0) width 54: "Test for "
        RenderInline {I} at (0,0) size 513x17
          RenderInline {A} at (0,0) size 156x17 [color=#0000EE]
            RenderText {#text} at (53,0) size 156x17
              text run at (53,0) width 156: "rdar://problem/9528843"
          RenderText {#text} at (208,0) size 358x17
            text run at (208,0) width 5: " "
            text run at (212,0) width 354: "STIX glyphs not rendered on this stackoverflow answer"
        RenderText {#text} at (565,0) size 5x17
          text run at (565,0) width 5: "."
      RenderBlock {P} at (0,34) size 784x38
        RenderText {#text} at (0,16) size 98x17
          text run at (0,16) width 98: "A black circle: "
        RenderInline {SPAN} at (0,0) size 41x36
          RenderText {#text} at (97,1) size 41x36
            text run at (97,1) width 41: "\x{26AB}"
        RenderText {#text} at (0,0) size 0x0
      RenderBlock {P} at (0,88) size 784x38
        RenderText {#text} at (0,16) size 140x17
          text run at (0,16) width 140: "Another black circle: "
        RenderInline {SPAN} at (0,0) size 41x36
          RenderText {#text} at (139,1) size 41x36
            text run at (139,1) width 41: "\x{26AB}"
        RenderText {#text} at (0,0) size 0x0
