layer at (0,0) size 800x600
  RenderView at (0,0) size 800x600
layer at (0,0) size 800x600
  RenderBlock {HTML} at (0,0) size 800x600
    RenderBody {BODY} at (8,8) size 784x584
      RenderBlock {P} at (0,0) size 784x38
        RenderText {#text} at (0,1) size 64x17
          text run at (0,1) width 64: "Test for "
        RenderInline {I} at (0,0) size 750x36
          RenderInline {A} at (0,0) size 434x17 [color=#0000EE]
            RenderText {#text} at (63,1) size 434x17
              text run at (63,1) width 434: "http://bugzilla.opendarwin.org/show_bug.cgi?id=7433"
          RenderText {#text} at (496,1) size 750x36
            text run at (496,1) width 254: " REGRESSION (r12789): Second"
            text run at (0,20) width 331: "RTL text run on a line cannot be selected"
        RenderText {#text} at (330,20) size 6x17
          text run at (330,20) width 6: "."
      RenderBlock {P} at (0,54) size 784x38
        RenderText {#text} at (0,1) size 773x36
          text run at (0,1) width 773: "The rightmost two words in the Hebrew text should be selectable by dragging or double-clicking"
          text run at (0,20) width 47: "them."
      RenderBlock (anonymous) at (0,118) size 784x19
        RenderInline {SPAN} at (0,0) size 145x17
          RenderText {#text} at (0,1) size 145x17
            text run at (0,1) width 62 RTL: "\x{5E9}\x{5EA}\x{5D4} \x{5DE}\x{5D9}\x{5E5}"
            text run at (61,1) width 84 RTL: "\x{5D0}\x{5DB}\x{5DC}\x{5EA} \x{5E4}\x{5DC}\x{5E4}\x{5DC} "
        RenderText {#text} at (0,0) size 0x0
layer at (8,116) size 784x2 clip at (0,0) size 0x0
  RenderBlock {HR} at (0,108) size 784x2 [border: (1px inset #000000)]
caret: position 3 of child 0 {#text} of child 7 {SPAN} of body
