layer at (0,0) size 800x600
  RenderView at (0,0) size 800x600
layer at (0,0) size 800x381
  RenderBlock {html} at (0,0) size 800x381
    RenderBlock {parsererror} at (16,16) size 768x137 [bgcolor=#FFDDDD] [border: (2px solid #CC7777)]
      RenderBlock {h3} at (18,20) size 732x23
        RenderText {#text} at (0,0) size 309x21
          text run at (0,0) width 309: "This page contains the following errors:"
      RenderBlock {div} at (18,61) size 732x15
        RenderText {#text} at (0,0) size 490x14
          text run at (0,0) width 490: "error on line 22 at column 8: Extra content at the end of the document"
          text run at (490,0) width 0: " "
      RenderBlock {h3} at (18,94) size 732x23
        RenderText {#text} at (0,0) size 410x21
          text run at (0,0) width 410: "Below is a rendering of the page up to the first error."
    RenderBlock {html} at (0,168) size 800x193
      RenderBody {body} at (8,0) size 784x192
        RenderBlock (anonymous) at (0,0) size 784x18
          RenderText {#text} at (0,0) size 82x17
            text run at (0,0) width 82: "This is good:"
        RenderBlock {div} at (0,38) size 200x48
          RenderBlock {p} at (0,0) size 200x48 [border: (1px solid #008000)]
            RenderText {#text} at (1,1) size 194x45
              text run at (1,1) width 194: "lorem ipsum dolor sit??"
              text run at (1,24) width 40: "amet"
        RenderBlock (anonymous) at (0,106) size 784x18
          RenderText {#text} at (0,0) size 249x17
            text run at (0,0) width 249: "The following should look like \x{201C}good\x{201D}:"
        RenderBlock {div} at (0,144) size 200x48
          RenderBlock {p} at (0,0) size 200x48 [border: (1px solid #008000)]
            RenderText {#text} at (1,1) size 194x45
              text run at (1,1) width 194: "lorem ipsum dolor sit??"
              text run at (1,24) width 40: "amet"
