layer at (0,0) size 800x600
  RenderView at (0,0) size 800x600
layer at (0,0) size 800x483
  RenderBlock {HTML} at (0,0) size 800x483
    RenderBody {BODY} at (8,8) size 784x454
      RenderBlock (anonymous) at (0,0) size 784x18
        RenderText {#text} at (0,0) size 84x17
          text run at (0,0) width 84: "This is good:"
      RenderBlock {DIV} at (0,39) size 100x51
        RenderBlock {P} at (0,0) size 100x50 [border: (1px solid #008000)]
          RenderText {#text} at (39,1) size 60x47
            text run at (39,1) width 60: "Lorem"
            text run at (42,25) width 57: "ipsum"
      RenderBlock (anonymous) at (0,110) size 784x19
        RenderText {#text} at (0,0) size 289x17
          text run at (0,0) width 289: "The following three should look like \x{201C}good\x{201D}:"
      RenderBlock {DIV} at (0,149) size 100x194
        RenderBlock {P} at (0,0) size 100x50 [border: (1px solid #0000FF)]
          RenderText {#text} at (39,1) size 60x47
            text run at (39,1) width 60: "Lorem"
            text run at (41,25) width 58: "\x{131}psum"
        RenderBlock {P} at (0,71) size 100x51 [border: (1px solid #0000FF)]
          RenderText {#text} at (39,1) size 60x47
            text run at (39,1) width 60: "Lorem"
            text run at (41,25) width 58: "\x{131}psum"
        RenderBlock {P} at (0,142) size 100x51 [border: (1px solid #0000FF)]
          RenderText {#text} at (39,1) size 60x47
            text run at (39,1) width 60: "Lore\x{1E3F}"
            text run at (42,25) width 57: "ipsum"
      RenderBlock (anonymous) at (0,363) size 784x19
        RenderText {#text} at (0,0) size 75x17
          text run at (0,0) width 75: "This is bad:"
      RenderBlock {DIV} at (0,403) size 100x51
        RenderBlock {P} at (0,0) size 100x50 [border: (1px solid #FF0000)]
          RenderText {#text} at (33,1) size 66x47
            text run at (33,1) width 66: "Lorem "
            text run at (42,25) width 57: "ipsum"
