layer at (0,0) size 800x600
  RenderView at (0,0) size 800x600
layer at (0,0) size 800x600
  RenderBlock {HTML} at (0,0) size 800x600
    RenderBody {BODY} at (8,8) size 784x576
      RenderBlock {P} at (0,0) size 784x38
        RenderText {#text} at (0,1) size 64x17
          text run at (0,1) width 64: "Test for "
        RenderInline {I} at (0,0) size 781x36
          RenderInline {A} at (0,0) size 380x17 [color=#0000EE]
            RenderText {#text} at (63,1) size 380x17
              text run at (63,1) width 380: "http://bugs.webkit.org/show_bug.cgi?id=13156"
          RenderText {#text} at (442,1) size 781x36
            text run at (442,1) width 6: " "
            text run at (447,1) width 334: "REGRESSION (r19621): Pasting breakable"
            text run at (0,20) width 741: "content where wrapped line is too long to fit in a textarea fails to draw a horizontal scrollbar"
        RenderText {#text} at (740,20) size 6x17
          text run at (740,20) width 6: "."
      RenderBlock {P} at (0,54) size 784x57
        RenderText {#text} at (0,1) size 773x55
          text run at (0,1) width 770: "This tests that a line break will occur in the middle of the first word on a line if it\x{2019}s too long to fit"
          text run at (0,20) width 773: "on the line. The behavior is tested after breakable characters (question mark and hyphen), after"
          text run at (0,39) width 260: "a space and after a soft hyphen."
      RenderBlock {P} at (0,127) size 784x19
        RenderText {#text} at (0,1) size 325x17
          text run at (0,1) width 325: "The following blocks should be identical."
      RenderBlock (floating) {DIV} at (4,166) size 300x209 [bgcolor=#FFFFE0]
        RenderText {#text} at (0,1) size 300x207
          text run at (0,1) width 239: "Curabiturpretium,quamquiss?"
          text run at (0,20) width 300: "empermalesuada,estliberofeugiatlibe"
          text run at (0,39) width 254: "ro,velfringillaorcinibhsedneque-"
          text run at (0,58) width 289: "Quisqueeunullanonnisimolestieaccu"
          text run at (0,77) width 291: "msan.Etiamtellusurna,laoreetac,laor"
          text run at (0,96) width 56: "eetnon"
          text run at (0,115) width 300: "suscipitsed,sapien.Phasellusvehicula,"
          text run at (0,134) width 297: "sematposuerevehicula,auguenibhmo"
          text run at (0,153) width 77: "lestienisl\x{AD}" + hyphen string "-"
          text run at (0,172) width 300: "necullamcorperlacusantevulputatepe"
          text run at (0,191) width 204: "de.Nasceturridiculusmus."
      RenderBlock (floating) {DIV} at (312,166) size 300x247 [bgcolor=#FFFFE0]
        RenderText {#text} at (0,1) size 239x17
          text run at (0,1) width 239: "Curabiturpretium,quamquiss?"
        RenderBR {BR} at (238,1) size 1x17
        RenderText {#text} at (0,20) size 300x36
          text run at (0,20) width 300: "empermalesuada,estliberofeugiatlibe"
          text run at (0,39) width 87: "ro,velfringi"
        RenderBR {BR} at (86,39) size 1x17
        RenderText {#text} at (0,58) size 168x17
          text run at (0,58) width 168: "llaorcinibhsedneque-"
        RenderBR {BR} at (167,58) size 1x17
        RenderText {#text} at (0,77) size 289x36
          text run at (0,77) width 289: "Quisqueeunullanonnisimolestieaccu"
          text run at (0,96) width 96: "msan.Etiam"
        RenderBR {BR} at (95,96) size 1x17
        RenderText {#text} at (0,115) size 252x17
          text run at (0,115) width 252: "tellusurna,laoreetac,laoreetnon"
        RenderBR {BR} at (251,115) size 1x17
        RenderText {#text} at (0,134) size 300x36
          text run at (0,134) width 300: "suscipitsed,sapien.Phasellusvehicula,"
          text run at (0,153) width 89: "sematposu"
        RenderBR {BR} at (88,153) size 1x17
        RenderText {#text} at (0,172) size 285x17
          text run at (0,172) width 285: "erevehicula,auguenibhmolestienisl-"
        RenderBR {BR} at (284,172) size 1x17
        RenderText {#text} at (0,191) size 300x36
          text run at (0,191) width 300: "necullamcorperlacusantevulputatepe"
          text run at (0,210) width 91: "de.Nascetu"
        RenderBR {BR} at (90,210) size 1x17
        RenderText {#text} at (0,229) size 113x17
          text run at (0,229) width 113: "rridiculusmus."
