layer at (0,0) size 800x600
  RenderView at (0,0) size 800x600
layer at (0,0) size 800x600
  RenderBlock {HTML} at (0,0) size 800x600
    RenderBody {BODY} at (8,8) size 784x584
layer at (8,8) size 100x108
  RenderBlock {DIV} at (0,0) size 100x108 [color=#00000000]
    RenderText {#text} at (0,1) size 99x108
      text run at (0,1) width 5: "i "
      text run at (5,1) width 9: "x "
      text run at (14,1) width 12: "m "
      text run at (26,1) width 9: "n "
      text run at (35,1) width 9: "o "
      text run at (44,1) width 9: "p "
      text run at (53,1) width 9: "q "
      text run at (62,1) width 7: "r "
      text run at (69,1) width 9: "s "
      text run at (78,1) width 6: "t "
      text run at (84,1) width 9: "u "
      text run at (93,1) width 6: "v"
      text run at (0,13) width 11: "w "
      text run at (11,13) width 9: "x "
      text run at (20,13) width 9: "y "
      text run at (29,13) width 9: "z "
      text run at (38,13) width 5: "i "
      text run at (43,13) width 9: "x "
      text run at (52,13) width 12: "m "
      text run at (64,13) width 9: "n "
      text run at (73,13) width 9: "o "
      text run at (82,13) width 9: "p "
      text run at (91,13) width 6: "q"
      text run at (0,25) width 7: "r "
      text run at (7,25) width 9: "s "
      text run at (16,25) width 6: "t "
      text run at (22,25) width 9: "u "
      text run at (31,25) width 9: "v "
      text run at (40,25) width 11: "w "
      text run at (51,25) width 9: "x "
      text run at (60,25) width 9: "y "
      text run at (69,25) width 9: "z "
      text run at (78,25) width 5: "i "
      text run at (83,25) width 6: "x"
      text run at (0,37) width 12: "m "
      text run at (12,37) width 9: "n "
      text run at (21,37) width 9: "o "
      text run at (30,37) width 9: "p "
      text run at (39,37) width 9: "q "
      text run at (48,37) width 7: "r "
      text run at (55,37) width 9: "s "
      text run at (64,37) width 6: "t "
      text run at (70,37) width 9: "u "
      text run at (79,37) width 9: "v "
      text run at (88,37) width 8: "w"
      text run at (0,49) width 9: "x "
      text run at (9,49) width 9: "y "
      text run at (18,49) width 9: "z "
      text run at (27,49) width 5: "i "
      text run at (32,49) width 9: "x "
      text run at (41,49) width 12: "m "
      text run at (53,49) width 9: "n "
      text run at (62,49) width 9: "o "
      text run at (71,49) width 9: "p "
      text run at (80,49) width 9: "q "
      text run at (89,49) width 4: "r"
      text run at (0,61) width 9: "s "
      text run at (9,61) width 6: "t "
      text run at (15,61) width 9: "u "
      text run at (24,61) width 9: "v "
      text run at (33,61) width 11: "w "
      text run at (44,61) width 9: "x "
      text run at (53,61) width 9: "y "
      text run at (62,61) width 9: "z "
      text run at (71,61) width 5: "i "
      text run at (76,61) width 9: "x "
      text run at (85,61) width 9: "m"
      text run at (0,73) width 9: "n "
      text run at (9,73) width 9: "o "
      text run at (18,73) width 9: "p "
      text run at (27,73) width 9: "q "
      text run at (36,73) width 7: "r "
      text run at (43,73) width 9: "s "
      text run at (52,73) width 6: "t "
      text run at (58,73) width 9: "u "
      text run at (67,73) width 9: "v "
      text run at (76,73) width 11: "w "
      text run at (87,73) width 6: "x"
      text run at (0,85) width 9: "y "
      text run at (9,85) width 9: "z "
      text run at (18,85) width 5: "i "
      text run at (23,85) width 9: "x "
      text run at (32,85) width 12: "m "
      text run at (44,85) width 9: "n "
      text run at (53,85) width 9: "o "
      text run at (62,85) width 9: "p "
      text run at (71,85) width 9: "q "
      text run at (80,85) width 7: "r "
      text run at (87,85) width 9: "s "
      text run at (96,85) width 3: "t"
      text run at (0,97) width 6: "u"
selection start: position 0 of child 0 {#text} of child 0 {DIV} of body
selection end:   position 271 of child 0 {#text} of child 0 {DIV} of body
