layer at (0,0) size 800x600
  RenderView at (0,0) size 800x600
layer at (0,0) size 800x600
  RenderBlock {HTML} at (0,0) size 800x600
    RenderBody {BODY} at (8,8) size 784x576
      RenderBlock {P} at (0,0) size 784x36
        RenderText {#text} at (0,0) size 52x17
          text run at (0,0) width 52: "Test for "
        RenderInline {I} at (0,0) size 779x35
          RenderInline {A} at (0,0) size 302x17 [color=#0000EE]
            RenderText {#text} at (51,0) size 302x17
              text run at (51,0) width 302: "http://bugs.webkit.org/show_bug.cgi?id=15367"
          RenderText {#text} at (352,0) size 779x35
            text run at (352,0) width 5: " "
            text run at (356,0) width 423: "Assertion failure inspecting a document including soft hyphen code"
            text run at (0,18) width 41: "(0xad)"
        RenderText {#text} at (41,18) size 4x17
          text run at (41,18) width 4: "."
      RenderBlock {P} at (0,52) size 784x18
        RenderText {#text} at (0,0) size 489x17
          text run at (0,0) width 489: "The following text should not wrap and the border should fit tightly around it."
layer at (8,94) size 115x24
  RenderBlock (positioned) {DIV} at (8,94) size 115x24 [border: (3px solid #000000)]
    RenderText {#text} at (3,3) size 109x17
      text run at (3,3) width 109: "Two soft\x{AD}hyp\x{AD}hens"
