layer at (0,0) size 800x600
  RenderView at (0,0) size 800x600
layer at (0,0) size 800x600
  RenderBlock {HTML} at (0,0) size 800x600
    RenderBody {BODY} at (8,8) size 784x584
      RenderBlock {P} at (0,0) size 784x18
        RenderText {#text} at (0,0) size 58x17
          text run at (0,0) width 58: "Tests for "
        RenderInline {I} at (0,0) size 703x17
          RenderInline {A} at (0,0) size 302x17 [color=#0000EE]
            RenderText {#text} at (57,0) size 302x17
              text run at (57,0) width 302: "http://bugs.webkit.org/show_bug.cgi?id=13438"
          RenderText {#text} at (358,0) size 402x17
            text run at (358,0) width 5: " "
            text run at (362,0) width 398: "Run rounding makes word-break:break-all/word not functional"
        RenderText {#text} at (759,0) size 5x17
          text run at (759,0) width 5: "."
      RenderBlock {P} at (0,34) size 784x18
        RenderText {#text} at (0,0) size 305x17
          text run at (0,0) width 305: "Test that the preferred (maximum) width is right:"
      RenderBlock (floating) {DIV} at (0,68) size 646x24 [border: (3px solid #000000)]
        RenderText {#text} at (3,3) size 640x17
          text run at (3,3) width 640: "The black border should fit tightly around this one line of text with no space after the period."
      RenderBlock (anonymous) at (0,68) size 784x24
        RenderBR {BR} at (646,0) size 0x17
      RenderBlock {P} at (0,108) size 784x18
        RenderText {#text} at (0,0) size 380x17
          text run at (0,0) width 380: "Test that text does not wrap too early due to rounding errors:"
      RenderBlock {DIV} at (0,142) size 431x24 [border: (3px solid #000000)]
        RenderText {#text} at (3,3) size 374x17
          text run at (3,3) width 374: "This text fits nicely on a single line of the given width."
      RenderBlock {P} at (0,182) size 784x18
        RenderText {#text} at (0,0) size 227x17
          text run at (0,0) width 227: "Test that text does not wrap too late:"
      RenderBlock {DIV} at (0,216) size 597x42 [border: (3px solid #000000)]
        RenderText {#text} at (3,3) size 591x35
          text run at (3,3) width 418: "J u s t a b u n c h o f l e t t e r s h e r e , n o t h i n g t o s e e . "
          text run at (421,3) width 173: "Thisisonebigwordwhichi"
          text run at (3,21) width 73: "sverylong."
