layer at (0,0) size 800x600
  RenderView at (0,0) size 800x600
layer at (0,0) size 800x118
  RenderBlock {HTML} at (0,0) size 800x118
    RenderBody {BODY} at (8,8) size 784x102
layer at (8,8) size 784x102
  RenderBlock {DIV} at (0,0) size 784x102
    RenderMultiColumnSet at (0,0) size 784x102
layer at (8,8) size 384x192
  RenderMultiColumnFlowThread at (0,0) size 384x192
    RenderBlock {DIV} at (0,0) size 384x102
      RenderBlock {P} at (0,16) size 384x18
        RenderText {#text} at (0,0) size 332x18
          text run at (0,0) width 332: "This text should not be spanned across two columns."
      RenderBlock {P} at (0,50) size 384x36
        RenderText {#text} at (0,0) size 368x36
          text run at (0,0) width 368: "This text should be below the previous text, but still on the"
          text run at (0,18) width 24: "left."
    RenderText {#text} at (0,0) size 0x0
    RenderInline {SPAN} at (0,0) size 368x90
      RenderText {#text} at (0,102) size 368x90
        text run at (0,102) width 368: "The beginning of this text should start next to or below the"
        text run at (0,120) width 362: "previous text, and still in the left column. However, when"
        text run at (0,138) width 363: "made sufficiently longer than the previous block of text, it"
        text run at (0,156) width 364: "should spill into the right column instead of staying below"
        text run at (0,174) width 118: "the block before it."
    RenderText {#text} at (0,0) size 0x0
