layer at (0,0) size 785x2574
  RenderView at (0,0) size 785x600
layer at (0,0) size 785x2574
  RenderBlock {HTML} at (0,0) size 785x2574
    RenderBody {BODY} at (8,16) size 769x2542
layer at (8,16) size 760x384
  RenderBlock {DIV} at (0,0) size 760x384 [border: (5px solid #800000)]
    RenderBlock {H2} at (5,24) size 750x29 [bgcolor=#EEEEEE]
      RenderText {#text} at (0,0) size 276x28
        text run at (0,0) width 276: "This is a spanning element."
    RenderMultiColumnSet at (5,72) size 750x307
layer at (13,21) size 367x612
  RenderMultiColumnFlowThread at (5,5) size 367x612
    RenderMultiColumnSpannerPlaceholder at (0,0) size 0x0
    RenderBlock (anonymous) at (0,0) size 367x612
      RenderText {#text} at (0,0) size 363x612
        text run at (0,0) width 354: "Lorem ipsum dolor sit amet, consectetuer adipiscing elit."
        text run at (0,18) width 351: "Nulla varius enim ac mi. Curabitur sollicitudin felis quis"
        text run at (0,36) width 325: "lectus. Quisque adipiscing rhoncus sem. Proin nulla"
        text run at (0,54) width 358: "purus, vulputate vel, varius ut, euismod et, nisi. Sed vitae"
        text run at (0,72) width 343: "felis vel orci sagittis aliquam. Cras convallis adipiscing"
        text run at (0,90) width 340: "sem. Nam nonummy enim. Nullam bibendum lobortis"
        text run at (0,108) width 344: "neque. Vestibulum velit orci, tempus euismod, pretium"
        text run at (0,126) width 343: "quis, interdum vitae, nulla. Phasellus eget ante et tortor"
        text run at (0,144) width 343: "condimentum vestibulum. Suspendisse hendrerit quam"
        text run at (0,162) width 362: "nec felis. Sed varius turpis vitae pede. Lorem ipsum dolor"
        text run at (0,180) width 233: "sit amet, consectetuer adipiscing elit. "
        text run at (233,180) width 121: "Lorem ipsum dolor"
        text run at (0,198) width 363: "sit amet, consectetuer adipiscing elit. Nulla varius enim ac"
        text run at (0,216) width 318: "mi. Curabitur sollicitudin felis quis lectus. Quisque"
        text run at (0,234) width 356: "adipiscing rhoncus sem. Proin nulla purus, vulputate vel,"
        text run at (0,252) width 354: "varius ut, euismod et, nisi. Sed vitae felis vel orci sagittis"
        text run at (0,270) width 351: "aliquam. Cras convallis adipiscing sem. Nam nonummy"
        text run at (0,288) width 358: "enim. Nullam bibendum lobortis neque. Vestibulum velit"
        text run at (0,306) width 361: "orci, tempus euismod, pretium quis, interdum vitae, nulla."
        text run at (0,324) width 339: "Phasellus eget ante et tortor condimentum vestibulum."
        text run at (0,342) width 345: "Suspendisse hendrerit quam nec felis. Sed varius turpis"
        text run at (0,360) width 331: "vitae pede. Lorem ipsum dolor sit amet, consectetuer"
        text run at (0,378) width 95: "adipiscing elit. "
        text run at (95,378) width 259: "Lorem ipsum dolor sit amet, consectetuer"
        text run at (0,396) width 313: "adipiscing elit. Nulla varius enim ac mi. Curabitur"
        text run at (0,414) width 352: "sollicitudin felis quis lectus. Quisque adipiscing rhoncus"
        text run at (0,432) width 353: "sem. Proin nulla purus, vulputate vel, varius ut, euismod"
        text run at (0,450) width 326: "et, nisi. Sed vitae felis vel orci sagittis aliquam. Cras"
        text run at (0,468) width 350: "convallis adipiscing sem. Nam nonummy enim. Nullam"
        text run at (0,486) width 349: "bibendum lobortis neque. Vestibulum velit orci, tempus"
        text run at (0,504) width 343: "euismod, pretium quis, interdum vitae, nulla. Phasellus"
        text run at (0,522) width 357: "eget ante et tortor condimentum vestibulum. Suspendisse"
        text run at (0,540) width 336: "hendrerit quam nec felis. Sed varius turpis vitae pede."
        text run at (0,558) width 354: "Lorem ipsum dolor sit amet, consectetuer adipiscing elit."
        text run at (0,576) width 354: "Lorem ipsum dolor sit amet, consectetuer adipiscing elit."
        text run at (0,594) width 154: "Nulla varius enim ac mi."
layer at (8,416) size 760x384
  RenderBlock {DIV} at (0,399) size 760x385 [border: (5px solid #800000)]
    RenderMultiColumnSet at (5,5) size 750x306
    RenderBlock {H2} at (5,330) size 750x29 [bgcolor=#EEEEEE]
      RenderText {#text} at (0,0) size 276x28
        text run at (0,0) width 276: "This is a spanning element."
    RenderMultiColumnSet at (5,378) size 750x0
layer at (13,421) size 367x612
  RenderMultiColumnFlowThread at (5,5) size 367x612
    RenderBlock (anonymous) at (0,0) size 367x612
      RenderText {#text} at (0,0) size 363x612
        text run at (0,0) width 354: "Lorem ipsum dolor sit amet, consectetuer adipiscing elit."
        text run at (0,18) width 351: "Nulla varius enim ac mi. Curabitur sollicitudin felis quis"
        text run at (0,36) width 325: "lectus. Quisque adipiscing rhoncus sem. Proin nulla"
        text run at (0,54) width 358: "purus, vulputate vel, varius ut, euismod et, nisi. Sed vitae"
        text run at (0,72) width 343: "felis vel orci sagittis aliquam. Cras convallis adipiscing"
        text run at (0,90) width 340: "sem. Nam nonummy enim. Nullam bibendum lobortis"
        text run at (0,108) width 344: "neque. Vestibulum velit orci, tempus euismod, pretium"
        text run at (0,126) width 343: "quis, interdum vitae, nulla. Phasellus eget ante et tortor"
        text run at (0,144) width 343: "condimentum vestibulum. Suspendisse hendrerit quam"
        text run at (0,162) width 362: "nec felis. Sed varius turpis vitae pede. Lorem ipsum dolor"
        text run at (0,180) width 233: "sit amet, consectetuer adipiscing elit. "
        text run at (233,180) width 121: "Lorem ipsum dolor"
        text run at (0,198) width 363: "sit amet, consectetuer adipiscing elit. Nulla varius enim ac"
        text run at (0,216) width 318: "mi. Curabitur sollicitudin felis quis lectus. Quisque"
        text run at (0,234) width 356: "adipiscing rhoncus sem. Proin nulla purus, vulputate vel,"
        text run at (0,252) width 354: "varius ut, euismod et, nisi. Sed vitae felis vel orci sagittis"
        text run at (0,270) width 351: "aliquam. Cras convallis adipiscing sem. Nam nonummy"
        text run at (0,288) width 358: "enim. Nullam bibendum lobortis neque. Vestibulum velit"
        text run at (0,306) width 361: "orci, tempus euismod, pretium quis, interdum vitae, nulla."
        text run at (0,324) width 339: "Phasellus eget ante et tortor condimentum vestibulum."
        text run at (0,342) width 345: "Suspendisse hendrerit quam nec felis. Sed varius turpis"
        text run at (0,360) width 331: "vitae pede. Lorem ipsum dolor sit amet, consectetuer"
        text run at (0,378) width 95: "adipiscing elit. "
        text run at (95,378) width 259: "Lorem ipsum dolor sit amet, consectetuer"
        text run at (0,396) width 313: "adipiscing elit. Nulla varius enim ac mi. Curabitur"
        text run at (0,414) width 352: "sollicitudin felis quis lectus. Quisque adipiscing rhoncus"
        text run at (0,432) width 353: "sem. Proin nulla purus, vulputate vel, varius ut, euismod"
        text run at (0,450) width 326: "et, nisi. Sed vitae felis vel orci sagittis aliquam. Cras"
        text run at (0,468) width 350: "convallis adipiscing sem. Nam nonummy enim. Nullam"
        text run at (0,486) width 349: "bibendum lobortis neque. Vestibulum velit orci, tempus"
        text run at (0,504) width 343: "euismod, pretium quis, interdum vitae, nulla. Phasellus"
        text run at (0,522) width 357: "eget ante et tortor condimentum vestibulum. Suspendisse"
        text run at (0,540) width 336: "hendrerit quam nec felis. Sed varius turpis vitae pede."
        text run at (0,558) width 354: "Lorem ipsum dolor sit amet, consectetuer adipiscing elit."
        text run at (0,576) width 354: "Lorem ipsum dolor sit amet, consectetuer adipiscing elit."
        text run at (0,594) width 154: "Nulla varius enim ac mi."
    RenderMultiColumnSpannerPlaceholder at (0,612) size 0x0
layer at (8,816) size 760x424
  RenderBlock {DIV} at (0,799) size 760x426 [border: (5px solid #800000)]
    RenderMultiColumnSet at (5,5) size 750x133
    RenderBlock {H2} at (5,157) size 750x29 [bgcolor=#EEEEEE]
      RenderText {#text} at (0,0) size 276x28
        text run at (0,0) width 276: "This is a spanning element."
    RenderMultiColumnSet at (5,205) size 750x215
layer at (13,821) size 367x694
  RenderMultiColumnFlowThread at (5,5) size 367x694
    RenderBlock {P} at (0,16) size 367x243
      RenderText {#text} at (0,0) size 363x243
        text run at (0,0) width 354: "Lorem ipsum dolor sit amet, consectetuer adipiscing elit."
        text run at (0,18) width 351: "Nulla varius enim ac mi. Curabitur sollicitudin felis quis"
        text run at (0,36) width 325: "lectus. Quisque adipiscing rhoncus sem. Proin nulla"
        text run at (0,54) width 358: "purus, vulputate vel, varius ut, euismod et, nisi. Sed vitae"
        text run at (0,72) width 343: "felis vel orci sagittis aliquam. Cras convallis adipiscing"
        text run at (0,90) width 340: "sem. Nam nonummy enim. Nullam bibendum lobortis"
        text run at (0,117) width 344: "neque. Vestibulum velit orci, tempus euismod, pretium"
        text run at (0,135) width 343: "quis, interdum vitae, nulla. Phasellus eget ante et tortor"
        text run at (0,153) width 343: "condimentum vestibulum. Suspendisse hendrerit quam"
        text run at (0,171) width 362: "nec felis. Sed varius turpis vitae pede. Lorem ipsum dolor"
        text run at (0,189) width 233: "sit amet, consectetuer adipiscing elit. "
        text run at (233,189) width 121: "Lorem ipsum dolor"
        text run at (0,207) width 363: "sit amet, consectetuer adipiscing elit. Nulla varius enim ac"
        text run at (0,225) width 20: "mi."
    RenderMultiColumnSpannerPlaceholder at (0,266) size 0x0
    RenderBlock {P} at (0,282) size 367x396
      RenderText {#text} at (0,0) size 363x396
        text run at (0,0) width 354: "Lorem ipsum dolor sit amet, consectetuer adipiscing elit."
        text run at (0,18) width 351: "Nulla varius enim ac mi. Curabitur sollicitudin felis quis"
        text run at (0,36) width 325: "lectus. Quisque adipiscing rhoncus sem. Proin nulla"
        text run at (0,54) width 358: "purus, vulputate vel, varius ut, euismod et, nisi. Sed vitae"
        text run at (0,72) width 343: "felis vel orci sagittis aliquam. Cras convallis adipiscing"
        text run at (0,90) width 340: "sem. Nam nonummy enim. Nullam bibendum lobortis"
        text run at (0,108) width 344: "neque. Vestibulum velit orci, tempus euismod, pretium"
        text run at (0,126) width 343: "quis, interdum vitae, nulla. Phasellus eget ante et tortor"
        text run at (0,144) width 343: "condimentum vestibulum. Suspendisse hendrerit quam"
        text run at (0,162) width 362: "nec felis. Sed varius turpis vitae pede. Lorem ipsum dolor"
        text run at (0,180) width 233: "sit amet, consectetuer adipiscing elit. "
        text run at (233,180) width 121: "Lorem ipsum dolor"
        text run at (0,198) width 363: "sit amet, consectetuer adipiscing elit. Nulla varius enim ac"
        text run at (0,216) width 318: "mi. Curabitur sollicitudin felis quis lectus. Quisque"
        text run at (0,234) width 356: "adipiscing rhoncus sem. Proin nulla purus, vulputate vel,"
        text run at (0,252) width 354: "varius ut, euismod et, nisi. Sed vitae felis vel orci sagittis"
        text run at (0,270) width 351: "aliquam. Cras convallis adipiscing sem. Nam nonummy"
        text run at (0,288) width 358: "enim. Nullam bibendum lobortis neque. Vestibulum velit"
        text run at (0,306) width 361: "orci, tempus euismod, pretium quis, interdum vitae, nulla."
        text run at (0,324) width 339: "Phasellus eget ante et tortor condimentum vestibulum."
        text run at (0,342) width 345: "Suspendisse hendrerit quam nec felis. Sed varius turpis"
        text run at (0,360) width 331: "vitae pede. Lorem ipsum dolor sit amet, consectetuer"
        text run at (0,378) width 91: "adipiscing elit."
layer at (8,1256) size 760x418
  RenderBlock {DIV} at (0,1240) size 760x419 [border: (5px solid #800000)]
    RenderMultiColumnSet at (5,5) size 750x126
    RenderBlock {H2} at (5,150) size 750x29 [bgcolor=#EEEEEE]
      RenderText {#text} at (0,0) size 276x28
        text run at (0,0) width 276: "This is a spanning element."
    RenderMultiColumnSet at (5,198) size 750x215
layer at (13,1261) size 367x662
  RenderMultiColumnFlowThread at (5,5) size 367x662
    RenderBlock (anonymous) at (0,0) size 367x234
      RenderText {#text} at (0,0) size 363x234
        text run at (0,0) width 354: "Lorem ipsum dolor sit amet, consectetuer adipiscing elit."
        text run at (0,18) width 351: "Nulla varius enim ac mi. Curabitur sollicitudin felis quis"
        text run at (0,36) width 325: "lectus. Quisque adipiscing rhoncus sem. Proin nulla"
        text run at (0,54) width 358: "purus, vulputate vel, varius ut, euismod et, nisi. Sed vitae"
        text run at (0,72) width 343: "felis vel orci sagittis aliquam. Cras convallis adipiscing"
        text run at (0,90) width 340: "sem. Nam nonummy enim. Nullam bibendum lobortis"
        text run at (0,108) width 344: "neque. Vestibulum velit orci, tempus euismod, pretium"
        text run at (0,126) width 343: "quis, interdum vitae, nulla. Phasellus eget ante et tortor"
        text run at (0,144) width 343: "condimentum vestibulum. Suspendisse hendrerit quam"
        text run at (0,162) width 362: "nec felis. Sed varius turpis vitae pede. Lorem ipsum dolor"
        text run at (0,180) width 233: "sit amet, consectetuer adipiscing elit. "
        text run at (233,180) width 121: "Lorem ipsum dolor"
        text run at (0,198) width 363: "sit amet, consectetuer adipiscing elit. Nulla varius enim ac"
        text run at (0,216) width 20: "mi."
    RenderMultiColumnSpannerPlaceholder at (0,234) size 0x0
    RenderBlock (anonymous) at (0,234) size 367x198
      RenderInline {SPAN} at (0,0) size 42x18
        RenderText {#text} at (0,0) size 42x18
          text run at (0,0) width 42: "Lorem"
      RenderText {#text} at (42,0) size 362x198
        text run at (42,0) width 312: " ipsum dolor sit amet, consectetuer adipiscing elit."
        text run at (0,18) width 351: "Nulla varius enim ac mi. Curabitur sollicitudin felis quis"
        text run at (0,36) width 325: "lectus. Quisque adipiscing rhoncus sem. Proin nulla"
        text run at (0,54) width 358: "purus, vulputate vel, varius ut, euismod et, nisi. Sed vitae"
        text run at (0,72) width 343: "felis vel orci sagittis aliquam. Cras convallis adipiscing"
        text run at (0,90) width 340: "sem. Nam nonummy enim. Nullam bibendum lobortis"
        text run at (0,108) width 344: "neque. Vestibulum velit orci, tempus euismod, pretium"
        text run at (0,126) width 343: "quis, interdum vitae, nulla. Phasellus eget ante et tortor"
        text run at (0,144) width 343: "condimentum vestibulum. Suspendisse hendrerit quam"
        text run at (0,162) width 362: "nec felis. Sed varius turpis vitae pede. Lorem ipsum dolor"
        text run at (0,180) width 229: "sit amet, consectetuer adipiscing elit."
    RenderBlock {P} at (0,448) size 367x198
      RenderText {#text} at (0,0) size 362x198
        text run at (0,0) width 354: "Lorem ipsum dolor sit amet, consectetuer adipiscing elit."
        text run at (0,18) width 351: "Nulla varius enim ac mi. Curabitur sollicitudin felis quis"
        text run at (0,36) width 325: "lectus. Quisque adipiscing rhoncus sem. Proin nulla"
        text run at (0,54) width 358: "purus, vulputate vel, varius ut, euismod et, nisi. Sed vitae"
        text run at (0,72) width 343: "felis vel orci sagittis aliquam. Cras convallis adipiscing"
        text run at (0,90) width 340: "sem. Nam nonummy enim. Nullam bibendum lobortis"
        text run at (0,108) width 344: "neque. Vestibulum velit orci, tempus euismod, pretium"
        text run at (0,126) width 343: "quis, interdum vitae, nulla. Phasellus eget ante et tortor"
        text run at (0,144) width 343: "condimentum vestibulum. Suspendisse hendrerit quam"
        text run at (0,162) width 362: "nec felis. Sed varius turpis vitae pede. Lorem ipsum dolor"
        text run at (0,180) width 229: "sit amet, consectetuer adipiscing elit."
layer at (8,1690) size 760x418
  RenderBlock {DIV} at (0,1674) size 760x419 [border: (5px solid #800000)]
    RenderMultiColumnSet at (5,5) size 750x216
    RenderBlock {H2} at (5,240) size 750x29 [bgcolor=#EEEEEE]
      RenderText {#text} at (0,0) size 276x28
        text run at (0,0) width 276: "This is a spanning element."
    RenderMultiColumnSet at (5,288) size 750x125
layer at (13,1695) size 367x662
  RenderMultiColumnFlowThread at (5,5) size 367x662
    RenderBlock (anonymous) at (0,0) size 367x198
      RenderInline {SPAN} at (0,0) size 362x198
        RenderText {#text} at (0,0) size 362x198
          text run at (0,0) width 354: "Lorem ipsum dolor sit amet, consectetuer adipiscing elit."
          text run at (0,18) width 351: "Nulla varius enim ac mi. Curabitur sollicitudin felis quis"
          text run at (0,36) width 325: "lectus. Quisque adipiscing rhoncus sem. Proin nulla"
          text run at (0,54) width 358: "purus, vulputate vel, varius ut, euismod et, nisi. Sed vitae"
          text run at (0,72) width 343: "felis vel orci sagittis aliquam. Cras convallis adipiscing"
          text run at (0,90) width 340: "sem. Nam nonummy enim. Nullam bibendum lobortis"
          text run at (0,108) width 344: "neque. Vestibulum velit orci, tempus euismod, pretium"
          text run at (0,126) width 343: "quis, interdum vitae, nulla. Phasellus eget ante et tortor"
          text run at (0,144) width 343: "condimentum vestibulum. Suspendisse hendrerit quam"
          text run at (0,162) width 362: "nec felis. Sed varius turpis vitae pede. Lorem ipsum dolor"
          text run at (0,180) width 229: "sit amet, consectetuer adipiscing elit."
    RenderBlock (anonymous) at (0,198) size 367x36
      RenderBlock {SPAN} at (0,0) size 367x36
        RenderText {#text} at (0,0) size 354x36
          text run at (0,0) width 354: "Lorem ipsum dolor sit amet, consectetuer adipiscing elit."
          text run at (0,18) width 154: "Nulla varius enim ac mi."
    RenderBlock (anonymous) at (0,234) size 367x198
      RenderInline {SPAN} at (0,0) size 42x18
        RenderText {#text} at (0,0) size 42x18
          text run at (0,0) width 42: "Lorem"
      RenderText {#text} at (42,0) size 362x198
        text run at (42,0) width 312: " ipsum dolor sit amet, consectetuer adipiscing elit."
        text run at (0,18) width 351: "Nulla varius enim ac mi. Curabitur sollicitudin felis quis"
        text run at (0,36) width 325: "lectus. Quisque adipiscing rhoncus sem. Proin nulla"
        text run at (0,54) width 358: "purus, vulputate vel, varius ut, euismod et, nisi. Sed vitae"
        text run at (0,72) width 343: "felis vel orci sagittis aliquam. Cras convallis adipiscing"
        text run at (0,90) width 340: "sem. Nam nonummy enim. Nullam bibendum lobortis"
        text run at (0,108) width 344: "neque. Vestibulum velit orci, tempus euismod, pretium"
        text run at (0,126) width 343: "quis, interdum vitae, nulla. Phasellus eget ante et tortor"
        text run at (0,144) width 343: "condimentum vestibulum. Suspendisse hendrerit quam"
        text run at (0,162) width 362: "nec felis. Sed varius turpis vitae pede. Lorem ipsum dolor"
        text run at (0,180) width 229: "sit amet, consectetuer adipiscing elit."
    RenderMultiColumnSpannerPlaceholder at (0,432) size 0x0
    RenderBlock {P} at (0,448) size 367x198
      RenderText {#text} at (0,0) size 362x198
        text run at (0,0) width 354: "Lorem ipsum dolor sit amet, consectetuer adipiscing elit."
        text run at (0,18) width 351: "Nulla varius enim ac mi. Curabitur sollicitudin felis quis"
        text run at (0,36) width 325: "lectus. Quisque adipiscing rhoncus sem. Proin nulla"
        text run at (0,54) width 358: "purus, vulputate vel, varius ut, euismod et, nisi. Sed vitae"
        text run at (0,72) width 343: "felis vel orci sagittis aliquam. Cras convallis adipiscing"
        text run at (0,90) width 340: "sem. Nam nonummy enim. Nullam bibendum lobortis"
        text run at (0,108) width 344: "neque. Vestibulum velit orci, tempus euismod, pretium"
        text run at (0,126) width 343: "quis, interdum vitae, nulla. Phasellus eget ante et tortor"
        text run at (0,144) width 343: "condimentum vestibulum. Suspendisse hendrerit quam"
        text run at (0,162) width 362: "nec felis. Sed varius turpis vitae pede. Lorem ipsum dolor"
        text run at (0,180) width 229: "sit amet, consectetuer adipiscing elit."
layer at (8,2124) size 760x434
  RenderBlock {DIV} at (0,2108) size 760x434 [border: (5px solid #800000)]
    RenderMultiColumnSet at (5,5) size 750x248
    RenderBlock {H2} at (5,272) size 750x29 [bgcolor=#EEEEEE]
      RenderText {#text} at (0,0) size 276x28
        text run at (0,0) width 276: "This is a spanning element."
    RenderMultiColumnSet at (5,320) size 750x109
layer at (13,2129) size 367x712 backgroundClip at (0,0) size 785x2574 clip at (0,0) size 785x2574
  RenderMultiColumnFlowThread at (5,5) size 367x712
    RenderBlock {P} at (0,16) size 367x198
      RenderText {#text} at (0,0) size 362x198
        text run at (0,0) width 354: "Lorem ipsum dolor sit amet, consectetuer adipiscing elit."
        text run at (0,18) width 351: "Nulla varius enim ac mi. Curabitur sollicitudin felis quis"
        text run at (0,36) width 325: "lectus. Quisque adipiscing rhoncus sem. Proin nulla"
        text run at (0,54) width 358: "purus, vulputate vel, varius ut, euismod et, nisi. Sed vitae"
        text run at (0,72) width 343: "felis vel orci sagittis aliquam. Cras convallis adipiscing"
        text run at (0,90) width 340: "sem. Nam nonummy enim. Nullam bibendum lobortis"
        text run at (0,108) width 344: "neque. Vestibulum velit orci, tempus euismod, pretium"
        text run at (0,126) width 343: "quis, interdum vitae, nulla. Phasellus eget ante et tortor"
        text run at (0,144) width 343: "condimentum vestibulum. Suspendisse hendrerit quam"
        text run at (0,162) width 362: "nec felis. Sed varius turpis vitae pede. Lorem ipsum dolor"
        text run at (0,180) width 229: "sit amet, consectetuer adipiscing elit."
    RenderBlock {P} at (0,230) size 367x36
      RenderText {#text} at (0,0) size 354x36
        text run at (0,0) width 354: "Lorem ipsum dolor sit amet, consectetuer adipiscing elit."
        text run at (0,18) width 154: "Nulla varius enim ac mi."
    RenderBlock {P} at (0,282) size 367x198
      RenderText {#text} at (0,0) size 362x198
        text run at (0,0) width 354: "Lorem ipsum dolor sit amet, consectetuer adipiscing elit."
        text run at (0,18) width 351: "Nulla varius enim ac mi. Curabitur sollicitudin felis quis"
        text run at (0,36) width 325: "lectus. Quisque adipiscing rhoncus sem. Proin nulla"
        text run at (0,54) width 358: "purus, vulputate vel, varius ut, euismod et, nisi. Sed vitae"
        text run at (0,72) width 343: "felis vel orci sagittis aliquam. Cras convallis adipiscing"
        text run at (0,90) width 340: "sem. Nam nonummy enim. Nullam bibendum lobortis"
        text run at (0,108) width 344: "neque. Vestibulum velit orci, tempus euismod, pretium"
        text run at (0,126) width 343: "quis, interdum vitae, nulla. Phasellus eget ante et tortor"
        text run at (0,144) width 343: "condimentum vestibulum. Suspendisse hendrerit quam"
        text run at (0,162) width 362: "nec felis. Sed varius turpis vitae pede. Lorem ipsum dolor"
        text run at (0,180) width 229: "sit amet, consectetuer adipiscing elit."
    RenderMultiColumnSpannerPlaceholder at (0,496) size 0x0
    RenderBlock (anonymous) at (0,496) size 367x18
      RenderInline {SPAN} at (0,0) size 354x18
        RenderText {#text} at (0,0) size 354x18
          text run at (0,0) width 354: "Lorem ipsum dolor sit amet, consectetuer adipiscing elit."
    RenderBlock (anonymous) at (0,514) size 367x18
      RenderBlock {SPAN} at (0,0) size 367x18
        RenderText {#text} at (0,0) size 154x18
          text run at (0,0) width 154: "Nulla varius enim ac mi."
    RenderBlock (anonymous) at (0,532) size 367x180
      RenderInline {SPAN} at (0,0) size 362x180
        RenderText {#text} at (0,0) size 362x180
          text run at (0,0) width 362: "Curabitur sollicitudin felis quis lectus. Quisque adipiscing"
          text run at (0,18) width 350: "rhoncus sem. Proin nulla purus, vulputate vel, varius ut,"
          text run at (0,36) width 350: "euismod et, nisi. Sed vitae felis vel orci sagittis aliquam."
          text run at (0,54) width 332: "Cras convallis adipiscing sem. Nam nonummy enim."
          text run at (0,72) width 351: "Nullam bibendum lobortis neque. Vestibulum velit orci,"
          text run at (0,90) width 329: "tempus euismod, pretium quis, interdum vitae, nulla."
          text run at (0,108) width 339: "Phasellus eget ante et tortor condimentum vestibulum."
          text run at (0,126) width 345: "Suspendisse hendrerit quam nec felis. Sed varius turpis"
          text run at (0,144) width 331: "vitae pede. Lorem ipsum dolor sit amet, consectetuer"
          text run at (0,162) width 91: "adipiscing elit."
      RenderText {#text} at (0,0) size 0x0
