layer at (0,0) size 785x2869
  RenderView at (0,0) size 785x600
layer at (0,0) size 785x2869
  RenderBlock {HTML} at (0,0) size 785x2869
    RenderBody {BODY} at (8,16) size 769x2837
layer at (8,16) size 760x437
  RenderBlock {DIV} at (0,0) size 760x437 [border: (5px solid #800000)]
    RenderMultiColumnSet at (5,5) size 750x20
    RenderBlock {H2} at (5,44) size 750x28 [bgcolor=#EEEEEE]
      RenderText {#text} at (0,0) size 274x26
        text run at (0,0) width 274: "This is a spanning element."
    RenderMultiColumnSet at (5,91) size 750x341
layer at (13,21) size 367x680
  RenderMultiColumnFlowThread at (5,5) size 367x680
    RenderBlock (generated) at (0,0) size 367x20 [bgcolor=#FFFF00]
      RenderText at (0,0) size 160x19
        text run at (0,0) width 160: "Before Generated Content"
    RenderMultiColumnSpannerPlaceholder at (0,20) size 0x0
    RenderBlock (anonymous) at (0,20) size 367x640
      RenderText {#text} at (0,0) size 367x639
        text run at (0,0) width 337: "Lorem ipsum dolor sit amet, consectetuer adipiscing elit."
        text run at (0,20) width 367: "Nulla varius enim ac mi. Curabitur sollicitudin felis quis lectus."
        text run at (0,40) width 362: "Quisque adipiscing rhoncus sem. Proin nulla purus, vulputate"
        text run at (0,60) width 358: "vel, varius ut, euismod et, nisi. Sed vitae felis vel orci sagittis"
        text run at (0,80) width 365: "aliquam. Cras convallis adipiscing sem. Nam nonummy enim."
        text run at (0,100) width 329: "Nullam bibendum lobortis neque. Vestibulum velit orci,"
        text run at (0,120) width 309: "tempus euismod, pretium quis, interdum vitae, nulla."
        text run at (0,140) width 321: "Phasellus eget ante et tortor condimentum vestibulum."
        text run at (0,160) width 360: "Suspendisse hendrerit quam nec felis. Sed varius turpis vitae"
        text run at (0,180) width 350: "pede. Lorem ipsum dolor sit amet, consectetuer adipiscing"
        text run at (0,200) width 25: "elit. "
        text run at (25,200) width 337: "Lorem ipsum dolor sit amet, consectetuer adipiscing elit."
        text run at (0,220) width 367: "Nulla varius enim ac mi. Curabitur sollicitudin felis quis lectus."
        text run at (0,240) width 362: "Quisque adipiscing rhoncus sem. Proin nulla purus, vulputate"
        text run at (0,260) width 358: "vel, varius ut, euismod et, nisi. Sed vitae felis vel orci sagittis"
        text run at (0,280) width 365: "aliquam. Cras convallis adipiscing sem. Nam nonummy enim."
        text run at (0,300) width 329: "Nullam bibendum lobortis neque. Vestibulum velit orci,"
        text run at (0,320) width 309: "tempus euismod, pretium quis, interdum vitae, nulla."
        text run at (0,340) width 321: "Phasellus eget ante et tortor condimentum vestibulum."
        text run at (0,360) width 360: "Suspendisse hendrerit quam nec felis. Sed varius turpis vitae"
        text run at (0,380) width 350: "pede. Lorem ipsum dolor sit amet, consectetuer adipiscing"
        text run at (0,400) width 25: "elit. "
        text run at (25,400) width 337: "Lorem ipsum dolor sit amet, consectetuer adipiscing elit."
        text run at (0,420) width 367: "Nulla varius enim ac mi. Curabitur sollicitudin felis quis lectus."
        text run at (0,440) width 362: "Quisque adipiscing rhoncus sem. Proin nulla purus, vulputate"
        text run at (0,460) width 358: "vel, varius ut, euismod et, nisi. Sed vitae felis vel orci sagittis"
        text run at (0,480) width 365: "aliquam. Cras convallis adipiscing sem. Nam nonummy enim."
        text run at (0,500) width 329: "Nullam bibendum lobortis neque. Vestibulum velit orci,"
        text run at (0,520) width 309: "tempus euismod, pretium quis, interdum vitae, nulla."
        text run at (0,540) width 321: "Phasellus eget ante et tortor condimentum vestibulum."
        text run at (0,560) width 360: "Suspendisse hendrerit quam nec felis. Sed varius turpis vitae"
        text run at (0,580) width 350: "pede. Lorem ipsum dolor sit amet, consectetuer adipiscing"
        text run at (0,600) width 25: "elit. "
        text run at (25,600) width 337: "Lorem ipsum dolor sit amet, consectetuer adipiscing elit."
        text run at (0,620) width 143: "Nulla varius enim ac mi."
    RenderBlock (generated) at (0,660) size 367x20 [bgcolor=#FFFF00]
      RenderText at (0,0) size 150x19
        text run at (0,0) width 150: "After Generated Content"
layer at (8,469) size 760x437
  RenderBlock {DIV} at (0,452) size 760x438 [border: (5px solid #800000)]
    RenderMultiColumnSet at (5,5) size 750x340
    RenderBlock {H2} at (5,364) size 750x28 [bgcolor=#EEEEEE]
      RenderText {#text} at (0,0) size 274x26
        text run at (0,0) width 274: "This is a spanning element."
    RenderMultiColumnSet at (5,411) size 750x21
layer at (13,474) size 367x680
  RenderMultiColumnFlowThread at (5,5) size 367x680
    RenderBlock (generated) at (0,0) size 367x20 [bgcolor=#FFFF00]
      RenderText at (0,0) size 160x19
        text run at (0,0) width 160: "Before Generated Content"
    RenderBlock (anonymous) at (0,20) size 367x640
      RenderText {#text} at (0,0) size 367x639
        text run at (0,0) width 337: "Lorem ipsum dolor sit amet, consectetuer adipiscing elit."
        text run at (0,20) width 367: "Nulla varius enim ac mi. Curabitur sollicitudin felis quis lectus."
        text run at (0,40) width 362: "Quisque adipiscing rhoncus sem. Proin nulla purus, vulputate"
        text run at (0,60) width 358: "vel, varius ut, euismod et, nisi. Sed vitae felis vel orci sagittis"
        text run at (0,80) width 365: "aliquam. Cras convallis adipiscing sem. Nam nonummy enim."
        text run at (0,100) width 329: "Nullam bibendum lobortis neque. Vestibulum velit orci,"
        text run at (0,120) width 309: "tempus euismod, pretium quis, interdum vitae, nulla."
        text run at (0,140) width 321: "Phasellus eget ante et tortor condimentum vestibulum."
        text run at (0,160) width 360: "Suspendisse hendrerit quam nec felis. Sed varius turpis vitae"
        text run at (0,180) width 350: "pede. Lorem ipsum dolor sit amet, consectetuer adipiscing"
        text run at (0,200) width 25: "elit. "
        text run at (25,200) width 337: "Lorem ipsum dolor sit amet, consectetuer adipiscing elit."
        text run at (0,220) width 367: "Nulla varius enim ac mi. Curabitur sollicitudin felis quis lectus."
        text run at (0,240) width 362: "Quisque adipiscing rhoncus sem. Proin nulla purus, vulputate"
        text run at (0,260) width 358: "vel, varius ut, euismod et, nisi. Sed vitae felis vel orci sagittis"
        text run at (0,280) width 365: "aliquam. Cras convallis adipiscing sem. Nam nonummy enim."
        text run at (0,300) width 329: "Nullam bibendum lobortis neque. Vestibulum velit orci,"
        text run at (0,320) width 309: "tempus euismod, pretium quis, interdum vitae, nulla."
        text run at (0,340) width 321: "Phasellus eget ante et tortor condimentum vestibulum."
        text run at (0,360) width 360: "Suspendisse hendrerit quam nec felis. Sed varius turpis vitae"
        text run at (0,380) width 350: "pede. Lorem ipsum dolor sit amet, consectetuer adipiscing"
        text run at (0,400) width 25: "elit. "
        text run at (25,400) width 337: "Lorem ipsum dolor sit amet, consectetuer adipiscing elit."
        text run at (0,420) width 367: "Nulla varius enim ac mi. Curabitur sollicitudin felis quis lectus."
        text run at (0,440) width 362: "Quisque adipiscing rhoncus sem. Proin nulla purus, vulputate"
        text run at (0,460) width 358: "vel, varius ut, euismod et, nisi. Sed vitae felis vel orci sagittis"
        text run at (0,480) width 365: "aliquam. Cras convallis adipiscing sem. Nam nonummy enim."
        text run at (0,500) width 329: "Nullam bibendum lobortis neque. Vestibulum velit orci,"
        text run at (0,520) width 309: "tempus euismod, pretium quis, interdum vitae, nulla."
        text run at (0,540) width 321: "Phasellus eget ante et tortor condimentum vestibulum."
        text run at (0,560) width 360: "Suspendisse hendrerit quam nec felis. Sed varius turpis vitae"
        text run at (0,580) width 350: "pede. Lorem ipsum dolor sit amet, consectetuer adipiscing"
        text run at (0,600) width 25: "elit. "
        text run at (25,600) width 337: "Lorem ipsum dolor sit amet, consectetuer adipiscing elit."
        text run at (0,620) width 143: "Nulla varius enim ac mi."
    RenderMultiColumnSpannerPlaceholder at (0,660) size 0x0
    RenderBlock (generated) at (0,660) size 367x20 [bgcolor=#FFFF00]
      RenderText at (0,0) size 150x19
        text run at (0,0) width 150: "After Generated Content"
layer at (8,922) size 760x458
  RenderBlock {DIV} at (0,905) size 760x460 [border: (5px solid #800000)]
    RenderMultiColumnSet at (5,5) size 750x146
    RenderBlock {H2} at (5,170) size 750x28 [bgcolor=#EEEEEE]
      RenderText {#text} at (0,0) size 274x26
        text run at (0,0) width 274: "This is a spanning element."
    RenderMultiColumnSet at (5,217) size 750x237
layer at (13,927) size 367x764
  RenderMultiColumnFlowThread at (5,5) size 367x764
    RenderBlock (generated) at (0,0) size 367x20 [bgcolor=#FFFF00]
      RenderText at (0,0) size 160x19
        text run at (0,0) width 160: "Before Generated Content"
    RenderBlock {P} at (0,36) size 367x250
      RenderText {#text} at (0,0) size 367x249
        text run at (0,0) width 337: "Lorem ipsum dolor sit amet, consectetuer adipiscing elit."
        text run at (0,20) width 367: "Nulla varius enim ac mi. Curabitur sollicitudin felis quis lectus."
        text run at (0,40) width 362: "Quisque adipiscing rhoncus sem. Proin nulla purus, vulputate"
        text run at (0,60) width 358: "vel, varius ut, euismod et, nisi. Sed vitae felis vel orci sagittis"
        text run at (0,80) width 365: "aliquam. Cras convallis adipiscing sem. Nam nonummy enim."
        text run at (0,110) width 329: "Nullam bibendum lobortis neque. Vestibulum velit orci,"
        text run at (0,130) width 309: "tempus euismod, pretium quis, interdum vitae, nulla."
        text run at (0,150) width 321: "Phasellus eget ante et tortor condimentum vestibulum."
        text run at (0,170) width 360: "Suspendisse hendrerit quam nec felis. Sed varius turpis vitae"
        text run at (0,190) width 350: "pede. Lorem ipsum dolor sit amet, consectetuer adipiscing"
        text run at (0,210) width 25: "elit. "
        text run at (25,210) width 337: "Lorem ipsum dolor sit amet, consectetuer adipiscing elit."
        text run at (0,230) width 143: "Nulla varius enim ac mi."
    RenderMultiColumnSpannerPlaceholder at (0,292) size 0x0
    RenderBlock {P} at (0,308) size 367x420
      RenderText {#text} at (0,0) size 367x419
        text run at (0,0) width 337: "Lorem ipsum dolor sit amet, consectetuer adipiscing elit."
        text run at (0,20) width 367: "Nulla varius enim ac mi. Curabitur sollicitudin felis quis lectus."
        text run at (0,40) width 362: "Quisque adipiscing rhoncus sem. Proin nulla purus, vulputate"
        text run at (0,60) width 358: "vel, varius ut, euismod et, nisi. Sed vitae felis vel orci sagittis"
        text run at (0,80) width 365: "aliquam. Cras convallis adipiscing sem. Nam nonummy enim."
        text run at (0,100) width 329: "Nullam bibendum lobortis neque. Vestibulum velit orci,"
        text run at (0,120) width 309: "tempus euismod, pretium quis, interdum vitae, nulla."
        text run at (0,140) width 321: "Phasellus eget ante et tortor condimentum vestibulum."
        text run at (0,160) width 360: "Suspendisse hendrerit quam nec felis. Sed varius turpis vitae"
        text run at (0,180) width 350: "pede. Lorem ipsum dolor sit amet, consectetuer adipiscing"
        text run at (0,200) width 25: "elit. "
        text run at (25,200) width 337: "Lorem ipsum dolor sit amet, consectetuer adipiscing elit."
        text run at (0,220) width 367: "Nulla varius enim ac mi. Curabitur sollicitudin felis quis lectus."
        text run at (0,240) width 362: "Quisque adipiscing rhoncus sem. Proin nulla purus, vulputate"
        text run at (0,260) width 358: "vel, varius ut, euismod et, nisi. Sed vitae felis vel orci sagittis"
        text run at (0,280) width 365: "aliquam. Cras convallis adipiscing sem. Nam nonummy enim."
        text run at (0,300) width 329: "Nullam bibendum lobortis neque. Vestibulum velit orci,"
        text run at (0,320) width 309: "tempus euismod, pretium quis, interdum vitae, nulla."
        text run at (0,340) width 321: "Phasellus eget ante et tortor condimentum vestibulum."
        text run at (0,360) width 360: "Suspendisse hendrerit quam nec felis. Sed varius turpis vitae"
        text run at (0,380) width 350: "pede. Lorem ipsum dolor sit amet, consectetuer adipiscing"
        text run at (0,400) width 21: "elit."
    RenderBlock (generated) at (0,744) size 367x20 [bgcolor=#FFFF00]
      RenderText at (0,0) size 150x19
        text run at (0,0) width 150: "After Generated Content"
layer at (8,1396) size 760x473
  RenderBlock {DIV} at (0,1380) size 760x474 [border: (5px solid #800000)]
    RenderMultiColumnSet at (5,5) size 750x140
    RenderBlock {H2} at (5,164) size 750x28 [bgcolor=#EEEEEE]
      RenderText {#text} at (0,0) size 274x26
        text run at (0,0) width 274: "This is a spanning element."
    RenderMultiColumnSet at (5,211) size 750x257
layer at (13,1401) size 367x752
  RenderMultiColumnFlowThread at (5,5) size 367x752
    RenderBlock (generated) at (0,0) size 367x20 [bgcolor=#FFFF00]
      RenderText at (0,0) size 160x19
        text run at (0,0) width 160: "Before Generated Content"
    RenderBlock (anonymous) at (0,20) size 367x240
      RenderText {#text} at (0,0) size 367x239
        text run at (0,0) width 337: "Lorem ipsum dolor sit amet, consectetuer adipiscing elit."
        text run at (0,20) width 367: "Nulla varius enim ac mi. Curabitur sollicitudin felis quis lectus."
        text run at (0,40) width 362: "Quisque adipiscing rhoncus sem. Proin nulla purus, vulputate"
        text run at (0,60) width 358: "vel, varius ut, euismod et, nisi. Sed vitae felis vel orci sagittis"
        text run at (0,80) width 365: "aliquam. Cras convallis adipiscing sem. Nam nonummy enim."
        text run at (0,100) width 329: "Nullam bibendum lobortis neque. Vestibulum velit orci,"
        text run at (0,120) width 309: "tempus euismod, pretium quis, interdum vitae, nulla."
        text run at (0,140) width 321: "Phasellus eget ante et tortor condimentum vestibulum."
        text run at (0,160) width 360: "Suspendisse hendrerit quam nec felis. Sed varius turpis vitae"
        text run at (0,180) width 350: "pede. Lorem ipsum dolor sit amet, consectetuer adipiscing"
        text run at (0,200) width 25: "elit. "
        text run at (25,200) width 337: "Lorem ipsum dolor sit amet, consectetuer adipiscing elit."
        text run at (0,220) width 143: "Nulla varius enim ac mi."
    RenderMultiColumnSpannerPlaceholder at (0,260) size 0x0
    RenderBlock (anonymous) at (0,260) size 367x220
      RenderInline {SPAN} at (0,0) size 40x19
        RenderText {#text} at (0,0) size 40x19
          text run at (0,0) width 40: "Lorem"
      RenderText {#text} at (40,0) size 367x219
        text run at (40,0) width 297: " ipsum dolor sit amet, consectetuer adipiscing elit."
        text run at (0,20) width 367: "Nulla varius enim ac mi. Curabitur sollicitudin felis quis lectus."
        text run at (0,40) width 362: "Quisque adipiscing rhoncus sem. Proin nulla purus, vulputate"
        text run at (0,60) width 358: "vel, varius ut, euismod et, nisi. Sed vitae felis vel orci sagittis"
        text run at (0,80) width 365: "aliquam. Cras convallis adipiscing sem. Nam nonummy enim."
        text run at (0,100) width 329: "Nullam bibendum lobortis neque. Vestibulum velit orci,"
        text run at (0,120) width 309: "tempus euismod, pretium quis, interdum vitae, nulla."
        text run at (0,140) width 321: "Phasellus eget ante et tortor condimentum vestibulum."
        text run at (0,160) width 360: "Suspendisse hendrerit quam nec felis. Sed varius turpis vitae"
        text run at (0,180) width 350: "pede. Lorem ipsum dolor sit amet, consectetuer adipiscing"
        text run at (0,200) width 21: "elit."
    RenderBlock {P} at (0,496) size 367x220
      RenderText {#text} at (0,0) size 367x219
        text run at (0,0) width 337: "Lorem ipsum dolor sit amet, consectetuer adipiscing elit."
        text run at (0,20) width 367: "Nulla varius enim ac mi. Curabitur sollicitudin felis quis lectus."
        text run at (0,40) width 362: "Quisque adipiscing rhoncus sem. Proin nulla purus, vulputate"
        text run at (0,60) width 358: "vel, varius ut, euismod et, nisi. Sed vitae felis vel orci sagittis"
        text run at (0,80) width 365: "aliquam. Cras convallis adipiscing sem. Nam nonummy enim."
        text run at (0,100) width 329: "Nullam bibendum lobortis neque. Vestibulum velit orci,"
        text run at (0,120) width 309: "tempus euismod, pretium quis, interdum vitae, nulla."
        text run at (0,140) width 321: "Phasellus eget ante et tortor condimentum vestibulum."
        text run at (0,160) width 360: "Suspendisse hendrerit quam nec felis. Sed varius turpis vitae"
        text run at (0,180) width 350: "pede. Lorem ipsum dolor sit amet, consectetuer adipiscing"
        text run at (0,200) width 21: "elit."
    RenderBlock (generated) at (0,732) size 367x20 [bgcolor=#FFFF00]
      RenderText at (0,0) size 150x19
        text run at (0,0) width 150: "After Generated Content"
layer at (8,1885) size 760x473
  RenderBlock {DIV} at (0,1869) size 760x474 [border: (5px solid #800000)]
    RenderMultiColumnSet at (5,5) size 750x260
    RenderBlock {H2} at (5,284) size 750x28 [bgcolor=#EEEEEE]
      RenderText {#text} at (0,0) size 274x26
        text run at (0,0) width 274: "This is a spanning element."
    RenderMultiColumnSet at (5,331) size 750x137
layer at (13,1890) size 367x772
  RenderMultiColumnFlowThread at (5,5) size 367x772
    RenderBlock (generated) at (0,0) size 367x20 [bgcolor=#FFFF00]
      RenderText at (0,0) size 160x19
        text run at (0,0) width 160: "Before Generated Content"
    RenderBlock (anonymous) at (0,20) size 367x220
      RenderInline {SPAN} at (0,0) size 367x219
        RenderText {#text} at (0,0) size 367x219
          text run at (0,0) width 337: "Lorem ipsum dolor sit amet, consectetuer adipiscing elit."
          text run at (0,20) width 367: "Nulla varius enim ac mi. Curabitur sollicitudin felis quis lectus."
          text run at (0,40) width 362: "Quisque adipiscing rhoncus sem. Proin nulla purus, vulputate"
          text run at (0,60) width 358: "vel, varius ut, euismod et, nisi. Sed vitae felis vel orci sagittis"
          text run at (0,80) width 365: "aliquam. Cras convallis adipiscing sem. Nam nonummy enim."
          text run at (0,100) width 329: "Nullam bibendum lobortis neque. Vestibulum velit orci,"
          text run at (0,120) width 309: "tempus euismod, pretium quis, interdum vitae, nulla."
          text run at (0,140) width 321: "Phasellus eget ante et tortor condimentum vestibulum."
          text run at (0,160) width 360: "Suspendisse hendrerit quam nec felis. Sed varius turpis vitae"
          text run at (0,180) width 350: "pede. Lorem ipsum dolor sit amet, consectetuer adipiscing"
          text run at (0,200) width 21: "elit."
    RenderBlock (anonymous) at (0,240) size 367x40
      RenderBlock {SPAN} at (0,0) size 367x40
        RenderText {#text} at (0,0) size 337x39
          text run at (0,0) width 337: "Lorem ipsum dolor sit amet, consectetuer adipiscing elit."
          text run at (0,20) width 143: "Nulla varius enim ac mi."
    RenderBlock (anonymous) at (0,280) size 367x220
      RenderInline {SPAN} at (0,0) size 40x19
        RenderText {#text} at (0,0) size 40x19
          text run at (0,0) width 40: "Lorem"
      RenderText {#text} at (40,0) size 367x219
        text run at (40,0) width 297: " ipsum dolor sit amet, consectetuer adipiscing elit."
        text run at (0,20) width 367: "Nulla varius enim ac mi. Curabitur sollicitudin felis quis lectus."
        text run at (0,40) width 362: "Quisque adipiscing rhoncus sem. Proin nulla purus, vulputate"
        text run at (0,60) width 358: "vel, varius ut, euismod et, nisi. Sed vitae felis vel orci sagittis"
        text run at (0,80) width 365: "aliquam. Cras convallis adipiscing sem. Nam nonummy enim."
        text run at (0,100) width 329: "Nullam bibendum lobortis neque. Vestibulum velit orci,"
        text run at (0,120) width 309: "tempus euismod, pretium quis, interdum vitae, nulla."
        text run at (0,140) width 321: "Phasellus eget ante et tortor condimentum vestibulum."
        text run at (0,160) width 360: "Suspendisse hendrerit quam nec felis. Sed varius turpis vitae"
        text run at (0,180) width 350: "pede. Lorem ipsum dolor sit amet, consectetuer adipiscing"
        text run at (0,200) width 21: "elit."
    RenderMultiColumnSpannerPlaceholder at (0,500) size 0x0
    RenderBlock {P} at (0,516) size 367x220
      RenderText {#text} at (0,0) size 367x219
        text run at (0,0) width 337: "Lorem ipsum dolor sit amet, consectetuer adipiscing elit."
        text run at (0,20) width 367: "Nulla varius enim ac mi. Curabitur sollicitudin felis quis lectus."
        text run at (0,40) width 362: "Quisque adipiscing rhoncus sem. Proin nulla purus, vulputate"
        text run at (0,60) width 358: "vel, varius ut, euismod et, nisi. Sed vitae felis vel orci sagittis"
        text run at (0,80) width 365: "aliquam. Cras convallis adipiscing sem. Nam nonummy enim."
        text run at (0,100) width 329: "Nullam bibendum lobortis neque. Vestibulum velit orci,"
        text run at (0,120) width 309: "tempus euismod, pretium quis, interdum vitae, nulla."
        text run at (0,140) width 321: "Phasellus eget ante et tortor condimentum vestibulum."
        text run at (0,160) width 360: "Suspendisse hendrerit quam nec felis. Sed varius turpis vitae"
        text run at (0,180) width 350: "pede. Lorem ipsum dolor sit amet, consectetuer adipiscing"
        text run at (0,200) width 21: "elit."
    RenderBlock (generated) at (0,752) size 367x20 [bgcolor=#FFFF00]
      RenderText at (0,0) size 150x19
        text run at (0,0) width 150: "After Generated Content"
layer at (8,2374) size 760x479
  RenderBlock {DIV} at (0,2358) size 760x479 [border: (5px solid #800000)]
    RenderMultiColumnSet at (5,5) size 750x282
    RenderBlock {H2} at (5,306) size 750x28 [bgcolor=#EEEEEE]
      RenderText {#text} at (0,0) size 274x26
        text run at (0,0) width 274: "This is a spanning element."
    RenderMultiColumnSet at (5,353) size 750x121
layer at (13,2379) size 367x804 backgroundClip at (0,0) size 785x2869 clip at (0,0) size 785x2869
  RenderMultiColumnFlowThread at (5,5) size 367x804
    RenderBlock (generated) at (0,0) size 367x20 [bgcolor=#FFFF00]
      RenderText at (0,0) size 160x19
        text run at (0,0) width 160: "Before Generated Content"
    RenderBlock {P} at (0,36) size 367x220
      RenderText {#text} at (0,0) size 367x219
        text run at (0,0) width 337: "Lorem ipsum dolor sit amet, consectetuer adipiscing elit."
        text run at (0,20) width 367: "Nulla varius enim ac mi. Curabitur sollicitudin felis quis lectus."
        text run at (0,40) width 362: "Quisque adipiscing rhoncus sem. Proin nulla purus, vulputate"
        text run at (0,60) width 358: "vel, varius ut, euismod et, nisi. Sed vitae felis vel orci sagittis"
        text run at (0,80) width 365: "aliquam. Cras convallis adipiscing sem. Nam nonummy enim."
        text run at (0,100) width 329: "Nullam bibendum lobortis neque. Vestibulum velit orci,"
        text run at (0,120) width 309: "tempus euismod, pretium quis, interdum vitae, nulla."
        text run at (0,140) width 321: "Phasellus eget ante et tortor condimentum vestibulum."
        text run at (0,160) width 360: "Suspendisse hendrerit quam nec felis. Sed varius turpis vitae"
        text run at (0,180) width 350: "pede. Lorem ipsum dolor sit amet, consectetuer adipiscing"
        text run at (0,200) width 21: "elit."
    RenderBlock {P} at (0,282) size 367x40
      RenderText {#text} at (0,0) size 337x39
        text run at (0,0) width 337: "Lorem ipsum dolor sit amet, consectetuer adipiscing elit."
        text run at (0,20) width 143: "Nulla varius enim ac mi."
    RenderBlock {P} at (0,338) size 367x220
      RenderText {#text} at (0,0) size 367x219
        text run at (0,0) width 337: "Lorem ipsum dolor sit amet, consectetuer adipiscing elit."
        text run at (0,20) width 367: "Nulla varius enim ac mi. Curabitur sollicitudin felis quis lectus."
        text run at (0,40) width 362: "Quisque adipiscing rhoncus sem. Proin nulla purus, vulputate"
        text run at (0,60) width 358: "vel, varius ut, euismod et, nisi. Sed vitae felis vel orci sagittis"
        text run at (0,80) width 365: "aliquam. Cras convallis adipiscing sem. Nam nonummy enim."
        text run at (0,100) width 329: "Nullam bibendum lobortis neque. Vestibulum velit orci,"
        text run at (0,120) width 309: "tempus euismod, pretium quis, interdum vitae, nulla."
        text run at (0,140) width 321: "Phasellus eget ante et tortor condimentum vestibulum."
        text run at (0,160) width 360: "Suspendisse hendrerit quam nec felis. Sed varius turpis vitae"
        text run at (0,180) width 350: "pede. Lorem ipsum dolor sit amet, consectetuer adipiscing"
        text run at (0,200) width 21: "elit."
    RenderMultiColumnSpannerPlaceholder at (0,564) size 0x0
    RenderBlock (anonymous) at (0,564) size 367x20
      RenderInline {SPAN} at (0,0) size 337x19
        RenderText {#text} at (0,0) size 337x19
          text run at (0,0) width 337: "Lorem ipsum dolor sit amet, consectetuer adipiscing elit."
    RenderBlock (anonymous) at (0,584) size 367x20
      RenderBlock {SPAN} at (0,0) size 367x20
        RenderText {#text} at (0,0) size 143x19
          text run at (0,0) width 143: "Nulla varius enim ac mi."
    RenderBlock (anonymous) at (0,604) size 367x180
      RenderInline {SPAN} at (0,0) size 364x179
        RenderText {#text} at (0,0) size 364x179
          text run at (0,0) width 337: "Curabitur sollicitudin felis quis lectus. Quisque adipiscing"
          text run at (0,20) width 328: "rhoncus sem. Proin nulla purus, vulputate vel, varius ut,"
          text run at (0,40) width 362: "euismod et, nisi. Sed vitae felis vel orci sagittis aliquam. Cras"
          text run at (0,60) width 325: "convallis adipiscing sem. Nam nonummy enim. Nullam"
          text run at (0,80) width 329: "bibendum lobortis neque. Vestibulum velit orci, tempus"
          text run at (0,100) width 350: "euismod, pretium quis, interdum vitae, nulla. Phasellus eget"
          text run at (0,120) width 311: "ante et tortor condimentum vestibulum. Suspendisse"
          text run at (0,140) width 364: "hendrerit quam nec felis. Sed varius turpis vitae pede. Lorem"
          text run at (0,160) width 293: "ipsum dolor sit amet, consectetuer adipiscing elit."
      RenderText {#text} at (0,0) size 0x0
    RenderBlock (generated) at (0,784) size 367x20 [bgcolor=#FFFF00]
      RenderText at (0,0) size 150x19
        text run at (0,0) width 150: "After Generated Content"
