layer at (0,0) size 785x1291
  RenderView at (0,0) size 785x600
layer at (0,0) size 785x1291
  RenderBlock {HTML} at (0,0) size 785x1292
    RenderBody {BODY} at (8,16) size 769x1260
layer at (8,16) size 760x408
  RenderBlock {DIV} at (0,0) size 760x408 [border: (5px solid #800000)]
    RenderMultiColumnSet at (5,5) size 750x8
    RenderBlock {H2} at (5,32) size 750x29 [bgcolor=#EEEEEE]
      RenderText {#text} at (0,0) size 664x28
        text run at (0,0) width 664: "This is a spanning element at the beginning of the columns block."
    RenderMultiColumnSet at (5,80) size 750x323
layer at (13,21) size 367x636
  RenderMultiColumnFlowThread at (5,5) size 367x636
    RenderBlock {SPAN} at (0,8) size 367x198 [color=#FFFFFF] [bgcolor=#000000]
      RenderMultiColumnSpannerPlaceholder at (0,0) size 0x0
      RenderBlock (anonymous) at (0,0) size 367x198
        RenderText {#text} at (0,0) size 362x198
          text run at (0,0) width 354: "Lorem ipsum dolor sit amet, consectetuer adipiscing elit."
          text run at (0,18) width 351: "Nulla varius enim ac mi. Curabitur sollicitudin felis quis"
          text run at (0,36) width 325: "lectus. Quisque adipiscing rhoncus sem. Proin nulla"
          text run at (0,54) width 358: "purus, vulputate vel, varius ut, euismod et, nisi. Sed vitae"
          text run at (0,72) width 343: "felis vel orci sagittis aliquam. Cras convallis adipiscing"
          text run at (0,90) width 340: "sem. Nam nonummy enim. Nullam bibendum lobortis"
          text run at (0,108) width 344: "neque. Vestibulum velit orci, tempus euismod, pretium"
          text run at (0,126) width 343: "quis, interdum vitae, nulla. Phasellus eget ante et tortor"
          text run at (0,144) width 343: "condimentum vestibulum. Suspendisse hendrerit quam"
          text run at (0,162) width 362: "nec felis. Sed varius turpis vitae pede. Lorem ipsum dolor"
          text run at (0,180) width 229: "sit amet, consectetuer adipiscing elit."
    RenderBlock (anonymous) at (0,222) size 367x414
      RenderText {#text} at (0,0) size 363x414
        text run at (0,0) width 354: "Lorem ipsum dolor sit amet, consectetuer adipiscing elit."
        text run at (0,18) width 351: "Nulla varius enim ac mi. Curabitur sollicitudin felis quis"
        text run at (0,36) width 325: "lectus. Quisque adipiscing rhoncus sem. Proin nulla"
        text run at (0,54) width 358: "purus, vulputate vel, varius ut, euismod et, nisi. Sed vitae"
        text run at (0,72) width 343: "felis vel orci sagittis aliquam. Cras convallis adipiscing"
        text run at (0,90) width 340: "sem. Nam nonummy enim. Nullam bibendum lobortis"
        text run at (0,108) width 344: "neque. Vestibulum velit orci, tempus euismod, pretium"
        text run at (0,126) width 343: "quis, interdum vitae, nulla. Phasellus eget ante et tortor"
        text run at (0,144) width 343: "condimentum vestibulum. Suspendisse hendrerit quam"
        text run at (0,162) width 362: "nec felis. Sed varius turpis vitae pede. Lorem ipsum dolor"
        text run at (0,180) width 233: "sit amet, consectetuer adipiscing elit. "
        text run at (233,180) width 121: "Lorem ipsum dolor"
        text run at (0,198) width 363: "sit amet, consectetuer adipiscing elit. Nulla varius enim ac"
        text run at (0,216) width 318: "mi. Curabitur sollicitudin felis quis lectus. Quisque"
        text run at (0,234) width 356: "adipiscing rhoncus sem. Proin nulla purus, vulputate vel,"
        text run at (0,252) width 354: "varius ut, euismod et, nisi. Sed vitae felis vel orci sagittis"
        text run at (0,270) width 351: "aliquam. Cras convallis adipiscing sem. Nam nonummy"
        text run at (0,288) width 358: "enim. Nullam bibendum lobortis neque. Vestibulum velit"
        text run at (0,306) width 361: "orci, tempus euismod, pretium quis, interdum vitae, nulla."
        text run at (0,324) width 339: "Phasellus eget ante et tortor condimentum vestibulum."
        text run at (0,342) width 345: "Suspendisse hendrerit quam nec felis. Sed varius turpis"
        text run at (0,360) width 331: "vitae pede. Lorem ipsum dolor sit amet, consectetuer"
        text run at (0,378) width 95: "adipiscing elit. "
        text run at (95,378) width 259: "Lorem ipsum dolor sit amet, consectetuer"
        text run at (0,396) width 249: "adipiscing elit. Nulla varius enim ac mi."
layer at (8,440) size 760x410
  RenderBlock {DIV} at (0,423) size 760x411 [border: (5px solid #800000)]
    RenderMultiColumnSet at (5,5) size 750x324
    RenderBlock {H2} at (5,348) size 750x29 [bgcolor=#EEEEEE]
      RenderText {#text} at (0,0) size 600x28
        text run at (0,0) width 600: "This is a spanning element at the end of the columns block."
    RenderMultiColumnSet at (5,396) size 750x9
layer at (13,445) size 367x662
  RenderMultiColumnFlowThread at (5,5) size 367x662
    RenderBlock (anonymous) at (0,0) size 367x396
      RenderText {#text} at (0,0) size 363x396
        text run at (0,0) width 354: "Lorem ipsum dolor sit amet, consectetuer adipiscing elit."
        text run at (0,18) width 351: "Nulla varius enim ac mi. Curabitur sollicitudin felis quis"
        text run at (0,36) width 325: "lectus. Quisque adipiscing rhoncus sem. Proin nulla"
        text run at (0,54) width 358: "purus, vulputate vel, varius ut, euismod et, nisi. Sed vitae"
        text run at (0,72) width 343: "felis vel orci sagittis aliquam. Cras convallis adipiscing"
        text run at (0,90) width 340: "sem. Nam nonummy enim. Nullam bibendum lobortis"
        text run at (0,108) width 344: "neque. Vestibulum velit orci, tempus euismod, pretium"
        text run at (0,126) width 343: "quis, interdum vitae, nulla. Phasellus eget ante et tortor"
        text run at (0,144) width 343: "condimentum vestibulum. Suspendisse hendrerit quam"
        text run at (0,162) width 362: "nec felis. Sed varius turpis vitae pede. Lorem ipsum dolor"
        text run at (0,180) width 233: "sit amet, consectetuer adipiscing elit. "
        text run at (233,180) width 121: "Lorem ipsum dolor"
        text run at (0,198) width 363: "sit amet, consectetuer adipiscing elit. Nulla varius enim ac"
        text run at (0,216) width 318: "mi. Curabitur sollicitudin felis quis lectus. Quisque"
        text run at (0,234) width 356: "adipiscing rhoncus sem. Proin nulla purus, vulputate vel,"
        text run at (0,252) width 354: "varius ut, euismod et, nisi. Sed vitae felis vel orci sagittis"
        text run at (0,270) width 351: "aliquam. Cras convallis adipiscing sem. Nam nonummy"
        text run at (0,288) width 358: "enim. Nullam bibendum lobortis neque. Vestibulum velit"
        text run at (0,306) width 361: "orci, tempus euismod, pretium quis, interdum vitae, nulla."
        text run at (0,324) width 339: "Phasellus eget ante et tortor condimentum vestibulum."
        text run at (0,342) width 345: "Suspendisse hendrerit quam nec felis. Sed varius turpis"
        text run at (0,360) width 331: "vitae pede. Lorem ipsum dolor sit amet, consectetuer"
        text run at (0,378) width 91: "adipiscing elit."
    RenderBlock {SPAN} at (0,412) size 367x234 [color=#FFFFFF] [bgcolor=#000000]
      RenderBlock (anonymous) at (0,0) size 367x234
        RenderText {#text} at (0,0) size 363x234
          text run at (0,0) width 354: "Lorem ipsum dolor sit amet, consectetuer adipiscing elit."
          text run at (0,18) width 351: "Nulla varius enim ac mi. Curabitur sollicitudin felis quis"
          text run at (0,36) width 325: "lectus. Quisque adipiscing rhoncus sem. Proin nulla"
          text run at (0,54) width 358: "purus, vulputate vel, varius ut, euismod et, nisi. Sed vitae"
          text run at (0,72) width 343: "felis vel orci sagittis aliquam. Cras convallis adipiscing"
          text run at (0,90) width 340: "sem. Nam nonummy enim. Nullam bibendum lobortis"
          text run at (0,108) width 344: "neque. Vestibulum velit orci, tempus euismod, pretium"
          text run at (0,126) width 343: "quis, interdum vitae, nulla. Phasellus eget ante et tortor"
          text run at (0,144) width 343: "condimentum vestibulum. Suspendisse hendrerit quam"
          text run at (0,162) width 362: "nec felis. Sed varius turpis vitae pede. Lorem ipsum dolor"
          text run at (0,180) width 233: "sit amet, consectetuer adipiscing elit. "
          text run at (233,180) width 121: "Lorem ipsum dolor"
          text run at (0,198) width 363: "sit amet, consectetuer adipiscing elit. Nulla varius enim ac"
          text run at (0,216) width 20: "mi."
      RenderMultiColumnSpannerPlaceholder at (0,234) size 0x0
layer at (8,866) size 760x409
  RenderBlock {DIV} at (0,849) size 760x411 [border: (5px solid #800000)]
    RenderMultiColumnSet at (5,5) size 750x126
    RenderBlock {H2} at (5,150) size 750x29 [bgcolor=#EEEEEE]
      RenderText {#text} at (0,0) size 634x28
        text run at (0,0) width 634: "This is a spanning element in the middle of the columns block."
    RenderMultiColumnSet at (5,198) size 750x207
layer at (13,871) size 367x654 backgroundClip at (0,0) size 785x1291 clip at (0,0) size 785x1291
  RenderMultiColumnFlowThread at (5,5) size 367x654
    RenderBlock (anonymous) at (0,0) size 367x198
      RenderText {#text} at (0,0) size 362x198
        text run at (0,0) width 354: "Lorem ipsum dolor sit amet, consectetuer adipiscing elit."
        text run at (0,18) width 351: "Nulla varius enim ac mi. Curabitur sollicitudin felis quis"
        text run at (0,36) width 325: "lectus. Quisque adipiscing rhoncus sem. Proin nulla"
        text run at (0,54) width 358: "purus, vulputate vel, varius ut, euismod et, nisi. Sed vitae"
        text run at (0,72) width 343: "felis vel orci sagittis aliquam. Cras convallis adipiscing"
        text run at (0,90) width 340: "sem. Nam nonummy enim. Nullam bibendum lobortis"
        text run at (0,108) width 344: "neque. Vestibulum velit orci, tempus euismod, pretium"
        text run at (0,126) width 343: "quis, interdum vitae, nulla. Phasellus eget ante et tortor"
        text run at (0,144) width 343: "condimentum vestibulum. Suspendisse hendrerit quam"
        text run at (0,162) width 362: "nec felis. Sed varius turpis vitae pede. Lorem ipsum dolor"
        text run at (0,180) width 229: "sit amet, consectetuer adipiscing elit."
    RenderBlock {SPAN} at (0,214) size 367x234 [color=#FFFFFF] [bgcolor=#000000]
      RenderBlock (anonymous) at (0,0) size 367x36
        RenderText {#text} at (0,0) size 354x36
          text run at (0,0) width 354: "Lorem ipsum dolor sit amet, consectetuer adipiscing elit."
          text run at (0,18) width 154: "Nulla varius enim ac mi."
      RenderMultiColumnSpannerPlaceholder at (0,36) size 0x0
      RenderBlock (anonymous) at (0,36) size 367x198
        RenderText {#text} at (0,0) size 362x198
          text run at (0,0) width 354: "Lorem ipsum dolor sit amet, consectetuer adipiscing elit."
          text run at (0,18) width 351: "Nulla varius enim ac mi. Curabitur sollicitudin felis quis"
          text run at (0,36) width 325: "lectus. Quisque adipiscing rhoncus sem. Proin nulla"
          text run at (0,54) width 358: "purus, vulputate vel, varius ut, euismod et, nisi. Sed vitae"
          text run at (0,72) width 343: "felis vel orci sagittis aliquam. Cras convallis adipiscing"
          text run at (0,90) width 340: "sem. Nam nonummy enim. Nullam bibendum lobortis"
          text run at (0,108) width 344: "neque. Vestibulum velit orci, tempus euismod, pretium"
          text run at (0,126) width 343: "quis, interdum vitae, nulla. Phasellus eget ante et tortor"
          text run at (0,144) width 343: "condimentum vestibulum. Suspendisse hendrerit quam"
          text run at (0,162) width 362: "nec felis. Sed varius turpis vitae pede. Lorem ipsum dolor"
          text run at (0,180) width 229: "sit amet, consectetuer adipiscing elit."
    RenderBlock (anonymous) at (0,456) size 367x198
      RenderText {#text} at (0,0) size 362x198
        text run at (0,0) width 354: "Lorem ipsum dolor sit amet, consectetuer adipiscing elit."
        text run at (0,18) width 351: "Nulla varius enim ac mi. Curabitur sollicitudin felis quis"
        text run at (0,36) width 325: "lectus. Quisque adipiscing rhoncus sem. Proin nulla"
        text run at (0,54) width 358: "purus, vulputate vel, varius ut, euismod et, nisi. Sed vitae"
        text run at (0,72) width 343: "felis vel orci sagittis aliquam. Cras convallis adipiscing"
        text run at (0,90) width 340: "sem. Nam nonummy enim. Nullam bibendum lobortis"
        text run at (0,108) width 344: "neque. Vestibulum velit orci, tempus euismod, pretium"
        text run at (0,126) width 343: "quis, interdum vitae, nulla. Phasellus eget ante et tortor"
        text run at (0,144) width 343: "condimentum vestibulum. Suspendisse hendrerit quam"
        text run at (0,162) width 362: "nec felis. Sed varius turpis vitae pede. Lorem ipsum dolor"
        text run at (0,180) width 229: "sit amet, consectetuer adipiscing elit."
