layer at (0,0) size 785x3568
  RenderView at (0,0) size 785x600
layer at (0,0) size 785x3568
  RenderBlock {HTML} at (0,0) size 785x3568
    RenderBody {BODY} at (8,16) size 769x3536
layer at (8,16) size 760x397
  RenderBlock {DIV} at (0,0) size 760x397 [border: (5px solid #800000)]
    RenderBlock {H2} at (5,24) size 750x28 [bgcolor=#EEEEEE]
      RenderText {#text} at (0,0) size 660x26
        text run at (0,0) width 660: "This is a spanning element at the beginning of the columns block."
    RenderMultiColumnSet at (5,71) size 750x321
layer at (13,21) size 367x640
  RenderMultiColumnFlowThread at (5,5) size 367x640
    RenderMultiColumnSpannerPlaceholder at (0,0) size 0x0
    RenderBlock (anonymous) at (0,0) size 367x640
      RenderText {#text} at (0,0) size 367x639
        text run at (0,0) width 337: "Lorem ipsum dolor sit amet, consectetuer adipiscing elit."
        text run at (0,20) width 367: "Nulla varius enim ac mi. Curabitur sollicitudin felis quis lectus."
        text run at (0,40) width 362: "Quisque adipiscing rhoncus sem. Proin nulla purus, vulputate"
        text run at (0,60) width 358: "vel, varius ut, euismod et, nisi. Sed vitae felis vel orci sagittis"
        text run at (0,80) width 365: "aliquam. Cras convallis adipiscing sem. Nam nonummy enim."
        text run at (0,100) width 329: "Nullam bibendum lobortis neque. Vestibulum velit orci,"
        text run at (0,120) width 309: "tempus euismod, pretium quis, interdum vitae, nulla."
        text run at (0,140) width 321: "Phasellus eget ante et tortor condimentum vestibulum."
        text run at (0,160) width 360: "Suspendisse hendrerit quam nec felis. Sed varius turpis vitae"
        text run at (0,180) width 350: "pede. Lorem ipsum dolor sit amet, consectetuer adipiscing"
        text run at (0,200) width 25: "elit. "
        text run at (25,200) width 337: "Lorem ipsum dolor sit amet, consectetuer adipiscing elit."
        text run at (0,220) width 367: "Nulla varius enim ac mi. Curabitur sollicitudin felis quis lectus."
        text run at (0,240) width 362: "Quisque adipiscing rhoncus sem. Proin nulla purus, vulputate"
        text run at (0,260) width 358: "vel, varius ut, euismod et, nisi. Sed vitae felis vel orci sagittis"
        text run at (0,280) width 365: "aliquam. Cras convallis adipiscing sem. Nam nonummy enim."
        text run at (0,300) width 329: "Nullam bibendum lobortis neque. Vestibulum velit orci,"
        text run at (0,320) width 309: "tempus euismod, pretium quis, interdum vitae, nulla."
        text run at (0,340) width 321: "Phasellus eget ante et tortor condimentum vestibulum."
        text run at (0,360) width 360: "Suspendisse hendrerit quam nec felis. Sed varius turpis vitae"
        text run at (0,380) width 350: "pede. Lorem ipsum dolor sit amet, consectetuer adipiscing"
        text run at (0,400) width 25: "elit. "
        text run at (25,400) width 337: "Lorem ipsum dolor sit amet, consectetuer adipiscing elit."
        text run at (0,420) width 367: "Nulla varius enim ac mi. Curabitur sollicitudin felis quis lectus."
        text run at (0,440) width 362: "Quisque adipiscing rhoncus sem. Proin nulla purus, vulputate"
        text run at (0,460) width 358: "vel, varius ut, euismod et, nisi. Sed vitae felis vel orci sagittis"
        text run at (0,480) width 365: "aliquam. Cras convallis adipiscing sem. Nam nonummy enim."
        text run at (0,500) width 329: "Nullam bibendum lobortis neque. Vestibulum velit orci,"
        text run at (0,520) width 309: "tempus euismod, pretium quis, interdum vitae, nulla."
        text run at (0,540) width 321: "Phasellus eget ante et tortor condimentum vestibulum."
        text run at (0,560) width 360: "Suspendisse hendrerit quam nec felis. Sed varius turpis vitae"
        text run at (0,580) width 350: "pede. Lorem ipsum dolor sit amet, consectetuer adipiscing"
        text run at (0,600) width 25: "elit. "
        text run at (25,600) width 337: "Lorem ipsum dolor sit amet, consectetuer adipiscing elit."
        text run at (0,620) width 143: "Nulla varius enim ac mi."
layer at (8,429) size 760x397
  RenderBlock {DIV} at (0,412) size 760x398 [border: (5px solid #800000)]
    RenderMultiColumnSet at (5,5) size 750x320
    RenderBlock {H2} at (5,344) size 750x28 [bgcolor=#EEEEEE]
      RenderText {#text} at (0,0) size 596x26
        text run at (0,0) width 596: "This is a spanning element at the end of the columns block."
    RenderMultiColumnSet at (5,391) size 750x0
layer at (13,434) size 367x640
  RenderMultiColumnFlowThread at (5,5) size 367x640
    RenderBlock (anonymous) at (0,0) size 367x640
      RenderText {#text} at (0,0) size 367x639
        text run at (0,0) width 337: "Lorem ipsum dolor sit amet, consectetuer adipiscing elit."
        text run at (0,20) width 367: "Nulla varius enim ac mi. Curabitur sollicitudin felis quis lectus."
        text run at (0,40) width 362: "Quisque adipiscing rhoncus sem. Proin nulla purus, vulputate"
        text run at (0,60) width 358: "vel, varius ut, euismod et, nisi. Sed vitae felis vel orci sagittis"
        text run at (0,80) width 365: "aliquam. Cras convallis adipiscing sem. Nam nonummy enim."
        text run at (0,100) width 329: "Nullam bibendum lobortis neque. Vestibulum velit orci,"
        text run at (0,120) width 309: "tempus euismod, pretium quis, interdum vitae, nulla."
        text run at (0,140) width 321: "Phasellus eget ante et tortor condimentum vestibulum."
        text run at (0,160) width 360: "Suspendisse hendrerit quam nec felis. Sed varius turpis vitae"
        text run at (0,180) width 350: "pede. Lorem ipsum dolor sit amet, consectetuer adipiscing"
        text run at (0,200) width 25: "elit. "
        text run at (25,200) width 337: "Lorem ipsum dolor sit amet, consectetuer adipiscing elit."
        text run at (0,220) width 367: "Nulla varius enim ac mi. Curabitur sollicitudin felis quis lectus."
        text run at (0,240) width 362: "Quisque adipiscing rhoncus sem. Proin nulla purus, vulputate"
        text run at (0,260) width 358: "vel, varius ut, euismod et, nisi. Sed vitae felis vel orci sagittis"
        text run at (0,280) width 365: "aliquam. Cras convallis adipiscing sem. Nam nonummy enim."
        text run at (0,300) width 329: "Nullam bibendum lobortis neque. Vestibulum velit orci,"
        text run at (0,320) width 309: "tempus euismod, pretium quis, interdum vitae, nulla."
        text run at (0,340) width 321: "Phasellus eget ante et tortor condimentum vestibulum."
        text run at (0,360) width 360: "Suspendisse hendrerit quam nec felis. Sed varius turpis vitae"
        text run at (0,380) width 350: "pede. Lorem ipsum dolor sit amet, consectetuer adipiscing"
        text run at (0,400) width 25: "elit. "
        text run at (25,400) width 337: "Lorem ipsum dolor sit amet, consectetuer adipiscing elit."
        text run at (0,420) width 367: "Nulla varius enim ac mi. Curabitur sollicitudin felis quis lectus."
        text run at (0,440) width 362: "Quisque adipiscing rhoncus sem. Proin nulla purus, vulputate"
        text run at (0,460) width 358: "vel, varius ut, euismod et, nisi. Sed vitae felis vel orci sagittis"
        text run at (0,480) width 365: "aliquam. Cras convallis adipiscing sem. Nam nonummy enim."
        text run at (0,500) width 329: "Nullam bibendum lobortis neque. Vestibulum velit orci,"
        text run at (0,520) width 309: "tempus euismod, pretium quis, interdum vitae, nulla."
        text run at (0,540) width 321: "Phasellus eget ante et tortor condimentum vestibulum."
        text run at (0,560) width 360: "Suspendisse hendrerit quam nec felis. Sed varius turpis vitae"
        text run at (0,580) width 350: "pede. Lorem ipsum dolor sit amet, consectetuer adipiscing"
        text run at (0,600) width 25: "elit. "
        text run at (25,600) width 337: "Lorem ipsum dolor sit amet, consectetuer adipiscing elit."
        text run at (0,620) width 143: "Nulla varius enim ac mi."
    RenderMultiColumnSpannerPlaceholder at (0,640) size 0x0
layer at (8,842) size 760x416
  RenderBlock {DIV} at (0,825) size 760x418 [border: (5px solid #800000)]
    RenderMultiColumnSet at (5,5) size 750x120
    RenderBlock {H2} at (5,144) size 750x28 [bgcolor=#EEEEEE]
      RenderText {#text} at (0,0) size 629x26
        text run at (0,0) width 629: "This is a spanning element in the middle of the columns block."
    RenderMultiColumnSet at (5,191) size 750x221
layer at (13,847) size 367x660
  RenderMultiColumnFlowThread at (5,5) size 367x660
    RenderBlock (anonymous) at (0,0) size 367x240
      RenderText {#text} at (0,0) size 367x239
        text run at (0,0) width 337: "Lorem ipsum dolor sit amet, consectetuer adipiscing elit."
        text run at (0,20) width 367: "Nulla varius enim ac mi. Curabitur sollicitudin felis quis lectus."
        text run at (0,40) width 362: "Quisque adipiscing rhoncus sem. Proin nulla purus, vulputate"
        text run at (0,60) width 358: "vel, varius ut, euismod et, nisi. Sed vitae felis vel orci sagittis"
        text run at (0,80) width 365: "aliquam. Cras convallis adipiscing sem. Nam nonummy enim."
        text run at (0,100) width 329: "Nullam bibendum lobortis neque. Vestibulum velit orci,"
        text run at (0,120) width 309: "tempus euismod, pretium quis, interdum vitae, nulla."
        text run at (0,140) width 321: "Phasellus eget ante et tortor condimentum vestibulum."
        text run at (0,160) width 360: "Suspendisse hendrerit quam nec felis. Sed varius turpis vitae"
        text run at (0,180) width 350: "pede. Lorem ipsum dolor sit amet, consectetuer adipiscing"
        text run at (0,200) width 25: "elit. "
        text run at (25,200) width 337: "Lorem ipsum dolor sit amet, consectetuer adipiscing elit."
        text run at (0,220) width 143: "Nulla varius enim ac mi."
    RenderMultiColumnSpannerPlaceholder at (0,240) size 0x0
    RenderBlock (anonymous) at (0,240) size 367x420
      RenderText {#text} at (0,0) size 367x419
        text run at (0,0) width 337: "Lorem ipsum dolor sit amet, consectetuer adipiscing elit."
        text run at (0,20) width 367: "Nulla varius enim ac mi. Curabitur sollicitudin felis quis lectus."
        text run at (0,40) width 362: "Quisque adipiscing rhoncus sem. Proin nulla purus, vulputate"
        text run at (0,60) width 358: "vel, varius ut, euismod et, nisi. Sed vitae felis vel orci sagittis"
        text run at (0,80) width 365: "aliquam. Cras convallis adipiscing sem. Nam nonummy enim."
        text run at (0,100) width 329: "Nullam bibendum lobortis neque. Vestibulum velit orci,"
        text run at (0,120) width 309: "tempus euismod, pretium quis, interdum vitae, nulla."
        text run at (0,140) width 321: "Phasellus eget ante et tortor condimentum vestibulum."
        text run at (0,160) width 360: "Suspendisse hendrerit quam nec felis. Sed varius turpis vitae"
        text run at (0,180) width 350: "pede. Lorem ipsum dolor sit amet, consectetuer adipiscing"
        text run at (0,200) width 25: "elit. "
        text run at (25,200) width 337: "Lorem ipsum dolor sit amet, consectetuer adipiscing elit."
        text run at (0,220) width 367: "Nulla varius enim ac mi. Curabitur sollicitudin felis quis lectus."
        text run at (0,240) width 362: "Quisque adipiscing rhoncus sem. Proin nulla purus, vulputate"
        text run at (0,260) width 358: "vel, varius ut, euismod et, nisi. Sed vitae felis vel orci sagittis"
        text run at (0,280) width 365: "aliquam. Cras convallis adipiscing sem. Nam nonummy enim."
        text run at (0,300) width 329: "Nullam bibendum lobortis neque. Vestibulum velit orci,"
        text run at (0,320) width 309: "tempus euismod, pretium quis, interdum vitae, nulla."
        text run at (0,340) width 321: "Phasellus eget ante et tortor condimentum vestibulum."
        text run at (0,360) width 360: "Suspendisse hendrerit quam nec felis. Sed varius turpis vitae"
        text run at (0,380) width 350: "pede. Lorem ipsum dolor sit amet, consectetuer adipiscing"
        text run at (0,400) width 21: "elit."
layer at (8,1274) size 760x378
  RenderBlock {DIV} at (0,1258) size 760x379 [border: (5px solid #800000)]
    RenderMultiColumnSet at (5,5) size 750x368
layer at (13,1279) size 367x728
  RenderMultiColumnFlowThread at (5,5) size 367x728
    RenderText {#text} at (0,0) size 367x245
      text run at (0,0) width 337: "Lorem ipsum dolor sit amet, consectetuer adipiscing elit."
      text run at (0,20) width 367: "Nulla varius enim ac mi. Curabitur sollicitudin felis quis lectus."
      text run at (0,40) width 362: "Quisque adipiscing rhoncus sem. Proin nulla purus, vulputate"
      text run at (0,60) width 358: "vel, varius ut, euismod et, nisi. Sed vitae felis vel orci sagittis"
      text run at (0,80) width 365: "aliquam. Cras convallis adipiscing sem. Nam nonummy enim."
      text run at (0,100) width 329: "Nullam bibendum lobortis neque. Vestibulum velit orci,"
      text run at (0,120) width 309: "tempus euismod, pretium quis, interdum vitae, nulla."
      text run at (0,140) width 321: "Phasellus eget ante et tortor condimentum vestibulum."
      text run at (0,160) width 360: "Suspendisse hendrerit quam nec felis. Sed varius turpis vitae"
      text run at (0,180) width 350: "pede. Lorem ipsum dolor sit amet, consectetuer adipiscing"
      text run at (0,200) width 25: "elit. "
      text run at (25,200) width 337: "Lorem ipsum dolor sit amet, consectetuer adipiscing elit."
      text run at (0,226) width 147: "Nulla varius enim ac mi. "
    RenderInline {H2} at (0,0) size 353x107 [bgcolor=#EEEEEE]
      RenderText {#text} at (147,220) size 353x107
        text run at (147,220) width 182: "This is a spanning"
        text run at (0,247) width 353: "element with an original display of"
        text run at (0,274) width 351: "inline in the middle of the columns"
        text run at (0,301) width 62: "block."
    RenderText {#text} at (62,307) size 365x420
      text run at (62,307) width 253: " Lorem ipsum dolor sit amet, consectetuer"
      text run at (0,328) width 358: "adipiscing elit. Nulla varius enim ac mi. Curabitur sollicitudin"
      text run at (0,348) width 360: "felis quis lectus. Quisque adipiscing rhoncus sem. Proin nulla"
      text run at (0,368) width 365: "purus, vulputate vel, varius ut, euismod et, nisi. Sed vitae felis"
      text run at (0,388) width 359: "vel orci sagittis aliquam. Cras convallis adipiscing sem. Nam"
      text run at (0,408) width 297: "nonummy enim. Nullam bibendum lobortis neque."
      text run at (0,428) width 312: "Vestibulum velit orci, tempus euismod, pretium quis,"
      text run at (0,448) width 293: "interdum vitae, nulla. Phasellus eget ante et tortor"
      text run at (0,468) width 348: "condimentum vestibulum. Suspendisse hendrerit quam nec"
      text run at (0,488) width 337: "felis. Sed varius turpis vitae pede. Lorem ipsum dolor sit"
      text run at (0,508) width 205: "amet, consectetuer adipiscing elit. "
      text run at (205,508) width 132: "Lorem ipsum dolor sit"
      text run at (0,528) width 348: "amet, consectetuer adipiscing elit. Nulla varius enim ac mi."
      text run at (0,548) width 337: "Curabitur sollicitudin felis quis lectus. Quisque adipiscing"
      text run at (0,568) width 328: "rhoncus sem. Proin nulla purus, vulputate vel, varius ut,"
      text run at (0,588) width 362: "euismod et, nisi. Sed vitae felis vel orci sagittis aliquam. Cras"
      text run at (0,608) width 325: "convallis adipiscing sem. Nam nonummy enim. Nullam"
      text run at (0,628) width 329: "bibendum lobortis neque. Vestibulum velit orci, tempus"
      text run at (0,648) width 350: "euismod, pretium quis, interdum vitae, nulla. Phasellus eget"
      text run at (0,668) width 311: "ante et tortor condimentum vestibulum. Suspendisse"
      text run at (0,688) width 364: "hendrerit quam nec felis. Sed varius turpis vitae pede. Lorem"
      text run at (0,708) width 293: "ipsum dolor sit amet, consectetuer adipiscing elit."
layer at (8,1668) size 760x410
  RenderBlock {DIV} at (0,1652) size 760x411 [border: (5px solid #800000)]
    RenderMultiColumnSet at (5,5) size 750x400
layer at (13,1673) size 367x800
  RenderMultiColumnFlowThread at (5,5) size 367x800
    RenderText {#text} at (0,0) size 367x239
      text run at (0,0) width 337: "Lorem ipsum dolor sit amet, consectetuer adipiscing elit."
      text run at (0,20) width 367: "Nulla varius enim ac mi. Curabitur sollicitudin felis quis lectus."
      text run at (0,40) width 362: "Quisque adipiscing rhoncus sem. Proin nulla purus, vulputate"
      text run at (0,60) width 358: "vel, varius ut, euismod et, nisi. Sed vitae felis vel orci sagittis"
      text run at (0,80) width 365: "aliquam. Cras convallis adipiscing sem. Nam nonummy enim."
      text run at (0,100) width 329: "Nullam bibendum lobortis neque. Vestibulum velit orci,"
      text run at (0,120) width 309: "tempus euismod, pretium quis, interdum vitae, nulla."
      text run at (0,140) width 321: "Phasellus eget ante et tortor condimentum vestibulum."
      text run at (0,160) width 360: "Suspendisse hendrerit quam nec felis. Sed varius turpis vitae"
      text run at (0,180) width 350: "pede. Lorem ipsum dolor sit amet, consectetuer adipiscing"
      text run at (0,200) width 25: "elit. "
      text run at (25,200) width 337: "Lorem ipsum dolor sit amet, consectetuer adipiscing elit."
      text run at (0,220) width 147: "Nulla varius enim ac mi. "
    RenderBlock (floating) {H2} at (0,259) size 367x82 [bgcolor=#EEEEEE]
      RenderText {#text} at (0,0) size 337x80
        text run at (0,0) width 320: "This element specifies a column"
        text run at (0,27) width 337: "span, but it is also floating, so the"
        text run at (0,54) width 324: "column-span should be ignored."
    RenderText {#text} at (147,220) size 365x579
      text run at (147,220) width 169: "Lorem ipsum dolor sit amet,"
      text run at (0,361) width 311: "consectetuer adipiscing elit. Nulla varius enim ac mi."
      text run at (0,400) width 337: "Curabitur sollicitudin felis quis lectus. Quisque adipiscing"
      text run at (0,420) width 328: "rhoncus sem. Proin nulla purus, vulputate vel, varius ut,"
      text run at (0,440) width 362: "euismod et, nisi. Sed vitae felis vel orci sagittis aliquam. Cras"
      text run at (0,460) width 325: "convallis adipiscing sem. Nam nonummy enim. Nullam"
      text run at (0,480) width 329: "bibendum lobortis neque. Vestibulum velit orci, tempus"
      text run at (0,500) width 350: "euismod, pretium quis, interdum vitae, nulla. Phasellus eget"
      text run at (0,520) width 311: "ante et tortor condimentum vestibulum. Suspendisse"
      text run at (0,540) width 364: "hendrerit quam nec felis. Sed varius turpis vitae pede. Lorem"
      text run at (0,560) width 297: "ipsum dolor sit amet, consectetuer adipiscing elit. "
      text run at (297,560) width 40: "Lorem"
      text run at (0,580) width 329: "ipsum dolor sit amet, consectetuer adipiscing elit. Nulla"
      text run at (0,600) width 331: "varius enim ac mi. Curabitur sollicitudin felis quis lectus."
      text run at (0,620) width 362: "Quisque adipiscing rhoncus sem. Proin nulla purus, vulputate"
      text run at (0,640) width 358: "vel, varius ut, euismod et, nisi. Sed vitae felis vel orci sagittis"
      text run at (0,660) width 365: "aliquam. Cras convallis adipiscing sem. Nam nonummy enim."
      text run at (0,680) width 329: "Nullam bibendum lobortis neque. Vestibulum velit orci,"
      text run at (0,700) width 309: "tempus euismod, pretium quis, interdum vitae, nulla."
      text run at (0,720) width 321: "Phasellus eget ante et tortor condimentum vestibulum."
      text run at (0,740) width 360: "Suspendisse hendrerit quam nec felis. Sed varius turpis vitae"
      text run at (0,760) width 350: "pede. Lorem ipsum dolor sit amet, consectetuer adipiscing"
      text run at (0,780) width 21: "elit."
layer at (8,2094) size 760x476
  RenderBlock {DIV} at (0,2078) size 760x477 [border: (5px solid #800000)]
    RenderBlock {H2} at (5,24) size 750x55 [bgcolor=#EEEEEE]
      RenderText {#text} at (0,0) size 705x53
        text run at (0,0) width 705: "This is a spanning element at the beginning of the columns block with"
        text run at (0,27) width 145: "block siblings."
    RenderMultiColumnSet at (5,98) size 750x373
layer at (13,2099) size 367x724
  RenderMultiColumnFlowThread at (5,5) size 367x724
    RenderMultiColumnSpannerPlaceholder at (0,0) size 0x0
    RenderBlock {P} at (0,16) size 367x220
      RenderText {#text} at (0,0) size 367x219
        text run at (0,0) width 337: "Lorem ipsum dolor sit amet, consectetuer adipiscing elit."
        text run at (0,20) width 367: "Nulla varius enim ac mi. Curabitur sollicitudin felis quis lectus."
        text run at (0,40) width 362: "Quisque adipiscing rhoncus sem. Proin nulla purus, vulputate"
        text run at (0,60) width 358: "vel, varius ut, euismod et, nisi. Sed vitae felis vel orci sagittis"
        text run at (0,80) width 365: "aliquam. Cras convallis adipiscing sem. Nam nonummy enim."
        text run at (0,100) width 329: "Nullam bibendum lobortis neque. Vestibulum velit orci,"
        text run at (0,120) width 309: "tempus euismod, pretium quis, interdum vitae, nulla."
        text run at (0,140) width 321: "Phasellus eget ante et tortor condimentum vestibulum."
        text run at (0,160) width 360: "Suspendisse hendrerit quam nec felis. Sed varius turpis vitae"
        text run at (0,180) width 350: "pede. Lorem ipsum dolor sit amet, consectetuer adipiscing"
        text run at (0,200) width 21: "elit."
    RenderBlock {P} at (0,252) size 367x220
      RenderText {#text} at (0,0) size 367x219
        text run at (0,0) width 337: "Lorem ipsum dolor sit amet, consectetuer adipiscing elit."
        text run at (0,20) width 367: "Nulla varius enim ac mi. Curabitur sollicitudin felis quis lectus."
        text run at (0,40) width 362: "Quisque adipiscing rhoncus sem. Proin nulla purus, vulputate"
        text run at (0,60) width 358: "vel, varius ut, euismod et, nisi. Sed vitae felis vel orci sagittis"
        text run at (0,80) width 365: "aliquam. Cras convallis adipiscing sem. Nam nonummy enim."
        text run at (0,100) width 329: "Nullam bibendum lobortis neque. Vestibulum velit orci,"
        text run at (0,120) width 309: "tempus euismod, pretium quis, interdum vitae, nulla."
        text run at (0,140) width 321: "Phasellus eget ante et tortor condimentum vestibulum."
        text run at (0,160) width 360: "Suspendisse hendrerit quam nec felis. Sed varius turpis vitae"
        text run at (0,180) width 350: "pede. Lorem ipsum dolor sit amet, consectetuer adipiscing"
        text run at (0,200) width 21: "elit."
    RenderBlock {P} at (0,488) size 367x220
      RenderText {#text} at (0,0) size 367x219
        text run at (0,0) width 337: "Lorem ipsum dolor sit amet, consectetuer adipiscing elit."
        text run at (0,20) width 367: "Nulla varius enim ac mi. Curabitur sollicitudin felis quis lectus."
        text run at (0,40) width 362: "Quisque adipiscing rhoncus sem. Proin nulla purus, vulputate"
        text run at (0,60) width 358: "vel, varius ut, euismod et, nisi. Sed vitae felis vel orci sagittis"
        text run at (0,80) width 365: "aliquam. Cras convallis adipiscing sem. Nam nonummy enim."
        text run at (0,100) width 329: "Nullam bibendum lobortis neque. Vestibulum velit orci,"
        text run at (0,120) width 309: "tempus euismod, pretium quis, interdum vitae, nulla."
        text run at (0,140) width 321: "Phasellus eget ante et tortor condimentum vestibulum."
        text run at (0,160) width 360: "Suspendisse hendrerit quam nec felis. Sed varius turpis vitae"
        text run at (0,180) width 350: "pede. Lorem ipsum dolor sit amet, consectetuer adipiscing"
        text run at (0,200) width 21: "elit."
layer at (8,2586) size 760x466
  RenderBlock {DIV} at (0,2570) size 760x467 [border: (5px solid #800000)]
    RenderMultiColumnSet at (5,5) size 750x362
    RenderBlock {H2} at (5,386) size 750x55 [bgcolor=#EEEEEE]
      RenderText {#text} at (0,0) size 703x53
        text run at (0,0) width 703: "This is a spanning element at the end of the columns block with block"
        text run at (0,27) width 83: "siblings."
    RenderMultiColumnSet at (5,460) size 750x0
layer at (13,2591) size 367x724
  RenderMultiColumnFlowThread at (5,5) size 367x724
    RenderBlock {P} at (0,16) size 367x220
      RenderText {#text} at (0,0) size 367x219
        text run at (0,0) width 337: "Lorem ipsum dolor sit amet, consectetuer adipiscing elit."
        text run at (0,20) width 367: "Nulla varius enim ac mi. Curabitur sollicitudin felis quis lectus."
        text run at (0,40) width 362: "Quisque adipiscing rhoncus sem. Proin nulla purus, vulputate"
        text run at (0,60) width 358: "vel, varius ut, euismod et, nisi. Sed vitae felis vel orci sagittis"
        text run at (0,80) width 365: "aliquam. Cras convallis adipiscing sem. Nam nonummy enim."
        text run at (0,100) width 329: "Nullam bibendum lobortis neque. Vestibulum velit orci,"
        text run at (0,120) width 309: "tempus euismod, pretium quis, interdum vitae, nulla."
        text run at (0,140) width 321: "Phasellus eget ante et tortor condimentum vestibulum."
        text run at (0,160) width 360: "Suspendisse hendrerit quam nec felis. Sed varius turpis vitae"
        text run at (0,180) width 350: "pede. Lorem ipsum dolor sit amet, consectetuer adipiscing"
        text run at (0,200) width 21: "elit."
    RenderBlock {P} at (0,252) size 367x230
      RenderText {#text} at (0,0) size 367x229
        text run at (0,0) width 337: "Lorem ipsum dolor sit amet, consectetuer adipiscing elit."
        text run at (0,20) width 367: "Nulla varius enim ac mi. Curabitur sollicitudin felis quis lectus."
        text run at (0,40) width 362: "Quisque adipiscing rhoncus sem. Proin nulla purus, vulputate"
        text run at (0,60) width 358: "vel, varius ut, euismod et, nisi. Sed vitae felis vel orci sagittis"
        text run at (0,80) width 365: "aliquam. Cras convallis adipiscing sem. Nam nonummy enim."
        text run at (0,110) width 329: "Nullam bibendum lobortis neque. Vestibulum velit orci,"
        text run at (0,130) width 309: "tempus euismod, pretium quis, interdum vitae, nulla."
        text run at (0,150) width 321: "Phasellus eget ante et tortor condimentum vestibulum."
        text run at (0,170) width 360: "Suspendisse hendrerit quam nec felis. Sed varius turpis vitae"
        text run at (0,190) width 350: "pede. Lorem ipsum dolor sit amet, consectetuer adipiscing"
        text run at (0,210) width 21: "elit."
    RenderBlock {P} at (0,498) size 367x220
      RenderText {#text} at (0,0) size 367x219
        text run at (0,0) width 337: "Lorem ipsum dolor sit amet, consectetuer adipiscing elit."
        text run at (0,20) width 367: "Nulla varius enim ac mi. Curabitur sollicitudin felis quis lectus."
        text run at (0,40) width 362: "Quisque adipiscing rhoncus sem. Proin nulla purus, vulputate"
        text run at (0,60) width 358: "vel, varius ut, euismod et, nisi. Sed vitae felis vel orci sagittis"
        text run at (0,80) width 365: "aliquam. Cras convallis adipiscing sem. Nam nonummy enim."
        text run at (0,100) width 329: "Nullam bibendum lobortis neque. Vestibulum velit orci,"
        text run at (0,120) width 309: "tempus euismod, pretium quis, interdum vitae, nulla."
        text run at (0,140) width 321: "Phasellus eget ante et tortor condimentum vestibulum."
        text run at (0,160) width 360: "Suspendisse hendrerit quam nec felis. Sed varius turpis vitae"
        text run at (0,180) width 350: "pede. Lorem ipsum dolor sit amet, consectetuer adipiscing"
        text run at (0,200) width 21: "elit."
    RenderMultiColumnSpannerPlaceholder at (0,724) size 0x0
layer at (8,3068) size 760x484
  RenderBlock {DIV} at (0,3052) size 760x484 [border: (5px solid #800000)]
    RenderMultiColumnSet at (5,5) size 750x244
    RenderBlock {H2} at (5,268) size 750x55 [bgcolor=#EEEEEE]
      RenderText {#text} at (0,0) size 736x53
        text run at (0,0) width 736: "This is a spanning element in the middle of the columns block with block"
        text run at (0,27) width 83: "siblings."
    RenderMultiColumnSet at (5,342) size 750x137
layer at (13,3073) size 367x732 backgroundClip at (0,0) size 785x3568 clip at (0,0) size 785x3568
  RenderMultiColumnFlowThread at (5,5) size 367x732
    RenderBlock {P} at (0,16) size 367x220
      RenderText {#text} at (0,0) size 367x219
        text run at (0,0) width 337: "Lorem ipsum dolor sit amet, consectetuer adipiscing elit."
        text run at (0,20) width 367: "Nulla varius enim ac mi. Curabitur sollicitudin felis quis lectus."
        text run at (0,40) width 362: "Quisque adipiscing rhoncus sem. Proin nulla purus, vulputate"
        text run at (0,60) width 358: "vel, varius ut, euismod et, nisi. Sed vitae felis vel orci sagittis"
        text run at (0,80) width 365: "aliquam. Cras convallis adipiscing sem. Nam nonummy enim."
        text run at (0,100) width 329: "Nullam bibendum lobortis neque. Vestibulum velit orci,"
        text run at (0,120) width 309: "tempus euismod, pretium quis, interdum vitae, nulla."
        text run at (0,140) width 321: "Phasellus eget ante et tortor condimentum vestibulum."
        text run at (0,160) width 360: "Suspendisse hendrerit quam nec felis. Sed varius turpis vitae"
        text run at (0,180) width 350: "pede. Lorem ipsum dolor sit amet, consectetuer adipiscing"
        text run at (0,200) width 21: "elit."
    RenderBlock {P} at (0,244) size 367x220
      RenderText {#text} at (0,0) size 367x219
        text run at (0,0) width 337: "Lorem ipsum dolor sit amet, consectetuer adipiscing elit."
        text run at (0,20) width 367: "Nulla varius enim ac mi. Curabitur sollicitudin felis quis lectus."
        text run at (0,40) width 362: "Quisque adipiscing rhoncus sem. Proin nulla purus, vulputate"
        text run at (0,60) width 358: "vel, varius ut, euismod et, nisi. Sed vitae felis vel orci sagittis"
        text run at (0,80) width 365: "aliquam. Cras convallis adipiscing sem. Nam nonummy enim."
        text run at (0,100) width 329: "Nullam bibendum lobortis neque. Vestibulum velit orci,"
        text run at (0,120) width 309: "tempus euismod, pretium quis, interdum vitae, nulla."
        text run at (0,140) width 321: "Phasellus eget ante et tortor condimentum vestibulum."
        text run at (0,160) width 360: "Suspendisse hendrerit quam nec felis. Sed varius turpis vitae"
        text run at (0,180) width 350: "pede. Lorem ipsum dolor sit amet, consectetuer adipiscing"
        text run at (0,200) width 21: "elit."
    RenderMultiColumnSpannerPlaceholder at (0,480) size 0x0
    RenderBlock {P} at (0,496) size 367x220
      RenderText {#text} at (0,0) size 367x219
        text run at (0,0) width 337: "Lorem ipsum dolor sit amet, consectetuer adipiscing elit."
        text run at (0,20) width 367: "Nulla varius enim ac mi. Curabitur sollicitudin felis quis lectus."
        text run at (0,40) width 362: "Quisque adipiscing rhoncus sem. Proin nulla purus, vulputate"
        text run at (0,60) width 358: "vel, varius ut, euismod et, nisi. Sed vitae felis vel orci sagittis"
        text run at (0,80) width 365: "aliquam. Cras convallis adipiscing sem. Nam nonummy enim."
        text run at (0,100) width 329: "Nullam bibendum lobortis neque. Vestibulum velit orci,"
        text run at (0,120) width 309: "tempus euismod, pretium quis, interdum vitae, nulla."
        text run at (0,140) width 321: "Phasellus eget ante et tortor condimentum vestibulum."
        text run at (0,160) width 360: "Suspendisse hendrerit quam nec felis. Sed varius turpis vitae"
        text run at (0,180) width 350: "pede. Lorem ipsum dolor sit amet, consectetuer adipiscing"
        text run at (0,200) width 21: "elit."
