layer at (0,0) size 785x1390
  RenderView at (0,0) size 785x600
layer at (0,0) size 785x1390
  RenderBlock {HTML} at (0,0) size 785x1391
    RenderBody {BODY} at (8,16) size 769x1359
layer at (8,16) size 760x425
  RenderBlock {DIV} at (0,0) size 760x425 [border: (5px solid #800000)]
    RenderMultiColumnSet at (5,5) size 750x8
    RenderBlock {H2} at (5,32) size 750x28 [bgcolor=#EEEEEE]
      RenderText {#text} at (0,0) size 274x26
        text run at (0,0) width 274: "This is a spanning element."
    RenderMultiColumnSet at (5,79) size 750x341
layer at (13,21) size 367x688
  RenderMultiColumnFlowThread at (5,5) size 367x688
    RenderBlock {SPAN} at (0,8) size 367x220 [color=#FFFFFF] [bgcolor=#000000]
      RenderMultiColumnSpannerPlaceholder at (0,0) size 0x0
      RenderBlock (anonymous) at (0,0) size 367x220
        RenderText {#text} at (0,0) size 367x219
          text run at (0,0) width 337: "Lorem ipsum dolor sit amet, consectetuer adipiscing elit."
          text run at (0,20) width 367: "Nulla varius enim ac mi. Curabitur sollicitudin felis quis lectus."
          text run at (0,40) width 362: "Quisque adipiscing rhoncus sem. Proin nulla purus, vulputate"
          text run at (0,60) width 358: "vel, varius ut, euismod et, nisi. Sed vitae felis vel orci sagittis"
          text run at (0,80) width 365: "aliquam. Cras convallis adipiscing sem. Nam nonummy enim."
          text run at (0,100) width 329: "Nullam bibendum lobortis neque. Vestibulum velit orci,"
          text run at (0,120) width 309: "tempus euismod, pretium quis, interdum vitae, nulla."
          text run at (0,140) width 321: "Phasellus eget ante et tortor condimentum vestibulum."
          text run at (0,160) width 360: "Suspendisse hendrerit quam nec felis. Sed varius turpis vitae"
          text run at (0,180) width 350: "pede. Lorem ipsum dolor sit amet, consectetuer adipiscing"
          text run at (0,200) width 21: "elit."
    RenderBlock (anonymous) at (0,244) size 367x444
      RenderText {#text} at (0,0) size 367x223
        text run at (0,0) width 337: "Lorem ipsum dolor sit amet, consectetuer adipiscing elit."
        text run at (0,20) width 367: "Nulla varius enim ac mi. Curabitur sollicitudin felis quis lectus."
        text run at (0,40) width 362: "Quisque adipiscing rhoncus sem. Proin nulla purus, vulputate"
        text run at (0,60) width 358: "vel, varius ut, euismod et, nisi. Sed vitae felis vel orci sagittis"
        text run at (0,80) width 365: "aliquam. Cras convallis adipiscing sem. Nam nonummy enim."
        text run at (0,104) width 329: "Nullam bibendum lobortis neque. Vestibulum velit orci,"
        text run at (0,124) width 309: "tempus euismod, pretium quis, interdum vitae, nulla."
        text run at (0,144) width 321: "Phasellus eget ante et tortor condimentum vestibulum."
        text run at (0,164) width 360: "Suspendisse hendrerit quam nec felis. Sed varius turpis vitae"
        text run at (0,184) width 350: "pede. Lorem ipsum dolor sit amet, consectetuer adipiscing"
        text run at (0,204) width 25: "elit. "
      RenderInline {SPAN} at (0,0) size 40x19
        RenderText {#text} at (25,204) size 40x19
          text run at (25,204) width 40: "Lorem"
      RenderText {#text} at (65,204) size 367x239
        text run at (65,204) width 297: " ipsum dolor sit amet, consectetuer adipiscing elit."
        text run at (0,224) width 367: "Nulla varius enim ac mi. Curabitur sollicitudin felis quis lectus."
        text run at (0,244) width 362: "Quisque adipiscing rhoncus sem. Proin nulla purus, vulputate"
        text run at (0,264) width 358: "vel, varius ut, euismod et, nisi. Sed vitae felis vel orci sagittis"
        text run at (0,284) width 365: "aliquam. Cras convallis adipiscing sem. Nam nonummy enim."
        text run at (0,304) width 329: "Nullam bibendum lobortis neque. Vestibulum velit orci,"
        text run at (0,324) width 309: "tempus euismod, pretium quis, interdum vitae, nulla."
        text run at (0,344) width 321: "Phasellus eget ante et tortor condimentum vestibulum."
        text run at (0,364) width 360: "Suspendisse hendrerit quam nec felis. Sed varius turpis vitae"
        text run at (0,384) width 350: "pede. Lorem ipsum dolor sit amet, consectetuer adipiscing"
        text run at (0,404) width 25: "elit. "
        text run at (25,404) width 337: "Lorem ipsum dolor sit amet, consectetuer adipiscing elit."
        text run at (0,424) width 143: "Nulla varius enim ac mi."
layer at (8,457) size 760x425
  RenderBlock {DIV} at (0,440) size 760x426 [border: (5px solid #800000)]
    RenderMultiColumnSet at (5,5) size 750x340
    RenderBlock {H2} at (5,364) size 750x28 [bgcolor=#EEEEEE]
      RenderText {#text} at (0,0) size 274x26
        text run at (0,0) width 274: "This is a spanning element."
    RenderMultiColumnSet at (5,411) size 750x9
layer at (13,462) size 367x692
  RenderMultiColumnFlowThread at (5,5) size 367x692
    RenderBlock (anonymous) at (0,0) size 367x620
      RenderText {#text} at (0,0) size 367x619
        text run at (0,0) width 337: "Lorem ipsum dolor sit amet, consectetuer adipiscing elit."
        text run at (0,20) width 367: "Nulla varius enim ac mi. Curabitur sollicitudin felis quis lectus."
        text run at (0,40) width 362: "Quisque adipiscing rhoncus sem. Proin nulla purus, vulputate"
        text run at (0,60) width 358: "vel, varius ut, euismod et, nisi. Sed vitae felis vel orci sagittis"
        text run at (0,80) width 365: "aliquam. Cras convallis adipiscing sem. Nam nonummy enim."
        text run at (0,100) width 329: "Nullam bibendum lobortis neque. Vestibulum velit orci,"
        text run at (0,120) width 309: "tempus euismod, pretium quis, interdum vitae, nulla."
        text run at (0,140) width 321: "Phasellus eget ante et tortor condimentum vestibulum."
        text run at (0,160) width 360: "Suspendisse hendrerit quam nec felis. Sed varius turpis vitae"
        text run at (0,180) width 350: "pede. Lorem ipsum dolor sit amet, consectetuer adipiscing"
        text run at (0,200) width 25: "elit. "
        text run at (25,200) width 337: "Lorem ipsum dolor sit amet, consectetuer adipiscing elit."
        text run at (0,220) width 367: "Nulla varius enim ac mi. Curabitur sollicitudin felis quis lectus."
        text run at (0,240) width 362: "Quisque adipiscing rhoncus sem. Proin nulla purus, vulputate"
        text run at (0,260) width 358: "vel, varius ut, euismod et, nisi. Sed vitae felis vel orci sagittis"
        text run at (0,280) width 365: "aliquam. Cras convallis adipiscing sem. Nam nonummy enim."
        text run at (0,300) width 329: "Nullam bibendum lobortis neque. Vestibulum velit orci,"
        text run at (0,320) width 309: "tempus euismod, pretium quis, interdum vitae, nulla."
        text run at (0,340) width 321: "Phasellus eget ante et tortor condimentum vestibulum."
        text run at (0,360) width 360: "Suspendisse hendrerit quam nec felis. Sed varius turpis vitae"
        text run at (0,380) width 350: "pede. Lorem ipsum dolor sit amet, consectetuer adipiscing"
        text run at (0,400) width 25: "elit. "
        text run at (25,400) width 337: "Lorem ipsum dolor sit amet, consectetuer adipiscing elit."
        text run at (0,420) width 367: "Nulla varius enim ac mi. Curabitur sollicitudin felis quis lectus."
        text run at (0,440) width 362: "Quisque adipiscing rhoncus sem. Proin nulla purus, vulputate"
        text run at (0,460) width 358: "vel, varius ut, euismod et, nisi. Sed vitae felis vel orci sagittis"
        text run at (0,480) width 365: "aliquam. Cras convallis adipiscing sem. Nam nonummy enim."
        text run at (0,500) width 329: "Nullam bibendum lobortis neque. Vestibulum velit orci,"
        text run at (0,520) width 309: "tempus euismod, pretium quis, interdum vitae, nulla."
        text run at (0,540) width 321: "Phasellus eget ante et tortor condimentum vestibulum."
        text run at (0,560) width 360: "Suspendisse hendrerit quam nec felis. Sed varius turpis vitae"
        text run at (0,580) width 350: "pede. Lorem ipsum dolor sit amet, consectetuer adipiscing"
        text run at (0,600) width 21: "elit."
    RenderBlock {SPAN} at (0,636) size 367x40 [color=#FFFFFF] [bgcolor=#000000]
      RenderBlock (anonymous) at (0,0) size 367x40
        RenderText {#text} at (0,0) size 337x39
          text run at (0,0) width 337: "Lorem ipsum dolor sit amet, consectetuer adipiscing elit."
          text run at (0,20) width 143: "Nulla varius enim ac mi."
      RenderMultiColumnSpannerPlaceholder at (0,40) size 0x0
layer at (8,898) size 760x476
  RenderBlock {DIV} at (0,881) size 760x478 [border: (5px solid #800000)]
    RenderMultiColumnSet at (5,5) size 750x156
    RenderBlock {H2} at (5,180) size 750x28 [bgcolor=#EEEEEE]
      RenderText {#text} at (0,0) size 274x26
        text run at (0,0) width 274: "This is a spanning element."
    RenderMultiColumnSet at (5,227) size 750x245
layer at (13,903) size 367x772 backgroundClip at (0,0) size 785x1390 clip at (0,0) size 785x1390
  RenderMultiColumnFlowThread at (5,5) size 367x772
    RenderBlock {P} at (0,16) size 367x220
      RenderText {#text} at (0,0) size 367x219
        text run at (0,0) width 337: "Lorem ipsum dolor sit amet, consectetuer adipiscing elit."
        text run at (0,20) width 367: "Nulla varius enim ac mi. Curabitur sollicitudin felis quis lectus."
        text run at (0,40) width 362: "Quisque adipiscing rhoncus sem. Proin nulla purus, vulputate"
        text run at (0,60) width 358: "vel, varius ut, euismod et, nisi. Sed vitae felis vel orci sagittis"
        text run at (0,80) width 365: "aliquam. Cras convallis adipiscing sem. Nam nonummy enim."
        text run at (0,100) width 329: "Nullam bibendum lobortis neque. Vestibulum velit orci,"
        text run at (0,120) width 309: "tempus euismod, pretium quis, interdum vitae, nulla."
        text run at (0,140) width 321: "Phasellus eget ante et tortor condimentum vestibulum."
        text run at (0,160) width 360: "Suspendisse hendrerit quam nec felis. Sed varius turpis vitae"
        text run at (0,180) width 350: "pede. Lorem ipsum dolor sit amet, consectetuer adipiscing"
        text run at (0,200) width 21: "elit."
    RenderBlock {SPAN} at (0,252) size 367x276 [color=#FFFFFF] [bgcolor=#000000]
      RenderBlock (anonymous) at (0,0) size 367x40
        RenderText {#text} at (0,0) size 337x39
          text run at (0,0) width 337: "Lorem ipsum dolor sit amet, consectetuer adipiscing elit."
          text run at (0,20) width 143: "Nulla varius enim ac mi."
      RenderMultiColumnSpannerPlaceholder at (0,40) size 0x0
      RenderBlock {P} at (0,56) size 367x220
        RenderText {#text} at (0,0) size 367x219
          text run at (0,0) width 337: "Lorem ipsum dolor sit amet, consectetuer adipiscing elit."
          text run at (0,20) width 367: "Nulla varius enim ac mi. Curabitur sollicitudin felis quis lectus."
          text run at (0,40) width 362: "Quisque adipiscing rhoncus sem. Proin nulla purus, vulputate"
          text run at (0,60) width 358: "vel, varius ut, euismod et, nisi. Sed vitae felis vel orci sagittis"
          text run at (0,80) width 365: "aliquam. Cras convallis adipiscing sem. Nam nonummy enim."
          text run at (0,100) width 329: "Nullam bibendum lobortis neque. Vestibulum velit orci,"
          text run at (0,120) width 309: "tempus euismod, pretium quis, interdum vitae, nulla."
          text run at (0,140) width 321: "Phasellus eget ante et tortor condimentum vestibulum."
          text run at (0,160) width 360: "Suspendisse hendrerit quam nec felis. Sed varius turpis vitae"
          text run at (0,180) width 350: "pede. Lorem ipsum dolor sit amet, consectetuer adipiscing"
          text run at (0,200) width 21: "elit."
    RenderBlock (anonymous) at (0,536) size 367x220
      RenderText {#text} at (0,0) size 367x219
        text run at (0,0) width 337: "Lorem ipsum dolor sit amet, consectetuer adipiscing elit."
        text run at (0,20) width 367: "Nulla varius enim ac mi. Curabitur sollicitudin felis quis lectus."
        text run at (0,40) width 362: "Quisque adipiscing rhoncus sem. Proin nulla purus, vulputate"
        text run at (0,60) width 358: "vel, varius ut, euismod et, nisi. Sed vitae felis vel orci sagittis"
        text run at (0,80) width 365: "aliquam. Cras convallis adipiscing sem. Nam nonummy enim."
        text run at (0,100) width 329: "Nullam bibendum lobortis neque. Vestibulum velit orci,"
        text run at (0,120) width 309: "tempus euismod, pretium quis, interdum vitae, nulla."
        text run at (0,140) width 321: "Phasellus eget ante et tortor condimentum vestibulum."
        text run at (0,160) width 360: "Suspendisse hendrerit quam nec felis. Sed varius turpis vitae"
        text run at (0,180) width 350: "pede. Lorem ipsum dolor sit amet, consectetuer adipiscing"
        text run at (0,200) width 21: "elit."
    RenderBlock {P} at (0,772) size 367x0
