layer at (0,0) size 800x600
  RenderView at (0,0) size 800x600
layer at (0,0) size 800x600
  RenderBlock {HTML} at (0,0) size 800x600
    RenderBody {BODY} at (8,8) size 784x584
      RenderBlock (floating) {DIV} at (5,5) size 274x145 [border: (2px solid #000000)]
        RenderBlock {DIV} at (12,12) size 250x121
          RenderText {#text} at (0,22) size 103x14
            text run at (0,22) width 103: "This text should snap"
          RenderBR {BR} at (102,22) size 1x14
          RenderText {#text} at (0,64) size 115x14
            text run at (0,64) width 115: "to a 36px font-size grid."
          RenderBR {BR} at (114,64) size 1x14
          RenderText {#text} at (0,106) size 250x14
            text run at (0,106) width 250: "There should be lots of spacing between these lines."
      RenderBlock (floating) {DIV} at (288,5) size 370x108 [border: (2px solid #000000)]
        RenderText {#text} at (12,13) size 307x40
          text run at (12,13) width 307: "This text should snap"
        RenderBR {BR} at (318,12) size 1x40
        RenderText {#text} at (12,55) size 345x40
          text run at (12,55) width 345: "to a 36px font-size grid."
        RenderBR {BR} at (356,54) size 1x40
