layer at (0,0) size 800x600
  RenderView at (0,0) size 800x600
layer at (0,0) size 800x600 layerType: background only
layer at (10,10) size 620x312
  RenderBlock (positioned) zI: -1 {DIV} at (10,10) size 620x312
    RenderBlock {DIV} at (10,10) size 600x292 [color=#00FF00]
      RenderText {#text} at (0,4) size 612x36
        text run at (0,4) width 612: "xxxxxxxxxxxxxxxxx"
      RenderBR {BR} at (0,0) size 0x0
      RenderText {#text} at (0,46) size 612x36
        text run at (0,46) width 612: "xxxxxxxxxxxxxxxxx"
      RenderBR {BR} at (0,0) size 0x0
      RenderText {#text} at (0,88) size 612x36
        text run at (0,88) width 612: "xxxxxxxxxxxxxxxxx"
      RenderBR {BR} at (0,0) size 0x0
      RenderText {#text} at (0,130) size 612x36
        text run at (0,130) width 612: "xxxxxxxxxxxxxxxxx"
      RenderBR {BR} at (0,0) size 0x0
      RenderText {#text} at (0,172) size 612x36
        text run at (0,172) width 612: "xxxxxxxxxxxxxxxxx"
      RenderBR {BR} at (0,0) size 0x0
      RenderText {#text} at (0,214) size 612x36
        text run at (0,214) width 612: "xxxxxxxxxxxxxxxxx"
      RenderBR {BR} at (0,0) size 0x0
      RenderText {#text} at (0,256) size 612x36
        text run at (0,256) width 612: "xxxxxxxxxxxxxxxxx"
      RenderBR {BR} at (0,0) size 0x0
layer at (0,0) size 800x600 layerType: foreground only
  RenderBlock {HTML} at (0,0) size 800x600
    RenderBody {BODY} at (8,8) size 784x584
layer at (10,10) size 620x309
  RenderBlock (positioned) {DIV} at (10,10) size 620x309
    RenderBlock {DIV} at (10,10) size 600x154
      RenderText {#text} at (0,15) size 598x138
        text run at (0,15) width 598: "This header should be centered"
        text run at (0,99) width 312: "in the grid lines."
    RenderBlock {DIV} at (10,163) size 600x136
      RenderText {#text} at (0,36) size 103x14
        text run at (0,36) width 103: "This text should snap"
      RenderBR {BR} at (102,36) size 1x14
      RenderText {#text} at (0,78) size 115x14
        text run at (0,78) width 115: "to a 36px font-size grid."
      RenderBR {BR} at (114,78) size 1x14
      RenderText {#text} at (0,120) size 250x14
        text run at (0,120) width 250: "There should be lots of spacing between these lines."
