layer at (0,0) size 1586x585
  RenderView at (0,0) size 800x585
layer at (0,0) size 800x585
  RenderBlock {HTML} at (0,0) size 800x585
    RenderBody {BODY} at (8,8) size 784x569
layer at (8,8) size 784x504
  RenderBlock {DIV} at (0,0) size 784x504 [border: (2px solid #FF0000)]
    RenderMultiColumnSet at (2,2) size 780x500
layer at (10,10) size 382x1580 backgroundClip at (0,0) size 1586x585 clip at (0,0) size 1586x585
  RenderMultiColumnFlowThread at (2,2) size 382x1580
    RenderBlock {DIV} at (0,0) size 382x1580
      RenderBlock {DIV} at (0,0) size 382x373
        RenderText {#text} at (0,19) size 359x101
          text run at (0,19) width 358: "All of this text even though it's smaller should be on the"
          text run at (0,61) width 359: "36px grid. The grid should reset at the top of the second"
          text run at (0,103) width 52: "column."
        RenderBR {BR} at (51,103) size 1x17
        RenderText {#text} at (0,145) size 359x101
          text run at (0,145) width 358: "All of this text even though it's smaller should be on the"
          text run at (0,187) width 359: "36px grid. The grid should reset at the top of the second"
          text run at (0,229) width 52: "column."
        RenderBR {BR} at (51,229) size 1x17
        RenderText {#text} at (0,271) size 359x101
          text run at (0,271) width 358: "All of this text even though it's smaller should be on the"
          text run at (0,313) width 359: "36px grid. The grid should reset at the top of the second"
          text run at (0,355) width 52: "column."
        RenderBR {BR} at (51,355) size 1x17
      RenderBlock {DIV} at (0,373) size 382x544
        RenderText {#text} at (0,17) size 373x190
          text run at (0,17) width 373: "All of this text even though it's smaller"
          text run at (0,59) width 351: "should be on the 36px grid. The grid"
          text run at (0,139) width 345: "should reset at the top of the second"
          text run at (0,181) width 78: "column."
        RenderBR {BR} at (77,181) size 1x26
        RenderText {#text} at (0,223) size 373x152
          text run at (0,223) width 373: "All of this text even though it's smaller"
          text run at (0,265) width 351: "should be on the 36px grid. The grid"
          text run at (0,307) width 345: "should reset at the top of the second"
          text run at (0,349) width 78: "column."
        RenderBR {BR} at (77,349) size 1x26
        RenderText {#text} at (0,391) size 373x152
          text run at (0,391) width 373: "All of this text even though it's smaller"
          text run at (0,433) width 351: "should be on the 36px grid. The grid"
          text run at (0,475) width 345: "should reset at the top of the second"
          text run at (0,517) width 78: "column."
        RenderBR {BR} at (77,517) size 1x26
      RenderBlock {DIV} at (0,917) size 382x244
        RenderText {#text} at (0,27) size 379x53
          text run at (0,27) width 379: "All of this text even though it's smaller should be on the 36px grid. The grid should reset at the"
          text run at (0,69) width 104: "top of the second column."
        RenderBR {BR} at (103,69) size 1x11
        RenderText {#text} at (0,107) size 379x53
          text run at (0,107) width 379: "All of this text even though it's smaller should be on the 36px grid. The grid should reset at the"
          text run at (0,149) width 104: "top of the second column."
        RenderBR {BR} at (103,149) size 1x11
        RenderText {#text} at (0,191) size 379x53
          text run at (0,191) width 379: "All of this text even though it's smaller should be on the 36px grid. The grid should reset at the"
          text run at (0,233) width 104: "top of the second column."
        RenderBR {BR} at (103,233) size 1x11
      RenderBlock {DIV} at (0,1161) size 382x419
        RenderText {#text} at (0,24) size 377x104
          text run at (0,24) width 377: "All of this text even though it's smaller should be on"
          text run at (0,66) width 375: "the 36px grid. The grid should reset at the top of the"
          text run at (0,108) width 113: "second column."
        RenderBR {BR} at (112,108) size 1x20
        RenderText {#text} at (0,150) size 377x104
          text run at (0,150) width 377: "All of this text even though it's smaller should be on"
          text run at (0,192) width 375: "the 36px grid. The grid should reset at the top of the"
          text run at (0,234) width 113: "second column."
        RenderBR {BR} at (112,234) size 1x20
        RenderText {#text} at (0,276) size 377x142
          text run at (0,276) width 377: "All of this text even though it's smaller should be on"
          text run at (0,356) width 375: "the 36px grid. The grid should reset at the top of the"
          text run at (0,398) width 113: "second column."
        RenderBR {BR} at (112,398) size 1x20
