layer at (0,0) size 800x600
  RenderView at (0,0) size 800x600
layer at (0,0) size 800x600
  RenderBlock {HTML} at (0,0) size 800x600
    RenderBody {BODY} at (8,8) size 784x584
      RenderBlock (floating) {DIV} at (15,15) size 254x118 [border: (2px solid #000000)]
        RenderText {#text} at (2,17) size 103x14
          text run at (2,17) width 103: "This text should snap"
        RenderBR {BR} at (104,17) size 1x14
        RenderText {#text} at (2,59) size 115x14
          text run at (2,59) width 115: "to a 36px font-size grid."
        RenderBR {BR} at (116,59) size 1x14
        RenderText {#text} at (2,101) size 250x14
          text run at (2,101) width 250: "There should be lots of spacing between these lines."
      RenderBlock (floating) {DIV} at (278,15) size 197x77 [border: (2px solid #000000)]
        RenderText {#text} at (2,10) size 171x22
          text run at (2,10) width 171: "This text should snap"
        RenderBR {BR} at (172,10) size 1x22
        RenderText {#text} at (2,52) size 192x22
          text run at (2,52) width 192: "to a 36px font-size grid."
        RenderBR {BR} at (193,52) size 1x22
      RenderText {#text} at (479,11) size 758x250
        text run at (479,11) width 289: "Here we can see the"
        text run at (479,53) width 256: "actual lines of the"
        text run at (479,95) width 264: "grid outside of the"
        text run at (273,137) width 402: "floating objects. Everything"
        text run at (10,179) width 717: "should be aligned to these lines, including what is"
        text run at (10,221) width 300: "inside the two floats."
