layer at (0,0) size 800x600
  RenderView at (0,0) size 800x600
layer at (0,0) size 800x217
  RenderBlock {HTML} at (0,0) size 800x217 [color=#000080] [bgcolor=#FFFFFF]
    RenderBody {BODY} at (8,16) size 784x185
      RenderBlock {DIV} at (0,0) size 100x150
        RenderBlock {P} at (0,0) size 100x150
          RenderEmbeddedObject {OBJECT} at (0,0) size 400x150
            layer at (0,0) size 300x150
              RenderView at (0,0) size 300x150
            layer at (0,0) size 300x150
              RenderSVGRoot {svg} at (0,0) size 300x150
      RenderBlock {P} at (0,166) size 784x19
        RenderText {#text} at (0,0) size 431x18
          text run at (0,0) width 431: "There should be a complete unbroken yin-yang symbol (\x{262F}) above."
