layer at (0,0) size 800x600
  RenderView at (0,0) size 800x600
layer at (0,0) size 800x600
  RenderBlock {HTML} at (0,0) size 800x600
    RenderBody {BODY} at (8,8) size 784x584
      RenderText {#text} at (201,28) size 255x17
        text run at (201,28) width 255: " --> This should be outside the textarea."
layer at (8,8) size 201x42 clip at (9,9) size 199x40
  RenderTextControl {TEXTAREA} at (0,0) size 201x42 [bgcolor=#FFFFFF] [border: (1px solid #000000)]
    RenderBlock {DIV} at (3,3) size 195x18
      RenderText {#text} at (0,0) size 25x17
        text run at (0,0) width 25: "<!--"
