layer at (0,0) size 800x600
  RenderView at (0,0) size 800x600
layer at (0,0) size 800x600
  RenderBlock {HTML} at (0,0) size 800x600
    RenderBody {BODY} at (8,8) size 784x584
      RenderText {#text} at (201,28) size 252x17
        text run at (201,28) width 252: " This should not be part of the textarea."
layer at (8,8) size 201x42 clip at (9,9) size 184x40 scrollHeight 76
  RenderTextControl {TEXTAREA} at (0,0) size 201x42 [bgcolor=#FFFFFF] [border: (1px solid #000000)]
    RenderBlock {DIV} at (3,3) size 180x72
      RenderText {#text} at (0,0) size 159x53
        text run at (0,0) width 25: "<!--"
        text run at (24,0) width 1: " "
        text run at (0,18) width 159: "This should be part of "
        text run at (0,36) width 89: "the textarea."
        text run at (88,36) width 1: " "
      RenderBR {BR} at (0,54) size 0x17
