layer at (0,0) size 800x600
  RenderView at (0,0) size 800x600
layer at (0,0) size 800x128
  RenderBlock {HTML} at (0,0) size 800x128
    RenderBody {BODY} at (16,16) size 768x96
layer at (16,16) size 768x96
  RenderBlock {DIV} at (0,0) size 768x96
    RenderMultiColumnSet at (0,0) size 768x32
    RenderBlock (generated) at (0,32) size 768x32 [color=#008000]
      RenderCounter at (0,0) size 32x32
        text run at (0,0) width 32: "0"
    RenderMultiColumnSet at (0,64) size 768x32
layer at (16,16) size 368x96
  RenderMultiColumnFlowThread at (0,0) size 368x96
    RenderBlock (anonymous) at (0,0) size 368x32
      RenderText {#text} at (0,0) size 32x32
        text run at (0,0) width 32: "A"
    RenderBlock {SPAN} at (0,32) size 368x32 [color=#0000FF]
      RenderBlock (anonymous) at (0,0) size 368x32
        RenderText {#text} at (0,0) size 32x32
          text run at (0,0) width 32: "B"
      RenderMultiColumnSpannerPlaceholder at (0,32) size 0x0
    RenderBlock (anonymous) at (0,64) size 368x32
      RenderText {#text} at (0,0) size 32x32
        text run at (0,0) width 32: "C"
