layer at (0,0) size 800x600
  RenderView at (0,0) size 800x600
layer at (0,0) size 800x297
  RenderBlock {HTML} at (0,0) size 800x297
    RenderBody {BODY} at (8,8) size 784x281
      RenderBlock {DIV} at (0,0) size 784x31 [bgcolor=#CCCCCC]
        RenderInline {SPAN} at (0,0) size 46x16 [bgcolor=#FF0000]
          RenderText {#text} at (0,15) size 46x16
            text run at (0,15) width 46: "small"
        RenderText {#text} at (45,14) size 10x17
          text run at (45,14) width 10: " "
        RenderInline {SPAN} at (0,0) size 55x31 [bgcolor=#FF0000]
          RenderText {#text} at (54,0) size 55x31
            text run at (54,0) width 55: "BIG"
        RenderText {#text} at (0,0) size 0x0
      RenderBlock {DIV} at (0,35) size 784x142 [bgcolor=#CCCCCC]
        RenderInline {SPAN} at (0,0) size 46x16 [bgcolor=#FF0000]
          RenderText {#text} at (0,42) size 46x16
            text run at (0,42) width 46: "small"
        RenderText {#text} at (45,83) size 10x17
          text run at (45,83) width 10: " "
        RenderInline {SPAN} at (0,0) size 55x31 [bgcolor=#FF0000]
          RenderText {#text} at (54,34) size 55x31
            text run at (54,34) width 55: "BIG"
        RenderText {#text} at (0,0) size 0x0
      RenderBlock {DIV} at (0,181) size 784x100 [bgcolor=#CCCCCC]
        RenderInline {SPAN} at (0,0) size 46x16 [bgcolor=#FF0000]
          RenderText {#text} at (0,15) size 46x16
            text run at (0,15) width 46: "small"
        RenderText {#text} at (45,14) size 10x17
          text run at (45,14) width 10: " "
        RenderInline {SPAN} at (0,0) size 55x31 [bgcolor=#FF0000]
          RenderText {#text} at (54,0) size 55x31
            text run at (54,0) width 55: "BIG"
        RenderText {#text} at (0,0) size 0x0
