layer at (0,0) size 800x600
  RenderView at (0,0) size 800x600
layer at (0,0) size 800x228
  RenderBlock {HTML} at (0,0) size 800x228
    RenderBody {BODY} at (8,8) size 784x212
      RenderBlock (anonymous) at (0,0) size 784x20
        RenderText {#text} at (0,0) size 471x19
          text run at (0,0) width 248: "You should see a green rectangle below. "
          text run at (248,0) width 223: "If you see any red, the test has failed."
      RenderBlock {DIV} at (0,20) size 320x192 [bgcolor=#FF0000]
        RenderInline {SPAN} at (0,0) size 320x64 [color=#008000]
          RenderText {#text} at (0,0) size 320x64
            text run at (0,0) width 320: "xxxxx"
        RenderBR {BR} at (320,0) size 0x64
        RenderBlock {DIV} at (0,64) size 320x128 [bgcolor=#008000]
        RenderText {#text} at (0,0) size 0x0
