layer at (0,0) size 800x600
  RenderView at (0,0) size 800x600
layer at (0,0) size 800x164
  RenderBlock {HTML} at (0,0) size 800x164
    RenderBody {BODY} at (8,8) size 784x148
      RenderBlock (anonymous) at (0,0) size 784x20
        RenderText {#text} at (0,0) size 471x19
          text run at (0,0) width 248: "You should see a green rectangle below. "
          text run at (248,0) width 223: "If you see any red, the test has failed."
layer at (8,28) size 384x128
  RenderBlock {DIV} at (0,20) size 384x128 [bgcolor=#FF0000]
    RenderInline {SPAN} at (0,0) size 320x64 [color=#008000]
      RenderText {#text} at (0,0) size 320x64
        text run at (0,0) width 320: "xxxxx"
    RenderInline {SPAN} at (0,0) size 64x128 [bgcolor=#008000]
    RenderBR {BR} at (384,0) size 0x64
    RenderBlock {DIV} at (0,0) size 64x128 [bgcolor=#008000]
    RenderInline {SPAN} at (0,0) size 320x64 [color=#008000]
      RenderText {#text} at (64,64) size 320x64
        text run at (64,64) width 320: "xxxxx"
    RenderText {#text} at (0,0) size 0x0
