layer at (0,0) size 800x600
  RenderView at (0,0) size 800x600
layer at (0,0) size 800x600
  RenderBlock {HTML} at (0,0) size 800x600
    RenderBody {BODY} at (8,8) size 776x584
      RenderBlock (anonymous) at (0,0) size 80x584
        RenderText {#text} at (0,0) size 79x582
          text run at (0,0) width 538: "In this test, you should see three blocks that are aligned to the bottom within a black box. "
          text run at (0,538) width 30: "They"
          text run at (20,0) width 472: "should be stacked horizontally with the green box in between two olive boxes. "
          text run at (20,472) width 95: "The olive boxes"
          text run at (40,0) width 582: "and the green box should be 100x100, and there should be 100 pixels of padding on the top side"
          text run at (60,0) width 101: "of the box stack."
layer at (104,8) size 40x584
  RenderBlock (relative positioned) {DIV} at (96,0) size 40x584
    RenderText {#text} at (0,18) size 39x566
      text run at (0,18) width 566: "The black box's left should be aligned with the last line in this paragraph and its top side should"
      text run at (20,373) width 4 RTL: "."
      text run at (20,377) width 207: "begin after the end of this sentence"
    RenderText {#text} at (0,0) size 0x0
layer at (124,141) size 340x240
  RenderBlock (positioned) {SPAN} at (20,133) size 340x240 [border: (20px solid #000000)]
layer at (244,261) size 100x100
  RenderBlock (positioned) {DIV} at (120,120) size 100x100 [bgcolor=#008000]
layer at (144,261) size 100x100
  RenderBlock (positioned) {DIV} at (20,120) size 100x100 [bgcolor=#808000]
layer at (344,261) size 100x100
  RenderBlock (positioned) {DIV} at (220,120) size 100x100 [bgcolor=#808000]
