layer at (0,0) size 800x600
  RenderView at (0,0) size 800x600
layer at (0,0) size 800x59
  RenderBlock {HTML} at (0,0) size 800x59
    RenderBody {BODY} at (8,8) size 784x43
      RenderBlock {DIV} at (0,0) size 784x18
        RenderText {#text} at (0,0) size 677x18
          text run at (0,0) width 677: "When the caret reaches the edge of the input box, on the next input if must jump to the center of the control."
      RenderBlock (anonymous) at (0,18) size 784x25
        RenderTextControl {INPUT} at (2,2) size 80x21 [bgcolor=#FFFFFF] [border: (2px inset #000000)]
        RenderText {#text} at (0,0) size 0x0
        RenderText {#text} at (0,0) size 0x0
layer at (12,31) size 76x15 scrollX 40 scrollWidth 295
  RenderBlock {DIV} at (2,3) size 76x15
    RenderText {#text} at (0,0) size 294x15
      text run at (0,0) width 294: "012345678901012345678901234567890123456789"
caret: position 12 of child 0 {#text} of child 0 {DIV} of {#document-fragment} of child 3 {INPUT} of body
