layer at (0,0) size 800x600
  RenderView at (0,0) size 800x600
layer at (0,0) size 800x194
  RenderBlock {HTML} at (0,0) size 800x194
    RenderBody {BODY} at (8,8) size 784x178
      RenderBlock {DIV} at (0,0) size 784x18
        RenderText {#text} at (0,0) size 595x17
          text run at (0,0) width 595: "When the caret is scrolled out, on starting typing it must be brought to the center of the control."
      RenderBlock (anonymous) at (0,18) size 784x160
        RenderText {#text} at (0,0) size 0x0
        RenderText {#text} at (0,0) size 0x0
layer at (8,26) size 91x156 clip at (9,27) size 74x154 scrollY 113 scrollHeight 484
  RenderTextControl {TEXTAREA} at (0,0) size 91x156 [bgcolor=#FFFFFF] [border: (1px solid #000000)]
    RenderBlock {DIV} at (3,3) size 70x480
      RenderText {#text} at (0,0) size 22x465
        text run at (0,0) width 14: "00"
        text run at (14,0) width 0: " "
        text run at (0,15) width 14: "01"
        text run at (14,15) width 0: " "
        text run at (0,30) width 14: "02"
        text run at (14,30) width 0: " "
        text run at (0,45) width 14: "03"
        text run at (14,45) width 0: " "
        text run at (0,60) width 14: "04"
        text run at (14,60) width 0: " "
        text run at (0,75) width 14: "05"
        text run at (14,75) width 0: " "
        text run at (0,90) width 14: "06"
        text run at (14,90) width 0: " "
        text run at (0,105) width 14: "07"
        text run at (14,105) width 0: " "
        text run at (0,120) width 14: "08"
        text run at (14,120) width 0: " "
        text run at (0,135) width 14: "09"
        text run at (14,135) width 0: " "
        text run at (0,150) width 14: "10"
        text run at (14,150) width 0: " "
        text run at (0,165) width 14: "11"
        text run at (14,165) width 0: " "
        text run at (0,180) width 22: ">12"
        text run at (22,180) width 0: " "
        text run at (0,195) width 14: "13"
        text run at (14,195) width 0: " "
        text run at (0,210) width 14: "14"
        text run at (14,210) width 0: " "
        text run at (0,225) width 14: "15"
        text run at (14,225) width 0: " "
        text run at (0,240) width 14: "16"
        text run at (14,240) width 0: " "
        text run at (0,255) width 14: "17"
        text run at (14,255) width 0: " "
        text run at (0,270) width 14: "18"
        text run at (14,270) width 0: " "
        text run at (0,285) width 14: "19"
        text run at (14,285) width 0: " "
        text run at (0,300) width 14: "20"
        text run at (14,300) width 0: " "
        text run at (0,315) width 14: "21"
        text run at (14,315) width 0: " "
        text run at (0,330) width 14: "22"
        text run at (14,330) width 0: " "
        text run at (0,345) width 14: "23"
        text run at (14,345) width 0: " "
        text run at (0,360) width 14: "24"
        text run at (14,360) width 0: " "
        text run at (0,375) width 14: "25"
        text run at (14,375) width 0: " "
        text run at (0,390) width 14: "26"
        text run at (14,390) width 0: " "
        text run at (0,405) width 14: "27"
        text run at (14,405) width 0: " "
        text run at (0,420) width 14: "28"
        text run at (14,420) width 0: " "
        text run at (0,435) width 14: "29"
        text run at (14,435) width 0: " "
        text run at (0,450) width 14: "30"
        text run at (14,450) width 0: " "
      RenderBR {BR} at (0,465) size 0x15
caret: position 37 of child 0 {#text} of child 0 {DIV} of {#document-fragment} of child 3 {TEXTAREA} of body
