layer at (0,0) size 800x600
  RenderView at (0,0) size 800x600
layer at (0,0) size 800x600
  RenderBlock {HTML} at (0,0) size 800x600
    RenderBody {BODY} at (8,8) size 784x584
      RenderBlock {P} at (0,0) size 784x18
        RenderText {#text} at (0,0) size 514x18
          text run at (0,0) width 440: "This tests that text autosizing is not applied to editable elements and "
          text run at (439,0) width 75: "documents."
      RenderBlock {DIV} at (0,34) size 600x210
        RenderText {#text} at (0,0) size 592x90
          text run at (0,0) width 587: "Lorem ipsum dolor sit amet, consectetur adipiscing elit. "
          text run at (0,30) width 592: "Maecenas eu nisl leo, vel commodo nibh. Fusce suscipit "
          text run at (0,60) width 535: "arcu eu elit vulputate non hendrerit velit consequat."
        RenderBR {BR} at (534,60) size 1x30
        RenderText {#text} at (0,90) size 585x120
          text run at (0,90) width 585: "Etiam venenatis posuere nisl id sagittis. Fusce tincidunt "
          text run at (0,120) width 551: "velit at sapien porta ornare. Morbi egestas, diam nec "
          text run at (0,150) width 581: "ultricies molestie, est velit ultricies leo, aliquet placerat "
          text run at (0,180) width 203: "justo libero id arcu."
      RenderBlock (anonymous) at (0,244) size 784x154
        RenderIFrame {IFRAME} at (0,0) size 304x154 [border: (2px inset #000000)]
          layer at (0,0) size 608x226
            RenderView at (0,0) size 285x135
          layer at (0,0) size 285x226
            RenderBlock {HTML} at (0,0) size 285x226
              RenderBody {BODY} at (8,8) size 269x210
                RenderBlock {DIV} at (0,0) size 600x210
                  RenderText {#text} at (0,0) size 592x90
                    text run at (0,0) width 587: "Lorem ipsum dolor sit amet, consectetur adipiscing elit. "
                    text run at (0,30) width 592: "Maecenas eu nisl leo, vel commodo nibh. Fusce suscipit "
                    text run at (0,60) width 535: "arcu eu elit vulputate non hendrerit velit consequat."
                  RenderBR {BR} at (534,60) size 1x30
                  RenderText {#text} at (0,90) size 585x120
                    text run at (0,90) width 585: "Etiam venenatis posuere nisl id sagittis. Fusce tincidunt "
                    text run at (0,120) width 551: "velit at sapien porta ornare. Morbi egestas, diam nec "
                    text run at (0,150) width 581: "ultricies molestie, est velit ultricies leo, aliquet placerat "
                    text run at (0,180) width 203: "justo libero id arcu."
        RenderText {#text} at (0,0) size 0x0
