layer at (0,0) size 800x600
  RenderView at (0,0) size 800x600
layer at (0,0) size 800x600
  RenderBlock {HTML} at (0,0) size 800x600
    RenderBody {BODY} at (8,8) size 784x576
      RenderBlock (anonymous) at (0,0) size 784x26
        RenderText {#text} at (0,0) size 323x26
          text run at (0,0) width 323: "'1' markers should be the same size"
      RenderBlock {OL} at (0,42) size 784x52
        RenderListItem {LI} at (40,0) size 744x52
          RenderBlock (anonymous) at (0,0) size 744x26
            RenderListMarker at (-29,0) size 23x26: "1"
            RenderText {#text} at (0,0) size 36x26
              text run at (0,0) width 36: "first"
          RenderBlock {OL} at (0,26) size 744x26
            RenderListItem {LI} at (40,0) size 704x26
              RenderListMarker at (-29,0) size 23x26: "1"
              RenderText {#text} at (0,0) size 64x26
                text run at (0,0) width 64: "second"
