layer at (0,0) size 785x1506
  RenderView at (0,0) size 785x600
layer at (0,0) size 785x600
  RenderBlock {HTML} at (0,0) size 785x600
    RenderBody {BODY} at (8,10) size 769x580
      RenderBlock {DIV} at (10,0) size 749x124 [border: (2px solid #000000)]
        RenderBlock {P} at (12,28) size 725x72
          RenderInline {B} at (0,0) size 715x36
            RenderText {#text} at (0,0) size 715x36
              text run at (0,0) width 715: "This text shouldn't autosize. Usually this appears to be a designer's fault, when the new text is added, but"
              text run at (0,18) width 584: "block height is not changed. Or an overflow was made intentionally for some purpose."
          RenderText {#text} at (583,18) size 712x54
            text run at (583,18) width 129: " Lorem ipsum dolor"
            text run at (0,36) width 674: "sit amet, consectetuer adipiscing elit, sed diam nonummy nibh euismod tincidunt ut laoreet dolore magna"
            text run at (0,54) width 140: "aliquam erat volutpat."
        RenderBlock {P} at (12,116) size 725x72
          RenderText {#text} at (0,0) size 720x72
            text run at (0,0) width 686: "Ut wisi enim ad minim veniam, quis nostrud exerci tation ullamcorper suscipit lobortis nisl ut aliquip ex ea"
            text run at (0,18) width 720: "commodo consequat. Duis autem vel eum iriure dolor in hendrerit in vulputate velit esse molestie consequat, vel"
            text run at (0,36) width 677: "illum dolore eu feugiat nulla facilisis at vero eros et accumsan et iusto odio dignissim qui blandit praesent"
            text run at (0,54) width 407: "luptatum zzril delenit augue duis dolore te feugait nulla facilisi."
        RenderBlock {DIV} at (22,204) size 705x1292 [border: (2px solid #000000)]
          RenderBlock (anonymous) at (12,12) size 681x36
            RenderInline {B} at (0,0) size 108x18
              RenderText {#text} at (0,0) size 108x18
                text run at (0,0) width 108: "Still should not."
            RenderText {#text} at (107,0) size 638x36
              text run at (107,0) width 531: " Lorem ipsum dolor sit amet, consectetuer adipiscing elit, sed diam nonummy nibh"
              text run at (0,18) width 415: "euismod tincidunt ut laoreet dolore magna aliquam erat volutpat."
          RenderBlock {P} at (12,64) size 681x72
            RenderText {#text} at (0,0) size 668x72
              text run at (0,0) width 668: "Ut wisi enim ad minim veniam, quis nostrud exerci tation ullamcorper suscipit lobortis nisl ut aliquip ex"
              text run at (0,18) width 643: "ea commodo consequat. Duis autem vel eum iriure dolor in hendrerit in vulputate velit esse molestie"
              text run at (0,36) width 667: "consequat, vel illum dolore eu feugiat nulla facilisis at vero eros et accumsan et iusto odio dignissim qui"
              text run at (0,54) width 512: "blandit praesent luptatum zzril delenit augue duis dolore te feugait nulla facilisi."
          RenderBlock {DIV} at (22,152) size 661x1118 [border: (2px solid #000000)]
            RenderBlock (anonymous) at (12,12) size 637x36
              RenderInline {B} at (0,0) size 108x18
                RenderText {#text} at (0,0) size 108x18
                  text run at (0,0) width 108: "Still should not."
              RenderText {#text} at (107,0) size 606x36
                text run at (107,0) width 499: " Lorem ipsum dolor sit amet, consectetuer adipiscing elit, sed diam nonummy"
                text run at (0,18) width 447: "nibh euismod tincidunt ut laoreet dolore magna aliquam erat volutpat."
            RenderBlock {P} at (12,64) size 637x72
              RenderText {#text} at (0,0) size 635x72
                text run at (0,0) width 600: "Ut wisi enim ad minim veniam, quis nostrud exerci tation ullamcorper suscipit lobortis nisl ut"
                text run at (0,18) width 622: "aliquip ex ea commodo consequat. Duis autem vel eum iriure dolor in hendrerit in vulputate velit"
                text run at (0,36) width 633: "esse molestie consequat, vel illum dolore eu feugiat nulla facilisis at vero eros et accumsan et iusto"
                text run at (0,54) width 635: "odio dignissim qui blandit praesent luptatum zzril delenit augue duis dolore te feugait nulla facilisi."
            RenderBlock {DIV} at (22,152) size 617x944 [border: (2px solid #000000)]
              RenderBlock {P} at (12,28) size 593x186
                RenderInline {B} at (0,0) size 542x93
                  RenderText {#text} at (0,0) size 542x93
                    text run at (0,0) width 542: "This text should autoresize. Sometimes content is"
                    text run at (0,31) width 541: "being put in fixed-height (by a mistake) blocks to"
                    text run at (0,62) width 199: "apply some styles."
                RenderText {#text} at (198,62) size 576x124
                  text run at (198,62) width 303: " Lorem ipsum dolor sit amet,"
                  text run at (0,93) width 554: "consectetuer adipiscing elit, sed diam nonummy nibh"
                  text run at (0,124) width 576: "euismod tincidunt ut laoreet dolore magna aliquam erat"
                  text run at (0,155) width 92: "volutpat."
              RenderBlock {P} at (12,230) size 593x248
                RenderText {#text} at (0,0) size 588x248
                  text run at (0,0) width 534: "Ut wisi enim ad minim veniam, quis nostrud exerci"
                  text run at (0,31) width 574: "tation ullamcorper suscipit lobortis nisl ut aliquip ex ea"
                  text run at (0,62) width 588: "commodo consequat. Duis autem vel eum iriure dolor in"
                  text run at (0,93) width 577: "hendrerit in vulputate velit esse molestie consequat, vel"
                  text run at (0,124) width 537: "illum dolore eu feugiat nulla facilisis at vero eros et"
                  text run at (0,155) width 557: "accumsan et iusto odio dignissim qui blandit praesent"
                  text run at (0,186) width 577: "luptatum zzril delenit augue duis dolore te feugait nulla"
                  text run at (0,217) width 78: "facilisi."
              RenderBlock {DIV} at (22,494) size 573x428 [border: (2px solid #000000)]
                RenderBlock (anonymous) at (12,12) size 549x124
                  RenderInline {B} at (0,0) size 166x31
                    RenderText {#text} at (0,0) size 166x31
                      text run at (0,0) width 166: "Should as well."
                  RenderText {#text} at (165,0) size 502x124
                    text run at (165,0) width 303: " Lorem ipsum dolor sit amet,"
                    text run at (0,31) width 502: "consectetuer adipiscing elit, sed diam nonummy"
                    text run at (0,62) width 493: "nibh euismod tincidunt ut laoreet dolore magna"
                    text run at (0,93) width 228: "aliquam erat volutpat."
                RenderBlock {P} at (12,152) size 549x248
                  RenderText {#text} at (0,0) size 544x248
                    text run at (0,0) width 534: "Ut wisi enim ad minim veniam, quis nostrud exerci"
                    text run at (0,31) width 544: "tation ullamcorper suscipit lobortis nisl ut aliquip ex"
                    text run at (0,62) width 529: "ea commodo consequat. Duis autem vel eum iriure"
                    text run at (0,93) width 510: "dolor in hendrerit in vulputate velit esse molestie"
                    text run at (0,124) width 539: "consequat, vel illum dolore eu feugiat nulla facilisis"
                    text run at (0,155) width 538: "at vero eros et accumsan et iusto odio dignissim qui"
                    text run at (0,186) width 513: "blandit praesent luptatum zzril delenit augue duis"
                    text run at (0,217) width 313: "dolore te feugait nulla facilisi."
