layer at (0,0) size 800x600
  RenderView at (0,0) size 800x600
layer at (0,0) size 800x600
  RenderBlock {HTML} at (0,0) size 800x600
    RenderBody {BODY} at (8,8) size 784x584
      RenderBlock (anonymous) at (0,0) size 784x20
        RenderText {#text} at (0,0) size 537x19
          text run at (0,0) width 537: "The two divs below should be on the same line, since they are display: inline-block."
      RenderBlock {CENTER} at (0,20) size 784x24
        RenderBlock {DIV} at (88,0) size 304x24 [border: (2px solid #0000FF)]
          RenderText {#text} at (102,2) size 100x19
            text run at (102,2) width 100: "This is div one."
        RenderBlock {DIV} at (392,0) size 304x24 [border: (2px solid #0000FF)]
          RenderText {#text} at (102,2) size 100x19
            text run at (102,2) width 100: "This is div two."
        RenderText {#text} at (0,0) size 0x0
      RenderBlock (anonymous) at (0,44) size 784x68
        RenderText {#text} at (0,0) size 743x19
          text run at (0,0) width 743: "The two marquees below should be on separate lines, since marquees fill the width of a containing block by default."
        RenderInline {SPAN} at (0,0) size 784x43
          RenderText {#text} at (0,0) size 0x0
          RenderText {#text} at (0,0) size 0x0
          RenderText {#text} at (0,0) size 0x0
        RenderText {#text} at (0,0) size 0x0
layer at (8,72) size 784x24 clip at (10,74) size 780x20 scrollX -780
  RenderBlock {MARQUEE} at (0,20) size 784x24 [border: (2px solid #008000)]
    RenderText {#text} at (2,2) size 99x19
      text run at (2,2) width 99: "This is div one."
layer at (8,96) size 784x24 clip at (10,98) size 780x20 scrollX -780
  RenderBlock {MARQUEE} at (0,44) size 784x24 [border: (2px solid #008000)]
    RenderText {#text} at (2,2) size 100x19
      text run at (2,2) width 100: "This is div two."
