layer at (0,0) size 800x600
  RenderView at (0,0) size 800x600
layer at (0,0) size 800x600
  RenderBlock {HTML} at (0,0) size 800x600
    RenderBody {BODY} at (8,8) size 784x584
      RenderText {#text} at (0,0) size 750x39
        text run at (0,0) width 750: "It is not clear what the right behavior is here. The CSS2.1 draft is currently ambiguous about how to handle overflow"
        text run at (0,20) width 46: "blocks."
      RenderBR {BR} at (45,20) size 1x19
      RenderText {#text} at (104,429) size 4x19
        text run at (104,429) width 4: " "
      RenderText {#text} at (0,0) size 0x0
layer at (8,248) size 104x204 clip at (10,250) size 85x200 scrollHeight 520
  RenderBlock {DIV} at (0,240) size 104x204 [border: (2px solid #800080)]
    RenderText {#text} at (2,2) size 81x39
      text run at (2,2) width 81: "This is some"
      text run at (2,22) width 28: "text."
    RenderBR {BR} at (29,22) size 1x19
    RenderText {#text} at (2,42) size 81x39
      text run at (2,42) width 81: "This is some"
      text run at (2,62) width 28: "text."
    RenderBR {BR} at (29,62) size 1x19
    RenderText {#text} at (2,82) size 81x39
      text run at (2,82) width 81: "This is some"
      text run at (2,102) width 28: "text."
    RenderBR {BR} at (29,102) size 1x19
    RenderText {#text} at (2,122) size 81x39
      text run at (2,122) width 81: "This is some"
      text run at (2,142) width 28: "text."
    RenderBR {BR} at (29,142) size 1x19
    RenderText {#text} at (2,162) size 81x39
      text run at (2,162) width 81: "This is some"
      text run at (2,182) width 28: "text."
    RenderBR {BR} at (29,182) size 1x19
    RenderText {#text} at (2,202) size 81x39
      text run at (2,202) width 81: "This is some"
      text run at (2,222) width 28: "text."
    RenderBR {BR} at (29,222) size 1x19
    RenderText {#text} at (2,242) size 81x39
      text run at (2,242) width 81: "This is some"
      text run at (2,262) width 28: "text."
    RenderBR {BR} at (29,262) size 1x19
    RenderText {#text} at (2,282) size 81x39
      text run at (2,282) width 81: "This is some"
      text run at (2,302) width 28: "text."
    RenderBR {BR} at (29,302) size 1x19
    RenderText {#text} at (2,322) size 81x39
      text run at (2,322) width 81: "This is some"
      text run at (2,342) width 28: "text."
    RenderBR {BR} at (29,342) size 1x19
    RenderText {#text} at (2,362) size 81x39
      text run at (2,362) width 81: "This is some"
      text run at (2,382) width 28: "text."
    RenderBR {BR} at (29,382) size 1x19
    RenderText {#text} at (2,402) size 81x39
      text run at (2,402) width 81: "This is some"
      text run at (2,422) width 28: "text."
    RenderBR {BR} at (29,422) size 1x19
    RenderText {#text} at (2,442) size 81x39
      text run at (2,442) width 81: "This is some"
      text run at (2,462) width 28: "text."
    RenderBR {BR} at (29,462) size 1x19
    RenderText {#text} at (2,482) size 81x39
      text run at (2,482) width 81: "This is some"
      text run at (2,502) width 28: "text."
    RenderBR {BR} at (29,502) size 1x19
layer at (116,48) size 204x404 clip at (118,50) size 200x400
  RenderBlock {DIV} at (108,40) size 204x404 [border: (2px solid #000000)]
    RenderText {#text} at (2,2) size 113x19
      text run at (2,2) width 113: "This is some text."
    RenderBR {BR} at (114,2) size 1x19
    RenderText {#text} at (2,22) size 113x19
      text run at (2,22) width 113: "This is some text."
    RenderBR {BR} at (114,22) size 1x19
    RenderText {#text} at (2,42) size 113x19
      text run at (2,42) width 113: "This is some text."
    RenderBR {BR} at (114,42) size 1x19
    RenderText {#text} at (2,62) size 113x19
      text run at (2,62) width 113: "This is some text."
    RenderBR {BR} at (114,62) size 1x19
    RenderText {#text} at (2,82) size 113x19
      text run at (2,82) width 113: "This is some text."
    RenderBR {BR} at (114,82) size 1x19
    RenderText {#text} at (2,102) size 113x19
      text run at (2,102) width 113: "This is some text."
    RenderBR {BR} at (114,102) size 1x19
    RenderText {#text} at (2,122) size 113x19
      text run at (2,122) width 113: "This is some text."
    RenderBR {BR} at (114,122) size 1x19
    RenderText {#text} at (2,142) size 113x19
      text run at (2,142) width 113: "This is some text."
    RenderBR {BR} at (114,142) size 1x19
    RenderText {#text} at (2,162) size 113x19
      text run at (2,162) width 113: "This is some text."
    RenderBR {BR} at (114,162) size 1x19
    RenderText {#text} at (2,182) size 113x19
      text run at (2,182) width 113: "This is some text."
    RenderBR {BR} at (114,182) size 1x19
    RenderText {#text} at (2,202) size 113x19
      text run at (2,202) width 113: "This is some text."
    RenderBR {BR} at (114,202) size 1x19
    RenderText {#text} at (2,222) size 113x19
      text run at (2,222) width 113: "This is some text."
    RenderBR {BR} at (114,222) size 1x19
    RenderText {#text} at (2,242) size 113x19
      text run at (2,242) width 113: "This is some text."
    RenderBR {BR} at (114,242) size 1x19
