layer at (0,0) size 800x600
  RenderView at (0,0) size 800x600
layer at (0,0) size 800x600
  RenderBlock {HTML} at (0,0) size 800x600
    RenderBody {BODY} at (8,8) size 784x579
      RenderBlock {PRE} at (0,0) size 304x34 [border: (2px solid #008000)]
        RenderText {#text} at (2,2) size 96x30
          text run at (2,2) width 88: "This should"
          text run at (90,2) width 0: " "
          text run at (2,17) width 96: "not justify."
          text run at (98,17) width 0: " "
