layer at (0,0) size 800x600
  RenderView at (0,0) size 800x600
layer at (0,0) size 800x158
  RenderBlock {html} at (0,0) size 800x158
    RenderBody {body} at (8,16) size 784x134
      RenderBlock {p} at (0,0) size 784x18
        RenderText {#text} at (0,0) size 136x17
          text run at (0,0) width 136: "Test passes if there is "
        RenderInline {strong} at (0,0) size 45x17
          RenderText {#text} at (135,0) size 45x17
            text run at (135,0) width 45: "no red"
        RenderText {#text} at (179,0) size 5x17
          text run at (179,0) width 5: "."
      RenderBlock {div} at (0,34) size 784x100 [color=#FF0000]
        RenderText {#text} at (0,0) size 400x100
          text run at (0,0) width 400: "FAIL"
