layer at (0,0) size 800x600
  RenderView at (0,0) size 800x600
layer at (0,0) size 800x171
  RenderBlock {HTML} at (0,0) size 800x171
    RenderBody {BODY} at (8,8) size 784x155
      RenderSVGRoot {svg} at (8,8) size 0x0
        RenderSVGResourceFilter {filter} [id="filter"] [filterUnits=objectBoundingBox] [primitiveUnits=userSpaceOnUse]
      RenderText {#text} at (300,135) size 4x19
        text run at (300,135) width 4: " "
      RenderSVGRoot {svg} at (312,8) size 0x0
        RenderSVGForeignObject {foreignObject} at (0,0) size 0x0
          RenderText {#text} at (0,0) size 21x19
            text run at (0,0) width 21: "FO"
      RenderText {#text} at (0,0) size 0x0
