layer at (0,0) size 800x600
  RenderView at (0,0) size 800x600
layer at (0,0) size 800x600
  RenderBlock {HTML} at (0,0) size 800x600
    RenderBody {BODY} at (8,8) size 784x579
      RenderBlock {PRE} at (0,0) size 784x14
        RenderText {#text} at (0,0) size 749x14
          text run at (0,0) width 749: "{\"error\": {\"code\": 404, \"message\": \"(404, 'This test cannot be loaded in serviceworker mode')\"}}"
