layer at (0,0) size 800x600
  RenderView at (0,0) size 800x600
layer at (0,0) size 800x222
  RenderBlock {HTML} at (0,0) size 800x222
    RenderBody {BODY} at (8,16) size 784x190
      RenderBlock {P} at (0,0) size 784x87
        RenderText {#text} at (0,67) size 132x19
          text run at (0,67) width 132: "Large LTR radicals: "
        RenderMathMLMath {math} at (131,0) size 25x82
          RenderMathMLRoot {msqrt} at (0,0) size 15x82
            RenderMathMLSpace {mspace} at (14,1) size 0x81
          RenderMathMLRoot {msqrt} at (14,0) size 10x82
            RenderMathMLSpace {mspace} at (8,1) size 0x81
        RenderText {#text} at (0,0) size 0x0
      RenderBlock {P} at (0,103) size 784x87
        RenderText {#text} at (0,67) size 132x19
          text run at (0,67) width 132: "Large RTL radicals: "
        RenderMathMLMath {math} at (131,0) size 25x82
          RenderMathMLRoot {msqrt} at (8,0) size 16x82
            RenderMathMLSpace {mspace} at (0,1) size 0x81
          RenderMathMLRoot {msqrt} at (0,0) size 9x82
            RenderMathMLSpace {mspace} at (0,1) size 0x81
        RenderText {#text} at (0,0) size 0x0
