layer at (0,0) size 785x585
  RenderView at (0,0) size 785x585
layer at (0,0) size 785x340
  RenderBlock {HTML} at (0,0) size 785x340
    RenderBody {BODY} at (8,170) size 162x162 [color=#000080] [border: (1px solid #000080)]
      RenderBlock {P} at (1,17) size 160x126
        RenderText {#text} at (0,0) size 158x126
          text run at (0,0) width 104: "There should be"
          text run at (0,18) width 109: "scrollbars for the"
          text run at (0,36) width 146: "viewport -- not for this"
          text run at (0,54) width 158: "box. (Additionally, there"
          text run at (0,72) width 144: "should be a box above"
          text run at (0,90) width 92: "that does have"
          text run at (0,108) width 72: "scrollbars.)"
      RenderBlock {P} at (1,159) size 160x18 [color=#808080]
        RenderText {#text} at (0,0) size 110x18
          text run at (0,0) width 110: "This is filler text."
      RenderBlock {P} at (1,193) size 160x18 [color=#808080]
        RenderText {#text} at (0,0) size 110x18
          text run at (0,0) width 110: "This is filler text."
      RenderBlock {P} at (1,227) size 160x18 [color=#808080]
        RenderText {#text} at (0,0) size 110x18
          text run at (0,0) width 110: "This is filler text."
      RenderBlock {P} at (1,261) size 160x18 [color=#808080]
        RenderText {#text} at (0,0) size 110x18
          text run at (0,0) width 110: "This is filler text."
layer at (0,0) size 162x162 clip at (1,1) size 145x145
  RenderBlock {body} at (0,0) size 162x162 [color=#000080] [border: (1px solid #000080)]
