layer at (0,0) size 800x600
  RenderView at (0,0) size 800x600
layer at (0,0) size 800x600
  RenderBlock {HTML} at (0,0) size 800x600
    RenderBody {BODY} at (8,8) size 784x584
      RenderTable {TABLE} at (0,0) size 450x112 [border: (1px solid #000000)]
        RenderTableSection {TBODY} at (1,1) size 448x110
          RenderTableRow {TR} at (0,2) size 448x106
            RenderTableCell {TD} at (2,2) size 444x106 [r=0 c=0 rs=1 cs=1]
              RenderTable {TABLE} at (1,1) size 442x28 [border: (1px solid #FF0000)]
                RenderTableSection {TBODY} at (1,1) size 440x26
                  RenderTableRow {TR} at (0,2) size 440x22
                    RenderTableCell {TD} at (2,2) size 436x22 [r=0 c=0 rs=1 cs=1]
                      RenderText {#text} at (1,1) size 23x19
                        text run at (1,1) width 23: "test"
              RenderTable {TABLE} at (1,29) size 438x76 [border: (1px solid #000000)]
                RenderTableSection {TBODY} at (1,1) size 436x74
                  RenderTableRow {TR} at (0,2) size 436x70
                    RenderTableCell {TD} at (2,2) size 432x70 [r=0 c=0 rs=1 cs=1]
                      RenderTable {TABLE} at (1,1) size 315x68 [border: (1px solid #000000)]
                        RenderTableSection {TBODY} at (1,1) size 313x66
                          RenderTableRow {TR} at (0,2) size 313x62
                            RenderTableCell {TD} at (2,2) size 309x62 [r=0 c=0 rs=1 cs=1]
                              RenderImage {IMG} at (1,7) size 9x9
                              RenderText {#text} at (10,1) size 131x19
                                text run at (10,1) width 131: " Shop Till You Drop"
                              RenderBR {BR} at (140,1) size 1x19
                              RenderText {#text} at (1,21) size 281x19
                                text run at (1,21) width 281: "From Regina Lewis, AOL's Online Advisor"
                              RenderBR {BR} at (281,21) size 1x19
                              RenderImage {IMG} at (1,47) size 9x9
                              RenderText {#text} at (10,41) size 298x19
                                text run at (10,41) width 298: " Forget Dates? Don't Worry We'll Remind You"
                              RenderBR {BR} at (307,41) size 1x19
