layer at (0,0) size 800x600
  RenderView at (0,0) size 800x600
layer at (0,0) size 800x600
  RenderBlock {HTML} at (0,0) size 800x600
    RenderBody {BODY} at (8,8) size 784x576
      RenderBlock {FORM} at (0,0) size 784x27
        RenderTable {TABLE} at (0,0) size 706x27 [bgcolor=#FFE030] [border: (1px outset #808080)]
          RenderTableSection {TBODY} at (1,1) size 704x25
            RenderTableRow {TR} at (0,0) size 704x25
              RenderTableCell {TD} at (0,0) size 704x25 [border: (1px inset #808080)] [r=0 c=0 rs=1 cs=1]
                RenderInline {NOBR} at (1,1) size 702x19
                  RenderTextControl {INPUT} at (1,2) size 225x22 [bgcolor=#FFFFFF] [border: (1px solid #3C3C4399)]
                  RenderText {#text} at (225,1) size 15x19
                    text run at (225,1) width 15: " - "
                  RenderTextControl {INPUT} at (239,2) size 225x22 [bgcolor=#FFFFFF] [border: (1px solid #3C3C4399)]
                  RenderText {#text} at (463,1) size 15x19
                    text run at (463,1) width 15: " - "
                  RenderTextControl {INPUT} at (477,2) size 226x22 [bgcolor=#FFFFFF] [border: (1px solid #3C3C4399)]
                RenderText {#text} at (0,0) size 0x0
            RenderTableRow {TR} at (0,24) size 704x0
layer at (17,14) size 211x14
  RenderBlock {DIV} at (6,3) size 213x15
layer at (255,14) size 211x14
  RenderBlock {DIV} at (6,3) size 213x15
layer at (493,14) size 211x14
  RenderBlock {DIV} at (6,3) size 213x15
