layer at (0,0) size 800x600
  RenderView at (0,0) size 800x600
layer at (0,0) size 800x600
  RenderBlock {HTML} at (0,0) size 800x600
    RenderBody {BODY} at (8,8) size 784x584
      RenderBlock {P} at (0,0) size 784x40
        RenderInline {B} at (0,0) size 779x39
          RenderText {#text} at (0,0) size 779x39
            text run at (0,0) width 779: "original page, stripped down to the problem table (pattern: auto width table with first row has specified width and"
            text run at (0,20) width 383: "colspan=2, second row has two specified width columns)"
      RenderTable {TABLE} at (0,56) size 506x216 [border: (1px outset #808080)]
        RenderTableSection {TBODY} at (1,1) size 504x214
          RenderTableRow {TR} at (0,2) size 504x104
            RenderTableCell {TD} at (2,2) size 500x104 [border: (1px inset #808080)] [r=0 c=0 rs=1 cs=2]
              RenderText {#text} at (2,2) size 489x99
                text run at (2,2) width 439: "Cons For Pokemon \"They're Pokemon card sharks out there. This is "
                text run at (440,2) width 39: "worse"
                text run at (2,22) width 415: "than the Cabbage Patch Kid craze because now it's the kids who "
                text run at (416,22) width 75: "are actually"
                text run at (2,42) width 303: "fighting each other instead of just the parents.\" "
                text run at (304,42) width 136: "-- Children are doing"
                text run at (2,62) width 283: "anything, including breaking the law, to get "
                text run at (284,62) width 178: "their grubby hands on some"
                text run at (2,82) width 188: "trading cards, observe police."
          RenderTableRow {TR} at (0,108) size 504x104
            RenderTableCell {TD} at (2,108) size 272x24 [border: (1px inset #808080)] [r=1 c=0 rs=1 cs=1]
              RenderText {#text} at (2,2) size 41x19
                text run at (2,2) width 41: "ASDF"
            RenderTableCell {TD} at (276,108) size 226x104 [border: (1px inset #808080)] [r=1 c=1 rs=1 cs=1]
              RenderText {#text} at (2,2) size 198x99
                text run at (2,2) width 33: "Sat., "
                text run at (34,2) width 90: "Dec 11, 1999 "
                text run at (123,2) width 72: "Gay Union"
                text run at (2,22) width 198: "Kibosh Hawaii Supreme Court"
                text run at (2,42) width 64: "slams the "
                text run at (65,42) width 114: "door on same-sex"
                text run at (2,62) width 173: "marriages. All eyes look to"
                text run at (2,82) width 60: "Vermont."
      RenderBlock (anonymous) at (0,272) size 784x20
        RenderBR {BR} at (0,0) size 0x19
      RenderBlock {P} at (0,308) size 784x20
        RenderInline {B} at (0,0) size 345x19
          RenderText {#text} at (0,0) size 345x19
            text run at (0,0) width 345: "same table, but less content (text) in the first cell ..."
      RenderTable {TABLE} at (0,344) size 506x136 [border: (1px outset #808080)]
        RenderTableSection {TBODY} at (1,1) size 504x134
          RenderTableRow {TR} at (0,2) size 504x24
            RenderTableCell {TD} at (2,2) size 500x24 [border: (1px inset #808080)] [r=0 c=0 rs=1 cs=2]
              RenderText {#text} at (2,2) size 435x19
                text run at (2,2) width 435: "Cons For Pokemon \"They're Pokemon card sharks out there. This is"
          RenderTableRow {TR} at (0,28) size 504x104
            RenderTableCell {TD} at (2,28) size 272x24 [border: (1px inset #808080)] [r=1 c=0 rs=1 cs=1]
              RenderText {#text} at (2,2) size 41x19
                text run at (2,2) width 41: "ASDF"
            RenderTableCell {TD} at (276,28) size 226x104 [border: (1px inset #808080)] [r=1 c=1 rs=1 cs=1]
              RenderText {#text} at (2,2) size 198x99
                text run at (2,2) width 33: "Sat., "
                text run at (34,2) width 90: "Dec 11, 1999 "
                text run at (123,2) width 72: "Gay Union"
                text run at (2,22) width 198: "Kibosh Hawaii Supreme Court"
                text run at (2,42) width 64: "slams the "
                text run at (65,42) width 114: "door on same-sex"
                text run at (2,62) width 173: "marriages. All eyes look to"
                text run at (2,82) width 60: "Vermont."
