layer at (0,0) size 800x600
  RenderView at (0,0) size 800x600
layer at (0,0) size 800x600
  RenderBlock {HTML} at (0,0) size 800x600
    RenderBody {BODY} at (8,8) size 784x584
      RenderTable {TABLE} at (0,0) size 784x156
        RenderTableSection {TBODY} at (0,0) size 784x156
          RenderTableRow {TR} at (0,0) size 784x82
            RenderTableCell {TD} at (0,0) size 785x82 [r=0 c=0 rs=1 cs=4]
              RenderBR {BR} at (392,1) size 1x19
              RenderInline {FONT} at (0,0) size 732x59
                RenderText {#text} at (26,21) size 732x39
                  text run at (26,21) width 183: "The Supreme Court says "
                  text run at (208,21) width 550: "Wisconsin can continue using tuition vouchers to help poor parents send their"
                  text run at (212,41) width 223: "children to church-run schools. "
                  text run at (434,41) width 138: "What's your stand?"
                RenderBR {BR} at (571,41) size 1x19
                RenderBR {BR} at (392,61) size 1x19
              RenderText {#text} at (0,0) size 0x0
          RenderTableRow {TR} at (0,82) size 784x24
            RenderTableCell {TD} at (0,85) size 530x18 [r=1 c=0 rs=1 cs=1]
              RenderInline {FONT} at (0,0) size 142x15
                RenderText {#text} at (387,1) size 142x15
                  text run at (387,1) width 142: "I agree with the program"
              RenderText {#text} at (0,0) size 0x0
            RenderTableCell {TD} at (529,82) size 76x24 [r=1 c=1 rs=1 cs=1]
              RenderBlock {INPUT} at (3,4) size 16x16 [bgcolor=#FFFFFF03]
          RenderTableRow {TR} at (0,106) size 784x24
            RenderTableCell {TD} at (0,109) size 530x18 [r=2 c=0 rs=1 cs=1]
              RenderInline {FONT} at (0,0) size 154x15
                RenderText {#text} at (375,1) size 154x15
                  text run at (375,1) width 154: "I think vouchers are wrong"
              RenderText {#text} at (0,0) size 0x0
            RenderTableCell {TD} at (529,106) size 76x24 [r=2 c=1 rs=1 cs=1]
              RenderBlock {INPUT} at (3,4) size 16x16 [bgcolor=#FFFFFF03]
          RenderTableRow {TR} at (0,130) size 784x26
            RenderTableCell {TD} at (0,134) size 605x18 [r=3 c=0 rs=1 cs=2]
              RenderInline {A} at (0,0) size 76x19 [color=#0000EE]
                RenderInline {FONT} at (0,0) size 76x15
                  RenderText {#text} at (264,1) size 76x15
                    text run at (264,1) width 76: "View Results"
              RenderInline {FONT} at (0,0) size 1x15
                RenderText {#text} at (0,0) size 0x0
            RenderTableCell {TD} at (604,130) size 181x26 [r=3 c=2 rs=1 cs=2]
              RenderButton {INPUT} at (66,3) size 47x20 [color=#FFFFFF] [bgcolor=#007AFF]
                RenderBlock (anonymous) at (11,3) size 25x14
                  RenderText at (0,0) size 25x14
                    text run at (0,0) width 25: "vote"
              RenderText {#text} at (0,0) size 0x0
