layer at (0,0) size 800x600
  RenderView at (0,0) size 800x600
layer at (0,0) size 800x600
  RenderBlock {HTML} at (0,0) size 800x600
    RenderBody {BODY} at (8,8) size 784x576
      RenderBlock {P} at (0,0) size 784x40
        RenderBlock (anonymous) at (0,0) size 784x14
          RenderInline {CODE} at (0,0) size 242x14
            RenderText {#text} at (0,0) size 242x14
              text run at (0,0) width 242: "<TABLE border=\"0\" frame=\"void\">"
          RenderText {#text} at (0,0) size 0x0
        RenderTable {TABLE} at (0,14) size 73x26
          RenderTableSection {TBODY} at (0,0) size 73x26
            RenderTableRow {TR} at (0,2) size 73x22
              RenderTableCell {TD} at (2,2) size 29x22 [r=0 c=0 rs=1 cs=1]
                RenderText {#text} at (1,1) size 27x19
                  text run at (1,1) width 27: "Left"
              RenderTableCell {TD} at (32,2) size 39x22 [r=0 c=1 rs=1 cs=1]
                RenderText {#text} at (1,1) size 36x19
                  text run at (1,1) width 36: "Right"
