layer at (0,0) size 800x7329
  RenderView at (0,0) size 800x600
layer at (0,0) size 800x7329
  RenderBlock {HTML} at (0,0) size 800x7329
    RenderBody {BODY} at (8,21) size 784x7292
      RenderBlock {H1} at (0,0) size 784x38
        RenderText {#text} at (0,1) size 250x36
          text run at (0,1) width 250: "table-layout: fixed"
      RenderBlock {P} at (0,59) size 784x21
        RenderText {#text} at (0,0) size 575x19
          text run at (0,0) width 575: "The following tables should be laid out in the traditional manner because their widths are "
        RenderInline {CODE} at (0,0) size 32x17
          RenderText {#text} at (574,2) size 32x17
            text run at (574,2) width 32: "auto"
        RenderText {#text} at (605,0) size 6x19
          text run at (605,0) width 6: ":"
      RenderTable {TABLE} at (0,95) size 111x55
        RenderTableSection {TBODY} at (0,0) size 111x54
          RenderTableRow {TR} at (0,2) size 111x24
            RenderTableCell {TD} at (2,2) size 35x24 [border: (1px solid #000000)] [r=0 c=0 rs=1 cs=1]
              RenderText {#text} at (2,2) size 31x19
                text run at (2,2) width 31: "Data"
            RenderTableCell {TD} at (38,2) size 35x24 [border: (1px solid #000000)] [r=0 c=1 rs=1 cs=1]
              RenderText {#text} at (2,2) size 31x19
                text run at (2,2) width 31: "Data"
            RenderTableCell {TD} at (74,2) size 35x24 [border: (1px solid #000000)] [r=0 c=2 rs=1 cs=1]
              RenderText {#text} at (2,2) size 31x19
                text run at (2,2) width 31: "Data"
          RenderTableRow {TR} at (0,28) size 111x24
            RenderTableCell {TD} at (2,28) size 35x24 [border: (1px solid #000000)] [r=1 c=0 rs=1 cs=1]
              RenderText {#text} at (2,2) size 31x19
                text run at (2,2) width 31: "Data"
            RenderTableCell {TD} at (38,28) size 35x24 [border: (1px solid #000000)] [r=1 c=1 rs=1 cs=1]
              RenderText {#text} at (2,2) size 31x19
                text run at (2,2) width 31: "Data"
            RenderTableCell {TD} at (74,28) size 35x24 [border: (1px solid #000000)] [r=1 c=2 rs=1 cs=1]
              RenderText {#text} at (2,2) size 31x19
                text run at (2,2) width 31: "Data"
      RenderTable {TABLE} at (0,149) size 784x375
        RenderTableSection {TBODY} at (0,0) size 784x374
          RenderTableRow {TR} at (0,2) size 784x24
            RenderTableCell {TD} at (2,2) size 35x24 [border: (1px solid #000000)] [r=0 c=0 rs=1 cs=1]
              RenderText {#text} at (2,2) size 31x19
                text run at (2,2) width 31: "Data"
            RenderTableCell {TD} at (38,2) size 35x24 [border: (1px solid #000000)] [r=0 c=1 rs=1 cs=1]
              RenderText {#text} at (2,2) size 31x19
                text run at (2,2) width 31: "Data"
            RenderTableCell {TD} at (74,2) size 708x24 [border: (1px solid #000000)] [r=0 c=2 rs=1 cs=1]
              RenderText {#text} at (2,2) size 31x19
                text run at (2,2) width 31: "Data"
          RenderTableRow {TR} at (0,28) size 784x344
            RenderTableCell {TD} at (2,188) size 35x24 [border: (1px solid #000000)] [r=1 c=0 rs=1 cs=1]
              RenderText {#text} at (2,2) size 31x19
                text run at (2,2) width 31: "Data"
            RenderTableCell {TD} at (38,188) size 35x24 [border: (1px solid #000000)] [r=1 c=1 rs=1 cs=1]
              RenderText {#text} at (2,2) size 31x19
                text run at (2,2) width 31: "Data"
            RenderTableCell {TD} at (74,28) size 708x344 [border: (1px solid #000000)] [r=1 c=2 rs=1 cs=1]
              RenderText {#text} at (2,2) size 701x339
                text run at (2,2) width 193: "Lots and lots and lots of data. "
                text run at (194,2) width 194: "Lots and lots and lots of data. "
                text run at (387,2) width 194: "Lots and lots and lots of data. "
                text run at (580,2) width 111: "Lots and lots and"
                text run at (2,22) width 80: "lots of data. "
                text run at (81,22) width 193: "Lots and lots and lots of data. "
                text run at (273,22) width 194: "Lots and lots and lots of data. "
                text run at (466,22) width 194: "Lots and lots and lots of data. "
                text run at (659,22) width 30: "Lots"
                text run at (2,42) width 161: "and lots and lots of data. "
                text run at (162,42) width 194: "Lots and lots and lots of data. "
                text run at (355,42) width 194: "Lots and lots and lots of data. "
                text run at (548,42) width 155: "Lots and lots and lots of"
                text run at (2,62) width 35: "data. "
                text run at (36,62) width 194: "Lots and lots and lots of data. "
                text run at (229,62) width 194: "Lots and lots and lots of data. "
                text run at (422,62) width 194: "Lots and lots and lots of data. "
                text run at (615,62) width 83: "Lots and lots"
                text run at (2,82) width 107: "and lots of data. "
                text run at (108,82) width 194: "Lots and lots and lots of data. "
                text run at (301,82) width 193: "Lots and lots and lots of data. "
                text run at (493,82) width 190: "Lots and lots and lots of data."
                text run at (2,102) width 193: "Lots and lots and lots of data. "
                text run at (194,102) width 194: "Lots and lots and lots of data. "
                text run at (387,102) width 194: "Lots and lots and lots of data. "
                text run at (580,102) width 111: "Lots and lots and"
                text run at (2,122) width 80: "lots of data. "
                text run at (81,122) width 193: "Lots and lots and lots of data. "
                text run at (273,122) width 194: "Lots and lots and lots of data. "
                text run at (466,122) width 194: "Lots and lots and lots of data. "
                text run at (659,122) width 30: "Lots"
                text run at (2,142) width 161: "and lots and lots of data. "
                text run at (162,142) width 194: "Lots and lots and lots of data. "
                text run at (355,142) width 194: "Lots and lots and lots of data. "
                text run at (548,142) width 155: "Lots and lots and lots of"
                text run at (2,162) width 35: "data. "
                text run at (36,162) width 194: "Lots and lots and lots of data. "
                text run at (229,162) width 194: "Lots and lots and lots of data. "
                text run at (422,162) width 194: "Lots and lots and lots of data. "
                text run at (615,162) width 83: "Lots and lots"
                text run at (2,182) width 107: "and lots of data. "
                text run at (108,182) width 194: "Lots and lots and lots of data. "
                text run at (301,182) width 193: "Lots and lots and lots of data. "
                text run at (493,182) width 190: "Lots and lots and lots of data."
                text run at (2,202) width 193: "Lots and lots and lots of data. "
                text run at (194,202) width 194: "Lots and lots and lots of data. "
                text run at (387,202) width 194: "Lots and lots and lots of data. "
                text run at (580,202) width 111: "Lots and lots and"
                text run at (2,222) width 80: "lots of data. "
                text run at (81,222) width 193: "Lots and lots and lots of data. "
                text run at (273,222) width 194: "Lots and lots and lots of data. "
                text run at (466,222) width 194: "Lots and lots and lots of data. "
                text run at (659,222) width 30: "Lots"
                text run at (2,242) width 161: "and lots and lots of data. "
                text run at (162,242) width 194: "Lots and lots and lots of data. "
                text run at (355,242) width 194: "Lots and lots and lots of data. "
                text run at (548,242) width 155: "Lots and lots and lots of"
                text run at (2,262) width 35: "data. "
                text run at (36,262) width 194: "Lots and lots and lots of data. "
                text run at (229,262) width 194: "Lots and lots and lots of data. "
                text run at (422,262) width 194: "Lots and lots and lots of data. "
                text run at (615,262) width 83: "Lots and lots"
                text run at (2,282) width 107: "and lots of data. "
                text run at (108,282) width 194: "Lots and lots and lots of data. "
                text run at (301,282) width 193: "Lots and lots and lots of data. "
                text run at (493,282) width 190: "Lots and lots and lots of data."
                text run at (2,302) width 193: "Lots and lots and lots of data. "
                text run at (194,302) width 194: "Lots and lots and lots of data. "
                text run at (387,302) width 194: "Lots and lots and lots of data. "
                text run at (580,302) width 111: "Lots and lots and"
                text run at (2,322) width 80: "lots of data. "
                text run at (81,322) width 193: "Lots and lots and lots of data. "
                text run at (273,322) width 190: "Lots and lots and lots of data."
      RenderTable {TABLE} at (0,523) size 784x375
        RenderTableSection {TBODY} at (0,0) size 784x374
          RenderTableRow {TR} at (0,2) size 784x344
            RenderTableCell {TD} at (2,162) size 35x24 [border: (1px solid #000000)] [r=0 c=0 rs=1 cs=1]
              RenderText {#text} at (2,2) size 31x19
                text run at (2,2) width 31: "Data"
            RenderTableCell {TD} at (38,162) size 35x24 [border: (1px solid #000000)] [r=0 c=1 rs=1 cs=1]
              RenderText {#text} at (2,2) size 31x19
                text run at (2,2) width 31: "Data"
            RenderTableCell {TD} at (74,2) size 708x344 [border: (1px solid #000000)] [r=0 c=2 rs=1 cs=1]
              RenderText {#text} at (2,2) size 701x339
                text run at (2,2) width 193: "Lots and lots and lots of data. "
                text run at (194,2) width 194: "Lots and lots and lots of data. "
                text run at (387,2) width 194: "Lots and lots and lots of data. "
                text run at (580,2) width 111: "Lots and lots and"
                text run at (2,22) width 80: "lots of data. "
                text run at (81,22) width 193: "Lots and lots and lots of data. "
                text run at (273,22) width 194: "Lots and lots and lots of data. "
                text run at (466,22) width 194: "Lots and lots and lots of data. "
                text run at (659,22) width 30: "Lots"
                text run at (2,42) width 161: "and lots and lots of data. "
                text run at (162,42) width 194: "Lots and lots and lots of data. "
                text run at (355,42) width 194: "Lots and lots and lots of data. "
                text run at (548,42) width 155: "Lots and lots and lots of"
                text run at (2,62) width 35: "data. "
                text run at (36,62) width 194: "Lots and lots and lots of data. "
                text run at (229,62) width 194: "Lots and lots and lots of data. "
                text run at (422,62) width 194: "Lots and lots and lots of data. "
                text run at (615,62) width 83: "Lots and lots"
                text run at (2,82) width 107: "and lots of data. "
                text run at (108,82) width 194: "Lots and lots and lots of data. "
                text run at (301,82) width 193: "Lots and lots and lots of data. "
                text run at (493,82) width 190: "Lots and lots and lots of data."
                text run at (2,102) width 193: "Lots and lots and lots of data. "
                text run at (194,102) width 194: "Lots and lots and lots of data. "
                text run at (387,102) width 194: "Lots and lots and lots of data. "
                text run at (580,102) width 111: "Lots and lots and"
                text run at (2,122) width 80: "lots of data. "
                text run at (81,122) width 193: "Lots and lots and lots of data. "
                text run at (273,122) width 194: "Lots and lots and lots of data. "
                text run at (466,122) width 194: "Lots and lots and lots of data. "
                text run at (659,122) width 30: "Lots"
                text run at (2,142) width 161: "and lots and lots of data. "
                text run at (162,142) width 194: "Lots and lots and lots of data. "
                text run at (355,142) width 194: "Lots and lots and lots of data. "
                text run at (548,142) width 155: "Lots and lots and lots of"
                text run at (2,162) width 35: "data. "
                text run at (36,162) width 194: "Lots and lots and lots of data. "
                text run at (229,162) width 194: "Lots and lots and lots of data. "
                text run at (422,162) width 194: "Lots and lots and lots of data. "
                text run at (615,162) width 83: "Lots and lots"
                text run at (2,182) width 107: "and lots of data. "
                text run at (108,182) width 194: "Lots and lots and lots of data. "
                text run at (301,182) width 193: "Lots and lots and lots of data. "
                text run at (493,182) width 190: "Lots and lots and lots of data."
                text run at (2,202) width 193: "Lots and lots and lots of data. "
                text run at (194,202) width 194: "Lots and lots and lots of data. "
                text run at (387,202) width 194: "Lots and lots and lots of data. "
                text run at (580,202) width 111: "Lots and lots and"
                text run at (2,222) width 80: "lots of data. "
                text run at (81,222) width 193: "Lots and lots and lots of data. "
                text run at (273,222) width 194: "Lots and lots and lots of data. "
                text run at (466,222) width 194: "Lots and lots and lots of data. "
                text run at (659,222) width 30: "Lots"
                text run at (2,242) width 161: "and lots and lots of data. "
                text run at (162,242) width 194: "Lots and lots and lots of data. "
                text run at (355,242) width 194: "Lots and lots and lots of data. "
                text run at (548,242) width 155: "Lots and lots and lots of"
                text run at (2,262) width 35: "data. "
                text run at (36,262) width 194: "Lots and lots and lots of data. "
                text run at (229,262) width 194: "Lots and lots and lots of data. "
                text run at (422,262) width 194: "Lots and lots and lots of data. "
                text run at (615,262) width 83: "Lots and lots"
                text run at (2,282) width 107: "and lots of data. "
                text run at (108,282) width 194: "Lots and lots and lots of data. "
                text run at (301,282) width 193: "Lots and lots and lots of data. "
                text run at (493,282) width 190: "Lots and lots and lots of data."
                text run at (2,302) width 193: "Lots and lots and lots of data. "
                text run at (194,302) width 194: "Lots and lots and lots of data. "
                text run at (387,302) width 194: "Lots and lots and lots of data. "
                text run at (580,302) width 111: "Lots and lots and"
                text run at (2,322) width 80: "lots of data. "
                text run at (81,322) width 193: "Lots and lots and lots of data. "
                text run at (273,322) width 190: "Lots and lots and lots of data."
          RenderTableRow {TR} at (0,348) size 784x24
            RenderTableCell {TD} at (2,348) size 35x24 [border: (1px solid #000000)] [r=1 c=0 rs=1 cs=1]
              RenderText {#text} at (2,2) size 31x19
                text run at (2,2) width 31: "Data"
            RenderTableCell {TD} at (38,348) size 35x24 [border: (1px solid #000000)] [r=1 c=1 rs=1 cs=1]
              RenderText {#text} at (2,2) size 31x19
                text run at (2,2) width 31: "Data"
            RenderTableCell {TD} at (74,348) size 708x24 [border: (1px solid #000000)] [r=1 c=2 rs=1 cs=1]
              RenderText {#text} at (2,2) size 31x19
                text run at (2,2) width 31: "Data"
      RenderBlock {P} at (0,913) size 784x21
        RenderText {#text} at (0,0) size 766x19
          text run at (0,0) width 766: "All the columns in the following three tables should divide equally the available space (100% of the width of the page):"
      RenderTable {TABLE} at (0,949) size 784x55
        RenderTableSection {TBODY} at (0,0) size 784x54
          RenderTableRow {TR} at (0,2) size 784x24
            RenderTableCell {TD} at (2,2) size 259x24 [border: (1px solid #000000)] [r=0 c=0 rs=1 cs=1]
              RenderText {#text} at (2,2) size 31x19
                text run at (2,2) width 31: "Data"
            RenderTableCell {TD} at (262,2) size 260x24 [border: (1px solid #000000)] [r=0 c=1 rs=1 cs=1]
              RenderText {#text} at (2,2) size 31x19
                text run at (2,2) width 31: "Data"
            RenderTableCell {TD} at (523,2) size 259x24 [border: (1px solid #000000)] [r=0 c=2 rs=1 cs=1]
              RenderText {#text} at (2,2) size 31x19
                text run at (2,2) width 31: "Data"
          RenderTableRow {TR} at (0,28) size 784x24
            RenderTableCell {TD} at (2,28) size 259x24 [border: (1px solid #000000)] [r=1 c=0 rs=1 cs=1]
              RenderText {#text} at (2,2) size 31x19
                text run at (2,2) width 31: "Data"
            RenderTableCell {TD} at (262,28) size 260x24 [border: (1px solid #000000)] [r=1 c=1 rs=1 cs=1]
              RenderText {#text} at (2,2) size 31x19
                text run at (2,2) width 31: "Data"
            RenderTableCell {TD} at (523,28) size 259x24 [border: (1px solid #000000)] [r=1 c=2 rs=1 cs=1]
              RenderText {#text} at (2,2) size 31x19
                text run at (2,2) width 31: "Data"
      RenderTable {TABLE} at (0,1003) size 784x995
        RenderTableSection {TBODY} at (0,0) size 784x994
          RenderTableRow {TR} at (0,2) size 784x24
            RenderTableCell {TD} at (2,2) size 259x24 [border: (1px solid #000000)] [r=0 c=0 rs=1 cs=1]
              RenderText {#text} at (2,2) size 31x19
                text run at (2,2) width 31: "Data"
            RenderTableCell {TD} at (262,2) size 260x24 [border: (1px solid #000000)] [r=0 c=1 rs=1 cs=1]
              RenderText {#text} at (2,2) size 31x19
                text run at (2,2) width 31: "Data"
            RenderTableCell {TD} at (523,2) size 259x24 [border: (1px solid #000000)] [r=0 c=2 rs=1 cs=1]
              RenderText {#text} at (2,2) size 31x19
                text run at (2,2) width 31: "Data"
          RenderTableRow {TR} at (0,28) size 784x964
            RenderTableCell {TD} at (2,498) size 259x24 [border: (1px solid #000000)] [r=1 c=0 rs=1 cs=1]
              RenderText {#text} at (2,2) size 31x19
                text run at (2,2) width 31: "Data"
            RenderTableCell {TD} at (262,498) size 260x24 [border: (1px solid #000000)] [r=1 c=1 rs=1 cs=1]
              RenderText {#text} at (2,2) size 31x19
                text run at (2,2) width 31: "Data"
            RenderTableCell {TD} at (523,28) size 259x964 [border: (1px solid #000000)] [r=1 c=2 rs=1 cs=1]
              RenderText {#text} at (2,2) size 249x959
                text run at (2,2) width 193: "Lots and lots and lots of data. "
                text run at (194,2) width 57: "Lots and"
                text run at (2,22) width 134: "lots and lots of data. "
                text run at (135,22) width 111: "Lots and lots and"
                text run at (2,42) width 80: "lots of data. "
                text run at (81,42) width 155: "Lots and lots and lots of"
                text run at (2,62) width 35: "data. "
                text run at (36,62) width 190: "Lots and lots and lots of data."
                text run at (2,82) width 193: "Lots and lots and lots of data. "
                text run at (194,82) width 57: "Lots and"
                text run at (2,102) width 134: "lots and lots of data. "
                text run at (135,102) width 111: "Lots and lots and"
                text run at (2,122) width 80: "lots of data. "
                text run at (81,122) width 155: "Lots and lots and lots of"
                text run at (2,142) width 35: "data. "
                text run at (36,142) width 190: "Lots and lots and lots of data."
                text run at (2,162) width 193: "Lots and lots and lots of data. "
                text run at (194,162) width 57: "Lots and"
                text run at (2,182) width 134: "lots and lots of data. "
                text run at (135,182) width 111: "Lots and lots and"
                text run at (2,202) width 80: "lots of data. "
                text run at (81,202) width 155: "Lots and lots and lots of"
                text run at (2,222) width 35: "data. "
                text run at (36,222) width 190: "Lots and lots and lots of data."
                text run at (2,242) width 193: "Lots and lots and lots of data. "
                text run at (194,242) width 57: "Lots and"
                text run at (2,262) width 134: "lots and lots of data. "
                text run at (135,262) width 111: "Lots and lots and"
                text run at (2,282) width 80: "lots of data. "
                text run at (81,282) width 155: "Lots and lots and lots of"
                text run at (2,302) width 35: "data. "
                text run at (36,302) width 190: "Lots and lots and lots of data."
                text run at (2,322) width 193: "Lots and lots and lots of data. "
                text run at (194,322) width 57: "Lots and"
                text run at (2,342) width 134: "lots and lots of data. "
                text run at (135,342) width 111: "Lots and lots and"
                text run at (2,362) width 80: "lots of data. "
                text run at (81,362) width 155: "Lots and lots and lots of"
                text run at (2,382) width 35: "data. "
                text run at (36,382) width 190: "Lots and lots and lots of data."
                text run at (2,402) width 193: "Lots and lots and lots of data. "
                text run at (194,402) width 57: "Lots and"
                text run at (2,422) width 134: "lots and lots of data. "
                text run at (135,422) width 111: "Lots and lots and"
                text run at (2,442) width 80: "lots of data. "
                text run at (81,442) width 155: "Lots and lots and lots of"
                text run at (2,462) width 35: "data. "
                text run at (36,462) width 190: "Lots and lots and lots of data."
                text run at (2,482) width 193: "Lots and lots and lots of data. "
                text run at (194,482) width 57: "Lots and"
                text run at (2,502) width 134: "lots and lots of data. "
                text run at (135,502) width 111: "Lots and lots and"
                text run at (2,522) width 80: "lots of data. "
                text run at (81,522) width 155: "Lots and lots and lots of"
                text run at (2,542) width 35: "data. "
                text run at (36,542) width 190: "Lots and lots and lots of data."
                text run at (2,562) width 193: "Lots and lots and lots of data. "
                text run at (194,562) width 57: "Lots and"
                text run at (2,582) width 134: "lots and lots of data. "
                text run at (135,582) width 111: "Lots and lots and"
                text run at (2,602) width 80: "lots of data. "
                text run at (81,602) width 155: "Lots and lots and lots of"
                text run at (2,622) width 35: "data. "
                text run at (36,622) width 190: "Lots and lots and lots of data."
                text run at (2,642) width 193: "Lots and lots and lots of data. "
                text run at (194,642) width 57: "Lots and"
                text run at (2,662) width 134: "lots and lots of data. "
                text run at (135,662) width 111: "Lots and lots and"
                text run at (2,682) width 80: "lots of data. "
                text run at (81,682) width 155: "Lots and lots and lots of"
                text run at (2,702) width 35: "data. "
                text run at (36,702) width 190: "Lots and lots and lots of data."
                text run at (2,722) width 193: "Lots and lots and lots of data. "
                text run at (194,722) width 57: "Lots and"
                text run at (2,742) width 134: "lots and lots of data. "
                text run at (135,742) width 111: "Lots and lots and"
                text run at (2,762) width 80: "lots of data. "
                text run at (81,762) width 155: "Lots and lots and lots of"
                text run at (2,782) width 35: "data. "
                text run at (36,782) width 190: "Lots and lots and lots of data."
                text run at (2,802) width 193: "Lots and lots and lots of data. "
                text run at (194,802) width 57: "Lots and"
                text run at (2,822) width 134: "lots and lots of data. "
                text run at (135,822) width 111: "Lots and lots and"
                text run at (2,842) width 80: "lots of data. "
                text run at (81,842) width 155: "Lots and lots and lots of"
                text run at (2,862) width 35: "data. "
                text run at (36,862) width 190: "Lots and lots and lots of data."
                text run at (2,882) width 193: "Lots and lots and lots of data. "
                text run at (194,882) width 57: "Lots and"
                text run at (2,902) width 134: "lots and lots of data. "
                text run at (135,902) width 111: "Lots and lots and"
                text run at (2,922) width 80: "lots of data. "
                text run at (81,922) width 155: "Lots and lots and lots of"
                text run at (2,942) width 35: "data. "
                text run at (36,942) width 190: "Lots and lots and lots of data."
      RenderTable {TABLE} at (0,1997) size 784x995
        RenderTableSection {TBODY} at (0,0) size 784x994
          RenderTableRow {TR} at (0,2) size 784x964
            RenderTableCell {TD} at (2,472) size 259x24 [border: (1px solid #000000)] [r=0 c=0 rs=1 cs=1]
              RenderText {#text} at (2,2) size 31x19
                text run at (2,2) width 31: "Data"
            RenderTableCell {TD} at (262,472) size 260x24 [border: (1px solid #000000)] [r=0 c=1 rs=1 cs=1]
              RenderText {#text} at (2,2) size 31x19
                text run at (2,2) width 31: "Data"
            RenderTableCell {TD} at (523,2) size 259x964 [border: (1px solid #000000)] [r=0 c=2 rs=1 cs=1]
              RenderText {#text} at (2,2) size 249x959
                text run at (2,2) width 193: "Lots and lots and lots of data. "
                text run at (194,2) width 57: "Lots and"
                text run at (2,22) width 134: "lots and lots of data. "
                text run at (135,22) width 111: "Lots and lots and"
                text run at (2,42) width 80: "lots of data. "
                text run at (81,42) width 155: "Lots and lots and lots of"
                text run at (2,62) width 35: "data. "
                text run at (36,62) width 190: "Lots and lots and lots of data."
                text run at (2,82) width 193: "Lots and lots and lots of data. "
                text run at (194,82) width 57: "Lots and"
                text run at (2,102) width 134: "lots and lots of data. "
                text run at (135,102) width 111: "Lots and lots and"
                text run at (2,122) width 80: "lots of data. "
                text run at (81,122) width 155: "Lots and lots and lots of"
                text run at (2,142) width 35: "data. "
                text run at (36,142) width 190: "Lots and lots and lots of data."
                text run at (2,162) width 193: "Lots and lots and lots of data. "
                text run at (194,162) width 57: "Lots and"
                text run at (2,182) width 134: "lots and lots of data. "
                text run at (135,182) width 111: "Lots and lots and"
                text run at (2,202) width 80: "lots of data. "
                text run at (81,202) width 155: "Lots and lots and lots of"
                text run at (2,222) width 35: "data. "
                text run at (36,222) width 190: "Lots and lots and lots of data."
                text run at (2,242) width 193: "Lots and lots and lots of data. "
                text run at (194,242) width 57: "Lots and"
                text run at (2,262) width 134: "lots and lots of data. "
                text run at (135,262) width 111: "Lots and lots and"
                text run at (2,282) width 80: "lots of data. "
                text run at (81,282) width 155: "Lots and lots and lots of"
                text run at (2,302) width 35: "data. "
                text run at (36,302) width 190: "Lots and lots and lots of data."
                text run at (2,322) width 193: "Lots and lots and lots of data. "
                text run at (194,322) width 57: "Lots and"
                text run at (2,342) width 134: "lots and lots of data. "
                text run at (135,342) width 111: "Lots and lots and"
                text run at (2,362) width 80: "lots of data. "
                text run at (81,362) width 155: "Lots and lots and lots of"
                text run at (2,382) width 35: "data. "
                text run at (36,382) width 190: "Lots and lots and lots of data."
                text run at (2,402) width 193: "Lots and lots and lots of data. "
                text run at (194,402) width 57: "Lots and"
                text run at (2,422) width 134: "lots and lots of data. "
                text run at (135,422) width 111: "Lots and lots and"
                text run at (2,442) width 80: "lots of data. "
                text run at (81,442) width 155: "Lots and lots and lots of"
                text run at (2,462) width 35: "data. "
                text run at (36,462) width 190: "Lots and lots and lots of data."
                text run at (2,482) width 193: "Lots and lots and lots of data. "
                text run at (194,482) width 57: "Lots and"
                text run at (2,502) width 134: "lots and lots of data. "
                text run at (135,502) width 111: "Lots and lots and"
                text run at (2,522) width 80: "lots of data. "
                text run at (81,522) width 155: "Lots and lots and lots of"
                text run at (2,542) width 35: "data. "
                text run at (36,542) width 190: "Lots and lots and lots of data."
                text run at (2,562) width 193: "Lots and lots and lots of data. "
                text run at (194,562) width 57: "Lots and"
                text run at (2,582) width 134: "lots and lots of data. "
                text run at (135,582) width 111: "Lots and lots and"
                text run at (2,602) width 80: "lots of data. "
                text run at (81,602) width 155: "Lots and lots and lots of"
                text run at (2,622) width 35: "data. "
                text run at (36,622) width 190: "Lots and lots and lots of data."
                text run at (2,642) width 193: "Lots and lots and lots of data. "
                text run at (194,642) width 57: "Lots and"
                text run at (2,662) width 134: "lots and lots of data. "
                text run at (135,662) width 111: "Lots and lots and"
                text run at (2,682) width 80: "lots of data. "
                text run at (81,682) width 155: "Lots and lots and lots of"
                text run at (2,702) width 35: "data. "
                text run at (36,702) width 190: "Lots and lots and lots of data."
                text run at (2,722) width 193: "Lots and lots and lots of data. "
                text run at (194,722) width 57: "Lots and"
                text run at (2,742) width 134: "lots and lots of data. "
                text run at (135,742) width 111: "Lots and lots and"
                text run at (2,762) width 80: "lots of data. "
                text run at (81,762) width 155: "Lots and lots and lots of"
                text run at (2,782) width 35: "data. "
                text run at (36,782) width 190: "Lots and lots and lots of data."
                text run at (2,802) width 193: "Lots and lots and lots of data. "
                text run at (194,802) width 57: "Lots and"
                text run at (2,822) width 134: "lots and lots of data. "
                text run at (135,822) width 111: "Lots and lots and"
                text run at (2,842) width 80: "lots of data. "
                text run at (81,842) width 155: "Lots and lots and lots of"
                text run at (2,862) width 35: "data. "
                text run at (36,862) width 190: "Lots and lots and lots of data."
                text run at (2,882) width 193: "Lots and lots and lots of data. "
                text run at (194,882) width 57: "Lots and"
                text run at (2,902) width 134: "lots and lots of data. "
                text run at (135,902) width 111: "Lots and lots and"
                text run at (2,922) width 80: "lots of data. "
                text run at (81,922) width 155: "Lots and lots and lots of"
                text run at (2,942) width 35: "data. "
                text run at (36,942) width 190: "Lots and lots and lots of data."
          RenderTableRow {TR} at (0,968) size 784x24
            RenderTableCell {TD} at (2,968) size 259x24 [border: (1px solid #000000)] [r=1 c=0 rs=1 cs=1]
              RenderText {#text} at (2,2) size 31x19
                text run at (2,2) width 31: "Data"
            RenderTableCell {TD} at (262,968) size 260x24 [border: (1px solid #000000)] [r=1 c=1 rs=1 cs=1]
              RenderText {#text} at (2,2) size 31x19
                text run at (2,2) width 31: "Data"
            RenderTableCell {TD} at (523,968) size 259x24 [border: (1px solid #000000)] [r=1 c=2 rs=1 cs=1]
              RenderText {#text} at (2,2) size 31x19
                text run at (2,2) width 31: "Data"
      RenderBlock {P} at (0,3007) size 784x21
        RenderText {#text} at (0,0) size 758x19
          text run at (0,0) width 758: "All the columns in the following three tables should divide equally the available space (50% of the width of the page):"
      RenderTable {TABLE} at (0,3043) size 392x55
        RenderTableSection {TBODY} at (0,0) size 392x54
          RenderTableRow {TR} at (0,2) size 392x24
            RenderTableCell {TD} at (2,2) size 128x24 [border: (1px solid #000000)] [r=0 c=0 rs=1 cs=1]
              RenderText {#text} at (2,2) size 31x19
                text run at (2,2) width 31: "Data"
            RenderTableCell {TD} at (132,2) size 128x24 [border: (1px solid #000000)] [r=0 c=1 rs=1 cs=1]
              RenderText {#text} at (2,2) size 31x19
                text run at (2,2) width 31: "Data"
            RenderTableCell {TD} at (262,2) size 128x24 [border: (1px solid #000000)] [r=0 c=2 rs=1 cs=1]
              RenderText {#text} at (2,2) size 31x19
                text run at (2,2) width 31: "Data"
          RenderTableRow {TR} at (0,28) size 392x24
            RenderTableCell {TD} at (2,28) size 128x24 [border: (1px solid #000000)] [r=1 c=0 rs=1 cs=1]
              RenderText {#text} at (2,2) size 31x19
                text run at (2,2) width 31: "Data"
            RenderTableCell {TD} at (132,28) size 128x24 [border: (1px solid #000000)] [r=1 c=1 rs=1 cs=1]
              RenderText {#text} at (2,2) size 31x19
                text run at (2,2) width 31: "Data"
            RenderTableCell {TD} at (262,28) size 128x24 [border: (1px solid #000000)] [r=1 c=2 rs=1 cs=1]
              RenderText {#text} at (2,2) size 31x19
                text run at (2,2) width 31: "Data"
      RenderTable {TABLE} at (0,3097) size 392x2035
        RenderTableSection {TBODY} at (0,0) size 392x2034
          RenderTableRow {TR} at (0,2) size 392x24
            RenderTableCell {TD} at (2,2) size 128x24 [border: (1px solid #000000)] [r=0 c=0 rs=1 cs=1]
              RenderText {#text} at (2,2) size 31x19
                text run at (2,2) width 31: "Data"
            RenderTableCell {TD} at (132,2) size 128x24 [border: (1px solid #000000)] [r=0 c=1 rs=1 cs=1]
              RenderText {#text} at (2,2) size 31x19
                text run at (2,2) width 31: "Data"
            RenderTableCell {TD} at (262,2) size 128x24 [border: (1px solid #000000)] [r=0 c=2 rs=1 cs=1]
              RenderText {#text} at (2,2) size 31x19
                text run at (2,2) width 31: "Data"
          RenderTableRow {TR} at (0,28) size 392x2004
            RenderTableCell {TD} at (2,1018) size 128x24 [border: (1px solid #000000)] [r=1 c=0 rs=1 cs=1]
              RenderText {#text} at (2,2) size 31x19
                text run at (2,2) width 31: "Data"
            RenderTableCell {TD} at (132,1018) size 128x24 [border: (1px solid #000000)] [r=1 c=1 rs=1 cs=1]
              RenderText {#text} at (2,2) size 31x19
                text run at (2,2) width 31: "Data"
            RenderTableCell {TD} at (262,28) size 128x2004 [border: (1px solid #000000)] [r=1 c=2 rs=1 cs=1]
              RenderText {#text} at (2,2) size 122x1999
                text run at (2,2) width 110: "Lots and lots and"
                text run at (2,22) width 80: "lots of data. "
                text run at (81,22) width 29: "Lots"
                text run at (2,42) width 122: "and lots and lots of"
                text run at (2,62) width 35: "data. "
                text run at (36,62) width 84: "Lots and lots"
                text run at (2,82) width 103: "and lots of data."
                text run at (2,102) width 110: "Lots and lots and"
                text run at (2,122) width 80: "lots of data. "
                text run at (81,122) width 29: "Lots"
                text run at (2,142) width 122: "and lots and lots of"
                text run at (2,162) width 35: "data. "
                text run at (36,162) width 84: "Lots and lots"
                text run at (2,182) width 103: "and lots of data."
                text run at (2,202) width 110: "Lots and lots and"
                text run at (2,222) width 80: "lots of data. "
                text run at (81,222) width 29: "Lots"
                text run at (2,242) width 122: "and lots and lots of"
                text run at (2,262) width 35: "data. "
                text run at (36,262) width 84: "Lots and lots"
                text run at (2,282) width 103: "and lots of data."
                text run at (2,302) width 110: "Lots and lots and"
                text run at (2,322) width 80: "lots of data. "
                text run at (81,322) width 29: "Lots"
                text run at (2,342) width 122: "and lots and lots of"
                text run at (2,362) width 35: "data. "
                text run at (36,362) width 84: "Lots and lots"
                text run at (2,382) width 103: "and lots of data."
                text run at (2,402) width 110: "Lots and lots and"
                text run at (2,422) width 80: "lots of data. "
                text run at (81,422) width 29: "Lots"
                text run at (2,442) width 122: "and lots and lots of"
                text run at (2,462) width 35: "data. "
                text run at (36,462) width 84: "Lots and lots"
                text run at (2,482) width 103: "and lots of data."
                text run at (2,502) width 110: "Lots and lots and"
                text run at (2,522) width 80: "lots of data. "
                text run at (81,522) width 29: "Lots"
                text run at (2,542) width 122: "and lots and lots of"
                text run at (2,562) width 35: "data. "
                text run at (36,562) width 84: "Lots and lots"
                text run at (2,582) width 103: "and lots of data."
                text run at (2,602) width 110: "Lots and lots and"
                text run at (2,622) width 80: "lots of data. "
                text run at (81,622) width 29: "Lots"
                text run at (2,642) width 122: "and lots and lots of"
                text run at (2,662) width 35: "data. "
                text run at (36,662) width 84: "Lots and lots"
                text run at (2,682) width 103: "and lots of data."
                text run at (2,702) width 110: "Lots and lots and"
                text run at (2,722) width 80: "lots of data. "
                text run at (81,722) width 29: "Lots"
                text run at (2,742) width 122: "and lots and lots of"
                text run at (2,762) width 35: "data. "
                text run at (36,762) width 84: "Lots and lots"
                text run at (2,782) width 103: "and lots of data."
                text run at (2,802) width 110: "Lots and lots and"
                text run at (2,822) width 80: "lots of data. "
                text run at (81,822) width 29: "Lots"
                text run at (2,842) width 122: "and lots and lots of"
                text run at (2,862) width 35: "data. "
                text run at (36,862) width 84: "Lots and lots"
                text run at (2,882) width 103: "and lots of data."
                text run at (2,902) width 110: "Lots and lots and"
                text run at (2,922) width 80: "lots of data. "
                text run at (81,922) width 29: "Lots"
                text run at (2,942) width 122: "and lots and lots of"
                text run at (2,962) width 35: "data. "
                text run at (36,962) width 84: "Lots and lots"
                text run at (2,982) width 103: "and lots of data."
                text run at (2,1002) width 110: "Lots and lots and"
                text run at (2,1022) width 80: "lots of data. "
                text run at (81,1022) width 29: "Lots"
                text run at (2,1042) width 122: "and lots and lots of"
                text run at (2,1062) width 35: "data. "
                text run at (36,1062) width 84: "Lots and lots"
                text run at (2,1082) width 103: "and lots of data."
                text run at (2,1102) width 110: "Lots and lots and"
                text run at (2,1122) width 80: "lots of data. "
                text run at (81,1122) width 29: "Lots"
                text run at (2,1142) width 122: "and lots and lots of"
                text run at (2,1162) width 35: "data. "
                text run at (36,1162) width 84: "Lots and lots"
                text run at (2,1182) width 103: "and lots of data."
                text run at (2,1202) width 110: "Lots and lots and"
                text run at (2,1222) width 80: "lots of data. "
                text run at (81,1222) width 29: "Lots"
                text run at (2,1242) width 122: "and lots and lots of"
                text run at (2,1262) width 35: "data. "
                text run at (36,1262) width 84: "Lots and lots"
                text run at (2,1282) width 103: "and lots of data."
                text run at (2,1302) width 110: "Lots and lots and"
                text run at (2,1322) width 80: "lots of data. "
                text run at (81,1322) width 29: "Lots"
                text run at (2,1342) width 122: "and lots and lots of"
                text run at (2,1362) width 35: "data. "
                text run at (36,1362) width 84: "Lots and lots"
                text run at (2,1382) width 103: "and lots of data."
                text run at (2,1402) width 110: "Lots and lots and"
                text run at (2,1422) width 80: "lots of data. "
                text run at (81,1422) width 29: "Lots"
                text run at (2,1442) width 122: "and lots and lots of"
                text run at (2,1462) width 35: "data. "
                text run at (36,1462) width 84: "Lots and lots"
                text run at (2,1482) width 103: "and lots of data."
                text run at (2,1502) width 110: "Lots and lots and"
                text run at (2,1522) width 80: "lots of data. "
                text run at (81,1522) width 29: "Lots"
                text run at (2,1542) width 122: "and lots and lots of"
                text run at (2,1562) width 35: "data. "
                text run at (36,1562) width 84: "Lots and lots"
                text run at (2,1582) width 103: "and lots of data."
                text run at (2,1602) width 110: "Lots and lots and"
                text run at (2,1622) width 80: "lots of data. "
                text run at (81,1622) width 29: "Lots"
                text run at (2,1642) width 122: "and lots and lots of"
                text run at (2,1662) width 35: "data. "
                text run at (36,1662) width 84: "Lots and lots"
                text run at (2,1682) width 103: "and lots of data."
                text run at (2,1702) width 110: "Lots and lots and"
                text run at (2,1722) width 80: "lots of data. "
                text run at (81,1722) width 29: "Lots"
                text run at (2,1742) width 122: "and lots and lots of"
                text run at (2,1762) width 35: "data. "
                text run at (36,1762) width 84: "Lots and lots"
                text run at (2,1782) width 103: "and lots of data."
                text run at (2,1802) width 110: "Lots and lots and"
                text run at (2,1822) width 80: "lots of data. "
                text run at (81,1822) width 29: "Lots"
                text run at (2,1842) width 122: "and lots and lots of"
                text run at (2,1862) width 35: "data. "
                text run at (36,1862) width 84: "Lots and lots"
                text run at (2,1882) width 103: "and lots of data."
                text run at (2,1902) width 110: "Lots and lots and"
                text run at (2,1922) width 80: "lots of data. "
                text run at (81,1922) width 29: "Lots"
                text run at (2,1942) width 122: "and lots and lots of"
                text run at (2,1962) width 35: "data. "
                text run at (36,1962) width 84: "Lots and lots"
                text run at (2,1982) width 103: "and lots of data."
      RenderTable {TABLE} at (0,5131) size 392x2035
        RenderTableSection {TBODY} at (0,0) size 392x2034
          RenderTableRow {TR} at (0,2) size 392x2004
            RenderTableCell {TD} at (2,992) size 128x24 [border: (1px solid #000000)] [r=0 c=0 rs=1 cs=1]
              RenderText {#text} at (2,2) size 31x19
                text run at (2,2) width 31: "Data"
            RenderTableCell {TD} at (132,992) size 128x24 [border: (1px solid #000000)] [r=0 c=1 rs=1 cs=1]
              RenderText {#text} at (2,2) size 31x19
                text run at (2,2) width 31: "Data"
            RenderTableCell {TD} at (262,2) size 128x2004 [border: (1px solid #000000)] [r=0 c=2 rs=1 cs=1]
              RenderText {#text} at (2,2) size 122x1999
                text run at (2,2) width 110: "Lots and lots and"
                text run at (2,22) width 80: "lots of data. "
                text run at (81,22) width 29: "Lots"
                text run at (2,42) width 122: "and lots and lots of"
                text run at (2,62) width 35: "data. "
                text run at (36,62) width 84: "Lots and lots"
                text run at (2,82) width 103: "and lots of data."
                text run at (2,102) width 110: "Lots and lots and"
                text run at (2,122) width 80: "lots of data. "
                text run at (81,122) width 29: "Lots"
                text run at (2,142) width 122: "and lots and lots of"
                text run at (2,162) width 35: "data. "
                text run at (36,162) width 84: "Lots and lots"
                text run at (2,182) width 103: "and lots of data."
                text run at (2,202) width 110: "Lots and lots and"
                text run at (2,222) width 80: "lots of data. "
                text run at (81,222) width 29: "Lots"
                text run at (2,242) width 122: "and lots and lots of"
                text run at (2,262) width 35: "data. "
                text run at (36,262) width 84: "Lots and lots"
                text run at (2,282) width 103: "and lots of data."
                text run at (2,302) width 110: "Lots and lots and"
                text run at (2,322) width 80: "lots of data. "
                text run at (81,322) width 29: "Lots"
                text run at (2,342) width 122: "and lots and lots of"
                text run at (2,362) width 35: "data. "
                text run at (36,362) width 84: "Lots and lots"
                text run at (2,382) width 103: "and lots of data."
                text run at (2,402) width 110: "Lots and lots and"
                text run at (2,422) width 80: "lots of data. "
                text run at (81,422) width 29: "Lots"
                text run at (2,442) width 122: "and lots and lots of"
                text run at (2,462) width 35: "data. "
                text run at (36,462) width 84: "Lots and lots"
                text run at (2,482) width 103: "and lots of data."
                text run at (2,502) width 110: "Lots and lots and"
                text run at (2,522) width 80: "lots of data. "
                text run at (81,522) width 29: "Lots"
                text run at (2,542) width 122: "and lots and lots of"
                text run at (2,562) width 35: "data. "
                text run at (36,562) width 84: "Lots and lots"
                text run at (2,582) width 103: "and lots of data."
                text run at (2,602) width 110: "Lots and lots and"
                text run at (2,622) width 80: "lots of data. "
                text run at (81,622) width 29: "Lots"
                text run at (2,642) width 122: "and lots and lots of"
                text run at (2,662) width 35: "data. "
                text run at (36,662) width 84: "Lots and lots"
                text run at (2,682) width 103: "and lots of data."
                text run at (2,702) width 110: "Lots and lots and"
                text run at (2,722) width 80: "lots of data. "
                text run at (81,722) width 29: "Lots"
                text run at (2,742) width 122: "and lots and lots of"
                text run at (2,762) width 35: "data. "
                text run at (36,762) width 84: "Lots and lots"
                text run at (2,782) width 103: "and lots of data."
                text run at (2,802) width 110: "Lots and lots and"
                text run at (2,822) width 80: "lots of data. "
                text run at (81,822) width 29: "Lots"
                text run at (2,842) width 122: "and lots and lots of"
                text run at (2,862) width 35: "data. "
                text run at (36,862) width 84: "Lots and lots"
                text run at (2,882) width 103: "and lots of data."
                text run at (2,902) width 110: "Lots and lots and"
                text run at (2,922) width 80: "lots of data. "
                text run at (81,922) width 29: "Lots"
                text run at (2,942) width 122: "and lots and lots of"
                text run at (2,962) width 35: "data. "
                text run at (36,962) width 84: "Lots and lots"
                text run at (2,982) width 103: "and lots of data."
                text run at (2,1002) width 110: "Lots and lots and"
                text run at (2,1022) width 80: "lots of data. "
                text run at (81,1022) width 29: "Lots"
                text run at (2,1042) width 122: "and lots and lots of"
                text run at (2,1062) width 35: "data. "
                text run at (36,1062) width 84: "Lots and lots"
                text run at (2,1082) width 103: "and lots of data."
                text run at (2,1102) width 110: "Lots and lots and"
                text run at (2,1122) width 80: "lots of data. "
                text run at (81,1122) width 29: "Lots"
                text run at (2,1142) width 122: "and lots and lots of"
                text run at (2,1162) width 35: "data. "
                text run at (36,1162) width 84: "Lots and lots"
                text run at (2,1182) width 103: "and lots of data."
                text run at (2,1202) width 110: "Lots and lots and"
                text run at (2,1222) width 80: "lots of data. "
                text run at (81,1222) width 29: "Lots"
                text run at (2,1242) width 122: "and lots and lots of"
                text run at (2,1262) width 35: "data. "
                text run at (36,1262) width 84: "Lots and lots"
                text run at (2,1282) width 103: "and lots of data."
                text run at (2,1302) width 110: "Lots and lots and"
                text run at (2,1322) width 80: "lots of data. "
                text run at (81,1322) width 29: "Lots"
                text run at (2,1342) width 122: "and lots and lots of"
                text run at (2,1362) width 35: "data. "
                text run at (36,1362) width 84: "Lots and lots"
                text run at (2,1382) width 103: "and lots of data."
                text run at (2,1402) width 110: "Lots and lots and"
                text run at (2,1422) width 80: "lots of data. "
                text run at (81,1422) width 29: "Lots"
                text run at (2,1442) width 122: "and lots and lots of"
                text run at (2,1462) width 35: "data. "
                text run at (36,1462) width 84: "Lots and lots"
                text run at (2,1482) width 103: "and lots of data."
                text run at (2,1502) width 110: "Lots and lots and"
                text run at (2,1522) width 80: "lots of data. "
                text run at (81,1522) width 29: "Lots"
                text run at (2,1542) width 122: "and lots and lots of"
                text run at (2,1562) width 35: "data. "
                text run at (36,1562) width 84: "Lots and lots"
                text run at (2,1582) width 103: "and lots of data."
                text run at (2,1602) width 110: "Lots and lots and"
                text run at (2,1622) width 80: "lots of data. "
                text run at (81,1622) width 29: "Lots"
                text run at (2,1642) width 122: "and lots and lots of"
                text run at (2,1662) width 35: "data. "
                text run at (36,1662) width 84: "Lots and lots"
                text run at (2,1682) width 103: "and lots of data."
                text run at (2,1702) width 110: "Lots and lots and"
                text run at (2,1722) width 80: "lots of data. "
                text run at (81,1722) width 29: "Lots"
                text run at (2,1742) width 122: "and lots and lots of"
                text run at (2,1762) width 35: "data. "
                text run at (36,1762) width 84: "Lots and lots"
                text run at (2,1782) width 103: "and lots of data."
                text run at (2,1802) width 110: "Lots and lots and"
                text run at (2,1822) width 80: "lots of data. "
                text run at (81,1822) width 29: "Lots"
                text run at (2,1842) width 122: "and lots and lots of"
                text run at (2,1862) width 35: "data. "
                text run at (36,1862) width 84: "Lots and lots"
                text run at (2,1882) width 103: "and lots of data."
                text run at (2,1902) width 110: "Lots and lots and"
                text run at (2,1922) width 80: "lots of data. "
                text run at (81,1922) width 29: "Lots"
                text run at (2,1942) width 122: "and lots and lots of"
                text run at (2,1962) width 35: "data. "
                text run at (36,1962) width 84: "Lots and lots"
                text run at (2,1982) width 103: "and lots of data."
          RenderTableRow {TR} at (0,2008) size 392x24
            RenderTableCell {TD} at (2,2008) size 128x24 [border: (1px solid #000000)] [r=1 c=0 rs=1 cs=1]
              RenderText {#text} at (2,2) size 31x19
                text run at (2,2) width 31: "Data"
            RenderTableCell {TD} at (132,2008) size 128x24 [border: (1px solid #000000)] [r=1 c=1 rs=1 cs=1]
              RenderText {#text} at (2,2) size 31x19
                text run at (2,2) width 31: "Data"
            RenderTableCell {TD} at (262,2008) size 128x24 [border: (1px solid #000000)] [r=1 c=2 rs=1 cs=1]
              RenderText {#text} at (2,2) size 31x19
                text run at (2,2) width 31: "Data"
      RenderBlock {P} at (0,7181) size 784x21
        RenderText {#text} at (0,0) size 199x19
          text run at (0,0) width 199: "This test is still being written..."
      RenderBlock {HR} at (0,7217) size 784x3 [border: (1px inset #000000)]
      RenderBlock {P} at (0,7235) size 784x21
        RenderText {#text} at (0,0) size 59x19
          text run at (0,0) width 59: "(Back to "
        RenderInline {A} at (0,0) size 161x19 [color=#0000EE]
          RenderText {#text} at (58,0) size 161x19
            text run at (58,0) width 161: "CSS Testing Information"
        RenderText {#text} at (218,0) size 9x19
          text run at (218,0) width 9: ", "
        RenderInline {A} at (0,0) size 83x19 [color=#0000EE]
          RenderText {#text} at (226,0) size 83x19
            text run at (226,0) width 83: "David Baron"
        RenderText {#text} at (308,0) size 6x19
          text run at (308,0) width 6: ")"
      RenderBlock {P} at (0,7271) size 784x21
        RenderInline {A} at (0,0) size 32x19 [color=#0000EE]
          RenderText {#text} at (0,0) size 32x19
            text run at (0,0) width 32: "LDB"
        RenderText {#text} at (32,0) size 8x19
          text run at (32,0) width 8: ", "
        RenderInline {A} at (0,0) size 158x19 [color=#0000EE]
          RenderText {#text} at (40,0) size 158x19
            text run at (40,0) width 158: "dbaron@fas.harvard.edu"
