layer at (0,0) size 800x12134
  RenderView at (0,0) size 800x600
layer at (0,0) size 800x12134
  RenderBlock {HTML} at (0,0) size 800x12135
    RenderBody {BODY} at (8,8) size 784x12119
      RenderTable {TABLE} at (0,0) size 731x12119 [border: (1px outset #808080)]
        RenderTableSection {TBODY} at (1,1) size 729x12117
          RenderTableRow {TR} at (0,2) size 729x12113
            RenderTableCell {TD} at (2,2) size 12x24 [border: (1px inset #808080)] [r=0 c=0 rs=1 cs=1]
              RenderText {#text} at (2,2) size 8x19
                text run at (2,2) width 8: "x"
            RenderTableCell {TD} at (16,2) size 711x12113 [border: (1px inset #808080)] [r=0 c=1 rs=1 cs=1]
              RenderBlock (anonymous) at (2,2) size 707x0
                RenderInline {FONT} at (0,0) size 0x0
                  RenderText {#text} at (0,0) size 0x0
              RenderBlock (anonymous) at (2,2) size 707x56
                RenderTable {TABLE} at (0,0) size 567x56 [border: (1px outset #808080)]
                  RenderTableSection {TBODY} at (1,1) size 565x54
                    RenderTableRow {TR} at (0,2) size 565x24
                      RenderTableCell {TD} at (2,2) size 112x24 [border: (1px inset #808080)] [r=0 c=0 rs=1 cs=1]
                        RenderText {#text} at (2,2) size 5x19
                          text run at (2,2) width 5: " "
                      RenderTableCell {TD} at (115,2) size 448x4 [border: (1px inset #808080)] [r=0 c=1 rs=1 cs=1]
                    RenderTableRow {TR} at (0,28) size 565x24
                      RenderTableCell {TD} at (2,28) size 112x24 [border: (1px inset #808080)] [r=1 c=0 rs=1 cs=1]
                        RenderText {#text} at (2,2) size 108x19
                          text run at (2,2) width 108: "Search again..."
              RenderBlock (anonymous) at (2,58) size 707x16
                RenderInline {FONT} at (0,0) size 707x15
                  RenderText {#text} at (0,0) size 707x15
                    text run at (0,0) width 327: "This text node only exists once in the original document! "
                    text run at (326,0) width 305: "If it were a large collection of inlines, the page would "
                    text run at (630,0) width 77: "hang forever."
                  RenderInline {A} at (0,0) size 0x15
              RenderBlock (anonymous) at (2,90) size 707x12021
                RenderBlock {H2} at (0,0) size 707x25
                  RenderInline {A} at (0,0) size 168x24
                    RenderText {#text} at (0,0) size 168x24
                      text run at (0,0) width 168: "Table of Contents"
                RenderBlock {P} at (0,41) size 707x161
                  RenderInline {B} at (0,0) size 76x15
                    RenderInline {A} at (0,0) size 76x15 [color=#0000EE]
                      RenderText {#text} at (0,0) size 76x15
                        text run at (0,0) width 76: "Introduction"
                  RenderBR {BR} at (75,0) size 1x15
                  RenderBR {BR} at (0,16) size 0x15
                  RenderInline {A} at (0,0) size 159x15 [color=#0000EE]
                    RenderText {#text} at (0,32) size 159x15
                      text run at (0,32) width 159: "Who Should Use This Book"
                  RenderText {#text} at (158,32) size 5x15
                    text run at (158,32) width 5: " "
                  RenderBR {BR} at (162,32) size 1x15
                  RenderInline {A} at (0,0) size 132x15 [color=#0000EE]
                    RenderText {#text} at (0,48) size 132x15
                      text run at (0,48) width 132: "How To Use This Book"
                  RenderText {#text} at (131,48) size 5x15
                    text run at (131,48) width 5: " "
                  RenderBR {BR} at (135,48) size 1x15
                  RenderInline {A} at (0,0) size 165x15 [color=#0000EE]
                    RenderText {#text} at (0,64) size 165x15
                      text run at (0,64) width 165: "How This Book is Structured"
                  RenderText {#text} at (164,64) size 4x15
                    text run at (164,64) width 4: " "
                  RenderBR {BR} at (167,64) size 1x15
                  RenderInline {A} at (0,0) size 200x15 [color=#0000EE]
                    RenderText {#text} at (0,80) size 200x15
                      text run at (0,80) width 200: "How to Read the Syntax Diagrams"
                  RenderText {#text} at (199,80) size 5x15
                    text run at (199,80) width 5: " "
                  RenderBR {BR} at (203,80) size 1x15
                  RenderInline {A} at (0,0) size 195x15 [color=#0000EE]
                    RenderText {#text} at (0,96) size 195x15
                      text run at (0,96) width 195: "Conventions Used in This Manual"
                  RenderText {#text} at (194,96) size 4x15
                    text run at (194,96) width 4: " "
                  RenderBR {BR} at (197,96) size 1x15
                  RenderInline {A} at (0,0) size 94x15 [color=#0000EE]
                    RenderText {#text} at (0,112) size 94x15
                      text run at (0,112) width 94: "Error Conditions"
                  RenderText {#text} at (93,112) size 5x15
                    text run at (93,112) width 5: " "
                  RenderBR {BR} at (97,112) size 1x15
                  RenderInline {A} at (0,0) size 144x15 [color=#0000EE]
                    RenderText {#text} at (0,128) size 144x15
                      text run at (0,128) width 144: "Highlighting Conventions"
                  RenderText {#text} at (143,128) size 5x15
                    text run at (143,128) width 5: " "
                  RenderBR {BR} at (147,128) size 1x15
                  RenderInline {A} at (0,0) size 217x15 [color=#0000EE]
                    RenderText {#text} at (0,144) size 217x15
                      text run at (0,144) width 217: "Related Documentation for This Book"
                  RenderText {#text} at (0,0) size 0x0
                RenderBlock {P} at (0,214) size 707x1057
                  RenderInline {B} at (0,0) size 60x15
                    RenderInline {A} at (0,0) size 60x15 [color=#0000EE]
                      RenderText {#text} at (0,0) size 60x15
                        text run at (0,0) width 60: "Concepts"
                  RenderBR {BR} at (59,0) size 1x15
                  RenderBR {BR} at (0,16) size 0x15
                  RenderInline {A} at (0,0) size 118x15 [color=#0000EE]
                    RenderText {#text} at (0,32) size 118x15
                      text run at (0,32) width 118: "Relational Database"
                  RenderText {#text} at (117,32) size 4x15
                    text run at (117,32) width 4: " "
                  RenderBR {BR} at (120,32) size 1x15
                  RenderInline {A} at (0,0) size 199x15 [color=#0000EE]
                    RenderText {#text} at (0,48) size 199x15
                      text run at (0,48) width 199: "Structured Query Language (SQL)"
                  RenderText {#text} at (198,48) size 5x15
                    text run at (198,48) width 5: " "
                  RenderBR {BR} at (202,48) size 1x15
                  RenderInline {A} at (0,0) size 93x15 [color=#0000EE]
                    RenderText {#text} at (0,64) size 93x15
                      text run at (0,64) width 93: "Embedded SQL"
                  RenderText {#text} at (92,64) size 5x15
                    text run at (92,64) width 5: " "
                  RenderBR {BR} at (96,64) size 1x15
                  RenderInline {A} at (0,0) size 63x15 [color=#0000EE]
                    RenderText {#text} at (0,80) size 63x15
                      text run at (0,80) width 63: "Static SQL"
                  RenderText {#text} at (62,80) size 4x15
                    text run at (62,80) width 4: " "
                  RenderBR {BR} at (65,80) size 1x15
                  RenderInline {A} at (0,0) size 81x15 [color=#0000EE]
                    RenderText {#text} at (0,96) size 81x15
                      text run at (0,96) width 81: "Dynamic SQL"
                  RenderText {#text} at (80,96) size 4x15
                    text run at (80,96) width 4: " "
                  RenderBR {BR} at (83,96) size 1x15
                  RenderInline {A} at (0,0) size 404x15 [color=#0000EE]
                    RenderText {#text} at (0,112) size 404x15
                      text run at (0,112) width 404: "DB2 Call Level Interface (CLI) & Open Database Connectivity (ODBC)"
                  RenderText {#text} at (403,112) size 5x15
                    text run at (403,112) width 5: " "
                  RenderBR {BR} at (407,112) size 1x15
                  RenderInline {A} at (0,0) size 483x15 [color=#0000EE]
                    RenderText {#text} at (0,128) size 483x15
                      text run at (0,128) width 483: "Java Database Connectivity (JDBC) and Embedded SQL for Java (SQLJ) Programs"
                  RenderText {#text} at (482,128) size 5x15
                    text run at (482,128) width 5: " "
                  RenderBR {BR} at (486,128) size 1x15
                  RenderInline {A} at (0,0) size 90x15 [color=#0000EE]
                    RenderText {#text} at (0,144) size 90x15
                      text run at (0,144) width 90: "Interactive SQL"
                  RenderText {#text} at (89,144) size 5x15
                    text run at (89,144) width 5: " "
                  RenderBR {BR} at (93,144) size 1x15
                  RenderInline {A} at (0,0) size 55x15 [color=#0000EE]
                    RenderText {#text} at (0,160) size 55x15
                      text run at (0,160) width 55: "Schemas"
                  RenderText {#text} at (54,160) size 4x15
                    text run at (54,160) width 4: " "
                  RenderBR {BR} at (57,160) size 1x15
                  RenderInline {A} at (0,0) size 162x15 [color=#0000EE]
                    RenderText {#text} at (0,176) size 162x15
                      text run at (0,176) width 162: "Controlling Use of Schemas"
                  RenderText {#text} at (161,176) size 4x15
                    text run at (161,176) width 4: " "
                  RenderBR {BR} at (164,176) size 1x15
                  RenderInline {A} at (0,0) size 38x15 [color=#0000EE]
                    RenderText {#text} at (0,192) size 38x15
                      text run at (0,192) width 38: "Tables"
                  RenderText {#text} at (37,192) size 5x15
                    text run at (37,192) width 5: " "
                  RenderBR {BR} at (41,192) size 1x15
                  RenderInline {A} at (0,0) size 35x15 [color=#0000EE]
                    RenderText {#text} at (0,208) size 35x15
                      text run at (0,208) width 35: "Views"
                  RenderText {#text} at (34,208) size 5x15
                    text run at (34,208) width 5: " "
                  RenderBR {BR} at (38,208) size 1x15
                  RenderInline {A} at (0,0) size 42x15 [color=#0000EE]
                    RenderText {#text} at (0,224) size 42x15
                      text run at (0,224) width 42: "Aliases"
                  RenderText {#text} at (41,224) size 5x15
                    text run at (41,224) width 5: " "
                  RenderBR {BR} at (45,224) size 1x15
                  RenderInline {A} at (0,0) size 46x15 [color=#0000EE]
                    RenderText {#text} at (0,240) size 46x15
                      text run at (0,240) width 46: "Indexes"
                  RenderText {#text} at (45,240) size 5x15
                    text run at (45,240) width 5: " "
                  RenderBR {BR} at (49,240) size 1x15
                  RenderInline {A} at (0,0) size 29x15 [color=#0000EE]
                    RenderText {#text} at (0,256) size 29x15
                      text run at (0,256) width 29: "Keys"
                  RenderText {#text} at (28,256) size 5x15
                    text run at (28,256) width 5: " "
                  RenderBR {BR} at (32,256) size 1x15
                  RenderInline {A} at (0,0) size 74x15 [color=#0000EE]
                    RenderText {#text} at (0,272) size 74x15
                      text run at (0,272) width 74: "Unique Keys"
                  RenderText {#text} at (73,272) size 5x15
                    text run at (73,272) width 5: " "
                  RenderBR {BR} at (77,272) size 1x15
                  RenderInline {A} at (0,0) size 78x15 [color=#0000EE]
                    RenderText {#text} at (0,288) size 78x15
                      text run at (0,288) width 78: "Primary Keys"
                  RenderText {#text} at (77,288) size 4x15
                    text run at (77,288) width 4: " "
                  RenderBR {BR} at (80,288) size 1x15
                  RenderInline {A} at (0,0) size 77x15 [color=#0000EE]
                    RenderText {#text} at (0,304) size 77x15
                      text run at (0,304) width 77: "Foreign Keys"
                  RenderText {#text} at (76,304) size 5x15
                    text run at (76,304) width 5: " "
                  RenderBR {BR} at (80,304) size 1x15
                  RenderInline {A} at (0,0) size 98x15 [color=#0000EE]
                    RenderText {#text} at (0,320) size 98x15
                      text run at (0,320) width 98: "Partitioning Keys"
                  RenderText {#text} at (97,320) size 5x15
                    text run at (97,320) width 5: " "
                  RenderBR {BR} at (101,320) size 1x15
                  RenderInline {A} at (0,0) size 66x15 [color=#0000EE]
                    RenderText {#text} at (0,336) size 66x15
                      text run at (0,336) width 66: "Constraints"
                  RenderText {#text} at (65,336) size 5x15
                    text run at (65,336) width 5: " "
                  RenderBR {BR} at (69,336) size 1x15
                  RenderInline {A} at (0,0) size 111x15 [color=#0000EE]
                    RenderText {#text} at (0,352) size 111x15
                      text run at (0,352) width 111: "Unique Constraints"
                  RenderText {#text} at (110,352) size 5x15
                    text run at (110,352) width 5: " "
                  RenderBR {BR} at (114,352) size 1x15
                  RenderInline {A} at (0,0) size 133x15 [color=#0000EE]
                    RenderText {#text} at (0,368) size 133x15
                      text run at (0,368) width 133: "Referential Constraints"
                  RenderText {#text} at (132,368) size 4x15
                    text run at (132,368) width 4: " "
                  RenderBR {BR} at (135,368) size 1x15
                  RenderInline {A} at (0,0) size 141x15 [color=#0000EE]
                    RenderText {#text} at (0,384) size 141x15
                      text run at (0,384) width 141: "Table Check Constraints"
                  RenderText {#text} at (140,384) size 5x15
                    text run at (140,384) width 5: " "
                  RenderBR {BR} at (144,384) size 1x15
                  RenderInline {A} at (0,0) size 48x15 [color=#0000EE]
                    RenderText {#text} at (0,400) size 48x15
                      text run at (0,400) width 48: "Triggers"
                  RenderText {#text} at (47,400) size 4x15
                    text run at (47,400) width 4: " "
                  RenderBR {BR} at (50,400) size 1x15
                  RenderInline {A} at (0,0) size 87x15 [color=#0000EE]
                    RenderText {#text} at (0,416) size 87x15
                      text run at (0,416) width 87: "Event Monitors"
                  RenderText {#text} at (86,416) size 5x15
                    text run at (86,416) width 5: " "
                  RenderBR {BR} at (90,416) size 1x15
                  RenderInline {A} at (0,0) size 46x15 [color=#0000EE]
                    RenderText {#text} at (0,432) size 46x15
                      text run at (0,432) width 46: "Queries"
                  RenderText {#text} at (45,432) size 5x15
                    text run at (45,432) width 5: " "
                  RenderBR {BR} at (49,432) size 1x15
                  RenderInline {A} at (0,0) size 106x15 [color=#0000EE]
                    RenderText {#text} at (0,448) size 106x15
                      text run at (0,448) width 106: "Table Expressions"
                  RenderText {#text} at (105,448) size 5x15
                    text run at (105,448) width 5: " "
                  RenderBR {BR} at (109,448) size 1x15
                  RenderInline {A} at (0,0) size 162x15 [color=#0000EE]
                    RenderText {#text} at (0,464) size 162x15
                      text run at (0,464) width 162: "Common Table Expressions"
                  RenderText {#text} at (161,464) size 5x15
                    text run at (161,464) width 5: " "
                  RenderBR {BR} at (165,464) size 1x15
                  RenderInline {A} at (0,0) size 58x15 [color=#0000EE]
                    RenderText {#text} at (0,480) size 58x15
                      text run at (0,480) width 58: "Packages"
                  RenderText {#text} at (57,480) size 4x15
                    text run at (57,480) width 4: " "
                  RenderBR {BR} at (60,480) size 1x15
                  RenderInline {A} at (0,0) size 83x15 [color=#0000EE]
                    RenderText {#text} at (0,496) size 83x15
                      text run at (0,496) width 83: "Catalog Views"
                  RenderText {#text} at (82,496) size 5x15
                    text run at (82,496) width 5: " "
                  RenderBR {BR} at (86,496) size 1x15
                  RenderInline {A} at (0,0) size 296x15 [color=#0000EE]
                    RenderText {#text} at (0,512) size 296x15
                      text run at (0,512) width 296: "Application Processes, Concurrency, and Recovery"
                  RenderText {#text} at (295,512) size 4x15
                    text run at (295,512) width 4: " "
                  RenderBR {BR} at (298,512) size 1x15
                  RenderInline {A} at (0,0) size 84x15 [color=#0000EE]
                    RenderText {#text} at (0,528) size 84x15
                      text run at (0,528) width 84: "Isolation Level"
                  RenderText {#text} at (83,528) size 4x15
                    text run at (83,528) width 4: " "
                  RenderBR {BR} at (86,528) size 1x15
                  RenderInline {A} at (0,0) size 133x15 [color=#0000EE]
                    RenderText {#text} at (0,544) size 133x15
                      text run at (0,544) width 133: "Repeatable Read (RR)"
                  RenderText {#text} at (132,544) size 4x15
                    text run at (132,544) width 4: " "
                  RenderBR {BR} at (135,544) size 1x15
                  RenderInline {A} at (0,0) size 111x15 [color=#0000EE]
                    RenderText {#text} at (0,560) size 111x15
                      text run at (0,560) width 111: "Read Stability (RS)"
                  RenderText {#text} at (110,560) size 5x15
                    text run at (110,560) width 5: " "
                  RenderBR {BR} at (114,560) size 1x15
                  RenderInline {A} at (0,0) size 119x15 [color=#0000EE]
                    RenderText {#text} at (0,576) size 119x15
                      text run at (0,576) width 119: "Cursor Stability (CS)"
                  RenderText {#text} at (118,576) size 5x15
                    text run at (118,576) width 5: " "
                  RenderBR {BR} at (122,576) size 1x15
                  RenderInline {A} at (0,0) size 143x15 [color=#0000EE]
                    RenderText {#text} at (0,592) size 143x15
                      text run at (0,592) width 143: "Uncommitted Read (UR)"
                  RenderText {#text} at (142,592) size 4x15
                    text run at (142,592) width 4: " "
                  RenderBR {BR} at (145,592) size 1x15
                  RenderInline {A} at (0,0) size 178x15 [color=#0000EE]
                    RenderText {#text} at (0,608) size 178x15
                      text run at (0,608) width 178: "Comparison of Isolation Levels"
                  RenderText {#text} at (177,608) size 5x15
                    text run at (177,608) width 5: " "
                  RenderBR {BR} at (181,608) size 1x15
                  RenderInline {A} at (0,0) size 183x15 [color=#0000EE]
                    RenderText {#text} at (0,624) size 183x15
                      text run at (0,624) width 183: "Distributed Relational Database"
                  RenderText {#text} at (182,624) size 5x15
                    text run at (182,624) width 5: " "
                  RenderBR {BR} at (186,624) size 1x15
                  RenderInline {A} at (0,0) size 112x15 [color=#0000EE]
                    RenderText {#text} at (0,640) size 112x15
                      text run at (0,640) width 112: "Application Servers"
                  RenderText {#text} at (111,640) size 5x15
                    text run at (111,640) width 5: " "
                  RenderBR {BR} at (115,640) size 1x15
                  RenderInline {A} at (0,0) size 260x15 [color=#0000EE]
                    RenderText {#text} at (0,656) size 260x15
                      text run at (0,656) width 260: "CONNECT (Type 1) and CONNECT (Type 2)"
                  RenderText {#text} at (259,656) size 5x15
                    text run at (259,656) width 5: " "
                  RenderBR {BR} at (263,656) size 1x15
                  RenderInline {A} at (0,0) size 121x15 [color=#0000EE]
                    RenderText {#text} at (0,672) size 121x15
                      text run at (0,672) width 121: "Remote Unit of Work"
                  RenderText {#text} at (120,672) size 5x15
                    text run at (120,672) width 5: " "
                  RenderBR {BR} at (124,672) size 1x15
                  RenderInline {A} at (0,0) size 257x15 [color=#0000EE]
                    RenderText {#text} at (0,688) size 257x15
                      text run at (0,688) width 257: "Application-Directed Distributed Unit of Work"
                  RenderText {#text} at (256,688) size 5x15
                    text run at (256,688) width 5: " "
                  RenderBR {BR} at (260,688) size 1x15
                  RenderInline {A} at (0,0) size 210x15 [color=#0000EE]
                    RenderText {#text} at (0,704) size 210x15
                      text run at (0,704) width 210: "Data Representation Considerations"
                  RenderText {#text} at (209,704) size 5x15
                    text run at (209,704) width 5: " "
                  RenderBR {BR} at (213,704) size 1x15
                  RenderInline {A} at (0,0) size 142x15 [color=#0000EE]
                    RenderText {#text} at (0,720) size 142x15
                      text run at (0,720) width 142: "DB2 Federated Systems"
                  RenderText {#text} at (141,720) size 5x15
                    text run at (141,720) width 5: " "
                  RenderBR {BR} at (145,720) size 1x15
                  RenderInline {A} at (0,0) size 364x15 [color=#0000EE]
                    RenderText {#text} at (0,736) size 364x15
                      text run at (0,736) width 364: "The Federated Server, Federated Database, and Data Sources"
                  RenderText {#text} at (363,736) size 5x15
                    text run at (363,736) width 5: " "
                  RenderBR {BR} at (367,736) size 1x15
                  RenderInline {A} at (0,0) size 261x15 [color=#0000EE]
                    RenderText {#text} at (0,752) size 261x15
                      text run at (0,752) width 261: "Tasks to Perform in a DB2 Federated System"
                  RenderText {#text} at (260,752) size 5x15
                    text run at (260,752) width 5: " "
                  RenderBR {BR} at (264,752) size 1x15
                  RenderInline {A} at (0,0) size 188x15 [color=#0000EE]
                    RenderText {#text} at (0,768) size 188x15
                      text run at (0,768) width 188: "Wrappers and Wrapper Modules"
                  RenderText {#text} at (187,768) size 5x15
                    text run at (187,768) width 5: " "
                  RenderBR {BR} at (191,768) size 1x15
                  RenderInline {A} at (0,0) size 219x15 [color=#0000EE]
                    RenderText {#text} at (0,784) size 219x15
                      text run at (0,784) width 219: "Server Definitions and Server Options"
                  RenderText {#text} at (218,784) size 4x15
                    text run at (218,784) width 4: " "
                  RenderBR {BR} at (221,784) size 1x15
                  RenderInline {A} at (0,0) size 193x15 [color=#0000EE]
                    RenderText {#text} at (0,800) size 193x15
                      text run at (0,800) width 193: "User Mappings and User Options"
                  RenderText {#text} at (192,800) size 4x15
                    text run at (192,800) width 4: " "
                  RenderBR {BR} at (195,800) size 1x15
                  RenderInline {A} at (0,0) size 120x15 [color=#0000EE]
                    RenderText {#text} at (0,816) size 120x15
                      text run at (0,816) width 120: "Data Type Mappings"
                  RenderText {#text} at (119,816) size 4x15
                    text run at (119,816) width 4: " "
                  RenderBR {BR} at (122,816) size 1x15
                  RenderInline {A} at (0,0) size 415x15 [color=#0000EE]
                    RenderText {#text} at (0,832) size 415x15
                      text run at (0,832) width 415: "Function Mappings, Function Templates, and Function Mapping Options"
                  RenderText {#text} at (414,832) size 4x15
                    text run at (414,832) width 4: " "
                  RenderBR {BR} at (417,832) size 1x15
                  RenderInline {A} at (0,0) size 187x15 [color=#0000EE]
                    RenderText {#text} at (0,848) size 187x15
                      text run at (0,848) width 187: "Nicknames and Column Options"
                  RenderText {#text} at (186,848) size 5x15
                    text run at (186,848) width 5: " "
                  RenderBR {BR} at (190,848) size 1x15
                  RenderInline {A} at (0,0) size 116x15 [color=#0000EE]
                    RenderText {#text} at (0,864) size 116x15
                      text run at (0,864) width 116: "Index Specifications"
                  RenderText {#text} at (115,864) size 5x15
                    text run at (115,864) width 5: " "
                  RenderBR {BR} at (119,864) size 1x15
                  RenderInline {A} at (0,0) size 121x15 [color=#0000EE]
                    RenderText {#text} at (0,880) size 121x15
                      text run at (0,880) width 121: "Distributed Requests"
                  RenderText {#text} at (120,880) size 5x15
                    text run at (120,880) width 5: " "
                  RenderBR {BR} at (124,880) size 1x15
                  RenderInline {A} at (0,0) size 84x15 [color=#0000EE]
                    RenderText {#text} at (0,896) size 84x15
                      text run at (0,896) width 84: "Compensation"
                  RenderText {#text} at (83,896) size 5x15
                    text run at (83,896) width 5: " "
                  RenderBR {BR} at (87,896) size 1x15
                  RenderInline {A} at (0,0) size 82x15 [color=#0000EE]
                    RenderText {#text} at (0,912) size 82x15
                      text run at (0,912) width 82: "Pass-Through"
                  RenderText {#text} at (81,912) size 5x15
                    text run at (81,912) width 5: " "
                  RenderBR {BR} at (85,912) size 1x15
                  RenderInline {A} at (0,0) size 127x15 [color=#0000EE]
                    RenderText {#text} at (0,928) size 127x15
                      text run at (0,928) width 127: "Character Conversion"
                  RenderText {#text} at (126,928) size 5x15
                    text run at (126,928) width 5: " "
                  RenderBR {BR} at (130,928) size 1x15
                  RenderInline {A} at (0,0) size 188x15 [color=#0000EE]
                    RenderText {#text} at (0,944) size 188x15
                      text run at (0,944) width 188: "Character Sets and Code Pages"
                  RenderText {#text} at (187,944) size 4x15
                    text run at (187,944) width 4: " "
                  RenderBR {BR} at (190,944) size 1x15
                  RenderInline {A} at (0,0) size 124x15 [color=#0000EE]
                    RenderText {#text} at (0,960) size 124x15
                      text run at (0,960) width 124: "Code Page Attributes"
                  RenderText {#text} at (123,960) size 5x15
                    text run at (123,960) width 5: " "
                  RenderBR {BR} at (127,960) size 1x15
                  RenderInline {A} at (0,0) size 162x15 [color=#0000EE]
                    RenderText {#text} at (0,976) size 162x15
                      text run at (0,976) width 162: "Authorization and Privileges"
                  RenderText {#text} at (161,976) size 4x15
                    text run at (161,976) width 4: " "
                  RenderBR {BR} at (164,976) size 1x15
                  RenderInline {A} at (0,0) size 252x15 [color=#0000EE]
                    RenderText {#text} at (0,992) size 252x15
                      text run at (0,992) width 252: "Table Spaces and Other Storage Structures"
                  RenderText {#text} at (251,992) size 5x15
                    text run at (251,992) width 5: " "
                  RenderBR {BR} at (255,992) size 1x15
                  RenderInline {A} at (0,0) size 246x15 [color=#0000EE]
                    RenderText {#text} at (0,1008) size 246x15
                      text run at (0,1008) width 246: "Data Partitioning Across Multiple Partitions"
                  RenderText {#text} at (245,1008) size 5x15
                    text run at (245,1008) width 5: " "
                  RenderBR {BR} at (249,1008) size 1x15
                  RenderInline {A} at (0,0) size 101x15 [color=#0000EE]
                    RenderText {#text} at (0,1024) size 101x15
                      text run at (0,1024) width 101: "Partitioning Maps"
                  RenderText {#text} at (100,1024) size 5x15
                    text run at (100,1024) width 5: " "
                  RenderBR {BR} at (104,1024) size 1x15
                  RenderInline {A} at (0,0) size 100x15 [color=#0000EE]
                    RenderText {#text} at (0,1040) size 100x15
                      text run at (0,1040) width 100: "Table Collocation"
                  RenderText {#text} at (0,0) size 0x0
                RenderBlock {P} at (0,1283) size 707x2129
                  RenderInline {B} at (0,0) size 123x15
                    RenderInline {A} at (0,0) size 123x15 [color=#0000EE]
                      RenderText {#text} at (0,0) size 123x15
                        text run at (0,0) width 123: "Language Elements"
                  RenderBR {BR} at (122,0) size 1x15
                  RenderBR {BR} at (0,16) size 0x15
                  RenderInline {A} at (0,0) size 64x15 [color=#0000EE]
                    RenderText {#text} at (0,32) size 64x15
                      text run at (0,32) width 64: "Characters"
                  RenderText {#text} at (63,32) size 5x15
                    text run at (63,32) width 5: " "
                  RenderBR {BR} at (67,32) size 1x15
                  RenderInline {A} at (0,0) size 128x15 [color=#0000EE]
                    RenderText {#text} at (0,48) size 128x15
                      text run at (0,48) width 128: "MBCS Considerations"
                  RenderText {#text} at (127,48) size 5x15
                    text run at (127,48) width 5: " "
                  RenderBR {BR} at (131,48) size 1x15
                  RenderInline {A} at (0,0) size 42x15 [color=#0000EE]
                    RenderText {#text} at (0,64) size 42x15
                      text run at (0,64) width 42: "Tokens"
                  RenderText {#text} at (41,64) size 4x15
                    text run at (41,64) width 4: " "
                  RenderBR {BR} at (44,64) size 1x15
                  RenderInline {A} at (0,0) size 128x15 [color=#0000EE]
                    RenderText {#text} at (0,80) size 128x15
                      text run at (0,80) width 128: "MBCS Considerations"
                  RenderText {#text} at (127,80) size 5x15
                    text run at (127,80) width 5: " "
                  RenderBR {BR} at (131,80) size 1x15
                  RenderInline {A} at (0,0) size 57x15 [color=#0000EE]
                    RenderText {#text} at (0,96) size 57x15
                      text run at (0,96) width 57: "Identifiers"
                  RenderText {#text} at (56,96) size 4x15
                    text run at (56,96) width 4: " "
                  RenderBR {BR} at (59,96) size 1x15
                  RenderInline {A} at (0,0) size 86x15 [color=#0000EE]
                    RenderText {#text} at (0,112) size 86x15
                      text run at (0,112) width 86: "SQL Identifiers"
                  RenderText {#text} at (85,112) size 5x15
                    text run at (85,112) width 5: " "
                  RenderBR {BR} at (89,112) size 1x15
                  RenderInline {A} at (0,0) size 87x15 [color=#0000EE]
                    RenderText {#text} at (0,128) size 87x15
                      text run at (0,128) width 87: "Host Identifiers"
                  RenderText {#text} at (86,128) size 5x15
                    text run at (86,128) width 5: " "
                  RenderBR {BR} at (90,128) size 1x15
                  RenderInline {A} at (0,0) size 352x15 [color=#0000EE]
                    RenderText {#text} at (0,144) size 352x15
                      text run at (0,144) width 352: "Naming Conventions and Implicit Object Name Qualifications"
                  RenderText {#text} at (351,144) size 4x15
                    text run at (351,144) width 4: " "
                  RenderBR {BR} at (354,144) size 1x15
                  RenderInline {A} at (0,0) size 42x15 [color=#0000EE]
                    RenderText {#text} at (0,160) size 42x15
                      text run at (0,160) width 42: "Aliases"
                  RenderText {#text} at (41,160) size 5x15
                    text run at (41,160) width 5: " "
                  RenderBR {BR} at (45,160) size 1x15
                  RenderInline {A} at (0,0) size 246x15 [color=#0000EE]
                    RenderText {#text} at (0,176) size 246x15
                      text run at (0,176) width 246: "Authorization IDs and authorization-names"
                  RenderText {#text} at (245,176) size 5x15
                    text run at (245,176) width 5: " "
                  RenderBR {BR} at (249,176) size 1x15
                  RenderInline {A} at (0,0) size 236x15 [color=#0000EE]
                    RenderText {#text} at (0,192) size 236x15
                      text run at (0,192) width 236: "Dynamic SQL Characteristics at run-time"
                  RenderText {#text} at (235,192) size 4x15
                    text run at (235,192) width 4: " "
                  RenderBR {BR} at (238,192) size 1x15
                  RenderInline {A} at (0,0) size 258x15 [color=#0000EE]
                    RenderText {#text} at (0,208) size 258x15
                      text run at (0,208) width 258: "Authorization IDs and Statement Preparation"
                  RenderText {#text} at (257,208) size 5x15
                    text run at (257,208) width 5: " "
                  RenderBR {BR} at (261,208) size 1x15
                  RenderInline {A} at (0,0) size 66x15 [color=#0000EE]
                    RenderText {#text} at (0,224) size 66x15
                      text run at (0,224) width 66: "Data Types"
                  RenderText {#text} at (65,224) size 5x15
                    text run at (65,224) width 5: " "
                  RenderBR {BR} at (69,224) size 1x15
                  RenderInline {A} at (0,0) size 29x15 [color=#0000EE]
                    RenderText {#text} at (0,240) size 29x15
                      text run at (0,240) width 29: "Nulls"
                  RenderText {#text} at (28,240) size 5x15
                    text run at (28,240) width 5: " "
                  RenderBR {BR} at (32,240) size 1x15
                  RenderInline {A} at (0,0) size 126x15 [color=#0000EE]
                    RenderText {#text} at (0,256) size 126x15
                      text run at (0,256) width 126: "Large Objects (LOBs)"
                  RenderText {#text} at (125,256) size 5x15
                    text run at (125,256) width 5: " "
                  RenderBR {BR} at (129,256) size 1x15
                  RenderInline {A} at (0,0) size 102x15 [color=#0000EE]
                    RenderText {#text} at (0,272) size 102x15
                      text run at (0,272) width 102: "Character Strings"
                  RenderText {#text} at (101,272) size 4x15
                    text run at (101,272) width 4: " "
                  RenderBR {BR} at (104,272) size 1x15
                  RenderInline {A} at (0,0) size 90x15 [color=#0000EE]
                    RenderText {#text} at (0,288) size 90x15
                      text run at (0,288) width 90: "Graphic Strings"
                  RenderText {#text} at (89,288) size 5x15
                    text run at (89,288) width 5: " "
                  RenderBR {BR} at (93,288) size 1x15
                  RenderInline {A} at (0,0) size 75x15 [color=#0000EE]
                    RenderText {#text} at (0,304) size 75x15
                      text run at (0,304) width 75: "Binary String"
                  RenderText {#text} at (74,304) size 5x15
                    text run at (74,304) width 5: " "
                  RenderBR {BR} at (78,304) size 1x15
                  RenderInline {A} at (0,0) size 53x15 [color=#0000EE]
                    RenderText {#text} at (0,320) size 53x15
                      text run at (0,320) width 53: "Numbers"
                  RenderText {#text} at (52,320) size 5x15
                    text run at (52,320) width 5: " "
                  RenderBR {BR} at (56,320) size 1x15
                  RenderInline {A} at (0,0) size 95x15 [color=#0000EE]
                    RenderText {#text} at (0,336) size 95x15
                      text run at (0,336) width 95: "Datetime Values"
                  RenderText {#text} at (94,336) size 5x15
                    text run at (94,336) width 5: " "
                  RenderBR {BR} at (98,336) size 1x15
                  RenderInline {A} at (0,0) size 105x15 [color=#0000EE]
                    RenderText {#text} at (0,352) size 105x15
                      text run at (0,352) width 105: "DATALINK Values"
                  RenderText {#text} at (104,352) size 4x15
                    text run at (104,352) width 4: " "
                  RenderBR {BR} at (107,352) size 1x15
                  RenderInline {A} at (0,0) size 115x15 [color=#0000EE]
                    RenderText {#text} at (0,368) size 115x15
                      text run at (0,368) width 115: "User Defined Types"
                  RenderText {#text} at (114,368) size 4x15
                    text run at (114,368) width 4: " "
                  RenderBR {BR} at (117,368) size 1x15
                  RenderInline {A} at (0,0) size 144x15 [color=#0000EE]
                    RenderText {#text} at (0,384) size 144x15
                      text run at (0,384) width 144: "Promotion of Data Types"
                  RenderText {#text} at (143,384) size 4x15
                    text run at (143,384) width 4: " "
                  RenderBR {BR} at (146,384) size 1x15
                  RenderInline {A} at (0,0) size 168x15 [color=#0000EE]
                    RenderText {#text} at (0,400) size 168x15
                      text run at (0,400) width 168: "Casting Between Data Types"
                  RenderText {#text} at (167,400) size 5x15
                    text run at (167,400) width 5: " "
                  RenderBR {BR} at (171,400) size 1x15
                  RenderInline {A} at (0,0) size 180x15 [color=#0000EE]
                    RenderText {#text} at (0,416) size 180x15
                      text run at (0,416) width 180: "Assignments and Comparisons"
                  RenderText {#text} at (179,416) size 5x15
                    text run at (179,416) width 5: " "
                  RenderBR {BR} at (183,416) size 1x15
                  RenderInline {A} at (0,0) size 127x15 [color=#0000EE]
                    RenderText {#text} at (0,432) size 127x15
                      text run at (0,432) width 127: "Numeric Assignments"
                  RenderText {#text} at (126,432) size 5x15
                    text run at (126,432) width 5: " "
                  RenderBR {BR} at (130,432) size 1x15
                  RenderInline {A} at (0,0) size 112x15 [color=#0000EE]
                    RenderText {#text} at (0,448) size 112x15
                      text run at (0,448) width 112: "String Assignments"
                  RenderText {#text} at (111,448) size 5x15
                    text run at (111,448) width 5: " "
                  RenderBR {BR} at (115,448) size 1x15
                  RenderInline {A} at (0,0) size 131x15 [color=#0000EE]
                    RenderText {#text} at (0,464) size 131x15
                      text run at (0,464) width 131: "Datetime Assignments"
                  RenderText {#text} at (130,464) size 4x15
                    text run at (130,464) width 4: " "
                  RenderBR {BR} at (133,464) size 1x15
                  RenderInline {A} at (0,0) size 140x15 [color=#0000EE]
                    RenderText {#text} at (0,480) size 140x15
                      text run at (0,480) width 140: "DATALINK Assignments"
                  RenderText {#text} at (139,480) size 5x15
                    text run at (139,480) width 5: " "
                  RenderBR {BR} at (143,480) size 1x15
                  RenderInline {A} at (0,0) size 185x15 [color=#0000EE]
                    RenderText {#text} at (0,496) size 185x15
                      text run at (0,496) width 185: "User-defined Type Assignments"
                  RenderText {#text} at (184,496) size 4x15
                    text run at (184,496) width 4: " "
                  RenderBR {BR} at (187,496) size 1x15
                  RenderInline {A} at (0,0) size 170x15 [color=#0000EE]
                    RenderText {#text} at (0,512) size 170x15
                      text run at (0,512) width 170: "Reference Type Assignments"
                  RenderText {#text} at (169,512) size 5x15
                    text run at (169,512) width 5: " "
                  RenderBR {BR} at (173,512) size 1x15
                  RenderInline {A} at (0,0) size 129x15 [color=#0000EE]
                    RenderText {#text} at (0,528) size 129x15
                      text run at (0,528) width 129: "Numeric Comparisons"
                  RenderText {#text} at (128,528) size 5x15
                    text run at (128,528) width 5: " "
                  RenderBR {BR} at (132,528) size 1x15
                  RenderInline {A} at (0,0) size 115x15 [color=#0000EE]
                    RenderText {#text} at (0,544) size 115x15
                      text run at (0,544) width 115: "String Comparisons"
                  RenderText {#text} at (114,544) size 4x15
                    text run at (114,544) width 4: " "
                  RenderBR {BR} at (117,544) size 1x15
                  RenderInline {A} at (0,0) size 133x15 [color=#0000EE]
                    RenderText {#text} at (0,560) size 133x15
                      text run at (0,560) width 133: "Datetime Comparisons"
                  RenderText {#text} at (132,560) size 4x15
                    text run at (132,560) width 4: " "
                  RenderBR {BR} at (135,560) size 1x15
                  RenderInline {A} at (0,0) size 187x15 [color=#0000EE]
                    RenderText {#text} at (0,576) size 187x15
                      text run at (0,576) width 187: "User-defined Type Comparisons"
                  RenderText {#text} at (186,576) size 5x15
                    text run at (186,576) width 5: " "
                  RenderBR {BR} at (190,576) size 1x15
                  RenderInline {A} at (0,0) size 172x15 [color=#0000EE]
                    RenderText {#text} at (0,592) size 172x15
                      text run at (0,592) width 172: "Reference Type Comparisons"
                  RenderText {#text} at (171,592) size 5x15
                    text run at (171,592) width 5: " "
                  RenderBR {BR} at (175,592) size 1x15
                  RenderInline {A} at (0,0) size 162x15 [color=#0000EE]
                    RenderText {#text} at (0,608) size 162x15
                      text run at (0,608) width 162: "Rules for Result Data Types"
                  RenderText {#text} at (161,608) size 5x15
                    text run at (161,608) width 5: " "
                  RenderBR {BR} at (165,608) size 1x15
                  RenderInline {A} at (0,0) size 102x15 [color=#0000EE]
                    RenderText {#text} at (0,624) size 102x15
                      text run at (0,624) width 102: "Character Strings"
                  RenderText {#text} at (101,624) size 4x15
                    text run at (101,624) width 4: " "
                  RenderBR {BR} at (104,624) size 1x15
                  RenderInline {A} at (0,0) size 90x15 [color=#0000EE]
                    RenderText {#text} at (0,640) size 90x15
                      text run at (0,640) width 90: "Graphic Strings"
                  RenderText {#text} at (89,640) size 5x15
                    text run at (89,640) width 5: " "
                  RenderBR {BR} at (93,640) size 1x15
                  RenderInline {A} at (0,0) size 162x15 [color=#0000EE]
                    RenderText {#text} at (0,656) size 162x15
                      text run at (0,656) width 162: "Binary Large Object (BLOB)"
                  RenderText {#text} at (161,656) size 5x15
                    text run at (161,656) width 5: " "
                  RenderBR {BR} at (165,656) size 1x15
                  RenderInline {A} at (0,0) size 49x15 [color=#0000EE]
                    RenderText {#text} at (0,672) size 49x15
                      text run at (0,672) width 49: "Numeric"
                  RenderText {#text} at (48,672) size 5x15
                    text run at (48,672) width 5: " "
                  RenderBR {BR} at (52,672) size 1x15
                  RenderInline {A} at (0,0) size 34x15 [color=#0000EE]
                    RenderText {#text} at (0,688) size 34x15
                      text run at (0,688) width 34: "DATE"
                  RenderText {#text} at (33,688) size 5x15
                    text run at (33,688) width 5: " "
                  RenderBR {BR} at (37,688) size 1x15
                  RenderInline {A} at (0,0) size 32x15 [color=#0000EE]
                    RenderText {#text} at (0,704) size 32x15
                      text run at (0,704) width 32: "TIME"
                  RenderText {#text} at (31,704) size 4x15
                    text run at (31,704) width 4: " "
                  RenderBR {BR} at (34,704) size 1x15
                  RenderInline {A} at (0,0) size 75x15 [color=#0000EE]
                    RenderText {#text} at (0,720) size 75x15
                      text run at (0,720) width 75: "TIMESTAMP"
                  RenderText {#text} at (74,720) size 5x15
                    text run at (74,720) width 5: " "
                  RenderBR {BR} at (78,720) size 1x15
                  RenderInline {A} at (0,0) size 62x15 [color=#0000EE]
                    RenderText {#text} at (0,736) size 62x15
                      text run at (0,736) width 62: "DATALINK"
                  RenderText {#text} at (61,736) size 5x15
                    text run at (61,736) width 5: " "
                  RenderBR {BR} at (65,736) size 1x15
                  RenderInline {A} at (0,0) size 113x15 [color=#0000EE]
                    RenderText {#text} at (0,752) size 113x15
                      text run at (0,752) width 113: "User-defined Types"
                  RenderText {#text} at (112,752) size 5x15
                    text run at (112,752) width 5: " "
                  RenderBR {BR} at (116,752) size 1x15
                  RenderInline {A} at (0,0) size 154x15 [color=#0000EE]
                    RenderText {#text} at (0,768) size 154x15
                      text run at (0,768) width 154: "Nullable Attribute of Result"
                  RenderText {#text} at (153,768) size 5x15
                    text run at (153,768) width 5: " "
                  RenderBR {BR} at (157,768) size 1x15
                  RenderInline {A} at (0,0) size 166x15 [color=#0000EE]
                    RenderText {#text} at (0,784) size 166x15
                      text run at (0,784) width 166: "Rules for String Conversions"
                  RenderText {#text} at (165,784) size 5x15
                    text run at (165,784) width 5: " "
                  RenderBR {BR} at (169,784) size 1x15
                  RenderInline {A} at (0,0) size 126x15 [color=#0000EE]
                    RenderText {#text} at (0,800) size 126x15
                      text run at (0,800) width 126: "Partition Compatibility"
                  RenderText {#text} at (125,800) size 5x15
                    text run at (125,800) width 5: " "
                  RenderBR {BR} at (129,800) size 1x15
                  RenderInline {A} at (0,0) size 59x15 [color=#0000EE]
                    RenderText {#text} at (0,816) size 59x15
                      text run at (0,816) width 59: "Constants"
                  RenderText {#text} at (58,816) size 5x15
                    text run at (58,816) width 5: " "
                  RenderBR {BR} at (62,816) size 1x15
                  RenderInline {A} at (0,0) size 103x15 [color=#0000EE]
                    RenderText {#text} at (0,832) size 103x15
                      text run at (0,832) width 103: "Integer Constants"
                  RenderText {#text} at (102,832) size 5x15
                    text run at (102,832) width 5: " "
                  RenderBR {BR} at (106,832) size 1x15
                  RenderInline {A} at (0,0) size 143x15 [color=#0000EE]
                    RenderText {#text} at (0,848) size 143x15
                      text run at (0,848) width 143: "Floating-Point Constants"
                  RenderText {#text} at (142,848) size 4x15
                    text run at (142,848) width 4: " "
                  RenderBR {BR} at (145,848) size 1x15
                  RenderInline {A} at (0,0) size 110x15 [color=#0000EE]
                    RenderText {#text} at (0,864) size 110x15
                      text run at (0,864) width 110: "Decimal Constants"
                  RenderText {#text} at (109,864) size 4x15
                    text run at (109,864) width 4: " "
                  RenderBR {BR} at (112,864) size 1x15
                  RenderInline {A} at (0,0) size 157x15 [color=#0000EE]
                    RenderText {#text} at (0,880) size 157x15
                      text run at (0,880) width 157: "Character String Constants"
                  RenderText {#text} at (156,880) size 5x15
                    text run at (156,880) width 5: " "
                  RenderBR {BR} at (160,880) size 1x15
                  RenderInline {A} at (0,0) size 138x15 [color=#0000EE]
                    RenderText {#text} at (0,896) size 138x15
                      text run at (0,896) width 138: "Hexadecimal Constants"
                  RenderText {#text} at (137,896) size 4x15
                    text run at (137,896) width 4: " "
                  RenderBR {BR} at (140,896) size 1x15
                  RenderInline {A} at (0,0) size 146x15 [color=#0000EE]
                    RenderText {#text} at (0,912) size 146x15
                      text run at (0,912) width 146: "Graphic String Constants"
                  RenderText {#text} at (145,912) size 4x15
                    text run at (145,912) width 4: " "
                  RenderBR {BR} at (148,912) size 1x15
                  RenderInline {A} at (0,0) size 239x15 [color=#0000EE]
                    RenderText {#text} at (0,928) size 239x15
                      text run at (0,928) width 239: "Using Constants with User-defined Types"
                  RenderText {#text} at (238,928) size 5x15
                    text run at (238,928) width 5: " "
                  RenderBR {BR} at (242,928) size 1x15
                  RenderInline {A} at (0,0) size 102x15 [color=#0000EE]
                    RenderText {#text} at (0,944) size 102x15
                      text run at (0,944) width 102: "Special Registers"
                  RenderText {#text} at (101,944) size 4x15
                    text run at (101,944) width 4: " "
                  RenderBR {BR} at (104,944) size 1x15
                  RenderInline {A} at (0,0) size 101x15 [color=#0000EE]
                    RenderText {#text} at (0,960) size 101x15
                      text run at (0,960) width 101: "CURRENT DATE"
                  RenderText {#text} at (100,960) size 5x15
                    text run at (100,960) width 5: " "
                  RenderBR {BR} at (104,960) size 1x15
                  RenderInline {A} at (0,0) size 262x15 [color=#0000EE]
                    RenderText {#text} at (0,976) size 262x15
                      text run at (0,976) width 262: "CURRENT DEFAULT TRANSFORM GROUP"
                  RenderText {#text} at (261,976) size 5x15
                    text run at (261,976) width 5: " "
                  RenderBR {BR} at (265,976) size 1x15
                  RenderInline {A} at (0,0) size 122x15 [color=#0000EE]
                    RenderText {#text} at (0,992) size 122x15
                      text run at (0,992) width 122: "CURRENT DEGREE"
                  RenderText {#text} at (121,992) size 5x15
                    text run at (121,992) width 5: " "
                  RenderBR {BR} at (125,992) size 1x15
                  RenderInline {A} at (0,0) size 165x15 [color=#0000EE]
                    RenderText {#text} at (0,1008) size 165x15
                      text run at (0,1008) width 165: "CURRENT EXPLAIN MODE"
                  RenderText {#text} at (164,1008) size 5x15
                    text run at (164,1008) width 5: " "
                  RenderBR {BR} at (168,1008) size 1x15
                  RenderInline {A} at (0,0) size 197x15 [color=#0000EE]
                    RenderText {#text} at (0,1024) size 197x15
                      text run at (0,1024) width 197: "CURRENT EXPLAIN SNAPSHOT"
                  RenderText {#text} at (196,1024) size 5x15
                    text run at (196,1024) width 5: " "
                  RenderBR {BR} at (200,1024) size 1x15
                  RenderInline {A} at (0,0) size 105x15 [color=#0000EE]
                    RenderText {#text} at (0,1040) size 105x15
                      text run at (0,1040) width 105: "CURRENT NODE"
                  RenderText {#text} at (104,1040) size 5x15
                    text run at (104,1040) width 5: " "
                  RenderBR {BR} at (108,1040) size 1x15
                  RenderInline {A} at (0,0) size 100x15 [color=#0000EE]
                    RenderText {#text} at (0,1056) size 100x15
                      text run at (0,1056) width 100: "CURRENT PATH"
                  RenderText {#text} at (99,1056) size 5x15
                    text run at (99,1056) width 5: " "
                  RenderBR {BR} at (103,1056) size 1x15
                  RenderInline {A} at (0,0) size 208x15 [color=#0000EE]
                    RenderText {#text} at (0,1072) size 208x15
                      text run at (0,1072) width 208: "CURRENT QUERY OPTIMIZATION"
                  RenderText {#text} at (207,1072) size 5x15
                    text run at (207,1072) width 5: " "
                  RenderBR {BR} at (211,1072) size 1x15
                  RenderInline {A} at (0,0) size 161x15 [color=#0000EE]
                    RenderText {#text} at (0,1088) size 161x15
                      text run at (0,1088) width 161: "CURRENT REFRESH AGE"
                  RenderText {#text} at (160,1088) size 4x15
                    text run at (160,1088) width 4: " "
                  RenderBR {BR} at (163,1088) size 1x15
                  RenderInline {A} at (0,0) size 123x15 [color=#0000EE]
                    RenderText {#text} at (0,1104) size 123x15
                      text run at (0,1104) width 123: "CURRENT SCHEMA"
                  RenderText {#text} at (122,1104) size 5x15
                    text run at (122,1104) width 5: " "
                  RenderBR {BR} at (126,1104) size 1x15
                  RenderInline {A} at (0,0) size 121x15 [color=#0000EE]
                    RenderText {#text} at (0,1120) size 121x15
                      text run at (0,1120) width 121: "CURRENT SERVER"
                  RenderText {#text} at (120,1120) size 4x15
                    text run at (120,1120) width 4: " "
                  RenderBR {BR} at (123,1120) size 1x15
                  RenderInline {A} at (0,0) size 98x15 [color=#0000EE]
                    RenderText {#text} at (0,1136) size 98x15
                      text run at (0,1136) width 98: "CURRENT TIME"
                  RenderText {#text} at (97,1136) size 5x15
                    text run at (97,1136) width 5: " "
                  RenderBR {BR} at (101,1136) size 1x15
                  RenderInline {A} at (0,0) size 142x15 [color=#0000EE]
                    RenderText {#text} at (0,1152) size 142x15
                      text run at (0,1152) width 142: "CURRENT TIMESTAMP"
                  RenderText {#text} at (141,1152) size 5x15
                    text run at (141,1152) width 5: " "
                  RenderBR {BR} at (145,1152) size 1x15
                  RenderInline {A} at (0,0) size 135x15 [color=#0000EE]
                    RenderText {#text} at (0,1168) size 135x15
                      text run at (0,1168) width 135: "CURRENT TIMEZONE"
                  RenderText {#text} at (134,1168) size 4x15
                    text run at (134,1168) width 4: " "
                  RenderBR {BR} at (137,1168) size 1x15
                  RenderInline {A} at (0,0) size 37x15 [color=#0000EE]
                    RenderText {#text} at (0,1184) size 37x15
                      text run at (0,1184) width 37: "USER"
                  RenderText {#text} at (36,1184) size 4x15
                    text run at (36,1184) width 4: " "
                  RenderBR {BR} at (39,1184) size 1x15
                  RenderInline {A} at (0,0) size 90x15 [color=#0000EE]
                    RenderText {#text} at (0,1200) size 90x15
                      text run at (0,1200) width 90: "Column Names"
                  RenderText {#text} at (89,1200) size 5x15
                    text run at (89,1200) width 5: " "
                  RenderBR {BR} at (93,1200) size 1x15
                  RenderInline {A} at (0,0) size 145x15 [color=#0000EE]
                    RenderText {#text} at (0,1216) size 145x15
                      text run at (0,1216) width 145: "Qualified Column Names"
                  RenderText {#text} at (144,1216) size 5x15
                    text run at (144,1216) width 5: " "
                  RenderBR {BR} at (148,1216) size 1x15
                  RenderInline {A} at (0,0) size 109x15 [color=#0000EE]
                    RenderText {#text} at (0,1232) size 109x15
                      text run at (0,1232) width 109: "Correlation Names"
                  RenderText {#text} at (108,1232) size 4x15
                    text run at (108,1232) width 4: " "
                  RenderBR {BR} at (111,1232) size 1x15
                  RenderInline {A} at (0,0) size 253x15 [color=#0000EE]
                    RenderText {#text} at (0,1248) size 253x15
                      text run at (0,1248) width 253: "Column Name Qualifiers to Avoid Ambiguity"
                  RenderText {#text} at (252,1248) size 5x15
                    text run at (252,1248) width 5: " "
                  RenderBR {BR} at (256,1248) size 1x15
                  RenderInline {A} at (0,0) size 290x15 [color=#0000EE]
                    RenderText {#text} at (0,1264) size 290x15
                      text run at (0,1264) width 290: "Column Name Qualifiers in Correlated References"
                  RenderText {#text} at (289,1264) size 5x15
                    text run at (289,1264) width 5: " "
                  RenderBR {BR} at (293,1264) size 1x15
                  RenderInline {A} at (0,0) size 169x15 [color=#0000EE]
                    RenderText {#text} at (0,1280) size 169x15
                      text run at (0,1280) width 169: "References to Host Variables"
                  RenderText {#text} at (168,1280) size 4x15
                    text run at (168,1280) width 4: " "
                  RenderBR {BR} at (171,1280) size 1x15
                  RenderInline {A} at (0,0) size 182x15 [color=#0000EE]
                    RenderText {#text} at (0,1296) size 182x15
                      text run at (0,1296) width 182: "Host Variables in Dynamic SQL"
                  RenderText {#text} at (181,1296) size 4x15
                    text run at (181,1296) width 4: " "
                  RenderBR {BR} at (184,1296) size 1x15
                  RenderInline {A} at (0,0) size 336x15 [color=#0000EE]
                    RenderText {#text} at (0,1312) size 336x15
                      text run at (0,1312) width 336: "References to BLOB, CLOB, and DBCLOB Host Variables"
                  RenderText {#text} at (335,1312) size 4x15
                    text run at (335,1312) width 4: " "
                  RenderBR {BR} at (338,1312) size 1x15
                  RenderInline {A} at (0,0) size 185x15 [color=#0000EE]
                    RenderText {#text} at (0,1328) size 185x15
                      text run at (0,1328) width 185: "References to Locator Variables"
                  RenderText {#text} at (184,1328) size 5x15
                    text run at (184,1328) width 5: " "
                  RenderBR {BR} at (188,1328) size 1x15
                  RenderInline {A} at (0,0) size 393x15 [color=#0000EE]
                    RenderText {#text} at (0,1344) size 393x15
                      text run at (0,1344) width 393: "References to BLOB, CLOB, and DBCLOB File Reference Variables"
                  RenderText {#text} at (392,1344) size 5x15
                    text run at (392,1344) width 5: " "
                  RenderBR {BR} at (396,1344) size 1x15
                  RenderInline {A} at (0,0) size 264x15 [color=#0000EE]
                    RenderText {#text} at (0,1360) size 264x15
                      text run at (0,1360) width 264: "References to Structured Type Host Variables"
                  RenderText {#text} at (263,1360) size 5x15
                    text run at (263,1360) width 5: " "
                  RenderBR {BR} at (267,1360) size 1x15
                  RenderInline {A} at (0,0) size 57x15 [color=#0000EE]
                    RenderText {#text} at (0,1376) size 57x15
                      text run at (0,1376) width 57: "Functions"
                  RenderText {#text} at (56,1376) size 4x15
                    text run at (56,1376) width 4: " "
                  RenderBR {BR} at (59,1376) size 1x15
                  RenderInline {A} at (0,0) size 298x15 [color=#0000EE]
                    RenderText {#text} at (0,1392) size 298x15
                      text run at (0,1392) width 298: "External, SQL and Sourced User-Defined Functions"
                  RenderText {#text} at (297,1392) size 5x15
                    text run at (297,1392) width 5: " "
                  RenderBR {BR} at (301,1392) size 1x15
                  RenderInline {A} at (0,0) size 322x15 [color=#0000EE]
                    RenderText {#text} at (0,1408) size 322x15
                      text run at (0,1408) width 322: "Scalar, Column, Row and Table User-Defined Functions"
                  RenderText {#text} at (321,1408) size 5x15
                    text run at (321,1408) width 5: " "
                  RenderBR {BR} at (325,1408) size 1x15
                  RenderInline {A} at (0,0) size 114x15 [color=#0000EE]
                    RenderText {#text} at (0,1424) size 114x15
                      text run at (0,1424) width 114: "Function signatures"
                  RenderText {#text} at (113,1424) size 5x15
                    text run at (113,1424) width 5: " "
                  RenderBR {BR} at (117,1424) size 1x15
                  RenderInline {A} at (0,0) size 56x15 [color=#0000EE]
                    RenderText {#text} at (0,1440) size 56x15
                      text run at (0,1440) width 56: "SQL Path"
                  RenderText {#text} at (55,1440) size 5x15
                    text run at (55,1440) width 5: " "
                  RenderBR {BR} at (59,1440) size 1x15
                  RenderInline {A} at (0,0) size 115x15 [color=#0000EE]
                    RenderText {#text} at (0,1456) size 115x15
                      text run at (0,1456) width 115: "Function Resolution"
                  RenderText {#text} at (114,1456) size 5x15
                    text run at (114,1456) width 5: " "
                  RenderBR {BR} at (118,1456) size 1x15
                  RenderInline {A} at (0,0) size 113x15 [color=#0000EE]
                    RenderText {#text} at (0,1472) size 113x15
                      text run at (0,1472) width 113: "Function Invocation"
                  RenderText {#text} at (112,1472) size 5x15
                    text run at (112,1472) width 5: " "
                  RenderBR {BR} at (116,1472) size 1x15
                  RenderInline {A} at (0,0) size 50x15 [color=#0000EE]
                    RenderText {#text} at (0,1488) size 50x15
                      text run at (0,1488) width 50: "Methods"
                  RenderText {#text} at (49,1488) size 5x15
                    text run at (49,1488) width 5: " "
                  RenderBR {BR} at (53,1488) size 1x15
                  RenderInline {A} at (0,0) size 236x15 [color=#0000EE]
                    RenderText {#text} at (0,1504) size 236x15
                      text run at (0,1504) width 236: "External and SQL User-Defined Methods"
                  RenderText {#text} at (235,1504) size 5x15
                    text run at (235,1504) width 5: " "
                  RenderBR {BR} at (239,1504) size 1x15
                  RenderInline {A} at (0,0) size 110x15 [color=#0000EE]
                    RenderText {#text} at (0,1520) size 110x15
                      text run at (0,1520) width 110: "Method Signatures"
                  RenderText {#text} at (109,1520) size 4x15
                    text run at (109,1520) width 4: " "
                  RenderBR {BR} at (112,1520) size 1x15
                  RenderInline {A} at (0,0) size 107x15 [color=#0000EE]
                    RenderText {#text} at (0,1536) size 107x15
                      text run at (0,1536) width 107: "Method Invocation"
                  RenderText {#text} at (106,1536) size 4x15
                    text run at (106,1536) width 4: " "
                  RenderBR {BR} at (109,1536) size 1x15
                  RenderInline {A} at (0,0) size 109x15 [color=#0000EE]
                    RenderText {#text} at (0,1552) size 109x15
                      text run at (0,1552) width 109: "Method Resolution"
                  RenderText {#text} at (108,1552) size 5x15
                    text run at (108,1552) width 5: " "
                  RenderBR {BR} at (112,1552) size 1x15
                  RenderInline {A} at (0,0) size 186x15 [color=#0000EE]
                    RenderText {#text} at (0,1568) size 186x15
                      text run at (0,1568) width 186: "Method of Choosing the Best Fit"
                  RenderText {#text} at (185,1568) size 5x15
                    text run at (185,1568) width 5: " "
                  RenderBR {BR} at (189,1568) size 1x15
                  RenderInline {A} at (0,0) size 178x15 [color=#0000EE]
                    RenderText {#text} at (0,1584) size 178x15
                      text run at (0,1584) width 178: "Example of Method Resolution"
                  RenderText {#text} at (177,1584) size 4x15
                    text run at (177,1584) width 4: " "
                  RenderBR {BR} at (180,1584) size 1x15
                  RenderInline {A} at (0,0) size 107x15 [color=#0000EE]
                    RenderText {#text} at (0,1600) size 107x15
                      text run at (0,1600) width 107: "Method Invocation"
                  RenderText {#text} at (106,1600) size 4x15
                    text run at (106,1600) width 4: " "
                  RenderBR {BR} at (109,1600) size 1x15
                  RenderInline {A} at (0,0) size 188x15 [color=#0000EE]
                    RenderText {#text} at (0,1616) size 188x15
                      text run at (0,1616) width 188: "Conservative Binding Semantics"
                  RenderText {#text} at (187,1616) size 4x15
                    text run at (187,1616) width 4: " "
                  RenderBR {BR} at (190,1616) size 1x15
                  RenderInline {A} at (0,0) size 71x15 [color=#0000EE]
                    RenderText {#text} at (0,1632) size 71x15
                      text run at (0,1632) width 71: "Expressions"
                  RenderText {#text} at (70,1632) size 5x15
                    text run at (70,1632) width 5: " "
                  RenderBR {BR} at (74,1632) size 1x15
                  RenderInline {A} at (0,0) size 106x15 [color=#0000EE]
                    RenderText {#text} at (0,1648) size 106x15
                      text run at (0,1648) width 106: "Without Operators"
                  RenderText {#text} at (105,1648) size 5x15
                    text run at (105,1648) width 5: " "
                  RenderBR {BR} at (109,1648) size 1x15
                  RenderInline {A} at (0,0) size 191x15 [color=#0000EE]
                    RenderText {#text} at (0,1664) size 191x15
                      text run at (0,1664) width 191: "With the Concatenation Operator"
                  RenderText {#text} at (190,1664) size 4x15
                    text run at (190,1664) width 4: " "
                  RenderBR {BR} at (193,1664) size 1x15
                  RenderInline {A} at (0,0) size 149x15 [color=#0000EE]
                    RenderText {#text} at (0,1680) size 149x15
                      text run at (0,1680) width 149: "With Arithmetic Operators"
                  RenderText {#text} at (148,1680) size 5x15
                    text run at (148,1680) width 5: " "
                  RenderBR {BR} at (152,1680) size 1x15
                  RenderInline {A} at (0,0) size 129x15 [color=#0000EE]
                    RenderText {#text} at (0,1696) size 129x15
                      text run at (0,1696) width 129: "Two Integer Operands"
                  RenderText {#text} at (128,1696) size 5x15
                    text run at (128,1696) width 5: " "
                  RenderBR {BR} at (132,1696) size 1x15
                  RenderInline {A} at (0,0) size 178x15 [color=#0000EE]
                    RenderText {#text} at (0,1712) size 178x15
                      text run at (0,1712) width 178: "Integer and Decimal Operands"
                  RenderText {#text} at (177,1712) size 4x15
                    text run at (177,1712) width 4: " "
                  RenderBR {BR} at (180,1712) size 1x15
                  RenderInline {A} at (0,0) size 136x15 [color=#0000EE]
                    RenderText {#text} at (0,1728) size 136x15
                      text run at (0,1728) width 136: "Two Decimal Operands"
                  RenderText {#text} at (135,1728) size 4x15
                    text run at (135,1728) width 4: " "
                  RenderBR {BR} at (138,1728) size 1x15
                  RenderInline {A} at (0,0) size 152x15 [color=#0000EE]
                    RenderText {#text} at (0,1744) size 152x15
                      text run at (0,1744) width 152: "Decimal Arithmetic in SQL"
                  RenderText {#text} at (151,1744) size 5x15
                    text run at (151,1744) width 5: " "
                  RenderBR {BR} at (155,1744) size 1x15
                  RenderInline {A} at (0,0) size 141x15 [color=#0000EE]
                    RenderText {#text} at (0,1760) size 141x15
                      text run at (0,1760) width 141: "Floating-Point Operands"
                  RenderText {#text} at (140,1760) size 5x15
                    text run at (140,1760) width 5: " "
                  RenderBR {BR} at (144,1760) size 1x15
                  RenderInline {A} at (0,0) size 191x15 [color=#0000EE]
                    RenderText {#text} at (0,1776) size 191x15
                      text run at (0,1776) width 191: "User-defined Types as Operands"
                  RenderText {#text} at (190,1776) size 5x15
                    text run at (190,1776) width 5: " "
                  RenderBR {BR} at (194,1776) size 1x15
                  RenderInline {A} at (0,0) size 96x15 [color=#0000EE]
                    RenderText {#text} at (0,1792) size 96x15
                      text run at (0,1792) width 96: "Scalar Fullselect"
                  RenderText {#text} at (95,1792) size 4x15
                    text run at (95,1792) width 4: " "
                  RenderBR {BR} at (98,1792) size 1x15
                  RenderInline {A} at (0,0) size 204x15 [color=#0000EE]
                    RenderText {#text} at (0,1808) size 204x15
                      text run at (0,1808) width 204: "Datetime Operations and Durations"
                  RenderText {#text} at (203,1808) size 5x15
                    text run at (203,1808) width 5: " "
                  RenderBR {BR} at (207,1808) size 1x15
                  RenderInline {A} at (0,0) size 157x15 [color=#0000EE]
                    RenderText {#text} at (0,1824) size 157x15
                      text run at (0,1824) width 157: "Datetime Arithmetic in SQL"
                  RenderText {#text} at (156,1824) size 5x15
                    text run at (156,1824) width 5: " "
                  RenderBR {BR} at (160,1824) size 1x15
                  RenderInline {A} at (0,0) size 152x15 [color=#0000EE]
                    RenderText {#text} at (0,1840) size 152x15
                      text run at (0,1840) width 152: "Precedence of Operations"
                  RenderText {#text} at (151,1840) size 4x15
                    text run at (151,1840) width 4: " "
                  RenderBR {BR} at (154,1840) size 1x15
                  RenderInline {A} at (0,0) size 110x15 [color=#0000EE]
                    RenderText {#text} at (0,1856) size 110x15
                      text run at (0,1856) width 110: "CASE Expressions"
                  RenderText {#text} at (109,1856) size 5x15
                    text run at (109,1856) width 5: " "
                  RenderBR {BR} at (113,1856) size 1x15
                  RenderInline {A} at (0,0) size 119x15 [color=#0000EE]
                    RenderText {#text} at (0,1872) size 119x15
                      text run at (0,1872) width 119: "CAST Specifications"
                  RenderText {#text} at (118,1872) size 4x15
                    text run at (118,1872) width 4: " "
                  RenderBR {BR} at (121,1872) size 1x15
                  RenderInline {A} at (0,0) size 139x15 [color=#0000EE]
                    RenderText {#text} at (0,1888) size 139x15
                      text run at (0,1888) width 139: "Dereference Operations"
                  RenderText {#text} at (138,1888) size 5x15
                    text run at (138,1888) width 5: " "
                  RenderBR {BR} at (142,1888) size 1x15
                  RenderInline {A} at (0,0) size 95x15 [color=#0000EE]
                    RenderText {#text} at (0,1904) size 95x15
                      text run at (0,1904) width 95: "OLAP Functions"
                  RenderText {#text} at (94,1904) size 5x15
                    text run at (94,1904) width 5: " "
                  RenderBR {BR} at (98,1904) size 1x15
                  RenderInline {A} at (0,0) size 107x15 [color=#0000EE]
                    RenderText {#text} at (0,1920) size 107x15
                      text run at (0,1920) width 107: "Method Invocation"
                  RenderText {#text} at (106,1920) size 4x15
                    text run at (106,1920) width 4: " "
                  RenderBR {BR} at (109,1920) size 1x15
                  RenderInline {A} at (0,0) size 111x15 [color=#0000EE]
                    RenderText {#text} at (0,1936) size 111x15
                      text run at (0,1936) width 111: "Subtype Treatment"
                  RenderText {#text} at (110,1936) size 4x15
                    text run at (110,1936) width 4: " "
                  RenderBR {BR} at (113,1936) size 1x15
                  RenderInline {A} at (0,0) size 62x15 [color=#0000EE]
                    RenderText {#text} at (0,1952) size 62x15
                      text run at (0,1952) width 62: "Predicates"
                  RenderText {#text} at (61,1952) size 5x15
                    text run at (61,1952) width 5: " "
                  RenderBR {BR} at (65,1952) size 1x15
                  RenderInline {A} at (0,0) size 91x15 [color=#0000EE]
                    RenderText {#text} at (0,1968) size 91x15
                      text run at (0,1968) width 91: "Basic Predicate"
                  RenderText {#text} at (90,1968) size 4x15
                    text run at (90,1968) width 4: " "
                  RenderBR {BR} at (93,1968) size 1x15
                  RenderInline {A} at (0,0) size 118x15 [color=#0000EE]
                    RenderText {#text} at (0,1984) size 118x15
                      text run at (0,1984) width 118: "Quantified Predicate"
                  RenderText {#text} at (117,1984) size 5x15
                    text run at (117,1984) width 5: " "
                  RenderBR {BR} at (121,1984) size 1x15
                  RenderInline {A} at (0,0) size 123x15 [color=#0000EE]
                    RenderText {#text} at (0,2000) size 123x15
                      text run at (0,2000) width 123: "BETWEEN Predicate"
                  RenderText {#text} at (122,2000) size 5x15
                    text run at (122,2000) width 5: " "
                  RenderBR {BR} at (126,2000) size 1x15
                  RenderInline {A} at (0,0) size 105x15 [color=#0000EE]
                    RenderText {#text} at (0,2016) size 105x15
                      text run at (0,2016) width 105: "EXISTS Predicate"
                  RenderText {#text} at (104,2016) size 5x15
                    text run at (104,2016) width 5: " "
                  RenderBR {BR} at (108,2016) size 1x15
                  RenderInline {A} at (0,0) size 72x15 [color=#0000EE]
                    RenderText {#text} at (0,2032) size 72x15
                      text run at (0,2032) width 72: "IN Predicate"
                  RenderText {#text} at (71,2032) size 5x15
                    text run at (71,2032) width 5: " "
                  RenderBR {BR} at (75,2032) size 1x15
                  RenderInline {A} at (0,0) size 87x15 [color=#0000EE]
                    RenderText {#text} at (0,2048) size 87x15
                      text run at (0,2048) width 87: "LIKE Predicate"
                  RenderText {#text} at (86,2048) size 5x15
                    text run at (86,2048) width 5: " "
                  RenderBR {BR} at (90,2048) size 1x15
                  RenderInline {A} at (0,0) size 92x15 [color=#0000EE]
                    RenderText {#text} at (0,2064) size 92x15
                      text run at (0,2064) width 92: "NULL Predicate"
                  RenderText {#text} at (91,2064) size 4x15
                    text run at (91,2064) width 4: " "
                  RenderBR {BR} at (94,2064) size 1x15
                  RenderInline {A} at (0,0) size 93x15 [color=#0000EE]
                    RenderText {#text} at (0,2080) size 93x15
                      text run at (0,2080) width 93: "TYPE Predicate"
                  RenderText {#text} at (92,2080) size 5x15
                    text run at (92,2080) width 5: " "
                  RenderBR {BR} at (96,2080) size 1x15
                  RenderInline {A} at (0,0) size 107x15 [color=#0000EE]
                    RenderText {#text} at (0,2096) size 107x15
                      text run at (0,2096) width 107: "Search Conditions"
                  RenderText {#text} at (106,2096) size 4x15
                    text run at (106,2096) width 4: " "
                  RenderBR {BR} at (109,2096) size 1x15
                  RenderInline {A} at (0,0) size 58x15 [color=#0000EE]
                    RenderText {#text} at (0,2112) size 58x15
                      text run at (0,2112) width 58: "Examples"
                  RenderText {#text} at (0,0) size 0x0
                RenderBlock {P} at (0,3424) size 707x2065
                  RenderInline {B} at (0,0) size 63x15
                    RenderInline {A} at (0,0) size 63x15 [color=#0000EE]
                      RenderText {#text} at (0,0) size 63x15
                        text run at (0,0) width 63: "Functions"
                  RenderBR {BR} at (62,0) size 1x15
                  RenderBR {BR} at (0,16) size 0x15
                  RenderInline {A} at (0,0) size 105x15 [color=#0000EE]
                    RenderText {#text} at (0,32) size 105x15
                      text run at (0,32) width 105: "Column Functions"
                  RenderText {#text} at (104,32) size 5x15
                    text run at (104,32) width 5: " "
                  RenderBR {BR} at (108,32) size 1x15
                  RenderInline {A} at (0,0) size 27x15 [color=#0000EE]
                    RenderText {#text} at (0,48) size 27x15
                      text run at (0,48) width 27: "AVG"
                  RenderText {#text} at (26,48) size 5x15
                    text run at (26,48) width 5: " "
                  RenderBR {BR} at (30,48) size 1x15
                  RenderInline {A} at (0,0) size 93x15 [color=#0000EE]
                    RenderText {#text} at (0,64) size 93x15
                      text run at (0,64) width 93: "CORRELATION"
                  RenderText {#text} at (92,64) size 5x15
                    text run at (92,64) width 5: " "
                  RenderBR {BR} at (96,64) size 1x15
                  RenderInline {A} at (0,0) size 47x15 [color=#0000EE]
                    RenderText {#text} at (0,80) size 47x15
                      text run at (0,80) width 47: "COUNT"
                  RenderText {#text} at (46,80) size 4x15
                    text run at (46,80) width 4: " "
                  RenderBR {BR} at (49,80) size 1x15
                  RenderInline {A} at (0,0) size 76x15 [color=#0000EE]
                    RenderText {#text} at (0,96) size 76x15
                      text run at (0,96) width 76: "COUNT_BIG"
                  RenderText {#text} at (75,96) size 5x15
                    text run at (75,96) width 5: " "
                  RenderBR {BR} at (79,96) size 1x15
                  RenderInline {A} at (0,0) size 85x15 [color=#0000EE]
                    RenderText {#text} at (0,112) size 85x15
                      text run at (0,112) width 85: "COVARIANCE"
                  RenderText {#text} at (84,112) size 5x15
                    text run at (84,112) width 5: " "
                  RenderBR {BR} at (88,112) size 1x15
                  RenderInline {A} at (0,0) size 71x15 [color=#0000EE]
                    RenderText {#text} at (0,128) size 71x15
                      text run at (0,128) width 71: "GROUPING"
                  RenderText {#text} at (70,128) size 5x15
                    text run at (70,128) width 5: " "
                  RenderBR {BR} at (74,128) size 1x15
                  RenderInline {A} at (0,0) size 29x15 [color=#0000EE]
                    RenderText {#text} at (0,144) size 29x15
                      text run at (0,144) width 29: "MAX"
                  RenderText {#text} at (28,144) size 4x15
                    text run at (28,144) width 4: " "
                  RenderBR {BR} at (31,144) size 1x15
                  RenderInline {A} at (0,0) size 24x15 [color=#0000EE]
                    RenderText {#text} at (0,160) size 24x15
                      text run at (0,160) width 24: "MIN"
                  RenderText {#text} at (23,160) size 5x15
                    text run at (23,160) width 5: " "
                  RenderBR {BR} at (27,160) size 1x15
                  RenderInline {A} at (0,0) size 147x15 [color=#0000EE]
                    RenderText {#text} at (0,176) size 147x15
                      text run at (0,176) width 147: "REGRESSION Functions"
                  RenderText {#text} at (146,176) size 5x15
                    text run at (146,176) width 5: " "
                  RenderBR {BR} at (150,176) size 1x15
                  RenderInline {A} at (0,0) size 53x15 [color=#0000EE]
                    RenderText {#text} at (0,192) size 53x15
                      text run at (0,192) width 53: "STDDEV"
                  RenderText {#text} at (52,192) size 5x15
                    text run at (52,192) width 5: " "
                  RenderBR {BR} at (56,192) size 1x15
                  RenderInline {A} at (0,0) size 29x15 [color=#0000EE]
                    RenderText {#text} at (0,208) size 29x15
                      text run at (0,208) width 29: "SUM"
                  RenderText {#text} at (28,208) size 5x15
                    text run at (28,208) width 5: " "
                  RenderBR {BR} at (32,208) size 1x15
                  RenderInline {A} at (0,0) size 66x15 [color=#0000EE]
                    RenderText {#text} at (0,224) size 66x15
                      text run at (0,224) width 66: "VARIANCE"
                  RenderText {#text} at (65,224) size 5x15
                    text run at (65,224) width 5: " "
                  RenderBR {BR} at (69,224) size 1x15
                  RenderInline {A} at (0,0) size 97x15 [color=#0000EE]
                    RenderText {#text} at (0,240) size 97x15
                      text run at (0,240) width 97: "Scalar Functions"
                  RenderText {#text} at (96,240) size 5x15
                    text run at (96,240) width 5: " "
                  RenderBR {BR} at (100,240) size 1x15
                  RenderInline {A} at (0,0) size 95x15 [color=#0000EE]
                    RenderText {#text} at (0,256) size 95x15
                      text run at (0,256) width 95: "ABS or ABSVAL"
                  RenderText {#text} at (94,256) size 5x15
                    text run at (94,256) width 5: " "
                  RenderBR {BR} at (98,256) size 1x15
                  RenderInline {A} at (0,0) size 37x15 [color=#0000EE]
                    RenderText {#text} at (0,272) size 37x15
                      text run at (0,272) width 37: "ACOS"
                  RenderText {#text} at (36,272) size 5x15
                    text run at (36,272) width 5: " "
                  RenderBR {BR} at (40,272) size 1x15
                  RenderInline {A} at (0,0) size 34x15 [color=#0000EE]
                    RenderText {#text} at (0,288) size 34x15
                      text run at (0,288) width 34: "ASCII"
                  RenderText {#text} at (33,288) size 5x15
                    text run at (33,288) width 5: " "
                  RenderBR {BR} at (37,288) size 1x15
                  RenderInline {A} at (0,0) size 31x15 [color=#0000EE]
                    RenderText {#text} at (0,304) size 31x15
                      text run at (0,304) width 31: "ASIN"
                  RenderText {#text} at (30,304) size 4x15
                    text run at (30,304) width 4: " "
                  RenderBR {BR} at (33,304) size 1x15
                  RenderInline {A} at (0,0) size 33x15 [color=#0000EE]
                    RenderText {#text} at (0,320) size 33x15
                      text run at (0,320) width 33: "ATAN"
                  RenderText {#text} at (32,320) size 5x15
                    text run at (32,320) width 5: " "
                  RenderBR {BR} at (36,320) size 1x15
                  RenderInline {A} at (0,0) size 40x15 [color=#0000EE]
                    RenderText {#text} at (0,336) size 40x15
                      text run at (0,336) width 40: "ATAN2"
                  RenderText {#text} at (39,336) size 5x15
                    text run at (39,336) width 5: " "
                  RenderBR {BR} at (43,336) size 1x15
                  RenderInline {A} at (0,0) size 44x15 [color=#0000EE]
                    RenderText {#text} at (0,352) size 44x15
                      text run at (0,352) width 44: "BIGINT"
                  RenderText {#text} at (43,352) size 4x15
                    text run at (43,352) width 4: " "
                  RenderBR {BR} at (46,352) size 1x15
                  RenderInline {A} at (0,0) size 35x15 [color=#0000EE]
                    RenderText {#text} at (0,368) size 35x15
                      text run at (0,368) width 35: "BLOB"
                  RenderText {#text} at (34,368) size 5x15
                    text run at (34,368) width 5: " "
                  RenderBR {BR} at (38,368) size 1x15
                  RenderInline {A} at (0,0) size 100x15 [color=#0000EE]
                    RenderText {#text} at (0,384) size 100x15
                      text run at (0,384) width 100: "CEILING or CEIL"
                  RenderText {#text} at (99,384) size 5x15
                    text run at (99,384) width 5: " "
                  RenderBR {BR} at (103,384) size 1x15
                  RenderInline {A} at (0,0) size 37x15 [color=#0000EE]
                    RenderText {#text} at (0,400) size 37x15
                      text run at (0,400) width 37: "CHAR"
                  RenderText {#text} at (36,400) size 5x15
                    text run at (36,400) width 5: " "
                  RenderBR {BR} at (40,400) size 1x15
                  RenderInline {A} at (0,0) size 29x15 [color=#0000EE]
                    RenderText {#text} at (0,416) size 29x15
                      text run at (0,416) width 29: "CHR"
                  RenderText {#text} at (28,416) size 4x15
                    text run at (28,416) width 4: " "
                  RenderBR {BR} at (31,416) size 1x15
                  RenderInline {A} at (0,0) size 36x15 [color=#0000EE]
                    RenderText {#text} at (0,432) size 36x15
                      text run at (0,432) width 36: "CLOB"
                  RenderText {#text} at (35,432) size 5x15
                    text run at (35,432) width 5: " "
                  RenderBR {BR} at (39,432) size 1x15
                  RenderInline {A} at (0,0) size 71x15 [color=#0000EE]
                    RenderText {#text} at (0,448) size 71x15
                      text run at (0,448) width 71: "COALESCE"
                  RenderText {#text} at (70,448) size 5x15
                    text run at (70,448) width 5: " "
                  RenderBR {BR} at (74,448) size 1x15
                  RenderInline {A} at (0,0) size 54x15 [color=#0000EE]
                    RenderText {#text} at (0,464) size 54x15
                      text run at (0,464) width 54: "CONCAT"
                  RenderText {#text} at (53,464) size 5x15
                    text run at (53,464) width 5: " "
                  RenderBR {BR} at (57,464) size 1x15
                  RenderInline {A} at (0,0) size 29x15 [color=#0000EE]
                    RenderText {#text} at (0,480) size 29x15
                      text run at (0,480) width 29: "COS"
                  RenderText {#text} at (28,480) size 4x15
                    text run at (28,480) width 4: " "
                  RenderBR {BR} at (31,480) size 1x15
                  RenderInline {A} at (0,0) size 28x15 [color=#0000EE]
                    RenderText {#text} at (0,496) size 28x15
                      text run at (0,496) width 28: "COT"
                  RenderText {#text} at (27,496) size 5x15
                    text run at (27,496) width 5: " "
                  RenderBR {BR} at (31,496) size 1x15
                  RenderInline {A} at (0,0) size 34x15 [color=#0000EE]
                    RenderText {#text} at (0,512) size 34x15
                      text run at (0,512) width 34: "DATE"
                  RenderText {#text} at (33,512) size 5x15
                    text run at (33,512) width 5: " "
                  RenderBR {BR} at (37,512) size 1x15
                  RenderInline {A} at (0,0) size 26x15 [color=#0000EE]
                    RenderText {#text} at (0,528) size 26x15
                      text run at (0,528) width 26: "DAY"
                  RenderText {#text} at (25,528) size 5x15
                    text run at (25,528) width 5: " "
                  RenderBR {BR} at (29,528) size 1x15
                  RenderInline {A} at (0,0) size 64x15 [color=#0000EE]
                    RenderText {#text} at (0,544) size 64x15
                      text run at (0,544) width 64: "DAYNAME"
                  RenderText {#text} at (63,544) size 4x15
                    text run at (63,544) width 4: " "
                  RenderBR {BR} at (66,544) size 1x15
                  RenderInline {A} at (0,0) size 83x15 [color=#0000EE]
                    RenderText {#text} at (0,560) size 83x15
                      text run at (0,560) width 83: "DAYOFWEEK"
                  RenderText {#text} at (82,560) size 4x15
                    text run at (82,560) width 4: " "
                  RenderBR {BR} at (85,560) size 1x15
                  RenderInline {A} at (0,0) size 112x15 [color=#0000EE]
                    RenderText {#text} at (0,576) size 112x15
                      text run at (0,576) width 112: "DAYOFWEEK_ISO"
                  RenderText {#text} at (111,576) size 5x15
                    text run at (111,576) width 5: " "
                  RenderBR {BR} at (115,576) size 1x15
                  RenderInline {A} at (0,0) size 80x15 [color=#0000EE]
                    RenderText {#text} at (0,592) size 80x15
                      text run at (0,592) width 80: "DAYOFYEAR"
                  RenderText {#text} at (79,592) size 4x15
                    text run at (79,592) width 4: " "
                  RenderBR {BR} at (82,592) size 1x15
                  RenderInline {A} at (0,0) size 35x15 [color=#0000EE]
                    RenderText {#text} at (0,608) size 35x15
                      text run at (0,608) width 35: "DAYS"
                  RenderText {#text} at (34,608) size 5x15
                    text run at (34,608) width 5: " "
                  RenderBR {BR} at (38,608) size 1x15
                  RenderInline {A} at (0,0) size 54x15 [color=#0000EE]
                    RenderText {#text} at (0,624) size 54x15
                      text run at (0,624) width 54: "DBCLOB"
                  RenderText {#text} at (53,624) size 5x15
                    text run at (53,624) width 5: " "
                  RenderBR {BR} at (57,624) size 1x15
                  RenderInline {A} at (0,0) size 58x15 [color=#0000EE]
                    RenderText {#text} at (0,640) size 58x15
                      text run at (0,640) width 58: "DECIMAL"
                  RenderText {#text} at (57,640) size 5x15
                    text run at (57,640) width 5: " "
                  RenderBR {BR} at (61,640) size 1x15
                  RenderInline {A} at (0,0) size 64x15 [color=#0000EE]
                    RenderText {#text} at (0,656) size 64x15
                      text run at (0,656) width 64: "DEGREES"
                  RenderText {#text} at (63,656) size 5x15
                    text run at (63,656) width 5: " "
                  RenderBR {BR} at (67,656) size 1x15
                  RenderInline {A} at (0,0) size 45x15 [color=#0000EE]
                    RenderText {#text} at (0,672) size 45x15
                      text run at (0,672) width 45: "DEREF"
                  RenderText {#text} at (44,672) size 4x15
                    text run at (44,672) width 4: " "
                  RenderBR {BR} at (47,672) size 1x15
                  RenderInline {A} at (0,0) size 84x15 [color=#0000EE]
                    RenderText {#text} at (0,688) size 84x15
                      text run at (0,688) width 84: "DIFFERENCE"
                  RenderText {#text} at (83,688) size 4x15
                    text run at (83,688) width 4: " "
                  RenderBR {BR} at (86,688) size 1x15
                  RenderInline {A} at (0,0) size 44x15 [color=#0000EE]
                    RenderText {#text} at (0,704) size 44x15
                      text run at (0,704) width 44: "DIGITS"
                  RenderText {#text} at (43,704) size 4x15
                    text run at (43,704) width 4: " "
                  RenderBR {BR} at (46,704) size 1x15
                  RenderInline {A} at (0,0) size 84x15 [color=#0000EE]
                    RenderText {#text} at (0,720) size 84x15
                      text run at (0,720) width 84: "DLCOMMENT"
                  RenderText {#text} at (83,720) size 5x15
                    text run at (83,720) width 5: " "
                  RenderBR {BR} at (87,720) size 1x15
                  RenderInline {A} at (0,0) size 80x15 [color=#0000EE]
                    RenderText {#text} at (0,736) size 80x15
                      text run at (0,736) width 80: "DLLINKTYPE"
                  RenderText {#text} at (79,736) size 5x15
                    text run at (79,736) width 5: " "
                  RenderBR {BR} at (83,736) size 1x15
                  RenderInline {A} at (0,0) size 115x15 [color=#0000EE]
                    RenderText {#text} at (0,752) size 115x15
                      text run at (0,752) width 115: "DLURLCOMPLETE"
                  RenderText {#text} at (114,752) size 4x15
                    text run at (114,752) width 4: " "
                  RenderBR {BR} at (117,752) size 1x15
                  RenderInline {A} at (0,0) size 76x15 [color=#0000EE]
                    RenderText {#text} at (0,768) size 76x15
                      text run at (0,768) width 76: "DLURLPATH"
                  RenderText {#text} at (75,768) size 4x15
                    text run at (75,768) width 4: " "
                  RenderBR {BR} at (78,768) size 1x15
                  RenderInline {A} at (0,0) size 110x15 [color=#0000EE]
                    RenderText {#text} at (0,784) size 110x15
                      text run at (0,784) width 110: "DLURLPATHONLY"
                  RenderText {#text} at (109,784) size 5x15
                    text run at (109,784) width 5: " "
                  RenderBR {BR} at (113,784) size 1x15
                  RenderInline {A} at (0,0) size 99x15 [color=#0000EE]
                    RenderText {#text} at (0,800) size 99x15
                      text run at (0,800) width 99: "DLURLSCHEME"
                  RenderText {#text} at (98,800) size 4x15
                    text run at (98,800) width 4: " "
                  RenderBR {BR} at (101,800) size 1x15
                  RenderInline {A} at (0,0) size 96x15 [color=#0000EE]
                    RenderText {#text} at (0,816) size 96x15
                      text run at (0,816) width 96: "DLURLSERVER"
                  RenderText {#text} at (95,816) size 5x15
                    text run at (95,816) width 5: " "
                  RenderBR {BR} at (99,816) size 1x15
                  RenderInline {A} at (0,0) size 58x15 [color=#0000EE]
                    RenderText {#text} at (0,832) size 58x15
                      text run at (0,832) width 58: "DLVALUE"
                  RenderText {#text} at (57,832) size 4x15
                    text run at (57,832) width 4: " "
                  RenderBR {BR} at (60,832) size 1x15
                  RenderInline {A} at (0,0) size 54x15 [color=#0000EE]
                    RenderText {#text} at (0,848) size 54x15
                      text run at (0,848) width 54: "DOUBLE"
                  RenderText {#text} at (53,848) size 5x15
                    text run at (53,848) width 5: " "
                  RenderBR {BR} at (57,848) size 1x15
                  RenderInline {A} at (0,0) size 129x15 [color=#0000EE]
                    RenderText {#text} at (0,864) size 129x15
                      text run at (0,864) width 129: "EVENT_MON_STATE"
                  RenderText {#text} at (128,864) size 4x15
                    text run at (128,864) width 4: " "
                  RenderBR {BR} at (131,864) size 1x15
                  RenderInline {A} at (0,0) size 27x15 [color=#0000EE]
                    RenderText {#text} at (0,880) size 27x15
                      text run at (0,880) width 27: "EXP"
                  RenderText {#text} at (26,880) size 4x15
                    text run at (26,880) width 4: " "
                  RenderBR {BR} at (29,880) size 1x15
                  RenderInline {A} at (0,0) size 41x15 [color=#0000EE]
                    RenderText {#text} at (0,896) size 41x15
                      text run at (0,896) width 41: "FLOAT"
                  RenderText {#text} at (40,896) size 5x15
                    text run at (40,896) width 5: " "
                  RenderBR {BR} at (44,896) size 1x15
                  RenderInline {A} at (0,0) size 45x15 [color=#0000EE]
                    RenderText {#text} at (0,912) size 45x15
                      text run at (0,912) width 45: "FLOOR"
                  RenderText {#text} at (44,912) size 5x15
                    text run at (44,912) width 5: " "
                  RenderBR {BR} at (48,912) size 1x15
                  RenderInline {A} at (0,0) size 129x15 [color=#0000EE]
                    RenderText {#text} at (0,928) size 129x15
                      text run at (0,928) width 129: "GENERATE_UNIQUE"
                  RenderText {#text} at (128,928) size 4x15
                    text run at (128,928) width 4: " "
                  RenderBR {BR} at (131,928) size 1x15
                  RenderInline {A} at (0,0) size 60x15 [color=#0000EE]
                    RenderText {#text} at (0,944) size 60x15
                      text run at (0,944) width 60: "GRAPHIC"
                  RenderText {#text} at (59,944) size 4x15
                    text run at (59,944) width 4: " "
                  RenderBR {BR} at (62,944) size 1x15
                  RenderInline {A} at (0,0) size 27x15 [color=#0000EE]
                    RenderText {#text} at (0,960) size 27x15
                      text run at (0,960) width 27: "HEX"
                  RenderText {#text} at (26,960) size 5x15
                    text run at (26,960) width 5: " "
                  RenderBR {BR} at (30,960) size 1x15
                  RenderInline {A} at (0,0) size 39x15 [color=#0000EE]
                    RenderText {#text} at (0,976) size 39x15
                      text run at (0,976) width 39: "HOUR"
                  RenderText {#text} at (38,976) size 4x15
                    text run at (38,976) width 4: " "
                  RenderBR {BR} at (41,976) size 1x15
                  RenderInline {A} at (0,0) size 48x15 [color=#0000EE]
                    RenderText {#text} at (0,992) size 48x15
                      text run at (0,992) width 48: "INSERT"
                  RenderText {#text} at (47,992) size 5x15
                    text run at (47,992) width 5: " "
                  RenderBR {BR} at (51,992) size 1x15
                  RenderInline {A} at (0,0) size 58x15 [color=#0000EE]
                    RenderText {#text} at (0,1008) size 58x15
                      text run at (0,1008) width 58: "INTEGER"
                  RenderText {#text} at (57,1008) size 5x15
                    text run at (57,1008) width 5: " "
                  RenderBR {BR} at (61,1008) size 1x15
                  RenderInline {A} at (0,0) size 78x15 [color=#0000EE]
                    RenderText {#text} at (0,1024) size 78x15
                      text run at (0,1024) width 78: "JULIAN_DAY"
                  RenderText {#text} at (77,1024) size 5x15
                    text run at (77,1024) width 5: " "
                  RenderBR {BR} at (81,1024) size 1x15
                  RenderInline {A} at (0,0) size 110x15 [color=#0000EE]
                    RenderText {#text} at (0,1040) size 110x15
                      text run at (0,1040) width 110: "LCASE or LOWER"
                  RenderText {#text} at (109,1040) size 4x15
                    text run at (109,1040) width 4: " "
                  RenderBR {BR} at (112,1040) size 1x15
                  RenderInline {A} at (0,0) size 157x15 [color=#0000EE]
                    RenderText {#text} at (0,1056) size 157x15
                      text run at (0,1056) width 157: "LCASE (SYSFUN schema)"
                  RenderText {#text} at (156,1056) size 5x15
                    text run at (156,1056) width 5: " "
                  RenderBR {BR} at (160,1056) size 1x15
                  RenderInline {A} at (0,0) size 32x15 [color=#0000EE]
                    RenderText {#text} at (0,1072) size 32x15
                      text run at (0,1072) width 32: "LEFT"
                  RenderText {#text} at (31,1072) size 5x15
                    text run at (31,1072) width 5: " "
                  RenderBR {BR} at (35,1072) size 1x15
                  RenderInline {A} at (0,0) size 53x15 [color=#0000EE]
                    RenderText {#text} at (0,1088) size 53x15
                      text run at (0,1088) width 53: "LENGTH"
                  RenderText {#text} at (52,1088) size 5x15
                    text run at (52,1088) width 5: " "
                  RenderBR {BR} at (56,1088) size 1x15
                  RenderInline {A} at (0,0) size 17x15 [color=#0000EE]
                    RenderText {#text} at (0,1104) size 17x15
                      text run at (0,1104) width 17: "LN"
                  RenderText {#text} at (16,1104) size 5x15
                    text run at (16,1104) width 5: " "
                  RenderBR {BR} at (20,1104) size 1x15
                  RenderInline {A} at (0,0) size 52x15 [color=#0000EE]
                    RenderText {#text} at (0,1120) size 52x15
                      text run at (0,1120) width 52: "LOCATE"
                  RenderText {#text} at (51,1120) size 4x15
                    text run at (51,1120) width 4: " "
                  RenderBR {BR} at (54,1120) size 1x15
                  RenderInline {A} at (0,0) size 28x15 [color=#0000EE]
                    RenderText {#text} at (0,1136) size 28x15
                      text run at (0,1136) width 28: "LOG"
                  RenderText {#text} at (27,1136) size 5x15
                    text run at (27,1136) width 5: " "
                  RenderBR {BR} at (31,1136) size 1x15
                  RenderInline {A} at (0,0) size 42x15 [color=#0000EE]
                    RenderText {#text} at (0,1152) size 42x15
                      text run at (0,1152) width 42: "LOG10"
                  RenderText {#text} at (41,1152) size 5x15
                    text run at (41,1152) width 5: " "
                  RenderBR {BR} at (45,1152) size 1x15
                  RenderInline {A} at (0,0) size 107x15 [color=#0000EE]
                    RenderText {#text} at (0,1168) size 107x15
                      text run at (0,1168) width 107: "LONG_VARCHAR"
                  RenderText {#text} at (106,1168) size 5x15
                    text run at (106,1168) width 5: " "
                  RenderBR {BR} at (110,1168) size 1x15
                  RenderInline {A} at (0,0) size 130x15 [color=#0000EE]
                    RenderText {#text} at (0,1184) size 130x15
                      text run at (0,1184) width 130: "LONG_VARGRAPHIC"
                  RenderText {#text} at (129,1184) size 4x15
                    text run at (129,1184) width 4: " "
                  RenderBR {BR} at (132,1184) size 1x15
                  RenderInline {A} at (0,0) size 39x15 [color=#0000EE]
                    RenderText {#text} at (0,1200) size 39x15
                      text run at (0,1200) width 39: "LTRIM"
                  RenderText {#text} at (38,1200) size 4x15
                    text run at (38,1200) width 4: " "
                  RenderBR {BR} at (41,1200) size 1x15
                  RenderInline {A} at (0,0) size 153x15 [color=#0000EE]
                    RenderText {#text} at (0,1216) size 153x15
                      text run at (0,1216) width 153: "LTRIM (SYSFUN schema)"
                  RenderText {#text} at (152,1216) size 4x15
                    text run at (152,1216) width 4: " "
                  RenderBR {BR} at (155,1216) size 1x15
                  RenderInline {A} at (0,0) size 99x15 [color=#0000EE]
                    RenderText {#text} at (0,1232) size 99x15
                      text run at (0,1232) width 99: "MICROSECOND"
                  RenderText {#text} at (98,1232) size 5x15
                    text run at (98,1232) width 5: " "
                  RenderBR {BR} at (102,1232) size 1x15
                  RenderInline {A} at (0,0) size 136x15 [color=#0000EE]
                    RenderText {#text} at (0,1248) size 136x15
                      text run at (0,1248) width 136: "MIDNIGHT_SECONDS"
                  RenderText {#text} at (135,1248) size 5x15
                    text run at (135,1248) width 5: " "
                  RenderBR {BR} at (139,1248) size 1x15
                  RenderInline {A} at (0,0) size 50x15 [color=#0000EE]
                    RenderText {#text} at (0,1264) size 50x15
                      text run at (0,1264) width 50: "MINUTE"
                  RenderText {#text} at (49,1264) size 5x15
                    text run at (49,1264) width 5: " "
                  RenderBR {BR} at (53,1264) size 1x15
                  RenderInline {A} at (0,0) size 31x15 [color=#0000EE]
                    RenderText {#text} at (0,1280) size 31x15
                      text run at (0,1280) width 31: "MOD"
                  RenderText {#text} at (30,1280) size 4x15
                    text run at (30,1280) width 4: " "
                  RenderBR {BR} at (33,1280) size 1x15
                  RenderInline {A} at (0,0) size 48x15 [color=#0000EE]
                    RenderText {#text} at (0,1296) size 48x15
                      text run at (0,1296) width 48: "MONTH"
                  RenderText {#text} at (47,1296) size 5x15
                    text run at (47,1296) width 5: " "
                  RenderBR {BR} at (51,1296) size 1x15
                  RenderInline {A} at (0,0) size 86x15 [color=#0000EE]
                    RenderText {#text} at (0,1312) size 86x15
                      text run at (0,1312) width 86: "MONTHNAME"
                  RenderText {#text} at (85,1312) size 4x15
                    text run at (85,1312) width 4: " "
                  RenderBR {BR} at (88,1312) size 1x15
                  RenderInline {A} at (0,0) size 94x15 [color=#0000EE]
                    RenderText {#text} at (0,1328) size 94x15
                      text run at (0,1328) width 94: "NODENUMBER"
                  RenderText {#text} at (93,1328) size 5x15
                    text run at (93,1328) width 5: " "
                  RenderBR {BR} at (97,1328) size 1x15
                  RenderInline {A} at (0,0) size 45x15 [color=#0000EE]
                    RenderText {#text} at (0,1344) size 45x15
                      text run at (0,1344) width 45: "NULLIF"
                  RenderText {#text} at (44,1344) size 5x15
                    text run at (44,1344) width 5: " "
                  RenderBR {BR} at (48,1344) size 1x15
                  RenderInline {A} at (0,0) size 69x15 [color=#0000EE]
                    RenderText {#text} at (0,1360) size 69x15
                      text run at (0,1360) width 69: "PARTITION"
                  RenderText {#text} at (68,1360) size 4x15
                    text run at (68,1360) width 4: " "
                  RenderBR {BR} at (71,1360) size 1x15
                  RenderInline {A} at (0,0) size 54x15 [color=#0000EE]
                    RenderText {#text} at (0,1376) size 54x15
                      text run at (0,1376) width 54: "POSSTR"
                  RenderText {#text} at (53,1376) size 5x15
                    text run at (53,1376) width 5: " "
                  RenderBR {BR} at (57,1376) size 1x15
                  RenderInline {A} at (0,0) size 50x15 [color=#0000EE]
                    RenderText {#text} at (0,1392) size 50x15
                      text run at (0,1392) width 50: "POWER"
                  RenderText {#text} at (49,1392) size 4x15
                    text run at (49,1392) width 4: " "
                  RenderBR {BR} at (52,1392) size 1x15
                  RenderInline {A} at (0,0) size 64x15 [color=#0000EE]
                    RenderText {#text} at (0,1408) size 64x15
                      text run at (0,1408) width 64: "QUARTER"
                  RenderText {#text} at (63,1408) size 4x15
                    text run at (63,1408) width 4: " "
                  RenderBR {BR} at (66,1408) size 1x15
                  RenderInline {A} at (0,0) size 58x15 [color=#0000EE]
                    RenderText {#text} at (0,1424) size 58x15
                      text run at (0,1424) width 58: "RADIANS"
                  RenderText {#text} at (57,1424) size 5x15
                    text run at (57,1424) width 5: " "
                  RenderBR {BR} at (61,1424) size 1x15
                  RenderInline {A} at (0,0) size 94x15 [color=#0000EE]
                    RenderText {#text} at (0,1440) size 94x15
                      text run at (0,1440) width 94: "RAISE_ERROR"
                  RenderText {#text} at (93,1440) size 4x15
                    text run at (93,1440) width 4: " "
                  RenderBR {BR} at (96,1440) size 1x15
                  RenderInline {A} at (0,0) size 37x15 [color=#0000EE]
                    RenderText {#text} at (0,1456) size 37x15
                      text run at (0,1456) width 37: "RAND"
                  RenderText {#text} at (36,1456) size 5x15
                    text run at (36,1456) width 5: " "
                  RenderBR {BR} at (40,1456) size 1x15
                  RenderInline {A} at (0,0) size 34x15 [color=#0000EE]
                    RenderText {#text} at (0,1472) size 34x15
                      text run at (0,1472) width 34: "REAL"
                  RenderText {#text} at (33,1472) size 5x15
                    text run at (33,1472) width 5: " "
                  RenderBR {BR} at (37,1472) size 1x15
                  RenderInline {A} at (0,0) size 52x15 [color=#0000EE]
                    RenderText {#text} at (0,1488) size 52x15
                      text run at (0,1488) width 52: "REPEAT"
                  RenderText {#text} at (51,1488) size 4x15
                    text run at (51,1488) width 4: " "
                  RenderBR {BR} at (54,1488) size 1x15
                  RenderInline {A} at (0,0) size 61x15 [color=#0000EE]
                    RenderText {#text} at (0,1504) size 61x15
                      text run at (0,1504) width 61: "REPLACE"
                  RenderText {#text} at (60,1504) size 5x15
                    text run at (60,1504) width 5: " "
                  RenderBR {BR} at (64,1504) size 1x15
                  RenderInline {A} at (0,0) size 41x15 [color=#0000EE]
                    RenderText {#text} at (0,1520) size 41x15
                      text run at (0,1520) width 41: "RIGHT"
                  RenderText {#text} at (40,1520) size 5x15
                    text run at (40,1520) width 5: " "
                  RenderBR {BR} at (44,1520) size 1x15
                  RenderInline {A} at (0,0) size 48x15 [color=#0000EE]
                    RenderText {#text} at (0,1536) size 48x15
                      text run at (0,1536) width 48: "ROUND"
                  RenderText {#text} at (47,1536) size 5x15
                    text run at (47,1536) width 5: " "
                  RenderBR {BR} at (51,1536) size 1x15
                  RenderInline {A} at (0,0) size 41x15 [color=#0000EE]
                    RenderText {#text} at (0,1552) size 41x15
                      text run at (0,1552) width 41: "RTRIM"
                  RenderText {#text} at (40,1552) size 5x15
                    text run at (40,1552) width 5: " "
                  RenderBR {BR} at (44,1552) size 1x15
                  RenderInline {A} at (0,0) size 156x15 [color=#0000EE]
                    RenderText {#text} at (0,1568) size 156x15
                      text run at (0,1568) width 156: "RTRIM (SYSFUN schema)"
                  RenderText {#text} at (155,1568) size 4x15
                    text run at (155,1568) width 4: " "
                  RenderBR {BR} at (158,1568) size 1x15
                  RenderInline {A} at (0,0) size 56x15 [color=#0000EE]
                    RenderText {#text} at (0,1584) size 56x15
                      text run at (0,1584) width 56: "SECOND"
                  RenderText {#text} at (55,1584) size 5x15
                    text run at (55,1584) width 5: " "
                  RenderBR {BR} at (59,1584) size 1x15
                  RenderInline {A} at (0,0) size 32x15 [color=#0000EE]
                    RenderText {#text} at (0,1600) size 32x15
                      text run at (0,1600) width 32: "SIGN"
                  RenderText {#text} at (31,1600) size 5x15
                    text run at (31,1600) width 5: " "
                  RenderBR {BR} at (35,1600) size 1x15
                  RenderInline {A} at (0,0) size 22x15 [color=#0000EE]
                    RenderText {#text} at (0,1616) size 22x15
                      text run at (0,1616) width 22: "SIN"
                  RenderText {#text} at (21,1616) size 5x15
                    text run at (21,1616) width 5: " "
                  RenderBR {BR} at (25,1616) size 1x15
                  RenderInline {A} at (0,0) size 64x15 [color=#0000EE]
                    RenderText {#text} at (0,1632) size 64x15
                      text run at (0,1632) width 64: "SMALLINT"
                  RenderText {#text} at (63,1632) size 5x15
                    text run at (63,1632) width 5: " "
                  RenderBR {BR} at (67,1632) size 1x15
                  RenderInline {A} at (0,0) size 65x15 [color=#0000EE]
                    RenderText {#text} at (0,1648) size 65x15
                      text run at (0,1648) width 65: "SOUNDEX"
                  RenderText {#text} at (64,1648) size 4x15
                    text run at (64,1648) width 4: " "
                  RenderBR {BR} at (67,1648) size 1x15
                  RenderInline {A} at (0,0) size 44x15 [color=#0000EE]
                    RenderText {#text} at (0,1664) size 44x15
                      text run at (0,1664) width 44: "SPACE"
                  RenderText {#text} at (43,1664) size 4x15
                    text run at (43,1664) width 4: " "
                  RenderBR {BR} at (46,1664) size 1x15
                  RenderInline {A} at (0,0) size 36x15 [color=#0000EE]
                    RenderText {#text} at (0,1680) size 36x15
                      text run at (0,1680) width 36: "SQRT"
                  RenderText {#text} at (35,1680) size 5x15
                    text run at (35,1680) width 5: " "
                  RenderBR {BR} at (39,1680) size 1x15
                  RenderInline {A} at (0,0) size 53x15 [color=#0000EE]
                    RenderText {#text} at (0,1696) size 53x15
                      text run at (0,1696) width 53: "SUBSTR"
                  RenderText {#text} at (52,1696) size 5x15
                    text run at (52,1696) width 5: " "
                  RenderBR {BR} at (56,1696) size 1x15
                  RenderInline {A} at (0,0) size 86x15 [color=#0000EE]
                    RenderText {#text} at (0,1712) size 86x15
                      text run at (0,1712) width 86: "TABLE_NAME"
                  RenderText {#text} at (85,1712) size 4x15
                    text run at (85,1712) width 4: " "
                  RenderBR {BR} at (88,1712) size 1x15
                  RenderInline {A} at (0,0) size 104x15 [color=#0000EE]
                    RenderText {#text} at (0,1728) size 104x15
                      text run at (0,1728) width 104: "TABLE_SCHEMA"
                  RenderText {#text} at (103,1728) size 4x15
                    text run at (103,1728) width 4: " "
                  RenderBR {BR} at (106,1728) size 1x15
                  RenderInline {A} at (0,0) size 26x15 [color=#0000EE]
                    RenderText {#text} at (0,1744) size 26x15
                      text run at (0,1744) width 26: "TAN"
                  RenderText {#text} at (25,1744) size 4x15
                    text run at (25,1744) width 4: " "
                  RenderBR {BR} at (28,1744) size 1x15
                  RenderInline {A} at (0,0) size 32x15 [color=#0000EE]
                    RenderText {#text} at (0,1760) size 32x15
                      text run at (0,1760) width 32: "TIME"
                  RenderText {#text} at (31,1760) size 4x15
                    text run at (31,1760) width 4: " "
                  RenderBR {BR} at (34,1760) size 1x15
                  RenderInline {A} at (0,0) size 75x15 [color=#0000EE]
                    RenderText {#text} at (0,1776) size 75x15
                      text run at (0,1776) width 75: "TIMESTAMP"
                  RenderText {#text} at (74,1776) size 5x15
                    text run at (74,1776) width 5: " "
                  RenderBR {BR} at (78,1776) size 1x15
                  RenderInline {A} at (0,0) size 105x15 [color=#0000EE]
                    RenderText {#text} at (0,1792) size 105x15
                      text run at (0,1792) width 105: "TIMESTAMP_ISO"
                  RenderText {#text} at (104,1792) size 5x15
                    text run at (104,1792) width 5: " "
                  RenderBR {BR} at (108,1792) size 1x15
                  RenderInline {A} at (0,0) size 104x15 [color=#0000EE]
                    RenderText {#text} at (0,1808) size 104x15
                      text run at (0,1808) width 104: "TIMESTAMPDIFF"
                  RenderText {#text} at (103,1808) size 5x15
                    text run at (103,1808) width 5: " "
                  RenderBR {BR} at (107,1808) size 1x15
                  RenderInline {A} at (0,0) size 76x15 [color=#0000EE]
                    RenderText {#text} at (0,1824) size 76x15
                      text run at (0,1824) width 76: "TRANSLATE"
                  RenderText {#text} at (75,1824) size 5x15
                    text run at (75,1824) width 5: " "
                  RenderBR {BR} at (79,1824) size 1x15
                  RenderInline {A} at (0,0) size 135x15 [color=#0000EE]
                    RenderText {#text} at (0,1840) size 135x15
                      text run at (0,1840) width 135: "TRUNCATE or TRUNC"
                  RenderText {#text} at (134,1840) size 4x15
                    text run at (134,1840) width 4: " "
                  RenderBR {BR} at (137,1840) size 1x15
                  RenderInline {A} at (0,0) size 55x15 [color=#0000EE]
                    RenderText {#text} at (0,1856) size 55x15
                      text run at (0,1856) width 55: "TYPE_ID"
                  RenderText {#text} at (54,1856) size 4x15
                    text run at (54,1856) width 4: " "
                  RenderBR {BR} at (57,1856) size 1x15
                  RenderInline {A} at (0,0) size 79x15 [color=#0000EE]
                    RenderText {#text} at (0,1872) size 79x15
                      text run at (0,1872) width 79: "TYPE_NAME"
                  RenderText {#text} at (78,1872) size 5x15
                    text run at (78,1872) width 5: " "
                  RenderBR {BR} at (82,1872) size 1x15
                  RenderInline {A} at (0,0) size 97x15 [color=#0000EE]
                    RenderText {#text} at (0,1888) size 97x15
                      text run at (0,1888) width 97: "TYPE_SCHEMA"
                  RenderText {#text} at (96,1888) size 5x15
                    text run at (96,1888) width 5: " "
                  RenderBR {BR} at (100,1888) size 1x15
                  RenderInline {A} at (0,0) size 109x15 [color=#0000EE]
                    RenderText {#text} at (0,1904) size 109x15
                      text run at (0,1904) width 109: "UCASE or UPPER"
                  RenderText {#text} at (108,1904) size 4x15
                    text run at (108,1904) width 4: " "
                  RenderBR {BR} at (111,1904) size 1x15
                  RenderInline {A} at (0,0) size 42x15 [color=#0000EE]
                    RenderText {#text} at (0,1920) size 42x15
                      text run at (0,1920) width 42: "VALUE"
                  RenderText {#text} at (41,1920) size 5x15
                    text run at (41,1920) width 5: " "
                  RenderBR {BR} at (45,1920) size 1x15
                  RenderInline {A} at (0,0) size 63x15 [color=#0000EE]
                    RenderText {#text} at (0,1936) size 63x15
                      text run at (0,1936) width 63: "VARCHAR"
                  RenderText {#text} at (62,1936) size 5x15
                    text run at (62,1936) width 5: " "
                  RenderBR {BR} at (66,1936) size 1x15
                  RenderInline {A} at (0,0) size 85x15 [color=#0000EE]
                    RenderText {#text} at (0,1952) size 85x15
                      text run at (0,1952) width 85: "VARGRAPHIC"
                  RenderText {#text} at (84,1952) size 5x15
                    text run at (84,1952) width 5: " "
                  RenderBR {BR} at (88,1952) size 1x15
                  RenderInline {A} at (0,0) size 39x15 [color=#0000EE]
                    RenderText {#text} at (0,1968) size 39x15
                      text run at (0,1968) width 39: "WEEK"
                  RenderText {#text} at (38,1968) size 4x15
                    text run at (38,1968) width 4: " "
                  RenderBR {BR} at (41,1968) size 1x15
                  RenderInline {A} at (0,0) size 68x15 [color=#0000EE]
                    RenderText {#text} at (0,1984) size 68x15
                      text run at (0,1984) width 68: "WEEK_ISO"
                  RenderText {#text} at (67,1984) size 5x15
                    text run at (67,1984) width 5: " "
                  RenderBR {BR} at (71,1984) size 1x15
                  RenderInline {A} at (0,0) size 36x15 [color=#0000EE]
                    RenderText {#text} at (0,2000) size 36x15
                      text run at (0,2000) width 36: "YEAR"
                  RenderText {#text} at (35,2000) size 5x15
                    text run at (35,2000) width 5: " "
                  RenderBR {BR} at (39,2000) size 1x15
                  RenderInline {A} at (0,0) size 92x15 [color=#0000EE]
                    RenderText {#text} at (0,2016) size 92x15
                      text run at (0,2016) width 92: "Table Functions"
                  RenderText {#text} at (91,2016) size 4x15
                    text run at (91,2016) width 4: " "
                  RenderBR {BR} at (94,2016) size 1x15
                  RenderInline {A} at (0,0) size 151x15 [color=#0000EE]
                    RenderText {#text} at (0,2032) size 151x15
                      text run at (0,2032) width 151: "SQLCACHE_SNAPSHOT"
                  RenderText {#text} at (150,2032) size 4x15
                    text run at (150,2032) width 4: " "
                  RenderBR {BR} at (153,2032) size 1x15
                  RenderInline {A} at (0,0) size 137x15 [color=#0000EE]
                    RenderText {#text} at (0,2048) size 137x15
                      text run at (0,2048) width 137: "User-Defined Functions"
                  RenderText {#text} at (0,0) size 0x0
                RenderBlock {P} at (0,5501) size 707x369
                  RenderInline {B} at (0,0) size 49x15
                    RenderInline {A} at (0,0) size 49x15 [color=#0000EE]
                      RenderText {#text} at (0,0) size 49x15
                        text run at (0,0) width 49: "Queries"
                  RenderBR {BR} at (48,0) size 1x15
                  RenderBR {BR} at (0,16) size 0x15
                  RenderInline {A} at (0,0) size 55x15 [color=#0000EE]
                    RenderText {#text} at (0,32) size 55x15
                      text run at (0,32) width 55: "subselect"
                  RenderText {#text} at (54,32) size 5x15
                    text run at (54,32) width 5: " "
                  RenderBR {BR} at (58,32) size 1x15
                  RenderInline {A} at (0,0) size 76x15 [color=#0000EE]
                    RenderText {#text} at (0,48) size 76x15
                      text run at (0,48) width 76: "select-clause"
                  RenderText {#text} at (75,48) size 5x15
                    text run at (75,48) width 5: " "
                  RenderBR {BR} at (79,48) size 1x15
                  RenderInline {A} at (0,0) size 68x15 [color=#0000EE]
                    RenderText {#text} at (0,64) size 68x15
                      text run at (0,64) width 68: "from-clause"
                  RenderText {#text} at (67,64) size 5x15
                    text run at (67,64) width 5: " "
                  RenderBR {BR} at (71,64) size 1x15
                  RenderInline {A} at (0,0) size 88x15 [color=#0000EE]
                    RenderText {#text} at (0,80) size 88x15
                      text run at (0,80) width 88: "table-reference"
                  RenderText {#text} at (87,80) size 5x15
                    text run at (87,80) width 5: " "
                  RenderBR {BR} at (91,80) size 1x15
                  RenderInline {A} at (0,0) size 68x15 [color=#0000EE]
                    RenderText {#text} at (0,96) size 68x15
                      text run at (0,96) width 68: "joined-table"
                  RenderText {#text} at (67,96) size 4x15
                    text run at (67,96) width 4: " "
                  RenderBR {BR} at (70,96) size 1x15
                  RenderInline {A} at (0,0) size 78x15 [color=#0000EE]
                    RenderText {#text} at (0,112) size 78x15
                      text run at (0,112) width 78: "where-clause"
                  RenderText {#text} at (77,112) size 4x15
                    text run at (77,112) width 4: " "
                  RenderBR {BR} at (80,112) size 1x15
                  RenderInline {A} at (0,0) size 94x15 [color=#0000EE]
                    RenderText {#text} at (0,128) size 94x15
                      text run at (0,128) width 94: "group-by-clause"
                  RenderText {#text} at (93,128) size 4x15
                    text run at (93,128) width 4: " "
                  RenderBR {BR} at (96,128) size 1x15
                  RenderInline {A} at (0,0) size 81x15 [color=#0000EE]
                    RenderText {#text} at (0,144) size 81x15
                      text run at (0,144) width 81: "having-clause"
                  RenderText {#text} at (80,144) size 4x15
                    text run at (80,144) width 4: " "
                  RenderBR {BR} at (83,144) size 1x15
                  RenderInline {A} at (0,0) size 137x15 [color=#0000EE]
                    RenderText {#text} at (0,160) size 137x15
                      text run at (0,160) width 137: "Examples of subselects"
                  RenderText {#text} at (136,160) size 5x15
                    text run at (136,160) width 5: " "
                  RenderBR {BR} at (140,160) size 1x15
                  RenderInline {A} at (0,0) size 106x15 [color=#0000EE]
                    RenderText {#text} at (0,176) size 106x15
                      text run at (0,176) width 106: "Examples of Joins"
                  RenderText {#text} at (105,176) size 5x15
                    text run at (105,176) width 5: " "
                  RenderBR {BR} at (109,176) size 1x15
                  RenderInline {A} at (0,0) size 266x15 [color=#0000EE]
                    RenderText {#text} at (0,192) size 266x15
                      text run at (0,192) width 266: "Examples of Grouping Sets, Cube, and Rollup"
                  RenderText {#text} at (265,192) size 5x15
                    text run at (265,192) width 5: " "
                  RenderBR {BR} at (269,192) size 1x15
                  RenderInline {A} at (0,0) size 51x15 [color=#0000EE]
                    RenderText {#text} at (0,208) size 51x15
                      text run at (0,208) width 51: "fullselect"
                  RenderText {#text} at (50,208) size 5x15
                    text run at (50,208) width 5: " "
                  RenderBR {BR} at (54,208) size 1x15
                  RenderInline {A} at (0,0) size 137x15 [color=#0000EE]
                    RenderText {#text} at (0,224) size 137x15
                      text run at (0,224) width 137: "Examples of a fullselect"
                  RenderText {#text} at (136,224) size 5x15
                    text run at (136,224) width 5: " "
                  RenderBR {BR} at (140,224) size 1x15
                  RenderInline {A} at (0,0) size 96x15 [color=#0000EE]
                    RenderText {#text} at (0,240) size 96x15
                      text run at (0,240) width 96: "select-statement"
                  RenderText {#text} at (95,240) size 4x15
                    text run at (95,240) width 4: " "
                  RenderBR {BR} at (98,240) size 1x15
                  RenderInline {A} at (0,0) size 150x15 [color=#0000EE]
                    RenderText {#text} at (0,256) size 150x15
                      text run at (0,256) width 150: "common-table-expression"
                  RenderText {#text} at (149,256) size 5x15
                    text run at (149,256) width 5: " "
                  RenderBR {BR} at (153,256) size 1x15
                  RenderInline {A} at (0,0) size 91x15 [color=#0000EE]
                    RenderText {#text} at (0,272) size 91x15
                      text run at (0,272) width 91: "order-by-clause"
                  RenderText {#text} at (90,272) size 4x15
                    text run at (90,272) width 4: " "
                  RenderBR {BR} at (93,272) size 1x15
                  RenderInline {A} at (0,0) size 82x15 [color=#0000EE]
                    RenderText {#text} at (0,288) size 82x15
                      text run at (0,288) width 82: "update-clause"
                  RenderText {#text} at (81,288) size 5x15
                    text run at (81,288) width 5: " "
                  RenderBR {BR} at (85,288) size 1x15
                  RenderInline {A} at (0,0) size 97x15 [color=#0000EE]
                    RenderText {#text} at (0,304) size 97x15
                      text run at (0,304) width 97: "read-only-clause"
                  RenderText {#text} at (96,304) size 4x15
                    text run at (96,304) width 4: " "
                  RenderBR {BR} at (99,304) size 1x15
                  RenderInline {A} at (0,0) size 96x15 [color=#0000EE]
                    RenderText {#text} at (0,320) size 96x15
                      text run at (0,320) width 96: "fetch-first-clause"
                  RenderText {#text} at (95,320) size 4x15
                    text run at (95,320) width 4: " "
                  RenderBR {BR} at (98,320) size 1x15
                  RenderInline {A} at (0,0) size 110x15 [color=#0000EE]
                    RenderText {#text} at (0,336) size 110x15
                      text run at (0,336) width 110: "optimize-for-clause"
                  RenderText {#text} at (109,336) size 5x15
                    text run at (109,336) width 5: " "
                  RenderBR {BR} at (113,336) size 1x15
                  RenderInline {A} at (0,0) size 182x15 [color=#0000EE]
                    RenderText {#text} at (0,352) size 182x15
                      text run at (0,352) width 182: "Examples of a select-statement"
                  RenderText {#text} at (0,0) size 0x0
                RenderBlock {P} at (0,5882) size 707x1889
                  RenderInline {B} at (0,0) size 101x15
                    RenderInline {A} at (0,0) size 101x15 [color=#0000EE]
                      RenderText {#text} at (0,0) size 101x15
                        text run at (0,0) width 101: "SQL Statements"
                  RenderBR {BR} at (100,0) size 1x15
                  RenderBR {BR} at (0,16) size 0x15
                  RenderInline {A} at (0,0) size 198x15 [color=#0000EE]
                    RenderText {#text} at (0,32) size 198x15
                      text run at (0,32) width 198: "How SQL Statements Are Invoked"
                  RenderText {#text} at (197,32) size 5x15
                    text run at (197,32) width 5: " "
                  RenderBR {BR} at (201,32) size 1x15
                  RenderInline {A} at (0,0) size 292x15 [color=#0000EE]
                    RenderText {#text} at (0,48) size 292x15
                      text run at (0,48) width 292: "Embedding a Statement in an Application Program"
                  RenderText {#text} at (291,48) size 5x15
                    text run at (291,48) width 5: " "
                  RenderBR {BR} at (295,48) size 1x15
                  RenderInline {A} at (0,0) size 208x15 [color=#0000EE]
                    RenderText {#text} at (0,64) size 208x15
                      text run at (0,64) width 208: "Dynamic Preparation and Execution"
                  RenderText {#text} at (207,64) size 5x15
                    text run at (207,64) width 5: " "
                  RenderBR {BR} at (211,64) size 1x15
                  RenderInline {A} at (0,0) size 220x15 [color=#0000EE]
                    RenderText {#text} at (0,80) size 220x15
                      text run at (0,80) width 220: "Static Invocation of a select-statement"
                  RenderText {#text} at (219,80) size 5x15
                    text run at (219,80) width 5: " "
                  RenderBR {BR} at (223,80) size 1x15
                  RenderInline {A} at (0,0) size 238x15 [color=#0000EE]
                    RenderText {#text} at (0,96) size 238x15
                      text run at (0,96) width 238: "Dynamic Invocation of a select-statement"
                  RenderText {#text} at (237,96) size 5x15
                    text run at (237,96) width 5: " "
                  RenderBR {BR} at (241,96) size 1x15
                  RenderInline {A} at (0,0) size 123x15 [color=#0000EE]
                    RenderText {#text} at (0,112) size 123x15
                      text run at (0,112) width 123: "Interactive Invocation"
                  RenderText {#text} at (122,112) size 5x15
                    text run at (122,112) width 5: " "
                  RenderBR {BR} at (126,112) size 1x15
                  RenderInline {A} at (0,0) size 110x15 [color=#0000EE]
                    RenderText {#text} at (0,128) size 110x15
                      text run at (0,128) width 110: "SQL Return Codes"
                  RenderText {#text} at (109,128) size 4x15
                    text run at (109,128) width 4: " "
                  RenderBR {BR} at (112,128) size 1x15
                  RenderInline {A} at (0,0) size 64x15 [color=#0000EE]
                    RenderText {#text} at (0,144) size 64x15
                      text run at (0,144) width 64: "SQLCODE"
                  RenderText {#text} at (63,144) size 5x15
                    text run at (63,144) width 5: " "
                  RenderBR {BR} at (67,144) size 1x15
                  RenderInline {A} at (0,0) size 66x15 [color=#0000EE]
                    RenderText {#text} at (0,160) size 66x15
                      text run at (0,160) width 66: "SQLSTATE"
                  RenderText {#text} at (65,160) size 5x15
                    text run at (65,160) width 5: " "
                  RenderBR {BR} at (69,160) size 1x15
                  RenderInline {A} at (0,0) size 92x15 [color=#0000EE]
                    RenderText {#text} at (0,176) size 92x15
                      text run at (0,176) width 92: "SQL Comments"
                  RenderText {#text} at (91,176) size 5x15
                    text run at (91,176) width 5: " "
                  RenderBR {BR} at (95,176) size 1x15
                  RenderInline {A} at (0,0) size 133x15 [color=#0000EE]
                    RenderText {#text} at (0,192) size 133x15
                      text run at (0,192) width 133: "ALTER BUFFERPOOL"
                  RenderText {#text} at (132,192) size 5x15
                    text run at (132,192) width 5: " "
                  RenderBR {BR} at (136,192) size 1x15
                  RenderInline {A} at (0,0) size 114x15 [color=#0000EE]
                    RenderText {#text} at (0,208) size 114x15
                      text run at (0,208) width 114: "ALTER NICKNAME"
                  RenderText {#text} at (113,208) size 4x15
                    text run at (113,208) width 4: " "
                  RenderBR {BR} at (116,208) size 1x15
                  RenderInline {A} at (0,0) size 130x15 [color=#0000EE]
                    RenderText {#text} at (0,224) size 130x15
                      text run at (0,224) width 130: "ALTER NODEGROUP"
                  RenderText {#text} at (129,224) size 5x15
                    text run at (129,224) width 5: " "
                  RenderBR {BR} at (133,224) size 1x15
                  RenderInline {A} at (0,0) size 98x15 [color=#0000EE]
                    RenderText {#text} at (0,240) size 98x15
                      text run at (0,240) width 98: "ALTER SERVER"
                  RenderText {#text} at (97,240) size 5x15
                    text run at (97,240) width 5: " "
                  RenderBR {BR} at (101,240) size 1x15
                  RenderInline {A} at (0,0) size 85x15 [color=#0000EE]
                    RenderText {#text} at (0,256) size 85x15
                      text run at (0,256) width 85: "ALTER TABLE"
                  RenderText {#text} at (84,256) size 5x15
                    text run at (84,256) width 5: " "
                  RenderBR {BR} at (88,256) size 1x15
                  RenderInline {A} at (0,0) size 128x15 [color=#0000EE]
                    RenderText {#text} at (0,272) size 128x15
                      text run at (0,272) width 128: "ALTER TABLESPACE"
                  RenderText {#text} at (127,272) size 5x15
                    text run at (127,272) width 5: " "
                  RenderBR {BR} at (131,272) size 1x15
                  RenderInline {A} at (0,0) size 151x15 [color=#0000EE]
                    RenderText {#text} at (0,288) size 151x15
                      text run at (0,288) width 151: "ALTER TYPE (Structured)"
                  RenderText {#text} at (150,288) size 5x15
                    text run at (150,288) width 5: " "
                  RenderBR {BR} at (154,288) size 1x15
                  RenderInline {A} at (0,0) size 145x15 [color=#0000EE]
                    RenderText {#text} at (0,304) size 145x15
                      text run at (0,304) width 145: "ALTER USER MAPPING"
                  RenderText {#text} at (144,304) size 4x15
                    text run at (144,304) width 4: " "
                  RenderBR {BR} at (147,304) size 1x15
                  RenderInline {A} at (0,0) size 78x15 [color=#0000EE]
                    RenderText {#text} at (0,320) size 78x15
                      text run at (0,320) width 78: "ALTER VIEW"
                  RenderText {#text} at (77,320) size 5x15
                    text run at (77,320) width 5: " "
                  RenderBR {BR} at (81,320) size 1x15
                  RenderInline {A} at (0,0) size 167x15 [color=#0000EE]
                    RenderText {#text} at (0,336) size 167x15
                      text run at (0,336) width 167: "BEGIN DECLARE SECTION"
                  RenderText {#text} at (166,336) size 5x15
                    text run at (166,336) width 5: " "
                  RenderBR {BR} at (170,336) size 1x15
                  RenderInline {A} at (0,0) size 33x15 [color=#0000EE]
                    RenderText {#text} at (0,352) size 33x15
                      text run at (0,352) width 33: "CALL"
                  RenderText {#text} at (32,352) size 5x15
                    text run at (32,352) width 5: " "
                  RenderBR {BR} at (36,352) size 1x15
                  RenderInline {A} at (0,0) size 45x15 [color=#0000EE]
                    RenderText {#text} at (0,368) size 45x15
                      text run at (0,368) width 45: "CLOSE"
                  RenderText {#text} at (44,368) size 4x15
                    text run at (44,368) width 4: " "
                  RenderBR {BR} at (47,368) size 1x15
                  RenderInline {A} at (0,0) size 91x15 [color=#0000EE]
                    RenderText {#text} at (0,384) size 91x15
                      text run at (0,384) width 91: "COMMENT ON"
                  RenderText {#text} at (90,384) size 4x15
                    text run at (90,384) width 4: " "
                  RenderBR {BR} at (93,384) size 1x15
                  RenderInline {A} at (0,0) size 53x15 [color=#0000EE]
                    RenderText {#text} at (0,400) size 53x15
                      text run at (0,400) width 53: "COMMIT"
                  RenderText {#text} at (52,400) size 5x15
                    text run at (52,400) width 5: " "
                  RenderBR {BR} at (56,400) size 1x15
                  RenderInline {A} at (0,0) size 168x15 [color=#0000EE]
                    RenderText {#text} at (0,416) size 168x15
                      text run at (0,416) width 168: "Compound SQL (Embedded)"
                  RenderText {#text} at (167,416) size 5x15
                    text run at (167,416) width 5: " "
                  RenderBR {BR} at (171,416) size 1x15
                  RenderInline {A} at (0,0) size 116x15 [color=#0000EE]
                    RenderText {#text} at (0,432) size 116x15
                      text run at (0,432) width 116: "CONNECT (Type 1)"
                  RenderText {#text} at (115,432) size 4x15
                    text run at (115,432) width 4: " "
                  RenderBR {BR} at (118,432) size 1x15
                  RenderInline {A} at (0,0) size 116x15 [color=#0000EE]
                    RenderText {#text} at (0,448) size 116x15
                      text run at (0,448) width 116: "CONNECT (Type 2)"
                  RenderText {#text} at (115,448) size 4x15
                    text run at (115,448) width 4: " "
                  RenderBR {BR} at (118,448) size 1x15
                  RenderInline {A} at (0,0) size 93x15 [color=#0000EE]
                    RenderText {#text} at (0,464) size 93x15
                      text run at (0,464) width 93: "CREATE ALIAS"
                  RenderText {#text} at (92,464) size 4x15
                    text run at (92,464) width 4: " "
                  RenderBR {BR} at (95,464) size 1x15
                  RenderInline {A} at (0,0) size 144x15 [color=#0000EE]
                    RenderText {#text} at (0,480) size 144x15
                      text run at (0,480) width 144: "CREATE BUFFERPOOL"
                  RenderText {#text} at (143,480) size 5x15
                    text run at (143,480) width 5: " "
                  RenderBR {BR} at (147,480) size 1x15
                  RenderInline {A} at (0,0) size 153x15 [color=#0000EE]
                    RenderText {#text} at (0,496) size 153x15
                      text run at (0,496) width 153: "CREATE DISTINCT TYPE"
                  RenderText {#text} at (152,496) size 5x15
                    text run at (152,496) width 5: " "
                  RenderBR {BR} at (156,496) size 1x15
                  RenderInline {A} at (0,0) size 164x15 [color=#0000EE]
                    RenderText {#text} at (0,512) size 164x15
                      text run at (0,512) width 164: "CREATE EVENT MONITOR"
                  RenderText {#text} at (163,512) size 4x15
                    text run at (163,512) width 4: " "
                  RenderBR {BR} at (166,512) size 1x15
                  RenderInline {A} at (0,0) size 123x15 [color=#0000EE]
                    RenderText {#text} at (0,528) size 123x15
                      text run at (0,528) width 123: "CREATE FUNCTION"
                  RenderText {#text} at (122,528) size 5x15
                    text run at (122,528) width 5: " "
                  RenderBR {BR} at (126,528) size 1x15
                  RenderInline {A} at (0,0) size 223x15 [color=#0000EE]
                    RenderText {#text} at (0,544) size 223x15
                      text run at (0,544) width 223: "CREATE FUNCTION (External Scalar)"
                  RenderText {#text} at (222,544) size 5x15
                    text run at (222,544) width 5: " "
                  RenderBR {BR} at (226,544) size 1x15
                  RenderInline {A} at (0,0) size 218x15 [color=#0000EE]
                    RenderText {#text} at (0,560) size 218x15
                      text run at (0,560) width 218: "CREATE FUNCTION (External Table)"
                  RenderText {#text} at (217,560) size 4x15
                    text run at (217,560) width 4: " "
                  RenderBR {BR} at (220,560) size 1x15
                  RenderInline {A} at (0,0) size 269x15 [color=#0000EE]
                    RenderText {#text} at (0,576) size 269x15
                      text run at (0,576) width 269: "CREATE FUNCTION (OLE DB External Table)"
                  RenderText {#text} at (268,576) size 5x15
                    text run at (268,576) width 5: " "
                  RenderBR {BR} at (272,576) size 1x15
                  RenderInline {A} at (0,0) size 248x15 [color=#0000EE]
                    RenderText {#text} at (0,592) size 248x15
                      text run at (0,592) width 248: "CREATE FUNCTION (Source or Template)"
                  RenderText {#text} at (247,592) size 5x15
                    text run at (247,592) width 5: " "
                  RenderBR {BR} at (251,592) size 1x15
                  RenderInline {A} at (0,0) size 284x15 [color=#0000EE]
                    RenderText {#text} at (0,608) size 284x15
                      text run at (0,608) width 284: "CREATE FUNCTION (SQL Scalar, Table or Row)"
                  RenderText {#text} at (283,608) size 4x15
                    text run at (283,608) width 4: " "
                  RenderBR {BR} at (286,608) size 1x15
                  RenderInline {A} at (0,0) size 187x15 [color=#0000EE]
                    RenderText {#text} at (0,624) size 187x15
                      text run at (0,624) width 187: "CREATE FUNCTION MAPPING"
                  RenderText {#text} at (186,624) size 4x15
                    text run at (186,624) width 4: " "
                  RenderBR {BR} at (189,624) size 1x15
                  RenderInline {A} at (0,0) size 96x15 [color=#0000EE]
                    RenderText {#text} at (0,640) size 96x15
                      text run at (0,640) width 96: "CREATE INDEX"
                  RenderText {#text} at (95,640) size 4x15
                    text run at (95,640) width 4: " "
                  RenderBR {BR} at (98,640) size 1x15
                  RenderInline {A} at (0,0) size 174x15 [color=#0000EE]
                    RenderText {#text} at (0,656) size 174x15
                      text run at (0,656) width 174: "CREATE INDEX EXTENSION"
                  RenderText {#text} at (173,656) size 5x15
                    text run at (173,656) width 5: " "
                  RenderBR {BR} at (177,656) size 1x15
                  RenderInline {A} at (0,0) size 112x15 [color=#0000EE]
                    RenderText {#text} at (0,672) size 112x15
                      text run at (0,672) width 112: "CREATE METHOD"
                  RenderText {#text} at (111,672) size 5x15
                    text run at (111,672) width 5: " "
                  RenderBR {BR} at (115,672) size 1x15
                  RenderInline {A} at (0,0) size 124x15 [color=#0000EE]
                    RenderText {#text} at (0,688) size 124x15
                      text run at (0,688) width 124: "CREATE NICKNAME"
                  RenderText {#text} at (123,688) size 5x15
                    text run at (123,688) width 5: " "
                  RenderBR {BR} at (127,688) size 1x15
                  RenderInline {A} at (0,0) size 141x15 [color=#0000EE]
                    RenderText {#text} at (0,704) size 141x15
                      text run at (0,704) width 141: "CREATE NODEGROUP"
                  RenderText {#text} at (140,704) size 5x15
                    text run at (140,704) width 5: " "
                  RenderBR {BR} at (144,704) size 1x15
                  RenderInline {A} at (0,0) size 139x15 [color=#0000EE]
                    RenderText {#text} at (0,720) size 139x15
                      text run at (0,720) width 139: "CREATE PROCEDURE"
                  RenderText {#text} at (138,720) size 5x15
                    text run at (138,720) width 5: " "
                  RenderBR {BR} at (142,720) size 1x15
                  RenderInline {A} at (0,0) size 111x15 [color=#0000EE]
                    RenderText {#text} at (0,736) size 111x15
                      text run at (0,736) width 111: "CREATE SCHEMA"
                  RenderText {#text} at (110,736) size 5x15
                    text run at (110,736) width 5: " "
                  RenderBR {BR} at (114,736) size 1x15
                  RenderInline {A} at (0,0) size 109x15 [color=#0000EE]
                    RenderText {#text} at (0,752) size 109x15
                      text run at (0,752) width 109: "CREATE SERVER"
                  RenderText {#text} at (108,752) size 5x15
                    text run at (108,752) width 5: " "
                  RenderBR {BR} at (112,752) size 1x15
                  RenderInline {A} at (0,0) size 96x15 [color=#0000EE]
                    RenderText {#text} at (0,768) size 96x15
                      text run at (0,768) width 96: "CREATE TABLE"
                  RenderText {#text} at (95,768) size 5x15
                    text run at (95,768) width 5: " "
                  RenderBR {BR} at (99,768) size 1x15
                  RenderInline {A} at (0,0) size 139x15 [color=#0000EE]
                    RenderText {#text} at (0,784) size 139x15
                      text run at (0,784) width 139: "CREATE TABLESPACE"
                  RenderText {#text} at (138,784) size 5x15
                    text run at (138,784) width 5: " "
                  RenderBR {BR} at (142,784) size 1x15
                  RenderInline {A} at (0,0) size 138x15 [color=#0000EE]
                    RenderText {#text} at (0,800) size 138x15
                      text run at (0,800) width 138: "CREATE TRANSFORM"
                  RenderText {#text} at (137,800) size 5x15
                    text run at (137,800) width 5: " "
                  RenderBR {BR} at (141,800) size 1x15
                  RenderInline {A} at (0,0) size 115x15 [color=#0000EE]
                    RenderText {#text} at (0,816) size 115x15
                      text run at (0,816) width 115: "CREATE TRIGGER"
                  RenderText {#text} at (114,816) size 5x15
                    text run at (114,816) width 5: " "
                  RenderBR {BR} at (118,816) size 1x15
                  RenderInline {A} at (0,0) size 162x15 [color=#0000EE]
                    RenderText {#text} at (0,832) size 162x15
                      text run at (0,832) width 162: "CREATE TYPE (Structured)"
                  RenderText {#text} at (161,832) size 5x15
                    text run at (161,832) width 5: " "
                  RenderBR {BR} at (165,832) size 1x15
                  RenderInline {A} at (0,0) size 153x15 [color=#0000EE]
                    RenderText {#text} at (0,848) size 153x15
                      text run at (0,848) width 153: "CREATE TYPE MAPPING"
                  RenderText {#text} at (152,848) size 5x15
                    text run at (152,848) width 5: " "
                  RenderBR {BR} at (156,848) size 1x15
                  RenderInline {A} at (0,0) size 156x15 [color=#0000EE]
                    RenderText {#text} at (0,864) size 156x15
                      text run at (0,864) width 156: "CREATE USER MAPPING"
                  RenderText {#text} at (155,864) size 4x15
                    text run at (155,864) width 4: " "
                  RenderBR {BR} at (158,864) size 1x15
                  RenderInline {A} at (0,0) size 89x15 [color=#0000EE]
                    RenderText {#text} at (0,880) size 89x15
                      text run at (0,880) width 89: "CREATE VIEW"
                  RenderText {#text} at (88,880) size 5x15
                    text run at (88,880) width 5: " "
                  RenderBR {BR} at (92,880) size 1x15
                  RenderInline {A} at (0,0) size 122x15 [color=#0000EE]
                    RenderText {#text} at (0,896) size 122x15
                      text run at (0,896) width 122: "CREATE WRAPPER"
                  RenderText {#text} at (121,896) size 4x15
                    text run at (121,896) width 4: " "
                  RenderBR {BR} at (124,896) size 1x15
                  RenderInline {A} at (0,0) size 122x15 [color=#0000EE]
                    RenderText {#text} at (0,912) size 122x15
                      text run at (0,912) width 122: "DECLARE CURSOR"
                  RenderText {#text} at (121,912) size 4x15
                    text run at (121,912) width 4: " "
                  RenderBR {BR} at (124,912) size 1x15
                  RenderInline {A} at (0,0) size 246x15 [color=#0000EE]
                    RenderText {#text} at (0,928) size 246x15
                      text run at (0,928) width 246: "DECLARE GLOBAL TEMPORARY TABLE"
                  RenderText {#text} at (245,928) size 5x15
                    text run at (245,928) width 5: " "
                  RenderBR {BR} at (249,928) size 1x15
                  RenderInline {A} at (0,0) size 51x15 [color=#0000EE]
                    RenderText {#text} at (0,944) size 51x15
                      text run at (0,944) width 51: "DELETE"
                  RenderText {#text} at (50,944) size 5x15
                    text run at (50,944) width 5: " "
                  RenderBR {BR} at (54,944) size 1x15
                  RenderInline {A} at (0,0) size 67x15 [color=#0000EE]
                    RenderText {#text} at (0,960) size 67x15
                      text run at (0,960) width 67: "DESCRIBE"
                  RenderText {#text} at (66,960) size 5x15
                    text run at (66,960) width 5: " "
                  RenderBR {BR} at (70,960) size 1x15
                  RenderInline {A} at (0,0) size 86x15 [color=#0000EE]
                    RenderText {#text} at (0,976) size 86x15
                      text run at (0,976) width 86: "DISCONNECT"
                  RenderText {#text} at (85,976) size 5x15
                    text run at (85,976) width 5: " "
                  RenderBR {BR} at (89,976) size 1x15
                  RenderInline {A} at (0,0) size 38x15 [color=#0000EE]
                    RenderText {#text} at (0,992) size 38x15
                      text run at (0,992) width 38: "DROP"
                  RenderText {#text} at (37,992) size 5x15
                    text run at (37,992) width 5: " "
                  RenderBR {BR} at (41,992) size 1x15
                  RenderInline {A} at (0,0) size 154x15 [color=#0000EE]
                    RenderText {#text} at (0,1008) size 154x15
                      text run at (0,1008) width 154: "END DECLARE SECTION"
                  RenderText {#text} at (153,1008) size 5x15
                    text run at (153,1008) width 5: " "
                  RenderBR {BR} at (157,1008) size 1x15
                  RenderInline {A} at (0,0) size 62x15 [color=#0000EE]
                    RenderText {#text} at (0,1024) size 62x15
                      text run at (0,1024) width 62: "EXECUTE"
                  RenderText {#text} at (61,1024) size 5x15
                    text run at (61,1024) width 5: " "
                  RenderBR {BR} at (65,1024) size 1x15
                  RenderInline {A} at (0,0) size 137x15 [color=#0000EE]
                    RenderText {#text} at (0,1040) size 137x15
                      text run at (0,1040) width 137: "EXECUTE IMMEDIATE"
                  RenderText {#text} at (136,1040) size 4x15
                    text run at (136,1040) width 4: " "
                  RenderBR {BR} at (139,1040) size 1x15
                  RenderInline {A} at (0,0) size 55x15 [color=#0000EE]
                    RenderText {#text} at (0,1056) size 55x15
                      text run at (0,1056) width 55: "EXPLAIN"
                  RenderText {#text} at (54,1056) size 5x15
                    text run at (54,1056) width 5: " "
                  RenderBR {BR} at (58,1056) size 1x15
                  RenderInline {A} at (0,0) size 44x15 [color=#0000EE]
                    RenderText {#text} at (0,1072) size 44x15
                      text run at (0,1072) width 44: "FETCH"
                  RenderText {#text} at (43,1072) size 4x15
                    text run at (43,1072) width 4: " "
                  RenderBR {BR} at (46,1072) size 1x15
                  RenderInline {A} at (0,0) size 155x15 [color=#0000EE]
                    RenderText {#text} at (0,1088) size 155x15
                      text run at (0,1088) width 155: "FLUSH EVENT MONITOR"
                  RenderText {#text} at (154,1088) size 4x15
                    text run at (154,1088) width 4: " "
                  RenderBR {BR} at (157,1088) size 1x15
                  RenderInline {A} at (0,0) size 100x15 [color=#0000EE]
                    RenderText {#text} at (0,1104) size 100x15
                      text run at (0,1104) width 100: "FREE LOCATOR"
                  RenderText {#text} at (99,1104) size 5x15
                    text run at (99,1104) width 5: " "
                  RenderBR {BR} at (103,1104) size 1x15
                  RenderInline {A} at (0,0) size 179x15 [color=#0000EE]
                    RenderText {#text} at (0,1120) size 179x15
                      text run at (0,1120) width 179: "GRANT (Database Authorities)"
                  RenderText {#text} at (178,1120) size 4x15
                    text run at (178,1120) width 4: " "
                  RenderBR {BR} at (181,1120) size 1x15
                  RenderInline {A} at (0,0) size 150x15 [color=#0000EE]
                    RenderText {#text} at (0,1136) size 150x15
                      text run at (0,1136) width 150: "GRANT (Index Privileges)"
                  RenderText {#text} at (149,1136) size 4x15
                    text run at (149,1136) width 4: " "
                  RenderBR {BR} at (152,1136) size 1x15
                  RenderInline {A} at (0,0) size 169x15 [color=#0000EE]
                    RenderText {#text} at (0,1152) size 169x15
                      text run at (0,1152) width 169: "GRANT (Package Privileges)"
                  RenderText {#text} at (168,1152) size 4x15
                    text run at (168,1152) width 4: " "
                  RenderBR {BR} at (171,1152) size 1x15
                  RenderInline {A} at (0,0) size 166x15 [color=#0000EE]
                    RenderText {#text} at (0,1168) size 166x15
                      text run at (0,1168) width 166: "GRANT (Schema Privileges)"
                  RenderText {#text} at (165,1168) size 4x15
                    text run at (165,1168) width 4: " "
                  RenderBR {BR} at (168,1168) size 1x15
                  RenderInline {A} at (0,0) size 156x15 [color=#0000EE]
                    RenderText {#text} at (0,1184) size 156x15
                      text run at (0,1184) width 156: "GRANT (Server Privileges)"
                  RenderText {#text} at (155,1184) size 5x15
                    text run at (155,1184) width 5: " "
                  RenderBR {BR} at (159,1184) size 1x15
                  RenderInline {A} at (0,0) size 264x15 [color=#0000EE]
                    RenderText {#text} at (0,1200) size 264x15
                      text run at (0,1200) width 264: "GRANT (Table, View, or Nickname Privileges)"
                  RenderText {#text} at (263,1200) size 4x15
                    text run at (263,1200) width 4: " "
                  RenderBR {BR} at (266,1200) size 1x15
                  RenderInline {A} at (0,0) size 190x15 [color=#0000EE]
                    RenderText {#text} at (0,1216) size 190x15
                      text run at (0,1216) width 190: "GRANT (Table Space Privileges)"
                  RenderText {#text} at (189,1216) size 4x15
                    text run at (189,1216) width 4: " "
                  RenderBR {BR} at (192,1216) size 1x15
                  RenderInline {A} at (0,0) size 58x15 [color=#0000EE]
                    RenderText {#text} at (0,1232) size 58x15
                      text run at (0,1232) width 58: "INCLUDE"
                  RenderText {#text} at (57,1232) size 4x15
                    text run at (57,1232) width 4: " "
                  RenderBR {BR} at (60,1232) size 1x15
                  RenderInline {A} at (0,0) size 48x15 [color=#0000EE]
                    RenderText {#text} at (0,1248) size 48x15
                      text run at (0,1248) width 48: "INSERT"
                  RenderText {#text} at (47,1248) size 5x15
                    text run at (47,1248) width 5: " "
                  RenderBR {BR} at (51,1248) size 1x15
                  RenderInline {A} at (0,0) size 80x15 [color=#0000EE]
                    RenderText {#text} at (0,1264) size 80x15
                      text run at (0,1264) width 80: "LOCK TABLE"
                  RenderText {#text} at (79,1264) size 4x15
                    text run at (79,1264) width 4: " "
                  RenderBR {BR} at (82,1264) size 1x15
                  RenderInline {A} at (0,0) size 37x15 [color=#0000EE]
                    RenderText {#text} at (0,1280) size 37x15
                      text run at (0,1280) width 37: "OPEN"
                  RenderText {#text} at (36,1280) size 5x15
                    text run at (36,1280) width 5: " "
                  RenderBR {BR} at (40,1280) size 1x15
                  RenderInline {A} at (0,0) size 62x15 [color=#0000EE]
                    RenderText {#text} at (0,1296) size 62x15
                      text run at (0,1296) width 62: "PREPARE"
                  RenderText {#text} at (61,1296) size 4x15
                    text run at (61,1296) width 4: " "
                  RenderBR {BR} at (64,1296) size 1x15
                  RenderInline {A} at (0,0) size 106x15 [color=#0000EE]
                    RenderText {#text} at (0,1312) size 106x15
                      text run at (0,1312) width 106: "REFRESH TABLE"
                  RenderText {#text} at (105,1312) size 5x15
                    text run at (105,1312) width 5: " "
                  RenderBR {BR} at (109,1312) size 1x15
                  RenderInline {A} at (0,0) size 139x15 [color=#0000EE]
                    RenderText {#text} at (0,1328) size 139x15
                      text run at (0,1328) width 139: "RELEASE (Connection)"
                  RenderText {#text} at (138,1328) size 4x15
                    text run at (138,1328) width 4: " "
                  RenderBR {BR} at (141,1328) size 1x15
                  RenderInline {A} at (0,0) size 138x15 [color=#0000EE]
                    RenderText {#text} at (0,1344) size 138x15
                      text run at (0,1344) width 138: "RELEASE SAVEPOINT"
                  RenderText {#text} at (137,1344) size 4x15
                    text run at (137,1344) width 4: " "
                  RenderBR {BR} at (140,1344) size 1x15
                  RenderInline {A} at (0,0) size 100x15 [color=#0000EE]
                    RenderText {#text} at (0,1360) size 100x15
                      text run at (0,1360) width 100: "RENAME TABLE"
                  RenderText {#text} at (99,1360) size 5x15
                    text run at (99,1360) width 5: " "
                  RenderBR {BR} at (103,1360) size 1x15
                  RenderInline {A} at (0,0) size 143x15 [color=#0000EE]
                    RenderText {#text} at (0,1376) size 143x15
                      text run at (0,1376) width 143: "RENAME TABLESPACE"
                  RenderText {#text} at (142,1376) size 5x15
                    text run at (142,1376) width 5: " "
                  RenderBR {BR} at (146,1376) size 1x15
                  RenderInline {A} at (0,0) size 188x15 [color=#0000EE]
                    RenderText {#text} at (0,1392) size 188x15
                      text run at (0,1392) width 188: "REVOKE (Database Authorities)"
                  RenderText {#text} at (187,1392) size 4x15
                    text run at (187,1392) width 4: " "
                  RenderBR {BR} at (190,1392) size 1x15
                  RenderInline {A} at (0,0) size 159x15 [color=#0000EE]
                    RenderText {#text} at (0,1408) size 159x15
                      text run at (0,1408) width 159: "REVOKE (Index Privileges)"
                  RenderText {#text} at (158,1408) size 4x15
                    text run at (158,1408) width 4: " "
                  RenderBR {BR} at (161,1408) size 1x15
                  RenderInline {A} at (0,0) size 178x15 [color=#0000EE]
                    RenderText {#text} at (0,1424) size 178x15
                      text run at (0,1424) width 178: "REVOKE (Package Privileges)"
                  RenderText {#text} at (177,1424) size 4x15
                    text run at (177,1424) width 4: " "
                  RenderBR {BR} at (180,1424) size 1x15
                  RenderInline {A} at (0,0) size 175x15 [color=#0000EE]
                    RenderText {#text} at (0,1440) size 175x15
                      text run at (0,1440) width 175: "REVOKE (Schema Privileges)"
                  RenderText {#text} at (174,1440) size 4x15
                    text run at (174,1440) width 4: " "
                  RenderBR {BR} at (177,1440) size 1x15
                  RenderInline {A} at (0,0) size 165x15 [color=#0000EE]
                    RenderText {#text} at (0,1456) size 165x15
                      text run at (0,1456) width 165: "REVOKE (Server Privileges)"
                  RenderText {#text} at (164,1456) size 5x15
                    text run at (164,1456) width 5: " "
                  RenderBR {BR} at (168,1456) size 1x15
                  RenderInline {A} at (0,0) size 273x15 [color=#0000EE]
                    RenderText {#text} at (0,1472) size 273x15
                      text run at (0,1472) width 273: "REVOKE (Table, View, or Nickname Privileges)"
                  RenderText {#text} at (272,1472) size 4x15
                    text run at (272,1472) width 4: " "
                  RenderBR {BR} at (275,1472) size 1x15
                  RenderInline {A} at (0,0) size 198x15 [color=#0000EE]
                    RenderText {#text} at (0,1488) size 198x15
                      text run at (0,1488) width 198: "REVOKE (Table Space Privileges)"
                  RenderText {#text} at (197,1488) size 5x15
                    text run at (197,1488) width 5: " "
                  RenderBR {BR} at (201,1488) size 1x15
                  RenderInline {A} at (0,0) size 70x15 [color=#0000EE]
                    RenderText {#text} at (0,1504) size 70x15
                      text run at (0,1504) width 70: "ROLLBACK"
                  RenderText {#text} at (69,1504) size 4x15
                    text run at (69,1504) width 4: " "
                  RenderBR {BR} at (72,1504) size 1x15
                  RenderInline {A} at (0,0) size 74x15 [color=#0000EE]
                    RenderText {#text} at (0,1520) size 74x15
                      text run at (0,1520) width 74: "SAVEPOINT"
                  RenderText {#text} at (73,1520) size 5x15
                    text run at (73,1520) width 5: " "
                  RenderBR {BR} at (77,1520) size 1x15
                  RenderInline {A} at (0,0) size 51x15 [color=#0000EE]
                    RenderText {#text} at (0,1536) size 51x15
                      text run at (0,1536) width 51: "SELECT"
                  RenderText {#text} at (50,1536) size 5x15
                    text run at (50,1536) width 5: " "
                  RenderBR {BR} at (54,1536) size 1x15
                  RenderInline {A} at (0,0) size 85x15 [color=#0000EE]
                    RenderText {#text} at (0,1552) size 85x15
                      text run at (0,1552) width 85: "SELECT INTO"
                  RenderText {#text} at (84,1552) size 5x15
                    text run at (84,1552) width 5: " "
                  RenderBR {BR} at (88,1552) size 1x15
                  RenderInline {A} at (0,0) size 117x15 [color=#0000EE]
                    RenderText {#text} at (0,1568) size 117x15
                      text run at (0,1568) width 117: "SET CONNECTION"
                  RenderText {#text} at (116,1568) size 4x15
                    text run at (116,1568) width 4: " "
                  RenderBR {BR} at (119,1568) size 1x15
                  RenderInline {A} at (0,0) size 291x15 [color=#0000EE]
                    RenderText {#text} at (0,1584) size 291x15
                      text run at (0,1584) width 291: "SET CURRENT DEFAULT TRANSFORM GROUP"
                  RenderText {#text} at (290,1584) size 4x15
                    text run at (290,1584) width 4: " "
                  RenderBR {BR} at (293,1584) size 1x15
                  RenderInline {A} at (0,0) size 151x15 [color=#0000EE]
                    RenderText {#text} at (0,1600) size 151x15
                      text run at (0,1600) width 151: "SET CURRENT DEGREE"
                  RenderText {#text} at (150,1600) size 5x15
                    text run at (150,1600) width 5: " "
                  RenderBR {BR} at (154,1600) size 1x15
                  RenderInline {A} at (0,0) size 194x15 [color=#0000EE]
                    RenderText {#text} at (0,1616) size 194x15
                      text run at (0,1616) width 194: "SET CURRENT EXPLAIN MODE"
                  RenderText {#text} at (193,1616) size 4x15
                    text run at (193,1616) width 4: " "
                  RenderBR {BR} at (196,1616) size 1x15
                  RenderInline {A} at (0,0) size 226x15 [color=#0000EE]
                    RenderText {#text} at (0,1632) size 226x15
                      text run at (0,1632) width 226: "SET CURRENT EXPLAIN SNAPSHOT"
                  RenderText {#text} at (225,1632) size 5x15
                    text run at (225,1632) width 5: " "
                  RenderBR {BR} at (229,1632) size 1x15
                  RenderInline {A} at (0,0) size 183x15 [color=#0000EE]
                    RenderText {#text} at (0,1648) size 183x15
                      text run at (0,1648) width 183: "SET CURRENT PACKAGESET"
                  RenderText {#text} at (182,1648) size 5x15
                    text run at (182,1648) width 5: " "
                  RenderBR {BR} at (186,1648) size 1x15
                  RenderInline {A} at (0,0) size 237x15 [color=#0000EE]
                    RenderText {#text} at (0,1664) size 237x15
                      text run at (0,1664) width 237: "SET CURRENT QUERY OPTIMIZATION"
                  RenderText {#text} at (236,1664) size 5x15
                    text run at (236,1664) width 5: " "
                  RenderBR {BR} at (240,1664) size 1x15
                  RenderInline {A} at (0,0) size 189x15 [color=#0000EE]
                    RenderText {#text} at (0,1680) size 189x15
                      text run at (0,1680) width 189: "SET CURRENT REFRESH AGE"
                  RenderText {#text} at (188,1680) size 5x15
                    text run at (188,1680) width 5: " "
                  RenderBR {BR} at (192,1680) size 1x15
                  RenderInline {A} at (0,0) size 181x15 [color=#0000EE]
                    RenderText {#text} at (0,1696) size 181x15
                      text run at (0,1696) width 181: "SET EVENT MONITOR STATE"
                  RenderText {#text} at (180,1696) size 4x15
                    text run at (180,1696) width 4: " "
                  RenderBR {BR} at (183,1696) size 1x15
                  RenderInline {A} at (0,0) size 98x15 [color=#0000EE]
                    RenderText {#text} at (0,1712) size 98x15
                      text run at (0,1712) width 98: "SET INTEGRITY"
                  RenderText {#text} at (97,1712) size 5x15
                    text run at (97,1712) width 5: " "
                  RenderBR {BR} at (101,1712) size 1x15
                  RenderInline {A} at (0,0) size 99x15 [color=#0000EE]
                    RenderText {#text} at (0,1728) size 99x15
                      text run at (0,1728) width 99: "SET PASSTHRU"
                  RenderText {#text} at (98,1728) size 5x15
                    text run at (98,1728) width 5: " "
                  RenderBR {BR} at (102,1728) size 1x15
                  RenderInline {A} at (0,0) size 62x15 [color=#0000EE]
                    RenderText {#text} at (0,1744) size 62x15
                      text run at (0,1744) width 62: "SET PATH"
                  RenderText {#text} at (61,1744) size 5x15
                    text run at (61,1744) width 5: " "
                  RenderBR {BR} at (65,1744) size 1x15
                  RenderInline {A} at (0,0) size 85x15 [color=#0000EE]
                    RenderText {#text} at (0,1760) size 85x15
                      text run at (0,1760) width 85: "SET SCHEMA"
                  RenderText {#text} at (84,1760) size 4x15
                    text run at (84,1760) width 4: " "
                  RenderBR {BR} at (87,1760) size 1x15
                  RenderInline {A} at (0,0) size 136x15 [color=#0000EE]
                    RenderText {#text} at (0,1776) size 136x15
                      text run at (0,1776) width 136: "SET SERVER OPTION"
                  RenderText {#text} at (135,1776) size 4x15
                    text run at (135,1776) width 4: " "
                  RenderBR {BR} at (138,1776) size 1x15
                  RenderInline {A} at (0,0) size 132x15 [color=#0000EE]
                    RenderText {#text} at (0,1792) size 132x15
                      text run at (0,1792) width 132: "SET transition-variable"
                  RenderText {#text} at (131,1792) size 4x15
                    text run at (131,1792) width 4: " "
                  RenderBR {BR} at (134,1792) size 1x15
                  RenderInline {A} at (0,0) size 117x15 [color=#0000EE]
                    RenderText {#text} at (0,1808) size 117x15
                      text run at (0,1808) width 117: "SIGNAL SQLSTATE"
                  RenderText {#text} at (116,1808) size 5x15
                    text run at (116,1808) width 5: " "
                  RenderBR {BR} at (120,1808) size 1x15
                  RenderInline {A} at (0,0) size 52x15 [color=#0000EE]
                    RenderText {#text} at (0,1824) size 52x15
                      text run at (0,1824) width 52: "UPDATE"
                  RenderText {#text} at (51,1824) size 5x15
                    text run at (51,1824) width 5: " "
                  RenderBR {BR} at (55,1824) size 1x15
                  RenderInline {A} at (0,0) size 51x15 [color=#0000EE]
                    RenderText {#text} at (0,1840) size 51x15
                      text run at (0,1840) width 51: "VALUES"
                  RenderText {#text} at (50,1840) size 4x15
                    text run at (50,1840) width 4: " "
                  RenderBR {BR} at (53,1840) size 1x15
                  RenderInline {A} at (0,0) size 85x15 [color=#0000EE]
                    RenderText {#text} at (0,1856) size 85x15
                      text run at (0,1856) width 85: "VALUES INTO"
                  RenderText {#text} at (84,1856) size 5x15
                    text run at (84,1856) width 5: " "
                  RenderBR {BR} at (88,1856) size 1x15
                  RenderInline {A} at (0,0) size 76x15 [color=#0000EE]
                    RenderText {#text} at (0,1872) size 76x15
                      text run at (0,1872) width 76: "WHENEVER"
                  RenderText {#text} at (0,0) size 0x0
                RenderBlock {P} at (0,7783) size 707x321
                  RenderInline {B} at (0,0) size 102x15
                    RenderInline {A} at (0,0) size 102x15 [color=#0000EE]
                      RenderText {#text} at (0,0) size 102x15
                        text run at (0,0) width 102: "SQL Procedures"
                  RenderBR {BR} at (101,0) size 1x15
                  RenderBR {BR} at (0,16) size 0x15
                  RenderInline {A} at (0,0) size 152x15 [color=#0000EE]
                    RenderText {#text} at (0,32) size 152x15
                      text run at (0,32) width 152: "SQL Procedure Statement"
                  RenderText {#text} at (151,32) size 5x15
                    text run at (151,32) width 5: " "
                  RenderBR {BR} at (155,32) size 1x15
                  RenderInline {A} at (0,0) size 190x15 [color=#0000EE]
                    RenderText {#text} at (0,48) size 190x15
                      text run at (0,48) width 190: "ALLOCATE CURSOR Statement"
                  RenderText {#text} at (189,48) size 5x15
                    text run at (189,48) width 5: " "
                  RenderBR {BR} at (193,48) size 1x15
                  RenderInline {A} at (0,0) size 131x15 [color=#0000EE]
                    RenderText {#text} at (0,64) size 131x15
                      text run at (0,64) width 131: "Assignment Statement"
                  RenderText {#text} at (130,64) size 5x15
                    text run at (130,64) width 5: " "
                  RenderBR {BR} at (134,64) size 1x15
                  RenderInline {A} at (0,0) size 211x15 [color=#0000EE]
                    RenderText {#text} at (0,80) size 211x15
                      text run at (0,80) width 211: "ASSOCIATE LOCATORS Statement"
                  RenderText {#text} at (210,80) size 4x15
                    text run at (210,80) width 4: " "
                  RenderBR {BR} at (213,80) size 1x15
                  RenderInline {A} at (0,0) size 99x15 [color=#0000EE]
                    RenderText {#text} at (0,96) size 99x15
                      text run at (0,96) width 99: "CASE Statement"
                  RenderText {#text} at (98,96) size 4x15
                    text run at (98,96) width 4: " "
                  RenderBR {BR} at (101,96) size 1x15
                  RenderInline {A} at (0,0) size 127x15 [color=#0000EE]
                    RenderText {#text} at (0,112) size 127x15
                      text run at (0,112) width 127: "Compound Statement"
                  RenderText {#text} at (126,112) size 5x15
                    text run at (126,112) width 5: " "
                  RenderBR {BR} at (130,112) size 1x15
                  RenderInline {A} at (0,0) size 91x15 [color=#0000EE]
                    RenderText {#text} at (0,128) size 91x15
                      text run at (0,128) width 91: "FOR Statement"
                  RenderText {#text} at (90,128) size 4x15
                    text run at (90,128) width 4: " "
                  RenderBR {BR} at (93,128) size 1x15
                  RenderInline {A} at (0,0) size 183x15 [color=#0000EE]
                    RenderText {#text} at (0,144) size 183x15
                      text run at (0,144) width 183: "GET DIAGNOSTICS Statement"
                  RenderText {#text} at (182,144) size 5x15
                    text run at (182,144) width 5: " "
                  RenderBR {BR} at (186,144) size 1x15
                  RenderInline {A} at (0,0) size 101x15 [color=#0000EE]
                    RenderText {#text} at (0,160) size 101x15
                      text run at (0,160) width 101: "GOTO Statement"
                  RenderText {#text} at (100,160) size 5x15
                    text run at (100,160) width 5: " "
                  RenderBR {BR} at (104,160) size 1x15
                  RenderInline {A} at (0,0) size 75x15 [color=#0000EE]
                    RenderText {#text} at (0,176) size 75x15
                      text run at (0,176) width 75: "IF Statement"
                  RenderText {#text} at (74,176) size 5x15
                    text run at (74,176) width 5: " "
                  RenderBR {BR} at (78,176) size 1x15
                  RenderInline {A} at (0,0) size 117x15 [color=#0000EE]
                    RenderText {#text} at (0,192) size 117x15
                      text run at (0,192) width 117: "ITERATE Statement"
                  RenderText {#text} at (116,192) size 5x15
                    text run at (116,192) width 5: " "
                  RenderBR {BR} at (120,192) size 1x15
                  RenderInline {A} at (0,0) size 104x15 [color=#0000EE]
                    RenderText {#text} at (0,208) size 104x15
                      text run at (0,208) width 104: "LEAVE Statement"
                  RenderText {#text} at (103,208) size 5x15
                    text run at (103,208) width 5: " "
                  RenderBR {BR} at (107,208) size 1x15
                  RenderInline {A} at (0,0) size 99x15 [color=#0000EE]
                    RenderText {#text} at (0,224) size 99x15
                      text run at (0,224) width 99: "LOOP Statement"
                  RenderText {#text} at (98,224) size 5x15
                    text run at (98,224) width 5: " "
                  RenderBR {BR} at (102,224) size 1x15
                  RenderInline {A} at (0,0) size 114x15 [color=#0000EE]
                    RenderText {#text} at (0,240) size 114x15
                      text run at (0,240) width 114: "REPEAT Statement"
                  RenderText {#text} at (113,240) size 5x15
                    text run at (113,240) width 5: " "
                  RenderBR {BR} at (117,240) size 1x15
                  RenderInline {A} at (0,0) size 129x15 [color=#0000EE]
                    RenderText {#text} at (0,256) size 129x15
                      text run at (0,256) width 129: "RESIGNAL Statement"
                  RenderText {#text} at (128,256) size 4x15
                    text run at (128,256) width 4: " "
                  RenderBR {BR} at (131,256) size 1x15
                  RenderInline {A} at (0,0) size 118x15 [color=#0000EE]
                    RenderText {#text} at (0,272) size 118x15
                      text run at (0,272) width 118: "RETURN Statement"
                  RenderText {#text} at (117,272) size 4x15
                    text run at (117,272) width 4: " "
                  RenderBR {BR} at (120,272) size 1x15
                  RenderInline {A} at (0,0) size 111x15 [color=#0000EE]
                    RenderText {#text} at (0,288) size 111x15
                      text run at (0,288) width 111: "SIGNAL Statement"
                  RenderText {#text} at (110,288) size 4x15
                    text run at (110,288) width 4: " "
                  RenderBR {BR} at (113,288) size 1x15
                  RenderInline {A} at (0,0) size 105x15 [color=#0000EE]
                    RenderText {#text} at (0,304) size 105x15
                      text run at (0,304) width 105: "WHILE Statement"
                  RenderText {#text} at (0,0) size 0x0
                RenderBlock {P} at (0,8116) size 707x17
                  RenderInline {B} at (0,0) size 148x15
                    RenderInline {A} at (0,0) size 148x15 [color=#0000EE]
                      RenderText {#text} at (0,0) size 148x15
                        text run at (0,0) width 148: "Appendix A. SQL Limits"
                  RenderBR {BR} at (147,0) size 1x15
                RenderBlock {P} at (0,8145) size 707x97
                  RenderInline {B} at (0,0) size 273x15
                    RenderInline {A} at (0,0) size 273x15 [color=#0000EE]
                      RenderText {#text} at (0,0) size 273x15
                        text run at (0,0) width 273: "Appendix B. SQL Communications (SQLCA)"
                  RenderBR {BR} at (272,0) size 1x15
                  RenderBR {BR} at (0,16) size 0x15
                  RenderInline {A} at (0,0) size 187x15 [color=#0000EE]
                    RenderText {#text} at (0,32) size 187x15
                      text run at (0,32) width 187: "Viewing the SQLCA Interactively"
                  RenderText {#text} at (186,32) size 5x15
                    text run at (186,32) width 5: " "
                  RenderBR {BR} at (190,32) size 1x15
                  RenderInline {A} at (0,0) size 151x15 [color=#0000EE]
                    RenderText {#text} at (0,48) size 151x15
                      text run at (0,48) width 151: "SQLCA Field Descriptions"
                  RenderText {#text} at (150,48) size 4x15
                    text run at (150,48) width 4: " "
                  RenderBR {BR} at (153,48) size 1x15
                  RenderInline {A} at (0,0) size 141x15 [color=#0000EE]
                    RenderText {#text} at (0,64) size 141x15
                      text run at (0,64) width 141: "Order of Error Reporting"
                  RenderText {#text} at (140,64) size 4x15
                    text run at (140,64) width 4: " "
                  RenderBR {BR} at (143,64) size 1x15
                  RenderInline {A} at (0,0) size 324x15 [color=#0000EE]
                    RenderText {#text} at (0,80) size 324x15
                      text run at (0,80) width 324: "DB2 Enterprise - Extended Edition Usage of the SQLCA"
                  RenderText {#text} at (0,0) size 0x0
                RenderBlock {P} at (0,8254) size 707x177
                  RenderInline {B} at (0,0) size 265x15
                    RenderInline {A} at (0,0) size 265x15 [color=#0000EE]
                      RenderText {#text} at (0,0) size 265x15
                        text run at (0,0) width 265: "Appendix C. SQL Descriptor Area (SQLDA)"
                  RenderBR {BR} at (264,0) size 1x15
                  RenderBR {BR} at (0,16) size 0x15
                  RenderInline {A} at (0,0) size 104x15 [color=#0000EE]
                    RenderText {#text} at (0,32) size 104x15
                      text run at (0,32) width 104: "Field Descriptions"
                  RenderText {#text} at (103,32) size 4x15
                    text run at (103,32) width 4: " "
                  RenderBR {BR} at (106,32) size 1x15
                  RenderInline {A} at (0,0) size 164x15 [color=#0000EE]
                    RenderText {#text} at (0,48) size 164x15
                      text run at (0,48) width 164: "Fields in the SQLDA Header"
                  RenderText {#text} at (163,48) size 4x15
                    text run at (163,48) width 4: " "
                  RenderBR {BR} at (166,48) size 1x15
                  RenderInline {A} at (0,0) size 251x15 [color=#0000EE]
                    RenderText {#text} at (0,64) size 251x15
                      text run at (0,64) width 251: "Fields in an Occurrence of a Base SQLVAR"
                  RenderText {#text} at (250,64) size 4x15
                    text run at (250,64) width 4: " "
                  RenderBR {BR} at (253,64) size 1x15
                  RenderInline {A} at (0,0) size 283x15 [color=#0000EE]
                    RenderText {#text} at (0,80) size 283x15
                      text run at (0,80) width 283: "Fields in an Occurrence of a Secondary SQLVAR"
                  RenderText {#text} at (282,80) size 5x15
                    text run at (282,80) width 5: " "
                  RenderBR {BR} at (286,80) size 1x15
                  RenderInline {A} at (0,0) size 205x15 [color=#0000EE]
                    RenderText {#text} at (0,96) size 205x15
                      text run at (0,96) width 205: "Effect of DESCRIBE on the SQLDA"
                  RenderText {#text} at (204,96) size 5x15
                    text run at (204,96) width 5: " "
                  RenderBR {BR} at (208,96) size 1x15
                  RenderInline {A} at (0,0) size 140x15 [color=#0000EE]
                    RenderText {#text} at (0,112) size 140x15
                      text run at (0,112) width 140: "SQLTYPE and SQLLEN"
                  RenderText {#text} at (139,112) size 4x15
                    text run at (139,112) width 4: " "
                  RenderBR {BR} at (142,112) size 1x15
                  RenderInline {A} at (0,0) size 255x15 [color=#0000EE]
                    RenderText {#text} at (0,128) size 255x15
                      text run at (0,128) width 255: "Unrecognized and Unsupported SQLTYPES"
                  RenderText {#text} at (254,128) size 5x15
                    text run at (254,128) width 5: " "
                  RenderBR {BR} at (258,128) size 1x15
                  RenderInline {A} at (0,0) size 151x15 [color=#0000EE]
                    RenderText {#text} at (0,144) size 151x15
                      text run at (0,144) width 151: "Packed Decimal Numbers"
                  RenderText {#text} at (150,144) size 4x15
                    text run at (150,144) width 4: " "
                  RenderBR {BR} at (153,144) size 1x15
                  RenderInline {A} at (0,0) size 153x15 [color=#0000EE]
                    RenderText {#text} at (0,160) size 153x15
                      text run at (0,160) width 153: "SQLLEN Field for Decimal"
                  RenderText {#text} at (0,0) size 0x0
                RenderBlock {P} at (0,8443) size 707x1169
                  RenderInline {B} at (0,0) size 168x15
                    RenderInline {A} at (0,0) size 168x15 [color=#0000EE]
                      RenderText {#text} at (0,0) size 168x15
                        text run at (0,0) width 168: "Appendix D. Catalog Views"
                  RenderBR {BR} at (167,0) size 1x15
                  RenderBR {BR} at (0,16) size 0x15
                  RenderInline {A} at (0,0) size 146x15 [color=#0000EE]
                    RenderText {#text} at (0,32) size 146x15
                      text run at (0,32) width 146: "Updatable Catalog Views"
                  RenderText {#text} at (145,32) size 5x15
                    text run at (145,32) width 5: " "
                  RenderBR {BR} at (149,32) size 1x15
                  RenderInline {A} at (0,0) size 163x15 [color=#0000EE]
                    RenderText {#text} at (0,48) size 163x15
                      text run at (0,48) width 163: "'Roadmap' to Catalog Views"
                  RenderText {#text} at (162,48) size 4x15
                    text run at (162,48) width 4: " "
                  RenderBR {BR} at (165,48) size 1x15
                  RenderInline {A} at (0,0) size 226x15 [color=#0000EE]
                    RenderText {#text} at (0,64) size 226x15
                      text run at (0,64) width 226: "'Roadmap' to Updatable Catalog Views"
                  RenderText {#text} at (225,64) size 4x15
                    text run at (225,64) width 4: " "
                  RenderBR {BR} at (228,64) size 1x15
                  RenderInline {A} at (0,0) size 136x15 [color=#0000EE]
                    RenderText {#text} at (0,80) size 136x15
                      text run at (0,80) width 136: "SYSIBM.SYSDUMMY1"
                  RenderText {#text} at (135,80) size 4x15
                    text run at (135,80) width 4: " "
                  RenderBR {BR} at (138,80) size 1x15
                  RenderInline {A} at (0,0) size 134x15 [color=#0000EE]
                    RenderText {#text} at (0,96) size 134x15
                      text run at (0,96) width 134: "SYSCAT.ATTRIBUTES"
                  RenderText {#text} at (133,96) size 4x15
                    text run at (133,96) width 4: " "
                  RenderBR {BR} at (136,96) size 1x15
                  RenderInline {A} at (0,0) size 188x15 [color=#0000EE]
                    RenderText {#text} at (0,112) size 188x15
                      text run at (0,112) width 188: "SYSCAT.BUFFERPOOLNODES"
                  RenderText {#text} at (187,112) size 5x15
                    text run at (187,112) width 5: " "
                  RenderBR {BR} at (191,112) size 1x15
                  RenderInline {A} at (0,0) size 151x15 [color=#0000EE]
                    RenderText {#text} at (0,128) size 151x15
                      text run at (0,128) width 151: "SYSCAT.BUFFERPOOLS"
                  RenderText {#text} at (150,128) size 4x15
                    text run at (150,128) width 4: " "
                  RenderBR {BR} at (153,128) size 1x15
                  RenderInline {A} at (0,0) size 164x15 [color=#0000EE]
                    RenderText {#text} at (0,144) size 164x15
                      text run at (0,144) width 164: "SYSCAT.CASTFUNCTIONS"
                  RenderText {#text} at (163,144) size 5x15
                    text run at (163,144) width 5: " "
                  RenderBR {BR} at (167,144) size 1x15
                  RenderInline {A} at (0,0) size 108x15 [color=#0000EE]
                    RenderText {#text} at (0,160) size 108x15
                      text run at (0,160) width 108: "SYSCAT.CHECKS"
                  RenderText {#text} at (107,160) size 5x15
                    text run at (107,160) width 5: " "
                  RenderBR {BR} at (111,160) size 1x15
                  RenderInline {A} at (0,0) size 116x15 [color=#0000EE]
                    RenderText {#text} at (0,176) size 116x15
                      text run at (0,176) width 116: "SYSCAT.COLAUTH"
                  RenderText {#text} at (115,176) size 4x15
                    text run at (115,176) width 4: " "
                  RenderBR {BR} at (118,176) size 1x15
                  RenderInline {A} at (0,0) size 135x15 [color=#0000EE]
                    RenderText {#text} at (0,192) size 135x15
                      text run at (0,192) width 135: "SYSCAT.COLCHECKS"
                  RenderText {#text} at (134,192) size 4x15
                    text run at (134,192) width 4: " "
                  RenderBR {BR} at (137,192) size 1x15
                  RenderInline {A} at (0,0) size 110x15 [color=#0000EE]
                    RenderText {#text} at (0,208) size 110x15
                      text run at (0,208) width 110: "SYSCAT.COLDIST"
                  RenderText {#text} at (109,208) size 5x15
                    text run at (109,208) width 5: " "
                  RenderBR {BR} at (113,208) size 1x15
                  RenderInline {A} at (0,0) size 139x15 [color=#0000EE]
                    RenderText {#text} at (0,224) size 139x15
                      text run at (0,224) width 139: "SYSCAT.COLOPTIONS"
                  RenderText {#text} at (138,224) size 5x15
                    text run at (138,224) width 5: " "
                  RenderBR {BR} at (142,224) size 1x15
                  RenderInline {A} at (0,0) size 119x15 [color=#0000EE]
                    RenderText {#text} at (0,240) size 119x15
                      text run at (0,240) width 119: "SYSCAT.COLUMNS"
                  RenderText {#text} at (118,240) size 4x15
                    text run at (118,240) width 4: " "
                  RenderBR {BR} at (121,240) size 1x15
                  RenderInline {A} at (0,0) size 126x15 [color=#0000EE]
                    RenderText {#text} at (0,256) size 126x15
                      text run at (0,256) width 126: "SYSCAT.CONSTDEP"
                  RenderText {#text} at (125,256) size 5x15
                    text run at (125,256) width 5: " "
                  RenderBR {BR} at (129,256) size 1x15
                  RenderInline {A} at (0,0) size 128x15 [color=#0000EE]
                    RenderText {#text} at (0,272) size 128x15
                      text run at (0,272) width 128: "SYSCAT.DATATYPES"
                  RenderText {#text} at (127,272) size 5x15
                    text run at (127,272) width 5: " "
                  RenderBR {BR} at (131,272) size 1x15
                  RenderInline {A} at (0,0) size 107x15 [color=#0000EE]
                    RenderText {#text} at (0,288) size 107x15
                      text run at (0,288) width 107: "SYSCAT.DBAUTH"
                  RenderText {#text} at (106,288) size 5x15
                    text run at (106,288) width 5: " "
                  RenderBR {BR} at (110,288) size 1x15
                  RenderInline {A} at (0,0) size 167x15 [color=#0000EE]
                    RenderText {#text} at (0,304) size 167x15
                      text run at (0,304) width 167: "SYSCAT.EVENTMONITORS"
                  RenderText {#text} at (166,304) size 4x15
                    text run at (166,304) width 4: " "
                  RenderBR {BR} at (169,304) size 1x15
                  RenderInline {A} at (0,0) size 106x15 [color=#0000EE]
                    RenderText {#text} at (0,320) size 106x15
                      text run at (0,320) width 106: "SYSCAT.EVENTS"
                  RenderText {#text} at (105,320) size 4x15
                    text run at (105,320) width 4: " "
                  RenderBR {BR} at (108,320) size 1x15
                  RenderInline {A} at (0,0) size 174x15 [color=#0000EE]
                    RenderText {#text} at (0,336) size 174x15
                      text run at (0,336) width 174: "SYSCAT.FULLHIERARCHIES"
                  RenderText {#text} at (173,336) size 5x15
                    text run at (173,336) width 5: " "
                  RenderBR {BR} at (177,336) size 1x15
                  RenderInline {A} at (0,0) size 117x15 [color=#0000EE]
                    RenderText {#text} at (0,352) size 117x15
                      text run at (0,352) width 117: "SYSCAT.FUNCDEP"
                  RenderText {#text} at (116,352) size 4x15
                    text run at (116,352) width 4: " "
                  RenderBR {BR} at (119,352) size 1x15
                  RenderInline {A} at (0,0) size 177x15 [color=#0000EE]
                    RenderText {#text} at (0,368) size 177x15
                      text run at (0,368) width 177: "SYSCAT.FUNCMAPOPTIONS"
                  RenderText {#text} at (176,368) size 4x15
                    text run at (176,368) width 4: " "
                  RenderBR {BR} at (179,368) size 1x15
                  RenderInline {A} at (0,0) size 213x15 [color=#0000EE]
                    RenderText {#text} at (0,384) size 213x15
                      text run at (0,384) width 213: "SYSCAT.FUNCMAPPARMOPTIONS"
                  RenderText {#text} at (212,384) size 5x15
                    text run at (212,384) width 5: " "
                  RenderBR {BR} at (216,384) size 1x15
                  RenderInline {A} at (0,0) size 158x15 [color=#0000EE]
                    RenderText {#text} at (0,400) size 158x15
                      text run at (0,400) width 158: "SYSCAT.FUNCMAPPINGS"
                  RenderText {#text} at (157,400) size 5x15
                    text run at (157,400) width 5: " "
                  RenderBR {BR} at (161,400) size 1x15
                  RenderInline {A} at (0,0) size 135x15 [color=#0000EE]
                    RenderText {#text} at (0,416) size 135x15
                      text run at (0,416) width 135: "SYSCAT.FUNCPARMS"
                  RenderText {#text} at (134,416) size 5x15
                    text run at (134,416) width 5: " "
                  RenderBR {BR} at (138,416) size 1x15
                  RenderInline {A} at (0,0) size 130x15 [color=#0000EE]
                    RenderText {#text} at (0,432) size 130x15
                      text run at (0,432) width 130: "SYSCAT.FUNCTIONS"
                  RenderText {#text} at (129,432) size 4x15
                    text run at (129,432) width 4: " "
                  RenderBR {BR} at (132,432) size 1x15
                  RenderInline {A} at (0,0) size 143x15 [color=#0000EE]
                    RenderText {#text} at (0,448) size 143x15
                      text run at (0,448) width 143: "SYSCAT.HIERARCHIES"
                  RenderText {#text} at (142,448) size 4x15
                    text run at (142,448) width 4: " "
                  RenderBR {BR} at (145,448) size 1x15
                  RenderInline {A} at (0,0) size 129x15 [color=#0000EE]
                    RenderText {#text} at (0,464) size 129x15
                      text run at (0,464) width 129: "SYSCAT.INDEXAUTH"
                  RenderText {#text} at (128,464) size 4x15
                    text run at (128,464) width 4: " "
                  RenderBR {BR} at (131,464) size 1x15
                  RenderInline {A} at (0,0) size 147x15 [color=#0000EE]
                    RenderText {#text} at (0,480) size 147x15
                      text run at (0,480) width 147: "SYSCAT.INDEXCOLUSE"
                  RenderText {#text} at (146,480) size 5x15
                    text run at (146,480) width 5: " "
                  RenderBR {BR} at (150,480) size 1x15
                  RenderInline {A} at (0,0) size 120x15 [color=#0000EE]
                    RenderText {#text} at (0,496) size 120x15
                      text run at (0,496) width 120: "SYSCAT.INDEXDEP"
                  RenderText {#text} at (119,496) size 5x15
                    text run at (119,496) width 5: " "
                  RenderBR {BR} at (123,496) size 1x15
                  RenderInline {A} at (0,0) size 111x15 [color=#0000EE]
                    RenderText {#text} at (0,512) size 111x15
                      text run at (0,512) width 111: "SYSCAT.INDEXES"
                  RenderText {#text} at (110,512) size 4x15
                    text run at (110,512) width 4: " "
                  RenderBR {BR} at (113,512) size 1x15
                  RenderInline {A} at (0,0) size 152x15 [color=#0000EE]
                    RenderText {#text} at (0,528) size 152x15
                      text run at (0,528) width 152: "SYSCAT.INDEXOPTIONS"
                  RenderText {#text} at (151,528) size 5x15
                    text run at (151,528) width 5: " "
                  RenderBR {BR} at (155,528) size 1x15
                  RenderInline {A} at (0,0) size 133x15 [color=#0000EE]
                    RenderText {#text} at (0,544) size 133x15
                      text run at (0,544) width 133: "SYSCAT.KEYCOLUSE"
                  RenderText {#text} at (132,544) size 5x15
                    text run at (132,544) width 5: " "
                  RenderBR {BR} at (136,544) size 1x15
                  RenderInline {A} at (0,0) size 160x15 [color=#0000EE]
                    RenderText {#text} at (0,560) size 160x15
                      text run at (0,560) width 160: "SYSCAT.NAMEMAPPINGS"
                  RenderText {#text} at (159,560) size 5x15
                    text run at (159,560) width 5: " "
                  RenderBR {BR} at (163,560) size 1x15
                  RenderInline {A} at (0,0) size 165x15 [color=#0000EE]
                    RenderText {#text} at (0,576) size 165x15
                      text run at (0,576) width 165: "SYSCAT.NODEGROUPDEF"
                  RenderText {#text} at (164,576) size 5x15
                    text run at (164,576) width 5: " "
                  RenderBR {BR} at (168,576) size 1x15
                  RenderInline {A} at (0,0) size 148x15 [color=#0000EE]
                    RenderText {#text} at (0,592) size 148x15
                      text run at (0,592) width 148: "SYSCAT.NODEGROUPS"
                  RenderText {#text} at (147,592) size 4x15
                    text run at (147,592) width 4: " "
                  RenderBR {BR} at (150,592) size 1x15
                  RenderInline {A} at (0,0) size 151x15 [color=#0000EE]
                    RenderText {#text} at (0,608) size 151x15
                      text run at (0,608) width 151: "SYSCAT.PACKAGEAUTH"
                  RenderText {#text} at (150,608) size 5x15
                    text run at (150,608) width 5: " "
                  RenderBR {BR} at (154,608) size 1x15
                  RenderInline {A} at (0,0) size 142x15 [color=#0000EE]
                    RenderText {#text} at (0,624) size 142x15
                      text run at (0,624) width 142: "SYSCAT.PACKAGEDEP"
                  RenderText {#text} at (141,624) size 5x15
                    text run at (141,624) width 5: " "
                  RenderBR {BR} at (145,624) size 1x15
                  RenderInline {A} at (0,0) size 124x15 [color=#0000EE]
                    RenderText {#text} at (0,640) size 124x15
                      text run at (0,640) width 124: "SYSCAT.PACKAGES"
                  RenderText {#text} at (123,640) size 5x15
                    text run at (123,640) width 5: " "
                  RenderBR {BR} at (127,640) size 1x15
                  RenderInline {A} at (0,0) size 159x15 [color=#0000EE]
                    RenderText {#text} at (0,656) size 159x15
                      text run at (0,656) width 159: "SYSCAT.PARTITIONMAPS"
                  RenderText {#text} at (158,656) size 4x15
                    text run at (158,656) width 4: " "
                  RenderBR {BR} at (161,656) size 1x15
                  RenderInline {A} at (0,0) size 159x15 [color=#0000EE]
                    RenderText {#text} at (0,672) size 159x15
                      text run at (0,672) width 159: "SYSCAT.PASSTHRUAUTH"
                  RenderText {#text} at (158,672) size 5x15
                    text run at (158,672) width 5: " "
                  RenderBR {BR} at (162,672) size 1x15
                  RenderInline {A} at (0,0) size 145x15 [color=#0000EE]
                    RenderText {#text} at (0,688) size 145x15
                      text run at (0,688) width 145: "SYSCAT.PROCEDURES"
                  RenderText {#text} at (144,688) size 5x15
                    text run at (144,688) width 5: " "
                  RenderBR {BR} at (148,688) size 1x15
                  RenderInline {A} at (0,0) size 150x15 [color=#0000EE]
                    RenderText {#text} at (0,704) size 150x15
                      text run at (0,704) width 150: "SYSCAT.PROCOPTIONS"
                  RenderText {#text} at (149,704) size 4x15
                    text run at (149,704) width 4: " "
                  RenderBR {BR} at (152,704) size 1x15
                  RenderInline {A} at (0,0) size 186x15 [color=#0000EE]
                    RenderText {#text} at (0,720) size 186x15
                      text run at (0,720) width 186: "SYSCAT.PROCPARMOPTIONS"
                  RenderText {#text} at (185,720) size 5x15
                    text run at (185,720) width 5: " "
                  RenderBR {BR} at (189,720) size 1x15
                  RenderInline {A} at (0,0) size 137x15 [color=#0000EE]
                    RenderText {#text} at (0,736) size 137x15
                      text run at (0,736) width 137: "SYSCAT.PROCPARMS"
                  RenderText {#text} at (136,736) size 4x15
                    text run at (136,736) width 4: " "
                  RenderBR {BR} at (139,736) size 1x15
                  RenderInline {A} at (0,0) size 143x15 [color=#0000EE]
                    RenderText {#text} at (0,752) size 143x15
                      text run at (0,752) width 143: "SYSCAT.REFERENCES"
                  RenderText {#text} at (142,752) size 4x15
                    text run at (142,752) width 4: " "
                  RenderBR {BR} at (145,752) size 1x15
                  RenderInline {A} at (0,0) size 183x15 [color=#0000EE]
                    RenderText {#text} at (0,768) size 183x15
                      text run at (0,768) width 183: "SYSCAT.REVTYPEMAPPINGS"
                  RenderText {#text} at (182,768) size 5x15
                    text run at (182,768) width 5: " "
                  RenderBR {BR} at (186,768) size 1x15
                  RenderInline {A} at (0,0) size 145x15 [color=#0000EE]
                    RenderText {#text} at (0,784) size 145x15
                      text run at (0,784) width 145: "SYSCAT.SCHEMAAUTH"
                  RenderText {#text} at (144,784) size 4x15
                    text run at (144,784) width 4: " "
                  RenderBR {BR} at (147,784) size 1x15
                  RenderInline {A} at (0,0) size 124x15 [color=#0000EE]
                    RenderText {#text} at (0,800) size 124x15
                      text run at (0,800) width 124: "SYSCAT.SCHEMATA"
                  RenderText {#text} at (123,800) size 5x15
                    text run at (123,800) width 5: " "
                  RenderBR {BR} at (127,800) size 1x15
                  RenderInline {A} at (0,0) size 165x15 [color=#0000EE]
                    RenderText {#text} at (0,816) size 165x15
                      text run at (0,816) width 165: "SYSCAT.SERVEROPTIONS"
                  RenderText {#text} at (164,816) size 5x15
                    text run at (164,816) width 5: " "
                  RenderBR {BR} at (168,816) size 1x15
                  RenderInline {A} at (0,0) size 116x15 [color=#0000EE]
                    RenderText {#text} at (0,832) size 116x15
                      text run at (0,832) width 116: "SYSCAT.SERVERS"
                  RenderText {#text} at (115,832) size 4x15
                    text run at (115,832) width 4: " "
                  RenderBR {BR} at (118,832) size 1x15
                  RenderInline {A} at (0,0) size 139x15 [color=#0000EE]
                    RenderText {#text} at (0,848) size 139x15
                      text run at (0,848) width 139: "SYSCAT.STATEMENTS"
                  RenderText {#text} at (138,848) size 5x15
                    text run at (138,848) width 5: " "
                  RenderBR {BR} at (142,848) size 1x15
                  RenderInline {A} at (0,0) size 113x15 [color=#0000EE]
                    RenderText {#text} at (0,864) size 113x15
                      text run at (0,864) width 113: "SYSCAT.TABAUTH"
                  RenderText {#text} at (112,864) size 5x15
                    text run at (112,864) width 5: " "
                  RenderBR {BR} at (116,864) size 1x15
                  RenderInline {A} at (0,0) size 124x15 [color=#0000EE]
                    RenderText {#text} at (0,880) size 124x15
                      text run at (0,880) width 124: "SYSCAT.TABCONST"
                  RenderText {#text} at (123,880) size 4x15
                    text run at (123,880) width 4: " "
                  RenderBR {BR} at (126,880) size 1x15
                  RenderInline {A} at (0,0) size 103x15 [color=#0000EE]
                    RenderText {#text} at (0,896) size 103x15
                      text run at (0,896) width 103: "SYSCAT.TABLES"
                  RenderText {#text} at (102,896) size 4x15
                    text run at (102,896) width 4: " "
                  RenderBR {BR} at (105,896) size 1x15
                  RenderInline {A} at (0,0) size 146x15 [color=#0000EE]
                    RenderText {#text} at (0,912) size 146x15
                      text run at (0,912) width 146: "SYSCAT.TABLESPACES"
                  RenderText {#text} at (145,912) size 4x15
                    text run at (145,912) width 4: " "
                  RenderBR {BR} at (148,912) size 1x15
                  RenderInline {A} at (0,0) size 137x15 [color=#0000EE]
                    RenderText {#text} at (0,928) size 137x15
                      text run at (0,928) width 137: "SYSCAT.TABOPTIONS"
                  RenderText {#text} at (136,928) size 4x15
                    text run at (136,928) width 4: " "
                  RenderBR {BR} at (139,928) size 1x15
                  RenderInline {A} at (0,0) size 149x15 [color=#0000EE]
                    RenderText {#text} at (0,944) size 149x15
                      text run at (0,944) width 149: "SYSCAT.TBSPACEAUTH"
                  RenderText {#text} at (148,944) size 4x15
                    text run at (148,944) width 4: " "
                  RenderBR {BR} at (151,944) size 1x15
                  RenderInline {A} at (0,0) size 112x15 [color=#0000EE]
                    RenderText {#text} at (0,960) size 112x15
                      text run at (0,960) width 112: "SYSCAT.TRIGDEP"
                  RenderText {#text} at (111,960) size 4x15
                    text run at (111,960) width 4: " "
                  RenderBR {BR} at (114,960) size 1x15
                  RenderInline {A} at (0,0) size 122x15 [color=#0000EE]
                    RenderText {#text} at (0,976) size 122x15
                      text run at (0,976) width 122: "SYSCAT.TRIGGERS"
                  RenderText {#text} at (121,976) size 4x15
                    text run at (121,976) width 4: " "
                  RenderBR {BR} at (124,976) size 1x15
                  RenderInline {A} at (0,0) size 156x15 [color=#0000EE]
                    RenderText {#text} at (0,992) size 156x15
                      text run at (0,992) width 156: "SYSCAT.TYPEMAPPINGS"
                  RenderText {#text} at (155,992) size 5x15
                    text run at (155,992) width 5: " "
                  RenderBR {BR} at (159,992) size 1x15
                  RenderInline {A} at (0,0) size 148x15 [color=#0000EE]
                    RenderText {#text} at (0,1008) size 148x15
                      text run at (0,1008) width 148: "SYSCAT.USEROPTIONS"
                  RenderText {#text} at (147,1008) size 5x15
                    text run at (147,1008) width 5: " "
                  RenderBR {BR} at (151,1008) size 1x15
                  RenderInline {A} at (0,0) size 114x15 [color=#0000EE]
                    RenderText {#text} at (0,1024) size 114x15
                      text run at (0,1024) width 114: "SYSCAT.VIEWDEP"
                  RenderText {#text} at (113,1024) size 4x15
                    text run at (113,1024) width 4: " "
                  RenderBR {BR} at (116,1024) size 1x15
                  RenderInline {A} at (0,0) size 96x15 [color=#0000EE]
                    RenderText {#text} at (0,1040) size 96x15
                      text run at (0,1040) width 96: "SYSCAT.VIEWS"
                  RenderText {#text} at (95,1040) size 4x15
                    text run at (95,1040) width 4: " "
                  RenderBR {BR} at (98,1040) size 1x15
                  RenderInline {A} at (0,0) size 151x15 [color=#0000EE]
                    RenderText {#text} at (0,1056) size 151x15
                      text run at (0,1056) width 151: "SYSCAT.WRAPOPTIONS"
                  RenderText {#text} at (150,1056) size 5x15
                    text run at (150,1056) width 5: " "
                  RenderBR {BR} at (154,1056) size 1x15
                  RenderInline {A} at (0,0) size 128x15 [color=#0000EE]
                    RenderText {#text} at (0,1072) size 128x15
                      text run at (0,1072) width 128: "SYSCAT.WRAPPERS"
                  RenderText {#text} at (127,1072) size 5x15
                    text run at (127,1072) width 5: " "
                  RenderBR {BR} at (131,1072) size 1x15
                  RenderInline {A} at (0,0) size 116x15 [color=#0000EE]
                    RenderText {#text} at (0,1088) size 116x15
                      text run at (0,1088) width 116: "SYSSTAT.COLDIST"
                  RenderText {#text} at (115,1088) size 5x15
                    text run at (115,1088) width 5: " "
                  RenderBR {BR} at (119,1088) size 1x15
                  RenderInline {A} at (0,0) size 125x15 [color=#0000EE]
                    RenderText {#text} at (0,1104) size 125x15
                      text run at (0,1104) width 125: "SYSSTAT.COLUMNS"
                  RenderText {#text} at (124,1104) size 5x15
                    text run at (124,1104) width 5: " "
                  RenderBR {BR} at (128,1104) size 1x15
                  RenderInline {A} at (0,0) size 136x15 [color=#0000EE]
                    RenderText {#text} at (0,1120) size 136x15
                      text run at (0,1120) width 136: "SYSSTAT.FUNCTIONS"
                  RenderText {#text} at (135,1120) size 4x15
                    text run at (135,1120) width 4: " "
                  RenderBR {BR} at (138,1120) size 1x15
                  RenderInline {A} at (0,0) size 117x15 [color=#0000EE]
                    RenderText {#text} at (0,1136) size 117x15
                      text run at (0,1136) width 117: "SYSSTAT.INDEXES"
                  RenderText {#text} at (116,1136) size 5x15
                    text run at (116,1136) width 5: " "
                  RenderBR {BR} at (120,1136) size 1x15
                  RenderInline {A} at (0,0) size 109x15 [color=#0000EE]
                    RenderText {#text} at (0,1152) size 109x15
                      text run at (0,1152) width 109: "SYSSTAT.TABLES"
                  RenderText {#text} at (0,0) size 0x0
                RenderBlock {P} at (0,9624) size 707x177
                  RenderInline {B} at (0,0) size 360x15
                    RenderInline {A} at (0,0) size 360x15 [color=#0000EE]
                      RenderText {#text} at (0,0) size 360x15
                        text run at (0,0) width 360: "Appendix E. Catalog Views For Use With Structured Types"
                  RenderBR {BR} at (359,0) size 1x15
                  RenderBR {BR} at (0,16) size 0x15
                  RenderInline {A} at (0,0) size 163x15 [color=#0000EE]
                    RenderText {#text} at (0,32) size 163x15
                      text run at (0,32) width 163: "'Roadmap' to Catalog Views"
                  RenderText {#text} at (162,32) size 4x15
                    text run at (162,32) width 4: " "
                  RenderBR {BR} at (165,32) size 1x15
                  RenderInline {A} at (0,0) size 110x15 [color=#0000EE]
                    RenderText {#text} at (0,48) size 110x15
                      text run at (0,48) width 110: "OBJCAT.INDEXES"
                  RenderText {#text} at (109,48) size 5x15
                    text run at (109,48) width 5: " "
                  RenderBR {BR} at (113,48) size 1x15
                  RenderInline {A} at (0,0) size 191x15 [color=#0000EE]
                    RenderText {#text} at (0,64) size 191x15
                      text run at (0,64) width 191: "OBJCAT.INDEXEXPLOITRULES"
                  RenderText {#text} at (190,64) size 5x15
                    text run at (190,64) width 5: " "
                  RenderBR {BR} at (194,64) size 1x15
                  RenderInline {A} at (0,0) size 195x15 [color=#0000EE]
                    RenderText {#text} at (0,80) size 195x15
                      text run at (0,80) width 195: "OBJCAT.INDEXEXTENSIONDEP"
                  RenderText {#text} at (194,80) size 4x15
                    text run at (194,80) width 4: " "
                  RenderBR {BR} at (197,80) size 1x15
                  RenderInline {A} at (0,0) size 233x15 [color=#0000EE]
                    RenderText {#text} at (0,96) size 233x15
                      text run at (0,96) width 233: "OBJCAT.INDEXEXTENSIONMETHODS"
                  RenderText {#text} at (232,96) size 4x15
                    text run at (232,96) width 4: " "
                  RenderBR {BR} at (235,96) size 1x15
                  RenderInline {A} at (0,0) size 213x15 [color=#0000EE]
                    RenderText {#text} at (0,112) size 213x15
                      text run at (0,112) width 213: "OBJCAT.INDEXEXTENSIONPARMS"
                  RenderText {#text} at (212,112) size 5x15
                    text run at (212,112) width 5: " "
                  RenderBR {BR} at (216,112) size 1x15
                  RenderInline {A} at (0,0) size 177x15 [color=#0000EE]
                    RenderText {#text} at (0,128) size 177x15
                      text run at (0,128) width 177: "OBJCAT.INDEXEXTENSIONS"
                  RenderText {#text} at (176,128) size 4x15
                    text run at (176,128) width 4: " "
                  RenderBR {BR} at (179,128) size 1x15
                  RenderInline {A} at (0,0) size 170x15 [color=#0000EE]
                    RenderText {#text} at (0,144) size 170x15
                      text run at (0,144) width 170: "OBJCAT.PREDICATESPECS"
                  RenderText {#text} at (169,144) size 5x15
                    text run at (169,144) width 5: " "
                  RenderBR {BR} at (173,144) size 1x15
                  RenderInline {A} at (0,0) size 144x15 [color=#0000EE]
                    RenderText {#text} at (0,160) size 144x15
                      text run at (0,160) width 144: "OBJCAT.TRANSFORMS"
                  RenderText {#text} at (0,0) size 0x0
                RenderBlock {P} at (0,9813) size 707x257
                  RenderInline {B} at (0,0) size 196x15
                    RenderInline {A} at (0,0) size 196x15 [color=#0000EE]
                      RenderText {#text} at (0,0) size 196x15
                        text run at (0,0) width 196: "Appendix F. Federated Systems"
                  RenderBR {BR} at (195,0) size 1x15
                  RenderBR {BR} at (0,16) size 0x15
                  RenderInline {A} at (0,0) size 77x15 [color=#0000EE]
                    RenderText {#text} at (0,32) size 77x15
                      text run at (0,32) width 77: "Server Types"
                  RenderText {#text} at (76,32) size 5x15
                    text run at (76,32) width 5: " "
                  RenderBR {BR} at (80,32) size 1x15
                  RenderInline {A} at (0,0) size 210x15 [color=#0000EE]
                    RenderText {#text} at (0,48) size 210x15
                      text run at (0,48) width 210: "SQL Options for Federated Systems"
                  RenderText {#text} at (209,48) size 4x15
                    text run at (209,48) width 4: " "
                  RenderBR {BR} at (212,48) size 1x15
                  RenderInline {A} at (0,0) size 94x15 [color=#0000EE]
                    RenderText {#text} at (0,64) size 94x15
                      text run at (0,64) width 94: "Column Options"
                  RenderText {#text} at (93,64) size 4x15
                    text run at (93,64) width 4: " "
                  RenderBR {BR} at (96,64) size 1x15
                  RenderInline {A} at (0,0) size 152x15 [color=#0000EE]
                    RenderText {#text} at (0,80) size 152x15
                      text run at (0,80) width 152: "Function Mapping Options"
                  RenderText {#text} at (151,80) size 5x15
                    text run at (151,80) width 5: " "
                  RenderBR {BR} at (155,80) size 1x15
                  RenderInline {A} at (0,0) size 87x15 [color=#0000EE]
                    RenderText {#text} at (0,96) size 87x15
                      text run at (0,96) width 87: "Server Options"
                  RenderText {#text} at (86,96) size 5x15
                    text run at (86,96) width 5: " "
                  RenderBR {BR} at (90,96) size 1x15
                  RenderInline {A} at (0,0) size 76x15 [color=#0000EE]
                    RenderText {#text} at (0,112) size 76x15
                      text run at (0,112) width 76: "User Options"
                  RenderText {#text} at (75,112) size 5x15
                    text run at (75,112) width 5: " "
                  RenderBR {BR} at (79,112) size 1x15
                  RenderInline {A} at (0,0) size 165x15 [color=#0000EE]
                    RenderText {#text} at (0,128) size 165x15
                      text run at (0,128) width 165: "Default Data Type Mappings"
                  RenderText {#text} at (164,128) size 4x15
                    text run at (164,128) width 4: " "
                  RenderBR {BR} at (167,128) size 1x15
                  RenderInline {A} at (0,0) size 678x15 [color=#0000EE]
                    RenderText {#text} at (0,144) size 678x15
                      text run at (0,144) width 678: "Default Type Mappings between DB2 and DB2 Universal Database for OS/390 (and DB2 for MVS/ESA) Data Sources"
                  RenderText {#text} at (677,144) size 5x15
                    text run at (677,144) width 5: " "
                  RenderBR {BR} at (681,144) size 1x15
                  RenderInline {A} at (0,0) size 645x15 [color=#0000EE]
                    RenderText {#text} at (0,160) size 645x15
                      text run at (0,160) width 645: "Default Type Mappings between DB2 and 2 Universal Database for AS/400 (and DB2 for OS/400) Data Sources"
                  RenderText {#text} at (644,160) size 5x15
                    text run at (644,160) width 5: " "
                  RenderBR {BR} at (648,160) size 1x15
                  RenderInline {A} at (0,0) size 365x15 [color=#0000EE]
                    RenderText {#text} at (0,176) size 365x15
                      text run at (0,176) width 365: "Default Type Mappings between DB2 and Oracle Data Sources"
                  RenderText {#text} at (364,176) size 4x15
                    text run at (364,176) width 4: " "
                  RenderBR {BR} at (367,176) size 1x15
                  RenderInline {A} at (0,0) size 534x15 [color=#0000EE]
                    RenderText {#text} at (0,192) size 534x15
                      text run at (0,192) width 534: "Default Type Mappings between DB2 and DB2 for VM and VSE (and SQL/DS) Data Sources"
                  RenderText {#text} at (533,192) size 4x15
                    text run at (533,192) width 4: " "
                  RenderBR {BR} at (536,192) size 1x15
                  RenderInline {A} at (0,0) size 194x15 [color=#0000EE]
                    RenderText {#text} at (0,208) size 194x15
                      text run at (0,208) width 194: "Pass-Through Facility Processing"
                  RenderText {#text} at (193,208) size 5x15
                    text run at (193,208) width 5: " "
                  RenderBR {BR} at (197,208) size 1x15
                  RenderInline {A} at (0,0) size 249x15 [color=#0000EE]
                    RenderText {#text} at (0,224) size 249x15
                      text run at (0,224) width 249: "SQL Processing in Pass-Through Sessions"
                  RenderText {#text} at (248,224) size 5x15
                    text run at (248,224) width 5: " "
                  RenderBR {BR} at (252,224) size 1x15
                  RenderInline {A} at (0,0) size 184x15 [color=#0000EE]
                    RenderText {#text} at (0,240) size 184x15
                      text run at (0,240) width 184: "Considerations and Restrictions"
                  RenderText {#text} at (0,0) size 0x0
                RenderBlock {P} at (0,10082) size 707x417
                  RenderInline {B} at (0,0) size 232x15
                    RenderInline {A} at (0,0) size 232x15 [color=#0000EE]
                      RenderText {#text} at (0,0) size 232x15
                        text run at (0,0) width 232: "Appendix G. Sample Database Tables"
                  RenderBR {BR} at (231,0) size 1x15
                  RenderBR {BR} at (0,16) size 0x15
                  RenderInline {A} at (0,0) size 130x15 [color=#0000EE]
                    RenderText {#text} at (0,32) size 130x15
                      text run at (0,32) width 130: "The Sample Database"
                  RenderText {#text} at (129,32) size 4x15
                    text run at (129,32) width 4: " "
                  RenderBR {BR} at (132,32) size 1x15
                  RenderInline {A} at (0,0) size 185x15 [color=#0000EE]
                    RenderText {#text} at (0,48) size 185x15
                      text run at (0,48) width 185: "To Create the Sample Database"
                  RenderText {#text} at (184,48) size 5x15
                    text run at (184,48) width 5: " "
                  RenderBR {BR} at (188,48) size 1x15
                  RenderInline {A} at (0,0) size 180x15 [color=#0000EE]
                    RenderText {#text} at (0,64) size 180x15
                      text run at (0,64) width 180: "To Erase the Sample Database"
                  RenderText {#text} at (179,64) size 5x15
                    text run at (179,64) width 5: " "
                  RenderBR {BR} at (183,64) size 1x15
                  RenderInline {A} at (0,0) size 105x15 [color=#0000EE]
                    RenderText {#text} at (0,80) size 105x15
                      text run at (0,80) width 105: "CL_SCHED Table"
                  RenderText {#text} at (104,80) size 4x15
                    text run at (104,80) width 4: " "
                  RenderBR {BR} at (107,80) size 1x15
                  RenderInline {A} at (0,0) size 123x15 [color=#0000EE]
                    RenderText {#text} at (0,96) size 123x15
                      text run at (0,96) width 123: "DEPARTMENT Table"
                  RenderText {#text} at (122,96) size 5x15
                    text run at (122,96) width 5: " "
                  RenderBR {BR} at (126,96) size 1x15
                  RenderInline {A} at (0,0) size 107x15 [color=#0000EE]
                    RenderText {#text} at (0,112) size 107x15
                      text run at (0,112) width 107: "EMPLOYEE Table"
                  RenderText {#text} at (106,112) size 4x15
                    text run at (106,112) width 4: " "
                  RenderBR {BR} at (109,112) size 1x15
                  RenderInline {A} at (0,0) size 96x15 [color=#0000EE]
                    RenderText {#text} at (0,128) size 96x15
                      text run at (0,128) width 96: "EMP_ACT Table"
                  RenderText {#text} at (95,128) size 5x15
                    text run at (95,128) width 5: " "
                  RenderBR {BR} at (99,128) size 1x15
                  RenderInline {A} at (0,0) size 117x15 [color=#0000EE]
                    RenderText {#text} at (0,144) size 117x15
                      text run at (0,144) width 117: "EMP_PHOTO Table"
                  RenderText {#text} at (116,144) size 4x15
                    text run at (116,144) width 4: " "
                  RenderBR {BR} at (119,144) size 1x15
                  RenderInline {A} at (0,0) size 126x15 [color=#0000EE]
                    RenderText {#text} at (0,160) size 126x15
                      text run at (0,160) width 126: "EMP_RESUME Table"
                  RenderText {#text} at (125,160) size 5x15
                    text run at (125,160) width 5: " "
                  RenderBR {BR} at (129,160) size 1x15
                  RenderInline {A} at (0,0) size 89x15 [color=#0000EE]
                    RenderText {#text} at (0,176) size 89x15
                      text run at (0,176) width 89: "IN_TRAY Table"
                  RenderText {#text} at (88,176) size 5x15
                    text run at (88,176) width 5: " "
                  RenderBR {BR} at (92,176) size 1x15
                  RenderInline {A} at (0,0) size 65x15 [color=#0000EE]
                    RenderText {#text} at (0,192) size 65x15
                      text run at (0,192) width 65: "ORG Table"
                  RenderText {#text} at (64,192) size 4x15
                    text run at (64,192) width 4: " "
                  RenderBR {BR} at (67,192) size 1x15
                  RenderInline {A} at (0,0) size 96x15 [color=#0000EE]
                    RenderText {#text} at (0,208) size 96x15
                      text run at (0,208) width 96: "PROJECT Table"
                  RenderText {#text} at (95,208) size 4x15
                    text run at (95,208) width 4: " "
                  RenderBR {BR} at (98,208) size 1x15
                  RenderInline {A} at (0,0) size 77x15 [color=#0000EE]
                    RenderText {#text} at (0,224) size 77x15
                      text run at (0,224) width 77: "SALES Table"
                  RenderText {#text} at (76,224) size 5x15
                    text run at (76,224) width 5: " "
                  RenderBR {BR} at (80,224) size 1x15
                  RenderInline {A} at (0,0) size 75x15 [color=#0000EE]
                    RenderText {#text} at (0,240) size 75x15
                      text run at (0,240) width 75: "STAFF Table"
                  RenderText {#text} at (74,240) size 5x15
                    text run at (74,240) width 5: " "
                  RenderBR {BR} at (78,240) size 1x15
                  RenderInline {A} at (0,0) size 86x15 [color=#0000EE]
                    RenderText {#text} at (0,256) size 86x15
                      text run at (0,256) width 86: "STAFFG Table"
                  RenderText {#text} at (85,256) size 4x15
                    text run at (85,256) width 4: " "
                  RenderBR {BR} at (88,256) size 1x15
                  RenderInline {A} at (0,0) size 268x15 [color=#0000EE]
                    RenderText {#text} at (0,272) size 268x15
                      text run at (0,272) width 268: "Sample Files with BLOB and CLOB Data Type"
                  RenderText {#text} at (267,272) size 4x15
                    text run at (267,272) width 4: " "
                  RenderBR {BR} at (270,272) size 1x15
                  RenderInline {A} at (0,0) size 91x15 [color=#0000EE]
                    RenderText {#text} at (0,288) size 91x15
                      text run at (0,288) width 91: "Quintana Photo"
                  RenderText {#text} at (90,288) size 4x15
                    text run at (90,288) width 4: " "
                  RenderBR {BR} at (93,288) size 1x15
                  RenderInline {A} at (0,0) size 105x15 [color=#0000EE]
                    RenderText {#text} at (0,304) size 105x15
                      text run at (0,304) width 105: "Quintana Resume"
                  RenderText {#text} at (104,304) size 5x15
                    text run at (104,304) width 5: " "
                  RenderBR {BR} at (108,304) size 1x15
                  RenderInline {A} at (0,0) size 84x15 [color=#0000EE]
                    RenderText {#text} at (0,320) size 84x15
                      text run at (0,320) width 84: "Nicholls Photo"
                  RenderText {#text} at (83,320) size 4x15
                    text run at (83,320) width 4: " "
                  RenderBR {BR} at (86,320) size 1x15
                  RenderInline {A} at (0,0) size 98x15 [color=#0000EE]
                    RenderText {#text} at (0,336) size 98x15
                      text run at (0,336) width 98: "Nicholls Resume"
                  RenderText {#text} at (97,336) size 5x15
                    text run at (97,336) width 5: " "
                  RenderBR {BR} at (101,336) size 1x15
                  RenderInline {A} at (0,0) size 93x15 [color=#0000EE]
                    RenderText {#text} at (0,352) size 93x15
                      text run at (0,352) width 93: "Adamson Photo"
                  RenderText {#text} at (92,352) size 5x15
                    text run at (92,352) width 5: " "
                  RenderBR {BR} at (96,352) size 1x15
                  RenderInline {A} at (0,0) size 107x15 [color=#0000EE]
                    RenderText {#text} at (0,368) size 107x15
                      text run at (0,368) width 107: "Adamson Resume"
                  RenderText {#text} at (106,368) size 5x15
                    text run at (106,368) width 5: " "
                  RenderBR {BR} at (110,368) size 1x15
                  RenderInline {A} at (0,0) size 78x15 [color=#0000EE]
                    RenderText {#text} at (0,384) size 78x15
                      text run at (0,384) width 78: "Walker Photo"
                  RenderText {#text} at (77,384) size 5x15
                    text run at (77,384) width 5: " "
                  RenderBR {BR} at (81,384) size 1x15
                  RenderInline {A} at (0,0) size 92x15 [color=#0000EE]
                    RenderText {#text} at (0,400) size 92x15
                      text run at (0,400) width 92: "Walker Resume"
                  RenderText {#text} at (0,0) size 0x0
                RenderBlock {P} at (0,10511) size 707x97
                  RenderInline {B} at (0,0) size 371x15
                    RenderInline {A} at (0,0) size 371x15 [color=#0000EE]
                      RenderText {#text} at (0,0) size 371x15
                        text run at (0,0) width 371: "Appendix H. Reserved Schema Names and Reserved Words"
                  RenderBR {BR} at (370,0) size 1x15
                  RenderBR {BR} at (0,16) size 0x15
                  RenderInline {A} at (0,0) size 114x15 [color=#0000EE]
                    RenderText {#text} at (0,32) size 114x15
                      text run at (0,32) width 114: "Reserved Schemas"
                  RenderText {#text} at (113,32) size 5x15
                    text run at (113,32) width 5: " "
                  RenderBR {BR} at (117,32) size 1x15
                  RenderInline {A} at (0,0) size 97x15 [color=#0000EE]
                    RenderText {#text} at (0,48) size 97x15
                      text run at (0,48) width 97: "Reserved Words"
                  RenderText {#text} at (96,48) size 5x15
                    text run at (96,48) width 5: " "
                  RenderBR {BR} at (100,48) size 1x15
                  RenderInline {A} at (0,0) size 153x15 [color=#0000EE]
                    RenderText {#text} at (0,64) size 153x15
                      text run at (0,64) width 153: "IBM SQL Reserved Words"
                  RenderText {#text} at (152,64) size 5x15
                    text run at (152,64) width 5: " "
                  RenderBR {BR} at (156,64) size 1x15
                  RenderInline {A} at (0,0) size 198x15 [color=#0000EE]
                    RenderText {#text} at (0,80) size 198x15
                      text run at (0,80) width 198: "ISO/ANS SQL92 Reserved Words"
                  RenderText {#text} at (0,0) size 0x0
                RenderBlock {P} at (0,10620) size 707x17
                  RenderInline {B} at (0,0) size 267x15
                    RenderInline {A} at (0,0) size 267x15 [color=#0000EE]
                      RenderText {#text} at (0,0) size 267x15
                        text run at (0,0) width 267: "Appendix I. Comparison of Isolation Levels"
                  RenderBR {BR} at (266,0) size 1x15
                RenderBlock {P} at (0,10649) size 707x17
                  RenderInline {B} at (0,0) size 318x15
                    RenderInline {A} at (0,0) size 318x15 [color=#0000EE]
                      RenderText {#text} at (0,0) size 318x15
                        text run at (0,0) width 318: "Appendix J. Interaction of Triggers and Constraints"
                  RenderBR {BR} at (317,0) size 1x15
                RenderBlock {P} at (0,10678) size 707x337
                  RenderInline {B} at (0,0) size 268x15
                    RenderInline {A} at (0,0) size 268x15 [color=#0000EE]
                      RenderText {#text} at (0,0) size 268x15
                        text run at (0,0) width 268: "Appendix K. Explain Tables and Definitions"
                  RenderBR {BR} at (267,0) size 1x15
                  RenderBR {BR} at (0,16) size 0x15
                  RenderInline {A} at (0,0) size 171x15 [color=#0000EE]
                    RenderText {#text} at (0,32) size 171x15
                      text run at (0,32) width 171: "EXPLAIN_ARGUMENT Table"
                  RenderText {#text} at (170,32) size 5x15
                    text run at (170,32) width 5: " "
                  RenderBR {BR} at (174,32) size 1x15
                  RenderInline {A} at (0,0) size 162x15 [color=#0000EE]
                    RenderText {#text} at (0,48) size 162x15
                      text run at (0,48) width 162: "EXPLAIN_INSTANCE Table"
                  RenderText {#text} at (161,48) size 5x15
                    text run at (161,48) width 5: " "
                  RenderBR {BR} at (165,48) size 1x15
                  RenderInline {A} at (0,0) size 148x15 [color=#0000EE]
                    RenderText {#text} at (0,64) size 148x15
                      text run at (0,64) width 148: "EXPLAIN_OBJECT Table"
                  RenderText {#text} at (147,64) size 5x15
                    text run at (147,64) width 5: " "
                  RenderBR {BR} at (151,64) size 1x15
                  RenderInline {A} at (0,0) size 169x15 [color=#0000EE]
                    RenderText {#text} at (0,80) size 169x15
                      text run at (0,80) width 169: "EXPLAIN_OPERATOR Table"
                  RenderText {#text} at (168,80) size 5x15
                    text run at (168,80) width 5: " "
                  RenderBR {BR} at (172,80) size 1x15
                  RenderInline {A} at (0,0) size 171x15 [color=#0000EE]
                    RenderText {#text} at (0,96) size 171x15
                      text run at (0,96) width 171: "EXPLAIN_PREDICATE Table"
                  RenderText {#text} at (170,96) size 4x15
                    text run at (170,96) width 4: " "
                  RenderBR {BR} at (173,96) size 1x15
                  RenderInline {A} at (0,0) size 174x15 [color=#0000EE]
                    RenderText {#text} at (0,112) size 174x15
                      text run at (0,112) width 174: "EXPLAIN_STATEMENT Table"
                  RenderText {#text} at (173,112) size 5x15
                    text run at (173,112) width 5: " "
                  RenderBR {BR} at (177,112) size 1x15
                  RenderInline {A} at (0,0) size 152x15 [color=#0000EE]
                    RenderText {#text} at (0,128) size 152x15
                      text run at (0,128) width 152: "EXPLAIN_STREAM Table"
                  RenderText {#text} at (151,128) size 4x15
                    text run at (151,128) width 4: " "
                  RenderBR {BR} at (154,128) size 1x15
                  RenderInline {A} at (0,0) size 130x15 [color=#0000EE]
                    RenderText {#text} at (0,144) size 130x15
                      text run at (0,144) width 130: "ADVISE_INDEX Table"
                  RenderText {#text} at (129,144) size 4x15
                    text run at (129,144) width 4: " "
                  RenderBR {BR} at (132,144) size 1x15
                  RenderInline {A} at (0,0) size 166x15 [color=#0000EE]
                    RenderText {#text} at (0,160) size 166x15
                      text run at (0,160) width 166: "ADVISE_WORKLOAD Table"
                  RenderText {#text} at (165,160) size 5x15
                    text run at (165,160) width 5: " "
                  RenderBR {BR} at (169,160) size 1x15
                  RenderInline {A} at (0,0) size 202x15 [color=#0000EE]
                    RenderText {#text} at (0,176) size 202x15
                      text run at (0,176) width 202: "Table Definitions for Explain Tables"
                  RenderText {#text} at (201,176) size 5x15
                    text run at (201,176) width 5: " "
                  RenderBR {BR} at (205,176) size 1x15
                  RenderInline {A} at (0,0) size 229x15 [color=#0000EE]
                    RenderText {#text} at (0,192) size 229x15
                      text run at (0,192) width 229: "EXPLAIN_ARGUMENT Table Definition"
                  RenderText {#text} at (228,192) size 5x15
                    text run at (228,192) width 5: " "
                  RenderBR {BR} at (232,192) size 1x15
                  RenderInline {A} at (0,0) size 220x15 [color=#0000EE]
                    RenderText {#text} at (0,208) size 220x15
                      text run at (0,208) width 220: "EXPLAIN_INSTANCE Table Definition"
                  RenderText {#text} at (219,208) size 5x15
                    text run at (219,208) width 5: " "
                  RenderBR {BR} at (223,208) size 1x15
                  RenderInline {A} at (0,0) size 206x15 [color=#0000EE]
                    RenderText {#text} at (0,224) size 206x15
                      text run at (0,224) width 206: "EXPLAIN_OBJECT Table Definition"
                  RenderText {#text} at (205,224) size 5x15
                    text run at (205,224) width 5: " "
                  RenderBR {BR} at (209,224) size 1x15
                  RenderInline {A} at (0,0) size 227x15 [color=#0000EE]
                    RenderText {#text} at (0,240) size 227x15
                      text run at (0,240) width 227: "EXPLAIN_OPERATOR Table Definition"
                  RenderText {#text} at (226,240) size 5x15
                    text run at (226,240) width 5: " "
                  RenderBR {BR} at (230,240) size 1x15
                  RenderInline {A} at (0,0) size 229x15 [color=#0000EE]
                    RenderText {#text} at (0,256) size 229x15
                      text run at (0,256) width 229: "EXPLAIN_PREDICATE Table Definition"
                  RenderText {#text} at (228,256) size 4x15
                    text run at (228,256) width 4: " "
                  RenderBR {BR} at (231,256) size 1x15
                  RenderInline {A} at (0,0) size 232x15 [color=#0000EE]
                    RenderText {#text} at (0,272) size 232x15
                      text run at (0,272) width 232: "EXPLAIN_STATEMENT Table Definition"
                  RenderText {#text} at (231,272) size 4x15
                    text run at (231,272) width 4: " "
                  RenderBR {BR} at (234,272) size 1x15
                  RenderInline {A} at (0,0) size 209x15 [color=#0000EE]
                    RenderText {#text} at (0,288) size 209x15
                      text run at (0,288) width 209: "EXPLAIN_STREAM Table Definition"
                  RenderText {#text} at (208,288) size 5x15
                    text run at (208,288) width 5: " "
                  RenderBR {BR} at (212,288) size 1x15
                  RenderInline {A} at (0,0) size 188x15 [color=#0000EE]
                    RenderText {#text} at (0,304) size 188x15
                      text run at (0,304) width 188: "ADVISE_INDEX Table Definition"
                  RenderText {#text} at (187,304) size 4x15
                    text run at (187,304) width 4: " "
                  RenderBR {BR} at (190,304) size 1x15
                  RenderInline {A} at (0,0) size 224x15 [color=#0000EE]
                    RenderText {#text} at (0,320) size 224x15
                      text run at (0,320) width 224: "ADVISE_WORKLOAD Table Definition"
                  RenderText {#text} at (0,0) size 0x0
                RenderBlock {P} at (0,11027) size 707x17
                  RenderInline {B} at (0,0) size 225x15
                    RenderInline {A} at (0,0) size 225x15 [color=#0000EE]
                      RenderText {#text} at (0,0) size 225x15
                        text run at (0,0) width 225: "Appendix L. Explain Register Values"
                  RenderBR {BR} at (224,0) size 1x15
                RenderBlock {P} at (0,11056) size 707x81
                  RenderInline {B} at (0,0) size 306x15
                    RenderInline {A} at (0,0) size 306x15 [color=#0000EE]
                      RenderText {#text} at (0,0) size 306x15
                        text run at (0,0) width 306: "Appendix M. Recursion Example: Bill of Materials"
                  RenderBR {BR} at (305,0) size 1x15
                  RenderBR {BR} at (0,16) size 0x15
                  RenderInline {A} at (0,0) size 200x15 [color=#0000EE]
                    RenderText {#text} at (0,32) size 200x15
                      text run at (0,32) width 200: "Example 1: Single Level Explosion"
                  RenderText {#text} at (199,32) size 5x15
                    text run at (199,32) width 5: " "
                  RenderBR {BR} at (203,32) size 1x15
                  RenderInline {A} at (0,0) size 202x15 [color=#0000EE]
                    RenderText {#text} at (0,48) size 202x15
                      text run at (0,48) width 202: "Example 2: Summarized Explosion"
                  RenderText {#text} at (201,48) size 5x15
                    text run at (201,48) width 5: " "
                  RenderBR {BR} at (205,48) size 1x15
                  RenderInline {A} at (0,0) size 170x15 [color=#0000EE]
                    RenderText {#text} at (0,64) size 170x15
                      text run at (0,64) width 170: "Example 3: Controlling Depth"
                  RenderText {#text} at (0,0) size 0x0
                RenderBlock {P} at (0,11149) size 707x81
                  RenderInline {B} at (0,0) size 186x15
                    RenderInline {A} at (0,0) size 186x15 [color=#0000EE]
                      RenderText {#text} at (0,0) size 186x15
                        text run at (0,0) width 186: "Appendix N. Exception Tables"
                  RenderBR {BR} at (185,0) size 1x15
                  RenderBR {BR} at (0,16) size 0x15
                  RenderInline {A} at (0,0) size 219x15 [color=#0000EE]
                    RenderText {#text} at (0,32) size 219x15
                      text run at (0,32) width 219: "Rules for Creating an Exception Table"
                  RenderText {#text} at (218,32) size 4x15
                    text run at (218,32) width 4: " "
                  RenderBR {BR} at (221,32) size 1x15
                  RenderInline {A} at (0,0) size 225x15 [color=#0000EE]
                    RenderText {#text} at (0,48) size 225x15
                      text run at (0,48) width 225: "Handling Rows in the Exception Tables"
                  RenderText {#text} at (224,48) size 5x15
                    text run at (224,48) width 5: " "
                  RenderBR {BR} at (228,48) size 1x15
                  RenderInline {A} at (0,0) size 177x15 [color=#0000EE]
                    RenderText {#text} at (0,64) size 177x15
                      text run at (0,64) width 177: "Querying the Exception Tables"
                  RenderText {#text} at (0,0) size 0x0
                RenderBlock {P} at (0,11242) size 707x353
                  RenderInline {B} at (0,0) size 420x15
                    RenderInline {A} at (0,0) size 420x15 [color=#0000EE]
                      RenderText {#text} at (0,0) size 420x15
                        text run at (0,0) width 420: "Appendix O. Japanese and Traditional-Chinese EUC Considerations"
                  RenderBR {BR} at (419,0) size 1x15
                  RenderBR {BR} at (0,16) size 0x15
                  RenderInline {A} at (0,0) size 116x15 [color=#0000EE]
                    RenderText {#text} at (0,32) size 116x15
                      text run at (0,32) width 116: "Language Elements"
                  RenderText {#text} at (115,32) size 5x15
                    text run at (115,32) width 5: " "
                  RenderBR {BR} at (119,32) size 1x15
                  RenderInline {A} at (0,0) size 64x15 [color=#0000EE]
                    RenderText {#text} at (0,48) size 64x15
                      text run at (0,48) width 64: "Characters"
                  RenderText {#text} at (63,48) size 5x15
                    text run at (63,48) width 5: " "
                  RenderBR {BR} at (67,48) size 1x15
                  RenderInline {A} at (0,0) size 42x15 [color=#0000EE]
                    RenderText {#text} at (0,64) size 42x15
                      text run at (0,64) width 42: "Tokens"
                  RenderText {#text} at (41,64) size 4x15
                    text run at (41,64) width 4: " "
                  RenderBR {BR} at (44,64) size 1x15
                  RenderInline {A} at (0,0) size 57x15 [color=#0000EE]
                    RenderText {#text} at (0,80) size 57x15
                      text run at (0,80) width 57: "Identifiers"
                  RenderText {#text} at (56,80) size 4x15
                    text run at (56,80) width 4: " "
                  RenderBR {BR} at (59,80) size 1x15
                  RenderInline {A} at (0,0) size 66x15 [color=#0000EE]
                    RenderText {#text} at (0,96) size 66x15
                      text run at (0,96) width 66: "Data Types"
                  RenderText {#text} at (65,96) size 5x15
                    text run at (65,96) width 5: " "
                  RenderBR {BR} at (69,96) size 1x15
                  RenderInline {A} at (0,0) size 180x15 [color=#0000EE]
                    RenderText {#text} at (0,112) size 180x15
                      text run at (0,112) width 180: "Assignments and Comparisons"
                  RenderText {#text} at (179,112) size 5x15
                    text run at (179,112) width 5: " "
                  RenderBR {BR} at (183,112) size 1x15
                  RenderInline {A} at (0,0) size 162x15 [color=#0000EE]
                    RenderText {#text} at (0,128) size 162x15
                      text run at (0,128) width 162: "Rules for Result Data Types"
                  RenderText {#text} at (161,128) size 5x15
                    text run at (161,128) width 5: " "
                  RenderBR {BR} at (165,128) size 1x15
                  RenderInline {A} at (0,0) size 166x15 [color=#0000EE]
                    RenderText {#text} at (0,144) size 166x15
                      text run at (0,144) width 166: "Rules for String Conversions"
                  RenderText {#text} at (165,144) size 5x15
                    text run at (165,144) width 5: " "
                  RenderBR {BR} at (169,144) size 1x15
                  RenderInline {A} at (0,0) size 59x15 [color=#0000EE]
                    RenderText {#text} at (0,160) size 59x15
                      text run at (0,160) width 59: "Constants"
                  RenderText {#text} at (58,160) size 5x15
                    text run at (58,160) width 5: " "
                  RenderBR {BR} at (62,160) size 1x15
                  RenderInline {A} at (0,0) size 57x15 [color=#0000EE]
                    RenderText {#text} at (0,176) size 57x15
                      text run at (0,176) width 57: "Functions"
                  RenderText {#text} at (56,176) size 4x15
                    text run at (56,176) width 4: " "
                  RenderBR {BR} at (59,176) size 1x15
                  RenderInline {A} at (0,0) size 71x15 [color=#0000EE]
                    RenderText {#text} at (0,192) size 71x15
                      text run at (0,192) width 71: "Expressions"
                  RenderText {#text} at (70,192) size 5x15
                    text run at (70,192) width 5: " "
                  RenderBR {BR} at (74,192) size 1x15
                  RenderInline {A} at (0,0) size 62x15 [color=#0000EE]
                    RenderText {#text} at (0,208) size 62x15
                      text run at (0,208) width 62: "Predicates"
                  RenderText {#text} at (61,208) size 5x15
                    text run at (61,208) width 5: " "
                  RenderBR {BR} at (65,208) size 1x15
                  RenderInline {A} at (0,0) size 57x15 [color=#0000EE]
                    RenderText {#text} at (0,224) size 57x15
                      text run at (0,224) width 57: "Functions"
                  RenderText {#text} at (56,224) size 4x15
                    text run at (56,224) width 4: " "
                  RenderBR {BR} at (59,224) size 1x15
                  RenderInline {A} at (0,0) size 53x15 [color=#0000EE]
                    RenderText {#text} at (0,240) size 53x15
                      text run at (0,240) width 53: "LENGTH"
                  RenderText {#text} at (52,240) size 5x15
                    text run at (52,240) width 5: " "
                  RenderBR {BR} at (56,240) size 1x15
                  RenderInline {A} at (0,0) size 53x15 [color=#0000EE]
                    RenderText {#text} at (0,256) size 53x15
                      text run at (0,256) width 53: "SUBSTR"
                  RenderText {#text} at (52,256) size 5x15
                    text run at (52,256) width 5: " "
                  RenderBR {BR} at (56,256) size 1x15
                  RenderInline {A} at (0,0) size 76x15 [color=#0000EE]
                    RenderText {#text} at (0,272) size 76x15
                      text run at (0,272) width 76: "TRANSLATE"
                  RenderText {#text} at (75,272) size 5x15
                    text run at (75,272) width 5: " "
                  RenderBR {BR} at (79,272) size 1x15
                  RenderInline {A} at (0,0) size 85x15 [color=#0000EE]
                    RenderText {#text} at (0,288) size 85x15
                      text run at (0,288) width 85: "VARGRAPHIC"
                  RenderText {#text} at (84,288) size 5x15
                    text run at (84,288) width 5: " "
                  RenderBR {BR} at (88,288) size 1x15
                  RenderInline {A} at (0,0) size 66x15 [color=#0000EE]
                    RenderText {#text} at (0,304) size 66x15
                      text run at (0,304) width 66: "Statements"
                  RenderText {#text} at (65,304) size 5x15
                    text run at (65,304) width 5: " "
                  RenderBR {BR} at (69,304) size 1x15
                  RenderInline {A} at (0,0) size 65x15 [color=#0000EE]
                    RenderText {#text} at (0,320) size 65x15
                      text run at (0,320) width 65: "CONNECT"
                  RenderText {#text} at (64,320) size 4x15
                    text run at (64,320) width 4: " "
                  RenderBR {BR} at (67,320) size 1x15
                  RenderInline {A} at (0,0) size 62x15 [color=#0000EE]
                    RenderText {#text} at (0,336) size 62x15
                      text run at (0,336) width 62: "PREPARE"
                  RenderText {#text} at (0,0) size 0x0
                RenderBlock {P} at (0,11607) size 707x17
                  RenderInline {B} at (0,0) size 292x15
                    RenderInline {A} at (0,0) size 292x15 [color=#0000EE]
                      RenderText {#text} at (0,0) size 292x15
                        text run at (0,0) width 292: "Appendix P. BNF Specifications for DATALINKs"
                  RenderBR {BR} at (291,0) size 1x15
                RenderBlock {P} at (0,11636) size 707x193
                  RenderInline {B} at (0,0) size 217x15
                    RenderInline {A} at (0,0) size 217x15 [color=#0000EE]
                      RenderText {#text} at (0,0) size 217x15
                        text run at (0,0) width 217: "Appendix Q. Using the DB2 Library"
                  RenderBR {BR} at (216,0) size 1x15
                  RenderBR {BR} at (0,16) size 0x15
                  RenderInline {A} at (0,0) size 196x15 [color=#0000EE]
                    RenderText {#text} at (0,32) size 196x15
                      text run at (0,32) width 196: "DB2 PDF Files and Printed Books"
                  RenderText {#text} at (195,32) size 5x15
                    text run at (195,32) width 5: " "
                  RenderBR {BR} at (199,32) size 1x15
                  RenderInline {A} at (0,0) size 94x15 [color=#0000EE]
                    RenderText {#text} at (0,48) size 94x15
                      text run at (0,48) width 94: "DB2 Information"
                  RenderText {#text} at (93,48) size 5x15
                    text run at (93,48) width 5: " "
                  RenderBR {BR} at (97,48) size 1x15
                  RenderInline {A} at (0,0) size 136x15 [color=#0000EE]
                    RenderText {#text} at (0,64) size 136x15
                      text run at (0,64) width 136: "Printing the PDF Books"
                  RenderText {#text} at (135,64) size 4x15
                    text run at (135,64) width 4: " "
                  RenderBR {BR} at (138,64) size 1x15
                  RenderInline {A} at (0,0) size 157x15 [color=#0000EE]
                    RenderText {#text} at (0,80) size 157x15
                      text run at (0,80) width 157: "Ordering the Printed Books"
                  RenderText {#text} at (156,80) size 5x15
                    text run at (156,80) width 5: " "
                  RenderBR {BR} at (160,80) size 1x15
                  RenderInline {A} at (0,0) size 158x15 [color=#0000EE]
                    RenderText {#text} at (0,96) size 158x15
                      text run at (0,96) width 158: "DB2 Online Documentation"
                  RenderText {#text} at (157,96) size 5x15
                    text run at (157,96) width 5: " "
                  RenderBR {BR} at (161,96) size 1x15
                  RenderInline {A} at (0,0) size 131x15 [color=#0000EE]
                    RenderText {#text} at (0,112) size 131x15
                      text run at (0,112) width 131: "Accessing Online Help"
                  RenderText {#text} at (130,112) size 5x15
                    text run at (130,112) width 5: " "
                  RenderBR {BR} at (134,112) size 1x15
                  RenderInline {A} at (0,0) size 156x15 [color=#0000EE]
                    RenderText {#text} at (0,128) size 156x15
                      text run at (0,128) width 156: "Viewing Information Online"
                  RenderText {#text} at (155,128) size 4x15
                    text run at (155,128) width 4: " "
                  RenderBR {BR} at (158,128) size 1x15
                  RenderInline {A} at (0,0) size 113x15 [color=#0000EE]
                    RenderText {#text} at (0,144) size 113x15
                      text run at (0,144) width 113: "Using DB2 Wizards"
                  RenderText {#text} at (112,144) size 5x15
                    text run at (112,144) width 5: " "
                  RenderBR {BR} at (116,144) size 1x15
                  RenderInline {A} at (0,0) size 177x15 [color=#0000EE]
                    RenderText {#text} at (0,160) size 177x15
                      text run at (0,160) width 177: "Setting Up a Document Server"
                  RenderText {#text} at (176,160) size 4x15
                    text run at (176,160) width 4: " "
                  RenderBR {BR} at (179,160) size 1x15
                  RenderInline {A} at (0,0) size 169x15 [color=#0000EE]
                    RenderText {#text} at (0,176) size 169x15
                      text run at (0,176) width 169: "Searching Information Online"
                  RenderText {#text} at (0,0) size 0x0
                RenderBlock {P} at (0,11841) size 707x49
                  RenderInline {B} at (0,0) size 127x15
                    RenderInline {A} at (0,0) size 127x15 [color=#0000EE]
                      RenderText {#text} at (0,0) size 127x15
                        text run at (0,0) width 127: "Appendix R. Notices"
                  RenderBR {BR} at (126,0) size 1x15
                  RenderBR {BR} at (0,16) size 0x15
                  RenderInline {A} at (0,0) size 69x15 [color=#0000EE]
                    RenderText {#text} at (0,32) size 69x15
                      text run at (0,32) width 69: "Trademarks"
                  RenderText {#text} at (0,0) size 0x0
                RenderBlock {P} at (0,11902) size 707x17
                  RenderInline {B} at (0,0) size 34x15
                    RenderInline {A} at (0,0) size 34x15 [color=#0000EE]
                      RenderText {#text} at (0,0) size 34x15
                        text run at (0,0) width 34: "Index"
                  RenderBR {BR} at (33,0) size 1x15
                RenderBlock {P} at (0,11931) size 707x49
                  RenderInline {B} at (0,0) size 96x15
                    RenderInline {A} at (0,0) size 96x15 [color=#0000EE]
                      RenderText {#text} at (0,0) size 96x15
                        text run at (0,0) width 96: "Contacting IBM"
                  RenderBR {BR} at (95,0) size 1x15
                  RenderBR {BR} at (0,16) size 0x15
                  RenderInline {A} at (0,0) size 114x15 [color=#0000EE]
                    RenderText {#text} at (0,32) size 114x15
                      text run at (0,32) width 114: "Product Information"
                  RenderText {#text} at (0,0) size 0x0
                  RenderInline {A} at (0,0) size 0x15
                  RenderText {#text} at (0,0) size 0x0
                RenderTable {TABLE} at (0,11992) size 26x29
                  RenderTableSection {TBODY} at (0,0) size 26x28
                    RenderTableRow {TR} at (0,2) size 26x0
                    RenderTableRow {TR} at (0,4) size 26x22
                      RenderTableCell {TD} at (2,4) size 10x22 [r=1 c=0 rs=1 cs=1]
                        RenderText {#text} at (1,1) size 8x19
                          text run at (1,1) width 8: "x"
                      RenderTableCell {TD} at (14,4) size 10x22 [r=1 c=1 rs=1 cs=1]
                        RenderText {#text} at (1,1) size 8x19
                          text run at (1,1) width 8: "x"
              RenderBlock (anonymous) at (2,12110) size 707x0
                RenderInline {FONT} at (0,0) size 0x0
