layer at (0,0) size 800x600
  RenderView at (0,0) size 800x600
layer at (0,0) size 800x600
  RenderBlock {HTML} at (0,0) size 800x600
    RenderBody {BODY} at (8,8) size 784x584
      RenderTable {TABLE} at (0,0) size 71x96 [border: (1px outset #808080)]
        RenderBlock {CAPTION} at (0,0) size 71x40 [color=#008000] [bgcolor=#FFFFE0]
          RenderText {#text} at (6,0) size 63x39
            text run at (6,0) width 58: "Where is"
            text run at (4,20) width 63: "the table?"
        RenderTableSection {THEAD} at (1,41) size 69x28
          RenderTableRow {TR} at (0,2) size 69x24
            RenderTableCell {TD} at (2,2) size 65x24 [border: (1px inset #808080)] [r=0 c=0 rs=1 cs=1]
              RenderText {#text} at (2,2) size 47x19
                text run at (2,2) width 47: "Header"
        RenderTableSection {TBODY} at (1,69) size 69x26
          RenderTableRow {TR} at (0,0) size 69x24
            RenderTableCell {TD} at (2,0) size 65x24 [border: (1px inset #808080)] [r=0 c=0 rs=1 cs=1]
              RenderText {#text} at (2,2) size 61x19
                text run at (2,2) width 61: "Kibology"
      RenderBlock {HR} at (0,104) size 784x2 [border: (1px inset #000000)]
      RenderTable {TABLE} at (0,114) size 71x56 [border: (1px outset #808080)]
        RenderTableSection {THEAD} at (1,1) size 69x28
          RenderTableRow {TR} at (0,2) size 69x24
            RenderTableCell {TD} at (2,2) size 65x24 [border: (1px inset #808080)] [r=0 c=0 rs=1 cs=1]
              RenderText {#text} at (2,2) size 47x19
                text run at (2,2) width 47: "Header"
        RenderTableSection {TBODY} at (1,29) size 69x26
          RenderTableRow {TR} at (0,0) size 69x24
            RenderTableCell {TD} at (2,0) size 65x24 [border: (1px inset #808080)] [r=0 c=0 rs=1 cs=1]
              RenderText {#text} at (2,2) size 61x19
                text run at (2,2) width 61: "Kibology"
      RenderBlock {HR} at (0,178) size 784x2 [border: (1px inset #000000)]
      RenderTable {TABLE} at (0,188) size 71x96 [border: (1px outset #808080)]
        RenderBlock {CAPTION} at (0,0) size 71x40 [color=#008000] [bgcolor=#FFFFE0]
          RenderText {#text} at (0,0) size 70x39
            text run at (0,0) width 70: "Here is the"
            text run at (19,20) width 32: "table"
        RenderTableSection {THEAD} at (1,41) size 69x28
          RenderTableRow {TR} at (0,2) size 69x24
            RenderTableCell {TD} at (2,2) size 65x24 [border: (1px inset #808080)] [r=0 c=0 rs=1 cs=1]
              RenderText {#text} at (2,2) size 47x19
                text run at (2,2) width 47: "Header"
        RenderTableSection {TBODY} at (1,69) size 69x26
          RenderTableRow {TR} at (0,0) size 69x24
            RenderTableCell {TD} at (2,0) size 65x24 [border: (1px inset #808080)] [r=0 c=0 rs=1 cs=1]
              RenderText {#text} at (2,2) size 61x19
                text run at (2,2) width 61: "Kibology"
      RenderTable {TABLE} at (0,284) size 71x96 [border: (1px outset #808080)]
        RenderTableSection {THEAD} at (1,41) size 69x28
          RenderTableRow {TR} at (0,2) size 69x24
            RenderTableCell {TD} at (2,2) size 65x24 [border: (1px inset #808080)] [r=0 c=0 rs=1 cs=1]
              RenderText {#text} at (2,2) size 47x19
                text run at (2,2) width 47: "Header"
        RenderBlock {CAPTION} at (0,0) size 71x40 [color=#008000] [bgcolor=#FFFFE0]
          RenderText {#text} at (6,0) size 63x39
            text run at (6,0) width 58: "Where is"
            text run at (4,20) width 63: "the table?"
        RenderTableSection {TBODY} at (1,69) size 69x26
          RenderTableRow {TR} at (0,0) size 69x24
            RenderTableCell {TD} at (2,0) size 65x24 [border: (1px inset #808080)] [r=0 c=0 rs=1 cs=1]
              RenderText {#text} at (2,2) size 61x19
                text run at (2,2) width 61: "Kibology"
      RenderBlock {HR} at (0,388) size 784x2 [border: (1px inset #000000)]
      RenderTable {TABLE} at (0,398) size 71x56 [border: (1px outset #808080)]
        RenderTableSection {THEAD} at (1,1) size 69x28
          RenderTableRow {TR} at (0,2) size 69x24
            RenderTableCell {TD} at (2,2) size 65x24 [border: (1px inset #808080)] [r=0 c=0 rs=1 cs=1]
              RenderText {#text} at (2,2) size 47x19
                text run at (2,2) width 47: "Header"
        RenderTableSection {TBODY} at (1,29) size 69x26
          RenderTableRow {TR} at (0,0) size 69x24
            RenderTableCell {TD} at (2,0) size 65x24 [border: (1px inset #808080)] [r=0 c=0 rs=1 cs=1]
              RenderText {#text} at (2,2) size 61x19
                text run at (2,2) width 61: "Kibology"
      RenderBlock {HR} at (0,462) size 784x2 [border: (1px inset #000000)]
      RenderTable {TABLE} at (0,472) size 71x96 [border: (1px outset #808080)]
        RenderTableSection {THEAD} at (1,41) size 69x28
          RenderTableRow {TR} at (0,2) size 69x24
            RenderTableCell {TD} at (2,2) size 65x24 [border: (1px inset #808080)] [r=0 c=0 rs=1 cs=1]
              RenderText {#text} at (2,2) size 47x19
                text run at (2,2) width 47: "Header"
        RenderBlock {CAPTION} at (0,0) size 71x40 [color=#008000] [bgcolor=#FFFFE0]
          RenderText {#text} at (0,0) size 70x39
            text run at (0,0) width 70: "Here is the"
            text run at (19,20) width 32: "table"
        RenderTableSection {TBODY} at (1,69) size 69x26
          RenderTableRow {TR} at (0,0) size 69x24
            RenderTableCell {TD} at (2,0) size 65x24 [border: (1px inset #808080)] [r=0 c=0 rs=1 cs=1]
              RenderText {#text} at (2,2) size 61x19
                text run at (2,2) width 61: "Kibology"
