layer at (0,0) size 800x600
  RenderView at (0,0) size 800x600
layer at (0,0) size 800x600
  RenderBlock {HTML} at (0,0) size 800x600
    RenderBody {BODY} at (8,8) size 784x584
      RenderBlock (anonymous) at (0,0) size 784x20
        RenderText {#text} at (0,0) size 134x19
          text run at (0,0) width 134: "and the page works.)"
      RenderTable {TABLE} at (0,20) size 196x56 [border: (1px outset #808080)]
        RenderTableSection {TBODY} at (1,1) size 194x54
          RenderTableRow {TR} at (0,2) size 194x24
            RenderTableCell {TD} at (2,2) size 100x24 [border: (1px inset #808080)] [r=0 c=0 rs=1 cs=1]
              RenderText {#text} at (2,2) size 53x19
                text run at (2,2) width 53: "img-cap"
            RenderTableCell {TD} at (103,5) size 89x44 [border: (1px inset #808080)] [r=0 c=1 rs=2 cs=1]
              RenderText {#text} at (2,2) size 81x19
                text run at (2,2) width 81: "img-features"
              RenderBR {BR} at (82,2) size 1x19
              RenderText {#text} at (2,22) size 85x19
                text run at (2,22) width 85: "img-holidays"
              RenderBR {BR} at (86,22) size 1x19
          RenderTableRow {TR} at (0,28) size 194x24
            RenderTableCell {TD} at (2,28) size 100x24 [border: (1px inset #808080)] [r=1 c=0 rs=1 cs=1]
              RenderText {#text} at (2,2) size 96x19
                text run at (2,2) width 96: "img-projo.com"
