layer at (0,0) size 800x600
  RenderView at (0,0) size 800x600
layer at (0,0) size 800x119
  RenderBlock {HTML} at (0,0) size 800x119
    RenderBody {BODY} at (8,21) size 784x90
      RenderBlock {H1} at (0,0) size 784x38
        RenderText {#text} at (149,1) size 486x36
          text run at (149,1) width 486: "<BODY style=\"text-align: center\">"
      RenderTable {TABLE} at (0,59) size 628x31 [border: (1px outset #808080)]
        RenderTableSection {TBODY} at (1,1) size 626x28
          RenderTableRow {TR} at (0,2) size 626x24
            RenderTableCell {TD} at (2,2) size 622x24 [border: (1px inset #808080)] [r=0 c=0 rs=1 cs=1]
              RenderText {#text} at (162,2) size 298x19
                text run at (162,2) width 298: "The text should be center-aligned not the table"
