layer at (0,0) size 800x600
  RenderView at (0,0) size 800x600
layer at (0,0) size 800x600
  RenderBlock {HTML} at (0,0) size 800x600
    RenderBody {BODY} at (8,8) size 784x584 [bgcolor=#C0C0C0]
      RenderTable {TABLE} at (0,0) size 400x64 [border: (5px outset #808080)]
        RenderTableSection {TBODY} at (5,5) size 390x54
          RenderTableRow {TR} at (0,2) size 390x24
            RenderTableCell {TD} at (2,2) size 193x24 [border: (1px inset #808080)] [r=0 c=0 rs=1 cs=2]
              RenderText {#text} at (2,2) size 30x19
                text run at (2,2) width 30: "50%"
            RenderTableCell {TD} at (197,2) size 191x24 [border: (1px inset #808080)] [r=0 c=2 rs=1 cs=1]
              RenderText {#text} at (2,2) size 22x19
                text run at (2,2) width 22: "foo"
          RenderTableRow {TR} at (0,28) size 390x24
            RenderTableCell {TD} at (2,28) size 96x24 [border: (1px inset #808080)] [r=1 c=0 rs=1 cs=1]
              RenderText {#text} at (2,2) size 30x19
                text run at (2,2) width 30: "25%"
            RenderTableCell {TD} at (99,28) size 96x24 [border: (1px inset #808080)] [r=1 c=1 rs=1 cs=1]
              RenderText {#text} at (2,2) size 21x19
                text run at (2,2) width 21: "bar"
      RenderBlock (anonymous) at (0,64) size 784x20
        RenderBR {BR} at (0,0) size 0x19
      RenderTable {TABLE} at (0,84) size 400x64 [border: (5px outset #808080)]
        RenderTableSection {TBODY} at (5,5) size 390x54
          RenderTableRow {TR} at (0,2) size 390x24
            RenderTableCell {TD} at (2,2) size 193x24 [border: (1px inset #808080)] [r=0 c=0 rs=1 cs=2]
              RenderText {#text} at (2,2) size 22x19
                text run at (2,2) width 22: "foo"
            RenderTableCell {TD} at (197,2) size 191x24 [border: (1px inset #808080)] [r=0 c=2 rs=1 cs=1]
              RenderText {#text} at (2,2) size 30x19
                text run at (2,2) width 30: "50%"
          RenderTableRow {TR} at (0,28) size 390x24
            RenderTableCell {TD} at (2,28) size 96x24 [border: (1px inset #808080)] [r=1 c=0 rs=1 cs=1]
              RenderText {#text} at (2,2) size 30x19
                text run at (2,2) width 30: "25%"
            RenderTableCell {TD} at (99,28) size 96x24 [border: (1px inset #808080)] [r=1 c=1 rs=1 cs=1]
              RenderText {#text} at (2,2) size 21x19
                text run at (2,2) width 21: "bar"
