layer at (0,0) size 800x1585
  RenderView at (0,0) size 800x600
layer at (0,0) size 800x1585
  RenderBlock {HTML} at (0,0) size 800x1585
    RenderBody {BODY} at (8,8) size 784x1569
      RenderTable {TABLE} at (0,0) size 784x75 [border: (1px solid #000000)]
        RenderTableSection {TBODY} at (1,1) size 782x73
          RenderTableRow {TR} at (0,2) size 782x69
            RenderTableCell {TD} at (2,2) size 444x69 [border: (1px solid #000000)] [r=0 c=0 rs=1 cs=1]
              RenderImage {IMG} at (2,2) size 88x65
              RenderImage {IMG} at (90,2) size 88x65
              RenderImage {IMG} at (178,2) size 88x65
              RenderImage {IMG} at (266,2) size 88x65
              RenderImage {IMG} at (354,2) size 88x65
            RenderTableCell {TD} at (448,24) size 332x25 [border: (1px solid #000000)] [r=0 c=1 rs=1 cs=1]
              RenderText {#text} at (2,24) size 160x20
                text run at (2,2) width 160: "Nothing between images"
      RenderTable {TABLE} at (0,74) size 784x334 [border: (1px solid #000000)]
        RenderTableSection {TBODY} at (1,1) size 782x331
          RenderTableRow {TR} at (0,2) size 782x327
            RenderTableCell {TD} at (2,2) size 92x327 [border: (1px solid #000000)] [r=0 c=0 rs=1 cs=1]
              RenderImage {IMG} at (2,2) size 88x65
              RenderText {#text} at (0,0) size 0x0
              RenderImage {IMG} at (2,66) size 88x66
              RenderText {#text} at (0,0) size 0x0
              RenderImage {IMG} at (2,131) size 88x65
              RenderText {#text} at (0,0) size 0x0
              RenderImage {IMG} at (2,195) size 88x66
              RenderText {#text} at (0,0) size 0x0
              RenderImage {IMG} at (2,260) size 88x65
            RenderTableCell {TD} at (96,153) size 684x25 [border: (1px solid #000000)] [r=0 c=1 rs=1 cs=1]
              RenderText {#text} at (2,153) size 152x20
                text run at (2,2) width 152: "Spaces between images"
      RenderTable {TABLE} at (0,407) size 784x333 [border: (1px solid #000000)]
        RenderTableSection {TBODY} at (1,1) size 782x331
          RenderTableRow {TR} at (0,2) size 782x327
            RenderTableCell {TD} at (2,2) size 92x327 [border: (1px solid #000000)] [r=0 c=0 rs=1 cs=1]
              RenderImage {IMG} at (2,2) size 88x65
              RenderText {#text} at (0,0) size 0x0
              RenderImage {IMG} at (2,66) size 88x66
              RenderText {#text} at (0,0) size 0x0
              RenderImage {IMG} at (2,131) size 88x65
              RenderText {#text} at (0,0) size 0x0
              RenderImage {IMG} at (2,195) size 88x66
              RenderText {#text} at (0,0) size 0x0
              RenderImage {IMG} at (2,260) size 88x65
            RenderTableCell {TD} at (96,153) size 684x25 [border: (1px solid #000000)] [r=0 c=1 rs=1 cs=1]
              RenderText {#text} at (2,153) size 168x20
                text run at (2,2) width 168: "Newlines between images"
      RenderTable {TABLE} at (0,739) size 784x81 [border: (1px solid #000000)]
        RenderTableSection {TBODY} at (1,1) size 782x78
          RenderTableRow {TR} at (0,2) size 782x74
            RenderTableCell {TD} at (2,2) size 595x74 [border: (1px solid #000000)] [r=0 c=0 rs=1 cs=1]
              RenderText {#text} at (2,52) size 27x19
                text run at (2,52) width 27: "One"
              RenderImage {IMG} at (28,2) size 89x65
              RenderText {#text} at (116,52) size 29x19
                text run at (116,52) width 29: "Two"
              RenderImage {IMG} at (144,2) size 89x65
              RenderText {#text} at (232,52) size 39x19
                text run at (232,52) width 39: "Three"
              RenderImage {IMG} at (270,2) size 89x65
              RenderText {#text} at (358,52) size 31x19
                text run at (358,52) width 31: "Four"
              RenderImage {IMG} at (388,2) size 89x65
              RenderText {#text} at (476,52) size 29x19
                text run at (476,52) width 29: "Five"
              RenderImage {IMG} at (504,2) size 89x65
            RenderTableCell {TD} at (598,27) size 182x24 [border: (1px solid #000000)] [r=0 c=1 rs=1 cs=1]
              RenderText {#text} at (2,27) size 135x19
                text run at (2,2) width 135: "Text between images"
      RenderTable {TABLE} at (0,819) size 784x376 [border: (1px solid #000000)]
        RenderTableSection {TBODY} at (1,1) size 782x373
          RenderTableRow {TR} at (0,2) size 782x369
            RenderTableCell {TD} at (2,2) size 130x369 [border: (1px solid #000000)] [r=0 c=0 rs=1 cs=1]
              RenderText {#text} at (2,52) size 31x19
                text run at (2,52) width 31: "One "
              RenderImage {IMG} at (32,2) size 89x65
              RenderText {#text} at (2,122) size 33x19
                text run at (2,122) width 33: "Two "
              RenderImage {IMG} at (34,72) size 89x65
              RenderText {#text} at (2,142) size 38x19
                text run at (2,142) width 38: "Three"
              RenderImage {IMG} at (2,162) size 88x65
              RenderText {#text} at (90,212) size 31x19
                text run at (90,212) width 31: "Four"
              RenderImage {IMG} at (2,232) size 88x65
              RenderText {#text} at (90,282) size 29x19
                text run at (90,282) width 29: "Five"
              RenderImage {IMG} at (2,302) size 88x65
            RenderTableCell {TD} at (133,174) size 647x25 [border: (1px solid #000000)] [r=0 c=1 rs=1 cs=1]
              RenderText {#text} at (2,174) size 214x20
                text run at (2,2) width 214: "Text with spaces between images"
      RenderTable {TABLE} at (0,1194) size 784x375 [border: (1px solid #000000)]
        RenderTableSection {TBODY} at (1,1) size 782x373
          RenderTableRow {TR} at (0,2) size 782x369
            RenderTableCell {TD} at (2,2) size 138x369 [border: (1px solid #000000)] [r=0 c=0 rs=1 cs=1]
              RenderText {#text} at (2,52) size 43x19
                text run at (2,52) width 43: "One A"
              RenderImage {IMG} at (44,2) size 89x65
              RenderText {#text} at (2,122) size 41x19
                text run at (2,122) width 41: "Two b"
              RenderImage {IMG} at (42,72) size 89x65
              RenderText {#text} at (2,142) size 49x19
                text run at (2,142) width 49: "Three c"
              RenderImage {IMG} at (2,162) size 88x65
              RenderText {#text} at (90,212) size 43x19
                text run at (90,212) width 43: "Four d"
              RenderImage {IMG} at (2,232) size 88x65
              RenderText {#text} at (90,282) size 40x19
                text run at (90,282) width 40: "Five e"
              RenderImage {IMG} at (2,302) size 88x65
            RenderTableCell {TD} at (141,174) size 639x25 [border: (1px solid #000000)] [r=0 c=1 rs=1 cs=1]
              RenderText {#text} at (2,174) size 305x20
                text run at (2,2) width 305: "Text with spaces and more text between images"
