layer at (0,0) size 800x600
  RenderView at (0,0) size 800x600
layer at (0,0) size 800x600
  RenderBlock {HTML} at (0,0) size 800x600
    RenderBody {BODY} at (8,8) size 784x584
      RenderBlock (anonymous) at (0,0) size 784x20
        RenderText {#text} at (0,0) size 287x19
          text run at (0,0) width 287: "border=\"0\" cellspacing=\"0\" cellpadding=\"0\""
      RenderTable {TABLE} at (0,20) size 784x34 [bgcolor=#DDDD33]
        RenderTableSection {TBODY} at (0,0) size 784x34
          RenderTableRow {TR} at (0,0) size 784x34
            RenderTableCell {TD} at (0,17) size 12x0 [r=0 c=0 rs=1 cs=1]
            RenderTableCell {TD} at (12,0) size 760x34 [r=0 c=1 rs=1 cs=1]
            RenderTableCell {TD} at (772,17) size 12x0 [r=0 c=2 rs=1 cs=1]
      RenderBlock (anonymous) at (0,54) size 784x20
        RenderText {#text} at (0,0) size 211x19
          text run at (0,0) width 211: "cellspacing=\"0\" cellpadding=\"0\""
      RenderTable {TABLE} at (0,74) size 784x34 [bgcolor=#CCCCFF]
        RenderTableSection {TBODY} at (0,0) size 784x34
          RenderTableRow {TR} at (0,0) size 784x34
            RenderTableCell {TD} at (0,17) size 12x0 [r=0 c=0 rs=1 cs=1]
            RenderTableCell {TD} at (12,0) size 760x34 [r=0 c=1 rs=1 cs=1]
            RenderTableCell {TD} at (772,17) size 12x0 [r=0 c=2 rs=1 cs=1]
      RenderBlock (anonymous) at (0,108) size 784x20
        RenderText {#text} at (0,0) size 105x19
          text run at (0,0) width 105: "cellpadding=\"0\""
      RenderTable {TABLE} at (0,128) size 784x38 [bgcolor=#FF9999]
        RenderTableSection {TBODY} at (0,0) size 784x38
          RenderTableRow {TR} at (0,2) size 784x34
            RenderTableCell {TD} at (2,19) size 12x0 [r=0 c=0 rs=1 cs=1]
            RenderTableCell {TD} at (16,2) size 752x34 [r=0 c=1 rs=1 cs=1]
            RenderTableCell {TD} at (770,19) size 12x0 [r=0 c=2 rs=1 cs=1]
      RenderBlock (anonymous) at (0,166) size 784x20
        RenderText {#text} at (0,0) size 181x19
          text run at (0,0) width 181: "border=\"0\" cellpadding=\"0\""
      RenderTable {TABLE} at (0,186) size 784x38 [bgcolor=#AAEEBB]
        RenderTableSection {TBODY} at (0,0) size 784x38
          RenderTableRow {TR} at (0,2) size 784x34
            RenderTableCell {TD} at (2,19) size 12x0 [r=0 c=0 rs=1 cs=1]
            RenderTableCell {TD} at (16,2) size 752x34 [r=0 c=1 rs=1 cs=1]
            RenderTableCell {TD} at (770,19) size 12x0 [r=0 c=2 rs=1 cs=1]
      RenderBlock (anonymous) at (0,224) size 784x20
        RenderInline {FONT} at (0,0) size 31x19 [color=#0000FF]
          RenderText {#text} at (0,0) size 31x19
            text run at (0,0) width 31: "right"
        RenderText {#text} at (30,0) size 77x19
          text run at (30,0) width 77: " border=\"0\""
      RenderTable {TABLE} at (0,244) size 784x40 [bgcolor=#FFCCEE]
        RenderTableSection {TBODY} at (0,0) size 784x40
          RenderTableRow {TR} at (0,2) size 784x36
            RenderTableCell {TD} at (2,19) size 14x2 [r=0 c=0 rs=1 cs=1]
            RenderTableCell {TD} at (18,2) size 748x36 [r=0 c=1 rs=1 cs=1]
            RenderTableCell {TD} at (768,19) size 14x2 [r=0 c=2 rs=1 cs=1]
      RenderBlock (anonymous) at (0,284) size 784x20
        RenderInline {FONT} at (0,0) size 31x19 [color=#0000FF]
          RenderText {#text} at (0,0) size 31x19
            text run at (0,0) width 31: "right"
        RenderText {#text} at (30,0) size 109x19
          text run at (30,0) width 109: " cellpadding=\"1\""
      RenderTable {TABLE} at (0,304) size 784x40 [bgcolor=#66DDFF]
        RenderTableSection {TBODY} at (0,0) size 784x40
          RenderTableRow {TR} at (0,2) size 784x36
            RenderTableCell {TD} at (2,19) size 14x2 [r=0 c=0 rs=1 cs=1]
            RenderTableCell {TD} at (18,2) size 748x36 [r=0 c=1 rs=1 cs=1]
            RenderTableCell {TD} at (768,19) size 14x2 [r=0 c=2 rs=1 cs=1]
      RenderBlock (anonymous) at (0,344) size 784x20
        RenderInline {FONT} at (0,0) size 31x19 [color=#0000FF]
          RenderText {#text} at (0,0) size 31x19
            text run at (0,0) width 31: "right"
        RenderText {#text} at (30,0) size 291x19
          text run at (30,0) width 291: " border=\"1\" cellspacing=\"0\" cellpadding=\"0\""
      RenderTable {TABLE} at (0,364) size 784x38 [bgcolor=#EEEEEE] [border: (1px outset #000000)]
        RenderTableSection {TBODY} at (1,1) size 782x36
          RenderTableRow {TR} at (0,0) size 782x36
            RenderTableCell {TD} at (0,17) size 14x2 [border: (1px inset #000000)] [r=0 c=0 rs=1 cs=1]
            RenderTableCell {TD} at (14,0) size 754x36 [border: (1px inset #000000)] [r=0 c=1 rs=1 cs=1]
            RenderTableCell {TD} at (768,17) size 14x2 [border: (1px inset #000000)] [r=0 c=2 rs=1 cs=1]
      RenderBlock (anonymous) at (0,402) size 784x20
        RenderInline {FONT} at (0,0) size 31x19 [color=#0000FF]
          RenderText {#text} at (0,0) size 31x19
            text run at (0,0) width 31: "right"
        RenderText {#text} at (30,0) size 183x19
          text run at (30,0) width 183: " border=\"1\" cellspacing=\"0\""
      RenderTable {TABLE} at (0,422) size 784x40 [bgcolor=#FFCC66] [border: (1px outset #000000)]
        RenderTableSection {TBODY} at (1,1) size 782x38
          RenderTableRow {TR} at (0,0) size 782x38
            RenderTableCell {TD} at (0,17) size 16x4 [border: (1px inset #000000)] [r=0 c=0 rs=1 cs=1]
            RenderTableCell {TD} at (16,0) size 750x38 [border: (1px inset #000000)] [r=0 c=1 rs=1 cs=1]
            RenderTableCell {TD} at (766,17) size 16x4 [border: (1px inset #000000)] [r=0 c=2 rs=1 cs=1]
      RenderBlock (anonymous) at (0,462) size 784x20
        RenderInline {FONT} at (0,0) size 31x19 [color=#0000FF]
          RenderText {#text} at (0,0) size 31x19
            text run at (0,0) width 31: "right"
        RenderText {#text} at (30,0) size 77x19
          text run at (30,0) width 77: " border=\"1\""
      RenderTable {TABLE} at (0,482) size 784x44 [bgcolor=#CCFF33] [border: (1px outset #000000)]
        RenderTableSection {TBODY} at (1,1) size 782x42
          RenderTableRow {TR} at (0,2) size 782x38
            RenderTableCell {TD} at (2,19) size 16x4 [border: (1px inset #000000)] [r=0 c=0 rs=1 cs=1]
            RenderTableCell {TD} at (20,2) size 742x38 [border: (1px inset #000000)] [r=0 c=1 rs=1 cs=1]
            RenderTableCell {TD} at (764,19) size 16x4 [border: (1px inset #000000)] [r=0 c=2 rs=1 cs=1]
layer at (20,28) size 760x34 clip at (21,29) size 758x32
  RenderTextControl {TEXTAREA} at (0,0) size 760x34 [bgcolor=#FFFFFF] [border: (1px solid #3C3C4399)]
    RenderBlock {DIV} at (6,3) size 748x14
      RenderText {#text} at (0,0) size 21x14
        text run at (0,0) width 21: "test"
layer at (20,82) size 760x34 clip at (21,83) size 758x32
  RenderTextControl {TEXTAREA} at (0,0) size 760x34 [bgcolor=#FFFFFF] [border: (1px solid #3C3C4399)]
    RenderBlock {DIV} at (6,3) size 748x14
      RenderText {#text} at (0,0) size 21x14
        text run at (0,0) width 21: "test"
layer at (24,138) size 752x34 clip at (25,139) size 750x32
  RenderTextControl {TEXTAREA} at (0,0) size 752x34 [bgcolor=#FFFFFF] [border: (1px solid #3C3C4399)]
    RenderBlock {DIV} at (6,3) size 740x14
      RenderText {#text} at (0,0) size 21x14
        text run at (0,0) width 21: "test"
layer at (24,196) size 752x34 clip at (25,197) size 750x32
  RenderTextControl {TEXTAREA} at (0,0) size 752x34 [bgcolor=#FFFFFF] [border: (1px solid #3C3C4399)]
    RenderBlock {DIV} at (6,3) size 740x14
      RenderText {#text} at (0,0) size 21x14
        text run at (0,0) width 21: "test"
layer at (27,255) size 746x34 clip at (28,256) size 744x32
  RenderTextControl {TEXTAREA} at (1,1) size 746x34 [bgcolor=#FFFFFF] [border: (1px solid #3C3C4399)]
    RenderBlock {DIV} at (6,3) size 734x14
      RenderText {#text} at (0,0) size 21x14
        text run at (0,0) width 21: "test"
layer at (27,315) size 746x34 clip at (28,316) size 744x32
  RenderTextControl {TEXTAREA} at (1,1) size 746x34 [bgcolor=#FFFFFF] [border: (1px solid #3C3C4399)]
    RenderBlock {DIV} at (6,3) size 734x14
      RenderText {#text} at (0,0) size 21x14
        text run at (0,0) width 21: "test"
layer at (24,374) size 752x34 clip at (25,375) size 750x32
  RenderTextControl {TEXTAREA} at (1,1) size 752x34 [bgcolor=#FFFFFF] [border: (1px solid #3C3C4399)]
    RenderBlock {DIV} at (6,3) size 740x14
      RenderText {#text} at (0,0) size 21x14
        text run at (0,0) width 21: "test"
layer at (27,433) size 746x34 clip at (28,434) size 744x32
  RenderTextControl {TEXTAREA} at (2,2) size 746x34 [bgcolor=#FFFFFF] [border: (1px solid #3C3C4399)]
    RenderBlock {DIV} at (6,3) size 734x14
      RenderText {#text} at (0,0) size 21x14
        text run at (0,0) width 21: "test"
layer at (31,495) size 738x34 clip at (32,496) size 736x32
  RenderTextControl {TEXTAREA} at (2,2) size 738x34 [bgcolor=#FFFFFF] [border: (1px solid #3C3C4399)]
    RenderBlock {DIV} at (6,3) size 726x14
      RenderText {#text} at (0,0) size 21x14
        text run at (0,0) width 21: "test"
