layer at (0,0) size 800x600
  RenderView at (0,0) size 800x600
layer at (0,0) size 800x600
  RenderBlock {HTML} at (0,0) size 800x600
    RenderBody {BODY} at (8,8) size 784x584
      RenderBlock {CENTER} at (0,0) size 784x380
        RenderTable {TABLE} at (0,0) size 784x380
          RenderTableSection {TBODY} at (0,0) size 784x380
            RenderTableRow {TR} at (0,0) size 784x66
              RenderTableCell {TD} at (0,7) size 784x51 [r=0 c=0 rs=1 cs=1]
                RenderBlock {H2} at (0,0) size 784x30
                  RenderInline {FONT} at (0,0) size 90x28
                    RenderText {#text} at (347,1) size 90x28
                      text run at (347,1) width 90: "EET 304"
            RenderTableRow {TR} at (0,65) size 784x22
              RenderTableCell {TD} at (0,67) size 784x17 [r=1 c=0 rs=1 cs=1]
                RenderBlock {P} at (0,0) size 784x16
                  RenderInline {FONT} at (0,0) size 32x15
                    RenderInline {A} at (0,0) size 32x15 [color=#0000EE]
                      RenderText {#text} at (376,0) size 32x15
                        text run at (376,0) width 32: "Home"
            RenderTableRow {TR} at (0,86) size 784x33
              RenderTableCell {TD} at (0,94) size 784x17 [r=2 c=0 rs=1 cs=1]
                RenderInline {A} at (0,0) size 104x20 [color=#0000EE]
                  RenderInline {FONT} at (0,0) size 104x16
                    RenderText {#text} at (340,-1) size 104x16
                      text run at (340,0) width 104: "Course Information"
            RenderTableRow {TR} at (0,118) size 784x34
              RenderTableCell {TD} at (0,127) size 784x17 [r=3 c=0 rs=1 cs=1]
                RenderInline {A} at (0,0) size 40x20 [color=#0000EE]
                  RenderInline {FONT} at (0,0) size 40x16
                    RenderText {#text} at (372,-1) size 40x16
                      text run at (372,0) width 40: "Lecture"
            RenderTableRow {TR} at (0,151) size 784x34
              RenderTableCell {TD} at (0,159) size 784x17 [r=4 c=0 rs=1 cs=1]
                RenderInline {A} at (0,0) size 0x20 [color=#0000EE]
                  RenderInline {FONT} at (0,0) size 0x0
                RenderInline {A} at (0,0) size 60x20 [color=#0000EE]
                  RenderInline {FONT} at (0,0) size 60x16
                    RenderText {#text} at (362,-1) size 60x16
                      text run at (362,0) width 60: "Homework"
            RenderTableRow {TR} at (0,184) size 784x33
              RenderTableCell {TD} at (0,192) size 784x17 [r=5 c=0 rs=1 cs=1]
                RenderInline {A} at (0,0) size 42x20 [color=#0000EE]
                  RenderInline {FONT} at (0,0) size 42x16
                    RenderText {#text} at (371,-1) size 42x16
                      text run at (371,0) width 42: "Quizzes"
            RenderTableRow {TR} at (0,216) size 784x34
              RenderTableCell {TD} at (0,225) size 784x17 [r=6 c=0 rs=1 cs=1]
                RenderInline {FONT} at (0,0) size 36x16 [color=#0000FF]
                  RenderInline {A} at (0,0) size 36x16 [color=#0000EE]
                    RenderText {#text} at (374,-1) size 36x16
                      text run at (374,0) width 36: "Exams"
            RenderTableRow {TR} at (0,249) size 784x34
              RenderTableCell {TD} at (0,257) size 784x17 [r=7 c=0 rs=1 cs=1]
                RenderInline {A} at (0,0) size 0x20 [color=#0000EE]
                  RenderInline {FONT} at (0,0) size 0x0
                RenderInline {A} at (0,0) size 58x20 [color=#0000EE]
                  RenderInline {FONT} at (0,0) size 58x16
                    RenderText {#text} at (363,-1) size 21x16
                      text run at (363,0) width 21: "Lab"
                    RenderInline {U} at (0,0) size 38x16
                      RenderText {#text} at (383,-1) size 38x16
                        text run at (383,0) width 38: "oratory"
            RenderTableRow {TR} at (0,282) size 784x33
              RenderTableCell {TD} at (0,290) size 784x17 [r=8 c=0 rs=1 cs=1]
                RenderInline {A} at (0,0) size 38x20 [color=#0000EE]
                  RenderInline {U} at (0,0) size 38x20
                    RenderInline {FONT} at (0,0) size 38x16
                      RenderText {#text} at (373,-1) size 38x16
                        text run at (373,0) width 38: "Grades"
            RenderTableRow {TR} at (0,314) size 784x34
              RenderTableCell {TD} at (0,323) size 784x16 [r=9 c=0 rs=1 cs=1]
                RenderInline {FONT} at (0,0) size 70x16
                  RenderInline {A} at (0,0) size 70x16 [color=#0000EE]
                    RenderText {#text} at (357,-1) size 70x16
                      text run at (357,0) width 33: "Filter "
                      text run at (389,0) width 38: "Design"
            RenderTableRow {TR} at (0,347) size 784x33
              RenderTableCell {TD} at (0,355) size 784x17 [r=10 c=0 rs=1 cs=1]
                RenderInline {FONT} at (0,0) size 68x16
                  RenderInline {U} at (0,0) size 68x16
                    RenderInline {A} at (0,0) size 68x16 [color=#0000EE]
                      RenderText {#text} at (358,-1) size 68x16
                        text run at (358,0) width 37: "Office "
                        text run at (394,0) width 32: "Hours"
