layer at (0,0) size 800x600
  RenderView at (0,0) size 800x600
layer at (0,0) size 800x600
  RenderBlock {HTML} at (0,0) size 800x600
    RenderBody {BODY} at (8,8) size 784x584
      RenderTable {TABLE} at (0,0) size 164x58
        RenderTableSection {TBODY} at (0,0) size 164x58
          RenderTableRow {TR} at (0,2) size 164x54
            RenderTableCell {TD} at (2,2) size 160x54 [r=0 c=0 rs=1 cs=1]
              RenderBlock (anonymous) at (1,1) size 158x0
                RenderInline {SPAN} at (0,0) size 0x0
                  RenderText {#text} at (0,0) size 0x0
                  RenderInline {SPAN} at (0,0) size 0x0
                    RenderText {#text} at (0,0) size 0x0
                    RenderText {#text} at (0,0) size 0x0
              RenderBlock (anonymous) at (1,1) size 158x52
                RenderTable {TABLE} at (0,0) size 158x52
                  RenderTableSection {TBODY} at (0,0) size 158x52
                    RenderTableRow {TR} at (0,2) size 158x48
                      RenderTableCell {TD} at (2,2) size 154x48 [r=0 c=0 rs=1 cs=1]
                        RenderTable {TABLE} at (1,1) size 152x46
                          RenderTableSection {TBODY} at (0,0) size 152x46
                            RenderTableRow {TR} at (0,2) size 152x42
                              RenderTableCell {TD} at (2,2) size 148x42 [r=0 c=0 rs=1 cs=1]
                                RenderBlock {FORM} at (1,1) size 146x24
                                  RenderButton {INPUT} at (2,2) size 142x20 [color=#FFFFFF] [bgcolor=#167AFF]
                                    RenderBlock (anonymous) at (11,3) size 120x14
                                      RenderText at (0,0) size 120x14
                                        text run at (0,0) width 120: "ApplyForThisPosition"
                                  RenderText {#text} at (0,0) size 0x0
              RenderBlock (anonymous) at (1,53) size 158x0
                RenderInline {SPAN} at (0,0) size 0x0
                  RenderInline {SPAN} at (0,0) size 0x0
                  RenderText {#text} at (0,0) size 0x0
                RenderText {#text} at (0,0) size 0x0
