layer at (0,0) size 800x2036
  RenderView at (0,0) size 800x600
layer at (0,0) size 800x2036
  RenderBlock {HTML} at (0,0) size 800x2036
    RenderBody {BODY} at (0,0) size 800x2036 [bgcolor=#53799F]
      RenderBlock {CENTER} at (0,0) size 800x2036
        RenderBlock (anonymous) at (0,0) size 800x20
          RenderBR {BR} at (400,0) size 0x19
        RenderTable {TABLE} at (20,20) size 760x1996 [border: (1px solid #000000)]
          RenderTableSection {TBODY} at (1,1) size 758x1994
            RenderTableRow {TR} at (0,0) size 758x22
              RenderTableCell {TD} at (0,0) size 758x22 [bgcolor=#3F5694] [border: (1px solid #000000)] [r=0 c=0 rs=1 cs=1]
                RenderText {#text} at (360,1) size 38x19
                  text run at (360,1) width 38: "News"
            RenderTableRow {TR} at (0,22) size 758x42
              RenderTableCell {TD} at (0,22) size 758x42 [border: (1px solid #000000)] [r=1 c=0 rs=1 cs=1]
                RenderInline {B} at (0,0) size 98x19
                  RenderText {#text} at (330,1) size 98x19
                    text run at (330,1) width 98: "11. M\x{E4}rz 2002"
                RenderBR {BR} at (427,1) size 1x19
                RenderText {#text} at (60,21) size 638x19
                  text run at (60,21) width 499: "nun gibt es auch eine kommerzielle Version vom PopUp-Manager, mehr Info "
                  text run at (558,21) width 140: "unter komerz. Scripte"
            RenderTableRow {TR} at (0,64) size 758x42
              RenderTableCell {TD} at (0,64) size 758x42 [border: (1px solid #000000)] [r=2 c=0 rs=1 cs=1]
                RenderInline {B} at (0,0) size 94x19
                  RenderText {#text} at (332,1) size 94x19
                    text run at (332,1) width 94: "09.M\x{E4}rz 2002"
                  RenderBR {BR} at (425,1) size 1x19
                RenderText {#text} at (172,21) size 414x19
                  text run at (172,21) width 414: "neues Script ist online, PopUp-Manager, mehr Info unter Scripte"
            RenderTableRow {TR} at (0,106) size 758x42
              RenderTableCell {TD} at (0,106) size 758x42 [border: (1px solid #000000)] [r=3 c=0 rs=1 cs=1]
                RenderText {#text} at (315,1) size 128x19
                  text run at (315,1) width 128: "17. November 2001"
                RenderBR {BR} at (442,1) size 1x19
                RenderText {#text} at (294,21) size 170x19
                  text run at (294,21) width 170: "Endlich wieder Online! :-)"
            RenderTableRow {TR} at (0,148) size 758x182
              RenderTableCell {TD} at (0,148) size 758x182 [border: (1px solid #000000)] [r=4 c=0 rs=1 cs=1]
                RenderText {#text} at (282,1) size 194x19
                  text run at (282,1) width 194: "23. Oktober 2001 (21:00 Uhr)"
                RenderBR {BR} at (475,1) size 1x19
                RenderText {#text} at (324,21) size 110x19
                  text run at (324,21) width 110: "Es ist vollbracht!"
                RenderBR {BR} at (433,21) size 1x19
                RenderText {#text} at (217,41) size 324x19
                  text run at (217,41) width 324: "Ich habe nun den .htaccess-BUG bei den Scripten:"
                RenderBR {BR} at (540,41) size 1x19
                RenderText {#text} at (116,61) size 526x19
                  text run at (116,61) width 526: "The Real Topsites, Sponsor Manager, Download Manager und Password Manager"
                RenderBR {BR} at (641,61) size 1x19
                RenderText {#text} at (131,81) size 496x19
                  text run at (131,81) width 435: "abgeschafft, brauchte 2 Tage daf\x{FC}r, dabei lag der Fehler vor meiner "
                  text run at (565,81) width 62: "Nase ! :-)"
                RenderBR {BR} at (626,81) size 1x19
                RenderText {#text} at (10,101) size 738x79
                  text run at (10,101) width 383: "F\x{FC}r Euch hei\x{DF}t es, wenn Ihr eines der Scripte benutzt, ladet "
                  text run at (392,101) width 356: "Euch die admin.cgi runter und vereinbart unbedingt ein"
                  text run at (12,121) width 112: "neues Password! "
                  text run at (123,121) width 460: "Au\x{DF}erdem wurde bei der Toplist die Sache mit dem Button Load/Klick "
                  text run at (582,121) width 164: "um programmiert, f\x{FC}r die"
                  text run at (16,141) width 311: "Leute die den Button Load/Klick Modus haben, "
                  text run at (326,141) width 416: "Ihr m\x{FC}st Euch auch die topsites.cgi laden und im Admin Bereich"
                  text run at (201,161) width 37: "unter "
                  text run at (237,161) width 320: "Modus unten die URL zu Eurem Button angeben!"
            RenderTableRow {TR} at (0,330) size 758x42
              RenderTableCell {TD} at (0,330) size 758x42 [border: (1px solid #000000)] [r=5 c=0 rs=1 cs=1]
                RenderText {#text} at (322,1) size 114x19
                  text run at (322,1) width 114: "22. Oktober 2001"
                RenderBR {BR} at (435,1) size 1x19
                RenderText {#text} at (136,21) size 486x19
                  text run at (136,21) width 439: "Download-Bereich ist vorrerst geschlo\x{DF}en, kommen Sie bitte sp\x{E4}ter "
                  text run at (574,21) width 48: "wieder."
            RenderTableRow {TR} at (0,372) size 758x62
              RenderTableCell {TD} at (0,372) size 758x62 [border: (1px solid #000000)] [r=6 c=0 rs=1 cs=1]
                RenderText {#text} at (282,1) size 194x19
                  text run at (282,1) width 194: "21. Oktober 2001 (22:45 Uhr)"
                RenderBR {BR} at (475,1) size 1x19
                RenderText {#text} at (5,21) size 748x39
                  text run at (5,21) width 416: "OK, sorry f\x{FC}r die Unannehmlichkeiten, aber Ihr m\x{FC}sst Euch nun "
                  text run at (420,21) width 333: "noch mal die Scripte runter laden und die admin.cgi"
                  text run at (84,41) width 143: "erneuern, hier kommt "
                  text run at (226,41) width 448: "noch das Password-Manager-Script dazu, sollte jetzt alles sicher sein!"
                RenderBR {BR} at (673,41) size 1x19
            RenderTableRow {TR} at (0,434) size 758x122
              RenderTableCell {TD} at (0,434) size 758x122 [border: (1px solid #000000)] [r=7 c=0 rs=1 cs=1]
                RenderText {#text} at (282,1) size 194x19
                  text run at (282,1) width 194: "21. Oktober 2001 (20:50 Uhr)"
                RenderBR {BR} at (475,1) size 1x19
                RenderText {#text} at (183,21) size 392x19
                  text run at (183,21) width 392: "An alle Leute die follgende Scripte von G5-Scripts benutzen:"
                RenderBR {BR} at (574,21) size 1x19
                RenderText {#text} at (195,41) size 368x19
                  text run at (195,41) width 368: "The Real Topsites, Download Counter, Sponsor Manager"
                RenderBR {BR} at (562,41) size 1x19
                RenderText {#text} at (35,61) size 688x19
                  text run at (35,61) width 477: "bitte noch ein mal runter laden und die admin.cgi erneuern, beim Sponsor "
                  text run at (511,61) width 212: "Manager kommt noch eine Datei"
                RenderBR {BR} at (722,61) size 1x19
                RenderText {#text} at (319,81) size 120x19
                  text run at (319,81) width 120: "'variable.pl' dazu!!"
                RenderBR {BR} at (438,81) size 1x19
                RenderText {#text} at (85,101) size 588x19
                  text run at (85,101) width 482: "Der Grund : man hat festgestellt das .htaccess Password Schutz doch nicht "
                  text run at (566,101) width 107: "das sicherste ist!"
            RenderTableRow {TR} at (0,556) size 758x198
              RenderTableCell {TD} at (0,556) size 758x198 [border: (1px solid #000000)] [r=8 c=0 rs=1 cs=1]
                RenderBlock {P} at (1,1) size 756x140
                  RenderText {#text} at (321,0) size 114x19
                    text run at (321,0) width 114: "13. Oktober 2001"
                  RenderBR {BR} at (434,0) size 1x19
                  RenderText {#text} at (92,20) size 572x19
                    text run at (92,20) width 492: "Ich habe es nun endlich geschafft das Gateway bei der Toplist mit IP-Sperre "
                    text run at (583,20) width 81: "zu versehen,"
                  RenderBR {BR} at (663,20) size 1x19
                  RenderText {#text} at (11,40) size 734x19
                    text run at (11,40) width 451: "dabei war der Fehler den ich vorher nicht verstand eine simple Sache, "
                    text run at (461,40) width 284: "h\x{E4}tte ich doch ein wenig mehr nachgedacht!"
                  RenderBR {BR} at (744,40) size 1x19
                  RenderText {#text} at (14,60) size 728x79
                    text run at (14,60) width 437: "Des weiteren habe ich noch die Datensicherung umgeschrieben, f\x{FC}r "
                    text run at (450,60) width 292: "alle die Listen deren Hits ab und zu mal auf 0"
                    text run at (25,80) width 144: "gesetzt werden, sollte "
                    text run at (168,80) width 463: "jetzt nicht mehr passieren und ich habe noch den Mail Versand aus dem "
                    text run at (630,80) width 101: "Admin-Bereich"
                    text run at (29,100) width 355: "umgeschrieben und zwar wurde fr\x{FC}her der Text immer "
                    text run at (383,100) width 344: "zusammen gequetscht, die Enters wurden so zu sagen"
                    text run at (293,120) width 96: "ignoriert, jetzt "
                    text run at (388,120) width 75: "nicht mehr!"
                RenderBlock {P} at (1,157) size 756x40
                  RenderText {#text} at (9,0) size 738x39
                    text run at (9,0) width 380: ">> F\x{FC}r alle die das Script vor dem 11.10.01 runter geladen "
                    text run at (388,0) width 359: "haben, Ihr solltet es Euch noch mal runter laden und die"
                    text run at (145,20) width 123: "folgenden Dateien "
                    text run at (267,20) width 344: "durch die neuen ersetzen: topsites.cgi und admin.cgi ."
            RenderTableRow {TR} at (0,754) size 758x42
              RenderTableCell {TD} at (0,754) size 758x42 [border: (1px solid #000000)] [r=9 c=0 rs=1 cs=1]
                RenderText {#text} at (323,1) size 112x19
                  text run at (323,1) width 112: "11. Oktober 2001"
                RenderBR {BR} at (434,1) size 1x19
                RenderText {#text} at (132,21) size 494x19
                  text run at (132,21) width 494: "neues Script ist online, .htaccess-Password-Manager, mehr Info unter Scripte"
            RenderTableRow {TR} at (0,796) size 758x42
              RenderTableCell {TD} at (0,796) size 758x42 [border: (1px solid #000000)] [r=10 c=0 rs=1 cs=1]
                RenderText {#text} at (314,1) size 130x19
                  text run at (314,1) width 130: "08. September 2001"
                RenderBR {BR} at (443,1) size 1x19
                RenderText {#text} at (211,21) size 336x19
                  text run at (211,21) width 336: "Eine neu Version des Download Counters ist online!"
            RenderTableRow {TR} at (0,838) size 758x62
              RenderTableCell {TD} at (0,838) size 758x62 [border: (1px solid #000000)] [r=11 c=0 rs=1 cs=1]
                RenderText {#text} at (326,1) size 106x19
                  text run at (326,1) width 106: "11. August 2001"
                RenderBR {BR} at (431,1) size 1x19
                RenderText {#text} at (40,21) size 678x19
                  text run at (40,21) width 453: "Ich habe so eben eine random.cgi f\x{FC}r den Topsites Script geschrieben. "
                  text run at (492,21) width 226: "Die random.cgi f\x{FC}hrt den Besucher"
                RenderBR {BR} at (717,21) size 1x19
                RenderText {#text} at (265,41) size 228x19
                  text run at (265,41) width 228: "auf eine zuf\x{E4}llig ausgew\x{E4}hlte Seite."
            RenderTableRow {TR} at (0,900) size 758x62
              RenderTableCell {TD} at (0,900) size 758x62 [border: (1px solid #000000)] [r=12 c=0 rs=1 cs=1]
                RenderText {#text} at (325,1) size 108x19
                  text run at (325,1) width 108: "08. August 2001"
                RenderBR {BR} at (432,1) size 1x19
                RenderText {#text} at (106,21) size 546x19
                  text run at (106,21) width 469: "Ich schreibe gerade eine neue Version von dem Download Counter, bitte "
                  text run at (574,21) width 78: "schreibt mir"
                RenderBR {BR} at (651,21) size 1x19
                RenderText {#text} at (197,41) size 364x19
                  text run at (197,41) width 364: "ins Forum was Ihr da alles haben wollt, wer das benutzt!"
            RenderTableRow {TR} at (0,962) size 758x62
              RenderTableCell {TD} at (0,962) size 758x62 [border: (1px solid #000000)] [r=13 c=0 rs=1 cs=1]
                RenderText {#text} at (337,1) size 84x19
                  text run at (337,1) width 84: "09. Juli 2001"
                RenderBR {BR} at (420,1) size 1x19
                RenderText {#text} at (24,21) size 710x39
                  text run at (24,21) width 456: "eine kleiner Bug in der Topsites.cgi wurde behoben! Wer m\x{F6}chte kann "
                  text run at (479,21) width 255: "sich die jetzige Zip runter laden und die"
                  text run at (192,41) width 175: "topsites.cgi auktualisieren, "
                  text run at (366,41) width 200: "mu\x{DF} aber nicht unbedingt sein!"
            RenderTableRow {TR} at (0,1024) size 758x62
              RenderTableCell {TD} at (0,1024) size 758x62 [border: (1px solid #000000)] [r=14 c=0 rs=1 cs=1]
                RenderText {#text} at (337,1) size 84x19
                  text run at (337,1) width 84: "01. Juli 2001"
                RenderBR {BR} at (420,1) size 1x19
                RenderText {#text} at (92,21) size 574x19
                  text run at (92,21) width 507: "Jetzt haben wir einen Support Forum, postet Eure Fragen da rein und versuche "
                  text run at (598,21) width 68: "Sie alle zu"
                RenderBR {BR} at (665,21) size 1x19
                RenderText {#text} at (67,41) size 624x19
                  text run at (67,41) width 397: "beantworten! Au\x{DF}erdem k\x{F6}nnt Ihr dort auch Eure Vorschl\x{E4}ge "
                  text run at (463,41) width 228: "zu den einzelnen Scripten abgeben!"
            RenderTableRow {TR} at (0,1086) size 758x62
              RenderTableCell {TD} at (0,1086) size 758x62 [border: (1px solid #000000)] [r=15 c=0 rs=1 cs=1]
                RenderText {#text} at (337,1) size 84x19
                  text run at (337,1) width 84: "01. Juli 2001"
                RenderBR {BR} at (420,1) size 1x19
                RenderText {#text} at (122,21) size 514x19
                  text run at (122,21) width 489: "Und wieder eine neue Version von The Real Topsites ist online, die Version "
                  text run at (610,21) width 26: "3.4!"
                RenderBR {BR} at (635,21) size 1x19
                RenderText {#text} at (155,41) size 448x19
                  text run at (155,41) width 448: "Es gibt einige neue Funktionen und es wurde auch einiges verbessert!"
            RenderTableRow {TR} at (0,1148) size 758x62
              RenderTableCell {TD} at (0,1148) size 758x62 [border: (1px solid #000000)] [r=16 c=0 rs=1 cs=1]
                RenderText {#text} at (335,1) size 88x19
                  text run at (335,1) width 88: "20. Juni 2001"
                RenderBR {BR} at (422,1) size 1x19
                RenderText {#text} at (134,21) size 490x19
                  text run at (134,21) width 458: "unser Hoster hat ein paar kleine Probleme also sollte irgend was an der "
                  text run at (591,21) width 33: "Seite"
                RenderBR {BR} at (623,21) size 1x19
                RenderText {#text} at (253,41) size 252x19
                  text run at (253,41) width 252: "nicht gehen, einfach wieder versuchen!"
            RenderTableRow {TR} at (0,1210) size 758x102
              RenderTableCell {TD} at (0,1210) size 758x102 [border: (1px solid #000000)] [r=17 c=0 rs=1 cs=1]
                RenderText {#text} at (335,1) size 88x19
                  text run at (335,1) width 88: "09. Juni 2001"
                RenderBR {BR} at (422,1) size 1x19
                RenderText {#text} at (99,21) size 560x19
                  text run at (99,21) width 453: "Die neue Version (3.3) von The Real Topsites ist online, es gibt einige "
                  text run at (551,21) width 108: "neue Funktionen"
                RenderBR {BR} at (658,21) size 1x19
                RenderText {#text} at (259,41) size 240x19
                  text run at (259,41) width 240: "und es wurde auch einiges ver\x{E4}ndert!"
                RenderBR {BR} at (498,41) size 1x19
                RenderText {#text} at (248,61) size 262x19
                  text run at (248,61) width 262: "Mehr Info unter \"Perl Scripte\" im Men\x{FC}."
                RenderBR {BR} at (509,61) size 1x19
                RenderText {#text} at (165,81) size 428x19
                  text run at (165,81) width 428: "P.S. den Umstieg auf die Version3.3 kann ich Euch nur empfehlen!"
            RenderTableRow {TR} at (0,1312) size 758x82
              RenderTableCell {TD} at (0,1312) size 758x82 [border: (1px solid #000000)] [r=18 c=0 rs=1 cs=1]
                RenderText {#text} at (335,1) size 88x19
                  text run at (335,1) width 88: "04. Juni 2001"
                RenderBR {BR} at (422,1) size 1x19
                RenderText {#text} at (146,21) size 466x19
                  text run at (146,21) width 466: "Ein kleiner Bug bei Topsites Script wurde gefunden und sofort behoben!"
                RenderBR {BR} at (611,21) size 1x19
                RenderText {#text} at (152,41) size 454x19
                  text run at (152,41) width 454: "Bug: es wurde immer wieder die selbe Site Of The Moment angezeigt!"
                RenderBR {BR} at (605,41) size 1x19
                RenderText {#text} at (155,61) size 448x19
                  text run at (155,61) width 443: "Ladet Euch die jetzige Version runter und ersetzt nur die topsites.cgi "
                  text run at (597,61) width 6: "!"
            RenderTableRow {TR} at (0,1394) size 758x62
              RenderTableCell {TD} at (0,1394) size 758x62 [border: (1px solid #000000)] [r=19 c=0 rs=1 cs=1]
                RenderText {#text} at (335,1) size 88x19
                  text run at (335,1) width 88: "01. Juni 2001"
                RenderBR {BR} at (422,1) size 1x19
                RenderText {#text} at (225,21) size 308x19
                  text run at (225,21) width 308: "Ein neues Script ist online! G5-ICQ Newsletter."
                RenderBR {BR} at (532,21) size 1x19
                RenderText {#text} at (248,41) size 262x19
                  text run at (248,41) width 262: "Mehr Info unter \"Perl Scripte\" im Men\x{FC}."
            RenderTableRow {TR} at (0,1456) size 758x62
              RenderTableCell {TD} at (0,1456) size 758x62 [border: (1px solid #000000)] [r=20 c=0 rs=1 cs=1]
                RenderText {#text} at (336,1) size 86x19
                  text run at (336,1) width 86: "31. Mai 2001"
                RenderBR {BR} at (421,1) size 1x19
                RenderText {#text} at (167,21) size 424x19
                  text run at (167,21) width 424: "Ich habe einen ICQ-Newsletter Script installiert, unter dem Men\x{FC}."
                RenderBR {BR} at (590,21) size 1x19
                RenderText {#text} at (187,41) size 384x19
                  text run at (187,41) width 384: "Tragt Euch ein, dann seit Ihr immer auf dem neusten Stand!"
            RenderTableRow {TR} at (0,1518) size 758x42
              RenderTableCell {TD} at (0,1518) size 758x42 [border: (1px solid #000000)] [r=21 c=0 rs=1 cs=1]
                RenderText {#text} at (336,1) size 86x19
                  text run at (336,1) width 86: "26. Mai 2001"
                RenderBR {BR} at (421,1) size 1x19
                RenderText {#text} at (271,21) size 216x19
                  text run at (271,21) width 216: "The Real Topsites v3.0 ist online!"
            RenderTableRow {TR} at (0,1560) size 758x62
              RenderTableCell {TD} at (0,1560) size 758x62 [border: (1px solid #000000)] [r=22 c=0 rs=1 cs=1]
                RenderText {#text} at (336,1) size 86x19
                  text run at (336,1) width 86: "25. Mai 2001"
                RenderBR {BR} at (421,1) size 1x19
                RenderText {#text} at (215,21) size 328x19
                  text run at (215,21) width 328: "Ein neues Script ist online! G5-Download Counter."
                RenderBR {BR} at (542,21) size 1x19
                RenderText {#text} at (248,41) size 262x19
                  text run at (248,41) width 262: "Mehr Info unter \"Perl Scripte\" im Men\x{FC}."
            RenderTableRow {TR} at (0,1622) size 758x102
              RenderTableCell {TD} at (0,1622) size 758x102 [border: (1px solid #000000)] [r=23 c=0 rs=1 cs=1]
                RenderText {#text} at (336,1) size 86x19
                  text run at (336,1) width 86: "24. Mai 2001"
                RenderBR {BR} at (421,1) size 1x19
                RenderText {#text} at (124,21) size 510x19
                  text run at (124,21) width 433: "Ich habe es mir sehr lange \x{FC}berlegt, die Entscheidung war wirklich "
                  text run at (556,21) width 78: "nicht leicht!"
                RenderBR {BR} at (633,21) size 1x19
                RenderText {#text} at (100,41) size 558x19
                  text run at (100,41) width 408: "Ich habe mich entschieden den Script \"The Real Topsites\" zum "
                  text run at (507,41) width 151: "Download freizugeben."
                RenderBR {BR} at (657,41) size 1x19
                RenderText {#text} at (231,61) size 296x19
                  text run at (231,61) width 296: "Ihr k\x{F6}nnt es Euch jetzt kostenlos runter laden!"
                RenderBR {BR} at (526,61) size 1x19
                RenderText {#text} at (324,81) size 110x19
                  text run at (324,81) width 110: "Viel Spa\x{DF} damit!"
            RenderTableRow {TR} at (0,1724) size 758x62
              RenderTableCell {TD} at (0,1724) size 758x62 [border: (1px solid #000000)] [r=24 c=0 rs=1 cs=1]
                RenderText {#text} at (336,1) size 86x19
                  text run at (336,1) width 86: "13. Mai 2001"
                RenderBR {BR} at (421,1) size 1x19
                RenderText {#text} at (10,21) size 738x39
                  text run at (10,21) width 470: "Es gab nur eine kleine Ver\x{E4}nderung bei G5-Sponsor-Manager, man kann "
                  text run at (479,21) width 269: "den Script jetzt auch via Java aufrufen, so"
                  text run at (71,41) width 174: "das Euer Server jetzt nicht "
                  text run at (244,41) width 371: "unbedingt SSI unterst\x{FC}tzen mu\x{DF} um den Script ausf\x{FC}hren "
                  text run at (614,41) width 73: "zu k\x{F6}nnen!"
            RenderTableRow {TR} at (0,1786) size 758x62
              RenderTableCell {TD} at (0,1786) size 758x62 [border: (1px solid #000000)] [r=25 c=0 rs=1 cs=1]
                RenderText {#text} at (332,1) size 94x19
                  text run at (332,1) width 94: "22. April 2001"
                RenderBR {BR} at (425,1) size 1x19
                RenderText {#text} at (219,21) size 320x19
                  text run at (219,21) width 320: "Ein neues Script ist online! G5-Sponsor-Manager."
                RenderBR {BR} at (538,21) size 1x19
                RenderText {#text} at (248,41) size 262x19
                  text run at (248,41) width 262: "Mehr Info unter \"Perl Scripte\" im Men\x{FC}."
            RenderTableRow {TR} at (0,1848) size 758x82
              RenderTableCell {TD} at (0,1848) size 758x82 [border: (1px solid #000000)] [r=26 c=0 rs=1 cs=1]
                RenderText {#text} at (332,1) size 94x19
                  text run at (332,1) width 94: "20. April 2001"
                RenderBR {BR} at (425,1) size 1x19
                RenderText {#text} at (205,21) size 348x19
                  text run at (205,21) width 348: "Auf einige Anfragen habe ich eine Demonstration von"
                RenderBR {BR} at (552,21) size 1x19
                RenderText {#text} at (216,41) size 326x19
                  text run at (216,41) width 326: "\"The Real Topsites\" (Toplist Script) ver\x{F6}ffentlicht!"
                RenderBR {BR} at (541,41) size 1x19
                RenderText {#text} at (248,61) size 262x19
                  text run at (248,61) width 262: "Mehr Info unter \"Perl Scripte\" im Men\x{FC}."
            RenderTableRow {TR} at (0,1930) size 758x42
              RenderTableCell {TD} at (0,1930) size 758x42 [border: (1px solid #000000)] [r=27 c=0 rs=1 cs=1]
                RenderText {#text} at (332,1) size 94x19
                  text run at (332,1) width 94: "13. M\x{E4}rz 2001"
                RenderBR {BR} at (425,1) size 1x19
                RenderText {#text} at (234,21) size 290x19
                  text run at (234,21) width 290: "An diesem Tag ging die G5-Script.de online!"
            RenderTableRow {TR} at (0,1972) size 758x22
              RenderTableCell {TD} at (0,1972) size 758x22 [border: (1px solid #000000)] [r=28 c=0 rs=1 cs=1]
                RenderText {#text} at (377,1) size 4x19
                  text run at (377,1) width 4: " "
        RenderBlock (anonymous) at (0,2016) size 800x20
          RenderBR {BR} at (400,0) size 0x19
