layer at (0,0) size 800x600
  RenderView at (0,0) size 800x600
layer at (0,0) size 800x600
  RenderBlock {HTML} at (0,0) size 800x600
    RenderBody {BODY} at (8,8) size 784x584
      RenderTable {TABLE} at (0,0) size 149x74 [border: (1px outset #808080)]
        RenderTableSection {TBODY} at (1,1) size 147x72
          RenderTableRow {TR} at (0,2) size 147x24
            RenderTableCell {TD} at (2,2) size 143x24 [border: (1px inset #808080)] [r=0 c=0 rs=1 cs=1]
              RenderText {#text} at (2,2) size 113x19
                text run at (2,2) width 113: "cell of outer table"
          RenderTableRow {TR} at (0,28) size 147x42
            RenderTableCell {TD} at (2,28) size 143x42 [border: (1px inset #808080)] [r=1 c=0 rs=1 cs=1]
              RenderTable {TABLE} at (2,2) size 139x38 [border: (5px outset #808080)]
                RenderTableSection {TBODY} at (5,5) size 129x28
                  RenderTableRow {TR} at (0,2) size 129x24
                    RenderTableCell {TD} at (2,2) size 125x24 [border: (1px inset #808080)] [r=0 c=0 rs=1 cs=1]
                      RenderText {#text} at (2,2) size 121x19
                        text run at (2,2) width 121: "cell of nested table"
      RenderBlock (anonymous) at (0,74) size 784x20
        RenderBR {BR} at (0,0) size 0x19
      RenderBlock {HR} at (0,102) size 202x2 [border: (1px inset #000000)]
      RenderBlock (anonymous) at (0,112) size 784x20
        RenderText {#text} at (0,0) size 220x19
          text run at (0,0) width 220: "nested table width includes border"
      RenderTable {TABLE} at (0,132) size 204x52 [border: (1px outset #808080)]
        RenderTableSection {TBODY} at (1,1) size 202x50
          RenderTableRow {TR} at (0,0) size 202x50
            RenderTableCell {TD} at (0,0) size 202x50 [border: (1px inset #808080)] [r=0 c=0 rs=1 cs=1]
              RenderTable {TABLE} at (1,1) size 200x48 [border: (10px outset #808080)]
                RenderTableSection {TBODY} at (10,10) size 180x28
                  RenderTableRow {TR} at (0,2) size 180x24
                    RenderTableCell {TD} at (2,2) size 176x24 [border: (1px inset #808080)] [r=0 c=0 rs=1 cs=1]
                      RenderText {#text} at (2,2) size 104x19
                        text run at (2,2) width 104: "200 nested table"
      RenderBlock (anonymous) at (0,184) size 784x40
        RenderBR {BR} at (0,0) size 0x19
        RenderText {#text} at (0,20) size 220x19
          text run at (0,20) width 220: "nested table width includes border"
      RenderTable {TABLE} at (0,224) size 140x52 [border: (1px outset #808080)]
        RenderTableSection {TBODY} at (1,1) size 138x50
          RenderTableRow {TR} at (0,0) size 138x50
            RenderTableCell {TD} at (0,0) size 138x50 [border: (1px inset #808080)] [r=0 c=0 rs=1 cs=1]
              RenderTable {TABLE} at (1,1) size 136x48 [border: (10px outset #808080)]
                RenderTableSection {TBODY} at (10,10) size 116x28
                  RenderTableRow {TR} at (0,2) size 116x24
                    RenderTableCell {TD} at (2,2) size 112x24 [border: (1px inset #808080)] [r=0 c=0 rs=1 cs=1]
                      RenderText {#text} at (2,2) size 108x19
                        text run at (2,2) width 108: "auto nested table"
      RenderBlock (anonymous) at (0,276) size 784x40
        RenderBR {BR} at (0,0) size 0x19
        RenderText {#text} at (0,20) size 220x19
          text run at (0,20) width 220: "nested table width includes border"
      RenderTable {TABLE} at (0,316) size 784x32 [border: (5px outset #808080)]
        RenderTableSection {TBODY} at (5,5) size 774x22
          RenderTableRow {TR} at (0,0) size 774x22
            RenderTableCell {TD} at (0,0) size 774x22 [border: (1px inset #808080)] [r=0 c=0 rs=1 cs=1]
              RenderText {#text} at (1,1) size 113x19
                text run at (1,1) width 113: "100% width table"
      RenderBlock (anonymous) at (0,348) size 784x40
        RenderBR {BR} at (0,0) size 0x19
        RenderText {#text} at (0,20) size 220x19
          text run at (0,20) width 220: "nested table width includes border"
      RenderTable {TABLE} at (0,388) size 150x52 [border: (1px outset #808080)]
        RenderTableSection {TBODY} at (1,1) size 148x50
          RenderTableRow {TR} at (0,0) size 148x50
            RenderTableCell {TD} at (0,0) size 148x50 [border: (1px inset #808080)] [r=0 c=0 rs=1 cs=1]
              RenderTable {TABLE} at (1,1) size 146x48 [border: (10px outset #808080)]
                RenderTableSection {TBODY} at (10,10) size 126x28
                  RenderTableRow {TR} at (0,2) size 126x24
                    RenderTableCell {TD} at (2,2) size 122x24 [border: (1px inset #808080)] [r=0 c=0 rs=1 cs=1]
                      RenderText {#text} at (2,2) size 118x19
                        text run at (2,2) width 118: "100% nested table"
