layer at (0,0) size 800x600
  RenderView at (0,0) size 800x600
layer at (0,0) size 800x600
  RenderBlock {HTML} at (0,0) size 800x600
    RenderBody {BODY} at (8,8) size 784x584
      RenderBlock (anonymous) at (0,0) size 784x40
        RenderText {#text} at (0,0) size 267x19
          text run at (0,0) width 267: "Tables: both lines should be 1 pixel thick."
        RenderBR {BR} at (266,0) size 1x19
        RenderBR {BR} at (0,20) size 0x19
      RenderTable {TABLE} at (0,40) size 36x5
        RenderTableSection {TBODY} at (0,0) size 36x5
          RenderTableRow {TR} at (0,2) size 36x1
            RenderTableCell {TD} at (2,2) size 30x1 [bgcolor=#FF0000] [r=0 c=0 rs=1 cs=1]
              RenderImage {IMG} at (0,0) size 30x1
            RenderTableCell {TD} at (34,2) size 0x0 [r=0 c=1 rs=1 cs=1]
      RenderBlock (anonymous) at (0,45) size 784x20
        RenderBR {BR} at (0,0) size 0x19
      RenderTable {TABLE} at (0,65) size 34x5
        RenderTableSection {TBODY} at (0,0) size 34x5
          RenderTableRow {TR} at (0,2) size 34x1
            RenderTableCell {TD} at (2,2) size 30x1 [bgcolor=#FF0000] [r=0 c=0 rs=1 cs=1]
              RenderImage {IMG} at (0,0) size 30x1
      RenderBlock (anonymous) at (0,70) size 784x196
        RenderBR {BR} at (0,0) size 0x19
        RenderBR {BR} at (0,20) size 0x19
        RenderBR {BR} at (0,40) size 0x19
        RenderText {#text} at (0,60) size 402x19
          text run at (0,60) width 223: "2 texts, FACE=\"Arial, Helvetica\", "
          text run at (222,60) width 180: "1st at size=0, 2nd at size=-4"
        RenderBR {BR} at (401,60) size 1x19
        RenderBR {BR} at (0,80) size 0x19
        RenderInline {FONT} at (0,0) size 101x27
          RenderText {#text} at (0,100) size 101x13
            text run at (0,100) width 101: "Detonator 3.53 Drivers"
          RenderBR {BR} at (100,100) size 1x13
          RenderText {#text} at (0,114) size 74x13
            text run at (0,114) width 74: "Available NOW! "
        RenderBR {BR} at (73,109) size 1x19
        RenderBR {BR} at (0,128) size 0x19
        RenderInline {FONT} at (0,0) size 101x27
          RenderText {#text} at (0,148) size 101x13
            text run at (0,148) width 101: "Detonator 3.53 Drivers"
          RenderBR {BR} at (100,148) size 1x13
          RenderText {#text} at (0,162) size 74x13
            text run at (0,162) width 74: "Available NOW! "
        RenderBR {BR} at (73,157) size 1x19
        RenderBR {BR} at (0,176) size 0x19
