layer at (0,0) size 800x1054
  RenderView at (0,0) size 800x600
layer at (0,0) size 800x1054
  RenderBlock {HTML} at (0,0) size 800x1054
    RenderBody {BODY} at (8,8) size 784x1038
      RenderBlock (anonymous) at (0,0) size 784x20
        RenderInline {FONT} at (0,0) size 110x19
          RenderText {#text} at (0,0) size 98x19
            text run at (0,0) width 98: "same line as X "
          RenderInline {A} at (0,0) size 13x19
            RenderText {#text} at (97,0) size 13x19
              text run at (97,0) width 13: "X"
      RenderBlock (anonymous) at (0,20) size 784x30
        RenderTable {TABLE} at (0,0) size 55x30 [border: (1px outset #808080)]
          RenderTableSection {TBODY} at (1,1) size 53x28
            RenderTableRow {TR} at (0,2) size 53x24
              RenderTableCell {TD} at (2,2) size 49x24 [border: (1px inset #808080)] [r=0 c=0 rs=1 cs=1]
                RenderText {#text} at (2,2) size 45x19
                  text run at (2,2) width 45: "table-1"
      RenderBlock (anonymous) at (0,50) size 784x20
        RenderInline {FONT} at (0,0) size 10x19
          RenderInline {A} at (0,0) size 10x19
            RenderText {#text} at (0,0) size 10x19
              text run at (0,0) width 10: "Z"
          RenderInline {FONT} at (0,0) size 0x19
            RenderText {#text} at (0,0) size 0x0
      RenderBlock (anonymous) at (0,78) size 784x2
        RenderBlock {HR} at (0,0) size 784x2 [border: (1px inset #000000)]
      RenderBlock (anonymous) at (0,88) size 784x20
        RenderInline {FONT} at (0,0) size 110x19
          RenderInline {FONT} at (0,0) size 110x19
            RenderInline {FONT} at (0,0) size 110x19
              RenderInline {A} at (0,0) size 12x19
                RenderText {#text} at (0,0) size 12x19
                  text run at (0,0) width 12: "X"
              RenderText {#text} at (11,0) size 99x19
                text run at (11,0) width 99: " same line as X"
      RenderBlock (anonymous) at (0,108) size 784x30
        RenderTable {TABLE} at (0,0) size 55x30 [border: (1px outset #808080)]
          RenderTableSection {TBODY} at (1,1) size 53x28
            RenderTableRow {TR} at (0,2) size 53x24
              RenderTableCell {TD} at (2,2) size 49x24 [border: (1px inset #808080)] [r=0 c=0 rs=1 cs=1]
                RenderText {#text} at (2,2) size 45x19
                  text run at (2,2) width 45: "table-2"
      RenderBlock (anonymous) at (0,138) size 784x20
        RenderInline {FONT} at (0,0) size 10x19
          RenderInline {FONT} at (0,0) size 10x19
            RenderInline {FONT} at (0,0) size 10x19
              RenderInline {A} at (0,0) size 10x19
                RenderText {#text} at (0,0) size 10x19
                  text run at (0,0) width 10: "Z"
              RenderInline {FONT} at (0,0) size 0x19
                RenderText {#text} at (0,0) size 0x0
      RenderBlock (anonymous) at (0,166) size 784x2
        RenderBlock {HR} at (0,0) size 784x2 [border: (1px inset #000000)]
      RenderBlock (anonymous) at (0,176) size 784x20
        RenderInline {FONT} at (0,0) size 12x19
          RenderInline {FONT} at (0,0) size 12x19
            RenderInline {FONT} at (0,0) size 12x19
              RenderInline {FONT} at (0,0) size 12x19
                RenderInline {FONT} at (0,0) size 12x19
                  RenderInline {A} at (0,0) size 12x19
                    RenderText {#text} at (0,0) size 12x19
                      text run at (0,0) width 12: "X"
      RenderBlock (anonymous) at (0,196) size 784x30
        RenderTable {TABLE} at (0,0) size 55x30 [border: (1px outset #808080)]
          RenderTableSection {TBODY} at (1,1) size 53x28
            RenderTableRow {TR} at (0,2) size 53x24
              RenderTableCell {TD} at (2,2) size 49x24 [border: (1px inset #808080)] [r=0 c=0 rs=1 cs=1]
                RenderText {#text} at (2,2) size 45x19
                  text run at (2,2) width 45: "table-3"
      RenderBlock (anonymous) at (0,226) size 784x20
        RenderInline {FONT} at (0,0) size 106x19
          RenderInline {FONT} at (0,0) size 106x19
            RenderInline {FONT} at (0,0) size 106x19
              RenderInline {FONT} at (0,0) size 106x19
                RenderInline {FONT} at (0,0) size 106x19
                  RenderText {#text} at (0,0) size 96x19
                    text run at (0,0) width 96: "same line as Z "
                  RenderInline {A} at (0,0) size 11x19
                    RenderText {#text} at (95,0) size 11x19
                      text run at (95,0) width 11: "Z"
                  RenderInline {FONT} at (0,0) size 0x19
                    RenderText {#text} at (0,0) size 0x0
      RenderBlock (anonymous) at (0,254) size 784x2
        RenderBlock {HR} at (0,0) size 784x2 [border: (1px inset #000000)]
      RenderBlock (anonymous) at (0,264) size 784x20
        RenderInline {FONT} at (0,0) size 104x19
          RenderInline {FONT} at (0,0) size 104x19
            RenderInline {FONT} at (0,0) size 104x19
              RenderInline {FONT} at (0,0) size 104x19
                RenderInline {FONT} at (0,0) size 104x19
                  RenderInline {FONT} at (0,0) size 104x19
                    RenderInline {FONT} at (0,0) size 104x19
                      RenderText {#text} at (0,0) size 104x19
                        text run at (0,0) width 104: "line before table"
      RenderBlock (anonymous) at (0,284) size 784x30
        RenderTable {TABLE} at (0,0) size 55x30 [border: (1px outset #808080)]
          RenderTableSection {TBODY} at (1,1) size 53x28
            RenderTableRow {TR} at (0,2) size 53x24
              RenderTableCell {TD} at (2,2) size 49x24 [border: (1px inset #808080)] [r=0 c=0 rs=1 cs=1]
                RenderText {#text} at (2,2) size 45x19
                  text run at (2,2) width 45: "table-4"
      RenderBlock (anonymous) at (0,314) size 784x20
        RenderInline {FONT} at (0,0) size 10x19
          RenderInline {FONT} at (0,0) size 10x19
            RenderInline {FONT} at (0,0) size 10x19
              RenderInline {FONT} at (0,0) size 10x19
                RenderInline {FONT} at (0,0) size 10x19
                  RenderInline {FONT} at (0,0) size 10x19
                    RenderInline {FONT} at (0,0) size 10x19
                      RenderInline {A} at (0,0) size 10x19
                        RenderText {#text} at (0,0) size 10x19
                          text run at (0,0) width 10: "Z"
                      RenderInline {FONT} at (0,0) size 0x19
                        RenderText {#text} at (0,0) size 0x0
      RenderBlock (anonymous) at (0,342) size 784x2
        RenderBlock {HR} at (0,0) size 784x2 [border: (1px inset #000000)]
      RenderBlock (anonymous) at (0,352) size 784x0
        RenderInline {FONT} at (0,0) size 0x0
          RenderInline {FONT} at (0,0) size 0x0
            RenderInline {FONT} at (0,0) size 0x0
              RenderInline {FONT} at (0,0) size 0x0
                RenderInline {FONT} at (0,0) size 0x0
                  RenderInline {FONT} at (0,0) size 0x0
                    RenderInline {FONT} at (0,0) size 0x0
                      RenderInline {FONT} at (0,0) size 0x0
                        RenderInline {FONT} at (0,0) size 0x0
      RenderBlock (anonymous) at (0,352) size 784x30
        RenderTable {TABLE} at (0,0) size 55x30 [border: (1px outset #808080)]
          RenderTableSection {TBODY} at (1,1) size 53x28
            RenderTableRow {TR} at (0,2) size 53x24
              RenderTableCell {TD} at (2,2) size 49x24 [border: (1px inset #808080)] [r=0 c=0 rs=1 cs=1]
                RenderText {#text} at (2,2) size 45x19
                  text run at (2,2) width 45: "table-5"
      RenderBlock (anonymous) at (0,382) size 784x20
        RenderInline {FONT} at (0,0) size 107x19
          RenderInline {FONT} at (0,0) size 107x19
            RenderInline {FONT} at (0,0) size 107x19
              RenderInline {FONT} at (0,0) size 107x19
                RenderInline {FONT} at (0,0) size 107x19
                  RenderInline {FONT} at (0,0) size 107x19
                    RenderInline {FONT} at (0,0) size 107x19
                      RenderInline {FONT} at (0,0) size 107x19
                        RenderInline {FONT} at (0,0) size 107x19
                          RenderText {#text} at (0,0) size 97x19
                            text run at (0,0) width 97: "line after table "
                          RenderInline {A} at (0,0) size 11x19
                            RenderText {#text} at (96,0) size 11x19
                              text run at (96,0) width 11: "Z"
                          RenderInline {FONT} at (0,0) size 0x19
                            RenderText {#text} at (0,0) size 0x0
      RenderBlock (anonymous) at (0,410) size 784x2
        RenderBlock {HR} at (0,0) size 784x2 [border: (1px inset #000000)]
      RenderBlock (anonymous) at (0,420) size 784x20
        RenderInline {FONT} at (0,0) size 104x19
          RenderInline {FONT} at (0,0) size 104x19
            RenderInline {FONT} at (0,0) size 104x19
              RenderInline {FONT} at (0,0) size 104x19
                RenderInline {FONT} at (0,0) size 104x19
                  RenderInline {FONT} at (0,0) size 104x19
                    RenderInline {FONT} at (0,0) size 104x19
                      RenderInline {FONT} at (0,0) size 104x19
                        RenderInline {FONT} at (0,0) size 104x19
                          RenderInline {FONT} at (0,0) size 104x19
                            RenderInline {FONT} at (0,0) size 104x19
                              RenderText {#text} at (0,0) size 104x19
                                text run at (0,0) width 104: "line before table"
      RenderBlock (anonymous) at (0,440) size 784x30
        RenderTable {TABLE} at (0,0) size 55x30 [border: (1px outset #808080)]
          RenderTableSection {TBODY} at (1,1) size 53x28
            RenderTableRow {TR} at (0,2) size 53x24
              RenderTableCell {TD} at (2,2) size 49x24 [border: (1px inset #808080)] [r=0 c=0 rs=1 cs=1]
                RenderText {#text} at (2,2) size 45x19
                  text run at (2,2) width 45: "table-6"
      RenderBlock (anonymous) at (0,470) size 784x0
        RenderInline {FONT} at (0,0) size 0x0
          RenderInline {FONT} at (0,0) size 0x0
            RenderInline {FONT} at (0,0) size 0x0
              RenderInline {FONT} at (0,0) size 0x0
                RenderInline {FONT} at (0,0) size 0x0
                  RenderInline {FONT} at (0,0) size 0x0
                    RenderInline {FONT} at (0,0) size 0x0
                      RenderInline {FONT} at (0,0) size 0x0
                        RenderInline {FONT} at (0,0) size 0x0
                          RenderInline {FONT} at (0,0) size 0x0
                            RenderInline {FONT} at (0,0) size 0x0
                              RenderInline {FONT} at (0,0) size 0x0
                                RenderText {#text} at (0,0) size 0x0
      RenderBlock (anonymous) at (0,478) size 784x2
        RenderBlock {HR} at (0,0) size 784x2 [border: (1px inset #000000)]
      RenderBlock (anonymous) at (0,488) size 784x0
        RenderInline {FONT} at (0,0) size 0x0
          RenderInline {FONT} at (0,0) size 0x0
            RenderInline {FONT} at (0,0) size 0x0
              RenderInline {FONT} at (0,0) size 0x0
                RenderInline {FONT} at (0,0) size 0x0
                  RenderInline {FONT} at (0,0) size 0x0
                    RenderInline {FONT} at (0,0) size 0x0
                      RenderInline {FONT} at (0,0) size 0x0
                        RenderInline {FONT} at (0,0) size 0x0
                          RenderInline {FONT} at (0,0) size 0x0
                            RenderInline {FONT} at (0,0) size 0x0
                              RenderInline {FONT} at (0,0) size 0x0
                                RenderInline {FONT} at (0,0) size 0x0
      RenderBlock (anonymous) at (0,488) size 784x20
        RenderBlock {DIV} at (0,0) size 784x20
          RenderText {#text} at (0,0) size 81x19
            text run at (0,0) width 81: "div before X"
      RenderBlock (anonymous) at (0,508) size 784x20
        RenderInline {FONT} at (0,0) size 12x19
          RenderInline {FONT} at (0,0) size 12x19
            RenderInline {FONT} at (0,0) size 12x19
              RenderInline {FONT} at (0,0) size 12x19
                RenderInline {FONT} at (0,0) size 12x19
                  RenderInline {FONT} at (0,0) size 12x19
                    RenderInline {FONT} at (0,0) size 12x19
                      RenderInline {FONT} at (0,0) size 12x19
                        RenderInline {FONT} at (0,0) size 12x19
                          RenderInline {FONT} at (0,0) size 12x19
                            RenderInline {FONT} at (0,0) size 12x19
                              RenderInline {FONT} at (0,0) size 12x19
                                RenderInline {FONT} at (0,0) size 12x19
                                  RenderInline {A} at (0,0) size 12x19
                                    RenderText {#text} at (0,0) size 12x19
                                      text run at (0,0) width 12: "X"
      RenderBlock (anonymous) at (0,528) size 784x30
        RenderTable {TABLE} at (0,0) size 55x30 [border: (1px outset #808080)]
          RenderTableSection {TBODY} at (1,1) size 53x28
            RenderTableRow {TR} at (0,2) size 53x24
              RenderTableCell {TD} at (2,2) size 49x24 [border: (1px inset #808080)] [r=0 c=0 rs=1 cs=1]
                RenderText {#text} at (2,2) size 45x19
                  text run at (2,2) width 45: "table-7"
      RenderBlock (anonymous) at (0,558) size 784x20
        RenderInline {FONT} at (0,0) size 10x19
          RenderInline {FONT} at (0,0) size 10x19
            RenderInline {FONT} at (0,0) size 10x19
              RenderInline {FONT} at (0,0) size 10x19
                RenderInline {FONT} at (0,0) size 10x19
                  RenderInline {FONT} at (0,0) size 10x19
                    RenderInline {FONT} at (0,0) size 10x19
                      RenderInline {FONT} at (0,0) size 10x19
                        RenderInline {FONT} at (0,0) size 10x19
                          RenderInline {FONT} at (0,0) size 10x19
                            RenderInline {FONT} at (0,0) size 10x19
                              RenderInline {FONT} at (0,0) size 10x19
                                RenderInline {FONT} at (0,0) size 10x19
                                  RenderInline {A} at (0,0) size 10x19
                                    RenderText {#text} at (0,0) size 10x19
                                      text run at (0,0) width 10: "Z"
                                  RenderInline {FONT} at (0,0) size 0x19
                                    RenderText {#text} at (0,0) size 0x0
      RenderBlock (anonymous) at (0,586) size 784x2
        RenderBlock {HR} at (0,0) size 784x2 [border: (1px inset #000000)]
      RenderBlock (anonymous) at (0,596) size 784x20
        RenderInline {FONT} at (0,0) size 12x19
          RenderInline {FONT} at (0,0) size 12x19
            RenderInline {FONT} at (0,0) size 12x19
              RenderInline {FONT} at (0,0) size 12x19
                RenderInline {FONT} at (0,0) size 12x19
                  RenderInline {FONT} at (0,0) size 12x19
                    RenderInline {FONT} at (0,0) size 12x19
                      RenderInline {FONT} at (0,0) size 12x19
                        RenderInline {FONT} at (0,0) size 12x19
                          RenderInline {FONT} at (0,0) size 12x19
                            RenderInline {FONT} at (0,0) size 12x19
                              RenderInline {FONT} at (0,0) size 12x19
                                RenderInline {FONT} at (0,0) size 12x19
                                  RenderInline {FONT} at (0,0) size 12x19
                                    RenderInline {FONT} at (0,0) size 12x19
                                      RenderInline {A} at (0,0) size 12x19
                                        RenderText {#text} at (0,0) size 12x19
                                          text run at (0,0) width 12: "X"
      RenderBlock (anonymous) at (0,616) size 784x50
        RenderBlock {DIV} at (0,0) size 784x20
          RenderText {#text} at (0,0) size 101x19
            text run at (0,0) width 101: "div before table"
        RenderTable {TABLE} at (0,20) size 55x30 [border: (1px outset #808080)]
          RenderTableSection {TBODY} at (1,1) size 53x28
            RenderTableRow {TR} at (0,2) size 53x24
              RenderTableCell {TD} at (2,2) size 49x24 [border: (1px inset #808080)] [r=0 c=0 rs=1 cs=1]
                RenderText {#text} at (2,2) size 45x19
                  text run at (2,2) width 45: "table-8"
      RenderBlock (anonymous) at (0,666) size 784x20
        RenderInline {FONT} at (0,0) size 10x19
          RenderInline {FONT} at (0,0) size 10x19
            RenderInline {FONT} at (0,0) size 10x19
              RenderInline {FONT} at (0,0) size 10x19
                RenderInline {FONT} at (0,0) size 10x19
                  RenderInline {FONT} at (0,0) size 10x19
                    RenderInline {FONT} at (0,0) size 10x19
                      RenderInline {FONT} at (0,0) size 10x19
                        RenderInline {FONT} at (0,0) size 10x19
                          RenderInline {FONT} at (0,0) size 10x19
                            RenderInline {FONT} at (0,0) size 10x19
                              RenderInline {FONT} at (0,0) size 10x19
                                RenderInline {FONT} at (0,0) size 10x19
                                  RenderInline {FONT} at (0,0) size 10x19
                                    RenderInline {FONT} at (0,0) size 10x19
                                      RenderInline {A} at (0,0) size 10x19
                                        RenderText {#text} at (0,0) size 10x19
                                          text run at (0,0) width 10: "Z"
                                      RenderInline {FONT} at (0,0) size 0x19
                                        RenderText {#text} at (0,0) size 0x0
      RenderBlock (anonymous) at (0,694) size 784x2
        RenderBlock {HR} at (0,0) size 784x2 [border: (1px inset #000000)]
      RenderBlock (anonymous) at (0,704) size 784x20
        RenderInline {FONT} at (0,0) size 12x19
          RenderInline {FONT} at (0,0) size 12x19
            RenderInline {FONT} at (0,0) size 12x19
              RenderInline {FONT} at (0,0) size 12x19
                RenderInline {FONT} at (0,0) size 12x19
                  RenderInline {FONT} at (0,0) size 12x19
                    RenderInline {FONT} at (0,0) size 12x19
                      RenderInline {FONT} at (0,0) size 12x19
                        RenderInline {FONT} at (0,0) size 12x19
                          RenderInline {FONT} at (0,0) size 12x19
                            RenderInline {FONT} at (0,0) size 12x19
                              RenderInline {FONT} at (0,0) size 12x19
                                RenderInline {FONT} at (0,0) size 12x19
                                  RenderInline {FONT} at (0,0) size 12x19
                                    RenderInline {FONT} at (0,0) size 12x19
                                      RenderInline {FONT} at (0,0) size 12x19
                                        RenderInline {FONT} at (0,0) size 12x19
                                          RenderInline {A} at (0,0) size 12x19
                                            RenderText {#text} at (0,0) size 12x19
                                              text run at (0,0) width 12: "X"
      RenderBlock (anonymous) at (0,724) size 784x50
        RenderTable {TABLE} at (0,0) size 55x30 [border: (1px outset #808080)]
          RenderTableSection {TBODY} at (1,1) size 53x28
            RenderTableRow {TR} at (0,2) size 53x24
              RenderTableCell {TD} at (2,2) size 49x24 [border: (1px inset #808080)] [r=0 c=0 rs=1 cs=1]
                RenderText {#text} at (2,2) size 45x19
                  text run at (2,2) width 45: "table-9"
        RenderBlock {DIV} at (0,30) size 784x20
          RenderText {#text} at (0,0) size 89x19
            text run at (0,0) width 89: "div after table"
      RenderBlock (anonymous) at (0,774) size 784x20
        RenderInline {FONT} at (0,0) size 10x19
          RenderInline {FONT} at (0,0) size 10x19
            RenderInline {FONT} at (0,0) size 10x19
              RenderInline {FONT} at (0,0) size 10x19
                RenderInline {FONT} at (0,0) size 10x19
                  RenderInline {FONT} at (0,0) size 10x19
                    RenderInline {FONT} at (0,0) size 10x19
                      RenderInline {FONT} at (0,0) size 10x19
                        RenderInline {FONT} at (0,0) size 10x19
                          RenderInline {FONT} at (0,0) size 10x19
                            RenderInline {FONT} at (0,0) size 10x19
                              RenderInline {FONT} at (0,0) size 10x19
                                RenderInline {FONT} at (0,0) size 10x19
                                  RenderInline {FONT} at (0,0) size 10x19
                                    RenderInline {FONT} at (0,0) size 10x19
                                      RenderInline {FONT} at (0,0) size 10x19
                                        RenderInline {FONT} at (0,0) size 10x19
                                          RenderInline {A} at (0,0) size 10x19
                                            RenderText {#text} at (0,0) size 10x19
                                              text run at (0,0) width 10: "Z"
                                          RenderInline {FONT} at (0,0) size 0x19
                                            RenderText {#text} at (0,0) size 0x0
      RenderBlock (anonymous) at (0,802) size 784x2
        RenderBlock {HR} at (0,0) size 784x2 [border: (1px inset #000000)]
      RenderBlock (anonymous) at (0,812) size 784x0
        RenderInline {FONT} at (0,0) size 0x0
          RenderInline {FONT} at (0,0) size 0x0
            RenderInline {FONT} at (0,0) size 0x0
              RenderInline {FONT} at (0,0) size 0x0
                RenderInline {FONT} at (0,0) size 0x0
                  RenderInline {FONT} at (0,0) size 0x0
                    RenderInline {FONT} at (0,0) size 0x0
                      RenderInline {FONT} at (0,0) size 0x0
                        RenderInline {FONT} at (0,0) size 0x0
                          RenderInline {FONT} at (0,0) size 0x0
                            RenderInline {FONT} at (0,0) size 0x0
                              RenderInline {FONT} at (0,0) size 0x0
                                RenderInline {FONT} at (0,0) size 0x0
                                  RenderInline {FONT} at (0,0) size 0x0
                                    RenderInline {FONT} at (0,0) size 0x0
                                      RenderInline {FONT} at (0,0) size 0x0
                                        RenderInline {FONT} at (0,0) size 0x0
                                          RenderInline {FONT} at (0,0) size 0x0
                                            RenderInline {FONT} at (0,0) size 0x0
      RenderBlock (anonymous) at (0,812) size 784x50
        RenderBlock {DIV} at (0,0) size 784x20
          RenderText {#text} at (0,0) size 101x19
            text run at (0,0) width 101: "div before table"
        RenderTable {TABLE} at (0,20) size 63x30 [border: (1px outset #808080)]
          RenderTableSection {TBODY} at (1,1) size 61x28
            RenderTableRow {TR} at (0,2) size 61x24
              RenderTableCell {TD} at (2,2) size 57x24 [border: (1px inset #808080)] [r=0 c=0 rs=1 cs=1]
                RenderText {#text} at (2,2) size 53x19
                  text run at (2,2) width 53: "table-10"
      RenderBlock (anonymous) at (0,862) size 784x20
        RenderInline {FONT} at (0,0) size 10x19
          RenderInline {FONT} at (0,0) size 10x19
            RenderInline {FONT} at (0,0) size 10x19
              RenderInline {FONT} at (0,0) size 10x19
                RenderInline {FONT} at (0,0) size 10x19
                  RenderInline {FONT} at (0,0) size 10x19
                    RenderInline {FONT} at (0,0) size 10x19
                      RenderInline {FONT} at (0,0) size 10x19
                        RenderInline {FONT} at (0,0) size 10x19
                          RenderInline {FONT} at (0,0) size 10x19
                            RenderInline {FONT} at (0,0) size 10x19
                              RenderInline {FONT} at (0,0) size 10x19
                                RenderInline {FONT} at (0,0) size 10x19
                                  RenderInline {FONT} at (0,0) size 10x19
                                    RenderInline {FONT} at (0,0) size 10x19
                                      RenderInline {FONT} at (0,0) size 10x19
                                        RenderInline {FONT} at (0,0) size 10x19
                                          RenderInline {FONT} at (0,0) size 10x19
                                            RenderInline {FONT} at (0,0) size 10x19
                                              RenderInline {A} at (0,0) size 10x19
                                                RenderText {#text} at (0,0) size 10x19
                                                  text run at (0,0) width 10: "Z"
                                              RenderInline {FONT} at (0,0) size 0x19
                                                RenderText {#text} at (0,0) size 0x0
      RenderBlock (anonymous) at (0,890) size 784x2
        RenderBlock {HR} at (0,0) size 784x2 [border: (1px inset #000000)]
      RenderBlock (anonymous) at (0,900) size 784x0
        RenderInline {FONT} at (0,0) size 0x0
          RenderInline {FONT} at (0,0) size 0x0
            RenderInline {FONT} at (0,0) size 0x0
              RenderInline {FONT} at (0,0) size 0x0
                RenderInline {FONT} at (0,0) size 0x0
                  RenderInline {FONT} at (0,0) size 0x0
                    RenderInline {FONT} at (0,0) size 0x0
                      RenderInline {FONT} at (0,0) size 0x0
                        RenderInline {FONT} at (0,0) size 0x0
                          RenderInline {FONT} at (0,0) size 0x0
                            RenderInline {FONT} at (0,0) size 0x0
                              RenderInline {FONT} at (0,0) size 0x0
                                RenderInline {FONT} at (0,0) size 0x0
                                  RenderInline {FONT} at (0,0) size 0x0
                                    RenderInline {FONT} at (0,0) size 0x0
                                      RenderInline {FONT} at (0,0) size 0x0
                                        RenderInline {FONT} at (0,0) size 0x0
                                          RenderInline {FONT} at (0,0) size 0x0
                                            RenderInline {FONT} at (0,0) size 0x0
                                              RenderInline {FONT} at (0,0) size 0x0
                                                RenderInline {FONT} at (0,0) size 0x0
      RenderBlock (anonymous) at (0,900) size 784x50
        RenderTable {TABLE} at (0,0) size 62x30 [border: (1px outset #808080)]
          RenderTableSection {TBODY} at (1,1) size 60x28
            RenderTableRow {TR} at (0,2) size 60x24
              RenderTableCell {TD} at (2,2) size 56x24 [border: (1px inset #808080)] [r=0 c=0 rs=1 cs=1]
                RenderText {#text} at (2,2) size 52x19
                  text run at (2,2) width 52: "table-11"
        RenderBlock {DIV} at (0,30) size 784x20
          RenderText {#text} at (0,0) size 89x19
            text run at (0,0) width 89: "div after table"
      RenderBlock (anonymous) at (0,950) size 784x20
        RenderInline {FONT} at (0,0) size 10x19
          RenderInline {FONT} at (0,0) size 10x19
            RenderInline {FONT} at (0,0) size 10x19
              RenderInline {FONT} at (0,0) size 10x19
                RenderInline {FONT} at (0,0) size 10x19
                  RenderInline {FONT} at (0,0) size 10x19
                    RenderInline {FONT} at (0,0) size 10x19
                      RenderInline {FONT} at (0,0) size 10x19
                        RenderInline {FONT} at (0,0) size 10x19
                          RenderInline {FONT} at (0,0) size 10x19
                            RenderInline {FONT} at (0,0) size 10x19
                              RenderInline {FONT} at (0,0) size 10x19
                                RenderInline {FONT} at (0,0) size 10x19
                                  RenderInline {FONT} at (0,0) size 10x19
                                    RenderInline {FONT} at (0,0) size 10x19
                                      RenderInline {FONT} at (0,0) size 10x19
                                        RenderInline {FONT} at (0,0) size 10x19
                                          RenderInline {FONT} at (0,0) size 10x19
                                            RenderInline {FONT} at (0,0) size 10x19
                                              RenderInline {FONT} at (0,0) size 10x19
                                                RenderInline {FONT} at (0,0) size 10x19
                                                  RenderInline {A} at (0,0) size 10x19
                                                    RenderText {#text} at (0,0) size 10x19
                                                      text run at (0,0) width 10: "Z"
                                                  RenderInline {FONT} at (0,0) size 0x19
                                                    RenderText {#text} at (0,0) size 0x0
      RenderBlock (anonymous) at (0,978) size 784x2
        RenderBlock {HR} at (0,0) size 784x2 [border: (1px inset #000000)]
      RenderBlock (anonymous) at (0,988) size 784x0
        RenderInline {FONT} at (0,0) size 0x0
          RenderInline {FONT} at (0,0) size 0x0
            RenderInline {FONT} at (0,0) size 0x0
              RenderInline {FONT} at (0,0) size 0x0
                RenderInline {FONT} at (0,0) size 0x0
                  RenderInline {FONT} at (0,0) size 0x0
                    RenderInline {FONT} at (0,0) size 0x0
                      RenderInline {FONT} at (0,0) size 0x0
                        RenderInline {FONT} at (0,0) size 0x0
                          RenderInline {FONT} at (0,0) size 0x0
                            RenderInline {FONT} at (0,0) size 0x0
                              RenderInline {FONT} at (0,0) size 0x0
                                RenderInline {FONT} at (0,0) size 0x0
                                  RenderInline {FONT} at (0,0) size 0x0
                                    RenderInline {FONT} at (0,0) size 0x0
                                      RenderInline {FONT} at (0,0) size 0x0
                                        RenderInline {FONT} at (0,0) size 0x0
                                          RenderInline {FONT} at (0,0) size 0x0
                                            RenderInline {FONT} at (0,0) size 0x0
                                              RenderInline {FONT} at (0,0) size 0x0
                                                RenderInline {FONT} at (0,0) size 0x0
                                                  RenderInline {FONT} at (0,0) size 0x0
                                                    RenderInline {FONT} at (0,0) size 0x0
      RenderBlock (anonymous) at (0,988) size 784x50
        RenderBlock {DIV} at (0,0) size 784x20
          RenderText {#text} at (0,0) size 101x19
            text run at (0,0) width 101: "div before table"
        RenderTable {TABLE} at (0,20) size 63x30 [border: (1px outset #808080)]
          RenderTableSection {TBODY} at (1,1) size 61x28
            RenderTableRow {TR} at (0,2) size 61x24
              RenderTableCell {TD} at (2,2) size 57x24 [border: (1px inset #808080)] [r=0 c=0 rs=1 cs=1]
                RenderText {#text} at (2,2) size 53x19
                  text run at (2,2) width 53: "table-12"
      RenderBlock (anonymous) at (0,1038) size 784x0
        RenderInline {FONT} at (0,0) size 0x0
          RenderInline {FONT} at (0,0) size 0x0
            RenderInline {FONT} at (0,0) size 0x0
              RenderInline {FONT} at (0,0) size 0x0
                RenderInline {FONT} at (0,0) size 0x0
                  RenderInline {FONT} at (0,0) size 0x0
                    RenderInline {FONT} at (0,0) size 0x0
                      RenderInline {FONT} at (0,0) size 0x0
                        RenderInline {FONT} at (0,0) size 0x0
                          RenderInline {FONT} at (0,0) size 0x0
                            RenderInline {FONT} at (0,0) size 0x0
                              RenderInline {FONT} at (0,0) size 0x0
                                RenderInline {FONT} at (0,0) size 0x0
                                  RenderInline {FONT} at (0,0) size 0x0
                                    RenderInline {FONT} at (0,0) size 0x0
                                      RenderInline {FONT} at (0,0) size 0x0
                                        RenderInline {FONT} at (0,0) size 0x0
                                          RenderInline {FONT} at (0,0) size 0x0
                                            RenderInline {FONT} at (0,0) size 0x0
                                              RenderInline {FONT} at (0,0) size 0x0
                                                RenderInline {FONT} at (0,0) size 0x0
                                                  RenderInline {FONT} at (0,0) size 0x0
                                                    RenderInline {FONT} at (0,0) size 0x0
                                                      RenderInline {FONT} at (0,0) size 0x0
                                                        RenderText {#text} at (0,0) size 0x0
