layer at (0,0) size 800x600
  RenderView at (0,0) size 800x600
layer at (0,0) size 800x600
  RenderBlock {HTML} at (0,0) size 800x600
    RenderBody {BODY} at (8,8) size 784x584
      RenderBlock {P} at (0,0) size 784x20
        RenderText {#text} at (0,0) size 498x19
          text run at (0,0) width 498: "Using a 10px wide transparent gif with td width=\"10\" in the middle column..."
      RenderTable {TABLE} at (0,36) size 676x224 [border: (1px outset #808080)]
        RenderTableSection {TBODY} at (1,1) size 674x222
          RenderTableRow {TR} at (0,0) size 674x222
            RenderTableCell {TD} at (0,0) size 331x222 [border: (1px inset #808080)] [r=0 c=0 rs=1 cs=1]
              RenderInline {A} at (0,0) size 329x19 [color=#0000EE]
                RenderImage {IMG} at (1,1) size 329x220
            RenderTableCell {TD} at (331,109) size 12x4 [border: (1px inset #808080)] [r=0 c=1 rs=1 cs=1]
              RenderImage {IMG} at (1,1) size 10x1
            RenderTableCell {TD} at (343,0) size 331x222 [border: (1px inset #808080)] [r=0 c=2 rs=1 cs=1]
              RenderInline {A} at (0,0) size 329x19 [color=#0000EE]
                RenderImage {IMG} at (1,1) size 329x220
