layer at (0,0) size 800x600
  RenderView at (0,0) size 800x600
layer at (0,0) size 800x600
  RenderBlock {HTML} at (0,0) size 800x600
    RenderBody {BODY} at (8,8) size 784x584
      RenderTable {TABLE} at (0,0) size 600x128
        RenderTableSection {TBODY} at (0,0) size 600x128
          RenderTableRow {TR} at (0,0) size 600x128
            RenderTableCell {TD} at (0,0) size 600x128 [r=0 c=0 rs=1 cs=1]
              RenderBlock (anonymous) at (0,0) size 600x60
                RenderBR {BR} at (300,0) size 0x19
                RenderBR {BR} at (300,20) size 0x19
                RenderBR {BR} at (300,40) size 0x19
              RenderTable {TABLE} at (0,60) size 600x68 [border: (1px outset #808080)]
                RenderTableSection {TBODY} at (1,1) size 598x66
                  RenderTableRow {TR} at (0,0) size 598x66
                    RenderTableCell {TD} at (0,0) size 299x66 [border: (1px inset #808080)] [r=0 c=0 rs=1 cs=1]
                      RenderTable {TABLE} at (1,1) size 297x64
                        RenderTableSection {TBODY} at (0,0) size 297x64
                          RenderTableRow {TR} at (0,1) size 297x20 [bgcolor=#CD9944]
                            RenderTableCell {TD} at (1,1) size 107x20 [r=0 c=0 rs=1 cs=1]
                              RenderInline {FONT} at (0,0) size 39x13 [color=#FFFFFF]
                                RenderText {#text} at (3,3) size 39x13
                                  text run at (3,3) width 39: "Funktion"
                          RenderTableRow {TR} at (0,22) size 297x20 [bgcolor=#E7E7AD]
                            RenderTableCell {TD} at (1,22) size 107x20 [r=1 c=0 rs=1 cs=1]
                              RenderInline {FONT} at (0,0) size 63x13
                                RenderText {#text} at (3,3) size 63x13
                                  text run at (3,3) width 63: "Umlaufrendite"
                          RenderTableRow {TR} at (0,43) size 297x20 [bgcolor=#E7DEA5]
                            RenderTableCell {TD} at (1,43) size 107x20 [r=2 c=0 rs=1 cs=1]
                              RenderInline {FONT} at (0,0) size 68x13
                                RenderText {#text} at (3,3) size 68x13
                                  text run at (3,3) width 68: "10 Jahre US %"
                            RenderTableCell {TD} at (108,43) size 37x20 [r=2 c=1 rs=1 cs=1]
                              RenderInline {FONT} at (0,0) size 20x13
                                RenderText {#text} at (3,3) size 20x13
                                  text run at (3,3) width 20: "4,75"
                            RenderTableCell {TD} at (145,44) size 26x18 [r=2 c=2 rs=1 cs=1]
                              RenderImage {IMG} at (6,3) size 12x11
                            RenderTableCell {TD} at (171,43) size 43x20 [r=2 c=3 rs=1 cs=1]
                              RenderInline {FONT} at (0,0) size 23x13
                                RenderText {#text} at (3,3) size 23x13
                                  text run at (3,3) width 23: "-0.02"
                            RenderTableCell {TD} at (214,43) size 50x20 [r=2 c=4 rs=1 cs=1]
                              RenderInline {FONT} at (0,0) size 28x13
                                RenderText {#text} at (3,3) size 28x13
                                  text run at (3,3) width 28: "03.12."
                            RenderTableCell {TD} at (264,45) size 33x16 [r=2 c=5 rs=1 cs=1]
                              RenderInline {FONT} at (0,0) size 17x13
                                RenderInline {A} at (0,0) size 17x13 [color=#0000EE]
                                  RenderImage {IMG} at (7,3) size 17x10
                    RenderTableCell {TD} at (299,0) size 299x66 [border: (1px inset #808080)] [r=0 c=1 rs=1 cs=1]
                      RenderTable {TABLE} at (1,1) size 297x64
                        RenderTableSection {TBODY} at (0,0) size 297x64
                          RenderTableRow {TR} at (0,1) size 297x22 [bgcolor=#CD9944]
                            RenderTableCell {TD} at (1,2) size 203x20 [r=0 c=0 rs=1 cs=1]
                              RenderInline {FONT} at (0,0) size 43x13 [color=#FFFFFF]
                                RenderText {#text} at (3,3) size 43x13
                                  text run at (3,3) width 43: "Rohstoffe"
                          RenderTableRow {TR} at (0,24) size 297x19 [bgcolor=#E7E7AD]
                            RenderTableCell {TD} at (1,25) size 203x17 [r=1 c=0 rs=1 cs=1]
                              RenderImage {IMG} at (95,3) size 12x11
                            RenderTableCell {TD} at (204,25) size 93x17 [r=1 c=1 rs=1 cs=1]
                              RenderInline {FONT} at (0,0) size 17x14
                                RenderInline {A} at (0,0) size 17x14 [color=#0000EE]
                                  RenderImage {IMG} at (37,3) size 17x10
                          RenderTableRow {TR} at (0,44) size 297x19 [bgcolor=#E7DEA5]
                            RenderTableCell {TD} at (1,45) size 203x17 [r=2 c=0 rs=1 cs=1]
                              RenderImage {IMG} at (95,3) size 12x11
                            RenderTableCell {TD} at (204,45) size 93x17 [r=2 c=1 rs=1 cs=1]
                              RenderInline {FONT} at (0,0) size 17x14
                                RenderInline {A} at (0,0) size 17x14 [color=#0000EE]
                                  RenderImage {IMG} at (37,3) size 17x10
