layer at (0,0) size 800x600
  RenderView at (0,0) size 800x600
layer at (0,0) size 800x600
  RenderBlock {HTML} at (0,0) size 800x600
    RenderBody {BODY} at (8,8) size 784x576
      RenderBlock {H2} at (0,0) size 784x30
        RenderText {#text} at (0,1) size 362x28
          text run at (0,1) width 362: "SeaMonkey XPInstall Trigger Page"
      RenderBlock {HR} at (0,49) size 784x3 [border: (1px inset #000000)]
      RenderBlock {FORM} at (0,59) size 784x60
        RenderTable {TABLE} at (0,0) size 683x59
          RenderTableSection {TBODY} at (0,0) size 683x59
            RenderTableRow {TR} at (0,2) size 683x27
              RenderTableCell {TD} at (2,4) size 106x23 [r=0 c=0 rs=1 cs=1]
                RenderInline {B} at (0,0) size 95x19
                  RenderText {#text} at (1,1) size 95x20
                    text run at (1,2) width 95: "Trigger URL:"
              RenderTableCell {TD} at (109,2) size 476x27 [r=0 c=1 rs=1 cs=1]
                RenderTextControl {INPUT} at (3,3) size 470x22 [bgcolor=#FFFFFF] [border: (1px solid #78788033)]
              RenderTableCell {TD} at (586,2) size 95x27 [r=0 c=2 rs=1 cs=1]
                RenderButton {INPUT} at (3,3) size 60x20 [color=#007AFF] [bgcolor=#78788029]
                  RenderBlock (anonymous) at (11,3) size 38x14
                    RenderText at (0,0) size 38x14
                      text run at (0,0) width 38: "Trigger"
            RenderTableRow {TR} at (0,31) size 683x26
              RenderTableCell {TD} at (2,33) size 106x22 [r=1 c=0 rs=1 cs=1]
                RenderInline {B} at (0,0) size 104x19
                  RenderText {#text} at (1,1) size 104x19
                    text run at (1,1) width 104: "Run Test Case:"
              RenderTableCell {TD} at (109,31) size 476x26 [r=1 c=1 rs=1 cs=1]
                RenderMenuList {SELECT} at (3,3) size 249x20 [color=#007AFF] [bgcolor=#78788029]
                  RenderBlock (anonymous) at (5,3) size 239x14
                    RenderText at (0,0) size 72x14
                      text run at (0,0) width 72: "a_abortinstall"
                RenderText {#text} at (0,0) size 0x0
              RenderTableCell {TD} at (586,31) size 95x26 [r=1 c=2 rs=1 cs=1]
                RenderButton {INPUT} at (3,3) size 88x20 [color=#007AFF] [bgcolor=#78788029]
                  RenderBlock (anonymous) at (11,3) size 66x14
                    RenderText at (0,0) size 66x14
                      text run at (0,0) width 66: "Trigger case"
layer at (127,76) size 456x14
  RenderBlock {DIV} at (6,3) size 458x15
    RenderText {#text} at (0,0) size 93x14
      text run at (0,0) width 93: "http://jimbob/jars/"
