layer at (0,0) size 800x600
  RenderView at (0,0) size 800x600
layer at (0,0) size 800x600
  RenderBlock {HTML} at (0,0) size 800x600
    RenderBody {BODY} at (8,8) size 784x584
      RenderTable {TABLE} at (0,0) size 784x80 [border: (1px outset #808080)]
        RenderTableSection {TBODY} at (1,1) size 782x78
          RenderTableRow {TR} at (0,2) size 782x74
            RenderTableCell {TD} at (2,2) size 300x74 [border: (1px inset #808080)] [r=0 c=0 rs=1 cs=1]
              RenderTable {TABLE} at (2,2) size 296x70 [border: (1px outset #808080)]
                RenderTableSection {TBODY} at (1,1) size 294x68
                  RenderTableRow {TR} at (0,2) size 294x64
                    RenderTableCell {TD} at (2,2) size 290x64 [border: (1px inset #808080)] [r=0 c=0 rs=1 cs=1]
                      RenderText {#text} at (2,2) size 276x59
                        text run at (2,2) width 276: "yyy yyy yyy yyy yyy yyy yyy yyy yyy yyy"
                        text run at (2,22) width 276: "yyy yyy yyy yyy yyy yyy yyy yyy yyy yyy"
                        text run at (2,42) width 24: "yyy"
            RenderTableCell {TD} at (303,17) size 478x44 [border: (1px inset #808080)] [r=0 c=1 rs=1 cs=1]
              RenderText {#text} at (2,2) size 472x39
                text run at (2,2) width 472: "text text text text text text text text text text text text text text text text text"
                text run at (2,22) width 472: "text text text text text text text text text text text text text text text text text"
