layer at (0,0) size 800x600
  RenderView at (0,0) size 800x600
layer at (0,0) size 800x600
  RenderBlock {HTML} at (0,0) size 800x600
    RenderBody {BODY} at (8,8) size 784x584
      RenderBlock {P} at (0,0) size 784x20
        RenderText {#text} at (0,0) size 367x19
          text run at (0,0) width 367: "this table is regular html and the cell has a class attribute:"
      RenderTable {TABLE} at (0,36) size 125x82 [border: (2px outset #808080)]
        RenderTableSection {TBODY} at (2,2) size 121x78
          RenderTableRow {TR} at (0,2) size 121x72
            RenderTableCell {TD} at (2,2) size 117x72 [border: (1px inset #808080)] [r=0 c=0 rs=1 cs=1]
              RenderText {#text} at (26,26) size 65x19
                text run at (26,26) width 65: "padding?"
          RenderTableRow {TR} at (0,76) size 121x0
      RenderBlock {P} at (0,134) size 784x40
        RenderText {#text} at (0,0) size 768x39
          text run at (0,0) width 500: "this table is partly created by javascript code and the cell has a class attribute. "
          text run at (499,0) width 269: "this is where the text appears to the left of"
          text run at (0,20) width 271: "the left margin created by the cellpadding:"
      RenderTable {TABLE} at (0,190) size 125x82 [border: (2px outset #808080)]
        RenderTableSection {TBODY} at (2,2) size 121x78
          RenderTableRow {TR} at (0,2) size 121x72
            RenderTableCell {TD} at (2,2) size 117x72 [border: (1px inset #808080)] [r=0 c=0 rs=1 cs=1]
              RenderText {#text} at (26,26) size 65x19
                text run at (26,26) width 65: "padding?"
          RenderTableRow {TR} at (0,76) size 121x0
      RenderBlock {P} at (0,288) size 784x40
        RenderText {#text} at (0,0) size 774x39
          text run at (0,0) width 509: "this table is partly created by javascript code and the cell has no class attribute. "
          text run at (508,0) width 266: "here the text obeys the cellpadding value,"
          text run at (0,20) width 584: "although there is another problem with this table that i'm filing under a separate bug report:"
      RenderTable {TABLE} at (0,344) size 119x82 [border: (2px outset #808080)]
        RenderTableSection {TBODY} at (2,2) size 115x78
          RenderTableRow {TR} at (0,2) size 115x72
            RenderTableCell {TD} at (2,2) size 111x72 [border: (1px inset #808080)] [r=0 c=0 rs=1 cs=1]
              RenderText {#text} at (26,26) size 59x19
                text run at (26,26) width 59: "padding?"
          RenderTableRow {TR} at (0,76) size 115x0
