layer at (0,0) size 800x610
  RenderView at (0,0) size 800x600
layer at (0,0) size 800x610
  RenderBlock {HTML} at (0,0) size 800x610
    RenderBody {BODY} at (8,8) size 784x594
      RenderBlock {P} at (0,0) size 784x20
        RenderText {#text} at (0,0) size 741x19
          text run at (0,0) width 158: "Here's the original case. "
          text run at (157,0) width 584: "All of the cells have images that fill to their given widths except the ones marked \"Empty\"."
      RenderTable {TABLE} at (0,36) size 566x60 [bgcolor=#00FFFF]
        RenderTableSection {TBODY} at (0,0) size 566x60
          RenderTableRow {TR} at (0,0) size 566x40
            RenderTableCell {TD} at (0,0) size 222x40 [bgcolor=#FF0000] [r=0 c=0 rs=1 cs=1]
              RenderImage {IMG} at (0,0) size 222x40
            RenderTableCell {TD} at (222,0) size 145x40 [bgcolor=#666600] [r=0 c=1 rs=1 cs=1]
              RenderImage {IMG} at (0,0) size 145x40
            RenderTableCell {TD} at (367,10) size 199x20 [bgcolor=#009999] [r=0 c=2 rs=1 cs=1]
              RenderText {#text} at (0,0) size 43x19
                text run at (0,0) width 43: "Empty"
          RenderTableRow {TR} at (0,40) size 566x20
            RenderTableCell {TD} at (0,40) size 367x20 [bgcolor=#0000FF] [r=1 c=0 rs=1 cs=2]
              RenderImage {IMG} at (0,0) size 367x20
            RenderTableCell {TD} at (367,40) size 199x20 [bgcolor=#990099] [r=1 c=2 rs=1 cs=1]
              RenderText {#text} at (0,0) size 43x19
                text run at (0,0) width 43: "Empty"
      RenderBlock {P} at (0,112) size 784x20
        RenderText {#text} at (0,0) size 385x19
          text run at (0,0) width 385: "If we fill either empty out with text, the problem goes away."
      RenderTable {TABLE} at (0,148) size 566x80 [bgcolor=#00FFFF]
        RenderTableSection {TBODY} at (0,0) size 566x80
          RenderTableRow {TR} at (0,0) size 566x60
            RenderTableCell {TD} at (0,10) size 222x40 [bgcolor=#FF0000] [r=0 c=0 rs=1 cs=1]
              RenderImage {IMG} at (0,0) size 222x40
            RenderTableCell {TD} at (222,10) size 145x40 [bgcolor=#666600] [r=0 c=1 rs=1 cs=1]
              RenderImage {IMG} at (0,0) size 145x40
            RenderTableCell {TD} at (367,0) size 199x60 [bgcolor=#009999] [r=0 c=2 rs=1 cs=1]
              RenderText {#text} at (0,0) size 197x59
                text run at (0,0) width 197: "Empty - lots of text here now -"
                text run at (0,20) width 188: "and more and more and more"
                text run at (0,40) width 54: "text in it"
          RenderTableRow {TR} at (0,60) size 566x20
            RenderTableCell {TD} at (0,60) size 367x20 [bgcolor=#0000FF] [r=1 c=0 rs=1 cs=2]
              RenderImage {IMG} at (0,0) size 367x20
            RenderTableCell {TD} at (367,60) size 199x20 [bgcolor=#990099] [r=1 c=2 rs=1 cs=1]
              RenderText {#text} at (0,0) size 43x19
                text run at (0,0) width 43: "Empty"
      RenderBlock {P} at (0,244) size 784x20
        RenderText {#text} at (0,0) size 4x19
          text run at (0,0) width 4: " "
      RenderTable {TABLE} at (0,280) size 566x80 [bgcolor=#00FFFF]
        RenderTableSection {TBODY} at (0,0) size 566x80
          RenderTableRow {TR} at (0,0) size 566x40
            RenderTableCell {TD} at (0,0) size 222x40 [bgcolor=#FF0000] [r=0 c=0 rs=1 cs=1]
              RenderImage {IMG} at (0,0) size 222x40
            RenderTableCell {TD} at (222,0) size 145x40 [bgcolor=#666600] [r=0 c=1 rs=1 cs=1]
              RenderImage {IMG} at (0,0) size 145x40
            RenderTableCell {TD} at (367,10) size 199x20 [bgcolor=#009999] [r=0 c=2 rs=1 cs=1]
              RenderText {#text} at (0,0) size 43x19
                text run at (0,0) width 43: "Empty"
          RenderTableRow {TR} at (0,40) size 566x40
            RenderTableCell {TD} at (0,50) size 367x20 [bgcolor=#0000FF] [r=1 c=0 rs=1 cs=2]
              RenderImage {IMG} at (0,0) size 367x20
            RenderTableCell {TD} at (367,40) size 199x40 [bgcolor=#990099] [r=1 c=2 rs=1 cs=1]
              RenderText {#text} at (0,0) size 186x39
                text run at (0,0) width 186: "Empty - this has lots and lots"
                text run at (0,20) width 125: "and lots of text in it"
      RenderBlock {P} at (0,376) size 784x20
        RenderText {#text} at (0,0) size 472x19
          text run at (0,0) width 472: "Taking away either the cellpadding=0 or cellspacing=0 fixes the problem."
      RenderTable {TABLE} at (0,412) size 566x70 [bgcolor=#00FFFF]
        RenderTableSection {TBODY} at (0,0) size 566x70
          RenderTableRow {TR} at (0,2) size 566x42
            RenderTableCell {TD} at (2,2) size 224x42 [bgcolor=#FF0000] [r=0 c=0 rs=1 cs=1]
              RenderImage {IMG} at (1,1) size 222x40
            RenderTableCell {TD} at (228,2) size 147x42 [bgcolor=#666600] [r=0 c=1 rs=1 cs=1]
              RenderImage {IMG} at (1,1) size 145x40
            RenderTableCell {TD} at (377,12) size 187x22 [bgcolor=#009999] [r=0 c=2 rs=1 cs=1]
              RenderText {#text} at (1,1) size 43x19
                text run at (1,1) width 43: "Empty"
          RenderTableRow {TR} at (0,46) size 566x22
            RenderTableCell {TD} at (2,46) size 373x22 [bgcolor=#0000FF] [r=1 c=0 rs=1 cs=2]
              RenderImage {IMG} at (1,1) size 367x20
            RenderTableCell {TD} at (377,46) size 187x22 [bgcolor=#990099] [r=1 c=2 rs=1 cs=1]
              RenderText {#text} at (1,1) size 43x19
                text run at (1,1) width 43: "Empty"
      RenderBlock {P} at (0,498) size 784x20
        RenderText {#text} at (0,0) size 324x19
          text run at (0,0) width 324: "As does removing the explicit width on the table..."
      RenderTable {TABLE} at (0,534) size 566x60 [bgcolor=#00FFFF]
        RenderTableSection {TBODY} at (0,0) size 566x60
          RenderTableRow {TR} at (0,0) size 566x40
            RenderTableCell {TD} at (0,0) size 222x40 [bgcolor=#FF0000] [r=0 c=0 rs=1 cs=1]
              RenderImage {IMG} at (0,0) size 222x40
            RenderTableCell {TD} at (222,0) size 145x40 [bgcolor=#666600] [r=0 c=1 rs=1 cs=1]
              RenderImage {IMG} at (0,0) size 145x40
            RenderTableCell {TD} at (367,10) size 199x20 [bgcolor=#009999] [r=0 c=2 rs=1 cs=1]
              RenderText {#text} at (0,0) size 43x19
                text run at (0,0) width 43: "Empty"
          RenderTableRow {TR} at (0,40) size 566x20
            RenderTableCell {TD} at (0,40) size 367x20 [bgcolor=#0000FF] [r=1 c=0 rs=1 cs=2]
              RenderImage {IMG} at (0,0) size 367x20
            RenderTableCell {TD} at (367,40) size 199x20 [bgcolor=#990099] [r=1 c=2 rs=1 cs=1]
              RenderText {#text} at (0,0) size 43x19
                text run at (0,0) width 43: "Empty"
