layer at (0,0) size 800x600
  RenderView at (0,0) size 800x600
layer at (0,0) size 800x600
  RenderBlock {HTML} at (0,0) size 800x600
    RenderBody {BODY} at (8,8) size 784x584
      RenderTable {TABLE} at (0,0) size 784x40 [border: (1px outset #808080)]
        RenderTableSection {TBODY} at (1,1) size 782x38
          RenderTableRow {TR} at (0,2) size 782x34
            RenderTableCell {TD} at (2,7) size 388x24 [border: (1px inset #808080)] [r=0 c=0 rs=1 cs=1]
              RenderText {#text} at (2,2) size 27x19
                text run at (2,2) width 27: "One"
            RenderTableCell {TD} at (392,2) size 388x34 [border: (1px inset #808080)] [r=0 c=1 rs=1 cs=1]
              RenderTable {TABLE} at (2,2) size 384x30 [border: (1px outset #808080)]
                RenderTableSection {TBODY} at (1,1) size 382x28
                  RenderTableRow {TR} at (0,2) size 382x24
                    RenderTableCell {TD} at (2,2) size 188x24 [border: (1px inset #808080)] [r=0 c=0 rs=1 cs=1]
                      RenderText {#text} at (2,2) size 29x19
                        text run at (2,2) width 29: "Two"
                    RenderTableCell {TD} at (192,2) size 188x24 [border: (1px inset #808080)] [r=0 c=1 rs=1 cs=1]
                      RenderText {#text} at (2,2) size 38x19
                        text run at (2,2) width 38: "Three"
