layer at (0,0) size 800x600
  RenderView at (0,0) size 800x600
layer at (0,0) size 800x600
  RenderBlock {HTML} at (0,0) size 800x600
    RenderBody {BODY} at (8,8) size 784x584 [bgcolor=#FFFFFF]
      RenderBlock {P} at (0,0) size 784x40
        RenderInline {B} at (0,0) size 433x39
          RenderText {#text} at (0,0) size 156x19
            text run at (0,0) width 156: "Testcase distilled from "
          RenderInline {A} at (0,0) size 278x19 [color=#0000EE]
            RenderText {#text} at (155,0) size 278x19
              text run at (155,0) width 278: "http://www.linuxplanet.com/linuxplanet/"
          RenderBR {BR} at (432,0) size 1x19
          RenderText {#text} at (0,20) size 147x19
            text run at (0,20) width 147: "First cell is coded as: "
        RenderInline {CODE} at (0,0) size 282x14
          RenderText {#text} at (146,25) size 282x14
            text run at (146,25) width 282: "<TD><form>Weekly Poll<P></form></TD>"
      RenderTable {TABLE} at (0,56) size 784x56
        RenderTableSection {TBODY} at (0,0) size 784x56
          RenderTableRow {TR} at (0,0) size 784x56
            RenderTableCell {TD} at (0,0) size 49x56 [r=0 c=0 rs=1 cs=1]
              RenderBlock {FORM} at (0,0) size 49x40
                RenderBlock (anonymous) at (0,0) size 49x40
                  RenderText {#text} at (0,0) size 49x39
                    text run at (0,0) width 49: "Weekly"
                    text run at (0,20) width 26: "Poll"
                RenderBlock {P} at (0,56) size 49x0
            RenderTableCell {TD} at (48,3) size 2x50 [r=0 c=1 rs=1 cs=1]
              RenderImage {IMG} at (0,0) size 1x50
            RenderTableCell {TD} at (49,18) size 735x20 [r=0 c=2 rs=1 cs=1]
              RenderBR {BR} at (0,0) size 0x19
