layer at (0,0) size 800x600
  RenderView at (0,0) size 800x600
layer at (0,0) size 800x600
  RenderBlock {HTML} at (0,0) size 800x600
    RenderBody {BODY} at (8,8) size 784x584
      RenderTable {TABLE} at (0,0) size 32x30 [border: (1px outset #808080)]
        RenderTableSection {TBODY} at (1,1) size 30x28
          RenderTableRow {TR} at (0,2) size 30x24
            RenderTableCell {TD} at (2,2) size 26x24 [border: (1px inset #808080)] [r=0 c=0 rs=1 cs=1]
              RenderText {#text} at (2,2) size 22x19
                text run at (2,2) width 22: "foo"
      RenderBlock (anonymous) at (0,30) size 784x20
        RenderBR {BR} at (0,0) size 0x19
      RenderTable {TABLE} at (0,50) size 38x30 [border: (1px outset #808080)]
        RenderTableSection {TBODY} at (1,1) size 36x28
          RenderTableRow {TR} at (0,2) size 36x24
            RenderTableCell {TD} at (2,2) size 32x24 [border: (1px inset #808080)] [r=0 c=0 rs=1 cs=1]
              RenderText {#text} at (2,2) size 28x19
                text run at (2,2) width 28: "blah"
