layer at (0,0) size 800x1002
  RenderView at (0,0) size 800x600
layer at (0,0) size 800x1002
  RenderBlock {HTML} at (0,0) size 800x1003
    RenderBody {BODY} at (8,21) size 784x966
      RenderBlock {H1} at (0,0) size 784x38
        RenderText {#text} at (0,1) size 344x36
          text run at (0,1) width 344: "Anonymous table objects"
      RenderBlock {P} at (0,59) size 784x21
        RenderText {#text} at (0,0) size 51x19
          text run at (0,0) width 51: "See the "
        RenderInline {A} at (0,0) size 160x19 [color=#0000EE]
          RenderText {#text} at (50,0) size 160x19
            text run at (50,0) width 57: "relevant "
            text run at (106,0) width 104: "section of CSS2"
        RenderText {#text} at (209,0) size 129x19
          text run at (209,0) width 129: " for an explanation. "
        RenderInline {STRONG} at (0,0) size 278x19
          RenderText {#text} at (337,0) size 278x19
            text run at (337,0) width 124: "This test does not "
            text run at (460,0) width 155: "test inline-tables at all."
        RenderText {#text} at (0,0) size 0x0
      RenderBlock {H2} at (0,99) size 784x31
        RenderText {#text} at (0,1) size 66x28
          text run at (0,1) width 66: "Rule 1"
      RenderTable {DIV} at (0,149) size 145x21 [bgcolor=#00FFFF]
        RenderTableSection (anonymous) at (0,0) size 145x20
          RenderTableRow (anonymous) at (0,0) size 145x20
            RenderTableCell (anonymous) at (0,0) size 145x20 [r=0 c=0 rs=1 cs=1]
              RenderText {#text} at (0,0) size 145x19
                text run at (0,0) width 145: "Table 1, Cell 1, Row 1"
      RenderBlock {H2} at (0,189) size 784x31
        RenderText {#text} at (0,1) size 66x28
          text run at (0,1) width 66: "Rule 2"
      RenderBlock {DIV} at (0,239) size 784x21
        RenderTable at (0,0) size 577x20
          RenderTableSection (anonymous) at (0,0) size 577x20
            RenderTableRow (anonymous) at (0,0) size 577x20
              RenderTableCell {SPAN} at (0,0) size 145x20 [bgcolor=#00FFFF] [r=0 c=0 rs=1 cs=1]
                RenderText {#text} at (0,0) size 145x19
                  text run at (0,0) width 145: "Table 1, Row 1, Cell 1"
              RenderTableCell {SPAN} at (144,0) size 145x20 [bgcolor=#00FFFF] [r=0 c=1 rs=1 cs=1]
                RenderText {#text} at (0,0) size 145x19
                  text run at (0,0) width 145: "Table 1, Row 1, Cell 2"
              RenderTableCell {SPAN} at (288,0) size 145x20 [bgcolor=#00FFFF] [r=0 c=2 rs=1 cs=1]
                RenderText {#text} at (0,0) size 145x19
                  text run at (0,0) width 145: "Table 1, Row 1, Cell 3"
              RenderTableCell {SPAN} at (432,0) size 145x20 [bgcolor=#00FFFF] [r=0 c=3 rs=1 cs=1]
                RenderText {#text} at (0,0) size 145x19
                  text run at (0,0) width 145: "Table 1, Row 1, Cell 4"
      RenderBlock {DIV} at (0,275) size 784x61
        RenderTable at (0,0) size 577x60
          RenderTableSection (anonymous) at (0,0) size 577x60
            RenderTableRow (anonymous) at (0,0) size 577x20
              RenderTableCell {SPAN} at (0,0) size 145x20 [bgcolor=#00FFFF] [r=0 c=0 rs=1 cs=1]
                RenderText {#text} at (0,0) size 145x19
                  text run at (0,0) width 145: "Table 2, Row 1, Cell 1"
              RenderTableCell {SPAN} at (144,0) size 145x20 [bgcolor=#00FFFF] [r=0 c=1 rs=1 cs=1]
                RenderText {#text} at (0,0) size 145x19
                  text run at (0,0) width 145: "Table 2, Row 1, Cell 2"
              RenderTableCell {SPAN} at (288,0) size 145x20 [bgcolor=#00FFFF] [r=0 c=2 rs=1 cs=1]
                RenderText {#text} at (0,0) size 145x19
                  text run at (0,0) width 145: "Table 2, Row 1, Cell 3"
              RenderTableCell {SPAN} at (432,0) size 145x20 [bgcolor=#00FFFF] [r=0 c=3 rs=1 cs=1]
                RenderText {#text} at (0,0) size 145x19
                  text run at (0,0) width 145: "Table 2, Row 1, Cell 4"
            RenderTableRow {SPAN} at (0,20) size 577x20 [bgcolor=#00FFFF]
              RenderTableCell {SPAN} at (0,20) size 145x20 [r=1 c=0 rs=1 cs=1]
                RenderText {#text} at (0,0) size 145x19
                  text run at (0,0) width 145: "Table 2, Row 2, Cell 1"
              RenderTableCell {SPAN} at (144,20) size 145x20 [r=1 c=1 rs=1 cs=1]
                RenderText {#text} at (0,0) size 145x19
                  text run at (0,0) width 145: "Table 2, Row 2, Cell 2"
              RenderTableCell {SPAN} at (288,20) size 145x20 [r=1 c=2 rs=1 cs=1]
                RenderText {#text} at (0,0) size 145x19
                  text run at (0,0) width 145: "Table 2, Row 2, Cell 3"
              RenderTableCell {SPAN} at (432,20) size 145x20 [r=1 c=3 rs=1 cs=1]
                RenderText {#text} at (0,0) size 145x19
                  text run at (0,0) width 145: "Table 2, Row 2, Cell 4"
            RenderTableRow (anonymous) at (0,40) size 577x20
              RenderTableCell {SPAN} at (0,40) size 145x20 [bgcolor=#00FFFF] [r=2 c=0 rs=1 cs=1]
                RenderText {#text} at (0,0) size 145x19
                  text run at (0,0) width 145: "Table 2, Row 3, Cell 1"
              RenderTableCell {SPAN} at (144,40) size 145x20 [bgcolor=#00FFFF] [r=2 c=1 rs=1 cs=1]
                RenderText {#text} at (0,0) size 145x19
                  text run at (0,0) width 145: "Table 2, Row 3, Cell 2"
              RenderTableCell {SPAN} at (288,40) size 145x20 [bgcolor=#00FFFF] [r=2 c=2 rs=1 cs=1]
                RenderText {#text} at (0,0) size 145x19
                  text run at (0,0) width 145: "Table 2, Row 3, Cell 3"
              RenderTableCell {SPAN} at (432,40) size 145x20 [bgcolor=#00FFFF] [r=2 c=3 rs=1 cs=1]
                RenderText {#text} at (0,0) size 145x19
                  text run at (0,0) width 145: "Table 2, Row 3, Cell 4"
      RenderBlock {H2} at (0,354) size 784x31
        RenderText {#text} at (0,1) size 139x28
          text run at (0,1) width 139: "Rules 3 and 4"
      RenderBlock {P} at (0,404) size 784x21
        RenderText {#text} at (0,0) size 508x19
          text run at (0,0) width 433: "This section does not test the behavior of columns, column groups, "
          text run at (432,0) width 76: "or captions."
      RenderBlock {DIV} at (0,440) size 784x61
        RenderTable at (0,0) size 577x60
          RenderTableSection (anonymous) at (0,0) size 577x60
            RenderTableRow {SPAN} at (0,0) size 577x20 [bgcolor=#00FFFF]
              RenderTableCell {SPAN} at (0,0) size 145x20 [r=0 c=0 rs=1 cs=1]
                RenderText {#text} at (0,0) size 145x19
                  text run at (0,0) width 145: "Table 1, Row 1, Cell 1"
              RenderTableCell {SPAN} at (144,0) size 145x20 [r=0 c=1 rs=1 cs=1]
                RenderText {#text} at (0,0) size 145x19
                  text run at (0,0) width 145: "Table 1, Row 1, Cell 2"
              RenderTableCell {SPAN} at (288,0) size 145x20 [r=0 c=2 rs=1 cs=1]
                RenderText {#text} at (0,0) size 145x19
                  text run at (0,0) width 145: "Table 1, Row 1, Cell 3"
              RenderTableCell {SPAN} at (432,0) size 145x20 [r=0 c=3 rs=1 cs=1]
                RenderText {#text} at (0,0) size 145x19
                  text run at (0,0) width 145: "Table 1, Row 1, Cell 4"
            RenderTableRow {SPAN} at (0,20) size 577x20 [bgcolor=#00FFFF]
              RenderTableCell {SPAN} at (0,20) size 145x20 [r=1 c=0 rs=1 cs=1]
                RenderText {#text} at (0,0) size 83x19
                  text run at (0,0) width 83: "T 1, R 2, C 1"
              RenderTableCell {SPAN} at (144,20) size 145x20 [r=1 c=1 rs=1 cs=1]
                RenderText {#text} at (0,0) size 145x19
                  text run at (0,0) width 145: "Table 1, Row 2, Cell 2"
              RenderTableCell {SPAN} at (288,20) size 145x20 [r=1 c=2 rs=1 cs=1]
                RenderText {#text} at (0,0) size 145x19
                  text run at (0,0) width 145: "Table 1, Row 2, Cell 3"
              RenderTableCell {SPAN} at (432,20) size 145x20 [r=1 c=3 rs=1 cs=1]
                RenderText {#text} at (0,0) size 145x19
                  text run at (0,0) width 145: "Table 1, Row 2, Cell 4"
            RenderTableRow {SPAN} at (0,40) size 577x20 [bgcolor=#00FFFF]
              RenderTableCell {SPAN} at (0,40) size 145x20 [r=2 c=0 rs=1 cs=1]
                RenderText {#text} at (0,0) size 145x19
                  text run at (0,0) width 145: "Table 1, Row 3, Cell 1"
              RenderTableCell {SPAN} at (144,40) size 145x20 [r=2 c=1 rs=1 cs=1]
                RenderText {#text} at (0,0) size 145x19
                  text run at (0,0) width 145: "Table 1, Row 3, Cell 2"
              RenderTableCell {SPAN} at (288,40) size 145x20 [r=2 c=2 rs=1 cs=1]
                RenderText {#text} at (0,0) size 83x19
                  text run at (0,0) width 83: "T 1, R 3, C 3"
              RenderTableCell {SPAN} at (432,40) size 145x20 [r=2 c=3 rs=1 cs=1]
                RenderText {#text} at (0,0) size 145x19
                  text run at (0,0) width 145: "Table 1, Row 3, Cell 4"
      RenderBlock {P} at (0,516) size 784x21
        RenderText {#text} at (0,0) size 722x19
          text run at (0,0) width 722: "Note: table-header-group and table-footer-group are tested only in their HTML order, and they only appear once."
      RenderBlock {DIV} at (0,552) size 784x101
        RenderTable at (0,0) size 577x100
          RenderTableSection {SPAN} at (0,0) size 577x20 [bgcolor=#00FFFF]
            RenderTableRow (anonymous) at (0,0) size 577x20
              RenderTableCell {SPAN} at (0,0) size 145x20 [bgcolor=#00FFFF] [r=0 c=0 rs=1 cs=1]
                RenderText {#text} at (0,0) size 145x19
                  text run at (0,0) width 145: "Table 2, Row 1, Cell 1"
              RenderTableCell {SPAN} at (144,0) size 145x20 [bgcolor=#00FFFF] [r=0 c=1 rs=1 cs=1]
                RenderText {#text} at (0,0) size 145x19
                  text run at (0,0) width 145: "Table 2, Row 1, Cell 2"
              RenderTableCell {SPAN} at (288,0) size 145x20 [bgcolor=#00FFFF] [r=0 c=2 rs=1 cs=1]
                RenderText {#text} at (0,0) size 145x19
                  text run at (0,0) width 145: "Table 2, Row 1, Cell 3"
              RenderTableCell {SPAN} at (432,0) size 145x20 [bgcolor=#00FFFF] [r=0 c=3 rs=1 cs=1]
                RenderText {#text} at (0,0) size 145x19
                  text run at (0,0) width 145: "Table 2, Row 1, Cell 4"
          RenderTableSection {SPAN} at (0,80) size 577x20 [bgcolor=#00FFFF]
            RenderTableRow (anonymous) at (0,0) size 577x20
              RenderTableCell {SPAN} at (0,0) size 145x20 [bgcolor=#00FFFF] [r=0 c=0 rs=1 cs=1]
                RenderText {#text} at (0,0) size 145x19
                  text run at (0,0) width 145: "Table 2, Row 5, Cell 1"
              RenderTableCell {SPAN} at (144,0) size 145x20 [bgcolor=#00FFFF] [r=0 c=1 rs=1 cs=1]
                RenderText {#text} at (0,0) size 145x19
                  text run at (0,0) width 145: "Table 2, Row 5, Cell 2"
              RenderTableCell {SPAN} at (288,0) size 145x20 [bgcolor=#00FFFF] [r=0 c=2 rs=1 cs=1]
                RenderText {#text} at (0,0) size 83x19
                  text run at (0,0) width 83: "T 2, R 5, C 5"
              RenderTableCell {SPAN} at (432,0) size 145x20 [bgcolor=#00FFFF] [r=0 c=3 rs=1 cs=1]
                RenderText {#text} at (0,0) size 145x19
                  text run at (0,0) width 145: "Table 2, Row 5, Cell 4"
          RenderTableSection (anonymous) at (0,20) size 577x20
            RenderTableRow {SPAN} at (0,0) size 577x20 [bgcolor=#00FFFF]
              RenderTableCell {SPAN} at (0,0) size 145x20 [r=0 c=0 rs=1 cs=1]
                RenderText {#text} at (0,0) size 83x19
                  text run at (0,0) width 83: "T 2, R 2, C 1"
              RenderTableCell {SPAN} at (144,0) size 145x20 [r=0 c=1 rs=1 cs=1]
                RenderText {#text} at (0,0) size 145x19
                  text run at (0,0) width 145: "Table 2, Row 2, Cell 2"
              RenderTableCell {SPAN} at (288,0) size 145x20 [r=0 c=2 rs=1 cs=1]
                RenderText {#text} at (0,0) size 145x19
                  text run at (0,0) width 145: "Table 2, Row 2, Cell 3"
              RenderTableCell {SPAN} at (432,0) size 145x20 [r=0 c=3 rs=1 cs=1]
                RenderText {#text} at (0,0) size 145x19
                  text run at (0,0) width 145: "Table 2, Row 2, Cell 4"
          RenderTableSection {SPAN} at (0,40) size 577x20 [bgcolor=#00FFFF]
            RenderTableRow (anonymous) at (0,0) size 577x20
              RenderTableCell {SPAN} at (0,0) size 145x20 [bgcolor=#00FFFF] [r=0 c=0 rs=1 cs=1]
                RenderText {#text} at (0,0) size 83x19
                  text run at (0,0) width 83: "T 2, R 3, C 1"
              RenderTableCell {SPAN} at (144,0) size 145x20 [bgcolor=#00FFFF] [r=0 c=1 rs=1 cs=1]
                RenderText {#text} at (0,0) size 145x19
                  text run at (0,0) width 145: "Table 2, Row 3, Cell x"
              RenderTableCell {SPAN} at (288,0) size 145x20 [bgcolor=#00FFFF] [r=0 c=2 rs=1 cs=1]
                RenderText {#text} at (0,0) size 145x19
                  text run at (0,0) width 145: "Table 2, Row 3, Cell 3"
              RenderTableCell {SPAN} at (432,0) size 145x20 [bgcolor=#00FFFF] [r=0 c=3 rs=1 cs=1]
                RenderText {#text} at (0,0) size 145x19
                  text run at (0,0) width 145: "Table 2, Row 3, Cell 4"
          RenderTableSection {SPAN} at (0,60) size 577x20 [bgcolor=#00FFFF]
            RenderTableRow {SPAN} at (0,0) size 577x20
              RenderTableCell {SPAN} at (0,0) size 145x20 [r=0 c=0 rs=1 cs=1]
                RenderText {#text} at (0,0) size 83x19
                  text run at (0,0) width 83: "T 2, R 4, C 1"
              RenderTableCell {SPAN} at (144,0) size 145x20 [r=0 c=1 rs=1 cs=1]
                RenderText {#text} at (0,0) size 145x19
                  text run at (0,0) width 145: "Table 2, Row 4, Cell x"
              RenderTableCell {SPAN} at (288,0) size 145x20 [r=0 c=2 rs=1 cs=1]
                RenderText {#text} at (0,0) size 145x19
                  text run at (0,0) width 145: "Table 2, Row 4, Cell 3"
              RenderTableCell {SPAN} at (432,0) size 145x20 [r=0 c=3 rs=1 cs=1]
                RenderText {#text} at (0,0) size 145x19
                  text run at (0,0) width 145: "Table 2, Row 4, Cell 4"
      RenderBlock {H2} at (0,672) size 784x31
        RenderText {#text} at (0,1) size 66x28
          text run at (0,1) width 66: "Rule 5"
      RenderTable {DIV} at (0,722) size 679x101 [bgcolor=#00FFFF]
        RenderTableSection (anonymous) at (0,0) size 679x100
          RenderTableRow {SPAN} at (0,0) size 679x20 [bgcolor=#00FFFF]
            RenderTableCell {SPAN} at (0,0) size 145x20 [r=0 c=0 rs=1 cs=1]
              RenderText {#text} at (0,0) size 145x19
                text run at (0,0) width 145: "Table 2, Row 1, Cell 1"
            RenderTableCell {SPAN} at (144,0) size 145x20 [r=0 c=1 rs=1 cs=1]
              RenderText {#text} at (0,0) size 145x19
                text run at (0,0) width 145: "Table 2, Row 1, Cell 2"
            RenderTableCell {SPAN} at (288,0) size 247x20 [r=0 c=2 rs=1 cs=1]
              RenderText {#text} at (0,0) size 145x19
                text run at (0,0) width 145: "Table 2, Row 1, Cell 3"
            RenderTableCell {SPAN} at (534,0) size 145x20 [r=0 c=3 rs=1 cs=1]
              RenderText {#text} at (0,0) size 145x19
                text run at (0,0) width 145: "Table 2, Row 1, Cell 4"
          RenderTableRow {SPAN} at (0,20) size 679x60 [bgcolor=#00FFFF]
            RenderTableCell (anonymous) at (0,20) size 145x20 [r=1 c=0 rs=1 cs=1]
              RenderBlock {SPAN} at (0,0) size 145x20
                RenderText {#text} at (0,0) size 145x19
                  text run at (0,0) width 145: "Table 2, Row 2, Cell 1"
            RenderTableCell {SPAN} at (144,20) size 145x20 [r=1 c=1 rs=1 cs=1]
              RenderText {#text} at (0,0) size 145x19
                text run at (0,0) width 145: "Table 2, Row 2, Cell 2"
            RenderTableCell (anonymous) at (288,20) size 247x60 [r=1 c=2 rs=1 cs=1]
              RenderBlock {SPAN} at (0,0) size 246x20
                RenderText {#text} at (0,0) size 145x19
                  text run at (0,0) width 145: "Table 2, Row 2, Cell 3"
              RenderBlock {SPAN} at (0,20) size 246x20
                RenderText {#text} at (0,0) size 174x19
                  text run at (0,0) width 174: "also Table 2, Row 2, Cell 3"
              RenderBlock (anonymous) at (0,40) size 246x20
                RenderText {#text} at (0,0) size 174x19
                  text run at (0,0) width 174: "also Table 2, Row 2, Cell 3"
            RenderTableCell {SPAN} at (534,20) size 145x20 [r=1 c=3 rs=1 cs=1]
              RenderText {#text} at (0,0) size 145x19
                text run at (0,0) width 145: "Table 2, Row 2, Cell 4"
          RenderTableRow {SPAN} at (0,80) size 679x20 [bgcolor=#00FFFF]
            RenderTableCell (anonymous) at (0,80) size 145x20 [r=2 c=0 rs=1 cs=1]
              RenderInline {SPAN} at (0,0) size 145x19
                RenderText {#text} at (0,0) size 145x19
                  text run at (0,0) width 145: "Table 2, Row 3, Cell 1"
            RenderTableCell {SPAN} at (144,80) size 145x20 [r=2 c=1 rs=1 cs=1]
              RenderText {#text} at (0,0) size 145x19
                text run at (0,0) width 145: "Table 2, Row 3, Cell 2"
            RenderTableCell (anonymous) at (288,80) size 247x20 [r=2 c=2 rs=1 cs=1]
              RenderTable {SPAN} at (0,0) size 246x20 [bgcolor=#00FFFF]
                RenderTableSection (anonymous) at (0,0) size 246x20
                  RenderTableRow (anonymous) at (0,0) size 246x20
                    RenderTableCell (anonymous) at (0,0) size 246x20 [r=0 c=0 rs=1 cs=1]
                      RenderText {#text} at (0,0) size 246x19
                        text run at (0,0) width 246: "Table 2, Row 3, Cell 3 (a nested table)"
            RenderTableCell {SPAN} at (534,80) size 145x20 [r=2 c=3 rs=1 cs=1]
              RenderText {#text} at (0,0) size 145x19
                text run at (0,0) width 145: "Table 2, Row 3, Cell 4"
      RenderBlock {HR} at (0,838) size 784x3 [border: (1px inset #000000)]
      RenderBlock {P} at (0,856) size 784x37
        RenderInline {A} at (0,0) size 88x19 [color=#0000EE]
          RenderImage {IMG} at (0,0) size 88x31
      RenderBlock {P} at (0,908) size 784x21
        RenderText {#text} at (0,0) size 59x19
          text run at (0,0) width 59: "(Back to "
        RenderInline {A} at (0,0) size 161x19 [color=#0000EE]
          RenderText {#text} at (58,0) size 161x19
            text run at (58,0) width 161: "CSS Testing Information"
        RenderText {#text} at (218,0) size 9x19
          text run at (218,0) width 9: ", "
        RenderInline {A} at (0,0) size 83x19 [color=#0000EE]
          RenderText {#text} at (226,0) size 83x19
            text run at (226,0) width 83: "David Baron"
        RenderText {#text} at (308,0) size 6x19
          text run at (308,0) width 6: ")"
      RenderBlock {P} at (0,944) size 784x21
        RenderInline {A} at (0,0) size 32x19 [color=#0000EE]
          RenderText {#text} at (0,0) size 32x19
            text run at (0,0) width 32: "LDB"
        RenderText {#text} at (32,0) size 8x19
          text run at (32,0) width 8: ", "
        RenderInline {A} at (0,0) size 158x19 [color=#0000EE]
          RenderText {#text} at (40,0) size 158x19
            text run at (40,0) width 158: "dbaron@fas.harvard.edu"
