layer at (0,0) size 800x1116
  RenderView at (0,0) size 800x600
layer at (0,0) size 800x1116
  RenderBlock {HTML} at (0,0) size 800x1116
    RenderBody {BODY} at (8,8) size 784x1100
      RenderBlock {P} at (0,0) size 784x40
        RenderText {#text} at (0,0) size 759x39
          text run at (0,0) width 387: "The table below should have the same width as the red DIV "
          text run at (386,0) width 373: "below this paragraph. The inner image should just fit. The"
          text run at (0,20) width 44: "image "
        RenderInline {EM} at (0,0) size 68x19
          RenderText {#text} at (43,20) size 68x19
            text run at (43,20) width 68: "should not"
        RenderText {#text} at (110,20) size 134x19
          text run at (110,20) width 134: " overrun the borders."
      RenderBlock {DIV} at (0,56) size 610x2 [border: (1px solid #FF0000)]
      RenderTable {TABLE} at (0,74) size 608x387 [border: (1px dotted #000080)]
        RenderTableSection {TBODY} at (1,1) size 606x385
          RenderTableRow {TR} at (0,2) size 606x24
            RenderTableCell {TD} at (2,2) size 149x24 [border: (1px solid #008000)] [r=0 c=0 rs=1 cs=1]
              RenderText {#text} at (2,2) size 8x19
                text run at (2,2) width 8: "a"
            RenderTableCell {TD} at (153,2) size 149x24 [border: (1px solid #008000)] [r=0 c=1 rs=1 cs=1]
              RenderText {#text} at (2,2) size 8x19
                text run at (2,2) width 8: "b"
            RenderTableCell {TD} at (304,2) size 149x24 [border: (1px solid #008000)] [r=0 c=2 rs=1 cs=1]
              RenderText {#text} at (2,2) size 8x19
                text run at (2,2) width 8: "c"
            RenderTableCell {TD} at (455,2) size 149x24 [border: (1px solid #008000)] [r=0 c=3 rs=1 cs=1]
              RenderText {#text} at (2,2) size 8x19
                text run at (2,2) width 8: "d"
          RenderTableRow {TR} at (0,28) size 606x24
            RenderTableCell {TD} at (2,28) size 300x24 [border: (1px solid #008000)] [r=1 c=0 rs=1 cs=2]
              RenderText {#text} at (2,2) size 22x19
                text run at (2,2) width 22: "eee"
            RenderTableCell {TD} at (304,28) size 300x24 [border: (1px solid #008000)] [r=1 c=2 rs=1 cs=2]
              RenderText {#text} at (2,2) size 6x19
                text run at (2,2) width 6: "f"
          RenderTableRow {TR} at (0,54) size 606x329
            RenderTableCell {TD} at (2,54) size 602x329 [border: (1px solid #008000)] [r=2 c=0 rs=1 cs=4]
              RenderImage {IMG} at (2,2) size 593x325
              RenderText {#text} at (0,0) size 0x0
      RenderBlock {DIV} at (0,477) size 610x2 [border: (1px solid #FF0000)]
      RenderBlock {P} at (0,495) size 784x20
        RenderText {#text} at (0,0) size 399x19
          text run at (0,0) width 399: "Mozilla makes the table way too small for no apparent reason."
      RenderBlock {P} at (0,531) size 784x20
        RenderText {#text} at (0,0) size 254x19
          text run at (0,0) width 254: "Here is the same table, one pixel wider:"
      RenderTable {TABLE} at (0,567) size 609x387 [border: (1px dotted #000080)]
        RenderTableSection {TBODY} at (1,1) size 607x385
          RenderTableRow {TR} at (0,2) size 607x24
            RenderTableCell {TD} at (2,2) size 150x24 [border: (1px solid #008000)] [r=0 c=0 rs=1 cs=1]
              RenderText {#text} at (2,2) size 8x19
                text run at (2,2) width 8: "a"
            RenderTableCell {TD} at (153,2) size 150x24 [border: (1px solid #008000)] [r=0 c=1 rs=1 cs=1]
              RenderText {#text} at (2,2) size 8x19
                text run at (2,2) width 8: "b"
            RenderTableCell {TD} at (304,2) size 150x24 [border: (1px solid #008000)] [r=0 c=2 rs=1 cs=1]
              RenderText {#text} at (2,2) size 8x19
                text run at (2,2) width 8: "c"
            RenderTableCell {TD} at (455,2) size 150x24 [border: (1px solid #008000)] [r=0 c=3 rs=1 cs=1]
              RenderText {#text} at (2,2) size 8x19
                text run at (2,2) width 8: "d"
          RenderTableRow {TR} at (0,28) size 607x24
            RenderTableCell {TD} at (2,28) size 301x24 [border: (1px solid #008000)] [r=1 c=0 rs=1 cs=2]
              RenderText {#text} at (2,2) size 22x19
                text run at (2,2) width 22: "eee"
            RenderTableCell {TD} at (304,28) size 301x24 [border: (1px solid #008000)] [r=1 c=2 rs=1 cs=2]
              RenderText {#text} at (2,2) size 6x19
                text run at (2,2) width 6: "f"
          RenderTableRow {TR} at (0,54) size 607x329
            RenderTableCell {TD} at (2,54) size 603x329 [border: (1px solid #008000)] [r=2 c=0 rs=1 cs=4]
              RenderImage {IMG} at (2,2) size 593x325
              RenderText {#text} at (0,0) size 0x0
      RenderBlock {P} at (0,970) size 784x40
        RenderText {#text} at (0,0) size 770x39
          text run at (0,0) width 550: "Observations: Fiddle about with the content of the \"eee\" cell and everything changes. "
          text run at (549,0) width 221: "Remove any of the three rows and"
          text run at (0,20) width 338: "things change. Remove any of the four columns and "
          text run at (337,20) width 341: "things change. Remove the image and things change."
      RenderBlock {P} at (0,1026) size 784x20
        RenderText {#text} at (0,0) size 609x19
          text run at (0,0) width 504: "(Note: If the image has disappeared from the server, replace it with any 593px "
          text run at (503,0) width 106: "image you like.)"
      RenderBlock {P} at (0,1062) size 784x20
        RenderText {#text} at (0,0) size 57x19
          text run at (0,0) width 57: "See also "
        RenderInline {A} at (0,0) size 102x19 [color=#0000EE]
          RenderText {#text} at (56,0) size 102x19
            text run at (56,0) width 102: "tablewidth.html"
        RenderText {#text} at (157,0) size 5x19
          text run at (157,0) width 5: "."
      RenderBlock {HR} at (0,1098) size 784x2 [border: (1px inset #000000)]
