layer at (0,0) size 800x600
  RenderView at (0,0) size 800x600
layer at (0,0) size 800x600
  RenderBlock {HTML} at (0,0) size 800x600
    RenderBody {BODY} at (8,8) size 784x584
      RenderBlock (anonymous) at (0,0) size 784x20
        RenderText {#text} at (0,0) size 323x19
          text run at (0,0) width 323: "If the text is too low, then it is probably Bug 6920."
        RenderText {#text} at (0,0) size 0x0
      RenderTable {TABLE} at (0,20) size 274x66 [bgcolor=#FFCC00] [border: (1px outset #808080)]
        RenderTableSection {TBODY} at (1,1) size 272x64
          RenderTableRow {TR} at (0,2) size 272x60
            RenderTableCell {TD} at (2,2) size 268x60 [border: (1px inset #808080)] [r=0 c=0 rs=1 cs=1]
              RenderBlock {DL} at (2,2) size 264x40
                RenderBlock (anonymous) at (0,0) size 264x0
                  RenderInline {FONT} at (0,0) size 0x0
                    RenderText {#text} at (0,0) size 0x0
                RenderBlock (anonymous) at (0,0) size 264x20
                  RenderBlock {DT} at (0,0) size 264x20
                    RenderText {#text} at (0,0) size 25x19
                      text run at (0,0) width 25: "Baz"
                RenderBlock (anonymous) at (0,20) size 264x0
                  RenderInline {FONT} at (0,0) size 0x0
                  RenderText {#text} at (0,0) size 0x0
                RenderBlock {DD} at (40,20) size 224x20
                  RenderText {#text} at (0,0) size 224x19
                    text run at (0,0) width 224: "foo foo foo foo foo foo foo foo foo"
