layer at (0,0) size 800x600
  RenderView at (0,0) size 800x600
layer at (0,0) size 800x600
  RenderBlock {HTML} at (0,0) size 800x600
    RenderBody {BODY} at (8,8) size 784x584
      RenderBlock {H3} at (0,0) size 784x23
        RenderText {#text} at (0,0) size 194x22
          text run at (0,0) width 194: "With long hidden values"
      RenderTable {TABLE} at (0,41) size 198x69 [border: (1px solid #FF0000)]
        RenderTableSection {TBODY} at (1,1) size 196x66
          RenderTableRow {TR} at (0,2) size 196x60
            RenderTableCell {TD} at (2,2) size 192x60 [r=0 c=0 rs=1 cs=1]
              RenderBlock {FORM} at (1,1) size 190x42
                RenderTextControl {INPUT} at (0,1) size 106x22 [bgcolor=#FFFFFF] [border: (1px solid #3C3C4399)]
                RenderText {#text} at (105,0) size 5x19
                  text run at (105,0) width 5: " "
                RenderButton {INPUT} at (109,1) size 47x20 [color=#FFFFFF] [bgcolor=#007AFF] [border: (1px solid #FFFFFF)]
                  RenderBlock (anonymous) at (12,3) size 22x14
                    RenderText at (0,0) size 22x14
                      text run at (0,0) width 22: " Go "
                RenderText {#text} at (0,0) size 0x0
                RenderBR {BR} at (155,0) size 1x19
                RenderText {#text} at (0,22) size 190x19
                  text run at (0,22) width 190: "Enter City Name or Zip Code"
          RenderTableRow {TR} at (0,64) size 196x0
      RenderBlock {H3} at (0,138) size 784x24
        RenderText {#text} at (0,0) size 201x22
          text run at (0,0) width 201: "With short hidden values"
      RenderTable {TABLE} at (0,180) size 198x69 [border: (1px solid #FF0000)]
        RenderTableSection {TBODY} at (1,1) size 196x66
          RenderTableRow {TR} at (0,2) size 196x60
            RenderTableCell {TD} at (2,2) size 192x60 [r=0 c=0 rs=1 cs=1]
              RenderBlock {FORM} at (1,1) size 190x42
                RenderTextControl {INPUT} at (0,1) size 106x22 [bgcolor=#FFFFFF] [border: (1px solid #3C3C4399)]
                RenderText {#text} at (105,0) size 5x19
                  text run at (105,0) width 5: " "
                RenderButton {INPUT} at (109,1) size 47x20 [color=#FFFFFF] [bgcolor=#007AFF] [border: (1px solid #FFFFFF)]
                  RenderBlock (anonymous) at (12,3) size 22x14
                    RenderText at (0,0) size 22x14
                      text run at (0,0) width 22: " Go "
                RenderText {#text} at (0,0) size 0x0
                RenderBR {BR} at (155,0) size 1x19
                RenderText {#text} at (0,22) size 190x19
                  text run at (0,22) width 190: "Enter City Name or Zip Code"
          RenderTableRow {TR} at (0,64) size 196x0
layer at (19,58) size 92x14
  RenderBlock {DIV} at (6,3) size 94x15
layer at (8,126) size 784x2 clip at (0,0) size 0x0
  RenderBlock {HR} at (0,117) size 784x3 [border: (1px inset #000000)]
layer at (19,196) size 92x14
  RenderBlock {DIV} at (6,3) size 94x15
