layer at (0,0) size 800x600
  RenderView at (0,0) size 800x600
layer at (0,0) size 800x600
  RenderBlock {HTML} at (0,0) size 800x600
    RenderBody {BODY} at (8,8) size 784x584
      RenderTable {TABLE} at (192,0) size 400x46 [border: (1px outset #000000)]
        RenderTableSection {TBODY} at (1,1) size 398x44
          RenderTableRow {TR} at (0,2) size 398x40
            RenderTableCell {TD} at (2,2) size 394x40 [border: (1px inset #000000)] [r=0 c=0 rs=1 cs=1]
              RenderBlock {FORM} at (2,2) size 390x20
                RenderMenuList {SELECT} at (0,0) size 47x20 [color=#007AFF] [bgcolor=#E9E9EA] [border: (1px solid #FFFFFF)]
                  RenderBlock (anonymous) at (6,3) size 35x14
                    RenderText at (0,0) size 23x14
                      text run at (0,0) width 23: "Test"
                RenderText {#text} at (0,0) size 0x0
