layer at (0,0) size 800x600
  RenderView at (0,0) size 800x600
layer at (0,0) size 800x600
  RenderBlock {HTML} at (0,0) size 800x600
    RenderBody {BODY} at (8,8) size 784x584
      RenderTable {TABLE} at (0,0) size 124x82 [border: (1px outset #808080)]
        RenderBlock {CAPTION} at (0,0) size 124x0
        RenderTableSection {TBODY} at (1,1) size 122x80
          RenderTableRow {TR} at (0,2) size 122x24
            RenderTableCell {TD} at (2,2) size 58x24 [border: (1px inset #808080)] [r=0 c=0 rs=1 cs=1]
              RenderText {#text} at (2,2) size 54x19
                text run at (2,2) width 54: "cell data"
            RenderTableCell {TD} at (61,2) size 59x24 [border: (1px inset #808080)] [r=0 c=1 rs=1 cs=1]
              RenderText {#text} at (2,2) size 54x19
                text run at (2,2) width 54: "cell data"
          RenderTableRow {TR} at (0,28) size 122x24
            RenderTableCell {TD} at (2,28) size 58x24 [border: (1px inset #808080)] [r=1 c=0 rs=1 cs=1]
              RenderText {#text} at (2,2) size 54x19
                text run at (2,2) width 54: "cell data"
            RenderTableCell {TD} at (61,28) size 59x24 [border: (1px inset #808080)] [r=1 c=1 rs=1 cs=1]
              RenderText {#text} at (2,2) size 54x19
                text run at (2,2) width 54: "cell data"
          RenderTableRow {TR} at (0,54) size 122x24
            RenderTableCell {TD} at (2,54) size 58x24 [border: (1px inset #808080)] [r=2 c=0 rs=1 cs=1]
              RenderText {#text} at (2,2) size 54x19
                text run at (2,2) width 54: "cell data"
            RenderTableCell {TD} at (61,54) size 59x24 [border: (1px inset #808080)] [r=2 c=1 rs=1 cs=1]
              RenderText {#text} at (2,2) size 54x19
                text run at (2,2) width 54: "cell data"
      RenderBlock (anonymous) at (0,82) size 784x20
        RenderText {#text} at (0,0) size 187x19
          text run at (0,0) width 187: "[object HTMLTableElement]"
