layer at (0,0) size 800x600
  RenderView at (0,0) size 800x600
layer at (0,0) size 800x600
  RenderBlock {HTML} at (0,0) size 800x600
    RenderBody {BODY} at (8,8) size 784x584
      RenderTable {TABLE} at (0,0) size 784x40 [border: (1px outset #808080)]
        RenderTableSection {TBODY} at (1,1) size 782x38
          RenderTableRow {TR} at (0,2) size 782x34
            RenderTableCell {TD} at (2,2) size 778x34 [border: (1px inset #808080)] [r=0 c=0 rs=1 cs=1]
              RenderTable {TABLE} at (2,2) size 774x30 [border: (1px outset #808080)]
                RenderTableSection {TBODY} at (1,1) size 772x28
                  RenderTableRow {TR} at (0,2) size 772x24
                    RenderTableCell {TD} at (2,2) size 221x24 [border: (1px inset #808080)] [r=0 c=0 rs=1 cs=1]
                      RenderText {#text} at (2,2) size 36x19
                        text run at (2,2) width 36: "cell 1"
                    RenderTableCell {TD} at (224,2) size 546x24 [border: (1px inset #808080)] [r=0 c=1 rs=1 cs=1]
                      RenderText {#text} at (2,2) size 36x19
                        text run at (2,2) width 36: "cell 2"
