layer at (0,0) size 800x600
  RenderView at (0,0) size 800x600
layer at (0,0) size 800x600
  RenderBlock {HTML} at (0,0) size 800x600
    RenderBody {BODY} at (8,8) size 784x576 [bgcolor=#FFFFFF]
      RenderBlock {FORM} at (0,0) size 784x30
        RenderTable {TABLE} at (0,0) size 784x30
          RenderTableSection {TBODY} at (0,0) size 784x30
            RenderTableRow {TR} at (0,2) size 784x26 [bgcolor=#FFFFFF]
              RenderTableCell {TD} at (2,2) size 82x26 [r=0 c=0 rs=1 cs=1]
                RenderButton {INPUT} at (3,3) size 76x20 [color=#FFFFFF] [bgcolor=#007AFF] [border: (1px solid #FFFFFF)]
                  RenderBlock (anonymous) at (12,3) size 52x14
                    RenderText at (0,0) size 52x14
                      text run at (0,0) width 52: "Select all"
              RenderTableCell {TD} at (85,2) size 67x26 [r=0 c=1 rs=1 cs=1]
                RenderButton {INPUT} at (3,3) size 61x20 [color=#FFFFFF] [bgcolor=#007AFF] [border: (1px solid #FFFFFF)]
                  RenderBlock (anonymous) at (12,3) size 37x14
                    RenderText at (0,0) size 37x14
                      text run at (0,0) width 37: "Delete"
              RenderTableCell {TD} at (153,2) size 99x26 [r=0 c=2 rs=1 cs=1]
                RenderButton {INPUT} at (3,3) size 92x20 [color=#FFFFFF] [bgcolor=#007AFF] [border: (1px solid #FFFFFF)]
                  RenderBlock (anonymous) at (12,3) size 68x14
                    RenderText at (0,0) size 68x14
                      text run at (0,0) width 68: "Empty trash"
              RenderTableCell {TD} at (253,6) size 341x22 [r=0 c=3 rs=1 cs=1]
                RenderText {#text} at (1,1) size 4x19
                  text run at (1,1) width 4: " "
              RenderTableCell {TD} at (595,2) size 78x26 [r=0 c=4 rs=1 cs=1]
                RenderButton {INPUT} at (3,3) size 72x20 [color=#FFFFFF] [bgcolor=#007AFF] [border: (1px solid #FFFFFF)]
                  RenderBlock (anonymous) at (12,3) size 48x14
                    RenderText at (0,0) size 48x14
                      text run at (0,0) width 48: "Move to:"
              RenderTableCell {TD} at (675,2) size 107x26 [r=0 c=5 rs=1 cs=1]
                RenderMenuList {SELECT} at (3,3) size 101x20 [color=#007AFF] [bgcolor=#E9E9EA] [border: (1px solid #FFFFFF)]
                  RenderBlock (anonymous) at (6,3) size 89x14
                    RenderText at (0,0) size 77x14
                      text run at (0,0) width 77: "Choose folder "
                RenderText {#text} at (0,0) size 0x0
