layer at (0,0) size 800x600
  RenderView at (0,0) size 800x600
layer at (0,0) size 800x600
  RenderBlock {HTML} at (0,0) size 800x600
    RenderBody {BODY} at (8,8) size 784x584 [bgcolor=#FFFFFF]
      RenderBlock (anonymous) at (0,0) size 784x20
        RenderText {#text} at (0,0) size 727x19
          text run at (0,0) width 727: "The bug causes the nested table containing the textarea to be positioned away from the left edge of the outer table"
        RenderBR {BR} at (726,0) size 1x19
      RenderTable {TABLE} at (242,20) size 300x54 [border: (1px outset #808080)]
        RenderTableSection {TBODY} at (1,1) size 298x52
          RenderTableRow {TR} at (0,2) size 298x48
            RenderTableCell {TD} at (2,2) size 294x48 [border: (1px inset #808080)] [r=0 c=0 rs=1 cs=1]
              RenderTable {TABLE} at (2,2) size 58x44 [border: (1px outset #808080)]
                RenderTableSection {TBODY} at (1,1) size 56x42
                  RenderTableRow {TR} at (0,2) size 56x38
                    RenderTableCell {TD} at (2,2) size 52x38 [border: (1px inset #808080)] [r=0 c=0 rs=1 cs=1]
                      RenderText {#text} at (0,0) size 0x0
layer at (260,38) size 48x34 clip at (261,39) size 46x32
  RenderTextControl {TEXTAREA} at (2,2) size 48x34 [bgcolor=#FFFFFF] [border: (1px solid #3C3C4399)]
    RenderBlock {DIV} at (6,3) size 36x14
      RenderText {#text} at (0,0) size 18x14
        text run at (0,0) width 18: "bar"
