layer at (0,0) size 800x600
  RenderView at (0,0) size 800x600
layer at (0,0) size 800x600
  RenderBlock {HTML} at (0,0) size 800x600
    RenderBody {BODY} at (8,8) size 784x584
      RenderTable {TABLE} at (0,0) size 784x584 [border: (1px outset #808080)]
        RenderTableSection {TBODY} at (1,1) size 782x582
          RenderTableRow {TR} at (0,2) size 782x578
            RenderTableCell {TD} at (2,269) size 365x44 [border: (1px inset #808080)] [r=0 c=0 rs=1 cs=1]
              RenderText {#text} at (2,2) size 81x19
                text run at (2,2) width 81: "Outer Table:"
              RenderBR {BR} at (82,2) size 1x19
              RenderText {#text} at (2,22) size 329x19
                text run at (2,22) width 329: "<table border=\"1\" width=\"100%\" height=\"100%\">"
            RenderTableCell {TD} at (368,2) size 413x578 [border: (1px inset #808080)] [r=0 c=1 rs=1 cs=1]
              RenderTable {TABLE} at (2,2) size 408x574 [border: (1px outset #808080)]
                RenderTableSection {TBODY} at (1,1) size 406x572
                  RenderTableRow {TR} at (0,2) size 406x568
                    RenderTableCell {TD} at (2,254) size 366x64 [border: (1px inset #808080)] [r=0 c=0 rs=1 cs=1]
                      RenderText {#text} at (2,2) size 89x19
                        text run at (2,2) width 89: "Nested Table:"
                      RenderBR {BR} at (90,2) size 1x19
                      RenderText {#text} at (2,22) size 329x19
                        text run at (2,22) width 329: "<table border=\"1\" width=\"100%\" height=\"100%\">"
                      RenderBR {BR} at (330,22) size 1x19
                      RenderText {#text} at (2,42) size 134x19
                        text run at (2,42) width 134: "<td height=\"100%\">"
                    RenderTableCell {TD} at (369,274) size 35x24 [border: (1px inset #808080)] [r=0 c=1 rs=1 cs=1]
                      RenderText {#text} at (2,2) size 27x19
                        text run at (2,2) width 27: "asdf"
