layer at (0,0) size 800x687
  RenderView at (0,0) size 800x600
layer at (0,0) size 800x687
  RenderBlock {HTML} at (0,0) size 800x688
    RenderBody {BODY} at (8,19) size 784x661 [bgcolor=#FFFFFF]
      RenderBlock {H2} at (0,0) size 784x30
        RenderText {#text} at (0,1) size 66x28
          text run at (0,1) width 66: "Test A"
      RenderBlock {DIV} at (0,49) size 784x67 [color=#008000]
        RenderTable {TABLE} at (0,0) size 283x66 [border: (10px solid #008000)]
          RenderTableSection {TBODY} at (10,10) size 263x46
            RenderTableRow {TR} at (0,2) size 263x42 [color=#0000FF]
              RenderTableCell {TD} at (2,2) size 55x42 [border: (10px solid #0000FF)] [r=0 c=0 rs=1 cs=1]
                RenderText {#text} at (11,11) size 33x19
                  text run at (11,11) width 33: "Field"
              RenderTableCell {TD} at (58,2) size 203x42 [border: (10px solid #0000FF)] [r=0 c=1 rs=1 cs=1]
                RenderText {#text} at (11,11) size 180x19
                  text run at (11,11) width 180: "Records for Cropping Years"
      RenderBlock {H2} at (0,135) size 784x31
        RenderText {#text} at (0,1) size 64x28
          text run at (0,1) width 64: "Test B"
      RenderTable {TABLE} at (0,185) size 283x67 [border: (10px solid #000000)]
        RenderTableSection {TBODY} at (10,10) size 263x46
          RenderTableRow {TR} at (0,2) size 263x42 [color=#0000FF]
            RenderTableCell {TD} at (2,2) size 55x42 [border: (10px solid #0000FF)] [r=0 c=0 rs=1 cs=1]
              RenderText {#text} at (11,11) size 33x19
                text run at (11,11) width 33: "Field"
            RenderTableCell {TD} at (58,2) size 203x42 [border: (10px solid #0000FF)] [r=0 c=1 rs=1 cs=1]
              RenderText {#text} at (11,11) size 180x19
                text run at (11,11) width 180: "Records for Cropping Years"
      RenderBlock {H2} at (0,271) size 784x31
        RenderText {#text} at (0,1) size 66x28
          text run at (0,1) width 66: "Test C"
      RenderTable {TABLE} at (0,321) size 283x67 [color=#0000FF] [border: (10px solid #0000FF)]
        RenderTableSection {TBODY} at (10,10) size 263x46
          RenderTableRow {TR} at (0,2) size 263x42
            RenderTableCell {TD} at (2,2) size 55x42 [border: (10px solid #0000FF)] [r=0 c=0 rs=1 cs=1]
              RenderText {#text} at (11,11) size 33x19
                text run at (11,11) width 33: "Field"
            RenderTableCell {TD} at (58,2) size 203x42 [border: (10px solid #0000FF)] [r=0 c=1 rs=1 cs=1]
              RenderText {#text} at (11,11) size 180x19
                text run at (11,11) width 180: "Records for Cropping Years"
      RenderBlock {H2} at (0,407) size 784x31
        RenderText {#text} at (0,1) size 66x28
          text run at (0,1) width 66: "Test D"
      RenderTable {TABLE} at (0,457) size 283x67 [color=#0000FF] [border: (10px solid #0000FF)]
        RenderTableSection {TBODY} at (10,10) size 263x46
          RenderTableRow {TR} at (0,2) size 263x42
            RenderTableCell {TD} at (2,2) size 55x42 [border: (10px solid #0000FF)] [r=0 c=0 rs=1 cs=1]
              RenderText {#text} at (11,11) size 33x19
                text run at (11,11) width 33: "Field"
            RenderTableCell {TD} at (58,2) size 203x42 [border: (10px solid #0000FF)] [r=0 c=1 rs=1 cs=1]
              RenderText {#text} at (11,11) size 180x19
                text run at (11,11) width 180: "Records for Cropping Years"
      RenderBlock {H2} at (0,543) size 784x31
        RenderText {#text} at (0,1) size 64x28
          text run at (0,1) width 64: "Test E"
      RenderTable {TABLE} at (0,593) size 283x67 [color=#0000FF] [border: (10px solid #0000FF)]
        RenderTableSection {TBODY} at (10,10) size 263x46
          RenderTableRow {TR} at (0,2) size 263x42
            RenderTableCell {TD} at (2,2) size 55x42 [border: (10px solid #0000FF)] [r=0 c=0 rs=1 cs=1]
              RenderText {#text} at (11,11) size 33x19
                text run at (11,11) width 33: "Field"
            RenderTableCell {TD} at (58,2) size 203x42 [border: (10px solid #0000FF)] [r=0 c=1 rs=1 cs=1]
              RenderText {#text} at (11,11) size 180x19
                text run at (11,11) width 180: "Records for Cropping Years"
