layer at (0,0) size 800x600
  RenderView at (0,0) size 800x600
layer at (0,0) size 800x600
  RenderBlock {HTML} at (0,0) size 800x600
    RenderBody {BODY} at (8,8) size 784x584 [bgcolor=#FFFFFF]
      RenderBlock {P} at (0,0) size 784x20
        RenderText {#text} at (0,0) size 145x19
          text run at (0,0) width 145: "A 101 pixel wide table"
      RenderTable {TABLE} at (0,36) size 101x43
        RenderTableSection {TBODY} at (0,0) size 101x43
          RenderTableRow {TR} at (0,1) size 101x20
            RenderTableCell {TD} at (1,1) size 24x20 [bgcolor=#000000] [r=0 c=0 rs=1 cs=1]
              RenderText {#text} at (0,0) size 4x19
                text run at (0,0) width 4: " "
            RenderTableCell {TD} at (26,1) size 24x20 [bgcolor=#000000] [r=0 c=1 rs=1 cs=1]
              RenderText {#text} at (0,0) size 4x19
                text run at (0,0) width 4: " "
            RenderTableCell {TD} at (51,1) size 24x20 [bgcolor=#000000] [r=0 c=2 rs=1 cs=1]
              RenderText {#text} at (0,0) size 4x19
                text run at (0,0) width 4: " "
            RenderTableCell {TD} at (76,1) size 24x20 [bgcolor=#000000] [r=0 c=3 rs=1 cs=1]
              RenderText {#text} at (0,0) size 4x19
                text run at (0,0) width 4: " "
          RenderTableRow {TR} at (0,22) size 101x20
            RenderTableCell {TD} at (1,22) size 49x20 [bgcolor=#000000] [r=1 c=0 rs=1 cs=2]
              RenderText {#text} at (0,0) size 4x19
                text run at (0,0) width 4: " "
            RenderTableCell {TD} at (51,22) size 49x20 [bgcolor=#000000] [r=1 c=2 rs=1 cs=2]
              RenderText {#text} at (0,0) size 4x19
                text run at (0,0) width 4: " "
      RenderBlock {P} at (0,95) size 784x20
        RenderText {#text} at (0,0) size 145x19
          text run at (0,0) width 145: "A 102 pixel wide table"
      RenderTable {TABLE} at (0,131) size 102x43
        RenderTableSection {TBODY} at (0,0) size 102x43
          RenderTableRow {TR} at (0,1) size 102x20
            RenderTableCell {TD} at (1,1) size 25x20 [bgcolor=#000000] [r=0 c=0 rs=1 cs=1]
              RenderText {#text} at (0,0) size 4x19
                text run at (0,0) width 4: " "
            RenderTableCell {TD} at (26,1) size 25x20 [bgcolor=#000000] [r=0 c=1 rs=1 cs=1]
              RenderText {#text} at (0,0) size 4x19
                text run at (0,0) width 4: " "
            RenderTableCell {TD} at (51,1) size 25x20 [bgcolor=#000000] [r=0 c=2 rs=1 cs=1]
              RenderText {#text} at (0,0) size 4x19
                text run at (0,0) width 4: " "
            RenderTableCell {TD} at (76,1) size 25x20 [bgcolor=#000000] [r=0 c=3 rs=1 cs=1]
              RenderText {#text} at (0,0) size 4x19
                text run at (0,0) width 4: " "
          RenderTableRow {TR} at (0,22) size 102x20
            RenderTableCell {TD} at (1,22) size 50x20 [bgcolor=#000000] [r=1 c=0 rs=1 cs=2]
              RenderText {#text} at (0,0) size 4x19
                text run at (0,0) width 4: " "
            RenderTableCell {TD} at (51,22) size 50x20 [bgcolor=#000000] [r=1 c=2 rs=1 cs=2]
              RenderText {#text} at (0,0) size 4x19
                text run at (0,0) width 4: " "
      RenderBlock {P} at (0,190) size 784x20
        RenderText {#text} at (0,0) size 145x19
          text run at (0,0) width 145: "A 103 pixel wide table"
      RenderTable {TABLE} at (0,226) size 103x43
        RenderTableSection {TBODY} at (0,0) size 103x43
          RenderTableRow {TR} at (0,1) size 103x20
            RenderTableCell {TD} at (1,1) size 25x20 [bgcolor=#000000] [r=0 c=0 rs=1 cs=1]
              RenderText {#text} at (0,0) size 4x19
                text run at (0,0) width 4: " "
            RenderTableCell {TD} at (26,1) size 25x20 [bgcolor=#000000] [r=0 c=1 rs=1 cs=1]
              RenderText {#text} at (0,0) size 4x19
                text run at (0,0) width 4: " "
            RenderTableCell {TD} at (52,1) size 25x20 [bgcolor=#000000] [r=0 c=2 rs=1 cs=1]
              RenderText {#text} at (0,0) size 4x19
                text run at (0,0) width 4: " "
            RenderTableCell {TD} at (77,1) size 25x20 [bgcolor=#000000] [r=0 c=3 rs=1 cs=1]
              RenderText {#text} at (0,0) size 4x19
                text run at (0,0) width 4: " "
          RenderTableRow {TR} at (0,22) size 103x20
            RenderTableCell {TD} at (1,22) size 50x20 [bgcolor=#000000] [r=1 c=0 rs=1 cs=2]
              RenderText {#text} at (0,0) size 4x19
                text run at (0,0) width 4: " "
            RenderTableCell {TD} at (52,22) size 50x20 [bgcolor=#000000] [r=1 c=2 rs=1 cs=2]
              RenderText {#text} at (0,0) size 4x19
                text run at (0,0) width 4: " "
      RenderBlock {P} at (0,285) size 784x20
        RenderText {#text} at (0,0) size 145x19
          text run at (0,0) width 145: "A 104 pixel wide table"
      RenderTable {TABLE} at (0,321) size 104x43
        RenderTableSection {TBODY} at (0,0) size 104x43
          RenderTableRow {TR} at (0,1) size 104x20
            RenderTableCell {TD} at (1,1) size 25x20 [bgcolor=#000000] [r=0 c=0 rs=1 cs=1]
              RenderText {#text} at (0,0) size 4x19
                text run at (0,0) width 4: " "
            RenderTableCell {TD} at (26,1) size 26x20 [bgcolor=#000000] [r=0 c=1 rs=1 cs=1]
              RenderText {#text} at (0,0) size 4x19
                text run at (0,0) width 4: " "
            RenderTableCell {TD} at (52,1) size 26x20 [bgcolor=#000000] [r=0 c=2 rs=1 cs=1]
              RenderText {#text} at (0,0) size 4x19
                text run at (0,0) width 4: " "
            RenderTableCell {TD} at (78,1) size 25x20 [bgcolor=#000000] [r=0 c=3 rs=1 cs=1]
              RenderText {#text} at (0,0) size 4x19
                text run at (0,0) width 4: " "
          RenderTableRow {TR} at (0,22) size 104x20
            RenderTableCell {TD} at (1,22) size 51x20 [bgcolor=#000000] [r=1 c=0 rs=1 cs=2]
              RenderText {#text} at (0,0) size 4x19
                text run at (0,0) width 4: " "
            RenderTableCell {TD} at (52,22) size 51x20 [bgcolor=#000000] [r=1 c=2 rs=1 cs=2]
              RenderText {#text} at (0,0) size 4x19
                text run at (0,0) width 4: " "
