layer at (0,0) size 800x600
  RenderView at (0,0) size 800x600
layer at (0,0) size 800x600
  RenderBlock {HTML} at (0,0) size 800x600
    RenderBody {BODY} at (8,8) size 784x584
      RenderBlock (anonymous) at (0,0) size 784x0
        RenderInline {FONT} at (0,0) size 0x0
      RenderTable {TABLE} at (0,0) size 114x50 [border: (1px outset #808080)]
        RenderBlock {CAPTION} at (0,0) size 114x20
          RenderText {#text} at (33,0) size 47x19
            text run at (33,0) width 47: "TEST1"
        RenderTableSection {TBODY} at (1,21) size 112x28
          RenderTableRow {TR} at (0,2) size 112x24
            RenderTableCell {TD} at (2,2) size 108x24 [border: (1px inset #808080)] [r=0 c=0 rs=1 cs=1]
              RenderText {#text} at (2,2) size 104x19
                text run at (2,2) width 104: "TABLE TEXT1"
      RenderBlock (anonymous) at (0,50) size 784x20
        RenderInline {FONT} at (0,0) size 47x19
          RenderText {#text} at (0,0) size 47x19
            text run at (0,0) width 47: "TEST2"
      RenderTable {TABLE} at (0,70) size 114x30 [border: (1px outset #808080)]
        RenderTableSection {TBODY} at (1,1) size 112x28
          RenderTableRow {TR} at (0,2) size 112x24
            RenderTableCell {TD} at (2,2) size 108x24 [border: (1px inset #808080)] [r=0 c=0 rs=1 cs=1]
              RenderText {#text} at (2,2) size 104x19
                text run at (2,2) width 104: "TABLE TEXT2"
      RenderTable {TABLE} at (0,100) size 114x50 [border: (1px outset #808080)]
        RenderBlock {CAPTION} at (0,0) size 114x20
          RenderText {#text} at (33,0) size 47x19
            text run at (33,0) width 47: "TEST3"
        RenderTableSection {TBODY} at (1,21) size 112x28
          RenderTableRow {TR} at (0,2) size 112x24
            RenderTableCell {TD} at (2,2) size 108x24 [border: (1px inset #808080)] [r=0 c=0 rs=1 cs=1]
              RenderText {#text} at (2,2) size 104x19
                text run at (2,2) width 104: "TABLE TEXT3"
