layer at (0,0) size 800x600
  RenderView at (0,0) size 800x600
layer at (0,0) size 800x600
  RenderBlock {HTML} at (0,0) size 800x600
    RenderBody {BODY} at (8,8) size 784x584
      RenderTable {TABLE} at (0,0) size 784x382 [border: (0.50px none #808080)]
        RenderTableSection {TBODY} at (0,0) size 784x382
          RenderTableRow {TR} at (0,0) size 783x23
            RenderTableCell {TH} at (0,0) size 112x23 [border: (0.50px solid #005A8C)] [r=0 c=0 rs=1 cs=1]
              RenderText {#text} at (42,1) size 28x20
                text run at (42,1) width 28: "Sun"
            RenderTableCell {TH} at (111,0) size 113x23 [border: (0.50px solid #005A8C)] [r=0 c=1 rs=1 cs=1]
              RenderText {#text} at (39,1) size 33x20
                text run at (39,1) width 33: "Mon"
            RenderTableCell {TH} at (223,0) size 113x23 [border: (0.50px solid #005A8C)] [r=0 c=2 rs=1 cs=1]
              RenderText {#text} at (43,1) size 26x20
                text run at (43,1) width 26: "Tue"
            RenderTableCell {TH} at (335,0) size 113x23 [border: (0.50px solid #005A8C)] [r=0 c=3 rs=1 cs=1]
              RenderText {#text} at (40,1) size 32x20
                text run at (40,1) width 32: "Wed"
            RenderTableCell {TH} at (447,0) size 113x23 [border: (0.50px solid #005A8C)] [r=0 c=4 rs=1 cs=1]
              RenderText {#text} at (41,1) size 30x20
                text run at (41,1) width 30: "Thu"
            RenderTableCell {TH} at (559,0) size 113x23 [border: (0.50px solid #005A8C)] [r=0 c=5 rs=1 cs=1]
              RenderText {#text} at (45,1) size 22x20
                text run at (45,1) width 22: "Fri"
            RenderTableCell {TH} at (671,0) size 112x23 [border: (0.50px solid #005A8C)] [r=0 c=6 rs=1 cs=1]
              RenderText {#text} at (44,1) size 24x20
                text run at (44,1) width 24: "Sat"
          RenderTableRow {TR} at (0,23) size 783x43
            RenderTableCell {TD} at (0,23) size 560x3 [border: (0.50px solid #005A8C)] [r=1 c=0 rs=1 cs=5]
            RenderTableCell {TD} at (559,23) size 113x43 [border: (0.50px solid #005A8C)] [r=1 c=5 rs=1 cs=1]
              RenderBlock {DIV} at (1,1) size 110x21
                RenderText {#text} at (0,0) size 8x19
                  text run at (0,0) width 8: "1"
              RenderBlock {DIV} at (1,21) size 110x21
                RenderText {#text} at (0,0) size 29x19
                  text run at (0,0) width 29: "7:50"
            RenderTableCell {TD} at (671,23) size 112x43 [border: (0.50px solid #005A8C)] [r=1 c=6 rs=1 cs=1]
              RenderBlock {DIV} at (1,1) size 110x21
                RenderText {#text} at (0,0) size 8x19
                  text run at (0,0) width 8: "2"
              RenderBlock (anonymous) at (1,21) size 110x21
                RenderText {#text} at (0,0) size 102x19
                  text run at (0,0) width 102: "Althea Halliday"
                RenderBR {BR} at (101,0) size 1x19
          RenderTableRow {TR} at (0,66) size 783x83
            RenderTableCell {TD} at (0,66) size 112x83 [border: (0.50px solid #005A8C)] [r=2 c=0 rs=1 cs=1]
              RenderBlock {DIV} at (1,1) size 110x21
                RenderText {#text} at (0,0) size 8x19
                  text run at (0,0) width 8: "3"
              RenderBlock (anonymous) at (1,21) size 110x61
                RenderText {#text} at (0,0) size 65x19
                  text run at (0,0) width 65: "CHORTle"
                RenderBR {BR} at (64,0) size 1x19
                RenderText {#text} at (0,20) size 69x39
                  text run at (0,20) width 62: "Avondale"
                  text run at (0,40) width 69: "graduation"
            RenderTableCell {TD} at (111,66) size 113x43 [border: (0.50px solid #005A8C)] [r=2 c=1 rs=1 cs=1]
              RenderBlock {DIV} at (1,1) size 110x21
                RenderText {#text} at (0,0) size 8x19
                  text run at (0,0) width 8: "4"
              RenderBlock (anonymous) at (1,21) size 110x21
                RenderBR {BR} at (0,0) size 0x19
            RenderTableCell {TD} at (223,66) size 113x63 [border: (0.50px solid #005A8C)] [r=2 c=2 rs=1 cs=1]
              RenderBlock {DIV} at (1,1) size 110x21
                RenderText {#text} at (0,0) size 8x19
                  text run at (0,0) width 8: "5"
              RenderBlock (anonymous) at (1,21) size 110x41
                RenderText {#text} at (0,0) size 82x39
                  text run at (0,0) width 82: "SAC Speech"
                  text run at (0,20) width 33: "night"
            RenderTableCell {TD} at (335,66) size 113x63 [border: (0.50px solid #005A8C)] [r=2 c=3 rs=1 cs=1]
              RenderBlock {DIV} at (1,1) size 110x21
                RenderText {#text} at (0,0) size 8x19
                  text run at (0,0) width 8: "6"
              RenderBlock (anonymous) at (1,21) size 110x41
                RenderText {#text} at (0,0) size 84x39
                  text run at (0,0) width 84: "Management"
                  text run at (0,20) width 68: "committee"
            RenderTableCell {TD} at (447,66) size 113x83 [border: (0.50px solid #005A8C)] [r=2 c=4 rs=1 cs=1]
              RenderBlock {DIV} at (1,1) size 110x21
                RenderText {#text} at (0,0) size 8x19
                  text run at (0,0) width 8: "7"
              RenderBlock (anonymous) at (1,21) size 110x61
                RenderText {#text} at (0,0) size 100x59
                  text run at (0,0) width 96: "Castle Hill and"
                  text run at (0,20) width 100: "Mountain View"
                  text run at (0,40) width 90: "Speech nights"
            RenderTableCell {TD} at (559,66) size 113x43 [border: (0.50px solid #005A8C)] [r=2 c=5 rs=1 cs=1]
              RenderBlock {DIV} at (1,1) size 110x21
                RenderText {#text} at (0,0) size 8x19
                  text run at (0,0) width 8: "8"
              RenderBlock {DIV} at (1,21) size 110x21
                RenderText {#text} at (0,0) size 29x19
                  text run at (0,0) width 29: "7:56"
            RenderTableCell {TD} at (671,66) size 112x43 [border: (0.50px solid #005A8C)] [r=2 c=6 rs=1 cs=1]
              RenderBlock {DIV} at (1,1) size 110x21
                RenderText {#text} at (0,0) size 8x19
                  text run at (0,0) width 8: "9"
              RenderBlock (anonymous) at (1,21) size 110x21
                RenderText {#text} at (0,0) size 94x19
                  text run at (0,0) width 94: "Reconciliation"
          RenderTableRow {TR} at (0,149) size 783x83
            RenderTableCell {TD} at (0,149) size 112x43 [border: (0.50px solid #005A8C)] [r=3 c=0 rs=1 cs=1]
              RenderBlock {DIV} at (1,1) size 110x21
                RenderText {#text} at (0,0) size 16x19
                  text run at (0,0) width 16: "10"
              RenderBlock (anonymous) at (1,21) size 110x21
                RenderText {#text} at (0,0) size 102x19
                  text run at (0,0) width 102: "Christmas party"
                RenderBR {BR} at (101,0) size 1x19
            RenderTableCell {TD} at (111,149) size 113x43 [border: (0.50px solid #005A8C)] [r=3 c=1 rs=1 cs=1]
              RenderBlock {DIV} at (1,1) size 110x21
                RenderText {#text} at (0,0) size 16x19
                  text run at (0,0) width 16: "11"
              RenderBlock (anonymous) at (1,21) size 110x21
                RenderBR {BR} at (0,0) size 0x19
            RenderTableCell {TD} at (223,149) size 113x43 [border: (0.50px solid #005A8C)] [r=3 c=2 rs=1 cs=1]
              RenderBlock {DIV} at (1,1) size 110x21
                RenderText {#text} at (0,0) size 16x19
                  text run at (0,0) width 16: "12"
              RenderBlock (anonymous) at (1,21) size 110x21
                RenderBR {BR} at (0,0) size 0x19
            RenderTableCell {TD} at (335,149) size 113x83 [border: (0.50px solid #005A8C)] [r=3 c=3 rs=1 cs=1]
              RenderBlock {DIV} at (1,1) size 110x21
                RenderText {#text} at (0,0) size 16x19
                  text run at (0,0) width 16: "13"
              RenderBlock (anonymous) at (1,21) size 110x61
                RenderText {#text} at (0,0) size 77x59
                  text run at (0,0) width 77: "Community"
                  text run at (0,20) width 65: "Ministries"
                  text run at (0,40) width 68: "committee"
            RenderTableCell {TD} at (447,149) size 113x43 [border: (0.50px solid #005A8C)] [r=3 c=4 rs=1 cs=1]
              RenderBlock {DIV} at (1,1) size 110x21
                RenderText {#text} at (0,0) size 16x19
                  text run at (0,0) width 16: "14"
              RenderBlock (anonymous) at (1,21) size 110x21
                RenderBR {BR} at (0,0) size 0x19
            RenderTableCell {TD} at (559,149) size 113x43 [border: (0.50px solid #005A8C)] [r=3 c=5 rs=1 cs=1]
              RenderBlock {DIV} at (1,1) size 110x21
                RenderText {#text} at (0,0) size 16x19
                  text run at (0,0) width 16: "15"
              RenderBlock {DIV} at (1,21) size 110x21
                RenderText {#text} at (0,0) size 29x19
                  text run at (0,0) width 29: "8:02"
            RenderTableCell {TD} at (671,149) size 112x43 [border: (0.50px solid #005A8C)] [r=3 c=6 rs=1 cs=1]
              RenderBlock {DIV} at (1,1) size 110x21
                RenderText {#text} at (0,0) size 16x19
                  text run at (0,0) width 16: "16"
              RenderBlock (anonymous) at (1,21) size 110x21
                RenderText {#text} at (0,0) size 68x19
                  text run at (0,0) width 68: "Paul Goltz"
                RenderBR {BR} at (67,0) size 1x19
          RenderTableRow {TR} at (0,232) size 783x63
            RenderTableCell {TD} at (0,232) size 112x43 [border: (0.50px solid #005A8C)] [r=4 c=0 rs=1 cs=1]
              RenderBlock {DIV} at (1,1) size 110x21
                RenderText {#text} at (0,0) size 16x19
                  text run at (0,0) width 16: "17"
              RenderBlock (anonymous) at (1,21) size 110x21
                RenderBR {BR} at (0,0) size 0x19
            RenderTableCell {TD} at (111,232) size 113x43 [border: (0.50px solid #005A8C)] [r=4 c=1 rs=1 cs=1]
              RenderBlock {DIV} at (1,1) size 110x21
                RenderText {#text} at (0,0) size 16x19
                  text run at (0,0) width 16: "18"
              RenderBlock (anonymous) at (1,21) size 110x21
                RenderBR {BR} at (0,0) size 0x19
            RenderTableCell {TD} at (223,232) size 113x63 [border: (0.50px solid #005A8C)] [r=4 c=2 rs=1 cs=1]
              RenderBlock {DIV} at (1,1) size 110x21
                RenderText {#text} at (0,0) size 16x19
                  text run at (0,0) width 16: "19"
              RenderBlock (anonymous) at (1,21) size 110x41
                RenderText {#text} at (0,0) size 105x39
                  text run at (0,0) width 105: "End school term"
                  text run at (0,20) width 8: "4"
            RenderTableCell {TD} at (335,232) size 113x43 [border: (0.50px solid #005A8C)] [r=4 c=3 rs=1 cs=1]
              RenderBlock {DIV} at (1,1) size 110x21
                RenderText {#text} at (0,0) size 16x19
                  text run at (0,0) width 16: "20"
              RenderBlock (anonymous) at (1,21) size 110x21
                RenderBR {BR} at (0,0) size 0x19
            RenderTableCell {TD} at (447,232) size 113x43 [border: (0.50px solid #005A8C)] [r=4 c=4 rs=1 cs=1]
              RenderBlock {DIV} at (1,1) size 110x21
                RenderText {#text} at (0,0) size 16x19
                  text run at (0,0) width 16: "21"
              RenderBlock (anonymous) at (1,21) size 110x21
                RenderBR {BR} at (0,0) size 0x19
            RenderTableCell {TD} at (559,232) size 113x43 [border: (0.50px solid #005A8C)] [r=4 c=5 rs=1 cs=1]
              RenderBlock {DIV} at (1,1) size 110x21
                RenderText {#text} at (0,0) size 16x19
                  text run at (0,0) width 16: "22"
              RenderBlock {DIV} at (1,21) size 110x21
                RenderText {#text} at (0,0) size 29x19
                  text run at (0,0) width 29: "8:06"
            RenderTableCell {TD} at (671,232) size 112x63 [border: (0.50px solid #005A8C)] [r=4 c=6 rs=1 cs=1]
              RenderBlock {DIV} at (1,1) size 110x21
                RenderText {#text} at (0,0) size 16x19
                  text run at (0,0) width 16: "23"
              RenderBlock (anonymous) at (1,21) size 110x41
                RenderText {#text} at (0,0) size 74x39
                  text run at (0,0) width 65: "Christmas"
                  text run at (0,20) width 74: "programme"
                RenderBR {BR} at (73,20) size 1x19
          RenderTableRow {TR} at (0,295) size 783x43
            RenderTableCell {TD} at (0,295) size 112x43 [border: (0.50px solid #005A8C)] [r=5 c=0 rs=1 cs=1]
              RenderBlock {DIV} at (1,1) size 110x21
                RenderText {#text} at (0,0) size 16x19
                  text run at (0,0) width 16: "24"
              RenderBlock (anonymous) at (1,21) size 110x21
                RenderBR {BR} at (0,0) size 0x19
            RenderTableCell {TD} at (111,295) size 113x43 [border: (0.50px solid #005A8C)] [r=5 c=1 rs=1 cs=1]
              RenderBlock {DIV} at (1,1) size 110x21
                RenderText {#text} at (0,0) size 16x19
                  text run at (0,0) width 16: "25"
              RenderBlock (anonymous) at (1,21) size 110x21
                RenderText {#text} at (0,0) size 92x19
                  text run at (0,0) width 92: "Christmas day"
                RenderBR {BR} at (91,0) size 1x19
            RenderTableCell {TD} at (223,295) size 113x43 [border: (0.50px solid #005A8C)] [r=5 c=2 rs=1 cs=1]
              RenderBlock {DIV} at (1,1) size 110x21
                RenderText {#text} at (0,0) size 16x19
                  text run at (0,0) width 16: "26"
              RenderBlock (anonymous) at (1,21) size 110x21
                RenderText {#text} at (0,0) size 75x19
                  text run at (0,0) width 75: "Boxing day"
                RenderBR {BR} at (74,0) size 1x19
            RenderTableCell {TD} at (335,295) size 113x43 [border: (0.50px solid #005A8C)] [r=5 c=3 rs=1 cs=1]
              RenderBlock {DIV} at (1,1) size 110x21
                RenderText {#text} at (0,0) size 16x19
                  text run at (0,0) width 16: "27"
              RenderBlock (anonymous) at (1,21) size 110x21
                RenderBR {BR} at (0,0) size 0x19
            RenderTableCell {TD} at (447,295) size 113x43 [border: (0.50px solid #005A8C)] [r=5 c=4 rs=1 cs=1]
              RenderBlock {DIV} at (1,1) size 110x21
                RenderText {#text} at (0,0) size 16x19
                  text run at (0,0) width 16: "28"
              RenderBlock (anonymous) at (1,21) size 110x21
                RenderBR {BR} at (0,0) size 0x19
            RenderTableCell {TD} at (559,295) size 113x43 [border: (0.50px solid #005A8C)] [r=5 c=5 rs=1 cs=1]
              RenderBlock {DIV} at (1,1) size 110x21
                RenderText {#text} at (0,0) size 16x19
                  text run at (0,0) width 16: "29"
              RenderBlock {DIV} at (1,21) size 110x21
                RenderText {#text} at (0,0) size 29x19
                  text run at (0,0) width 29: "8:09"
            RenderTableCell {TD} at (671,295) size 112x43 [border: (0.50px solid #005A8C)] [r=5 c=6 rs=1 cs=1]
              RenderBlock {DIV} at (1,1) size 110x21
                RenderText {#text} at (0,0) size 16x19
                  text run at (0,0) width 16: "30"
              RenderBlock (anonymous) at (1,21) size 110x21
                RenderText {#text} at (0,0) size 95x19
                  text run at (0,0) width 95: "David Holman"
                RenderBR {BR} at (94,0) size 1x19
          RenderTableRow {TR} at (0,338) size 783x43
            RenderTableCell {TD} at (0,338) size 112x43 [border: (0.50px solid #005A8C)] [r=6 c=0 rs=1 cs=1]
              RenderBlock {DIV} at (1,1) size 110x21
                RenderText {#text} at (0,0) size 16x19
                  text run at (0,0) width 16: "31"
              RenderBlock (anonymous) at (1,21) size 110x21
                RenderBR {BR} at (0,0) size 0x19
            RenderTableCell {TD} at (111,338) size 672x3 [border: (0.50px solid #005A8C)] [r=6 c=1 rs=1 cs=6]
