layer at (0,0) size 800x600
  RenderView at (0,0) size 800x600
layer at (0,0) size 800x600
  RenderBlock {HTML} at (0,0) size 800x600
    RenderBody {BODY} at (8,8) size 784x584
      RenderTable {TABLE} at (0,0) size 106x52 [border: (5px outset #808080)]
        RenderTableSection {TBODY} at (5,5) size 96x42
          RenderTableRow {TR} at (0,2) size 96x38
            RenderTableCell {TD} at (2,2) size 92x38 [border: (1px inset #808080)] [r=0 c=0 rs=1 cs=1]
              RenderTable {TABLE} at (2,2) size 88x34 [border: (3px outset #808080)]
                RenderTableSection {TBODY} at (3,3) size 82x28
                  RenderTableRow {TR} at (0,2) size 82x24
                    RenderTableCell {TD} at (2,2) size 78x24 [border: (1px inset #808080)] [r=0 c=0 rs=1 cs=1]
                      RenderText {#text} at (2,2) size 74x19
                        text run at (2,2) width 74: "Inner Right"
      RenderTable {TABLE} at (0,52) size 97x52 [border: (5px outset #808080)]
        RenderTableSection {TBODY} at (5,5) size 87x42
          RenderTableRow {TR} at (0,2) size 87x38
            RenderTableCell {TD} at (2,2) size 83x38 [border: (1px inset #808080)] [r=0 c=0 rs=1 cs=1]
              RenderTable {TABLE} at (2,2) size 79x34 [border: (3px outset #808080)]
                RenderTableSection {TBODY} at (3,3) size 73x28
                  RenderTableRow {TR} at (0,2) size 73x24
                    RenderTableCell {TD} at (2,2) size 69x24 [border: (1px inset #808080)] [r=0 c=0 rs=1 cs=1]
                      RenderText {#text} at (2,2) size 65x19
                        text run at (2,2) width 65: "Inner Left"
