layer at (0,0) size 800x600
  RenderView at (0,0) size 800x600
layer at (0,0) size 800x600
  RenderBlock {HTML} at (0,0) size 800x600
    RenderBody {BODY} at (8,8) size 784x584
      RenderTable {TABLE} at (0,0) size 784x90 [bgcolor=#993300] [border: (1px outset #808080)]
        RenderTableSection {TBODY} at (1,1) size 782x88
          RenderTableRow {TR} at (0,2) size 782x84
            RenderTableCell {TD} at (2,2) size 50x84 [border: (1px inset #808080)] [r=0 c=0 rs=1 cs=1]
              RenderText {#text} at (2,2) size 46x79
                text run at (2,2) width 44: "This is"
                text run at (2,22) width 8: "a"
                text run at (2,42) width 46: "sample"
                text run at (2,62) width 28: "cell."
            RenderTableCell {TD} at (53,32) size 727x24 [border: (1px inset #808080)] [r=0 c=1 rs=1 cs=1]
              RenderText {#text} at (2,2) size 4x19
                text run at (2,2) width 4: " "
