layer at (0,0) size 800x600
  RenderView at (0,0) size 800x600
layer at (0,0) size 800x600
  RenderBlock {HTML} at (0,0) size 800x600
    RenderBody {BODY} at (8,8) size 784x584 [bgcolor=#000066]
      RenderTable {TABLE} at (0,0) size 613x96
        RenderTableSection {TBODY} at (0,0) size 613x96
          RenderTableRow {TR} at (0,0) size 613x70
            RenderTableCell {TD} at (0,5) size 126x86 [r=0 c=0 rs=2 cs=1]
              RenderInline {A} at (0,0) size 126x20 [color=#0000EE]
                RenderImage {IMG} at (0,0) size 126x85
              RenderText {#text} at (0,0) size 0x0
            RenderTableCell {TD} at (126,0) size 488x70 [r=0 c=1 rs=1 cs=3]
              RenderInline {NOBR} at (0,0) size 19x19
                RenderIFrame {IFRAME} at (0,0) size 468x60
                  layer at (0,0) size 468x60
                    RenderView at (0,0) size 468x60
                  layer at (0,0) size 468x60
                    RenderBlock {HTML} at (0,0) size 468x60
                      RenderBody {BODY} at (0,0) size 468x60
                        RenderInline {A} at (0,0) size 468x19 [color=#0000EE]
                          RenderText {#text} at (0,0) size 0x0
                          RenderImage {IMG} at (0,0) size 468x60
                        RenderText {#text} at (0,0) size 0x0
                RenderInline {A} at (0,0) size 19x19 [color=#0000EE]
                  RenderImage {IMG} at (468,0) size 19x60
              RenderBR {BR} at (487,45) size 0x19
              RenderImage {IMG} at (0,60) size 470x10
              RenderBR {BR} at (470,55) size 0x19
          RenderTableRow {TR} at (0,70) size 613x26
            RenderTableCell {TD} at (126,70) size 240x26 [bgcolor=#CCCCCC] [r=1 c=1 rs=1 cs=1]
              RenderImage {IMG} at (0,0) size 232x25
            RenderTableCell {TD} at (365,72) size 114x22 [bgcolor=#CCCCCC] [r=1 c=2 rs=1 cs=1]
              RenderTextControl {INPUT} at (1,0) size 86x22 [bgcolor=#FFFFFF] [border: (1px solid #3C3C4399)]
              RenderImage {INPUT} at (86,1) size 26x18
            RenderTableCell {TD} at (478,70) size 136x26 [bgcolor=#CCCCCC] [r=1 c=3 rs=1 cs=1]
              RenderBlock {INPUT} at (2,3) size 16x16 [bgcolor=#FFFFFF03]
              RenderImage {IMG} at (20,1) size 40x25
              RenderBlock {INPUT} at (62,3) size 16x16 [bgcolor=#FFFFFF03]
              RenderText {#text} at (80,2) size 4x19
                text run at (80,2) width 4: " "
              RenderImage {IMG} at (84,1) size 46x25
layer at (382,84) size 71x14
  RenderBlock {DIV} at (6,3) size 73x15
