layer at (0,0) size 800x600
  RenderView at (0,0) size 800x600
layer at (0,0) size 800x600
  RenderBlock {HTML} at (0,0) size 800x600
    RenderBody {BODY} at (8,8) size 784x584
      RenderTable {TABLE} at (0,0) size 38x50
        RenderTableSection {TBODY} at (0,0) size 38x50
          RenderTableRow {TR} at (0,2) size 38x22
            RenderTableCell {TD} at (2,2) size 10x22 [bgcolor=#008000] [r=0 c=0 rs=1 cs=1]
              RenderText {#text} at (1,1) size 8x19
                text run at (1,1) width 8: "a"
            RenderTableCell {TD} at (14,15) size 22x20 [bgcolor=#FFA500] [r=0 c=1 rs=2 cs=1]
              RenderImage {IMG} at (1,1) size 20x18
          RenderTableRow {TR} at (0,26) size 38x22
            RenderTableCell {TD} at (2,26) size 10x22 [bgcolor=#0000FF] [r=1 c=0 rs=1 cs=1]
              RenderText {#text} at (1,1) size 8x19
                text run at (1,1) width 8: "x"
