layer at (0,0) size 800x600
  RenderView at (0,0) size 800x600
layer at (0,0) size 800x600
  RenderBlock {HTML} at (0,0) size 800x600
    RenderBody {BODY} at (8,8) size 784x576
      RenderBlock (anonymous) at (0,0) size 784x20
        RenderText {#text} at (0,0) size 266x19
          text run at (0,0) width 266: "The select should not contain blank items"
        RenderBR {BR} at (265,0) size 1x19
      RenderBlock {FORM} at (0,20) size 784x25
        RenderInline {B} at (0,0) size 47x19
          RenderText {#text} at (0,1) size 47x19
            text run at (0,1) width 47: "Search"
        RenderText {#text} at (46,1) size 5x19
          text run at (46,1) width 5: " "
        RenderTextControl {INPUT} at (52,2) size 142x22 [bgcolor=#FFFFFF] [border: (1px solid #D9D9D9)]
        RenderText {#text} at (195,1) size 5x19
          text run at (195,1) width 5: " "
        RenderMenuList {SELECT} at (201,2) size 71x20 [color=#007AFF] [bgcolor=#EBF5FF]
          RenderBlock (anonymous) at (5,3) size 60x14
            RenderText at (0,0) size 35x14
              text run at (0,0) width 35: "Excite"
        RenderText {#text} at (0,0) size 0x0
      RenderBlock (anonymous) at (0,61) size 784x40
        RenderBR {BR} at (0,0) size 0x19
        RenderText {#text} at (0,20) size 266x19
          text run at (0,20) width 266: "The select should not contain blank items"
        RenderBR {BR} at (265,20) size 1x19
      RenderBlock {FORM} at (0,101) size 784x24
        RenderMenuList {SELECT} at (2,2) size 243x20 [color=#007AFF] [bgcolor=#EBF5FF]
          RenderBlock (anonymous) at (5,3) size 233x14
            RenderText at (0,0) size 59x14
              text run at (0,0) width 59: "Quick Link"
layer at (67,33) size 127x14
  RenderBlock {DIV} at (6,3) size 129x15
