layer at (0,0) size 800x640
  RenderView at (0,0) size 800x600
layer at (0,0) size 800x640
  RenderBlock {HTML} at (0,0) size 800x640
    RenderBody {BODY} at (8,8) size 784x624 [bgcolor=#FFFFFF]
      RenderTable {TABLE} at (0,0) size 308x56 [border: (1px outset #808080)]
        RenderTableCol {COLGROUP} at (0,0) size 0x0
          RenderTableCol {COL} at (0,0) size 0x0
          RenderTableCol {COL} at (0,0) size 0x0
        RenderTableSection {TBODY} at (1,1) size 306x54
          RenderTableRow {TR} at (0,2) size 306x24
          RenderTableRow {TR} at (0,28) size 306x24
      RenderTable {TABLE} at (0,56) size 308x56 [border: (1px outset #808080)]
        RenderTableCol {COLGROUP} at (0,0) size 0x0
          RenderTableCol {COL} at (0,0) size 0x0
          RenderTableCol {COL} at (0,0) size 0x0
        RenderTableSection {TBODY} at (1,1) size 306x54
          RenderTableRow {TR} at (0,2) size 306x24
          RenderTableRow {TR} at (0,28) size 306x24
      RenderTable {TABLE} at (0,112) size 300x56 [border: (1px outset #808080)]
        RenderTableSection {TBODY} at (1,1) size 298x54
          RenderTableRow {TR} at (0,2) size 298x24
          RenderTableRow {TR} at (0,28) size 298x24
      RenderTable {TABLE} at (0,168) size 300x56 [border: (1px outset #808080)]
        RenderTableSection {TBODY} at (1,1) size 298x54
          RenderTableRow {TR} at (0,2) size 298x24
          RenderTableRow {TR} at (0,28) size 298x24
      RenderTable {TABLE} at (0,224) size 300x57 [border: (1px outset #808080)]
        RenderTableSection {TBODY} at (1,1) size 298x55
          RenderTableRow {TR} at (0,2) size 298x25
          RenderTableRow {TR} at (0,29) size 298x24
      RenderTable {TABLE} at (0,281) size 300x57 [border: (1px outset #808080)]
        RenderTableSection {TBODY} at (1,1) size 298x55
          RenderTableRow {TR} at (0,2) size 298x25
          RenderTableRow {TR} at (0,29) size 298x24
      RenderTable {TABLE} at (0,338) size 300x98 [border: (1px outset #808080)]
        RenderTableSection {TBODY} at (1,1) size 298x96
          RenderTableRow {TR} at (0,2) size 298x48
          RenderTableRow {TR} at (0,52) size 298x42
      RenderTable {TABLE} at (0,530) size 300x94 [border: (1px outset #808080)]
        RenderTableSection {TBODY} at (1,1) size 298x92
          RenderTableRow {TR} at (0,2) size 298x62
          RenderTableRow {TR} at (0,66) size 298x24
layer at (11,11) size 200x24 clip at (12,12) size 198x22
  RenderTableCell {TD} at (2,2) size 200x24 [bgcolor=#0000FF] [border: (1px inset #808080)] [r=0 c=0 rs=1 cs=1]
    RenderText {#text} at (2,2) size 4x19
      text run at (2,2) width 4: " "
layer at (213,11) size 100x24 clip at (214,12) size 98x22
  RenderTableCell {TD} at (204,2) size 100x24 [bgcolor=#0000FF] [border: (1px inset #808080)] [r=0 c=1 rs=1 cs=1]
    RenderText {#text} at (2,2) size 4x19
      text run at (2,2) width 4: " "
layer at (11,37) size 200x24 clip at (12,38) size 198x22
  RenderTableCell {TD} at (2,28) size 200x24 [bgcolor=#0000FF] [border: (1px inset #808080)] [r=1 c=0 rs=1 cs=1]
    RenderText {#text} at (2,2) size 4x19
      text run at (2,2) width 4: " "
layer at (213,37) size 100x24 clip at (214,38) size 98x22
  RenderTableCell {TD} at (204,28) size 100x24 [bgcolor=#0000FF] [border: (1px inset #808080)] [r=1 c=1 rs=1 cs=1]
    RenderText {#text} at (2,2) size 4x19
      text run at (2,2) width 4: " "
layer at (11,67) size 200x24 clip at (12,68) size 198x22
  RenderTableCell {TD} at (2,2) size 200x24 [bgcolor=#0000FF] [border: (1px inset #808080)] [r=0 c=0 rs=1 cs=1]
    RenderText {#text} at (2,2) size 4x19
      text run at (2,2) width 4: " "
layer at (213,67) size 100x24 clip at (214,68) size 98x22
  RenderTableCell {TD} at (204,2) size 100x24 [bgcolor=#0000FF] [border: (1px inset #808080)] [r=0 c=1 rs=1 cs=1]
    RenderText {#text} at (2,2) size 4x19
      text run at (2,2) width 4: " "
layer at (11,93) size 200x24 clip at (12,94) size 198x22
  RenderTableCell {TD} at (2,28) size 200x24 [bgcolor=#0000FF] [border: (1px inset #808080)] [r=1 c=0 rs=1 cs=1]
    RenderText {#text} at (2,2) size 4x19
      text run at (2,2) width 4: " "
layer at (213,93) size 100x24 clip at (214,94) size 98x22
  RenderTableCell {TD} at (204,28) size 100x24 [bgcolor=#0000FF] [border: (1px inset #808080)] [r=1 c=1 rs=1 cs=1]
    RenderText {#text} at (2,2) size 4x19
      text run at (2,2) width 4: " "
layer at (11,123) size 234x24 clip at (12,124) size 232x22
  RenderTableCell {TD} at (2,2) size 234x24 [bgcolor=#0000FF] [border: (1px inset #808080)] [r=0 c=0 rs=1 cs=1]
    RenderText {#text} at (2,2) size 4x19
      text run at (2,2) width 4: " "
layer at (247,123) size 58x24 clip at (248,124) size 56x22
  RenderTableCell {TD} at (237,2) size 59x24 [bgcolor=#0000FF] [border: (1px inset #808080)] [r=0 c=1 rs=1 cs=1]
    RenderText {#text} at (2,2) size 4x19
      text run at (2,2) width 4: " "
layer at (11,149) size 234x24 clip at (12,150) size 232x22
  RenderTableCell {TD} at (2,28) size 234x24 [bgcolor=#0000FF] [border: (1px inset #808080)] [r=1 c=0 rs=1 cs=1]
    RenderText {#text} at (2,2) size 4x19
      text run at (2,2) width 4: " "
layer at (247,149) size 58x24 clip at (248,150) size 56x22
  RenderTableCell {TD} at (237,28) size 59x24 [bgcolor=#0000FF] [border: (1px inset #808080)] [r=1 c=1 rs=1 cs=1]
    RenderText {#text} at (2,2) size 4x19
      text run at (2,2) width 4: " "
layer at (11,179) size 154x24 clip at (12,180) size 152x22
  RenderTableCell {TD} at (2,2) size 154x24 [bgcolor=#0000FF] [border: (1px inset #808080)] [r=0 c=0 rs=1 cs=1]
    RenderText {#text} at (2,2) size 4x19
      text run at (2,2) width 4: " "
layer at (167,179) size 138x24 clip at (168,180) size 136x22
  RenderTableCell {TD} at (158,2) size 138x24 [bgcolor=#0000FF] [border: (1px inset #808080)] [r=0 c=1 rs=1 cs=1]
    RenderText {#text} at (2,2) size 4x19
      text run at (2,2) width 4: " "
layer at (11,205) size 154x24 clip at (12,206) size 152x22
  RenderTableCell {TD} at (2,28) size 154x24 [bgcolor=#0000FF] [border: (1px inset #808080)] [r=1 c=0 rs=1 cs=1]
    RenderText {#text} at (2,2) size 4x19
      text run at (2,2) width 4: " "
layer at (167,205) size 138x24 clip at (168,206) size 136x22
  RenderTableCell {TD} at (158,28) size 138x24 [bgcolor=#0000FF] [border: (1px inset #808080)] [r=1 c=1 rs=1 cs=1]
    RenderText {#text} at (2,2) size 4x19
      text run at (2,2) width 4: " "
layer at (11,235) size 154x25 clip at (12,236) size 152x23 scrollWidth 201
  RenderTableCell {TD} at (2,2) size 154x25 [bgcolor=#0000FF] [border: (1px inset #808080)] [r=0 c=0 rs=1 cs=1]
    RenderBlock {FORM} at (2,2) size 150x21
      RenderButton {BUTTON} at (0,1) size 200x20 [color=#007AFF] [bgcolor=#E9E9EA] [border: (1px solid #FFFFFF)]
        RenderBlock (anonymous) at (12,3) size 176x14
          RenderText {#text} at (70,0) size 36x14
            text run at (70,0) width 36: "button"
layer at (167,235) size 138x25 clip at (168,236) size 136x23
  RenderTableCell {TD} at (158,2) size 138x25 [bgcolor=#0000FF] [border: (1px inset #808080)] [r=0 c=1 rs=1 cs=1]
    RenderText {#text} at (2,2) size 4x20
      text run at (2,2) width 4: " "
layer at (11,262) size 154x24 clip at (12,263) size 152x22
  RenderTableCell {TD} at (2,29) size 154x24 [bgcolor=#0000FF] [border: (1px inset #808080)] [r=1 c=0 rs=1 cs=1]
    RenderText {#text} at (2,2) size 4x19
      text run at (2,2) width 4: " "
layer at (167,262) size 138x24 clip at (168,263) size 136x22
  RenderTableCell {TD} at (158,29) size 138x24 [bgcolor=#0000FF] [border: (1px inset #808080)] [r=1 c=1 rs=1 cs=1]
    RenderText {#text} at (2,2) size 4x19
      text run at (2,2) width 4: " "
layer at (11,292) size 281x25 clip at (12,293) size 279x23
  RenderTableCell {TD} at (2,2) size 281x25 [bgcolor=#0000FF] [border: (1px inset #808080)] [r=0 c=0 rs=1 cs=1]
    RenderBlock {FORM} at (2,2) size 277x21
      RenderButton {BUTTON} at (0,1) size 200x20 [color=#007AFF] [bgcolor=#E9E9EA] [border: (1px solid #FFFFFF)]
        RenderBlock (anonymous) at (12,3) size 176x14
          RenderText {#text} at (70,0) size 36x14
            text run at (70,0) width 36: "button"
layer at (294,292) size 11x25 clip at (295,293) size 9x23
  RenderTableCell {TD} at (284,2) size 13x25 [bgcolor=#0000FF] [border: (1px inset #808080)] [r=0 c=1 rs=1 cs=1]
    RenderText {#text} at (2,2) size 4x20
      text run at (2,2) width 4: " "
layer at (11,319) size 281x24 clip at (12,320) size 279x22
  RenderTableCell {TD} at (2,29) size 281x24 [bgcolor=#0000FF] [border: (1px inset #808080)] [r=1 c=0 rs=1 cs=1]
    RenderText {#text} at (2,2) size 4x19
      text run at (2,2) width 4: " "
layer at (294,319) size 11x24 clip at (295,320) size 9x22
  RenderTableCell {TD} at (284,29) size 13x24 [bgcolor=#0000FF] [border: (1px inset #808080)] [r=1 c=1 rs=1 cs=1]
    RenderText {#text} at (2,2) size 4x19
      text run at (2,2) width 4: " "
layer at (11,349) size 172x48 clip at (12,350) size 170x46 scrollWidth 216
  RenderTableCell {TD} at (2,2) size 172x48 [bgcolor=#0000FF] [border: (1px inset #808080)] [r=0 c=0 rs=1 cs=1]
    RenderBlock {DIV} at (11,11) size 206x26 [border: (3px solid #000000)]
      RenderText {#text} at (3,3) size 21x19
        text run at (3,3) width 21: "div"
layer at (185,349) size 120x48 clip at (186,350) size 118x46
  RenderTableCell {TD} at (176,5) size 120x42 [bgcolor=#0000FF] [border: (1px inset #808080)] [r=0 c=1 rs=1 cs=1]
    RenderText {#text} at (11,14) size 4x19
      text run at (11,11) width 4: " "
layer at (11,399) size 172x42 clip at (12,400) size 170x40
  RenderTableCell {TD} at (2,52) size 172x42 [bgcolor=#0000FF] [border: (1px inset #808080)] [r=1 c=0 rs=1 cs=1]
    RenderText {#text} at (11,11) size 4x19
      text run at (11,11) width 4: " "
layer at (185,399) size 120x42 clip at (186,400) size 118x40
  RenderTableCell {TD} at (176,52) size 120x42 [bgcolor=#0000FF] [border: (1px inset #808080)] [r=1 c=1 rs=1 cs=1]
    RenderText {#text} at (11,11) size 4x19
      text run at (11,11) width 4: " "
layer at (8,444) size 300x94 clip at (9,445) size 298x92
  RenderTable {TABLE} at (0,436) size 300x94 [border: (1px outset #808080)]
    RenderTableSection {TBODY} at (1,1) size 298x92
      RenderTableRow {TR} at (0,2) size 298x62
      RenderTableRow {TR} at (0,66) size 298x24
layer at (11,447) size 154x62 clip at (12,448) size 152x60 scrollWidth 207
  RenderTableCell {TD} at (2,2) size 154x62 [bgcolor=#0000FF] [border: (1px inset #808080)] [r=0 c=0 rs=1 cs=1]
    RenderBlock {P} at (2,18) size 206x26 [border: (3px solid #000000)]
      RenderText {#text} at (3,3) size 28x19
        text run at (3,3) width 28: "para"
layer at (167,447) size 138x62 clip at (168,448) size 136x60
  RenderTableCell {TD} at (158,21) size 138x24 [bgcolor=#0000FF] [border: (1px inset #808080)] [r=0 c=1 rs=1 cs=1]
    RenderText {#text} at (2,21) size 4x19
      text run at (2,2) width 4: " "
layer at (11,511) size 154x24 clip at (12,512) size 152x22
  RenderTableCell {TD} at (2,66) size 154x24 [bgcolor=#0000FF] [border: (1px inset #808080)] [r=1 c=0 rs=1 cs=1]
    RenderText {#text} at (2,2) size 4x19
      text run at (2,2) width 4: " "
layer at (167,511) size 138x24 clip at (168,512) size 136x22
  RenderTableCell {TD} at (158,66) size 138x24 [bgcolor=#0000FF] [border: (1px inset #808080)] [r=1 c=1 rs=1 cs=1]
    RenderText {#text} at (2,2) size 4x19
      text run at (2,2) width 4: " "
layer at (11,541) size 254x62 clip at (12,542) size 252x60
  RenderTableCell {TD} at (2,2) size 254x62 [bgcolor=#0000FF] [border: (1px inset #808080)] [r=0 c=0 rs=1 cs=1]
    RenderBlock {P} at (2,18) size 206x26 [border: (3px solid #000000)]
      RenderText {#text} at (3,3) size 28x19
        text run at (3,3) width 28: "para"
layer at (267,541) size 38x62 clip at (268,542) size 36x60
  RenderTableCell {TD} at (258,21) size 38x24 [bgcolor=#0000FF] [border: (1px inset #808080)] [r=0 c=1 rs=1 cs=1]
    RenderText {#text} at (2,21) size 4x19
      text run at (2,2) width 4: " "
layer at (11,605) size 254x24 clip at (12,606) size 252x22
  RenderTableCell {TD} at (2,66) size 254x24 [bgcolor=#0000FF] [border: (1px inset #808080)] [r=1 c=0 rs=1 cs=1]
    RenderText {#text} at (2,2) size 4x19
      text run at (2,2) width 4: " "
layer at (267,605) size 38x24 clip at (268,606) size 36x22
  RenderTableCell {TD} at (258,66) size 38x24 [bgcolor=#0000FF] [border: (1px inset #808080)] [r=1 c=1 rs=1 cs=1]
    RenderText {#text} at (2,2) size 4x19
      text run at (2,2) width 4: " "
