layer at (0,0) size 800x600
  RenderView at (0,0) size 800x600
layer at (0,0) size 800x307
  RenderBlock {HTML} at (0,0) size 800x307
    RenderBody {BODY} at (8,8) size 784x291 [bgcolor=#FFFFFF]
      RenderTable {TABLE} at (0,0) size 176x291
        RenderTableSection {TBODY} at (0,0) size 176x291
          RenderTableRow {TR} at (0,0) size 176x37
            RenderTableCell {TD} at (0,0) size 44x37 [border: (1px solid #000000)] [r=0 c=0 rs=1 cs=1]
              RenderText {#text} at (8,8) size 28x20
                text run at (8,8) width 28: "blah"
            RenderTableCell {TD} at (43,0) size 45x37 [border: (1px solid #000000)] [r=0 c=1 rs=1 cs=1]
              RenderText {#text} at (8,8) size 28x20
                text run at (8,8) width 28: "blah"
            RenderTableCell {TD} at (87,0) size 45x37 [border: (1px solid #000000)] [r=0 c=2 rs=1 cs=1]
              RenderText {#text} at (8,8) size 28x20
                text run at (8,8) width 28: "blah"
            RenderTableCell {TD} at (131,0) size 45x37 [border: (1px solid #000000)] [r=0 c=3 rs=1 cs=1]
              RenderText {#text} at (8,8) size 28x20
                text run at (8,8) width 28: "blah"
          RenderTableRow {TR} at (0,36) size 176x37
            RenderTableCell {TD} at (0,36) size 44x37 [border: (1px solid #000000)] [r=1 c=0 rs=1 cs=1]
              RenderText {#text} at (8,8) size 28x20
                text run at (8,8) width 28: "blah"
            RenderTableCell {TD} at (43,36) size 45x37 [border: (1px solid #000000)] [r=1 c=1 rs=1 cs=1]
              RenderText {#text} at (8,8) size 28x20
                text run at (8,8) width 28: "blah"
            RenderTableCell {TD} at (87,36) size 45x37 [border: (1px solid #000000)] [r=1 c=2 rs=1 cs=1]
              RenderText {#text} at (8,8) size 28x20
                text run at (8,8) width 28: "blah"
            RenderTableCell {TD} at (131,36) size 45x37 [border: (1px solid #000000)] [r=1 c=3 rs=1 cs=1]
              RenderText {#text} at (8,8) size 28x20
                text run at (8,8) width 28: "blah"
          RenderTableRow {TR} at (0,72) size 176x37
            RenderTableCell {TD} at (0,72) size 44x37 [border: (1px solid #000000)] [r=2 c=0 rs=1 cs=1]
              RenderText {#text} at (8,8) size 28x20
                text run at (8,8) width 28: "blah"
            RenderTableCell {TD} at (43,72) size 45x37 [border: (1px solid #000000)] [r=2 c=1 rs=1 cs=1]
              RenderText {#text} at (8,8) size 28x20
                text run at (8,8) width 28: "blah"
            RenderTableCell {TD} at (87,72) size 45x37 [border: (1px solid #000000)] [r=2 c=2 rs=1 cs=1]
              RenderText {#text} at (8,8) size 28x20
                text run at (8,8) width 28: "blah"
            RenderTableCell {TD} at (131,72) size 45x37 [border: (1px solid #000000)] [r=2 c=3 rs=1 cs=1]
              RenderText {#text} at (8,8) size 28x20
                text run at (8,8) width 28: "blah"
          RenderTableRow {TR} at (0,108) size 176x38
            RenderTableCell {TD} at (0,108) size 44x38 [border: (1px solid #000000)] [r=3 c=0 rs=1 cs=1]
              RenderText {#text} at (8,8) size 28x20
                text run at (8,8) width 28: "blah"
            RenderTableCell {TD} at (43,108) size 45x38 [border: (1px solid #000000)] [r=3 c=1 rs=1 cs=1]
              RenderText {#text} at (8,8) size 28x20
                text run at (8,8) width 28: "blah"
            RenderTableCell {TD} at (87,108) size 45x38 [border: (1px solid #000000)] [r=3 c=2 rs=1 cs=1]
              RenderText {#text} at (8,8) size 28x20
                text run at (8,8) width 28: "blah"
            RenderTableCell {TD} at (131,108) size 45x38 [border: (1px solid #000000)] [r=3 c=3 rs=1 cs=1]
              RenderText {#text} at (8,8) size 28x20
                text run at (8,8) width 28: "blah"
          RenderTableRow {TR} at (0,145) size 176x37
            RenderTableCell {TD} at (0,145) size 44x37 [border: (1px solid #000000)] [r=4 c=0 rs=1 cs=1]
              RenderText {#text} at (8,8) size 28x20
                text run at (8,8) width 28: "blah"
            RenderTableCell {TD} at (43,145) size 45x37 [border: (1px solid #000000)] [r=4 c=1 rs=1 cs=1]
              RenderText {#text} at (8,8) size 28x20
                text run at (8,8) width 28: "blah"
            RenderTableCell {TD} at (87,145) size 45x37 [border: (1px solid #000000)] [r=4 c=2 rs=1 cs=1]
              RenderText {#text} at (8,8) size 28x20
                text run at (8,8) width 28: "blah"
            RenderTableCell {TD} at (131,145) size 45x37 [border: (1px solid #000000)] [r=4 c=3 rs=1 cs=1]
              RenderText {#text} at (8,8) size 28x20
                text run at (8,8) width 28: "blah"
          RenderTableRow {TR} at (0,181) size 176x37
            RenderTableCell {TD} at (0,181) size 44x37 [border: (1px solid #000000)] [r=5 c=0 rs=1 cs=1]
              RenderText {#text} at (8,8) size 28x20
                text run at (8,8) width 28: "blah"
            RenderTableCell {TD} at (43,181) size 45x37 [border: (1px solid #000000)] [r=5 c=1 rs=1 cs=1]
              RenderText {#text} at (8,8) size 28x20
                text run at (8,8) width 28: "blah"
            RenderTableCell {TD} at (87,181) size 45x37 [border: (1px solid #000000)] [r=5 c=2 rs=1 cs=1]
              RenderText {#text} at (8,8) size 28x20
                text run at (8,8) width 28: "blah"
            RenderTableCell {TD} at (131,181) size 45x37 [border: (1px solid #000000)] [r=5 c=3 rs=1 cs=1]
              RenderText {#text} at (8,8) size 28x20
                text run at (8,8) width 28: "blah"
          RenderTableRow {TR} at (0,217) size 176x38
            RenderTableCell {TD} at (0,217) size 44x38 [border: (1px solid #000000)] [r=6 c=0 rs=1 cs=1]
              RenderText {#text} at (8,8) size 28x20
                text run at (8,8) width 28: "blah"
            RenderTableCell {TD} at (43,217) size 45x38 [border: (1px solid #000000)] [r=6 c=1 rs=1 cs=1]
              RenderText {#text} at (8,8) size 28x20
                text run at (8,8) width 28: "blah"
            RenderTableCell {TD} at (87,217) size 45x38 [border: (1px solid #000000)] [r=6 c=2 rs=1 cs=1]
              RenderText {#text} at (8,8) size 28x20
                text run at (8,8) width 28: "blah"
            RenderTableCell {TD} at (131,217) size 45x38 [border: (1px solid #000000)] [r=6 c=3 rs=1 cs=1]
              RenderText {#text} at (8,8) size 28x20
                text run at (8,8) width 28: "blah"
          RenderTableRow {TR} at (0,254) size 176x37
            RenderTableCell {TD} at (0,254) size 44x37 [border: (1px solid #000000)] [r=7 c=0 rs=1 cs=1]
              RenderText {#text} at (8,8) size 28x20
                text run at (8,8) width 28: "blah"
            RenderTableCell {TD} at (43,254) size 45x37 [border: (1px solid #000000)] [r=7 c=1 rs=1 cs=1]
              RenderText {#text} at (8,8) size 28x20
                text run at (8,8) width 28: "blah"
            RenderTableCell {TD} at (87,254) size 45x37 [border: (1px solid #000000)] [r=7 c=2 rs=1 cs=1]
              RenderText {#text} at (8,8) size 28x20
                text run at (8,8) width 28: "blah"
            RenderTableCell {TD} at (131,254) size 45x37 [border: (1px solid #000000)] [r=7 c=3 rs=1 cs=1]
              RenderText {#text} at (8,8) size 28x20
                text run at (8,8) width 28: "blah"
