layer at (0,0) size 800x736
  RenderView at (0,0) size 800x600
layer at (0,0) size 800x736
  RenderBlock {HTML} at (0,0) size 800x736
    RenderBody {BODY} at (8,8) size 784x712
      RenderBlock {P} at (0,0) size 784x40
        RenderText {#text} at (0,0) size 755x39
          text run at (0,0) width 425: "This first table is the simple test case. Colspan confuses the width "
          text run at (424,0) width 331: "allocation when there is an image in the colspanned"
          text run at (0,20) width 28: "row."
      RenderTable {TABLE} at (0,56) size 620x96 [border: (1px outset #808080)]
        RenderTableSection {TBODY} at (1,1) size 618x94
          RenderTableRow {TR} at (0,2) size 618x24
            RenderTableCell {TD} at (2,2) size 414x24 [border: (1px inset #808080)] [r=0 c=0 rs=1 cs=1]
              RenderText {#text} at (2,2) size 22x19
                text run at (2,2) width 22: "foo"
            RenderTableCell {TD} at (417,2) size 200x24 [border: (1px inset #808080)] [r=0 c=1 rs=1 cs=1]
              RenderText {#text} at (2,2) size 21x19
                text run at (2,2) width 21: "bar"
          RenderTableRow {TR} at (0,28) size 618x64
            RenderTableCell {TD} at (2,28) size 615x64 [border: (1px inset #808080)] [r=1 c=0 rs=1 cs=2]
              RenderImage {IMG} at (2,2) size 468x60
              RenderText {#text} at (0,0) size 0x0
      RenderBlock {P} at (0,168) size 784x20
        RenderText {#text} at (0,0) size 642x19
          text run at (0,0) width 381: "This second table is the same as the first, minus the second "
          text run at (380,0) width 262: "'colspan=2' row. Widths are now correct."
      RenderTable {TABLE} at (0,204) size 620x30 [border: (1px outset #808080)]
        RenderTableSection {TBODY} at (1,1) size 618x28
          RenderTableRow {TR} at (0,2) size 618x24
            RenderTableCell {TD} at (2,2) size 413x24 [border: (1px inset #808080)] [r=0 c=0 rs=1 cs=1]
              RenderText {#text} at (2,2) size 22x19
                text run at (2,2) width 22: "foo"
            RenderTableCell {TD} at (416,2) size 201x24 [border: (1px inset #808080)] [r=0 c=1 rs=1 cs=1]
              RenderText {#text} at (2,2) size 21x19
                text run at (2,2) width 21: "bar"
      RenderBlock {P} at (0,250) size 784x60
        RenderText {#text} at (0,0) size 764x59
          text run at (0,0) width 372: "An observation: Note that as the image-width approaches "
          text run at (371,0) width 393: "the table-width, the two columns approach equal width (error"
          text run at (0,20) width 72: "increases). "
          text run at (71,20) width 615: "Conversely, below some threshold image-width (which is about 390px or 30px less than the TD"
          text run at (0,40) width 287: "WIDTH=420), the error is (apparently) zero."
      RenderBlock {P} at (0,326) size 784x20
        RenderText {#text} at (0,0) size 176x19
          text run at (0,0) width 176: "Here the <img width=600>"
      RenderTable {TABLE} at (0,362) size 620x96 [border: (1px outset #808080)]
        RenderTableSection {TBODY} at (1,1) size 618x94
          RenderTableRow {TR} at (0,2) size 618x24
            RenderTableCell {TD} at (2,2) size 414x24 [border: (1px inset #808080)] [r=0 c=0 rs=1 cs=1]
              RenderText {#text} at (2,2) size 22x19
                text run at (2,2) width 22: "foo"
            RenderTableCell {TD} at (417,2) size 200x24 [border: (1px inset #808080)] [r=0 c=1 rs=1 cs=1]
              RenderText {#text} at (2,2) size 21x19
                text run at (2,2) width 21: "bar"
          RenderTableRow {TR} at (0,28) size 618x64
            RenderTableCell {TD} at (2,28) size 615x64 [border: (1px inset #808080)] [r=1 c=0 rs=1 cs=2]
              RenderImage {IMG} at (2,2) size 600x60
              RenderText {#text} at (0,0) size 0x0
      RenderBlock {P} at (0,474) size 784x20
        RenderText {#text} at (0,0) size 318x19
          text run at (0,0) width 318: "Here the <img width=400> (error is almost zero)."
      RenderTable {TABLE} at (0,510) size 620x30 [bgcolor=#DDDDDD] [border: (1px outset #808080)]
        RenderTableSection {TBODY} at (1,1) size 618x28
          RenderTableRow {TR} at (0,2) size 618x24
            RenderTableCell {TD} at (2,2) size 413x24 [border: (1px inset #808080)] [r=0 c=0 rs=1 cs=1]
              RenderText {#text} at (2,2) size 139x19
                text run at (2,2) width 139: "foo (single row table)"
            RenderTableCell {TD} at (416,2) size 201x24 [border: (1px inset #808080)] [r=0 c=1 rs=1 cs=1]
              RenderText {#text} at (2,2) size 138x19
                text run at (2,2) width 138: "bar (single row table)"
      RenderTable {TABLE} at (0,540) size 620x96 [border: (1px outset #808080)]
        RenderTableSection {TBODY} at (1,1) size 618x94
          RenderTableRow {TR} at (0,2) size 618x24
            RenderTableCell {TD} at (2,2) size 414x24 [border: (1px inset #808080)] [r=0 c=0 rs=1 cs=1]
              RenderText {#text} at (2,2) size 22x19
                text run at (2,2) width 22: "foo"
            RenderTableCell {TD} at (417,2) size 200x24 [border: (1px inset #808080)] [r=0 c=1 rs=1 cs=1]
              RenderText {#text} at (2,2) size 21x19
                text run at (2,2) width 21: "bar"
          RenderTableRow {TR} at (0,28) size 618x64
            RenderTableCell {TD} at (2,28) size 615x64 [border: (1px inset #808080)] [r=1 c=0 rs=1 cs=2]
              RenderImage {IMG} at (2,2) size 400x60
              RenderText {#text} at (0,0) size 0x0
      RenderBlock {P} at (0,652) size 784x60
        RenderText {#text} at (0,0) size 767x59
          text run at (0,0) width 767: "I tested the above with M4 and May01 build for win95. (The above examples assume that images load normally -- N.B."
          text run at (0,20) width 753: "for May01 the images initially load, and the width error is visually apparent, but then the images get replaced by their"
          text run at (0,40) width 589: "ALT text, and the width error is no longer present -- this is, of course, a different issue/bug.)"
