layer at (0,0) size 800x600
  RenderView at (0,0) size 800x600
layer at (0,0) size 800x600
  RenderBlock {HTML} at (0,0) size 800x600
    RenderBody {BODY} at (8,8) size 784x576
      RenderBlock (anonymous) at (0,0) size 784x20
        RenderText {#text} at (0,0) size 245x19
          text run at (0,0) width 245: "The tables left position should be 250."
      RenderBlock {P} at (0,36) size 784x25
        RenderText {#text} at (0,1) size 36x19
          text run at (0,1) width 36: "Left: "
        RenderTextControl {INPUT} at (37,2) size 155x22 [bgcolor=#FFFFFF] [border: (1px solid #E4E4E5)]
      RenderBlock {P} at (0,77) size 784x25
        RenderText {#text} at (0,1) size 34x19
          text run at (0,1) width 34: "Top: "
        RenderTextControl {INPUT} at (35,2) size 155x22 [bgcolor=#FFFFFF] [border: (1px solid #E4E4E5)]
      RenderBlock {P} at (0,118) size 784x24
        RenderButton {INPUT} at (2,2) size 53x20 [color=#007AFF] [bgcolor=#E9E9EA] [border: (1px solid #FFFFFF)]
          RenderBlock (anonymous) at (12,3) size 29x14
            RenderText at (0,0) size 29x14
              text run at (0,0) width 29: "Move"
layer at (52,49) size 141x14
  RenderBlock {DIV} at (6,3) size 143x15
    RenderText {#text} at (0,0) size 32x14
      text run at (0,0) width 32: "120px"
layer at (50,90) size 141x14
  RenderBlock {DIV} at (6,3) size 143x15
    RenderText {#text} at (0,0) size 32x14
      text run at (0,0) width 32: "120px"
layer at (250,120) size 29x52
  RenderTable {TABLE} at (250,120) size 30x52 [border: (1px outset #808080)]
    RenderTableSection {TBODY} at (1,1) size 28x50
      RenderTableRow {TR} at (0,2) size 28x22
        RenderTableCell {TD} at (2,2) size 24x22 [border: (1px inset #808080)] [r=0 c=0 rs=1 cs=1]
          RenderText {#text} at (1,1) size 22x19
            text run at (1,1) width 22: "foo"
      RenderTableRow {TR} at (0,26) size 28x22
        RenderTableCell {TD} at (2,26) size 24x22 [border: (1px inset #808080)] [r=1 c=0 rs=1 cs=1]
          RenderText {#text} at (1,1) size 21x19
            text run at (1,1) width 21: "bar"
