layer at (0,0) size 867x1046
  RenderView at (0,0) size 800x600
layer at (0,0) size 800x1046
  RenderBlock {HTML} at (0,0) size 800x1046
    RenderBody {BODY} at (8,8) size 784x1030
      RenderTable {TABLE} at (0,0) size 784x30 [border: (1px outset #808080)]
        RenderTableSection {TBODY} at (1,1) size 782x28
          RenderTableRow {TR} at (0,2) size 782x24
            RenderTableCell {TD} at (2,2) size 263x24 [border: (1px inset #808080)] [r=0 c=0 rs=1 cs=1]
              RenderText {#text} at (2,2) size 8x19
                text run at (2,2) width 8: "x"
            RenderTableCell {TD} at (266,2) size 515x24 [border: (1px inset #808080)] [r=0 c=1 rs=1 cs=1]
              RenderText {#text} at (2,2) size 8x19
                text run at (2,2) width 8: "y"
      RenderBlock (anonymous) at (0,30) size 784x20
        RenderBR {BR} at (0,0) size 0x19
      RenderTable {TABLE} at (0,50) size 784x30 [border: (1px outset #808080)]
        RenderTableSection {TBODY} at (1,1) size 782x28
          RenderTableRow {TR} at (0,2) size 782x24
            RenderTableCell {TD} at (2,2) size 388x24 [border: (1px inset #808080)] [r=0 c=0 rs=1 cs=1]
              RenderText {#text} at (2,2) size 8x19
                text run at (2,2) width 8: "x"
            RenderTableCell {TD} at (392,2) size 388x24 [border: (1px inset #808080)] [r=0 c=1 rs=1 cs=1]
              RenderText {#text} at (2,2) size 8x19
                text run at (2,2) width 8: "y"
      RenderBlock (anonymous) at (0,80) size 784x20
        RenderBR {BR} at (0,0) size 0x19
      RenderTable {TABLE} at (0,100) size 859x610 [border: (1px outset #808080)]
        RenderTableSection {TBODY} at (1,1) size 857x608
          RenderTableRow {TR} at (0,2) size 857x604
            RenderTableCell {TD} at (2,2) size 804x604 [border: (1px inset #808080)] [r=0 c=0 rs=1 cs=1]
              RenderImage {IMG} at (2,2) size 800x600
            RenderTableCell {TD} at (808,252) size 47x104 [border: (1px inset #808080)] [r=0 c=1 rs=1 cs=1]
              RenderText {#text} at (2,2) size 43x99
                text run at (2,2) width 30: "can't"
                text run at (2,22) width 39: "we all"
                text run at (2,42) width 24: "just"
                text run at (2,62) width 20: "get"
                text run at (2,82) width 43: "along?"
      RenderBlock (anonymous) at (0,710) size 784x20
        RenderBR {BR} at (0,0) size 0x19
      RenderTable {TABLE} at (0,730) size 784x50 [border: (1px outset #808080)]
        RenderTableSection {TBODY} at (1,1) size 782x48
          RenderTableRow {TR} at (0,2) size 782x44
            RenderTableCell {TD} at (2,12) size 253x24 [border: (1px inset #808080)] [r=0 c=0 rs=1 cs=1]
              RenderText {#text} at (2,2) size 119x19
                text run at (2,2) width 119: "Hello how are you"
            RenderTableCell {TD} at (256,2) size 123x44 [border: (1px inset #808080)] [r=0 c=1 rs=1 cs=1]
              RenderText {#text} at (2,2) size 88x39
                text run at (2,2) width 88: "I'am fine, and"
                text run at (2,22) width 32: "you?"
            RenderTableCell {TD} at (380,12) size 401x24 [border: (1px inset #808080)] [r=0 c=2 rs=1 cs=1]
              RenderText {#text} at (2,2) size 113x19
                text run at (2,2) width 113: "I great, thank you"
      RenderBlock (anonymous) at (0,780) size 784x20
        RenderBR {BR} at (0,0) size 0x19
      RenderTable {TABLE} at (0,800) size 784x230 [border: (1px outset #808080)]
        RenderTableSection {TBODY} at (1,1) size 782x228
          RenderTableRow {TR} at (0,2) size 782x224
            RenderTableCell {TD} at (2,102) size 327x24 [border: (1px inset #808080)] [r=0 c=0 rs=1 cs=1]
              RenderText {#text} at (2,2) size 174x19
                text run at (2,2) width 174: "<../images/pikajumpr.gif\">"
            RenderTableCell {TD} at (330,41) size 412x146 [border: (1px inset #808080)] [r=0 c=1 rs=1 cs=1]
              RenderImage {IMG} at (2,2) size 142x142
            RenderTableCell {TD} at (743,2) size 38x224 [border: (1px inset #808080)] [r=0 c=2 rs=1 cs=1]
              RenderText {#text} at (2,2) size 33x219
                text run at (2,2) width 29: "This"
                text run at (2,22) width 22: "is a"
                text run at (2,42) width 23: "test"
                text run at (2,62) width 13: "to"
                text run at (2,82) width 21: "see"
                text run at (2,102) width 10: "if"
                text run at (2,122) width 24: "this"
                text run at (2,142) width 25: "will"
                text run at (2,162) width 33: "work"
                text run at (2,182) width 16: "on"
                text run at (2,202) width 20: "5.0"
