layer at (0,0) size 800x600
  RenderView at (0,0) size 800x600
layer at (0,0) size 800x600
  RenderBlock {HTML} at (0,0) size 800x600
    RenderBody {BODY} at (8,8) size 784x584
      RenderTable {TABLE} at (0,0) size 468x150 [border: (1px outset #000000)]
        RenderTableSection {TBODY} at (1,1) size 466x148
          RenderTableRow {TR} at (0,0) size 466x148
            RenderTableCell {TD} at (0,0) size 466x148 [border: (1px inset #000000)] [r=0 c=0 rs=1 cs=1]
              RenderTable {TABLE} at (1,1) size 464x146 [border: (1px outset #000000)]
                RenderTableSection {TBODY} at (1,1) size 462x144
                  RenderTableRow {TR} at (0,1) size 462x30
                    RenderTableCell {TD} at (1,1) size 140x30 [border: (1px inset #000000)] [r=0 c=0 rs=1 cs=1]
                      RenderText {#text} at (5,5) size 130x19
                        text run at (5,5) width 130: "General Preferences"
                    RenderTableCell {TD} at (141,1) size 148x30 [border: (1px inset #000000)] [r=0 c=1 rs=1 cs=1]
                      RenderInline {A} at (0,0) size 137x19 [color=#0000EE]
                        RenderText {#text} at (5,5) size 137x19
                          text run at (5,5) width 137: "Groups / Permissions"
                    RenderTableCell {TD} at (289,1) size 72x30 [border: (1px inset #000000)] [r=0 c=2 rs=1 cs=1]
                      RenderInline {A} at (0,0) size 62x19 [color=#0000EE]
                        RenderText {#text} at (5,5) size 62x19
                          text run at (5,5) width 62: "Password"
                    RenderTableCell {TD} at (361,1) size 49x30 [border: (1px inset #000000)] [r=0 c=3 rs=1 cs=1]
                      RenderInline {A} at (0,0) size 39x19 [color=#0000EE]
                        RenderText {#text} at (5,5) size 39x19
                          text run at (5,5) width 39: "Email"
                    RenderTableCell {TD} at (410,1) size 51x30 [border: (1px inset #000000)] [r=0 c=4 rs=1 cs=1]
                      RenderText {#text} at (5,5) size 40x19
                        text run at (5,5) width 40: "Views"
                  RenderTableRow {TR} at (0,32) size 462x111
                    RenderTableCell {TD} at (1,32) size 460x111 [border: (1px inset #000000)] [r=1 c=0 rs=1 cs=5]
                      RenderBlock (anonymous) at (5,5) size 450x20
                        RenderBR {BR} at (224,0) size 1x19
                      RenderTable {TABLE} at (79,25) size 301x81
                        RenderTableSection {TBODY} at (0,0) size 300x81
                          RenderTableRow {TR} at (0,2) size 300x77
                            RenderTableCell {TD} at (2,2) size 296x77 [r=0 c=0 rs=1 cs=1]
                              RenderBlock {FORM} at (1,1) size 294x59
                                RenderTable {TABLE} at (0,0) size 294x59 [border: (1px outset #000000)]
                                  RenderTableSection {TBODY} at (1,1) size 292x57
                                    RenderTableRow {TR} at (0,0) size 292x57
                                      RenderTableCell {TD} at (0,0) size 292x57 [border: (1px inset #000000)] [r=0 c=0 rs=1 cs=1]
                                        RenderBlock (anonymous) at (1,1) size 290x20
                                          RenderText {#text} at (90,0) size 110x19
                                            text run at (90,0) width 110: "User Preferences"
                                        RenderTable {TABLE} at (1,21) size 290x35 [border: (1px outset #000000)]
                                          RenderTableSection {TBODY} at (1,1) size 288x33
                                            RenderTableRow {TR} at (0,1) size 288x31
                                              RenderTableCell {TH} at (1,1) size 120x31 [border: (1px inset #000000)] [r=0 c=0 rs=1 cs=1]
                                                RenderInline {NOBR} at (0,0) size 110x20
                                                  RenderText {#text} at (5,4) size 110x21
                                                    text run at (5,5) width 110: "Email Address :"
                                              RenderTableCell {TD} at (121,1) size 166x31 [border: (1px inset #000000)] [r=0 c=1 rs=1 cs=1]
                                                RenderTextControl {INPUT} at (5,5) size 155x22 [bgcolor=#FFFFFF] [border: (1px solid #3C3C4399)]
                                                RenderText {#text} at (0,0) size 0x0
layer at (231,103) size 141x14 scrollWidth 192
  RenderBlock {DIV} at (6,3) size 143x15
    RenderText {#text} at (0,0) size 190x14
      text run at (0,0) width 190: "simon.king@pipinghotnetworks.com"
