layer at (0,0) size 800x600
  RenderView at (0,0) size 800x600
layer at (0,0) size 800x600
  RenderBlock {HTML} at (0,0) size 800x600
    RenderBody {BODY} at (8,8) size 784x584
      RenderTable {TABLE} at (0,0) size 222x54 [border: (3px outset #808080)]
        RenderTableSection {TBODY} at (3,3) size 216x48
          RenderTableRow {TR} at (0,2) size 216x44
            RenderTableCell {TD} at (2,2) size 212x44 [border: (1px inset #808080)] [r=0 c=0 rs=1 cs=1]
              RenderImage {IMG} at (2,2) size 40x40
              RenderText {#text} at (45,2) size 208x19
                text run at (45,2) width 208: "NOWRAP cell, no width on cell"
      RenderBlock (anonymous) at (0,54) size 784x20
        RenderBR {BR} at (0,0) size 0x19
      RenderTable {TABLE} at (0,74) size 222x54 [border: (3px outset #808080)]
        RenderTableSection {TBODY} at (3,3) size 216x48
          RenderTableRow {TR} at (0,2) size 216x44
            RenderTableCell {TD} at (2,2) size 212x44 [border: (1px inset #808080)] [r=0 c=0 rs=1 cs=1]
              RenderImage {IMG} at (2,2) size 40x40
              RenderText {#text} at (45,2) size 208x19
                text run at (45,2) width 208: "NOWRAP cell, no width on cell"
      RenderBlock (anonymous) at (0,128) size 784x20
        RenderBR {BR} at (0,0) size 0x19
      RenderTable {TABLE} at (0,148) size 110x114 [border: (3px outset #808080)]
        RenderTableSection {TBODY} at (3,3) size 104x108
          RenderTableRow {TR} at (0,2) size 104x104
            RenderTableCell {TD} at (2,2) size 100x104 [border: (1px inset #808080)] [r=0 c=0 rs=1 cs=1]
              RenderImage {IMG} at (2,2) size 40x40
              RenderText {#text} at (2,42) size 70x59
                text run at (2,42) width 70: "NOWRAP"
                text run at (2,62) width 28: "cell,"
                text run at (2,82) width 70: "width=100"
      RenderBlock (anonymous) at (0,262) size 784x20
        RenderBR {BR} at (0,0) size 0x19
      RenderTable {TABLE} at (0,282) size 310x54 [border: (3px outset #808080)]
        RenderTableSection {TBODY} at (3,3) size 304x48
          RenderTableRow {TR} at (0,2) size 304x44
            RenderTableCell {TD} at (2,2) size 300x44 [border: (1px inset #808080)] [r=0 c=0 rs=1 cs=1]
              RenderImage {IMG} at (2,2) size 40x40
              RenderText {#text} at (45,2) size 174x19
                text run at (45,2) width 174: "NOWRAP cell, width=300"
