layer at (0,0) size 800x600
  RenderView at (0,0) size 800x600
layer at (0,0) size 800x600
  RenderBlock {HTML} at (0,0) size 800x600
    RenderBody {BODY} at (8,8) size 784x584
      RenderTable {TABLE} at (0,0) size 288x138 [border: (1px outset #808080)]
        RenderTableSection {TBODY} at (1,1) size 286x136
          RenderTableRow {TR} at (0,2) size 286x132
            RenderTableCell {TD} at (2,2) size 204x132 [border: (1px inset #808080)] [r=0 c=0 rs=1 cs=1]
              RenderTable {TABLE} at (2,2) size 200x128 [border: (10px outset #808080)]
                RenderTableSection {TBODY} at (10,10) size 180x108
                  RenderTableRow {TR} at (0,2) size 180x104
                    RenderTableCell {TD} at (2,32) size 44x44 [border: (1px inset #808080)] [r=0 c=0 rs=1 cs=1]
                      RenderImage {IMG} at (2,2) size 40x40
                    RenderTableCell {TD} at (48,2) size 130x104 [border: (1px inset #808080)] [r=0 c=1 rs=1 cs=1]
                      RenderText {#text} at (2,2) size 108x99
                        text run at (2,2) width 108: "xxx xxx xxx xxx"
                        text run at (2,22) width 108: "xxx xxx xxx xxx"
                        text run at (2,42) width 108: "xxx xxx xxx xxx"
                        text run at (2,62) width 108: "xxx xxx xxx xxx"
                        text run at (2,82) width 108: "xxx xxx xxx xxx"
            RenderTableCell {TD} at (208,56) size 76x24 [border: (1px inset #808080)] [r=0 c=1 rs=1 cs=1]
              RenderText {#text} at (2,2) size 72x19
                text run at (2,2) width 72: "row2, cell2"
