layer at (0,0) size 800x600
  RenderView at (0,0) size 800x600
layer at (0,0) size 800x600
  RenderBlock {HTML} at (0,0) size 800x600
    RenderBody {BODY} at (8,8) size 784x576
      RenderBlock {DIV} at (0,0) size 784x216
        RenderBlock {P} at (0,0) size 784x20
          RenderText {#text} at (225,0) size 334x19
            text run at (225,0) width 334: "Tables I, II, III, IV (cellpadding=0 cellspacing=5)"
        RenderTable {TABLE} at (199,36) size 386x180 [bgcolor=#FFCC00] [border: (1px outset #808080)]
          RenderTableSection {TBODY} at (1,1) size 383x178
            RenderTableRow {TR} at (0,2) size 383x174
              RenderTableCell {TD} at (2,2) size 100x174 [border: (1px inset #808080)] [r=0 c=0 rs=1 cs=1]
                RenderTable {TABLE} at (6,6) size 88x162 [bgcolor=#FFFFFF] [border: (1px outset #808080)]
                  RenderBlock {CAPTION} at (0,0) size 88x20
                    RenderInline {NOBR} at (0,0) size 46x19
                      RenderText {#text} at (21,0) size 46x19
                        text run at (21,0) width 46: "Table I"
                  RenderTableSection {TBODY} at (1,21) size 86x140
                    RenderTableRow {TR} at (0,5) size 86x22
                      RenderTableCell {TD} at (5,5) size 22x22 [border: (1px inset #808080)] [r=0 c=0 rs=1 cs=1]
                        RenderText {#text} at (1,1) size 20x19
                          text run at (1,1) width 20: "1,1"
                      RenderTableCell {TD} at (32,5) size 22x22 [border: (1px inset #808080)] [r=0 c=1 rs=1 cs=1]
                        RenderText {#text} at (1,1) size 20x19
                          text run at (1,1) width 20: "1,2"
                      RenderTableCell {TD} at (59,5) size 22x22 [border: (1px inset #808080)] [r=0 c=2 rs=1 cs=1]
                        RenderText {#text} at (1,1) size 20x19
                          text run at (1,1) width 20: "1,3"
                    RenderTableRow {TR} at (0,32) size 86x22
                      RenderTableCell {TD} at (5,32) size 22x22 [border: (1px inset #808080)] [r=1 c=0 rs=1 cs=1]
                        RenderText {#text} at (1,1) size 20x19
                          text run at (1,1) width 20: "2,1"
                      RenderTableCell {TD} at (32,32) size 22x22 [border: (1px inset #808080)] [r=1 c=1 rs=1 cs=1]
                        RenderText {#text} at (1,1) size 20x19
                          text run at (1,1) width 20: "2,2"
                      RenderTableCell {TD} at (59,32) size 22x22 [bgcolor=#FFFF66] [border: (1px inset #808080)] [r=1 c=2 rs=1 cs=1]
                        RenderText {#text} at (1,1) size 20x19
                          text run at (1,1) width 20: "2,3"
                    RenderTableRow {TR} at (0,59) size 86x22
                      RenderTableCell {TD} at (5,59) size 22x22 [border: (1px inset #808080)] [r=2 c=0 rs=1 cs=1]
                        RenderText {#text} at (1,1) size 20x19
                          text run at (1,1) width 20: "3,1"
                      RenderTableCell {TD} at (32,59) size 22x22 [border: (1px inset #808080)] [r=2 c=1 rs=1 cs=1]
                        RenderText {#text} at (1,1) size 20x19
                          text run at (1,1) width 20: "3,2"
                      RenderTableCell {TD} at (59,59) size 22x22 [bgcolor=#FFFF66] [border: (1px inset #808080)] [r=2 c=2 rs=1 cs=1]
                        RenderText {#text} at (1,1) size 20x19
                          text run at (1,1) width 20: "3,3"
                    RenderTableRow {TR} at (0,86) size 86x22
                      RenderTableCell {TD} at (5,86) size 22x22 [border: (1px inset #808080)] [r=3 c=0 rs=1 cs=1]
                        RenderText {#text} at (1,1) size 20x19
                          text run at (1,1) width 20: "4,1"
                      RenderTableCell {TD} at (32,86) size 22x22 [border: (1px inset #808080)] [r=3 c=1 rs=1 cs=1]
                        RenderText {#text} at (1,1) size 20x19
                          text run at (1,1) width 20: "4,2"
                      RenderTableCell {TD} at (59,86) size 22x22 [bgcolor=#FFFF66] [border: (1px inset #808080)] [r=3 c=2 rs=1 cs=1]
                        RenderText {#text} at (1,1) size 20x19
                          text run at (1,1) width 20: "4,3"
                    RenderTableRow {TR} at (0,113) size 86x22
                      RenderTableCell {TD} at (5,113) size 22x22 [border: (1px inset #808080)] [r=4 c=0 rs=1 cs=1]
                        RenderText {#text} at (1,1) size 20x19
                          text run at (1,1) width 20: "5,1"
                      RenderTableCell {TD} at (32,113) size 22x22 [border: (1px inset #808080)] [r=4 c=1 rs=1 cs=1]
                        RenderText {#text} at (1,1) size 20x19
                          text run at (1,1) width 20: "5,2"
                      RenderTableCell {TD} at (59,113) size 22x22 [border: (1px inset #808080)] [r=4 c=2 rs=1 cs=1]
                        RenderText {#text} at (1,1) size 20x19
                          text run at (1,1) width 20: "5,3"
              RenderTableCell {TD} at (104,2) size 100x174 [border: (1px inset #808080)] [r=0 c=1 rs=1 cs=1]
                RenderTable {TABLE} at (6,6) size 88x162 [bgcolor=#FFFFFF] [border: (1px outset #808080)]
                  RenderBlock {CAPTION} at (0,0) size 88x20
                    RenderInline {NOBR} at (0,0) size 50x19
                      RenderText {#text} at (19,0) size 50x19
                        text run at (19,0) width 50: "Table II"
                  RenderTableSection {TBODY} at (1,21) size 86x140
                    RenderTableRow {TR} at (0,5) size 86x22
                      RenderTableCell {TD} at (5,5) size 22x22 [border: (1px inset #808080)] [r=0 c=0 rs=1 cs=1]
                        RenderText {#text} at (1,1) size 20x19
                          text run at (1,1) width 20: "1,1"
                      RenderTableCell {TD} at (32,5) size 22x22 [border: (1px inset #808080)] [r=0 c=1 rs=1 cs=1]
                        RenderText {#text} at (1,1) size 20x19
                          text run at (1,1) width 20: "1,2"
                      RenderTableCell {TD} at (59,5) size 22x22 [border: (1px inset #808080)] [r=0 c=2 rs=1 cs=1]
                        RenderText {#text} at (1,1) size 20x19
                          text run at (1,1) width 20: "1,3"
                    RenderTableRow {TR} at (0,32) size 86x22
                      RenderTableCell {TD} at (5,32) size 22x22 [border: (1px inset #808080)] [r=1 c=0 rs=1 cs=1]
                        RenderText {#text} at (1,1) size 20x19
                          text run at (1,1) width 20: "2,1"
                      RenderTableCell {TD} at (32,45) size 22x23 [border: (1px inset #808080)] [r=1 c=1 rs=2 cs=1]
                        RenderText {#text} at (1,0) size 20x21
                          text run at (1,1) width 20: "2,2"
                      RenderTableCell {TD} at (59,32) size 22x22 [bgcolor=#FFFF66] [border: (1px inset #808080)] [r=1 c=2 rs=1 cs=1]
                        RenderText {#text} at (1,1) size 20x19
                          text run at (1,1) width 20: "2,3"
                    RenderTableRow {TR} at (0,59) size 86x22
                      RenderTableCell {TD} at (5,72) size 22x23 [border: (1px inset #808080)] [r=2 c=0 rs=2 cs=1]
                        RenderText {#text} at (1,0) size 20x21
                          text run at (1,1) width 20: "3,1"
                      RenderTableCell {TD} at (59,59) size 22x22 [bgcolor=#FFFF66] [border: (1px inset #808080)] [r=2 c=2 rs=1 cs=1]
                        RenderText {#text} at (1,1) size 20x19
                          text run at (1,1) width 20: "3,3"
                    RenderTableRow {TR} at (0,86) size 86x22
                      RenderTableCell {TD} at (32,86) size 22x22 [border: (1px inset #808080)] [r=3 c=1 rs=1 cs=1]
                        RenderText {#text} at (1,1) size 20x19
                          text run at (1,1) width 20: "4,2"
                      RenderTableCell {TD} at (59,86) size 22x22 [bgcolor=#FFFF66] [border: (1px inset #808080)] [r=3 c=2 rs=1 cs=1]
                        RenderText {#text} at (1,1) size 20x19
                          text run at (1,1) width 20: "4,3"
                    RenderTableRow {TR} at (0,113) size 86x22
                      RenderTableCell {TD} at (5,113) size 22x22 [border: (1px inset #808080)] [r=4 c=0 rs=1 cs=1]
                        RenderText {#text} at (1,1) size 20x19
                          text run at (1,1) width 20: "5,1"
                      RenderTableCell {TD} at (32,113) size 22x22 [border: (1px inset #808080)] [r=4 c=1 rs=1 cs=1]
                        RenderText {#text} at (1,1) size 20x19
                          text run at (1,1) width 20: "5,2"
                      RenderTableCell {TD} at (59,113) size 22x22 [border: (1px inset #808080)] [r=4 c=2 rs=1 cs=1]
                        RenderText {#text} at (1,1) size 20x19
                          text run at (1,1) width 20: "5,3"
              RenderTableCell {TD} at (206,2) size 100x154 [border: (1px inset #808080)] [r=0 c=2 rs=1 cs=1]
                RenderTable {TABLE} at (6,6) size 88x142 [bgcolor=#FFFFFF] [border: (1px outset #808080)]
                  RenderBlock {CAPTION} at (0,0) size 88x20
                    RenderInline {NOBR} at (0,0) size 56x19
                      RenderText {#text} at (16,0) size 56x19
                        text run at (16,0) width 56: "Table III"
                  RenderTableSection {TBODY} at (1,21) size 86x120
                    RenderTableRow {TR} at (0,5) size 86x22
                      RenderTableCell {TD} at (5,5) size 22x22 [border: (1px inset #808080)] [r=0 c=0 rs=1 cs=1]
                        RenderText {#text} at (1,1) size 20x19
                          text run at (1,1) width 20: "1,1"
                      RenderTableCell {TD} at (32,5) size 22x22 [border: (1px inset #808080)] [r=0 c=1 rs=1 cs=1]
                        RenderText {#text} at (1,1) size 20x19
                          text run at (1,1) width 20: "1,2"
                      RenderTableCell {TD} at (59,5) size 22x22 [border: (1px inset #808080)] [r=0 c=2 rs=1 cs=1]
                        RenderText {#text} at (1,1) size 20x19
                          text run at (1,1) width 20: "1,3"
                    RenderTableRow {TR} at (0,32) size 86x22
                      RenderTableCell {TD} at (5,32) size 22x22 [border: (1px inset #808080)] [r=1 c=0 rs=1 cs=1]
                        RenderText {#text} at (1,1) size 20x19
                          text run at (1,1) width 20: "2,1"
                      RenderTableCell {TD} at (32,35) size 22x23 [border: (1px inset #808080)] [r=1 c=1 rs=2 cs=1]
                        RenderText {#text} at (1,0) size 20x21
                          text run at (1,1) width 20: "2,2"
                      RenderTableCell {TD} at (59,42) size 22x2 [bgcolor=#FFFF66] [border: (1px inset #808080)] [r=1 c=2 rs=1 cs=1]
                    RenderTableRow {TR} at (0,59) size 86x2
                      RenderTableCell {TD} at (5,62) size 22x23 [border: (1px inset #808080)] [r=2 c=0 rs=2 cs=1]
                        RenderText {#text} at (1,0) size 20x21
                          text run at (1,1) width 20: "3,1"
                      RenderTableCell {TD} at (59,59) size 22x2 [bgcolor=#FFFF66] [border: (1px inset #808080)] [r=2 c=2 rs=1 cs=1]
                    RenderTableRow {TR} at (0,66) size 86x22
                      RenderTableCell {TD} at (32,66) size 22x22 [border: (1px inset #808080)] [r=3 c=1 rs=1 cs=1]
                        RenderText {#text} at (1,1) size 20x19
                          text run at (1,1) width 20: "4,2"
                      RenderTableCell {TD} at (59,76) size 22x2 [bgcolor=#FFFF66] [border: (1px inset #808080)] [r=3 c=2 rs=1 cs=1]
                    RenderTableRow {TR} at (0,93) size 86x22
                      RenderTableCell {TD} at (5,93) size 22x22 [border: (1px inset #808080)] [r=4 c=0 rs=1 cs=1]
                        RenderText {#text} at (1,1) size 20x19
                          text run at (1,1) width 20: "5,1"
                      RenderTableCell {TD} at (32,93) size 22x22 [border: (1px inset #808080)] [r=4 c=1 rs=1 cs=1]
                        RenderText {#text} at (1,1) size 20x19
                          text run at (1,1) width 20: "5,2"
                      RenderTableCell {TD} at (59,93) size 22x22 [border: (1px inset #808080)] [r=4 c=2 rs=1 cs=1]
                        RenderText {#text} at (1,1) size 20x19
                          text run at (1,1) width 20: "5,3"
              RenderTableCell {TD} at (308,2) size 73x152 [border: (1px inset #808080)] [r=0 c=3 rs=1 cs=1]
                RenderTable {TABLE} at (6,6) size 61x140 [bgcolor=#FFFFFF] [border: (1px outset #808080)]
                  RenderBlock {CAPTION} at (0,0) size 61x20
                    RenderInline {NOBR} at (0,0) size 57x19
                      RenderText {#text} at (2,0) size 57x19
                        text run at (2,0) width 57: "Table IV"
                  RenderTableSection {TBODY} at (1,21) size 59x118
                    RenderTableRow {TR} at (0,5) size 59x22
                      RenderTableCell {TD} at (5,5) size 22x22 [border: (1px inset #808080)] [r=0 c=0 rs=1 cs=1]
                        RenderText {#text} at (1,1) size 20x19
                          text run at (1,1) width 20: "1,1"
                      RenderTableCell {TD} at (32,5) size 22x22 [border: (1px inset #808080)] [r=0 c=1 rs=1 cs=1]
                        RenderText {#text} at (1,1) size 20x19
                          text run at (1,1) width 20: "1,2"
                    RenderTableRow {TR} at (0,32) size 59x22
                      RenderTableCell {TD} at (5,32) size 22x22 [border: (1px inset #808080)] [r=1 c=0 rs=1 cs=1]
                        RenderText {#text} at (1,1) size 20x19
                          text run at (1,1) width 20: "2,1"
                      RenderTableCell {TD} at (32,34) size 22x23 [border: (1px inset #808080)] [r=1 c=1 rs=2 cs=1]
                        RenderText {#text} at (1,0) size 20x21
                          text run at (1,1) width 20: "2,2"
                    RenderTableRow {TR} at (0,59) size 59x0
                      RenderTableCell {TD} at (5,61) size 22x23 [border: (1px inset #808080)] [r=2 c=0 rs=2 cs=1]
                        RenderText {#text} at (1,0) size 20x21
                          text run at (1,1) width 20: "3,1"
                    RenderTableRow {TR} at (0,64) size 59x22
                      RenderTableCell {TD} at (32,64) size 22x22 [border: (1px inset #808080)] [r=3 c=1 rs=1 cs=1]
                        RenderText {#text} at (1,1) size 20x19
                          text run at (1,1) width 20: "4,2"
                    RenderTableRow {TR} at (0,91) size 59x22
                      RenderTableCell {TD} at (5,91) size 22x22 [border: (1px inset #808080)] [r=4 c=0 rs=1 cs=1]
                        RenderText {#text} at (1,1) size 20x19
                          text run at (1,1) width 20: "5,1"
                      RenderTableCell {TD} at (32,91) size 22x22 [border: (1px inset #808080)] [r=4 c=1 rs=1 cs=1]
                        RenderText {#text} at (1,1) size 20x19
                          text run at (1,1) width 20: "5,2"
      RenderBlock {P} at (0,242) size 784x20
        RenderInline {B} at (0,0) size 562x19
          RenderText {#text} at (111,0) size 562x19
            text run at (111,0) width 562: "This demonstrates a problem with \"overlapping rowspan cells\" (look at Table IV)."
      RenderBlock {P} at (0,278) size 784x20
        RenderInline {B} at (0,0) size 54x19
          RenderText {#text} at (0,0) size 54x19
            text run at (0,0) width 54: "Table I:"
        RenderText {#text} at (53,0) size 124x19
          text run at (53,0) width 124: " a regular 5x3 table"
      RenderBlock {P} at (0,314) size 784x20
        RenderInline {B} at (0,0) size 60x19
          RenderText {#text} at (0,0) size 60x19
            text run at (0,0) width 60: "Table II:"
        RenderText {#text} at (59,0) size 408x19
          text run at (59,0) width 408: " introduces rowspan=2 for cells (2,2) and (3,1), which 'overlap'."
      RenderBlock {P} at (0,350) size 784x60
        RenderInline {B} at (0,0) size 66x19
          RenderText {#text} at (0,0) size 66x19
            text run at (0,0) width 66: "Table III:"
        RenderText {#text} at (65,0) size 784x59
          text run at (65,0) width 719: " is Table II, but cells (2,3),(3,3) and (4,3) now have 'empty' contents; the resulting table is still OK. Note that the"
          text run at (0,20) width 782: "height of (2,3) and (4,3) is determined by cells (2,1) and (4,2) respectively, whereas (3,3) has ~0 height since no 'effective'"
          text run at (0,40) width 647: "cell in the row has any definite height requirement (except for border, margin, padding if applicable)."
      RenderBlock {P} at (0,426) size 784x40
        RenderInline {B} at (0,0) size 64x19
          RenderText {#text} at (0,0) size 64x19
            text run at (0,0) width 64: "Table IV:"
        RenderText {#text} at (63,0) size 776x39
          text run at (63,0) width 713: " is Table III, but column 3 has been removed (cells (1,3),(2,3),(3,3),(4,3),(5,3)). This should mirror the first two"
          text run at (0,20) width 290: "columns of Table III (but currently does not)."
      RenderBlock {P} at (0,482) size 784x40
        RenderText {#text} at (0,0) size 753x39
          text run at (0,0) width 753: "Note that cells (2,2) and (3,1) are still in the correct position, with the same size as Table III, but that their cellspacing"
          text run at (0,20) width 189: "with (5,1) and (4,2) is absent."
      RenderBlock {P} at (0,538) size 784x20
        RenderText {#text} at (0,0) size 483x19
          text run at (0,0) width 483: "Tested with Apr25, M4 and 1999051109 (win95, opt.) Dated: May 11 1999"
layer at (8,232) size 784x2 clip at (0,0) size 0x0
  RenderBlock {HR} at (0,224) size 784x2 [border: (1px inset #000000)]
