layer at (0,0) size 800x822
  RenderView at (0,0) size 800x600
layer at (0,0) size 800x822
  RenderBlock {HTML} at (0,0) size 800x822
    RenderBody {BODY} at (8,8) size 784x806
      RenderTable {TABLE} at (0,0) size 784x806
        RenderTableSection {TBODY} at (0,0) size 784x806
          RenderTableRow {TR} at (0,2) size 784x802
            RenderTableCell {TD} at (2,362) size 743x82 [r=0 c=0 rs=1 cs=1]
              RenderText {#text} at (1,1) size 731x79
                text run at (1,1) width 731: "This is some text to fill a table cell. This is some text to fill a table cell. This is some text to fill a table cell. This is"
                text run at (1,21) width 722: "some text to fill a table cell. This is some text to fill a table cell. This is some text to fill a table cell. This is some"
                text run at (1,41) width 729: "text to fill a table cell. This is some text to fill a table cell. This is some text to fill a table cell. This is some text to"
                text run at (1,61) width 555: "fill a table cell. This is some text to fill a table cell. This is some text to fill a table cell."
            RenderTableCell {TD} at (746,2) size 36x802 [r=0 c=1 rs=1 cs=1]
              RenderText {#text} at (1,1) size 34x799
                text run at (1,1) width 29: "This"
                text run at (1,21) width 11: "is"
                text run at (1,41) width 34: "some"
                text run at (1,61) width 24: "text"
                text run at (1,81) width 13: "to"
                text run at (1,101) width 30: "fill a"
                text run at (1,121) width 32: "table"
                text run at (1,141) width 28: "cell."
                text run at (1,161) width 29: "This"
                text run at (1,181) width 11: "is"
                text run at (1,201) width 34: "some"
                text run at (1,221) width 24: "text"
                text run at (1,241) width 13: "to"
                text run at (1,261) width 30: "fill a"
                text run at (1,281) width 32: "table"
                text run at (1,301) width 28: "cell."
                text run at (1,321) width 29: "This"
                text run at (1,341) width 11: "is"
                text run at (1,361) width 34: "some"
                text run at (1,381) width 24: "text"
                text run at (1,401) width 13: "to"
                text run at (1,421) width 30: "fill a"
                text run at (1,441) width 32: "table"
                text run at (1,461) width 28: "cell."
                text run at (1,481) width 29: "This"
                text run at (1,501) width 11: "is"
                text run at (1,521) width 34: "some"
                text run at (1,541) width 24: "text"
                text run at (1,561) width 13: "to"
                text run at (1,581) width 30: "fill a"
                text run at (1,601) width 32: "table"
                text run at (1,621) width 28: "cell."
                text run at (1,641) width 29: "This"
                text run at (1,661) width 11: "is"
                text run at (1,681) width 34: "some"
                text run at (1,701) width 24: "text"
                text run at (1,721) width 13: "to"
                text run at (1,741) width 30: "fill a"
                text run at (1,761) width 32: "table"
                text run at (1,781) width 28: "cell."
