layer at (0,0) size 800x600
  RenderView at (0,0) size 800x600
layer at (0,0) size 800x600
  RenderBlock {HTML} at (0,0) size 800x600
    RenderBody {BODY} at (8,8) size 784x576
      RenderBlock {FORM} at (0,0) size 784x322
        RenderTable {TABLE} at (0,0) size 784x322 [border: (1px outset #808080)]
          RenderTableSection {TBODY} at (1,1) size 782x320
            RenderTableRow {TR} at (0,2) size 782x24
              RenderTableCell {TH} at (2,2) size 20x24 [border: (1px inset #808080)] [r=0 c=0 rs=1 cs=1]
                RenderText {#text} at (6,2) size 8x19
                  text run at (6,2) width 8: "#"
              RenderTableCell {TH} at (24,2) size 74x24 [border: (1px inset #808080)] [r=0 c=1 rs=1 cs=1]
                RenderText {#text} at (2,2) size 70x19
                  text run at (2,2) width 70: "Relevance"
              RenderTableCell {TH} at (99,2) size 531x24 [border: (1px inset #808080)] [r=0 c=2 rs=1 cs=1]
                RenderText {#text} at (229,2) size 72x19
                  text run at (229,2) width 72: "Title Long"
              RenderTableCell {TH} at (631,2) size 110x24 [border: (1px inset #808080)] [r=0 c=3 rs=1 cs=1]
                RenderText {#text} at (29,2) size 50x19
                  text run at (29,2) width 50: "Author"
              RenderTableCell {TH} at (742,2) size 37x24 [border: (1px inset #808080)] [r=0 c=4 rs=1 cs=1]
                RenderText {#text} at (2,2) size 32x19
                  text run at (2,2) width 32: "Date"
            RenderTableRow {TR} at (0,28) size 782x44
              RenderTableCell {TD} at (2,54) size 20x24 [border: (1px inset #808080)] [r=1 c=0 rs=2 cs=1]
                RenderText {#text} at (2,2) size 16x19
                  text run at (2,2) width 16: " 1 "
              RenderTableCell {TD} at (24,54) size 74x24 [border: (1px inset #808080)] [r=1 c=1 rs=2 cs=1]
                RenderText {#text} at (2,2) size 16x19
                  text run at (2,2) width 16: "**"
              RenderTableCell {TD} at (99,28) size 531x44 [border: (1px inset #808080)] [r=1 c=2 rs=1 cs=1]
                RenderText {#text} at (2,2) size 486x39
                  text run at (2,2) width 486: "UNIX and Windows 2000 integration toolkit : a complete guide for systems"
                  text run at (2,22) width 182: "administrators / Rawn Shah."
              RenderTableCell {TD} at (631,38) size 110x24 [border: (1px inset #808080)] [r=1 c=3 rs=1 cs=1]
                RenderText {#text} at (2,2) size 82x19
                  text run at (2,2) width 82: "Shah, Rawn."
              RenderTableCell {TD} at (742,38) size 37x24 [border: (1px inset #808080)] [r=1 c=4 rs=1 cs=1]
                RenderText {#text} at (2,2) size 32x19
                  text run at (2,2) width 32: "2000"
            RenderTableRow {TR} at (0,74) size 782x30
              RenderTableCell {TD} at (99,74) size 682x30 [border: (1px inset #808080)] [r=2 c=2 rs=1 cs=4]
                RenderTable {TABLE} at (2,2) size 677x26
                  RenderTableSection {TBODY} at (0,0) size 677x26
                    RenderTableRow {TR} at (0,2) size 677x22
                      RenderTableCell {TD} at (2,2) size 673x22 [r=0 c=0 rs=1 cs=1]
                        RenderText {#text} at (1,1) size 172x19
                          text run at (1,1) width 172: "Title has multiple holdings"
            RenderTableRow {TR} at (0,106) size 782x44
              RenderTableCell {TD} at (2,132) size 20x24 [border: (1px inset #808080)] [r=3 c=0 rs=2 cs=1]
                RenderText {#text} at (2,2) size 16x19
                  text run at (2,2) width 16: " 2 "
              RenderTableCell {TD} at (24,132) size 74x24 [border: (1px inset #808080)] [r=3 c=1 rs=2 cs=1]
                RenderText {#text} at (2,2) size 16x19
                  text run at (2,2) width 16: "**"
              RenderTableCell {TD} at (99,116) size 531x24 [border: (1px inset #808080)] [r=3 c=2 rs=1 cs=1]
                RenderText {#text} at (2,2) size 258x19
                  text run at (2,2) width 258: "Learning Red Hat Linux / Bill McCarty."
              RenderTableCell {TD} at (631,106) size 110x44 [border: (1px inset #808080)] [r=3 c=3 rs=1 cs=1]
                RenderText {#text} at (2,2) size 92x39
                  text run at (2,2) width 92: "McCarty, Bill,"
                  text run at (2,22) width 38: "1953-"
              RenderTableCell {TD} at (742,116) size 37x24 [border: (1px inset #808080)] [r=3 c=4 rs=1 cs=1]
                RenderText {#text} at (2,2) size 32x19
                  text run at (2,2) width 32: "1999"
            RenderTableRow {TR} at (0,152) size 782x30
              RenderTableCell {TD} at (99,152) size 682x30 [border: (1px inset #808080)] [r=4 c=2 rs=1 cs=4]
                RenderTable {TABLE} at (2,2) size 677x26
                  RenderTableSection {TBODY} at (0,0) size 677x26
                    RenderTableRow {TR} at (0,2) size 677x22
                      RenderTableCell {TD} at (2,2) size 673x22 [r=0 c=0 rs=1 cs=1]
                        RenderText {#text} at (1,1) size 172x19
                          text run at (1,1) width 172: "Title has multiple holdings"
            RenderTableRow {TR} at (0,184) size 782x44
              RenderTableCell {TD} at (2,210) size 20x24 [border: (1px inset #808080)] [r=5 c=0 rs=2 cs=1]
                RenderText {#text} at (2,2) size 16x19
                  text run at (2,2) width 16: " 3 "
              RenderTableCell {TD} at (24,210) size 74x24 [border: (1px inset #808080)] [r=5 c=1 rs=2 cs=1]
                RenderText {#text} at (2,2) size 16x19
                  text run at (2,2) width 16: "**"
              RenderTableCell {TD} at (99,194) size 531x24 [border: (1px inset #808080)] [r=5 c=2 rs=1 cs=1]
                RenderText {#text} at (2,2) size 286x19
                  text run at (2,2) width 286: "Learning Debian GNU/Linux / Bill Mccarty."
              RenderTableCell {TD} at (631,184) size 110x44 [border: (1px inset #808080)] [r=5 c=3 rs=1 cs=1]
                RenderText {#text} at (2,2) size 92x39
                  text run at (2,2) width 92: "McCarty, Bill,"
                  text run at (2,22) width 38: "1953-"
              RenderTableCell {TD} at (742,194) size 37x24 [border: (1px inset #808080)] [r=5 c=4 rs=1 cs=1]
                RenderText {#text} at (2,2) size 32x19
                  text run at (2,2) width 32: "1999"
            RenderTableRow {TR} at (0,230) size 782x30
              RenderTableCell {TD} at (99,230) size 682x30 [border: (1px inset #808080)] [r=6 c=2 rs=1 cs=4]
                RenderTable {TABLE} at (2,2) size 677x26
                  RenderTableSection {TBODY} at (0,0) size 677x26
                    RenderTableRow {TR} at (0,2) size 677x22
                      RenderTableCell {TD} at (2,2) size 673x22 [r=0 c=0 rs=1 cs=1]
                        RenderText {#text} at (1,1) size 172x19
                          text run at (1,1) width 172: "Title has multiple holdings"
            RenderTableRow {TR} at (0,262) size 782x24
              RenderTableCell {TD} at (2,278) size 20x24 [border: (1px inset #808080)] [r=7 c=0 rs=2 cs=1]
                RenderText {#text} at (2,2) size 16x19
                  text run at (2,2) width 16: " 4 "
              RenderTableCell {TD} at (24,278) size 74x24 [border: (1px inset #808080)] [r=7 c=1 rs=2 cs=1]
                RenderText {#text} at (2,2) size 16x19
                  text run at (2,2) width 16: "**"
              RenderTableCell {TD} at (99,262) size 531x24 [border: (1px inset #808080)] [r=7 c=2 rs=1 cs=1]
                RenderText {#text} at (2,2) size 398x19
                  text run at (2,2) width 398: "Advanced Java networking / Dick Steflik, Prashant Sridharan."
              RenderTableCell {TD} at (631,262) size 110x24 [border: (1px inset #808080)] [r=7 c=3 rs=1 cs=1]
                RenderText {#text} at (2,2) size 86x19
                  text run at (2,2) width 86: "Steflik, Dick."
              RenderTableCell {TD} at (742,262) size 37x24 [border: (1px inset #808080)] [r=7 c=4 rs=1 cs=1]
                RenderText {#text} at (2,2) size 32x19
                  text run at (2,2) width 32: "2000"
            RenderTableRow {TR} at (0,288) size 782x30
              RenderTableCell {TD} at (99,288) size 682x30 [border: (1px inset #808080)] [r=8 c=2 rs=1 cs=4]
                RenderTable {TABLE} at (2,2) size 677x26
                  RenderTableSection {TBODY} at (0,0) size 677x26
                    RenderTableRow {TR} at (0,2) size 677x22
                      RenderTableCell {TD} at (2,2) size 673x22 [r=0 c=0 rs=1 cs=1]
                        RenderText {#text} at (1,1) size 172x19
                          text run at (1,1) width 172: "Title has multiple holdings"
