layer at (0,0) size 800x600
  RenderView at (0,0) size 800x600
layer at (0,0) size 800x600
  RenderBlock {HTML} at (0,0) size 800x600
    RenderBody {BODY} at (8,8) size 784x584
      RenderTable {TABLE} at (0,0) size 250x30 [border: (1px outset #808080)]
        RenderTableSection {TBODY} at (1,1) size 248x28
          RenderTableRow {TR} at (0,2) size 248x24 [bgcolor=#CCFFFF]
            RenderTableCell {TD} at (2,2) size 244x24 [border: (1px inset #808080)] [r=0 c=0 rs=1 cs=1]
              RenderText {#text} at (2,2) size 240x19
                text run at (2,2) width 240: "THis table has zero % width declared"
      RenderTable {TABLE} at (0,30) size 222x30 [border: (1px outset #808080)]
        RenderTableSection {TBODY} at (1,1) size 220x28
          RenderTableRow {TR} at (0,2) size 220x24 [bgcolor=#CCFFFF]
            RenderTableCell {TD} at (2,2) size 216x24 [border: (1px inset #808080)] [r=0 c=0 rs=1 cs=1]
              RenderText {#text} at (2,2) size 212x19
                text run at (2,2) width 212: "THis table has no width declared"
