layer at (0,0) size 800x600
  RenderView at (0,0) size 800x600
layer at (0,0) size 800x600
  RenderBlock {HTML} at (0,0) size 800x600
    RenderBody {BODY} at (8,8) size 784x576
      RenderBlock {P} at (0,0) size 784x20
        RenderText {#text} at (0,0) size 480x19
          text run at (0,0) width 480: "This test case creates a TR element then tries to assign to the cells property"
      RenderBlock {P} at (0,36) size 784x24
        RenderText {#text} at (0,1) size 42x19
          text run at (0,1) width 42: "Crash "
        RenderButton {BUTTON} at (43,2) size 98x20 [color=#007AFF] [bgcolor=#E9E9EA] [border: (1px solid #FFFFFF)]
          RenderBlock (anonymous) at (12,3) size 74x14
            RenderText {#text} at (0,0) size 74x14
              text run at (0,0) width 74: "TR.cells = null"
        RenderText {#text} at (0,0) size 0x0
