layer at (0,0) size 800x600
  RenderView at (0,0) size 800x600
layer at (0,0) size 800x600
  RenderBlock {HTML} at (0,0) size 800x600
    RenderBody {BODY} at (8,8) size 784x576
      RenderBlock {FORM} at (0,0) size 784x108
        RenderTable {TABLE} at (0,0) size 194x108 [border: (1px outset #808080)]
          RenderTableSection {TBODY} at (1,1) size 192x106
            RenderTableRow {TR} at (0,2) size 192x24
              RenderTableCell {TD} at (2,15) size 12x24 [border: (1px inset #808080)] [r=0 c=0 rs=2 cs=1]
                RenderText {#text} at (2,2) size 8x19
                  text run at (2,2) width 8: "5"
              RenderTableCell {TD} at (16,15) size 20x24 [border: (1px inset #808080)] [r=0 c=1 rs=2 cs=1]
                RenderText {#text} at (2,2) size 16x19
                  text run at (2,2) width 16: "**"
              RenderTableCell {TD} at (38,2) size 97x24 [border: (1px inset #808080)] [r=0 c=2 rs=1 cs=1]
                RenderText {#text} at (2,2) size 85x19
                  text run at (2,2) width 85: "Text text text"
              RenderTableCell {TD} at (136,2) size 10x24 [border: (1px inset #808080)] [r=0 c=3 rs=1 cs=1]
                RenderText {#text} at (2,2) size 4x19
                  text run at (2,2) width 4: " "
              RenderTableCell {TD} at (147,2) size 41x24 [border: (1px inset #808080)] [r=0 c=4 rs=1 cs=1]
                RenderText {#text} at (2,2) size 32x19
                  text run at (2,2) width 32: "1970"
            RenderTableRow {TR} at (0,28) size 192x24
              RenderTableCell {TD} at (38,28) size 152x24 [border: (1px inset #808080)] [r=1 c=2 rs=1 cs=4]
                RenderText {#text} at (2,2) size 148x19
                  text run at (2,2) width 148: "No Holdings Available"
            RenderTableRow {TR} at (0,54) size 192x24
              RenderTableCell {TD} at (2,67) size 12x24 [border: (1px inset #808080)] [r=2 c=0 rs=2 cs=1]
                RenderText {#text} at (2,2) size 8x19
                  text run at (2,2) width 8: "6"
              RenderTableCell {TD} at (16,67) size 20x24 [border: (1px inset #808080)] [r=2 c=1 rs=2 cs=1]
                RenderText {#text} at (2,2) size 16x19
                  text run at (2,2) width 16: "**"
              RenderTableCell {TD} at (38,54) size 97x24 [border: (1px inset #808080)] [r=2 c=2 rs=1 cs=1]
                RenderText {#text} at (2,2) size 85x19
                  text run at (2,2) width 85: "Text text text"
              RenderTableCell {TD} at (136,54) size 10x24 [border: (1px inset #808080)] [r=2 c=3 rs=1 cs=1]
                RenderText {#text} at (2,2) size 4x19
                  text run at (2,2) width 4: " "
              RenderTableCell {TD} at (147,54) size 41x24 [border: (1px inset #808080)] [r=2 c=4 rs=1 cs=1]
                RenderText {#text} at (2,2) size 32x19
                  text run at (2,2) width 32: "1970"
            RenderTableRow {TR} at (0,80) size 192x24
              RenderTableCell {TD} at (38,80) size 152x24 [border: (1px inset #808080)] [r=3 c=2 rs=1 cs=4]
                RenderText {#text} at (2,2) size 148x19
                  text run at (2,2) width 148: "No Holdings Available"
