layer at (0,0) size 800x600
  RenderView at (0,0) size 800x600
layer at (0,0) size 800x600
  RenderBlock {HTML} at (0,0) size 800x600
    RenderBody {BODY} at (8,8) size 784x584
      RenderBlock {P} at (0,0) size 784x80
        RenderText {#text} at (0,0) size 782x59
          text run at (0,0) width 782: "In this table (modeled after mozilla.org template) the cells in column two are requesting colspans of (2,3,2,6) respectively."
          text run at (0,20) width 773: "Notice that they all want to span more than one column (which means, in the case of this table, all rows are requesting to"
          text run at (0,40) width 288: "span more columns than the number of 'real' "
        RenderInline {CODE} at (0,0) size 32x14
          RenderText {#text} at (287,45) size 32x14
            text run at (287,45) width 32: "<TD>"
        RenderText {#text} at (318,40) size 762x39
          text run at (318,40) width 444: " in any single rows [i.e., all rows in the top table want to span 9 cells,"
          text run at (0,60) width 188: "but the maximum number of "
        RenderInline {CODE} at (0,0) size 32x14
          RenderText {#text} at (187,65) size 32x14
            text run at (187,65) width 32: "<TD>"
        RenderText {#text} at (218,60) size 109x19
          text run at (218,60) width 109: " in any row is 8]."
      RenderBlock {P} at (0,96) size 784x20
        RenderText {#text} at (0,0) size 493x19
          text run at (0,0) width 493: "This condition leads to the 'white gap' (in builds of 5.0 for jun04 and before)."
      RenderTable {TABLE} at (0,132) size 784x90 [border: (1px outset #808080)]
        RenderTableSection {TBODY} at (1,1) size 782x88
          RenderTableRow {TR} at (0,0) size 782x22
            RenderTableCell {TD} at (0,0) size 98x22 [bgcolor=#999999] [border: (1px inset #808080)] [r=0 c=0 rs=1 cs=1]
              RenderText {#text} at (1,1) size 8x19
                text run at (1,1) width 8: "1"
            RenderTableCell {TD} at (97,0) size 99x22 [bgcolor=#DDDDDD] [border: (1px inset #808080)] [r=0 c=1 rs=1 cs=2]
              RenderText {#text} at (1,1) size 8x19
                text run at (1,1) width 8: "2"
            RenderTableCell {TD} at (195,0) size 99x22 [bgcolor=#DDDDDD] [border: (1px inset #808080)] [r=0 c=3 rs=1 cs=1]
              RenderText {#text} at (1,1) size 8x19
                text run at (1,1) width 8: "4"
            RenderTableCell {TD} at (293,0) size 98x22 [bgcolor=#999999] [border: (1px inset #808080)] [r=0 c=4 rs=1 cs=1]
              RenderText {#text} at (1,1) size 8x19
                text run at (1,1) width 8: "5"
            RenderTableCell {TD} at (391,0) size 98x22 [border: (1px inset #808080)] [r=0 c=5 rs=1 cs=1]
              RenderText {#text} at (1,1) size 8x19
                text run at (1,1) width 8: "6"
            RenderTableCell {TD} at (488,0) size 99x22 [border: (1px inset #808080)] [r=0 c=6 rs=1 cs=1]
              RenderText {#text} at (1,1) size 8x19
                text run at (1,1) width 8: "7"
            RenderTableCell {TD} at (586,0) size 99x22 [border: (1px inset #808080)] [r=0 c=7 rs=1 cs=1]
              RenderText {#text} at (1,1) size 8x19
                text run at (1,1) width 8: "8"
            RenderTableCell {TD} at (684,0) size 98x22 [bgcolor=#999999] [border: (1px inset #808080)] [r=0 c=8 rs=1 cs=1]
              RenderText {#text} at (1,1) size 8x19
                text run at (1,1) width 8: "9"
          RenderTableRow {TR} at (0,22) size 782x22
            RenderTableCell {TD} at (0,22) size 98x22 [bgcolor=#999999] [border: (1px inset #808080)] [r=1 c=0 rs=1 cs=1]
              RenderText {#text} at (1,1) size 8x19
                text run at (1,1) width 8: "1"
            RenderTableCell {TD} at (97,22) size 197x22 [bgcolor=#DDDDDD] [border: (1px inset #808080)] [r=1 c=1 rs=1 cs=3]
              RenderText {#text} at (1,1) size 8x19
                text run at (1,1) width 8: "2"
            RenderTableCell {TD} at (293,22) size 98x22 [bgcolor=#999999] [border: (1px inset #808080)] [r=1 c=4 rs=1 cs=1]
              RenderText {#text} at (1,1) size 8x19
                text run at (1,1) width 8: "5"
            RenderTableCell {TD} at (391,22) size 98x22 [border: (1px inset #808080)] [r=1 c=5 rs=1 cs=1]
              RenderText {#text} at (1,1) size 8x19
                text run at (1,1) width 8: "6"
            RenderTableCell {TD} at (488,22) size 99x22 [border: (1px inset #808080)] [r=1 c=6 rs=1 cs=1]
              RenderText {#text} at (1,1) size 8x19
                text run at (1,1) width 8: "7"
            RenderTableCell {TD} at (586,22) size 99x22 [border: (1px inset #808080)] [r=1 c=7 rs=1 cs=1]
              RenderText {#text} at (1,1) size 8x19
                text run at (1,1) width 8: "8"
            RenderTableCell {TD} at (684,22) size 98x22 [bgcolor=#999999] [border: (1px inset #808080)] [r=1 c=8 rs=1 cs=1]
              RenderText {#text} at (1,1) size 8x19
                text run at (1,1) width 8: "9"
          RenderTableRow {TR} at (0,44) size 782x22
            RenderTableCell {TD} at (0,44) size 98x22 [bgcolor=#999999] [border: (1px inset #808080)] [r=2 c=0 rs=1 cs=1]
              RenderText {#text} at (1,1) size 8x19
                text run at (1,1) width 8: "1"
            RenderTableCell {TD} at (97,44) size 99x22 [bgcolor=#DDDDDD] [border: (1px inset #808080)] [r=2 c=1 rs=1 cs=2]
              RenderText {#text} at (1,1) size 8x19
                text run at (1,1) width 8: "2"
            RenderTableCell {TD} at (195,44) size 99x22 [bgcolor=#DDDDDD] [border: (1px inset #808080)] [r=2 c=3 rs=1 cs=1]
              RenderText {#text} at (1,1) size 8x19
                text run at (1,1) width 8: "4"
            RenderTableCell {TD} at (293,44) size 98x22 [bgcolor=#999999] [border: (1px inset #808080)] [r=2 c=4 rs=1 cs=1]
              RenderText {#text} at (1,1) size 8x19
                text run at (1,1) width 8: "5"
            RenderTableCell {TD} at (391,44) size 196x22 [border: (1px inset #808080)] [r=2 c=5 rs=1 cs=2]
              RenderText {#text} at (1,1) size 8x19
                text run at (1,1) width 8: "6"
            RenderTableCell {TD} at (586,44) size 99x22 [border: (1px inset #808080)] [r=2 c=7 rs=1 cs=1]
              RenderText {#text} at (1,1) size 8x19
                text run at (1,1) width 8: "8"
            RenderTableCell {TD} at (684,44) size 98x22 [bgcolor=#999999] [border: (1px inset #808080)] [r=2 c=8 rs=1 cs=1]
              RenderText {#text} at (1,1) size 8x19
                text run at (1,1) width 8: "9"
          RenderTableRow {TR} at (0,66) size 782x22
            RenderTableCell {TD} at (0,66) size 489x22 [bgcolor=#999999] [border: (1px inset #808080)] [r=3 c=0 rs=1 cs=6]
              RenderText {#text} at (1,1) size 8x19
                text run at (1,1) width 8: "1"
            RenderTableCell {TD} at (488,66) size 99x22 [bgcolor=#999999] [border: (1px inset #808080)] [r=3 c=6 rs=1 cs=1]
              RenderText {#text} at (1,1) size 8x19
                text run at (1,1) width 8: "7"
            RenderTableCell {TD} at (586,66) size 196x22 [bgcolor=#999999] [border: (1px inset #808080)] [r=3 c=7 rs=1 cs=2]
              RenderText {#text} at (1,1) size 8x19
                text run at (1,1) width 8: "8"
      RenderBlock {P} at (0,238) size 784x40
        RenderText {#text} at (0,0) size 773x39
          text run at (0,0) width 434: "This is the same table as above, but instead the cells in column two "
          text run at (433,0) width 340: "are requesting colspans of (1,2,1,5) respectively (i.e.,"
          text run at (0,20) width 485: "excess requests have been 'normalized' away). There is no more 'white gap'."
      RenderTable {TABLE} at (0,294) size 784x90 [border: (1px outset #808080)]
        RenderTableSection {TBODY} at (1,1) size 782x88
          RenderTableRow {TR} at (0,0) size 782x22
            RenderTableCell {TD} at (0,0) size 98x22 [bgcolor=#999999] [border: (1px inset #808080)] [r=0 c=0 rs=1 cs=1]
              RenderText {#text} at (1,1) size 8x19
                text run at (1,1) width 8: "1"
            RenderTableCell {TD} at (97,0) size 99x22 [bgcolor=#DDDDDD] [border: (1px inset #808080)] [r=0 c=1 rs=1 cs=1]
              RenderText {#text} at (1,1) size 8x19
                text run at (1,1) width 8: "2"
            RenderTableCell {TD} at (195,0) size 99x22 [bgcolor=#DDDDDD] [border: (1px inset #808080)] [r=0 c=2 rs=1 cs=1]
              RenderText {#text} at (1,1) size 8x19
                text run at (1,1) width 8: "3"
            RenderTableCell {TD} at (293,0) size 98x22 [bgcolor=#999999] [border: (1px inset #808080)] [r=0 c=3 rs=1 cs=1]
              RenderText {#text} at (1,1) size 8x19
                text run at (1,1) width 8: "4"
            RenderTableCell {TD} at (391,0) size 98x22 [border: (1px inset #808080)] [r=0 c=4 rs=1 cs=1]
              RenderText {#text} at (1,1) size 8x19
                text run at (1,1) width 8: "5"
            RenderTableCell {TD} at (488,0) size 99x22 [border: (1px inset #808080)] [r=0 c=5 rs=1 cs=1]
              RenderText {#text} at (1,1) size 8x19
                text run at (1,1) width 8: "6"
            RenderTableCell {TD} at (586,0) size 99x22 [border: (1px inset #808080)] [r=0 c=6 rs=1 cs=1]
              RenderText {#text} at (1,1) size 8x19
                text run at (1,1) width 8: "7"
            RenderTableCell {TD} at (684,0) size 98x22 [bgcolor=#999999] [border: (1px inset #808080)] [r=0 c=7 rs=1 cs=1]
              RenderText {#text} at (1,1) size 8x19
                text run at (1,1) width 8: "8"
          RenderTableRow {TR} at (0,22) size 782x22
            RenderTableCell {TD} at (0,22) size 98x22 [bgcolor=#999999] [border: (1px inset #808080)] [r=1 c=0 rs=1 cs=1]
              RenderText {#text} at (1,1) size 8x19
                text run at (1,1) width 8: "1"
            RenderTableCell {TD} at (97,22) size 197x22 [bgcolor=#DDDDDD] [border: (1px inset #808080)] [r=1 c=1 rs=1 cs=2]
              RenderText {#text} at (1,1) size 8x19
                text run at (1,1) width 8: "2"
            RenderTableCell {TD} at (293,22) size 98x22 [bgcolor=#999999] [border: (1px inset #808080)] [r=1 c=3 rs=1 cs=1]
              RenderText {#text} at (1,1) size 8x19
                text run at (1,1) width 8: "4"
            RenderTableCell {TD} at (391,22) size 98x22 [border: (1px inset #808080)] [r=1 c=4 rs=1 cs=1]
              RenderText {#text} at (1,1) size 8x19
                text run at (1,1) width 8: "5"
            RenderTableCell {TD} at (488,22) size 99x22 [border: (1px inset #808080)] [r=1 c=5 rs=1 cs=1]
              RenderText {#text} at (1,1) size 8x19
                text run at (1,1) width 8: "6"
            RenderTableCell {TD} at (586,22) size 99x22 [border: (1px inset #808080)] [r=1 c=6 rs=1 cs=1]
              RenderText {#text} at (1,1) size 8x19
                text run at (1,1) width 8: "7"
            RenderTableCell {TD} at (684,22) size 98x22 [bgcolor=#999999] [border: (1px inset #808080)] [r=1 c=7 rs=1 cs=1]
              RenderText {#text} at (1,1) size 8x19
                text run at (1,1) width 8: "8"
          RenderTableRow {TR} at (0,44) size 782x22
            RenderTableCell {TD} at (0,44) size 98x22 [bgcolor=#999999] [border: (1px inset #808080)] [r=2 c=0 rs=1 cs=1]
              RenderText {#text} at (1,1) size 8x19
                text run at (1,1) width 8: "1"
            RenderTableCell {TD} at (97,44) size 99x22 [bgcolor=#DDDDDD] [border: (1px inset #808080)] [r=2 c=1 rs=1 cs=1]
              RenderText {#text} at (1,1) size 8x19
                text run at (1,1) width 8: "2"
            RenderTableCell {TD} at (195,44) size 99x22 [bgcolor=#DDDDDD] [border: (1px inset #808080)] [r=2 c=2 rs=1 cs=1]
              RenderText {#text} at (1,1) size 8x19
                text run at (1,1) width 8: "3"
            RenderTableCell {TD} at (293,44) size 98x22 [bgcolor=#999999] [border: (1px inset #808080)] [r=2 c=3 rs=1 cs=1]
              RenderText {#text} at (1,1) size 8x19
                text run at (1,1) width 8: "4"
            RenderTableCell {TD} at (391,44) size 196x22 [border: (1px inset #808080)] [r=2 c=4 rs=1 cs=2]
              RenderText {#text} at (1,1) size 8x19
                text run at (1,1) width 8: "5"
            RenderTableCell {TD} at (586,44) size 99x22 [border: (1px inset #808080)] [r=2 c=6 rs=1 cs=1]
              RenderText {#text} at (1,1) size 8x19
                text run at (1,1) width 8: "7"
            RenderTableCell {TD} at (684,44) size 98x22 [bgcolor=#999999] [border: (1px inset #808080)] [r=2 c=7 rs=1 cs=1]
              RenderText {#text} at (1,1) size 8x19
                text run at (1,1) width 8: "8"
          RenderTableRow {TR} at (0,66) size 782x22
            RenderTableCell {TD} at (0,66) size 489x22 [bgcolor=#999999] [border: (1px inset #808080)] [r=3 c=0 rs=1 cs=5]
              RenderText {#text} at (1,1) size 8x19
                text run at (1,1) width 8: "1"
            RenderTableCell {TD} at (488,66) size 99x22 [bgcolor=#999999] [border: (1px inset #808080)] [r=3 c=5 rs=1 cs=1]
              RenderText {#text} at (1,1) size 8x19
                text run at (1,1) width 8: "6"
            RenderTableCell {TD} at (586,66) size 196x22 [bgcolor=#999999] [border: (1px inset #808080)] [r=3 c=6 rs=1 cs=2]
              RenderText {#text} at (1,1) size 8x19
                text run at (1,1) width 8: "7"
