layer at (0,0) size 800x600
  RenderView at (0,0) size 800x600
layer at (0,0) size 800x600
  RenderBlock {HTML} at (0,0) size 800x600
    RenderBody {BODY} at (8,8) size 784x576 [bgcolor=#FFFFFF]
      RenderBlock {P} at (0,0) size 784x40
        RenderText {#text} at (0,0) size 775x39
          text run at (0,0) width 441: "Click on a link on the left hand column. Also note the overlap of the "
          text run at (440,0) width 335: "text box with the submit button. (And, removing the"
          text run at (0,20) width 156: "font tag that is wrapped "
          text run at (155,20) width 239: "around the text box clears up layout)."
      RenderBlock (anonymous) at (0,56) size 784x20
        RenderBR {BR} at (0,0) size 0x19
      RenderBlock {FORM} at (0,76) size 784x136
        RenderBlock {CENTER} at (0,0) size 784x136
          RenderTable {TABLE} at (92,0) size 600x136 [bgcolor=#EEEEEE] [border: (1px outset #808080)]
            RenderTableSection {TBODY} at (1,1) size 598x134
              RenderTableRow {TR} at (0,3) size 598x128
                RenderTableCell {TD} at (3,3) size 123x128 [border: (1px inset #808080)] [r=0 c=0 rs=1 cs=1]
                  RenderTable {TABLE} at (4,4) size 115x120 [bgcolor=#FFFFFF] [border: (1px outset #808080)]
                    RenderTableSection {TBODY} at (1,1) size 113x118
                      RenderTableRow {TR} at (0,2) size 113x28
                        RenderTableCell {TD} at (2,2) size 109x27 [bgcolor=#CCCCCC] [border: (1px inset #808080)] [r=0 c=0 rs=1 cs=1]
                          RenderInline {A} at (0,0) size 62x20 [color=#660099]
                            RenderInline {B} at (0,0) size 62x20
                              RenderText {#text} at (3,3) size 62x20
                                text run at (3,4) width 62: "Netscape"
                          RenderText {#text} at (0,0) size 0x0
                      RenderTableRow {TR} at (0,31) size 113x28
                        RenderTableCell {TD} at (2,32) size 109x27 [bgcolor=#FFFFFF] [border: (1px inset #808080)] [r=1 c=0 rs=1 cs=1]
                          RenderInline {A} at (0,0) size 58x20 [color=#660099]
                            RenderInline {B} at (0,0) size 58x20
                              RenderText {#text} at (3,3) size 58x20
                                text run at (3,4) width 58: "Infoseek"
                          RenderText {#text} at (0,0) size 0x0
                      RenderTableRow {TR} at (0,61) size 113x27
                        RenderTableCell {TD} at (2,61) size 109x27 [bgcolor=#FFFFFF] [border: (1px inset #808080)] [r=2 c=0 rs=1 cs=1]
                          RenderInline {A} at (0,0) size 79x20 [color=#660099]
                            RenderInline {B} at (0,0) size 79x20
                              RenderText {#text} at (3,3) size 79x20
                                text run at (3,4) width 79: "LookSmart"
                          RenderText {#text} at (0,0) size 0x0
                      RenderTableRow {TR} at (0,90) size 113x26
                        RenderTableCell {TD} at (2,90) size 109x26 [bgcolor=#FFFFFF] [border: (1px inset #808080)] [r=3 c=0 rs=1 cs=1]
                          RenderInline {A} at (0,0) size 66x19 [color=#660099]
                            RenderInline {B} at (0,0) size 66x19
                              RenderText {#text} at (3,3) size 66x19
                                text run at (3,3) width 66: "Directory"
                          RenderText {#text} at (0,0) size 0x0
                RenderTableCell {TD} at (128,23) size 468x88 [bgcolor=#CCCCCC] [border: (1px inset #808080)] [r=0 c=1 rs=1 cs=1]
                  RenderTable {TABLE} at (4,4) size 459x79 [border: (1px outset #808080)]
                    RenderTableSection {TBODY} at (1,1) size 457x77
                      RenderTableRow {TR} at (0,4) size 457x35
                        RenderTableCell {TD} at (4,4) size 348x35 [border: (1px inset #808080)] [r=0 c=0 rs=1 cs=3]
                          RenderInline {FONT} at (0,0) size 306x16
                            RenderText {#text} at (0,0) size 0x0
                            RenderTextControl {INPUT} at (7,7) size 302x22 [bgcolor=#FFFFFF] [border: (1px solid #E4E4E5)]
                            RenderText {#text} at (0,0) size 0x0
                          RenderText {#text} at (0,0) size 0x0
                        RenderTableCell {TD} at (355,4) size 98x34 [border: (1px inset #808080)] [r=0 c=3 rs=1 cs=1]
                          RenderButton {INPUT} at (7,7) size 63x20 [color=#FFFFFF] [bgcolor=#007AFF] [border: (1px solid #FFFFFF)]
                            RenderBlock (anonymous) at (12,3) size 39x14
                              RenderText at (0,0) size 39x14
                                text run at (0,0) width 39: "Search"
                          RenderText {#text} at (0,0) size 0x0
                      RenderTableRow {TR} at (0,43) size 457x30
                        RenderTableCell {TD} at (4,43) size 114x30 [border: (1px inset #808080)] [r=1 c=0 rs=1 cs=1]
                          RenderText {#text} at (5,5) size 27x19
                            text run at (5,5) width 27: "asdf"
                        RenderTableCell {TD} at (121,43) size 114x30 [border: (1px inset #808080)] [r=1 c=1 rs=1 cs=1]
                          RenderText {#text} at (5,5) size 27x19
                            text run at (5,5) width 27: "asdf"
                        RenderTableCell {TD} at (238,43) size 114x30 [border: (1px inset #808080)] [r=1 c=2 rs=1 cs=1]
                          RenderText {#text} at (5,5) size 27x19
                            text run at (5,5) width 27: "asdf"
                        RenderTableCell {TD} at (355,43) size 98x30 [border: (1px inset #808080)] [r=1 c=3 rs=1 cs=1]
                          RenderText {#text} at (5,5) size 27x19
                            text run at (5,5) width 27: "asdf"
layer at (252,128) size 288x14
  RenderBlock {DIV} at (6,3) size 290x15
