layer at (0,0) size 979x600
  RenderView at (0,0) size 800x600
layer at (0,0) size 800x600
  RenderBlock {HTML} at (0,0) size 800x600
    RenderBody {BODY} at (8,8) size 784x584
      RenderTable {TABLE} at (0,0) size 971x155 [border: (2px solid #0000FF)]
        RenderTableSection {TBODY} at (2,2) size 967x151
          RenderTableRow {TR} at (0,2) size 967x147
            RenderTableCell {TD} at (2,2) size 205x147 [border: (1px solid #C0C0C0)] [r=0 c=0 rs=1 cs=1]
              RenderTable {TABLE} at (2,2) size 201x143 [border: (2px solid #008000)]
                RenderTableSection {TBODY} at (2,2) size 197x139
                  RenderTableRow {TR} at (0,2) size 197x93
                    RenderTableCell {TD} at (2,2) size 193x93 [border: (1px solid #C0C0C0)] [r=0 c=0 rs=1 cs=1]
                      RenderTable {TABLE} at (2,2) size 171x37 [border: (2px solid #FF0000)]
                        RenderTableSection {TBODY} at (2,2) size 167x33
                          RenderTableRow {TR} at (0,2) size 167x29
                            RenderTableCell {TD} at (2,2) size 163x29 [border: (1px solid #C0C0C0)] [r=0 c=0 rs=1 cs=1]
                              RenderTextControl {INPUT} at (4,4) size 155x22 [bgcolor=#FFFFFF] [border: (1px solid #E4E4E5)]
                              RenderText {#text} at (0,0) size 0x0
                      RenderTable {TABLE} at (2,39) size 189x52 [border: (2px solid #FF0000)]
                        RenderTableSection {TBODY} at (2,2) size 185x48
                          RenderTableRow {TR} at (0,2) size 185x44
                            RenderTableCell {TD} at (2,2) size 181x44 [border: (1px solid #C0C0C0)] [r=0 c=0 rs=1 cs=1]
                              RenderText {#text} at (2,2) size 171x39
                                text run at (2,2) width 171: "THIS TABLE NEEDS TO"
                                text run at (2,22) width 67: "BE HERE"
                  RenderTableRow {TR} at (0,97) size 197x40
                    RenderTableCell {TD} at (2,97) size 193x40 [border: (1px solid #C0C0C0)] [r=1 c=0 rs=1 cs=1]
                      RenderTable {TABLE} at (2,2) size 189x36 [border: (2px solid #FF0000)]
                        RenderTableSection {TBODY} at (2,2) size 185x32
                          RenderTableRow {TR} at (0,2) size 185x28
                            RenderTableCell {TD} at (2,2) size 181x28 [border: (1px solid #C0C0C0)] [r=0 c=0 rs=1 cs=1]
                              RenderMenuList {SELECT} at (4,4) size 173x20 [color=#007AFF] [bgcolor=#E9E9EA]
                                RenderBlock (anonymous) at (5,3) size 163x14
                                  RenderText at (0,0) size 152x14
                                    text run at (0,0) width 152: "USE THIS JAVASCRIPT HERE"
                              RenderText {#text} at (0,0) size 0x0
            RenderTableCell {TD} at (209,2) size 756x44 [border: (1px solid #C0C0C0)] [r=0 c=1 rs=1 cs=1]
              RenderText {#text} at (2,2) size 752x39
                text run at (2,2) width 752: "KEEPoTHEoTEXToHEREoASoLONGoASoPOSSIBLEooKEEPoTHEoTEXToHEREoASoLONGoASoPOSSIBLE"
                text run at (2,22) width 602: "THIS SIMULATES THE PROBLEM ON THE WWW.MAPBLAST.COM/ \"CREATE MAP\""
layer at (35,31) size 141x14
  RenderBlock {DIV} at (6,3) size 143x15
    RenderText {#text} at (0,0) size 132x14
      text run at (0,0) width 132: "THIS NEEDS THIS VALUE"
