layer at (0,0) size 800x600
  RenderView at (0,0) size 800x600
layer at (0,0) size 800x600
  RenderBlock {HTML} at (0,0) size 800x600
    RenderBody {BODY} at (8,8) size 784x584
      RenderTable {TABLE} at (0,0) size 784x300 [border: (4px solid #0000FF)]
        RenderTableSection {TBODY} at (4,4) size 776x292
          RenderTableRow {TR} at (0,2) size 776x288
            RenderTableCell {TD} at (2,2) size 600x120 [border: (1px solid #0000FF)] [r=0 c=0 rs=1 cs=1]
              RenderTable {TABLE} at (2,2) size 596x116 [border: (4px solid #008000)]
                RenderTableSection {TBODY} at (4,4) size 588x108
                  RenderTableRow {TR} at (0,2) size 588x104
                    RenderTableCell {TD} at (2,2) size 584x104 [border: (1px solid #008000)] [r=0 c=0 rs=1 cs=1]
                      RenderText {#text} at (2,2) size 578x99
                        text run at (2,2) width 578: "this is a bunch of text. this is a bunch of text. this is a bunch of text. this is a bunch of text."
                        text run at (2,22) width 578: "this is a bunch of text. this is a bunch of text. this is a bunch of text. this is a bunch of text."
                        text run at (2,42) width 578: "this is a bunch of text. this is a bunch of text. this is a bunch of text. this is a bunch of text."
                        text run at (2,62) width 578: "this is a bunch of text. this is a bunch of text. this is a bunch of text. this is a bunch of text."
                        text run at (2,82) width 287: "this is a bunch of text. this is a bunch of text."
            RenderTableCell {TD} at (603,2) size 171x288 [border: (1px solid #0000FF)] [r=0 c=1 rs=1 cs=1]
              RenderTable {TABLE} at (2,2) size 167x284 [border: (4px solid #008000)]
                RenderTableSection {TBODY} at (4,4) size 159x276
                  RenderTableRow {TR} at (0,2) size 159x272
                    RenderTableCell {TD} at (2,2) size 155x272 [border: (1px solid #008000)] [r=0 c=0 rs=1 cs=1]
                      RenderBlock (anonymous) at (2,2) size 151x20
                        RenderText {#text} at (0,0) size 121x19
                          text run at (0,0) width 121: "this cell is nowrap."
                      RenderTable {TABLE} at (2,22) size 151x248 [border: (4px solid #FF0000)]
                        RenderTableSection {TBODY} at (4,4) size 143x240
                          RenderTableRow {TR} at (0,2) size 143x236
                            RenderTableCell {TD} at (2,2) size 139x236 [border: (1px solid #FF0000)] [r=0 c=0 rs=1 cs=1]
                              RenderBlock (anonymous) at (2,2) size 135x60
                                RenderText {#text} at (0,0) size 130x59
                                  text run at (0,0) width 121: "this text is in a cell"
                                  text run at (0,20) width 130: "of a table, contained"
                                  text run at (0,40) width 24: "in a"
                              RenderBlock {P} at (2,78) size 135x20
                                RenderInline {B} at (0,0) size 135x19
                                  RenderText {#text} at (0,0) size 135x19
                                    text run at (0,0) width 135: "cell with NOWRAP"
                              RenderBlock (anonymous) at (2,114) size 135x120
                                RenderText {#text} at (0,0) size 132x119
                                  text run at (0,0) width 123: "but this text should"
                                  text run at (0,20) width 42: "wrap! "
                                  text run at (41,20) width 85: "only the bold"
                                  text run at (0,40) width 132: "text should not wrap"
                                  text run at (0,60) width 70: "be cause is"
                                  text run at (0,80) width 103: "contained in a P"
                                  text run at (0,100) width 90: "that's nowrap."
      RenderBlock (anonymous) at (0,300) size 784x40
        RenderBR {BR} at (0,0) size 0x19
        RenderText {#text} at (0,20) size 329x19
          text run at (0,20) width 329: "Tables have a thick border, cells have a thin border."
