layer at (0,0) size 800x600
  RenderView at (0,0) size 800x600
layer at (0,0) size 800x249
  RenderBlock {HTML} at (0,0) size 800x249
    RenderBody {BODY} at (8,21) size 784x220
      RenderBlock {H1} at (0,0) size 784x38
        RenderText {#text} at (0,1) size 353x36
          text run at (0,1) width 353: "insertRow() bugs, 0 based"
      RenderTable {TABLE} at (0,59) size 151x161 [border: (1px outset #808080)]
        RenderTableSection {TBODY} at (1,1) size 149x158
          RenderTableRow {TR} at (0,2) size 149x24
            RenderTableCell {TD} at (2,2) size 145x24 [border: (1px inset #808080)] [r=0 c=0 rs=1 cs=1]
              RenderText {#text} at (2,2) size 141x19
                text run at (2,2) width 141: "This is row number 0."
          RenderTableRow {TR} at (0,28) size 149x24
            RenderTableCell {TD} at (2,28) size 145x24 [border: (1px inset #808080)] [r=1 c=0 rs=1 cs=1]
              RenderText {#text} at (2,2) size 141x19
                text run at (2,2) width 141: "This is row number 1."
          RenderTableRow {TR} at (0,54) size 149x24
            RenderTableCell {TD} at (2,54) size 145x24 [border: (1px inset #808080)] [r=2 c=0 rs=1 cs=1]
              RenderText {#text} at (2,2) size 141x19
                text run at (2,2) width 141: "This is row number 2."
          RenderTableRow {TR} at (0,80) size 149x24
            RenderTableCell {TD} at (2,80) size 145x24 [border: (1px inset #808080)] [r=3 c=0 rs=1 cs=1]
              RenderText {#text} at (2,2) size 141x19
                text run at (2,2) width 141: "This is row number 3."
          RenderTableRow {TR} at (0,106) size 149x24
            RenderTableCell {TD} at (2,106) size 145x24 [border: (1px inset #808080)] [r=4 c=0 rs=1 cs=1]
              RenderText {#text} at (2,2) size 141x19
                text run at (2,2) width 141: "This is row number 4."
          RenderTableRow {TR} at (0,132) size 149x24
            RenderTableCell {TD} at (2,132) size 145x24 [border: (1px inset #808080)] [r=5 c=0 rs=1 cs=1]
              RenderText {#text} at (2,2) size 141x19
                text run at (2,2) width 141: "This is row number 5."
