layer at (0,0) size 6513x600
  RenderView at (0,0) size 800x600
layer at (0,0) size 800x600
  RenderBlock {HTML} at (0,0) size 800x600
    RenderBody {BODY} at (8,8) size 784x584
      RenderBlock (anonymous) at (0,0) size 784x20
        RenderBR {BR} at (0,0) size 0x19
      RenderTable {TABLE} at (0,20) size 651x24 [border: (1px outset #808080)]
        RenderTableSection {TBODY} at (1,1) size 649x22
          RenderTableRow {TR} at (0,0) size 649x22
            RenderTableCell {TD} at (0,0) size 649x22 [border: (1px inset #808080)] [r=0 c=0 rs=1 cs=1]
              RenderText {#text} at (1,1) size 647x19
                text run at (1,1) width 337: "Hotmail's Junk Mail spreading effort just got better! "
                text run at (337,1) width 311: "Now you can choose from 3 levels of junk mail!"
      RenderBlock (anonymous) at (0,44) size 784x80
        RenderBR {BR} at (0,0) size 0x19
        RenderBR {BR} at (0,20) size 0x19
        RenderText {#text} at (0,40) size 443x19
          text run at (0,40) width 443: "the next table must overrun the visible part of the view (width=2400)"
        RenderBR {BR} at (442,40) size 1x19
        RenderBR {BR} at (0,60) size 0x19
      RenderTable {TABLE} at (0,124) size 6505x24 [border: (1px outset #808080)]
        RenderTableSection {TBODY} at (1,1) size 6503x22
          RenderTableRow {TR} at (0,0) size 6503x22
            RenderTableCell {TD} at (0,0) size 6503x22 [border: (1px inset #808080)] [r=0 c=0 rs=1 cs=1]
              RenderText {#text} at (1,1) size 6501x19
                text run at (1,1) width 337: "Hotmail's Junk Mail spreading effort just got better! "
                text run at (337,1) width 315: "Now you can choose from 3 levels of junk mail! "
                text run at (651,1) width 338: "Hotmail's Junk Mail spreading effort just got better! "
                text run at (988,1) width 314: "Now you can choose from 3 levels of junk mail! "
                text run at (1301,1) width 338: "Hotmail's Junk Mail spreading effort just got better! "
                text run at (1638,1) width 315: "Now you can choose from 3 levels of junk mail! "
                text run at (1952,1) width 338: "Hotmail's Junk Mail spreading effort just got better! "
                text run at (2289,1) width 314: "Now you can choose from 3 levels of junk mail! "
                text run at (2602,1) width 338: "Hotmail's Junk Mail spreading effort just got better! "
                text run at (2939,1) width 315: "Now you can choose from 3 levels of junk mail! "
                text run at (3253,1) width 338: "Hotmail's Junk Mail spreading effort just got better! "
                text run at (3590,1) width 314: "Now you can choose from 3 levels of junk mail! "
                text run at (3903,1) width 338: "Hotmail's Junk Mail spreading effort just got better! "
                text run at (4240,1) width 315: "Now you can choose from 3 levels of junk mail! "
                text run at (4554,1) width 337: "Hotmail's Junk Mail spreading effort just got better! "
                text run at (4890,1) width 315: "Now you can choose from 3 levels of junk mail! "
                text run at (5204,1) width 338: "Hotmail's Junk Mail spreading effort just got better! "
                text run at (5541,1) width 315: "Now you can choose from 3 levels of junk mail! "
                text run at (5855,1) width 337: "Hotmail's Junk Mail spreading effort just got better! "
                text run at (6191,1) width 311: "Now you can choose from 3 levels of junk mail!"
