layer at (0,0) size 800x600
  RenderView at (0,0) size 800x600
layer at (0,0) size 800x600
  RenderBlock {HTML} at (0,0) size 800x600
    RenderBody {BODY} at (8,8) size 784x584 [bgcolor=#FFFFFF]
      RenderBlock (anonymous) at (0,0) size 784x20
        RenderText {#text} at (0,0) size 470x19
          text run at (0,0) width 470: "the purple text input control must be in the same line with the grey image"
      RenderTable {TABLE} at (0,20) size 286x44
        RenderTableSection {TBODY} at (0,0) size 286x44
          RenderTableRow {TR} at (0,2) size 286x40
            RenderTableCell {TD} at (2,2) size 282x40 [bgcolor=#CCDDFF] [border: (1px solid #000000)] [r=0 c=0 rs=1 cs=1]
              RenderTextControl {INPUT} at (3,19) size 146x18 [bgcolor=#CCAAFF] [border: (1px solid #E4E4E5)]
              RenderImage {IMG} at (151,4) size 127x26 [bgcolor=#C0C0C0] [border: (1px solid #000000)]
layer at (15,51) size 142x14
  RenderBlock {DIV} at (2,2) size 142x14
