layer at (0,0) size 808x585
  RenderView at (0,0) size 800x585
layer at (0,0) size 800x585
  RenderBlock {html} at (0,0) size 800x585
    RenderBody {body} at (8,16) size 784x415
      RenderBlock {p} at (0,0) size 784x36
        RenderText {#text} at (0,0) size 783x36
          text run at (0,0) width 783: "The left edges of the black boxes below should line up with the left edges of their containing red or green boxes. In addition,"
          text run at (0,18) width 227: "all the assertions below should pass."
      RenderBlock {div} at (0,52) size 800x200
        RenderSVGRoot {svg} at (8,68) size 570x200
          RenderSVGRect {rect} at (8,78) size 70x160 [fill={[type=SOLID] [color=#FF0000]}] [x=0.00] [y=10.00] [width=70.00] [height=160.00]
          RenderSVGRect {rect} at (78,78) size 100x150 [fill={[type=SOLID] [color=#008000]}] [x=70.00] [y=10.00] [width=100.00] [height=150.00]
          RenderSVGRect {rect} at (178,78) size 70x140 [fill={[type=SOLID] [color=#FF0000]}] [x=170.00] [y=10.00] [width=70.00] [height=140.00]
          RenderSVGRect {rect} at (248,78) size 70x130 [fill={[type=SOLID] [color=#008000]}] [x=240.00] [y=10.00] [width=70.00] [height=130.00]
          RenderSVGRect {rect} at (318,78) size 80x120 [fill={[type=SOLID] [color=#FF0000]}] [x=310.00] [y=10.00] [width=80.00] [height=120.00]
          RenderSVGRect {rect} at (398,78) size 60x110 [fill={[type=SOLID] [color=#008000]}] [x=390.00] [y=10.00] [width=60.00] [height=110.00]
          RenderSVGText {text} at (0,-90) size 570x600 contains 1 chunk(s)
            RenderSVGInlineText {#text} at (0,0) size 570x600
              chunk 1 text run 1 at (0.00,10.00) startOffset 0 endOffset 9 width 510.00: "GGDGGBBBF"
              chunk 1 text run 2 at (490.00,10.00) startOffset 9 endOffset 10 width 80.00: "B"
        RenderText {#text} at (0,0) size 0x0
      RenderBlock {pre} at (0,265) size 784x150
        RenderInline {span} at (0,0) size 312x15
          RenderInline {span} at (0,0) size 312x15
            RenderInline {span} at (0,0) size 32x15
              RenderText {#text} at (0,0) size 32x15
                text run at (0,0) width 32: "PASS"
            RenderText {#text} at (32,0) size 280x15
              text run at (32,0) width 280: " t.getStartPositionOfChar(0).x is 0"
          RenderBR {br} at (312,0) size 0x15
        RenderInline {span} at (0,0) size 312x15
          RenderInline {span} at (0,0) size 312x15
            RenderInline {span} at (0,0) size 32x15
              RenderText {#text} at (0,15) size 32x15
                text run at (0,15) width 32: "PASS"
            RenderText {#text} at (32,15) size 280x15
              text run at (32,15) width 280: " t.getStartPositionOfChar(1).x is 0"
          RenderBR {br} at (312,15) size 0x15
        RenderInline {span} at (0,0) size 352x15
          RenderInline {span} at (0,0) size 352x15
            RenderInline {span} at (0,0) size 32x15
              RenderText {#text} at (0,30) size 32x15
                text run at (0,30) width 32: "PASS"
            RenderText {#text} at (32,30) size 320x15
              text run at (32,30) width 320: " t.getStartPositionOfChar(2).x is 0 + 70"
          RenderBR {br} at (352,30) size 0x15
        RenderInline {span} at (0,0) size 400x15
          RenderInline {span} at (0,0) size 400x15
            RenderInline {span} at (0,0) size 32x15
              RenderText {#text} at (0,45) size 32x15
                text run at (0,45) width 32: "PASS"
            RenderText {#text} at (32,45) size 368x15
              text run at (32,45) width 368: " t.getStartPositionOfChar(3).x is 0 + 70 + 100"
          RenderBR {br} at (400,45) size 0x15
        RenderInline {span} at (0,0) size 400x15
          RenderInline {span} at (0,0) size 400x15
            RenderInline {span} at (0,0) size 32x15
              RenderText {#text} at (0,60) size 32x15
                text run at (0,60) width 32: "PASS"
            RenderText {#text} at (32,60) size 368x15
              text run at (32,60) width 368: " t.getStartPositionOfChar(4).x is 0 + 70 + 100"
          RenderBR {br} at (400,60) size 0x15
        RenderInline {span} at (0,0) size 440x15
          RenderInline {span} at (0,0) size 440x15
            RenderInline {span} at (0,0) size 32x15
              RenderText {#text} at (0,75) size 32x15
                text run at (0,75) width 32: "PASS"
            RenderText {#text} at (32,75) size 408x15
              text run at (32,75) width 408: " t.getStartPositionOfChar(5).x is 0 + 70 + 100 + 70"
          RenderBR {br} at (440,75) size 0x15
        RenderInline {span} at (0,0) size 440x15
          RenderInline {span} at (0,0) size 440x15
            RenderInline {span} at (0,0) size 32x15
              RenderText {#text} at (0,90) size 32x15
                text run at (0,90) width 32: "PASS"
            RenderText {#text} at (32,90) size 408x15
              text run at (32,90) width 408: " t.getStartPositionOfChar(6).x is 0 + 70 + 100 + 70"
          RenderBR {br} at (440,90) size 0x15
        RenderInline {span} at (0,0) size 480x15
          RenderInline {span} at (0,0) size 480x15
            RenderInline {span} at (0,0) size 32x15
              RenderText {#text} at (0,105) size 32x15
                text run at (0,105) width 32: "PASS"
            RenderText {#text} at (32,105) size 448x15
              text run at (32,105) width 448: " t.getStartPositionOfChar(7).x is 0 + 70 + 100 + 70 + 70"
          RenderBR {br} at (480,105) size 0x15
        RenderInline {span} at (0,0) size 520x15
          RenderInline {span} at (0,0) size 520x15
            RenderInline {span} at (0,0) size 32x15
              RenderText {#text} at (0,120) size 32x15
                text run at (0,120) width 32: "PASS"
            RenderText {#text} at (32,120) size 488x15
              text run at (32,120) width 488: " t.getStartPositionOfChar(8).x is 0 + 70 + 100 + 70 + 70 + 80"
          RenderBR {br} at (520,120) size 0x15
        RenderInline {span} at (0,0) size 568x15
          RenderInline {span} at (0,0) size 568x15
            RenderInline {span} at (0,0) size 32x15
              RenderText {#text} at (0,135) size 32x15
                text run at (0,135) width 32: "PASS"
            RenderText {#text} at (32,135) size 536x15
              text run at (32,135) width 536: " t.getStartPositionOfChar(9).x is 0 + 70 + 100 + 70 + 70 + 80 + 100"
          RenderBR {br} at (568,135) size 0x15
