layer at (0,0) size 800x600
  RenderView at (0,0) size 800x600
layer at (0,0) size 800x138
  RenderBlock {HTML} at (0,0) size 800x138
    RenderBody {BODY} at (8,8) size 784x110
      RenderBlock (anonymous) at (0,0) size 784x90
        RenderText {#text} at (0,0) size 762x36
          text run at (0,0) width 762: "This test checks that the text-overflow: ellipsis property is handled correctly when using an SVG font and having kerning"
          text run at (0,18) width 104: "and ligatures on."
        RenderBR {BR} at (104,18) size 0x18
        RenderBR {BR} at (0,36) size 0x18
        RenderText {#text} at (0,54) size 517x18
          text run at (0,54) width 517: "Pass if some text is shown followed by an ellipsis (NOT just the ellipsis by itself). "
        RenderBR {BR} at (517,54) size 0x18
        RenderBR {BR} at (0,72) size 0x18
layer at (8,98) size 182x20 clip at (9,99) size 180x18 scrollWidth 345
  RenderBlock {DIV} at (0,90) size 182x20 [border: (1px solid #000000)]
    RenderText {#text} at (1,2) size 345x16
      text run at (1,2) width 345: "abc abc abc abc abc abc abc abc abc abc"
