layer at (0,0) size 800x600
  RenderView at (0,0) size 800x600
layer at (0,0) size 800x112
  RenderBlock {HTML} at (0,0) size 800x112
    RenderBody {BODY} at (8,8) size 784x96
      RenderInline {RUBY} at (0,5) size 749x38
        RenderInline (generated) at (0,5) size 77x38
          RenderText {#text} at (0,5) size 57x38
            text run at (0,5) width 57: "\x{4E16}"
        RenderBlock {RT} at (32,20) size 20x8
          RenderInline {RUBY} at (9,0) size 10x8
            RenderInline (generated) at (9,0) size 10x8
              RenderText {#text} at (1,0) size 10x8
                text run at (1,0) width 9: "\x{3115}"
            RenderBlock {RT} at (10,0) size 10x8
              RenderText {#text} at (0,2) size 10x4
                text run at (0,2) width 3: "\x{2CB}"
        RenderInline (generated) at (76,5) size 78x38
          RenderText {#text} at (76,5) size 58x38
            text run at (76,5) width 58: "\x{4E0A}"
        RenderBlock {RT} at (108,16) size 21x16
          RenderInline {RUBY} at (9,0) size 10x16
            RenderInline (generated) at (9,0) size 10x16
              RenderText {#text} at (1,0) size 10x16
                text run at (1,0) width 17: "\x{3115}\x{3124}"
            RenderBlock {RT} at (10,0) size 10x16
              RenderText {#text} at (0,6) size 10x4
                text run at (0,6) width 3: "\x{2CB}"
        RenderInline (generated) at (153,5) size 77x38
          RenderText {#text} at (153,5) size 58x38
            text run at (153,5) width 58: "\x{7121}"
        RenderBlock {RT} at (185,20) size 20x8
          RenderInline {RUBY} at (9,0) size 10x8
            RenderInline (generated) at (9,0) size 10x8
              RenderText {#text} at (1,0) size 10x8
                text run at (1,0) width 9: "\x{3128}"
            RenderBlock {RT} at (10,0) size 10x8
              RenderText {#text} at (0,2) size 10x4
                text run at (0,2) width 3: "\x{2CA}"
        RenderInline (generated) at (229,5) size 78x38
          RenderText {#text} at (229,5) size 58x38
            text run at (229,5) width 58: "\x{96E3}"
        RenderBlock {RT} at (261,16) size 21x16
          RenderInline {RUBY} at (9,0) size 10x16
            RenderInline (generated) at (9,0) size 10x16
              RenderText {#text} at (1,0) size 10x16
                text run at (1,0) width 17: "\x{310B}\x{3122}"
            RenderBlock {RT} at (10,0) size 10x16
              RenderText {#text} at (0,6) size 10x4
                text run at (0,6) width 3: "\x{2CA}"
        RenderInline (generated) at (306,5) size 77x38
          RenderText {#text} at (306,5) size 58x38
            text run at (306,5) width 58: "\x{4E8B}"
        RenderBlock {RT} at (338,20) size 20x8
          RenderInline {RUBY} at (9,0) size 10x8
            RenderInline (generated) at (9,0) size 10x8
              RenderText {#text} at (1,0) size 10x8
                text run at (1,0) width 9: "\x{3115}"
            RenderBlock {RT} at (10,0) size 10x8
              RenderText {#text} at (0,2) size 10x4
                text run at (0,2) width 3: "\x{2CB}"
        RenderInline (generated) at (382,5) size 69x38
          RenderText {#text} at (382,5) size 58x38
            text run at (382,5) width 58: "\x{53EA}"
        RenderBlock {RT} at (414,18) size 12x12
          RenderText {#text} at (1,0) size 10x11
            text run at (1,0) width 11: "\x{3113}\x{2C7}"
        RenderInline (generated) at (450,5) size 78x38
          RenderText {#text} at (450,5) size 58x38
            text run at (450,5) width 58: "\x{6015}"
        RenderBlock {RT} at (482,16) size 21x16
          RenderInline {RUBY} at (9,0) size 10x16
            RenderInline (generated) at (9,0) size 10x16
              RenderText {#text} at (1,0) size 10x16
                text run at (1,0) width 17: "\x{3106}\x{311A}"
            RenderBlock {RT} at (10,0) size 10x16
              RenderText {#text} at (0,6) size 10x4
                text run at (0,6) width 3: "\x{2CB}"
        RenderInline (generated) at (527,5) size 77x38
          RenderText {#text} at (527,5) size 58x38
            text run at (527,5) width 58: "\x{6709}"
        RenderBlock {RT} at (559,16) size 20x16
          RenderInline {RUBY} at (9,0) size 9x16
            RenderInline (generated) at (9,0) size 9x16
              RenderText {#text} at (1,0) size 10x16
                text run at (1,0) width 17: "\x{3127}\x{3121}"
            RenderBlock {RT} at (10,0) size 10x16
              RenderText {#text} at (0,6) size 9x4
                text run at (0,6) width 3: "\x{2C7}"
        RenderInline (generated) at (603,5) size 69x38
          RenderText {#text} at (603,5) size 58x38
            text run at (603,5) width 58: "\x{5FC3}"
        RenderBlock {RT} at (635,12) size 12x24
          RenderText {#text} at (1,0) size 10x24
            text run at (1,0) width 25: "\x{3112}\x{3127}\x{3123}"
        RenderInline (generated) at (671,5) size 78x38
          RenderText {#text} at (671,5) size 58x38
            text run at (671,5) width 58: "\x{4EBA}"
        RenderBlock {RT} at (703,16) size 21x16
          RenderInline {RUBY} at (9,0) size 10x16
            RenderInline (generated) at (9,0) size 10x16
              RenderText {#text} at (1,0) size 10x16
                text run at (1,0) width 17: "\x{3116}\x{3123}"
            RenderBlock {RT} at (10,0) size 10x16
              RenderText {#text} at (0,6) size 10x4
                text run at (0,6) width 3: "\x{2CA}"
      RenderBR {BR} at (748,5) size 1x38
      RenderText {#text} at (0,53) size 570x38
        text run at (0,53) width 570: "\x{4E16}\x{4E0A}\x{7121}\x{96E3}\x{4E8B}\x{53EA}\x{6015}\x{6709}\x{5FC3}\x{4EBA}"
