layer at (0,0) size 800x600
  RenderView at (0,0) size 800x600
layer at (0,0) size 800x64
  RenderBlock {HTML} at (0,0) size 800x64
    RenderBody {BODY} at (8,8) size 784x48
      RenderRuby (inline) {RUBY} at (0,0) size 500x36
        RenderRubyRun (anonymous) at (0,0) size 50x48
          RenderRubyText {RT} at (32,19) size 9x10
            RenderRuby (inline) {RUBY} at (0,0) size 9x9
              RenderRubyRun (anonymous) at (0,0) size 9x9
                RenderRubyText {RT} at (9,0) size 9x9
                  RenderText {#text} at (0,0) size 9x9
                    text run at (0,0) width 9: "\x{2CB}"
                RenderRubyBase (anonymous) at (0,0) size 9x9
                  RenderText {#text} at (0,0) size 9x9
                    text run at (0,0) width 9: "\x{3115}"
          RenderRubyBase (anonymous) at (0,0) size 32x48
            RenderText {#text} at (0,6) size 32x36
              text run at (0,6) width 32: "\x{4E16}"
        RenderRubyRun (anonymous) at (50,0) size 50x48
          RenderRubyText {RT} at (32,15) size 9x18
            RenderRuby (inline) {RUBY} at (0,0) size 9x18
              RenderRubyRun (anonymous) at (0,0) size 9x18
                RenderRubyText {RT} at (9,0) size 9x18
                  RenderText {#text} at (0,4) size 9x10
                    text run at (0,4) width 9: "\x{2CB}"
                RenderRubyBase (anonymous) at (0,0) size 9x18
                  RenderText {#text} at (0,0) size 9x18
                    text run at (0,0) width 18: "\x{3115}\x{3124}"
          RenderRubyBase (anonymous) at (0,0) size 32x48
            RenderText {#text} at (0,6) size 32x36
              text run at (0,6) width 32: "\x{4E0A}"
        RenderRubyRun (anonymous) at (100,0) size 50x48
          RenderRubyText {RT} at (32,19) size 9x10
            RenderRuby (inline) {RUBY} at (0,0) size 9x9
              RenderRubyRun (anonymous) at (0,0) size 9x9
                RenderRubyText {RT} at (9,0) size 9x9
                  RenderText {#text} at (0,0) size 9x9
                    text run at (0,0) width 9: "\x{2CA}"
                RenderRubyBase (anonymous) at (0,0) size 9x9
                  RenderText {#text} at (0,0) size 9x9
                    text run at (0,0) width 9: "\x{3128}"
          RenderRubyBase (anonymous) at (0,0) size 32x48
            RenderText {#text} at (0,6) size 32x36
              text run at (0,6) width 32: "\x{7121}"
        RenderRubyRun (anonymous) at (150,0) size 50x48
          RenderRubyText {RT} at (32,15) size 9x18
            RenderRuby (inline) {RUBY} at (0,0) size 9x18
              RenderRubyRun (anonymous) at (0,0) size 9x18
                RenderRubyText {RT} at (9,0) size 9x18
                  RenderText {#text} at (0,4) size 9x10
                    text run at (0,4) width 9: "\x{2CA}"
                RenderRubyBase (anonymous) at (0,0) size 9x18
                  RenderText {#text} at (0,0) size 9x18
                    text run at (0,0) width 18: "\x{310B}\x{3122}"
          RenderRubyBase (anonymous) at (0,0) size 32x48
            RenderText {#text} at (0,6) size 32x36
              text run at (0,6) width 32: "\x{96E3}"
        RenderRubyRun (anonymous) at (200,0) size 50x48
          RenderRubyText {RT} at (32,19) size 9x10
            RenderRuby (inline) {RUBY} at (0,0) size 9x9
              RenderRubyRun (anonymous) at (0,0) size 9x9
                RenderRubyText {RT} at (9,0) size 9x9
                  RenderText {#text} at (0,0) size 9x9
                    text run at (0,0) width 9: "\x{2CB}"
                RenderRubyBase (anonymous) at (0,0) size 9x9
                  RenderText {#text} at (0,0) size 9x9
                    text run at (0,0) width 9: "\x{3115}"
          RenderRubyBase (anonymous) at (0,0) size 32x48
            RenderText {#text} at (0,6) size 32x36
              text run at (0,6) width 32: "\x{4E8B}"
        RenderRubyRun (anonymous) at (250,0) size 50x48
          RenderRubyText {RT} at (32,15) size 9x18
            RenderText {#text} at (0,0) size 9x18
              text run at (0,0) width 18: "\x{3113}\x{2C7}"
          RenderRubyBase (anonymous) at (0,0) size 32x48
            RenderText {#text} at (0,6) size 32x36
              text run at (0,6) width 32: "\x{53EA}"
        RenderRubyRun (anonymous) at (300,0) size 50x48
          RenderRubyText {RT} at (32,15) size 9x18
            RenderRuby (inline) {RUBY} at (0,0) size 9x18
              RenderRubyRun (anonymous) at (0,0) size 9x18
                RenderRubyText {RT} at (9,0) size 9x18
                  RenderText {#text} at (0,4) size 9x10
                    text run at (0,4) width 9: "\x{2CB}"
                RenderRubyBase (anonymous) at (0,0) size 9x18
                  RenderText {#text} at (0,0) size 9x18
                    text run at (0,0) width 18: "\x{3106}\x{311A}"
          RenderRubyBase (anonymous) at (0,0) size 32x48
            RenderText {#text} at (0,6) size 32x36
              text run at (0,6) width 32: "\x{6015}"
        RenderRubyRun (anonymous) at (350,0) size 50x48
          RenderRubyText {RT} at (32,15) size 9x18
            RenderRuby (inline) {RUBY} at (0,0) size 9x18
              RenderRubyRun (anonymous) at (0,0) size 9x18
                RenderRubyText {RT} at (9,0) size 9x18
                  RenderText {#text} at (0,4) size 9x10
                    text run at (0,4) width 9: "\x{2C7}"
                RenderRubyBase (anonymous) at (0,0) size 9x18
                  RenderText {#text} at (0,0) size 9x18
                    text run at (0,0) width 18: "\x{3127}\x{3121}"
          RenderRubyBase (anonymous) at (0,0) size 32x48
            RenderText {#text} at (0,6) size 32x36
              text run at (0,6) width 32: "\x{6709}"
        RenderRubyRun (anonymous) at (400,0) size 50x48
          RenderRubyText {RT} at (32,10) size 9x28
            RenderText {#text} at (0,0) size 9x27
              text run at (0,0) width 27: "\x{3112}\x{3127}\x{3123}"
          RenderRubyBase (anonymous) at (0,0) size 32x48
            RenderText {#text} at (0,6) size 32x36
              text run at (0,6) width 32: "\x{5FC3}"
        RenderRubyRun (anonymous) at (450,0) size 50x48
          RenderRubyText {RT} at (32,15) size 9x18
            RenderRuby (inline) {RUBY} at (0,0) size 9x18
              RenderRubyRun (anonymous) at (0,0) size 9x18
                RenderRubyText {RT} at (9,0) size 9x18
                  RenderText {#text} at (0,4) size 9x10
                    text run at (0,4) width 9: "\x{2CA}"
                RenderRubyBase (anonymous) at (0,0) size 9x18
                  RenderText {#text} at (0,0) size 9x18
                    text run at (0,0) width 18: "\x{3116}\x{3123}"
          RenderRubyBase (anonymous) at (0,0) size 32x48
            RenderText {#text} at (0,6) size 32x36
              text run at (0,6) width 32: "\x{4EBA}"
