layer at (0,0) size 800x600
  RenderView at (0,0) size 800x600
layer at (0,0) size 800x600
  RenderBlock {HTML} at (0,0) size 800x600
    RenderBody {BODY} at (8,8) size 784x576
      RenderBlock (anonymous) at (0,0) size 784x36
        RenderText {#text} at (0,0) size 223x17
          text run at (0,0) width 223: "This is a test for multiple ruby runs."
        RenderBR {BR} at (223,0) size 0x17
        RenderBR {BR} at (0,18) size 0x17
      RenderBlock {P} at (0,52) size 784x28
        RenderText {#text} at (0,10) size 155x17
          text run at (0,10) width 155: "<ruby> is defined in the "
        RenderRuby (inline) {RUBY} at (0,0) size 130x17
          RenderRubyRun (anonymous) at (150,10) size 25x18
            RenderRubyText {RT} at (0,-10) size 24x10
              RenderText {#text} at (0,0) size 24x10
                text run at (0,0) width 24: "Hyper"
            RenderRubyBase (anonymous) at (0,0) size 24x18
              RenderText {#text} at (6,0) size 12x17
                text run at (6,0) width 12: "H"
          RenderRubyRun (anonymous) at (174,10) size 19x18
            RenderRubyText {RT} at (0,-10) size 18x10
              RenderText {#text} at (0,0) size 18x10
                text run at (0,0) width 18: "Text"
            RenderRubyBase (anonymous) at (0,0) size 18x18
              RenderText {#text} at (4,0) size 10x17
                text run at (4,0) width 10: "T"
          RenderRubyRun (anonymous) at (192,10) size 31x18
            RenderRubyText {RT} at (0,-10) size 30x10
              RenderText {#text} at (0,0) size 30x10
                text run at (0,0) width 30: "Markup"
            RenderRubyBase (anonymous) at (0,0) size 30x18
              RenderText {#text} at (8,0) size 14x17
                text run at (8,0) width 14: "M"
          RenderRubyRun (anonymous) at (222,10) size 39x18
            RenderRubyText {RT} at (0,-10) size 38x10
              RenderText {#text} at (0,0) size 38x10
                text run at (0,0) width 38: "Language"
            RenderRubyBase (anonymous) at (0,0) size 38x18
              RenderText {#text} at (14,0) size 10x17
                text run at (14,0) width 10: "L"
          RenderRubyRun (anonymous) at (260,10) size 30x18
            RenderRubyText {RT} at (0,-10) size 29x10
              RenderText {#text} at (0,0) size 29x10
                text run at (0,0) width 29: "Level 5"
            RenderRubyBase (anonymous) at (0,0) size 29x18
              RenderText {#text} at (10,0) size 9x17
                text run at (10,0) width 9: "5"
        RenderText {#text} at (285,10) size 42x17
          text run at (285,10) width 42: " specs."
