layer at (0,0) size 785x989
  RenderView at (0,0) size 785x585
layer at (0,0) size 785x585
  RenderBlock {HTML} at (0,0) size 785x585
    RenderBody {BODY} at (0,0) size 785x585
      RenderText {#text} at (0,0) size 420x17
        text run at (0,0) width 420: "ffffffffffffffffffffffffffffffffffffffffffffffffffffffffffffffffffffffffffffffffffff"
      RenderBR {BR} at (420,0) size 0x17
      RenderText {#text} at (0,18) size 420x17
        text run at (0,18) width 420: "ffffffffffffffffffffffffffffffffffffffffffffffffffffffffffffffffffffffffffffffffffff"
      RenderBR {BR} at (420,18) size 0x17
      RenderText {#text} at (0,36) size 420x17
        text run at (0,36) width 420: "ffffffffffffffffffffffffffffffffffffffffffffffffffffffffffffffffffffffffffffffffffff"
      RenderBR {BR} at (420,36) size 0x17
      RenderText {#text} at (0,54) size 420x17
        text run at (0,54) width 420: "ffffffffffffffffffffffffffffffffffffffffffffffffffffffffffffffffffffffffffffffffffff"
      RenderBR {BR} at (420,54) size 0x17
      RenderText {#text} at (0,72) size 420x17
        text run at (0,72) width 420: "ffffffffffffffffffffffffffffffffffffffffffffffffffffffffffffffffffffffffffffffffffff"
      RenderBR {BR} at (420,72) size 0x17
      RenderText {#text} at (0,90) size 420x17
        text run at (0,90) width 420: "ffffffffffffffffffffffffffffffffffffffffffffffffffffffffffffffffffffffffffffffffffff"
      RenderBR {BR} at (420,90) size 0x17
      RenderText {#text} at (0,108) size 420x17
        text run at (0,108) width 420: "ffffffffffffffffffffffffffffffffffffffffffffffffffffffffffffffffffffffffffffffffffff"
      RenderBR {BR} at (420,108) size 0x17
      RenderText {#text} at (0,126) size 420x17
        text run at (0,126) width 420: "ffffffffffffffffffffffffffffffffffffffffffffffffffffffffffffffffffffffffffffffffffff"
      RenderBR {BR} at (420,126) size 0x17
      RenderText {#text} at (0,144) size 420x17
        text run at (0,144) width 420: "ffffffffffffffffffffffffffffffffffffffffffffffffffffffffffffffffffffffffffffffffffff"
      RenderBR {BR} at (420,144) size 0x17
      RenderText {#text} at (0,162) size 420x17
        text run at (0,162) width 420: "ffffffffffffffffffffffffffffffffffffffffffffffffffffffffffffffffffffffffffffffffffff"
      RenderBR {BR} at (420,162) size 0x17
      RenderText {#text} at (0,180) size 420x17
        text run at (0,180) width 420: "ffffffffffffffffffffffffffffffffffffffffffffffffffffffffffffffffffffffffffffffffffff"
      RenderBR {BR} at (420,180) size 0x17
      RenderText {#text} at (0,198) size 420x17
        text run at (0,198) width 420: "ffffffffffffffffffffffffffffffffffffffffffffffffffffffffffffffffffffffffffffffffffff"
      RenderBR {BR} at (420,198) size 0x17
      RenderText {#text} at (0,216) size 420x17
        text run at (0,216) width 420: "ffffffffffffffffffffffffffffffffffffffffffffffffffffffffffffffffffffffffffffffffffff"
      RenderBR {BR} at (420,216) size 0x17
      RenderText {#text} at (0,234) size 420x17
        text run at (0,234) width 420: "ffffffffffffffffffffffffffffffffffffffffffffffffffffffffffffffffffffffffffffffffffff"
      RenderBR {BR} at (420,234) size 0x17
      RenderText {#text} at (0,252) size 420x17
        text run at (0,252) width 420: "ffffffffffffffffffffffffffffffffffffffffffffffffffffffffffffffffffffffffffffffffffff"
      RenderBR {BR} at (420,252) size 0x17
      RenderText {#text} at (0,270) size 420x17
        text run at (0,270) width 420: "ffffffffffffffffffffffffffffffffffffffffffffffffffffffffffffffffffffffffffffffffffff"
      RenderBR {BR} at (420,270) size 0x17
      RenderText {#text} at (0,288) size 420x17
        text run at (0,288) width 420: "ffffffffffffffffffffffffffffffffffffffffffffffffffffffffffffffffffffffffffffffffffff"
      RenderBR {BR} at (420,288) size 0x17
      RenderText {#text} at (0,306) size 420x17
        text run at (0,306) width 420: "ffffffffffffffffffffffffffffffffffffffffffffffffffffffffffffffffffffffffffffffffffff"
      RenderBR {BR} at (420,306) size 0x17
      RenderText {#text} at (0,324) size 420x17
        text run at (0,324) width 420: "ffffffffffffffffffffffffffffffffffffffffffffffffffffffffffffffffffffffffffffffffffff"
      RenderBR {BR} at (420,324) size 0x17
      RenderText {#text} at (0,342) size 420x17
        text run at (0,342) width 420: "ffffffffffffffffffffffffffffffffffffffffffffffffffffffffffffffffffffffffffffffffffff"
      RenderBR {BR} at (420,342) size 0x17
      RenderText {#text} at (0,360) size 420x17
        text run at (0,360) width 420: "ffffffffffffffffffffffffffffffffffffffffffffffffffffffffffffffffffffffffffffffffffff"
      RenderBR {BR} at (420,360) size 0x17
      RenderText {#text} at (0,378) size 420x17
        text run at (0,378) width 420: "ffffffffffffffffffffffffffffffffffffffffffffffffffffffffffffffffffffffffffffffffffff"
      RenderBR {BR} at (420,378) size 0x17
      RenderText {#text} at (0,396) size 420x17
        text run at (0,396) width 420: "ffffffffffffffffffffffffffffffffffffffffffffffffffffffffffffffffffffffffffffffffffff"
      RenderBR {BR} at (420,396) size 0x17
      RenderText {#text} at (0,414) size 420x17
        text run at (0,414) width 420: "ffffffffffffffffffffffffffffffffffffffffffffffffffffffffffffffffffffffffffffffffffff"
      RenderBR {BR} at (420,414) size 0x17
      RenderText {#text} at (0,432) size 420x17
        text run at (0,432) width 420: "ffffffffffffffffffffffffffffffffffffffffffffffffffffffffffffffffffffffffffffffffffff"
      RenderBR {BR} at (420,432) size 0x17
      RenderText {#text} at (0,450) size 420x17
        text run at (0,450) width 420: "ffffffffffffffffffffffffffffffffffffffffffffffffffffffffffffffffffffffffffffffffffff"
      RenderBR {BR} at (420,450) size 0x17
      RenderText {#text} at (0,468) size 420x17
        text run at (0,468) width 420: "ffffffffffffffffffffffffffffffffffffffffffffffffffffffffffffffffffffffffffffffffffff"
      RenderBR {BR} at (420,468) size 0x17
      RenderText {#text} at (0,486) size 420x17
        text run at (0,486) width 420: "ffffffffffffffffffffffffffffffffffffffffffffffffffffffffffffffffffffffffffffffffffff"
      RenderBR {BR} at (420,486) size 0x17
      RenderText {#text} at (0,504) size 420x17
        text run at (0,504) width 420: "ffffffffffffffffffffffffffffffffffffffffffffffffffffffffffffffffffffffffffffffffffff"
      RenderBR {BR} at (420,504) size 0x17
      RenderText {#text} at (0,522) size 420x17
        text run at (0,522) width 420: "ffffffffffffffffffffffffffffffffffffffffffffffffffffffffffffffffffffffffffffffffffff"
      RenderBR {BR} at (420,522) size 0x17
      RenderText {#text} at (0,540) size 420x17
        text run at (0,540) width 420: "ffffffffffffffffffffffffffffffffffffffffffffffffffffffffffffffffffffffffffffffffffff"
      RenderBR {BR} at (420,540) size 0x17
      RenderText {#text} at (0,558) size 420x17
        text run at (0,558) width 420: "ffffffffffffffffffffffffffffffffffffffffffffffffffffffffffffffffffffffffffffffffffff"
      RenderBR {BR} at (420,558) size 0x17
      RenderText {#text} at (0,576) size 420x17
        text run at (0,576) width 420: "ffffffffffffffffffffffffffffffffffffffffffffffffffffffffffffffffffffffffffffffffffff"
      RenderBR {BR} at (420,576) size 0x17
      RenderText {#text} at (0,594) size 420x17
        text run at (0,594) width 420: "ffffffffffffffffffffffffffffffffffffffffffffffffffffffffffffffffffffffffffffffffffff"
      RenderBR {BR} at (420,594) size 0x17
      RenderText {#text} at (0,612) size 420x17
        text run at (0,612) width 420: "ffffffffffffffffffffffffffffffffffffffffffffffffffffffffffffffffffffffffffffffffffff"
      RenderBR {BR} at (420,612) size 0x17
      RenderText {#text} at (0,630) size 420x17
        text run at (0,630) width 420: "ffffffffffffffffffffffffffffffffffffffffffffffffffffffffffffffffffffffffffffffffffff"
      RenderBR {BR} at (420,630) size 0x17
      RenderText {#text} at (0,648) size 420x17
        text run at (0,648) width 420: "ffffffffffffffffffffffffffffffffffffffffffffffffffffffffffffffffffffffffffffffffffff"
      RenderBR {BR} at (420,648) size 0x17
      RenderText {#text} at (0,666) size 420x17
        text run at (0,666) width 420: "ffffffffffffffffffffffffffffffffffffffffffffffffffffffffffffffffffffffffffffffffffff"
      RenderBR {BR} at (420,666) size 0x17
      RenderText {#text} at (0,684) size 420x17
        text run at (0,684) width 420: "ffffffffffffffffffffffffffffffffffffffffffffffffffffffffffffffffffffffffffffffffffff"
      RenderBR {BR} at (420,684) size 0x17
      RenderText {#text} at (0,702) size 420x17
        text run at (0,702) width 420: "ffffffffffffffffffffffffffffffffffffffffffffffffffffffffffffffffffffffffffffffffffff"
      RenderBR {BR} at (420,702) size 0x17
      RenderText {#text} at (0,720) size 420x17
        text run at (0,720) width 420: "ffffffffffffffffffffffffffffffffffffffffffffffffffffffffffffffffffffffffffffffffffff"
      RenderBR {BR} at (420,720) size 0x17
      RenderText {#text} at (0,738) size 420x17
        text run at (0,738) width 420: "ffffffffffffffffffffffffffffffffffffffffffffffffffffffffffffffffffffffffffffffffffff"
      RenderBR {BR} at (420,738) size 0x17
      RenderText {#text} at (0,756) size 420x17
        text run at (0,756) width 420: "ffffffffffffffffffffffffffffffffffffffffffffffffffffffffffffffffffffffffffffffffffff"
      RenderBR {BR} at (420,756) size 0x17
      RenderText {#text} at (0,774) size 420x17
        text run at (0,774) width 420: "ffffffffffffffffffffffffffffffffffffffffffffffffffffffffffffffffffffffffffffffffffff"
      RenderBR {BR} at (420,774) size 0x17
      RenderText {#text} at (0,792) size 420x17
        text run at (0,792) width 420: "ffffffffffffffffffffffffffffffffffffffffffffffffffffffffffffffffffffffffffffffffffff"
      RenderBR {BR} at (420,792) size 0x17
      RenderText {#text} at (0,810) size 420x17
        text run at (0,810) width 420: "ffffffffffffffffffffffffffffffffffffffffffffffffffffffffffffffffffffffffffffffffffff"
      RenderBR {BR} at (420,810) size 0x17
      RenderText {#text} at (0,828) size 420x17
        text run at (0,828) width 420: "ffffffffffffffffffffffffffffffffffffffffffffffffffffffffffffffffffffffffffffffffffff"
      RenderBR {BR} at (420,828) size 0x17
      RenderText {#text} at (0,846) size 420x17
        text run at (0,846) width 420: "ffffffffffffffffffffffffffffffffffffffffffffffffffffffffffffffffffffffffffffffffffff"
      RenderBR {BR} at (420,846) size 0x17
      RenderText {#text} at (0,864) size 420x17
        text run at (0,864) width 420: "ffffffffffffffffffffffffffffffffffffffffffffffffffffffffffffffffffffffffffffffffffff"
      RenderBR {BR} at (420,864) size 0x17
      RenderText {#text} at (0,882) size 420x17
        text run at (0,882) width 420: "ffffffffffffffffffffffffffffffffffffffffffffffffffffffffffffffffffffffffffffffffffff"
      RenderBR {BR} at (420,882) size 0x17
      RenderText {#text} at (0,900) size 420x17
        text run at (0,900) width 420: "ffffffffffffffffffffffffffffffffffffffffffffffffffffffffffffffffffffffffffffffffffff"
      RenderBR {BR} at (420,900) size 0x17
      RenderText {#text} at (0,918) size 420x17
        text run at (0,918) width 420: "ffffffffffffffffffffffffffffffffffffffffffffffffffffffffffffffffffffffffffffffffffff"
      RenderBR {BR} at (420,918) size 0x17
      RenderText {#text} at (0,936) size 420x17
        text run at (0,936) width 420: "ffffffffffffffffffffffffffffffffffffffffffffffffffffffffffffffffffffffffffffffffffff"
      RenderBR {BR} at (420,936) size 0x17
      RenderText {#text} at (0,954) size 420x17
        text run at (0,954) width 420: "ffffffffffffffffffffffffffffffffffffffffffffffffffffffffffffffffffffffffffffffffffff"
      RenderBR {BR} at (420,954) size 0x17
      RenderText {#text} at (0,972) size 420x17
        text run at (0,972) width 420: "ffffffffffffffffffffffffffffffffffffffffffffffffffffffffffffffffffffffffffffffffffff"
      RenderBR {BR} at (420,972) size 0x17
