layer at (0,0) size 785x1953
  RenderView at (0,0) size 785x600
layer at (0,0) size 785x1953
  RenderBlock {html} at (0,0) size 785x1953
    RenderBody {body} at (0,10) size 785x1943
      RenderBlock {div} at (10,0) size 765x25 [border: none (2px solid #000000) none]
        RenderInline {span} at (0,0) size 726x17
          RenderText {#text} at (0,0) size 726x17
            text run at (0,0) width 726: "This XML file does not appear to have any style information associated with it. The document tree is shown below."
        RenderBR {br} at (725,0) size 1x17
      RenderBlock {div} at (20,38) size 765x1905
        RenderBlock {div} at (0,0) size 765x1905
          RenderBlock {div} at (0,0) size 765x1905
            RenderBlock {div} at (0,0) size 765x15
              RenderBlock {span} at (-10,5) size 10x10
              RenderInline {span} at (0,0) size 48x15 [color=#881280]
                RenderText {#text} at (0,0) size 40x15
                  text run at (0,0) width 40: "<html"
                RenderText {#text} at (40,0) size 8x15
                  text run at (40,0) width 8: ">"
            RenderBlock {div} at (13,15) size 752x1875
              RenderBlock (anonymous) at (0,0) size 752x0
                RenderInline {span} at (0,0) size 0x0
              RenderBlock {div} at (0,0) size 752x615
                RenderBlock {div} at (0,0) size 752x615
                  RenderBlock {div} at (0,0) size 752x15
                    RenderBlock {span} at (-10,5) size 10x10
                    RenderInline {span} at (0,0) size 48x15 [color=#881280]
                      RenderText {#text} at (0,0) size 40x15
                        text run at (0,0) width 40: "<head"
                      RenderText {#text} at (40,0) size 8x15
                        text run at (40,0) width 8: ">"
                  RenderBlock {div} at (13,15) size 739x585
                    RenderBlock (anonymous) at (0,0) size 739x0
                      RenderInline {span} at (0,0) size 0x0
                    RenderBlock {div} at (0,0) size 739x15
                      RenderInline {span} at (0,0) size 536x15 [color=#881280]
                        RenderText {#text} at (0,0) size 40x15
                          text run at (0,0) width 40: "<meta"
                        RenderInline {span} at (0,0) size 208x15
                          RenderText {#text} at (40,0) size 8x15
                            text run at (40,0) width 8: " "
                          RenderInline {span} at (0,0) size 80x15 [color=#994500]
                            RenderText {#text} at (48,0) size 80x15
                              text run at (48,0) width 80: "http-equiv"
                          RenderText {#text} at (128,0) size 16x15
                            text run at (128,0) width 16: "=\""
                          RenderInline {span} at (0,0) size 96x15 [color=#1A1AA6]
                            RenderText {#text} at (144,0) size 96x15
                              text run at (144,0) width 96: "content-type"
                          RenderText {#text} at (240,0) size 8x15
                            text run at (240,0) width 8: "\""
                        RenderInline {span} at (0,0) size 272x15
                          RenderText {#text} at (248,0) size 8x15
                            text run at (248,0) width 8: " "
                          RenderInline {span} at (0,0) size 56x15 [color=#994500]
                            RenderText {#text} at (256,0) size 56x15
                              text run at (256,0) width 56: "content"
                          RenderText {#text} at (312,0) size 16x15
                            text run at (312,0) width 16: "=\""
                          RenderInline {span} at (0,0) size 184x15 [color=#1A1AA6]
                            RenderText {#text} at (328,0) size 184x15
                              text run at (328,0) width 184: "text/html;charset=utf-8"
                          RenderText {#text} at (512,0) size 8x15
                            text run at (512,0) width 8: "\""
                        RenderText {#text} at (520,0) size 16x15
                          text run at (520,0) width 16: "/>"
                    RenderBlock (anonymous) at (0,15) size 739x0
                      RenderInline {span} at (0,0) size 0x0
                    RenderBlock {div} at (0,15) size 739x15
                      RenderInline {span} at (0,0) size 56x15 [color=#881280]
                        RenderText {#text} at (0,0) size 48x15
                          text run at (0,0) width 48: "<title"
                        RenderText {#text} at (48,0) size 8x15
                          text run at (48,0) width 8: ">"
                      RenderInline {span} at (0,0) size 360x15
                        RenderText {#text} at (56,0) size 360x15
                          text run at (56,0) width 360: "Safari Fixed > Overflow > Relative Scroll Bug"
                      RenderInline {span} at (0,0) size 64x15 [color=#881280]
                        RenderText {#text} at (416,0) size 56x15
                          text run at (416,0) width 56: "</title"
                        RenderText {#text} at (472,0) size 8x15
                          text run at (472,0) width 8: ">"
                    RenderBlock (anonymous) at (0,30) size 739x0
                      RenderInline {span} at (0,0) size 0x0
                    RenderBlock {div} at (0,30) size 739x510
                      RenderBlock {div} at (0,0) size 739x510
                        RenderBlock {div} at (0,0) size 739x15
                          RenderBlock {span} at (-10,5) size 10x10
                          RenderInline {span} at (0,0) size 304x15 [color=#881280]
                            RenderText {#text} at (0,0) size 48x15
                              text run at (0,0) width 48: "<style"
                            RenderInline {span} at (0,0) size 128x15
                              RenderText {#text} at (48,0) size 8x15
                                text run at (48,0) width 8: " "
                              RenderInline {span} at (0,0) size 32x15 [color=#994500]
                                RenderText {#text} at (56,0) size 32x15
                                  text run at (56,0) width 32: "type"
                              RenderText {#text} at (88,0) size 16x15
                                text run at (88,0) width 16: "=\""
                              RenderInline {span} at (0,0) size 64x15 [color=#1A1AA6]
                                RenderText {#text} at (104,0) size 64x15
                                  text run at (104,0) width 64: "text/css"
                              RenderText {#text} at (168,0) size 8x15
                                text run at (168,0) width 8: "\""
                            RenderInline {span} at (0,0) size 120x15
                              RenderText {#text} at (176,0) size 8x15
                                text run at (176,0) width 8: " "
                              RenderInline {span} at (0,0) size 40x15 [color=#994500]
                                RenderText {#text} at (184,0) size 40x15
                                  text run at (184,0) width 40: "media"
                              RenderText {#text} at (224,0) size 16x15
                                text run at (224,0) width 16: "=\""
                              RenderInline {span} at (0,0) size 48x15 [color=#1A1AA6]
                                RenderText {#text} at (240,0) size 48x15
                                  text run at (240,0) width 48: "screen"
                              RenderText {#text} at (288,0) size 8x15
                                text run at (288,0) width 8: "\""
                            RenderText {#text} at (296,0) size 8x15
                              text run at (296,0) width 8: ">"
                        RenderBlock {div} at (13,15) size 726x480
                          RenderBlock {div} at (0,0) size 726x480
                            RenderBlock {div} at (0,0) size 726x480
                              RenderBlock {div} at (0,0) size 726x15
                                RenderBlock {span} at (-10,5) size 10x10
                                RenderInline {span} at (0,0) size 32x15 [color=#236E25]
                                  RenderText {#text} at (0,0) size 32x15
                                    text run at (0,0) width 32: "<!--"
                              RenderBlock {div} at (13,15) size 713x450
                                RenderInline {span} at (0,0) size 264x450 [color=#236E25]
                                  RenderText {#text} at (0,0) size 264x450
                                    text run at (0,0) width 0: " "
                                    text run at (0,15) width 72: "#fixed1 {"
                                    text run at (72,15) width 0: " "
                                    text run at (0,30) width 192: "\x{9}position: fixed;"
                                    text run at (192,30) width 0: " "
                                    text run at (0,45) width 144: "\x{9}top: 80px;"
                                    text run at (144,45) width 0: " "
                                    text run at (0,60) width 160: "\x{9}left: 300px;"
                                    text run at (160,60) width 0: " "
                                    text run at (0,75) width 184: "\x{9}width: 150px; }"
                                    text run at (184,75) width 0: " "
                                    text run at (0,90) width 72: "#fixed2 {"
                                    text run at (72,90) width 0: " "
                                    text run at (0,105) width 192: "\x{9}position: fixed;"
                                    text run at (192,105) width 0: " "
                                    text run at (0,120) width 144: "\x{9}top: 80px;"
                                    text run at (144,120) width 0: " "
                                    text run at (0,135) width 160: "\x{9}left: 500px;"
                                    text run at (160,135) width 0: " "
                                    text run at (0,150) width 184: "\x{9}width: 150px; }"
                                    text run at (184,150) width 0: " "
                                    text run at (0,165) width 72: "#fixed3 {"
                                    text run at (72,165) width 0: " "
                                    text run at (0,180) width 192: "\x{9}position: fixed;"
                                    text run at (192,180) width 0: " "
                                    text run at (0,195) width 144: "\x{9}top: 80px;"
                                    text run at (144,195) width 0: " "
                                    text run at (0,210) width 160: "\x{9}left: 700px;"
                                    text run at (160,210) width 0: " "
                                    text run at (0,225) width 184: "\x{9}width: 150px; }"
                                    text run at (184,225) width 0: " "
                                    text run at (0,240) width 136: ".overflowHidden {"
                                    text run at (136,240) width 0: " "
                                    text run at (0,255) width 216: "\x{9}overflow: hidden; }"
                                    text run at (216,255) width 0: " "
                                    text run at (0,270) width 88: ".relative {"
                                    text run at (88,270) width 0: " "
                                    text run at (0,285) width 232: "\x{9}position: relative; }"
                                    text run at (232,285) width 0: " "
                                    text run at (0,300) width 88: ".absolute {"
                                    text run at (88,300) width 0: " "
                                    text run at (0,315) width 216: "\x{9}position: absolute;"
                                    text run at (216,315) width 0: " "
                                    text run at (0,330) width 120: "\x{9}top: 0;"
                                    text run at (120,330) width 0: " "
                                    text run at (0,345) width 152: "\x{9}right: 0; }"
                                    text run at (152,345) width 0: " "
                                    text run at (0,360) width 40: "div {"
                                    text run at (40,360) width 0: " "
                                    text run at (0,375) width 168: "\x{9}padding: 5px;"
                                    text run at (168,375) width 0: " "
                                    text run at (0,390) width 160: "\x{9}margin: 5px;"
                                    text run at (160,390) width 0: " "
                                    text run at (0,405) width 264: "\x{9}border: solid 1px #999; }"
                                    text run at (264,405) width 0: " "
                                    text run at (0,420) width 48: "body {"
                                    text run at (48,420) width 0: " "
                                    text run at (0,435) width 168: "    height: 1000px; }"
                                    text run at (168,435) width 0: " "
                              RenderBlock {div} at (0,465) size 726x15
                                RenderInline {span} at (0,0) size 24x15 [color=#236E25]
                                  RenderText {#text} at (0,0) size 24x15
                                    text run at (0,0) width 24: "-->"
                        RenderBlock {div} at (0,495) size 739x15
                          RenderInline {span} at (0,0) size 64x15 [color=#881280]
                            RenderText {#text} at (0,0) size 56x15
                              text run at (0,0) width 56: "</style"
                            RenderText {#text} at (56,0) size 8x15
                              text run at (56,0) width 8: ">"
                    RenderBlock (anonymous) at (0,540) size 739x0
                      RenderInline {span} at (0,0) size 0x0
                    RenderBlock {div} at (0,540) size 739x45
                      RenderBlock {div} at (0,0) size 739x45
                        RenderBlock {div} at (0,0) size 739x15
                          RenderBlock {span} at (-10,5) size 10x10
                          RenderInline {span} at (0,0) size 248x15 [color=#881280]
                            RenderText {#text} at (0,0) size 56x15
                              text run at (0,0) width 56: "<script"
                            RenderInline {span} at (0,0) size 184x15
                              RenderText {#text} at (56,0) size 8x15
                                text run at (56,0) width 8: " "
                              RenderInline {span} at (0,0) size 32x15 [color=#994500]
                                RenderText {#text} at (64,0) size 32x15
                                  text run at (64,0) width 32: "type"
                              RenderText {#text} at (96,0) size 16x15
                                text run at (96,0) width 16: "=\""
                              RenderInline {span} at (0,0) size 120x15 [color=#1A1AA6]
                                RenderText {#text} at (112,0) size 120x15
                                  text run at (112,0) width 120: "text/javascript"
                              RenderText {#text} at (232,0) size 8x15
                                text run at (232,0) width 8: "\""
                            RenderText {#text} at (240,0) size 8x15
                              text run at (240,0) width 8: ">"
                        RenderBlock {div} at (13,15) size 726x15
                          RenderInline {span} at (0,0) size 288x15
                            RenderText {#text} at (0,0) size 288x15
                              text run at (0,0) width 128: "function test() "
                              text run at (128,0) width 16: "{ "
                              text run at (144,0) width 136: "scrollTo(0, 64); "
                              text run at (280,0) width 8: "}"
                        RenderBlock {div} at (0,30) size 739x15
                          RenderInline {span} at (0,0) size 72x15 [color=#881280]
                            RenderText {#text} at (0,0) size 64x15
                              text run at (0,0) width 64: "</script"
                            RenderText {#text} at (64,0) size 8x15
                              text run at (64,0) width 8: ">"
                    RenderBlock (anonymous) at (0,585) size 739x0
                      RenderInline {span} at (0,0) size 0x0
                  RenderBlock {div} at (0,600) size 752x15
                    RenderInline {span} at (0,0) size 56x15 [color=#881280]
                      RenderText {#text} at (0,0) size 48x15
                        text run at (0,0) width 48: "</head"
                      RenderText {#text} at (48,0) size 8x15
                        text run at (48,0) width 8: ">"
              RenderBlock (anonymous) at (0,615) size 752x0
                RenderInline {span} at (0,0) size 0x0
              RenderBlock {div} at (0,615) size 752x1260
                RenderBlock {div} at (0,0) size 752x1260
                  RenderBlock {div} at (0,0) size 752x15
                    RenderBlock {span} at (-10,5) size 10x10
                    RenderInline {span} at (0,0) size 176x15 [color=#881280]
                      RenderText {#text} at (0,0) size 40x15
                        text run at (0,0) width 40: "<body"
                      RenderInline {span} at (0,0) size 128x15
                        RenderText {#text} at (40,0) size 8x15
                          text run at (40,0) width 8: " "
                        RenderInline {span} at (0,0) size 48x15 [color=#994500]
                          RenderText {#text} at (48,0) size 48x15
                            text run at (48,0) width 48: "onload"
                        RenderText {#text} at (96,0) size 16x15
                          text run at (96,0) width 16: "=\""
                        RenderInline {span} at (0,0) size 48x15 [color=#1A1AA6]
                          RenderText {#text} at (112,0) size 48x15
                            text run at (112,0) width 48: "test()"
                        RenderText {#text} at (160,0) size 8x15
                          text run at (160,0) width 8: "\""
                      RenderText {#text} at (168,0) size 8x15
                        text run at (168,0) width 8: ">"
                  RenderBlock {div} at (13,15) size 739x1230
                    RenderBlock (anonymous) at (0,0) size 739x0
                      RenderInline {span} at (0,0) size 0x0
                    RenderBlock {div} at (0,0) size 739x15
                      RenderInline {span} at (0,0) size 32x15 [color=#881280]
                        RenderText {#text} at (0,0) size 24x15
                          text run at (0,0) width 24: "<h4"
                        RenderText {#text} at (24,0) size 8x15
                          text run at (24,0) width 8: ">"
                      RenderInline {span} at (0,0) size 328x15
                        RenderText {#text} at (32,0) size 328x15
                          text run at (32,0) width 328: "Safari Fixed / Overflow Hidden Scroll Bug"
                      RenderInline {span} at (0,0) size 40x15 [color=#881280]
                        RenderText {#text} at (360,0) size 32x15
                          text run at (360,0) width 32: "</h4"
                        RenderText {#text} at (392,0) size 8x15
                          text run at (392,0) width 8: ">"
                    RenderBlock (anonymous) at (0,15) size 739x0
                      RenderInline {span} at (0,0) size 0x0
                    RenderBlock {div} at (0,15) size 739x15
                      RenderInline {span} at (0,0) size 40x15 [color=#881280]
                        RenderText {#text} at (0,0) size 32x15
                          text run at (0,0) width 32: "<pre"
                        RenderText {#text} at (32,0) size 8x15
                          text run at (32,0) width 8: ">"
                      RenderInline {span} at (0,0) size 0x15
                      RenderInline {span} at (0,0) size 48x15 [color=#881280]
                        RenderText {#text} at (40,0) size 40x15
                          text run at (40,0) width 40: "</pre"
                        RenderText {#text} at (80,0) size 8x15
                          text run at (80,0) width 8: ">"
                    RenderBlock (anonymous) at (0,30) size 739x0
                      RenderInline {span} at (0,0) size 0x0
                    RenderBlock {div} at (0,30) size 739x120
                      RenderBlock {div} at (0,0) size 739x120
                        RenderBlock {div} at (0,0) size 739x15
                          RenderBlock {span} at (-10,5) size 10x10
                          RenderInline {span} at (0,0) size 40x15 [color=#881280]
                            RenderText {#text} at (0,0) size 32x15
                              text run at (0,0) width 32: "<pre"
                            RenderText {#text} at (32,0) size 8x15
                              text run at (32,0) width 8: ">"
                        RenderBlock {div} at (13,15) size 726x90
                          RenderInline {span} at (0,0) size 720x90
                            RenderText {#text} at (0,0) size 720x90
                              text run at (0,0) width 80: "#fixed1 { "
                              text run at (80,0) width 136: "position: fixed; "
                              text run at (216,0) width 88: "top: 80px; "
                              text run at (304,0) width 104: "left: 300px; "
                              text run at (408,0) width 208: "width: 150px; } #fixed2 { "
                              text run at (616,0) width 72: "position:"
                              text run at (0,15) width 56: "fixed; "
                              text run at (56,15) width 88: "top: 80px; "
                              text run at (144,15) width 104: "left: 500px; "
                              text run at (248,15) width 208: "width: 150px; } #fixed3 { "
                              text run at (456,15) width 136: "position: fixed; "
                              text run at (592,15) width 88: "top: 80px; "
                              text run at (680,15) width 40: "left:"
                              text run at (0,30) width 56: "700px; "
                              text run at (56,30) width 272: "width: 150px; } .overflowHidden { "
                              text run at (328,30) width 256: "overflow: hidden; } .relative { "
                              text run at (584,30) width 72: "position:"
                              text run at (0,45) width 192: "relative; } .absolute { "
                              text run at (192,45) width 160: "position: absolute; "
                              text run at (352,45) width 64: "top: 0; "
                              text run at (416,45) width 144: "right: 0; } div { "
                              text run at (560,45) width 104: "padding: 5px;"
                              text run at (0,60) width 104: "margin: 5px; "
                              text run at (104,60) width 312: "border: solid 1px #999; } #veryLarge { "
                              text run at (416,60) width 160: "position: relative; "
                              text run at (576,60) width 112: "height:1000px;"
                              text run at (0,75) width 120: "width:1500px; }"
                        RenderBlock {div} at (0,105) size 739x15
                          RenderInline {span} at (0,0) size 48x15 [color=#881280]
                            RenderText {#text} at (0,0) size 40x15
                              text run at (0,0) width 40: "</pre"
                            RenderText {#text} at (40,0) size 8x15
                              text run at (40,0) width 8: ">"
                    RenderBlock (anonymous) at (0,150) size 739x0
                      RenderInline {span} at (0,0) size 0x0
                    RenderBlock {div} at (0,150) size 739x45
                      RenderBlock {div} at (0,0) size 739x45
                        RenderBlock {div} at (0,0) size 739x15
                          RenderBlock {span} at (-10,5) size 10x10
                          RenderInline {span} at (0,0) size 24x15 [color=#881280]
                            RenderText {#text} at (0,0) size 16x15
                              text run at (0,0) width 16: "<p"
                            RenderText {#text} at (16,0) size 8x15
                              text run at (16,0) width 8: ">"
                        RenderBlock {div} at (13,15) size 726x15
                          RenderInline {span} at (0,0) size 512x15
                            RenderText {#text} at (0,0) size 512x15
                              text run at (0,0) width 512: "When you scroll this page the following objects will be clipped:"
                        RenderBlock {div} at (0,30) size 739x15
                          RenderInline {span} at (0,0) size 32x15 [color=#881280]
                            RenderText {#text} at (0,0) size 24x15
                              text run at (0,0) width 24: "</p"
                            RenderText {#text} at (24,0) size 8x15
                              text run at (24,0) width 8: ">"
                    RenderBlock (anonymous) at (0,195) size 739x0
                      RenderInline {span} at (0,0) size 0x0
                    RenderBlock {div} at (0,195) size 739x60
                      RenderBlock {div} at (0,0) size 739x60
                        RenderBlock {div} at (0,0) size 739x15
                          RenderBlock {span} at (-10,5) size 10x10
                          RenderInline {span} at (0,0) size 24x15 [color=#881280]
                            RenderText {#text} at (0,0) size 16x15
                              text run at (0,0) width 16: "<p"
                            RenderText {#text} at (16,0) size 8x15
                              text run at (16,0) width 8: ">"
                        RenderBlock {div} at (13,15) size 726x30
                          RenderInline {span} at (0,0) size 688x30
                            RenderText {#text} at (0,0) size 688x30
                              text run at (0,0) width 688: "- (relative objects and overflowHidden objects) inside (overflowHidden objects) inside"
                              text run at (0,15) width 256: "(fixed objects) will be clipped;"
                        RenderBlock {div} at (0,45) size 739x15
                          RenderInline {span} at (0,0) size 32x15 [color=#881280]
                            RenderText {#text} at (0,0) size 24x15
                              text run at (0,0) width 24: "</p"
                            RenderText {#text} at (24,0) size 8x15
                              text run at (24,0) width 8: ">"
                    RenderBlock (anonymous) at (0,255) size 739x0
                      RenderInline {span} at (0,0) size 0x0
                    RenderBlock {div} at (0,255) size 739x60
                      RenderBlock {div} at (0,0) size 739x60
                        RenderBlock {div} at (0,0) size 739x15
                          RenderBlock {span} at (-10,5) size 10x10
                          RenderInline {span} at (0,0) size 24x15 [color=#881280]
                            RenderText {#text} at (0,0) size 16x15
                              text run at (0,0) width 16: "<p"
                            RenderText {#text} at (16,0) size 8x15
                              text run at (16,0) width 8: ">"
                        RenderBlock {div} at (13,15) size 726x30
                          RenderInline {span} at (0,0) size 600x30
                            RenderText {#text} at (0,0) size 600x30
                              text run at (0,0) width 600: "- (relative objects and overflowHidden objects and absolute objects) inside"
                              text run at (0,15) width 376: "(fixed/overflowHidden objects) will be clipped;"
                        RenderBlock {div} at (0,45) size 739x15
                          RenderInline {span} at (0,0) size 32x15 [color=#881280]
                            RenderText {#text} at (0,0) size 24x15
                              text run at (0,0) width 24: "</p"
                            RenderText {#text} at (24,0) size 8x15
                              text run at (24,0) width 8: ">"
                    RenderBlock (anonymous) at (0,315) size 739x0
                      RenderInline {span} at (0,0) size 0x0
                    RenderBlock {div} at (0,315) size 739x60
                      RenderBlock {div} at (0,0) size 739x60
                        RenderBlock {div} at (0,0) size 739x15
                          RenderBlock {span} at (-10,5) size 10x10
                          RenderInline {span} at (0,0) size 24x15 [color=#881280]
                            RenderText {#text} at (0,0) size 16x15
                              text run at (0,0) width 16: "<p"
                            RenderText {#text} at (16,0) size 8x15
                              text run at (16,0) width 8: ">"
                        RenderBlock {div} at (13,15) size 726x30
                          RenderInline {span} at (0,0) size 680x30
                            RenderText {#text} at (0,0) size 680x30
                              text run at (0,0) width 680: "Nice effect, but not what we want. Tested in Safari Version 2.0.4 (419.3), and WebKit"
                              text run at (0,15) width 336: "Nightly Build Mon Nov 20 5:18:23 GMT 2006."
                        RenderBlock {div} at (0,45) size 739x15
                          RenderInline {span} at (0,0) size 32x15 [color=#881280]
                            RenderText {#text} at (0,0) size 24x15
                              text run at (0,0) width 24: "</p"
                            RenderText {#text} at (24,0) size 8x15
                              text run at (24,0) width 8: ">"
                    RenderBlock (anonymous) at (0,375) size 739x0
                      RenderInline {span} at (0,0) size 0x0
                    RenderBlock {div} at (0,375) size 739x270
                      RenderBlock {div} at (0,0) size 739x270
                        RenderBlock {div} at (0,0) size 739x15
                          RenderBlock {span} at (-10,5) size 10x10
                          RenderInline {span} at (0,0) size 136x15 [color=#881280]
                            RenderText {#text} at (0,0) size 32x15
                              text run at (0,0) width 32: "<div"
                            RenderInline {span} at (0,0) size 96x15
                              RenderText {#text} at (32,0) size 8x15
                                text run at (32,0) width 8: " "
                              RenderInline {span} at (0,0) size 16x15 [color=#994500]
                                RenderText {#text} at (40,0) size 16x15
                                  text run at (40,0) width 16: "id"
                              RenderText {#text} at (56,0) size 16x15
                                text run at (56,0) width 16: "=\""
                              RenderInline {span} at (0,0) size 48x15 [color=#1A1AA6]
                                RenderText {#text} at (72,0) size 48x15
                                  text run at (72,0) width 48: "fixed1"
                              RenderText {#text} at (120,0) size 8x15
                                text run at (120,0) width 8: "\""
                            RenderText {#text} at (128,0) size 8x15
                              text run at (128,0) width 8: ">"
                        RenderBlock {div} at (13,15) size 726x240
                          RenderBlock (anonymous) at (0,0) size 726x15
                            RenderInline {span} at (0,0) size 56x15
                              RenderText {#text} at (0,0) size 56x15
                                text run at (0,0) width 56: "#fixed1"
                          RenderBlock {div} at (0,15) size 726x15
                            RenderInline {span} at (0,0) size 40x15 [color=#881280]
                              RenderText {#text} at (0,0) size 32x15
                                text run at (0,0) width 32: "<div"
                              RenderText {#text} at (32,0) size 8x15
                                text run at (32,0) width 8: ">"
                            RenderInline {span} at (0,0) size 64x15
                              RenderText {#text} at (40,0) size 64x15
                                text run at (40,0) width 64: "no style"
                            RenderInline {span} at (0,0) size 48x15 [color=#881280]
                              RenderText {#text} at (104,0) size 40x15
                                text run at (104,0) width 40: "</div"
                              RenderText {#text} at (144,0) size 8x15
                                text run at (144,0) width 8: ">"
                          RenderBlock (anonymous) at (0,30) size 726x0
                            RenderInline {span} at (0,0) size 0x0
                          RenderBlock {div} at (0,30) size 726x15
                            RenderInline {span} at (0,0) size 176x15 [color=#881280]
                              RenderText {#text} at (0,0) size 32x15
                                text run at (0,0) width 32: "<div"
                              RenderInline {span} at (0,0) size 136x15
                                RenderText {#text} at (32,0) size 8x15
                                  text run at (32,0) width 8: " "
                                RenderInline {span} at (0,0) size 40x15 [color=#994500]
                                  RenderText {#text} at (40,0) size 40x15
                                    text run at (40,0) width 40: "class"
                                RenderText {#text} at (80,0) size 16x15
                                  text run at (80,0) width 16: "=\""
                                RenderInline {span} at (0,0) size 64x15 [color=#1A1AA6]
                                  RenderText {#text} at (96,0) size 64x15
                                    text run at (96,0) width 64: "relative"
                                RenderText {#text} at (160,0) size 8x15
                                  text run at (160,0) width 8: "\""
                              RenderText {#text} at (168,0) size 8x15
                                text run at (168,0) width 8: ">"
                            RenderInline {span} at (0,0) size 72x15
                              RenderText {#text} at (176,0) size 72x15
                                text run at (176,0) width 72: ".relative"
                            RenderInline {span} at (0,0) size 48x15 [color=#881280]
                              RenderText {#text} at (248,0) size 40x15
                                text run at (248,0) width 40: "</div"
                              RenderText {#text} at (288,0) size 8x15
                                text run at (288,0) width 8: ">"
                          RenderBlock (anonymous) at (0,45) size 726x0
                            RenderInline {span} at (0,0) size 0x0
                          RenderBlock {div} at (0,45) size 726x15
                            RenderInline {span} at (0,0) size 176x15 [color=#881280]
                              RenderText {#text} at (0,0) size 32x15
                                text run at (0,0) width 32: "<div"
                              RenderInline {span} at (0,0) size 136x15
                                RenderText {#text} at (32,0) size 8x15
                                  text run at (32,0) width 8: " "
                                RenderInline {span} at (0,0) size 40x15 [color=#994500]
                                  RenderText {#text} at (40,0) size 40x15
                                    text run at (40,0) width 40: "class"
                                RenderText {#text} at (80,0) size 16x15
                                  text run at (80,0) width 16: "=\""
                                RenderInline {span} at (0,0) size 64x15 [color=#1A1AA6]
                                  RenderText {#text} at (96,0) size 64x15
                                    text run at (96,0) width 64: "absolute"
                                RenderText {#text} at (160,0) size 8x15
                                  text run at (160,0) width 8: "\""
                              RenderText {#text} at (168,0) size 8x15
                                text run at (168,0) width 8: ">"
                            RenderInline {span} at (0,0) size 72x15
                              RenderText {#text} at (176,0) size 72x15
                                text run at (176,0) width 72: ".absolute"
                            RenderInline {span} at (0,0) size 48x15 [color=#881280]
                              RenderText {#text} at (248,0) size 40x15
                                text run at (248,0) width 40: "</div"
                              RenderText {#text} at (288,0) size 8x15
                                text run at (288,0) width 8: ">"
                          RenderBlock (anonymous) at (0,60) size 726x0
                            RenderInline {span} at (0,0) size 0x0
                          RenderBlock {div} at (0,60) size 726x60
                            RenderBlock {div} at (0,0) size 726x60
                              RenderBlock {div} at (0,0) size 726x15
                                RenderBlock {span} at (-10,5) size 10x10
                                RenderInline {span} at (0,0) size 224x15 [color=#881280]
                                  RenderText {#text} at (0,0) size 32x15
                                    text run at (0,0) width 32: "<div"
                                  RenderInline {span} at (0,0) size 184x15
                                    RenderText {#text} at (32,0) size 8x15
                                      text run at (32,0) width 8: " "
                                    RenderInline {span} at (0,0) size 40x15 [color=#994500]
                                      RenderText {#text} at (40,0) size 40x15
                                        text run at (40,0) width 40: "class"
                                    RenderText {#text} at (80,0) size 16x15
                                      text run at (80,0) width 16: "=\""
                                    RenderInline {span} at (0,0) size 112x15 [color=#1A1AA6]
                                      RenderText {#text} at (96,0) size 112x15
                                        text run at (96,0) width 112: "overflowHidden"
                                    RenderText {#text} at (208,0) size 8x15
                                      text run at (208,0) width 8: "\""
                                  RenderText {#text} at (216,0) size 8x15
                                    text run at (216,0) width 8: ">"
                              RenderBlock {div} at (13,15) size 713x30
                                RenderBlock (anonymous) at (0,0) size 713x15
                                  RenderInline {span} at (0,0) size 120x15
                                    RenderText {#text} at (0,0) size 120x15
                                      text run at (0,0) width 120: ".overflowHidden"
                                RenderBlock {div} at (0,15) size 713x15
                                  RenderInline {span} at (0,0) size 40x15 [color=#881280]
                                    RenderText {#text} at (0,0) size 32x15
                                      text run at (0,0) width 32: "<div"
                                    RenderText {#text} at (32,0) size 8x15
                                      text run at (32,0) width 8: ">"
                                  RenderInline {span} at (0,0) size 64x15
                                    RenderText {#text} at (40,0) size 64x15
                                      text run at (40,0) width 64: "no style"
                                  RenderInline {span} at (0,0) size 48x15 [color=#881280]
                                    RenderText {#text} at (104,0) size 40x15
                                      text run at (104,0) width 40: "</div"
                                    RenderText {#text} at (144,0) size 8x15
                                      text run at (144,0) width 8: ">"
                                RenderBlock (anonymous) at (0,30) size 713x0
                                  RenderInline {span} at (0,0) size 0x0
                              RenderBlock {div} at (0,45) size 726x15
                                RenderInline {span} at (0,0) size 48x15 [color=#881280]
                                  RenderText {#text} at (0,0) size 40x15
                                    text run at (0,0) width 40: "</div"
                                  RenderText {#text} at (40,0) size 8x15
                                    text run at (40,0) width 8: ">"
                          RenderBlock (anonymous) at (0,120) size 726x0
                            RenderInline {span} at (0,0) size 0x0
                          RenderBlock {div} at (0,120) size 726x60
                            RenderBlock {div} at (0,0) size 726x60
                              RenderBlock {div} at (0,0) size 726x15
                                RenderBlock {span} at (-10,5) size 10x10
                                RenderInline {span} at (0,0) size 224x15 [color=#881280]
                                  RenderText {#text} at (0,0) size 32x15
                                    text run at (0,0) width 32: "<div"
                                  RenderInline {span} at (0,0) size 184x15
                                    RenderText {#text} at (32,0) size 8x15
                                      text run at (32,0) width 8: " "
                                    RenderInline {span} at (0,0) size 40x15 [color=#994500]
                                      RenderText {#text} at (40,0) size 40x15
                                        text run at (40,0) width 40: "class"
                                    RenderText {#text} at (80,0) size 16x15
                                      text run at (80,0) width 16: "=\""
                                    RenderInline {span} at (0,0) size 112x15 [color=#1A1AA6]
                                      RenderText {#text} at (96,0) size 112x15
                                        text run at (96,0) width 112: "overflowHidden"
                                    RenderText {#text} at (208,0) size 8x15
                                      text run at (208,0) width 8: "\""
                                  RenderText {#text} at (216,0) size 8x15
                                    text run at (216,0) width 8: ">"
                              RenderBlock {div} at (13,15) size 713x30
                                RenderBlock (anonymous) at (0,0) size 713x15
                                  RenderInline {span} at (0,0) size 120x15
                                    RenderText {#text} at (0,0) size 120x15
                                      text run at (0,0) width 120: ".overflowHidden"
                                RenderBlock {div} at (0,15) size 713x15
                                  RenderInline {span} at (0,0) size 176x15 [color=#881280]
                                    RenderText {#text} at (0,0) size 32x15
                                      text run at (0,0) width 32: "<div"
                                    RenderInline {span} at (0,0) size 136x15
                                      RenderText {#text} at (32,0) size 8x15
                                        text run at (32,0) width 8: " "
                                      RenderInline {span} at (0,0) size 40x15 [color=#994500]
                                        RenderText {#text} at (40,0) size 40x15
                                          text run at (40,0) width 40: "class"
                                      RenderText {#text} at (80,0) size 16x15
                                        text run at (80,0) width 16: "=\""
                                      RenderInline {span} at (0,0) size 64x15 [color=#1A1AA6]
                                        RenderText {#text} at (96,0) size 64x15
                                          text run at (96,0) width 64: "relative"
                                      RenderText {#text} at (160,0) size 8x15
                                        text run at (160,0) width 8: "\""
                                    RenderText {#text} at (168,0) size 8x15
                                      text run at (168,0) width 8: ">"
                                  RenderInline {span} at (0,0) size 72x15
                                    RenderText {#text} at (176,0) size 72x15
                                      text run at (176,0) width 72: ".relative"
                                  RenderInline {span} at (0,0) size 48x15 [color=#881280]
                                    RenderText {#text} at (248,0) size 40x15
                                      text run at (248,0) width 40: "</div"
                                    RenderText {#text} at (288,0) size 8x15
                                      text run at (288,0) width 8: ">"
                                RenderBlock (anonymous) at (0,30) size 713x0
                                  RenderInline {span} at (0,0) size 0x0
                              RenderBlock {div} at (0,45) size 726x15
                                RenderInline {span} at (0,0) size 48x15 [color=#881280]
                                  RenderText {#text} at (0,0) size 40x15
                                    text run at (0,0) width 40: "</div"
                                  RenderText {#text} at (40,0) size 8x15
                                    text run at (40,0) width 8: ">"
                          RenderBlock (anonymous) at (0,180) size 726x0
                            RenderInline {span} at (0,0) size 0x0
                          RenderBlock {div} at (0,180) size 726x60
                            RenderBlock {div} at (0,0) size 726x60
                              RenderBlock {div} at (0,0) size 726x15
                                RenderBlock {span} at (-10,5) size 10x10
                                RenderInline {span} at (0,0) size 224x15 [color=#881280]
                                  RenderText {#text} at (0,0) size 32x15
                                    text run at (0,0) width 32: "<div"
                                  RenderInline {span} at (0,0) size 184x15
                                    RenderText {#text} at (32,0) size 8x15
                                      text run at (32,0) width 8: " "
                                    RenderInline {span} at (0,0) size 40x15 [color=#994500]
                                      RenderText {#text} at (40,0) size 40x15
                                        text run at (40,0) width 40: "class"
                                    RenderText {#text} at (80,0) size 16x15
                                      text run at (80,0) width 16: "=\""
                                    RenderInline {span} at (0,0) size 112x15 [color=#1A1AA6]
                                      RenderText {#text} at (96,0) size 112x15
                                        text run at (96,0) width 112: "overflowHidden"
                                    RenderText {#text} at (208,0) size 8x15
                                      text run at (208,0) width 8: "\""
                                  RenderText {#text} at (216,0) size 8x15
                                    text run at (216,0) width 8: ">"
                              RenderBlock {div} at (13,15) size 713x30
                                RenderBlock (anonymous) at (0,0) size 713x15
                                  RenderInline {span} at (0,0) size 120x15
                                    RenderText {#text} at (0,0) size 120x15
                                      text run at (0,0) width 120: ".overflowHidden"
                                RenderBlock {div} at (0,15) size 713x15
                                  RenderInline {span} at (0,0) size 224x15 [color=#881280]
                                    RenderText {#text} at (0,0) size 32x15
                                      text run at (0,0) width 32: "<div"
                                    RenderInline {span} at (0,0) size 184x15
                                      RenderText {#text} at (32,0) size 8x15
                                        text run at (32,0) width 8: " "
                                      RenderInline {span} at (0,0) size 40x15 [color=#994500]
                                        RenderText {#text} at (40,0) size 40x15
                                          text run at (40,0) width 40: "class"
                                      RenderText {#text} at (80,0) size 16x15
                                        text run at (80,0) width 16: "=\""
                                      RenderInline {span} at (0,0) size 112x15 [color=#1A1AA6]
                                        RenderText {#text} at (96,0) size 112x15
                                          text run at (96,0) width 112: "overflowHidden"
                                      RenderText {#text} at (208,0) size 8x15
                                        text run at (208,0) width 8: "\""
                                    RenderText {#text} at (216,0) size 8x15
                                      text run at (216,0) width 8: ">"
                                  RenderInline {span} at (0,0) size 120x15
                                    RenderText {#text} at (224,0) size 120x15
                                      text run at (224,0) width 120: ".overflowHidden"
                                  RenderInline {span} at (0,0) size 48x15 [color=#881280]
                                    RenderText {#text} at (344,0) size 40x15
                                      text run at (344,0) width 40: "</div"
                                    RenderText {#text} at (384,0) size 8x15
                                      text run at (384,0) width 8: ">"
                                RenderBlock (anonymous) at (0,30) size 713x0
                                  RenderInline {span} at (0,0) size 0x0
                              RenderBlock {div} at (0,45) size 726x15
                                RenderInline {span} at (0,0) size 48x15 [color=#881280]
                                  RenderText {#text} at (0,0) size 40x15
                                    text run at (0,0) width 40: "</div"
                                  RenderText {#text} at (40,0) size 8x15
                                    text run at (40,0) width 8: ">"
                          RenderBlock (anonymous) at (0,240) size 726x0
                            RenderInline {span} at (0,0) size 0x0
                        RenderBlock {div} at (0,255) size 739x15
                          RenderInline {span} at (0,0) size 48x15 [color=#881280]
                            RenderText {#text} at (0,0) size 40x15
                              text run at (0,0) width 40: "</div"
                            RenderText {#text} at (40,0) size 8x15
                              text run at (40,0) width 8: ">"
                    RenderBlock (anonymous) at (0,645) size 739x0
                      RenderInline {span} at (0,0) size 0x0
                    RenderBlock {div} at (0,645) size 739x270
                      RenderBlock {div} at (0,0) size 739x270
                        RenderBlock {div} at (0,0) size 739x15
                          RenderBlock {span} at (-10,5) size 10x10
                          RenderInline {span} at (0,0) size 320x15 [color=#881280]
                            RenderText {#text} at (0,0) size 32x15
                              text run at (0,0) width 32: "<div"
                            RenderInline {span} at (0,0) size 96x15
                              RenderText {#text} at (32,0) size 8x15
                                text run at (32,0) width 8: " "
                              RenderInline {span} at (0,0) size 16x15 [color=#994500]
                                RenderText {#text} at (40,0) size 16x15
                                  text run at (40,0) width 16: "id"
                              RenderText {#text} at (56,0) size 16x15
                                text run at (56,0) width 16: "=\""
                              RenderInline {span} at (0,0) size 48x15 [color=#1A1AA6]
                                RenderText {#text} at (72,0) size 48x15
                                  text run at (72,0) width 48: "fixed2"
                              RenderText {#text} at (120,0) size 8x15
                                text run at (120,0) width 8: "\""
                            RenderInline {span} at (0,0) size 184x15
                              RenderText {#text} at (128,0) size 8x15
                                text run at (128,0) width 8: " "
                              RenderInline {span} at (0,0) size 40x15 [color=#994500]
                                RenderText {#text} at (136,0) size 40x15
                                  text run at (136,0) width 40: "class"
                              RenderText {#text} at (176,0) size 16x15
                                text run at (176,0) width 16: "=\""
                              RenderInline {span} at (0,0) size 112x15 [color=#1A1AA6]
                                RenderText {#text} at (192,0) size 112x15
                                  text run at (192,0) width 112: "overflowHidden"
                              RenderText {#text} at (304,0) size 8x15
                                text run at (304,0) width 8: "\""
                            RenderText {#text} at (312,0) size 8x15
                              text run at (312,0) width 8: ">"
                        RenderBlock {div} at (13,15) size 726x240
                          RenderBlock (anonymous) at (0,0) size 726x15
                            RenderInline {span} at (0,0) size 176x15
                              RenderText {#text} at (0,0) size 176x15
                                text run at (0,0) width 176: "#fixed2.overflowHidden"
                          RenderBlock {div} at (0,15) size 726x15
                            RenderInline {span} at (0,0) size 40x15 [color=#881280]
                              RenderText {#text} at (0,0) size 32x15
                                text run at (0,0) width 32: "<div"
                              RenderText {#text} at (32,0) size 8x15
                                text run at (32,0) width 8: ">"
                            RenderInline {span} at (0,0) size 64x15
                              RenderText {#text} at (40,0) size 64x15
                                text run at (40,0) width 64: "no style"
                            RenderInline {span} at (0,0) size 48x15 [color=#881280]
                              RenderText {#text} at (104,0) size 40x15
                                text run at (104,0) width 40: "</div"
                              RenderText {#text} at (144,0) size 8x15
                                text run at (144,0) width 8: ">"
                          RenderBlock (anonymous) at (0,30) size 726x0
                            RenderInline {span} at (0,0) size 0x0
                          RenderBlock {div} at (0,30) size 726x15
                            RenderInline {span} at (0,0) size 176x15 [color=#881280]
                              RenderText {#text} at (0,0) size 32x15
                                text run at (0,0) width 32: "<div"
                              RenderInline {span} at (0,0) size 136x15
                                RenderText {#text} at (32,0) size 8x15
                                  text run at (32,0) width 8: " "
                                RenderInline {span} at (0,0) size 40x15 [color=#994500]
                                  RenderText {#text} at (40,0) size 40x15
                                    text run at (40,0) width 40: "class"
                                RenderText {#text} at (80,0) size 16x15
                                  text run at (80,0) width 16: "=\""
                                RenderInline {span} at (0,0) size 64x15 [color=#1A1AA6]
                                  RenderText {#text} at (96,0) size 64x15
                                    text run at (96,0) width 64: "relative"
                                RenderText {#text} at (160,0) size 8x15
                                  text run at (160,0) width 8: "\""
                              RenderText {#text} at (168,0) size 8x15
                                text run at (168,0) width 8: ">"
                            RenderInline {span} at (0,0) size 72x15
                              RenderText {#text} at (176,0) size 72x15
                                text run at (176,0) width 72: ".relative"
                            RenderInline {span} at (0,0) size 48x15 [color=#881280]
                              RenderText {#text} at (248,0) size 40x15
                                text run at (248,0) width 40: "</div"
                              RenderText {#text} at (288,0) size 8x15
                                text run at (288,0) width 8: ">"
                          RenderBlock (anonymous) at (0,45) size 726x0
                            RenderInline {span} at (0,0) size 0x0
                          RenderBlock {div} at (0,45) size 726x15
                            RenderInline {span} at (0,0) size 176x15 [color=#881280]
                              RenderText {#text} at (0,0) size 32x15
                                text run at (0,0) width 32: "<div"
                              RenderInline {span} at (0,0) size 136x15
                                RenderText {#text} at (32,0) size 8x15
                                  text run at (32,0) width 8: " "
                                RenderInline {span} at (0,0) size 40x15 [color=#994500]
                                  RenderText {#text} at (40,0) size 40x15
                                    text run at (40,0) width 40: "class"
                                RenderText {#text} at (80,0) size 16x15
                                  text run at (80,0) width 16: "=\""
                                RenderInline {span} at (0,0) size 64x15 [color=#1A1AA6]
                                  RenderText {#text} at (96,0) size 64x15
                                    text run at (96,0) width 64: "absolute"
                                RenderText {#text} at (160,0) size 8x15
                                  text run at (160,0) width 8: "\""
                              RenderText {#text} at (168,0) size 8x15
                                text run at (168,0) width 8: ">"
                            RenderInline {span} at (0,0) size 72x15
                              RenderText {#text} at (176,0) size 72x15
                                text run at (176,0) width 72: ".absolute"
                            RenderInline {span} at (0,0) size 48x15 [color=#881280]
                              RenderText {#text} at (248,0) size 40x15
                                text run at (248,0) width 40: "</div"
                              RenderText {#text} at (288,0) size 8x15
                                text run at (288,0) width 8: ">"
                          RenderBlock (anonymous) at (0,60) size 726x0
                            RenderInline {span} at (0,0) size 0x0
                          RenderBlock {div} at (0,60) size 726x60
                            RenderBlock {div} at (0,0) size 726x60
                              RenderBlock {div} at (0,0) size 726x15
                                RenderBlock {span} at (-10,5) size 10x10
                                RenderInline {span} at (0,0) size 224x15 [color=#881280]
                                  RenderText {#text} at (0,0) size 32x15
                                    text run at (0,0) width 32: "<div"
                                  RenderInline {span} at (0,0) size 184x15
                                    RenderText {#text} at (32,0) size 8x15
                                      text run at (32,0) width 8: " "
                                    RenderInline {span} at (0,0) size 40x15 [color=#994500]
                                      RenderText {#text} at (40,0) size 40x15
                                        text run at (40,0) width 40: "class"
                                    RenderText {#text} at (80,0) size 16x15
                                      text run at (80,0) width 16: "=\""
                                    RenderInline {span} at (0,0) size 112x15 [color=#1A1AA6]
                                      RenderText {#text} at (96,0) size 112x15
                                        text run at (96,0) width 112: "overflowHidden"
                                    RenderText {#text} at (208,0) size 8x15
                                      text run at (208,0) width 8: "\""
                                  RenderText {#text} at (216,0) size 8x15
                                    text run at (216,0) width 8: ">"
                              RenderBlock {div} at (13,15) size 713x30
                                RenderBlock (anonymous) at (0,0) size 713x15
                                  RenderInline {span} at (0,0) size 120x15
                                    RenderText {#text} at (0,0) size 120x15
                                      text run at (0,0) width 120: ".overflowHidden"
                                RenderBlock {div} at (0,15) size 713x15
                                  RenderInline {span} at (0,0) size 40x15 [color=#881280]
                                    RenderText {#text} at (0,0) size 32x15
                                      text run at (0,0) width 32: "<div"
                                    RenderText {#text} at (32,0) size 8x15
                                      text run at (32,0) width 8: ">"
                                  RenderInline {span} at (0,0) size 64x15
                                    RenderText {#text} at (40,0) size 64x15
                                      text run at (40,0) width 64: "no style"
                                  RenderInline {span} at (0,0) size 48x15 [color=#881280]
                                    RenderText {#text} at (104,0) size 40x15
                                      text run at (104,0) width 40: "</div"
                                    RenderText {#text} at (144,0) size 8x15
                                      text run at (144,0) width 8: ">"
                                RenderBlock (anonymous) at (0,30) size 713x0
                                  RenderInline {span} at (0,0) size 0x0
                              RenderBlock {div} at (0,45) size 726x15
                                RenderInline {span} at (0,0) size 48x15 [color=#881280]
                                  RenderText {#text} at (0,0) size 40x15
                                    text run at (0,0) width 40: "</div"
                                  RenderText {#text} at (40,0) size 8x15
                                    text run at (40,0) width 8: ">"
                          RenderBlock (anonymous) at (0,120) size 726x0
                            RenderInline {span} at (0,0) size 0x0
                          RenderBlock {div} at (0,120) size 726x60
                            RenderBlock {div} at (0,0) size 726x60
                              RenderBlock {div} at (0,0) size 726x15
                                RenderBlock {span} at (-10,5) size 10x10
                                RenderInline {span} at (0,0) size 224x15 [color=#881280]
                                  RenderText {#text} at (0,0) size 32x15
                                    text run at (0,0) width 32: "<div"
                                  RenderInline {span} at (0,0) size 184x15
                                    RenderText {#text} at (32,0) size 8x15
                                      text run at (32,0) width 8: " "
                                    RenderInline {span} at (0,0) size 40x15 [color=#994500]
                                      RenderText {#text} at (40,0) size 40x15
                                        text run at (40,0) width 40: "class"
                                    RenderText {#text} at (80,0) size 16x15
                                      text run at (80,0) width 16: "=\""
                                    RenderInline {span} at (0,0) size 112x15 [color=#1A1AA6]
                                      RenderText {#text} at (96,0) size 112x15
                                        text run at (96,0) width 112: "overflowHidden"
                                    RenderText {#text} at (208,0) size 8x15
                                      text run at (208,0) width 8: "\""
                                  RenderText {#text} at (216,0) size 8x15
                                    text run at (216,0) width 8: ">"
                              RenderBlock {div} at (13,15) size 713x30
                                RenderBlock (anonymous) at (0,0) size 713x15
                                  RenderInline {span} at (0,0) size 120x15
                                    RenderText {#text} at (0,0) size 120x15
                                      text run at (0,0) width 120: ".overflowHidden"
                                RenderBlock {div} at (0,15) size 713x15
                                  RenderInline {span} at (0,0) size 176x15 [color=#881280]
                                    RenderText {#text} at (0,0) size 32x15
                                      text run at (0,0) width 32: "<div"
                                    RenderInline {span} at (0,0) size 136x15
                                      RenderText {#text} at (32,0) size 8x15
                                        text run at (32,0) width 8: " "
                                      RenderInline {span} at (0,0) size 40x15 [color=#994500]
                                        RenderText {#text} at (40,0) size 40x15
                                          text run at (40,0) width 40: "class"
                                      RenderText {#text} at (80,0) size 16x15
                                        text run at (80,0) width 16: "=\""
                                      RenderInline {span} at (0,0) size 64x15 [color=#1A1AA6]
                                        RenderText {#text} at (96,0) size 64x15
                                          text run at (96,0) width 64: "relative"
                                      RenderText {#text} at (160,0) size 8x15
                                        text run at (160,0) width 8: "\""
                                    RenderText {#text} at (168,0) size 8x15
                                      text run at (168,0) width 8: ">"
                                  RenderInline {span} at (0,0) size 72x15
                                    RenderText {#text} at (176,0) size 72x15
                                      text run at (176,0) width 72: ".relative"
                                  RenderInline {span} at (0,0) size 48x15 [color=#881280]
                                    RenderText {#text} at (248,0) size 40x15
                                      text run at (248,0) width 40: "</div"
                                    RenderText {#text} at (288,0) size 8x15
                                      text run at (288,0) width 8: ">"
                                RenderBlock (anonymous) at (0,30) size 713x0
                                  RenderInline {span} at (0,0) size 0x0
                              RenderBlock {div} at (0,45) size 726x15
                                RenderInline {span} at (0,0) size 48x15 [color=#881280]
                                  RenderText {#text} at (0,0) size 40x15
                                    text run at (0,0) width 40: "</div"
                                  RenderText {#text} at (40,0) size 8x15
                                    text run at (40,0) width 8: ">"
                          RenderBlock (anonymous) at (0,180) size 726x0
                            RenderInline {span} at (0,0) size 0x0
                          RenderBlock {div} at (0,180) size 726x60
                            RenderBlock {div} at (0,0) size 726x60
                              RenderBlock {div} at (0,0) size 726x15
                                RenderBlock {span} at (-10,5) size 10x10
                                RenderInline {span} at (0,0) size 224x15 [color=#881280]
                                  RenderText {#text} at (0,0) size 32x15
                                    text run at (0,0) width 32: "<div"
                                  RenderInline {span} at (0,0) size 184x15
                                    RenderText {#text} at (32,0) size 8x15
                                      text run at (32,0) width 8: " "
                                    RenderInline {span} at (0,0) size 40x15 [color=#994500]
                                      RenderText {#text} at (40,0) size 40x15
                                        text run at (40,0) width 40: "class"
                                    RenderText {#text} at (80,0) size 16x15
                                      text run at (80,0) width 16: "=\""
                                    RenderInline {span} at (0,0) size 112x15 [color=#1A1AA6]
                                      RenderText {#text} at (96,0) size 112x15
                                        text run at (96,0) width 112: "overflowHidden"
                                    RenderText {#text} at (208,0) size 8x15
                                      text run at (208,0) width 8: "\""
                                  RenderText {#text} at (216,0) size 8x15
                                    text run at (216,0) width 8: ">"
                              RenderBlock {div} at (13,15) size 713x30
                                RenderBlock (anonymous) at (0,0) size 713x15
                                  RenderInline {span} at (0,0) size 120x15
                                    RenderText {#text} at (0,0) size 120x15
                                      text run at (0,0) width 120: ".overflowHidden"
                                RenderBlock {div} at (0,15) size 713x15
                                  RenderInline {span} at (0,0) size 224x15 [color=#881280]
                                    RenderText {#text} at (0,0) size 32x15
                                      text run at (0,0) width 32: "<div"
                                    RenderInline {span} at (0,0) size 184x15
                                      RenderText {#text} at (32,0) size 8x15
                                        text run at (32,0) width 8: " "
                                      RenderInline {span} at (0,0) size 40x15 [color=#994500]
                                        RenderText {#text} at (40,0) size 40x15
                                          text run at (40,0) width 40: "class"
                                      RenderText {#text} at (80,0) size 16x15
                                        text run at (80,0) width 16: "=\""
                                      RenderInline {span} at (0,0) size 112x15 [color=#1A1AA6]
                                        RenderText {#text} at (96,0) size 112x15
                                          text run at (96,0) width 112: "overflowHidden"
                                      RenderText {#text} at (208,0) size 8x15
                                        text run at (208,0) width 8: "\""
                                    RenderText {#text} at (216,0) size 8x15
                                      text run at (216,0) width 8: ">"
                                  RenderInline {span} at (0,0) size 120x15
                                    RenderText {#text} at (224,0) size 120x15
                                      text run at (224,0) width 120: ".overflowHidden"
                                  RenderInline {span} at (0,0) size 48x15 [color=#881280]
                                    RenderText {#text} at (344,0) size 40x15
                                      text run at (344,0) width 40: "</div"
                                    RenderText {#text} at (384,0) size 8x15
                                      text run at (384,0) width 8: ">"
                                RenderBlock (anonymous) at (0,30) size 713x0
                                  RenderInline {span} at (0,0) size 0x0
                              RenderBlock {div} at (0,45) size 726x15
                                RenderInline {span} at (0,0) size 48x15 [color=#881280]
                                  RenderText {#text} at (0,0) size 40x15
                                    text run at (0,0) width 40: "</div"
                                  RenderText {#text} at (40,0) size 8x15
                                    text run at (40,0) width 8: ">"
                          RenderBlock (anonymous) at (0,240) size 726x0
                            RenderInline {span} at (0,0) size 0x0
                        RenderBlock {div} at (0,255) size 739x15
                          RenderInline {span} at (0,0) size 48x15 [color=#881280]
                            RenderText {#text} at (0,0) size 40x15
                              text run at (0,0) width 40: "</div"
                            RenderText {#text} at (40,0) size 8x15
                              text run at (40,0) width 8: ">"
                    RenderBlock (anonymous) at (0,915) size 739x0
                      RenderInline {span} at (0,0) size 0x0
                    RenderBlock {div} at (0,915) size 739x315
                      RenderBlock {div} at (0,0) size 739x315
                        RenderBlock {div} at (0,0) size 739x15
                          RenderBlock {span} at (-10,5) size 10x10
                          RenderInline {span} at (0,0) size 136x15 [color=#881280]
                            RenderText {#text} at (0,0) size 32x15
                              text run at (0,0) width 32: "<div"
                            RenderInline {span} at (0,0) size 96x15
                              RenderText {#text} at (32,0) size 8x15
                                text run at (32,0) width 8: " "
                              RenderInline {span} at (0,0) size 16x15 [color=#994500]
                                RenderText {#text} at (40,0) size 16x15
                                  text run at (40,0) width 16: "id"
                              RenderText {#text} at (56,0) size 16x15
                                text run at (56,0) width 16: "=\""
                              RenderInline {span} at (0,0) size 48x15 [color=#1A1AA6]
                                RenderText {#text} at (72,0) size 48x15
                                  text run at (72,0) width 48: "fixed3"
                              RenderText {#text} at (120,0) size 8x15
                                text run at (120,0) width 8: "\""
                            RenderText {#text} at (128,0) size 8x15
                              text run at (128,0) width 8: ">"
                        RenderBlock {div} at (13,15) size 726x285
                          RenderBlock (anonymous) at (0,0) size 726x15
                            RenderInline {span} at (0,0) size 56x15
                              RenderText {#text} at (0,0) size 56x15
                                text run at (0,0) width 56: "#fixed3"
                          RenderBlock {div} at (0,15) size 726x270
                            RenderBlock {div} at (0,0) size 726x270
                              RenderBlock {div} at (0,0) size 726x15
                                RenderBlock {span} at (-10,5) size 10x10
                                RenderInline {span} at (0,0) size 224x15 [color=#881280]
                                  RenderText {#text} at (0,0) size 32x15
                                    text run at (0,0) width 32: "<div"
                                  RenderInline {span} at (0,0) size 184x15
                                    RenderText {#text} at (32,0) size 8x15
                                      text run at (32,0) width 8: " "
                                    RenderInline {span} at (0,0) size 40x15 [color=#994500]
                                      RenderText {#text} at (40,0) size 40x15
                                        text run at (40,0) width 40: "class"
                                    RenderText {#text} at (80,0) size 16x15
                                      text run at (80,0) width 16: "=\""
                                    RenderInline {span} at (0,0) size 112x15 [color=#1A1AA6]
                                      RenderText {#text} at (96,0) size 112x15
                                        text run at (96,0) width 112: "overflowHidden"
                                    RenderText {#text} at (208,0) size 8x15
                                      text run at (208,0) width 8: "\""
                                  RenderText {#text} at (216,0) size 8x15
                                    text run at (216,0) width 8: ">"
                              RenderBlock {div} at (13,15) size 713x240
                                RenderBlock (anonymous) at (0,0) size 713x15
                                  RenderInline {span} at (0,0) size 120x15
                                    RenderText {#text} at (0,0) size 120x15
                                      text run at (0,0) width 120: ".overflowHidden"
                                RenderBlock {div} at (0,15) size 713x15
                                  RenderInline {span} at (0,0) size 40x15 [color=#881280]
                                    RenderText {#text} at (0,0) size 32x15
                                      text run at (0,0) width 32: "<div"
                                    RenderText {#text} at (32,0) size 8x15
                                      text run at (32,0) width 8: ">"
                                  RenderInline {span} at (0,0) size 64x15
                                    RenderText {#text} at (40,0) size 64x15
                                      text run at (40,0) width 64: "no style"
                                  RenderInline {span} at (0,0) size 48x15 [color=#881280]
                                    RenderText {#text} at (104,0) size 40x15
                                      text run at (104,0) width 40: "</div"
                                    RenderText {#text} at (144,0) size 8x15
                                      text run at (144,0) width 8: ">"
                                RenderBlock (anonymous) at (0,30) size 713x0
                                  RenderInline {span} at (0,0) size 0x0
                                RenderBlock {div} at (0,30) size 713x15
                                  RenderInline {span} at (0,0) size 176x15 [color=#881280]
                                    RenderText {#text} at (0,0) size 32x15
                                      text run at (0,0) width 32: "<div"
                                    RenderInline {span} at (0,0) size 136x15
                                      RenderText {#text} at (32,0) size 8x15
                                        text run at (32,0) width 8: " "
                                      RenderInline {span} at (0,0) size 40x15 [color=#994500]
                                        RenderText {#text} at (40,0) size 40x15
                                          text run at (40,0) width 40: "class"
                                      RenderText {#text} at (80,0) size 16x15
                                        text run at (80,0) width 16: "=\""
                                      RenderInline {span} at (0,0) size 64x15 [color=#1A1AA6]
                                        RenderText {#text} at (96,0) size 64x15
                                          text run at (96,0) width 64: "relative"
                                      RenderText {#text} at (160,0) size 8x15
                                        text run at (160,0) width 8: "\""
                                    RenderText {#text} at (168,0) size 8x15
                                      text run at (168,0) width 8: ">"
                                  RenderInline {span} at (0,0) size 72x15
                                    RenderText {#text} at (176,0) size 72x15
                                      text run at (176,0) width 72: ".relative"
                                  RenderInline {span} at (0,0) size 48x15 [color=#881280]
                                    RenderText {#text} at (248,0) size 40x15
                                      text run at (248,0) width 40: "</div"
                                    RenderText {#text} at (288,0) size 8x15
                                      text run at (288,0) width 8: ">"
                                RenderBlock (anonymous) at (0,45) size 713x0
                                  RenderInline {span} at (0,0) size 0x0
                                RenderBlock {div} at (0,45) size 713x15
                                  RenderInline {span} at (0,0) size 176x15 [color=#881280]
                                    RenderText {#text} at (0,0) size 32x15
                                      text run at (0,0) width 32: "<div"
                                    RenderInline {span} at (0,0) size 136x15
                                      RenderText {#text} at (32,0) size 8x15
                                        text run at (32,0) width 8: " "
                                      RenderInline {span} at (0,0) size 40x15 [color=#994500]
                                        RenderText {#text} at (40,0) size 40x15
                                          text run at (40,0) width 40: "class"
                                      RenderText {#text} at (80,0) size 16x15
                                        text run at (80,0) width 16: "=\""
                                      RenderInline {span} at (0,0) size 64x15 [color=#1A1AA6]
                                        RenderText {#text} at (96,0) size 64x15
                                          text run at (96,0) width 64: "absolute"
                                      RenderText {#text} at (160,0) size 8x15
                                        text run at (160,0) width 8: "\""
                                    RenderText {#text} at (168,0) size 8x15
                                      text run at (168,0) width 8: ">"
                                  RenderInline {span} at (0,0) size 72x15
                                    RenderText {#text} at (176,0) size 72x15
                                      text run at (176,0) width 72: ".absolute"
                                  RenderInline {span} at (0,0) size 48x15 [color=#881280]
                                    RenderText {#text} at (248,0) size 40x15
                                      text run at (248,0) width 40: "</div"
                                    RenderText {#text} at (288,0) size 8x15
                                      text run at (288,0) width 8: ">"
                                RenderBlock (anonymous) at (0,60) size 713x0
                                  RenderInline {span} at (0,0) size 0x0
                                RenderBlock {div} at (0,60) size 713x60
                                  RenderBlock {div} at (0,0) size 713x60
                                    RenderBlock {div} at (0,0) size 713x15
                                      RenderBlock {span} at (-10,5) size 10x10
                                      RenderInline {span} at (0,0) size 224x15 [color=#881280]
                                        RenderText {#text} at (0,0) size 32x15
                                          text run at (0,0) width 32: "<div"
                                        RenderInline {span} at (0,0) size 184x15
                                          RenderText {#text} at (32,0) size 8x15
                                            text run at (32,0) width 8: " "
                                          RenderInline {span} at (0,0) size 40x15 [color=#994500]
                                            RenderText {#text} at (40,0) size 40x15
                                              text run at (40,0) width 40: "class"
                                          RenderText {#text} at (80,0) size 16x15
                                            text run at (80,0) width 16: "=\""
                                          RenderInline {span} at (0,0) size 112x15 [color=#1A1AA6]
                                            RenderText {#text} at (96,0) size 112x15
                                              text run at (96,0) width 112: "overflowHidden"
                                          RenderText {#text} at (208,0) size 8x15
                                            text run at (208,0) width 8: "\""
                                        RenderText {#text} at (216,0) size 8x15
                                          text run at (216,0) width 8: ">"
                                    RenderBlock {div} at (13,15) size 700x30
                                      RenderBlock (anonymous) at (0,0) size 700x15
                                        RenderInline {span} at (0,0) size 120x15
                                          RenderText {#text} at (0,0) size 120x15
                                            text run at (0,0) width 120: ".overflowHidden"
                                      RenderBlock {div} at (0,15) size 700x15
                                        RenderInline {span} at (0,0) size 40x15 [color=#881280]
                                          RenderText {#text} at (0,0) size 32x15
                                            text run at (0,0) width 32: "<div"
                                          RenderText {#text} at (32,0) size 8x15
                                            text run at (32,0) width 8: ">"
                                        RenderInline {span} at (0,0) size 64x15
                                          RenderText {#text} at (40,0) size 64x15
                                            text run at (40,0) width 64: "no style"
                                        RenderInline {span} at (0,0) size 48x15 [color=#881280]
                                          RenderText {#text} at (104,0) size 40x15
                                            text run at (104,0) width 40: "</div"
                                          RenderText {#text} at (144,0) size 8x15
                                            text run at (144,0) width 8: ">"
                                      RenderBlock (anonymous) at (0,30) size 700x0
                                        RenderInline {span} at (0,0) size 0x0
                                    RenderBlock {div} at (0,45) size 713x15
                                      RenderInline {span} at (0,0) size 48x15 [color=#881280]
                                        RenderText {#text} at (0,0) size 40x15
                                          text run at (0,0) width 40: "</div"
                                        RenderText {#text} at (40,0) size 8x15
                                          text run at (40,0) width 8: ">"
                                RenderBlock (anonymous) at (0,120) size 713x0
                                  RenderInline {span} at (0,0) size 0x0
                                RenderBlock {div} at (0,120) size 713x60
                                  RenderBlock {div} at (0,0) size 713x60
                                    RenderBlock {div} at (0,0) size 713x15
                                      RenderBlock {span} at (-10,5) size 10x10
                                      RenderInline {span} at (0,0) size 224x15 [color=#881280]
                                        RenderText {#text} at (0,0) size 32x15
                                          text run at (0,0) width 32: "<div"
                                        RenderInline {span} at (0,0) size 184x15
                                          RenderText {#text} at (32,0) size 8x15
                                            text run at (32,0) width 8: " "
                                          RenderInline {span} at (0,0) size 40x15 [color=#994500]
                                            RenderText {#text} at (40,0) size 40x15
                                              text run at (40,0) width 40: "class"
                                          RenderText {#text} at (80,0) size 16x15
                                            text run at (80,0) width 16: "=\""
                                          RenderInline {span} at (0,0) size 112x15 [color=#1A1AA6]
                                            RenderText {#text} at (96,0) size 112x15
                                              text run at (96,0) width 112: "overflowHidden"
                                          RenderText {#text} at (208,0) size 8x15
                                            text run at (208,0) width 8: "\""
                                        RenderText {#text} at (216,0) size 8x15
                                          text run at (216,0) width 8: ">"
                                    RenderBlock {div} at (13,15) size 700x30
                                      RenderBlock (anonymous) at (0,0) size 700x15
                                        RenderInline {span} at (0,0) size 120x15
                                          RenderText {#text} at (0,0) size 120x15
                                            text run at (0,0) width 120: ".overflowHidden"
                                      RenderBlock {div} at (0,15) size 700x15
                                        RenderInline {span} at (0,0) size 176x15 [color=#881280]
                                          RenderText {#text} at (0,0) size 32x15
                                            text run at (0,0) width 32: "<div"
                                          RenderInline {span} at (0,0) size 136x15
                                            RenderText {#text} at (32,0) size 8x15
                                              text run at (32,0) width 8: " "
                                            RenderInline {span} at (0,0) size 40x15 [color=#994500]
                                              RenderText {#text} at (40,0) size 40x15
                                                text run at (40,0) width 40: "class"
                                            RenderText {#text} at (80,0) size 16x15
                                              text run at (80,0) width 16: "=\""
                                            RenderInline {span} at (0,0) size 64x15 [color=#1A1AA6]
                                              RenderText {#text} at (96,0) size 64x15
                                                text run at (96,0) width 64: "relative"
                                            RenderText {#text} at (160,0) size 8x15
                                              text run at (160,0) width 8: "\""
                                          RenderText {#text} at (168,0) size 8x15
                                            text run at (168,0) width 8: ">"
                                        RenderInline {span} at (0,0) size 72x15
                                          RenderText {#text} at (176,0) size 72x15
                                            text run at (176,0) width 72: ".relative"
                                        RenderInline {span} at (0,0) size 48x15 [color=#881280]
                                          RenderText {#text} at (248,0) size 40x15
                                            text run at (248,0) width 40: "</div"
                                          RenderText {#text} at (288,0) size 8x15
                                            text run at (288,0) width 8: ">"
                                      RenderBlock (anonymous) at (0,30) size 700x0
                                        RenderInline {span} at (0,0) size 0x0
                                    RenderBlock {div} at (0,45) size 713x15
                                      RenderInline {span} at (0,0) size 48x15 [color=#881280]
                                        RenderText {#text} at (0,0) size 40x15
                                          text run at (0,0) width 40: "</div"
                                        RenderText {#text} at (40,0) size 8x15
                                          text run at (40,0) width 8: ">"
                                RenderBlock (anonymous) at (0,180) size 713x0
                                  RenderInline {span} at (0,0) size 0x0
                                RenderBlock {div} at (0,180) size 713x60
                                  RenderBlock {div} at (0,0) size 713x60
                                    RenderBlock {div} at (0,0) size 713x15
                                      RenderBlock {span} at (-10,5) size 10x10
                                      RenderInline {span} at (0,0) size 224x15 [color=#881280]
                                        RenderText {#text} at (0,0) size 32x15
                                          text run at (0,0) width 32: "<div"
                                        RenderInline {span} at (0,0) size 184x15
                                          RenderText {#text} at (32,0) size 8x15
                                            text run at (32,0) width 8: " "
                                          RenderInline {span} at (0,0) size 40x15 [color=#994500]
                                            RenderText {#text} at (40,0) size 40x15
                                              text run at (40,0) width 40: "class"
                                          RenderText {#text} at (80,0) size 16x15
                                            text run at (80,0) width 16: "=\""
                                          RenderInline {span} at (0,0) size 112x15 [color=#1A1AA6]
                                            RenderText {#text} at (96,0) size 112x15
                                              text run at (96,0) width 112: "overflowHidden"
                                          RenderText {#text} at (208,0) size 8x15
                                            text run at (208,0) width 8: "\""
                                        RenderText {#text} at (216,0) size 8x15
                                          text run at (216,0) width 8: ">"
                                    RenderBlock {div} at (13,15) size 700x30
                                      RenderBlock (anonymous) at (0,0) size 700x15
                                        RenderInline {span} at (0,0) size 120x15
                                          RenderText {#text} at (0,0) size 120x15
                                            text run at (0,0) width 120: ".overflowHidden"
                                      RenderBlock {div} at (0,15) size 700x15
                                        RenderInline {span} at (0,0) size 224x15 [color=#881280]
                                          RenderText {#text} at (0,0) size 32x15
                                            text run at (0,0) width 32: "<div"
                                          RenderInline {span} at (0,0) size 184x15
                                            RenderText {#text} at (32,0) size 8x15
                                              text run at (32,0) width 8: " "
                                            RenderInline {span} at (0,0) size 40x15 [color=#994500]
                                              RenderText {#text} at (40,0) size 40x15
                                                text run at (40,0) width 40: "class"
                                            RenderText {#text} at (80,0) size 16x15
                                              text run at (80,0) width 16: "=\""
                                            RenderInline {span} at (0,0) size 112x15 [color=#1A1AA6]
                                              RenderText {#text} at (96,0) size 112x15
                                                text run at (96,0) width 112: "overflowHidden"
                                            RenderText {#text} at (208,0) size 8x15
                                              text run at (208,0) width 8: "\""
                                          RenderText {#text} at (216,0) size 8x15
                                            text run at (216,0) width 8: ">"
                                        RenderInline {span} at (0,0) size 120x15
                                          RenderText {#text} at (224,0) size 120x15
                                            text run at (224,0) width 120: ".overflowHidden"
                                        RenderInline {span} at (0,0) size 48x15 [color=#881280]
                                          RenderText {#text} at (344,0) size 40x15
                                            text run at (344,0) width 40: "</div"
                                          RenderText {#text} at (384,0) size 8x15
                                            text run at (384,0) width 8: ">"
                                      RenderBlock (anonymous) at (0,30) size 700x0
                                        RenderInline {span} at (0,0) size 0x0
                                    RenderBlock {div} at (0,45) size 713x15
                                      RenderInline {span} at (0,0) size 48x15 [color=#881280]
                                        RenderText {#text} at (0,0) size 40x15
                                          text run at (0,0) width 40: "</div"
                                        RenderText {#text} at (40,0) size 8x15
                                          text run at (40,0) width 8: ">"
                                RenderBlock (anonymous) at (0,240) size 713x0
                                  RenderInline {span} at (0,0) size 0x0
                              RenderBlock {div} at (0,255) size 726x15
                                RenderInline {span} at (0,0) size 48x15 [color=#881280]
                                  RenderText {#text} at (0,0) size 40x15
                                    text run at (0,0) width 40: "</div"
                                  RenderText {#text} at (40,0) size 8x15
                                    text run at (40,0) width 8: ">"
                          RenderBlock (anonymous) at (0,285) size 726x0
                            RenderInline {span} at (0,0) size 0x0
                        RenderBlock {div} at (0,300) size 739x15
                          RenderInline {span} at (0,0) size 48x15 [color=#881280]
                            RenderText {#text} at (0,0) size 40x15
                              text run at (0,0) width 40: "</div"
                            RenderText {#text} at (40,0) size 8x15
                              text run at (40,0) width 8: ">"
                    RenderBlock (anonymous) at (0,1230) size 739x0
                      RenderInline {span} at (0,0) size 0x0
                  RenderBlock {div} at (0,1245) size 752x15
                    RenderInline {span} at (0,0) size 56x15 [color=#881280]
                      RenderText {#text} at (0,0) size 48x15
                        text run at (0,0) width 48: "</body"
                      RenderText {#text} at (48,0) size 8x15
                        text run at (48,0) width 8: ">"
              RenderBlock (anonymous) at (0,1875) size 752x0
                RenderInline {span} at (0,0) size 0x0
            RenderBlock {div} at (0,1890) size 765x15
              RenderInline {span} at (0,0) size 56x15 [color=#881280]
                RenderText {#text} at (0,0) size 48x15
                  text run at (0,0) width 48: "</html"
                RenderText {#text} at (48,0) size 8x15
                  text run at (48,0) width 8: ">"
