layer at (0,0) size 800x600
  RenderView at (0,0) size 800x600
layer at (0,0) size 800x600
  RenderBlock {HTML} at (0,0) size 800x600
    RenderBody {BODY} at (8,8) size 784x584
layer at (8,8) size 159x86 clip at (18,18) size 139x66
  RenderBlock (floating) {DIV} at (0,0) size 159x86 [border: (10px solid #FF0000)]
    RenderImage {IMG} at (10,10) size 86x66
    RenderBlock {DIV} at (10,10) size 139x12
      RenderText {#text} at (92,0) size 6x12
        text run at (92,0) width 6: "x"
    RenderBlock {DIV} at (10,22) size 139x48
      RenderText {#text} at (92,0) size 44x48
        text run at (92,0) width 40: "Ted and"
        text run at (92,12) width 15: "the"
        text run at (92,24) width 44: "miniature"
        text run at (92,36) width 31: "Teddy"
