layer at (0,0) size 800x600
  RenderView at (0,0) size 800x600
layer at (0,0) size 800x600
  RenderBlock {HTML} at (0,0) size 800x600
    RenderBody {BODY} at (8,8) size 784x576
      RenderBlock (anonymous) at (0,0) size 784x19
        RenderText {#text} at (0,0) size 663x19
          text run at (0,0) width 349: "This test that we correctly orient landscape pdf images. "
          text run at (349,0) width 314: "The green rectangle should be wider than it is tall."
      RenderBlock {P} at (0,35) size 784x20
        RenderImage {IMG} at (0,0) size 20x20
        RenderText {#text} at (0,0) size 0x0
