layer at (0,0) size 800x600
  RenderView at (0,0) size 800x600
layer at (0,0) size 800x600
  RenderBlock {HTML} at (0,0) size 800x600
    RenderBody {BODY} at (8,8) size 784x584
      RenderBlock {DETAILS} at (0,0) size 784x136 [border: (8px solid #555599)]
        RenderBlock {SUMMARY} at (8,8) size 768x34 [border: (8px solid #9999CC)]
          RenderDetailsMarker {DIV} at (8,11) size 11x11: down
          RenderText {#text} at (24,8) size 63x18
            text run at (24,8) width 5: " "
            text run at (28,8) width 59: "summary"
        RenderBlock {DETAILS} at (8,42) size 768x68 [border: (8px solid #995555)]
          RenderBlock {SUMMARY} at (8,8) size 752x34 [border: (8px solid #CC9999)]
            RenderDetailsMarker {DIV} at (8,11) size 11x11: down
            RenderText {#text} at (24,8) size 265x18
              text run at (24,8) width 5: " "
              text run at (28,8) width 261: "nested summary (details-deails-summary)"
          RenderBlock (anonymous) at (8,42) size 752x18
            RenderText {#text} at (0,0) size 179x18
              text run at (0,0) width 179: "nested details (details-deails)"
        RenderBlock (anonymous) at (8,110) size 768x18
          RenderText {#text} at (0,0) size 40x18
            text run at (0,0) width 40: "details"
