layer at (0,0) size 942x585
  RenderView at (0,0) size 800x585
layer at (0,0) size 800x585
  RenderBlock {HTML} at (0,0) size 800x585
    RenderBody {BODY} at (8,8) size 784x569
      RenderBlock {DETAILS} at (0,0) size 784x0
      RenderBlock {DETAILS} at (0,0) size 784x18
      RenderBlock {DETAILS} at (0,18) size 784x0
layer at (50,150) size 49x18
  RenderBlock (positioned) {SUMMARY} at (50,150) size 49x18
    RenderDetailsMarker {DIV} at (0,3) size 11x11: right
    RenderText {#text} at (16,0) size 33x18
      text run at (16,0) width 33: "fixed"
layer at (158,158) size 784x18
  RenderBlock (relative positioned) {SUMMARY} at (0,0) size 784x18
    RenderDetailsMarker {DIV} at (0,3) size 11x11: right
    RenderText {#text} at (16,0) size 47x18
      text run at (16,0) width 47: "relative"
layer at (250,150) size 69x18
  RenderBlock (positioned) {SUMMARY} at (250,150) size 69x18
    RenderDetailsMarker {DIV} at (0,3) size 11x11: right
    RenderText {#text} at (16,0) size 53x18
      text run at (16,0) width 53: "absolute"
