layer at (0,0) size 800x600
  RenderView at (0,0) size 800x600
layer at (0,0) size 800x152
  RenderBlock {HTML} at (0,0) size 800x152
    RenderBody {BODY} at (8,16) size 784x120
      RenderBlock {P} at (0,0) size 784x18
        RenderText {#text} at (0,0) size 262x18
          text run at (0,0) width 262: "This line should not have red background"
      RenderBlock {P} at (0,34) size 784x18 [bgcolor=#00FF00]
        RenderText {#text} at (0,0) size 245x18
          text run at (0,0) width 245: "This line should have lime background"
      RenderBlock {P} at (0,68) size 784x18
        RenderText {#text} at (0,0) size 262x18
          text run at (0,0) width 262: "This line should not have red background"
      RenderBlock {P} at (0,102) size 784x18 [bgcolor=#00FF00]
        RenderText {#text} at (0,0) size 245x18
          text run at (0,0) width 245: "This line should have lime background"
