layer at (0,0) size 800x600
  RenderView at (0,0) size 800x600
layer at (0,0) size 800x142
  RenderBlock {HTML} at (0,0) size 800x142
    RenderBody {BODY} at (8,8) size 784x126
      RenderBlock {DIV} at (0,0) size 784x36
        RenderText {#text} at (0,0) size 99x17
          text run at (0,0) width 99: "Select this text. "
        RenderInline {FONT} at (0,6) size 764x29
          RenderText {#text} at (0,6) size 764x29
            text run at (99,6) width 84: "I am teeny and tiny. "
            text run at (182,6) width 298: "I am going to have lots of text but each line should retain the big height. "
            text run at (479,6) width 285: "If the lines shrink, it means that the root line box's height is not being"
            text run at (0,24) width 114: "considered and that's wrong."
        RenderText {#text} at (0,0) size 0x0
      RenderBlock {P} at (0,52) size 784x0
      RenderBlock {DIV} at (0,52) size 784x74
        RenderInline {FONT} at (0,1) size 778x72
          RenderText {#text} at (0,1) size 431x36
            text run at (0,1) width 431: "This text is absolutely enormous. "
          RenderInline {FONT} at (0,21) size 778x48
            RenderText {#text} at (0,21) size 778x48
              text run at (431,21) width 84: "I am teeny and tiny. "
              text run at (514,21) width 264: "I am going to have lots of text but each line should retain the big"
              text run at (0,58) width 31: "height. "
              text run at (31,58) width 409: "If the lines shrink, it means that the span's line box's height is not being considered and that's wrong."
          RenderText {#text} at (0,0) size 0x0
