layer at (0,0) size 800x600
  RenderView at (0,0) size 800x600
layer at (0,0) size 800x600
  RenderBlock {HTML} at (0,0) size 800x600
    RenderBody {BODY} at (8,8) size 784x576
      RenderBlock {DIV} at (0,0) size 396x201 [border: (2px solid #FF0000)]
        RenderBlock {P} at (2,18) size 392x38
          RenderText {#text} at (0,1) size 367x36
            text run at (0,1) width 367: "I\x{2019}m told this is the longest word in the English"
            text run at (0,20) width 327: "language: anti\x{AD}dis\x{AD}est\x{AD}ab\x{AD}lish\x{AD}ment\x{AD}arian\x{AD}ism."
        RenderBlock {P} at (2,72) size 392x38
          RenderText {#text} at (0,1) size 367x36
            text run at (0,1) width 367: "I\x{2019}m told this is the longest word in the English"
            text run at (0,20) width 327: "language: anti\x{AD}dis\x{AD}est\x{AD}ab\x{AD}lish\x{AD}ment\x{AD}arian\x{AD}ism."
        RenderBlock {P} at (2,126) size 392x57
          RenderText {#text} at (0,1) size 367x36
            text run at (0,1) width 367: "I\x{2019}m told this is the longest word in the English"
            text run at (0,20) width 183: "language: anti\x{AD}dis\x{AD}est\x{AD}ab\x{AD}"
          RenderBR {BR} at (182,20) size 1x17
          RenderText {#text} at (0,39) size 144x17
            text run at (0,39) width 144: "lish\x{AD}ment\x{AD}arian\x{AD}ism."
      RenderBlock {P} at (0,217) size 784x0
      RenderBlock (floating) {DIV} at (0,217) size 703x144 [border: (2px solid #FF0000)]
        RenderBlock {P} at (2,18) size 699x19
          RenderText {#text} at (0,1) size 699x17
            text run at (0,1) width 699: "I\x{2019}m told this is the longest word in the English language: anti\x{AD}dis\x{AD}est\x{AD}ab\x{AD}lish\x{AD}ment\x{AD}arian\x{AD}ism."
        RenderBlock {P} at (2,53) size 699x19
          RenderText {#text} at (0,1) size 699x17
            text run at (0,1) width 699: "I\x{2019}m told this is the longest word in the English language: anti\x{AD}dis\x{AD}est\x{AD}ab\x{AD}lish\x{AD}ment\x{AD}arian\x{AD}ism."
        RenderBlock {P} at (2,88) size 699x38
          RenderText {#text} at (0,1) size 556x17
            text run at (0,1) width 556: "I\x{2019}m told this is the longest word in the English language: anti\x{AD}dis\x{AD}est\x{AD}ab\x{AD}"
          RenderBR {BR} at (555,1) size 1x17
          RenderText {#text} at (0,20) size 144x17
            text run at (0,20) width 144: "lish\x{AD}ment\x{AD}arian\x{AD}ism."
