layer at (0,0) size 800x600
  RenderView at (0,0) size 800x600
layer at (0,0) size 800x291
  RenderBlock {HTML} at (0,0) size 800x291
    RenderBody {BODY} at (8,16) size 784x243
      RenderBlock {P} at (0,0) size 784x19
        RenderText {#text} at (0,1) size 521x18
          text run at (0,1) width 506: "The following two blocks should be identical, including overflow. (Force bidi: "
          text run at (505,1) width 11 RTL: "\x{5D0}"
          text run at (515,1) width 6: ")"
      RenderBlock {DIV} at (32,51) size 720x80 [color=#FFFF00] [bgcolor=#000000]
        RenderTable at (24,24) size 261x32
          RenderTableSection (anonymous) at (0,0) size 261x32
            RenderTableRow {P} at (0,0) size 261x32
              RenderTableCell (anonymous) at (0,0) size 261x32 [r=0 c=0 rs=1 cs=1]
                RenderInline {SPAN} at (0,0) size 15x37
                  RenderText {#text} at (0,-3) size 15x37
                    text run at (0,-3) width 15: "a"
                RenderInline {SPAN} at (0,0) size 20x51 [color=#FF00FF] [border: (3px solid #FF00FF) none (3px solid #FF00FF)]
                  RenderText {#text} at (33,-3) size 17x37
                    text run at (33,-3) width 17: "b"
                RenderInline {SPAN} at (0,0) size 18x51 [color=#00FFFF] [border: (3px solid #00FFFF) none (3px solid #00FFFF)]
                  RenderText {#text} at (68,-3) size 15x37
                    text run at (68,-3) width 15: "c"
                RenderInline {SPAN} at (0,0) size 17x51 [color=#FF00FF] [border: (3px solid #FF00FF) none (3px solid #FF00FF) none]
                  RenderText {#text} at (82,-3) size 17x37
                    text run at (82,-3) width 17: "d"
                RenderInline {SPAN} at (0,0) size 15x51 [color=#00FFFF] [border: (3px solid #00FFFF) none (3px solid #00FFFF) none]
                  RenderText {#text} at (98,-3) size 15x37
                    text run at (98,-3) width 15: "e"
                RenderInline {SPAN} at (0,0) size 12x37
                  RenderText {#text} at (112,-3) size 12x37
                    text run at (112,-3) width 12: "f"
                RenderInline {SPAN} at (0,0) size 17x37
                  RenderText {#text} at (123,-3) size 17x37
                    text run at (123,-3) width 17: "g"
                RenderInline {SPAN} at (0,0) size 17x37
                  RenderText {#text} at (139,-3) size 17x37
                    text run at (139,-3) width 17: "h"
                RenderInline {SPAN} at (0,0) size 10x51 [color=#FF00FF] [border: (3px solid #FF00FF) none (3px solid #FF00FF) none]
                  RenderText {#text} at (155,-3) size 10x37
                    text run at (155,-3) width 10: "i"
                RenderInline {SPAN} at (0,0) size 13x51 [color=#00FFFF] [border: (3px solid #00FFFF) none]
                  RenderText {#text} at (164,-3) size 10x37
                    text run at (164,-3) width 10: "j"
                RenderInline {SPAN} at (0,0) size 20x51 [color=#FF00FF] [border: (3px solid #FF00FF) none]
                  RenderText {#text} at (192,-3) size 17x37
                    text run at (192,-3) width 17: "k"
                RenderInline {SPAN} at (0,0) size 9x37
                  RenderText {#text} at (227,-3) size 9x37
                    text run at (227,-3) width 9: "l"
                RenderInline {SPAN} at (0,0) size 26x37
                  RenderText {#text} at (235,-3) size 26x37
                    text run at (235,-3) width 26: "m"
      RenderBlock {DIV} at (32,163) size 720x80 [color=#FFFF00] [bgcolor=#000000]
        RenderTable at (24,24) size 261x32
          RenderTableSection (anonymous) at (0,0) size 261x32
            RenderTableRow {P} at (0,0) size 261x32
              RenderTableCell (anonymous) at (0,0) size 261x32 [r=0 c=0 rs=1 cs=1]
                RenderText {#text} at (0,-3) size 236x37
                  text run at (0,-3) width 15: "a"
                  text run at (49,-3) width 1: "\x{202D}"
                  text run at (227,-3) width 9 RTL: "\x{202E}l"
                RenderInline {SPAN} at (0,0) size 112x51 [color=#00FFFF] [border: (3px solid #00FFFF)]
                  RenderText {#text} at (68,-3) size 106x37
                    text run at (68,-3) width 15: "c"
                    text run at (98,-3) width 15: "\x{202D}e"
                    text run at (155,-3) width 1 RTL: "\x{202E}"
                    text run at (164,-3) width 10 RTL: "\x{202E}j"
                RenderText {#text} at (112,-3) size 44x37
                  text run at (112,-3) width 12 RTL: "\x{202C}f"
                  text run at (123,-3) width 17: "\x{202D}g"
                  text run at (139,-3) width 17 RTL: "h"
                RenderInline {SPAN} at (0,0) size 182x51 [color=#FF00FF] [border: (3px solid #FF00FF)]
                  RenderText {#text} at (33,-3) size 176x37
                    text run at (33,-3) width 17 RTL: "\x{202C}b"
                    text run at (82,-3) width 17 RTL: "\x{202C}d"
                    text run at (155,-3) width 10: "\x{202C}i"
                    text run at (192,-3) width 17: "\x{202C}k"
                RenderText {#text} at (235,-3) size 26x37
                  text run at (235,-3) width 26: "\x{202C}m"
