layer at (0,0) size 800x600
  RenderView at (0,0) size 800x600
layer at (0,0) size 800x447
  RenderBlock {HTML} at (0,0) size 800x447
    RenderBody {BODY} at (8,16) size 784x19
      RenderBlock {P} at (0,0) size 784x19
        RenderText {#text} at (0,1) size 521x18
          text run at (0,1) width 506: "The following two blocks should be identical, including overflow. (Force bidi: "
          text run at (505,1) width 11 RTL: "\x{5D0}"
          text run at (515,1) width 6: ")"
      RenderBlock {DIV} at (0,35) size 784x0
        RenderBlock (floating) {P} at (16,16) size 180x166 [bgcolor=#FFFFCC] [border: (3px solid #000000)]
          RenderInline {SPAN} at (0,0) size 151x38 [color=#000080] [border: (3px solid #000080) none (3px solid #000080)]
            RenderText {#text} at (30,26) size 132x18
              text run at (30,26) width 132: "aaa bbb ccc  ddd eee"
          RenderBR {BR} at (161,26) size 1x18
          RenderInline {SPAN} at (0,0) size 39x38 [color=#000080] [border: (3px solid #000080) none]
            RenderText {#text} at (11,74) size 20x18
              text run at (11,74) width 20: "fff "
          RenderText {#text} at (49,74) size 74x18
            text run at (49,74) width 74: "ggg hhh iii "
          RenderInline {SPAN} at (0,0) size 34x38 [color=#FFA500] [border: (3px solid #FFA500) none (3px solid #FFA500)]
            RenderText {#text} at (141,74) size 15x18
              text run at (141,74) width 15: "jjj"
          RenderBR {BR} at (155,74) size 1x18
          RenderInline {SPAN} at (0,0) size 158x38 [color=#FFA500] [border: (3px solid #FFA500) none]
            RenderText {#text} at (11,122) size 139x18
              text run at (11,122) width 139: "kkk lll mmm nnn ooo"
          RenderText {#text} at (0,0) size 0x0
        RenderBlock (floating) {P} at (16,214) size 184x166 [bgcolor=#FFFFCC] [border: (3px solid #000000)]
          RenderInline {SPAN} at (0,0) size 151x86 [color=#000080] [border: (3px solid #000080)]
            RenderText {#text} at (30,26) size 132x18
              text run at (30,26) width 26: "aaa "
              text run at (55,26) width 29: "bbb "
              text run at (83,26) width 26: "ccc "
              text run at (108,26) width 25 RTL: "ddd"
              text run at (132,26) width 30 RTL: "\x{202E} eee "
            RenderBR {BR} at (161,26) size 1x18
            RenderText {#text} at (11,74) size 20x18
              text run at (11,74) width 20: "fff "
          RenderText {#text} at (49,74) size 74x18
            text run at (49,74) width 29: "ggg "
            text run at (77,74) width 29: "hhh "
            text run at (105,74) width 18: "iii "
          RenderInline {SPAN} at (0,0) size 162x86 [color=#FFA500] [border: (3px solid #FFA500)]
            RenderText {#text} at (141,74) size 15x18
              text run at (141,74) width 15: "jjj"
            RenderBR {BR} at (155,74) size 1x18
            RenderText {#text} at (11,122) size 143x18
              text run at (11,122) width 28: "kkk "
              text run at (39,122) width 63: "lll \x{202C} mmm "
              text run at (101,122) width 29: "nnn "
              text run at (129,122) width 25: "ooo"
          RenderText {#text} at (0,0) size 0x0
