layer at (0,0) size 800x600
  RenderView at (0,0) size 800x600
layer at (0,0) size 800x600
  RenderBlock {HTML} at (0,0) size 800x600
    RenderBody {BODY} at (8,8) size 784x584
      RenderBlock {DIV} at (30,30) size 126x126 [border: (21px solid #000000) (30px solid #000000) (21px solid #000000)]
      RenderText {#text} at (186,172) size 4x18
        text run at (186,172) width 4: " "
      RenderBlock {DIV} at (220,30) size 126x126 [border: (21px solid #000000) (30px solid #000000) (21px solid #000000)]
      RenderBR {BR} at (376,172) size 0x18
      RenderBlock {DIV} at (30,220) size 126x126 [border: (21px solid #000000) (30px solid #000000) (21px solid #000000)]
      RenderText {#text} at (186,362) size 4x18
        text run at (186,362) width 4: " "
      RenderBlock {DIV} at (220,220) size 126x126 [border: (21px solid #000000) (30px solid #000000) (21px solid #000000)]
      RenderText {#text} at (0,0) size 0x0
