layer at (0,0) size 800x600
  RenderView at (0,0) size 800x600
layer at (0,0) size 800x220
  RenderBlock {HTML} at (0,0) size 800x220
    RenderBody {BODY} at (8,16) size 784x196
      RenderBlock {P} at (0,0) size 784x18
        RenderText {#text} at (0,0) size 339x18
          text run at (0,0) width 339: "Tests border-radius and box-shadow on a split inline."
      RenderBlock {DIV} at (0,34) size 200x162
        RenderInline {SPAN} at (0,0) size 200x149 [border: (2px solid #008000)]
          RenderText {#text} at (2,8) size 198x145
            text run at (2,8) width 147: "I am a span"
            text run at (0,62) width 171: "which is split"
            text run at (0,116) width 198: "over three lines"
        RenderText {#text} at (0,0) size 0x0
