layer at (0,0) size 800x600
  RenderView at (0,0) size 800x600
layer at (0,0) size 800x461
  RenderBlock {HTML} at (0,0) size 800x461
    RenderBody {BODY} at (8,20) size 784x431
layer at (18,20) size 764x431
  RenderBlock {DIV} at (10,0) size 764x431
    RenderTable {TABLE} at (20,0) size 131x53 [border: none]
      RenderTableSection {TBODY} at (0,0) size 130x52
        RenderTableRow {TR} at (0,0) size 130x13
          RenderTableCell {TD} at (0,5) size 13x3 [border: (1px solid #000000)] [r=0 c=0 rs=1 cs=1]
          RenderTableCell {TD} at (13,5) size 13x3 [border: (1px solid #000000)] [r=0 c=1 rs=1 cs=1]
          RenderTableCell {TD} at (26,5) size 13x3 [border: (1px solid #000000)] [r=0 c=2 rs=1 cs=1]
          RenderTableCell {TD} at (39,5) size 13x3 [border: (1px solid #000000)] [r=0 c=3 rs=1 cs=1]
          RenderTableCell {TD} at (52,5) size 13x3 [border: (1px solid #000000)] [r=0 c=4 rs=1 cs=1]
          RenderTableCell {TD} at (65,5) size 13x3 [border: (1px solid #000000)] [r=0 c=5 rs=1 cs=1]
          RenderTableCell {TD} at (78,5) size 13x3 [border: (1px solid #000000)] [r=0 c=6 rs=1 cs=1]
          RenderTableCell {TD} at (91,5) size 13x3 [border: (1px solid #000000)] [r=0 c=7 rs=1 cs=1]
          RenderTableCell {TD} at (104,5) size 13x3 [border: (1px solid #000000)] [r=0 c=8 rs=1 cs=1]
          RenderTableCell {TD} at (117,5) size 13x3 [border: (1px solid #000000)] [r=0 c=9 rs=1 cs=1]
        RenderTableRow {TR} at (0,13) size 130x13
          RenderTableCell {TD} at (0,18) size 13x3 [border: (1px solid #000000)] [r=1 c=0 rs=1 cs=1]
          RenderTableCell {TD} at (13,18) size 13x3 [border: (1px solid #000000)] [r=1 c=1 rs=1 cs=1]
          RenderTableCell {TD} at (26,18) size 13x3 [border: (1px solid #000000)] [r=1 c=2 rs=1 cs=1]
          RenderTableCell {TD} at (39,18) size 13x3 [border: (1px solid #000000)] [r=1 c=3 rs=1 cs=1]
          RenderTableCell {TD} at (52,18) size 13x3 [border: (1px solid #000000)] [r=1 c=4 rs=1 cs=1]
          RenderTableCell {TD} at (65,18) size 13x3 [border: (1px solid #000000)] [r=1 c=5 rs=1 cs=1]
          RenderTableCell {TD} at (78,18) size 13x3 [border: (1px solid #000000)] [r=1 c=6 rs=1 cs=1]
          RenderTableCell {TD} at (91,18) size 13x3 [border: (1px solid #000000)] [r=1 c=7 rs=1 cs=1]
          RenderTableCell {TD} at (104,18) size 13x3 [border: (1px solid #000000)] [r=1 c=8 rs=1 cs=1]
          RenderTableCell {TD} at (117,18) size 13x3 [border: (1px solid #000000)] [r=1 c=9 rs=1 cs=1]
        RenderTableRow {TR} at (0,26) size 130x13
          RenderTableCell {TD} at (0,31) size 13x3 [border: (1px solid #000000)] [r=2 c=0 rs=1 cs=1]
          RenderTableCell {TD} at (13,31) size 13x3 [border: (1px solid #000000)] [r=2 c=1 rs=1 cs=1]
          RenderTableCell {TD} at (26,31) size 13x3 [border: (1px solid #000000)] [r=2 c=2 rs=1 cs=1]
          RenderTableCell {TD} at (39,31) size 13x3 [border: (1px solid #000000)] [r=2 c=3 rs=1 cs=1]
          RenderTableCell {TD} at (52,31) size 13x3 [border: (1px solid #000000)] [r=2 c=4 rs=1 cs=1]
          RenderTableCell {TD} at (65,31) size 13x3 [border: (1px solid #000000)] [r=2 c=5 rs=1 cs=1]
          RenderTableCell {TD} at (78,31) size 13x3 [border: (1px solid #000000)] [r=2 c=6 rs=1 cs=1]
          RenderTableCell {TD} at (91,31) size 13x3 [border: (1px solid #000000)] [r=2 c=7 rs=1 cs=1]
          RenderTableCell {TD} at (104,31) size 13x3 [border: (1px solid #000000)] [r=2 c=8 rs=1 cs=1]
          RenderTableCell {TD} at (117,31) size 13x3 [border: (1px solid #000000)] [r=2 c=9 rs=1 cs=1]
        RenderTableRow {TR} at (0,39) size 130x13
          RenderTableCell {TD} at (0,44) size 13x3 [border: (1px solid #000000)] [r=3 c=0 rs=1 cs=1]
          RenderTableCell {TD} at (13,44) size 13x3 [border: (1px solid #000000)] [r=3 c=1 rs=1 cs=1]
          RenderTableCell {TD} at (26,44) size 13x3 [border: (1px solid #000000)] [r=3 c=2 rs=1 cs=1]
          RenderTableCell {TD} at (39,44) size 13x3 [border: (1px solid #000000)] [r=3 c=3 rs=1 cs=1]
          RenderTableCell {TD} at (52,44) size 13x3 [border: (1px solid #000000)] [r=3 c=4 rs=1 cs=1]
          RenderTableCell {TD} at (65,44) size 13x3 [border: (1px solid #000000)] [r=3 c=5 rs=1 cs=1]
          RenderTableCell {TD} at (78,44) size 13x3 [border: (1px solid #000000)] [r=3 c=6 rs=1 cs=1]
          RenderTableCell {TD} at (91,44) size 13x3 [border: (1px solid #000000)] [r=3 c=7 rs=1 cs=1]
          RenderTableCell {TD} at (104,44) size 13x3 [border: (1px solid #000000)] [r=3 c=8 rs=1 cs=1]
          RenderTableCell {TD} at (117,44) size 13x3 [border: (1px solid #000000)] [r=3 c=9 rs=1 cs=1]
    RenderTable {TABLE} at (20,73) size 162x66
      RenderTableSection {TBODY} at (0,0) size 162x66
        RenderTableRow {TR} at (0,2) size 162x14
          RenderTableCell {TD} at (2,7) size 14x4 [border: (1px solid #000000)] [r=0 c=0 rs=1 cs=1]
          RenderTableCell {TD} at (18,7) size 14x4 [border: (1px solid #000000)] [r=0 c=1 rs=1 cs=1]
          RenderTableCell {TD} at (34,7) size 14x4 [border: (1px solid #000000)] [r=0 c=2 rs=1 cs=1]
          RenderTableCell {TD} at (50,7) size 14x4 [border: (1px solid #000000)] [r=0 c=3 rs=1 cs=1]
          RenderTableCell {TD} at (66,7) size 14x4 [border: (1px solid #000000)] [r=0 c=4 rs=1 cs=1]
          RenderTableCell {TD} at (82,7) size 14x4 [border: (1px solid #000000)] [r=0 c=5 rs=1 cs=1]
          RenderTableCell {TD} at (98,7) size 14x4 [border: (1px solid #000000)] [r=0 c=6 rs=1 cs=1]
          RenderTableCell {TD} at (114,7) size 14x4 [border: (1px solid #000000)] [r=0 c=7 rs=1 cs=1]
          RenderTableCell {TD} at (130,7) size 14x4 [border: (1px solid #000000)] [r=0 c=8 rs=1 cs=1]
          RenderTableCell {TD} at (146,7) size 14x4 [border: (1px solid #000000)] [r=0 c=9 rs=1 cs=1]
        RenderTableRow {TR} at (0,18) size 162x14
          RenderTableCell {TD} at (2,23) size 14x4 [border: (1px solid #000000)] [r=1 c=0 rs=1 cs=1]
          RenderTableCell {TD} at (18,23) size 14x4 [border: (1px solid #000000)] [r=1 c=1 rs=1 cs=1]
          RenderTableCell {TD} at (34,23) size 14x4 [border: (1px solid #000000)] [r=1 c=2 rs=1 cs=1]
          RenderTableCell {TD} at (50,23) size 14x4 [border: (1px solid #000000)] [r=1 c=3 rs=1 cs=1]
          RenderTableCell {TD} at (66,23) size 14x4 [border: (1px solid #000000)] [r=1 c=4 rs=1 cs=1]
          RenderTableCell {TD} at (82,23) size 14x4 [border: (1px solid #000000)] [r=1 c=5 rs=1 cs=1]
          RenderTableCell {TD} at (98,23) size 14x4 [border: (1px solid #000000)] [r=1 c=6 rs=1 cs=1]
          RenderTableCell {TD} at (114,23) size 14x4 [border: (1px solid #000000)] [r=1 c=7 rs=1 cs=1]
          RenderTableCell {TD} at (130,23) size 14x4 [border: (1px solid #000000)] [r=1 c=8 rs=1 cs=1]
          RenderTableCell {TD} at (146,23) size 14x4 [border: (1px solid #000000)] [r=1 c=9 rs=1 cs=1]
        RenderTableRow {TR} at (0,34) size 162x14
          RenderTableCell {TD} at (2,39) size 14x4 [border: (1px solid #000000)] [r=2 c=0 rs=1 cs=1]
          RenderTableCell {TD} at (18,39) size 14x4 [border: (1px solid #000000)] [r=2 c=1 rs=1 cs=1]
          RenderTableCell {TD} at (34,39) size 14x4 [border: (1px solid #000000)] [r=2 c=2 rs=1 cs=1]
          RenderTableCell {TD} at (50,39) size 14x4 [border: (1px solid #000000)] [r=2 c=3 rs=1 cs=1]
          RenderTableCell {TD} at (66,39) size 14x4 [border: (1px solid #000000)] [r=2 c=4 rs=1 cs=1]
          RenderTableCell {TD} at (82,39) size 14x4 [border: (1px solid #000000)] [r=2 c=5 rs=1 cs=1]
          RenderTableCell {TD} at (98,39) size 14x4 [border: (1px solid #000000)] [r=2 c=6 rs=1 cs=1]
          RenderTableCell {TD} at (114,39) size 14x4 [border: (1px solid #000000)] [r=2 c=7 rs=1 cs=1]
          RenderTableCell {TD} at (130,39) size 14x4 [border: (1px solid #000000)] [r=2 c=8 rs=1 cs=1]
          RenderTableCell {TD} at (146,39) size 14x4 [border: (1px solid #000000)] [r=2 c=9 rs=1 cs=1]
        RenderTableRow {TR} at (0,50) size 162x14
          RenderTableCell {TD} at (2,55) size 14x4 [border: (1px solid #000000)] [r=3 c=0 rs=1 cs=1]
          RenderTableCell {TD} at (18,55) size 14x4 [border: (1px solid #000000)] [r=3 c=1 rs=1 cs=1]
          RenderTableCell {TD} at (34,55) size 14x4 [border: (1px solid #000000)] [r=3 c=2 rs=1 cs=1]
          RenderTableCell {TD} at (50,55) size 14x4 [border: (1px solid #000000)] [r=3 c=3 rs=1 cs=1]
          RenderTableCell {TD} at (66,55) size 14x4 [border: (1px solid #000000)] [r=3 c=4 rs=1 cs=1]
          RenderTableCell {TD} at (82,55) size 14x4 [border: (1px solid #000000)] [r=3 c=5 rs=1 cs=1]
          RenderTableCell {TD} at (98,55) size 14x4 [border: (1px solid #000000)] [r=3 c=6 rs=1 cs=1]
          RenderTableCell {TD} at (114,55) size 14x4 [border: (1px solid #000000)] [r=3 c=7 rs=1 cs=1]
          RenderTableCell {TD} at (130,55) size 14x4 [border: (1px solid #000000)] [r=3 c=8 rs=1 cs=1]
          RenderTableCell {TD} at (146,55) size 14x4 [border: (1px solid #000000)] [r=3 c=9 rs=1 cs=1]
    RenderBlock {DIV} at (10,269) size 744x162
      RenderInline {SPAN} at (0,0) size 80x40
        RenderText {#text} at (6,0) size 74x18
          text run at (6,0) width 74: "I am a span"
        RenderBR {BR} at (79,0) size 1x18
        RenderText {#text} at (0,18) size 29x18
          text run at (0,18) width 29: "I am"
      RenderText {#text} at (34,18) size 5x18
        text run at (34,18) width 5: " "
      RenderInline {SPAN} at (0,0) size 76x40
        RenderText {#text} at (44,18) size 30x18
          text run at (44,18) width 30: "I am"
        RenderBR {BR} at (73,18) size 1x18
        RenderText {#text} at (0,36) size 74x18
          text run at (0,36) width 74: "a span I am"
      RenderText {#text} at (79,36) size 5x18
        text run at (79,36) width 5: " "
      RenderInline {SPAN} at (0,0) size 163x40
        RenderText {#text} at (89,36) size 74x18
          text run at (89,36) width 74: "I am a span"
        RenderBR {BR} at (162,36) size 1x18
        RenderText {#text} at (0,54) size 29x18
          text run at (0,54) width 29: "I am"
      RenderText {#text} at (34,54) size 5x18
        text run at (34,54) width 5: " "
      RenderInline {SPAN} at (0,0) size 76x40
        RenderText {#text} at (44,54) size 30x18
          text run at (44,54) width 30: "I am"
        RenderBR {BR} at (73,54) size 1x18
        RenderText {#text} at (0,72) size 74x18
          text run at (0,72) width 74: "a span I am"
      RenderText {#text} at (79,72) size 5x18
        text run at (79,72) width 5: " "
      RenderInline {SPAN} at (0,0) size 163x40
        RenderText {#text} at (89,72) size 74x18
          text run at (89,72) width 74: "I am a span"
        RenderBR {BR} at (162,72) size 1x18
        RenderText {#text} at (0,90) size 29x18
          text run at (0,90) width 29: "I am"
      RenderText {#text} at (34,90) size 5x18
        text run at (34,90) width 5: " "
      RenderInline {SPAN} at (0,0) size 76x40
        RenderText {#text} at (44,90) size 30x18
          text run at (44,90) width 30: "I am"
        RenderBR {BR} at (73,90) size 1x18
        RenderText {#text} at (0,108) size 74x18
          text run at (0,108) width 74: "a span I am"
      RenderText {#text} at (79,108) size 5x18
        text run at (79,108) width 5: " "
      RenderInline {SPAN} at (0,0) size 163x40
        RenderText {#text} at (89,108) size 74x18
          text run at (89,108) width 74: "I am a span"
        RenderBR {BR} at (162,108) size 1x18
        RenderText {#text} at (0,126) size 29x18
          text run at (0,126) width 29: "I am"
      RenderText {#text} at (34,126) size 5x18
        text run at (34,126) width 5: " "
      RenderInline {SPAN} at (0,0) size 76x40
        RenderText {#text} at (44,126) size 30x18
          text run at (44,126) width 30: "I am"
        RenderBR {BR} at (73,126) size 1x18
        RenderText {#text} at (0,144) size 74x18
          text run at (0,144) width 74: "a span I am"
      RenderText {#text} at (0,0) size 0x0
layer at (28,179) size 600x100
  RenderBlock {DIV} at (10,159) size 600x100
    RenderMultiColumnSet at (0,0) size 600x100
layer at (28,179) size 11x1190 backgroundClip at (0,0) size 800x600 clip at (0,0) size 800x600
  RenderMultiColumnFlowThread at (0,0) size 11x1190
    RenderText {#text} at (0,0) size 8x1190
      text run at (0,0) width 8: "_"
      text run at (0,18) width 8: "_"
      text run at (0,36) width 8: "_"
      text run at (0,54) width 8: "_"
      text run at (0,72) width 8: "_"
      text run at (0,100) width 8: "_"
      text run at (0,118) width 8: "_"
      text run at (0,136) width 8: "_"
      text run at (0,154) width 8: "_"
      text run at (0,172) width 8: "_"
      text run at (0,200) width 8: "_"
      text run at (0,218) width 8: "_"
      text run at (0,236) width 8: "_"
      text run at (0,254) width 8: "_"
      text run at (0,272) width 8: "_"
      text run at (0,300) width 8: "_"
      text run at (0,318) width 8: "_"
      text run at (0,336) width 8: "_"
      text run at (0,354) width 8: "_"
      text run at (0,372) width 8: "_"
      text run at (0,400) width 8: "_"
      text run at (0,418) width 8: "_"
      text run at (0,436) width 8: "_"
      text run at (0,454) width 8: "_"
      text run at (0,472) width 8: "_"
      text run at (0,500) width 8: "_"
      text run at (0,518) width 8: "_"
      text run at (0,536) width 8: "_"
      text run at (0,554) width 8: "_"
      text run at (0,572) width 8: "_"
      text run at (0,600) width 8: "_"
      text run at (0,618) width 8: "_"
      text run at (0,636) width 8: "_"
      text run at (0,654) width 8: "_"
      text run at (0,672) width 8: "_"
      text run at (0,700) width 8: "_"
      text run at (0,718) width 8: "_"
      text run at (0,736) width 8: "_"
      text run at (0,754) width 8: "_"
      text run at (0,772) width 8: "_"
      text run at (0,800) width 8: "_"
      text run at (0,818) width 8: "_"
      text run at (0,836) width 8: "_"
      text run at (0,854) width 8: "_"
      text run at (0,872) width 8: "_"
      text run at (0,900) width 8: "_"
      text run at (0,918) width 8: "_"
      text run at (0,936) width 8: "_"
      text run at (0,954) width 8: "_"
      text run at (0,972) width 8: "_"
      text run at (0,1000) width 8: "_"
      text run at (0,1018) width 8: "_"
      text run at (0,1036) width 8: "_"
      text run at (0,1054) width 8: "_"
      text run at (0,1072) width 8: "_"
      text run at (0,1100) width 8: "_"
      text run at (0,1118) width 8: "_"
      text run at (0,1136) width 8: "_"
      text run at (0,1154) width 8: "_"
      text run at (0,1172) width 8: "_"
