layer at (0,0) size 800x600
  RenderView at (0,0) size 800x600
layer at (0,0) size 800x600
  RenderBlock {HTML} at (0,0) size 800x600
    RenderBody {BODY} at (8,8) size 784x584
      RenderBlock {DIV} at (0,0) size 202x202 [border: (1px solid #FF0000)]
        RenderText {#text} at (1,1) size 4x18
          text run at (1,1) width 4: " "
