layer at (0,0) size 785x680
  RenderView at (0,0) size 785x600
layer at (0,0) size 785x680
  RenderBlock {HTML} at (0,0) size 785x681
    RenderBody {BODY} at (8,16) size 769x657
      RenderBlock {P} at (0,0) size 769x36
        RenderText {#text} at (0,0) size 761x36
          text run at (0,0) width 761: "There should be a SPAN in the middle of all four paragraphs that has padding, a green border, and a margin on the left,"
          text run at (0,18) width 368: "and padding, an orange border, and a margin on the right."
      RenderBlock {H1} at (0,52) size 769x18
        RenderText {#text} at (0,0) size 91x18
          text run at (0,0) width 91: "Left-to-Right"
      RenderBlock {DIV} at (0,80) size 769x253 [border: (1px solid #000000)]
        RenderBlock {P} at (6,22) size 757x32
          RenderText {#text} at (0,7) size 128x18
            text run at (0,7) width 128: "Lorem ipsum dolor "
          RenderInline {SPAN} at (0,0) size 191x20 [border: (1px solid #0000FF) (10px solid #FFA500) (1px solid #0000FF) (10px solid #008000)]
            RenderText {#text} at (172,7) size 136x18
              text run at (172,7) width 136: "sit amet, consectetur "
          RenderText {#text} at (352,7) size 342x18
            text run at (352,7) width 342: "adipisicing elit, sed do eiusmod tempor incididunt ut."
        RenderBlock {P} at (6,70) size 757x160
          RenderText {#text} at (0,7) size 751x50
            text run at (0,7) width 604: "Lorem ipsum dolor sit amet, consectetur adipisicing elit, sed do eiusmod tempor incididunt ut "
            text run at (603,7) width 148: "labore et dolore magna"
            text run at (0,39) width 441: "aliqua. Ut enim ad minim veniam, quis nostrud exercitation ullamco "
          RenderInline {SPAN} at (0,0) size 741x116 [border: (1px solid #0000FF) (10px solid #FFA500) (1px solid #0000FF) (10px solid #008000)]
            RenderText {#text} at (440,39) size 741x114
              text run at (440,39) width 242: "laboris nisi ut aliquip ex ea commodo"
              text run at (0,71) width 331: "consequat. Duis aute irure dolor in reprehenderit in "
              text run at (331,71) width 366: "voluptate velit esse cillum dolore eu fugiat nulla pariatur."
              text run at (0,103) width 218: "Excepteur sint occaecat cupidatat "
              text run at (217,103) width 524: "non proident, sunt in culpa qui officia deserunt mollit anim id est laborum. Lorem"
              text run at (45,135) width 81: "ipsum dolor "
          RenderText {#text} at (125,135) size 578x18
            text run at (125,135) width 578: "sit amet, consectetur adipisicing elit, sed do eiusmod tempor incididunt ut labore et dolore"
      RenderBlock {H1} at (0,343) size 769x19
        RenderText {#text} at (0,0) size 91x18
          text run at (0,0) width 91: "Right-to-Left"
      RenderBlock {DIV} at (0,372) size 769x285 [border: (1px solid #000000)]
        RenderBlock {P} at (6,22) size 757x32
          RenderText {#text} at (67,7) size 129x18
            text run at (67,7) width 129: "Lorem ipsum dolor "
          RenderInline {SPAN} at (0,0) size 191x20 [border: (1px solid #0000FF) (10px solid #FFA500) (1px solid #0000FF) (10px solid #008000)]
            RenderText {#text} at (240,7) size 136x18
              text run at (240,7) width 136: "sit amet, consectetur "
          RenderText {#text} at (63,7) size 694x18
            text run at (63,7) width 5 RTL: "."
            text run at (420,7) width 337: "adipisicing elit, sed do eiusmod tempor incididunt ut"
        RenderBlock {P} at (6,70) size 757x192
          RenderText {#text} at (6,7) size 751x50
            text run at (6,7) width 604: "Lorem ipsum dolor sit amet, consectetur adipisicing elit, sed do eiusmod tempor incididunt ut "
            text run at (609,7) width 148: "labore et dolore magna"
            text run at (30,39) width 442: "aliqua. Ut enim ad minim veniam, quis nostrud exercitation ullamco "
          RenderInline {SPAN} at (0,0) size 749x116 [border: (1px solid #0000FF) (10px solid #FFA500) (1px solid #0000FF) (10px solid #008000)]
            RenderText {#text} at (516,39) size 749x114
              text run at (516,39) width 241: "laboris nisi ut aliquip ex ea commodo"
              text run at (60,71) width 332: "consequat. Duis aute irure dolor in reprehenderit in "
              text run at (391,71) width 366: "voluptate velit esse cillum dolore eu fugiat nulla pariatur."
              text run at (16,103) width 218: "Excepteur sint occaecat cupidatat "
              text run at (233,103) width 524: "non proident, sunt in culpa qui officia deserunt mollit anim id est laborum. Lorem"
              text run at (8,135) width 82: "ipsum dolor "
          RenderText {#text} at (134,135) size 623x50
            text run at (134,135) width 581: "sit amet, consectetur adipisicing elit, sed do eiusmod tempor incididunt ut labore et dolore "
            text run at (714,135) width 43: "magna"
            text run at (176,167) width 5 RTL: "."
            text run at (180,167) width 577: "aliqua. Ut enim ad minim veniam, quis nostrud exercitation ullamco laboris nisi ut aliquip"
