layer at (0,0) size 800x600
  RenderView at (0,0) size 800x600
layer at (0,0) size 800x564
  RenderBlock {HTML} at (0,0) size 800x564
    RenderBody {BODY} at (8,16) size 784x540
      RenderBlock {P} at (0,0) size 784x18
        RenderText {#text} at (0,0) size 746x18
          text run at (0,0) width 746: "Test that when we have images sprinkled within a span, borders, paddings and margins are still calculated correctly ."
      RenderBlock {DIV} at (0,34) size 212x253 [border: (1px solid #000000)]
        RenderBlock {P} at (6,22) size 200x161
          RenderText {#text} at (0,7) size 183x50
            text run at (0,7) width 152: "aaa bbb ccc ddd eee fff "
            text run at (151,7) width 32 RTL: "\x{5DC}\x{5DE}\x{5D4}"
            text run at (0,39) width 74 RTL: "\x{5E2}\x{5E9}\x{5D9}\x{5EA}\x{5D9} \x{5D6}\x{5D0}\x{5EA}"
            text run at (73,39) width 5: " "
            text run at (77,39) width 17: "gg"
          RenderInline {SPAN} at (0,0) size 179x53 [border: (1px solid #0000FF) (10px solid #FFA500) (1px solid #0000FF) (10px solid #008000)]
            RenderText {#text} at (138,39) size 41x18
              text run at (138,39) width 41: " dgnjk"
            RenderImage {IMG} at (0,64) size 22x22 [border: (1px solid #0000FF)]
            RenderText {#text} at (22,72) size 41x18
              text run at (22,72) width 41: "njkng "
          RenderText {#text} at (107,72) size 187x82
            text run at (107,72) width 71 RTL: "\x{5D6}\x{5D0}\x{5EA} \x{2013} \x{5D0}\x{5D9}\x{5E0}\x{5D9}"
            text run at (0,104) width 71 RTL: "\x{5D9}\x{5D5}\x{5D3}\x{5E2} \x{5D1}\x{5E2}\x{5E6}\x{5DE}"
            text run at (70,104) width 117: " qqq rrr sss ttt uuu"
            text run at (0,136) width 24: "vvv"
        RenderBlock {P} at (6,199) size 200x32
          RenderInline {SPAN} at (0,0) size 162x20 [border: (1px solid #0000FF) (10px solid #FFA500) (1px solid #0000FF) (10px solid #008000)]
            RenderText {#text} at (45,7) size 87x18
              text run at (45,7) width 87: "Some fill text"
            RenderImage {IMG} at (131,1) size 21x20
      RenderBlock {DIV} at (0,287) size 212x253 [border: (1px solid #000000)]
        RenderBlock {P} at (6,22) size 200x161
          RenderText {#text} at (17,7) size 183x50
            text run at (17,7) width 36 RTL: " \x{5DC}\x{5DE}\x{5D4}"
            text run at (52,7) width 148: "aaa bbb ccc ddd eee fff"
            text run at (21,39) width 17: "gg"
            text run at (122,39) width 78 RTL: "\x{5E2}\x{5E9}\x{5D9}\x{5EA}\x{5D9} \x{5D6}\x{5D0}\x{5EA} "
          RenderInline {SPAN} at (0,0) size 163x53 [border: (1px solid #0000FF) (10px solid #FFA500) (1px solid #0000FF) (10px solid #008000)]
            RenderText {#text} at (37,39) size 41x18
              text run at (37,39) width 41: " dgnjk"
            RenderImage {IMG} at (141,64) size 23x22 [border: (1px solid #0000FF)]
            RenderText {#text} at (137,72) size 63x18
              text run at (137,72) width 5 RTL: " "
              text run at (163,72) width 37: "njkng"
          RenderText {#text} at (22,72) size 187x82
            text run at (22,72) width 71 RTL: "\x{5D6}\x{5D0}\x{5EA} \x{2013} \x{5D0}\x{5D9}\x{5E0}\x{5D9}"
            text run at (13,104) width 113: "qqq rrr sss ttt uuu"
            text run at (125,104) width 75 RTL: "\x{5D9}\x{5D5}\x{5D3}\x{5E2} \x{5D1}\x{5E2}\x{5E6}\x{5DE} "
            text run at (176,136) width 24: "vvv"
        RenderBlock {P} at (6,199) size 200x32
          RenderInline {SPAN} at (0,0) size 162x20 [border: (1px solid #0000FF) (10px solid #FFA500) (1px solid #0000FF) (10px solid #008000)]
            RenderText {#text} at (68,7) size 87x18
              text run at (68,7) width 87: "Some fill text"
            RenderImage {IMG} at (48,1) size 21x20
