layer at (0,0) size 800x600
  RenderView at (0,0) size 800x600
layer at (0,0) size 800x396
  RenderBlock {HTML} at (0,0) size 800x396
    RenderBody {BODY} at (8,8) size 784x380
      RenderBlock {DIV} at (0,0) size 784x380 [border: (1px solid #000000)]
        RenderBlock {P} at (6,22) size 772x128
          RenderText {#text} at (207,7) size 565x18
            text run at (207,7) width 98 RTL: "\x{5D1}\x{5D7}\x{5D5}\x{5E5} \x{5D4}\x{5D9}\x{5D4} \x{5E7}\x{5D5}\x{5E8} "
            text run at (304,7) width 229 RTL: "\x{5DE}\x{5D4}\x{5DC}\x{5DA} \x{5D4}\x{5D9}\x{5D9}\x{5EA}\x{5D9} \x{5D1}\x{5E9}\x{5E2}\x{5EA} \x{5E2}\x{5E8}\x{5D1}\x{5D9}\x{5EA} \x{5D1}\x{5E8}\x{5D7}\x{5D5}\x{5D1}. "
            text run at (532,7) width 240 RTL: "\x{5DC}\x{5DE}\x{5D4} \x{5E2}\x{5E9}\x{5D9}\x{5EA}\x{5D9} \x{5D6}\x{5D0}\x{5EA} \x{2013} \x{5D0}\x{5D9}\x{5E0}\x{5D9} \x{5D9}\x{5D5}\x{5D3}\x{5E2} \x{5D1}\x{5E2}\x{5E6}\x{5DE}\x{5D9}. "
          RenderInline {SPAN} at (0,0) size 769x84 [border: (1px solid #0000FF) (10px solid #FFA500) (1px solid #0000FF) (10px solid #008000)]
            RenderText {#text} at (3,7) size 769x82
              text run at (3,7) width 160 RTL: "\x{5D5}\x{5D8}\x{5D7}\x{5D1}, \x{5D2}\x{5E9}\x{5DD} \x{5E9}\x{5DC} \x{5D1}\x{5E6}\x{5D9}\x{5E8} \x{5D3}\x{5E7},"
              text run at (18,39) width 754 RTL: "\x{5E7}\x{5E8}, \x{5E2}\x{5D2}\x{5D5}\x{5DD} \x{5D5}\x{5DE}\x{5DE}\x{5D5}\x{5E9}\x{5DA} \x{5D4}\x{5E1}\x{5EA}\x{5E0}\x{5DF} \x{5D1}\x{5DC}\x{5D9} \x{5D4}\x{5E4}\x{5E1}\x{5E7} \x{5DE}\x{5DC}\x{5DE}\x{5E2}\x{5DC}\x{5D4}, \x{5DB}\x{5DE}\x{5D5} \x{5DE}\x{5EA}\x{5D5}\x{5DA} \x{5E0}\x{5E4}\x{5D4} \x{5D3}\x{5E7}\x{5D4}, \x{5D5}\x{5DE}\x{5DC}\x{5DE}\x{5D8}\x{5D4} \x{5D4}\x{5EA}\x{5D1}\x{5D5}\x{5E1}\x{5E1} \x{5E8}\x{5E4}\x{5E9} \x{5D3}\x{5E7} \x{5DC}\x{5DB}\x{5DC} \x{5DE}\x{5D3}\x{5E8}\x{5DA} \x{5DB}\x{5E3} \x{5E8}\x{5D2}\x{5DC}..."
              text run at (480,71) width 292 RTL: "\x{5DC}\x{5E9}\x{5D4}\x{5D5}\x{5EA} \x{5D9}\x{5D5}\x{5EA}\x{5E8} \x{5D1}\x{5D7}\x{5D5}\x{5E5} \x{5DC}\x{5D0} \x{5D4}\x{5D9}\x{5D4} \x{5E0}\x{5E2}\x{5D9}\x{5DD} \x{5DB}\x{5DC}\x{5DC}, \x{5D5}\x{5D1}\x{5D1}\x{5D9}\x{5EA} "
          RenderText {#text} at (37,71) size 735x50
            text run at (37,71) width 399 RTL: "\x{5D4}\x{5D9}\x{5D5} \x{5E6}\x{5E4}\x{5D5}\x{5D9}\x{5D9}\x{5DD} \x{5DC}\x{5D9} \x{5D0}\x{5E8}\x{5D1}\x{5E2}\x{5EA} \x{5DB}\x{5EA}\x{5DC}\x{5D9} \x{5D7}\x{5D3}\x{5E8}\x{5D9} \x{5D4}\x{5E7}\x{5D5}\x{5D3}\x{5E8}\x{5D9}\x{5DD} \x{5D5}\x{5D4}\x{5D0}\x{5DC}\x{5DE}\x{5D9}\x{5DD} \x{5D9}\x{5D7}\x{5D3} \x{5E2}\x{5DD}"
            text run at (627,103) width 145 RTL: "\x{5D1}\x{5D3}\x{5D9}\x{5D3}\x{5D5}\x{5EA} \x{5DB}\x{5D1}\x{5D3}\x{5D4} \x{5D5}\x{5DE}\x{5E2}\x{5D9}\x{5E7}\x{5D4}"
        RenderBlock {P} at (6,166) size 772x192
          RenderText {#text} at (21,7) size 751x50
            text run at (21,7) width 604: "Lorem ipsum dolor sit amet, consectetur adipisicing elit, sed do eiusmod tempor incididunt ut "
            text run at (624,7) width 148: "labore et dolore magna"
            text run at (45,39) width 442: "aliqua. Ut enim ad minim veniam, quis nostrud exercitation ullamco "
          RenderInline {SPAN} at (0,0) size 773x84 [border: (1px solid #0000FF) (10px solid #FFA500) (1px solid #0000FF) (10px solid #008000)]
            RenderText {#text} at (486,39) size 766x82
              text run at (486,39) width 241: "laboris nisi ut aliquip ex ea commodo"
              text run at (6,71) width 332: "consequat. Duis aute irure dolor in reprehenderit in "
              text run at (337,71) width 435: "voluptate velit esse cillum dolore eu fugiat nulla pariatur. Excepteur"
              text run at (19,103) width 150: "sint occaecat cupidatat "
              text run at (168,103) width 604: "non proident, sunt in culpa qui officia deserunt mollit anim id est laborum. Lorem ipsum dolor"
          RenderText {#text} at (26,135) size 746x50
            text run at (26,135) width 582: "sit amet, consectetur adipisicing elit, sed do eiusmod tempor incididunt ut labore et dolore "
            text run at (607,135) width 165: "magna aliqua. Ut enim ad"
            text run at (313,167) width 5 RTL: "."
            text run at (317,167) width 455: "minim veniam, quis nostrud exercitation ullamco laboris nisi ut aliquip"
