layer at (0,0) size 800x600
  RenderView at (0,0) size 800x600
layer at (0,0) size 800x600
  RenderBlock {HTML} at (0,0) size 800x600
    RenderBody {BODY} at (0,0) size 800x600
      RenderBlock {DETAILS} at (0,0) size 800x40
        RenderBlock {SUMMARY} at (0,0) size 800x20
          RenderDetailsMarker {DIV} at (0,4) size 11x11: down
          RenderText {#text} at (16,0) size 38x19
            text run at (16,0) width 38: "new 2"
        RenderBlock {SUMMARY} at (0,20) size 800x20
          RenderText {#text} at (0,0) size 37x19
            text run at (0,0) width 37: "new 1"
caret: position 0 of child 0 {DIV} of {#document-fragment} of child 0 {SUMMARY} of child 1 {DETAILS} of body
