layer at (0,0) size 800x600
  RenderView at (0,0) size 800x600
layer at (0,0) size 800x600
  RenderBlock {HTML} at (0,0) size 800x600
    RenderBody {BODY} at (8,8) size 784x584
      RenderBlock {DETAILS} at (0,0) size 784x20
        RenderBlock {SUMMARY} at (0,0) size 784x20
          RenderDetailsMarker {DIV} at (0,4) size 11x11: down
          RenderText {#text} at (16,0) size 59x19
            text run at (16,0) width 59: "summary "
          RenderInline {SPAN} at (0,0) size 141x19
            RenderInline {B} at (0,0) size 141x19
              RenderText {#text} at (74,0) size 141x19
                text run at (74,0) width 141: "should have bold test"
