layer at (0,0) size 800x600
  RenderView at (0,0) size 800x600
layer at (0,0) size 800x600
  RenderBlock {HTML} at (0,0) size 800x600
    RenderBody {BODY} at (8,8) size 784x584
      RenderBlock {DETAILS} at (0,0) size 784x40
        RenderBlock {SUMMARY} at (0,0) size 784x20
          RenderDetailsMarker {DIV} at (0,4) size 11x11: down
          RenderText {#text} at (16,0) size 62x19
            text run at (16,0) width 62: "Summary"
        RenderBlock (anonymous) at (0,20) size 784x20
          RenderBlock {SPAN} at (0,3) size 64x16
            RenderText {#text} at (0,0) size 64x16
              text run at (0,0) width 64: "Details1"
          RenderText {#text} at (64,0) size 4x19
            text run at (64,0) width 4: " "
          RenderText {#text} at (0,0) size 0x0
          RenderBlock {SPAN} at (68,3) size 64x16
            RenderText {#text} at (0,0) size 64x16
              text run at (0,0) width 64: "Details2"
          RenderText {#text} at (0,0) size 0x0
      RenderBlock (anonymous) at (0,40) size 784x25
        RenderButton {INPUT} at (0,0) size 43x25 [color=#000000CC] [bgcolor=#C0C0C0] [border: (2px outset #C0C0C0)]
          RenderBlock (anonymous) at (8,4) size 27x16
            RenderText at (0,0) size 27x16
              text run at (0,0) width 27: "click"
        RenderText {#text} at (0,0) size 0x0
