layer at (0,0) size 785x1508
  RenderView at (0,0) size 785x600
layer at (0,0) size 785x1508
  RenderBlock {HTML} at (0,0) size 785x1508
    RenderBody {BODY} at (8,8) size 769x1492
      RenderTable {TABLE} at (0,0) size 612x358 [border: (1px outset #808080)]
        RenderTableSection {TBODY} at (1,1) size 610x356
          RenderTableRow {TR} at (0,2) size 610x32
            RenderTableCell {TH} at (2,2) size 606x32 [border: (1px inset #808080)] [r=0 c=0 rs=1 cs=6]
              RenderText {#text} at (227,6) size 152x19
                text run at (227,6) width 152: "text-align not specified"
          RenderTableRow {TR} at (0,36) size 610x32
            RenderTableCell {TH} at (2,53) size 102x32 [border: (1px inset #808080)] [r=1 c=0 rs=2 cs=2]
              RenderText {#text} at (49,6) size 4x19
                text run at (49,6) width 4: " "
            RenderTableCell {TH} at (106,36) size 502x32 [border: (1px inset #808080)] [r=1 c=2 rs=1 cs=4]
              RenderText {#text} at (177,6) size 148x19
                text run at (177,6) width 148: "-webkit-writing-mode"
          RenderTableRow {TR} at (0,70) size 610x32
            RenderTableCell {TH} at (106,70) size 124x32 [border: (1px inset #808080)] [r=2 c=2 rs=1 cs=1]
              RenderText {#text} at (18,6) size 88x19
                text run at (18,6) width 88: "horizontal-tb"
            RenderTableCell {TH} at (232,70) size 124x32 [border: (1px inset #808080)] [r=2 c=3 rs=1 cs=1]
              RenderText {#text} at (18,6) size 88x19
                text run at (18,6) width 88: "horizontal-bt"
            RenderTableCell {TH} at (358,70) size 124x32 [border: (1px inset #808080)] [r=2 c=4 rs=1 cs=1]
              RenderText {#text} at (29,6) size 66x19
                text run at (29,6) width 66: "vertical-lr"
            RenderTableCell {TH} at (484,70) size 124x32 [border: (1px inset #808080)] [r=2 c=5 rs=1 cs=1]
              RenderText {#text} at (29,6) size 66x19
                text run at (29,6) width 66: "vertical-rl"
          RenderTableRow {TR} at (0,104) size 610x124
            RenderTableCell {TH} at (2,213) size 72x32 [border: (1px inset #808080)] [r=3 c=0 rs=4 cs=1]
              RenderText {#text} at (6,6) size 60x19
                text run at (6,6) width 60: "direction"
            RenderTableCell {TH} at (76,150) size 28x32 [border: (1px inset #808080)] [r=3 c=1 rs=1 cs=1]
              RenderText {#text} at (6,6) size 16x19
                text run at (6,6) width 16: "ltr"
            RenderTableCell {TD} at (106,104) size 124x124 [border: (1px solid #000000)] [r=3 c=2 rs=1 cs=1]
              RenderBlock {DIV} at (2,2) size 120x120
                RenderBlock {DETAILS} at (0,0) size 120x20
                  RenderBlock {SUMMARY} at (0,0) size 120x20
                    RenderDetailsMarker {DIV} at (0,4) size 11x11: right
                    RenderText {#text} at (16,0) size 59x19
                      text run at (16,0) width 59: "summary"
                RenderBlock {DETAILS} at (0,20) size 120x20
                  RenderBlock {SUMMARY} at (0,0) size 120x20
                    RenderDetailsMarker {DIV} at (0,4) size 11x11: down
                    RenderText {#text} at (16,0) size 59x19
                      text run at (16,0) width 59: "summary"
            RenderTableCell {TD} at (232,104) size 124x124 [border: (1px solid #000000)] [r=3 c=3 rs=1 cs=1]
              RenderBlock {DIV} at (2,2) size 120x120
                RenderBlock {DETAILS} at (0,0) size 120x20
                  RenderBlock {SUMMARY} at (0,0) size 120x20
                    RenderDetailsMarker {DIV} at (0,4) size 11x11: right
                    RenderText {#text} at (16,0) size 59x19
                      text run at (16,0) width 59: "summary"
                RenderBlock {DETAILS} at (0,20) size 120x20
                  RenderBlock {SUMMARY} at (0,0) size 120x20
                    RenderDetailsMarker {DIV} at (0,4) size 11x11: up
                    RenderText {#text} at (16,0) size 59x19
                      text run at (16,0) width 59: "summary"
            RenderTableCell {TD} at (358,104) size 124x124 [border: (1px solid #000000)] [r=3 c=4 rs=1 cs=1]
              RenderBlock {DIV} at (2,2) size 120x120
                RenderBlock {DETAILS} at (0,0) size 20x120
                  RenderBlock {SUMMARY} at (0,0) size 20x120
                    RenderDetailsMarker {DIV} at (5,0) size 11x11: down
                    RenderText {#text} at (1,16) size 19x59
                      text run at (1,16) width 58: "summary"
                RenderBlock {DETAILS} at (20,0) size 20x120
                  RenderBlock {SUMMARY} at (0,0) size 20x120
                    RenderDetailsMarker {DIV} at (5,0) size 11x11: right
                    RenderText {#text} at (1,16) size 19x59
                      text run at (1,16) width 58: "summary"
            RenderTableCell {TD} at (484,104) size 124x124 [border: (1px solid #000000)] [r=3 c=5 rs=1 cs=1]
              RenderBlock {DIV} at (2,2) size 120x120
                RenderBlock {DETAILS} at (0,0) size 20x120
                  RenderBlock {SUMMARY} at (0,0) size 20x120
                    RenderDetailsMarker {DIV} at (4,0) size 11x11: down
                    RenderText {#text} at (0,16) size 19x59
                      text run at (0,16) width 58: "summary"
                RenderBlock {DETAILS} at (20,0) size 20x120
                  RenderBlock {SUMMARY} at (0,0) size 20x120
                    RenderDetailsMarker {DIV} at (4,0) size 11x11: left
                    RenderText {#text} at (0,16) size 19x59
                      text run at (0,16) width 58: "summary"
          RenderTableRow {TR} at (0,230) size 610x124
            RenderTableCell {TH} at (76,276) size 28x32 [border: (1px inset #808080)] [r=4 c=1 rs=1 cs=1]
              RenderText {#text} at (6,6) size 16x19
                text run at (6,6) width 16: "rtl"
            RenderTableCell {TD} at (106,230) size 124x124 [border: (1px solid #000000)] [r=4 c=2 rs=1 cs=1]
              RenderBlock {DIV} at (2,2) size 120x120
                RenderBlock {DETAILS} at (0,0) size 120x20
                  RenderBlock {SUMMARY} at (0,0) size 120x20
                    RenderDetailsMarker {DIV} at (109,4) size 11x11: left
                    RenderText {#text} at (45,0) size 59x19
                      text run at (45,0) width 59: "summary"
                RenderBlock {DETAILS} at (0,20) size 120x20
                  RenderBlock {SUMMARY} at (0,0) size 120x20
                    RenderDetailsMarker {DIV} at (109,4) size 11x11: down
                    RenderText {#text} at (45,0) size 59x19
                      text run at (45,0) width 59: "summary"
            RenderTableCell {TD} at (232,230) size 124x124 [border: (1px solid #000000)] [r=4 c=3 rs=1 cs=1]
              RenderBlock {DIV} at (2,2) size 120x120
                RenderBlock {DETAILS} at (0,0) size 120x20
                  RenderBlock {SUMMARY} at (0,0) size 120x20
                    RenderDetailsMarker {DIV} at (109,4) size 11x11: left
                    RenderText {#text} at (45,0) size 59x19
                      text run at (45,0) width 59: "summary"
                RenderBlock {DETAILS} at (0,20) size 120x20
                  RenderBlock {SUMMARY} at (0,0) size 120x20
                    RenderDetailsMarker {DIV} at (109,4) size 11x11: up
                    RenderText {#text} at (45,0) size 59x19
                      text run at (45,0) width 59: "summary"
            RenderTableCell {TD} at (358,230) size 124x124 [border: (1px solid #000000)] [r=4 c=4 rs=1 cs=1]
              RenderBlock {DIV} at (2,2) size 120x120
                RenderBlock {DETAILS} at (0,0) size 20x120
                  RenderBlock {SUMMARY} at (0,0) size 20x120
                    RenderDetailsMarker {DIV} at (5,109) size 11x11: up
                    RenderText {#text} at (1,45) size 19x59
                      text run at (1,45) width 58: "summary"
                RenderBlock {DETAILS} at (20,0) size 20x120
                  RenderBlock {SUMMARY} at (0,0) size 20x120
                    RenderDetailsMarker {DIV} at (5,109) size 11x11: right
                    RenderText {#text} at (1,45) size 19x59
                      text run at (1,45) width 58: "summary"
            RenderTableCell {TD} at (484,230) size 124x124 [border: (1px solid #000000)] [r=4 c=5 rs=1 cs=1]
              RenderBlock {DIV} at (2,2) size 120x120
                RenderBlock {DETAILS} at (0,0) size 20x120
                  RenderBlock {SUMMARY} at (0,0) size 20x120
                    RenderDetailsMarker {DIV} at (4,109) size 11x11: up
                    RenderText {#text} at (0,45) size 19x59
                      text run at (0,45) width 58: "summary"
                RenderBlock {DETAILS} at (20,0) size 20x120
                  RenderBlock {SUMMARY} at (0,0) size 20x120
                    RenderDetailsMarker {DIV} at (4,109) size 11x11: left
                    RenderText {#text} at (0,45) size 19x59
                      text run at (0,45) width 58: "summary"
      RenderBlock (anonymous) at (0,358) size 769x20
        RenderBR {BR} at (0,0) size 0x19
      RenderTable {TABLE} at (0,378) size 612x358 [border: (1px outset #808080)]
        RenderTableSection {TBODY} at (1,1) size 610x356
          RenderTableRow {TR} at (0,2) size 610x32
            RenderTableCell {TH} at (2,2) size 606x32 [border: (1px inset #808080)] [r=0 c=0 rs=1 cs=6]
              RenderText {#text} at (256,6) size 94x19
                text run at (256,6) width 94: "text-align: left"
          RenderTableRow {TR} at (0,36) size 610x32
            RenderTableCell {TH} at (2,53) size 102x32 [border: (1px inset #808080)] [r=1 c=0 rs=2 cs=2]
              RenderText {#text} at (49,6) size 4x19
                text run at (49,6) width 4: " "
            RenderTableCell {TH} at (106,36) size 502x32 [border: (1px inset #808080)] [r=1 c=2 rs=1 cs=4]
              RenderText {#text} at (177,6) size 148x19
                text run at (177,6) width 148: "-webkit-writing-mode"
          RenderTableRow {TR} at (0,70) size 610x32
            RenderTableCell {TH} at (106,70) size 124x32 [border: (1px inset #808080)] [r=2 c=2 rs=1 cs=1]
              RenderText {#text} at (18,6) size 88x19
                text run at (18,6) width 88: "horizontal-tb"
            RenderTableCell {TH} at (232,70) size 124x32 [border: (1px inset #808080)] [r=2 c=3 rs=1 cs=1]
              RenderText {#text} at (18,6) size 88x19
                text run at (18,6) width 88: "horizontal-bt"
            RenderTableCell {TH} at (358,70) size 124x32 [border: (1px inset #808080)] [r=2 c=4 rs=1 cs=1]
              RenderText {#text} at (29,6) size 66x19
                text run at (29,6) width 66: "vertical-lr"
            RenderTableCell {TH} at (484,70) size 124x32 [border: (1px inset #808080)] [r=2 c=5 rs=1 cs=1]
              RenderText {#text} at (29,6) size 66x19
                text run at (29,6) width 66: "vertical-rl"
          RenderTableRow {TR} at (0,104) size 610x124
            RenderTableCell {TH} at (2,213) size 72x32 [border: (1px inset #808080)] [r=3 c=0 rs=4 cs=1]
              RenderText {#text} at (6,6) size 60x19
                text run at (6,6) width 60: "direction"
            RenderTableCell {TH} at (76,150) size 28x32 [border: (1px inset #808080)] [r=3 c=1 rs=1 cs=1]
              RenderText {#text} at (6,6) size 16x19
                text run at (6,6) width 16: "ltr"
            RenderTableCell {TD} at (106,104) size 124x124 [border: (1px solid #000000)] [r=3 c=2 rs=1 cs=1]
              RenderBlock {DIV} at (2,2) size 120x120
                RenderBlock {DETAILS} at (0,0) size 120x20
                  RenderBlock {SUMMARY} at (0,0) size 120x20
                    RenderDetailsMarker {DIV} at (0,4) size 11x11: right
                    RenderText {#text} at (16,0) size 59x19
                      text run at (16,0) width 59: "summary"
                RenderBlock {DETAILS} at (0,20) size 120x20
                  RenderBlock {SUMMARY} at (0,0) size 120x20
                    RenderDetailsMarker {DIV} at (0,4) size 11x11: down
                    RenderText {#text} at (16,0) size 59x19
                      text run at (16,0) width 59: "summary"
            RenderTableCell {TD} at (232,104) size 124x124 [border: (1px solid #000000)] [r=3 c=3 rs=1 cs=1]
              RenderBlock {DIV} at (2,2) size 120x120
                RenderBlock {DETAILS} at (0,0) size 120x20
                  RenderBlock {SUMMARY} at (0,0) size 120x20
                    RenderDetailsMarker {DIV} at (0,4) size 11x11: right
                    RenderText {#text} at (16,0) size 59x19
                      text run at (16,0) width 59: "summary"
                RenderBlock {DETAILS} at (0,20) size 120x20
                  RenderBlock {SUMMARY} at (0,0) size 120x20
                    RenderDetailsMarker {DIV} at (0,4) size 11x11: up
                    RenderText {#text} at (16,0) size 59x19
                      text run at (16,0) width 59: "summary"
            RenderTableCell {TD} at (358,104) size 124x124 [border: (1px solid #000000)] [r=3 c=4 rs=1 cs=1]
              RenderBlock {DIV} at (2,2) size 120x120
                RenderBlock {DETAILS} at (0,0) size 20x120
                  RenderBlock {SUMMARY} at (0,0) size 20x120
                    RenderDetailsMarker {DIV} at (5,0) size 11x11: down
                    RenderText {#text} at (1,16) size 19x59
                      text run at (1,16) width 58: "summary"
                RenderBlock {DETAILS} at (20,0) size 20x120
                  RenderBlock {SUMMARY} at (0,0) size 20x120
                    RenderDetailsMarker {DIV} at (5,0) size 11x11: right
                    RenderText {#text} at (1,16) size 19x59
                      text run at (1,16) width 58: "summary"
            RenderTableCell {TD} at (484,104) size 124x124 [border: (1px solid #000000)] [r=3 c=5 rs=1 cs=1]
              RenderBlock {DIV} at (2,2) size 120x120
                RenderBlock {DETAILS} at (0,0) size 20x120
                  RenderBlock {SUMMARY} at (0,0) size 20x120
                    RenderDetailsMarker {DIV} at (4,0) size 11x11: down
                    RenderText {#text} at (0,16) size 19x59
                      text run at (0,16) width 58: "summary"
                RenderBlock {DETAILS} at (20,0) size 20x120
                  RenderBlock {SUMMARY} at (0,0) size 20x120
                    RenderDetailsMarker {DIV} at (4,0) size 11x11: left
                    RenderText {#text} at (0,16) size 19x59
                      text run at (0,16) width 58: "summary"
          RenderTableRow {TR} at (0,230) size 610x124
            RenderTableCell {TH} at (76,276) size 28x32 [border: (1px inset #808080)] [r=4 c=1 rs=1 cs=1]
              RenderText {#text} at (6,6) size 16x19
                text run at (6,6) width 16: "rtl"
            RenderTableCell {TD} at (106,230) size 124x124 [border: (1px solid #000000)] [r=4 c=2 rs=1 cs=1]
              RenderBlock {DIV} at (2,2) size 120x120
                RenderBlock {DETAILS} at (0,0) size 120x20
                  RenderBlock {SUMMARY} at (0,0) size 120x20
                    RenderDetailsMarker {DIV} at (64,4) size 11x11: left
                    RenderText {#text} at (0,0) size 58x19
                      text run at (0,0) width 58: "summary"
                RenderBlock {DETAILS} at (0,20) size 120x20
                  RenderBlock {SUMMARY} at (0,0) size 120x20
                    RenderDetailsMarker {DIV} at (64,4) size 11x11: down
                    RenderText {#text} at (0,0) size 58x19
                      text run at (0,0) width 58: "summary"
            RenderTableCell {TD} at (232,230) size 124x124 [border: (1px solid #000000)] [r=4 c=3 rs=1 cs=1]
              RenderBlock {DIV} at (2,2) size 120x120
                RenderBlock {DETAILS} at (0,0) size 120x20
                  RenderBlock {SUMMARY} at (0,0) size 120x20
                    RenderDetailsMarker {DIV} at (64,4) size 11x11: left
                    RenderText {#text} at (0,0) size 58x19
                      text run at (0,0) width 58: "summary"
                RenderBlock {DETAILS} at (0,20) size 120x20
                  RenderBlock {SUMMARY} at (0,0) size 120x20
                    RenderDetailsMarker {DIV} at (64,4) size 11x11: up
                    RenderText {#text} at (0,0) size 58x19
                      text run at (0,0) width 58: "summary"
            RenderTableCell {TD} at (358,230) size 124x124 [border: (1px solid #000000)] [r=4 c=4 rs=1 cs=1]
              RenderBlock {DIV} at (2,2) size 120x120
                RenderBlock {DETAILS} at (0,0) size 20x120
                  RenderBlock {SUMMARY} at (0,0) size 20x120
                    RenderDetailsMarker {DIV} at (5,64) size 11x11: up
                    RenderText {#text} at (1,0) size 19x58
                      text run at (1,0) width 58: "summary"
                RenderBlock {DETAILS} at (20,0) size 20x120
                  RenderBlock {SUMMARY} at (0,0) size 20x120
                    RenderDetailsMarker {DIV} at (5,64) size 11x11: right
                    RenderText {#text} at (1,0) size 19x58
                      text run at (1,0) width 58: "summary"
            RenderTableCell {TD} at (484,230) size 124x124 [border: (1px solid #000000)] [r=4 c=5 rs=1 cs=1]
              RenderBlock {DIV} at (2,2) size 120x120
                RenderBlock {DETAILS} at (0,0) size 20x120
                  RenderBlock {SUMMARY} at (0,0) size 20x120
                    RenderDetailsMarker {DIV} at (4,64) size 11x11: up
                    RenderText {#text} at (0,0) size 19x58
                      text run at (0,0) width 58: "summary"
                RenderBlock {DETAILS} at (20,0) size 20x120
                  RenderBlock {SUMMARY} at (0,0) size 20x120
                    RenderDetailsMarker {DIV} at (4,64) size 11x11: left
                    RenderText {#text} at (0,0) size 19x58
                      text run at (0,0) width 58: "summary"
      RenderBlock (anonymous) at (0,736) size 769x20
        RenderBR {BR} at (0,0) size 0x19
      RenderTable {TABLE} at (0,756) size 612x358 [border: (1px outset #808080)]
        RenderTableSection {TBODY} at (1,1) size 610x356
          RenderTableRow {TR} at (0,2) size 610x32
            RenderTableCell {TH} at (2,2) size 606x32 [border: (1px inset #808080)] [r=0 c=0 rs=1 cs=6]
              RenderText {#text} at (246,6) size 114x19
                text run at (246,6) width 114: "text-align: center"
          RenderTableRow {TR} at (0,36) size 610x32
            RenderTableCell {TH} at (2,53) size 102x32 [border: (1px inset #808080)] [r=1 c=0 rs=2 cs=2]
              RenderText {#text} at (49,6) size 4x19
                text run at (49,6) width 4: " "
            RenderTableCell {TH} at (106,36) size 502x32 [border: (1px inset #808080)] [r=1 c=2 rs=1 cs=4]
              RenderText {#text} at (177,6) size 148x19
                text run at (177,6) width 148: "-webkit-writing-mode"
          RenderTableRow {TR} at (0,70) size 610x32
            RenderTableCell {TH} at (106,70) size 124x32 [border: (1px inset #808080)] [r=2 c=2 rs=1 cs=1]
              RenderText {#text} at (18,6) size 88x19
                text run at (18,6) width 88: "horizontal-tb"
            RenderTableCell {TH} at (232,70) size 124x32 [border: (1px inset #808080)] [r=2 c=3 rs=1 cs=1]
              RenderText {#text} at (18,6) size 88x19
                text run at (18,6) width 88: "horizontal-bt"
            RenderTableCell {TH} at (358,70) size 124x32 [border: (1px inset #808080)] [r=2 c=4 rs=1 cs=1]
              RenderText {#text} at (29,6) size 66x19
                text run at (29,6) width 66: "vertical-lr"
            RenderTableCell {TH} at (484,70) size 124x32 [border: (1px inset #808080)] [r=2 c=5 rs=1 cs=1]
              RenderText {#text} at (29,6) size 66x19
                text run at (29,6) width 66: "vertical-rl"
          RenderTableRow {TR} at (0,104) size 610x124
            RenderTableCell {TH} at (2,213) size 72x32 [border: (1px inset #808080)] [r=3 c=0 rs=4 cs=1]
              RenderText {#text} at (6,6) size 60x19
                text run at (6,6) width 60: "direction"
            RenderTableCell {TH} at (76,150) size 28x32 [border: (1px inset #808080)] [r=3 c=1 rs=1 cs=1]
              RenderText {#text} at (6,6) size 16x19
                text run at (6,6) width 16: "ltr"
            RenderTableCell {TD} at (106,104) size 124x124 [border: (1px solid #000000)] [r=3 c=2 rs=1 cs=1]
              RenderBlock {DIV} at (2,2) size 120x120
                RenderBlock {DETAILS} at (0,0) size 120x20
                  RenderBlock {SUMMARY} at (0,0) size 120x20
                    RenderDetailsMarker {DIV} at (22,4) size 12x11: right
                    RenderText {#text} at (39,0) size 59x19
                      text run at (39,0) width 59: "summary"
                RenderBlock {DETAILS} at (0,20) size 120x20
                  RenderBlock {SUMMARY} at (0,0) size 120x20
                    RenderDetailsMarker {DIV} at (22,4) size 12x11: down
                    RenderText {#text} at (39,0) size 59x19
                      text run at (39,0) width 59: "summary"
            RenderTableCell {TD} at (232,104) size 124x124 [border: (1px solid #000000)] [r=3 c=3 rs=1 cs=1]
              RenderBlock {DIV} at (2,2) size 120x120
                RenderBlock {DETAILS} at (0,0) size 120x20
                  RenderBlock {SUMMARY} at (0,0) size 120x20
                    RenderDetailsMarker {DIV} at (22,4) size 12x11: right
                    RenderText {#text} at (39,0) size 59x19
                      text run at (39,0) width 59: "summary"
                RenderBlock {DETAILS} at (0,20) size 120x20
                  RenderBlock {SUMMARY} at (0,0) size 120x20
                    RenderDetailsMarker {DIV} at (22,4) size 12x11: up
                    RenderText {#text} at (39,0) size 59x19
                      text run at (39,0) width 59: "summary"
            RenderTableCell {TD} at (358,104) size 124x124 [border: (1px solid #000000)] [r=3 c=4 rs=1 cs=1]
              RenderBlock {DIV} at (2,2) size 120x120
                RenderBlock {DETAILS} at (0,0) size 20x120
                  RenderBlock {SUMMARY} at (0,0) size 20x120
                    RenderDetailsMarker {DIV} at (5,22) size 11x12: down
                    RenderText {#text} at (1,39) size 19x59
                      text run at (1,39) width 58: "summary"
                RenderBlock {DETAILS} at (20,0) size 20x120
                  RenderBlock {SUMMARY} at (0,0) size 20x120
                    RenderDetailsMarker {DIV} at (5,22) size 11x12: right
                    RenderText {#text} at (1,39) size 19x59
                      text run at (1,39) width 58: "summary"
            RenderTableCell {TD} at (484,104) size 124x124 [border: (1px solid #000000)] [r=3 c=5 rs=1 cs=1]
              RenderBlock {DIV} at (2,2) size 120x120
                RenderBlock {DETAILS} at (0,0) size 20x120
                  RenderBlock {SUMMARY} at (0,0) size 20x120
                    RenderDetailsMarker {DIV} at (4,22) size 11x12: down
                    RenderText {#text} at (0,39) size 19x59
                      text run at (0,39) width 58: "summary"
                RenderBlock {DETAILS} at (20,0) size 20x120
                  RenderBlock {SUMMARY} at (0,0) size 20x120
                    RenderDetailsMarker {DIV} at (4,22) size 11x12: left
                    RenderText {#text} at (0,39) size 19x59
                      text run at (0,39) width 58: "summary"
          RenderTableRow {TR} at (0,230) size 610x124
            RenderTableCell {TH} at (76,276) size 28x32 [border: (1px inset #808080)] [r=4 c=1 rs=1 cs=1]
              RenderText {#text} at (6,6) size 16x19
                text run at (6,6) width 16: "rtl"
            RenderTableCell {TD} at (106,230) size 124x124 [border: (1px solid #000000)] [r=4 c=2 rs=1 cs=1]
              RenderBlock {DIV} at (2,2) size 120x120
                RenderBlock {DETAILS} at (0,0) size 120x20
                  RenderBlock {SUMMARY} at (0,0) size 120x20
                    RenderDetailsMarker {DIV} at (86,4) size 12x11: left
                    RenderText {#text} at (22,0) size 59x19
                      text run at (22,0) width 59: "summary"
                RenderBlock {DETAILS} at (0,20) size 120x20
                  RenderBlock {SUMMARY} at (0,0) size 120x20
                    RenderDetailsMarker {DIV} at (86,4) size 12x11: down
                    RenderText {#text} at (22,0) size 59x19
                      text run at (22,0) width 59: "summary"
            RenderTableCell {TD} at (232,230) size 124x124 [border: (1px solid #000000)] [r=4 c=3 rs=1 cs=1]
              RenderBlock {DIV} at (2,2) size 120x120
                RenderBlock {DETAILS} at (0,0) size 120x20
                  RenderBlock {SUMMARY} at (0,0) size 120x20
                    RenderDetailsMarker {DIV} at (86,4) size 12x11: left
                    RenderText {#text} at (22,0) size 59x19
                      text run at (22,0) width 59: "summary"
                RenderBlock {DETAILS} at (0,20) size 120x20
                  RenderBlock {SUMMARY} at (0,0) size 120x20
                    RenderDetailsMarker {DIV} at (86,4) size 12x11: up
                    RenderText {#text} at (22,0) size 59x19
                      text run at (22,0) width 59: "summary"
            RenderTableCell {TD} at (358,230) size 124x124 [border: (1px solid #000000)] [r=4 c=4 rs=1 cs=1]
              RenderBlock {DIV} at (2,2) size 120x120
                RenderBlock {DETAILS} at (0,0) size 20x120
                  RenderBlock {SUMMARY} at (0,0) size 20x120
                    RenderDetailsMarker {DIV} at (5,86) size 11x12: up
                    RenderText {#text} at (1,22) size 19x59
                      text run at (1,22) width 58: "summary"
                RenderBlock {DETAILS} at (20,0) size 20x120
                  RenderBlock {SUMMARY} at (0,0) size 20x120
                    RenderDetailsMarker {DIV} at (5,86) size 11x12: right
                    RenderText {#text} at (1,22) size 19x59
                      text run at (1,22) width 58: "summary"
            RenderTableCell {TD} at (484,230) size 124x124 [border: (1px solid #000000)] [r=4 c=5 rs=1 cs=1]
              RenderBlock {DIV} at (2,2) size 120x120
                RenderBlock {DETAILS} at (0,0) size 20x120
                  RenderBlock {SUMMARY} at (0,0) size 20x120
                    RenderDetailsMarker {DIV} at (4,86) size 11x12: up
                    RenderText {#text} at (0,22) size 19x59
                      text run at (0,22) width 58: "summary"
                RenderBlock {DETAILS} at (20,0) size 20x120
                  RenderBlock {SUMMARY} at (0,0) size 20x120
                    RenderDetailsMarker {DIV} at (4,86) size 11x12: left
                    RenderText {#text} at (0,22) size 19x59
                      text run at (0,22) width 58: "summary"
      RenderBlock (anonymous) at (0,1114) size 769x20
        RenderBR {BR} at (0,0) size 0x19
      RenderTable {TABLE} at (0,1134) size 612x358 [border: (1px outset #808080)]
        RenderTableSection {TBODY} at (1,1) size 610x356
          RenderTableRow {TR} at (0,2) size 610x32
            RenderTableCell {TH} at (2,2) size 606x32 [border: (1px inset #808080)] [r=0 c=0 rs=1 cs=6]
              RenderText {#text} at (250,6) size 106x19
                text run at (250,6) width 106: "text-align: right"
          RenderTableRow {TR} at (0,36) size 610x32
            RenderTableCell {TH} at (2,53) size 102x32 [border: (1px inset #808080)] [r=1 c=0 rs=2 cs=2]
              RenderText {#text} at (49,6) size 4x19
                text run at (49,6) width 4: " "
            RenderTableCell {TH} at (106,36) size 502x32 [border: (1px inset #808080)] [r=1 c=2 rs=1 cs=4]
              RenderText {#text} at (177,6) size 148x19
                text run at (177,6) width 148: "-webkit-writing-mode"
          RenderTableRow {TR} at (0,70) size 610x32
            RenderTableCell {TH} at (106,70) size 124x32 [border: (1px inset #808080)] [r=2 c=2 rs=1 cs=1]
              RenderText {#text} at (18,6) size 88x19
                text run at (18,6) width 88: "horizontal-tb"
            RenderTableCell {TH} at (232,70) size 124x32 [border: (1px inset #808080)] [r=2 c=3 rs=1 cs=1]
              RenderText {#text} at (18,6) size 88x19
                text run at (18,6) width 88: "horizontal-bt"
            RenderTableCell {TH} at (358,70) size 124x32 [border: (1px inset #808080)] [r=2 c=4 rs=1 cs=1]
              RenderText {#text} at (29,6) size 66x19
                text run at (29,6) width 66: "vertical-lr"
            RenderTableCell {TH} at (484,70) size 124x32 [border: (1px inset #808080)] [r=2 c=5 rs=1 cs=1]
              RenderText {#text} at (29,6) size 66x19
                text run at (29,6) width 66: "vertical-rl"
          RenderTableRow {TR} at (0,104) size 610x124
            RenderTableCell {TH} at (2,213) size 72x32 [border: (1px inset #808080)] [r=3 c=0 rs=4 cs=1]
              RenderText {#text} at (6,6) size 60x19
                text run at (6,6) width 60: "direction"
            RenderTableCell {TH} at (76,150) size 28x32 [border: (1px inset #808080)] [r=3 c=1 rs=1 cs=1]
              RenderText {#text} at (6,6) size 16x19
                text run at (6,6) width 16: "ltr"
            RenderTableCell {TD} at (106,104) size 124x124 [border: (1px solid #000000)] [r=3 c=2 rs=1 cs=1]
              RenderBlock {DIV} at (2,2) size 120x120
                RenderBlock {DETAILS} at (0,0) size 120x20
                  RenderBlock {SUMMARY} at (0,0) size 120x20
                    RenderDetailsMarker {DIV} at (45,4) size 11x11: right
                    RenderText {#text} at (62,0) size 58x19
                      text run at (62,0) width 58: "summary"
                RenderBlock {DETAILS} at (0,20) size 120x20
                  RenderBlock {SUMMARY} at (0,0) size 120x20
                    RenderDetailsMarker {DIV} at (45,4) size 11x11: down
                    RenderText {#text} at (62,0) size 58x19
                      text run at (62,0) width 58: "summary"
            RenderTableCell {TD} at (232,104) size 124x124 [border: (1px solid #000000)] [r=3 c=3 rs=1 cs=1]
              RenderBlock {DIV} at (2,2) size 120x120
                RenderBlock {DETAILS} at (0,0) size 120x20
                  RenderBlock {SUMMARY} at (0,0) size 120x20
                    RenderDetailsMarker {DIV} at (45,4) size 11x11: right
                    RenderText {#text} at (62,0) size 58x19
                      text run at (62,0) width 58: "summary"
                RenderBlock {DETAILS} at (0,20) size 120x20
                  RenderBlock {SUMMARY} at (0,0) size 120x20
                    RenderDetailsMarker {DIV} at (45,4) size 11x11: up
                    RenderText {#text} at (62,0) size 58x19
                      text run at (62,0) width 58: "summary"
            RenderTableCell {TD} at (358,104) size 124x124 [border: (1px solid #000000)] [r=3 c=4 rs=1 cs=1]
              RenderBlock {DIV} at (2,2) size 120x120
                RenderBlock {DETAILS} at (0,0) size 20x120
                  RenderBlock {SUMMARY} at (0,0) size 20x120
                    RenderDetailsMarker {DIV} at (5,45) size 11x11: down
                    RenderText {#text} at (1,62) size 19x58
                      text run at (1,62) width 58: "summary"
                RenderBlock {DETAILS} at (20,0) size 20x120
                  RenderBlock {SUMMARY} at (0,0) size 20x120
                    RenderDetailsMarker {DIV} at (5,45) size 11x11: right
                    RenderText {#text} at (1,62) size 19x58
                      text run at (1,62) width 58: "summary"
            RenderTableCell {TD} at (484,104) size 124x124 [border: (1px solid #000000)] [r=3 c=5 rs=1 cs=1]
              RenderBlock {DIV} at (2,2) size 120x120
                RenderBlock {DETAILS} at (0,0) size 20x120
                  RenderBlock {SUMMARY} at (0,0) size 20x120
                    RenderDetailsMarker {DIV} at (4,45) size 11x11: down
                    RenderText {#text} at (0,62) size 19x58
                      text run at (0,62) width 58: "summary"
                RenderBlock {DETAILS} at (20,0) size 20x120
                  RenderBlock {SUMMARY} at (0,0) size 20x120
                    RenderDetailsMarker {DIV} at (4,45) size 11x11: left
                    RenderText {#text} at (0,62) size 19x58
                      text run at (0,62) width 58: "summary"
          RenderTableRow {TR} at (0,230) size 610x124
            RenderTableCell {TH} at (76,276) size 28x32 [border: (1px inset #808080)] [r=4 c=1 rs=1 cs=1]
              RenderText {#text} at (6,6) size 16x19
                text run at (6,6) width 16: "rtl"
            RenderTableCell {TD} at (106,230) size 124x124 [border: (1px solid #000000)] [r=4 c=2 rs=1 cs=1]
              RenderBlock {DIV} at (2,2) size 120x120
                RenderBlock {DETAILS} at (0,0) size 120x20
                  RenderBlock {SUMMARY} at (0,0) size 120x20
                    RenderDetailsMarker {DIV} at (109,4) size 11x11: left
                    RenderText {#text} at (45,0) size 59x19
                      text run at (45,0) width 59: "summary"
                RenderBlock {DETAILS} at (0,20) size 120x20
                  RenderBlock {SUMMARY} at (0,0) size 120x20
                    RenderDetailsMarker {DIV} at (109,4) size 11x11: down
                    RenderText {#text} at (45,0) size 59x19
                      text run at (45,0) width 59: "summary"
            RenderTableCell {TD} at (232,230) size 124x124 [border: (1px solid #000000)] [r=4 c=3 rs=1 cs=1]
              RenderBlock {DIV} at (2,2) size 120x120
                RenderBlock {DETAILS} at (0,0) size 120x20
                  RenderBlock {SUMMARY} at (0,0) size 120x20
                    RenderDetailsMarker {DIV} at (109,4) size 11x11: left
                    RenderText {#text} at (45,0) size 59x19
                      text run at (45,0) width 59: "summary"
                RenderBlock {DETAILS} at (0,20) size 120x20
                  RenderBlock {SUMMARY} at (0,0) size 120x20
                    RenderDetailsMarker {DIV} at (109,4) size 11x11: up
                    RenderText {#text} at (45,0) size 59x19
                      text run at (45,0) width 59: "summary"
            RenderTableCell {TD} at (358,230) size 124x124 [border: (1px solid #000000)] [r=4 c=4 rs=1 cs=1]
              RenderBlock {DIV} at (2,2) size 120x120
                RenderBlock {DETAILS} at (0,0) size 20x120
                  RenderBlock {SUMMARY} at (0,0) size 20x120
                    RenderDetailsMarker {DIV} at (5,109) size 11x11: up
                    RenderText {#text} at (1,45) size 19x59
                      text run at (1,45) width 58: "summary"
                RenderBlock {DETAILS} at (20,0) size 20x120
                  RenderBlock {SUMMARY} at (0,0) size 20x120
                    RenderDetailsMarker {DIV} at (5,109) size 11x11: right
                    RenderText {#text} at (1,45) size 19x59
                      text run at (1,45) width 58: "summary"
            RenderTableCell {TD} at (484,230) size 124x124 [border: (1px solid #000000)] [r=4 c=5 rs=1 cs=1]
              RenderBlock {DIV} at (2,2) size 120x120
                RenderBlock {DETAILS} at (0,0) size 20x120
                  RenderBlock {SUMMARY} at (0,0) size 20x120
                    RenderDetailsMarker {DIV} at (4,109) size 11x11: up
                    RenderText {#text} at (0,45) size 19x59
                      text run at (0,45) width 58: "summary"
                RenderBlock {DETAILS} at (20,0) size 20x120
                  RenderBlock {SUMMARY} at (0,0) size 20x120
                    RenderDetailsMarker {DIV} at (4,109) size 11x11: left
                    RenderText {#text} at (0,45) size 19x59
                      text run at (0,45) width 58: "summary"
