layer at (0,0) size 800x600
  RenderView at (0,0) size 800x600
layer at (0,0) size 800x471
  RenderBlock {HTML} at (0,0) size 800x472
    RenderBody {BODY} at (8,8) size 784x456
      RenderBlock {DIV} at (0,0) size 784x87
        RenderBlock {DETAILS} at (0,0) size 784x87
          RenderBlock {SUMMARY} at (0,0) size 784x87
            RenderDetailsMarker {DIV} at (0,0) size 112x80 [border: (8px solid #00FF00) (16px solid #00FF00) (24px solid #00FF00) (32px solid #00FF00)]: right
            RenderText {#text} at (121,59) size 92x27
              text run at (121,59) width 92: "Summary"
      RenderBlock {DIV} at (0,87) size 119x181
        RenderBlock {DETAILS} at (0,0) size 119x181
          RenderBlock {SUMMARY} at (0,0) size 119x181
            RenderDetailsMarker {DIV} at (0,0) size 112x80 [border: (8px solid #00FF00) (16px solid #00FF00) (24px solid #00FF00) (32px solid #00FF00)]: down
            RenderText {#text} at (91,89) size 27x92
              text run at (91,89) width 91: "Summary"
      RenderBlock {DIV} at (0,267) size 784x48
        RenderBlock {DETAILS} at (0,0) size 784x47
          RenderBlock {SUMMARY} at (0,0) size 784x47
            RenderDetailsMarker {DIV} at (0,0) size 64x40 [border: (8px solid #00FF00)]: right
            RenderText {#text} at (73,19) size 92x27
              text run at (73,19) width 92: "Summary"
      RenderBlock {DIV} at (0,314) size 71x142
        RenderBlock {DETAILS} at (0,0) size 71x141
          RenderBlock {SUMMARY} at (0,0) size 71x141
            RenderDetailsMarker {DIV} at (0,0) size 64x40 [border: (8px solid #00FF00)]: down
            RenderText {#text} at (43,49) size 27x92
              text run at (43,49) width 91: "Summary"
