layer at (0,0) size 800x600
  RenderView at (0,0) size 800x600
layer at (0,0) size 800x600
  RenderBlock {HTML} at (0,0) size 800x600
    RenderBody {BODY} at (8,8) size 784x584
      RenderBlock {DETAILS} at (0,0) size 784x40
        RenderBlock {SUMMARY} at (0,0) size 784x20
          RenderDetailsMarker {DIV} at (0,4) size 11x11: down
          RenderText {#text} at (16,0) size 55x19
            text run at (16,0) width 55: "summary"
        RenderBlock (anonymous) at (0,20) size 784x20
          RenderInline {B} at (0,0) size 140x19
            RenderText {#text} at (0,0) size 140x19
              text run at (0,0) width 140: "should have bold test"
          RenderText {#text} at (0,0) size 0x0
          RenderText {#text} at (0,0) size 0x0
