layer at (0,0) size 800x600
  RenderView at (0,0) size 800x600
layer at (0,0) size 800x600
  RenderBlock {HTML} at (0,0) size 800x600
    RenderBody {BODY} at (8,8) size 784x584
      RenderBlock {DETAILS} at (0,0) size 784x20
        RenderBlock {SUMMARY} at (0,0) size 784x20
          RenderDetailsMarker {DIV} at (0,4) size 11x11: down
          RenderText {#text} at (16,0) size 63x19
            text run at (16,0) width 63: "summary "
          RenderText {#text} at (78,0) size 187x19
            text run at (78,0) width 187: "shouldn't have only bold text."
