layer at (0,0) size 800x600
  RenderView at (0,0) size 800x600
layer at (0,0) size 800x600
  RenderBlock {HTML} at (0,0) size 800x600
    RenderBody {BODY} at (8,8) size 784x584
      RenderBlock {DETAILS} at (0,0) size 784x46
        RenderBlock {SUMMARY} at (0,0) size 784x20
          RenderDetailsMarker {DIV} at (0,4) size 11x11: down
          RenderText {#text} at (16,0) size 42x19
            text run at (16,0) width 42: "Details"
        RenderBlock (anonymous) at (0,20) size 784x26
          RenderTextControl {INPUT} at (2,2) size 151x22 [bgcolor=#FFFFFF] [border: (2px inset #000000)]
          RenderText {#text} at (0,0) size 0x0
layer at (12,33) size 147x16
  RenderBlock {DIV} at (2,3) size 147x16
