layer at (0,0) size 800x600
  RenderView at (0,0) size 800x600
layer at (0,0) size 800x600
  RenderBlock {HTML} at (0,0) size 800x600
    RenderBody {BODY} at (8,8) size 784x584
      RenderBlock {KEYGEN} at (2,2) size 94x20
        RenderMenuList {SELECT} at (0,0) size 94x20 [bgcolor=#FFFFFF]
          RenderBlock (anonymous) at (4,2) size 69x16
            RenderText at (0,0) size 69x16
              text run at (0,0) width 69: "High Grade"
      RenderText {#text} at (0,0) size 0x0
