layer at (0,0) size 800x600
  RenderView at (0,0) size 800x600
layer at (0,0) size 800x600
  RenderBlock {HTML} at (0,0) size 800x600
    RenderBody {BODY} at (8,8) size 784x576
      RenderBlock {P} at (0,0) size 784x20
        RenderText {#text} at (0,0) size 386x19
          text run at (0,0) width 386: "This tests the listing tag. It's an obsolete synonym for the pre tag."
      RenderBlock {DIV} at (0,36) size 784x20
        RenderText {#text} at (0,0) size 158x19
          text run at (0,0) width 158: "Text just before the listing."
      RenderBlock {LISTING} at (0,69) size 784x48
        RenderText {#text} at (0,0) size 792x48
          text run at (0,0) width 272: "This text is inside a listing tag."
          text run at (272,0) width 0: " "
          text run at (0,16) width 768: "It acts exactly like the pre tag, so the text should be monospaced and not have any line breaks."
          text run at (768,16) width 0: " "
          text run at (0,32) width 792: "Also, it eats the very first newline inside the listing, so there should not be a blank line above."
          text run at (792,32) width 0: " "
      RenderBlock {P} at (0,133) size 784x20
        RenderText {#text} at (0,0) size 554x19
          text run at (0,0) width 554: "The listing tag has a width in it. To test the JavaScript binding, this page gets the width, here: "
        RenderInline {A} at (0,0) size 24x19
          RenderText {#text} at (554,0) size 24x19
            text run at (554,0) width 24: "100"
