layer at (0,0) size 800x600
  RenderView at (0,0) size 800x600
layer at (0,0) size 800x191
  RenderBlock {HTML} at (0,0) size 800x191
    RenderBody {BODY} at (8,8) size 784x175
      RenderTextControl {INPUT} at (2,2) size 162x21 [bgcolor=#FFFFFF] [border: (2px inset #000000)]
        RenderFlexibleBox {DIV} at (3,3) size 156x15
          RenderBlock {DIV} at (0,2) size 1x11
          RenderBlock {DIV} at (1,0) size 143x15
          RenderBlock {DIV} at (144,3) size 9x9
      RenderText {#text} at (166,3) size 4x18
        text run at (166,3) width 4: " "
      RenderBR {BR} at (0,0) size 0x0
      RenderTextControl {INPUT} at (2,27) size 162x21 [bgcolor=#FFFFFF] [border: (2px inset #000000)]
        RenderFlexibleBox {DIV} at (3,3) size 156x15
          RenderBlock {DIV} at (0,2) size 1x11
          RenderBlock {DIV} at (1,0) size 143x15
          RenderBlock {DIV} at (144,3) size 9x9
      RenderText {#text} at (166,28) size 4x18
        text run at (166,28) width 4: " "
      RenderBR {BR} at (0,0) size 0x0
      RenderTextControl {INPUT} at (2,52) size 174x21 [bgcolor=#FFFFFF] [border: (2px inset #000000)]
        RenderFlexibleBox {DIV} at (3,3) size 168x15
          RenderBlock {DIV} at (2,1) size 13x13
          RenderBlock {DIV} at (18,0) size 138x15
          RenderBlock {DIV} at (156,3) size 9x9
      RenderText {#text} at (178,53) size 4x18
        text run at (178,53) width 4: " "
      RenderBR {BR} at (0,0) size 0x0
      RenderTextControl {INPUT} at (2,77) size 174x21 [bgcolor=#FFFFFF] [border: (2px inset #000000)]
        RenderFlexibleBox {DIV} at (3,3) size 168x15
          RenderBlock {DIV} at (2,1) size 13x13
          RenderBlock {DIV} at (18,0) size 138x15
          RenderBlock {DIV} at (156,3) size 9x9
      RenderText {#text} at (178,78) size 4x18
        text run at (178,78) width 4: " "
      RenderBR {BR} at (0,0) size 0x0
      RenderTextControl {INPUT} at (2,102) size 179x21 [bgcolor=#FFFFFF] [border: (2px inset #000000)]
        RenderFlexibleBox {DIV} at (3,3) size 173x15
          RenderBlock {DIV} at (2,1) size 18x13
          RenderBlock {DIV} at (23,0) size 138x15
          RenderBlock {DIV} at (161,3) size 9x9
      RenderText {#text} at (183,103) size 4x18
        text run at (183,103) width 4: " "
      RenderBR {BR} at (0,0) size 0x0
      RenderTextControl {INPUT} at (2,127) size 179x21 [bgcolor=#FFFFFF] [border: (2px inset #000000)]
        RenderFlexibleBox {DIV} at (3,3) size 173x15
          RenderBlock {DIV} at (2,1) size 18x13
          RenderBlock {DIV} at (23,0) size 138x15
          RenderBlock {DIV} at (161,3) size 9x9
      RenderText {#text} at (183,128) size 4x18
        text run at (183,128) width 4: " "
      RenderBR {BR} at (0,0) size 0x0
      RenderTextControl {INPUT} at (2,152) size 319x21 [bgcolor=#FFFFFF] [border: (2px inset #000000)]
        RenderFlexibleBox {DIV} at (3,3) size 313x15
          RenderBlock {DIV} at (2,1) size 18x13
          RenderBlock {DIV} at (23,0) size 278x15
          RenderBlock {DIV} at (301,3) size 9x9
      RenderText {#text} at (0,0) size 0x0
layer at (14,13) size 143x15
  RenderBlock {DIV} at (0,0) size 143x15
layer at (14,38) size 143x15
  RenderBlock {DIV} at (0,0) size 143x15
    RenderText {#text} at (0,0) size 140x15
      text run at (0,0) width 140: "12345678901234567890"
layer at (31,63) size 138x15
  RenderBlock {DIV} at (0,0) size 138x15
layer at (31,88) size 138x15 scrollWidth 141
  RenderBlock {DIV} at (0,0) size 138x15
    RenderText {#text} at (0,0) size 140x15
      text run at (0,0) width 140: "12345678901234567890"
layer at (36,113) size 138x15
  RenderBlock {DIV} at (0,0) size 138x15
layer at (36,138) size 138x15 scrollWidth 141
  RenderBlock {DIV} at (0,0) size 138x15
    RenderText {#text} at (0,0) size 140x15
      text run at (0,0) width 140: "12345678901234567890"
layer at (36,163) size 278x15 scrollWidth 281
  RenderBlock {DIV} at (0,0) size 278x15
    RenderText {#text} at (0,0) size 280x15
      text run at (0,0) width 280: "1234567890123456789012345678901234567890"
