layer at (0,0) size 800x600
  RenderView at (0,0) size 800x600
layer at (0,0) size 800x269
  RenderBlock {HTML} at (0,0) size 800x269 [color=#000080] [bgcolor=#FFFFFF]
    RenderBody {BODY} at (8,16) size 784x237
      RenderBlock {DIV} at (0,0) size 100x200
        RenderBlock {P} at (0,0) size 100x200
          RenderEmbeddedObject {OBJECT} at (0,0) size 200x200
            layer at (0,0) size 100x200
              RenderView at (0,0) size 100x200
            layer at (0,0) size 100x200
              RenderSVGRoot {svg} at (0,0) size 0x0
      RenderBlock {P} at (0,216) size 784x21
        RenderText {#text} at (0,3) size 422x18
          text run at (0,3) width 422: "There should be a complete unbroken yin-yang symbol (\x{262F}) above."
