layer at (0,0) size 785x585
  RenderView at (0,0) size 785x585
layer at (0,0) size 785x178
  RenderBlock {HTML} at (0,0) size 785x178
    RenderBody {BODY} at (8,8) size 162x162 [color=#000080] [border: (1px solid #000080)]
      RenderBlock {P} at (1,17) size 160x60
        RenderText {#text} at (0,0) size 159x59
          text run at (0,0) width 159: "There should be scrollbars"
          text run at (0,20) width 156: "for the viewport -- not for"
          text run at (0,40) width 51: "this box."
      RenderBlock {P} at (1,93) size 160x20 [color=#808080]
        RenderText {#text} at (0,0) size 97x19
          text run at (0,0) width 97: "This is filler text."
      RenderBlock {P} at (1,129) size 160x20 [color=#808080]
        RenderText {#text} at (0,0) size 97x19
          text run at (0,0) width 97: "This is filler text."
      RenderBlock {P} at (1,165) size 160x20 [color=#808080]
        RenderText {#text} at (0,0) size 97x19
          text run at (0,0) width 97: "This is filler text."
      RenderBlock {P} at (1,201) size 160x20 [color=#808080]
        RenderText {#text} at (0,0) size 97x19
          text run at (0,0) width 97: "This is filler text."
