layer at (0,0) size 785x585
  RenderView at (0,0) size 785x585
layer at (0,0) size 785x340
  RenderBlock {HTML} at (0,0) size 785x340
    RenderBody {BODY} at (8,170) size 162x162 [color=#000080] [border: (1px solid #000080)]
      RenderBlock {P} at (1,17) size 160x140
        RenderText {#text} at (0,0) size 154x139
          text run at (0,0) width 102: "There should be"
          text run at (0,20) width 105: "scrollbars for the"
          text run at (0,40) width 143: "viewport -- not for this"
          text run at (0,60) width 154: "box. (Additionally, there"
          text run at (0,80) width 142: "should be a box above"
          text run at (0,100) width 90: "that does have"
          text run at (0,120) width 69: "scrollbars.)"
      RenderBlock {P} at (1,173) size 160x20 [color=#808080]
        RenderText {#text} at (0,0) size 106x19
          text run at (0,0) width 106: "This is filler text."
      RenderBlock {P} at (1,209) size 160x20 [color=#808080]
        RenderText {#text} at (0,0) size 106x19
          text run at (0,0) width 106: "This is filler text."
      RenderBlock {P} at (1,245) size 160x20 [color=#808080]
        RenderText {#text} at (0,0) size 106x19
          text run at (0,0) width 106: "This is filler text."
      RenderBlock {P} at (1,281) size 160x20 [color=#808080]
        RenderText {#text} at (0,0) size 106x19
          text run at (0,0) width 106: "This is filler text."
layer at (0,0) size 162x162 clip at (1,1) size 145x145
  RenderBlock {body} at (0,0) size 162x162 [color=#000080] [border: (1px solid #000080)]
