layer at (0,0) size 800x600
  RenderView at (0,0) size 800x600
layer at (0,0) size 800x222
  RenderBlock {HTML} at (0,0) size 800x222
    RenderBody {BODY} at (8,16) size 784x20 [color=#000080]
      RenderBlock {P} at (0,0) size 784x20
        RenderText {#text} at (0,0) size 413x19
          text run at (0,0) width 413: "There should be scrollbars for the box below -- not for the viewport."
layer at (8,52) size 162x162 clip at (9,53) size 145x145
  RenderBody {BODY} at (8,52) size 162x162 [color=#000080] [border: (1px solid #000080)]
