layer at (0,0) size 800x686
  RenderView at (0,0) size 800x600
layer at (0,0) size 800x686
  RenderBlock {HTML} at (0,0) size 800x686
    RenderBody {BODY} at (8,8) size 784x662
      RenderTable {TABLE} at (0,0) size 784x216 [border: (2px outset #808080)]
        RenderTableSection {TBODY} at (2,2) size 780x212
          RenderTableRow {TR} at (0,0) size 780x212
            RenderTableCell {TD} at (0,0) size 202x212 [border: (1px inset #808080)] [r=0 c=0 rs=1 cs=1]
              RenderImage {IMG} at (1,1) size 100x100 [bgcolor=#008000]
              RenderImage {IMG} at (101,1) size 100x100 [bgcolor=#008000]
              RenderBR {BR} at (201,86) size 0x19
              RenderImage {IMG} at (1,106) size 100x100 [bgcolor=#008000]
              RenderImage {IMG} at (101,106) size 100x100 [bgcolor=#008000]
            RenderTableCell {TD} at (202,95) size 578x22 [border: (1px inset #808080)] [r=0 c=1 rs=1 cs=1]
              RenderText {#text} at (1,1) size 25x19
                text run at (1,1) width 25: "Foo"
      RenderTable {TABLE} at (0,216) size 784x216 [border: (2px outset #808080)]
        RenderTableSection {TBODY} at (2,2) size 780x212
          RenderTableRow {TR} at (0,0) size 780x212
            RenderTableCell {TD} at (0,0) size 202x212 [border: (1px inset #808080)] [r=0 c=0 rs=1 cs=1]
              RenderInline {SPAN} at (0,0) size 200x19
                RenderImage {IMG} at (1,1) size 100x100 [bgcolor=#008000]
                RenderImage {IMG} at (101,1) size 100x100 [bgcolor=#008000]
              RenderBR {BR} at (201,86) size 0x19
              RenderImage {IMG} at (1,106) size 100x100 [bgcolor=#008000]
              RenderImage {IMG} at (101,106) size 100x100 [bgcolor=#008000]
            RenderTableCell {TD} at (202,95) size 578x22 [border: (1px inset #808080)] [r=0 c=1 rs=1 cs=1]
              RenderText {#text} at (1,1) size 25x19
                text run at (1,1) width 25: "Foo"
      RenderBlock {P} at (0,448) size 784x214 [border: (2px solid #0000FF)]
        RenderImage {IMG} at (2,2) size 100x100 [bgcolor=#008000]
        RenderImage {IMG} at (102,2) size 100x100 [bgcolor=#008000]
        RenderBR {BR} at (202,87) size 0x19
        RenderInline {A} at (0,0) size 100x19 [color=#0000EE]
          RenderImage {IMG} at (2,107) size 100x100 [bgcolor=#008000]
        RenderImage {IMG} at (102,107) size 100x100 [bgcolor=#008000]
        RenderText {#text} at (0,0) size 0x0
