layer at (0,0) size 800x600
  RenderView at (0,0) size 800x600
layer at (0,0) size 800x600
  RenderBlock {HTML} at (0,0) size 800x600
    RenderBody {BODY} at (8,8) size 784x584
      RenderBlock {P} at (0,0) size 784x40
        RenderText {#text} at (0,0) size 54x19
          text run at (0,0) width 54: "Test for "
        RenderInline {I} at (0,0) size 763x39
          RenderInline {A} at (0,0) size 305x19 [color=#0000EE]
            RenderText {#text} at (53,0) size 305x19
              text run at (53,0) width 305: "http://bugs.webkit.org/show_bug.cgi?id=13194"
          RenderText {#text} at (357,0) size 763x39
            text run at (357,0) width 5: " "
            text run at (361,0) width 402: "REGRESSION: Selection rects are wrong for images in search"
            text run at (0,20) width 204: "results from images.google.com"
        RenderText {#text} at (203,20) size 5x19
          text run at (203,20) width 5: "."
      RenderBlock {P} at (0,56) size 784x20
        RenderText {#text} at (0,0) size 729x19
          text run at (0,0) width 729: "Tests highlighting of replaced objects in table cells with extra height. You should see a dark green box and no red."
      RenderTable {TABLE} at (0,92) size 56x104
        RenderTableSection {TBODY} at (0,0) size 56x104
          RenderTableRow {TR} at (0,2) size 56x100
            RenderTableCell {TD} at (2,26) size 52x52 [r=0 c=0 rs=1 cs=1]
              RenderImage {IMG} at (1,1) size 50x50 [bgcolor=#FF0000]
selection start: position 0 of child 0 {IMG} of child 1 {TD} of child 0 {TR} of child 1 {TBODY} of child 5 {TABLE} of body
selection end:   position 1 of child 0 {IMG} of child 1 {TD} of child 0 {TR} of child 1 {TBODY} of child 5 {TABLE} of body
