layer at (0,0) size 800x600
  RenderView at (0,0) size 800x600
layer at (0,0) size 800x600
  RenderBlock {HTML} at (0,0) size 800x600
    RenderBody {BODY} at (8,8) size 784x584
      RenderBlock {DIV} at (0,0) size 5x72
        RenderMenuList {SELECT} at (2,2) size 21x20 [color=#007AFF] [bgcolor=#E9E9EA]
          RenderBlock (anonymous) at (5,3) size 11x14
            RenderText at (0,0) size 0x14
              text run at (0,0) width 0: " "
        RenderMenuList {SELECT} at (2,26) size 21x20 [color=#007AFF] [bgcolor=#E9E9EA]
          RenderBlock (anonymous) at (5,3) size 11x14
            RenderText at (0,0) size 0x14
              text run at (0,0) width 0: " "
        RenderMenuList {SELECT} at (2,50) size 21x20 [color=#007AFF] [bgcolor=#E9E9EA]
          RenderBlock (anonymous) at (5,3) size 11x14
            RenderText at (0,0) size 0x14
              text run at (0,0) width 0: " "
