layer at (0,0) size 800x600
  RenderView at (0,0) size 800x600
layer at (0,0) size 800x600
  RenderBlock {HTML} at (0,0) size 800x600
    RenderBody {BODY} at (8,8) size 784x584
      RenderBlock (anonymous) at (0,0) size 784x20
        RenderText {#text} at (0,0) size 256x19
          text run at (0,0) width 256: "The textareas below should not overlap."
      RenderTable {TABLE} at (0,20) size 784x42
        RenderTableSection {TBODY} at (0,0) size 784x42
          RenderTableRow {TR} at (0,1) size 784x40
            RenderTableCell {TD} at (1,1) size 15x40 [r=0 c=0 rs=1 cs=1]
            RenderTableCell {TD} at (17,1) size 15x40 [r=0 c=1 rs=1 cs=1]
            RenderTableCell {TD} at (33,1) size 15x40 [r=0 c=2 rs=1 cs=1]
            RenderTableCell {TD} at (49,10) size 734x22 [r=0 c=3 rs=1 cs=1]
              RenderText {#text} at (1,1) size 4x19
                text run at (1,1) width 4: " "
      RenderBlock (anonymous) at (0,62) size 784x40
        RenderBR {BR} at (0,0) size 0x19
        RenderBR {BR} at (0,20) size 0x19
      RenderTable {TABLE} at (0,102) size 784x42
        RenderTableSection {TBODY} at (0,0) size 784x42
          RenderTableRow {TR} at (0,1) size 784x40
            RenderTableCell {TD} at (1,1) size 15x40 [r=0 c=0 rs=1 cs=1]
            RenderTableCell {TD} at (17,1) size 15x40 [r=0 c=1 rs=1 cs=1]
            RenderTableCell {TD} at (33,1) size 15x40 [r=0 c=2 rs=1 cs=1]
            RenderTableCell {TD} at (49,10) size 734x22 [r=0 c=3 rs=1 cs=1]
              RenderText {#text} at (1,1) size 4x19
                text run at (1,1) width 4: " "
layer at (10,32) size 13x34 clip at (0,0) size 0x0 scrollWidth 12 scrollHeight 46
  RenderTextControl {TEXTAREA} at (1,3) size 13x34 [bgcolor=#FFFFFF] [border: (1px solid #E4E4E5)]
    RenderBlock {DIV} at (6,3) size 0x42
      RenderText {#text} at (0,0) size 7x42
        text run at (0,0) width 7: "o"
        text run at (0,14) width 7: "n"
        text run at (0,28) width 7: "e"
layer at (26,32) size 13x34 clip at (0,0) size 0x0 scrollWidth 14 scrollHeight 46
  RenderTextControl {TEXTAREA} at (1,3) size 13x34 [bgcolor=#FFFFFF] [border: (1px solid #E4E4E5)]
    RenderBlock {DIV} at (6,3) size 0x42
      RenderText {#text} at (0,0) size 9x42
        text run at (0,0) width 5: "t"
        text run at (0,14) width 9: "w"
        text run at (0,28) width 7: "o"
layer at (42,32) size 13x34 clip at (0,0) size 0x0 scrollWidth 12 scrollHeight 74
  RenderTextControl {TEXTAREA} at (1,3) size 13x34 [bgcolor=#FFFFFF] [border: (1px solid #E4E4E5)]
    RenderBlock {DIV} at (6,3) size 0x70
      RenderText {#text} at (0,0) size 7x70
        text run at (0,0) width 5: "t"
        text run at (0,14) width 7: "h"
        text run at (0,28) width 5: "r"
        text run at (0,42) width 7: "e"
        text run at (0,56) width 7: "e"
layer at (10,114) size 13x34 clip at (0,0) size 0x0 scrollWidth 14 scrollHeight 186
  RenderTextControl {TEXTAREA} at (1,3) size 13x34 [bgcolor=#FFFFFF] [border: (1px solid #E4E4E5)]
    RenderBlock {DIV} at (6,3) size 0x182
      RenderText {#text} at (0,0) size 9x182
        text run at (0,0) width 7: "o"
        text run at (0,14) width 7: "n"
        text run at (0,28) width 7: "e"
        text run at (0,42) width 0: " "
        text run at (0,56) width 5: "t"
        text run at (0,70) width 9: "w"
        text run at (0,84) width 7: "o"
        text run at (0,98) width 0: " "
        text run at (0,112) width 5: "t"
        text run at (0,126) width 7: "h"
        text run at (0,140) width 5: "r"
        text run at (0,154) width 7: "e"
        text run at (0,168) width 7: "e"
layer at (26,114) size 13x34 clip at (0,0) size 0x0 scrollWidth 14 scrollHeight 46
  RenderTextControl {TEXTAREA} at (1,3) size 13x34 [bgcolor=#FFFFFF] [border: (1px solid #E4E4E5)]
    RenderBlock {DIV} at (6,3) size 0x42
      RenderText {#text} at (0,0) size 9x42
        text run at (0,0) width 5: "t"
        text run at (0,14) width 9: "w"
        text run at (0,28) width 7: "o"
layer at (42,114) size 13x34 clip at (0,0) size 0x0 scrollWidth 12 scrollHeight 74
  RenderTextControl {TEXTAREA} at (1,3) size 13x34 [bgcolor=#FFFFFF] [border: (1px solid #E4E4E5)]
    RenderBlock {DIV} at (6,3) size 0x70
      RenderText {#text} at (0,0) size 7x70
        text run at (0,0) width 5: "t"
        text run at (0,14) width 7: "h"
        text run at (0,28) width 5: "r"
        text run at (0,42) width 7: "e"
        text run at (0,56) width 7: "e"
