layer at (0,0) size 800x600
  RenderView at (0,0) size 800x600
layer at (0,0) size 800x600
  RenderBlock {HTML} at (0,0) size 800x600
    RenderBody {BODY} at (8,8) size 784x584
      RenderBlock (anonymous) at (0,0) size 784x20
        RenderText {#text} at (0,0) size 229x19
          text run at (0,0) width 229: "These textfields should not overlap."
      RenderTable {TABLE} at (0,20) size 784x26
        RenderTableSection {TBODY} at (0,0) size 784x26
          RenderTableRow {TR} at (0,1) size 784x24
            RenderTableCell {TD} at (1,1) size 15x24 [r=0 c=0 rs=1 cs=1]
              RenderTextControl {INPUT} at (1,1) size 13x22 [bgcolor=#FFFFFF] [border: (1px solid #3C3C4399)]
            RenderTableCell {TD} at (17,1) size 15x24 [r=0 c=1 rs=1 cs=1]
              RenderTextControl {INPUT} at (1,1) size 13x22 [bgcolor=#FFFFFF] [border: (1px solid #3C3C4399)]
            RenderTableCell {TD} at (33,1) size 15x24 [r=0 c=2 rs=1 cs=1]
              RenderTextControl {INPUT} at (1,1) size 13x22 [bgcolor=#FFFFFF] [border: (1px solid #3C3C4399)]
            RenderTableCell {TD} at (49,1) size 734x23 [r=0 c=3 rs=1 cs=1]
              RenderText {#text} at (1,1) size 4x20
                text run at (1,1) width 4: " "
      RenderBlock (anonymous) at (0,45) size 784x41
        RenderBR {BR} at (0,0) size 0x19
        RenderBR {BR} at (0,20) size 0x19
      RenderTable {TABLE} at (0,85) size 784x26
        RenderTableSection {TBODY} at (0,0) size 784x26
          RenderTableRow {TR} at (0,1) size 784x24
            RenderTableCell {TD} at (1,1) size 15x24 [r=0 c=0 rs=1 cs=1]
              RenderTextControl {INPUT} at (1,1) size 13x22 [bgcolor=#FFFFFF] [border: (1px solid #3C3C4399)]
            RenderTableCell {TD} at (17,1) size 15x24 [r=0 c=1 rs=1 cs=1]
              RenderTextControl {INPUT} at (1,1) size 13x22 [bgcolor=#FFFFFF] [border: (1px solid #3C3C4399)]
            RenderTableCell {TD} at (33,1) size 15x24 [r=0 c=2 rs=1 cs=1]
              RenderTextControl {INPUT} at (1,1) size 13x22 [bgcolor=#FFFFFF] [border: (1px solid #3C3C4399)]
            RenderTableCell {TD} at (49,1) size 734x23 [r=0 c=3 rs=1 cs=1]
              RenderText {#text} at (1,1) size 4x20
                text run at (1,1) width 4: " "
