layer at (0,0) size 800x600
  RenderView at (0,0) size 800x600
layer at (0,0) size 800x600
  RenderBlock {HTML} at (0,0) size 800x600
    RenderBody {BODY} at (8,8) size 784x584
      RenderBlock (anonymous) at (0,0) size 784x20
        RenderText {#text} at (0,0) size 229x19
          text run at (0,0) width 229: "These textfields should not overlap."
      RenderTable {TABLE} at (0,20) size 784x29
        RenderTableSection {TBODY} at (0,0) size 784x29
          RenderTableRow {TR} at (0,1) size 784x27
            RenderTableCell {TD} at (1,1) size 15x27 [r=0 c=0 rs=1 cs=1]
              RenderTextControl {INPUT} at (1,3) size 13x22 [bgcolor=#EEEEEF] [border: (1px solid #FFFFFF)]
                RenderFlexibleBox {DIV} at (6,3) size 0x15
                  RenderBlock {DIV} at (0,1) size 11x12
                  RenderBlock {DIV} at (15,0) size 0x14
                  RenderBlock {DIV} at (15,7) size 0x0
            RenderTableCell {TD} at (17,1) size 15x27 [r=0 c=1 rs=1 cs=1]
              RenderTextControl {INPUT} at (1,3) size 13x22 [bgcolor=#EEEEEF] [border: (1px solid #FFFFFF)]
                RenderFlexibleBox {DIV} at (6,3) size 0x15
                  RenderBlock {DIV} at (0,1) size 11x12
                  RenderBlock {DIV} at (15,0) size 0x14
                  RenderBlock {DIV} at (15,7) size 0x0
            RenderTableCell {TD} at (33,1) size 15x27 [r=0 c=2 rs=1 cs=1]
              RenderTextControl {INPUT} at (1,3) size 13x22 [bgcolor=#EEEEEF] [border: (1px solid #FFFFFF)]
                RenderFlexibleBox {DIV} at (6,3) size 0x15
                  RenderBlock {DIV} at (0,1) size 11x12
                  RenderBlock {DIV} at (15,0) size 0x14
                  RenderBlock {DIV} at (15,7) size 0x0
            RenderTableCell {TD} at (49,3) size 734x23 [r=0 c=3 rs=1 cs=1]
              RenderText {#text} at (1,1) size 4x20
                text run at (1,2) width 4: " "
      RenderBlock (anonymous) at (0,49) size 784x40
        RenderBR {BR} at (0,0) size 0x19
        RenderBR {BR} at (0,20) size 0x19
      RenderTable {TABLE} at (0,89) size 784x29
        RenderTableSection {TBODY} at (0,0) size 784x29
          RenderTableRow {TR} at (0,1) size 784x27
            RenderTableCell {TD} at (1,1) size 15x27 [r=0 c=0 rs=1 cs=1]
              RenderTextControl {INPUT} at (1,3) size 13x22 [bgcolor=#EEEEEF] [border: (1px solid #FFFFFF)]
                RenderFlexibleBox {DIV} at (6,3) size 0x15
                  RenderBlock {DIV} at (0,1) size 11x12
                  RenderBlock {DIV} at (15,0) size 0x14
                  RenderBlock {DIV} at (15,7) size 0x0
            RenderTableCell {TD} at (17,1) size 15x27 [r=0 c=1 rs=1 cs=1]
              RenderTextControl {INPUT} at (1,3) size 13x22 [bgcolor=#EEEEEF] [border: (1px solid #FFFFFF)]
                RenderFlexibleBox {DIV} at (6,3) size 0x15
                  RenderBlock {DIV} at (0,1) size 11x12
                  RenderBlock {DIV} at (15,0) size 0x14
                  RenderBlock {DIV} at (15,7) size 0x0
            RenderTableCell {TD} at (33,1) size 15x27 [r=0 c=2 rs=1 cs=1]
              RenderTextControl {INPUT} at (1,3) size 13x22 [bgcolor=#EEEEEF] [border: (1px solid #FFFFFF)]
                RenderFlexibleBox {DIV} at (6,3) size 0x15
                  RenderBlock {DIV} at (0,1) size 11x12
                  RenderBlock {DIV} at (15,0) size 0x14
                  RenderBlock {DIV} at (15,7) size 0x0
            RenderTableCell {TD} at (49,3) size 734x23 [r=0 c=3 rs=1 cs=1]
              RenderText {#text} at (1,1) size 4x20
                text run at (1,2) width 4: " "
