layer at (0,0) size 800x600
  RenderView at (0,0) size 800x600
layer at (0,0) size 800x100
  RenderBlock {HTML} at (0,0) size 800x100
    RenderBody {BODY} at (8,16) size 784x76
      RenderBlock {P} at (0,0) size 784x36
        RenderText {#text} at (0,0) size 764x35
          text run at (0,0) width 764: "This tests that that an autofilled and viewable Strong Password decorated text field reverts to its original appearance when"
          text run at (0,18) width 330: "the form is reset. It can only be tested in the test tool."
      RenderBlock {FORM} at (0,52) size 784x24
        RenderTextControl {INPUT} at (0,0) size 192x24 [bgcolor=#FFFFFF] [border: (2px inset #000000)]
          RenderFlexibleBox {DIV} at (3,3) size 186x18
            RenderBlock {DIV} at (0,0) size 186x18
        RenderText {#text} at (0,0) size 0x0
layer at (11,71) size 186x18
  RenderBlock {DIV} at (0,0) size 186x18
    RenderText {#text} at (0,0) size 54x17
      text run at (0,0) width 54: "\x{2022}\x{2022}\x{2022}\x{2022}\x{2022}\x{2022}\x{2022}\x{2022}\x{2022}"
