layer at (0,0) size 800x600
  RenderView at (0,0) size 800x600
layer at (0,0) size 800x206
  RenderBlock {HTML} at (0,0) size 800x206
    RenderBody {BODY} at (8,16) size 784x182
      RenderBlock {P} at (0,0) size 784x36
        RenderText {#text} at (0,0) size 751x35
          text run at (0,0) width 751: "This tests that the Strong Password AutoFill and viewable visual treatment renders in an auto-filled input. It can only be"
          text run at (0,18) width 132: "tested in the test tool."
      RenderBlock {DIV} at (0,52) size 784x130
        RenderTextControl {INPUT} at (0,0) size 210x24 [bgcolor=#FAFFBD] [border: (2px inset #000000)]
        RenderText {#text} at (210,2) size 4x17
          text run at (210,2) width 4: " "
        RenderTextControl {INPUT} at (214,0) size 210x24 [bgcolor=#FAFFBD] [border: (2px inset #000000)]
          RenderFlexibleBox {DIV} at (3,3) size 204x18
            RenderBlock {DIV} at (0,0) size 204x18
        RenderText {#text} at (424,2) size 4x17
          text run at (424,2) width 4: " "
        RenderTextControl {INPUT} at (428,0) size 306x24 [bgcolor=#FAFFBD] [border: (2px inset #000000)]
          RenderFlexibleBox {DIV} at (3,3) size 300x18
            RenderBlock {DIV} at (0,0) size 300x18
        RenderText {#text} at (734,2) size 4x17
          text run at (734,2) width 4: " "
        RenderTextControl {INPUT} at (738,0) size 26x24 [bgcolor=#FAFFBD] [border: (2px inset #000000)]
          RenderFlexibleBox {DIV} at (3,3) size 20x18
            RenderBlock {DIV} at (0,0) size 20x18
        RenderText {#text} at (0,0) size 0x0
        RenderTextControl {INPUT} at (0,24) size 210x106 [bgcolor=#FAFFBD] [border: (2px inset #000000)]
          RenderFlexibleBox {DIV} at (3,3) size 204x100
            RenderBlock {DIV} at (0,41) size 204x18
        RenderText {#text} at (210,67) size 4x17
          text run at (210,67) width 4: " "
        RenderTextControl {INPUT} at (214,24) size 26x106 [bgcolor=#FAFFBD] [border: (2px inset #000000)]
          RenderFlexibleBox {DIV} at (3,3) size 20x100
            RenderBlock {DIV} at (0,41) size 20x18
        RenderText {#text} at (240,67) size 4x17
          text run at (240,67) width 4: " "
        RenderTextControl {INPUT} at (244,65) size 210x24 [bgcolor=#FAFFBD] [border: (2px inset #000000)]
layer at (11,71) size 204x18 scrollWidth 431
  RenderBlock {DIV} at (3,3) size 204x18
    RenderText {#text} at (0,0) size 430x18
      text run at (0,0) width 430: "A quick brown fox jumped over the lazy dog."
layer at (225,71) size 204x18 scrollWidth 431
  RenderBlock {DIV} at (0,0) size 204x18
    RenderText {#text} at (0,0) size 430x18
      text run at (0,0) width 430: "A quick brown fox jumped over the lazy dog."
layer at (439,71) size 300x18 scrollWidth 431
  RenderBlock {DIV} at (0,0) size 300x18
    RenderText {#text} at (0,0) size 430x18
      text run at (0,0) width 430: "A quick brown fox jumped over the lazy dog."
layer at (749,71) size 20x18 scrollWidth 431
  RenderBlock {DIV} at (0,0) size 20x18
    RenderText {#text} at (0,0) size 430x18
      text run at (0,0) width 430: "A quick brown fox jumped over the lazy dog."
layer at (11,136) size 204x18 scrollWidth 431
  RenderBlock {DIV} at (0,0) size 204x18
    RenderText {#text} at (0,0) size 430x18
      text run at (0,0) width 430: "A quick brown fox jumped over the lazy dog."
layer at (225,136) size 20x18 scrollWidth 431
  RenderBlock {DIV} at (0,0) size 20x18
    RenderText {#text} at (0,0) size 430x18
      text run at (0,0) width 430: "A quick brown fox jumped over the lazy dog."
layer at (255,136) size 204x18
  RenderBlock {DIV} at (3,3) size 204x18
