layer at (0,0) size 800x600
  RenderView at (0,0) size 800x600
layer at (0,0) size 800x600
  RenderBlock {HTML} at (0,0) size 800x600
    RenderBody {BODY} at (8,8) size 784x584
      RenderBlock {P} at (0,0) size 784x18
        RenderText {#text} at (0,0) size 503x17
          text run at (0,0) width 503: "This tests that the AutoFill button renders. It can only be tested in the test tool."
      RenderBlock {DIV} at (0,34) size 784x24
        RenderTextControl {INPUT} at (0,0) size 192x24 [bgcolor=#FFFFFF] [border: (2px inset #000000)]
          RenderFlexibleBox {DIV} at (3,3) size 186x18
            RenderBlock {DIV} at (0,0) size 159x18
        RenderText {#text} at (192,3) size 4x17
          text run at (192,3) width 4: " "
        RenderTextControl {INPUT} at (196,0) size 192x24 [bgcolor=#FFFFFF] [border: (2px inset #000000)]
          RenderFlexibleBox {DIV} at (3,3) size 186x18
            RenderBlock {DIV} at (0,0) size 159x18
        RenderText {#text} at (388,3) size 4x17
          text run at (388,3) width 4: " "
        RenderTextControl {INPUT} at (392,0) size 192x24 [bgcolor=#FFFFFF] [border: (2px inset #000000)]
          RenderFlexibleBox {DIV} at (3,3) size 186x18
            RenderBlock {DIV} at (0,0) size 159x18
        RenderTextControl {INPUT} at (584,0) size 192x24 [bgcolor=#FFFFFF] [border: (2px inset #000000)]
          RenderFlexibleBox {DIV} at (3,3) size 186x18
            RenderBlock {DIV} at (0,0) size 159x18
layer at (11,45) size 159x18
  RenderBlock {DIV} at (0,0) size 159x18
layer at (207,45) size 159x18
  RenderBlock {DIV} at (0,0) size 159x18
layer at (403,45) size 159x18
  RenderBlock {DIV} at (0,0) size 159x18
layer at (595,45) size 159x18
  RenderBlock {DIV} at (0,0) size 159x18
layer at (173,48) size 22x12
  RenderBlock {DIV} at (162,3) size 22x12 [bgcolor=#000000]
layer at (369,48) size 22x12
  RenderBlock {DIV} at (162,3) size 22x12 [bgcolor=#000000]
layer at (565,48) size 22x12
  RenderBlock {DIV} at (162,3) size 22x12 [bgcolor=#000000]
layer at (757,48) size 22x12
  RenderBlock {DIV} at (162,3) size 22x12 [bgcolor=#000000]
