layer at (0,0) size 800x600
  RenderView at (0,0) size 800x600
layer at (0,0) size 800x106
  RenderBlock {HTML} at (0,0) size 800x106
    RenderBody {BODY} at (8,16) size 784x82
      RenderBlock {P} at (0,0) size 784x18
        RenderText {#text} at (0,0) size 598x17
          text run at (0,0) width 598: "This tests that the Address Book AutoFill button renders. It can only be tested in the test tool."
      RenderBlock {DIV} at (0,34) size 784x48
        RenderTextControl {INPUT} at (0,0) size 192x24 [bgcolor=#FFFFFF] [border: (2px inset #000000)]
          RenderFlexibleBox {DIV} at (3,3) size 186x18
            RenderBlock {DIV} at (0,0) size 159x18
        RenderText {#text} at (192,3) size 4x17
          text run at (192,3) width 4: " "
        RenderTextControl {INPUT} at (196,0) size 192x24 [bgcolor=#FFFFFF] [border: (2px inset #000000)]
          RenderFlexibleBox {DIV} at (3,3) size 186x18
            RenderBlock {DIV} at (0,0) size 159x18
        RenderText {#text} at (388,3) size 4x17
          text run at (388,3) width 4: " "
        RenderTextControl {INPUT} at (392,0) size 192x24 [bgcolor=#FFFFFF] [border: (2px inset #000000)]
          RenderFlexibleBox {DIV} at (3,3) size 186x18
            RenderBlock {DIV} at (0,0) size 159x18
        RenderText {#text} at (584,3) size 4x17
          text run at (584,3) width 4: " "
        RenderTextControl {INPUT} at (588,0) size 192x24 [bgcolor=#FFFFFF] [border: (2px inset #000000)]
          RenderFlexibleBox {DIV} at (3,3) size 186x18
            RenderBlock {DIV} at (0,0) size 159x18
        RenderTextControl {INPUT} at (0,24) size 192x24 [bgcolor=#FFFFFF] [border: (2px inset #000000)]
          RenderFlexibleBox {DIV} at (3,3) size 186x18
            RenderBlock {DIV} at (0,0) size 159x18
        RenderTextControl {INPUT} at (192,24) size 192x24 [bgcolor=#FFFFFF] [border: (2px inset #000000)]
          RenderFlexibleBox {DIV} at (3,3) size 186x18
            RenderBlock {DIV} at (0,0) size 159x18
layer at (11,53) size 159x18
  RenderBlock {DIV} at (0,0) size 159x18
layer at (207,53) size 159x18
  RenderBlock {DIV} at (0,0) size 159x18
layer at (403,53) size 159x18
  RenderBlock {DIV} at (0,0) size 159x18
layer at (599,53) size 159x18
  RenderBlock {DIV} at (0,0) size 159x18
layer at (11,77) size 159x18
  RenderBlock {DIV} at (0,0) size 159x18
layer at (203,77) size 159x18
  RenderBlock {DIV} at (0,0) size 159x18
layer at (173,56) size 22x12
  RenderBlock {DIV} at (162,3) size 22x12 [bgcolor=#000000]
layer at (369,56) size 22x12
  RenderBlock {DIV} at (162,3) size 22x12 [bgcolor=#000000]
layer at (565,56) size 22x12
  RenderBlock {DIV} at (162,3) size 22x12 [bgcolor=#000000]
layer at (761,56) size 22x12
  RenderBlock {DIV} at (162,3) size 22x12 [bgcolor=#000000]
layer at (173,80) size 22x12
  RenderBlock {DIV} at (162,3) size 22x12 [bgcolor=#000000]
layer at (365,80) size 22x12
  RenderBlock {DIV} at (162,3) size 22x12 [bgcolor=#000000]
