layer at (0,0) size 800x600
  RenderView at (0,0) size 800x600
layer at (0,0) size 800x34
  RenderBlock {html} at (0,0) size 800x34
    RenderBody {body} at (8,8) size 784x18 [color=#FF0000]
      RenderInline {test} at (0,0) size 136x18 [color=#008000]
        RenderText {#text} at (0,0) size 136x18
          text run at (0,0) width 136: "This should be green."
      RenderText {#text} at (0,0) size 0x0
