layer at (0,0) size 800x600
  RenderView at (0,0) size 800x600
layer at (0,0) size 800x88
  RenderBlock {html} at (0,0) size 800x88 [color=#008000]
    RenderBody {body} at (8,8) size 784x72
      RenderBlock {test2} at (0,0) size 784x18
        RenderText {#text} at (0,0) size 136x18
          text run at (0,0) width 136: "This should be green."
      RenderBlock {test2} at (0,18) size 784x18
        RenderText {#text} at (0,0) size 136x18
          text run at (0,0) width 136: "This should be green."
      RenderBlock {test1} at (0,36) size 784x18
        RenderText {#text} at (0,0) size 136x18
          text run at (0,0) width 136: "This should be green."
      RenderBlock {test1} at (0,54) size 784x18
        RenderText {#text} at (0,0) size 136x18
          text run at (0,0) width 136: "This should be green."
