layer at (0,0) size 800x600
  RenderView at (0,0) size 800x600
layer at (0,0) size 800x34
  RenderBlock {html} at (0,0) size 800x34
    RenderBody {body} at (8,8) size 784x18 [color=#008000]
      RenderInline {tests} at (0,0) size 540x17
        RenderText {#text} at (0,0) size 0x0
        RenderInline {first-child} at (0,0) size 82x17
          RenderText {#text} at (0,0) size 82x17
            text run at (0,0) width 82: "None of this "
        RenderText {#text} at (0,0) size 0x0
        RenderInline {element} at (0,0) size 92x17
          RenderText {#text} at (82,0) size 92x17
            text run at (82,0) width 92: "text should be "
        RenderText {#text} at (0,0) size 0x0
        RenderInline {attribute} at (0,0) size 118x17
          RenderText {#text} at (174,0) size 118x17
            text run at (174,0) width 118: "matching the style "
        RenderText {#text} at (0,0) size 0x0
        RenderInline {span} at (0,0) size 95x17
          RenderText {#text} at (292,0) size 95x17
            text run at (292,0) width 95: "rules, and thus "
        RenderText {#text} at (0,0) size 0x0
        RenderInline {universal} at (0,0) size 64x17
          RenderText {#text} at (387,0) size 64x17
            text run at (387,0) width 64: "none of it "
        RenderText {#text} at (0,0) size 0x0
        RenderInline {span} at (0,0) size 89x17
          RenderText {#text} at (451,0) size 89x17
            text run at (451,0) width 89: "should be red."
        RenderText {#text} at (0,0) size 0x0
      RenderText {#text} at (0,0) size 0x0
