layer at (0,0) size 800x600
  RenderView at (0,0) size 800x600
layer at (0,0) size 800x600
  RenderBlock {HTML} at (0,0) size 800x600
    RenderBody {BODY} at (8,8) size 784x584
      RenderBlock (anonymous) at (0,0) size 784x20
        RenderText {#text} at (0,0) size 327x19
          text run at (0,0) width 327: "This tests that buttons don't honor table display styles. "
        RenderBR {BR} at (327,15) size 0x0
      RenderButton {INPUT} at (2,22) size 96x22 [bgcolor=#F0F0F0] [border: (2px outset #F0F0F0)]
        RenderBlock (anonymous) at (8,3) size 80x16
          RenderText at (0,0) size 80x16
            text run at (0,0) width 80: "display: table"
      RenderButton {INPUT} at (2,46) size 96x22 [bgcolor=#F0F0F0] [border: (2px outset #F0F0F0)]
        RenderBlock (anonymous) at (8,3) size 80x16
          RenderText at (0,0) size 80x16
            text run at (0,0) width 80: "display: table"
      RenderBlock (anonymous) at (0,70) size 784x434
        RenderBR {BR} at (0,0) size 0x19
        RenderBR {BR} at (0,20) size 0x19
        RenderButton {INPUT} at (2,42) size 131x22 [bgcolor=#F0F0F0] [border: (2px outset #F0F0F0)]
          RenderBlock (anonymous) at (8,3) size 115x16
            RenderText at (0,0) size 115x16
              text run at (0,0) width 115: "display: inline-table"
        RenderText {#text} at (135,43) size 4x19
          text run at (135,43) width 4: " "
        RenderButton {INPUT} at (141,42) size 131x22 [bgcolor=#F0F0F0] [border: (2px outset #F0F0F0)]
          RenderBlock (anonymous) at (8,3) size 115x16
            RenderText at (0,0) size 115x16
              text run at (0,0) width 115: "display: inline-table"
        RenderText {#text} at (274,43) size 4x19
          text run at (274,43) width 4: " "
        RenderBR {BR} at (278,58) size 0x0
        RenderBR {BR} at (0,66) size 0x19
        RenderButton {INPUT} at (2,88) size 160x22 [bgcolor=#F0F0F0] [border: (2px outset #F0F0F0)]
          RenderBlock (anonymous) at (8,3) size 144x16
            RenderText at (0,0) size 144x16
              text run at (0,0) width 144: "display: table-row-group"
        RenderText {#text} at (164,89) size 4x19
          text run at (164,89) width 4: " "
        RenderButton {INPUT} at (170,88) size 160x22 [bgcolor=#F0F0F0] [border: (2px outset #F0F0F0)]
          RenderBlock (anonymous) at (8,3) size 144x16
            RenderText at (0,0) size 144x16
              text run at (0,0) width 144: "display: table-row-group"
        RenderText {#text} at (332,89) size 4x19
          text run at (332,89) width 4: " "
        RenderBR {BR} at (336,104) size 0x0
        RenderBR {BR} at (0,112) size 0x19
        RenderButton {INPUT} at (2,134) size 182x22 [bgcolor=#F0F0F0] [border: (2px outset #F0F0F0)]
          RenderBlock (anonymous) at (8,3) size 166x16
            RenderText at (0,0) size 166x16
              text run at (0,0) width 166: "display: table-header-group"
        RenderText {#text} at (186,135) size 4x19
          text run at (186,135) width 4: " "
        RenderButton {INPUT} at (192,134) size 182x22 [bgcolor=#F0F0F0] [border: (2px outset #F0F0F0)]
          RenderBlock (anonymous) at (8,3) size 166x16
            RenderText at (0,0) size 166x16
              text run at (0,0) width 166: "display: table-header-group"
        RenderText {#text} at (376,135) size 4x19
          text run at (376,135) width 4: " "
        RenderBR {BR} at (380,150) size 0x0
        RenderBR {BR} at (0,158) size 0x19
        RenderButton {INPUT} at (2,180) size 173x22 [bgcolor=#F0F0F0] [border: (2px outset #F0F0F0)]
          RenderBlock (anonymous) at (8,3) size 157x16
            RenderText at (0,0) size 157x16
              text run at (0,0) width 157: "display: table-footer-group"
        RenderText {#text} at (177,181) size 4x19
          text run at (177,181) width 4: " "
        RenderButton {INPUT} at (183,180) size 173x22 [bgcolor=#F0F0F0] [border: (2px outset #F0F0F0)]
          RenderBlock (anonymous) at (8,3) size 157x16
            RenderText at (0,0) size 157x16
              text run at (0,0) width 157: "display: table-footer-group"
        RenderText {#text} at (358,181) size 4x19
          text run at (358,181) width 4: " "
        RenderBR {BR} at (362,196) size 0x0
        RenderBR {BR} at (0,204) size 0x19
        RenderButton {INPUT} at (2,226) size 121x22 [bgcolor=#F0F0F0] [border: (2px outset #F0F0F0)]
          RenderBlock (anonymous) at (8,3) size 105x16
            RenderText at (0,0) size 105x16
              text run at (0,0) width 105: "display: table-row"
        RenderText {#text} at (125,227) size 4x19
          text run at (125,227) width 4: " "
        RenderButton {INPUT} at (131,226) size 121x22 [bgcolor=#F0F0F0] [border: (2px outset #F0F0F0)]
          RenderBlock (anonymous) at (8,3) size 105x16
            RenderText at (0,0) size 105x16
              text run at (0,0) width 105: "display: table-row"
        RenderText {#text} at (254,227) size 4x19
          text run at (254,227) width 4: " "
        RenderBR {BR} at (258,242) size 0x0
        RenderBR {BR} at (0,250) size 0x19
        RenderButton {INPUT} at (2,272) size 182x22 [bgcolor=#F0F0F0] [border: (2px outset #F0F0F0)]
          RenderBlock (anonymous) at (8,3) size 166x16
            RenderText at (0,0) size 166x16
              text run at (0,0) width 166: "display: table-column-group"
        RenderText {#text} at (186,273) size 4x19
          text run at (186,273) width 4: " "
        RenderButton {INPUT} at (192,272) size 182x22 [bgcolor=#F0F0F0] [border: (2px outset #F0F0F0)]
          RenderBlock (anonymous) at (8,3) size 166x16
            RenderText at (0,0) size 166x16
              text run at (0,0) width 166: "display: table-column-group"
        RenderText {#text} at (376,273) size 4x19
          text run at (376,273) width 4: " "
        RenderBR {BR} at (380,288) size 0x0
        RenderBR {BR} at (0,296) size 0x19
        RenderButton {INPUT} at (2,318) size 143x22 [bgcolor=#F0F0F0] [border: (2px outset #F0F0F0)]
          RenderBlock (anonymous) at (8,3) size 127x16
            RenderText at (0,0) size 127x16
              text run at (0,0) width 127: "display: table-column"
        RenderText {#text} at (147,319) size 4x19
          text run at (147,319) width 4: " "
        RenderButton {INPUT} at (153,318) size 143x22 [bgcolor=#F0F0F0] [border: (2px outset #F0F0F0)]
          RenderBlock (anonymous) at (8,3) size 127x16
            RenderText at (0,0) size 127x16
              text run at (0,0) width 127: "display: table-column"
        RenderText {#text} at (298,319) size 4x19
          text run at (298,319) width 4: " "
        RenderBR {BR} at (302,334) size 0x0
        RenderBR {BR} at (0,342) size 0x19
        RenderButton {INPUT} at (2,364) size 121x22 [bgcolor=#F0F0F0] [border: (2px outset #F0F0F0)]
          RenderBlock (anonymous) at (8,3) size 105x16
            RenderText at (0,0) size 105x16
              text run at (0,0) width 105: "display: table-cell"
        RenderText {#text} at (125,365) size 4x19
          text run at (125,365) width 4: " "
        RenderButton {INPUT} at (131,364) size 121x22 [bgcolor=#F0F0F0] [border: (2px outset #F0F0F0)]
          RenderBlock (anonymous) at (8,3) size 105x16
            RenderText at (0,0) size 105x16
              text run at (0,0) width 105: "display: table-cell"
        RenderText {#text} at (254,365) size 4x19
          text run at (254,365) width 4: " "
        RenderBR {BR} at (258,380) size 0x0
        RenderBR {BR} at (0,388) size 0x19
        RenderButton {INPUT} at (2,410) size 144x22 [bgcolor=#F0F0F0] [border: (2px outset #F0F0F0)]
          RenderBlock (anonymous) at (8,3) size 128x16
            RenderText at (0,0) size 128x16
              text run at (0,0) width 128: "display: table-caption"
        RenderText {#text} at (148,411) size 4x19
          text run at (148,411) width 4: " "
        RenderButton {INPUT} at (154,410) size 144x22 [bgcolor=#F0F0F0] [border: (2px outset #F0F0F0)]
          RenderBlock (anonymous) at (8,3) size 128x16
            RenderText at (0,0) size 128x16
              text run at (0,0) width 128: "display: table-caption"
        RenderText {#text} at (0,0) size 0x0
