layer at (0,0) size 800x600
  RenderView at (0,0) size 800x600
layer at (0,0) size 800x298
  RenderBlock {HTML} at (0,0) size 800x298
    RenderBody {BODY} at (8,16) size 784x274
      RenderBlock {P} at (0,0) size 784x40
        RenderText {#text} at (0,0) size 300x19
          text run at (0,0) width 279: "This is a test of generated content in <button> "
          text run at (279,0) width 21: "for "
        RenderInline {I} at (0,0) size 752x39
          RenderInline {A} at (0,0) size 350x19 [color=#0000EE]
            RenderText {#text} at (300,0) size 350x19
              text run at (300,0) width 350: "http://bugzilla.opendarwin.org/show_bug.cgi?id=9561"
          RenderText {#text} at (650,0) size 752x39
            text run at (650,0) width 4: " "
            text run at (654,0) width 98: "REGRESSION:"
            text run at (0,20) width 439: "Content property on :before of button causes hang on click or hover"
        RenderText {#text} at (439,20) size 4x19
          text run at (439,20) width 4: "."
      RenderBlock {HR} at (0,56) size 784x2 [border: (1px inset #000000)]
      RenderBlock (anonymous) at (0,66) size 784x208
        RenderButton {BUTTON} at (2,2) size 55x22 [color=#0000FF] [bgcolor=#F0F0F0] [border: (2px outset #F0F0F0)]
          RenderBlock (anonymous) at (8,3) size 39x16
            RenderInline (generated) at (0,0) size 39x16
              RenderText at (0,0) size 39x16
                text run at (0,0) width 39: "before"
        RenderText {#text} at (59,3) size 4x19
          text run at (59,3) width 4: " "
        RenderButton {BUTTON} at (65,2) size 91x22 [color=#0000FF] [bgcolor=#F0F0F0] [border: (2px outset #F0F0F0)]
          RenderBlock (anonymous) at (8,3) size 75x16
            RenderInline (generated) at (0,0) size 39x16
              RenderText at (0,0) size 39x16
                text run at (0,0) width 39: "before"
            RenderText {#text} at (39,0) size 36x16
              text run at (39,0) width 36: "button"
        RenderText {#text} at (158,3) size 4x19
          text run at (158,3) width 4: " "
        RenderBR {BR} at (0,0) size 0x0
        RenderButton {BUTTON} at (2,28) size 42x22 [color=#0000FF] [bgcolor=#F0F0F0] [border: (2px outset #F0F0F0)]
          RenderBlock (anonymous) at (8,3) size 26x16
            RenderInline (generated) at (0,0) size 26x16
              RenderText at (0,0) size 26x16
                text run at (0,0) width 26: "after"
        RenderText {#text} at (46,29) size 4x19
          text run at (46,29) width 4: " "
        RenderButton {BUTTON} at (52,28) size 78x22 [color=#0000FF] [bgcolor=#F0F0F0] [border: (2px outset #F0F0F0)]
          RenderBlock (anonymous) at (8,3) size 62x16
            RenderText {#text} at (0,0) size 36x16
              text run at (0,0) width 36: "button"
            RenderInline (generated) at (0,0) size 26x16
              RenderText at (36,0) size 26x16
                text run at (36,0) width 26: "after"
        RenderText {#text} at (132,29) size 4x19
          text run at (132,29) width 4: " "
        RenderBR {BR} at (0,0) size 0x0
        RenderButton {BUTTON} at (2,67) size 16x6 [bgcolor=#F0F0F0] [border: (2px outset #F0F0F0)]
        RenderText {#text} at (20,55) size 4x19
          text run at (20,55) width 4: " "
        RenderButton {BUTTON} at (26,54) size 52x22 [bgcolor=#F0F0F0] [border: (2px outset #F0F0F0)]
          RenderBlock (anonymous) at (8,3) size 36x16
            RenderText {#text} at (0,0) size 36x16
              text run at (0,0) width 36: "button"
        RenderText {#text} at (80,55) size 4x19
          text run at (80,55) width 4: " "
        RenderBR {BR} at (0,0) size 0x0
        RenderButton {BUTTON} at (2,93) size 16x6 [bgcolor=#F0F0F0] [border: (2px outset #F0F0F0)]
        RenderText {#text} at (20,81) size 4x19
          text run at (20,81) width 4: " "
        RenderButton {BUTTON} at (26,80) size 52x22 [bgcolor=#F0F0F0] [border: (2px outset #F0F0F0)]
          RenderBlock (anonymous) at (8,3) size 36x16
            RenderText {#text} at (0,0) size 36x16
              text run at (0,0) width 36: "button"
        RenderText {#text} at (80,81) size 4x19
          text run at (80,81) width 4: " "
        RenderBR {BR} at (0,0) size 0x0
        RenderButton {BUTTON} at (2,106) size 55x22 [bgcolor=#F0F0F0] [border: (2px outset #F0F0F0)]
          RenderBlock (anonymous) at (8,3) size 39x16
            RenderInline (generated) at (0,0) size 39x16
              RenderText at (0,0) size 39x16
                text run at (0,0) width 39: "before"
        RenderText {#text} at (59,107) size 4x19
          text run at (59,107) width 4: " "
        RenderButton {BUTTON} at (65,106) size 91x22 [bgcolor=#F0F0F0] [border: (2px outset #F0F0F0)]
          RenderBlock (anonymous) at (8,3) size 75x16
            RenderInline (generated) at (0,0) size 39x16
              RenderText at (0,0) size 39x16
                text run at (0,0) width 39: "before"
            RenderText {#text} at (39,0) size 36x16
              text run at (39,0) width 36: "button"
        RenderText {#text} at (158,107) size 4x19
          text run at (158,107) width 4: " "
        RenderBR {BR} at (0,0) size 0x0
        RenderButton {BUTTON} at (2,132) size 42x22 [bgcolor=#F0F0F0] [border: (2px outset #F0F0F0)]
          RenderBlock (anonymous) at (8,3) size 26x16
            RenderInline (generated) at (0,0) size 26x16
              RenderText at (0,0) size 26x16
                text run at (0,0) width 26: "after"
        RenderText {#text} at (46,133) size 4x19
          text run at (46,133) width 4: " "
        RenderButton {BUTTON} at (52,132) size 78x22 [bgcolor=#F0F0F0] [border: (2px outset #F0F0F0)]
          RenderBlock (anonymous) at (8,3) size 62x16
            RenderText {#text} at (0,0) size 36x16
              text run at (0,0) width 36: "button"
            RenderInline (generated) at (0,0) size 26x16
              RenderText at (36,0) size 26x16
                text run at (36,0) width 26: "after"
        RenderText {#text} at (132,133) size 4x19
          text run at (132,133) width 4: " "
        RenderBR {BR} at (0,0) size 0x0
        RenderButton {BUTTON} at (2,158) size 55x22 [bgcolor=#F0F0F0] [border: (2px outset #F0F0F0)]
          RenderBlock (anonymous) at (8,3) size 39x16
            RenderInline (generated) at (0,0) size 39x16
              RenderText at (0,0) size 39x16
                text run at (0,0) width 39: "before"
        RenderText {#text} at (59,159) size 4x19
          text run at (59,159) width 4: " "
        RenderButton {BUTTON} at (65,158) size 91x22 [bgcolor=#F0F0F0] [border: (2px outset #F0F0F0)]
          RenderBlock (anonymous) at (8,3) size 75x16
            RenderInline (generated) at (0,0) size 39x16
              RenderText at (0,0) size 39x16
                text run at (0,0) width 39: "before"
            RenderText {#text} at (39,0) size 36x16
              text run at (39,0) width 36: "button"
        RenderText {#text} at (158,159) size 4x19
          text run at (158,159) width 4: " "
        RenderBR {BR} at (0,0) size 0x0
        RenderButton {BUTTON} at (2,184) size 42x22 [bgcolor=#F0F0F0] [border: (2px outset #F0F0F0)]
          RenderBlock (anonymous) at (8,3) size 26x16
            RenderInline (generated) at (0,0) size 26x16
              RenderText at (0,0) size 26x16
                text run at (0,0) width 26: "after"
        RenderText {#text} at (46,185) size 4x19
          text run at (46,185) width 4: " "
        RenderButton {BUTTON} at (52,184) size 78x22 [bgcolor=#F0F0F0] [border: (2px outset #F0F0F0)]
          RenderBlock (anonymous) at (8,3) size 62x16
            RenderText {#text} at (0,0) size 36x16
              text run at (0,0) width 36: "button"
            RenderInline (generated) at (0,0) size 26x16
              RenderText at (36,0) size 26x16
                text run at (36,0) width 26: "after"
        RenderText {#text} at (132,185) size 4x19
          text run at (132,185) width 4: " "
        RenderBR {BR} at (0,0) size 0x0
