layer at (0,0) size 800x600
  RenderView at (0,0) size 800x600
layer at (0,0) size 800x600
  RenderBlock {HTML} at (0,0) size 800x600
    RenderBody {BODY} at (8,8) size 784x572
      RenderBlock {P} at (0,0) size 784x40
        RenderText {#text} at (0,0) size 51x19
          text run at (0,0) width 51: "Test for "
        RenderInline {I} at (0,0) size 763x39
          RenderInline {A} at (0,0) size 305x19 [color=#0000EE]
            RenderText {#text} at (51,0) size 305x19
              text run at (51,0) width 305: "http://bugs.webkit.org/show_bug.cgi?id=17033"
          RenderText {#text} at (356,0) size 763x39
            text run at (356,0) width 4: " "
            text run at (360,0) width 403: "REGRESSION: Really long <option> causes unnecessary page"
            text run at (0,20) width 230: "scroll bars to accommodate content"
        RenderText {#text} at (230,20) size 4x19
          text run at (230,20) width 4: "."
      RenderBlock {P} at (0,56) size 784x20
        RenderText {#text} at (0,0) size 386x19
          text run at (0,0) width 386: "There should not be scroll bars below the popup and the button."
layer at (8,100) size 100x50
  RenderBlock {DIV} at (0,92) size 100x50
    RenderMenuList {SELECT} at (0,2) size 80x20 [bgcolor=#FFFFFF]
      RenderBlock (anonymous) at (4,2) size 55x16
        RenderText at (0,0) size 160x16
          text run at (0,0) width 160: "Lorem ipsum dolor sit amet"
    RenderText {#text} at (0,0) size 0x0
layer at (8,170) size 100x50
  RenderBlock {DIV} at (0,162) size 100x50
    RenderButton {BUTTON} at (0,2) size 80x22 [bgcolor=#F0F0F0] [border: (2px outset #F0F0F0)]
      RenderBlock (anonymous) at (8,3) size 64x16
        RenderText {#text} at (0,0) size 160x16
          text run at (0,0) width 160: "Lorem ipsum dolor sit amet"
    RenderText {#text} at (0,0) size 0x0
