layer at (0,0) size 800x600
  RenderView at (0,0) size 800x600
layer at (0,0) size 800x600
  RenderBlock {HTML} at (0,0) size 800x600
    RenderBody {BODY} at (8,8) size 784x576
      RenderBlock {P} at (0,0) size 784x20
        RenderText {#text} at (0,0) size 219x19
          text run at (0,0) width 219: "Tests that buttons clip their contents."
      RenderBlock {P} at (0,36) size 784x20
        RenderText {#text} at (0,0) size 750x19
          text run at (0,0) width 459: "Each button below should have a yellow border and a black dashed outline. "
          text run at (459,0) width 291: "Contents should not overflow the yellow border."
      RenderBlock {P} at (0,72) size 784x50
        RenderButton {BUTTON} at (0,0) size 100x50 [bgcolor=#F0F0F0] [border: (2px outset #FFFF00)]
          RenderBlock (anonymous) at (12,12) size 76x204
            RenderBlock {DIV} at (0,0) size 74x204 [bgcolor=#008080] [border: (2px solid #800080)]
              RenderBlock (floating) {DIV} at (52,2) size 20x100 [bgcolor=#006400]
              RenderText {#text} at (12,2) size 42x64
                text run at (12,2) width 30: "short"
                text run at (9,18) width 36: "words"
                text run at (14,34) width 26: "only"
                text run at (6,50) width 42: "please"
        RenderText {#text} at (0,0) size 0x0
      RenderButton {BUTTON} at (0,138) size 100x50 [bgcolor=#F0F0F0] [border: (2px outset #FFFF00)]
        RenderBlock (anonymous) at (12,12) size 76x204
          RenderBlock {DIV} at (0,0) size 74x204 [bgcolor=#008080] [border: (2px solid #800080)]
            RenderBlock (floating) {DIV} at (52,2) size 20x100 [bgcolor=#006400]
            RenderText {#text} at (12,2) size 42x64
              text run at (12,2) width 30: "short"
              text run at (9,18) width 36: "words"
              text run at (14,34) width 26: "only"
              text run at (6,50) width 42: "please"
      RenderBlock {P} at (0,204) size 784x0
layer at (8,212) size 100x50
  RenderButton {BUTTON} at (8,212) size 100x50 [bgcolor=#F0F0F0] [border: (2px outset #FFFF00)]
    RenderBlock (anonymous) at (12,12) size 76x204
      RenderBlock {DIV} at (0,0) size 74x204 [bgcolor=#008080] [border: (2px solid #800080)]
        RenderBlock (floating) {DIV} at (52,2) size 20x100 [bgcolor=#006400]
        RenderText {#text} at (12,2) size 42x64
          text run at (12,2) width 30: "short"
          text run at (9,18) width 36: "words"
          text run at (14,34) width 26: "only"
          text run at (6,50) width 42: "please"
