layer at (0,0) size 800x600
  RenderView at (0,0) size 800x600
layer at (0,0) size 800x600
  RenderBlock {HTML} at (0,0) size 800x600
    RenderBody {BODY} at (8,8) size 784x584
      RenderText {#text} at (0,0) size 494x19
        text run at (0,0) width 494: "This tests that we don't honor line-height for controls that have restricted font size. "
      RenderBR {BR} at (0,0) size 0x0
      RenderMenuList {SELECT} at (2,22) size 321x20 [bgcolor=#FFFFFF]
        RenderBlock (anonymous) at (4,2) size 296x16
          RenderText at (0,0) size 296x16
            text run at (0,0) width 296: "This text should be centered vertically in the button"
      RenderText {#text} at (325,22) size 4x19
        text run at (325,22) width 4: " "
      RenderBR {BR} at (0,0) size 0x0
      RenderButton {INPUT} at (2,46) size 312x32 [bgcolor=#F0F0F0] [border: (2px outset #F0F0F0)]
        RenderBlock (anonymous) at (8,3) size 296x26
          RenderText at (0,5) size 296x16
            text run at (0,5) width 296: "This text should be centered vertically in the button"
      RenderText {#text} at (316,52) size 4x19
        text run at (316,52) width 4: " "
      RenderBR {BR} at (0,0) size 0x0
      RenderTextControl {INPUT} at (2,82) size 162x32 [bgcolor=#FFFFFF] [border: (2px inset #000000)]
        RenderFlexibleBox {DIV} at (3,3) size 156x26
          RenderBlock {DIV} at (0,7) size 1x12
          RenderBlock {DIV} at (1,0) size 143x26
          RenderBlock {DIV} at (144,8) size 9x10
      RenderText {#text} at (0,0) size 0x0
layer at (14,93) size 143x26 scrollWidth 297
  RenderBlock {DIV} at (0,0) size 143x26
    RenderText {#text} at (0,5) size 296x16
      text run at (0,5) width 296: "This text should be centered vertically in the button"
