layer at (0,0) size 800x600
  RenderView at (0,0) size 800x600
layer at (0,0) size 800x600
  RenderBlock {HTML} at (0,0) size 800x600
    RenderBody {BODY} at (8,8) size 784x584
      RenderBlock {P} at (0,0) size 784x40
        RenderText {#text} at (0,0) size 99x19
          text run at (0,0) width 99: "This is a test for "
        RenderInline {I} at (0,0) size 752x39
          RenderInline {A} at (0,0) size 350x19 [color=#0000EE]
            RenderText {#text} at (99,0) size 350x19
              text run at (99,0) width 350: "http://bugzilla.opendarwin.org/show_bug.cgi?id=9316"
          RenderText {#text} at (449,0) size 752x39
            text run at (449,0) width 4: " "
            text run at (453,0) width 299: "REGRESSION: text field width shrinks on first"
            text run at (0,20) width 62: "keystroke"
        RenderText {#text} at (62,20) size 4x19
          text run at (62,20) width 4: "."
      RenderBlock {HR} at (0,56) size 784x2 [border: (1px inset #000000)]
layer at (8,74) size 784x0
  RenderBlock (relative positioned) {DIV} at (0,66) size 784x0
    RenderTextControl {INPUT} at (0,2) size 392x22 [bgcolor=#FFFFFF] [border: (2px inset #000000)]
layer at (10,79) size 388x16
  RenderBlock {DIV} at (2,3) size 388x16
    RenderText {#text} at (0,0) size 19x16
      text run at (0,0) width 19: "foo"
