layer at (0,0) size 800x600
  RenderView at (0,0) size 800x600
layer at (0,0) size 800x600
  RenderBlock {HTML} at (0,0) size 800x600
    RenderBody {BODY} at (8,8) size 784x584
      RenderBlock (anonymous) at (0,0) size 784x0
        RenderInline {B} at (0,0) size 0x0
          RenderInline {FORM} at (0,0) size 0x0
      RenderTable {TABLE} at (0,0) size 222x26
        RenderTableSection {TBODY} at (0,0) size 222x26
          RenderTableRow {TR} at (0,2) size 222x22
            RenderTableCell {TD} at (2,2) size 214x22 [r=0 c=0 rs=1 cs=1]
              RenderText {#text} at (1,1) size 212x19
                text run at (1,1) width 212: "This test passes if it does not crash."
            RenderTableCell {TD} at (218,4) size 2x18 [r=0 c=1 rs=1 cs=1]
              RenderBlock {P} at (1,17) size 0x0
