layer at (0,0) size 800x600
  RenderView at (0,0) size 800x600
layer at (0,0) size 800x600
  RenderBlock {HTML} at (0,0) size 800x600
    RenderBody {BODY} at (8,8) size 784x584
      RenderText {#text} at (0,0) size 485x19
        text run at (0,0) width 485: "This tests that the text color changes appropriately when the text field is disabled."
      RenderBR {BR} at (485,15) size 0x0
      RenderTextControl {INPUT} at (2,22) size 150x22 [bgcolor=#EBEBE4] [border: (2px inset #000000)]
      RenderText {#text} at (154,23) size 4x19
        text run at (154,23) width 4: " "
      RenderTextControl {INPUT} at (160,22) size 150x22 [bgcolor=#FFFFFF] [border: (2px inset #000000)]
      RenderBR {BR} at (312,38) size 0x0
      RenderTextControl {INPUT} at (2,48) size 150x22 [color=#FF0000] [bgcolor=#EBEBE4] [border: (2px inset #FF0000)]
      RenderText {#text} at (154,49) size 4x19
        text run at (154,49) width 4: " "
      RenderTextControl {INPUT} at (160,48) size 150x22 [color=#FF0000] [bgcolor=#FFFFFF] [border: (2px inset #FF0000)]
      RenderBR {BR} at (312,64) size 0x0
      RenderTextControl {INPUT} at (2,74) size 150x22 [bgcolor=#0000FF] [border: (2px inset #000000)]
      RenderText {#text} at (154,75) size 4x19
        text run at (154,75) width 4: " "
      RenderTextControl {INPUT} at (160,74) size 150x22 [bgcolor=#0000FF] [border: (2px inset #000000)]
      RenderBR {BR} at (312,90) size 0x0
      RenderTextControl {INPUT} at (2,100) size 150x22 [color=#FF0000] [bgcolor=#0000FF] [border: (2px inset #FF0000)]
      RenderText {#text} at (154,101) size 4x19
        text run at (154,101) width 4: " "
      RenderTextControl {INPUT} at (160,100) size 150x22 [color=#FF0000] [bgcolor=#0000FF] [border: (2px inset #FF0000)]
      RenderBR {BR} at (312,116) size 0x0
      RenderTextControl {INPUT} at (2,126) size 150x22 [bgcolor=#000000] [border: (2px inset #000000)]
      RenderText {#text} at (154,127) size 4x19
        text run at (154,127) width 4: " "
      RenderTextControl {INPUT} at (160,126) size 150x22 [bgcolor=#000000] [border: (2px inset #000000)]
      RenderBR {BR} at (312,142) size 0x0
      RenderTextControl {INPUT} at (2,152) size 150x22 [color=#FFFFFF] [bgcolor=#000000] [border: (2px inset #FFFFFF)]
      RenderText {#text} at (154,153) size 4x19
        text run at (154,153) width 4: " "
      RenderTextControl {INPUT} at (160,152) size 150x22 [color=#FFFFFF] [bgcolor=#000000] [border: (2px inset #FFFFFF)]
      RenderBR {BR} at (312,168) size 0x0
      RenderTextControl {INPUT} at (2,178) size 150x22 [bgcolor=#808080] [border: (2px inset #000000)]
      RenderText {#text} at (154,179) size 4x19
        text run at (154,179) width 4: " "
      RenderTextControl {INPUT} at (160,178) size 150x22 [bgcolor=#808080] [border: (2px inset #000000)]
      RenderBR {BR} at (312,194) size 0x0
      RenderTextControl {INPUT} at (2,204) size 150x22 [color=#FFFFFF] [bgcolor=#A9A9A9] [border: (2px inset #FFFFFF)]
      RenderText {#text} at (154,205) size 4x19
        text run at (154,205) width 4: " "
      RenderTextControl {INPUT} at (160,204) size 150x22 [color=#FFFFFF] [bgcolor=#A9A9A9] [border: (2px inset #FFFFFF)]
      RenderBR {BR} at (312,220) size 0x0
      RenderTextControl {INPUT} at (2,230) size 150x22 [color=#808080] [bgcolor=#000000] [border: (2px inset #808080)]
      RenderText {#text} at (154,231) size 4x19
        text run at (154,231) width 4: " "
      RenderTextControl {INPUT} at (160,230) size 150x22 [color=#808080] [bgcolor=#000000] [border: (2px inset #808080)]
      RenderBR {BR} at (312,246) size 0x0
      RenderTextControl {INPUT} at (2,256) size 150x22 [color=#FF0000] [bgcolor=#808080] [border: (2px inset #FF0000)]
      RenderText {#text} at (154,257) size 4x19
        text run at (154,257) width 4: " "
      RenderTextControl {INPUT} at (160,256) size 150x22 [color=#FF0000] [bgcolor=#808080] [border: (2px inset #FF0000)]
      RenderBR {BR} at (312,272) size 0x0
      RenderTextControl {INPUT} at (2,282) size 150x22 [color=#808080] [bgcolor=#FF0000] [border: (2px inset #808080)]
      RenderText {#text} at (154,283) size 4x19
        text run at (154,283) width 4: " "
      RenderTextControl {INPUT} at (160,282) size 150x22 [color=#808080] [bgcolor=#FF0000] [border: (2px inset #808080)]
      RenderBR {BR} at (312,298) size 0x0
      RenderTextControl {INPUT} at (2,308) size 150x22 [color=#FF0000] [bgcolor=#FFFFFF] [border: (2px inset #FF0000)]
      RenderText {#text} at (154,309) size 4x19
        text run at (154,309) width 4: " "
      RenderTextControl {INPUT} at (160,308) size 150x22 [color=#FF0000] [bgcolor=#FFFFFF] [border: (2px inset #FF0000)]
      RenderBR {BR} at (312,324) size 0x0
      RenderTextControl {INPUT} at (2,334) size 150x22 [color=#FF0000] [border: (2px inset #FF0000)]
      RenderText {#text} at (154,335) size 4x19
        text run at (154,335) width 4: " "
      RenderTextControl {INPUT} at (160,334) size 150x22 [color=#FF0000] [border: (2px inset #FF0000)]
      RenderBR {BR} at (312,350) size 0x0
layer at (12,33) size 146x16 scrollWidth 388
  RenderBlock {DIV} at (2,3) size 146x16 [color=#545454]
    RenderText {#text} at (0,0) size 388x16
      text run at (0,0) width 388: "The text in this disabled field should displayed as dimmed or grey"
layer at (170,33) size 146x16 scrollWidth 168
  RenderBlock {DIV} at (2,3) size 146x16
    RenderText {#text} at (0,0) size 167x16
      text run at (0,0) width 167: "This text field is not disabled"
layer at (12,59) size 146x16 scrollWidth 388
  RenderBlock {DIV} at (2,3) size 146x16
    RenderText {#text} at (0,0) size 388x16
      text run at (0,0) width 388: "The text in this disabled field should displayed as dimmed or grey"
layer at (170,59) size 146x16 scrollWidth 168
  RenderBlock {DIV} at (2,3) size 146x16
    RenderText {#text} at (0,0) size 167x16
      text run at (0,0) width 167: "This text field is not disabled"
layer at (12,85) size 146x16 scrollWidth 388
  RenderBlock {DIV} at (2,3) size 146x16 [color=#545454]
    RenderText {#text} at (0,0) size 388x16
      text run at (0,0) width 388: "The text in this disabled field should displayed as dimmed or grey"
layer at (170,85) size 146x16 scrollWidth 168
  RenderBlock {DIV} at (2,3) size 146x16
    RenderText {#text} at (0,0) size 167x16
      text run at (0,0) width 167: "This text field is not disabled"
layer at (12,111) size 146x16 scrollWidth 388
  RenderBlock {DIV} at (2,3) size 146x16 [color=#AB0000]
    RenderText {#text} at (0,0) size 388x16
      text run at (0,0) width 388: "The text in this disabled field should displayed as dimmed or grey"
layer at (170,111) size 146x16 scrollWidth 168
  RenderBlock {DIV} at (2,3) size 146x16
    RenderText {#text} at (0,0) size 167x16
      text run at (0,0) width 167: "This text field is not disabled"
layer at (12,137) size 146x16 scrollWidth 388
  RenderBlock {DIV} at (2,3) size 146x16 [color=#545454]
    RenderText {#text} at (0,0) size 388x16
      text run at (0,0) width 388: "The text in this disabled field should displayed as dimmed or grey"
layer at (170,137) size 146x16 scrollWidth 168
  RenderBlock {DIV} at (2,3) size 146x16
    RenderText {#text} at (0,0) size 167x16
      text run at (0,0) width 167: "This text field is not disabled"
layer at (12,163) size 146x16 scrollWidth 388
  RenderBlock {DIV} at (2,3) size 146x16 [color=#ABABAB]
    RenderText {#text} at (0,0) size 388x16
      text run at (0,0) width 388: "The text in this disabled field should displayed as dimmed or grey"
layer at (170,163) size 146x16 scrollWidth 168
  RenderBlock {DIV} at (2,3) size 146x16
    RenderText {#text} at (0,0) size 167x16
      text run at (0,0) width 167: "This text field is not disabled"
layer at (12,189) size 146x16 scrollWidth 388
  RenderBlock {DIV} at (2,3) size 146x16 [color=#545454]
    RenderText {#text} at (0,0) size 388x16
      text run at (0,0) width 388: "The text in this disabled field should displayed as dimmed or grey"
layer at (170,189) size 146x16 scrollWidth 168
  RenderBlock {DIV} at (2,3) size 146x16
    RenderText {#text} at (0,0) size 167x16
      text run at (0,0) width 167: "This text field is not disabled"
layer at (12,215) size 146x16 scrollWidth 388
  RenderBlock {DIV} at (2,3) size 146x16
    RenderText {#text} at (0,0) size 388x16
      text run at (0,0) width 388: "The text in this disabled field should displayed as dimmed or grey"
layer at (170,215) size 146x16 scrollWidth 168
  RenderBlock {DIV} at (2,3) size 146x16
    RenderText {#text} at (0,0) size 167x16
      text run at (0,0) width 167: "This text field is not disabled"
layer at (12,241) size 146x16 scrollWidth 388
  RenderBlock {DIV} at (2,3) size 146x16 [color=#2C2C2C]
    RenderText {#text} at (0,0) size 388x16
      text run at (0,0) width 388: "The text in this disabled field should displayed as dimmed or grey"
layer at (170,241) size 146x16 scrollWidth 168
  RenderBlock {DIV} at (2,3) size 146x16
    RenderText {#text} at (0,0) size 167x16
      text run at (0,0) width 167: "This text field is not disabled"
layer at (12,267) size 146x16 scrollWidth 388
  RenderBlock {DIV} at (2,3) size 146x16
    RenderText {#text} at (0,0) size 388x16
      text run at (0,0) width 388: "The text in this disabled field should displayed as dimmed or grey"
layer at (170,267) size 146x16 scrollWidth 168
  RenderBlock {DIV} at (2,3) size 146x16
    RenderText {#text} at (0,0) size 167x16
      text run at (0,0) width 167: "This text field is not disabled"
layer at (12,293) size 146x16 scrollWidth 388
  RenderBlock {DIV} at (2,3) size 146x16 [color=#2C2C2C]
    RenderText {#text} at (0,0) size 388x16
      text run at (0,0) width 388: "The text in this disabled field should displayed as dimmed or grey"
layer at (170,293) size 146x16 scrollWidth 168
  RenderBlock {DIV} at (2,3) size 146x16
    RenderText {#text} at (0,0) size 167x16
      text run at (0,0) width 167: "This text field is not disabled"
layer at (12,319) size 146x16 scrollWidth 388
  RenderBlock {DIV} at (2,3) size 146x16
    RenderText {#text} at (0,0) size 388x16
      text run at (0,0) width 388: "The text in this disabled field should displayed as dimmed or grey"
layer at (170,319) size 146x16 scrollWidth 168
  RenderBlock {DIV} at (2,3) size 146x16
    RenderText {#text} at (0,0) size 167x16
      text run at (0,0) width 167: "This text field is not disabled"
layer at (12,345) size 146x16 scrollWidth 388
  RenderBlock {DIV} at (2,3) size 146x16
    RenderText {#text} at (0,0) size 388x16
      text run at (0,0) width 388: "The text in this disabled field should displayed as dimmed or grey"
layer at (170,345) size 146x16 scrollWidth 168
  RenderBlock {DIV} at (2,3) size 146x16
    RenderText {#text} at (0,0) size 167x16
      text run at (0,0) width 167: "This text field is not disabled"
