layer at (0,0) size 800x600
  RenderView at (0,0) size 800x600
layer at (0,0) size 800x600
  RenderBlock {HTML} at (0,0) size 800x600
    RenderBody {BODY} at (8,8) size 784x584 [bgcolor=#800080]
      RenderText {#text} at (0,0) size 449x19
        text run at (0,0) width 449: "This tests that the default background color for the new text fields is white. "
      RenderBR {BR} at (449,15) size 0x0
      RenderTextControl {INPUT} at (2,22) size 150x22 [bgcolor=#FFFFFF] [border: (2px inset #000000)]
      RenderText {#text} at (0,0) size 0x0
layer at (12,33) size 146x16
  RenderBlock {DIV} at (2,3) size 146x16
    RenderText {#text} at (0,0) size 124x16
      text run at (0,0) width 124: "This should be white."
