layer at (0,0) size 800x600
  RenderView at (0,0) size 800x600
layer at (0,0) size 800x600
  RenderBlock {HTML} at (0,0) size 800x600
    RenderBody {BODY} at (8,8) size 784x584
      RenderText {#text} at (0,0) size 544x19
        text run at (0,0) width 544: "This tests that background color and background images can be set on the new text fields. "
      RenderBR {BR} at (544,15) size 0x0
      RenderTextControl {INPUT} at (2,22) size 150x22 [bgcolor=#FFC0CB] [border: (2px inset #000000)]
      RenderText {#text} at (154,23) size 4x19
        text run at (154,23) width 4: " "
      RenderBR {BR} at (158,38) size 0x0
      RenderTextControl {INPUT} at (2,48) size 150x22 [bgcolor=#FFFFFF] [border: (2px inset #000000)]
      RenderText {#text} at (0,0) size 0x0
layer at (12,33) size 146x16
  RenderBlock {DIV} at (2,3) size 146x16
    RenderText {#text} at (0,0) size 119x16
      text run at (0,0) width 119: "This should be pink."
layer at (12,59) size 146x16
  RenderBlock {DIV} at (2,3) size 146x16
