layer at (0,0) size 800x600
  RenderView at (0,0) size 800x600
layer at (0,0) size 800x600
  RenderBlock {HTML} at (0,0) size 800x600
    RenderBody {BODY} at (8,8) size 784x584
      RenderBlock {P} at (0,0) size 784x20
        RenderText {#text} at (0,0) size 323x19
          text run at (0,0) width 323: "Focus the field, focus away, then focus the field again."
      RenderBlock {DIV} at (0,36) size 784x26
        RenderTextControl {INPUT} at (2,2) size 150x22 [bgcolor=#FFFFFF] [border: (2px inset #000000)]
        RenderText {#text} at (0,0) size 0x0
        RenderText {#text} at (0,0) size 0x0
layer at (12,49) size 146x16
  RenderBlock {DIV} at (2,3) size 146x16 [color=#A9A9A9]
    RenderText {#text} at (0,0) size 73x16
      text run at (0,0) width 73: "Placeholder"
layer at (12,49) size 146x16
  RenderBlock {DIV} at (2,3) size 146x16
caret: position 0 of child 1 {DIV} of {#document-fragment} of child 1 {INPUT} of child 3 {DIV} of body
