layer at (0,0) size 800x600
  RenderView at (0,0) size 800x600
layer at (0,0) size 800x600
  RenderBlock {HTML} at (0,0) size 800x600
    RenderBody {BODY} at (8,8) size 784x584
      RenderBR {BR} at (0,0) size 0x19
      RenderText {#text} at (0,20) size 630x19
        text run at (0,20) width 630: "This tests that preventDefault called onmousedown will prevent a caret from being placed in the text field."
      RenderText {#text} at (0,0) size 0x0
      RenderText {#text} at (0,0) size 0x0
layer at (12,52) size 150x22
  RenderTextControl {INPUT} at (12,52) size 150x22 [bgcolor=#FFFFFF] [border: (2px inset #000000)]
layer at (14,55) size 146x16
  RenderBlock {DIV} at (2,3) size 146x16
    RenderText {#text} at (0,0) size 143x16
      text run at (0,0) width 143: "No caret should be here"
layer at (10,70) size 308x40
  RenderBlock (positioned) {DIV} at (10,70) size 308x40
    RenderBR {BR} at (0,0) size 0x19
    RenderText {#text} at (0,20) size 308x19
      text run at (0,20) width 308: "mousedown on target [object HTMLInputElement]"
