layer at (0,0) size 800x600
  RenderView at (0,0) size 800x600
layer at (0,0) size 800x600
  RenderBlock {HTML} at (0,0) size 800x600
    RenderBody {BODY} at (8,8) size 784x576
      RenderBlock (anonymous) at (0,0) size 784x20
        RenderText {#text} at (0,0) size 717x19
          text run at (0,0) width 717: "This tests the height attribute of form elements. The only element that should honour this value is the Image type of input."
      RenderBlock {FORM} at (0,20) size 784x292
        RenderText {#text} at (0,3) size 33x19
          text run at (0,3) width 33: "input "
        RenderTextControl {INPUT} at (35,2) size 150x22 [bgcolor=#FFFFFF] [border: (2px inset #000000)]
        RenderText {#text} at (187,3) size 4x19
          text run at (187,3) width 4: " "
        RenderBR {BR} at (191,18) size 0x0
        RenderText {#text} at (0,29) size 26x19
          text run at (0,29) width 26: "text "
        RenderTextControl {INPUT} at (28,28) size 150x22 [bgcolor=#FFFFFF] [border: (2px inset #000000)]
        RenderText {#text} at (180,29) size 4x19
          text run at (180,29) width 4: " "
        RenderBR {BR} at (184,44) size 0x0
        RenderText {#text} at (0,53) size 63x19
          text run at (0,53) width 63: "checkbox "
        RenderBlock {INPUT} at (67,55) size 13x13
        RenderText {#text} at (83,53) size 4x19
          text run at (83,53) width 4: " "
        RenderBR {BR} at (87,68) size 0x0
        RenderText {#text} at (0,76) size 21x19
          text run at (0,76) width 21: "file "
        RenderFileUploadControl {INPUT} at (23,75) size 238x22 "no file selected"
          RenderButton {INPUT} at (0,0) size 88x22 [bgcolor=#F0F0F0] [border: (2px outset #F0F0F0)]
            RenderBlock (anonymous) at (8,3) size 72x16
              RenderText at (0,0) size 72x16
                text run at (0,0) width 72: "Choose File"
        RenderText {#text} at (263,76) size 4x19
          text run at (263,76) width 4: " "
        RenderBR {BR} at (267,91) size 0x0
        RenderText {#text} at (0,99) size 39x19
          text run at (0,99) width 39: "image "
        RenderImage {INPUT} at (39,113) size 10x1
        RenderText {#text} at (49,99) size 4x19
          text run at (49,99) width 4: " "
        RenderBR {BR} at (53,114) size 0x0
        RenderText {#text} at (0,120) size 35x19
          text run at (0,120) width 35: "radio "
        RenderBlock {INPUT} at (40,122) size 13x13
        RenderText {#text} at (56,120) size 4x19
          text run at (56,120) width 4: " "
        RenderBR {BR} at (60,135) size 0x0
        RenderText {#text} at (0,142) size 37x19
          text run at (0,142) width 37: "range "
        RenderSlider {INPUT} at (39,142) size 129x15 [color=#C4C4C4] [bgcolor=#FFFFFF]
          RenderFlexibleBox {DIV} at (0,0) size 129x15
            RenderBlock {DIV} at (0,0) size 129x15
              RenderBlock {DIV} at (61,0) size 7x15
        RenderText {#text} at (170,142) size 4x19
          text run at (170,142) width 4: " "
        RenderBR {BR} at (174,157) size 0x0
        RenderText {#text} at (0,165) size 33x19
          text run at (0,165) width 33: "reset "
        RenderButton {INPUT} at (35,164) size 52x22 [bgcolor=#F0F0F0] [border: (2px outset #F0F0F0)]
          RenderBlock (anonymous) at (8,3) size 36x16
            RenderText at (0,0) size 36x16
              text run at (0,0) width 36: "Reset"
        RenderText {#text} at (89,165) size 4x19
          text run at (89,165) width 4: " "
        RenderBR {BR} at (93,180) size 0x0
        RenderText {#text} at (0,191) size 43x19
          text run at (0,191) width 43: "submit "
        RenderButton {INPUT} at (45,190) size 57x22 [bgcolor=#F0F0F0] [border: (2px outset #F0F0F0)]
          RenderBlock (anonymous) at (8,3) size 41x16
            RenderText at (0,0) size 41x16
              text run at (0,0) width 41: "Submit"
        RenderText {#text} at (104,191) size 4x19
          text run at (104,191) width 4: " "
        RenderBR {BR} at (108,206) size 0x0
        RenderText {#text} at (0,217) size 45x19
          text run at (0,217) width 45: "isindex "
        RenderTextControl {INPUT} at (47,216) size 152x22 [bgcolor=#FFFFFF] [border: (2px inset #000000)]
        RenderText {#text} at (201,217) size 4x19
          text run at (201,217) width 4: " "
        RenderBR {BR} at (205,232) size 0x0
        RenderText {#text} at (0,243) size 63x19
          text run at (0,243) width 63: "password "
        RenderTextControl {INPUT} at (65,242) size 150x22 [bgcolor=#FFFFFF] [border: (2px inset #000000)]
        RenderText {#text} at (217,243) size 4x19
          text run at (217,243) width 4: " "
        RenderBR {BR} at (221,258) size 0x0
        RenderText {#text} at (0,269) size 43x19
          text run at (0,269) width 43: "search "
        RenderTextControl {INPUT} at (45,268) size 162x22 [bgcolor=#FFFFFF] [border: (2px inset #000000)]
          RenderFlexibleBox {DIV} at (3,3) size 156x16
            RenderBlock {DIV} at (0,2) size 1x12
            RenderBlock {DIV} at (1,0) size 143x16
            RenderBlock {DIV} at (144,3) size 9x10
        RenderText {#text} at (0,0) size 0x0
layer at (45,33) size 146x16
  RenderBlock {DIV} at (2,3) size 146x16
layer at (38,59) size 146x16
  RenderBlock {DIV} at (2,3) size 146x16
layer at (58,247) size 146x16
  RenderBlock {DIV} at (3,3) size 146x16
layer at (75,273) size 146x16
  RenderBlock {DIV} at (2,3) size 146x16
layer at (57,299) size 143x16
  RenderBlock {DIV} at (0,0) size 143x16
