layer at (0,0) size 800x600
  RenderView at (0,0) size 800x600
layer at (0,0) size 800x600
  RenderBlock {HTML} at (0,0) size 800x600
    RenderBody {BODY} at (8,8) size 784x576
      RenderBlock (anonymous) at (0,0) size 784x26
        RenderTextControl {INPUT} at (2,2) size 150x22 [bgcolor=#FFFFFF] [border: (2px inset #000000)]
        RenderText {#text} at (154,3) size 4x19
          text run at (154,3) width 4: " "
        RenderTextControl {INPUT} at (160,2) size 150x22 [bgcolor=#FFFFFF] [border: (2px inset #000000)]
        RenderText {#text} at (312,3) size 4x19
          text run at (312,3) width 4: " "
        RenderTextControl {INPUT} at (318,2) size 150x22 [bgcolor=#FFFFFF] [border: (2px inset #000000)]
        RenderText {#text} at (0,0) size 0x0
      RenderBlock {P} at (0,42) size 784x40
        RenderText {#text} at (0,0) size 741x39
          text run at (0,0) width 741: "Tests scrolling back to the beginning when a text field blurs. The first field should be scrolled to the left, the second and third"
          text run at (0,20) width 119: "scrolled to the right."
layer at (12,13) size 146x16 scrollWidth 325
  RenderBlock {DIV} at (2,3) size 146x16
    RenderText {#text} at (0,0) size 324x16
      text run at (0,0) width 324: "this text field has a lot of text in it so that it needs to scroll"
layer at (170,13) size 146x16 scrollX 178 scrollWidth 324
  RenderBlock {DIV} at (2,3) size 146x16
    RenderText {#text} at (-178,0) size 324x16
      text run at (-178,0) width 324: "this text field has a lot of text in it so that it needs to scroll"
layer at (328,13) size 146x16 scrollX 179 scrollWidth 325
  RenderBlock {DIV} at (2,3) size 146x16
    RenderText {#text} at (0,0) size 324x16
      text run at (0,0) width 324: "this text field has a lot of text in it so that it needs to scroll"
caret: position 66 of child 0 {#text} of child 0 {DIV} of {#document-fragment} of child 4 {INPUT} of body
