layer at (0,0) size 800x600
  RenderView at (0,0) size 800x600
layer at (0,0) size 800x600
  RenderBlock {HTML} at (0,0) size 800x600
    RenderBody {BODY} at (8,8) size 784x584
      RenderText {#text} at (0,0) size 380x19
        text run at (0,0) width 380: "This tests that text can not be inserted into a disabled text field. "
      RenderBR {BR} at (380,15) size 0x0
      RenderTextControl {INPUT} at (2,22) size 150x22 [bgcolor=#EBEBE4] [border: (2px inset #000000)]
      RenderText {#text} at (0,0) size 0x0
layer at (12,33) size 146x16
  RenderBlock {DIV} at (2,3) size 146x16 [color=#545454]
    RenderText {#text} at (0,0) size 77x16
      text run at (0,0) width 77: "Test Passed"
