layer at (0,0) size 785x748
  RenderView at (0,0) size 785x600
layer at (0,0) size 785x748
  RenderBlock {HTML} at (0,0) size 785x748
    RenderBody {BODY} at (8,8) size 769x732
      RenderBlock (anonymous) at (0,0) size 769x20
        RenderText {#text} at (0,0) size 232x19
          text run at (0,0) width 232: "This tests minMaxWidth for text fields."
      RenderBlock {P} at (0,36) size 769x20
        RenderText {#text} at (0,0) size 69x19
          text run at (0,0) width 69: "Test case 1"
      RenderTable {TABLE} at (0,72) size 118x44 [border: (3px solid #0000FF)]
        RenderTableSection {TBODY} at (3,3) size 112x38
          RenderTableRow {TR} at (0,2) size 112x34
            RenderTableCell {TD} at (2,2) size 108x34 [border: (3px solid #FF0000)] [r=0 c=0 rs=1 cs=1]
              RenderTextControl {INPUT} at (4,6) size 100x22 [bgcolor=#FFFFFF] [border: (2px inset #000000)]
      RenderBlock {P} at (0,132) size 769x20
        RenderText {#text} at (0,0) size 69x19
          text run at (0,0) width 69: "Test case 2"
      RenderTable {TABLE} at (0,168) size 165x80 [border: (3px solid #0000FF)]
        RenderTableSection {TBODY} at (3,3) size 159x74
          RenderTableRow {TR} at (0,2) size 159x34
            RenderTableCell {TD} at (2,8) size 45x22 [r=0 c=0 rs=1 cs=1]
              RenderText {#text} at (1,1) size 22x19
                text run at (1,1) width 22: "first"
            RenderTableCell {TD} at (49,2) size 108x34 [border: (3px solid #FF0000)] [r=0 c=1 rs=1 cs=1]
              RenderTextControl {INPUT} at (4,6) size 100x22 [bgcolor=#FFFFFF] [border: (2px inset #000000)]
          RenderTableRow {TR} at (0,38) size 159x34
            RenderTableCell {TD} at (2,44) size 45x22 [r=1 c=0 rs=1 cs=1]
              RenderText {#text} at (1,1) size 43x19
                text run at (1,1) width 43: "second"
            RenderTableCell {TD} at (49,38) size 108x34 [border: (3px solid #FF0000)] [r=1 c=1 rs=1 cs=1]
              RenderTextControl {INPUT} at (4,6) size 100x22 [bgcolor=#FFFFFF] [border: (2px inset #000000)]
      RenderBlock {P} at (0,264) size 769x20
        RenderText {#text} at (0,0) size 69x19
          text run at (0,0) width 69: "Test case 3"
      RenderTable {TABLE} at (0,300) size 51x84 [border: (3px solid #0000FF)]
        RenderTableSection {TBODY} at (3,3) size 45x78
          RenderTableRow {TR} at (0,2) size 45x74
            RenderTableCell {TD} at (2,2) size 41x74 [border: (3px solid #FF0000)] [r=0 c=0 rs=1 cs=1]
              RenderText {#text} at (4,4) size 33x39
                text run at (4,4) width 33: "width"
                text run at (4,24) width 31: "30px"
              RenderTextControl {INPUT} at (4,46) size 30x22 [bgcolor=#FFFFFF] [border: (2px inset #000000)]
      RenderBlock {P} at (0,400) size 769x20
        RenderText {#text} at (0,0) size 69x19
          text run at (0,0) width 69: "Test case 4"
      RenderTable {TABLE} at (0,436) size 218x74 [border: (3px solid #0000FF)]
        RenderTableSection {TBODY} at (3,3) size 212x68
          RenderTableRow {TR} at (0,2) size 212x34
            RenderTableCell {TD} at (2,2) size 208x34 [border: (3px solid #FF0000)] [r=0 c=0 rs=1 cs=1]
              RenderTextControl {INPUT} at (4,6) size 200x22 [bgcolor=#FFFFFF] [border: (2px inset #000000)]
          RenderTableRow {TR} at (0,38) size 212x28
            RenderTableCell {TD} at (2,38) size 208x28 [border: (3px solid #FF0000)] [r=1 c=0 rs=1 cs=1]
              RenderBlock {DIV} at (4,4) size 200x20
                RenderText {#text} at (0,0) size 39x19
                  text run at (0,0) width 39: "200px"
      RenderBlock {P} at (0,526) size 769x20
        RenderText {#text} at (0,0) size 69x19
          text run at (0,0) width 69: "Test case 5"
      RenderTable {TABLE} at (0,562) size 92x44 [border: (3px solid #0000FF)]
        RenderTableSection {TBODY} at (3,3) size 86x38
          RenderTableRow {TR} at (0,2) size 86x34
            RenderTableCell {TD} at (2,2) size 82x34 [border: (3px solid #FF0000)] [r=0 c=0 rs=1 cs=1]
              RenderTextControl {INPUT} at (6,6) size 70x22 [bgcolor=#FFFFFF] [border: (2px inset #000000)]
      RenderBlock {P} at (0,622) size 769x20
        RenderText {#text} at (0,0) size 69x19
          text run at (0,0) width 69: "Test case 6"
      RenderTable {TABLE} at (0,658) size 172x74 [border: (3px solid #0000FF)]
        RenderTableSection {TBODY} at (3,3) size 166x68
          RenderTableRow {TR} at (0,2) size 166x34
            RenderTableCell {TD} at (2,2) size 162x34 [border: (3px solid #FF0000)] [r=0 c=0 rs=1 cs=1]
              RenderTextControl {INPUT} at (6,6) size 150x22 [bgcolor=#FFFFFF] [border: (2px inset #000000)]
          RenderTableRow {TR} at (0,38) size 166x28
            RenderTableCell {TD} at (2,38) size 162x28 [border: (3px solid #FF0000)] [r=1 c=0 rs=1 cs=1]
              RenderBlock {DIV} at (4,4) size 70x20
                RenderText {#text} at (0,0) size 31x19
                  text run at (0,0) width 31: "70px"
layer at (19,94) size 96x16
  RenderBlock {DIV} at (2,3) size 96x16
layer at (66,190) size 96x16
  RenderBlock {DIV} at (2,3) size 96x16
layer at (66,226) size 96x16
  RenderBlock {DIV} at (2,3) size 96x16
layer at (19,362) size 26x16
  RenderBlock {DIV} at (2,3) size 26x16
layer at (19,458) size 196x16
  RenderBlock {DIV} at (2,3) size 196x16
    RenderText {#text} at (0,0) size 66x16
      text run at (0,0) width 66: "width 100%"
layer at (21,584) size 66x16
  RenderBlock {DIV} at (2,3) size 66x16
    RenderText {#text} at (0,0) size 56x16
      text run at (0,0) width 56: "max 70px"
layer at (21,680) size 146x16
  RenderBlock {DIV} at (2,3) size 146x16
    RenderText {#text} at (0,0) size 93x16
      text run at (0,0) width 93: "min-width 100px"
