layer at (0,0) size 800x600
  RenderView at (0,0) size 800x600
layer at (0,0) size 800x600
  RenderBlock {HTML} at (0,0) size 800x600
    RenderBody {BODY} at (8,8) size 784x584
      RenderText {#text} at (0,3) size 449x19
        text run at (0,3) width 449: "This tests that empty readonly text fields have the right height and baseline. "
      RenderTextControl {INPUT} at (451,2) size 150x22 [bgcolor=#FFFFFF] [border: (2px inset #000000)]
      RenderText {#text} at (0,0) size 0x0
layer at (461,13) size 146x16
  RenderBlock {DIV} at (2,3) size 146x16
