layer at (0,0) size 800x600
  RenderView at (0,0) size 800x600
layer at (0,0) size 800x600
  RenderBlock {HTML} at (0,0) size 800x600
    RenderBody {BODY} at (8,8) size 784x576
      RenderBlock {P} at (0,0) size 784x40
        RenderText {#text} at (0,0) size 740x39
          text run at (0,0) width 740: "Results that match WinIE are two columns on the right that say \"after\" every time, except for the last row which should have"
          text run at (0,20) width 145: "nothing in either column."
      RenderBlock {P} at (0,56) size 784x20
        RenderText {#text} at (0,0) size 677x19
          text run at (0,0) width 677: "Results that match Gecko are like WinIE, but with \"before\" for the attribute in the first two rows and the last row."
      RenderBlock {HR} at (0,92) size 784x2 [border: (1px inset #000000)]
      RenderBlock {FORM} at (0,102) size 784x404
        RenderTable {TABLE} at (0,0) size 738x404
          RenderTableSection {THEAD} at (0,0) size 738x26
            RenderTableRow {TR} at (0,2) size 738x22
              RenderTableCell {TH} at (2,2) size 366x22 [r=0 c=0 rs=1 cs=1]
                RenderText {#text} at (1,1) size 59x19
                  text run at (1,1) width 59: "test case"
              RenderTableCell {TH} at (370,2) size 244x22 [r=0 c=1 rs=1 cs=1]
                RenderText {#text} at (1,1) size 88x19
                  text run at (1,1) width 88: "form element"
              RenderTableCell {TH} at (616,2) size 59x22 [r=0 c=2 rs=1 cs=1]
                RenderText {#text} at (1,1) size 57x19
                  text run at (1,1) width 57: "property"
              RenderTableCell {TH} at (677,2) size 59x22 [r=0 c=3 rs=1 cs=1]
                RenderText {#text} at (1,1) size 57x19
                  text run at (1,1) width 57: "attribute"
          RenderTableSection {TBODY} at (0,26) size 738x378
            RenderTableRow {TR} at (0,0) size 738x28
              RenderTableCell {TD} at (2,3) size 366x22 [r=0 c=0 rs=1 cs=1]
                RenderText {#text} at (1,1) size 196x19
                  text run at (1,1) width 196: "text with value property changed"
              RenderTableCell {TD} at (370,0) size 244x28 [r=0 c=1 rs=1 cs=1]
                RenderTextControl {INPUT} at (3,3) size 150x22 [bgcolor=#FFFFFF] [border: (2px inset #000000)]
              RenderTableCell {TD} at (616,3) size 59x22 [r=0 c=2 rs=1 cs=1]
                RenderText {#text} at (1,1) size 27x19
                  text run at (1,1) width 27: "after"
              RenderTableCell {TD} at (677,3) size 59x22 [r=0 c=3 rs=1 cs=1]
                RenderText {#text} at (1,1) size 39x19
                  text run at (1,1) width 39: "before"
            RenderTableRow {TR} at (0,30) size 738x28
              RenderTableCell {TD} at (2,33) size 366x22 [r=1 c=0 rs=1 cs=1]
                RenderText {#text} at (1,1) size 233x19
                  text run at (1,1) width 233: "password with value property changed"
              RenderTableCell {TD} at (370,30) size 244x28 [r=1 c=1 rs=1 cs=1]
                RenderTextControl {INPUT} at (3,3) size 150x22 [bgcolor=#FFFFFF] [border: (2px inset #000000)]
              RenderTableCell {TD} at (616,33) size 59x22 [r=1 c=2 rs=1 cs=1]
                RenderText {#text} at (1,1) size 27x19
                  text run at (1,1) width 27: "after"
              RenderTableCell {TD} at (677,33) size 59x22 [r=1 c=3 rs=1 cs=1]
                RenderText {#text} at (1,1) size 39x19
                  text run at (1,1) width 39: "before"
            RenderTableRow {TR} at (0,60) size 738x22
              RenderTableCell {TD} at (2,60) size 366x22 [r=2 c=0 rs=1 cs=1]
                RenderText {#text} at (1,1) size 237x19
                  text run at (1,1) width 237: "check box with value property changed"
              RenderTableCell {TD} at (370,60) size 244x22 [r=2 c=1 rs=1 cs=1]
                RenderBlock {INPUT} at (5,4) size 13x13
              RenderTableCell {TD} at (616,60) size 59x22 [r=2 c=2 rs=1 cs=1]
                RenderText {#text} at (1,1) size 27x19
                  text run at (1,1) width 27: "after"
              RenderTableCell {TD} at (677,60) size 59x22 [r=2 c=3 rs=1 cs=1]
                RenderText {#text} at (1,1) size 27x19
                  text run at (1,1) width 27: "after"
            RenderTableRow {TR} at (0,84) size 738x22
              RenderTableCell {TD} at (2,84) size 366x22 [r=3 c=0 rs=1 cs=1]
                RenderText {#text} at (1,1) size 214x19
                  text run at (1,1) width 214: "hidden with value property changed"
              RenderTableCell {TD} at (370,94) size 244x2 [r=3 c=1 rs=1 cs=1]
              RenderTableCell {TD} at (616,84) size 59x22 [r=3 c=2 rs=1 cs=1]
                RenderText {#text} at (1,1) size 27x19
                  text run at (1,1) width 27: "after"
              RenderTableCell {TD} at (677,84) size 59x22 [r=3 c=3 rs=1 cs=1]
                RenderText {#text} at (1,1) size 27x19
                  text run at (1,1) width 27: "after"
            RenderTableRow {TR} at (0,108) size 738x28
              RenderTableCell {TD} at (2,111) size 366x22 [r=4 c=0 rs=1 cs=1]
                RenderText {#text} at (1,1) size 212x19
                  text run at (1,1) width 212: "button with value property changed"
              RenderTableCell {TD} at (370,108) size 244x28 [r=4 c=1 rs=1 cs=1]
                RenderButton {INPUT} at (3,3) size 42x22 [bgcolor=#F0F0F0] [border: (2px outset #F0F0F0)]
                  RenderBlock (anonymous) at (8,3) size 26x16
                    RenderText at (0,0) size 26x16
                      text run at (0,0) width 26: "after"
              RenderTableCell {TD} at (616,111) size 59x22 [r=4 c=2 rs=1 cs=1]
                RenderText {#text} at (1,1) size 27x19
                  text run at (1,1) width 27: "after"
              RenderTableCell {TD} at (677,111) size 59x22 [r=4 c=3 rs=1 cs=1]
                RenderText {#text} at (1,1) size 27x19
                  text run at (1,1) width 27: "after"
            RenderTableRow {TR} at (0,138) size 738x22
              RenderTableCell {TD} at (2,138) size 366x22 [r=5 c=0 rs=1 cs=1]
                RenderText {#text} at (1,1) size 209x19
                  text run at (1,1) width 209: "image with value property changed"
              RenderTableCell {TD} at (370,138) size 244x22 [r=5 c=1 rs=1 cs=1]
                RenderImage {INPUT} at (1,1) size 43x20
              RenderTableCell {TD} at (616,138) size 59x22 [r=5 c=2 rs=1 cs=1]
                RenderText {#text} at (1,1) size 27x19
                  text run at (1,1) width 27: "after"
              RenderTableCell {TD} at (677,138) size 59x22 [r=5 c=3 rs=1 cs=1]
                RenderText {#text} at (1,1) size 27x19
                  text run at (1,1) width 27: "after"
            RenderTableRow {TR} at (0,162) size 738x22
              RenderTableCell {TD} at (2,162) size 366x22 [r=6 c=0 rs=1 cs=1]
                RenderText {#text} at (1,1) size 205x19
                  text run at (1,1) width 205: "radio with value property changed"
              RenderTableCell {TD} at (370,164) size 244x18 [r=6 c=1 rs=1 cs=1]
                RenderBlock {INPUT} at (6,4) size 13x13
              RenderTableCell {TD} at (616,162) size 59x22 [r=6 c=2 rs=1 cs=1]
                RenderText {#text} at (1,1) size 27x19
                  text run at (1,1) width 27: "after"
              RenderTableCell {TD} at (677,162) size 59x22 [r=6 c=3 rs=1 cs=1]
                RenderText {#text} at (1,1) size 27x19
                  text run at (1,1) width 27: "after"
            RenderTableRow {TR} at (0,186) size 738x28
              RenderTableCell {TD} at (2,189) size 366x22 [r=7 c=0 rs=1 cs=1]
                RenderText {#text} at (1,1) size 193x19
                  text run at (1,1) width 193: "text with value attribute changed"
              RenderTableCell {TD} at (370,186) size 244x28 [r=7 c=1 rs=1 cs=1]
                RenderTextControl {INPUT} at (3,3) size 150x22 [bgcolor=#FFFFFF] [border: (2px inset #000000)]
              RenderTableCell {TD} at (616,189) size 59x22 [r=7 c=2 rs=1 cs=1]
                RenderText {#text} at (1,1) size 27x19
                  text run at (1,1) width 27: "after"
              RenderTableCell {TD} at (677,189) size 59x22 [r=7 c=3 rs=1 cs=1]
                RenderText {#text} at (1,1) size 27x19
                  text run at (1,1) width 27: "after"
            RenderTableRow {TR} at (0,216) size 738x22
              RenderTableCell {TD} at (2,216) size 366x22 [r=8 c=0 rs=1 cs=1]
                RenderText {#text} at (1,1) size 234x19
                  text run at (1,1) width 234: "check box with value attribute changed"
              RenderTableCell {TD} at (370,216) size 244x22 [r=8 c=1 rs=1 cs=1]
                RenderBlock {INPUT} at (5,4) size 13x13
              RenderTableCell {TD} at (616,216) size 59x22 [r=8 c=2 rs=1 cs=1]
                RenderText {#text} at (1,1) size 27x19
                  text run at (1,1) width 27: "after"
              RenderTableCell {TD} at (677,216) size 59x22 [r=8 c=3 rs=1 cs=1]
                RenderText {#text} at (1,1) size 27x19
                  text run at (1,1) width 27: "after"
            RenderTableRow {TR} at (0,240) size 738x22
              RenderTableCell {TD} at (2,240) size 366x22 [r=9 c=0 rs=1 cs=1]
                RenderText {#text} at (1,1) size 364x19
                  text run at (1,1) width 364: "text with value property changed, then turned into check box"
              RenderTableCell {TD} at (370,240) size 244x22 [r=9 c=1 rs=1 cs=1]
                RenderBlock {INPUT} at (5,4) size 13x13
              RenderTableCell {TD} at (616,240) size 59x22 [r=9 c=2 rs=1 cs=1]
                RenderText {#text} at (1,1) size 27x19
                  text run at (1,1) width 27: "after"
              RenderTableCell {TD} at (677,240) size 59x22 [r=9 c=3 rs=1 cs=1]
                RenderText {#text} at (1,1) size 27x19
                  text run at (1,1) width 27: "after"
            RenderTableRow {TR} at (0,264) size 738x28
              RenderTableCell {TD} at (2,267) size 366x22 [r=10 c=0 rs=1 cs=1]
                RenderText {#text} at (1,1) size 364x19
                  text run at (1,1) width 364: "check box with value property changed, then turned into text"
              RenderTableCell {TD} at (370,264) size 244x28 [r=10 c=1 rs=1 cs=1]
                RenderTextControl {INPUT} at (3,3) size 150x22 [bgcolor=#FFFFFF] [border: (2px inset #000000)]
              RenderTableCell {TD} at (616,267) size 59x22 [r=10 c=2 rs=1 cs=1]
                RenderText {#text} at (1,1) size 27x19
                  text run at (1,1) width 27: "after"
              RenderTableCell {TD} at (677,267) size 59x22 [r=10 c=3 rs=1 cs=1]
                RenderText {#text} at (1,1) size 27x19
                  text run at (1,1) width 27: "after"
            RenderTableRow {TR} at (0,294) size 738x22
              RenderTableCell {TD} at (2,294) size 366x22 [r=11 c=0 rs=1 cs=1]
                RenderText {#text} at (1,1) size 361x19
                  text run at (1,1) width 361: "text with value attribute changed, then turned into check box"
              RenderTableCell {TD} at (370,294) size 244x22 [r=11 c=1 rs=1 cs=1]
                RenderBlock {INPUT} at (5,4) size 13x13
              RenderTableCell {TD} at (616,294) size 59x22 [r=11 c=2 rs=1 cs=1]
                RenderText {#text} at (1,1) size 27x19
                  text run at (1,1) width 27: "after"
              RenderTableCell {TD} at (677,294) size 59x22 [r=11 c=3 rs=1 cs=1]
                RenderText {#text} at (1,1) size 27x19
                  text run at (1,1) width 27: "after"
            RenderTableRow {TR} at (0,318) size 738x28
              RenderTableCell {TD} at (2,321) size 366x22 [r=12 c=0 rs=1 cs=1]
                RenderText {#text} at (1,1) size 361x19
                  text run at (1,1) width 361: "check box with value attribute changed, then turned into text"
              RenderTableCell {TD} at (370,318) size 244x28 [r=12 c=1 rs=1 cs=1]
                RenderTextControl {INPUT} at (3,3) size 150x22 [bgcolor=#FFFFFF] [border: (2px inset #000000)]
              RenderTableCell {TD} at (616,321) size 59x22 [r=12 c=2 rs=1 cs=1]
                RenderText {#text} at (1,1) size 27x19
                  text run at (1,1) width 27: "after"
              RenderTableCell {TD} at (677,321) size 59x22 [r=12 c=3 rs=1 cs=1]
                RenderText {#text} at (1,1) size 27x19
                  text run at (1,1) width 27: "after"
            RenderTableRow {TR} at (0,348) size 738x28
              RenderTableCell {TD} at (2,351) size 366x22 [r=13 c=0 rs=1 cs=1]
                RenderText {#text} at (1,1) size 191x19
                  text run at (1,1) width 191: "file with value property changed"
              RenderTableCell {TD} at (370,348) size 244x28 [r=13 c=1 rs=1 cs=1]
                RenderFileUploadControl {INPUT} at (3,3) size 238x22 "no file selected"
                  RenderButton {INPUT} at (0,0) size 88x22 [bgcolor=#F0F0F0] [border: (2px outset #F0F0F0)]
                    RenderBlock (anonymous) at (8,3) size 72x16
                      RenderText at (0,0) size 72x16
                        text run at (0,0) width 72: "Choose File"
              RenderTableCell {TD} at (616,361) size 59x2 [r=13 c=2 rs=1 cs=1]
              RenderTableCell {TD} at (677,351) size 59x22 [r=13 c=3 rs=1 cs=1]
                RenderText {#text} at (1,1) size 39x19
                  text run at (1,1) width 39: "before"
layer at (383,142) size 146x16
  RenderBlock {DIV} at (2,3) size 146x16
    RenderText {#text} at (0,0) size 39x16
      text run at (0,0) width 39: "before"
layer at (383,172) size 146x16
  RenderBlock {DIV} at (2,3) size 146x16
    RenderText {#text} at (0,0) size 42x16
      text run at (0,0) width 42: "\x{2022}\x{2022}\x{2022}\x{2022}\x{2022}\x{2022}"
layer at (383,328) size 146x16
  RenderBlock {DIV} at (2,3) size 146x16
    RenderText {#text} at (0,0) size 26x16
      text run at (0,0) width 26: "after"
layer at (383,406) size 146x16
  RenderBlock {DIV} at (2,3) size 146x16
    RenderText {#text} at (0,0) size 26x16
      text run at (0,0) width 26: "after"
layer at (383,460) size 146x16
  RenderBlock {DIV} at (2,3) size 146x16
    RenderText {#text} at (0,0) size 26x16
      text run at (0,0) width 26: "after"
