layer at (0,0) size 800x600
  RenderView at (0,0) size 800x600
layer at (0,0) size 800x600
  RenderBlock {HTML} at (0,0) size 800x600
    RenderBody {BODY} at (8,8) size 784x584
      RenderText {#text} at (0,0) size 784x39
        text run at (0,0) width 784: "This tests that leading and trailing spaces in a text field don't get lost. There should be 3 spaces before and 3 spaces after the text in"
        text run at (0,20) width 55: "the field. "
      RenderBR {BR} at (55,35) size 0x0
      RenderTextControl {INPUT} at (2,42) size 150x22 [bgcolor=#FFFFFF] [border: (2px inset #000000)]
      RenderText {#text} at (0,0) size 0x0
layer at (12,53) size 146x16
  RenderBlock {DIV} at (2,3) size 146x16
    RenderText {#text} at (0,0) size 60x16
      text run at (0,0) width 60: "   foo bar   "
