layer at (0,0) size 800x600
  RenderView at (0,0) size 800x600
layer at (0,0) size 800x600
  RenderBlock {HTML} at (0,0) size 800x600
    RenderBody {BODY} at (8,8) size 784x584
      RenderBlock {P} at (0,0) size 784x20
        RenderText {#text} at (0,0) size 108x19
          text run at (0,0) width 108: "This tests that the "
        RenderInline {CODE} at (0,0) size 72x16
          RenderText {#text} at (108,3) size 72x16
            text run at (108,3) width 72: "word-wrap"
        RenderText {#text} at (180,0) size 284x19
          text run at (180,0) width 284: " property is ignored for single-line text controls."
      RenderBlock (anonymous) at (0,36) size 784x39
        RenderTextControl {INPUT} at (2,0) size 150x39 [bgcolor=#FFFFFF] [border: (2px inset #000000)]
        RenderText {#text} at (0,0) size 0x0
layer at (12,56) size 146x16 scrollWidth 280
  RenderBlock {DIV} at (2,11) size 146x17
    RenderText {#text} at (0,0) size 279x16
      text run at (0,0) width 279: "This sentence should not wrap into the next line."
