layer at (0,0) size 800x600
  RenderView at (0,0) size 800x600
layer at (0,0) size 800x600
  RenderBlock {HTML} at (0,0) size 800x600
    RenderBody {BODY} at (8,8) size 784x584
      RenderBlock {P} at (0,0) size 784x20
        RenderText {#text} at (0,0) size 533x19
          text run at (0,0) width 533: "The following 5 inputs should be all be rendered exactly the same, aligned to the left side."
      RenderBlock (anonymous) at (0,36) size 784x104
        RenderTextControl {INPUT} at (2,2) size 150x22 [bgcolor=#FFFFFF] [border: (2px inset #000000)]
        RenderText {#text} at (154,3) size 4x19
          text run at (154,3) width 4: " "
        RenderBR {BR} at (0,0) size 0x0
        RenderTextControl {INPUT} at (2,28) size 150x22 [bgcolor=#FFFFFF] [border: (2px inset #000000)]
        RenderText {#text} at (154,29) size 4x19
          text run at (154,29) width 4: " "
        RenderBR {BR} at (0,0) size 0x0
        RenderTextControl {INPUT} at (2,54) size 150x22 [bgcolor=#FFFFFF] [border: (2px inset #000000)]
        RenderText {#text} at (154,55) size 4x19
          text run at (154,55) width 4: " "
        RenderBR {BR} at (0,0) size 0x0
        RenderTextControl {INPUT} at (2,80) size 150x22 [bgcolor=#FFFFFF] [border: (2px inset #000000)]
        RenderText {#text} at (154,81) size 4x19
          text run at (154,81) width 4: " "
        RenderBR {BR} at (0,0) size 0x0
      RenderBlock {DIV} at (0,140) size 784x26
        RenderTextControl {INPUT} at (2,2) size 150x22 [bgcolor=#FFFFFF] [border: (2px inset #000000)]
layer at (12,49) size 146x16
  RenderBlock {DIV} at (2,3) size 146x16
    RenderText {#text} at (0,0) size 107x16
      text run at (0,0) width 107: "The quick brown..."
layer at (12,75) size 146x16
  RenderBlock {DIV} at (2,3) size 146x16
    RenderText {#text} at (0,0) size 107x16
      text run at (0,0) width 107: "The quick brown..."
layer at (12,101) size 146x16
  RenderBlock {DIV} at (2,3) size 146x16
    RenderText {#text} at (0,0) size 107x16
      text run at (0,0) width 107: "The quick brown..."
layer at (12,127) size 146x16
  RenderBlock {DIV} at (2,3) size 146x16
    RenderText {#text} at (0,0) size 107x16
      text run at (0,0) width 107: "The quick brown..."
layer at (12,153) size 146x16
  RenderBlock {DIV} at (2,3) size 146x16
    RenderText {#text} at (0,0) size 107x16
      text run at (0,0) width 107: "The quick brown..."
