layer at (0,0) size 800x600
  RenderView at (0,0) size 800x600
layer at (0,0) size 800x600
  RenderBlock {HTML} at (0,0) size 800x600
    RenderBody {BODY} at (8,8) size 784x576
      RenderBlock {DIV} at (0,0) size 425x75 [bgcolor=#FFFF00]
        RenderTextControl {INPUT} at (27,27) size 150x22 [bgcolor=#FFFFFF] [border: (2px inset #000000)]
      RenderBlock {P} at (0,91) size 784x40
        RenderText {#text} at (0,0) size 774x39
          text run at (0,0) width 774: "This test clicks inside an input element, and must result in the element receiving focus. If the test succeeds the element should have"
          text run at (0,20) width 73: "a focus ring."
layer at (37,38) size 146x16
  RenderBlock {DIV} at (2,3) size 146x16
caret: position 0 of child 0 {DIV} of {#document-fragment} of child 0 {INPUT} of child 0 {DIV} of body
