layer at (0,0) size 800x600
  RenderView at (0,0) size 800x600
layer at (0,0) size 800x600
  RenderBlock {HTML} at (0,0) size 800x600
    RenderBody {BODY} at (8,8) size 784x584
      RenderText {#text} at (0,0) size 761x39
        text run at (0,0) width 761: "This test checks if correct min width is applied to \"input type=text\". To match IE and Firefox, the input field below should show"
        text run at (0,20) width 547: "\"1987\", with the 7 slightly truncated. See https://bugs.webkit.org/show_bug.cgi?id=15312 ."
      RenderBR {BR} at (547,35) size 0x0
      RenderTextControl {INPUT} at (2,42) size 17x22 [bgcolor=#FFFFFF] [border: (2px inset #000000)]
      RenderText {#text} at (0,0) size 0x0
layer at (12,53) size 13x16 scrollWidth 43
  RenderBlock {DIV} at (2,3) size 13x16
    RenderText {#text} at (0,0) size 42x16
      text run at (0,0) width 42: "198765"
