layer at (0,0) size 800x600
  RenderView at (0,0) size 800x600
layer at (0,0) size 800x600
  RenderBlock {HTML} at (0,0) size 800x600
    RenderBody {BODY} at (8,8) size 784x584
      RenderBlock (anonymous) at (0,0) size 784x64
        RenderText {#text} at (0,0) size 627x19
          text run at (0,0) width 627: "This tests that when an option is dynamically added to a menu list, and it is too long for the current width,"
        RenderBR {BR} at (627,15) size 0x0
        RenderText {#text} at (0,20) size 348x19
          text run at (0,20) width 348: "that the select automatically recalculates the correct width."
        RenderBR {BR} at (348,35) size 0x0
        RenderMenuList {SELECT} at (2,42) size 141x20 [bgcolor=#FFFFFF]
          RenderBlock (anonymous) at (4,2) size 116x16
            RenderText at (0,0) size 31x16
              text run at (0,0) width 31: "Short"
        RenderText {#text} at (0,0) size 0x0
      RenderBlock {DIV} at (0,64) size 784x0
