layer at (0,0) size 800x600
  RenderView at (0,0) size 800x600
layer at (0,0) size 800x600
  RenderBlock {HTML} at (0,0) size 800x600
    RenderBody {BODY} at (8,8) size 784x576
      RenderBlock {P} at (0,0) size 784x20
        RenderText {#text} at (0,0) size 51x19
          text run at (0,0) width 51: "Test for "
        RenderInline {I} at (0,0) size 584x19
          RenderInline {A} at (0,0) size 305x19 [color=#0000EE]
            RenderText {#text} at (51,0) size 305x19
              text run at (51,0) width 305: "http://bugs.webkit.org/show_bug.cgi?id=11362"
          RenderText {#text} at (356,0) size 279x19
            text run at (356,0) width 4: " "
            text run at (360,0) width 275: "Native popup with size=\"1\" wraps options"
        RenderText {#text} at (635,0) size 4x19
          text run at (635,0) width 4: "."
      RenderBlock {P} at (0,36) size 784x22
        RenderText {#text} at (0,1) size 33x19
          text run at (0,1) width 33: "With "
        RenderInline {TT} at (0,0) size 64x16
          RenderText {#text} at (33,4) size 64x16
            text run at (33,4) width 64: "size=\"1\""
        RenderText {#text} at (97,1) size 7x19
          text run at (97,1) width 7: ": "
        RenderMenuList {SELECT} at (104,2) size 100x18 [bgcolor=#FFFFFF] [border: (1px solid #000000)]
          RenderBlock (anonymous) at (1,1) size 98x16
            RenderText at (0,0) size 188x16
              text run at (0,0) width 188: "Very long option that does not fit"
        RenderText {#text} at (0,0) size 0x0
      RenderBlock {P} at (0,74) size 784x22
        RenderText {#text} at (0,1) size 52x19
          text run at (0,1) width 52: "Without "
        RenderInline {TT} at (0,0) size 32x16
          RenderText {#text} at (52,4) size 32x16
            text run at (52,4) width 32: "size"
        RenderText {#text} at (84,1) size 7x19
          text run at (84,1) width 7: ": "
        RenderMenuList {SELECT} at (91,2) size 100x18 [bgcolor=#FFFFFF] [border: (1px solid #000000)]
          RenderBlock (anonymous) at (1,1) size 98x16
            RenderText at (0,0) size 188x16
              text run at (0,0) width 188: "Very long option that does not fit"
        RenderText {#text} at (0,0) size 0x0
