layer at (0,0) size 800x600
  RenderView at (0,0) size 800x600
layer at (0,0) size 800x600
  RenderBlock {HTML} at (0,0) size 800x600
    RenderBody {BODY} at (8,8) size 784x584
      RenderBlock (anonymous) at (0,0) size 784x20
        RenderText {#text} at (0,0) size 760x19
          text run at (0,0) width 760: "This test makes sure we don't crash when trying to get the index of an option element that has no corresponding select element."
      RenderBlock {DIV} at (0,20) size 784x40
        RenderText {#text} at (0,0) size 81x19
          text run at (0,0) width 81: "Test Passed. "
        RenderBR {BR} at (81,15) size 0x0
        RenderText {#text} at (0,20) size 351x19
          text run at (0,20) width 351: "Index for option element with no corresponding select is: 0"
