layer at (0,0) size 800x600
  RenderView at (0,0) size 800x600
layer at (0,0) size 800x600
  RenderBlock {HTML} at (0,0) size 800x600
    RenderBody {BODY} at (8,8) size 784x576
      RenderBlock (anonymous) at (0,0) size 784x26
        RenderTextControl {INPUT} at (0,2) size 600x22 [bgcolor=#FFFFFF] [border: (2px inset #000000)]
        RenderText {#text} at (600,3) size 4x19
          text run at (600,3) width 4: " "
        RenderBR {BR} at (604,18) size 0x0
      RenderBlock {DIV} at (0,26) size 784x20
        RenderText {#text} at (0,0) size 29x19
          text run at (0,0) width 29: "This "
        RenderInline {B} at (0,0) size 69x19
          RenderText {#text} at (29,0) size 44x19
            text run at (29,0) width 44: "styled "
          RenderInline {I} at (0,0) size 25x19
            RenderText {#text} at (73,0) size 25x19
              text run at (73,0) width 25: "text"
        RenderText {#text} at (98,0) size 34x19
          text run at (98,0) width 34: ", and "
        RenderInline {A} at (0,0) size 21x19 [color=#0000EE]
          RenderText {#text} at (132,0) size 21x19
            text run at (132,0) width 21: "link"
        RenderText {#text} at (153,0) size 382x19
          text run at (153,0) width 194: " will be pasted into the textfield. "
          text run at (347,0) width 188: "All richness should be stripped."
      RenderBlock {OL} at (0,62) size 784x40
        RenderListItem {LI} at (40,0) size 744x20
          RenderListMarker at (-21,0) size 16x19: "1"
          RenderText {#text} at (0,0) size 313x19
            text run at (0,0) width 313: "Success: document.execCommand(\"Copy\") == true"
        RenderListItem {LI} at (40,20) size 744x20
          RenderListMarker at (-21,0) size 16x19: "2"
          RenderText {#text} at (0,0) size 312x19
            text run at (0,0) width 312: "Success: document.execCommand(\"Paste\") == true"
layer at (10,13) size 596x16
  RenderBlock {DIV} at (2,3) size 596x16
    RenderText {#text} at (0,0) size 509x16
      text run at (0,0) width 509: "This styled text, and link will be pasted into the textfield. All richness should be stripped."
caret: position 94 of child 0 {#text} of child 0 {DIV} of {#document-fragment} of child 0 {INPUT} of body
