layer at (0,0) size 800x600
  RenderView at (0,0) size 800x600
layer at (0,0) size 800x600
  RenderBlock {HTML} at (0,0) size 800x600
    RenderBody {BODY} at (8,8) size 784x584
      RenderText {#text} at (0,0) size 351x19
        text run at (0,0) width 351: "This tests that aqua-style search fields do not honor height."
      RenderBR {BR} at (351,15) size 0x0
      RenderTextControl {INPUT} at (0,127) size 75x6 [bgcolor=#FFFFFF] [border: (2px inset #000000)]
        RenderFlexibleBox {DIV} at (3,0) size 69x6
          RenderBlock {DIV} at (0,0) size 1x11
          RenderBlock {DIV} at (1,3) size 60x0
          RenderBlock {DIV} at (61,0) size 5x6
      RenderText {#text} at (75,115) size 4x19
        text run at (75,115) width 4: " "
      RenderTextControl {INPUT} at (81,104) size 184x40 [bgcolor=#FFFFFF] [border: (2px inset #000000)]
        RenderFlexibleBox {DIV} at (3,3) size 178x34
          RenderBlock {DIV} at (0,11) size 1x12
          RenderBlock {DIV} at (1,8) size 164x18
          RenderBlock {DIV} at (165,12) size 10x10
      RenderText {#text} at (267,115) size 4x19
        text run at (267,115) width 4: " "
      RenderTextControl {INPUT} at (273,20) size 337x200 [bgcolor=#FFFFFF] [border: (2px inset #000000)]
        RenderFlexibleBox {DIV} at (3,3) size 331x194
          RenderBlock {DIV} at (0,91) size 1x12
          RenderBlock {DIV} at (1,81) size 308x32
          RenderBlock {DIV} at (309,87) size 19x20
      RenderText {#text} at (0,0) size 0x0
layer at (93,123) size 164x18
  RenderBlock {DIV} at (0,0) size 164x18
    RenderText {#text} at (0,0) size 35x18
      text run at (0,0) width 35: "small"
layer at (285,113) size 308x31
  RenderBlock {DIV} at (0,0) size 308x31
    RenderText {#text} at (0,0) size 84x31
      text run at (0,0) width 84: "regular"
