layer at (0,0) size 800x600
  RenderView at (0,0) size 800x600
layer at (0,0) size 800x600
  RenderBlock {HTML} at (0,0) size 800x600
    RenderBody {BODY} at (8,8) size 784x576
      RenderBlock {P} at (0,0) size 784x40
        RenderText {#text} at (0,0) size 784x39
          text run at (0,0) width 398: "Test that search field text is vertically centered if the search field is "
          text run at (398,0) width 386: "taller than the text. In each of the following pairs of a search field"
          text run at (0,20) width 26: "and "
          text run at (26,20) width 338: "a text field, the vertical position of the text should be the "
          text run at (364,20) width 115: "same in both fields."
      RenderBlock {P} at (0,56) size 784x45
        RenderTextControl {INPUT} at (2,0) size 174x45 [bgcolor=#FFFFFF] [border: (2px inset #000000)]
          RenderFlexibleBox {DIV} at (3,3) size 168x39
            RenderBlock {DIV} at (2,13) size 13x13
            RenderBlock {DIV} at (18,11) size 138x17
            RenderBlock {DIV} at (156,15) size 9x9
        RenderText {#text} at (178,12) size 4x19
          text run at (178,12) width 4: " "
        RenderTextControl {INPUT} at (184,0) size 150x45 [bgcolor=#FFFFFF] [border: (2px inset #000000)]
        RenderText {#text} at (0,0) size 0x0
      RenderBlock {P} at (0,117) size 784x20
        RenderTextControl {INPUT} at (2,2) size 174x16 [bgcolor=#FFFFFF] [border: (2px inset #000000)]
          RenderFlexibleBox {DIV} at (3,0) size 168x16
            RenderBlock {DIV} at (2,1) size 13x14
            RenderBlock {DIV} at (18,0) size 138x16
            RenderBlock {DIV} at (156,3) size 9x10
        RenderText {#text} at (178,0) size 4x19
          text run at (178,0) width 4: " "
        RenderTextControl {INPUT} at (184,2) size 150x16 [bgcolor=#FFFFFF] [border: (2px inset #000000)]
        RenderText {#text} at (0,0) size 0x0
      RenderBlock {P} at (0,153) size 784x20
        RenderTextControl {INPUT} at (2,6) size 174x12 [bgcolor=#FFFFFF] [border: (2px inset #000000)]
          RenderFlexibleBox {DIV} at (3,0) size 168x12
            RenderBlock {DIV} at (2,0) size 13x13
            RenderBlock {DIV} at (18,3) size 138x6
            RenderBlock {DIV} at (156,1) size 9x10
        RenderText {#text} at (178,0) size 4x19
          text run at (178,0) width 4: " "
        RenderTextControl {INPUT} at (184,6) size 150x12 [bgcolor=#FFFFFF] [border: (2px inset #000000)]
        RenderText {#text} at (0,0) size 0x0
layer at (31,79) size 138x16
  RenderBlock {DIV} at (0,0) size 138x16
    RenderText {#text} at (0,0) size 26x16
      text run at (0,0) width 26: "Text"
layer at (194,79) size 146x16
  RenderBlock {DIV} at (2,14) size 146x17
    RenderText {#text} at (0,0) size 26x16
      text run at (0,0) width 26: "Text"
layer at (31,127) size 138x16
  RenderBlock {DIV} at (0,0) size 138x16
    RenderText {#text} at (0,0) size 26x16
      text run at (0,0) width 26: "Text"
layer at (194,127) size 146x16
  RenderBlock {DIV} at (2,0) size 146x16
    RenderText {#text} at (0,0) size 26x16
      text run at (0,0) width 26: "Text"
layer at (31,170) size 138x6 scrollHeight 16
  RenderBlock {DIV} at (0,0) size 138x6
    RenderText {#text} at (0,0) size 26x16
      text run at (0,0) width 26: "Text"
layer at (194,170) size 146x6 scrollHeight 16
  RenderBlock {DIV} at (2,3) size 146x6
    RenderText {#text} at (0,0) size 26x16
      text run at (0,0) width 26: "Text"
