layer at (0,0) size 800x600
  RenderView at (0,0) size 800x600
layer at (0,0) size 800x600
  RenderBlock {HTML} at (0,0) size 800x600
    RenderBody {BODY} at (8,8) size 784x584
      RenderBlock {P} at (0,0) size 784x20
        RenderText {#text} at (0,0) size 367x19
          text run at (0,0) width 367: "Only the second search field should have a cancel button (\x{D7})."
      RenderBlock (anonymous) at (0,36) size 784x26
        RenderTextControl {INPUT} at (2,2) size 162x22 [bgcolor=#FFFFFF] [border: (2px inset #000000)]
          RenderFlexibleBox {DIV} at (3,3) size 156x16
            RenderBlock {DIV} at (0,2) size 1x12
            RenderBlock {DIV} at (1,0) size 143x16
            RenderBlock {DIV} at (144,3) size 9x10
        RenderText {#text} at (166,3) size 4x19
          text run at (166,3) width 4: " "
        RenderTextControl {INPUT} at (172,2) size 162x22 [bgcolor=#FFFFFF] [border: (2px inset #000000)]
          RenderFlexibleBox {DIV} at (3,3) size 156x16
            RenderBlock {DIV} at (0,2) size 1x12
            RenderBlock {DIV} at (1,0) size 143x16
            RenderBlock {DIV} at (144,3) size 9x10
        RenderText {#text} at (0,0) size 0x0
layer at (14,49) size 143x16
  RenderBlock {DIV} at (0,0) size 143x16
layer at (184,49) size 143x16
  RenderBlock {DIV} at (0,0) size 143x16
    RenderText {#text} at (0,0) size 46x16
      text run at (0,0) width 46: "this one"
