layer at (0,0) size 800x600
  RenderView at (0,0) size 800x600
layer at (0,0) size 800x600
  RenderBlock {HTML} at (0,0) size 800x600
    RenderBody {BODY} at (8,8) size 784x584
      RenderBlock {P} at (0,0) size 784x40
        RenderText {#text} at (0,0) size 51x19
          text run at (0,0) width 51: "Test for "
        RenderInline {I} at (0,0) size 717x39
          RenderInline {A} at (0,0) size 305x19 [color=#0000EE]
            RenderText {#text} at (51,0) size 305x19
              text run at (51,0) width 305: "http://bugs.webkit.org/show_bug.cgi?id=13775"
          RenderText {#text} at (356,0) size 717x39
            text run at (356,0) width 4: " "
            text run at (360,0) width 357: "REGRESSION: Popup button text should use \"natural\""
            text run at (0,20) width 331: "directionality to match the items in the popup menu"
        RenderText {#text} at (331,20) size 4x19
          text run at (331,20) width 4: "."
      RenderBlock {DIV} at (0,56) size 784x48
        RenderBlock {DIV} at (0,0) size 784x24
          RenderMenuList {SELECT} at (0,2) size 70x20 [bgcolor=#FFFFFF]
            RenderBlock (anonymous) at (4,2) size 45x16
              RenderText at (0,0) size 17x16
                text run at (0,0) width 8 RTL: "\x{5D0}"
                text run at (8,0) width 9: "A"
          RenderText {#text} at (70,2) size 4x19
            text run at (70,2) width 4: " "
          RenderMenuList {SELECT} at (74,2) size 70x20 [bgcolor=#FFFFFF]
            RenderBlock (anonymous) at (4,2) size 45x16
              RenderText at (0,0) size 17x16
                text run at (0,0) width 9: "A"
                text run at (9,0) width 8 RTL: "\x{5D0}"
          RenderText {#text} at (144,2) size 4x19
            text run at (144,2) width 4: " "
          RenderMenuList {SELECT} at (148,2) size 70x20 [bgcolor=#FFFFFF]
            RenderBlock (anonymous) at (4,2) size 45x16
              RenderText at (0,0) size 21x16
                text run at (0,0) width 4: "("
                text run at (4,0) width 8 RTL: "\x{5D0}"
                text run at (12,0) width 9: "A"
          RenderText {#text} at (218,2) size 4x19
            text run at (218,2) width 4: " "
          RenderMenuList {SELECT} at (222,2) size 70x20 [bgcolor=#FFFFFF]
            RenderBlock (anonymous) at (4,2) size 45x16
              RenderText at (0,0) size 21x16
                text run at (0,0) width 13: "(A"
                text run at (13,0) width 8 RTL: "\x{5D0}"
          RenderText {#text} at (0,0) size 0x0
        RenderBlock {DIV} at (0,24) size 784x24
          RenderMenuList {SELECT} at (492,2) size 70x20 [bgcolor=#FFFFFF]
            RenderBlock (anonymous) at (4,2) size 45x16
              RenderText at (0,0) size 17x16
                text run at (0,0) width 8 RTL: "\x{5D0}"
                text run at (8,0) width 9: "A"
          RenderText {#text} at (562,2) size 4x19
            text run at (562,2) width 4: " "
          RenderMenuList {SELECT} at (566,2) size 70x20 [bgcolor=#FFFFFF]
            RenderBlock (anonymous) at (4,2) size 45x16
              RenderText at (0,0) size 17x16
                text run at (0,0) width 9: "A"
                text run at (9,0) width 8 RTL: "\x{5D0}"
          RenderText {#text} at (636,2) size 4x19
            text run at (636,2) width 4: " "
          RenderMenuList {SELECT} at (640,2) size 70x20 [bgcolor=#FFFFFF]
            RenderBlock (anonymous) at (4,2) size 45x16
              RenderText at (0,0) size 21x16
                text run at (0,0) width 4: "("
                text run at (4,0) width 8 RTL: "\x{5D0}"
                text run at (12,0) width 9: "A"
          RenderText {#text} at (710,2) size 4x19
            text run at (710,2) width 4: " "
          RenderMenuList {SELECT} at (714,2) size 70x20 [bgcolor=#FFFFFF]
            RenderBlock (anonymous) at (4,2) size 45x16
              RenderText at (0,0) size 21x16
                text run at (0,0) width 13: "(A"
                text run at (13,0) width 8 RTL: "\x{5D0}"
          RenderText {#text} at (0,0) size 0x0
      RenderBlock {DIV} at (0,104) size 784x48
        RenderBlock {DIV} at (0,0) size 784x24
          RenderMenuList {SELECT} at (222,2) size 70x20 [bgcolor=#FFFFFF]
            RenderBlock (anonymous) at (21,2) size 45x16
              RenderText at (28,0) size 17x16
                text run at (28,0) width 9: "A"
                text run at (37,0) width 8 RTL: "\x{5D0}"
          RenderText {#text} at (218,2) size 4x19
            text run at (218,2) width 4 RTL: " "
          RenderMenuList {SELECT} at (148,2) size 70x20 [bgcolor=#FFFFFF]
            RenderBlock (anonymous) at (21,2) size 45x16
              RenderText at (28,0) size 17x16
                text run at (28,0) width 8 RTL: "\x{5D0}"
                text run at (36,0) width 9: "A"
          RenderText {#text} at (144,2) size 4x19
            text run at (144,2) width 4 RTL: " "
          RenderMenuList {SELECT} at (74,2) size 70x20 [bgcolor=#FFFFFF]
            RenderBlock (anonymous) at (21,2) size 45x16
              RenderText at (24,0) size 21x16
                text run at (24,0) width 9: "A"
                text run at (33,0) width 12 RTL: "(\x{5D0}"
          RenderText {#text} at (70,2) size 4x19
            text run at (70,2) width 4 RTL: " "
          RenderMenuList {SELECT} at (0,2) size 70x20 [bgcolor=#FFFFFF]
            RenderBlock (anonymous) at (21,2) size 45x16
              RenderText at (24,0) size 21x16
                text run at (24,0) width 8 RTL: "\x{5D0}"
                text run at (32,0) width 9: "A"
                text run at (41,0) width 4 RTL: "("
          RenderText {#text} at (0,0) size 0x0
        RenderBlock {DIV} at (0,24) size 784x24
          RenderMenuList {SELECT} at (714,2) size 70x20 [bgcolor=#FFFFFF]
            RenderBlock (anonymous) at (21,2) size 45x16
              RenderText at (28,0) size 17x16
                text run at (28,0) width 9: "A"
                text run at (37,0) width 8 RTL: "\x{5D0}"
          RenderText {#text} at (710,2) size 4x19
            text run at (710,2) width 4 RTL: " "
          RenderMenuList {SELECT} at (640,2) size 70x20 [bgcolor=#FFFFFF]
            RenderBlock (anonymous) at (21,2) size 45x16
              RenderText at (28,0) size 17x16
                text run at (28,0) width 8 RTL: "\x{5D0}"
                text run at (36,0) width 9: "A"
          RenderText {#text} at (636,2) size 4x19
            text run at (636,2) width 4 RTL: " "
          RenderMenuList {SELECT} at (566,2) size 70x20 [bgcolor=#FFFFFF]
            RenderBlock (anonymous) at (21,2) size 45x16
              RenderText at (24,0) size 21x16
                text run at (24,0) width 9: "A"
                text run at (33,0) width 12 RTL: "(\x{5D0}"
          RenderText {#text} at (562,2) size 4x19
            text run at (562,2) width 4 RTL: " "
          RenderMenuList {SELECT} at (492,2) size 70x20 [bgcolor=#FFFFFF]
            RenderBlock (anonymous) at (21,2) size 45x16
              RenderText at (24,0) size 21x16
                text run at (24,0) width 8 RTL: "\x{5D0}"
                text run at (32,0) width 9: "A"
                text run at (41,0) width 4 RTL: "("
          RenderText {#text} at (0,0) size 0x0
