layer at (0,0) size 800x600
  RenderView at (0,0) size 800x600
layer at (0,0) size 800x42
  RenderBlock {HTML} at (0,0) size 800x42
    RenderBody {BODY} at (8,8) size 784x26 [bgcolor=#666666]
      RenderMenuList {SELECT} at (2,2) size 34x22 [border: (1px solid #000000)]
        RenderBlock (anonymous) at (5,3) size 7x16
          RenderText at (0,0) size 7x16
            text run at (0,0) width 7: "1"
      RenderText {#text} at (0,0) size 0x0
