layer at (0,0) size 800x600
  RenderView at (0,0) size 800x600
layer at (0,0) size 800x600
  RenderBlock {HTML} at (0,0) size 800x600
    RenderBody {BODY} at (8,8) size 784x576
      RenderBlock {P} at (0,0) size 784x40
        RenderText {#text} at (0,0) size 51x19
          text run at (0,0) width 51: "Test for "
        RenderInline {I} at (0,0) size 773x39
          RenderInline {A} at (0,0) size 305x19 [color=#0000EE]
            RenderText {#text} at (51,0) size 305x19
              text run at (51,0) width 305: "http://bugs.webkit.org/show_bug.cgi?id=13896"
          RenderText {#text} at (356,0) size 773x39
            text run at (356,0) width 4: " "
            text run at (360,0) width 413: "REGRESSION (NativePopup): Reproductible crasher on Google"
            text run at (0,20) width 124: "Coop control panel"
        RenderText {#text} at (124,20) size 4x19
          text run at (124,20) width 4: "."
      RenderBlock {P} at (0,56) size 784x20
        RenderText {#text} at (0,0) size 175x19
          text run at (0,0) width 175: "No crash means SUCCESS."
