layer at (0,0) size 800x600
  RenderView at (0,0) size 800x600
layer at (0,0) size 800x94
  RenderBlock {HTML} at (0,0) size 800x94
    RenderBody {BODY} at (8,8) size 784x70
      RenderTable {TABLE} at (0,0) size 60x34 [border: (1px outset #808080)]
        RenderTableSection {TBODY} at (1,1) size 58x32
          RenderTableRow {TR} at (0,2) size 58x28
            RenderTableCell {TD} at (2,2) size 54x28 [border: (1px inset #808080)] [r=0 c=0 rs=1 cs=1]
              RenderMenuList {SELECT} at (4,4) size 46x20 [bgcolor=#FFFFFF]
                RenderBlock (anonymous) at (4,2) size 21x16
                  RenderText at (0,0) size 21x16
                    text run at (0,0) width 21: "test"
      RenderBlock {P} at (0,50) size 784x20
        RenderText {#text} at (0,0) size 425x19
          text run at (0,0) width 425: "The select element in the table above must not spill outside of the table."
