layer at (0,0) size 800x600
  RenderView at (0,0) size 800x600
layer at (0,0) size 800x600
  RenderBlock {HTML} at (0,0) size 800x600
    RenderBody {BODY} at (8,8) size 784x584
      RenderMenuList {SELECT} at (2,2) size 63x20 [bgcolor=#FFFFFF]
        RenderBlock (anonymous) at (4,2) size 38x16
          RenderText at (0,0) size 25x16
            text run at (0,0) width 25: "One"
      RenderBR {BR} at (67,17) size 0x0
      RenderMenuList {SELECT} at (2,26) size 63x20 [bgcolor=#FFFFFF]
        RenderBlock (anonymous) at (4,2) size 38x16
          RenderText at (0,0) size 25x16
            text run at (0,0) width 25: "One"
      RenderText {#text} at (0,0) size 0x0
