layer at (0,0) size 800x600
  RenderView at (0,0) size 800x600
layer at (0,0) size 800x600
  RenderBlock {HTML} at (0,0) size 800x600
    RenderBody {BODY} at (8,8) size 784x584
      RenderText {#text} at (0,0) size 420x19
        text run at (0,0) width 420: "This tests that you can tab out of a text field if an iframe comes after it."
      RenderBR {BR} at (420,15) size 0x0
      RenderTextControl {INPUT} at (2,156) size 150x22 [bgcolor=#FFFFFF] [border: (2px inset #000000)]
      RenderText {#text} at (154,157) size 4x19
        text run at (154,157) width 4: " "
      RenderIFrame {IFRAME} at (158,20) size 302x152 [border: (1px solid #000000)]
        layer at (0,0) size 300x150
          RenderView at (0,0) size 300x150
        layer at (0,0) size 300x150
          RenderBlock {HTML} at (0,0) size 300x150
            RenderBody {BODY} at (8,8) size 284x134
      RenderText {#text} at (460,157) size 4x19
        text run at (460,157) width 4: " "
      RenderTextControl {INPUT} at (466,156) size 150x22 [bgcolor=#FFFFFF] [border: (2px inset #000000)]
      RenderText {#text} at (0,0) size 0x0
layer at (12,167) size 146x16
  RenderBlock {DIV} at (2,3) size 146x16
layer at (476,167) size 146x16
  RenderBlock {DIV} at (2,3) size 146x16
    RenderText {#text} at (0,0) size 137x16
      text run at (0,0) width 137: "This should have focus"
selection start: position 0 of child 0 {#text} of child 0 {DIV} of {#document-fragment} of child 7 {INPUT} of body
selection end:   position 22 of child 0 {#text} of child 0 {DIV} of {#document-fragment} of child 7 {INPUT} of body
