layer at (0,0) size 800x600
  RenderView at (0,0) size 800x600
layer at (0,0) size 800x600
  RenderBlock {HTML} at (0,0) size 800x600
    RenderBody {BODY} at (8,8) size 784x584
      RenderBlock {FORM} at (0,0) size 784x26
        RenderButton {INPUT} at (2,2) size 42x22 [bgcolor=#F0F0F0] [border: (2px outset #F0F0F0)]
          RenderBlock (anonymous) at (8,3) size 26x16
            RenderText at (0,0) size 26x16
              text run at (0,0) width 26: "form"
        RenderText {#text} at (0,0) size 0x0
      RenderBlock {DIV} at (0,42) size 784x20
        RenderText {#text} at (0,0) size 770x19
          text run at (0,0) width 275: "This tests Targetted frame submission works. "
          text run at (275,0) width 495: "If the test is successful, the text \"SUCCESS\" should be shown in the iframe below."
      RenderBlock (anonymous) at (0,62) size 784x154
        RenderIFrame {IFRAME} at (0,0) size 304x154 [border: (2px inset #000000)]
          layer at (0,0) size 300x150
            RenderView at (0,0) size 300x150
          layer at (0,0) size 300x150
            RenderBlock {HTML} at (0,0) size 300x150
              RenderBody {BODY} at (8,8) size 284x129
                RenderBlock {PRE} at (0,0) size 284x16
                  RenderText {#text} at (0,0) size 56x16
                    text run at (0,0) width 56: "SUCCESS"
        RenderText {#text} at (0,0) size 0x0
