layer at (0,0) size 800x600
  RenderView at (0,0) size 800x600
layer at (0,0) size 800x600
  RenderBlock {HTML} at (0,0) size 800x600
    RenderBody {BODY} at (8,8) size 784x584
      RenderBlock {DIV} at (0,0) size 784x40
        RenderText {#text} at (0,0) size 779x39
          text run at (0,0) width 779: "This text area should be drawn with a reasonable width. To match IE, using GDI fonts it should wrap at 66 characters (after the X"
          text run at (0,20) width 470: "in the third set of digits). See https://bugs.webkit.org/show_bug.cgi?id=15312."
      RenderBlock (anonymous) at (0,40) size 784x264
        RenderBR {BR} at (0,0) size 0x19
        RenderText {#text} at (0,0) size 0x0
layer at (8,68) size 635x244 clip at (9,69) size 633x242
  RenderTextControl {TEXTAREA} at (0,20) size 635x244 [color=#333333] [bgcolor=#FFFFFF] [border: (1px solid #333333)]
    RenderBlock {DIV} at (3,3) size 631x36
      RenderText {#text} at (0,0) size 626x24
        text run at (0,0) width 626: "1234567890abcdefghijABCDEFGHIJ1234567890abcdefghijABCDEFGHIJ12345X7890abcdefghijABCDEFGXIJ123456"
        text run at (0,12) width 153: "7890abcdefghijABCDEFGHIJ"
        text run at (153,12) width 0: " "
      RenderBR {BR} at (0,24) size 0x12
