layer at (0,0) size 800x600
  RenderView at (0,0) size 800x600
layer at (0,0) size 800x600
  RenderBlock {HTML} at (0,0) size 800x600
    RenderBody {BODY} at (8,8) size 784x584
      RenderText {#text} at (0,0) size 315x19
        text run at (0,0) width 315: "This tests that you can set the placeholder text color."
      RenderBR {BR} at (315,15) size 0x0
      RenderText {#text} at (183,45) size 4x19
        text run at (183,45) width 4: " "
      RenderText {#text} at (370,45) size 4x19
        text run at (370,45) width 4: " "
      RenderText {#text} at (557,45) size 4x19
        text run at (557,45) width 4: " "
      RenderText {#text} at (0,0) size 0x0
layer at (10,30) size 179x36 clip at (11,31) size 177x34
  RenderTextControl {TEXTAREA} at (2,22) size 179x36 [bgcolor=#FFFFFF] [border: (1px solid #000000)]
    RenderBlock {DIV} at (3,3) size 175x16
    RenderBlock {DIV} at (3,3) size 175x16 [color=#640000]
      RenderText {#text} at (0,0) size 32x16
        text run at (0,0) width 32: "text"
layer at (197,30) size 179x36 clip at (198,31) size 177x34
  RenderTextControl {TEXTAREA} at (189,22) size 179x36 [bgcolor=#EBEBE4] [border: (1px solid #000000)]
    RenderBlock {DIV} at (3,3) size 175x16 [color=#545454]
    RenderBlock {DIV} at (3,3) size 175x16 [color=#640000]
      RenderText {#text} at (0,0) size 104x16
        text run at (0,0) width 104: "disabled text"
layer at (384,30) size 179x36 clip at (385,31) size 177x34
  RenderTextControl {TEXTAREA} at (376,22) size 179x36 [bgcolor=#FFFFFF] [border: (1px solid #000000)]
    RenderBlock {DIV} at (3,3) size 175x16
    RenderBlock {DIV} at (3,3) size 175x16 [color=#A9A9A9]
      RenderText {#text} at (0,0) size 56x16
        text run at (0,0) width 56: "default"
layer at (571,30) size 179x36 clip at (572,31) size 177x34
  RenderTextControl {TEXTAREA} at (563,22) size 179x36 [bgcolor=#EBEBE4] [border: (1px solid #000000)]
    RenderBlock {DIV} at (3,3) size 175x16 [color=#545454]
    RenderBlock {DIV} at (3,3) size 175x16 [color=#A9A9A9]
      RenderText {#text} at (0,0) size 128x16
        text run at (0,0) width 128: "default disabled"
