layer at (0,0) size 800x600
  RenderView at (0,0) size 800x600
layer at (0,0) size 800x600
  RenderBlock {HTML} at (0,0) size 800x600
    RenderBody {BODY} at (8,8) size 784x584
      RenderBlock {P} at (0,0) size 784x30
        RenderText {#text} at (0,10) size 396x19
          text run at (0,10) width 396: "The blue borders should coincide with light blue squares, like this: "
        RenderBlock {SPAN} at (396,0) size 25x25 [bgcolor=#ADD8E6] [border: (3px solid #0000FF7F)]
        RenderText {#text} at (421,10) size 185x19
          text run at (421,10) width 8: ". "
          text run at (429,10) width 177: "There should be none of this: "
        RenderBlock {SPAN} at (606,0) size 25x25 [bgcolor=#ADD8E6]
        RenderText {#text} at (631,10) size 48x19
          text run at (631,10) width 4: " "
          text run at (635,10) width 44: "or this: "
        RenderBlock {SPAN} at (679,0) size 25x25 [border: (3px solid #0000FF7F)]
        RenderText {#text} at (704,10) size 4x19
          text run at (704,10) width 4: "."
      RenderBlock (anonymous) at (0,46) size 784x360
        RenderText {#text} at (116,98) size 4x19
          text run at (116,98) width 4: " "
        RenderText {#text} at (236,98) size 4x19
          text run at (236,98) width 4: " "
        RenderText {#text} at (356,98) size 4x19
          text run at (356,98) width 4: " "
        RenderText {#text} at (476,98) size 4x19
          text run at (476,98) width 4: " "
        RenderText {#text} at (596,98) size 4x19
          text run at (596,98) width 4: " "
        RenderText {#text} at (716,98) size 4x19
          text run at (716,98) width 4: " "
        RenderText {#text} at (116,219) size 4x19
          text run at (116,219) width 4: " "
        RenderText {#text} at (206,219) size 4x19
          text run at (206,219) width 4: " "
        RenderText {#text} at (296,219) size 4x19
          text run at (296,219) width 4: " "
        RenderText {#text} at (386,219) size 4x19
          text run at (386,219) width 4: " "
        RenderText {#text} at (476,219) size 4x19
          text run at (476,219) width 4: " "
        RenderText {#text} at (566,219) size 4x19
          text run at (566,219) width 4: " "
        RenderText {#text} at (656,219) size 4x19
          text run at (656,219) width 4: " "
        RenderText {#text} at (0,0) size 0x0
        RenderText {#text} at (86,340) size 4x19
          text run at (86,340) width 4: " "
        RenderText {#text} at (176,340) size 4x19
          text run at (176,340) width 4: " "
        RenderText {#text} at (266,340) size 4x19
          text run at (266,340) width 4: " "
        RenderText {#text} at (356,340) size 4x19
          text run at (356,340) width 4: " "
        RenderText {#text} at (446,340) size 4x19
          text run at (446,340) width 4: " "
        RenderText {#text} at (536,340) size 4x19
          text run at (536,340) width 4: " "
        RenderText {#text} at (0,0) size 0x0
layer at (8,64) size 116x66
  RenderBlock {DIV} at (0,10) size 116x66 [color=#ADD8E6] [border: (3px solid #000000)]
    RenderMultiColumnSet at (8,8) size 100x50
layer at (16,72) size 48x100
  RenderMultiColumnFlowThread at (8,8) size 48x100
    RenderBR {BR} at (0,0) size 0x25
    RenderText {#text} at (0,25) size 25x75
      text run at (0,25) width 25: "x"
      text run at (0,50) width 25: "y"
      text run at (0,75) width 25: "z"
layer at (128,64) size 116x66
  RenderBlock {DIV} at (120,10) size 116x66 [color=#ADD8E6] [border: (3px solid #000000)]
    RenderMultiColumnSet at (8,8) size 100x50
layer at (136,72) size 48x100
  RenderMultiColumnFlowThread at (8,8) size 48x100
    RenderBR {BR} at (0,0) size 0x25
    RenderInline {SPAN} at (0,0) size 25x75
      RenderText {#text} at (0,25) size 25x75
        text run at (0,25) width 25: "x"
        text run at (0,50) width 25: "y"
        text run at (0,75) width 25: "z"
    RenderText {#text} at (0,0) size 0x0
layer at (248,64) size 116x66
  RenderBlock {DIV} at (240,10) size 116x66 [color=#ADD8E6] [border: (3px solid #000000)]
    RenderMultiColumnSet at (8,8) size 100x50
layer at (256,72) size 48x100
  RenderMultiColumnFlowThread at (8,8) size 48x100
    RenderBlock (anonymous) at (0,0) size 48x25
      RenderBR {BR} at (0,0) size 0x25
    RenderBlock {DIV} at (0,25) size 48x75
      RenderText {#text} at (0,0) size 25x75
        text run at (0,0) width 25: "x"
        text run at (0,25) width 25: "y"
        text run at (0,50) width 25: "z"
layer at (368,64) size 116x66
  RenderBlock {DIV} at (360,10) size 116x66 [color=#ADD8E6] [border: (3px solid #000000)]
    RenderMultiColumnSet at (8,8) size 100x50
layer at (376,72) size 48x100
  RenderMultiColumnFlowThread at (8,8) size 48x100
    RenderBlock (anonymous) at (0,0) size 48x25
      RenderBR {BR} at (0,0) size 0x25
    RenderBlock {DIV} at (0,25) size 48x75
      RenderBR {BR} at (0,0) size 0x25
      RenderText {#text} at (0,25) size 25x50
        text run at (0,25) width 25: "y"
        text run at (0,50) width 25: "z"
layer at (488,82) size 116x66
  RenderBlock {DIV} at (480,28) size 116x66 [color=#ADD8E6] [border: (3px solid #000000)]
    RenderMultiColumnSet at (8,8) size 100x50
layer at (496,90) size 48x79
  RenderMultiColumnFlowThread at (8,8) size 48x79
    RenderBlock (anonymous) at (0,0) size 48x25
      RenderBR {BR} at (0,0) size 0x25
    RenderBlock {DIV} at (0,25) size 48x54
      RenderBR {BR} at (0,0) size 0x25
      RenderSlider {INPUT} at (2,27) size 25x25 [color=#C4C4C4] [bgcolor=#ADD8E6]
        RenderFlexibleBox {DIV} at (0,0) size 25x25
          RenderBlock {DIV} at (0,12) size 25x0
            RenderBlock {DIV} at (0,0) size 25x0
layer at (608,84) size 116x66
  RenderBlock {DIV} at (600,30) size 116x66 [color=#ADD8E6] [border: (3px solid #000000)]
    RenderMultiColumnSet at (8,8) size 100x50
layer at (616,92) size 48x75
  RenderMultiColumnFlowThread at (8,8) size 48x75
    RenderBlock (anonymous) at (0,0) size 48x25
      RenderBR {BR} at (0,0) size 0x25
    RenderBlock {DIV} at (0,25) size 48x50
      RenderBR {BR} at (0,0) size 0x25
      RenderImage {IMG} at (0,25) size 25x25 [bgcolor=#ADD8E6]
layer at (8,212) size 116x66
  RenderBlock {DIV} at (0,158) size 116x66 [color=#ADD8E6] [border: (3px solid #000000)]
    RenderMultiColumnSet at (8,8) size 100x50
layer at (16,220) size 48x65
  RenderMultiColumnFlowThread at (8,8) size 48x65
    RenderBlock {DIV} at (0,40) size 25x25 [bgcolor=#ADD8E6]
layer at (138,172) size 66x116
  RenderBlock {DIV} at (130,118) size 66x116 [color=#ADD8E6] [border: (3px solid #000000)]
    RenderMultiColumnSet at (8,8) size 50x100
layer at (146,180) size 100x48
  RenderMultiColumnFlowThread at (8,8) size 100x48
    RenderBR {BR} at (0,0) size 25x0
    RenderText {#text} at (25,0) size 75x25
      text run at (25,0) width 25: "x"
      text run at (50,0) width 25: "y"
      text run at (75,0) width 25: "z"
layer at (228,172) size 66x116
  RenderBlock {DIV} at (220,118) size 66x116 [color=#ADD8E6] [border: (3px solid #000000)]
    RenderMultiColumnSet at (8,8) size 50x100
layer at (236,180) size 100x48
  RenderMultiColumnFlowThread at (8,8) size 100x48
    RenderBR {BR} at (0,0) size 25x0
    RenderInline {SPAN} at (0,0) size 75x25
      RenderText {#text} at (25,0) size 75x25
        text run at (25,0) width 25: "x"
        text run at (50,0) width 25: "y"
        text run at (75,0) width 25: "z"
    RenderText {#text} at (0,0) size 0x0
layer at (318,172) size 66x116
  RenderBlock {DIV} at (310,118) size 66x116 [color=#ADD8E6] [border: (3px solid #000000)]
    RenderMultiColumnSet at (8,8) size 50x100
layer at (326,180) size 100x48
  RenderMultiColumnFlowThread at (8,8) size 100x48
    RenderBlock (anonymous) at (0,0) size 25x48
      RenderBR {BR} at (0,0) size 25x0
    RenderBlock {DIV} at (25,0) size 75x48
      RenderText {#text} at (0,0) size 75x25
        text run at (0,0) width 25: "x"
        text run at (25,0) width 25: "y"
        text run at (50,0) width 25: "z"
layer at (408,172) size 66x116
  RenderBlock {DIV} at (400,118) size 66x116 [color=#ADD8E6] [border: (3px solid #000000)]
    RenderMultiColumnSet at (8,8) size 50x100
layer at (416,180) size 100x48
  RenderMultiColumnFlowThread at (8,8) size 100x48
    RenderBlock (anonymous) at (0,0) size 25x48
      RenderBR {BR} at (0,0) size 25x0
    RenderBlock {DIV} at (25,0) size 75x48
      RenderBR {BR} at (0,0) size 25x0
      RenderText {#text} at (25,0) size 50x25
        text run at (25,0) width 25: "y"
        text run at (50,0) width 25: "z"
layer at (498,172) size 66x116
  RenderBlock {DIV} at (490,118) size 66x116 [color=#ADD8E6] [border: (3px solid #000000)]
    RenderMultiColumnSet at (8,8) size 50x100
layer at (506,180) size 79x48
  RenderMultiColumnFlowThread at (8,8) size 79x48
    RenderBlock (anonymous) at (0,0) size 25x48
      RenderBR {BR} at (0,0) size 25x0
    RenderBlock {DIV} at (25,0) size 54x48
      RenderBR {BR} at (0,0) size 25x0
      RenderSlider {INPUT} at (27,2) size 25x25 [color=#C4C4C4] [bgcolor=#ADD8E6]
        RenderFlexibleBox {DIV} at (0,0) size 25x25
          RenderBlock {DIV} at (0,12) size 25x0
            RenderBlock {DIV} at (0,0) size 25x0
layer at (588,172) size 66x116
  RenderBlock {DIV} at (580,118) size 66x116 [color=#ADD8E6] [border: (3px solid #000000)]
    RenderMultiColumnSet at (8,8) size 50x100
layer at (596,180) size 75x48
  RenderMultiColumnFlowThread at (8,8) size 75x48
    RenderBlock (anonymous) at (0,0) size 25x48
      RenderBR {BR} at (0,0) size 25x0
    RenderBlock {DIV} at (25,0) size 50x48
      RenderBR {BR} at (0,0) size 25x0
      RenderImage {IMG} at (25,0) size 25x25 [bgcolor=#ADD8E6]
layer at (678,172) size 66x116
  RenderBlock {DIV} at (670,118) size 66x116 [color=#ADD8E6] [border: (3px solid #000000)]
    RenderMultiColumnSet at (8,8) size 50x100
layer at (686,180) size 65x48
  RenderMultiColumnFlowThread at (8,8) size 65x48
    RenderBlock {DIV} at (40,0) size 25x25 [bgcolor=#ADD8E6]
layer at (18,293) size 66x116
  RenderBlock {DIV} at (10,239) size 66x116 [color=#ADD8E6] [border: (3px solid #000000)]
    RenderMultiColumnSet at (8,8) size 50x100
layer at (-24,301) size 100x48 backgroundClip at (0,0) size 800x600 clip at (0,0) size 800x600
  RenderMultiColumnFlowThread at (8,8) size 100x48
    RenderBR {BR} at (0,0) size 25x0
    RenderText {#text} at (25,0) size 75x25
      text run at (25,0) width 25: "x"
      text run at (50,0) width 25: "y"
      text run at (75,0) width 25: "z"
layer at (108,293) size 66x116
  RenderBlock {DIV} at (100,239) size 66x116 [color=#ADD8E6] [border: (3px solid #000000)]
    RenderMultiColumnSet at (8,8) size 50x100
layer at (66,301) size 100x48
  RenderMultiColumnFlowThread at (8,8) size 100x48
    RenderBR {BR} at (0,0) size 25x0
    RenderInline {SPAN} at (0,0) size 75x25
      RenderText {#text} at (25,0) size 75x25
        text run at (25,0) width 25: "x"
        text run at (50,0) width 25: "y"
        text run at (75,0) width 25: "z"
    RenderText {#text} at (0,0) size 0x0
layer at (198,293) size 66x116
  RenderBlock {DIV} at (190,239) size 66x116 [color=#ADD8E6] [border: (3px solid #000000)]
    RenderMultiColumnSet at (8,8) size 50x100
layer at (156,301) size 100x48
  RenderMultiColumnFlowThread at (8,8) size 100x48
    RenderBlock (anonymous) at (0,0) size 25x48
      RenderBR {BR} at (0,0) size 25x0
    RenderBlock {DIV} at (25,0) size 75x48
      RenderText {#text} at (0,0) size 75x25
        text run at (0,0) width 25: "x"
        text run at (25,0) width 25: "y"
        text run at (50,0) width 25: "z"
layer at (288,293) size 66x116
  RenderBlock {DIV} at (280,239) size 66x116 [color=#ADD8E6] [border: (3px solid #000000)]
    RenderMultiColumnSet at (8,8) size 50x100
layer at (246,301) size 100x48
  RenderMultiColumnFlowThread at (8,8) size 100x48
    RenderBlock (anonymous) at (0,0) size 25x48
      RenderBR {BR} at (0,0) size 25x0
    RenderBlock {DIV} at (25,0) size 75x48
      RenderBR {BR} at (0,0) size 25x0
      RenderText {#text} at (25,0) size 50x25
        text run at (25,0) width 25: "y"
        text run at (50,0) width 25: "z"
layer at (378,293) size 66x116
  RenderBlock {DIV} at (370,239) size 66x116 [color=#ADD8E6] [border: (3px solid #000000)]
    RenderMultiColumnSet at (8,8) size 50x100
layer at (357,301) size 79x48
  RenderMultiColumnFlowThread at (8,8) size 79x48
    RenderBlock (anonymous) at (0,0) size 25x48
      RenderBR {BR} at (0,0) size 25x0
    RenderBlock {DIV} at (25,0) size 54x48
      RenderBR {BR} at (0,0) size 25x0
      RenderSlider {INPUT} at (27,2) size 25x25 [color=#C4C4C4] [bgcolor=#ADD8E6]
        RenderFlexibleBox {DIV} at (0,0) size 25x25
          RenderBlock {DIV} at (0,12) size 25x0
            RenderBlock {DIV} at (0,0) size 25x0
layer at (468,293) size 66x116
  RenderBlock {DIV} at (460,239) size 66x116 [color=#ADD8E6] [border: (3px solid #000000)]
    RenderMultiColumnSet at (8,8) size 50x100
layer at (451,301) size 75x48
  RenderMultiColumnFlowThread at (8,8) size 75x48
    RenderBlock (anonymous) at (0,0) size 25x48
      RenderBR {BR} at (0,0) size 25x0
    RenderBlock {DIV} at (25,0) size 50x48
      RenderBR {BR} at (0,0) size 25x0
      RenderImage {IMG} at (25,0) size 25x25 [bgcolor=#ADD8E6]
layer at (558,293) size 66x116
  RenderBlock {DIV} at (550,239) size 66x116 [color=#ADD8E6] [border: (3px solid #000000)]
    RenderMultiColumnSet at (8,8) size 50x100
layer at (551,301) size 65x48
  RenderMultiColumnFlowThread at (8,8) size 65x48
    RenderBlock {DIV} at (40,0) size 25x25 [bgcolor=#ADD8E6]
layer at (16,97) size 25x25
  RenderBlock (positioned) {DIV} at (16,97) size 25x25 [border: (3px solid #0000FF7F)]
layer at (69,72) size 25x25
  RenderBlock (positioned) {DIV} at (68,72) size 26x25 [border: (3px solid #0000FF7F)]
layer at (69,97) size 25x25
  RenderBlock (positioned) {DIV} at (68,97) size 26x25 [border: (3px solid #0000FF7F)]
layer at (136,97) size 25x25
  RenderBlock (positioned) {DIV} at (136,97) size 25x25 [border: (3px solid #0000FF7F)]
layer at (189,72) size 25x25
  RenderBlock (positioned) {DIV} at (188,72) size 26x25 [border: (3px solid #0000FF7F)]
layer at (189,97) size 25x25
  RenderBlock (positioned) {DIV} at (188,97) size 26x25 [border: (3px solid #0000FF7F)]
layer at (256,97) size 25x25
  RenderBlock (positioned) {DIV} at (256,97) size 25x25 [border: (3px solid #0000FF7F)]
layer at (309,72) size 25x25
  RenderBlock (positioned) {DIV} at (308,72) size 26x25 [border: (3px solid #0000FF7F)]
layer at (309,97) size 25x25
  RenderBlock (positioned) {DIV} at (308,97) size 26x25 [border: (3px solid #0000FF7F)]
layer at (429,72) size 25x25
  RenderBlock (positioned) {DIV} at (428,72) size 26x25 [border: (3px solid #0000FF7F)]
layer at (429,97) size 25x25
  RenderBlock (positioned) {DIV} at (428,97) size 26x25 [border: (3px solid #0000FF7F)]
layer at (551,92) size 25x25
  RenderBlock (positioned) {DIV} at (550,92) size 26x25 [border: (3px solid #0000FF7F)]
layer at (669,92) size 25x25
  RenderBlock (positioned) {DIV} at (668,92) size 26x25 [border: (3px solid #0000FF7F)]
layer at (69,210) size 25x25
  RenderBlock (positioned) {DIV} at (68,210) size 26x25 [border: (3px solid #0000FF7F)]
layer at (171,180) size 25x25
  RenderBlock (positioned) {DIV} at (171,180) size 25x25 [border: (3px solid #0000FF7F)]
layer at (146,233) size 25x25
  RenderBlock (positioned) {DIV} at (146,232) size 25x26 [border: (3px solid #0000FF7F)]
layer at (171,233) size 25x25
  RenderBlock (positioned) {DIV} at (171,232) size 25x26 [border: (3px solid #0000FF7F)]
layer at (261,180) size 25x25
  RenderBlock (positioned) {DIV} at (261,180) size 25x25 [border: (3px solid #0000FF7F)]
layer at (236,233) size 25x25
  RenderBlock (positioned) {DIV} at (236,232) size 25x26 [border: (3px solid #0000FF7F)]
layer at (261,233) size 25x25
  RenderBlock (positioned) {DIV} at (261,232) size 25x26 [border: (3px solid #0000FF7F)]
layer at (351,180) size 25x25
  RenderBlock (positioned) {DIV} at (351,180) size 25x25 [border: (3px solid #0000FF7F)]
layer at (326,233) size 25x25
  RenderBlock (positioned) {DIV} at (326,232) size 25x26 [border: (3px solid #0000FF7F)]
layer at (351,233) size 25x25
  RenderBlock (positioned) {DIV} at (351,232) size 25x26 [border: (3px solid #0000FF7F)]
layer at (416,233) size 25x25
  RenderBlock (positioned) {DIV} at (416,232) size 25x26 [border: (3px solid #0000FF7F)]
layer at (441,233) size 25x25
  RenderBlock (positioned) {DIV} at (441,232) size 25x26 [border: (3px solid #0000FF7F)]
layer at (508,235) size 25x25
  RenderBlock (positioned) {DIV} at (508,234) size 25x26 [border: (3px solid #0000FF7F)]
layer at (596,233) size 25x25
  RenderBlock (positioned) {DIV} at (596,232) size 25x26 [border: (3px solid #0000FF7F)]
layer at (676,233) size 25x25
  RenderBlock (positioned) {DIV} at (676,232) size 25x26 [border: (3px solid #0000FF7F)]
layer at (26,301) size 25x25
  RenderBlock (positioned) {DIV} at (26,301) size 25x25 [border: (3px solid #0000FF7F)]
layer at (51,354) size 25x25
  RenderBlock (positioned) {DIV} at (51,353) size 25x26 [border: (3px solid #0000FF7F)]
layer at (26,354) size 25x25
  RenderBlock (positioned) {DIV} at (26,353) size 25x26 [border: (3px solid #0000FF7F)]
layer at (116,301) size 25x25
  RenderBlock (positioned) {DIV} at (116,301) size 25x25 [border: (3px solid #0000FF7F)]
layer at (141,354) size 25x25
  RenderBlock (positioned) {DIV} at (141,353) size 25x26 [border: (3px solid #0000FF7F)]
layer at (116,354) size 25x25
  RenderBlock (positioned) {DIV} at (116,353) size 25x26 [border: (3px solid #0000FF7F)]
layer at (206,301) size 25x25
  RenderBlock (positioned) {DIV} at (206,301) size 25x25 [border: (3px solid #0000FF7F)]
layer at (231,354) size 25x25
  RenderBlock (positioned) {DIV} at (231,353) size 25x26 [border: (3px solid #0000FF7F)]
layer at (206,354) size 25x25
  RenderBlock (positioned) {DIV} at (206,353) size 25x26 [border: (3px solid #0000FF7F)]
layer at (321,354) size 25x25
  RenderBlock (positioned) {DIV} at (321,353) size 25x26 [border: (3px solid #0000FF7F)]
layer at (296,354) size 25x25
  RenderBlock (positioned) {DIV} at (296,353) size 25x26 [border: (3px solid #0000FF7F)]
layer at (409,356) size 25x25
  RenderBlock (positioned) {DIV} at (409,355) size 25x26 [border: (3px solid #0000FF7F)]
layer at (501,354) size 25x25
  RenderBlock (positioned) {DIV} at (501,353) size 25x26 [border: (3px solid #0000FF7F)]
layer at (601,354) size 25x25
  RenderBlock (positioned) {DIV} at (601,353) size 25x26 [border: (3px solid #0000FF7F)]
