layer at (0,0) size 785x1805
  RenderView at (0,0) size 785x600
layer at (0,0) size 785x1805
  RenderBlock {HTML} at (0,0) size 785x1805
    RenderBody {BODY} at (8,8) size 769x1789 [bgcolor=#CCCCCC]
      RenderBlock {P} at (0,0) size 769x20
        RenderText {#text} at (0,0) size 355x19
          text run at (0,0) width 355: "The style declarations which apply to the text below are:"
      RenderBlock {PRE} at (0,36) size 769x192
        RenderText {#text} at (0,0) size 288x192
          text run at (0,0) width 160: "BODY {color: black;}"
          text run at (160,0) width 0: " "
          text run at (0,16) width 152: ".one {color: #080;}"
          text run at (152,16) width 0: " "
          text run at (0,32) width 176: ".two {color: #008000;}"
          text run at (176,32) width 0: " "
          text run at (0,48) width 232: ".three {color: rgb(0,128,0);}"
          text run at (232,48) width 0: " "
          text run at (0,64) width 240: ".four {color: rgb(0%,50%,0%);}"
          text run at (240,64) width 0: " "
          text run at (0,80) width 288: ".five {color: rgb(0.0%,50.0%,0.0%);}"
          text run at (288,80) width 0: " "
          text run at (0,96) width 160: ".six {color: green;}"
          text run at (160,96) width 0: " "
          text run at (0,112) width 232: ".seven {color: invalidValue;}"
          text run at (232,112) width 0: " "
          text run at (0,128) width 256: ".eight {color: rgb(0,128,1280);}"
          text run at (256,128) width 0: " "
          text run at (0,144) width 240: ".nine {color: rgb(0,128,255);}"
          text run at (240,144) width 0: " "
          text run at (0,160) width 264: ".ten {color: rgb(50%,-500%,60%);}"
          text run at (264,160) width 0: " "
          text run at (0,176) width 264: ".eleven {color: rgb(50%,0%,60%);}"
          text run at (264,176) width 0: " "
      RenderBlock {P} at (0,259) size 769x20
        RenderText {#text} at (0,0) size 193x19
          text run at (0,0) width 193: "This sentence should be black."
      RenderBlock {P} at (0,295) size 769x20 [color=#008800]
        RenderText {#text} at (0,0) size 506x19
          text run at (0,0) width 506: "This sentence should be green, although slightly different from those that follow."
      RenderBlock {P} at (0,331) size 769x20 [color=#008000]
        RenderText {#text} at (0,0) size 194x19
          text run at (0,0) width 194: "This sentence should be green."
      RenderBlock {P} at (0,367) size 769x20 [color=#008000]
        RenderText {#text} at (0,0) size 194x19
          text run at (0,0) width 194: "This sentence should be green."
      RenderBlock {P} at (0,403) size 769x20 [color=#008000]
        RenderText {#text} at (0,0) size 194x19
          text run at (0,0) width 194: "This sentence should be green."
      RenderBlock {P} at (0,439) size 769x20 [color=#008000]
        RenderText {#text} at (0,0) size 194x19
          text run at (0,0) width 194: "This sentence should be green."
      RenderBlock {P} at (0,475) size 769x20 [color=#008000]
        RenderText {#text} at (0,0) size 194x19
          text run at (0,0) width 194: "This sentence should be green."
      RenderBlock {P} at (0,511) size 769x20
        RenderText {#text} at (0,0) size 407x19
          text run at (0,0) width 407: "This sentence should be black, because the value given for class "
        RenderInline {CODE} at (0,0) size 48x16
          RenderText {#text} at (407,3) size 48x16
            text run at (407,3) width 48: ".seven"
        RenderText {#text} at (455,0) size 65x19
          text run at (455,0) width 65: " is invalid."
      RenderBlock {P} at (0,547) size 769x40 [color=#0080FF]
        RenderText {#text} at (0,0) size 725x39
          text run at (0,0) width 725: "This sentence should be a shade of blue-green which, on a typical RGB computer display, exactly matches the next"
          text run at (0,20) width 67: "paragraph."
      RenderBlock {P} at (0,603) size 769x40 [color=#0080FF]
        RenderText {#text} at (0,0) size 752x39
          text run at (0,0) width 752: "This sentence should be a shade of blue-green which, on a typical RGB computer display, exactly matches the previous"
          text run at (0,20) width 67: "paragraph."
      RenderBlock {P} at (0,659) size 769x20 [color=#800099]
        RenderText {#text} at (0,0) size 769x19
          text run at (0,0) width 769: "This sentence should be a shade of purple which, on a typical RGB computer display, exactly matches the next paragraph."
      RenderBlock {P} at (0,695) size 769x40 [color=#800099]
        RenderText {#text} at (0,0) size 725x39
          text run at (0,0) width 725: "This sentence should be a shade of purple which, on a typical RGB computer display, exactly matches the previous"
          text run at (0,20) width 67: "paragraph."
      RenderBlock {P} at (0,751) size 769x20
        RenderText {#text} at (0,0) size 193x19
          text run at (0,0) width 193: "This sentence should be black."
      RenderBlock {P} at (0,787) size 769x20 [color=#008800]
        RenderText {#text} at (0,0) size 399x19
          text run at (0,0) width 399: "This sentence should be a slightly different green, and used the "
        RenderInline {TT} at (0,0) size 40x16
          RenderText {#text} at (399,3) size 40x16
            text run at (399,3) width 40: "style"
        RenderText {#text} at (439,0) size 59x19
          text run at (439,0) width 59: " attribute."
      RenderBlock {P} at (0,823) size 769x20 [color=#008000]
        RenderText {#text} at (0,0) size 281x19
          text run at (0,0) width 281: "This sentence should be green, and used the "
        RenderInline {TT} at (0,0) size 40x16
          RenderText {#text} at (281,3) size 40x16
            text run at (281,3) width 40: "style"
        RenderText {#text} at (321,0) size 59x19
          text run at (321,0) width 59: " attribute."
      RenderBlock {P} at (0,859) size 769x20 [color=#008000]
        RenderText {#text} at (0,0) size 281x19
          text run at (0,0) width 281: "This sentence should be green, and used the "
        RenderInline {TT} at (0,0) size 40x16
          RenderText {#text} at (281,3) size 40x16
            text run at (281,3) width 40: "style"
        RenderText {#text} at (321,0) size 59x19
          text run at (321,0) width 59: " attribute."
      RenderBlock {P} at (0,895) size 769x20 [color=#008000]
        RenderText {#text} at (0,0) size 281x19
          text run at (0,0) width 281: "This sentence should be green, and used the "
        RenderInline {TT} at (0,0) size 40x16
          RenderText {#text} at (281,3) size 40x16
            text run at (281,3) width 40: "style"
        RenderText {#text} at (321,0) size 59x19
          text run at (321,0) width 59: " attribute."
      RenderBlock {P} at (0,931) size 769x20 [color=#008000]
        RenderText {#text} at (0,0) size 281x19
          text run at (0,0) width 281: "This sentence should be green, and used the "
        RenderInline {TT} at (0,0) size 40x16
          RenderText {#text} at (281,3) size 40x16
            text run at (281,3) width 40: "style"
        RenderText {#text} at (321,0) size 59x19
          text run at (321,0) width 59: " attribute."
      RenderBlock {P} at (0,967) size 769x20 [color=#008000]
        RenderText {#text} at (0,0) size 281x19
          text run at (0,0) width 281: "This sentence should be green, and used the "
        RenderInline {TT} at (0,0) size 40x16
          RenderText {#text} at (281,3) size 40x16
            text run at (281,3) width 40: "style"
        RenderText {#text} at (321,0) size 59x19
          text run at (321,0) width 59: " attribute."
      RenderTable {TABLE} at (0,1003) size 769x786 [border: (1px outset #808080)]
        RenderTableSection {TBODY} at (1,1) size 767x784
          RenderTableRow {TR} at (0,0) size 767x28
            RenderTableCell {TD} at (0,0) size 767x28 [bgcolor=#C0C0C0] [border: (1px inset #808080)] [r=0 c=0 rs=1 cs=2]
              RenderInline {STRONG} at (0,0) size 160x19
                RenderText {#text} at (4,4) size 160x19
                  text run at (4,4) width 160: "TABLE Testing Section"
          RenderTableRow {TR} at (0,28) size 767x756
            RenderTableCell {TD} at (0,392) size 12x28 [bgcolor=#C0C0C0] [border: (1px inset #808080)] [r=1 c=0 rs=1 cs=1]
              RenderText {#text} at (4,4) size 4x19
                text run at (4,4) width 4: " "
            RenderTableCell {TD} at (12,28) size 755x756 [border: (1px inset #808080)] [r=1 c=1 rs=1 cs=1]
              RenderBlock {P} at (4,4) size 747x20
                RenderText {#text} at (0,0) size 193x19
                  text run at (0,0) width 193: "This sentence should be black."
              RenderBlock {P} at (4,40) size 747x20 [color=#008800]
                RenderText {#text} at (0,0) size 506x19
                  text run at (0,0) width 506: "This sentence should be green, although slightly different from those that follow."
              RenderBlock {P} at (4,76) size 747x20 [color=#008000]
                RenderText {#text} at (0,0) size 194x19
                  text run at (0,0) width 194: "This sentence should be green."
              RenderBlock {P} at (4,112) size 747x20 [color=#008000]
                RenderText {#text} at (0,0) size 194x19
                  text run at (0,0) width 194: "This sentence should be green."
              RenderBlock {P} at (4,148) size 747x20 [color=#008000]
                RenderText {#text} at (0,0) size 194x19
                  text run at (0,0) width 194: "This sentence should be green."
              RenderBlock {P} at (4,184) size 747x20 [color=#008000]
                RenderText {#text} at (0,0) size 194x19
                  text run at (0,0) width 194: "This sentence should be green."
              RenderBlock {P} at (4,220) size 747x20 [color=#008000]
                RenderText {#text} at (0,0) size 194x19
                  text run at (0,0) width 194: "This sentence should be green."
              RenderBlock {P} at (4,256) size 747x20
                RenderText {#text} at (0,0) size 407x19
                  text run at (0,0) width 407: "This sentence should be black, because the value given for class "
                RenderInline {CODE} at (0,0) size 48x16
                  RenderText {#text} at (407,3) size 48x16
                    text run at (407,3) width 48: ".seven"
                RenderText {#text} at (455,0) size 65x19
                  text run at (455,0) width 65: " is invalid."
              RenderBlock {P} at (4,292) size 747x40 [color=#0080FF]
                RenderText {#text} at (0,0) size 725x39
                  text run at (0,0) width 725: "This sentence should be a shade of blue-green which, on a typical RGB computer display, exactly matches the next"
                  text run at (0,20) width 67: "paragraph."
              RenderBlock {P} at (4,348) size 747x40 [color=#0080FF]
                RenderText {#text} at (0,0) size 694x39
                  text run at (0,0) width 694: "This sentence should be a shade of blue-green which, on a typical RGB computer display, exactly matches the"
                  text run at (0,20) width 125: "previous paragraph."
              RenderBlock {P} at (4,404) size 747x40 [color=#800099]
                RenderText {#text} at (0,0) size 698x39
                  text run at (0,0) width 698: "This sentence should be a shade of purple which, on a typical RGB computer display, exactly matches the next"
                  text run at (0,20) width 67: "paragraph."
              RenderBlock {P} at (4,460) size 747x40 [color=#800099]
                RenderText {#text} at (0,0) size 725x39
                  text run at (0,0) width 725: "This sentence should be a shade of purple which, on a typical RGB computer display, exactly matches the previous"
                  text run at (0,20) width 67: "paragraph."
              RenderBlock {P} at (4,516) size 747x20
                RenderText {#text} at (0,0) size 193x19
                  text run at (0,0) width 193: "This sentence should be black."
              RenderBlock {P} at (4,552) size 747x20 [color=#008800]
                RenderText {#text} at (0,0) size 399x19
                  text run at (0,0) width 399: "This sentence should be a slightly different green, and used the "
                RenderInline {TT} at (0,0) size 40x16
                  RenderText {#text} at (399,3) size 40x16
                    text run at (399,3) width 40: "style"
                RenderText {#text} at (439,0) size 59x19
                  text run at (439,0) width 59: " attribute."
              RenderBlock {P} at (4,588) size 747x20 [color=#008000]
                RenderText {#text} at (0,0) size 281x19
                  text run at (0,0) width 281: "This sentence should be green, and used the "
                RenderInline {TT} at (0,0) size 40x16
                  RenderText {#text} at (281,3) size 40x16
                    text run at (281,3) width 40: "style"
                RenderText {#text} at (321,0) size 59x19
                  text run at (321,0) width 59: " attribute."
              RenderBlock {P} at (4,624) size 747x20 [color=#008000]
                RenderText {#text} at (0,0) size 281x19
                  text run at (0,0) width 281: "This sentence should be green, and used the "
                RenderInline {TT} at (0,0) size 40x16
                  RenderText {#text} at (281,3) size 40x16
                    text run at (281,3) width 40: "style"
                RenderText {#text} at (321,0) size 59x19
                  text run at (321,0) width 59: " attribute."
              RenderBlock {P} at (4,660) size 747x20 [color=#008000]
                RenderText {#text} at (0,0) size 281x19
                  text run at (0,0) width 281: "This sentence should be green, and used the "
                RenderInline {TT} at (0,0) size 40x16
                  RenderText {#text} at (281,3) size 40x16
                    text run at (281,3) width 40: "style"
                RenderText {#text} at (321,0) size 59x19
                  text run at (321,0) width 59: " attribute."
              RenderBlock {P} at (4,696) size 747x20 [color=#008000]
                RenderText {#text} at (0,0) size 281x19
                  text run at (0,0) width 281: "This sentence should be green, and used the "
                RenderInline {TT} at (0,0) size 40x16
                  RenderText {#text} at (281,3) size 40x16
                    text run at (281,3) width 40: "style"
                RenderText {#text} at (321,0) size 59x19
                  text run at (321,0) width 59: " attribute."
              RenderBlock {P} at (4,732) size 747x20 [color=#008000]
                RenderText {#text} at (0,0) size 281x19
                  text run at (0,0) width 281: "This sentence should be green, and used the "
                RenderInline {TT} at (0,0) size 40x16
                  RenderText {#text} at (281,3) size 40x16
                    text run at (281,3) width 40: "style"
                RenderText {#text} at (321,0) size 59x19
                  text run at (321,0) width 59: " attribute."
layer at (8,249) size 769x2 clip at (0,0) size 0x0
  RenderBlock {HR} at (0,241) size 769x2 [border: (1px inset #000000)]
