layer at (0,0) size 785x601
  RenderView at (0,0) size 785x600
layer at (0,0) size 785x601
  RenderBlock {HTML} at (0,0) size 785x601
    RenderBody {BODY} at (8,8) size 769x585 [bgcolor=#CCCCCC]
      RenderBlock {P} at (0,0) size 769x20
        RenderText {#text} at (0,0) size 355x19
          text run at (0,0) width 355: "The style declarations which apply to the text below are:"
      RenderBlock {PRE} at (0,36) size 769x80
        RenderText {#text} at (0,0) size 504x80
          text run at (0,0) width 224: ".zero { background: yellow }"
          text run at (224,0) width 0: " "
          text run at (0,16) width 504: ".one { margin-left: 25%; margin-right: 25%; background: white }"
          text run at (504,16) width 0: " "
          text run at (0,32) width 496: ".two { margin-left: 50%; margin-right: 0%; background: white }"
          text run at (496,32) width 0: " "
          text run at (0,48) width 208: ".three {margin-left: 25%;}"
          text run at (208,48) width 0: " "
          text run at (0,64) width 0: " "
      RenderBlock {DIV} at (0,147) size 769x136 [bgcolor=#FFFF00]
        RenderBlock {DIV} at (192,0) size 385x60 [bgcolor=#FFFFFF]
          RenderBlock {P} at (0,0) size 385x60
            RenderText {#text} at (0,0) size 326x59
              text run at (0,0) width 326: "This paragraph should be centered within its yellow"
              text run at (0,20) width 323: "containing block and its width should be half of the"
              text run at (0,40) width 109: "containing block."
        RenderBlock {DIV} at (384,76) size 385x60 [bgcolor=#FFFFFF]
          RenderBlock {P} at (0,0) size 385x60
            RenderText {#text} at (0,0) size 353x59
              text run at (0,0) width 353: "This paragraph should be right-aligned within its yellow"
              text run at (0,20) width 323: "containing block and its width should be half of the"
              text run at (0,40) width 109: "containing block."
      RenderBlock {P} at (192,299) size 577x40
        RenderText {#text} at (0,0) size 549x39
          text run at (0,0) width 549: "This paragraph should have a left margin of 25% the width of its parent element, which"
          text run at (0,20) width 356: "should require some extra text in order to test effectively."
      RenderTable {TABLE} at (0,355) size 769x230 [border: (1px outset #808080)]
        RenderTableSection {TBODY} at (1,1) size 767x228
          RenderTableRow {TR} at (0,0) size 767x28
            RenderTableCell {TD} at (0,0) size 767x28 [bgcolor=#C0C0C0] [border: (1px inset #808080)] [r=0 c=0 rs=1 cs=2]
              RenderInline {STRONG} at (0,0) size 160x19
                RenderText {#text} at (4,4) size 160x19
                  text run at (4,4) width 160: "TABLE Testing Section"
          RenderTableRow {TR} at (0,28) size 767x200
            RenderTableCell {TD} at (0,114) size 12x28 [bgcolor=#C0C0C0] [border: (1px inset #808080)] [r=1 c=0 rs=1 cs=1]
              RenderText {#text} at (4,4) size 4x19
                text run at (4,4) width 4: " "
            RenderTableCell {TD} at (12,28) size 755x200 [border: (1px inset #808080)] [r=1 c=1 rs=1 cs=1]
              RenderBlock {DIV} at (4,4) size 747x136 [bgcolor=#FFFF00]
                RenderBlock {DIV} at (186,0) size 375x60 [bgcolor=#FFFFFF]
                  RenderBlock {P} at (0,0) size 374x60
                    RenderText {#text} at (0,0) size 326x59
                      text run at (0,0) width 326: "This paragraph should be centered within its yellow"
                      text run at (0,20) width 323: "containing block and its width should be half of the"
                      text run at (0,40) width 109: "containing block."
                RenderBlock {DIV} at (373,76) size 374x60 [bgcolor=#FFFFFF]
                  RenderBlock {P} at (0,0) size 374x60
                    RenderText {#text} at (0,0) size 353x59
                      text run at (0,0) width 353: "This paragraph should be right-aligned within its yellow"
                      text run at (0,20) width 323: "containing block and its width should be half of the"
                      text run at (0,40) width 109: "containing block."
              RenderBlock {P} at (190,156) size 561x40
                RenderText {#text} at (0,0) size 549x39
                  text run at (0,0) width 549: "This paragraph should have a left margin of 25% the width of its parent element, which"
                  text run at (0,20) width 356: "should require some extra text in order to test effectively."
layer at (8,137) size 769x2 clip at (0,0) size 0x0
  RenderBlock {HR} at (0,129) size 769x2 [border: (1px inset #000000)]
