layer at (0,0) size 800x600
  RenderView at (0,0) size 800x600
layer at (0,0) size 800x403
  RenderBlock {HTML} at (0,0) size 800x404
    RenderBody {BODY} at (8,16) size 784x17
      RenderBlock {P} at (0,0) size 784x17
        RenderText {#text} at (0,0) size 500x17
          text run at (0,0) width 500: "In all the following boxes, the fuchsia diamond should be surrounded by a ring."
      RenderBlock (floating) {DIV} at (1,34) size 82x57 [border: (3px solid #000000)]
        RenderBlock {DIV} at (3,3) size 75x50 [bgcolor=#FFFFCC]
          RenderBlock {DIV} at (8,8) size 59x34
      RenderBlock (floating) {DIV} at (85,34) size 82x57 [border: (3px solid #000000)]
        RenderBlock {DIV} at (3,3) size 75x50 [bgcolor=#FFFFCC]
          RenderBlock {DIV} at (8,8) size 59x34
      RenderBlock (floating) {DIV} at (169,34) size 82x57 [border: (3px solid #000000)]
        RenderBlock {DIV} at (3,3) size 75x50 [bgcolor=#FFFFCC]
          RenderBlock {DIV} at (8,8) size 59x34
      RenderBlock (floating) {DIV} at (254,34) size 82x57 [border: (3px solid #000000)]
        RenderBlock {DIV} at (3,3) size 75x50 [bgcolor=#FFFFCC]
          RenderBlock {DIV} at (8,8) size 59x34
      RenderBlock (floating) {DIV} at (338,34) size 82x57 [border: (3px solid #000000)]
        RenderBlock {DIV} at (3,3) size 75x50 [bgcolor=#FFFFCC]
          RenderBlock {DIV} at (8,8) size 59x34
      RenderBlock (floating) {DIV} at (422,34) size 82x57 [border: (3px solid #000000)]
        RenderBlock {DIV} at (3,3) size 75x50 [bgcolor=#FFFFCC]
          RenderBlock {DIV} at (8,8) size 59x34
      RenderBlock (floating) {DIV} at (506,34) size 82x57 [border: (3px solid #000000)]
        RenderBlock {DIV} at (3,3) size 75x50 [bgcolor=#FFFFCC]
          RenderBlock {DIV} at (8,8) size 59x34
      RenderBlock (floating) {DIV} at (590,34) size 82x57 [border: (3px solid #000000)]
        RenderBlock {DIV} at (3,3) size 75x50 [bgcolor=#FFFFCC]
          RenderBlock {DIV} at (8,8) size 59x34
      RenderBlock (floating) {DIV} at (675,34) size 82x57 [border: (3px solid #000000)]
        RenderBlock {DIV} at (3,3) size 75x50 [bgcolor=#FFFFCC]
          RenderBlock {DIV} at (8,8) size 59x34
      RenderBlock (floating) {DIV} at (1,93) size 82x57 [border: (3px solid #000000)]
        RenderBlock {DIV} at (3,3) size 75x50 [bgcolor=#FFFFCC]
          RenderBlock {DIV} at (8,8) size 59x34
      RenderBlock (floating) {DIV} at (85,93) size 82x57 [border: (3px solid #000000)]
        RenderBlock {DIV} at (3,3) size 75x50 [bgcolor=#FFFFCC]
          RenderBlock {DIV} at (8,8) size 59x34
      RenderBlock (floating) {DIV} at (169,93) size 82x57 [border: (3px solid #000000)]
        RenderBlock {DIV} at (3,3) size 75x50 [bgcolor=#FFFFCC]
          RenderBlock {DIV} at (8,8) size 59x34
      RenderBlock (floating) {DIV} at (254,93) size 82x57 [border: (3px solid #000000)]
        RenderBlock {DIV} at (3,3) size 75x50 [bgcolor=#FFFFCC]
          RenderBlock {DIV} at (8,8) size 59x34
      RenderBlock (floating) {DIV} at (338,93) size 82x57 [border: (3px solid #000000)]
        RenderBlock {DIV} at (3,3) size 75x50 [bgcolor=#FFFFCC]
          RenderBlock {DIV} at (8,8) size 59x34
      RenderBlock (floating) {DIV} at (422,93) size 82x57 [border: (3px solid #000000)]
        RenderBlock {DIV} at (3,3) size 75x50 [bgcolor=#FFFFCC]
          RenderBlock {DIV} at (8,8) size 59x34
      RenderBlock (floating) {DIV} at (506,93) size 82x57 [border: (3px solid #000000)]
        RenderBlock {DIV} at (3,3) size 75x50 [bgcolor=#FFFFCC]
          RenderBlock {DIV} at (8,8) size 59x34
      RenderBlock (floating) {DIV} at (590,93) size 82x57 [border: (3px solid #000000)]
        RenderBlock {DIV} at (3,3) size 75x50 [bgcolor=#FFFFCC]
          RenderBlock {DIV} at (8,8) size 59x34
      RenderBlock (floating) {DIV} at (675,93) size 82x57 [border: (3px solid #000000)]
        RenderBlock {DIV} at (3,3) size 75x50 [bgcolor=#FFFFCC]
          RenderBlock {DIV} at (8,8) size 59x34
      RenderBlock (floating) {DIV} at (1,152) size 82x57 [border: (3px solid #000000)]
        RenderBlock {DIV} at (3,3) size 75x50 [bgcolor=#FFFFCC]
          RenderBlock {DIV} at (8,8) size 59x34
      RenderBlock (floating) {DIV} at (85,152) size 82x57 [border: (3px solid #000000)]
        RenderBlock {DIV} at (3,3) size 75x50 [bgcolor=#FFFFCC]
          RenderBlock {DIV} at (8,8) size 59x34
      RenderBlock (floating) {DIV} at (169,152) size 82x57 [border: (3px solid #000000)]
        RenderBlock {DIV} at (3,3) size 75x50 [bgcolor=#FFFFCC]
          RenderBlock {DIV} at (8,8) size 59x34
      RenderBlock (floating) {DIV} at (254,152) size 82x57 [border: (3px solid #000000)]
        RenderBlock {DIV} at (3,3) size 75x50 [bgcolor=#FFFFCC]
          RenderBlock {DIV} at (8,8) size 59x34
      RenderBlock (floating) {DIV} at (338,152) size 82x57 [border: (3px solid #000000)]
        RenderBlock {DIV} at (3,3) size 75x50 [bgcolor=#FFFFCC]
          RenderBlock {DIV} at (8,8) size 59x34
      RenderBlock (floating) {DIV} at (422,152) size 82x57 [border: (3px solid #000000)]
        RenderBlock {DIV} at (3,3) size 75x50 [bgcolor=#FFFFCC]
          RenderBlock {DIV} at (8,8) size 59x34
      RenderBlock (floating) {DIV} at (506,152) size 82x57 [border: (3px solid #000000)]
        RenderBlock {DIV} at (3,3) size 75x50 [bgcolor=#FFFFCC]
          RenderBlock {DIV} at (8,8) size 59x34
      RenderBlock (floating) {DIV} at (590,152) size 82x57 [border: (3px solid #000000)]
        RenderBlock {DIV} at (3,3) size 75x50 [bgcolor=#FFFFCC]
          RenderBlock {DIV} at (8,8) size 59x34
      RenderBlock (floating) {DIV} at (675,152) size 82x57 [border: (3px solid #000000)]
        RenderBlock {DIV} at (3,3) size 75x50 [bgcolor=#FFFFCC]
          RenderBlock {DIV} at (8,8) size 59x34
      RenderBlock (floating) {DIV} at (1,211) size 82x57 [border: (3px solid #000000)]
        RenderBlock {DIV} at (3,3) size 75x50 [bgcolor=#FFFFCC]
          RenderBlock {DIV} at (8,8) size 59x34
      RenderBlock (floating) {DIV} at (85,211) size 82x57 [border: (3px solid #000000)]
        RenderBlock {DIV} at (3,3) size 75x50 [bgcolor=#FFFFCC]
          RenderBlock {DIV} at (8,8) size 59x34
      RenderBlock (floating) {DIV} at (169,211) size 82x57 [border: (3px solid #000000)]
        RenderBlock {DIV} at (3,3) size 75x50 [bgcolor=#FFFFCC]
          RenderBlock {DIV} at (8,8) size 59x34
      RenderBlock (floating) {DIV} at (254,211) size 82x57 [border: (3px solid #000000)]
        RenderBlock {DIV} at (3,3) size 75x50 [bgcolor=#FFFFCC]
          RenderBlock {DIV} at (8,8) size 59x34
      RenderBlock (floating) {DIV} at (338,211) size 82x57 [border: (3px solid #000000)]
        RenderBlock {DIV} at (3,3) size 75x50 [bgcolor=#FFFFCC]
          RenderBlock {DIV} at (8,8) size 59x34
      RenderBlock (floating) {DIV} at (422,211) size 82x57 [border: (3px solid #000000)]
        RenderBlock {DIV} at (3,3) size 75x50 [bgcolor=#FFFFCC]
          RenderBlock {DIV} at (8,8) size 59x34
      RenderBlock (floating) {DIV} at (506,211) size 82x57 [border: (3px solid #000000)]
        RenderBlock {DIV} at (3,3) size 75x50 [bgcolor=#FFFFCC]
          RenderBlock {DIV} at (8,8) size 59x34
      RenderBlock (floating) {DIV} at (590,211) size 82x57 [border: (3px solid #000000)]
        RenderBlock {DIV} at (3,3) size 75x50 [bgcolor=#FFFFCC]
          RenderBlock {DIV} at (8,8) size 59x34
      RenderBlock (floating) {DIV} at (675,211) size 82x57 [border: (3px solid #000000)]
        RenderBlock {DIV} at (3,3) size 75x50 [bgcolor=#FFFFCC]
          RenderBlock {DIV} at (8,8) size 59x34
      RenderBlock (floating) {DIV} at (1,270) size 82x57 [border: (3px solid #000000)]
        RenderBlock {DIV} at (3,3) size 75x50 [bgcolor=#FFFFCC]
          RenderBlock {DIV} at (8,8) size 59x34
      RenderBlock (floating) {DIV} at (85,270) size 82x57 [border: (3px solid #000000)]
        RenderBlock {DIV} at (3,3) size 75x50 [bgcolor=#FFFFCC]
          RenderBlock {DIV} at (8,8) size 59x34
      RenderBlock (floating) {DIV} at (169,270) size 82x57 [border: (3px solid #000000)]
        RenderBlock {DIV} at (3,3) size 75x50 [bgcolor=#FFFFCC]
          RenderBlock {DIV} at (8,8) size 59x34
      RenderBlock (floating) {DIV} at (254,270) size 82x57 [border: (3px solid #000000)]
        RenderBlock {DIV} at (3,3) size 75x50 [bgcolor=#FFFFCC]
          RenderBlock {DIV} at (8,8) size 59x34
      RenderBlock (floating) {DIV} at (338,270) size 82x57 [border: (3px solid #000000)]
        RenderBlock {DIV} at (3,3) size 75x50 [bgcolor=#FFFFCC]
          RenderBlock {DIV} at (8,8) size 59x34
      RenderBlock (floating) {DIV} at (422,270) size 82x57 [border: (3px solid #000000)]
        RenderBlock {DIV} at (3,3) size 75x50 [bgcolor=#FFFFCC]
          RenderBlock {DIV} at (8,8) size 59x34
      RenderBlock (floating) {DIV} at (506,270) size 82x57 [border: (3px solid #000000)]
        RenderBlock {DIV} at (3,3) size 75x50 [bgcolor=#FFFFCC]
          RenderBlock {DIV} at (8,8) size 59x34
      RenderBlock (floating) {DIV} at (590,270) size 82x57 [border: (3px solid #000000)]
        RenderBlock {DIV} at (3,3) size 75x50 [bgcolor=#FFFFCC]
          RenderBlock {DIV} at (8,8) size 59x34
      RenderBlock (floating) {DIV} at (675,270) size 82x57 [border: (3px solid #000000)]
        RenderBlock {DIV} at (3,3) size 75x50 [bgcolor=#FFFFCC]
          RenderBlock {DIV} at (8,8) size 59x34
      RenderBlock (floating) {DIV} at (1,329) size 82x57 [border: (3px solid #000000)]
        RenderBlock {DIV} at (3,3) size 75x50 [bgcolor=#FFFFCC]
          RenderBlock {DIV} at (8,8) size 59x34
      RenderBlock (floating) {DIV} at (85,329) size 82x57 [border: (3px solid #000000)]
        RenderBlock {DIV} at (3,3) size 75x50 [bgcolor=#FFFFCC]
          RenderBlock {DIV} at (8,8) size 59x34
      RenderBlock (floating) {DIV} at (169,329) size 82x57 [border: (3px solid #000000)]
        RenderBlock {DIV} at (3,3) size 75x50 [bgcolor=#FFFFCC]
          RenderBlock {DIV} at (8,8) size 59x34
      RenderBlock (floating) {DIV} at (254,329) size 82x57 [border: (3px solid #000000)]
        RenderBlock {DIV} at (3,3) size 75x50 [bgcolor=#FFFFCC]
          RenderBlock {DIV} at (8,8) size 59x34
      RenderBlock (floating) {DIV} at (338,329) size 82x57 [border: (3px solid #000000)]
        RenderBlock {DIV} at (3,3) size 75x50 [bgcolor=#FFFFCC]
          RenderBlock {DIV} at (8,8) size 59x34
