layer at (0,0) size 800x600
  RenderView at (0,0) size 800x600
layer at (0,0) size 800x600
  RenderBlock {HTML} at (0,0) size 800x600
    RenderBody {BODY} at (8,8) size 784x584
      RenderBlock {DIV} at (0,0) size 179x452 [border: (1px solid #000000)]
        RenderInline {SPAN} at (0,0) size 177x415 [bgcolor=#C0C0C0] [border: (2px solid #000000)]
          RenderText {#text} at (3,20) size 50x111
            text run at (3,20) width 50: "  "
          RenderBR {BR} at (53,1) size 0x111
          RenderText {#text} at (1,170) size 125x111
            text run at (1,170) width 125: "     "
          RenderBR {BR} at (126,151) size 0x111
          RenderText {#text} at (1,320) size 175x111
            text run at (1,320) width 175: "       "
        RenderText {#text} at (0,0) size 0x0
      RenderText {#text} at (179,395) size 4x17
        text run at (179,395) width 4: " "
      RenderBlock {DIV} at (183,230) size 452x179 [border: (1px solid #000000)]
        RenderInline {SPAN} at (0,0) size 415x177 [bgcolor=#C0C0C0] [border: (2px solid #000000)]
          RenderText {#text} at (20,3) size 111x50
            text run at (20,3) width 50: "  "
          RenderBR {BR} at (1,53) size 111x0
          RenderText {#text} at (170,1) size 111x125
            text run at (170,1) width 125: "     "
          RenderBR {BR} at (151,126) size 111x0
          RenderText {#text} at (320,1) size 111x175
            text run at (320,1) width 175: "       "
        RenderText {#text} at (0,0) size 0x0
      RenderText {#text} at (0,0) size 0x0
