layer at (0,0) size 800x600
  RenderView at (0,0) size 800x600
layer at (0,0) size 800x600
  RenderBlock {HTML} at (0,0) size 800x600
    RenderBody {BODY} at (8,8) size 784x584
layer at (8,8) size 300x54
  RenderBlock {DIV} at (0,0) size 300x54
    RenderText {#text} at (40,0) size 22x17
      text run at (40,0) width 22: "this"
    RenderImage {IMG} at (0,0) size 20x30
    RenderText {#text} at (62,0) size 10x17
      text run at (62,0) width 10: "is"
    RenderImage {IMG} at (20,0) size 20x30
    RenderText {#text} at (72,0) size 292x53
      text run at (72,0) width 208: "one run long long long long long"
      text run at (40,18) width 252: "long long long long long long long long"
      text run at (0,36) width 87: "long long text"
layer at (8,62) size 300x54
  RenderBlock {DIV} at (0,54) size 300x54
    RenderText {#text} at (20,0) size 22x17
      text run at (20,0) width 22: "this"
    RenderImage {IMG} at (280,0) size 20x30
    RenderText {#text} at (42,0) size 10x17
      text run at (42,0) width 10: "is"
    RenderImage {IMG} at (260,0) size 20x30
    RenderText {#text} at (52,0) size 292x53
      text run at (52,0) width 208: "one run long long long long long"
      text run at (8,18) width 252: "long long long long long long long long"
      text run at (213,36) width 87: "long long text"
layer at (8,116) size 300x54
  RenderBlock {DIV} at (0,108) size 300x54
    RenderText {#text} at (40,0) size 22x17
      text run at (40,0) width 22: "this"
    RenderImage {IMG} at (0,0) size 20x30
    RenderText {#text} at (62,0) size 10x17
      text run at (62,0) width 10: "is"
    RenderImage {IMG} at (280,0) size 20x30
    RenderText {#text} at (72,0) size 272x53
      text run at (72,0) width 208: "one run long long long long long"
      text run at (28,18) width 252: "long long long long long long long long"
      text run at (213,36) width 87: "long long text"
