layer at (0,0) size 800x600
  RenderView at (0,0) size 800x600
layer at (0,0) size 400x400
  RenderSVGRoot {svg} at (0,0) size 400x400
    RenderSVGHiddenContainer {defs} at (0,0) size 0x0
      RenderSVGResourceLinearGradient {linearGradient} [id="gradient"] [gradientUnits=objectBoundingBox] [start=(0,0)] [end=(0,1)]
        RenderSVGGradientStop {stop} [offset=0.00] [color=#FF72B480]
        RenderSVGGradientStop {stop} [offset=1.00] [color=#FF007B]
      RenderSVGResourceLinearGradient {linearGradient} [id="h_stroke_gradient"] [gradientUnits=objectBoundingBox] [start=(0,0)] [end=(1,0)]
        RenderSVGGradientStop {stop} [offset=0.00] [color=#000000]
        RenderSVGGradientStop {stop} [offset=1.00] [color=#00000000]
      RenderSVGResourceLinearGradient {linearGradient} [id="v_stroke_gradient"] [gradientUnits=objectBoundingBox] [start=(0,0)] [end=(0,1)]
        RenderSVGGradientStop {stop} [offset=0.00] [color=#000000]
        RenderSVGGradientStop {stop} [offset=1.00] [color=#00000000]
    RenderSVGRect {rect} at (0,0) size 400x400 [fill={[type=LINEAR-GRADIENT] [id="gradient"]}] [x=0.00] [y=0.00] [width=400.00] [height=400.00]
    RenderSVGContainer {g} at (9,6) size 381x29 [transform={m=((1.00,0.00)(0.00,1.00)) t=(10.00,10.00)}]
      RenderSVGRect {rect} at (10,10) size 380x25 [opacity=0.50] [fill={[type=SOLID] [color=#FFFFFF]}] [x=0.00] [y=0.00] [width=380.00] [height=25.00]
      RenderSVGContainer {g} at (9,9) size 381x26 [transform={m=((1.00,0.00)(0.00,1.00)) t=(-0.50,-0.50)}]
        RenderSVGPath {line} at (9,9) size 381x1 [stroke={[type=LINEAR-GRADIENT] [id="h_stroke_gradient"]}] [fill={[type=SOLID] [color=#000000]}] [x1=0.00] [y1=0.00] [x2=380.00] [y2=0.00]
        RenderSVGPath {line} at (9,9) size 1x26 [stroke={[type=LINEAR-GRADIENT] [id="v_stroke_gradient"]}] [fill={[type=SOLID] [color=#000000]}] [x1=0.00] [y1=-0.50] [x2=0.00] [y2=25.00]
      RenderSVGText {text} at (2,-4) size 308x23 contains 1 chunk(s)
        RenderSVGInlineText {#text} at (0,0) size 308x22
          chunk 1 text run 1 at (2.00,13.60) startOffset 0 endOffset 40 width 308.00: "This is hanging from the top-left corner"
    RenderSVGForeignObject {foreignObject} at (10,45) size 380x150
      RenderBlock {html} at (0,0) size 380x136
        RenderBody {body} at (8,0) size 364x136
          RenderBlock {p} at (0,0) size 364x100
            RenderText {#text} at (0,0) size 349x39
              text run at (0,0) width 349: "The piece of text above should be aligned with the top-left"
              text run at (0,20) width 250: "corner of the rectangle below it. Both the "
            RenderInline {code} at (0,0) size 48x16
              RenderText {#text} at (250,23) size 48x16
                text run at (250,23) width 48: "<text>"
            RenderText {#text} at (298,20) size 48x19
              text run at (298,20) width 48: " and the"
            RenderInline {code} at (0,0) size 48x16
              RenderText {#text} at (0,43) size 48x16
                text run at (0,43) width 48: "<rect>"
            RenderText {#text} at (48,40) size 265x19
              text run at (48,40) width 265: " are located at the same coordinates and the"
            RenderInline {code} at (0,0) size 48x16
              RenderText {#text} at (0,63) size 48x16
                text run at (0,63) width 48: "<text>"
            RenderText {#text} at (48,60) size 106x19
              text run at (48,60) width 106: " element uses the "
            RenderInline {code} at (0,0) size 56x16
              RenderText {#text} at (154,63) size 56x16
                text run at (154,63) width 56: "hanging"
            RenderText {#text} at (210,60) size 77x19
              text run at (210,60) width 77: " value for its "
            RenderInline {code} at (0,0) size 359x36
              RenderText {#text} at (287,63) size 359x36
                text run at (287,63) width 72: "dominant-"
                text run at (0,83) width 64: "baseline"
            RenderText {#text} at (64,80) size 57x19
              text run at (64,80) width 57: " attribute."
          RenderBlock {p} at (0,116) size 364x20
            RenderInline {a} at (0,0) size 84x19 [color=#800000]
              RenderText {#text} at (0,0) size 84x19
                text run at (0,0) width 84: "Antoine Quint"
            RenderText {#text} at (84,0) size 85x19
              text run at (84,0) width 85: ", January 27th"
