layer at (0,0) size 800x600
  RenderView at (0,0) size 800x600
layer at (0,0) size 800x56
  RenderBlock {html} at (0,0) size 800x56
    RenderBody {body} at (8,8) size 784x40
      RenderText {#text} at (0,0) size 161x19
        text run at (0,0) width 161: "This tests the behaviour of "
      RenderInline {code} at (0,0) size 224x16
        RenderText {#text} at (161,3) size 224x16
          text run at (161,3) width 224: "SVGLocatable::getScreenCTM()"
      RenderText {#text} at (385,0) size 106x19
        text run at (385,0) width 106: " in mixed content "
      RenderBR {br} at (491,0) size 0x19
      RenderText {#text} at (0,20) size 303x19
        text run at (0,20) width 303: "If the test passes you should see a green rectangle."
layer at (30,100) size 400x200
  RenderBlock (positioned) {div} at (30,100) size 400x200
    RenderSVGRoot {svg} at (30,100) size 400x200
      RenderSVGRect {rect} at (30,100) size 400x200 [fill={[type=SOLID] [color=#008000]}] [x=0.00] [y=0.00] [width=200.00] [height=100.00]
    RenderText {#text} at (0,0) size 0x0
