layer at (0,0) size 800x600
  RenderView at (0,0) size 800x600
layer at (0,0) size 800x224
  RenderBlock {html} at (0,0) size 800x224
    RenderBody {body} at (8,21) size 784x195
      RenderBlock {h1} at (0,0) size 784x37
        RenderText {#text} at (0,0) size 492x36
          text run at (0,0) width 492: "SVG Images in Inline CSS Elements"
      RenderBlock {p} at (0,58) size 784x41
        RenderText {#text} at (0,0) size 758x39
          text run at (0,0) width 758: "The two following blocks should display side-by-side a 75x75 pixels image with a 3 pixels border overlaid on top of the image"
          text run at (0,20) width 82: "(Bug 14051)."
      RenderBlock (anonymous) at (0,114) size 784x81
        RenderInline {div} at (0,0) size 79x19
          RenderText {#text} at (0,0) size 0x0
          RenderSVGRoot {svg} at (8,135) size 75x76
            RenderSVGImage {image} at (8,135) size 75x76
            RenderSVGRect {rect} at (8,135) size 75x76 [stroke={[type=SOLID] [color=#FF0000] [stroke width=6.00]}] [x=0.00] [y=0.00] [width=75.00] [height=75.00]
          RenderText {#text} at (75,60) size 4x19
            text run at (75,60) width 4: " "
        RenderText {#text} at (0,0) size 0x0
        RenderInline {div} at (0,0) size 75x19
          RenderText {#text} at (0,0) size 0x0
          RenderSVGRoot {svg} at (87,135) size 75x76
            RenderSVGImage {image} at (87,135) size 75x76
            RenderSVGRect {rect} at (87,135) size 75x76 [stroke={[type=SOLID] [color=#FF0000] [stroke width=6.00]}] [x=0.00] [y=0.00] [width=75.00] [height=75.00]
          RenderText {#text} at (0,0) size 0x0
        RenderText {#text} at (0,0) size 0x0
