layer at (0,0) size 800x600
  RenderView at (0,0) size 800x600
layer at (0,0) size 800x72
  RenderBlock {html} at (0,0) size 800x72
    RenderBody {body} at (8,16) size 784x40
      RenderBlock {p} at (0,0) size 784x40
        RenderText {#text} at (0,0) size 757x39
          text run at (0,0) width 757: "In the div below the text is distributed over the whole SVG area. But when you scroll around the invisible text does not appear"
          text run at (0,20) width 82: "(Bug 12163)."
layer at (10,72) size 502x502 clip at (11,73) size 485x485 scrollY 550 scrollWidth 5000 scrollHeight 5005
  RenderBlock (positioned) {div} at (10,72) size 502x502 [border: (1px solid #AAAAAA)]
    RenderSVGRoot {svg} at (11,72) size 501x502
      RenderSVGText {text} at (0,3) size 75x22 contains 1 chunk(s)
        RenderSVGInlineText {#text} at (0,0) size 75x22
          chunk 1 text run 1 at (0.00,20.00) startOffset 0 endOffset 11 width 75.00: "just a text"
      RenderSVGText {text} at (100,3) size 75x22 contains 1 chunk(s)
        RenderSVGInlineText {#text} at (0,0) size 75x22
          chunk 1 text run 1 at (100.00,20.00) startOffset 0 endOffset 11 width 75.00: "just a text"
      RenderSVGText {text} at (200,3) size 75x22 contains 1 chunk(s)
        RenderSVGInlineText {#text} at (0,0) size 75x22
          chunk 1 text run 1 at (200.00,20.00) startOffset 0 endOffset 11 width 75.00: "just a text"
      RenderSVGText {text} at (300,3) size 75x22 contains 1 chunk(s)
        RenderSVGInlineText {#text} at (0,0) size 75x22
          chunk 1 text run 1 at (300.00,20.00) startOffset 0 endOffset 11 width 75.00: "just a text"
      RenderSVGText {text} at (400,3) size 75x22 contains 1 chunk(s)
        RenderSVGInlineText {#text} at (0,0) size 75x22
          chunk 1 text run 1 at (400.00,20.00) startOffset 0 endOffset 11 width 75.00: "just a text"
      RenderSVGText {text} at (500,3) size 75x22 contains 1 chunk(s)
        RenderSVGInlineText {#text} at (0,0) size 75x22
          chunk 1 text run 1 at (500.00,20.00) startOffset 0 endOffset 11 width 75.00: "just a text"
      RenderSVGText {text} at (600,3) size 75x22 contains 1 chunk(s)
        RenderSVGInlineText {#text} at (0,0) size 75x22
          chunk 1 text run 1 at (600.00,20.00) startOffset 0 endOffset 11 width 75.00: "just a text"
      RenderSVGText {text} at (700,3) size 75x22 contains 1 chunk(s)
        RenderSVGInlineText {#text} at (0,0) size 75x22
          chunk 1 text run 1 at (700.00,20.00) startOffset 0 endOffset 11 width 75.00: "just a text"
      RenderSVGText {text} at (800,3) size 75x22 contains 1 chunk(s)
        RenderSVGInlineText {#text} at (0,0) size 75x22
          chunk 1 text run 1 at (800.00,20.00) startOffset 0 endOffset 11 width 75.00: "just a text"
      RenderSVGText {text} at (900,3) size 75x22 contains 1 chunk(s)
        RenderSVGInlineText {#text} at (0,0) size 75x22
          chunk 1 text run 1 at (900.00,20.00) startOffset 0 endOffset 11 width 75.00: "just a text"
      RenderSVGText {text} at (1000,3) size 75x22 contains 1 chunk(s)
        RenderSVGInlineText {#text} at (0,0) size 75x22
          chunk 1 text run 1 at (1000.00,20.00) startOffset 0 endOffset 11 width 75.00: "just a text"
      RenderSVGText {text} at (1100,3) size 75x22 contains 1 chunk(s)
        RenderSVGInlineText {#text} at (0,0) size 75x22
          chunk 1 text run 1 at (1100.00,20.00) startOffset 0 endOffset 11 width 75.00: "just a text"
      RenderSVGText {text} at (1200,3) size 75x22 contains 1 chunk(s)
        RenderSVGInlineText {#text} at (0,0) size 75x22
          chunk 1 text run 1 at (1200.00,20.00) startOffset 0 endOffset 11 width 75.00: "just a text"
      RenderSVGText {text} at (1300,3) size 75x22 contains 1 chunk(s)
        RenderSVGInlineText {#text} at (0,0) size 75x22
          chunk 1 text run 1 at (1300.00,20.00) startOffset 0 endOffset 11 width 75.00: "just a text"
      RenderSVGText {text} at (1400,3) size 75x22 contains 1 chunk(s)
        RenderSVGInlineText {#text} at (0,0) size 75x22
          chunk 1 text run 1 at (1400.00,20.00) startOffset 0 endOffset 11 width 75.00: "just a text"
      RenderSVGText {text} at (1500,3) size 75x22 contains 1 chunk(s)
        RenderSVGInlineText {#text} at (0,0) size 75x22
          chunk 1 text run 1 at (1500.00,20.00) startOffset 0 endOffset 11 width 75.00: "just a text"
      RenderSVGText {text} at (1600,3) size 75x22 contains 1 chunk(s)
        RenderSVGInlineText {#text} at (0,0) size 75x22
          chunk 1 text run 1 at (1600.00,20.00) startOffset 0 endOffset 11 width 75.00: "just a text"
      RenderSVGText {text} at (1700,3) size 75x22 contains 1 chunk(s)
        RenderSVGInlineText {#text} at (0,0) size 75x22
          chunk 1 text run 1 at (1700.00,20.00) startOffset 0 endOffset 11 width 75.00: "just a text"
      RenderSVGText {text} at (1800,3) size 75x22 contains 1 chunk(s)
        RenderSVGInlineText {#text} at (0,0) size 75x22
          chunk 1 text run 1 at (1800.00,20.00) startOffset 0 endOffset 11 width 75.00: "just a text"
      RenderSVGText {text} at (1900,3) size 75x22 contains 1 chunk(s)
        RenderSVGInlineText {#text} at (0,0) size 75x22
          chunk 1 text run 1 at (1900.00,20.00) startOffset 0 endOffset 11 width 75.00: "just a text"
      RenderSVGText {text} at (2000,3) size 75x22 contains 1 chunk(s)
        RenderSVGInlineText {#text} at (0,0) size 75x22
          chunk 1 text run 1 at (2000.00,20.00) startOffset 0 endOffset 11 width 75.00: "just a text"
      RenderSVGText {text} at (2100,3) size 75x22 contains 1 chunk(s)
        RenderSVGInlineText {#text} at (0,0) size 75x22
          chunk 1 text run 1 at (2100.00,20.00) startOffset 0 endOffset 11 width 75.00: "just a text"
      RenderSVGText {text} at (2200,3) size 75x22 contains 1 chunk(s)
        RenderSVGInlineText {#text} at (0,0) size 75x22
          chunk 1 text run 1 at (2200.00,20.00) startOffset 0 endOffset 11 width 75.00: "just a text"
      RenderSVGText {text} at (2300,3) size 75x22 contains 1 chunk(s)
        RenderSVGInlineText {#text} at (0,0) size 75x22
          chunk 1 text run 1 at (2300.00,20.00) startOffset 0 endOffset 11 width 75.00: "just a text"
      RenderSVGText {text} at (2400,3) size 75x22 contains 1 chunk(s)
        RenderSVGInlineText {#text} at (0,0) size 75x22
          chunk 1 text run 1 at (2400.00,20.00) startOffset 0 endOffset 11 width 75.00: "just a text"
      RenderSVGText {text} at (2500,3) size 75x22 contains 1 chunk(s)
        RenderSVGInlineText {#text} at (0,0) size 75x22
          chunk 1 text run 1 at (2500.00,20.00) startOffset 0 endOffset 11 width 75.00: "just a text"
      RenderSVGText {text} at (2600,3) size 75x22 contains 1 chunk(s)
        RenderSVGInlineText {#text} at (0,0) size 75x22
          chunk 1 text run 1 at (2600.00,20.00) startOffset 0 endOffset 11 width 75.00: "just a text"
      RenderSVGText {text} at (2700,3) size 75x22 contains 1 chunk(s)
        RenderSVGInlineText {#text} at (0,0) size 75x22
          chunk 1 text run 1 at (2700.00,20.00) startOffset 0 endOffset 11 width 75.00: "just a text"
      RenderSVGText {text} at (2800,3) size 75x22 contains 1 chunk(s)
        RenderSVGInlineText {#text} at (0,0) size 75x22
          chunk 1 text run 1 at (2800.00,20.00) startOffset 0 endOffset 11 width 75.00: "just a text"
      RenderSVGText {text} at (2900,3) size 75x22 contains 1 chunk(s)
        RenderSVGInlineText {#text} at (0,0) size 75x22
          chunk 1 text run 1 at (2900.00,20.00) startOffset 0 endOffset 11 width 75.00: "just a text"
      RenderSVGText {text} at (3000,3) size 75x22 contains 1 chunk(s)
        RenderSVGInlineText {#text} at (0,0) size 75x22
          chunk 1 text run 1 at (3000.00,20.00) startOffset 0 endOffset 11 width 75.00: "just a text"
      RenderSVGText {text} at (3100,3) size 75x22 contains 1 chunk(s)
        RenderSVGInlineText {#text} at (0,0) size 75x22
          chunk 1 text run 1 at (3100.00,20.00) startOffset 0 endOffset 11 width 75.00: "just a text"
      RenderSVGText {text} at (3200,3) size 75x22 contains 1 chunk(s)
        RenderSVGInlineText {#text} at (0,0) size 75x22
          chunk 1 text run 1 at (3200.00,20.00) startOffset 0 endOffset 11 width 75.00: "just a text"
      RenderSVGText {text} at (3300,3) size 75x22 contains 1 chunk(s)
        RenderSVGInlineText {#text} at (0,0) size 75x22
          chunk 1 text run 1 at (3300.00,20.00) startOffset 0 endOffset 11 width 75.00: "just a text"
      RenderSVGText {text} at (3400,3) size 75x22 contains 1 chunk(s)
        RenderSVGInlineText {#text} at (0,0) size 75x22
          chunk 1 text run 1 at (3400.00,20.00) startOffset 0 endOffset 11 width 75.00: "just a text"
      RenderSVGText {text} at (3500,3) size 75x22 contains 1 chunk(s)
        RenderSVGInlineText {#text} at (0,0) size 75x22
          chunk 1 text run 1 at (3500.00,20.00) startOffset 0 endOffset 11 width 75.00: "just a text"
      RenderSVGText {text} at (3600,3) size 75x22 contains 1 chunk(s)
        RenderSVGInlineText {#text} at (0,0) size 75x22
          chunk 1 text run 1 at (3600.00,20.00) startOffset 0 endOffset 11 width 75.00: "just a text"
      RenderSVGText {text} at (3700,3) size 75x22 contains 1 chunk(s)
        RenderSVGInlineText {#text} at (0,0) size 75x22
          chunk 1 text run 1 at (3700.00,20.00) startOffset 0 endOffset 11 width 75.00: "just a text"
      RenderSVGText {text} at (3800,3) size 75x22 contains 1 chunk(s)
        RenderSVGInlineText {#text} at (0,0) size 75x22
          chunk 1 text run 1 at (3800.00,20.00) startOffset 0 endOffset 11 width 75.00: "just a text"
      RenderSVGText {text} at (3900,3) size 75x22 contains 1 chunk(s)
        RenderSVGInlineText {#text} at (0,0) size 75x22
          chunk 1 text run 1 at (3900.00,20.00) startOffset 0 endOffset 11 width 75.00: "just a text"
      RenderSVGText {text} at (4000,3) size 75x22 contains 1 chunk(s)
        RenderSVGInlineText {#text} at (0,0) size 75x22
          chunk 1 text run 1 at (4000.00,20.00) startOffset 0 endOffset 11 width 75.00: "just a text"
      RenderSVGText {text} at (4100,3) size 75x22 contains 1 chunk(s)
        RenderSVGInlineText {#text} at (0,0) size 75x22
          chunk 1 text run 1 at (4100.00,20.00) startOffset 0 endOffset 11 width 75.00: "just a text"
      RenderSVGText {text} at (4200,3) size 75x22 contains 1 chunk(s)
        RenderSVGInlineText {#text} at (0,0) size 75x22
          chunk 1 text run 1 at (4200.00,20.00) startOffset 0 endOffset 11 width 75.00: "just a text"
      RenderSVGText {text} at (4300,3) size 75x22 contains 1 chunk(s)
        RenderSVGInlineText {#text} at (0,0) size 75x22
          chunk 1 text run 1 at (4300.00,20.00) startOffset 0 endOffset 11 width 75.00: "just a text"
      RenderSVGText {text} at (4400,3) size 75x22 contains 1 chunk(s)
        RenderSVGInlineText {#text} at (0,0) size 75x22
          chunk 1 text run 1 at (4400.00,20.00) startOffset 0 endOffset 11 width 75.00: "just a text"
      RenderSVGText {text} at (4500,3) size 75x22 contains 1 chunk(s)
        RenderSVGInlineText {#text} at (0,0) size 75x22
          chunk 1 text run 1 at (4500.00,20.00) startOffset 0 endOffset 11 width 75.00: "just a text"
      RenderSVGText {text} at (4600,3) size 75x22 contains 1 chunk(s)
        RenderSVGInlineText {#text} at (0,0) size 75x22
          chunk 1 text run 1 at (4600.00,20.00) startOffset 0 endOffset 11 width 75.00: "just a text"
      RenderSVGText {text} at (4700,3) size 75x22 contains 1 chunk(s)
        RenderSVGInlineText {#text} at (0,0) size 75x22
          chunk 1 text run 1 at (4700.00,20.00) startOffset 0 endOffset 11 width 75.00: "just a text"
      RenderSVGText {text} at (4800,3) size 75x22 contains 1 chunk(s)
        RenderSVGInlineText {#text} at (0,0) size 75x22
          chunk 1 text run 1 at (4800.00,20.00) startOffset 0 endOffset 11 width 75.00: "just a text"
      RenderSVGText {text} at (4900,3) size 75x22 contains 1 chunk(s)
        RenderSVGInlineText {#text} at (0,0) size 75x22
          chunk 1 text run 1 at (4900.00,20.00) startOffset 0 endOffset 11 width 75.00: "just a text"
      RenderSVGText {text} at (0,103) size 75x22 contains 1 chunk(s)
        RenderSVGInlineText {#text} at (0,0) size 75x22
          chunk 1 text run 1 at (0.00,120.00) startOffset 0 endOffset 11 width 75.00: "just a text"
      RenderSVGText {text} at (100,103) size 75x22 contains 1 chunk(s)
        RenderSVGInlineText {#text} at (0,0) size 75x22
          chunk 1 text run 1 at (100.00,120.00) startOffset 0 endOffset 11 width 75.00: "just a text"
      RenderSVGText {text} at (200,103) size 75x22 contains 1 chunk(s)
        RenderSVGInlineText {#text} at (0,0) size 75x22
          chunk 1 text run 1 at (200.00,120.00) startOffset 0 endOffset 11 width 75.00: "just a text"
      RenderSVGText {text} at (300,103) size 75x22 contains 1 chunk(s)
        RenderSVGInlineText {#text} at (0,0) size 75x22
          chunk 1 text run 1 at (300.00,120.00) startOffset 0 endOffset 11 width 75.00: "just a text"
      RenderSVGText {text} at (400,103) size 75x22 contains 1 chunk(s)
        RenderSVGInlineText {#text} at (0,0) size 75x22
          chunk 1 text run 1 at (400.00,120.00) startOffset 0 endOffset 11 width 75.00: "just a text"
      RenderSVGText {text} at (500,103) size 75x22 contains 1 chunk(s)
        RenderSVGInlineText {#text} at (0,0) size 75x22
          chunk 1 text run 1 at (500.00,120.00) startOffset 0 endOffset 11 width 75.00: "just a text"
      RenderSVGText {text} at (600,103) size 75x22 contains 1 chunk(s)
        RenderSVGInlineText {#text} at (0,0) size 75x22
          chunk 1 text run 1 at (600.00,120.00) startOffset 0 endOffset 11 width 75.00: "just a text"
      RenderSVGText {text} at (700,103) size 75x22 contains 1 chunk(s)
        RenderSVGInlineText {#text} at (0,0) size 75x22
          chunk 1 text run 1 at (700.00,120.00) startOffset 0 endOffset 11 width 75.00: "just a text"
      RenderSVGText {text} at (800,103) size 75x22 contains 1 chunk(s)
        RenderSVGInlineText {#text} at (0,0) size 75x22
          chunk 1 text run 1 at (800.00,120.00) startOffset 0 endOffset 11 width 75.00: "just a text"
      RenderSVGText {text} at (900,103) size 75x22 contains 1 chunk(s)
        RenderSVGInlineText {#text} at (0,0) size 75x22
          chunk 1 text run 1 at (900.00,120.00) startOffset 0 endOffset 11 width 75.00: "just a text"
      RenderSVGText {text} at (1000,103) size 75x22 contains 1 chunk(s)
        RenderSVGInlineText {#text} at (0,0) size 75x22
          chunk 1 text run 1 at (1000.00,120.00) startOffset 0 endOffset 11 width 75.00: "just a text"
      RenderSVGText {text} at (1100,103) size 75x22 contains 1 chunk(s)
        RenderSVGInlineText {#text} at (0,0) size 75x22
          chunk 1 text run 1 at (1100.00,120.00) startOffset 0 endOffset 11 width 75.00: "just a text"
      RenderSVGText {text} at (1200,103) size 75x22 contains 1 chunk(s)
        RenderSVGInlineText {#text} at (0,0) size 75x22
          chunk 1 text run 1 at (1200.00,120.00) startOffset 0 endOffset 11 width 75.00: "just a text"
      RenderSVGText {text} at (1300,103) size 75x22 contains 1 chunk(s)
        RenderSVGInlineText {#text} at (0,0) size 75x22
          chunk 1 text run 1 at (1300.00,120.00) startOffset 0 endOffset 11 width 75.00: "just a text"
      RenderSVGText {text} at (1400,103) size 75x22 contains 1 chunk(s)
        RenderSVGInlineText {#text} at (0,0) size 75x22
          chunk 1 text run 1 at (1400.00,120.00) startOffset 0 endOffset 11 width 75.00: "just a text"
      RenderSVGText {text} at (1500,103) size 75x22 contains 1 chunk(s)
        RenderSVGInlineText {#text} at (0,0) size 75x22
          chunk 1 text run 1 at (1500.00,120.00) startOffset 0 endOffset 11 width 75.00: "just a text"
      RenderSVGText {text} at (1600,103) size 75x22 contains 1 chunk(s)
        RenderSVGInlineText {#text} at (0,0) size 75x22
          chunk 1 text run 1 at (1600.00,120.00) startOffset 0 endOffset 11 width 75.00: "just a text"
      RenderSVGText {text} at (1700,103) size 75x22 contains 1 chunk(s)
        RenderSVGInlineText {#text} at (0,0) size 75x22
          chunk 1 text run 1 at (1700.00,120.00) startOffset 0 endOffset 11 width 75.00: "just a text"
      RenderSVGText {text} at (1800,103) size 75x22 contains 1 chunk(s)
        RenderSVGInlineText {#text} at (0,0) size 75x22
          chunk 1 text run 1 at (1800.00,120.00) startOffset 0 endOffset 11 width 75.00: "just a text"
      RenderSVGText {text} at (1900,103) size 75x22 contains 1 chunk(s)
        RenderSVGInlineText {#text} at (0,0) size 75x22
          chunk 1 text run 1 at (1900.00,120.00) startOffset 0 endOffset 11 width 75.00: "just a text"
      RenderSVGText {text} at (2000,103) size 75x22 contains 1 chunk(s)
        RenderSVGInlineText {#text} at (0,0) size 75x22
          chunk 1 text run 1 at (2000.00,120.00) startOffset 0 endOffset 11 width 75.00: "just a text"
      RenderSVGText {text} at (2100,103) size 75x22 contains 1 chunk(s)
        RenderSVGInlineText {#text} at (0,0) size 75x22
          chunk 1 text run 1 at (2100.00,120.00) startOffset 0 endOffset 11 width 75.00: "just a text"
      RenderSVGText {text} at (2200,103) size 75x22 contains 1 chunk(s)
        RenderSVGInlineText {#text} at (0,0) size 75x22
          chunk 1 text run 1 at (2200.00,120.00) startOffset 0 endOffset 11 width 75.00: "just a text"
      RenderSVGText {text} at (2300,103) size 75x22 contains 1 chunk(s)
        RenderSVGInlineText {#text} at (0,0) size 75x22
          chunk 1 text run 1 at (2300.00,120.00) startOffset 0 endOffset 11 width 75.00: "just a text"
      RenderSVGText {text} at (2400,103) size 75x22 contains 1 chunk(s)
        RenderSVGInlineText {#text} at (0,0) size 75x22
          chunk 1 text run 1 at (2400.00,120.00) startOffset 0 endOffset 11 width 75.00: "just a text"
      RenderSVGText {text} at (2500,103) size 75x22 contains 1 chunk(s)
        RenderSVGInlineText {#text} at (0,0) size 75x22
          chunk 1 text run 1 at (2500.00,120.00) startOffset 0 endOffset 11 width 75.00: "just a text"
      RenderSVGText {text} at (2600,103) size 75x22 contains 1 chunk(s)
        RenderSVGInlineText {#text} at (0,0) size 75x22
          chunk 1 text run 1 at (2600.00,120.00) startOffset 0 endOffset 11 width 75.00: "just a text"
      RenderSVGText {text} at (2700,103) size 75x22 contains 1 chunk(s)
        RenderSVGInlineText {#text} at (0,0) size 75x22
          chunk 1 text run 1 at (2700.00,120.00) startOffset 0 endOffset 11 width 75.00: "just a text"
      RenderSVGText {text} at (2800,103) size 75x22 contains 1 chunk(s)
        RenderSVGInlineText {#text} at (0,0) size 75x22
          chunk 1 text run 1 at (2800.00,120.00) startOffset 0 endOffset 11 width 75.00: "just a text"
      RenderSVGText {text} at (2900,103) size 75x22 contains 1 chunk(s)
        RenderSVGInlineText {#text} at (0,0) size 75x22
          chunk 1 text run 1 at (2900.00,120.00) startOffset 0 endOffset 11 width 75.00: "just a text"
      RenderSVGText {text} at (3000,103) size 75x22 contains 1 chunk(s)
        RenderSVGInlineText {#text} at (0,0) size 75x22
          chunk 1 text run 1 at (3000.00,120.00) startOffset 0 endOffset 11 width 75.00: "just a text"
      RenderSVGText {text} at (3100,103) size 75x22 contains 1 chunk(s)
        RenderSVGInlineText {#text} at (0,0) size 75x22
          chunk 1 text run 1 at (3100.00,120.00) startOffset 0 endOffset 11 width 75.00: "just a text"
      RenderSVGText {text} at (3200,103) size 75x22 contains 1 chunk(s)
        RenderSVGInlineText {#text} at (0,0) size 75x22
          chunk 1 text run 1 at (3200.00,120.00) startOffset 0 endOffset 11 width 75.00: "just a text"
      RenderSVGText {text} at (3300,103) size 75x22 contains 1 chunk(s)
        RenderSVGInlineText {#text} at (0,0) size 75x22
          chunk 1 text run 1 at (3300.00,120.00) startOffset 0 endOffset 11 width 75.00: "just a text"
      RenderSVGText {text} at (3400,103) size 75x22 contains 1 chunk(s)
        RenderSVGInlineText {#text} at (0,0) size 75x22
          chunk 1 text run 1 at (3400.00,120.00) startOffset 0 endOffset 11 width 75.00: "just a text"
      RenderSVGText {text} at (3500,103) size 75x22 contains 1 chunk(s)
        RenderSVGInlineText {#text} at (0,0) size 75x22
          chunk 1 text run 1 at (3500.00,120.00) startOffset 0 endOffset 11 width 75.00: "just a text"
      RenderSVGText {text} at (3600,103) size 75x22 contains 1 chunk(s)
        RenderSVGInlineText {#text} at (0,0) size 75x22
          chunk 1 text run 1 at (3600.00,120.00) startOffset 0 endOffset 11 width 75.00: "just a text"
      RenderSVGText {text} at (3700,103) size 75x22 contains 1 chunk(s)
        RenderSVGInlineText {#text} at (0,0) size 75x22
          chunk 1 text run 1 at (3700.00,120.00) startOffset 0 endOffset 11 width 75.00: "just a text"
      RenderSVGText {text} at (3800,103) size 75x22 contains 1 chunk(s)
        RenderSVGInlineText {#text} at (0,0) size 75x22
          chunk 1 text run 1 at (3800.00,120.00) startOffset 0 endOffset 11 width 75.00: "just a text"
      RenderSVGText {text} at (3900,103) size 75x22 contains 1 chunk(s)
        RenderSVGInlineText {#text} at (0,0) size 75x22
          chunk 1 text run 1 at (3900.00,120.00) startOffset 0 endOffset 11 width 75.00: "just a text"
      RenderSVGText {text} at (4000,103) size 75x22 contains 1 chunk(s)
        RenderSVGInlineText {#text} at (0,0) size 75x22
          chunk 1 text run 1 at (4000.00,120.00) startOffset 0 endOffset 11 width 75.00: "just a text"
      RenderSVGText {text} at (4100,103) size 75x22 contains 1 chunk(s)
        RenderSVGInlineText {#text} at (0,0) size 75x22
          chunk 1 text run 1 at (4100.00,120.00) startOffset 0 endOffset 11 width 75.00: "just a text"
      RenderSVGText {text} at (4200,103) size 75x22 contains 1 chunk(s)
        RenderSVGInlineText {#text} at (0,0) size 75x22
          chunk 1 text run 1 at (4200.00,120.00) startOffset 0 endOffset 11 width 75.00: "just a text"
      RenderSVGText {text} at (4300,103) size 75x22 contains 1 chunk(s)
        RenderSVGInlineText {#text} at (0,0) size 75x22
          chunk 1 text run 1 at (4300.00,120.00) startOffset 0 endOffset 11 width 75.00: "just a text"
      RenderSVGText {text} at (4400,103) size 75x22 contains 1 chunk(s)
        RenderSVGInlineText {#text} at (0,0) size 75x22
          chunk 1 text run 1 at (4400.00,120.00) startOffset 0 endOffset 11 width 75.00: "just a text"
      RenderSVGText {text} at (4500,103) size 75x22 contains 1 chunk(s)
        RenderSVGInlineText {#text} at (0,0) size 75x22
          chunk 1 text run 1 at (4500.00,120.00) startOffset 0 endOffset 11 width 75.00: "just a text"
      RenderSVGText {text} at (4600,103) size 75x22 contains 1 chunk(s)
        RenderSVGInlineText {#text} at (0,0) size 75x22
          chunk 1 text run 1 at (4600.00,120.00) startOffset 0 endOffset 11 width 75.00: "just a text"
      RenderSVGText {text} at (4700,103) size 75x22 contains 1 chunk(s)
        RenderSVGInlineText {#text} at (0,0) size 75x22
          chunk 1 text run 1 at (4700.00,120.00) startOffset 0 endOffset 11 width 75.00: "just a text"
      RenderSVGText {text} at (4800,103) size 75x22 contains 1 chunk(s)
        RenderSVGInlineText {#text} at (0,0) size 75x22
          chunk 1 text run 1 at (4800.00,120.00) startOffset 0 endOffset 11 width 75.00: "just a text"
      RenderSVGText {text} at (4900,103) size 75x22 contains 1 chunk(s)
        RenderSVGInlineText {#text} at (0,0) size 75x22
          chunk 1 text run 1 at (4900.00,120.00) startOffset 0 endOffset 11 width 75.00: "just a text"
      RenderSVGText {text} at (0,203) size 75x22 contains 1 chunk(s)
        RenderSVGInlineText {#text} at (0,0) size 75x22
          chunk 1 text run 1 at (0.00,220.00) startOffset 0 endOffset 11 width 75.00: "just a text"
      RenderSVGText {text} at (100,203) size 75x22 contains 1 chunk(s)
        RenderSVGInlineText {#text} at (0,0) size 75x22
          chunk 1 text run 1 at (100.00,220.00) startOffset 0 endOffset 11 width 75.00: "just a text"
      RenderSVGText {text} at (200,203) size 75x22 contains 1 chunk(s)
        RenderSVGInlineText {#text} at (0,0) size 75x22
          chunk 1 text run 1 at (200.00,220.00) startOffset 0 endOffset 11 width 75.00: "just a text"
      RenderSVGText {text} at (300,203) size 75x22 contains 1 chunk(s)
        RenderSVGInlineText {#text} at (0,0) size 75x22
          chunk 1 text run 1 at (300.00,220.00) startOffset 0 endOffset 11 width 75.00: "just a text"
      RenderSVGText {text} at (400,203) size 75x22 contains 1 chunk(s)
        RenderSVGInlineText {#text} at (0,0) size 75x22
          chunk 1 text run 1 at (400.00,220.00) startOffset 0 endOffset 11 width 75.00: "just a text"
      RenderSVGText {text} at (500,203) size 75x22 contains 1 chunk(s)
        RenderSVGInlineText {#text} at (0,0) size 75x22
          chunk 1 text run 1 at (500.00,220.00) startOffset 0 endOffset 11 width 75.00: "just a text"
      RenderSVGText {text} at (600,203) size 75x22 contains 1 chunk(s)
        RenderSVGInlineText {#text} at (0,0) size 75x22
          chunk 1 text run 1 at (600.00,220.00) startOffset 0 endOffset 11 width 75.00: "just a text"
      RenderSVGText {text} at (700,203) size 75x22 contains 1 chunk(s)
        RenderSVGInlineText {#text} at (0,0) size 75x22
          chunk 1 text run 1 at (700.00,220.00) startOffset 0 endOffset 11 width 75.00: "just a text"
      RenderSVGText {text} at (800,203) size 75x22 contains 1 chunk(s)
        RenderSVGInlineText {#text} at (0,0) size 75x22
          chunk 1 text run 1 at (800.00,220.00) startOffset 0 endOffset 11 width 75.00: "just a text"
      RenderSVGText {text} at (900,203) size 75x22 contains 1 chunk(s)
        RenderSVGInlineText {#text} at (0,0) size 75x22
          chunk 1 text run 1 at (900.00,220.00) startOffset 0 endOffset 11 width 75.00: "just a text"
      RenderSVGText {text} at (1000,203) size 75x22 contains 1 chunk(s)
        RenderSVGInlineText {#text} at (0,0) size 75x22
          chunk 1 text run 1 at (1000.00,220.00) startOffset 0 endOffset 11 width 75.00: "just a text"
      RenderSVGText {text} at (1100,203) size 75x22 contains 1 chunk(s)
        RenderSVGInlineText {#text} at (0,0) size 75x22
          chunk 1 text run 1 at (1100.00,220.00) startOffset 0 endOffset 11 width 75.00: "just a text"
      RenderSVGText {text} at (1200,203) size 75x22 contains 1 chunk(s)
        RenderSVGInlineText {#text} at (0,0) size 75x22
          chunk 1 text run 1 at (1200.00,220.00) startOffset 0 endOffset 11 width 75.00: "just a text"
      RenderSVGText {text} at (1300,203) size 75x22 contains 1 chunk(s)
        RenderSVGInlineText {#text} at (0,0) size 75x22
          chunk 1 text run 1 at (1300.00,220.00) startOffset 0 endOffset 11 width 75.00: "just a text"
      RenderSVGText {text} at (1400,203) size 75x22 contains 1 chunk(s)
        RenderSVGInlineText {#text} at (0,0) size 75x22
          chunk 1 text run 1 at (1400.00,220.00) startOffset 0 endOffset 11 width 75.00: "just a text"
      RenderSVGText {text} at (1500,203) size 75x22 contains 1 chunk(s)
        RenderSVGInlineText {#text} at (0,0) size 75x22
          chunk 1 text run 1 at (1500.00,220.00) startOffset 0 endOffset 11 width 75.00: "just a text"
      RenderSVGText {text} at (1600,203) size 75x22 contains 1 chunk(s)
        RenderSVGInlineText {#text} at (0,0) size 75x22
          chunk 1 text run 1 at (1600.00,220.00) startOffset 0 endOffset 11 width 75.00: "just a text"
      RenderSVGText {text} at (1700,203) size 75x22 contains 1 chunk(s)
        RenderSVGInlineText {#text} at (0,0) size 75x22
          chunk 1 text run 1 at (1700.00,220.00) startOffset 0 endOffset 11 width 75.00: "just a text"
      RenderSVGText {text} at (1800,203) size 75x22 contains 1 chunk(s)
        RenderSVGInlineText {#text} at (0,0) size 75x22
          chunk 1 text run 1 at (1800.00,220.00) startOffset 0 endOffset 11 width 75.00: "just a text"
      RenderSVGText {text} at (1900,203) size 75x22 contains 1 chunk(s)
        RenderSVGInlineText {#text} at (0,0) size 75x22
          chunk 1 text run 1 at (1900.00,220.00) startOffset 0 endOffset 11 width 75.00: "just a text"
      RenderSVGText {text} at (2000,203) size 75x22 contains 1 chunk(s)
        RenderSVGInlineText {#text} at (0,0) size 75x22
          chunk 1 text run 1 at (2000.00,220.00) startOffset 0 endOffset 11 width 75.00: "just a text"
      RenderSVGText {text} at (2100,203) size 75x22 contains 1 chunk(s)
        RenderSVGInlineText {#text} at (0,0) size 75x22
          chunk 1 text run 1 at (2100.00,220.00) startOffset 0 endOffset 11 width 75.00: "just a text"
      RenderSVGText {text} at (2200,203) size 75x22 contains 1 chunk(s)
        RenderSVGInlineText {#text} at (0,0) size 75x22
          chunk 1 text run 1 at (2200.00,220.00) startOffset 0 endOffset 11 width 75.00: "just a text"
      RenderSVGText {text} at (2300,203) size 75x22 contains 1 chunk(s)
        RenderSVGInlineText {#text} at (0,0) size 75x22
          chunk 1 text run 1 at (2300.00,220.00) startOffset 0 endOffset 11 width 75.00: "just a text"
      RenderSVGText {text} at (2400,203) size 75x22 contains 1 chunk(s)
        RenderSVGInlineText {#text} at (0,0) size 75x22
          chunk 1 text run 1 at (2400.00,220.00) startOffset 0 endOffset 11 width 75.00: "just a text"
      RenderSVGText {text} at (2500,203) size 75x22 contains 1 chunk(s)
        RenderSVGInlineText {#text} at (0,0) size 75x22
          chunk 1 text run 1 at (2500.00,220.00) startOffset 0 endOffset 11 width 75.00: "just a text"
      RenderSVGText {text} at (2600,203) size 75x22 contains 1 chunk(s)
        RenderSVGInlineText {#text} at (0,0) size 75x22
          chunk 1 text run 1 at (2600.00,220.00) startOffset 0 endOffset 11 width 75.00: "just a text"
      RenderSVGText {text} at (2700,203) size 75x22 contains 1 chunk(s)
        RenderSVGInlineText {#text} at (0,0) size 75x22
          chunk 1 text run 1 at (2700.00,220.00) startOffset 0 endOffset 11 width 75.00: "just a text"
      RenderSVGText {text} at (2800,203) size 75x22 contains 1 chunk(s)
        RenderSVGInlineText {#text} at (0,0) size 75x22
          chunk 1 text run 1 at (2800.00,220.00) startOffset 0 endOffset 11 width 75.00: "just a text"
      RenderSVGText {text} at (2900,203) size 75x22 contains 1 chunk(s)
        RenderSVGInlineText {#text} at (0,0) size 75x22
          chunk 1 text run 1 at (2900.00,220.00) startOffset 0 endOffset 11 width 75.00: "just a text"
      RenderSVGText {text} at (3000,203) size 75x22 contains 1 chunk(s)
        RenderSVGInlineText {#text} at (0,0) size 75x22
          chunk 1 text run 1 at (3000.00,220.00) startOffset 0 endOffset 11 width 75.00: "just a text"
      RenderSVGText {text} at (3100,203) size 75x22 contains 1 chunk(s)
        RenderSVGInlineText {#text} at (0,0) size 75x22
          chunk 1 text run 1 at (3100.00,220.00) startOffset 0 endOffset 11 width 75.00: "just a text"
      RenderSVGText {text} at (3200,203) size 75x22 contains 1 chunk(s)
        RenderSVGInlineText {#text} at (0,0) size 75x22
          chunk 1 text run 1 at (3200.00,220.00) startOffset 0 endOffset 11 width 75.00: "just a text"
      RenderSVGText {text} at (3300,203) size 75x22 contains 1 chunk(s)
        RenderSVGInlineText {#text} at (0,0) size 75x22
          chunk 1 text run 1 at (3300.00,220.00) startOffset 0 endOffset 11 width 75.00: "just a text"
      RenderSVGText {text} at (3400,203) size 75x22 contains 1 chunk(s)
        RenderSVGInlineText {#text} at (0,0) size 75x22
          chunk 1 text run 1 at (3400.00,220.00) startOffset 0 endOffset 11 width 75.00: "just a text"
      RenderSVGText {text} at (3500,203) size 75x22 contains 1 chunk(s)
        RenderSVGInlineText {#text} at (0,0) size 75x22
          chunk 1 text run 1 at (3500.00,220.00) startOffset 0 endOffset 11 width 75.00: "just a text"
      RenderSVGText {text} at (3600,203) size 75x22 contains 1 chunk(s)
        RenderSVGInlineText {#text} at (0,0) size 75x22
          chunk 1 text run 1 at (3600.00,220.00) startOffset 0 endOffset 11 width 75.00: "just a text"
      RenderSVGText {text} at (3700,203) size 75x22 contains 1 chunk(s)
        RenderSVGInlineText {#text} at (0,0) size 75x22
          chunk 1 text run 1 at (3700.00,220.00) startOffset 0 endOffset 11 width 75.00: "just a text"
      RenderSVGText {text} at (3800,203) size 75x22 contains 1 chunk(s)
        RenderSVGInlineText {#text} at (0,0) size 75x22
          chunk 1 text run 1 at (3800.00,220.00) startOffset 0 endOffset 11 width 75.00: "just a text"
      RenderSVGText {text} at (3900,203) size 75x22 contains 1 chunk(s)
        RenderSVGInlineText {#text} at (0,0) size 75x22
          chunk 1 text run 1 at (3900.00,220.00) startOffset 0 endOffset 11 width 75.00: "just a text"
      RenderSVGText {text} at (4000,203) size 75x22 contains 1 chunk(s)
        RenderSVGInlineText {#text} at (0,0) size 75x22
          chunk 1 text run 1 at (4000.00,220.00) startOffset 0 endOffset 11 width 75.00: "just a text"
      RenderSVGText {text} at (4100,203) size 75x22 contains 1 chunk(s)
        RenderSVGInlineText {#text} at (0,0) size 75x22
          chunk 1 text run 1 at (4100.00,220.00) startOffset 0 endOffset 11 width 75.00: "just a text"
      RenderSVGText {text} at (4200,203) size 75x22 contains 1 chunk(s)
        RenderSVGInlineText {#text} at (0,0) size 75x22
          chunk 1 text run 1 at (4200.00,220.00) startOffset 0 endOffset 11 width 75.00: "just a text"
      RenderSVGText {text} at (4300,203) size 75x22 contains 1 chunk(s)
        RenderSVGInlineText {#text} at (0,0) size 75x22
          chunk 1 text run 1 at (4300.00,220.00) startOffset 0 endOffset 11 width 75.00: "just a text"
      RenderSVGText {text} at (4400,203) size 75x22 contains 1 chunk(s)
        RenderSVGInlineText {#text} at (0,0) size 75x22
          chunk 1 text run 1 at (4400.00,220.00) startOffset 0 endOffset 11 width 75.00: "just a text"
      RenderSVGText {text} at (4500,203) size 75x22 contains 1 chunk(s)
        RenderSVGInlineText {#text} at (0,0) size 75x22
          chunk 1 text run 1 at (4500.00,220.00) startOffset 0 endOffset 11 width 75.00: "just a text"
      RenderSVGText {text} at (4600,203) size 75x22 contains 1 chunk(s)
        RenderSVGInlineText {#text} at (0,0) size 75x22
          chunk 1 text run 1 at (4600.00,220.00) startOffset 0 endOffset 11 width 75.00: "just a text"
      RenderSVGText {text} at (4700,203) size 75x22 contains 1 chunk(s)
        RenderSVGInlineText {#text} at (0,0) size 75x22
          chunk 1 text run 1 at (4700.00,220.00) startOffset 0 endOffset 11 width 75.00: "just a text"
      RenderSVGText {text} at (4800,203) size 75x22 contains 1 chunk(s)
        RenderSVGInlineText {#text} at (0,0) size 75x22
          chunk 1 text run 1 at (4800.00,220.00) startOffset 0 endOffset 11 width 75.00: "just a text"
      RenderSVGText {text} at (4900,203) size 75x22 contains 1 chunk(s)
        RenderSVGInlineText {#text} at (0,0) size 75x22
          chunk 1 text run 1 at (4900.00,220.00) startOffset 0 endOffset 11 width 75.00: "just a text"
      RenderSVGText {text} at (0,303) size 75x22 contains 1 chunk(s)
        RenderSVGInlineText {#text} at (0,0) size 75x22
          chunk 1 text run 1 at (0.00,320.00) startOffset 0 endOffset 11 width 75.00: "just a text"
      RenderSVGText {text} at (100,303) size 75x22 contains 1 chunk(s)
        RenderSVGInlineText {#text} at (0,0) size 75x22
          chunk 1 text run 1 at (100.00,320.00) startOffset 0 endOffset 11 width 75.00: "just a text"
      RenderSVGText {text} at (200,303) size 75x22 contains 1 chunk(s)
        RenderSVGInlineText {#text} at (0,0) size 75x22
          chunk 1 text run 1 at (200.00,320.00) startOffset 0 endOffset 11 width 75.00: "just a text"
      RenderSVGText {text} at (300,303) size 75x22 contains 1 chunk(s)
        RenderSVGInlineText {#text} at (0,0) size 75x22
          chunk 1 text run 1 at (300.00,320.00) startOffset 0 endOffset 11 width 75.00: "just a text"
      RenderSVGText {text} at (400,303) size 75x22 contains 1 chunk(s)
        RenderSVGInlineText {#text} at (0,0) size 75x22
          chunk 1 text run 1 at (400.00,320.00) startOffset 0 endOffset 11 width 75.00: "just a text"
      RenderSVGText {text} at (500,303) size 75x22 contains 1 chunk(s)
        RenderSVGInlineText {#text} at (0,0) size 75x22
          chunk 1 text run 1 at (500.00,320.00) startOffset 0 endOffset 11 width 75.00: "just a text"
      RenderSVGText {text} at (600,303) size 75x22 contains 1 chunk(s)
        RenderSVGInlineText {#text} at (0,0) size 75x22
          chunk 1 text run 1 at (600.00,320.00) startOffset 0 endOffset 11 width 75.00: "just a text"
      RenderSVGText {text} at (700,303) size 75x22 contains 1 chunk(s)
        RenderSVGInlineText {#text} at (0,0) size 75x22
          chunk 1 text run 1 at (700.00,320.00) startOffset 0 endOffset 11 width 75.00: "just a text"
      RenderSVGText {text} at (800,303) size 75x22 contains 1 chunk(s)
        RenderSVGInlineText {#text} at (0,0) size 75x22
          chunk 1 text run 1 at (800.00,320.00) startOffset 0 endOffset 11 width 75.00: "just a text"
      RenderSVGText {text} at (900,303) size 75x22 contains 1 chunk(s)
        RenderSVGInlineText {#text} at (0,0) size 75x22
          chunk 1 text run 1 at (900.00,320.00) startOffset 0 endOffset 11 width 75.00: "just a text"
      RenderSVGText {text} at (1000,303) size 75x22 contains 1 chunk(s)
        RenderSVGInlineText {#text} at (0,0) size 75x22
          chunk 1 text run 1 at (1000.00,320.00) startOffset 0 endOffset 11 width 75.00: "just a text"
      RenderSVGText {text} at (1100,303) size 75x22 contains 1 chunk(s)
        RenderSVGInlineText {#text} at (0,0) size 75x22
          chunk 1 text run 1 at (1100.00,320.00) startOffset 0 endOffset 11 width 75.00: "just a text"
      RenderSVGText {text} at (1200,303) size 75x22 contains 1 chunk(s)
        RenderSVGInlineText {#text} at (0,0) size 75x22
          chunk 1 text run 1 at (1200.00,320.00) startOffset 0 endOffset 11 width 75.00: "just a text"
      RenderSVGText {text} at (1300,303) size 75x22 contains 1 chunk(s)
        RenderSVGInlineText {#text} at (0,0) size 75x22
          chunk 1 text run 1 at (1300.00,320.00) startOffset 0 endOffset 11 width 75.00: "just a text"
      RenderSVGText {text} at (1400,303) size 75x22 contains 1 chunk(s)
        RenderSVGInlineText {#text} at (0,0) size 75x22
          chunk 1 text run 1 at (1400.00,320.00) startOffset 0 endOffset 11 width 75.00: "just a text"
      RenderSVGText {text} at (1500,303) size 75x22 contains 1 chunk(s)
        RenderSVGInlineText {#text} at (0,0) size 75x22
          chunk 1 text run 1 at (1500.00,320.00) startOffset 0 endOffset 11 width 75.00: "just a text"
      RenderSVGText {text} at (1600,303) size 75x22 contains 1 chunk(s)
        RenderSVGInlineText {#text} at (0,0) size 75x22
          chunk 1 text run 1 at (1600.00,320.00) startOffset 0 endOffset 11 width 75.00: "just a text"
      RenderSVGText {text} at (1700,303) size 75x22 contains 1 chunk(s)
        RenderSVGInlineText {#text} at (0,0) size 75x22
          chunk 1 text run 1 at (1700.00,320.00) startOffset 0 endOffset 11 width 75.00: "just a text"
      RenderSVGText {text} at (1800,303) size 75x22 contains 1 chunk(s)
        RenderSVGInlineText {#text} at (0,0) size 75x22
          chunk 1 text run 1 at (1800.00,320.00) startOffset 0 endOffset 11 width 75.00: "just a text"
      RenderSVGText {text} at (1900,303) size 75x22 contains 1 chunk(s)
        RenderSVGInlineText {#text} at (0,0) size 75x22
          chunk 1 text run 1 at (1900.00,320.00) startOffset 0 endOffset 11 width 75.00: "just a text"
      RenderSVGText {text} at (2000,303) size 75x22 contains 1 chunk(s)
        RenderSVGInlineText {#text} at (0,0) size 75x22
          chunk 1 text run 1 at (2000.00,320.00) startOffset 0 endOffset 11 width 75.00: "just a text"
      RenderSVGText {text} at (2100,303) size 75x22 contains 1 chunk(s)
        RenderSVGInlineText {#text} at (0,0) size 75x22
          chunk 1 text run 1 at (2100.00,320.00) startOffset 0 endOffset 11 width 75.00: "just a text"
      RenderSVGText {text} at (2200,303) size 75x22 contains 1 chunk(s)
        RenderSVGInlineText {#text} at (0,0) size 75x22
          chunk 1 text run 1 at (2200.00,320.00) startOffset 0 endOffset 11 width 75.00: "just a text"
      RenderSVGText {text} at (2300,303) size 75x22 contains 1 chunk(s)
        RenderSVGInlineText {#text} at (0,0) size 75x22
          chunk 1 text run 1 at (2300.00,320.00) startOffset 0 endOffset 11 width 75.00: "just a text"
      RenderSVGText {text} at (2400,303) size 75x22 contains 1 chunk(s)
        RenderSVGInlineText {#text} at (0,0) size 75x22
          chunk 1 text run 1 at (2400.00,320.00) startOffset 0 endOffset 11 width 75.00: "just a text"
      RenderSVGText {text} at (2500,303) size 75x22 contains 1 chunk(s)
        RenderSVGInlineText {#text} at (0,0) size 75x22
          chunk 1 text run 1 at (2500.00,320.00) startOffset 0 endOffset 11 width 75.00: "just a text"
      RenderSVGText {text} at (2600,303) size 75x22 contains 1 chunk(s)
        RenderSVGInlineText {#text} at (0,0) size 75x22
          chunk 1 text run 1 at (2600.00,320.00) startOffset 0 endOffset 11 width 75.00: "just a text"
      RenderSVGText {text} at (2700,303) size 75x22 contains 1 chunk(s)
        RenderSVGInlineText {#text} at (0,0) size 75x22
          chunk 1 text run 1 at (2700.00,320.00) startOffset 0 endOffset 11 width 75.00: "just a text"
      RenderSVGText {text} at (2800,303) size 75x22 contains 1 chunk(s)
        RenderSVGInlineText {#text} at (0,0) size 75x22
          chunk 1 text run 1 at (2800.00,320.00) startOffset 0 endOffset 11 width 75.00: "just a text"
      RenderSVGText {text} at (2900,303) size 75x22 contains 1 chunk(s)
        RenderSVGInlineText {#text} at (0,0) size 75x22
          chunk 1 text run 1 at (2900.00,320.00) startOffset 0 endOffset 11 width 75.00: "just a text"
      RenderSVGText {text} at (3000,303) size 75x22 contains 1 chunk(s)
        RenderSVGInlineText {#text} at (0,0) size 75x22
          chunk 1 text run 1 at (3000.00,320.00) startOffset 0 endOffset 11 width 75.00: "just a text"
      RenderSVGText {text} at (3100,303) size 75x22 contains 1 chunk(s)
        RenderSVGInlineText {#text} at (0,0) size 75x22
          chunk 1 text run 1 at (3100.00,320.00) startOffset 0 endOffset 11 width 75.00: "just a text"
      RenderSVGText {text} at (3200,303) size 75x22 contains 1 chunk(s)
        RenderSVGInlineText {#text} at (0,0) size 75x22
          chunk 1 text run 1 at (3200.00,320.00) startOffset 0 endOffset 11 width 75.00: "just a text"
      RenderSVGText {text} at (3300,303) size 75x22 contains 1 chunk(s)
        RenderSVGInlineText {#text} at (0,0) size 75x22
          chunk 1 text run 1 at (3300.00,320.00) startOffset 0 endOffset 11 width 75.00: "just a text"
      RenderSVGText {text} at (3400,303) size 75x22 contains 1 chunk(s)
        RenderSVGInlineText {#text} at (0,0) size 75x22
          chunk 1 text run 1 at (3400.00,320.00) startOffset 0 endOffset 11 width 75.00: "just a text"
      RenderSVGText {text} at (3500,303) size 75x22 contains 1 chunk(s)
        RenderSVGInlineText {#text} at (0,0) size 75x22
          chunk 1 text run 1 at (3500.00,320.00) startOffset 0 endOffset 11 width 75.00: "just a text"
      RenderSVGText {text} at (3600,303) size 75x22 contains 1 chunk(s)
        RenderSVGInlineText {#text} at (0,0) size 75x22
          chunk 1 text run 1 at (3600.00,320.00) startOffset 0 endOffset 11 width 75.00: "just a text"
      RenderSVGText {text} at (3700,303) size 75x22 contains 1 chunk(s)
        RenderSVGInlineText {#text} at (0,0) size 75x22
          chunk 1 text run 1 at (3700.00,320.00) startOffset 0 endOffset 11 width 75.00: "just a text"
      RenderSVGText {text} at (3800,303) size 75x22 contains 1 chunk(s)
        RenderSVGInlineText {#text} at (0,0) size 75x22
          chunk 1 text run 1 at (3800.00,320.00) startOffset 0 endOffset 11 width 75.00: "just a text"
      RenderSVGText {text} at (3900,303) size 75x22 contains 1 chunk(s)
        RenderSVGInlineText {#text} at (0,0) size 75x22
          chunk 1 text run 1 at (3900.00,320.00) startOffset 0 endOffset 11 width 75.00: "just a text"
      RenderSVGText {text} at (4000,303) size 75x22 contains 1 chunk(s)
        RenderSVGInlineText {#text} at (0,0) size 75x22
          chunk 1 text run 1 at (4000.00,320.00) startOffset 0 endOffset 11 width 75.00: "just a text"
      RenderSVGText {text} at (4100,303) size 75x22 contains 1 chunk(s)
        RenderSVGInlineText {#text} at (0,0) size 75x22
          chunk 1 text run 1 at (4100.00,320.00) startOffset 0 endOffset 11 width 75.00: "just a text"
      RenderSVGText {text} at (4200,303) size 75x22 contains 1 chunk(s)
        RenderSVGInlineText {#text} at (0,0) size 75x22
          chunk 1 text run 1 at (4200.00,320.00) startOffset 0 endOffset 11 width 75.00: "just a text"
      RenderSVGText {text} at (4300,303) size 75x22 contains 1 chunk(s)
        RenderSVGInlineText {#text} at (0,0) size 75x22
          chunk 1 text run 1 at (4300.00,320.00) startOffset 0 endOffset 11 width 75.00: "just a text"
      RenderSVGText {text} at (4400,303) size 75x22 contains 1 chunk(s)
        RenderSVGInlineText {#text} at (0,0) size 75x22
          chunk 1 text run 1 at (4400.00,320.00) startOffset 0 endOffset 11 width 75.00: "just a text"
      RenderSVGText {text} at (4500,303) size 75x22 contains 1 chunk(s)
        RenderSVGInlineText {#text} at (0,0) size 75x22
          chunk 1 text run 1 at (4500.00,320.00) startOffset 0 endOffset 11 width 75.00: "just a text"
      RenderSVGText {text} at (4600,303) size 75x22 contains 1 chunk(s)
        RenderSVGInlineText {#text} at (0,0) size 75x22
          chunk 1 text run 1 at (4600.00,320.00) startOffset 0 endOffset 11 width 75.00: "just a text"
      RenderSVGText {text} at (4700,303) size 75x22 contains 1 chunk(s)
        RenderSVGInlineText {#text} at (0,0) size 75x22
          chunk 1 text run 1 at (4700.00,320.00) startOffset 0 endOffset 11 width 75.00: "just a text"
      RenderSVGText {text} at (4800,303) size 75x22 contains 1 chunk(s)
        RenderSVGInlineText {#text} at (0,0) size 75x22
          chunk 1 text run 1 at (4800.00,320.00) startOffset 0 endOffset 11 width 75.00: "just a text"
      RenderSVGText {text} at (4900,303) size 75x22 contains 1 chunk(s)
        RenderSVGInlineText {#text} at (0,0) size 75x22
          chunk 1 text run 1 at (4900.00,320.00) startOffset 0 endOffset 11 width 75.00: "just a text"
      RenderSVGText {text} at (0,403) size 75x22 contains 1 chunk(s)
        RenderSVGInlineText {#text} at (0,0) size 75x22
          chunk 1 text run 1 at (0.00,420.00) startOffset 0 endOffset 11 width 75.00: "just a text"
      RenderSVGText {text} at (100,403) size 75x22 contains 1 chunk(s)
        RenderSVGInlineText {#text} at (0,0) size 75x22
          chunk 1 text run 1 at (100.00,420.00) startOffset 0 endOffset 11 width 75.00: "just a text"
      RenderSVGText {text} at (200,403) size 75x22 contains 1 chunk(s)
        RenderSVGInlineText {#text} at (0,0) size 75x22
          chunk 1 text run 1 at (200.00,420.00) startOffset 0 endOffset 11 width 75.00: "just a text"
      RenderSVGText {text} at (300,403) size 75x22 contains 1 chunk(s)
        RenderSVGInlineText {#text} at (0,0) size 75x22
          chunk 1 text run 1 at (300.00,420.00) startOffset 0 endOffset 11 width 75.00: "just a text"
      RenderSVGText {text} at (400,403) size 75x22 contains 1 chunk(s)
        RenderSVGInlineText {#text} at (0,0) size 75x22
          chunk 1 text run 1 at (400.00,420.00) startOffset 0 endOffset 11 width 75.00: "just a text"
      RenderSVGText {text} at (500,403) size 75x22 contains 1 chunk(s)
        RenderSVGInlineText {#text} at (0,0) size 75x22
          chunk 1 text run 1 at (500.00,420.00) startOffset 0 endOffset 11 width 75.00: "just a text"
      RenderSVGText {text} at (600,403) size 75x22 contains 1 chunk(s)
        RenderSVGInlineText {#text} at (0,0) size 75x22
          chunk 1 text run 1 at (600.00,420.00) startOffset 0 endOffset 11 width 75.00: "just a text"
      RenderSVGText {text} at (700,403) size 75x22 contains 1 chunk(s)
        RenderSVGInlineText {#text} at (0,0) size 75x22
          chunk 1 text run 1 at (700.00,420.00) startOffset 0 endOffset 11 width 75.00: "just a text"
      RenderSVGText {text} at (800,403) size 75x22 contains 1 chunk(s)
        RenderSVGInlineText {#text} at (0,0) size 75x22
          chunk 1 text run 1 at (800.00,420.00) startOffset 0 endOffset 11 width 75.00: "just a text"
      RenderSVGText {text} at (900,403) size 75x22 contains 1 chunk(s)
        RenderSVGInlineText {#text} at (0,0) size 75x22
          chunk 1 text run 1 at (900.00,420.00) startOffset 0 endOffset 11 width 75.00: "just a text"
      RenderSVGText {text} at (1000,403) size 75x22 contains 1 chunk(s)
        RenderSVGInlineText {#text} at (0,0) size 75x22
          chunk 1 text run 1 at (1000.00,420.00) startOffset 0 endOffset 11 width 75.00: "just a text"
      RenderSVGText {text} at (1100,403) size 75x22 contains 1 chunk(s)
        RenderSVGInlineText {#text} at (0,0) size 75x22
          chunk 1 text run 1 at (1100.00,420.00) startOffset 0 endOffset 11 width 75.00: "just a text"
      RenderSVGText {text} at (1200,403) size 75x22 contains 1 chunk(s)
        RenderSVGInlineText {#text} at (0,0) size 75x22
          chunk 1 text run 1 at (1200.00,420.00) startOffset 0 endOffset 11 width 75.00: "just a text"
      RenderSVGText {text} at (1300,403) size 75x22 contains 1 chunk(s)
        RenderSVGInlineText {#text} at (0,0) size 75x22
          chunk 1 text run 1 at (1300.00,420.00) startOffset 0 endOffset 11 width 75.00: "just a text"
      RenderSVGText {text} at (1400,403) size 75x22 contains 1 chunk(s)
        RenderSVGInlineText {#text} at (0,0) size 75x22
          chunk 1 text run 1 at (1400.00,420.00) startOffset 0 endOffset 11 width 75.00: "just a text"
      RenderSVGText {text} at (1500,403) size 75x22 contains 1 chunk(s)
        RenderSVGInlineText {#text} at (0,0) size 75x22
          chunk 1 text run 1 at (1500.00,420.00) startOffset 0 endOffset 11 width 75.00: "just a text"
      RenderSVGText {text} at (1600,403) size 75x22 contains 1 chunk(s)
        RenderSVGInlineText {#text} at (0,0) size 75x22
          chunk 1 text run 1 at (1600.00,420.00) startOffset 0 endOffset 11 width 75.00: "just a text"
      RenderSVGText {text} at (1700,403) size 75x22 contains 1 chunk(s)
        RenderSVGInlineText {#text} at (0,0) size 75x22
          chunk 1 text run 1 at (1700.00,420.00) startOffset 0 endOffset 11 width 75.00: "just a text"
      RenderSVGText {text} at (1800,403) size 75x22 contains 1 chunk(s)
        RenderSVGInlineText {#text} at (0,0) size 75x22
          chunk 1 text run 1 at (1800.00,420.00) startOffset 0 endOffset 11 width 75.00: "just a text"
      RenderSVGText {text} at (1900,403) size 75x22 contains 1 chunk(s)
        RenderSVGInlineText {#text} at (0,0) size 75x22
          chunk 1 text run 1 at (1900.00,420.00) startOffset 0 endOffset 11 width 75.00: "just a text"
      RenderSVGText {text} at (2000,403) size 75x22 contains 1 chunk(s)
        RenderSVGInlineText {#text} at (0,0) size 75x22
          chunk 1 text run 1 at (2000.00,420.00) startOffset 0 endOffset 11 width 75.00: "just a text"
      RenderSVGText {text} at (2100,403) size 75x22 contains 1 chunk(s)
        RenderSVGInlineText {#text} at (0,0) size 75x22
          chunk 1 text run 1 at (2100.00,420.00) startOffset 0 endOffset 11 width 75.00: "just a text"
      RenderSVGText {text} at (2200,403) size 75x22 contains 1 chunk(s)
        RenderSVGInlineText {#text} at (0,0) size 75x22
          chunk 1 text run 1 at (2200.00,420.00) startOffset 0 endOffset 11 width 75.00: "just a text"
      RenderSVGText {text} at (2300,403) size 75x22 contains 1 chunk(s)
        RenderSVGInlineText {#text} at (0,0) size 75x22
          chunk 1 text run 1 at (2300.00,420.00) startOffset 0 endOffset 11 width 75.00: "just a text"
      RenderSVGText {text} at (2400,403) size 75x22 contains 1 chunk(s)
        RenderSVGInlineText {#text} at (0,0) size 75x22
          chunk 1 text run 1 at (2400.00,420.00) startOffset 0 endOffset 11 width 75.00: "just a text"
      RenderSVGText {text} at (2500,403) size 75x22 contains 1 chunk(s)
        RenderSVGInlineText {#text} at (0,0) size 75x22
          chunk 1 text run 1 at (2500.00,420.00) startOffset 0 endOffset 11 width 75.00: "just a text"
      RenderSVGText {text} at (2600,403) size 75x22 contains 1 chunk(s)
        RenderSVGInlineText {#text} at (0,0) size 75x22
          chunk 1 text run 1 at (2600.00,420.00) startOffset 0 endOffset 11 width 75.00: "just a text"
      RenderSVGText {text} at (2700,403) size 75x22 contains 1 chunk(s)
        RenderSVGInlineText {#text} at (0,0) size 75x22
          chunk 1 text run 1 at (2700.00,420.00) startOffset 0 endOffset 11 width 75.00: "just a text"
      RenderSVGText {text} at (2800,403) size 75x22 contains 1 chunk(s)
        RenderSVGInlineText {#text} at (0,0) size 75x22
          chunk 1 text run 1 at (2800.00,420.00) startOffset 0 endOffset 11 width 75.00: "just a text"
      RenderSVGText {text} at (2900,403) size 75x22 contains 1 chunk(s)
        RenderSVGInlineText {#text} at (0,0) size 75x22
          chunk 1 text run 1 at (2900.00,420.00) startOffset 0 endOffset 11 width 75.00: "just a text"
      RenderSVGText {text} at (3000,403) size 75x22 contains 1 chunk(s)
        RenderSVGInlineText {#text} at (0,0) size 75x22
          chunk 1 text run 1 at (3000.00,420.00) startOffset 0 endOffset 11 width 75.00: "just a text"
      RenderSVGText {text} at (3100,403) size 75x22 contains 1 chunk(s)
        RenderSVGInlineText {#text} at (0,0) size 75x22
          chunk 1 text run 1 at (3100.00,420.00) startOffset 0 endOffset 11 width 75.00: "just a text"
      RenderSVGText {text} at (3200,403) size 75x22 contains 1 chunk(s)
        RenderSVGInlineText {#text} at (0,0) size 75x22
          chunk 1 text run 1 at (3200.00,420.00) startOffset 0 endOffset 11 width 75.00: "just a text"
      RenderSVGText {text} at (3300,403) size 75x22 contains 1 chunk(s)
        RenderSVGInlineText {#text} at (0,0) size 75x22
          chunk 1 text run 1 at (3300.00,420.00) startOffset 0 endOffset 11 width 75.00: "just a text"
      RenderSVGText {text} at (3400,403) size 75x22 contains 1 chunk(s)
        RenderSVGInlineText {#text} at (0,0) size 75x22
          chunk 1 text run 1 at (3400.00,420.00) startOffset 0 endOffset 11 width 75.00: "just a text"
      RenderSVGText {text} at (3500,403) size 75x22 contains 1 chunk(s)
        RenderSVGInlineText {#text} at (0,0) size 75x22
          chunk 1 text run 1 at (3500.00,420.00) startOffset 0 endOffset 11 width 75.00: "just a text"
      RenderSVGText {text} at (3600,403) size 75x22 contains 1 chunk(s)
        RenderSVGInlineText {#text} at (0,0) size 75x22
          chunk 1 text run 1 at (3600.00,420.00) startOffset 0 endOffset 11 width 75.00: "just a text"
      RenderSVGText {text} at (3700,403) size 75x22 contains 1 chunk(s)
        RenderSVGInlineText {#text} at (0,0) size 75x22
          chunk 1 text run 1 at (3700.00,420.00) startOffset 0 endOffset 11 width 75.00: "just a text"
      RenderSVGText {text} at (3800,403) size 75x22 contains 1 chunk(s)
        RenderSVGInlineText {#text} at (0,0) size 75x22
          chunk 1 text run 1 at (3800.00,420.00) startOffset 0 endOffset 11 width 75.00: "just a text"
      RenderSVGText {text} at (3900,403) size 75x22 contains 1 chunk(s)
        RenderSVGInlineText {#text} at (0,0) size 75x22
          chunk 1 text run 1 at (3900.00,420.00) startOffset 0 endOffset 11 width 75.00: "just a text"
      RenderSVGText {text} at (4000,403) size 75x22 contains 1 chunk(s)
        RenderSVGInlineText {#text} at (0,0) size 75x22
          chunk 1 text run 1 at (4000.00,420.00) startOffset 0 endOffset 11 width 75.00: "just a text"
      RenderSVGText {text} at (4100,403) size 75x22 contains 1 chunk(s)
        RenderSVGInlineText {#text} at (0,0) size 75x22
          chunk 1 text run 1 at (4100.00,420.00) startOffset 0 endOffset 11 width 75.00: "just a text"
      RenderSVGText {text} at (4200,403) size 75x22 contains 1 chunk(s)
        RenderSVGInlineText {#text} at (0,0) size 75x22
          chunk 1 text run 1 at (4200.00,420.00) startOffset 0 endOffset 11 width 75.00: "just a text"
      RenderSVGText {text} at (4300,403) size 75x22 contains 1 chunk(s)
        RenderSVGInlineText {#text} at (0,0) size 75x22
          chunk 1 text run 1 at (4300.00,420.00) startOffset 0 endOffset 11 width 75.00: "just a text"
      RenderSVGText {text} at (4400,403) size 75x22 contains 1 chunk(s)
        RenderSVGInlineText {#text} at (0,0) size 75x22
          chunk 1 text run 1 at (4400.00,420.00) startOffset 0 endOffset 11 width 75.00: "just a text"
      RenderSVGText {text} at (4500,403) size 75x22 contains 1 chunk(s)
        RenderSVGInlineText {#text} at (0,0) size 75x22
          chunk 1 text run 1 at (4500.00,420.00) startOffset 0 endOffset 11 width 75.00: "just a text"
      RenderSVGText {text} at (4600,403) size 75x22 contains 1 chunk(s)
        RenderSVGInlineText {#text} at (0,0) size 75x22
          chunk 1 text run 1 at (4600.00,420.00) startOffset 0 endOffset 11 width 75.00: "just a text"
      RenderSVGText {text} at (4700,403) size 75x22 contains 1 chunk(s)
        RenderSVGInlineText {#text} at (0,0) size 75x22
          chunk 1 text run 1 at (4700.00,420.00) startOffset 0 endOffset 11 width 75.00: "just a text"
      RenderSVGText {text} at (4800,403) size 75x22 contains 1 chunk(s)
        RenderSVGInlineText {#text} at (0,0) size 75x22
          chunk 1 text run 1 at (4800.00,420.00) startOffset 0 endOffset 11 width 75.00: "just a text"
      RenderSVGText {text} at (4900,403) size 75x22 contains 1 chunk(s)
        RenderSVGInlineText {#text} at (0,0) size 75x22
          chunk 1 text run 1 at (4900.00,420.00) startOffset 0 endOffset 11 width 75.00: "just a text"
      RenderSVGText {text} at (0,503) size 75x22 contains 1 chunk(s)
        RenderSVGInlineText {#text} at (0,0) size 75x22
          chunk 1 text run 1 at (0.00,520.00) startOffset 0 endOffset 11 width 75.00: "just a text"
      RenderSVGText {text} at (100,503) size 75x22 contains 1 chunk(s)
        RenderSVGInlineText {#text} at (0,0) size 75x22
          chunk 1 text run 1 at (100.00,520.00) startOffset 0 endOffset 11 width 75.00: "just a text"
      RenderSVGText {text} at (200,503) size 75x22 contains 1 chunk(s)
        RenderSVGInlineText {#text} at (0,0) size 75x22
          chunk 1 text run 1 at (200.00,520.00) startOffset 0 endOffset 11 width 75.00: "just a text"
      RenderSVGText {text} at (300,503) size 75x22 contains 1 chunk(s)
        RenderSVGInlineText {#text} at (0,0) size 75x22
          chunk 1 text run 1 at (300.00,520.00) startOffset 0 endOffset 11 width 75.00: "just a text"
      RenderSVGText {text} at (400,503) size 75x22 contains 1 chunk(s)
        RenderSVGInlineText {#text} at (0,0) size 75x22
          chunk 1 text run 1 at (400.00,520.00) startOffset 0 endOffset 11 width 75.00: "just a text"
      RenderSVGText {text} at (500,503) size 75x22 contains 1 chunk(s)
        RenderSVGInlineText {#text} at (0,0) size 75x22
          chunk 1 text run 1 at (500.00,520.00) startOffset 0 endOffset 11 width 75.00: "just a text"
      RenderSVGText {text} at (600,503) size 75x22 contains 1 chunk(s)
        RenderSVGInlineText {#text} at (0,0) size 75x22
          chunk 1 text run 1 at (600.00,520.00) startOffset 0 endOffset 11 width 75.00: "just a text"
      RenderSVGText {text} at (700,503) size 75x22 contains 1 chunk(s)
        RenderSVGInlineText {#text} at (0,0) size 75x22
          chunk 1 text run 1 at (700.00,520.00) startOffset 0 endOffset 11 width 75.00: "just a text"
      RenderSVGText {text} at (800,503) size 75x22 contains 1 chunk(s)
        RenderSVGInlineText {#text} at (0,0) size 75x22
          chunk 1 text run 1 at (800.00,520.00) startOffset 0 endOffset 11 width 75.00: "just a text"
      RenderSVGText {text} at (900,503) size 75x22 contains 1 chunk(s)
        RenderSVGInlineText {#text} at (0,0) size 75x22
          chunk 1 text run 1 at (900.00,520.00) startOffset 0 endOffset 11 width 75.00: "just a text"
      RenderSVGText {text} at (1000,503) size 75x22 contains 1 chunk(s)
        RenderSVGInlineText {#text} at (0,0) size 75x22
          chunk 1 text run 1 at (1000.00,520.00) startOffset 0 endOffset 11 width 75.00: "just a text"
      RenderSVGText {text} at (1100,503) size 75x22 contains 1 chunk(s)
        RenderSVGInlineText {#text} at (0,0) size 75x22
          chunk 1 text run 1 at (1100.00,520.00) startOffset 0 endOffset 11 width 75.00: "just a text"
      RenderSVGText {text} at (1200,503) size 75x22 contains 1 chunk(s)
        RenderSVGInlineText {#text} at (0,0) size 75x22
          chunk 1 text run 1 at (1200.00,520.00) startOffset 0 endOffset 11 width 75.00: "just a text"
      RenderSVGText {text} at (1300,503) size 75x22 contains 1 chunk(s)
        RenderSVGInlineText {#text} at (0,0) size 75x22
          chunk 1 text run 1 at (1300.00,520.00) startOffset 0 endOffset 11 width 75.00: "just a text"
      RenderSVGText {text} at (1400,503) size 75x22 contains 1 chunk(s)
        RenderSVGInlineText {#text} at (0,0) size 75x22
          chunk 1 text run 1 at (1400.00,520.00) startOffset 0 endOffset 11 width 75.00: "just a text"
      RenderSVGText {text} at (1500,503) size 75x22 contains 1 chunk(s)
        RenderSVGInlineText {#text} at (0,0) size 75x22
          chunk 1 text run 1 at (1500.00,520.00) startOffset 0 endOffset 11 width 75.00: "just a text"
      RenderSVGText {text} at (1600,503) size 75x22 contains 1 chunk(s)
        RenderSVGInlineText {#text} at (0,0) size 75x22
          chunk 1 text run 1 at (1600.00,520.00) startOffset 0 endOffset 11 width 75.00: "just a text"
      RenderSVGText {text} at (1700,503) size 75x22 contains 1 chunk(s)
        RenderSVGInlineText {#text} at (0,0) size 75x22
          chunk 1 text run 1 at (1700.00,520.00) startOffset 0 endOffset 11 width 75.00: "just a text"
      RenderSVGText {text} at (1800,503) size 75x22 contains 1 chunk(s)
        RenderSVGInlineText {#text} at (0,0) size 75x22
          chunk 1 text run 1 at (1800.00,520.00) startOffset 0 endOffset 11 width 75.00: "just a text"
      RenderSVGText {text} at (1900,503) size 75x22 contains 1 chunk(s)
        RenderSVGInlineText {#text} at (0,0) size 75x22
          chunk 1 text run 1 at (1900.00,520.00) startOffset 0 endOffset 11 width 75.00: "just a text"
      RenderSVGText {text} at (2000,503) size 75x22 contains 1 chunk(s)
        RenderSVGInlineText {#text} at (0,0) size 75x22
          chunk 1 text run 1 at (2000.00,520.00) startOffset 0 endOffset 11 width 75.00: "just a text"
      RenderSVGText {text} at (2100,503) size 75x22 contains 1 chunk(s)
        RenderSVGInlineText {#text} at (0,0) size 75x22
          chunk 1 text run 1 at (2100.00,520.00) startOffset 0 endOffset 11 width 75.00: "just a text"
      RenderSVGText {text} at (2200,503) size 75x22 contains 1 chunk(s)
        RenderSVGInlineText {#text} at (0,0) size 75x22
          chunk 1 text run 1 at (2200.00,520.00) startOffset 0 endOffset 11 width 75.00: "just a text"
      RenderSVGText {text} at (2300,503) size 75x22 contains 1 chunk(s)
        RenderSVGInlineText {#text} at (0,0) size 75x22
          chunk 1 text run 1 at (2300.00,520.00) startOffset 0 endOffset 11 width 75.00: "just a text"
      RenderSVGText {text} at (2400,503) size 75x22 contains 1 chunk(s)
        RenderSVGInlineText {#text} at (0,0) size 75x22
          chunk 1 text run 1 at (2400.00,520.00) startOffset 0 endOffset 11 width 75.00: "just a text"
      RenderSVGText {text} at (2500,503) size 75x22 contains 1 chunk(s)
        RenderSVGInlineText {#text} at (0,0) size 75x22
          chunk 1 text run 1 at (2500.00,520.00) startOffset 0 endOffset 11 width 75.00: "just a text"
      RenderSVGText {text} at (2600,503) size 75x22 contains 1 chunk(s)
        RenderSVGInlineText {#text} at (0,0) size 75x22
          chunk 1 text run 1 at (2600.00,520.00) startOffset 0 endOffset 11 width 75.00: "just a text"
      RenderSVGText {text} at (2700,503) size 75x22 contains 1 chunk(s)
        RenderSVGInlineText {#text} at (0,0) size 75x22
          chunk 1 text run 1 at (2700.00,520.00) startOffset 0 endOffset 11 width 75.00: "just a text"
      RenderSVGText {text} at (2800,503) size 75x22 contains 1 chunk(s)
        RenderSVGInlineText {#text} at (0,0) size 75x22
          chunk 1 text run 1 at (2800.00,520.00) startOffset 0 endOffset 11 width 75.00: "just a text"
      RenderSVGText {text} at (2900,503) size 75x22 contains 1 chunk(s)
        RenderSVGInlineText {#text} at (0,0) size 75x22
          chunk 1 text run 1 at (2900.00,520.00) startOffset 0 endOffset 11 width 75.00: "just a text"
      RenderSVGText {text} at (3000,503) size 75x22 contains 1 chunk(s)
        RenderSVGInlineText {#text} at (0,0) size 75x22
          chunk 1 text run 1 at (3000.00,520.00) startOffset 0 endOffset 11 width 75.00: "just a text"
      RenderSVGText {text} at (3100,503) size 75x22 contains 1 chunk(s)
        RenderSVGInlineText {#text} at (0,0) size 75x22
          chunk 1 text run 1 at (3100.00,520.00) startOffset 0 endOffset 11 width 75.00: "just a text"
      RenderSVGText {text} at (3200,503) size 75x22 contains 1 chunk(s)
        RenderSVGInlineText {#text} at (0,0) size 75x22
          chunk 1 text run 1 at (3200.00,520.00) startOffset 0 endOffset 11 width 75.00: "just a text"
      RenderSVGText {text} at (3300,503) size 75x22 contains 1 chunk(s)
        RenderSVGInlineText {#text} at (0,0) size 75x22
          chunk 1 text run 1 at (3300.00,520.00) startOffset 0 endOffset 11 width 75.00: "just a text"
      RenderSVGText {text} at (3400,503) size 75x22 contains 1 chunk(s)
        RenderSVGInlineText {#text} at (0,0) size 75x22
          chunk 1 text run 1 at (3400.00,520.00) startOffset 0 endOffset 11 width 75.00: "just a text"
      RenderSVGText {text} at (3500,503) size 75x22 contains 1 chunk(s)
        RenderSVGInlineText {#text} at (0,0) size 75x22
          chunk 1 text run 1 at (3500.00,520.00) startOffset 0 endOffset 11 width 75.00: "just a text"
      RenderSVGText {text} at (3600,503) size 75x22 contains 1 chunk(s)
        RenderSVGInlineText {#text} at (0,0) size 75x22
          chunk 1 text run 1 at (3600.00,520.00) startOffset 0 endOffset 11 width 75.00: "just a text"
      RenderSVGText {text} at (3700,503) size 75x22 contains 1 chunk(s)
        RenderSVGInlineText {#text} at (0,0) size 75x22
          chunk 1 text run 1 at (3700.00,520.00) startOffset 0 endOffset 11 width 75.00: "just a text"
      RenderSVGText {text} at (3800,503) size 75x22 contains 1 chunk(s)
        RenderSVGInlineText {#text} at (0,0) size 75x22
          chunk 1 text run 1 at (3800.00,520.00) startOffset 0 endOffset 11 width 75.00: "just a text"
      RenderSVGText {text} at (3900,503) size 75x22 contains 1 chunk(s)
        RenderSVGInlineText {#text} at (0,0) size 75x22
          chunk 1 text run 1 at (3900.00,520.00) startOffset 0 endOffset 11 width 75.00: "just a text"
      RenderSVGText {text} at (4000,503) size 75x22 contains 1 chunk(s)
        RenderSVGInlineText {#text} at (0,0) size 75x22
          chunk 1 text run 1 at (4000.00,520.00) startOffset 0 endOffset 11 width 75.00: "just a text"
      RenderSVGText {text} at (4100,503) size 75x22 contains 1 chunk(s)
        RenderSVGInlineText {#text} at (0,0) size 75x22
          chunk 1 text run 1 at (4100.00,520.00) startOffset 0 endOffset 11 width 75.00: "just a text"
      RenderSVGText {text} at (4200,503) size 75x22 contains 1 chunk(s)
        RenderSVGInlineText {#text} at (0,0) size 75x22
          chunk 1 text run 1 at (4200.00,520.00) startOffset 0 endOffset 11 width 75.00: "just a text"
      RenderSVGText {text} at (4300,503) size 75x22 contains 1 chunk(s)
        RenderSVGInlineText {#text} at (0,0) size 75x22
          chunk 1 text run 1 at (4300.00,520.00) startOffset 0 endOffset 11 width 75.00: "just a text"
      RenderSVGText {text} at (4400,503) size 75x22 contains 1 chunk(s)
        RenderSVGInlineText {#text} at (0,0) size 75x22
          chunk 1 text run 1 at (4400.00,520.00) startOffset 0 endOffset 11 width 75.00: "just a text"
      RenderSVGText {text} at (4500,503) size 75x22 contains 1 chunk(s)
        RenderSVGInlineText {#text} at (0,0) size 75x22
          chunk 1 text run 1 at (4500.00,520.00) startOffset 0 endOffset 11 width 75.00: "just a text"
      RenderSVGText {text} at (4600,503) size 75x22 contains 1 chunk(s)
        RenderSVGInlineText {#text} at (0,0) size 75x22
          chunk 1 text run 1 at (4600.00,520.00) startOffset 0 endOffset 11 width 75.00: "just a text"
      RenderSVGText {text} at (4700,503) size 75x22 contains 1 chunk(s)
        RenderSVGInlineText {#text} at (0,0) size 75x22
          chunk 1 text run 1 at (4700.00,520.00) startOffset 0 endOffset 11 width 75.00: "just a text"
      RenderSVGText {text} at (4800,503) size 75x22 contains 1 chunk(s)
        RenderSVGInlineText {#text} at (0,0) size 75x22
          chunk 1 text run 1 at (4800.00,520.00) startOffset 0 endOffset 11 width 75.00: "just a text"
      RenderSVGText {text} at (4900,503) size 75x22 contains 1 chunk(s)
        RenderSVGInlineText {#text} at (0,0) size 75x22
          chunk 1 text run 1 at (4900.00,520.00) startOffset 0 endOffset 11 width 75.00: "just a text"
      RenderSVGText {text} at (0,603) size 75x22 contains 1 chunk(s)
        RenderSVGInlineText {#text} at (0,0) size 75x22
          chunk 1 text run 1 at (0.00,620.00) startOffset 0 endOffset 11 width 75.00: "just a text"
      RenderSVGText {text} at (100,603) size 75x22 contains 1 chunk(s)
        RenderSVGInlineText {#text} at (0,0) size 75x22
          chunk 1 text run 1 at (100.00,620.00) startOffset 0 endOffset 11 width 75.00: "just a text"
      RenderSVGText {text} at (200,603) size 75x22 contains 1 chunk(s)
        RenderSVGInlineText {#text} at (0,0) size 75x22
          chunk 1 text run 1 at (200.00,620.00) startOffset 0 endOffset 11 width 75.00: "just a text"
      RenderSVGText {text} at (300,603) size 75x22 contains 1 chunk(s)
        RenderSVGInlineText {#text} at (0,0) size 75x22
          chunk 1 text run 1 at (300.00,620.00) startOffset 0 endOffset 11 width 75.00: "just a text"
      RenderSVGText {text} at (400,603) size 75x22 contains 1 chunk(s)
        RenderSVGInlineText {#text} at (0,0) size 75x22
          chunk 1 text run 1 at (400.00,620.00) startOffset 0 endOffset 11 width 75.00: "just a text"
      RenderSVGText {text} at (500,603) size 75x22 contains 1 chunk(s)
        RenderSVGInlineText {#text} at (0,0) size 75x22
          chunk 1 text run 1 at (500.00,620.00) startOffset 0 endOffset 11 width 75.00: "just a text"
      RenderSVGText {text} at (600,603) size 75x22 contains 1 chunk(s)
        RenderSVGInlineText {#text} at (0,0) size 75x22
          chunk 1 text run 1 at (600.00,620.00) startOffset 0 endOffset 11 width 75.00: "just a text"
      RenderSVGText {text} at (700,603) size 75x22 contains 1 chunk(s)
        RenderSVGInlineText {#text} at (0,0) size 75x22
          chunk 1 text run 1 at (700.00,620.00) startOffset 0 endOffset 11 width 75.00: "just a text"
      RenderSVGText {text} at (800,603) size 75x22 contains 1 chunk(s)
        RenderSVGInlineText {#text} at (0,0) size 75x22
          chunk 1 text run 1 at (800.00,620.00) startOffset 0 endOffset 11 width 75.00: "just a text"
      RenderSVGText {text} at (900,603) size 75x22 contains 1 chunk(s)
        RenderSVGInlineText {#text} at (0,0) size 75x22
          chunk 1 text run 1 at (900.00,620.00) startOffset 0 endOffset 11 width 75.00: "just a text"
      RenderSVGText {text} at (1000,603) size 75x22 contains 1 chunk(s)
        RenderSVGInlineText {#text} at (0,0) size 75x22
          chunk 1 text run 1 at (1000.00,620.00) startOffset 0 endOffset 11 width 75.00: "just a text"
      RenderSVGText {text} at (1100,603) size 75x22 contains 1 chunk(s)
        RenderSVGInlineText {#text} at (0,0) size 75x22
          chunk 1 text run 1 at (1100.00,620.00) startOffset 0 endOffset 11 width 75.00: "just a text"
      RenderSVGText {text} at (1200,603) size 75x22 contains 1 chunk(s)
        RenderSVGInlineText {#text} at (0,0) size 75x22
          chunk 1 text run 1 at (1200.00,620.00) startOffset 0 endOffset 11 width 75.00: "just a text"
      RenderSVGText {text} at (1300,603) size 75x22 contains 1 chunk(s)
        RenderSVGInlineText {#text} at (0,0) size 75x22
          chunk 1 text run 1 at (1300.00,620.00) startOffset 0 endOffset 11 width 75.00: "just a text"
      RenderSVGText {text} at (1400,603) size 75x22 contains 1 chunk(s)
        RenderSVGInlineText {#text} at (0,0) size 75x22
          chunk 1 text run 1 at (1400.00,620.00) startOffset 0 endOffset 11 width 75.00: "just a text"
      RenderSVGText {text} at (1500,603) size 75x22 contains 1 chunk(s)
        RenderSVGInlineText {#text} at (0,0) size 75x22
          chunk 1 text run 1 at (1500.00,620.00) startOffset 0 endOffset 11 width 75.00: "just a text"
      RenderSVGText {text} at (1600,603) size 75x22 contains 1 chunk(s)
        RenderSVGInlineText {#text} at (0,0) size 75x22
          chunk 1 text run 1 at (1600.00,620.00) startOffset 0 endOffset 11 width 75.00: "just a text"
      RenderSVGText {text} at (1700,603) size 75x22 contains 1 chunk(s)
        RenderSVGInlineText {#text} at (0,0) size 75x22
          chunk 1 text run 1 at (1700.00,620.00) startOffset 0 endOffset 11 width 75.00: "just a text"
      RenderSVGText {text} at (1800,603) size 75x22 contains 1 chunk(s)
        RenderSVGInlineText {#text} at (0,0) size 75x22
          chunk 1 text run 1 at (1800.00,620.00) startOffset 0 endOffset 11 width 75.00: "just a text"
      RenderSVGText {text} at (1900,603) size 75x22 contains 1 chunk(s)
        RenderSVGInlineText {#text} at (0,0) size 75x22
          chunk 1 text run 1 at (1900.00,620.00) startOffset 0 endOffset 11 width 75.00: "just a text"
      RenderSVGText {text} at (2000,603) size 75x22 contains 1 chunk(s)
        RenderSVGInlineText {#text} at (0,0) size 75x22
          chunk 1 text run 1 at (2000.00,620.00) startOffset 0 endOffset 11 width 75.00: "just a text"
      RenderSVGText {text} at (2100,603) size 75x22 contains 1 chunk(s)
        RenderSVGInlineText {#text} at (0,0) size 75x22
          chunk 1 text run 1 at (2100.00,620.00) startOffset 0 endOffset 11 width 75.00: "just a text"
      RenderSVGText {text} at (2200,603) size 75x22 contains 1 chunk(s)
        RenderSVGInlineText {#text} at (0,0) size 75x22
          chunk 1 text run 1 at (2200.00,620.00) startOffset 0 endOffset 11 width 75.00: "just a text"
      RenderSVGText {text} at (2300,603) size 75x22 contains 1 chunk(s)
        RenderSVGInlineText {#text} at (0,0) size 75x22
          chunk 1 text run 1 at (2300.00,620.00) startOffset 0 endOffset 11 width 75.00: "just a text"
      RenderSVGText {text} at (2400,603) size 75x22 contains 1 chunk(s)
        RenderSVGInlineText {#text} at (0,0) size 75x22
          chunk 1 text run 1 at (2400.00,620.00) startOffset 0 endOffset 11 width 75.00: "just a text"
      RenderSVGText {text} at (2500,603) size 75x22 contains 1 chunk(s)
        RenderSVGInlineText {#text} at (0,0) size 75x22
          chunk 1 text run 1 at (2500.00,620.00) startOffset 0 endOffset 11 width 75.00: "just a text"
      RenderSVGText {text} at (2600,603) size 75x22 contains 1 chunk(s)
        RenderSVGInlineText {#text} at (0,0) size 75x22
          chunk 1 text run 1 at (2600.00,620.00) startOffset 0 endOffset 11 width 75.00: "just a text"
      RenderSVGText {text} at (2700,603) size 75x22 contains 1 chunk(s)
        RenderSVGInlineText {#text} at (0,0) size 75x22
          chunk 1 text run 1 at (2700.00,620.00) startOffset 0 endOffset 11 width 75.00: "just a text"
      RenderSVGText {text} at (2800,603) size 75x22 contains 1 chunk(s)
        RenderSVGInlineText {#text} at (0,0) size 75x22
          chunk 1 text run 1 at (2800.00,620.00) startOffset 0 endOffset 11 width 75.00: "just a text"
      RenderSVGText {text} at (2900,603) size 75x22 contains 1 chunk(s)
        RenderSVGInlineText {#text} at (0,0) size 75x22
          chunk 1 text run 1 at (2900.00,620.00) startOffset 0 endOffset 11 width 75.00: "just a text"
      RenderSVGText {text} at (3000,603) size 75x22 contains 1 chunk(s)
        RenderSVGInlineText {#text} at (0,0) size 75x22
          chunk 1 text run 1 at (3000.00,620.00) startOffset 0 endOffset 11 width 75.00: "just a text"
      RenderSVGText {text} at (3100,603) size 75x22 contains 1 chunk(s)
        RenderSVGInlineText {#text} at (0,0) size 75x22
          chunk 1 text run 1 at (3100.00,620.00) startOffset 0 endOffset 11 width 75.00: "just a text"
      RenderSVGText {text} at (3200,603) size 75x22 contains 1 chunk(s)
        RenderSVGInlineText {#text} at (0,0) size 75x22
          chunk 1 text run 1 at (3200.00,620.00) startOffset 0 endOffset 11 width 75.00: "just a text"
      RenderSVGText {text} at (3300,603) size 75x22 contains 1 chunk(s)
        RenderSVGInlineText {#text} at (0,0) size 75x22
          chunk 1 text run 1 at (3300.00,620.00) startOffset 0 endOffset 11 width 75.00: "just a text"
      RenderSVGText {text} at (3400,603) size 75x22 contains 1 chunk(s)
        RenderSVGInlineText {#text} at (0,0) size 75x22
          chunk 1 text run 1 at (3400.00,620.00) startOffset 0 endOffset 11 width 75.00: "just a text"
      RenderSVGText {text} at (3500,603) size 75x22 contains 1 chunk(s)
        RenderSVGInlineText {#text} at (0,0) size 75x22
          chunk 1 text run 1 at (3500.00,620.00) startOffset 0 endOffset 11 width 75.00: "just a text"
      RenderSVGText {text} at (3600,603) size 75x22 contains 1 chunk(s)
        RenderSVGInlineText {#text} at (0,0) size 75x22
          chunk 1 text run 1 at (3600.00,620.00) startOffset 0 endOffset 11 width 75.00: "just a text"
      RenderSVGText {text} at (3700,603) size 75x22 contains 1 chunk(s)
        RenderSVGInlineText {#text} at (0,0) size 75x22
          chunk 1 text run 1 at (3700.00,620.00) startOffset 0 endOffset 11 width 75.00: "just a text"
      RenderSVGText {text} at (3800,603) size 75x22 contains 1 chunk(s)
        RenderSVGInlineText {#text} at (0,0) size 75x22
          chunk 1 text run 1 at (3800.00,620.00) startOffset 0 endOffset 11 width 75.00: "just a text"
      RenderSVGText {text} at (3900,603) size 75x22 contains 1 chunk(s)
        RenderSVGInlineText {#text} at (0,0) size 75x22
          chunk 1 text run 1 at (3900.00,620.00) startOffset 0 endOffset 11 width 75.00: "just a text"
      RenderSVGText {text} at (4000,603) size 75x22 contains 1 chunk(s)
        RenderSVGInlineText {#text} at (0,0) size 75x22
          chunk 1 text run 1 at (4000.00,620.00) startOffset 0 endOffset 11 width 75.00: "just a text"
      RenderSVGText {text} at (4100,603) size 75x22 contains 1 chunk(s)
        RenderSVGInlineText {#text} at (0,0) size 75x22
          chunk 1 text run 1 at (4100.00,620.00) startOffset 0 endOffset 11 width 75.00: "just a text"
      RenderSVGText {text} at (4200,603) size 75x22 contains 1 chunk(s)
        RenderSVGInlineText {#text} at (0,0) size 75x22
          chunk 1 text run 1 at (4200.00,620.00) startOffset 0 endOffset 11 width 75.00: "just a text"
      RenderSVGText {text} at (4300,603) size 75x22 contains 1 chunk(s)
        RenderSVGInlineText {#text} at (0,0) size 75x22
          chunk 1 text run 1 at (4300.00,620.00) startOffset 0 endOffset 11 width 75.00: "just a text"
      RenderSVGText {text} at (4400,603) size 75x22 contains 1 chunk(s)
        RenderSVGInlineText {#text} at (0,0) size 75x22
          chunk 1 text run 1 at (4400.00,620.00) startOffset 0 endOffset 11 width 75.00: "just a text"
      RenderSVGText {text} at (4500,603) size 75x22 contains 1 chunk(s)
        RenderSVGInlineText {#text} at (0,0) size 75x22
          chunk 1 text run 1 at (4500.00,620.00) startOffset 0 endOffset 11 width 75.00: "just a text"
      RenderSVGText {text} at (4600,603) size 75x22 contains 1 chunk(s)
        RenderSVGInlineText {#text} at (0,0) size 75x22
          chunk 1 text run 1 at (4600.00,620.00) startOffset 0 endOffset 11 width 75.00: "just a text"
      RenderSVGText {text} at (4700,603) size 75x22 contains 1 chunk(s)
        RenderSVGInlineText {#text} at (0,0) size 75x22
          chunk 1 text run 1 at (4700.00,620.00) startOffset 0 endOffset 11 width 75.00: "just a text"
      RenderSVGText {text} at (4800,603) size 75x22 contains 1 chunk(s)
        RenderSVGInlineText {#text} at (0,0) size 75x22
          chunk 1 text run 1 at (4800.00,620.00) startOffset 0 endOffset 11 width 75.00: "just a text"
      RenderSVGText {text} at (4900,603) size 75x22 contains 1 chunk(s)
        RenderSVGInlineText {#text} at (0,0) size 75x22
          chunk 1 text run 1 at (4900.00,620.00) startOffset 0 endOffset 11 width 75.00: "just a text"
      RenderSVGText {text} at (0,703) size 75x22 contains 1 chunk(s)
        RenderSVGInlineText {#text} at (0,0) size 75x22
          chunk 1 text run 1 at (0.00,720.00) startOffset 0 endOffset 11 width 75.00: "just a text"
      RenderSVGText {text} at (100,703) size 75x22 contains 1 chunk(s)
        RenderSVGInlineText {#text} at (0,0) size 75x22
          chunk 1 text run 1 at (100.00,720.00) startOffset 0 endOffset 11 width 75.00: "just a text"
      RenderSVGText {text} at (200,703) size 75x22 contains 1 chunk(s)
        RenderSVGInlineText {#text} at (0,0) size 75x22
          chunk 1 text run 1 at (200.00,720.00) startOffset 0 endOffset 11 width 75.00: "just a text"
      RenderSVGText {text} at (300,703) size 75x22 contains 1 chunk(s)
        RenderSVGInlineText {#text} at (0,0) size 75x22
          chunk 1 text run 1 at (300.00,720.00) startOffset 0 endOffset 11 width 75.00: "just a text"
      RenderSVGText {text} at (400,703) size 75x22 contains 1 chunk(s)
        RenderSVGInlineText {#text} at (0,0) size 75x22
          chunk 1 text run 1 at (400.00,720.00) startOffset 0 endOffset 11 width 75.00: "just a text"
      RenderSVGText {text} at (500,703) size 75x22 contains 1 chunk(s)
        RenderSVGInlineText {#text} at (0,0) size 75x22
          chunk 1 text run 1 at (500.00,720.00) startOffset 0 endOffset 11 width 75.00: "just a text"
      RenderSVGText {text} at (600,703) size 75x22 contains 1 chunk(s)
        RenderSVGInlineText {#text} at (0,0) size 75x22
          chunk 1 text run 1 at (600.00,720.00) startOffset 0 endOffset 11 width 75.00: "just a text"
      RenderSVGText {text} at (700,703) size 75x22 contains 1 chunk(s)
        RenderSVGInlineText {#text} at (0,0) size 75x22
          chunk 1 text run 1 at (700.00,720.00) startOffset 0 endOffset 11 width 75.00: "just a text"
      RenderSVGText {text} at (800,703) size 75x22 contains 1 chunk(s)
        RenderSVGInlineText {#text} at (0,0) size 75x22
          chunk 1 text run 1 at (800.00,720.00) startOffset 0 endOffset 11 width 75.00: "just a text"
      RenderSVGText {text} at (900,703) size 75x22 contains 1 chunk(s)
        RenderSVGInlineText {#text} at (0,0) size 75x22
          chunk 1 text run 1 at (900.00,720.00) startOffset 0 endOffset 11 width 75.00: "just a text"
      RenderSVGText {text} at (1000,703) size 75x22 contains 1 chunk(s)
        RenderSVGInlineText {#text} at (0,0) size 75x22
          chunk 1 text run 1 at (1000.00,720.00) startOffset 0 endOffset 11 width 75.00: "just a text"
      RenderSVGText {text} at (1100,703) size 75x22 contains 1 chunk(s)
        RenderSVGInlineText {#text} at (0,0) size 75x22
          chunk 1 text run 1 at (1100.00,720.00) startOffset 0 endOffset 11 width 75.00: "just a text"
      RenderSVGText {text} at (1200,703) size 75x22 contains 1 chunk(s)
        RenderSVGInlineText {#text} at (0,0) size 75x22
          chunk 1 text run 1 at (1200.00,720.00) startOffset 0 endOffset 11 width 75.00: "just a text"
      RenderSVGText {text} at (1300,703) size 75x22 contains 1 chunk(s)
        RenderSVGInlineText {#text} at (0,0) size 75x22
          chunk 1 text run 1 at (1300.00,720.00) startOffset 0 endOffset 11 width 75.00: "just a text"
      RenderSVGText {text} at (1400,703) size 75x22 contains 1 chunk(s)
        RenderSVGInlineText {#text} at (0,0) size 75x22
          chunk 1 text run 1 at (1400.00,720.00) startOffset 0 endOffset 11 width 75.00: "just a text"
      RenderSVGText {text} at (1500,703) size 75x22 contains 1 chunk(s)
        RenderSVGInlineText {#text} at (0,0) size 75x22
          chunk 1 text run 1 at (1500.00,720.00) startOffset 0 endOffset 11 width 75.00: "just a text"
      RenderSVGText {text} at (1600,703) size 75x22 contains 1 chunk(s)
        RenderSVGInlineText {#text} at (0,0) size 75x22
          chunk 1 text run 1 at (1600.00,720.00) startOffset 0 endOffset 11 width 75.00: "just a text"
      RenderSVGText {text} at (1700,703) size 75x22 contains 1 chunk(s)
        RenderSVGInlineText {#text} at (0,0) size 75x22
          chunk 1 text run 1 at (1700.00,720.00) startOffset 0 endOffset 11 width 75.00: "just a text"
      RenderSVGText {text} at (1800,703) size 75x22 contains 1 chunk(s)
        RenderSVGInlineText {#text} at (0,0) size 75x22
          chunk 1 text run 1 at (1800.00,720.00) startOffset 0 endOffset 11 width 75.00: "just a text"
      RenderSVGText {text} at (1900,703) size 75x22 contains 1 chunk(s)
        RenderSVGInlineText {#text} at (0,0) size 75x22
          chunk 1 text run 1 at (1900.00,720.00) startOffset 0 endOffset 11 width 75.00: "just a text"
      RenderSVGText {text} at (2000,703) size 75x22 contains 1 chunk(s)
        RenderSVGInlineText {#text} at (0,0) size 75x22
          chunk 1 text run 1 at (2000.00,720.00) startOffset 0 endOffset 11 width 75.00: "just a text"
      RenderSVGText {text} at (2100,703) size 75x22 contains 1 chunk(s)
        RenderSVGInlineText {#text} at (0,0) size 75x22
          chunk 1 text run 1 at (2100.00,720.00) startOffset 0 endOffset 11 width 75.00: "just a text"
      RenderSVGText {text} at (2200,703) size 75x22 contains 1 chunk(s)
        RenderSVGInlineText {#text} at (0,0) size 75x22
          chunk 1 text run 1 at (2200.00,720.00) startOffset 0 endOffset 11 width 75.00: "just a text"
      RenderSVGText {text} at (2300,703) size 75x22 contains 1 chunk(s)
        RenderSVGInlineText {#text} at (0,0) size 75x22
          chunk 1 text run 1 at (2300.00,720.00) startOffset 0 endOffset 11 width 75.00: "just a text"
      RenderSVGText {text} at (2400,703) size 75x22 contains 1 chunk(s)
        RenderSVGInlineText {#text} at (0,0) size 75x22
          chunk 1 text run 1 at (2400.00,720.00) startOffset 0 endOffset 11 width 75.00: "just a text"
      RenderSVGText {text} at (2500,703) size 75x22 contains 1 chunk(s)
        RenderSVGInlineText {#text} at (0,0) size 75x22
          chunk 1 text run 1 at (2500.00,720.00) startOffset 0 endOffset 11 width 75.00: "just a text"
      RenderSVGText {text} at (2600,703) size 75x22 contains 1 chunk(s)
        RenderSVGInlineText {#text} at (0,0) size 75x22
          chunk 1 text run 1 at (2600.00,720.00) startOffset 0 endOffset 11 width 75.00: "just a text"
      RenderSVGText {text} at (2700,703) size 75x22 contains 1 chunk(s)
        RenderSVGInlineText {#text} at (0,0) size 75x22
          chunk 1 text run 1 at (2700.00,720.00) startOffset 0 endOffset 11 width 75.00: "just a text"
      RenderSVGText {text} at (2800,703) size 75x22 contains 1 chunk(s)
        RenderSVGInlineText {#text} at (0,0) size 75x22
          chunk 1 text run 1 at (2800.00,720.00) startOffset 0 endOffset 11 width 75.00: "just a text"
      RenderSVGText {text} at (2900,703) size 75x22 contains 1 chunk(s)
        RenderSVGInlineText {#text} at (0,0) size 75x22
          chunk 1 text run 1 at (2900.00,720.00) startOffset 0 endOffset 11 width 75.00: "just a text"
      RenderSVGText {text} at (3000,703) size 75x22 contains 1 chunk(s)
        RenderSVGInlineText {#text} at (0,0) size 75x22
          chunk 1 text run 1 at (3000.00,720.00) startOffset 0 endOffset 11 width 75.00: "just a text"
      RenderSVGText {text} at (3100,703) size 75x22 contains 1 chunk(s)
        RenderSVGInlineText {#text} at (0,0) size 75x22
          chunk 1 text run 1 at (3100.00,720.00) startOffset 0 endOffset 11 width 75.00: "just a text"
      RenderSVGText {text} at (3200,703) size 75x22 contains 1 chunk(s)
        RenderSVGInlineText {#text} at (0,0) size 75x22
          chunk 1 text run 1 at (3200.00,720.00) startOffset 0 endOffset 11 width 75.00: "just a text"
      RenderSVGText {text} at (3300,703) size 75x22 contains 1 chunk(s)
        RenderSVGInlineText {#text} at (0,0) size 75x22
          chunk 1 text run 1 at (3300.00,720.00) startOffset 0 endOffset 11 width 75.00: "just a text"
      RenderSVGText {text} at (3400,703) size 75x22 contains 1 chunk(s)
        RenderSVGInlineText {#text} at (0,0) size 75x22
          chunk 1 text run 1 at (3400.00,720.00) startOffset 0 endOffset 11 width 75.00: "just a text"
      RenderSVGText {text} at (3500,703) size 75x22 contains 1 chunk(s)
        RenderSVGInlineText {#text} at (0,0) size 75x22
          chunk 1 text run 1 at (3500.00,720.00) startOffset 0 endOffset 11 width 75.00: "just a text"
      RenderSVGText {text} at (3600,703) size 75x22 contains 1 chunk(s)
        RenderSVGInlineText {#text} at (0,0) size 75x22
          chunk 1 text run 1 at (3600.00,720.00) startOffset 0 endOffset 11 width 75.00: "just a text"
      RenderSVGText {text} at (3700,703) size 75x22 contains 1 chunk(s)
        RenderSVGInlineText {#text} at (0,0) size 75x22
          chunk 1 text run 1 at (3700.00,720.00) startOffset 0 endOffset 11 width 75.00: "just a text"
      RenderSVGText {text} at (3800,703) size 75x22 contains 1 chunk(s)
        RenderSVGInlineText {#text} at (0,0) size 75x22
          chunk 1 text run 1 at (3800.00,720.00) startOffset 0 endOffset 11 width 75.00: "just a text"
      RenderSVGText {text} at (3900,703) size 75x22 contains 1 chunk(s)
        RenderSVGInlineText {#text} at (0,0) size 75x22
          chunk 1 text run 1 at (3900.00,720.00) startOffset 0 endOffset 11 width 75.00: "just a text"
      RenderSVGText {text} at (4000,703) size 75x22 contains 1 chunk(s)
        RenderSVGInlineText {#text} at (0,0) size 75x22
          chunk 1 text run 1 at (4000.00,720.00) startOffset 0 endOffset 11 width 75.00: "just a text"
      RenderSVGText {text} at (4100,703) size 75x22 contains 1 chunk(s)
        RenderSVGInlineText {#text} at (0,0) size 75x22
          chunk 1 text run 1 at (4100.00,720.00) startOffset 0 endOffset 11 width 75.00: "just a text"
      RenderSVGText {text} at (4200,703) size 75x22 contains 1 chunk(s)
        RenderSVGInlineText {#text} at (0,0) size 75x22
          chunk 1 text run 1 at (4200.00,720.00) startOffset 0 endOffset 11 width 75.00: "just a text"
      RenderSVGText {text} at (4300,703) size 75x22 contains 1 chunk(s)
        RenderSVGInlineText {#text} at (0,0) size 75x22
          chunk 1 text run 1 at (4300.00,720.00) startOffset 0 endOffset 11 width 75.00: "just a text"
      RenderSVGText {text} at (4400,703) size 75x22 contains 1 chunk(s)
        RenderSVGInlineText {#text} at (0,0) size 75x22
          chunk 1 text run 1 at (4400.00,720.00) startOffset 0 endOffset 11 width 75.00: "just a text"
      RenderSVGText {text} at (4500,703) size 75x22 contains 1 chunk(s)
        RenderSVGInlineText {#text} at (0,0) size 75x22
          chunk 1 text run 1 at (4500.00,720.00) startOffset 0 endOffset 11 width 75.00: "just a text"
      RenderSVGText {text} at (4600,703) size 75x22 contains 1 chunk(s)
        RenderSVGInlineText {#text} at (0,0) size 75x22
          chunk 1 text run 1 at (4600.00,720.00) startOffset 0 endOffset 11 width 75.00: "just a text"
      RenderSVGText {text} at (4700,703) size 75x22 contains 1 chunk(s)
        RenderSVGInlineText {#text} at (0,0) size 75x22
          chunk 1 text run 1 at (4700.00,720.00) startOffset 0 endOffset 11 width 75.00: "just a text"
      RenderSVGText {text} at (4800,703) size 75x22 contains 1 chunk(s)
        RenderSVGInlineText {#text} at (0,0) size 75x22
          chunk 1 text run 1 at (4800.00,720.00) startOffset 0 endOffset 11 width 75.00: "just a text"
      RenderSVGText {text} at (4900,703) size 75x22 contains 1 chunk(s)
        RenderSVGInlineText {#text} at (0,0) size 75x22
          chunk 1 text run 1 at (4900.00,720.00) startOffset 0 endOffset 11 width 75.00: "just a text"
      RenderSVGText {text} at (0,803) size 75x22 contains 1 chunk(s)
        RenderSVGInlineText {#text} at (0,0) size 75x22
          chunk 1 text run 1 at (0.00,820.00) startOffset 0 endOffset 11 width 75.00: "just a text"
      RenderSVGText {text} at (100,803) size 75x22 contains 1 chunk(s)
        RenderSVGInlineText {#text} at (0,0) size 75x22
          chunk 1 text run 1 at (100.00,820.00) startOffset 0 endOffset 11 width 75.00: "just a text"
      RenderSVGText {text} at (200,803) size 75x22 contains 1 chunk(s)
        RenderSVGInlineText {#text} at (0,0) size 75x22
          chunk 1 text run 1 at (200.00,820.00) startOffset 0 endOffset 11 width 75.00: "just a text"
      RenderSVGText {text} at (300,803) size 75x22 contains 1 chunk(s)
        RenderSVGInlineText {#text} at (0,0) size 75x22
          chunk 1 text run 1 at (300.00,820.00) startOffset 0 endOffset 11 width 75.00: "just a text"
      RenderSVGText {text} at (400,803) size 75x22 contains 1 chunk(s)
        RenderSVGInlineText {#text} at (0,0) size 75x22
          chunk 1 text run 1 at (400.00,820.00) startOffset 0 endOffset 11 width 75.00: "just a text"
      RenderSVGText {text} at (500,803) size 75x22 contains 1 chunk(s)
        RenderSVGInlineText {#text} at (0,0) size 75x22
          chunk 1 text run 1 at (500.00,820.00) startOffset 0 endOffset 11 width 75.00: "just a text"
      RenderSVGText {text} at (600,803) size 75x22 contains 1 chunk(s)
        RenderSVGInlineText {#text} at (0,0) size 75x22
          chunk 1 text run 1 at (600.00,820.00) startOffset 0 endOffset 11 width 75.00: "just a text"
      RenderSVGText {text} at (700,803) size 75x22 contains 1 chunk(s)
        RenderSVGInlineText {#text} at (0,0) size 75x22
          chunk 1 text run 1 at (700.00,820.00) startOffset 0 endOffset 11 width 75.00: "just a text"
      RenderSVGText {text} at (800,803) size 75x22 contains 1 chunk(s)
        RenderSVGInlineText {#text} at (0,0) size 75x22
          chunk 1 text run 1 at (800.00,820.00) startOffset 0 endOffset 11 width 75.00: "just a text"
      RenderSVGText {text} at (900,803) size 75x22 contains 1 chunk(s)
        RenderSVGInlineText {#text} at (0,0) size 75x22
          chunk 1 text run 1 at (900.00,820.00) startOffset 0 endOffset 11 width 75.00: "just a text"
      RenderSVGText {text} at (1000,803) size 75x22 contains 1 chunk(s)
        RenderSVGInlineText {#text} at (0,0) size 75x22
          chunk 1 text run 1 at (1000.00,820.00) startOffset 0 endOffset 11 width 75.00: "just a text"
      RenderSVGText {text} at (1100,803) size 75x22 contains 1 chunk(s)
        RenderSVGInlineText {#text} at (0,0) size 75x22
          chunk 1 text run 1 at (1100.00,820.00) startOffset 0 endOffset 11 width 75.00: "just a text"
      RenderSVGText {text} at (1200,803) size 75x22 contains 1 chunk(s)
        RenderSVGInlineText {#text} at (0,0) size 75x22
          chunk 1 text run 1 at (1200.00,820.00) startOffset 0 endOffset 11 width 75.00: "just a text"
      RenderSVGText {text} at (1300,803) size 75x22 contains 1 chunk(s)
        RenderSVGInlineText {#text} at (0,0) size 75x22
          chunk 1 text run 1 at (1300.00,820.00) startOffset 0 endOffset 11 width 75.00: "just a text"
      RenderSVGText {text} at (1400,803) size 75x22 contains 1 chunk(s)
        RenderSVGInlineText {#text} at (0,0) size 75x22
          chunk 1 text run 1 at (1400.00,820.00) startOffset 0 endOffset 11 width 75.00: "just a text"
      RenderSVGText {text} at (1500,803) size 75x22 contains 1 chunk(s)
        RenderSVGInlineText {#text} at (0,0) size 75x22
          chunk 1 text run 1 at (1500.00,820.00) startOffset 0 endOffset 11 width 75.00: "just a text"
      RenderSVGText {text} at (1600,803) size 75x22 contains 1 chunk(s)
        RenderSVGInlineText {#text} at (0,0) size 75x22
          chunk 1 text run 1 at (1600.00,820.00) startOffset 0 endOffset 11 width 75.00: "just a text"
      RenderSVGText {text} at (1700,803) size 75x22 contains 1 chunk(s)
        RenderSVGInlineText {#text} at (0,0) size 75x22
          chunk 1 text run 1 at (1700.00,820.00) startOffset 0 endOffset 11 width 75.00: "just a text"
      RenderSVGText {text} at (1800,803) size 75x22 contains 1 chunk(s)
        RenderSVGInlineText {#text} at (0,0) size 75x22
          chunk 1 text run 1 at (1800.00,820.00) startOffset 0 endOffset 11 width 75.00: "just a text"
      RenderSVGText {text} at (1900,803) size 75x22 contains 1 chunk(s)
        RenderSVGInlineText {#text} at (0,0) size 75x22
          chunk 1 text run 1 at (1900.00,820.00) startOffset 0 endOffset 11 width 75.00: "just a text"
      RenderSVGText {text} at (2000,803) size 75x22 contains 1 chunk(s)
        RenderSVGInlineText {#text} at (0,0) size 75x22
          chunk 1 text run 1 at (2000.00,820.00) startOffset 0 endOffset 11 width 75.00: "just a text"
      RenderSVGText {text} at (2100,803) size 75x22 contains 1 chunk(s)
        RenderSVGInlineText {#text} at (0,0) size 75x22
          chunk 1 text run 1 at (2100.00,820.00) startOffset 0 endOffset 11 width 75.00: "just a text"
      RenderSVGText {text} at (2200,803) size 75x22 contains 1 chunk(s)
        RenderSVGInlineText {#text} at (0,0) size 75x22
          chunk 1 text run 1 at (2200.00,820.00) startOffset 0 endOffset 11 width 75.00: "just a text"
      RenderSVGText {text} at (2300,803) size 75x22 contains 1 chunk(s)
        RenderSVGInlineText {#text} at (0,0) size 75x22
          chunk 1 text run 1 at (2300.00,820.00) startOffset 0 endOffset 11 width 75.00: "just a text"
      RenderSVGText {text} at (2400,803) size 75x22 contains 1 chunk(s)
        RenderSVGInlineText {#text} at (0,0) size 75x22
          chunk 1 text run 1 at (2400.00,820.00) startOffset 0 endOffset 11 width 75.00: "just a text"
      RenderSVGText {text} at (2500,803) size 75x22 contains 1 chunk(s)
        RenderSVGInlineText {#text} at (0,0) size 75x22
          chunk 1 text run 1 at (2500.00,820.00) startOffset 0 endOffset 11 width 75.00: "just a text"
      RenderSVGText {text} at (2600,803) size 75x22 contains 1 chunk(s)
        RenderSVGInlineText {#text} at (0,0) size 75x22
          chunk 1 text run 1 at (2600.00,820.00) startOffset 0 endOffset 11 width 75.00: "just a text"
      RenderSVGText {text} at (2700,803) size 75x22 contains 1 chunk(s)
        RenderSVGInlineText {#text} at (0,0) size 75x22
          chunk 1 text run 1 at (2700.00,820.00) startOffset 0 endOffset 11 width 75.00: "just a text"
      RenderSVGText {text} at (2800,803) size 75x22 contains 1 chunk(s)
        RenderSVGInlineText {#text} at (0,0) size 75x22
          chunk 1 text run 1 at (2800.00,820.00) startOffset 0 endOffset 11 width 75.00: "just a text"
      RenderSVGText {text} at (2900,803) size 75x22 contains 1 chunk(s)
        RenderSVGInlineText {#text} at (0,0) size 75x22
          chunk 1 text run 1 at (2900.00,820.00) startOffset 0 endOffset 11 width 75.00: "just a text"
      RenderSVGText {text} at (3000,803) size 75x22 contains 1 chunk(s)
        RenderSVGInlineText {#text} at (0,0) size 75x22
          chunk 1 text run 1 at (3000.00,820.00) startOffset 0 endOffset 11 width 75.00: "just a text"
      RenderSVGText {text} at (3100,803) size 75x22 contains 1 chunk(s)
        RenderSVGInlineText {#text} at (0,0) size 75x22
          chunk 1 text run 1 at (3100.00,820.00) startOffset 0 endOffset 11 width 75.00: "just a text"
      RenderSVGText {text} at (3200,803) size 75x22 contains 1 chunk(s)
        RenderSVGInlineText {#text} at (0,0) size 75x22
          chunk 1 text run 1 at (3200.00,820.00) startOffset 0 endOffset 11 width 75.00: "just a text"
      RenderSVGText {text} at (3300,803) size 75x22 contains 1 chunk(s)
        RenderSVGInlineText {#text} at (0,0) size 75x22
          chunk 1 text run 1 at (3300.00,820.00) startOffset 0 endOffset 11 width 75.00: "just a text"
      RenderSVGText {text} at (3400,803) size 75x22 contains 1 chunk(s)
        RenderSVGInlineText {#text} at (0,0) size 75x22
          chunk 1 text run 1 at (3400.00,820.00) startOffset 0 endOffset 11 width 75.00: "just a text"
      RenderSVGText {text} at (3500,803) size 75x22 contains 1 chunk(s)
        RenderSVGInlineText {#text} at (0,0) size 75x22
          chunk 1 text run 1 at (3500.00,820.00) startOffset 0 endOffset 11 width 75.00: "just a text"
      RenderSVGText {text} at (3600,803) size 75x22 contains 1 chunk(s)
        RenderSVGInlineText {#text} at (0,0) size 75x22
          chunk 1 text run 1 at (3600.00,820.00) startOffset 0 endOffset 11 width 75.00: "just a text"
      RenderSVGText {text} at (3700,803) size 75x22 contains 1 chunk(s)
        RenderSVGInlineText {#text} at (0,0) size 75x22
          chunk 1 text run 1 at (3700.00,820.00) startOffset 0 endOffset 11 width 75.00: "just a text"
      RenderSVGText {text} at (3800,803) size 75x22 contains 1 chunk(s)
        RenderSVGInlineText {#text} at (0,0) size 75x22
          chunk 1 text run 1 at (3800.00,820.00) startOffset 0 endOffset 11 width 75.00: "just a text"
      RenderSVGText {text} at (3900,803) size 75x22 contains 1 chunk(s)
        RenderSVGInlineText {#text} at (0,0) size 75x22
          chunk 1 text run 1 at (3900.00,820.00) startOffset 0 endOffset 11 width 75.00: "just a text"
      RenderSVGText {text} at (4000,803) size 75x22 contains 1 chunk(s)
        RenderSVGInlineText {#text} at (0,0) size 75x22
          chunk 1 text run 1 at (4000.00,820.00) startOffset 0 endOffset 11 width 75.00: "just a text"
      RenderSVGText {text} at (4100,803) size 75x22 contains 1 chunk(s)
        RenderSVGInlineText {#text} at (0,0) size 75x22
          chunk 1 text run 1 at (4100.00,820.00) startOffset 0 endOffset 11 width 75.00: "just a text"
      RenderSVGText {text} at (4200,803) size 75x22 contains 1 chunk(s)
        RenderSVGInlineText {#text} at (0,0) size 75x22
          chunk 1 text run 1 at (4200.00,820.00) startOffset 0 endOffset 11 width 75.00: "just a text"
      RenderSVGText {text} at (4300,803) size 75x22 contains 1 chunk(s)
        RenderSVGInlineText {#text} at (0,0) size 75x22
          chunk 1 text run 1 at (4300.00,820.00) startOffset 0 endOffset 11 width 75.00: "just a text"
      RenderSVGText {text} at (4400,803) size 75x22 contains 1 chunk(s)
        RenderSVGInlineText {#text} at (0,0) size 75x22
          chunk 1 text run 1 at (4400.00,820.00) startOffset 0 endOffset 11 width 75.00: "just a text"
      RenderSVGText {text} at (4500,803) size 75x22 contains 1 chunk(s)
        RenderSVGInlineText {#text} at (0,0) size 75x22
          chunk 1 text run 1 at (4500.00,820.00) startOffset 0 endOffset 11 width 75.00: "just a text"
      RenderSVGText {text} at (4600,803) size 75x22 contains 1 chunk(s)
        RenderSVGInlineText {#text} at (0,0) size 75x22
          chunk 1 text run 1 at (4600.00,820.00) startOffset 0 endOffset 11 width 75.00: "just a text"
      RenderSVGText {text} at (4700,803) size 75x22 contains 1 chunk(s)
        RenderSVGInlineText {#text} at (0,0) size 75x22
          chunk 1 text run 1 at (4700.00,820.00) startOffset 0 endOffset 11 width 75.00: "just a text"
      RenderSVGText {text} at (4800,803) size 75x22 contains 1 chunk(s)
        RenderSVGInlineText {#text} at (0,0) size 75x22
          chunk 1 text run 1 at (4800.00,820.00) startOffset 0 endOffset 11 width 75.00: "just a text"
      RenderSVGText {text} at (4900,803) size 75x22 contains 1 chunk(s)
        RenderSVGInlineText {#text} at (0,0) size 75x22
          chunk 1 text run 1 at (4900.00,820.00) startOffset 0 endOffset 11 width 75.00: "just a text"
      RenderSVGText {text} at (0,903) size 75x22 contains 1 chunk(s)
        RenderSVGInlineText {#text} at (0,0) size 75x22
          chunk 1 text run 1 at (0.00,920.00) startOffset 0 endOffset 11 width 75.00: "just a text"
      RenderSVGText {text} at (100,903) size 75x22 contains 1 chunk(s)
        RenderSVGInlineText {#text} at (0,0) size 75x22
          chunk 1 text run 1 at (100.00,920.00) startOffset 0 endOffset 11 width 75.00: "just a text"
      RenderSVGText {text} at (200,903) size 75x22 contains 1 chunk(s)
        RenderSVGInlineText {#text} at (0,0) size 75x22
          chunk 1 text run 1 at (200.00,920.00) startOffset 0 endOffset 11 width 75.00: "just a text"
      RenderSVGText {text} at (300,903) size 75x22 contains 1 chunk(s)
        RenderSVGInlineText {#text} at (0,0) size 75x22
          chunk 1 text run 1 at (300.00,920.00) startOffset 0 endOffset 11 width 75.00: "just a text"
      RenderSVGText {text} at (400,903) size 75x22 contains 1 chunk(s)
        RenderSVGInlineText {#text} at (0,0) size 75x22
          chunk 1 text run 1 at (400.00,920.00) startOffset 0 endOffset 11 width 75.00: "just a text"
      RenderSVGText {text} at (500,903) size 75x22 contains 1 chunk(s)
        RenderSVGInlineText {#text} at (0,0) size 75x22
          chunk 1 text run 1 at (500.00,920.00) startOffset 0 endOffset 11 width 75.00: "just a text"
      RenderSVGText {text} at (600,903) size 75x22 contains 1 chunk(s)
        RenderSVGInlineText {#text} at (0,0) size 75x22
          chunk 1 text run 1 at (600.00,920.00) startOffset 0 endOffset 11 width 75.00: "just a text"
      RenderSVGText {text} at (700,903) size 75x22 contains 1 chunk(s)
        RenderSVGInlineText {#text} at (0,0) size 75x22
          chunk 1 text run 1 at (700.00,920.00) startOffset 0 endOffset 11 width 75.00: "just a text"
      RenderSVGText {text} at (800,903) size 75x22 contains 1 chunk(s)
        RenderSVGInlineText {#text} at (0,0) size 75x22
          chunk 1 text run 1 at (800.00,920.00) startOffset 0 endOffset 11 width 75.00: "just a text"
      RenderSVGText {text} at (900,903) size 75x22 contains 1 chunk(s)
        RenderSVGInlineText {#text} at (0,0) size 75x22
          chunk 1 text run 1 at (900.00,920.00) startOffset 0 endOffset 11 width 75.00: "just a text"
      RenderSVGText {text} at (1000,903) size 75x22 contains 1 chunk(s)
        RenderSVGInlineText {#text} at (0,0) size 75x22
          chunk 1 text run 1 at (1000.00,920.00) startOffset 0 endOffset 11 width 75.00: "just a text"
      RenderSVGText {text} at (1100,903) size 75x22 contains 1 chunk(s)
        RenderSVGInlineText {#text} at (0,0) size 75x22
          chunk 1 text run 1 at (1100.00,920.00) startOffset 0 endOffset 11 width 75.00: "just a text"
      RenderSVGText {text} at (1200,903) size 75x22 contains 1 chunk(s)
        RenderSVGInlineText {#text} at (0,0) size 75x22
          chunk 1 text run 1 at (1200.00,920.00) startOffset 0 endOffset 11 width 75.00: "just a text"
      RenderSVGText {text} at (1300,903) size 75x22 contains 1 chunk(s)
        RenderSVGInlineText {#text} at (0,0) size 75x22
          chunk 1 text run 1 at (1300.00,920.00) startOffset 0 endOffset 11 width 75.00: "just a text"
      RenderSVGText {text} at (1400,903) size 75x22 contains 1 chunk(s)
        RenderSVGInlineText {#text} at (0,0) size 75x22
          chunk 1 text run 1 at (1400.00,920.00) startOffset 0 endOffset 11 width 75.00: "just a text"
      RenderSVGText {text} at (1500,903) size 75x22 contains 1 chunk(s)
        RenderSVGInlineText {#text} at (0,0) size 75x22
          chunk 1 text run 1 at (1500.00,920.00) startOffset 0 endOffset 11 width 75.00: "just a text"
      RenderSVGText {text} at (1600,903) size 75x22 contains 1 chunk(s)
        RenderSVGInlineText {#text} at (0,0) size 75x22
          chunk 1 text run 1 at (1600.00,920.00) startOffset 0 endOffset 11 width 75.00: "just a text"
      RenderSVGText {text} at (1700,903) size 75x22 contains 1 chunk(s)
        RenderSVGInlineText {#text} at (0,0) size 75x22
          chunk 1 text run 1 at (1700.00,920.00) startOffset 0 endOffset 11 width 75.00: "just a text"
      RenderSVGText {text} at (1800,903) size 75x22 contains 1 chunk(s)
        RenderSVGInlineText {#text} at (0,0) size 75x22
          chunk 1 text run 1 at (1800.00,920.00) startOffset 0 endOffset 11 width 75.00: "just a text"
      RenderSVGText {text} at (1900,903) size 75x22 contains 1 chunk(s)
        RenderSVGInlineText {#text} at (0,0) size 75x22
          chunk 1 text run 1 at (1900.00,920.00) startOffset 0 endOffset 11 width 75.00: "just a text"
      RenderSVGText {text} at (2000,903) size 75x22 contains 1 chunk(s)
        RenderSVGInlineText {#text} at (0,0) size 75x22
          chunk 1 text run 1 at (2000.00,920.00) startOffset 0 endOffset 11 width 75.00: "just a text"
      RenderSVGText {text} at (2100,903) size 75x22 contains 1 chunk(s)
        RenderSVGInlineText {#text} at (0,0) size 75x22
          chunk 1 text run 1 at (2100.00,920.00) startOffset 0 endOffset 11 width 75.00: "just a text"
      RenderSVGText {text} at (2200,903) size 75x22 contains 1 chunk(s)
        RenderSVGInlineText {#text} at (0,0) size 75x22
          chunk 1 text run 1 at (2200.00,920.00) startOffset 0 endOffset 11 width 75.00: "just a text"
      RenderSVGText {text} at (2300,903) size 75x22 contains 1 chunk(s)
        RenderSVGInlineText {#text} at (0,0) size 75x22
          chunk 1 text run 1 at (2300.00,920.00) startOffset 0 endOffset 11 width 75.00: "just a text"
      RenderSVGText {text} at (2400,903) size 75x22 contains 1 chunk(s)
        RenderSVGInlineText {#text} at (0,0) size 75x22
          chunk 1 text run 1 at (2400.00,920.00) startOffset 0 endOffset 11 width 75.00: "just a text"
      RenderSVGText {text} at (2500,903) size 75x22 contains 1 chunk(s)
        RenderSVGInlineText {#text} at (0,0) size 75x22
          chunk 1 text run 1 at (2500.00,920.00) startOffset 0 endOffset 11 width 75.00: "just a text"
      RenderSVGText {text} at (2600,903) size 75x22 contains 1 chunk(s)
        RenderSVGInlineText {#text} at (0,0) size 75x22
          chunk 1 text run 1 at (2600.00,920.00) startOffset 0 endOffset 11 width 75.00: "just a text"
      RenderSVGText {text} at (2700,903) size 75x22 contains 1 chunk(s)
        RenderSVGInlineText {#text} at (0,0) size 75x22
          chunk 1 text run 1 at (2700.00,920.00) startOffset 0 endOffset 11 width 75.00: "just a text"
      RenderSVGText {text} at (2800,903) size 75x22 contains 1 chunk(s)
        RenderSVGInlineText {#text} at (0,0) size 75x22
          chunk 1 text run 1 at (2800.00,920.00) startOffset 0 endOffset 11 width 75.00: "just a text"
      RenderSVGText {text} at (2900,903) size 75x22 contains 1 chunk(s)
        RenderSVGInlineText {#text} at (0,0) size 75x22
          chunk 1 text run 1 at (2900.00,920.00) startOffset 0 endOffset 11 width 75.00: "just a text"
      RenderSVGText {text} at (3000,903) size 75x22 contains 1 chunk(s)
        RenderSVGInlineText {#text} at (0,0) size 75x22
          chunk 1 text run 1 at (3000.00,920.00) startOffset 0 endOffset 11 width 75.00: "just a text"
      RenderSVGText {text} at (3100,903) size 75x22 contains 1 chunk(s)
        RenderSVGInlineText {#text} at (0,0) size 75x22
          chunk 1 text run 1 at (3100.00,920.00) startOffset 0 endOffset 11 width 75.00: "just a text"
      RenderSVGText {text} at (3200,903) size 75x22 contains 1 chunk(s)
        RenderSVGInlineText {#text} at (0,0) size 75x22
          chunk 1 text run 1 at (3200.00,920.00) startOffset 0 endOffset 11 width 75.00: "just a text"
      RenderSVGText {text} at (3300,903) size 75x22 contains 1 chunk(s)
        RenderSVGInlineText {#text} at (0,0) size 75x22
          chunk 1 text run 1 at (3300.00,920.00) startOffset 0 endOffset 11 width 75.00: "just a text"
      RenderSVGText {text} at (3400,903) size 75x22 contains 1 chunk(s)
        RenderSVGInlineText {#text} at (0,0) size 75x22
          chunk 1 text run 1 at (3400.00,920.00) startOffset 0 endOffset 11 width 75.00: "just a text"
      RenderSVGText {text} at (3500,903) size 75x22 contains 1 chunk(s)
        RenderSVGInlineText {#text} at (0,0) size 75x22
          chunk 1 text run 1 at (3500.00,920.00) startOffset 0 endOffset 11 width 75.00: "just a text"
      RenderSVGText {text} at (3600,903) size 75x22 contains 1 chunk(s)
        RenderSVGInlineText {#text} at (0,0) size 75x22
          chunk 1 text run 1 at (3600.00,920.00) startOffset 0 endOffset 11 width 75.00: "just a text"
      RenderSVGText {text} at (3700,903) size 75x22 contains 1 chunk(s)
        RenderSVGInlineText {#text} at (0,0) size 75x22
          chunk 1 text run 1 at (3700.00,920.00) startOffset 0 endOffset 11 width 75.00: "just a text"
      RenderSVGText {text} at (3800,903) size 75x22 contains 1 chunk(s)
        RenderSVGInlineText {#text} at (0,0) size 75x22
          chunk 1 text run 1 at (3800.00,920.00) startOffset 0 endOffset 11 width 75.00: "just a text"
      RenderSVGText {text} at (3900,903) size 75x22 contains 1 chunk(s)
        RenderSVGInlineText {#text} at (0,0) size 75x22
          chunk 1 text run 1 at (3900.00,920.00) startOffset 0 endOffset 11 width 75.00: "just a text"
      RenderSVGText {text} at (4000,903) size 75x22 contains 1 chunk(s)
        RenderSVGInlineText {#text} at (0,0) size 75x22
          chunk 1 text run 1 at (4000.00,920.00) startOffset 0 endOffset 11 width 75.00: "just a text"
      RenderSVGText {text} at (4100,903) size 75x22 contains 1 chunk(s)
        RenderSVGInlineText {#text} at (0,0) size 75x22
          chunk 1 text run 1 at (4100.00,920.00) startOffset 0 endOffset 11 width 75.00: "just a text"
      RenderSVGText {text} at (4200,903) size 75x22 contains 1 chunk(s)
        RenderSVGInlineText {#text} at (0,0) size 75x22
          chunk 1 text run 1 at (4200.00,920.00) startOffset 0 endOffset 11 width 75.00: "just a text"
      RenderSVGText {text} at (4300,903) size 75x22 contains 1 chunk(s)
        RenderSVGInlineText {#text} at (0,0) size 75x22
          chunk 1 text run 1 at (4300.00,920.00) startOffset 0 endOffset 11 width 75.00: "just a text"
      RenderSVGText {text} at (4400,903) size 75x22 contains 1 chunk(s)
        RenderSVGInlineText {#text} at (0,0) size 75x22
          chunk 1 text run 1 at (4400.00,920.00) startOffset 0 endOffset 11 width 75.00: "just a text"
      RenderSVGText {text} at (4500,903) size 75x22 contains 1 chunk(s)
        RenderSVGInlineText {#text} at (0,0) size 75x22
          chunk 1 text run 1 at (4500.00,920.00) startOffset 0 endOffset 11 width 75.00: "just a text"
      RenderSVGText {text} at (4600,903) size 75x22 contains 1 chunk(s)
        RenderSVGInlineText {#text} at (0,0) size 75x22
          chunk 1 text run 1 at (4600.00,920.00) startOffset 0 endOffset 11 width 75.00: "just a text"
      RenderSVGText {text} at (4700,903) size 75x22 contains 1 chunk(s)
        RenderSVGInlineText {#text} at (0,0) size 75x22
          chunk 1 text run 1 at (4700.00,920.00) startOffset 0 endOffset 11 width 75.00: "just a text"
      RenderSVGText {text} at (4800,903) size 75x22 contains 1 chunk(s)
        RenderSVGInlineText {#text} at (0,0) size 75x22
          chunk 1 text run 1 at (4800.00,920.00) startOffset 0 endOffset 11 width 75.00: "just a text"
      RenderSVGText {text} at (4900,903) size 75x22 contains 1 chunk(s)
        RenderSVGInlineText {#text} at (0,0) size 75x22
          chunk 1 text run 1 at (4900.00,920.00) startOffset 0 endOffset 11 width 75.00: "just a text"
      RenderSVGText {text} at (0,1003) size 75x22 contains 1 chunk(s)
        RenderSVGInlineText {#text} at (0,0) size 75x22
          chunk 1 text run 1 at (0.00,1020.00) startOffset 0 endOffset 11 width 75.00: "just a text"
      RenderSVGText {text} at (100,1003) size 75x22 contains 1 chunk(s)
        RenderSVGInlineText {#text} at (0,0) size 75x22
          chunk 1 text run 1 at (100.00,1020.00) startOffset 0 endOffset 11 width 75.00: "just a text"
      RenderSVGText {text} at (200,1003) size 75x22 contains 1 chunk(s)
        RenderSVGInlineText {#text} at (0,0) size 75x22
          chunk 1 text run 1 at (200.00,1020.00) startOffset 0 endOffset 11 width 75.00: "just a text"
      RenderSVGText {text} at (300,1003) size 75x22 contains 1 chunk(s)
        RenderSVGInlineText {#text} at (0,0) size 75x22
          chunk 1 text run 1 at (300.00,1020.00) startOffset 0 endOffset 11 width 75.00: "just a text"
      RenderSVGText {text} at (400,1003) size 75x22 contains 1 chunk(s)
        RenderSVGInlineText {#text} at (0,0) size 75x22
          chunk 1 text run 1 at (400.00,1020.00) startOffset 0 endOffset 11 width 75.00: "just a text"
      RenderSVGText {text} at (500,1003) size 75x22 contains 1 chunk(s)
        RenderSVGInlineText {#text} at (0,0) size 75x22
          chunk 1 text run 1 at (500.00,1020.00) startOffset 0 endOffset 11 width 75.00: "just a text"
      RenderSVGText {text} at (600,1003) size 75x22 contains 1 chunk(s)
        RenderSVGInlineText {#text} at (0,0) size 75x22
          chunk 1 text run 1 at (600.00,1020.00) startOffset 0 endOffset 11 width 75.00: "just a text"
      RenderSVGText {text} at (700,1003) size 75x22 contains 1 chunk(s)
        RenderSVGInlineText {#text} at (0,0) size 75x22
          chunk 1 text run 1 at (700.00,1020.00) startOffset 0 endOffset 11 width 75.00: "just a text"
      RenderSVGText {text} at (800,1003) size 75x22 contains 1 chunk(s)
        RenderSVGInlineText {#text} at (0,0) size 75x22
          chunk 1 text run 1 at (800.00,1020.00) startOffset 0 endOffset 11 width 75.00: "just a text"
      RenderSVGText {text} at (900,1003) size 75x22 contains 1 chunk(s)
        RenderSVGInlineText {#text} at (0,0) size 75x22
          chunk 1 text run 1 at (900.00,1020.00) startOffset 0 endOffset 11 width 75.00: "just a text"
      RenderSVGText {text} at (1000,1003) size 75x22 contains 1 chunk(s)
        RenderSVGInlineText {#text} at (0,0) size 75x22
          chunk 1 text run 1 at (1000.00,1020.00) startOffset 0 endOffset 11 width 75.00: "just a text"
      RenderSVGText {text} at (1100,1003) size 75x22 contains 1 chunk(s)
        RenderSVGInlineText {#text} at (0,0) size 75x22
          chunk 1 text run 1 at (1100.00,1020.00) startOffset 0 endOffset 11 width 75.00: "just a text"
      RenderSVGText {text} at (1200,1003) size 75x22 contains 1 chunk(s)
        RenderSVGInlineText {#text} at (0,0) size 75x22
          chunk 1 text run 1 at (1200.00,1020.00) startOffset 0 endOffset 11 width 75.00: "just a text"
      RenderSVGText {text} at (1300,1003) size 75x22 contains 1 chunk(s)
        RenderSVGInlineText {#text} at (0,0) size 75x22
          chunk 1 text run 1 at (1300.00,1020.00) startOffset 0 endOffset 11 width 75.00: "just a text"
      RenderSVGText {text} at (1400,1003) size 75x22 contains 1 chunk(s)
        RenderSVGInlineText {#text} at (0,0) size 75x22
          chunk 1 text run 1 at (1400.00,1020.00) startOffset 0 endOffset 11 width 75.00: "just a text"
      RenderSVGText {text} at (1500,1003) size 75x22 contains 1 chunk(s)
        RenderSVGInlineText {#text} at (0,0) size 75x22
          chunk 1 text run 1 at (1500.00,1020.00) startOffset 0 endOffset 11 width 75.00: "just a text"
      RenderSVGText {text} at (1600,1003) size 75x22 contains 1 chunk(s)
        RenderSVGInlineText {#text} at (0,0) size 75x22
          chunk 1 text run 1 at (1600.00,1020.00) startOffset 0 endOffset 11 width 75.00: "just a text"
      RenderSVGText {text} at (1700,1003) size 75x22 contains 1 chunk(s)
        RenderSVGInlineText {#text} at (0,0) size 75x22
          chunk 1 text run 1 at (1700.00,1020.00) startOffset 0 endOffset 11 width 75.00: "just a text"
      RenderSVGText {text} at (1800,1003) size 75x22 contains 1 chunk(s)
        RenderSVGInlineText {#text} at (0,0) size 75x22
          chunk 1 text run 1 at (1800.00,1020.00) startOffset 0 endOffset 11 width 75.00: "just a text"
      RenderSVGText {text} at (1900,1003) size 75x22 contains 1 chunk(s)
        RenderSVGInlineText {#text} at (0,0) size 75x22
          chunk 1 text run 1 at (1900.00,1020.00) startOffset 0 endOffset 11 width 75.00: "just a text"
      RenderSVGText {text} at (2000,1003) size 75x22 contains 1 chunk(s)
        RenderSVGInlineText {#text} at (0,0) size 75x22
          chunk 1 text run 1 at (2000.00,1020.00) startOffset 0 endOffset 11 width 75.00: "just a text"
      RenderSVGText {text} at (2100,1003) size 75x22 contains 1 chunk(s)
        RenderSVGInlineText {#text} at (0,0) size 75x22
          chunk 1 text run 1 at (2100.00,1020.00) startOffset 0 endOffset 11 width 75.00: "just a text"
      RenderSVGText {text} at (2200,1003) size 75x22 contains 1 chunk(s)
        RenderSVGInlineText {#text} at (0,0) size 75x22
          chunk 1 text run 1 at (2200.00,1020.00) startOffset 0 endOffset 11 width 75.00: "just a text"
      RenderSVGText {text} at (2300,1003) size 75x22 contains 1 chunk(s)
        RenderSVGInlineText {#text} at (0,0) size 75x22
          chunk 1 text run 1 at (2300.00,1020.00) startOffset 0 endOffset 11 width 75.00: "just a text"
      RenderSVGText {text} at (2400,1003) size 75x22 contains 1 chunk(s)
        RenderSVGInlineText {#text} at (0,0) size 75x22
          chunk 1 text run 1 at (2400.00,1020.00) startOffset 0 endOffset 11 width 75.00: "just a text"
      RenderSVGText {text} at (2500,1003) size 75x22 contains 1 chunk(s)
        RenderSVGInlineText {#text} at (0,0) size 75x22
          chunk 1 text run 1 at (2500.00,1020.00) startOffset 0 endOffset 11 width 75.00: "just a text"
      RenderSVGText {text} at (2600,1003) size 75x22 contains 1 chunk(s)
        RenderSVGInlineText {#text} at (0,0) size 75x22
          chunk 1 text run 1 at (2600.00,1020.00) startOffset 0 endOffset 11 width 75.00: "just a text"
      RenderSVGText {text} at (2700,1003) size 75x22 contains 1 chunk(s)
        RenderSVGInlineText {#text} at (0,0) size 75x22
          chunk 1 text run 1 at (2700.00,1020.00) startOffset 0 endOffset 11 width 75.00: "just a text"
      RenderSVGText {text} at (2800,1003) size 75x22 contains 1 chunk(s)
        RenderSVGInlineText {#text} at (0,0) size 75x22
          chunk 1 text run 1 at (2800.00,1020.00) startOffset 0 endOffset 11 width 75.00: "just a text"
      RenderSVGText {text} at (2900,1003) size 75x22 contains 1 chunk(s)
        RenderSVGInlineText {#text} at (0,0) size 75x22
          chunk 1 text run 1 at (2900.00,1020.00) startOffset 0 endOffset 11 width 75.00: "just a text"
      RenderSVGText {text} at (3000,1003) size 75x22 contains 1 chunk(s)
        RenderSVGInlineText {#text} at (0,0) size 75x22
          chunk 1 text run 1 at (3000.00,1020.00) startOffset 0 endOffset 11 width 75.00: "just a text"
      RenderSVGText {text} at (3100,1003) size 75x22 contains 1 chunk(s)
        RenderSVGInlineText {#text} at (0,0) size 75x22
          chunk 1 text run 1 at (3100.00,1020.00) startOffset 0 endOffset 11 width 75.00: "just a text"
      RenderSVGText {text} at (3200,1003) size 75x22 contains 1 chunk(s)
        RenderSVGInlineText {#text} at (0,0) size 75x22
          chunk 1 text run 1 at (3200.00,1020.00) startOffset 0 endOffset 11 width 75.00: "just a text"
      RenderSVGText {text} at (3300,1003) size 75x22 contains 1 chunk(s)
        RenderSVGInlineText {#text} at (0,0) size 75x22
          chunk 1 text run 1 at (3300.00,1020.00) startOffset 0 endOffset 11 width 75.00: "just a text"
      RenderSVGText {text} at (3400,1003) size 75x22 contains 1 chunk(s)
        RenderSVGInlineText {#text} at (0,0) size 75x22
          chunk 1 text run 1 at (3400.00,1020.00) startOffset 0 endOffset 11 width 75.00: "just a text"
      RenderSVGText {text} at (3500,1003) size 75x22 contains 1 chunk(s)
        RenderSVGInlineText {#text} at (0,0) size 75x22
          chunk 1 text run 1 at (3500.00,1020.00) startOffset 0 endOffset 11 width 75.00: "just a text"
      RenderSVGText {text} at (3600,1003) size 75x22 contains 1 chunk(s)
        RenderSVGInlineText {#text} at (0,0) size 75x22
          chunk 1 text run 1 at (3600.00,1020.00) startOffset 0 endOffset 11 width 75.00: "just a text"
      RenderSVGText {text} at (3700,1003) size 75x22 contains 1 chunk(s)
        RenderSVGInlineText {#text} at (0,0) size 75x22
          chunk 1 text run 1 at (3700.00,1020.00) startOffset 0 endOffset 11 width 75.00: "just a text"
      RenderSVGText {text} at (3800,1003) size 75x22 contains 1 chunk(s)
        RenderSVGInlineText {#text} at (0,0) size 75x22
          chunk 1 text run 1 at (3800.00,1020.00) startOffset 0 endOffset 11 width 75.00: "just a text"
      RenderSVGText {text} at (3900,1003) size 75x22 contains 1 chunk(s)
        RenderSVGInlineText {#text} at (0,0) size 75x22
          chunk 1 text run 1 at (3900.00,1020.00) startOffset 0 endOffset 11 width 75.00: "just a text"
      RenderSVGText {text} at (4000,1003) size 75x22 contains 1 chunk(s)
        RenderSVGInlineText {#text} at (0,0) size 75x22
          chunk 1 text run 1 at (4000.00,1020.00) startOffset 0 endOffset 11 width 75.00: "just a text"
      RenderSVGText {text} at (4100,1003) size 75x22 contains 1 chunk(s)
        RenderSVGInlineText {#text} at (0,0) size 75x22
          chunk 1 text run 1 at (4100.00,1020.00) startOffset 0 endOffset 11 width 75.00: "just a text"
      RenderSVGText {text} at (4200,1003) size 75x22 contains 1 chunk(s)
        RenderSVGInlineText {#text} at (0,0) size 75x22
          chunk 1 text run 1 at (4200.00,1020.00) startOffset 0 endOffset 11 width 75.00: "just a text"
      RenderSVGText {text} at (4300,1003) size 75x22 contains 1 chunk(s)
        RenderSVGInlineText {#text} at (0,0) size 75x22
          chunk 1 text run 1 at (4300.00,1020.00) startOffset 0 endOffset 11 width 75.00: "just a text"
      RenderSVGText {text} at (4400,1003) size 75x22 contains 1 chunk(s)
        RenderSVGInlineText {#text} at (0,0) size 75x22
          chunk 1 text run 1 at (4400.00,1020.00) startOffset 0 endOffset 11 width 75.00: "just a text"
      RenderSVGText {text} at (4500,1003) size 75x22 contains 1 chunk(s)
        RenderSVGInlineText {#text} at (0,0) size 75x22
          chunk 1 text run 1 at (4500.00,1020.00) startOffset 0 endOffset 11 width 75.00: "just a text"
      RenderSVGText {text} at (4600,1003) size 75x22 contains 1 chunk(s)
        RenderSVGInlineText {#text} at (0,0) size 75x22
          chunk 1 text run 1 at (4600.00,1020.00) startOffset 0 endOffset 11 width 75.00: "just a text"
      RenderSVGText {text} at (4700,1003) size 75x22 contains 1 chunk(s)
        RenderSVGInlineText {#text} at (0,0) size 75x22
          chunk 1 text run 1 at (4700.00,1020.00) startOffset 0 endOffset 11 width 75.00: "just a text"
      RenderSVGText {text} at (4800,1003) size 75x22 contains 1 chunk(s)
        RenderSVGInlineText {#text} at (0,0) size 75x22
          chunk 1 text run 1 at (4800.00,1020.00) startOffset 0 endOffset 11 width 75.00: "just a text"
      RenderSVGText {text} at (4900,1003) size 75x22 contains 1 chunk(s)
        RenderSVGInlineText {#text} at (0,0) size 75x22
          chunk 1 text run 1 at (4900.00,1020.00) startOffset 0 endOffset 11 width 75.00: "just a text"
      RenderSVGText {text} at (0,1103) size 75x22 contains 1 chunk(s)
        RenderSVGInlineText {#text} at (0,0) size 75x22
          chunk 1 text run 1 at (0.00,1120.00) startOffset 0 endOffset 11 width 75.00: "just a text"
      RenderSVGText {text} at (100,1103) size 75x22 contains 1 chunk(s)
        RenderSVGInlineText {#text} at (0,0) size 75x22
          chunk 1 text run 1 at (100.00,1120.00) startOffset 0 endOffset 11 width 75.00: "just a text"
      RenderSVGText {text} at (200,1103) size 75x22 contains 1 chunk(s)
        RenderSVGInlineText {#text} at (0,0) size 75x22
          chunk 1 text run 1 at (200.00,1120.00) startOffset 0 endOffset 11 width 75.00: "just a text"
      RenderSVGText {text} at (300,1103) size 75x22 contains 1 chunk(s)
        RenderSVGInlineText {#text} at (0,0) size 75x22
          chunk 1 text run 1 at (300.00,1120.00) startOffset 0 endOffset 11 width 75.00: "just a text"
      RenderSVGText {text} at (400,1103) size 75x22 contains 1 chunk(s)
        RenderSVGInlineText {#text} at (0,0) size 75x22
          chunk 1 text run 1 at (400.00,1120.00) startOffset 0 endOffset 11 width 75.00: "just a text"
      RenderSVGText {text} at (500,1103) size 75x22 contains 1 chunk(s)
        RenderSVGInlineText {#text} at (0,0) size 75x22
          chunk 1 text run 1 at (500.00,1120.00) startOffset 0 endOffset 11 width 75.00: "just a text"
      RenderSVGText {text} at (600,1103) size 75x22 contains 1 chunk(s)
        RenderSVGInlineText {#text} at (0,0) size 75x22
          chunk 1 text run 1 at (600.00,1120.00) startOffset 0 endOffset 11 width 75.00: "just a text"
      RenderSVGText {text} at (700,1103) size 75x22 contains 1 chunk(s)
        RenderSVGInlineText {#text} at (0,0) size 75x22
          chunk 1 text run 1 at (700.00,1120.00) startOffset 0 endOffset 11 width 75.00: "just a text"
      RenderSVGText {text} at (800,1103) size 75x22 contains 1 chunk(s)
        RenderSVGInlineText {#text} at (0,0) size 75x22
          chunk 1 text run 1 at (800.00,1120.00) startOffset 0 endOffset 11 width 75.00: "just a text"
      RenderSVGText {text} at (900,1103) size 75x22 contains 1 chunk(s)
        RenderSVGInlineText {#text} at (0,0) size 75x22
          chunk 1 text run 1 at (900.00,1120.00) startOffset 0 endOffset 11 width 75.00: "just a text"
      RenderSVGText {text} at (1000,1103) size 75x22 contains 1 chunk(s)
        RenderSVGInlineText {#text} at (0,0) size 75x22
          chunk 1 text run 1 at (1000.00,1120.00) startOffset 0 endOffset 11 width 75.00: "just a text"
      RenderSVGText {text} at (1100,1103) size 75x22 contains 1 chunk(s)
        RenderSVGInlineText {#text} at (0,0) size 75x22
          chunk 1 text run 1 at (1100.00,1120.00) startOffset 0 endOffset 11 width 75.00: "just a text"
      RenderSVGText {text} at (1200,1103) size 75x22 contains 1 chunk(s)
        RenderSVGInlineText {#text} at (0,0) size 75x22
          chunk 1 text run 1 at (1200.00,1120.00) startOffset 0 endOffset 11 width 75.00: "just a text"
      RenderSVGText {text} at (1300,1103) size 75x22 contains 1 chunk(s)
        RenderSVGInlineText {#text} at (0,0) size 75x22
          chunk 1 text run 1 at (1300.00,1120.00) startOffset 0 endOffset 11 width 75.00: "just a text"
      RenderSVGText {text} at (1400,1103) size 75x22 contains 1 chunk(s)
        RenderSVGInlineText {#text} at (0,0) size 75x22
          chunk 1 text run 1 at (1400.00,1120.00) startOffset 0 endOffset 11 width 75.00: "just a text"
      RenderSVGText {text} at (1500,1103) size 75x22 contains 1 chunk(s)
        RenderSVGInlineText {#text} at (0,0) size 75x22
          chunk 1 text run 1 at (1500.00,1120.00) startOffset 0 endOffset 11 width 75.00: "just a text"
      RenderSVGText {text} at (1600,1103) size 75x22 contains 1 chunk(s)
        RenderSVGInlineText {#text} at (0,0) size 75x22
          chunk 1 text run 1 at (1600.00,1120.00) startOffset 0 endOffset 11 width 75.00: "just a text"
      RenderSVGText {text} at (1700,1103) size 75x22 contains 1 chunk(s)
        RenderSVGInlineText {#text} at (0,0) size 75x22
          chunk 1 text run 1 at (1700.00,1120.00) startOffset 0 endOffset 11 width 75.00: "just a text"
      RenderSVGText {text} at (1800,1103) size 75x22 contains 1 chunk(s)
        RenderSVGInlineText {#text} at (0,0) size 75x22
          chunk 1 text run 1 at (1800.00,1120.00) startOffset 0 endOffset 11 width 75.00: "just a text"
      RenderSVGText {text} at (1900,1103) size 75x22 contains 1 chunk(s)
        RenderSVGInlineText {#text} at (0,0) size 75x22
          chunk 1 text run 1 at (1900.00,1120.00) startOffset 0 endOffset 11 width 75.00: "just a text"
      RenderSVGText {text} at (2000,1103) size 75x22 contains 1 chunk(s)
        RenderSVGInlineText {#text} at (0,0) size 75x22
          chunk 1 text run 1 at (2000.00,1120.00) startOffset 0 endOffset 11 width 75.00: "just a text"
      RenderSVGText {text} at (2100,1103) size 75x22 contains 1 chunk(s)
        RenderSVGInlineText {#text} at (0,0) size 75x22
          chunk 1 text run 1 at (2100.00,1120.00) startOffset 0 endOffset 11 width 75.00: "just a text"
      RenderSVGText {text} at (2200,1103) size 75x22 contains 1 chunk(s)
        RenderSVGInlineText {#text} at (0,0) size 75x22
          chunk 1 text run 1 at (2200.00,1120.00) startOffset 0 endOffset 11 width 75.00: "just a text"
      RenderSVGText {text} at (2300,1103) size 75x22 contains 1 chunk(s)
        RenderSVGInlineText {#text} at (0,0) size 75x22
          chunk 1 text run 1 at (2300.00,1120.00) startOffset 0 endOffset 11 width 75.00: "just a text"
      RenderSVGText {text} at (2400,1103) size 75x22 contains 1 chunk(s)
        RenderSVGInlineText {#text} at (0,0) size 75x22
          chunk 1 text run 1 at (2400.00,1120.00) startOffset 0 endOffset 11 width 75.00: "just a text"
      RenderSVGText {text} at (2500,1103) size 75x22 contains 1 chunk(s)
        RenderSVGInlineText {#text} at (0,0) size 75x22
          chunk 1 text run 1 at (2500.00,1120.00) startOffset 0 endOffset 11 width 75.00: "just a text"
      RenderSVGText {text} at (2600,1103) size 75x22 contains 1 chunk(s)
        RenderSVGInlineText {#text} at (0,0) size 75x22
          chunk 1 text run 1 at (2600.00,1120.00) startOffset 0 endOffset 11 width 75.00: "just a text"
      RenderSVGText {text} at (2700,1103) size 75x22 contains 1 chunk(s)
        RenderSVGInlineText {#text} at (0,0) size 75x22
          chunk 1 text run 1 at (2700.00,1120.00) startOffset 0 endOffset 11 width 75.00: "just a text"
      RenderSVGText {text} at (2800,1103) size 75x22 contains 1 chunk(s)
        RenderSVGInlineText {#text} at (0,0) size 75x22
          chunk 1 text run 1 at (2800.00,1120.00) startOffset 0 endOffset 11 width 75.00: "just a text"
      RenderSVGText {text} at (2900,1103) size 75x22 contains 1 chunk(s)
        RenderSVGInlineText {#text} at (0,0) size 75x22
          chunk 1 text run 1 at (2900.00,1120.00) startOffset 0 endOffset 11 width 75.00: "just a text"
      RenderSVGText {text} at (3000,1103) size 75x22 contains 1 chunk(s)
        RenderSVGInlineText {#text} at (0,0) size 75x22
          chunk 1 text run 1 at (3000.00,1120.00) startOffset 0 endOffset 11 width 75.00: "just a text"
      RenderSVGText {text} at (3100,1103) size 75x22 contains 1 chunk(s)
        RenderSVGInlineText {#text} at (0,0) size 75x22
          chunk 1 text run 1 at (3100.00,1120.00) startOffset 0 endOffset 11 width 75.00: "just a text"
      RenderSVGText {text} at (3200,1103) size 75x22 contains 1 chunk(s)
        RenderSVGInlineText {#text} at (0,0) size 75x22
          chunk 1 text run 1 at (3200.00,1120.00) startOffset 0 endOffset 11 width 75.00: "just a text"
      RenderSVGText {text} at (3300,1103) size 75x22 contains 1 chunk(s)
        RenderSVGInlineText {#text} at (0,0) size 75x22
          chunk 1 text run 1 at (3300.00,1120.00) startOffset 0 endOffset 11 width 75.00: "just a text"
      RenderSVGText {text} at (3400,1103) size 75x22 contains 1 chunk(s)
        RenderSVGInlineText {#text} at (0,0) size 75x22
          chunk 1 text run 1 at (3400.00,1120.00) startOffset 0 endOffset 11 width 75.00: "just a text"
      RenderSVGText {text} at (3500,1103) size 75x22 contains 1 chunk(s)
        RenderSVGInlineText {#text} at (0,0) size 75x22
          chunk 1 text run 1 at (3500.00,1120.00) startOffset 0 endOffset 11 width 75.00: "just a text"
      RenderSVGText {text} at (3600,1103) size 75x22 contains 1 chunk(s)
        RenderSVGInlineText {#text} at (0,0) size 75x22
          chunk 1 text run 1 at (3600.00,1120.00) startOffset 0 endOffset 11 width 75.00: "just a text"
      RenderSVGText {text} at (3700,1103) size 75x22 contains 1 chunk(s)
        RenderSVGInlineText {#text} at (0,0) size 75x22
          chunk 1 text run 1 at (3700.00,1120.00) startOffset 0 endOffset 11 width 75.00: "just a text"
      RenderSVGText {text} at (3800,1103) size 75x22 contains 1 chunk(s)
        RenderSVGInlineText {#text} at (0,0) size 75x22
          chunk 1 text run 1 at (3800.00,1120.00) startOffset 0 endOffset 11 width 75.00: "just a text"
      RenderSVGText {text} at (3900,1103) size 75x22 contains 1 chunk(s)
        RenderSVGInlineText {#text} at (0,0) size 75x22
          chunk 1 text run 1 at (3900.00,1120.00) startOffset 0 endOffset 11 width 75.00: "just a text"
      RenderSVGText {text} at (4000,1103) size 75x22 contains 1 chunk(s)
        RenderSVGInlineText {#text} at (0,0) size 75x22
          chunk 1 text run 1 at (4000.00,1120.00) startOffset 0 endOffset 11 width 75.00: "just a text"
      RenderSVGText {text} at (4100,1103) size 75x22 contains 1 chunk(s)
        RenderSVGInlineText {#text} at (0,0) size 75x22
          chunk 1 text run 1 at (4100.00,1120.00) startOffset 0 endOffset 11 width 75.00: "just a text"
      RenderSVGText {text} at (4200,1103) size 75x22 contains 1 chunk(s)
        RenderSVGInlineText {#text} at (0,0) size 75x22
          chunk 1 text run 1 at (4200.00,1120.00) startOffset 0 endOffset 11 width 75.00: "just a text"
      RenderSVGText {text} at (4300,1103) size 75x22 contains 1 chunk(s)
        RenderSVGInlineText {#text} at (0,0) size 75x22
          chunk 1 text run 1 at (4300.00,1120.00) startOffset 0 endOffset 11 width 75.00: "just a text"
      RenderSVGText {text} at (4400,1103) size 75x22 contains 1 chunk(s)
        RenderSVGInlineText {#text} at (0,0) size 75x22
          chunk 1 text run 1 at (4400.00,1120.00) startOffset 0 endOffset 11 width 75.00: "just a text"
      RenderSVGText {text} at (4500,1103) size 75x22 contains 1 chunk(s)
        RenderSVGInlineText {#text} at (0,0) size 75x22
          chunk 1 text run 1 at (4500.00,1120.00) startOffset 0 endOffset 11 width 75.00: "just a text"
      RenderSVGText {text} at (4600,1103) size 75x22 contains 1 chunk(s)
        RenderSVGInlineText {#text} at (0,0) size 75x22
          chunk 1 text run 1 at (4600.00,1120.00) startOffset 0 endOffset 11 width 75.00: "just a text"
      RenderSVGText {text} at (4700,1103) size 75x22 contains 1 chunk(s)
        RenderSVGInlineText {#text} at (0,0) size 75x22
          chunk 1 text run 1 at (4700.00,1120.00) startOffset 0 endOffset 11 width 75.00: "just a text"
      RenderSVGText {text} at (4800,1103) size 75x22 contains 1 chunk(s)
        RenderSVGInlineText {#text} at (0,0) size 75x22
          chunk 1 text run 1 at (4800.00,1120.00) startOffset 0 endOffset 11 width 75.00: "just a text"
      RenderSVGText {text} at (4900,1103) size 75x22 contains 1 chunk(s)
        RenderSVGInlineText {#text} at (0,0) size 75x22
          chunk 1 text run 1 at (4900.00,1120.00) startOffset 0 endOffset 11 width 75.00: "just a text"
      RenderSVGText {text} at (0,1203) size 75x22 contains 1 chunk(s)
        RenderSVGInlineText {#text} at (0,0) size 75x22
          chunk 1 text run 1 at (0.00,1220.00) startOffset 0 endOffset 11 width 75.00: "just a text"
      RenderSVGText {text} at (100,1203) size 75x22 contains 1 chunk(s)
        RenderSVGInlineText {#text} at (0,0) size 75x22
          chunk 1 text run 1 at (100.00,1220.00) startOffset 0 endOffset 11 width 75.00: "just a text"
      RenderSVGText {text} at (200,1203) size 75x22 contains 1 chunk(s)
        RenderSVGInlineText {#text} at (0,0) size 75x22
          chunk 1 text run 1 at (200.00,1220.00) startOffset 0 endOffset 11 width 75.00: "just a text"
      RenderSVGText {text} at (300,1203) size 75x22 contains 1 chunk(s)
        RenderSVGInlineText {#text} at (0,0) size 75x22
          chunk 1 text run 1 at (300.00,1220.00) startOffset 0 endOffset 11 width 75.00: "just a text"
      RenderSVGText {text} at (400,1203) size 75x22 contains 1 chunk(s)
        RenderSVGInlineText {#text} at (0,0) size 75x22
          chunk 1 text run 1 at (400.00,1220.00) startOffset 0 endOffset 11 width 75.00: "just a text"
      RenderSVGText {text} at (500,1203) size 75x22 contains 1 chunk(s)
        RenderSVGInlineText {#text} at (0,0) size 75x22
          chunk 1 text run 1 at (500.00,1220.00) startOffset 0 endOffset 11 width 75.00: "just a text"
      RenderSVGText {text} at (600,1203) size 75x22 contains 1 chunk(s)
        RenderSVGInlineText {#text} at (0,0) size 75x22
          chunk 1 text run 1 at (600.00,1220.00) startOffset 0 endOffset 11 width 75.00: "just a text"
      RenderSVGText {text} at (700,1203) size 75x22 contains 1 chunk(s)
        RenderSVGInlineText {#text} at (0,0) size 75x22
          chunk 1 text run 1 at (700.00,1220.00) startOffset 0 endOffset 11 width 75.00: "just a text"
      RenderSVGText {text} at (800,1203) size 75x22 contains 1 chunk(s)
        RenderSVGInlineText {#text} at (0,0) size 75x22
          chunk 1 text run 1 at (800.00,1220.00) startOffset 0 endOffset 11 width 75.00: "just a text"
      RenderSVGText {text} at (900,1203) size 75x22 contains 1 chunk(s)
        RenderSVGInlineText {#text} at (0,0) size 75x22
          chunk 1 text run 1 at (900.00,1220.00) startOffset 0 endOffset 11 width 75.00: "just a text"
      RenderSVGText {text} at (1000,1203) size 75x22 contains 1 chunk(s)
        RenderSVGInlineText {#text} at (0,0) size 75x22
          chunk 1 text run 1 at (1000.00,1220.00) startOffset 0 endOffset 11 width 75.00: "just a text"
      RenderSVGText {text} at (1100,1203) size 75x22 contains 1 chunk(s)
        RenderSVGInlineText {#text} at (0,0) size 75x22
          chunk 1 text run 1 at (1100.00,1220.00) startOffset 0 endOffset 11 width 75.00: "just a text"
      RenderSVGText {text} at (1200,1203) size 75x22 contains 1 chunk(s)
        RenderSVGInlineText {#text} at (0,0) size 75x22
          chunk 1 text run 1 at (1200.00,1220.00) startOffset 0 endOffset 11 width 75.00: "just a text"
      RenderSVGText {text} at (1300,1203) size 75x22 contains 1 chunk(s)
        RenderSVGInlineText {#text} at (0,0) size 75x22
          chunk 1 text run 1 at (1300.00,1220.00) startOffset 0 endOffset 11 width 75.00: "just a text"
      RenderSVGText {text} at (1400,1203) size 75x22 contains 1 chunk(s)
        RenderSVGInlineText {#text} at (0,0) size 75x22
          chunk 1 text run 1 at (1400.00,1220.00) startOffset 0 endOffset 11 width 75.00: "just a text"
      RenderSVGText {text} at (1500,1203) size 75x22 contains 1 chunk(s)
        RenderSVGInlineText {#text} at (0,0) size 75x22
          chunk 1 text run 1 at (1500.00,1220.00) startOffset 0 endOffset 11 width 75.00: "just a text"
      RenderSVGText {text} at (1600,1203) size 75x22 contains 1 chunk(s)
        RenderSVGInlineText {#text} at (0,0) size 75x22
          chunk 1 text run 1 at (1600.00,1220.00) startOffset 0 endOffset 11 width 75.00: "just a text"
      RenderSVGText {text} at (1700,1203) size 75x22 contains 1 chunk(s)
        RenderSVGInlineText {#text} at (0,0) size 75x22
          chunk 1 text run 1 at (1700.00,1220.00) startOffset 0 endOffset 11 width 75.00: "just a text"
      RenderSVGText {text} at (1800,1203) size 75x22 contains 1 chunk(s)
        RenderSVGInlineText {#text} at (0,0) size 75x22
          chunk 1 text run 1 at (1800.00,1220.00) startOffset 0 endOffset 11 width 75.00: "just a text"
      RenderSVGText {text} at (1900,1203) size 75x22 contains 1 chunk(s)
        RenderSVGInlineText {#text} at (0,0) size 75x22
          chunk 1 text run 1 at (1900.00,1220.00) startOffset 0 endOffset 11 width 75.00: "just a text"
      RenderSVGText {text} at (2000,1203) size 75x22 contains 1 chunk(s)
        RenderSVGInlineText {#text} at (0,0) size 75x22
          chunk 1 text run 1 at (2000.00,1220.00) startOffset 0 endOffset 11 width 75.00: "just a text"
      RenderSVGText {text} at (2100,1203) size 75x22 contains 1 chunk(s)
        RenderSVGInlineText {#text} at (0,0) size 75x22
          chunk 1 text run 1 at (2100.00,1220.00) startOffset 0 endOffset 11 width 75.00: "just a text"
      RenderSVGText {text} at (2200,1203) size 75x22 contains 1 chunk(s)
        RenderSVGInlineText {#text} at (0,0) size 75x22
          chunk 1 text run 1 at (2200.00,1220.00) startOffset 0 endOffset 11 width 75.00: "just a text"
      RenderSVGText {text} at (2300,1203) size 75x22 contains 1 chunk(s)
        RenderSVGInlineText {#text} at (0,0) size 75x22
          chunk 1 text run 1 at (2300.00,1220.00) startOffset 0 endOffset 11 width 75.00: "just a text"
      RenderSVGText {text} at (2400,1203) size 75x22 contains 1 chunk(s)
        RenderSVGInlineText {#text} at (0,0) size 75x22
          chunk 1 text run 1 at (2400.00,1220.00) startOffset 0 endOffset 11 width 75.00: "just a text"
      RenderSVGText {text} at (2500,1203) size 75x22 contains 1 chunk(s)
        RenderSVGInlineText {#text} at (0,0) size 75x22
          chunk 1 text run 1 at (2500.00,1220.00) startOffset 0 endOffset 11 width 75.00: "just a text"
      RenderSVGText {text} at (2600,1203) size 75x22 contains 1 chunk(s)
        RenderSVGInlineText {#text} at (0,0) size 75x22
          chunk 1 text run 1 at (2600.00,1220.00) startOffset 0 endOffset 11 width 75.00: "just a text"
      RenderSVGText {text} at (2700,1203) size 75x22 contains 1 chunk(s)
        RenderSVGInlineText {#text} at (0,0) size 75x22
          chunk 1 text run 1 at (2700.00,1220.00) startOffset 0 endOffset 11 width 75.00: "just a text"
      RenderSVGText {text} at (2800,1203) size 75x22 contains 1 chunk(s)
        RenderSVGInlineText {#text} at (0,0) size 75x22
          chunk 1 text run 1 at (2800.00,1220.00) startOffset 0 endOffset 11 width 75.00: "just a text"
      RenderSVGText {text} at (2900,1203) size 75x22 contains 1 chunk(s)
        RenderSVGInlineText {#text} at (0,0) size 75x22
          chunk 1 text run 1 at (2900.00,1220.00) startOffset 0 endOffset 11 width 75.00: "just a text"
      RenderSVGText {text} at (3000,1203) size 75x22 contains 1 chunk(s)
        RenderSVGInlineText {#text} at (0,0) size 75x22
          chunk 1 text run 1 at (3000.00,1220.00) startOffset 0 endOffset 11 width 75.00: "just a text"
      RenderSVGText {text} at (3100,1203) size 75x22 contains 1 chunk(s)
        RenderSVGInlineText {#text} at (0,0) size 75x22
          chunk 1 text run 1 at (3100.00,1220.00) startOffset 0 endOffset 11 width 75.00: "just a text"
      RenderSVGText {text} at (3200,1203) size 75x22 contains 1 chunk(s)
        RenderSVGInlineText {#text} at (0,0) size 75x22
          chunk 1 text run 1 at (3200.00,1220.00) startOffset 0 endOffset 11 width 75.00: "just a text"
      RenderSVGText {text} at (3300,1203) size 75x22 contains 1 chunk(s)
        RenderSVGInlineText {#text} at (0,0) size 75x22
          chunk 1 text run 1 at (3300.00,1220.00) startOffset 0 endOffset 11 width 75.00: "just a text"
      RenderSVGText {text} at (3400,1203) size 75x22 contains 1 chunk(s)
        RenderSVGInlineText {#text} at (0,0) size 75x22
          chunk 1 text run 1 at (3400.00,1220.00) startOffset 0 endOffset 11 width 75.00: "just a text"
      RenderSVGText {text} at (3500,1203) size 75x22 contains 1 chunk(s)
        RenderSVGInlineText {#text} at (0,0) size 75x22
          chunk 1 text run 1 at (3500.00,1220.00) startOffset 0 endOffset 11 width 75.00: "just a text"
      RenderSVGText {text} at (3600,1203) size 75x22 contains 1 chunk(s)
        RenderSVGInlineText {#text} at (0,0) size 75x22
          chunk 1 text run 1 at (3600.00,1220.00) startOffset 0 endOffset 11 width 75.00: "just a text"
      RenderSVGText {text} at (3700,1203) size 75x22 contains 1 chunk(s)
        RenderSVGInlineText {#text} at (0,0) size 75x22
          chunk 1 text run 1 at (3700.00,1220.00) startOffset 0 endOffset 11 width 75.00: "just a text"
      RenderSVGText {text} at (3800,1203) size 75x22 contains 1 chunk(s)
        RenderSVGInlineText {#text} at (0,0) size 75x22
          chunk 1 text run 1 at (3800.00,1220.00) startOffset 0 endOffset 11 width 75.00: "just a text"
      RenderSVGText {text} at (3900,1203) size 75x22 contains 1 chunk(s)
        RenderSVGInlineText {#text} at (0,0) size 75x22
          chunk 1 text run 1 at (3900.00,1220.00) startOffset 0 endOffset 11 width 75.00: "just a text"
      RenderSVGText {text} at (4000,1203) size 75x22 contains 1 chunk(s)
        RenderSVGInlineText {#text} at (0,0) size 75x22
          chunk 1 text run 1 at (4000.00,1220.00) startOffset 0 endOffset 11 width 75.00: "just a text"
      RenderSVGText {text} at (4100,1203) size 75x22 contains 1 chunk(s)
        RenderSVGInlineText {#text} at (0,0) size 75x22
          chunk 1 text run 1 at (4100.00,1220.00) startOffset 0 endOffset 11 width 75.00: "just a text"
      RenderSVGText {text} at (4200,1203) size 75x22 contains 1 chunk(s)
        RenderSVGInlineText {#text} at (0,0) size 75x22
          chunk 1 text run 1 at (4200.00,1220.00) startOffset 0 endOffset 11 width 75.00: "just a text"
      RenderSVGText {text} at (4300,1203) size 75x22 contains 1 chunk(s)
        RenderSVGInlineText {#text} at (0,0) size 75x22
          chunk 1 text run 1 at (4300.00,1220.00) startOffset 0 endOffset 11 width 75.00: "just a text"
      RenderSVGText {text} at (4400,1203) size 75x22 contains 1 chunk(s)
        RenderSVGInlineText {#text} at (0,0) size 75x22
          chunk 1 text run 1 at (4400.00,1220.00) startOffset 0 endOffset 11 width 75.00: "just a text"
      RenderSVGText {text} at (4500,1203) size 75x22 contains 1 chunk(s)
        RenderSVGInlineText {#text} at (0,0) size 75x22
          chunk 1 text run 1 at (4500.00,1220.00) startOffset 0 endOffset 11 width 75.00: "just a text"
      RenderSVGText {text} at (4600,1203) size 75x22 contains 1 chunk(s)
        RenderSVGInlineText {#text} at (0,0) size 75x22
          chunk 1 text run 1 at (4600.00,1220.00) startOffset 0 endOffset 11 width 75.00: "just a text"
      RenderSVGText {text} at (4700,1203) size 75x22 contains 1 chunk(s)
        RenderSVGInlineText {#text} at (0,0) size 75x22
          chunk 1 text run 1 at (4700.00,1220.00) startOffset 0 endOffset 11 width 75.00: "just a text"
      RenderSVGText {text} at (4800,1203) size 75x22 contains 1 chunk(s)
        RenderSVGInlineText {#text} at (0,0) size 75x22
          chunk 1 text run 1 at (4800.00,1220.00) startOffset 0 endOffset 11 width 75.00: "just a text"
      RenderSVGText {text} at (4900,1203) size 75x22 contains 1 chunk(s)
        RenderSVGInlineText {#text} at (0,0) size 75x22
          chunk 1 text run 1 at (4900.00,1220.00) startOffset 0 endOffset 11 width 75.00: "just a text"
      RenderSVGText {text} at (0,1303) size 75x22 contains 1 chunk(s)
        RenderSVGInlineText {#text} at (0,0) size 75x22
          chunk 1 text run 1 at (0.00,1320.00) startOffset 0 endOffset 11 width 75.00: "just a text"
      RenderSVGText {text} at (100,1303) size 75x22 contains 1 chunk(s)
        RenderSVGInlineText {#text} at (0,0) size 75x22
          chunk 1 text run 1 at (100.00,1320.00) startOffset 0 endOffset 11 width 75.00: "just a text"
      RenderSVGText {text} at (200,1303) size 75x22 contains 1 chunk(s)
        RenderSVGInlineText {#text} at (0,0) size 75x22
          chunk 1 text run 1 at (200.00,1320.00) startOffset 0 endOffset 11 width 75.00: "just a text"
      RenderSVGText {text} at (300,1303) size 75x22 contains 1 chunk(s)
        RenderSVGInlineText {#text} at (0,0) size 75x22
          chunk 1 text run 1 at (300.00,1320.00) startOffset 0 endOffset 11 width 75.00: "just a text"
      RenderSVGText {text} at (400,1303) size 75x22 contains 1 chunk(s)
        RenderSVGInlineText {#text} at (0,0) size 75x22
          chunk 1 text run 1 at (400.00,1320.00) startOffset 0 endOffset 11 width 75.00: "just a text"
      RenderSVGText {text} at (500,1303) size 75x22 contains 1 chunk(s)
        RenderSVGInlineText {#text} at (0,0) size 75x22
          chunk 1 text run 1 at (500.00,1320.00) startOffset 0 endOffset 11 width 75.00: "just a text"
      RenderSVGText {text} at (600,1303) size 75x22 contains 1 chunk(s)
        RenderSVGInlineText {#text} at (0,0) size 75x22
          chunk 1 text run 1 at (600.00,1320.00) startOffset 0 endOffset 11 width 75.00: "just a text"
      RenderSVGText {text} at (700,1303) size 75x22 contains 1 chunk(s)
        RenderSVGInlineText {#text} at (0,0) size 75x22
          chunk 1 text run 1 at (700.00,1320.00) startOffset 0 endOffset 11 width 75.00: "just a text"
      RenderSVGText {text} at (800,1303) size 75x22 contains 1 chunk(s)
        RenderSVGInlineText {#text} at (0,0) size 75x22
          chunk 1 text run 1 at (800.00,1320.00) startOffset 0 endOffset 11 width 75.00: "just a text"
      RenderSVGText {text} at (900,1303) size 75x22 contains 1 chunk(s)
        RenderSVGInlineText {#text} at (0,0) size 75x22
          chunk 1 text run 1 at (900.00,1320.00) startOffset 0 endOffset 11 width 75.00: "just a text"
      RenderSVGText {text} at (1000,1303) size 75x22 contains 1 chunk(s)
        RenderSVGInlineText {#text} at (0,0) size 75x22
          chunk 1 text run 1 at (1000.00,1320.00) startOffset 0 endOffset 11 width 75.00: "just a text"
      RenderSVGText {text} at (1100,1303) size 75x22 contains 1 chunk(s)
        RenderSVGInlineText {#text} at (0,0) size 75x22
          chunk 1 text run 1 at (1100.00,1320.00) startOffset 0 endOffset 11 width 75.00: "just a text"
      RenderSVGText {text} at (1200,1303) size 75x22 contains 1 chunk(s)
        RenderSVGInlineText {#text} at (0,0) size 75x22
          chunk 1 text run 1 at (1200.00,1320.00) startOffset 0 endOffset 11 width 75.00: "just a text"
      RenderSVGText {text} at (1300,1303) size 75x22 contains 1 chunk(s)
        RenderSVGInlineText {#text} at (0,0) size 75x22
          chunk 1 text run 1 at (1300.00,1320.00) startOffset 0 endOffset 11 width 75.00: "just a text"
      RenderSVGText {text} at (1400,1303) size 75x22 contains 1 chunk(s)
        RenderSVGInlineText {#text} at (0,0) size 75x22
          chunk 1 text run 1 at (1400.00,1320.00) startOffset 0 endOffset 11 width 75.00: "just a text"
      RenderSVGText {text} at (1500,1303) size 75x22 contains 1 chunk(s)
        RenderSVGInlineText {#text} at (0,0) size 75x22
          chunk 1 text run 1 at (1500.00,1320.00) startOffset 0 endOffset 11 width 75.00: "just a text"
      RenderSVGText {text} at (1600,1303) size 75x22 contains 1 chunk(s)
        RenderSVGInlineText {#text} at (0,0) size 75x22
          chunk 1 text run 1 at (1600.00,1320.00) startOffset 0 endOffset 11 width 75.00: "just a text"
      RenderSVGText {text} at (1700,1303) size 75x22 contains 1 chunk(s)
        RenderSVGInlineText {#text} at (0,0) size 75x22
          chunk 1 text run 1 at (1700.00,1320.00) startOffset 0 endOffset 11 width 75.00: "just a text"
      RenderSVGText {text} at (1800,1303) size 75x22 contains 1 chunk(s)
        RenderSVGInlineText {#text} at (0,0) size 75x22
          chunk 1 text run 1 at (1800.00,1320.00) startOffset 0 endOffset 11 width 75.00: "just a text"
      RenderSVGText {text} at (1900,1303) size 75x22 contains 1 chunk(s)
        RenderSVGInlineText {#text} at (0,0) size 75x22
          chunk 1 text run 1 at (1900.00,1320.00) startOffset 0 endOffset 11 width 75.00: "just a text"
      RenderSVGText {text} at (2000,1303) size 75x22 contains 1 chunk(s)
        RenderSVGInlineText {#text} at (0,0) size 75x22
          chunk 1 text run 1 at (2000.00,1320.00) startOffset 0 endOffset 11 width 75.00: "just a text"
      RenderSVGText {text} at (2100,1303) size 75x22 contains 1 chunk(s)
        RenderSVGInlineText {#text} at (0,0) size 75x22
          chunk 1 text run 1 at (2100.00,1320.00) startOffset 0 endOffset 11 width 75.00: "just a text"
      RenderSVGText {text} at (2200,1303) size 75x22 contains 1 chunk(s)
        RenderSVGInlineText {#text} at (0,0) size 75x22
          chunk 1 text run 1 at (2200.00,1320.00) startOffset 0 endOffset 11 width 75.00: "just a text"
      RenderSVGText {text} at (2300,1303) size 75x22 contains 1 chunk(s)
        RenderSVGInlineText {#text} at (0,0) size 75x22
          chunk 1 text run 1 at (2300.00,1320.00) startOffset 0 endOffset 11 width 75.00: "just a text"
      RenderSVGText {text} at (2400,1303) size 75x22 contains 1 chunk(s)
        RenderSVGInlineText {#text} at (0,0) size 75x22
          chunk 1 text run 1 at (2400.00,1320.00) startOffset 0 endOffset 11 width 75.00: "just a text"
      RenderSVGText {text} at (2500,1303) size 75x22 contains 1 chunk(s)
        RenderSVGInlineText {#text} at (0,0) size 75x22
          chunk 1 text run 1 at (2500.00,1320.00) startOffset 0 endOffset 11 width 75.00: "just a text"
      RenderSVGText {text} at (2600,1303) size 75x22 contains 1 chunk(s)
        RenderSVGInlineText {#text} at (0,0) size 75x22
          chunk 1 text run 1 at (2600.00,1320.00) startOffset 0 endOffset 11 width 75.00: "just a text"
      RenderSVGText {text} at (2700,1303) size 75x22 contains 1 chunk(s)
        RenderSVGInlineText {#text} at (0,0) size 75x22
          chunk 1 text run 1 at (2700.00,1320.00) startOffset 0 endOffset 11 width 75.00: "just a text"
      RenderSVGText {text} at (2800,1303) size 75x22 contains 1 chunk(s)
        RenderSVGInlineText {#text} at (0,0) size 75x22
          chunk 1 text run 1 at (2800.00,1320.00) startOffset 0 endOffset 11 width 75.00: "just a text"
      RenderSVGText {text} at (2900,1303) size 75x22 contains 1 chunk(s)
        RenderSVGInlineText {#text} at (0,0) size 75x22
          chunk 1 text run 1 at (2900.00,1320.00) startOffset 0 endOffset 11 width 75.00: "just a text"
      RenderSVGText {text} at (3000,1303) size 75x22 contains 1 chunk(s)
        RenderSVGInlineText {#text} at (0,0) size 75x22
          chunk 1 text run 1 at (3000.00,1320.00) startOffset 0 endOffset 11 width 75.00: "just a text"
      RenderSVGText {text} at (3100,1303) size 75x22 contains 1 chunk(s)
        RenderSVGInlineText {#text} at (0,0) size 75x22
          chunk 1 text run 1 at (3100.00,1320.00) startOffset 0 endOffset 11 width 75.00: "just a text"
      RenderSVGText {text} at (3200,1303) size 75x22 contains 1 chunk(s)
        RenderSVGInlineText {#text} at (0,0) size 75x22
          chunk 1 text run 1 at (3200.00,1320.00) startOffset 0 endOffset 11 width 75.00: "just a text"
      RenderSVGText {text} at (3300,1303) size 75x22 contains 1 chunk(s)
        RenderSVGInlineText {#text} at (0,0) size 75x22
          chunk 1 text run 1 at (3300.00,1320.00) startOffset 0 endOffset 11 width 75.00: "just a text"
      RenderSVGText {text} at (3400,1303) size 75x22 contains 1 chunk(s)
        RenderSVGInlineText {#text} at (0,0) size 75x22
          chunk 1 text run 1 at (3400.00,1320.00) startOffset 0 endOffset 11 width 75.00: "just a text"
      RenderSVGText {text} at (3500,1303) size 75x22 contains 1 chunk(s)
        RenderSVGInlineText {#text} at (0,0) size 75x22
          chunk 1 text run 1 at (3500.00,1320.00) startOffset 0 endOffset 11 width 75.00: "just a text"
      RenderSVGText {text} at (3600,1303) size 75x22 contains 1 chunk(s)
        RenderSVGInlineText {#text} at (0,0) size 75x22
          chunk 1 text run 1 at (3600.00,1320.00) startOffset 0 endOffset 11 width 75.00: "just a text"
      RenderSVGText {text} at (3700,1303) size 75x22 contains 1 chunk(s)
        RenderSVGInlineText {#text} at (0,0) size 75x22
          chunk 1 text run 1 at (3700.00,1320.00) startOffset 0 endOffset 11 width 75.00: "just a text"
      RenderSVGText {text} at (3800,1303) size 75x22 contains 1 chunk(s)
        RenderSVGInlineText {#text} at (0,0) size 75x22
          chunk 1 text run 1 at (3800.00,1320.00) startOffset 0 endOffset 11 width 75.00: "just a text"
      RenderSVGText {text} at (3900,1303) size 75x22 contains 1 chunk(s)
        RenderSVGInlineText {#text} at (0,0) size 75x22
          chunk 1 text run 1 at (3900.00,1320.00) startOffset 0 endOffset 11 width 75.00: "just a text"
      RenderSVGText {text} at (4000,1303) size 75x22 contains 1 chunk(s)
        RenderSVGInlineText {#text} at (0,0) size 75x22
          chunk 1 text run 1 at (4000.00,1320.00) startOffset 0 endOffset 11 width 75.00: "just a text"
      RenderSVGText {text} at (4100,1303) size 75x22 contains 1 chunk(s)
        RenderSVGInlineText {#text} at (0,0) size 75x22
          chunk 1 text run 1 at (4100.00,1320.00) startOffset 0 endOffset 11 width 75.00: "just a text"
      RenderSVGText {text} at (4200,1303) size 75x22 contains 1 chunk(s)
        RenderSVGInlineText {#text} at (0,0) size 75x22
          chunk 1 text run 1 at (4200.00,1320.00) startOffset 0 endOffset 11 width 75.00: "just a text"
      RenderSVGText {text} at (4300,1303) size 75x22 contains 1 chunk(s)
        RenderSVGInlineText {#text} at (0,0) size 75x22
          chunk 1 text run 1 at (4300.00,1320.00) startOffset 0 endOffset 11 width 75.00: "just a text"
      RenderSVGText {text} at (4400,1303) size 75x22 contains 1 chunk(s)
        RenderSVGInlineText {#text} at (0,0) size 75x22
          chunk 1 text run 1 at (4400.00,1320.00) startOffset 0 endOffset 11 width 75.00: "just a text"
      RenderSVGText {text} at (4500,1303) size 75x22 contains 1 chunk(s)
        RenderSVGInlineText {#text} at (0,0) size 75x22
          chunk 1 text run 1 at (4500.00,1320.00) startOffset 0 endOffset 11 width 75.00: "just a text"
      RenderSVGText {text} at (4600,1303) size 75x22 contains 1 chunk(s)
        RenderSVGInlineText {#text} at (0,0) size 75x22
          chunk 1 text run 1 at (4600.00,1320.00) startOffset 0 endOffset 11 width 75.00: "just a text"
      RenderSVGText {text} at (4700,1303) size 75x22 contains 1 chunk(s)
        RenderSVGInlineText {#text} at (0,0) size 75x22
          chunk 1 text run 1 at (4700.00,1320.00) startOffset 0 endOffset 11 width 75.00: "just a text"
      RenderSVGText {text} at (4800,1303) size 75x22 contains 1 chunk(s)
        RenderSVGInlineText {#text} at (0,0) size 75x22
          chunk 1 text run 1 at (4800.00,1320.00) startOffset 0 endOffset 11 width 75.00: "just a text"
      RenderSVGText {text} at (4900,1303) size 75x22 contains 1 chunk(s)
        RenderSVGInlineText {#text} at (0,0) size 75x22
          chunk 1 text run 1 at (4900.00,1320.00) startOffset 0 endOffset 11 width 75.00: "just a text"
      RenderSVGText {text} at (0,1403) size 75x22 contains 1 chunk(s)
        RenderSVGInlineText {#text} at (0,0) size 75x22
          chunk 1 text run 1 at (0.00,1420.00) startOffset 0 endOffset 11 width 75.00: "just a text"
      RenderSVGText {text} at (100,1403) size 75x22 contains 1 chunk(s)
        RenderSVGInlineText {#text} at (0,0) size 75x22
          chunk 1 text run 1 at (100.00,1420.00) startOffset 0 endOffset 11 width 75.00: "just a text"
      RenderSVGText {text} at (200,1403) size 75x22 contains 1 chunk(s)
        RenderSVGInlineText {#text} at (0,0) size 75x22
          chunk 1 text run 1 at (200.00,1420.00) startOffset 0 endOffset 11 width 75.00: "just a text"
      RenderSVGText {text} at (300,1403) size 75x22 contains 1 chunk(s)
        RenderSVGInlineText {#text} at (0,0) size 75x22
          chunk 1 text run 1 at (300.00,1420.00) startOffset 0 endOffset 11 width 75.00: "just a text"
      RenderSVGText {text} at (400,1403) size 75x22 contains 1 chunk(s)
        RenderSVGInlineText {#text} at (0,0) size 75x22
          chunk 1 text run 1 at (400.00,1420.00) startOffset 0 endOffset 11 width 75.00: "just a text"
      RenderSVGText {text} at (500,1403) size 75x22 contains 1 chunk(s)
        RenderSVGInlineText {#text} at (0,0) size 75x22
          chunk 1 text run 1 at (500.00,1420.00) startOffset 0 endOffset 11 width 75.00: "just a text"
      RenderSVGText {text} at (600,1403) size 75x22 contains 1 chunk(s)
        RenderSVGInlineText {#text} at (0,0) size 75x22
          chunk 1 text run 1 at (600.00,1420.00) startOffset 0 endOffset 11 width 75.00: "just a text"
      RenderSVGText {text} at (700,1403) size 75x22 contains 1 chunk(s)
        RenderSVGInlineText {#text} at (0,0) size 75x22
          chunk 1 text run 1 at (700.00,1420.00) startOffset 0 endOffset 11 width 75.00: "just a text"
      RenderSVGText {text} at (800,1403) size 75x22 contains 1 chunk(s)
        RenderSVGInlineText {#text} at (0,0) size 75x22
          chunk 1 text run 1 at (800.00,1420.00) startOffset 0 endOffset 11 width 75.00: "just a text"
      RenderSVGText {text} at (900,1403) size 75x22 contains 1 chunk(s)
        RenderSVGInlineText {#text} at (0,0) size 75x22
          chunk 1 text run 1 at (900.00,1420.00) startOffset 0 endOffset 11 width 75.00: "just a text"
      RenderSVGText {text} at (1000,1403) size 75x22 contains 1 chunk(s)
        RenderSVGInlineText {#text} at (0,0) size 75x22
          chunk 1 text run 1 at (1000.00,1420.00) startOffset 0 endOffset 11 width 75.00: "just a text"
      RenderSVGText {text} at (1100,1403) size 75x22 contains 1 chunk(s)
        RenderSVGInlineText {#text} at (0,0) size 75x22
          chunk 1 text run 1 at (1100.00,1420.00) startOffset 0 endOffset 11 width 75.00: "just a text"
      RenderSVGText {text} at (1200,1403) size 75x22 contains 1 chunk(s)
        RenderSVGInlineText {#text} at (0,0) size 75x22
          chunk 1 text run 1 at (1200.00,1420.00) startOffset 0 endOffset 11 width 75.00: "just a text"
      RenderSVGText {text} at (1300,1403) size 75x22 contains 1 chunk(s)
        RenderSVGInlineText {#text} at (0,0) size 75x22
          chunk 1 text run 1 at (1300.00,1420.00) startOffset 0 endOffset 11 width 75.00: "just a text"
      RenderSVGText {text} at (1400,1403) size 75x22 contains 1 chunk(s)
        RenderSVGInlineText {#text} at (0,0) size 75x22
          chunk 1 text run 1 at (1400.00,1420.00) startOffset 0 endOffset 11 width 75.00: "just a text"
      RenderSVGText {text} at (1500,1403) size 75x22 contains 1 chunk(s)
        RenderSVGInlineText {#text} at (0,0) size 75x22
          chunk 1 text run 1 at (1500.00,1420.00) startOffset 0 endOffset 11 width 75.00: "just a text"
      RenderSVGText {text} at (1600,1403) size 75x22 contains 1 chunk(s)
        RenderSVGInlineText {#text} at (0,0) size 75x22
          chunk 1 text run 1 at (1600.00,1420.00) startOffset 0 endOffset 11 width 75.00: "just a text"
      RenderSVGText {text} at (1700,1403) size 75x22 contains 1 chunk(s)
        RenderSVGInlineText {#text} at (0,0) size 75x22
          chunk 1 text run 1 at (1700.00,1420.00) startOffset 0 endOffset 11 width 75.00: "just a text"
      RenderSVGText {text} at (1800,1403) size 75x22 contains 1 chunk(s)
        RenderSVGInlineText {#text} at (0,0) size 75x22
          chunk 1 text run 1 at (1800.00,1420.00) startOffset 0 endOffset 11 width 75.00: "just a text"
      RenderSVGText {text} at (1900,1403) size 75x22 contains 1 chunk(s)
        RenderSVGInlineText {#text} at (0,0) size 75x22
          chunk 1 text run 1 at (1900.00,1420.00) startOffset 0 endOffset 11 width 75.00: "just a text"
      RenderSVGText {text} at (2000,1403) size 75x22 contains 1 chunk(s)
        RenderSVGInlineText {#text} at (0,0) size 75x22
          chunk 1 text run 1 at (2000.00,1420.00) startOffset 0 endOffset 11 width 75.00: "just a text"
      RenderSVGText {text} at (2100,1403) size 75x22 contains 1 chunk(s)
        RenderSVGInlineText {#text} at (0,0) size 75x22
          chunk 1 text run 1 at (2100.00,1420.00) startOffset 0 endOffset 11 width 75.00: "just a text"
      RenderSVGText {text} at (2200,1403) size 75x22 contains 1 chunk(s)
        RenderSVGInlineText {#text} at (0,0) size 75x22
          chunk 1 text run 1 at (2200.00,1420.00) startOffset 0 endOffset 11 width 75.00: "just a text"
      RenderSVGText {text} at (2300,1403) size 75x22 contains 1 chunk(s)
        RenderSVGInlineText {#text} at (0,0) size 75x22
          chunk 1 text run 1 at (2300.00,1420.00) startOffset 0 endOffset 11 width 75.00: "just a text"
      RenderSVGText {text} at (2400,1403) size 75x22 contains 1 chunk(s)
        RenderSVGInlineText {#text} at (0,0) size 75x22
          chunk 1 text run 1 at (2400.00,1420.00) startOffset 0 endOffset 11 width 75.00: "just a text"
      RenderSVGText {text} at (2500,1403) size 75x22 contains 1 chunk(s)
        RenderSVGInlineText {#text} at (0,0) size 75x22
          chunk 1 text run 1 at (2500.00,1420.00) startOffset 0 endOffset 11 width 75.00: "just a text"
      RenderSVGText {text} at (2600,1403) size 75x22 contains 1 chunk(s)
        RenderSVGInlineText {#text} at (0,0) size 75x22
          chunk 1 text run 1 at (2600.00,1420.00) startOffset 0 endOffset 11 width 75.00: "just a text"
      RenderSVGText {text} at (2700,1403) size 75x22 contains 1 chunk(s)
        RenderSVGInlineText {#text} at (0,0) size 75x22
          chunk 1 text run 1 at (2700.00,1420.00) startOffset 0 endOffset 11 width 75.00: "just a text"
      RenderSVGText {text} at (2800,1403) size 75x22 contains 1 chunk(s)
        RenderSVGInlineText {#text} at (0,0) size 75x22
          chunk 1 text run 1 at (2800.00,1420.00) startOffset 0 endOffset 11 width 75.00: "just a text"
      RenderSVGText {text} at (2900,1403) size 75x22 contains 1 chunk(s)
        RenderSVGInlineText {#text} at (0,0) size 75x22
          chunk 1 text run 1 at (2900.00,1420.00) startOffset 0 endOffset 11 width 75.00: "just a text"
      RenderSVGText {text} at (3000,1403) size 75x22 contains 1 chunk(s)
        RenderSVGInlineText {#text} at (0,0) size 75x22
          chunk 1 text run 1 at (3000.00,1420.00) startOffset 0 endOffset 11 width 75.00: "just a text"
      RenderSVGText {text} at (3100,1403) size 75x22 contains 1 chunk(s)
        RenderSVGInlineText {#text} at (0,0) size 75x22
          chunk 1 text run 1 at (3100.00,1420.00) startOffset 0 endOffset 11 width 75.00: "just a text"
      RenderSVGText {text} at (3200,1403) size 75x22 contains 1 chunk(s)
        RenderSVGInlineText {#text} at (0,0) size 75x22
          chunk 1 text run 1 at (3200.00,1420.00) startOffset 0 endOffset 11 width 75.00: "just a text"
      RenderSVGText {text} at (3300,1403) size 75x22 contains 1 chunk(s)
        RenderSVGInlineText {#text} at (0,0) size 75x22
          chunk 1 text run 1 at (3300.00,1420.00) startOffset 0 endOffset 11 width 75.00: "just a text"
      RenderSVGText {text} at (3400,1403) size 75x22 contains 1 chunk(s)
        RenderSVGInlineText {#text} at (0,0) size 75x22
          chunk 1 text run 1 at (3400.00,1420.00) startOffset 0 endOffset 11 width 75.00: "just a text"
      RenderSVGText {text} at (3500,1403) size 75x22 contains 1 chunk(s)
        RenderSVGInlineText {#text} at (0,0) size 75x22
          chunk 1 text run 1 at (3500.00,1420.00) startOffset 0 endOffset 11 width 75.00: "just a text"
      RenderSVGText {text} at (3600,1403) size 75x22 contains 1 chunk(s)
        RenderSVGInlineText {#text} at (0,0) size 75x22
          chunk 1 text run 1 at (3600.00,1420.00) startOffset 0 endOffset 11 width 75.00: "just a text"
      RenderSVGText {text} at (3700,1403) size 75x22 contains 1 chunk(s)
        RenderSVGInlineText {#text} at (0,0) size 75x22
          chunk 1 text run 1 at (3700.00,1420.00) startOffset 0 endOffset 11 width 75.00: "just a text"
      RenderSVGText {text} at (3800,1403) size 75x22 contains 1 chunk(s)
        RenderSVGInlineText {#text} at (0,0) size 75x22
          chunk 1 text run 1 at (3800.00,1420.00) startOffset 0 endOffset 11 width 75.00: "just a text"
      RenderSVGText {text} at (3900,1403) size 75x22 contains 1 chunk(s)
        RenderSVGInlineText {#text} at (0,0) size 75x22
          chunk 1 text run 1 at (3900.00,1420.00) startOffset 0 endOffset 11 width 75.00: "just a text"
      RenderSVGText {text} at (4000,1403) size 75x22 contains 1 chunk(s)
        RenderSVGInlineText {#text} at (0,0) size 75x22
          chunk 1 text run 1 at (4000.00,1420.00) startOffset 0 endOffset 11 width 75.00: "just a text"
      RenderSVGText {text} at (4100,1403) size 75x22 contains 1 chunk(s)
        RenderSVGInlineText {#text} at (0,0) size 75x22
          chunk 1 text run 1 at (4100.00,1420.00) startOffset 0 endOffset 11 width 75.00: "just a text"
      RenderSVGText {text} at (4200,1403) size 75x22 contains 1 chunk(s)
        RenderSVGInlineText {#text} at (0,0) size 75x22
          chunk 1 text run 1 at (4200.00,1420.00) startOffset 0 endOffset 11 width 75.00: "just a text"
      RenderSVGText {text} at (4300,1403) size 75x22 contains 1 chunk(s)
        RenderSVGInlineText {#text} at (0,0) size 75x22
          chunk 1 text run 1 at (4300.00,1420.00) startOffset 0 endOffset 11 width 75.00: "just a text"
      RenderSVGText {text} at (4400,1403) size 75x22 contains 1 chunk(s)
        RenderSVGInlineText {#text} at (0,0) size 75x22
          chunk 1 text run 1 at (4400.00,1420.00) startOffset 0 endOffset 11 width 75.00: "just a text"
      RenderSVGText {text} at (4500,1403) size 75x22 contains 1 chunk(s)
        RenderSVGInlineText {#text} at (0,0) size 75x22
          chunk 1 text run 1 at (4500.00,1420.00) startOffset 0 endOffset 11 width 75.00: "just a text"
      RenderSVGText {text} at (4600,1403) size 75x22 contains 1 chunk(s)
        RenderSVGInlineText {#text} at (0,0) size 75x22
          chunk 1 text run 1 at (4600.00,1420.00) startOffset 0 endOffset 11 width 75.00: "just a text"
      RenderSVGText {text} at (4700,1403) size 75x22 contains 1 chunk(s)
        RenderSVGInlineText {#text} at (0,0) size 75x22
          chunk 1 text run 1 at (4700.00,1420.00) startOffset 0 endOffset 11 width 75.00: "just a text"
      RenderSVGText {text} at (4800,1403) size 75x22 contains 1 chunk(s)
        RenderSVGInlineText {#text} at (0,0) size 75x22
          chunk 1 text run 1 at (4800.00,1420.00) startOffset 0 endOffset 11 width 75.00: "just a text"
      RenderSVGText {text} at (4900,1403) size 75x22 contains 1 chunk(s)
        RenderSVGInlineText {#text} at (0,0) size 75x22
          chunk 1 text run 1 at (4900.00,1420.00) startOffset 0 endOffset 11 width 75.00: "just a text"
      RenderSVGText {text} at (0,1503) size 75x22 contains 1 chunk(s)
        RenderSVGInlineText {#text} at (0,0) size 75x22
          chunk 1 text run 1 at (0.00,1520.00) startOffset 0 endOffset 11 width 75.00: "just a text"
      RenderSVGText {text} at (100,1503) size 75x22 contains 1 chunk(s)
        RenderSVGInlineText {#text} at (0,0) size 75x22
          chunk 1 text run 1 at (100.00,1520.00) startOffset 0 endOffset 11 width 75.00: "just a text"
      RenderSVGText {text} at (200,1503) size 75x22 contains 1 chunk(s)
        RenderSVGInlineText {#text} at (0,0) size 75x22
          chunk 1 text run 1 at (200.00,1520.00) startOffset 0 endOffset 11 width 75.00: "just a text"
      RenderSVGText {text} at (300,1503) size 75x22 contains 1 chunk(s)
        RenderSVGInlineText {#text} at (0,0) size 75x22
          chunk 1 text run 1 at (300.00,1520.00) startOffset 0 endOffset 11 width 75.00: "just a text"
      RenderSVGText {text} at (400,1503) size 75x22 contains 1 chunk(s)
        RenderSVGInlineText {#text} at (0,0) size 75x22
          chunk 1 text run 1 at (400.00,1520.00) startOffset 0 endOffset 11 width 75.00: "just a text"
      RenderSVGText {text} at (500,1503) size 75x22 contains 1 chunk(s)
        RenderSVGInlineText {#text} at (0,0) size 75x22
          chunk 1 text run 1 at (500.00,1520.00) startOffset 0 endOffset 11 width 75.00: "just a text"
      RenderSVGText {text} at (600,1503) size 75x22 contains 1 chunk(s)
        RenderSVGInlineText {#text} at (0,0) size 75x22
          chunk 1 text run 1 at (600.00,1520.00) startOffset 0 endOffset 11 width 75.00: "just a text"
      RenderSVGText {text} at (700,1503) size 75x22 contains 1 chunk(s)
        RenderSVGInlineText {#text} at (0,0) size 75x22
          chunk 1 text run 1 at (700.00,1520.00) startOffset 0 endOffset 11 width 75.00: "just a text"
      RenderSVGText {text} at (800,1503) size 75x22 contains 1 chunk(s)
        RenderSVGInlineText {#text} at (0,0) size 75x22
          chunk 1 text run 1 at (800.00,1520.00) startOffset 0 endOffset 11 width 75.00: "just a text"
      RenderSVGText {text} at (900,1503) size 75x22 contains 1 chunk(s)
        RenderSVGInlineText {#text} at (0,0) size 75x22
          chunk 1 text run 1 at (900.00,1520.00) startOffset 0 endOffset 11 width 75.00: "just a text"
      RenderSVGText {text} at (1000,1503) size 75x22 contains 1 chunk(s)
        RenderSVGInlineText {#text} at (0,0) size 75x22
          chunk 1 text run 1 at (1000.00,1520.00) startOffset 0 endOffset 11 width 75.00: "just a text"
      RenderSVGText {text} at (1100,1503) size 75x22 contains 1 chunk(s)
        RenderSVGInlineText {#text} at (0,0) size 75x22
          chunk 1 text run 1 at (1100.00,1520.00) startOffset 0 endOffset 11 width 75.00: "just a text"
      RenderSVGText {text} at (1200,1503) size 75x22 contains 1 chunk(s)
        RenderSVGInlineText {#text} at (0,0) size 75x22
          chunk 1 text run 1 at (1200.00,1520.00) startOffset 0 endOffset 11 width 75.00: "just a text"
      RenderSVGText {text} at (1300,1503) size 75x22 contains 1 chunk(s)
        RenderSVGInlineText {#text} at (0,0) size 75x22
          chunk 1 text run 1 at (1300.00,1520.00) startOffset 0 endOffset 11 width 75.00: "just a text"
      RenderSVGText {text} at (1400,1503) size 75x22 contains 1 chunk(s)
        RenderSVGInlineText {#text} at (0,0) size 75x22
          chunk 1 text run 1 at (1400.00,1520.00) startOffset 0 endOffset 11 width 75.00: "just a text"
      RenderSVGText {text} at (1500,1503) size 75x22 contains 1 chunk(s)
        RenderSVGInlineText {#text} at (0,0) size 75x22
          chunk 1 text run 1 at (1500.00,1520.00) startOffset 0 endOffset 11 width 75.00: "just a text"
      RenderSVGText {text} at (1600,1503) size 75x22 contains 1 chunk(s)
        RenderSVGInlineText {#text} at (0,0) size 75x22
          chunk 1 text run 1 at (1600.00,1520.00) startOffset 0 endOffset 11 width 75.00: "just a text"
      RenderSVGText {text} at (1700,1503) size 75x22 contains 1 chunk(s)
        RenderSVGInlineText {#text} at (0,0) size 75x22
          chunk 1 text run 1 at (1700.00,1520.00) startOffset 0 endOffset 11 width 75.00: "just a text"
      RenderSVGText {text} at (1800,1503) size 75x22 contains 1 chunk(s)
        RenderSVGInlineText {#text} at (0,0) size 75x22
          chunk 1 text run 1 at (1800.00,1520.00) startOffset 0 endOffset 11 width 75.00: "just a text"
      RenderSVGText {text} at (1900,1503) size 75x22 contains 1 chunk(s)
        RenderSVGInlineText {#text} at (0,0) size 75x22
          chunk 1 text run 1 at (1900.00,1520.00) startOffset 0 endOffset 11 width 75.00: "just a text"
      RenderSVGText {text} at (2000,1503) size 75x22 contains 1 chunk(s)
        RenderSVGInlineText {#text} at (0,0) size 75x22
          chunk 1 text run 1 at (2000.00,1520.00) startOffset 0 endOffset 11 width 75.00: "just a text"
      RenderSVGText {text} at (2100,1503) size 75x22 contains 1 chunk(s)
        RenderSVGInlineText {#text} at (0,0) size 75x22
          chunk 1 text run 1 at (2100.00,1520.00) startOffset 0 endOffset 11 width 75.00: "just a text"
      RenderSVGText {text} at (2200,1503) size 75x22 contains 1 chunk(s)
        RenderSVGInlineText {#text} at (0,0) size 75x22
          chunk 1 text run 1 at (2200.00,1520.00) startOffset 0 endOffset 11 width 75.00: "just a text"
      RenderSVGText {text} at (2300,1503) size 75x22 contains 1 chunk(s)
        RenderSVGInlineText {#text} at (0,0) size 75x22
          chunk 1 text run 1 at (2300.00,1520.00) startOffset 0 endOffset 11 width 75.00: "just a text"
      RenderSVGText {text} at (2400,1503) size 75x22 contains 1 chunk(s)
        RenderSVGInlineText {#text} at (0,0) size 75x22
          chunk 1 text run 1 at (2400.00,1520.00) startOffset 0 endOffset 11 width 75.00: "just a text"
      RenderSVGText {text} at (2500,1503) size 75x22 contains 1 chunk(s)
        RenderSVGInlineText {#text} at (0,0) size 75x22
          chunk 1 text run 1 at (2500.00,1520.00) startOffset 0 endOffset 11 width 75.00: "just a text"
      RenderSVGText {text} at (2600,1503) size 75x22 contains 1 chunk(s)
        RenderSVGInlineText {#text} at (0,0) size 75x22
          chunk 1 text run 1 at (2600.00,1520.00) startOffset 0 endOffset 11 width 75.00: "just a text"
      RenderSVGText {text} at (2700,1503) size 75x22 contains 1 chunk(s)
        RenderSVGInlineText {#text} at (0,0) size 75x22
          chunk 1 text run 1 at (2700.00,1520.00) startOffset 0 endOffset 11 width 75.00: "just a text"
      RenderSVGText {text} at (2800,1503) size 75x22 contains 1 chunk(s)
        RenderSVGInlineText {#text} at (0,0) size 75x22
          chunk 1 text run 1 at (2800.00,1520.00) startOffset 0 endOffset 11 width 75.00: "just a text"
      RenderSVGText {text} at (2900,1503) size 75x22 contains 1 chunk(s)
        RenderSVGInlineText {#text} at (0,0) size 75x22
          chunk 1 text run 1 at (2900.00,1520.00) startOffset 0 endOffset 11 width 75.00: "just a text"
      RenderSVGText {text} at (3000,1503) size 75x22 contains 1 chunk(s)
        RenderSVGInlineText {#text} at (0,0) size 75x22
          chunk 1 text run 1 at (3000.00,1520.00) startOffset 0 endOffset 11 width 75.00: "just a text"
      RenderSVGText {text} at (3100,1503) size 75x22 contains 1 chunk(s)
        RenderSVGInlineText {#text} at (0,0) size 75x22
          chunk 1 text run 1 at (3100.00,1520.00) startOffset 0 endOffset 11 width 75.00: "just a text"
      RenderSVGText {text} at (3200,1503) size 75x22 contains 1 chunk(s)
        RenderSVGInlineText {#text} at (0,0) size 75x22
          chunk 1 text run 1 at (3200.00,1520.00) startOffset 0 endOffset 11 width 75.00: "just a text"
      RenderSVGText {text} at (3300,1503) size 75x22 contains 1 chunk(s)
        RenderSVGInlineText {#text} at (0,0) size 75x22
          chunk 1 text run 1 at (3300.00,1520.00) startOffset 0 endOffset 11 width 75.00: "just a text"
      RenderSVGText {text} at (3400,1503) size 75x22 contains 1 chunk(s)
        RenderSVGInlineText {#text} at (0,0) size 75x22
          chunk 1 text run 1 at (3400.00,1520.00) startOffset 0 endOffset 11 width 75.00: "just a text"
      RenderSVGText {text} at (3500,1503) size 75x22 contains 1 chunk(s)
        RenderSVGInlineText {#text} at (0,0) size 75x22
          chunk 1 text run 1 at (3500.00,1520.00) startOffset 0 endOffset 11 width 75.00: "just a text"
      RenderSVGText {text} at (3600,1503) size 75x22 contains 1 chunk(s)
        RenderSVGInlineText {#text} at (0,0) size 75x22
          chunk 1 text run 1 at (3600.00,1520.00) startOffset 0 endOffset 11 width 75.00: "just a text"
      RenderSVGText {text} at (3700,1503) size 75x22 contains 1 chunk(s)
        RenderSVGInlineText {#text} at (0,0) size 75x22
          chunk 1 text run 1 at (3700.00,1520.00) startOffset 0 endOffset 11 width 75.00: "just a text"
      RenderSVGText {text} at (3800,1503) size 75x22 contains 1 chunk(s)
        RenderSVGInlineText {#text} at (0,0) size 75x22
          chunk 1 text run 1 at (3800.00,1520.00) startOffset 0 endOffset 11 width 75.00: "just a text"
      RenderSVGText {text} at (3900,1503) size 75x22 contains 1 chunk(s)
        RenderSVGInlineText {#text} at (0,0) size 75x22
          chunk 1 text run 1 at (3900.00,1520.00) startOffset 0 endOffset 11 width 75.00: "just a text"
      RenderSVGText {text} at (4000,1503) size 75x22 contains 1 chunk(s)
        RenderSVGInlineText {#text} at (0,0) size 75x22
          chunk 1 text run 1 at (4000.00,1520.00) startOffset 0 endOffset 11 width 75.00: "just a text"
      RenderSVGText {text} at (4100,1503) size 75x22 contains 1 chunk(s)
        RenderSVGInlineText {#text} at (0,0) size 75x22
          chunk 1 text run 1 at (4100.00,1520.00) startOffset 0 endOffset 11 width 75.00: "just a text"
      RenderSVGText {text} at (4200,1503) size 75x22 contains 1 chunk(s)
        RenderSVGInlineText {#text} at (0,0) size 75x22
          chunk 1 text run 1 at (4200.00,1520.00) startOffset 0 endOffset 11 width 75.00: "just a text"
      RenderSVGText {text} at (4300,1503) size 75x22 contains 1 chunk(s)
        RenderSVGInlineText {#text} at (0,0) size 75x22
          chunk 1 text run 1 at (4300.00,1520.00) startOffset 0 endOffset 11 width 75.00: "just a text"
      RenderSVGText {text} at (4400,1503) size 75x22 contains 1 chunk(s)
        RenderSVGInlineText {#text} at (0,0) size 75x22
          chunk 1 text run 1 at (4400.00,1520.00) startOffset 0 endOffset 11 width 75.00: "just a text"
      RenderSVGText {text} at (4500,1503) size 75x22 contains 1 chunk(s)
        RenderSVGInlineText {#text} at (0,0) size 75x22
          chunk 1 text run 1 at (4500.00,1520.00) startOffset 0 endOffset 11 width 75.00: "just a text"
      RenderSVGText {text} at (4600,1503) size 75x22 contains 1 chunk(s)
        RenderSVGInlineText {#text} at (0,0) size 75x22
          chunk 1 text run 1 at (4600.00,1520.00) startOffset 0 endOffset 11 width 75.00: "just a text"
      RenderSVGText {text} at (4700,1503) size 75x22 contains 1 chunk(s)
        RenderSVGInlineText {#text} at (0,0) size 75x22
          chunk 1 text run 1 at (4700.00,1520.00) startOffset 0 endOffset 11 width 75.00: "just a text"
      RenderSVGText {text} at (4800,1503) size 75x22 contains 1 chunk(s)
        RenderSVGInlineText {#text} at (0,0) size 75x22
          chunk 1 text run 1 at (4800.00,1520.00) startOffset 0 endOffset 11 width 75.00: "just a text"
      RenderSVGText {text} at (4900,1503) size 75x22 contains 1 chunk(s)
        RenderSVGInlineText {#text} at (0,0) size 75x22
          chunk 1 text run 1 at (4900.00,1520.00) startOffset 0 endOffset 11 width 75.00: "just a text"
      RenderSVGText {text} at (0,1603) size 75x22 contains 1 chunk(s)
        RenderSVGInlineText {#text} at (0,0) size 75x22
          chunk 1 text run 1 at (0.00,1620.00) startOffset 0 endOffset 11 width 75.00: "just a text"
      RenderSVGText {text} at (100,1603) size 75x22 contains 1 chunk(s)
        RenderSVGInlineText {#text} at (0,0) size 75x22
          chunk 1 text run 1 at (100.00,1620.00) startOffset 0 endOffset 11 width 75.00: "just a text"
      RenderSVGText {text} at (200,1603) size 75x22 contains 1 chunk(s)
        RenderSVGInlineText {#text} at (0,0) size 75x22
          chunk 1 text run 1 at (200.00,1620.00) startOffset 0 endOffset 11 width 75.00: "just a text"
      RenderSVGText {text} at (300,1603) size 75x22 contains 1 chunk(s)
        RenderSVGInlineText {#text} at (0,0) size 75x22
          chunk 1 text run 1 at (300.00,1620.00) startOffset 0 endOffset 11 width 75.00: "just a text"
      RenderSVGText {text} at (400,1603) size 75x22 contains 1 chunk(s)
        RenderSVGInlineText {#text} at (0,0) size 75x22
          chunk 1 text run 1 at (400.00,1620.00) startOffset 0 endOffset 11 width 75.00: "just a text"
      RenderSVGText {text} at (500,1603) size 75x22 contains 1 chunk(s)
        RenderSVGInlineText {#text} at (0,0) size 75x22
          chunk 1 text run 1 at (500.00,1620.00) startOffset 0 endOffset 11 width 75.00: "just a text"
      RenderSVGText {text} at (600,1603) size 75x22 contains 1 chunk(s)
        RenderSVGInlineText {#text} at (0,0) size 75x22
          chunk 1 text run 1 at (600.00,1620.00) startOffset 0 endOffset 11 width 75.00: "just a text"
      RenderSVGText {text} at (700,1603) size 75x22 contains 1 chunk(s)
        RenderSVGInlineText {#text} at (0,0) size 75x22
          chunk 1 text run 1 at (700.00,1620.00) startOffset 0 endOffset 11 width 75.00: "just a text"
      RenderSVGText {text} at (800,1603) size 75x22 contains 1 chunk(s)
        RenderSVGInlineText {#text} at (0,0) size 75x22
          chunk 1 text run 1 at (800.00,1620.00) startOffset 0 endOffset 11 width 75.00: "just a text"
      RenderSVGText {text} at (900,1603) size 75x22 contains 1 chunk(s)
        RenderSVGInlineText {#text} at (0,0) size 75x22
          chunk 1 text run 1 at (900.00,1620.00) startOffset 0 endOffset 11 width 75.00: "just a text"
      RenderSVGText {text} at (1000,1603) size 75x22 contains 1 chunk(s)
        RenderSVGInlineText {#text} at (0,0) size 75x22
          chunk 1 text run 1 at (1000.00,1620.00) startOffset 0 endOffset 11 width 75.00: "just a text"
      RenderSVGText {text} at (1100,1603) size 75x22 contains 1 chunk(s)
        RenderSVGInlineText {#text} at (0,0) size 75x22
          chunk 1 text run 1 at (1100.00,1620.00) startOffset 0 endOffset 11 width 75.00: "just a text"
      RenderSVGText {text} at (1200,1603) size 75x22 contains 1 chunk(s)
        RenderSVGInlineText {#text} at (0,0) size 75x22
          chunk 1 text run 1 at (1200.00,1620.00) startOffset 0 endOffset 11 width 75.00: "just a text"
      RenderSVGText {text} at (1300,1603) size 75x22 contains 1 chunk(s)
        RenderSVGInlineText {#text} at (0,0) size 75x22
          chunk 1 text run 1 at (1300.00,1620.00) startOffset 0 endOffset 11 width 75.00: "just a text"
      RenderSVGText {text} at (1400,1603) size 75x22 contains 1 chunk(s)
        RenderSVGInlineText {#text} at (0,0) size 75x22
          chunk 1 text run 1 at (1400.00,1620.00) startOffset 0 endOffset 11 width 75.00: "just a text"
      RenderSVGText {text} at (1500,1603) size 75x22 contains 1 chunk(s)
        RenderSVGInlineText {#text} at (0,0) size 75x22
          chunk 1 text run 1 at (1500.00,1620.00) startOffset 0 endOffset 11 width 75.00: "just a text"
      RenderSVGText {text} at (1600,1603) size 75x22 contains 1 chunk(s)
        RenderSVGInlineText {#text} at (0,0) size 75x22
          chunk 1 text run 1 at (1600.00,1620.00) startOffset 0 endOffset 11 width 75.00: "just a text"
      RenderSVGText {text} at (1700,1603) size 75x22 contains 1 chunk(s)
        RenderSVGInlineText {#text} at (0,0) size 75x22
          chunk 1 text run 1 at (1700.00,1620.00) startOffset 0 endOffset 11 width 75.00: "just a text"
      RenderSVGText {text} at (1800,1603) size 75x22 contains 1 chunk(s)
        RenderSVGInlineText {#text} at (0,0) size 75x22
          chunk 1 text run 1 at (1800.00,1620.00) startOffset 0 endOffset 11 width 75.00: "just a text"
      RenderSVGText {text} at (1900,1603) size 75x22 contains 1 chunk(s)
        RenderSVGInlineText {#text} at (0,0) size 75x22
          chunk 1 text run 1 at (1900.00,1620.00) startOffset 0 endOffset 11 width 75.00: "just a text"
      RenderSVGText {text} at (2000,1603) size 75x22 contains 1 chunk(s)
        RenderSVGInlineText {#text} at (0,0) size 75x22
          chunk 1 text run 1 at (2000.00,1620.00) startOffset 0 endOffset 11 width 75.00: "just a text"
      RenderSVGText {text} at (2100,1603) size 75x22 contains 1 chunk(s)
        RenderSVGInlineText {#text} at (0,0) size 75x22
          chunk 1 text run 1 at (2100.00,1620.00) startOffset 0 endOffset 11 width 75.00: "just a text"
      RenderSVGText {text} at (2200,1603) size 75x22 contains 1 chunk(s)
        RenderSVGInlineText {#text} at (0,0) size 75x22
          chunk 1 text run 1 at (2200.00,1620.00) startOffset 0 endOffset 11 width 75.00: "just a text"
      RenderSVGText {text} at (2300,1603) size 75x22 contains 1 chunk(s)
        RenderSVGInlineText {#text} at (0,0) size 75x22
          chunk 1 text run 1 at (2300.00,1620.00) startOffset 0 endOffset 11 width 75.00: "just a text"
      RenderSVGText {text} at (2400,1603) size 75x22 contains 1 chunk(s)
        RenderSVGInlineText {#text} at (0,0) size 75x22
          chunk 1 text run 1 at (2400.00,1620.00) startOffset 0 endOffset 11 width 75.00: "just a text"
      RenderSVGText {text} at (2500,1603) size 75x22 contains 1 chunk(s)
        RenderSVGInlineText {#text} at (0,0) size 75x22
          chunk 1 text run 1 at (2500.00,1620.00) startOffset 0 endOffset 11 width 75.00: "just a text"
      RenderSVGText {text} at (2600,1603) size 75x22 contains 1 chunk(s)
        RenderSVGInlineText {#text} at (0,0) size 75x22
          chunk 1 text run 1 at (2600.00,1620.00) startOffset 0 endOffset 11 width 75.00: "just a text"
      RenderSVGText {text} at (2700,1603) size 75x22 contains 1 chunk(s)
        RenderSVGInlineText {#text} at (0,0) size 75x22
          chunk 1 text run 1 at (2700.00,1620.00) startOffset 0 endOffset 11 width 75.00: "just a text"
      RenderSVGText {text} at (2800,1603) size 75x22 contains 1 chunk(s)
        RenderSVGInlineText {#text} at (0,0) size 75x22
          chunk 1 text run 1 at (2800.00,1620.00) startOffset 0 endOffset 11 width 75.00: "just a text"
      RenderSVGText {text} at (2900,1603) size 75x22 contains 1 chunk(s)
        RenderSVGInlineText {#text} at (0,0) size 75x22
          chunk 1 text run 1 at (2900.00,1620.00) startOffset 0 endOffset 11 width 75.00: "just a text"
      RenderSVGText {text} at (3000,1603) size 75x22 contains 1 chunk(s)
        RenderSVGInlineText {#text} at (0,0) size 75x22
          chunk 1 text run 1 at (3000.00,1620.00) startOffset 0 endOffset 11 width 75.00: "just a text"
      RenderSVGText {text} at (3100,1603) size 75x22 contains 1 chunk(s)
        RenderSVGInlineText {#text} at (0,0) size 75x22
          chunk 1 text run 1 at (3100.00,1620.00) startOffset 0 endOffset 11 width 75.00: "just a text"
      RenderSVGText {text} at (3200,1603) size 75x22 contains 1 chunk(s)
        RenderSVGInlineText {#text} at (0,0) size 75x22
          chunk 1 text run 1 at (3200.00,1620.00) startOffset 0 endOffset 11 width 75.00: "just a text"
      RenderSVGText {text} at (3300,1603) size 75x22 contains 1 chunk(s)
        RenderSVGInlineText {#text} at (0,0) size 75x22
          chunk 1 text run 1 at (3300.00,1620.00) startOffset 0 endOffset 11 width 75.00: "just a text"
      RenderSVGText {text} at (3400,1603) size 75x22 contains 1 chunk(s)
        RenderSVGInlineText {#text} at (0,0) size 75x22
          chunk 1 text run 1 at (3400.00,1620.00) startOffset 0 endOffset 11 width 75.00: "just a text"
      RenderSVGText {text} at (3500,1603) size 75x22 contains 1 chunk(s)
        RenderSVGInlineText {#text} at (0,0) size 75x22
          chunk 1 text run 1 at (3500.00,1620.00) startOffset 0 endOffset 11 width 75.00: "just a text"
      RenderSVGText {text} at (3600,1603) size 75x22 contains 1 chunk(s)
        RenderSVGInlineText {#text} at (0,0) size 75x22
          chunk 1 text run 1 at (3600.00,1620.00) startOffset 0 endOffset 11 width 75.00: "just a text"
      RenderSVGText {text} at (3700,1603) size 75x22 contains 1 chunk(s)
        RenderSVGInlineText {#text} at (0,0) size 75x22
          chunk 1 text run 1 at (3700.00,1620.00) startOffset 0 endOffset 11 width 75.00: "just a text"
      RenderSVGText {text} at (3800,1603) size 75x22 contains 1 chunk(s)
        RenderSVGInlineText {#text} at (0,0) size 75x22
          chunk 1 text run 1 at (3800.00,1620.00) startOffset 0 endOffset 11 width 75.00: "just a text"
      RenderSVGText {text} at (3900,1603) size 75x22 contains 1 chunk(s)
        RenderSVGInlineText {#text} at (0,0) size 75x22
          chunk 1 text run 1 at (3900.00,1620.00) startOffset 0 endOffset 11 width 75.00: "just a text"
      RenderSVGText {text} at (4000,1603) size 75x22 contains 1 chunk(s)
        RenderSVGInlineText {#text} at (0,0) size 75x22
          chunk 1 text run 1 at (4000.00,1620.00) startOffset 0 endOffset 11 width 75.00: "just a text"
      RenderSVGText {text} at (4100,1603) size 75x22 contains 1 chunk(s)
        RenderSVGInlineText {#text} at (0,0) size 75x22
          chunk 1 text run 1 at (4100.00,1620.00) startOffset 0 endOffset 11 width 75.00: "just a text"
      RenderSVGText {text} at (4200,1603) size 75x22 contains 1 chunk(s)
        RenderSVGInlineText {#text} at (0,0) size 75x22
          chunk 1 text run 1 at (4200.00,1620.00) startOffset 0 endOffset 11 width 75.00: "just a text"
      RenderSVGText {text} at (4300,1603) size 75x22 contains 1 chunk(s)
        RenderSVGInlineText {#text} at (0,0) size 75x22
          chunk 1 text run 1 at (4300.00,1620.00) startOffset 0 endOffset 11 width 75.00: "just a text"
      RenderSVGText {text} at (4400,1603) size 75x22 contains 1 chunk(s)
        RenderSVGInlineText {#text} at (0,0) size 75x22
          chunk 1 text run 1 at (4400.00,1620.00) startOffset 0 endOffset 11 width 75.00: "just a text"
      RenderSVGText {text} at (4500,1603) size 75x22 contains 1 chunk(s)
        RenderSVGInlineText {#text} at (0,0) size 75x22
          chunk 1 text run 1 at (4500.00,1620.00) startOffset 0 endOffset 11 width 75.00: "just a text"
      RenderSVGText {text} at (4600,1603) size 75x22 contains 1 chunk(s)
        RenderSVGInlineText {#text} at (0,0) size 75x22
          chunk 1 text run 1 at (4600.00,1620.00) startOffset 0 endOffset 11 width 75.00: "just a text"
      RenderSVGText {text} at (4700,1603) size 75x22 contains 1 chunk(s)
        RenderSVGInlineText {#text} at (0,0) size 75x22
          chunk 1 text run 1 at (4700.00,1620.00) startOffset 0 endOffset 11 width 75.00: "just a text"
      RenderSVGText {text} at (4800,1603) size 75x22 contains 1 chunk(s)
        RenderSVGInlineText {#text} at (0,0) size 75x22
          chunk 1 text run 1 at (4800.00,1620.00) startOffset 0 endOffset 11 width 75.00: "just a text"
      RenderSVGText {text} at (4900,1603) size 75x22 contains 1 chunk(s)
        RenderSVGInlineText {#text} at (0,0) size 75x22
          chunk 1 text run 1 at (4900.00,1620.00) startOffset 0 endOffset 11 width 75.00: "just a text"
      RenderSVGText {text} at (0,1703) size 75x22 contains 1 chunk(s)
        RenderSVGInlineText {#text} at (0,0) size 75x22
          chunk 1 text run 1 at (0.00,1720.00) startOffset 0 endOffset 11 width 75.00: "just a text"
      RenderSVGText {text} at (100,1703) size 75x22 contains 1 chunk(s)
        RenderSVGInlineText {#text} at (0,0) size 75x22
          chunk 1 text run 1 at (100.00,1720.00) startOffset 0 endOffset 11 width 75.00: "just a text"
      RenderSVGText {text} at (200,1703) size 75x22 contains 1 chunk(s)
        RenderSVGInlineText {#text} at (0,0) size 75x22
          chunk 1 text run 1 at (200.00,1720.00) startOffset 0 endOffset 11 width 75.00: "just a text"
      RenderSVGText {text} at (300,1703) size 75x22 contains 1 chunk(s)
        RenderSVGInlineText {#text} at (0,0) size 75x22
          chunk 1 text run 1 at (300.00,1720.00) startOffset 0 endOffset 11 width 75.00: "just a text"
      RenderSVGText {text} at (400,1703) size 75x22 contains 1 chunk(s)
        RenderSVGInlineText {#text} at (0,0) size 75x22
          chunk 1 text run 1 at (400.00,1720.00) startOffset 0 endOffset 11 width 75.00: "just a text"
      RenderSVGText {text} at (500,1703) size 75x22 contains 1 chunk(s)
        RenderSVGInlineText {#text} at (0,0) size 75x22
          chunk 1 text run 1 at (500.00,1720.00) startOffset 0 endOffset 11 width 75.00: "just a text"
      RenderSVGText {text} at (600,1703) size 75x22 contains 1 chunk(s)
        RenderSVGInlineText {#text} at (0,0) size 75x22
          chunk 1 text run 1 at (600.00,1720.00) startOffset 0 endOffset 11 width 75.00: "just a text"
      RenderSVGText {text} at (700,1703) size 75x22 contains 1 chunk(s)
        RenderSVGInlineText {#text} at (0,0) size 75x22
          chunk 1 text run 1 at (700.00,1720.00) startOffset 0 endOffset 11 width 75.00: "just a text"
      RenderSVGText {text} at (800,1703) size 75x22 contains 1 chunk(s)
        RenderSVGInlineText {#text} at (0,0) size 75x22
          chunk 1 text run 1 at (800.00,1720.00) startOffset 0 endOffset 11 width 75.00: "just a text"
      RenderSVGText {text} at (900,1703) size 75x22 contains 1 chunk(s)
        RenderSVGInlineText {#text} at (0,0) size 75x22
          chunk 1 text run 1 at (900.00,1720.00) startOffset 0 endOffset 11 width 75.00: "just a text"
      RenderSVGText {text} at (1000,1703) size 75x22 contains 1 chunk(s)
        RenderSVGInlineText {#text} at (0,0) size 75x22
          chunk 1 text run 1 at (1000.00,1720.00) startOffset 0 endOffset 11 width 75.00: "just a text"
      RenderSVGText {text} at (1100,1703) size 75x22 contains 1 chunk(s)
        RenderSVGInlineText {#text} at (0,0) size 75x22
          chunk 1 text run 1 at (1100.00,1720.00) startOffset 0 endOffset 11 width 75.00: "just a text"
      RenderSVGText {text} at (1200,1703) size 75x22 contains 1 chunk(s)
        RenderSVGInlineText {#text} at (0,0) size 75x22
          chunk 1 text run 1 at (1200.00,1720.00) startOffset 0 endOffset 11 width 75.00: "just a text"
      RenderSVGText {text} at (1300,1703) size 75x22 contains 1 chunk(s)
        RenderSVGInlineText {#text} at (0,0) size 75x22
          chunk 1 text run 1 at (1300.00,1720.00) startOffset 0 endOffset 11 width 75.00: "just a text"
      RenderSVGText {text} at (1400,1703) size 75x22 contains 1 chunk(s)
        RenderSVGInlineText {#text} at (0,0) size 75x22
          chunk 1 text run 1 at (1400.00,1720.00) startOffset 0 endOffset 11 width 75.00: "just a text"
      RenderSVGText {text} at (1500,1703) size 75x22 contains 1 chunk(s)
        RenderSVGInlineText {#text} at (0,0) size 75x22
          chunk 1 text run 1 at (1500.00,1720.00) startOffset 0 endOffset 11 width 75.00: "just a text"
      RenderSVGText {text} at (1600,1703) size 75x22 contains 1 chunk(s)
        RenderSVGInlineText {#text} at (0,0) size 75x22
          chunk 1 text run 1 at (1600.00,1720.00) startOffset 0 endOffset 11 width 75.00: "just a text"
      RenderSVGText {text} at (1700,1703) size 75x22 contains 1 chunk(s)
        RenderSVGInlineText {#text} at (0,0) size 75x22
          chunk 1 text run 1 at (1700.00,1720.00) startOffset 0 endOffset 11 width 75.00: "just a text"
      RenderSVGText {text} at (1800,1703) size 75x22 contains 1 chunk(s)
        RenderSVGInlineText {#text} at (0,0) size 75x22
          chunk 1 text run 1 at (1800.00,1720.00) startOffset 0 endOffset 11 width 75.00: "just a text"
      RenderSVGText {text} at (1900,1703) size 75x22 contains 1 chunk(s)
        RenderSVGInlineText {#text} at (0,0) size 75x22
          chunk 1 text run 1 at (1900.00,1720.00) startOffset 0 endOffset 11 width 75.00: "just a text"
      RenderSVGText {text} at (2000,1703) size 75x22 contains 1 chunk(s)
        RenderSVGInlineText {#text} at (0,0) size 75x22
          chunk 1 text run 1 at (2000.00,1720.00) startOffset 0 endOffset 11 width 75.00: "just a text"
      RenderSVGText {text} at (2100,1703) size 75x22 contains 1 chunk(s)
        RenderSVGInlineText {#text} at (0,0) size 75x22
          chunk 1 text run 1 at (2100.00,1720.00) startOffset 0 endOffset 11 width 75.00: "just a text"
      RenderSVGText {text} at (2200,1703) size 75x22 contains 1 chunk(s)
        RenderSVGInlineText {#text} at (0,0) size 75x22
          chunk 1 text run 1 at (2200.00,1720.00) startOffset 0 endOffset 11 width 75.00: "just a text"
      RenderSVGText {text} at (2300,1703) size 75x22 contains 1 chunk(s)
        RenderSVGInlineText {#text} at (0,0) size 75x22
          chunk 1 text run 1 at (2300.00,1720.00) startOffset 0 endOffset 11 width 75.00: "just a text"
      RenderSVGText {text} at (2400,1703) size 75x22 contains 1 chunk(s)
        RenderSVGInlineText {#text} at (0,0) size 75x22
          chunk 1 text run 1 at (2400.00,1720.00) startOffset 0 endOffset 11 width 75.00: "just a text"
      RenderSVGText {text} at (2500,1703) size 75x22 contains 1 chunk(s)
        RenderSVGInlineText {#text} at (0,0) size 75x22
          chunk 1 text run 1 at (2500.00,1720.00) startOffset 0 endOffset 11 width 75.00: "just a text"
      RenderSVGText {text} at (2600,1703) size 75x22 contains 1 chunk(s)
        RenderSVGInlineText {#text} at (0,0) size 75x22
          chunk 1 text run 1 at (2600.00,1720.00) startOffset 0 endOffset 11 width 75.00: "just a text"
      RenderSVGText {text} at (2700,1703) size 75x22 contains 1 chunk(s)
        RenderSVGInlineText {#text} at (0,0) size 75x22
          chunk 1 text run 1 at (2700.00,1720.00) startOffset 0 endOffset 11 width 75.00: "just a text"
      RenderSVGText {text} at (2800,1703) size 75x22 contains 1 chunk(s)
        RenderSVGInlineText {#text} at (0,0) size 75x22
          chunk 1 text run 1 at (2800.00,1720.00) startOffset 0 endOffset 11 width 75.00: "just a text"
      RenderSVGText {text} at (2900,1703) size 75x22 contains 1 chunk(s)
        RenderSVGInlineText {#text} at (0,0) size 75x22
          chunk 1 text run 1 at (2900.00,1720.00) startOffset 0 endOffset 11 width 75.00: "just a text"
      RenderSVGText {text} at (3000,1703) size 75x22 contains 1 chunk(s)
        RenderSVGInlineText {#text} at (0,0) size 75x22
          chunk 1 text run 1 at (3000.00,1720.00) startOffset 0 endOffset 11 width 75.00: "just a text"
      RenderSVGText {text} at (3100,1703) size 75x22 contains 1 chunk(s)
        RenderSVGInlineText {#text} at (0,0) size 75x22
          chunk 1 text run 1 at (3100.00,1720.00) startOffset 0 endOffset 11 width 75.00: "just a text"
      RenderSVGText {text} at (3200,1703) size 75x22 contains 1 chunk(s)
        RenderSVGInlineText {#text} at (0,0) size 75x22
          chunk 1 text run 1 at (3200.00,1720.00) startOffset 0 endOffset 11 width 75.00: "just a text"
      RenderSVGText {text} at (3300,1703) size 75x22 contains 1 chunk(s)
        RenderSVGInlineText {#text} at (0,0) size 75x22
          chunk 1 text run 1 at (3300.00,1720.00) startOffset 0 endOffset 11 width 75.00: "just a text"
      RenderSVGText {text} at (3400,1703) size 75x22 contains 1 chunk(s)
        RenderSVGInlineText {#text} at (0,0) size 75x22
          chunk 1 text run 1 at (3400.00,1720.00) startOffset 0 endOffset 11 width 75.00: "just a text"
      RenderSVGText {text} at (3500,1703) size 75x22 contains 1 chunk(s)
        RenderSVGInlineText {#text} at (0,0) size 75x22
          chunk 1 text run 1 at (3500.00,1720.00) startOffset 0 endOffset 11 width 75.00: "just a text"
      RenderSVGText {text} at (3600,1703) size 75x22 contains 1 chunk(s)
        RenderSVGInlineText {#text} at (0,0) size 75x22
          chunk 1 text run 1 at (3600.00,1720.00) startOffset 0 endOffset 11 width 75.00: "just a text"
      RenderSVGText {text} at (3700,1703) size 75x22 contains 1 chunk(s)
        RenderSVGInlineText {#text} at (0,0) size 75x22
          chunk 1 text run 1 at (3700.00,1720.00) startOffset 0 endOffset 11 width 75.00: "just a text"
      RenderSVGText {text} at (3800,1703) size 75x22 contains 1 chunk(s)
        RenderSVGInlineText {#text} at (0,0) size 75x22
          chunk 1 text run 1 at (3800.00,1720.00) startOffset 0 endOffset 11 width 75.00: "just a text"
      RenderSVGText {text} at (3900,1703) size 75x22 contains 1 chunk(s)
        RenderSVGInlineText {#text} at (0,0) size 75x22
          chunk 1 text run 1 at (3900.00,1720.00) startOffset 0 endOffset 11 width 75.00: "just a text"
      RenderSVGText {text} at (4000,1703) size 75x22 contains 1 chunk(s)
        RenderSVGInlineText {#text} at (0,0) size 75x22
          chunk 1 text run 1 at (4000.00,1720.00) startOffset 0 endOffset 11 width 75.00: "just a text"
      RenderSVGText {text} at (4100,1703) size 75x22 contains 1 chunk(s)
        RenderSVGInlineText {#text} at (0,0) size 75x22
          chunk 1 text run 1 at (4100.00,1720.00) startOffset 0 endOffset 11 width 75.00: "just a text"
      RenderSVGText {text} at (4200,1703) size 75x22 contains 1 chunk(s)
        RenderSVGInlineText {#text} at (0,0) size 75x22
          chunk 1 text run 1 at (4200.00,1720.00) startOffset 0 endOffset 11 width 75.00: "just a text"
      RenderSVGText {text} at (4300,1703) size 75x22 contains 1 chunk(s)
        RenderSVGInlineText {#text} at (0,0) size 75x22
          chunk 1 text run 1 at (4300.00,1720.00) startOffset 0 endOffset 11 width 75.00: "just a text"
      RenderSVGText {text} at (4400,1703) size 75x22 contains 1 chunk(s)
        RenderSVGInlineText {#text} at (0,0) size 75x22
          chunk 1 text run 1 at (4400.00,1720.00) startOffset 0 endOffset 11 width 75.00: "just a text"
      RenderSVGText {text} at (4500,1703) size 75x22 contains 1 chunk(s)
        RenderSVGInlineText {#text} at (0,0) size 75x22
          chunk 1 text run 1 at (4500.00,1720.00) startOffset 0 endOffset 11 width 75.00: "just a text"
      RenderSVGText {text} at (4600,1703) size 75x22 contains 1 chunk(s)
        RenderSVGInlineText {#text} at (0,0) size 75x22
          chunk 1 text run 1 at (4600.00,1720.00) startOffset 0 endOffset 11 width 75.00: "just a text"
      RenderSVGText {text} at (4700,1703) size 75x22 contains 1 chunk(s)
        RenderSVGInlineText {#text} at (0,0) size 75x22
          chunk 1 text run 1 at (4700.00,1720.00) startOffset 0 endOffset 11 width 75.00: "just a text"
      RenderSVGText {text} at (4800,1703) size 75x22 contains 1 chunk(s)
        RenderSVGInlineText {#text} at (0,0) size 75x22
          chunk 1 text run 1 at (4800.00,1720.00) startOffset 0 endOffset 11 width 75.00: "just a text"
      RenderSVGText {text} at (4900,1703) size 75x22 contains 1 chunk(s)
        RenderSVGInlineText {#text} at (0,0) size 75x22
          chunk 1 text run 1 at (4900.00,1720.00) startOffset 0 endOffset 11 width 75.00: "just a text"
      RenderSVGText {text} at (0,1803) size 75x22 contains 1 chunk(s)
        RenderSVGInlineText {#text} at (0,0) size 75x22
          chunk 1 text run 1 at (0.00,1820.00) startOffset 0 endOffset 11 width 75.00: "just a text"
      RenderSVGText {text} at (100,1803) size 75x22 contains 1 chunk(s)
        RenderSVGInlineText {#text} at (0,0) size 75x22
          chunk 1 text run 1 at (100.00,1820.00) startOffset 0 endOffset 11 width 75.00: "just a text"
      RenderSVGText {text} at (200,1803) size 75x22 contains 1 chunk(s)
        RenderSVGInlineText {#text} at (0,0) size 75x22
          chunk 1 text run 1 at (200.00,1820.00) startOffset 0 endOffset 11 width 75.00: "just a text"
      RenderSVGText {text} at (300,1803) size 75x22 contains 1 chunk(s)
        RenderSVGInlineText {#text} at (0,0) size 75x22
          chunk 1 text run 1 at (300.00,1820.00) startOffset 0 endOffset 11 width 75.00: "just a text"
      RenderSVGText {text} at (400,1803) size 75x22 contains 1 chunk(s)
        RenderSVGInlineText {#text} at (0,0) size 75x22
          chunk 1 text run 1 at (400.00,1820.00) startOffset 0 endOffset 11 width 75.00: "just a text"
      RenderSVGText {text} at (500,1803) size 75x22 contains 1 chunk(s)
        RenderSVGInlineText {#text} at (0,0) size 75x22
          chunk 1 text run 1 at (500.00,1820.00) startOffset 0 endOffset 11 width 75.00: "just a text"
      RenderSVGText {text} at (600,1803) size 75x22 contains 1 chunk(s)
        RenderSVGInlineText {#text} at (0,0) size 75x22
          chunk 1 text run 1 at (600.00,1820.00) startOffset 0 endOffset 11 width 75.00: "just a text"
      RenderSVGText {text} at (700,1803) size 75x22 contains 1 chunk(s)
        RenderSVGInlineText {#text} at (0,0) size 75x22
          chunk 1 text run 1 at (700.00,1820.00) startOffset 0 endOffset 11 width 75.00: "just a text"
      RenderSVGText {text} at (800,1803) size 75x22 contains 1 chunk(s)
        RenderSVGInlineText {#text} at (0,0) size 75x22
          chunk 1 text run 1 at (800.00,1820.00) startOffset 0 endOffset 11 width 75.00: "just a text"
      RenderSVGText {text} at (900,1803) size 75x22 contains 1 chunk(s)
        RenderSVGInlineText {#text} at (0,0) size 75x22
          chunk 1 text run 1 at (900.00,1820.00) startOffset 0 endOffset 11 width 75.00: "just a text"
      RenderSVGText {text} at (1000,1803) size 75x22 contains 1 chunk(s)
        RenderSVGInlineText {#text} at (0,0) size 75x22
          chunk 1 text run 1 at (1000.00,1820.00) startOffset 0 endOffset 11 width 75.00: "just a text"
      RenderSVGText {text} at (1100,1803) size 75x22 contains 1 chunk(s)
        RenderSVGInlineText {#text} at (0,0) size 75x22
          chunk 1 text run 1 at (1100.00,1820.00) startOffset 0 endOffset 11 width 75.00: "just a text"
      RenderSVGText {text} at (1200,1803) size 75x22 contains 1 chunk(s)
        RenderSVGInlineText {#text} at (0,0) size 75x22
          chunk 1 text run 1 at (1200.00,1820.00) startOffset 0 endOffset 11 width 75.00: "just a text"
      RenderSVGText {text} at (1300,1803) size 75x22 contains 1 chunk(s)
        RenderSVGInlineText {#text} at (0,0) size 75x22
          chunk 1 text run 1 at (1300.00,1820.00) startOffset 0 endOffset 11 width 75.00: "just a text"
      RenderSVGText {text} at (1400,1803) size 75x22 contains 1 chunk(s)
        RenderSVGInlineText {#text} at (0,0) size 75x22
          chunk 1 text run 1 at (1400.00,1820.00) startOffset 0 endOffset 11 width 75.00: "just a text"
      RenderSVGText {text} at (1500,1803) size 75x22 contains 1 chunk(s)
        RenderSVGInlineText {#text} at (0,0) size 75x22
          chunk 1 text run 1 at (1500.00,1820.00) startOffset 0 endOffset 11 width 75.00: "just a text"
      RenderSVGText {text} at (1600,1803) size 75x22 contains 1 chunk(s)
        RenderSVGInlineText {#text} at (0,0) size 75x22
          chunk 1 text run 1 at (1600.00,1820.00) startOffset 0 endOffset 11 width 75.00: "just a text"
      RenderSVGText {text} at (1700,1803) size 75x22 contains 1 chunk(s)
        RenderSVGInlineText {#text} at (0,0) size 75x22
          chunk 1 text run 1 at (1700.00,1820.00) startOffset 0 endOffset 11 width 75.00: "just a text"
      RenderSVGText {text} at (1800,1803) size 75x22 contains 1 chunk(s)
        RenderSVGInlineText {#text} at (0,0) size 75x22
          chunk 1 text run 1 at (1800.00,1820.00) startOffset 0 endOffset 11 width 75.00: "just a text"
      RenderSVGText {text} at (1900,1803) size 75x22 contains 1 chunk(s)
        RenderSVGInlineText {#text} at (0,0) size 75x22
          chunk 1 text run 1 at (1900.00,1820.00) startOffset 0 endOffset 11 width 75.00: "just a text"
      RenderSVGText {text} at (2000,1803) size 75x22 contains 1 chunk(s)
        RenderSVGInlineText {#text} at (0,0) size 75x22
          chunk 1 text run 1 at (2000.00,1820.00) startOffset 0 endOffset 11 width 75.00: "just a text"
      RenderSVGText {text} at (2100,1803) size 75x22 contains 1 chunk(s)
        RenderSVGInlineText {#text} at (0,0) size 75x22
          chunk 1 text run 1 at (2100.00,1820.00) startOffset 0 endOffset 11 width 75.00: "just a text"
      RenderSVGText {text} at (2200,1803) size 75x22 contains 1 chunk(s)
        RenderSVGInlineText {#text} at (0,0) size 75x22
          chunk 1 text run 1 at (2200.00,1820.00) startOffset 0 endOffset 11 width 75.00: "just a text"
      RenderSVGText {text} at (2300,1803) size 75x22 contains 1 chunk(s)
        RenderSVGInlineText {#text} at (0,0) size 75x22
          chunk 1 text run 1 at (2300.00,1820.00) startOffset 0 endOffset 11 width 75.00: "just a text"
      RenderSVGText {text} at (2400,1803) size 75x22 contains 1 chunk(s)
        RenderSVGInlineText {#text} at (0,0) size 75x22
          chunk 1 text run 1 at (2400.00,1820.00) startOffset 0 endOffset 11 width 75.00: "just a text"
      RenderSVGText {text} at (2500,1803) size 75x22 contains 1 chunk(s)
        RenderSVGInlineText {#text} at (0,0) size 75x22
          chunk 1 text run 1 at (2500.00,1820.00) startOffset 0 endOffset 11 width 75.00: "just a text"
      RenderSVGText {text} at (2600,1803) size 75x22 contains 1 chunk(s)
        RenderSVGInlineText {#text} at (0,0) size 75x22
          chunk 1 text run 1 at (2600.00,1820.00) startOffset 0 endOffset 11 width 75.00: "just a text"
      RenderSVGText {text} at (2700,1803) size 75x22 contains 1 chunk(s)
        RenderSVGInlineText {#text} at (0,0) size 75x22
          chunk 1 text run 1 at (2700.00,1820.00) startOffset 0 endOffset 11 width 75.00: "just a text"
      RenderSVGText {text} at (2800,1803) size 75x22 contains 1 chunk(s)
        RenderSVGInlineText {#text} at (0,0) size 75x22
          chunk 1 text run 1 at (2800.00,1820.00) startOffset 0 endOffset 11 width 75.00: "just a text"
      RenderSVGText {text} at (2900,1803) size 75x22 contains 1 chunk(s)
        RenderSVGInlineText {#text} at (0,0) size 75x22
          chunk 1 text run 1 at (2900.00,1820.00) startOffset 0 endOffset 11 width 75.00: "just a text"
      RenderSVGText {text} at (3000,1803) size 75x22 contains 1 chunk(s)
        RenderSVGInlineText {#text} at (0,0) size 75x22
          chunk 1 text run 1 at (3000.00,1820.00) startOffset 0 endOffset 11 width 75.00: "just a text"
      RenderSVGText {text} at (3100,1803) size 75x22 contains 1 chunk(s)
        RenderSVGInlineText {#text} at (0,0) size 75x22
          chunk 1 text run 1 at (3100.00,1820.00) startOffset 0 endOffset 11 width 75.00: "just a text"
      RenderSVGText {text} at (3200,1803) size 75x22 contains 1 chunk(s)
        RenderSVGInlineText {#text} at (0,0) size 75x22
          chunk 1 text run 1 at (3200.00,1820.00) startOffset 0 endOffset 11 width 75.00: "just a text"
      RenderSVGText {text} at (3300,1803) size 75x22 contains 1 chunk(s)
        RenderSVGInlineText {#text} at (0,0) size 75x22
          chunk 1 text run 1 at (3300.00,1820.00) startOffset 0 endOffset 11 width 75.00: "just a text"
      RenderSVGText {text} at (3400,1803) size 75x22 contains 1 chunk(s)
        RenderSVGInlineText {#text} at (0,0) size 75x22
          chunk 1 text run 1 at (3400.00,1820.00) startOffset 0 endOffset 11 width 75.00: "just a text"
      RenderSVGText {text} at (3500,1803) size 75x22 contains 1 chunk(s)
        RenderSVGInlineText {#text} at (0,0) size 75x22
          chunk 1 text run 1 at (3500.00,1820.00) startOffset 0 endOffset 11 width 75.00: "just a text"
      RenderSVGText {text} at (3600,1803) size 75x22 contains 1 chunk(s)
        RenderSVGInlineText {#text} at (0,0) size 75x22
          chunk 1 text run 1 at (3600.00,1820.00) startOffset 0 endOffset 11 width 75.00: "just a text"
      RenderSVGText {text} at (3700,1803) size 75x22 contains 1 chunk(s)
        RenderSVGInlineText {#text} at (0,0) size 75x22
          chunk 1 text run 1 at (3700.00,1820.00) startOffset 0 endOffset 11 width 75.00: "just a text"
      RenderSVGText {text} at (3800,1803) size 75x22 contains 1 chunk(s)
        RenderSVGInlineText {#text} at (0,0) size 75x22
          chunk 1 text run 1 at (3800.00,1820.00) startOffset 0 endOffset 11 width 75.00: "just a text"
      RenderSVGText {text} at (3900,1803) size 75x22 contains 1 chunk(s)
        RenderSVGInlineText {#text} at (0,0) size 75x22
          chunk 1 text run 1 at (3900.00,1820.00) startOffset 0 endOffset 11 width 75.00: "just a text"
      RenderSVGText {text} at (4000,1803) size 75x22 contains 1 chunk(s)
        RenderSVGInlineText {#text} at (0,0) size 75x22
          chunk 1 text run 1 at (4000.00,1820.00) startOffset 0 endOffset 11 width 75.00: "just a text"
      RenderSVGText {text} at (4100,1803) size 75x22 contains 1 chunk(s)
        RenderSVGInlineText {#text} at (0,0) size 75x22
          chunk 1 text run 1 at (4100.00,1820.00) startOffset 0 endOffset 11 width 75.00: "just a text"
      RenderSVGText {text} at (4200,1803) size 75x22 contains 1 chunk(s)
        RenderSVGInlineText {#text} at (0,0) size 75x22
          chunk 1 text run 1 at (4200.00,1820.00) startOffset 0 endOffset 11 width 75.00: "just a text"
      RenderSVGText {text} at (4300,1803) size 75x22 contains 1 chunk(s)
        RenderSVGInlineText {#text} at (0,0) size 75x22
          chunk 1 text run 1 at (4300.00,1820.00) startOffset 0 endOffset 11 width 75.00: "just a text"
      RenderSVGText {text} at (4400,1803) size 75x22 contains 1 chunk(s)
        RenderSVGInlineText {#text} at (0,0) size 75x22
          chunk 1 text run 1 at (4400.00,1820.00) startOffset 0 endOffset 11 width 75.00: "just a text"
      RenderSVGText {text} at (4500,1803) size 75x22 contains 1 chunk(s)
        RenderSVGInlineText {#text} at (0,0) size 75x22
          chunk 1 text run 1 at (4500.00,1820.00) startOffset 0 endOffset 11 width 75.00: "just a text"
      RenderSVGText {text} at (4600,1803) size 75x22 contains 1 chunk(s)
        RenderSVGInlineText {#text} at (0,0) size 75x22
          chunk 1 text run 1 at (4600.00,1820.00) startOffset 0 endOffset 11 width 75.00: "just a text"
      RenderSVGText {text} at (4700,1803) size 75x22 contains 1 chunk(s)
        RenderSVGInlineText {#text} at (0,0) size 75x22
          chunk 1 text run 1 at (4700.00,1820.00) startOffset 0 endOffset 11 width 75.00: "just a text"
      RenderSVGText {text} at (4800,1803) size 75x22 contains 1 chunk(s)
        RenderSVGInlineText {#text} at (0,0) size 75x22
          chunk 1 text run 1 at (4800.00,1820.00) startOffset 0 endOffset 11 width 75.00: "just a text"
      RenderSVGText {text} at (4900,1803) size 75x22 contains 1 chunk(s)
        RenderSVGInlineText {#text} at (0,0) size 75x22
          chunk 1 text run 1 at (4900.00,1820.00) startOffset 0 endOffset 11 width 75.00: "just a text"
      RenderSVGText {text} at (0,1903) size 75x22 contains 1 chunk(s)
        RenderSVGInlineText {#text} at (0,0) size 75x22
          chunk 1 text run 1 at (0.00,1920.00) startOffset 0 endOffset 11 width 75.00: "just a text"
      RenderSVGText {text} at (100,1903) size 75x22 contains 1 chunk(s)
        RenderSVGInlineText {#text} at (0,0) size 75x22
          chunk 1 text run 1 at (100.00,1920.00) startOffset 0 endOffset 11 width 75.00: "just a text"
      RenderSVGText {text} at (200,1903) size 75x22 contains 1 chunk(s)
        RenderSVGInlineText {#text} at (0,0) size 75x22
          chunk 1 text run 1 at (200.00,1920.00) startOffset 0 endOffset 11 width 75.00: "just a text"
      RenderSVGText {text} at (300,1903) size 75x22 contains 1 chunk(s)
        RenderSVGInlineText {#text} at (0,0) size 75x22
          chunk 1 text run 1 at (300.00,1920.00) startOffset 0 endOffset 11 width 75.00: "just a text"
      RenderSVGText {text} at (400,1903) size 75x22 contains 1 chunk(s)
        RenderSVGInlineText {#text} at (0,0) size 75x22
          chunk 1 text run 1 at (400.00,1920.00) startOffset 0 endOffset 11 width 75.00: "just a text"
      RenderSVGText {text} at (500,1903) size 75x22 contains 1 chunk(s)
        RenderSVGInlineText {#text} at (0,0) size 75x22
          chunk 1 text run 1 at (500.00,1920.00) startOffset 0 endOffset 11 width 75.00: "just a text"
      RenderSVGText {text} at (600,1903) size 75x22 contains 1 chunk(s)
        RenderSVGInlineText {#text} at (0,0) size 75x22
          chunk 1 text run 1 at (600.00,1920.00) startOffset 0 endOffset 11 width 75.00: "just a text"
      RenderSVGText {text} at (700,1903) size 75x22 contains 1 chunk(s)
        RenderSVGInlineText {#text} at (0,0) size 75x22
          chunk 1 text run 1 at (700.00,1920.00) startOffset 0 endOffset 11 width 75.00: "just a text"
      RenderSVGText {text} at (800,1903) size 75x22 contains 1 chunk(s)
        RenderSVGInlineText {#text} at (0,0) size 75x22
          chunk 1 text run 1 at (800.00,1920.00) startOffset 0 endOffset 11 width 75.00: "just a text"
      RenderSVGText {text} at (900,1903) size 75x22 contains 1 chunk(s)
        RenderSVGInlineText {#text} at (0,0) size 75x22
          chunk 1 text run 1 at (900.00,1920.00) startOffset 0 endOffset 11 width 75.00: "just a text"
      RenderSVGText {text} at (1000,1903) size 75x22 contains 1 chunk(s)
        RenderSVGInlineText {#text} at (0,0) size 75x22
          chunk 1 text run 1 at (1000.00,1920.00) startOffset 0 endOffset 11 width 75.00: "just a text"
      RenderSVGText {text} at (1100,1903) size 75x22 contains 1 chunk(s)
        RenderSVGInlineText {#text} at (0,0) size 75x22
          chunk 1 text run 1 at (1100.00,1920.00) startOffset 0 endOffset 11 width 75.00: "just a text"
      RenderSVGText {text} at (1200,1903) size 75x22 contains 1 chunk(s)
        RenderSVGInlineText {#text} at (0,0) size 75x22
          chunk 1 text run 1 at (1200.00,1920.00) startOffset 0 endOffset 11 width 75.00: "just a text"
      RenderSVGText {text} at (1300,1903) size 75x22 contains 1 chunk(s)
        RenderSVGInlineText {#text} at (0,0) size 75x22
          chunk 1 text run 1 at (1300.00,1920.00) startOffset 0 endOffset 11 width 75.00: "just a text"
      RenderSVGText {text} at (1400,1903) size 75x22 contains 1 chunk(s)
        RenderSVGInlineText {#text} at (0,0) size 75x22
          chunk 1 text run 1 at (1400.00,1920.00) startOffset 0 endOffset 11 width 75.00: "just a text"
      RenderSVGText {text} at (1500,1903) size 75x22 contains 1 chunk(s)
        RenderSVGInlineText {#text} at (0,0) size 75x22
          chunk 1 text run 1 at (1500.00,1920.00) startOffset 0 endOffset 11 width 75.00: "just a text"
      RenderSVGText {text} at (1600,1903) size 75x22 contains 1 chunk(s)
        RenderSVGInlineText {#text} at (0,0) size 75x22
          chunk 1 text run 1 at (1600.00,1920.00) startOffset 0 endOffset 11 width 75.00: "just a text"
      RenderSVGText {text} at (1700,1903) size 75x22 contains 1 chunk(s)
        RenderSVGInlineText {#text} at (0,0) size 75x22
          chunk 1 text run 1 at (1700.00,1920.00) startOffset 0 endOffset 11 width 75.00: "just a text"
      RenderSVGText {text} at (1800,1903) size 75x22 contains 1 chunk(s)
        RenderSVGInlineText {#text} at (0,0) size 75x22
          chunk 1 text run 1 at (1800.00,1920.00) startOffset 0 endOffset 11 width 75.00: "just a text"
      RenderSVGText {text} at (1900,1903) size 75x22 contains 1 chunk(s)
        RenderSVGInlineText {#text} at (0,0) size 75x22
          chunk 1 text run 1 at (1900.00,1920.00) startOffset 0 endOffset 11 width 75.00: "just a text"
      RenderSVGText {text} at (2000,1903) size 75x22 contains 1 chunk(s)
        RenderSVGInlineText {#text} at (0,0) size 75x22
          chunk 1 text run 1 at (2000.00,1920.00) startOffset 0 endOffset 11 width 75.00: "just a text"
      RenderSVGText {text} at (2100,1903) size 75x22 contains 1 chunk(s)
        RenderSVGInlineText {#text} at (0,0) size 75x22
          chunk 1 text run 1 at (2100.00,1920.00) startOffset 0 endOffset 11 width 75.00: "just a text"
      RenderSVGText {text} at (2200,1903) size 75x22 contains 1 chunk(s)
        RenderSVGInlineText {#text} at (0,0) size 75x22
          chunk 1 text run 1 at (2200.00,1920.00) startOffset 0 endOffset 11 width 75.00: "just a text"
      RenderSVGText {text} at (2300,1903) size 75x22 contains 1 chunk(s)
        RenderSVGInlineText {#text} at (0,0) size 75x22
          chunk 1 text run 1 at (2300.00,1920.00) startOffset 0 endOffset 11 width 75.00: "just a text"
      RenderSVGText {text} at (2400,1903) size 75x22 contains 1 chunk(s)
        RenderSVGInlineText {#text} at (0,0) size 75x22
          chunk 1 text run 1 at (2400.00,1920.00) startOffset 0 endOffset 11 width 75.00: "just a text"
      RenderSVGText {text} at (2500,1903) size 75x22 contains 1 chunk(s)
        RenderSVGInlineText {#text} at (0,0) size 75x22
          chunk 1 text run 1 at (2500.00,1920.00) startOffset 0 endOffset 11 width 75.00: "just a text"
      RenderSVGText {text} at (2600,1903) size 75x22 contains 1 chunk(s)
        RenderSVGInlineText {#text} at (0,0) size 75x22
          chunk 1 text run 1 at (2600.00,1920.00) startOffset 0 endOffset 11 width 75.00: "just a text"
      RenderSVGText {text} at (2700,1903) size 75x22 contains 1 chunk(s)
        RenderSVGInlineText {#text} at (0,0) size 75x22
          chunk 1 text run 1 at (2700.00,1920.00) startOffset 0 endOffset 11 width 75.00: "just a text"
      RenderSVGText {text} at (2800,1903) size 75x22 contains 1 chunk(s)
        RenderSVGInlineText {#text} at (0,0) size 75x22
          chunk 1 text run 1 at (2800.00,1920.00) startOffset 0 endOffset 11 width 75.00: "just a text"
      RenderSVGText {text} at (2900,1903) size 75x22 contains 1 chunk(s)
        RenderSVGInlineText {#text} at (0,0) size 75x22
          chunk 1 text run 1 at (2900.00,1920.00) startOffset 0 endOffset 11 width 75.00: "just a text"
      RenderSVGText {text} at (3000,1903) size 75x22 contains 1 chunk(s)
        RenderSVGInlineText {#text} at (0,0) size 75x22
          chunk 1 text run 1 at (3000.00,1920.00) startOffset 0 endOffset 11 width 75.00: "just a text"
      RenderSVGText {text} at (3100,1903) size 75x22 contains 1 chunk(s)
        RenderSVGInlineText {#text} at (0,0) size 75x22
          chunk 1 text run 1 at (3100.00,1920.00) startOffset 0 endOffset 11 width 75.00: "just a text"
      RenderSVGText {text} at (3200,1903) size 75x22 contains 1 chunk(s)
        RenderSVGInlineText {#text} at (0,0) size 75x22
          chunk 1 text run 1 at (3200.00,1920.00) startOffset 0 endOffset 11 width 75.00: "just a text"
      RenderSVGText {text} at (3300,1903) size 75x22 contains 1 chunk(s)
        RenderSVGInlineText {#text} at (0,0) size 75x22
          chunk 1 text run 1 at (3300.00,1920.00) startOffset 0 endOffset 11 width 75.00: "just a text"
      RenderSVGText {text} at (3400,1903) size 75x22 contains 1 chunk(s)
        RenderSVGInlineText {#text} at (0,0) size 75x22
          chunk 1 text run 1 at (3400.00,1920.00) startOffset 0 endOffset 11 width 75.00: "just a text"
      RenderSVGText {text} at (3500,1903) size 75x22 contains 1 chunk(s)
        RenderSVGInlineText {#text} at (0,0) size 75x22
          chunk 1 text run 1 at (3500.00,1920.00) startOffset 0 endOffset 11 width 75.00: "just a text"
      RenderSVGText {text} at (3600,1903) size 75x22 contains 1 chunk(s)
        RenderSVGInlineText {#text} at (0,0) size 75x22
          chunk 1 text run 1 at (3600.00,1920.00) startOffset 0 endOffset 11 width 75.00: "just a text"
      RenderSVGText {text} at (3700,1903) size 75x22 contains 1 chunk(s)
        RenderSVGInlineText {#text} at (0,0) size 75x22
          chunk 1 text run 1 at (3700.00,1920.00) startOffset 0 endOffset 11 width 75.00: "just a text"
      RenderSVGText {text} at (3800,1903) size 75x22 contains 1 chunk(s)
        RenderSVGInlineText {#text} at (0,0) size 75x22
          chunk 1 text run 1 at (3800.00,1920.00) startOffset 0 endOffset 11 width 75.00: "just a text"
      RenderSVGText {text} at (3900,1903) size 75x22 contains 1 chunk(s)
        RenderSVGInlineText {#text} at (0,0) size 75x22
          chunk 1 text run 1 at (3900.00,1920.00) startOffset 0 endOffset 11 width 75.00: "just a text"
      RenderSVGText {text} at (4000,1903) size 75x22 contains 1 chunk(s)
        RenderSVGInlineText {#text} at (0,0) size 75x22
          chunk 1 text run 1 at (4000.00,1920.00) startOffset 0 endOffset 11 width 75.00: "just a text"
      RenderSVGText {text} at (4100,1903) size 75x22 contains 1 chunk(s)
        RenderSVGInlineText {#text} at (0,0) size 75x22
          chunk 1 text run 1 at (4100.00,1920.00) startOffset 0 endOffset 11 width 75.00: "just a text"
      RenderSVGText {text} at (4200,1903) size 75x22 contains 1 chunk(s)
        RenderSVGInlineText {#text} at (0,0) size 75x22
          chunk 1 text run 1 at (4200.00,1920.00) startOffset 0 endOffset 11 width 75.00: "just a text"
      RenderSVGText {text} at (4300,1903) size 75x22 contains 1 chunk(s)
        RenderSVGInlineText {#text} at (0,0) size 75x22
          chunk 1 text run 1 at (4300.00,1920.00) startOffset 0 endOffset 11 width 75.00: "just a text"
      RenderSVGText {text} at (4400,1903) size 75x22 contains 1 chunk(s)
        RenderSVGInlineText {#text} at (0,0) size 75x22
          chunk 1 text run 1 at (4400.00,1920.00) startOffset 0 endOffset 11 width 75.00: "just a text"
      RenderSVGText {text} at (4500,1903) size 75x22 contains 1 chunk(s)
        RenderSVGInlineText {#text} at (0,0) size 75x22
          chunk 1 text run 1 at (4500.00,1920.00) startOffset 0 endOffset 11 width 75.00: "just a text"
      RenderSVGText {text} at (4600,1903) size 75x22 contains 1 chunk(s)
        RenderSVGInlineText {#text} at (0,0) size 75x22
          chunk 1 text run 1 at (4600.00,1920.00) startOffset 0 endOffset 11 width 75.00: "just a text"
      RenderSVGText {text} at (4700,1903) size 75x22 contains 1 chunk(s)
        RenderSVGInlineText {#text} at (0,0) size 75x22
          chunk 1 text run 1 at (4700.00,1920.00) startOffset 0 endOffset 11 width 75.00: "just a text"
      RenderSVGText {text} at (4800,1903) size 75x22 contains 1 chunk(s)
        RenderSVGInlineText {#text} at (0,0) size 75x22
          chunk 1 text run 1 at (4800.00,1920.00) startOffset 0 endOffset 11 width 75.00: "just a text"
      RenderSVGText {text} at (4900,1903) size 75x22 contains 1 chunk(s)
        RenderSVGInlineText {#text} at (0,0) size 75x22
          chunk 1 text run 1 at (4900.00,1920.00) startOffset 0 endOffset 11 width 75.00: "just a text"
      RenderSVGText {text} at (0,2003) size 75x22 contains 1 chunk(s)
        RenderSVGInlineText {#text} at (0,0) size 75x22
          chunk 1 text run 1 at (0.00,2020.00) startOffset 0 endOffset 11 width 75.00: "just a text"
      RenderSVGText {text} at (100,2003) size 75x22 contains 1 chunk(s)
        RenderSVGInlineText {#text} at (0,0) size 75x22
          chunk 1 text run 1 at (100.00,2020.00) startOffset 0 endOffset 11 width 75.00: "just a text"
      RenderSVGText {text} at (200,2003) size 75x22 contains 1 chunk(s)
        RenderSVGInlineText {#text} at (0,0) size 75x22
          chunk 1 text run 1 at (200.00,2020.00) startOffset 0 endOffset 11 width 75.00: "just a text"
      RenderSVGText {text} at (300,2003) size 75x22 contains 1 chunk(s)
        RenderSVGInlineText {#text} at (0,0) size 75x22
          chunk 1 text run 1 at (300.00,2020.00) startOffset 0 endOffset 11 width 75.00: "just a text"
      RenderSVGText {text} at (400,2003) size 75x22 contains 1 chunk(s)
        RenderSVGInlineText {#text} at (0,0) size 75x22
          chunk 1 text run 1 at (400.00,2020.00) startOffset 0 endOffset 11 width 75.00: "just a text"
      RenderSVGText {text} at (500,2003) size 75x22 contains 1 chunk(s)
        RenderSVGInlineText {#text} at (0,0) size 75x22
          chunk 1 text run 1 at (500.00,2020.00) startOffset 0 endOffset 11 width 75.00: "just a text"
      RenderSVGText {text} at (600,2003) size 75x22 contains 1 chunk(s)
        RenderSVGInlineText {#text} at (0,0) size 75x22
          chunk 1 text run 1 at (600.00,2020.00) startOffset 0 endOffset 11 width 75.00: "just a text"
      RenderSVGText {text} at (700,2003) size 75x22 contains 1 chunk(s)
        RenderSVGInlineText {#text} at (0,0) size 75x22
          chunk 1 text run 1 at (700.00,2020.00) startOffset 0 endOffset 11 width 75.00: "just a text"
      RenderSVGText {text} at (800,2003) size 75x22 contains 1 chunk(s)
        RenderSVGInlineText {#text} at (0,0) size 75x22
          chunk 1 text run 1 at (800.00,2020.00) startOffset 0 endOffset 11 width 75.00: "just a text"
      RenderSVGText {text} at (900,2003) size 75x22 contains 1 chunk(s)
        RenderSVGInlineText {#text} at (0,0) size 75x22
          chunk 1 text run 1 at (900.00,2020.00) startOffset 0 endOffset 11 width 75.00: "just a text"
      RenderSVGText {text} at (1000,2003) size 75x22 contains 1 chunk(s)
        RenderSVGInlineText {#text} at (0,0) size 75x22
          chunk 1 text run 1 at (1000.00,2020.00) startOffset 0 endOffset 11 width 75.00: "just a text"
      RenderSVGText {text} at (1100,2003) size 75x22 contains 1 chunk(s)
        RenderSVGInlineText {#text} at (0,0) size 75x22
          chunk 1 text run 1 at (1100.00,2020.00) startOffset 0 endOffset 11 width 75.00: "just a text"
      RenderSVGText {text} at (1200,2003) size 75x22 contains 1 chunk(s)
        RenderSVGInlineText {#text} at (0,0) size 75x22
          chunk 1 text run 1 at (1200.00,2020.00) startOffset 0 endOffset 11 width 75.00: "just a text"
      RenderSVGText {text} at (1300,2003) size 75x22 contains 1 chunk(s)
        RenderSVGInlineText {#text} at (0,0) size 75x22
          chunk 1 text run 1 at (1300.00,2020.00) startOffset 0 endOffset 11 width 75.00: "just a text"
      RenderSVGText {text} at (1400,2003) size 75x22 contains 1 chunk(s)
        RenderSVGInlineText {#text} at (0,0) size 75x22
          chunk 1 text run 1 at (1400.00,2020.00) startOffset 0 endOffset 11 width 75.00: "just a text"
      RenderSVGText {text} at (1500,2003) size 75x22 contains 1 chunk(s)
        RenderSVGInlineText {#text} at (0,0) size 75x22
          chunk 1 text run 1 at (1500.00,2020.00) startOffset 0 endOffset 11 width 75.00: "just a text"
      RenderSVGText {text} at (1600,2003) size 75x22 contains 1 chunk(s)
        RenderSVGInlineText {#text} at (0,0) size 75x22
          chunk 1 text run 1 at (1600.00,2020.00) startOffset 0 endOffset 11 width 75.00: "just a text"
      RenderSVGText {text} at (1700,2003) size 75x22 contains 1 chunk(s)
        RenderSVGInlineText {#text} at (0,0) size 75x22
          chunk 1 text run 1 at (1700.00,2020.00) startOffset 0 endOffset 11 width 75.00: "just a text"
      RenderSVGText {text} at (1800,2003) size 75x22 contains 1 chunk(s)
        RenderSVGInlineText {#text} at (0,0) size 75x22
          chunk 1 text run 1 at (1800.00,2020.00) startOffset 0 endOffset 11 width 75.00: "just a text"
      RenderSVGText {text} at (1900,2003) size 75x22 contains 1 chunk(s)
        RenderSVGInlineText {#text} at (0,0) size 75x22
          chunk 1 text run 1 at (1900.00,2020.00) startOffset 0 endOffset 11 width 75.00: "just a text"
      RenderSVGText {text} at (2000,2003) size 75x22 contains 1 chunk(s)
        RenderSVGInlineText {#text} at (0,0) size 75x22
          chunk 1 text run 1 at (2000.00,2020.00) startOffset 0 endOffset 11 width 75.00: "just a text"
      RenderSVGText {text} at (2100,2003) size 75x22 contains 1 chunk(s)
        RenderSVGInlineText {#text} at (0,0) size 75x22
          chunk 1 text run 1 at (2100.00,2020.00) startOffset 0 endOffset 11 width 75.00: "just a text"
      RenderSVGText {text} at (2200,2003) size 75x22 contains 1 chunk(s)
        RenderSVGInlineText {#text} at (0,0) size 75x22
          chunk 1 text run 1 at (2200.00,2020.00) startOffset 0 endOffset 11 width 75.00: "just a text"
      RenderSVGText {text} at (2300,2003) size 75x22 contains 1 chunk(s)
        RenderSVGInlineText {#text} at (0,0) size 75x22
          chunk 1 text run 1 at (2300.00,2020.00) startOffset 0 endOffset 11 width 75.00: "just a text"
      RenderSVGText {text} at (2400,2003) size 75x22 contains 1 chunk(s)
        RenderSVGInlineText {#text} at (0,0) size 75x22
          chunk 1 text run 1 at (2400.00,2020.00) startOffset 0 endOffset 11 width 75.00: "just a text"
      RenderSVGText {text} at (2500,2003) size 75x22 contains 1 chunk(s)
        RenderSVGInlineText {#text} at (0,0) size 75x22
          chunk 1 text run 1 at (2500.00,2020.00) startOffset 0 endOffset 11 width 75.00: "just a text"
      RenderSVGText {text} at (2600,2003) size 75x22 contains 1 chunk(s)
        RenderSVGInlineText {#text} at (0,0) size 75x22
          chunk 1 text run 1 at (2600.00,2020.00) startOffset 0 endOffset 11 width 75.00: "just a text"
      RenderSVGText {text} at (2700,2003) size 75x22 contains 1 chunk(s)
        RenderSVGInlineText {#text} at (0,0) size 75x22
          chunk 1 text run 1 at (2700.00,2020.00) startOffset 0 endOffset 11 width 75.00: "just a text"
      RenderSVGText {text} at (2800,2003) size 75x22 contains 1 chunk(s)
        RenderSVGInlineText {#text} at (0,0) size 75x22
          chunk 1 text run 1 at (2800.00,2020.00) startOffset 0 endOffset 11 width 75.00: "just a text"
      RenderSVGText {text} at (2900,2003) size 75x22 contains 1 chunk(s)
        RenderSVGInlineText {#text} at (0,0) size 75x22
          chunk 1 text run 1 at (2900.00,2020.00) startOffset 0 endOffset 11 width 75.00: "just a text"
      RenderSVGText {text} at (3000,2003) size 75x22 contains 1 chunk(s)
        RenderSVGInlineText {#text} at (0,0) size 75x22
          chunk 1 text run 1 at (3000.00,2020.00) startOffset 0 endOffset 11 width 75.00: "just a text"
      RenderSVGText {text} at (3100,2003) size 75x22 contains 1 chunk(s)
        RenderSVGInlineText {#text} at (0,0) size 75x22
          chunk 1 text run 1 at (3100.00,2020.00) startOffset 0 endOffset 11 width 75.00: "just a text"
      RenderSVGText {text} at (3200,2003) size 75x22 contains 1 chunk(s)
        RenderSVGInlineText {#text} at (0,0) size 75x22
          chunk 1 text run 1 at (3200.00,2020.00) startOffset 0 endOffset 11 width 75.00: "just a text"
      RenderSVGText {text} at (3300,2003) size 75x22 contains 1 chunk(s)
        RenderSVGInlineText {#text} at (0,0) size 75x22
          chunk 1 text run 1 at (3300.00,2020.00) startOffset 0 endOffset 11 width 75.00: "just a text"
      RenderSVGText {text} at (3400,2003) size 75x22 contains 1 chunk(s)
        RenderSVGInlineText {#text} at (0,0) size 75x22
          chunk 1 text run 1 at (3400.00,2020.00) startOffset 0 endOffset 11 width 75.00: "just a text"
      RenderSVGText {text} at (3500,2003) size 75x22 contains 1 chunk(s)
        RenderSVGInlineText {#text} at (0,0) size 75x22
          chunk 1 text run 1 at (3500.00,2020.00) startOffset 0 endOffset 11 width 75.00: "just a text"
      RenderSVGText {text} at (3600,2003) size 75x22 contains 1 chunk(s)
        RenderSVGInlineText {#text} at (0,0) size 75x22
          chunk 1 text run 1 at (3600.00,2020.00) startOffset 0 endOffset 11 width 75.00: "just a text"
      RenderSVGText {text} at (3700,2003) size 75x22 contains 1 chunk(s)
        RenderSVGInlineText {#text} at (0,0) size 75x22
          chunk 1 text run 1 at (3700.00,2020.00) startOffset 0 endOffset 11 width 75.00: "just a text"
      RenderSVGText {text} at (3800,2003) size 75x22 contains 1 chunk(s)
        RenderSVGInlineText {#text} at (0,0) size 75x22
          chunk 1 text run 1 at (3800.00,2020.00) startOffset 0 endOffset 11 width 75.00: "just a text"
      RenderSVGText {text} at (3900,2003) size 75x22 contains 1 chunk(s)
        RenderSVGInlineText {#text} at (0,0) size 75x22
          chunk 1 text run 1 at (3900.00,2020.00) startOffset 0 endOffset 11 width 75.00: "just a text"
      RenderSVGText {text} at (4000,2003) size 75x22 contains 1 chunk(s)
        RenderSVGInlineText {#text} at (0,0) size 75x22
          chunk 1 text run 1 at (4000.00,2020.00) startOffset 0 endOffset 11 width 75.00: "just a text"
      RenderSVGText {text} at (4100,2003) size 75x22 contains 1 chunk(s)
        RenderSVGInlineText {#text} at (0,0) size 75x22
          chunk 1 text run 1 at (4100.00,2020.00) startOffset 0 endOffset 11 width 75.00: "just a text"
      RenderSVGText {text} at (4200,2003) size 75x22 contains 1 chunk(s)
        RenderSVGInlineText {#text} at (0,0) size 75x22
          chunk 1 text run 1 at (4200.00,2020.00) startOffset 0 endOffset 11 width 75.00: "just a text"
      RenderSVGText {text} at (4300,2003) size 75x22 contains 1 chunk(s)
        RenderSVGInlineText {#text} at (0,0) size 75x22
          chunk 1 text run 1 at (4300.00,2020.00) startOffset 0 endOffset 11 width 75.00: "just a text"
      RenderSVGText {text} at (4400,2003) size 75x22 contains 1 chunk(s)
        RenderSVGInlineText {#text} at (0,0) size 75x22
          chunk 1 text run 1 at (4400.00,2020.00) startOffset 0 endOffset 11 width 75.00: "just a text"
      RenderSVGText {text} at (4500,2003) size 75x22 contains 1 chunk(s)
        RenderSVGInlineText {#text} at (0,0) size 75x22
          chunk 1 text run 1 at (4500.00,2020.00) startOffset 0 endOffset 11 width 75.00: "just a text"
      RenderSVGText {text} at (4600,2003) size 75x22 contains 1 chunk(s)
        RenderSVGInlineText {#text} at (0,0) size 75x22
          chunk 1 text run 1 at (4600.00,2020.00) startOffset 0 endOffset 11 width 75.00: "just a text"
      RenderSVGText {text} at (4700,2003) size 75x22 contains 1 chunk(s)
        RenderSVGInlineText {#text} at (0,0) size 75x22
          chunk 1 text run 1 at (4700.00,2020.00) startOffset 0 endOffset 11 width 75.00: "just a text"
      RenderSVGText {text} at (4800,2003) size 75x22 contains 1 chunk(s)
        RenderSVGInlineText {#text} at (0,0) size 75x22
          chunk 1 text run 1 at (4800.00,2020.00) startOffset 0 endOffset 11 width 75.00: "just a text"
      RenderSVGText {text} at (4900,2003) size 75x22 contains 1 chunk(s)
        RenderSVGInlineText {#text} at (0,0) size 75x22
          chunk 1 text run 1 at (4900.00,2020.00) startOffset 0 endOffset 11 width 75.00: "just a text"
      RenderSVGText {text} at (0,2103) size 75x22 contains 1 chunk(s)
        RenderSVGInlineText {#text} at (0,0) size 75x22
          chunk 1 text run 1 at (0.00,2120.00) startOffset 0 endOffset 11 width 75.00: "just a text"
      RenderSVGText {text} at (100,2103) size 75x22 contains 1 chunk(s)
        RenderSVGInlineText {#text} at (0,0) size 75x22
          chunk 1 text run 1 at (100.00,2120.00) startOffset 0 endOffset 11 width 75.00: "just a text"
      RenderSVGText {text} at (200,2103) size 75x22 contains 1 chunk(s)
        RenderSVGInlineText {#text} at (0,0) size 75x22
          chunk 1 text run 1 at (200.00,2120.00) startOffset 0 endOffset 11 width 75.00: "just a text"
      RenderSVGText {text} at (300,2103) size 75x22 contains 1 chunk(s)
        RenderSVGInlineText {#text} at (0,0) size 75x22
          chunk 1 text run 1 at (300.00,2120.00) startOffset 0 endOffset 11 width 75.00: "just a text"
      RenderSVGText {text} at (400,2103) size 75x22 contains 1 chunk(s)
        RenderSVGInlineText {#text} at (0,0) size 75x22
          chunk 1 text run 1 at (400.00,2120.00) startOffset 0 endOffset 11 width 75.00: "just a text"
      RenderSVGText {text} at (500,2103) size 75x22 contains 1 chunk(s)
        RenderSVGInlineText {#text} at (0,0) size 75x22
          chunk 1 text run 1 at (500.00,2120.00) startOffset 0 endOffset 11 width 75.00: "just a text"
      RenderSVGText {text} at (600,2103) size 75x22 contains 1 chunk(s)
        RenderSVGInlineText {#text} at (0,0) size 75x22
          chunk 1 text run 1 at (600.00,2120.00) startOffset 0 endOffset 11 width 75.00: "just a text"
      RenderSVGText {text} at (700,2103) size 75x22 contains 1 chunk(s)
        RenderSVGInlineText {#text} at (0,0) size 75x22
          chunk 1 text run 1 at (700.00,2120.00) startOffset 0 endOffset 11 width 75.00: "just a text"
      RenderSVGText {text} at (800,2103) size 75x22 contains 1 chunk(s)
        RenderSVGInlineText {#text} at (0,0) size 75x22
          chunk 1 text run 1 at (800.00,2120.00) startOffset 0 endOffset 11 width 75.00: "just a text"
      RenderSVGText {text} at (900,2103) size 75x22 contains 1 chunk(s)
        RenderSVGInlineText {#text} at (0,0) size 75x22
          chunk 1 text run 1 at (900.00,2120.00) startOffset 0 endOffset 11 width 75.00: "just a text"
      RenderSVGText {text} at (1000,2103) size 75x22 contains 1 chunk(s)
        RenderSVGInlineText {#text} at (0,0) size 75x22
          chunk 1 text run 1 at (1000.00,2120.00) startOffset 0 endOffset 11 width 75.00: "just a text"
      RenderSVGText {text} at (1100,2103) size 75x22 contains 1 chunk(s)
        RenderSVGInlineText {#text} at (0,0) size 75x22
          chunk 1 text run 1 at (1100.00,2120.00) startOffset 0 endOffset 11 width 75.00: "just a text"
      RenderSVGText {text} at (1200,2103) size 75x22 contains 1 chunk(s)
        RenderSVGInlineText {#text} at (0,0) size 75x22
          chunk 1 text run 1 at (1200.00,2120.00) startOffset 0 endOffset 11 width 75.00: "just a text"
      RenderSVGText {text} at (1300,2103) size 75x22 contains 1 chunk(s)
        RenderSVGInlineText {#text} at (0,0) size 75x22
          chunk 1 text run 1 at (1300.00,2120.00) startOffset 0 endOffset 11 width 75.00: "just a text"
      RenderSVGText {text} at (1400,2103) size 75x22 contains 1 chunk(s)
        RenderSVGInlineText {#text} at (0,0) size 75x22
          chunk 1 text run 1 at (1400.00,2120.00) startOffset 0 endOffset 11 width 75.00: "just a text"
      RenderSVGText {text} at (1500,2103) size 75x22 contains 1 chunk(s)
        RenderSVGInlineText {#text} at (0,0) size 75x22
          chunk 1 text run 1 at (1500.00,2120.00) startOffset 0 endOffset 11 width 75.00: "just a text"
      RenderSVGText {text} at (1600,2103) size 75x22 contains 1 chunk(s)
        RenderSVGInlineText {#text} at (0,0) size 75x22
          chunk 1 text run 1 at (1600.00,2120.00) startOffset 0 endOffset 11 width 75.00: "just a text"
      RenderSVGText {text} at (1700,2103) size 75x22 contains 1 chunk(s)
        RenderSVGInlineText {#text} at (0,0) size 75x22
          chunk 1 text run 1 at (1700.00,2120.00) startOffset 0 endOffset 11 width 75.00: "just a text"
      RenderSVGText {text} at (1800,2103) size 75x22 contains 1 chunk(s)
        RenderSVGInlineText {#text} at (0,0) size 75x22
          chunk 1 text run 1 at (1800.00,2120.00) startOffset 0 endOffset 11 width 75.00: "just a text"
      RenderSVGText {text} at (1900,2103) size 75x22 contains 1 chunk(s)
        RenderSVGInlineText {#text} at (0,0) size 75x22
          chunk 1 text run 1 at (1900.00,2120.00) startOffset 0 endOffset 11 width 75.00: "just a text"
      RenderSVGText {text} at (2000,2103) size 75x22 contains 1 chunk(s)
        RenderSVGInlineText {#text} at (0,0) size 75x22
          chunk 1 text run 1 at (2000.00,2120.00) startOffset 0 endOffset 11 width 75.00: "just a text"
      RenderSVGText {text} at (2100,2103) size 75x22 contains 1 chunk(s)
        RenderSVGInlineText {#text} at (0,0) size 75x22
          chunk 1 text run 1 at (2100.00,2120.00) startOffset 0 endOffset 11 width 75.00: "just a text"
      RenderSVGText {text} at (2200,2103) size 75x22 contains 1 chunk(s)
        RenderSVGInlineText {#text} at (0,0) size 75x22
          chunk 1 text run 1 at (2200.00,2120.00) startOffset 0 endOffset 11 width 75.00: "just a text"
      RenderSVGText {text} at (2300,2103) size 75x22 contains 1 chunk(s)
        RenderSVGInlineText {#text} at (0,0) size 75x22
          chunk 1 text run 1 at (2300.00,2120.00) startOffset 0 endOffset 11 width 75.00: "just a text"
      RenderSVGText {text} at (2400,2103) size 75x22 contains 1 chunk(s)
        RenderSVGInlineText {#text} at (0,0) size 75x22
          chunk 1 text run 1 at (2400.00,2120.00) startOffset 0 endOffset 11 width 75.00: "just a text"
      RenderSVGText {text} at (2500,2103) size 75x22 contains 1 chunk(s)
        RenderSVGInlineText {#text} at (0,0) size 75x22
          chunk 1 text run 1 at (2500.00,2120.00) startOffset 0 endOffset 11 width 75.00: "just a text"
      RenderSVGText {text} at (2600,2103) size 75x22 contains 1 chunk(s)
        RenderSVGInlineText {#text} at (0,0) size 75x22
          chunk 1 text run 1 at (2600.00,2120.00) startOffset 0 endOffset 11 width 75.00: "just a text"
      RenderSVGText {text} at (2700,2103) size 75x22 contains 1 chunk(s)
        RenderSVGInlineText {#text} at (0,0) size 75x22
          chunk 1 text run 1 at (2700.00,2120.00) startOffset 0 endOffset 11 width 75.00: "just a text"
      RenderSVGText {text} at (2800,2103) size 75x22 contains 1 chunk(s)
        RenderSVGInlineText {#text} at (0,0) size 75x22
          chunk 1 text run 1 at (2800.00,2120.00) startOffset 0 endOffset 11 width 75.00: "just a text"
      RenderSVGText {text} at (2900,2103) size 75x22 contains 1 chunk(s)
        RenderSVGInlineText {#text} at (0,0) size 75x22
          chunk 1 text run 1 at (2900.00,2120.00) startOffset 0 endOffset 11 width 75.00: "just a text"
      RenderSVGText {text} at (3000,2103) size 75x22 contains 1 chunk(s)
        RenderSVGInlineText {#text} at (0,0) size 75x22
          chunk 1 text run 1 at (3000.00,2120.00) startOffset 0 endOffset 11 width 75.00: "just a text"
      RenderSVGText {text} at (3100,2103) size 75x22 contains 1 chunk(s)
        RenderSVGInlineText {#text} at (0,0) size 75x22
          chunk 1 text run 1 at (3100.00,2120.00) startOffset 0 endOffset 11 width 75.00: "just a text"
      RenderSVGText {text} at (3200,2103) size 75x22 contains 1 chunk(s)
        RenderSVGInlineText {#text} at (0,0) size 75x22
          chunk 1 text run 1 at (3200.00,2120.00) startOffset 0 endOffset 11 width 75.00: "just a text"
      RenderSVGText {text} at (3300,2103) size 75x22 contains 1 chunk(s)
        RenderSVGInlineText {#text} at (0,0) size 75x22
          chunk 1 text run 1 at (3300.00,2120.00) startOffset 0 endOffset 11 width 75.00: "just a text"
      RenderSVGText {text} at (3400,2103) size 75x22 contains 1 chunk(s)
        RenderSVGInlineText {#text} at (0,0) size 75x22
          chunk 1 text run 1 at (3400.00,2120.00) startOffset 0 endOffset 11 width 75.00: "just a text"
      RenderSVGText {text} at (3500,2103) size 75x22 contains 1 chunk(s)
        RenderSVGInlineText {#text} at (0,0) size 75x22
          chunk 1 text run 1 at (3500.00,2120.00) startOffset 0 endOffset 11 width 75.00: "just a text"
      RenderSVGText {text} at (3600,2103) size 75x22 contains 1 chunk(s)
        RenderSVGInlineText {#text} at (0,0) size 75x22
          chunk 1 text run 1 at (3600.00,2120.00) startOffset 0 endOffset 11 width 75.00: "just a text"
      RenderSVGText {text} at (3700,2103) size 75x22 contains 1 chunk(s)
        RenderSVGInlineText {#text} at (0,0) size 75x22
          chunk 1 text run 1 at (3700.00,2120.00) startOffset 0 endOffset 11 width 75.00: "just a text"
      RenderSVGText {text} at (3800,2103) size 75x22 contains 1 chunk(s)
        RenderSVGInlineText {#text} at (0,0) size 75x22
          chunk 1 text run 1 at (3800.00,2120.00) startOffset 0 endOffset 11 width 75.00: "just a text"
      RenderSVGText {text} at (3900,2103) size 75x22 contains 1 chunk(s)
        RenderSVGInlineText {#text} at (0,0) size 75x22
          chunk 1 text run 1 at (3900.00,2120.00) startOffset 0 endOffset 11 width 75.00: "just a text"
      RenderSVGText {text} at (4000,2103) size 75x22 contains 1 chunk(s)
        RenderSVGInlineText {#text} at (0,0) size 75x22
          chunk 1 text run 1 at (4000.00,2120.00) startOffset 0 endOffset 11 width 75.00: "just a text"
      RenderSVGText {text} at (4100,2103) size 75x22 contains 1 chunk(s)
        RenderSVGInlineText {#text} at (0,0) size 75x22
          chunk 1 text run 1 at (4100.00,2120.00) startOffset 0 endOffset 11 width 75.00: "just a text"
      RenderSVGText {text} at (4200,2103) size 75x22 contains 1 chunk(s)
        RenderSVGInlineText {#text} at (0,0) size 75x22
          chunk 1 text run 1 at (4200.00,2120.00) startOffset 0 endOffset 11 width 75.00: "just a text"
      RenderSVGText {text} at (4300,2103) size 75x22 contains 1 chunk(s)
        RenderSVGInlineText {#text} at (0,0) size 75x22
          chunk 1 text run 1 at (4300.00,2120.00) startOffset 0 endOffset 11 width 75.00: "just a text"
      RenderSVGText {text} at (4400,2103) size 75x22 contains 1 chunk(s)
        RenderSVGInlineText {#text} at (0,0) size 75x22
          chunk 1 text run 1 at (4400.00,2120.00) startOffset 0 endOffset 11 width 75.00: "just a text"
      RenderSVGText {text} at (4500,2103) size 75x22 contains 1 chunk(s)
        RenderSVGInlineText {#text} at (0,0) size 75x22
          chunk 1 text run 1 at (4500.00,2120.00) startOffset 0 endOffset 11 width 75.00: "just a text"
      RenderSVGText {text} at (4600,2103) size 75x22 contains 1 chunk(s)
        RenderSVGInlineText {#text} at (0,0) size 75x22
          chunk 1 text run 1 at (4600.00,2120.00) startOffset 0 endOffset 11 width 75.00: "just a text"
      RenderSVGText {text} at (4700,2103) size 75x22 contains 1 chunk(s)
        RenderSVGInlineText {#text} at (0,0) size 75x22
          chunk 1 text run 1 at (4700.00,2120.00) startOffset 0 endOffset 11 width 75.00: "just a text"
      RenderSVGText {text} at (4800,2103) size 75x22 contains 1 chunk(s)
        RenderSVGInlineText {#text} at (0,0) size 75x22
          chunk 1 text run 1 at (4800.00,2120.00) startOffset 0 endOffset 11 width 75.00: "just a text"
      RenderSVGText {text} at (4900,2103) size 75x22 contains 1 chunk(s)
        RenderSVGInlineText {#text} at (0,0) size 75x22
          chunk 1 text run 1 at (4900.00,2120.00) startOffset 0 endOffset 11 width 75.00: "just a text"
      RenderSVGText {text} at (0,2203) size 75x22 contains 1 chunk(s)
        RenderSVGInlineText {#text} at (0,0) size 75x22
          chunk 1 text run 1 at (0.00,2220.00) startOffset 0 endOffset 11 width 75.00: "just a text"
      RenderSVGText {text} at (100,2203) size 75x22 contains 1 chunk(s)
        RenderSVGInlineText {#text} at (0,0) size 75x22
          chunk 1 text run 1 at (100.00,2220.00) startOffset 0 endOffset 11 width 75.00: "just a text"
      RenderSVGText {text} at (200,2203) size 75x22 contains 1 chunk(s)
        RenderSVGInlineText {#text} at (0,0) size 75x22
          chunk 1 text run 1 at (200.00,2220.00) startOffset 0 endOffset 11 width 75.00: "just a text"
      RenderSVGText {text} at (300,2203) size 75x22 contains 1 chunk(s)
        RenderSVGInlineText {#text} at (0,0) size 75x22
          chunk 1 text run 1 at (300.00,2220.00) startOffset 0 endOffset 11 width 75.00: "just a text"
      RenderSVGText {text} at (400,2203) size 75x22 contains 1 chunk(s)
        RenderSVGInlineText {#text} at (0,0) size 75x22
          chunk 1 text run 1 at (400.00,2220.00) startOffset 0 endOffset 11 width 75.00: "just a text"
      RenderSVGText {text} at (500,2203) size 75x22 contains 1 chunk(s)
        RenderSVGInlineText {#text} at (0,0) size 75x22
          chunk 1 text run 1 at (500.00,2220.00) startOffset 0 endOffset 11 width 75.00: "just a text"
      RenderSVGText {text} at (600,2203) size 75x22 contains 1 chunk(s)
        RenderSVGInlineText {#text} at (0,0) size 75x22
          chunk 1 text run 1 at (600.00,2220.00) startOffset 0 endOffset 11 width 75.00: "just a text"
      RenderSVGText {text} at (700,2203) size 75x22 contains 1 chunk(s)
        RenderSVGInlineText {#text} at (0,0) size 75x22
          chunk 1 text run 1 at (700.00,2220.00) startOffset 0 endOffset 11 width 75.00: "just a text"
      RenderSVGText {text} at (800,2203) size 75x22 contains 1 chunk(s)
        RenderSVGInlineText {#text} at (0,0) size 75x22
          chunk 1 text run 1 at (800.00,2220.00) startOffset 0 endOffset 11 width 75.00: "just a text"
      RenderSVGText {text} at (900,2203) size 75x22 contains 1 chunk(s)
        RenderSVGInlineText {#text} at (0,0) size 75x22
          chunk 1 text run 1 at (900.00,2220.00) startOffset 0 endOffset 11 width 75.00: "just a text"
      RenderSVGText {text} at (1000,2203) size 75x22 contains 1 chunk(s)
        RenderSVGInlineText {#text} at (0,0) size 75x22
          chunk 1 text run 1 at (1000.00,2220.00) startOffset 0 endOffset 11 width 75.00: "just a text"
      RenderSVGText {text} at (1100,2203) size 75x22 contains 1 chunk(s)
        RenderSVGInlineText {#text} at (0,0) size 75x22
          chunk 1 text run 1 at (1100.00,2220.00) startOffset 0 endOffset 11 width 75.00: "just a text"
      RenderSVGText {text} at (1200,2203) size 75x22 contains 1 chunk(s)
        RenderSVGInlineText {#text} at (0,0) size 75x22
          chunk 1 text run 1 at (1200.00,2220.00) startOffset 0 endOffset 11 width 75.00: "just a text"
      RenderSVGText {text} at (1300,2203) size 75x22 contains 1 chunk(s)
        RenderSVGInlineText {#text} at (0,0) size 75x22
          chunk 1 text run 1 at (1300.00,2220.00) startOffset 0 endOffset 11 width 75.00: "just a text"
      RenderSVGText {text} at (1400,2203) size 75x22 contains 1 chunk(s)
        RenderSVGInlineText {#text} at (0,0) size 75x22
          chunk 1 text run 1 at (1400.00,2220.00) startOffset 0 endOffset 11 width 75.00: "just a text"
      RenderSVGText {text} at (1500,2203) size 75x22 contains 1 chunk(s)
        RenderSVGInlineText {#text} at (0,0) size 75x22
          chunk 1 text run 1 at (1500.00,2220.00) startOffset 0 endOffset 11 width 75.00: "just a text"
      RenderSVGText {text} at (1600,2203) size 75x22 contains 1 chunk(s)
        RenderSVGInlineText {#text} at (0,0) size 75x22
          chunk 1 text run 1 at (1600.00,2220.00) startOffset 0 endOffset 11 width 75.00: "just a text"
      RenderSVGText {text} at (1700,2203) size 75x22 contains 1 chunk(s)
        RenderSVGInlineText {#text} at (0,0) size 75x22
          chunk 1 text run 1 at (1700.00,2220.00) startOffset 0 endOffset 11 width 75.00: "just a text"
      RenderSVGText {text} at (1800,2203) size 75x22 contains 1 chunk(s)
        RenderSVGInlineText {#text} at (0,0) size 75x22
          chunk 1 text run 1 at (1800.00,2220.00) startOffset 0 endOffset 11 width 75.00: "just a text"
      RenderSVGText {text} at (1900,2203) size 75x22 contains 1 chunk(s)
        RenderSVGInlineText {#text} at (0,0) size 75x22
          chunk 1 text run 1 at (1900.00,2220.00) startOffset 0 endOffset 11 width 75.00: "just a text"
      RenderSVGText {text} at (2000,2203) size 75x22 contains 1 chunk(s)
        RenderSVGInlineText {#text} at (0,0) size 75x22
          chunk 1 text run 1 at (2000.00,2220.00) startOffset 0 endOffset 11 width 75.00: "just a text"
      RenderSVGText {text} at (2100,2203) size 75x22 contains 1 chunk(s)
        RenderSVGInlineText {#text} at (0,0) size 75x22
          chunk 1 text run 1 at (2100.00,2220.00) startOffset 0 endOffset 11 width 75.00: "just a text"
      RenderSVGText {text} at (2200,2203) size 75x22 contains 1 chunk(s)
        RenderSVGInlineText {#text} at (0,0) size 75x22
          chunk 1 text run 1 at (2200.00,2220.00) startOffset 0 endOffset 11 width 75.00: "just a text"
      RenderSVGText {text} at (2300,2203) size 75x22 contains 1 chunk(s)
        RenderSVGInlineText {#text} at (0,0) size 75x22
          chunk 1 text run 1 at (2300.00,2220.00) startOffset 0 endOffset 11 width 75.00: "just a text"
      RenderSVGText {text} at (2400,2203) size 75x22 contains 1 chunk(s)
        RenderSVGInlineText {#text} at (0,0) size 75x22
          chunk 1 text run 1 at (2400.00,2220.00) startOffset 0 endOffset 11 width 75.00: "just a text"
      RenderSVGText {text} at (2500,2203) size 75x22 contains 1 chunk(s)
        RenderSVGInlineText {#text} at (0,0) size 75x22
          chunk 1 text run 1 at (2500.00,2220.00) startOffset 0 endOffset 11 width 75.00: "just a text"
      RenderSVGText {text} at (2600,2203) size 75x22 contains 1 chunk(s)
        RenderSVGInlineText {#text} at (0,0) size 75x22
          chunk 1 text run 1 at (2600.00,2220.00) startOffset 0 endOffset 11 width 75.00: "just a text"
      RenderSVGText {text} at (2700,2203) size 75x22 contains 1 chunk(s)
        RenderSVGInlineText {#text} at (0,0) size 75x22
          chunk 1 text run 1 at (2700.00,2220.00) startOffset 0 endOffset 11 width 75.00: "just a text"
      RenderSVGText {text} at (2800,2203) size 75x22 contains 1 chunk(s)
        RenderSVGInlineText {#text} at (0,0) size 75x22
          chunk 1 text run 1 at (2800.00,2220.00) startOffset 0 endOffset 11 width 75.00: "just a text"
      RenderSVGText {text} at (2900,2203) size 75x22 contains 1 chunk(s)
        RenderSVGInlineText {#text} at (0,0) size 75x22
          chunk 1 text run 1 at (2900.00,2220.00) startOffset 0 endOffset 11 width 75.00: "just a text"
      RenderSVGText {text} at (3000,2203) size 75x22 contains 1 chunk(s)
        RenderSVGInlineText {#text} at (0,0) size 75x22
          chunk 1 text run 1 at (3000.00,2220.00) startOffset 0 endOffset 11 width 75.00: "just a text"
      RenderSVGText {text} at (3100,2203) size 75x22 contains 1 chunk(s)
        RenderSVGInlineText {#text} at (0,0) size 75x22
          chunk 1 text run 1 at (3100.00,2220.00) startOffset 0 endOffset 11 width 75.00: "just a text"
      RenderSVGText {text} at (3200,2203) size 75x22 contains 1 chunk(s)
        RenderSVGInlineText {#text} at (0,0) size 75x22
          chunk 1 text run 1 at (3200.00,2220.00) startOffset 0 endOffset 11 width 75.00: "just a text"
      RenderSVGText {text} at (3300,2203) size 75x22 contains 1 chunk(s)
        RenderSVGInlineText {#text} at (0,0) size 75x22
          chunk 1 text run 1 at (3300.00,2220.00) startOffset 0 endOffset 11 width 75.00: "just a text"
      RenderSVGText {text} at (3400,2203) size 75x22 contains 1 chunk(s)
        RenderSVGInlineText {#text} at (0,0) size 75x22
          chunk 1 text run 1 at (3400.00,2220.00) startOffset 0 endOffset 11 width 75.00: "just a text"
      RenderSVGText {text} at (3500,2203) size 75x22 contains 1 chunk(s)
        RenderSVGInlineText {#text} at (0,0) size 75x22
          chunk 1 text run 1 at (3500.00,2220.00) startOffset 0 endOffset 11 width 75.00: "just a text"
      RenderSVGText {text} at (3600,2203) size 75x22 contains 1 chunk(s)
        RenderSVGInlineText {#text} at (0,0) size 75x22
          chunk 1 text run 1 at (3600.00,2220.00) startOffset 0 endOffset 11 width 75.00: "just a text"
      RenderSVGText {text} at (3700,2203) size 75x22 contains 1 chunk(s)
        RenderSVGInlineText {#text} at (0,0) size 75x22
          chunk 1 text run 1 at (3700.00,2220.00) startOffset 0 endOffset 11 width 75.00: "just a text"
      RenderSVGText {text} at (3800,2203) size 75x22 contains 1 chunk(s)
        RenderSVGInlineText {#text} at (0,0) size 75x22
          chunk 1 text run 1 at (3800.00,2220.00) startOffset 0 endOffset 11 width 75.00: "just a text"
      RenderSVGText {text} at (3900,2203) size 75x22 contains 1 chunk(s)
        RenderSVGInlineText {#text} at (0,0) size 75x22
          chunk 1 text run 1 at (3900.00,2220.00) startOffset 0 endOffset 11 width 75.00: "just a text"
      RenderSVGText {text} at (4000,2203) size 75x22 contains 1 chunk(s)
        RenderSVGInlineText {#text} at (0,0) size 75x22
          chunk 1 text run 1 at (4000.00,2220.00) startOffset 0 endOffset 11 width 75.00: "just a text"
      RenderSVGText {text} at (4100,2203) size 75x22 contains 1 chunk(s)
        RenderSVGInlineText {#text} at (0,0) size 75x22
          chunk 1 text run 1 at (4100.00,2220.00) startOffset 0 endOffset 11 width 75.00: "just a text"
      RenderSVGText {text} at (4200,2203) size 75x22 contains 1 chunk(s)
        RenderSVGInlineText {#text} at (0,0) size 75x22
          chunk 1 text run 1 at (4200.00,2220.00) startOffset 0 endOffset 11 width 75.00: "just a text"
      RenderSVGText {text} at (4300,2203) size 75x22 contains 1 chunk(s)
        RenderSVGInlineText {#text} at (0,0) size 75x22
          chunk 1 text run 1 at (4300.00,2220.00) startOffset 0 endOffset 11 width 75.00: "just a text"
      RenderSVGText {text} at (4400,2203) size 75x22 contains 1 chunk(s)
        RenderSVGInlineText {#text} at (0,0) size 75x22
          chunk 1 text run 1 at (4400.00,2220.00) startOffset 0 endOffset 11 width 75.00: "just a text"
      RenderSVGText {text} at (4500,2203) size 75x22 contains 1 chunk(s)
        RenderSVGInlineText {#text} at (0,0) size 75x22
          chunk 1 text run 1 at (4500.00,2220.00) startOffset 0 endOffset 11 width 75.00: "just a text"
      RenderSVGText {text} at (4600,2203) size 75x22 contains 1 chunk(s)
        RenderSVGInlineText {#text} at (0,0) size 75x22
          chunk 1 text run 1 at (4600.00,2220.00) startOffset 0 endOffset 11 width 75.00: "just a text"
      RenderSVGText {text} at (4700,2203) size 75x22 contains 1 chunk(s)
        RenderSVGInlineText {#text} at (0,0) size 75x22
          chunk 1 text run 1 at (4700.00,2220.00) startOffset 0 endOffset 11 width 75.00: "just a text"
      RenderSVGText {text} at (4800,2203) size 75x22 contains 1 chunk(s)
        RenderSVGInlineText {#text} at (0,0) size 75x22
          chunk 1 text run 1 at (4800.00,2220.00) startOffset 0 endOffset 11 width 75.00: "just a text"
      RenderSVGText {text} at (4900,2203) size 75x22 contains 1 chunk(s)
        RenderSVGInlineText {#text} at (0,0) size 75x22
          chunk 1 text run 1 at (4900.00,2220.00) startOffset 0 endOffset 11 width 75.00: "just a text"
      RenderSVGText {text} at (0,2303) size 75x22 contains 1 chunk(s)
        RenderSVGInlineText {#text} at (0,0) size 75x22
          chunk 1 text run 1 at (0.00,2320.00) startOffset 0 endOffset 11 width 75.00: "just a text"
      RenderSVGText {text} at (100,2303) size 75x22 contains 1 chunk(s)
        RenderSVGInlineText {#text} at (0,0) size 75x22
          chunk 1 text run 1 at (100.00,2320.00) startOffset 0 endOffset 11 width 75.00: "just a text"
      RenderSVGText {text} at (200,2303) size 75x22 contains 1 chunk(s)
        RenderSVGInlineText {#text} at (0,0) size 75x22
          chunk 1 text run 1 at (200.00,2320.00) startOffset 0 endOffset 11 width 75.00: "just a text"
      RenderSVGText {text} at (300,2303) size 75x22 contains 1 chunk(s)
        RenderSVGInlineText {#text} at (0,0) size 75x22
          chunk 1 text run 1 at (300.00,2320.00) startOffset 0 endOffset 11 width 75.00: "just a text"
      RenderSVGText {text} at (400,2303) size 75x22 contains 1 chunk(s)
        RenderSVGInlineText {#text} at (0,0) size 75x22
          chunk 1 text run 1 at (400.00,2320.00) startOffset 0 endOffset 11 width 75.00: "just a text"
      RenderSVGText {text} at (500,2303) size 75x22 contains 1 chunk(s)
        RenderSVGInlineText {#text} at (0,0) size 75x22
          chunk 1 text run 1 at (500.00,2320.00) startOffset 0 endOffset 11 width 75.00: "just a text"
      RenderSVGText {text} at (600,2303) size 75x22 contains 1 chunk(s)
        RenderSVGInlineText {#text} at (0,0) size 75x22
          chunk 1 text run 1 at (600.00,2320.00) startOffset 0 endOffset 11 width 75.00: "just a text"
      RenderSVGText {text} at (700,2303) size 75x22 contains 1 chunk(s)
        RenderSVGInlineText {#text} at (0,0) size 75x22
          chunk 1 text run 1 at (700.00,2320.00) startOffset 0 endOffset 11 width 75.00: "just a text"
      RenderSVGText {text} at (800,2303) size 75x22 contains 1 chunk(s)
        RenderSVGInlineText {#text} at (0,0) size 75x22
          chunk 1 text run 1 at (800.00,2320.00) startOffset 0 endOffset 11 width 75.00: "just a text"
      RenderSVGText {text} at (900,2303) size 75x22 contains 1 chunk(s)
        RenderSVGInlineText {#text} at (0,0) size 75x22
          chunk 1 text run 1 at (900.00,2320.00) startOffset 0 endOffset 11 width 75.00: "just a text"
      RenderSVGText {text} at (1000,2303) size 75x22 contains 1 chunk(s)
        RenderSVGInlineText {#text} at (0,0) size 75x22
          chunk 1 text run 1 at (1000.00,2320.00) startOffset 0 endOffset 11 width 75.00: "just a text"
      RenderSVGText {text} at (1100,2303) size 75x22 contains 1 chunk(s)
        RenderSVGInlineText {#text} at (0,0) size 75x22
          chunk 1 text run 1 at (1100.00,2320.00) startOffset 0 endOffset 11 width 75.00: "just a text"
      RenderSVGText {text} at (1200,2303) size 75x22 contains 1 chunk(s)
        RenderSVGInlineText {#text} at (0,0) size 75x22
          chunk 1 text run 1 at (1200.00,2320.00) startOffset 0 endOffset 11 width 75.00: "just a text"
      RenderSVGText {text} at (1300,2303) size 75x22 contains 1 chunk(s)
        RenderSVGInlineText {#text} at (0,0) size 75x22
          chunk 1 text run 1 at (1300.00,2320.00) startOffset 0 endOffset 11 width 75.00: "just a text"
      RenderSVGText {text} at (1400,2303) size 75x22 contains 1 chunk(s)
        RenderSVGInlineText {#text} at (0,0) size 75x22
          chunk 1 text run 1 at (1400.00,2320.00) startOffset 0 endOffset 11 width 75.00: "just a text"
      RenderSVGText {text} at (1500,2303) size 75x22 contains 1 chunk(s)
        RenderSVGInlineText {#text} at (0,0) size 75x22
          chunk 1 text run 1 at (1500.00,2320.00) startOffset 0 endOffset 11 width 75.00: "just a text"
      RenderSVGText {text} at (1600,2303) size 75x22 contains 1 chunk(s)
        RenderSVGInlineText {#text} at (0,0) size 75x22
          chunk 1 text run 1 at (1600.00,2320.00) startOffset 0 endOffset 11 width 75.00: "just a text"
      RenderSVGText {text} at (1700,2303) size 75x22 contains 1 chunk(s)
        RenderSVGInlineText {#text} at (0,0) size 75x22
          chunk 1 text run 1 at (1700.00,2320.00) startOffset 0 endOffset 11 width 75.00: "just a text"
      RenderSVGText {text} at (1800,2303) size 75x22 contains 1 chunk(s)
        RenderSVGInlineText {#text} at (0,0) size 75x22
          chunk 1 text run 1 at (1800.00,2320.00) startOffset 0 endOffset 11 width 75.00: "just a text"
      RenderSVGText {text} at (1900,2303) size 75x22 contains 1 chunk(s)
        RenderSVGInlineText {#text} at (0,0) size 75x22
          chunk 1 text run 1 at (1900.00,2320.00) startOffset 0 endOffset 11 width 75.00: "just a text"
      RenderSVGText {text} at (2000,2303) size 75x22 contains 1 chunk(s)
        RenderSVGInlineText {#text} at (0,0) size 75x22
          chunk 1 text run 1 at (2000.00,2320.00) startOffset 0 endOffset 11 width 75.00: "just a text"
      RenderSVGText {text} at (2100,2303) size 75x22 contains 1 chunk(s)
        RenderSVGInlineText {#text} at (0,0) size 75x22
          chunk 1 text run 1 at (2100.00,2320.00) startOffset 0 endOffset 11 width 75.00: "just a text"
      RenderSVGText {text} at (2200,2303) size 75x22 contains 1 chunk(s)
        RenderSVGInlineText {#text} at (0,0) size 75x22
          chunk 1 text run 1 at (2200.00,2320.00) startOffset 0 endOffset 11 width 75.00: "just a text"
      RenderSVGText {text} at (2300,2303) size 75x22 contains 1 chunk(s)
        RenderSVGInlineText {#text} at (0,0) size 75x22
          chunk 1 text run 1 at (2300.00,2320.00) startOffset 0 endOffset 11 width 75.00: "just a text"
      RenderSVGText {text} at (2400,2303) size 75x22 contains 1 chunk(s)
        RenderSVGInlineText {#text} at (0,0) size 75x22
          chunk 1 text run 1 at (2400.00,2320.00) startOffset 0 endOffset 11 width 75.00: "just a text"
      RenderSVGText {text} at (2500,2303) size 75x22 contains 1 chunk(s)
        RenderSVGInlineText {#text} at (0,0) size 75x22
          chunk 1 text run 1 at (2500.00,2320.00) startOffset 0 endOffset 11 width 75.00: "just a text"
      RenderSVGText {text} at (2600,2303) size 75x22 contains 1 chunk(s)
        RenderSVGInlineText {#text} at (0,0) size 75x22
          chunk 1 text run 1 at (2600.00,2320.00) startOffset 0 endOffset 11 width 75.00: "just a text"
      RenderSVGText {text} at (2700,2303) size 75x22 contains 1 chunk(s)
        RenderSVGInlineText {#text} at (0,0) size 75x22
          chunk 1 text run 1 at (2700.00,2320.00) startOffset 0 endOffset 11 width 75.00: "just a text"
      RenderSVGText {text} at (2800,2303) size 75x22 contains 1 chunk(s)
        RenderSVGInlineText {#text} at (0,0) size 75x22
          chunk 1 text run 1 at (2800.00,2320.00) startOffset 0 endOffset 11 width 75.00: "just a text"
      RenderSVGText {text} at (2900,2303) size 75x22 contains 1 chunk(s)
        RenderSVGInlineText {#text} at (0,0) size 75x22
          chunk 1 text run 1 at (2900.00,2320.00) startOffset 0 endOffset 11 width 75.00: "just a text"
      RenderSVGText {text} at (3000,2303) size 75x22 contains 1 chunk(s)
        RenderSVGInlineText {#text} at (0,0) size 75x22
          chunk 1 text run 1 at (3000.00,2320.00) startOffset 0 endOffset 11 width 75.00: "just a text"
      RenderSVGText {text} at (3100,2303) size 75x22 contains 1 chunk(s)
        RenderSVGInlineText {#text} at (0,0) size 75x22
          chunk 1 text run 1 at (3100.00,2320.00) startOffset 0 endOffset 11 width 75.00: "just a text"
      RenderSVGText {text} at (3200,2303) size 75x22 contains 1 chunk(s)
        RenderSVGInlineText {#text} at (0,0) size 75x22
          chunk 1 text run 1 at (3200.00,2320.00) startOffset 0 endOffset 11 width 75.00: "just a text"
      RenderSVGText {text} at (3300,2303) size 75x22 contains 1 chunk(s)
        RenderSVGInlineText {#text} at (0,0) size 75x22
          chunk 1 text run 1 at (3300.00,2320.00) startOffset 0 endOffset 11 width 75.00: "just a text"
      RenderSVGText {text} at (3400,2303) size 75x22 contains 1 chunk(s)
        RenderSVGInlineText {#text} at (0,0) size 75x22
          chunk 1 text run 1 at (3400.00,2320.00) startOffset 0 endOffset 11 width 75.00: "just a text"
      RenderSVGText {text} at (3500,2303) size 75x22 contains 1 chunk(s)
        RenderSVGInlineText {#text} at (0,0) size 75x22
          chunk 1 text run 1 at (3500.00,2320.00) startOffset 0 endOffset 11 width 75.00: "just a text"
      RenderSVGText {text} at (3600,2303) size 75x22 contains 1 chunk(s)
        RenderSVGInlineText {#text} at (0,0) size 75x22
          chunk 1 text run 1 at (3600.00,2320.00) startOffset 0 endOffset 11 width 75.00: "just a text"
      RenderSVGText {text} at (3700,2303) size 75x22 contains 1 chunk(s)
        RenderSVGInlineText {#text} at (0,0) size 75x22
          chunk 1 text run 1 at (3700.00,2320.00) startOffset 0 endOffset 11 width 75.00: "just a text"
      RenderSVGText {text} at (3800,2303) size 75x22 contains 1 chunk(s)
        RenderSVGInlineText {#text} at (0,0) size 75x22
          chunk 1 text run 1 at (3800.00,2320.00) startOffset 0 endOffset 11 width 75.00: "just a text"
      RenderSVGText {text} at (3900,2303) size 75x22 contains 1 chunk(s)
        RenderSVGInlineText {#text} at (0,0) size 75x22
          chunk 1 text run 1 at (3900.00,2320.00) startOffset 0 endOffset 11 width 75.00: "just a text"
      RenderSVGText {text} at (4000,2303) size 75x22 contains 1 chunk(s)
        RenderSVGInlineText {#text} at (0,0) size 75x22
          chunk 1 text run 1 at (4000.00,2320.00) startOffset 0 endOffset 11 width 75.00: "just a text"
      RenderSVGText {text} at (4100,2303) size 75x22 contains 1 chunk(s)
        RenderSVGInlineText {#text} at (0,0) size 75x22
          chunk 1 text run 1 at (4100.00,2320.00) startOffset 0 endOffset 11 width 75.00: "just a text"
      RenderSVGText {text} at (4200,2303) size 75x22 contains 1 chunk(s)
        RenderSVGInlineText {#text} at (0,0) size 75x22
          chunk 1 text run 1 at (4200.00,2320.00) startOffset 0 endOffset 11 width 75.00: "just a text"
      RenderSVGText {text} at (4300,2303) size 75x22 contains 1 chunk(s)
        RenderSVGInlineText {#text} at (0,0) size 75x22
          chunk 1 text run 1 at (4300.00,2320.00) startOffset 0 endOffset 11 width 75.00: "just a text"
      RenderSVGText {text} at (4400,2303) size 75x22 contains 1 chunk(s)
        RenderSVGInlineText {#text} at (0,0) size 75x22
          chunk 1 text run 1 at (4400.00,2320.00) startOffset 0 endOffset 11 width 75.00: "just a text"
      RenderSVGText {text} at (4500,2303) size 75x22 contains 1 chunk(s)
        RenderSVGInlineText {#text} at (0,0) size 75x22
          chunk 1 text run 1 at (4500.00,2320.00) startOffset 0 endOffset 11 width 75.00: "just a text"
      RenderSVGText {text} at (4600,2303) size 75x22 contains 1 chunk(s)
        RenderSVGInlineText {#text} at (0,0) size 75x22
          chunk 1 text run 1 at (4600.00,2320.00) startOffset 0 endOffset 11 width 75.00: "just a text"
      RenderSVGText {text} at (4700,2303) size 75x22 contains 1 chunk(s)
        RenderSVGInlineText {#text} at (0,0) size 75x22
          chunk 1 text run 1 at (4700.00,2320.00) startOffset 0 endOffset 11 width 75.00: "just a text"
      RenderSVGText {text} at (4800,2303) size 75x22 contains 1 chunk(s)
        RenderSVGInlineText {#text} at (0,0) size 75x22
          chunk 1 text run 1 at (4800.00,2320.00) startOffset 0 endOffset 11 width 75.00: "just a text"
      RenderSVGText {text} at (4900,2303) size 75x22 contains 1 chunk(s)
        RenderSVGInlineText {#text} at (0,0) size 75x22
          chunk 1 text run 1 at (4900.00,2320.00) startOffset 0 endOffset 11 width 75.00: "just a text"
      RenderSVGText {text} at (0,2403) size 75x22 contains 1 chunk(s)
        RenderSVGInlineText {#text} at (0,0) size 75x22
          chunk 1 text run 1 at (0.00,2420.00) startOffset 0 endOffset 11 width 75.00: "just a text"
      RenderSVGText {text} at (100,2403) size 75x22 contains 1 chunk(s)
        RenderSVGInlineText {#text} at (0,0) size 75x22
          chunk 1 text run 1 at (100.00,2420.00) startOffset 0 endOffset 11 width 75.00: "just a text"
      RenderSVGText {text} at (200,2403) size 75x22 contains 1 chunk(s)
        RenderSVGInlineText {#text} at (0,0) size 75x22
          chunk 1 text run 1 at (200.00,2420.00) startOffset 0 endOffset 11 width 75.00: "just a text"
      RenderSVGText {text} at (300,2403) size 75x22 contains 1 chunk(s)
        RenderSVGInlineText {#text} at (0,0) size 75x22
          chunk 1 text run 1 at (300.00,2420.00) startOffset 0 endOffset 11 width 75.00: "just a text"
      RenderSVGText {text} at (400,2403) size 75x22 contains 1 chunk(s)
        RenderSVGInlineText {#text} at (0,0) size 75x22
          chunk 1 text run 1 at (400.00,2420.00) startOffset 0 endOffset 11 width 75.00: "just a text"
      RenderSVGText {text} at (500,2403) size 75x22 contains 1 chunk(s)
        RenderSVGInlineText {#text} at (0,0) size 75x22
          chunk 1 text run 1 at (500.00,2420.00) startOffset 0 endOffset 11 width 75.00: "just a text"
      RenderSVGText {text} at (600,2403) size 75x22 contains 1 chunk(s)
        RenderSVGInlineText {#text} at (0,0) size 75x22
          chunk 1 text run 1 at (600.00,2420.00) startOffset 0 endOffset 11 width 75.00: "just a text"
      RenderSVGText {text} at (700,2403) size 75x22 contains 1 chunk(s)
        RenderSVGInlineText {#text} at (0,0) size 75x22
          chunk 1 text run 1 at (700.00,2420.00) startOffset 0 endOffset 11 width 75.00: "just a text"
      RenderSVGText {text} at (800,2403) size 75x22 contains 1 chunk(s)
        RenderSVGInlineText {#text} at (0,0) size 75x22
          chunk 1 text run 1 at (800.00,2420.00) startOffset 0 endOffset 11 width 75.00: "just a text"
      RenderSVGText {text} at (900,2403) size 75x22 contains 1 chunk(s)
        RenderSVGInlineText {#text} at (0,0) size 75x22
          chunk 1 text run 1 at (900.00,2420.00) startOffset 0 endOffset 11 width 75.00: "just a text"
      RenderSVGText {text} at (1000,2403) size 75x22 contains 1 chunk(s)
        RenderSVGInlineText {#text} at (0,0) size 75x22
          chunk 1 text run 1 at (1000.00,2420.00) startOffset 0 endOffset 11 width 75.00: "just a text"
      RenderSVGText {text} at (1100,2403) size 75x22 contains 1 chunk(s)
        RenderSVGInlineText {#text} at (0,0) size 75x22
          chunk 1 text run 1 at (1100.00,2420.00) startOffset 0 endOffset 11 width 75.00: "just a text"
      RenderSVGText {text} at (1200,2403) size 75x22 contains 1 chunk(s)
        RenderSVGInlineText {#text} at (0,0) size 75x22
          chunk 1 text run 1 at (1200.00,2420.00) startOffset 0 endOffset 11 width 75.00: "just a text"
      RenderSVGText {text} at (1300,2403) size 75x22 contains 1 chunk(s)
        RenderSVGInlineText {#text} at (0,0) size 75x22
          chunk 1 text run 1 at (1300.00,2420.00) startOffset 0 endOffset 11 width 75.00: "just a text"
      RenderSVGText {text} at (1400,2403) size 75x22 contains 1 chunk(s)
        RenderSVGInlineText {#text} at (0,0) size 75x22
          chunk 1 text run 1 at (1400.00,2420.00) startOffset 0 endOffset 11 width 75.00: "just a text"
      RenderSVGText {text} at (1500,2403) size 75x22 contains 1 chunk(s)
        RenderSVGInlineText {#text} at (0,0) size 75x22
          chunk 1 text run 1 at (1500.00,2420.00) startOffset 0 endOffset 11 width 75.00: "just a text"
      RenderSVGText {text} at (1600,2403) size 75x22 contains 1 chunk(s)
        RenderSVGInlineText {#text} at (0,0) size 75x22
          chunk 1 text run 1 at (1600.00,2420.00) startOffset 0 endOffset 11 width 75.00: "just a text"
      RenderSVGText {text} at (1700,2403) size 75x22 contains 1 chunk(s)
        RenderSVGInlineText {#text} at (0,0) size 75x22
          chunk 1 text run 1 at (1700.00,2420.00) startOffset 0 endOffset 11 width 75.00: "just a text"
      RenderSVGText {text} at (1800,2403) size 75x22 contains 1 chunk(s)
        RenderSVGInlineText {#text} at (0,0) size 75x22
          chunk 1 text run 1 at (1800.00,2420.00) startOffset 0 endOffset 11 width 75.00: "just a text"
      RenderSVGText {text} at (1900,2403) size 75x22 contains 1 chunk(s)
        RenderSVGInlineText {#text} at (0,0) size 75x22
          chunk 1 text run 1 at (1900.00,2420.00) startOffset 0 endOffset 11 width 75.00: "just a text"
      RenderSVGText {text} at (2000,2403) size 75x22 contains 1 chunk(s)
        RenderSVGInlineText {#text} at (0,0) size 75x22
          chunk 1 text run 1 at (2000.00,2420.00) startOffset 0 endOffset 11 width 75.00: "just a text"
      RenderSVGText {text} at (2100,2403) size 75x22 contains 1 chunk(s)
        RenderSVGInlineText {#text} at (0,0) size 75x22
          chunk 1 text run 1 at (2100.00,2420.00) startOffset 0 endOffset 11 width 75.00: "just a text"
      RenderSVGText {text} at (2200,2403) size 75x22 contains 1 chunk(s)
        RenderSVGInlineText {#text} at (0,0) size 75x22
          chunk 1 text run 1 at (2200.00,2420.00) startOffset 0 endOffset 11 width 75.00: "just a text"
      RenderSVGText {text} at (2300,2403) size 75x22 contains 1 chunk(s)
        RenderSVGInlineText {#text} at (0,0) size 75x22
          chunk 1 text run 1 at (2300.00,2420.00) startOffset 0 endOffset 11 width 75.00: "just a text"
      RenderSVGText {text} at (2400,2403) size 75x22 contains 1 chunk(s)
        RenderSVGInlineText {#text} at (0,0) size 75x22
          chunk 1 text run 1 at (2400.00,2420.00) startOffset 0 endOffset 11 width 75.00: "just a text"
      RenderSVGText {text} at (2500,2403) size 75x22 contains 1 chunk(s)
        RenderSVGInlineText {#text} at (0,0) size 75x22
          chunk 1 text run 1 at (2500.00,2420.00) startOffset 0 endOffset 11 width 75.00: "just a text"
      RenderSVGText {text} at (2600,2403) size 75x22 contains 1 chunk(s)
        RenderSVGInlineText {#text} at (0,0) size 75x22
          chunk 1 text run 1 at (2600.00,2420.00) startOffset 0 endOffset 11 width 75.00: "just a text"
      RenderSVGText {text} at (2700,2403) size 75x22 contains 1 chunk(s)
        RenderSVGInlineText {#text} at (0,0) size 75x22
          chunk 1 text run 1 at (2700.00,2420.00) startOffset 0 endOffset 11 width 75.00: "just a text"
      RenderSVGText {text} at (2800,2403) size 75x22 contains 1 chunk(s)
        RenderSVGInlineText {#text} at (0,0) size 75x22
          chunk 1 text run 1 at (2800.00,2420.00) startOffset 0 endOffset 11 width 75.00: "just a text"
      RenderSVGText {text} at (2900,2403) size 75x22 contains 1 chunk(s)
        RenderSVGInlineText {#text} at (0,0) size 75x22
          chunk 1 text run 1 at (2900.00,2420.00) startOffset 0 endOffset 11 width 75.00: "just a text"
      RenderSVGText {text} at (3000,2403) size 75x22 contains 1 chunk(s)
        RenderSVGInlineText {#text} at (0,0) size 75x22
          chunk 1 text run 1 at (3000.00,2420.00) startOffset 0 endOffset 11 width 75.00: "just a text"
      RenderSVGText {text} at (3100,2403) size 75x22 contains 1 chunk(s)
        RenderSVGInlineText {#text} at (0,0) size 75x22
          chunk 1 text run 1 at (3100.00,2420.00) startOffset 0 endOffset 11 width 75.00: "just a text"
      RenderSVGText {text} at (3200,2403) size 75x22 contains 1 chunk(s)
        RenderSVGInlineText {#text} at (0,0) size 75x22
          chunk 1 text run 1 at (3200.00,2420.00) startOffset 0 endOffset 11 width 75.00: "just a text"
      RenderSVGText {text} at (3300,2403) size 75x22 contains 1 chunk(s)
        RenderSVGInlineText {#text} at (0,0) size 75x22
          chunk 1 text run 1 at (3300.00,2420.00) startOffset 0 endOffset 11 width 75.00: "just a text"
      RenderSVGText {text} at (3400,2403) size 75x22 contains 1 chunk(s)
        RenderSVGInlineText {#text} at (0,0) size 75x22
          chunk 1 text run 1 at (3400.00,2420.00) startOffset 0 endOffset 11 width 75.00: "just a text"
      RenderSVGText {text} at (3500,2403) size 75x22 contains 1 chunk(s)
        RenderSVGInlineText {#text} at (0,0) size 75x22
          chunk 1 text run 1 at (3500.00,2420.00) startOffset 0 endOffset 11 width 75.00: "just a text"
      RenderSVGText {text} at (3600,2403) size 75x22 contains 1 chunk(s)
        RenderSVGInlineText {#text} at (0,0) size 75x22
          chunk 1 text run 1 at (3600.00,2420.00) startOffset 0 endOffset 11 width 75.00: "just a text"
      RenderSVGText {text} at (3700,2403) size 75x22 contains 1 chunk(s)
        RenderSVGInlineText {#text} at (0,0) size 75x22
          chunk 1 text run 1 at (3700.00,2420.00) startOffset 0 endOffset 11 width 75.00: "just a text"
      RenderSVGText {text} at (3800,2403) size 75x22 contains 1 chunk(s)
        RenderSVGInlineText {#text} at (0,0) size 75x22
          chunk 1 text run 1 at (3800.00,2420.00) startOffset 0 endOffset 11 width 75.00: "just a text"
      RenderSVGText {text} at (3900,2403) size 75x22 contains 1 chunk(s)
        RenderSVGInlineText {#text} at (0,0) size 75x22
          chunk 1 text run 1 at (3900.00,2420.00) startOffset 0 endOffset 11 width 75.00: "just a text"
      RenderSVGText {text} at (4000,2403) size 75x22 contains 1 chunk(s)
        RenderSVGInlineText {#text} at (0,0) size 75x22
          chunk 1 text run 1 at (4000.00,2420.00) startOffset 0 endOffset 11 width 75.00: "just a text"
      RenderSVGText {text} at (4100,2403) size 75x22 contains 1 chunk(s)
        RenderSVGInlineText {#text} at (0,0) size 75x22
          chunk 1 text run 1 at (4100.00,2420.00) startOffset 0 endOffset 11 width 75.00: "just a text"
      RenderSVGText {text} at (4200,2403) size 75x22 contains 1 chunk(s)
        RenderSVGInlineText {#text} at (0,0) size 75x22
          chunk 1 text run 1 at (4200.00,2420.00) startOffset 0 endOffset 11 width 75.00: "just a text"
      RenderSVGText {text} at (4300,2403) size 75x22 contains 1 chunk(s)
        RenderSVGInlineText {#text} at (0,0) size 75x22
          chunk 1 text run 1 at (4300.00,2420.00) startOffset 0 endOffset 11 width 75.00: "just a text"
      RenderSVGText {text} at (4400,2403) size 75x22 contains 1 chunk(s)
        RenderSVGInlineText {#text} at (0,0) size 75x22
          chunk 1 text run 1 at (4400.00,2420.00) startOffset 0 endOffset 11 width 75.00: "just a text"
      RenderSVGText {text} at (4500,2403) size 75x22 contains 1 chunk(s)
        RenderSVGInlineText {#text} at (0,0) size 75x22
          chunk 1 text run 1 at (4500.00,2420.00) startOffset 0 endOffset 11 width 75.00: "just a text"
      RenderSVGText {text} at (4600,2403) size 75x22 contains 1 chunk(s)
        RenderSVGInlineText {#text} at (0,0) size 75x22
          chunk 1 text run 1 at (4600.00,2420.00) startOffset 0 endOffset 11 width 75.00: "just a text"
      RenderSVGText {text} at (4700,2403) size 75x22 contains 1 chunk(s)
        RenderSVGInlineText {#text} at (0,0) size 75x22
          chunk 1 text run 1 at (4700.00,2420.00) startOffset 0 endOffset 11 width 75.00: "just a text"
      RenderSVGText {text} at (4800,2403) size 75x22 contains 1 chunk(s)
        RenderSVGInlineText {#text} at (0,0) size 75x22
          chunk 1 text run 1 at (4800.00,2420.00) startOffset 0 endOffset 11 width 75.00: "just a text"
      RenderSVGText {text} at (4900,2403) size 75x22 contains 1 chunk(s)
        RenderSVGInlineText {#text} at (0,0) size 75x22
          chunk 1 text run 1 at (4900.00,2420.00) startOffset 0 endOffset 11 width 75.00: "just a text"
      RenderSVGText {text} at (0,2503) size 75x22 contains 1 chunk(s)
        RenderSVGInlineText {#text} at (0,0) size 75x22
          chunk 1 text run 1 at (0.00,2520.00) startOffset 0 endOffset 11 width 75.00: "just a text"
      RenderSVGText {text} at (100,2503) size 75x22 contains 1 chunk(s)
        RenderSVGInlineText {#text} at (0,0) size 75x22
          chunk 1 text run 1 at (100.00,2520.00) startOffset 0 endOffset 11 width 75.00: "just a text"
      RenderSVGText {text} at (200,2503) size 75x22 contains 1 chunk(s)
        RenderSVGInlineText {#text} at (0,0) size 75x22
          chunk 1 text run 1 at (200.00,2520.00) startOffset 0 endOffset 11 width 75.00: "just a text"
      RenderSVGText {text} at (300,2503) size 75x22 contains 1 chunk(s)
        RenderSVGInlineText {#text} at (0,0) size 75x22
          chunk 1 text run 1 at (300.00,2520.00) startOffset 0 endOffset 11 width 75.00: "just a text"
      RenderSVGText {text} at (400,2503) size 75x22 contains 1 chunk(s)
        RenderSVGInlineText {#text} at (0,0) size 75x22
          chunk 1 text run 1 at (400.00,2520.00) startOffset 0 endOffset 11 width 75.00: "just a text"
      RenderSVGText {text} at (500,2503) size 75x22 contains 1 chunk(s)
        RenderSVGInlineText {#text} at (0,0) size 75x22
          chunk 1 text run 1 at (500.00,2520.00) startOffset 0 endOffset 11 width 75.00: "just a text"
      RenderSVGText {text} at (600,2503) size 75x22 contains 1 chunk(s)
        RenderSVGInlineText {#text} at (0,0) size 75x22
          chunk 1 text run 1 at (600.00,2520.00) startOffset 0 endOffset 11 width 75.00: "just a text"
      RenderSVGText {text} at (700,2503) size 75x22 contains 1 chunk(s)
        RenderSVGInlineText {#text} at (0,0) size 75x22
          chunk 1 text run 1 at (700.00,2520.00) startOffset 0 endOffset 11 width 75.00: "just a text"
      RenderSVGText {text} at (800,2503) size 75x22 contains 1 chunk(s)
        RenderSVGInlineText {#text} at (0,0) size 75x22
          chunk 1 text run 1 at (800.00,2520.00) startOffset 0 endOffset 11 width 75.00: "just a text"
      RenderSVGText {text} at (900,2503) size 75x22 contains 1 chunk(s)
        RenderSVGInlineText {#text} at (0,0) size 75x22
          chunk 1 text run 1 at (900.00,2520.00) startOffset 0 endOffset 11 width 75.00: "just a text"
      RenderSVGText {text} at (1000,2503) size 75x22 contains 1 chunk(s)
        RenderSVGInlineText {#text} at (0,0) size 75x22
          chunk 1 text run 1 at (1000.00,2520.00) startOffset 0 endOffset 11 width 75.00: "just a text"
      RenderSVGText {text} at (1100,2503) size 75x22 contains 1 chunk(s)
        RenderSVGInlineText {#text} at (0,0) size 75x22
          chunk 1 text run 1 at (1100.00,2520.00) startOffset 0 endOffset 11 width 75.00: "just a text"
      RenderSVGText {text} at (1200,2503) size 75x22 contains 1 chunk(s)
        RenderSVGInlineText {#text} at (0,0) size 75x22
          chunk 1 text run 1 at (1200.00,2520.00) startOffset 0 endOffset 11 width 75.00: "just a text"
      RenderSVGText {text} at (1300,2503) size 75x22 contains 1 chunk(s)
        RenderSVGInlineText {#text} at (0,0) size 75x22
          chunk 1 text run 1 at (1300.00,2520.00) startOffset 0 endOffset 11 width 75.00: "just a text"
      RenderSVGText {text} at (1400,2503) size 75x22 contains 1 chunk(s)
        RenderSVGInlineText {#text} at (0,0) size 75x22
          chunk 1 text run 1 at (1400.00,2520.00) startOffset 0 endOffset 11 width 75.00: "just a text"
      RenderSVGText {text} at (1500,2503) size 75x22 contains 1 chunk(s)
        RenderSVGInlineText {#text} at (0,0) size 75x22
          chunk 1 text run 1 at (1500.00,2520.00) startOffset 0 endOffset 11 width 75.00: "just a text"
      RenderSVGText {text} at (1600,2503) size 75x22 contains 1 chunk(s)
        RenderSVGInlineText {#text} at (0,0) size 75x22
          chunk 1 text run 1 at (1600.00,2520.00) startOffset 0 endOffset 11 width 75.00: "just a text"
      RenderSVGText {text} at (1700,2503) size 75x22 contains 1 chunk(s)
        RenderSVGInlineText {#text} at (0,0) size 75x22
          chunk 1 text run 1 at (1700.00,2520.00) startOffset 0 endOffset 11 width 75.00: "just a text"
      RenderSVGText {text} at (1800,2503) size 75x22 contains 1 chunk(s)
        RenderSVGInlineText {#text} at (0,0) size 75x22
          chunk 1 text run 1 at (1800.00,2520.00) startOffset 0 endOffset 11 width 75.00: "just a text"
      RenderSVGText {text} at (1900,2503) size 75x22 contains 1 chunk(s)
        RenderSVGInlineText {#text} at (0,0) size 75x22
          chunk 1 text run 1 at (1900.00,2520.00) startOffset 0 endOffset 11 width 75.00: "just a text"
      RenderSVGText {text} at (2000,2503) size 75x22 contains 1 chunk(s)
        RenderSVGInlineText {#text} at (0,0) size 75x22
          chunk 1 text run 1 at (2000.00,2520.00) startOffset 0 endOffset 11 width 75.00: "just a text"
      RenderSVGText {text} at (2100,2503) size 75x22 contains 1 chunk(s)
        RenderSVGInlineText {#text} at (0,0) size 75x22
          chunk 1 text run 1 at (2100.00,2520.00) startOffset 0 endOffset 11 width 75.00: "just a text"
      RenderSVGText {text} at (2200,2503) size 75x22 contains 1 chunk(s)
        RenderSVGInlineText {#text} at (0,0) size 75x22
          chunk 1 text run 1 at (2200.00,2520.00) startOffset 0 endOffset 11 width 75.00: "just a text"
      RenderSVGText {text} at (2300,2503) size 75x22 contains 1 chunk(s)
        RenderSVGInlineText {#text} at (0,0) size 75x22
          chunk 1 text run 1 at (2300.00,2520.00) startOffset 0 endOffset 11 width 75.00: "just a text"
      RenderSVGText {text} at (2400,2503) size 75x22 contains 1 chunk(s)
        RenderSVGInlineText {#text} at (0,0) size 75x22
          chunk 1 text run 1 at (2400.00,2520.00) startOffset 0 endOffset 11 width 75.00: "just a text"
      RenderSVGText {text} at (2500,2503) size 75x22 contains 1 chunk(s)
        RenderSVGInlineText {#text} at (0,0) size 75x22
          chunk 1 text run 1 at (2500.00,2520.00) startOffset 0 endOffset 11 width 75.00: "just a text"
      RenderSVGText {text} at (2600,2503) size 75x22 contains 1 chunk(s)
        RenderSVGInlineText {#text} at (0,0) size 75x22
          chunk 1 text run 1 at (2600.00,2520.00) startOffset 0 endOffset 11 width 75.00: "just a text"
      RenderSVGText {text} at (2700,2503) size 75x22 contains 1 chunk(s)
        RenderSVGInlineText {#text} at (0,0) size 75x22
          chunk 1 text run 1 at (2700.00,2520.00) startOffset 0 endOffset 11 width 75.00: "just a text"
      RenderSVGText {text} at (2800,2503) size 75x22 contains 1 chunk(s)
        RenderSVGInlineText {#text} at (0,0) size 75x22
          chunk 1 text run 1 at (2800.00,2520.00) startOffset 0 endOffset 11 width 75.00: "just a text"
      RenderSVGText {text} at (2900,2503) size 75x22 contains 1 chunk(s)
        RenderSVGInlineText {#text} at (0,0) size 75x22
          chunk 1 text run 1 at (2900.00,2520.00) startOffset 0 endOffset 11 width 75.00: "just a text"
      RenderSVGText {text} at (3000,2503) size 75x22 contains 1 chunk(s)
        RenderSVGInlineText {#text} at (0,0) size 75x22
          chunk 1 text run 1 at (3000.00,2520.00) startOffset 0 endOffset 11 width 75.00: "just a text"
      RenderSVGText {text} at (3100,2503) size 75x22 contains 1 chunk(s)
        RenderSVGInlineText {#text} at (0,0) size 75x22
          chunk 1 text run 1 at (3100.00,2520.00) startOffset 0 endOffset 11 width 75.00: "just a text"
      RenderSVGText {text} at (3200,2503) size 75x22 contains 1 chunk(s)
        RenderSVGInlineText {#text} at (0,0) size 75x22
          chunk 1 text run 1 at (3200.00,2520.00) startOffset 0 endOffset 11 width 75.00: "just a text"
      RenderSVGText {text} at (3300,2503) size 75x22 contains 1 chunk(s)
        RenderSVGInlineText {#text} at (0,0) size 75x22
          chunk 1 text run 1 at (3300.00,2520.00) startOffset 0 endOffset 11 width 75.00: "just a text"
      RenderSVGText {text} at (3400,2503) size 75x22 contains 1 chunk(s)
        RenderSVGInlineText {#text} at (0,0) size 75x22
          chunk 1 text run 1 at (3400.00,2520.00) startOffset 0 endOffset 11 width 75.00: "just a text"
      RenderSVGText {text} at (3500,2503) size 75x22 contains 1 chunk(s)
        RenderSVGInlineText {#text} at (0,0) size 75x22
          chunk 1 text run 1 at (3500.00,2520.00) startOffset 0 endOffset 11 width 75.00: "just a text"
      RenderSVGText {text} at (3600,2503) size 75x22 contains 1 chunk(s)
        RenderSVGInlineText {#text} at (0,0) size 75x22
          chunk 1 text run 1 at (3600.00,2520.00) startOffset 0 endOffset 11 width 75.00: "just a text"
      RenderSVGText {text} at (3700,2503) size 75x22 contains 1 chunk(s)
        RenderSVGInlineText {#text} at (0,0) size 75x22
          chunk 1 text run 1 at (3700.00,2520.00) startOffset 0 endOffset 11 width 75.00: "just a text"
      RenderSVGText {text} at (3800,2503) size 75x22 contains 1 chunk(s)
        RenderSVGInlineText {#text} at (0,0) size 75x22
          chunk 1 text run 1 at (3800.00,2520.00) startOffset 0 endOffset 11 width 75.00: "just a text"
      RenderSVGText {text} at (3900,2503) size 75x22 contains 1 chunk(s)
        RenderSVGInlineText {#text} at (0,0) size 75x22
          chunk 1 text run 1 at (3900.00,2520.00) startOffset 0 endOffset 11 width 75.00: "just a text"
      RenderSVGText {text} at (4000,2503) size 75x22 contains 1 chunk(s)
        RenderSVGInlineText {#text} at (0,0) size 75x22
          chunk 1 text run 1 at (4000.00,2520.00) startOffset 0 endOffset 11 width 75.00: "just a text"
      RenderSVGText {text} at (4100,2503) size 75x22 contains 1 chunk(s)
        RenderSVGInlineText {#text} at (0,0) size 75x22
          chunk 1 text run 1 at (4100.00,2520.00) startOffset 0 endOffset 11 width 75.00: "just a text"
      RenderSVGText {text} at (4200,2503) size 75x22 contains 1 chunk(s)
        RenderSVGInlineText {#text} at (0,0) size 75x22
          chunk 1 text run 1 at (4200.00,2520.00) startOffset 0 endOffset 11 width 75.00: "just a text"
      RenderSVGText {text} at (4300,2503) size 75x22 contains 1 chunk(s)
        RenderSVGInlineText {#text} at (0,0) size 75x22
          chunk 1 text run 1 at (4300.00,2520.00) startOffset 0 endOffset 11 width 75.00: "just a text"
      RenderSVGText {text} at (4400,2503) size 75x22 contains 1 chunk(s)
        RenderSVGInlineText {#text} at (0,0) size 75x22
          chunk 1 text run 1 at (4400.00,2520.00) startOffset 0 endOffset 11 width 75.00: "just a text"
      RenderSVGText {text} at (4500,2503) size 75x22 contains 1 chunk(s)
        RenderSVGInlineText {#text} at (0,0) size 75x22
          chunk 1 text run 1 at (4500.00,2520.00) startOffset 0 endOffset 11 width 75.00: "just a text"
      RenderSVGText {text} at (4600,2503) size 75x22 contains 1 chunk(s)
        RenderSVGInlineText {#text} at (0,0) size 75x22
          chunk 1 text run 1 at (4600.00,2520.00) startOffset 0 endOffset 11 width 75.00: "just a text"
      RenderSVGText {text} at (4700,2503) size 75x22 contains 1 chunk(s)
        RenderSVGInlineText {#text} at (0,0) size 75x22
          chunk 1 text run 1 at (4700.00,2520.00) startOffset 0 endOffset 11 width 75.00: "just a text"
      RenderSVGText {text} at (4800,2503) size 75x22 contains 1 chunk(s)
        RenderSVGInlineText {#text} at (0,0) size 75x22
          chunk 1 text run 1 at (4800.00,2520.00) startOffset 0 endOffset 11 width 75.00: "just a text"
      RenderSVGText {text} at (4900,2503) size 75x22 contains 1 chunk(s)
        RenderSVGInlineText {#text} at (0,0) size 75x22
          chunk 1 text run 1 at (4900.00,2520.00) startOffset 0 endOffset 11 width 75.00: "just a text"
      RenderSVGText {text} at (0,2603) size 75x22 contains 1 chunk(s)
        RenderSVGInlineText {#text} at (0,0) size 75x22
          chunk 1 text run 1 at (0.00,2620.00) startOffset 0 endOffset 11 width 75.00: "just a text"
      RenderSVGText {text} at (100,2603) size 75x22 contains 1 chunk(s)
        RenderSVGInlineText {#text} at (0,0) size 75x22
          chunk 1 text run 1 at (100.00,2620.00) startOffset 0 endOffset 11 width 75.00: "just a text"
      RenderSVGText {text} at (200,2603) size 75x22 contains 1 chunk(s)
        RenderSVGInlineText {#text} at (0,0) size 75x22
          chunk 1 text run 1 at (200.00,2620.00) startOffset 0 endOffset 11 width 75.00: "just a text"
      RenderSVGText {text} at (300,2603) size 75x22 contains 1 chunk(s)
        RenderSVGInlineText {#text} at (0,0) size 75x22
          chunk 1 text run 1 at (300.00,2620.00) startOffset 0 endOffset 11 width 75.00: "just a text"
      RenderSVGText {text} at (400,2603) size 75x22 contains 1 chunk(s)
        RenderSVGInlineText {#text} at (0,0) size 75x22
          chunk 1 text run 1 at (400.00,2620.00) startOffset 0 endOffset 11 width 75.00: "just a text"
      RenderSVGText {text} at (500,2603) size 75x22 contains 1 chunk(s)
        RenderSVGInlineText {#text} at (0,0) size 75x22
          chunk 1 text run 1 at (500.00,2620.00) startOffset 0 endOffset 11 width 75.00: "just a text"
      RenderSVGText {text} at (600,2603) size 75x22 contains 1 chunk(s)
        RenderSVGInlineText {#text} at (0,0) size 75x22
          chunk 1 text run 1 at (600.00,2620.00) startOffset 0 endOffset 11 width 75.00: "just a text"
      RenderSVGText {text} at (700,2603) size 75x22 contains 1 chunk(s)
        RenderSVGInlineText {#text} at (0,0) size 75x22
          chunk 1 text run 1 at (700.00,2620.00) startOffset 0 endOffset 11 width 75.00: "just a text"
      RenderSVGText {text} at (800,2603) size 75x22 contains 1 chunk(s)
        RenderSVGInlineText {#text} at (0,0) size 75x22
          chunk 1 text run 1 at (800.00,2620.00) startOffset 0 endOffset 11 width 75.00: "just a text"
      RenderSVGText {text} at (900,2603) size 75x22 contains 1 chunk(s)
        RenderSVGInlineText {#text} at (0,0) size 75x22
          chunk 1 text run 1 at (900.00,2620.00) startOffset 0 endOffset 11 width 75.00: "just a text"
      RenderSVGText {text} at (1000,2603) size 75x22 contains 1 chunk(s)
        RenderSVGInlineText {#text} at (0,0) size 75x22
          chunk 1 text run 1 at (1000.00,2620.00) startOffset 0 endOffset 11 width 75.00: "just a text"
      RenderSVGText {text} at (1100,2603) size 75x22 contains 1 chunk(s)
        RenderSVGInlineText {#text} at (0,0) size 75x22
          chunk 1 text run 1 at (1100.00,2620.00) startOffset 0 endOffset 11 width 75.00: "just a text"
      RenderSVGText {text} at (1200,2603) size 75x22 contains 1 chunk(s)
        RenderSVGInlineText {#text} at (0,0) size 75x22
          chunk 1 text run 1 at (1200.00,2620.00) startOffset 0 endOffset 11 width 75.00: "just a text"
      RenderSVGText {text} at (1300,2603) size 75x22 contains 1 chunk(s)
        RenderSVGInlineText {#text} at (0,0) size 75x22
          chunk 1 text run 1 at (1300.00,2620.00) startOffset 0 endOffset 11 width 75.00: "just a text"
      RenderSVGText {text} at (1400,2603) size 75x22 contains 1 chunk(s)
        RenderSVGInlineText {#text} at (0,0) size 75x22
          chunk 1 text run 1 at (1400.00,2620.00) startOffset 0 endOffset 11 width 75.00: "just a text"
      RenderSVGText {text} at (1500,2603) size 75x22 contains 1 chunk(s)
        RenderSVGInlineText {#text} at (0,0) size 75x22
          chunk 1 text run 1 at (1500.00,2620.00) startOffset 0 endOffset 11 width 75.00: "just a text"
      RenderSVGText {text} at (1600,2603) size 75x22 contains 1 chunk(s)
        RenderSVGInlineText {#text} at (0,0) size 75x22
          chunk 1 text run 1 at (1600.00,2620.00) startOffset 0 endOffset 11 width 75.00: "just a text"
      RenderSVGText {text} at (1700,2603) size 75x22 contains 1 chunk(s)
        RenderSVGInlineText {#text} at (0,0) size 75x22
          chunk 1 text run 1 at (1700.00,2620.00) startOffset 0 endOffset 11 width 75.00: "just a text"
      RenderSVGText {text} at (1800,2603) size 75x22 contains 1 chunk(s)
        RenderSVGInlineText {#text} at (0,0) size 75x22
          chunk 1 text run 1 at (1800.00,2620.00) startOffset 0 endOffset 11 width 75.00: "just a text"
      RenderSVGText {text} at (1900,2603) size 75x22 contains 1 chunk(s)
        RenderSVGInlineText {#text} at (0,0) size 75x22
          chunk 1 text run 1 at (1900.00,2620.00) startOffset 0 endOffset 11 width 75.00: "just a text"
      RenderSVGText {text} at (2000,2603) size 75x22 contains 1 chunk(s)
        RenderSVGInlineText {#text} at (0,0) size 75x22
          chunk 1 text run 1 at (2000.00,2620.00) startOffset 0 endOffset 11 width 75.00: "just a text"
      RenderSVGText {text} at (2100,2603) size 75x22 contains 1 chunk(s)
        RenderSVGInlineText {#text} at (0,0) size 75x22
          chunk 1 text run 1 at (2100.00,2620.00) startOffset 0 endOffset 11 width 75.00: "just a text"
      RenderSVGText {text} at (2200,2603) size 75x22 contains 1 chunk(s)
        RenderSVGInlineText {#text} at (0,0) size 75x22
          chunk 1 text run 1 at (2200.00,2620.00) startOffset 0 endOffset 11 width 75.00: "just a text"
      RenderSVGText {text} at (2300,2603) size 75x22 contains 1 chunk(s)
        RenderSVGInlineText {#text} at (0,0) size 75x22
          chunk 1 text run 1 at (2300.00,2620.00) startOffset 0 endOffset 11 width 75.00: "just a text"
      RenderSVGText {text} at (2400,2603) size 75x22 contains 1 chunk(s)
        RenderSVGInlineText {#text} at (0,0) size 75x22
          chunk 1 text run 1 at (2400.00,2620.00) startOffset 0 endOffset 11 width 75.00: "just a text"
      RenderSVGText {text} at (2500,2603) size 75x22 contains 1 chunk(s)
        RenderSVGInlineText {#text} at (0,0) size 75x22
          chunk 1 text run 1 at (2500.00,2620.00) startOffset 0 endOffset 11 width 75.00: "just a text"
      RenderSVGText {text} at (2600,2603) size 75x22 contains 1 chunk(s)
        RenderSVGInlineText {#text} at (0,0) size 75x22
          chunk 1 text run 1 at (2600.00,2620.00) startOffset 0 endOffset 11 width 75.00: "just a text"
      RenderSVGText {text} at (2700,2603) size 75x22 contains 1 chunk(s)
        RenderSVGInlineText {#text} at (0,0) size 75x22
          chunk 1 text run 1 at (2700.00,2620.00) startOffset 0 endOffset 11 width 75.00: "just a text"
      RenderSVGText {text} at (2800,2603) size 75x22 contains 1 chunk(s)
        RenderSVGInlineText {#text} at (0,0) size 75x22
          chunk 1 text run 1 at (2800.00,2620.00) startOffset 0 endOffset 11 width 75.00: "just a text"
      RenderSVGText {text} at (2900,2603) size 75x22 contains 1 chunk(s)
        RenderSVGInlineText {#text} at (0,0) size 75x22
          chunk 1 text run 1 at (2900.00,2620.00) startOffset 0 endOffset 11 width 75.00: "just a text"
      RenderSVGText {text} at (3000,2603) size 75x22 contains 1 chunk(s)
        RenderSVGInlineText {#text} at (0,0) size 75x22
          chunk 1 text run 1 at (3000.00,2620.00) startOffset 0 endOffset 11 width 75.00: "just a text"
      RenderSVGText {text} at (3100,2603) size 75x22 contains 1 chunk(s)
        RenderSVGInlineText {#text} at (0,0) size 75x22
          chunk 1 text run 1 at (3100.00,2620.00) startOffset 0 endOffset 11 width 75.00: "just a text"
      RenderSVGText {text} at (3200,2603) size 75x22 contains 1 chunk(s)
        RenderSVGInlineText {#text} at (0,0) size 75x22
          chunk 1 text run 1 at (3200.00,2620.00) startOffset 0 endOffset 11 width 75.00: "just a text"
      RenderSVGText {text} at (3300,2603) size 75x22 contains 1 chunk(s)
        RenderSVGInlineText {#text} at (0,0) size 75x22
          chunk 1 text run 1 at (3300.00,2620.00) startOffset 0 endOffset 11 width 75.00: "just a text"
      RenderSVGText {text} at (3400,2603) size 75x22 contains 1 chunk(s)
        RenderSVGInlineText {#text} at (0,0) size 75x22
          chunk 1 text run 1 at (3400.00,2620.00) startOffset 0 endOffset 11 width 75.00: "just a text"
      RenderSVGText {text} at (3500,2603) size 75x22 contains 1 chunk(s)
        RenderSVGInlineText {#text} at (0,0) size 75x22
          chunk 1 text run 1 at (3500.00,2620.00) startOffset 0 endOffset 11 width 75.00: "just a text"
      RenderSVGText {text} at (3600,2603) size 75x22 contains 1 chunk(s)
        RenderSVGInlineText {#text} at (0,0) size 75x22
          chunk 1 text run 1 at (3600.00,2620.00) startOffset 0 endOffset 11 width 75.00: "just a text"
      RenderSVGText {text} at (3700,2603) size 75x22 contains 1 chunk(s)
        RenderSVGInlineText {#text} at (0,0) size 75x22
          chunk 1 text run 1 at (3700.00,2620.00) startOffset 0 endOffset 11 width 75.00: "just a text"
      RenderSVGText {text} at (3800,2603) size 75x22 contains 1 chunk(s)
        RenderSVGInlineText {#text} at (0,0) size 75x22
          chunk 1 text run 1 at (3800.00,2620.00) startOffset 0 endOffset 11 width 75.00: "just a text"
      RenderSVGText {text} at (3900,2603) size 75x22 contains 1 chunk(s)
        RenderSVGInlineText {#text} at (0,0) size 75x22
          chunk 1 text run 1 at (3900.00,2620.00) startOffset 0 endOffset 11 width 75.00: "just a text"
      RenderSVGText {text} at (4000,2603) size 75x22 contains 1 chunk(s)
        RenderSVGInlineText {#text} at (0,0) size 75x22
          chunk 1 text run 1 at (4000.00,2620.00) startOffset 0 endOffset 11 width 75.00: "just a text"
      RenderSVGText {text} at (4100,2603) size 75x22 contains 1 chunk(s)
        RenderSVGInlineText {#text} at (0,0) size 75x22
          chunk 1 text run 1 at (4100.00,2620.00) startOffset 0 endOffset 11 width 75.00: "just a text"
      RenderSVGText {text} at (4200,2603) size 75x22 contains 1 chunk(s)
        RenderSVGInlineText {#text} at (0,0) size 75x22
          chunk 1 text run 1 at (4200.00,2620.00) startOffset 0 endOffset 11 width 75.00: "just a text"
      RenderSVGText {text} at (4300,2603) size 75x22 contains 1 chunk(s)
        RenderSVGInlineText {#text} at (0,0) size 75x22
          chunk 1 text run 1 at (4300.00,2620.00) startOffset 0 endOffset 11 width 75.00: "just a text"
      RenderSVGText {text} at (4400,2603) size 75x22 contains 1 chunk(s)
        RenderSVGInlineText {#text} at (0,0) size 75x22
          chunk 1 text run 1 at (4400.00,2620.00) startOffset 0 endOffset 11 width 75.00: "just a text"
      RenderSVGText {text} at (4500,2603) size 75x22 contains 1 chunk(s)
        RenderSVGInlineText {#text} at (0,0) size 75x22
          chunk 1 text run 1 at (4500.00,2620.00) startOffset 0 endOffset 11 width 75.00: "just a text"
      RenderSVGText {text} at (4600,2603) size 75x22 contains 1 chunk(s)
        RenderSVGInlineText {#text} at (0,0) size 75x22
          chunk 1 text run 1 at (4600.00,2620.00) startOffset 0 endOffset 11 width 75.00: "just a text"
      RenderSVGText {text} at (4700,2603) size 75x22 contains 1 chunk(s)
        RenderSVGInlineText {#text} at (0,0) size 75x22
          chunk 1 text run 1 at (4700.00,2620.00) startOffset 0 endOffset 11 width 75.00: "just a text"
      RenderSVGText {text} at (4800,2603) size 75x22 contains 1 chunk(s)
        RenderSVGInlineText {#text} at (0,0) size 75x22
          chunk 1 text run 1 at (4800.00,2620.00) startOffset 0 endOffset 11 width 75.00: "just a text"
      RenderSVGText {text} at (4900,2603) size 75x22 contains 1 chunk(s)
        RenderSVGInlineText {#text} at (0,0) size 75x22
          chunk 1 text run 1 at (4900.00,2620.00) startOffset 0 endOffset 11 width 75.00: "just a text"
      RenderSVGText {text} at (0,2703) size 75x22 contains 1 chunk(s)
        RenderSVGInlineText {#text} at (0,0) size 75x22
          chunk 1 text run 1 at (0.00,2720.00) startOffset 0 endOffset 11 width 75.00: "just a text"
      RenderSVGText {text} at (100,2703) size 75x22 contains 1 chunk(s)
        RenderSVGInlineText {#text} at (0,0) size 75x22
          chunk 1 text run 1 at (100.00,2720.00) startOffset 0 endOffset 11 width 75.00: "just a text"
      RenderSVGText {text} at (200,2703) size 75x22 contains 1 chunk(s)
        RenderSVGInlineText {#text} at (0,0) size 75x22
          chunk 1 text run 1 at (200.00,2720.00) startOffset 0 endOffset 11 width 75.00: "just a text"
      RenderSVGText {text} at (300,2703) size 75x22 contains 1 chunk(s)
        RenderSVGInlineText {#text} at (0,0) size 75x22
          chunk 1 text run 1 at (300.00,2720.00) startOffset 0 endOffset 11 width 75.00: "just a text"
      RenderSVGText {text} at (400,2703) size 75x22 contains 1 chunk(s)
        RenderSVGInlineText {#text} at (0,0) size 75x22
          chunk 1 text run 1 at (400.00,2720.00) startOffset 0 endOffset 11 width 75.00: "just a text"
      RenderSVGText {text} at (500,2703) size 75x22 contains 1 chunk(s)
        RenderSVGInlineText {#text} at (0,0) size 75x22
          chunk 1 text run 1 at (500.00,2720.00) startOffset 0 endOffset 11 width 75.00: "just a text"
      RenderSVGText {text} at (600,2703) size 75x22 contains 1 chunk(s)
        RenderSVGInlineText {#text} at (0,0) size 75x22
          chunk 1 text run 1 at (600.00,2720.00) startOffset 0 endOffset 11 width 75.00: "just a text"
      RenderSVGText {text} at (700,2703) size 75x22 contains 1 chunk(s)
        RenderSVGInlineText {#text} at (0,0) size 75x22
          chunk 1 text run 1 at (700.00,2720.00) startOffset 0 endOffset 11 width 75.00: "just a text"
      RenderSVGText {text} at (800,2703) size 75x22 contains 1 chunk(s)
        RenderSVGInlineText {#text} at (0,0) size 75x22
          chunk 1 text run 1 at (800.00,2720.00) startOffset 0 endOffset 11 width 75.00: "just a text"
      RenderSVGText {text} at (900,2703) size 75x22 contains 1 chunk(s)
        RenderSVGInlineText {#text} at (0,0) size 75x22
          chunk 1 text run 1 at (900.00,2720.00) startOffset 0 endOffset 11 width 75.00: "just a text"
      RenderSVGText {text} at (1000,2703) size 75x22 contains 1 chunk(s)
        RenderSVGInlineText {#text} at (0,0) size 75x22
          chunk 1 text run 1 at (1000.00,2720.00) startOffset 0 endOffset 11 width 75.00: "just a text"
      RenderSVGText {text} at (1100,2703) size 75x22 contains 1 chunk(s)
        RenderSVGInlineText {#text} at (0,0) size 75x22
          chunk 1 text run 1 at (1100.00,2720.00) startOffset 0 endOffset 11 width 75.00: "just a text"
      RenderSVGText {text} at (1200,2703) size 75x22 contains 1 chunk(s)
        RenderSVGInlineText {#text} at (0,0) size 75x22
          chunk 1 text run 1 at (1200.00,2720.00) startOffset 0 endOffset 11 width 75.00: "just a text"
      RenderSVGText {text} at (1300,2703) size 75x22 contains 1 chunk(s)
        RenderSVGInlineText {#text} at (0,0) size 75x22
          chunk 1 text run 1 at (1300.00,2720.00) startOffset 0 endOffset 11 width 75.00: "just a text"
      RenderSVGText {text} at (1400,2703) size 75x22 contains 1 chunk(s)
        RenderSVGInlineText {#text} at (0,0) size 75x22
          chunk 1 text run 1 at (1400.00,2720.00) startOffset 0 endOffset 11 width 75.00: "just a text"
      RenderSVGText {text} at (1500,2703) size 75x22 contains 1 chunk(s)
        RenderSVGInlineText {#text} at (0,0) size 75x22
          chunk 1 text run 1 at (1500.00,2720.00) startOffset 0 endOffset 11 width 75.00: "just a text"
      RenderSVGText {text} at (1600,2703) size 75x22 contains 1 chunk(s)
        RenderSVGInlineText {#text} at (0,0) size 75x22
          chunk 1 text run 1 at (1600.00,2720.00) startOffset 0 endOffset 11 width 75.00: "just a text"
      RenderSVGText {text} at (1700,2703) size 75x22 contains 1 chunk(s)
        RenderSVGInlineText {#text} at (0,0) size 75x22
          chunk 1 text run 1 at (1700.00,2720.00) startOffset 0 endOffset 11 width 75.00: "just a text"
      RenderSVGText {text} at (1800,2703) size 75x22 contains 1 chunk(s)
        RenderSVGInlineText {#text} at (0,0) size 75x22
          chunk 1 text run 1 at (1800.00,2720.00) startOffset 0 endOffset 11 width 75.00: "just a text"
      RenderSVGText {text} at (1900,2703) size 75x22 contains 1 chunk(s)
        RenderSVGInlineText {#text} at (0,0) size 75x22
          chunk 1 text run 1 at (1900.00,2720.00) startOffset 0 endOffset 11 width 75.00: "just a text"
      RenderSVGText {text} at (2000,2703) size 75x22 contains 1 chunk(s)
        RenderSVGInlineText {#text} at (0,0) size 75x22
          chunk 1 text run 1 at (2000.00,2720.00) startOffset 0 endOffset 11 width 75.00: "just a text"
      RenderSVGText {text} at (2100,2703) size 75x22 contains 1 chunk(s)
        RenderSVGInlineText {#text} at (0,0) size 75x22
          chunk 1 text run 1 at (2100.00,2720.00) startOffset 0 endOffset 11 width 75.00: "just a text"
      RenderSVGText {text} at (2200,2703) size 75x22 contains 1 chunk(s)
        RenderSVGInlineText {#text} at (0,0) size 75x22
          chunk 1 text run 1 at (2200.00,2720.00) startOffset 0 endOffset 11 width 75.00: "just a text"
      RenderSVGText {text} at (2300,2703) size 75x22 contains 1 chunk(s)
        RenderSVGInlineText {#text} at (0,0) size 75x22
          chunk 1 text run 1 at (2300.00,2720.00) startOffset 0 endOffset 11 width 75.00: "just a text"
      RenderSVGText {text} at (2400,2703) size 75x22 contains 1 chunk(s)
        RenderSVGInlineText {#text} at (0,0) size 75x22
          chunk 1 text run 1 at (2400.00,2720.00) startOffset 0 endOffset 11 width 75.00: "just a text"
      RenderSVGText {text} at (2500,2703) size 75x22 contains 1 chunk(s)
        RenderSVGInlineText {#text} at (0,0) size 75x22
          chunk 1 text run 1 at (2500.00,2720.00) startOffset 0 endOffset 11 width 75.00: "just a text"
      RenderSVGText {text} at (2600,2703) size 75x22 contains 1 chunk(s)
        RenderSVGInlineText {#text} at (0,0) size 75x22
          chunk 1 text run 1 at (2600.00,2720.00) startOffset 0 endOffset 11 width 75.00: "just a text"
      RenderSVGText {text} at (2700,2703) size 75x22 contains 1 chunk(s)
        RenderSVGInlineText {#text} at (0,0) size 75x22
          chunk 1 text run 1 at (2700.00,2720.00) startOffset 0 endOffset 11 width 75.00: "just a text"
      RenderSVGText {text} at (2800,2703) size 75x22 contains 1 chunk(s)
        RenderSVGInlineText {#text} at (0,0) size 75x22
          chunk 1 text run 1 at (2800.00,2720.00) startOffset 0 endOffset 11 width 75.00: "just a text"
      RenderSVGText {text} at (2900,2703) size 75x22 contains 1 chunk(s)
        RenderSVGInlineText {#text} at (0,0) size 75x22
          chunk 1 text run 1 at (2900.00,2720.00) startOffset 0 endOffset 11 width 75.00: "just a text"
      RenderSVGText {text} at (3000,2703) size 75x22 contains 1 chunk(s)
        RenderSVGInlineText {#text} at (0,0) size 75x22
          chunk 1 text run 1 at (3000.00,2720.00) startOffset 0 endOffset 11 width 75.00: "just a text"
      RenderSVGText {text} at (3100,2703) size 75x22 contains 1 chunk(s)
        RenderSVGInlineText {#text} at (0,0) size 75x22
          chunk 1 text run 1 at (3100.00,2720.00) startOffset 0 endOffset 11 width 75.00: "just a text"
      RenderSVGText {text} at (3200,2703) size 75x22 contains 1 chunk(s)
        RenderSVGInlineText {#text} at (0,0) size 75x22
          chunk 1 text run 1 at (3200.00,2720.00) startOffset 0 endOffset 11 width 75.00: "just a text"
      RenderSVGText {text} at (3300,2703) size 75x22 contains 1 chunk(s)
        RenderSVGInlineText {#text} at (0,0) size 75x22
          chunk 1 text run 1 at (3300.00,2720.00) startOffset 0 endOffset 11 width 75.00: "just a text"
      RenderSVGText {text} at (3400,2703) size 75x22 contains 1 chunk(s)
        RenderSVGInlineText {#text} at (0,0) size 75x22
          chunk 1 text run 1 at (3400.00,2720.00) startOffset 0 endOffset 11 width 75.00: "just a text"
      RenderSVGText {text} at (3500,2703) size 75x22 contains 1 chunk(s)
        RenderSVGInlineText {#text} at (0,0) size 75x22
          chunk 1 text run 1 at (3500.00,2720.00) startOffset 0 endOffset 11 width 75.00: "just a text"
      RenderSVGText {text} at (3600,2703) size 75x22 contains 1 chunk(s)
        RenderSVGInlineText {#text} at (0,0) size 75x22
          chunk 1 text run 1 at (3600.00,2720.00) startOffset 0 endOffset 11 width 75.00: "just a text"
      RenderSVGText {text} at (3700,2703) size 75x22 contains 1 chunk(s)
        RenderSVGInlineText {#text} at (0,0) size 75x22
          chunk 1 text run 1 at (3700.00,2720.00) startOffset 0 endOffset 11 width 75.00: "just a text"
      RenderSVGText {text} at (3800,2703) size 75x22 contains 1 chunk(s)
        RenderSVGInlineText {#text} at (0,0) size 75x22
          chunk 1 text run 1 at (3800.00,2720.00) startOffset 0 endOffset 11 width 75.00: "just a text"
      RenderSVGText {text} at (3900,2703) size 75x22 contains 1 chunk(s)
        RenderSVGInlineText {#text} at (0,0) size 75x22
          chunk 1 text run 1 at (3900.00,2720.00) startOffset 0 endOffset 11 width 75.00: "just a text"
      RenderSVGText {text} at (4000,2703) size 75x22 contains 1 chunk(s)
        RenderSVGInlineText {#text} at (0,0) size 75x22
          chunk 1 text run 1 at (4000.00,2720.00) startOffset 0 endOffset 11 width 75.00: "just a text"
      RenderSVGText {text} at (4100,2703) size 75x22 contains 1 chunk(s)
        RenderSVGInlineText {#text} at (0,0) size 75x22
          chunk 1 text run 1 at (4100.00,2720.00) startOffset 0 endOffset 11 width 75.00: "just a text"
      RenderSVGText {text} at (4200,2703) size 75x22 contains 1 chunk(s)
        RenderSVGInlineText {#text} at (0,0) size 75x22
          chunk 1 text run 1 at (4200.00,2720.00) startOffset 0 endOffset 11 width 75.00: "just a text"
      RenderSVGText {text} at (4300,2703) size 75x22 contains 1 chunk(s)
        RenderSVGInlineText {#text} at (0,0) size 75x22
          chunk 1 text run 1 at (4300.00,2720.00) startOffset 0 endOffset 11 width 75.00: "just a text"
      RenderSVGText {text} at (4400,2703) size 75x22 contains 1 chunk(s)
        RenderSVGInlineText {#text} at (0,0) size 75x22
          chunk 1 text run 1 at (4400.00,2720.00) startOffset 0 endOffset 11 width 75.00: "just a text"
      RenderSVGText {text} at (4500,2703) size 75x22 contains 1 chunk(s)
        RenderSVGInlineText {#text} at (0,0) size 75x22
          chunk 1 text run 1 at (4500.00,2720.00) startOffset 0 endOffset 11 width 75.00: "just a text"
      RenderSVGText {text} at (4600,2703) size 75x22 contains 1 chunk(s)
        RenderSVGInlineText {#text} at (0,0) size 75x22
          chunk 1 text run 1 at (4600.00,2720.00) startOffset 0 endOffset 11 width 75.00: "just a text"
      RenderSVGText {text} at (4700,2703) size 75x22 contains 1 chunk(s)
        RenderSVGInlineText {#text} at (0,0) size 75x22
          chunk 1 text run 1 at (4700.00,2720.00) startOffset 0 endOffset 11 width 75.00: "just a text"
      RenderSVGText {text} at (4800,2703) size 75x22 contains 1 chunk(s)
        RenderSVGInlineText {#text} at (0,0) size 75x22
          chunk 1 text run 1 at (4800.00,2720.00) startOffset 0 endOffset 11 width 75.00: "just a text"
      RenderSVGText {text} at (4900,2703) size 75x22 contains 1 chunk(s)
        RenderSVGInlineText {#text} at (0,0) size 75x22
          chunk 1 text run 1 at (4900.00,2720.00) startOffset 0 endOffset 11 width 75.00: "just a text"
      RenderSVGText {text} at (0,2803) size 75x22 contains 1 chunk(s)
        RenderSVGInlineText {#text} at (0,0) size 75x22
          chunk 1 text run 1 at (0.00,2820.00) startOffset 0 endOffset 11 width 75.00: "just a text"
      RenderSVGText {text} at (100,2803) size 75x22 contains 1 chunk(s)
        RenderSVGInlineText {#text} at (0,0) size 75x22
          chunk 1 text run 1 at (100.00,2820.00) startOffset 0 endOffset 11 width 75.00: "just a text"
      RenderSVGText {text} at (200,2803) size 75x22 contains 1 chunk(s)
        RenderSVGInlineText {#text} at (0,0) size 75x22
          chunk 1 text run 1 at (200.00,2820.00) startOffset 0 endOffset 11 width 75.00: "just a text"
      RenderSVGText {text} at (300,2803) size 75x22 contains 1 chunk(s)
        RenderSVGInlineText {#text} at (0,0) size 75x22
          chunk 1 text run 1 at (300.00,2820.00) startOffset 0 endOffset 11 width 75.00: "just a text"
      RenderSVGText {text} at (400,2803) size 75x22 contains 1 chunk(s)
        RenderSVGInlineText {#text} at (0,0) size 75x22
          chunk 1 text run 1 at (400.00,2820.00) startOffset 0 endOffset 11 width 75.00: "just a text"
      RenderSVGText {text} at (500,2803) size 75x22 contains 1 chunk(s)
        RenderSVGInlineText {#text} at (0,0) size 75x22
          chunk 1 text run 1 at (500.00,2820.00) startOffset 0 endOffset 11 width 75.00: "just a text"
      RenderSVGText {text} at (600,2803) size 75x22 contains 1 chunk(s)
        RenderSVGInlineText {#text} at (0,0) size 75x22
          chunk 1 text run 1 at (600.00,2820.00) startOffset 0 endOffset 11 width 75.00: "just a text"
      RenderSVGText {text} at (700,2803) size 75x22 contains 1 chunk(s)
        RenderSVGInlineText {#text} at (0,0) size 75x22
          chunk 1 text run 1 at (700.00,2820.00) startOffset 0 endOffset 11 width 75.00: "just a text"
      RenderSVGText {text} at (800,2803) size 75x22 contains 1 chunk(s)
        RenderSVGInlineText {#text} at (0,0) size 75x22
          chunk 1 text run 1 at (800.00,2820.00) startOffset 0 endOffset 11 width 75.00: "just a text"
      RenderSVGText {text} at (900,2803) size 75x22 contains 1 chunk(s)
        RenderSVGInlineText {#text} at (0,0) size 75x22
          chunk 1 text run 1 at (900.00,2820.00) startOffset 0 endOffset 11 width 75.00: "just a text"
      RenderSVGText {text} at (1000,2803) size 75x22 contains 1 chunk(s)
        RenderSVGInlineText {#text} at (0,0) size 75x22
          chunk 1 text run 1 at (1000.00,2820.00) startOffset 0 endOffset 11 width 75.00: "just a text"
      RenderSVGText {text} at (1100,2803) size 75x22 contains 1 chunk(s)
        RenderSVGInlineText {#text} at (0,0) size 75x22
          chunk 1 text run 1 at (1100.00,2820.00) startOffset 0 endOffset 11 width 75.00: "just a text"
      RenderSVGText {text} at (1200,2803) size 75x22 contains 1 chunk(s)
        RenderSVGInlineText {#text} at (0,0) size 75x22
          chunk 1 text run 1 at (1200.00,2820.00) startOffset 0 endOffset 11 width 75.00: "just a text"
      RenderSVGText {text} at (1300,2803) size 75x22 contains 1 chunk(s)
        RenderSVGInlineText {#text} at (0,0) size 75x22
          chunk 1 text run 1 at (1300.00,2820.00) startOffset 0 endOffset 11 width 75.00: "just a text"
      RenderSVGText {text} at (1400,2803) size 75x22 contains 1 chunk(s)
        RenderSVGInlineText {#text} at (0,0) size 75x22
          chunk 1 text run 1 at (1400.00,2820.00) startOffset 0 endOffset 11 width 75.00: "just a text"
      RenderSVGText {text} at (1500,2803) size 75x22 contains 1 chunk(s)
        RenderSVGInlineText {#text} at (0,0) size 75x22
          chunk 1 text run 1 at (1500.00,2820.00) startOffset 0 endOffset 11 width 75.00: "just a text"
      RenderSVGText {text} at (1600,2803) size 75x22 contains 1 chunk(s)
        RenderSVGInlineText {#text} at (0,0) size 75x22
          chunk 1 text run 1 at (1600.00,2820.00) startOffset 0 endOffset 11 width 75.00: "just a text"
      RenderSVGText {text} at (1700,2803) size 75x22 contains 1 chunk(s)
        RenderSVGInlineText {#text} at (0,0) size 75x22
          chunk 1 text run 1 at (1700.00,2820.00) startOffset 0 endOffset 11 width 75.00: "just a text"
      RenderSVGText {text} at (1800,2803) size 75x22 contains 1 chunk(s)
        RenderSVGInlineText {#text} at (0,0) size 75x22
          chunk 1 text run 1 at (1800.00,2820.00) startOffset 0 endOffset 11 width 75.00: "just a text"
      RenderSVGText {text} at (1900,2803) size 75x22 contains 1 chunk(s)
        RenderSVGInlineText {#text} at (0,0) size 75x22
          chunk 1 text run 1 at (1900.00,2820.00) startOffset 0 endOffset 11 width 75.00: "just a text"
      RenderSVGText {text} at (2000,2803) size 75x22 contains 1 chunk(s)
        RenderSVGInlineText {#text} at (0,0) size 75x22
          chunk 1 text run 1 at (2000.00,2820.00) startOffset 0 endOffset 11 width 75.00: "just a text"
      RenderSVGText {text} at (2100,2803) size 75x22 contains 1 chunk(s)
        RenderSVGInlineText {#text} at (0,0) size 75x22
          chunk 1 text run 1 at (2100.00,2820.00) startOffset 0 endOffset 11 width 75.00: "just a text"
      RenderSVGText {text} at (2200,2803) size 75x22 contains 1 chunk(s)
        RenderSVGInlineText {#text} at (0,0) size 75x22
          chunk 1 text run 1 at (2200.00,2820.00) startOffset 0 endOffset 11 width 75.00: "just a text"
      RenderSVGText {text} at (2300,2803) size 75x22 contains 1 chunk(s)
        RenderSVGInlineText {#text} at (0,0) size 75x22
          chunk 1 text run 1 at (2300.00,2820.00) startOffset 0 endOffset 11 width 75.00: "just a text"
      RenderSVGText {text} at (2400,2803) size 75x22 contains 1 chunk(s)
        RenderSVGInlineText {#text} at (0,0) size 75x22
          chunk 1 text run 1 at (2400.00,2820.00) startOffset 0 endOffset 11 width 75.00: "just a text"
      RenderSVGText {text} at (2500,2803) size 75x22 contains 1 chunk(s)
        RenderSVGInlineText {#text} at (0,0) size 75x22
          chunk 1 text run 1 at (2500.00,2820.00) startOffset 0 endOffset 11 width 75.00: "just a text"
      RenderSVGText {text} at (2600,2803) size 75x22 contains 1 chunk(s)
        RenderSVGInlineText {#text} at (0,0) size 75x22
          chunk 1 text run 1 at (2600.00,2820.00) startOffset 0 endOffset 11 width 75.00: "just a text"
      RenderSVGText {text} at (2700,2803) size 75x22 contains 1 chunk(s)
        RenderSVGInlineText {#text} at (0,0) size 75x22
          chunk 1 text run 1 at (2700.00,2820.00) startOffset 0 endOffset 11 width 75.00: "just a text"
      RenderSVGText {text} at (2800,2803) size 75x22 contains 1 chunk(s)
        RenderSVGInlineText {#text} at (0,0) size 75x22
          chunk 1 text run 1 at (2800.00,2820.00) startOffset 0 endOffset 11 width 75.00: "just a text"
      RenderSVGText {text} at (2900,2803) size 75x22 contains 1 chunk(s)
        RenderSVGInlineText {#text} at (0,0) size 75x22
          chunk 1 text run 1 at (2900.00,2820.00) startOffset 0 endOffset 11 width 75.00: "just a text"
      RenderSVGText {text} at (3000,2803) size 75x22 contains 1 chunk(s)
        RenderSVGInlineText {#text} at (0,0) size 75x22
          chunk 1 text run 1 at (3000.00,2820.00) startOffset 0 endOffset 11 width 75.00: "just a text"
      RenderSVGText {text} at (3100,2803) size 75x22 contains 1 chunk(s)
        RenderSVGInlineText {#text} at (0,0) size 75x22
          chunk 1 text run 1 at (3100.00,2820.00) startOffset 0 endOffset 11 width 75.00: "just a text"
      RenderSVGText {text} at (3200,2803) size 75x22 contains 1 chunk(s)
        RenderSVGInlineText {#text} at (0,0) size 75x22
          chunk 1 text run 1 at (3200.00,2820.00) startOffset 0 endOffset 11 width 75.00: "just a text"
      RenderSVGText {text} at (3300,2803) size 75x22 contains 1 chunk(s)
        RenderSVGInlineText {#text} at (0,0) size 75x22
          chunk 1 text run 1 at (3300.00,2820.00) startOffset 0 endOffset 11 width 75.00: "just a text"
      RenderSVGText {text} at (3400,2803) size 75x22 contains 1 chunk(s)
        RenderSVGInlineText {#text} at (0,0) size 75x22
          chunk 1 text run 1 at (3400.00,2820.00) startOffset 0 endOffset 11 width 75.00: "just a text"
      RenderSVGText {text} at (3500,2803) size 75x22 contains 1 chunk(s)
        RenderSVGInlineText {#text} at (0,0) size 75x22
          chunk 1 text run 1 at (3500.00,2820.00) startOffset 0 endOffset 11 width 75.00: "just a text"
      RenderSVGText {text} at (3600,2803) size 75x22 contains 1 chunk(s)
        RenderSVGInlineText {#text} at (0,0) size 75x22
          chunk 1 text run 1 at (3600.00,2820.00) startOffset 0 endOffset 11 width 75.00: "just a text"
      RenderSVGText {text} at (3700,2803) size 75x22 contains 1 chunk(s)
        RenderSVGInlineText {#text} at (0,0) size 75x22
          chunk 1 text run 1 at (3700.00,2820.00) startOffset 0 endOffset 11 width 75.00: "just a text"
      RenderSVGText {text} at (3800,2803) size 75x22 contains 1 chunk(s)
        RenderSVGInlineText {#text} at (0,0) size 75x22
          chunk 1 text run 1 at (3800.00,2820.00) startOffset 0 endOffset 11 width 75.00: "just a text"
      RenderSVGText {text} at (3900,2803) size 75x22 contains 1 chunk(s)
        RenderSVGInlineText {#text} at (0,0) size 75x22
          chunk 1 text run 1 at (3900.00,2820.00) startOffset 0 endOffset 11 width 75.00: "just a text"
      RenderSVGText {text} at (4000,2803) size 75x22 contains 1 chunk(s)
        RenderSVGInlineText {#text} at (0,0) size 75x22
          chunk 1 text run 1 at (4000.00,2820.00) startOffset 0 endOffset 11 width 75.00: "just a text"
      RenderSVGText {text} at (4100,2803) size 75x22 contains 1 chunk(s)
        RenderSVGInlineText {#text} at (0,0) size 75x22
          chunk 1 text run 1 at (4100.00,2820.00) startOffset 0 endOffset 11 width 75.00: "just a text"
      RenderSVGText {text} at (4200,2803) size 75x22 contains 1 chunk(s)
        RenderSVGInlineText {#text} at (0,0) size 75x22
          chunk 1 text run 1 at (4200.00,2820.00) startOffset 0 endOffset 11 width 75.00: "just a text"
      RenderSVGText {text} at (4300,2803) size 75x22 contains 1 chunk(s)
        RenderSVGInlineText {#text} at (0,0) size 75x22
          chunk 1 text run 1 at (4300.00,2820.00) startOffset 0 endOffset 11 width 75.00: "just a text"
      RenderSVGText {text} at (4400,2803) size 75x22 contains 1 chunk(s)
        RenderSVGInlineText {#text} at (0,0) size 75x22
          chunk 1 text run 1 at (4400.00,2820.00) startOffset 0 endOffset 11 width 75.00: "just a text"
      RenderSVGText {text} at (4500,2803) size 75x22 contains 1 chunk(s)
        RenderSVGInlineText {#text} at (0,0) size 75x22
          chunk 1 text run 1 at (4500.00,2820.00) startOffset 0 endOffset 11 width 75.00: "just a text"
      RenderSVGText {text} at (4600,2803) size 75x22 contains 1 chunk(s)
        RenderSVGInlineText {#text} at (0,0) size 75x22
          chunk 1 text run 1 at (4600.00,2820.00) startOffset 0 endOffset 11 width 75.00: "just a text"
      RenderSVGText {text} at (4700,2803) size 75x22 contains 1 chunk(s)
        RenderSVGInlineText {#text} at (0,0) size 75x22
          chunk 1 text run 1 at (4700.00,2820.00) startOffset 0 endOffset 11 width 75.00: "just a text"
      RenderSVGText {text} at (4800,2803) size 75x22 contains 1 chunk(s)
        RenderSVGInlineText {#text} at (0,0) size 75x22
          chunk 1 text run 1 at (4800.00,2820.00) startOffset 0 endOffset 11 width 75.00: "just a text"
      RenderSVGText {text} at (4900,2803) size 75x22 contains 1 chunk(s)
        RenderSVGInlineText {#text} at (0,0) size 75x22
          chunk 1 text run 1 at (4900.00,2820.00) startOffset 0 endOffset 11 width 75.00: "just a text"
      RenderSVGText {text} at (0,2903) size 75x22 contains 1 chunk(s)
        RenderSVGInlineText {#text} at (0,0) size 75x22
          chunk 1 text run 1 at (0.00,2920.00) startOffset 0 endOffset 11 width 75.00: "just a text"
      RenderSVGText {text} at (100,2903) size 75x22 contains 1 chunk(s)
        RenderSVGInlineText {#text} at (0,0) size 75x22
          chunk 1 text run 1 at (100.00,2920.00) startOffset 0 endOffset 11 width 75.00: "just a text"
      RenderSVGText {text} at (200,2903) size 75x22 contains 1 chunk(s)
        RenderSVGInlineText {#text} at (0,0) size 75x22
          chunk 1 text run 1 at (200.00,2920.00) startOffset 0 endOffset 11 width 75.00: "just a text"
      RenderSVGText {text} at (300,2903) size 75x22 contains 1 chunk(s)
        RenderSVGInlineText {#text} at (0,0) size 75x22
          chunk 1 text run 1 at (300.00,2920.00) startOffset 0 endOffset 11 width 75.00: "just a text"
      RenderSVGText {text} at (400,2903) size 75x22 contains 1 chunk(s)
        RenderSVGInlineText {#text} at (0,0) size 75x22
          chunk 1 text run 1 at (400.00,2920.00) startOffset 0 endOffset 11 width 75.00: "just a text"
      RenderSVGText {text} at (500,2903) size 75x22 contains 1 chunk(s)
        RenderSVGInlineText {#text} at (0,0) size 75x22
          chunk 1 text run 1 at (500.00,2920.00) startOffset 0 endOffset 11 width 75.00: "just a text"
      RenderSVGText {text} at (600,2903) size 75x22 contains 1 chunk(s)
        RenderSVGInlineText {#text} at (0,0) size 75x22
          chunk 1 text run 1 at (600.00,2920.00) startOffset 0 endOffset 11 width 75.00: "just a text"
      RenderSVGText {text} at (700,2903) size 75x22 contains 1 chunk(s)
        RenderSVGInlineText {#text} at (0,0) size 75x22
          chunk 1 text run 1 at (700.00,2920.00) startOffset 0 endOffset 11 width 75.00: "just a text"
      RenderSVGText {text} at (800,2903) size 75x22 contains 1 chunk(s)
        RenderSVGInlineText {#text} at (0,0) size 75x22
          chunk 1 text run 1 at (800.00,2920.00) startOffset 0 endOffset 11 width 75.00: "just a text"
      RenderSVGText {text} at (900,2903) size 75x22 contains 1 chunk(s)
        RenderSVGInlineText {#text} at (0,0) size 75x22
          chunk 1 text run 1 at (900.00,2920.00) startOffset 0 endOffset 11 width 75.00: "just a text"
      RenderSVGText {text} at (1000,2903) size 75x22 contains 1 chunk(s)
        RenderSVGInlineText {#text} at (0,0) size 75x22
          chunk 1 text run 1 at (1000.00,2920.00) startOffset 0 endOffset 11 width 75.00: "just a text"
      RenderSVGText {text} at (1100,2903) size 75x22 contains 1 chunk(s)
        RenderSVGInlineText {#text} at (0,0) size 75x22
          chunk 1 text run 1 at (1100.00,2920.00) startOffset 0 endOffset 11 width 75.00: "just a text"
      RenderSVGText {text} at (1200,2903) size 75x22 contains 1 chunk(s)
        RenderSVGInlineText {#text} at (0,0) size 75x22
          chunk 1 text run 1 at (1200.00,2920.00) startOffset 0 endOffset 11 width 75.00: "just a text"
      RenderSVGText {text} at (1300,2903) size 75x22 contains 1 chunk(s)
        RenderSVGInlineText {#text} at (0,0) size 75x22
          chunk 1 text run 1 at (1300.00,2920.00) startOffset 0 endOffset 11 width 75.00: "just a text"
      RenderSVGText {text} at (1400,2903) size 75x22 contains 1 chunk(s)
        RenderSVGInlineText {#text} at (0,0) size 75x22
          chunk 1 text run 1 at (1400.00,2920.00) startOffset 0 endOffset 11 width 75.00: "just a text"
      RenderSVGText {text} at (1500,2903) size 75x22 contains 1 chunk(s)
        RenderSVGInlineText {#text} at (0,0) size 75x22
          chunk 1 text run 1 at (1500.00,2920.00) startOffset 0 endOffset 11 width 75.00: "just a text"
      RenderSVGText {text} at (1600,2903) size 75x22 contains 1 chunk(s)
        RenderSVGInlineText {#text} at (0,0) size 75x22
          chunk 1 text run 1 at (1600.00,2920.00) startOffset 0 endOffset 11 width 75.00: "just a text"
      RenderSVGText {text} at (1700,2903) size 75x22 contains 1 chunk(s)
        RenderSVGInlineText {#text} at (0,0) size 75x22
          chunk 1 text run 1 at (1700.00,2920.00) startOffset 0 endOffset 11 width 75.00: "just a text"
      RenderSVGText {text} at (1800,2903) size 75x22 contains 1 chunk(s)
        RenderSVGInlineText {#text} at (0,0) size 75x22
          chunk 1 text run 1 at (1800.00,2920.00) startOffset 0 endOffset 11 width 75.00: "just a text"
      RenderSVGText {text} at (1900,2903) size 75x22 contains 1 chunk(s)
        RenderSVGInlineText {#text} at (0,0) size 75x22
          chunk 1 text run 1 at (1900.00,2920.00) startOffset 0 endOffset 11 width 75.00: "just a text"
      RenderSVGText {text} at (2000,2903) size 75x22 contains 1 chunk(s)
        RenderSVGInlineText {#text} at (0,0) size 75x22
          chunk 1 text run 1 at (2000.00,2920.00) startOffset 0 endOffset 11 width 75.00: "just a text"
      RenderSVGText {text} at (2100,2903) size 75x22 contains 1 chunk(s)
        RenderSVGInlineText {#text} at (0,0) size 75x22
          chunk 1 text run 1 at (2100.00,2920.00) startOffset 0 endOffset 11 width 75.00: "just a text"
      RenderSVGText {text} at (2200,2903) size 75x22 contains 1 chunk(s)
        RenderSVGInlineText {#text} at (0,0) size 75x22
          chunk 1 text run 1 at (2200.00,2920.00) startOffset 0 endOffset 11 width 75.00: "just a text"
      RenderSVGText {text} at (2300,2903) size 75x22 contains 1 chunk(s)
        RenderSVGInlineText {#text} at (0,0) size 75x22
          chunk 1 text run 1 at (2300.00,2920.00) startOffset 0 endOffset 11 width 75.00: "just a text"
      RenderSVGText {text} at (2400,2903) size 75x22 contains 1 chunk(s)
        RenderSVGInlineText {#text} at (0,0) size 75x22
          chunk 1 text run 1 at (2400.00,2920.00) startOffset 0 endOffset 11 width 75.00: "just a text"
      RenderSVGText {text} at (2500,2903) size 75x22 contains 1 chunk(s)
        RenderSVGInlineText {#text} at (0,0) size 75x22
          chunk 1 text run 1 at (2500.00,2920.00) startOffset 0 endOffset 11 width 75.00: "just a text"
      RenderSVGText {text} at (2600,2903) size 75x22 contains 1 chunk(s)
        RenderSVGInlineText {#text} at (0,0) size 75x22
          chunk 1 text run 1 at (2600.00,2920.00) startOffset 0 endOffset 11 width 75.00: "just a text"
      RenderSVGText {text} at (2700,2903) size 75x22 contains 1 chunk(s)
        RenderSVGInlineText {#text} at (0,0) size 75x22
          chunk 1 text run 1 at (2700.00,2920.00) startOffset 0 endOffset 11 width 75.00: "just a text"
      RenderSVGText {text} at (2800,2903) size 75x22 contains 1 chunk(s)
        RenderSVGInlineText {#text} at (0,0) size 75x22
          chunk 1 text run 1 at (2800.00,2920.00) startOffset 0 endOffset 11 width 75.00: "just a text"
      RenderSVGText {text} at (2900,2903) size 75x22 contains 1 chunk(s)
        RenderSVGInlineText {#text} at (0,0) size 75x22
          chunk 1 text run 1 at (2900.00,2920.00) startOffset 0 endOffset 11 width 75.00: "just a text"
      RenderSVGText {text} at (3000,2903) size 75x22 contains 1 chunk(s)
        RenderSVGInlineText {#text} at (0,0) size 75x22
          chunk 1 text run 1 at (3000.00,2920.00) startOffset 0 endOffset 11 width 75.00: "just a text"
      RenderSVGText {text} at (3100,2903) size 75x22 contains 1 chunk(s)
        RenderSVGInlineText {#text} at (0,0) size 75x22
          chunk 1 text run 1 at (3100.00,2920.00) startOffset 0 endOffset 11 width 75.00: "just a text"
      RenderSVGText {text} at (3200,2903) size 75x22 contains 1 chunk(s)
        RenderSVGInlineText {#text} at (0,0) size 75x22
          chunk 1 text run 1 at (3200.00,2920.00) startOffset 0 endOffset 11 width 75.00: "just a text"
      RenderSVGText {text} at (3300,2903) size 75x22 contains 1 chunk(s)
        RenderSVGInlineText {#text} at (0,0) size 75x22
          chunk 1 text run 1 at (3300.00,2920.00) startOffset 0 endOffset 11 width 75.00: "just a text"
      RenderSVGText {text} at (3400,2903) size 75x22 contains 1 chunk(s)
        RenderSVGInlineText {#text} at (0,0) size 75x22
          chunk 1 text run 1 at (3400.00,2920.00) startOffset 0 endOffset 11 width 75.00: "just a text"
      RenderSVGText {text} at (3500,2903) size 75x22 contains 1 chunk(s)
        RenderSVGInlineText {#text} at (0,0) size 75x22
          chunk 1 text run 1 at (3500.00,2920.00) startOffset 0 endOffset 11 width 75.00: "just a text"
      RenderSVGText {text} at (3600,2903) size 75x22 contains 1 chunk(s)
        RenderSVGInlineText {#text} at (0,0) size 75x22
          chunk 1 text run 1 at (3600.00,2920.00) startOffset 0 endOffset 11 width 75.00: "just a text"
      RenderSVGText {text} at (3700,2903) size 75x22 contains 1 chunk(s)
        RenderSVGInlineText {#text} at (0,0) size 75x22
          chunk 1 text run 1 at (3700.00,2920.00) startOffset 0 endOffset 11 width 75.00: "just a text"
      RenderSVGText {text} at (3800,2903) size 75x22 contains 1 chunk(s)
        RenderSVGInlineText {#text} at (0,0) size 75x22
          chunk 1 text run 1 at (3800.00,2920.00) startOffset 0 endOffset 11 width 75.00: "just a text"
      RenderSVGText {text} at (3900,2903) size 75x22 contains 1 chunk(s)
        RenderSVGInlineText {#text} at (0,0) size 75x22
          chunk 1 text run 1 at (3900.00,2920.00) startOffset 0 endOffset 11 width 75.00: "just a text"
      RenderSVGText {text} at (4000,2903) size 75x22 contains 1 chunk(s)
        RenderSVGInlineText {#text} at (0,0) size 75x22
          chunk 1 text run 1 at (4000.00,2920.00) startOffset 0 endOffset 11 width 75.00: "just a text"
      RenderSVGText {text} at (4100,2903) size 75x22 contains 1 chunk(s)
        RenderSVGInlineText {#text} at (0,0) size 75x22
          chunk 1 text run 1 at (4100.00,2920.00) startOffset 0 endOffset 11 width 75.00: "just a text"
      RenderSVGText {text} at (4200,2903) size 75x22 contains 1 chunk(s)
        RenderSVGInlineText {#text} at (0,0) size 75x22
          chunk 1 text run 1 at (4200.00,2920.00) startOffset 0 endOffset 11 width 75.00: "just a text"
      RenderSVGText {text} at (4300,2903) size 75x22 contains 1 chunk(s)
        RenderSVGInlineText {#text} at (0,0) size 75x22
          chunk 1 text run 1 at (4300.00,2920.00) startOffset 0 endOffset 11 width 75.00: "just a text"
      RenderSVGText {text} at (4400,2903) size 75x22 contains 1 chunk(s)
        RenderSVGInlineText {#text} at (0,0) size 75x22
          chunk 1 text run 1 at (4400.00,2920.00) startOffset 0 endOffset 11 width 75.00: "just a text"
      RenderSVGText {text} at (4500,2903) size 75x22 contains 1 chunk(s)
        RenderSVGInlineText {#text} at (0,0) size 75x22
          chunk 1 text run 1 at (4500.00,2920.00) startOffset 0 endOffset 11 width 75.00: "just a text"
      RenderSVGText {text} at (4600,2903) size 75x22 contains 1 chunk(s)
        RenderSVGInlineText {#text} at (0,0) size 75x22
          chunk 1 text run 1 at (4600.00,2920.00) startOffset 0 endOffset 11 width 75.00: "just a text"
      RenderSVGText {text} at (4700,2903) size 75x22 contains 1 chunk(s)
        RenderSVGInlineText {#text} at (0,0) size 75x22
          chunk 1 text run 1 at (4700.00,2920.00) startOffset 0 endOffset 11 width 75.00: "just a text"
      RenderSVGText {text} at (4800,2903) size 75x22 contains 1 chunk(s)
        RenderSVGInlineText {#text} at (0,0) size 75x22
          chunk 1 text run 1 at (4800.00,2920.00) startOffset 0 endOffset 11 width 75.00: "just a text"
      RenderSVGText {text} at (4900,2903) size 75x22 contains 1 chunk(s)
        RenderSVGInlineText {#text} at (0,0) size 75x22
          chunk 1 text run 1 at (4900.00,2920.00) startOffset 0 endOffset 11 width 75.00: "just a text"
      RenderSVGText {text} at (0,3003) size 75x22 contains 1 chunk(s)
        RenderSVGInlineText {#text} at (0,0) size 75x22
          chunk 1 text run 1 at (0.00,3020.00) startOffset 0 endOffset 11 width 75.00: "just a text"
      RenderSVGText {text} at (100,3003) size 75x22 contains 1 chunk(s)
        RenderSVGInlineText {#text} at (0,0) size 75x22
          chunk 1 text run 1 at (100.00,3020.00) startOffset 0 endOffset 11 width 75.00: "just a text"
      RenderSVGText {text} at (200,3003) size 75x22 contains 1 chunk(s)
        RenderSVGInlineText {#text} at (0,0) size 75x22
          chunk 1 text run 1 at (200.00,3020.00) startOffset 0 endOffset 11 width 75.00: "just a text"
      RenderSVGText {text} at (300,3003) size 75x22 contains 1 chunk(s)
        RenderSVGInlineText {#text} at (0,0) size 75x22
          chunk 1 text run 1 at (300.00,3020.00) startOffset 0 endOffset 11 width 75.00: "just a text"
      RenderSVGText {text} at (400,3003) size 75x22 contains 1 chunk(s)
        RenderSVGInlineText {#text} at (0,0) size 75x22
          chunk 1 text run 1 at (400.00,3020.00) startOffset 0 endOffset 11 width 75.00: "just a text"
      RenderSVGText {text} at (500,3003) size 75x22 contains 1 chunk(s)
        RenderSVGInlineText {#text} at (0,0) size 75x22
          chunk 1 text run 1 at (500.00,3020.00) startOffset 0 endOffset 11 width 75.00: "just a text"
      RenderSVGText {text} at (600,3003) size 75x22 contains 1 chunk(s)
        RenderSVGInlineText {#text} at (0,0) size 75x22
          chunk 1 text run 1 at (600.00,3020.00) startOffset 0 endOffset 11 width 75.00: "just a text"
      RenderSVGText {text} at (700,3003) size 75x22 contains 1 chunk(s)
        RenderSVGInlineText {#text} at (0,0) size 75x22
          chunk 1 text run 1 at (700.00,3020.00) startOffset 0 endOffset 11 width 75.00: "just a text"
      RenderSVGText {text} at (800,3003) size 75x22 contains 1 chunk(s)
        RenderSVGInlineText {#text} at (0,0) size 75x22
          chunk 1 text run 1 at (800.00,3020.00) startOffset 0 endOffset 11 width 75.00: "just a text"
      RenderSVGText {text} at (900,3003) size 75x22 contains 1 chunk(s)
        RenderSVGInlineText {#text} at (0,0) size 75x22
          chunk 1 text run 1 at (900.00,3020.00) startOffset 0 endOffset 11 width 75.00: "just a text"
      RenderSVGText {text} at (1000,3003) size 75x22 contains 1 chunk(s)
        RenderSVGInlineText {#text} at (0,0) size 75x22
          chunk 1 text run 1 at (1000.00,3020.00) startOffset 0 endOffset 11 width 75.00: "just a text"
      RenderSVGText {text} at (1100,3003) size 75x22 contains 1 chunk(s)
        RenderSVGInlineText {#text} at (0,0) size 75x22
          chunk 1 text run 1 at (1100.00,3020.00) startOffset 0 endOffset 11 width 75.00: "just a text"
      RenderSVGText {text} at (1200,3003) size 75x22 contains 1 chunk(s)
        RenderSVGInlineText {#text} at (0,0) size 75x22
          chunk 1 text run 1 at (1200.00,3020.00) startOffset 0 endOffset 11 width 75.00: "just a text"
      RenderSVGText {text} at (1300,3003) size 75x22 contains 1 chunk(s)
        RenderSVGInlineText {#text} at (0,0) size 75x22
          chunk 1 text run 1 at (1300.00,3020.00) startOffset 0 endOffset 11 width 75.00: "just a text"
      RenderSVGText {text} at (1400,3003) size 75x22 contains 1 chunk(s)
        RenderSVGInlineText {#text} at (0,0) size 75x22
          chunk 1 text run 1 at (1400.00,3020.00) startOffset 0 endOffset 11 width 75.00: "just a text"
      RenderSVGText {text} at (1500,3003) size 75x22 contains 1 chunk(s)
        RenderSVGInlineText {#text} at (0,0) size 75x22
          chunk 1 text run 1 at (1500.00,3020.00) startOffset 0 endOffset 11 width 75.00: "just a text"
      RenderSVGText {text} at (1600,3003) size 75x22 contains 1 chunk(s)
        RenderSVGInlineText {#text} at (0,0) size 75x22
          chunk 1 text run 1 at (1600.00,3020.00) startOffset 0 endOffset 11 width 75.00: "just a text"
      RenderSVGText {text} at (1700,3003) size 75x22 contains 1 chunk(s)
        RenderSVGInlineText {#text} at (0,0) size 75x22
          chunk 1 text run 1 at (1700.00,3020.00) startOffset 0 endOffset 11 width 75.00: "just a text"
      RenderSVGText {text} at (1800,3003) size 75x22 contains 1 chunk(s)
        RenderSVGInlineText {#text} at (0,0) size 75x22
          chunk 1 text run 1 at (1800.00,3020.00) startOffset 0 endOffset 11 width 75.00: "just a text"
      RenderSVGText {text} at (1900,3003) size 75x22 contains 1 chunk(s)
        RenderSVGInlineText {#text} at (0,0) size 75x22
          chunk 1 text run 1 at (1900.00,3020.00) startOffset 0 endOffset 11 width 75.00: "just a text"
      RenderSVGText {text} at (2000,3003) size 75x22 contains 1 chunk(s)
        RenderSVGInlineText {#text} at (0,0) size 75x22
          chunk 1 text run 1 at (2000.00,3020.00) startOffset 0 endOffset 11 width 75.00: "just a text"
      RenderSVGText {text} at (2100,3003) size 75x22 contains 1 chunk(s)
        RenderSVGInlineText {#text} at (0,0) size 75x22
          chunk 1 text run 1 at (2100.00,3020.00) startOffset 0 endOffset 11 width 75.00: "just a text"
      RenderSVGText {text} at (2200,3003) size 75x22 contains 1 chunk(s)
        RenderSVGInlineText {#text} at (0,0) size 75x22
          chunk 1 text run 1 at (2200.00,3020.00) startOffset 0 endOffset 11 width 75.00: "just a text"
      RenderSVGText {text} at (2300,3003) size 75x22 contains 1 chunk(s)
        RenderSVGInlineText {#text} at (0,0) size 75x22
          chunk 1 text run 1 at (2300.00,3020.00) startOffset 0 endOffset 11 width 75.00: "just a text"
      RenderSVGText {text} at (2400,3003) size 75x22 contains 1 chunk(s)
        RenderSVGInlineText {#text} at (0,0) size 75x22
          chunk 1 text run 1 at (2400.00,3020.00) startOffset 0 endOffset 11 width 75.00: "just a text"
      RenderSVGText {text} at (2500,3003) size 75x22 contains 1 chunk(s)
        RenderSVGInlineText {#text} at (0,0) size 75x22
          chunk 1 text run 1 at (2500.00,3020.00) startOffset 0 endOffset 11 width 75.00: "just a text"
      RenderSVGText {text} at (2600,3003) size 75x22 contains 1 chunk(s)
        RenderSVGInlineText {#text} at (0,0) size 75x22
          chunk 1 text run 1 at (2600.00,3020.00) startOffset 0 endOffset 11 width 75.00: "just a text"
      RenderSVGText {text} at (2700,3003) size 75x22 contains 1 chunk(s)
        RenderSVGInlineText {#text} at (0,0) size 75x22
          chunk 1 text run 1 at (2700.00,3020.00) startOffset 0 endOffset 11 width 75.00: "just a text"
      RenderSVGText {text} at (2800,3003) size 75x22 contains 1 chunk(s)
        RenderSVGInlineText {#text} at (0,0) size 75x22
          chunk 1 text run 1 at (2800.00,3020.00) startOffset 0 endOffset 11 width 75.00: "just a text"
      RenderSVGText {text} at (2900,3003) size 75x22 contains 1 chunk(s)
        RenderSVGInlineText {#text} at (0,0) size 75x22
          chunk 1 text run 1 at (2900.00,3020.00) startOffset 0 endOffset 11 width 75.00: "just a text"
      RenderSVGText {text} at (3000,3003) size 75x22 contains 1 chunk(s)
        RenderSVGInlineText {#text} at (0,0) size 75x22
          chunk 1 text run 1 at (3000.00,3020.00) startOffset 0 endOffset 11 width 75.00: "just a text"
      RenderSVGText {text} at (3100,3003) size 75x22 contains 1 chunk(s)
        RenderSVGInlineText {#text} at (0,0) size 75x22
          chunk 1 text run 1 at (3100.00,3020.00) startOffset 0 endOffset 11 width 75.00: "just a text"
      RenderSVGText {text} at (3200,3003) size 75x22 contains 1 chunk(s)
        RenderSVGInlineText {#text} at (0,0) size 75x22
          chunk 1 text run 1 at (3200.00,3020.00) startOffset 0 endOffset 11 width 75.00: "just a text"
      RenderSVGText {text} at (3300,3003) size 75x22 contains 1 chunk(s)
        RenderSVGInlineText {#text} at (0,0) size 75x22
          chunk 1 text run 1 at (3300.00,3020.00) startOffset 0 endOffset 11 width 75.00: "just a text"
      RenderSVGText {text} at (3400,3003) size 75x22 contains 1 chunk(s)
        RenderSVGInlineText {#text} at (0,0) size 75x22
          chunk 1 text run 1 at (3400.00,3020.00) startOffset 0 endOffset 11 width 75.00: "just a text"
      RenderSVGText {text} at (3500,3003) size 75x22 contains 1 chunk(s)
        RenderSVGInlineText {#text} at (0,0) size 75x22
          chunk 1 text run 1 at (3500.00,3020.00) startOffset 0 endOffset 11 width 75.00: "just a text"
      RenderSVGText {text} at (3600,3003) size 75x22 contains 1 chunk(s)
        RenderSVGInlineText {#text} at (0,0) size 75x22
          chunk 1 text run 1 at (3600.00,3020.00) startOffset 0 endOffset 11 width 75.00: "just a text"
      RenderSVGText {text} at (3700,3003) size 75x22 contains 1 chunk(s)
        RenderSVGInlineText {#text} at (0,0) size 75x22
          chunk 1 text run 1 at (3700.00,3020.00) startOffset 0 endOffset 11 width 75.00: "just a text"
      RenderSVGText {text} at (3800,3003) size 75x22 contains 1 chunk(s)
        RenderSVGInlineText {#text} at (0,0) size 75x22
          chunk 1 text run 1 at (3800.00,3020.00) startOffset 0 endOffset 11 width 75.00: "just a text"
      RenderSVGText {text} at (3900,3003) size 75x22 contains 1 chunk(s)
        RenderSVGInlineText {#text} at (0,0) size 75x22
          chunk 1 text run 1 at (3900.00,3020.00) startOffset 0 endOffset 11 width 75.00: "just a text"
      RenderSVGText {text} at (4000,3003) size 75x22 contains 1 chunk(s)
        RenderSVGInlineText {#text} at (0,0) size 75x22
          chunk 1 text run 1 at (4000.00,3020.00) startOffset 0 endOffset 11 width 75.00: "just a text"
      RenderSVGText {text} at (4100,3003) size 75x22 contains 1 chunk(s)
        RenderSVGInlineText {#text} at (0,0) size 75x22
          chunk 1 text run 1 at (4100.00,3020.00) startOffset 0 endOffset 11 width 75.00: "just a text"
      RenderSVGText {text} at (4200,3003) size 75x22 contains 1 chunk(s)
        RenderSVGInlineText {#text} at (0,0) size 75x22
          chunk 1 text run 1 at (4200.00,3020.00) startOffset 0 endOffset 11 width 75.00: "just a text"
      RenderSVGText {text} at (4300,3003) size 75x22 contains 1 chunk(s)
        RenderSVGInlineText {#text} at (0,0) size 75x22
          chunk 1 text run 1 at (4300.00,3020.00) startOffset 0 endOffset 11 width 75.00: "just a text"
      RenderSVGText {text} at (4400,3003) size 75x22 contains 1 chunk(s)
        RenderSVGInlineText {#text} at (0,0) size 75x22
          chunk 1 text run 1 at (4400.00,3020.00) startOffset 0 endOffset 11 width 75.00: "just a text"
      RenderSVGText {text} at (4500,3003) size 75x22 contains 1 chunk(s)
        RenderSVGInlineText {#text} at (0,0) size 75x22
          chunk 1 text run 1 at (4500.00,3020.00) startOffset 0 endOffset 11 width 75.00: "just a text"
      RenderSVGText {text} at (4600,3003) size 75x22 contains 1 chunk(s)
        RenderSVGInlineText {#text} at (0,0) size 75x22
          chunk 1 text run 1 at (4600.00,3020.00) startOffset 0 endOffset 11 width 75.00: "just a text"
      RenderSVGText {text} at (4700,3003) size 75x22 contains 1 chunk(s)
        RenderSVGInlineText {#text} at (0,0) size 75x22
          chunk 1 text run 1 at (4700.00,3020.00) startOffset 0 endOffset 11 width 75.00: "just a text"
      RenderSVGText {text} at (4800,3003) size 75x22 contains 1 chunk(s)
        RenderSVGInlineText {#text} at (0,0) size 75x22
          chunk 1 text run 1 at (4800.00,3020.00) startOffset 0 endOffset 11 width 75.00: "just a text"
      RenderSVGText {text} at (4900,3003) size 75x22 contains 1 chunk(s)
        RenderSVGInlineText {#text} at (0,0) size 75x22
          chunk 1 text run 1 at (4900.00,3020.00) startOffset 0 endOffset 11 width 75.00: "just a text"
      RenderSVGText {text} at (0,3103) size 75x22 contains 1 chunk(s)
        RenderSVGInlineText {#text} at (0,0) size 75x22
          chunk 1 text run 1 at (0.00,3120.00) startOffset 0 endOffset 11 width 75.00: "just a text"
      RenderSVGText {text} at (100,3103) size 75x22 contains 1 chunk(s)
        RenderSVGInlineText {#text} at (0,0) size 75x22
          chunk 1 text run 1 at (100.00,3120.00) startOffset 0 endOffset 11 width 75.00: "just a text"
      RenderSVGText {text} at (200,3103) size 75x22 contains 1 chunk(s)
        RenderSVGInlineText {#text} at (0,0) size 75x22
          chunk 1 text run 1 at (200.00,3120.00) startOffset 0 endOffset 11 width 75.00: "just a text"
      RenderSVGText {text} at (300,3103) size 75x22 contains 1 chunk(s)
        RenderSVGInlineText {#text} at (0,0) size 75x22
          chunk 1 text run 1 at (300.00,3120.00) startOffset 0 endOffset 11 width 75.00: "just a text"
      RenderSVGText {text} at (400,3103) size 75x22 contains 1 chunk(s)
        RenderSVGInlineText {#text} at (0,0) size 75x22
          chunk 1 text run 1 at (400.00,3120.00) startOffset 0 endOffset 11 width 75.00: "just a text"
      RenderSVGText {text} at (500,3103) size 75x22 contains 1 chunk(s)
        RenderSVGInlineText {#text} at (0,0) size 75x22
          chunk 1 text run 1 at (500.00,3120.00) startOffset 0 endOffset 11 width 75.00: "just a text"
      RenderSVGText {text} at (600,3103) size 75x22 contains 1 chunk(s)
        RenderSVGInlineText {#text} at (0,0) size 75x22
          chunk 1 text run 1 at (600.00,3120.00) startOffset 0 endOffset 11 width 75.00: "just a text"
      RenderSVGText {text} at (700,3103) size 75x22 contains 1 chunk(s)
        RenderSVGInlineText {#text} at (0,0) size 75x22
          chunk 1 text run 1 at (700.00,3120.00) startOffset 0 endOffset 11 width 75.00: "just a text"
      RenderSVGText {text} at (800,3103) size 75x22 contains 1 chunk(s)
        RenderSVGInlineText {#text} at (0,0) size 75x22
          chunk 1 text run 1 at (800.00,3120.00) startOffset 0 endOffset 11 width 75.00: "just a text"
      RenderSVGText {text} at (900,3103) size 75x22 contains 1 chunk(s)
        RenderSVGInlineText {#text} at (0,0) size 75x22
          chunk 1 text run 1 at (900.00,3120.00) startOffset 0 endOffset 11 width 75.00: "just a text"
      RenderSVGText {text} at (1000,3103) size 75x22 contains 1 chunk(s)
        RenderSVGInlineText {#text} at (0,0) size 75x22
          chunk 1 text run 1 at (1000.00,3120.00) startOffset 0 endOffset 11 width 75.00: "just a text"
      RenderSVGText {text} at (1100,3103) size 75x22 contains 1 chunk(s)
        RenderSVGInlineText {#text} at (0,0) size 75x22
          chunk 1 text run 1 at (1100.00,3120.00) startOffset 0 endOffset 11 width 75.00: "just a text"
      RenderSVGText {text} at (1200,3103) size 75x22 contains 1 chunk(s)
        RenderSVGInlineText {#text} at (0,0) size 75x22
          chunk 1 text run 1 at (1200.00,3120.00) startOffset 0 endOffset 11 width 75.00: "just a text"
      RenderSVGText {text} at (1300,3103) size 75x22 contains 1 chunk(s)
        RenderSVGInlineText {#text} at (0,0) size 75x22
          chunk 1 text run 1 at (1300.00,3120.00) startOffset 0 endOffset 11 width 75.00: "just a text"
      RenderSVGText {text} at (1400,3103) size 75x22 contains 1 chunk(s)
        RenderSVGInlineText {#text} at (0,0) size 75x22
          chunk 1 text run 1 at (1400.00,3120.00) startOffset 0 endOffset 11 width 75.00: "just a text"
      RenderSVGText {text} at (1500,3103) size 75x22 contains 1 chunk(s)
        RenderSVGInlineText {#text} at (0,0) size 75x22
          chunk 1 text run 1 at (1500.00,3120.00) startOffset 0 endOffset 11 width 75.00: "just a text"
      RenderSVGText {text} at (1600,3103) size 75x22 contains 1 chunk(s)
        RenderSVGInlineText {#text} at (0,0) size 75x22
          chunk 1 text run 1 at (1600.00,3120.00) startOffset 0 endOffset 11 width 75.00: "just a text"
      RenderSVGText {text} at (1700,3103) size 75x22 contains 1 chunk(s)
        RenderSVGInlineText {#text} at (0,0) size 75x22
          chunk 1 text run 1 at (1700.00,3120.00) startOffset 0 endOffset 11 width 75.00: "just a text"
      RenderSVGText {text} at (1800,3103) size 75x22 contains 1 chunk(s)
        RenderSVGInlineText {#text} at (0,0) size 75x22
          chunk 1 text run 1 at (1800.00,3120.00) startOffset 0 endOffset 11 width 75.00: "just a text"
      RenderSVGText {text} at (1900,3103) size 75x22 contains 1 chunk(s)
        RenderSVGInlineText {#text} at (0,0) size 75x22
          chunk 1 text run 1 at (1900.00,3120.00) startOffset 0 endOffset 11 width 75.00: "just a text"
      RenderSVGText {text} at (2000,3103) size 75x22 contains 1 chunk(s)
        RenderSVGInlineText {#text} at (0,0) size 75x22
          chunk 1 text run 1 at (2000.00,3120.00) startOffset 0 endOffset 11 width 75.00: "just a text"
      RenderSVGText {text} at (2100,3103) size 75x22 contains 1 chunk(s)
        RenderSVGInlineText {#text} at (0,0) size 75x22
          chunk 1 text run 1 at (2100.00,3120.00) startOffset 0 endOffset 11 width 75.00: "just a text"
      RenderSVGText {text} at (2200,3103) size 75x22 contains 1 chunk(s)
        RenderSVGInlineText {#text} at (0,0) size 75x22
          chunk 1 text run 1 at (2200.00,3120.00) startOffset 0 endOffset 11 width 75.00: "just a text"
      RenderSVGText {text} at (2300,3103) size 75x22 contains 1 chunk(s)
        RenderSVGInlineText {#text} at (0,0) size 75x22
          chunk 1 text run 1 at (2300.00,3120.00) startOffset 0 endOffset 11 width 75.00: "just a text"
      RenderSVGText {text} at (2400,3103) size 75x22 contains 1 chunk(s)
        RenderSVGInlineText {#text} at (0,0) size 75x22
          chunk 1 text run 1 at (2400.00,3120.00) startOffset 0 endOffset 11 width 75.00: "just a text"
      RenderSVGText {text} at (2500,3103) size 75x22 contains 1 chunk(s)
        RenderSVGInlineText {#text} at (0,0) size 75x22
          chunk 1 text run 1 at (2500.00,3120.00) startOffset 0 endOffset 11 width 75.00: "just a text"
      RenderSVGText {text} at (2600,3103) size 75x22 contains 1 chunk(s)
        RenderSVGInlineText {#text} at (0,0) size 75x22
          chunk 1 text run 1 at (2600.00,3120.00) startOffset 0 endOffset 11 width 75.00: "just a text"
      RenderSVGText {text} at (2700,3103) size 75x22 contains 1 chunk(s)
        RenderSVGInlineText {#text} at (0,0) size 75x22
          chunk 1 text run 1 at (2700.00,3120.00) startOffset 0 endOffset 11 width 75.00: "just a text"
      RenderSVGText {text} at (2800,3103) size 75x22 contains 1 chunk(s)
        RenderSVGInlineText {#text} at (0,0) size 75x22
          chunk 1 text run 1 at (2800.00,3120.00) startOffset 0 endOffset 11 width 75.00: "just a text"
      RenderSVGText {text} at (2900,3103) size 75x22 contains 1 chunk(s)
        RenderSVGInlineText {#text} at (0,0) size 75x22
          chunk 1 text run 1 at (2900.00,3120.00) startOffset 0 endOffset 11 width 75.00: "just a text"
      RenderSVGText {text} at (3000,3103) size 75x22 contains 1 chunk(s)
        RenderSVGInlineText {#text} at (0,0) size 75x22
          chunk 1 text run 1 at (3000.00,3120.00) startOffset 0 endOffset 11 width 75.00: "just a text"
      RenderSVGText {text} at (3100,3103) size 75x22 contains 1 chunk(s)
        RenderSVGInlineText {#text} at (0,0) size 75x22
          chunk 1 text run 1 at (3100.00,3120.00) startOffset 0 endOffset 11 width 75.00: "just a text"
      RenderSVGText {text} at (3200,3103) size 75x22 contains 1 chunk(s)
        RenderSVGInlineText {#text} at (0,0) size 75x22
          chunk 1 text run 1 at (3200.00,3120.00) startOffset 0 endOffset 11 width 75.00: "just a text"
      RenderSVGText {text} at (3300,3103) size 75x22 contains 1 chunk(s)
        RenderSVGInlineText {#text} at (0,0) size 75x22
          chunk 1 text run 1 at (3300.00,3120.00) startOffset 0 endOffset 11 width 75.00: "just a text"
      RenderSVGText {text} at (3400,3103) size 75x22 contains 1 chunk(s)
        RenderSVGInlineText {#text} at (0,0) size 75x22
          chunk 1 text run 1 at (3400.00,3120.00) startOffset 0 endOffset 11 width 75.00: "just a text"
      RenderSVGText {text} at (3500,3103) size 75x22 contains 1 chunk(s)
        RenderSVGInlineText {#text} at (0,0) size 75x22
          chunk 1 text run 1 at (3500.00,3120.00) startOffset 0 endOffset 11 width 75.00: "just a text"
      RenderSVGText {text} at (3600,3103) size 75x22 contains 1 chunk(s)
        RenderSVGInlineText {#text} at (0,0) size 75x22
          chunk 1 text run 1 at (3600.00,3120.00) startOffset 0 endOffset 11 width 75.00: "just a text"
      RenderSVGText {text} at (3700,3103) size 75x22 contains 1 chunk(s)
        RenderSVGInlineText {#text} at (0,0) size 75x22
          chunk 1 text run 1 at (3700.00,3120.00) startOffset 0 endOffset 11 width 75.00: "just a text"
      RenderSVGText {text} at (3800,3103) size 75x22 contains 1 chunk(s)
        RenderSVGInlineText {#text} at (0,0) size 75x22
          chunk 1 text run 1 at (3800.00,3120.00) startOffset 0 endOffset 11 width 75.00: "just a text"
      RenderSVGText {text} at (3900,3103) size 75x22 contains 1 chunk(s)
        RenderSVGInlineText {#text} at (0,0) size 75x22
          chunk 1 text run 1 at (3900.00,3120.00) startOffset 0 endOffset 11 width 75.00: "just a text"
      RenderSVGText {text} at (4000,3103) size 75x22 contains 1 chunk(s)
        RenderSVGInlineText {#text} at (0,0) size 75x22
          chunk 1 text run 1 at (4000.00,3120.00) startOffset 0 endOffset 11 width 75.00: "just a text"
      RenderSVGText {text} at (4100,3103) size 75x22 contains 1 chunk(s)
        RenderSVGInlineText {#text} at (0,0) size 75x22
          chunk 1 text run 1 at (4100.00,3120.00) startOffset 0 endOffset 11 width 75.00: "just a text"
      RenderSVGText {text} at (4200,3103) size 75x22 contains 1 chunk(s)
        RenderSVGInlineText {#text} at (0,0) size 75x22
          chunk 1 text run 1 at (4200.00,3120.00) startOffset 0 endOffset 11 width 75.00: "just a text"
      RenderSVGText {text} at (4300,3103) size 75x22 contains 1 chunk(s)
        RenderSVGInlineText {#text} at (0,0) size 75x22
          chunk 1 text run 1 at (4300.00,3120.00) startOffset 0 endOffset 11 width 75.00: "just a text"
      RenderSVGText {text} at (4400,3103) size 75x22 contains 1 chunk(s)
        RenderSVGInlineText {#text} at (0,0) size 75x22
          chunk 1 text run 1 at (4400.00,3120.00) startOffset 0 endOffset 11 width 75.00: "just a text"
      RenderSVGText {text} at (4500,3103) size 75x22 contains 1 chunk(s)
        RenderSVGInlineText {#text} at (0,0) size 75x22
          chunk 1 text run 1 at (4500.00,3120.00) startOffset 0 endOffset 11 width 75.00: "just a text"
      RenderSVGText {text} at (4600,3103) size 75x22 contains 1 chunk(s)
        RenderSVGInlineText {#text} at (0,0) size 75x22
          chunk 1 text run 1 at (4600.00,3120.00) startOffset 0 endOffset 11 width 75.00: "just a text"
      RenderSVGText {text} at (4700,3103) size 75x22 contains 1 chunk(s)
        RenderSVGInlineText {#text} at (0,0) size 75x22
          chunk 1 text run 1 at (4700.00,3120.00) startOffset 0 endOffset 11 width 75.00: "just a text"
      RenderSVGText {text} at (4800,3103) size 75x22 contains 1 chunk(s)
        RenderSVGInlineText {#text} at (0,0) size 75x22
          chunk 1 text run 1 at (4800.00,3120.00) startOffset 0 endOffset 11 width 75.00: "just a text"
      RenderSVGText {text} at (4900,3103) size 75x22 contains 1 chunk(s)
        RenderSVGInlineText {#text} at (0,0) size 75x22
          chunk 1 text run 1 at (4900.00,3120.00) startOffset 0 endOffset 11 width 75.00: "just a text"
      RenderSVGText {text} at (0,3203) size 75x22 contains 1 chunk(s)
        RenderSVGInlineText {#text} at (0,0) size 75x22
          chunk 1 text run 1 at (0.00,3220.00) startOffset 0 endOffset 11 width 75.00: "just a text"
      RenderSVGText {text} at (100,3203) size 75x22 contains 1 chunk(s)
        RenderSVGInlineText {#text} at (0,0) size 75x22
          chunk 1 text run 1 at (100.00,3220.00) startOffset 0 endOffset 11 width 75.00: "just a text"
      RenderSVGText {text} at (200,3203) size 75x22 contains 1 chunk(s)
        RenderSVGInlineText {#text} at (0,0) size 75x22
          chunk 1 text run 1 at (200.00,3220.00) startOffset 0 endOffset 11 width 75.00: "just a text"
      RenderSVGText {text} at (300,3203) size 75x22 contains 1 chunk(s)
        RenderSVGInlineText {#text} at (0,0) size 75x22
          chunk 1 text run 1 at (300.00,3220.00) startOffset 0 endOffset 11 width 75.00: "just a text"
      RenderSVGText {text} at (400,3203) size 75x22 contains 1 chunk(s)
        RenderSVGInlineText {#text} at (0,0) size 75x22
          chunk 1 text run 1 at (400.00,3220.00) startOffset 0 endOffset 11 width 75.00: "just a text"
      RenderSVGText {text} at (500,3203) size 75x22 contains 1 chunk(s)
        RenderSVGInlineText {#text} at (0,0) size 75x22
          chunk 1 text run 1 at (500.00,3220.00) startOffset 0 endOffset 11 width 75.00: "just a text"
      RenderSVGText {text} at (600,3203) size 75x22 contains 1 chunk(s)
        RenderSVGInlineText {#text} at (0,0) size 75x22
          chunk 1 text run 1 at (600.00,3220.00) startOffset 0 endOffset 11 width 75.00: "just a text"
      RenderSVGText {text} at (700,3203) size 75x22 contains 1 chunk(s)
        RenderSVGInlineText {#text} at (0,0) size 75x22
          chunk 1 text run 1 at (700.00,3220.00) startOffset 0 endOffset 11 width 75.00: "just a text"
      RenderSVGText {text} at (800,3203) size 75x22 contains 1 chunk(s)
        RenderSVGInlineText {#text} at (0,0) size 75x22
          chunk 1 text run 1 at (800.00,3220.00) startOffset 0 endOffset 11 width 75.00: "just a text"
      RenderSVGText {text} at (900,3203) size 75x22 contains 1 chunk(s)
        RenderSVGInlineText {#text} at (0,0) size 75x22
          chunk 1 text run 1 at (900.00,3220.00) startOffset 0 endOffset 11 width 75.00: "just a text"
      RenderSVGText {text} at (1000,3203) size 75x22 contains 1 chunk(s)
        RenderSVGInlineText {#text} at (0,0) size 75x22
          chunk 1 text run 1 at (1000.00,3220.00) startOffset 0 endOffset 11 width 75.00: "just a text"
      RenderSVGText {text} at (1100,3203) size 75x22 contains 1 chunk(s)
        RenderSVGInlineText {#text} at (0,0) size 75x22
          chunk 1 text run 1 at (1100.00,3220.00) startOffset 0 endOffset 11 width 75.00: "just a text"
      RenderSVGText {text} at (1200,3203) size 75x22 contains 1 chunk(s)
        RenderSVGInlineText {#text} at (0,0) size 75x22
          chunk 1 text run 1 at (1200.00,3220.00) startOffset 0 endOffset 11 width 75.00: "just a text"
      RenderSVGText {text} at (1300,3203) size 75x22 contains 1 chunk(s)
        RenderSVGInlineText {#text} at (0,0) size 75x22
          chunk 1 text run 1 at (1300.00,3220.00) startOffset 0 endOffset 11 width 75.00: "just a text"
      RenderSVGText {text} at (1400,3203) size 75x22 contains 1 chunk(s)
        RenderSVGInlineText {#text} at (0,0) size 75x22
          chunk 1 text run 1 at (1400.00,3220.00) startOffset 0 endOffset 11 width 75.00: "just a text"
      RenderSVGText {text} at (1500,3203) size 75x22 contains 1 chunk(s)
        RenderSVGInlineText {#text} at (0,0) size 75x22
          chunk 1 text run 1 at (1500.00,3220.00) startOffset 0 endOffset 11 width 75.00: "just a text"
      RenderSVGText {text} at (1600,3203) size 75x22 contains 1 chunk(s)
        RenderSVGInlineText {#text} at (0,0) size 75x22
          chunk 1 text run 1 at (1600.00,3220.00) startOffset 0 endOffset 11 width 75.00: "just a text"
      RenderSVGText {text} at (1700,3203) size 75x22 contains 1 chunk(s)
        RenderSVGInlineText {#text} at (0,0) size 75x22
          chunk 1 text run 1 at (1700.00,3220.00) startOffset 0 endOffset 11 width 75.00: "just a text"
      RenderSVGText {text} at (1800,3203) size 75x22 contains 1 chunk(s)
        RenderSVGInlineText {#text} at (0,0) size 75x22
          chunk 1 text run 1 at (1800.00,3220.00) startOffset 0 endOffset 11 width 75.00: "just a text"
      RenderSVGText {text} at (1900,3203) size 75x22 contains 1 chunk(s)
        RenderSVGInlineText {#text} at (0,0) size 75x22
          chunk 1 text run 1 at (1900.00,3220.00) startOffset 0 endOffset 11 width 75.00: "just a text"
      RenderSVGText {text} at (2000,3203) size 75x22 contains 1 chunk(s)
        RenderSVGInlineText {#text} at (0,0) size 75x22
          chunk 1 text run 1 at (2000.00,3220.00) startOffset 0 endOffset 11 width 75.00: "just a text"
      RenderSVGText {text} at (2100,3203) size 75x22 contains 1 chunk(s)
        RenderSVGInlineText {#text} at (0,0) size 75x22
          chunk 1 text run 1 at (2100.00,3220.00) startOffset 0 endOffset 11 width 75.00: "just a text"
      RenderSVGText {text} at (2200,3203) size 75x22 contains 1 chunk(s)
        RenderSVGInlineText {#text} at (0,0) size 75x22
          chunk 1 text run 1 at (2200.00,3220.00) startOffset 0 endOffset 11 width 75.00: "just a text"
      RenderSVGText {text} at (2300,3203) size 75x22 contains 1 chunk(s)
        RenderSVGInlineText {#text} at (0,0) size 75x22
          chunk 1 text run 1 at (2300.00,3220.00) startOffset 0 endOffset 11 width 75.00: "just a text"
      RenderSVGText {text} at (2400,3203) size 75x22 contains 1 chunk(s)
        RenderSVGInlineText {#text} at (0,0) size 75x22
          chunk 1 text run 1 at (2400.00,3220.00) startOffset 0 endOffset 11 width 75.00: "just a text"
      RenderSVGText {text} at (2500,3203) size 75x22 contains 1 chunk(s)
        RenderSVGInlineText {#text} at (0,0) size 75x22
          chunk 1 text run 1 at (2500.00,3220.00) startOffset 0 endOffset 11 width 75.00: "just a text"
      RenderSVGText {text} at (2600,3203) size 75x22 contains 1 chunk(s)
        RenderSVGInlineText {#text} at (0,0) size 75x22
          chunk 1 text run 1 at (2600.00,3220.00) startOffset 0 endOffset 11 width 75.00: "just a text"
      RenderSVGText {text} at (2700,3203) size 75x22 contains 1 chunk(s)
        RenderSVGInlineText {#text} at (0,0) size 75x22
          chunk 1 text run 1 at (2700.00,3220.00) startOffset 0 endOffset 11 width 75.00: "just a text"
      RenderSVGText {text} at (2800,3203) size 75x22 contains 1 chunk(s)
        RenderSVGInlineText {#text} at (0,0) size 75x22
          chunk 1 text run 1 at (2800.00,3220.00) startOffset 0 endOffset 11 width 75.00: "just a text"
      RenderSVGText {text} at (2900,3203) size 75x22 contains 1 chunk(s)
        RenderSVGInlineText {#text} at (0,0) size 75x22
          chunk 1 text run 1 at (2900.00,3220.00) startOffset 0 endOffset 11 width 75.00: "just a text"
      RenderSVGText {text} at (3000,3203) size 75x22 contains 1 chunk(s)
        RenderSVGInlineText {#text} at (0,0) size 75x22
          chunk 1 text run 1 at (3000.00,3220.00) startOffset 0 endOffset 11 width 75.00: "just a text"
      RenderSVGText {text} at (3100,3203) size 75x22 contains 1 chunk(s)
        RenderSVGInlineText {#text} at (0,0) size 75x22
          chunk 1 text run 1 at (3100.00,3220.00) startOffset 0 endOffset 11 width 75.00: "just a text"
      RenderSVGText {text} at (3200,3203) size 75x22 contains 1 chunk(s)
        RenderSVGInlineText {#text} at (0,0) size 75x22
          chunk 1 text run 1 at (3200.00,3220.00) startOffset 0 endOffset 11 width 75.00: "just a text"
      RenderSVGText {text} at (3300,3203) size 75x22 contains 1 chunk(s)
        RenderSVGInlineText {#text} at (0,0) size 75x22
          chunk 1 text run 1 at (3300.00,3220.00) startOffset 0 endOffset 11 width 75.00: "just a text"
      RenderSVGText {text} at (3400,3203) size 75x22 contains 1 chunk(s)
        RenderSVGInlineText {#text} at (0,0) size 75x22
          chunk 1 text run 1 at (3400.00,3220.00) startOffset 0 endOffset 11 width 75.00: "just a text"
      RenderSVGText {text} at (3500,3203) size 75x22 contains 1 chunk(s)
        RenderSVGInlineText {#text} at (0,0) size 75x22
          chunk 1 text run 1 at (3500.00,3220.00) startOffset 0 endOffset 11 width 75.00: "just a text"
      RenderSVGText {text} at (3600,3203) size 75x22 contains 1 chunk(s)
        RenderSVGInlineText {#text} at (0,0) size 75x22
          chunk 1 text run 1 at (3600.00,3220.00) startOffset 0 endOffset 11 width 75.00: "just a text"
      RenderSVGText {text} at (3700,3203) size 75x22 contains 1 chunk(s)
        RenderSVGInlineText {#text} at (0,0) size 75x22
          chunk 1 text run 1 at (3700.00,3220.00) startOffset 0 endOffset 11 width 75.00: "just a text"
      RenderSVGText {text} at (3800,3203) size 75x22 contains 1 chunk(s)
        RenderSVGInlineText {#text} at (0,0) size 75x22
          chunk 1 text run 1 at (3800.00,3220.00) startOffset 0 endOffset 11 width 75.00: "just a text"
      RenderSVGText {text} at (3900,3203) size 75x22 contains 1 chunk(s)
        RenderSVGInlineText {#text} at (0,0) size 75x22
          chunk 1 text run 1 at (3900.00,3220.00) startOffset 0 endOffset 11 width 75.00: "just a text"
      RenderSVGText {text} at (4000,3203) size 75x22 contains 1 chunk(s)
        RenderSVGInlineText {#text} at (0,0) size 75x22
          chunk 1 text run 1 at (4000.00,3220.00) startOffset 0 endOffset 11 width 75.00: "just a text"
      RenderSVGText {text} at (4100,3203) size 75x22 contains 1 chunk(s)
        RenderSVGInlineText {#text} at (0,0) size 75x22
          chunk 1 text run 1 at (4100.00,3220.00) startOffset 0 endOffset 11 width 75.00: "just a text"
      RenderSVGText {text} at (4200,3203) size 75x22 contains 1 chunk(s)
        RenderSVGInlineText {#text} at (0,0) size 75x22
          chunk 1 text run 1 at (4200.00,3220.00) startOffset 0 endOffset 11 width 75.00: "just a text"
      RenderSVGText {text} at (4300,3203) size 75x22 contains 1 chunk(s)
        RenderSVGInlineText {#text} at (0,0) size 75x22
          chunk 1 text run 1 at (4300.00,3220.00) startOffset 0 endOffset 11 width 75.00: "just a text"
      RenderSVGText {text} at (4400,3203) size 75x22 contains 1 chunk(s)
        RenderSVGInlineText {#text} at (0,0) size 75x22
          chunk 1 text run 1 at (4400.00,3220.00) startOffset 0 endOffset 11 width 75.00: "just a text"
      RenderSVGText {text} at (4500,3203) size 75x22 contains 1 chunk(s)
        RenderSVGInlineText {#text} at (0,0) size 75x22
          chunk 1 text run 1 at (4500.00,3220.00) startOffset 0 endOffset 11 width 75.00: "just a text"
      RenderSVGText {text} at (4600,3203) size 75x22 contains 1 chunk(s)
        RenderSVGInlineText {#text} at (0,0) size 75x22
          chunk 1 text run 1 at (4600.00,3220.00) startOffset 0 endOffset 11 width 75.00: "just a text"
      RenderSVGText {text} at (4700,3203) size 75x22 contains 1 chunk(s)
        RenderSVGInlineText {#text} at (0,0) size 75x22
          chunk 1 text run 1 at (4700.00,3220.00) startOffset 0 endOffset 11 width 75.00: "just a text"
      RenderSVGText {text} at (4800,3203) size 75x22 contains 1 chunk(s)
        RenderSVGInlineText {#text} at (0,0) size 75x22
          chunk 1 text run 1 at (4800.00,3220.00) startOffset 0 endOffset 11 width 75.00: "just a text"
      RenderSVGText {text} at (4900,3203) size 75x22 contains 1 chunk(s)
        RenderSVGInlineText {#text} at (0,0) size 75x22
          chunk 1 text run 1 at (4900.00,3220.00) startOffset 0 endOffset 11 width 75.00: "just a text"
      RenderSVGText {text} at (0,3303) size 75x22 contains 1 chunk(s)
        RenderSVGInlineText {#text} at (0,0) size 75x22
          chunk 1 text run 1 at (0.00,3320.00) startOffset 0 endOffset 11 width 75.00: "just a text"
      RenderSVGText {text} at (100,3303) size 75x22 contains 1 chunk(s)
        RenderSVGInlineText {#text} at (0,0) size 75x22
          chunk 1 text run 1 at (100.00,3320.00) startOffset 0 endOffset 11 width 75.00: "just a text"
      RenderSVGText {text} at (200,3303) size 75x22 contains 1 chunk(s)
        RenderSVGInlineText {#text} at (0,0) size 75x22
          chunk 1 text run 1 at (200.00,3320.00) startOffset 0 endOffset 11 width 75.00: "just a text"
      RenderSVGText {text} at (300,3303) size 75x22 contains 1 chunk(s)
        RenderSVGInlineText {#text} at (0,0) size 75x22
          chunk 1 text run 1 at (300.00,3320.00) startOffset 0 endOffset 11 width 75.00: "just a text"
      RenderSVGText {text} at (400,3303) size 75x22 contains 1 chunk(s)
        RenderSVGInlineText {#text} at (0,0) size 75x22
          chunk 1 text run 1 at (400.00,3320.00) startOffset 0 endOffset 11 width 75.00: "just a text"
      RenderSVGText {text} at (500,3303) size 75x22 contains 1 chunk(s)
        RenderSVGInlineText {#text} at (0,0) size 75x22
          chunk 1 text run 1 at (500.00,3320.00) startOffset 0 endOffset 11 width 75.00: "just a text"
      RenderSVGText {text} at (600,3303) size 75x22 contains 1 chunk(s)
        RenderSVGInlineText {#text} at (0,0) size 75x22
          chunk 1 text run 1 at (600.00,3320.00) startOffset 0 endOffset 11 width 75.00: "just a text"
      RenderSVGText {text} at (700,3303) size 75x22 contains 1 chunk(s)
        RenderSVGInlineText {#text} at (0,0) size 75x22
          chunk 1 text run 1 at (700.00,3320.00) startOffset 0 endOffset 11 width 75.00: "just a text"
      RenderSVGText {text} at (800,3303) size 75x22 contains 1 chunk(s)
        RenderSVGInlineText {#text} at (0,0) size 75x22
          chunk 1 text run 1 at (800.00,3320.00) startOffset 0 endOffset 11 width 75.00: "just a text"
      RenderSVGText {text} at (900,3303) size 75x22 contains 1 chunk(s)
        RenderSVGInlineText {#text} at (0,0) size 75x22
          chunk 1 text run 1 at (900.00,3320.00) startOffset 0 endOffset 11 width 75.00: "just a text"
      RenderSVGText {text} at (1000,3303) size 75x22 contains 1 chunk(s)
        RenderSVGInlineText {#text} at (0,0) size 75x22
          chunk 1 text run 1 at (1000.00,3320.00) startOffset 0 endOffset 11 width 75.00: "just a text"
      RenderSVGText {text} at (1100,3303) size 75x22 contains 1 chunk(s)
        RenderSVGInlineText {#text} at (0,0) size 75x22
          chunk 1 text run 1 at (1100.00,3320.00) startOffset 0 endOffset 11 width 75.00: "just a text"
      RenderSVGText {text} at (1200,3303) size 75x22 contains 1 chunk(s)
        RenderSVGInlineText {#text} at (0,0) size 75x22
          chunk 1 text run 1 at (1200.00,3320.00) startOffset 0 endOffset 11 width 75.00: "just a text"
      RenderSVGText {text} at (1300,3303) size 75x22 contains 1 chunk(s)
        RenderSVGInlineText {#text} at (0,0) size 75x22
          chunk 1 text run 1 at (1300.00,3320.00) startOffset 0 endOffset 11 width 75.00: "just a text"
      RenderSVGText {text} at (1400,3303) size 75x22 contains 1 chunk(s)
        RenderSVGInlineText {#text} at (0,0) size 75x22
          chunk 1 text run 1 at (1400.00,3320.00) startOffset 0 endOffset 11 width 75.00: "just a text"
      RenderSVGText {text} at (1500,3303) size 75x22 contains 1 chunk(s)
        RenderSVGInlineText {#text} at (0,0) size 75x22
          chunk 1 text run 1 at (1500.00,3320.00) startOffset 0 endOffset 11 width 75.00: "just a text"
      RenderSVGText {text} at (1600,3303) size 75x22 contains 1 chunk(s)
        RenderSVGInlineText {#text} at (0,0) size 75x22
          chunk 1 text run 1 at (1600.00,3320.00) startOffset 0 endOffset 11 width 75.00: "just a text"
      RenderSVGText {text} at (1700,3303) size 75x22 contains 1 chunk(s)
        RenderSVGInlineText {#text} at (0,0) size 75x22
          chunk 1 text run 1 at (1700.00,3320.00) startOffset 0 endOffset 11 width 75.00: "just a text"
      RenderSVGText {text} at (1800,3303) size 75x22 contains 1 chunk(s)
        RenderSVGInlineText {#text} at (0,0) size 75x22
          chunk 1 text run 1 at (1800.00,3320.00) startOffset 0 endOffset 11 width 75.00: "just a text"
      RenderSVGText {text} at (1900,3303) size 75x22 contains 1 chunk(s)
        RenderSVGInlineText {#text} at (0,0) size 75x22
          chunk 1 text run 1 at (1900.00,3320.00) startOffset 0 endOffset 11 width 75.00: "just a text"
      RenderSVGText {text} at (2000,3303) size 75x22 contains 1 chunk(s)
        RenderSVGInlineText {#text} at (0,0) size 75x22
          chunk 1 text run 1 at (2000.00,3320.00) startOffset 0 endOffset 11 width 75.00: "just a text"
      RenderSVGText {text} at (2100,3303) size 75x22 contains 1 chunk(s)
        RenderSVGInlineText {#text} at (0,0) size 75x22
          chunk 1 text run 1 at (2100.00,3320.00) startOffset 0 endOffset 11 width 75.00: "just a text"
      RenderSVGText {text} at (2200,3303) size 75x22 contains 1 chunk(s)
        RenderSVGInlineText {#text} at (0,0) size 75x22
          chunk 1 text run 1 at (2200.00,3320.00) startOffset 0 endOffset 11 width 75.00: "just a text"
      RenderSVGText {text} at (2300,3303) size 75x22 contains 1 chunk(s)
        RenderSVGInlineText {#text} at (0,0) size 75x22
          chunk 1 text run 1 at (2300.00,3320.00) startOffset 0 endOffset 11 width 75.00: "just a text"
      RenderSVGText {text} at (2400,3303) size 75x22 contains 1 chunk(s)
        RenderSVGInlineText {#text} at (0,0) size 75x22
          chunk 1 text run 1 at (2400.00,3320.00) startOffset 0 endOffset 11 width 75.00: "just a text"
      RenderSVGText {text} at (2500,3303) size 75x22 contains 1 chunk(s)
        RenderSVGInlineText {#text} at (0,0) size 75x22
          chunk 1 text run 1 at (2500.00,3320.00) startOffset 0 endOffset 11 width 75.00: "just a text"
      RenderSVGText {text} at (2600,3303) size 75x22 contains 1 chunk(s)
        RenderSVGInlineText {#text} at (0,0) size 75x22
          chunk 1 text run 1 at (2600.00,3320.00) startOffset 0 endOffset 11 width 75.00: "just a text"
      RenderSVGText {text} at (2700,3303) size 75x22 contains 1 chunk(s)
        RenderSVGInlineText {#text} at (0,0) size 75x22
          chunk 1 text run 1 at (2700.00,3320.00) startOffset 0 endOffset 11 width 75.00: "just a text"
      RenderSVGText {text} at (2800,3303) size 75x22 contains 1 chunk(s)
        RenderSVGInlineText {#text} at (0,0) size 75x22
          chunk 1 text run 1 at (2800.00,3320.00) startOffset 0 endOffset 11 width 75.00: "just a text"
      RenderSVGText {text} at (2900,3303) size 75x22 contains 1 chunk(s)
        RenderSVGInlineText {#text} at (0,0) size 75x22
          chunk 1 text run 1 at (2900.00,3320.00) startOffset 0 endOffset 11 width 75.00: "just a text"
      RenderSVGText {text} at (3000,3303) size 75x22 contains 1 chunk(s)
        RenderSVGInlineText {#text} at (0,0) size 75x22
          chunk 1 text run 1 at (3000.00,3320.00) startOffset 0 endOffset 11 width 75.00: "just a text"
      RenderSVGText {text} at (3100,3303) size 75x22 contains 1 chunk(s)
        RenderSVGInlineText {#text} at (0,0) size 75x22
          chunk 1 text run 1 at (3100.00,3320.00) startOffset 0 endOffset 11 width 75.00: "just a text"
      RenderSVGText {text} at (3200,3303) size 75x22 contains 1 chunk(s)
        RenderSVGInlineText {#text} at (0,0) size 75x22
          chunk 1 text run 1 at (3200.00,3320.00) startOffset 0 endOffset 11 width 75.00: "just a text"
      RenderSVGText {text} at (3300,3303) size 75x22 contains 1 chunk(s)
        RenderSVGInlineText {#text} at (0,0) size 75x22
          chunk 1 text run 1 at (3300.00,3320.00) startOffset 0 endOffset 11 width 75.00: "just a text"
      RenderSVGText {text} at (3400,3303) size 75x22 contains 1 chunk(s)
        RenderSVGInlineText {#text} at (0,0) size 75x22
          chunk 1 text run 1 at (3400.00,3320.00) startOffset 0 endOffset 11 width 75.00: "just a text"
      RenderSVGText {text} at (3500,3303) size 75x22 contains 1 chunk(s)
        RenderSVGInlineText {#text} at (0,0) size 75x22
          chunk 1 text run 1 at (3500.00,3320.00) startOffset 0 endOffset 11 width 75.00: "just a text"
      RenderSVGText {text} at (3600,3303) size 75x22 contains 1 chunk(s)
        RenderSVGInlineText {#text} at (0,0) size 75x22
          chunk 1 text run 1 at (3600.00,3320.00) startOffset 0 endOffset 11 width 75.00: "just a text"
      RenderSVGText {text} at (3700,3303) size 75x22 contains 1 chunk(s)
        RenderSVGInlineText {#text} at (0,0) size 75x22
          chunk 1 text run 1 at (3700.00,3320.00) startOffset 0 endOffset 11 width 75.00: "just a text"
      RenderSVGText {text} at (3800,3303) size 75x22 contains 1 chunk(s)
        RenderSVGInlineText {#text} at (0,0) size 75x22
          chunk 1 text run 1 at (3800.00,3320.00) startOffset 0 endOffset 11 width 75.00: "just a text"
      RenderSVGText {text} at (3900,3303) size 75x22 contains 1 chunk(s)
        RenderSVGInlineText {#text} at (0,0) size 75x22
          chunk 1 text run 1 at (3900.00,3320.00) startOffset 0 endOffset 11 width 75.00: "just a text"
      RenderSVGText {text} at (4000,3303) size 75x22 contains 1 chunk(s)
        RenderSVGInlineText {#text} at (0,0) size 75x22
          chunk 1 text run 1 at (4000.00,3320.00) startOffset 0 endOffset 11 width 75.00: "just a text"
      RenderSVGText {text} at (4100,3303) size 75x22 contains 1 chunk(s)
        RenderSVGInlineText {#text} at (0,0) size 75x22
          chunk 1 text run 1 at (4100.00,3320.00) startOffset 0 endOffset 11 width 75.00: "just a text"
      RenderSVGText {text} at (4200,3303) size 75x22 contains 1 chunk(s)
        RenderSVGInlineText {#text} at (0,0) size 75x22
          chunk 1 text run 1 at (4200.00,3320.00) startOffset 0 endOffset 11 width 75.00: "just a text"
      RenderSVGText {text} at (4300,3303) size 75x22 contains 1 chunk(s)
        RenderSVGInlineText {#text} at (0,0) size 75x22
          chunk 1 text run 1 at (4300.00,3320.00) startOffset 0 endOffset 11 width 75.00: "just a text"
      RenderSVGText {text} at (4400,3303) size 75x22 contains 1 chunk(s)
        RenderSVGInlineText {#text} at (0,0) size 75x22
          chunk 1 text run 1 at (4400.00,3320.00) startOffset 0 endOffset 11 width 75.00: "just a text"
      RenderSVGText {text} at (4500,3303) size 75x22 contains 1 chunk(s)
        RenderSVGInlineText {#text} at (0,0) size 75x22
          chunk 1 text run 1 at (4500.00,3320.00) startOffset 0 endOffset 11 width 75.00: "just a text"
      RenderSVGText {text} at (4600,3303) size 75x22 contains 1 chunk(s)
        RenderSVGInlineText {#text} at (0,0) size 75x22
          chunk 1 text run 1 at (4600.00,3320.00) startOffset 0 endOffset 11 width 75.00: "just a text"
      RenderSVGText {text} at (4700,3303) size 75x22 contains 1 chunk(s)
        RenderSVGInlineText {#text} at (0,0) size 75x22
          chunk 1 text run 1 at (4700.00,3320.00) startOffset 0 endOffset 11 width 75.00: "just a text"
      RenderSVGText {text} at (4800,3303) size 75x22 contains 1 chunk(s)
        RenderSVGInlineText {#text} at (0,0) size 75x22
          chunk 1 text run 1 at (4800.00,3320.00) startOffset 0 endOffset 11 width 75.00: "just a text"
      RenderSVGText {text} at (4900,3303) size 75x22 contains 1 chunk(s)
        RenderSVGInlineText {#text} at (0,0) size 75x22
          chunk 1 text run 1 at (4900.00,3320.00) startOffset 0 endOffset 11 width 75.00: "just a text"
      RenderSVGText {text} at (0,3403) size 75x22 contains 1 chunk(s)
        RenderSVGInlineText {#text} at (0,0) size 75x22
          chunk 1 text run 1 at (0.00,3420.00) startOffset 0 endOffset 11 width 75.00: "just a text"
      RenderSVGText {text} at (100,3403) size 75x22 contains 1 chunk(s)
        RenderSVGInlineText {#text} at (0,0) size 75x22
          chunk 1 text run 1 at (100.00,3420.00) startOffset 0 endOffset 11 width 75.00: "just a text"
      RenderSVGText {text} at (200,3403) size 75x22 contains 1 chunk(s)
        RenderSVGInlineText {#text} at (0,0) size 75x22
          chunk 1 text run 1 at (200.00,3420.00) startOffset 0 endOffset 11 width 75.00: "just a text"
      RenderSVGText {text} at (300,3403) size 75x22 contains 1 chunk(s)
        RenderSVGInlineText {#text} at (0,0) size 75x22
          chunk 1 text run 1 at (300.00,3420.00) startOffset 0 endOffset 11 width 75.00: "just a text"
      RenderSVGText {text} at (400,3403) size 75x22 contains 1 chunk(s)
        RenderSVGInlineText {#text} at (0,0) size 75x22
          chunk 1 text run 1 at (400.00,3420.00) startOffset 0 endOffset 11 width 75.00: "just a text"
      RenderSVGText {text} at (500,3403) size 75x22 contains 1 chunk(s)
        RenderSVGInlineText {#text} at (0,0) size 75x22
          chunk 1 text run 1 at (500.00,3420.00) startOffset 0 endOffset 11 width 75.00: "just a text"
      RenderSVGText {text} at (600,3403) size 75x22 contains 1 chunk(s)
        RenderSVGInlineText {#text} at (0,0) size 75x22
          chunk 1 text run 1 at (600.00,3420.00) startOffset 0 endOffset 11 width 75.00: "just a text"
      RenderSVGText {text} at (700,3403) size 75x22 contains 1 chunk(s)
        RenderSVGInlineText {#text} at (0,0) size 75x22
          chunk 1 text run 1 at (700.00,3420.00) startOffset 0 endOffset 11 width 75.00: "just a text"
      RenderSVGText {text} at (800,3403) size 75x22 contains 1 chunk(s)
        RenderSVGInlineText {#text} at (0,0) size 75x22
          chunk 1 text run 1 at (800.00,3420.00) startOffset 0 endOffset 11 width 75.00: "just a text"
      RenderSVGText {text} at (900,3403) size 75x22 contains 1 chunk(s)
        RenderSVGInlineText {#text} at (0,0) size 75x22
          chunk 1 text run 1 at (900.00,3420.00) startOffset 0 endOffset 11 width 75.00: "just a text"
      RenderSVGText {text} at (1000,3403) size 75x22 contains 1 chunk(s)
        RenderSVGInlineText {#text} at (0,0) size 75x22
          chunk 1 text run 1 at (1000.00,3420.00) startOffset 0 endOffset 11 width 75.00: "just a text"
      RenderSVGText {text} at (1100,3403) size 75x22 contains 1 chunk(s)
        RenderSVGInlineText {#text} at (0,0) size 75x22
          chunk 1 text run 1 at (1100.00,3420.00) startOffset 0 endOffset 11 width 75.00: "just a text"
      RenderSVGText {text} at (1200,3403) size 75x22 contains 1 chunk(s)
        RenderSVGInlineText {#text} at (0,0) size 75x22
          chunk 1 text run 1 at (1200.00,3420.00) startOffset 0 endOffset 11 width 75.00: "just a text"
      RenderSVGText {text} at (1300,3403) size 75x22 contains 1 chunk(s)
        RenderSVGInlineText {#text} at (0,0) size 75x22
          chunk 1 text run 1 at (1300.00,3420.00) startOffset 0 endOffset 11 width 75.00: "just a text"
      RenderSVGText {text} at (1400,3403) size 75x22 contains 1 chunk(s)
        RenderSVGInlineText {#text} at (0,0) size 75x22
          chunk 1 text run 1 at (1400.00,3420.00) startOffset 0 endOffset 11 width 75.00: "just a text"
      RenderSVGText {text} at (1500,3403) size 75x22 contains 1 chunk(s)
        RenderSVGInlineText {#text} at (0,0) size 75x22
          chunk 1 text run 1 at (1500.00,3420.00) startOffset 0 endOffset 11 width 75.00: "just a text"
      RenderSVGText {text} at (1600,3403) size 75x22 contains 1 chunk(s)
        RenderSVGInlineText {#text} at (0,0) size 75x22
          chunk 1 text run 1 at (1600.00,3420.00) startOffset 0 endOffset 11 width 75.00: "just a text"
      RenderSVGText {text} at (1700,3403) size 75x22 contains 1 chunk(s)
        RenderSVGInlineText {#text} at (0,0) size 75x22
          chunk 1 text run 1 at (1700.00,3420.00) startOffset 0 endOffset 11 width 75.00: "just a text"
      RenderSVGText {text} at (1800,3403) size 75x22 contains 1 chunk(s)
        RenderSVGInlineText {#text} at (0,0) size 75x22
          chunk 1 text run 1 at (1800.00,3420.00) startOffset 0 endOffset 11 width 75.00: "just a text"
      RenderSVGText {text} at (1900,3403) size 75x22 contains 1 chunk(s)
        RenderSVGInlineText {#text} at (0,0) size 75x22
          chunk 1 text run 1 at (1900.00,3420.00) startOffset 0 endOffset 11 width 75.00: "just a text"
      RenderSVGText {text} at (2000,3403) size 75x22 contains 1 chunk(s)
        RenderSVGInlineText {#text} at (0,0) size 75x22
          chunk 1 text run 1 at (2000.00,3420.00) startOffset 0 endOffset 11 width 75.00: "just a text"
      RenderSVGText {text} at (2100,3403) size 75x22 contains 1 chunk(s)
        RenderSVGInlineText {#text} at (0,0) size 75x22
          chunk 1 text run 1 at (2100.00,3420.00) startOffset 0 endOffset 11 width 75.00: "just a text"
      RenderSVGText {text} at (2200,3403) size 75x22 contains 1 chunk(s)
        RenderSVGInlineText {#text} at (0,0) size 75x22
          chunk 1 text run 1 at (2200.00,3420.00) startOffset 0 endOffset 11 width 75.00: "just a text"
      RenderSVGText {text} at (2300,3403) size 75x22 contains 1 chunk(s)
        RenderSVGInlineText {#text} at (0,0) size 75x22
          chunk 1 text run 1 at (2300.00,3420.00) startOffset 0 endOffset 11 width 75.00: "just a text"
      RenderSVGText {text} at (2400,3403) size 75x22 contains 1 chunk(s)
        RenderSVGInlineText {#text} at (0,0) size 75x22
          chunk 1 text run 1 at (2400.00,3420.00) startOffset 0 endOffset 11 width 75.00: "just a text"
      RenderSVGText {text} at (2500,3403) size 75x22 contains 1 chunk(s)
        RenderSVGInlineText {#text} at (0,0) size 75x22
          chunk 1 text run 1 at (2500.00,3420.00) startOffset 0 endOffset 11 width 75.00: "just a text"
      RenderSVGText {text} at (2600,3403) size 75x22 contains 1 chunk(s)
        RenderSVGInlineText {#text} at (0,0) size 75x22
          chunk 1 text run 1 at (2600.00,3420.00) startOffset 0 endOffset 11 width 75.00: "just a text"
      RenderSVGText {text} at (2700,3403) size 75x22 contains 1 chunk(s)
        RenderSVGInlineText {#text} at (0,0) size 75x22
          chunk 1 text run 1 at (2700.00,3420.00) startOffset 0 endOffset 11 width 75.00: "just a text"
      RenderSVGText {text} at (2800,3403) size 75x22 contains 1 chunk(s)
        RenderSVGInlineText {#text} at (0,0) size 75x22
          chunk 1 text run 1 at (2800.00,3420.00) startOffset 0 endOffset 11 width 75.00: "just a text"
      RenderSVGText {text} at (2900,3403) size 75x22 contains 1 chunk(s)
        RenderSVGInlineText {#text} at (0,0) size 75x22
          chunk 1 text run 1 at (2900.00,3420.00) startOffset 0 endOffset 11 width 75.00: "just a text"
      RenderSVGText {text} at (3000,3403) size 75x22 contains 1 chunk(s)
        RenderSVGInlineText {#text} at (0,0) size 75x22
          chunk 1 text run 1 at (3000.00,3420.00) startOffset 0 endOffset 11 width 75.00: "just a text"
      RenderSVGText {text} at (3100,3403) size 75x22 contains 1 chunk(s)
        RenderSVGInlineText {#text} at (0,0) size 75x22
          chunk 1 text run 1 at (3100.00,3420.00) startOffset 0 endOffset 11 width 75.00: "just a text"
      RenderSVGText {text} at (3200,3403) size 75x22 contains 1 chunk(s)
        RenderSVGInlineText {#text} at (0,0) size 75x22
          chunk 1 text run 1 at (3200.00,3420.00) startOffset 0 endOffset 11 width 75.00: "just a text"
      RenderSVGText {text} at (3300,3403) size 75x22 contains 1 chunk(s)
        RenderSVGInlineText {#text} at (0,0) size 75x22
          chunk 1 text run 1 at (3300.00,3420.00) startOffset 0 endOffset 11 width 75.00: "just a text"
      RenderSVGText {text} at (3400,3403) size 75x22 contains 1 chunk(s)
        RenderSVGInlineText {#text} at (0,0) size 75x22
          chunk 1 text run 1 at (3400.00,3420.00) startOffset 0 endOffset 11 width 75.00: "just a text"
      RenderSVGText {text} at (3500,3403) size 75x22 contains 1 chunk(s)
        RenderSVGInlineText {#text} at (0,0) size 75x22
          chunk 1 text run 1 at (3500.00,3420.00) startOffset 0 endOffset 11 width 75.00: "just a text"
      RenderSVGText {text} at (3600,3403) size 75x22 contains 1 chunk(s)
        RenderSVGInlineText {#text} at (0,0) size 75x22
          chunk 1 text run 1 at (3600.00,3420.00) startOffset 0 endOffset 11 width 75.00: "just a text"
      RenderSVGText {text} at (3700,3403) size 75x22 contains 1 chunk(s)
        RenderSVGInlineText {#text} at (0,0) size 75x22
          chunk 1 text run 1 at (3700.00,3420.00) startOffset 0 endOffset 11 width 75.00: "just a text"
      RenderSVGText {text} at (3800,3403) size 75x22 contains 1 chunk(s)
        RenderSVGInlineText {#text} at (0,0) size 75x22
          chunk 1 text run 1 at (3800.00,3420.00) startOffset 0 endOffset 11 width 75.00: "just a text"
      RenderSVGText {text} at (3900,3403) size 75x22 contains 1 chunk(s)
        RenderSVGInlineText {#text} at (0,0) size 75x22
          chunk 1 text run 1 at (3900.00,3420.00) startOffset 0 endOffset 11 width 75.00: "just a text"
      RenderSVGText {text} at (4000,3403) size 75x22 contains 1 chunk(s)
        RenderSVGInlineText {#text} at (0,0) size 75x22
          chunk 1 text run 1 at (4000.00,3420.00) startOffset 0 endOffset 11 width 75.00: "just a text"
      RenderSVGText {text} at (4100,3403) size 75x22 contains 1 chunk(s)
        RenderSVGInlineText {#text} at (0,0) size 75x22
          chunk 1 text run 1 at (4100.00,3420.00) startOffset 0 endOffset 11 width 75.00: "just a text"
      RenderSVGText {text} at (4200,3403) size 75x22 contains 1 chunk(s)
        RenderSVGInlineText {#text} at (0,0) size 75x22
          chunk 1 text run 1 at (4200.00,3420.00) startOffset 0 endOffset 11 width 75.00: "just a text"
      RenderSVGText {text} at (4300,3403) size 75x22 contains 1 chunk(s)
        RenderSVGInlineText {#text} at (0,0) size 75x22
          chunk 1 text run 1 at (4300.00,3420.00) startOffset 0 endOffset 11 width 75.00: "just a text"
      RenderSVGText {text} at (4400,3403) size 75x22 contains 1 chunk(s)
        RenderSVGInlineText {#text} at (0,0) size 75x22
          chunk 1 text run 1 at (4400.00,3420.00) startOffset 0 endOffset 11 width 75.00: "just a text"
      RenderSVGText {text} at (4500,3403) size 75x22 contains 1 chunk(s)
        RenderSVGInlineText {#text} at (0,0) size 75x22
          chunk 1 text run 1 at (4500.00,3420.00) startOffset 0 endOffset 11 width 75.00: "just a text"
      RenderSVGText {text} at (4600,3403) size 75x22 contains 1 chunk(s)
        RenderSVGInlineText {#text} at (0,0) size 75x22
          chunk 1 text run 1 at (4600.00,3420.00) startOffset 0 endOffset 11 width 75.00: "just a text"
      RenderSVGText {text} at (4700,3403) size 75x22 contains 1 chunk(s)
        RenderSVGInlineText {#text} at (0,0) size 75x22
          chunk 1 text run 1 at (4700.00,3420.00) startOffset 0 endOffset 11 width 75.00: "just a text"
      RenderSVGText {text} at (4800,3403) size 75x22 contains 1 chunk(s)
        RenderSVGInlineText {#text} at (0,0) size 75x22
          chunk 1 text run 1 at (4800.00,3420.00) startOffset 0 endOffset 11 width 75.00: "just a text"
      RenderSVGText {text} at (4900,3403) size 75x22 contains 1 chunk(s)
        RenderSVGInlineText {#text} at (0,0) size 75x22
          chunk 1 text run 1 at (4900.00,3420.00) startOffset 0 endOffset 11 width 75.00: "just a text"
      RenderSVGText {text} at (0,3503) size 75x22 contains 1 chunk(s)
        RenderSVGInlineText {#text} at (0,0) size 75x22
          chunk 1 text run 1 at (0.00,3520.00) startOffset 0 endOffset 11 width 75.00: "just a text"
      RenderSVGText {text} at (100,3503) size 75x22 contains 1 chunk(s)
        RenderSVGInlineText {#text} at (0,0) size 75x22
          chunk 1 text run 1 at (100.00,3520.00) startOffset 0 endOffset 11 width 75.00: "just a text"
      RenderSVGText {text} at (200,3503) size 75x22 contains 1 chunk(s)
        RenderSVGInlineText {#text} at (0,0) size 75x22
          chunk 1 text run 1 at (200.00,3520.00) startOffset 0 endOffset 11 width 75.00: "just a text"
      RenderSVGText {text} at (300,3503) size 75x22 contains 1 chunk(s)
        RenderSVGInlineText {#text} at (0,0) size 75x22
          chunk 1 text run 1 at (300.00,3520.00) startOffset 0 endOffset 11 width 75.00: "just a text"
      RenderSVGText {text} at (400,3503) size 75x22 contains 1 chunk(s)
        RenderSVGInlineText {#text} at (0,0) size 75x22
          chunk 1 text run 1 at (400.00,3520.00) startOffset 0 endOffset 11 width 75.00: "just a text"
      RenderSVGText {text} at (500,3503) size 75x22 contains 1 chunk(s)
        RenderSVGInlineText {#text} at (0,0) size 75x22
          chunk 1 text run 1 at (500.00,3520.00) startOffset 0 endOffset 11 width 75.00: "just a text"
      RenderSVGText {text} at (600,3503) size 75x22 contains 1 chunk(s)
        RenderSVGInlineText {#text} at (0,0) size 75x22
          chunk 1 text run 1 at (600.00,3520.00) startOffset 0 endOffset 11 width 75.00: "just a text"
      RenderSVGText {text} at (700,3503) size 75x22 contains 1 chunk(s)
        RenderSVGInlineText {#text} at (0,0) size 75x22
          chunk 1 text run 1 at (700.00,3520.00) startOffset 0 endOffset 11 width 75.00: "just a text"
      RenderSVGText {text} at (800,3503) size 75x22 contains 1 chunk(s)
        RenderSVGInlineText {#text} at (0,0) size 75x22
          chunk 1 text run 1 at (800.00,3520.00) startOffset 0 endOffset 11 width 75.00: "just a text"
      RenderSVGText {text} at (900,3503) size 75x22 contains 1 chunk(s)
        RenderSVGInlineText {#text} at (0,0) size 75x22
          chunk 1 text run 1 at (900.00,3520.00) startOffset 0 endOffset 11 width 75.00: "just a text"
      RenderSVGText {text} at (1000,3503) size 75x22 contains 1 chunk(s)
        RenderSVGInlineText {#text} at (0,0) size 75x22
          chunk 1 text run 1 at (1000.00,3520.00) startOffset 0 endOffset 11 width 75.00: "just a text"
      RenderSVGText {text} at (1100,3503) size 75x22 contains 1 chunk(s)
        RenderSVGInlineText {#text} at (0,0) size 75x22
          chunk 1 text run 1 at (1100.00,3520.00) startOffset 0 endOffset 11 width 75.00: "just a text"
      RenderSVGText {text} at (1200,3503) size 75x22 contains 1 chunk(s)
        RenderSVGInlineText {#text} at (0,0) size 75x22
          chunk 1 text run 1 at (1200.00,3520.00) startOffset 0 endOffset 11 width 75.00: "just a text"
      RenderSVGText {text} at (1300,3503) size 75x22 contains 1 chunk(s)
        RenderSVGInlineText {#text} at (0,0) size 75x22
          chunk 1 text run 1 at (1300.00,3520.00) startOffset 0 endOffset 11 width 75.00: "just a text"
      RenderSVGText {text} at (1400,3503) size 75x22 contains 1 chunk(s)
        RenderSVGInlineText {#text} at (0,0) size 75x22
          chunk 1 text run 1 at (1400.00,3520.00) startOffset 0 endOffset 11 width 75.00: "just a text"
      RenderSVGText {text} at (1500,3503) size 75x22 contains 1 chunk(s)
        RenderSVGInlineText {#text} at (0,0) size 75x22
          chunk 1 text run 1 at (1500.00,3520.00) startOffset 0 endOffset 11 width 75.00: "just a text"
      RenderSVGText {text} at (1600,3503) size 75x22 contains 1 chunk(s)
        RenderSVGInlineText {#text} at (0,0) size 75x22
          chunk 1 text run 1 at (1600.00,3520.00) startOffset 0 endOffset 11 width 75.00: "just a text"
      RenderSVGText {text} at (1700,3503) size 75x22 contains 1 chunk(s)
        RenderSVGInlineText {#text} at (0,0) size 75x22
          chunk 1 text run 1 at (1700.00,3520.00) startOffset 0 endOffset 11 width 75.00: "just a text"
      RenderSVGText {text} at (1800,3503) size 75x22 contains 1 chunk(s)
        RenderSVGInlineText {#text} at (0,0) size 75x22
          chunk 1 text run 1 at (1800.00,3520.00) startOffset 0 endOffset 11 width 75.00: "just a text"
      RenderSVGText {text} at (1900,3503) size 75x22 contains 1 chunk(s)
        RenderSVGInlineText {#text} at (0,0) size 75x22
          chunk 1 text run 1 at (1900.00,3520.00) startOffset 0 endOffset 11 width 75.00: "just a text"
      RenderSVGText {text} at (2000,3503) size 75x22 contains 1 chunk(s)
        RenderSVGInlineText {#text} at (0,0) size 75x22
          chunk 1 text run 1 at (2000.00,3520.00) startOffset 0 endOffset 11 width 75.00: "just a text"
      RenderSVGText {text} at (2100,3503) size 75x22 contains 1 chunk(s)
        RenderSVGInlineText {#text} at (0,0) size 75x22
          chunk 1 text run 1 at (2100.00,3520.00) startOffset 0 endOffset 11 width 75.00: "just a text"
      RenderSVGText {text} at (2200,3503) size 75x22 contains 1 chunk(s)
        RenderSVGInlineText {#text} at (0,0) size 75x22
          chunk 1 text run 1 at (2200.00,3520.00) startOffset 0 endOffset 11 width 75.00: "just a text"
      RenderSVGText {text} at (2300,3503) size 75x22 contains 1 chunk(s)
        RenderSVGInlineText {#text} at (0,0) size 75x22
          chunk 1 text run 1 at (2300.00,3520.00) startOffset 0 endOffset 11 width 75.00: "just a text"
      RenderSVGText {text} at (2400,3503) size 75x22 contains 1 chunk(s)
        RenderSVGInlineText {#text} at (0,0) size 75x22
          chunk 1 text run 1 at (2400.00,3520.00) startOffset 0 endOffset 11 width 75.00: "just a text"
      RenderSVGText {text} at (2500,3503) size 75x22 contains 1 chunk(s)
        RenderSVGInlineText {#text} at (0,0) size 75x22
          chunk 1 text run 1 at (2500.00,3520.00) startOffset 0 endOffset 11 width 75.00: "just a text"
      RenderSVGText {text} at (2600,3503) size 75x22 contains 1 chunk(s)
        RenderSVGInlineText {#text} at (0,0) size 75x22
          chunk 1 text run 1 at (2600.00,3520.00) startOffset 0 endOffset 11 width 75.00: "just a text"
      RenderSVGText {text} at (2700,3503) size 75x22 contains 1 chunk(s)
        RenderSVGInlineText {#text} at (0,0) size 75x22
          chunk 1 text run 1 at (2700.00,3520.00) startOffset 0 endOffset 11 width 75.00: "just a text"
      RenderSVGText {text} at (2800,3503) size 75x22 contains 1 chunk(s)
        RenderSVGInlineText {#text} at (0,0) size 75x22
          chunk 1 text run 1 at (2800.00,3520.00) startOffset 0 endOffset 11 width 75.00: "just a text"
      RenderSVGText {text} at (2900,3503) size 75x22 contains 1 chunk(s)
        RenderSVGInlineText {#text} at (0,0) size 75x22
          chunk 1 text run 1 at (2900.00,3520.00) startOffset 0 endOffset 11 width 75.00: "just a text"
      RenderSVGText {text} at (3000,3503) size 75x22 contains 1 chunk(s)
        RenderSVGInlineText {#text} at (0,0) size 75x22
          chunk 1 text run 1 at (3000.00,3520.00) startOffset 0 endOffset 11 width 75.00: "just a text"
      RenderSVGText {text} at (3100,3503) size 75x22 contains 1 chunk(s)
        RenderSVGInlineText {#text} at (0,0) size 75x22
          chunk 1 text run 1 at (3100.00,3520.00) startOffset 0 endOffset 11 width 75.00: "just a text"
      RenderSVGText {text} at (3200,3503) size 75x22 contains 1 chunk(s)
        RenderSVGInlineText {#text} at (0,0) size 75x22
          chunk 1 text run 1 at (3200.00,3520.00) startOffset 0 endOffset 11 width 75.00: "just a text"
      RenderSVGText {text} at (3300,3503) size 75x22 contains 1 chunk(s)
        RenderSVGInlineText {#text} at (0,0) size 75x22
          chunk 1 text run 1 at (3300.00,3520.00) startOffset 0 endOffset 11 width 75.00: "just a text"
      RenderSVGText {text} at (3400,3503) size 75x22 contains 1 chunk(s)
        RenderSVGInlineText {#text} at (0,0) size 75x22
          chunk 1 text run 1 at (3400.00,3520.00) startOffset 0 endOffset 11 width 75.00: "just a text"
      RenderSVGText {text} at (3500,3503) size 75x22 contains 1 chunk(s)
        RenderSVGInlineText {#text} at (0,0) size 75x22
          chunk 1 text run 1 at (3500.00,3520.00) startOffset 0 endOffset 11 width 75.00: "just a text"
      RenderSVGText {text} at (3600,3503) size 75x22 contains 1 chunk(s)
        RenderSVGInlineText {#text} at (0,0) size 75x22
          chunk 1 text run 1 at (3600.00,3520.00) startOffset 0 endOffset 11 width 75.00: "just a text"
      RenderSVGText {text} at (3700,3503) size 75x22 contains 1 chunk(s)
        RenderSVGInlineText {#text} at (0,0) size 75x22
          chunk 1 text run 1 at (3700.00,3520.00) startOffset 0 endOffset 11 width 75.00: "just a text"
      RenderSVGText {text} at (3800,3503) size 75x22 contains 1 chunk(s)
        RenderSVGInlineText {#text} at (0,0) size 75x22
          chunk 1 text run 1 at (3800.00,3520.00) startOffset 0 endOffset 11 width 75.00: "just a text"
      RenderSVGText {text} at (3900,3503) size 75x22 contains 1 chunk(s)
        RenderSVGInlineText {#text} at (0,0) size 75x22
          chunk 1 text run 1 at (3900.00,3520.00) startOffset 0 endOffset 11 width 75.00: "just a text"
      RenderSVGText {text} at (4000,3503) size 75x22 contains 1 chunk(s)
        RenderSVGInlineText {#text} at (0,0) size 75x22
          chunk 1 text run 1 at (4000.00,3520.00) startOffset 0 endOffset 11 width 75.00: "just a text"
      RenderSVGText {text} at (4100,3503) size 75x22 contains 1 chunk(s)
        RenderSVGInlineText {#text} at (0,0) size 75x22
          chunk 1 text run 1 at (4100.00,3520.00) startOffset 0 endOffset 11 width 75.00: "just a text"
      RenderSVGText {text} at (4200,3503) size 75x22 contains 1 chunk(s)
        RenderSVGInlineText {#text} at (0,0) size 75x22
          chunk 1 text run 1 at (4200.00,3520.00) startOffset 0 endOffset 11 width 75.00: "just a text"
      RenderSVGText {text} at (4300,3503) size 75x22 contains 1 chunk(s)
        RenderSVGInlineText {#text} at (0,0) size 75x22
          chunk 1 text run 1 at (4300.00,3520.00) startOffset 0 endOffset 11 width 75.00: "just a text"
      RenderSVGText {text} at (4400,3503) size 75x22 contains 1 chunk(s)
        RenderSVGInlineText {#text} at (0,0) size 75x22
          chunk 1 text run 1 at (4400.00,3520.00) startOffset 0 endOffset 11 width 75.00: "just a text"
      RenderSVGText {text} at (4500,3503) size 75x22 contains 1 chunk(s)
        RenderSVGInlineText {#text} at (0,0) size 75x22
          chunk 1 text run 1 at (4500.00,3520.00) startOffset 0 endOffset 11 width 75.00: "just a text"
      RenderSVGText {text} at (4600,3503) size 75x22 contains 1 chunk(s)
        RenderSVGInlineText {#text} at (0,0) size 75x22
          chunk 1 text run 1 at (4600.00,3520.00) startOffset 0 endOffset 11 width 75.00: "just a text"
      RenderSVGText {text} at (4700,3503) size 75x22 contains 1 chunk(s)
        RenderSVGInlineText {#text} at (0,0) size 75x22
          chunk 1 text run 1 at (4700.00,3520.00) startOffset 0 endOffset 11 width 75.00: "just a text"
      RenderSVGText {text} at (4800,3503) size 75x22 contains 1 chunk(s)
        RenderSVGInlineText {#text} at (0,0) size 75x22
          chunk 1 text run 1 at (4800.00,3520.00) startOffset 0 endOffset 11 width 75.00: "just a text"
      RenderSVGText {text} at (4900,3503) size 75x22 contains 1 chunk(s)
        RenderSVGInlineText {#text} at (0,0) size 75x22
          chunk 1 text run 1 at (4900.00,3520.00) startOffset 0 endOffset 11 width 75.00: "just a text"
      RenderSVGText {text} at (0,3603) size 75x22 contains 1 chunk(s)
        RenderSVGInlineText {#text} at (0,0) size 75x22
          chunk 1 text run 1 at (0.00,3620.00) startOffset 0 endOffset 11 width 75.00: "just a text"
      RenderSVGText {text} at (100,3603) size 75x22 contains 1 chunk(s)
        RenderSVGInlineText {#text} at (0,0) size 75x22
          chunk 1 text run 1 at (100.00,3620.00) startOffset 0 endOffset 11 width 75.00: "just a text"
      RenderSVGText {text} at (200,3603) size 75x22 contains 1 chunk(s)
        RenderSVGInlineText {#text} at (0,0) size 75x22
          chunk 1 text run 1 at (200.00,3620.00) startOffset 0 endOffset 11 width 75.00: "just a text"
      RenderSVGText {text} at (300,3603) size 75x22 contains 1 chunk(s)
        RenderSVGInlineText {#text} at (0,0) size 75x22
          chunk 1 text run 1 at (300.00,3620.00) startOffset 0 endOffset 11 width 75.00: "just a text"
      RenderSVGText {text} at (400,3603) size 75x22 contains 1 chunk(s)
        RenderSVGInlineText {#text} at (0,0) size 75x22
          chunk 1 text run 1 at (400.00,3620.00) startOffset 0 endOffset 11 width 75.00: "just a text"
      RenderSVGText {text} at (500,3603) size 75x22 contains 1 chunk(s)
        RenderSVGInlineText {#text} at (0,0) size 75x22
          chunk 1 text run 1 at (500.00,3620.00) startOffset 0 endOffset 11 width 75.00: "just a text"
      RenderSVGText {text} at (600,3603) size 75x22 contains 1 chunk(s)
        RenderSVGInlineText {#text} at (0,0) size 75x22
          chunk 1 text run 1 at (600.00,3620.00) startOffset 0 endOffset 11 width 75.00: "just a text"
      RenderSVGText {text} at (700,3603) size 75x22 contains 1 chunk(s)
        RenderSVGInlineText {#text} at (0,0) size 75x22
          chunk 1 text run 1 at (700.00,3620.00) startOffset 0 endOffset 11 width 75.00: "just a text"
      RenderSVGText {text} at (800,3603) size 75x22 contains 1 chunk(s)
        RenderSVGInlineText {#text} at (0,0) size 75x22
          chunk 1 text run 1 at (800.00,3620.00) startOffset 0 endOffset 11 width 75.00: "just a text"
      RenderSVGText {text} at (900,3603) size 75x22 contains 1 chunk(s)
        RenderSVGInlineText {#text} at (0,0) size 75x22
          chunk 1 text run 1 at (900.00,3620.00) startOffset 0 endOffset 11 width 75.00: "just a text"
      RenderSVGText {text} at (1000,3603) size 75x22 contains 1 chunk(s)
        RenderSVGInlineText {#text} at (0,0) size 75x22
          chunk 1 text run 1 at (1000.00,3620.00) startOffset 0 endOffset 11 width 75.00: "just a text"
      RenderSVGText {text} at (1100,3603) size 75x22 contains 1 chunk(s)
        RenderSVGInlineText {#text} at (0,0) size 75x22
          chunk 1 text run 1 at (1100.00,3620.00) startOffset 0 endOffset 11 width 75.00: "just a text"
      RenderSVGText {text} at (1200,3603) size 75x22 contains 1 chunk(s)
        RenderSVGInlineText {#text} at (0,0) size 75x22
          chunk 1 text run 1 at (1200.00,3620.00) startOffset 0 endOffset 11 width 75.00: "just a text"
      RenderSVGText {text} at (1300,3603) size 75x22 contains 1 chunk(s)
        RenderSVGInlineText {#text} at (0,0) size 75x22
          chunk 1 text run 1 at (1300.00,3620.00) startOffset 0 endOffset 11 width 75.00: "just a text"
      RenderSVGText {text} at (1400,3603) size 75x22 contains 1 chunk(s)
        RenderSVGInlineText {#text} at (0,0) size 75x22
          chunk 1 text run 1 at (1400.00,3620.00) startOffset 0 endOffset 11 width 75.00: "just a text"
      RenderSVGText {text} at (1500,3603) size 75x22 contains 1 chunk(s)
        RenderSVGInlineText {#text} at (0,0) size 75x22
          chunk 1 text run 1 at (1500.00,3620.00) startOffset 0 endOffset 11 width 75.00: "just a text"
      RenderSVGText {text} at (1600,3603) size 75x22 contains 1 chunk(s)
        RenderSVGInlineText {#text} at (0,0) size 75x22
          chunk 1 text run 1 at (1600.00,3620.00) startOffset 0 endOffset 11 width 75.00: "just a text"
      RenderSVGText {text} at (1700,3603) size 75x22 contains 1 chunk(s)
        RenderSVGInlineText {#text} at (0,0) size 75x22
          chunk 1 text run 1 at (1700.00,3620.00) startOffset 0 endOffset 11 width 75.00: "just a text"
      RenderSVGText {text} at (1800,3603) size 75x22 contains 1 chunk(s)
        RenderSVGInlineText {#text} at (0,0) size 75x22
          chunk 1 text run 1 at (1800.00,3620.00) startOffset 0 endOffset 11 width 75.00: "just a text"
      RenderSVGText {text} at (1900,3603) size 75x22 contains 1 chunk(s)
        RenderSVGInlineText {#text} at (0,0) size 75x22
          chunk 1 text run 1 at (1900.00,3620.00) startOffset 0 endOffset 11 width 75.00: "just a text"
      RenderSVGText {text} at (2000,3603) size 75x22 contains 1 chunk(s)
        RenderSVGInlineText {#text} at (0,0) size 75x22
          chunk 1 text run 1 at (2000.00,3620.00) startOffset 0 endOffset 11 width 75.00: "just a text"
      RenderSVGText {text} at (2100,3603) size 75x22 contains 1 chunk(s)
        RenderSVGInlineText {#text} at (0,0) size 75x22
          chunk 1 text run 1 at (2100.00,3620.00) startOffset 0 endOffset 11 width 75.00: "just a text"
      RenderSVGText {text} at (2200,3603) size 75x22 contains 1 chunk(s)
        RenderSVGInlineText {#text} at (0,0) size 75x22
          chunk 1 text run 1 at (2200.00,3620.00) startOffset 0 endOffset 11 width 75.00: "just a text"
      RenderSVGText {text} at (2300,3603) size 75x22 contains 1 chunk(s)
        RenderSVGInlineText {#text} at (0,0) size 75x22
          chunk 1 text run 1 at (2300.00,3620.00) startOffset 0 endOffset 11 width 75.00: "just a text"
      RenderSVGText {text} at (2400,3603) size 75x22 contains 1 chunk(s)
        RenderSVGInlineText {#text} at (0,0) size 75x22
          chunk 1 text run 1 at (2400.00,3620.00) startOffset 0 endOffset 11 width 75.00: "just a text"
      RenderSVGText {text} at (2500,3603) size 75x22 contains 1 chunk(s)
        RenderSVGInlineText {#text} at (0,0) size 75x22
          chunk 1 text run 1 at (2500.00,3620.00) startOffset 0 endOffset 11 width 75.00: "just a text"
      RenderSVGText {text} at (2600,3603) size 75x22 contains 1 chunk(s)
        RenderSVGInlineText {#text} at (0,0) size 75x22
          chunk 1 text run 1 at (2600.00,3620.00) startOffset 0 endOffset 11 width 75.00: "just a text"
      RenderSVGText {text} at (2700,3603) size 75x22 contains 1 chunk(s)
        RenderSVGInlineText {#text} at (0,0) size 75x22
          chunk 1 text run 1 at (2700.00,3620.00) startOffset 0 endOffset 11 width 75.00: "just a text"
      RenderSVGText {text} at (2800,3603) size 75x22 contains 1 chunk(s)
        RenderSVGInlineText {#text} at (0,0) size 75x22
          chunk 1 text run 1 at (2800.00,3620.00) startOffset 0 endOffset 11 width 75.00: "just a text"
      RenderSVGText {text} at (2900,3603) size 75x22 contains 1 chunk(s)
        RenderSVGInlineText {#text} at (0,0) size 75x22
          chunk 1 text run 1 at (2900.00,3620.00) startOffset 0 endOffset 11 width 75.00: "just a text"
      RenderSVGText {text} at (3000,3603) size 75x22 contains 1 chunk(s)
        RenderSVGInlineText {#text} at (0,0) size 75x22
          chunk 1 text run 1 at (3000.00,3620.00) startOffset 0 endOffset 11 width 75.00: "just a text"
      RenderSVGText {text} at (3100,3603) size 75x22 contains 1 chunk(s)
        RenderSVGInlineText {#text} at (0,0) size 75x22
          chunk 1 text run 1 at (3100.00,3620.00) startOffset 0 endOffset 11 width 75.00: "just a text"
      RenderSVGText {text} at (3200,3603) size 75x22 contains 1 chunk(s)
        RenderSVGInlineText {#text} at (0,0) size 75x22
          chunk 1 text run 1 at (3200.00,3620.00) startOffset 0 endOffset 11 width 75.00: "just a text"
      RenderSVGText {text} at (3300,3603) size 75x22 contains 1 chunk(s)
        RenderSVGInlineText {#text} at (0,0) size 75x22
          chunk 1 text run 1 at (3300.00,3620.00) startOffset 0 endOffset 11 width 75.00: "just a text"
      RenderSVGText {text} at (3400,3603) size 75x22 contains 1 chunk(s)
        RenderSVGInlineText {#text} at (0,0) size 75x22
          chunk 1 text run 1 at (3400.00,3620.00) startOffset 0 endOffset 11 width 75.00: "just a text"
      RenderSVGText {text} at (3500,3603) size 75x22 contains 1 chunk(s)
        RenderSVGInlineText {#text} at (0,0) size 75x22
          chunk 1 text run 1 at (3500.00,3620.00) startOffset 0 endOffset 11 width 75.00: "just a text"
      RenderSVGText {text} at (3600,3603) size 75x22 contains 1 chunk(s)
        RenderSVGInlineText {#text} at (0,0) size 75x22
          chunk 1 text run 1 at (3600.00,3620.00) startOffset 0 endOffset 11 width 75.00: "just a text"
      RenderSVGText {text} at (3700,3603) size 75x22 contains 1 chunk(s)
        RenderSVGInlineText {#text} at (0,0) size 75x22
          chunk 1 text run 1 at (3700.00,3620.00) startOffset 0 endOffset 11 width 75.00: "just a text"
      RenderSVGText {text} at (3800,3603) size 75x22 contains 1 chunk(s)
        RenderSVGInlineText {#text} at (0,0) size 75x22
          chunk 1 text run 1 at (3800.00,3620.00) startOffset 0 endOffset 11 width 75.00: "just a text"
      RenderSVGText {text} at (3900,3603) size 75x22 contains 1 chunk(s)
        RenderSVGInlineText {#text} at (0,0) size 75x22
          chunk 1 text run 1 at (3900.00,3620.00) startOffset 0 endOffset 11 width 75.00: "just a text"
      RenderSVGText {text} at (4000,3603) size 75x22 contains 1 chunk(s)
        RenderSVGInlineText {#text} at (0,0) size 75x22
          chunk 1 text run 1 at (4000.00,3620.00) startOffset 0 endOffset 11 width 75.00: "just a text"
      RenderSVGText {text} at (4100,3603) size 75x22 contains 1 chunk(s)
        RenderSVGInlineText {#text} at (0,0) size 75x22
          chunk 1 text run 1 at (4100.00,3620.00) startOffset 0 endOffset 11 width 75.00: "just a text"
      RenderSVGText {text} at (4200,3603) size 75x22 contains 1 chunk(s)
        RenderSVGInlineText {#text} at (0,0) size 75x22
          chunk 1 text run 1 at (4200.00,3620.00) startOffset 0 endOffset 11 width 75.00: "just a text"
      RenderSVGText {text} at (4300,3603) size 75x22 contains 1 chunk(s)
        RenderSVGInlineText {#text} at (0,0) size 75x22
          chunk 1 text run 1 at (4300.00,3620.00) startOffset 0 endOffset 11 width 75.00: "just a text"
      RenderSVGText {text} at (4400,3603) size 75x22 contains 1 chunk(s)
        RenderSVGInlineText {#text} at (0,0) size 75x22
          chunk 1 text run 1 at (4400.00,3620.00) startOffset 0 endOffset 11 width 75.00: "just a text"
      RenderSVGText {text} at (4500,3603) size 75x22 contains 1 chunk(s)
        RenderSVGInlineText {#text} at (0,0) size 75x22
          chunk 1 text run 1 at (4500.00,3620.00) startOffset 0 endOffset 11 width 75.00: "just a text"
      RenderSVGText {text} at (4600,3603) size 75x22 contains 1 chunk(s)
        RenderSVGInlineText {#text} at (0,0) size 75x22
          chunk 1 text run 1 at (4600.00,3620.00) startOffset 0 endOffset 11 width 75.00: "just a text"
      RenderSVGText {text} at (4700,3603) size 75x22 contains 1 chunk(s)
        RenderSVGInlineText {#text} at (0,0) size 75x22
          chunk 1 text run 1 at (4700.00,3620.00) startOffset 0 endOffset 11 width 75.00: "just a text"
      RenderSVGText {text} at (4800,3603) size 75x22 contains 1 chunk(s)
        RenderSVGInlineText {#text} at (0,0) size 75x22
          chunk 1 text run 1 at (4800.00,3620.00) startOffset 0 endOffset 11 width 75.00: "just a text"
      RenderSVGText {text} at (4900,3603) size 75x22 contains 1 chunk(s)
        RenderSVGInlineText {#text} at (0,0) size 75x22
          chunk 1 text run 1 at (4900.00,3620.00) startOffset 0 endOffset 11 width 75.00: "just a text"
      RenderSVGText {text} at (0,3703) size 75x22 contains 1 chunk(s)
        RenderSVGInlineText {#text} at (0,0) size 75x22
          chunk 1 text run 1 at (0.00,3720.00) startOffset 0 endOffset 11 width 75.00: "just a text"
      RenderSVGText {text} at (100,3703) size 75x22 contains 1 chunk(s)
        RenderSVGInlineText {#text} at (0,0) size 75x22
          chunk 1 text run 1 at (100.00,3720.00) startOffset 0 endOffset 11 width 75.00: "just a text"
      RenderSVGText {text} at (200,3703) size 75x22 contains 1 chunk(s)
        RenderSVGInlineText {#text} at (0,0) size 75x22
          chunk 1 text run 1 at (200.00,3720.00) startOffset 0 endOffset 11 width 75.00: "just a text"
      RenderSVGText {text} at (300,3703) size 75x22 contains 1 chunk(s)
        RenderSVGInlineText {#text} at (0,0) size 75x22
          chunk 1 text run 1 at (300.00,3720.00) startOffset 0 endOffset 11 width 75.00: "just a text"
      RenderSVGText {text} at (400,3703) size 75x22 contains 1 chunk(s)
        RenderSVGInlineText {#text} at (0,0) size 75x22
          chunk 1 text run 1 at (400.00,3720.00) startOffset 0 endOffset 11 width 75.00: "just a text"
      RenderSVGText {text} at (500,3703) size 75x22 contains 1 chunk(s)
        RenderSVGInlineText {#text} at (0,0) size 75x22
          chunk 1 text run 1 at (500.00,3720.00) startOffset 0 endOffset 11 width 75.00: "just a text"
      RenderSVGText {text} at (600,3703) size 75x22 contains 1 chunk(s)
        RenderSVGInlineText {#text} at (0,0) size 75x22
          chunk 1 text run 1 at (600.00,3720.00) startOffset 0 endOffset 11 width 75.00: "just a text"
      RenderSVGText {text} at (700,3703) size 75x22 contains 1 chunk(s)
        RenderSVGInlineText {#text} at (0,0) size 75x22
          chunk 1 text run 1 at (700.00,3720.00) startOffset 0 endOffset 11 width 75.00: "just a text"
      RenderSVGText {text} at (800,3703) size 75x22 contains 1 chunk(s)
        RenderSVGInlineText {#text} at (0,0) size 75x22
          chunk 1 text run 1 at (800.00,3720.00) startOffset 0 endOffset 11 width 75.00: "just a text"
      RenderSVGText {text} at (900,3703) size 75x22 contains 1 chunk(s)
        RenderSVGInlineText {#text} at (0,0) size 75x22
          chunk 1 text run 1 at (900.00,3720.00) startOffset 0 endOffset 11 width 75.00: "just a text"
      RenderSVGText {text} at (1000,3703) size 75x22 contains 1 chunk(s)
        RenderSVGInlineText {#text} at (0,0) size 75x22
          chunk 1 text run 1 at (1000.00,3720.00) startOffset 0 endOffset 11 width 75.00: "just a text"
      RenderSVGText {text} at (1100,3703) size 75x22 contains 1 chunk(s)
        RenderSVGInlineText {#text} at (0,0) size 75x22
          chunk 1 text run 1 at (1100.00,3720.00) startOffset 0 endOffset 11 width 75.00: "just a text"
      RenderSVGText {text} at (1200,3703) size 75x22 contains 1 chunk(s)
        RenderSVGInlineText {#text} at (0,0) size 75x22
          chunk 1 text run 1 at (1200.00,3720.00) startOffset 0 endOffset 11 width 75.00: "just a text"
      RenderSVGText {text} at (1300,3703) size 75x22 contains 1 chunk(s)
        RenderSVGInlineText {#text} at (0,0) size 75x22
          chunk 1 text run 1 at (1300.00,3720.00) startOffset 0 endOffset 11 width 75.00: "just a text"
      RenderSVGText {text} at (1400,3703) size 75x22 contains 1 chunk(s)
        RenderSVGInlineText {#text} at (0,0) size 75x22
          chunk 1 text run 1 at (1400.00,3720.00) startOffset 0 endOffset 11 width 75.00: "just a text"
      RenderSVGText {text} at (1500,3703) size 75x22 contains 1 chunk(s)
        RenderSVGInlineText {#text} at (0,0) size 75x22
          chunk 1 text run 1 at (1500.00,3720.00) startOffset 0 endOffset 11 width 75.00: "just a text"
      RenderSVGText {text} at (1600,3703) size 75x22 contains 1 chunk(s)
        RenderSVGInlineText {#text} at (0,0) size 75x22
          chunk 1 text run 1 at (1600.00,3720.00) startOffset 0 endOffset 11 width 75.00: "just a text"
      RenderSVGText {text} at (1700,3703) size 75x22 contains 1 chunk(s)
        RenderSVGInlineText {#text} at (0,0) size 75x22
          chunk 1 text run 1 at (1700.00,3720.00) startOffset 0 endOffset 11 width 75.00: "just a text"
      RenderSVGText {text} at (1800,3703) size 75x22 contains 1 chunk(s)
        RenderSVGInlineText {#text} at (0,0) size 75x22
          chunk 1 text run 1 at (1800.00,3720.00) startOffset 0 endOffset 11 width 75.00: "just a text"
      RenderSVGText {text} at (1900,3703) size 75x22 contains 1 chunk(s)
        RenderSVGInlineText {#text} at (0,0) size 75x22
          chunk 1 text run 1 at (1900.00,3720.00) startOffset 0 endOffset 11 width 75.00: "just a text"
      RenderSVGText {text} at (2000,3703) size 75x22 contains 1 chunk(s)
        RenderSVGInlineText {#text} at (0,0) size 75x22
          chunk 1 text run 1 at (2000.00,3720.00) startOffset 0 endOffset 11 width 75.00: "just a text"
      RenderSVGText {text} at (2100,3703) size 75x22 contains 1 chunk(s)
        RenderSVGInlineText {#text} at (0,0) size 75x22
          chunk 1 text run 1 at (2100.00,3720.00) startOffset 0 endOffset 11 width 75.00: "just a text"
      RenderSVGText {text} at (2200,3703) size 75x22 contains 1 chunk(s)
        RenderSVGInlineText {#text} at (0,0) size 75x22
          chunk 1 text run 1 at (2200.00,3720.00) startOffset 0 endOffset 11 width 75.00: "just a text"
      RenderSVGText {text} at (2300,3703) size 75x22 contains 1 chunk(s)
        RenderSVGInlineText {#text} at (0,0) size 75x22
          chunk 1 text run 1 at (2300.00,3720.00) startOffset 0 endOffset 11 width 75.00: "just a text"
      RenderSVGText {text} at (2400,3703) size 75x22 contains 1 chunk(s)
        RenderSVGInlineText {#text} at (0,0) size 75x22
          chunk 1 text run 1 at (2400.00,3720.00) startOffset 0 endOffset 11 width 75.00: "just a text"
      RenderSVGText {text} at (2500,3703) size 75x22 contains 1 chunk(s)
        RenderSVGInlineText {#text} at (0,0) size 75x22
          chunk 1 text run 1 at (2500.00,3720.00) startOffset 0 endOffset 11 width 75.00: "just a text"
      RenderSVGText {text} at (2600,3703) size 75x22 contains 1 chunk(s)
        RenderSVGInlineText {#text} at (0,0) size 75x22
          chunk 1 text run 1 at (2600.00,3720.00) startOffset 0 endOffset 11 width 75.00: "just a text"
      RenderSVGText {text} at (2700,3703) size 75x22 contains 1 chunk(s)
        RenderSVGInlineText {#text} at (0,0) size 75x22
          chunk 1 text run 1 at (2700.00,3720.00) startOffset 0 endOffset 11 width 75.00: "just a text"
      RenderSVGText {text} at (2800,3703) size 75x22 contains 1 chunk(s)
        RenderSVGInlineText {#text} at (0,0) size 75x22
          chunk 1 text run 1 at (2800.00,3720.00) startOffset 0 endOffset 11 width 75.00: "just a text"
      RenderSVGText {text} at (2900,3703) size 75x22 contains 1 chunk(s)
        RenderSVGInlineText {#text} at (0,0) size 75x22
          chunk 1 text run 1 at (2900.00,3720.00) startOffset 0 endOffset 11 width 75.00: "just a text"
      RenderSVGText {text} at (3000,3703) size 75x22 contains 1 chunk(s)
        RenderSVGInlineText {#text} at (0,0) size 75x22
          chunk 1 text run 1 at (3000.00,3720.00) startOffset 0 endOffset 11 width 75.00: "just a text"
      RenderSVGText {text} at (3100,3703) size 75x22 contains 1 chunk(s)
        RenderSVGInlineText {#text} at (0,0) size 75x22
          chunk 1 text run 1 at (3100.00,3720.00) startOffset 0 endOffset 11 width 75.00: "just a text"
      RenderSVGText {text} at (3200,3703) size 75x22 contains 1 chunk(s)
        RenderSVGInlineText {#text} at (0,0) size 75x22
          chunk 1 text run 1 at (3200.00,3720.00) startOffset 0 endOffset 11 width 75.00: "just a text"
      RenderSVGText {text} at (3300,3703) size 75x22 contains 1 chunk(s)
        RenderSVGInlineText {#text} at (0,0) size 75x22
          chunk 1 text run 1 at (3300.00,3720.00) startOffset 0 endOffset 11 width 75.00: "just a text"
      RenderSVGText {text} at (3400,3703) size 75x22 contains 1 chunk(s)
        RenderSVGInlineText {#text} at (0,0) size 75x22
          chunk 1 text run 1 at (3400.00,3720.00) startOffset 0 endOffset 11 width 75.00: "just a text"
      RenderSVGText {text} at (3500,3703) size 75x22 contains 1 chunk(s)
        RenderSVGInlineText {#text} at (0,0) size 75x22
          chunk 1 text run 1 at (3500.00,3720.00) startOffset 0 endOffset 11 width 75.00: "just a text"
      RenderSVGText {text} at (3600,3703) size 75x22 contains 1 chunk(s)
        RenderSVGInlineText {#text} at (0,0) size 75x22
          chunk 1 text run 1 at (3600.00,3720.00) startOffset 0 endOffset 11 width 75.00: "just a text"
      RenderSVGText {text} at (3700,3703) size 75x22 contains 1 chunk(s)
        RenderSVGInlineText {#text} at (0,0) size 75x22
          chunk 1 text run 1 at (3700.00,3720.00) startOffset 0 endOffset 11 width 75.00: "just a text"
      RenderSVGText {text} at (3800,3703) size 75x22 contains 1 chunk(s)
        RenderSVGInlineText {#text} at (0,0) size 75x22
          chunk 1 text run 1 at (3800.00,3720.00) startOffset 0 endOffset 11 width 75.00: "just a text"
      RenderSVGText {text} at (3900,3703) size 75x22 contains 1 chunk(s)
        RenderSVGInlineText {#text} at (0,0) size 75x22
          chunk 1 text run 1 at (3900.00,3720.00) startOffset 0 endOffset 11 width 75.00: "just a text"
      RenderSVGText {text} at (4000,3703) size 75x22 contains 1 chunk(s)
        RenderSVGInlineText {#text} at (0,0) size 75x22
          chunk 1 text run 1 at (4000.00,3720.00) startOffset 0 endOffset 11 width 75.00: "just a text"
      RenderSVGText {text} at (4100,3703) size 75x22 contains 1 chunk(s)
        RenderSVGInlineText {#text} at (0,0) size 75x22
          chunk 1 text run 1 at (4100.00,3720.00) startOffset 0 endOffset 11 width 75.00: "just a text"
      RenderSVGText {text} at (4200,3703) size 75x22 contains 1 chunk(s)
        RenderSVGInlineText {#text} at (0,0) size 75x22
          chunk 1 text run 1 at (4200.00,3720.00) startOffset 0 endOffset 11 width 75.00: "just a text"
      RenderSVGText {text} at (4300,3703) size 75x22 contains 1 chunk(s)
        RenderSVGInlineText {#text} at (0,0) size 75x22
          chunk 1 text run 1 at (4300.00,3720.00) startOffset 0 endOffset 11 width 75.00: "just a text"
      RenderSVGText {text} at (4400,3703) size 75x22 contains 1 chunk(s)
        RenderSVGInlineText {#text} at (0,0) size 75x22
          chunk 1 text run 1 at (4400.00,3720.00) startOffset 0 endOffset 11 width 75.00: "just a text"
      RenderSVGText {text} at (4500,3703) size 75x22 contains 1 chunk(s)
        RenderSVGInlineText {#text} at (0,0) size 75x22
          chunk 1 text run 1 at (4500.00,3720.00) startOffset 0 endOffset 11 width 75.00: "just a text"
      RenderSVGText {text} at (4600,3703) size 75x22 contains 1 chunk(s)
        RenderSVGInlineText {#text} at (0,0) size 75x22
          chunk 1 text run 1 at (4600.00,3720.00) startOffset 0 endOffset 11 width 75.00: "just a text"
      RenderSVGText {text} at (4700,3703) size 75x22 contains 1 chunk(s)
        RenderSVGInlineText {#text} at (0,0) size 75x22
          chunk 1 text run 1 at (4700.00,3720.00) startOffset 0 endOffset 11 width 75.00: "just a text"
      RenderSVGText {text} at (4800,3703) size 75x22 contains 1 chunk(s)
        RenderSVGInlineText {#text} at (0,0) size 75x22
          chunk 1 text run 1 at (4800.00,3720.00) startOffset 0 endOffset 11 width 75.00: "just a text"
      RenderSVGText {text} at (4900,3703) size 75x22 contains 1 chunk(s)
        RenderSVGInlineText {#text} at (0,0) size 75x22
          chunk 1 text run 1 at (4900.00,3720.00) startOffset 0 endOffset 11 width 75.00: "just a text"
      RenderSVGText {text} at (0,3803) size 75x22 contains 1 chunk(s)
        RenderSVGInlineText {#text} at (0,0) size 75x22
          chunk 1 text run 1 at (0.00,3820.00) startOffset 0 endOffset 11 width 75.00: "just a text"
      RenderSVGText {text} at (100,3803) size 75x22 contains 1 chunk(s)
        RenderSVGInlineText {#text} at (0,0) size 75x22
          chunk 1 text run 1 at (100.00,3820.00) startOffset 0 endOffset 11 width 75.00: "just a text"
      RenderSVGText {text} at (200,3803) size 75x22 contains 1 chunk(s)
        RenderSVGInlineText {#text} at (0,0) size 75x22
          chunk 1 text run 1 at (200.00,3820.00) startOffset 0 endOffset 11 width 75.00: "just a text"
      RenderSVGText {text} at (300,3803) size 75x22 contains 1 chunk(s)
        RenderSVGInlineText {#text} at (0,0) size 75x22
          chunk 1 text run 1 at (300.00,3820.00) startOffset 0 endOffset 11 width 75.00: "just a text"
      RenderSVGText {text} at (400,3803) size 75x22 contains 1 chunk(s)
        RenderSVGInlineText {#text} at (0,0) size 75x22
          chunk 1 text run 1 at (400.00,3820.00) startOffset 0 endOffset 11 width 75.00: "just a text"
      RenderSVGText {text} at (500,3803) size 75x22 contains 1 chunk(s)
        RenderSVGInlineText {#text} at (0,0) size 75x22
          chunk 1 text run 1 at (500.00,3820.00) startOffset 0 endOffset 11 width 75.00: "just a text"
      RenderSVGText {text} at (600,3803) size 75x22 contains 1 chunk(s)
        RenderSVGInlineText {#text} at (0,0) size 75x22
          chunk 1 text run 1 at (600.00,3820.00) startOffset 0 endOffset 11 width 75.00: "just a text"
      RenderSVGText {text} at (700,3803) size 75x22 contains 1 chunk(s)
        RenderSVGInlineText {#text} at (0,0) size 75x22
          chunk 1 text run 1 at (700.00,3820.00) startOffset 0 endOffset 11 width 75.00: "just a text"
      RenderSVGText {text} at (800,3803) size 75x22 contains 1 chunk(s)
        RenderSVGInlineText {#text} at (0,0) size 75x22
          chunk 1 text run 1 at (800.00,3820.00) startOffset 0 endOffset 11 width 75.00: "just a text"
      RenderSVGText {text} at (900,3803) size 75x22 contains 1 chunk(s)
        RenderSVGInlineText {#text} at (0,0) size 75x22
          chunk 1 text run 1 at (900.00,3820.00) startOffset 0 endOffset 11 width 75.00: "just a text"
      RenderSVGText {text} at (1000,3803) size 75x22 contains 1 chunk(s)
        RenderSVGInlineText {#text} at (0,0) size 75x22
          chunk 1 text run 1 at (1000.00,3820.00) startOffset 0 endOffset 11 width 75.00: "just a text"
      RenderSVGText {text} at (1100,3803) size 75x22 contains 1 chunk(s)
        RenderSVGInlineText {#text} at (0,0) size 75x22
          chunk 1 text run 1 at (1100.00,3820.00) startOffset 0 endOffset 11 width 75.00: "just a text"
      RenderSVGText {text} at (1200,3803) size 75x22 contains 1 chunk(s)
        RenderSVGInlineText {#text} at (0,0) size 75x22
          chunk 1 text run 1 at (1200.00,3820.00) startOffset 0 endOffset 11 width 75.00: "just a text"
      RenderSVGText {text} at (1300,3803) size 75x22 contains 1 chunk(s)
        RenderSVGInlineText {#text} at (0,0) size 75x22
          chunk 1 text run 1 at (1300.00,3820.00) startOffset 0 endOffset 11 width 75.00: "just a text"
      RenderSVGText {text} at (1400,3803) size 75x22 contains 1 chunk(s)
        RenderSVGInlineText {#text} at (0,0) size 75x22
          chunk 1 text run 1 at (1400.00,3820.00) startOffset 0 endOffset 11 width 75.00: "just a text"
      RenderSVGText {text} at (1500,3803) size 75x22 contains 1 chunk(s)
        RenderSVGInlineText {#text} at (0,0) size 75x22
          chunk 1 text run 1 at (1500.00,3820.00) startOffset 0 endOffset 11 width 75.00: "just a text"
      RenderSVGText {text} at (1600,3803) size 75x22 contains 1 chunk(s)
        RenderSVGInlineText {#text} at (0,0) size 75x22
          chunk 1 text run 1 at (1600.00,3820.00) startOffset 0 endOffset 11 width 75.00: "just a text"
      RenderSVGText {text} at (1700,3803) size 75x22 contains 1 chunk(s)
        RenderSVGInlineText {#text} at (0,0) size 75x22
          chunk 1 text run 1 at (1700.00,3820.00) startOffset 0 endOffset 11 width 75.00: "just a text"
      RenderSVGText {text} at (1800,3803) size 75x22 contains 1 chunk(s)
        RenderSVGInlineText {#text} at (0,0) size 75x22
          chunk 1 text run 1 at (1800.00,3820.00) startOffset 0 endOffset 11 width 75.00: "just a text"
      RenderSVGText {text} at (1900,3803) size 75x22 contains 1 chunk(s)
        RenderSVGInlineText {#text} at (0,0) size 75x22
          chunk 1 text run 1 at (1900.00,3820.00) startOffset 0 endOffset 11 width 75.00: "just a text"
      RenderSVGText {text} at (2000,3803) size 75x22 contains 1 chunk(s)
        RenderSVGInlineText {#text} at (0,0) size 75x22
          chunk 1 text run 1 at (2000.00,3820.00) startOffset 0 endOffset 11 width 75.00: "just a text"
      RenderSVGText {text} at (2100,3803) size 75x22 contains 1 chunk(s)
        RenderSVGInlineText {#text} at (0,0) size 75x22
          chunk 1 text run 1 at (2100.00,3820.00) startOffset 0 endOffset 11 width 75.00: "just a text"
      RenderSVGText {text} at (2200,3803) size 75x22 contains 1 chunk(s)
        RenderSVGInlineText {#text} at (0,0) size 75x22
          chunk 1 text run 1 at (2200.00,3820.00) startOffset 0 endOffset 11 width 75.00: "just a text"
      RenderSVGText {text} at (2300,3803) size 75x22 contains 1 chunk(s)
        RenderSVGInlineText {#text} at (0,0) size 75x22
          chunk 1 text run 1 at (2300.00,3820.00) startOffset 0 endOffset 11 width 75.00: "just a text"
      RenderSVGText {text} at (2400,3803) size 75x22 contains 1 chunk(s)
        RenderSVGInlineText {#text} at (0,0) size 75x22
          chunk 1 text run 1 at (2400.00,3820.00) startOffset 0 endOffset 11 width 75.00: "just a text"
      RenderSVGText {text} at (2500,3803) size 75x22 contains 1 chunk(s)
        RenderSVGInlineText {#text} at (0,0) size 75x22
          chunk 1 text run 1 at (2500.00,3820.00) startOffset 0 endOffset 11 width 75.00: "just a text"
      RenderSVGText {text} at (2600,3803) size 75x22 contains 1 chunk(s)
        RenderSVGInlineText {#text} at (0,0) size 75x22
          chunk 1 text run 1 at (2600.00,3820.00) startOffset 0 endOffset 11 width 75.00: "just a text"
      RenderSVGText {text} at (2700,3803) size 75x22 contains 1 chunk(s)
        RenderSVGInlineText {#text} at (0,0) size 75x22
          chunk 1 text run 1 at (2700.00,3820.00) startOffset 0 endOffset 11 width 75.00: "just a text"
      RenderSVGText {text} at (2800,3803) size 75x22 contains 1 chunk(s)
        RenderSVGInlineText {#text} at (0,0) size 75x22
          chunk 1 text run 1 at (2800.00,3820.00) startOffset 0 endOffset 11 width 75.00: "just a text"
      RenderSVGText {text} at (2900,3803) size 75x22 contains 1 chunk(s)
        RenderSVGInlineText {#text} at (0,0) size 75x22
          chunk 1 text run 1 at (2900.00,3820.00) startOffset 0 endOffset 11 width 75.00: "just a text"
      RenderSVGText {text} at (3000,3803) size 75x22 contains 1 chunk(s)
        RenderSVGInlineText {#text} at (0,0) size 75x22
          chunk 1 text run 1 at (3000.00,3820.00) startOffset 0 endOffset 11 width 75.00: "just a text"
      RenderSVGText {text} at (3100,3803) size 75x22 contains 1 chunk(s)
        RenderSVGInlineText {#text} at (0,0) size 75x22
          chunk 1 text run 1 at (3100.00,3820.00) startOffset 0 endOffset 11 width 75.00: "just a text"
      RenderSVGText {text} at (3200,3803) size 75x22 contains 1 chunk(s)
        RenderSVGInlineText {#text} at (0,0) size 75x22
          chunk 1 text run 1 at (3200.00,3820.00) startOffset 0 endOffset 11 width 75.00: "just a text"
      RenderSVGText {text} at (3300,3803) size 75x22 contains 1 chunk(s)
        RenderSVGInlineText {#text} at (0,0) size 75x22
          chunk 1 text run 1 at (3300.00,3820.00) startOffset 0 endOffset 11 width 75.00: "just a text"
      RenderSVGText {text} at (3400,3803) size 75x22 contains 1 chunk(s)
        RenderSVGInlineText {#text} at (0,0) size 75x22
          chunk 1 text run 1 at (3400.00,3820.00) startOffset 0 endOffset 11 width 75.00: "just a text"
      RenderSVGText {text} at (3500,3803) size 75x22 contains 1 chunk(s)
        RenderSVGInlineText {#text} at (0,0) size 75x22
          chunk 1 text run 1 at (3500.00,3820.00) startOffset 0 endOffset 11 width 75.00: "just a text"
      RenderSVGText {text} at (3600,3803) size 75x22 contains 1 chunk(s)
        RenderSVGInlineText {#text} at (0,0) size 75x22
          chunk 1 text run 1 at (3600.00,3820.00) startOffset 0 endOffset 11 width 75.00: "just a text"
      RenderSVGText {text} at (3700,3803) size 75x22 contains 1 chunk(s)
        RenderSVGInlineText {#text} at (0,0) size 75x22
          chunk 1 text run 1 at (3700.00,3820.00) startOffset 0 endOffset 11 width 75.00: "just a text"
      RenderSVGText {text} at (3800,3803) size 75x22 contains 1 chunk(s)
        RenderSVGInlineText {#text} at (0,0) size 75x22
          chunk 1 text run 1 at (3800.00,3820.00) startOffset 0 endOffset 11 width 75.00: "just a text"
      RenderSVGText {text} at (3900,3803) size 75x22 contains 1 chunk(s)
        RenderSVGInlineText {#text} at (0,0) size 75x22
          chunk 1 text run 1 at (3900.00,3820.00) startOffset 0 endOffset 11 width 75.00: "just a text"
      RenderSVGText {text} at (4000,3803) size 75x22 contains 1 chunk(s)
        RenderSVGInlineText {#text} at (0,0) size 75x22
          chunk 1 text run 1 at (4000.00,3820.00) startOffset 0 endOffset 11 width 75.00: "just a text"
      RenderSVGText {text} at (4100,3803) size 75x22 contains 1 chunk(s)
        RenderSVGInlineText {#text} at (0,0) size 75x22
          chunk 1 text run 1 at (4100.00,3820.00) startOffset 0 endOffset 11 width 75.00: "just a text"
      RenderSVGText {text} at (4200,3803) size 75x22 contains 1 chunk(s)
        RenderSVGInlineText {#text} at (0,0) size 75x22
          chunk 1 text run 1 at (4200.00,3820.00) startOffset 0 endOffset 11 width 75.00: "just a text"
      RenderSVGText {text} at (4300,3803) size 75x22 contains 1 chunk(s)
        RenderSVGInlineText {#text} at (0,0) size 75x22
          chunk 1 text run 1 at (4300.00,3820.00) startOffset 0 endOffset 11 width 75.00: "just a text"
      RenderSVGText {text} at (4400,3803) size 75x22 contains 1 chunk(s)
        RenderSVGInlineText {#text} at (0,0) size 75x22
          chunk 1 text run 1 at (4400.00,3820.00) startOffset 0 endOffset 11 width 75.00: "just a text"
      RenderSVGText {text} at (4500,3803) size 75x22 contains 1 chunk(s)
        RenderSVGInlineText {#text} at (0,0) size 75x22
          chunk 1 text run 1 at (4500.00,3820.00) startOffset 0 endOffset 11 width 75.00: "just a text"
      RenderSVGText {text} at (4600,3803) size 75x22 contains 1 chunk(s)
        RenderSVGInlineText {#text} at (0,0) size 75x22
          chunk 1 text run 1 at (4600.00,3820.00) startOffset 0 endOffset 11 width 75.00: "just a text"
      RenderSVGText {text} at (4700,3803) size 75x22 contains 1 chunk(s)
        RenderSVGInlineText {#text} at (0,0) size 75x22
          chunk 1 text run 1 at (4700.00,3820.00) startOffset 0 endOffset 11 width 75.00: "just a text"
      RenderSVGText {text} at (4800,3803) size 75x22 contains 1 chunk(s)
        RenderSVGInlineText {#text} at (0,0) size 75x22
          chunk 1 text run 1 at (4800.00,3820.00) startOffset 0 endOffset 11 width 75.00: "just a text"
      RenderSVGText {text} at (4900,3803) size 75x22 contains 1 chunk(s)
        RenderSVGInlineText {#text} at (0,0) size 75x22
          chunk 1 text run 1 at (4900.00,3820.00) startOffset 0 endOffset 11 width 75.00: "just a text"
      RenderSVGText {text} at (0,3903) size 75x22 contains 1 chunk(s)
        RenderSVGInlineText {#text} at (0,0) size 75x22
          chunk 1 text run 1 at (0.00,3920.00) startOffset 0 endOffset 11 width 75.00: "just a text"
      RenderSVGText {text} at (100,3903) size 75x22 contains 1 chunk(s)
        RenderSVGInlineText {#text} at (0,0) size 75x22
          chunk 1 text run 1 at (100.00,3920.00) startOffset 0 endOffset 11 width 75.00: "just a text"
      RenderSVGText {text} at (200,3903) size 75x22 contains 1 chunk(s)
        RenderSVGInlineText {#text} at (0,0) size 75x22
          chunk 1 text run 1 at (200.00,3920.00) startOffset 0 endOffset 11 width 75.00: "just a text"
      RenderSVGText {text} at (300,3903) size 75x22 contains 1 chunk(s)
        RenderSVGInlineText {#text} at (0,0) size 75x22
          chunk 1 text run 1 at (300.00,3920.00) startOffset 0 endOffset 11 width 75.00: "just a text"
      RenderSVGText {text} at (400,3903) size 75x22 contains 1 chunk(s)
        RenderSVGInlineText {#text} at (0,0) size 75x22
          chunk 1 text run 1 at (400.00,3920.00) startOffset 0 endOffset 11 width 75.00: "just a text"
      RenderSVGText {text} at (500,3903) size 75x22 contains 1 chunk(s)
        RenderSVGInlineText {#text} at (0,0) size 75x22
          chunk 1 text run 1 at (500.00,3920.00) startOffset 0 endOffset 11 width 75.00: "just a text"
      RenderSVGText {text} at (600,3903) size 75x22 contains 1 chunk(s)
        RenderSVGInlineText {#text} at (0,0) size 75x22
          chunk 1 text run 1 at (600.00,3920.00) startOffset 0 endOffset 11 width 75.00: "just a text"
      RenderSVGText {text} at (700,3903) size 75x22 contains 1 chunk(s)
        RenderSVGInlineText {#text} at (0,0) size 75x22
          chunk 1 text run 1 at (700.00,3920.00) startOffset 0 endOffset 11 width 75.00: "just a text"
      RenderSVGText {text} at (800,3903) size 75x22 contains 1 chunk(s)
        RenderSVGInlineText {#text} at (0,0) size 75x22
          chunk 1 text run 1 at (800.00,3920.00) startOffset 0 endOffset 11 width 75.00: "just a text"
      RenderSVGText {text} at (900,3903) size 75x22 contains 1 chunk(s)
        RenderSVGInlineText {#text} at (0,0) size 75x22
          chunk 1 text run 1 at (900.00,3920.00) startOffset 0 endOffset 11 width 75.00: "just a text"
      RenderSVGText {text} at (1000,3903) size 75x22 contains 1 chunk(s)
        RenderSVGInlineText {#text} at (0,0) size 75x22
          chunk 1 text run 1 at (1000.00,3920.00) startOffset 0 endOffset 11 width 75.00: "just a text"
      RenderSVGText {text} at (1100,3903) size 75x22 contains 1 chunk(s)
        RenderSVGInlineText {#text} at (0,0) size 75x22
          chunk 1 text run 1 at (1100.00,3920.00) startOffset 0 endOffset 11 width 75.00: "just a text"
      RenderSVGText {text} at (1200,3903) size 75x22 contains 1 chunk(s)
        RenderSVGInlineText {#text} at (0,0) size 75x22
          chunk 1 text run 1 at (1200.00,3920.00) startOffset 0 endOffset 11 width 75.00: "just a text"
      RenderSVGText {text} at (1300,3903) size 75x22 contains 1 chunk(s)
        RenderSVGInlineText {#text} at (0,0) size 75x22
          chunk 1 text run 1 at (1300.00,3920.00) startOffset 0 endOffset 11 width 75.00: "just a text"
      RenderSVGText {text} at (1400,3903) size 75x22 contains 1 chunk(s)
        RenderSVGInlineText {#text} at (0,0) size 75x22
          chunk 1 text run 1 at (1400.00,3920.00) startOffset 0 endOffset 11 width 75.00: "just a text"
      RenderSVGText {text} at (1500,3903) size 75x22 contains 1 chunk(s)
        RenderSVGInlineText {#text} at (0,0) size 75x22
          chunk 1 text run 1 at (1500.00,3920.00) startOffset 0 endOffset 11 width 75.00: "just a text"
      RenderSVGText {text} at (1600,3903) size 75x22 contains 1 chunk(s)
        RenderSVGInlineText {#text} at (0,0) size 75x22
          chunk 1 text run 1 at (1600.00,3920.00) startOffset 0 endOffset 11 width 75.00: "just a text"
      RenderSVGText {text} at (1700,3903) size 75x22 contains 1 chunk(s)
        RenderSVGInlineText {#text} at (0,0) size 75x22
          chunk 1 text run 1 at (1700.00,3920.00) startOffset 0 endOffset 11 width 75.00: "just a text"
      RenderSVGText {text} at (1800,3903) size 75x22 contains 1 chunk(s)
        RenderSVGInlineText {#text} at (0,0) size 75x22
          chunk 1 text run 1 at (1800.00,3920.00) startOffset 0 endOffset 11 width 75.00: "just a text"
      RenderSVGText {text} at (1900,3903) size 75x22 contains 1 chunk(s)
        RenderSVGInlineText {#text} at (0,0) size 75x22
          chunk 1 text run 1 at (1900.00,3920.00) startOffset 0 endOffset 11 width 75.00: "just a text"
      RenderSVGText {text} at (2000,3903) size 75x22 contains 1 chunk(s)
        RenderSVGInlineText {#text} at (0,0) size 75x22
          chunk 1 text run 1 at (2000.00,3920.00) startOffset 0 endOffset 11 width 75.00: "just a text"
      RenderSVGText {text} at (2100,3903) size 75x22 contains 1 chunk(s)
        RenderSVGInlineText {#text} at (0,0) size 75x22
          chunk 1 text run 1 at (2100.00,3920.00) startOffset 0 endOffset 11 width 75.00: "just a text"
      RenderSVGText {text} at (2200,3903) size 75x22 contains 1 chunk(s)
        RenderSVGInlineText {#text} at (0,0) size 75x22
          chunk 1 text run 1 at (2200.00,3920.00) startOffset 0 endOffset 11 width 75.00: "just a text"
      RenderSVGText {text} at (2300,3903) size 75x22 contains 1 chunk(s)
        RenderSVGInlineText {#text} at (0,0) size 75x22
          chunk 1 text run 1 at (2300.00,3920.00) startOffset 0 endOffset 11 width 75.00: "just a text"
      RenderSVGText {text} at (2400,3903) size 75x22 contains 1 chunk(s)
        RenderSVGInlineText {#text} at (0,0) size 75x22
          chunk 1 text run 1 at (2400.00,3920.00) startOffset 0 endOffset 11 width 75.00: "just a text"
      RenderSVGText {text} at (2500,3903) size 75x22 contains 1 chunk(s)
        RenderSVGInlineText {#text} at (0,0) size 75x22
          chunk 1 text run 1 at (2500.00,3920.00) startOffset 0 endOffset 11 width 75.00: "just a text"
      RenderSVGText {text} at (2600,3903) size 75x22 contains 1 chunk(s)
        RenderSVGInlineText {#text} at (0,0) size 75x22
          chunk 1 text run 1 at (2600.00,3920.00) startOffset 0 endOffset 11 width 75.00: "just a text"
      RenderSVGText {text} at (2700,3903) size 75x22 contains 1 chunk(s)
        RenderSVGInlineText {#text} at (0,0) size 75x22
          chunk 1 text run 1 at (2700.00,3920.00) startOffset 0 endOffset 11 width 75.00: "just a text"
      RenderSVGText {text} at (2800,3903) size 75x22 contains 1 chunk(s)
        RenderSVGInlineText {#text} at (0,0) size 75x22
          chunk 1 text run 1 at (2800.00,3920.00) startOffset 0 endOffset 11 width 75.00: "just a text"
      RenderSVGText {text} at (2900,3903) size 75x22 contains 1 chunk(s)
        RenderSVGInlineText {#text} at (0,0) size 75x22
          chunk 1 text run 1 at (2900.00,3920.00) startOffset 0 endOffset 11 width 75.00: "just a text"
      RenderSVGText {text} at (3000,3903) size 75x22 contains 1 chunk(s)
        RenderSVGInlineText {#text} at (0,0) size 75x22
          chunk 1 text run 1 at (3000.00,3920.00) startOffset 0 endOffset 11 width 75.00: "just a text"
      RenderSVGText {text} at (3100,3903) size 75x22 contains 1 chunk(s)
        RenderSVGInlineText {#text} at (0,0) size 75x22
          chunk 1 text run 1 at (3100.00,3920.00) startOffset 0 endOffset 11 width 75.00: "just a text"
      RenderSVGText {text} at (3200,3903) size 75x22 contains 1 chunk(s)
        RenderSVGInlineText {#text} at (0,0) size 75x22
          chunk 1 text run 1 at (3200.00,3920.00) startOffset 0 endOffset 11 width 75.00: "just a text"
      RenderSVGText {text} at (3300,3903) size 75x22 contains 1 chunk(s)
        RenderSVGInlineText {#text} at (0,0) size 75x22
          chunk 1 text run 1 at (3300.00,3920.00) startOffset 0 endOffset 11 width 75.00: "just a text"
      RenderSVGText {text} at (3400,3903) size 75x22 contains 1 chunk(s)
        RenderSVGInlineText {#text} at (0,0) size 75x22
          chunk 1 text run 1 at (3400.00,3920.00) startOffset 0 endOffset 11 width 75.00: "just a text"
      RenderSVGText {text} at (3500,3903) size 75x22 contains 1 chunk(s)
        RenderSVGInlineText {#text} at (0,0) size 75x22
          chunk 1 text run 1 at (3500.00,3920.00) startOffset 0 endOffset 11 width 75.00: "just a text"
      RenderSVGText {text} at (3600,3903) size 75x22 contains 1 chunk(s)
        RenderSVGInlineText {#text} at (0,0) size 75x22
          chunk 1 text run 1 at (3600.00,3920.00) startOffset 0 endOffset 11 width 75.00: "just a text"
      RenderSVGText {text} at (3700,3903) size 75x22 contains 1 chunk(s)
        RenderSVGInlineText {#text} at (0,0) size 75x22
          chunk 1 text run 1 at (3700.00,3920.00) startOffset 0 endOffset 11 width 75.00: "just a text"
      RenderSVGText {text} at (3800,3903) size 75x22 contains 1 chunk(s)
        RenderSVGInlineText {#text} at (0,0) size 75x22
          chunk 1 text run 1 at (3800.00,3920.00) startOffset 0 endOffset 11 width 75.00: "just a text"
      RenderSVGText {text} at (3900,3903) size 75x22 contains 1 chunk(s)
        RenderSVGInlineText {#text} at (0,0) size 75x22
          chunk 1 text run 1 at (3900.00,3920.00) startOffset 0 endOffset 11 width 75.00: "just a text"
      RenderSVGText {text} at (4000,3903) size 75x22 contains 1 chunk(s)
        RenderSVGInlineText {#text} at (0,0) size 75x22
          chunk 1 text run 1 at (4000.00,3920.00) startOffset 0 endOffset 11 width 75.00: "just a text"
      RenderSVGText {text} at (4100,3903) size 75x22 contains 1 chunk(s)
        RenderSVGInlineText {#text} at (0,0) size 75x22
          chunk 1 text run 1 at (4100.00,3920.00) startOffset 0 endOffset 11 width 75.00: "just a text"
      RenderSVGText {text} at (4200,3903) size 75x22 contains 1 chunk(s)
        RenderSVGInlineText {#text} at (0,0) size 75x22
          chunk 1 text run 1 at (4200.00,3920.00) startOffset 0 endOffset 11 width 75.00: "just a text"
      RenderSVGText {text} at (4300,3903) size 75x22 contains 1 chunk(s)
        RenderSVGInlineText {#text} at (0,0) size 75x22
          chunk 1 text run 1 at (4300.00,3920.00) startOffset 0 endOffset 11 width 75.00: "just a text"
      RenderSVGText {text} at (4400,3903) size 75x22 contains 1 chunk(s)
        RenderSVGInlineText {#text} at (0,0) size 75x22
          chunk 1 text run 1 at (4400.00,3920.00) startOffset 0 endOffset 11 width 75.00: "just a text"
      RenderSVGText {text} at (4500,3903) size 75x22 contains 1 chunk(s)
        RenderSVGInlineText {#text} at (0,0) size 75x22
          chunk 1 text run 1 at (4500.00,3920.00) startOffset 0 endOffset 11 width 75.00: "just a text"
      RenderSVGText {text} at (4600,3903) size 75x22 contains 1 chunk(s)
        RenderSVGInlineText {#text} at (0,0) size 75x22
          chunk 1 text run 1 at (4600.00,3920.00) startOffset 0 endOffset 11 width 75.00: "just a text"
      RenderSVGText {text} at (4700,3903) size 75x22 contains 1 chunk(s)
        RenderSVGInlineText {#text} at (0,0) size 75x22
          chunk 1 text run 1 at (4700.00,3920.00) startOffset 0 endOffset 11 width 75.00: "just a text"
      RenderSVGText {text} at (4800,3903) size 75x22 contains 1 chunk(s)
        RenderSVGInlineText {#text} at (0,0) size 75x22
          chunk 1 text run 1 at (4800.00,3920.00) startOffset 0 endOffset 11 width 75.00: "just a text"
      RenderSVGText {text} at (4900,3903) size 75x22 contains 1 chunk(s)
        RenderSVGInlineText {#text} at (0,0) size 75x22
          chunk 1 text run 1 at (4900.00,3920.00) startOffset 0 endOffset 11 width 75.00: "just a text"
      RenderSVGText {text} at (0,4003) size 75x22 contains 1 chunk(s)
        RenderSVGInlineText {#text} at (0,0) size 75x22
          chunk 1 text run 1 at (0.00,4020.00) startOffset 0 endOffset 11 width 75.00: "just a text"
      RenderSVGText {text} at (100,4003) size 75x22 contains 1 chunk(s)
        RenderSVGInlineText {#text} at (0,0) size 75x22
          chunk 1 text run 1 at (100.00,4020.00) startOffset 0 endOffset 11 width 75.00: "just a text"
      RenderSVGText {text} at (200,4003) size 75x22 contains 1 chunk(s)
        RenderSVGInlineText {#text} at (0,0) size 75x22
          chunk 1 text run 1 at (200.00,4020.00) startOffset 0 endOffset 11 width 75.00: "just a text"
      RenderSVGText {text} at (300,4003) size 75x22 contains 1 chunk(s)
        RenderSVGInlineText {#text} at (0,0) size 75x22
          chunk 1 text run 1 at (300.00,4020.00) startOffset 0 endOffset 11 width 75.00: "just a text"
      RenderSVGText {text} at (400,4003) size 75x22 contains 1 chunk(s)
        RenderSVGInlineText {#text} at (0,0) size 75x22
          chunk 1 text run 1 at (400.00,4020.00) startOffset 0 endOffset 11 width 75.00: "just a text"
      RenderSVGText {text} at (500,4003) size 75x22 contains 1 chunk(s)
        RenderSVGInlineText {#text} at (0,0) size 75x22
          chunk 1 text run 1 at (500.00,4020.00) startOffset 0 endOffset 11 width 75.00: "just a text"
      RenderSVGText {text} at (600,4003) size 75x22 contains 1 chunk(s)
        RenderSVGInlineText {#text} at (0,0) size 75x22
          chunk 1 text run 1 at (600.00,4020.00) startOffset 0 endOffset 11 width 75.00: "just a text"
      RenderSVGText {text} at (700,4003) size 75x22 contains 1 chunk(s)
        RenderSVGInlineText {#text} at (0,0) size 75x22
          chunk 1 text run 1 at (700.00,4020.00) startOffset 0 endOffset 11 width 75.00: "just a text"
      RenderSVGText {text} at (800,4003) size 75x22 contains 1 chunk(s)
        RenderSVGInlineText {#text} at (0,0) size 75x22
          chunk 1 text run 1 at (800.00,4020.00) startOffset 0 endOffset 11 width 75.00: "just a text"
      RenderSVGText {text} at (900,4003) size 75x22 contains 1 chunk(s)
        RenderSVGInlineText {#text} at (0,0) size 75x22
          chunk 1 text run 1 at (900.00,4020.00) startOffset 0 endOffset 11 width 75.00: "just a text"
      RenderSVGText {text} at (1000,4003) size 75x22 contains 1 chunk(s)
        RenderSVGInlineText {#text} at (0,0) size 75x22
          chunk 1 text run 1 at (1000.00,4020.00) startOffset 0 endOffset 11 width 75.00: "just a text"
      RenderSVGText {text} at (1100,4003) size 75x22 contains 1 chunk(s)
        RenderSVGInlineText {#text} at (0,0) size 75x22
          chunk 1 text run 1 at (1100.00,4020.00) startOffset 0 endOffset 11 width 75.00: "just a text"
      RenderSVGText {text} at (1200,4003) size 75x22 contains 1 chunk(s)
        RenderSVGInlineText {#text} at (0,0) size 75x22
          chunk 1 text run 1 at (1200.00,4020.00) startOffset 0 endOffset 11 width 75.00: "just a text"
      RenderSVGText {text} at (1300,4003) size 75x22 contains 1 chunk(s)
        RenderSVGInlineText {#text} at (0,0) size 75x22
          chunk 1 text run 1 at (1300.00,4020.00) startOffset 0 endOffset 11 width 75.00: "just a text"
      RenderSVGText {text} at (1400,4003) size 75x22 contains 1 chunk(s)
        RenderSVGInlineText {#text} at (0,0) size 75x22
          chunk 1 text run 1 at (1400.00,4020.00) startOffset 0 endOffset 11 width 75.00: "just a text"
      RenderSVGText {text} at (1500,4003) size 75x22 contains 1 chunk(s)
        RenderSVGInlineText {#text} at (0,0) size 75x22
          chunk 1 text run 1 at (1500.00,4020.00) startOffset 0 endOffset 11 width 75.00: "just a text"
      RenderSVGText {text} at (1600,4003) size 75x22 contains 1 chunk(s)
        RenderSVGInlineText {#text} at (0,0) size 75x22
          chunk 1 text run 1 at (1600.00,4020.00) startOffset 0 endOffset 11 width 75.00: "just a text"
      RenderSVGText {text} at (1700,4003) size 75x22 contains 1 chunk(s)
        RenderSVGInlineText {#text} at (0,0) size 75x22
          chunk 1 text run 1 at (1700.00,4020.00) startOffset 0 endOffset 11 width 75.00: "just a text"
      RenderSVGText {text} at (1800,4003) size 75x22 contains 1 chunk(s)
        RenderSVGInlineText {#text} at (0,0) size 75x22
          chunk 1 text run 1 at (1800.00,4020.00) startOffset 0 endOffset 11 width 75.00: "just a text"
      RenderSVGText {text} at (1900,4003) size 75x22 contains 1 chunk(s)
        RenderSVGInlineText {#text} at (0,0) size 75x22
          chunk 1 text run 1 at (1900.00,4020.00) startOffset 0 endOffset 11 width 75.00: "just a text"
      RenderSVGText {text} at (2000,4003) size 75x22 contains 1 chunk(s)
        RenderSVGInlineText {#text} at (0,0) size 75x22
          chunk 1 text run 1 at (2000.00,4020.00) startOffset 0 endOffset 11 width 75.00: "just a text"
      RenderSVGText {text} at (2100,4003) size 75x22 contains 1 chunk(s)
        RenderSVGInlineText {#text} at (0,0) size 75x22
          chunk 1 text run 1 at (2100.00,4020.00) startOffset 0 endOffset 11 width 75.00: "just a text"
      RenderSVGText {text} at (2200,4003) size 75x22 contains 1 chunk(s)
        RenderSVGInlineText {#text} at (0,0) size 75x22
          chunk 1 text run 1 at (2200.00,4020.00) startOffset 0 endOffset 11 width 75.00: "just a text"
      RenderSVGText {text} at (2300,4003) size 75x22 contains 1 chunk(s)
        RenderSVGInlineText {#text} at (0,0) size 75x22
          chunk 1 text run 1 at (2300.00,4020.00) startOffset 0 endOffset 11 width 75.00: "just a text"
      RenderSVGText {text} at (2400,4003) size 75x22 contains 1 chunk(s)
        RenderSVGInlineText {#text} at (0,0) size 75x22
          chunk 1 text run 1 at (2400.00,4020.00) startOffset 0 endOffset 11 width 75.00: "just a text"
      RenderSVGText {text} at (2500,4003) size 75x22 contains 1 chunk(s)
        RenderSVGInlineText {#text} at (0,0) size 75x22
          chunk 1 text run 1 at (2500.00,4020.00) startOffset 0 endOffset 11 width 75.00: "just a text"
      RenderSVGText {text} at (2600,4003) size 75x22 contains 1 chunk(s)
        RenderSVGInlineText {#text} at (0,0) size 75x22
          chunk 1 text run 1 at (2600.00,4020.00) startOffset 0 endOffset 11 width 75.00: "just a text"
      RenderSVGText {text} at (2700,4003) size 75x22 contains 1 chunk(s)
        RenderSVGInlineText {#text} at (0,0) size 75x22
          chunk 1 text run 1 at (2700.00,4020.00) startOffset 0 endOffset 11 width 75.00: "just a text"
      RenderSVGText {text} at (2800,4003) size 75x22 contains 1 chunk(s)
        RenderSVGInlineText {#text} at (0,0) size 75x22
          chunk 1 text run 1 at (2800.00,4020.00) startOffset 0 endOffset 11 width 75.00: "just a text"
      RenderSVGText {text} at (2900,4003) size 75x22 contains 1 chunk(s)
        RenderSVGInlineText {#text} at (0,0) size 75x22
          chunk 1 text run 1 at (2900.00,4020.00) startOffset 0 endOffset 11 width 75.00: "just a text"
      RenderSVGText {text} at (3000,4003) size 75x22 contains 1 chunk(s)
        RenderSVGInlineText {#text} at (0,0) size 75x22
          chunk 1 text run 1 at (3000.00,4020.00) startOffset 0 endOffset 11 width 75.00: "just a text"
      RenderSVGText {text} at (3100,4003) size 75x22 contains 1 chunk(s)
        RenderSVGInlineText {#text} at (0,0) size 75x22
          chunk 1 text run 1 at (3100.00,4020.00) startOffset 0 endOffset 11 width 75.00: "just a text"
      RenderSVGText {text} at (3200,4003) size 75x22 contains 1 chunk(s)
        RenderSVGInlineText {#text} at (0,0) size 75x22
          chunk 1 text run 1 at (3200.00,4020.00) startOffset 0 endOffset 11 width 75.00: "just a text"
      RenderSVGText {text} at (3300,4003) size 75x22 contains 1 chunk(s)
        RenderSVGInlineText {#text} at (0,0) size 75x22
          chunk 1 text run 1 at (3300.00,4020.00) startOffset 0 endOffset 11 width 75.00: "just a text"
      RenderSVGText {text} at (3400,4003) size 75x22 contains 1 chunk(s)
        RenderSVGInlineText {#text} at (0,0) size 75x22
          chunk 1 text run 1 at (3400.00,4020.00) startOffset 0 endOffset 11 width 75.00: "just a text"
      RenderSVGText {text} at (3500,4003) size 75x22 contains 1 chunk(s)
        RenderSVGInlineText {#text} at (0,0) size 75x22
          chunk 1 text run 1 at (3500.00,4020.00) startOffset 0 endOffset 11 width 75.00: "just a text"
      RenderSVGText {text} at (3600,4003) size 75x22 contains 1 chunk(s)
        RenderSVGInlineText {#text} at (0,0) size 75x22
          chunk 1 text run 1 at (3600.00,4020.00) startOffset 0 endOffset 11 width 75.00: "just a text"
      RenderSVGText {text} at (3700,4003) size 75x22 contains 1 chunk(s)
        RenderSVGInlineText {#text} at (0,0) size 75x22
          chunk 1 text run 1 at (3700.00,4020.00) startOffset 0 endOffset 11 width 75.00: "just a text"
      RenderSVGText {text} at (3800,4003) size 75x22 contains 1 chunk(s)
        RenderSVGInlineText {#text} at (0,0) size 75x22
          chunk 1 text run 1 at (3800.00,4020.00) startOffset 0 endOffset 11 width 75.00: "just a text"
      RenderSVGText {text} at (3900,4003) size 75x22 contains 1 chunk(s)
        RenderSVGInlineText {#text} at (0,0) size 75x22
          chunk 1 text run 1 at (3900.00,4020.00) startOffset 0 endOffset 11 width 75.00: "just a text"
      RenderSVGText {text} at (4000,4003) size 75x22 contains 1 chunk(s)
        RenderSVGInlineText {#text} at (0,0) size 75x22
          chunk 1 text run 1 at (4000.00,4020.00) startOffset 0 endOffset 11 width 75.00: "just a text"
      RenderSVGText {text} at (4100,4003) size 75x22 contains 1 chunk(s)
        RenderSVGInlineText {#text} at (0,0) size 75x22
          chunk 1 text run 1 at (4100.00,4020.00) startOffset 0 endOffset 11 width 75.00: "just a text"
      RenderSVGText {text} at (4200,4003) size 75x22 contains 1 chunk(s)
        RenderSVGInlineText {#text} at (0,0) size 75x22
          chunk 1 text run 1 at (4200.00,4020.00) startOffset 0 endOffset 11 width 75.00: "just a text"
      RenderSVGText {text} at (4300,4003) size 75x22 contains 1 chunk(s)
        RenderSVGInlineText {#text} at (0,0) size 75x22
          chunk 1 text run 1 at (4300.00,4020.00) startOffset 0 endOffset 11 width 75.00: "just a text"
      RenderSVGText {text} at (4400,4003) size 75x22 contains 1 chunk(s)
        RenderSVGInlineText {#text} at (0,0) size 75x22
          chunk 1 text run 1 at (4400.00,4020.00) startOffset 0 endOffset 11 width 75.00: "just a text"
      RenderSVGText {text} at (4500,4003) size 75x22 contains 1 chunk(s)
        RenderSVGInlineText {#text} at (0,0) size 75x22
          chunk 1 text run 1 at (4500.00,4020.00) startOffset 0 endOffset 11 width 75.00: "just a text"
      RenderSVGText {text} at (4600,4003) size 75x22 contains 1 chunk(s)
        RenderSVGInlineText {#text} at (0,0) size 75x22
          chunk 1 text run 1 at (4600.00,4020.00) startOffset 0 endOffset 11 width 75.00: "just a text"
      RenderSVGText {text} at (4700,4003) size 75x22 contains 1 chunk(s)
        RenderSVGInlineText {#text} at (0,0) size 75x22
          chunk 1 text run 1 at (4700.00,4020.00) startOffset 0 endOffset 11 width 75.00: "just a text"
      RenderSVGText {text} at (4800,4003) size 75x22 contains 1 chunk(s)
        RenderSVGInlineText {#text} at (0,0) size 75x22
          chunk 1 text run 1 at (4800.00,4020.00) startOffset 0 endOffset 11 width 75.00: "just a text"
      RenderSVGText {text} at (4900,4003) size 75x22 contains 1 chunk(s)
        RenderSVGInlineText {#text} at (0,0) size 75x22
          chunk 1 text run 1 at (4900.00,4020.00) startOffset 0 endOffset 11 width 75.00: "just a text"
      RenderSVGText {text} at (0,4103) size 75x22 contains 1 chunk(s)
        RenderSVGInlineText {#text} at (0,0) size 75x22
          chunk 1 text run 1 at (0.00,4120.00) startOffset 0 endOffset 11 width 75.00: "just a text"
      RenderSVGText {text} at (100,4103) size 75x22 contains 1 chunk(s)
        RenderSVGInlineText {#text} at (0,0) size 75x22
          chunk 1 text run 1 at (100.00,4120.00) startOffset 0 endOffset 11 width 75.00: "just a text"
      RenderSVGText {text} at (200,4103) size 75x22 contains 1 chunk(s)
        RenderSVGInlineText {#text} at (0,0) size 75x22
          chunk 1 text run 1 at (200.00,4120.00) startOffset 0 endOffset 11 width 75.00: "just a text"
      RenderSVGText {text} at (300,4103) size 75x22 contains 1 chunk(s)
        RenderSVGInlineText {#text} at (0,0) size 75x22
          chunk 1 text run 1 at (300.00,4120.00) startOffset 0 endOffset 11 width 75.00: "just a text"
      RenderSVGText {text} at (400,4103) size 75x22 contains 1 chunk(s)
        RenderSVGInlineText {#text} at (0,0) size 75x22
          chunk 1 text run 1 at (400.00,4120.00) startOffset 0 endOffset 11 width 75.00: "just a text"
      RenderSVGText {text} at (500,4103) size 75x22 contains 1 chunk(s)
        RenderSVGInlineText {#text} at (0,0) size 75x22
          chunk 1 text run 1 at (500.00,4120.00) startOffset 0 endOffset 11 width 75.00: "just a text"
      RenderSVGText {text} at (600,4103) size 75x22 contains 1 chunk(s)
        RenderSVGInlineText {#text} at (0,0) size 75x22
          chunk 1 text run 1 at (600.00,4120.00) startOffset 0 endOffset 11 width 75.00: "just a text"
      RenderSVGText {text} at (700,4103) size 75x22 contains 1 chunk(s)
        RenderSVGInlineText {#text} at (0,0) size 75x22
          chunk 1 text run 1 at (700.00,4120.00) startOffset 0 endOffset 11 width 75.00: "just a text"
      RenderSVGText {text} at (800,4103) size 75x22 contains 1 chunk(s)
        RenderSVGInlineText {#text} at (0,0) size 75x22
          chunk 1 text run 1 at (800.00,4120.00) startOffset 0 endOffset 11 width 75.00: "just a text"
      RenderSVGText {text} at (900,4103) size 75x22 contains 1 chunk(s)
        RenderSVGInlineText {#text} at (0,0) size 75x22
          chunk 1 text run 1 at (900.00,4120.00) startOffset 0 endOffset 11 width 75.00: "just a text"
      RenderSVGText {text} at (1000,4103) size 75x22 contains 1 chunk(s)
        RenderSVGInlineText {#text} at (0,0) size 75x22
          chunk 1 text run 1 at (1000.00,4120.00) startOffset 0 endOffset 11 width 75.00: "just a text"
      RenderSVGText {text} at (1100,4103) size 75x22 contains 1 chunk(s)
        RenderSVGInlineText {#text} at (0,0) size 75x22
          chunk 1 text run 1 at (1100.00,4120.00) startOffset 0 endOffset 11 width 75.00: "just a text"
      RenderSVGText {text} at (1200,4103) size 75x22 contains 1 chunk(s)
        RenderSVGInlineText {#text} at (0,0) size 75x22
          chunk 1 text run 1 at (1200.00,4120.00) startOffset 0 endOffset 11 width 75.00: "just a text"
      RenderSVGText {text} at (1300,4103) size 75x22 contains 1 chunk(s)
        RenderSVGInlineText {#text} at (0,0) size 75x22
          chunk 1 text run 1 at (1300.00,4120.00) startOffset 0 endOffset 11 width 75.00: "just a text"
      RenderSVGText {text} at (1400,4103) size 75x22 contains 1 chunk(s)
        RenderSVGInlineText {#text} at (0,0) size 75x22
          chunk 1 text run 1 at (1400.00,4120.00) startOffset 0 endOffset 11 width 75.00: "just a text"
      RenderSVGText {text} at (1500,4103) size 75x22 contains 1 chunk(s)
        RenderSVGInlineText {#text} at (0,0) size 75x22
          chunk 1 text run 1 at (1500.00,4120.00) startOffset 0 endOffset 11 width 75.00: "just a text"
      RenderSVGText {text} at (1600,4103) size 75x22 contains 1 chunk(s)
        RenderSVGInlineText {#text} at (0,0) size 75x22
          chunk 1 text run 1 at (1600.00,4120.00) startOffset 0 endOffset 11 width 75.00: "just a text"
      RenderSVGText {text} at (1700,4103) size 75x22 contains 1 chunk(s)
        RenderSVGInlineText {#text} at (0,0) size 75x22
          chunk 1 text run 1 at (1700.00,4120.00) startOffset 0 endOffset 11 width 75.00: "just a text"
      RenderSVGText {text} at (1800,4103) size 75x22 contains 1 chunk(s)
        RenderSVGInlineText {#text} at (0,0) size 75x22
          chunk 1 text run 1 at (1800.00,4120.00) startOffset 0 endOffset 11 width 75.00: "just a text"
      RenderSVGText {text} at (1900,4103) size 75x22 contains 1 chunk(s)
        RenderSVGInlineText {#text} at (0,0) size 75x22
          chunk 1 text run 1 at (1900.00,4120.00) startOffset 0 endOffset 11 width 75.00: "just a text"
      RenderSVGText {text} at (2000,4103) size 75x22 contains 1 chunk(s)
        RenderSVGInlineText {#text} at (0,0) size 75x22
          chunk 1 text run 1 at (2000.00,4120.00) startOffset 0 endOffset 11 width 75.00: "just a text"
      RenderSVGText {text} at (2100,4103) size 75x22 contains 1 chunk(s)
        RenderSVGInlineText {#text} at (0,0) size 75x22
          chunk 1 text run 1 at (2100.00,4120.00) startOffset 0 endOffset 11 width 75.00: "just a text"
      RenderSVGText {text} at (2200,4103) size 75x22 contains 1 chunk(s)
        RenderSVGInlineText {#text} at (0,0) size 75x22
          chunk 1 text run 1 at (2200.00,4120.00) startOffset 0 endOffset 11 width 75.00: "just a text"
      RenderSVGText {text} at (2300,4103) size 75x22 contains 1 chunk(s)
        RenderSVGInlineText {#text} at (0,0) size 75x22
          chunk 1 text run 1 at (2300.00,4120.00) startOffset 0 endOffset 11 width 75.00: "just a text"
      RenderSVGText {text} at (2400,4103) size 75x22 contains 1 chunk(s)
        RenderSVGInlineText {#text} at (0,0) size 75x22
          chunk 1 text run 1 at (2400.00,4120.00) startOffset 0 endOffset 11 width 75.00: "just a text"
      RenderSVGText {text} at (2500,4103) size 75x22 contains 1 chunk(s)
        RenderSVGInlineText {#text} at (0,0) size 75x22
          chunk 1 text run 1 at (2500.00,4120.00) startOffset 0 endOffset 11 width 75.00: "just a text"
      RenderSVGText {text} at (2600,4103) size 75x22 contains 1 chunk(s)
        RenderSVGInlineText {#text} at (0,0) size 75x22
          chunk 1 text run 1 at (2600.00,4120.00) startOffset 0 endOffset 11 width 75.00: "just a text"
      RenderSVGText {text} at (2700,4103) size 75x22 contains 1 chunk(s)
        RenderSVGInlineText {#text} at (0,0) size 75x22
          chunk 1 text run 1 at (2700.00,4120.00) startOffset 0 endOffset 11 width 75.00: "just a text"
      RenderSVGText {text} at (2800,4103) size 75x22 contains 1 chunk(s)
        RenderSVGInlineText {#text} at (0,0) size 75x22
          chunk 1 text run 1 at (2800.00,4120.00) startOffset 0 endOffset 11 width 75.00: "just a text"
      RenderSVGText {text} at (2900,4103) size 75x22 contains 1 chunk(s)
        RenderSVGInlineText {#text} at (0,0) size 75x22
          chunk 1 text run 1 at (2900.00,4120.00) startOffset 0 endOffset 11 width 75.00: "just a text"
      RenderSVGText {text} at (3000,4103) size 75x22 contains 1 chunk(s)
        RenderSVGInlineText {#text} at (0,0) size 75x22
          chunk 1 text run 1 at (3000.00,4120.00) startOffset 0 endOffset 11 width 75.00: "just a text"
      RenderSVGText {text} at (3100,4103) size 75x22 contains 1 chunk(s)
        RenderSVGInlineText {#text} at (0,0) size 75x22
          chunk 1 text run 1 at (3100.00,4120.00) startOffset 0 endOffset 11 width 75.00: "just a text"
      RenderSVGText {text} at (3200,4103) size 75x22 contains 1 chunk(s)
        RenderSVGInlineText {#text} at (0,0) size 75x22
          chunk 1 text run 1 at (3200.00,4120.00) startOffset 0 endOffset 11 width 75.00: "just a text"
      RenderSVGText {text} at (3300,4103) size 75x22 contains 1 chunk(s)
        RenderSVGInlineText {#text} at (0,0) size 75x22
          chunk 1 text run 1 at (3300.00,4120.00) startOffset 0 endOffset 11 width 75.00: "just a text"
      RenderSVGText {text} at (3400,4103) size 75x22 contains 1 chunk(s)
        RenderSVGInlineText {#text} at (0,0) size 75x22
          chunk 1 text run 1 at (3400.00,4120.00) startOffset 0 endOffset 11 width 75.00: "just a text"
      RenderSVGText {text} at (3500,4103) size 75x22 contains 1 chunk(s)
        RenderSVGInlineText {#text} at (0,0) size 75x22
          chunk 1 text run 1 at (3500.00,4120.00) startOffset 0 endOffset 11 width 75.00: "just a text"
      RenderSVGText {text} at (3600,4103) size 75x22 contains 1 chunk(s)
        RenderSVGInlineText {#text} at (0,0) size 75x22
          chunk 1 text run 1 at (3600.00,4120.00) startOffset 0 endOffset 11 width 75.00: "just a text"
      RenderSVGText {text} at (3700,4103) size 75x22 contains 1 chunk(s)
        RenderSVGInlineText {#text} at (0,0) size 75x22
          chunk 1 text run 1 at (3700.00,4120.00) startOffset 0 endOffset 11 width 75.00: "just a text"
      RenderSVGText {text} at (3800,4103) size 75x22 contains 1 chunk(s)
        RenderSVGInlineText {#text} at (0,0) size 75x22
          chunk 1 text run 1 at (3800.00,4120.00) startOffset 0 endOffset 11 width 75.00: "just a text"
      RenderSVGText {text} at (3900,4103) size 75x22 contains 1 chunk(s)
        RenderSVGInlineText {#text} at (0,0) size 75x22
          chunk 1 text run 1 at (3900.00,4120.00) startOffset 0 endOffset 11 width 75.00: "just a text"
      RenderSVGText {text} at (4000,4103) size 75x22 contains 1 chunk(s)
        RenderSVGInlineText {#text} at (0,0) size 75x22
          chunk 1 text run 1 at (4000.00,4120.00) startOffset 0 endOffset 11 width 75.00: "just a text"
      RenderSVGText {text} at (4100,4103) size 75x22 contains 1 chunk(s)
        RenderSVGInlineText {#text} at (0,0) size 75x22
          chunk 1 text run 1 at (4100.00,4120.00) startOffset 0 endOffset 11 width 75.00: "just a text"
      RenderSVGText {text} at (4200,4103) size 75x22 contains 1 chunk(s)
        RenderSVGInlineText {#text} at (0,0) size 75x22
          chunk 1 text run 1 at (4200.00,4120.00) startOffset 0 endOffset 11 width 75.00: "just a text"
      RenderSVGText {text} at (4300,4103) size 75x22 contains 1 chunk(s)
        RenderSVGInlineText {#text} at (0,0) size 75x22
          chunk 1 text run 1 at (4300.00,4120.00) startOffset 0 endOffset 11 width 75.00: "just a text"
      RenderSVGText {text} at (4400,4103) size 75x22 contains 1 chunk(s)
        RenderSVGInlineText {#text} at (0,0) size 75x22
          chunk 1 text run 1 at (4400.00,4120.00) startOffset 0 endOffset 11 width 75.00: "just a text"
      RenderSVGText {text} at (4500,4103) size 75x22 contains 1 chunk(s)
        RenderSVGInlineText {#text} at (0,0) size 75x22
          chunk 1 text run 1 at (4500.00,4120.00) startOffset 0 endOffset 11 width 75.00: "just a text"
      RenderSVGText {text} at (4600,4103) size 75x22 contains 1 chunk(s)
        RenderSVGInlineText {#text} at (0,0) size 75x22
          chunk 1 text run 1 at (4600.00,4120.00) startOffset 0 endOffset 11 width 75.00: "just a text"
      RenderSVGText {text} at (4700,4103) size 75x22 contains 1 chunk(s)
        RenderSVGInlineText {#text} at (0,0) size 75x22
          chunk 1 text run 1 at (4700.00,4120.00) startOffset 0 endOffset 11 width 75.00: "just a text"
      RenderSVGText {text} at (4800,4103) size 75x22 contains 1 chunk(s)
        RenderSVGInlineText {#text} at (0,0) size 75x22
          chunk 1 text run 1 at (4800.00,4120.00) startOffset 0 endOffset 11 width 75.00: "just a text"
      RenderSVGText {text} at (4900,4103) size 75x22 contains 1 chunk(s)
        RenderSVGInlineText {#text} at (0,0) size 75x22
          chunk 1 text run 1 at (4900.00,4120.00) startOffset 0 endOffset 11 width 75.00: "just a text"
      RenderSVGText {text} at (0,4203) size 75x22 contains 1 chunk(s)
        RenderSVGInlineText {#text} at (0,0) size 75x22
          chunk 1 text run 1 at (0.00,4220.00) startOffset 0 endOffset 11 width 75.00: "just a text"
      RenderSVGText {text} at (100,4203) size 75x22 contains 1 chunk(s)
        RenderSVGInlineText {#text} at (0,0) size 75x22
          chunk 1 text run 1 at (100.00,4220.00) startOffset 0 endOffset 11 width 75.00: "just a text"
      RenderSVGText {text} at (200,4203) size 75x22 contains 1 chunk(s)
        RenderSVGInlineText {#text} at (0,0) size 75x22
          chunk 1 text run 1 at (200.00,4220.00) startOffset 0 endOffset 11 width 75.00: "just a text"
      RenderSVGText {text} at (300,4203) size 75x22 contains 1 chunk(s)
        RenderSVGInlineText {#text} at (0,0) size 75x22
          chunk 1 text run 1 at (300.00,4220.00) startOffset 0 endOffset 11 width 75.00: "just a text"
      RenderSVGText {text} at (400,4203) size 75x22 contains 1 chunk(s)
        RenderSVGInlineText {#text} at (0,0) size 75x22
          chunk 1 text run 1 at (400.00,4220.00) startOffset 0 endOffset 11 width 75.00: "just a text"
      RenderSVGText {text} at (500,4203) size 75x22 contains 1 chunk(s)
        RenderSVGInlineText {#text} at (0,0) size 75x22
          chunk 1 text run 1 at (500.00,4220.00) startOffset 0 endOffset 11 width 75.00: "just a text"
      RenderSVGText {text} at (600,4203) size 75x22 contains 1 chunk(s)
        RenderSVGInlineText {#text} at (0,0) size 75x22
          chunk 1 text run 1 at (600.00,4220.00) startOffset 0 endOffset 11 width 75.00: "just a text"
      RenderSVGText {text} at (700,4203) size 75x22 contains 1 chunk(s)
        RenderSVGInlineText {#text} at (0,0) size 75x22
          chunk 1 text run 1 at (700.00,4220.00) startOffset 0 endOffset 11 width 75.00: "just a text"
      RenderSVGText {text} at (800,4203) size 75x22 contains 1 chunk(s)
        RenderSVGInlineText {#text} at (0,0) size 75x22
          chunk 1 text run 1 at (800.00,4220.00) startOffset 0 endOffset 11 width 75.00: "just a text"
      RenderSVGText {text} at (900,4203) size 75x22 contains 1 chunk(s)
        RenderSVGInlineText {#text} at (0,0) size 75x22
          chunk 1 text run 1 at (900.00,4220.00) startOffset 0 endOffset 11 width 75.00: "just a text"
      RenderSVGText {text} at (1000,4203) size 75x22 contains 1 chunk(s)
        RenderSVGInlineText {#text} at (0,0) size 75x22
          chunk 1 text run 1 at (1000.00,4220.00) startOffset 0 endOffset 11 width 75.00: "just a text"
      RenderSVGText {text} at (1100,4203) size 75x22 contains 1 chunk(s)
        RenderSVGInlineText {#text} at (0,0) size 75x22
          chunk 1 text run 1 at (1100.00,4220.00) startOffset 0 endOffset 11 width 75.00: "just a text"
      RenderSVGText {text} at (1200,4203) size 75x22 contains 1 chunk(s)
        RenderSVGInlineText {#text} at (0,0) size 75x22
          chunk 1 text run 1 at (1200.00,4220.00) startOffset 0 endOffset 11 width 75.00: "just a text"
      RenderSVGText {text} at (1300,4203) size 75x22 contains 1 chunk(s)
        RenderSVGInlineText {#text} at (0,0) size 75x22
          chunk 1 text run 1 at (1300.00,4220.00) startOffset 0 endOffset 11 width 75.00: "just a text"
      RenderSVGText {text} at (1400,4203) size 75x22 contains 1 chunk(s)
        RenderSVGInlineText {#text} at (0,0) size 75x22
          chunk 1 text run 1 at (1400.00,4220.00) startOffset 0 endOffset 11 width 75.00: "just a text"
      RenderSVGText {text} at (1500,4203) size 75x22 contains 1 chunk(s)
        RenderSVGInlineText {#text} at (0,0) size 75x22
          chunk 1 text run 1 at (1500.00,4220.00) startOffset 0 endOffset 11 width 75.00: "just a text"
      RenderSVGText {text} at (1600,4203) size 75x22 contains 1 chunk(s)
        RenderSVGInlineText {#text} at (0,0) size 75x22
          chunk 1 text run 1 at (1600.00,4220.00) startOffset 0 endOffset 11 width 75.00: "just a text"
      RenderSVGText {text} at (1700,4203) size 75x22 contains 1 chunk(s)
        RenderSVGInlineText {#text} at (0,0) size 75x22
          chunk 1 text run 1 at (1700.00,4220.00) startOffset 0 endOffset 11 width 75.00: "just a text"
      RenderSVGText {text} at (1800,4203) size 75x22 contains 1 chunk(s)
        RenderSVGInlineText {#text} at (0,0) size 75x22
          chunk 1 text run 1 at (1800.00,4220.00) startOffset 0 endOffset 11 width 75.00: "just a text"
      RenderSVGText {text} at (1900,4203) size 75x22 contains 1 chunk(s)
        RenderSVGInlineText {#text} at (0,0) size 75x22
          chunk 1 text run 1 at (1900.00,4220.00) startOffset 0 endOffset 11 width 75.00: "just a text"
      RenderSVGText {text} at (2000,4203) size 75x22 contains 1 chunk(s)
        RenderSVGInlineText {#text} at (0,0) size 75x22
          chunk 1 text run 1 at (2000.00,4220.00) startOffset 0 endOffset 11 width 75.00: "just a text"
      RenderSVGText {text} at (2100,4203) size 75x22 contains 1 chunk(s)
        RenderSVGInlineText {#text} at (0,0) size 75x22
          chunk 1 text run 1 at (2100.00,4220.00) startOffset 0 endOffset 11 width 75.00: "just a text"
      RenderSVGText {text} at (2200,4203) size 75x22 contains 1 chunk(s)
        RenderSVGInlineText {#text} at (0,0) size 75x22
          chunk 1 text run 1 at (2200.00,4220.00) startOffset 0 endOffset 11 width 75.00: "just a text"
      RenderSVGText {text} at (2300,4203) size 75x22 contains 1 chunk(s)
        RenderSVGInlineText {#text} at (0,0) size 75x22
          chunk 1 text run 1 at (2300.00,4220.00) startOffset 0 endOffset 11 width 75.00: "just a text"
      RenderSVGText {text} at (2400,4203) size 75x22 contains 1 chunk(s)
        RenderSVGInlineText {#text} at (0,0) size 75x22
          chunk 1 text run 1 at (2400.00,4220.00) startOffset 0 endOffset 11 width 75.00: "just a text"
      RenderSVGText {text} at (2500,4203) size 75x22 contains 1 chunk(s)
        RenderSVGInlineText {#text} at (0,0) size 75x22
          chunk 1 text run 1 at (2500.00,4220.00) startOffset 0 endOffset 11 width 75.00: "just a text"
      RenderSVGText {text} at (2600,4203) size 75x22 contains 1 chunk(s)
        RenderSVGInlineText {#text} at (0,0) size 75x22
          chunk 1 text run 1 at (2600.00,4220.00) startOffset 0 endOffset 11 width 75.00: "just a text"
      RenderSVGText {text} at (2700,4203) size 75x22 contains 1 chunk(s)
        RenderSVGInlineText {#text} at (0,0) size 75x22
          chunk 1 text run 1 at (2700.00,4220.00) startOffset 0 endOffset 11 width 75.00: "just a text"
      RenderSVGText {text} at (2800,4203) size 75x22 contains 1 chunk(s)
        RenderSVGInlineText {#text} at (0,0) size 75x22
          chunk 1 text run 1 at (2800.00,4220.00) startOffset 0 endOffset 11 width 75.00: "just a text"
      RenderSVGText {text} at (2900,4203) size 75x22 contains 1 chunk(s)
        RenderSVGInlineText {#text} at (0,0) size 75x22
          chunk 1 text run 1 at (2900.00,4220.00) startOffset 0 endOffset 11 width 75.00: "just a text"
      RenderSVGText {text} at (3000,4203) size 75x22 contains 1 chunk(s)
        RenderSVGInlineText {#text} at (0,0) size 75x22
          chunk 1 text run 1 at (3000.00,4220.00) startOffset 0 endOffset 11 width 75.00: "just a text"
      RenderSVGText {text} at (3100,4203) size 75x22 contains 1 chunk(s)
        RenderSVGInlineText {#text} at (0,0) size 75x22
          chunk 1 text run 1 at (3100.00,4220.00) startOffset 0 endOffset 11 width 75.00: "just a text"
      RenderSVGText {text} at (3200,4203) size 75x22 contains 1 chunk(s)
        RenderSVGInlineText {#text} at (0,0) size 75x22
          chunk 1 text run 1 at (3200.00,4220.00) startOffset 0 endOffset 11 width 75.00: "just a text"
      RenderSVGText {text} at (3300,4203) size 75x22 contains 1 chunk(s)
        RenderSVGInlineText {#text} at (0,0) size 75x22
          chunk 1 text run 1 at (3300.00,4220.00) startOffset 0 endOffset 11 width 75.00: "just a text"
      RenderSVGText {text} at (3400,4203) size 75x22 contains 1 chunk(s)
        RenderSVGInlineText {#text} at (0,0) size 75x22
          chunk 1 text run 1 at (3400.00,4220.00) startOffset 0 endOffset 11 width 75.00: "just a text"
      RenderSVGText {text} at (3500,4203) size 75x22 contains 1 chunk(s)
        RenderSVGInlineText {#text} at (0,0) size 75x22
          chunk 1 text run 1 at (3500.00,4220.00) startOffset 0 endOffset 11 width 75.00: "just a text"
      RenderSVGText {text} at (3600,4203) size 75x22 contains 1 chunk(s)
        RenderSVGInlineText {#text} at (0,0) size 75x22
          chunk 1 text run 1 at (3600.00,4220.00) startOffset 0 endOffset 11 width 75.00: "just a text"
      RenderSVGText {text} at (3700,4203) size 75x22 contains 1 chunk(s)
        RenderSVGInlineText {#text} at (0,0) size 75x22
          chunk 1 text run 1 at (3700.00,4220.00) startOffset 0 endOffset 11 width 75.00: "just a text"
      RenderSVGText {text} at (3800,4203) size 75x22 contains 1 chunk(s)
        RenderSVGInlineText {#text} at (0,0) size 75x22
          chunk 1 text run 1 at (3800.00,4220.00) startOffset 0 endOffset 11 width 75.00: "just a text"
      RenderSVGText {text} at (3900,4203) size 75x22 contains 1 chunk(s)
        RenderSVGInlineText {#text} at (0,0) size 75x22
          chunk 1 text run 1 at (3900.00,4220.00) startOffset 0 endOffset 11 width 75.00: "just a text"
      RenderSVGText {text} at (4000,4203) size 75x22 contains 1 chunk(s)
        RenderSVGInlineText {#text} at (0,0) size 75x22
          chunk 1 text run 1 at (4000.00,4220.00) startOffset 0 endOffset 11 width 75.00: "just a text"
      RenderSVGText {text} at (4100,4203) size 75x22 contains 1 chunk(s)
        RenderSVGInlineText {#text} at (0,0) size 75x22
          chunk 1 text run 1 at (4100.00,4220.00) startOffset 0 endOffset 11 width 75.00: "just a text"
      RenderSVGText {text} at (4200,4203) size 75x22 contains 1 chunk(s)
        RenderSVGInlineText {#text} at (0,0) size 75x22
          chunk 1 text run 1 at (4200.00,4220.00) startOffset 0 endOffset 11 width 75.00: "just a text"
      RenderSVGText {text} at (4300,4203) size 75x22 contains 1 chunk(s)
        RenderSVGInlineText {#text} at (0,0) size 75x22
          chunk 1 text run 1 at (4300.00,4220.00) startOffset 0 endOffset 11 width 75.00: "just a text"
      RenderSVGText {text} at (4400,4203) size 75x22 contains 1 chunk(s)
        RenderSVGInlineText {#text} at (0,0) size 75x22
          chunk 1 text run 1 at (4400.00,4220.00) startOffset 0 endOffset 11 width 75.00: "just a text"
      RenderSVGText {text} at (4500,4203) size 75x22 contains 1 chunk(s)
        RenderSVGInlineText {#text} at (0,0) size 75x22
          chunk 1 text run 1 at (4500.00,4220.00) startOffset 0 endOffset 11 width 75.00: "just a text"
      RenderSVGText {text} at (4600,4203) size 75x22 contains 1 chunk(s)
        RenderSVGInlineText {#text} at (0,0) size 75x22
          chunk 1 text run 1 at (4600.00,4220.00) startOffset 0 endOffset 11 width 75.00: "just a text"
      RenderSVGText {text} at (4700,4203) size 75x22 contains 1 chunk(s)
        RenderSVGInlineText {#text} at (0,0) size 75x22
          chunk 1 text run 1 at (4700.00,4220.00) startOffset 0 endOffset 11 width 75.00: "just a text"
      RenderSVGText {text} at (4800,4203) size 75x22 contains 1 chunk(s)
        RenderSVGInlineText {#text} at (0,0) size 75x22
          chunk 1 text run 1 at (4800.00,4220.00) startOffset 0 endOffset 11 width 75.00: "just a text"
      RenderSVGText {text} at (4900,4203) size 75x22 contains 1 chunk(s)
        RenderSVGInlineText {#text} at (0,0) size 75x22
          chunk 1 text run 1 at (4900.00,4220.00) startOffset 0 endOffset 11 width 75.00: "just a text"
      RenderSVGText {text} at (0,4303) size 75x22 contains 1 chunk(s)
        RenderSVGInlineText {#text} at (0,0) size 75x22
          chunk 1 text run 1 at (0.00,4320.00) startOffset 0 endOffset 11 width 75.00: "just a text"
      RenderSVGText {text} at (100,4303) size 75x22 contains 1 chunk(s)
        RenderSVGInlineText {#text} at (0,0) size 75x22
          chunk 1 text run 1 at (100.00,4320.00) startOffset 0 endOffset 11 width 75.00: "just a text"
      RenderSVGText {text} at (200,4303) size 75x22 contains 1 chunk(s)
        RenderSVGInlineText {#text} at (0,0) size 75x22
          chunk 1 text run 1 at (200.00,4320.00) startOffset 0 endOffset 11 width 75.00: "just a text"
      RenderSVGText {text} at (300,4303) size 75x22 contains 1 chunk(s)
        RenderSVGInlineText {#text} at (0,0) size 75x22
          chunk 1 text run 1 at (300.00,4320.00) startOffset 0 endOffset 11 width 75.00: "just a text"
      RenderSVGText {text} at (400,4303) size 75x22 contains 1 chunk(s)
        RenderSVGInlineText {#text} at (0,0) size 75x22
          chunk 1 text run 1 at (400.00,4320.00) startOffset 0 endOffset 11 width 75.00: "just a text"
      RenderSVGText {text} at (500,4303) size 75x22 contains 1 chunk(s)
        RenderSVGInlineText {#text} at (0,0) size 75x22
          chunk 1 text run 1 at (500.00,4320.00) startOffset 0 endOffset 11 width 75.00: "just a text"
      RenderSVGText {text} at (600,4303) size 75x22 contains 1 chunk(s)
        RenderSVGInlineText {#text} at (0,0) size 75x22
          chunk 1 text run 1 at (600.00,4320.00) startOffset 0 endOffset 11 width 75.00: "just a text"
      RenderSVGText {text} at (700,4303) size 75x22 contains 1 chunk(s)
        RenderSVGInlineText {#text} at (0,0) size 75x22
          chunk 1 text run 1 at (700.00,4320.00) startOffset 0 endOffset 11 width 75.00: "just a text"
      RenderSVGText {text} at (800,4303) size 75x22 contains 1 chunk(s)
        RenderSVGInlineText {#text} at (0,0) size 75x22
          chunk 1 text run 1 at (800.00,4320.00) startOffset 0 endOffset 11 width 75.00: "just a text"
      RenderSVGText {text} at (900,4303) size 75x22 contains 1 chunk(s)
        RenderSVGInlineText {#text} at (0,0) size 75x22
          chunk 1 text run 1 at (900.00,4320.00) startOffset 0 endOffset 11 width 75.00: "just a text"
      RenderSVGText {text} at (1000,4303) size 75x22 contains 1 chunk(s)
        RenderSVGInlineText {#text} at (0,0) size 75x22
          chunk 1 text run 1 at (1000.00,4320.00) startOffset 0 endOffset 11 width 75.00: "just a text"
      RenderSVGText {text} at (1100,4303) size 75x22 contains 1 chunk(s)
        RenderSVGInlineText {#text} at (0,0) size 75x22
          chunk 1 text run 1 at (1100.00,4320.00) startOffset 0 endOffset 11 width 75.00: "just a text"
      RenderSVGText {text} at (1200,4303) size 75x22 contains 1 chunk(s)
        RenderSVGInlineText {#text} at (0,0) size 75x22
          chunk 1 text run 1 at (1200.00,4320.00) startOffset 0 endOffset 11 width 75.00: "just a text"
      RenderSVGText {text} at (1300,4303) size 75x22 contains 1 chunk(s)
        RenderSVGInlineText {#text} at (0,0) size 75x22
          chunk 1 text run 1 at (1300.00,4320.00) startOffset 0 endOffset 11 width 75.00: "just a text"
      RenderSVGText {text} at (1400,4303) size 75x22 contains 1 chunk(s)
        RenderSVGInlineText {#text} at (0,0) size 75x22
          chunk 1 text run 1 at (1400.00,4320.00) startOffset 0 endOffset 11 width 75.00: "just a text"
      RenderSVGText {text} at (1500,4303) size 75x22 contains 1 chunk(s)
        RenderSVGInlineText {#text} at (0,0) size 75x22
          chunk 1 text run 1 at (1500.00,4320.00) startOffset 0 endOffset 11 width 75.00: "just a text"
      RenderSVGText {text} at (1600,4303) size 75x22 contains 1 chunk(s)
        RenderSVGInlineText {#text} at (0,0) size 75x22
          chunk 1 text run 1 at (1600.00,4320.00) startOffset 0 endOffset 11 width 75.00: "just a text"
      RenderSVGText {text} at (1700,4303) size 75x22 contains 1 chunk(s)
        RenderSVGInlineText {#text} at (0,0) size 75x22
          chunk 1 text run 1 at (1700.00,4320.00) startOffset 0 endOffset 11 width 75.00: "just a text"
      RenderSVGText {text} at (1800,4303) size 75x22 contains 1 chunk(s)
        RenderSVGInlineText {#text} at (0,0) size 75x22
          chunk 1 text run 1 at (1800.00,4320.00) startOffset 0 endOffset 11 width 75.00: "just a text"
      RenderSVGText {text} at (1900,4303) size 75x22 contains 1 chunk(s)
        RenderSVGInlineText {#text} at (0,0) size 75x22
          chunk 1 text run 1 at (1900.00,4320.00) startOffset 0 endOffset 11 width 75.00: "just a text"
      RenderSVGText {text} at (2000,4303) size 75x22 contains 1 chunk(s)
        RenderSVGInlineText {#text} at (0,0) size 75x22
          chunk 1 text run 1 at (2000.00,4320.00) startOffset 0 endOffset 11 width 75.00: "just a text"
      RenderSVGText {text} at (2100,4303) size 75x22 contains 1 chunk(s)
        RenderSVGInlineText {#text} at (0,0) size 75x22
          chunk 1 text run 1 at (2100.00,4320.00) startOffset 0 endOffset 11 width 75.00: "just a text"
      RenderSVGText {text} at (2200,4303) size 75x22 contains 1 chunk(s)
        RenderSVGInlineText {#text} at (0,0) size 75x22
          chunk 1 text run 1 at (2200.00,4320.00) startOffset 0 endOffset 11 width 75.00: "just a text"
      RenderSVGText {text} at (2300,4303) size 75x22 contains 1 chunk(s)
        RenderSVGInlineText {#text} at (0,0) size 75x22
          chunk 1 text run 1 at (2300.00,4320.00) startOffset 0 endOffset 11 width 75.00: "just a text"
      RenderSVGText {text} at (2400,4303) size 75x22 contains 1 chunk(s)
        RenderSVGInlineText {#text} at (0,0) size 75x22
          chunk 1 text run 1 at (2400.00,4320.00) startOffset 0 endOffset 11 width 75.00: "just a text"
      RenderSVGText {text} at (2500,4303) size 75x22 contains 1 chunk(s)
        RenderSVGInlineText {#text} at (0,0) size 75x22
          chunk 1 text run 1 at (2500.00,4320.00) startOffset 0 endOffset 11 width 75.00: "just a text"
      RenderSVGText {text} at (2600,4303) size 75x22 contains 1 chunk(s)
        RenderSVGInlineText {#text} at (0,0) size 75x22
          chunk 1 text run 1 at (2600.00,4320.00) startOffset 0 endOffset 11 width 75.00: "just a text"
      RenderSVGText {text} at (2700,4303) size 75x22 contains 1 chunk(s)
        RenderSVGInlineText {#text} at (0,0) size 75x22
          chunk 1 text run 1 at (2700.00,4320.00) startOffset 0 endOffset 11 width 75.00: "just a text"
      RenderSVGText {text} at (2800,4303) size 75x22 contains 1 chunk(s)
        RenderSVGInlineText {#text} at (0,0) size 75x22
          chunk 1 text run 1 at (2800.00,4320.00) startOffset 0 endOffset 11 width 75.00: "just a text"
      RenderSVGText {text} at (2900,4303) size 75x22 contains 1 chunk(s)
        RenderSVGInlineText {#text} at (0,0) size 75x22
          chunk 1 text run 1 at (2900.00,4320.00) startOffset 0 endOffset 11 width 75.00: "just a text"
      RenderSVGText {text} at (3000,4303) size 75x22 contains 1 chunk(s)
        RenderSVGInlineText {#text} at (0,0) size 75x22
          chunk 1 text run 1 at (3000.00,4320.00) startOffset 0 endOffset 11 width 75.00: "just a text"
      RenderSVGText {text} at (3100,4303) size 75x22 contains 1 chunk(s)
        RenderSVGInlineText {#text} at (0,0) size 75x22
          chunk 1 text run 1 at (3100.00,4320.00) startOffset 0 endOffset 11 width 75.00: "just a text"
      RenderSVGText {text} at (3200,4303) size 75x22 contains 1 chunk(s)
        RenderSVGInlineText {#text} at (0,0) size 75x22
          chunk 1 text run 1 at (3200.00,4320.00) startOffset 0 endOffset 11 width 75.00: "just a text"
      RenderSVGText {text} at (3300,4303) size 75x22 contains 1 chunk(s)
        RenderSVGInlineText {#text} at (0,0) size 75x22
          chunk 1 text run 1 at (3300.00,4320.00) startOffset 0 endOffset 11 width 75.00: "just a text"
      RenderSVGText {text} at (3400,4303) size 75x22 contains 1 chunk(s)
        RenderSVGInlineText {#text} at (0,0) size 75x22
          chunk 1 text run 1 at (3400.00,4320.00) startOffset 0 endOffset 11 width 75.00: "just a text"
      RenderSVGText {text} at (3500,4303) size 75x22 contains 1 chunk(s)
        RenderSVGInlineText {#text} at (0,0) size 75x22
          chunk 1 text run 1 at (3500.00,4320.00) startOffset 0 endOffset 11 width 75.00: "just a text"
      RenderSVGText {text} at (3600,4303) size 75x22 contains 1 chunk(s)
        RenderSVGInlineText {#text} at (0,0) size 75x22
          chunk 1 text run 1 at (3600.00,4320.00) startOffset 0 endOffset 11 width 75.00: "just a text"
      RenderSVGText {text} at (3700,4303) size 75x22 contains 1 chunk(s)
        RenderSVGInlineText {#text} at (0,0) size 75x22
          chunk 1 text run 1 at (3700.00,4320.00) startOffset 0 endOffset 11 width 75.00: "just a text"
      RenderSVGText {text} at (3800,4303) size 75x22 contains 1 chunk(s)
        RenderSVGInlineText {#text} at (0,0) size 75x22
          chunk 1 text run 1 at (3800.00,4320.00) startOffset 0 endOffset 11 width 75.00: "just a text"
      RenderSVGText {text} at (3900,4303) size 75x22 contains 1 chunk(s)
        RenderSVGInlineText {#text} at (0,0) size 75x22
          chunk 1 text run 1 at (3900.00,4320.00) startOffset 0 endOffset 11 width 75.00: "just a text"
      RenderSVGText {text} at (4000,4303) size 75x22 contains 1 chunk(s)
        RenderSVGInlineText {#text} at (0,0) size 75x22
          chunk 1 text run 1 at (4000.00,4320.00) startOffset 0 endOffset 11 width 75.00: "just a text"
      RenderSVGText {text} at (4100,4303) size 75x22 contains 1 chunk(s)
        RenderSVGInlineText {#text} at (0,0) size 75x22
          chunk 1 text run 1 at (4100.00,4320.00) startOffset 0 endOffset 11 width 75.00: "just a text"
      RenderSVGText {text} at (4200,4303) size 75x22 contains 1 chunk(s)
        RenderSVGInlineText {#text} at (0,0) size 75x22
          chunk 1 text run 1 at (4200.00,4320.00) startOffset 0 endOffset 11 width 75.00: "just a text"
      RenderSVGText {text} at (4300,4303) size 75x22 contains 1 chunk(s)
        RenderSVGInlineText {#text} at (0,0) size 75x22
          chunk 1 text run 1 at (4300.00,4320.00) startOffset 0 endOffset 11 width 75.00: "just a text"
      RenderSVGText {text} at (4400,4303) size 75x22 contains 1 chunk(s)
        RenderSVGInlineText {#text} at (0,0) size 75x22
          chunk 1 text run 1 at (4400.00,4320.00) startOffset 0 endOffset 11 width 75.00: "just a text"
      RenderSVGText {text} at (4500,4303) size 75x22 contains 1 chunk(s)
        RenderSVGInlineText {#text} at (0,0) size 75x22
          chunk 1 text run 1 at (4500.00,4320.00) startOffset 0 endOffset 11 width 75.00: "just a text"
      RenderSVGText {text} at (4600,4303) size 75x22 contains 1 chunk(s)
        RenderSVGInlineText {#text} at (0,0) size 75x22
          chunk 1 text run 1 at (4600.00,4320.00) startOffset 0 endOffset 11 width 75.00: "just a text"
      RenderSVGText {text} at (4700,4303) size 75x22 contains 1 chunk(s)
        RenderSVGInlineText {#text} at (0,0) size 75x22
          chunk 1 text run 1 at (4700.00,4320.00) startOffset 0 endOffset 11 width 75.00: "just a text"
      RenderSVGText {text} at (4800,4303) size 75x22 contains 1 chunk(s)
        RenderSVGInlineText {#text} at (0,0) size 75x22
          chunk 1 text run 1 at (4800.00,4320.00) startOffset 0 endOffset 11 width 75.00: "just a text"
      RenderSVGText {text} at (4900,4303) size 75x22 contains 1 chunk(s)
        RenderSVGInlineText {#text} at (0,0) size 75x22
          chunk 1 text run 1 at (4900.00,4320.00) startOffset 0 endOffset 11 width 75.00: "just a text"
      RenderSVGText {text} at (0,4403) size 75x22 contains 1 chunk(s)
        RenderSVGInlineText {#text} at (0,0) size 75x22
          chunk 1 text run 1 at (0.00,4420.00) startOffset 0 endOffset 11 width 75.00: "just a text"
      RenderSVGText {text} at (100,4403) size 75x22 contains 1 chunk(s)
        RenderSVGInlineText {#text} at (0,0) size 75x22
          chunk 1 text run 1 at (100.00,4420.00) startOffset 0 endOffset 11 width 75.00: "just a text"
      RenderSVGText {text} at (200,4403) size 75x22 contains 1 chunk(s)
        RenderSVGInlineText {#text} at (0,0) size 75x22
          chunk 1 text run 1 at (200.00,4420.00) startOffset 0 endOffset 11 width 75.00: "just a text"
      RenderSVGText {text} at (300,4403) size 75x22 contains 1 chunk(s)
        RenderSVGInlineText {#text} at (0,0) size 75x22
          chunk 1 text run 1 at (300.00,4420.00) startOffset 0 endOffset 11 width 75.00: "just a text"
      RenderSVGText {text} at (400,4403) size 75x22 contains 1 chunk(s)
        RenderSVGInlineText {#text} at (0,0) size 75x22
          chunk 1 text run 1 at (400.00,4420.00) startOffset 0 endOffset 11 width 75.00: "just a text"
      RenderSVGText {text} at (500,4403) size 75x22 contains 1 chunk(s)
        RenderSVGInlineText {#text} at (0,0) size 75x22
          chunk 1 text run 1 at (500.00,4420.00) startOffset 0 endOffset 11 width 75.00: "just a text"
      RenderSVGText {text} at (600,4403) size 75x22 contains 1 chunk(s)
        RenderSVGInlineText {#text} at (0,0) size 75x22
          chunk 1 text run 1 at (600.00,4420.00) startOffset 0 endOffset 11 width 75.00: "just a text"
      RenderSVGText {text} at (700,4403) size 75x22 contains 1 chunk(s)
        RenderSVGInlineText {#text} at (0,0) size 75x22
          chunk 1 text run 1 at (700.00,4420.00) startOffset 0 endOffset 11 width 75.00: "just a text"
      RenderSVGText {text} at (800,4403) size 75x22 contains 1 chunk(s)
        RenderSVGInlineText {#text} at (0,0) size 75x22
          chunk 1 text run 1 at (800.00,4420.00) startOffset 0 endOffset 11 width 75.00: "just a text"
      RenderSVGText {text} at (900,4403) size 75x22 contains 1 chunk(s)
        RenderSVGInlineText {#text} at (0,0) size 75x22
          chunk 1 text run 1 at (900.00,4420.00) startOffset 0 endOffset 11 width 75.00: "just a text"
      RenderSVGText {text} at (1000,4403) size 75x22 contains 1 chunk(s)
        RenderSVGInlineText {#text} at (0,0) size 75x22
          chunk 1 text run 1 at (1000.00,4420.00) startOffset 0 endOffset 11 width 75.00: "just a text"
      RenderSVGText {text} at (1100,4403) size 75x22 contains 1 chunk(s)
        RenderSVGInlineText {#text} at (0,0) size 75x22
          chunk 1 text run 1 at (1100.00,4420.00) startOffset 0 endOffset 11 width 75.00: "just a text"
      RenderSVGText {text} at (1200,4403) size 75x22 contains 1 chunk(s)
        RenderSVGInlineText {#text} at (0,0) size 75x22
          chunk 1 text run 1 at (1200.00,4420.00) startOffset 0 endOffset 11 width 75.00: "just a text"
      RenderSVGText {text} at (1300,4403) size 75x22 contains 1 chunk(s)
        RenderSVGInlineText {#text} at (0,0) size 75x22
          chunk 1 text run 1 at (1300.00,4420.00) startOffset 0 endOffset 11 width 75.00: "just a text"
      RenderSVGText {text} at (1400,4403) size 75x22 contains 1 chunk(s)
        RenderSVGInlineText {#text} at (0,0) size 75x22
          chunk 1 text run 1 at (1400.00,4420.00) startOffset 0 endOffset 11 width 75.00: "just a text"
      RenderSVGText {text} at (1500,4403) size 75x22 contains 1 chunk(s)
        RenderSVGInlineText {#text} at (0,0) size 75x22
          chunk 1 text run 1 at (1500.00,4420.00) startOffset 0 endOffset 11 width 75.00: "just a text"
      RenderSVGText {text} at (1600,4403) size 75x22 contains 1 chunk(s)
        RenderSVGInlineText {#text} at (0,0) size 75x22
          chunk 1 text run 1 at (1600.00,4420.00) startOffset 0 endOffset 11 width 75.00: "just a text"
      RenderSVGText {text} at (1700,4403) size 75x22 contains 1 chunk(s)
        RenderSVGInlineText {#text} at (0,0) size 75x22
          chunk 1 text run 1 at (1700.00,4420.00) startOffset 0 endOffset 11 width 75.00: "just a text"
      RenderSVGText {text} at (1800,4403) size 75x22 contains 1 chunk(s)
        RenderSVGInlineText {#text} at (0,0) size 75x22
          chunk 1 text run 1 at (1800.00,4420.00) startOffset 0 endOffset 11 width 75.00: "just a text"
      RenderSVGText {text} at (1900,4403) size 75x22 contains 1 chunk(s)
        RenderSVGInlineText {#text} at (0,0) size 75x22
          chunk 1 text run 1 at (1900.00,4420.00) startOffset 0 endOffset 11 width 75.00: "just a text"
      RenderSVGText {text} at (2000,4403) size 75x22 contains 1 chunk(s)
        RenderSVGInlineText {#text} at (0,0) size 75x22
          chunk 1 text run 1 at (2000.00,4420.00) startOffset 0 endOffset 11 width 75.00: "just a text"
      RenderSVGText {text} at (2100,4403) size 75x22 contains 1 chunk(s)
        RenderSVGInlineText {#text} at (0,0) size 75x22
          chunk 1 text run 1 at (2100.00,4420.00) startOffset 0 endOffset 11 width 75.00: "just a text"
      RenderSVGText {text} at (2200,4403) size 75x22 contains 1 chunk(s)
        RenderSVGInlineText {#text} at (0,0) size 75x22
          chunk 1 text run 1 at (2200.00,4420.00) startOffset 0 endOffset 11 width 75.00: "just a text"
      RenderSVGText {text} at (2300,4403) size 75x22 contains 1 chunk(s)
        RenderSVGInlineText {#text} at (0,0) size 75x22
          chunk 1 text run 1 at (2300.00,4420.00) startOffset 0 endOffset 11 width 75.00: "just a text"
      RenderSVGText {text} at (2400,4403) size 75x22 contains 1 chunk(s)
        RenderSVGInlineText {#text} at (0,0) size 75x22
          chunk 1 text run 1 at (2400.00,4420.00) startOffset 0 endOffset 11 width 75.00: "just a text"
      RenderSVGText {text} at (2500,4403) size 75x22 contains 1 chunk(s)
        RenderSVGInlineText {#text} at (0,0) size 75x22
          chunk 1 text run 1 at (2500.00,4420.00) startOffset 0 endOffset 11 width 75.00: "just a text"
      RenderSVGText {text} at (2600,4403) size 75x22 contains 1 chunk(s)
        RenderSVGInlineText {#text} at (0,0) size 75x22
          chunk 1 text run 1 at (2600.00,4420.00) startOffset 0 endOffset 11 width 75.00: "just a text"
      RenderSVGText {text} at (2700,4403) size 75x22 contains 1 chunk(s)
        RenderSVGInlineText {#text} at (0,0) size 75x22
          chunk 1 text run 1 at (2700.00,4420.00) startOffset 0 endOffset 11 width 75.00: "just a text"
      RenderSVGText {text} at (2800,4403) size 75x22 contains 1 chunk(s)
        RenderSVGInlineText {#text} at (0,0) size 75x22
          chunk 1 text run 1 at (2800.00,4420.00) startOffset 0 endOffset 11 width 75.00: "just a text"
      RenderSVGText {text} at (2900,4403) size 75x22 contains 1 chunk(s)
        RenderSVGInlineText {#text} at (0,0) size 75x22
          chunk 1 text run 1 at (2900.00,4420.00) startOffset 0 endOffset 11 width 75.00: "just a text"
      RenderSVGText {text} at (3000,4403) size 75x22 contains 1 chunk(s)
        RenderSVGInlineText {#text} at (0,0) size 75x22
          chunk 1 text run 1 at (3000.00,4420.00) startOffset 0 endOffset 11 width 75.00: "just a text"
      RenderSVGText {text} at (3100,4403) size 75x22 contains 1 chunk(s)
        RenderSVGInlineText {#text} at (0,0) size 75x22
          chunk 1 text run 1 at (3100.00,4420.00) startOffset 0 endOffset 11 width 75.00: "just a text"
      RenderSVGText {text} at (3200,4403) size 75x22 contains 1 chunk(s)
        RenderSVGInlineText {#text} at (0,0) size 75x22
          chunk 1 text run 1 at (3200.00,4420.00) startOffset 0 endOffset 11 width 75.00: "just a text"
      RenderSVGText {text} at (3300,4403) size 75x22 contains 1 chunk(s)
        RenderSVGInlineText {#text} at (0,0) size 75x22
          chunk 1 text run 1 at (3300.00,4420.00) startOffset 0 endOffset 11 width 75.00: "just a text"
      RenderSVGText {text} at (3400,4403) size 75x22 contains 1 chunk(s)
        RenderSVGInlineText {#text} at (0,0) size 75x22
          chunk 1 text run 1 at (3400.00,4420.00) startOffset 0 endOffset 11 width 75.00: "just a text"
      RenderSVGText {text} at (3500,4403) size 75x22 contains 1 chunk(s)
        RenderSVGInlineText {#text} at (0,0) size 75x22
          chunk 1 text run 1 at (3500.00,4420.00) startOffset 0 endOffset 11 width 75.00: "just a text"
      RenderSVGText {text} at (3600,4403) size 75x22 contains 1 chunk(s)
        RenderSVGInlineText {#text} at (0,0) size 75x22
          chunk 1 text run 1 at (3600.00,4420.00) startOffset 0 endOffset 11 width 75.00: "just a text"
      RenderSVGText {text} at (3700,4403) size 75x22 contains 1 chunk(s)
        RenderSVGInlineText {#text} at (0,0) size 75x22
          chunk 1 text run 1 at (3700.00,4420.00) startOffset 0 endOffset 11 width 75.00: "just a text"
      RenderSVGText {text} at (3800,4403) size 75x22 contains 1 chunk(s)
        RenderSVGInlineText {#text} at (0,0) size 75x22
          chunk 1 text run 1 at (3800.00,4420.00) startOffset 0 endOffset 11 width 75.00: "just a text"
      RenderSVGText {text} at (3900,4403) size 75x22 contains 1 chunk(s)
        RenderSVGInlineText {#text} at (0,0) size 75x22
          chunk 1 text run 1 at (3900.00,4420.00) startOffset 0 endOffset 11 width 75.00: "just a text"
      RenderSVGText {text} at (4000,4403) size 75x22 contains 1 chunk(s)
        RenderSVGInlineText {#text} at (0,0) size 75x22
          chunk 1 text run 1 at (4000.00,4420.00) startOffset 0 endOffset 11 width 75.00: "just a text"
      RenderSVGText {text} at (4100,4403) size 75x22 contains 1 chunk(s)
        RenderSVGInlineText {#text} at (0,0) size 75x22
          chunk 1 text run 1 at (4100.00,4420.00) startOffset 0 endOffset 11 width 75.00: "just a text"
      RenderSVGText {text} at (4200,4403) size 75x22 contains 1 chunk(s)
        RenderSVGInlineText {#text} at (0,0) size 75x22
          chunk 1 text run 1 at (4200.00,4420.00) startOffset 0 endOffset 11 width 75.00: "just a text"
      RenderSVGText {text} at (4300,4403) size 75x22 contains 1 chunk(s)
        RenderSVGInlineText {#text} at (0,0) size 75x22
          chunk 1 text run 1 at (4300.00,4420.00) startOffset 0 endOffset 11 width 75.00: "just a text"
      RenderSVGText {text} at (4400,4403) size 75x22 contains 1 chunk(s)
        RenderSVGInlineText {#text} at (0,0) size 75x22
          chunk 1 text run 1 at (4400.00,4420.00) startOffset 0 endOffset 11 width 75.00: "just a text"
      RenderSVGText {text} at (4500,4403) size 75x22 contains 1 chunk(s)
        RenderSVGInlineText {#text} at (0,0) size 75x22
          chunk 1 text run 1 at (4500.00,4420.00) startOffset 0 endOffset 11 width 75.00: "just a text"
      RenderSVGText {text} at (4600,4403) size 75x22 contains 1 chunk(s)
        RenderSVGInlineText {#text} at (0,0) size 75x22
          chunk 1 text run 1 at (4600.00,4420.00) startOffset 0 endOffset 11 width 75.00: "just a text"
      RenderSVGText {text} at (4700,4403) size 75x22 contains 1 chunk(s)
        RenderSVGInlineText {#text} at (0,0) size 75x22
          chunk 1 text run 1 at (4700.00,4420.00) startOffset 0 endOffset 11 width 75.00: "just a text"
      RenderSVGText {text} at (4800,4403) size 75x22 contains 1 chunk(s)
        RenderSVGInlineText {#text} at (0,0) size 75x22
          chunk 1 text run 1 at (4800.00,4420.00) startOffset 0 endOffset 11 width 75.00: "just a text"
      RenderSVGText {text} at (4900,4403) size 75x22 contains 1 chunk(s)
        RenderSVGInlineText {#text} at (0,0) size 75x22
          chunk 1 text run 1 at (4900.00,4420.00) startOffset 0 endOffset 11 width 75.00: "just a text"
      RenderSVGText {text} at (0,4503) size 75x22 contains 1 chunk(s)
        RenderSVGInlineText {#text} at (0,0) size 75x22
          chunk 1 text run 1 at (0.00,4520.00) startOffset 0 endOffset 11 width 75.00: "just a text"
      RenderSVGText {text} at (100,4503) size 75x22 contains 1 chunk(s)
        RenderSVGInlineText {#text} at (0,0) size 75x22
          chunk 1 text run 1 at (100.00,4520.00) startOffset 0 endOffset 11 width 75.00: "just a text"
      RenderSVGText {text} at (200,4503) size 75x22 contains 1 chunk(s)
        RenderSVGInlineText {#text} at (0,0) size 75x22
          chunk 1 text run 1 at (200.00,4520.00) startOffset 0 endOffset 11 width 75.00: "just a text"
      RenderSVGText {text} at (300,4503) size 75x22 contains 1 chunk(s)
        RenderSVGInlineText {#text} at (0,0) size 75x22
          chunk 1 text run 1 at (300.00,4520.00) startOffset 0 endOffset 11 width 75.00: "just a text"
      RenderSVGText {text} at (400,4503) size 75x22 contains 1 chunk(s)
        RenderSVGInlineText {#text} at (0,0) size 75x22
          chunk 1 text run 1 at (400.00,4520.00) startOffset 0 endOffset 11 width 75.00: "just a text"
      RenderSVGText {text} at (500,4503) size 75x22 contains 1 chunk(s)
        RenderSVGInlineText {#text} at (0,0) size 75x22
          chunk 1 text run 1 at (500.00,4520.00) startOffset 0 endOffset 11 width 75.00: "just a text"
      RenderSVGText {text} at (600,4503) size 75x22 contains 1 chunk(s)
        RenderSVGInlineText {#text} at (0,0) size 75x22
          chunk 1 text run 1 at (600.00,4520.00) startOffset 0 endOffset 11 width 75.00: "just a text"
      RenderSVGText {text} at (700,4503) size 75x22 contains 1 chunk(s)
        RenderSVGInlineText {#text} at (0,0) size 75x22
          chunk 1 text run 1 at (700.00,4520.00) startOffset 0 endOffset 11 width 75.00: "just a text"
      RenderSVGText {text} at (800,4503) size 75x22 contains 1 chunk(s)
        RenderSVGInlineText {#text} at (0,0) size 75x22
          chunk 1 text run 1 at (800.00,4520.00) startOffset 0 endOffset 11 width 75.00: "just a text"
      RenderSVGText {text} at (900,4503) size 75x22 contains 1 chunk(s)
        RenderSVGInlineText {#text} at (0,0) size 75x22
          chunk 1 text run 1 at (900.00,4520.00) startOffset 0 endOffset 11 width 75.00: "just a text"
      RenderSVGText {text} at (1000,4503) size 75x22 contains 1 chunk(s)
        RenderSVGInlineText {#text} at (0,0) size 75x22
          chunk 1 text run 1 at (1000.00,4520.00) startOffset 0 endOffset 11 width 75.00: "just a text"
      RenderSVGText {text} at (1100,4503) size 75x22 contains 1 chunk(s)
        RenderSVGInlineText {#text} at (0,0) size 75x22
          chunk 1 text run 1 at (1100.00,4520.00) startOffset 0 endOffset 11 width 75.00: "just a text"
      RenderSVGText {text} at (1200,4503) size 75x22 contains 1 chunk(s)
        RenderSVGInlineText {#text} at (0,0) size 75x22
          chunk 1 text run 1 at (1200.00,4520.00) startOffset 0 endOffset 11 width 75.00: "just a text"
      RenderSVGText {text} at (1300,4503) size 75x22 contains 1 chunk(s)
        RenderSVGInlineText {#text} at (0,0) size 75x22
          chunk 1 text run 1 at (1300.00,4520.00) startOffset 0 endOffset 11 width 75.00: "just a text"
      RenderSVGText {text} at (1400,4503) size 75x22 contains 1 chunk(s)
        RenderSVGInlineText {#text} at (0,0) size 75x22
          chunk 1 text run 1 at (1400.00,4520.00) startOffset 0 endOffset 11 width 75.00: "just a text"
      RenderSVGText {text} at (1500,4503) size 75x22 contains 1 chunk(s)
        RenderSVGInlineText {#text} at (0,0) size 75x22
          chunk 1 text run 1 at (1500.00,4520.00) startOffset 0 endOffset 11 width 75.00: "just a text"
      RenderSVGText {text} at (1600,4503) size 75x22 contains 1 chunk(s)
        RenderSVGInlineText {#text} at (0,0) size 75x22
          chunk 1 text run 1 at (1600.00,4520.00) startOffset 0 endOffset 11 width 75.00: "just a text"
      RenderSVGText {text} at (1700,4503) size 75x22 contains 1 chunk(s)
        RenderSVGInlineText {#text} at (0,0) size 75x22
          chunk 1 text run 1 at (1700.00,4520.00) startOffset 0 endOffset 11 width 75.00: "just a text"
      RenderSVGText {text} at (1800,4503) size 75x22 contains 1 chunk(s)
        RenderSVGInlineText {#text} at (0,0) size 75x22
          chunk 1 text run 1 at (1800.00,4520.00) startOffset 0 endOffset 11 width 75.00: "just a text"
      RenderSVGText {text} at (1900,4503) size 75x22 contains 1 chunk(s)
        RenderSVGInlineText {#text} at (0,0) size 75x22
          chunk 1 text run 1 at (1900.00,4520.00) startOffset 0 endOffset 11 width 75.00: "just a text"
      RenderSVGText {text} at (2000,4503) size 75x22 contains 1 chunk(s)
        RenderSVGInlineText {#text} at (0,0) size 75x22
          chunk 1 text run 1 at (2000.00,4520.00) startOffset 0 endOffset 11 width 75.00: "just a text"
      RenderSVGText {text} at (2100,4503) size 75x22 contains 1 chunk(s)
        RenderSVGInlineText {#text} at (0,0) size 75x22
          chunk 1 text run 1 at (2100.00,4520.00) startOffset 0 endOffset 11 width 75.00: "just a text"
      RenderSVGText {text} at (2200,4503) size 75x22 contains 1 chunk(s)
        RenderSVGInlineText {#text} at (0,0) size 75x22
          chunk 1 text run 1 at (2200.00,4520.00) startOffset 0 endOffset 11 width 75.00: "just a text"
      RenderSVGText {text} at (2300,4503) size 75x22 contains 1 chunk(s)
        RenderSVGInlineText {#text} at (0,0) size 75x22
          chunk 1 text run 1 at (2300.00,4520.00) startOffset 0 endOffset 11 width 75.00: "just a text"
      RenderSVGText {text} at (2400,4503) size 75x22 contains 1 chunk(s)
        RenderSVGInlineText {#text} at (0,0) size 75x22
          chunk 1 text run 1 at (2400.00,4520.00) startOffset 0 endOffset 11 width 75.00: "just a text"
      RenderSVGText {text} at (2500,4503) size 75x22 contains 1 chunk(s)
        RenderSVGInlineText {#text} at (0,0) size 75x22
          chunk 1 text run 1 at (2500.00,4520.00) startOffset 0 endOffset 11 width 75.00: "just a text"
      RenderSVGText {text} at (2600,4503) size 75x22 contains 1 chunk(s)
        RenderSVGInlineText {#text} at (0,0) size 75x22
          chunk 1 text run 1 at (2600.00,4520.00) startOffset 0 endOffset 11 width 75.00: "just a text"
      RenderSVGText {text} at (2700,4503) size 75x22 contains 1 chunk(s)
        RenderSVGInlineText {#text} at (0,0) size 75x22
          chunk 1 text run 1 at (2700.00,4520.00) startOffset 0 endOffset 11 width 75.00: "just a text"
      RenderSVGText {text} at (2800,4503) size 75x22 contains 1 chunk(s)
        RenderSVGInlineText {#text} at (0,0) size 75x22
          chunk 1 text run 1 at (2800.00,4520.00) startOffset 0 endOffset 11 width 75.00: "just a text"
      RenderSVGText {text} at (2900,4503) size 75x22 contains 1 chunk(s)
        RenderSVGInlineText {#text} at (0,0) size 75x22
          chunk 1 text run 1 at (2900.00,4520.00) startOffset 0 endOffset 11 width 75.00: "just a text"
      RenderSVGText {text} at (3000,4503) size 75x22 contains 1 chunk(s)
        RenderSVGInlineText {#text} at (0,0) size 75x22
          chunk 1 text run 1 at (3000.00,4520.00) startOffset 0 endOffset 11 width 75.00: "just a text"
      RenderSVGText {text} at (3100,4503) size 75x22 contains 1 chunk(s)
        RenderSVGInlineText {#text} at (0,0) size 75x22
          chunk 1 text run 1 at (3100.00,4520.00) startOffset 0 endOffset 11 width 75.00: "just a text"
      RenderSVGText {text} at (3200,4503) size 75x22 contains 1 chunk(s)
        RenderSVGInlineText {#text} at (0,0) size 75x22
          chunk 1 text run 1 at (3200.00,4520.00) startOffset 0 endOffset 11 width 75.00: "just a text"
      RenderSVGText {text} at (3300,4503) size 75x22 contains 1 chunk(s)
        RenderSVGInlineText {#text} at (0,0) size 75x22
          chunk 1 text run 1 at (3300.00,4520.00) startOffset 0 endOffset 11 width 75.00: "just a text"
      RenderSVGText {text} at (3400,4503) size 75x22 contains 1 chunk(s)
        RenderSVGInlineText {#text} at (0,0) size 75x22
          chunk 1 text run 1 at (3400.00,4520.00) startOffset 0 endOffset 11 width 75.00: "just a text"
      RenderSVGText {text} at (3500,4503) size 75x22 contains 1 chunk(s)
        RenderSVGInlineText {#text} at (0,0) size 75x22
          chunk 1 text run 1 at (3500.00,4520.00) startOffset 0 endOffset 11 width 75.00: "just a text"
      RenderSVGText {text} at (3600,4503) size 75x22 contains 1 chunk(s)
        RenderSVGInlineText {#text} at (0,0) size 75x22
          chunk 1 text run 1 at (3600.00,4520.00) startOffset 0 endOffset 11 width 75.00: "just a text"
      RenderSVGText {text} at (3700,4503) size 75x22 contains 1 chunk(s)
        RenderSVGInlineText {#text} at (0,0) size 75x22
          chunk 1 text run 1 at (3700.00,4520.00) startOffset 0 endOffset 11 width 75.00: "just a text"
      RenderSVGText {text} at (3800,4503) size 75x22 contains 1 chunk(s)
        RenderSVGInlineText {#text} at (0,0) size 75x22
          chunk 1 text run 1 at (3800.00,4520.00) startOffset 0 endOffset 11 width 75.00: "just a text"
      RenderSVGText {text} at (3900,4503) size 75x22 contains 1 chunk(s)
        RenderSVGInlineText {#text} at (0,0) size 75x22
          chunk 1 text run 1 at (3900.00,4520.00) startOffset 0 endOffset 11 width 75.00: "just a text"
      RenderSVGText {text} at (4000,4503) size 75x22 contains 1 chunk(s)
        RenderSVGInlineText {#text} at (0,0) size 75x22
          chunk 1 text run 1 at (4000.00,4520.00) startOffset 0 endOffset 11 width 75.00: "just a text"
      RenderSVGText {text} at (4100,4503) size 75x22 contains 1 chunk(s)
        RenderSVGInlineText {#text} at (0,0) size 75x22
          chunk 1 text run 1 at (4100.00,4520.00) startOffset 0 endOffset 11 width 75.00: "just a text"
      RenderSVGText {text} at (4200,4503) size 75x22 contains 1 chunk(s)
        RenderSVGInlineText {#text} at (0,0) size 75x22
          chunk 1 text run 1 at (4200.00,4520.00) startOffset 0 endOffset 11 width 75.00: "just a text"
      RenderSVGText {text} at (4300,4503) size 75x22 contains 1 chunk(s)
        RenderSVGInlineText {#text} at (0,0) size 75x22
          chunk 1 text run 1 at (4300.00,4520.00) startOffset 0 endOffset 11 width 75.00: "just a text"
      RenderSVGText {text} at (4400,4503) size 75x22 contains 1 chunk(s)
        RenderSVGInlineText {#text} at (0,0) size 75x22
          chunk 1 text run 1 at (4400.00,4520.00) startOffset 0 endOffset 11 width 75.00: "just a text"
      RenderSVGText {text} at (4500,4503) size 75x22 contains 1 chunk(s)
        RenderSVGInlineText {#text} at (0,0) size 75x22
          chunk 1 text run 1 at (4500.00,4520.00) startOffset 0 endOffset 11 width 75.00: "just a text"
      RenderSVGText {text} at (4600,4503) size 75x22 contains 1 chunk(s)
        RenderSVGInlineText {#text} at (0,0) size 75x22
          chunk 1 text run 1 at (4600.00,4520.00) startOffset 0 endOffset 11 width 75.00: "just a text"
      RenderSVGText {text} at (4700,4503) size 75x22 contains 1 chunk(s)
        RenderSVGInlineText {#text} at (0,0) size 75x22
          chunk 1 text run 1 at (4700.00,4520.00) startOffset 0 endOffset 11 width 75.00: "just a text"
      RenderSVGText {text} at (4800,4503) size 75x22 contains 1 chunk(s)
        RenderSVGInlineText {#text} at (0,0) size 75x22
          chunk 1 text run 1 at (4800.00,4520.00) startOffset 0 endOffset 11 width 75.00: "just a text"
      RenderSVGText {text} at (4900,4503) size 75x22 contains 1 chunk(s)
        RenderSVGInlineText {#text} at (0,0) size 75x22
          chunk 1 text run 1 at (4900.00,4520.00) startOffset 0 endOffset 11 width 75.00: "just a text"
      RenderSVGText {text} at (0,4603) size 75x22 contains 1 chunk(s)
        RenderSVGInlineText {#text} at (0,0) size 75x22
          chunk 1 text run 1 at (0.00,4620.00) startOffset 0 endOffset 11 width 75.00: "just a text"
      RenderSVGText {text} at (100,4603) size 75x22 contains 1 chunk(s)
        RenderSVGInlineText {#text} at (0,0) size 75x22
          chunk 1 text run 1 at (100.00,4620.00) startOffset 0 endOffset 11 width 75.00: "just a text"
      RenderSVGText {text} at (200,4603) size 75x22 contains 1 chunk(s)
        RenderSVGInlineText {#text} at (0,0) size 75x22
          chunk 1 text run 1 at (200.00,4620.00) startOffset 0 endOffset 11 width 75.00: "just a text"
      RenderSVGText {text} at (300,4603) size 75x22 contains 1 chunk(s)
        RenderSVGInlineText {#text} at (0,0) size 75x22
          chunk 1 text run 1 at (300.00,4620.00) startOffset 0 endOffset 11 width 75.00: "just a text"
      RenderSVGText {text} at (400,4603) size 75x22 contains 1 chunk(s)
        RenderSVGInlineText {#text} at (0,0) size 75x22
          chunk 1 text run 1 at (400.00,4620.00) startOffset 0 endOffset 11 width 75.00: "just a text"
      RenderSVGText {text} at (500,4603) size 75x22 contains 1 chunk(s)
        RenderSVGInlineText {#text} at (0,0) size 75x22
          chunk 1 text run 1 at (500.00,4620.00) startOffset 0 endOffset 11 width 75.00: "just a text"
      RenderSVGText {text} at (600,4603) size 75x22 contains 1 chunk(s)
        RenderSVGInlineText {#text} at (0,0) size 75x22
          chunk 1 text run 1 at (600.00,4620.00) startOffset 0 endOffset 11 width 75.00: "just a text"
      RenderSVGText {text} at (700,4603) size 75x22 contains 1 chunk(s)
        RenderSVGInlineText {#text} at (0,0) size 75x22
          chunk 1 text run 1 at (700.00,4620.00) startOffset 0 endOffset 11 width 75.00: "just a text"
      RenderSVGText {text} at (800,4603) size 75x22 contains 1 chunk(s)
        RenderSVGInlineText {#text} at (0,0) size 75x22
          chunk 1 text run 1 at (800.00,4620.00) startOffset 0 endOffset 11 width 75.00: "just a text"
      RenderSVGText {text} at (900,4603) size 75x22 contains 1 chunk(s)
        RenderSVGInlineText {#text} at (0,0) size 75x22
          chunk 1 text run 1 at (900.00,4620.00) startOffset 0 endOffset 11 width 75.00: "just a text"
      RenderSVGText {text} at (1000,4603) size 75x22 contains 1 chunk(s)
        RenderSVGInlineText {#text} at (0,0) size 75x22
          chunk 1 text run 1 at (1000.00,4620.00) startOffset 0 endOffset 11 width 75.00: "just a text"
      RenderSVGText {text} at (1100,4603) size 75x22 contains 1 chunk(s)
        RenderSVGInlineText {#text} at (0,0) size 75x22
          chunk 1 text run 1 at (1100.00,4620.00) startOffset 0 endOffset 11 width 75.00: "just a text"
      RenderSVGText {text} at (1200,4603) size 75x22 contains 1 chunk(s)
        RenderSVGInlineText {#text} at (0,0) size 75x22
          chunk 1 text run 1 at (1200.00,4620.00) startOffset 0 endOffset 11 width 75.00: "just a text"
      RenderSVGText {text} at (1300,4603) size 75x22 contains 1 chunk(s)
        RenderSVGInlineText {#text} at (0,0) size 75x22
          chunk 1 text run 1 at (1300.00,4620.00) startOffset 0 endOffset 11 width 75.00: "just a text"
      RenderSVGText {text} at (1400,4603) size 75x22 contains 1 chunk(s)
        RenderSVGInlineText {#text} at (0,0) size 75x22
          chunk 1 text run 1 at (1400.00,4620.00) startOffset 0 endOffset 11 width 75.00: "just a text"
      RenderSVGText {text} at (1500,4603) size 75x22 contains 1 chunk(s)
        RenderSVGInlineText {#text} at (0,0) size 75x22
          chunk 1 text run 1 at (1500.00,4620.00) startOffset 0 endOffset 11 width 75.00: "just a text"
      RenderSVGText {text} at (1600,4603) size 75x22 contains 1 chunk(s)
        RenderSVGInlineText {#text} at (0,0) size 75x22
          chunk 1 text run 1 at (1600.00,4620.00) startOffset 0 endOffset 11 width 75.00: "just a text"
      RenderSVGText {text} at (1700,4603) size 75x22 contains 1 chunk(s)
        RenderSVGInlineText {#text} at (0,0) size 75x22
          chunk 1 text run 1 at (1700.00,4620.00) startOffset 0 endOffset 11 width 75.00: "just a text"
      RenderSVGText {text} at (1800,4603) size 75x22 contains 1 chunk(s)
        RenderSVGInlineText {#text} at (0,0) size 75x22
          chunk 1 text run 1 at (1800.00,4620.00) startOffset 0 endOffset 11 width 75.00: "just a text"
      RenderSVGText {text} at (1900,4603) size 75x22 contains 1 chunk(s)
        RenderSVGInlineText {#text} at (0,0) size 75x22
          chunk 1 text run 1 at (1900.00,4620.00) startOffset 0 endOffset 11 width 75.00: "just a text"
      RenderSVGText {text} at (2000,4603) size 75x22 contains 1 chunk(s)
        RenderSVGInlineText {#text} at (0,0) size 75x22
          chunk 1 text run 1 at (2000.00,4620.00) startOffset 0 endOffset 11 width 75.00: "just a text"
      RenderSVGText {text} at (2100,4603) size 75x22 contains 1 chunk(s)
        RenderSVGInlineText {#text} at (0,0) size 75x22
          chunk 1 text run 1 at (2100.00,4620.00) startOffset 0 endOffset 11 width 75.00: "just a text"
      RenderSVGText {text} at (2200,4603) size 75x22 contains 1 chunk(s)
        RenderSVGInlineText {#text} at (0,0) size 75x22
          chunk 1 text run 1 at (2200.00,4620.00) startOffset 0 endOffset 11 width 75.00: "just a text"
      RenderSVGText {text} at (2300,4603) size 75x22 contains 1 chunk(s)
        RenderSVGInlineText {#text} at (0,0) size 75x22
          chunk 1 text run 1 at (2300.00,4620.00) startOffset 0 endOffset 11 width 75.00: "just a text"
      RenderSVGText {text} at (2400,4603) size 75x22 contains 1 chunk(s)
        RenderSVGInlineText {#text} at (0,0) size 75x22
          chunk 1 text run 1 at (2400.00,4620.00) startOffset 0 endOffset 11 width 75.00: "just a text"
      RenderSVGText {text} at (2500,4603) size 75x22 contains 1 chunk(s)
        RenderSVGInlineText {#text} at (0,0) size 75x22
          chunk 1 text run 1 at (2500.00,4620.00) startOffset 0 endOffset 11 width 75.00: "just a text"
      RenderSVGText {text} at (2600,4603) size 75x22 contains 1 chunk(s)
        RenderSVGInlineText {#text} at (0,0) size 75x22
          chunk 1 text run 1 at (2600.00,4620.00) startOffset 0 endOffset 11 width 75.00: "just a text"
      RenderSVGText {text} at (2700,4603) size 75x22 contains 1 chunk(s)
        RenderSVGInlineText {#text} at (0,0) size 75x22
          chunk 1 text run 1 at (2700.00,4620.00) startOffset 0 endOffset 11 width 75.00: "just a text"
      RenderSVGText {text} at (2800,4603) size 75x22 contains 1 chunk(s)
        RenderSVGInlineText {#text} at (0,0) size 75x22
          chunk 1 text run 1 at (2800.00,4620.00) startOffset 0 endOffset 11 width 75.00: "just a text"
      RenderSVGText {text} at (2900,4603) size 75x22 contains 1 chunk(s)
        RenderSVGInlineText {#text} at (0,0) size 75x22
          chunk 1 text run 1 at (2900.00,4620.00) startOffset 0 endOffset 11 width 75.00: "just a text"
      RenderSVGText {text} at (3000,4603) size 75x22 contains 1 chunk(s)
        RenderSVGInlineText {#text} at (0,0) size 75x22
          chunk 1 text run 1 at (3000.00,4620.00) startOffset 0 endOffset 11 width 75.00: "just a text"
      RenderSVGText {text} at (3100,4603) size 75x22 contains 1 chunk(s)
        RenderSVGInlineText {#text} at (0,0) size 75x22
          chunk 1 text run 1 at (3100.00,4620.00) startOffset 0 endOffset 11 width 75.00: "just a text"
      RenderSVGText {text} at (3200,4603) size 75x22 contains 1 chunk(s)
        RenderSVGInlineText {#text} at (0,0) size 75x22
          chunk 1 text run 1 at (3200.00,4620.00) startOffset 0 endOffset 11 width 75.00: "just a text"
      RenderSVGText {text} at (3300,4603) size 75x22 contains 1 chunk(s)
        RenderSVGInlineText {#text} at (0,0) size 75x22
          chunk 1 text run 1 at (3300.00,4620.00) startOffset 0 endOffset 11 width 75.00: "just a text"
      RenderSVGText {text} at (3400,4603) size 75x22 contains 1 chunk(s)
        RenderSVGInlineText {#text} at (0,0) size 75x22
          chunk 1 text run 1 at (3400.00,4620.00) startOffset 0 endOffset 11 width 75.00: "just a text"
      RenderSVGText {text} at (3500,4603) size 75x22 contains 1 chunk(s)
        RenderSVGInlineText {#text} at (0,0) size 75x22
          chunk 1 text run 1 at (3500.00,4620.00) startOffset 0 endOffset 11 width 75.00: "just a text"
      RenderSVGText {text} at (3600,4603) size 75x22 contains 1 chunk(s)
        RenderSVGInlineText {#text} at (0,0) size 75x22
          chunk 1 text run 1 at (3600.00,4620.00) startOffset 0 endOffset 11 width 75.00: "just a text"
      RenderSVGText {text} at (3700,4603) size 75x22 contains 1 chunk(s)
        RenderSVGInlineText {#text} at (0,0) size 75x22
          chunk 1 text run 1 at (3700.00,4620.00) startOffset 0 endOffset 11 width 75.00: "just a text"
      RenderSVGText {text} at (3800,4603) size 75x22 contains 1 chunk(s)
        RenderSVGInlineText {#text} at (0,0) size 75x22
          chunk 1 text run 1 at (3800.00,4620.00) startOffset 0 endOffset 11 width 75.00: "just a text"
      RenderSVGText {text} at (3900,4603) size 75x22 contains 1 chunk(s)
        RenderSVGInlineText {#text} at (0,0) size 75x22
          chunk 1 text run 1 at (3900.00,4620.00) startOffset 0 endOffset 11 width 75.00: "just a text"
      RenderSVGText {text} at (4000,4603) size 75x22 contains 1 chunk(s)
        RenderSVGInlineText {#text} at (0,0) size 75x22
          chunk 1 text run 1 at (4000.00,4620.00) startOffset 0 endOffset 11 width 75.00: "just a text"
      RenderSVGText {text} at (4100,4603) size 75x22 contains 1 chunk(s)
        RenderSVGInlineText {#text} at (0,0) size 75x22
          chunk 1 text run 1 at (4100.00,4620.00) startOffset 0 endOffset 11 width 75.00: "just a text"
      RenderSVGText {text} at (4200,4603) size 75x22 contains 1 chunk(s)
        RenderSVGInlineText {#text} at (0,0) size 75x22
          chunk 1 text run 1 at (4200.00,4620.00) startOffset 0 endOffset 11 width 75.00: "just a text"
      RenderSVGText {text} at (4300,4603) size 75x22 contains 1 chunk(s)
        RenderSVGInlineText {#text} at (0,0) size 75x22
          chunk 1 text run 1 at (4300.00,4620.00) startOffset 0 endOffset 11 width 75.00: "just a text"
      RenderSVGText {text} at (4400,4603) size 75x22 contains 1 chunk(s)
        RenderSVGInlineText {#text} at (0,0) size 75x22
          chunk 1 text run 1 at (4400.00,4620.00) startOffset 0 endOffset 11 width 75.00: "just a text"
      RenderSVGText {text} at (4500,4603) size 75x22 contains 1 chunk(s)
        RenderSVGInlineText {#text} at (0,0) size 75x22
          chunk 1 text run 1 at (4500.00,4620.00) startOffset 0 endOffset 11 width 75.00: "just a text"
      RenderSVGText {text} at (4600,4603) size 75x22 contains 1 chunk(s)
        RenderSVGInlineText {#text} at (0,0) size 75x22
          chunk 1 text run 1 at (4600.00,4620.00) startOffset 0 endOffset 11 width 75.00: "just a text"
      RenderSVGText {text} at (4700,4603) size 75x22 contains 1 chunk(s)
        RenderSVGInlineText {#text} at (0,0) size 75x22
          chunk 1 text run 1 at (4700.00,4620.00) startOffset 0 endOffset 11 width 75.00: "just a text"
      RenderSVGText {text} at (4800,4603) size 75x22 contains 1 chunk(s)
        RenderSVGInlineText {#text} at (0,0) size 75x22
          chunk 1 text run 1 at (4800.00,4620.00) startOffset 0 endOffset 11 width 75.00: "just a text"
      RenderSVGText {text} at (4900,4603) size 75x22 contains 1 chunk(s)
        RenderSVGInlineText {#text} at (0,0) size 75x22
          chunk 1 text run 1 at (4900.00,4620.00) startOffset 0 endOffset 11 width 75.00: "just a text"
      RenderSVGText {text} at (0,4703) size 75x22 contains 1 chunk(s)
        RenderSVGInlineText {#text} at (0,0) size 75x22
          chunk 1 text run 1 at (0.00,4720.00) startOffset 0 endOffset 11 width 75.00: "just a text"
      RenderSVGText {text} at (100,4703) size 75x22 contains 1 chunk(s)
        RenderSVGInlineText {#text} at (0,0) size 75x22
          chunk 1 text run 1 at (100.00,4720.00) startOffset 0 endOffset 11 width 75.00: "just a text"
      RenderSVGText {text} at (200,4703) size 75x22 contains 1 chunk(s)
        RenderSVGInlineText {#text} at (0,0) size 75x22
          chunk 1 text run 1 at (200.00,4720.00) startOffset 0 endOffset 11 width 75.00: "just a text"
      RenderSVGText {text} at (300,4703) size 75x22 contains 1 chunk(s)
        RenderSVGInlineText {#text} at (0,0) size 75x22
          chunk 1 text run 1 at (300.00,4720.00) startOffset 0 endOffset 11 width 75.00: "just a text"
      RenderSVGText {text} at (400,4703) size 75x22 contains 1 chunk(s)
        RenderSVGInlineText {#text} at (0,0) size 75x22
          chunk 1 text run 1 at (400.00,4720.00) startOffset 0 endOffset 11 width 75.00: "just a text"
      RenderSVGText {text} at (500,4703) size 75x22 contains 1 chunk(s)
        RenderSVGInlineText {#text} at (0,0) size 75x22
          chunk 1 text run 1 at (500.00,4720.00) startOffset 0 endOffset 11 width 75.00: "just a text"
      RenderSVGText {text} at (600,4703) size 75x22 contains 1 chunk(s)
        RenderSVGInlineText {#text} at (0,0) size 75x22
          chunk 1 text run 1 at (600.00,4720.00) startOffset 0 endOffset 11 width 75.00: "just a text"
      RenderSVGText {text} at (700,4703) size 75x22 contains 1 chunk(s)
        RenderSVGInlineText {#text} at (0,0) size 75x22
          chunk 1 text run 1 at (700.00,4720.00) startOffset 0 endOffset 11 width 75.00: "just a text"
      RenderSVGText {text} at (800,4703) size 75x22 contains 1 chunk(s)
        RenderSVGInlineText {#text} at (0,0) size 75x22
          chunk 1 text run 1 at (800.00,4720.00) startOffset 0 endOffset 11 width 75.00: "just a text"
      RenderSVGText {text} at (900,4703) size 75x22 contains 1 chunk(s)
        RenderSVGInlineText {#text} at (0,0) size 75x22
          chunk 1 text run 1 at (900.00,4720.00) startOffset 0 endOffset 11 width 75.00: "just a text"
      RenderSVGText {text} at (1000,4703) size 75x22 contains 1 chunk(s)
        RenderSVGInlineText {#text} at (0,0) size 75x22
          chunk 1 text run 1 at (1000.00,4720.00) startOffset 0 endOffset 11 width 75.00: "just a text"
      RenderSVGText {text} at (1100,4703) size 75x22 contains 1 chunk(s)
        RenderSVGInlineText {#text} at (0,0) size 75x22
          chunk 1 text run 1 at (1100.00,4720.00) startOffset 0 endOffset 11 width 75.00: "just a text"
      RenderSVGText {text} at (1200,4703) size 75x22 contains 1 chunk(s)
        RenderSVGInlineText {#text} at (0,0) size 75x22
          chunk 1 text run 1 at (1200.00,4720.00) startOffset 0 endOffset 11 width 75.00: "just a text"
      RenderSVGText {text} at (1300,4703) size 75x22 contains 1 chunk(s)
        RenderSVGInlineText {#text} at (0,0) size 75x22
          chunk 1 text run 1 at (1300.00,4720.00) startOffset 0 endOffset 11 width 75.00: "just a text"
      RenderSVGText {text} at (1400,4703) size 75x22 contains 1 chunk(s)
        RenderSVGInlineText {#text} at (0,0) size 75x22
          chunk 1 text run 1 at (1400.00,4720.00) startOffset 0 endOffset 11 width 75.00: "just a text"
      RenderSVGText {text} at (1500,4703) size 75x22 contains 1 chunk(s)
        RenderSVGInlineText {#text} at (0,0) size 75x22
          chunk 1 text run 1 at (1500.00,4720.00) startOffset 0 endOffset 11 width 75.00: "just a text"
      RenderSVGText {text} at (1600,4703) size 75x22 contains 1 chunk(s)
        RenderSVGInlineText {#text} at (0,0) size 75x22
          chunk 1 text run 1 at (1600.00,4720.00) startOffset 0 endOffset 11 width 75.00: "just a text"
      RenderSVGText {text} at (1700,4703) size 75x22 contains 1 chunk(s)
        RenderSVGInlineText {#text} at (0,0) size 75x22
          chunk 1 text run 1 at (1700.00,4720.00) startOffset 0 endOffset 11 width 75.00: "just a text"
      RenderSVGText {text} at (1800,4703) size 75x22 contains 1 chunk(s)
        RenderSVGInlineText {#text} at (0,0) size 75x22
          chunk 1 text run 1 at (1800.00,4720.00) startOffset 0 endOffset 11 width 75.00: "just a text"
      RenderSVGText {text} at (1900,4703) size 75x22 contains 1 chunk(s)
        RenderSVGInlineText {#text} at (0,0) size 75x22
          chunk 1 text run 1 at (1900.00,4720.00) startOffset 0 endOffset 11 width 75.00: "just a text"
      RenderSVGText {text} at (2000,4703) size 75x22 contains 1 chunk(s)
        RenderSVGInlineText {#text} at (0,0) size 75x22
          chunk 1 text run 1 at (2000.00,4720.00) startOffset 0 endOffset 11 width 75.00: "just a text"
      RenderSVGText {text} at (2100,4703) size 75x22 contains 1 chunk(s)
        RenderSVGInlineText {#text} at (0,0) size 75x22
          chunk 1 text run 1 at (2100.00,4720.00) startOffset 0 endOffset 11 width 75.00: "just a text"
      RenderSVGText {text} at (2200,4703) size 75x22 contains 1 chunk(s)
        RenderSVGInlineText {#text} at (0,0) size 75x22
          chunk 1 text run 1 at (2200.00,4720.00) startOffset 0 endOffset 11 width 75.00: "just a text"
      RenderSVGText {text} at (2300,4703) size 75x22 contains 1 chunk(s)
        RenderSVGInlineText {#text} at (0,0) size 75x22
          chunk 1 text run 1 at (2300.00,4720.00) startOffset 0 endOffset 11 width 75.00: "just a text"
      RenderSVGText {text} at (2400,4703) size 75x22 contains 1 chunk(s)
        RenderSVGInlineText {#text} at (0,0) size 75x22
          chunk 1 text run 1 at (2400.00,4720.00) startOffset 0 endOffset 11 width 75.00: "just a text"
      RenderSVGText {text} at (2500,4703) size 75x22 contains 1 chunk(s)
        RenderSVGInlineText {#text} at (0,0) size 75x22
          chunk 1 text run 1 at (2500.00,4720.00) startOffset 0 endOffset 11 width 75.00: "just a text"
      RenderSVGText {text} at (2600,4703) size 75x22 contains 1 chunk(s)
        RenderSVGInlineText {#text} at (0,0) size 75x22
          chunk 1 text run 1 at (2600.00,4720.00) startOffset 0 endOffset 11 width 75.00: "just a text"
      RenderSVGText {text} at (2700,4703) size 75x22 contains 1 chunk(s)
        RenderSVGInlineText {#text} at (0,0) size 75x22
          chunk 1 text run 1 at (2700.00,4720.00) startOffset 0 endOffset 11 width 75.00: "just a text"
      RenderSVGText {text} at (2800,4703) size 75x22 contains 1 chunk(s)
        RenderSVGInlineText {#text} at (0,0) size 75x22
          chunk 1 text run 1 at (2800.00,4720.00) startOffset 0 endOffset 11 width 75.00: "just a text"
      RenderSVGText {text} at (2900,4703) size 75x22 contains 1 chunk(s)
        RenderSVGInlineText {#text} at (0,0) size 75x22
          chunk 1 text run 1 at (2900.00,4720.00) startOffset 0 endOffset 11 width 75.00: "just a text"
      RenderSVGText {text} at (3000,4703) size 75x22 contains 1 chunk(s)
        RenderSVGInlineText {#text} at (0,0) size 75x22
          chunk 1 text run 1 at (3000.00,4720.00) startOffset 0 endOffset 11 width 75.00: "just a text"
      RenderSVGText {text} at (3100,4703) size 75x22 contains 1 chunk(s)
        RenderSVGInlineText {#text} at (0,0) size 75x22
          chunk 1 text run 1 at (3100.00,4720.00) startOffset 0 endOffset 11 width 75.00: "just a text"
      RenderSVGText {text} at (3200,4703) size 75x22 contains 1 chunk(s)
        RenderSVGInlineText {#text} at (0,0) size 75x22
          chunk 1 text run 1 at (3200.00,4720.00) startOffset 0 endOffset 11 width 75.00: "just a text"
      RenderSVGText {text} at (3300,4703) size 75x22 contains 1 chunk(s)
        RenderSVGInlineText {#text} at (0,0) size 75x22
          chunk 1 text run 1 at (3300.00,4720.00) startOffset 0 endOffset 11 width 75.00: "just a text"
      RenderSVGText {text} at (3400,4703) size 75x22 contains 1 chunk(s)
        RenderSVGInlineText {#text} at (0,0) size 75x22
          chunk 1 text run 1 at (3400.00,4720.00) startOffset 0 endOffset 11 width 75.00: "just a text"
      RenderSVGText {text} at (3500,4703) size 75x22 contains 1 chunk(s)
        RenderSVGInlineText {#text} at (0,0) size 75x22
          chunk 1 text run 1 at (3500.00,4720.00) startOffset 0 endOffset 11 width 75.00: "just a text"
      RenderSVGText {text} at (3600,4703) size 75x22 contains 1 chunk(s)
        RenderSVGInlineText {#text} at (0,0) size 75x22
          chunk 1 text run 1 at (3600.00,4720.00) startOffset 0 endOffset 11 width 75.00: "just a text"
      RenderSVGText {text} at (3700,4703) size 75x22 contains 1 chunk(s)
        RenderSVGInlineText {#text} at (0,0) size 75x22
          chunk 1 text run 1 at (3700.00,4720.00) startOffset 0 endOffset 11 width 75.00: "just a text"
      RenderSVGText {text} at (3800,4703) size 75x22 contains 1 chunk(s)
        RenderSVGInlineText {#text} at (0,0) size 75x22
          chunk 1 text run 1 at (3800.00,4720.00) startOffset 0 endOffset 11 width 75.00: "just a text"
      RenderSVGText {text} at (3900,4703) size 75x22 contains 1 chunk(s)
        RenderSVGInlineText {#text} at (0,0) size 75x22
          chunk 1 text run 1 at (3900.00,4720.00) startOffset 0 endOffset 11 width 75.00: "just a text"
      RenderSVGText {text} at (4000,4703) size 75x22 contains 1 chunk(s)
        RenderSVGInlineText {#text} at (0,0) size 75x22
          chunk 1 text run 1 at (4000.00,4720.00) startOffset 0 endOffset 11 width 75.00: "just a text"
      RenderSVGText {text} at (4100,4703) size 75x22 contains 1 chunk(s)
        RenderSVGInlineText {#text} at (0,0) size 75x22
          chunk 1 text run 1 at (4100.00,4720.00) startOffset 0 endOffset 11 width 75.00: "just a text"
      RenderSVGText {text} at (4200,4703) size 75x22 contains 1 chunk(s)
        RenderSVGInlineText {#text} at (0,0) size 75x22
          chunk 1 text run 1 at (4200.00,4720.00) startOffset 0 endOffset 11 width 75.00: "just a text"
      RenderSVGText {text} at (4300,4703) size 75x22 contains 1 chunk(s)
        RenderSVGInlineText {#text} at (0,0) size 75x22
          chunk 1 text run 1 at (4300.00,4720.00) startOffset 0 endOffset 11 width 75.00: "just a text"
      RenderSVGText {text} at (4400,4703) size 75x22 contains 1 chunk(s)
        RenderSVGInlineText {#text} at (0,0) size 75x22
          chunk 1 text run 1 at (4400.00,4720.00) startOffset 0 endOffset 11 width 75.00: "just a text"
      RenderSVGText {text} at (4500,4703) size 75x22 contains 1 chunk(s)
        RenderSVGInlineText {#text} at (0,0) size 75x22
          chunk 1 text run 1 at (4500.00,4720.00) startOffset 0 endOffset 11 width 75.00: "just a text"
      RenderSVGText {text} at (4600,4703) size 75x22 contains 1 chunk(s)
        RenderSVGInlineText {#text} at (0,0) size 75x22
          chunk 1 text run 1 at (4600.00,4720.00) startOffset 0 endOffset 11 width 75.00: "just a text"
      RenderSVGText {text} at (4700,4703) size 75x22 contains 1 chunk(s)
        RenderSVGInlineText {#text} at (0,0) size 75x22
          chunk 1 text run 1 at (4700.00,4720.00) startOffset 0 endOffset 11 width 75.00: "just a text"
      RenderSVGText {text} at (4800,4703) size 75x22 contains 1 chunk(s)
        RenderSVGInlineText {#text} at (0,0) size 75x22
          chunk 1 text run 1 at (4800.00,4720.00) startOffset 0 endOffset 11 width 75.00: "just a text"
      RenderSVGText {text} at (4900,4703) size 75x22 contains 1 chunk(s)
        RenderSVGInlineText {#text} at (0,0) size 75x22
          chunk 1 text run 1 at (4900.00,4720.00) startOffset 0 endOffset 11 width 75.00: "just a text"
      RenderSVGText {text} at (0,4803) size 75x22 contains 1 chunk(s)
        RenderSVGInlineText {#text} at (0,0) size 75x22
          chunk 1 text run 1 at (0.00,4820.00) startOffset 0 endOffset 11 width 75.00: "just a text"
      RenderSVGText {text} at (100,4803) size 75x22 contains 1 chunk(s)
        RenderSVGInlineText {#text} at (0,0) size 75x22
          chunk 1 text run 1 at (100.00,4820.00) startOffset 0 endOffset 11 width 75.00: "just a text"
      RenderSVGText {text} at (200,4803) size 75x22 contains 1 chunk(s)
        RenderSVGInlineText {#text} at (0,0) size 75x22
          chunk 1 text run 1 at (200.00,4820.00) startOffset 0 endOffset 11 width 75.00: "just a text"
      RenderSVGText {text} at (300,4803) size 75x22 contains 1 chunk(s)
        RenderSVGInlineText {#text} at (0,0) size 75x22
          chunk 1 text run 1 at (300.00,4820.00) startOffset 0 endOffset 11 width 75.00: "just a text"
      RenderSVGText {text} at (400,4803) size 75x22 contains 1 chunk(s)
        RenderSVGInlineText {#text} at (0,0) size 75x22
          chunk 1 text run 1 at (400.00,4820.00) startOffset 0 endOffset 11 width 75.00: "just a text"
      RenderSVGText {text} at (500,4803) size 75x22 contains 1 chunk(s)
        RenderSVGInlineText {#text} at (0,0) size 75x22
          chunk 1 text run 1 at (500.00,4820.00) startOffset 0 endOffset 11 width 75.00: "just a text"
      RenderSVGText {text} at (600,4803) size 75x22 contains 1 chunk(s)
        RenderSVGInlineText {#text} at (0,0) size 75x22
          chunk 1 text run 1 at (600.00,4820.00) startOffset 0 endOffset 11 width 75.00: "just a text"
      RenderSVGText {text} at (700,4803) size 75x22 contains 1 chunk(s)
        RenderSVGInlineText {#text} at (0,0) size 75x22
          chunk 1 text run 1 at (700.00,4820.00) startOffset 0 endOffset 11 width 75.00: "just a text"
      RenderSVGText {text} at (800,4803) size 75x22 contains 1 chunk(s)
        RenderSVGInlineText {#text} at (0,0) size 75x22
          chunk 1 text run 1 at (800.00,4820.00) startOffset 0 endOffset 11 width 75.00: "just a text"
      RenderSVGText {text} at (900,4803) size 75x22 contains 1 chunk(s)
        RenderSVGInlineText {#text} at (0,0) size 75x22
          chunk 1 text run 1 at (900.00,4820.00) startOffset 0 endOffset 11 width 75.00: "just a text"
      RenderSVGText {text} at (1000,4803) size 75x22 contains 1 chunk(s)
        RenderSVGInlineText {#text} at (0,0) size 75x22
          chunk 1 text run 1 at (1000.00,4820.00) startOffset 0 endOffset 11 width 75.00: "just a text"
      RenderSVGText {text} at (1100,4803) size 75x22 contains 1 chunk(s)
        RenderSVGInlineText {#text} at (0,0) size 75x22
          chunk 1 text run 1 at (1100.00,4820.00) startOffset 0 endOffset 11 width 75.00: "just a text"
      RenderSVGText {text} at (1200,4803) size 75x22 contains 1 chunk(s)
        RenderSVGInlineText {#text} at (0,0) size 75x22
          chunk 1 text run 1 at (1200.00,4820.00) startOffset 0 endOffset 11 width 75.00: "just a text"
      RenderSVGText {text} at (1300,4803) size 75x22 contains 1 chunk(s)
        RenderSVGInlineText {#text} at (0,0) size 75x22
          chunk 1 text run 1 at (1300.00,4820.00) startOffset 0 endOffset 11 width 75.00: "just a text"
      RenderSVGText {text} at (1400,4803) size 75x22 contains 1 chunk(s)
        RenderSVGInlineText {#text} at (0,0) size 75x22
          chunk 1 text run 1 at (1400.00,4820.00) startOffset 0 endOffset 11 width 75.00: "just a text"
      RenderSVGText {text} at (1500,4803) size 75x22 contains 1 chunk(s)
        RenderSVGInlineText {#text} at (0,0) size 75x22
          chunk 1 text run 1 at (1500.00,4820.00) startOffset 0 endOffset 11 width 75.00: "just a text"
      RenderSVGText {text} at (1600,4803) size 75x22 contains 1 chunk(s)
        RenderSVGInlineText {#text} at (0,0) size 75x22
          chunk 1 text run 1 at (1600.00,4820.00) startOffset 0 endOffset 11 width 75.00: "just a text"
      RenderSVGText {text} at (1700,4803) size 75x22 contains 1 chunk(s)
        RenderSVGInlineText {#text} at (0,0) size 75x22
          chunk 1 text run 1 at (1700.00,4820.00) startOffset 0 endOffset 11 width 75.00: "just a text"
      RenderSVGText {text} at (1800,4803) size 75x22 contains 1 chunk(s)
        RenderSVGInlineText {#text} at (0,0) size 75x22
          chunk 1 text run 1 at (1800.00,4820.00) startOffset 0 endOffset 11 width 75.00: "just a text"
      RenderSVGText {text} at (1900,4803) size 75x22 contains 1 chunk(s)
        RenderSVGInlineText {#text} at (0,0) size 75x22
          chunk 1 text run 1 at (1900.00,4820.00) startOffset 0 endOffset 11 width 75.00: "just a text"
      RenderSVGText {text} at (2000,4803) size 75x22 contains 1 chunk(s)
        RenderSVGInlineText {#text} at (0,0) size 75x22
          chunk 1 text run 1 at (2000.00,4820.00) startOffset 0 endOffset 11 width 75.00: "just a text"
      RenderSVGText {text} at (2100,4803) size 75x22 contains 1 chunk(s)
        RenderSVGInlineText {#text} at (0,0) size 75x22
          chunk 1 text run 1 at (2100.00,4820.00) startOffset 0 endOffset 11 width 75.00: "just a text"
      RenderSVGText {text} at (2200,4803) size 75x22 contains 1 chunk(s)
        RenderSVGInlineText {#text} at (0,0) size 75x22
          chunk 1 text run 1 at (2200.00,4820.00) startOffset 0 endOffset 11 width 75.00: "just a text"
      RenderSVGText {text} at (2300,4803) size 75x22 contains 1 chunk(s)
        RenderSVGInlineText {#text} at (0,0) size 75x22
          chunk 1 text run 1 at (2300.00,4820.00) startOffset 0 endOffset 11 width 75.00: "just a text"
      RenderSVGText {text} at (2400,4803) size 75x22 contains 1 chunk(s)
        RenderSVGInlineText {#text} at (0,0) size 75x22
          chunk 1 text run 1 at (2400.00,4820.00) startOffset 0 endOffset 11 width 75.00: "just a text"
      RenderSVGText {text} at (2500,4803) size 75x22 contains 1 chunk(s)
        RenderSVGInlineText {#text} at (0,0) size 75x22
          chunk 1 text run 1 at (2500.00,4820.00) startOffset 0 endOffset 11 width 75.00: "just a text"
      RenderSVGText {text} at (2600,4803) size 75x22 contains 1 chunk(s)
        RenderSVGInlineText {#text} at (0,0) size 75x22
          chunk 1 text run 1 at (2600.00,4820.00) startOffset 0 endOffset 11 width 75.00: "just a text"
      RenderSVGText {text} at (2700,4803) size 75x22 contains 1 chunk(s)
        RenderSVGInlineText {#text} at (0,0) size 75x22
          chunk 1 text run 1 at (2700.00,4820.00) startOffset 0 endOffset 11 width 75.00: "just a text"
      RenderSVGText {text} at (2800,4803) size 75x22 contains 1 chunk(s)
        RenderSVGInlineText {#text} at (0,0) size 75x22
          chunk 1 text run 1 at (2800.00,4820.00) startOffset 0 endOffset 11 width 75.00: "just a text"
      RenderSVGText {text} at (2900,4803) size 75x22 contains 1 chunk(s)
        RenderSVGInlineText {#text} at (0,0) size 75x22
          chunk 1 text run 1 at (2900.00,4820.00) startOffset 0 endOffset 11 width 75.00: "just a text"
      RenderSVGText {text} at (3000,4803) size 75x22 contains 1 chunk(s)
        RenderSVGInlineText {#text} at (0,0) size 75x22
          chunk 1 text run 1 at (3000.00,4820.00) startOffset 0 endOffset 11 width 75.00: "just a text"
      RenderSVGText {text} at (3100,4803) size 75x22 contains 1 chunk(s)
        RenderSVGInlineText {#text} at (0,0) size 75x22
          chunk 1 text run 1 at (3100.00,4820.00) startOffset 0 endOffset 11 width 75.00: "just a text"
      RenderSVGText {text} at (3200,4803) size 75x22 contains 1 chunk(s)
        RenderSVGInlineText {#text} at (0,0) size 75x22
          chunk 1 text run 1 at (3200.00,4820.00) startOffset 0 endOffset 11 width 75.00: "just a text"
      RenderSVGText {text} at (3300,4803) size 75x22 contains 1 chunk(s)
        RenderSVGInlineText {#text} at (0,0) size 75x22
          chunk 1 text run 1 at (3300.00,4820.00) startOffset 0 endOffset 11 width 75.00: "just a text"
      RenderSVGText {text} at (3400,4803) size 75x22 contains 1 chunk(s)
        RenderSVGInlineText {#text} at (0,0) size 75x22
          chunk 1 text run 1 at (3400.00,4820.00) startOffset 0 endOffset 11 width 75.00: "just a text"
      RenderSVGText {text} at (3500,4803) size 75x22 contains 1 chunk(s)
        RenderSVGInlineText {#text} at (0,0) size 75x22
          chunk 1 text run 1 at (3500.00,4820.00) startOffset 0 endOffset 11 width 75.00: "just a text"
      RenderSVGText {text} at (3600,4803) size 75x22 contains 1 chunk(s)
        RenderSVGInlineText {#text} at (0,0) size 75x22
          chunk 1 text run 1 at (3600.00,4820.00) startOffset 0 endOffset 11 width 75.00: "just a text"
      RenderSVGText {text} at (3700,4803) size 75x22 contains 1 chunk(s)
        RenderSVGInlineText {#text} at (0,0) size 75x22
          chunk 1 text run 1 at (3700.00,4820.00) startOffset 0 endOffset 11 width 75.00: "just a text"
      RenderSVGText {text} at (3800,4803) size 75x22 contains 1 chunk(s)
        RenderSVGInlineText {#text} at (0,0) size 75x22
          chunk 1 text run 1 at (3800.00,4820.00) startOffset 0 endOffset 11 width 75.00: "just a text"
      RenderSVGText {text} at (3900,4803) size 75x22 contains 1 chunk(s)
        RenderSVGInlineText {#text} at (0,0) size 75x22
          chunk 1 text run 1 at (3900.00,4820.00) startOffset 0 endOffset 11 width 75.00: "just a text"
      RenderSVGText {text} at (4000,4803) size 75x22 contains 1 chunk(s)
        RenderSVGInlineText {#text} at (0,0) size 75x22
          chunk 1 text run 1 at (4000.00,4820.00) startOffset 0 endOffset 11 width 75.00: "just a text"
      RenderSVGText {text} at (4100,4803) size 75x22 contains 1 chunk(s)
        RenderSVGInlineText {#text} at (0,0) size 75x22
          chunk 1 text run 1 at (4100.00,4820.00) startOffset 0 endOffset 11 width 75.00: "just a text"
      RenderSVGText {text} at (4200,4803) size 75x22 contains 1 chunk(s)
        RenderSVGInlineText {#text} at (0,0) size 75x22
          chunk 1 text run 1 at (4200.00,4820.00) startOffset 0 endOffset 11 width 75.00: "just a text"
      RenderSVGText {text} at (4300,4803) size 75x22 contains 1 chunk(s)
        RenderSVGInlineText {#text} at (0,0) size 75x22
          chunk 1 text run 1 at (4300.00,4820.00) startOffset 0 endOffset 11 width 75.00: "just a text"
      RenderSVGText {text} at (4400,4803) size 75x22 contains 1 chunk(s)
        RenderSVGInlineText {#text} at (0,0) size 75x22
          chunk 1 text run 1 at (4400.00,4820.00) startOffset 0 endOffset 11 width 75.00: "just a text"
      RenderSVGText {text} at (4500,4803) size 75x22 contains 1 chunk(s)
        RenderSVGInlineText {#text} at (0,0) size 75x22
          chunk 1 text run 1 at (4500.00,4820.00) startOffset 0 endOffset 11 width 75.00: "just a text"
      RenderSVGText {text} at (4600,4803) size 75x22 contains 1 chunk(s)
        RenderSVGInlineText {#text} at (0,0) size 75x22
          chunk 1 text run 1 at (4600.00,4820.00) startOffset 0 endOffset 11 width 75.00: "just a text"
      RenderSVGText {text} at (4700,4803) size 75x22 contains 1 chunk(s)
        RenderSVGInlineText {#text} at (0,0) size 75x22
          chunk 1 text run 1 at (4700.00,4820.00) startOffset 0 endOffset 11 width 75.00: "just a text"
      RenderSVGText {text} at (4800,4803) size 75x22 contains 1 chunk(s)
        RenderSVGInlineText {#text} at (0,0) size 75x22
          chunk 1 text run 1 at (4800.00,4820.00) startOffset 0 endOffset 11 width 75.00: "just a text"
      RenderSVGText {text} at (4900,4803) size 75x22 contains 1 chunk(s)
        RenderSVGInlineText {#text} at (0,0) size 75x22
          chunk 1 text run 1 at (4900.00,4820.00) startOffset 0 endOffset 11 width 75.00: "just a text"
      RenderSVGText {text} at (0,4903) size 75x22 contains 1 chunk(s)
        RenderSVGInlineText {#text} at (0,0) size 75x22
          chunk 1 text run 1 at (0.00,4920.00) startOffset 0 endOffset 11 width 75.00: "just a text"
      RenderSVGText {text} at (100,4903) size 75x22 contains 1 chunk(s)
        RenderSVGInlineText {#text} at (0,0) size 75x22
          chunk 1 text run 1 at (100.00,4920.00) startOffset 0 endOffset 11 width 75.00: "just a text"
      RenderSVGText {text} at (200,4903) size 75x22 contains 1 chunk(s)
        RenderSVGInlineText {#text} at (0,0) size 75x22
          chunk 1 text run 1 at (200.00,4920.00) startOffset 0 endOffset 11 width 75.00: "just a text"
      RenderSVGText {text} at (300,4903) size 75x22 contains 1 chunk(s)
        RenderSVGInlineText {#text} at (0,0) size 75x22
          chunk 1 text run 1 at (300.00,4920.00) startOffset 0 endOffset 11 width 75.00: "just a text"
      RenderSVGText {text} at (400,4903) size 75x22 contains 1 chunk(s)
        RenderSVGInlineText {#text} at (0,0) size 75x22
          chunk 1 text run 1 at (400.00,4920.00) startOffset 0 endOffset 11 width 75.00: "just a text"
      RenderSVGText {text} at (500,4903) size 75x22 contains 1 chunk(s)
        RenderSVGInlineText {#text} at (0,0) size 75x22
          chunk 1 text run 1 at (500.00,4920.00) startOffset 0 endOffset 11 width 75.00: "just a text"
      RenderSVGText {text} at (600,4903) size 75x22 contains 1 chunk(s)
        RenderSVGInlineText {#text} at (0,0) size 75x22
          chunk 1 text run 1 at (600.00,4920.00) startOffset 0 endOffset 11 width 75.00: "just a text"
      RenderSVGText {text} at (700,4903) size 75x22 contains 1 chunk(s)
        RenderSVGInlineText {#text} at (0,0) size 75x22
          chunk 1 text run 1 at (700.00,4920.00) startOffset 0 endOffset 11 width 75.00: "just a text"
      RenderSVGText {text} at (800,4903) size 75x22 contains 1 chunk(s)
        RenderSVGInlineText {#text} at (0,0) size 75x22
          chunk 1 text run 1 at (800.00,4920.00) startOffset 0 endOffset 11 width 75.00: "just a text"
      RenderSVGText {text} at (900,4903) size 75x22 contains 1 chunk(s)
        RenderSVGInlineText {#text} at (0,0) size 75x22
          chunk 1 text run 1 at (900.00,4920.00) startOffset 0 endOffset 11 width 75.00: "just a text"
      RenderSVGText {text} at (1000,4903) size 75x22 contains 1 chunk(s)
        RenderSVGInlineText {#text} at (0,0) size 75x22
          chunk 1 text run 1 at (1000.00,4920.00) startOffset 0 endOffset 11 width 75.00: "just a text"
      RenderSVGText {text} at (1100,4903) size 75x22 contains 1 chunk(s)
        RenderSVGInlineText {#text} at (0,0) size 75x22
          chunk 1 text run 1 at (1100.00,4920.00) startOffset 0 endOffset 11 width 75.00: "just a text"
      RenderSVGText {text} at (1200,4903) size 75x22 contains 1 chunk(s)
        RenderSVGInlineText {#text} at (0,0) size 75x22
          chunk 1 text run 1 at (1200.00,4920.00) startOffset 0 endOffset 11 width 75.00: "just a text"
      RenderSVGText {text} at (1300,4903) size 75x22 contains 1 chunk(s)
        RenderSVGInlineText {#text} at (0,0) size 75x22
          chunk 1 text run 1 at (1300.00,4920.00) startOffset 0 endOffset 11 width 75.00: "just a text"
      RenderSVGText {text} at (1400,4903) size 75x22 contains 1 chunk(s)
        RenderSVGInlineText {#text} at (0,0) size 75x22
          chunk 1 text run 1 at (1400.00,4920.00) startOffset 0 endOffset 11 width 75.00: "just a text"
      RenderSVGText {text} at (1500,4903) size 75x22 contains 1 chunk(s)
        RenderSVGInlineText {#text} at (0,0) size 75x22
          chunk 1 text run 1 at (1500.00,4920.00) startOffset 0 endOffset 11 width 75.00: "just a text"
      RenderSVGText {text} at (1600,4903) size 75x22 contains 1 chunk(s)
        RenderSVGInlineText {#text} at (0,0) size 75x22
          chunk 1 text run 1 at (1600.00,4920.00) startOffset 0 endOffset 11 width 75.00: "just a text"
      RenderSVGText {text} at (1700,4903) size 75x22 contains 1 chunk(s)
        RenderSVGInlineText {#text} at (0,0) size 75x22
          chunk 1 text run 1 at (1700.00,4920.00) startOffset 0 endOffset 11 width 75.00: "just a text"
      RenderSVGText {text} at (1800,4903) size 75x22 contains 1 chunk(s)
        RenderSVGInlineText {#text} at (0,0) size 75x22
          chunk 1 text run 1 at (1800.00,4920.00) startOffset 0 endOffset 11 width 75.00: "just a text"
      RenderSVGText {text} at (1900,4903) size 75x22 contains 1 chunk(s)
        RenderSVGInlineText {#text} at (0,0) size 75x22
          chunk 1 text run 1 at (1900.00,4920.00) startOffset 0 endOffset 11 width 75.00: "just a text"
      RenderSVGText {text} at (2000,4903) size 75x22 contains 1 chunk(s)
        RenderSVGInlineText {#text} at (0,0) size 75x22
          chunk 1 text run 1 at (2000.00,4920.00) startOffset 0 endOffset 11 width 75.00: "just a text"
      RenderSVGText {text} at (2100,4903) size 75x22 contains 1 chunk(s)
        RenderSVGInlineText {#text} at (0,0) size 75x22
          chunk 1 text run 1 at (2100.00,4920.00) startOffset 0 endOffset 11 width 75.00: "just a text"
      RenderSVGText {text} at (2200,4903) size 75x22 contains 1 chunk(s)
        RenderSVGInlineText {#text} at (0,0) size 75x22
          chunk 1 text run 1 at (2200.00,4920.00) startOffset 0 endOffset 11 width 75.00: "just a text"
      RenderSVGText {text} at (2300,4903) size 75x22 contains 1 chunk(s)
        RenderSVGInlineText {#text} at (0,0) size 75x22
          chunk 1 text run 1 at (2300.00,4920.00) startOffset 0 endOffset 11 width 75.00: "just a text"
      RenderSVGText {text} at (2400,4903) size 75x22 contains 1 chunk(s)
        RenderSVGInlineText {#text} at (0,0) size 75x22
          chunk 1 text run 1 at (2400.00,4920.00) startOffset 0 endOffset 11 width 75.00: "just a text"
      RenderSVGText {text} at (2500,4903) size 75x22 contains 1 chunk(s)
        RenderSVGInlineText {#text} at (0,0) size 75x22
          chunk 1 text run 1 at (2500.00,4920.00) startOffset 0 endOffset 11 width 75.00: "just a text"
      RenderSVGText {text} at (2600,4903) size 75x22 contains 1 chunk(s)
        RenderSVGInlineText {#text} at (0,0) size 75x22
          chunk 1 text run 1 at (2600.00,4920.00) startOffset 0 endOffset 11 width 75.00: "just a text"
      RenderSVGText {text} at (2700,4903) size 75x22 contains 1 chunk(s)
        RenderSVGInlineText {#text} at (0,0) size 75x22
          chunk 1 text run 1 at (2700.00,4920.00) startOffset 0 endOffset 11 width 75.00: "just a text"
      RenderSVGText {text} at (2800,4903) size 75x22 contains 1 chunk(s)
        RenderSVGInlineText {#text} at (0,0) size 75x22
          chunk 1 text run 1 at (2800.00,4920.00) startOffset 0 endOffset 11 width 75.00: "just a text"
      RenderSVGText {text} at (2900,4903) size 75x22 contains 1 chunk(s)
        RenderSVGInlineText {#text} at (0,0) size 75x22
          chunk 1 text run 1 at (2900.00,4920.00) startOffset 0 endOffset 11 width 75.00: "just a text"
      RenderSVGText {text} at (3000,4903) size 75x22 contains 1 chunk(s)
        RenderSVGInlineText {#text} at (0,0) size 75x22
          chunk 1 text run 1 at (3000.00,4920.00) startOffset 0 endOffset 11 width 75.00: "just a text"
      RenderSVGText {text} at (3100,4903) size 75x22 contains 1 chunk(s)
        RenderSVGInlineText {#text} at (0,0) size 75x22
          chunk 1 text run 1 at (3100.00,4920.00) startOffset 0 endOffset 11 width 75.00: "just a text"
      RenderSVGText {text} at (3200,4903) size 75x22 contains 1 chunk(s)
        RenderSVGInlineText {#text} at (0,0) size 75x22
          chunk 1 text run 1 at (3200.00,4920.00) startOffset 0 endOffset 11 width 75.00: "just a text"
      RenderSVGText {text} at (3300,4903) size 75x22 contains 1 chunk(s)
        RenderSVGInlineText {#text} at (0,0) size 75x22
          chunk 1 text run 1 at (3300.00,4920.00) startOffset 0 endOffset 11 width 75.00: "just a text"
      RenderSVGText {text} at (3400,4903) size 75x22 contains 1 chunk(s)
        RenderSVGInlineText {#text} at (0,0) size 75x22
          chunk 1 text run 1 at (3400.00,4920.00) startOffset 0 endOffset 11 width 75.00: "just a text"
      RenderSVGText {text} at (3500,4903) size 75x22 contains 1 chunk(s)
        RenderSVGInlineText {#text} at (0,0) size 75x22
          chunk 1 text run 1 at (3500.00,4920.00) startOffset 0 endOffset 11 width 75.00: "just a text"
      RenderSVGText {text} at (3600,4903) size 75x22 contains 1 chunk(s)
        RenderSVGInlineText {#text} at (0,0) size 75x22
          chunk 1 text run 1 at (3600.00,4920.00) startOffset 0 endOffset 11 width 75.00: "just a text"
      RenderSVGText {text} at (3700,4903) size 75x22 contains 1 chunk(s)
        RenderSVGInlineText {#text} at (0,0) size 75x22
          chunk 1 text run 1 at (3700.00,4920.00) startOffset 0 endOffset 11 width 75.00: "just a text"
      RenderSVGText {text} at (3800,4903) size 75x22 contains 1 chunk(s)
        RenderSVGInlineText {#text} at (0,0) size 75x22
          chunk 1 text run 1 at (3800.00,4920.00) startOffset 0 endOffset 11 width 75.00: "just a text"
      RenderSVGText {text} at (3900,4903) size 75x22 contains 1 chunk(s)
        RenderSVGInlineText {#text} at (0,0) size 75x22
          chunk 1 text run 1 at (3900.00,4920.00) startOffset 0 endOffset 11 width 75.00: "just a text"
      RenderSVGText {text} at (4000,4903) size 75x22 contains 1 chunk(s)
        RenderSVGInlineText {#text} at (0,0) size 75x22
          chunk 1 text run 1 at (4000.00,4920.00) startOffset 0 endOffset 11 width 75.00: "just a text"
      RenderSVGText {text} at (4100,4903) size 75x22 contains 1 chunk(s)
        RenderSVGInlineText {#text} at (0,0) size 75x22
          chunk 1 text run 1 at (4100.00,4920.00) startOffset 0 endOffset 11 width 75.00: "just a text"
      RenderSVGText {text} at (4200,4903) size 75x22 contains 1 chunk(s)
        RenderSVGInlineText {#text} at (0,0) size 75x22
          chunk 1 text run 1 at (4200.00,4920.00) startOffset 0 endOffset 11 width 75.00: "just a text"
      RenderSVGText {text} at (4300,4903) size 75x22 contains 1 chunk(s)
        RenderSVGInlineText {#text} at (0,0) size 75x22
          chunk 1 text run 1 at (4300.00,4920.00) startOffset 0 endOffset 11 width 75.00: "just a text"
      RenderSVGText {text} at (4400,4903) size 75x22 contains 1 chunk(s)
        RenderSVGInlineText {#text} at (0,0) size 75x22
          chunk 1 text run 1 at (4400.00,4920.00) startOffset 0 endOffset 11 width 75.00: "just a text"
      RenderSVGText {text} at (4500,4903) size 75x22 contains 1 chunk(s)
        RenderSVGInlineText {#text} at (0,0) size 75x22
          chunk 1 text run 1 at (4500.00,4920.00) startOffset 0 endOffset 11 width 75.00: "just a text"
      RenderSVGText {text} at (4600,4903) size 75x22 contains 1 chunk(s)
        RenderSVGInlineText {#text} at (0,0) size 75x22
          chunk 1 text run 1 at (4600.00,4920.00) startOffset 0 endOffset 11 width 75.00: "just a text"
      RenderSVGText {text} at (4700,4903) size 75x22 contains 1 chunk(s)
        RenderSVGInlineText {#text} at (0,0) size 75x22
          chunk 1 text run 1 at (4700.00,4920.00) startOffset 0 endOffset 11 width 75.00: "just a text"
      RenderSVGText {text} at (4800,4903) size 75x22 contains 1 chunk(s)
        RenderSVGInlineText {#text} at (0,0) size 75x22
          chunk 1 text run 1 at (4800.00,4920.00) startOffset 0 endOffset 11 width 75.00: "just a text"
      RenderSVGText {text} at (4900,4903) size 75x22 contains 1 chunk(s)
        RenderSVGInlineText {#text} at (0,0) size 75x22
          chunk 1 text run 1 at (4900.00,4920.00) startOffset 0 endOffset 11 width 75.00: "just a text"
    RenderText {#text} at (0,0) size 0x0
