layer at (0,0) size 800x600
  RenderView at (0,0) size 800x600
layer at (0,0) size 800x482
  RenderBlock {html} at (0,0) size 800x482
    RenderBody {body} at (8,16) size 784x458
      RenderBlock {p} at (0,0) size 784x40
        RenderText {#text} at (0,0) size 783x39
          text run at (0,0) width 783: "The svg area contained in the div element (red box), should contain one blue rectangle from (50%,50%)-(100%,100%), especially"
          text run at (0,20) width 278: "after resizing the content box to a different size"
      RenderBlock {div} at (0,56) size 402x402 [border: (1px solid #FF0000)]
        RenderSVGRoot {svg} at (209,273) size 200x200
          RenderSVGHiddenContainer {defs} at (0,0) size 0x0
            RenderSVGRect {rect} at (9,173) size 200x200 [fill={[type=SOLID] [color=#0000FF]}] [x=0.00] [y=100.00] [width=200.00] [height=200.00]
            RenderSVGContainer {use} at (109,173) size 200x200 [transform={m=((1.00,0.00)(0.00,1.00)) t=(100.00,0.00)}]
              RenderSVGRect {rect} at (109,173) size 200x200 [fill={[type=SOLID] [color=#0000FF]}] [x=0.00] [y=100.00] [width=200.00] [height=200.00]
          RenderSVGContainer {use} at (209,273) size 200x200 [transform={m=((1.00,0.00)(0.00,1.00)) t=(100.00,100.00)}]
            RenderSVGContainer {g} at (209,273) size 200x200 [transform={m=((1.00,0.00)(0.00,1.00)) t=(100.00,0.00)}]
              RenderSVGRect {rect} at (209,273) size 200x200 [fill={[type=SOLID] [color=#0000FF]}] [x=0.00] [y=100.00] [width=200.00] [height=200.00]
        RenderText {#text} at (0,0) size 0x0
