layer at (0,0) size 800x600
  RenderView at (0,0) size 800x600
layer at (0,0) size 800x600
  RenderBlock {HTML} at (0,0) size 800x600
    RenderBody {BODY} at (8,8) size 784x574
      RenderBlock (anonymous) at (0,0) size 784x20
        RenderText {#text} at (0,0) size 67x19
          text run at (0,0) width 67: "no spacing:"
      RenderBlock {P} at (0,38) size 784x18
        RenderText {#text} at (0,0) size 66x18
          text run at (0,0) width 66: "abc abc abc"
      RenderBlock (anonymous) at (0,74) size 784x20
        RenderText {#text} at (0,0) size 281x19
          text run at (0,0) width 281: "word-spacing: 100px, all should look the same"
      RenderBlock {P} at (0,112) size 784x18
        RenderText {#text} at (0,0) size 266x18
          text run at (0,0) width 266: "abc abc abc"
      RenderBlock {P} at (0,148) size 784x18
        RenderText {#text} at (0,0) size 124x18
          text run at (0,0) width 124: "abc "
        RenderInline {SPAN} at (0,0) size 13x18
          RenderText {#text} at (124,0) size 13x18
            text run at (124,0) width 13: "ab"
        RenderText {#text} at (137,0) size 129x18
          text run at (137,0) width 129: "c abc"
      RenderBlock {P} at (0,184) size 784x18
        RenderText {#text} at (0,0) size 124x18
          text run at (0,0) width 124: "abc "
        RenderInline {SPAN} at (0,0) size 7x18
          RenderText {#text} at (124,0) size 7x18
            text run at (124,0) width 7: "a"
        RenderInline {SPAN} at (0,0) size 6x18
          RenderText {#text} at (131,0) size 6x18
            text run at (131,0) width 6: "b"
        RenderText {#text} at (137,0) size 129x18
          text run at (137,0) width 129: "c abc"
      RenderBlock {P} at (0,220) size 784x18
        RenderText {#text} at (0,0) size 124x18
          text run at (0,0) width 124: "abc "
        RenderInline {SPAN} at (0,0) size 7x18
          RenderText {#text} at (124,0) size 7x18
            text run at (124,0) width 7: "a"
        RenderText {#text} at (131,0) size 6x18
          text run at (131,0) width 6: "b"
        RenderInline {SPAN} at (0,0) size 5x18
          RenderText {#text} at (137,0) size 5x18
            text run at (137,0) width 5: "c"
        RenderText {#text} at (242,0) size 24x18
          text run at (242,0) width 24: " abc"
      RenderBlock {P} at (0,256) size 784x18
        RenderText {#text} at (0,0) size 131x18
          text run at (0,0) width 131: "abc a"
        RenderInline {SPAN} at (0,0) size 6x18
          RenderText {#text} at (131,0) size 6x18
            text run at (131,0) width 6: "b"
        RenderInline {SPAN} at (0,0) size 5x18
          RenderText {#text} at (137,0) size 5x18
            text run at (137,0) width 5: "c"
        RenderText {#text} at (242,0) size 24x18
          text run at (242,0) width 24: " abc"
      RenderBlock {P} at (0,292) size 784x18
        RenderText {#text} at (0,0) size 131x18
          text run at (0,0) width 131: "abc a"
        RenderInline {SPAN} at (0,0) size 6x18
          RenderText {#text} at (131,0) size 6x18
            text run at (131,0) width 6: "b"
        RenderText {#text} at (137,0) size 129x18
          text run at (137,0) width 129: "c abc"
      RenderBlock {P} at (0,328) size 784x18
        RenderText {#text} at (0,0) size 124x18
          text run at (0,0) width 124: "abc "
        RenderInline {SPAN} at (0,0) size 0x18
        RenderText {#text} at (124,0) size 124x18
          text run at (124,0) width 124: "abc "
        RenderInline {SPAN} at (0,0) size 0x18
        RenderText {#text} at (248,0) size 18x18
          text run at (248,0) width 18: "abc"
