layer at (0,0) size 800x600
  RenderView at (0,0) size 800x600
layer at (0,0) size 800x133
  RenderBlock {html} at (0,0) size 800x133
    RenderBody {body} at (8,40) size 784x53
      RenderBlock {p} at (0,0) size 784x53
        RenderText {#text} at (0,0) size 258x52
          text run at (0,0) width 258: "ABCdefoooO"
