layer at (0,0) size 800x600
  RenderView at (0,0) size 800x600
layer at (0,0) size 800x600
  RenderBlock {HTML} at (0,0) size 800x600
    RenderBody {BODY} at (0,0) size 800x600 [bgcolor=#FFFFFF]
      RenderBlock (anonymous) at (0,0) size 800x0
        RenderInline {SPAN} at (0,0) size 0x0
          RenderText {#text} at (0,0) size 0x0
          RenderInline {TDX} at (0,0) size 0x0
            RenderInline {IMGX} at (0,0) size 0x0
      RenderBlock (anonymous) at (0,0) size 800x80
        RenderTable {TABLE} at (0,0) size 800x80 [bgcolor=#FFFFFF]
          RenderTableSection {TBODY} at (0,0) size 800x80
            RenderTableRow {TR} at (0,0) size 800x20
              RenderTableCell {TD} at (0,0) size 353x60 [r=0 c=0 rs=2 cs=1]
                RenderInline {A} at (0,0) size 250x17 [color=#003399]
                  RenderImage {IMG} at (0,0) size 250x60
              RenderTableCell {TD} at (352,0) size 26x20 [r=0 c=1 rs=1 cs=1]
                RenderImage {IMG} at (7,0) size 19x20
              RenderTableCell {TD} at (377,4) size 424x12 [bgcolor=#000000] [r=0 c=2 rs=1 cs=2]
                RenderInline {FONT} at (0,0) size 301x12 [color=#FFFFFF]
                  RenderText {#text} at (0,0) size 0x0
                  RenderInline {B} at (0,0) size 301x12
                    RenderText {#text} at (122,0) size 7x12
                      text run at (122,1) width 7: "  "
                    RenderInline {A} at (0,0) size 61x12
                      RenderInline {FONT} at (0,0) size 61x12
                        RenderText {#text} at (128,0) size 61x12
                          text run at (128,1) width 61: "All Products"
                    RenderText {#text} at (188,0) size 7x12
                      text run at (188,1) width 7: "  "
                    RenderInline {FONT} at (0,0) size 4x12
                      RenderText {#text} at (194,0) size 4x12
                        text run at (194,1) width 4: "|"
                    RenderText {#text} at (197,0) size 10x12
                      text run at (197,1) width 4: " "
                      text run at (200,1) width 7: "  "
                    RenderInline {A} at (0,0) size 39x12
                      RenderInline {FONT} at (0,0) size 39x12
                        RenderText {#text} at (206,0) size 39x12
                          text run at (206,1) width 39: "Support"
                    RenderText {#text} at (244,0) size 7x12
                      text run at (244,1) width 7: "  "
                    RenderInline {FONT} at (0,0) size 4x12
                      RenderText {#text} at (250,0) size 4x12
                        text run at (250,1) width 4: "|"
                    RenderText {#text} at (253,0) size 10x12
                      text run at (253,1) width 4: " "
                      text run at (256,1) width 7: "  "
                    RenderInline {A} at (0,0) size 36x12
                      RenderInline {FONT} at (0,0) size 36x12
                        RenderText {#text} at (262,0) size 36x12
                          text run at (262,1) width 36: "Search"
                    RenderText {#text} at (297,0) size 7x12
                      text run at (297,1) width 7: "  "
                    RenderInline {FONT} at (0,0) size 4x12
                      RenderText {#text} at (303,0) size 4x12
                        text run at (303,1) width 4: "|"
                    RenderText {#text} at (306,0) size 10x12
                      text run at (306,1) width 4: " "
                      text run at (309,1) width 7: "  "
                    RenderInline {A} at (0,0) size 102x12
                      RenderInline {FONT} at (0,0) size 102x12
                        RenderText {#text} at (315,0) size 102x12
                          text run at (315,1) width 102: "microsoft.com Home"
                    RenderText {#text} at (416,0) size 7x12
                      text run at (416,1) width 7: "  "
                  RenderText {#text} at (0,0) size 0x0
            RenderTableRow {TR} at (0,20) size 800x40
              RenderTableCell {TD} at (352,20) size 449x40 [r=1 c=1 rs=1 cs=2]
                RenderInline {A} at (0,0) size 113x17 [color=#003399]
                  RenderImage {IMG} at (335,0) size 113x40
            RenderTableRow {TR} at (0,60) size 800x20
              RenderTableCell {TD} at (0,64) size 801x12 [bgcolor=#6699CC] [r=2 c=0 rs=1 cs=4]
                RenderInline {FONT} at (0,0) size 502x12 [color=#FFFFFF]
                  RenderInline {B} at (0,0) size 502x12
                    RenderText {#text} at (0,0) size 6x12
                      text run at (0,1) width 6: "  "
                    RenderInline {A} at (0,0) size 28x12
                      RenderInline {FONT} at (0,0) size 28x12
                        RenderText {#text} at (6,0) size 28x12
                          text run at (6,1) width 28: "Home"
                    RenderText {#text} at (34,0) size 6x12
                      text run at (34,1) width 6: "  "
                    RenderInline {FONT} at (0,0) size 3x12
                      RenderText {#text} at (40,0) size 3x12
                        text run at (40,1) width 3: "|"
                    RenderText {#text} at (43,0) size 9x12
                      text run at (43,1) width 3: " "
                      text run at (46,1) width 6: "  "
                    RenderInline {A} at (0,0) size 34x12
                      RenderInline {FONT} at (0,0) size 34x12
                        RenderText {#text} at (52,0) size 34x12
                          text run at (52,1) width 34: "Events"
                    RenderText {#text} at (86,0) size 6x12
                      text run at (86,1) width 6: "  "
                    RenderInline {FONT} at (0,0) size 3x12
                      RenderText {#text} at (92,0) size 3x12
                        text run at (92,1) width 3: "|"
                    RenderText {#text} at (95,0) size 9x12
                      text run at (95,1) width 3: " "
                      text run at (98,1) width 6: "  "
                    RenderInline {A} at (0,0) size 40x12
                      RenderInline {FONT} at (0,0) size 40x12
                        RenderText {#text} at (104,0) size 40x12
                          text run at (104,1) width 40: "Training"
                    RenderText {#text} at (144,0) size 6x12
                      text run at (144,1) width 6: "  "
                    RenderInline {FONT} at (0,0) size 3x12
                      RenderText {#text} at (150,0) size 3x12
                        text run at (150,1) width 3: "|"
                    RenderText {#text} at (153,0) size 9x12
                      text run at (153,1) width 3: " "
                      text run at (156,1) width 6: "  "
                    RenderInline {A} at (0,0) size 54x12
                      RenderInline {FONT} at (0,0) size 54x12
                        RenderText {#text} at (162,0) size 54x12
                          text run at (162,1) width 54: "Downloads"
                    RenderText {#text} at (216,0) size 6x12
                      text run at (216,1) width 6: "  "
                    RenderInline {FONT} at (0,0) size 3x12
                      RenderText {#text} at (222,0) size 3x12
                        text run at (222,1) width 3: "|"
                    RenderText {#text} at (225,0) size 9x12
                      text run at (225,1) width 3: " "
                      text run at (228,1) width 6: "  "
                    RenderInline {A} at (0,0) size 58x12
                      RenderInline {FONT} at (0,0) size 58x12
                        RenderText {#text} at (234,0) size 58x12
                          text run at (234,1) width 58: "Newsletters"
                    RenderText {#text} at (292,0) size 6x12
                      text run at (292,1) width 6: "  "
                    RenderInline {FONT} at (0,0) size 3x12
                      RenderText {#text} at (298,0) size 3x12
                        text run at (298,1) width 3: "|"
                    RenderText {#text} at (301,0) size 9x12
                      text run at (301,1) width 3: " "
                      text run at (304,1) width 6: "  "
                    RenderInline {A} at (0,0) size 94x12
                      RenderInline {FONT} at (0,0) size 94x12
                        RenderText {#text} at (310,0) size 94x12
                          text run at (310,1) width 94: "U.S. & International"
                    RenderText {#text} at (404,0) size 6x12
                      text run at (404,1) width 6: "  "
                    RenderInline {FONT} at (0,0) size 3x12
                      RenderText {#text} at (410,0) size 3x12
                        text run at (410,1) width 3: "|"
                    RenderText {#text} at (413,0) size 9x12
                      text run at (413,1) width 3: " "
                      text run at (416,1) width 6: "  "
                    RenderInline {A} at (0,0) size 71x12
                      RenderInline {FONT} at (0,0) size 71x12
                        RenderText {#text} at (422,0) size 71x12
                          text run at (422,1) width 71: "About Our Site"
                    RenderText {#text} at (493,0) size 6x12
                      text run at (493,1) width 6: "  "
                    RenderInline {FONT} at (0,0) size 3x12
                      RenderText {#text} at (499,0) size 3x12
                        text run at (499,1) width 3: "|"
                    RenderText {#text} at (0,0) size 0x0
      RenderBlock (anonymous) at (0,80) size 800x0
        RenderInline {SPAN} at (0,0) size 0x0
