layer at (0,0) size 785x1310
  RenderView at (0,0) size 785x600
layer at (0,0) size 785x1310
  RenderBlock {HTML} at (0,0) size 785x1310
    RenderBody {BODY} at (8,8) size 769x1286 [bgcolor=#FFDEAD]
      RenderBlock (anonymous) at (0,0) size 769x18
        RenderText {#text} at (0,0) size 592x17
          text run at (0,0) width 592: "If there is missing vertical space between tables and/or tables and other content, it is bug 6997."
        RenderBR {BR} at (592,0) size 0x17
      RenderBlock {H1} at (0,39) size 769x75
        RenderInline {FONT} at (0,0) size 473x73 [color=#FF0000]
          RenderText {#text} at (0,0) size 295x36
            text run at (0,0) width 295: "Acceptance Test Case"
          RenderBR {BR} at (295,0) size 0x36
          RenderText {#text} at (0,37) size 473x36
            text run at (0,37) width 473: "Web Browser: Web View (HTML)"
      RenderBlock {P} at (0,134) size 769x28
        RenderInline {FONT} at (0,0) size 218x26 [color=#FF0000]
          RenderInline {B} at (0,0) size 218x26
            RenderText {#text} at (0,0) size 218x26
              text run at (0,0) width 218: "Table: <TR> ALIGN"
        RenderText {#text} at (0,0) size 0x0
      RenderBlock {HR} at (0,177) size 769x3 [border: (1px inset #000000)]
      RenderBlock (anonymous) at (0,187) size 769x73
        RenderText {#text} at (0,0) size 270x17
          text run at (0,0) width 270: "This acceptance test case tests the optional "
        RenderInline {B} at (0,0) size 41x17
          RenderText {#text} at (270,0) size 41x17
            text run at (270,0) width 41: "<TR>"
        RenderText {#text} at (311,0) size 27x17
          text run at (311,0) width 27: " tag "
        RenderInline {B} at (0,0) size 53x17
          RenderText {#text} at (338,0) size 53x17
            text run at (338,0) width 53: "ALIGN"
        RenderText {#text} at (391,0) size 765x53
          text run at (391,0) width 179: " attribute which controls the "
          text run at (570,0) width 188: "horizontal alignment of all the"
          text run at (0,18) width 471: "cells in a row. This cause the contents of each cell in the row to be aligned "
          text run at (471,18) width 294: "either LEFT|CENTER|RIGHT with respect to"
          text run at (0,36) width 358: "the current left and right margins of the display window. "
          text run at (358,36) width 29: "The "
        RenderInline {B} at (0,0) size 50x17
          RenderText {#text} at (387,36) size 50x17
            text run at (387,36) width 50: "Header"
        RenderText {#text} at (437,36) size 176x17
          text run at (437,36) width 176: " cells by default are aligned "
        RenderInline {B} at (0,0) size 69x17
          RenderText {#text} at (613,36) size 69x17
            text run at (613,36) width 69: "CENTER"
        RenderText {#text} at (682,36) size 62x17
          text run at (682,36) width 62: " while the"
        RenderInline {B} at (0,0) size 33x17
          RenderText {#text} at (0,54) size 33x17
            text run at (0,54) width 33: "Data"
        RenderText {#text} at (33,54) size 176x17
          text run at (33,54) width 176: " cells by default are aligned "
        RenderInline {B} at (0,0) size 43x17
          RenderText {#text} at (209,54) size 43x17
            text run at (209,54) width 43: "LEFT"
        RenderText {#text} at (252,54) size 4x17
          text run at (252,54) width 4: "."
      RenderBlock {P} at (0,275) size 769x19
        RenderInline {B} at (0,0) size 119x17
          RenderText {#text} at (0,0) size 119x17
            text run at (0,0) width 119: "Test Instructions:"
        RenderText {#text} at (0,0) size 0x0
      RenderBlock {OL} at (0,309) size 769x211
        RenderListItem {LI} at (40,0) size 729x18
          RenderListMarker at (-20,0) size 16x17: "1"
          RenderText {#text} at (0,0) size 498x17
            text run at (0,0) width 498: "Verify that the sample text displays as stated in each of the following test cases:"
        RenderBlock {P} at (40,34) size 729x70
          RenderTable {TABLE} at (0,0) size 718x70 [bgcolor=#F08080]
            RenderTableSection {TBODY} at (0,0) size 718x70
              RenderTableRow {TR} at (0,2) size 718x32
                RenderTableCell {TD} at (2,2) size 96x32 [r=0 c=0 rs=1 cs=1]
                  RenderInline {A} at (0,0) size 82x17 [color=#0000EE]
                    RenderText {#text} at (7,7) size 82x17
                      text run at (7,7) width 82: "Test Case #1"
                RenderTableCell {TD} at (100,2) size 616x32 [r=0 c=1 rs=1 cs=1]
                  RenderInline {FONT} at (0,0) size 602x17 [color=#0000FF]
                    RenderInline {B} at (0,0) size 602x17
                      RenderText {#text} at (7,7) size 602x17
                        text run at (7,7) width 602: "Table displaying Header \"CENTER \"& Data \"LEFT\" default horizontal row alignment"
              RenderTableRow {TR} at (0,36) size 718x32
                RenderTableCell {TD} at (2,36) size 96x32 [r=1 c=0 rs=1 cs=1]
                  RenderInline {A} at (0,0) size 82x17 [color=#0000EE]
                    RenderText {#text} at (7,7) size 82x17
                      text run at (7,7) width 82: "Test Case #2"
                RenderTableCell {TD} at (100,36) size 616x32 [r=1 c=1 rs=1 cs=1]
                  RenderInline {FONT} at (0,0) size 596x17 [color=#0000FF]
                    RenderInline {B} at (0,0) size 596x17
                      RenderText {#text} at (7,7) size 596x17
                        text run at (7,7) width 596: "Tables displaying Header & Data \"LEFT|CENTER|RIGHT\" horizontal row alignment"
        RenderBlock {P} at (40,120) size 729x0
        RenderListItem {LI} at (40,120) size 729x18
          RenderListMarker at (-20,0) size 16x17: "2"
          RenderText {#text} at (0,0) size 283x17
            text run at (0,0) width 283: "Verify that the table is maintained when you "
          RenderInline {B} at (0,0) size 129x17
            RenderText {#text} at (283,0) size 129x17
              text run at (283,0) width 129: "minimize/maximize"
          RenderText {#text} at (412,0) size 71x17
            text run at (412,0) width 71: " the screen."
        RenderListItem {LI} at (40,138) size 729x18
          RenderListMarker at (-20,0) size 16x17: "3"
          RenderText {#text} at (0,0) size 283x17
            text run at (0,0) width 283: "Verify that the table is maintained when you "
          RenderInline {B} at (0,0) size 122x17
            RenderText {#text} at (283,0) size 122x17
              text run at (283,0) width 122: "re-size left & right"
          RenderText {#text} at (405,0) size 71x17
            text run at (405,0) width 71: " the screen."
        RenderListItem {LI} at (40,156) size 729x18
          RenderListMarker at (-20,0) size 16x17: "4"
          RenderText {#text} at (0,0) size 283x17
            text run at (0,0) width 283: "Verify that the table is maintained when you "
          RenderInline {B} at (0,0) size 138x17
            RenderText {#text} at (283,0) size 138x17
              text run at (283,0) width 138: "re-size top & bottom"
          RenderText {#text} at (421,0) size 71x17
            text run at (421,0) width 71: " the screen."
        RenderListItem {LI} at (40,174) size 729x18
          RenderListMarker at (-20,0) size 16x17: "5"
          RenderText {#text} at (0,0) size 407x17
            text run at (0,0) width 407: "Verify re-draw takes place correctly after maximizing the screen."
        RenderListItem {LI} at (40,192) size 729x18
          RenderListMarker at (-20,0) size 16x17: "6"
          RenderText {#text} at (0,0) size 131x17
            text run at (0,0) width 131: "Verify reload works."
      RenderBlock {HR} at (0,535) size 769x3 [border: (1px inset #000000)]
      RenderBlock {P} at (0,553) size 769x63
        RenderTable {TABLE} at (0,0) size 769x62 [bgcolor=#F08080] [border: (1px outset #808080)]
          RenderTableSection {TBODY} at (1,1) size 767x60
            RenderTableRow {TR} at (0,2) size 767x56
              RenderTableCell {TH} at (2,2) size 763x56 [border: (1px inset #808080)] [r=0 c=0 rs=1 cs=1]
                RenderInline {A} at (0,0) size 0x17
                RenderText {#text} at (14,11) size 95x17
                  text run at (14,11) width 95: "Test Case #1: "
                RenderInline {FONT} at (0,0) size 602x17 [color=#0000FF]
                  RenderText {#text} at (109,11) size 602x17
                    text run at (109,11) width 602: "Table displaying Header \"CENTER \"& Data \"LEFT\" default horizontal row alignment"
                RenderText {#text} at (711,11) size 4x17
                  text run at (711,11) width 4: " "
                RenderInline {FONT} at (0,0) size 396x31
                  RenderInline {I} at (0,0) size 396x31
                    RenderText {#text} at (715,13) size 396x31
                      text run at (715,13) width 34: "(using"
                      text run at (353,29) width 57: "<TR> tag)"
                RenderText {#text} at (0,0) size 0x0
      RenderBlock {P} at (0,631) size 769x71
        RenderTable {TABLE} at (0,0) size 347x70 [bgcolor=#FFE4C4] [border: (1px outset #808080)]
          RenderBlock {CAPTION} at (0,0) size 347x18
            RenderText {#text} at (61,0) size 225x17
              text run at (61,0) width 225: "Default Horizontal Row Alignment"
          RenderTableSection {TBODY} at (1,19) size 345x50
            RenderTableRow {TR} at (0,2) size 345x22
              RenderTableCell {TH} at (2,2) size 113x22 [border: (1px inset #808080)] [r=0 c=0 rs=1 cs=1]
                RenderText {#text} at (18,2) size 77x17
                  text run at (18,2) width 77: "row head 1"
              RenderTableCell {TH} at (116,2) size 113x22 [border: (1px inset #808080)] [r=0 c=1 rs=1 cs=1]
                RenderText {#text} at (18,2) size 77x17
                  text run at (18,2) width 77: "row head 2"
              RenderTableCell {TH} at (230,2) size 113x22 [border: (1px inset #808080)] [r=0 c=2 rs=1 cs=1]
                RenderText {#text} at (18,2) size 77x17
                  text run at (18,2) width 77: "row head 3"
            RenderTableRow {TR} at (0,26) size 345x22
              RenderTableCell {TD} at (2,26) size 113x22 [border: (1px inset #808080)] [r=1 c=0 rs=1 cs=1]
                RenderText {#text} at (2,2) size 67x17
                  text run at (2,2) width 67: "row data 1"
              RenderTableCell {TD} at (116,26) size 113x22 [border: (1px inset #808080)] [r=1 c=1 rs=1 cs=1]
                RenderText {#text} at (2,2) size 67x17
                  text run at (2,2) width 67: "row data 2"
              RenderTableCell {TD} at (230,26) size 113x22 [border: (1px inset #808080)] [r=1 c=2 rs=1 cs=1]
                RenderText {#text} at (2,2) size 67x17
                  text run at (2,2) width 67: "row data 3"
      RenderBlock {HR} at (0,717) size 769x3 [border: (1px inset #000000)]
      RenderBlock {P} at (0,735) size 769x63
        RenderTable {TABLE} at (0,0) size 769x62 [bgcolor=#F08080] [border: (1px outset #808080)]
          RenderTableSection {TBODY} at (1,1) size 767x60
            RenderTableRow {TR} at (0,2) size 767x56
              RenderTableCell {TH} at (2,2) size 763x56 [border: (1px inset #808080)] [r=0 c=0 rs=1 cs=1]
                RenderInline {A} at (0,0) size 0x17
                RenderText {#text} at (17,11) size 95x17
                  text run at (17,11) width 95: "Test Case #2: "
                RenderInline {FONT} at (0,0) size 596x17 [color=#0000FF]
                  RenderText {#text} at (112,11) size 596x17
                    text run at (112,11) width 596: "Tables displaying Header & Data \"LEFT|CENTER|RIGHT\" horizontal row alignment"
                RenderText {#text} at (708,11) size 4x17
                  text run at (708,11) width 4: " "
                RenderInline {FONT} at (0,0) size 485x31
                  RenderInline {I} at (0,0) size 485x31
                    RenderText {#text} at (712,13) size 485x31
                      text run at (712,13) width 34: "(using"
                      text run at (261,29) width 241: "<TR ALIGN=LEFT|CENTER|RIGHT> tag)"
                RenderText {#text} at (0,0) size 0x0
      RenderBlock {P} at (0,813) size 769x147
        RenderTable {TABLE} at (0,0) size 347x146 [bgcolor=#FFE4C4] [border: (1px outset #808080)]
          RenderBlock {CAPTION} at (0,0) size 347x18
            RenderText {#text} at (62,0) size 222x17
              text run at (62,0) width 222: "Horizontal Row Alignment=LEFT"
          RenderTableSection {TBODY} at (1,19) size 345x126
            RenderTableRow {TR} at (0,2) size 345x22
              RenderTableCell {TH} at (2,2) size 113x22 [border: (1px inset #808080)] [r=0 c=0 rs=1 cs=1]
                RenderText {#text} at (2,2) size 76x17
                  text run at (2,2) width 76: "row head 1"
              RenderTableCell {TH} at (116,2) size 113x22 [border: (1px inset #808080)] [r=0 c=1 rs=1 cs=1]
                RenderText {#text} at (2,2) size 76x17
                  text run at (2,2) width 76: "row head 2"
              RenderTableCell {TH} at (230,2) size 113x22 [border: (1px inset #808080)] [r=0 c=2 rs=1 cs=1]
                RenderText {#text} at (2,2) size 76x17
                  text run at (2,2) width 76: "row head 3"
            RenderTableRow {TR} at (0,26) size 345x22
              RenderTableCell {TD} at (2,26) size 113x22 [border: (1px inset #808080)] [r=1 c=0 rs=1 cs=1]
                RenderText {#text} at (2,2) size 67x17
                  text run at (2,2) width 67: "row data 1"
              RenderTableCell {TD} at (116,26) size 113x22 [border: (1px inset #808080)] [r=1 c=1 rs=1 cs=1]
                RenderText {#text} at (2,2) size 67x17
                  text run at (2,2) width 67: "row data 2"
              RenderTableCell {TD} at (230,26) size 113x22 [border: (1px inset #808080)] [r=1 c=2 rs=1 cs=1]
                RenderText {#text} at (2,2) size 67x17
                  text run at (2,2) width 67: "row data 3"
            RenderTableRow {TR} at (0,50) size 345x74 [bgcolor=#FFD700]
              RenderTableCell {TD} at (2,50) size 341x74 [border: (1px inset #808080)] [r=2 c=0 rs=1 cs=3]
                RenderBlock (anonymous) at (2,2) size 337x54
                  RenderInline {B} at (0,0) size 319x53
                    RenderInline {FONT} at (0,0) size 319x53 [color=#FF0000]
                      RenderText {#text} at (0,0) size 135x17
                        text run at (0,0) width 135: "Note: The attribute "
                      RenderInline {FONT} at (0,0) size 105x17 [color=#0000FF]
                        RenderText {#text} at (135,0) size 105x17
                          text run at (135,0) width 105: "ALIGN=LEFT"
                      RenderText {#text} at (240,0) size 319x53
                        text run at (240,0) width 48: " has no"
                        text run at (0,18) width 294: "special effect on the row data since it simply"
                        text run at (0,36) width 319: "reiterates the default horizontal row alignment!"
                RenderBlock {P} at (2,72) size 337x0
                  RenderInline {B} at (0,0) size 0x0
                    RenderInline {FONT} at (0,0) size 0x0 [color=#FF0000]
                  RenderText {#text} at (0,0) size 0x0
      RenderBlock {P} at (0,975) size 769x147
        RenderTable {TABLE} at (0,0) size 347x146 [bgcolor=#FFE4C4] [border: (1px outset #808080)]
          RenderBlock {CAPTION} at (0,0) size 347x18
            RenderText {#text} at (50,0) size 247x17
              text run at (50,0) width 247: "Horizontal Row Alignment=CENTER"
          RenderTableSection {TBODY} at (1,19) size 345x126
            RenderTableRow {TR} at (0,2) size 345x22
              RenderTableCell {TH} at (2,2) size 113x22 [border: (1px inset #808080)] [r=0 c=0 rs=1 cs=1]
                RenderText {#text} at (18,2) size 77x17
                  text run at (18,2) width 77: "row head 1"
              RenderTableCell {TH} at (116,2) size 113x22 [border: (1px inset #808080)] [r=0 c=1 rs=1 cs=1]
                RenderText {#text} at (18,2) size 77x17
                  text run at (18,2) width 77: "row head 2"
              RenderTableCell {TH} at (230,2) size 113x22 [border: (1px inset #808080)] [r=0 c=2 rs=1 cs=1]
                RenderText {#text} at (18,2) size 77x17
                  text run at (18,2) width 77: "row head 3"
            RenderTableRow {TR} at (0,26) size 345x22
              RenderTableCell {TD} at (2,26) size 113x22 [border: (1px inset #808080)] [r=1 c=0 rs=1 cs=1]
                RenderText {#text} at (22,2) size 68x17
                  text run at (22,2) width 68: "row data 1"
              RenderTableCell {TD} at (116,26) size 113x22 [border: (1px inset #808080)] [r=1 c=1 rs=1 cs=1]
                RenderText {#text} at (22,2) size 68x17
                  text run at (22,2) width 68: "row data 2"
              RenderTableCell {TD} at (230,26) size 113x22 [border: (1px inset #808080)] [r=1 c=2 rs=1 cs=1]
                RenderText {#text} at (22,2) size 68x17
                  text run at (22,2) width 68: "row data 3"
            RenderTableRow {TR} at (0,50) size 345x74 [bgcolor=#FFD700]
              RenderTableCell {TD} at (2,50) size 341x74 [border: (1px inset #808080)] [r=2 c=0 rs=1 cs=3]
                RenderBlock (anonymous) at (2,2) size 337x54
                  RenderInline {B} at (0,0) size 319x53
                    RenderInline {FONT} at (0,0) size 319x53 [color=#FF0000]
                      RenderText {#text} at (0,0) size 135x17
                        text run at (0,0) width 135: "Note: The attribute "
                      RenderInline {FONT} at (0,0) size 131x17 [color=#0000FF]
                        RenderText {#text} at (135,0) size 131x17
                          text run at (135,0) width 131: "ALIGN=CENTER"
                      RenderText {#text} at (266,0) size 319x53
                        text run at (266,0) width 48: " has no"
                        text run at (0,18) width 297: "special effect on the row head since it simply"
                        text run at (0,36) width 319: "reiterates the default horizontal row alignment!"
                RenderBlock {P} at (2,72) size 337x0
                  RenderInline {B} at (0,0) size 0x0
                    RenderInline {FONT} at (0,0) size 0x0 [color=#FF0000]
                  RenderText {#text} at (0,0) size 0x0
      RenderBlock {P} at (0,1137) size 769x71
        RenderTable {TABLE} at (0,0) size 347x70 [bgcolor=#FFE4C4] [border: (1px outset #808080)]
          RenderBlock {CAPTION} at (0,0) size 347x18
            RenderText {#text} at (57,0) size 233x17
              text run at (57,0) width 233: "Horizontal Row Alignment=RIGHT"
          RenderTableSection {TBODY} at (1,19) size 345x50
            RenderTableRow {TR} at (0,2) size 345x22
              RenderTableCell {TH} at (2,2) size 113x22 [border: (1px inset #808080)] [r=0 c=0 rs=1 cs=1]
                RenderText {#text} at (34,2) size 77x17
                  text run at (34,2) width 77: "row head 1"
              RenderTableCell {TH} at (116,2) size 113x22 [border: (1px inset #808080)] [r=0 c=1 rs=1 cs=1]
                RenderText {#text} at (34,2) size 77x17
                  text run at (34,2) width 77: "row head 2"
              RenderTableCell {TH} at (230,2) size 113x22 [border: (1px inset #808080)] [r=0 c=2 rs=1 cs=1]
                RenderText {#text} at (34,2) size 77x17
                  text run at (34,2) width 77: "row head 3"
            RenderTableRow {TR} at (0,26) size 345x22
              RenderTableCell {TD} at (2,26) size 113x22 [border: (1px inset #808080)] [r=1 c=0 rs=1 cs=1]
                RenderText {#text} at (43,2) size 68x17
                  text run at (43,2) width 68: "row data 1"
              RenderTableCell {TD} at (116,26) size 113x22 [border: (1px inset #808080)] [r=1 c=1 rs=1 cs=1]
                RenderText {#text} at (43,2) size 68x17
                  text run at (43,2) width 68: "row data 2"
              RenderTableCell {TD} at (230,26) size 113x22 [border: (1px inset #808080)] [r=1 c=2 rs=1 cs=1]
                RenderText {#text} at (43,2) size 68x17
                  text run at (43,2) width 68: "row data 3"
      RenderBlock {P} at (0,1223) size 769x0
      RenderBlock {HR} at (0,1223) size 769x3 [border: (1px inset #000000)]
      RenderBlock (anonymous) at (0,1233) size 769x19
        RenderImage {IMG} at (0,1) size 13x13
        RenderText {#text} at (13,0) size 121x17
          text run at (13,0) width 121: " Created 9/9/96 by "
        RenderInline {A} at (0,0) size 82x17 [color=#0000EE]
          RenderText {#text} at (134,0) size 82x17
            text run at (134,0) width 82: "Ronald Greti"
        RenderBR {BR} at (216,0) size 0x17
      RenderBlock {P} at (0,1267) size 769x19
        RenderBR {BR} at (0,0) size 0x17
      RenderBlock {P} at (0,1301) size 769x0
