layer at (0,0) size 800x600
  RenderView at (0,0) size 800x600
layer at (0,0) size 800x152
  RenderBlock {HTML} at (0,0) size 800x152
    RenderBody {BODY} at (8,8) size 784x136
      RenderBlock (anonymous) at (0,0) size 784x20
        RenderInline {DIV} at (0,0) size 528x16 [color=#FFFFFF] [bgcolor=#FF0000]
          RenderText {#text} at (0,2) size 528x16
            text run at (0,2) width 528: "Ahem_font_required_for_this_test."
        RenderText {#text} at (0,0) size 0x0
      RenderBlock {P} at (0,36) size 784x20
        RenderText {#text} at (0,0) size 329x19
          text run at (0,0) width 329: "There should be a single green rectangle square below."
      RenderBlock {DIV} at (0,72) size 64x64 [color=#008000] [bgcolor=#FF0000]
        RenderBlock {DIV} at (0,0) size 64x32
          RenderText {#text} at (0,0) size 32x32
            text run at (0,0) width 32: "X"
        RenderBlock {DIV} at (32,32) size 32x32
          RenderText {#text} at (0,0) size 32x32
            text run at (0,0) width 32: "X"
