layer at (0,0) size 800x600
  RenderView at (0,0) size 800x600
layer at (0,0) size 800x236
  RenderBlock {HTML} at (0,0) size 800x236
    RenderBody {BODY} at (0,0) size 800x236
      RenderBlock {DIV} at (0,200) size 800x36
        RenderText {#text} at (0,0) size 495x18
          text run at (0,0) width 495: "PASS - \"left\" property for \"box1\" element at 1.5s saw something close to: 100"
        RenderBR {BR} at (495,0) size 0x18
        RenderText {#text} at (0,18) size 596x18
          text run at (0,18) width 596: "PASS - \"webkitTransform.4\" property for \"box2\" element at 1.5s saw something close to: 100"
        RenderBR {BR} at (596,18) size 0x18
layer at (100,0) size 100x100
  RenderBlock (positioned) {DIV} at (100,0) size 100x100 [bgcolor=#FF0000]
layer at (100,100) size 100x100
  RenderBlock (positioned) {DIV} at (100,100) size 100x100 [bgcolor=#FF0000]
layer at (100,0) size 100x100
  RenderBlock (relative positioned) {DIV} at (0,0) size 100x100 [bgcolor=#008000]
layer at (0,100) size 100x100
  RenderBlock (relative positioned) {DIV} at (0,100) size 100x100 [bgcolor=#008000]
