layer at (0,0) size 800x600
  RenderView at (0,0) size 800x600
layer at (0,0) size 800x600
  RenderBlock {HTML} at (0,0) size 800x600
    RenderBody {BODY} at (8,8) size 784x584
      RenderBlock {DIV} at (0,0) size 784x36
        RenderText {#text} at (0,0) size 783x36
          text run at (0,0) width 783: "This test passes if the div below contains 9 evenly spaced delete buttons, and if the high resolution resource is used when the"
          text run at (0,18) width 145: "deviceScaleFactor is 2."
      RenderBlock {DIV} at (0,36) size 90x90
