layer at (0,0) size 800x600
  RenderView at (0,0) size 800x600
layer at (0,0) size 800x600
  RenderBlock {HTML} at (0,0) size 800x600
    RenderBody {BODY} at (8,8) size 784x584
      RenderBlock {DIV} at (0,0) size 784x54
        RenderText {#text} at (0,0) size 773x54
          text run at (0,0) width 761: "This test passes if the div below is a blue 100px square when the deviceScaleFactor is 1, and if it is a 100px green square"
          text run at (0,18) width 773: "when the deviceScaleFactor is 2. When run in the test harness, this test is distinct from image-set-as-background, because it"
          text run at (0,36) width 492: "ensures that the green image loads dynamically when the scale factor changes."
      RenderImage {DIV} at (0,54) size 100x100
