layer at (0,0) size 800x600
  RenderView at (0,0) size 800x600
layer at (0,0) size 800x600
  RenderBlock {HTML} at (0,0) size 800x600
    RenderBody {BODY} at (8,8) size 784x584
      RenderBlock {DIV} at (0,0) size 784x20
        RenderText {#text} at (0,0) size 442x19
          text run at (0,0) width 442: "This test passes if the resize corner icon appears high-resolution in HiDPI."
      RenderBlock (anonymous) at (0,20) size 784x40
        RenderText {#text} at (0,0) size 0x0
layer at (10,30) size 179x36 clip at (11,31) size 177x34
  RenderTextControl {TEXTAREA} at (2,2) size 179x36 [bgcolor=#FFFFFF] [border: (1px solid #000000)]
    RenderBlock {DIV} at (3,3) size 175x16
