layer at (0,0) size 800x600
  RenderView at (0,0) size 800x600
layer at (0,0) size 800x592
  RenderBlock {HTML} at (0,0) size 800x592
    RenderBody {BODY} at (8,8) size 784x576
      RenderBlock {DIV} at (4,4) size 280x280
        RenderText {#text} at (0,0) size 0x0
      RenderText {#text} at (288,179) size 4x19
        text run at (288,179) width 4: " "
      RenderBlock {DIV} at (296,4) size 280x280
        RenderText {#text} at (0,0) size 0x0
      RenderBR {BR} at (580,179) size 0x19
      RenderBlock {DIV} at (4,292) size 280x280
        RenderText {#text} at (0,0) size 0x0
      RenderText {#text} at (288,467) size 4x19
        text run at (288,467) width 4: " "
      RenderBlock {DIV} at (296,292) size 280x280
        RenderText {#text} at (0,0) size 0x0
      RenderText {#text} at (0,0) size 0x0
layer at (102,102) size 100x100
  RenderBlock (positioned) {DIV} at (102,102) size 100x100
layer at (102,102) size 100x100
  RenderBlock (relative positioned) {DIV} at (90,90) size 100x100
layer at (394,102) size 100x100
  RenderBlock (positioned) {DIV} at (394,102) size 100x100
layer at (394,102) size 100x100
  RenderBlock (relative positioned) {DIV} at (90,90) size 100x100
layer at (102,390) size 100x100
  RenderBlock (positioned) {DIV} at (102,390) size 100x100
layer at (102,390) size 100x100
  RenderBlock (relative positioned) {DIV} at (90,90) size 100x100
layer at (394,390) size 100x100
  RenderBlock (positioned) {DIV} at (394,390) size 100x100
layer at (394,390) size 100x100
  RenderBlock (relative positioned) {DIV} at (90,90) size 100x100
