layer at (0,0) size 800x600
  RenderView at (0,0) size 800x600
layer at (0,0) size 800x592
  RenderBlock {HTML} at (0,0) size 800x592
    RenderBody {BODY} at (8,8) size 784x576
      RenderBlock {DIV} at (4,4) size 280x280
        RenderText {#text} at (0,0) size 0x0
      RenderText {#text} at (288,129) size 4x19
        text run at (288,129) width 4: " "
      RenderBlock {DIV} at (296,4) size 280x280
        RenderText {#text} at (0,0) size 0x0
      RenderBR {BR} at (580,129) size 0x19
      RenderBlock {DIV} at (4,292) size 280x280
        RenderText {#text} at (0,0) size 0x0
      RenderText {#text} at (288,417) size 4x19
        text run at (288,417) width 4: " "
      RenderBlock {DIV} at (296,292) size 280x280
        RenderText {#text} at (0,0) size 0x0
      RenderText {#text} at (0,0) size 0x0
layer at (52,52) size 100x100
  RenderBlock (relative positioned) {DIV} at (40,40) size 100x100
layer at (344,52) size 100x100
  RenderBlock (relative positioned) {DIV} at (40,40) size 100x100
layer at (52,340) size 100x100
  RenderBlock (relative positioned) {DIV} at (40,40) size 100x100
layer at (344,340) size 100x100
  RenderBlock (relative positioned) {DIV} at (40,40) size 100x100
