layer at (0,0) size 800x600
  RenderView at (0,0) size 800x600
layer at (0,0) size 800x600
  RenderBlock {HTML} at (0,0) size 800x600
    RenderBody {BODY} at (8,8) size 784x584
      RenderText {#text} at (60,0) size 4x19
        text run at (60,0) width 4: " "
      RenderText {#text} at (0,0) size 0x0
layer at (8,8) size 60x22 clip at (9,9) size 58x20
  RenderFlexibleBox {INPUT} at (0,0) size 60x22 [color=#007AFF] [bgcolor=#E9E9EA] [border: (1px solid #FFFFFF)]
    RenderBlock {DIV} at (6,4) size 48x14
      RenderText {#text} at (3,0) size 42x14
        text run at (3,0) width 42: "9:41\x{202F}AM"
layer at (72,8) size 60x22 clip at (73,9) size 58x20
  RenderFlexibleBox {INPUT} at (64,0) size 60x22 [color=#007AFF] [bgcolor=#E9E9EA] [border: (1px solid #FFFFFF)]
    RenderBlock {DIV} at (6,4) size 48x14
      RenderText {#text} at (3,0) size 42x14
        text run at (3,0) width 18: "AM"
        text run at (20,0) width 3 RTL: "\x{202F}"
        text run at (22,0) width 23: "9:41"
