layer at (0,0) size 800x600
  RenderView at (0,0) size 800x600
layer at (0,0) size 800x600
  RenderBlock {HTML} at (0,0) size 800x600
    RenderBody {BODY} at (8,8) size 784x584 [bgcolor=#CCCCCC]
      RenderBlock {P} at (0,0) size 784x20
        RenderText {#text} at (0,0) size 363x19
          text run at (0,0) width 363: "The style declarations which apply to the text below are:"
      RenderBlock {PRE} at (0,36) size 784x28
        RenderText {#text} at (0,0) size 266x28
          text run at (0,0) width 266: ".one, .two, .three {color: green;}"
          text run at (265,0) width 1: " "
          text run at (0,14) width 0: " "
      RenderBlock {HR} at (0,77) size 784x2 [border: (1px inset #000000)]
      RenderBlock {P} at (0,95) size 784x20 [color=#008000]
        RenderText {#text} at (0,0) size 197x19
          text run at (0,0) width 197: "This sentence should be green."
      RenderBlock {P} at (0,131) size 784x20 [color=#008000]
        RenderText {#text} at (0,0) size 197x19
          text run at (0,0) width 197: "This sentence should be green."
      RenderBlock {P} at (0,167) size 784x20 [color=#008000]
        RenderText {#text} at (0,0) size 197x19
          text run at (0,0) width 197: "This sentence should be green."
      RenderTable {TABLE} at (0,203) size 219x130 [border: (1px outset #808080)]
        RenderTableSection {TBODY} at (1,1) size 217x128
          RenderTableRow {TR} at (0,0) size 217x28
            RenderTableCell {TD} at (0,0) size 217x28 [bgcolor=#C0C0C0] [border: (1px inset #808080)] [r=0 c=0 rs=1 cs=2]
              RenderInline {STRONG} at (0,0) size 161x19
                RenderText {#text} at (4,4) size 161x19
                  text run at (4,4) width 161: "TABLE Testing Section"
          RenderTableRow {TR} at (0,28) size 217x100
            RenderTableCell {TD} at (0,64) size 12x28 [bgcolor=#C0C0C0] [border: (1px inset #808080)] [r=1 c=0 rs=1 cs=1]
              RenderText {#text} at (4,4) size 4x19
                text run at (4,4) width 4: " "
            RenderTableCell {TD} at (12,28) size 205x100 [border: (1px inset #808080)] [r=1 c=1 rs=1 cs=1]
              RenderBlock {P} at (4,4) size 197x20 [color=#008000]
                RenderText {#text} at (0,0) size 197x19
                  text run at (0,0) width 197: "This sentence should be green."
              RenderBlock {P} at (4,40) size 197x20 [color=#008000]
                RenderText {#text} at (0,0) size 197x19
                  text run at (0,0) width 197: "This sentence should be green."
              RenderBlock {P} at (4,76) size 197x20 [color=#008000]
                RenderText {#text} at (0,0) size 197x19
                  text run at (0,0) width 197: "This sentence should be green."
