layer at (0,0) size 800x749
  RenderView at (0,0) size 800x600
layer at (0,0) size 800x749
  RenderBlock {HTML} at (0,0) size 800x750
    RenderBody {BODY} at (8,8) size 784x734 [color=#008000] [bgcolor=#CCCCCC]
      RenderBlock {P} at (0,0) size 784x20
        RenderText {#text} at (0,0) size 363x19
          text run at (0,0) width 363: "The style declarations which apply to the text below are:"
      RenderBlock {PRE} at (0,36) size 784x98
        RenderText {#text} at (0,0) size 266x98
          text run at (0,0) width 157: "BODY {color: green;}"
          text run at (156,0) width 1: " "
          text run at (0,14) width 133: "H3 {color: blue;}"
          text run at (132,14) width 1: " "
          text run at (0,28) width 149: "EM {color: purple;}"
          text run at (148,28) width 1: " "
          text run at (0,42) width 203: ".one {font-style: italic;}"
          text run at (202,42) width 1: " "
          text run at (0,56) width 266: ".two {text-decoration: underline;}"
          text run at (265,56) width 1: " "
          text run at (0,70) width 149: "#two {color: navy;}"
          text run at (148,70) width 1: " "
          text run at (0,84) width 180: ".three {color: purple;}"
          text run at (179,84) width 1: " "
      RenderBlock {H3} at (0,167) size 784x24 [color=#0000FF]
        RenderText {#text} at (0,0) size 216x22
          text run at (0,0) width 216: "This sentence should show "
        RenderInline {STRONG} at (0,0) size 35x22
          RenderText {#text} at (215,0) size 35x22
            text run at (215,0) width 35: "blue"
        RenderText {#text} at (249,0) size 41x22
          text run at (249,0) width 41: " and "
        RenderInline {EM} at (0,0) size 51x22 [color=#800080]
          RenderText {#text} at (289,0) size 51x22
            text run at (289,0) width 51: "purple"
        RenderText {#text} at (339,0) size 5x22
          text run at (339,0) width 5: "."
      RenderBlock {H3} at (0,209) size 784x24 [color=#0000FF]
        RenderText {#text} at (0,0) size 194x22
          text run at (0,0) width 194: "This sentence should be "
        RenderInline {SPAN} at (0,0) size 34x22
          RenderText {#text} at (193,0) size 34x22
            text run at (193,0) width 34: "blue"
        RenderText {#text} at (226,0) size 101x22
          text run at (226,0) width 101: " throughout."
      RenderBlock {P} at (0,251) size 784x21
        RenderText {#text} at (0,0) size 230x19
          text run at (0,0) width 230: "This should be green except for the "
        RenderInline {EM} at (0,0) size 118x19 [color=#800080]
          RenderText {#text} at (229,0) size 118x19
            text run at (229,0) width 118: "emphasized words"
        RenderText {#text} at (346,0) size 163x19
          text run at (346,0) width 163: ", which should be purple."
      RenderBlock {H3} at (0,289) size 784x24 [color=#0000FF]
        RenderText {#text} at (0,0) size 288x22
          text run at (0,0) width 288: "This should be blue and underlined."
      RenderBlock {P} at (0,331) size 784x21
        RenderText {#text} at (0,0) size 299x19
          text run at (0,0) width 299: "This sentence should be underlined, including "
        RenderInline {TT} at (0,0) size 71x14
          RenderText {#text} at (298,5) size 71x14
            text run at (298,5) width 71: "this part"
        RenderText {#text} at (368,0) size 9x19
          text run at (368,0) width 9: ", "
        RenderInline {I} at (0,0) size 55x19
          RenderText {#text} at (376,0) size 55x19
            text run at (376,0) width 55: "this part"
        RenderText {#text} at (430,0) size 9x19
          text run at (430,0) width 9: ", "
        RenderInline {EM} at (0,0) size 54x19 [color=#800080]
          RenderText {#text} at (438,0) size 54x19
            text run at (438,0) width 54: "this part"
        RenderText {#text} at (491,0) size 37x19
          text run at (491,0) width 37: ", and "
        RenderInline {STRONG} at (0,0) size 59x19
          RenderText {#text} at (527,0) size 59x19
            text run at (527,0) width 59: "this part"
        RenderText {#text} at (585,0) size 5x19
          text run at (585,0) width 5: "."
      RenderBlock {P} at (0,367) size 784x21 [color=#000080]
        RenderText {#text} at (0,0) size 444x19
          text run at (0,0) width 444: "This sentence should also be underlined, as well as dark blue (navy), "
        RenderInline {TT} at (0,0) size 149x14
          RenderText {#text} at (443,5) size 149x14
            text run at (443,5) width 149: "including this part"
        RenderText {#text} at (591,0) size 5x19
          text run at (591,0) width 5: "."
      RenderBlock {P} at (0,403) size 784x21 [color=#800080]
        RenderText {#text} at (0,0) size 271x19
          text run at (0,0) width 271: "This sentence should be purple, including "
        RenderInline {STRONG} at (0,0) size 59x19
          RenderText {#text} at (270,0) size 59x19
            text run at (270,0) width 59: "this part"
        RenderText {#text} at (328,0) size 32x19
          text run at (328,0) width 32: " and "
        RenderInline {SPAN} at (0,0) size 178x19
          RenderText {#text} at (359,0) size 178x19
            text run at (359,0) width 178: "this part (which is spanned)"
        RenderText {#text} at (536,0) size 5x19
          text run at (536,0) width 5: "."
      RenderTable {TABLE} at (0,439) size 618x295 [border: (1px outset #808080)]
        RenderTableSection {TBODY} at (1,1) size 616x292
          RenderTableRow {TR} at (0,0) size 616x28
            RenderTableCell {TD} at (0,0) size 616x28 [bgcolor=#C0C0C0] [border: (1px inset #808080)] [r=0 c=0 rs=1 cs=2]
              RenderInline {STRONG} at (0,0) size 161x19
                RenderText {#text} at (4,4) size 161x19
                  text run at (4,4) width 161: "TABLE Testing Section"
          RenderTableRow {TR} at (0,28) size 616x264
            RenderTableCell {TD} at (0,145) size 12x29 [bgcolor=#C0C0C0] [border: (1px inset #808080)] [r=1 c=0 rs=1 cs=1]
              RenderText {#text} at (4,3) size 4x21
                text run at (4,4) width 4: " "
            RenderTableCell {TD} at (12,28) size 604x264 [border: (1px inset #808080)] [r=1 c=1 rs=1 cs=1]
              RenderBlock {H3} at (4,4) size 596x23 [color=#0000FF]
                RenderText {#text} at (0,0) size 216x22
                  text run at (0,0) width 216: "This sentence should show "
                RenderInline {STRONG} at (0,0) size 35x22
                  RenderText {#text} at (215,0) size 35x22
                    text run at (215,0) width 35: "blue"
                RenderText {#text} at (249,0) size 41x22
                  text run at (249,0) width 41: " and "
                RenderInline {EM} at (0,0) size 51x22 [color=#800080]
                  RenderText {#text} at (289,0) size 51x22
                    text run at (289,0) width 51: "purple"
                RenderText {#text} at (339,0) size 5x22
                  text run at (339,0) width 5: "."
              RenderBlock {H3} at (4,45) size 596x24 [color=#0000FF]
                RenderText {#text} at (0,0) size 194x22
                  text run at (0,0) width 194: "This sentence should be "
                RenderInline {SPAN} at (0,0) size 34x22
                  RenderText {#text} at (193,0) size 34x22
                    text run at (193,0) width 34: "blue"
                RenderText {#text} at (226,0) size 101x22
                  text run at (226,0) width 101: " throughout."
              RenderBlock {P} at (4,87) size 596x21
                RenderText {#text} at (0,0) size 230x19
                  text run at (0,0) width 230: "This should be green except for the "
                RenderInline {EM} at (0,0) size 118x19 [color=#800080]
                  RenderText {#text} at (229,0) size 118x19
                    text run at (229,0) width 118: "emphasized words"
                RenderText {#text} at (346,0) size 163x19
                  text run at (346,0) width 163: ", which should be purple."
              RenderBlock {H3} at (4,126) size 596x24 [color=#0000FF]
                RenderText {#text} at (0,0) size 288x22
                  text run at (0,0) width 288: "This should be blue and underlined."
              RenderBlock {P} at (4,167) size 596x21
                RenderText {#text} at (0,0) size 299x19
                  text run at (0,0) width 299: "This sentence should be underlined, including "
                RenderInline {TT} at (0,0) size 71x14
                  RenderText {#text} at (298,5) size 71x14
                    text run at (298,5) width 71: "this part"
                RenderText {#text} at (368,0) size 9x19
                  text run at (368,0) width 9: ", "
                RenderInline {I} at (0,0) size 55x19
                  RenderText {#text} at (376,0) size 55x19
                    text run at (376,0) width 55: "this part"
                RenderText {#text} at (430,0) size 9x19
                  text run at (430,0) width 9: ", "
                RenderInline {EM} at (0,0) size 54x19 [color=#800080]
                  RenderText {#text} at (438,0) size 54x19
                    text run at (438,0) width 54: "this part"
                RenderText {#text} at (491,0) size 37x19
                  text run at (491,0) width 37: ", and "
                RenderInline {STRONG} at (0,0) size 59x19
                  RenderText {#text} at (527,0) size 59x19
                    text run at (527,0) width 59: "this part"
                RenderText {#text} at (585,0) size 5x19
                  text run at (585,0) width 5: "."
              RenderBlock {P} at (4,203) size 596x21 [color=#000080]
                RenderText {#text} at (0,0) size 444x19
                  text run at (0,0) width 444: "This sentence should also be underlined, as well as dark blue (navy), "
                RenderInline {TT} at (0,0) size 149x14
                  RenderText {#text} at (443,5) size 149x14
                    text run at (443,5) width 149: "including this part"
                RenderText {#text} at (591,0) size 5x19
                  text run at (591,0) width 5: "."
              RenderBlock {P} at (4,239) size 596x21 [color=#800080]
                RenderText {#text} at (0,0) size 271x19
                  text run at (0,0) width 271: "This sentence should be purple, including "
                RenderInline {STRONG} at (0,0) size 59x19
                  RenderText {#text} at (270,0) size 59x19
                    text run at (270,0) width 59: "this part"
                RenderText {#text} at (328,0) size 32x19
                  text run at (328,0) width 32: " and "
                RenderInline {SPAN} at (0,0) size 178x19
                  RenderText {#text} at (359,0) size 178x19
                    text run at (359,0) width 178: "this part (which is spanned)"
                RenderText {#text} at (536,0) size 5x19
                  text run at (536,0) width 5: "."
layer at (8,155) size 784x2 clip at (0,0) size 0x0
  RenderBlock {HR} at (0,147) size 784x2 [border: (1px inset #008000)]
