layer at (0,0) size 800x600
  RenderView at (0,0) size 800x600
layer at (0,0) size 800x136
  RenderBlock {HTML} at (0,0) size 800x136
    RenderBody {BODY} at (8,8) size 784x120
      RenderBlock {DIV} at (0,100) size 784x20
        RenderText {#text} at (0,0) size 540x19
          text run at (0,0) width 540: "PASS - \"webkitTransform.4\" property for \"box\" element at 1s saw something close to: 50"
        RenderBR {BR} at (540,0) size 0x19
layer at (8,8) size 784x100
  RenderBlock (relative positioned) {DIV} at (0,0) size 784x100
layer at (58,8) size 100x100
  RenderBlock (positioned) {DIV} at (50,0) size 100x100 [bgcolor=#FF0000]
layer at (8,8) size 100x100
  RenderBlock (positioned) {DIV} at (0,0) size 100x100 [bgcolor=#008000]
