layer at (0,0) size 800x600
  RenderView at (0,0) size 800x600
layer at (0,0) size 800x36
  RenderBlock {HTML} at (0,0) size 800x36
    RenderBody {BODY} at (8,8) size 784x20
      RenderText {#text} at (0,0) size 542x19
        text run at (0,0) width 304: "You should see a 100x100 green square below. "
        text run at (303,0) width 239: "If you see any red, the test has failed."
layer at (8,28) size 200x200 backgroundClip at (108,128) size 100x100 clip at (108,128) size 100x100
  RenderBlock (positioned) {DIV} at (8,28) size 200x200 [bgcolor=#008000]
    RenderBlock {DIV} at (0,0) size 100x100 [bgcolor=#FF0000]
