layer at (0,0) size 800x600
  RenderView at (0,0) size 800x600
layer at (0,0) size 800x76
  RenderBlock {HTML} at (0,0) size 800x76
    RenderBody {BODY} at (8,8) size 784x60
      RenderText {#text} at (0,0) size 754x59
        text run at (0,0) width 304: "You should see a 100x100 green square below. "
        text run at (303,0) width 373: "If you see nothing at all or see any red, the test has failed. "
        text run at (675,0) width 71: "This test is"
        text run at (0,20) width 298: "checking to make sure overflow is done using "
        text run at (297,20) width 457: "a containing block model, and that a fixed positioned element inside an"
        text run at (0,40) width 356: "absolute positioned element is not considered overflow."
      RenderText {#text} at (0,0) size 0x0
layer at (8,68) size 100x100
  RenderBlock (positioned) {DIV} at (8,68) size 100x100
layer at (100,100) size 100x100
  RenderBlock (positioned) {DIV} at (100,100) size 100x100
layer at (200,200) size 100x100
  RenderBlock (positioned) {DIV} at (100,100) size 100x100 [bgcolor=#008000]
