layer at (0,0) size 800x600
  RenderView at (0,0) size 800x600
layer at (0,0) size 800x56
  RenderBlock {HTML} at (0,0) size 800x56
    RenderBody {BODY} at (8,8) size 784x40
      RenderText {#text} at (0,0) size 763x39
        text run at (0,0) width 304: "You should see a 100x100 green square below. "
        text run at (303,0) width 243: "If you see any red, the test has failed. "
        text run at (545,0) width 218: "This test is checking to make sure"
        text run at (0,20) width 412: "clip applies to the element itself and starts from the border edge."
      RenderText {#text} at (0,0) size 0x0
layer at (8,48) size 120x120 backgroundClip at (18,58) size 100x100 clip at (18,58) size 100x100
  RenderBlock (positioned) {DIV} at (8,48) size 120x120 [bgcolor=#008000] [border: (10px solid #FF0000)]
