layer at (0,0) size 800x600
  RenderView at (0,0) size 800x600
layer at (0,0) size 800x388
  RenderBlock {HTML} at (0,0) size 800x388
    RenderBody {BODY} at (32,32) size 736x324 [bgcolor=#CCCCCC]
layer at (143,32) size 514x146 clip at (144,33) size 497x144 scrollHeight 313
  RenderBlock {DIV} at (111,0) size 514x146 [bgcolor=#FFFFFF] [border: (1px solid #999999)]
    RenderBlock {P} at (17,17) size 465x72
      RenderText {#text} at (0,0) size 225x18
        text run at (0,0) width 225: "This page is to test the behavior of "
      RenderInline {CODE} at (0,0) size 134x15
        RenderText {#text} at (224,2) size 134x15
          text run at (224,2) width 134: "position:absolute"
      RenderText {#text} at (357,0) size 452x36
        text run at (357,0) width 95: " content which"
        text run at (0,18) width 294: "is a child of an overflowed parent object with "
      RenderInline {CODE} at (0,0) size 103x15
        RenderText {#text} at (293,20) size 103x15
          text run at (293,20) width 103: "overflow:auto"
      RenderText {#text} at (395,18) size 432x36
        text run at (395,18) width 37: ", both"
        text run at (0,36) width 176: "when the parent element is "
      RenderInline {CODE} at (0,0) size 118x15
        RenderText {#text} at (175,38) size 118x15
          text run at (175,38) width 118: "position:static"
      RenderText {#text} at (292,36) size 95x18
        text run at (292,36) width 95: " (top case) and"
      RenderInline {CODE} at (0,0) size 133x15
        RenderText {#text} at (0,56) size 133x15
          text run at (0,56) width 133: "position:relative"
      RenderText {#text} at (132,54) size 97x18
        text run at (132,54) width 97: " (bottom case)."
    RenderBlock {P} at (17,105) size 465x180 [color=#999999]
      RenderText {#text} at (0,0) size 461x180
        text run at (0,0) width 448: "Following extra content exists to ensure that the parent box overflows properly. Sed ut"
        text run at (0,15) width 417: "perspiciatis unde omnis iste natus error sit voluptatem accusantium doloremque"
        text run at (0,30) width 435: "laudantium, totam rem aperiam, eaque ipsa quae ab illo inventore veritatis et quasi"
        text run at (0,45) width 461: "architecto beatae vitae dicta sunt explicabo. Nemo enim ipsam voluptatem quia voluptas"
        text run at (0,60) width 446: "sit aspernatur aut odit aut fugit, sed quia consequuntur magni dolores eos qui ratione"
        text run at (0,75) width 456: "voluptatem sequi nesciunt. Neque porro quisquam est, qui dolorem ipsum quia dolor sit"
        text run at (0,90) width 451: "amet, consectetur, adipisci velit, sed quia non numquam eius modi tempora incidunt ut"
        text run at (0,105) width 457: "labore et dolore magnam aliquam quaerat voluptatem. Ut enim ad minima veniam, quis"
        text run at (0,120) width 418: "nostrum exercitationem ullam corporis suscipit laboriosam, nisi ut aliquid ex ea"
        text run at (0,135) width 452: "commodi consequatur? Quis autem vel eum iure reprehenderit qui in ea voluptate velit"
        text run at (0,150) width 447: "esse quam nihil molestiae consequatur, vel illum qui dolorem eum fugiat quo voluptas"
        text run at (0,165) width 80: "nulla pariatur?"
layer at (0,0) size 40x34
  RenderBlock (positioned) {P} at (0,0) size 41x34 [bgcolor=#FF0000]
    RenderText {#text} at (8,8) size 25x18
      text run at (8,8) width 25: "hi 1"
layer at (143,210) size 514x146 clip at (144,211) size 497x144 scrollHeight 365
  RenderBlock (relative positioned) {DIV} at (111,178) size 514x146 [bgcolor=#FFFFFF] [border: (1px solid #999999)]
    RenderBlock {P} at (17,17) size 465x36
      RenderText {#text} at (0,0) size 459x36
        text run at (0,0) width 459: "Safari v1.2.2 incorrectly scrolls the 'hi 1' div when its parent is scrolled."
        text run at (0,18) width 350: "If you resize the page even a little, this bug fixes itself."
    RenderBlock {P} at (17,69) size 465x72
      RenderText {#text} at (0,0) size 410x18
        text run at (0,0) width 410: "Safari v1.2.2 also (really odd) causes the entire second div to be"
      RenderInline {CODE} at (0,0) size 86x15
        RenderText {#text} at (0,20) size 86x15
          text run at (0,20) width 86: "opacity:0.5"
      RenderText {#text} at (85,18) size 450x54
        text run at (85,18) width 358: ", despite the fact that this property is only applied to the"
        text run at (0,36) width 450: "child item. This problem fixes itself if you resize the window and then"
        text run at (0,54) width 87: "scroll the div."
    RenderBlock {P} at (17,157) size 465x180 [color=#999999]
      RenderText {#text} at (0,0) size 461x180
        text run at (0,0) width 448: "Following extra content exists to ensure that the parent box overflows properly. Sed ut"
        text run at (0,15) width 417: "perspiciatis unde omnis iste natus error sit voluptatem accusantium doloremque"
        text run at (0,30) width 435: "laudantium, totam rem aperiam, eaque ipsa quae ab illo inventore veritatis et quasi"
        text run at (0,45) width 461: "architecto beatae vitae dicta sunt explicabo. Nemo enim ipsam voluptatem quia voluptas"
        text run at (0,60) width 446: "sit aspernatur aut odit aut fugit, sed quia consequuntur magni dolores eos qui ratione"
        text run at (0,75) width 456: "voluptatem sequi nesciunt. Neque porro quisquam est, qui dolorem ipsum quia dolor sit"
        text run at (0,90) width 451: "amet, consectetur, adipisci velit, sed quia non numquam eius modi tempora incidunt ut"
        text run at (0,105) width 457: "labore et dolore magnam aliquam quaerat voluptatem. Ut enim ad minima veniam, quis"
        text run at (0,120) width 418: "nostrum exercitationem ullam corporis suscipit laboriosam, nisi ut aliquid ex ea"
        text run at (0,135) width 452: "commodi consequatur? Quis autem vel eum iure reprehenderit qui in ea voluptate velit"
        text run at (0,150) width 447: "esse quam nihil molestiae consequatur, vel illum qui dolorem eum fugiat quo voluptas"
        text run at (0,165) width 80: "nulla pariatur?"
layer at (144,211) size 40x34
  RenderBlock (positioned) {P} at (1,1) size 41x34 [bgcolor=#FF0000]
    RenderText {#text} at (8,8) size 25x18
      text run at (8,8) width 25: "hi 2"
