layer at (0,0) size 800x600
  RenderView at (0,0) size 800x600
layer at (0,0) size 800x356
  RenderBlock {html} at (0,0) size 800x356
    RenderBody {body} at (8,8) size 784x340
      RenderBlock (anonymous) at (0,0) size 784x306
        RenderText {#text} at (0,0) size 0x0
        RenderBR {br} at (302,288) size 0x18
      RenderBlock {p} at (0,322) size 784x0
      RenderBlock {p} at (0,322) size 784x0
      RenderBlock (anonymous) at (0,322) size 784x18
        RenderText {#text} at (0,0) size 569x18
          text run at (0,0) width 569: "The circle should not be (partially or fully)visible at the original position after moving it."
layer at (8,8) size 302x302 clip at (9,9) size 300x300
  RenderSVGRoot {svg} at (0,0) size 302x302 [border: (1px solid #000000)]
layer at (9,9) size 300x300
  RenderSVGViewportContainer at (1,1) size 300x300
layer at (259,259) size 100x100 backgroundClip at (9,9) size 300x300 clip at (9,9) size 300x300
  RenderSVGEllipse {circle} at (250,250) size 100x100 [fill={[type=SOLID] [color=#FF0000]}] [cx=300.00] [cy=300.00] [r=50.00]
