layer at (0,0) size 800x600
  RenderView at (0,0) size 800x600
layer at (0,0) size 800x600
  RenderBlock {HTML} at (0,0) size 800x600
    RenderBody {BODY} at (8,8) size 784x584
      RenderTable {TABLE} at (0,0) size 784x121 [border: (1px outset #808080)]
        RenderTableSection {TBODY} at (1,1) size 782x119
          RenderTableRow {TR} at (0,2) size 782x115
            RenderTableCell {TD} at (2,2) size 76x115 [border: (1px inset #808080)] [r=0 c=0 rs=1 cs=1]
              RenderText {#text} at (2,2) size 72x72
                text run at (2,2) width 60: "check for"
                text run at (2,20) width 56: "handling"
                text run at (2,38) width 14: "of"
                text run at (2,56) width 72: "whitespace"
              RenderImage {IMG} at (2,74) size 20x17
              RenderText {#text} at (22,77) size 69x36
                text run at (22,77) width 49: " around"
                text run at (2,95) width 63: "the image"
            RenderTableCell {TD} at (79,48) size 701x23 [border: (1px inset #808080)] [r=0 c=1 rs=1 cs=1]
              RenderText {#text} at (2,1) size 12x20
                text run at (2,2) width 12: "X"
      RenderTable {TABLE} at (0,139) size 784x153 [border: (1px outset #808080)]
        RenderTableSection {TBODY} at (1,1) size 782x151
          RenderTableRow {TR} at (0,2) size 782x147
            RenderTableCell {TD} at (2,2) size 24x147 [border: (1px inset #808080)] [r=0 c=0 rs=1 cs=1]
              RenderText {#text} at (2,2) size 16x72
                text run at (2,2) width 15: "aa"
                text run at (2,20) width 16: "bb"
                text run at (2,38) width 15: "cc"
                text run at (2,56) width 16: "dd"
              RenderImage {IMG} at (2,74) size 20x17
              RenderText {#text} at (2,91) size 16x54
                text run at (2,91) width 15: "ee"
                text run at (2,109) width 11: "ff"
                text run at (2,127) width 16: "gg"
            RenderTableCell {TD} at (28,64) size 752x23 [border: (1px inset #808080)] [r=0 c=1 rs=1 cs=1]
              RenderText {#text} at (2,1) size 12x20
                text run at (2,2) width 12: "X"
      RenderTable {TABLE} at (0,310) size 784x49 [border: (1px outset #808080)]
        RenderTableSection {TBODY} at (1,1) size 782x47
          RenderTableRow {TR} at (0,2) size 782x43
            RenderTableCell {TD} at (2,2) size 217x43 [border: (1px inset #808080)] [r=0 c=0 rs=1 cs=1]
              RenderText {#text} at (2,2) size 213x18
                text run at (2,2) width 213: "checkforhandlingofnowhitespace"
              RenderImage {IMG} at (2,20) size 20x17
              RenderText {#text} at (22,23) size 108x18
                text run at (22,23) width 108: " aroundtheimage"
            RenderTableCell {TD} at (220,12) size 560x23 [border: (1px inset #808080)] [r=0 c=1 rs=1 cs=1]
              RenderText {#text} at (2,1) size 12x20
                text run at (2,2) width 12: "X"
      RenderTable {TABLE} at (0,377) size 784x31 [border: (1px outset #808080)]
        RenderTableSection {TBODY} at (1,1) size 782x29
          RenderTableRow {TR} at (0,2) size 782x25
            RenderTableCell {TD} at (2,2) size 340x25 [border: (1px inset #808080)] [r=0 c=0 rs=1 cs=1]
              RenderText {#text} at (2,5) size 213x18
                text run at (2,5) width 213: "checkforhandlingofnowhitespace"
              RenderImage {IMG} at (214,2) size 21x17
              RenderText {#text} at (234,5) size 104x18
                text run at (234,5) width 104: "aroundtheimage"
            RenderTableCell {TD} at (343,3) size 437x23 [border: (1px inset #808080)] [r=0 c=1 rs=1 cs=1]
              RenderText {#text} at (2,1) size 12x20
                text run at (2,2) width 12: "X"
layer at (8,137) size 77x2 clip at (0,0) size 0x0
  RenderBlock {HR} at (0,129) size 77x2 [border: (1px inset #000000)]
layer at (8,308) size 77x2 clip at (0,0) size 0x0
  RenderBlock {HR} at (0,300) size 77x2 [border: (1px inset #000000)]
layer at (8,375) size 77x2 clip at (0,0) size 0x0
  RenderBlock {HR} at (0,367) size 77x2 [border: (1px inset #000000)]
