layer at (0,0) size 800x600
  RenderView at (0,0) size 800x600
layer at (0,0) size 800x600
  RenderBlock {HTML} at (0,0) size 800x600
    RenderBody {BODY} at (8,8) size 784x576
      RenderBlock {P} at (0,0) size 784x154
        RenderBlock (anonymous) at (0,0) size 784x72
          RenderText {#text} at (0,0) size 344x18
            text run at (0,0) width 344: "In the yellow table the \"W\" is clipped on its left edge."
          RenderBR {BR} at (343,0) size 1x18
          RenderText {#text} at (0,18) size 173x18
            text run at (0,18) width 173: "The only difference is that:"
          RenderBR {BR} at (172,18) size 1x18
          RenderText {#text} at (0,36) size 249x18
            text run at (0,36) width 249: "yellow table has CELLPADDING=\"0\""
          RenderBR {BR} at (248,36) size 1x18
          RenderText {#text} at (0,54) size 238x18
            text run at (0,54) width 238: "grey table has CELLPADDING=\"1\"."
        RenderTable {TABLE} at (0,72) size 40x40 [bgcolor=#FFFF00]
          RenderTableSection {TBODY} at (0,0) size 40x40
            RenderTableRow {TR} at (0,2) size 40x36
              RenderTableCell {TD} at (2,2) size 36x36 [r=0 c=0 rs=1 cs=1]
                RenderInline {FONT} at (0,0) size 29x36
                  RenderText {#text} at (0,0) size 29x36
                    text run at (0,0) width 29: "Online"
                    text run at (0,12) width 24: "Web-"
                    text run at (0,24) width 24: "Store"
        RenderTable {TABLE} at (0,112) size 40x42 [bgcolor=#EEEEEE]
          RenderTableSection {TBODY} at (0,0) size 40x42
            RenderTableRow {TR} at (0,2) size 40x38
              RenderTableCell {TD} at (2,2) size 36x38 [r=0 c=0 rs=1 cs=1]
                RenderInline {FONT} at (0,0) size 29x36
                  RenderText {#text} at (1,1) size 29x36
                    text run at (1,1) width 29: "Online"
                    text run at (1,13) width 24: "Web-"
                    text run at (1,25) width 24: "Store"
