layer at (0,0) size 800x600
  RenderView at (0,0) size 800x600
layer at (0,0) size 800x600
  RenderBlock {HTML} at (0,0) size 800x600
    RenderBody {BODY} at (8,8) size 784x584
      RenderTable {TABLE} at (0,0) size 611x30
        RenderTableSection {TBODY} at (0,0) size 611x30
          RenderTableRow {TR} at (0,2) size 611x26
            RenderTableCell {TD} at (2,2) size 607x26 [r=0 c=0 rs=1 cs=1]
              RenderTable {TABLE} at (1,1) size 605x24
                RenderTableSection {TBODY} at (0,0) size 605x24
                  RenderTableRow {TR} at (0,2) size 605x20
                    RenderTableCell {TD} at (2,2) size 35x20 [r=0 c=0 rs=1 cs=1]
                      RenderText {#text} at (1,1) size 33x18
                        text run at (1,1) width 33: "news"
                    RenderTableCell {TD} at (38,2) size 57x20 [r=0 c=1 rs=1 cs=1]
                      RenderText {#text} at (1,1) size 54x18
                        text run at (1,1) width 54: "archives"
                    RenderTableCell {TD} at (96,2) size 62x20 [r=0 c=2 rs=1 cs=1]
                      RenderText {#text} at (1,1) size 60x18
                        text run at (1,1) width 60: "hardware"
                    RenderTableCell {TD} at (159,2) size 36x20 [r=0 c=3 rs=1 cs=1]
                      RenderText {#text} at (1,1) size 33x18
                        text run at (1,1) width 33: "shots"
                    RenderTableCell {TD} at (196,2) size 44x20 [r=0 c=4 rs=1 cs=1]
                      RenderText {#text} at (1,1) size 41x18
                        text run at (1,1) width 41: "games"
                    RenderTableCell {TD} at (241,2) size 30x20 [r=0 c=5 rs=1 cs=1]
                      RenderText {#text} at (1,1) size 27x18
                        text run at (1,1) width 27: "files"
                    RenderTableCell {TD} at (272,2) size 75x20 [r=0 c=6 rs=1 cs=1]
                      RenderText {#text} at (1,1) size 72x18
                        text run at (1,1) width 72: "reviewseek"
                    RenderTableCell {TD} at (348,2) size 48x20 [r=0 c=7 rs=1 cs=1]
                      RenderText {#text} at (1,1) size 46x18
                        text run at (1,1) width 46: "forums"
                    RenderTableCell {TD} at (397,2) size 70x20 [r=0 c=8 rs=1 cs=1]
                      RenderText {#text} at (1,1) size 67x18
                        text run at (1,1) width 67: "interviews"
                    RenderTableCell {TD} at (468,2) size 38x20 [r=0 c=9 rs=1 cs=1]
                      RenderText {#text} at (1,1) size 36x18
                        text run at (1,1) width 36: "about"
                    RenderTableCell {TD} at (507,2) size 34x20 [r=0 c=10 rs=1 cs=1]
                      RenderText {#text} at (1,1) size 32x18
                        text run at (1,1) width 32: "links"
                    RenderTableCell {TD} at (542,2) size 61x20 [r=0 c=11 rs=1 cs=1]
                      RenderText {#text} at (1,1) size 58x18
                        text run at (1,1) width 58: "advertise"
