layer at (0,0) size 785x2276
  RenderView at (0,0) size 785x600
layer at (0,0) size 785x2276
  RenderBlock {HTML} at (0,0) size 785x2276
    RenderBody {BODY} at (8,8) size 769x2260 [bgcolor=#19BCD2]
      RenderTable {TABLE} at (0,0) size 769x200 [bgcolor=#FFA500] [border: (1px outset #808080)]
        RenderTableSection {TBODY} at (1,1) size 767x198
          RenderTableRow {TR} at (0,0) size 767x159
            RenderTableCell {TD} at (0,0) size 767x20 [border: (1px inset #808080)] [r=0 c=0 rs=1 cs=1]
              RenderText {#text} at (1,1) size 161x18
                text run at (1,1) width 161: "80% of table 200px table"
          RenderTableRow {TR} at (0,158) size 767x40
            RenderTableCell {TD} at (0,158) size 767x21 [border: (1px inset #808080)] [r=1 c=0 rs=1 cs=1]
              RenderText {#text} at (1,1) size 161x18
                text run at (1,1) width 161: "20% of table 200px table"
      RenderBlock (anonymous) at (0,199) size 769x19
        RenderBR {BR} at (0,0) size 0x18
      RenderTable {TABLE} at (0,217) size 769x43 [bgcolor=#FFA500] [border: (1px outset #808080)]
        RenderTableSection {TBODY} at (1,1) size 767x40
          RenderTableRow {TR} at (0,0) size 767x20
            RenderTableCell {TD} at (0,0) size 767x20 [border: (1px inset #808080)] [r=0 c=0 rs=1 cs=1]
              RenderText {#text} at (1,1) size 132x18
                text run at (1,1) width 132: "80% of 200px tbody"
          RenderTableRow {TR} at (0,20) size 767x20
            RenderTableCell {TD} at (0,20) size 767x20 [border: (1px inset #808080)] [r=1 c=0 rs=1 cs=1]
              RenderText {#text} at (1,1) size 132x18
                text run at (1,1) width 132: "20% of 200px tbody"
      RenderBlock (anonymous) at (0,259) size 769x19
        RenderBR {BR} at (0,0) size 0x18
      RenderTable {TABLE} at (0,277) size 769x43 [bgcolor=#FFA500] [border: (1px outset #808080)]
        RenderTableSection {TBODY} at (1,1) size 767x40
          RenderTableRow {TR} at (0,0) size 767x20
            RenderTableCell {TD} at (0,0) size 767x20 [border: (1px inset #808080)] [r=0 c=0 rs=1 cs=1]
              RenderText {#text} at (1,1) size 132x18
                text run at (1,1) width 132: "80% of 200px tbody"
          RenderTableRow {TR} at (0,20) size 767x20
            RenderTableCell {TD} at (0,20) size 767x20 [border: (1px inset #808080)] [r=1 c=0 rs=1 cs=1]
              RenderText {#text} at (1,1) size 132x18
                text run at (1,1) width 132: "20% of 200px tbody"
      RenderBlock (anonymous) at (0,319) size 769x19
        RenderBR {BR} at (0,0) size 0x18
      RenderTable {TABLE} at (0,337) size 769x201 [bgcolor=#FFA500] [border: (1px outset #808080)]
        RenderTableSection {TBODY} at (1,1) size 767x198
          RenderTableRow {TR} at (0,0) size 767x159
            RenderTableCell {TD} at (0,0) size 767x20 [border: (1px inset #808080)] [r=0 c=0 rs=1 cs=1]
              RenderText {#text} at (1,1) size 155x18
                text run at (1,1) width 155: "row 80% of 200px table"
          RenderTableRow {TR} at (0,158) size 767x40
            RenderTableCell {TD} at (0,158) size 767x21 [border: (1px inset #808080)] [r=1 c=0 rs=1 cs=1]
              RenderText {#text} at (1,1) size 155x18
                text run at (1,1) width 155: "row 20% of 200px table"
      RenderBlock (anonymous) at (0,537) size 769x19
        RenderBR {BR} at (0,0) size 0x18
      RenderTable {TABLE} at (0,555) size 769x43 [bgcolor=#FFA500] [border: (1px outset #808080)]
        RenderTableSection {TBODY} at (1,1) size 767x40
          RenderTableRow {TR} at (0,0) size 767x20
            RenderTableCell {TD} at (0,0) size 767x20 [border: (1px inset #808080)] [r=0 c=0 rs=1 cs=1]
              RenderText {#text} at (1,1) size 160x18
                text run at (1,1) width 160: "row 80% of 200px tbody"
          RenderTableRow {TR} at (0,20) size 767x20
            RenderTableCell {TD} at (0,20) size 767x20 [border: (1px inset #808080)] [r=1 c=0 rs=1 cs=1]
              RenderText {#text} at (1,1) size 160x18
                text run at (1,1) width 160: "row 20% of 200px tbody"
      RenderBlock (anonymous) at (0,597) size 769x19
        RenderBR {BR} at (0,0) size 0x18
      RenderTable {TABLE} at (0,615) size 769x381 [bgcolor=#FFA500] [border: (1px outset #808080)]
        RenderTableSection {TBODY} at (1,1) size 767x378
          RenderTableRow {TR} at (0,0) size 767x378
            RenderTableCell {TD} at (0,0) size 767x648 [border: (1px inset #808080)] [r=0 c=0 rs=1 cs=1]
              RenderTable {TABLE} at (1,1) size 765x376 [bgcolor=#FFFF00]
                RenderTableSection {TBODY} at (0,0) size 765x376
                  RenderTableRow {TR} at (0,0) size 765x376
                    RenderTableCell {TD} at (0,179) size 765x18 [r=0 c=0 rs=1 cs=1]
                      RenderText {#text} at (0,0) size 12x18
                        text run at (0,0) width 12: " x"
              RenderTable {TABLE} at (1,377) size 765x270
                RenderTableSection {TBODY} at (0,0) size 765x270
                  RenderTableRow {TR} at (0,0) size 765x270
                    RenderTableCell {TD} at (0,0) size 765x270 [bgcolor=#E0FFFF] [r=0 c=0 rs=1 cs=1]
                      RenderText {#text} at (0,0) size 113x18
                        text run at (0,0) width 82: "yuiyututuyu "
                        text run at (81,0) width 32: "fesfe"
                      RenderBR {BR} at (112,0) size 1x18
                      RenderText {#text} at (0,18) size 4x18
                        text run at (0,18) width 4: " "
                      RenderBR {BR} at (4,18) size 0x18
                      RenderText {#text} at (0,36) size 4x18
                        text run at (0,36) width 4: " "
                      RenderBR {BR} at (4,36) size 0x18
                      RenderText {#text} at (0,54) size 4x18
                        text run at (0,54) width 4: " "
                      RenderBR {BR} at (4,54) size 0x18
                      RenderText {#text} at (0,72) size 4x18
                        text run at (0,72) width 4: " "
                      RenderBR {BR} at (4,72) size 0x18
                      RenderText {#text} at (0,90) size 4x18
                        text run at (0,90) width 4: " "
                      RenderBR {BR} at (4,90) size 0x18
                      RenderText {#text} at (0,108) size 4x18
                        text run at (0,108) width 4: " "
                      RenderBR {BR} at (4,108) size 0x18
                      RenderText {#text} at (0,126) size 4x18
                        text run at (0,126) width 4: " "
                      RenderBR {BR} at (4,126) size 0x18
                      RenderText {#text} at (0,144) size 4x18
                        text run at (0,144) width 4: " "
                      RenderBR {BR} at (4,144) size 0x18
                      RenderText {#text} at (0,162) size 4x18
                        text run at (0,162) width 4: " "
                      RenderBR {BR} at (4,162) size 0x18
                      RenderText {#text} at (0,180) size 4x18
                        text run at (0,180) width 4: " "
                      RenderBR {BR} at (4,180) size 0x18
                      RenderText {#text} at (0,198) size 4x18
                        text run at (0,198) width 4: " "
                      RenderBR {BR} at (4,198) size 0x18
                      RenderText {#text} at (0,216) size 4x18
                        text run at (0,216) width 4: " "
                      RenderBR {BR} at (4,216) size 0x18
                      RenderText {#text} at (0,234) size 4x18
                        text run at (0,234) width 4: " "
                      RenderBR {BR} at (4,234) size 0x18
                      RenderText {#text} at (0,252) size 4x18
                        text run at (0,252) width 4: " "
      RenderBlock (anonymous) at (0,995) size 769x19
        RenderBR {BR} at (0,0) size 0x18
      RenderTable {TABLE} at (0,1013) size 600x401 [border: (1px outset #808080)]
        RenderTableSection {TBODY} at (1,1) size 598x398
          RenderTableRow {TR} at (0,2) size 598x394
            RenderTableCell {TD} at (2,2) size 594x394 [border: (1px inset #808080)] [r=0 c=0 rs=1 cs=1]
              RenderTable {TABLE} at (2,2) size 590x390 [border: (1px outset #808080)]
                RenderTableSection {TBODY} at (1,1) size 588x388
                  RenderTableRow {TR} at (0,2) size 588x384
                    RenderTableCell {TD} at (2,2) size 584x384 [border: (1px inset #808080)] [r=0 c=0 rs=1 cs=1]
                      RenderTable {TABLE} at (2,2) size 580x380 [border: (1px outset #808080)]
                        RenderTableSection {TBODY} at (1,1) size 578x378
                          RenderTableRow {TR} at (0,2) size 578x374
                            RenderTableCell {TD} at (2,178) size 574x22 [border: (1px inset #808080)] [r=0 c=0 rs=1 cs=1]
                              RenderText {#text} at (2,2) size 22x18
                                text run at (2,2) width 22: "foo"
      RenderBlock (anonymous) at (0,1413) size 769x19
        RenderBR {BR} at (0,0) size 0x18
      RenderTable {TABLE} at (0,1431) size 64x23 [border: (1px outset #808080)]
        RenderTableSection {TBODY} at (1,1) size 62x20
          RenderTableRow {TR} at (0,0) size 62x20
            RenderTableCell {TD} at (0,0) size 62x20 [border: (1px inset #808080)] [r=0 c=0 rs=2 cs=1]
              RenderText {#text} at (1,1) size 60x18
                text run at (1,1) width 60: "blah blah"
          RenderTableRow {TR} at (0,20) size 62x0
      RenderBlock (anonymous) at (0,1453) size 769x19
        RenderBR {BR} at (0,0) size 0x18
      RenderTable {TABLE} at (0,1471) size 602x365 [border: (1px outset #808080)]
        RenderTableSection {TBODY} at (1,1) size 600x362
          RenderTableRow {TR} at (0,0) size 600x0
            RenderTableCell {TD} at (0,0) size 503x362 [bgcolor=#FFFFFF] [border: (1px inset #808080)] [r=0 c=0 rs=2 cs=2]
              RenderImage {IMG} at (1,1) size 132x360
          RenderTableRow {TR} at (0,0) size 600x362
            RenderTableCell {TD} at (502,171) size 98x20 [border: (1px inset #808080)] [r=1 c=2 rs=1 cs=6]
              RenderText {#text} at (72,1) size 25x18
                text run at (72,1) width 25: "xxx"
      RenderBlock (anonymous) at (0,1835) size 769x19
        RenderBR {BR} at (0,0) size 0x18
      RenderTable {TABLE} at (10,1853) size 749x407 [bgcolor=#808080]
        RenderTableSection {TBODY} at (0,0) size 748x406
          RenderTableRow {TR} at (0,4) size 748x398
            RenderTableCell {TD} at (4,4) size 740x398 [r=0 c=0 rs=1 cs=1]
              RenderTable {TABLE} at (3,3) size 734x392 [bgcolor=#FFA500] [border: (1px outset #808080)]
                RenderTableSection {TBODY} at (1,1) size 732x390
                  RenderTableRow {TR} at (0,0) size 732x390
                    RenderTableCell {TD} at (0,0) size 732x390 [border: (1px inset #808080)] [r=0 c=0 rs=1 cs=1]
                      RenderBlock (anonymous) at (1,1) size 730x18
                        RenderText {#text} at (0,0) size 8x18
                          text run at (0,0) width 8: "x"
                      RenderTable {TABLE} at (1,19) size 730x100 [bgcolor=#FFFF00]
                        RenderTableSection {TBODY} at (0,0) size 730x100
                          RenderTableRow {TR} at (0,0) size 730x100
                            RenderTableCell {TD} at (0,41) size 730x18 [r=0 c=0 rs=1 cs=1]
                              RenderText {#text} at (0,0) size 4x18
                                text run at (0,0) width 4: " "
                      RenderTable {TABLE} at (1,119) size 730x270
                        RenderTableSection {TBODY} at (0,0) size 730x270
                          RenderTableRow {TR} at (0,0) size 730x270
                            RenderTableCell {TD} at (0,0) size 730x270 [bgcolor=#E0FFFF] [r=0 c=0 rs=1 cs=1]
                              RenderText {#text} at (0,0) size 117x18
                                text run at (0,0) width 82: "yuiyututuyu "
                                text run at (81,0) width 36: "fesf e"
                              RenderBR {BR} at (116,0) size 1x18
                              RenderText {#text} at (0,18) size 4x18
                                text run at (0,18) width 4: " "
                              RenderBR {BR} at (4,18) size 0x18
                              RenderText {#text} at (0,36) size 4x18
                                text run at (0,36) width 4: " "
                              RenderBR {BR} at (4,36) size 0x18
                              RenderText {#text} at (0,54) size 4x18
                                text run at (0,54) width 4: " "
                              RenderBR {BR} at (4,54) size 0x18
                              RenderText {#text} at (0,72) size 4x18
                                text run at (0,72) width 4: " "
                              RenderBR {BR} at (4,72) size 0x18
                              RenderText {#text} at (0,90) size 4x18
                                text run at (0,90) width 4: " "
                              RenderBR {BR} at (4,90) size 0x18
                              RenderText {#text} at (0,108) size 4x18
                                text run at (0,108) width 4: " "
                              RenderBR {BR} at (4,108) size 0x18
                              RenderText {#text} at (0,126) size 4x18
                                text run at (0,126) width 4: " "
                              RenderBR {BR} at (4,126) size 0x18
                              RenderText {#text} at (0,144) size 4x18
                                text run at (0,144) width 4: " "
                              RenderBR {BR} at (4,144) size 0x18
                              RenderText {#text} at (0,162) size 4x18
                                text run at (0,162) width 4: " "
                              RenderBR {BR} at (4,162) size 0x18
                              RenderText {#text} at (0,180) size 4x18
                                text run at (0,180) width 4: " "
                              RenderBR {BR} at (4,180) size 0x18
                              RenderText {#text} at (0,198) size 4x18
                                text run at (0,198) width 4: " "
                              RenderBR {BR} at (4,198) size 0x18
                              RenderText {#text} at (0,216) size 4x18
                                text run at (0,216) width 4: " "
                              RenderBR {BR} at (4,216) size 0x18
                              RenderText {#text} at (0,234) size 4x18
                                text run at (0,234) width 4: " "
                              RenderBR {BR} at (4,234) size 0x18
                              RenderText {#text} at (0,252) size 4x18
                                text run at (0,252) width 4: " "
