layer at (0,0) size 785x664
  RenderView at (0,0) size 785x600
layer at (0,0) size 785x664
  RenderBlock {HTML} at (0,0) size 785x664
    RenderBody {BODY} at (8,8) size 769x648
      RenderTable {TABLE} at (0,0) size 769x648
        RenderTableSection {TBODY} at (0,0) size 769x648
          RenderTableRow {TR} at (0,0) size 769x324
            RenderTableCell {TD} at (0,0) size 235x324 [r=0 c=0 rs=1 cs=1]
              RenderTable {TABLE} at (0,0) size 235x324
                RenderTableSection {THEAD} at (0,0) size 235x18
                  RenderTableRow {TR} at (0,0) size 235x18
                    RenderTableCell {TH} at (0,0) size 235x18 [r=0 c=0 rs=1 cs=1]
                      RenderText {#text} at (79,0) size 76x18
                        text run at (79,0) width 76: "Header 1/1"
                RenderTableSection {TBODY} at (0,18) size 235x306
                  RenderTableRow {TR} at (0,0) size 235x306
                    RenderTableCell {TD} at (0,0) size 235x306 [r=0 c=0 rs=1 cs=1]
                      RenderText {#text} at (0,0) size 230x306
                        text run at (0,0) width 228: "1 2 3 - - - - - - - - - - - - - - - - - - - - -"
                        text run at (0,18) width 230: "- - - - - - - - - - - - - - - - - - - - - - - - -"
                        text run at (0,36) width 230: "- - - - - - - - - - - - - - - - - - - - - - - - -"
                        text run at (0,54) width 230: "- - - - - - - - - - - - - - - - - - - - - - - - -"
                        text run at (0,72) width 230: "- - - - - - - - - - - - - - - - - - - - - - - - -"
                        text run at (0,90) width 230: "- - - - - - - - - - - - - - - - - - - - - - - - -"
                        text run at (0,108) width 230: "- - - - - - - - - - - - - - - - - - - - - - - - -"
                        text run at (0,126) width 230: "- - - - - - - - - - - - - - - - - - - - - - - - -"
                        text run at (0,144) width 103: "- - - - - - - - - - - "
                        text run at (102,144) width 128: "- - - - - - - - - - - - - -"
                        text run at (0,162) width 230: "- - - - - - - - - - - - - - - - - - - - - - - - -"
                        text run at (0,180) width 230: "- - - - - - - - - - - - - - - - - - - - - - - - -"
                        text run at (0,198) width 230: "- - - - - - - - - - - - - - - - - - - - - - - - -"
                        text run at (0,216) width 230: "- - - - - - - - - - - - - - - - - - - - - - - - -"
                        text run at (0,234) width 230: "- - - - - - - - - - - - - - - - - - - - - - - - -"
                        text run at (0,252) width 230: "- - - - - - - - - - - - - - - - - - - - - - - - -"
                        text run at (0,270) width 230: "- - - - - - - - - - - - - - - - - - - - - - - - -"
                        text run at (0,288) width 192: "- - - - - - - - - - - - - - - - - - - - -"
            RenderTableCell {TD} at (234,0) size 301x324 [r=0 c=1 rs=1 cs=1]
              RenderTable {TABLE} at (0,0) size 301x324
                RenderTableSection {THEAD} at (0,0) size 301x18
                  RenderTableRow {TR} at (0,0) size 301x18
                    RenderTableCell {TH} at (0,0) size 301x18 [r=0 c=0 rs=1 cs=1]
                      RenderText {#text} at (112,0) size 76x18
                        text run at (112,0) width 76: "Header 2/1"
                RenderTableSection {TBODY} at (0,18) size 301x306
                  RenderTableRow {TR} at (0,0) size 301x306
                    RenderTableCell {TD} at (0,0) size 301x306 [r=0 c=0 rs=1 cs=1]
                      RenderText {#text} at (0,0) size 296x306
                        text run at (0,0) width 296: "1 2 3 # # # # # # # # # # # # # # # # # # # # # #"
                        text run at (0,18) width 296: "# # # # # # # # # # # # # # # # # # # # # # # # #"
                        text run at (0,36) width 296: "# # # # # # # # # # # # # # # # # # # # # # # # #"
                        text run at (0,54) width 296: "# # # # # # # # # # # # # # # # # # # # # # # # #"
                        text run at (0,72) width 296: "# # # # # # # # # # # # # # # # # # # # # # # # #"
                        text run at (0,90) width 296: "# # # # # # # # # # # # # # # # # # # # # # # # #"
                        text run at (0,108) width 296: "# # # # # # # # # # # # # # # # # # # # # # # # #"
                        text run at (0,126) width 296: "# # # # # # # # # # # # # # # # # # # # # # # # #"
                        text run at (0,144) width 120: "# # # # # # # # # # "
                        text run at (120,144) width 176: "# # # # # # # # # # # # # # #"
                        text run at (0,162) width 296: "# # # # # # # # # # # # # # # # # # # # # # # # #"
                        text run at (0,180) width 296: "# # # # # # # # # # # # # # # # # # # # # # # # #"
                        text run at (0,198) width 296: "# # # # # # # # # # # # # # # # # # # # # # # # #"
                        text run at (0,216) width 296: "# # # # # # # # # # # # # # # # # # # # # # # # #"
                        text run at (0,234) width 296: "# # # # # # # # # # # # # # # # # # # # # # # # #"
                        text run at (0,252) width 296: "# # # # # # # # # # # # # # # # # # # # # # # # #"
                        text run at (0,270) width 296: "# # # # # # # # # # # # # # # # # # # # # # # # #"
                        text run at (0,288) width 236: "# # # # # # # # # # # # # # # # # # # #"
            RenderTableCell {TD} at (534,0) size 236x324 [r=0 c=2 rs=1 cs=1]
              RenderTable {TABLE} at (0,0) size 235x324
                RenderTableSection {THEAD} at (0,0) size 235x18
                  RenderTableRow {TR} at (0,0) size 235x18
                    RenderTableCell {TH} at (0,0) size 235x18 [r=0 c=0 rs=1 cs=1]
                      RenderText {#text} at (79,0) size 76x18
                        text run at (79,0) width 76: "Header 3/1"
                RenderTableSection {TBODY} at (0,18) size 235x306
                  RenderTableRow {TR} at (0,0) size 235x306
                    RenderTableCell {TD} at (0,0) size 235x306 [r=0 c=0 rs=1 cs=1]
                      RenderText {#text} at (0,0) size 230x306
                        text run at (0,0) width 228: "1 2 3 ! ! ! ! ! ! ! ! ! ! ! ! ! ! ! ! ! ! ! ! !"
                        text run at (0,18) width 230: "! ! ! ! ! ! ! ! ! ! ! ! ! ! ! ! ! ! ! ! ! ! ! ! !"
                        text run at (0,36) width 230: "! ! ! ! ! ! ! ! ! ! ! ! ! ! ! ! ! ! ! ! ! ! ! ! !"
                        text run at (0,54) width 230: "! ! ! ! ! ! ! ! ! ! ! ! ! ! ! ! ! ! ! ! ! ! ! ! !"
                        text run at (0,72) width 230: "! ! ! ! ! ! ! ! ! ! ! ! ! ! ! ! ! ! ! ! ! ! ! ! !"
                        text run at (0,90) width 230: "! ! ! ! ! ! ! ! ! ! ! ! ! ! ! ! ! ! ! ! ! ! ! ! !"
                        text run at (0,108) width 230: "! ! ! ! ! ! ! ! ! ! ! ! ! ! ! ! ! ! ! ! ! ! ! ! !"
                        text run at (0,126) width 230: "! ! ! ! ! ! ! ! ! ! ! ! ! ! ! ! ! ! ! ! ! ! ! ! !"
                        text run at (0,144) width 103: "! ! ! ! ! ! ! ! ! ! ! "
                        text run at (102,144) width 128: "! ! ! ! ! ! ! ! ! ! ! ! ! !"
                        text run at (0,162) width 230: "! ! ! ! ! ! ! ! ! ! ! ! ! ! ! ! ! ! ! ! ! ! ! ! !"
                        text run at (0,180) width 230: "! ! ! ! ! ! ! ! ! ! ! ! ! ! ! ! ! ! ! ! ! ! ! ! !"
                        text run at (0,198) width 230: "! ! ! ! ! ! ! ! ! ! ! ! ! ! ! ! ! ! ! ! ! ! ! ! !"
                        text run at (0,216) width 230: "! ! ! ! ! ! ! ! ! ! ! ! ! ! ! ! ! ! ! ! ! ! ! ! !"
                        text run at (0,234) width 230: "! ! ! ! ! ! ! ! ! ! ! ! ! ! ! ! ! ! ! ! ! ! ! ! !"
                        text run at (0,252) width 230: "! ! ! ! ! ! ! ! ! ! ! ! ! ! ! ! ! ! ! ! ! ! ! ! !"
                        text run at (0,270) width 230: "! ! ! ! ! ! ! ! ! ! ! ! ! ! ! ! ! ! ! ! ! ! ! ! !"
                        text run at (0,288) width 192: "! ! ! ! ! ! ! ! ! ! ! ! ! ! ! ! ! ! ! ! !"
            RenderTableCell {TD} at (769,0) size 0x0 [r=0 c=3 rs=1 cs=1]
          RenderTableRow {TR} at (0,324) size 769x324
            RenderTableCell {TD} at (0,324) size 235x324 [r=1 c=0 rs=1 cs=1]
              RenderTable {TABLE} at (0,0) size 235x324
                RenderTableSection {THEAD} at (0,0) size 235x18
                  RenderTableRow {TR} at (0,0) size 235x18
                    RenderTableCell {TH} at (0,0) size 235x18 [r=0 c=0 rs=1 cs=1]
                      RenderText {#text} at (79,0) size 76x18
                        text run at (79,0) width 76: "Header 1/2"
                RenderTableSection {TBODY} at (0,18) size 235x306
                  RenderTableRow {TR} at (0,0) size 235x306
                    RenderTableCell {TD} at (0,0) size 235x306 [r=0 c=0 rs=1 cs=1]
                      RenderText {#text} at (0,0) size 230x306
                        text run at (0,0) width 228: "1 2 3 - - - - - - - - - - - - - - - - - - - - -"
                        text run at (0,18) width 230: "- - - - - - - - - - - - - - - - - - - - - - - - -"
                        text run at (0,36) width 230: "- - - - - - - - - - - - - - - - - - - - - - - - -"
                        text run at (0,54) width 230: "- - - - - - - - - - - - - - - - - - - - - - - - -"
                        text run at (0,72) width 230: "- - - - - - - - - - - - - - - - - - - - - - - - -"
                        text run at (0,90) width 230: "- - - - - - - - - - - - - - - - - - - - - - - - -"
                        text run at (0,108) width 230: "- - - - - - - - - - - - - - - - - - - - - - - - -"
                        text run at (0,126) width 230: "- - - - - - - - - - - - - - - - - - - - - - - - -"
                        text run at (0,144) width 103: "- - - - - - - - - - - "
                        text run at (102,144) width 128: "- - - - - - - - - - - - - -"
                        text run at (0,162) width 230: "- - - - - - - - - - - - - - - - - - - - - - - - -"
                        text run at (0,180) width 230: "- - - - - - - - - - - - - - - - - - - - - - - - -"
                        text run at (0,198) width 230: "- - - - - - - - - - - - - - - - - - - - - - - - -"
                        text run at (0,216) width 230: "- - - - - - - - - - - - - - - - - - - - - - - - -"
                        text run at (0,234) width 230: "- - - - - - - - - - - - - - - - - - - - - - - - -"
                        text run at (0,252) width 230: "- - - - - - - - - - - - - - - - - - - - - - - - -"
                        text run at (0,270) width 230: "- - - - - - - - - - - - - - - - - - - - - - - - -"
                        text run at (0,288) width 192: "- - - - - - - - - - - - - - - - - - - - -"
            RenderTableCell {TD} at (234,324) size 301x324 [r=1 c=1 rs=1 cs=1]
              RenderTable {TABLE} at (0,0) size 301x324
                RenderTableSection {THEAD} at (0,0) size 301x18
                  RenderTableRow {TR} at (0,0) size 301x18
                    RenderTableCell {TH} at (0,0) size 301x18 [r=0 c=0 rs=1 cs=1]
                      RenderText {#text} at (112,0) size 76x18
                        text run at (112,0) width 76: "Header 2/2"
                RenderTableSection {TBODY} at (0,18) size 301x306
                  RenderTableRow {TR} at (0,0) size 301x306
                    RenderTableCell {TD} at (0,0) size 301x306 [r=0 c=0 rs=1 cs=1]
                      RenderText {#text} at (0,0) size 296x306
                        text run at (0,0) width 296: "1 2 3 # # # # # # # # # # # # # # # # # # # # # #"
                        text run at (0,18) width 296: "# # # # # # # # # # # # # # # # # # # # # # # # #"
                        text run at (0,36) width 296: "# # # # # # # # # # # # # # # # # # # # # # # # #"
                        text run at (0,54) width 296: "# # # # # # # # # # # # # # # # # # # # # # # # #"
                        text run at (0,72) width 296: "# # # # # # # # # # # # # # # # # # # # # # # # #"
                        text run at (0,90) width 296: "# # # # # # # # # # # # # # # # # # # # # # # # #"
                        text run at (0,108) width 296: "# # # # # # # # # # # # # # # # # # # # # # # # #"
                        text run at (0,126) width 296: "# # # # # # # # # # # # # # # # # # # # # # # # #"
                        text run at (0,144) width 120: "# # # # # # # # # # "
                        text run at (120,144) width 176: "# # # # # # # # # # # # # # #"
                        text run at (0,162) width 296: "# # # # # # # # # # # # # # # # # # # # # # # # #"
                        text run at (0,180) width 296: "# # # # # # # # # # # # # # # # # # # # # # # # #"
                        text run at (0,198) width 296: "# # # # # # # # # # # # # # # # # # # # # # # # #"
                        text run at (0,216) width 296: "# # # # # # # # # # # # # # # # # # # # # # # # #"
                        text run at (0,234) width 296: "# # # # # # # # # # # # # # # # # # # # # # # # #"
                        text run at (0,252) width 296: "# # # # # # # # # # # # # # # # # # # # # # # # #"
                        text run at (0,270) width 296: "# # # # # # # # # # # # # # # # # # # # # # # # #"
                        text run at (0,288) width 236: "# # # # # # # # # # # # # # # # # # # #"
            RenderTableCell {TD} at (534,324) size 236x324 [r=1 c=2 rs=1 cs=1]
              RenderTable {TABLE} at (0,0) size 235x324
                RenderTableSection {THEAD} at (0,0) size 235x18
                  RenderTableRow {TR} at (0,0) size 235x18
                    RenderTableCell {TH} at (0,0) size 235x18 [r=0 c=0 rs=1 cs=1]
                      RenderText {#text} at (79,0) size 76x18
                        text run at (79,0) width 76: "Header 3/2"
                RenderTableSection {TBODY} at (0,18) size 235x306
                  RenderTableRow {TR} at (0,0) size 235x306
                    RenderTableCell {TD} at (0,0) size 235x306 [r=0 c=0 rs=1 cs=1]
                      RenderText {#text} at (0,0) size 230x306
                        text run at (0,0) width 228: "1 2 3 ! ! ! ! ! ! ! ! ! ! ! ! ! ! ! ! ! ! ! ! !"
                        text run at (0,18) width 230: "! ! ! ! ! ! ! ! ! ! ! ! ! ! ! ! ! ! ! ! ! ! ! ! !"
                        text run at (0,36) width 230: "! ! ! ! ! ! ! ! ! ! ! ! ! ! ! ! ! ! ! ! ! ! ! ! !"
                        text run at (0,54) width 230: "! ! ! ! ! ! ! ! ! ! ! ! ! ! ! ! ! ! ! ! ! ! ! ! !"
                        text run at (0,72) width 230: "! ! ! ! ! ! ! ! ! ! ! ! ! ! ! ! ! ! ! ! ! ! ! ! !"
                        text run at (0,90) width 230: "! ! ! ! ! ! ! ! ! ! ! ! ! ! ! ! ! ! ! ! ! ! ! ! !"
                        text run at (0,108) width 230: "! ! ! ! ! ! ! ! ! ! ! ! ! ! ! ! ! ! ! ! ! ! ! ! !"
                        text run at (0,126) width 230: "! ! ! ! ! ! ! ! ! ! ! ! ! ! ! ! ! ! ! ! ! ! ! ! !"
                        text run at (0,144) width 103: "! ! ! ! ! ! ! ! ! ! ! "
                        text run at (102,144) width 128: "! ! ! ! ! ! ! ! ! ! ! ! ! !"
                        text run at (0,162) width 230: "! ! ! ! ! ! ! ! ! ! ! ! ! ! ! ! ! ! ! ! ! ! ! ! !"
                        text run at (0,180) width 230: "! ! ! ! ! ! ! ! ! ! ! ! ! ! ! ! ! ! ! ! ! ! ! ! !"
                        text run at (0,198) width 230: "! ! ! ! ! ! ! ! ! ! ! ! ! ! ! ! ! ! ! ! ! ! ! ! !"
                        text run at (0,216) width 230: "! ! ! ! ! ! ! ! ! ! ! ! ! ! ! ! ! ! ! ! ! ! ! ! !"
                        text run at (0,234) width 230: "! ! ! ! ! ! ! ! ! ! ! ! ! ! ! ! ! ! ! ! ! ! ! ! !"
                        text run at (0,252) width 230: "! ! ! ! ! ! ! ! ! ! ! ! ! ! ! ! ! ! ! ! ! ! ! ! !"
                        text run at (0,270) width 230: "! ! ! ! ! ! ! ! ! ! ! ! ! ! ! ! ! ! ! ! ! ! ! ! !"
                        text run at (0,288) width 192: "! ! ! ! ! ! ! ! ! ! ! ! ! ! ! ! ! ! ! ! !"
