layer at (0,0) size 785x1341
  RenderView at (0,0) size 785x600
layer at (0,0) size 785x1341
  RenderBlock {HTML} at (0,0) size 785x1341
    RenderBody {BODY} at (8,8) size 769x1325
      RenderTable {TABLE} at (0,0) size 200x118 [bgcolor=#FFA500] [border: (10px solid #0000FF)]
        RenderBlock {CAPTION} at (0,0) size 200x18
          RenderText {#text} at (43,0) size 114x18
            text run at (43,0) width 114: "clip at table-outer"
        RenderTableSection {TBODY} at (25,43) size 150x50
          RenderTableRow {TR} at (0,15) size 150x20
            RenderTableCell {TD} at (15,15) size 53x20 [bgcolor=#FFFF00] [r=0 c=0 rs=1 cs=1]
              RenderText {#text} at (1,1) size 32x18
                text run at (1,1) width 32: "cell1"
            RenderTableCell {TD} at (82,15) size 53x20 [bgcolor=#FFFF00] [r=0 c=1 rs=1 cs=1]
              RenderText {#text} at (1,1) size 132x18
                text run at (1,1) width 132: "contentwithoutspace"
      RenderBlock (anonymous) at (0,118) size 769x18
        RenderBR {BR} at (0,0) size 0x18
      RenderTable {TABLE} at (0,254) size 200x153 [bgcolor=#FFA500] [border: (10px solid #0000FF)]
        RenderBlock {CAPTION} at (0,0) size 200x18
          RenderText {#text} at (73,0) size 54x18
            text run at (73,0) width 54: "clip at tr"
        RenderTableSection {TBODY} at (25,43) size 150x85
          RenderTableRow {TR} at (0,15) size 150x20
            RenderTableCell {TD} at (15,15) size 53x20 [bgcolor=#FFFF00] [r=0 c=0 rs=1 cs=1]
              RenderText {#text} at (1,1) size 32x18
                text run at (1,1) width 32: "cell1"
            RenderTableCell {TD} at (82,15) size 53x20 [bgcolor=#FFFF00] [r=0 c=1 rs=1 cs=1]
              RenderText {#text} at (1,1) size 132x18
                text run at (1,1) width 132: "contentwithoutspace"
          RenderTableRow {TR} at (0,50) size 150x20
            RenderTableCell {TD} at (15,50) size 53x20 [bgcolor=#FFFF00] [r=1 c=0 rs=1 cs=1]
              RenderText {#text} at (1,1) size 32x18
                text run at (1,1) width 32: "cell1"
            RenderTableCell {TD} at (82,50) size 53x20 [bgcolor=#FFFF00] [r=1 c=1 rs=1 cs=1]
              RenderText {#text} at (1,1) size 132x18
                text run at (1,1) width 132: "contentwithoutspace"
      RenderTable {TABLE} at (0,407) size 200x153 [bgcolor=#FFA500] [border: (10px solid #0000FF)]
        RenderTableCol {COLGROUP} at (0,0) size 0x0
          RenderTableCol {COL} at (0,0) size 0x0
          RenderTableCol {COL} at (0,0) size 0x0
        RenderBlock {CAPTION} at (0,0) size 200x18
          RenderText {#text} at (62,0) size 76x18
            text run at (62,0) width 76: "clip column"
        RenderTableSection {TBODY} at (25,43) size 150x85
          RenderTableRow {TR} at (0,15) size 150x20
            RenderTableCell {TD} at (15,15) size 53x20 [bgcolor=#FFFF00] [r=0 c=0 rs=1 cs=1]
              RenderText {#text} at (1,1) size 32x18
                text run at (1,1) width 32: "cell1"
            RenderTableCell {TD} at (82,15) size 53x20 [bgcolor=#FFFF00] [r=0 c=1 rs=1 cs=1]
              RenderText {#text} at (1,1) size 132x18
                text run at (1,1) width 132: "contentwithoutspace"
          RenderTableRow {TR} at (0,50) size 150x20
            RenderTableCell {TD} at (15,50) size 53x20 [bgcolor=#FFFF00] [r=1 c=0 rs=1 cs=1]
              RenderText {#text} at (1,1) size 32x18
                text run at (1,1) width 32: "cell1"
            RenderTableCell {TD} at (82,50) size 53x20 [bgcolor=#FFFF00] [r=1 c=1 rs=1 cs=1]
              RenderText {#text} at (1,1) size 132x18
                text run at (1,1) width 132: "contentwithoutspace"
      RenderTable {TABLE} at (0,560) size 200x153 [bgcolor=#FFA500] [border: (10px solid #0000FF)]
        RenderTableCol {COLGROUP} at (0,0) size 0x0
          RenderTableCol {COL} at (0,0) size 0x0
        RenderTableCol {COLGROUP} at (0,0) size 0x0
          RenderTableCol {COL} at (0,0) size 0x0
        RenderBlock {CAPTION} at (0,0) size 200x18
          RenderText {#text} at (43,0) size 114x18
            text run at (43,0) width 114: "clip columngroup"
        RenderTableSection {TBODY} at (25,43) size 150x85
          RenderTableRow {TR} at (0,15) size 150x20
            RenderTableCell {TD} at (15,15) size 53x20 [bgcolor=#FFFF00] [r=0 c=0 rs=1 cs=1]
              RenderText {#text} at (1,1) size 32x18
                text run at (1,1) width 32: "cell1"
            RenderTableCell {TD} at (82,15) size 53x20 [bgcolor=#FFFF00] [r=0 c=1 rs=1 cs=1]
              RenderText {#text} at (1,1) size 132x18
                text run at (1,1) width 132: "contentwithoutspace"
          RenderTableRow {TR} at (0,50) size 150x20
            RenderTableCell {TD} at (15,50) size 53x20 [bgcolor=#FFFF00] [r=1 c=0 rs=1 cs=1]
              RenderText {#text} at (1,1) size 32x18
                text run at (1,1) width 32: "cell1"
            RenderTableCell {TD} at (82,50) size 53x20 [bgcolor=#FFFF00] [r=1 c=1 rs=1 cs=1]
              RenderText {#text} at (1,1) size 132x18
                text run at (1,1) width 132: "contentwithoutspace"
      RenderTable {TABLE} at (0,713) size 200x153 [bgcolor=#FFA500] [border: (10px solid #0000FF)]
        RenderBlock {CAPTION} at (0,0) size 200x18
          RenderText {#text} at (68,0) size 64x18
            text run at (68,0) width 64: "clip thead"
        RenderTableSection {THEAD} at (25,43) size 150x50
          RenderTableRow {TR} at (0,15) size 150x20
            RenderTableCell {TD} at (15,15) size 53x20 [bgcolor=#FFFF00] [r=0 c=0 rs=1 cs=1]
              RenderText {#text} at (1,1) size 32x18
                text run at (1,1) width 32: "cell1"
            RenderTableCell {TD} at (82,15) size 53x20 [bgcolor=#FFFF00] [r=0 c=1 rs=1 cs=1]
              RenderText {#text} at (1,1) size 132x18
                text run at (1,1) width 132: "contentwithoutspace"
        RenderTableSection {TBODY} at (25,93) size 150x35
          RenderTableRow {TR} at (0,0) size 150x20
            RenderTableCell {TD} at (15,0) size 53x20 [bgcolor=#FFFF00] [r=0 c=0 rs=1 cs=1]
              RenderText {#text} at (1,1) size 32x18
                text run at (1,1) width 32: "cell1"
            RenderTableCell {TD} at (82,0) size 53x20 [bgcolor=#FFFF00] [r=0 c=1 rs=1 cs=1]
              RenderText {#text} at (1,1) size 132x18
                text run at (1,1) width 132: "contentwithoutspace"
      RenderTable {TABLE} at (0,866) size 200x153 [bgcolor=#FFA500] [border: (10px solid #0000FF)]
        RenderBlock {CAPTION} at (0,0) size 200x18
          RenderText {#text} at (67,0) size 66x18
            text run at (67,0) width 66: "clip tbody"
        RenderTableSection {THEAD} at (25,43) size 150x50
          RenderTableRow {TR} at (0,15) size 150x20
            RenderTableCell {TD} at (15,15) size 53x20 [bgcolor=#FFFF00] [r=0 c=0 rs=1 cs=1]
              RenderText {#text} at (1,1) size 32x18
                text run at (1,1) width 32: "cell1"
            RenderTableCell {TD} at (82,15) size 53x20 [bgcolor=#FFFF00] [r=0 c=1 rs=1 cs=1]
              RenderText {#text} at (1,1) size 132x18
                text run at (1,1) width 132: "contentwithoutspace"
        RenderTableSection {TBODY} at (25,93) size 150x35
          RenderTableRow {TR} at (0,0) size 150x20
            RenderTableCell {TD} at (15,0) size 53x20 [bgcolor=#FFFF00] [r=0 c=0 rs=1 cs=1]
              RenderText {#text} at (1,1) size 32x18
                text run at (1,1) width 32: "cell1"
            RenderTableCell {TD} at (82,0) size 53x20 [bgcolor=#FFFF00] [r=0 c=1 rs=1 cs=1]
              RenderText {#text} at (1,1) size 132x18
                text run at (1,1) width 132: "contentwithoutspace"
      RenderTable {TABLE} at (0,1019) size 200x153 [bgcolor=#FFA500] [border: (10px solid #0000FF)]
        RenderBlock {CAPTION} at (0,0) size 200x18
          RenderText {#text} at (70,0) size 60x18
            text run at (70,0) width 60: "clip tfoot"
        RenderTableSection {TBODY} at (25,43) size 150x50
          RenderTableRow {TR} at (0,15) size 150x20
            RenderTableCell {TD} at (15,15) size 53x20 [bgcolor=#FFFF00] [r=0 c=0 rs=1 cs=1]
              RenderText {#text} at (1,1) size 32x18
                text run at (1,1) width 32: "cell1"
            RenderTableCell {TD} at (82,15) size 53x20 [bgcolor=#FFFF00] [r=0 c=1 rs=1 cs=1]
              RenderText {#text} at (1,1) size 132x18
                text run at (1,1) width 132: "contentwithoutspace"
        RenderTableSection {TFOOT} at (25,93) size 150x35
          RenderTableRow {TR} at (0,0) size 150x20
            RenderTableCell {TD} at (15,0) size 53x20 [bgcolor=#FFFF00] [r=0 c=0 rs=1 cs=1]
              RenderText {#text} at (1,1) size 32x18
                text run at (1,1) width 32: "cell1"
            RenderTableCell {TD} at (82,0) size 53x20 [bgcolor=#FFFF00] [r=0 c=1 rs=1 cs=1]
              RenderText {#text} at (1,1) size 132x18
                text run at (1,1) width 132: "contentwithoutspace"
      RenderTable {TABLE} at (0,1172) size 200x153 [bgcolor=#FFA500] [border: (10px solid #0000FF)]
        RenderBlock {CAPTION} at (0,0) size 200x18
          RenderText {#text} at (79,0) size 42x18
            text run at (79,0) width 42: "clip td"
        RenderTableSection {TBODY} at (25,43) size 150x50
          RenderTableRow {TR} at (0,15) size 150x20
            RenderTableCell {TD} at (15,15) size 53x20 [bgcolor=#FFFF00] [r=0 c=0 rs=1 cs=1]
              RenderText {#text} at (1,1) size 32x18
                text run at (1,1) width 32: "cell1"
            RenderTableCell {TD} at (82,15) size 53x20 [bgcolor=#FFFF00] [r=0 c=1 rs=1 cs=1]
              RenderText {#text} at (1,1) size 132x18
                text run at (1,1) width 132: "contentwithoutspace"
        RenderTableSection {TFOOT} at (25,93) size 150x35
          RenderTableRow {TR} at (0,0) size 150x20
            RenderTableCell {TD} at (15,0) size 53x20 [bgcolor=#FFFF00] [r=0 c=0 rs=1 cs=1]
              RenderText {#text} at (1,1) size 32x18
                text run at (1,1) width 32: "cell1"
layer at (8,144) size 200x118 clip at (18,144) size 180x118 scrollWidth 230
  RenderTable {TABLE} at (0,136) size 200x118 [bgcolor=#FFA500] [border: (10px solid #0000FF)]
    RenderBlock {CAPTION} at (0,0) size 200x18
      RenderText {#text} at (62,0) size 76x18
        text run at (62,0) width 76: "clip at table"
    RenderTableSection {TBODY} at (25,43) size 150x50
      RenderTableRow {TR} at (0,15) size 150x20
        RenderTableCell {TD} at (15,15) size 53x20 [bgcolor=#FFFF00] [r=0 c=0 rs=1 cs=1]
          RenderText {#text} at (1,1) size 32x18
            text run at (1,1) width 32: "cell1"
        RenderTableCell {TD} at (82,15) size 53x20 [bgcolor=#FFFF00] [r=0 c=1 rs=1 cs=1]
          RenderText {#text} at (1,1) size 132x18
            text run at (1,1) width 132: "contentwithoutspace"
layer at (116,1273) size 52x20 scrollWidth 134
  RenderTableCell {TD} at (82,0) size 53x20 [bgcolor=#FFFF00] [r=0 c=1 rs=1 cs=1]
    RenderText {#text} at (1,1) size 132x18
      text run at (1,1) width 132: "contentwithoutspace"
