layer at (0,0) size 800x600
  RenderView at (0,0) size 800x600
layer at (0,0) size 800x600
  RenderBlock {HTML} at (0,0) size 800x600
    RenderBody {BODY} at (8,8) size 784x584
      RenderTable {TABLE} at (0,0) size 784x260 [border: (1px outset #808080)]
        RenderTableSection {TBODY} at (1,1) size 782x258
          RenderTableRow {TR} at (0,2) size 782x22
            RenderTableCell {TD} at (2,2) size 669x254 [border: (1px inset #808080)] [r=0 c=0 rs=2 cs=1]
              RenderBlock {UL} at (2,2) size 665x234
                RenderListItem {LI} at (40,0) size 625x18
                  RenderListMarker at (-17,0) size 7x18: bullet
                  RenderInline {A} at (0,0) size 182x18 [color=#0000EE]
                    RenderText {#text} at (0,0) size 182x18
                      text run at (0,0) width 182: "500 list items in a single UL"
                RenderListItem {LI} at (40,18) size 625x18
                  RenderListMarker at (-17,0) size 7x18: bullet
                  RenderInline {A} at (0,0) size 216x18 [color=#0000EE]
                    RenderText {#text} at (0,0) size 216x18
                      text run at (0,0) width 216: "500 list items in 25 top-level ULs"
                RenderListItem {LI} at (40,36) size 625x18
                  RenderListMarker at (-17,0) size 7x18: bullet
                  RenderInline {A} at (0,0) size 241x18 [color=#0000EE]
                    RenderText {#text} at (0,0) size 241x18
                      text run at (0,0) width 220: "500 list items in a 25-level nested "
                      text run at (219,0) width 22: "UL"
                RenderListItem {LI} at (40,54) size 625x18
                  RenderListMarker at (-17,0) size 7x18: bullet
                  RenderInline {A} at (0,0) size 163x18 [color=#0000EE]
                    RenderText {#text} at (0,0) size 163x18
                      text run at (0,0) width 163: "300 text input form fields"
                RenderListItem {LI} at (40,72) size 625x18
                  RenderListMarker at (-17,0) size 7x18: bullet
                  RenderInline {A} at (0,0) size 152x18 [color=#0000EE]
                    RenderText {#text} at (0,0) size 152x18
                      text run at (0,0) width 152: "Massively nested tables"
                RenderListItem {LI} at (40,90) size 625x18
                  RenderListMarker at (-17,0) size 7x18: bullet
                  RenderInline {A} at (0,0) size 317x18 [color=#0000EE]
                    RenderText {#text} at (0,0) size 317x18
                      text run at (0,0) width 269: "Massively nested DIVs with padding and "
                      text run at (268,0) width 49: "borders"
                RenderListItem {LI} at (40,108) size 625x18
                  RenderListMarker at (-17,0) size 7x18: bullet
                  RenderInline {A} at (0,0) size 323x18 [color=#0000EE]
                    RenderText {#text} at (0,0) size 323x18
                      text run at (0,0) width 323: "1000 OPTIONs in a single SELECT form element"
                RenderListItem {LI} at (40,126) size 625x18
                  RenderListMarker at (-17,0) size 7x18: bullet
                  RenderInline {A} at (0,0) size 244x18 [color=#0000EE]
                    RenderText {#text} at (0,0) size 244x18
                      text run at (0,0) width 244: "10,000 cell table with text in each cell"
                RenderListItem {LI} at (40,144) size 625x18
                  RenderListMarker at (-17,0) size 7x18: bullet
                  RenderInline {A} at (0,0) size 308x18 [color=#0000EE]
                    RenderText {#text} at (0,0) size 308x18
                      text run at (0,0) width 285: "10,000 cell table with text and color in each "
                      text run at (284,0) width 24: "cell"
                RenderListItem {LI} at (40,162) size 625x18
                  RenderListMarker at (-17,0) size 7x18: bullet
                  RenderInline {A} at (0,0) size 291x18 [color=#0000EE]
                    RenderText {#text} at (0,0) size 291x18
                      text run at (0,0) width 291: "A 713k HTML document packed full of links"
                RenderListItem {LI} at (40,180) size 625x18
                  RenderListMarker at (-17,0) size 7x18: bullet
                  RenderInline {A} at (0,0) size 311x18 [color=#0000EE]
                    RenderText {#text} at (0,0) size 311x18
                      text run at (0,0) width 276: "Extraordinarily long HTML doc (approx 1 "
                      text run at (275,0) width 36: "Meg)"
                RenderListItem {LI} at (40,198) size 625x18
                  RenderListMarker at (-17,0) size 7x18: bullet
                  RenderInline {A} at (0,0) size 281x18 [color=#0000EE]
                    RenderText {#text} at (0,0) size 281x18
                      text run at (0,0) width 281: "Another large HTML doc, with colored text"
                RenderListItem {LI} at (40,216) size 625x18
                  RenderListMarker at (-17,0) size 7x18: bullet
                  RenderInline {A} at (0,0) size 477x18 [color=#0000EE]
                    RenderText {#text} at (0,0) size 477x18
                      text run at (0,0) width 334: "A relatively large (150k) document with an average "
                      text run at (333,0) width 144: "mix of HTML content"
            RenderTableCell {TD} at (672,2) size 54x22 [border: (1px inset #808080)] [r=0 c=1 rs=1 cs=1]
              RenderText {#text} at (2,2) size 34x18
                text run at (2,2) width 34: "foo 1"
            RenderTableCell {TD} at (727,2) size 54x22 [border: (1px inset #808080)] [r=0 c=2 rs=1 cs=1]
              RenderText {#text} at (2,2) size 34x18
                text run at (2,2) width 34: "foo 2"
          RenderTableRow {TR} at (0,26) size 782x230
            RenderTableCell {TD} at (672,130) size 54x22 [border: (1px inset #808080)] [r=1 c=1 rs=1 cs=1]
              RenderText {#text} at (2,2) size 37x18
                text run at (2,2) width 37: "Foo 3"
            RenderTableCell {TD} at (727,130) size 54x22 [border: (1px inset #808080)] [r=1 c=2 rs=1 cs=1]
              RenderText {#text} at (2,2) size 37x18
                text run at (2,2) width 37: "Foo 4"
