layer at (0,0) size 800x600
  RenderView at (0,0) size 800x600
layer at (0,0) size 800x412
  RenderBlock {HTML} at (0,0) size 800x412
    RenderBody {BODY} at (8,16) size 784x380
      RenderBlock {P} at (0,0) size 784x6 [border: (3px solid #800080)]
      RenderTable {TABLE} at (0,22) size 134x72 [border: (3px solid #008000)]
        RenderBlock {CAPTION} at (0,0) size 134x24 [border: (3px solid #FFA500)]
          RenderText {#text} at (55,3) size 23x18
            text run at (55,3) width 23: "cap"
        RenderTableSection {TBODY} at (35,27) size 64x42
          RenderTableRow {TR} at (0,2) size 64x38
            RenderTableCell {TD} at (2,2) size 60x38 [r=0 c=0 rs=1 cs=1]
              RenderText {#text} at (1,1) size 58x18
                text run at (1,1) width 58: "Centered"
              RenderBR {BR} at (58,1) size 1x18
              RenderText {#text} at (1,19) size 24x18
                text run at (1,19) width 24: "OK"
      RenderBlock {P} at (0,110) size 784x6 [border: (3px solid #800080)]
      RenderBlock {P} at (0,132) size 784x6 [border: (3px solid #800080)]
      RenderTable {TABLE} at (325,154) size 134x72 [border: (3px solid #008000)]
        RenderBlock {CAPTION} at (0,0) size 134x24 [border: (3px solid #FFA500)]
          RenderText {#text} at (55,3) size 23x18
            text run at (55,3) width 23: "cap"
        RenderTableSection {TBODY} at (35,27) size 64x42
          RenderTableRow {TR} at (0,2) size 64x38
            RenderTableCell {TD} at (2,2) size 60x38 [r=0 c=0 rs=1 cs=1]
              RenderText {#text} at (1,1) size 58x18
                text run at (1,1) width 58: "Centered"
              RenderBR {BR} at (58,1) size 1x18
              RenderText {#text} at (1,19) size 45x18
                text run at (1,19) width 45: "SHIFT"
      RenderBlock {P} at (0,242) size 784x6 [border: (3px solid #800080)]
      RenderBlock {P} at (0,264) size 784x6 [border: (3px solid #800080)]
      RenderTable {TABLE} at (0,286) size 134x72 [border: (3px solid #008000)]
        RenderBlock {CAPTION} at (0,0) size 134x24 [border: (3px solid #FFA500)]
          RenderText {#text} at (55,3) size 23x18
            text run at (55,3) width 23: "cap"
        RenderTableSection {TBODY} at (35,27) size 64x42
          RenderTableRow {TR} at (0,2) size 64x38
            RenderTableCell {TD} at (2,2) size 60x38 [r=0 c=0 rs=1 cs=1]
              RenderText {#text} at (1,1) size 58x18
                text run at (1,1) width 58: "Centered"
              RenderBR {BR} at (58,1) size 1x18
              RenderText {#text} at (1,19) size 54x18
                text run at (1,19) width 54: "NOSTD"
      RenderBlock {P} at (0,374) size 784x6 [border: (3px solid #800080)]
