layer at (0,0) size 785x1340
  RenderView at (0,0) size 785x600
layer at (0,0) size 785x1340
  RenderBlock {HTML} at (0,0) size 785x1340
    RenderBody {BODY} at (8,8) size 769x1316
      RenderBlock {CENTER} at (0,0) size 769x1316
        RenderBlock (anonymous) at (0,0) size 769x18
          RenderText {#text} at (250,0) size 269x18
            text run at (250,0) width 269: "Build 1999/10/27/08 Win95 - Daily Build"
          RenderBR {BR} at (518,0) size 1x18
        RenderTable {TABLE} at (72,18) size 625x1156 [border: (10px outset #808080)]
          RenderBlock {CAPTION} at (0,0) size 624x18
            RenderText {#text} at (268,0) size 87x18
              text run at (268,0) width 87: "January 2000"
          RenderTableSection {TBODY} at (10,28) size 604x1118
            RenderTableRow {TR} at (0,0) size 604x430
              RenderTableCell {TD} at (0,0) size 89x22 [color=#FFFFFF] [bgcolor=#404080] [border: (1px inset #808080)] [r=0 c=0 rs=1 cs=1]
                RenderText {#text} at (2,2) size 6x18
                  text run at (2,2) width 6: "-"
              RenderTableCell {TD} at (88,0) size 85x22 [color=#FFFFFF] [bgcolor=#404080] [border: (1px inset #808080)] [r=0 c=1 rs=1 cs=1]
                RenderText {#text} at (2,2) size 6x18
                  text run at (2,2) width 6: "-"
              RenderTableCell {TD} at (172,0) size 85x22 [color=#FFFFFF] [bgcolor=#404080] [border: (1px inset #808080)] [r=0 c=2 rs=1 cs=1]
                RenderText {#text} at (2,2) size 6x18
                  text run at (2,2) width 6: "-"
              RenderTableCell {TD} at (256,0) size 86x22 [color=#FFFFFF] [bgcolor=#404080] [border: (1px inset #808080)] [r=0 c=3 rs=1 cs=1]
                RenderText {#text} at (2,2) size 6x18
                  text run at (2,2) width 6: "-"
              RenderTableCell {TD} at (341,0) size 85x22 [color=#FFFFFF] [bgcolor=#404080] [border: (1px inset #808080)] [r=0 c=4 rs=1 cs=1]
                RenderText {#text} at (2,2) size 6x18
                  text run at (2,2) width 6: "-"
              RenderTableCell {TD} at (425,0) size 88x22 [color=#FFFFFF] [bgcolor=#404080] [border: (1px inset #808080)] [r=0 c=5 rs=1 cs=1]
                RenderText {#text} at (2,2) size 6x18
                  text run at (2,2) width 6: "-"
              RenderTableCell {TD} at (512,0) size 92x430 [color=#FFFFFF] [bgcolor=#404080] [border: (1px inset #808080)] [r=0 c=6 rs=1 cs=1]
                RenderTable {TABLE} at (2,2) size 87x408 [color=#000000]
                  RenderTableSection {TBODY} at (0,0) size 87x408
                    RenderTableRow {TR} at (0,0) size 87x408
                      RenderTableCell {TD} at (0,0) size 18x26 [color=#FFFF00] [bgcolor=#404080] [r=0 c=0 rs=1 cs=1]
                        RenderText {#text} at (1,1) size 16x24
                          text run at (1,1) width 16: "1."
                      RenderTableCell {TD} at (17,0) size 70x408 [color=#FFFFFF] [bgcolor=#404080] [r=0 c=1 rs=1 cs=1]
                        RenderTable {TABLE} at (1,1) size 68x406 [color=#000000]
                          RenderTableSection {TBODY} at (0,0) size 68x406 [bgcolor=#FFFF00]
                            RenderTableRow {TR} at (0,0) size 68x406
                              RenderTableCell {TD} at (0,0) size 68x406 [color=#FFFFFF] [bgcolor=#404080] [r=0 c=0 rs=1 cs=1]
                                RenderBlock {P} at (1,1) size 66x72
                                  RenderText {#text} at (0,0) size 50x72
                                    text run at (0,0) width 27: "Test"
                                    text run at (0,18) width 48: "mozilla"
                                    text run at (0,36) width 50: "one last"
                                    text run at (0,54) width 33: "time."
                                RenderBlock {P} at (1,89) size 66x54
                                  RenderText {#text} at (0,0) size 36x54
                                    text run at (0,0) width 31: "New"
                                    text run at (0,18) width 36: "Years"
                                    text run at (0,36) width 27: "day."
                                RenderBlock {P} at (1,159) size 66x18
                                  RenderText {#text} at (0,0) size 48x18
                                    text run at (0,0) width 48: "Y2K!!!"
                                RenderBlock {P} at (1,193) size 66x54
                                  RenderText {#text} at (0,0) size 63x54
                                    text run at (0,0) width 30: "Find"
                                    text run at (0,18) width 48: "Abacus"
                                    text run at (0,36) width 63: "from attic"
                                RenderBlock {P} at (1,263) size 66x72
                                  RenderText {#text} at (0,0) size 54x72
                                    text run at (0,0) width 45: "Eat Ice"
                                    text run at (0,18) width 43: "Cream"
                                    text run at (0,36) width 54: "before it"
                                    text run at (0,54) width 35: "melts"
                                RenderBlock {P} at (1,351) size 66x54
                                  RenderText {#text} at (0,0) size 52x54
                                    text run at (0,0) width 33: "Lock"
                                    text run at (0,18) width 52: "doors &"
                                    text run at (0,36) width 28: "hide"
                RenderBlock (anonymous) at (2,410) size 87x18
                  RenderBR {BR} at (0,0) size 0x18
            RenderTableRow {TR} at (0,430) size 604x274
              RenderTableCell {TD} at (0,430) size 89x202 [color=#FFFFFF] [bgcolor=#404080] [border: (1px inset #808080)] [r=1 c=0 rs=1 cs=1]
                RenderTable {TABLE} at (2,2) size 85x180 [color=#000000]
                  RenderTableSection {TBODY} at (0,0) size 85x180
                    RenderTableRow {TR} at (0,0) size 85x180
                      RenderTableCell {TD} at (0,0) size 18x26 [color=#FFFF00] [bgcolor=#404080] [r=0 c=0 rs=1 cs=1]
                        RenderText {#text} at (1,1) size 16x24
                          text run at (1,1) width 16: "2."
                      RenderTableCell {TD} at (17,0) size 68x180 [color=#FFFFFF] [bgcolor=#404080] [r=0 c=1 rs=1 cs=1]
                        RenderTable {TABLE} at (1,1) size 65x178 [color=#000000]
                          RenderTableSection {TBODY} at (0,0) size 65x178 [bgcolor=#FFFF00]
                            RenderTableRow {TR} at (0,0) size 65x178
                              RenderTableCell {TD} at (0,0) size 65x178 [color=#FFFFFF] [bgcolor=#404080] [r=0 c=0 rs=1 cs=1]
                                RenderBlock {P} at (1,1) size 63x54
                                  RenderText {#text} at (0,0) size 63x54
                                    text run at (0,0) width 57: "Look for"
                                    text run at (0,18) width 32: "Y2K"
                                    text run at (0,36) width 63: "survivers."
                                RenderBlock {P} at (1,71) size 63x36
                                  RenderText {#text} at (0,0) size 58x36
                                    text run at (0,0) width 36: "Build"
                                    text run at (0,18) width 58: "outhouse"
                                RenderBlock {P} at (1,123) size 63x54
                                  RenderText {#text} at (0,0) size 47x54
                                    text run at (0,0) width 22: "Eat"
                                    text run at (0,18) width 47: "reserve"
                                    text run at (0,36) width 30: "food"
                RenderBlock (anonymous) at (2,182) size 85x18
                  RenderBR {BR} at (0,0) size 0x18
              RenderTableCell {TD} at (88,430) size 85x80 [color=#FFFFFF] [bgcolor=#404080] [border: (1px inset #808080)] [r=1 c=1 rs=1 cs=1]
                RenderTable {TABLE} at (2,2) size 81x76 [color=#000000]
                  RenderTableSection {TBODY} at (0,0) size 81x76
                    RenderTableRow {TR} at (0,0) size 81x76
                      RenderTableCell {TD} at (0,0) size 18x26 [color=#FFFF00] [bgcolor=#404080] [r=0 c=0 rs=1 cs=1]
                        RenderText {#text} at (1,1) size 16x24
                          text run at (1,1) width 16: "3."
                      RenderTableCell {TD} at (17,0) size 64x76 [color=#FFFFFF] [bgcolor=#404080] [r=0 c=1 rs=1 cs=1]
                        RenderTable {TABLE} at (1,1) size 61x74 [color=#000000]
                          RenderTableSection {TBODY} at (0,0) size 61x74 [bgcolor=#FFFF00]
                            RenderTableRow {TR} at (0,0) size 61x74
                              RenderTableCell {TD} at (0,0) size 61x74 [color=#FFFFFF] [bgcolor=#404080] [r=0 c=0 rs=1 cs=1]
                                RenderBlock {P} at (1,1) size 59x72
                                  RenderText {#text} at (0,0) size 59x72
                                    text run at (0,0) width 36: "Write"
                                    text run at (0,18) width 50: "letter to"
                                    text run at (0,36) width 48: "electric"
                                    text run at (0,54) width 59: "company"
              RenderTableCell {TD} at (172,430) size 85x238 [color=#FFFFFF] [bgcolor=#404080] [border: (1px inset #808080)] [r=1 c=2 rs=1 cs=1]
                RenderTable {TABLE} at (2,2) size 80x234 [color=#000000]
                  RenderTableSection {TBODY} at (0,0) size 80x234
                    RenderTableRow {TR} at (0,0) size 80x234
                      RenderTableCell {TD} at (0,0) size 18x26 [color=#FFFF00] [bgcolor=#404080] [r=0 c=0 rs=1 cs=1]
                        RenderText {#text} at (1,1) size 16x24
                          text run at (1,1) width 16: "4."
                      RenderTableCell {TD} at (17,0) size 63x234 [color=#FFFFFF] [bgcolor=#404080] [r=0 c=1 rs=1 cs=1]
                        RenderTable {TABLE} at (1,1) size 61x232 [color=#000000]
                          RenderTableSection {TBODY} at (0,0) size 61x232 [bgcolor=#FFFF00]
                            RenderTableRow {TR} at (0,0) size 61x232
                              RenderTableCell {TD} at (0,0) size 61x232 [color=#FFFFFF] [bgcolor=#404080] [r=0 c=0 rs=1 cs=1]
                                RenderBlock {P} at (1,1) size 59x54
                                  RenderText {#text} at (0,0) size 56x54
                                    text run at (0,0) width 56: "Send the"
                                    text run at (0,18) width 31: "snail"
                                    text run at (0,36) width 29: "mail"
                                RenderBlock {P} at (1,71) size 59x90
                                  RenderText {#text} at (0,0) size 58x90
                                    text run at (0,0) width 36: "Go to"
                                    text run at (0,18) width 33: "work"
                                    text run at (0,36) width 58: "and stare"
                                    text run at (0,54) width 46: "at dead"
                                    text run at (0,72) width 51: "monitor"
                                RenderBlock {P} at (1,177) size 59x54
                                  RenderText {#text} at (0,0) size 47x54
                                    text run at (0,0) width 22: "Eat"
                                    text run at (0,18) width 47: "reserve"
                                    text run at (0,36) width 30: "food"
              RenderTableCell {TD} at (256,430) size 86x168 [color=#FFFFFF] [bgcolor=#404080] [border: (1px inset #808080)] [r=1 c=3 rs=1 cs=1]
                RenderTable {TABLE} at (2,2) size 81x164 [color=#000000]
                  RenderTableSection {TBODY} at (0,0) size 81x164
                    RenderTableRow {TR} at (0,0) size 81x164
                      RenderTableCell {TD} at (0,0) size 18x26 [color=#FFFF00] [bgcolor=#404080] [r=0 c=0 rs=1 cs=1]
                        RenderText {#text} at (1,1) size 16x24
                          text run at (1,1) width 16: "5."
                      RenderTableCell {TD} at (17,0) size 64x164 [color=#FFFFFF] [bgcolor=#404080] [r=0 c=1 rs=1 cs=1]
                        RenderTable {TABLE} at (1,1) size 61x162 [color=#000000]
                          RenderTableSection {TBODY} at (0,0) size 61x162 [bgcolor=#FFFF00]
                            RenderTableRow {TR} at (0,0) size 61x162
                              RenderTableCell {TD} at (0,0) size 61x162 [color=#FFFFFF] [bgcolor=#404080] [r=0 c=0 rs=1 cs=1]
                                RenderBlock {P} at (1,1) size 59x90
                                  RenderText {#text} at (0,0) size 58x90
                                    text run at (0,0) width 36: "Go to"
                                    text run at (0,18) width 33: "work"
                                    text run at (0,36) width 58: "and stare"
                                    text run at (0,54) width 46: "at dead"
                                    text run at (0,72) width 51: "monitor"
                                RenderBlock {P} at (1,107) size 59x54
                                  RenderText {#text} at (0,0) size 47x54
                                    text run at (0,0) width 22: "Eat"
                                    text run at (0,18) width 47: "reserve"
                                    text run at (0,36) width 30: "food"
              RenderTableCell {TD} at (341,430) size 85x168 [color=#FFFFFF] [bgcolor=#404080] [border: (1px inset #808080)] [r=1 c=4 rs=1 cs=1]
                RenderTable {TABLE} at (2,2) size 81x164 [color=#000000]
                  RenderTableSection {TBODY} at (0,0) size 81x164
                    RenderTableRow {TR} at (0,0) size 81x164
                      RenderTableCell {TD} at (0,0) size 18x26 [color=#FFFF00] [bgcolor=#404080] [r=0 c=0 rs=1 cs=1]
                        RenderText {#text} at (1,1) size 16x24
                          text run at (1,1) width 16: "6."
                      RenderTableCell {TD} at (17,0) size 64x164 [color=#FFFFFF] [bgcolor=#404080] [r=0 c=1 rs=1 cs=1]
                        RenderTable {TABLE} at (1,1) size 61x162 [color=#000000]
                          RenderTableSection {TBODY} at (0,0) size 61x162 [bgcolor=#FFFF00]
                            RenderTableRow {TR} at (0,0) size 61x162
                              RenderTableCell {TD} at (0,0) size 61x162 [color=#FFFFFF] [bgcolor=#404080] [r=0 c=0 rs=1 cs=1]
                                RenderBlock {P} at (1,1) size 59x90
                                  RenderText {#text} at (0,0) size 58x90
                                    text run at (0,0) width 36: "Go to"
                                    text run at (0,18) width 33: "work"
                                    text run at (0,36) width 58: "and stare"
                                    text run at (0,54) width 46: "at dead"
                                    text run at (0,72) width 51: "monitor"
                                RenderBlock {P} at (1,107) size 59x54
                                  RenderText {#text} at (0,0) size 47x54
                                    text run at (0,0) width 22: "Eat"
                                    text run at (0,18) width 47: "reserve"
                                    text run at (0,36) width 30: "food"
              RenderTableCell {TD} at (425,430) size 88x238 [color=#FFFFFF] [bgcolor=#404080] [border: (1px inset #808080)] [r=1 c=5 rs=1 cs=1]
                RenderTable {TABLE} at (2,2) size 84x234 [color=#000000]
                  RenderTableSection {TBODY} at (0,0) size 84x234
                    RenderTableRow {TR} at (0,0) size 84x234
                      RenderTableCell {TD} at (0,0) size 18x26 [color=#FFFF00] [bgcolor=#404080] [r=0 c=0 rs=1 cs=1]
                        RenderText {#text} at (1,1) size 16x24
                          text run at (1,1) width 16: "7."
                      RenderTableCell {TD} at (17,0) size 67x234 [color=#FFFFFF] [bgcolor=#404080] [r=0 c=1 rs=1 cs=1]
                        RenderTable {TABLE} at (1,1) size 64x232 [color=#000000]
                          RenderTableSection {TBODY} at (0,0) size 64x232 [bgcolor=#FFFF00]
                            RenderTableRow {TR} at (0,0) size 64x232
                              RenderTableCell {TD} at (0,0) size 64x232 [color=#FFFFFF] [bgcolor=#404080] [r=0 c=0 rs=1 cs=1]
                                RenderBlock {P} at (1,1) size 62x72
                                  RenderText {#text} at (0,0) size 62x72
                                    text run at (0,0) width 20: "Go"
                                    text run at (0,18) width 49: "internet"
                                    text run at (0,36) width 62: "exploring"
                                    text run at (0,54) width 56: "for food."
                                RenderBlock {P} at (1,89) size 62x72
                                  RenderText {#text} at (0,0) size 62x72
                                    text run at (0,0) width 50: "Internet"
                                    text run at (0,18) width 62: "exploring"
                                    text run at (0,36) width 45: "doesn't"
                                    text run at (0,54) width 37: "work."
                                RenderBlock {P} at (1,177) size 62x54
                                  RenderText {#text} at (0,0) size 47x54
                                    text run at (0,0) width 22: "Eat"
                                    text run at (0,18) width 47: "reserve"
                                    text run at (0,36) width 30: "food"
              RenderTableCell {TD} at (512,430) size 92x274 [color=#FFFFFF] [bgcolor=#404080] [border: (1px inset #808080)] [r=1 c=6 rs=1 cs=1]
                RenderTable {TABLE} at (2,2) size 87x270 [color=#000000]
                  RenderTableSection {TBODY} at (0,0) size 87x270
                    RenderTableRow {TR} at (0,0) size 87x270
                      RenderTableCell {TD} at (0,0) size 18x26 [color=#FFFF00] [bgcolor=#404080] [r=0 c=0 rs=1 cs=1]
                        RenderText {#text} at (1,1) size 16x24
                          text run at (1,1) width 16: "8."
                      RenderTableCell {TD} at (17,0) size 70x270 [color=#FFFFFF] [bgcolor=#404080] [r=0 c=1 rs=1 cs=1]
                        RenderTable {TABLE} at (1,1) size 68x268 [color=#000000]
                          RenderTableSection {TBODY} at (0,0) size 68x268 [bgcolor=#FFFF00]
                            RenderTableRow {TR} at (0,0) size 68x268
                              RenderTableCell {TD} at (0,0) size 68x268 [color=#FFFFFF] [bgcolor=#404080] [r=0 c=0 rs=1 cs=1]
                                RenderBlock {P} at (1,1) size 66x90
                                  RenderText {#text} at (0,0) size 62x90
                                    text run at (0,0) width 20: "Go"
                                    text run at (0,18) width 49: "internet"
                                    text run at (0,36) width 62: "exploring"
                                    text run at (0,54) width 52: "for food"
                                    text run at (0,72) width 39: "again."
                                RenderBlock {P} at (1,107) size 66x90
                                  RenderText {#text} at (0,0) size 62x90
                                    text run at (0,0) width 50: "Internet"
                                    text run at (0,18) width 62: "exploring"
                                    text run at (0,36) width 45: "doesn't"
                                    text run at (0,54) width 33: "work"
                                    text run at (0,72) width 39: "again."
                                RenderBlock {P} at (1,213) size 66x54
                                  RenderText {#text} at (0,0) size 47x54
                                    text run at (0,0) width 22: "Eat"
                                    text run at (0,18) width 47: "reserve"
                                    text run at (0,36) width 30: "food"
            RenderTableRow {TR} at (0,704) size 604x362
              RenderTableCell {TD} at (0,704) size 89x362 [color=#FFFFFF] [bgcolor=#404080] [border: (1px inset #808080)] [r=2 c=0 rs=1 cs=1]
                RenderTable {TABLE} at (2,2) size 85x340 [color=#000000]
                  RenderTableSection {TBODY} at (0,0) size 85x340
                    RenderTableRow {TR} at (0,0) size 85x340
                      RenderTableCell {TD} at (0,0) size 18x26 [color=#FFFF00] [bgcolor=#404080] [r=0 c=0 rs=1 cs=1]
                        RenderText {#text} at (1,1) size 16x24
                          text run at (1,1) width 16: "9."
                      RenderTableCell {TD} at (17,0) size 68x340 [color=#FFFFFF] [bgcolor=#404080] [r=0 c=1 rs=1 cs=1]
                        RenderTable {TABLE} at (1,1) size 65x338 [color=#000000]
                          RenderTableSection {TBODY} at (0,0) size 65x338 [bgcolor=#FFFF00]
                            RenderTableRow {TR} at (0,0) size 65x338
                              RenderTableCell {TD} at (0,0) size 65x338 [color=#FFFFFF] [bgcolor=#404080] [r=0 c=0 rs=1 cs=1]
                                RenderBlock {P} at (1,1) size 63x72
                                  RenderText {#text} at (0,0) size 62x72
                                    text run at (0,0) width 20: "Go"
                                    text run at (0,18) width 49: "internet"
                                    text run at (0,36) width 62: "exploring"
                                    text run at (0,54) width 56: "for food."
                                RenderBlock {P} at (1,89) size 63x90
                                  RenderText {#text} at (0,0) size 62x90
                                    text run at (0,0) width 50: "Internet"
                                    text run at (0,18) width 62: "exploring"
                                    text run at (0,36) width 25: "still"
                                    text run at (0,54) width 45: "doesn't"
                                    text run at (0,72) width 37: "work."
                                RenderBlock {P} at (1,195) size 63x72
                                  RenderText {#text} at (0,0) size 62x72
                                    text run at (0,0) width 52: "Give up"
                                    text run at (0,18) width 49: "internet"
                                    text run at (0,36) width 62: "exploring"
                                    text run at (0,54) width 56: "for food."
                                RenderBlock {P} at (1,283) size 63x54
                                  RenderText {#text} at (0,0) size 47x54
                                    text run at (0,0) width 22: "Eat"
                                    text run at (0,18) width 47: "reserve"
                                    text run at (0,36) width 30: "food"
                RenderBlock (anonymous) at (2,342) size 85x18
                  RenderBR {BR} at (0,0) size 0x18
              RenderTableCell {TD} at (88,704) size 85x290 [color=#FFFFFF] [bgcolor=#404080] [border: (1px inset #808080)] [r=2 c=1 rs=1 cs=1]
                RenderTable {TABLE} at (2,2) size 81x286 [color=#000000]
                  RenderTableSection {TBODY} at (0,0) size 81x286
                    RenderTableRow {TR} at (0,0) size 81x286
                      RenderTableCell {TD} at (0,0) size 29x26 [color=#FFFF00] [bgcolor=#404080] [r=0 c=0 rs=1 cs=1]
                        RenderText {#text} at (1,1) size 27x24
                          text run at (1,1) width 27: "10."
                      RenderTableCell {TD} at (28,0) size 53x286 [color=#FFFFFF] [bgcolor=#404080] [r=0 c=1 rs=1 cs=1]
                        RenderTable {TABLE} at (1,1) size 51x284 [color=#000000]
                          RenderTableSection {TBODY} at (0,0) size 51x284 [bgcolor=#FFFF00]
                            RenderTableRow {TR} at (0,0) size 51x284
                              RenderTableCell {TD} at (0,0) size 51x284 [color=#FFFFFF] [bgcolor=#404080] [r=0 c=0 rs=1 cs=1]
                                RenderBlock {P} at (1,1) size 49x72
                                  RenderText {#text} at (0,0) size 41x72
                                    text run at (0,0) width 41: "Power"
                                    text run at (0,18) width 41: "comes"
                                    text run at (0,36) width 31: "back"
                                    text run at (0,54) width 20: "on."
                                RenderBlock {P} at (1,89) size 49x90
                                  RenderText {#text} at (0,0) size 47x90
                                    text run at (0,0) width 22: "Put"
                                    text run at (0,18) width 37: "trusty"
                                    text run at (0,36) width 44: "abacus"
                                    text run at (0,54) width 47: "back in"
                                    text run at (0,72) width 28: "attic"
                                RenderBlock {P} at (1,195) size 49x54
                                  RenderText {#text} at (0,0) size 48x54
                                    text run at (0,0) width 32: "Grab"
                                    text run at (0,18) width 34: "latest"
                                    text run at (0,36) width 48: "mozilla"
                                RenderBlock {P} at (1,265) size 49x18
                                  RenderText {#text} at (0,0) size 40x18
                                    text run at (0,0) width 40: "Test it"
              RenderTableCell {TD} at (172,704) size 85x96 [color=#FFFFFF] [bgcolor=#404080] [border: (1px inset #808080)] [r=2 c=2 rs=1 cs=1]
                RenderTable {TABLE} at (2,2) size 80x92 [color=#000000]
                  RenderTableSection {TBODY} at (0,0) size 80x92
                    RenderTableRow {TR} at (0,0) size 80x92
                      RenderTableCell {TD} at (0,0) size 28x26 [color=#FFFF00] [bgcolor=#404080] [r=0 c=0 rs=1 cs=1]
                        RenderText {#text} at (1,1) size 26x24
                          text run at (1,1) width 26: "11."
                      RenderTableCell {TD} at (27,0) size 53x92 [color=#FFFFFF] [bgcolor=#404080] [r=0 c=1 rs=1 cs=1]
                        RenderTable {TABLE} at (1,1) size 51x90 [color=#000000]
                          RenderTableSection {TBODY} at (0,0) size 51x90 [bgcolor=#FFFF00]
                            RenderTableRow {TR} at (0,0) size 51x90
                              RenderTableCell {TD} at (0,0) size 51x90 [color=#FFFFFF] [bgcolor=#404080] [r=0 c=0 rs=1 cs=1]
                                RenderBlock {P} at (1,1) size 49x54
                                  RenderText {#text} at (0,0) size 48x54
                                    text run at (0,0) width 32: "Grab"
                                    text run at (0,18) width 34: "latest"
                                    text run at (0,36) width 48: "mozilla"
                                RenderBlock {P} at (1,71) size 49x18
                                  RenderText {#text} at (0,0) size 40x18
                                    text run at (0,0) width 40: "Test it"
              RenderTableCell {TD} at (256,704) size 86x96 [color=#FFFFFF] [bgcolor=#404080] [border: (1px inset #808080)] [r=2 c=3 rs=1 cs=1]
                RenderTable {TABLE} at (2,2) size 81x92 [color=#000000]
                  RenderTableSection {TBODY} at (0,0) size 81x92
                    RenderTableRow {TR} at (0,0) size 81x92
                      RenderTableCell {TD} at (0,0) size 29x26 [color=#FFFF00] [bgcolor=#404080] [r=0 c=0 rs=1 cs=1]
                        RenderText {#text} at (1,1) size 27x24
                          text run at (1,1) width 27: "12."
                      RenderTableCell {TD} at (28,0) size 53x92 [color=#FFFFFF] [bgcolor=#404080] [r=0 c=1 rs=1 cs=1]
                        RenderTable {TABLE} at (1,1) size 50x90 [color=#000000]
                          RenderTableSection {TBODY} at (0,0) size 50x90 [bgcolor=#FFFF00]
                            RenderTableRow {TR} at (0,0) size 50x90
                              RenderTableCell {TD} at (0,0) size 50x90 [color=#FFFFFF] [bgcolor=#404080] [r=0 c=0 rs=1 cs=1]
                                RenderBlock {P} at (1,1) size 48x54
                                  RenderText {#text} at (0,0) size 48x54
                                    text run at (0,0) width 32: "Grab"
                                    text run at (0,18) width 34: "latest"
                                    text run at (0,36) width 48: "mozilla"
                                RenderBlock {P} at (1,71) size 48x18
                                  RenderText {#text} at (0,0) size 40x18
                                    text run at (0,0) width 40: "Test it"
              RenderTableCell {TD} at (341,704) size 85x96 [color=#FFFFFF] [bgcolor=#404080] [border: (1px inset #808080)] [r=2 c=4 rs=1 cs=1]
                RenderTable {TABLE} at (2,2) size 81x92 [color=#000000]
                  RenderTableSection {TBODY} at (0,0) size 81x92
                    RenderTableRow {TR} at (0,0) size 81x92
                      RenderTableCell {TD} at (0,0) size 29x26 [color=#FFFF00] [bgcolor=#404080] [r=0 c=0 rs=1 cs=1]
                        RenderText {#text} at (1,1) size 27x24
                          text run at (1,1) width 27: "13."
                      RenderTableCell {TD} at (28,0) size 53x92 [color=#FFFFFF] [bgcolor=#404080] [r=0 c=1 rs=1 cs=1]
                        RenderTable {TABLE} at (1,1) size 50x90 [color=#000000]
                          RenderTableSection {TBODY} at (0,0) size 50x90 [bgcolor=#FFFF00]
                            RenderTableRow {TR} at (0,0) size 50x90
                              RenderTableCell {TD} at (0,0) size 50x90 [color=#FFFFFF] [bgcolor=#404080] [r=0 c=0 rs=1 cs=1]
                                RenderBlock {P} at (1,1) size 48x54
                                  RenderText {#text} at (0,0) size 48x54
                                    text run at (0,0) width 32: "Grab"
                                    text run at (0,18) width 34: "latest"
                                    text run at (0,36) width 48: "mozilla"
                                RenderBlock {P} at (1,71) size 48x18
                                  RenderText {#text} at (0,0) size 40x18
                                    text run at (0,0) width 40: "Test it"
              RenderTableCell {TD} at (425,704) size 88x96 [color=#FFFFFF] [bgcolor=#404080] [border: (1px inset #808080)] [r=2 c=5 rs=1 cs=1]
                RenderTable {TABLE} at (2,2) size 84x92 [color=#000000]
                  RenderTableSection {TBODY} at (0,0) size 84x92
                    RenderTableRow {TR} at (0,0) size 84x92
                      RenderTableCell {TD} at (0,0) size 29x26 [color=#FFFF00] [bgcolor=#404080] [r=0 c=0 rs=1 cs=1]
                        RenderText {#text} at (1,1) size 27x24
                          text run at (1,1) width 27: "14."
                      RenderTableCell {TD} at (28,0) size 56x92 [color=#FFFFFF] [bgcolor=#404080] [r=0 c=1 rs=1 cs=1]
                        RenderTable {TABLE} at (1,1) size 53x90 [color=#000000]
                          RenderTableSection {TBODY} at (0,0) size 53x90 [bgcolor=#FFFF00]
                            RenderTableRow {TR} at (0,0) size 53x90
                              RenderTableCell {TD} at (0,0) size 53x90 [color=#FFFFFF] [bgcolor=#404080] [r=0 c=0 rs=1 cs=1]
                                RenderBlock {P} at (1,1) size 51x54
                                  RenderText {#text} at (0,0) size 48x54
                                    text run at (0,0) width 32: "Grab"
                                    text run at (0,18) width 34: "latest"
                                    text run at (0,36) width 48: "mozilla"
                                RenderBlock {P} at (1,71) size 51x18
                                  RenderText {#text} at (0,0) size 40x18
                                    text run at (0,0) width 40: "Test it"
              RenderTableCell {TD} at (512,704) size 92x290 [color=#FFFFFF] [bgcolor=#404080] [border: (1px inset #808080)] [r=2 c=6 rs=1 cs=1]
                RenderTable {TABLE} at (2,2) size 87x286 [color=#000000]
                  RenderTableSection {TBODY} at (0,0) size 87x286
                    RenderTableRow {TR} at (0,0) size 87x286
                      RenderTableCell {TD} at (0,0) size 29x26 [color=#FFFF00] [bgcolor=#404080] [r=0 c=0 rs=1 cs=1]
                        RenderText {#text} at (1,1) size 27x24
                          text run at (1,1) width 27: "15."
                      RenderTableCell {TD} at (28,0) size 59x286 [color=#FFFFFF] [bgcolor=#404080] [r=0 c=1 rs=1 cs=1]
                        RenderTable {TABLE} at (1,1) size 57x284 [color=#000000]
                          RenderTableSection {TBODY} at (0,0) size 57x284 [bgcolor=#FFFF00]
                            RenderTableRow {TR} at (0,0) size 57x284
                              RenderTableCell {TD} at (0,0) size 57x284 [color=#FFFFFF] [bgcolor=#404080] [r=0 c=0 rs=1 cs=1]
                                RenderBlock {P} at (1,1) size 55x54
                                  RenderText {#text} at (0,0) size 48x54
                                    text run at (0,0) width 32: "Grab"
                                    text run at (0,18) width 34: "latest"
                                    text run at (0,36) width 48: "mozilla"
                                RenderBlock {P} at (1,71) size 55x18
                                  RenderText {#text} at (0,0) size 40x18
                                    text run at (0,0) width 40: "Test it"
                                RenderBlock {P} at (1,105) size 55x108
                                  RenderText {#text} at (0,0) size 55x108
                                    text run at (0,0) width 50: "Mozilla"
                                    text run at (0,18) width 55: "removes"
                                    text run at (0,36) width 32: "Y2K"
                                    text run at (0,54) width 55: "Warning"
                                    text run at (0,72) width 32: "from"
                                    text run at (0,90) width 54: "FTP site"
                                RenderBlock {P} at (1,229) size 55x54
                                  RenderText {#text} at (0,0) size 39x54
                                    text run at (0,0) width 29: "This"
                                    text run at (0,18) width 39: "bug is"
                                    text run at (0,36) width 32: "fixed"
            RenderTableRow {TR} at (0,1066) size 604x30
              RenderTableCell {TD} at (0,1066) size 89x30 [color=#FFFFFF] [bgcolor=#404080] [border: (1px inset #808080)] [r=3 c=0 rs=1 cs=1]
                RenderTable {TABLE} at (2,2) size 85x26 [color=#000000]
                  RenderTableSection {TBODY} at (0,0) size 85x26
                    RenderTableRow {TR} at (0,0) size 85x26
                      RenderTableCell {TD} at (0,0) size 29x26 [color=#FFFF00] [bgcolor=#404080] [r=0 c=0 rs=1 cs=1]
                        RenderText {#text} at (1,1) size 27x24
                          text run at (1,1) width 27: "16."
                      RenderTableCell {TD} at (28,0) size 57x22 [color=#FFFFFF] [bgcolor=#404080] [r=0 c=1 rs=1 cs=1]
                        RenderTable {TABLE} at (1,1) size 55x20 [color=#000000]
                          RenderTableSection {TBODY} at (0,0) size 55x20 [bgcolor=#FFFF00]
                            RenderTableRow {TR} at (0,0) size 55x20
                              RenderTableCell {TD} at (0,0) size 55x20 [color=#FFFFFF] [bgcolor=#404080] [r=0 c=0 rs=1 cs=1]
                                RenderText {#text} at (1,1) size 8x18
                                  text run at (1,1) width 8: "?"
              RenderTableCell {TD} at (88,1066) size 85x22 [color=#FFFFFF] [bgcolor=#404080] [border: (1px inset #808080)] [r=3 c=1 rs=1 cs=1]
                RenderText {#text} at (2,2) size 6x18
                  text run at (2,2) width 6: "-"
              RenderTableCell {TD} at (172,1066) size 85x22 [color=#FFFFFF] [bgcolor=#404080] [border: (1px inset #808080)] [r=3 c=2 rs=1 cs=1]
                RenderText {#text} at (2,2) size 6x18
                  text run at (2,2) width 6: "-"
              RenderTableCell {TD} at (256,1066) size 86x22 [color=#FFFFFF] [bgcolor=#404080] [border: (1px inset #808080)] [r=3 c=3 rs=1 cs=1]
                RenderText {#text} at (2,2) size 6x18
                  text run at (2,2) width 6: "-"
              RenderTableCell {TD} at (341,1066) size 85x22 [color=#FFFFFF] [bgcolor=#404080] [border: (1px inset #808080)] [r=3 c=4 rs=1 cs=1]
                RenderText {#text} at (2,2) size 6x18
                  text run at (2,2) width 6: "-"
              RenderTableCell {TD} at (425,1066) size 88x22 [color=#FFFFFF] [bgcolor=#404080] [border: (1px inset #808080)] [r=3 c=5 rs=1 cs=1]
                RenderText {#text} at (2,2) size 6x18
                  text run at (2,2) width 6: "-"
              RenderTableCell {TD} at (512,1066) size 92x22 [color=#FFFFFF] [bgcolor=#404080] [border: (1px inset #808080)] [r=3 c=6 rs=1 cs=1]
                RenderText {#text} at (2,2) size 6x18
                  text run at (2,2) width 6: "-"
            RenderTableRow {TR} at (0,1096) size 604x22
              RenderTableCell {TD} at (0,1096) size 89x22 [color=#FFFFFF] [bgcolor=#404080] [border: (1px inset #808080)] [r=4 c=0 rs=1 cs=1]
                RenderText {#text} at (2,2) size 6x18
                  text run at (2,2) width 6: "-"
              RenderTableCell {TD} at (88,1096) size 85x22 [color=#FFFFFF] [bgcolor=#404080] [border: (1px inset #808080)] [r=4 c=1 rs=1 cs=1]
                RenderText {#text} at (2,2) size 6x18
                  text run at (2,2) width 6: "-"
              RenderTableCell {TD} at (172,1096) size 85x22 [color=#FFFFFF] [bgcolor=#404080] [border: (1px inset #808080)] [r=4 c=2 rs=1 cs=1]
                RenderText {#text} at (2,2) size 6x18
                  text run at (2,2) width 6: "-"
              RenderTableCell {TD} at (256,1096) size 86x22 [color=#FFFFFF] [bgcolor=#404080] [border: (1px inset #808080)] [r=4 c=3 rs=1 cs=1]
                RenderText {#text} at (2,2) size 6x18
                  text run at (2,2) width 6: "-"
              RenderTableCell {TD} at (341,1096) size 85x22 [color=#FFFFFF] [bgcolor=#404080] [border: (1px inset #808080)] [r=4 c=4 rs=1 cs=1]
                RenderText {#text} at (2,2) size 6x18
                  text run at (2,2) width 6: "-"
              RenderTableCell {TD} at (425,1096) size 88x22 [color=#FFFFFF] [bgcolor=#404080] [border: (1px inset #808080)] [r=4 c=5 rs=1 cs=1]
                RenderText {#text} at (2,2) size 6x18
                  text run at (2,2) width 6: "-"
              RenderTableCell {TD} at (512,1096) size 92x22 [color=#FFFFFF] [bgcolor=#404080] [border: (1px inset #808080)] [r=4 c=6 rs=1 cs=1]
                RenderText {#text} at (2,2) size 6x18
                  text run at (2,2) width 6: "-"
        RenderBlock (anonymous) at (0,1174) size 769x54
          RenderBR {BR} at (384,0) size 1x18
          RenderText {#text} at (16,18) size 737x36
            text run at (16,18) width 737: "Notice the scrollbars, they are rendered outside of the table columns, and the yellow day numbers are hidden under"
            text run at (366,36) width 37: "them."
        RenderBlock {P} at (0,1244) size 769x72
          RenderText {#text} at (4,0) size 767x72
            text run at (4,0) width 761: "This is probably another bug already covered, or fixed, but day 3 & 16 should have no scrollbar, but the area where the"
            text run at (1,18) width 424: "other scrollbars are drawn is drawn funny. They are not rendered. "
            text run at (424,18) width 344: "They seem to be whatever was drawn there before, or"
            text run at (16,36) width 737: "drawn somewhere else. Day 16 (contaings only the letter \"?\") has a region below the ? mark that is never rendered."
            text run at (120,54) width 529: "Resize the window so the window can scroll down and scroll the page up & down."
