layer at (0,0) size 800x600
  RenderView at (0,0) size 800x600
layer at (0,0) size 800x440
  RenderBlock {HTML} at (0,0) size 800x440
    RenderBody {BODY} at (8,8) size 784x424
      RenderBlock {HR} at (0,0) size 784x2 [border: (1px inset #000000)]
      RenderBlock {H3} at (0,20) size 784x23
        RenderText {#text} at (0,0) size 59x22
          text run at (0,0) width 59: "Table 1"
      RenderBlock {PRE} at (0,61) size 784x61
        RenderText {#text} at (0,0) size 219x60
          text run at (0,0) width 219: "<TABLE width=\"500\" border=1>"
          text run at (218,0) width 1: " "
          text run at (0,15) width 164: "<COLGROUP width=\"1*\">"
          text run at (163,15) width 1: " "
          text run at (0,30) width 164: "<COLGROUP width=\"1*\">"
          text run at (163,30) width 1: " "
          text run at (0,45) width 164: "<COLGROUP width=\"3*\">"
          text run at (163,45) width 1: " "
      RenderTable {TABLE} at (0,134) size 500x77 [border: (1px outset #808080)]
        RenderTableCol {COLGROUP} at (0,0) size 0x0
        RenderTableCol {COLGROUP} at (0,0) size 0x0
        RenderTableCol {COLGROUP} at (0,0) size 0x0
        RenderTableSection {TBODY} at (1,1) size 498x74
          RenderTableRow {TR} at (0,2) size 498x22
            RenderTableCell {TD} at (2,2) size 165x22 [border: (1px inset #808080)] [r=0 c=0 rs=1 cs=1]
              RenderText {#text} at (2,2) size 43x18
                text run at (2,2) width 43: "Cell A"
            RenderTableCell {TD} at (168,2) size 165x22 [border: (1px inset #808080)] [r=0 c=1 rs=1 cs=1]
              RenderText {#text} at (2,2) size 42x18
                text run at (2,2) width 42: "Cell B"
            RenderTableCell {TD} at (334,2) size 163x22 [border: (1px inset #808080)] [r=0 c=2 rs=1 cs=1]
              RenderText {#text} at (2,2) size 42x18
                text run at (2,2) width 42: "Cell C"
          RenderTableRow {TR} at (0,26) size 498x22
            RenderTableCell {TD} at (2,26) size 165x22 [border: (1px inset #808080)] [r=1 c=0 rs=1 cs=1]
              RenderText {#text} at (2,2) size 43x18
                text run at (2,2) width 43: "Cell D"
            RenderTableCell {TD} at (168,26) size 165x22 [border: (1px inset #808080)] [r=1 c=1 rs=1 cs=1]
              RenderText {#text} at (2,2) size 41x18
                text run at (2,2) width 41: "Cell E"
            RenderTableCell {TD} at (334,26) size 163x22 [border: (1px inset #808080)] [r=1 c=2 rs=1 cs=1]
              RenderText {#text} at (2,2) size 40x18
                text run at (2,2) width 40: "Cell F"
          RenderTableRow {TR} at (0,50) size 498x22
            RenderTableCell {TD} at (2,50) size 165x22 [border: (1px inset #808080)] [r=2 c=0 rs=1 cs=1]
              RenderText {#text} at (2,2) size 43x18
                text run at (2,2) width 43: "Cell G"
            RenderTableCell {TD} at (168,50) size 165x22 [border: (1px inset #808080)] [r=2 c=1 rs=1 cs=1]
              RenderText {#text} at (2,2) size 43x18
                text run at (2,2) width 43: "Cell H"
            RenderTableCell {TD} at (334,50) size 163x22 [border: (1px inset #808080)] [r=2 c=2 rs=1 cs=1]
              RenderText {#text} at (2,2) size 36x18
                text run at (2,2) width 36: "Cell I"
      RenderBlock {HR} at (0,218) size 784x3 [border: (1px inset #000000)]
      RenderBlock {H3} at (0,239) size 784x23
        RenderText {#text} at (0,0) size 59x22
          text run at (0,0) width 59: "Table 2"
      RenderBlock {PRE} at (0,279) size 784x46
        RenderText {#text} at (0,0) size 219x45
          text run at (0,0) width 219: "<TABLE width=\"500\" border=1>"
          text run at (218,0) width 1: " "
          text run at (0,15) width 219: "<COLGROUP span=2 width=\"1*\">"
          text run at (218,15) width 1: " "
          text run at (0,30) width 164: "<COLGROUP width=\"3*\">"
          text run at (163,30) width 1: " "
      RenderTable {TABLE} at (0,337) size 500x77 [border: (1px outset #808080)]
        RenderTableCol {COLGROUP} at (0,0) size 0x0
        RenderTableCol {COLGROUP} at (0,0) size 0x0
        RenderTableSection {TBODY} at (1,1) size 498x74
          RenderTableRow {TR} at (0,2) size 498x22
            RenderTableCell {TD} at (2,2) size 165x22 [border: (1px inset #808080)] [r=0 c=0 rs=1 cs=1]
              RenderText {#text} at (2,2) size 43x18
                text run at (2,2) width 43: "Cell A"
            RenderTableCell {TD} at (168,2) size 165x22 [border: (1px inset #808080)] [r=0 c=1 rs=1 cs=1]
              RenderText {#text} at (2,2) size 42x18
                text run at (2,2) width 42: "Cell B"
            RenderTableCell {TD} at (334,2) size 163x22 [border: (1px inset #808080)] [r=0 c=2 rs=1 cs=1]
              RenderText {#text} at (2,2) size 42x18
                text run at (2,2) width 42: "Cell C"
          RenderTableRow {TR} at (0,26) size 498x22
            RenderTableCell {TD} at (2,26) size 165x22 [border: (1px inset #808080)] [r=1 c=0 rs=1 cs=1]
              RenderText {#text} at (2,2) size 43x18
                text run at (2,2) width 43: "Cell D"
            RenderTableCell {TD} at (168,26) size 165x22 [border: (1px inset #808080)] [r=1 c=1 rs=1 cs=1]
              RenderText {#text} at (2,2) size 41x18
                text run at (2,2) width 41: "Cell E"
            RenderTableCell {TD} at (334,26) size 163x22 [border: (1px inset #808080)] [r=1 c=2 rs=1 cs=1]
              RenderText {#text} at (2,2) size 40x18
                text run at (2,2) width 40: "Cell F"
          RenderTableRow {TR} at (0,50) size 498x22
            RenderTableCell {TD} at (2,50) size 165x22 [border: (1px inset #808080)] [r=2 c=0 rs=1 cs=1]
              RenderText {#text} at (2,2) size 43x18
                text run at (2,2) width 43: "Cell G"
            RenderTableCell {TD} at (168,50) size 165x22 [border: (1px inset #808080)] [r=2 c=1 rs=1 cs=1]
              RenderText {#text} at (2,2) size 43x18
                text run at (2,2) width 43: "Cell H"
            RenderTableCell {TD} at (334,50) size 163x22 [border: (1px inset #808080)] [r=2 c=2 rs=1 cs=1]
              RenderText {#text} at (2,2) size 36x18
                text run at (2,2) width 36: "Cell I"
      RenderBlock {HR} at (0,421) size 784x3 [border: (1px inset #000000)]
