layer at (0,0) size 800x600
  RenderView at (0,0) size 800x600
layer at (0,0) size 800x600
  RenderBlock {HTML} at (0,0) size 800x600
    RenderBody {BODY} at (128,8) size 664x584
      RenderBlock {P} at (0,0) size 664x18
        RenderText {#text} at (0,0) size 656x18
          text run at (0,0) width 656: "text text text previous paragraph text text above the table more text text text normal paragraph etc. etc."
      RenderTable {TABLE} at (254,34) size 156x246
        RenderBlock {CAPTION} at (-128,0) size 128x90
          RenderText {#text} at (6,0) size 122x90
            text run at (6,0) width 122: "This is the caption."
            text run at (69,18) width 59: "It is right"
            text run at (46,36) width 82: "aligned.Also"
            text run at (41,54) width 87: "aligned at the"
            text run at (82,72) width 46: "bottom"
        RenderTableSection {TBODY} at (0,90) size 156x156
          RenderTableRow {TR} at (0,2) size 156x20
            RenderTableCell {TH} at (2,2) size 50x20 [r=0 c=0 rs=1 cs=1]
              RenderText {#text} at (1,1) size 48x18
                text run at (1,1) width 48: "header"
            RenderTableCell {TH} at (53,2) size 50x20 [r=0 c=1 rs=1 cs=1]
              RenderText {#text} at (1,1) size 48x18
                text run at (1,1) width 48: "header"
            RenderTableCell {TH} at (104,2) size 50x20 [r=0 c=2 rs=1 cs=1]
              RenderText {#text} at (1,1) size 48x18
                text run at (1,1) width 48: "header"
          RenderTableRow {TR} at (0,24) size 156x20
            RenderTableCell {TD} at (2,24) size 50x20 [r=1 c=0 rs=1 cs=1]
              RenderText {#text} at (1,1) size 24x18
                text run at (1,1) width 24: "cell"
            RenderTableCell {TD} at (53,24) size 50x20 [r=1 c=1 rs=1 cs=1]
              RenderText {#text} at (1,1) size 24x18
                text run at (1,1) width 24: "cell"
            RenderTableCell {TD} at (104,24) size 50x20 [r=1 c=2 rs=1 cs=1]
              RenderText {#text} at (1,1) size 24x18
                text run at (1,1) width 24: "cell"
          RenderTableRow {TR} at (0,46) size 156x20
            RenderTableCell {TD} at (2,46) size 50x20 [r=2 c=0 rs=1 cs=1]
              RenderText {#text} at (1,1) size 24x18
                text run at (1,1) width 24: "cell"
            RenderTableCell {TD} at (53,46) size 50x20 [r=2 c=1 rs=1 cs=1]
              RenderText {#text} at (1,1) size 24x18
                text run at (1,1) width 24: "cell"
            RenderTableCell {TD} at (104,46) size 50x20 [r=2 c=2 rs=1 cs=1]
              RenderText {#text} at (1,1) size 24x18
                text run at (1,1) width 24: "cell"
          RenderTableRow {TR} at (0,68) size 156x20
            RenderTableCell {TD} at (2,68) size 50x20 [r=3 c=0 rs=1 cs=1]
              RenderText {#text} at (1,1) size 24x18
                text run at (1,1) width 24: "cell"
            RenderTableCell {TD} at (53,68) size 50x20 [r=3 c=1 rs=1 cs=1]
              RenderText {#text} at (1,1) size 24x18
                text run at (1,1) width 24: "cell"
            RenderTableCell {TD} at (104,68) size 50x20 [r=3 c=2 rs=1 cs=1]
              RenderText {#text} at (1,1) size 24x18
                text run at (1,1) width 24: "cell"
          RenderTableRow {TR} at (0,90) size 156x20
            RenderTableCell {TD} at (2,90) size 50x20 [r=4 c=0 rs=1 cs=1]
              RenderText {#text} at (1,1) size 24x18
                text run at (1,1) width 24: "cell"
            RenderTableCell {TD} at (53,90) size 50x20 [r=4 c=1 rs=1 cs=1]
              RenderText {#text} at (1,1) size 24x18
                text run at (1,1) width 24: "cell"
            RenderTableCell {TD} at (104,90) size 50x20 [r=4 c=2 rs=1 cs=1]
              RenderText {#text} at (1,1) size 24x18
                text run at (1,1) width 24: "cell"
          RenderTableRow {TR} at (0,112) size 156x20
            RenderTableCell {TD} at (2,112) size 50x20 [r=5 c=0 rs=1 cs=1]
              RenderText {#text} at (1,1) size 24x18
                text run at (1,1) width 24: "cell"
            RenderTableCell {TD} at (53,112) size 50x20 [r=5 c=1 rs=1 cs=1]
              RenderText {#text} at (1,1) size 24x18
                text run at (1,1) width 24: "cell"
            RenderTableCell {TD} at (104,112) size 50x20 [r=5 c=2 rs=1 cs=1]
              RenderText {#text} at (1,1) size 24x18
                text run at (1,1) width 24: "cell"
          RenderTableRow {TR} at (0,134) size 156x20
            RenderTableCell {TD} at (2,134) size 50x20 [r=6 c=0 rs=1 cs=1]
              RenderText {#text} at (1,1) size 24x18
                text run at (1,1) width 24: "cell"
            RenderTableCell {TD} at (53,134) size 50x20 [r=6 c=1 rs=1 cs=1]
              RenderText {#text} at (1,1) size 24x18
                text run at (1,1) width 24: "cell"
            RenderTableCell {TD} at (104,134) size 50x20 [r=6 c=2 rs=1 cs=1]
              RenderText {#text} at (1,1) size 24x18
                text run at (1,1) width 24: "cell"
