layer at (0,0) size 800x600
  RenderView at (0,0) size 800x600
layer at (0,0) size 800x600
  RenderBlock {HTML} at (0,0) size 800x600
    RenderBody {BODY} at (8,8) size 784x584
      RenderTable {TABLE} at (0,0) size 71x54 [border: (3px solid #008000)]
        RenderBlock {CAPTION} at (0,0) size 42x24 [border: (3px solid #FFA500)]
          RenderText {#text} at (9,3) size 23x18
            text run at (9,3) width 23: "cap"
        RenderTableSection {TBODY} at (3,27) size 65x24
          RenderTableRow {TR} at (0,2) size 65x20
            RenderTableCell {TD} at (2,2) size 61x20 [r=0 c=0 rs=1 cs=1]
              RenderText {#text} at (1,1) size 59x18
                text run at (1,1) width 59: "table cell"
