layer at (0,0) size 800x600
  RenderView at (0,0) size 800x600
layer at (0,0) size 800x96
  RenderBlock {HTML} at (0,0) size 800x96
    RenderBody {BODY} at (8,8) size 784x80
      RenderTable {TABLE} at (0,0) size 400x80 [border: (1px outset #808080)]
        RenderTableSection {TBODY} at (1,1) size 398x78
          RenderTableRow {TR} at (0,0) size 398x78
            RenderTableCell {TD} at (0,0) size 302x78 [border: (1px inset #808080)] [r=0 c=0 rs=1 cs=2]
              RenderTable {TABLE} at (1,1) size 300x76 [border: (1px outset #808080)]
                RenderTableSection {TBODY} at (1,1) size 298x74
                  RenderTableRow {TR} at (0,0) size 298x74
                    RenderTableCell {TD} at (0,0) size 298x74 [border: (1px inset #808080)] [r=0 c=0 rs=1 cs=1]
                      RenderText {#text} at (1,1) size 294x72
                        text run at (1,1) width 284: "Presidential candidates George W. Bush and"
                        text run at (1,19) width 250: "Al Gore are expected to show a kinder,"
                        text run at (1,37) width 294: "gentler side Wednesday in the second of three"
                        text run at (1,55) width 181: "nationally televised debates."
                      RenderBR {BR} at (181,55) size 1x18
            RenderTableCell {TD} at (302,2) size 96x74 [border: (1px inset #808080)] [r=0 c=2 rs=1 cs=1]
              RenderBlock (anonymous) at (1,1) size 94x72
                RenderInline {FONT} at (0,0) size 84x72 [color=#CC3333]
                  RenderText {#text} at (0,0) size 84x72
                    text run at (0,0) width 71: "Avon.com:"
                    text run at (0,18) width 80: "Fall makeup"
                    text run at (0,36) width 84: "sale. Save up"
                    text run at (0,54) width 50: "to 47%."
              RenderBlock (anonymous) at (1,73) size 94x0 [color=#CC3333]
                RenderBlock {FORM} at (0,0) size 94x0
              RenderBlock (anonymous) at (1,73) size 94x0
                RenderInline {FONT} at (0,0) size 0x0 [color=#CC3333]
