layer at (0,0) size 800x600
  RenderView at (0,0) size 800x600
layer at (0,0) size 800x150
  RenderBlock {HTML} at (0,0) size 800x150
    RenderBody {BODY} at (8,8) size 784x134
      RenderBlock {DIV} at (0,0) size 784x134
        RenderTable {TABLE} at (78,0) size 628x134 [bgcolor=#0000FF] [border: (1px outset #808080)]
          RenderTableSection {TBODY} at (1,1) size 626x132
            RenderTableRow {TR} at (0,2) size 626x128
              RenderTableCell {TD} at (2,2) size 622x128 [border: (1px inset #808080)] [r=0 c=0 rs=1 cs=1]
                RenderBlock (anonymous) at (2,2) size 618x18
                  RenderText {#text} at (0,0) size 41x18
                    text run at (0,0) width 41: "before"
                RenderTable {TABLE} at (2,20) size 618x88 [bgcolor=#FF0000] [border: (1px outset #808080)]
                  RenderTableSection {TBODY} at (1,1) size 616x86
                    RenderTableRow {TR} at (0,2) size 616x22
                      RenderTableCell {TD} at (2,2) size 387x22 [border: (1px inset #808080)] [r=0 c=0 rs=1 cs=1]
                        RenderText {#text} at (2,2) size 273x18
                          text run at (2,2) width 273: "This is some text. This is some text. Cell 1"
                      RenderTableCell {TD} at (390,2) size 224x22 [border: (1px inset #808080)] [r=0 c=1 rs=1 cs=1]
                        RenderText {#text} at (2,2) size 156x18
                          text run at (2,2) width 156: "This is some text. Cell 2"
                    RenderTableRow {TR} at (0,26) size 616x58
                      RenderTableCell {TD} at (2,26) size 612x58 [border: (1px inset #808080)] [r=1 c=0 rs=1 cs=2]
                        RenderText {#text} at (2,2) size 581x54
                          text run at (2,2) width 581: "This is some text. This is some text. This is some text. This is some text. This is some text."
                          text run at (2,20) width 581: "This is some text. This is some text. This is some text. This is some text. This is some text."
                          text run at (2,38) width 464: "This is some text. This is some text. This is some text. This is some text."
                RenderBlock (anonymous) at (2,108) size 618x18
                  RenderText {#text} at (0,0) size 30x18
                    text run at (0,0) width 30: "after"
