layer at (0,0) size 785x4489
  RenderView at (0,0) size 785x600
layer at (0,0) size 785x4489
  RenderBlock {HTML} at (0,0) size 785x4489
    RenderBody {BODY} at (8,8) size 769x4473
      RenderBlock {DIV} at (0,0) size 769x4458
        RenderBlock (anonymous) at (0,0) size 769x18
          RenderText {#text} at (0,0) size 4x18
            text run at (0,0) width 4: " "
        RenderTable {TABLE} at (67,18) size 474x4394 [border: none]
          RenderTableSection {TBODY} at (0,0) size 472x4393
            RenderTableRow {TR} at (0,0) size 472x22
              RenderTableCell {TD} at (0,0) size 473x22 [border: (1px solid #000000)] [r=0 c=0 rs=1 cs=4]
                RenderBlock {P} at (8,1) size 457x0
                  RenderInline {B} at (0,0) size 0x0
                    RenderInline {SPAN} at (0,0) size 0x0
                      RenderInline {O:P} at (0,0) size 0x0
                RenderBlock {P} at (8,1) size 457x21
                  RenderInline {B} at (29,4) size 399x16
                    RenderInline {SPAN} at (29,4) size 399x16
                      RenderInline {FONT} at (29,0) size 399x21 [color=#008080]
                        RenderText {#text} at (29,0) size 399x21
                          text run at (29,0) width 188: "Radio Channel usage at "
                          text run at (216,0) width 212: "Bayside.    Rev date 6-25-01"
                RenderBlock {P} at (8,21) size 457x0
                  RenderInline {B} at (0,0) size 0x0
                    RenderInline {SPAN} at (0,0) size 0x0
                      RenderInline {O:P} at (0,0) size 0x0
            RenderTableRow {TR} at (0,21) size 472x36
              RenderTableCell {TD} at (0,21) size 99x36 [border: (1px solid #000000)] [r=1 c=0 rs=1 cs=1]
                RenderInline {B} at (23,0) size 54x35
                  RenderInline {SPAN} at (23,1) size 54x34
                    RenderText {#text} at (23,1) size 54x34
                      text run at (23,1) width 54: "Channel"
                      text run at (24,17) width 51: "number"
                RenderText {#text} at (0,0) size 0x0
              RenderTableCell {TD} at (98,21) size 171x19 [border: (1px solid #000000) (1px none #808080)] [r=1 c=1 rs=1 cs=1]
                RenderInline {B} at (39,0) size 93x18
                  RenderInline {SPAN} at (39,1) size 93x17
                    RenderText {#text} at (39,1) size 93x17
                      text run at (39,1) width 93: "Member name"
                RenderText {#text} at (0,0) size 0x0
              RenderTableCell {TD} at (268,21) size 99x36 [border: (1px solid #000000) (1px none #808080)] [r=1 c=2 rs=1 cs=1]
                RenderBlock {P} at (8,1) size 84x17
                  RenderInline {B} at (19,1) size 45x16
                    RenderInline {SPAN} at (19,0) size 45x17
                      RenderText {#text} at (19,0) size 45x17
                        text run at (19,0) width 45: "Proper"
                      RenderInline {SPAN} at (63,0) size 0x17
                        RenderInline {O:P} at (63,0) size 0x17
                RenderBlock {P} at (8,17) size 84x18
                  RenderInline {B} at (24,1) size 36x16
                    RenderInline {SPAN} at (24,0) size 36x17
                      RenderText {#text} at (24,0) size 36x17
                        text run at (24,0) width 36: "Plane"
              RenderTableCell {TD} at (366,21) size 107x36 [border: (1px solid #000000) (1px none #808080)] [r=1 c=3 rs=1 cs=1]
                RenderBlock {P} at (8,1) size 90x17
                  RenderInline {B} at (11,1) size 67x16
                    RenderInline {SPAN} at (11,0) size 67x17
                      RenderText {#text} at (11,0) size 67x17
                        text run at (11,0) width 67: "Helicopter"
                      RenderInline {SPAN} at (77,0) size 0x17
                        RenderInline {O:P} at (77,0) size 0x17
                RenderBlock {P} at (8,17) size 90x18
                  RenderInline {B} at (21,1) size 48x16
                    RenderInline {SPAN} at (21,0) size 48x17
                      RenderText {#text} at (21,0) size 48x17
                        text run at (21,0) width 48: "thingy.-"
            RenderTableRow {TR} at (0,56) size 472x33
              RenderTableCell {TD} at (0,56) size 99x17 [border: (1px none #808080) none] [r=2 c=0 rs=1 cs=1]
                RenderBlock {P} at (8,1) size 84x16
                  RenderText {#text} at (34,0) size 15x16
                    text run at (34,0) width 15: "00"
                  RenderInline {SPAN} at (48,0) size 0x16
                    RenderInline {O:P} at (48,0) size 0x16
              RenderTableCell {TD} at (98,56) size 171x33 [border: (1px none #808080) none (1px none #808080)] [r=2 c=1 rs=1 cs=1]
                RenderBlock {P} at (8,1) size 155x16
                  RenderText {#text} at (0,0) size 55x16
                    text run at (0,0) width 55: "Paul Scott"
                RenderBlock {P} at (8,16) size 155x16
                  RenderText {#text} at (0,0) size 92x16
                    text run at (0,0) width 92: "Donald Carvalho"
                  RenderInline {SPAN} at (91,0) size 0x16
                    RenderInline {O:P} at (91,0) size 0x16
              RenderTableCell {TD} at (268,56) size 99x17 [border: (1px none #808080) none (1px none #808080)] [r=2 c=2 rs=1 cs=1]
                RenderBlock {P} at (8,1) size 84x16
                  RenderText {#text} at (33,0) size 17x16
                    text run at (33,0) width 17: "No"
                  RenderInline {SPAN} at (49,0) size 0x16
                    RenderInline {O:P} at (49,0) size 0x16
              RenderTableCell {TD} at (366,56) size 107x17 [border: (1px none #808080) none (1px none #808080)] [r=2 c=3 rs=1 cs=1]
                RenderBlock {P} at (8,1) size 90x16
                  RenderText {#text} at (35,0) size 20x16
                    text run at (35,0) width 20: "Yes"
                  RenderInline {SPAN} at (54,0) size 0x16
                    RenderInline {O:P} at (54,0) size 0x16
            RenderTableRow {TR} at (0,88) size 472x17
              RenderTableCell {TD} at (0,88) size 99x17 [border: (1px none #808080) none] [r=3 c=0 rs=1 cs=1]
                RenderBlock {P} at (8,1) size 84x16
                  RenderText {#text} at (34,0) size 15x16
                    text run at (34,0) width 15: "01"
                  RenderInline {SPAN} at (48,0) size 0x16
                    RenderInline {O:P} at (48,0) size 0x16
              RenderTableCell {TD} at (98,88) size 171x17 [border: (1px none #808080) none (1px none #808080)] [r=3 c=1 rs=1 cs=1]
                RenderBlock {P} at (8,1) size 155x16
                  RenderText {#text} at (0,0) size 55x16
                    text run at (0,0) width 55: "Paul Scott"
                  RenderInline {SPAN} at (54,0) size 0x16
                    RenderInline {O:P} at (54,0) size 0x16
              RenderTableCell {TD} at (268,88) size 99x17 [border: (1px none #808080) none (1px none #808080)] [r=3 c=2 rs=1 cs=1]
                RenderBlock {P} at (8,1) size 84x16
                  RenderText {#text} at (33,0) size 17x16
                    text run at (33,0) width 17: "No"
                  RenderInline {SPAN} at (49,0) size 0x16
                    RenderInline {O:P} at (49,0) size 0x16
              RenderTableCell {TD} at (366,88) size 107x17 [border: (1px none #808080) none (1px none #808080)] [r=3 c=3 rs=1 cs=1]
                RenderBlock {P} at (8,1) size 90x16
                  RenderText {#text} at (35,0) size 20x16
                    text run at (35,0) width 20: "Yes"
                  RenderInline {SPAN} at (54,0) size 0x16
                    RenderInline {O:P} at (54,0) size 0x16
            RenderTableRow {TR} at (0,104) size 472x20
              RenderTableCell {TD} at (0,104) size 99x17 [border: (1px none #808080) none] [r=4 c=0 rs=1 cs=1]
                RenderBlock {P} at (8,1) size 84x15
                  RenderInline {FONT} at (34,0) size 14x15
                    RenderText {#text} at (34,0) size 14x15
                      text run at (34,0) width 14: "02"
                  RenderText {#text} at (0,0) size 0x0
              RenderTableCell {TD} at (98,104) size 171x17 [border: (1px none #808080) none (1px none #808080)] [r=4 c=1 rs=1 cs=1]
                RenderInline {FONT} at (8,1) size 54x15
                  RenderText {#text} at (8,1) size 54x15
                    text run at (8,1) width 54: "Don Coon"
                RenderText {#text} at (0,0) size 0x0
              RenderTableCell {TD} at (268,104) size 99x20 [border: (1px none #808080) none (1px none #808080)] [r=4 c=2 rs=1 cs=1]
                RenderText {#text} at (8,1) size 5x18
                  text run at (8,1) width 5: " "
              RenderTableCell {TD} at (366,104) size 107x20 [border: (1px none #808080) none (1px none #808080)] [r=4 c=3 rs=1 cs=1]
                RenderText {#text} at (8,1) size 5x18
                  text run at (8,1) width 5: " "
            RenderTableRow {TR} at (0,123) size 472x32
              RenderTableCell {TD} at (0,123) size 99x17 [border: (1px none #808080) none] [r=5 c=0 rs=1 cs=1]
                RenderInline {FONT} at (43,1) size 14x15
                  RenderText {#text} at (43,1) size 14x15
                    text run at (43,1) width 14: "05"
                RenderText {#text} at (0,0) size 0x0
              RenderTableCell {TD} at (98,123) size 171x32 [border: (1px none #808080) none (1px none #808080)] [r=5 c=1 rs=1 cs=1]
                RenderBlock {P} at (8,1) size 155x15
                  RenderInline {FONT} at (0,0) size 54x15
                    RenderText {#text} at (0,0) size 54x15
                      text run at (0,0) width 54: "Paul Scott"
                RenderBlock {P} at (8,15) size 155x16
                  RenderInline {FONT} at (0,0) size 49x15
                    RenderText {#text} at (0,0) size 49x15
                      text run at (0,0) width 49: "Bill Hunt"
                    RenderInline {SPAN} at (48,0) size 0x15
                      RenderInline {O:P} at (48,0) size 0x15
              RenderTableCell {TD} at (268,123) size 99x17 [border: (1px none #808080) none (1px none #808080)] [r=5 c=2 rs=1 cs=1]
                RenderBlock {P} at (8,1) size 84x15
                  RenderInline {FONT} at (33,0) size 17x15
                    RenderText {#text} at (33,0) size 17x15
                      text run at (33,0) width 17: "No"
                    RenderInline {SPAN} at (49,0) size 0x15
                      RenderInline {O:P} at (49,0) size 0x15
              RenderTableCell {TD} at (366,123) size 107x17 [border: (1px none #808080) none (1px none #808080)] [r=5 c=3 rs=1 cs=1]
                RenderBlock {P} at (8,1) size 90x15
                  RenderInline {FONT} at (35,0) size 20x15
                    RenderText {#text} at (35,0) size 20x15
                      text run at (35,0) width 20: "Yes"
                    RenderInline {SPAN} at (54,0) size 0x15
                      RenderInline {O:P} at (54,0) size 0x15
            RenderTableRow {TR} at (0,154) size 472x32
              RenderTableCell {TD} at (0,154) size 99x17 [border: (1px none #808080) none] [r=6 c=0 rs=1 cs=1]
                RenderInline {FONT} at (43,1) size 14x15
                  RenderText {#text} at (43,1) size 14x15
                    text run at (43,1) width 14: "06"
                RenderText {#text} at (0,0) size 0x0
              RenderTableCell {TD} at (98,154) size 171x32 [border: (1px none #808080) none (1px none #808080)] [r=6 c=1 rs=1 cs=1]
                RenderInline {FONT} at (8,1) size 135x30
                  RenderText {#text} at (8,1) size 135x30
                    text run at (8,1) width 135: "Gene Pheiffer                   "
                    text run at (8,16) width 80: "Alberto Lanzas"
                RenderText {#text} at (0,0) size 0x0
              RenderTableCell {TD} at (268,154) size 99x32 [border: (1px none #808080) none (1px none #808080)] [r=6 c=2 rs=1 cs=1]
                RenderBlock {P} at (8,1) size 84x16
                  RenderText {#text} at (32,0) size 20x16
                    text run at (32,0) width 20: "Yes"
                RenderBlock {P} at (8,16) size 84x16
                  RenderText {#text} at (32,0) size 20x16
                    text run at (32,0) width 20: "Yes"
              RenderTableCell {TD} at (366,154) size 107x32 [border: (1px none #808080) none (1px none #808080)] [r=6 c=3 rs=1 cs=1]
                RenderBlock (anonymous) at (8,1) size 90x15
                  RenderInline {SPAN} at (36,-3) size 17x19
                    RenderInline {FONT} at (36,0) size 17x15
                      RenderText {#text} at (36,0) size 17x15
                        text run at (36,0) width 17: "No"
                  RenderText {#text} at (0,0) size 0x0
                RenderBlock {P} at (8,15) size 90x17
                  RenderText {#text} at (35,0) size 20x16
                    text run at (35,0) width 20: "Yes"
            RenderTableRow {TR} at (0,185) size 472x17
              RenderTableCell {TD} at (0,185) size 99x17 [border: (1px none #808080) none] [r=7 c=0 rs=1 cs=1]
                RenderBlock {P} at (8,1) size 84x15
                  RenderInline {FONT} at (34,0) size 14x15
                    RenderText {#text} at (34,0) size 14x15
                      text run at (34,0) width 14: "07"
                  RenderText {#text} at (0,0) size 0x0
              RenderTableCell {TD} at (98,185) size 171x17 [border: (1px none #808080) none (1px none #808080)] [r=7 c=1 rs=1 cs=1]
                RenderInline {FONT} at (8,1) size 49x15
                  RenderText {#text} at (8,1) size 49x15
                    text run at (8,1) width 49: "Phil Cole"
                RenderText {#text} at (0,0) size 0x0
              RenderTableCell {TD} at (268,185) size 99x17 [border: (1px none #808080) none (1px none #808080)] [r=7 c=2 rs=1 cs=1]
                RenderBlock {P} at (8,1) size 84x15
                  RenderInline {FONT} at (32,0) size 20x15
                    RenderText {#text} at (32,0) size 20x15
                      text run at (32,0) width 20: "Yes"
                  RenderText {#text} at (0,0) size 0x0
              RenderTableCell {TD} at (366,185) size 107x17 [border: (1px none #808080) none (1px none #808080)] [r=7 c=3 rs=1 cs=1]
                RenderBlock {P} at (8,1) size 90x15
                  RenderInline {FONT} at (35,0) size 20x15
                    RenderText {#text} at (35,0) size 20x15
                      text run at (35,0) width 20: "Yes"
                  RenderText {#text} at (0,0) size 0x0
            RenderTableRow {TR} at (0,201) size 472x33
              RenderTableCell {TD} at (0,201) size 99x18 [border: (1px none #808080) none] [r=8 c=0 rs=1 cs=1]
                RenderBlock {P} at (8,1) size 84x16
                  RenderText {#text} at (34,0) size 15x16
                    text run at (34,0) width 15: "08"
                  RenderInline {SPAN} at (48,0) size 0x16
                    RenderInline {O:P} at (48,0) size 0x16
              RenderTableCell {TD} at (98,201) size 171x33 [border: (1px none #808080) none (1px none #808080)] [r=8 c=1 rs=1 cs=1]
                RenderBlock {P} at (8,1) size 155x16
                  RenderText {#text} at (0,0) size 55x16
                    text run at (0,0) width 55: "Paul Scott"
                RenderBlock {P} at (8,16) size 155x16
                  RenderText {#text} at (0,0) size 75x16
                    text run at (0,0) width 75: "Gene Pheiffer"
                  RenderInline {SPAN} at (74,0) size 0x16
                    RenderInline {O:P} at (74,0) size 0x16
              RenderTableCell {TD} at (268,201) size 99x33 [border: (1px none #808080) none (1px none #808080)] [r=8 c=2 rs=1 cs=1]
                RenderBlock {P} at (8,1) size 84x16
                  RenderText {#text} at (33,0) size 17x16
                    text run at (33,0) width 17: "No"
                RenderBlock {P} at (8,16) size 84x16
                  RenderText {#text} at (32,0) size 20x16
                    text run at (32,0) width 20: "Yes"
                  RenderInline {SPAN} at (51,0) size 0x16
                    RenderInline {O:P} at (51,0) size 0x16
              RenderTableCell {TD} at (366,201) size 107x33 [border: (1px none #808080) none (1px none #808080)] [r=8 c=3 rs=1 cs=1]
                RenderBlock {P} at (8,1) size 90x16
                  RenderText {#text} at (35,0) size 20x16
                    text run at (35,0) width 20: "Yes"
                RenderBlock {P} at (8,16) size 90x16
                  RenderText {#text} at (36,0) size 17x16
                    text run at (36,0) width 17: "No"
                  RenderInline {SPAN} at (52,0) size 0x16
                    RenderInline {O:P} at (52,0) size 0x16
            RenderTableRow {TR} at (0,233) size 472x48
              RenderTableCell {TD} at (0,233) size 99x17 [border: (1px none #808080) none] [r=9 c=0 rs=1 cs=1]
                RenderBlock {P} at (8,1) size 84x16
                  RenderText {#text} at (2,0) size 79x16
                    text run at (2,0) width 79: "Programmable"
                  RenderInline {SPAN} at (80,0) size 0x16
                    RenderInline {O:P} at (80,0) size 0x16
              RenderTableCell {TD} at (98,233) size 171x48 [border: (1px none #808080) none (1px none #808080)] [r=9 c=1 rs=1 cs=1]
                RenderBlock {P} at (8,1) size 155x16
                  RenderText {#text} at (0,0) size 103x16
                    text run at (0,0) width 103: "Richard Pevehouse"
                  RenderInline {SPAN} at (102,0) size 0x16
                    RenderInline {O:P} at (102,0) size 0x16
                RenderBlock {P} at (8,16) size 155x16
                  RenderText {#text} at (0,0) size 62x16
                    text run at (0,0) width 62: "Gary Heath"
                RenderBlock {P} at (8,31) size 155x16
                  RenderText {#text} at (0,0) size 63x16
                    text run at (0,0) width 63: "Scott Hersh"
                  RenderInline {SPAN} at (62,0) size 0x16
                    RenderInline {O:P} at (62,0) size 0x16
              RenderTableCell {TD} at (268,233) size 99x33 [border: (1px none #808080) none (1px none #808080)] [r=9 c=2 rs=1 cs=1]
                RenderBlock {P} at (8,1) size 84x16
                  RenderText {#text} at (32,0) size 20x16
                    text run at (32,0) width 20: "Yes"
                  RenderInline {SPAN} at (51,0) size 0x16
                    RenderInline {O:P} at (51,0) size 0x16
                RenderBlock {P} at (8,16) size 84x16
                  RenderText {#text} at (33,0) size 17x16
                    text run at (33,0) width 17: "No"
                  RenderInline {SPAN} at (49,0) size 0x16
                    RenderInline {O:P} at (49,0) size 0x16
              RenderTableCell {TD} at (366,233) size 107x33 [border: (1px none #808080) none (1px none #808080)] [r=9 c=3 rs=1 cs=1]
                RenderBlock {P} at (8,1) size 90x16
                  RenderText {#text} at (36,0) size 17x16
                    text run at (36,0) width 17: "No"
                  RenderInline {SPAN} at (52,0) size 0x16
                    RenderInline {O:P} at (52,0) size 0x16
                RenderBlock {P} at (8,16) size 90x16
                  RenderText {#text} at (35,0) size 20x16
                    text run at (35,0) width 20: "Yes"
                  RenderInline {SPAN} at (54,0) size 0x16
                    RenderInline {O:P} at (54,0) size 0x16
            RenderTableRow {TR} at (0,280) size 472x109
              RenderTableCell {TD} at (0,280) size 99x17 [border: (1px none #808080) none] [r=10 c=0 rs=1 cs=1]
                RenderBlock {P} at (8,1) size 84x16
                  RenderText {#text} at (35,0) size 13x16
                    text run at (35,0) width 13: "11"
                  RenderInline {SPAN} at (47,0) size 0x16
                    RenderInline {O:P} at (47,0) size 0x16
              RenderTableCell {TD} at (98,280) size 171x109 [border: (1px none #808080) none (1px none #808080)] [r=10 c=1 rs=1 cs=1]
                RenderBlock {P} at (8,1) size 155x16
                  RenderText {#text} at (0,0) size 81x16
                    text run at (0,0) width 81: "George Cowan"
                  RenderInline {SPAN} at (80,0) size 0x16
                    RenderInline {O:P} at (80,0) size 0x16
                RenderBlock {P} at (8,16) size 155x16
                  RenderText {#text} at (0,0) size 75x16
                    text run at (0,0) width 75: "Rick Klement"
                  RenderInline {SPAN} at (74,0) size 0x16
                    RenderInline {O:P} at (74,0) size 0x16
                RenderBlock {P} at (8,31) size 155x16
                  RenderText {#text} at (0,0) size 78x16
                    text run at (0,0) width 78: "John Mathews"
                RenderBlock {P} at (8,46) size 155x17
                  RenderText {#text} at (0,0) size 55x16
                    text run at (0,0) width 55: "Ed Cypret"
                RenderBlock {P} at (8,62) size 155x16
                  RenderText {#text} at (0,0) size 83x16
                    text run at (0,0) width 83: "John Chamorro"
                RenderBlock {P} at (8,77) size 155x16
                  RenderText {#text} at (0,0) size 83x16
                    text run at (0,0) width 83: "John Yearwood"
                RenderBlock {P} at (8,92) size 155x17
                  RenderText {#text} at (0,0) size 85x16
                    text run at (0,0) width 85: "Jason Anderson"
                  RenderInline {SPAN} at (84,0) size 0x16
                    RenderInline {O:P} at (84,0) size 0x16
              RenderTableCell {TD} at (268,280) size 99x109 [border: (1px none #808080) none (1px none #808080)] [r=10 c=2 rs=1 cs=1]
                RenderBlock {P} at (8,1) size 84x16
                  RenderText {#text} at (32,0) size 20x16
                    text run at (32,0) width 20: "Yes"
                  RenderInline {SPAN} at (51,0) size 0x16
                    RenderInline {O:P} at (51,0) size 0x16
                RenderBlock {P} at (8,16) size 84x16
                  RenderText {#text} at (32,0) size 20x16
                    text run at (32,0) width 20: "Yes"
                  RenderInline {SPAN} at (51,0) size 0x16
                    RenderInline {O:P} at (51,0) size 0x16
                RenderBlock {P} at (8,31) size 84x16
                  RenderText {#text} at (32,0) size 20x16
                    text run at (32,0) width 20: "Yes"
                RenderBlock {P} at (8,46) size 84x17
                  RenderText {#text} at (40,0) size 4x16
                    text run at (40,0) width 4: " "
                RenderBlock {P} at (8,62) size 84x16
                  RenderText {#text} at (40,0) size 4x16
                    text run at (40,0) width 4: " "
                RenderBlock {P} at (8,77) size 84x16
                  RenderText {#text} at (32,0) size 20x16
                    text run at (32,0) width 20: "Yes"
                RenderBlock {P} at (8,92) size 84x17
                  RenderText {#text} at (32,0) size 20x16
                    text run at (32,0) width 20: "Yes"
                  RenderInline {SPAN} at (51,0) size 0x16
                    RenderInline {O:P} at (51,0) size 0x16
              RenderTableCell {TD} at (366,280) size 107x109 [border: (1px none #808080) none (1px none #808080)] [r=10 c=3 rs=1 cs=1]
                RenderBlock {P} at (8,1) size 90x16
                  RenderText {#text} at (36,0) size 17x16
                    text run at (36,0) width 17: "No"
                  RenderInline {SPAN} at (52,0) size 0x16
                    RenderInline {O:P} at (52,0) size 0x16
                RenderBlock {P} at (8,16) size 90x16
                  RenderText {#text} at (35,0) size 20x16
                    text run at (35,0) width 20: "Yes"
                  RenderInline {SPAN} at (54,0) size 0x16
                    RenderInline {O:P} at (54,0) size 0x16
                RenderBlock {P} at (8,31) size 90x16
                  RenderText {#text} at (36,0) size 17x16
                    text run at (36,0) width 17: "No"
                RenderBlock {P} at (8,46) size 90x17
                  RenderText {#text} at (43,0) size 4x16
                    text run at (43,0) width 4: " "
                RenderBlock {P} at (8,62) size 90x16
                  RenderText {#text} at (43,0) size 4x16
                    text run at (43,0) width 4: " "
                RenderBlock {P} at (8,77) size 90x16
                  RenderText {#text} at (36,0) size 17x16
                    text run at (36,0) width 17: "No"
                RenderBlock {P} at (8,92) size 90x17
                  RenderText {#text} at (36,0) size 17x16
                    text run at (36,0) width 17: "No"
                  RenderInline {SPAN} at (52,0) size 0x16
                    RenderInline {O:P} at (52,0) size 0x16
            RenderTableRow {TR} at (0,388) size 472x79
              RenderTableCell {TD} at (0,388) size 99x18 [border: (1px none #808080) none] [r=11 c=0 rs=1 cs=1]
                RenderBlock {P} at (8,1) size 84x16
                  RenderText {#text} at (34,0) size 15x16
                    text run at (34,0) width 15: "12"
                  RenderInline {SPAN} at (48,0) size 0x16
                    RenderInline {O:P} at (48,0) size 0x16
              RenderTableCell {TD} at (98,388) size 171x79 [border: (1px none #808080) none (1px none #808080)] [r=11 c=1 rs=1 cs=1]
                RenderBlock {P} at (8,1) size 155x16
                  RenderText {#text} at (0,0) size 75x16
                    text run at (0,0) width 75: "Rick Klement"
                RenderBlock {P} at (8,16) size 155x16
                  RenderText {#text} at (0,0) size 85x16
                    text run at (0,0) width 85: "George Coward"
                RenderBlock {P} at (8,31) size 155x16
                  RenderText {#text} at (0,0) size 86x16
                    text run at (0,0) width 86: "Gerald Cardinal"
                RenderBlock {P} at (8,46) size 155x17
                  RenderText {#text} at (0,0) size 73x16
                    text run at (0,0) width 73: "Brock Brown"
                RenderBlock {P} at (8,62) size 155x16
                  RenderText {#text} at (0,0) size 99x16
                    text run at (0,0) width 99: "Ellsworth Crowell"
              RenderTableCell {TD} at (268,388) size 99x79 [border: (1px none #808080) none (1px none #808080)] [r=11 c=2 rs=1 cs=1]
                RenderBlock {P} at (8,1) size 84x16
                  RenderText {#text} at (32,0) size 20x16
                    text run at (32,0) width 20: "Yes"
                RenderBlock {P} at (8,16) size 84x16
                  RenderText {#text} at (32,0) size 20x16
                    text run at (32,0) width 20: "Yes"
                RenderBlock {P} at (8,31) size 84x16
                  RenderText {#text} at (40,0) size 4x16
                    text run at (40,0) width 4: " "
                RenderBlock {P} at (8,46) size 84x17
                  RenderText {#text} at (32,0) size 20x16
                    text run at (32,0) width 20: "Yes"
                RenderBlock {P} at (8,62) size 84x16
                  RenderText {#text} at (32,0) size 20x16
                    text run at (32,0) width 20: "Yes"
                  RenderInline {SPAN} at (51,0) size 0x16
                    RenderInline {O:P} at (51,0) size 0x16
              RenderTableCell {TD} at (366,388) size 107x79 [border: (1px none #808080) none (1px none #808080)] [r=11 c=3 rs=1 cs=1]
                RenderBlock {P} at (8,1) size 90x16
                  RenderText {#text} at (35,0) size 20x16
                    text run at (35,0) width 20: "Yes"
                RenderBlock {P} at (8,16) size 90x16
                  RenderText {#text} at (36,0) size 17x16
                    text run at (36,0) width 17: "No"
                RenderBlock {P} at (8,31) size 90x16
                  RenderText {#text} at (43,0) size 4x16
                    text run at (43,0) width 4: " "
                RenderBlock {P} at (8,46) size 90x17
                  RenderText {#text} at (36,0) size 17x16
                    text run at (36,0) width 17: "No"
                RenderBlock {P} at (8,62) size 90x16
                  RenderText {#text} at (36,0) size 17x16
                    text run at (36,0) width 17: "No"
                  RenderInline {SPAN} at (52,0) size 0x16
                    RenderInline {O:P} at (52,0) size 0x16
            RenderTableRow {TR} at (0,466) size 472x63
              RenderTableCell {TD} at (0,466) size 99x17 [border: (1px none #808080) none] [r=12 c=0 rs=1 cs=1]
                RenderBlock {P} at (8,1) size 84x16
                  RenderText {#text} at (34,0) size 15x16
                    text run at (34,0) width 15: "13"
                  RenderInline {SPAN} at (48,0) size 0x16
                    RenderInline {O:P} at (48,0) size 0x16
              RenderTableCell {TD} at (98,466) size 171x63 [border: (1px none #808080) none (1px none #808080)] [r=12 c=1 rs=1 cs=1]
                RenderBlock {P} at (8,1) size 155x16
                  RenderText {#text} at (0,0) size 66x16
                    text run at (0,0) width 66: " Oliver Baer"
                RenderBlock {P} at (8,16) size 155x16
                  RenderText {#text} at (0,0) size 59x16
                    text run at (0,0) width 59: "Joe Araujo"
                RenderBlock {P} at (8,31) size 155x16
                  RenderText {#text} at (0,0) size 75x16
                    text run at (0,0) width 75: "Jim Mirowski"
                RenderBlock {P} at (8,46) size 155x17
                  RenderText {#text} at (0,0) size 63x16
                    text run at (0,0) width 63: "Scott Hersh"
                  RenderInline {SPAN} at (62,0) size 0x16
                    RenderInline {O:P} at (62,0) size 0x16
              RenderTableCell {TD} at (268,466) size 99x63 [border: (1px none #808080) none (1px none #808080)] [r=12 c=2 rs=1 cs=1]
                RenderBlock {P} at (8,1) size 84x16
                  RenderText {#text} at (30,0) size 24x16
                    text run at (30,0) width 24: " Yes"
                RenderBlock {P} at (8,16) size 84x16
                  RenderText {#text} at (40,0) size 4x16
                    text run at (40,0) width 4: " "
                RenderBlock {P} at (8,31) size 84x16
                  RenderText {#text} at (40,0) size 4x16
                    text run at (40,0) width 4: " "
                RenderBlock {P} at (8,46) size 84x17
                  RenderText {#text} at (32,0) size 20x16
                    text run at (32,0) width 20: "Yes"
                  RenderInline {SPAN} at (51,0) size 0x16
                    RenderInline {O:P} at (51,0) size 0x16
              RenderTableCell {TD} at (366,466) size 107x63 [border: (1px none #808080) none (1px none #808080)] [r=12 c=3 rs=1 cs=1]
                RenderBlock {P} at (8,1) size 90x16
                  RenderText {#text} at (35,0) size 20x16
                    text run at (35,0) width 20: " No"
                RenderBlock {P} at (8,16) size 90x16
                  RenderText {#text} at (43,0) size 4x16
                    text run at (43,0) width 4: " "
                RenderBlock {P} at (8,31) size 90x16
                  RenderText {#text} at (43,0) size 4x16
                    text run at (43,0) width 4: " "
                RenderBlock {P} at (8,46) size 90x17
                  RenderText {#text} at (36,0) size 17x16
                    text run at (36,0) width 17: "No"
                  RenderInline {SPAN} at (52,0) size 0x16
                    RenderInline {O:P} at (52,0) size 0x16
            RenderTableRow {TR} at (0,528) size 472x48
              RenderTableCell {TD} at (0,528) size 99x18 [border: (1px none #808080) none] [r=13 c=0 rs=1 cs=1]
                RenderBlock {P} at (8,1) size 84x16
                  RenderText {#text} at (34,0) size 15x16
                    text run at (34,0) width 15: "14"
                  RenderInline {SPAN} at (48,0) size 0x16
                    RenderInline {O:P} at (48,0) size 0x16
              RenderTableCell {TD} at (98,528) size 171x48 [border: (1px none #808080) none (1px none #808080)] [r=13 c=1 rs=1 cs=1]
                RenderBlock {P} at (8,1) size 155x16
                  RenderText {#text} at (0,0) size 62x16
                    text run at (0,0) width 62: " Joe Araujo"
                RenderBlock {P} at (8,16) size 155x16
                  RenderText {#text} at (0,0) size 71x16
                    text run at (0,0) width 71: "Steve Gilbert"
                RenderBlock {P} at (8,31) size 155x16
                  RenderText {#text} at (0,0) size 79x16
                    text run at (0,0) width 79: "Gary Williams"
                  RenderInline {SPAN} at (78,0) size 0x16
                    RenderInline {O:P} at (78,0) size 0x16
              RenderTableCell {TD} at (268,528) size 99x33 [border: (1px none #808080) none (1px none #808080)] [r=13 c=2 rs=1 cs=1]
                RenderBlock {P} at (8,1) size 84x16
                  RenderText {#text} at (40,0) size 4x16
                    text run at (40,0) width 4: " "
                RenderBlock {P} at (8,16) size 84x16
                  RenderText {#text} at (32,0) size 20x16
                    text run at (32,0) width 20: "Yes"
                  RenderInline {SPAN} at (51,0) size 0x16
                    RenderInline {O:P} at (51,0) size 0x16
              RenderTableCell {TD} at (366,528) size 107x33 [border: (1px none #808080) none (1px none #808080)] [r=13 c=3 rs=1 cs=1]
                RenderBlock {P} at (8,1) size 90x16
                  RenderText {#text} at (43,0) size 4x16
                    text run at (43,0) width 4: " "
                RenderBlock {P} at (8,16) size 90x16
                  RenderText {#text} at (36,0) size 17x16
                    text run at (36,0) width 17: "No"
                  RenderInline {SPAN} at (52,0) size 0x16
                    RenderInline {O:P} at (52,0) size 0x16
            RenderTableRow {TR} at (0,575) size 472x79
              RenderTableCell {TD} at (0,575) size 99x18 [border: (1px none #808080) none] [r=14 c=0 rs=1 cs=1]
                RenderBlock {P} at (8,1) size 84x16
                  RenderText {#text} at (34,0) size 15x16
                    text run at (34,0) width 15: "15"
                  RenderInline {SPAN} at (48,0) size 0x16
                    RenderInline {O:P} at (48,0) size 0x16
              RenderTableCell {TD} at (98,575) size 171x79 [border: (1px none #808080) none (1px none #808080)] [r=14 c=1 rs=1 cs=1]
                RenderBlock {P} at (8,1) size 155x16
                  RenderText {#text} at (0,0) size 66x16
                    text run at (0,0) width 66: " Oliver Baer"
                RenderBlock {P} at (8,16) size 155x16
                  RenderText {#text} at (0,0) size 53x16
                    text run at (0,0) width 53: "Joe Smith"
                RenderBlock {P} at (8,31) size 155x16
                  RenderText {#text} at (0,0) size 55x16
                    text run at (0,0) width 55: "John Paye"
                RenderBlock {P} at (8,46) size 155x17
                  RenderText {#text} at (0,0) size 83x16
                    text run at (0,0) width 83: "John Yearwood"
                RenderBlock {P} at (8,62) size 155x16
                  RenderText {#text} at (0,0) size 70x16
                    text run at (0,0) width 70: "Harald Close"
                  RenderInline {SPAN} at (69,0) size 0x16
                    RenderInline {O:P} at (69,0) size 0x16
              RenderTableCell {TD} at (268,575) size 99x79 [border: (1px none #808080) none (1px none #808080)] [r=14 c=2 rs=1 cs=1]
                RenderBlock {P} at (8,1) size 84x16
                  RenderText {#text} at (30,0) size 24x16
                    text run at (30,0) width 24: " Yes"
                RenderBlock {P} at (8,16) size 84x16
                  RenderText {#text} at (40,0) size 4x16
                    text run at (40,0) width 4: " "
                RenderBlock {P} at (8,31) size 84x16
                  RenderText {#text} at (40,0) size 4x16
                    text run at (40,0) width 4: " "
                RenderBlock {P} at (8,46) size 84x17
                  RenderText {#text} at (32,0) size 20x16
                    text run at (32,0) width 20: "Yes"
                RenderBlock {P} at (8,62) size 84x16
                  RenderText {#text} at (32,0) size 20x16
                    text run at (32,0) width 20: "Yes"
                  RenderInline {SPAN} at (51,0) size 0x16
                    RenderInline {O:P} at (51,0) size 0x16
              RenderTableCell {TD} at (366,575) size 107x79 [border: (1px none #808080) none (1px none #808080)] [r=14 c=3 rs=1 cs=1]
                RenderBlock {P} at (8,1) size 90x16
                  RenderText {#text} at (35,0) size 20x16
                    text run at (35,0) width 20: " No"
                RenderBlock {P} at (8,16) size 90x16
                  RenderText {#text} at (43,0) size 4x16
                    text run at (43,0) width 4: " "
                RenderBlock {P} at (8,31) size 90x16
                  RenderText {#text} at (43,0) size 4x16
                    text run at (43,0) width 4: " "
                RenderBlock {P} at (8,46) size 90x17
                  RenderText {#text} at (36,0) size 17x16
                    text run at (36,0) width 17: "No"
                RenderBlock {P} at (8,62) size 90x16
                  RenderText {#text} at (36,0) size 17x16
                    text run at (36,0) width 17: "No"
                  RenderInline {SPAN} at (52,0) size 0x16
                    RenderInline {O:P} at (52,0) size 0x16
            RenderTableRow {TR} at (0,653) size 472x33
              RenderTableCell {TD} at (0,653) size 99x17 [border: (1px none #808080) none] [r=15 c=0 rs=1 cs=1]
                RenderBlock {P} at (8,1) size 84x16
                  RenderText {#text} at (34,0) size 15x16
                    text run at (34,0) width 15: "16"
                  RenderInline {SPAN} at (48,0) size 0x16
                    RenderInline {O:P} at (48,0) size 0x16
              RenderTableCell {TD} at (98,653) size 171x33 [border: (1px none #808080) none (1px none #808080)] [r=15 c=1 rs=1 cs=1]
                RenderBlock {P} at (8,1) size 155x16
                  RenderText {#text} at (0,0) size 83x16
                    text run at (0,0) width 83: " James Haladus"
                RenderBlock {P} at (8,16) size 155x16
                  RenderText {#text} at (0,0) size 53x16
                    text run at (0,0) width 53: "Joe Smith"
                  RenderInline {SPAN} at (52,0) size 0x16
                    RenderInline {O:P} at (52,0) size 0x16
              RenderTableCell {TD} at (268,653) size 99x17 [border: (1px none #808080) none (1px none #808080)] [r=15 c=2 rs=1 cs=1]
                RenderBlock {P} at (8,1) size 84x16
                  RenderText {#text} at (30,0) size 24x16
                    text run at (30,0) width 24: " Yes"
                  RenderInline {SPAN} at (53,0) size 0x16
                    RenderInline {O:P} at (53,0) size 0x16
              RenderTableCell {TD} at (366,653) size 107x17 [border: (1px none #808080) none (1px none #808080)] [r=15 c=3 rs=1 cs=1]
                RenderBlock {P} at (8,1) size 90x16
                  RenderText {#text} at (35,0) size 20x16
                    text run at (35,0) width 20: " No"
                  RenderInline {SPAN} at (54,0) size 0x16
                    RenderInline {O:P} at (54,0) size 0x16
            RenderTableRow {TR} at (0,685) size 472x78
              RenderTableCell {TD} at (0,685) size 99x17 [border: (1px none #808080) none] [r=16 c=0 rs=1 cs=1]
                RenderBlock {P} at (8,1) size 84x16
                  RenderText {#text} at (34,0) size 15x16
                    text run at (34,0) width 15: "17"
                  RenderInline {SPAN} at (48,0) size 0x16
                    RenderInline {O:P} at (48,0) size 0x16
              RenderTableCell {TD} at (98,685) size 171x78 [border: (1px none #808080) none (1px none #808080)] [r=16 c=1 rs=1 cs=1]
                RenderBlock {P} at (8,1) size 155x16
                  RenderText {#text} at (0,0) size 61x16
                    text run at (0,0) width 61: "Doug Field"
                  RenderInline {SPAN} at (60,0) size 0x16
                    RenderInline {O:P} at (60,0) size 0x16
                RenderBlock {P} at (8,16) size 155x16
                  RenderText {#text} at (0,0) size 65x16
                    text run at (0,0) width 65: "Dave Neves"
                RenderBlock {P} at (8,31) size 155x16
                  RenderText {#text} at (0,0) size 63x16
                    text run at (0,0) width 63: "Oliver Baer"
                RenderBlock {P} at (8,46) size 155x17
                  RenderText {#text} at (0,0) size 56x16
                    text run at (0,0) width 56: "John Todd"
                RenderBlock {P} at (8,62) size 155x16
                  RenderText {#text} at (0,0) size 99x16
                    text run at (0,0) width 99: "Dave Christiansen"
                  RenderInline {SPAN} at (98,0) size 0x16
                    RenderInline {O:P} at (98,0) size 0x16
              RenderTableCell {TD} at (268,685) size 99x78 [border: (1px none #808080) none (1px none #808080)] [r=16 c=2 rs=1 cs=1]
                RenderBlock {P} at (8,1) size 84x16
                  RenderText {#text} at (32,0) size 20x16
                    text run at (32,0) width 20: "Yes"
                  RenderInline {SPAN} at (51,0) size 0x16
                    RenderInline {O:P} at (51,0) size 0x16
                RenderBlock {P} at (8,16) size 84x16
                  RenderText {#text} at (32,0) size 20x16
                    text run at (32,0) width 20: "Yes"
                RenderBlock {P} at (8,31) size 84x16
                  RenderText {#text} at (32,0) size 20x16
                    text run at (32,0) width 20: "Yes"
                RenderBlock {P} at (8,46) size 84x17
                  RenderText {#text} at (40,0) size 4x16
                    text run at (40,0) width 4: " "
                RenderBlock {P} at (8,62) size 84x16
                  RenderText {#text} at (32,0) size 20x16
                    text run at (32,0) width 20: "Yes"
                  RenderInline {SPAN} at (51,0) size 0x16
                    RenderInline {O:P} at (51,0) size 0x16
              RenderTableCell {TD} at (366,685) size 107x78 [border: (1px none #808080) none (1px none #808080)] [r=16 c=3 rs=1 cs=1]
                RenderBlock {P} at (8,1) size 90x16
                  RenderText {#text} at (36,0) size 17x16
                    text run at (36,0) width 17: "No"
                  RenderInline {SPAN} at (52,0) size 0x16
                    RenderInline {O:P} at (52,0) size 0x16
                RenderBlock {P} at (8,16) size 90x16
                  RenderText {#text} at (35,0) size 20x16
                    text run at (35,0) width 20: "Yes"
                RenderBlock {P} at (8,31) size 90x16
                  RenderText {#text} at (36,0) size 17x16
                    text run at (36,0) width 17: "No"
                RenderBlock {P} at (8,46) size 90x17
                  RenderText {#text} at (43,0) size 4x16
                    text run at (43,0) width 4: " "
                RenderBlock {P} at (8,62) size 90x16
                  RenderText {#text} at (36,0) size 17x16
                    text run at (36,0) width 17: "No"
                  RenderInline {SPAN} at (52,0) size 0x16
                    RenderInline {O:P} at (52,0) size 0x16
            RenderTableRow {TR} at (0,762) size 472x109
              RenderTableCell {TD} at (0,762) size 99x17 [border: (1px none #808080) none] [r=17 c=0 rs=1 cs=1]
                RenderBlock {P} at (8,1) size 84x16
                  RenderText {#text} at (34,0) size 15x16
                    text run at (34,0) width 15: "18"
                  RenderInline {SPAN} at (48,0) size 0x16
                    RenderInline {O:P} at (48,0) size 0x16
              RenderTableCell {TD} at (98,762) size 171x109 [border: (1px none #808080) none (1px none #808080)] [r=17 c=1 rs=1 cs=1]
                RenderBlock {P} at (8,1) size 155x16
                  RenderText {#text} at (0,0) size 79x16
                    text run at (0,0) width 79: "Robert Barnett"
                RenderBlock {P} at (8,16) size 155x16
                  RenderText {#text} at (0,0) size 73x16
                    text run at (0,0) width 73: "Jim Mahoney"
                RenderBlock {P} at (8,31) size 155x16
                  RenderText {#text} at (0,0) size 79x16
                    text run at (0,0) width 79: "Dave Marshall"
                RenderBlock {P} at (8,46) size 155x17
                  RenderText {#text} at (0,0) size 86x16
                    text run at (0,0) width 86: "Gerald Cardinal"
                RenderBlock {P} at (8,62) size 155x16
                  RenderText {#text} at (0,0) size 104x16
                    text run at (0,0) width 104: "Dan & Will Sievert"
                RenderBlock {P} at (8,77) size 155x16
                  RenderText {#text} at (0,0) size 99x16
                    text run at (0,0) width 99: "Ellsworth Crowell"
                RenderBlock {P} at (8,92) size 155x17
                  RenderText {#text} at (0,0) size 59x16
                    text run at (0,0) width 59: "Jim Colvin"
                  RenderInline {SPAN} at (58,0) size 0x16
                    RenderInline {O:P} at (58,0) size 0x16
              RenderTableCell {TD} at (268,762) size 99x94 [border: (1px none #808080) none (1px none #808080)] [r=17 c=2 rs=1 cs=1]
                RenderBlock {P} at (8,1) size 84x16
                  RenderText {#text} at (32,0) size 20x16
                    text run at (32,0) width 20: "Yes"
                RenderBlock {P} at (8,16) size 84x16
                  RenderText {#text} at (32,0) size 20x16
                    text run at (32,0) width 20: "Yes"
                RenderBlock {P} at (8,31) size 84x16
                  RenderText {#text} at (32,0) size 20x16
                    text run at (32,0) width 20: "Yes"
                RenderBlock {P} at (8,46) size 84x17
                  RenderText {#text} at (40,0) size 4x16
                    text run at (40,0) width 4: " "
                RenderBlock {P} at (8,62) size 84x16
                  RenderText {#text} at (32,0) size 20x16
                    text run at (32,0) width 20: "Yes"
                RenderBlock {P} at (8,77) size 84x16
                  RenderText {#text} at (32,0) size 20x16
                    text run at (32,0) width 20: "Yes"
                  RenderInline {SPAN} at (51,0) size 0x16
                    RenderInline {O:P} at (51,0) size 0x16
              RenderTableCell {TD} at (366,762) size 107x94 [border: (1px none #808080) none (1px none #808080)] [r=17 c=3 rs=1 cs=1]
                RenderBlock {P} at (8,1) size 90x16
                  RenderText {#text} at (36,0) size 17x16
                    text run at (36,0) width 17: "No"
                RenderBlock {P} at (8,16) size 90x16
                  RenderText {#text} at (35,0) size 20x16
                    text run at (35,0) width 20: "Yes"
                RenderBlock {P} at (8,31) size 90x16
                  RenderText {#text} at (36,0) size 17x16
                    text run at (36,0) width 17: "No"
                RenderBlock {P} at (8,46) size 90x17
                  RenderText {#text} at (43,0) size 4x16
                    text run at (43,0) width 4: " "
                RenderBlock {P} at (8,62) size 90x16
                  RenderText {#text} at (36,0) size 17x16
                    text run at (36,0) width 17: "No"
                RenderBlock {P} at (8,77) size 90x16
                  RenderText {#text} at (36,0) size 17x16
                    text run at (36,0) width 17: "No"
                  RenderInline {SPAN} at (52,0) size 0x16
                    RenderInline {O:P} at (52,0) size 0x16
            RenderTableRow {TR} at (0,870) size 472x64
              RenderTableCell {TD} at (0,870) size 99x18 [border: (1px none #808080) none] [r=18 c=0 rs=1 cs=1]
                RenderBlock {P} at (8,1) size 84x16
                  RenderText {#text} at (34,0) size 15x16
                    text run at (34,0) width 15: "19"
                  RenderInline {SPAN} at (48,0) size 0x16
                    RenderInline {O:P} at (48,0) size 0x16
              RenderTableCell {TD} at (98,870) size 171x64 [border: (1px none #808080) none (1px none #808080)] [r=18 c=1 rs=1 cs=1]
                RenderBlock {P} at (8,1) size 155x16
                  RenderInline {SPAN} at (0,0) size 67x16
                    RenderText {#text} at (0,0) size 67x16
                      text run at (0,0) width 41: "Noriya "
                      text run at (40,0) width 27: "Kato"
                RenderBlock {P} at (8,16) size 155x16
                  RenderText {#text} at (0,0) size 56x16
                    text run at (0,0) width 56: "John Todd"
                RenderBlock {P} at (8,31) size 155x16
                  RenderText {#text} at (0,0) size 73x16
                    text run at (0,0) width 73: "James Brown"
                RenderBlock {P} at (8,46) size 155x17
                  RenderText {#text} at (0,0) size 84x16
                    text run at (0,0) width 84: "Mike Anderson"
                  RenderInline {SPAN} at (83,0) size 0x16
                    RenderInline {O:P} at (83,0) size 0x16
              RenderTableCell {TD} at (268,870) size 99x64 [border: (1px none #808080) none (1px none #808080)] [r=18 c=2 rs=1 cs=1]
                RenderBlock {P} at (8,1) size 84x16
                  RenderInline {SPAN} at (32,0) size 20x16
                    RenderText {#text} at (32,0) size 20x16
                      text run at (32,0) width 20: "Yes"
                RenderBlock {P} at (8,16) size 84x16
                  RenderText {#text} at (40,0) size 4x16
                    text run at (40,0) width 4: " "
                RenderBlock {P} at (8,31) size 84x16
                  RenderInline {SPAN} at (32,0) size 20x16
                    RenderText {#text} at (32,0) size 20x16
                      text run at (32,0) width 20: "Yes"
                RenderBlock {P} at (8,46) size 84x17
                  RenderInline {SPAN} at (32,0) size 20x16
                    RenderText {#text} at (32,0) size 20x16
                      text run at (32,0) width 20: "Yes"
                  RenderInline {SPAN} at (51,0) size 0x16
                    RenderInline {O:P} at (51,0) size 0x16
              RenderTableCell {TD} at (366,870) size 107x64 [border: (1px none #808080) none (1px none #808080)] [r=18 c=3 rs=1 cs=1]
                RenderBlock {P} at (8,1) size 90x16
                  RenderInline {SPAN} at (36,0) size 17x16
                    RenderText {#text} at (36,0) size 17x16
                      text run at (36,0) width 17: "No"
                RenderBlock {P} at (8,16) size 90x16
                  RenderText {#text} at (43,0) size 4x16
                    text run at (43,0) width 4: " "
                RenderBlock {P} at (8,31) size 90x16
                  RenderInline {SPAN} at (36,0) size 17x16
                    RenderText {#text} at (36,0) size 17x16
                      text run at (36,0) width 17: "No"
                RenderBlock {P} at (8,46) size 90x17
                  RenderInline {SPAN} at (36,0) size 17x16
                    RenderText {#text} at (36,0) size 17x16
                      text run at (36,0) width 17: "No"
                  RenderInline {SPAN} at (52,0) size 0x16
                    RenderInline {O:P} at (52,0) size 0x16
            RenderTableRow {TR} at (0,933) size 472x48
              RenderTableCell {TD} at (0,933) size 99x17 [border: (1px none #808080) none] [r=19 c=0 rs=1 cs=1]
                RenderBlock {P} at (8,1) size 84x16
                  RenderText {#text} at (34,0) size 15x16
                    text run at (34,0) width 15: "20"
                  RenderInline {SPAN} at (48,0) size 0x16
                    RenderInline {O:P} at (48,0) size 0x16
              RenderTableCell {TD} at (98,933) size 171x48 [border: (1px none #808080) none (1px none #808080)] [r=19 c=1 rs=1 cs=1]
                RenderBlock {P} at (8,1) size 155x16
                  RenderText {#text} at (0,0) size 68x16
                    text run at (0,0) width 68: "Bill Johnson"
                RenderBlock {P} at (8,16) size 155x16
                  RenderText {#text} at (0,0) size 88x16
                    text run at (0,0) width 88: "Dominic Bayani"
                RenderBlock {P} at (8,31) size 155x16
                  RenderText {#text} at (0,0) size 70x16
                    text run at (0,0) width 70: "Rick Latham"
                  RenderInline {SPAN} at (69,0) size 0x16
                    RenderInline {O:P} at (69,0) size 0x16
              RenderTableCell {TD} at (268,933) size 99x48 [border: (1px none #808080) none (1px none #808080)] [r=19 c=2 rs=1 cs=1]
                RenderBlock {P} at (8,1) size 84x16
                  RenderText {#text} at (32,0) size 20x16
                    text run at (32,0) width 20: "Yes"
                RenderBlock {P} at (8,16) size 84x16
                  RenderText {#text} at (40,0) size 4x16
                    text run at (40,0) width 4: " "
                RenderBlock {P} at (8,31) size 84x16
                  RenderText {#text} at (32,0) size 20x16
                    text run at (32,0) width 20: "Yes"
                  RenderInline {SPAN} at (51,0) size 0x16
                    RenderInline {O:P} at (51,0) size 0x16
              RenderTableCell {TD} at (366,933) size 107x48 [border: (1px none #808080) none (1px none #808080)] [r=19 c=3 rs=1 cs=1]
                RenderBlock {P} at (8,1) size 90x16
                  RenderText {#text} at (36,0) size 17x16
                    text run at (36,0) width 17: "No"
                RenderBlock {P} at (8,16) size 90x16
                  RenderText {#text} at (43,0) size 4x16
                    text run at (43,0) width 4: " "
                RenderBlock {P} at (8,31) size 90x16
                  RenderText {#text} at (36,0) size 17x16
                    text run at (36,0) width 17: "No"
                  RenderInline {SPAN} at (52,0) size 0x16
                    RenderInline {O:P} at (52,0) size 0x16
            RenderTableRow {TR} at (0,980) size 472x17
              RenderTableCell {TD} at (0,980) size 99x17 [border: (1px none #808080) none] [r=20 c=0 rs=1 cs=1]
                RenderBlock {P} at (8,1) size 84x16
                  RenderText {#text} at (34,0) size 15x16
                    text run at (34,0) width 15: "21"
                  RenderInline {SPAN} at (48,0) size 0x16
                    RenderInline {O:P} at (48,0) size 0x16
              RenderTableCell {TD} at (98,980) size 171x17 [border: (1px none #808080) none (1px none #808080)] [r=20 c=1 rs=1 cs=1]
                RenderBlock {P} at (8,1) size 155x16
                  RenderText {#text} at (0,0) size 65x16
                    text run at (0,0) width 65: " Simon Tam"
                  RenderInline {SPAN} at (64,0) size 0x16
                    RenderInline {O:P} at (64,0) size 0x16
              RenderTableCell {TD} at (268,980) size 99x17 [border: (1px none #808080) none (1px none #808080)] [r=20 c=2 rs=1 cs=1]
                RenderBlock {P} at (8,1) size 84x16
                  RenderText {#text} at (40,0) size 4x16
                    text run at (40,0) width 4: " "
                  RenderInline {SPAN} at (43,0) size 0x16
                    RenderInline {O:P} at (43,0) size 0x16
              RenderTableCell {TD} at (366,980) size 107x17 [border: (1px none #808080) none (1px none #808080)] [r=20 c=3 rs=1 cs=1]
                RenderBlock {P} at (8,1) size 90x16
                  RenderText {#text} at (43,0) size 4x16
                    text run at (43,0) width 4: " "
                  RenderInline {SPAN} at (46,0) size 0x16
                    RenderInline {O:P} at (46,0) size 0x16
            RenderTableRow {TR} at (0,996) size 472x79
              RenderTableCell {TD} at (0,996) size 99x17 [border: (1px none #808080) none] [r=21 c=0 rs=1 cs=1]
                RenderBlock {P} at (8,1) size 84x16
                  RenderText {#text} at (34,0) size 15x16
                    text run at (34,0) width 15: "22"
                  RenderInline {SPAN} at (48,0) size 0x16
                    RenderInline {O:P} at (48,0) size 0x16
              RenderTableCell {TD} at (98,996) size 171x79 [border: (1px none #808080) none (1px none #808080)] [r=21 c=1 rs=1 cs=1]
                RenderBlock {P} at (8,1) size 155x16
                  RenderText {#text} at (0,0) size 65x16
                    text run at (0,0) width 65: "Dave Neves"
                  RenderInline {SPAN} at (64,0) size 0x16
                    RenderInline {O:P} at (64,0) size 0x16
                RenderBlock {P} at (8,16) size 155x16
                  RenderText {#text} at (0,0) size 90x16
                    text run at (0,0) width 90: "Grant Sanderson"
                  RenderInline {SPAN} at (89,0) size 0x16
                    RenderInline {O:P} at (89,0) size 0x16
                RenderBlock {P} at (8,31) size 155x16
                  RenderText {#text} at (0,0) size 85x16
                    text run at (0,0) width 85: "Maurice Burton"
                RenderBlock {P} at (8,46) size 155x17
                  RenderText {#text} at (0,0) size 117x16
                    text run at (0,0) width 117: "Mike Gilmartin ?????"
                RenderBlock {P} at (8,62) size 155x16
                  RenderText {#text} at (0,0) size 66x16
                    text run at (0,0) width 66: "Chris Walsh"
                  RenderInline {SPAN} at (65,0) size 0x16
                    RenderInline {O:P} at (65,0) size 0x16
              RenderTableCell {TD} at (268,996) size 99x79 [border: (1px none #808080) none (1px none #808080)] [r=21 c=2 rs=1 cs=1]
                RenderBlock {P} at (8,1) size 84x16
                  RenderText {#text} at (32,0) size 20x16
                    text run at (32,0) width 20: "Yes"
                  RenderInline {SPAN} at (51,0) size 0x16
                    RenderInline {O:P} at (51,0) size 0x16
                RenderBlock {P} at (8,16) size 84x16
                  RenderText {#text} at (32,0) size 20x16
                    text run at (32,0) width 20: "Yes"
                  RenderInline {SPAN} at (51,0) size 0x16
                    RenderInline {O:P} at (51,0) size 0x16
                RenderBlock {P} at (8,31) size 84x16
                  RenderText {#text} at (32,0) size 20x16
                    text run at (32,0) width 20: "Yes"
                RenderBlock {P} at (8,46) size 84x17
                  RenderText {#text} at (32,0) size 20x16
                    text run at (32,0) width 20: "Yes"
                RenderBlock {P} at (8,62) size 84x16
                  RenderText {#text} at (32,0) size 20x16
                    text run at (32,0) width 20: "Yes"
                  RenderInline {SPAN} at (51,0) size 0x16
                    RenderInline {O:P} at (51,0) size 0x16
              RenderTableCell {TD} at (366,996) size 107x79 [border: (1px none #808080) none (1px none #808080)] [r=21 c=3 rs=1 cs=1]
                RenderBlock {P} at (8,1) size 90x16
                  RenderText {#text} at (35,0) size 20x16
                    text run at (35,0) width 20: "Yes"
                  RenderInline {SPAN} at (54,0) size 0x16
                    RenderInline {O:P} at (54,0) size 0x16
                RenderBlock {P} at (8,16) size 90x16
                  RenderText {#text} at (36,0) size 17x16
                    text run at (36,0) width 17: "No"
                  RenderInline {SPAN} at (52,0) size 0x16
                    RenderInline {O:P} at (52,0) size 0x16
                RenderBlock {P} at (8,31) size 90x16
                  RenderText {#text} at (36,0) size 17x16
                    text run at (36,0) width 17: "No"
                RenderBlock {P} at (8,46) size 90x17
                  RenderText {#text} at (35,0) size 20x16
                    text run at (35,0) width 20: "Yes"
                RenderBlock {P} at (8,62) size 90x16
                  RenderText {#text} at (36,0) size 17x16
                    text run at (36,0) width 17: "No"
                  RenderInline {SPAN} at (52,0) size 0x16
                    RenderInline {O:P} at (52,0) size 0x16
            RenderTableRow {TR} at (0,1074) size 472x78
              RenderTableCell {TD} at (0,1074) size 99x17 [border: (1px none #808080) none] [r=22 c=0 rs=1 cs=1]
                RenderBlock {P} at (8,1) size 84x16
                  RenderText {#text} at (34,0) size 15x16
                    text run at (34,0) width 15: "23"
                  RenderInline {SPAN} at (48,0) size 0x16
                    RenderInline {O:P} at (48,0) size 0x16
              RenderTableCell {TD} at (98,1074) size 171x78 [border: (1px none #808080) none (1px none #808080)] [r=22 c=1 rs=1 cs=1]
                RenderBlock {P} at (8,1) size 155x16
                  RenderText {#text} at (0,0) size 65x16
                    text run at (0,0) width 65: "Dave Neves"
                  RenderInline {SPAN} at (64,0) size 0x16
                    RenderInline {O:P} at (64,0) size 0x16
                RenderBlock {P} at (8,16) size 155x16
                  RenderText {#text} at (0,0) size 85x16
                    text run at (0,0) width 85: "Maurice Burton"
                RenderBlock {P} at (8,31) size 155x16
                  RenderText {#text} at (0,0) size 63x16
                    text run at (0,0) width 63: "Oliver Baer"
                RenderBlock {P} at (8,46) size 155x17
                  RenderText {#text} at (0,0) size 56x16
                    text run at (0,0) width 56: "John Todd"
                RenderBlock {P} at (8,62) size 155x16
                  RenderText {#text} at (0,0) size 66x16
                    text run at (0,0) width 66: "Rich Saunef"
                  RenderInline {SPAN} at (65,0) size 0x16
                    RenderInline {O:P} at (65,0) size 0x16
              RenderTableCell {TD} at (268,1074) size 99x78 [border: (1px none #808080) none (1px none #808080)] [r=22 c=2 rs=1 cs=1]
                RenderBlock {P} at (8,1) size 84x16
                  RenderText {#text} at (32,0) size 20x16
                    text run at (32,0) width 20: "Yes"
                  RenderInline {SPAN} at (51,0) size 0x16
                    RenderInline {O:P} at (51,0) size 0x16
                RenderBlock {P} at (8,16) size 84x16
                  RenderText {#text} at (32,0) size 20x16
                    text run at (32,0) width 20: "Yes"
                RenderBlock {P} at (8,31) size 84x16
                  RenderText {#text} at (32,0) size 20x16
                    text run at (32,0) width 20: "Yes"
                RenderBlock {P} at (8,46) size 84x17
                  RenderText {#text} at (40,0) size 4x16
                    text run at (40,0) width 4: " "
                RenderBlock {P} at (8,62) size 84x16
                  RenderText {#text} at (32,0) size 20x16
                    text run at (32,0) width 20: "Yes"
                  RenderInline {SPAN} at (51,0) size 0x16
                    RenderInline {O:P} at (51,0) size 0x16
              RenderTableCell {TD} at (366,1074) size 107x78 [border: (1px none #808080) none (1px none #808080)] [r=22 c=3 rs=1 cs=1]
                RenderBlock {P} at (8,1) size 90x16
                  RenderText {#text} at (35,0) size 20x16
                    text run at (35,0) width 20: "Yes"
                  RenderInline {SPAN} at (54,0) size 0x16
                    RenderInline {O:P} at (54,0) size 0x16
                RenderBlock {P} at (8,16) size 90x16
                  RenderText {#text} at (36,0) size 17x16
                    text run at (36,0) width 17: "No"
                RenderBlock {P} at (8,31) size 90x16
                  RenderText {#text} at (36,0) size 17x16
                    text run at (36,0) width 17: "No"
                RenderBlock {P} at (8,46) size 90x17
                  RenderText {#text} at (43,0) size 4x16
                    text run at (43,0) width 4: " "
                RenderBlock {P} at (8,62) size 90x16
                  RenderText {#text} at (36,0) size 17x16
                    text run at (36,0) width 17: "No"
                  RenderInline {SPAN} at (52,0) size 0x16
                    RenderInline {O:P} at (52,0) size 0x16
            RenderTableRow {TR} at (0,1151) size 472x79
              RenderTableCell {TD} at (0,1151) size 99x18 [border: (1px none #808080) none] [r=23 c=0 rs=1 cs=1]
                RenderBlock {P} at (8,1) size 84x16
                  RenderText {#text} at (34,0) size 15x16
                    text run at (34,0) width 15: "24"
                  RenderInline {SPAN} at (48,0) size 0x16
                    RenderInline {O:P} at (48,0) size 0x16
              RenderTableCell {TD} at (98,1151) size 171x79 [border: (1px none #808080) none (1px none #808080)] [r=23 c=1 rs=1 cs=1]
                RenderBlock {P} at (8,1) size 155x16
                  RenderText {#text} at (0,0) size 67x16
                    text run at (0,0) width 67: " Dan Sievert"
                RenderBlock {P} at (8,16) size 155x16
                  RenderText {#text} at (0,0) size 62x16
                    text run at (0,0) width 62: "Jerry Davis"
                RenderBlock {P} at (8,31) size 155x16
                  RenderText {#text} at (0,0) size 63x16
                    text run at (0,0) width 63: "Scott Hersh"
                RenderBlock {P} at (8,46) size 155x17
                  RenderText {#text} at (0,0) size 51x16
                    text run at (0,0) width 51: "Rick Bell"
                RenderBlock {P} at (8,62) size 155x16
                  RenderText {#text} at (0,0) size 57x16
                    text run at (0,0) width 57: "Eric Shum"
                  RenderInline {SPAN} at (56,0) size 0x16
                    RenderInline {O:P} at (56,0) size 0x16
              RenderTableCell {TD} at (268,1151) size 99x79 [border: (1px none #808080) none (1px none #808080)] [r=23 c=2 rs=1 cs=1]
                RenderBlock {P} at (8,1) size 84x16
                  RenderText {#text} at (30,0) size 24x16
                    text run at (30,0) width 24: " Yes"
                RenderBlock {P} at (8,16) size 84x16
                  RenderText {#text} at (32,0) size 20x16
                    text run at (32,0) width 20: "Yes"
                RenderBlock {P} at (8,31) size 84x16
                  RenderText {#text} at (32,0) size 20x16
                    text run at (32,0) width 20: "Yes"
                RenderBlock {P} at (8,46) size 84x17
                  RenderText {#text} at (32,0) size 20x16
                    text run at (32,0) width 20: "Yes"
                RenderBlock {P} at (8,62) size 84x16
                  RenderText {#text} at (32,0) size 20x16
                    text run at (32,0) width 20: "Yes"
                  RenderInline {SPAN} at (51,0) size 0x16
                    RenderInline {O:P} at (51,0) size 0x16
              RenderTableCell {TD} at (366,1151) size 107x79 [border: (1px none #808080) none (1px none #808080)] [r=23 c=3 rs=1 cs=1]
                RenderBlock {P} at (8,1) size 90x16
                  RenderText {#text} at (35,0) size 20x16
                    text run at (35,0) width 20: " No"
                RenderBlock {P} at (8,16) size 90x16
                  RenderText {#text} at (36,0) size 17x16
                    text run at (36,0) width 17: "No"
                RenderBlock {P} at (8,31) size 90x16
                  RenderText {#text} at (36,0) size 17x16
                    text run at (36,0) width 17: "No"
                RenderBlock {P} at (8,46) size 90x17
                  RenderText {#text} at (36,0) size 17x16
                    text run at (36,0) width 17: "No"
                RenderBlock {P} at (8,62) size 90x16
                  RenderText {#text} at (36,0) size 17x16
                    text run at (36,0) width 17: "No"
                  RenderInline {SPAN} at (52,0) size 0x16
                    RenderInline {O:P} at (52,0) size 0x16
            RenderTableRow {TR} at (0,1229) size 472x33
              RenderTableCell {TD} at (0,1229) size 99x17 [border: (1px none #808080) none] [r=24 c=0 rs=1 cs=1]
                RenderBlock {P} at (8,1) size 84x16
                  RenderText {#text} at (34,0) size 15x16
                    text run at (34,0) width 15: "25"
                  RenderInline {SPAN} at (48,0) size 0x16
                    RenderInline {O:P} at (48,0) size 0x16
              RenderTableCell {TD} at (98,1229) size 171x33 [border: (1px none #808080) none (1px none #808080)] [r=24 c=1 rs=1 cs=1]
                RenderBlock {P} at (8,1) size 155x16
                  RenderText {#text} at (0,0) size 71x16
                    text run at (0,0) width 71: "James Davey"
                RenderBlock {P} at (8,16) size 155x16
                  RenderText {#text} at (0,0) size 93x16
                    text run at (0,0) width 93: "Ruenjoe (Joe) Lu"
                  RenderInline {SPAN} at (92,0) size 0x16
                    RenderInline {O:P} at (92,0) size 0x16
              RenderTableCell {TD} at (268,1229) size 99x17 [border: (1px none #808080) none (1px none #808080)] [r=24 c=2 rs=1 cs=1]
                RenderBlock {P} at (8,1) size 84x16
                  RenderText {#text} at (32,0) size 20x16
                    text run at (32,0) width 20: "Yes"
                  RenderInline {SPAN} at (51,0) size 0x16
                    RenderInline {O:P} at (51,0) size 0x16
              RenderTableCell {TD} at (366,1229) size 107x17 [border: (1px none #808080) none (1px none #808080)] [r=24 c=3 rs=1 cs=1]
                RenderBlock {P} at (8,1) size 90x16
                  RenderText {#text} at (35,0) size 20x16
                    text run at (35,0) width 20: "Yes"
                  RenderInline {SPAN} at (54,0) size 0x16
                    RenderInline {O:P} at (54,0) size 0x16
            RenderTableRow {TR} at (0,1261) size 472x155
              RenderTableCell {TD} at (0,1261) size 99x17 [border: (1px none #808080) none] [r=25 c=0 rs=1 cs=1]
                RenderBlock {P} at (8,1) size 84x16
                  RenderText {#text} at (34,0) size 15x16
                    text run at (34,0) width 15: "26"
                  RenderInline {SPAN} at (48,0) size 0x16
                    RenderInline {O:P} at (48,0) size 0x16
              RenderTableCell {TD} at (98,1261) size 171x155 [border: (1px none #808080) none (1px none #808080)] [r=25 c=1 rs=1 cs=1]
                RenderBlock {P} at (8,1) size 155x16
                  RenderText {#text} at (0,0) size 88x16
                    text run at (0,0) width 88: "Alan Littlewood"
                  RenderInline {SPAN} at (87,0) size 0x16
                    RenderInline {O:P} at (87,0) size 0x16
                RenderBlock {P} at (8,16) size 155x16
                  RenderText {#text} at (0,0) size 73x16
                    text run at (0,0) width 73: "Darren Braun"
                  RenderInline {SPAN} at (72,0) size 0x16
                    RenderInline {O:P} at (72,0) size 0x16
                RenderBlock {P} at (8,31) size 155x16
                  RenderText {#text} at (0,0) size 62x16
                    text run at (0,0) width 62: "Simon Tam"
                RenderBlock {P} at (8,46) size 155x17
                  RenderText {#text} at (0,0) size 77x16
                    text run at (0,0) width 77: "Chuck Pringle"
                RenderBlock {P} at (8,62) size 155x16
                  RenderText {#text} at (0,0) size 89x16
                    text run at (0,0) width 89: "Gary Pendergras"
                RenderBlock {P} at (8,77) size 155x16
                  RenderText {#text} at (0,0) size 79x16
                    text run at (0,0) width 79: "Peter Mazanec"
                RenderBlock {P} at (8,92) size 155x17
                  RenderText {#text} at (0,0) size 83x16
                    text run at (0,0) width 83: "Harry Imamura"
                RenderBlock {P} at (8,108) size 155x16
                  RenderText {#text} at (0,0) size 59x16
                    text run at (0,0) width 59: "Joe Araujo"
                RenderBlock {P} at (8,123) size 155x16
                  RenderText {#text} at (0,0) size 79x16
                    text run at (0,0) width 79: "Gary Williams"
                RenderBlock {P} at (8,138) size 155x17
                  RenderText {#text} at (0,0) size 89x16
                    text run at (0,0) width 89: "Jack Goodfriend"
                  RenderInline {SPAN} at (88,0) size 0x16
                    RenderInline {O:P} at (88,0) size 0x16
              RenderTableCell {TD} at (268,1261) size 99x109 [border: (1px none #808080) none (1px none #808080)] [r=25 c=2 rs=1 cs=1]
                RenderBlock {P} at (8,1) size 84x16
                  RenderText {#text} at (32,0) size 20x16
                    text run at (32,0) width 20: "Yes"
                  RenderInline {SPAN} at (51,0) size 0x16
                    RenderInline {O:P} at (51,0) size 0x16
                RenderBlock {P} at (8,16) size 84x16
                  RenderText {#text} at (32,0) size 20x16
                    text run at (32,0) width 20: "Yes"
                  RenderInline {SPAN} at (51,0) size 0x16
                    RenderInline {O:P} at (51,0) size 0x16
                RenderBlock {P} at (8,31) size 84x16
                  RenderText {#text} at (32,0) size 20x16
                    text run at (32,0) width 20: "Yes"
                RenderBlock {P} at (8,46) size 84x17
                  RenderText {#text} at (32,0) size 20x16
                    text run at (32,0) width 20: "Yes"
                RenderBlock {P} at (8,62) size 84x16
                  RenderText {#text} at (32,0) size 20x16
                    text run at (32,0) width 20: "Yes"
                RenderBlock {P} at (8,77) size 84x16
                  RenderText {#text} at (32,0) size 20x16
                    text run at (32,0) width 20: "Yes"
                RenderBlock {P} at (8,92) size 84x17
                  RenderText {#text} at (33,0) size 17x16
                    text run at (33,0) width 17: "No"
                  RenderInline {SPAN} at (49,0) size 0x16
                    RenderInline {O:P} at (49,0) size 0x16
              RenderTableCell {TD} at (366,1261) size 107x109 [border: (1px none #808080) none (1px none #808080)] [r=25 c=3 rs=1 cs=1]
                RenderBlock {P} at (8,1) size 90x16
                  RenderText {#text} at (36,0) size 17x16
                    text run at (36,0) width 17: "No"
                  RenderInline {SPAN} at (52,0) size 0x16
                    RenderInline {O:P} at (52,0) size 0x16
                RenderBlock {P} at (8,16) size 90x16
                  RenderText {#text} at (36,0) size 17x16
                    text run at (36,0) width 17: "No"
                  RenderInline {SPAN} at (52,0) size 0x16
                    RenderInline {O:P} at (52,0) size 0x16
                RenderBlock {P} at (8,31) size 90x16
                  RenderText {#text} at (36,0) size 17x16
                    text run at (36,0) width 17: "No"
                RenderBlock {P} at (8,46) size 90x17
                  RenderText {#text} at (36,0) size 17x16
                    text run at (36,0) width 17: "No"
                RenderBlock {P} at (8,62) size 90x16
                  RenderText {#text} at (36,0) size 17x16
                    text run at (36,0) width 17: "No"
                RenderBlock {P} at (8,77) size 90x16
                  RenderText {#text} at (36,0) size 17x16
                    text run at (36,0) width 17: "No"
                RenderBlock {P} at (8,92) size 90x17
                  RenderText {#text} at (35,0) size 20x16
                    text run at (35,0) width 20: "Yes"
                  RenderInline {SPAN} at (54,0) size 0x16
                    RenderInline {O:P} at (54,0) size 0x16
            RenderTableRow {TR} at (0,1415) size 472x94
              RenderTableCell {TD} at (0,1415) size 99x17 [border: (1px none #808080) none] [r=26 c=0 rs=1 cs=1]
                RenderBlock {P} at (8,1) size 84x16
                  RenderText {#text} at (34,0) size 15x16
                    text run at (34,0) width 15: "27"
                  RenderInline {SPAN} at (48,0) size 0x16
                    RenderInline {O:P} at (48,0) size 0x16
              RenderTableCell {TD} at (98,1415) size 171x94 [border: (1px none #808080) none (1px none #808080)] [r=26 c=1 rs=1 cs=1]
                RenderBlock {P} at (8,1) size 155x16
                  RenderText {#text} at (0,0) size 73x16
                    text run at (0,0) width 73: "Darren Braun"
                  RenderInline {SPAN} at (72,0) size 0x16
                    RenderInline {O:P} at (72,0) size 0x16
                RenderBlock {P} at (8,16) size 155x16
                  RenderText {#text} at (0,0) size 94x16
                    text run at (0,0) width 94: "Ian + Brad Carter"
                  RenderInline {SPAN} at (93,0) size 0x16
                    RenderInline {O:P} at (93,0) size 0x16
                RenderBlock {P} at (8,31) size 155x16
                  RenderText {#text} at (0,0) size 73x16
                    text run at (0,0) width 73: "Pete Peterson"
                RenderBlock {P} at (8,46) size 155x17
                  RenderText {#text} at (0,0) size 83x16
                    text run at (0,0) width 83: "John Chamorro"
                RenderBlock {P} at (8,62) size 155x16
                  RenderText {#text} at (0,0) size 69x16
                    text run at (0,0) width 69: "Ali Erdengiz"
                RenderBlock {P} at (8,77) size 155x16
                  RenderText {#text} at (0,0) size 57x16
                    text run at (0,0) width 57: "Saibal Sen"
                  RenderInline {SPAN} at (56,0) size 0x16
                    RenderInline {O:P} at (56,0) size 0x16
              RenderTableCell {TD} at (268,1415) size 99x94 [border: (1px none #808080) none (1px none #808080)] [r=26 c=2 rs=1 cs=1]
                RenderBlock {P} at (8,1) size 84x16
                  RenderText {#text} at (32,0) size 20x16
                    text run at (32,0) width 20: "Yes"
                  RenderInline {SPAN} at (51,0) size 0x16
                    RenderInline {O:P} at (51,0) size 0x16
                RenderBlock {P} at (8,16) size 84x16
                  RenderText {#text} at (32,0) size 20x16
                    text run at (32,0) width 20: "Yes"
                  RenderInline {SPAN} at (51,0) size 0x16
                    RenderInline {O:P} at (51,0) size 0x16
                RenderBlock {P} at (8,31) size 84x16
                  RenderText {#text} at (32,0) size 20x16
                    text run at (32,0) width 20: "Yes"
                RenderBlock {P} at (8,46) size 84x17
                  RenderText {#text} at (40,0) size 4x16
                    text run at (40,0) width 4: " "
                RenderBlock {P} at (8,62) size 84x16
                  RenderText {#text} at (40,0) size 4x16
                    text run at (40,0) width 4: " "
                RenderBlock {P} at (8,77) size 84x16
                  RenderText {#text} at (32,0) size 20x16
                    text run at (32,0) width 20: "Yes"
                  RenderInline {SPAN} at (51,0) size 0x16
                    RenderInline {O:P} at (51,0) size 0x16
              RenderTableCell {TD} at (366,1415) size 107x94 [border: (1px none #808080) none (1px none #808080)] [r=26 c=3 rs=1 cs=1]
                RenderBlock {P} at (8,1) size 90x16
                  RenderText {#text} at (36,0) size 17x16
                    text run at (36,0) width 17: "No"
                  RenderInline {SPAN} at (52,0) size 0x16
                    RenderInline {O:P} at (52,0) size 0x16
                RenderBlock {P} at (8,16) size 90x16
                  RenderText {#text} at (36,0) size 17x16
                    text run at (36,0) width 17: "No"
                  RenderInline {SPAN} at (52,0) size 0x16
                    RenderInline {O:P} at (52,0) size 0x16
                RenderBlock {P} at (8,31) size 90x16
                  RenderText {#text} at (36,0) size 17x16
                    text run at (36,0) width 17: "No"
                RenderBlock {P} at (8,46) size 90x17
                  RenderText {#text} at (43,0) size 4x16
                    text run at (43,0) width 4: " "
                RenderBlock {P} at (8,62) size 90x16
                  RenderText {#text} at (43,0) size 4x16
                    text run at (43,0) width 4: " "
                RenderBlock {P} at (8,77) size 90x16
                  RenderText {#text} at (36,0) size 17x16
                    text run at (36,0) width 17: "No"
                  RenderInline {SPAN} at (52,0) size 0x16
                    RenderInline {O:P} at (52,0) size 0x16
            RenderTableRow {TR} at (0,1508) size 472x140
              RenderTableCell {TD} at (0,1508) size 99x17 [border: (1px none #808080) none] [r=27 c=0 rs=1 cs=1]
                RenderBlock {P} at (8,1) size 84x16
                  RenderText {#text} at (34,0) size 15x16
                    text run at (34,0) width 15: "28"
                  RenderInline {SPAN} at (48,0) size 0x16
                    RenderInline {O:P} at (48,0) size 0x16
              RenderTableCell {TD} at (98,1508) size 171x140 [border: (1px none #808080) none (1px none #808080)] [r=27 c=1 rs=1 cs=1]
                RenderBlock {P} at (8,1) size 155x16
                  RenderText {#text} at (0,0) size 93x16
                    text run at (0,0) width 93: "Zak + Mike West"
                  RenderInline {SPAN} at (92,0) size 0x16
                    RenderInline {O:P} at (92,0) size 0x16
                RenderBlock {P} at (8,16) size 155x16
                  RenderText {#text} at (0,0) size 65x16
                    text run at (0,0) width 65: "Dave Neves"
                  RenderInline {SPAN} at (64,0) size 0x16
                    RenderInline {O:P} at (64,0) size 0x16
                RenderBlock {P} at (8,31) size 155x16
                  RenderText {#text} at (0,0) size 79x16
                    text run at (0,0) width 79: "Richard Green"
                  RenderInline {SPAN} at (78,0) size 0x16
                    RenderInline {O:P} at (78,0) size 0x16
                RenderBlock {P} at (8,46) size 155x17
                  RenderText {#text} at (0,0) size 69x16
                    text run at (0,0) width 69: "Javier Flores"
                RenderBlock {P} at (8,62) size 155x16
                  RenderText {#text} at (0,0) size 86x16
                    text run at (0,0) width 86: "Gerald Cardinal"
                RenderBlock {P} at (8,77) size 155x16
                  RenderText {#text} at (0,0) size 64x16
                    text run at (0,0) width 64: "Dan Sievert"
                RenderBlock {P} at (8,92) size 155x17
                  RenderText {#text} at (0,0) size 69x16
                    text run at (0,0) width 69: "Ali Erdengiz"
                RenderBlock {P} at (8,108) size 155x16
                  RenderText {#text} at (0,0) size 63x16
                    text run at (0,0) width 63: "Paul Walter"
                RenderBlock {P} at (8,123) size 155x16
                  RenderText {#text} at (0,0) size 62x16
                    text run at (0,0) width 62: "Jerry Davis"
                  RenderInline {SPAN} at (61,0) size 0x16
                    RenderInline {O:P} at (61,0) size 0x16
              RenderTableCell {TD} at (268,1508) size 99x140 [border: (1px none #808080) none (1px none #808080)] [r=27 c=2 rs=1 cs=1]
                RenderBlock {P} at (8,1) size 84x16
                  RenderText {#text} at (32,0) size 20x16
                    text run at (32,0) width 20: "Yes"
                  RenderInline {SPAN} at (51,0) size 0x16
                    RenderInline {O:P} at (51,0) size 0x16
                RenderBlock {P} at (8,16) size 84x16
                  RenderText {#text} at (32,0) size 20x16
                    text run at (32,0) width 20: "Yes"
                  RenderInline {SPAN} at (51,0) size 0x16
                    RenderInline {O:P} at (51,0) size 0x16
                RenderBlock {P} at (8,31) size 84x16
                  RenderText {#text} at (32,0) size 20x16
                    text run at (32,0) width 20: "Yes"
                  RenderInline {SPAN} at (51,0) size 0x16
                    RenderInline {O:P} at (51,0) size 0x16
                RenderBlock {P} at (8,46) size 84x17
                  RenderText {#text} at (32,0) size 20x16
                    text run at (32,0) width 20: "Yes"
                RenderBlock {P} at (8,62) size 84x16
                  RenderText {#text} at (40,0) size 4x16
                    text run at (40,0) width 4: " "
                RenderBlock {P} at (8,77) size 84x16
                  RenderText {#text} at (32,0) size 20x16
                    text run at (32,0) width 20: "Yes"
                RenderBlock {P} at (8,92) size 84x17
                  RenderText {#text} at (40,0) size 4x16
                    text run at (40,0) width 4: " "
                RenderBlock {P} at (8,108) size 84x16
                  RenderText {#text} at (40,0) size 4x16
                    text run at (40,0) width 4: " "
                RenderBlock {P} at (8,123) size 84x16
                  RenderText {#text} at (32,0) size 20x16
                    text run at (32,0) width 20: "Yes"
                  RenderInline {SPAN} at (51,0) size 0x16
                    RenderInline {O:P} at (51,0) size 0x16
              RenderTableCell {TD} at (366,1508) size 107x140 [border: (1px none #808080) none (1px none #808080)] [r=27 c=3 rs=1 cs=1]
                RenderBlock {P} at (8,1) size 90x16
                  RenderText {#text} at (35,0) size 20x16
                    text run at (35,0) width 20: "Yes"
                  RenderInline {SPAN} at (54,0) size 0x16
                    RenderInline {O:P} at (54,0) size 0x16
                RenderBlock {P} at (8,16) size 90x16
                  RenderText {#text} at (35,0) size 20x16
                    text run at (35,0) width 20: "Yes"
                  RenderInline {SPAN} at (54,0) size 0x16
                    RenderInline {O:P} at (54,0) size 0x16
                RenderBlock {P} at (8,31) size 90x16
                  RenderText {#text} at (36,0) size 17x16
                    text run at (36,0) width 17: "No"
                  RenderInline {SPAN} at (52,0) size 0x16
                    RenderInline {O:P} at (52,0) size 0x16
                RenderBlock {P} at (8,46) size 90x17
                  RenderText {#text} at (36,0) size 17x16
                    text run at (36,0) width 17: "No"
                RenderBlock {P} at (8,62) size 90x16
                  RenderText {#text} at (43,0) size 4x16
                    text run at (43,0) width 4: " "
                RenderBlock {P} at (8,77) size 90x16
                  RenderText {#text} at (36,0) size 17x16
                    text run at (36,0) width 17: "No"
                RenderBlock {P} at (8,92) size 90x17
                  RenderText {#text} at (43,0) size 4x16
                    text run at (43,0) width 4: " "
                RenderBlock {P} at (8,108) size 90x16
                  RenderText {#text} at (43,0) size 4x16
                    text run at (43,0) width 4: " "
                RenderBlock {P} at (8,123) size 90x16
                  RenderText {#text} at (36,0) size 17x16
                    text run at (36,0) width 17: "No"
                  RenderInline {SPAN} at (52,0) size 0x16
                    RenderInline {O:P} at (52,0) size 0x16
            RenderTableRow {TR} at (0,1647) size 472x48
              RenderTableCell {TD} at (0,1647) size 99x17 [border: (1px none #808080) none] [r=28 c=0 rs=1 cs=1]
                RenderBlock {P} at (8,1) size 84x16
                  RenderText {#text} at (34,0) size 15x16
                    text run at (34,0) width 15: "29"
                  RenderInline {SPAN} at (48,0) size 0x16
                    RenderInline {O:P} at (48,0) size 0x16
              RenderTableCell {TD} at (98,1647) size 171x48 [border: (1px none #808080) none (1px none #808080)] [r=28 c=1 rs=1 cs=1]
                RenderBlock {P} at (8,1) size 155x16
                  RenderText {#text} at (0,0) size 69x16
                    text run at (0,0) width 69: "Javier Flores"
                  RenderInline {SPAN} at (68,0) size 0x16
                    RenderInline {O:P} at (68,0) size 0x16
                RenderBlock {P} at (8,16) size 155x16
                  RenderText {#text} at (0,0) size 68x16
                    text run at (0,0) width 68: "Bill Johnson"
                RenderBlock {P} at (8,31) size 155x16
                  RenderText {#text} at (0,0) size 56x16
                    text run at (0,0) width 56: "John Todd"
                  RenderInline {SPAN} at (55,0) size 0x16
                    RenderInline {O:P} at (55,0) size 0x16
              RenderTableCell {TD} at (268,1647) size 99x33 [border: (1px none #808080) none (1px none #808080)] [r=28 c=2 rs=1 cs=1]
                RenderBlock {P} at (8,1) size 84x16
                  RenderText {#text} at (32,0) size 20x16
                    text run at (32,0) width 20: "Yes"
                  RenderInline {SPAN} at (51,0) size 0x16
                    RenderInline {O:P} at (51,0) size 0x16
                RenderBlock {P} at (8,16) size 84x16
                  RenderText {#text} at (32,0) size 20x16
                    text run at (32,0) width 20: "Yes"
                  RenderInline {SPAN} at (51,0) size 0x16
                    RenderInline {O:P} at (51,0) size 0x16
              RenderTableCell {TD} at (366,1647) size 107x33 [border: (1px none #808080) none (1px none #808080)] [r=28 c=3 rs=1 cs=1]
                RenderBlock {P} at (8,1) size 90x16
                  RenderText {#text} at (36,0) size 17x16
                    text run at (36,0) width 17: "No"
                  RenderInline {SPAN} at (52,0) size 0x16
                    RenderInline {O:P} at (52,0) size 0x16
                RenderBlock {P} at (8,16) size 90x16
                  RenderText {#text} at (36,0) size 17x16
                    text run at (36,0) width 17: "No"
                  RenderInline {SPAN} at (52,0) size 0x16
                    RenderInline {O:P} at (52,0) size 0x16
            RenderTableRow {TR} at (0,1694) size 472x109
              RenderTableCell {TD} at (0,1694) size 99x17 [border: (1px none #808080) none] [r=29 c=0 rs=1 cs=1]
                RenderBlock {P} at (8,1) size 84x16
                  RenderText {#text} at (34,0) size 15x16
                    text run at (34,0) width 15: "30"
                  RenderInline {SPAN} at (48,0) size 0x16
                    RenderInline {O:P} at (48,0) size 0x16
              RenderTableCell {TD} at (98,1694) size 171x109 [border: (1px none #808080) none (1px none #808080)] [r=29 c=1 rs=1 cs=1]
                RenderBlock {P} at (8,1) size 155x16
                  RenderText {#text} at (0,0) size 88x16
                    text run at (0,0) width 88: "Alan Littlewood"
                  RenderInline {SPAN} at (87,0) size 0x16
                    RenderInline {O:P} at (87,0) size 0x16
                RenderBlock {P} at (8,16) size 155x16
                  RenderText {#text} at (0,0) size 85x16
                    text run at (0,0) width 85: "George Coward"
                  RenderInline {SPAN} at (84,0) size 0x16
                    RenderInline {O:P} at (84,0) size 0x16
                RenderBlock {P} at (8,31) size 155x16
                  RenderText {#text} at (0,0) size 85x16
                    text run at (0,0) width 85: "Maurice Burton"
                RenderBlock {P} at (8,46) size 155x17
                  RenderText {#text} at (0,0) size 64x16
                    text run at (0,0) width 64: "Dan Sievert"
                RenderBlock {P} at (8,62) size 155x16
                  RenderText {#text} at (0,0) size 113x16
                    text run at (0,0) width 113: "Michael DeGiovanni"
                RenderBlock {P} at (8,77) size 155x16
                  RenderText {#text} at (0,0) size 89x16
                    text run at (0,0) width 89: "Jack Goodfriend"
                RenderBlock {P} at (8,92) size 155x17
                  RenderText {#text} at (0,0) size 90x16
                    text run at (0,0) width 90: "Richard Sanchez"
                  RenderInline {SPAN} at (89,0) size 0x16
                    RenderInline {O:P} at (89,0) size 0x16
              RenderTableCell {TD} at (268,1694) size 99x109 [border: (1px none #808080) none (1px none #808080)] [r=29 c=2 rs=1 cs=1]
                RenderBlock {P} at (8,1) size 84x16
                  RenderText {#text} at (32,0) size 20x16
                    text run at (32,0) width 20: "Yes"
                  RenderInline {SPAN} at (51,0) size 0x16
                    RenderInline {O:P} at (51,0) size 0x16
                RenderBlock {P} at (8,16) size 84x16
                  RenderText {#text} at (32,0) size 20x16
                    text run at (32,0) width 20: "Yes"
                  RenderInline {SPAN} at (51,0) size 0x16
                    RenderInline {O:P} at (51,0) size 0x16
                RenderBlock {P} at (8,31) size 84x16
                  RenderText {#text} at (32,0) size 20x16
                    text run at (32,0) width 20: "Yes"
                RenderBlock {P} at (8,46) size 84x17
                  RenderText {#text} at (32,0) size 20x16
                    text run at (32,0) width 20: "Yes"
                RenderBlock {P} at (8,62) size 84x16
                  RenderText {#text} at (40,0) size 4x16
                    text run at (40,0) width 4: " "
                RenderBlock {P} at (8,77) size 84x16
                  RenderText {#text} at (40,0) size 4x16
                    text run at (40,0) width 4: " "
                RenderBlock {P} at (8,92) size 84x17
                  RenderText {#text} at (33,0) size 17x16
                    text run at (33,0) width 17: "No"
                  RenderInline {SPAN} at (49,0) size 0x16
                    RenderInline {O:P} at (49,0) size 0x16
              RenderTableCell {TD} at (366,1694) size 107x109 [border: (1px none #808080) none (1px none #808080)] [r=29 c=3 rs=1 cs=1]
                RenderBlock {P} at (8,1) size 90x16
                  RenderText {#text} at (36,0) size 17x16
                    text run at (36,0) width 17: "No"
                  RenderInline {SPAN} at (52,0) size 0x16
                    RenderInline {O:P} at (52,0) size 0x16
                RenderBlock {P} at (8,16) size 90x16
                  RenderText {#text} at (36,0) size 17x16
                    text run at (36,0) width 17: "No"
                  RenderInline {SPAN} at (52,0) size 0x16
                    RenderInline {O:P} at (52,0) size 0x16
                RenderBlock {P} at (8,31) size 90x16
                  RenderText {#text} at (36,0) size 17x16
                    text run at (36,0) width 17: "No"
                RenderBlock {P} at (8,46) size 90x17
                  RenderText {#text} at (36,0) size 17x16
                    text run at (36,0) width 17: "No"
                RenderBlock {P} at (8,62) size 90x16
                  RenderText {#text} at (43,0) size 4x16
                    text run at (43,0) width 4: " "
                RenderBlock {P} at (8,77) size 90x16
                  RenderText {#text} at (43,0) size 4x16
                    text run at (43,0) width 4: " "
                RenderBlock {P} at (8,92) size 90x17
                  RenderText {#text} at (35,0) size 20x16
                    text run at (35,0) width 20: "Yes"
                  RenderInline {SPAN} at (54,0) size 0x16
                    RenderInline {O:P} at (54,0) size 0x16
            RenderTableRow {TR} at (0,1802) size 472x48
              RenderTableCell {TD} at (0,1802) size 99x17 [border: (1px none #808080) none] [r=30 c=0 rs=1 cs=1]
                RenderBlock {P} at (8,1) size 84x16
                  RenderText {#text} at (34,0) size 15x16
                    text run at (34,0) width 15: "31"
                  RenderInline {SPAN} at (48,0) size 0x16
                    RenderInline {O:P} at (48,0) size 0x16
              RenderTableCell {TD} at (98,1802) size 171x48 [border: (1px none #808080) none (1px none #808080)] [r=30 c=1 rs=1 cs=1]
                RenderBlock {P} at (8,1) size 155x16
                  RenderText {#text} at (0,0) size 65x16
                    text run at (0,0) width 65: "Dave Neves"
                RenderBlock {P} at (8,16) size 155x16
                  RenderText {#text} at (0,0) size 80x16
                    text run at (0,0) width 80: "James Haladus"
                RenderBlock {P} at (8,31) size 155x16
                  RenderText {#text} at (0,0) size 64x16
                    text run at (0,0) width 64: "Randy Reid"
                  RenderInline {SPAN} at (63,0) size 0x16
                    RenderInline {O:P} at (63,0) size 0x16
              RenderTableCell {TD} at (268,1802) size 99x33 [border: (1px none #808080) none (1px none #808080)] [r=30 c=2 rs=1 cs=1]
                RenderBlock {P} at (8,1) size 84x16
                  RenderText {#text} at (32,0) size 20x16
                    text run at (32,0) width 20: "Yes"
                RenderBlock {P} at (8,16) size 84x16
                  RenderText {#text} at (32,0) size 20x16
                    text run at (32,0) width 20: "Yes"
                  RenderInline {SPAN} at (51,0) size 0x16
                    RenderInline {O:P} at (51,0) size 0x16
              RenderTableCell {TD} at (366,1802) size 107x33 [border: (1px none #808080) none (1px none #808080)] [r=30 c=3 rs=1 cs=1]
                RenderBlock {P} at (8,1) size 90x16
                  RenderText {#text} at (35,0) size 20x16
                    text run at (35,0) width 20: "Yes"
                RenderBlock {P} at (8,16) size 90x16
                  RenderText {#text} at (36,0) size 17x16
                    text run at (36,0) width 17: "No"
                  RenderInline {SPAN} at (52,0) size 0x16
                    RenderInline {O:P} at (52,0) size 0x16
            RenderTableRow {TR} at (0,1849) size 472x63
              RenderTableCell {TD} at (0,1849) size 99x17 [border: (1px none #808080) none] [r=31 c=0 rs=1 cs=1]
                RenderBlock {P} at (8,1) size 84x16
                  RenderText {#text} at (34,0) size 15x16
                    text run at (34,0) width 15: "32"
                  RenderInline {SPAN} at (48,0) size 0x16
                    RenderInline {O:P} at (48,0) size 0x16
              RenderTableCell {TD} at (98,1849) size 171x63 [border: (1px none #808080) none (1px none #808080)] [r=31 c=1 rs=1 cs=1]
                RenderBlock {P} at (8,1) size 155x16
                  RenderText {#text} at (0,0) size 66x16
                    text run at (0,0) width 66: " Oliver Baer"
                RenderBlock {P} at (8,16) size 155x16
                  RenderText {#text} at (0,0) size 68x16
                    text run at (0,0) width 68: "Dale Barnett"
                RenderBlock {P} at (8,31) size 155x16
                  RenderText {#text} at (0,0) size 56x16
                    text run at (0,0) width 56: "John Todd"
                RenderBlock {P} at (8,46) size 155x17
                  RenderText {#text} at (0,0) size 88x16
                    text run at (0,0) width 88: "Dominic Bayani"
                  RenderInline {SPAN} at (87,0) size 0x16
                    RenderInline {O:P} at (87,0) size 0x16
              RenderTableCell {TD} at (268,1849) size 99x33 [border: (1px none #808080) none (1px none #808080)] [r=31 c=2 rs=1 cs=1]
                RenderBlock {P} at (8,1) size 84x16
                  RenderText {#text} at (30,0) size 24x16
                    text run at (30,0) width 24: " Yes"
                RenderBlock {P} at (8,16) size 84x16
                  RenderText {#text} at (32,0) size 20x16
                    text run at (32,0) width 20: "Yes"
                  RenderInline {SPAN} at (51,0) size 0x16
                    RenderInline {O:P} at (51,0) size 0x16
              RenderTableCell {TD} at (366,1849) size 107x33 [border: (1px none #808080) none (1px none #808080)] [r=31 c=3 rs=1 cs=1]
                RenderBlock {P} at (8,1) size 90x16
                  RenderText {#text} at (35,0) size 20x16
                    text run at (35,0) width 20: " No"
                RenderBlock {P} at (8,16) size 90x16
                  RenderText {#text} at (36,0) size 17x16
                    text run at (36,0) width 17: "No"
                  RenderInline {SPAN} at (52,0) size 0x16
                    RenderInline {O:P} at (52,0) size 0x16
            RenderTableRow {TR} at (0,1911) size 472x140
              RenderTableCell {TD} at (0,1911) size 99x18 [border: (1px none #808080) none] [r=32 c=0 rs=1 cs=1]
                RenderBlock {P} at (8,1) size 84x16
                  RenderText {#text} at (34,0) size 15x16
                    text run at (34,0) width 15: "33"
                  RenderInline {SPAN} at (48,0) size 0x16
                    RenderInline {O:P} at (48,0) size 0x16
              RenderTableCell {TD} at (98,1911) size 171x140 [border: (1px none #808080) none (1px none #808080)] [r=32 c=1 rs=1 cs=1]
                RenderBlock {P} at (8,1) size 155x16
                  RenderText {#text} at (0,0) size 69x16
                    text run at (0,0) width 69: "Tom Wagner"
                  RenderInline {SPAN} at (68,0) size 0x16
                    RenderInline {O:P} at (68,0) size 0x16
                RenderBlock {P} at (8,16) size 155x16
                  RenderText {#text} at (0,0) size 76x16
                    text run at (0,0) width 76: "Gene Langley"
                RenderBlock {P} at (8,31) size 155x16
                  RenderText {#text} at (0,0) size 80x16
                    text run at (0,0) width 80: "James Haladus"
                RenderBlock {P} at (8,46) size 155x17
                  RenderText {#text} at (0,0) size 84x16
                    text run at (0,0) width 84: "Daniel Buckley"
                RenderBlock {P} at (8,62) size 155x16
                  RenderText {#text} at (0,0) size 69x16
                    text run at (0,0) width 69: "Chris Larsen"
                RenderBlock {P} at (8,77) size 155x16
                  RenderText {#text} at (0,0) size 72x16
                    text run at (0,0) width 72: "Mike Chansu"
                RenderBlock {P} at (8,92) size 155x17
                  RenderText {#text} at (0,0) size 73x16
                    text run at (0,0) width 73: "James Brown"
                RenderBlock {P} at (8,108) size 155x16
                  RenderText {#text} at (0,0) size 65x16
                    text run at (0,0) width 65: "Will Sievert"
                RenderBlock {P} at (8,123) size 155x16
                  RenderText {#text} at (0,0) size 68x16
                    text run at (0,0) width 68: "Terry Chong"
                  RenderInline {SPAN} at (67,0) size 0x16
                    RenderInline {O:P} at (67,0) size 0x16
              RenderTableCell {TD} at (268,1911) size 99x140 [border: (1px none #808080) none (1px none #808080)] [r=32 c=2 rs=1 cs=1]
                RenderBlock {P} at (8,1) size 84x16
                  RenderText {#text} at (32,0) size 20x16
                    text run at (32,0) width 20: "Yes"
                  RenderInline {SPAN} at (51,0) size 0x16
                    RenderInline {O:P} at (51,0) size 0x16
                RenderBlock {P} at (8,16) size 84x16
                  RenderText {#text} at (32,0) size 20x16
                    text run at (32,0) width 20: "Yes"
                RenderBlock {P} at (8,31) size 84x16
                  RenderText {#text} at (32,0) size 20x16
                    text run at (32,0) width 20: "Yes"
                RenderBlock {P} at (8,46) size 84x17
                  RenderText {#text} at (32,0) size 20x16
                    text run at (32,0) width 20: "Yes"
                RenderBlock {P} at (8,62) size 84x16
                  RenderText {#text} at (40,0) size 4x16
                    text run at (40,0) width 4: " "
                RenderBlock {P} at (8,77) size 84x16
                  RenderText {#text} at (32,0) size 20x16
                    text run at (32,0) width 20: "Yes"
                RenderBlock {P} at (8,92) size 84x17
                  RenderText {#text} at (32,0) size 20x16
                    text run at (32,0) width 20: "Yes"
                RenderBlock {P} at (8,108) size 84x16
                  RenderText {#text} at (32,0) size 20x16
                    text run at (32,0) width 20: "Yes"
                RenderBlock {P} at (8,123) size 84x16
                  RenderText {#text} at (32,0) size 20x16
                    text run at (32,0) width 20: "Yes"
                  RenderInline {SPAN} at (51,0) size 0x16
                    RenderInline {O:P} at (51,0) size 0x16
              RenderTableCell {TD} at (366,1911) size 107x140 [border: (1px none #808080) none (1px none #808080)] [r=32 c=3 rs=1 cs=1]
                RenderBlock {P} at (8,1) size 90x16
                  RenderText {#text} at (36,0) size 17x16
                    text run at (36,0) width 17: "No"
                  RenderInline {SPAN} at (52,0) size 0x16
                    RenderInline {O:P} at (52,0) size 0x16
                RenderBlock {P} at (8,16) size 90x16
                  RenderText {#text} at (5,0) size 79x16
                    text run at (5,0) width 79: "Gyro wannabe"
                RenderBlock {P} at (8,31) size 90x16
                  RenderText {#text} at (36,0) size 17x16
                    text run at (36,0) width 17: "No"
                RenderBlock {P} at (8,46) size 90x17
                  RenderText {#text} at (36,0) size 17x16
                    text run at (36,0) width 17: "No"
                RenderBlock {P} at (8,62) size 90x16
                  RenderText {#text} at (43,0) size 4x16
                    text run at (43,0) width 4: " "
                RenderBlock {P} at (8,77) size 90x16
                  RenderText {#text} at (36,0) size 17x16
                    text run at (36,0) width 17: "No"
                RenderBlock {P} at (8,92) size 90x17
                  RenderText {#text} at (36,0) size 17x16
                    text run at (36,0) width 17: "No"
                RenderBlock {P} at (8,108) size 90x16
                  RenderText {#text} at (36,0) size 17x16
                    text run at (36,0) width 17: "No"
                RenderBlock {P} at (8,123) size 90x16
                  RenderText {#text} at (36,0) size 17x16
                    text run at (36,0) width 17: "No"
                  RenderInline {SPAN} at (52,0) size 0x16
                    RenderInline {O:P} at (52,0) size 0x16
            RenderTableRow {TR} at (0,2050) size 472x125
              RenderTableCell {TD} at (0,2050) size 99x18 [border: (1px none #808080) none] [r=33 c=0 rs=1 cs=1]
                RenderBlock {P} at (8,1) size 84x16
                  RenderText {#text} at (34,0) size 15x16
                    text run at (34,0) width 15: "34"
                  RenderInline {SPAN} at (48,0) size 0x16
                    RenderInline {O:P} at (48,0) size 0x16
              RenderTableCell {TD} at (98,2050) size 171x125 [border: (1px none #808080) none (1px none #808080)] [r=33 c=1 rs=1 cs=1]
                RenderBlock {P} at (8,1) size 155x16
                  RenderText {#text} at (0,0) size 57x16
                    text run at (0,0) width 57: "Jay Ribera"
                RenderBlock {P} at (8,16) size 155x16
                  RenderText {#text} at (0,0) size 86x16
                    text run at (0,0) width 86: "Gerald Cardinal"
                RenderBlock {P} at (8,31) size 155x16
                  RenderText {#text} at (0,0) size 68x16
                    text run at (0,0) width 68: "Dale Barnett"
                RenderBlock {P} at (8,46) size 155x17
                  RenderText {#text} at (0,0) size 63x16
                    text run at (0,0) width 63: "Paul Walter"
                RenderBlock {P} at (8,62) size 155x16
                  RenderText {#text} at (0,0) size 88x16
                    text run at (0,0) width 88: "Dominic Bayani"
                RenderBlock {P} at (8,77) size 155x16
                  RenderText {#text} at (0,0) size 92x16
                    text run at (0,0) width 92: "Donald Carvalho"
                RenderBlock {P} at (8,92) size 155x17
                  RenderText {#text} at (0,0) size 73x16
                    text run at (0,0) width 73: "Jack Peterson"
                RenderBlock {P} at (8,108) size 155x16
                  RenderText {#text} at (0,0) size 63x16
                    text run at (0,0) width 63: "Scott Hersh"
                  RenderInline {SPAN} at (62,0) size 0x16
                    RenderInline {O:P} at (62,0) size 0x16
              RenderTableCell {TD} at (268,2050) size 99x125 [border: (1px none #808080) none (1px none #808080)] [r=33 c=2 rs=1 cs=1]
                RenderBlock {P} at (8,1) size 84x16
                  RenderText {#text} at (32,0) size 20x16
                    text run at (32,0) width 20: "Yes"
                RenderBlock {P} at (8,16) size 84x16
                  RenderText {#text} at (40,0) size 4x16
                    text run at (40,0) width 4: " "
                RenderBlock {P} at (8,31) size 84x16
                  RenderText {#text} at (32,0) size 20x16
                    text run at (32,0) width 20: "Yes"
                RenderBlock {P} at (8,46) size 84x17
                  RenderText {#text} at (40,0) size 4x16
                    text run at (40,0) width 4: " "
                RenderBlock {P} at (8,62) size 84x16
                  RenderText {#text} at (40,0) size 4x16
                    text run at (40,0) width 4: " "
                RenderBlock {P} at (8,77) size 84x16
                  RenderText {#text} at (40,0) size 4x16
                    text run at (40,0) width 4: " "
                RenderBlock {P} at (8,92) size 84x17
                  RenderText {#text} at (40,0) size 4x16
                    text run at (40,0) width 4: " "
                RenderBlock {P} at (8,108) size 84x16
                  RenderText {#text} at (32,0) size 20x16
                    text run at (32,0) width 20: "Yes"
                  RenderInline {SPAN} at (51,0) size 0x16
                    RenderInline {O:P} at (51,0) size 0x16
              RenderTableCell {TD} at (366,2050) size 107x125 [border: (1px none #808080) none (1px none #808080)] [r=33 c=3 rs=1 cs=1]
                RenderBlock {P} at (8,1) size 90x16
                  RenderText {#text} at (36,0) size 17x16
                    text run at (36,0) width 17: "No"
                RenderBlock {P} at (8,16) size 90x16
                  RenderText {#text} at (43,0) size 4x16
                    text run at (43,0) width 4: " "
                RenderBlock {P} at (8,31) size 90x16
                  RenderText {#text} at (36,0) size 17x16
                    text run at (36,0) width 17: "No"
                RenderBlock {P} at (8,46) size 90x17
                  RenderText {#text} at (43,0) size 4x16
                    text run at (43,0) width 4: " "
                RenderBlock {P} at (8,62) size 90x16
                  RenderText {#text} at (43,0) size 4x16
                    text run at (43,0) width 4: " "
                RenderBlock {P} at (8,77) size 90x16
                  RenderText {#text} at (43,0) size 4x16
                    text run at (43,0) width 4: " "
                RenderBlock {P} at (8,92) size 90x17
                  RenderText {#text} at (43,0) size 4x16
                    text run at (43,0) width 4: " "
                RenderBlock {P} at (8,108) size 90x16
                  RenderText {#text} at (36,0) size 17x16
                    text run at (36,0) width 17: "No"
                  RenderInline {SPAN} at (52,0) size 0x16
                    RenderInline {O:P} at (52,0) size 0x16
            RenderTableRow {TR} at (0,2174) size 472x79
              RenderTableCell {TD} at (0,2174) size 99x17 [border: (1px none #808080) none] [r=34 c=0 rs=1 cs=1]
                RenderBlock {P} at (8,1) size 84x16
                  RenderText {#text} at (34,0) size 15x16
                    text run at (34,0) width 15: "35"
                  RenderInline {SPAN} at (48,0) size 0x16
                    RenderInline {O:P} at (48,0) size 0x16
              RenderTableCell {TD} at (98,2174) size 171x79 [border: (1px none #808080) none (1px none #808080)] [r=34 c=1 rs=1 cs=1]
                RenderBlock {P} at (8,1) size 155x16
                  RenderText {#text} at (0,0) size 82x16
                    text run at (0,0) width 82: " Richard Green"
                RenderBlock {P} at (8,16) size 155x16
                  RenderText {#text} at (0,0) size 66x16
                    text run at (0,0) width 66: "David Allen"
                RenderBlock {P} at (8,31) size 155x16
                  RenderText {#text} at (0,0) size 59x16
                    text run at (0,0) width 59: "Jim Colvin"
                RenderBlock {P} at (8,46) size 155x17
                  RenderText {#text} at (0,0) size 70x16
                    text run at (0,0) width 70: "Harald Close"
                RenderBlock {P} at (8,62) size 155x16
                  RenderText {#text} at (0,0) size 63x16
                    text run at (0,0) width 63: "Oliver Baer"
                  RenderInline {SPAN} at (62,0) size 0x16
                    RenderInline {O:P} at (62,0) size 0x16
              RenderTableCell {TD} at (268,2174) size 99x79 [border: (1px none #808080) none (1px none #808080)] [r=34 c=2 rs=1 cs=1]
                RenderBlock {P} at (8,1) size 84x16
                  RenderText {#text} at (40,0) size 4x16
                    text run at (40,0) width 4: " "
                RenderBlock {P} at (8,16) size 84x16
                  RenderText {#text} at (40,0) size 4x16
                    text run at (40,0) width 4: " "
                RenderBlock {P} at (8,31) size 84x16
                  RenderText {#text} at (40,0) size 4x16
                    text run at (40,0) width 4: " "
                RenderBlock {P} at (8,46) size 84x17
                  RenderText {#text} at (32,0) size 20x16
                    text run at (32,0) width 20: "Yes"
                RenderBlock {P} at (8,62) size 84x16
                  RenderText {#text} at (32,0) size 20x16
                    text run at (32,0) width 20: "Yes"
                  RenderInline {SPAN} at (51,0) size 0x16
                    RenderInline {O:P} at (51,0) size 0x16
              RenderTableCell {TD} at (366,2174) size 107x79 [border: (1px none #808080) none (1px none #808080)] [r=34 c=3 rs=1 cs=1]
                RenderBlock {P} at (8,1) size 90x16
                  RenderText {#text} at (43,0) size 4x16
                    text run at (43,0) width 4: " "
                RenderBlock {P} at (8,16) size 90x16
                  RenderText {#text} at (43,0) size 4x16
                    text run at (43,0) width 4: " "
                RenderBlock {P} at (8,31) size 90x16
                  RenderText {#text} at (43,0) size 4x16
                    text run at (43,0) width 4: " "
                RenderBlock {P} at (8,46) size 90x17
                  RenderText {#text} at (35,0) size 20x16
                    text run at (35,0) width 20: "Yes"
                RenderBlock {P} at (8,62) size 90x16
                  RenderText {#text} at (36,0) size 17x16
                    text run at (36,0) width 17: "No"
                  RenderInline {SPAN} at (52,0) size 0x16
                    RenderInline {O:P} at (52,0) size 0x16
            RenderTableRow {TR} at (0,2252) size 472x78
              RenderTableCell {TD} at (0,2252) size 99x17 [border: (1px none #808080) none] [r=35 c=0 rs=1 cs=1]
                RenderBlock {P} at (8,1) size 84x16
                  RenderText {#text} at (34,0) size 15x16
                    text run at (34,0) width 15: "36"
                  RenderInline {SPAN} at (48,0) size 0x16
                    RenderInline {O:P} at (48,0) size 0x16
              RenderTableCell {TD} at (98,2252) size 171x78 [border: (1px none #808080) none (1px none #808080)] [r=35 c=1 rs=1 cs=1]
                RenderBlock {P} at (8,1) size 155x16
                  RenderText {#text} at (0,0) size 71x16
                    text run at (0,0) width 71: "Jason Beehm"
                RenderBlock {P} at (8,16) size 155x16
                  RenderText {#text} at (0,0) size 94x16
                    text run at (0,0) width 94: "Darrell Carpenter"
                RenderBlock {P} at (8,31) size 155x16
                  RenderText {#text} at (0,0) size 82x16
                    text run at (0,0) width 82: "Stefan Kiritzov"
                RenderBlock {P} at (8,46) size 155x17
                  RenderText {#text} at (0,0) size 68x16
                    text run at (0,0) width 68: "Dale Barnett"
                RenderBlock {P} at (8,62) size 155x16
                  RenderText {#text} at (0,0) size 64x16
                    text run at (0,0) width 64: "Dan Sievert"
                  RenderInline {SPAN} at (63,0) size 0x16
                    RenderInline {O:P} at (63,0) size 0x16
              RenderTableCell {TD} at (268,2252) size 99x78 [border: (1px none #808080) none (1px none #808080)] [r=35 c=2 rs=1 cs=1]
                RenderBlock {P} at (8,1) size 84x16
                  RenderText {#text} at (32,0) size 20x16
                    text run at (32,0) width 20: "Yes"
                RenderBlock {P} at (8,16) size 84x16
                  RenderText {#text} at (32,0) size 20x16
                    text run at (32,0) width 20: "Yes"
                RenderBlock {P} at (8,31) size 84x16
                  RenderText {#text} at (32,0) size 20x16
                    text run at (32,0) width 20: "Yes"
                RenderBlock {P} at (8,46) size 84x17
                  RenderText {#text} at (32,0) size 20x16
                    text run at (32,0) width 20: "Yes"
                RenderBlock {P} at (8,62) size 84x16
                  RenderText {#text} at (32,0) size 20x16
                    text run at (32,0) width 20: "Yes"
                  RenderInline {SPAN} at (51,0) size 0x16
                    RenderInline {O:P} at (51,0) size 0x16
              RenderTableCell {TD} at (366,2252) size 107x78 [border: (1px none #808080) none (1px none #808080)] [r=35 c=3 rs=1 cs=1]
                RenderBlock {P} at (8,1) size 90x16
                  RenderText {#text} at (36,0) size 17x16
                    text run at (36,0) width 17: "No"
                RenderBlock {P} at (8,16) size 90x16
                  RenderText {#text} at (36,0) size 17x16
                    text run at (36,0) width 17: "No"
                RenderBlock {P} at (8,31) size 90x16
                  RenderText {#text} at (35,0) size 20x16
                    text run at (35,0) width 20: "Yes"
                RenderBlock {P} at (8,46) size 90x17
                  RenderText {#text} at (36,0) size 17x16
                    text run at (36,0) width 17: "No"
                RenderBlock {P} at (8,62) size 90x16
                  RenderText {#text} at (36,0) size 17x16
                    text run at (36,0) width 17: "No"
                  RenderInline {SPAN} at (52,0) size 0x16
                    RenderInline {O:P} at (52,0) size 0x16
            RenderTableRow {TR} at (0,2329) size 472x64
              RenderTableCell {TD} at (0,2329) size 99x18 [border: (1px none #808080) none] [r=36 c=0 rs=1 cs=1]
                RenderBlock {P} at (8,1) size 84x16
                  RenderText {#text} at (34,0) size 15x16
                    text run at (34,0) width 15: "37"
                  RenderInline {SPAN} at (48,0) size 0x16
                    RenderInline {O:P} at (48,0) size 0x16
              RenderTableCell {TD} at (98,2329) size 171x64 [border: (1px none #808080) none (1px none #808080)] [r=36 c=1 rs=1 cs=1]
                RenderBlock {P} at (8,1) size 155x16
                  RenderText {#text} at (0,0) size 94x16
                    text run at (0,0) width 94: "Dominic Civiletti"
                RenderBlock {P} at (8,16) size 155x16
                  RenderText {#text} at (0,0) size 83x16
                    text run at (0,0) width 83: "John Chamorro"
                RenderBlock {P} at (8,31) size 155x16
                  RenderText {#text} at (0,0) size 75x16
                    text run at (0,0) width 75: "Jim Mirowski"
                RenderBlock {P} at (8,46) size 155x17
                  RenderText {#text} at (0,0) size 78x16
                    text run at (0,0) width 78: "Soohong  Kim"
                  RenderInline {SPAN} at (77,0) size 0x16
                    RenderInline {O:P} at (77,0) size 0x16
              RenderTableCell {TD} at (268,2329) size 99x64 [border: (1px none #808080) none (1px none #808080)] [r=36 c=2 rs=1 cs=1]
                RenderBlock {P} at (8,1) size 84x16
                  RenderText {#text} at (32,0) size 20x16
                    text run at (32,0) width 20: "Yes"
                RenderBlock {P} at (8,16) size 84x16
                  RenderText {#text} at (40,0) size 4x16
                    text run at (40,0) width 4: " "
                RenderBlock {P} at (8,31) size 84x16
                  RenderText {#text} at (40,0) size 4x16
                    text run at (40,0) width 4: " "
                RenderBlock {P} at (8,46) size 84x17
                  RenderText {#text} at (32,0) size 20x16
                    text run at (32,0) width 20: "Yes"
                  RenderInline {SPAN} at (51,0) size 0x16
                    RenderInline {O:P} at (51,0) size 0x16
              RenderTableCell {TD} at (366,2329) size 107x64 [border: (1px none #808080) none (1px none #808080)] [r=36 c=3 rs=1 cs=1]
                RenderBlock {P} at (8,1) size 90x16
                  RenderText {#text} at (36,0) size 17x16
                    text run at (36,0) width 17: "No"
                RenderBlock {P} at (8,16) size 90x16
                  RenderText {#text} at (43,0) size 4x16
                    text run at (43,0) width 4: " "
                RenderBlock {P} at (8,31) size 90x16
                  RenderText {#text} at (43,0) size 4x16
                    text run at (43,0) width 4: " "
                RenderBlock {P} at (8,46) size 90x17
                  RenderText {#text} at (36,0) size 17x16
                    text run at (36,0) width 17: "No"
                  RenderInline {SPAN} at (52,0) size 0x16
                    RenderInline {O:P} at (52,0) size 0x16
            RenderTableRow {TR} at (0,2392) size 472x94
              RenderTableCell {TD} at (0,2392) size 99x17 [border: (1px none #808080) none] [r=37 c=0 rs=1 cs=1]
                RenderBlock {P} at (8,1) size 84x16
                  RenderText {#text} at (34,0) size 15x16
                    text run at (34,0) width 15: "38"
                  RenderInline {SPAN} at (48,0) size 0x16
                    RenderInline {O:P} at (48,0) size 0x16
              RenderTableCell {TD} at (98,2392) size 171x94 [border: (1px none #808080) none (1px none #808080)] [r=37 c=1 rs=1 cs=1]
                RenderBlock {P} at (8,1) size 155x16
                  RenderText {#text} at (0,0) size 102x16
                    text run at (0,0) width 102: "Karl Allmendinger"
                  RenderInline {SPAN} at (101,0) size 0x16
                    RenderInline {O:P} at (101,0) size 0x16
                RenderBlock {P} at (8,16) size 155x16
                  RenderText {#text} at (0,0) size 65x16
                    text run at (0,0) width 65: "John Bernal"
                  RenderInline {SPAN} at (64,0) size 0x16
                    RenderInline {O:P} at (64,0) size 0x16
                RenderBlock {P} at (8,31) size 155x16
                  RenderText {#text} at (0,0) size 76x16
                    text run at (0,0) width 76: "Gene Langley"
                RenderBlock {P} at (8,46) size 155x17
                  RenderText {#text} at (0,0) size 77x16
                    text run at (0,0) width 77: "Chuck Pringle"
                RenderBlock {P} at (8,62) size 155x16
                  RenderText {#text} at (0,0) size 58x16
                    text run at (0,0) width 58: "Jimmy Lei"
                RenderBlock {P} at (8,77) size 155x16
                  RenderText {#text} at (0,0) size 93x16
                    text run at (0,0) width 93: "Ruenjoe (Joe) Lu"
                  RenderInline {SPAN} at (92,0) size 0x16
                    RenderInline {O:P} at (92,0) size 0x16
              RenderTableCell {TD} at (268,2392) size 99x63 [border: (1px none #808080) none (1px none #808080)] [r=37 c=2 rs=1 cs=1]
                RenderBlock {P} at (8,1) size 84x16
                  RenderText {#text} at (32,0) size 20x16
                    text run at (32,0) width 20: "Yes"
                  RenderInline {SPAN} at (51,0) size 0x16
                    RenderInline {O:P} at (51,0) size 0x16
                RenderBlock {P} at (8,16) size 84x16
                  RenderText {#text} at (32,0) size 20x16
                    text run at (32,0) width 20: "Yes"
                  RenderInline {SPAN} at (51,0) size 0x16
                    RenderInline {O:P} at (51,0) size 0x16
                RenderBlock {P} at (8,31) size 84x16
                  RenderText {#text} at (32,0) size 20x16
                    text run at (32,0) width 20: "Yes"
                RenderBlock {P} at (8,46) size 84x17
                  RenderText {#text} at (32,0) size 20x16
                    text run at (32,0) width 20: "Yes"
                  RenderInline {SPAN} at (51,0) size 0x16
                    RenderInline {O:P} at (51,0) size 0x16
              RenderTableCell {TD} at (366,2392) size 107x63 [border: (1px none #808080) none (1px none #808080)] [r=37 c=3 rs=1 cs=1]
                RenderBlock {P} at (8,1) size 90x16
                  RenderText {#text} at (36,0) size 17x16
                    text run at (36,0) width 17: "No"
                  RenderInline {SPAN} at (52,0) size 0x16
                    RenderInline {O:P} at (52,0) size 0x16
                RenderBlock {P} at (8,16) size 90x16
                  RenderText {#text} at (36,0) size 17x16
                    text run at (36,0) width 17: "No"
                  RenderInline {SPAN} at (52,0) size 0x16
                    RenderInline {O:P} at (52,0) size 0x16
                RenderBlock {P} at (8,31) size 90x16
                  RenderText {#text} at (5,0) size 79x16
                    text run at (5,0) width 79: "Gyro wannabe"
                RenderBlock {P} at (8,46) size 90x17
                  RenderText {#text} at (36,0) size 17x16
                    text run at (36,0) width 17: "No"
                  RenderInline {SPAN} at (52,0) size 0x16
                    RenderInline {O:P} at (52,0) size 0x16
            RenderTableRow {TR} at (0,2485) size 472x48
              RenderTableCell {TD} at (0,2485) size 99x17 [border: (1px none #808080) none] [r=38 c=0 rs=1 cs=1]
                RenderBlock {P} at (8,1) size 84x16
                  RenderText {#text} at (34,0) size 15x16
                    text run at (34,0) width 15: "39"
                  RenderInline {SPAN} at (48,0) size 0x16
                    RenderInline {O:P} at (48,0) size 0x16
              RenderTableCell {TD} at (98,2485) size 171x48 [border: (1px none #808080) none (1px none #808080)] [r=38 c=1 rs=1 cs=1]
                RenderBlock {P} at (8,1) size 155x16
                  RenderText {#text} at (0,0) size 69x16
                    text run at (0,0) width 69: "Tom Wagner"
                RenderBlock {P} at (8,16) size 155x16
                  RenderText {#text} at (0,0) size 63x16
                    text run at (0,0) width 63: "Oliver Baer"
                RenderBlock {P} at (8,31) size 155x16
                  RenderText {#text} at (0,0) size 65x16
                    text run at (0,0) width 65: "Will Sievert"
                  RenderInline {SPAN} at (64,0) size 0x16
                    RenderInline {O:P} at (64,0) size 0x16
              RenderTableCell {TD} at (268,2485) size 99x48 [border: (1px none #808080) none (1px none #808080)] [r=38 c=2 rs=1 cs=1]
                RenderBlock {P} at (8,1) size 84x16
                  RenderText {#text} at (32,0) size 20x16
                    text run at (32,0) width 20: "Yes"
                RenderBlock {P} at (8,16) size 84x16
                  RenderText {#text} at (32,0) size 20x16
                    text run at (32,0) width 20: "Yes"
                RenderBlock {P} at (8,31) size 84x16
                  RenderText {#text} at (32,0) size 20x16
                    text run at (32,0) width 20: "Yes"
                  RenderInline {SPAN} at (51,0) size 0x16
                    RenderInline {O:P} at (51,0) size 0x16
              RenderTableCell {TD} at (366,2485) size 107x48 [border: (1px none #808080) none (1px none #808080)] [r=38 c=3 rs=1 cs=1]
                RenderBlock {P} at (8,1) size 90x16
                  RenderText {#text} at (36,0) size 17x16
                    text run at (36,0) width 17: "No"
                RenderBlock {P} at (8,16) size 90x16
                  RenderText {#text} at (36,0) size 17x16
                    text run at (36,0) width 17: "No"
                RenderBlock {P} at (8,31) size 90x16
                  RenderText {#text} at (36,0) size 17x16
                    text run at (36,0) width 17: "No"
                  RenderInline {SPAN} at (52,0) size 0x16
                    RenderInline {O:P} at (52,0) size 0x16
            RenderTableRow {TR} at (0,2532) size 472x124
              RenderTableCell {TD} at (0,2532) size 99x17 [border: (1px none #808080) none] [r=39 c=0 rs=1 cs=1]
                RenderBlock {P} at (8,1) size 84x16
                  RenderText {#text} at (34,0) size 15x16
                    text run at (34,0) width 15: "40"
                  RenderInline {SPAN} at (48,0) size 0x16
                    RenderInline {O:P} at (48,0) size 0x16
              RenderTableCell {TD} at (98,2532) size 171x124 [border: (1px none #808080) none (1px none #808080)] [r=39 c=1 rs=1 cs=1]
                RenderBlock {P} at (8,1) size 155x16
                  RenderText {#text} at (0,0) size 82x16
                    text run at (0,0) width 82: "Alberto Lanzas"
                  RenderInline {SPAN} at (81,0) size 0x16
                    RenderInline {O:P} at (81,0) size 0x16
                RenderBlock {P} at (8,16) size 155x16
                  RenderText {#text} at (0,0) size 93x16
                    text run at (0,0) width 93: "Zak + Mike West"
                  RenderInline {SPAN} at (92,0) size 0x16
                    RenderInline {O:P} at (92,0) size 0x16
                RenderBlock {P} at (8,31) size 155x16
                  RenderText {#text} at (0,0) size 69x16
                    text run at (0,0) width 69: "Javier Flores"
                  RenderInline {SPAN} at (68,0) size 0x16
                    RenderInline {O:P} at (68,0) size 0x16
                RenderBlock {P} at (8,46) size 155x17
                  RenderText {#text} at (0,0) size 68x16
                    text run at (0,0) width 68: "Bill Johnson"
                  RenderInline {SPAN} at (67,0) size 0x16
                    RenderInline {O:P} at (67,0) size 0x16
                RenderBlock {P} at (8,62) size 155x16
                  RenderText {#text} at (0,0) size 76x16
                    text run at (0,0) width 76: "Gene Langley"
                RenderBlock {P} at (8,77) size 155x16
                  RenderText {#text} at (0,0) size 69x16
                    text run at (0,0) width 69: "Rich Burnett"
                RenderBlock {P} at (8,92) size 155x17
                  RenderText {#text} at (0,0) size 89x16
                    text run at (0,0) width 89: "Jack Goodfriend"
                RenderBlock {P} at (8,108) size 155x16
                  RenderText {#text} at (0,0) size 70x16
                    text run at (0,0) width 70: "Harald Close"
                  RenderInline {SPAN} at (69,0) size 0x16
                    RenderInline {O:P} at (69,0) size 0x16
              RenderTableCell {TD} at (268,2532) size 99x124 [border: (1px none #808080) none (1px none #808080)] [r=39 c=2 rs=1 cs=1]
                RenderBlock {P} at (8,1) size 84x16
                  RenderText {#text} at (32,0) size 20x16
                    text run at (32,0) width 20: "Yes"
                  RenderInline {SPAN} at (51,0) size 0x16
                    RenderInline {O:P} at (51,0) size 0x16
                RenderBlock {P} at (8,16) size 84x16
                  RenderText {#text} at (32,0) size 20x16
                    text run at (32,0) width 20: "Yes"
                  RenderInline {SPAN} at (51,0) size 0x16
                    RenderInline {O:P} at (51,0) size 0x16
                RenderBlock {P} at (8,31) size 84x16
                  RenderText {#text} at (32,0) size 20x16
                    text run at (32,0) width 20: "Yes"
                  RenderInline {SPAN} at (51,0) size 0x16
                    RenderInline {O:P} at (51,0) size 0x16
                RenderBlock {P} at (8,46) size 84x17
                  RenderText {#text} at (32,0) size 20x16
                    text run at (32,0) width 20: "Yes"
                  RenderInline {SPAN} at (51,0) size 0x16
                    RenderInline {O:P} at (51,0) size 0x16
                RenderBlock {P} at (8,62) size 84x16
                  RenderText {#text} at (32,0) size 20x16
                    text run at (32,0) width 20: "Yes"
                RenderBlock {P} at (8,77) size 84x16
                  RenderText {#text} at (40,0) size 4x16
                    text run at (40,0) width 4: " "
                RenderBlock {P} at (8,92) size 84x17
                  RenderText {#text} at (40,0) size 4x16
                    text run at (40,0) width 4: " "
                RenderBlock {P} at (8,108) size 84x16
                  RenderText {#text} at (32,0) size 20x16
                    text run at (32,0) width 20: "Yes"
                  RenderInline {SPAN} at (51,0) size 0x16
                    RenderInline {O:P} at (51,0) size 0x16
              RenderTableCell {TD} at (366,2532) size 107x124 [border: (1px none #808080) none (1px none #808080)] [r=39 c=3 rs=1 cs=1]
                RenderBlock {P} at (8,1) size 90x16
                  RenderText {#text} at (35,0) size 20x16
                    text run at (35,0) width 20: "Yes"
                  RenderInline {SPAN} at (54,0) size 0x16
                    RenderInline {O:P} at (54,0) size 0x16
                RenderBlock {P} at (8,16) size 90x16
                  RenderText {#text} at (35,0) size 20x16
                    text run at (35,0) width 20: "Yes"
                  RenderInline {SPAN} at (54,0) size 0x16
                    RenderInline {O:P} at (54,0) size 0x16
                RenderBlock {P} at (8,31) size 90x16
                  RenderText {#text} at (36,0) size 17x16
                    text run at (36,0) width 17: "No"
                  RenderInline {SPAN} at (52,0) size 0x16
                    RenderInline {O:P} at (52,0) size 0x16
                RenderBlock {P} at (8,46) size 90x17
                  RenderText {#text} at (36,0) size 17x16
                    text run at (36,0) width 17: "No"
                  RenderInline {SPAN} at (52,0) size 0x16
                    RenderInline {O:P} at (52,0) size 0x16
                RenderBlock {P} at (8,62) size 90x16
                  RenderText {#text} at (27,0) size 35x16
                    text run at (27,0) width 35: "Glider"
                RenderBlock {P} at (8,77) size 90x16
                  RenderText {#text} at (43,0) size 4x16
                    text run at (43,0) width 4: " "
                RenderBlock {P} at (8,92) size 90x17
                  RenderText {#text} at (43,0) size 4x16
                    text run at (43,0) width 4: " "
                RenderBlock {P} at (8,108) size 90x16
                  RenderText {#text} at (36,0) size 17x16
                    text run at (36,0) width 17: "No"
                  RenderInline {SPAN} at (52,0) size 0x16
                    RenderInline {O:P} at (52,0) size 0x16
            RenderTableRow {TR} at (0,2655) size 472x125
              RenderTableCell {TD} at (0,2655) size 99x18 [border: (1px none #808080) none] [r=40 c=0 rs=1 cs=1]
                RenderBlock {P} at (8,1) size 84x16
                  RenderText {#text} at (34,0) size 15x16
                    text run at (34,0) width 15: "41"
                  RenderInline {SPAN} at (48,0) size 0x16
                    RenderInline {O:P} at (48,0) size 0x16
              RenderTableCell {TD} at (98,2655) size 171x125 [border: (1px none #808080) none (1px none #808080)] [r=40 c=1 rs=1 cs=1]
                RenderBlock {P} at (8,1) size 155x16
                  RenderText {#text} at (0,0) size 94x16
                    text run at (0,0) width 94: "Dominic Civiletti"
                  RenderInline {SPAN} at (93,0) size 0x16
                    RenderInline {O:P} at (93,0) size 0x16
                RenderBlock {P} at (8,16) size 155x16
                  RenderText {#text} at (0,0) size 104x16
                    text run at (0,0) width 104: "Corbin Christensen"
                  RenderInline {SPAN} at (103,0) size 0x16
                    RenderInline {O:P} at (103,0) size 0x16
                RenderBlock {P} at (8,31) size 155x16
                  RenderText {#text} at (0,0) size 59x16
                    text run at (0,0) width 59: "Hal Hirsch"
                  RenderInline {SPAN} at (58,0) size 0x16
                    RenderInline {O:P} at (58,0) size 0x16
                RenderBlock {P} at (8,46) size 155x17
                  RenderText {#text} at (0,0) size 90x16
                    text run at (0,0) width 90: "Richard Sanchez"
                RenderBlock {P} at (8,62) size 155x16
                  RenderText {#text} at (0,0) size 65x16
                    text run at (0,0) width 65: "John Bernal"
                RenderBlock {P} at (8,77) size 155x16
                  RenderText {#text} at (0,0) size 69x16
                    text run at (0,0) width 69: "Rich Burnett"
                RenderBlock {P} at (8,92) size 155x17
                  RenderText {#text} at (0,0) size 73x16
                    text run at (0,0) width 73: "Brock Brown"
                RenderBlock {P} at (8,108) size 155x16
                  RenderText {#text} at (0,0) size 55x16
                    text run at (0,0) width 55: "John Paye"
                  RenderInline {SPAN} at (54,0) size 0x16
                    RenderInline {O:P} at (54,0) size 0x16
              RenderTableCell {TD} at (268,2655) size 99x109 [border: (1px none #808080) none (1px none #808080)] [r=40 c=2 rs=1 cs=1]
                RenderBlock {P} at (8,1) size 84x16
                  RenderText {#text} at (32,0) size 20x16
                    text run at (32,0) width 20: "Yes"
                  RenderInline {SPAN} at (51,0) size 0x16
                    RenderInline {O:P} at (51,0) size 0x16
                RenderBlock {P} at (8,16) size 84x16
                  RenderText {#text} at (32,0) size 20x16
                    text run at (32,0) width 20: "Yes"
                  RenderInline {SPAN} at (51,0) size 0x16
                    RenderInline {O:P} at (51,0) size 0x16
                RenderBlock {P} at (8,31) size 84x16
                  RenderText {#text} at (32,0) size 20x16
                    text run at (32,0) width 20: "Yes"
                  RenderInline {SPAN} at (51,0) size 0x16
                    RenderInline {O:P} at (51,0) size 0x16
                RenderBlock {P} at (8,46) size 84x17
                  RenderText {#text} at (33,0) size 17x16
                    text run at (33,0) width 17: "No"
                RenderBlock {P} at (8,62) size 84x16
                  RenderText {#text} at (32,0) size 20x16
                    text run at (32,0) width 20: "Yes"
                RenderBlock {P} at (8,77) size 84x16
                  RenderText {#text} at (40,0) size 4x16
                    text run at (40,0) width 4: " "
                RenderBlock {P} at (8,92) size 84x17
                  RenderText {#text} at (32,0) size 20x16
                    text run at (32,0) width 20: "Yes"
                  RenderInline {SPAN} at (51,0) size 0x16
                    RenderInline {O:P} at (51,0) size 0x16
              RenderTableCell {TD} at (366,2655) size 107x109 [border: (1px none #808080) none (1px none #808080)] [r=40 c=3 rs=1 cs=1]
                RenderBlock {P} at (8,1) size 90x16
                  RenderText {#text} at (36,0) size 17x16
                    text run at (36,0) width 17: "No"
                  RenderInline {SPAN} at (52,0) size 0x16
                    RenderInline {O:P} at (52,0) size 0x16
                RenderBlock {P} at (8,16) size 90x16
                  RenderText {#text} at (36,0) size 17x16
                    text run at (36,0) width 17: "No"
                  RenderInline {SPAN} at (52,0) size 0x16
                    RenderInline {O:P} at (52,0) size 0x16
                RenderBlock {P} at (8,31) size 90x16
                  RenderText {#text} at (36,0) size 17x16
                    text run at (36,0) width 17: "No"
                  RenderInline {SPAN} at (52,0) size 0x16
                    RenderInline {O:P} at (52,0) size 0x16
                RenderBlock {P} at (8,46) size 90x17
                  RenderText {#text} at (35,0) size 20x16
                    text run at (35,0) width 20: "Yes"
                RenderBlock {P} at (8,62) size 90x16
                  RenderText {#text} at (36,0) size 17x16
                    text run at (36,0) width 17: "No"
                RenderBlock {P} at (8,77) size 90x16
                  RenderText {#text} at (43,0) size 4x16
                    text run at (43,0) width 4: " "
                RenderBlock {P} at (8,92) size 90x17
                  RenderText {#text} at (36,0) size 17x16
                    text run at (36,0) width 17: "No"
                  RenderInline {SPAN} at (52,0) size 0x16
                    RenderInline {O:P} at (52,0) size 0x16
            RenderTableRow {TR} at (0,2779) size 472x124
              RenderTableCell {TD} at (0,2779) size 99x17 [border: (1px none #808080) none] [r=41 c=0 rs=1 cs=1]
                RenderBlock {P} at (8,1) size 84x16
                  RenderText {#text} at (34,0) size 15x16
                    text run at (34,0) width 15: "42"
                  RenderInline {SPAN} at (48,0) size 0x16
                    RenderInline {O:P} at (48,0) size 0x16
              RenderTableCell {TD} at (98,2779) size 171x124 [border: (1px none #808080) none (1px none #808080)] [r=41 c=1 rs=1 cs=1]
                RenderBlock {P} at (8,1) size 155x16
                  RenderText {#text} at (0,0) size 46x16
                    text run at (0,0) width 46: "Tony Yu"
                  RenderInline {SPAN} at (45,0) size 0x16
                    RenderInline {O:P} at (45,0) size 0x16
                RenderBlock {P} at (8,16) size 155x16
                  RenderText {#text} at (0,0) size 67x16
                    text run at (0,0) width 67: "Jason Miller"
                  RenderInline {SPAN} at (66,0) size 0x16
                    RenderInline {O:P} at (66,0) size 0x16
                RenderBlock {P} at (8,31) size 155x16
                  RenderText {#text} at (0,0) size 85x16
                    text run at (0,0) width 85: "Maurice Burton"
                RenderBlock {P} at (8,46) size 155x17
                  RenderText {#text} at (0,0) size 64x16
                    text run at (0,0) width 64: "Dan Sievert"
                RenderBlock {P} at (8,62) size 155x16
                  RenderText {#text} at (0,0) size 62x16
                    text run at (0,0) width 62: "Jerry Davis"
                RenderBlock {P} at (8,77) size 155x16
                  RenderText {#text} at (0,0) size 55x16
                    text run at (0,0) width 55: "John Paye"
                RenderBlock {P} at (8,92) size 155x17
                  RenderText {#text} at (0,0) size 72x16
                    text run at (0,0) width 72: "Gordon Frost"
                RenderBlock {P} at (8,108) size 155x16
                  RenderText {#text} at (0,0) size 66x16
                    text run at (0,0) width 66: "Chris Walsh"
                  RenderInline {SPAN} at (65,0) size 0x16
                    RenderInline {O:P} at (65,0) size 0x16
              RenderTableCell {TD} at (268,2779) size 99x78 [border: (1px none #808080) none (1px none #808080)] [r=41 c=2 rs=1 cs=1]
                RenderBlock {P} at (8,1) size 84x16
                  RenderText {#text} at (32,0) size 20x16
                    text run at (32,0) width 20: "Yes"
                  RenderInline {SPAN} at (51,0) size 0x16
                    RenderInline {O:P} at (51,0) size 0x16
                RenderBlock {P} at (8,16) size 84x16
                  RenderText {#text} at (32,0) size 20x16
                    text run at (32,0) width 20: "Yes"
                  RenderInline {SPAN} at (51,0) size 0x16
                    RenderInline {O:P} at (51,0) size 0x16
                RenderBlock {P} at (8,31) size 84x16
                  RenderText {#text} at (32,0) size 20x16
                    text run at (32,0) width 20: "Yes"
                RenderBlock {P} at (8,46) size 84x17
                  RenderText {#text} at (32,0) size 20x16
                    text run at (32,0) width 20: "Yes"
                RenderBlock {P} at (8,62) size 84x16
                  RenderText {#text} at (32,0) size 20x16
                    text run at (32,0) width 20: "Yes"
                  RenderInline {SPAN} at (51,0) size 0x16
                    RenderInline {O:P} at (51,0) size 0x16
              RenderTableCell {TD} at (366,2779) size 107x78 [border: (1px none #808080) none (1px none #808080)] [r=41 c=3 rs=1 cs=1]
                RenderBlock {P} at (8,1) size 90x16
                  RenderText {#text} at (36,0) size 17x16
                    text run at (36,0) width 17: "No"
                  RenderInline {SPAN} at (52,0) size 0x16
                    RenderInline {O:P} at (52,0) size 0x16
                RenderBlock {P} at (8,16) size 90x16
                  RenderText {#text} at (36,0) size 17x16
                    text run at (36,0) width 17: "No"
                  RenderInline {SPAN} at (52,0) size 0x16
                    RenderInline {O:P} at (52,0) size 0x16
                RenderBlock {P} at (8,31) size 90x16
                  RenderText {#text} at (36,0) size 17x16
                    text run at (36,0) width 17: "No"
                RenderBlock {P} at (8,46) size 90x17
                  RenderText {#text} at (36,0) size 17x16
                    text run at (36,0) width 17: "No"
                RenderBlock {P} at (8,62) size 90x16
                  RenderText {#text} at (36,0) size 17x16
                    text run at (36,0) width 17: "No"
                  RenderInline {SPAN} at (52,0) size 0x16
                    RenderInline {O:P} at (52,0) size 0x16
            RenderTableRow {TR} at (0,2902) size 472x110
              RenderTableCell {TD} at (0,2902) size 99x18 [border: (1px none #808080) none] [r=42 c=0 rs=1 cs=1]
                RenderBlock {P} at (8,1) size 84x16
                  RenderText {#text} at (34,0) size 15x16
                    text run at (34,0) width 15: "43"
                  RenderInline {SPAN} at (48,0) size 0x16
                    RenderInline {O:P} at (48,0) size 0x16
              RenderTableCell {TD} at (98,2902) size 171x110 [border: (1px none #808080) none (1px none #808080)] [r=42 c=1 rs=1 cs=1]
                RenderBlock {P} at (8,1) size 155x16
                  RenderText {#text} at (0,0) size 94x16
                    text run at (0,0) width 94: "Dominic Civiletti"
                  RenderInline {SPAN} at (93,0) size 0x16
                    RenderInline {O:P} at (93,0) size 0x16
                RenderBlock {P} at (8,16) size 155x16
                  RenderText {#text} at (0,0) size 67x16
                    text run at (0,0) width 67: "Ken Gullion"
                  RenderInline {SPAN} at (66,0) size 0x16
                    RenderInline {O:P} at (66,0) size 0x16
                RenderBlock {P} at (8,31) size 155x16
                  RenderText {#text} at (0,0) size 65x16
                    text run at (0,0) width 65: "Will Sievert"
                RenderBlock {P} at (8,46) size 155x17
                  RenderText {#text} at (0,0) size 73x16
                    text run at (0,0) width 73: "Jim Mahoney"
                RenderBlock {P} at (8,62) size 155x16
                  RenderText {#text} at (0,0) size 67x16
                    text run at (0,0) width 67: "Ken Manuel"
                RenderBlock {P} at (8,77) size 155x16
                  RenderText {#text} at (0,0) size 56x16
                    text run at (0,0) width 56: "John Todd"
                RenderBlock {P} at (8,92) size 155x17
                  RenderText {#text} at (0,0) size 89x16
                    text run at (0,0) width 89: "Rick Rasmussen"
                  RenderInline {SPAN} at (88,0) size 0x16
                    RenderInline {O:P} at (88,0) size 0x16
              RenderTableCell {TD} at (268,2902) size 99x79 [border: (1px none #808080) none (1px none #808080)] [r=42 c=2 rs=1 cs=1]
                RenderBlock {P} at (8,1) size 84x16
                  RenderText {#text} at (32,0) size 20x16
                    text run at (32,0) width 20: "Yes"
                  RenderInline {SPAN} at (51,0) size 0x16
                    RenderInline {O:P} at (51,0) size 0x16
                RenderBlock {P} at (8,16) size 84x16
                  RenderText {#text} at (32,0) size 20x16
                    text run at (32,0) width 20: "Yes"
                  RenderInline {SPAN} at (51,0) size 0x16
                    RenderInline {O:P} at (51,0) size 0x16
                RenderBlock {P} at (8,31) size 84x16
                  RenderText {#text} at (32,0) size 20x16
                    text run at (32,0) width 20: "Yes"
                RenderBlock {P} at (8,46) size 84x17
                  RenderText {#text} at (32,0) size 20x16
                    text run at (32,0) width 20: "Yes"
                RenderBlock {P} at (8,62) size 84x16
                  RenderText {#text} at (32,0) size 20x16
                    text run at (32,0) width 20: "Yes"
                  RenderInline {SPAN} at (51,0) size 0x16
                    RenderInline {O:P} at (51,0) size 0x16
              RenderTableCell {TD} at (366,2902) size 107x79 [border: (1px none #808080) none (1px none #808080)] [r=42 c=3 rs=1 cs=1]
                RenderBlock {P} at (8,1) size 90x16
                  RenderText {#text} at (36,0) size 17x16
                    text run at (36,0) width 17: "No"
                  RenderInline {SPAN} at (52,0) size 0x16
                    RenderInline {O:P} at (52,0) size 0x16
                RenderBlock {P} at (8,16) size 90x16
                  RenderText {#text} at (36,0) size 17x16
                    text run at (36,0) width 17: "No"
                  RenderInline {SPAN} at (52,0) size 0x16
                    RenderInline {O:P} at (52,0) size 0x16
                RenderBlock {P} at (8,31) size 90x16
                  RenderText {#text} at (20,0) size 50x16
                    text run at (20,0) width 50: "Someday"
                RenderBlock {P} at (8,46) size 90x17
                  RenderText {#text} at (35,0) size 20x16
                    text run at (35,0) width 20: "Yes"
                RenderBlock {P} at (8,62) size 90x16
                  RenderText {#text} at (36,0) size 17x16
                    text run at (36,0) width 17: "No"
                  RenderInline {SPAN} at (52,0) size 0x16
                    RenderInline {O:P} at (52,0) size 0x16
            RenderTableRow {TR} at (0,3011) size 472x63
              RenderTableCell {TD} at (0,3011) size 99x17 [border: (1px none #808080) none] [r=43 c=0 rs=1 cs=1]
                RenderBlock {P} at (8,1) size 84x16
                  RenderText {#text} at (34,0) size 15x16
                    text run at (34,0) width 15: "44"
                  RenderInline {SPAN} at (48,0) size 0x16
                    RenderInline {O:P} at (48,0) size 0x16
              RenderTableCell {TD} at (98,3011) size 171x63 [border: (1px none #808080) none (1px none #808080)] [r=43 c=1 rs=1 cs=1]
                RenderBlock {P} at (8,1) size 155x16
                  RenderText {#text} at (0,0) size 62x16
                    text run at (0,0) width 62: "Gary Heath"
                  RenderInline {SPAN} at (61,0) size 0x16
                    RenderInline {O:P} at (61,0) size 0x16
                RenderBlock {P} at (8,16) size 155x16
                  RenderText {#text} at (0,0) size 79x16
                    text run at (0,0) width 79: "Quinn Chuong"
                RenderBlock {P} at (8,31) size 155x16
                  RenderText {#text} at (0,0) size 64x16
                    text run at (0,0) width 64: "Dan Sievert"
                RenderBlock {P} at (8,46) size 155x17
                  RenderText {#text} at (0,0) size 85x16
                    text run at (0,0) width 85: "Alexander Wert"
                  RenderInline {SPAN} at (84,0) size 0x16
                    RenderInline {O:P} at (84,0) size 0x16
              RenderTableCell {TD} at (268,3011) size 99x63 [border: (1px none #808080) none (1px none #808080)] [r=43 c=2 rs=1 cs=1]
                RenderBlock {P} at (8,1) size 84x16
                  RenderText {#text} at (33,0) size 17x16
                    text run at (33,0) width 17: "No"
                  RenderInline {SPAN} at (49,0) size 0x16
                    RenderInline {O:P} at (49,0) size 0x16
                RenderBlock {P} at (8,16) size 84x16
                  RenderText {#text} at (32,0) size 20x16
                    text run at (32,0) width 20: "Yes"
                RenderBlock {P} at (8,31) size 84x16
                  RenderText {#text} at (32,0) size 20x16
                    text run at (32,0) width 20: "Yes"
                RenderBlock {P} at (8,46) size 84x17
                  RenderText {#text} at (33,0) size 17x16
                    text run at (33,0) width 17: "No"
                  RenderInline {SPAN} at (49,0) size 0x16
                    RenderInline {O:P} at (49,0) size 0x16
              RenderTableCell {TD} at (366,3011) size 107x63 [border: (1px none #808080) none (1px none #808080)] [r=43 c=3 rs=1 cs=1]
                RenderBlock {P} at (8,1) size 90x16
                  RenderText {#text} at (35,0) size 20x16
                    text run at (35,0) width 20: "Yes"
                  RenderInline {SPAN} at (54,0) size 0x16
                    RenderInline {O:P} at (54,0) size 0x16
                RenderBlock {P} at (8,16) size 90x16
                  RenderText {#text} at (35,0) size 20x16
                    text run at (35,0) width 20: "Yes"
                RenderBlock {P} at (8,31) size 90x16
                  RenderText {#text} at (36,0) size 17x16
                    text run at (36,0) width 17: "No"
                RenderBlock {P} at (8,46) size 90x17
                  RenderText {#text} at (35,0) size 20x16
                    text run at (35,0) width 20: "Yes"
                  RenderInline {SPAN} at (54,0) size 0x16
                    RenderInline {O:P} at (54,0) size 0x16
            RenderTableRow {TR} at (0,3073) size 472x48
              RenderTableCell {TD} at (0,3073) size 99x17 [border: (1px none #808080) none] [r=44 c=0 rs=1 cs=1]
                RenderBlock {P} at (8,1) size 84x16
                  RenderText {#text} at (34,0) size 15x16
                    text run at (34,0) width 15: "45"
                  RenderInline {SPAN} at (48,0) size 0x16
                    RenderInline {O:P} at (48,0) size 0x16
              RenderTableCell {TD} at (98,3073) size 171x48 [border: (1px none #808080) none (1px none #808080)] [r=44 c=1 rs=1 cs=1]
                RenderBlock {P} at (8,1) size 155x16
                  RenderText {#text} at (0,0) size 82x16
                    text run at (0,0) width 82: "James Holaduz"
                RenderBlock {P} at (8,16) size 155x16
                  RenderInline {FONT} at (0,0) size 54x15
                    RenderText {#text} at (0,0) size 54x15
                      text run at (0,0) width 54: "Don Coon"
                RenderBlock {P} at (8,31) size 155x16
                  RenderText {#text} at (0,0) size 83x16
                    text run at (0,0) width 83: "John Yearwood"
                  RenderInline {SPAN} at (82,0) size 0x16
                    RenderInline {O:P} at (82,0) size 0x16
              RenderTableCell {TD} at (268,3073) size 99x48 [border: (1px none #808080) none (1px none #808080)] [r=44 c=2 rs=1 cs=1]
                RenderBlock {P} at (8,1) size 84x16
                  RenderText {#text} at (32,0) size 20x16
                    text run at (32,0) width 20: "Yes"
                RenderBlock {P} at (8,16) size 84x16
                  RenderText {#text} at (40,0) size 4x16
                    text run at (40,0) width 4: " "
                RenderBlock {P} at (8,31) size 84x16
                  RenderText {#text} at (32,0) size 20x16
                    text run at (32,0) width 20: "Yes"
                  RenderInline {SPAN} at (51,0) size 0x16
                    RenderInline {O:P} at (51,0) size 0x16
              RenderTableCell {TD} at (366,3073) size 107x48 [border: (1px none #808080) none (1px none #808080)] [r=44 c=3 rs=1 cs=1]
                RenderBlock {P} at (8,1) size 90x16
                  RenderText {#text} at (36,0) size 17x16
                    text run at (36,0) width 17: "No"
                RenderBlock {P} at (8,16) size 90x16
                  RenderText {#text} at (43,0) size 4x16
                    text run at (43,0) width 4: " "
                RenderBlock {P} at (8,31) size 90x16
                  RenderText {#text} at (36,0) size 17x16
                    text run at (36,0) width 17: "No"
                  RenderInline {SPAN} at (52,0) size 0x16
                    RenderInline {O:P} at (52,0) size 0x16
            RenderTableRow {TR} at (0,3120) size 472x125
              RenderTableCell {TD} at (0,3120) size 99x17 [border: (1px none #808080) none] [r=45 c=0 rs=1 cs=1]
                RenderBlock {P} at (8,1) size 84x16
                  RenderText {#text} at (34,0) size 15x16
                    text run at (34,0) width 15: "46"
                  RenderInline {SPAN} at (48,0) size 0x16
                    RenderInline {O:P} at (48,0) size 0x16
              RenderTableCell {TD} at (98,3120) size 171x125 [border: (1px none #808080) none (1px none #808080)] [r=45 c=1 rs=1 cs=1]
                RenderBlock {P} at (8,1) size 155x16
                  RenderText {#text} at (0,0) size 51x16
                    text run at (0,0) width 51: "Zak West"
                  RenderInline {SPAN} at (50,0) size 0x16
                    RenderInline {O:P} at (50,0) size 0x16
                RenderBlock {P} at (8,16) size 155x16
                  RenderText {#text} at (0,0) size 102x16
                    text run at (0,0) width 102: "Karl Allmendinger"
                RenderBlock {P} at (8,31) size 155x16
                  RenderText {#text} at (0,0) size 83x16
                    text run at (0,0) width 83: "John Espectzde"
                RenderBlock {P} at (8,46) size 155x17
                  RenderText {#text} at (0,0) size 75x16
                    text run at (0,0) width 75: "Gene Pheiffer"
                RenderBlock {P} at (8,62) size 155x16
                  RenderText {#text} at (0,0) size 68x16
                    text run at (0,0) width 68: "Harold Todd"
                RenderBlock {P} at (8,77) size 155x16
                  RenderText {#text} at (0,0) size 86x16
                    text run at (0,0) width 86: "Gerald Cardinal"
                RenderBlock {P} at (8,92) size 155x17
                  RenderText {#text} at (0,0) size 69x16
                    text run at (0,0) width 69: "Ali Erdengiz"
                RenderBlock {P} at (8,108) size 155x16
                  RenderText {#text} at (0,0) size 85x16
                    text run at (0,0) width 85: "Jason Anderson"
                  RenderInline {SPAN} at (84,0) size 0x16
                    RenderInline {O:P} at (84,0) size 0x16
              RenderTableCell {TD} at (268,3120) size 99x125 [border: (1px none #808080) none (1px none #808080)] [r=45 c=2 rs=1 cs=1]
                RenderBlock {P} at (8,1) size 84x16
                  RenderText {#text} at (32,0) size 20x16
                    text run at (32,0) width 20: "Yes"
                  RenderInline {SPAN} at (51,0) size 0x16
                    RenderInline {O:P} at (51,0) size 0x16
                RenderBlock {P} at (8,16) size 84x16
                  RenderText {#text} at (32,0) size 20x16
                    text run at (32,0) width 20: "Yes"
                RenderBlock {P} at (8,31) size 84x16
                  RenderText {#text} at (40,0) size 4x16
                    text run at (40,0) width 4: " "
                RenderBlock {P} at (8,46) size 84x17
                  RenderText {#text} at (32,0) size 20x16
                    text run at (32,0) width 20: "Yes"
                RenderBlock {P} at (8,62) size 84x16
                  RenderText {#text} at (40,0) size 4x16
                    text run at (40,0) width 4: " "
                RenderBlock {P} at (8,77) size 84x16
                  RenderText {#text} at (40,0) size 4x16
                    text run at (40,0) width 4: " "
                RenderBlock {P} at (8,92) size 84x17
                  RenderText {#text} at (40,0) size 4x16
                    text run at (40,0) width 4: " "
                RenderBlock {P} at (8,108) size 84x16
                  RenderText {#text} at (32,0) size 20x16
                    text run at (32,0) width 20: "Yes"
                  RenderInline {SPAN} at (51,0) size 0x16
                    RenderInline {O:P} at (51,0) size 0x16
              RenderTableCell {TD} at (366,3120) size 107x125 [border: (1px none #808080) none (1px none #808080)] [r=45 c=3 rs=1 cs=1]
                RenderBlock {P} at (8,1) size 90x16
                  RenderText {#text} at (35,0) size 20x16
                    text run at (35,0) width 20: "Yes"
                  RenderInline {SPAN} at (54,0) size 0x16
                    RenderInline {O:P} at (54,0) size 0x16
                RenderBlock {P} at (8,16) size 90x16
                  RenderText {#text} at (36,0) size 17x16
                    text run at (36,0) width 17: "No"
                RenderBlock {P} at (8,31) size 90x16
                  RenderText {#text} at (43,0) size 4x16
                    text run at (43,0) width 4: " "
                RenderBlock {P} at (8,46) size 90x17
                  RenderText {#text} at (36,0) size 17x16
                    text run at (36,0) width 17: "No"
                RenderBlock {P} at (8,62) size 90x16
                  RenderText {#text} at (43,0) size 4x16
                    text run at (43,0) width 4: " "
                RenderBlock {P} at (8,77) size 90x16
                  RenderText {#text} at (43,0) size 4x16
                    text run at (43,0) width 4: " "
                RenderBlock {P} at (8,92) size 90x17
                  RenderText {#text} at (43,0) size 4x16
                    text run at (43,0) width 4: " "
                RenderBlock {P} at (8,108) size 90x16
                  RenderText {#text} at (36,0) size 17x16
                    text run at (36,0) width 17: "No"
                  RenderInline {SPAN} at (52,0) size 0x16
                    RenderInline {O:P} at (52,0) size 0x16
            RenderTableRow {TR} at (0,3244) size 472x170
              RenderTableCell {TD} at (0,3244) size 99x17 [border: (1px none #808080) none] [r=46 c=0 rs=1 cs=1]
                RenderBlock {P} at (8,1) size 84x16
                  RenderText {#text} at (34,0) size 15x16
                    text run at (34,0) width 15: "47"
                  RenderInline {SPAN} at (48,0) size 0x16
                    RenderInline {O:P} at (48,0) size 0x16
              RenderTableCell {TD} at (98,3244) size 171x170 [border: (1px none #808080) none (1px none #808080)] [r=46 c=1 rs=1 cs=1]
                RenderBlock {P} at (8,1) size 155x16
                  RenderText {#text} at (0,0) size 82x16
                    text run at (0,0) width 82: "James Holaduz"
                  RenderInline {SPAN} at (81,0) size 0x16
                    RenderInline {O:P} at (81,0) size 0x16
                RenderBlock {P} at (8,16) size 155x16
                  RenderText {#text} at (0,0) size 46x16
                    text run at (0,0) width 46: "Tony Yu"
                  RenderInline {SPAN} at (45,0) size 0x16
                    RenderInline {O:P} at (45,0) size 0x16
                RenderBlock {P} at (8,31) size 155x16
                  RenderText {#text} at (0,0) size 82x16
                    text run at (0,0) width 82: "Quang Nguyen"
                  RenderInline {SPAN} at (81,0) size 0x16
                    RenderInline {O:P} at (81,0) size 0x16
                RenderBlock {P} at (8,46) size 155x17
                  RenderText {#text} at (0,0) size 75x16
                    text run at (0,0) width 75: "Rick Klement"
                  RenderInline {SPAN} at (74,0) size 0x16
                    RenderInline {O:P} at (74,0) size 0x16
                RenderBlock {P} at (8,62) size 155x16
                  RenderText {#text} at (0,0) size 82x16
                    text run at (0,0) width 82: "Mark Glanville"
                  RenderInline {SPAN} at (81,0) size 0x16
                    RenderInline {O:P} at (81,0) size 0x16
                RenderBlock {P} at (8,77) size 155x16
                  RenderText {#text} at (0,0) size 88x16
                    text run at (0,0) width 88: "Michael Chansu"
                RenderBlock {P} at (8,92) size 155x17
                  RenderText {#text} at (0,0) size 68x16
                    text run at (0,0) width 68: "Harold Todd"
                RenderBlock {P} at (8,108) size 155x16
                  RenderInline {FONT} at (0,0) size 54x15
                    RenderText {#text} at (0,0) size 54x15
                      text run at (0,0) width 54: "Don Coon"
                RenderBlock {P} at (8,123) size 155x16
                  RenderText {#text} at (0,0) size 55x16
                    text run at (0,0) width 55: "John Paye"
                RenderBlock {P} at (8,138) size 155x16
                  RenderText {#text} at (0,0) size 66x16
                    text run at (0,0) width 66: "David Allen"
                RenderBlock {P} at (8,153) size 155x17
                  RenderText {#text} at (0,0) size 107x16
                    text run at (0,0) width 107: "Raymund Leonardo"
                  RenderInline {SPAN} at (106,0) size 0x16
                    RenderInline {O:P} at (106,0) size 0x16
              RenderTableCell {TD} at (268,3244) size 99x170 [border: (1px none #808080) none (1px none #808080)] [r=46 c=2 rs=1 cs=1]
                RenderBlock {P} at (8,1) size 84x16
                  RenderText {#text} at (32,0) size 20x16
                    text run at (32,0) width 20: "Yes"
                  RenderInline {SPAN} at (51,0) size 0x16
                    RenderInline {O:P} at (51,0) size 0x16
                RenderBlock {P} at (8,16) size 84x16
                  RenderText {#text} at (32,0) size 20x16
                    text run at (32,0) width 20: "Yes"
                  RenderInline {SPAN} at (51,0) size 0x16
                    RenderInline {O:P} at (51,0) size 0x16
                RenderBlock {P} at (8,31) size 84x16
                  RenderText {#text} at (32,0) size 20x16
                    text run at (32,0) width 20: "Yes"
                  RenderInline {SPAN} at (51,0) size 0x16
                    RenderInline {O:P} at (51,0) size 0x16
                RenderBlock {P} at (8,46) size 84x17
                  RenderText {#text} at (32,0) size 20x16
                    text run at (32,0) width 20: "Yes"
                  RenderInline {SPAN} at (51,0) size 0x16
                    RenderInline {O:P} at (51,0) size 0x16
                RenderBlock {P} at (8,62) size 84x16
                  RenderText {#text} at (32,0) size 20x16
                    text run at (32,0) width 20: "Yes"
                  RenderInline {SPAN} at (51,0) size 0x16
                    RenderInline {O:P} at (51,0) size 0x16
                RenderBlock {P} at (8,77) size 84x16
                  RenderText {#text} at (32,0) size 20x16
                    text run at (32,0) width 20: "Yes"
                RenderBlock {P} at (8,92) size 84x17
                  RenderText {#text} at (40,0) size 4x16
                    text run at (40,0) width 4: " "
                RenderBlock {P} at (8,108) size 84x16
                  RenderText {#text} at (40,0) size 4x16
                    text run at (40,0) width 4: " "
                RenderBlock {P} at (8,123) size 84x16
                  RenderText {#text} at (40,0) size 4x16
                    text run at (40,0) width 4: " "
                RenderBlock {P} at (8,138) size 84x17
                  RenderText {#text} at (40,0) size 4x16
                    text run at (40,0) width 4: " "
                RenderBlock {P} at (8,154) size 84x16
                  RenderText {#text} at (33,0) size 17x16
                    text run at (33,0) width 17: "No"
                  RenderInline {SPAN} at (49,0) size 0x16
                    RenderInline {O:P} at (49,0) size 0x16
              RenderTableCell {TD} at (366,3244) size 107x170 [border: (1px none #808080) none (1px none #808080)] [r=46 c=3 rs=1 cs=1]
                RenderBlock {P} at (8,1) size 90x16
                  RenderText {#text} at (36,0) size 17x16
                    text run at (36,0) width 17: "No"
                  RenderInline {SPAN} at (52,0) size 0x16
                    RenderInline {O:P} at (52,0) size 0x16
                RenderBlock {P} at (8,16) size 90x16
                  RenderText {#text} at (36,0) size 17x16
                    text run at (36,0) width 17: "No"
                  RenderInline {SPAN} at (52,0) size 0x16
                    RenderInline {O:P} at (52,0) size 0x16
                RenderBlock {P} at (8,31) size 90x16
                  RenderText {#text} at (36,0) size 17x16
                    text run at (36,0) width 17: "No"
                  RenderInline {SPAN} at (52,0) size 0x16
                    RenderInline {O:P} at (52,0) size 0x16
                RenderBlock {P} at (8,46) size 90x17
                  RenderText {#text} at (35,0) size 20x16
                    text run at (35,0) width 20: "Yes"
                  RenderInline {SPAN} at (54,0) size 0x16
                    RenderInline {O:P} at (54,0) size 0x16
                RenderBlock {P} at (8,62) size 90x16
                  RenderText {#text} at (36,0) size 17x16
                    text run at (36,0) width 17: "No"
                  RenderInline {SPAN} at (52,0) size 0x16
                    RenderInline {O:P} at (52,0) size 0x16
                RenderBlock {P} at (8,77) size 90x16
                  RenderText {#text} at (36,0) size 17x16
                    text run at (36,0) width 17: "No"
                RenderBlock {P} at (8,92) size 90x17
                  RenderText {#text} at (43,0) size 4x16
                    text run at (43,0) width 4: " "
                RenderBlock {P} at (8,108) size 90x16
                  RenderText {#text} at (43,0) size 4x16
                    text run at (43,0) width 4: " "
                RenderBlock {P} at (8,123) size 90x16
                  RenderText {#text} at (43,0) size 4x16
                    text run at (43,0) width 4: " "
                RenderBlock {P} at (8,138) size 90x17
                  RenderText {#text} at (43,0) size 4x16
                    text run at (43,0) width 4: " "
                RenderBlock {P} at (8,154) size 90x16
                  RenderText {#text} at (35,0) size 20x16
                    text run at (35,0) width 20: "Yes"
                  RenderInline {SPAN} at (54,0) size 0x16
                    RenderInline {O:P} at (54,0) size 0x16
            RenderTableRow {TR} at (0,3413) size 472x140
              RenderTableCell {TD} at (0,3413) size 99x18 [border: (1px none #808080) none] [r=47 c=0 rs=1 cs=1]
                RenderBlock {P} at (8,1) size 84x16
                  RenderText {#text} at (34,0) size 15x16
                    text run at (34,0) width 15: "48"
                  RenderInline {SPAN} at (48,0) size 0x16
                    RenderInline {O:P} at (48,0) size 0x16
              RenderTableCell {TD} at (98,3413) size 171x140 [border: (1px none #808080) none (1px none #808080)] [r=47 c=1 rs=1 cs=1]
                RenderBlock {P} at (8,1) size 155x16
                  RenderText {#text} at (0,0) size 82x16
                    text run at (0,0) width 82: "Mark Glanville"
                  RenderInline {SPAN} at (81,0) size 0x16
                    RenderInline {O:P} at (81,0) size 0x16
                RenderBlock {P} at (8,16) size 155x16
                  RenderText {#text} at (0,0) size 94x16
                    text run at (0,0) width 94: "Ian + Brad Carter"
                RenderBlock {P} at (8,31) size 155x16
                  RenderText {#text} at (0,0) size 82x16
                    text run at (0,0) width 82: "Stefan Kiritzov"
                RenderBlock {P} at (8,46) size 155x17
                  RenderText {#text} at (0,0) size 59x16
                    text run at (0,0) width 59: "Joe Araujo"
                RenderBlock {P} at (8,62) size 155x16
                  RenderText {#text} at (0,0) size 68x16
                    text run at (0,0) width 68: "Harold Todd"
                RenderBlock {P} at (8,77) size 155x16
                  RenderText {#text} at (0,0) size 71x16
                    text run at (0,0) width 71: "Steve Gilbert"
                RenderBlock {P} at (8,92) size 155x17
                  RenderText {#text} at (0,0) size 56x16
                    text run at (0,0) width 56: "Mark Diel"
                RenderBlock {P} at (8,108) size 155x16
                  RenderText {#text} at (0,0) size 89x16
                    text run at (0,0) width 89: "Jack Goodfriend"
                RenderBlock {P} at (8,123) size 155x16
                  RenderText {#text} at (0,0) size 93x16
                    text run at (0,0) width 93: "Ruenjoe (Joe) Lu"
                  RenderInline {SPAN} at (92,0) size 0x16
                    RenderInline {O:P} at (92,0) size 0x16
              RenderTableCell {TD} at (268,3413) size 99x94 [border: (1px none #808080) none (1px none #808080)] [r=47 c=2 rs=1 cs=1]
                RenderBlock {P} at (8,1) size 84x16
                  RenderText {#text} at (32,0) size 20x16
                    text run at (32,0) width 20: "Yes"
                  RenderInline {SPAN} at (51,0) size 0x16
                    RenderInline {O:P} at (51,0) size 0x16
                RenderBlock {P} at (8,16) size 84x16
                  RenderText {#text} at (32,0) size 20x16
                    text run at (32,0) width 20: "Yes"
                RenderBlock {P} at (8,31) size 84x16
                  RenderText {#text} at (32,0) size 20x16
                    text run at (32,0) width 20: "Yes"
                RenderBlock {P} at (8,46) size 84x17
                  RenderText {#text} at (40,0) size 4x16
                    text run at (40,0) width 4: " "
                RenderBlock {P} at (8,62) size 84x16
                  RenderText {#text} at (40,0) size 4x16
                    text run at (40,0) width 4: " "
                RenderBlock {P} at (8,77) size 84x16
                  RenderText {#text} at (32,0) size 20x16
                    text run at (32,0) width 20: "Yes"
                  RenderInline {SPAN} at (51,0) size 0x16
                    RenderInline {O:P} at (51,0) size 0x16
              RenderTableCell {TD} at (366,3413) size 107x94 [border: (1px none #808080) none (1px none #808080)] [r=47 c=3 rs=1 cs=1]
                RenderBlock {P} at (8,1) size 90x16
                  RenderText {#text} at (36,0) size 17x16
                    text run at (36,0) width 17: "No"
                  RenderInline {SPAN} at (52,0) size 0x16
                    RenderInline {O:P} at (52,0) size 0x16
                RenderBlock {P} at (8,16) size 90x16
                  RenderText {#text} at (36,0) size 17x16
                    text run at (36,0) width 17: "No"
                RenderBlock {P} at (8,31) size 90x16
                  RenderText {#text} at (35,0) size 20x16
                    text run at (35,0) width 20: "Yes"
                RenderBlock {P} at (8,46) size 90x17
                  RenderText {#text} at (43,0) size 4x16
                    text run at (43,0) width 4: " "
                RenderBlock {P} at (8,62) size 90x16
                  RenderText {#text} at (43,0) size 4x16
                    text run at (43,0) width 4: " "
                RenderBlock {P} at (8,77) size 90x16
                  RenderText {#text} at (36,0) size 17x16
                    text run at (36,0) width 17: "No"
                  RenderInline {SPAN} at (52,0) size 0x16
                    RenderInline {O:P} at (52,0) size 0x16
            RenderTableRow {TR} at (0,3552) size 472x64
              RenderTableCell {TD} at (0,3552) size 99x18 [border: (1px none #808080) none] [r=48 c=0 rs=1 cs=1]
                RenderBlock {P} at (8,1) size 84x16
                  RenderText {#text} at (34,0) size 15x16
                    text run at (34,0) width 15: "49"
                  RenderInline {SPAN} at (48,0) size 0x16
                    RenderInline {O:P} at (48,0) size 0x16
              RenderTableCell {TD} at (98,3552) size 171x64 [border: (1px none #808080) none (1px none #808080)] [r=48 c=1 rs=1 cs=1]
                RenderBlock {P} at (8,1) size 155x16
                  RenderText {#text} at (0,0) size 69x16
                    text run at (0,0) width 69: "Ali Erdengiz"
                RenderBlock {P} at (8,16) size 155x16
                  RenderText {#text} at (0,0) size 66x16
                    text run at (0,0) width 66: "David Allen"
                RenderBlock {P} at (8,31) size 155x16
                  RenderInline {SPAN} at (0,0) size 74x16
                    RenderInline {O:P} at (0,0) size 0x16
                    RenderText {#text} at (0,0) size 74x16
                      text run at (0,0) width 74: "Narayen Raju"
                RenderBlock {P} at (8,46) size 155x17
                  RenderInline {SPAN} at (0,0) size 85x16
                    RenderText {#text} at (0,0) size 85x16
                      text run at (0,0) width 33: "Jason "
                      text run at (32,0) width 53: "Anderson"
              RenderTableCell {TD} at (268,3552) size 99x64 [border: (1px none #808080) none (1px none #808080)] [r=48 c=2 rs=1 cs=1]
                RenderBlock {P} at (8,1) size 84x16
                  RenderText {#text} at (40,0) size 4x16
                    text run at (40,0) width 4: " "
                RenderBlock {P} at (8,16) size 84x16
                  RenderText {#text} at (40,0) size 4x16
                    text run at (40,0) width 4: " "
                RenderBlock {P} at (8,31) size 84x16
                  RenderText {#text} at (40,0) size 4x16
                    text run at (40,0) width 4: " "
                RenderBlock {P} at (8,46) size 84x17
                  RenderText {#text} at (32,0) size 20x16
                    text run at (32,0) width 20: "Yes"
                  RenderInline {SPAN} at (51,0) size 0x16
                    RenderInline {O:P} at (51,0) size 0x16
              RenderTableCell {TD} at (366,3552) size 107x64 [border: (1px none #808080) none (1px none #808080)] [r=48 c=3 rs=1 cs=1]
                RenderBlock {P} at (8,1) size 90x16
                  RenderText {#text} at (43,0) size 4x16
                    text run at (43,0) width 4: " "
                RenderBlock {P} at (8,16) size 90x16
                  RenderText {#text} at (43,0) size 4x16
                    text run at (43,0) width 4: " "
                RenderBlock {P} at (8,31) size 90x16
                  RenderText {#text} at (43,0) size 4x16
                    text run at (43,0) width 4: " "
                RenderBlock {P} at (8,46) size 90x17
                  RenderText {#text} at (36,0) size 17x16
                    text run at (36,0) width 17: "No"
                  RenderInline {SPAN} at (52,0) size 0x16
                    RenderInline {O:P} at (52,0) size 0x16
            RenderTableRow {TR} at (0,3615) size 472x139
              RenderTableCell {TD} at (0,3615) size 99x17 [border: (1px none #808080) none] [r=49 c=0 rs=1 cs=1]
                RenderBlock {P} at (8,1) size 84x16
                  RenderText {#text} at (34,0) size 15x16
                    text run at (34,0) width 15: "50"
                  RenderInline {SPAN} at (48,0) size 0x16
                    RenderInline {O:P} at (48,0) size 0x16
              RenderTableCell {TD} at (98,3615) size 171x139 [border: (1px none #808080) none (1px none #808080)] [r=49 c=1 rs=1 cs=1]
                RenderBlock {P} at (8,1) size 155x16
                  RenderText {#text} at (0,0) size 51x16
                    text run at (0,0) width 51: "Zak West"
                  RenderInline {SPAN} at (50,0) size 0x16
                    RenderInline {O:P} at (50,0) size 0x16
                RenderBlock {P} at (8,16) size 155x16
                  RenderText {#text} at (0,0) size 75x16
                    text run at (0,0) width 75: "Rick Klement"
                  RenderInline {SPAN} at (74,0) size 0x16
                    RenderInline {O:P} at (74,0) size 0x16
                RenderBlock {P} at (8,31) size 155x16
                  RenderText {#text} at (0,0) size 59x16
                    text run at (0,0) width 59: "Jim Bernal"
                RenderBlock {P} at (8,46) size 155x17
                  RenderText {#text} at (0,0) size 88x16
                    text run at (0,0) width 88: "Alan Littlewood"
                RenderBlock {P} at (8,62) size 155x16
                  RenderText {#text} at (0,0) size 62x16
                    text run at (0,0) width 62: "Jerry Davis"
                RenderBlock {P} at (8,77) size 155x16
                  RenderText {#text} at (0,0) size 85x16
                    text run at (0,0) width 85: "Lauren Bussard"
                RenderBlock {P} at (8,92) size 155x17
                  RenderText {#text} at (0,0) size 83x16
                    text run at (0,0) width 83: "John Yearwood"
                RenderBlock {P} at (8,108) size 155x16
                  RenderText {#text} at (0,0) size 74x16
                    text run at (0,0) width 74: "Narayan Raju"
                RenderBlock {P} at (8,123) size 155x16
                  RenderText {#text} at (0,0) size 67x16
                    text run at (0,0) width 67: "Ken Manuel"
                  RenderInline {SPAN} at (66,0) size 0x16
                    RenderInline {O:P} at (66,0) size 0x16
              RenderTableCell {TD} at (268,3615) size 99x109 [border: (1px none #808080) none (1px none #808080)] [r=49 c=2 rs=1 cs=1]
                RenderBlock {P} at (8,1) size 84x16
                  RenderText {#text} at (32,0) size 20x16
                    text run at (32,0) width 20: "Yes"
                  RenderInline {SPAN} at (51,0) size 0x16
                    RenderInline {O:P} at (51,0) size 0x16
                RenderBlock {P} at (8,16) size 84x16
                  RenderText {#text} at (32,0) size 20x16
                    text run at (32,0) width 20: "Yes"
                  RenderInline {SPAN} at (51,0) size 0x16
                    RenderInline {O:P} at (51,0) size 0x16
                RenderBlock {P} at (8,31) size 84x16
                  RenderText {#text} at (32,0) size 20x16
                    text run at (32,0) width 20: "Yes"
                RenderBlock {P} at (8,46) size 84x17
                  RenderText {#text} at (32,0) size 20x16
                    text run at (32,0) width 20: "Yes"
                RenderBlock {P} at (8,62) size 84x16
                  RenderText {#text} at (32,0) size 20x16
                    text run at (32,0) width 20: "Yes"
                RenderBlock {P} at (8,77) size 84x16
                  RenderText {#text} at (40,0) size 4x16
                    text run at (40,0) width 4: " "
                RenderBlock {P} at (8,92) size 84x17
                  RenderText {#text} at (32,0) size 20x16
                    text run at (32,0) width 20: "Yes"
                  RenderInline {SPAN} at (51,0) size 0x16
                    RenderInline {O:P} at (51,0) size 0x16
              RenderTableCell {TD} at (366,3615) size 107x109 [border: (1px none #808080) none (1px none #808080)] [r=49 c=3 rs=1 cs=1]
                RenderBlock {P} at (8,1) size 90x16
                  RenderText {#text} at (35,0) size 20x16
                    text run at (35,0) width 20: "Yes"
                  RenderInline {SPAN} at (54,0) size 0x16
                    RenderInline {O:P} at (54,0) size 0x16
                RenderBlock {P} at (8,16) size 90x16
                  RenderText {#text} at (35,0) size 20x16
                    text run at (35,0) width 20: "Yes"
                  RenderInline {SPAN} at (54,0) size 0x16
                    RenderInline {O:P} at (54,0) size 0x16
                RenderBlock {P} at (8,31) size 90x16
                  RenderText {#text} at (36,0) size 17x16
                    text run at (36,0) width 17: "No"
                RenderBlock {P} at (8,46) size 90x17
                  RenderText {#text} at (36,0) size 17x16
                    text run at (36,0) width 17: "No"
                RenderBlock {P} at (8,62) size 90x16
                  RenderText {#text} at (35,0) size 20x16
                    text run at (35,0) width 20: "Yes"
                RenderBlock {P} at (8,77) size 90x16
                  RenderText {#text} at (43,0) size 4x16
                    text run at (43,0) width 4: " "
                RenderBlock {P} at (8,92) size 90x17
                  RenderText {#text} at (36,0) size 17x16
                    text run at (36,0) width 17: "No"
                  RenderInline {SPAN} at (52,0) size 0x16
                    RenderInline {O:P} at (52,0) size 0x16
            RenderTableRow {TR} at (0,3754) size 472x47
              RenderTableCell {TD} at (0,3754) size 99x17 [border: (1px none #808080) none] [r=50 c=0 rs=1 cs=1]
                RenderBlock {P} at (8,1) size 84x16
                  RenderText {#text} at (34,0) size 15x16
                    text run at (34,0) width 15: "51"
                  RenderInline {SPAN} at (48,0) size 0x16
                    RenderInline {O:P} at (48,0) size 0x16
              RenderTableCell {TD} at (98,3754) size 171x47 [border: (1px none #808080) none (1px none #808080)] [r=50 c=1 rs=1 cs=1]
                RenderBlock {P} at (8,1) size 155x16
                  RenderText {#text} at (0,0) size 79x16
                    text run at (0,0) width 79: "Robert Barnett"
                RenderBlock {P} at (8,16) size 155x16
                  RenderText {#text} at (0,0) size 73x16
                    text run at (0,0) width 73: "Jim Mahoney"
                RenderBlock {P} at (8,31) size 155x16
                  RenderText {#text} at (0,0) size 85x16
                    text run at (0,0) width 85: "Jason Anderson"
                  RenderInline {SPAN} at (84,0) size 0x16
                    RenderInline {O:P} at (84,0) size 0x16
              RenderTableCell {TD} at (268,3754) size 99x47 [border: (1px none #808080) none (1px none #808080)] [r=50 c=2 rs=1 cs=1]
                RenderBlock {P} at (8,1) size 84x16
                  RenderText {#text} at (32,0) size 20x16
                    text run at (32,0) width 20: "Yes"
                RenderBlock {P} at (8,16) size 84x16
                  RenderText {#text} at (32,0) size 20x16
                    text run at (32,0) width 20: "Yes"
                RenderBlock {P} at (8,31) size 84x16
                  RenderText {#text} at (32,0) size 20x16
                    text run at (32,0) width 20: "Yes"
                  RenderInline {SPAN} at (51,0) size 0x16
                    RenderInline {O:P} at (51,0) size 0x16
              RenderTableCell {TD} at (366,3754) size 107x47 [border: (1px none #808080) none (1px none #808080)] [r=50 c=3 rs=1 cs=1]
                RenderBlock {P} at (8,1) size 90x16
                  RenderInline {SPAN} at (36,0) size 17x16
                    RenderText {#text} at (36,0) size 17x16
                      text run at (36,0) width 17: "No"
                    RenderInline {O:P} at (52,0) size 0x16
                RenderBlock {P} at (8,16) size 90x16
                  RenderInline {SPAN} at (35,0) size 20x16
                    RenderText {#text} at (35,0) size 20x16
                      text run at (35,0) width 20: "Yes"
                RenderBlock {P} at (8,31) size 90x16
                  RenderInline {SPAN} at (36,0) size 17x16
                    RenderText {#text} at (36,0) size 17x16
                      text run at (36,0) width 17: "No"
                  RenderInline {SPAN} at (52,0) size 0x16
                    RenderInline {O:P} at (52,0) size 0x16
            RenderTableRow {TR} at (0,3800) size 472x79
              RenderTableCell {TD} at (0,3800) size 99x18 [border: (1px none #808080) none] [r=51 c=0 rs=1 cs=1]
                RenderBlock {P} at (8,1) size 84x16
                  RenderText {#text} at (34,0) size 15x16
                    text run at (34,0) width 15: "52"
                  RenderInline {SPAN} at (48,0) size 0x16
                    RenderInline {O:P} at (48,0) size 0x16
              RenderTableCell {TD} at (98,3800) size 171x79 [border: (1px none #808080) none (1px none #808080)] [r=51 c=1 rs=1 cs=1]
                RenderBlock {P} at (8,1) size 155x16
                  RenderText {#text} at (0,0) size 58x16
                    text run at (0,0) width 58: "Mike West"
                  RenderInline {SPAN} at (57,0) size 0x16
                    RenderInline {O:P} at (57,0) size 0x16
                RenderBlock {P} at (8,16) size 155x16
                  RenderText {#text} at (0,0) size 82x16
                    text run at (0,0) width 82: "Robert Frogner"
                RenderBlock {P} at (8,31) size 155x16
                  RenderText {#text} at (0,0) size 90x16
                    text run at (0,0) width 90: "Chris McDowell"
                RenderBlock {P} at (8,46) size 155x17
                  RenderText {#text} at (0,0) size 55x16
                    text run at (0,0) width 55: "Ed Cypret"
                RenderBlock {P} at (8,62) size 155x16
                  RenderText {#text} at (0,0) size 68x16
                    text run at (0,0) width 68: "Dale Barnett"
                  RenderInline {SPAN} at (67,0) size 0x16
                    RenderInline {O:P} at (67,0) size 0x16
              RenderTableCell {TD} at (268,3800) size 99x79 [border: (1px none #808080) none (1px none #808080)] [r=51 c=2 rs=1 cs=1]
                RenderBlock {P} at (8,1) size 84x16
                  RenderText {#text} at (32,0) size 20x16
                    text run at (32,0) width 20: "Yes"
                  RenderInline {SPAN} at (51,0) size 0x16
                    RenderInline {O:P} at (51,0) size 0x16
                RenderBlock {P} at (8,16) size 84x16
                  RenderText {#text} at (32,0) size 20x16
                    text run at (32,0) width 20: "Yes"
                RenderBlock {P} at (8,31) size 84x16
                  RenderText {#text} at (32,0) size 20x16
                    text run at (32,0) width 20: "Yes"
                RenderBlock {P} at (8,46) size 84x17
                  RenderText {#text} at (40,0) size 4x16
                    text run at (40,0) width 4: " "
                RenderBlock {P} at (8,62) size 84x16
                  RenderText {#text} at (32,0) size 20x16
                    text run at (32,0) width 20: "Yes"
                  RenderInline {SPAN} at (51,0) size 0x16
                    RenderInline {O:P} at (51,0) size 0x16
              RenderTableCell {TD} at (366,3800) size 107x79 [border: (1px none #808080) none (1px none #808080)] [r=51 c=3 rs=1 cs=1]
                RenderBlock {P} at (8,1) size 90x16
                  RenderText {#text} at (35,0) size 20x16
                    text run at (35,0) width 20: "Yes"
                  RenderInline {SPAN} at (54,0) size 0x16
                    RenderInline {O:P} at (54,0) size 0x16
                RenderBlock {P} at (8,16) size 90x16
                  RenderText {#text} at (36,0) size 17x16
                    text run at (36,0) width 17: "No"
                RenderBlock {P} at (8,31) size 90x16
                  RenderText {#text} at (36,0) size 17x16
                    text run at (36,0) width 17: "No"
                RenderBlock {P} at (8,46) size 90x17
                  RenderText {#text} at (43,0) size 4x16
                    text run at (43,0) width 4: " "
                RenderBlock {P} at (8,62) size 90x16
                  RenderText {#text} at (36,0) size 17x16
                    text run at (36,0) width 17: "No"
                  RenderInline {SPAN} at (52,0) size 0x16
                    RenderInline {O:P} at (52,0) size 0x16
            RenderTableRow {TR} at (0,3878) size 472x79
              RenderTableCell {TD} at (0,3878) size 99x17 [border: (1px none #808080) none] [r=52 c=0 rs=1 cs=1]
                RenderBlock {P} at (8,1) size 84x16
                  RenderText {#text} at (34,0) size 15x16
                    text run at (34,0) width 15: "53"
                  RenderInline {SPAN} at (48,0) size 0x16
                    RenderInline {O:P} at (48,0) size 0x16
              RenderTableCell {TD} at (98,3878) size 171x79 [border: (1px none #808080) none (1px none #808080)] [r=52 c=1 rs=1 cs=1]
                RenderBlock {P} at (8,1) size 155x16
                  RenderText {#text} at (0,0) size 82x16
                    text run at (0,0) width 82: "Alberto Lanzas"
                  RenderInline {SPAN} at (81,0) size 0x16
                    RenderInline {O:P} at (81,0) size 0x16
                RenderBlock {P} at (8,16) size 155x16
                  RenderText {#text} at (0,0) size 68x16
                    text run at (0,0) width 68: "Bill Johnson"
                RenderBlock {P} at (8,31) size 155x16
                  RenderText {#text} at (0,0) size 43x16
                    text run at (0,0) width 43: "Al Wert"
                RenderBlock {P} at (8,46) size 155x17
                  RenderText {#text} at (0,0) size 68x16
                    text run at (0,0) width 68: "Dale Barnett"
                RenderBlock {P} at (8,62) size 155x16
                  RenderText {#text} at (0,0) size 102x16
                    text run at (0,0) width 102: "Ramin Khoshnevis"
                  RenderInline {SPAN} at (101,0) size 0x16
                    RenderInline {O:P} at (101,0) size 0x16
              RenderTableCell {TD} at (268,3878) size 99x79 [border: (1px none #808080) none (1px none #808080)] [r=52 c=2 rs=1 cs=1]
                RenderBlock {P} at (8,1) size 84x16
                  RenderText {#text} at (32,0) size 20x16
                    text run at (32,0) width 20: "Yes"
                  RenderInline {SPAN} at (51,0) size 0x16
                    RenderInline {O:P} at (51,0) size 0x16
                RenderBlock {P} at (8,16) size 84x16
                  RenderText {#text} at (32,0) size 20x16
                    text run at (32,0) width 20: "Yes"
                RenderBlock {P} at (8,31) size 84x16
                  RenderText {#text} at (33,0) size 17x16
                    text run at (33,0) width 17: "No"
                RenderBlock {P} at (8,46) size 84x17
                  RenderText {#text} at (32,0) size 20x16
                    text run at (32,0) width 20: "Yes"
                RenderBlock {P} at (8,62) size 84x16
                  RenderText {#text} at (32,0) size 20x16
                    text run at (32,0) width 20: "Yes"
                  RenderInline {SPAN} at (51,0) size 0x16
                    RenderInline {O:P} at (51,0) size 0x16
              RenderTableCell {TD} at (366,3878) size 107x79 [border: (1px none #808080) none (1px none #808080)] [r=52 c=3 rs=1 cs=1]
                RenderBlock {P} at (8,1) size 90x16
                  RenderText {#text} at (35,0) size 20x16
                    text run at (35,0) width 20: "Yes"
                  RenderInline {SPAN} at (54,0) size 0x16
                    RenderInline {O:P} at (54,0) size 0x16
                RenderBlock {P} at (8,16) size 90x16
                  RenderText {#text} at (36,0) size 17x16
                    text run at (36,0) width 17: "No"
                RenderBlock {P} at (8,31) size 90x16
                  RenderText {#text} at (35,0) size 20x16
                    text run at (35,0) width 20: "Yes"
                RenderBlock {P} at (8,46) size 90x17
                  RenderText {#text} at (36,0) size 17x16
                    text run at (36,0) width 17: "No"
                RenderBlock {P} at (8,62) size 90x16
                  RenderText {#text} at (36,0) size 17x16
                    text run at (36,0) width 17: "No"
                  RenderInline {SPAN} at (52,0) size 0x16
                    RenderInline {O:P} at (52,0) size 0x16
            RenderTableRow {TR} at (0,3956) size 472x109
              RenderTableCell {TD} at (0,3956) size 99x17 [border: (1px none #808080) none] [r=53 c=0 rs=1 cs=1]
                RenderBlock {P} at (8,1) size 84x16
                  RenderText {#text} at (34,0) size 15x16
                    text run at (34,0) width 15: "54"
                  RenderInline {SPAN} at (48,0) size 0x16
                    RenderInline {O:P} at (48,0) size 0x16
              RenderTableCell {TD} at (98,3956) size 171x109 [border: (1px none #808080) none (1px none #808080)] [r=53 c=1 rs=1 cs=1]
                RenderBlock {P} at (8,1) size 155x16
                  RenderText {#text} at (0,0) size 76x16
                    text run at (0,0) width 76: "Gene Langley"
                RenderBlock {P} at (8,16) size 155x16
                  RenderText {#text} at (0,0) size 68x16
                    text run at (0,0) width 68: "Bill Johnson"
                RenderBlock {P} at (8,31) size 155x16
                  RenderText {#text} at (0,0) size 56x16
                    text run at (0,0) width 56: "Mark Diel"
                RenderBlock {P} at (8,46) size 155x17
                  RenderText {#text} at (0,0) size 62x16
                    text run at (0,0) width 62: "Jerry Davis"
                RenderBlock {P} at (8,62) size 155x16
                  RenderText {#text} at (0,0) size 57x16
                    text run at (0,0) width 57: "Peter Starr"
                RenderBlock {P} at (8,77) size 155x16
                  RenderText {#text} at (0,0) size 83x16
                    text run at (0,0) width 83: "John Yearwood"
                RenderBlock {P} at (8,92) size 155x17
                  RenderText {#text} at (0,0) size 63x16
                    text run at (0,0) width 63: "Scott Hersh"
                  RenderInline {SPAN} at (62,0) size 0x16
                    RenderInline {O:P} at (62,0) size 0x16
              RenderTableCell {TD} at (268,3956) size 99x109 [border: (1px none #808080) none (1px none #808080)] [r=53 c=2 rs=1 cs=1]
                RenderBlock {P} at (8,1) size 84x16
                  RenderText {#text} at (32,0) size 20x16
                    text run at (32,0) width 20: "Yes"
                RenderBlock {P} at (8,16) size 84x16
                  RenderText {#text} at (32,0) size 20x16
                    text run at (32,0) width 20: "Yes"
                RenderBlock {P} at (8,31) size 84x16
                  RenderText {#text} at (40,0) size 4x16
                    text run at (40,0) width 4: " "
                RenderBlock {P} at (8,46) size 84x17
                  RenderText {#text} at (32,0) size 20x16
                    text run at (32,0) width 20: "Yes"
                RenderBlock {P} at (8,62) size 84x16
                  RenderText {#text} at (40,0) size 4x16
                    text run at (40,0) width 4: " "
                RenderBlock {P} at (8,77) size 84x16
                  RenderText {#text} at (32,0) size 20x16
                    text run at (32,0) width 20: "Yes"
                RenderBlock {P} at (8,92) size 84x17
                  RenderText {#text} at (32,0) size 20x16
                    text run at (32,0) width 20: "Yes"
                  RenderInline {SPAN} at (51,0) size 0x16
                    RenderInline {O:P} at (51,0) size 0x16
              RenderTableCell {TD} at (366,3956) size 107x109 [border: (1px none #808080) none (1px none #808080)] [r=53 c=3 rs=1 cs=1]
                RenderBlock {P} at (8,1) size 90x16
                  RenderText {#text} at (5,0) size 79x16
                    text run at (5,0) width 79: "Gyro wannabe"
                RenderBlock {P} at (8,16) size 90x16
                  RenderText {#text} at (36,0) size 17x16
                    text run at (36,0) width 17: "No"
                RenderBlock {P} at (8,31) size 90x16
                  RenderText {#text} at (43,0) size 4x16
                    text run at (43,0) width 4: " "
                RenderBlock {P} at (8,46) size 90x17
                  RenderText {#text} at (36,0) size 17x16
                    text run at (36,0) width 17: "No"
                RenderBlock {P} at (8,62) size 90x16
                  RenderText {#text} at (43,0) size 4x16
                    text run at (43,0) width 4: " "
                RenderBlock {P} at (8,77) size 90x16
                  RenderText {#text} at (36,0) size 17x16
                    text run at (36,0) width 17: "No"
                RenderBlock {P} at (8,92) size 90x17
                  RenderText {#text} at (36,0) size 17x16
                    text run at (36,0) width 17: "No"
                  RenderInline {SPAN} at (52,0) size 0x16
                    RenderInline {O:P} at (52,0) size 0x16
            RenderTableRow {TR} at (0,4064) size 472x48
              RenderTableCell {TD} at (0,4064) size 99x17 [border: (1px none #808080) none] [r=54 c=0 rs=1 cs=1]
                RenderBlock {P} at (8,1) size 84x16
                  RenderText {#text} at (34,0) size 15x16
                    text run at (34,0) width 15: "55"
                  RenderInline {SPAN} at (48,0) size 0x16
                    RenderInline {O:P} at (48,0) size 0x16
              RenderTableCell {TD} at (98,4064) size 171x48 [border: (1px none #808080) none (1px none #808080)] [r=54 c=1 rs=1 cs=1]
                RenderBlock {P} at (8,1) size 155x16
                  RenderText {#text} at (0,0) size 82x16
                    text run at (0,0) width 82: "Alberto Lanzas"
                  RenderInline {SPAN} at (81,0) size 0x16
                    RenderInline {O:P} at (81,0) size 0x16
                RenderBlock {P} at (8,16) size 155x16
                  RenderText {#text} at (0,0) size 59x16
                    text run at (0,0) width 59: "Bob Roger"
                RenderBlock {P} at (8,31) size 155x16
                  RenderText {#text} at (0,0) size 76x16
                    text run at (0,0) width 76: "Randy StClair"
                  RenderInline {SPAN} at (75,0) size 0x16
                    RenderInline {O:P} at (75,0) size 0x16
              RenderTableCell {TD} at (268,4064) size 99x48 [border: (1px none #808080) none (1px none #808080)] [r=54 c=2 rs=1 cs=1]
                RenderBlock {P} at (8,1) size 84x16
                  RenderText {#text} at (32,0) size 20x16
                    text run at (32,0) width 20: "Yes"
                  RenderInline {SPAN} at (51,0) size 0x16
                    RenderInline {O:P} at (51,0) size 0x16
                RenderBlock {P} at (8,16) size 84x16
                  RenderText {#text} at (32,0) size 20x16
                    text run at (32,0) width 20: "Yes"
                RenderBlock {P} at (8,31) size 84x16
                  RenderText {#text} at (32,0) size 20x16
                    text run at (32,0) width 20: "Yes"
                  RenderInline {SPAN} at (51,0) size 0x16
                    RenderInline {O:P} at (51,0) size 0x16
              RenderTableCell {TD} at (366,4064) size 107x48 [border: (1px none #808080) none (1px none #808080)] [r=54 c=3 rs=1 cs=1]
                RenderBlock {P} at (8,1) size 90x16
                  RenderText {#text} at (35,0) size 20x16
                    text run at (35,0) width 20: "Yes"
                  RenderInline {SPAN} at (54,0) size 0x16
                    RenderInline {O:P} at (54,0) size 0x16
                RenderBlock {P} at (8,16) size 90x16
                  RenderText {#text} at (36,0) size 17x16
                    text run at (36,0) width 17: "No"
                RenderBlock {P} at (8,31) size 90x16
                  RenderText {#text} at (36,0) size 17x16
                    text run at (36,0) width 17: "No"
                  RenderInline {SPAN} at (52,0) size 0x16
                    RenderInline {O:P} at (52,0) size 0x16
            RenderTableRow {TR} at (0,4111) size 472x79
              RenderTableCell {TD} at (0,4111) size 99x17 [border: (1px none #808080) none] [r=55 c=0 rs=1 cs=1]
                RenderBlock {P} at (8,1) size 84x16
                  RenderText {#text} at (34,0) size 15x16
                    text run at (34,0) width 15: "56"
                  RenderInline {SPAN} at (48,0) size 0x16
                    RenderInline {O:P} at (48,0) size 0x16
              RenderTableCell {TD} at (98,4111) size 171x79 [border: (1px none #808080) none (1px none #808080)] [r=55 c=1 rs=1 cs=1]
                RenderBlock {P} at (8,1) size 155x16
                  RenderText {#text} at (0,0) size 82x16
                    text run at (0,0) width 82: "Mark Glanville"
                RenderBlock {P} at (8,16) size 155x16
                  RenderText {#text} at (0,0) size 71x16
                    text run at (0,0) width 71: "Steve Gilbert"
                RenderBlock {P} at (8,31) size 155x16
                  RenderText {#text} at (0,0) size 62x16
                    text run at (0,0) width 62: "Jerry Davis"
                RenderBlock {P} at (8,46) size 155x17
                  RenderText {#text} at (0,0) size 66x16
                    text run at (0,0) width 66: "Rich Saunef"
                RenderBlock {P} at (8,62) size 155x16
                  RenderText {#text} at (0,0) size 70x16
                    text run at (0,0) width 70: "Harald Close"
                  RenderInline {SPAN} at (69,0) size 0x16
                    RenderInline {O:P} at (69,0) size 0x16
              RenderTableCell {TD} at (268,4111) size 99x79 [border: (1px none #808080) none (1px none #808080)] [r=55 c=2 rs=1 cs=1]
                RenderBlock {P} at (8,1) size 84x16
                  RenderText {#text} at (32,0) size 20x16
                    text run at (32,0) width 20: "Yes"
                RenderBlock {P} at (8,16) size 84x16
                  RenderText {#text} at (32,0) size 20x16
                    text run at (32,0) width 20: "Yes"
                RenderBlock {P} at (8,31) size 84x16
                  RenderText {#text} at (32,0) size 20x16
                    text run at (32,0) width 20: "Yes"
                RenderBlock {P} at (8,46) size 84x17
                  RenderText {#text} at (32,0) size 20x16
                    text run at (32,0) width 20: "Yes"
                RenderBlock {P} at (8,62) size 84x16
                  RenderText {#text} at (32,0) size 20x16
                    text run at (32,0) width 20: "Yes"
                  RenderInline {SPAN} at (51,0) size 0x16
                    RenderInline {O:P} at (51,0) size 0x16
              RenderTableCell {TD} at (366,4111) size 107x79 [border: (1px none #808080) none (1px none #808080)] [r=55 c=3 rs=1 cs=1]
                RenderBlock {P} at (8,1) size 90x16
                  RenderText {#text} at (36,0) size 17x16
                    text run at (36,0) width 17: "No"
                RenderBlock {P} at (8,16) size 90x16
                  RenderText {#text} at (36,0) size 17x16
                    text run at (36,0) width 17: "No"
                RenderBlock {P} at (8,31) size 90x16
                  RenderText {#text} at (36,0) size 17x16
                    text run at (36,0) width 17: "No"
                RenderBlock {P} at (8,46) size 90x17
                  RenderText {#text} at (36,0) size 17x16
                    text run at (36,0) width 17: "No"
                RenderBlock {P} at (8,62) size 90x16
                  RenderText {#text} at (36,0) size 17x16
                    text run at (36,0) width 17: "No"
                  RenderInline {SPAN} at (52,0) size 0x16
                    RenderInline {O:P} at (52,0) size 0x16
            RenderTableRow {TR} at (0,4189) size 472x48
              RenderTableCell {TD} at (0,4189) size 99x17 [border: (1px none #808080) none] [r=56 c=0 rs=1 cs=1]
                RenderBlock {P} at (8,1) size 84x16
                  RenderText {#text} at (34,0) size 15x16
                    text run at (34,0) width 15: "57"
                  RenderInline {SPAN} at (48,0) size 0x16
                    RenderInline {O:P} at (48,0) size 0x16
              RenderTableCell {TD} at (98,4189) size 171x48 [border: (1px none #808080) none (1px none #808080)] [r=56 c=1 rs=1 cs=1]
                RenderBlock {P} at (8,1) size 155x16
                  RenderText {#text} at (0,0) size 59x16
                    text run at (0,0) width 59: "Bob Roger"
                RenderBlock {P} at (8,16) size 155x16
                  RenderText {#text} at (0,0) size 69x16
                    text run at (0,0) width 69: "Rich Burnett"
                RenderBlock {P} at (8,31) size 155x16
                  RenderText {#text} at (0,0) size 66x16
                    text run at (0,0) width 66: "David Dunn"
                  RenderInline {SPAN} at (65,0) size 0x16
                    RenderInline {O:P} at (65,0) size 0x16
              RenderTableCell {TD} at (268,4189) size 99x17 [border: (1px none #808080) none (1px none #808080)] [r=56 c=2 rs=1 cs=1]
                RenderBlock {P} at (8,1) size 84x16
                  RenderText {#text} at (32,0) size 20x16
                    text run at (32,0) width 20: "Yes"
                  RenderInline {SPAN} at (51,0) size 0x16
                    RenderInline {O:P} at (51,0) size 0x16
              RenderTableCell {TD} at (366,4189) size 107x17 [border: (1px none #808080) none (1px none #808080)] [r=56 c=3 rs=1 cs=1]
                RenderBlock {P} at (8,1) size 90x16
                  RenderText {#text} at (36,0) size 17x16
                    text run at (36,0) width 17: "No"
                  RenderInline {SPAN} at (52,0) size 0x16
                    RenderInline {O:P} at (52,0) size 0x16
            RenderTableRow {TR} at (0,4236) size 472x63
              RenderTableCell {TD} at (0,4236) size 99x17 [border: (1px none #808080) none] [r=57 c=0 rs=1 cs=1]
                RenderBlock {P} at (8,1) size 84x16
                  RenderText {#text} at (34,0) size 15x16
                    text run at (34,0) width 15: "58"
                  RenderInline {SPAN} at (48,0) size 0x16
                    RenderInline {O:P} at (48,0) size 0x16
              RenderTableCell {TD} at (98,4236) size 171x63 [border: (1px none #808080) none (1px none #808080)] [r=57 c=1 rs=1 cs=1]
                RenderBlock {P} at (8,1) size 155x16
                  RenderText {#text} at (0,0) size 94x16
                    text run at (0,0) width 94: "Ian + Brad Carter"
                  RenderInline {SPAN} at (93,0) size 0x16
                    RenderInline {O:P} at (93,0) size 0x16
                RenderBlock {P} at (8,16) size 155x16
                  RenderText {#text} at (0,0) size 68x16
                    text run at (0,0) width 68: "Bill Johnson"
                RenderBlock {P} at (8,31) size 155x16
                  RenderText {#text} at (0,0) size 77x16
                    text run at (0,0) width 77: "Chuck Pringle"
                RenderBlock {P} at (8,46) size 155x17
                  RenderText {#text} at (0,0) size 66x16
                    text run at (0,0) width 66: "David Dunn"
                  RenderInline {SPAN} at (65,0) size 0x16
                    RenderInline {O:P} at (65,0) size 0x16
              RenderTableCell {TD} at (268,4236) size 99x48 [border: (1px none #808080) none (1px none #808080)] [r=57 c=2 rs=1 cs=1]
                RenderBlock {P} at (8,1) size 84x16
                  RenderText {#text} at (32,0) size 20x16
                    text run at (32,0) width 20: "Yes"
                  RenderInline {SPAN} at (51,0) size 0x16
                    RenderInline {O:P} at (51,0) size 0x16
                RenderBlock {P} at (8,16) size 84x16
                  RenderText {#text} at (32,0) size 20x16
                    text run at (32,0) width 20: "Yes"
                RenderBlock {P} at (8,31) size 84x16
                  RenderText {#text} at (32,0) size 20x16
                    text run at (32,0) width 20: "Yes"
                  RenderInline {SPAN} at (51,0) size 0x16
                    RenderInline {O:P} at (51,0) size 0x16
              RenderTableCell {TD} at (366,4236) size 107x48 [border: (1px none #808080) none (1px none #808080)] [r=57 c=3 rs=1 cs=1]
                RenderBlock {P} at (8,1) size 90x16
                  RenderText {#text} at (36,0) size 17x16
                    text run at (36,0) width 17: "No"
                  RenderInline {SPAN} at (52,0) size 0x16
                    RenderInline {O:P} at (52,0) size 0x16
                RenderBlock {P} at (8,16) size 90x16
                  RenderText {#text} at (36,0) size 17x16
                    text run at (36,0) width 17: "No"
                RenderBlock {P} at (8,31) size 90x16
                  RenderText {#text} at (36,0) size 17x16
                    text run at (36,0) width 17: "No"
                  RenderInline {SPAN} at (52,0) size 0x16
                    RenderInline {O:P} at (52,0) size 0x16
            RenderTableRow {TR} at (0,4298) size 472x33
              RenderTableCell {TD} at (0,4298) size 99x17 [border: (1px none #808080) none] [r=58 c=0 rs=1 cs=1]
                RenderBlock {P} at (8,1) size 84x16
                  RenderText {#text} at (34,0) size 15x16
                    text run at (34,0) width 15: "59"
                  RenderInline {SPAN} at (48,0) size 0x16
                    RenderInline {O:P} at (48,0) size 0x16
              RenderTableCell {TD} at (98,4298) size 171x33 [border: (1px none #808080) none (1px none #808080)] [r=58 c=1 rs=1 cs=1]
                RenderBlock {P} at (8,1) size 155x16
                  RenderText {#text} at (0,0) size 59x16
                    text run at (0,0) width 59: "Bob Roger"
                RenderBlock {P} at (8,16) size 155x16
                  RenderText {#text} at (0,0) size 69x16
                    text run at (0,0) width 69: "Rich Burnett"
                  RenderInline {SPAN} at (68,0) size 0x16
                    RenderInline {O:P} at (68,0) size 0x16
              RenderTableCell {TD} at (268,4298) size 99x17 [border: (1px none #808080) none (1px none #808080)] [r=58 c=2 rs=1 cs=1]
                RenderBlock {P} at (8,1) size 84x16
                  RenderText {#text} at (32,0) size 20x16
                    text run at (32,0) width 20: "Yes"
                  RenderInline {SPAN} at (51,0) size 0x16
                    RenderInline {O:P} at (51,0) size 0x16
              RenderTableCell {TD} at (366,4298) size 107x17 [border: (1px none #808080) none (1px none #808080)] [r=58 c=3 rs=1 cs=1]
                RenderBlock {P} at (8,1) size 90x16
                  RenderText {#text} at (36,0) size 17x16
                    text run at (36,0) width 17: "No"
                  RenderInline {SPAN} at (52,0) size 0x16
                    RenderInline {O:P} at (52,0) size 0x16
            RenderTableRow {TR} at (0,4330) size 472x63
              RenderTableCell {TD} at (0,4330) size 99x17 [border: (1px none #808080) none] [r=59 c=0 rs=1 cs=1]
                RenderBlock {P} at (8,1) size 84x16
                  RenderText {#text} at (34,0) size 15x16
                    text run at (34,0) width 15: "60"
                  RenderInline {SPAN} at (48,0) size 0x16
                    RenderInline {O:P} at (48,0) size 0x16
              RenderTableCell {TD} at (98,4330) size 171x63 [border: (1px none #808080) none (1px none #808080)] [r=59 c=1 rs=1 cs=1]
                RenderBlock {P} at (8,1) size 155x16
                  RenderText {#text} at (0,0) size 68x16
                    text run at (0,0) width 68: "Bill Johnson"
                RenderBlock {P} at (8,16) size 155x16
                  RenderText {#text} at (0,0) size 96x16
                    text run at (0,0) width 96: "Vladimir Dvorkin"
                RenderBlock {P} at (8,31) size 155x16
                  RenderText {#text} at (0,0) size 53x16
                    text run at (0,0) width 53: "Ken Price"
                RenderBlock {P} at (8,46) size 155x17
                  RenderText {#text} at (0,0) size 89x16
                    text run at (0,0) width 89: "Rick Rasmussen"
                  RenderInline {SPAN} at (88,0) size 0x16
                    RenderInline {O:P} at (88,0) size 0x16
              RenderTableCell {TD} at (268,4330) size 99x32 [border: (1px none #808080) none (1px none #808080)] [r=59 c=2 rs=1 cs=1]
                RenderBlock {P} at (8,1) size 84x16
                  RenderText {#text} at (32,0) size 20x16
                    text run at (32,0) width 20: "Yes"
                RenderBlock {P} at (8,16) size 84x16
                  RenderText {#text} at (33,0) size 17x16
                    text run at (33,0) width 17: "No"
                  RenderInline {SPAN} at (49,0) size 0x16
                    RenderInline {O:P} at (49,0) size 0x16
              RenderTableCell {TD} at (366,4330) size 107x32 [border: (1px none #808080) none (1px none #808080)] [r=59 c=3 rs=1 cs=1]
                RenderBlock {P} at (8,1) size 90x16
                  RenderText {#text} at (36,0) size 17x16
                    text run at (36,0) width 17: "No"
                RenderBlock {P} at (8,16) size 90x16
                  RenderText {#text} at (35,0) size 20x16
                    text run at (35,0) width 20: "Yes"
                  RenderInline {SPAN} at (54,0) size 0x16
                    RenderInline {O:P} at (54,0) size 0x16
        RenderBlock {P} at (0,4411) size 769x16
          RenderInline {SPAN} at (0,0) size 4x16
            RenderText {#text} at (0,0) size 4x16
              text run at (0,0) width 4: " "
        RenderBlock {P} at (0,4426) size 769x17
          RenderText {#text} at (0,0) size 4x16
            text run at (0,0) width 4: " "
        RenderBlock {P} at (0,4442) size 769x16
          RenderText {#text} at (0,0) size 4x16
            text run at (0,0) width 4: " "
      RenderBlock {P} at (0,4457) size 769x16
        RenderText {#text} at (382,0) size 5x16
          text run at (382,0) width 5: " "
