layer at (0,0) size 800x600
  RenderView at (0,0) size 800x600
layer at (0,0) size 800x93
  RenderBlock {HTML} at (0,0) size 800x93
    RenderBody {BODY} at (8,16) size 784x61
      RenderBlock {DIV} at (0,0) size 784x61
        RenderBlock {P} at (0,0) size 784x18 [color=#00FF00]
          RenderInline {A} at (0,0) size 279x17 [color=#000000]
            RenderText {#text} at (0,0) size 279x17
              text run at (0,0) width 279: "This text should turn green while it is active."
          RenderText {#text} at (0,0) size 0x0
        RenderBlock {P} at (0,34) size 784x27 [color=#00FF00]
          RenderButton {BUTTON} at (0,0) size 295x27 [color=#000000] [bgcolor=#C0C0C0] [border: (2px outset #C0C0C0)]
            RenderBlock (anonymous) at (8,4) size 279x18
              RenderText {#text} at (0,0) size 279x17
                text run at (0,0) width 279: "This text should turn green while it is active."
          RenderText {#text} at (0,0) size 0x0
