layer at (0,0) size 800x600
  RenderView at (0,0) size 800x600
layer at (0,0) size 800x600
  RenderBlock {HTML} at (0,0) size 800x600
    RenderBody {BODY} at (8,8) size 784x584
      RenderBlock {P} at (0,0) size 784x20
        RenderText {#text} at (0,0) size 505x19
          text run at (0,0) width 505: "In the pixel result, the green boxes should be coincident with the black outline."
      RenderBlock {DIV} at (0,36) size 202x202 [border: (1px solid #EEEEEE)]
      RenderBlock {DIV} at (0,238) size 202x202 [border: (1px solid #EEEEEE)]
      RenderBlock {DIV} at (0,440) size 784x40
        RenderText {#text} at (0,0) size 613x19
          text run at (0,0) width 613: "PASS - \"-webkit-transform.0\" property for \"inner1\" element at 0.5s saw something close to: 1.5"
        RenderBR {BR} at (612,0) size 1x19
        RenderText {#text} at (0,20) size 613x19
          text run at (0,20) width 613: "PASS - \"-webkit-transform.0\" property for \"inner2\" element at 0.5s saw something close to: 1.5"
        RenderBR {BR} at (612,20) size 1x19
layer at (34,70) size 150x150
  RenderBlock (positioned) {DIV} at (34,70) size 150x150 [border: (1px solid #000000)]
layer at (59,95) size 100x100
  RenderBlock {DIV} at (51,51) size 100x100 [bgcolor=#008000]
layer at (34,272) size 150x150
  RenderBlock (positioned) {DIV} at (34,272) size 150x150 [border: (1px solid #000000)]
layer at (59,297) size 100x100
  RenderBlock {DIV} at (51,51) size 100x100 [bgcolor=#008000]
