layer at (0,0) size 800x600
  RenderView at (0,0) size 800x600
layer at (0,0) size 800x109
  RenderBlock {HTML} at (0,0) size 800x109
    RenderBody {BODY} at (8,16) size 784x85
      RenderBlock {P} at (0,0) size 784x18
        RenderText {#text} at (0,0) size 262x17
          text run at (0,0) width 262: "Test passes if horizontal operators stretch."
      RenderBlock (anonymous) at (0,34) size 784x51
        RenderMathMLMath {math} at (0,11) size 60x37
          RenderMathMLUnderOver {mover} at (0,0) size 60x37
            RenderMathMLSpace {mspace} at (0,6) size 60x31 [bgcolor=#008000]
            RenderMathMLOperator {mo} at (7,1) size 46x6
              RenderBlock (anonymous) at (0,0) size 13x19
                RenderText {#text} at (0,-67) size 13x158
                  text run at (0,-67) width 13: "^"
        RenderText {#text} at (60,33) size 4x17
          text run at (60,33) width 4: " "
        RenderMathMLMath {math} at (64,17) size 60x35
          RenderMathMLUnderOver {munder} at (0,0) size 60x35
            RenderMathMLSpace {mspace} at (0,0) size 60x30 [bgcolor=#008000]
            RenderMathMLOperator {mo} at (0,30) size 60x3
              RenderBlock (anonymous) at (0,0) size 8x3
                RenderText {#text} at (0,-85) size 8x158
                  text run at (0,-85) width 8: "_"
        RenderText {#text} at (124,33) size 4x17
          text run at (124,33) width 4: " "
        RenderMathMLMath {math} at (128,9) size 60x39
          RenderMathMLUnderOver {mover} at (0,0) size 60x39
            RenderMathMLSpace {mspace} at (0,8) size 60x31 [bgcolor=#008000]
            RenderMathMLOperator {mo} at (7,1) size 46x8
              RenderBlock (anonymous) at (0,0) size 13x9
                RenderText {#text} at (0,-77) size 13x158
                  text run at (0,-77) width 13: "~"
        RenderText {#text} at (188,33) size 4x17
          text run at (188,33) width 4: " "
        RenderMathMLMath {math} at (192,0) size 60x48
          RenderMathMLUnderOver {mover} at (0,0) size 60x48
            RenderMathMLSpace {mspace} at (0,17) size 60x31 [bgcolor=#008000]
            RenderMathMLOperator {mo} at (0,1) size 60x17
              RenderBlock (anonymous) at (0,0) size 12x16
                RenderText {#text} at (0,-70) size 12x158
                  text run at (0,-70) width 12: "\x{AF}"
        RenderText {#text} at (252,33) size 4x17
          text run at (252,33) width 4: " "
        RenderMathMLMath {math} at (256,11) size 60x37
          RenderMathMLUnderOver {mover} at (0,0) size 60x37
            RenderMathMLSpace {mspace} at (0,6) size 60x31 [bgcolor=#008000]
            RenderMathMLOperator {mo} at (7,1) size 46x6
              RenderBlock (anonymous) at (0,0) size 12x17
                RenderText {#text} at (0,-69) size 12x158
                  text run at (0,-69) width 12: "\x{2C6}"
        RenderText {#text} at (316,33) size 4x17
          text run at (316,33) width 4: " "
        RenderMathMLMath {math} at (320,11) size 60x37
          RenderMathMLUnderOver {mover} at (0,0) size 60x37
            RenderMathMLSpace {mspace} at (0,6) size 60x31 [bgcolor=#008000]
            RenderMathMLOperator {mo} at (7,1) size 46x6
              RenderBlock (anonymous) at (0,0) size 12x17
                RenderText {#text} at (0,-69) size 12x158
                  text run at (0,-69) width 12: "\x{2C7}"
        RenderText {#text} at (0,0) size 0x0
