layer at (0,0) size 800x600
  RenderView at (0,0) size 800x600
layer at (0,0) size 800x551
  RenderBlock {html} at (0,0) size 800x551
    RenderBody {body} at (8,16) size 784x519
      RenderBlock {p} at (0,0) size 784x19
        RenderText {#text} at (0,0) size 177x17
          text run at (0,0) width 177: "square root (should be red): "
        RenderMathMLMath {math} at (177,1) size 21x18
          RenderMathMLRoot {msqrt} at (0,0) size 21x18 [color=#FF0000]
            RenderMathMLToken {mn} at (13,2) size 8x13
              RenderBlock (anonymous) at (0,0) size 8x12
                RenderText {#text} at (0,-46) size 8x106
                  text run at (0,-46) width 8: "2"
      RenderBlock {p} at (0,35) size 784x19
        RenderText {#text} at (0,0) size 110x17
          text run at (0,0) width 110: "long square root: "
        RenderMathMLMath {math} at (110,1) size 50x18
          RenderMathMLRoot {msqrt} at (0,0) size 50x18
            RenderMathMLRow {mrow} at (13,2) size 37x14
              RenderMathMLToken {mi} at (0,4) size 9x7 [padding: 0 2 0 0]
                RenderBlock (anonymous) at (0,0) size 8x8
                  RenderText {#text} at (0,-50) size 8x106
                    text run at (0,-50) width 8: "x"
              RenderMathMLOperator {mo} at (9,1) size 20x12
                RenderBlock (anonymous) at (3,0) size 13x12
                  RenderText {#text} at (0,-47) size 12x106
                    text run at (0,-47) width 12: "+"
              RenderMathMLToken {mn} at (28,0) size 9x12
                RenderBlock (anonymous) at (0,0) size 8x12
                  RenderText {#text} at (0,-46) size 8x106
                    text run at (0,-46) width 8: "1"
      RenderBlock {p} at (0,70) size 784x21
        RenderText {#text} at (0,2) size 222x17
          text run at (0,2) width 222: "long square root with implied row: "
        RenderMathMLMath {math} at (222,0) size 59x21
          RenderMathMLRoot {msqrt} at (0,0) size 59x21
            RenderMathMLScripts {msup} at (16,2) size 16x14
              RenderMathMLToken {mi} at (0,6) size 9x8 [padding: 0 2 0 0]
                RenderBlock (anonymous) at (0,0) size 8x8
                  RenderText {#text} at (0,-50) size 8x106
                    text run at (0,-50) width 8: "x"
              RenderMathMLToken {mn} at (9,0) size 6x9
                RenderBlock (anonymous) at (0,0) size 6x9
                  RenderText {#text} at (0,-35) size 6x80
                    text run at (0,-35) width 6: "2"
            RenderMathMLOperator {mo} at (31,6) size 20x13
              RenderBlock (anonymous) at (3,0) size 13x12
                RenderText {#text} at (0,-47) size 12x106
                  text run at (0,-47) width 12: "+"
            RenderMathMLToken {mn} at (50,5) size 9x13
              RenderBlock (anonymous) at (0,0) size 8x12
                RenderText {#text} at (0,-46) size 8x106
                  text run at (0,-46) width 8: "1"
      RenderBlock {p} at (0,107) size 784x31
        RenderText {#text} at (0,6) size 113x17
          text run at (0,6) width 113: "root of a fraction: "
        RenderMathMLMath {math} at (113,0) size 53x31
          RenderMathMLRoot {msqrt} at (0,0) size 53x31
            RenderMathMLFraction {mfrac} at (16,2) size 37x28
              RenderMathMLRow {mrow} at (0,0) size 37x13
                RenderMathMLToken {mi} at (0,4) size 9x7 [padding: 0 2 0 0]
                  RenderBlock (anonymous) at (0,0) size 8x8
                    RenderText {#text} at (0,-50) size 8x106
                      text run at (0,-50) width 8: "x"
                RenderMathMLOperator {mo} at (9,1) size 20x12
                  RenderBlock (anonymous) at (3,0) size 13x12
                    RenderText {#text} at (0,-47) size 12x106
                      text run at (0,-47) width 12: "+"
                RenderMathMLToken {mn} at (28,0) size 9x12
                  RenderBlock (anonymous) at (0,0) size 8x12
                    RenderText {#text} at (0,-46) size 8x106
                      text run at (0,-46) width 8: "1"
              RenderMathMLRow {mrow} at (0,14) size 37x14
                RenderMathMLToken {mi} at (0,4) size 9x7 [padding: 0 2 0 0]
                  RenderBlock (anonymous) at (0,0) size 8x8
                    RenderText {#text} at (0,-50) size 8x106
                      text run at (0,-50) width 8: "x"
                RenderMathMLOperator {mo} at (9,1) size 20x12
                  RenderBlock (anonymous) at (3,0) size 13x12
                    RenderText {#text} at (0,-47) size 12x106
                      text run at (0,-47) width 12: "+"
                RenderMathMLToken {mn} at (28,0) size 9x12
                  RenderBlock (anonymous) at (0,0) size 8x12
                    RenderText {#text} at (0,-46) size 8x106
                      text run at (0,-46) width 8: "2"
      RenderBlock {p} at (0,154) size 784x19
        RenderText {#text} at (0,0) size 173x17
          text run at (0,0) width 173: "cube root (should be blue): "
        RenderMathMLMath {math} at (173,1) size 22x18 [color=#0000FF]
          RenderMathMLRoot {mroot} at (0,0) size 22x18
            RenderMathMLToken {mn} at (13,2) size 9x13
              RenderBlock (anonymous) at (0,0) size 8x12
                RenderText {#text} at (0,-46) size 8x106
                  text run at (0,-46) width 8: "2"
            RenderMathMLToken {mn} at (4,0) size 6x8
              RenderBlock (anonymous) at (0,0) size 5x7
                RenderText {#text} at (0,-26) size 5x60
                  text run at (0,-26) width 5: "3"
      RenderBlock {p} at (0,189) size 784x18
        RenderText {#text} at (0,0) size 75x17
          text run at (0,0) width 75: "long index: "
        RenderMathMLMath {math} at (75,0) size 52x19
          RenderMathMLRoot {mroot} at (0,0) size 52x19
            RenderMathMLToken {mn} at (43,2) size 9x13
              RenderBlock (anonymous) at (0,0) size 8x12
                RenderText {#text} at (0,-46) size 8x106
                  text run at (0,-46) width 8: "2"
            RenderMathMLRow {mrow} at (4,0) size 36x8
              RenderMathMLToken {mi} at (0,2) size 5x4 [padding: 0 1 0 0]
                RenderBlock (anonymous) at (0,0) size 5x5
                  RenderText {#text} at (0,-28) size 5x60
                    text run at (0,-28) width 5: "x"
              RenderMathMLOperator {mo} at (5,0) size 11x7
                RenderBlock (anonymous) at (2,0) size 7x7
                  RenderText {#text} at (0,-26) size 7x60
                    text run at (0,-26) width 7: "+"
              RenderMathMLToken {mi} at (16,2) size 4x6 [padding: 0 1 0 0]
                RenderBlock (anonymous) at (0,0) size 5x6
                  RenderText {#text} at (0,-28) size 5x60
                    text run at (0,-28) width 5: "y"
              RenderMathMLOperator {mo} at (20,0) size 11x7
                RenderBlock (anonymous) at (2,0) size 7x7
                  RenderText {#text} at (0,-26) size 7x60
                    text run at (0,-26) width 7: "+"
              RenderMathMLToken {mi} at (31,2) size 4x4 [padding: 0 1 0 0]
                RenderBlock (anonymous) at (0,0) size 4x5
                  RenderText {#text} at (0,-28) size 4x60
                    text run at (0,-28) width 4: "z"
      RenderBlock {p} at (0,223) size 784x31
        RenderText {#text} at (0,6) size 185x17
          text run at (0,6) width 185: "long index w/ complex base: "
        RenderMathMLMath {math} at (185,0) size 83x31
          RenderMathMLRoot {mroot} at (0,0) size 83x31
            RenderMathMLFraction {mfrac} at (46,2) size 37x28
              RenderMathMLRow {mrow} at (0,0) size 37x13
                RenderMathMLToken {mi} at (0,4) size 9x7 [padding: 0 2 0 0]
                  RenderBlock (anonymous) at (0,0) size 8x8
                    RenderText {#text} at (0,-50) size 8x106
                      text run at (0,-50) width 8: "x"
                RenderMathMLOperator {mo} at (9,1) size 20x12
                  RenderBlock (anonymous) at (3,0) size 13x12
                    RenderText {#text} at (0,-47) size 12x106
                      text run at (0,-47) width 12: "+"
                RenderMathMLToken {mn} at (28,0) size 9x12
                  RenderBlock (anonymous) at (0,0) size 8x12
                    RenderText {#text} at (0,-46) size 8x106
                      text run at (0,-46) width 8: "1"
              RenderMathMLRow {mrow} at (0,14) size 37x14
                RenderMathMLToken {mi} at (0,4) size 9x7 [padding: 0 2 0 0]
                  RenderBlock (anonymous) at (0,0) size 8x8
                    RenderText {#text} at (0,-50) size 8x106
                      text run at (0,-50) width 8: "x"
                RenderMathMLOperator {mo} at (9,1) size 20x12
                  RenderBlock (anonymous) at (3,0) size 13x12
                    RenderText {#text} at (0,-47) size 12x106
                      text run at (0,-47) width 12: "+"
                RenderMathMLToken {mn} at (28,0) size 9x12
                  RenderBlock (anonymous) at (0,0) size 8x12
                    RenderText {#text} at (0,-46) size 8x106
                      text run at (0,-46) width 8: "2"
            RenderMathMLRow {mrow} at (4,4) size 36x9
              RenderMathMLToken {mi} at (0,2) size 5x4 [padding: 0 1 0 0]
                RenderBlock (anonymous) at (0,0) size 5x5
                  RenderText {#text} at (0,-28) size 5x60
                    text run at (0,-28) width 5: "x"
              RenderMathMLOperator {mo} at (5,0) size 11x7
                RenderBlock (anonymous) at (2,0) size 7x7
                  RenderText {#text} at (0,-26) size 7x60
                    text run at (0,-26) width 7: "+"
              RenderMathMLToken {mi} at (16,2) size 4x6 [padding: 0 1 0 0]
                RenderBlock (anonymous) at (0,0) size 5x6
                  RenderText {#text} at (0,-28) size 5x60
                    text run at (0,-28) width 5: "y"
              RenderMathMLOperator {mo} at (20,0) size 11x7
                RenderBlock (anonymous) at (2,0) size 7x7
                  RenderText {#text} at (0,-26) size 7x60
                    text run at (0,-26) width 7: "+"
              RenderMathMLToken {mi} at (31,2) size 4x4 [padding: 0 1 0 0]
                RenderBlock (anonymous) at (0,0) size 4x5
                  RenderText {#text} at (0,-28) size 4x60
                    text run at (0,-28) width 4: "z"
      RenderBlock {p} at (0,270) size 784x29
        RenderText {#text} at (0,10) size 75x17
          text run at (0,10) width 75: "high index: "
        RenderMathMLMath {math} at (75,0) size 22x29
          RenderMathMLRoot {mroot} at (0,0) size 22x29
            RenderMathMLToken {mn} at (13,13) size 9x13
              RenderBlock (anonymous) at (0,0) size 8x12
                RenderText {#text} at (0,-46) size 8x106
                  text run at (0,-46) width 8: "2"
            RenderMathMLFraction {mfrac} at (4,0) size 6x19
              RenderMathMLFraction {mfrac} at (0,0) size 5x13
                RenderMathMLToken {mi} at (0,0) size 5x4 [padding: 0 1 0 0]
                  RenderBlock (anonymous) at (0,0) size 5x5
                    RenderText {#text} at (0,-28) size 5x60
                      text run at (0,-28) width 5: "x"
                RenderMathMLToken {mi} at (0,6) size 5x7 [padding: 0 1 0 0]
                  RenderBlock (anonymous) at (0,0) size 5x6
                    RenderText {#text} at (0,-28) size 5x60
                      text run at (0,-28) width 5: "y"
              RenderMathMLToken {mi} at (0,14) size 5x5 [padding: 0 1 0 0]
                RenderBlock (anonymous) at (0,0) size 4x5
                  RenderText {#text} at (0,-28) size 4x60
                    text run at (0,-28) width 4: "z"
      RenderBlock {p} at (0,315) size 784x56
        RenderText {#text} at (0,13) size 155x17
          text run at (0,13) width 155: "Imbricated square roots: "
        RenderMathMLMath {math} at (155,0) size 330x56
          RenderMathMLRoot {msqrt} at (0,0) size 330x56
            RenderMathMLToken {mn} at (17,16) size 8x13
              RenderBlock (anonymous) at (0,0) size 8x12
                RenderText {#text} at (0,-46) size 8x106
                  text run at (0,-46) width 8: "1"
            RenderMathMLOperator {mo} at (25,17) size 20x13
              RenderBlock (anonymous) at (3,0) size 13x12
                RenderText {#text} at (0,-47) size 12x106
                  text run at (0,-47) width 12: "+"
            RenderMathMLRoot {msqrt} at (44,2) size 286x54
              RenderMathMLRow {mrow} at (17,2) size 269x52
                RenderMathMLToken {mn} at (0,12) size 8x12
                  RenderBlock (anonymous) at (0,0) size 8x12
                    RenderText {#text} at (0,-46) size 8x106
                      text run at (0,-46) width 8: "2"
                RenderMathMLOperator {mo} at (8,13) size 20x12
                  RenderBlock (anonymous) at (3,0) size 13x12
                    RenderText {#text} at (0,-47) size 12x106
                      text run at (0,-47) width 12: "+"
                RenderMathMLRoot {msqrt} at (27,0) size 242x52
                  RenderMathMLRow {mrow} at (17,2) size 225x50
                    RenderMathMLToken {mn} at (0,10) size 8x12
                      RenderBlock (anonymous) at (0,0) size 8x12
                        RenderText {#text} at (0,-46) size 8x106
                          text run at (0,-46) width 8: "3"
                    RenderMathMLOperator {mo} at (8,11) size 20x12
                      RenderBlock (anonymous) at (3,0) size 13x12
                        RenderText {#text} at (0,-47) size 12x106
                          text run at (0,-47) width 12: "+"
                    RenderMathMLRoot {msqrt} at (27,0) size 198x50
                      RenderMathMLRow {mrow} at (16,2) size 182x41
                        RenderMathMLToken {mn} at (0,8) size 8x12
                          RenderBlock (anonymous) at (0,0) size 8x12
                            RenderText {#text} at (0,-46) size 8x106
                              text run at (0,-46) width 8: "4"
                        RenderMathMLOperator {mo} at (8,9) size 20x12
                          RenderBlock (anonymous) at (3,0) size 13x12
                            RenderText {#text} at (0,-47) size 12x106
                              text run at (0,-47) width 12: "+"
                        RenderMathMLRoot {msqrt} at (27,0) size 155x41
                          RenderMathMLRow {mrow} at (16,2) size 139x31
                            RenderMathMLToken {mn} at (0,6) size 8x12
                              RenderBlock (anonymous) at (0,0) size 8x12
                                RenderText {#text} at (0,-46) size 8x106
                                  text run at (0,-46) width 8: "5"
                            RenderMathMLOperator {mo} at (8,7) size 20x12
                              RenderBlock (anonymous) at (3,0) size 13x12
                                RenderText {#text} at (0,-47) size 12x106
                                  text run at (0,-47) width 12: "+"
                            RenderMathMLRoot {msqrt} at (27,0) size 112x31
                              RenderMathMLRow {mrow} at (16,2) size 96x21
                                RenderMathMLToken {mn} at (0,4) size 8x12
                                  RenderBlock (anonymous) at (0,0) size 8x12
                                    RenderText {#text} at (0,-46) size 8x106
                                      text run at (0,-46) width 8: "6"
                                RenderMathMLOperator {mo} at (8,5) size 20x12
                                  RenderBlock (anonymous) at (3,0) size 13x12
                                    RenderText {#text} at (0,-47) size 12x106
                                      text run at (0,-47) width 12: "+"
                                RenderMathMLRoot {msqrt} at (27,0) size 69x21
                                  RenderMathMLRow {mrow} at (16,2) size 53x18
                                    RenderMathMLToken {mn} at (0,2) size 8x12
                                      RenderBlock (anonymous) at (0,0) size 8x12
                                        RenderText {#text} at (0,-46) size 8x106
                                          text run at (0,-46) width 8: "7"
                                    RenderMathMLOperator {mo} at (8,3) size 20x12
                                      RenderBlock (anonymous) at (3,0) size 13x12
                                        RenderText {#text} at (0,-47) size 12x106
                                          text run at (0,-47) width 12: "+"
                                    RenderMathMLRoot {msqrt} at (27,0) size 26x18
                                      RenderMathMLToken {mi} at (13,2) size 12x12 [padding: 0 2 0 0]
                                        RenderBlock (anonymous) at (0,0) size 12x12
                                          RenderText {#text} at (0,-46) size 12x106
                                            text run at (0,-46) width 12: "A"
        RenderText {#text} at (0,0) size 0x0
      RenderBlock {p} at (0,387) size 784x58
        RenderText {#text} at (0,19) size 110x17
          text run at (0,19) width 110: "Imbricated roots: "
        RenderMathMLMath {math} at (110,0) size 351x58
          RenderMathMLRoot {mroot} at (0,0) size 351x58
            RenderMathMLRow {mrow} at (17,2) size 334x56
              RenderMathMLToken {mn} at (0,20) size 8x12
                RenderBlock (anonymous) at (0,0) size 8x12
                  RenderText {#text} at (0,-46) size 8x106
                    text run at (0,-46) width 8: "1"
              RenderMathMLOperator {mo} at (8,21) size 20x12
                RenderBlock (anonymous) at (3,0) size 13x12
                  RenderText {#text} at (0,-47) size 12x106
                    text run at (0,-47) width 12: "+"
              RenderMathMLRoot {mroot} at (27,0) size 306x56
                RenderMathMLRow {mrow} at (17,2) size 289x54
                  RenderMathMLToken {mn} at (0,18) size 8x12
                    RenderBlock (anonymous) at (0,0) size 8x12
                      RenderText {#text} at (0,-46) size 8x106
                        text run at (0,-46) width 8: "2"
                  RenderMathMLOperator {mo} at (8,19) size 20x12
                    RenderBlock (anonymous) at (3,0) size 13x12
                      RenderText {#text} at (0,-47) size 12x106
                        text run at (0,-47) width 12: "+"
                  RenderMathMLRoot {mroot} at (27,0) size 261x54
                    RenderMathMLRow {mrow} at (17,2) size 244x52
                      RenderMathMLToken {mn} at (0,16) size 8x12
                        RenderBlock (anonymous) at (0,0) size 8x12
                          RenderText {#text} at (0,-46) size 8x106
                            text run at (0,-46) width 8: "3"
                      RenderMathMLOperator {mo} at (8,17) size 20x12
                        RenderBlock (anonymous) at (3,0) size 13x12
                          RenderText {#text} at (0,-47) size 12x106
                            text run at (0,-47) width 12: "+"
                      RenderMathMLRoot {mroot} at (27,0) size 217x52
                        RenderMathMLRow {mrow} at (17,2) size 200x50
                          RenderMathMLToken {mn} at (0,14) size 8x12
                            RenderBlock (anonymous) at (0,0) size 8x12
                              RenderText {#text} at (0,-46) size 8x106
                                text run at (0,-46) width 8: "4"
                          RenderMathMLOperator {mo} at (8,15) size 20x12
                            RenderBlock (anonymous) at (3,0) size 13x12
                              RenderText {#text} at (0,-47) size 12x106
                                text run at (0,-47) width 12: "+"
                          RenderMathMLRoot {mroot} at (27,0) size 172x50
                            RenderMathMLRow {mrow} at (16,2) size 156x41
                              RenderMathMLToken {mn} at (0,12) size 8x12
                                RenderBlock (anonymous) at (0,0) size 8x12
                                  RenderText {#text} at (0,-46) size 8x106
                                    text run at (0,-46) width 8: "5"
                              RenderMathMLOperator {mo} at (8,13) size 20x12
                                RenderBlock (anonymous) at (3,0) size 13x12
                                  RenderText {#text} at (0,-47) size 12x106
                                    text run at (0,-47) width 12: "+"
                              RenderMathMLRoot {mroot} at (27,0) size 128x41
                                RenderMathMLRow {mrow} at (16,2) size 112x31
                                  RenderMathMLToken {mn} at (0,10) size 8x12
                                    RenderBlock (anonymous) at (0,0) size 8x12
                                      RenderText {#text} at (0,-46) size 8x106
                                        text run at (0,-46) width 8: "6"
                                  RenderMathMLOperator {mo} at (8,11) size 20x12
                                    RenderBlock (anonymous) at (3,0) size 13x12
                                      RenderText {#text} at (0,-47) size 12x106
                                        text run at (0,-47) width 12: "+"
                                  RenderMathMLRoot {mroot} at (27,0) size 85x31
                                    RenderMathMLRow {mrow} at (16,2) size 69x25
                                      RenderMathMLToken {mn} at (0,8) size 8x12
                                        RenderBlock (anonymous) at (0,0) size 8x12
                                          RenderText {#text} at (0,-46) size 8x106
                                            text run at (0,-46) width 8: "7"
                                      RenderMathMLOperator {mo} at (8,9) size 20x12
                                        RenderBlock (anonymous) at (3,0) size 13x12
                                          RenderText {#text} at (0,-47) size 12x106
                                            text run at (0,-47) width 12: "+"
                                      RenderMathMLRoot {mroot} at (27,0) size 41x25
                                        RenderMathMLToken {mi} at (28,8) size 13x12 [padding: 0 2 0 0]
                                          RenderBlock (anonymous) at (0,0) size 12x12
                                            RenderText {#text} at (0,-46) size 12x106
                                              text run at (0,-46) width 12: "A"
                                        RenderMathMLFraction {mfrac} at (4,0) size 21x14
                                          RenderMathMLRow {mrow} at (0,0) size 20x8
                                            RenderMathMLToken {mi} at (0,2) size 5x4 [padding: 0 1 0 0]
                                              RenderBlock (anonymous) at (0,0) size 5x5
                                                RenderText {#text} at (0,-28) size 5x60
                                                  text run at (0,-28) width 5: "x"
                                            RenderMathMLOperator {mo} at (5,0) size 11x7
                                              RenderBlock (anonymous) at (2,0) size 7x7
                                                RenderText {#text} at (0,-26) size 7x60
                                                  text run at (0,-26) width 7: "+"
                                            RenderMathMLToken {mi} at (16,2) size 4x6 [padding: 0 1 0 0]
                                              RenderBlock (anonymous) at (0,0) size 5x6
                                                RenderText {#text} at (0,-28) size 5x60
                                                  text run at (0,-28) width 5: "y"
                                          RenderMathMLToken {mi} at (8,9) size 4x5 [padding: 0 1 0 0]
                                            RenderBlock (anonymous) at (0,0) size 4x5
                                              RenderText {#text} at (0,-28) size 4x60
                                                text run at (0,-28) width 4: "z"
                                    RenderMathMLToken {mn} at (4,5) size 6x8
                                      RenderBlock (anonymous) at (0,0) size 5x7
                                        RenderText {#text} at (0,-26) size 5x60
                                          text run at (0,-26) width 5: "9"
                                RenderMathMLToken {mn} at (4,9) size 6x8
                                  RenderBlock (anonymous) at (0,0) size 5x7
                                    RenderText {#text} at (0,-26) size 5x60
                                      text run at (0,-26) width 5: "8"
                            RenderMathMLToken {mn} at (4,12) size 6x9
                              RenderBlock (anonymous) at (0,0) size 5x8
                                RenderText {#text} at (0,-25) size 5x60
                                  text run at (0,-25) width 5: "7"
                        RenderMathMLToken {mn} at (4,14) size 6x8
                          RenderBlock (anonymous) at (0,0) size 5x7
                            RenderText {#text} at (0,-26) size 5x60
                              text run at (0,-26) width 5: "6"
                    RenderMathMLToken {mn} at (4,13) size 6x9
                      RenderBlock (anonymous) at (0,0) size 5x8
                        RenderText {#text} at (0,-25) size 5x60
                          text run at (0,-25) width 5: "5"
                RenderMathMLToken {mn} at (4,14) size 6x9
                  RenderBlock (anonymous) at (0,0) size 5x8
                    RenderText {#text} at (0,-25) size 5x60
                      text run at (0,-25) width 5: "4"
            RenderMathMLToken {mn} at (4,16) size 6x8
              RenderBlock (anonymous) at (0,0) size 5x7
                RenderText {#text} at (0,-26) size 5x60
                  text run at (0,-26) width 5: "3"
        RenderText {#text} at (0,0) size 0x0
      RenderBlock {p} at (0,461) size 784x58
        RenderText {#text} at (0,19) size 74x17
          text run at (0,19) width 74: "RTL roots: "
        RenderMathMLMath {math} at (74,0) size 351x58
          RenderMathMLRoot {mroot} at (0,0) size 351x58
            RenderMathMLRow {mrow} at (0,2) size 333x56
              RenderMathMLToken {mn} at (324,20) size 9x12
                RenderBlock (anonymous) at (0,0) size 8x12
                  RenderText {#text} at (0,-46) size 8x106
                    text run at (0,-46) width 8: "1"
              RenderMathMLOperator {mo} at (305,21) size 20x12
                RenderBlock (anonymous) at (3,0) size 13x12
                  RenderText {#text} at (0,-47) size 12x106
                    text run at (0,-47) width 12 RTL: "+"
              RenderMathMLRoot {mroot} at (0,0) size 306x56
                RenderMathMLRow {mrow} at (0,2) size 288x54
                  RenderMathMLToken {mn} at (279,18) size 9x12
                    RenderBlock (anonymous) at (0,0) size 8x12
                      RenderText {#text} at (0,-46) size 8x106
                        text run at (0,-46) width 8: "2"
                  RenderMathMLOperator {mo} at (260,19) size 20x12
                    RenderBlock (anonymous) at (3,0) size 13x12
                      RenderText {#text} at (0,-47) size 12x106
                        text run at (0,-47) width 12 RTL: "+"
                  RenderMathMLRoot {mroot} at (0,0) size 261x54
                    RenderMathMLRow {mrow} at (0,2) size 244x52
                      RenderMathMLToken {mn} at (235,16) size 9x12
                        RenderBlock (anonymous) at (0,0) size 8x12
                          RenderText {#text} at (0,-46) size 8x106
                            text run at (0,-46) width 8: "3"
                      RenderMathMLOperator {mo} at (216,17) size 20x12
                        RenderBlock (anonymous) at (3,0) size 13x12
                          RenderText {#text} at (0,-47) size 12x106
                            text run at (0,-47) width 12 RTL: "+"
                      RenderMathMLRoot {mroot} at (0,0) size 217x52
                        RenderMathMLRow {mrow} at (0,2) size 199x50
                          RenderMathMLToken {mn} at (190,14) size 9x12
                            RenderBlock (anonymous) at (0,0) size 8x12
                              RenderText {#text} at (0,-46) size 8x106
                                text run at (0,-46) width 8: "4"
                          RenderMathMLOperator {mo} at (171,15) size 20x12
                            RenderBlock (anonymous) at (3,0) size 13x12
                              RenderText {#text} at (0,-47) size 12x106
                                text run at (0,-47) width 12 RTL: "+"
                          RenderMathMLRoot {mroot} at (0,0) size 172x50
                            RenderMathMLRow {mrow} at (0,2) size 155x41
                              RenderMathMLToken {mn} at (146,12) size 9x12
                                RenderBlock (anonymous) at (0,0) size 8x12
                                  RenderText {#text} at (0,-46) size 8x106
                                    text run at (0,-46) width 8: "5"
                              RenderMathMLOperator {mo} at (127,13) size 20x12
                                RenderBlock (anonymous) at (3,0) size 13x12
                                  RenderText {#text} at (0,-47) size 12x106
                                    text run at (0,-47) width 12 RTL: "+"
                              RenderMathMLRoot {mroot} at (0,0) size 128x41
                                RenderMathMLRow {mrow} at (0,2) size 112x31
                                  RenderMathMLToken {mn} at (103,10) size 9x12
                                    RenderBlock (anonymous) at (0,0) size 8x12
                                      RenderText {#text} at (0,-46) size 8x106
                                        text run at (0,-46) width 8: "6"
                                  RenderMathMLOperator {mo} at (84,11) size 20x12
                                    RenderBlock (anonymous) at (3,0) size 13x12
                                      RenderText {#text} at (0,-47) size 12x106
                                        text run at (0,-47) width 12 RTL: "+"
                                  RenderMathMLRoot {mroot} at (0,0) size 85x31
                                    RenderMathMLRow {mrow} at (0,2) size 68x25
                                      RenderMathMLToken {mn} at (59,8) size 9x12
                                        RenderBlock (anonymous) at (0,0) size 8x12
                                          RenderText {#text} at (0,-46) size 8x106
                                            text run at (0,-46) width 8: "7"
                                      RenderMathMLOperator {mo} at (40,9) size 20x12
                                        RenderBlock (anonymous) at (3,0) size 13x12
                                          RenderText {#text} at (0,-47) size 12x106
                                            text run at (0,-47) width 12 RTL: "+"
                                      RenderMathMLRoot {mroot} at (0,0) size 41x25
                                        RenderMathMLToken {mi} at (0,8) size 12x12 [padding: 0 0 0 2]
                                          RenderBlock (anonymous) at (0,0) size 12x12
                                            RenderText {#text} at (0,-46) size 12x106
                                              text run at (0,-46) width 12: "A"
                                        RenderMathMLFraction {mfrac} at (16,0) size 21x14
                                          RenderMathMLRow {mrow} at (0,0) size 20x8
                                            RenderMathMLToken {mi} at (15,2) size 5x4 [padding: 0 0 0 1]
                                              RenderBlock (anonymous) at (0,0) size 5x5
                                                RenderText {#text} at (0,-28) size 5x60
                                                  text run at (0,-28) width 5: "x"
                                            RenderMathMLOperator {mo} at (4,0) size 11x7
                                              RenderBlock (anonymous) at (2,0) size 7x7
                                                RenderText {#text} at (0,-26) size 7x60
                                                  text run at (0,-26) width 7 RTL: "+"
                                            RenderMathMLToken {mi} at (0,2) size 4x6 [padding: 0 0 0 1]
                                              RenderBlock (anonymous) at (0,0) size 5x6
                                                RenderText {#text} at (0,-28) size 5x60
                                                  text run at (0,-28) width 5: "y"
                                          RenderMathMLToken {mi} at (8,9) size 4x5 [padding: 0 0 0 1]
                                            RenderBlock (anonymous) at (0,0) size 4x5
                                              RenderText {#text} at (0,-28) size 4x60
                                                text run at (0,-28) width 4: "z"
                                    RenderMathMLToken {mn} at (74,5) size 6x8
                                      RenderBlock (anonymous) at (0,0) size 5x7
                                        RenderText {#text} at (0,-26) size 5x60
                                          text run at (0,-26) width 5: "9"
                                RenderMathMLToken {mn} at (118,9) size 6x8
                                  RenderBlock (anonymous) at (0,0) size 5x7
                                    RenderText {#text} at (0,-26) size 5x60
                                      text run at (0,-26) width 5: "8"
                            RenderMathMLToken {mn} at (162,12) size 6x9
                              RenderBlock (anonymous) at (0,0) size 5x8
                                RenderText {#text} at (0,-25) size 5x60
                                  text run at (0,-25) width 5: "7"
                        RenderMathMLToken {mn} at (206,14) size 6x8
                          RenderBlock (anonymous) at (0,0) size 5x7
                            RenderText {#text} at (0,-26) size 5x60
                              text run at (0,-26) width 5: "6"
                    RenderMathMLToken {mn} at (251,13) size 6x9
                      RenderBlock (anonymous) at (0,0) size 5x8
                        RenderText {#text} at (0,-25) size 5x60
                          text run at (0,-25) width 5: "5"
                RenderMathMLToken {mn} at (295,14) size 6x9
                  RenderBlock (anonymous) at (0,0) size 5x8
                    RenderText {#text} at (0,-25) size 5x60
                      text run at (0,-25) width 5: "4"
            RenderMathMLToken {mn} at (340,16) size 6x8
              RenderBlock (anonymous) at (0,0) size 5x7
                RenderText {#text} at (0,-26) size 5x60
                  text run at (0,-26) width 5: "3"
        RenderText {#text} at (0,0) size 0x0
