layer at (0,0) size 785x995
  RenderView at (0,0) size 785x600
layer at (0,0) size 785x995
  RenderBlock {HTML} at (0,0) size 785x995
    RenderBody {BODY} at (8,8) size 769x979 [bgcolor=#CCCCCC]
      RenderBlock {P} at (0,0) size 769x18
        RenderText {#text} at (0,0) size 363x18
          text run at (0,0) width 363: "The style declarations which apply to the text below are:"
      RenderBlock {PRE} at (0,34) size 769x60
        RenderText {#text} at (0,0) size 336x60
          text run at (0,0) width 320: ".one {border-bottom: purple double 10px;}"
          text run at (319,0) width 1: " "
          text run at (0,15) width 313: ".two {border-bottom: purple thin solid;}"
          text run at (312,15) width 1: " "
          text run at (0,30) width 336: ".three {border-bottom: black medium solid;}"
          text run at (335,30) width 1: " "
          text run at (0,45) width 281: "TD {border-bottom: green 2px solid;}"
          text run at (280,45) width 1: " "
      RenderBlock {P} at (0,125) size 769x36
        RenderText {#text} at (0,0) size 747x36
          text run at (0,0) width 673: "Note that all table cells on this page should have a two-pixel solid green border along their bottom sides. "
          text run at (672,0) width 75: "This border"
          text run at (0,18) width 373: "applies only to the cells, not the rows which contain them."
      RenderBlock {P} at (0,177) size 769x28 [border: none (10px double #800080) none]
        RenderText {#text} at (0,0) size 445x18
          text run at (0,0) width 445: "This paragraph should have a purple, double, 10-pixel bottom border."
      RenderBlock {P} at (0,221) size 769x19 [border: none (1px solid #800080) none]
        RenderText {#text} at (0,0) size 361x18
          text run at (0,0) width 361: "This paragraph should have a thin purple bottom border."
      RenderTable {TABLE} at (0,256) size 769x110 [border: (1px outset #808080)]
        RenderTableSection {TBODY} at (1,1) size 767x108
          RenderTableRow {TR} at (0,5) size 767x41
            RenderTableCell {TD} at (5,5) size 758x41 [border: (1px inset #808080) (2px solid #008000) (1px inset #808080)] [r=0 c=0 rs=1 cs=2]
              RenderText {#text} at (2,2) size 738x36
                text run at (2,2) width 463: "Every cell in this table should have a 2-pixel solid green bottom border. "
                text run at (464,2) width 276: "This is also true of the table-testing section"
                text run at (2,20) width 219: "in the second half of the test page."
          RenderTableRow {TR} at (0,51) size 767x52
            RenderTableCell {TD} at (5,65) size 192x24 [border: (1px inset #808080) (2px solid #008000) (1px inset #808080)] [r=1 c=0 rs=1 cs=1]
              RenderText {#text} at (2,1) size 54x20
                text run at (2,2) width 54: "Cell one"
            RenderTableCell {TD} at (201,51) size 562x52 [border: (1px inset #808080) (2px solid #008000) (1px inset #808080)] [r=1 c=1 rs=1 cs=1]
              RenderBlock (anonymous) at (2,2) size 557x18
                RenderText {#text} at (0,0) size 55x18
                  text run at (0,0) width 55: "Cell two"
              RenderTable {TABLE} at (2,20) size 166x29 [border: (1px outset #808080)]
                RenderTableSection {TBODY} at (1,1) size 164x27
                  RenderTableRow {TR} at (0,2) size 164x23
                    RenderTableCell {TD} at (2,2) size 160x23 [border: (1px inset #808080) (2px solid #008000) (1px inset #808080)] [r=0 c=0 rs=1 cs=1]
                      RenderText {#text} at (2,2) size 156x18
                        text run at (2,2) width 156: "Nested single-cell table!"
      RenderBlock {UL} at (0,382) size 769x135
        RenderListItem {LI} at (40,0) size 729x75 [border: none (3px solid #000000) none]
          RenderBlock (anonymous) at (0,0) size 729x18
            RenderListMarker at (-17,0) size 7x18: bullet
            RenderText {#text} at (0,0) size 123x18
              text run at (0,0) width 123: "This is a list item..."
          RenderBlock {UL} at (0,18) size 729x54
            RenderListItem {LI} at (40,0) size 689x18
              RenderListMarker at (-17,0) size 7x18: white bullet
              RenderText {#text} at (0,0) size 75x18
                text run at (0,0) width 75: "...and this..."
            RenderListItem {LI} at (40,18) size 689x18
              RenderListMarker at (-17,0) size 7x18: white bullet
              RenderText {#text} at (0,0) size 118x18
                text run at (0,0) width 118: "...is a second list..."
            RenderListItem {LI} at (40,36) size 689x18
              RenderListMarker at (-17,0) size 7x18: white bullet
              RenderText {#text} at (0,0) size 182x18
                text run at (0,0) width 182: "...nested within the list item."
        RenderListItem {LI} at (40,75) size 729x21 [border: none (3px solid #000000) none]
          RenderListMarker at (-17,0) size 7x18: bullet
          RenderText {#text} at (0,0) size 163x18
            text run at (0,0) width 163: "This is a second list item."
        RenderListItem {LI} at (40,96) size 729x39 [border: none (3px solid #000000) none]
          RenderListMarker at (-17,0) size 7x18: bullet
          RenderText {#text} at (0,0) size 714x36
            text run at (0,0) width 714: "Each list item in this list should have a medium-width black border at its bottom, which for the first item means"
            text run at (0,18) width 135: "that it should appear "
          RenderInline {EM} at (0,0) size 51x18
            RenderText {#text} at (134,18) size 51x18
              text run at (134,18) width 51: "beneath"
          RenderText {#text} at (184,18) size 401x18
            text run at (184,18) width 401: " the nested list (below the line \"...nested within the list item.\")."
      RenderTable {TABLE} at (0,533) size 769x446 [border: (1px outset #808080)]
        RenderTableSection {TBODY} at (1,1) size 767x444
          RenderTableRow {TR} at (0,0) size 767x27
            RenderTableCell {TD} at (0,0) size 767x27 [bgcolor=#C0C0C0] [border: (1px inset #808080) (2px solid #008000) (1px inset #808080)] [r=0 c=0 rs=1 cs=2]
              RenderInline {STRONG} at (0,0) size 161x18
                RenderText {#text} at (4,4) size 161x18
                  text run at (4,4) width 161: "TABLE Testing Section"
          RenderTableRow {TR} at (0,27) size 767x417
            RenderTableCell {TD} at (0,222) size 12x27 [bgcolor=#C0C0C0] [border: (1px inset #808080) (2px solid #008000) (1px inset #808080)] [r=1 c=0 rs=1 cs=1]
              RenderText {#text} at (4,4) size 4x18
                text run at (4,4) width 4: " "
            RenderTableCell {TD} at (12,27) size 755x417 [border: (1px inset #808080) (2px solid #008000) (1px inset #808080)] [r=1 c=1 rs=1 cs=1]
              RenderBlock {P} at (4,4) size 747x36
                RenderText {#text} at (0,0) size 747x36
                  text run at (0,0) width 673: "Note that all table cells on this page should have a two-pixel solid green border along their bottom sides. "
                  text run at (672,0) width 75: "This border"
                  text run at (0,18) width 373: "applies only to the cells, not the rows which contain them."
              RenderBlock {P} at (4,56) size 747x28 [border: none (10px double #800080) none]
                RenderText {#text} at (0,0) size 445x18
                  text run at (0,0) width 445: "This paragraph should have a purple, double, 10-pixel bottom border."
              RenderBlock {P} at (4,100) size 747x19 [border: none (1px solid #800080) none]
                RenderText {#text} at (0,0) size 361x18
                  text run at (0,0) width 361: "This paragraph should have a thin purple bottom border."
              RenderTable {TABLE} at (4,135) size 747x110 [border: (1px outset #808080)]
                RenderTableSection {TBODY} at (1,1) size 745x108
                  RenderTableRow {TR} at (0,5) size 745x41
                    RenderTableCell {TD} at (5,5) size 736x41 [border: (1px inset #808080) (2px solid #008000) (1px inset #808080)] [r=0 c=0 rs=1 cs=2]
                      RenderText {#text} at (2,2) size 688x36
                        text run at (2,2) width 463: "Every cell in this table should have a 2-pixel solid green bottom border. "
                        text run at (464,2) width 226: "This is also true of the table-testing"
                        text run at (2,20) width 268: "section in the second half of the test page."
                  RenderTableRow {TR} at (0,51) size 745x52
                    RenderTableCell {TD} at (5,65) size 186x24 [border: (1px inset #808080) (2px solid #008000) (1px inset #808080)] [r=1 c=0 rs=1 cs=1]
                      RenderText {#text} at (2,1) size 54x20
                        text run at (2,2) width 54: "Cell one"
                    RenderTableCell {TD} at (195,51) size 546x52 [border: (1px inset #808080) (2px solid #008000) (1px inset #808080)] [r=1 c=1 rs=1 cs=1]
                      RenderBlock (anonymous) at (2,2) size 541x18
                        RenderText {#text} at (0,0) size 55x18
                          text run at (0,0) width 55: "Cell two"
                      RenderTable {TABLE} at (2,20) size 166x29 [border: (1px outset #808080)]
                        RenderTableSection {TBODY} at (1,1) size 164x27
                          RenderTableRow {TR} at (0,2) size 164x23
                            RenderTableCell {TD} at (2,2) size 160x23 [border: (1px inset #808080) (2px solid #008000) (1px inset #808080)] [r=0 c=0 rs=1 cs=1]
                              RenderText {#text} at (2,2) size 156x18
                                text run at (2,2) width 156: "Nested single-cell table!"
              RenderBlock {UL} at (4,261) size 747x135
                RenderListItem {LI} at (40,0) size 707x75 [border: none (3px solid #000000) none]
                  RenderBlock (anonymous) at (0,0) size 707x18
                    RenderListMarker at (-17,0) size 7x18: bullet
                    RenderText {#text} at (0,0) size 123x18
                      text run at (0,0) width 123: "This is a list item..."
                  RenderBlock {UL} at (0,18) size 707x54
                    RenderListItem {LI} at (40,0) size 667x18
                      RenderListMarker at (-17,0) size 7x18: white bullet
                      RenderText {#text} at (0,0) size 75x18
                        text run at (0,0) width 75: "...and this..."
                    RenderListItem {LI} at (40,18) size 667x18
                      RenderListMarker at (-17,0) size 7x18: white bullet
                      RenderText {#text} at (0,0) size 118x18
                        text run at (0,0) width 118: "...is a second list..."
                    RenderListItem {LI} at (40,36) size 667x18
                      RenderListMarker at (-17,0) size 7x18: white bullet
                      RenderText {#text} at (0,0) size 182x18
                        text run at (0,0) width 182: "...nested within the list item."
                RenderListItem {LI} at (40,75) size 707x21 [border: none (3px solid #000000) none]
                  RenderListMarker at (-17,0) size 7x18: bullet
                  RenderText {#text} at (0,0) size 163x18
                    text run at (0,0) width 163: "This is a second list item."
                RenderListItem {LI} at (40,96) size 707x39 [border: none (3px solid #000000) none]
                  RenderListMarker at (-17,0) size 7x18: bullet
                  RenderText {#text} at (0,0) size 669x36
                    text run at (0,0) width 669: "Each list item in this list should have a medium-width black border at its bottom, which for the first item"
                    text run at (0,18) width 180: "means that it should appear "
                  RenderInline {EM} at (0,0) size 51x18
                    RenderText {#text} at (179,18) size 51x18
                      text run at (179,18) width 51: "beneath"
                  RenderText {#text} at (229,18) size 401x18
                    text run at (229,18) width 401: " the nested list (below the line \"...nested within the list item.\")."
layer at (8,115) size 769x2 clip at (0,0) size 0x0
  RenderBlock {HR} at (0,107) size 769x2 [border: (1px inset #000000)]
