layer at (0,0) size 800x600
  RenderView at (0,0) size 800x600
layer at (0,0) size 800x600
  RenderBlock {HTML} at (0,0) size 800x600
    RenderBody {BODY} at (8,8) size 784x584 [bgcolor=#CCCCCC]
      RenderBlock {P} at (0,0) size 784x18
        RenderText {#text} at (0,0) size 363x18
          text run at (0,0) width 363: "The style declarations which apply to the text below are:"
      RenderBlock {PRE} at (0,34) size 784x45
        RenderText {#text} at (0,0) size 320x45
          text run at (0,0) width 320: ".one {border-bottom: purple double 10px;}"
          text run at (319,0) width 1: " "
          text run at (0,15) width 313: ".two {border-bottom: purple thin solid;}"
          text run at (312,15) width 1: " "
          text run at (0,30) width 0: " "
      RenderBlock {HR} at (0,92) size 784x2 [border: (1px inset #000000)]
      RenderBlock {P} at (0,110) size 784x54 [bgcolor=#C0C0C0]
        RenderText {#text} at (0,0) size 680x18
          text run at (0,0) width 680: "This is an unstyled element, save for the background color, and containing inline elements with classes of "
        RenderInline {SPAN} at (0,0) size 59x28 [border: none (10px double #800080) none]
          RenderText {#text} at (679,0) size 59x18
            text run at (679,0) width 59: "class one"
        RenderText {#text} at (737,0) size 742x36
          text run at (737,0) width 5: ","
          text run at (0,18) width 412: "which should have a 10-pixel purple double bottom border; and "
        RenderInline {SPAN} at (0,0) size 60x19 [border: none (1px solid #800080) none]
          RenderText {#text} at (411,18) size 60x18
            text run at (411,18) width 60: "class two"
        RenderText {#text} at (470,18) size 768x36
          text run at (470,18) width 298: ", which should have a thin solid purple bottom"
          text run at (0,36) width 49: "border. "
          text run at (48,36) width 439: "The line-height of the parent element should not change on any line."
      RenderTable {TABLE} at (0,180) size 784x90 [border: (1px outset #808080)]
        RenderTableSection {TBODY} at (1,1) size 782x88
          RenderTableRow {TR} at (0,0) size 782x26
            RenderTableCell {TD} at (0,0) size 783x26 [bgcolor=#C0C0C0] [border: (1px inset #808080)] [r=0 c=0 rs=1 cs=2]
              RenderInline {STRONG} at (0,0) size 161x18
                RenderText {#text} at (4,4) size 161x18
                  text run at (4,4) width 161: "TABLE Testing Section"
          RenderTableRow {TR} at (0,26) size 782x62
            RenderTableCell {TD} at (0,44) size 13x26 [bgcolor=#C0C0C0] [border: (1px inset #808080)] [r=1 c=0 rs=1 cs=1]
              RenderText {#text} at (4,4) size 4x18
                text run at (4,4) width 4: " "
            RenderTableCell {TD} at (12,26) size 771x62 [border: (1px inset #808080)] [r=1 c=1 rs=1 cs=1]
              RenderBlock {P} at (4,4) size 762x54 [bgcolor=#C0C0C0]
                RenderText {#text} at (0,0) size 680x18
                  text run at (0,0) width 680: "This is an unstyled element, save for the background color, and containing inline elements with classes of "
                RenderInline {SPAN} at (0,0) size 59x28 [border: none (10px double #800080) none]
                  RenderText {#text} at (679,0) size 59x18
                    text run at (679,0) width 59: "class one"
                RenderText {#text} at (737,0) size 742x36
                  text run at (737,0) width 5: ","
                  text run at (0,18) width 412: "which should have a 10-pixel purple double bottom border; and "
                RenderInline {SPAN} at (0,0) size 60x19 [border: none (1px solid #800080) none]
                  RenderText {#text} at (411,18) size 60x18
                    text run at (411,18) width 60: "class two"
                RenderText {#text} at (470,18) size 719x36
                  text run at (470,18) width 249: ", which should have a thin solid purple"
                  text run at (0,36) width 99: "bottom border. "
                  text run at (98,36) width 438: "The line-height of the parent element should not change on any line."
