layer at (0,0) size 785x1028
  RenderView at (0,0) size 785x600
layer at (0,0) size 785x1028
  RenderBlock {HTML} at (0,0) size 785x1028
    RenderBody {BODY} at (8,8) size 769x1012 [bgcolor=#CCCCCC]
      RenderBlock {P} at (20,0) size 749x18
        RenderText {#text} at (0,0) size 363x18
          text run at (0,0) width 363: "The style declarations which apply to the text below are:"
      RenderBlock {PRE} at (0,34) size 769x105
        RenderText {#text} at (0,0) size 336x105
          text run at (0,0) width 172: "P {margin-left: 20px;}"
          text run at (171,0) width 1: " "
          text run at (0,15) width 305: ".one {border-left: purple double 10px;}"
          text run at (304,15) width 1: " "
          text run at (0,30) width 297: ".two {border-left: purple thin solid;}"
          text run at (296,30) width 1: " "
          text run at (0,45) width 328: ".threea {border-left: black medium solid;}"
          text run at (327,45) width 1: " "
          text run at (0,60) width 336: ".threeb {border-left: purple medium solid;}"
          text run at (335,60) width 1: " "
          text run at (0,75) width 320: ".threec {border-left: blue medium solid;}"
          text run at (319,75) width 1: " "
          text run at (0,90) width 266: "TD {border-left: green 2px solid;}"
          text run at (265,90) width 1: " "
      RenderBlock {P} at (20,170) size 749x36
        RenderText {#text} at (0,0) size 723x36
          text run at (0,0) width 649: "Note that all table cells on this page should have a two-pixel solid green border along their left sides. "
          text run at (648,0) width 75: "This border"
          text run at (0,18) width 373: "applies only to the cells, not the rows which contain them."
      RenderBlock {P} at (20,222) size 749x18 [border: none (10px double #800080)]
        RenderText {#text} at (10,0) size 421x18
          text run at (10,0) width 421: "This paragraph should have a purple, double, 10-pixel left border."
      RenderBlock {P} at (20,256) size 749x18 [border: none (1px solid #800080)]
        RenderText {#text} at (1,0) size 337x18
          text run at (1,0) width 337: "This paragraph should have a thin purple left border."
      RenderTable {TABLE} at (0,290) size 769x107 [border: (1px outset #808080)]
        RenderTableSection {TBODY} at (1,1) size 767x105
          RenderTableRow {TR} at (0,5) size 767x40
            RenderTableCell {TD} at (5,5) size 758x40 [border: (1px inset #808080) (2px solid #008000)] [r=0 c=0 rs=1 cs=2]
              RenderText {#text} at (3,2) size 730x36
                text run at (3,2) width 439: "Every cell in this table should have a 2-pixel solid green left border. "
                text run at (441,2) width 292: "This is also true of the table-testing section in"
                text run at (3,20) width 203: "the second half of the test page."
          RenderTableRow {TR} at (0,50) size 767x50
            RenderTableCell {TD} at (5,64) size 192x22 [border: (1px inset #808080) (2px solid #008000)] [r=1 c=0 rs=1 cs=1]
              RenderText {#text} at (3,2) size 54x18
                text run at (3,2) width 54: "Cell one"
            RenderTableCell {TD} at (201,50) size 562x50 [border: (1px inset #808080) (2px solid #008000)] [r=1 c=1 rs=1 cs=1]
              RenderBlock (anonymous) at (3,2) size 556x18
                RenderText {#text} at (0,0) size 55x18
                  text run at (0,0) width 55: "Cell two"
              RenderTable {TABLE} at (3,20) size 167x28 [border: (1px outset #808080)]
                RenderTableSection {TBODY} at (1,1) size 165x26
                  RenderTableRow {TR} at (0,2) size 165x22
                    RenderTableCell {TD} at (2,2) size 161x22 [border: (1px inset #808080) (2px solid #008000)] [r=0 c=0 rs=1 cs=1]
                      RenderText {#text} at (3,2) size 156x18
                        text run at (3,2) width 156: "Nested single-cell table!"
      RenderBlock {UL} at (0,413) size 769x144
        RenderListItem {LI} at (40,0) size 729x72 [border: none (3px solid #000000)]
          RenderBlock (anonymous) at (3,0) size 726x18
            RenderListMarker at (-20,0) size 7x18: bullet
            RenderText {#text} at (0,0) size 123x18
              text run at (0,0) width 123: "This is a list item..."
          RenderBlock {UL} at (3,18) size 726x54
            RenderListItem {LI} at (40,0) size 686x18
              RenderListMarker at (-17,0) size 7x18: white bullet
              RenderText {#text} at (0,0) size 75x18
                text run at (0,0) width 75: "...and this..."
            RenderListItem {LI} at (40,18) size 686x18
              RenderListMarker at (-17,0) size 7x18: white bullet
              RenderText {#text} at (0,0) size 118x18
                text run at (0,0) width 118: "...is a second list..."
            RenderListItem {LI} at (40,36) size 686x18
              RenderListMarker at (-17,0) size 7x18: white bullet
              RenderText {#text} at (0,0) size 182x18
                text run at (0,0) width 182: "...nested within the list item."
        RenderListItem {LI} at (40,72) size 729x18 [border: none (3px solid #800080)]
          RenderListMarker at (-17,0) size 7x18: bullet
          RenderText {#text} at (3,0) size 163x18
            text run at (3,0) width 163: "This is a second list item."
        RenderListItem {LI} at (40,90) size 729x54 [border: none (3px solid #0000FF)]
          RenderListMarker at (-17,0) size 7x18: bullet
          RenderText {#text} at (3,0) size 721x54
            text run at (3,0) width 709: "Each list item in this 'parent' list should have a medium-width border along its left side, in each of three colors."
            text run at (3,18) width 721: "The first item's border should travel the entire height the nested list (to end near the baseline of the line \"...nested"
            text run at (3,36) width 546: "within the list item.\"), even though the nested list does not have any border styles set."
      RenderTable {TABLE} at (0,573) size 769x439 [border: (1px outset #808080)]
        RenderTableSection {TBODY} at (1,1) size 767x437
          RenderTableRow {TR} at (0,0) size 767x26
            RenderTableCell {TD} at (0,0) size 767x26 [bgcolor=#C0C0C0] [border: (1px inset #808080) (2px solid #008000)] [r=0 c=0 rs=1 cs=2]
              RenderInline {STRONG} at (0,0) size 161x18
                RenderText {#text} at (5,4) size 161x18
                  text run at (5,4) width 161: "TABLE Testing Section"
          RenderTableRow {TR} at (0,26) size 767x411
            RenderTableCell {TD} at (0,218) size 13x27 [bgcolor=#C0C0C0] [border: (1px inset #808080) (2px solid #008000)] [r=1 c=0 rs=1 cs=1]
              RenderText {#text} at (5,3) size 4x20
                text run at (5,4) width 4: " "
            RenderTableCell {TD} at (13,26) size 754x411 [border: (1px inset #808080) (2px solid #008000)] [r=1 c=1 rs=1 cs=1]
              RenderBlock {P} at (25,4) size 725x36
                RenderText {#text} at (0,0) size 723x36
                  text run at (0,0) width 649: "Note that all table cells on this page should have a two-pixel solid green border along their left sides. "
                  text run at (648,0) width 75: "This border"
                  text run at (0,18) width 373: "applies only to the cells, not the rows which contain them."
              RenderBlock {P} at (25,56) size 725x18 [border: none (10px double #800080)]
                RenderText {#text} at (10,0) size 421x18
                  text run at (10,0) width 421: "This paragraph should have a purple, double, 10-pixel left border."
              RenderBlock {P} at (25,90) size 725x18 [border: none (1px solid #800080)]
                RenderText {#text} at (1,0) size 337x18
                  text run at (1,0) width 337: "This paragraph should have a thin purple left border."
              RenderTable {TABLE} at (5,124) size 745x107 [border: (1px outset #808080)]
                RenderTableSection {TBODY} at (1,1) size 743x105
                  RenderTableRow {TR} at (0,5) size 743x40
                    RenderTableCell {TD} at (5,5) size 734x40 [border: (1px inset #808080) (2px solid #008000)] [r=0 c=0 rs=1 cs=2]
                      RenderText {#text} at (3,2) size 714x36
                        text run at (3,2) width 439: "Every cell in this table should have a 2-pixel solid green left border. "
                        text run at (441,2) width 276: "This is also true of the table-testing section"
                        text run at (3,20) width 219: "in the second half of the test page."
                  RenderTableRow {TR} at (0,50) size 743x50
                    RenderTableCell {TD} at (5,64) size 186x22 [border: (1px inset #808080) (2px solid #008000)] [r=1 c=0 rs=1 cs=1]
                      RenderText {#text} at (3,2) size 54x18
                        text run at (3,2) width 54: "Cell one"
                    RenderTableCell {TD} at (195,50) size 544x50 [border: (1px inset #808080) (2px solid #008000)] [r=1 c=1 rs=1 cs=1]
                      RenderBlock (anonymous) at (3,2) size 538x18
                        RenderText {#text} at (0,0) size 55x18
                          text run at (0,0) width 55: "Cell two"
                      RenderTable {TABLE} at (3,20) size 167x28 [border: (1px outset #808080)]
                        RenderTableSection {TBODY} at (1,1) size 165x26
                          RenderTableRow {TR} at (0,2) size 165x22
                            RenderTableCell {TD} at (2,2) size 161x22 [border: (1px inset #808080) (2px solid #008000)] [r=0 c=0 rs=1 cs=1]
                              RenderText {#text} at (3,2) size 156x18
                                text run at (3,2) width 156: "Nested single-cell table!"
              RenderBlock {UL} at (5,247) size 745x144
                RenderListItem {LI} at (40,0) size 705x72 [border: none (3px solid #000000)]
                  RenderBlock (anonymous) at (3,0) size 702x18
                    RenderListMarker at (-20,0) size 7x18: bullet
                    RenderText {#text} at (0,0) size 123x18
                      text run at (0,0) width 123: "This is a list item..."
                  RenderBlock {UL} at (3,18) size 702x54
                    RenderListItem {LI} at (40,0) size 662x18
                      RenderListMarker at (-17,0) size 7x18: white bullet
                      RenderText {#text} at (0,0) size 75x18
                        text run at (0,0) width 75: "...and this..."
                    RenderListItem {LI} at (40,18) size 662x18
                      RenderListMarker at (-17,0) size 7x18: white bullet
                      RenderText {#text} at (0,0) size 118x18
                        text run at (0,0) width 118: "...is a second list..."
                    RenderListItem {LI} at (40,36) size 662x18
                      RenderListMarker at (-17,0) size 7x18: white bullet
                      RenderText {#text} at (0,0) size 182x18
                        text run at (0,0) width 182: "...nested within the list item."
                RenderListItem {LI} at (40,72) size 705x18 [border: none (3px solid #800080)]
                  RenderListMarker at (-17,0) size 7x18: bullet
                  RenderText {#text} at (3,0) size 163x18
                    text run at (3,0) width 163: "This is a second list item."
                RenderListItem {LI} at (40,90) size 705x54 [border: none (3px solid #0000FF)]
                  RenderListMarker at (-17,0) size 7x18: bullet
                  RenderText {#text} at (3,0) size 677x54
                    text run at (3,0) width 662: "Each list item in this 'parent' list should have a medium-width border along its left side, in each of three"
                    text run at (3,18) width 48: "colors. "
                    text run at (50,18) width 630: "The first item's border should travel the entire height the nested list (to end near the baseline of the"
                    text run at (3,36) width 638: "line \"...nested within the list item.\"), even though the nested list does not have any border styles set."
layer at (8,160) size 769x2 clip at (0,0) size 0x0
  RenderBlock {HR} at (0,152) size 769x2 [border: (1px inset #000000)]
