layer at (0,0) size 800x600
  RenderView at (0,0) size 800x600
layer at (0,0) size 800x600
  RenderBlock {HTML} at (0,0) size 800x600
    RenderBody {BODY} at (8,8) size 784x584 [bgcolor=#CCCCCC]
      RenderBlock {P} at (0,0) size 784x18
        RenderText {#text} at (0,0) size 363x18
          text run at (0,0) width 363: "The style declarations which apply to the text below are:"
      RenderBlock {PRE} at (0,34) size 784x45
        RenderText {#text} at (0,0) size 250x45
          text run at (0,0) width 250: ".one {border: 10px teal outset;}"
          text run at (249,0) width 1: " "
          text run at (0,15) width 250: ".two {border: 10px olive inset;}"
          text run at (249,15) width 1: " "
          text run at (0,30) width 0: " "
      RenderBlock {HR} at (0,92) size 784x2 [border: (1px inset #000000)]
      RenderBlock {P} at (0,110) size 784x54 [bgcolor=#C0C0C0]
        RenderText {#text} at (0,0) size 691x18
          text run at (0,0) width 691: "This is an unstyled element, save for the background color, and containing inline elements with a classes of "
        RenderInline {SPAN} at (0,0) size 79x38 [border: (10px outset #008080)]
          RenderText {#text} at (700,0) size 59x18
            text run at (700,0) width 59: "class one"
        RenderText {#text} at (768,0) size 773x36
          text run at (768,0) width 5: ","
          text run at (0,18) width 361: "which should result in a 10-pixel outset teal border; and "
        RenderInline {SPAN} at (0,0) size 80x38 [border: (10px inset #808000)]
          RenderText {#text} at (370,18) size 60x18
            text run at (370,18) width 60: "class two"
        RenderText {#text} at (439,18) size 778x36
          text run at (439,18) width 339: ", which should result in a 10-pixel inset olive border."
          text run at (0,36) width 438: "The line-height of the parent element should not change on any line."
      RenderTable {TABLE} at (0,180) size 784x90 [border: (1px outset #808080)]
        RenderTableSection {TBODY} at (1,1) size 782x88
          RenderTableRow {TR} at (0,0) size 782x26
            RenderTableCell {TD} at (0,0) size 782x26 [bgcolor=#C0C0C0] [border: (1px inset #808080)] [r=0 c=0 rs=1 cs=2]
              RenderInline {STRONG} at (0,0) size 161x18
                RenderText {#text} at (4,4) size 161x18
                  text run at (4,4) width 161: "TABLE Testing Section"
          RenderTableRow {TR} at (0,26) size 782x62
            RenderTableCell {TD} at (0,44) size 12x26 [bgcolor=#C0C0C0] [border: (1px inset #808080)] [r=1 c=0 rs=1 cs=1]
              RenderText {#text} at (4,4) size 4x18
                text run at (4,4) width 4: " "
            RenderTableCell {TD} at (12,26) size 770x62 [border: (1px inset #808080)] [r=1 c=1 rs=1 cs=1]
              RenderBlock {P} at (4,4) size 762x54 [bgcolor=#C0C0C0]
                RenderText {#text} at (0,0) size 691x18
                  text run at (0,0) width 691: "This is an unstyled element, save for the background color, and containing inline elements with a classes of "
                RenderInline {SPAN} at (0,0) size 732x56 [border: (10px outset #008080)]
                  RenderText {#text} at (700,0) size 732x36
                    text run at (700,0) width 32: "class"
                    text run at (0,18) width 24: "one"
                RenderText {#text} at (33,18) size 369x18
                  text run at (33,18) width 369: ", which should result in a 10-pixel outset teal border; and "
                RenderInline {SPAN} at (0,0) size 81x38 [border: (10px inset #808000)]
                  RenderText {#text} at (411,18) size 61x18
                    text run at (411,18) width 61: "class two"
                RenderText {#text} at (481,18) size 734x36
                  text run at (481,18) width 253: ", which should result in a 10-pixel inset"
                  text run at (0,36) width 85: "olive border. "
                  text run at (84,36) width 439: "The line-height of the parent element should not change on any line."
