layer at (0,0) size 785x1301
  RenderView at (0,0) size 785x600
layer at (0,0) size 785x1301
  RenderBlock {HTML} at (0,0) size 785x1301
    RenderBody {BODY} at (8,8) size 769x1285 [bgcolor=#CCCCCC]
      RenderBlock {P} at (0,0) size 769x18
        RenderText {#text} at (0,0) size 363x18
          text run at (0,0) width 363: "The style declarations which apply to the text below are:"
      RenderBlock {PRE} at (0,34) size 769x180
        RenderText {#text} at (0,0) size 617x180
          text run at (0,0) width 547: ".one {border-style: dotted; border-color: black; border-width: thick;}"
          text run at (546,0) width 1: " "
          text run at (0,15) width 547: ".two {border-style: dashed; border-color: black; border-width: thick;}"
          text run at (546,15) width 1: " "
          text run at (0,30) width 554: ".three {border-style: solid; border-color: black; border-width: thick;}"
          text run at (553,30) width 1: " "
          text run at (0,45) width 554: ".four {border-style: double; border-color: black; border-width: thick;}"
          text run at (553,45) width 1: " "
          text run at (0,60) width 554: ".five {border-style: groove; border-color: olive; border-width: thick;}"
          text run at (553,60) width 1: " "
          text run at (0,75) width 539: ".six {border-style: ridge; border-color: olive; border-width: thick;}"
          text run at (538,75) width 1: " "
          text run at (0,90) width 554: ".seven {border-style: inset; border-color: olive; border-width: thick;}"
          text run at (553,90) width 1: " "
          text run at (0,105) width 562: ".eight {border-style: outset; border-color: olive; border-width: thick;}"
          text run at (561,105) width 1: " "
          text run at (0,120) width 617: ".nine {border-style: double groove; border-color: purple; border-width: thick;}"
          text run at (616,120) width 1: " "
          text run at (0,135) width 359: ".ten {border-style: double groove ridge inset;"
          text run at (358,135) width 1: " "
          text run at (0,150) width 359: "   border-color: purple; border-width: thick;}"
          text run at (358,150) width 1: " "
          text run at (0,165) width 539: ".eleven {border-style: none; border-color: red; border-width: thick;}"
          text run at (538,165) width 1: " "
      RenderBlock {HR} at (0,227) size 769x2 [border: (1px inset #000000)]
      RenderBlock {P} at (0,245) size 769x28 [border: (5px dotted #000000)]
        RenderText {#text} at (5,5) size 480x18
          text run at (5,5) width 480: "This paragraph should have a thick black dotted border all the way around."
      RenderBlock {P} at (0,289) size 769x28 [border: (5px dashed #000000)]
        RenderText {#text} at (5,5) size 484x18
          text run at (5,5) width 484: "This paragraph should have a thick black dashed border all the way around."
      RenderBlock {P} at (0,333) size 769x28 [border: (5px solid #000000)]
        RenderText {#text} at (5,5) size 471x18
          text run at (5,5) width 471: "This paragraph should have a thick black solid border all the way around."
      RenderBlock {P} at (0,377) size 769x28 [border: (5px double #000000)]
        RenderText {#text} at (5,5) size 483x18
          text run at (5,5) width 483: "This paragraph should have a thick black double border all the way around."
      RenderBlock {P} at (0,421) size 769x28 [border: (5px groove #808000)]
        RenderText {#text} at (5,5) size 482x18
          text run at (5,5) width 482: "This paragraph should have a thick olive groove border all the way around."
      RenderBlock {P} at (0,465) size 769x28 [border: (5px ridge #808000)]
        RenderText {#text} at (5,5) size 470x18
          text run at (5,5) width 470: "This paragraph should have a thick olive ridge border all the way around."
      RenderBlock {P} at (0,509) size 769x28 [border: (5px inset #808000)]
        RenderText {#text} at (5,5) size 467x18
          text run at (5,5) width 467: "This paragraph should have a thick olive inset border all the way around."
      RenderBlock {P} at (0,553) size 769x28 [border: (5px outset #808000)]
        RenderText {#text} at (5,5) size 475x18
          text run at (5,5) width 475: "This paragraph should have a thick olive outset border all the way around."
      RenderBlock {P} at (0,597) size 769x46 [border: (5px double #800080) (5px groove #800080) (5px double #800080) (5px groove #800080)]
        RenderText {#text} at (5,5) size 757x36
          text run at (5,5) width 627: "This paragraph should have thick double top and bottom borders, and thick grooved side borders. "
          text run at (631,5) width 131: "The color of all four"
          text run at (5,23) width 208: "sides should be based on purple."
      RenderBlock {P} at (0,659) size 769x46 [border: (5px double #800080) (5px groove #800080) (5px ridge #800080) (5px inset #800080)]
        RenderText {#text} at (5,5) size 738x36
          text run at (5,5) width 713: "This paragraph should have, in clockwise order from the top, a double, grooved, ridged, and inset thick border. "
          text run at (717,5) width 26: "The"
          text run at (5,23) width 312: "color of all four sides should be based on purple."
      RenderBlock {P} at (0,721) size 769x18
        RenderText {#text} at (0,0) size 283x18
          text run at (0,0) width 283: "This paragraph should have no border at all."
      RenderTable {TABLE} at (0,755) size 769x530 [border: (1px outset #808080)]
        RenderTableSection {TBODY} at (1,1) size 767x528
          RenderTableRow {TR} at (0,0) size 767x26
            RenderTableCell {TD} at (0,0) size 767x26 [bgcolor=#C0C0C0] [border: (1px inset #808080)] [r=0 c=0 rs=1 cs=2]
              RenderInline {STRONG} at (0,0) size 161x18
                RenderText {#text} at (4,4) size 161x18
                  text run at (4,4) width 161: "TABLE Testing Section"
          RenderTableRow {TR} at (0,26) size 767x502
            RenderTableCell {TD} at (0,264) size 12x26 [bgcolor=#C0C0C0] [border: (1px inset #808080)] [r=1 c=0 rs=1 cs=1]
              RenderText {#text} at (4,4) size 4x18
                text run at (4,4) width 4: " "
            RenderTableCell {TD} at (12,26) size 755x502 [border: (1px inset #808080)] [r=1 c=1 rs=1 cs=1]
              RenderBlock {P} at (4,4) size 747x28 [border: (5px dotted #000000)]
                RenderText {#text} at (5,5) size 480x18
                  text run at (5,5) width 480: "This paragraph should have a thick black dotted border all the way around."
              RenderBlock {P} at (4,48) size 747x28 [border: (5px dashed #000000)]
                RenderText {#text} at (5,5) size 484x18
                  text run at (5,5) width 484: "This paragraph should have a thick black dashed border all the way around."
              RenderBlock {P} at (4,92) size 747x28 [border: (5px solid #000000)]
                RenderText {#text} at (5,5) size 471x18
                  text run at (5,5) width 471: "This paragraph should have a thick black solid border all the way around."
              RenderBlock {P} at (4,136) size 747x28 [border: (5px double #000000)]
                RenderText {#text} at (5,5) size 483x18
                  text run at (5,5) width 483: "This paragraph should have a thick black double border all the way around."
              RenderBlock {P} at (4,180) size 747x28 [border: (5px groove #808000)]
                RenderText {#text} at (5,5) size 482x18
                  text run at (5,5) width 482: "This paragraph should have a thick olive groove border all the way around."
              RenderBlock {P} at (4,224) size 747x28 [border: (5px ridge #808000)]
                RenderText {#text} at (5,5) size 470x18
                  text run at (5,5) width 470: "This paragraph should have a thick olive ridge border all the way around."
              RenderBlock {P} at (4,268) size 747x28 [border: (5px inset #808000)]
                RenderText {#text} at (5,5) size 467x18
                  text run at (5,5) width 467: "This paragraph should have a thick olive inset border all the way around."
              RenderBlock {P} at (4,312) size 747x28 [border: (5px outset #808000)]
                RenderText {#text} at (5,5) size 475x18
                  text run at (5,5) width 475: "This paragraph should have a thick olive outset border all the way around."
              RenderBlock {P} at (4,356) size 747x46 [border: (5px double #800080) (5px groove #800080) (5px double #800080) (5px groove #800080)]
                RenderText {#text} at (5,5) size 727x36
                  text run at (5,5) width 627: "This paragraph should have thick double top and bottom borders, and thick grooved side borders. "
                  text run at (631,5) width 101: "The color of all"
                  text run at (5,23) width 238: "four sides should be based on purple."
              RenderBlock {P} at (4,418) size 747x46 [border: (5px double #800080) (5px groove #800080) (5px ridge #800080) (5px inset #800080)]
                RenderText {#text} at (5,5) size 709x36
                  text run at (5,5) width 709: "This paragraph should have, in clockwise order from the top, a double, grooved, ridged, and inset thick border."
                  text run at (5,23) width 341: "The color of all four sides should be based on purple."
              RenderBlock {P} at (4,480) size 747x18
                RenderText {#text} at (0,0) size 283x18
                  text run at (0,0) width 283: "This paragraph should have no border at all."
