layer at (0,0) size 800x600
  RenderView at (0,0) size 800x600
layer at (0,0) size 800x600
  RenderBlock {HTML} at (0,0) size 800x600
    RenderBody {BODY} at (8,8) size 784x584 [bgcolor=#CCCCCC]
      RenderBlock {P} at (0,0) size 784x18
        RenderText {#text} at (0,0) size 363x18
          text run at (0,0) width 363: "The style declarations which apply to the text below are:"
      RenderBlock {PRE} at (0,34) size 784x45
        RenderText {#text} at (0,0) size 710x45
          text run at (0,0) width 383: ".one {border-color: purple; border-style: solid;}"
          text run at (382,0) width 1: " "
          text run at (0,15) width 554: ".two {border-color: purple; border-width: medium; border-style: solid;}"
          text run at (553,15) width 1: " "
          text run at (0,30) width 710: ".three {border-color: purple green blue yellow; border-width: medium; border-style: solid;}"
          text run at (709,30) width 1: " "
      RenderBlock {HR} at (0,92) size 784x2 [border: (1px inset #000000)]
      RenderBlock {P} at (0,110) size 784x72 [bgcolor=#C0C0C0]
        RenderText {#text} at (0,0) size 691x18
          text run at (0,0) width 691: "This is an unstyled element, save for the background color, and containing inline elements with a classes of "
        RenderInline {SPAN} at (0,0) size 65x24 [border: (3px solid #800080)]
          RenderText {#text} at (693,0) size 59x18
            text run at (693,0) width 59: "class one"
        RenderText {#text} at (754,0) size 5x18
          text run at (754,0) width 5: ","
        RenderInline {SPAN} at (0,0) size 66x24 [border: (3px solid #800080)]
          RenderText {#text} at (3,18) size 60x18
            text run at (3,18) width 60: "class two"
        RenderText {#text} at (65,18) size 36x18
          text run at (65,18) width 36: ", and "
        RenderInline {SPAN} at (0,0) size 74x24 [border: (3px solid #800080) (3px solid #008000) (3px solid #0000FF) (3px solid #FFFF00)]
          RenderText {#text} at (103,18) size 68x18
            text run at (103,18) width 68: "class three"
        RenderText {#text} at (173,18) size 772x54
          text run at (173,18) width 9: ". "
          text run at (181,18) width 585: "The effect for each inline element should be to have a purple medium-width solid border in"
          text run at (0,36) width 633: "the first and second cases, and a purple-green-blue-yellow medium-width solid border in the third. "
          text run at (632,36) width 140: "The line-height of the"
          text run at (0,54) width 334: "parent element should not change at all, on any line."
      RenderTable {TABLE} at (0,198) size 784x108 [border: (1px outset #808080)]
        RenderTableSection {TBODY} at (1,1) size 782x106
          RenderTableRow {TR} at (0,0) size 782x26
            RenderTableCell {TD} at (0,0) size 782x26 [bgcolor=#C0C0C0] [border: (1px inset #808080)] [r=0 c=0 rs=1 cs=2]
              RenderInline {STRONG} at (0,0) size 161x18
                RenderText {#text} at (4,4) size 161x18
                  text run at (4,4) width 161: "TABLE Testing Section"
          RenderTableRow {TR} at (0,26) size 782x80
            RenderTableCell {TD} at (0,53) size 12x26 [bgcolor=#C0C0C0] [border: (1px inset #808080)] [r=1 c=0 rs=1 cs=1]
              RenderText {#text} at (4,4) size 4x18
                text run at (4,4) width 4: " "
            RenderTableCell {TD} at (12,26) size 770x80 [border: (1px inset #808080)] [r=1 c=1 rs=1 cs=1]
              RenderBlock {P} at (4,4) size 762x72 [bgcolor=#C0C0C0]
                RenderText {#text} at (0,0) size 691x18
                  text run at (0,0) width 691: "This is an unstyled element, save for the background color, and containing inline elements with a classes of "
                RenderInline {SPAN} at (0,0) size 65x24 [border: (3px solid #800080)]
                  RenderText {#text} at (693,0) size 59x18
                    text run at (693,0) width 59: "class one"
                RenderText {#text} at (754,0) size 5x18
                  text run at (754,0) width 5: ","
                RenderInline {SPAN} at (0,0) size 66x24 [border: (3px solid #800080)]
                  RenderText {#text} at (3,18) size 60x18
                    text run at (3,18) width 60: "class two"
                RenderText {#text} at (65,18) size 36x18
                  text run at (65,18) width 36: ", and "
                RenderInline {SPAN} at (0,0) size 74x24 [border: (3px solid #800080) (3px solid #008000) (3px solid #0000FF) (3px solid #FFFF00)]
                  RenderText {#text} at (103,18) size 68x18
                    text run at (103,18) width 68: "class three"
                RenderText {#text} at (173,18) size 749x54
                  text run at (173,18) width 9: ". "
                  text run at (181,18) width 568: "The effect for each inline element should be to have a purple medium-width solid border"
                  text run at (0,36) width 650: "in the first and second cases, and a purple-green-blue-yellow medium-width solid border in the third. "
                  text run at (649,36) width 99: "The line-height"
                  text run at (0,54) width 375: "of the parent element should not change at all, on any line."
