layer at (0,0) size 800x600
  RenderView at (0,0) size 800x600
layer at (0,0) size 800x600
  RenderBlock {HTML} at (0,0) size 800x600
    RenderBody {BODY} at (8,8) size 784x584 [bgcolor=#CCCCCC]
      RenderBlock {P} at (0,0) size 784x18
        RenderText {#text} at (0,0) size 363x18
          text run at (0,0) width 363: "The style declarations which apply to the text below are:"
      RenderBlock {PRE} at (0,34) size 784x45
        RenderText {#text} at (0,0) size 422x45
          text run at (0,0) width 422: ".one {border-bottom-width: 25px; border-style: solid;}"
          text run at (421,0) width 1: " "
          text run at (0,15) width 422: ".two {border-bottom-width: thin; border-style: solid;}"
          text run at (421,15) width 1: " "
          text run at (0,30) width 274: ".three {border-bottom-width: 25px;}"
          text run at (273,30) width 1: " "
      RenderBlock {HR} at (0,92) size 784x2 [border: (1px inset #000000)]
      RenderBlock {P} at (0,110) size 784x100 [border: (3px solid #000000) (25px solid #000000) (3px solid #000000)]
        RenderText {#text} at (3,3) size 176x18
          text run at (3,3) width 176: "This element has a class of "
        RenderInline {TT} at (0,0) size 25x15
          RenderText {#text} at (178,5) size 25x15
            text run at (178,5) width 25: "one"
        RenderText {#text} at (202,3) size 164x18
          text run at (202,3) width 9: ". "
          text run at (210,3) width 156: "However, it contains an "
        RenderInline {SPAN} at (0,0) size 178x22 [border: (3px solid #000000) (1px solid #000000) (3px solid #000000)]
          RenderText {#text} at (368,3) size 149x18
            text run at (368,3) width 149: "inline element of class "
          RenderInline {TT} at (0,0) size 24x15
            RenderText {#text} at (516,5) size 24x15
              text run at (516,5) width 24: "two"
        RenderText {#text} at (542,3) size 768x54
          text run at (542,3) width 226: ", which should result in a thin solid"
          text run at (3,21) width 731: "border on the bottom side of each box in the inline element (and the UA's default border on the other three sides). "
          text run at (733,21) width 38: "There"
          text run at (3,39) width 64: "is also an "
        RenderInline {SPAN} at (0,0) size 188x18
          RenderText {#text} at (66,39) size 149x18
            text run at (66,39) width 149: "inline element of class "
          RenderInline {TT} at (0,0) size 40x15
            RenderText {#text} at (214,41) size 40x15
              text run at (214,41) width 40: "three"
        RenderText {#text} at (253,39) size 764x36
          text run at (253,39) width 514: ", which should have no bottom border width or visible border because no border"
          text run at (3,57) width 85: "style was set."
      RenderTable {TABLE} at (0,226) size 784x136 [border: (1px outset #808080)]
        RenderTableSection {TBODY} at (1,1) size 782x134
          RenderTableRow {TR} at (0,0) size 782x26
            RenderTableCell {TD} at (0,0) size 782x26 [bgcolor=#C0C0C0] [border: (1px inset #808080)] [r=0 c=0 rs=1 cs=2]
              RenderInline {STRONG} at (0,0) size 161x18
                RenderText {#text} at (4,4) size 161x18
                  text run at (4,4) width 161: "TABLE Testing Section"
          RenderTableRow {TR} at (0,26) size 782x108
            RenderTableCell {TD} at (0,67) size 12x26 [bgcolor=#C0C0C0] [border: (1px inset #808080)] [r=1 c=0 rs=1 cs=1]
              RenderText {#text} at (4,4) size 4x18
                text run at (4,4) width 4: " "
            RenderTableCell {TD} at (12,26) size 770x108 [border: (1px inset #808080)] [r=1 c=1 rs=1 cs=1]
              RenderBlock {P} at (4,4) size 762x100 [border: (3px solid #000000) (25px solid #000000) (3px solid #000000)]
                RenderText {#text} at (3,3) size 176x18
                  text run at (3,3) width 176: "This element has a class of "
                RenderInline {TT} at (0,0) size 25x15
                  RenderText {#text} at (178,5) size 25x15
                    text run at (178,5) width 25: "one"
                RenderText {#text} at (202,3) size 164x18
                  text run at (202,3) width 9: ". "
                  text run at (210,3) width 156: "However, it contains an "
                RenderInline {SPAN} at (0,0) size 178x22 [border: (3px solid #000000) (1px solid #000000) (3px solid #000000)]
                  RenderText {#text} at (368,3) size 149x18
                    text run at (368,3) width 149: "inline element of class "
                  RenderInline {TT} at (0,0) size 24x15
                    RenderText {#text} at (516,5) size 24x15
                      text run at (516,5) width 24: "two"
                RenderText {#text} at (542,3) size 730x54
                  text run at (542,3) width 191: ", which should result in a thin"
                  text run at (3,21) width 717: "solid border on the bottom side of each box in the inline element (and the UA's default border on the other three"
                  text run at (3,39) width 46: "sides). "
                  text run at (48,39) width 106: "There is also an "
                RenderInline {SPAN} at (0,0) size 187x18
                  RenderText {#text} at (153,39) size 148x18
                    text run at (153,39) width 148: "inline element of class "
                  RenderInline {TT} at (0,0) size 40x15
                    RenderText {#text} at (300,41) size 40x15
                      text run at (300,41) width 40: "three"
                RenderText {#text} at (339,39) size 730x36
                  text run at (339,39) width 394: ", which should have no bottom border width or visible border"
                  text run at (3,57) width 206: "because no border style was set."
