layer at (0,0) size 787x1023
  RenderView at (0,0) size 785x585
layer at (0,0) size 785x1023
  RenderBlock {HTML} at (0,0) size 785x1023
    RenderBody {BODY} at (8,8) size 769x1007 [bgcolor=#CCCCCC]
      RenderBlock {P} at (0,0) size 769x18
        RenderText {#text} at (0,0) size 363x18
          text run at (0,0) width 363: "The style declarations which apply to the text below are:"
      RenderBlock {PRE} at (0,34) size 769x90
        RenderText {#text} at (0,0) size 547x90
          text run at (0,0) width 539: ".zero {background-color: silver; margin-right: 0; text-align: right;}"
          text run at (538,0) width 1: " "
          text run at (0,15) width 547: ".one {margin-right: 0.5in; text-align: right; background-color: aqua;}"
          text run at (546,15) width 1: " "
          text run at (0,30) width 539: ".two {margin-right: 25px; text-align: right; background-color: aqua;}"
          text run at (538,30) width 1: " "
          text run at (0,45) width 547: ".three {margin-right: 5em; text-align: right; background-color: aqua;}"
          text run at (546,45) width 1: " "
          text run at (0,60) width 539: ".four {margin-right: 25%; text-align: right; background-color: aqua;}"
          text run at (538,60) width 1: " "
          text run at (0,75) width 406: ".five {margin-right: -10px; background-color: aqua;}"
          text run at (405,75) width 1: " "
      RenderBlock {HR} at (0,137) size 769x2 [border: (1px inset #000000)]
      RenderBlock {P} at (0,155) size 769x18 [bgcolor=#C0C0C0]
        RenderText {#text} at (561,0) size 208x18
          text run at (561,0) width 208: "This element has a class of zero."
      RenderBlock {P} at (0,189) size 721x18 [bgcolor=#00FFFF]
        RenderText {#text} at (357,0) size 364x18
          text run at (357,0) width 364: "This sentence should have a right margin of half an inch."
      RenderBlock {P} at (0,223) size 744x18 [bgcolor=#00FFFF]
        RenderText {#text} at (397,0) size 347x18
          text run at (397,0) width 347: "This sentence should have a right margin of 25 pixels."
      RenderBlock {P} at (0,257) size 689x18 [bgcolor=#00FFFF]
        RenderText {#text} at (369,0) size 320x18
          text run at (369,0) width 320: "This sentence should have a right margin of 5 em."
      RenderBlock {P} at (0,291) size 577x36 [bgcolor=#00FFFF]
        RenderText {#text} at (10,0) size 567x36
          text run at (10,0) width 567: "This sentence should have a right margin of 25%, which is calculated with respect to the"
          text run at (396,18) width 181: "width of the parent element."
      RenderBlock {UL} at (0,343) size 744x108 [bgcolor=#808080]
        RenderListItem {LI} at (40,0) size 704x36
          RenderListMarker at (-17,0) size 7x18: bullet
          RenderText {#text} at (27,0) size 677x36
            text run at (27,0) width 677: "The right margin on this unordered list has been set to 25 pixels, and the background color has been set to"
            text run at (672,18) width 32: "gray."
        RenderListItem {LI} at (40,36) size 679x54 [bgcolor=#FFFFFF]
          RenderListMarker at (-17,0) size 7x18: bullet
          RenderText {#text} at (10,0) size 669x54
            text run at (10,0) width 669: "Another list item might not be such a bad idea, either, considering that such things do need to be double-"
            text run at (34,18) width 62: "checked. "
            text run at (95,18) width 584: "This list item has its right margin also set to 25 pixels, which should combine with the list's"
            text run at (141,36) width 538: "margin to make 50 pixels of margin, and its background-color has been set to white."
        RenderListItem {LI} at (40,90) size 704x18
          RenderListMarker at (-17,0) size 7x18: bullet
          RenderText {#text} at (519,0) size 185x18
            text run at (519,0) width 185: "This is an unclassed list item"
      RenderBlock {P} at (0,467) size 769x18 [bgcolor=#C0C0C0]
        RenderText {#text} at (561,0) size 208x18
          text run at (561,0) width 208: "This element has a class of zero."
      RenderBlock {P} at (0,501) size 779x54 [bgcolor=#00FFFF]
        RenderText {#text} at (0,0) size 751x54
          text run at (0,0) width 749: "This paragraph has a right margin of -10px, which should cause it to be wider than it might otherwise be, and it has a"
          text run at (0,18) width 149: "light blue background. "
          text run at (148,18) width 394: "In all other respects, however, the element should be normal. "
          text run at (541,18) width 210: "No styles have been applied to it"
          text run at (0,36) width 383: "besides the negative right margin and the background color."
      RenderTable {TABLE} at (0,571) size 769x436 [border: (1px outset #808080)]
        RenderTableSection {TBODY} at (1,1) size 767x434
          RenderTableRow {TR} at (0,0) size 767x26
            RenderTableCell {TD} at (0,0) size 767x26 [bgcolor=#C0C0C0] [border: (1px inset #808080)] [r=0 c=0 rs=1 cs=2]
              RenderInline {STRONG} at (0,0) size 161x18
                RenderText {#text} at (4,4) size 161x18
                  text run at (4,4) width 161: "TABLE Testing Section"
          RenderTableRow {TR} at (0,26) size 767x408
            RenderTableCell {TD} at (0,217) size 12x26 [bgcolor=#C0C0C0] [border: (1px inset #808080)] [r=1 c=0 rs=1 cs=1]
              RenderText {#text} at (4,4) size 4x18
                text run at (4,4) width 4: " "
            RenderTableCell {TD} at (12,26) size 755x408 [border: (1px inset #808080)] [r=1 c=1 rs=1 cs=1]
              RenderBlock {P} at (4,4) size 747x18 [bgcolor=#C0C0C0]
                RenderText {#text} at (539,0) size 208x18
                  text run at (539,0) width 208: "This element has a class of zero."
              RenderBlock {P} at (4,38) size 699x18 [bgcolor=#00FFFF]
                RenderText {#text} at (335,0) size 364x18
                  text run at (335,0) width 364: "This sentence should have a right margin of half an inch."
              RenderBlock {P} at (4,72) size 722x18 [bgcolor=#00FFFF]
                RenderText {#text} at (375,0) size 347x18
                  text run at (375,0) width 347: "This sentence should have a right margin of 25 pixels."
              RenderBlock {P} at (4,106) size 667x18 [bgcolor=#00FFFF]
                RenderText {#text} at (347,0) size 320x18
                  text run at (347,0) width 320: "This sentence should have a right margin of 5 em."
              RenderBlock {P} at (4,140) size 561x36 [bgcolor=#00FFFF]
                RenderText {#text} at (18,0) size 543x36
                  text run at (18,0) width 543: "This sentence should have a right margin of 25%, which is calculated with respect to"
                  text run at (356,18) width 205: "the width of the parent element."
              RenderBlock {UL} at (4,192) size 722x108 [bgcolor=#808080]
                RenderListItem {LI} at (40,0) size 682x36
                  RenderListMarker at (-17,0) size 7x18: bullet
                  RenderText {#text} at (5,0) size 677x36
                    text run at (5,0) width 677: "The right margin on this unordered list has been set to 25 pixels, and the background color has been set to"
                    text run at (650,18) width 32: "gray."
                RenderListItem {LI} at (40,36) size 657x54 [bgcolor=#FFFFFF]
                  RenderListMarker at (-17,0) size 7x18: bullet
                  RenderText {#text} at (40,0) size 637x54
                    text run at (40,0) width 617: "Another list item might not be such a bad idea, either, considering that such things do need to be"
                    text run at (20,18) width 110: "double-checked. "
                    text run at (129,18) width 528: "This list item has its right margin also set to 25 pixels, which should combine with"
                    text run at (62,36) width 595: "the list's margin to make 50 pixels of margin, and its background-color has been set to white."
                RenderListItem {LI} at (40,90) size 682x18
                  RenderListMarker at (-17,0) size 7x18: bullet
                  RenderText {#text} at (497,0) size 185x18
                    text run at (497,0) width 185: "This is an unclassed list item"
              RenderBlock {P} at (4,316) size 747x18 [bgcolor=#C0C0C0]
                RenderText {#text} at (539,0) size 208x18
                  text run at (539,0) width 208: "This element has a class of zero."
              RenderBlock {P} at (4,350) size 757x54 [bgcolor=#00FFFF]
                RenderText {#text} at (0,0) size 751x54
                  text run at (0,0) width 749: "This paragraph has a right margin of -10px, which should cause it to be wider than it might otherwise be, and it has a"
                  text run at (0,18) width 149: "light blue background. "
                  text run at (148,18) width 394: "In all other respects, however, the element should be normal. "
                  text run at (541,18) width 210: "No styles have been applied to it"
                  text run at (0,36) width 383: "besides the negative right margin and the background color."
