layer at (0,0) size 785x1005
  RenderView at (0,0) size 785x600
layer at (0,0) size 785x1005
  RenderBlock {HTML} at (0,0) size 785x1005
    RenderBody {BODY} at (8,8) size 769x989 [bgcolor=#CCCCCC]
      RenderBlock {P} at (0,0) size 769x18
        RenderText {#text} at (0,0) size 363x18
          text run at (0,0) width 363: "The style declarations which apply to the text below are:"
      RenderBlock {PRE} at (0,34) size 769x90
        RenderText {#text} at (0,0) size 398x90
          text run at (0,0) width 383: ".zero {background-color: silver; margin-left: 0;}"
          text run at (382,0) width 1: " "
          text run at (0,15) width 391: ".one {margin-left: 0.5in; background-color: aqua;}"
          text run at (390,15) width 1: " "
          text run at (0,30) width 383: ".two {margin-left: 25px; background-color: aqua;}"
          text run at (382,30) width 1: " "
          text run at (0,45) width 391: ".three {margin-left: 5em; background-color: aqua;}"
          text run at (390,45) width 1: " "
          text run at (0,60) width 383: ".four {margin-left: 25%; background-color: aqua;}"
          text run at (382,60) width 1: " "
          text run at (0,75) width 398: ".five {margin-left: -10px; background-color: aqua;}"
          text run at (397,75) width 1: " "
      RenderBlock {HR} at (0,137) size 769x2 [border: (1px inset #000000)]
      RenderBlock {P} at (0,155) size 769x18 [bgcolor=#C0C0C0]
        RenderText {#text} at (0,0) size 208x18
          text run at (0,0) width 208: "This element has a class of zero."
      RenderBlock {P} at (48,189) size 721x18 [bgcolor=#00FFFF]
        RenderText {#text} at (0,0) size 355x18
          text run at (0,0) width 355: "This sentence should have a left margin of half an inch."
      RenderBlock {P} at (25,223) size 744x18 [bgcolor=#00FFFF]
        RenderText {#text} at (0,0) size 338x18
          text run at (0,0) width 338: "This sentence should have a left margin of 25 pixels."
      RenderBlock {P} at (80,257) size 689x18 [bgcolor=#00FFFF]
        RenderText {#text} at (0,0) size 311x18
          text run at (0,0) width 311: "This sentence should have a left margin of 5 em."
      RenderBlock {P} at (192,291) size 577x36 [bgcolor=#00FFFF]
        RenderText {#text} at (0,0) size 557x36
          text run at (0,0) width 557: "This sentence should have a left margin of 25%, which is calculated with respect to the"
          text run at (0,18) width 180: "width of the parent element."
      RenderBlock {UL} at (25,343) size 744x90 [bgcolor=#808080]
        RenderListItem {LI} at (40,0) size 704x18
          RenderListMarker at (-17,0) size 7x18: bullet
          RenderText {#text} at (0,0) size 699x18
            text run at (0,0) width 699: "The left margin on this unordered list has been set to 25 pixels, and its background color has been set to gray."
        RenderListItem {LI} at (65,18) size 679x54 [bgcolor=#FFFFFF]
          RenderListMarker at (-17,0) size 7x18: bullet
          RenderText {#text} at (0,0) size 669x54
            text run at (0,0) width 669: "Another list item might not be such a bad idea, either, considering that such things do need to be double-"
            text run at (0,18) width 61: "checked. "
            text run at (60,18) width 576: "This list item has its left margin also set to 25 pixels, which should combine with the list's"
            text run at (0,36) width 537: "margin to make 50 pixels of margin, and its background color has been set to white."
        RenderListItem {LI} at (40,72) size 704x18
          RenderListMarker at (-17,0) size 7x18: bullet
          RenderText {#text} at (0,0) size 185x18
            text run at (0,0) width 185: "This is an unclassed list item"
      RenderBlock {P} at (0,449) size 769x18 [bgcolor=#C0C0C0]
        RenderText {#text} at (0,0) size 208x18
          text run at (0,0) width 208: "This element has a class of zero."
      RenderBlock {P} at (-10,483) size 779x54 [bgcolor=#00FFFF]
        RenderText {#text} at (0,0) size 773x54
          text run at (0,0) width 773: "This paragraph has a left margin of -10px, which should cause it to be wider than it might otherwise be, and it has a light"
          text run at (0,18) width 116: "blue background. "
          text run at (115,18) width 394: "In all other respects, however, the element should be normal. "
          text run at (508,18) width 261: "No styles have been applied to it besides"
          text run at (0,36) width 323: "the negative left margin and the background color."
      RenderTable {TABLE} at (0,553) size 769x436 [border: (1px outset #808080)]
        RenderTableSection {TBODY} at (1,1) size 767x434
          RenderTableRow {TR} at (0,0) size 767x26
            RenderTableCell {TD} at (0,0) size 767x26 [bgcolor=#C0C0C0] [border: (1px inset #808080)] [r=0 c=0 rs=1 cs=2]
              RenderInline {STRONG} at (0,0) size 161x18
                RenderText {#text} at (4,4) size 161x18
                  text run at (4,4) width 161: "TABLE Testing Section"
          RenderTableRow {TR} at (0,26) size 767x408
            RenderTableCell {TD} at (0,217) size 12x26 [bgcolor=#C0C0C0] [border: (1px inset #808080)] [r=1 c=0 rs=1 cs=1]
              RenderText {#text} at (4,4) size 4x18
                text run at (4,4) width 4: " "
            RenderTableCell {TD} at (12,26) size 755x408 [border: (1px inset #808080)] [r=1 c=1 rs=1 cs=1]
              RenderBlock {P} at (4,4) size 747x18 [bgcolor=#C0C0C0]
                RenderText {#text} at (0,0) size 208x18
                  text run at (0,0) width 208: "This element has a class of zero."
              RenderBlock {P} at (52,38) size 699x18 [bgcolor=#00FFFF]
                RenderText {#text} at (0,0) size 355x18
                  text run at (0,0) width 355: "This sentence should have a left margin of half an inch."
              RenderBlock {P} at (29,72) size 722x18 [bgcolor=#00FFFF]
                RenderText {#text} at (0,0) size 338x18
                  text run at (0,0) width 338: "This sentence should have a left margin of 25 pixels."
              RenderBlock {P} at (84,106) size 667x18 [bgcolor=#00FFFF]
                RenderText {#text} at (0,0) size 311x18
                  text run at (0,0) width 311: "This sentence should have a left margin of 5 em."
              RenderBlock {P} at (190,140) size 561x36 [bgcolor=#00FFFF]
                RenderText {#text} at (0,0) size 557x36
                  text run at (0,0) width 557: "This sentence should have a left margin of 25%, which is calculated with respect to the"
                  text run at (0,18) width 180: "width of the parent element."
              RenderBlock {UL} at (29,192) size 722x108 [bgcolor=#808080]
                RenderListItem {LI} at (40,0) size 682x36
                  RenderListMarker at (-17,0) size 7x18: bullet
                  RenderText {#text} at (0,0) size 664x36
                    text run at (0,0) width 664: "The left margin on this unordered list has been set to 25 pixels, and its background color has been set to"
                    text run at (0,18) width 32: "gray."
                RenderListItem {LI} at (65,36) size 657x54 [bgcolor=#FFFFFF]
                  RenderListMarker at (-17,0) size 7x18: bullet
                  RenderText {#text} at (0,0) size 652x54
                    text run at (0,0) width 617: "Another list item might not be such a bad idea, either, considering that such things do need to be"
                    text run at (0,18) width 110: "double-checked. "
                    text run at (109,18) width 543: "This list item has its left margin also set to 25 pixels, which should combine with the"
                    text run at (0,36) width 570: "list's margin to make 50 pixels of margin, and its background color has been set to white."
                RenderListItem {LI} at (40,90) size 682x18
                  RenderListMarker at (-17,0) size 7x18: bullet
                  RenderText {#text} at (0,0) size 185x18
                    text run at (0,0) width 185: "This is an unclassed list item"
              RenderBlock {P} at (4,316) size 747x18 [bgcolor=#C0C0C0]
                RenderText {#text} at (0,0) size 208x18
                  text run at (0,0) width 208: "This element has a class of zero."
              RenderBlock {P} at (-6,350) size 757x54 [bgcolor=#00FFFF]
                RenderText {#text} at (0,0) size 751x54
                  text run at (0,0) width 740: "This paragraph has a left margin of -10px, which should cause it to be wider than it might otherwise be, and it has a"
                  text run at (0,18) width 149: "light blue background. "
                  text run at (148,18) width 394: "In all other respects, however, the element should be normal. "
                  text run at (541,18) width 210: "No styles have been applied to it"
                  text run at (0,36) width 374: "besides the negative left margin and the background color."
