layer at (0,0) size 800x600
  RenderView at (0,0) size 800x600
layer at (0,0) size 800x600
  RenderBlock {HTML} at (0,0) size 800x600
    RenderBody {BODY} at (8,8) size 784x584 [bgcolor=#CCCCCC]
      RenderBlock {P} at (0,0) size 784x18
        RenderText {#text} at (0,0) size 363x18
          text run at (0,0) width 363: "The style declarations which apply to the text below are:"
      RenderBlock {PRE} at (0,34) size 784x60
        RenderText {#text} at (0,0) size 383x60
          text run at (0,0) width 375: ".zero {background-color: silver; margin-top: 0;}"
          text run at (374,0) width 1: " "
          text run at (0,15) width 375: ".one {margin-top: 25px; background-color: aqua;}"
          text run at (374,15) width 1: " "
          text run at (0,30) width 383: ".two {margin-top: -10px; background-color: aqua;}"
          text run at (382,30) width 1: " "
          text run at (0,45) width 0: " "
      RenderBlock {HR} at (0,107) size 784x2 [border: (1px inset #000000)]
      RenderBlock {P} at (0,125) size 784x54 [bgcolor=#808080]
        RenderText {#text} at (0,0) size 486x18
          text run at (0,0) width 396: "This element is unstyled save for a background color of gray. "
          text run at (395,0) width 91: "It contains an "
        RenderInline {SPAN} at (0,0) size 772x36 [bgcolor=#00FFFF]
          RenderText {#text} at (485,0) size 148x18
            text run at (485,0) width 148: "inline element of class "
          RenderInline {TT} at (0,0) size 25x15
            RenderText {#text} at (632,2) size 25x15
              text run at (632,2) width 25: "one"
          RenderText {#text} at (656,0) size 772x36
            text run at (656,0) width 116: ", giving it an aqua"
            text run at (0,18) width 224: "background and a 25px top margin"
        RenderText {#text} at (223,18) size 764x36
          text run at (223,18) width 9: ". "
          text run at (231,18) width 533: "Margins on inline elements do not affect line-height calculations, so all lines in this"
          text run at (0,36) width 270: "element should have the same line-height."
      RenderBlock {P} at (0,195) size 784x54 [bgcolor=#808080]
        RenderText {#text} at (0,0) size 486x18
          text run at (0,0) width 396: "This element is unstyled save for a background color of gray. "
          text run at (395,0) width 91: "It contains an "
        RenderInline {SPAN} at (0,0) size 770x36 [bgcolor=#00FFFF]
          RenderText {#text} at (485,0) size 148x18
            text run at (485,0) width 148: "inline element of class "
          RenderInline {TT} at (0,0) size 25x15
            RenderText {#text} at (632,2) size 25x15
              text run at (632,2) width 25: "two"
          RenderText {#text} at (656,0) size 770x36
            text run at (656,0) width 114: ", giving the inline"
            text run at (0,18) width 337: "element an aqua background and a -10px top margin"
        RenderText {#text} at (336,18) size 780x36
          text run at (336,18) width 9: ". "
          text run at (344,18) width 436: "Margins on inline elements do not affect line-height calculations, so"
          text run at (0,36) width 368: "all lines in this element should have the same line-height."
      RenderTable {TABLE} at (0,265) size 784x160 [border: (1px outset #808080)]
        RenderTableSection {TBODY} at (1,1) size 782x158
          RenderTableRow {TR} at (0,0) size 782x26
            RenderTableCell {TD} at (0,0) size 782x26 [bgcolor=#C0C0C0] [border: (1px inset #808080)] [r=0 c=0 rs=1 cs=2]
              RenderInline {STRONG} at (0,0) size 161x18
                RenderText {#text} at (4,4) size 161x18
                  text run at (4,4) width 161: "TABLE Testing Section"
          RenderTableRow {TR} at (0,26) size 782x132
            RenderTableCell {TD} at (0,79) size 12x26 [bgcolor=#C0C0C0] [border: (1px inset #808080)] [r=1 c=0 rs=1 cs=1]
              RenderText {#text} at (4,4) size 4x18
                text run at (4,4) width 4: " "
            RenderTableCell {TD} at (12,26) size 770x132 [border: (1px inset #808080)] [r=1 c=1 rs=1 cs=1]
              RenderBlock {P} at (4,4) size 762x54 [bgcolor=#808080]
                RenderText {#text} at (0,0) size 486x18
                  text run at (0,0) width 396: "This element is unstyled save for a background color of gray. "
                  text run at (395,0) width 91: "It contains an "
                RenderInline {SPAN} at (0,0) size 738x36 [bgcolor=#00FFFF]
                  RenderText {#text} at (485,0) size 148x18
                    text run at (485,0) width 148: "inline element of class "
                  RenderInline {TT} at (0,0) size 25x15
                    RenderText {#text} at (632,2) size 25x15
                      text run at (632,2) width 25: "one"
                  RenderText {#text} at (656,0) size 738x36
                    text run at (656,0) width 82: ", giving it an"
                    text run at (0,18) width 258: "aqua background and a 25px top margin"
                RenderText {#text} at (257,18) size 755x36
                  text run at (257,18) width 9: ". "
                  text run at (265,18) width 490: "Margins on inline elements do not affect line-height calculations, so all lines"
                  text run at (0,36) width 313: "in this element should have the same line-height."
              RenderBlock {P} at (4,74) size 762x54 [bgcolor=#808080]
                RenderText {#text} at (0,0) size 486x18
                  text run at (0,0) width 396: "This element is unstyled save for a background color of gray. "
                  text run at (395,0) width 91: "It contains an "
                RenderInline {SPAN} at (0,0) size 729x36 [bgcolor=#00FFFF]
                  RenderText {#text} at (485,0) size 148x18
                    text run at (485,0) width 148: "inline element of class "
                  RenderInline {TT} at (0,0) size 25x15
                    RenderText {#text} at (632,2) size 25x15
                      text run at (632,2) width 25: "two"
                  RenderText {#text} at (656,0) size 729x36
                    text run at (656,0) width 73: ", giving the"
                    text run at (0,18) width 377: "inline element an aqua background and a -10px top margin"
                RenderText {#text} at (376,18) size 718x36
                  text run at (376,18) width 9: ". "
                  text run at (384,18) width 334: "Margins on inline elements do not affect line-height"
                  text run at (0,36) width 470: "calculations, so all lines in this element should have the same line-height."
