layer at (0,0) size 800x600
  RenderView at (0,0) size 800x600
layer at (0,0) size 800x600
  RenderBlock {HTML} at (0,0) size 800x600
    RenderBody {BODY} at (8,8) size 784x584 [bgcolor=#CCCCCC]
      RenderBlock {P} at (0,0) size 784x18
        RenderText {#text} at (0,0) size 363x18
          text run at (0,0) width 363: "The style declarations which apply to the text below are:"
      RenderBlock {PRE} at (0,34) size 784x30
        RenderText {#text} at (0,0) size 406x30
          text run at (0,0) width 398: ".one {margin-bottom: 25px; background-color: aqua;}"
          text run at (397,0) width 1: " "
          text run at (0,15) width 406: ".two {margin-bottom: -10px; background-color: aqua;}"
          text run at (405,15) width 1: " "
      RenderBlock {HR} at (0,77) size 784x2 [border: (1px inset #000000)]
      RenderBlock {P} at (0,95) size 784x54 [bgcolor=#808080]
        RenderText {#text} at (0,0) size 490x18
          text run at (0,0) width 400: "This element is unstyled save for a background color of gray.. "
          text run at (399,0) width 91: "It contains an "
        RenderInline {SPAN} at (0,0) size 776x36 [bgcolor=#00FFFF]
          RenderText {#text} at (489,0) size 148x18
            text run at (489,0) width 148: "inline element of class "
          RenderInline {TT} at (0,0) size 25x15
            RenderText {#text} at (636,2) size 25x15
              text run at (636,2) width 25: "one"
          RenderText {#text} at (660,0) size 776x36
            text run at (660,0) width 116: ", giving it an aqua"
            text run at (0,18) width 249: "background and a 25px bottom margin"
        RenderText {#text} at (248,18) size 775x36
          text run at (248,18) width 9: ". "
          text run at (256,18) width 519: "Margins on inline elements does not affect line-height calculations, so all lines in"
          text run at (0,36) width 297: "this element should have the same line-height."
      RenderBlock {P} at (0,165) size 784x54 [bgcolor=#808080]
        RenderText {#text} at (0,0) size 490x18
          text run at (0,0) width 400: "This element is unstyled save for a background color of gray.. "
          text run at (399,0) width 91: "It contains an "
        RenderInline {SPAN} at (0,0) size 776x36 [bgcolor=#00FFFF]
          RenderText {#text} at (489,0) size 148x18
            text run at (489,0) width 148: "inline element of class "
          RenderInline {TT} at (0,0) size 25x15
            RenderText {#text} at (636,2) size 25x15
              text run at (636,2) width 25: "two"
          RenderText {#text} at (660,0) size 776x36
            text run at (660,0) width 116: ", giving it an aqua"
            text run at (0,18) width 254: "background and a -10px bottom margin"
        RenderText {#text} at (253,18) size 781x36
          text run at (253,18) width 9: ". "
          text run at (261,18) width 520: "Margins on inline elements does not affect line-height calculations, so all lines in"
          text run at (0,36) width 297: "this element should have the same line-height."
      RenderTable {TABLE} at (0,235) size 784x160 [border: (1px outset #808080)]
        RenderTableSection {TBODY} at (1,1) size 782x158
          RenderTableRow {TR} at (0,0) size 782x26
            RenderTableCell {TD} at (0,0) size 783x26 [bgcolor=#C0C0C0] [border: (1px inset #808080)] [r=0 c=0 rs=1 cs=2]
              RenderInline {STRONG} at (0,0) size 161x18
                RenderText {#text} at (4,4) size 161x18
                  text run at (4,4) width 161: "TABLE Testing Section"
          RenderTableRow {TR} at (0,26) size 782x132
            RenderTableCell {TD} at (0,79) size 13x26 [bgcolor=#C0C0C0] [border: (1px inset #808080)] [r=1 c=0 rs=1 cs=1]
              RenderText {#text} at (4,4) size 4x18
                text run at (4,4) width 4: " "
            RenderTableCell {TD} at (12,26) size 771x132 [border: (1px inset #808080)] [r=1 c=1 rs=1 cs=1]
              RenderBlock {P} at (4,4) size 762x54 [bgcolor=#808080]
                RenderText {#text} at (0,0) size 490x18
                  text run at (0,0) width 400: "This element is unstyled save for a background color of gray.. "
                  text run at (399,0) width 91: "It contains an "
                RenderInline {SPAN} at (0,0) size 742x36 [bgcolor=#00FFFF]
                  RenderText {#text} at (489,0) size 148x18
                    text run at (489,0) width 148: "inline element of class "
                  RenderInline {TT} at (0,0) size 25x15
                    RenderText {#text} at (636,2) size 25x15
                      text run at (636,2) width 25: "one"
                  RenderText {#text} at (660,0) size 742x36
                    text run at (660,0) width 82: ", giving it an"
                    text run at (0,18) width 283: "aqua background and a 25px bottom margin"
                RenderText {#text} at (282,18) size 759x36
                  text run at (282,18) width 9: ". "
                  text run at (290,18) width 469: "Margins on inline elements does not affect line-height calculations, so all"
                  text run at (0,36) width 348: "lines in this element should have the same line-height."
              RenderBlock {P} at (4,74) size 762x54 [bgcolor=#808080]
                RenderText {#text} at (0,0) size 490x18
                  text run at (0,0) width 400: "This element is unstyled save for a background color of gray.. "
                  text run at (399,0) width 91: "It contains an "
                RenderInline {SPAN} at (0,0) size 742x36 [bgcolor=#00FFFF]
                  RenderText {#text} at (489,0) size 148x18
                    text run at (489,0) width 148: "inline element of class "
                  RenderInline {TT} at (0,0) size 25x15
                    RenderText {#text} at (636,2) size 25x15
                      text run at (636,2) width 25: "two"
                  RenderText {#text} at (660,0) size 742x36
                    text run at (660,0) width 82: ", giving it an"
                    text run at (0,18) width 288: "aqua background and a -10px bottom margin"
                RenderText {#text} at (287,18) size 744x36
                  text run at (287,18) width 9: ". "
                  text run at (295,18) width 449: "Margins on inline elements does not affect line-height calculations, so"
                  text run at (0,36) width 368: "all lines in this element should have the same line-height."
