layer at (0,0) size 800x600
  RenderView at (0,0) size 800x600
layer at (0,0) size 800x600
  RenderBlock {HTML} at (0,0) size 800x600
    RenderBody {BODY} at (8,8) size 784x584 [bgcolor=#CCCCCC]
      RenderBlock {P} at (0,0) size 784x18
        RenderText {#text} at (0,0) size 363x18
          text run at (0,0) width 363: "The style declarations which apply to the text below are:"
      RenderBlock {PRE} at (0,34) size 784x45
        RenderText {#text} at (0,0) size 398x45
          text run at (0,0) width 391: ".one {padding-left: 25px; background-color: aqua;}"
          text run at (390,0) width 1: " "
          text run at (0,15) width 398: ".two {padding-left: -10px; background-color: aqua;}"
          text run at (397,15) width 1: " "
          text run at (0,30) width 0: " "
      RenderBlock {HR} at (0,92) size 784x2 [border: (1px inset #000000)]
      RenderBlock {P} at (0,110) size 784x54 [bgcolor=#808080]
        RenderText {#text} at (0,0) size 551x18
          text run at (0,0) width 396: "This element is unstyled save for a background color of gray. "
          text run at (395,0) width 156: "However, it contains an "
        RenderInline {SPAN} at (0,0) size 197x18 [bgcolor=#00FFFF]
          RenderText {#text} at (575,0) size 149x18
            text run at (575,0) width 149: "inline element of class "
          RenderInline {TT} at (0,0) size 24x15
            RenderText {#text} at (723,2) size 24x15
              text run at (723,2) width 24: "one"
        RenderText {#text} at (0,18) size 582x18
          text run at (0,18) width 582: "which should result in 25-pixel left padding (which should also be a light blue) only in the "
        RenderInline {STRONG} at (0,0) size 29x18
          RenderText {#text} at (581,18) size 29x18
            text run at (581,18) width 29: "first"
        RenderText {#text} at (609,18) size 761x36
          text run at (609,18) width 152: " line in which the inline"
          text run at (0,36) width 81: "box appears."
      RenderBlock {P} at (0,180) size 784x54 [bgcolor=#808080]
        RenderText {#text} at (0,0) size 551x18
          text run at (0,0) width 396: "This element is unstyled save for a background color of gray. "
          text run at (395,0) width 156: "However, it contains an "
        RenderInline {SPAN} at (0,0) size 172x18 [bgcolor=#00FFFF]
          RenderText {#text} at (550,0) size 149x18
            text run at (550,0) width 149: "inline element of class "
          RenderInline {TT} at (0,0) size 24x15
            RenderText {#text} at (698,2) size 24x15
              text run at (698,2) width 24: "two"
        RenderText {#text} at (721,0) size 765x36
          text run at (721,0) width 44: " which"
          text run at (0,18) width 523: "should result in -10px left padding (which should also be a light blue) only in the "
        RenderInline {STRONG} at (0,0) size 29x18
          RenderText {#text} at (522,18) size 29x18
            text run at (522,18) width 29: "first"
        RenderText {#text} at (550,18) size 730x36
          text run at (550,18) width 180: " line in which the inline box"
          text run at (0,36) width 53: "appears."
      RenderTable {TABLE} at (0,250) size 784x160 [border: (1px outset #808080)]
        RenderTableSection {TBODY} at (1,1) size 782x158
          RenderTableRow {TR} at (0,0) size 782x26
            RenderTableCell {TD} at (0,0) size 782x26 [bgcolor=#C0C0C0] [border: (1px inset #808080)] [r=0 c=0 rs=1 cs=2]
              RenderInline {STRONG} at (0,0) size 161x18
                RenderText {#text} at (4,4) size 161x18
                  text run at (4,4) width 161: "TABLE Testing Section"
          RenderTableRow {TR} at (0,26) size 782x132
            RenderTableCell {TD} at (0,79) size 12x26 [bgcolor=#C0C0C0] [border: (1px inset #808080)] [r=1 c=0 rs=1 cs=1]
              RenderText {#text} at (4,4) size 4x18
                text run at (4,4) width 4: " "
            RenderTableCell {TD} at (12,26) size 770x132 [border: (1px inset #808080)] [r=1 c=1 rs=1 cs=1]
              RenderBlock {P} at (4,4) size 762x54 [bgcolor=#808080]
                RenderText {#text} at (0,0) size 551x18
                  text run at (0,0) width 396: "This element is unstyled save for a background color of gray. "
                  text run at (395,0) width 156: "However, it contains an "
                RenderInline {SPAN} at (0,0) size 197x18 [bgcolor=#00FFFF]
                  RenderText {#text} at (575,0) size 149x18
                    text run at (575,0) width 149: "inline element of class "
                  RenderInline {TT} at (0,0) size 24x15
                    RenderText {#text} at (723,2) size 24x15
                      text run at (723,2) width 24: "one"
                RenderText {#text} at (0,18) size 582x18
                  text run at (0,18) width 582: "which should result in 25-pixel left padding (which should also be a light blue) only in the "
                RenderInline {STRONG} at (0,0) size 29x18
                  RenderText {#text} at (581,18) size 29x18
                    text run at (581,18) width 29: "first"
                RenderText {#text} at (609,18) size 761x36
                  text run at (609,18) width 152: " line in which the inline"
                  text run at (0,36) width 81: "box appears."
              RenderBlock {P} at (4,74) size 762x54 [bgcolor=#808080]
                RenderText {#text} at (0,0) size 551x18
                  text run at (0,0) width 396: "This element is unstyled save for a background color of gray. "
                  text run at (395,0) width 156: "However, it contains an "
                RenderInline {SPAN} at (0,0) size 172x18 [bgcolor=#00FFFF]
                  RenderText {#text} at (550,0) size 149x18
                    text run at (550,0) width 149: "inline element of class "
                  RenderInline {TT} at (0,0) size 24x15
                    RenderText {#text} at (698,2) size 24x15
                      text run at (698,2) width 24: "two"
                RenderText {#text} at (0,18) size 566x18
                  text run at (0,18) width 566: "which should result in -10px left padding (which should also be a light blue) only in the "
                RenderInline {STRONG} at (0,0) size 29x18
                  RenderText {#text} at (565,18) size 29x18
                    text run at (565,18) width 29: "first"
                RenderText {#text} at (593,18) size 745x36
                  text run at (593,18) width 152: " line in which the inline"
                  text run at (0,36) width 81: "box appears."
