layer at (0,0) size 785x753
  RenderView at (0,0) size 785x600
layer at (0,0) size 785x753
  RenderBlock {HTML} at (0,0) size 785x753
    RenderBody {BODY} at (8,8) size 769x737 [bgcolor=#CCCCCC]
      RenderBlock {P} at (0,0) size 769x18
        RenderText {#text} at (0,0) size 363x18
          text run at (0,0) width 363: "The style declarations which apply to the text below are:"
      RenderBlock {PRE} at (0,34) size 769x60
        RenderText {#text} at (0,0) size 359x60
          text run at (0,0) width 352: ".zero {background-color: silver; padding: 0;}"
          text run at (351,0) width 1: " "
          text run at (0,15) width 352: ".one {padding: 25px; background-color: aqua;}"
          text run at (351,15) width 1: " "
          text run at (0,30) width 359: ".two {padding: -10px; background-color: aqua;}"
          text run at (358,30) width 1: " "
          text run at (0,45) width 0: " "
      RenderBlock {HR} at (0,107) size 769x2 [border: (1px inset #000000)]
      RenderBlock {P} at (0,125) size 769x18 [bgcolor=#C0C0C0]
        RenderText {#text} at (0,0) size 208x18
          text run at (0,0) width 208: "This element has a class of zero."
      RenderBlock {P} at (0,159) size 769x108 [bgcolor=#808080]
        RenderText {#text} at (0,0) size 486x18
          text run at (0,0) width 396: "This element is unstyled save for a background color of gray. "
          text run at (395,0) width 91: "It contains an "
        RenderInline {SPAN} at (0,0) size 763x86 [bgcolor=#00FFFF]
          RenderText {#text} at (510,0) size 148x18
            text run at (510,0) width 148: "inline element of class "
          RenderInline {TT} at (0,0) size 25x15
            RenderText {#text} at (657,2) size 25x15
              text run at (657,2) width 25: "one"
          RenderText {#text} at (681,0) size 763x36
            text run at (681,0) width 82: ", giving it an"
            text run at (0,18) width 240: "aqua background and a 25px padding"
        RenderText {#text} at (264,18) size 747x90
          text run at (264,18) width 9: ". "
          text run at (272,18) width 469: "Padding on inline elements does not affect line-height calculations, so all"
          text run at (0,36) width 352: "lines in this element should have the same line-height. "
          text run at (351,36) width 396: "There may be implementation-specific limits on how much of"
          text run at (0,54) width 462: "the padding the user agent is able to display above and below each line. "
          text run at (461,54) width 267: "However, there should be at least 25px of"
          text run at (0,72) width 744: "padding to the left side of the inline box in the first line it appears, and 25px of padding to the right side of the inline"
          text run at (0,90) width 286: "element box in the last line where it appears."
      RenderBlock {P} at (0,283) size 769x18 [bgcolor=#C0C0C0]
        RenderText {#text} at (0,0) size 208x18
          text run at (0,0) width 208: "This element has a class of zero."
      RenderBlock {P} at (0,317) size 769x54 [bgcolor=#808080]
        RenderText {#text} at (0,0) size 486x18
          text run at (0,0) width 396: "This element is unstyled save for a background color of gray. "
          text run at (395,0) width 91: "It contains an "
        RenderInline {SPAN} at (0,0) size 738x36 [bgcolor=#00FFFF]
          RenderText {#text} at (485,0) size 148x18
            text run at (485,0) width 148: "inline element of class "
          RenderInline {TT} at (0,0) size 25x15
            RenderText {#text} at (632,2) size 25x15
              text run at (632,2) width 25: "two"
          RenderText {#text} at (656,0) size 738x36
            text run at (656,0) width 82: ", giving it an"
            text run at (0,18) width 515: "aqua background and no padding, since negative padding values are not allowed"
        RenderText {#text} at (514,18) size 755x36
          text run at (514,18) width 9: ". "
          text run at (522,18) width 233: "Padding on inline elements does not"
          text run at (0,36) width 584: "affect line-height calculations, so all lines in this element should have the same line-height."
      RenderBlock {P} at (0,387) size 769x18 [bgcolor=#C0C0C0]
        RenderText {#text} at (0,0) size 208x18
          text run at (0,0) width 208: "This element has a class of zero."
      RenderTable {TABLE} at (0,421) size 769x316 [border: (1px outset #808080)]
        RenderTableSection {TBODY} at (1,1) size 767x314
          RenderTableRow {TR} at (0,0) size 767x26
            RenderTableCell {TD} at (0,0) size 767x26 [bgcolor=#C0C0C0] [border: (1px inset #808080)] [r=0 c=0 rs=1 cs=2]
              RenderInline {STRONG} at (0,0) size 161x18
                RenderText {#text} at (4,4) size 161x18
                  text run at (4,4) width 161: "TABLE Testing Section"
          RenderTableRow {TR} at (0,26) size 767x288
            RenderTableCell {TD} at (0,157) size 12x26 [bgcolor=#C0C0C0] [border: (1px inset #808080)] [r=1 c=0 rs=1 cs=1]
              RenderText {#text} at (4,4) size 4x18
                text run at (4,4) width 4: " "
            RenderTableCell {TD} at (12,26) size 755x288 [border: (1px inset #808080)] [r=1 c=1 rs=1 cs=1]
              RenderBlock {P} at (4,4) size 747x18 [bgcolor=#C0C0C0]
                RenderText {#text} at (0,0) size 208x18
                  text run at (0,0) width 208: "This element has a class of zero."
              RenderBlock {P} at (4,38) size 747x108 [bgcolor=#808080]
                RenderText {#text} at (0,0) size 486x18
                  text run at (0,0) width 396: "This element is unstyled save for a background color of gray. "
                  text run at (395,0) width 91: "It contains an "
                RenderInline {SPAN} at (0,0) size 744x86 [bgcolor=#00FFFF]
                  RenderText {#text} at (510,0) size 148x18
                    text run at (510,0) width 148: "inline element of class "
                  RenderInline {TT} at (0,0) size 25x15
                    RenderText {#text} at (657,2) size 25x15
                      text run at (657,2) width 25: "one"
                  RenderText {#text} at (681,0) size 744x36
                    text run at (681,0) width 63: ", giving it"
                    text run at (0,18) width 259: "an aqua background and a 25px padding"
                RenderText {#text} at (283,18) size 740x90
                  text run at (283,18) width 9: ". "
                  text run at (291,18) width 449: "Padding on inline elements does not affect line-height calculations, so"
                  text run at (0,36) width 372: "all lines in this element should have the same line-height. "
                  text run at (371,36) width 339: "There may be implementation-specific limits on how"
                  text run at (0,54) width 519: "much of the padding the user agent is able to display above and below each line. "
                  text run at (518,54) width 214: "However, there should be at least"
                  text run at (0,72) width 734: "25px of padding to the left side of the inline box in the first line it appears, and 25px of padding to the right side of"
                  text run at (0,90) width 350: "the inline element box in the last line where it appears."
              RenderBlock {P} at (4,162) size 747x18 [bgcolor=#C0C0C0]
                RenderText {#text} at (0,0) size 208x18
                  text run at (0,0) width 208: "This element has a class of zero."
              RenderBlock {P} at (4,196) size 747x54 [bgcolor=#808080]
                RenderText {#text} at (0,0) size 486x18
                  text run at (0,0) width 396: "This element is unstyled save for a background color of gray. "
                  text run at (395,0) width 91: "It contains an "
                RenderInline {SPAN} at (0,0) size 738x36 [bgcolor=#00FFFF]
                  RenderText {#text} at (485,0) size 148x18
                    text run at (485,0) width 148: "inline element of class "
                  RenderInline {TT} at (0,0) size 25x15
                    RenderText {#text} at (632,2) size 25x15
                      text run at (632,2) width 25: "two"
                  RenderText {#text} at (656,0) size 738x36
                    text run at (656,0) width 82: ", giving it an"
                    text run at (0,18) width 515: "aqua background and no padding, since negative padding values are not allowed"
                RenderText {#text} at (514,18) size 730x36
                  text run at (514,18) width 9: ". "
                  text run at (522,18) width 208: "Padding on inline elements does"
                  text run at (0,36) width 608: "not affect line-height calculations, so all lines in this element should have the same line-height."
              RenderBlock {P} at (4,266) size 747x18 [bgcolor=#C0C0C0]
                RenderText {#text} at (0,0) size 208x18
                  text run at (0,0) width 208: "This element has a class of zero."
