layer at (0,0) size 785x6130
  RenderView at (0,0) size 785x600
layer at (0,0) size 785x6130
  RenderBlock {HTML} at (0,0) size 785x6130
    RenderBody {BODY} at (8,8) size 769x6106
      RenderBlock {P} at (0,0) size 769x18
        RenderText {#text} at (0,0) size 306x17
          text run at (0,0) width 306: "Tests the resolved level of runs of neutral types."
      RenderBlock {DIV} at (0,34) size 769x3028
        RenderBlock {P} at (0,0) size 769x18
          RenderText {#text} at (0,0) size 44x17
            text run at (0,0) width 44: "ab(^cd"
        RenderBlock {P} at (0,34) size 769x18
          RenderText {#text} at (0,0) size 46x17
            text run at (0,0) width 18 RTL: "\x{5D0}\x{5D1}"
            text run at (17,0) width 29: "(^cd"
        RenderBlock {P} at (0,68) size 769x19
          RenderText {#text} at (0,1) size 48x17
            text run at (0,1) width 20 RTL: "\x{627}\x{628}"
            text run at (19,1) width 29: "(^cd"
        RenderBlock {P} at (0,103) size 769x18
          RenderText {#text} at (0,0) size 60x17
            text run at (0,0) width 60: "ab12(^cd"
        RenderBlock {P} at (0,137) size 769x18
          RenderText {#text} at (0,0) size 62x17
            text run at (0,0) width 16: "12"
            text run at (16,0) width 18 RTL: "\x{5D0}\x{5D1}"
            text run at (33,0) width 29: "(^cd"
        RenderBlock {P} at (0,171) size 769x19
          RenderText {#text} at (0,1) size 64x17
            text run at (0,1) width 16: "12"
            text run at (16,1) width 20 RTL: "\x{627}\x{628}"
            text run at (35,1) width 29: "(^cd"
        RenderBlock {P} at (0,206) size 769x19
          RenderText {#text} at (0,1) size 61x17
            text run at (0,1) width 61: "ab\x{661}\x{662}(^cd"
        RenderBlock {P} at (0,241) size 769x19
          RenderText {#text} at (0,1) size 63x17
            text run at (0,1) width 18: "\x{661}\x{662}"
            text run at (17,1) width 18 RTL: "\x{5D0}\x{5D1}"
            text run at (34,1) width 29: "(^cd"
        RenderBlock {P} at (0,276) size 769x19
          RenderText {#text} at (0,1) size 65x17
            text run at (0,1) width 18: "\x{661}\x{662}"
            text run at (17,1) width 20 RTL: "\x{627}\x{628}"
            text run at (36,1) width 29: "(^cd"
        RenderBlock {P} at (0,311) size 769x18
          RenderText {#text} at (0,0) size 36x17
            text run at (0,0) width 36: "\x{202A}?\x{202C}(^cd"
        RenderBlock {P} at (0,345) size 769x18
          RenderText {#text} at (0,0) size 36x17
            text run at (0,0) width 8 RTL: "\x{202B}?"
            text run at (7,0) width 29: "\x{202C}(^cd"
        RenderBlock {P} at (0,379) size 769x18
          RenderText {#text} at (0,0) size 41x17
            text run at (0,0) width 28: "ab(^"
            text run at (27,0) width 14 RTL: "\x{5D2}\x{5D3}"
        RenderBlock {P} at (0,413) size 769x18
          RenderText {#text} at (0,0) size 44x17
            text run at (0,0) width 44 RTL: "\x{5D0}\x{5D1}(^\x{5D2}\x{5D3}"
        RenderBlock {P} at (0,447) size 769x19
          RenderText {#text} at (0,1) size 46x17
            text run at (0,1) width 46 RTL: "\x{627}\x{628}(^\x{5D2}\x{5D3}"
        RenderBlock {P} at (0,482) size 769x18
          RenderText {#text} at (0,0) size 57x17
            text run at (0,0) width 44: "ab12(^"
            text run at (43,0) width 14 RTL: "\x{5D2}\x{5D3}"
        RenderBlock {P} at (0,516) size 769x18
          RenderText {#text} at (0,0) size 60x17
            text run at (0,0) width 26 RTL: "(^\x{5D2}\x{5D3}"
            text run at (25,0) width 17: "12"
            text run at (41,0) width 19 RTL: "\x{5D0}\x{5D1}"
        RenderBlock {P} at (0,550) size 769x19
          RenderText {#text} at (0,1) size 62x17
            text run at (0,1) width 26 RTL: "(^\x{5D2}\x{5D3}"
            text run at (25,1) width 17: "12"
            text run at (41,1) width 21 RTL: "\x{627}\x{628}"
        RenderBlock {P} at (0,585) size 769x19
          RenderText {#text} at (0,1) size 59x17
            text run at (0,1) width 16: "ab"
            text run at (15,1) width 26 RTL: "(^\x{5D2}\x{5D3}"
            text run at (40,1) width 19: "\x{661}\x{662}"
        RenderBlock {P} at (0,620) size 769x19
          RenderText {#text} at (0,1) size 61x17
            text run at (0,1) width 26 RTL: "(^\x{5D2}\x{5D3}"
            text run at (25,1) width 18: "\x{661}\x{662}"
            text run at (43,1) width 18 RTL: "\x{5D0}\x{5D1}"
        RenderBlock {P} at (0,655) size 769x19
          RenderText {#text} at (0,1) size 63x17
            text run at (0,1) width 26 RTL: "(^\x{5D2}\x{5D3}"
            text run at (25,1) width 18: "\x{661}\x{662}"
            text run at (43,1) width 20 RTL: "\x{627}\x{628}"
        RenderBlock {P} at (0,690) size 769x18
          RenderText {#text} at (0,0) size 33x17
            text run at (0,0) width 8: "\x{202A}?"
            text run at (7,0) width 13: "\x{202C}(^"
            text run at (19,0) width 14 RTL: "\x{5D2}\x{5D3}"
        RenderBlock {P} at (0,724) size 769x18
          RenderText {#text} at (0,0) size 33x17
            text run at (0,0) width 33 RTL: "\x{202B}?\x{202C}(^\x{5D2}\x{5D3}"
        RenderBlock {P} at (0,758) size 769x19
          RenderText {#text} at (0,1) size 47x17
            text run at (0,1) width 28: "ab(^"
            text run at (27,1) width 20 RTL: "\x{62C}\x{62F}"
        RenderBlock {P} at (0,793) size 769x19
          RenderText {#text} at (0,1) size 49x17
            text run at (0,1) width 49 RTL: "\x{5D0}\x{5D1}(^\x{62C}\x{62F}"
        RenderBlock {P} at (0,828) size 769x19
          RenderText {#text} at (0,1) size 51x17
            text run at (0,1) width 51 RTL: "\x{627}\x{628}(^\x{62C}\x{62F}"
        RenderBlock {P} at (0,863) size 769x19
          RenderText {#text} at (0,1) size 63x17
            text run at (0,1) width 44: "ab12(^"
            text run at (43,1) width 20 RTL: "\x{62C}\x{62F}"
        RenderBlock {P} at (0,898) size 769x19
          RenderText {#text} at (0,1) size 65x17
            text run at (0,1) width 32 RTL: "(^\x{62C}\x{62F}"
            text run at (31,1) width 17: "12"
            text run at (47,1) width 18 RTL: "\x{5D0}\x{5D1}"
        RenderBlock {P} at (0,933) size 769x19
          RenderText {#text} at (0,1) size 67x17
            text run at (0,1) width 32 RTL: "(^\x{62C}\x{62F}"
            text run at (31,1) width 17: "12"
            text run at (47,1) width 20 RTL: "\x{627}\x{628}"
        RenderBlock {P} at (0,968) size 769x19
          RenderText {#text} at (0,1) size 64x17
            text run at (0,1) width 16: "ab"
            text run at (15,1) width 32 RTL: "(^\x{62C}\x{62F}"
            text run at (46,1) width 18: "\x{661}\x{662}"
        RenderBlock {P} at (0,1003) size 769x19
          RenderText {#text} at (0,1) size 66x17
            text run at (0,1) width 32 RTL: "(^\x{62C}\x{62F}"
            text run at (31,1) width 18: "\x{661}\x{662}"
            text run at (48,1) width 18 RTL: "\x{5D0}\x{5D1}"
        RenderBlock {P} at (0,1038) size 769x19
          RenderText {#text} at (0,1) size 68x17
            text run at (0,1) width 32 RTL: "(^\x{62C}\x{62F}"
            text run at (31,1) width 18: "\x{661}\x{662}"
            text run at (48,1) width 20 RTL: "\x{627}\x{628}"
        RenderBlock {P} at (0,1073) size 769x19
          RenderText {#text} at (0,1) size 39x17
            text run at (0,1) width 8: "\x{202A}?"
            text run at (7,1) width 13: "\x{202C}(^"
            text run at (19,1) width 20 RTL: "\x{62C}\x{62F}"
        RenderBlock {P} at (0,1108) size 769x19
          RenderText {#text} at (0,1) size 39x17
            text run at (0,1) width 39 RTL: "\x{202B}?\x{202C}(^\x{62C}\x{62F}"
        RenderBlock {P} at (0,1143) size 769x18
          RenderText {#text} at (0,0) size 63x17
            text run at (0,0) width 44: "ab(^34"
            text run at (43,0) width 13 RTL: "\x{5E9}"
            text run at (55,0) width 8: "z"
        RenderBlock {P} at (0,1177) size 769x18
          RenderText {#text} at (0,0) size 65x17
            text run at (0,0) width 12 RTL: "\x{5E9}"
            text run at (11,0) width 17: "34"
            text run at (27,0) width 31 RTL: "\x{5D0}\x{5D1}(^"
            text run at (57,0) width 8: "z"
        RenderBlock {P} at (0,1211) size 769x19
          RenderText {#text} at (0,1) size 67x17
            text run at (0,1) width 12 RTL: "\x{5E9}"
            text run at (11,1) width 17: "34"
            text run at (27,1) width 33 RTL: "\x{627}\x{628}(^"
            text run at (59,1) width 8: "z"
        RenderBlock {P} at (0,1246) size 769x18
          RenderText {#text} at (0,0) size 79x17
            text run at (0,0) width 60: "ab12(^34"
            text run at (59,0) width 13 RTL: "\x{5E9}"
            text run at (71,0) width 8: "z"
        RenderBlock {P} at (0,1280) size 769x18
          RenderText {#text} at (0,0) size 81x17
            text run at (0,0) width 12 RTL: "\x{5E9}"
            text run at (11,0) width 17: "34"
            text run at (27,0) width 14 RTL: "(^"
            text run at (40,0) width 17: "12"
            text run at (56,0) width 18 RTL: "\x{5D0}\x{5D1}"
            text run at (73,0) width 8: "z"
        RenderBlock {P} at (0,1314) size 769x19
          RenderText {#text} at (0,1) size 83x17
            text run at (0,1) width 12 RTL: "\x{5E9}"
            text run at (11,1) width 17: "34"
            text run at (27,1) width 14 RTL: "(^"
            text run at (40,1) width 17: "12"
            text run at (56,1) width 20 RTL: "\x{627}\x{628}"
            text run at (75,1) width 8: "z"
        RenderBlock {P} at (0,1349) size 769x19
          RenderText {#text} at (0,1) size 80x17
            text run at (0,1) width 16: "ab"
            text run at (15,1) width 18: "\x{661}\x{662}"
            text run at (32,1) width 30: "(^34"
            text run at (61,1) width 12 RTL: "\x{5E9}"
            text run at (72,1) width 8: "z"
        RenderBlock {P} at (0,1384) size 769x19
          RenderText {#text} at (0,1) size 82x17
            text run at (0,1) width 12 RTL: "\x{5E9}"
            text run at (11,1) width 17: "34"
            text run at (27,1) width 14 RTL: "(^"
            text run at (40,1) width 18: "\x{661}\x{662}"
            text run at (57,1) width 18 RTL: "\x{5D0}\x{5D1}"
            text run at (74,1) width 8: "z"
        RenderBlock {P} at (0,1419) size 769x19
          RenderText {#text} at (0,1) size 84x17
            text run at (0,1) width 12 RTL: "\x{5E9}"
            text run at (11,1) width 17: "34"
            text run at (27,1) width 14 RTL: "(^"
            text run at (40,1) width 18: "\x{661}\x{662}"
            text run at (57,1) width 20 RTL: "\x{627}\x{628}"
            text run at (76,1) width 8: "z"
        RenderBlock {P} at (0,1454) size 769x18
          RenderText {#text} at (0,0) size 55x17
            text run at (0,0) width 8: "\x{202A}?"
            text run at (7,0) width 29: "\x{202C}(^34"
            text run at (35,0) width 13 RTL: "\x{5E9}"
            text run at (47,0) width 8: "z"
        RenderBlock {P} at (0,1488) size 769x18
          RenderText {#text} at (0,0) size 55x17
            text run at (0,0) width 12 RTL: "\x{5E9}"
            text run at (11,0) width 17: "34"
            text run at (27,0) width 21 RTL: "\x{202B}?\x{202C}(^"
            text run at (47,0) width 8: "z"
        RenderBlock {P} at (0,1522) size 769x19
          RenderText {#text} at (0,1) size 64x17
            text run at (0,1) width 28: "ab(^"
            text run at (27,1) width 13 RTL: "\x{5E9}"
            text run at (39,1) width 18: "\x{663}\x{664}"
            text run at (56,1) width 8: "z"
        RenderBlock {P} at (0,1557) size 769x19
          RenderText {#text} at (0,1) size 66x17
            text run at (0,1) width 12 RTL: "\x{5E9}"
            text run at (11,1) width 18: "\x{663}\x{664}"
            text run at (28,1) width 31 RTL: "\x{5D0}\x{5D1}(^"
            text run at (58,1) width 8: "z"
        RenderBlock {P} at (0,1592) size 769x19
          RenderText {#text} at (0,1) size 68x17
            text run at (0,1) width 12 RTL: "\x{5E9}"
            text run at (11,1) width 18: "\x{663}\x{664}"
            text run at (28,1) width 33 RTL: "\x{627}\x{628}(^"
            text run at (60,1) width 8: "z"
        RenderBlock {P} at (0,1627) size 769x19
          RenderText {#text} at (0,1) size 80x17
            text run at (0,1) width 44: "ab12(^"
            text run at (43,1) width 13 RTL: "\x{5E9}"
            text run at (55,1) width 18: "\x{663}\x{664}"
            text run at (72,1) width 8: "z"
        RenderBlock {P} at (0,1662) size 769x19
          RenderText {#text} at (0,1) size 82x17
            text run at (0,1) width 12 RTL: "\x{5E9}"
            text run at (11,1) width 18: "\x{663}\x{664}"
            text run at (28,1) width 14 RTL: "(^"
            text run at (41,1) width 17: "12"
            text run at (57,1) width 18 RTL: "\x{5D0}\x{5D1}"
            text run at (74,1) width 8: "z"
        RenderBlock {P} at (0,1697) size 769x19
          RenderText {#text} at (0,1) size 84x17
            text run at (0,1) width 12 RTL: "\x{5E9}"
            text run at (11,1) width 18: "\x{663}\x{664}"
            text run at (28,1) width 14 RTL: "(^"
            text run at (41,1) width 17: "12"
            text run at (57,1) width 20 RTL: "\x{627}\x{628}"
            text run at (76,1) width 8: "z"
        RenderBlock {P} at (0,1732) size 769x19
          RenderText {#text} at (0,1) size 81x17
            text run at (0,1) width 16: "ab"
            text run at (15,1) width 12 RTL: "\x{5E9}"
            text run at (26,1) width 18: "\x{663}\x{664}"
            text run at (43,1) width 14 RTL: "(^"
            text run at (56,1) width 18: "\x{661}\x{662}"
            text run at (73,1) width 8: "z"
        RenderBlock {P} at (0,1767) size 769x19
          RenderText {#text} at (0,1) size 83x17
            text run at (0,1) width 12 RTL: "\x{5E9}"
            text run at (11,1) width 18: "\x{663}\x{664}"
            text run at (28,1) width 14 RTL: "(^"
            text run at (41,1) width 18: "\x{661}\x{662}"
            text run at (58,1) width 18 RTL: "\x{5D0}\x{5D1}"
            text run at (75,1) width 8: "z"
        RenderBlock {P} at (0,1802) size 769x19
          RenderText {#text} at (0,1) size 86x17
            text run at (0,1) width 12 RTL: "\x{5E9}"
            text run at (11,1) width 18: "\x{663}\x{664}"
            text run at (28,1) width 14 RTL: "(^"
            text run at (41,1) width 18: "\x{661}\x{662}"
            text run at (58,1) width 21 RTL: "\x{627}\x{628}"
            text run at (78,1) width 8: "z"
        RenderBlock {P} at (0,1837) size 769x19
          RenderText {#text} at (0,1) size 56x17
            text run at (0,1) width 8: "\x{202A}?"
            text run at (7,1) width 13: "\x{202C}(^"
            text run at (19,1) width 13 RTL: "\x{5E9}"
            text run at (31,1) width 18: "\x{663}\x{664}"
            text run at (48,1) width 8: "z"
        RenderBlock {P} at (0,1872) size 769x19
          RenderText {#text} at (0,1) size 56x17
            text run at (0,1) width 12 RTL: "\x{5E9}"
            text run at (11,1) width 18: "\x{663}\x{664}"
            text run at (28,1) width 21 RTL: "\x{202B}?\x{202C}(^"
            text run at (48,1) width 8: "z"
        RenderBlock {P} at (0,1907) size 769x18
          RenderText {#text} at (0,0) size 34x17
            text run at (0,0) width 34: "ab(^\x{202A}!\x{202C}"
        RenderBlock {P} at (0,1941) size 769x18
          RenderText {#text} at (0,0) size 36x17
            text run at (0,0) width 18 RTL: "\x{5D0}\x{5D1}"
            text run at (17,0) width 14: "(^"
            text run at (30,0) width 6: "\x{202A}!"
            text run at (35,0) width 1: "\x{202C}"
        RenderBlock {P} at (0,1975) size 769x19
          RenderText {#text} at (0,1) size 38x17
            text run at (0,1) width 20 RTL: "\x{627}\x{628}"
            text run at (19,1) width 14: "(^"
            text run at (32,1) width 6: "\x{202A}!"
            text run at (37,1) width 1: "\x{202C}"
        RenderBlock {P} at (0,2010) size 769x18
          RenderText {#text} at (0,0) size 50x17
            text run at (0,0) width 50: "ab12(^\x{202A}!\x{202C}"
        RenderBlock {P} at (0,2044) size 769x18
          RenderText {#text} at (0,0) size 52x17
            text run at (0,0) width 16: "12"
            text run at (16,0) width 18 RTL: "\x{5D0}\x{5D1}"
            text run at (33,0) width 14: "(^"
            text run at (46,0) width 6: "\x{202A}!"
            text run at (51,0) width 1: "\x{202C}"
        RenderBlock {P} at (0,2078) size 769x19
          RenderText {#text} at (0,1) size 54x17
            text run at (0,1) width 16: "12"
            text run at (16,1) width 20 RTL: "\x{627}\x{628}"
            text run at (35,1) width 14: "(^"
            text run at (48,1) width 6: "\x{202A}!"
            text run at (53,1) width 1: "\x{202C}"
        RenderBlock {P} at (0,2113) size 769x19
          RenderText {#text} at (0,1) size 51x17
            text run at (0,1) width 16: "ab"
            text run at (15,1) width 18: "\x{661}\x{662}"
            text run at (32,1) width 14: "(^"
            text run at (45,1) width 6: "\x{202A}!"
            text run at (50,1) width 1: "\x{202C}"
        RenderBlock {P} at (0,2148) size 769x19
          RenderText {#text} at (0,1) size 53x17
            text run at (0,1) width 18: "\x{661}\x{662}"
            text run at (17,1) width 18 RTL: "\x{5D0}\x{5D1}"
            text run at (34,1) width 14: "(^"
            text run at (47,1) width 6: "\x{202A}!"
            text run at (52,1) width 1: "\x{202C}"
        RenderBlock {P} at (0,2183) size 769x19
          RenderText {#text} at (0,1) size 55x17
            text run at (0,1) width 18: "\x{661}\x{662}"
            text run at (17,1) width 20 RTL: "\x{627}\x{628}"
            text run at (36,1) width 14: "(^"
            text run at (49,1) width 6: "\x{202A}!"
            text run at (54,1) width 1: "\x{202C}"
        RenderBlock {P} at (0,2218) size 769x18
          RenderText {#text} at (0,0) size 26x17
            text run at (0,0) width 26: "\x{202A}?\x{202C}(^\x{202A}!\x{202C}"
        RenderBlock {P} at (0,2252) size 769x18
          RenderText {#text} at (0,0) size 26x17
            text run at (0,0) width 8 RTL: "\x{202B}?"
            text run at (7,0) width 13: "\x{202C}(^"
            text run at (19,0) width 7: "\x{202A}!"
            text run at (25,0) width 1: "\x{202C}"
        RenderBlock {P} at (0,2286) size 769x18
          RenderText {#text} at (0,0) size 34x17
            text run at (0,0) width 28: "ab(^"
            text run at (27,0) width 7 RTL: "\x{202B}!"
            text run at (33,0) width 1: "\x{202C}"
        RenderBlock {P} at (0,2320) size 769x18
          RenderText {#text} at (0,0) size 36x17
            text run at (0,0) width 36 RTL: "\x{5D0}\x{5D1}(^\x{202B}!"
            text run at (35,0) width 1: "\x{202C}"
        RenderBlock {P} at (0,2354) size 769x19
          RenderText {#text} at (0,1) size 38x17
            text run at (0,1) width 38 RTL: "\x{627}\x{628}(^\x{202B}!"
            text run at (37,1) width 1: "\x{202C}"
        RenderBlock {P} at (0,2389) size 769x18
          RenderText {#text} at (0,0) size 50x17
            text run at (0,0) width 44: "ab12(^"
            text run at (43,0) width 7 RTL: "\x{202B}!"
            text run at (49,0) width 1: "\x{202C}"
        RenderBlock {P} at (0,2423) size 769x18
          RenderText {#text} at (0,0) size 52x17
            text run at (0,0) width 19 RTL: "(^\x{202B}!"
            text run at (18,0) width 17: "12"
            text run at (34,0) width 18 RTL: "\x{5D0}\x{5D1}"
            text run at (51,0) width 1: "\x{202C}"
        RenderBlock {P} at (0,2457) size 769x19
          RenderText {#text} at (0,1) size 54x17
            text run at (0,1) width 19 RTL: "(^\x{202B}!"
            text run at (18,1) width 17: "12"
            text run at (34,1) width 20 RTL: "\x{627}\x{628}"
            text run at (53,1) width 1: "\x{202C}"
        RenderBlock {P} at (0,2492) size 769x19
          RenderText {#text} at (0,1) size 51x17
            text run at (0,1) width 16: "ab"
            text run at (15,1) width 19 RTL: "(^\x{202B}!"
            text run at (33,1) width 18: "\x{661}\x{662}"
            text run at (50,1) width 1: "\x{202C}"
        RenderBlock {P} at (0,2527) size 769x19
          RenderText {#text} at (0,1) size 53x17
            text run at (0,1) width 19 RTL: "(^\x{202B}!"
            text run at (18,1) width 18: "\x{661}\x{662}"
            text run at (35,1) width 18 RTL: "\x{5D0}\x{5D1}"
            text run at (52,1) width 1: "\x{202C}"
        RenderBlock {P} at (0,2562) size 769x19
          RenderText {#text} at (0,1) size 55x17
            text run at (0,1) width 19 RTL: "(^\x{202B}!"
            text run at (18,1) width 18: "\x{661}\x{662}"
            text run at (35,1) width 20 RTL: "\x{627}\x{628}"
            text run at (54,1) width 1: "\x{202C}"
        RenderBlock {P} at (0,2597) size 769x18
          RenderText {#text} at (0,0) size 26x17
            text run at (0,0) width 8: "\x{202A}?"
            text run at (7,0) width 13: "\x{202C}(^"
            text run at (19,0) width 7 RTL: "\x{202B}!"
            text run at (25,0) width 1: "\x{202C}"
        RenderBlock {P} at (0,2631) size 769x18
          RenderText {#text} at (0,0) size 26x17
            text run at (0,0) width 26 RTL: "\x{202B}?\x{202C}(^\x{202B}!"
            text run at (25,0) width 1: "\x{202C}"
        RenderBlock {P} at (0,2665) size 769x18
          RenderText {#text} at (0,0) size 28x17
            text run at (0,0) width 28: "\x{202A}ab(^\x{202C}"
        RenderBlock {P} at (0,2699) size 769x18
          RenderText {#text} at (0,0) size 31x17
            text run at (0,0) width 18 RTL: "\x{202A}\x{5D0}\x{5D1}"
            text run at (17,0) width 14: "(^"
            text run at (30,0) width 1: "\x{202C}"
        RenderBlock {P} at (0,2733) size 769x19
          RenderText {#text} at (0,1) size 33x17
            text run at (0,1) width 20 RTL: "\x{202A}\x{627}\x{628}"
            text run at (19,1) width 14: "(^"
            text run at (32,1) width 1: "\x{202C}"
        RenderBlock {P} at (0,2768) size 769x18
          RenderText {#text} at (0,0) size 44x17
            text run at (0,0) width 44: "\x{202A}ab12(^\x{202C}"
        RenderBlock {P} at (0,2802) size 769x18
          RenderText {#text} at (0,0) size 47x17
            text run at (0,0) width 16: "12"
            text run at (16,0) width 18 RTL: "\x{202A}\x{5D0}\x{5D1}"
            text run at (33,0) width 14: "(^"
            text run at (46,0) width 1: "\x{202C}"
        RenderBlock {P} at (0,2836) size 769x19
          RenderText {#text} at (0,1) size 49x17
            text run at (0,1) width 16: "12"
            text run at (16,1) width 20 RTL: "\x{202A}\x{627}\x{628}"
            text run at (35,1) width 14: "(^"
            text run at (48,1) width 1: "\x{202C}"
        RenderBlock {P} at (0,2871) size 769x19
          RenderText {#text} at (0,1) size 46x17
            text run at (0,1) width 16: "\x{202A}ab"
            text run at (15,1) width 18: "\x{661}\x{662}"
            text run at (32,1) width 14: "(^"
            text run at (45,1) width 1: "\x{202C}"
        RenderBlock {P} at (0,2906) size 769x19
          RenderText {#text} at (0,1) size 48x17
            text run at (0,1) width 18: "\x{661}\x{662}"
            text run at (17,1) width 18 RTL: "\x{202A}\x{5D0}\x{5D1}"
            text run at (34,1) width 14: "(^"
            text run at (47,1) width 1: "\x{202C}"
        RenderBlock {P} at (0,2941) size 769x19
          RenderText {#text} at (0,1) size 50x17
            text run at (0,1) width 18: "\x{661}\x{662}"
            text run at (17,1) width 20 RTL: "\x{202A}\x{627}\x{628}"
            text run at (36,1) width 14: "(^"
            text run at (49,1) width 1: "\x{202C}"
        RenderBlock {P} at (0,2976) size 769x18
          RenderText {#text} at (0,0) size 20x17
            text run at (0,0) width 20: "\x{202A}\x{202A}?\x{202C}(^\x{202C}"
        RenderBlock {P} at (0,3010) size 769x18
          RenderText {#text} at (0,0) size 20x17
            text run at (0,0) width 8 RTL: "\x{202A}\x{202B}?"
            text run at (7,0) width 13: "\x{202C}(^"
            text run at (19,0) width 1: "\x{202C}"
      RenderBlock {DIV} at (0,3078) size 769x3028
        RenderBlock {P} at (0,0) size 769x18
          RenderText {#text} at (0,0) size 44x17
            text run at (0,0) width 44: "ab(^cd"
        RenderBlock {P} at (0,34) size 769x18
          RenderText {#text} at (0,0) size 46x17
            text run at (0,0) width 16: "cd"
            text run at (15,0) width 31 RTL: "\x{5D0}\x{5D1}(^"
        RenderBlock {P} at (0,68) size 769x19
          RenderText {#text} at (0,1) size 48x17
            text run at (0,1) width 16: "cd"
            text run at (15,1) width 33 RTL: "\x{627}\x{628}(^"
        RenderBlock {P} at (0,103) size 769x18
          RenderText {#text} at (0,0) size 60x17
            text run at (0,0) width 60: "ab12(^cd"
        RenderBlock {P} at (0,137) size 769x18
          RenderText {#text} at (0,0) size 62x17
            text run at (0,0) width 16: "cd"
            text run at (15,0) width 13 RTL: "(^"
            text run at (27,0) width 17: "12"
            text run at (43,0) width 19 RTL: "\x{5D0}\x{5D1}"
        RenderBlock {P} at (0,171) size 769x19
          RenderText {#text} at (0,1) size 64x17
            text run at (0,1) width 16: "cd"
            text run at (15,1) width 13 RTL: "(^"
            text run at (27,1) width 17: "12"
            text run at (43,1) width 21 RTL: "\x{627}\x{628}"
        RenderBlock {P} at (0,206) size 769x19
          RenderText {#text} at (0,1) size 61x17
            text run at (0,1) width 16: "cd"
            text run at (15,1) width 13 RTL: "(^"
            text run at (27,1) width 34: "ab\x{661}\x{662}"
        RenderBlock {P} at (0,241) size 769x19
          RenderText {#text} at (0,1) size 63x17
            text run at (0,1) width 16: "cd"
            text run at (15,1) width 13 RTL: "(^"
            text run at (27,1) width 19: "\x{661}\x{662}"
            text run at (45,1) width 18 RTL: "\x{5D0}\x{5D1}"
        RenderBlock {P} at (0,276) size 769x19
          RenderText {#text} at (0,1) size 65x17
            text run at (0,1) width 16: "cd"
            text run at (15,1) width 13 RTL: "(^"
            text run at (27,1) width 19: "\x{661}\x{662}"
            text run at (45,1) width 20 RTL: "\x{627}\x{628}"
        RenderBlock {P} at (0,311) size 769x18
          RenderText {#text} at (0,0) size 36x17
            text run at (0,0) width 36: "\x{202A}?\x{202C}(^cd"
        RenderBlock {P} at (0,345) size 769x18
          RenderText {#text} at (0,0) size 36x17
            text run at (0,0) width 16: "cd"
            text run at (15,0) width 13 RTL: "\x{202C}(^"
            text run at (27,0) width 9 RTL: "\x{202B}?"
        RenderBlock {P} at (0,379) size 769x18
          RenderText {#text} at (0,0) size 41x17
            text run at (0,0) width 26 RTL: "(^\x{5D2}\x{5D3}"
            text run at (25,0) width 16: "ab"
        RenderBlock {P} at (0,413) size 769x18
          RenderText {#text} at (0,0) size 44x17
            text run at (0,0) width 44 RTL: "\x{5D0}\x{5D1}(^\x{5D2}\x{5D3}"
        RenderBlock {P} at (0,447) size 769x19
          RenderText {#text} at (0,1) size 46x17
            text run at (0,1) width 46 RTL: "\x{627}\x{628}(^\x{5D2}\x{5D3}"
        RenderBlock {P} at (0,482) size 769x18
          RenderText {#text} at (0,0) size 57x17
            text run at (0,0) width 26 RTL: "(^\x{5D2}\x{5D3}"
            text run at (25,0) width 32: "ab12"
        RenderBlock {P} at (0,516) size 769x18
          RenderText {#text} at (0,0) size 60x17
            text run at (0,0) width 26 RTL: "(^\x{5D2}\x{5D3}"
            text run at (25,0) width 17: "12"
            text run at (41,0) width 19 RTL: "\x{5D0}\x{5D1}"
        RenderBlock {P} at (0,550) size 769x19
          RenderText {#text} at (0,1) size 62x17
            text run at (0,1) width 26 RTL: "(^\x{5D2}\x{5D3}"
            text run at (25,1) width 17: "12"
            text run at (41,1) width 21 RTL: "\x{627}\x{628}"
        RenderBlock {P} at (0,585) size 769x19
          RenderText {#text} at (0,1) size 59x17
            text run at (0,1) width 26 RTL: "(^\x{5D2}\x{5D3}"
            text run at (25,1) width 34: "ab\x{661}\x{662}"
        RenderBlock {P} at (0,620) size 769x19
          RenderText {#text} at (0,1) size 61x17
            text run at (0,1) width 26 RTL: "(^\x{5D2}\x{5D3}"
            text run at (25,1) width 18: "\x{661}\x{662}"
            text run at (43,1) width 18 RTL: "\x{5D0}\x{5D1}"
        RenderBlock {P} at (0,655) size 769x19
          RenderText {#text} at (0,1) size 63x17
            text run at (0,1) width 26 RTL: "(^\x{5D2}\x{5D3}"
            text run at (25,1) width 18: "\x{661}\x{662}"
            text run at (43,1) width 20 RTL: "\x{627}\x{628}"
        RenderBlock {P} at (0,690) size 769x18
          RenderText {#text} at (0,0) size 33x17
            text run at (0,0) width 26 RTL: "\x{202C}(^\x{5D2}\x{5D3}"
            text run at (25,0) width 8: "\x{202A}?"
        RenderBlock {P} at (0,724) size 769x18
          RenderText {#text} at (0,0) size 33x17
            text run at (0,0) width 33 RTL: "\x{202B}?\x{202C}(^\x{5D2}\x{5D3}"
        RenderBlock {P} at (0,758) size 769x19
          RenderText {#text} at (0,1) size 47x17
            text run at (0,1) width 32 RTL: "(^\x{62C}\x{62F}"
            text run at (31,1) width 16: "ab"
        RenderBlock {P} at (0,793) size 769x19
          RenderText {#text} at (0,1) size 49x17
            text run at (0,1) width 49 RTL: "\x{5D0}\x{5D1}(^\x{62C}\x{62F}"
        RenderBlock {P} at (0,828) size 769x19
          RenderText {#text} at (0,1) size 51x17
            text run at (0,1) width 51 RTL: "\x{627}\x{628}(^\x{62C}\x{62F}"
        RenderBlock {P} at (0,863) size 769x19
          RenderText {#text} at (0,1) size 63x17
            text run at (0,1) width 32 RTL: "(^\x{62C}\x{62F}"
            text run at (31,1) width 32: "ab12"
        RenderBlock {P} at (0,898) size 769x19
          RenderText {#text} at (0,1) size 65x17
            text run at (0,1) width 32 RTL: "(^\x{62C}\x{62F}"
            text run at (31,1) width 17: "12"
            text run at (47,1) width 18 RTL: "\x{5D0}\x{5D1}"
        RenderBlock {P} at (0,933) size 769x19
          RenderText {#text} at (0,1) size 67x17
            text run at (0,1) width 32 RTL: "(^\x{62C}\x{62F}"
            text run at (31,1) width 17: "12"
            text run at (47,1) width 20 RTL: "\x{627}\x{628}"
        RenderBlock {P} at (0,968) size 769x19
          RenderText {#text} at (0,1) size 64x17
            text run at (0,1) width 32 RTL: "(^\x{62C}\x{62F}"
            text run at (31,1) width 33: "ab\x{661}\x{662}"
        RenderBlock {P} at (0,1003) size 769x19
          RenderText {#text} at (0,1) size 66x17
            text run at (0,1) width 32 RTL: "(^\x{62C}\x{62F}"
            text run at (31,1) width 18: "\x{661}\x{662}"
            text run at (48,1) width 18 RTL: "\x{5D0}\x{5D1}"
        RenderBlock {P} at (0,1038) size 769x19
          RenderText {#text} at (0,1) size 68x17
            text run at (0,1) width 32 RTL: "(^\x{62C}\x{62F}"
            text run at (31,1) width 18: "\x{661}\x{662}"
            text run at (48,1) width 20 RTL: "\x{627}\x{628}"
        RenderBlock {P} at (0,1073) size 769x19
          RenderText {#text} at (0,1) size 39x17
            text run at (0,1) width 32 RTL: "\x{202C}(^\x{62C}\x{62F}"
            text run at (31,1) width 8: "\x{202A}?"
        RenderBlock {P} at (0,1108) size 769x19
          RenderText {#text} at (0,1) size 39x17
            text run at (0,1) width 39 RTL: "\x{202B}?\x{202C}(^\x{62C}\x{62F}"
        RenderBlock {P} at (0,1143) size 769x18
          RenderText {#text} at (0,0) size 63x17
            text run at (0,0) width 8: "z"
            text run at (7,0) width 12 RTL: "\x{5E9}"
            text run at (18,0) width 45: "ab(^34"
        RenderBlock {P} at (0,1177) size 769x18
          RenderText {#text} at (0,0) size 65x17
            text run at (0,0) width 8: "z"
            text run at (7,0) width 12 RTL: "\x{5E9}"
            text run at (18,0) width 17: "34"
            text run at (34,0) width 31 RTL: "\x{5D0}\x{5D1}(^"
        RenderBlock {P} at (0,1211) size 769x19
          RenderText {#text} at (0,1) size 67x17
            text run at (0,1) width 8: "z"
            text run at (7,1) width 12 RTL: "\x{5E9}"
            text run at (18,1) width 17: "34"
            text run at (34,1) width 33 RTL: "\x{627}\x{628}(^"
        RenderBlock {P} at (0,1246) size 769x18
          RenderText {#text} at (0,0) size 79x17
            text run at (0,0) width 8: "z"
            text run at (7,0) width 12 RTL: "\x{5E9}"
            text run at (18,0) width 61: "ab12(^34"
        RenderBlock {P} at (0,1280) size 769x18
          RenderText {#text} at (0,0) size 81x17
            text run at (0,0) width 8: "z"
            text run at (7,0) width 12 RTL: "\x{5E9}"
            text run at (18,0) width 17: "34"
            text run at (34,0) width 14 RTL: "(^"
            text run at (47,0) width 17: "12"
            text run at (63,0) width 18 RTL: "\x{5D0}\x{5D1}"
        RenderBlock {P} at (0,1314) size 769x19
          RenderText {#text} at (0,1) size 83x17
            text run at (0,1) width 8: "z"
            text run at (7,1) width 12 RTL: "\x{5E9}"
            text run at (18,1) width 17: "34"
            text run at (34,1) width 14 RTL: "(^"
            text run at (47,1) width 17: "12"
            text run at (63,1) width 20 RTL: "\x{627}\x{628}"
        RenderBlock {P} at (0,1349) size 769x19
          RenderText {#text} at (0,1) size 80x17
            text run at (0,1) width 8: "z"
            text run at (7,1) width 12 RTL: "\x{5E9}"
            text run at (18,1) width 17: "34"
            text run at (34,1) width 14 RTL: "(^"
            text run at (47,1) width 33: "ab\x{661}\x{662}"
        RenderBlock {P} at (0,1384) size 769x19
          RenderText {#text} at (0,1) size 82x17
            text run at (0,1) width 8: "z"
            text run at (7,1) width 12 RTL: "\x{5E9}"
            text run at (18,1) width 17: "34"
            text run at (34,1) width 14 RTL: "(^"
            text run at (47,1) width 18: "\x{661}\x{662}"
            text run at (64,1) width 18 RTL: "\x{5D0}\x{5D1}"
        RenderBlock {P} at (0,1419) size 769x19
          RenderText {#text} at (0,1) size 84x17
            text run at (0,1) width 8: "z"
            text run at (7,1) width 12 RTL: "\x{5E9}"
            text run at (18,1) width 17: "34"
            text run at (34,1) width 14 RTL: "(^"
            text run at (47,1) width 18: "\x{661}\x{662}"
            text run at (64,1) width 20 RTL: "\x{627}\x{628}"
        RenderBlock {P} at (0,1454) size 769x18
          RenderText {#text} at (0,0) size 55x17
            text run at (0,0) width 8: "z"
            text run at (7,0) width 12 RTL: "\x{5E9}"
            text run at (18,0) width 37: "\x{202A}?\x{202C}(^34"
        RenderBlock {P} at (0,1488) size 769x18
          RenderText {#text} at (0,0) size 55x17
            text run at (0,0) width 8: "z"
            text run at (7,0) width 12 RTL: "\x{5E9}"
            text run at (18,0) width 17: "34"
            text run at (34,0) width 14 RTL: "\x{202C}(^"
            text run at (47,0) width 8 RTL: "\x{202B}?"
        RenderBlock {P} at (0,1522) size 769x19
          RenderText {#text} at (0,1) size 64x17
            text run at (0,1) width 8: "z"
            text run at (7,1) width 12 RTL: "\x{5E9}"
            text run at (18,1) width 18: "\x{663}\x{664}"
            text run at (35,1) width 14 RTL: "(^"
            text run at (48,1) width 16: "ab"
        RenderBlock {P} at (0,1557) size 769x19
          RenderText {#text} at (0,1) size 66x17
            text run at (0,1) width 8: "z"
            text run at (7,1) width 12 RTL: "\x{5E9}"
            text run at (18,1) width 18: "\x{663}\x{664}"
            text run at (35,1) width 31 RTL: "\x{5D0}\x{5D1}(^"
        RenderBlock {P} at (0,1592) size 769x19
          RenderText {#text} at (0,1) size 68x17
            text run at (0,1) width 8: "z"
            text run at (7,1) width 12 RTL: "\x{5E9}"
            text run at (18,1) width 18: "\x{663}\x{664}"
            text run at (35,1) width 33 RTL: "\x{627}\x{628}(^"
        RenderBlock {P} at (0,1627) size 769x19
          RenderText {#text} at (0,1) size 80x17
            text run at (0,1) width 8: "z"
            text run at (7,1) width 12 RTL: "\x{5E9}"
            text run at (18,1) width 18: "\x{663}\x{664}"
            text run at (35,1) width 14 RTL: "(^"
            text run at (48,1) width 32: "ab12"
        RenderBlock {P} at (0,1662) size 769x19
          RenderText {#text} at (0,1) size 82x17
            text run at (0,1) width 8: "z"
            text run at (7,1) width 12 RTL: "\x{5E9}"
            text run at (18,1) width 18: "\x{663}\x{664}"
            text run at (35,1) width 14 RTL: "(^"
            text run at (48,1) width 17: "12"
            text run at (64,1) width 18 RTL: "\x{5D0}\x{5D1}"
        RenderBlock {P} at (0,1697) size 769x19
          RenderText {#text} at (0,1) size 84x17
            text run at (0,1) width 8: "z"
            text run at (7,1) width 12 RTL: "\x{5E9}"
            text run at (18,1) width 18: "\x{663}\x{664}"
            text run at (35,1) width 14 RTL: "(^"
            text run at (48,1) width 17: "12"
            text run at (64,1) width 20 RTL: "\x{627}\x{628}"
        RenderBlock {P} at (0,1732) size 769x19
          RenderText {#text} at (0,1) size 81x17
            text run at (0,1) width 8: "z"
            text run at (7,1) width 12 RTL: "\x{5E9}"
            text run at (18,1) width 18: "\x{663}\x{664}"
            text run at (35,1) width 14 RTL: "(^"
            text run at (48,1) width 33: "ab\x{661}\x{662}"
        RenderBlock {P} at (0,1767) size 769x19
          RenderText {#text} at (0,1) size 83x17
            text run at (0,1) width 8: "z"
            text run at (7,1) width 12 RTL: "\x{5E9}"
            text run at (18,1) width 18: "\x{663}\x{664}"
            text run at (35,1) width 14 RTL: "(^"
            text run at (48,1) width 18: "\x{661}\x{662}"
            text run at (65,1) width 18 RTL: "\x{5D0}\x{5D1}"
        RenderBlock {P} at (0,1802) size 769x19
          RenderText {#text} at (0,1) size 86x17
            text run at (0,1) width 8: "z"
            text run at (7,1) width 12 RTL: "\x{5E9}"
            text run at (18,1) width 18: "\x{663}\x{664}"
            text run at (35,1) width 14 RTL: "(^"
            text run at (48,1) width 18: "\x{661}\x{662}"
            text run at (65,1) width 21 RTL: "\x{627}\x{628}"
        RenderBlock {P} at (0,1837) size 769x19
          RenderText {#text} at (0,1) size 56x17
            text run at (0,1) width 8: "z"
            text run at (7,1) width 12 RTL: "\x{5E9}"
            text run at (18,1) width 18: "\x{663}\x{664}"
            text run at (35,1) width 14 RTL: "\x{202C}(^"
            text run at (48,1) width 8: "\x{202A}?"
        RenderBlock {P} at (0,1872) size 769x19
          RenderText {#text} at (0,1) size 56x17
            text run at (0,1) width 8: "z"
            text run at (7,1) width 12 RTL: "\x{5E9}"
            text run at (18,1) width 18: "\x{663}\x{664}"
            text run at (35,1) width 14 RTL: "\x{202C}(^"
            text run at (48,1) width 8 RTL: "\x{202B}?"
        RenderBlock {P} at (0,1907) size 769x18
          RenderText {#text} at (0,0) size 34x17
            text run at (0,0) width 0 RTL: "\x{202C}"
            text run at (0,0) width 34: "ab(^\x{202A}!"
        RenderBlock {P} at (0,1941) size 769x18
          RenderText {#text} at (0,0) size 36x17
            text run at (0,0) width 0 RTL: "\x{202C}"
            text run at (0,0) width 6: "\x{202A}!"
            text run at (5,0) width 31 RTL: "\x{5D0}\x{5D1}(^"
        RenderBlock {P} at (0,1975) size 769x19
          RenderText {#text} at (0,1) size 38x17
            text run at (0,1) width 0 RTL: "\x{202C}"
            text run at (0,1) width 6: "\x{202A}!"
            text run at (5,1) width 33 RTL: "\x{627}\x{628}(^"
        RenderBlock {P} at (0,2010) size 769x18
          RenderText {#text} at (0,0) size 50x17
            text run at (0,0) width 0 RTL: "\x{202C}"
            text run at (0,0) width 50: "ab12(^\x{202A}!"
        RenderBlock {P} at (0,2044) size 769x18
          RenderText {#text} at (0,0) size 52x17
            text run at (0,0) width 0 RTL: "\x{202C}"
            text run at (0,0) width 6: "\x{202A}!"
            text run at (5,0) width 14 RTL: "(^"
            text run at (18,0) width 17: "12"
            text run at (34,0) width 18 RTL: "\x{5D0}\x{5D1}"
        RenderBlock {P} at (0,2078) size 769x19
          RenderText {#text} at (0,1) size 54x17
            text run at (0,1) width 0 RTL: "\x{202C}"
            text run at (0,1) width 6: "\x{202A}!"
            text run at (5,1) width 14 RTL: "(^"
            text run at (18,1) width 17: "12"
            text run at (34,1) width 20 RTL: "\x{627}\x{628}"
        RenderBlock {P} at (0,2113) size 769x19
          RenderText {#text} at (0,1) size 51x17
            text run at (0,1) width 0 RTL: "\x{202C}"
            text run at (0,1) width 6: "\x{202A}!"
            text run at (5,1) width 14 RTL: "(^"
            text run at (18,1) width 33: "ab\x{661}\x{662}"
        RenderBlock {P} at (0,2148) size 769x19
          RenderText {#text} at (0,1) size 53x17
            text run at (0,1) width 0 RTL: "\x{202C}"
            text run at (0,1) width 6: "\x{202A}!"
            text run at (5,1) width 14 RTL: "(^"
            text run at (18,1) width 18: "\x{661}\x{662}"
            text run at (35,1) width 18 RTL: "\x{5D0}\x{5D1}"
        RenderBlock {P} at (0,2183) size 769x19
          RenderText {#text} at (0,1) size 55x17
            text run at (0,1) width 0 RTL: "\x{202C}"
            text run at (0,1) width 6: "\x{202A}!"
            text run at (5,1) width 14 RTL: "(^"
            text run at (18,1) width 18: "\x{661}\x{662}"
            text run at (35,1) width 20 RTL: "\x{627}\x{628}"
        RenderBlock {P} at (0,2218) size 769x18
          RenderText {#text} at (0,0) size 26x17
            text run at (0,0) width 0 RTL: "\x{202C}"
            text run at (0,0) width 26: "\x{202A}?\x{202C}(^\x{202A}!"
        RenderBlock {P} at (0,2252) size 769x18
          RenderText {#text} at (0,0) size 26x17
            text run at (0,0) width 0 RTL: "\x{202C}"
            text run at (0,0) width 6: "\x{202A}!"
            text run at (5,0) width 14 RTL: "\x{202C}(^"
            text run at (18,0) width 8 RTL: "\x{202B}?"
        RenderBlock {P} at (0,2286) size 769x18
          RenderText {#text} at (0,0) size 34x17
            text run at (0,0) width 0 RTL: "\x{202C}"
            text run at (0,0) width 6 RTL: "\x{202B}!"
            text run at (5,0) width 14 RTL: "(^"
            text run at (18,0) width 16: "ab"
        RenderBlock {P} at (0,2320) size 769x18
          RenderText {#text} at (0,0) size 36x17
            text run at (0,0) width 36 RTL: "\x{5D0}\x{5D1}(^\x{202B}!\x{202C}"
        RenderBlock {P} at (0,2354) size 769x19
          RenderText {#text} at (0,1) size 38x17
            text run at (0,1) width 38 RTL: "\x{627}\x{628}(^\x{202B}!\x{202C}"
        RenderBlock {P} at (0,2389) size 769x18
          RenderText {#text} at (0,0) size 50x17
            text run at (0,0) width 0 RTL: "\x{202C}"
            text run at (0,0) width 6 RTL: "\x{202B}!"
            text run at (5,0) width 14 RTL: "(^"
            text run at (18,0) width 32: "ab12"
        RenderBlock {P} at (0,2423) size 769x18
          RenderText {#text} at (0,0) size 52x17
            text run at (0,0) width 0 RTL: "\x{202C}"
            text run at (0,0) width 6 RTL: "\x{202B}!"
            text run at (5,0) width 14 RTL: "(^"
            text run at (18,0) width 17: "12"
            text run at (34,0) width 18 RTL: "\x{5D0}\x{5D1}"
        RenderBlock {P} at (0,2457) size 769x19
          RenderText {#text} at (0,1) size 54x17
            text run at (0,1) width 0 RTL: "\x{202C}"
            text run at (0,1) width 6 RTL: "\x{202B}!"
            text run at (5,1) width 14 RTL: "(^"
            text run at (18,1) width 17: "12"
            text run at (34,1) width 20 RTL: "\x{627}\x{628}"
        RenderBlock {P} at (0,2492) size 769x19
          RenderText {#text} at (0,1) size 51x17
            text run at (0,1) width 0 RTL: "\x{202C}"
            text run at (0,1) width 6 RTL: "\x{202B}!"
            text run at (5,1) width 14 RTL: "(^"
            text run at (18,1) width 33: "ab\x{661}\x{662}"
        RenderBlock {P} at (0,2527) size 769x19
          RenderText {#text} at (0,1) size 53x17
            text run at (0,1) width 0 RTL: "\x{202C}"
            text run at (0,1) width 6 RTL: "\x{202B}!"
            text run at (5,1) width 14 RTL: "(^"
            text run at (18,1) width 18: "\x{661}\x{662}"
            text run at (35,1) width 18 RTL: "\x{5D0}\x{5D1}"
        RenderBlock {P} at (0,2562) size 769x19
          RenderText {#text} at (0,1) size 55x17
            text run at (0,1) width 0 RTL: "\x{202C}"
            text run at (0,1) width 6 RTL: "\x{202B}!"
            text run at (5,1) width 14 RTL: "(^"
            text run at (18,1) width 18: "\x{661}\x{662}"
            text run at (35,1) width 20 RTL: "\x{627}\x{628}"
        RenderBlock {P} at (0,2597) size 769x18
          RenderText {#text} at (0,0) size 26x17
            text run at (0,0) width 0 RTL: "\x{202C}"
            text run at (0,0) width 6 RTL: "\x{202B}!"
            text run at (5,0) width 14 RTL: "\x{202C}(^"
            text run at (18,0) width 8: "\x{202A}?"
        RenderBlock {P} at (0,2631) size 769x18
          RenderText {#text} at (0,0) size 26x17
            text run at (0,0) width 26 RTL: "\x{202B}?\x{202C}(^\x{202B}!\x{202C}"
        RenderBlock {P} at (0,2665) size 769x18
          RenderText {#text} at (0,0) size 28x17
            text run at (0,0) width 0 RTL: "\x{202C}"
            text run at (0,0) width 28: "\x{202A}ab(^"
        RenderBlock {P} at (0,2699) size 769x18
          RenderText {#text} at (0,0) size 31x17
            text run at (0,0) width 0 RTL: "\x{202C}"
            text run at (0,0) width 18 RTL: "\x{202A}\x{5D0}\x{5D1}"
            text run at (17,0) width 14: "(^"
        RenderBlock {P} at (0,2733) size 769x19
          RenderText {#text} at (0,1) size 33x17
            text run at (0,1) width 0 RTL: "\x{202C}"
            text run at (0,1) width 20 RTL: "\x{202A}\x{627}\x{628}"
            text run at (19,1) width 14: "(^"
        RenderBlock {P} at (0,2768) size 769x18
          RenderText {#text} at (0,0) size 44x17
            text run at (0,0) width 0 RTL: "\x{202C}"
            text run at (0,0) width 44: "\x{202A}ab12(^"
        RenderBlock {P} at (0,2802) size 769x18
          RenderText {#text} at (0,0) size 47x17
            text run at (0,0) width 0 RTL: "\x{202C}"
            text run at (0,0) width 16: "12"
            text run at (16,0) width 18 RTL: "\x{202A}\x{5D0}\x{5D1}"
            text run at (33,0) width 14: "(^"
        RenderBlock {P} at (0,2836) size 769x19
          RenderText {#text} at (0,1) size 49x17
            text run at (0,1) width 0 RTL: "\x{202C}"
            text run at (0,1) width 16: "12"
            text run at (16,1) width 20 RTL: "\x{202A}\x{627}\x{628}"
            text run at (35,1) width 14: "(^"
        RenderBlock {P} at (0,2871) size 769x19
          RenderText {#text} at (0,1) size 46x17
            text run at (0,1) width 0 RTL: "\x{202C}"
            text run at (0,1) width 16: "\x{202A}ab"
            text run at (15,1) width 18: "\x{661}\x{662}"
            text run at (32,1) width 14: "(^"
        RenderBlock {P} at (0,2906) size 769x19
          RenderText {#text} at (0,1) size 48x17
            text run at (0,1) width 0 RTL: "\x{202C}"
            text run at (0,1) width 18: "\x{661}\x{662}"
            text run at (17,1) width 18 RTL: "\x{202A}\x{5D0}\x{5D1}"
            text run at (34,1) width 14: "(^"
        RenderBlock {P} at (0,2941) size 769x19
          RenderText {#text} at (0,1) size 50x17
            text run at (0,1) width 0 RTL: "\x{202C}"
            text run at (0,1) width 18: "\x{661}\x{662}"
            text run at (17,1) width 20 RTL: "\x{202A}\x{627}\x{628}"
            text run at (36,1) width 14: "(^"
        RenderBlock {P} at (0,2976) size 769x18
          RenderText {#text} at (0,0) size 20x17
            text run at (0,0) width 0 RTL: "\x{202C}"
            text run at (0,0) width 8: "\x{202A}\x{202A}?"
            text run at (7,0) width 13: "\x{202C}(^"
        RenderBlock {P} at (0,3010) size 769x18
          RenderText {#text} at (0,0) size 20x17
            text run at (0,0) width 0 RTL: "\x{202C}"
            text run at (0,0) width 8 RTL: "\x{202A}\x{202B}?"
            text run at (7,0) width 13: "\x{202C}(^"
