layer at (0,0) size 800x600
  RenderView at (0,0) size 800x600
layer at (0,0) size 800x600
  RenderBlock {HTML} at (0,0) size 800x600
    RenderBody {BODY} at (8,8) size 784x576
      RenderBlock {P} at (0,0) size 784x38
        RenderText {#text} at (0,1) size 132x17
          text run at (0,1) width 132: "This is a test for "
        RenderInline {I} at (0,1) size 772x36
          RenderText {#text} at (0,1) size 772x36
            text run at (132,1) width 640: "http://bugzilla.opendarwin.org/show_bug.cgi?id=5980 Bidi properties of an inline"
            text run at (0,20) width 478: "container whose first child is an inline container are ignored"
        RenderText {#text} at (478,20) size 5x17
          text run at (478,20) width 5: "."
      RenderBlock {P} at (0,72) size 784x19
        RenderText {#text} at (0,1) size 363x17
          text run at (0,1) width 363: "The following lines should read \x{201C}ABCDEFGHI\x{201D}:"
      RenderBlock {P} at (0,107) size 784x19
        RenderText {#text} at (0,1) size 33x17
          text run at (0,1) width 33: "ABC"
        RenderInline {SPAN} at (32,1) size 32x17
          RenderText {#text} at (32,1) size 32x17
            text run at (32,1) width 32 RTL: "FED"
        RenderText {#text} at (63,1) size 30x17
          text run at (63,1) width 30: "GHI"
      RenderBlock {P} at (0,142) size 784x19
        RenderText {#text} at (0,1) size 33x17
          text run at (0,1) width 33: "ABC"
        RenderInline {SPAN} at (32,1) size 32x17
          RenderInline {SPAN} at (32,1) size 32x17
            RenderText {#text} at (32,1) size 32x17
              text run at (32,1) width 32 RTL: "FED"
        RenderText {#text} at (63,1) size 30x17
          text run at (63,1) width 30: "GHI"
      RenderBlock {P} at (0,177) size 784x19
        RenderText {#text} at (0,1) size 33x17
          text run at (0,1) width 33: "ABC"
        RenderInline {SPAN} at (32,1) size 32x17
          RenderText {#text} at (54,1) size 10x17
            text run at (54,1) width 10 RTL: "F"
          RenderInline {SPAN} at (32,1) size 23x17
            RenderText {#text} at (32,1) size 23x17
              text run at (32,1) width 23 RTL: "ED"
        RenderText {#text} at (63,1) size 30x17
          text run at (63,1) width 30: "GHI"
      RenderBlock {P} at (0,212) size 784x19
        RenderText {#text} at (0,1) size 33x17
          text run at (0,1) width 33: "ABC"
        RenderInline {SPAN} at (32,1) size 32x17
          RenderText {#text} at (54,1) size 10x17
            text run at (54,1) width 10 RTL: "F"
          RenderInline {SPAN} at (44,1) size 11x17
            RenderText {#text} at (44,1) size 11x17
              text run at (44,1) width 11 RTL: "E"
          RenderText {#text} at (32,1) size 13x17
            text run at (32,1) width 13 RTL: "D"
        RenderText {#text} at (63,1) size 30x17
          text run at (63,1) width 30: "GHI"
      RenderBlock {P} at (0,247) size 784x19
        RenderText {#text} at (0,1) size 33x17
          text run at (0,1) width 33: "ABC"
        RenderInline {SPAN} at (32,1) size 32x17
          RenderInline {SPAN} at (44,1) size 20x17
            RenderText {#text} at (44,1) size 20x17
              text run at (44,1) width 20 RTL: "FE"
          RenderText {#text} at (32,1) size 13x17
            text run at (32,1) width 13 RTL: "D"
        RenderText {#text} at (63,1) size 30x17
          text run at (63,1) width 30: "GHI"
      RenderBlock {P} at (0,282) size 784x19
        RenderInline {SPAN} at (0,1) size 93x17
          RenderText {#text} at (0,1) size 93x17
            text run at (0,1) width 93 RTL: "IHGFEDCBA"
        RenderText {#text} at (0,0) size 0x0
      RenderBlock {P} at (0,317) size 784x19
        RenderInline {SPAN} at (0,1) size 93x17
          RenderText {#text} at (0,1) size 93x17
            text run at (0,1) width 93 RTL: "IHGFEDCBA"
        RenderText {#text} at (0,0) size 0x0
      RenderBlock (anonymous) at (0,362) size 784x19
        RenderText {#text} at (0,1) size 306x17
          text run at (0,1) width 306: "The following lines should be identical:"
      RenderBlock {P} at (0,397) size 784x19
        RenderText {#text} at (0,1) size 62x17
          text run at (0,1) width 62 RTL: "\x{5D3}\x{5D4}\x{5D5}([\x{202A}\x{202C}\x{5D0}\x{5D1}\x{5D2}"
      RenderBlock {P} at (0,432) size 784x19
        RenderText {#text} at (27,1) size 35x17
          text run at (27,1) width 35 RTL: "\x{5D3}\x{5D4}\x{5D5}(["
        RenderInline {SPAN} at (27,1) size 0x17
        RenderText {#text} at (0,1) size 27x17
          text run at (0,1) width 27 RTL: "\x{5D0}\x{5D1}\x{5D2}"
      RenderBlock {P} at (0,467) size 784x19
        RenderText {#text} at (27,1) size 35x17
          text run at (27,1) width 35 RTL: "\x{5D3}\x{5D4}\x{5D5}(["
        RenderInline {SPAN} at (27,1) size 0x17
          RenderInline {SPAN} at (27,1) size 0x17
        RenderText {#text} at (0,1) size 27x17
          text run at (0,1) width 27 RTL: "\x{5D0}\x{5D1}\x{5D2}"
      RenderBlock {P} at (0,502) size 784x19
        RenderText {#text} at (27,1) size 35x17
          text run at (27,1) width 35 RTL: "\x{5D3}\x{5D4}\x{5D5}(["
        RenderInline {SPAN} at (27,1) size 0x17
          RenderInline {SPAN} at (27,1) size 0x17
        RenderText {#text} at (0,1) size 27x17
          text run at (0,1) width 27 RTL: "\x{5D0}\x{5D1}\x{5D2}"
layer at (8,62) size 784x2 clip at (0,0) size 0x0
  RenderBlock {HR} at (0,54) size 784x2 [color=#808080] [border: (1px inset #808080)]
layer at (8,360) size 784x2 clip at (0,0) size 0x0
  RenderBlock {HR} at (0,352) size 784x2 [color=#808080] [border: (1px inset #808080)]
