layer at (0,0) size 800x600
  RenderView at (0,0) size 800x600
layer at (0,0) size 800x494
  RenderBlock {HTML} at (0,0) size 800x494
    RenderBody {BODY} at (8,16) size 784x462
      RenderBlock {P} at (0,0) size 784x54
        RenderText {#text} at (0,0) size 773x53
          text run at (0,0) width 763: "In each line, reading from left to right, the bracket should appear before the parenthesis. The bracket should"
          text run at (0,18) width 773: "be a left bracket and the parenthesis should be a right parenthesis. In each line, Roman characters and digits"
          text run at (0,36) width 326: "should be in increasing order from left to right."
      RenderBlock {P} at (0,70) size 784x18
        RenderText {#text} at (0,0) size 58x17
          text run at (0,0) width 27 RTL: "\x{5D0}\x{5D1}\x{5D2}"
          text run at (26,0) width 32: " def "
        RenderInline {SPAN} at (0,0) size 37x17
          RenderText {#text} at (57,0) size 37x17
            text run at (57,0) width 37 RTL: "(\x{5D6}\x{5D7}\x{5D8}]"
        RenderText {#text} at (93,0) size 20x17
          text run at (93,0) width 20: " jkl"
      RenderBlock {P} at (0,104) size 784x18
        RenderText {#text} at (0,0) size 58x17
          text run at (0,0) width 27 RTL: "\x{5D0}\x{5D1}\x{5D2}"
          text run at (26,0) width 32: " def "
        RenderInline {SPAN} at (0,0) size 32x17
          RenderText {#text} at (57,0) size 32x17
            text run at (57,0) width 5 RTL: "]"
            text run at (61,0) width 23: "ghi"
            text run at (83,0) width 6 RTL: "("
        RenderText {#text} at (88,0) size 21x17
          text run at (88,0) width 21: " jkl"
      RenderBlock {P} at (0,138) size 784x18
        RenderText {#text} at (0,0) size 31x17
          text run at (0,0) width 31: "abc "
        RenderInline {SPAN} at (0,0) size 51x17
          RenderText {#text} at (30,0) size 51x17
            text run at (30,0) width 5 RTL: "]"
            text run at (34,0) width 19: "23"
            text run at (52,0) width 5 RTL: " "
            text run at (56,0) width 19: "45"
            text run at (74,0) width 7 RTL: "("
        RenderText {#text} at (80,0) size 27x17
          text run at (80,0) width 27: " fgh"
      RenderBlock {P} at (0,172) size 784x18
        RenderText {#text} at (0,0) size 107x17
          text run at (0,0) width 31: "abc "
          text run at (30,0) width 5 RTL: "]"
          text run at (34,0) width 19: "23"
          text run at (52,0) width 5 RTL: " "
          text run at (56,0) width 19: "45"
          text run at (74,0) width 7 RTL: "\x{202B}("
          text run at (80,0) width 27: "\x{202C} fgh"
      RenderBlock {P} at (0,206) size 784x18
        RenderText {#text} at (0,0) size 97x17
          text run at (0,0) width 31: "abc "
          text run at (30,0) width 5 RTL: "]"
          text run at (34,0) width 37: "de fg"
          text run at (70,0) width 6 RTL: "\x{202B}("
          text run at (75,0) width 22: "\x{202C} hij"
      RenderBlock {P} at (0,240) size 784x18
        RenderText {#text} at (0,0) size 9x17
          text run at (0,0) width 9: "1"
        RenderInline {SPAN} at (0,0) size 50x17
          RenderText {#text} at (8,0) size 50x17
            text run at (8,0) width 6 RTL: "]"
            text run at (13,0) width 40: "ab cd"
            text run at (52,0) width 6 RTL: "("
        RenderText {#text} at (0,0) size 0x0
      RenderBlock {P} at (0,274) size 784x18
        RenderText {#text} at (0,0) size 9x17
          text run at (0,0) width 9: "1"
        RenderInline {SPAN} at (0,0) size 49x17
          RenderText {#text} at (8,0) size 49x17
            text run at (8,0) width 26 RTL: " \x{5D2}\x{5D3}]"
            text run at (33,0) width 19: "ab"
            text run at (51,0) width 6 RTL: "("
        RenderText {#text} at (0,0) size 0x0
      RenderBlock {P} at (0,308) size 784x18
        RenderText {#text} at (0,0) size 9x17
          text run at (0,0) width 9: "1"
        RenderInline {SPAN} at (0,0) size 20x17
          RenderText {#text} at (8,0) size 20x17
            text run at (8,0) width 6 RTL: "]"
            text run at (13,0) width 10: "2"
            text run at (22,0) width 6 RTL: "\x{202B}("
            text run at (27,0) width 1: "\x{202C}"
        RenderText {#text} at (0,0) size 0x0
      RenderBlock {P} at (0,342) size 784x18
        RenderText {#text} at (0,0) size 9x17
          text run at (0,0) width 9: "1"
        RenderInline {SPAN} at (0,0) size 20x17
          RenderText {#text} at (8,0) size 20x17
            text run at (8,0) width 6 RTL: "]"
            text run at (13,0) width 10: "a"
            text run at (22,0) width 6 RTL: "\x{202B}("
            text run at (27,0) width 1: "\x{202C}"
        RenderText {#text} at (0,0) size 0x0
      RenderBlock {P} at (0,376) size 784x18
        RenderText {#text} at (0,0) size 57x17
          text run at (0,0) width 9: "1"
          text run at (8,0) width 26 RTL: " \x{5D2}\x{5D3}]"
          text run at (33,0) width 19: "ab"
          text run at (51,0) width 6 RTL: "\x{202B}("
          text run at (56,0) width 1: "\x{202C}"
      RenderBlock {P} at (0,410) size 784x18
        RenderInline {SPAN} at (0,0) size 94x17
          RenderText {#text} at (0,0) size 94x17
            text run at (0,0) width 5 RTL: "]"
            text run at (4,0) width 27: "abc"
            text run at (30,0) width 36 RTL: " \x{5D0}\x{5D1}\x{5D2} "
            text run at (65,0) width 23: "def"
            text run at (87,0) width 7 RTL: "("
        RenderText {#text} at (0,0) size 0x0
      RenderBlock {P} at (0,444) size 784x18
        RenderText {#text} at (0,0) size 94x17
          text run at (0,0) width 5 RTL: "]"
          text run at (4,0) width 27: "abc"
          text run at (30,0) width 36 RTL: " \x{5D0}\x{5D1}\x{5D2} "
          text run at (65,0) width 23: "def"
          text run at (87,0) width 7 RTL: "\x{202B}("
          text run at (93,0) width 1: "\x{202C}"
