layer at (0,0) size 800x600
  RenderView at (0,0) size 800x600
layer at (0,0) size 800x600
  RenderBlock {HTML} at (0,0) size 800x600
    RenderBody {BODY} at (8,8) size 784x576
      RenderBlock (anonymous) at (0,0) size 784x38
        RenderText {#text} at (0,1) size 783x36
          text run at (0,1) width 581: "The following tests text iteration over RTL text embedded with LTR text. "
          text run at (580,1) width 203: "TextIterators are used for"
          text run at (0,20) width 249: "find, spellcheck, and .innerText"
      RenderBlock (anonymous) at (0,56) size 784x19
        RenderText {#text} at (0,1) size 170x17
          text run at (0,1) width 170: "Embedded Numbers:"
      RenderBlock {DIV} at (0,75) size 784x19 [color=#0000FF]
        RenderText {#text} at (0,1) size 133x17
          text run at (0,1) width 68: "Testing ("
          text run at (67,1) width 16 RTL: "\x{5DF}\x{5DE}"
          text run at (82,1) width 11: "3"
          text run at (92,1) width 35 RTL: "\x{5D7}\x{5D5}\x{5D3}\x{5D0}"
          text run at (126,1) width 7: ")"
      RenderBlock (anonymous) at (0,94) size 784x19
        RenderText {#text} at (0,1) size 124x17
          text run at (0,1) width 124: "Embedded LTR:"
      RenderBlock {DIV} at (0,113) size 784x19 [color=#0000FF]
        RenderText {#text} at (0,1) size 162x17
          text run at (0,1) width 68: "Testing ("
          text run at (67,1) width 35 RTL: "\x{5D7}\x{5D5}\x{5D3}\x{5D0}"
          text run at (101,1) width 39: "hello"
          text run at (139,1) width 16 RTL: "\x{5DF}\x{5DE}"
          text run at (154,1) width 8: ")"
      RenderBlock (anonymous) at (0,132) size 784x19
        RenderText {#text} at (0,1) size 232x17
          text run at (0,1) width 232: "Embedded Numbers and LTR"
      RenderBlock {DIV} at (0,151) size 784x19 [color=#0000FF]
        RenderText {#text} at (0,1) size 155x17
          text run at (0,1) width 68: "Testing ("
          text run at (67,1) width 28 RTL: "\x{5E7}\x{5E7}\x{5E8}"
          text run at (95,1) width 11: "3"
          text run at (105,1) width 34 RTL: "\x{5D9}\x{5E7}\x{5DD}\x{5DC}"
          text run at (138,1) width 17: "h)"
      RenderBlock (anonymous) at (0,170) size 784x19
        RenderText {#text} at (0,1) size 276x17
          text run at (0,1) width 276: "Embedded Numbers with spacing:"
      RenderBlock {DIV} at (0,189) size 784x19 [color=#0000FF]
        RenderText {#text} at (0,1) size 289x17
          text run at (0,1) width 68: "Testing ("
          text run at (67,1) width 40 RTL: " \x{5D7}\x{5D5}\x{5D3}\x{5D0}"
          text run at (106,1) width 31: "300"
          text run at (136,1) width 55 RTL: "\x{5D7}\x{5D5}\x{5D3}\x{5D0}\x{5DF}\x{5DE} "
          text run at (190,1) width 52: "34023"
          text run at (241,1) width 42 RTL: "\x{5D9}\x{5E7}\x{5DA}\x{5DA}\x{5DD}"
          text run at (282,1) width 7: ")"
      RenderBlock (anonymous) at (0,208) size 784x19
        RenderText {#text} at (0,1) size 77x17
          text run at (0,1) width 77: "Plain LTR:"
      RenderBlock {DIV} at (0,227) size 784x19 [color=#0000FF]
        RenderText {#text} at (0,1) size 113x17
          text run at (0,1) width 113: "Testing (hello)"
      RenderBlock (anonymous) at (0,246) size 784x19
        RenderText {#text} at (0,1) size 231x17
          text run at (0,1) width 231: "Embedded LTR with spacing:"
      RenderBlock {DIV} at (0,265) size 784x19 [color=#0000FF]
        RenderText {#text} at (0,1) size 207x17
          text run at (0,1) width 68: "Testing ("
          text run at (67,1) width 65 RTL: "\x{5D7}\x{5D5}\x{5D3}\x{5D9}\x{5E7}\x{5DA}\x{5DA}\x{5DD}"
          text run at (131,1) width 50: " hello "
          text run at (180,1) width 20 RTL: "\x{5DF}\x{5DE}\x{5D9}"
          text run at (199,1) width 8: ")"
      RenderBlock (anonymous) at (0,284) size 784x19
        RenderText {#text} at (0,1) size 207x17
          text run at (0,1) width 207: "Mixed but not embedded:"
      RenderBlock {DIV} at (0,303) size 784x19 [color=#0000FF]
        RenderText {#text} at (0,1) size 152x17
          text run at (0,1) width 107: "Testing (hello"
          text run at (106,1) width 39 RTL: "\x{5D7}\x{5D5}\x{5D3}\x{5DF}\x{5DE}"
          text run at (144,1) width 8: ")"
      RenderBlock (anonymous) at (0,322) size 784x19
        RenderText {#text} at (0,1) size 207x17
          text run at (0,1) width 207: "Mixed but not embedded:"
      RenderBlock {DIV} at (0,341) size 784x19 [color=#0000FF]
        RenderText {#text} at (0,1) size 152x17
          text run at (0,1) width 68: "Testing ("
          text run at (67,1) width 40 RTL: "\x{5D7}\x{5D5}\x{5D3}\x{5DF}\x{5DE}"
          text run at (106,1) width 46: "hello)"
      RenderBlock {OL} at (0,376) size 784x0
layer at (8,54) size 784x2 clip at (0,0) size 0x0
  RenderBlock {HR} at (0,46) size 784x2 [border: (1px inset #000000)]
