layer at (0,0) size 800x600
  RenderView at (0,0) size 800x600
layer at (0,0) size 800x347
  RenderBlock {HTML} at (0,0) size 800x347
    RenderBody {BODY} at (8,16) size 784x323
      RenderBlock {P} at (0,0) size 784x19
        RenderText {#text} at (0,1) size 391x17
          text run at (0,1) width 391: "All rows should be identical to the reference row."
      RenderTable {TABLE} at (0,35) size 642x113 [border: none]
        RenderTableSection {TBODY} at (0,0) size 641x112
          RenderTableRow {TR} at (0,0) size 641x28
            RenderTableCell {TD} at (0,0) size 115x28 [border: (1px solid #008000)] [r=0 c=0 rs=1 cs=1]
              RenderText {#text} at (30,6) size 81x17
                text run at (30,6) width 81: "Reference"
            RenderTableCell {TD} at (114,0) size 264x28 [border: (1px solid #008000)] [r=0 c=1 rs=1 cs=1]
              RenderText {#text} at (5,6) size 254x17
                text run at (5,6) width 55: "abcdef"
                text run at (59,6) width 28 RTL: "\x{5D0}\x{5D1}\x{5D2}"
                text run at (86,6) width 49: "ghijkl "
                text run at (134,6) width 47 RTL: "\x{5D6}\x{5D7}\x{5D8}\x{5D9}\x{5DB}\x{5DC}"
                text run at (180,6) width 30: "abc"
                text run at (209,6) width 50 RTL: "\x{5D0}\x{5D1}\x{5D2}\x{5D3}\x{5D4}\x{5D5}"
            RenderTableCell {TD} at (377,0) size 264x28 [border: (1px solid #008000)] [r=0 c=2 rs=1 cs=1]
              RenderText {#text} at (5,6) size 254x17
                text run at (5,6) width 47 RTL: "\x{5D6}\x{5D7}\x{5D8}\x{5D9}\x{5DB}\x{5DC}"
                text run at (51,6) width 30: "abc"
                text run at (80,6) width 50 RTL: "\x{5D0}\x{5D1}\x{5D2}\x{5D3}\x{5D4}\x{5D5}"
                text run at (129,6) width 6 RTL: " "
                text run at (134,6) width 55: "abcdef"
                text run at (188,6) width 28 RTL: "\x{5D0}\x{5D1}\x{5D2}"
                text run at (215,6) width 44: "ghijkl"
          RenderTableRow {TR} at (0,28) size 641x28
            RenderTableCell {TD} at (0,28) size 115x28 [border: (1px solid #008000)] [r=1 c=0 rs=1 cs=1]
              RenderText {#text} at (8,6) size 103x17
                text run at (8,6) width 103: "CSS, siblings"
            RenderTableCell {TD} at (114,28) size 264x28 [border: (1px solid #008000)] [r=1 c=1 rs=1 cs=1]
              RenderText {#text} at (5,6) size 30x17
                text run at (5,6) width 30: "abc"
              RenderInline {SPAN} at (0,0) size 77x17
                RenderText {#text} at (34,6) size 77x17
                  text run at (34,6) width 77 RTL: "ihg\x{5D0}\x{5D1}\x{5D2}fed"
              RenderText {#text} at (110,6) size 149x17
                text run at (110,6) width 25: "jkl "
                text run at (231,6) width 28 RTL: "\x{5D0}\x{5D1}\x{5D2}"
              RenderInline {SPAN} at (0,0) size 78x17
                RenderText {#text} at (154,6) size 78x17
                  text run at (154,6) width 78: "\x{5D8}\x{5D7}\x{5D6}abc\x{5D5}\x{5D4}\x{5D3}"
              RenderText {#text} at (134,6) size 21x17
                text run at (134,6) width 21 RTL: "\x{5D9}\x{5DB}\x{5DC}"
            RenderTableCell {TD} at (377,28) size 264x28 [border: (1px solid #008000)] [r=1 c=2 rs=1 cs=1]
              RenderText {#text} at (134,6) size 30x17
                text run at (134,6) width 30: "abc"
              RenderInline {SPAN} at (0,0) size 78x17
                RenderText {#text} at (163,6) size 78x17
                  text run at (163,6) width 78 RTL: "ihg\x{5D0}\x{5D1}\x{5D2}fed"
              RenderText {#text} at (103,6) size 156x17
                text run at (103,6) width 32 RTL: " \x{5D0}\x{5D1}\x{5D2}"
                text run at (240,6) width 19: "jkl"
              RenderInline {SPAN} at (0,0) size 79x17
                RenderText {#text} at (25,6) size 79x17
                  text run at (25,6) width 79: "\x{5D8}\x{5D7}\x{5D6}abc\x{5D5}\x{5D4}\x{5D3}"
              RenderText {#text} at (5,6) size 21x17
                text run at (5,6) width 21 RTL: "\x{5D9}\x{5DB}\x{5DC}"
          RenderTableRow {TR} at (0,56) size 641x28
            RenderTableCell {TD} at (0,56) size 115x28 [border: (1px solid #008000)] [r=2 c=0 rs=1 cs=1]
              RenderText {#text} at (5,6) size 106x17
                text run at (5,6) width 106: "CSS, children"
            RenderTableCell {TD} at (114,56) size 264x28 [border: (1px solid #008000)] [r=2 c=1 rs=1 cs=1]
              RenderInline {SPAN} at (0,0) size 125x17
                RenderText {#text} at (5,6) size 30x17
                  text run at (5,6) width 30: "abc"
                RenderInline {SPAN} at (0,0) size 77x17
                  RenderText {#text} at (34,6) size 77x17
                    text run at (34,6) width 77 RTL: "ihg\x{5D0}\x{5D1}\x{5D2}fed"
                RenderText {#text} at (110,6) size 20x17
                  text run at (110,6) width 20: "jkl"
              RenderText {#text} at (129,6) size 6x17
                text run at (129,6) width 6: " "
              RenderInline {SPAN} at (0,0) size 125x17
                RenderText {#text} at (231,6) size 28x17
                  text run at (231,6) width 28 RTL: "\x{5D0}\x{5D1}\x{5D2}"
                RenderInline {SPAN} at (0,0) size 78x17
                  RenderText {#text} at (154,6) size 78x17
                    text run at (154,6) width 78: "\x{5D8}\x{5D7}\x{5D6}abc\x{5D5}\x{5D4}\x{5D3}"
                RenderText {#text} at (134,6) size 21x17
                  text run at (134,6) width 21 RTL: "\x{5D9}\x{5DB}\x{5DC}"
            RenderTableCell {TD} at (377,56) size 264x28 [border: (1px solid #008000)] [r=2 c=2 rs=1 cs=1]
              RenderInline {SPAN} at (0,0) size 125x17
                RenderText {#text} at (134,6) size 30x17
                  text run at (134,6) width 30: "abc"
                RenderInline {SPAN} at (0,0) size 78x17
                  RenderText {#text} at (163,6) size 78x17
                    text run at (163,6) width 78 RTL: "ihg\x{5D0}\x{5D1}\x{5D2}fed"
                RenderText {#text} at (240,6) size 19x17
                  text run at (240,6) width 19: "jkl"
              RenderText {#text} at (129,6) size 6x17
                text run at (129,6) width 6 RTL: " "
              RenderInline {SPAN} at (0,0) size 125x17
                RenderText {#text} at (103,6) size 27x17
                  text run at (103,6) width 27 RTL: "\x{5D0}\x{5D1}\x{5D2}"
                RenderInline {SPAN} at (0,0) size 79x17
                  RenderText {#text} at (25,6) size 79x17
                    text run at (25,6) width 79: "\x{5D8}\x{5D7}\x{5D6}abc\x{5D5}\x{5D4}\x{5D3}"
                RenderText {#text} at (5,6) size 21x17
                  text run at (5,6) width 21 RTL: "\x{5D9}\x{5DB}\x{5DC}"
          RenderTableRow {TR} at (0,84) size 641x28
            RenderTableCell {TD} at (0,84) size 115x28 [border: (1px solid #008000)] [r=3 c=0 rs=1 cs=1]
              RenderText {#text} at (45,6) size 66x17
                text run at (45,6) width 66: "Unicode"
            RenderTableCell {TD} at (114,84) size 264x28 [border: (1px solid #008000)] [r=3 c=1 rs=1 cs=1]
              RenderText {#text} at (5,6) size 254x17
                text run at (5,6) width 29: "abc"
                text run at (33,6) width 78 RTL: "\x{202E}ihg\x{5D0}\x{5D1}\x{5D2}fed"
                text run at (110,6) width 24: "\x{202C}jkl "
                text run at (133,6) width 22 RTL: "\x{202C}\x{5D9}\x{5DB}\x{5DC}"
                text run at (154,6) width 79: "\x{202D}\x{5D8}\x{5D7}\x{5D6}abc\x{5D5}\x{5D4}\x{5D3}"
                text run at (232,6) width 27 RTL: "\x{5D0}\x{5D1}\x{5D2}"
            RenderTableCell {TD} at (377,84) size 264x28 [border: (1px solid #008000)] [r=3 c=2 rs=1 cs=1]
              RenderText {#text} at (5,6) size 254x17
                text run at (5,6) width 21 RTL: "\x{202C}\x{5D9}\x{5DB}\x{5DC}"
                text run at (25,6) width 79: "\x{202D}\x{5D8}\x{5D7}\x{5D6}abc\x{5D5}\x{5D4}\x{5D3}"
                text run at (103,6) width 27 RTL: "\x{5D0}\x{5D1}\x{5D2}"
                text run at (129,6) width 6 RTL: " "
                text run at (134,6) width 30: "abc"
                text run at (163,6) width 78 RTL: "\x{202E}ihg\x{5D0}\x{5D1}\x{5D2}fed"
                text run at (240,6) width 19: "\x{202C}jkl"
      RenderBlock {P} at (0,164) size 784x19
        RenderText {#text} at (0,1) size 490x17
          text run at (0,1) width 490: "The CSS column should be identical to the reference column."
      RenderTable {TABLE} at (0,199) size 268x124 [border: none]
        RenderTableSection {TBODY} at (0,0) size 267x123
          RenderTableRow {TR} at (0,0) size 267x28
            RenderTableCell {TD} at (0,0) size 134x28 [border: (1px solid #008000)] [r=0 c=0 rs=1 cs=1]
              RenderText {#text} at (26,6) size 82x17
                text run at (26,6) width 82: "Reference"
            RenderTableCell {TD} at (133,0) size 134x28 [border: (1px solid #008000)] [r=0 c=1 rs=1 cs=1]
              RenderText {#text} at (51,6) size 32x17
                text run at (51,6) width 32: "CSS"
          RenderTableRow {TR} at (0,28) size 267x95
            RenderTableCell {TD} at (0,28) size 134x95 [border: (1px solid #008000)] [r=1 c=0 rs=1 cs=1]
              RenderBlock {P} at (5,21) size 125x19
                RenderText {#text} at (0,1) size 124x17
                  text run at (0,1) width 55: "abcdef"
                  text run at (54,1) width 27 RTL: "\x{5D0}\x{5D1}\x{5D2}"
                  text run at (80,1) width 44: "ghijkl"
              RenderBlock {P} at (5,56) size 125x19
                RenderText {#text} at (0,1) size 125x17
                  text run at (0,1) width 47 RTL: "\x{5D6}\x{5D7}\x{5D8}\x{5D9}\x{5DB}\x{5DC}"
                  text run at (46,1) width 29: "abc"
                  text run at (74,1) width 51 RTL: "\x{5D0}\x{5D1}\x{5D2}\x{5D3}\x{5D4}\x{5D5}"
            RenderTableCell {TD} at (133,28) size 134x95 [border: (1px solid #008000)] [r=1 c=1 rs=1 cs=1]
              RenderBlock {P} at (5,21) size 125x19
                RenderText {#text} at (0,1) size 124x17
                  text run at (0,1) width 124 RTL: "lkjihg\x{5D0}\x{5D1}\x{5D2}fedcba"
              RenderBlock {P} at (5,56) size 125x19
                RenderText {#text} at (0,1) size 125x17
                  text run at (0,1) width 125: "\x{5DC}\x{5DB}\x{5D9}\x{5D8}\x{5D7}\x{5D6}abc\x{5D5}\x{5D4}\x{5D3}\x{5D2}\x{5D1}\x{5D0}"
