layer at (0,0) size 785x615
  RenderView at (0,0) size 785x600
layer at (0,0) size 785x615
  RenderBlock {HTML} at (0,0) size 785x615
    RenderBody {BODY} at (8,8) size 769x599
      RenderBlock {P} at (0,0) size 769x38
        RenderText {#text} at (0,1) size 110x17
          text run at (0,1) width 110: "This tests for "
        RenderInline {I} at (0,0) size 741x36
          RenderText {#text} at (109,1) size 741x36
            text run at (109,1) width 632: "http://bugzilla.opendarwin.org/show_bug.cgi?id=6014 Bidi algorithm: incorrect"
            text run at (0,20) width 412: "resolved levels for neutrals between R and ET ON L"
        RenderText {#text} at (411,20) size 7x17
          text run at (411,20) width 7: "."
      RenderBlock {P} at (0,54) size 769x57
        RenderText {#text} at (0,1) size 754x55
          text run at (0,1) width 125: "The characters "
          text run at (124,1) width 11 RTL: "\x{5D0}"
          text run at (134,1) width 42: " and "
          text run at (175,1) width 10 RTL: "\x{5D1}"
          text run at (184,1) width 564: " are of type R; ^ and @ are of type ON; $ and % are of type ET; a is of"
          text run at (0,20) width 754: "type L; 1 is of type EN. In each of the following pairs, the two lines should be identical to each"
          text run at (0,39) width 47: "other."
      RenderBlock {P} at (0,145) size 769x19
        RenderText {#text} at (0,1) size 95x17
          text run at (0,1) width 11 RTL: "\x{5D0}"
          text run at (10,1) width 85: " ^ @ $% a"
      RenderBlock (anonymous) at (0,180) size 769x19
        RenderInline {BDO} at (0,0) size 95x17
          RenderText {#text} at (0,1) size 95x17
            text run at (0,1) width 95: "\x{5D0} ^ @ $% a"
        RenderText {#text} at (0,0) size 0x0
      RenderBlock {P} at (0,225) size 769x19
        RenderText {#text} at (0,1) size 95x17
          text run at (0,1) width 95 RTL: "\x{5D0} ^ @ $% \x{5D1}"
      RenderBlock (anonymous) at (0,260) size 769x19
        RenderInline {BDO} at (0,0) size 95x17
          RenderText {#text} at (0,1) size 95x17
            text run at (0,1) width 95: "\x{5D1} %$ @ ^ \x{5D0}"
        RenderText {#text} at (0,0) size 0x0
      RenderBlock {P} at (0,305) size 769x19
        RenderText {#text} at (0,1) size 91x17
          text run at (0,1) width 36: "$%1"
          text run at (35,1) width 56 RTL: "\x{5D0} ^ @ "
      RenderBlock (anonymous) at (0,340) size 769x19
        RenderInline {BDO} at (0,0) size 91x17
          RenderText {#text} at (0,1) size 91x17
            text run at (0,1) width 91: "$%1 @ ^ \x{5D0}"
        RenderText {#text} at (0,0) size 0x0
      RenderBlock {P} at (0,385) size 769x19
        RenderText {#text} at (0,1) size 95x17
          text run at (0,1) width 10: "a"
          text run at (9,1) width 86 RTL: "\x{5D0} ^ @ $% "
      RenderBlock (anonymous) at (0,420) size 769x19
        RenderInline {BDO} at (0,0) size 95x17
          RenderText {#text} at (0,1) size 95x17
            text run at (0,1) width 95: "a %$ @ ^ \x{5D0}"
        RenderText {#text} at (0,0) size 0x0
      RenderBlock {P} at (0,465) size 769x19
        RenderText {#text} at (0,1) size 95x17
          text run at (0,1) width 95 RTL: "\x{5D0} ^ @ $% \x{5D1}"
      RenderBlock (anonymous) at (0,500) size 769x19
        RenderInline {BDO} at (0,0) size 95x17
          RenderText {#text} at (0,1) size 95x17
            text run at (0,1) width 95: "\x{5D1} %$ @ ^ \x{5D0}"
        RenderText {#text} at (0,0) size 0x0
      RenderBlock {P} at (0,545) size 769x19
        RenderText {#text} at (0,1) size 91x17
          text run at (0,1) width 36: "$%1"
          text run at (35,1) width 56 RTL: "\x{5D0} ^ @ "
      RenderBlock (anonymous) at (0,580) size 769x19
        RenderInline {BDO} at (0,0) size 91x17
          RenderText {#text} at (0,1) size 91x17
            text run at (0,1) width 91: "$%1 @ ^ \x{5D0}"
        RenderText {#text} at (0,0) size 0x0
layer at (8,135) size 769x2 clip at (0,0) size 0x0
  RenderBlock {HR} at (0,127) size 769x2 [border: (1px inset #000000)]
layer at (8,215) size 769x2 clip at (0,0) size 0x0
  RenderBlock {HR} at (0,207) size 769x2 [border: (1px inset #000000)]
layer at (8,295) size 769x2 clip at (0,0) size 0x0
  RenderBlock {HR} at (0,287) size 769x2 [border: (1px inset #000000)]
layer at (8,375) size 769x2 clip at (0,0) size 0x0
  RenderBlock {HR} at (0,367) size 769x2 [border: (1px inset #000000)]
layer at (8,455) size 769x2 clip at (0,0) size 0x0
  RenderBlock {HR} at (0,447) size 769x2 [border: (1px inset #000000)]
layer at (8,535) size 769x2 clip at (0,0) size 0x0
  RenderBlock {HR} at (0,527) size 769x2 [border: (1px inset #000000)]
