layer at (0,0) size 800x600
  RenderView at (0,0) size 800x600
layer at (0,0) size 800x600
  RenderBlock {HTML} at (0,0) size 800x600
    RenderBody {BODY} at (8,8) size 784x584
      RenderBlock {P} at (0,0) size 784x18
        RenderText {#text} at (0,0) size 54x17
          text run at (0,0) width 54: "Test for "
        RenderInline {I} at (0,0) size 399x17
          RenderInline {A} at (0,0) size 156x17 [color=#0000EE]
            RenderText {#text} at (53,0) size 156x17
              text run at (53,0) width 156: "rdar://problem/6020930"
          RenderText {#text} at (208,0) size 244x17
            text run at (208,0) width 244: " Bidi Problem When Resizing Window"
        RenderText {#text} at (451,0) size 5x17
          text run at (451,0) width 5: "."
      RenderBlock {P} at (0,34) size 784x18
        RenderText {#text} at (0,0) size 324x17
          text run at (0,0) width 324: "The boxes below should be identical to each other."
      RenderBlock {DIV} at (0,68) size 90x48 [border: (1px solid #0000FF)]
        RenderText {#text} at (5,6) size 76x36
          text run at (5,6) width 72 RTL: "\x{627}\x{644}\x{645}\x{627}\x{626}\x{629} \x{645}\x{644}\x{64A}\x{627}\x{631}"
          text run at (76,6) width 5: " "
          text run at (5,25) width 25 RTL: " \x{645}\x{646}"
          text run at (29,25) width 41: "12345"
      RenderBlock {DIV} at (0,116) size 90x48 [border: (1px solid #0000FF)]
        RenderText {#text} at (5,6) size 72x36
          text run at (5,6) width 72 RTL: "\x{627}\x{644}\x{645}\x{627}\x{626}\x{629} \x{645}\x{644}\x{64A}\x{627}\x{631}"
          text run at (5,25) width 25 RTL: " \x{645}\x{646}"
          text run at (29,25) width 41: "12345"
