layer at (0,0) size 800x600
  RenderView at (0,0) size 800x600
layer at (0,0) size 800x600
  RenderBlock {HTML} at (0,0) size 800x600
    RenderBody {BODY} at (8,8) size 784x584
      RenderBlock {P} at (0,0) size 784x38
        RenderText {#text} at (0,1) size 575x17
          text run at (0,1) width 575: "This tests that bidirectional text is correctly rendered in list box controls."
        RenderBR {BR} at (574,1) size 1x17
        RenderText {#text} at (0,20) size 728x17
          text run at (0,20) width 728: "The order of the text below each list box should match the order of the select's option text."
      RenderBlock (anonymous) at (0,54) size 784x56
        RenderText {#text} at (0,1) size 123x17
          text run at (0,1) width 123: "1) direction: rtl;"
        RenderBR {BR} at (122,1) size 1x17
        RenderListBox {SELECT} at (0,19) size 100x37 [bgcolor=#FFFFFF] [border: (1px inset #808080)]
        RenderBR {BR} at (100,35) size 0x17
      RenderBlock {DIV} at (0,110) size 100x19
        RenderText {#text} at (12,1) size 88x17
          text run at (12,1) width 59 RTL: "\x{5D0}\x{5E4}\x{5E8}\x{5E1}\x{5DE}\x{5D5}\x{5DF}"
          text run at (71,1) width 29: "abc"
      RenderBlock (anonymous) at (0,129) size 784x74
        RenderBR {BR} at (0,0) size 0x17
        RenderText {#text} at (0,19) size 123x17
          text run at (0,19) width 123: "2) direction: ltr;"
        RenderBR {BR} at (122,19) size 1x17
        RenderListBox {SELECT} at (0,37) size 100x37 [bgcolor=#FFFFFF] [border: (1px inset #808080)]
        RenderBR {BR} at (100,53) size 0x17
      RenderBlock {DIV} at (0,203) size 100x19
        RenderText {#text} at (0,1) size 88x17
          text run at (0,1) width 29: "abc"
          text run at (29,1) width 59 RTL: "\x{5D0}\x{5E4}\x{5E8}\x{5E1}\x{5DE}\x{5D5}\x{5DF}"
      RenderBlock (anonymous) at (0,222) size 784x74
        RenderBR {BR} at (0,0) size 0x17
        RenderText {#text} at (0,19) size 85x17
          text run at (0,19) width 85: "3) No style"
        RenderBR {BR} at (85,19) size 0x17
        RenderListBox {SELECT} at (0,37) size 100x37 [bgcolor=#FFFFFF] [border: (1px inset #808080)]
        RenderBR {BR} at (100,53) size 0x17
      RenderBlock {DIV} at (0,296) size 100x19
        RenderText {#text} at (0,1) size 88x17
          text run at (0,1) width 29: "abc"
          text run at (29,1) width 59 RTL: "\x{5D0}\x{5E4}\x{5E8}\x{5E1}\x{5DE}\x{5D5}\x{5DF}"
      RenderBlock (anonymous) at (0,315) size 784x18
        RenderBR {BR} at (0,0) size 0x17
