layer at (0,0) size 800x600
  RenderView at (0,0) size 800x600
layer at (0,0) size 800x492
  RenderBlock {HTML} at (0,0) size 800x492
    RenderBody {BODY} at (8,16) size 784x468
      RenderBlock {P} at (0,0) size 784x18
        RenderText {#text} at (0,0) size 571x17
          text run at (0,0) width 571: "The T column should match the R column. The H columns uses <br/> to force line breaks."
      RenderTable {TABLE} at (0,34) size 166x434 [border: none]
        RenderTableSection {TBODY} at (0,0) size 165x433
          RenderTableRow {TR} at (0,0) size 165x23
            RenderTableCell {TD} at (0,9) size 42x5 [r=0 c=0 rs=1 cs=1]
            RenderTableCell {TD} at (41,0) size 46x23 [border: (1px solid #008000)] [r=0 c=1 rs=1 cs=1]
              RenderText {#text} at (3,3) size 12x17
                text run at (3,3) width 12: "H"
            RenderTableCell {TD} at (86,0) size 34x23 [border: (1px solid #008000)] [r=0 c=2 rs=1 cs=1]
              RenderText {#text} at (3,3) size 10x17
                text run at (3,3) width 10: "T"
            RenderTableCell {TD} at (120,0) size 45x23 [border: (1px solid #008000)] [r=0 c=3 rs=1 cs=1]
              RenderText {#text} at (3,3) size 12x17
                text run at (3,3) width 12: "R"
          RenderTableRow {TR} at (0,23) size 165x41
            RenderTableCell {TD} at (0,32) size 42x23 [border: (1px solid #008000)] [r=1 c=0 rs=1 cs=1]
              RenderText {#text} at (3,3) size 9x17
                text run at (3,3) width 9: "1"
            RenderTableCell {TD} at (41,23) size 46x41 [border: (1px solid #008000)] [r=1 c=1 rs=1 cs=1]
              RenderText {#text} at (3,3) size 14x17
                text run at (3,3) width 10 RTL: "\x{5D0}"
                text run at (13,3) width 4: "."
              RenderBR {BR} at (17,3) size 0x17
              RenderText {#text} at (3,21) size 9x17
                text run at (3,21) width 9: "b"
            RenderTableCell {TD} at (86,32) size 34x23 [border: (1px solid #008000)] [r=1 c=2 rs=1 cs=1]
              RenderText {#text} at (3,3) size 27x17
                text run at (3,3) width 10 RTL: "\x{5D0}"
                text run at (13,3) width 17: ". b"
            RenderTableCell {TD} at (120,23) size 45x41 [border: (1px solid #008000)] [r=1 c=3 rs=1 cs=1]
              RenderBlock {P} at (3,3) size 40x18
                RenderText {#text} at (0,0) size 14x17
                  text run at (0,0) width 14: "\x{5D0}."
              RenderBlock {P} at (3,21) size 40x18
                RenderText {#text} at (0,0) size 9x17
                  text run at (0,0) width 9: "b"
          RenderTableRow {TR} at (0,64) size 165x41
            RenderTableCell {TD} at (0,73) size 42x23 [border: (1px solid #008000)] [r=2 c=0 rs=1 cs=1]
              RenderText {#text} at (3,3) size 9x17
                text run at (3,3) width 9: "2"
            RenderTableCell {TD} at (41,64) size 46x41 [border: (1px solid #008000)] [r=2 c=1 rs=1 cs=1]
              RenderText {#text} at (3,3) size 14x17
                text run at (3,3) width 10 RTL: "\x{5D0}"
                text run at (13,3) width 4: "."
              RenderBR {BR} at (17,3) size 0x17
              RenderText {#text} at (3,21) size 10x17
                text run at (3,21) width 10 RTL: "\x{5D1}"
            RenderTableCell {TD} at (86,73) size 34x23 [border: (1px solid #008000)] [r=2 c=2 rs=1 cs=1]
              RenderText {#text} at (3,3) size 28x17
                text run at (3,3) width 28 RTL: "\x{5D0}. \x{5D1}"
            RenderTableCell {TD} at (120,64) size 45x41 [border: (1px solid #008000)] [r=2 c=3 rs=1 cs=1]
              RenderBlock {P} at (3,3) size 40x18
                RenderText {#text} at (0,0) size 14x17
                  text run at (0,0) width 14: ".\x{5D0}"
              RenderBlock {P} at (3,21) size 40x18
                RenderText {#text} at (0,0) size 10x17
                  text run at (0,0) width 10: "\x{5D1}"
          RenderTableRow {TR} at (0,105) size 165x41
            RenderTableCell {TD} at (0,114) size 42x23 [border: (1px solid #008000)] [r=3 c=0 rs=1 cs=1]
              RenderText {#text} at (3,3) size 9x17
                text run at (3,3) width 9: "3"
            RenderTableCell {TD} at (41,105) size 46x41 [border: (1px solid #008000)] [r=3 c=1 rs=1 cs=1]
              RenderText {#text} at (3,3) size 20x17
                text run at (3,3) width 20 RTL: "\x{5D0}\x{5D0}"
              RenderBR {BR} at (3,3) size 0x17
              RenderText {#text} at (3,21) size 22x17
                text run at (3,21) width 9: "b"
                text run at (12,21) width 4 RTL: " "
                text run at (16,21) width 9: "1"
            RenderTableCell {TD} at (86,105) size 34x41 [border: (1px solid #008000)] [r=3 c=2 rs=1 cs=1]
              RenderText {#text} at (3,3) size 22x35
                text run at (3,3) width 20 RTL: "\x{5D0}\x{5D0}"
                text run at (3,21) width 9: "b"
                text run at (12,21) width 4 RTL: " "
                text run at (16,21) width 9: "1"
            RenderTableCell {TD} at (120,105) size 45x41 [border: (1px solid #008000)] [r=3 c=3 rs=1 cs=1]
              RenderBlock {P} at (3,3) size 40x18
                RenderText {#text} at (0,0) size 20x17
                  text run at (0,0) width 20: "\x{5D0}\x{5D0}"
              RenderBlock {P} at (3,21) size 40x18
                RenderText {#text} at (0,0) size 22x17
                  text run at (0,0) width 22: "b 1"
          RenderTableRow {TR} at (0,146) size 165x41
            RenderTableCell {TD} at (0,155) size 42x23 [border: (1px solid #008000)] [r=4 c=0 rs=1 cs=1]
              RenderText {#text} at (3,3) size 9x17
                text run at (3,3) width 9: "4"
            RenderTableCell {TD} at (41,146) size 46x41 [border: (1px solid #008000)] [r=4 c=1 rs=1 cs=1]
              RenderText {#text} at (3,3) size 18x17
                text run at (3,3) width 18: "aa"
              RenderBR {BR} at (3,3) size 0x17
              RenderText {#text} at (3,21) size 22x17
                text run at (3,21) width 9: "b"
                text run at (12,21) width 4 RTL: " "
                text run at (16,21) width 9: "1"
            RenderTableCell {TD} at (86,146) size 34x41 [border: (1px solid #008000)] [r=4 c=2 rs=1 cs=1]
              RenderText {#text} at (3,3) size 22x35
                text run at (3,3) width 18: "aa"
                text run at (3,21) width 22: "1 b"
            RenderTableCell {TD} at (120,146) size 45x41 [border: (1px solid #008000)] [r=4 c=3 rs=1 cs=1]
              RenderBlock {P} at (3,3) size 40x18
                RenderText {#text} at (0,0) size 18x17
                  text run at (0,0) width 18: "aa"
              RenderBlock {P} at (3,21) size 40x18
                RenderText {#text} at (0,0) size 22x17
                  text run at (0,0) width 22: "1 b"
          RenderTableRow {TR} at (0,187) size 165x41
            RenderTableCell {TD} at (0,196) size 42x23 [border: (1px solid #008000)] [r=5 c=0 rs=1 cs=1]
              RenderText {#text} at (3,3) size 9x17
                text run at (3,3) width 9: "5"
            RenderTableCell {TD} at (41,187) size 46x41 [border: (1px solid #008000)] [r=5 c=1 rs=1 cs=1]
              RenderText {#text} at (3,3) size 20x17
                text run at (3,3) width 20 RTL: "\x{5D0}\x{5D0}"
              RenderBR {BR} at (3,3) size 0x17
              RenderText {#text} at (3,21) size 23x17
                text run at (3,21) width 14 RTL: " \x{5D1}"
                text run at (17,21) width 9: "1"
            RenderTableCell {TD} at (86,187) size 34x41 [border: (1px solid #008000)] [r=5 c=2 rs=1 cs=1]
              RenderText {#text} at (3,3) size 23x35
                text run at (3,3) width 20 RTL: "\x{5D0}\x{5D0}"
                text run at (3,21) width 14 RTL: " \x{5D1}"
                text run at (17,21) width 9: "1"
            RenderTableCell {TD} at (120,187) size 45x41 [border: (1px solid #008000)] [r=5 c=3 rs=1 cs=1]
              RenderBlock {P} at (3,3) size 40x18
                RenderText {#text} at (0,0) size 20x17
                  text run at (0,0) width 20: "\x{5D0}\x{5D0}"
              RenderBlock {P} at (3,21) size 40x18
                RenderText {#text} at (0,0) size 23x17
                  text run at (0,0) width 23: "\x{5D1} 1"
          RenderTableRow {TR} at (0,228) size 165x41
            RenderTableCell {TD} at (0,237) size 42x23 [border: (1px solid #008000)] [r=6 c=0 rs=1 cs=1]
              RenderText {#text} at (3,3) size 9x17
                text run at (3,3) width 9: "6"
            RenderTableCell {TD} at (41,228) size 46x41 [border: (1px solid #008000)] [r=6 c=1 rs=1 cs=1]
              RenderText {#text} at (3,3) size 18x17
                text run at (3,3) width 18: "aa"
              RenderBR {BR} at (3,3) size 0x17
              RenderText {#text} at (3,21) size 23x17
                text run at (3,21) width 14 RTL: " \x{5D1}"
                text run at (17,21) width 9: "1"
            RenderTableCell {TD} at (86,228) size 34x41 [border: (1px solid #008000)] [r=6 c=2 rs=1 cs=1]
              RenderText {#text} at (3,3) size 23x35
                text run at (3,3) width 18: "aa"
                text run at (3,21) width 14 RTL: " \x{5D1}"
                text run at (17,21) width 9: "1"
            RenderTableCell {TD} at (120,228) size 45x41 [border: (1px solid #008000)] [r=6 c=3 rs=1 cs=1]
              RenderBlock {P} at (3,3) size 40x18
                RenderText {#text} at (0,0) size 18x17
                  text run at (0,0) width 18: "aa"
              RenderBlock {P} at (3,21) size 40x18
                RenderText {#text} at (0,0) size 23x17
                  text run at (0,0) width 23: "\x{5D1} 1"
          RenderTableRow {TR} at (0,269) size 165x41
            RenderTableCell {TD} at (0,278) size 42x23 [border: (1px solid #008000)] [r=7 c=0 rs=1 cs=1]
              RenderText {#text} at (3,3) size 9x17
                text run at (3,3) width 9: "7"
            RenderTableCell {TD} at (41,269) size 46x41 [border: (1px solid #008000)] [r=7 c=1 rs=1 cs=1]
              RenderText {#text} at (3,3) size 18x17
                text run at (3,3) width 18: "a ("
              RenderBR {BR} at (21,3) size 0x17
              RenderText {#text} at (3,21) size 17x17
                text run at (3,21) width 17: "] b"
            RenderTableCell {TD} at (86,269) size 34x41 [border: (1px solid #008000)] [r=7 c=2 rs=1 cs=1]
              RenderText {#text} at (3,3) size 26x35
                text run at (3,3) width 26: "a ( ]"
                text run at (3,21) width 9: "b"
            RenderTableCell {TD} at (120,269) size 45x41 [border: (1px solid #008000)] [r=7 c=3 rs=1 cs=1]
              RenderBlock {P} at (3,3) size 40x18
                RenderText {#text} at (0,0) size 18x17
                  text run at (0,0) width 18: "a ("
              RenderBlock {P} at (3,21) size 40x18
                RenderText {#text} at (0,0) size 17x17
                  text run at (0,0) width 17: "] b"
          RenderTableRow {TR} at (0,310) size 165x41
            RenderTableCell {TD} at (0,319) size 42x23 [border: (1px solid #008000)] [r=8 c=0 rs=1 cs=1]
              RenderText {#text} at (3,3) size 9x17
                text run at (3,3) width 9: "8"
            RenderTableCell {TD} at (41,310) size 46x41 [border: (1px solid #008000)] [r=8 c=1 rs=1 cs=1]
              RenderText {#text} at (3,3) size 19x17
                text run at (3,3) width 10 RTL: "\x{5D0}"
                text run at (13,3) width 9: " ("
              RenderBR {BR} at (22,3) size 0x17
              RenderText {#text} at (3,21) size 17x17
                text run at (3,21) width 17: "] b"
            RenderTableCell {TD} at (86,310) size 34x41 [border: (1px solid #008000)] [r=8 c=2 rs=1 cs=1]
              RenderText {#text} at (3,3) size 27x35
                text run at (3,3) width 10 RTL: "\x{5D0}"
                text run at (13,3) width 17: " ( ]"
                text run at (3,21) width 9: "b"
            RenderTableCell {TD} at (120,310) size 45x41 [border: (1px solid #008000)] [r=8 c=3 rs=1 cs=1]
              RenderBlock {P} at (3,3) size 40x18
                RenderText {#text} at (0,0) size 19x17
                  text run at (0,0) width 19: "\x{5D0} ("
              RenderBlock {P} at (3,21) size 40x18
                RenderText {#text} at (0,0) size 17x17
                  text run at (0,0) width 17: "] b"
          RenderTableRow {TR} at (0,351) size 165x41
            RenderTableCell {TD} at (0,360) size 42x23 [border: (1px solid #008000)] [r=9 c=0 rs=1 cs=1]
              RenderText {#text} at (3,3) size 9x17
                text run at (3,3) width 9: "9"
            RenderTableCell {TD} at (41,351) size 46x41 [border: (1px solid #008000)] [r=9 c=1 rs=1 cs=1]
              RenderText {#text} at (3,3) size 18x17
                text run at (3,3) width 18: "a ("
              RenderBR {BR} at (21,3) size 0x17
              RenderText {#text} at (3,21) size 18x17
                text run at (3,21) width 8: "] "
                text run at (11,21) width 10 RTL: "\x{5D1}"
            RenderTableCell {TD} at (86,351) size 34x41 [border: (1px solid #008000)] [r=9 c=2 rs=1 cs=1]
              RenderText {#text} at (3,3) size 26x35
                text run at (3,3) width 26: "a ( ]"
                text run at (3,21) width 10 RTL: "\x{5D1}"
            RenderTableCell {TD} at (120,351) size 45x41 [border: (1px solid #008000)] [r=9 c=3 rs=1 cs=1]
              RenderBlock {P} at (3,3) size 40x18
                RenderText {#text} at (0,0) size 18x17
                  text run at (0,0) width 18: "a ("
              RenderBlock {P} at (3,21) size 40x18
                RenderText {#text} at (0,0) size 18x17
                  text run at (0,0) width 18: "] \x{5D1}"
          RenderTableRow {TR} at (0,392) size 165x41
            RenderTableCell {TD} at (0,401) size 42x23 [border: (1px solid #008000)] [r=10 c=0 rs=1 cs=1]
              RenderText {#text} at (3,3) size 18x17
                text run at (3,3) width 18: "10"
            RenderTableCell {TD} at (41,392) size 46x41 [border: (1px solid #008000)] [r=10 c=1 rs=1 cs=1]
              RenderText {#text} at (3,3) size 19x17
                text run at (3,3) width 10 RTL: "\x{5D0}"
                text run at (13,3) width 9: " ("
              RenderBR {BR} at (22,3) size 0x17
              RenderText {#text} at (3,21) size 18x17
                text run at (3,21) width 8: "] "
                text run at (11,21) width 10 RTL: "\x{5D1}"
            RenderTableCell {TD} at (86,392) size 34x41 [border: (1px solid #008000)] [r=10 c=2 rs=1 cs=1]
              RenderText {#text} at (3,3) size 27x35
                text run at (3,3) width 27 RTL: "\x{5D0} ( ]"
                text run at (3,21) width 10 RTL: "\x{5D1}"
            RenderTableCell {TD} at (120,392) size 45x41 [border: (1px solid #008000)] [r=10 c=3 rs=1 cs=1]
              RenderBlock {P} at (3,3) size 40x18
                RenderText {#text} at (0,0) size 19x17
                  text run at (0,0) width 19: ") \x{5D0}"
              RenderBlock {P} at (3,21) size 40x18
                RenderText {#text} at (0,0) size 18x17
                  text run at (0,0) width 18: "\x{5D1} ["
