layer at (0,0) size 800x600
  RenderView at (0,0) size 800x600
layer at (0,0) size 800x600
  RenderBlock {HTML} at (0,0) size 800x600
    RenderBody {BODY} at (8,8) size 784x584
      RenderBlock {P} at (0,0) size 784x18
        RenderText {#text} at (0,0) size 279x17
          text run at (0,0) width 279: "This test covers Hebrew vowel positioning."
      RenderBlock {P} at (0,52) size 784x18
        RenderText {#text} at (0,0) size 467x17
          text run at (0,0) width 467: "The vowel (two vertical dots) should be centered beneath the main letter."
      RenderBlock {DIV} at (0,86) size 784x91
        RenderText {#text} at (56,1) size 67x88
          text run at (56,1) width 67 RTL: "\x{5E1}\x{5B0} "
        RenderText {#text} at (0,1) size 57x88
          text run at (0,1) width 57 RTL: "\x{5E9}\x{5B0}"
        RenderText {#text} at (0,0) size 0x0
      RenderBlock {P} at (0,203) size 784x18
        RenderText {#text} at (0,0) size 651x17
          text run at (0,0) width 651: "The dot should be positioned on the right side of the first letter, and on the left side of the second one."
      RenderBlock {DIV} at (0,237) size 784x182
        RenderText {#text} at (0,1) size 57x88
          text run at (0,1) width 57 RTL: "\x{5E9}\x{5C1}"
        RenderBR {BR} at (56,1) size 1x88
        RenderText {#text} at (0,92) size 57x88
          text run at (0,92) width 57 RTL: "\x{5E9}\x{5C2}"
        RenderText {#text} at (0,0) size 0x0
layer at (8,42) size 784x2 clip at (0,0) size 0x0
  RenderBlock {HR} at (0,34) size 784x2 [border: (1px inset #000000)]
layer at (8,193) size 784x2 clip at (0,0) size 0x0
  RenderBlock {HR} at (0,185) size 784x2 [border: (1px inset #000000)]
