layer at (0,0) size 800x600
  RenderView at (0,0) size 800x600
layer at (0,0) size 800x600
  RenderBlock {HTML} at (0,0) size 800x600
    RenderBody {BODY} at (8,8) size 784x576
      RenderBlock {P} at (0,0) size 784x57
        RenderInline {FONT} at (0,0) size 301x55
          RenderText {#text} at (0,1) size 301x55
            text run at (0,1) width 301: "First paragraph."
      RenderBlock (anonymous) at (0,73) size 784x0
        RenderInline {FONT} at (0,0) size 0x0
          RenderText {#text} at (0,0) size 0x0
      RenderBlock (anonymous) at (0,105) size 784x57
        RenderBlock {P} at (0,0) size 784x57
          RenderText {#text} at (0,1) size 353x55
            text run at (0,1) width 353: "Second paragraph."
      RenderBlock (anonymous) at (0,210) size 784x0
        RenderInline {FONT} at (0,0) size 0x0
        RenderText {#text} at (0,0) size 0x0
        RenderInline {B} at (0,0) size 0x0
      RenderBlock {P} at (0,210) size 784x20
        RenderInline {B} at (0,0) size 101x19
          RenderInline {I} at (0,0) size 101x19
            RenderText {#text} at (0,0) size 101x19
              text run at (0,0) width 101: "Bold and Italic"
        RenderInline {I} at (0,0) size 37x19
          RenderText {#text} at (101,0) size 37x19
            text run at (101,0) width 37: " Italic"
