layer at (0,0) size 800x600
  RenderView at (0,0) size 800x600
layer at (0,0) size 800x600
  RenderBlock {HTML} at (0,0) size 800x600
    RenderBody {BODY} at (8,8) size 784x584
      RenderBlock (anonymous) at (0,0) size 784x0
        RenderInline {LABEL} at (0,0) size 0x0
          RenderInline {A} at (0,0) size 0x0
      RenderBlock (anonymous) at (0,0) size 784x40
        RenderBlock {DIV} at (0,0) size 784x40
          RenderBlock (anonymous) at (0,0) size 784x20
            RenderInline {A} at (0,0) size 32x19
              RenderText {#text} at (0,0) size 32x19
                text run at (0,0) width 32: "Hello"
          RenderBlock (anonymous) at (0,20) size 784x20
            RenderBlock {DIV} at (0,0) size 784x20
              RenderText {#text} at (0,0) size 39x19
                text run at (0,0) width 39: "World"
          RenderBlock (anonymous) at (0,40) size 784x0
            RenderInline {A} at (0,0) size 0x0
            RenderText {#text} at (0,0) size 0x0
      RenderBlock (anonymous) at (0,40) size 784x0
        RenderInline {LABEL} at (0,0) size 0x0
