layer at (0,0) size 800x600
  RenderView at (0,0) size 800x600
layer at (0,0) size 800x600
  RenderBlock {HTML} at (0,0) size 800x600
    RenderBody {BODY} at (8,8) size 784x584
      RenderBlock (anonymous) at (0,0) size 784x20
        RenderText {#text} at (0,0) size 315x19
          text run at (0,0) width 315: "The style rule on this page should be totally ignored. "
        RenderInline {A} at (0,0) size 75x19
          RenderText {#text} at (315,0) size 75x19
            text run at (315,0) width 75: "here is a link"
        RenderText {#text} at (0,0) size 0x0
      RenderBlock {H1} at (0,41) size 784x38
        RenderText {#text} at (0,0) size 109x36
          text run at (0,0) width 109: "heading"
      RenderBlock (anonymous) at (0,99) size 784x101
        RenderInline {SPAN} at (0,0) size 29x19
          RenderText {#text} at (0,0) size 29x19
            text run at (0,0) width 29: "issue"
        RenderBR {BR} at (29,15) size 0x0
        RenderInline {SPAN} at (0,0) size 17x19
          RenderText {#text} at (0,20) size 17x19
            text run at (0,20) width 17: "fail"
        RenderBR {BR} at (17,35) size 0x0
        RenderInline {A} at (0,0) size 113x19
          RenderText {#text} at (0,40) size 113x19
            text run at (0,40) width 113: "here is another link"
        RenderBR {BR} at (113,55) size 0x0
        RenderInline {SPAN} at (0,0) size 18x19
          RenderText {#text} at (0,60) size 18x19
            text run at (0,60) width 18: "n/a"
        RenderBR {BR} at (18,75) size 0x0
        RenderInline {SPAN} at (0,0) size 27x19
          RenderText {#text} at (0,80) size 27x19
            text run at (0,80) width 27: "pass"
        RenderBR {BR} at (27,95) size 0x0
      RenderBlock {H1} at (0,221) size 784x38
        RenderText {#text} at (0,0) size 224x36
          text run at (0,0) width 224: "another heading"
      RenderBlock (anonymous) at (0,279) size 784x21
        RenderInline {SPAN} at (0,0) size 18x19
          RenderText {#text} at (0,0) size 18x19
            text run at (0,0) width 18: "n/a"
        RenderBR {BR} at (18,15) size 0x0
