layer at (0,0) size 800x600
  RenderView at (0,0) size 800x600
layer at (0,0) size 800x600
  RenderBlock {HTML} at (0,0) size 800x600
    RenderBody {BODY} at (8,8) size 784x576
      RenderBlock (anonymous) at (0,0) size 784x20
        RenderText {#text} at (0,0) size 569x19
          text run at (0,0) width 270: "Random tests of some bizarre combinations. "
          text run at (270,0) width 299: "H2 should allow a form inside it, but p should not."
        RenderText {#text} at (0,0) size 0x0
      RenderBlock {FORM} at (0,20) size 784x24
        RenderMenuList {SELECT} at (2,2) size 34x20 [bgcolor=#FFFFFF]
          RenderBlock (anonymous) at (4,2) size 9x16
            RenderText at (0,0) size 9x16
              text run at (0,0) width 9: "A"
        RenderText {#text} at (0,0) size 0x0
      RenderBlock {P} at (0,60) size 784x0
layer at (470,48) size 42x52
  RenderBlock (positioned) {H2} at (470,47) size 42x53 [border: (2px solid #008000)]
    RenderBlock {FORM} at (2,2) size 38x24
      RenderMenuList {SELECT} at (2,2) size 34x20 [bgcolor=#FFFFFF]
        RenderBlock (anonymous) at (4,2) size 9x16
          RenderText at (0,0) size 9x16
            text run at (0,0) width 9: "A"
      RenderText {#text} at (0,0) size 0x0
layer at (470,44) size 4x4
  RenderBlock (positioned) {P} at (470,44) size 4x4 [border: (2px solid #008000)]
