layer at (0,0) size 800x600
  RenderView at (0,0) size 800x600
layer at (0,0) size 800x36
  RenderBlock {html} at (0,0) size 800x36
    RenderBody {body} at (8,8) size 784x20
      RenderBlock (anonymous) at (0,0) size 784x20
        RenderText {#text} at (0,0) size 27x19
          text run at (0,0) width 27: "Text"
      RenderTable {table} at (0,20) size 0x0
      RenderTable at (0,20) size 0x0
        RenderTableCol {colgroup} at (0,0) size 0x0
