layer at (0,0) size 800x600
  RenderView at (0,0) size 800x600
layer at (0,0) size 800x600
  RenderBlock {HTML} at (0,0) size 800x600
    RenderBody {BODY} at (8,8) size 784x584
      RenderBlock {DIV} at (0,0) size 784x20
        RenderText {#text} at (0,0) size 51x19
          text run at (0,0) width 51: "Test for "
        RenderInline {A} at (0,0) size 110x19 [color=#0000EE]
          RenderText {#text} at (51,0) size 110x19
            text run at (51,0) width 110: "Bugzilla Bug 7724"
        RenderText {#text} at (161,0) size 455x19
          text run at (161,0) width 455: " Minor refactoring to HTMLParser::handleError() to remove duplicate code"
      RenderBlock {DT} at (0,20) size 784x20
        RenderText {#text} at (0,0) size 21x19
          text run at (0,0) width 21: "dttr"
