layer at (0,0) size 800x600
  RenderView at (0,0) size 800x600
layer at (0,0) size 800x69
  RenderBlock {HTML} at (0,0) size 800x69
    RenderBody {BODY} at (8,16) size 784x37
      RenderBlock {P} at (0,0) size 784x37
        RenderMathMLMath {math} at (0,8) size 48x18
          RenderMathMLRow {mstyle} at (0,0) size 48x18
            RenderMathMLUnderOver {mover} at (0,0) size 48x12
              RenderMathMLOperator {mo} at (0,5) size 48x7
                RenderBlock (anonymous) at (0,0) size 8x14
                  RenderText {#text} at (0,-44) size 8x106
                    text run at (0,-44) width 8: "\x{23DE}"
              RenderMathMLSpace {mspace} at (0,0) size 48x2 [bgcolor=#FF0000]
        RenderText {#text} at (48,11) size 4x19
          text run at (48,11) width 4: " "
        RenderMathMLMath {math} at (52,7) size 64x19
          RenderMathMLRow {mstyle} at (0,0) size 64x19
            RenderMathMLUnderOver {mover} at (0,0) size 64x19
              RenderMathMLSpace {mspace} at (0,16) size 64x3 [bgcolor=#FF0000]
              RenderMathMLOperator {mo} at (0,0) size 64x12
                RenderBlock (anonymous) at (0,0) size 6x11
                  RenderText {#text} at (0,-32) size 6x79
                    text run at (0,-32) width 6: "\x{23DE}"
        RenderText {#text} at (116,11) size 4x19
          text run at (116,11) width 4: " "
        RenderMathMLMath {math} at (120,13) size 48x16
          RenderMathMLRow {mstyle} at (0,0) size 48x16
            RenderMathMLUnderOver {munder} at (0,0) size 48x16
              RenderMathMLOperator {mo} at (0,0) size 48x6
                RenderBlock (anonymous) at (0,0) size 8x14
                  RenderText {#text} at (0,-44) size 8x106
                    text run at (0,-44) width 8: "\x{23DE}"
              RenderMathMLSpace {mspace} at (0,13) size 48x3 [bgcolor=#FF0000]
        RenderText {#text} at (168,11) size 4x19
          text run at (168,11) width 4: " "
        RenderMathMLMath {math} at (172,7) size 64x31
          RenderMathMLRow {mstyle} at (0,0) size 64x31
            RenderMathMLUnderOver {munderover} at (0,0) size 64x31
              RenderMathMLSpace {mspace} at (0,16) size 64x3 [bgcolor=#FF0000]
              RenderMathMLOperator {mo} at (0,18) size 64x12
                RenderBlock (anonymous) at (0,0) size 6x11
                  RenderText {#text} at (0,-32) size 6x79
                    text run at (0,-32) width 6: "\x{23DE}"
              RenderMathMLOperator {mo} at (0,0) size 64x12
                RenderBlock (anonymous) at (0,0) size 6x11
                  RenderText {#text} at (0,-32) size 6x79
                    text run at (0,-32) width 6: "\x{23DE}"
        RenderText {#text} at (236,11) size 4x19
          text run at (236,11) width 4: " "
        RenderMathMLMath {math} at (240,0) size 48x29
          RenderMathMLRow {mstyle} at (0,0) size 48x29
            RenderMathMLUnderOver {munderover} at (0,0) size 48x29
              RenderMathMLOperator {mo} at (0,12) size 48x7
                RenderBlock (anonymous) at (0,0) size 8x14
                  RenderText {#text} at (0,-44) size 8x106
                    text run at (0,-44) width 8: "\x{23DE}"
              RenderMathMLSpace {mspace} at (0,26) size 48x3 [bgcolor=#FF0000]
              RenderMathMLOperator {mo} at (0,0) size 48x5
                RenderBlock (anonymous) at (0,0) size 6x11
                  RenderText {#text} at (0,-32) size 6x79
                    text run at (0,-32) width 6: "\x{23DE}"
        RenderText {#text} at (288,11) size 4x19
          text run at (288,11) width 4: " "
        RenderMathMLMath {math} at (292,8) size 48x19
          RenderMathMLRow {mstyle} at (0,0) size 48x19
            RenderMathMLUnderOver {munderover} at (0,0) size 48x19
              RenderMathMLOperator {mo} at (0,5) size 48x7
                RenderBlock (anonymous) at (0,0) size 8x14
                  RenderText {#text} at (0,-44) size 8x106
                    text run at (0,-44) width 8: "\x{23DE}"
              RenderMathMLOperator {mo} at (0,13) size 48x6
                RenderBlock (anonymous) at (0,0) size 6x11
                  RenderText {#text} at (0,-32) size 6x79
                    text run at (0,-32) width 6: "\x{23DE}"
              RenderMathMLSpace {mspace} at (0,0) size 48x2 [bgcolor=#FF0000]
        RenderText {#text} at (340,11) size 4x19
          text run at (340,11) width 4: " "
        RenderMathMLMath {math} at (344,8) size 48x19
          RenderMathMLRow {mstyle} at (0,0) size 48x19
            RenderMathMLUnderOver {munder} at (0,0) size 48x19
              RenderMathMLUnderOver {mover} at (0,0) size 48x12
                RenderMathMLOperator {mo} at (0,5) size 48x7
                  RenderBlock (anonymous) at (0,0) size 8x14
                    RenderText {#text} at (0,-44) size 8x106
                      text run at (0,-44) width 8: "\x{23DE}"
                RenderMathMLSpace {mspace} at (0,0) size 48x2 [bgcolor=#FF0000]
              RenderMathMLOperator {mo} at (0,13) size 48x6
                RenderBlock (anonymous) at (0,0) size 6x11
                  RenderText {#text} at (0,-32) size 6x79
                    text run at (0,-32) width 6: "\x{23DE}"
        RenderText {#text} at (0,0) size 0x0
