layer at (0,0) size 785x668
  RenderView at (0,0) size 785x600
layer at (0,0) size 785x668
  RenderBlock {HTML} at (0,0) size 785x668
    RenderBody {BODY} at (8,8) size 769x644 [color=#333333] [bgcolor=#FFFFFF]
      RenderTable {TABLE} at (0,0) size 636x617 [border: (1px outset #808080)]
        RenderTableSection {TBODY} at (1,1) size 634x615
          RenderTableRow {TR} at (0,0) size 634x24
            RenderTableCell {TD} at (0,0) size 148x615 [bgcolor=#660000] [border: (1px inset #808080)] [r=0 c=0 rs=6 cs=1]
              RenderInline {B} at (4,2) size 64x18
                RenderInline {A} at (4,2) size 64x18
                  RenderInline {FONT} at (4,5) size 64x14 [color=#FFFFFF]
                    RenderText {#text} at (4,5) size 64x15
                      text run at (4,5) width 64: "MARKETS"
                  RenderBR {BR} at (68,2) size 0x18
              RenderText {#text} at (0,0) size 0x0
              RenderInline {A} at (4,17) size 32x18
                RenderInline {FONT} at (4,20) size 32x14 [color=#FFFFFF]
                  RenderText {#text} at (4,20) size 32x15
                    text run at (4,20) width 32: "News"
                RenderBR {BR} at (36,17) size 0x18
              RenderText {#text} at (0,0) size 0x0
              RenderInline {A} at (4,32) size 41x18
                RenderInline {FONT} at (4,35) size 41x14 [color=#FFFFFF]
                  RenderText {#text} at (4,35) size 41x15
                    text run at (4,35) width 41: "Stocks"
                RenderBR {BR} at (45,32) size 0x18
              RenderText {#text} at (0,0) size 0x0
              RenderInline {A} at (4,47) size 73x18
                RenderInline {FONT} at (4,50) size 73x14 [color=#FFFFFF]
                  RenderText {#text} at (4,50) size 73x15
                    text run at (4,50) width 73: "Tech Stocks"
                RenderBR {BR} at (76,47) size 1x18
              RenderText {#text} at (0,0) size 0x0
              RenderInline {A} at (4,62) size 117x18
                RenderInline {FONT} at (4,65) size 117x14 [color=#FFFFFF]
                  RenderText {#text} at (4,65) size 117x15
                    text run at (4,65) width 117: "Stocks on the Move"
                RenderBR {BR} at (121,62) size 0x18
              RenderText {#text} at (0,0) size 0x0
              RenderInline {A} at (4,77) size 65x18
                RenderInline {FONT} at (4,80) size 65x14 [color=#FFFFFF]
                  RenderText {#text} at (4,80) size 65x15
                    text run at (4,80) width 65: "IPO Center"
                RenderBR {BR} at (69,77) size 0x18
              RenderText {#text} at (0,0) size 0x0
              RenderInline {A} at (4,92) size 79x18
                RenderInline {FONT} at (4,95) size 79x14 [color=#FFFFFF]
                  RenderText {#text} at (4,95) size 79x15
                    text run at (4,95) width 79: "World Indices"
                RenderBR {BR} at (82,92) size 1x18
              RenderText {#text} at (0,0) size 0x0
              RenderInline {A} at (4,107) size 88x18
                RenderInline {FONT} at (4,110) size 88x14 [color=#FFFFFF]
                  RenderInline {NOBR} at (4,110) size 88x14
                    RenderText {#text} at (4,110) size 88x15
                      text run at (4,110) width 88: "Rates & Bonds"
                RenderBR {BR} at (92,107) size 0x18
              RenderText {#text} at (0,0) size 0x0
              RenderInline {A} at (4,122) size 91x18
                RenderInline {FONT} at (4,125) size 91x14 [color=#FFFFFF]
                  RenderText {#text} at (4,125) size 91x15
                    text run at (4,125) width 91: "U.S. Treasuries"
                RenderBR {BR} at (94,122) size 1x18
              RenderText {#text} at (0,0) size 0x0
              RenderInline {A} at (4,137) size 62x18
                RenderInline {FONT} at (4,140) size 62x14 [color=#FFFFFF]
                  RenderText {#text} at (4,140) size 62x15
                    text run at (4,140) width 62: "Currencies"
                RenderBR {BR} at (66,137) size 0x18
              RenderText {#text} at (0,0) size 0x0
              RenderInline {A} at (4,152) size 114x18
                RenderInline {FONT} at (4,155) size 114x14 [color=#FFFFFF]
                  RenderText {#text} at (4,155) size 114x15
                    text run at (4,155) width 114: "Currency Calculator"
                RenderBR {BR} at (118,152) size 0x18
              RenderText {#text} at (0,0) size 0x0
              RenderInline {A} at (4,167) size 76x18
                RenderInline {FONT} at (4,170) size 76x14 [color=#FFFFFF]
                  RenderText {#text} at (4,170) size 76x15
                    text run at (4,170) width 76: "Commodities"
                RenderBR {BR} at (80,167) size 0x18
              RenderBR {BR} at (4,184) size 0x18
              RenderInline {B} at (4,200) size 48x18
                RenderInline {A} at (4,200) size 48x18
                  RenderInline {FONT} at (4,203) size 48x14 [color=#FFFFFF]
                    RenderText {#text} at (4,203) size 48x15
                      text run at (4,203) width 48: "MONEY"
                  RenderBR {BR} at (52,200) size 0x18
              RenderText {#text} at (0,0) size 0x0
              RenderInline {A} at (4,215) size 79x18
                RenderInline {FONT} at (4,218) size 79x14 [color=#FFFFFF]
                  RenderText {#text} at (4,218) size 79x15
                    text run at (4,218) width 79: "Mutual Funds"
                RenderBR {BR} at (83,215) size 0x18
              RenderText {#text} at (0,0) size 0x0
              RenderInline {A} at (4,230) size 48x18
                RenderInline {FONT} at (4,233) size 48x14 [color=#FFFFFF]
                  RenderText {#text} at (4,233) size 48x15
                    text run at (4,233) width 48: "Portfolio"
                RenderBR {BR} at (52,230) size 0x18
              RenderText {#text} at (0,0) size 0x0
              RenderInline {A} at (4,245) size 70x18
                RenderInline {FONT} at (4,248) size 70x14 [color=#FFFFFF]
                  RenderText {#text} at (4,248) size 70x15
                    text run at (4,248) width 70: "Loan Center"
                RenderBR {BR} at (74,245) size 0x18
              RenderText {#text} at (0,0) size 0x0
              RenderInline {A} at (4,260) size 116x18
                RenderInline {FONT} at (4,263) size 116x14 [color=#FFFFFF]
                  RenderText {#text} at (4,263) size 116x15
                    text run at (4,263) width 116: "Mortgage Calculator"
                RenderBR {BR} at (120,260) size 0x18
              RenderText {#text} at (0,0) size 0x0
              RenderInline {A} at (4,275) size 53x18
                RenderInline {FONT} at (4,278) size 53x14 [color=#FFFFFF]
                  RenderText {#text} at (4,278) size 53x15
                    text run at (4,278) width 53: "Investing"
                RenderBR {BR} at (57,275) size 0x18
              RenderText {#text} at (0,0) size 0x0
              RenderInline {A} at (4,290) size 63x18
                RenderInline {FONT} at (4,293) size 63x14 [color=#FFFFFF]
                  RenderText {#text} at (4,293) size 63x15
                    text run at (4,293) width 63: "Retirement"
                RenderBR {BR} at (67,290) size 0x18
              RenderText {#text} at (0,0) size 0x0
              RenderInline {A} at (4,305) size 120x18
                RenderInline {FONT} at (4,308) size 120x14 [color=#FFFFFF]
                  RenderText {#text} at (4,308) size 120x15
                    text run at (4,308) width 120: "Negocios Bloomberg"
                RenderBR {BR} at (124,305) size 0x18
              RenderBR {BR} at (4,322) size 0x18
              RenderInline {B} at (4,338) size 78x18
                RenderInline {A} at (4,338) size 78x18
                  RenderInline {FONT} at (4,341) size 78x14 [color=#FFFFFF]
                    RenderText {#text} at (4,341) size 78x15
                      text run at (4,341) width 78: "MAGAZINES"
                  RenderBR {BR} at (82,338) size 0x18
              RenderText {#text} at (0,0) size 0x0
              RenderInline {A} at (4,353) size 101x18
                RenderInline {FONT} at (4,356) size 101x14 [color=#FFFFFF]
                  RenderText {#text} at (4,356) size 101x15
                    text run at (4,356) width 101: "Personal Finance"
                RenderBR {BR} at (105,353) size 0x18
              RenderText {#text} at (0,0) size 0x0
              RenderInline {A} at (4,368) size 94x18
                RenderInline {FONT} at (4,371) size 94x14 [color=#FFFFFF]
                  RenderText {#text} at (4,371) size 94x15
                    text run at (4,371) width 94: "Wealth Manager"
                RenderBR {BR} at (97,368) size 1x18
              RenderBR {BR} at (4,385) size 0x18
              RenderInline {FONT} at (4,404) size 124x14 [color=#FFFFFF]
                RenderInline {B} at (4,404) size 124x14
                  RenderText {#text} at (4,404) size 124x15
                    text run at (4,404) width 124: "BUSINESS CENTER"
                RenderBR {BR} at (128,404) size 0x14
              RenderText {#text} at (0,0) size 0x0
              RenderInline {A} at (4,416) size 91x18
                RenderInline {FONT} at (4,419) size 91x14 [color=#FFFFFF]
                  RenderText {#text} at (4,419) size 91x15
                    text run at (4,419) width 91: "Small Business"
                RenderBR {BR} at (95,416) size 0x18
              RenderBR {BR} at (4,433) size 0x18
              RenderInline {B} at (4,449) size 63x18
                RenderInline {A} at (4,449) size 63x18
                  RenderInline {FONT} at (4,452) size 63x14 [color=#FFFFFF]
                    RenderText {#text} at (4,452) size 63x15
                      text run at (4,452) width 63: "CAREERS"
                  RenderBR {BR} at (67,449) size 0x18
              RenderBR {BR} at (4,466) size 0x18
              RenderInline {B} at (4,482) size 29x18
                RenderInline {A} at (4,482) size 29x18
                  RenderInline {FONT} at (4,485) size 29x14 [color=#FFFFFF]
                    RenderText {#text} at (4,485) size 29x15
                      text run at (4,485) width 29: "LIFE"
                  RenderBR {BR} at (33,482) size 0x18
              RenderText {#text} at (0,0) size 0x0
              RenderInline {A} at (4,497) size 98x18
                RenderInline {FONT} at (4,500) size 98x14 [color=#FFFFFF]
                  RenderText {#text} at (4,500) size 98x15
                    text run at (4,500) width 98: "The Finer Things"
                RenderBR {BR} at (102,497) size 0x18
              RenderText {#text} at (0,0) size 0x0
              RenderInline {A} at (4,512) size 38x18
                RenderInline {FONT} at (4,515) size 38x14 [color=#FFFFFF]
                  RenderText {#text} at (4,515) size 38x15
                    text run at (4,515) width 38: "Sports"
                RenderBR {BR} at (42,512) size 0x18
              RenderText {#text} at (0,0) size 0x0
              RenderInline {A} at (4,527) size 74x18
                RenderInline {FONT} at (4,530) size 74x14 [color=#FFFFFF]
                  RenderText {#text} at (4,530) size 74x15
                    text run at (4,530) width 74: "Charlie Rose"
                RenderBR {BR} at (78,527) size 0x18
              RenderText {#text} at (0,0) size 0x0
              RenderInline {A} at (4,542) size 76x18
                RenderInline {FONT} at (4,545) size 76x14 [color=#FFFFFF]
                  RenderText {#text} at (4,545) size 76x15
                    text run at (4,545) width 76: "B-Commerce"
                RenderBR {BR} at (80,542) size 0x18
              RenderBR {BR} at (4,559) size 0x18
              RenderImage {IMG} at (4,577) size 140x1
              RenderBR {BR} at (144,564) size 0x18
              RenderInline {A} at (4,576) size 73x18
                RenderInline {FONT} at (4,579) size 73x14 [color=#FFFFFF]
                  RenderText {#text} at (4,579) size 73x15
                    text run at (4,579) width 73: "To Advertise"
                RenderBR {BR} at (76,576) size 1x18
              RenderBR {BR} at (4,593) size 0x18
            RenderTableCell {TD} at (148,0) size 486x24 [bgcolor=#660000] [border: (1px inset #808080)] [r=0 c=1 rs=1 cs=3]
              RenderImage {IMG} at (10,4) size 466x16
          RenderTableRow {TR} at (0,24) size 634x69
            RenderTableCell {TD} at (148,24) size 128x69 [border: (1px inset #808080)] [r=1 c=1 rs=1 cs=1]
              RenderInline {A} at (4,50) size 120x18
                RenderText {#text} at (0,0) size 0x0
                RenderImage {IMG} at (4,4) size 120x60
              RenderText {#text} at (0,0) size 0x0
              RenderText {#text} at (0,0) size 0x0
              RenderImage {IMG} at (4,64) size 120x1
            RenderTableCell {TD} at (276,24) size 175x69 [border: (1px inset #808080)] [r=1 c=2 rs=1 cs=1]
              RenderInline {A} at (4,50) size 167x18
                RenderText {#text} at (0,0) size 0x0
                RenderImage {IMG} at (4,4) size 167x60
              RenderText {#text} at (0,0) size 0x0
              RenderText {#text} at (0,0) size 0x0
              RenderImage {IMG} at (4,64) size 167x1
            RenderTableCell {TD} at (451,24) size 183x521 [bgcolor=#CCCC99] [border: (1px inset #808080)] [r=1 c=3 rs=6 cs=1]
              RenderBlock (anonymous) at (4,4) size 175x26
                RenderInline {FONT} at (16,1) size 143x11
                  RenderInline {FONT} at (16,0) size 143x12
                    RenderInline {SPAN} at (16,0) size 143x12
                      RenderText {#text} at (16,0) size 143x11
                        text run at (16,0) width 143: "Tue, 27 Jul 1999, 2:47pm EDT"
                      RenderBR {BR} at (158,0) size 1x12
                RenderText {#text} at (0,0) size 0x0
                RenderInline {FONT} at (35,12) size 105x14 [color=#000000]
                  RenderInline {B} at (35,12) size 105x14
                    RenderInline {SPAN} at (35,12) size 105x14
                      RenderText {#text} at (35,12) size 105x15
                        text run at (35,12) width 105: "Market Snapshot"
                      RenderBR {BR} at (139,12) size 1x14
                RenderText {#text} at (0,0) size 0x0
              RenderBlock {CENTER} at (4,30) size 175x487
                RenderInline {A} at (0,256) size 175x18
                  RenderImage {IMG} at (0,0) size 175x270
                RenderText {#text} at (0,0) size 0x0
                RenderText {#text} at (0,0) size 0x0
                RenderInline {A} at (7,286) size 161x18
                  RenderText {#text} at (0,0) size 0x0
                  RenderImage {IMG} at (7,270) size 161x30
                RenderText {#text} at (0,0) size 0x0
                RenderText {#text} at (0,0) size 0x0
                RenderInline {FONT} at (13,301) size 149x14 [color=#000000]
                  RenderInline {B} at (13,301) size 149x14
                    RenderInline {SPAN} at (13,301) size 149x14
                      RenderText {#text} at (13,301) size 149x15
                        text run at (13,301) width 149: "Financial Market Update"
                      RenderBR {BR} at (162,301) size 0x14
                RenderText {#text} at (0,0) size 0x0
                RenderInline {FONT} at (46,315) size 83x12
                  RenderInline {A} at (46,315) size 33x12
                    RenderText {#text} at (46,315) size 33x11
                      text run at (46,315) width 33: "AUDIO"
                  RenderText {#text} at (78,315) size 19x11
                    text run at (78,315) width 19: "  |   "
                  RenderInline {A} at (96,315) size 33x12
                    RenderText {#text} at (96,315) size 33x11
                      text run at (96,315) width 33: "VIDEO"
                  RenderText {#text} at (0,0) size 0x0
                RenderBR {BR} at (128,310) size 1x18
                RenderBR {BR} at (87,326) size 1x18
                RenderBR {BR} at (87,344) size 1x18
                RenderInline {A} at (25,473) size 125x18
                  RenderText {#text} at (0,0) size 0x0
                  RenderImage {IMG} at (25,362) size 125x125
                RenderText {#text} at (0,0) size 0x0
                RenderText {#text} at (0,0) size 0x0
          RenderTableRow {TR} at (0,93) size 634x116
            RenderTableCell {TD} at (148,93) size 303x116 [bgcolor=#FFFFFF] [border: (1px inset #808080)] [r=2 c=1 rs=1 cs=2]
              RenderInline {A} at (295,4) size 0x18
                RenderImage {IMG} at (4,4) size 288x26
              RenderBR {BR} at (295,4) size 0x18
              RenderBR {BR} at (295,22) size 0x18
              RenderInline {A} at (4,40) size 274x54
                RenderInline {SPAN} at (4,40) size 274x54
                  RenderText {#text} at (4,40) size 274x53
                    text run at (4,40) width 264: "Looking for a new approach to investing?"
                    text run at (4,58) width 274: "How about a portfolio where every holding"
                    text run at (4,76) width 203: "has a word for its stock symbol?"
              RenderBR {BR} at (207,76) size 0x18
              RenderInline {SPAN} at (4,94) size 46x18
                RenderInline {A} at (4,94) size 46x18
                  RenderText {#text} at (4,94) size 46x17
                    text run at (4,94) width 46: "More..."
              RenderText {#text} at (0,0) size 0x0
          RenderTableRow {TR} at (0,209) size 634x406
            RenderTableCell {TD} at (148,209) size 303x313 [bgcolor=#C0C0C0] [border: (1px inset #808080)] [r=3 c=1 rs=1 cs=2]
              RenderImage {IMG} at (4,4) size 290x35
              RenderBR {BR} at (294,25) size 0x18
              RenderInline {A} at (4,37) size 249x18
                RenderInline {FONT} at (4,40) size 249x14
                  RenderInline {SPAN} at (4,40) size 249x14
                    RenderInline {STRON} at (4,40) size 249x14
                      RenderInline {U} at (4,40) size 249x14
                        RenderText {#text} at (4,40) size 249x15
                          text run at (4,40) width 249: "Use BLOOMBERG.com to Find a New Job"
              RenderBR {BR} at (253,37) size 0x18
              RenderInline {FONT} at (4,55) size 282x59
                RenderInline {SPAN} at (4,55) size 282x59
                  RenderText {#text} at (4,55) size 282x60
                    text run at (4,55) width 280: "Whether you know what you're looking for or just"
                    text run at (4,70) width 275: "know you're looking, the new career page offers"
                    text run at (4,85) width 282: "better searches, news, and calculators than ever"
                    text run at (4,100) width 40: "before."
              RenderBR {BR} at (44,97) size 0x18
              RenderInline {A} at (4,112) size 215x18
                RenderInline {FONT} at (4,115) size 215x14
                  RenderInline {SPAN} at (4,115) size 215x14
                    RenderInline {STRONG} at (4,115) size 215x14
                      RenderInline {U} at (4,115) size 215x14
                        RenderText {#text} at (4,115) size 215x15
                          text run at (4,115) width 215: "Bloomberg News on Rocket eBook"
              RenderBR {BR} at (219,112) size 0x18
              RenderInline {FONT} at (4,130) size 292x74
                RenderInline {SPAN} at (4,130) size 292x74
                  RenderText {#text} at (4,130) size 292x75
                    text run at (4,130) width 284: "Bloomberg's Top Financial News is now available"
                    text run at (4,145) width 235: "for download on your Rocket eBook. Get"
                    text run at (4,160) width 292: "tomorrow's news today with Bloomberg's summary"
                    text run at (4,175) width 233: "of the day's top stories. Bloomberg daily"
                    text run at (4,190) width 259: "RocketEditions are FREE until September 1."
              RenderBR {BR} at (263,187) size 0x18
              RenderInline {A} at (4,202) size 144x18
                RenderInline {FONT} at (4,205) size 144x14
                  RenderInline {SPAN} at (4,205) size 144x14
                    RenderInline {STRONG} at (4,205) size 144x14
                      RenderInline {U} at (4,205) size 144x14
                        RenderText {#text} at (4,205) size 144x15
                          text run at (4,205) width 144: "Bloomberg News to Go"
              RenderBR {BR} at (148,202) size 0x18
              RenderInline {FONT} at (4,220) size 294x44
                RenderInline {SPAN} at (4,220) size 294x44
                  RenderText {#text} at (4,220) size 294x45
                    text run at (4,220) width 165: "Get tomorrow's news today. "
                    text run at (168,220) width 126: "FREE weekday email"
                    text run at (4,235) width 294: "report of the top stories in business & finance from"
                    text run at (4,250) width 204: "BLOOMBERG NEWS at 5pm EST."
              RenderBR {BR} at (207,247) size 1x18
              RenderInline {A} at (4,262) size 179x18
                RenderInline {FONT} at (4,265) size 179x14
                  RenderInline {SPAN} at (4,265) size 179x14
                    RenderInline {STRONG} at (4,265) size 179x14
                      RenderInline {U} at (4,265) size 179x14
                        RenderText {#text} at (4,265) size 179x15
                          text run at (4,265) width 179: "Bloomberg Year 2000 Letters"
              RenderBR {BR} at (182,262) size 1x18
              RenderInline {FONT} at (4,280) size 284x29
                RenderInline {SPAN} at (4,280) size 284x29
                  RenderText {#text} at (4,280) size 284x30
                    text run at (4,280) width 284: "For Y2K information on BLOOMBERG, download"
                    text run at (4,295) width 147: "our customer letters now."
              RenderBR {BR} at (150,292) size 1x18
      RenderBlock {P} at (0,633) size 769x11
        RenderInline {FONT} at (0,0) size 422x12
          RenderText {#text} at (0,0) size 196x11
            text run at (0,0) width 196: "\x{A9}1999 Bloomberg L.P. All rights reserved. "
          RenderInline {A} at (195,0) size 77x12
            RenderText {#text} at (195,0) size 77x11
              text run at (195,0) width 77: "Terms of Service"
          RenderText {#text} at (271,0) size 7x11
            text run at (271,0) width 7: ", "
          RenderInline {A} at (277,0) size 64x12
            RenderText {#text} at (277,0) size 64x11
              text run at (277,0) width 64: "Privacy Policy"
          RenderText {#text} at (340,0) size 25x11
            text run at (340,0) width 25: " and "
          RenderInline {A} at (364,0) size 55x12
            RenderText {#text} at (364,0) size 55x11
              text run at (364,0) width 55: "Trademarks"
          RenderText {#text} at (418,0) size 4x11
            text run at (418,0) width 4: "."
        RenderText {#text} at (0,0) size 0x0
