layer at (0,0) size 800x600
  RenderView at (0,0) size 800x600
layer at (0,0) size 800x208
  RenderBlock {HTML} at (0,0) size 800x208
layer at (8,8) size 784x192
  RenderBody {BODY} at (8,8) size 784x192
layer at (8,8) size 242x192
  RenderBlock (relative positioned) {DIV} at (0,0) size 242x192 [border: (1px solid #000000)]
    RenderBlock (anonymous) at (21,21) size 200x18
      RenderText {#text} at (0,0) size 174x18
        text run at (0,0) width 174: "This content is in the parent"
layer at (129,47) size 250x100
  RenderBlock (relative positioned) {DIV} at (21,39) size 250x100 [bgcolor=#008000]
    RenderText {#text} at (0,0) size 182x18
      text run at (0,0) width 182: "Box should have perspective"
