CONSOLE MESSAGE: ReferenceError: Can't find variable: CSSMathSum
layer at (0,0) size 800x600
  RenderView at (0,0) size 800x600
layer at (0,0) size 800x52
  RenderBlock {HTML} at (0,0) size 800x52
    RenderBody {BODY} at (8,16) size 784x20
      RenderBlock {P} at (0,0) size 784x20
        RenderText {#text} at (0,0) size 324x19
          text run at (0,0) width 324: "Test passes if there is a filled green rectangle with "
        RenderInline {STRONG} at (0,0) size 44x19
          RenderText {#text} at (323,0) size 44x19
            text run at (323,0) width 44: "no red"
        RenderText {#text} at (366,0) size 5x19
          text run at (366,0) width 5: "."
layer at (100,100) size 200x100
  RenderBlock (positioned) {DIV} at (100,100) size 200x100 [bgcolor=#FF0000]
layer at (100,100) size 200x100
  RenderBlock (positioned) zI: 1 {DIV} at (100,100) size 200x100 [bgcolor=#008000]
