CONSOLE MESSAGE: ReferenceError: Can't find variable: CSSMathMin
layer at (0,0) size 800x600
  RenderView at (0,0) size 800x600
layer at (0,0) size 800x160
  RenderBlock {HTML} at (0,0) size 800x160
    RenderBody {BODY} at (8,16) size 784x136
      RenderBlock {P} at (0,0) size 784x20
        RenderText {#text} at (0,0) size 274x19
          text run at (0,0) width 274: "Test passes if there is a filled green square."
      RenderBlock {DIV} at (0,36) size 784x100 [bgcolor=#008000]
