layer at (0,0) size 800x600
  RenderView at (0,0) size 800x600
layer at (0,0) size 800x600
  RenderBlock {HTML} at (0,0) size 800x600
    RenderBody {BODY} at (8,8) size 784x584
      RenderBlock (floating) {P} at (0,16) size 652x24 [border: (2px solid #008000)]
        RenderText {#text} at (2,2) size 648x19
          text run at (2,2) width 38: "There"
          text run at (69,2) width 47: " should"
          text run at (145,2) width 21: " be"
          text run at (195,2) width 37: " 30px"
          text run at (261,2) width 18: " of"
          text run at (308,2) width 38: " word"
          text run at (375,2) width 54: " spacing"
          text run at (458,2) width 58: " between"
          text run at (545,2) width 34: " each"
          text run at (608,2) width 42: " word."
      RenderBlock {DIV} at (0,0) size 784x100
      RenderTable {TABLE} at (0,100) size 100x144
        RenderTableSection {TBODY} at (0,0) size 100x144
          RenderTableRow {TR} at (0,0) size 100x144
            RenderTableCell {TD} at (0,0) size 100x144 [r=0 c=0 rs=1 cs=1]
              RenderBlock {P} at (0,0) size 100x144 [border: (2px solid #008000)]
                RenderText {#text} at (2,2) size 86x139
                  text run at (2,2) width 38: "There"
                  text run at (2,22) width 43: "should"
                  text run at (59,22) width 20: " be"
                  text run at (2,42) width 32: "15px"
                  text run at (49,42) width 18: " of"
                  text run at (2,62) width 33: "word"
                  text run at (2,82) width 49: "spacing"
                  text run at (2,102) width 54: "between"
                  text run at (2,122) width 30: "each"
                  text run at (46,122) width 42: " word."
