layer at (0,0) size 800x600
  RenderView at (0,0) size 800x600
layer at (0,0) size 800x600
  RenderBlock {HTML} at (0,0) size 800x600
    RenderBody {BODY} at (8,8) size 784x584
      RenderTable {TABLE} at (0,0) size 784x46 [border: (2px outset #808080)]
        RenderTableSection {TBODY} at (2,2) size 780x42
          RenderTableRow {TR} at (0,0) size 780x42
            RenderTableCell {TD} at (0,10) size 721x22 [border: (1px inset #808080)] [r=0 c=0 rs=1 cs=1]
              RenderText {#text} at (1,1) size 69x19
                text run at (1,1) width 69: "A Big Cell"
            RenderTableCell {TD} at (720,0) size 60x42 [border: (1px inset #808080)] [r=0 c=1 rs=1 cs=1]
              RenderText {#text} at (1,1) size 35x39
                text run at (1,1) width 11: "A"
                text run at (1,21) width 35: "small"
              RenderInline {SPAN} at (0,0) size 24x19
                RenderText {#text} at (35,21) size 24x19
                  text run at (35,21) width 24: "cell"
      RenderTable {TABLE} at (0,46) size 784x46 [border: (2px outset #808080)]
        RenderTableSection {TBODY} at (2,2) size 780x42
          RenderTableRow {TR} at (0,0) size 780x42
            RenderTableCell {TD} at (0,10) size 715x22 [border: (1px inset #808080)] [r=0 c=0 rs=1 cs=1]
              RenderText {#text} at (1,1) size 69x19
                text run at (1,1) width 69: "A Big Cell"
            RenderTableCell {TD} at (714,0) size 66x42 [border: (1px inset #808080)] [r=0 c=1 rs=1 cs=1]
              RenderText {#text} at (1,1) size 50x19
                text run at (1,1) width 50: "A small"
                text run at (50,1) width 1: " "
              RenderInline {SPAN} at (0,0) size 24x19
                RenderText {#text} at (1,21) size 24x19
                  text run at (1,21) width 24: "cell"
              RenderText {#text} at (24,21) size 41x19
                text run at (24,21) width 41: "block!"
      RenderTable {TABLE} at (0,92) size 784x26 [border: (2px outset #808080)]
        RenderTableSection {TBODY} at (2,2) size 780x22
          RenderTableRow {TR} at (0,0) size 780x22
            RenderTableCell {TD} at (0,0) size 706x22 [border: (1px inset #808080)] [r=0 c=0 rs=1 cs=1]
              RenderText {#text} at (1,1) size 69x19
                text run at (1,1) width 69: "A Big Cell"
            RenderTableCell {TD} at (705,0) size 75x22 [border: (1px inset #808080)] [r=0 c=1 rs=1 cs=1]
              RenderText {#text} at (1,1) size 50x19
                text run at (1,1) width 50: "A small"
              RenderInline {SPAN} at (0,0) size 24x19
                RenderText {#text} at (50,1) size 24x19
                  text run at (50,1) width 24: "cell"
