layer at (0,0) size 800x600
  RenderView at (0,0) size 800x600
layer at (0,0) size 800x600
  RenderBlock {HTML} at (0,0) size 800x600
    RenderBody {BODY} at (8,8) size 784x584 [bgcolor=#FFFFFF]
      RenderBlock {H2} at (0,0) size 784x30
        RenderText {#text} at (0,1) size 359x28
          text run at (0,1) width 359: "Safari Whitespace/Non-ASCII Bug"
      RenderBlock {P} at (0,49) size 784x41
        RenderText {#text} at (0,0) size 781x39
          text run at (0,0) width 654: "Apart from whitespace (tab and linefeed characters), the two lists below (in red) use identical HTML. "
          text run at (653,0) width 128: "Both lists should be"
          text run at (0,20) width 594: "rendered on a single line. In Safari, however, the first list shows each item on a separate line."
      RenderBlock {P} at (0,105) size 784x41
        RenderText {#text} at (0,0) size 764x39
          text run at (0,0) width 764: "This bug only seems to occur if the bullet character is non-ASCII (has a Unicode value higher than 127). Non-breaking"
          text run at (0,20) width 285: "spaces (&#160;), however, are an exception."
      RenderBlock (anonymous) at (0,161) size 784x81
        RenderBR {BR} at (0,0) size 0x19
        RenderInline {FONT} at (0,0) size 338x59 [color=#CC0000]
          RenderText {#text} at (0,20) size 334x19
            text run at (0,20) width 70: "\x{BB} England "
            text run at (69,20) width 62: "\x{BB} Ireland "
            text run at (130,20) width 73: "\x{BB} Scotland "
            text run at (202,20) width 77: "\x{BB} Germany "
            text run at (278,20) width 56: "\x{BB} France"
          RenderBR {BR} at (333,20) size 1x19
          RenderBR {BR} at (0,40) size 0x19
          RenderText {#text} at (0,60) size 338x19
            text run at (0,60) width 70: "\x{BB} England "
            text run at (69,60) width 62: "\x{BB} Ireland "
            text run at (130,60) width 73: "\x{BB} Scotland "
            text run at (202,60) width 77: "\x{BB} Germany "
            text run at (278,60) width 60: "\x{BB} France "
        RenderBR {BR} at (337,60) size 1x19
