layer at (0,0) size 800x600
  RenderView at (0,0) size 800x600
layer at (0,0) size 800x600
  RenderBlock {HTML} at (0,0) size 800x600
    RenderBody {BODY} at (8,8) size 784x576
      RenderBlock {DIV} at (0,0) size 396x208 [border: (2px solid #FF0000)]
        RenderBlock {P} at (2,18) size 392x40
          RenderText {#text} at (0,0) size 364x39
            text run at (0,0) width 364: "I\x{2019}m told this is the longest word in the English language:"
            text run at (0,20) width 190: "anti\x{AD}dis\x{AD}est\x{AD}ab\x{AD}lish\x{AD}ment\x{AD}arian\x{AD}ism."
        RenderBlock {P} at (2,74) size 392x40
          RenderText {#text} at (0,0) size 364x39
            text run at (0,0) width 364: "I\x{2019}m told this is the longest word in the English language:"
            text run at (0,20) width 190: "anti\x{AD}dis\x{AD}est\x{AD}ab\x{AD}lish\x{AD}ment\x{AD}arian\x{AD}ism."
        RenderBlock {P} at (2,130) size 392x60
          RenderText {#text} at (0,0) size 364x39
            text run at (0,0) width 364: "I\x{2019}m told this is the longest word in the English language:"
            text run at (0,20) width 76: "anti\x{AD}dis\x{AD}est\x{AD}ab\x{AD}"
          RenderBR {BR} at (75,20) size 1x19
          RenderText {#text} at (0,40) size 115x19
            text run at (0,40) width 115: "lish\x{AD}ment\x{AD}arian\x{AD}ism."
      RenderBlock {P} at (0,224) size 784x0
      RenderBlock (floating) {DIV} at (0,224) size 562x148 [border: (2px solid #FF0000)]
        RenderBlock {P} at (2,18) size 558x20
          RenderText {#text} at (0,0) size 558x19
            text run at (0,0) width 558: "I\x{2019}m told this is the longest word in the English language: anti\x{AD}dis\x{AD}est\x{AD}ab\x{AD}lish\x{AD}ment\x{AD}arian\x{AD}ism."
        RenderBlock {P} at (2,54) size 558x20
          RenderText {#text} at (0,0) size 558x19
            text run at (0,0) width 558: "I\x{2019}m told this is the longest word in the English language: anti\x{AD}dis\x{AD}est\x{AD}ab\x{AD}lish\x{AD}ment\x{AD}arian\x{AD}ism."
        RenderBlock {P} at (2,90) size 558x40
          RenderText {#text} at (0,0) size 444x19
            text run at (0,0) width 444: "I\x{2019}m told this is the longest word in the English language: anti\x{AD}dis\x{AD}est\x{AD}ab\x{AD}"
          RenderBR {BR} at (443,0) size 1x19
          RenderText {#text} at (0,20) size 115x19
            text run at (0,20) width 115: "lish\x{AD}ment\x{AD}arian\x{AD}ism."
