layer at (0,0) size 800x600
  RenderView at (0,0) size 800x600
layer at (0,0) size 800x600
  RenderBlock {HTML} at (0,0) size 800x600
    RenderBody {BODY} at (8,8) size 784x576
      RenderBlock {P} at (0,0) size 784x40
        RenderText {#text} at (0,0) size 218x19
          text run at (0,0) width 218: "This tests for a regression against "
        RenderInline {I} at (0,0) size 773x39
          RenderInline {A} at (0,0) size 354x19 [color=#0000EE]
            RenderText {#text} at (217,0) size 354x19
              text run at (217,0) width 354: "http://bugzilla.opendarwin.org/show_bug.cgi?id=6418"
          RenderText {#text} at (570,0) size 773x39
            text run at (570,0) width 5: " "
            text run at (574,0) width 199: "Incorrect scrollbar when using"
            text run at (0,20) width 281: "overflow:auto and word-wrap:break-word; "
            text run at (280,20) width 89: "in some cases"
        RenderText {#text} at (368,20) size 5x19
          text run at (368,20) width 5: "."
      RenderBlock {HR} at (0,56) size 784x2 [border: (1px inset #000000)]
      RenderBlock {P} at (0,74) size 784x20
        RenderText {#text} at (0,0) size 267x19
          text run at (0,0) width 267: "The first line should break after \x{201C}Lorem\x{201D}."
      RenderBlock {DIV} at (0,110) size 85x42 [border: (1px solid #00FFFF)]
        RenderText {#text} at (1,1) size 43x39
          text run at (1,1) width 43: "Lorem"
          text run at (1,21) width 40: "ipsum"
        RenderInline {SPAN} at (0,0) size 38x19
          RenderText {#text} at (40,21) size 38x19
            text run at (40,21) width 38: " dolor"
        RenderText {#text} at (0,0) size 0x0
      RenderBlock {HR} at (0,160) size 784x2 [border: (1px inset #000000)]
      RenderBlock {P} at (0,178) size 784x20
        RenderText {#text} at (0,0) size 672x19
          text run at (0,0) width 489: "The first line should break after the letter u, so that the gray border does not "
          text run at (488,0) width 184: "extend beyond the cyan box."
      RenderBlock {DIV} at (0,214) size 87x42 [border: (1px solid #00FFFF)]
        RenderInline {SPAN} at (0,0) size 70x39 [border: none (30px solid #C0C0C0) none]
          RenderText {#text} at (1,1) size 70x39
            text run at (1,1) width 70: "Loremipsu"
            text run at (1,21) width 13: "m"
        RenderText {#text} at (0,0) size 0x0
      RenderBlock {HR} at (0,264) size 784x2 [border: (1px inset #000000)]
      RenderBlock {P} at (0,282) size 784x20
        RenderText {#text} at (0,0) size 622x19
          text run at (0,0) width 439: "The first line should break after the letter p, so that the text does not "
          text run at (438,0) width 184: "extend beyond the cyan box."
      RenderBlock {DIV} at (0,318) size 87x42 [border: (1px solid #00FFFF)]
        RenderInline {SPAN} at (0,0) size 78x39 [border: none (30px solid #C0C0C0)]
          RenderText {#text} at (31,1) size 78x39
            text run at (31,1) width 48: "Loremi"
            text run at (1,21) width 35: "psum"
        RenderText {#text} at (0,0) size 0x0
      RenderBlock {HR} at (0,368) size 784x2 [border: (1px inset #000000)]
      RenderBlock {P} at (0,386) size 784x20
        RenderText {#text} at (0,0) size 258x19
          text run at (0,0) width 258: "\x{201C}Dolor\x{201D} should not break into two lines."
layer at (8,430) size 45x23
  RenderBlock (positioned) {DIV} at (8,430) size 45x23
    RenderBlock {DIV} at (0,0) size 45x23 [border: (1px solid #00FFFF)]
      RenderText {#text} at (1,1) size 43x21
        text run at (1,1) width 43: "Dolor"
