layer at (0,0) size 866x600
  RenderView at (0,0) size 800x600
layer at (-66,0) size 866x600 backgroundClip at (0,0) size 866x600 clip at (0,0) size 866x600
  RenderBlock {HTML} at (0,0) size 866x600
    RenderBody {BODY} at (8,8) size 850x584
layer at (-58,8) size 850x584 backgroundClip at (0,0) size 866x600 clip at (0,0) size 866x600
  RenderBlock {DIV} at (0,0) size 850x584 [border: (5px solid #000000)]
    RenderMultiColumnSet at (5,15) size 840x554
layer at (-1733,23) size 2520x174 backgroundClip at (0,0) size 866x600 clip at (0,0) size 866x600
  RenderMultiColumnFlowThread at (5,15) size 2520x174
    RenderText {#text} at (0,0) size 2519x174
      text run at (0,0) width 143: "Lorem ipsum dolor sit"
      text run at (20,0) width 120: "amet, consectetuer"
      text run at (40,0) width 134: "adipiscing elit. Nulla"
      text run at (60,0) width 119: "varius enim ac mi."
      text run at (80,0) width 169: "Curabitur sollicitudin felis"
      text run at (100,0) width 130: "quis lectus. Quisque"
      text run at (120,0) width 155: "adipiscing rhoncus sem."
      text run at (140,0) width 115: "Proin nulla purus,"
      text run at (160,0) width 151: "vulputate vel, varius ut,"
      text run at (180,0) width 168: "euismod et, nisi. Sed vitae"
      text run at (200,0) width 130: "felis vel orci sagittis"
      text run at (220,0) width 151: "aliquam. Cras convallis"
      text run at (240,0) width 135: "adipiscing sem. Nam"
      text run at (260,0) width 157: "nonummy enim. Nullam"
      text run at (280,0) width 164: "bibendum lobortis neque."
      text run at (300,0) width 139: "Vestibulum velit orci,"
      text run at (320,0) width 163: "tempus euismod, pretium"
      text run at (340,0) width 172: "quis, interdum vitae, nulla."
      text run at (360,0) width 138: "Phasellus eget ante et"
      text run at (380,0) width 128: "tortor condimentum"
      text run at (400,0) width 158: "vestibulum. Suspendisse"
      text run at (420,0) width 160: "hendrerit quam nec felis."
      text run at (440,0) width 143: "Sed varius turpis vitae"
      text run at (460,0) width 162: "pede. Lorem ipsum dolor"
      text run at (480,0) width 139: "sit amet, consectetuer"
      text run at (500,0) width 133: "adipiscing elit. Proin"
      text run at (520,0) width 158: "bibendum justo ac enim."
      text run at (540,0) width 174: "Class aptent taciti sociosqu"
      text run at (560,0) width 135: "ad litora torquent per"
      text run at (580,0) width 123: "conubia nostra, per"
      text run at (600,0) width 162: "inceptos hymenaeos. Sed"
      text run at (620,0) width 131: "leo nulla, rutrum eu,"
      text run at (640,0) width 147: "dictum ut, posuere vel,"
      text run at (660,0) width 156: "arcu. Nam libero. Morbi"
      text run at (680,0) width 97: "orci. Maecenas"
      text run at (700,0) width 150: "pellentesque. Curabitur"
      text run at (720,0) width 157: "erat erat, ullamcorper at,"
      text run at (740,0) width 172: "gravida vitae, iaculis vitae,"
      text run at (760,0) width 120: "elit. Nullam quam."
      text run at (780,0) width 128: "Quisque orci lectus,"
      text run at (800,0) width 166: "ullamcorper eu, imperdiet"
      text run at (820,0) width 157: "sed, accumsan et, ligula."
      text run at (840,0) width 162: "Duis diam nisl, sagittis a,"
      text run at (860,0) width 167: "blandit volutpat, interdum"
      text run at (880,0) width 139: "sed, velit. Vestibulum"
      text run at (900,0) width 134: "quam. Nulla a purus."
      text run at (920,0) width 161: "Phasellus semper semper"
      text run at (940,0) width 141: "lectus. Nulla porttitor,"
      text run at (960,0) width 158: "dolor dictum scelerisque"
      text run at (980,0) width 171: "luctus, velit ipsum lobortis"
      text run at (1000,0) width 156: "mauris, ac pretium enim"
      text run at (1020,0) width 132: "nunc vel risus. Proin"
      text run at (1040,0) width 160: "gravida mi ut sem cursus"
      text run at (1060,0) width 164: "mattis. Fusce laoreet, nisi"
      text run at (1080,0) width 161: "quis luctus volutpat, arcu"
      text run at (1100,0) width 158: "pede tincidunt enim, nec"
      text run at (1120,0) width 147: "malesuada urna nisl eu"
      text run at (1140,0) width 140: "enim. Vivamus varius"
      text run at (1160,0) width 100: "augue ac purus."
      text run at (1180,0) width 152: "Vestibulum vestibulum."
      text run at (1200,0) width 164: "Phasellus et est vitae ante"
      text run at (1220,0) width 166: "accumsan rhoncus. Morbi"
      text run at (1240,0) width 171: "convallis, arcu at hendrerit"
      text run at (1260,0) width 118: "gravida, sem diam"
      text run at (1280,0) width 174: "dignissim risus, sed aliquet"
      text run at (1300,0) width 170: "erat mi ut mi. Nunc cursus"
      text run at (1320,0) width 141: "lacinia elit. Nunc nisi."
      text run at (1340,0) width 101: "Quisque at erat."
      text run at (1360,0) width 161: "Vestibulum dictum quam"
      text run at (1380,0) width 172: "vitae nibh. Nunc vitae ante"
      text run at (1400,0) width 171: "non odio interdum blandit."
      text run at (1420,0) width 129: "Curabitur leo quam,"
      text run at (1440,0) width 169: "fermentum sed, feugiat in,"
      text run at (1460,0) width 135: "ullamcorper id, nibh."
      text run at (1480,0) width 159: "Suspendisse ac turpis. In"
      text run at (1500,0) width 147: "iaculis sollicitudin dui."
      text run at (1520,0) width 161: "Aenean vitae lectus vitae"
      text run at (1540,0) width 116: "nulla pellentesque"
      text run at (1560,0) width 167: "sollicitudin. Nunc gravida"
      text run at (1580,0) width 140: "pharetra lectus. Etiam"
      text run at (1600,0) width 153: "lacus ligula, placerat ut,"
      text run at (1620,0) width 162: "dictum vitae, tempus vel,"
      text run at (1640,0) width 127: "risus. Cras rhoncus."
      text run at (1660,0) width 153: "Praesent varius ultricies"
      text run at (1680,0) width 164: "orci. Donec mattis, neque"
      text run at (1700,0) width 148: "ut ornare fringilla, ante"
      text run at (1720,0) width 142: "urna placerat eros, vel"
      text run at (1740,0) width 148: "commodo nisi tortor ut"
      text run at (1760,0) width 167: "mauris. Morbi magna dui,"
      text run at (1780,0) width 165: "sagittis sit amet, tincidunt"
      text run at (1800,0) width 169: "et, elementum eget, quam."
      text run at (1820,0) width 158: "Fusce molestie nisl vitae"
      text run at (1840,0) width 164: "nisi. Vestibulum a sapien."
      text run at (1860,0) width 132: "Phasellus ante lacus,"
      text run at (1880,0) width 147: "vehicula non, cursus a,"
      text run at (1900,0) width 117: "tempor ut, magna."
      text run at (1920,0) width 172: "Suspendisse potenti. Fusce"
      text run at (1940,0) width 130: "aliquet, odio viverra"
      text run at (1960,0) width 148: "vulputate dictum, enim"
      text run at (1980,0) width 131: "odio luctus purus, ut"
      text run at (2000,0) width 147: "scelerisque quam nulla"
      text run at (2020,0) width 168: "non est. Donec eros lacus,"
      text run at (2040,0) width 167: "egestas vitae, lacinia quis,"
      text run at (2060,0) width 163: "tempor quis, pede. Morbi"
      text run at (2080,0) width 168: "orci erat, iaculis id, ornare"
      text run at (2100,0) width 147: "ac, elementum at, sem."
      text run at (2120,0) width 162: "Nunc ornare sodales nisi."
      text run at (2140,0) width 170: "Morbi interdum commodo"
      text run at (2160,0) width 158: "nisl. Fusce eget eros non"
      text run at (2180,0) width 154: "nisi ornare facilisis. Sed"
      text run at (2200,0) width 159: "placerat, est non posuere"
      text run at (2220,0) width 124: "posuere, purus sem"
      text run at (2240,0) width 168: "dignissim libero, a viverra"
      text run at (2260,0) width 142: "tellus dolor vel lorem."
      text run at (2280,0) width 174: "Cras augue. Etiam ultricies"
      text run at (2300,0) width 168: "consequat odio. Mauris ac"
      text run at (2320,0) width 142: "libero. Etiam posuere,"
      text run at (2340,0) width 131: "libero vitae euismod"
      text run at (2360,0) width 109: "gravida, urna elit"
      text run at (2380,0) width 136: "imperdiet magna, vel"
      text run at (2400,0) width 125: "cursus elit felis non"
      text run at (2420,0) width 155: "mauris. Donec orci erat,"
      text run at (2440,0) width 140: "porta id, dignissim ut,"
      text run at (2460,0) width 130: "posuere dictum, leo."
      text run at (2480,0) width 154: "Suspendisse scelerisque"
      text run at (2500,0) width 87: "egestas nulla."
