layer at (0,0) size 800x1102
  RenderView at (0,0) size 800x600
layer at (0,0) size 800x600
  RenderBlock {HTML} at (0,0) size 800x600
    RenderBody {BODY} at (8,8) size 776x584
layer at (632,8) size 160x584
  RenderBlock {P} at (0,0) size 160x584 [border: (10px solid #800000)]
    RenderMultiColumnSet at (30,30) size 100x524
layer at (242,38) size 520x164
  RenderMultiColumnFlowThread at (30,30) size 520x164
    RenderText {#text} at (0,0) size 39x133
      text run at (0,0) width 133: "This is some column"
      text run at (20,0) width 28: "text."
    RenderBR {BR} at (20,27) size 19x1
    RenderText {#text} at (40,0) size 39x133
      text run at (40,0) width 133: "This is some column"
      text run at (60,0) width 28: "text."
    RenderBR {BR} at (60,27) size 19x1
    RenderText {#text} at (80,0) size 39x133
      text run at (80,0) width 133: "This is some column"
      text run at (100,0) width 28: "text."
    RenderBR {BR} at (100,27) size 19x1
    RenderText {#text} at (120,0) size 39x133
      text run at (120,0) width 133: "This is some column"
      text run at (140,0) width 28: "text."
    RenderBR {BR} at (140,27) size 19x1
    RenderText {#text} at (160,0) size 39x133
      text run at (160,0) width 133: "This is some column"
      text run at (180,0) width 28: "text."
    RenderBR {BR} at (180,27) size 19x1
    RenderText {#text} at (200,0) size 39x133
      text run at (200,0) width 133: "This is some column"
      text run at (220,0) width 28: "text."
    RenderBR {BR} at (220,27) size 19x1
    RenderText {#text} at (240,0) size 39x133
      text run at (240,0) width 133: "This is some column"
      text run at (260,0) width 28: "text."
    RenderBR {BR} at (260,27) size 19x1
    RenderText {#text} at (280,0) size 39x133
      text run at (280,0) width 133: "This is some column"
      text run at (300,0) width 28: "text."
    RenderBR {BR} at (300,27) size 19x1
    RenderText {#text} at (320,0) size 39x133
      text run at (320,0) width 133: "This is some column"
      text run at (340,0) width 28: "text."
    RenderBR {BR} at (340,27) size 19x1
    RenderText {#text} at (360,0) size 39x133
      text run at (360,0) width 133: "This is some column"
      text run at (380,0) width 28: "text."
    RenderBR {BR} at (380,27) size 19x1
    RenderText {#text} at (400,0) size 39x133
      text run at (400,0) width 133: "This is some column"
      text run at (420,0) width 28: "text."
    RenderBR {BR} at (420,27) size 19x1
    RenderText {#text} at (440,0) size 39x133
      text run at (440,0) width 133: "This is some column"
      text run at (460,0) width 28: "text."
    RenderBR {BR} at (460,27) size 19x1
    RenderText {#text} at (480,0) size 39x133
      text run at (480,0) width 133: "This is some column"
      text run at (500,0) width 28: "text."
    RenderBR {BR} at (500,27) size 19x1
layer at (456,8) size 160x584
  RenderBlock {P} at (176,0) size 160x584 [border: (10px solid #800000)]
    RenderMultiColumnSet at (30,30) size 100x524
layer at (66,398) size 520x164
  RenderMultiColumnFlowThread at (30,390) size 520x164
    RenderText {#text} at (0,31) size 39x133
      text run at (0,31) width 133: "This is some column"
      text run at (20,136) width 4 RTL: "."
      text run at (20,140) width 24: "text"
    RenderBR {BR} at (20,136) size 19x1
    RenderText {#text} at (40,31) size 39x133
      text run at (40,31) width 133: "This is some column"
      text run at (60,136) width 4 RTL: "."
      text run at (60,140) width 24: "text"
    RenderBR {BR} at (60,136) size 19x1
    RenderText {#text} at (80,31) size 39x133
      text run at (80,31) width 133: "This is some column"
      text run at (100,136) width 4 RTL: "."
      text run at (100,140) width 24: "text"
    RenderBR {BR} at (100,136) size 19x1
    RenderText {#text} at (120,31) size 39x133
      text run at (120,31) width 133: "This is some column"
      text run at (140,136) width 4 RTL: "."
      text run at (140,140) width 24: "text"
    RenderBR {BR} at (140,136) size 19x1
    RenderText {#text} at (160,31) size 39x133
      text run at (160,31) width 133: "This is some column"
      text run at (180,136) width 4 RTL: "."
      text run at (180,140) width 24: "text"
    RenderBR {BR} at (180,136) size 19x1
    RenderText {#text} at (200,31) size 39x133
      text run at (200,31) width 133: "This is some column"
      text run at (220,136) width 4 RTL: "."
      text run at (220,140) width 24: "text"
    RenderBR {BR} at (220,136) size 19x1
    RenderText {#text} at (240,31) size 39x133
      text run at (240,31) width 133: "This is some column"
      text run at (260,136) width 4 RTL: "."
      text run at (260,140) width 24: "text"
    RenderBR {BR} at (260,136) size 19x1
    RenderText {#text} at (280,31) size 39x133
      text run at (280,31) width 133: "This is some column"
      text run at (300,136) width 4 RTL: "."
      text run at (300,140) width 24: "text"
    RenderBR {BR} at (300,136) size 19x1
    RenderText {#text} at (320,31) size 39x133
      text run at (320,31) width 133: "This is some column"
      text run at (340,136) width 4 RTL: "."
      text run at (340,140) width 24: "text"
    RenderBR {BR} at (340,136) size 19x1
    RenderText {#text} at (360,31) size 39x133
      text run at (360,31) width 133: "This is some column"
      text run at (380,136) width 4 RTL: "."
      text run at (380,140) width 24: "text"
    RenderBR {BR} at (380,136) size 19x1
    RenderText {#text} at (400,31) size 39x133
      text run at (400,31) width 133: "This is some column"
      text run at (420,136) width 4 RTL: "."
      text run at (420,140) width 24: "text"
    RenderBR {BR} at (420,136) size 19x1
    RenderText {#text} at (440,31) size 39x133
      text run at (440,31) width 133: "This is some column"
      text run at (460,136) width 4 RTL: "."
      text run at (460,140) width 24: "text"
    RenderBR {BR} at (460,136) size 19x1
    RenderText {#text} at (480,31) size 39x133
      text run at (480,31) width 133: "This is some column"
      text run at (500,136) width 4 RTL: "."
      text run at (500,140) width 24: "text"
    RenderBR {BR} at (500,136) size 19x1
