layer at (0,0) size 800x600
  RenderView at (0,0) size 800x600
layer at (0,0) size 800x600
  RenderBlock {HTML} at (0,0) size 800x600
    RenderBody {BODY} at (8,8) size 784x584
      RenderTable {TABLE} at (0,0) size 784x92 [border: (1px outset #808080)]
        RenderTableSection {TBODY} at (1,1) size 782x90
          RenderTableRow {TR} at (0,2) size 782x86
            RenderTableCell {TD} at (2,2) size 622x86 [border: (1px inset #808080)] [r=0 c=0 rs=1 cs=1]
              RenderBlock (anonymous) at (2,2) size 618x18
                RenderText {#text} at (0,0) size 253x18
                  text run at (0,0) width 253: "some normal text before the nested table"
              RenderTable {TABLE} at (52,20) size 556x46 [border: (1px outset #808080)]
                RenderTableSection {TBODY} at (1,1) size 554x44
                  RenderTableRow {TR} at (0,2) size 554x40
                    RenderTableCell {TD} at (2,2) size 182x40 [border: (1px inset #808080)] [r=0 c=0 rs=1 cs=1]
                      RenderText {#text} at (2,2) size 158x36
                        text run at (2,2) width 158: "selection of words to pad"
                        text run at (2,20) width 56: "table cell"
                    RenderTableCell {TD} at (185,2) size 183x40 [border: (1px inset #808080)] [r=0 c=1 rs=1 cs=1]
                      RenderText {#text} at (2,2) size 158x36
                        text run at (2,2) width 158: "selection of words to pad"
                        text run at (2,20) width 56: "table cell"
                    RenderTableCell {TD} at (369,2) size 183x40 [border: (1px inset #808080)] [r=0 c=2 rs=1 cs=1]
                      RenderText {#text} at (2,2) size 158x36
                        text run at (2,2) width 158: "selection of words to pad"
                        text run at (2,20) width 56: "table cell"
              RenderBlock (anonymous) at (2,66) size 618x18
                RenderText {#text} at (0,0) size 241x18
                  text run at (0,0) width 241: "some normal text after the nested table"
            RenderTableCell {TD} at (625,25) size 156x40 [border: (1px inset #808080)] [r=0 c=1 rs=1 cs=1]
              RenderText {#text} at (2,2) size 145x36
                text run at (2,2) width 145: "contents of table cell to"
                text run at (2,20) width 29: "right"
      RenderTable {TABLE} at (0,92) size 784x92 [border: (1px outset #808080)]
        RenderTableSection {TBODY} at (1,1) size 782x90
          RenderTableRow {TR} at (0,2) size 782x86
            RenderTableCell {TD} at (2,2) size 622x86 [border: (1px inset #808080)] [r=0 c=0 rs=1 cs=1]
              RenderBlock (anonymous) at (2,2) size 618x18
                RenderText {#text} at (0,0) size 253x18
                  text run at (0,0) width 253: "some normal text before the nested table"
              RenderTable {TABLE} at (52,20) size 568x46 [border: (1px outset #808080)]
                RenderTableSection {TBODY} at (1,1) size 566x44
                  RenderTableRow {TR} at (0,2) size 566x40
                    RenderTableCell {TD} at (2,2) size 186x40 [border: (1px inset #808080)] [r=0 c=0 rs=1 cs=1]
                      RenderText {#text} at (2,2) size 158x36
                        text run at (2,2) width 158: "selection of words to pad"
                        text run at (2,20) width 56: "table cell"
                    RenderTableCell {TD} at (189,2) size 187x40 [border: (1px inset #808080)] [r=0 c=1 rs=1 cs=1]
                      RenderText {#text} at (2,2) size 158x36
                        text run at (2,2) width 158: "selection of words to pad"
                        text run at (2,20) width 56: "table cell"
                    RenderTableCell {TD} at (377,2) size 187x40 [border: (1px inset #808080)] [r=0 c=2 rs=1 cs=1]
                      RenderText {#text} at (2,2) size 158x36
                        text run at (2,2) width 158: "selection of words to pad"
                        text run at (2,20) width 56: "table cell"
              RenderBlock (anonymous) at (2,66) size 618x18
                RenderText {#text} at (0,0) size 241x18
                  text run at (0,0) width 241: "some normal text after the nested table"
            RenderTableCell {TD} at (625,25) size 156x40 [border: (1px inset #808080)] [r=0 c=1 rs=1 cs=1]
              RenderText {#text} at (2,2) size 145x36
                text run at (2,2) width 145: "contents of table cell to"
                text run at (2,20) width 29: "right"
      RenderTable {TABLE} at (0,184) size 784x120 [border: (1px outset #808080)]
        RenderTableSection {TBODY} at (1,1) size 782x118
          RenderTableRow {TR} at (0,2) size 782x114
            RenderTableCell {TD} at (2,2) size 626x114 [border: (1px inset #808080)] [r=0 c=0 rs=1 cs=1]
              RenderBlock (anonymous) at (2,2) size 622x18
                RenderText {#text} at (0,0) size 253x18
                  text run at (0,0) width 253: "some normal text before the nested table"
              RenderTable {TABLE} at (52,20) size 572x74 [border: (10px solid #000000)]
                RenderTableSection {TBODY} at (15,15) size 542x44
                  RenderTableRow {TR} at (0,2) size 542x40
                    RenderTableCell {TD} at (2,2) size 178x40 [border: (1px inset #000000)] [r=0 c=0 rs=1 cs=1]
                      RenderText {#text} at (2,2) size 158x36
                        text run at (2,2) width 158: "selection of words to pad"
                        text run at (2,20) width 56: "table cell"
                    RenderTableCell {TD} at (181,2) size 179x40 [border: (1px inset #000000)] [r=0 c=1 rs=1 cs=1]
                      RenderText {#text} at (2,2) size 158x36
                        text run at (2,2) width 158: "selection of words to pad"
                        text run at (2,20) width 56: "table cell"
                    RenderTableCell {TD} at (361,2) size 179x40 [border: (1px inset #000000)] [r=0 c=2 rs=1 cs=1]
                      RenderText {#text} at (2,2) size 158x36
                        text run at (2,2) width 158: "selection of words to pad"
                        text run at (2,20) width 56: "table cell"
              RenderBlock (anonymous) at (2,94) size 622x18
                RenderText {#text} at (0,0) size 241x18
                  text run at (0,0) width 241: "some normal text after the nested table"
            RenderTableCell {TD} at (629,39) size 152x40 [border: (1px inset #808080)] [r=0 c=1 rs=1 cs=1]
              RenderText {#text} at (2,2) size 145x36
                text run at (2,2) width 145: "contents of table cell to"
                text run at (2,20) width 29: "right"
