layer at (0,0) size 800x600
  RenderView at (0,0) size 800x600
layer at (0,0) size 800x600
  RenderBlock {HTML} at (0,0) size 800x600
    RenderBody {BODY} at (8,8) size 784x584
      RenderTable {TABLE} at (0,0) size 784x46 [bgcolor=#E2BF81] [border: (1px outset #808080)]
        RenderTableSection {TBODY} at (1,1) size 782x44
          RenderTableRow {TR} at (0,2) size 782x40
            RenderTableCell {TD} at (2,11) size 34x22 [border: (1px inset #808080)] [r=0 c=0 rs=1 cs=1]
              RenderText {#text} at (2,2) size 30x18
                text run at (2,2) width 30: "<td>"
            RenderTableCell {TD} at (38,11) size 631x22 [border: (1px inset #808080)] [r=0 c=1 rs=1 cs=1]
              RenderText {#text} at (2,2) size 130x18
                text run at (2,2) width 130: "<td width=\"100%\">"
            RenderTableCell {TD} at (671,2) size 109x40 [border: (1px inset #808080)] [r=0 c=2 rs=1 cs=1]
              RenderText {#text} at (2,2) size 105x36
                text run at (2,2) width 21: "<td"
                text run at (2,20) width 105: "width=\"100%\">"
