layer at (0,0) size 800x600
  RenderView at (0,0) size 800x600
layer at (0,0) size 800x600
  RenderBlock {HTML} at (0,0) size 800x600
    RenderBody {BODY} at (8,8) size 784x584
      RenderTable {TABLE} at (0,0) size 158x55
        RenderTableSection {TBODY} at (0,0) size 158x55
          RenderTableRow {TR} at (0,2) size 158x51
            RenderTableCell {TD} at (2,2) size 154x51 [r=0 c=0 rs=1 cs=1]
              RenderBlock (anonymous) at (1,1) size 152x0
                RenderInline {SPAN} at (0,0) size 0x0
                  RenderText {#text} at (0,0) size 0x0
                  RenderInline {SPAN} at (0,0) size 0x0
                    RenderText {#text} at (0,0) size 0x0
                    RenderText {#text} at (0,0) size 0x0
              RenderBlock (anonymous) at (1,1) size 152x49
                RenderTable {TABLE} at (0,0) size 152x49
                  RenderTableSection {TBODY} at (0,0) size 152x49
                    RenderTableRow {TR} at (0,2) size 152x45
                      RenderTableCell {TD} at (2,2) size 148x45 [r=0 c=0 rs=1 cs=1]
                        RenderTable {TABLE} at (1,1) size 146x43
                          RenderTableSection {TBODY} at (0,0) size 146x43
                            RenderTableRow {TR} at (0,2) size 146x39
                              RenderTableCell {TD} at (2,2) size 142x39 [r=0 c=0 rs=1 cs=1]
                                RenderBlock {FORM} at (1,1) size 140x21
                                  RenderButton {INPUT} at (0,0) size 140x21 [bgcolor=#F0F0F0] [border: (2px outset #F0F0F0)]
                                    RenderBlock (anonymous) at (8,3) size 124x15
                                      RenderText at (0,0) size 124x15
                                        text run at (0,0) width 124: "ApplyForThisPosition"
                                  RenderText {#text} at (0,0) size 0x0
              RenderBlock (anonymous) at (1,50) size 152x0
                RenderInline {SPAN} at (0,0) size 0x0
                  RenderInline {SPAN} at (0,0) size 0x0
                  RenderText {#text} at (0,0) size 0x0
                RenderText {#text} at (0,0) size 0x0
