layer at (0,0) size 800x600
  RenderView at (0,0) size 800x600
layer at (0,0) size 800x600
  RenderBlock {HTML} at (0,0) size 800x600
    RenderBody {BODY} at (8,8) size 784x584
      RenderTable {TABLE} at (0,0) size 82x584 [border: (1px outset #808080)]
        RenderTableSection {TBODY} at (1,1) size 80x582
          RenderTableRow {TR} at (0,0) size 80x408
            RenderTableCell {TD} at (0,192) size 80x23 [border: (1px inset #808080)] [r=0 c=0 rs=1 cs=1]
              RenderText {#text} at (2,2) size 76x19
                text run at (2,3) width 76: "height: 70%"
          RenderTableRow {TR} at (0,407) size 80x175
            RenderTableCell {TD} at (0,483) size 80x23 [border: (1px inset #808080)] [r=1 c=0 rs=1 cs=1]
              RenderText {#text} at (2,1) size 76x19
                text run at (2,2) width 76: "height: 30%"
