layer at (0,0) size 800x600
  RenderView at (0,0) size 800x600
layer at (0,0) size 800x600
  RenderBlock {HTML} at (0,0) size 800x600
    RenderBody {BODY} at (0,8) size 800x584 [bgcolor=#C0C0C0]
      RenderTable {TABLE} at (0,0) size 800x28 [border: (1px outset #808080)]
        RenderTableSection {TBODY} at (1,1) size 798x26
          RenderTableRow {TR} at (0,2) size 798x22
            RenderTableCell {TD} at (2,2) size 794x22 [border: (1px inset #808080)] [r=0 c=0 rs=1 cs=1]
              RenderText {#text} at (2,2) size 23x18
                text run at (2,2) width 23: "text"
