layer at (0,0) size 808x585
  RenderView at (0,0) size 800x585
layer at (0,0) size 800x585
  RenderBlock {HTML} at (0,0) size 800x585
    RenderBody {BODY} at (8,8) size 784x569
      RenderTable {TABLE} at (0,0) size 800x569 [border: (1px outset #808080)]
        RenderTableSection {TBODY} at (1,1) size 798x567
          RenderTableRow {TR} at (0,2) size 798x563
            RenderTableCell {TD} at (2,2) size 794x563 [border: (1px inset #808080)] [r=0 c=0 rs=1 cs=1]
              RenderTable {TABLE} at (2,2) size 790x559 [border: (1px outset #808080)]
                RenderTableSection {TBODY} at (1,1) size 788x557
                  RenderTableRow {TR} at (0,2) size 788x553
                    RenderTableCell {TD} at (2,2) size 784x553 [border: (1px inset #808080)] [r=0 c=0 rs=1 cs=1]
                      RenderIFrame {IFRAME} at (2,2) size 790x549 [border: (5px solid #0000FF)]
                        layer at (0,0) size 765x1840
                          RenderView at (0,0) size 765x539
                        layer at (0,0) size 765x1840
                          RenderBlock {HTML} at (0,0) size 765x1840
                            RenderBody {BODY} at (0,0) size 765x1840 [bgcolor=#53799F]
                              RenderBlock {CENTER} at (0,0) size 765x1840
                                RenderBlock (anonymous) at (0,0) size 765x18
                                  RenderBR {BR} at (382,0) size 1x18
                                RenderTable {TABLE} at (19,18) size 727x1804 [border: (1px solid #000000)]
                                  RenderTableSection {TBODY} at (1,1) size 725x1802
                                    RenderTableRow {TR} at (0,0) size 725x20
                                      RenderTableCell {TD} at (0,0) size 725x20 [bgcolor=#3F5694] [border: (1px solid #000000)] [r=0 c=0 rs=1 cs=1]
                                        RenderText {#text} at (343,1) size 38x18
                                          text run at (343,1) width 38: "News"
                                    RenderTableRow {TR} at (0,20) size 725x38
                                      RenderTableCell {TD} at (0,20) size 725x38 [border: (1px solid #000000)] [r=1 c=0 rs=1 cs=1]
                                        RenderInline {B} at (0,0) size 98x18
                                          RenderText {#text} at (313,1) size 98x18
                                            text run at (313,1) width 98: "11. M\x{E4}rz 2002"
                                        RenderBR {BR} at (410,15) size 1x0
                                        RenderText {#text} at (48,19) size 628x18
                                          text run at (48,19) width 493: "nun gibt es auch eine kommerzielle Version vom PopUp-Manager, mehr Info "
                                          text run at (540,19) width 136: "unter komerz. Scripte"
                                    RenderTableRow {TR} at (0,58) size 725x38
                                      RenderTableCell {TD} at (0,58) size 725x38 [border: (1px solid #000000)] [r=2 c=0 rs=1 cs=1]
                                        RenderInline {B} at (0,0) size 94x18
                                          RenderText {#text} at (315,1) size 94x18
                                            text run at (315,1) width 94: "09.M\x{E4}rz 2002"
                                          RenderBR {BR} at (408,15) size 1x0
                                        RenderText {#text} at (159,19) size 407x18
                                          text run at (159,19) width 407: "neues Script ist online, PopUp-Manager, mehr Info unter Scripte"
                                    RenderTableRow {TR} at (0,96) size 725x38
                                      RenderTableCell {TD} at (0,96) size 725x38 [border: (1px solid #000000)] [r=3 c=0 rs=1 cs=1]
                                        RenderText {#text} at (298,1) size 128x18
                                          text run at (298,1) width 128: "17. November 2001"
                                        RenderBR {BR} at (425,15) size 1x0
                                        RenderText {#text} at (279,19) size 167x18
                                          text run at (279,19) width 167: "Endlich wieder Online! :-)"
                                    RenderTableRow {TR} at (0,134) size 725x164
                                      RenderTableCell {TD} at (0,134) size 725x164 [border: (1px solid #000000)] [r=4 c=0 rs=1 cs=1]
                                        RenderText {#text} at (266,1) size 192x18
                                          text run at (266,1) width 192: "23. Oktober 2001 (21:00 Uhr)"
                                        RenderBR {BR} at (457,15) size 1x0
                                        RenderText {#text} at (307,19) size 111x18
                                          text run at (307,19) width 111: "Es ist vollbracht! "
                                        RenderBR {BR} at (417,33) size 1x0
                                        RenderText {#text} at (202,37) size 320x18
                                          text run at (202,37) width 320: "Ich habe nun den .htaccess-BUG bei den Scripten:"
                                        RenderBR {BR} at (521,51) size 1x0
                                        RenderText {#text} at (100,55) size 524x18
                                          text run at (100,55) width 524: "The Real Topsites, Sponsor Manager, Download Manager und Password Manager"
                                        RenderBR {BR} at (623,69) size 1x0
                                        RenderText {#text} at (118,73) size 488x18
                                          text run at (118,73) width 429: "abgeschafft, brauchte 2 Tage daf\x{FC}r, dabei lag der Fehler vor meiner "
                                          text run at (546,73) width 60: "Nase ! :-)"
                                        RenderBR {BR} at (605,87) size 1x0
                                        RenderText {#text} at (11,91) size 722x72
                                          text run at (11,91) width 377: "F\x{FC}r Euch hei\x{DF}t es, wenn Ihr eines der Scripte benutzt, ladet "
                                          text run at (387,91) width 326: "Euch die admin.cgi runter und vereinbart unbedingt"
                                          text run at (1,109) width 134: "ein neues Password! "
                                          text run at (134,109) width 454: "Au\x{DF}erdem wurde bei der Toplist die Sache mit dem Button Load/Klick "
                                          text run at (587,109) width 136: "um programmiert, f\x{FC}r"
                                          text run at (20,127) width 331: "die Leute die den Button Load/Klick Modus haben, "
                                          text run at (350,127) width 355: "Ihr m\x{FC}st Euch auch die topsites.cgi laden und im Admin"
                                          text run at (159,145) width 90: "Bereich unter "
                                          text run at (248,145) width 318: "Modus unten die URL zu Eurem Button angeben!"
                                    RenderTableRow {TR} at (0,298) size 725x38
                                      RenderTableCell {TD} at (0,298) size 725x38 [border: (1px solid #000000)] [r=5 c=0 rs=1 cs=1]
                                        RenderText {#text} at (306,1) size 113x18
                                          text run at (306,1) width 113: "22. Oktober 2001"
                                        RenderBR {BR} at (418,15) size 1x0
                                        RenderText {#text} at (124,19) size 477x18
                                          text run at (124,19) width 430: "Download-Bereich ist vorrerst geschlo\x{DF}en, kommen Sie bitte sp\x{E4}ter "
                                          text run at (553,19) width 48: "wieder."
                                    RenderTableRow {TR} at (0,336) size 725x56
                                      RenderTableCell {TD} at (0,336) size 725x56 [border: (1px solid #000000)] [r=6 c=0 rs=1 cs=1]
                                        RenderText {#text} at (266,1) size 192x18
                                          text run at (266,1) width 192: "21. Oktober 2001 (22:45 Uhr)"
                                        RenderBR {BR} at (457,15) size 1x0
                                        RenderText {#text} at (27,19) size 670x36
                                          text run at (27,19) width 411: "OK, sorry f\x{FC}r die Unannehmlichkeiten, aber Ihr m\x{FC}sst Euch nun "
                                          text run at (437,19) width 260: "noch mal die Scripte runter laden und die"
                                          text run at (39,37) width 206: "admin.cgi erneuern, hier kommt "
                                          text run at (244,37) width 441: "noch das Password-Manager-Script dazu, sollte jetzt alles sicher sein! "
                                        RenderBR {BR} at (684,51) size 1x0
                                    RenderTableRow {TR} at (0,392) size 725x110
                                      RenderTableCell {TD} at (0,392) size 725x110 [border: (1px solid #000000)] [r=7 c=0 rs=1 cs=1]
                                        RenderText {#text} at (266,1) size 192x18
                                          text run at (266,1) width 192: "21. Oktober 2001 (20:50 Uhr)"
                                        RenderBR {BR} at (457,15) size 1x0
                                        RenderText {#text} at (169,19) size 386x18
                                          text run at (169,19) width 386: "An alle Leute die follgende Scripte von G5-Scripts benutzen:"
                                        RenderBR {BR} at (554,33) size 1x0
                                        RenderText {#text} at (179,37) size 366x18
                                          text run at (179,37) width 366: "The Real Topsites, Download Counter, Sponsor Manager"
                                        RenderBR {BR} at (544,51) size 1x0
                                        RenderText {#text} at (25,55) size 674x18
                                          text run at (25,55) width 467: "bitte noch ein mal runter laden und die admin.cgi erneuern, beim Sponsor "
                                          text run at (491,55) width 208: "Manager kommt noch eine Datei"
                                        RenderBR {BR} at (698,69) size 1x0
                                        RenderText {#text} at (304,73) size 117x18
                                          text run at (304,73) width 117: "'variable.pl' dazu!!"
                                        RenderBR {BR} at (420,87) size 1x0
                                        RenderText {#text} at (75,91) size 575x18
                                          text run at (75,91) width 473: "Der Grund : man hat festgestellt das .htaccess Password Schutz doch nicht "
                                          text run at (547,91) width 103: "das sicherste ist!"
                                    RenderTableRow {TR} at (0,502) size 725x180
                                      RenderTableCell {TD} at (0,502) size 725x180 [border: (1px solid #000000)] [r=8 c=0 rs=1 cs=1]
                                        RenderBlock {P} at (1,1) size 723x126
                                          RenderText {#text} at (305,0) size 113x18
                                            text run at (305,0) width 113: "13. Oktober 2001"
                                          RenderBR {BR} at (417,14) size 1x0
                                          RenderText {#text} at (80,18) size 563x18
                                            text run at (80,18) width 484: "Ich habe es nun endlich geschafft das Gateway bei der Toplist mit IP-Sperre "
                                            text run at (563,18) width 80: "zu versehen,"
                                          RenderBR {BR} at (642,32) size 1x0
                                          RenderText {#text} at (1,36) size 721x18
                                            text run at (1,36) width 443: "dabei war der Fehler den ich vorher nicht verstand eine simple Sache, "
                                            text run at (443,36) width 279: "h\x{E4}tte ich doch ein wenig mehr nachgedacht!"
                                          RenderBR {BR} at (721,50) size 1x0
                                          RenderText {#text} at (3,54) size 717x72
                                            text run at (3,54) width 431: "Des weiteren habe ich noch die Datensicherung umgeschrieben, f\x{FC}r "
                                            text run at (433,54) width 287: "alle die Listen deren Hits ab und zu mal auf 0"
                                            text run at (14,72) width 140: "gesetzt werden, sollte "
                                            text run at (153,72) width 457: "jetzt nicht mehr passieren und ich habe noch den Mail Versand aus dem "
                                            text run at (609,72) width 99: "Admin-Bereich"
                                            text run at (17,90) width 350: "umgeschrieben und zwar wurde fr\x{FC}her der Text immer "
                                            text run at (366,90) width 339: "zusammen gequetscht, die Enters wurden so zu sagen"
                                            text run at (279,108) width 92: "ignoriert, jetzt "
                                            text run at (370,108) width 73: "nicht mehr!"
                                        RenderBlock {P} at (1,143) size 723x36
                                          RenderText {#text} at (10,0) size 702x36
                                            text run at (10,0) width 374: ">> F\x{FC}r alle die das Script vor dem 11.10.01 runter geladen "
                                            text run at (383,0) width 329: "haben, Ihr solltet es Euch noch mal runter laden und"
                                            text run at (121,18) width 144: "die folgenden Dateien "
                                            text run at (264,18) width 337: "durch die neuen ersetzen: topsites.cgi und admin.cgi ."
                                    RenderTableRow {TR} at (0,682) size 725x38
                                      RenderTableCell {TD} at (0,682) size 725x38 [border: (1px solid #000000)] [r=9 c=0 rs=1 cs=1]
                                        RenderText {#text} at (306,1) size 113x18
                                          text run at (306,1) width 113: "11. Oktober 2001"
                                        RenderBR {BR} at (418,15) size 1x0
                                        RenderText {#text} at (120,19) size 484x18
                                          text run at (120,19) width 484: "neues Script ist online, .htaccess-Password-Manager, mehr Info unter Scripte"
                                    RenderTableRow {TR} at (0,720) size 725x38
                                      RenderTableCell {TD} at (0,720) size 725x38 [border: (1px solid #000000)] [r=10 c=0 rs=1 cs=1]
                                        RenderText {#text} at (298,1) size 128x18
                                          text run at (298,1) width 128: "08. September 2001"
                                        RenderBR {BR} at (425,15) size 1x0
                                        RenderText {#text} at (195,19) size 334x18
                                          text run at (195,19) width 334: "Eine neu Version des Download Counters ist online!"
                                    RenderTableRow {TR} at (0,758) size 725x56
                                      RenderTableCell {TD} at (0,758) size 725x56 [border: (1px solid #000000)] [r=11 c=0 rs=1 cs=1]
                                        RenderText {#text} at (309,1) size 107x18
                                          text run at (309,1) width 107: "11. August 2001"
                                        RenderBR {BR} at (415,15) size 1x0
                                        RenderText {#text} at (28,19) size 668x18
                                          text run at (28,19) width 446: "Ich habe so eben eine random.cgi f\x{FC}r den Topsites Script geschrieben. "
                                          text run at (473,19) width 223: "Die random.cgi f\x{FC}hrt den Besucher"
                                        RenderBR {BR} at (695,33) size 1x0
                                        RenderText {#text} at (251,37) size 223x18
                                          text run at (251,37) width 223: "auf eine zuf\x{E4}llig ausgew\x{E4}hlte Seite."
                                    RenderTableRow {TR} at (0,814) size 725x56
                                      RenderTableCell {TD} at (0,814) size 725x56 [border: (1px solid #000000)] [r=12 c=0 rs=1 cs=1]
                                        RenderText {#text} at (309,1) size 107x18
                                          text run at (309,1) width 107: "08. August 2001"
                                        RenderBR {BR} at (415,15) size 1x0
                                        RenderText {#text} at (93,19) size 539x18
                                          text run at (93,19) width 465: "Ich schreibe gerade eine neue Version von dem Download Counter, bitte "
                                          text run at (557,19) width 75: "schreibt mir"
                                        RenderBR {BR} at (631,33) size 1x0
                                        RenderText {#text} at (184,37) size 357x18
                                          text run at (184,37) width 357: "ins Forum was Ihr da alles haben wollt, wer das benutzt!"
                                    RenderTableRow {TR} at (0,870) size 725x56
                                      RenderTableCell {TD} at (0,870) size 725x56 [border: (1px solid #000000)] [r=13 c=0 rs=1 cs=1]
                                        RenderText {#text} at (321,1) size 83x18
                                          text run at (321,1) width 83: "09. Juli 2001"
                                        RenderBR {BR} at (403,15) size 1x0
                                        RenderText {#text} at (12,19) size 701x36
                                          text run at (12,19) width 452: "eine kleiner Bug in der Topsites.cgi wurde behoben! Wer m\x{F6}chte kann "
                                          text run at (463,19) width 250: "sich die jetzige Zip runter laden und die"
                                          text run at (180,37) width 170: "topsites.cgi auktualisieren, "
                                          text run at (349,37) width 196: "mu\x{DF} aber nicht unbedingt sein!"
                                    RenderTableRow {TR} at (0,926) size 725x56
                                      RenderTableCell {TD} at (0,926) size 725x56 [border: (1px solid #000000)] [r=14 c=0 rs=1 cs=1]
                                        RenderText {#text} at (321,1) size 83x18
                                          text run at (321,1) width 83: "01. Juli 2001"
                                        RenderBR {BR} at (403,15) size 1x0
                                        RenderText {#text} at (80,19) size 565x18
                                          text run at (80,19) width 500: "Jetzt haben wir einen Support Forum, postet Eure Fragen da rein und versuche "
                                          text run at (579,19) width 66: "Sie alle zu"
                                        RenderBR {BR} at (644,33) size 1x0
                                        RenderText {#text} at (53,37) size 618x18
                                          text run at (53,37) width 394: "beantworten! Au\x{DF}erdem k\x{F6}nnt Ihr dort auch Eure Vorschl\x{E4}ge "
                                          text run at (446,37) width 225: "zu den einzelnen Scripten abgeben!"
                                    RenderTableRow {TR} at (0,982) size 725x56
                                      RenderTableCell {TD} at (0,982) size 725x56 [border: (1px solid #000000)] [r=15 c=0 rs=1 cs=1]
                                        RenderText {#text} at (321,1) size 83x18
                                          text run at (321,1) width 83: "01. Juli 2001"
                                        RenderBR {BR} at (403,15) size 1x0
                                        RenderText {#text} at (106,19) size 512x18
                                          text run at (106,19) width 487: "Und wieder eine neue Version von The Real Topsites ist online, die Version "
                                          text run at (592,19) width 26: "3.4!"
                                        RenderBR {BR} at (617,33) size 1x0
                                        RenderText {#text} at (142,37) size 440x18
                                          text run at (142,37) width 440: "Es gibt einige neue Funktionen und es wurde auch einiges verbessert!"
                                    RenderTableRow {TR} at (0,1038) size 725x56
                                      RenderTableCell {TD} at (0,1038) size 725x56 [border: (1px solid #000000)] [r=16 c=0 rs=1 cs=1]
                                        RenderText {#text} at (319,1) size 87x18
                                          text run at (319,1) width 87: "20. Juni 2001"
                                        RenderBR {BR} at (405,15) size 1x0
                                        RenderText {#text} at (122,19) size 481x18
                                          text run at (122,19) width 450: "unser Hoster hat ein paar kleine Probleme also sollte irgend was an der "
                                          text run at (571,19) width 32: "Seite"
                                        RenderBR {BR} at (602,33) size 1x0
                                        RenderText {#text} at (238,37) size 248x18
                                          text run at (238,37) width 248: "nicht gehen, einfach wieder versuchen!"
                                    RenderTableRow {TR} at (0,1094) size 725x92
                                      RenderTableCell {TD} at (0,1094) size 725x92 [border: (1px solid #000000)] [r=17 c=0 rs=1 cs=1]
                                        RenderText {#text} at (319,1) size 87x18
                                          text run at (319,1) width 87: "09. Juni 2001"
                                        RenderBR {BR} at (405,15) size 1x0
                                        RenderText {#text} at (83,19) size 559x18
                                          text run at (83,19) width 449: "Die neue Version (3.3) von The Real Topsites ist online, es gibt einige "
                                          text run at (531,19) width 111: "neue Funktionen "
                                        RenderBR {BR} at (641,33) size 1x0
                                        RenderText {#text} at (244,37) size 236x18
                                          text run at (244,37) width 236: "und es wurde auch einiges ver\x{E4}ndert!"
                                        RenderBR {BR} at (479,51) size 1x0
                                        RenderText {#text} at (232,55) size 261x18
                                          text run at (232,55) width 261: "Mehr Info unter \"Perl Scripte\" im Men\x{FC}. "
                                        RenderBR {BR} at (492,69) size 1x0
                                        RenderText {#text} at (149,73) size 427x18
                                          text run at (149,73) width 427: "P.S. den Umstieg auf die Version3.3 kann ich Euch nur empfehlen!"
                                    RenderTableRow {TR} at (0,1186) size 725x74
                                      RenderTableCell {TD} at (0,1186) size 725x74 [border: (1px solid #000000)] [r=18 c=0 rs=1 cs=1]
                                        RenderText {#text} at (319,1) size 87x18
                                          text run at (319,1) width 87: "04. Juni 2001"
                                        RenderBR {BR} at (405,15) size 1x0
                                        RenderText {#text} at (132,19) size 460x18
                                          text run at (132,19) width 460: "Ein kleiner Bug bei Topsites Script wurde gefunden und sofort behoben!"
                                        RenderBR {BR} at (591,33) size 1x0
                                        RenderText {#text} at (139,37) size 447x18
                                          text run at (139,37) width 447: "Bug: es wurde immer wieder die selbe Site Of The Moment angezeigt!"
                                        RenderBR {BR} at (585,51) size 1x0
                                        RenderText {#text} at (142,55) size 440x18
                                          text run at (142,55) width 435: "Ladet Euch die jetzige Version runter und ersetzt nur die topsites.cgi "
                                          text run at (576,55) width 6: "!"
                                    RenderTableRow {TR} at (0,1260) size 725x56
                                      RenderTableCell {TD} at (0,1260) size 725x56 [border: (1px solid #000000)] [r=19 c=0 rs=1 cs=1]
                                        RenderText {#text} at (319,1) size 87x18
                                          text run at (319,1) width 87: "01. Juni 2001"
                                        RenderBR {BR} at (405,15) size 1x0
                                        RenderText {#text} at (209,19) size 307x18
                                          text run at (209,19) width 307: "Ein neues Script ist online! G5-ICQ Newsletter. "
                                        RenderBR {BR} at (515,33) size 1x0
                                        RenderText {#text} at (234,37) size 257x18
                                          text run at (234,37) width 257: "Mehr Info unter \"Perl Scripte\" im Men\x{FC}."
                                    RenderTableRow {TR} at (0,1316) size 725x56
                                      RenderTableCell {TD} at (0,1316) size 725x56 [border: (1px solid #000000)] [r=20 c=0 rs=1 cs=1]
                                        RenderText {#text} at (319,1) size 86x18
                                          text run at (319,1) width 86: "31. Mai 2001"
                                        RenderBR {BR} at (404,15) size 1x0
                                        RenderText {#text} at (154,19) size 416x18
                                          text run at (154,19) width 416: "Ich habe einen ICQ-Newsletter Script installiert, unter dem Men\x{FC}."
                                        RenderBR {BR} at (569,33) size 1x0
                                        RenderText {#text} at (174,37) size 377x18
                                          text run at (174,37) width 377: "Tragt Euch ein, dann seit Ihr immer auf dem neusten Stand!"
                                    RenderTableRow {TR} at (0,1372) size 725x38
                                      RenderTableCell {TD} at (0,1372) size 725x38 [border: (1px solid #000000)] [r=21 c=0 rs=1 cs=1]
                                        RenderText {#text} at (319,1) size 86x18
                                          text run at (319,1) width 86: "26. Mai 2001"
                                        RenderBR {BR} at (404,15) size 1x0
                                        RenderText {#text} at (255,19) size 214x18
                                          text run at (255,19) width 214: "The Real Topsites v3.0 ist online!"
                                    RenderTableRow {TR} at (0,1410) size 725x56
                                      RenderTableCell {TD} at (0,1410) size 725x56 [border: (1px solid #000000)] [r=22 c=0 rs=1 cs=1]
                                        RenderText {#text} at (319,1) size 86x18
                                          text run at (319,1) width 86: "25. Mai 2001"
                                        RenderBR {BR} at (404,15) size 1x0
                                        RenderText {#text} at (200,19) size 325x18
                                          text run at (200,19) width 325: "Ein neues Script ist online! G5-Download Counter."
                                        RenderBR {BR} at (524,33) size 1x0
                                        RenderText {#text} at (234,37) size 257x18
                                          text run at (234,37) width 257: "Mehr Info unter \"Perl Scripte\" im Men\x{FC}."
                                    RenderTableRow {TR} at (0,1466) size 725x92
                                      RenderTableCell {TD} at (0,1466) size 725x92 [border: (1px solid #000000)] [r=23 c=0 rs=1 cs=1]
                                        RenderText {#text} at (319,1) size 86x18
                                          text run at (319,1) width 86: "24. Mai 2001"
                                        RenderBR {BR} at (404,15) size 1x0
                                        RenderText {#text} at (113,19) size 499x18
                                          text run at (113,19) width 425: "Ich habe es mir sehr lange \x{FC}berlegt, die Entscheidung war wirklich "
                                          text run at (537,19) width 75: "nicht leicht!"
                                        RenderBR {BR} at (611,33) size 1x0
                                        RenderText {#text} at (86,37) size 553x18
                                          text run at (86,37) width 404: "Ich habe mich entschieden den Script \"The Real Topsites\" zum "
                                          text run at (489,37) width 150: "Download freizugeben."
                                        RenderBR {BR} at (638,51) size 1x0
                                        RenderText {#text} at (217,55) size 290x18
                                          text run at (217,55) width 290: "Ihr k\x{F6}nnt es Euch jetzt kostenlos runter laden!"
                                        RenderBR {BR} at (506,69) size 1x0
                                        RenderText {#text} at (308,73) size 108x18
                                          text run at (308,73) width 108: "Viel Spa\x{DF} damit!"
                                    RenderTableRow {TR} at (0,1558) size 725x56
                                      RenderTableCell {TD} at (0,1558) size 725x56 [border: (1px solid #000000)] [r=24 c=0 rs=1 cs=1]
                                        RenderText {#text} at (319,1) size 86x18
                                          text run at (319,1) width 86: "13. Mai 2001"
                                        RenderBR {BR} at (404,15) size 1x0
                                        RenderText {#text} at (7,19) size 711x36
                                          text run at (7,19) width 467: "Es gab nur eine kleine Ver\x{E4}nderung bei G5-Sponsor-Manager, man kann "
                                          text run at (473,19) width 245: "den Script jetzt auch via Java aufrufen,"
                                          text run at (51,37) width 188: "so das Euer Server jetzt nicht "
                                          text run at (238,37) width 365: "unbedingt SSI unterst\x{FC}tzen mu\x{DF} um den Script ausf\x{FC}hren "
                                          text run at (602,37) width 72: "zu k\x{F6}nnen!"
                                    RenderTableRow {TR} at (0,1614) size 725x56
                                      RenderTableCell {TD} at (0,1614) size 725x56 [border: (1px solid #000000)] [r=25 c=0 rs=1 cs=1]
                                        RenderText {#text} at (315,1) size 94x18
                                          text run at (315,1) width 94: "22. April 2001"
                                        RenderBR {BR} at (408,15) size 1x0
                                        RenderText {#text} at (204,19) size 316x18
                                          text run at (204,19) width 316: "Ein neues Script ist online! G5-Sponsor-Manager."
                                        RenderBR {BR} at (519,33) size 1x0
                                        RenderText {#text} at (234,37) size 257x18
                                          text run at (234,37) width 257: "Mehr Info unter \"Perl Scripte\" im Men\x{FC}."
                                    RenderTableRow {TR} at (0,1670) size 725x74
                                      RenderTableCell {TD} at (0,1670) size 725x74 [border: (1px solid #000000)] [r=26 c=0 rs=1 cs=1]
                                        RenderText {#text} at (315,1) size 94x18
                                          text run at (315,1) width 94: "20. April 2001"
                                        RenderBR {BR} at (408,15) size 1x0
                                        RenderText {#text} at (188,19) size 348x18
                                          text run at (188,19) width 348: "Auf einige Anfragen habe ich eine Demonstration von "
                                        RenderBR {BR} at (535,33) size 1x0
                                        RenderText {#text} at (201,37) size 322x18
                                          text run at (201,37) width 322: "\"The Real Topsites\" (Toplist Script) ver\x{F6}ffentlicht!"
                                        RenderBR {BR} at (522,51) size 1x0
                                        RenderText {#text} at (234,55) size 257x18
                                          text run at (234,55) width 257: "Mehr Info unter \"Perl Scripte\" im Men\x{FC}."
                                    RenderTableRow {TR} at (0,1744) size 725x38
                                      RenderTableCell {TD} at (0,1744) size 725x38 [border: (1px solid #000000)] [r=27 c=0 rs=1 cs=1]
                                        RenderText {#text} at (315,1) size 94x18
                                          text run at (315,1) width 94: "13. M\x{E4}rz 2001"
                                        RenderBR {BR} at (408,15) size 1x0
                                        RenderText {#text} at (219,19) size 286x18
                                          text run at (219,19) width 286: "An diesem Tag ging die G5-Script.de online!"
                                    RenderTableRow {TR} at (0,1782) size 725x20
                                      RenderTableCell {TD} at (0,1782) size 725x20 [border: (1px solid #000000)] [r=28 c=0 rs=1 cs=1]
                                        RenderText {#text} at (360,1) size 5x18
                                          text run at (360,1) width 5: " "
                                RenderBlock (anonymous) at (0,1822) size 765x18
                                  RenderBR {BR} at (382,0) size 1x18
