layer at (0,0) size 800x600
  RenderView at (0,0) size 800x600
layer at (0,0) size 800x600
  RenderBlock {HTML} at (0,0) size 800x600
    RenderBody {BODY} at (8,8) size 784x584 [bgcolor=#FFFFFF]
      RenderTable {TABLE} at (0,0) size 506x48
        RenderBlock {CAPTION} at (0,0) size 506x24 [border: (3px solid #000000)]
          RenderText {#text} at (106,3) size 294x18
            text run at (106,3) width 7 RTL: "?"
            text run at (113,3) width 287: "is the question mark on the left side with style"
        RenderTableSection {TBODY} at (0,24) size 506x24
          RenderTableRow {TR} at (0,2) size 506x20
            RenderTableCell {TD} at (2,2) size 502x20 [r=0 c=0 rs=1 cs=1]
              RenderText {#text} at (1,1) size 56x18
                text run at (1,1) width 56: "table cell"
      RenderTable {TABLE} at (0,48) size 506x48
        RenderBlock {CAPTION} at (0,0) size 506x24 [border: (3px solid #000000)]
          RenderText {#text} at (96,3) size 314x18
            text run at (96,3) width 7 RTL: "?"
            text run at (103,3) width 307: "is the question mark on the left side without style"
        RenderTableSection {TBODY} at (0,24) size 506x24
          RenderTableRow {TR} at (0,2) size 506x20
            RenderTableCell {TD} at (2,2) size 502x20 [r=0 c=0 rs=1 cs=1]
              RenderText {#text} at (1,1) size 56x18
                text run at (1,1) width 56: "table cell"
