layer at (0,0) size 800x600
  RenderView at (0,0) size 800x600
layer at (0,0) size 800x600
  RenderBlock {HTML} at (0,0) size 800x600
    RenderBody {BODY} at (8,8) size 784x584 [bgcolor=#FFFFFF]
      RenderTable {TABLE} at (0,0) size 310x40 [border: (1px outset #808080)]
        RenderTableSection {TBODY} at (1,1) size 308x38
          RenderTableRow {TR} at (0,2) size 308x34
            RenderTableCell {TD} at (2,2) size 304x34 [border: (1px inset #808080)] [r=0 c=0 rs=1 cs=1]
              RenderBlock {DIV} at (2,2) size 96x30 [border: (3px solid #800080)]
                RenderBlock {DIV} at (3,3) size 186x24 [border: (3px solid #0000FF)]
                  RenderText {#text} at (3,3) size 21x18
                    text run at (3,3) width 21: "foo"
