layer at (0,0) size 785x1582
  RenderView at (0,0) size 785x600
layer at (0,0) size 785x1582
  RenderBlock {HTML} at (0,0) size 785x1582
    RenderBody {BODY} at (8,8) size 769x1566
      RenderTable {TABLE} at (0,0) size 769x75 [border: (1px solid #000000)]
        RenderTableSection {TBODY} at (1,1) size 767x73
          RenderTableRow {TR} at (0,2) size 767x69
            RenderTableCell {TD} at (2,2) size 444x69 [border: (1px solid #000000)] [r=0 c=0 rs=1 cs=1]
              RenderImage {IMG} at (2,2) size 88x65
              RenderImage {IMG} at (90,2) size 88x65
              RenderImage {IMG} at (178,2) size 88x65
              RenderImage {IMG} at (266,2) size 88x65
              RenderImage {IMG} at (354,2) size 88x65
            RenderTableCell {TD} at (448,25) size 317x23 [border: (1px solid #000000)] [r=0 c=1 rs=1 cs=1]
              RenderText {#text} at (2,2) size 157x19
                text run at (2,3) width 157: "Nothing between images"
      RenderTable {TABLE} at (0,75) size 769x335 [border: (1px solid #000000)]
        RenderTableSection {TBODY} at (1,1) size 767x333
          RenderTableRow {TR} at (0,2) size 767x329
            RenderTableCell {TD} at (2,2) size 92x329 [border: (1px solid #000000)] [r=0 c=0 rs=1 cs=1]
              RenderImage {IMG} at (2,2) size 88x65
              RenderText {#text} at (0,0) size 0x0
              RenderImage {IMG} at (2,67) size 88x65
              RenderText {#text} at (0,0) size 0x0
              RenderImage {IMG} at (2,132) size 88x65
              RenderText {#text} at (0,0) size 0x0
              RenderImage {IMG} at (2,197) size 88x65
              RenderText {#text} at (0,0) size 0x0
              RenderImage {IMG} at (2,262) size 88x65
            RenderTableCell {TD} at (96,155) size 669x23 [border: (1px solid #000000)] [r=0 c=1 rs=1 cs=1]
              RenderText {#text} at (2,2) size 149x19
                text run at (2,3) width 149: "Spaces between images"
      RenderTable {TABLE} at (0,410) size 769x335 [border: (1px solid #000000)]
        RenderTableSection {TBODY} at (1,1) size 767x333
          RenderTableRow {TR} at (0,2) size 767x329
            RenderTableCell {TD} at (2,2) size 92x329 [border: (1px solid #000000)] [r=0 c=0 rs=1 cs=1]
              RenderImage {IMG} at (2,2) size 88x65
              RenderText {#text} at (0,0) size 0x0
              RenderImage {IMG} at (2,67) size 88x65
              RenderText {#text} at (0,0) size 0x0
              RenderImage {IMG} at (2,132) size 88x65
              RenderText {#text} at (0,0) size 0x0
              RenderImage {IMG} at (2,197) size 88x65
              RenderText {#text} at (0,0) size 0x0
              RenderImage {IMG} at (2,262) size 88x65
            RenderTableCell {TD} at (96,155) size 669x23 [border: (1px solid #000000)] [r=0 c=1 rs=1 cs=1]
              RenderText {#text} at (2,2) size 165x19
                text run at (2,3) width 165: "Newlines between images"
      RenderTable {TABLE} at (0,745) size 769x79 [border: (1px solid #000000)]
        RenderTableSection {TBODY} at (1,1) size 767x77
          RenderTableRow {TR} at (0,2) size 767x73
            RenderTableCell {TD} at (2,2) size 596x73 [border: (1px solid #000000)] [r=0 c=0 rs=1 cs=1]
              RenderText {#text} at (2,53) size 27x18
                text run at (2,53) width 27: "One"
              RenderImage {IMG} at (29,2) size 88x65
              RenderText {#text} at (117,53) size 30x18
                text run at (117,53) width 30: "Two"
              RenderImage {IMG} at (147,2) size 88x65
              RenderText {#text} at (235,53) size 37x18
                text run at (235,53) width 37: "Three"
              RenderImage {IMG} at (272,2) size 88x65
              RenderText {#text} at (360,53) size 30x18
                text run at (360,53) width 30: "Four"
              RenderImage {IMG} at (390,2) size 88x65
              RenderText {#text} at (478,53) size 28x18
                text run at (478,53) width 28: "Five"
              RenderImage {IMG} at (506,2) size 88x65
            RenderTableCell {TD} at (600,27) size 165x23 [border: (1px solid #000000)] [r=0 c=1 rs=1 cs=1]
              RenderText {#text} at (2,2) size 134x19
                text run at (2,3) width 134: "Text between images"
      RenderTable {TABLE} at (0,824) size 769x369 [border: (1px solid #000000)]
        RenderTableSection {TBODY} at (1,1) size 767x367
          RenderTableRow {TR} at (0,2) size 767x363
            RenderTableCell {TD} at (2,2) size 129x363 [border: (1px solid #000000)] [r=0 c=0 rs=1 cs=1]
              RenderText {#text} at (2,2) size 27x18
                text run at (2,2) width 27: "One"
              RenderImage {IMG} at (2,20) size 88x65
              RenderText {#text} at (90,71) size 30x18
                text run at (90,71) width 30: "Two"
              RenderImage {IMG} at (2,89) size 88x65
              RenderText {#text} at (90,140) size 37x18
                text run at (90,140) width 37: "Three"
              RenderImage {IMG} at (2,158) size 88x65
              RenderText {#text} at (90,209) size 30x18
                text run at (90,209) width 30: "Four"
              RenderImage {IMG} at (2,227) size 88x65
              RenderText {#text} at (90,278) size 28x18
                text run at (90,278) width 28: "Five"
              RenderImage {IMG} at (2,296) size 88x65
            RenderTableCell {TD} at (133,172) size 632x23 [border: (1px solid #000000)] [r=0 c=1 rs=1 cs=1]
              RenderText {#text} at (2,2) size 211x19
                text run at (2,3) width 211: "Text with spaces between images"
      RenderTable {TABLE} at (0,1193) size 769x373 [border: (1px solid #000000)]
        RenderTableSection {TBODY} at (1,1) size 767x371
          RenderTableRow {TR} at (0,2) size 767x367
            RenderTableCell {TD} at (2,2) size 137x367 [border: (1px solid #000000)] [r=0 c=0 rs=1 cs=1]
              RenderText {#text} at (2,2) size 27x87
                text run at (2,2) width 27: "One"
                text run at (2,71) width 12: "A"
              RenderImage {IMG} at (14,20) size 88x65
              RenderText {#text} at (102,71) size 130x87
                text run at (102,71) width 30: "Two"
                text run at (2,140) width 8: "b"
              RenderImage {IMG} at (10,89) size 88x65
              RenderText {#text} at (98,140) size 133x87
                text run at (98,140) width 37: "Three"
                text run at (2,209) width 7: "c"
              RenderImage {IMG} at (9,158) size 88x65
              RenderText {#text} at (97,209) size 125x87
                text run at (97,209) width 30: "Four"
                text run at (2,278) width 8: "d"
              RenderImage {IMG} at (10,227) size 88x65
              RenderText {#text} at (98,278) size 124x87
                text run at (98,278) width 28: "Five"
                text run at (2,347) width 7: "e"
              RenderImage {IMG} at (9,296) size 88x65
            RenderTableCell {TD} at (141,174) size 624x23 [border: (1px solid #000000)] [r=0 c=1 rs=1 cs=1]
              RenderText {#text} at (2,2) size 301x19
                text run at (2,3) width 301: "Text with spaces and more text between images"
