layer at (0,0) size 800x600
  RenderView at (0,0) size 800x600
layer at (0,0) size 800x600
  RenderBlock {HTML} at (0,0) size 800x600
    RenderBody {BODY} at (8,8) size 784x584
      RenderBlock (anonymous) at (0,0) size 784x16
        RenderInline {FONT} at (0,0) size 707x16
          RenderText {#text} at (0,0) size 707x16
            text run at (0,0) width 330: "This text node only exists once in the original document! "
            text run at (330,0) width 304: "If it were a large collection of inlines, the page would "
            text run at (634,0) width 73: "hang forever."
          RenderInline {A} at (0,0) size 0x0
      RenderBlock (anonymous) at (0,32) size 784x46
        RenderBlock {H2} at (0,0) size 784x25
          RenderInline {A} at (0,0) size 169x24
            RenderText {#text} at (0,0) size 169x24
              text run at (0,0) width 169: "Table of Contents"
        RenderTable {TABLE} at (0,41) size 4x5
          RenderTableSection {TBODY} at (0,0) size 4x4
            RenderTableRow {TR} at (0,2) size 4x0
      RenderBlock (anonymous) at (0,77) size 784x0
        RenderInline {FONT} at (0,0) size 0x0
