layer at (0,0) size 800x600
  RenderView at (0,0) size 800x600
layer at (0,0) size 800x600
  RenderBlock {HTML} at (0,0) size 800x600
    RenderBody {BODY} at (8,8) size 784x584 [bgcolor=#FFFFFF]
      RenderTable {TABLE} at (0,0) size 468x108
        RenderTableSection {TBODY} at (0,0) size 468x108
          RenderTableRow {TR} at (0,0) size 468x1
            RenderTableCell {TD} at (0,0) size 19x0 [r=0 c=0 rs=1 cs=3]
            RenderTableCell {TD} at (18,0) size 188x1 [r=0 c=3 rs=1 cs=1]
              RenderImage {IMG} at (0,0) size 187x1
            RenderTableCell {TD} at (205,0) size 21x1 [r=0 c=4 rs=1 cs=1]
              RenderImage {IMG} at (0,0) size 20x1
            RenderTableCell {TD} at (225,0) size 19x1 [r=0 c=5 rs=1 cs=1]
              RenderImage {IMG} at (0,0) size 18x1
            RenderTableCell {TD} at (243,0) size 19x0 [r=0 c=6 rs=1 cs=3]
            RenderTableCell {TD} at (261,0) size 188x1 [r=0 c=9 rs=1 cs=1]
              RenderImage {IMG} at (0,0) size 187x1
            RenderTableCell {TD} at (448,0) size 21x1 [r=0 c=10 rs=1 cs=1]
              RenderImage {IMG} at (0,0) size 20x1
          RenderTableRow {TR} at (0,1) size 468x22
            RenderTableCell {TD} at (0,1) size 19x22 [r=1 c=0 rs=1 cs=3]
              RenderImage {IMG} at (0,0) size 18x22
            RenderTableCell {TD} at (18,2) size 188x20 [bgcolor=#FFCC00] [r=1 c=3 rs=1 cs=1]
              RenderInline {A} at (0,0) size 121x19 [color=#0000EE]
                RenderInline {B} at (0,0) size 121x19
                  RenderInline {FONT} at (0,0) size 121x19
                    RenderText {#text} at (33,0) size 121x19
                      text run at (33,0) width 121: "Detailed Search"
              RenderText {#text} at (0,0) size 0x0
            RenderTableCell {TD} at (205,1) size 21x22 [r=1 c=4 rs=1 cs=1]
              RenderImage {IMG} at (0,0) size 20x22
            RenderTableCell {TD} at (225,2) size 19x20 [r=1 c=5 rs=1 cs=1]
              RenderText {#text} at (0,0) size 4x19
                text run at (0,0) width 4: " "
            RenderTableCell {TD} at (243,1) size 19x22 [r=1 c=6 rs=1 cs=3]
              RenderImage {IMG} at (0,0) size 18x22
            RenderTableCell {TD} at (261,2) size 188x20 [bgcolor=#FFCC00] [r=1 c=9 rs=1 cs=1]
              RenderInline {A} at (0,0) size 151x19 [color=#0000EE]
                RenderInline {B} at (0,0) size 151x19
                  RenderInline {FONT} at (0,0) size 151x19
                    RenderText {#text} at (18,0) size 151x19
                      text run at (18,0) width 151: "Search By Distance"
              RenderText {#text} at (0,0) size 0x0
            RenderTableCell {TD} at (448,1) size 21x22 [r=1 c=10 rs=1 cs=1]
              RenderImage {IMG} at (0,0) size 20x22
          RenderTableRow {TR} at (0,23) size 468x85
            RenderTableCell {TD} at (0,55) size 7x21 [r=2 c=0 rs=1 cs=1]
              RenderText {#text} at (0,0) size 4x20
                text run at (0,1) width 4: " "
            RenderTableCell {TD} at (6,55) size 7x21 [bgcolor=#EBEBE4] [r=2 c=1 rs=1 cs=1]
              RenderText {#text} at (0,0) size 4x20
                text run at (0,1) width 4: " "
            RenderTableCell {TD} at (12,23) size 214x85 [bgcolor=#EBEBE4] [r=2 c=2 rs=1 cs=3]
              RenderBlock {P} at (0,0) size 213x85
                RenderImage {IMG} at (0,0) size 1x5
                RenderBR {BR} at (1,5) size 0x0
                RenderInline {FONT} at (0,0) size 211x64
                  RenderText {#text} at (0,5) size 211x64
                    text run at (0,5) width 123: "Search using almost "
                    text run at (123,5) width 21: "any"
                    text run at (0,21) width 180: "combination of business name,"
                    text run at (0,37) width 178: "category, street address, city, "
                    text run at (178,37) width 33: "state,"
                    text run at (0,53) width 128: "ZIP, or phone number."
                RenderInline {FONT} at (0,0) size 128x32
                  RenderBR {BR} at (128,66) size 0x0
                  RenderText {#text} at (0,69) size 4x16
                    text run at (0,69) width 4: " "
            RenderTableCell {TD} at (225,55) size 19x21 [r=2 c=5 rs=1 cs=1]
              RenderText {#text} at (0,0) size 4x20
                text run at (0,1) width 4: " "
            RenderTableCell {TD} at (243,55) size 8x21 [r=2 c=6 rs=1 cs=1]
              RenderText {#text} at (0,0) size 4x20
                text run at (0,1) width 4: " "
            RenderTableCell {TD} at (250,55) size 8x21 [bgcolor=#EBEBE4] [r=2 c=7 rs=1 cs=1]
              RenderText {#text} at (0,0) size 4x20
                text run at (0,1) width 4: " "
            RenderTableCell {TD} at (257,23) size 212x53 [bgcolor=#EBEBE4] [r=2 c=8 rs=1 cs=3]
              RenderInline {FONT} at (0,0) size 206x61
                RenderImage {IMG} at (0,0) size 1x5
                RenderBR {BR} at (1,5) size 0x0
                RenderText {#text} at (0,5) size 206x48
                  text run at (0,5) width 177: "Search for businesses within a"
                  text run at (0,21) width 206: "certain distance from a location you"
                  text run at (0,37) width 45: "specify."
