layer at (0,0) size 800x600
  RenderView at (0,0) size 800x600
layer at (0,0) size 800x600
  RenderBlock {HTML} at (0,0) size 800x600
    RenderBody {BODY} at (8,8) size 784x584
      RenderTable {TABLE} at (0,0) size 450x49
        RenderTableSection {TBODY} at (0,0) size 450x49
          RenderTableRow {TR} at (0,2) size 450x45
            RenderTableCell {TD} at (2,2) size 446x45 [r=0 c=0 rs=1 cs=1]
              RenderBlock (anonymous) at (1,1) size 444x18
                RenderTable {TABLE} at (0,0) size 444x19 [bgcolor=#FFFF00]
                  RenderTableSection {TBODY} at (0,0) size 444x19
                    RenderTableRow {TR} at (0,0) size 444x19
                      RenderTableCell {TD} at (0,0) size 444x19 [r=0 c=0 rs=1 cs=1]
                        RenderInline {FONT} at (0,0) size 11x15
                          RenderText {#text} at (2,2) size 11x15
                            text run at (2,2) width 11: "In"
                        RenderText {#text} at (0,0) size 0x0
                RenderBR {BR} at (0,0) size 0x18
              RenderTable {TABLE} at (1,20) size 440x24 [bgcolor=#FF00FF]
                RenderTableSection {TBODY} at (0,0) size 440x24
                  RenderTableRow {TR} at (0,2) size 440x20
                    RenderTableCell {TD} at (2,2) size 436x20 [r=0 c=0 rs=1 cs=1]
                      RenderText {#text} at (1,1) size 128x18
                        text run at (1,1) width 128: "Shop Till You Drop"
