layer at (0,0) size 785x6632
  RenderView at (0,0) size 785x600
layer at (0,0) size 785x6632
  RenderBlock {HTML} at (0,0) size 785x6632
    RenderBody {BODY} at (8,21) size 769x6595
      RenderBlock {H1} at (0,0) size 769x37
        RenderText {#text} at (0,0) size 252x37
          text run at (0,0) width 252: "table-layout: fixed"
      RenderBlock {P} at (0,58) size 769x19
        RenderText {#text} at (0,0) size 562x18
          text run at (0,0) width 562: "The following tables should be laid out in the traditional manner because their widths are "
        RenderInline {CODE} at (0,0) size 32x15
          RenderText {#text} at (562,2) size 32x15
            text run at (562,2) width 32: "auto"
        RenderText {#text} at (594,0) size 4x18
          text run at (594,0) width 4: ":"
      RenderTable {TABLE} at (0,92) size 110x51
        RenderTableSection {TBODY} at (0,0) size 110x50
          RenderTableRow {TR} at (0,2) size 110x22
            RenderTableCell {TD} at (2,2) size 34x22 [border: (1px solid #000000)] [r=0 c=0 rs=1 cs=1]
              RenderText {#text} at (2,2) size 30x18
                text run at (2,2) width 30: "Data"
            RenderTableCell {TD} at (38,2) size 34x22 [border: (1px solid #000000)] [r=0 c=1 rs=1 cs=1]
              RenderText {#text} at (2,2) size 30x18
                text run at (2,2) width 30: "Data"
            RenderTableCell {TD} at (74,2) size 34x22 [border: (1px solid #000000)] [r=0 c=2 rs=1 cs=1]
              RenderText {#text} at (2,2) size 30x18
                text run at (2,2) width 30: "Data"
          RenderTableRow {TR} at (0,26) size 110x22
            RenderTableCell {TD} at (2,26) size 34x22 [border: (1px solid #000000)] [r=1 c=0 rs=1 cs=1]
              RenderText {#text} at (2,2) size 30x18
                text run at (2,2) width 30: "Data"
            RenderTableCell {TD} at (38,26) size 34x22 [border: (1px solid #000000)] [r=1 c=1 rs=1 cs=1]
              RenderText {#text} at (2,2) size 30x18
                text run at (2,2) width 30: "Data"
            RenderTableCell {TD} at (74,26) size 34x22 [border: (1px solid #000000)] [r=1 c=2 rs=1 cs=1]
              RenderText {#text} at (2,2) size 30x18
                text run at (2,2) width 30: "Data"
      RenderTable {TABLE} at (0,142) size 769x339
        RenderTableSection {TBODY} at (0,0) size 769x338
          RenderTableRow {TR} at (0,2) size 769x22
            RenderTableCell {TD} at (2,2) size 34x22 [border: (1px solid #000000)] [r=0 c=0 rs=1 cs=1]
              RenderText {#text} at (2,2) size 30x18
                text run at (2,2) width 30: "Data"
            RenderTableCell {TD} at (38,2) size 34x22 [border: (1px solid #000000)] [r=0 c=1 rs=1 cs=1]
              RenderText {#text} at (2,2) size 30x18
                text run at (2,2) width 30: "Data"
            RenderTableCell {TD} at (74,2) size 693x22 [border: (1px solid #000000)] [r=0 c=2 rs=1 cs=1]
              RenderText {#text} at (2,2) size 30x18
                text run at (2,2) width 30: "Data"
          RenderTableRow {TR} at (0,26) size 769x310
            RenderTableCell {TD} at (2,170) size 34x22 [border: (1px solid #000000)] [r=1 c=0 rs=1 cs=1]
              RenderText {#text} at (2,2) size 30x18
                text run at (2,2) width 30: "Data"
            RenderTableCell {TD} at (38,170) size 34x22 [border: (1px solid #000000)] [r=1 c=1 rs=1 cs=1]
              RenderText {#text} at (2,2) size 30x18
                text run at (2,2) width 30: "Data"
            RenderTableCell {TD} at (74,26) size 693x310 [border: (1px solid #000000)] [r=1 c=2 rs=1 cs=1]
              RenderText {#text} at (2,2) size 686x306
                text run at (2,2) width 189: "Lots and lots and lots of data. "
                text run at (191,2) width 189: "Lots and lots and lots of data. "
                text run at (380,2) width 189: "Lots and lots and lots of data. "
                text run at (569,2) width 108: "Lots and lots and"
                text run at (2,20) width 77: "lots of data. "
                text run at (79,20) width 189: "Lots and lots and lots of data. "
                text run at (268,20) width 189: "Lots and lots and lots of data. "
                text run at (457,20) width 189: "Lots and lots and lots of data. "
                text run at (646,20) width 28: "Lots"
                text run at (2,38) width 157: "and lots and lots of data. "
                text run at (159,38) width 189: "Lots and lots and lots of data. "
                text run at (348,38) width 189: "Lots and lots and lots of data. "
                text run at (537,38) width 151: "Lots and lots and lots of"
                text run at (2,56) width 34: "data. "
                text run at (36,56) width 189: "Lots and lots and lots of data. "
                text run at (225,56) width 189: "Lots and lots and lots of data. "
                text run at (414,56) width 189: "Lots and lots and lots of data. "
                text run at (603,56) width 81: "Lots and lots"
                text run at (2,74) width 104: "and lots of data. "
                text run at (106,74) width 189: "Lots and lots and lots of data. "
                text run at (295,74) width 189: "Lots and lots and lots of data. "
                text run at (484,74) width 185: "Lots and lots and lots of data."
                text run at (2,92) width 189: "Lots and lots and lots of data. "
                text run at (191,92) width 189: "Lots and lots and lots of data. "
                text run at (380,92) width 189: "Lots and lots and lots of data. "
                text run at (569,92) width 108: "Lots and lots and"
                text run at (2,110) width 77: "lots of data. "
                text run at (79,110) width 189: "Lots and lots and lots of data. "
                text run at (268,110) width 189: "Lots and lots and lots of data. "
                text run at (457,110) width 189: "Lots and lots and lots of data. "
                text run at (646,110) width 28: "Lots"
                text run at (2,128) width 157: "and lots and lots of data. "
                text run at (159,128) width 189: "Lots and lots and lots of data. "
                text run at (348,128) width 189: "Lots and lots and lots of data. "
                text run at (537,128) width 151: "Lots and lots and lots of"
                text run at (2,146) width 34: "data. "
                text run at (36,146) width 189: "Lots and lots and lots of data. "
                text run at (225,146) width 189: "Lots and lots and lots of data. "
                text run at (414,146) width 189: "Lots and lots and lots of data. "
                text run at (603,146) width 81: "Lots and lots"
                text run at (2,164) width 104: "and lots of data. "
                text run at (106,164) width 189: "Lots and lots and lots of data. "
                text run at (295,164) width 189: "Lots and lots and lots of data. "
                text run at (484,164) width 185: "Lots and lots and lots of data."
                text run at (2,182) width 189: "Lots and lots and lots of data. "
                text run at (191,182) width 189: "Lots and lots and lots of data. "
                text run at (380,182) width 189: "Lots and lots and lots of data. "
                text run at (569,182) width 108: "Lots and lots and"
                text run at (2,200) width 77: "lots of data. "
                text run at (79,200) width 189: "Lots and lots and lots of data. "
                text run at (268,200) width 189: "Lots and lots and lots of data. "
                text run at (457,200) width 189: "Lots and lots and lots of data. "
                text run at (646,200) width 28: "Lots"
                text run at (2,218) width 157: "and lots and lots of data. "
                text run at (159,218) width 189: "Lots and lots and lots of data. "
                text run at (348,218) width 189: "Lots and lots and lots of data. "
                text run at (537,218) width 151: "Lots and lots and lots of"
                text run at (2,236) width 34: "data. "
                text run at (36,236) width 189: "Lots and lots and lots of data. "
                text run at (225,236) width 189: "Lots and lots and lots of data. "
                text run at (414,236) width 189: "Lots and lots and lots of data. "
                text run at (603,236) width 81: "Lots and lots"
                text run at (2,254) width 104: "and lots of data. "
                text run at (106,254) width 189: "Lots and lots and lots of data. "
                text run at (295,254) width 189: "Lots and lots and lots of data. "
                text run at (484,254) width 185: "Lots and lots and lots of data."
                text run at (2,272) width 189: "Lots and lots and lots of data. "
                text run at (191,272) width 189: "Lots and lots and lots of data. "
                text run at (380,272) width 189: "Lots and lots and lots of data. "
                text run at (569,272) width 108: "Lots and lots and"
                text run at (2,290) width 77: "lots of data. "
                text run at (79,290) width 189: "Lots and lots and lots of data. "
                text run at (268,290) width 185: "Lots and lots and lots of data."
      RenderTable {TABLE} at (0,480) size 769x339
        RenderTableSection {TBODY} at (0,0) size 769x338
          RenderTableRow {TR} at (0,2) size 769x310
            RenderTableCell {TD} at (2,146) size 34x22 [border: (1px solid #000000)] [r=0 c=0 rs=1 cs=1]
              RenderText {#text} at (2,2) size 30x18
                text run at (2,2) width 30: "Data"
            RenderTableCell {TD} at (38,146) size 34x22 [border: (1px solid #000000)] [r=0 c=1 rs=1 cs=1]
              RenderText {#text} at (2,2) size 30x18
                text run at (2,2) width 30: "Data"
            RenderTableCell {TD} at (74,2) size 693x310 [border: (1px solid #000000)] [r=0 c=2 rs=1 cs=1]
              RenderText {#text} at (2,2) size 686x306
                text run at (2,2) width 189: "Lots and lots and lots of data. "
                text run at (191,2) width 189: "Lots and lots and lots of data. "
                text run at (380,2) width 189: "Lots and lots and lots of data. "
                text run at (569,2) width 108: "Lots and lots and"
                text run at (2,20) width 77: "lots of data. "
                text run at (79,20) width 189: "Lots and lots and lots of data. "
                text run at (268,20) width 189: "Lots and lots and lots of data. "
                text run at (457,20) width 189: "Lots and lots and lots of data. "
                text run at (646,20) width 28: "Lots"
                text run at (2,38) width 157: "and lots and lots of data. "
                text run at (159,38) width 189: "Lots and lots and lots of data. "
                text run at (348,38) width 189: "Lots and lots and lots of data. "
                text run at (537,38) width 151: "Lots and lots and lots of"
                text run at (2,56) width 34: "data. "
                text run at (36,56) width 189: "Lots and lots and lots of data. "
                text run at (225,56) width 189: "Lots and lots and lots of data. "
                text run at (414,56) width 189: "Lots and lots and lots of data. "
                text run at (603,56) width 81: "Lots and lots"
                text run at (2,74) width 104: "and lots of data. "
                text run at (106,74) width 189: "Lots and lots and lots of data. "
                text run at (295,74) width 189: "Lots and lots and lots of data. "
                text run at (484,74) width 185: "Lots and lots and lots of data."
                text run at (2,92) width 189: "Lots and lots and lots of data. "
                text run at (191,92) width 189: "Lots and lots and lots of data. "
                text run at (380,92) width 189: "Lots and lots and lots of data. "
                text run at (569,92) width 108: "Lots and lots and"
                text run at (2,110) width 77: "lots of data. "
                text run at (79,110) width 189: "Lots and lots and lots of data. "
                text run at (268,110) width 189: "Lots and lots and lots of data. "
                text run at (457,110) width 189: "Lots and lots and lots of data. "
                text run at (646,110) width 28: "Lots"
                text run at (2,128) width 157: "and lots and lots of data. "
                text run at (159,128) width 189: "Lots and lots and lots of data. "
                text run at (348,128) width 189: "Lots and lots and lots of data. "
                text run at (537,128) width 151: "Lots and lots and lots of"
                text run at (2,146) width 34: "data. "
                text run at (36,146) width 189: "Lots and lots and lots of data. "
                text run at (225,146) width 189: "Lots and lots and lots of data. "
                text run at (414,146) width 189: "Lots and lots and lots of data. "
                text run at (603,146) width 81: "Lots and lots"
                text run at (2,164) width 104: "and lots of data. "
                text run at (106,164) width 189: "Lots and lots and lots of data. "
                text run at (295,164) width 189: "Lots and lots and lots of data. "
                text run at (484,164) width 185: "Lots and lots and lots of data."
                text run at (2,182) width 189: "Lots and lots and lots of data. "
                text run at (191,182) width 189: "Lots and lots and lots of data. "
                text run at (380,182) width 189: "Lots and lots and lots of data. "
                text run at (569,182) width 108: "Lots and lots and"
                text run at (2,200) width 77: "lots of data. "
                text run at (79,200) width 189: "Lots and lots and lots of data. "
                text run at (268,200) width 189: "Lots and lots and lots of data. "
                text run at (457,200) width 189: "Lots and lots and lots of data. "
                text run at (646,200) width 28: "Lots"
                text run at (2,218) width 157: "and lots and lots of data. "
                text run at (159,218) width 189: "Lots and lots and lots of data. "
                text run at (348,218) width 189: "Lots and lots and lots of data. "
                text run at (537,218) width 151: "Lots and lots and lots of"
                text run at (2,236) width 34: "data. "
                text run at (36,236) width 189: "Lots and lots and lots of data. "
                text run at (225,236) width 189: "Lots and lots and lots of data. "
                text run at (414,236) width 189: "Lots and lots and lots of data. "
                text run at (603,236) width 81: "Lots and lots"
                text run at (2,254) width 104: "and lots of data. "
                text run at (106,254) width 189: "Lots and lots and lots of data. "
                text run at (295,254) width 189: "Lots and lots and lots of data. "
                text run at (484,254) width 185: "Lots and lots and lots of data."
                text run at (2,272) width 189: "Lots and lots and lots of data. "
                text run at (191,272) width 189: "Lots and lots and lots of data. "
                text run at (380,272) width 189: "Lots and lots and lots of data. "
                text run at (569,272) width 108: "Lots and lots and"
                text run at (2,290) width 77: "lots of data. "
                text run at (79,290) width 189: "Lots and lots and lots of data. "
                text run at (268,290) width 185: "Lots and lots and lots of data."
          RenderTableRow {TR} at (0,314) size 769x22
            RenderTableCell {TD} at (2,314) size 34x22 [border: (1px solid #000000)] [r=1 c=0 rs=1 cs=1]
              RenderText {#text} at (2,2) size 30x18
                text run at (2,2) width 30: "Data"
            RenderTableCell {TD} at (38,314) size 34x22 [border: (1px solid #000000)] [r=1 c=1 rs=1 cs=1]
              RenderText {#text} at (2,2) size 30x18
                text run at (2,2) width 30: "Data"
            RenderTableCell {TD} at (74,314) size 693x22 [border: (1px solid #000000)] [r=1 c=2 rs=1 cs=1]
              RenderText {#text} at (2,2) size 30x18
                text run at (2,2) width 30: "Data"
      RenderBlock {P} at (0,834) size 769x19
        RenderText {#text} at (0,0) size 749x18
          text run at (0,0) width 749: "All the columns in the following three tables should divide equally the available space (100% of the width of the page):"
      RenderTable {TABLE} at (0,868) size 769x51
        RenderTableSection {TBODY} at (0,0) size 769x50
          RenderTableRow {TR} at (0,2) size 769x22
            RenderTableCell {TD} at (2,2) size 254x22 [border: (1px solid #000000)] [r=0 c=0 rs=1 cs=1]
              RenderText {#text} at (2,2) size 30x18
                text run at (2,2) width 30: "Data"
            RenderTableCell {TD} at (257,2) size 255x22 [border: (1px solid #000000)] [r=0 c=1 rs=1 cs=1]
              RenderText {#text} at (2,2) size 30x18
                text run at (2,2) width 30: "Data"
            RenderTableCell {TD} at (513,2) size 254x22 [border: (1px solid #000000)] [r=0 c=2 rs=1 cs=1]
              RenderText {#text} at (2,2) size 30x18
                text run at (2,2) width 30: "Data"
          RenderTableRow {TR} at (0,26) size 769x22
            RenderTableCell {TD} at (2,26) size 254x22 [border: (1px solid #000000)] [r=1 c=0 rs=1 cs=1]
              RenderText {#text} at (2,2) size 30x18
                text run at (2,2) width 30: "Data"
            RenderTableCell {TD} at (257,26) size 255x22 [border: (1px solid #000000)] [r=1 c=1 rs=1 cs=1]
              RenderText {#text} at (2,2) size 30x18
                text run at (2,2) width 30: "Data"
            RenderTableCell {TD} at (513,26) size 254x22 [border: (1px solid #000000)] [r=1 c=2 rs=1 cs=1]
              RenderText {#text} at (2,2) size 30x18
                text run at (2,2) width 30: "Data"
      RenderTable {TABLE} at (0,918) size 769x897
        RenderTableSection {TBODY} at (0,0) size 769x896
          RenderTableRow {TR} at (0,2) size 769x22
            RenderTableCell {TD} at (2,2) size 254x22 [border: (1px solid #000000)] [r=0 c=0 rs=1 cs=1]
              RenderText {#text} at (2,2) size 30x18
                text run at (2,2) width 30: "Data"
            RenderTableCell {TD} at (257,2) size 255x22 [border: (1px solid #000000)] [r=0 c=1 rs=1 cs=1]
              RenderText {#text} at (2,2) size 30x18
                text run at (2,2) width 30: "Data"
            RenderTableCell {TD} at (513,2) size 254x22 [border: (1px solid #000000)] [r=0 c=2 rs=1 cs=1]
              RenderText {#text} at (2,2) size 30x18
                text run at (2,2) width 30: "Data"
          RenderTableRow {TR} at (0,26) size 769x868
            RenderTableCell {TD} at (2,449) size 254x22 [border: (1px solid #000000)] [r=1 c=0 rs=1 cs=1]
              RenderText {#text} at (2,2) size 30x18
                text run at (2,2) width 30: "Data"
            RenderTableCell {TD} at (257,449) size 255x22 [border: (1px solid #000000)] [r=1 c=1 rs=1 cs=1]
              RenderText {#text} at (2,2) size 30x18
                text run at (2,2) width 30: "Data"
            RenderTableCell {TD} at (513,26) size 254x868 [border: (1px solid #000000)] [r=1 c=2 rs=1 cs=1]
              RenderText {#text} at (2,2) size 244x864
                text run at (2,2) width 189: "Lots and lots and lots of data. "
                text run at (191,2) width 55: "Lots and"
                text run at (2,20) width 130: "lots and lots of data. "
                text run at (132,20) width 108: "Lots and lots and"
                text run at (2,38) width 77: "lots of data. "
                text run at (79,38) width 151: "Lots and lots and lots of"
                text run at (2,56) width 34: "data. "
                text run at (36,56) width 185: "Lots and lots and lots of data."
                text run at (2,74) width 189: "Lots and lots and lots of data. "
                text run at (191,74) width 55: "Lots and"
                text run at (2,92) width 130: "lots and lots of data. "
                text run at (132,92) width 108: "Lots and lots and"
                text run at (2,110) width 77: "lots of data. "
                text run at (79,110) width 151: "Lots and lots and lots of"
                text run at (2,128) width 34: "data. "
                text run at (36,128) width 185: "Lots and lots and lots of data."
                text run at (2,146) width 189: "Lots and lots and lots of data. "
                text run at (191,146) width 55: "Lots and"
                text run at (2,164) width 130: "lots and lots of data. "
                text run at (132,164) width 108: "Lots and lots and"
                text run at (2,182) width 77: "lots of data. "
                text run at (79,182) width 151: "Lots and lots and lots of"
                text run at (2,200) width 34: "data. "
                text run at (36,200) width 185: "Lots and lots and lots of data."
                text run at (2,218) width 189: "Lots and lots and lots of data. "
                text run at (191,218) width 55: "Lots and"
                text run at (2,236) width 130: "lots and lots of data. "
                text run at (132,236) width 108: "Lots and lots and"
                text run at (2,254) width 77: "lots of data. "
                text run at (79,254) width 151: "Lots and lots and lots of"
                text run at (2,272) width 34: "data. "
                text run at (36,272) width 185: "Lots and lots and lots of data."
                text run at (2,290) width 189: "Lots and lots and lots of data. "
                text run at (191,290) width 55: "Lots and"
                text run at (2,308) width 130: "lots and lots of data. "
                text run at (132,308) width 108: "Lots and lots and"
                text run at (2,326) width 77: "lots of data. "
                text run at (79,326) width 151: "Lots and lots and lots of"
                text run at (2,344) width 34: "data. "
                text run at (36,344) width 185: "Lots and lots and lots of data."
                text run at (2,362) width 189: "Lots and lots and lots of data. "
                text run at (191,362) width 55: "Lots and"
                text run at (2,380) width 130: "lots and lots of data. "
                text run at (132,380) width 108: "Lots and lots and"
                text run at (2,398) width 77: "lots of data. "
                text run at (79,398) width 151: "Lots and lots and lots of"
                text run at (2,416) width 34: "data. "
                text run at (36,416) width 185: "Lots and lots and lots of data."
                text run at (2,434) width 189: "Lots and lots and lots of data. "
                text run at (191,434) width 55: "Lots and"
                text run at (2,452) width 130: "lots and lots of data. "
                text run at (132,452) width 108: "Lots and lots and"
                text run at (2,470) width 77: "lots of data. "
                text run at (79,470) width 151: "Lots and lots and lots of"
                text run at (2,488) width 34: "data. "
                text run at (36,488) width 185: "Lots and lots and lots of data."
                text run at (2,506) width 189: "Lots and lots and lots of data. "
                text run at (191,506) width 55: "Lots and"
                text run at (2,524) width 130: "lots and lots of data. "
                text run at (132,524) width 108: "Lots and lots and"
                text run at (2,542) width 77: "lots of data. "
                text run at (79,542) width 151: "Lots and lots and lots of"
                text run at (2,560) width 34: "data. "
                text run at (36,560) width 185: "Lots and lots and lots of data."
                text run at (2,578) width 189: "Lots and lots and lots of data. "
                text run at (191,578) width 55: "Lots and"
                text run at (2,596) width 130: "lots and lots of data. "
                text run at (132,596) width 108: "Lots and lots and"
                text run at (2,614) width 77: "lots of data. "
                text run at (79,614) width 151: "Lots and lots and lots of"
                text run at (2,632) width 34: "data. "
                text run at (36,632) width 185: "Lots and lots and lots of data."
                text run at (2,650) width 189: "Lots and lots and lots of data. "
                text run at (191,650) width 55: "Lots and"
                text run at (2,668) width 130: "lots and lots of data. "
                text run at (132,668) width 108: "Lots and lots and"
                text run at (2,686) width 77: "lots of data. "
                text run at (79,686) width 151: "Lots and lots and lots of"
                text run at (2,704) width 34: "data. "
                text run at (36,704) width 185: "Lots and lots and lots of data."
                text run at (2,722) width 189: "Lots and lots and lots of data. "
                text run at (191,722) width 55: "Lots and"
                text run at (2,740) width 130: "lots and lots of data. "
                text run at (132,740) width 108: "Lots and lots and"
                text run at (2,758) width 77: "lots of data. "
                text run at (79,758) width 151: "Lots and lots and lots of"
                text run at (2,776) width 34: "data. "
                text run at (36,776) width 185: "Lots and lots and lots of data."
                text run at (2,794) width 189: "Lots and lots and lots of data. "
                text run at (191,794) width 55: "Lots and"
                text run at (2,812) width 130: "lots and lots of data. "
                text run at (132,812) width 108: "Lots and lots and"
                text run at (2,830) width 77: "lots of data. "
                text run at (79,830) width 151: "Lots and lots and lots of"
                text run at (2,848) width 34: "data. "
                text run at (36,848) width 185: "Lots and lots and lots of data."
      RenderTable {TABLE} at (0,1814) size 769x897
        RenderTableSection {TBODY} at (0,0) size 769x896
          RenderTableRow {TR} at (0,2) size 769x868
            RenderTableCell {TD} at (2,425) size 254x22 [border: (1px solid #000000)] [r=0 c=0 rs=1 cs=1]
              RenderText {#text} at (2,2) size 30x18
                text run at (2,2) width 30: "Data"
            RenderTableCell {TD} at (257,425) size 255x22 [border: (1px solid #000000)] [r=0 c=1 rs=1 cs=1]
              RenderText {#text} at (2,2) size 30x18
                text run at (2,2) width 30: "Data"
            RenderTableCell {TD} at (513,2) size 254x868 [border: (1px solid #000000)] [r=0 c=2 rs=1 cs=1]
              RenderText {#text} at (2,2) size 244x864
                text run at (2,2) width 189: "Lots and lots and lots of data. "
                text run at (191,2) width 55: "Lots and"
                text run at (2,20) width 130: "lots and lots of data. "
                text run at (132,20) width 108: "Lots and lots and"
                text run at (2,38) width 77: "lots of data. "
                text run at (79,38) width 151: "Lots and lots and lots of"
                text run at (2,56) width 34: "data. "
                text run at (36,56) width 185: "Lots and lots and lots of data."
                text run at (2,74) width 189: "Lots and lots and lots of data. "
                text run at (191,74) width 55: "Lots and"
                text run at (2,92) width 130: "lots and lots of data. "
                text run at (132,92) width 108: "Lots and lots and"
                text run at (2,110) width 77: "lots of data. "
                text run at (79,110) width 151: "Lots and lots and lots of"
                text run at (2,128) width 34: "data. "
                text run at (36,128) width 185: "Lots and lots and lots of data."
                text run at (2,146) width 189: "Lots and lots and lots of data. "
                text run at (191,146) width 55: "Lots and"
                text run at (2,164) width 130: "lots and lots of data. "
                text run at (132,164) width 108: "Lots and lots and"
                text run at (2,182) width 77: "lots of data. "
                text run at (79,182) width 151: "Lots and lots and lots of"
                text run at (2,200) width 34: "data. "
                text run at (36,200) width 185: "Lots and lots and lots of data."
                text run at (2,218) width 189: "Lots and lots and lots of data. "
                text run at (191,218) width 55: "Lots and"
                text run at (2,236) width 130: "lots and lots of data. "
                text run at (132,236) width 108: "Lots and lots and"
                text run at (2,254) width 77: "lots of data. "
                text run at (79,254) width 151: "Lots and lots and lots of"
                text run at (2,272) width 34: "data. "
                text run at (36,272) width 185: "Lots and lots and lots of data."
                text run at (2,290) width 189: "Lots and lots and lots of data. "
                text run at (191,290) width 55: "Lots and"
                text run at (2,308) width 130: "lots and lots of data. "
                text run at (132,308) width 108: "Lots and lots and"
                text run at (2,326) width 77: "lots of data. "
                text run at (79,326) width 151: "Lots and lots and lots of"
                text run at (2,344) width 34: "data. "
                text run at (36,344) width 185: "Lots and lots and lots of data."
                text run at (2,362) width 189: "Lots and lots and lots of data. "
                text run at (191,362) width 55: "Lots and"
                text run at (2,380) width 130: "lots and lots of data. "
                text run at (132,380) width 108: "Lots and lots and"
                text run at (2,398) width 77: "lots of data. "
                text run at (79,398) width 151: "Lots and lots and lots of"
                text run at (2,416) width 34: "data. "
                text run at (36,416) width 185: "Lots and lots and lots of data."
                text run at (2,434) width 189: "Lots and lots and lots of data. "
                text run at (191,434) width 55: "Lots and"
                text run at (2,452) width 130: "lots and lots of data. "
                text run at (132,452) width 108: "Lots and lots and"
                text run at (2,470) width 77: "lots of data. "
                text run at (79,470) width 151: "Lots and lots and lots of"
                text run at (2,488) width 34: "data. "
                text run at (36,488) width 185: "Lots and lots and lots of data."
                text run at (2,506) width 189: "Lots and lots and lots of data. "
                text run at (191,506) width 55: "Lots and"
                text run at (2,524) width 130: "lots and lots of data. "
                text run at (132,524) width 108: "Lots and lots and"
                text run at (2,542) width 77: "lots of data. "
                text run at (79,542) width 151: "Lots and lots and lots of"
                text run at (2,560) width 34: "data. "
                text run at (36,560) width 185: "Lots and lots and lots of data."
                text run at (2,578) width 189: "Lots and lots and lots of data. "
                text run at (191,578) width 55: "Lots and"
                text run at (2,596) width 130: "lots and lots of data. "
                text run at (132,596) width 108: "Lots and lots and"
                text run at (2,614) width 77: "lots of data. "
                text run at (79,614) width 151: "Lots and lots and lots of"
                text run at (2,632) width 34: "data. "
                text run at (36,632) width 185: "Lots and lots and lots of data."
                text run at (2,650) width 189: "Lots and lots and lots of data. "
                text run at (191,650) width 55: "Lots and"
                text run at (2,668) width 130: "lots and lots of data. "
                text run at (132,668) width 108: "Lots and lots and"
                text run at (2,686) width 77: "lots of data. "
                text run at (79,686) width 151: "Lots and lots and lots of"
                text run at (2,704) width 34: "data. "
                text run at (36,704) width 185: "Lots and lots and lots of data."
                text run at (2,722) width 189: "Lots and lots and lots of data. "
                text run at (191,722) width 55: "Lots and"
                text run at (2,740) width 130: "lots and lots of data. "
                text run at (132,740) width 108: "Lots and lots and"
                text run at (2,758) width 77: "lots of data. "
                text run at (79,758) width 151: "Lots and lots and lots of"
                text run at (2,776) width 34: "data. "
                text run at (36,776) width 185: "Lots and lots and lots of data."
                text run at (2,794) width 189: "Lots and lots and lots of data. "
                text run at (191,794) width 55: "Lots and"
                text run at (2,812) width 130: "lots and lots of data. "
                text run at (132,812) width 108: "Lots and lots and"
                text run at (2,830) width 77: "lots of data. "
                text run at (79,830) width 151: "Lots and lots and lots of"
                text run at (2,848) width 34: "data. "
                text run at (36,848) width 185: "Lots and lots and lots of data."
          RenderTableRow {TR} at (0,872) size 769x22
            RenderTableCell {TD} at (2,872) size 254x22 [border: (1px solid #000000)] [r=1 c=0 rs=1 cs=1]
              RenderText {#text} at (2,2) size 30x18
                text run at (2,2) width 30: "Data"
            RenderTableCell {TD} at (257,872) size 255x22 [border: (1px solid #000000)] [r=1 c=1 rs=1 cs=1]
              RenderText {#text} at (2,2) size 30x18
                text run at (2,2) width 30: "Data"
            RenderTableCell {TD} at (513,872) size 254x22 [border: (1px solid #000000)] [r=1 c=2 rs=1 cs=1]
              RenderText {#text} at (2,2) size 30x18
                text run at (2,2) width 30: "Data"
      RenderBlock {P} at (0,2726) size 769x19
        RenderText {#text} at (0,0) size 741x18
          text run at (0,0) width 741: "All the columns in the following three tables should divide equally the available space (50% of the width of the page):"
      RenderTable {TABLE} at (0,2760) size 385x51
        RenderTableSection {TBODY} at (0,0) size 385x50
          RenderTableRow {TR} at (0,2) size 385x22
            RenderTableCell {TD} at (2,2) size 126x22 [border: (1px solid #000000)] [r=0 c=0 rs=1 cs=1]
              RenderText {#text} at (2,2) size 30x18
                text run at (2,2) width 30: "Data"
            RenderTableCell {TD} at (129,2) size 126x22 [border: (1px solid #000000)] [r=0 c=1 rs=1 cs=1]
              RenderText {#text} at (2,2) size 30x18
                text run at (2,2) width 30: "Data"
            RenderTableCell {TD} at (257,2) size 126x22 [border: (1px solid #000000)] [r=0 c=2 rs=1 cs=1]
              RenderText {#text} at (2,2) size 30x18
                text run at (2,2) width 30: "Data"
          RenderTableRow {TR} at (0,26) size 385x22
            RenderTableCell {TD} at (2,26) size 126x22 [border: (1px solid #000000)] [r=1 c=0 rs=1 cs=1]
              RenderText {#text} at (2,2) size 30x18
                text run at (2,2) width 30: "Data"
            RenderTableCell {TD} at (129,26) size 126x22 [border: (1px solid #000000)] [r=1 c=1 rs=1 cs=1]
              RenderText {#text} at (2,2) size 30x18
                text run at (2,2) width 30: "Data"
            RenderTableCell {TD} at (257,26) size 126x22 [border: (1px solid #000000)] [r=1 c=2 rs=1 cs=1]
              RenderText {#text} at (2,2) size 30x18
                text run at (2,2) width 30: "Data"
      RenderTable {TABLE} at (0,2810) size 385x1833
        RenderTableSection {TBODY} at (0,0) size 385x1832
          RenderTableRow {TR} at (0,2) size 385x22
            RenderTableCell {TD} at (2,2) size 126x22 [border: (1px solid #000000)] [r=0 c=0 rs=1 cs=1]
              RenderText {#text} at (2,2) size 30x18
                text run at (2,2) width 30: "Data"
            RenderTableCell {TD} at (129,2) size 126x22 [border: (1px solid #000000)] [r=0 c=1 rs=1 cs=1]
              RenderText {#text} at (2,2) size 30x18
                text run at (2,2) width 30: "Data"
            RenderTableCell {TD} at (257,2) size 126x22 [border: (1px solid #000000)] [r=0 c=2 rs=1 cs=1]
              RenderText {#text} at (2,2) size 30x18
                text run at (2,2) width 30: "Data"
          RenderTableRow {TR} at (0,26) size 385x1804
            RenderTableCell {TD} at (2,917) size 126x22 [border: (1px solid #000000)] [r=1 c=0 rs=1 cs=1]
              RenderText {#text} at (2,2) size 30x18
                text run at (2,2) width 30: "Data"
            RenderTableCell {TD} at (129,917) size 126x22 [border: (1px solid #000000)] [r=1 c=1 rs=1 cs=1]
              RenderText {#text} at (2,2) size 30x18
                text run at (2,2) width 30: "Data"
            RenderTableCell {TD} at (257,26) size 126x1804 [border: (1px solid #000000)] [r=1 c=2 rs=1 cs=1]
              RenderText {#text} at (2,2) size 119x1800
                text run at (2,2) width 108: "Lots and lots and"
                text run at (2,20) width 77: "lots of data. "
                text run at (79,20) width 28: "Lots"
                text run at (2,38) width 119: "and lots and lots of"
                text run at (2,56) width 34: "data. "
                text run at (36,56) width 81: "Lots and lots"
                text run at (2,74) width 100: "and lots of data."
                text run at (2,92) width 108: "Lots and lots and"
                text run at (2,110) width 77: "lots of data. "
                text run at (79,110) width 28: "Lots"
                text run at (2,128) width 119: "and lots and lots of"
                text run at (2,146) width 34: "data. "
                text run at (36,146) width 81: "Lots and lots"
                text run at (2,164) width 100: "and lots of data."
                text run at (2,182) width 108: "Lots and lots and"
                text run at (2,200) width 77: "lots of data. "
                text run at (79,200) width 28: "Lots"
                text run at (2,218) width 119: "and lots and lots of"
                text run at (2,236) width 34: "data. "
                text run at (36,236) width 81: "Lots and lots"
                text run at (2,254) width 100: "and lots of data."
                text run at (2,272) width 108: "Lots and lots and"
                text run at (2,290) width 77: "lots of data. "
                text run at (79,290) width 28: "Lots"
                text run at (2,308) width 119: "and lots and lots of"
                text run at (2,326) width 34: "data. "
                text run at (36,326) width 81: "Lots and lots"
                text run at (2,344) width 100: "and lots of data."
                text run at (2,362) width 108: "Lots and lots and"
                text run at (2,380) width 77: "lots of data. "
                text run at (79,380) width 28: "Lots"
                text run at (2,398) width 119: "and lots and lots of"
                text run at (2,416) width 34: "data. "
                text run at (36,416) width 81: "Lots and lots"
                text run at (2,434) width 100: "and lots of data."
                text run at (2,452) width 108: "Lots and lots and"
                text run at (2,470) width 77: "lots of data. "
                text run at (79,470) width 28: "Lots"
                text run at (2,488) width 119: "and lots and lots of"
                text run at (2,506) width 34: "data. "
                text run at (36,506) width 81: "Lots and lots"
                text run at (2,524) width 100: "and lots of data."
                text run at (2,542) width 108: "Lots and lots and"
                text run at (2,560) width 77: "lots of data. "
                text run at (79,560) width 28: "Lots"
                text run at (2,578) width 119: "and lots and lots of"
                text run at (2,596) width 34: "data. "
                text run at (36,596) width 81: "Lots and lots"
                text run at (2,614) width 100: "and lots of data."
                text run at (2,632) width 108: "Lots and lots and"
                text run at (2,650) width 77: "lots of data. "
                text run at (79,650) width 28: "Lots"
                text run at (2,668) width 119: "and lots and lots of"
                text run at (2,686) width 34: "data. "
                text run at (36,686) width 81: "Lots and lots"
                text run at (2,704) width 100: "and lots of data."
                text run at (2,722) width 108: "Lots and lots and"
                text run at (2,740) width 77: "lots of data. "
                text run at (79,740) width 28: "Lots"
                text run at (2,758) width 119: "and lots and lots of"
                text run at (2,776) width 34: "data. "
                text run at (36,776) width 81: "Lots and lots"
                text run at (2,794) width 100: "and lots of data."
                text run at (2,812) width 108: "Lots and lots and"
                text run at (2,830) width 77: "lots of data. "
                text run at (79,830) width 28: "Lots"
                text run at (2,848) width 119: "and lots and lots of"
                text run at (2,866) width 34: "data. "
                text run at (36,866) width 81: "Lots and lots"
                text run at (2,884) width 100: "and lots of data."
                text run at (2,902) width 108: "Lots and lots and"
                text run at (2,920) width 77: "lots of data. "
                text run at (79,920) width 28: "Lots"
                text run at (2,938) width 119: "and lots and lots of"
                text run at (2,956) width 34: "data. "
                text run at (36,956) width 81: "Lots and lots"
                text run at (2,974) width 100: "and lots of data."
                text run at (2,992) width 108: "Lots and lots and"
                text run at (2,1010) width 77: "lots of data. "
                text run at (79,1010) width 28: "Lots"
                text run at (2,1028) width 119: "and lots and lots of"
                text run at (2,1046) width 34: "data. "
                text run at (36,1046) width 81: "Lots and lots"
                text run at (2,1064) width 100: "and lots of data."
                text run at (2,1082) width 108: "Lots and lots and"
                text run at (2,1100) width 77: "lots of data. "
                text run at (79,1100) width 28: "Lots"
                text run at (2,1118) width 119: "and lots and lots of"
                text run at (2,1136) width 34: "data. "
                text run at (36,1136) width 81: "Lots and lots"
                text run at (2,1154) width 100: "and lots of data."
                text run at (2,1172) width 108: "Lots and lots and"
                text run at (2,1190) width 77: "lots of data. "
                text run at (79,1190) width 28: "Lots"
                text run at (2,1208) width 119: "and lots and lots of"
                text run at (2,1226) width 34: "data. "
                text run at (36,1226) width 81: "Lots and lots"
                text run at (2,1244) width 100: "and lots of data."
                text run at (2,1262) width 108: "Lots and lots and"
                text run at (2,1280) width 77: "lots of data. "
                text run at (79,1280) width 28: "Lots"
                text run at (2,1298) width 119: "and lots and lots of"
                text run at (2,1316) width 34: "data. "
                text run at (36,1316) width 81: "Lots and lots"
                text run at (2,1334) width 100: "and lots of data."
                text run at (2,1352) width 108: "Lots and lots and"
                text run at (2,1370) width 77: "lots of data. "
                text run at (79,1370) width 28: "Lots"
                text run at (2,1388) width 119: "and lots and lots of"
                text run at (2,1406) width 34: "data. "
                text run at (36,1406) width 81: "Lots and lots"
                text run at (2,1424) width 100: "and lots of data."
                text run at (2,1442) width 108: "Lots and lots and"
                text run at (2,1460) width 77: "lots of data. "
                text run at (79,1460) width 28: "Lots"
                text run at (2,1478) width 119: "and lots and lots of"
                text run at (2,1496) width 34: "data. "
                text run at (36,1496) width 81: "Lots and lots"
                text run at (2,1514) width 100: "and lots of data."
                text run at (2,1532) width 108: "Lots and lots and"
                text run at (2,1550) width 77: "lots of data. "
                text run at (79,1550) width 28: "Lots"
                text run at (2,1568) width 119: "and lots and lots of"
                text run at (2,1586) width 34: "data. "
                text run at (36,1586) width 81: "Lots and lots"
                text run at (2,1604) width 100: "and lots of data."
                text run at (2,1622) width 108: "Lots and lots and"
                text run at (2,1640) width 77: "lots of data. "
                text run at (79,1640) width 28: "Lots"
                text run at (2,1658) width 119: "and lots and lots of"
                text run at (2,1676) width 34: "data. "
                text run at (36,1676) width 81: "Lots and lots"
                text run at (2,1694) width 100: "and lots of data."
                text run at (2,1712) width 108: "Lots and lots and"
                text run at (2,1730) width 77: "lots of data. "
                text run at (79,1730) width 28: "Lots"
                text run at (2,1748) width 119: "and lots and lots of"
                text run at (2,1766) width 34: "data. "
                text run at (36,1766) width 81: "Lots and lots"
                text run at (2,1784) width 100: "and lots of data."
      RenderTable {TABLE} at (0,4642) size 385x1833
        RenderTableSection {TBODY} at (0,0) size 385x1832
          RenderTableRow {TR} at (0,2) size 385x1804
            RenderTableCell {TD} at (2,893) size 126x22 [border: (1px solid #000000)] [r=0 c=0 rs=1 cs=1]
              RenderText {#text} at (2,2) size 30x18
                text run at (2,2) width 30: "Data"
            RenderTableCell {TD} at (129,893) size 126x22 [border: (1px solid #000000)] [r=0 c=1 rs=1 cs=1]
              RenderText {#text} at (2,2) size 30x18
                text run at (2,2) width 30: "Data"
            RenderTableCell {TD} at (257,2) size 126x1804 [border: (1px solid #000000)] [r=0 c=2 rs=1 cs=1]
              RenderText {#text} at (2,2) size 119x1800
                text run at (2,2) width 108: "Lots and lots and"
                text run at (2,20) width 77: "lots of data. "
                text run at (79,20) width 28: "Lots"
                text run at (2,38) width 119: "and lots and lots of"
                text run at (2,56) width 34: "data. "
                text run at (36,56) width 81: "Lots and lots"
                text run at (2,74) width 100: "and lots of data."
                text run at (2,92) width 108: "Lots and lots and"
                text run at (2,110) width 77: "lots of data. "
                text run at (79,110) width 28: "Lots"
                text run at (2,128) width 119: "and lots and lots of"
                text run at (2,146) width 34: "data. "
                text run at (36,146) width 81: "Lots and lots"
                text run at (2,164) width 100: "and lots of data."
                text run at (2,182) width 108: "Lots and lots and"
                text run at (2,200) width 77: "lots of data. "
                text run at (79,200) width 28: "Lots"
                text run at (2,218) width 119: "and lots and lots of"
                text run at (2,236) width 34: "data. "
                text run at (36,236) width 81: "Lots and lots"
                text run at (2,254) width 100: "and lots of data."
                text run at (2,272) width 108: "Lots and lots and"
                text run at (2,290) width 77: "lots of data. "
                text run at (79,290) width 28: "Lots"
                text run at (2,308) width 119: "and lots and lots of"
                text run at (2,326) width 34: "data. "
                text run at (36,326) width 81: "Lots and lots"
                text run at (2,344) width 100: "and lots of data."
                text run at (2,362) width 108: "Lots and lots and"
                text run at (2,380) width 77: "lots of data. "
                text run at (79,380) width 28: "Lots"
                text run at (2,398) width 119: "and lots and lots of"
                text run at (2,416) width 34: "data. "
                text run at (36,416) width 81: "Lots and lots"
                text run at (2,434) width 100: "and lots of data."
                text run at (2,452) width 108: "Lots and lots and"
                text run at (2,470) width 77: "lots of data. "
                text run at (79,470) width 28: "Lots"
                text run at (2,488) width 119: "and lots and lots of"
                text run at (2,506) width 34: "data. "
                text run at (36,506) width 81: "Lots and lots"
                text run at (2,524) width 100: "and lots of data."
                text run at (2,542) width 108: "Lots and lots and"
                text run at (2,560) width 77: "lots of data. "
                text run at (79,560) width 28: "Lots"
                text run at (2,578) width 119: "and lots and lots of"
                text run at (2,596) width 34: "data. "
                text run at (36,596) width 81: "Lots and lots"
                text run at (2,614) width 100: "and lots of data."
                text run at (2,632) width 108: "Lots and lots and"
                text run at (2,650) width 77: "lots of data. "
                text run at (79,650) width 28: "Lots"
                text run at (2,668) width 119: "and lots and lots of"
                text run at (2,686) width 34: "data. "
                text run at (36,686) width 81: "Lots and lots"
                text run at (2,704) width 100: "and lots of data."
                text run at (2,722) width 108: "Lots and lots and"
                text run at (2,740) width 77: "lots of data. "
                text run at (79,740) width 28: "Lots"
                text run at (2,758) width 119: "and lots and lots of"
                text run at (2,776) width 34: "data. "
                text run at (36,776) width 81: "Lots and lots"
                text run at (2,794) width 100: "and lots of data."
                text run at (2,812) width 108: "Lots and lots and"
                text run at (2,830) width 77: "lots of data. "
                text run at (79,830) width 28: "Lots"
                text run at (2,848) width 119: "and lots and lots of"
                text run at (2,866) width 34: "data. "
                text run at (36,866) width 81: "Lots and lots"
                text run at (2,884) width 100: "and lots of data."
                text run at (2,902) width 108: "Lots and lots and"
                text run at (2,920) width 77: "lots of data. "
                text run at (79,920) width 28: "Lots"
                text run at (2,938) width 119: "and lots and lots of"
                text run at (2,956) width 34: "data. "
                text run at (36,956) width 81: "Lots and lots"
                text run at (2,974) width 100: "and lots of data."
                text run at (2,992) width 108: "Lots and lots and"
                text run at (2,1010) width 77: "lots of data. "
                text run at (79,1010) width 28: "Lots"
                text run at (2,1028) width 119: "and lots and lots of"
                text run at (2,1046) width 34: "data. "
                text run at (36,1046) width 81: "Lots and lots"
                text run at (2,1064) width 100: "and lots of data."
                text run at (2,1082) width 108: "Lots and lots and"
                text run at (2,1100) width 77: "lots of data. "
                text run at (79,1100) width 28: "Lots"
                text run at (2,1118) width 119: "and lots and lots of"
                text run at (2,1136) width 34: "data. "
                text run at (36,1136) width 81: "Lots and lots"
                text run at (2,1154) width 100: "and lots of data."
                text run at (2,1172) width 108: "Lots and lots and"
                text run at (2,1190) width 77: "lots of data. "
                text run at (79,1190) width 28: "Lots"
                text run at (2,1208) width 119: "and lots and lots of"
                text run at (2,1226) width 34: "data. "
                text run at (36,1226) width 81: "Lots and lots"
                text run at (2,1244) width 100: "and lots of data."
                text run at (2,1262) width 108: "Lots and lots and"
                text run at (2,1280) width 77: "lots of data. "
                text run at (79,1280) width 28: "Lots"
                text run at (2,1298) width 119: "and lots and lots of"
                text run at (2,1316) width 34: "data. "
                text run at (36,1316) width 81: "Lots and lots"
                text run at (2,1334) width 100: "and lots of data."
                text run at (2,1352) width 108: "Lots and lots and"
                text run at (2,1370) width 77: "lots of data. "
                text run at (79,1370) width 28: "Lots"
                text run at (2,1388) width 119: "and lots and lots of"
                text run at (2,1406) width 34: "data. "
                text run at (36,1406) width 81: "Lots and lots"
                text run at (2,1424) width 100: "and lots of data."
                text run at (2,1442) width 108: "Lots and lots and"
                text run at (2,1460) width 77: "lots of data. "
                text run at (79,1460) width 28: "Lots"
                text run at (2,1478) width 119: "and lots and lots of"
                text run at (2,1496) width 34: "data. "
                text run at (36,1496) width 81: "Lots and lots"
                text run at (2,1514) width 100: "and lots of data."
                text run at (2,1532) width 108: "Lots and lots and"
                text run at (2,1550) width 77: "lots of data. "
                text run at (79,1550) width 28: "Lots"
                text run at (2,1568) width 119: "and lots and lots of"
                text run at (2,1586) width 34: "data. "
                text run at (36,1586) width 81: "Lots and lots"
                text run at (2,1604) width 100: "and lots of data."
                text run at (2,1622) width 108: "Lots and lots and"
                text run at (2,1640) width 77: "lots of data. "
                text run at (79,1640) width 28: "Lots"
                text run at (2,1658) width 119: "and lots and lots of"
                text run at (2,1676) width 34: "data. "
                text run at (36,1676) width 81: "Lots and lots"
                text run at (2,1694) width 100: "and lots of data."
                text run at (2,1712) width 108: "Lots and lots and"
                text run at (2,1730) width 77: "lots of data. "
                text run at (79,1730) width 28: "Lots"
                text run at (2,1748) width 119: "and lots and lots of"
                text run at (2,1766) width 34: "data. "
                text run at (36,1766) width 81: "Lots and lots"
                text run at (2,1784) width 100: "and lots of data."
          RenderTableRow {TR} at (0,1808) size 385x22
            RenderTableCell {TD} at (2,1808) size 126x22 [border: (1px solid #000000)] [r=1 c=0 rs=1 cs=1]
              RenderText {#text} at (2,2) size 30x18
                text run at (2,2) width 30: "Data"
            RenderTableCell {TD} at (129,1808) size 126x22 [border: (1px solid #000000)] [r=1 c=1 rs=1 cs=1]
              RenderText {#text} at (2,2) size 30x18
                text run at (2,2) width 30: "Data"
            RenderTableCell {TD} at (257,1808) size 126x22 [border: (1px solid #000000)] [r=1 c=2 rs=1 cs=1]
              RenderText {#text} at (2,2) size 30x18
                text run at (2,2) width 30: "Data"
      RenderBlock {P} at (0,6490) size 769x19
        RenderText {#text} at (0,0) size 192x18
          text run at (0,0) width 192: "This test is still being written..."
      RenderBlock {HR} at (0,6524) size 769x3 [border: (1px inset #000000)]
      RenderBlock {P} at (0,6542) size 769x19
        RenderText {#text} at (0,0) size 58x18
          text run at (0,0) width 58: "(Back to "
        RenderInline {A} at (0,0) size 158x18 [color=#0000EE]
          RenderText {#text} at (58,0) size 158x18
            text run at (58,0) width 158: "CSS Testing Information"
        RenderText {#text} at (216,0) size 8x18
          text run at (216,0) width 8: ", "
        RenderInline {A} at (0,0) size 82x18 [color=#0000EE]
          RenderText {#text} at (224,0) size 82x18
            text run at (224,0) width 82: "David Baron"
        RenderText {#text} at (306,0) size 5x18
          text run at (306,0) width 5: ")"
      RenderBlock {P} at (0,6576) size 769x19
        RenderInline {A} at (0,0) size 33x18 [color=#0000EE]
          RenderText {#text} at (0,0) size 33x18
            text run at (0,0) width 33: "LDB"
        RenderText {#text} at (33,0) size 8x18
          text run at (33,0) width 8: ", "
        RenderInline {A} at (0,0) size 156x18 [color=#0000EE]
          RenderText {#text} at (41,0) size 156x18
            text run at (41,0) width 156: "dbaron@fas.harvard.edu"
