layer at (0,0) size 800x600
  RenderView at (0,0) size 800x600
layer at (0,0) size 800x600
  RenderBlock {HTML} at (0,0) size 800x600
    RenderBody {BODY} at (8,8) size 784x584 [bgcolor=#FFFFFF]
      RenderBlock {H4} at (0,0) size 784x20
        RenderText {#text} at (0,0) size 155x19
          text run at (0,0) width 155: "Testcase distilled from "
        RenderInline {A} at (0,0) size 157x19 [color=#0000EE]
          RenderText {#text} at (155,0) size 157x19
            text run at (155,0) width 157: "http://www.weather.com"
      RenderTable {TABLE} at (0,41) size 450x215
        RenderTableSection {TBODY} at (0,0) size 450x214
          RenderTableRow {TR} at (0,0) size 450x17
            RenderTableCell {TD} at (0,0) size 325x17 [r=0 c=0 rs=1 cs=3]
              RenderImage {IMG} at (0,0) size 318x17
            RenderTableCell {TD} at (325,0) size 125x214 [r=0 c=3 rs=2 cs=1]
              RenderTable {TABLE} at (0,0) size 125x214 [bgcolor=#E0EBF5]
                RenderTableSection {TBODY} at (0,0) size 125x214
                  RenderTableRow {TR} at (0,0) size 125x214
                    RenderTableCell {TD} at (0,0) size 125x214 [r=0 c=0 rs=1 cs=1]
                      RenderImage {IMG} at (0,0) size 125x34
                      RenderBR {BR} at (125,34) size 0x0
                      RenderText {#text} at (0,34) size 113x39
                        text run at (0,34) width 113: "Jose moving out to"
                        text run at (0,54) width 20: "sea"
                      RenderBR {BR} at (20,69) size 0x0
                      RenderBR {BR} at (0,74) size 0x19
                      RenderBR {BR} at (0,94) size 0x19
                      RenderBR {BR} at (0,114) size 0x19
                      RenderBR {BR} at (0,134) size 0x19
                      RenderBR {BR} at (0,154) size 0x19
                      RenderBR {BR} at (0,174) size 0x19
                      RenderBR {BR} at (0,194) size 0x19
          RenderTableRow {TR} at (0,17) size 450x197
            RenderTableCell {TD} at (0,17) size 167x105 [r=1 c=0 rs=1 cs=1]
              RenderImage {IMG} at (0,0) size 167x105
              RenderText {#text} at (0,0) size 0x0
            RenderTableCell {TD} at (167,105) size 4x21 [r=1 c=1 rs=1 cs=1]
              RenderText {#text} at (0,0) size 4x20
                text run at (0,1) width 4: " "
            RenderTableCell {TD} at (171,17) size 154x80 [r=1 c=2 rs=1 cs=1]
              RenderInline {FONT} at (0,0) size 145x80
                RenderInline {B} at (0,0) size 68x16
                  RenderText {#text} at (0,0) size 68x16
                    text run at (0,0) width 68: "Chilly time"
                RenderBR {BR} at (68,13) size 0x0
                RenderText {#text} at (0,16) size 145x64
                  text run at (0,16) width 117: "Though the calendar"
                  text run at (0,32) width 120: "disagrees, the feel of"
                  text run at (0,48) width 145: "winter is in the air across"
                  text run at (0,64) width 103: "much of the East."
              RenderText {#text} at (0,0) size 0x0
