layer at (0,0) size 800x600
  RenderView at (0,0) size 800x600
layer at (0,0) size 800x600
  RenderBlock {HTML} at (0,0) size 800x600
    RenderBody {BODY} at (8,8) size 784x584
      RenderTable {TABLE} at (0,0) size 600x113
        RenderTableSection {TBODY} at (0,0) size 600x113
          RenderTableRow {TR} at (0,0) size 600x113
            RenderTableCell {TD} at (0,0) size 600x113 [r=0 c=0 rs=1 cs=1]
              RenderBlock (anonymous) at (0,0) size 600x54
                RenderBR {BR} at (300,0) size 0x18
                RenderBR {BR} at (300,18) size 0x18
                RenderBR {BR} at (300,36) size 0x18
              RenderTable {TABLE} at (0,54) size 600x59 [border: (1px outset #808080)]
                RenderTableSection {TBODY} at (1,1) size 598x57
                  RenderTableRow {TR} at (0,0) size 598x57
                    RenderTableCell {TD} at (0,0) size 299x57 [border: (1px inset #808080)] [r=0 c=0 rs=1 cs=1]
                      RenderTable {TABLE} at (1,1) size 297x55
                        RenderTableSection {TBODY} at (0,0) size 297x55
                          RenderTableRow {TR} at (0,1) size 297x17 [bgcolor=#CD9944]
                            RenderTableCell {TD} at (1,1) size 106x17 [r=0 c=0 rs=1 cs=1]
                              RenderInline {FONT} at (0,0) size 40x11 [color=#FFFFFF]
                                RenderText {#text} at (3,3) size 40x11
                                  text run at (3,3) width 40: "Funktion"
                          RenderTableRow {TR} at (0,19) size 297x17 [bgcolor=#E7E7AD]
                            RenderTableCell {TD} at (1,19) size 106x17 [r=1 c=0 rs=1 cs=1]
                              RenderInline {FONT} at (0,0) size 64x11
                                RenderText {#text} at (3,3) size 64x11
                                  text run at (3,3) width 64: "Umlaufrendite"
                          RenderTableRow {TR} at (0,37) size 297x17 [bgcolor=#E7DEA5]
                            RenderTableCell {TD} at (1,37) size 106x17 [r=2 c=0 rs=1 cs=1]
                              RenderInline {FONT} at (0,0) size 70x11
                                RenderText {#text} at (3,3) size 70x11
                                  text run at (3,3) width 70: "10 Jahre US %"
                            RenderTableCell {TD} at (107,37) size 39x17 [r=2 c=1 rs=1 cs=1]
                              RenderInline {FONT} at (0,0) size 21x11
                                RenderText {#text} at (3,3) size 21x11
                                  text run at (3,3) width 21: "4,75"
                            RenderTableCell {TD} at (146,37) size 25x17 [r=2 c=2 rs=1 cs=1]
                              RenderImage {IMG} at (6,3) size 12x11
                            RenderTableCell {TD} at (171,37) size 43x17 [r=2 c=3 rs=1 cs=1]
                              RenderInline {FONT} at (0,0) size 24x11
                                RenderText {#text} at (3,3) size 24x11
                                  text run at (3,3) width 24: "-0.02"
                            RenderTableCell {TD} at (214,37) size 51x17 [r=2 c=4 rs=1 cs=1]
                              RenderInline {FONT} at (0,0) size 30x11
                                RenderText {#text} at (3,3) size 30x11
                                  text run at (3,3) width 30: "03.12."
                            RenderTableCell {TD} at (265,37) size 32x17 [r=2 c=5 rs=1 cs=1]
                              RenderInline {FONT} at (0,0) size 17x11
                                RenderInline {A} at (0,0) size 17x11 [color=#0000EE]
                                  RenderImage {IMG} at (7,3) size 17x10
                    RenderTableCell {TD} at (299,0) size 299x57 [border: (1px inset #808080)] [r=0 c=1 rs=1 cs=1]
                      RenderTable {TABLE} at (1,1) size 297x55
                        RenderTableSection {TBODY} at (0,0) size 297x55
                          RenderTableRow {TR} at (0,1) size 297x17 [bgcolor=#CD9944]
                            RenderTableCell {TD} at (1,1) size 206x17 [r=0 c=0 rs=1 cs=1]
                              RenderInline {FONT} at (0,0) size 45x11 [color=#FFFFFF]
                                RenderText {#text} at (3,3) size 45x11
                                  text run at (3,3) width 45: "Rohstoffe"
                          RenderTableRow {TR} at (0,19) size 297x17 [bgcolor=#E7E7AD]
                            RenderTableCell {TD} at (1,19) size 206x17 [r=1 c=0 rs=1 cs=1]
                              RenderImage {IMG} at (97,3) size 12x11
                            RenderTableCell {TD} at (207,19) size 90x17 [r=1 c=1 rs=1 cs=1]
                              RenderInline {FONT} at (0,0) size 17x11
                                RenderInline {A} at (0,0) size 17x11 [color=#0000EE]
                                  RenderImage {IMG} at (36,3) size 17x10
                          RenderTableRow {TR} at (0,37) size 297x17 [bgcolor=#E7DEA5]
                            RenderTableCell {TD} at (1,37) size 206x17 [r=2 c=0 rs=1 cs=1]
                              RenderImage {IMG} at (97,3) size 12x11
                            RenderTableCell {TD} at (207,37) size 90x17 [r=2 c=1 rs=1 cs=1]
                              RenderInline {FONT} at (0,0) size 17x11
                                RenderInline {A} at (0,0) size 17x11 [color=#0000EE]
                                  RenderImage {IMG} at (36,3) size 17x10
