layer at (0,0) size 785x904
  RenderView at (0,0) size 785x600
layer at (0,0) size 785x904
  RenderBlock {HTML} at (0,0) size 785x904
    RenderBody {BODY} at (8,8) size 769x888
      RenderBlock {DIV} at (0,0) size 769x170
        RenderBlock {HR} at (0,0) size 769x2 [border: (1px inset #000000)]
        RenderBlock {P} at (0,18) size 769x18
          RenderInline {B} at (0,0) size 331x18
            RenderText {#text} at (219,0) size 331x18
              text run at (219,0) width 331: "Tables I, II, III, IV (cellpadding=0 cellspacing=5)"
        RenderTable {TABLE} at (91,52) size 587x118 [bgcolor=#FFCC00] [border: (1px outset #808080)]
          RenderTableSection {TBODY} at (1,1) size 584x116
            RenderTableRow {TR} at (0,2) size 584x112
              RenderTableCell {TD} at (2,2) size 154x112 [border: (1px inset #808080)] [r=0 c=0 rs=1 cs=1]
                RenderTable {TABLE} at (6,6) size 142x100 [bgcolor=#FFFFFF] [border: (1px outset #808080)]
                  RenderBlock {CAPTION} at (0,0) size 142x18
                    RenderInline {NOBR} at (0,0) size 46x18
                      RenderText {#text} at (48,0) size 46x18
                        text run at (48,0) width 46: "Table I"
                  RenderTableSection {TBODY} at (1,19) size 140x80
                    RenderTableRow {TR} at (0,5) size 140x20
                      RenderTableCell {TD} at (5,5) size 22x20 [border: (1px inset #808080)] [r=0 c=0 rs=1 cs=1]
                        RenderText {#text} at (1,1) size 20x18
                          text run at (1,1) width 20: "1,1"
                      RenderTableCell {TD} at (32,5) size 22x20 [border: (1px inset #808080)] [r=0 c=1 rs=1 cs=1]
                        RenderText {#text} at (1,1) size 20x18
                          text run at (1,1) width 20: "1,2"
                      RenderTableCell {TD} at (59,5) size 22x20 [border: (1px inset #808080)] [r=0 c=2 rs=1 cs=1]
                        RenderText {#text} at (1,1) size 20x18
                          text run at (1,1) width 20: "1,3"
                      RenderTableCell {TD} at (86,5) size 22x20 [border: (1px inset #808080)] [r=0 c=3 rs=1 cs=1]
                        RenderText {#text} at (1,1) size 20x18
                          text run at (1,1) width 20: "1,4"
                      RenderTableCell {TD} at (113,5) size 22x20 [border: (1px inset #808080)] [r=0 c=4 rs=1 cs=1]
                        RenderText {#text} at (1,1) size 20x18
                          text run at (1,1) width 20: "1,5"
                    RenderTableRow {TR} at (0,30) size 140x20
                      RenderTableCell {TD} at (5,30) size 22x20 [border: (1px inset #808080)] [r=1 c=0 rs=1 cs=1]
                        RenderText {#text} at (1,1) size 20x18
                          text run at (1,1) width 20: "2,1"
                      RenderTableCell {TD} at (32,30) size 22x20 [border: (1px inset #808080)] [r=1 c=1 rs=1 cs=1]
                        RenderText {#text} at (1,1) size 20x18
                          text run at (1,1) width 20: "2,2"
                      RenderTableCell {TD} at (59,30) size 22x20 [border: (1px inset #808080)] [r=1 c=2 rs=1 cs=1]
                        RenderText {#text} at (1,1) size 20x18
                          text run at (1,1) width 20: "2,3"
                      RenderTableCell {TD} at (86,30) size 22x20 [border: (1px inset #808080)] [r=1 c=3 rs=1 cs=1]
                        RenderText {#text} at (1,1) size 20x18
                          text run at (1,1) width 20: "2,4"
                      RenderTableCell {TD} at (113,30) size 22x20 [border: (1px inset #808080)] [r=1 c=4 rs=1 cs=1]
                        RenderText {#text} at (1,1) size 20x18
                          text run at (1,1) width 20: "2,5"
                    RenderTableRow {TR} at (0,55) size 140x20
                      RenderTableCell {TD} at (5,55) size 22x20 [border: (1px inset #808080)] [r=2 c=0 rs=1 cs=1]
                        RenderText {#text} at (1,1) size 20x18
                          text run at (1,1) width 20: "3,1"
                      RenderTableCell {TD} at (32,55) size 22x20 [bgcolor=#FFFF66] [border: (1px inset #808080)] [r=2 c=1 rs=1 cs=1]
                        RenderText {#text} at (1,1) size 20x18
                          text run at (1,1) width 20: "3,2"
                      RenderTableCell {TD} at (59,55) size 22x20 [bgcolor=#FFFF66] [border: (1px inset #808080)] [r=2 c=2 rs=1 cs=1]
                        RenderText {#text} at (1,1) size 20x18
                          text run at (1,1) width 20: "3,3"
                      RenderTableCell {TD} at (86,55) size 22x20 [bgcolor=#FFFF66] [border: (1px inset #808080)] [r=2 c=3 rs=1 cs=1]
                        RenderText {#text} at (1,1) size 20x18
                          text run at (1,1) width 20: "3,4"
                      RenderTableCell {TD} at (113,55) size 22x20 [border: (1px inset #808080)] [r=2 c=4 rs=1 cs=1]
                        RenderText {#text} at (1,1) size 20x18
                          text run at (1,1) width 20: "3,5"
              RenderTableCell {TD} at (158,2) size 154x112 [border: (1px inset #808080)] [r=0 c=1 rs=1 cs=1]
                RenderTable {TABLE} at (6,6) size 142x100 [bgcolor=#FFFFFF] [border: (1px outset #808080)]
                  RenderBlock {CAPTION} at (0,0) size 142x18
                    RenderInline {NOBR} at (0,0) size 50x18
                      RenderText {#text} at (46,0) size 50x18
                        text run at (46,0) width 50: "Table II"
                  RenderTableSection {TBODY} at (1,19) size 140x80
                    RenderTableRow {TR} at (0,5) size 140x20
                      RenderTableCell {TD} at (5,5) size 22x20 [border: (1px inset #808080)] [r=0 c=0 rs=1 cs=1]
                        RenderText {#text} at (1,1) size 20x18
                          text run at (1,1) width 20: "1,1"
                      RenderTableCell {TD} at (32,5) size 49x20 [border: (1px inset #808080)] [r=0 c=1 rs=1 cs=2]
                        RenderText {#text} at (1,1) size 20x18
                          text run at (1,1) width 20: "1,2"
                      RenderTableCell {TD} at (86,5) size 22x20 [border: (1px inset #808080)] [r=0 c=3 rs=1 cs=1]
                        RenderText {#text} at (1,1) size 20x18
                          text run at (1,1) width 20: "1,4"
                      RenderTableCell {TD} at (113,5) size 22x20 [border: (1px inset #808080)] [r=0 c=4 rs=1 cs=1]
                        RenderText {#text} at (1,1) size 20x18
                          text run at (1,1) width 20: "1,5"
                    RenderTableRow {TR} at (0,30) size 140x20
                      RenderTableCell {TD} at (5,30) size 22x20 [border: (1px inset #808080)] [r=1 c=0 rs=1 cs=1]
                        RenderText {#text} at (1,1) size 20x18
                          text run at (1,1) width 20: "2,1"
                      RenderTableCell {TD} at (32,30) size 22x20 [border: (1px inset #808080)] [r=1 c=1 rs=1 cs=1]
                        RenderText {#text} at (1,1) size 20x18
                          text run at (1,1) width 20: "2,2"
                      RenderTableCell {TD} at (59,30) size 49x20 [border: (1px inset #808080)] [r=1 c=2 rs=1 cs=2]
                        RenderText {#text} at (1,1) size 20x18
                          text run at (1,1) width 20: "2,3"
                      RenderTableCell {TD} at (113,30) size 22x20 [border: (1px inset #808080)] [r=1 c=4 rs=1 cs=1]
                        RenderText {#text} at (1,1) size 20x18
                          text run at (1,1) width 20: "2,5"
                    RenderTableRow {TR} at (0,55) size 140x20
                      RenderTableCell {TD} at (5,55) size 22x20 [border: (1px inset #808080)] [r=2 c=0 rs=1 cs=1]
                        RenderText {#text} at (1,1) size 20x18
                          text run at (1,1) width 20: "3,1"
                      RenderTableCell {TD} at (32,55) size 22x20 [bgcolor=#FFFF66] [border: (1px inset #808080)] [r=2 c=1 rs=1 cs=1]
                        RenderText {#text} at (1,1) size 20x18
                          text run at (1,1) width 20: "3,2"
                      RenderTableCell {TD} at (59,55) size 22x20 [bgcolor=#FFFF66] [border: (1px inset #808080)] [r=2 c=2 rs=1 cs=1]
                        RenderText {#text} at (1,1) size 20x18
                          text run at (1,1) width 20: "3,3"
                      RenderTableCell {TD} at (86,55) size 22x20 [bgcolor=#FFFF66] [border: (1px inset #808080)] [r=2 c=3 rs=1 cs=1]
                        RenderText {#text} at (1,1) size 20x18
                          text run at (1,1) width 20: "3,4"
                      RenderTableCell {TD} at (113,55) size 22x20 [border: (1px inset #808080)] [r=2 c=4 rs=1 cs=1]
                        RenderText {#text} at (1,1) size 20x18
                          text run at (1,1) width 20: "3,5"
              RenderTableCell {TD} at (314,2) size 134x112 [border: (1px inset #808080)] [r=0 c=2 rs=1 cs=1]
                RenderTable {TABLE} at (6,6) size 122x100 [bgcolor=#FFFFFF] [border: (1px outset #808080)]
                  RenderBlock {CAPTION} at (0,0) size 122x18
                    RenderInline {NOBR} at (0,0) size 56x18
                      RenderText {#text} at (33,0) size 56x18
                        text run at (33,0) width 56: "Table III"
                  RenderTableSection {TBODY} at (1,19) size 120x80
                    RenderTableRow {TR} at (0,5) size 120x20
                      RenderTableCell {TD} at (5,5) size 22x20 [border: (1px inset #808080)] [r=0 c=0 rs=1 cs=1]
                        RenderText {#text} at (1,1) size 20x18
                          text run at (1,1) width 20: "1,1"
                      RenderTableCell {TD} at (32,5) size 29x20 [border: (1px inset #808080)] [r=0 c=1 rs=1 cs=2]
                        RenderText {#text} at (1,1) size 20x18
                          text run at (1,1) width 20: "1,2"
                      RenderTableCell {TD} at (66,5) size 22x20 [border: (1px inset #808080)] [r=0 c=3 rs=1 cs=1]
                        RenderText {#text} at (1,1) size 20x18
                          text run at (1,1) width 20: "1,4"
                      RenderTableCell {TD} at (93,5) size 22x20 [border: (1px inset #808080)] [r=0 c=4 rs=1 cs=1]
                        RenderText {#text} at (1,1) size 20x18
                          text run at (1,1) width 20: "1,5"
                    RenderTableRow {TR} at (0,30) size 120x20
                      RenderTableCell {TD} at (5,30) size 22x20 [border: (1px inset #808080)] [r=1 c=0 rs=1 cs=1]
                        RenderText {#text} at (1,1) size 20x18
                          text run at (1,1) width 20: "2,1"
                      RenderTableCell {TD} at (32,30) size 22x20 [border: (1px inset #808080)] [r=1 c=1 rs=1 cs=1]
                        RenderText {#text} at (1,1) size 20x18
                          text run at (1,1) width 20: "2,2"
                      RenderTableCell {TD} at (59,30) size 29x20 [border: (1px inset #808080)] [r=1 c=2 rs=1 cs=2]
                        RenderText {#text} at (1,1) size 20x18
                          text run at (1,1) width 20: "2,3"
                      RenderTableCell {TD} at (93,30) size 22x20 [border: (1px inset #808080)] [r=1 c=4 rs=1 cs=1]
                        RenderText {#text} at (1,1) size 20x18
                          text run at (1,1) width 20: "2,5"
                    RenderTableRow {TR} at (0,55) size 120x20
                      RenderTableCell {TD} at (5,55) size 22x20 [border: (1px inset #808080)] [r=2 c=0 rs=1 cs=1]
                        RenderText {#text} at (1,1) size 20x18
                          text run at (1,1) width 20: "3,1"
                      RenderTableCell {TD} at (32,64) size 22x2 [bgcolor=#FFFF66] [border: (1px inset #808080)] [r=2 c=1 rs=1 cs=1]
                      RenderTableCell {TD} at (59,64) size 2x2 [bgcolor=#FFFF66] [border: (1px inset #808080)] [r=2 c=2 rs=1 cs=1]
                      RenderTableCell {TD} at (66,64) size 22x2 [bgcolor=#FFFF66] [border: (1px inset #808080)] [r=2 c=3 rs=1 cs=1]
                      RenderTableCell {TD} at (93,55) size 22x20 [border: (1px inset #808080)] [r=2 c=4 rs=1 cs=1]
                        RenderText {#text} at (1,1) size 20x18
                          text run at (1,1) width 20: "3,5"
              RenderTableCell {TD} at (450,2) size 132x87 [border: (1px inset #808080)] [r=0 c=3 rs=1 cs=1]
                RenderTable {TABLE} at (6,6) size 120x75 [bgcolor=#FFFFFF] [border: (1px outset #808080)]
                  RenderBlock {CAPTION} at (0,0) size 120x18
                    RenderInline {NOBR} at (0,0) size 58x18
                      RenderText {#text} at (31,0) size 58x18
                        text run at (31,0) width 58: "Table IV"
                  RenderTableSection {TBODY} at (1,19) size 118x55
                    RenderTableRow {TR} at (0,5) size 118x20
                      RenderTableCell {TD} at (5,5) size 22x20 [border: (1px inset #808080)] [r=0 c=0 rs=1 cs=1]
                        RenderText {#text} at (1,1) size 20x18
                          text run at (1,1) width 20: "1,1"
                      RenderTableCell {TD} at (32,5) size 27x20 [border: (1px inset #808080)] [r=0 c=1 rs=1 cs=2]
                        RenderText {#text} at (1,1) size 20x18
                          text run at (1,1) width 20: "1,2"
                      RenderTableCell {TD} at (64,5) size 22x20 [border: (1px inset #808080)] [r=0 c=3 rs=1 cs=1]
                        RenderText {#text} at (1,1) size 20x18
                          text run at (1,1) width 20: "1,4"
                      RenderTableCell {TD} at (91,5) size 22x20 [border: (1px inset #808080)] [r=0 c=4 rs=1 cs=1]
                        RenderText {#text} at (1,1) size 20x18
                          text run at (1,1) width 20: "1,5"
                    RenderTableRow {TR} at (0,30) size 118x20
                      RenderTableCell {TD} at (5,30) size 22x20 [border: (1px inset #808080)] [r=1 c=0 rs=1 cs=1]
                        RenderText {#text} at (1,1) size 20x18
                          text run at (1,1) width 20: "2,1"
                      RenderTableCell {TD} at (32,30) size 22x20 [border: (1px inset #808080)] [r=1 c=1 rs=1 cs=1]
                        RenderText {#text} at (1,1) size 20x18
                          text run at (1,1) width 20: "2,2"
                      RenderTableCell {TD} at (59,30) size 27x20 [border: (1px inset #808080)] [r=1 c=2 rs=1 cs=2]
                        RenderText {#text} at (1,1) size 20x18
                          text run at (1,1) width 20: "2,3"
                      RenderTableCell {TD} at (91,30) size 22x20 [border: (1px inset #808080)] [r=1 c=4 rs=1 cs=1]
                        RenderText {#text} at (1,1) size 20x18
                          text run at (1,1) width 20: "2,5"
      RenderBlock (anonymous) at (0,170) size 769x18
        RenderBR {BR} at (0,0) size 0x18
      RenderBlock {P} at (0,204) size 769x90
        RenderText {#text} at (0,0) size 754x90
          text run at (0,0) width 319: "This is a table colspan counting problem (IMHO). "
          text run at (319,0) width 388: "The oversize <TABLE> has two rows: one has *two* <TD>"
          text run at (0,18) width 744: "\"requesting\" total of 3 columns to span; second row has *one* <TD> \"requesting\" total of 3 columns to span. In other"
          text run at (0,36) width 555: "words, it's asking for one more column than the max number of 'real' elements in a row. "
          text run at (555,36) width 199: "Here's the simple case (first one"
          text run at (0,54) width 256: "shows the problem; the other adjusts the "
          text run at (256,54) width 472: "colspan values and it works) (Dec 19 Nightly Win 95): All the elements in "
          text run at (728,54) width 19: "the"
          text run at (0,72) width 422: "two tables below are width=auto (i.e., no width attribute specified)."
      RenderBlock (anonymous) at (0,310) size 769x18
        RenderBR {BR} at (0,0) size 0x18
      RenderTable {TABLE} at (0,328) size 647x54 [border: (1px outset #808080)]
        RenderTableSection {TBODY} at (1,1) size 645x52
          RenderTableRow {TR} at (0,0) size 645x26
            RenderTableCell {TD} at (0,0) size 241x26 [border: (1px inset #808080)] [r=0 c=0 rs=1 cs=2]
              RenderBlock {P} at (4,4) size 233x18
                RenderInline {B} at (0,0) size 116x18
                  RenderText {#text} at (0,0) size 116x18
                    text run at (0,0) width 116: "This is colspan=2"
            RenderTableCell {TD} at (240,0) size 406x26 [border: (1px inset #808080)] [r=0 c=2 rs=1 cs=1]
              RenderText {#text} at (4,4) size 200x18
                text run at (4,4) width 200: "Blah Blah Blah Blah Blah Blah"
          RenderTableRow {TR} at (0,26) size 645x26
            RenderTableCell {TD} at (0,26) size 646x26 [border: (1px inset #808080)] [r=1 c=0 rs=1 cs=3]
              RenderBlock {P} at (4,4) size 638x18
                RenderInline {B} at (0,0) size 116x18
                  RenderText {#text} at (0,0) size 116x18
                    text run at (0,0) width 116: "This is colspan=3"
                RenderText {#text} at (116,0) size 521x18
                  text run at (116,0) width 159: " blah blah blah blah blah "
                  text run at (275,0) width 362: "--- why doesn't this cell span the table (5.0 win95 jun17)?"
      RenderBlock (anonymous) at (0,382) size 769x36
        RenderBR {BR} at (0,0) size 0x18
        RenderBR {BR} at (0,18) size 0x18
      RenderTable {TABLE} at (0,418) size 511x54 [border: (1px outset #808080)]
        RenderTableSection {TBODY} at (1,1) size 509x52
          RenderTableRow {TR} at (0,0) size 509x26
            RenderTableCell {TD} at (0,0) size 191x26 [border: (1px inset #808080)] [r=0 c=0 rs=1 cs=1]
              RenderBlock {P} at (4,4) size 183x18
                RenderInline {B} at (0,0) size 116x18
                  RenderText {#text} at (0,0) size 116x18
                    text run at (0,0) width 116: "This is colspan=1"
            RenderTableCell {TD} at (190,0) size 320x26 [border: (1px inset #808080)] [r=0 c=1 rs=1 cs=1]
              RenderText {#text} at (4,4) size 200x18
                text run at (4,4) width 200: "Blah Blah Blah Blah Blah Blah"
          RenderTableRow {TR} at (0,26) size 509x26
            RenderTableCell {TD} at (0,26) size 510x26 [border: (1px inset #808080)] [r=1 c=0 rs=1 cs=2]
              RenderBlock {P} at (4,4) size 502x18
                RenderInline {B} at (0,0) size 116x18
                  RenderText {#text} at (0,0) size 116x18
                    text run at (0,0) width 116: "This is colspan=2"
                RenderText {#text} at (116,0) size 385x18
                  text run at (116,0) width 159: " blah blah blah blah blah "
                  text run at (275,0) width 226: "--- this cell spans the table correctly."
      RenderBlock (anonymous) at (0,472) size 769x18
        RenderBR {BR} at (0,0) size 0x18
      RenderBlock {P} at (0,506) size 769x18
        RenderText {#text} at (0,0) size 229x18
          text run at (0,0) width 229: "Here's the test case from bug #2645."
      RenderBlock {P} at (0,540) size 769x54
        RenderText {#text} at (0,0) size 765x54
          text run at (0,0) width 542: "This test case (below) is derived from home.netscape.com (although not much is left). "
          text run at (542,0) width 199: "[This was the table structure for"
          text run at (0,18) width 765: "\"Autos ... Local ...\" and the right-hand column (\"ABCNews.com...\"); added an extra column to differentiate this example"
          text run at (0,36) width 198: "a bit more from the one above]."
      RenderBlock {P} at (0,610) size 769x72
        RenderText {#text} at (0,0) size 758x72
          text run at (0,0) width 485: "The basic problem is \"competing colspan requests\". The table has two rows, "
          text run at (485,0) width 260: "both of which have COLSPAN requests."
          text run at (0,18) width 273: "They are both asking for one more column "
          text run at (273,18) width 485: "than the max number of 'real' elements in either row (i.e., both ask for total of"
          text run at (0,36) width 506: "5 but the maximum number of TD in either row is 4). This seems to confuse the "
          text run at (506,36) width 214: "algorithm. ;) (Note: all the column"
          text run at (0,54) width 504: "elements in these two tables are width=fixed except the TD with colspan=(4|3))."
      RenderTable {TABLE} at (0,698) size 680x52 [border: (1px outset #808080)]
        RenderTableSection {TBODY} at (1,1) size 678x50
          RenderTableRow {TR} at (0,2) size 678x22
            RenderTableCell {TD} at (2,2) size 84x22 [border: (1px inset #808080)] [r=0 c=0 rs=1 cs=1]
              RenderText {#text} at (2,2) size 8x18
                text run at (2,2) width 8: "x"
            RenderTableCell {TD} at (88,2) size 351x22 [border: (1px inset #808080)] [r=0 c=1 rs=1 cs=2]
              RenderText {#text} at (2,2) size 101x18
                text run at (2,2) width 101: "this (colspan=2)"
            RenderTableCell {TD} at (441,2) size 31x22 [bgcolor=#99CCCC] [border: (1px inset #808080)] [r=0 c=3 rs=1 cs=1]
              RenderText {#text} at (2,2) size 27x18
                text run at (2,2) width 27: "blue"
            RenderTableCell {TD} at (474,2) size 202x22 [border: (1px inset #808080)] [r=0 c=4 rs=1 cs=1]
              RenderText {#text} at (2,2) size 23x18
                text run at (2,2) width 23: "that"
          RenderTableRow {TR} at (0,26) size 678x22
            RenderTableCell {TD} at (2,26) size 84x22 [border: (1px inset #808080)] [r=1 c=0 rs=1 cs=1]
              RenderText {#text} at (2,2) size 8x18
                text run at (2,2) width 8: "x"
            RenderTableCell {TD} at (88,26) size 588x22 [bgcolor=#99CCCC] [border: (1px inset #808080)] [r=1 c=1 rs=1 cs=4]
              RenderText {#text} at (2,2) size 324x18
                text run at (2,2) width 324: "blue (colspan=4) --- doesn't span (5.0 win95 jun17)"
      RenderBlock (anonymous) at (0,750) size 769x18
        RenderBR {BR} at (0,0) size 0x18
      RenderBlock {P} at (0,784) size 769x18
        RenderText {#text} at (0,0) size 428x18
          text run at (0,0) width 428: "Here's the same table but the 'colspan' values have been normalized."
      RenderTable {TABLE} at (0,818) size 680x52 [border: (1px outset #808080)]
        RenderTableSection {TBODY} at (1,1) size 678x50
          RenderTableRow {TR} at (0,2) size 678x22
            RenderTableCell {TD} at (2,2) size 78x22 [border: (1px inset #808080)] [r=0 c=0 rs=1 cs=1]
              RenderText {#text} at (2,2) size 8x18
                text run at (2,2) width 8: "x"
            RenderTableCell {TD} at (81,2) size 375x22 [border: (1px inset #808080)] [r=0 c=1 rs=1 cs=1]
              RenderText {#text} at (2,2) size 101x18
                text run at (2,2) width 101: "this (colspan=1)"
            RenderTableCell {TD} at (457,2) size 32x22 [bgcolor=#99CCCC] [border: (1px inset #808080)] [r=0 c=2 rs=1 cs=1]
              RenderText {#text} at (2,2) size 27x18
                text run at (2,2) width 27: "blue"
            RenderTableCell {TD} at (490,2) size 187x22 [border: (1px inset #808080)] [r=0 c=3 rs=1 cs=1]
              RenderText {#text} at (2,2) size 23x18
                text run at (2,2) width 23: "that"
          RenderTableRow {TR} at (0,26) size 678x22
            RenderTableCell {TD} at (2,26) size 78x22 [border: (1px inset #808080)] [r=1 c=0 rs=1 cs=1]
              RenderText {#text} at (2,2) size 8x18
                text run at (2,2) width 8: "x"
            RenderTableCell {TD} at (81,26) size 596x22 [bgcolor=#99CCCC] [border: (1px inset #808080)] [r=1 c=1 rs=1 cs=3]
              RenderText {#text} at (2,2) size 223x18
                text run at (2,2) width 223: "blue (colspan=3) --- spans correctly"
      RenderBlock (anonymous) at (0,870) size 769x18
        RenderBR {BR} at (0,0) size 0x18
