layer at (0,0) size 800x600
  RenderView at (0,0) size 800x600
layer at (0,0) size 800x600
  RenderBlock {HTML} at (0,0) size 800x600
    RenderBody {BODY} at (8,8) size 784x584 [bgcolor=#FFFFFF]
      RenderTable {TABLE} at (0,0) size 606x248 [border: (1px outset #808080)]
        RenderTableSection {TBODY} at (1,1) size 604x246
          RenderTableRow {TR} at (0,0) size 604x62
            RenderTableCell {TD} at (0,0) size 114x136 [border: (1px inset #808080)] [r=0 c=0 rs=3 cs=1]
              RenderImage {IMG} at (1,1) size 112x134
            RenderTableCell {TD} at (114,0) size 491x62 [border: (1px inset #808080)] [r=0 c=1 rs=1 cs=2]
              RenderImage {IMG} at (21,1) size 469x60
          RenderTableRow {TR} at (0,62) size 604x22
            RenderTableCell {TD} at (114,62) size 491x22 [border: (1px inset #808080)] [r=1 c=1 rs=1 cs=2]
              RenderTable {TABLE} at (1,1) size 488x20
                RenderTableSection {TBODY} at (0,0) size 488x20
                  RenderTableRow {TR} at (0,0) size 488x20
                    RenderTableCell {TD} at (0,0) size 488x20 [r=0 c=0 rs=1 cs=1]
                      RenderText {#text} at (0,0) size 81x19
                        text run at (0,0) width 81: "Top Nav Bar"
          RenderTableRow {TR} at (0,84) size 604x162
            RenderTableCell {TD} at (114,164) size 338x2 [border: (1px inset #808080)] [r=2 c=1 rs=1 cs=1]
            RenderTableCell {TD} at (451,84) size 154x162 [border: (1px inset #808080)] [r=2 c=2 rs=1 cs=1]
              RenderInline {B} at (0,0) size 147x159
                RenderText {#text} at (1,1) size 147x159
                  text run at (1,1) width 121: "\"Freakish animal-"
                  text run at (1,21) width 122: "things, all sporting"
                  text run at (1,41) width 113: "maniacal smiles, "
                  text run at (114,41) width 29: "race"
                  text run at (1,61) width 147: "around a series of ice-"
                  text run at (1,81) width 99: "themed tracks,"
                  text run at (1,101) width 88: "showing their"
                  text run at (1,121) width 75: "malformed "
                  text run at (76,121) width 54: "asses to"
                  text run at (1,141) width 121: "the entire world. \""
              RenderText {#text} at (0,0) size 0x0
