layer at (0,0) size 800x600
  RenderView at (0,0) size 800x600
layer at (0,0) size 800x600
  RenderBlock {HTML} at (0,0) size 800x600
    RenderBody {BODY} at (8,8) size 784x576
      RenderBlock {FORM} at (0,0) size 784x29
        RenderTable {TABLE} at (0,0) size 702x29 [bgcolor=#FFE030] [border: (1px outset #808080)]
          RenderTableSection {TBODY} at (1,1) size 700x27
            RenderTableRow {TR} at (0,0) size 700x27
              RenderTableCell {TD} at (0,0) size 700x27 [border: (1px inset #808080)] [r=0 c=0 rs=1 cs=1]
                RenderInline {NOBR} at (0,0) size 698x18
                  RenderTextControl {INPUT} at (3,3) size 220x21 [bgcolor=#FFFFFF] [border: (2px inset #000000)]
                  RenderText {#text} at (225,4) size 13x18
                    text run at (225,4) width 13: " - "
                  RenderTextControl {INPUT} at (240,3) size 220x21 [bgcolor=#FFFFFF] [border: (2px inset #000000)]
                  RenderText {#text} at (462,4) size 13x18
                    text run at (462,4) width 13: " - "
                  RenderTextControl {INPUT} at (477,3) size 220x21 [bgcolor=#FFFFFF] [border: (2px inset #000000)]
                RenderText {#text} at (0,0) size 0x0
            RenderTableRow {TR} at (0,27) size 700x0
layer at (14,15) size 216x15
  RenderBlock {DIV} at (2,3) size 216x15
layer at (251,15) size 216x15
  RenderBlock {DIV} at (2,3) size 216x15
layer at (488,15) size 216x15
  RenderBlock {DIV} at (2,3) size 216x15
