layer at (0,0) size 800x600
  RenderView at (0,0) size 800x600
layer at (0,0) size 800x600
  RenderBlock {HTML} at (0,0) size 800x600
    RenderBody {BODY} at (8,8) size 784x584
      RenderTable {TABLE} at (0,0) size 27x584 [border: (1px outset #808080)]
        RenderTableSection {TBODY} at (1,1) size 25x582
          RenderTableRow {TR} at (0,2) size 25x578
            RenderTableCell {TD} at (2,145) size 21x292 [border: (1px inset #808080)] [r=0 c=0 rs=1 cs=1]
              RenderTable {TABLE} at (2,2) size 17x287 [border: (1px outset #808080)]
                RenderTableSection {TBODY} at (1,1) size 15x285
                  RenderTableRow {TR} at (0,2) size 15x281
                    RenderTableCell {TD} at (2,130) size 11x25 [border: (1px inset #808080)] [r=0 c=0 rs=1 cs=1]
                      RenderText {#text} at (2,2) size 7x20
                        text run at (2,3) width 7: "x"
