layer at (0,0) size 785x639
  RenderView at (0,0) size 785x600
layer at (0,0) size 785x639
  RenderBlock {HTML} at (0,0) size 785x639
    RenderBody {BODY} at (8,8) size 769x623 [bgcolor=#C0C0C0]
      RenderTable {TABLE} at (0,0) size 132x150 [border: (20px outset #808080)]
        RenderTableSection {TBODY} at (20,20) size 92x110
          RenderTableRow {TR} at (0,10) size 92x90
            RenderTableCell {TD} at (10,43) size 72x24 [border: (1px inset #808080)] [r=0 c=0 rs=1 cs=1]
              RenderText {#text} at (2,2) size 68x19
                text run at (2,2) width 68: "cell content"
      RenderBlock {P} at (0,166) size 769x20
        RenderText {#text} at (0,0) size 576x19
          text run at (0,0) width 576: "The following two tables demostrates the bug with TD and TABLE both having height specified."
      RenderTable {TABLE} at (0,202) size 252x210 [border: (20px outset #808080)]
        RenderTableSection {TBODY} at (20,20) size 212x170
          RenderTableRow {TR} at (0,10) size 212x150
            RenderTableCell {TD} at (10,73) size 192x24 [border: (1px inset #808080)] [r=0 c=0 rs=1 cs=1]
              RenderText {#text} at (2,2) size 188x19
                text run at (2,2) width 188: "height=210 (150+2*10+2*20)"
      RenderTable {TABLE} at (0,412) size 269x211 [border: (20px outset #808080)]
        RenderTableSection {TBODY} at (20,20) size 229x171
          RenderTableRow {TR} at (0,10) size 229x151
            RenderTableCell {TD} at (10,73) size 209x25 [border: (1px inset #808080)] [r=0 c=0 rs=1 cs=1]
              RenderText {#text} at (2,1) size 205x20
                text run at (2,2) width 205: "height=211 (150+2*10+2*20+1)"
