layer at (0,0) size 800x600
  RenderView at (0,0) size 800x600
layer at (0,0) size 800x600
  RenderBlock {HTML} at (0,0) size 800x600
    RenderBody {BODY} at (8,8) size 784x584
      RenderBlock {CENTER} at (0,0) size 784x380
        RenderTable {TABLE} at (0,0) size 784x380
          RenderTableSection {TBODY} at (0,0) size 784x380
            RenderTableRow {TR} at (0,0) size 784x68
              RenderTableCell {TD} at (0,7) size 784x54 [r=0 c=0 rs=1 cs=1]
                RenderBlock {H2} at (0,0) size 784x33
                  RenderInline {FONT} at (0,0) size 102x33
                    RenderText {#text} at (341,0) size 102x33
                      text run at (341,0) width 102: "EET 304"
            RenderTableRow {TR} at (0,67) size 784x25
              RenderTableCell {TD} at (0,70) size 784x19 [r=1 c=0 rs=1 cs=1]
                RenderBlock {P} at (0,0) size 784x18
                  RenderInline {FONT} at (0,0) size 34x18
                    RenderInline {A} at (0,0) size 34x18 [color=#0000EE]
                      RenderText {#text} at (375,0) size 34x18
                        text run at (375,0) width 34: "Home"
            RenderTableRow {TR} at (0,91) size 784x33
              RenderTableCell {TD} at (0,98) size 784x19 [r=2 c=0 rs=1 cs=1]
                RenderInline {A} at (0,0) size 120x18 [color=#0000EE]
                  RenderInline {FONT} at (0,0) size 120x18
                    RenderText {#text} at (332,-1) size 120x19
                      text run at (332,0) width 120: "Course Information"
            RenderTableRow {TR} at (0,123) size 784x33
              RenderTableCell {TD} at (0,130) size 784x19 [r=3 c=0 rs=1 cs=1]
                RenderInline {A} at (0,0) size 48x18 [color=#0000EE]
                  RenderInline {FONT} at (0,0) size 48x18
                    RenderText {#text} at (368,-1) size 48x19
                      text run at (368,0) width 48: "Lecture"
            RenderTableRow {TR} at (0,155) size 784x33
              RenderTableCell {TD} at (0,162) size 784x19 [r=4 c=0 rs=1 cs=1]
                RenderInline {A} at (0,0) size 0x0 [color=#0000EE]
                  RenderInline {FONT} at (0,0) size 0x0
                RenderInline {A} at (0,0) size 64x18 [color=#0000EE]
                  RenderInline {FONT} at (0,0) size 64x18
                    RenderText {#text} at (360,-1) size 64x19
                      text run at (360,0) width 64: "Homework"
            RenderTableRow {TR} at (0,187) size 784x33
              RenderTableCell {TD} at (0,194) size 784x19 [r=5 c=0 rs=1 cs=1]
                RenderInline {A} at (0,0) size 50x18 [color=#0000EE]
                  RenderInline {FONT} at (0,0) size 50x18
                    RenderText {#text} at (367,-1) size 50x19
                      text run at (367,0) width 50: "Quizzes"
            RenderTableRow {TR} at (0,219) size 784x33
              RenderTableCell {TD} at (0,226) size 784x19 [r=6 c=0 rs=1 cs=1]
                RenderInline {FONT} at (0,0) size 40x18 [color=#0000FF]
                  RenderInline {A} at (0,0) size 40x18 [color=#0000EE]
                    RenderText {#text} at (372,-1) size 40x19
                      text run at (372,0) width 40: "Exams"
            RenderTableRow {TR} at (0,251) size 784x33
              RenderTableCell {TD} at (0,258) size 784x19 [r=7 c=0 rs=1 cs=1]
                RenderInline {A} at (0,0) size 0x0 [color=#0000EE]
                  RenderInline {FONT} at (0,0) size 0x0
                RenderInline {A} at (0,0) size 68x18 [color=#0000EE]
                  RenderInline {FONT} at (0,0) size 68x18
                    RenderText {#text} at (358,-1) size 22x19
                      text run at (358,0) width 22: "Lab"
                    RenderInline {U} at (0,0) size 46x18
                      RenderText {#text} at (380,-1) size 46x19
                        text run at (380,0) width 46: "oratory"
            RenderTableRow {TR} at (0,283) size 784x33
              RenderTableCell {TD} at (0,290) size 784x19 [r=8 c=0 rs=1 cs=1]
                RenderInline {A} at (0,0) size 44x18 [color=#0000EE]
                  RenderInline {U} at (0,0) size 44x18
                    RenderInline {FONT} at (0,0) size 44x18
                      RenderText {#text} at (370,-1) size 44x19
                        text run at (370,0) width 44: "Grades"
            RenderTableRow {TR} at (0,315) size 784x33
              RenderTableCell {TD} at (0,322) size 784x19 [r=9 c=0 rs=1 cs=1]
                RenderInline {FONT} at (0,0) size 80x18
                  RenderInline {A} at (0,0) size 80x18 [color=#0000EE]
                    RenderText {#text} at (352,-1) size 80x19
                      text run at (352,0) width 40: "Filter "
                      text run at (391,0) width 41: "Design"
            RenderTableRow {TR} at (0,347) size 784x33
              RenderTableCell {TD} at (0,354) size 784x19 [r=10 c=0 rs=1 cs=1]
                RenderInline {FONT} at (0,0) size 82x18
                  RenderInline {U} at (0,0) size 82x18
                    RenderInline {A} at (0,0) size 82x18 [color=#0000EE]
                      RenderText {#text} at (351,-1) size 82x19
                        text run at (351,0) width 46: "Office "
                        text run at (397,0) width 36: "Hours"
