layer at (0,0) size 800x600
  RenderView at (0,0) size 800x600
layer at (0,0) size 800x600
  RenderBlock {HTML} at (0,0) size 800x600
    RenderBody {BODY} at (8,8) size 784x584
      RenderBlock (anonymous) at (0,0) size 784x18
        RenderText {#text} at (0,0) size 132x18
          text run at (0,0) width 132: "and the page works.)"
      RenderTable {TABLE} at (0,18) size 191x52 [border: (1px outset #808080)]
        RenderTableSection {TBODY} at (1,1) size 189x50
          RenderTableRow {TR} at (0,2) size 189x22
            RenderTableCell {TD} at (2,2) size 97x22 [border: (1px inset #808080)] [r=0 c=0 rs=1 cs=1]
              RenderText {#text} at (2,2) size 51x18
                text run at (2,2) width 51: "img-cap"
            RenderTableCell {TD} at (101,5) size 86x40 [border: (1px inset #808080)] [r=0 c=1 rs=2 cs=1]
              RenderText {#text} at (2,2) size 78x18
                text run at (2,2) width 78: "img-features"
              RenderBR {BR} at (80,19) size 0x0
              RenderText {#text} at (2,20) size 82x18
                text run at (2,20) width 82: "img-holidays"
              RenderBR {BR} at (84,37) size 0x0
          RenderTableRow {TR} at (0,26) size 189x22
            RenderTableCell {TD} at (2,26) size 97x22 [border: (1px inset #808080)] [r=1 c=0 rs=1 cs=1]
              RenderText {#text} at (2,2) size 93x18
                text run at (2,2) width 93: "img-projo.com"
