layer at (0,0) size 785x11400
  RenderView at (0,0) size 785x600
layer at (0,0) size 785x11400
  RenderBlock {HTML} at (0,0) size 785x11401
    RenderBody {BODY} at (8,8) size 769x11385
      RenderTable {TABLE} at (0,0) size 739x11385 [border: (1px outset #808080)]
        RenderTableSection {TBODY} at (1,1) size 737x11383
          RenderTableRow {TR} at (0,2) size 737x11379
            RenderTableCell {TD} at (2,2) size 12x22 [border: (1px inset #808080)] [r=0 c=0 rs=1 cs=1]
              RenderText {#text} at (2,2) size 8x18
                text run at (2,2) width 8: "x"
            RenderTableCell {TD} at (16,2) size 719x11379 [border: (1px inset #808080)] [r=0 c=1 rs=1 cs=1]
              RenderBlock (anonymous) at (2,2) size 715x0
                RenderInline {FONT} at (0,0) size 0x0
                  RenderText {#text} at (0,0) size 0x0
              RenderBlock (anonymous) at (2,2) size 715x52
                RenderTable {TABLE} at (0,0) size 566x52 [border: (1px outset #808080)]
                  RenderTableSection {TBODY} at (1,1) size 564x50
                    RenderTableRow {TR} at (0,2) size 564x22
                      RenderTableCell {TD} at (2,2) size 111x22 [border: (1px inset #808080)] [r=0 c=0 rs=1 cs=1]
                        RenderText {#text} at (2,2) size 4x17
                          text run at (2,2) width 4: " "
                      RenderTableCell {TD} at (115,2) size 447x4 [border: (1px inset #808080)] [r=0 c=1 rs=1 cs=1]
                    RenderTableRow {TR} at (0,26) size 564x22
                      RenderTableCell {TD} at (2,26) size 111x22 [border: (1px inset #808080)] [r=1 c=0 rs=1 cs=1]
                        RenderText {#text} at (2,2) size 107x17
                          text run at (2,2) width 107: "Search again..."
              RenderBlock (anonymous) at (2,54) size 715x15
                RenderInline {FONT} at (0,0) size 715x15
                  RenderText {#text} at (0,0) size 715x15
                    text run at (0,0) width 332: "This text node only exists once in the original document! "
                    text run at (332,0) width 307: "If it were a large collection of inlines, the page would "
                    text run at (639,0) width 76: "hang forever."
                  RenderInline {A} at (0,0) size 0x0
              RenderBlock (anonymous) at (2,85) size 715x11292
                RenderBlock {H2} at (0,0) size 715x23
                  RenderInline {A} at (0,0) size 169x22
                    RenderText {#text} at (0,0) size 169x22
                      text run at (0,0) width 169: "Table of Contents"
                RenderBlock {P} at (0,39) size 715x151
                  RenderInline {B} at (0,0) size 76x15
                    RenderInline {A} at (0,0) size 76x15 [color=#0000EE]
                      RenderText {#text} at (0,0) size 76x15
                        text run at (0,0) width 76: "Introduction"
                  RenderBR {BR} at (76,12) size 0x0
                  RenderBR {BR} at (0,15) size 0x15
                  RenderInline {A} at (0,0) size 160x15 [color=#0000EE]
                    RenderText {#text} at (0,30) size 160x15
                      text run at (0,30) width 160: "Who Should Use This Book"
                  RenderText {#text} at (160,30) size 4x15
                    text run at (160,30) width 4: " "
                  RenderBR {BR} at (164,42) size 0x0
                  RenderInline {A} at (0,0) size 134x15 [color=#0000EE]
                    RenderText {#text} at (0,45) size 134x15
                      text run at (0,45) width 134: "How To Use This Book"
                  RenderText {#text} at (134,45) size 4x15
                    text run at (134,45) width 4: " "
                  RenderBR {BR} at (138,57) size 0x0
                  RenderInline {A} at (0,0) size 166x15 [color=#0000EE]
                    RenderText {#text} at (0,60) size 166x15
                      text run at (0,60) width 166: "How This Book is Structured"
                  RenderText {#text} at (166,60) size 4x15
                    text run at (166,60) width 4: " "
                  RenderBR {BR} at (170,72) size 0x0
                  RenderInline {A} at (0,0) size 200x15 [color=#0000EE]
                    RenderText {#text} at (0,75) size 200x15
                      text run at (0,75) width 200: "How to Read the Syntax Diagrams"
                  RenderText {#text} at (200,75) size 4x15
                    text run at (200,75) width 4: " "
                  RenderBR {BR} at (204,87) size 0x0
                  RenderInline {A} at (0,0) size 195x15 [color=#0000EE]
                    RenderText {#text} at (0,90) size 195x15
                      text run at (0,90) width 195: "Conventions Used in This Manual"
                  RenderText {#text} at (195,90) size 4x15
                    text run at (195,90) width 4: " "
                  RenderBR {BR} at (199,102) size 0x0
                  RenderInline {A} at (0,0) size 93x15 [color=#0000EE]
                    RenderText {#text} at (0,105) size 93x15
                      text run at (0,105) width 93: "Error Conditions"
                  RenderText {#text} at (93,105) size 4x15
                    text run at (93,105) width 4: " "
                  RenderBR {BR} at (97,117) size 0x0
                  RenderInline {A} at (0,0) size 143x15 [color=#0000EE]
                    RenderText {#text} at (0,120) size 143x15
                      text run at (0,120) width 143: "Highlighting Conventions"
                  RenderText {#text} at (143,120) size 4x15
                    text run at (143,120) width 4: " "
                  RenderBR {BR} at (147,132) size 0x0
                  RenderInline {A} at (0,0) size 217x15 [color=#0000EE]
                    RenderText {#text} at (0,135) size 217x15
                      text run at (0,135) width 217: "Related Documentation for This Book"
                  RenderText {#text} at (0,0) size 0x0
                RenderBlock {P} at (0,202) size 715x991
                  RenderInline {B} at (0,0) size 58x15
                    RenderInline {A} at (0,0) size 58x15 [color=#0000EE]
                      RenderText {#text} at (0,0) size 58x15
                        text run at (0,0) width 58: "Concepts"
                  RenderBR {BR} at (58,12) size 0x0
                  RenderBR {BR} at (0,15) size 0x15
                  RenderInline {A} at (0,0) size 116x15 [color=#0000EE]
                    RenderText {#text} at (0,30) size 116x15
                      text run at (0,30) width 116: "Relational Database"
                  RenderText {#text} at (116,30) size 4x15
                    text run at (116,30) width 4: " "
                  RenderBR {BR} at (120,42) size 0x0
                  RenderInline {A} at (0,0) size 197x15 [color=#0000EE]
                    RenderText {#text} at (0,45) size 197x15
                      text run at (0,45) width 197: "Structured Query Language (SQL)"
                  RenderText {#text} at (197,45) size 4x15
                    text run at (197,45) width 4: " "
                  RenderBR {BR} at (201,57) size 0x0
                  RenderInline {A} at (0,0) size 92x15 [color=#0000EE]
                    RenderText {#text} at (0,60) size 92x15
                      text run at (0,60) width 92: "Embedded SQL"
                  RenderText {#text} at (92,60) size 4x15
                    text run at (92,60) width 4: " "
                  RenderBR {BR} at (96,72) size 0x0
                  RenderInline {A} at (0,0) size 64x15 [color=#0000EE]
                    RenderText {#text} at (0,75) size 64x15
                      text run at (0,75) width 64: "Static SQL"
                  RenderText {#text} at (64,75) size 4x15
                    text run at (64,75) width 4: " "
                  RenderBR {BR} at (68,87) size 0x0
                  RenderInline {A} at (0,0) size 81x15 [color=#0000EE]
                    RenderText {#text} at (0,90) size 81x15
                      text run at (0,90) width 81: "Dynamic SQL"
                  RenderText {#text} at (81,90) size 4x15
                    text run at (81,90) width 4: " "
                  RenderBR {BR} at (85,102) size 0x0
                  RenderInline {A} at (0,0) size 405x15 [color=#0000EE]
                    RenderText {#text} at (0,105) size 405x15
                      text run at (0,105) width 405: "DB2 Call Level Interface (CLI) & Open Database Connectivity (ODBC)"
                  RenderText {#text} at (405,105) size 4x15
                    text run at (405,105) width 4: " "
                  RenderBR {BR} at (409,117) size 0x0
                  RenderInline {A} at (0,0) size 486x15 [color=#0000EE]
                    RenderText {#text} at (0,120) size 486x15
                      text run at (0,120) width 486: "Java Database Connectivity (JDBC) and Embedded SQL for Java (SQLJ) Programs"
                  RenderText {#text} at (486,120) size 4x15
                    text run at (486,120) width 4: " "
                  RenderBR {BR} at (490,132) size 0x0
                  RenderInline {A} at (0,0) size 91x15 [color=#0000EE]
                    RenderText {#text} at (0,135) size 91x15
                      text run at (0,135) width 91: "Interactive SQL"
                  RenderText {#text} at (91,135) size 4x15
                    text run at (91,135) width 4: " "
                  RenderBR {BR} at (95,147) size 0x0
                  RenderInline {A} at (0,0) size 55x15 [color=#0000EE]
                    RenderText {#text} at (0,150) size 55x15
                      text run at (0,150) width 55: "Schemas"
                  RenderText {#text} at (55,150) size 4x15
                    text run at (55,150) width 4: " "
                  RenderBR {BR} at (59,162) size 0x0
                  RenderInline {A} at (0,0) size 162x15 [color=#0000EE]
                    RenderText {#text} at (0,165) size 162x15
                      text run at (0,165) width 162: "Controlling Use of Schemas"
                  RenderText {#text} at (162,165) size 4x15
                    text run at (162,165) width 4: " "
                  RenderBR {BR} at (166,177) size 0x0
                  RenderInline {A} at (0,0) size 39x15 [color=#0000EE]
                    RenderText {#text} at (0,180) size 39x15
                      text run at (0,180) width 39: "Tables"
                  RenderText {#text} at (39,180) size 4x15
                    text run at (39,180) width 4: " "
                  RenderBR {BR} at (43,192) size 0x0
                  RenderInline {A} at (0,0) size 35x15 [color=#0000EE]
                    RenderText {#text} at (0,195) size 35x15
                      text run at (0,195) width 35: "Views"
                  RenderText {#text} at (35,195) size 4x15
                    text run at (35,195) width 4: " "
                  RenderBR {BR} at (39,207) size 0x0
                  RenderInline {A} at (0,0) size 43x15 [color=#0000EE]
                    RenderText {#text} at (0,210) size 43x15
                      text run at (0,210) width 43: "Aliases"
                  RenderText {#text} at (43,210) size 4x15
                    text run at (43,210) width 4: " "
                  RenderBR {BR} at (47,222) size 0x0
                  RenderInline {A} at (0,0) size 46x15 [color=#0000EE]
                    RenderText {#text} at (0,225) size 46x15
                      text run at (0,225) width 46: "Indexes"
                  RenderText {#text} at (46,225) size 4x15
                    text run at (46,225) width 4: " "
                  RenderBR {BR} at (50,237) size 0x0
                  RenderInline {A} at (0,0) size 30x15 [color=#0000EE]
                    RenderText {#text} at (0,240) size 30x15
                      text run at (0,240) width 30: "Keys"
                  RenderText {#text} at (30,240) size 4x15
                    text run at (30,240) width 4: " "
                  RenderBR {BR} at (34,252) size 0x0
                  RenderInline {A} at (0,0) size 74x15 [color=#0000EE]
                    RenderText {#text} at (0,255) size 74x15
                      text run at (0,255) width 74: "Unique Keys"
                  RenderText {#text} at (74,255) size 4x15
                    text run at (74,255) width 4: " "
                  RenderBR {BR} at (78,267) size 0x0
                  RenderInline {A} at (0,0) size 79x15 [color=#0000EE]
                    RenderText {#text} at (0,270) size 79x15
                      text run at (0,270) width 79: "Primary Keys"
                  RenderText {#text} at (79,270) size 4x15
                    text run at (79,270) width 4: " "
                  RenderBR {BR} at (83,282) size 0x0
                  RenderInline {A} at (0,0) size 77x15 [color=#0000EE]
                    RenderText {#text} at (0,285) size 77x15
                      text run at (0,285) width 77: "Foreign Keys"
                  RenderText {#text} at (77,285) size 4x15
                    text run at (77,285) width 4: " "
                  RenderBR {BR} at (81,297) size 0x0
                  RenderInline {A} at (0,0) size 99x15 [color=#0000EE]
                    RenderText {#text} at (0,300) size 99x15
                      text run at (0,300) width 99: "Partitioning Keys"
                  RenderText {#text} at (99,300) size 4x15
                    text run at (99,300) width 4: " "
                  RenderBR {BR} at (103,312) size 0x0
                  RenderInline {A} at (0,0) size 66x15 [color=#0000EE]
                    RenderText {#text} at (0,315) size 66x15
                      text run at (0,315) width 66: "Constraints"
                  RenderText {#text} at (66,315) size 4x15
                    text run at (66,315) width 4: " "
                  RenderBR {BR} at (70,327) size 0x0
                  RenderInline {A} at (0,0) size 110x15 [color=#0000EE]
                    RenderText {#text} at (0,330) size 110x15
                      text run at (0,330) width 110: "Unique Constraints"
                  RenderText {#text} at (110,330) size 4x15
                    text run at (110,330) width 4: " "
                  RenderBR {BR} at (114,342) size 0x0
                  RenderInline {A} at (0,0) size 132x15 [color=#0000EE]
                    RenderText {#text} at (0,345) size 132x15
                      text run at (0,345) width 132: "Referential Constraints"
                  RenderText {#text} at (132,345) size 4x15
                    text run at (132,345) width 4: " "
                  RenderBR {BR} at (136,357) size 0x0
                  RenderInline {A} at (0,0) size 143x15 [color=#0000EE]
                    RenderText {#text} at (0,360) size 143x15
                      text run at (0,360) width 143: "Table Check Constraints"
                  RenderText {#text} at (143,360) size 4x15
                    text run at (143,360) width 4: " "
                  RenderBR {BR} at (147,372) size 0x0
                  RenderInline {A} at (0,0) size 47x15 [color=#0000EE]
                    RenderText {#text} at (0,375) size 47x15
                      text run at (0,375) width 47: "Triggers"
                  RenderText {#text} at (47,375) size 4x15
                    text run at (47,375) width 4: " "
                  RenderBR {BR} at (51,387) size 0x0
                  RenderInline {A} at (0,0) size 88x15 [color=#0000EE]
                    RenderText {#text} at (0,390) size 88x15
                      text run at (0,390) width 88: "Event Monitors"
                  RenderText {#text} at (88,390) size 4x15
                    text run at (88,390) width 4: " "
                  RenderBR {BR} at (92,402) size 0x0
                  RenderInline {A} at (0,0) size 45x15 [color=#0000EE]
                    RenderText {#text} at (0,405) size 45x15
                      text run at (0,405) width 45: "Queries"
                  RenderText {#text} at (45,405) size 4x15
                    text run at (45,405) width 4: " "
                  RenderBR {BR} at (49,417) size 0x0
                  RenderInline {A} at (0,0) size 108x15 [color=#0000EE]
                    RenderText {#text} at (0,420) size 108x15
                      text run at (0,420) width 108: "Table Expressions"
                  RenderText {#text} at (108,420) size 4x15
                    text run at (108,420) width 4: " "
                  RenderBR {BR} at (112,432) size 0x0
                  RenderInline {A} at (0,0) size 164x15 [color=#0000EE]
                    RenderText {#text} at (0,435) size 164x15
                      text run at (0,435) width 164: "Common Table Expressions"
                  RenderText {#text} at (164,435) size 4x15
                    text run at (164,435) width 4: " "
                  RenderBR {BR} at (168,447) size 0x0
                  RenderInline {A} at (0,0) size 58x15 [color=#0000EE]
                    RenderText {#text} at (0,450) size 58x15
                      text run at (0,450) width 58: "Packages"
                  RenderText {#text} at (58,450) size 4x15
                    text run at (58,450) width 4: " "
                  RenderBR {BR} at (62,462) size 0x0
                  RenderInline {A} at (0,0) size 83x15 [color=#0000EE]
                    RenderText {#text} at (0,465) size 83x15
                      text run at (0,465) width 83: "Catalog Views"
                  RenderText {#text} at (83,465) size 4x15
                    text run at (83,465) width 4: " "
                  RenderBR {BR} at (87,477) size 0x0
                  RenderInline {A} at (0,0) size 299x15 [color=#0000EE]
                    RenderText {#text} at (0,480) size 299x15
                      text run at (0,480) width 299: "Application Processes, Concurrency, and Recovery"
                  RenderText {#text} at (299,480) size 4x15
                    text run at (299,480) width 4: " "
                  RenderBR {BR} at (303,492) size 0x0
                  RenderInline {A} at (0,0) size 84x15 [color=#0000EE]
                    RenderText {#text} at (0,495) size 84x15
                      text run at (0,495) width 84: "Isolation Level"
                  RenderText {#text} at (84,495) size 4x15
                    text run at (84,495) width 4: " "
                  RenderBR {BR} at (88,507) size 0x0
                  RenderInline {A} at (0,0) size 129x15 [color=#0000EE]
                    RenderText {#text} at (0,510) size 129x15
                      text run at (0,510) width 129: "Repeatable Read (RR)"
                  RenderText {#text} at (129,510) size 4x15
                    text run at (129,510) width 4: " "
                  RenderBR {BR} at (133,522) size 0x0
                  RenderInline {A} at (0,0) size 111x15 [color=#0000EE]
                    RenderText {#text} at (0,525) size 111x15
                      text run at (0,525) width 111: "Read Stability (RS)"
                  RenderText {#text} at (111,525) size 4x15
                    text run at (111,525) width 4: " "
                  RenderBR {BR} at (115,537) size 0x0
                  RenderInline {A} at (0,0) size 119x15 [color=#0000EE]
                    RenderText {#text} at (0,540) size 119x15
                      text run at (0,540) width 119: "Cursor Stability (CS)"
                  RenderText {#text} at (119,540) size 4x15
                    text run at (119,540) width 4: " "
                  RenderBR {BR} at (123,552) size 0x0
                  RenderInline {A} at (0,0) size 141x15 [color=#0000EE]
                    RenderText {#text} at (0,555) size 141x15
                      text run at (0,555) width 141: "Uncommitted Read (UR)"
                  RenderText {#text} at (141,555) size 4x15
                    text run at (141,555) width 4: " "
                  RenderBR {BR} at (145,567) size 0x0
                  RenderInline {A} at (0,0) size 179x15 [color=#0000EE]
                    RenderText {#text} at (0,570) size 179x15
                      text run at (0,570) width 179: "Comparison of Isolation Levels"
                  RenderText {#text} at (179,570) size 4x15
                    text run at (179,570) width 4: " "
                  RenderBR {BR} at (183,582) size 0x0
                  RenderInline {A} at (0,0) size 182x15 [color=#0000EE]
                    RenderText {#text} at (0,585) size 182x15
                      text run at (0,585) width 182: "Distributed Relational Database"
                  RenderText {#text} at (182,585) size 4x15
                    text run at (182,585) width 4: " "
                  RenderBR {BR} at (186,597) size 0x0
                  RenderInline {A} at (0,0) size 113x15 [color=#0000EE]
                    RenderText {#text} at (0,600) size 113x15
                      text run at (0,600) width 113: "Application Servers"
                  RenderText {#text} at (113,600) size 4x15
                    text run at (113,600) width 4: " "
                  RenderBR {BR} at (117,612) size 0x0
                  RenderInline {A} at (0,0) size 259x15 [color=#0000EE]
                    RenderText {#text} at (0,615) size 259x15
                      text run at (0,615) width 259: "CONNECT (Type 1) and CONNECT (Type 2)"
                  RenderText {#text} at (259,615) size 4x15
                    text run at (259,615) width 4: " "
                  RenderBR {BR} at (263,627) size 0x0
                  RenderInline {A} at (0,0) size 121x15 [color=#0000EE]
                    RenderText {#text} at (0,630) size 121x15
                      text run at (0,630) width 121: "Remote Unit of Work"
                  RenderText {#text} at (121,630) size 4x15
                    text run at (121,630) width 4: " "
                  RenderBR {BR} at (125,642) size 0x0
                  RenderInline {A} at (0,0) size 258x15 [color=#0000EE]
                    RenderText {#text} at (0,645) size 258x15
                      text run at (0,645) width 258: "Application-Directed Distributed Unit of Work"
                  RenderText {#text} at (258,645) size 4x15
                    text run at (258,645) width 4: " "
                  RenderBR {BR} at (262,657) size 0x0
                  RenderInline {A} at (0,0) size 208x15 [color=#0000EE]
                    RenderText {#text} at (0,660) size 208x15
                      text run at (0,660) width 208: "Data Representation Considerations"
                  RenderText {#text} at (208,660) size 4x15
                    text run at (208,660) width 4: " "
                  RenderBR {BR} at (212,672) size 0x0
                  RenderInline {A} at (0,0) size 143x15 [color=#0000EE]
                    RenderText {#text} at (0,675) size 143x15
                      text run at (0,675) width 143: "DB2 Federated Systems"
                  RenderText {#text} at (143,675) size 4x15
                    text run at (143,675) width 4: " "
                  RenderBR {BR} at (147,687) size 0x0
                  RenderInline {A} at (0,0) size 363x15 [color=#0000EE]
                    RenderText {#text} at (0,690) size 363x15
                      text run at (0,690) width 363: "The Federated Server, Federated Database, and Data Sources"
                  RenderText {#text} at (363,690) size 4x15
                    text run at (363,690) width 4: " "
                  RenderBR {BR} at (367,702) size 0x0
                  RenderInline {A} at (0,0) size 266x15 [color=#0000EE]
                    RenderText {#text} at (0,705) size 266x15
                      text run at (0,705) width 266: "Tasks to Perform in a DB2 Federated System"
                  RenderText {#text} at (266,705) size 4x15
                    text run at (266,705) width 4: " "
                  RenderBR {BR} at (270,717) size 0x0
                  RenderInline {A} at (0,0) size 185x15 [color=#0000EE]
                    RenderText {#text} at (0,720) size 185x15
                      text run at (0,720) width 185: "Wrappers and Wrapper Modules"
                  RenderText {#text} at (185,720) size 4x15
                    text run at (185,720) width 4: " "
                  RenderBR {BR} at (189,732) size 0x0
                  RenderInline {A} at (0,0) size 219x15 [color=#0000EE]
                    RenderText {#text} at (0,735) size 219x15
                      text run at (0,735) width 219: "Server Definitions and Server Options"
                  RenderText {#text} at (219,735) size 4x15
                    text run at (219,735) width 4: " "
                  RenderBR {BR} at (223,747) size 0x0
                  RenderInline {A} at (0,0) size 192x15 [color=#0000EE]
                    RenderText {#text} at (0,750) size 192x15
                      text run at (0,750) width 192: "User Mappings and User Options"
                  RenderText {#text} at (192,750) size 4x15
                    text run at (192,750) width 4: " "
                  RenderBR {BR} at (196,762) size 0x0
                  RenderInline {A} at (0,0) size 120x15 [color=#0000EE]
                    RenderText {#text} at (0,765) size 120x15
                      text run at (0,765) width 120: "Data Type Mappings"
                  RenderText {#text} at (120,765) size 4x15
                    text run at (120,765) width 4: " "
                  RenderBR {BR} at (124,777) size 0x0
                  RenderInline {A} at (0,0) size 418x15 [color=#0000EE]
                    RenderText {#text} at (0,780) size 418x15
                      text run at (0,780) width 418: "Function Mappings, Function Templates, and Function Mapping Options"
                  RenderText {#text} at (418,780) size 4x15
                    text run at (418,780) width 4: " "
                  RenderBR {BR} at (422,792) size 0x0
                  RenderInline {A} at (0,0) size 187x15 [color=#0000EE]
                    RenderText {#text} at (0,795) size 187x15
                      text run at (0,795) width 187: "Nicknames and Column Options"
                  RenderText {#text} at (187,795) size 4x15
                    text run at (187,795) width 4: " "
                  RenderBR {BR} at (191,807) size 0x0
                  RenderInline {A} at (0,0) size 118x15 [color=#0000EE]
                    RenderText {#text} at (0,810) size 118x15
                      text run at (0,810) width 118: "Index Specifications"
                  RenderText {#text} at (118,810) size 4x15
                    text run at (118,810) width 4: " "
                  RenderBR {BR} at (122,822) size 0x0
                  RenderInline {A} at (0,0) size 121x15 [color=#0000EE]
                    RenderText {#text} at (0,825) size 121x15
                      text run at (0,825) width 121: "Distributed Requests"
                  RenderText {#text} at (121,825) size 4x15
                    text run at (121,825) width 4: " "
                  RenderBR {BR} at (125,837) size 0x0
                  RenderInline {A} at (0,0) size 83x15 [color=#0000EE]
                    RenderText {#text} at (0,840) size 83x15
                      text run at (0,840) width 83: "Compensation"
                  RenderText {#text} at (83,840) size 4x15
                    text run at (83,840) width 4: " "
                  RenderBR {BR} at (87,852) size 0x0
                  RenderInline {A} at (0,0) size 81x15 [color=#0000EE]
                    RenderText {#text} at (0,855) size 81x15
                      text run at (0,855) width 81: "Pass-Through"
                  RenderText {#text} at (81,855) size 4x15
                    text run at (81,855) width 4: " "
                  RenderBR {BR} at (85,867) size 0x0
                  RenderInline {A} at (0,0) size 125x15 [color=#0000EE]
                    RenderText {#text} at (0,870) size 125x15
                      text run at (0,870) width 125: "Character Conversion"
                  RenderText {#text} at (125,870) size 4x15
                    text run at (125,870) width 4: " "
                  RenderBR {BR} at (129,882) size 0x0
                  RenderInline {A} at (0,0) size 187x15 [color=#0000EE]
                    RenderText {#text} at (0,885) size 187x15
                      text run at (0,885) width 187: "Character Sets and Code Pages"
                  RenderText {#text} at (187,885) size 4x15
                    text run at (187,885) width 4: " "
                  RenderBR {BR} at (191,897) size 0x0
                  RenderInline {A} at (0,0) size 124x15 [color=#0000EE]
                    RenderText {#text} at (0,900) size 124x15
                      text run at (0,900) width 124: "Code Page Attributes"
                  RenderText {#text} at (124,900) size 4x15
                    text run at (124,900) width 4: " "
                  RenderBR {BR} at (128,912) size 0x0
                  RenderInline {A} at (0,0) size 162x15 [color=#0000EE]
                    RenderText {#text} at (0,915) size 162x15
                      text run at (0,915) width 162: "Authorization and Privileges"
                  RenderText {#text} at (162,915) size 4x15
                    text run at (162,915) width 4: " "
                  RenderBR {BR} at (166,927) size 0x0
                  RenderInline {A} at (0,0) size 254x15 [color=#0000EE]
                    RenderText {#text} at (0,930) size 254x15
                      text run at (0,930) width 254: "Table Spaces and Other Storage Structures"
                  RenderText {#text} at (254,930) size 4x15
                    text run at (254,930) width 4: " "
                  RenderBR {BR} at (258,942) size 0x0
                  RenderInline {A} at (0,0) size 249x15 [color=#0000EE]
                    RenderText {#text} at (0,945) size 249x15
                      text run at (0,945) width 249: "Data Partitioning Across Multiple Partitions"
                  RenderText {#text} at (249,945) size 4x15
                    text run at (249,945) width 4: " "
                  RenderBR {BR} at (253,957) size 0x0
                  RenderInline {A} at (0,0) size 101x15 [color=#0000EE]
                    RenderText {#text} at (0,960) size 101x15
                      text run at (0,960) width 101: "Partitioning Maps"
                  RenderText {#text} at (101,960) size 4x15
                    text run at (101,960) width 4: " "
                  RenderBR {BR} at (105,972) size 0x0
                  RenderInline {A} at (0,0) size 100x15 [color=#0000EE]
                    RenderText {#text} at (0,975) size 100x15
                      text run at (0,975) width 100: "Table Collocation"
                  RenderText {#text} at (0,0) size 0x0
                RenderBlock {P} at (0,1205) size 715x1996
                  RenderInline {B} at (0,0) size 123x15
                    RenderInline {A} at (0,0) size 123x15 [color=#0000EE]
                      RenderText {#text} at (0,0) size 123x15
                        text run at (0,0) width 123: "Language Elements"
                  RenderBR {BR} at (123,12) size 0x0
                  RenderBR {BR} at (0,15) size 0x15
                  RenderInline {A} at (0,0) size 63x15 [color=#0000EE]
                    RenderText {#text} at (0,30) size 63x15
                      text run at (0,30) width 63: "Characters"
                  RenderText {#text} at (63,30) size 4x15
                    text run at (63,30) width 4: " "
                  RenderBR {BR} at (67,42) size 0x0
                  RenderInline {A} at (0,0) size 128x15 [color=#0000EE]
                    RenderText {#text} at (0,45) size 128x15
                      text run at (0,45) width 128: "MBCS Considerations"
                  RenderText {#text} at (128,45) size 4x15
                    text run at (128,45) width 4: " "
                  RenderBR {BR} at (132,57) size 0x0
                  RenderInline {A} at (0,0) size 43x15 [color=#0000EE]
                    RenderText {#text} at (0,60) size 43x15
                      text run at (0,60) width 43: "Tokens"
                  RenderText {#text} at (43,60) size 4x15
                    text run at (43,60) width 4: " "
                  RenderBR {BR} at (47,72) size 0x0
                  RenderInline {A} at (0,0) size 128x15 [color=#0000EE]
                    RenderText {#text} at (0,75) size 128x15
                      text run at (0,75) width 128: "MBCS Considerations"
                  RenderText {#text} at (128,75) size 4x15
                    text run at (128,75) width 4: " "
                  RenderBR {BR} at (132,87) size 0x0
                  RenderInline {A} at (0,0) size 57x15 [color=#0000EE]
                    RenderText {#text} at (0,90) size 57x15
                      text run at (0,90) width 57: "Identifiers"
                  RenderText {#text} at (57,90) size 4x15
                    text run at (57,90) width 4: " "
                  RenderBR {BR} at (61,102) size 0x0
                  RenderInline {A} at (0,0) size 87x15 [color=#0000EE]
                    RenderText {#text} at (0,105) size 87x15
                      text run at (0,105) width 87: "SQL Identifiers"
                  RenderText {#text} at (87,105) size 4x15
                    text run at (87,105) width 4: " "
                  RenderBR {BR} at (91,117) size 0x0
                  RenderInline {A} at (0,0) size 88x15 [color=#0000EE]
                    RenderText {#text} at (0,120) size 88x15
                      text run at (0,120) width 88: "Host Identifiers"
                  RenderText {#text} at (88,120) size 4x15
                    text run at (88,120) width 4: " "
                  RenderBR {BR} at (92,132) size 0x0
                  RenderInline {A} at (0,0) size 354x15 [color=#0000EE]
                    RenderText {#text} at (0,135) size 354x15
                      text run at (0,135) width 354: "Naming Conventions and Implicit Object Name Qualifications"
                  RenderText {#text} at (354,135) size 4x15
                    text run at (354,135) width 4: " "
                  RenderBR {BR} at (358,147) size 0x0
                  RenderInline {A} at (0,0) size 43x15 [color=#0000EE]
                    RenderText {#text} at (0,150) size 43x15
                      text run at (0,150) width 43: "Aliases"
                  RenderText {#text} at (43,150) size 4x15
                    text run at (43,150) width 4: " "
                  RenderBR {BR} at (47,162) size 0x0
                  RenderInline {A} at (0,0) size 246x15 [color=#0000EE]
                    RenderText {#text} at (0,165) size 246x15
                      text run at (0,165) width 246: "Authorization IDs and authorization-names"
                  RenderText {#text} at (246,165) size 4x15
                    text run at (246,165) width 4: " "
                  RenderBR {BR} at (250,177) size 0x0
                  RenderInline {A} at (0,0) size 238x15 [color=#0000EE]
                    RenderText {#text} at (0,180) size 238x15
                      text run at (0,180) width 238: "Dynamic SQL Characteristics at run-time"
                  RenderText {#text} at (238,180) size 4x15
                    text run at (238,180) width 4: " "
                  RenderBR {BR} at (242,192) size 0x0
                  RenderInline {A} at (0,0) size 259x15 [color=#0000EE]
                    RenderText {#text} at (0,195) size 259x15
                      text run at (0,195) width 259: "Authorization IDs and Statement Preparation"
                  RenderText {#text} at (259,195) size 4x15
                    text run at (259,195) width 4: " "
                  RenderBR {BR} at (263,207) size 0x0
                  RenderInline {A} at (0,0) size 67x15 [color=#0000EE]
                    RenderText {#text} at (0,210) size 67x15
                      text run at (0,210) width 67: "Data Types"
                  RenderText {#text} at (67,210) size 4x15
                    text run at (67,210) width 4: " "
                  RenderBR {BR} at (71,222) size 0x0
                  RenderInline {A} at (0,0) size 29x15 [color=#0000EE]
                    RenderText {#text} at (0,225) size 29x15
                      text run at (0,225) width 29: "Nulls"
                  RenderText {#text} at (29,225) size 4x15
                    text run at (29,225) width 4: " "
                  RenderBR {BR} at (33,237) size 0x0
                  RenderInline {A} at (0,0) size 126x15 [color=#0000EE]
                    RenderText {#text} at (0,240) size 126x15
                      text run at (0,240) width 126: "Large Objects (LOBs)"
                  RenderText {#text} at (126,240) size 4x15
                    text run at (126,240) width 4: " "
                  RenderBR {BR} at (130,252) size 0x0
                  RenderInline {A} at (0,0) size 101x15 [color=#0000EE]
                    RenderText {#text} at (0,255) size 101x15
                      text run at (0,255) width 101: "Character Strings"
                  RenderText {#text} at (101,255) size 4x15
                    text run at (101,255) width 4: " "
                  RenderBR {BR} at (105,267) size 0x0
                  RenderInline {A} at (0,0) size 90x15 [color=#0000EE]
                    RenderText {#text} at (0,270) size 90x15
                      text run at (0,270) width 90: "Graphic Strings"
                  RenderText {#text} at (90,270) size 4x15
                    text run at (90,270) width 4: " "
                  RenderBR {BR} at (94,282) size 0x0
                  RenderInline {A} at (0,0) size 75x15 [color=#0000EE]
                    RenderText {#text} at (0,285) size 75x15
                      text run at (0,285) width 75: "Binary String"
                  RenderText {#text} at (75,285) size 4x15
                    text run at (75,285) width 4: " "
                  RenderBR {BR} at (79,297) size 0x0
                  RenderInline {A} at (0,0) size 52x15 [color=#0000EE]
                    RenderText {#text} at (0,300) size 52x15
                      text run at (0,300) width 52: "Numbers"
                  RenderText {#text} at (52,300) size 4x15
                    text run at (52,300) width 4: " "
                  RenderBR {BR} at (56,312) size 0x0
                  RenderInline {A} at (0,0) size 96x15 [color=#0000EE]
                    RenderText {#text} at (0,315) size 96x15
                      text run at (0,315) width 96: "Datetime Values"
                  RenderText {#text} at (96,315) size 4x15
                    text run at (96,315) width 4: " "
                  RenderBR {BR} at (100,327) size 0x0
                  RenderInline {A} at (0,0) size 108x15 [color=#0000EE]
                    RenderText {#text} at (0,330) size 108x15
                      text run at (0,330) width 108: "DATALINK Values"
                  RenderText {#text} at (108,330) size 4x15
                    text run at (108,330) width 4: " "
                  RenderBR {BR} at (112,342) size 0x0
                  RenderInline {A} at (0,0) size 115x15 [color=#0000EE]
                    RenderText {#text} at (0,345) size 115x15
                      text run at (0,345) width 115: "User Defined Types"
                  RenderText {#text} at (115,345) size 4x15
                    text run at (115,345) width 4: " "
                  RenderBR {BR} at (119,357) size 0x0
                  RenderInline {A} at (0,0) size 145x15 [color=#0000EE]
                    RenderText {#text} at (0,360) size 145x15
                      text run at (0,360) width 145: "Promotion of Data Types"
                  RenderText {#text} at (145,360) size 4x15
                    text run at (145,360) width 4: " "
                  RenderBR {BR} at (149,372) size 0x0
                  RenderInline {A} at (0,0) size 169x15 [color=#0000EE]
                    RenderText {#text} at (0,375) size 169x15
                      text run at (0,375) width 169: "Casting Between Data Types"
                  RenderText {#text} at (169,375) size 4x15
                    text run at (169,375) width 4: " "
                  RenderBR {BR} at (173,387) size 0x0
                  RenderInline {A} at (0,0) size 181x15 [color=#0000EE]
                    RenderText {#text} at (0,390) size 181x15
                      text run at (0,390) width 181: "Assignments and Comparisons"
                  RenderText {#text} at (181,390) size 4x15
                    text run at (181,390) width 4: " "
                  RenderBR {BR} at (185,402) size 0x0
                  RenderInline {A} at (0,0) size 128x15 [color=#0000EE]
                    RenderText {#text} at (0,405) size 128x15
                      text run at (0,405) width 128: "Numeric Assignments"
                  RenderText {#text} at (128,405) size 4x15
                    text run at (128,405) width 4: " "
                  RenderBR {BR} at (132,417) size 0x0
                  RenderInline {A} at (0,0) size 114x15 [color=#0000EE]
                    RenderText {#text} at (0,420) size 114x15
                      text run at (0,420) width 114: "String Assignments"
                  RenderText {#text} at (114,420) size 4x15
                    text run at (114,420) width 4: " "
                  RenderBR {BR} at (118,432) size 0x0
                  RenderInline {A} at (0,0) size 132x15 [color=#0000EE]
                    RenderText {#text} at (0,435) size 132x15
                      text run at (0,435) width 132: "Datetime Assignments"
                  RenderText {#text} at (132,435) size 4x15
                    text run at (132,435) width 4: " "
                  RenderBR {BR} at (136,447) size 0x0
                  RenderInline {A} at (0,0) size 144x15 [color=#0000EE]
                    RenderText {#text} at (0,450) size 144x15
                      text run at (0,450) width 144: "DATALINK Assignments"
                  RenderText {#text} at (144,450) size 4x15
                    text run at (144,450) width 4: " "
                  RenderBR {BR} at (148,462) size 0x0
                  RenderInline {A} at (0,0) size 186x15 [color=#0000EE]
                    RenderText {#text} at (0,465) size 186x15
                      text run at (0,465) width 186: "User-defined Type Assignments"
                  RenderText {#text} at (186,465) size 4x15
                    text run at (186,465) width 4: " "
                  RenderBR {BR} at (190,477) size 0x0
                  RenderInline {A} at (0,0) size 172x15 [color=#0000EE]
                    RenderText {#text} at (0,480) size 172x15
                      text run at (0,480) width 172: "Reference Type Assignments"
                  RenderText {#text} at (172,480) size 4x15
                    text run at (172,480) width 4: " "
                  RenderBR {BR} at (176,492) size 0x0
                  RenderInline {A} at (0,0) size 128x15 [color=#0000EE]
                    RenderText {#text} at (0,495) size 128x15
                      text run at (0,495) width 128: "Numeric Comparisons"
                  RenderText {#text} at (128,495) size 4x15
                    text run at (128,495) width 4: " "
                  RenderBR {BR} at (132,507) size 0x0
                  RenderInline {A} at (0,0) size 114x15 [color=#0000EE]
                    RenderText {#text} at (0,510) size 114x15
                      text run at (0,510) width 114: "String Comparisons"
                  RenderText {#text} at (114,510) size 4x15
                    text run at (114,510) width 4: " "
                  RenderBR {BR} at (118,522) size 0x0
                  RenderInline {A} at (0,0) size 132x15 [color=#0000EE]
                    RenderText {#text} at (0,525) size 132x15
                      text run at (0,525) width 132: "Datetime Comparisons"
                  RenderText {#text} at (132,525) size 4x15
                    text run at (132,525) width 4: " "
                  RenderBR {BR} at (136,537) size 0x0
                  RenderInline {A} at (0,0) size 186x15 [color=#0000EE]
                    RenderText {#text} at (0,540) size 186x15
                      text run at (0,540) width 186: "User-defined Type Comparisons"
                  RenderText {#text} at (186,540) size 4x15
                    text run at (186,540) width 4: " "
                  RenderBR {BR} at (190,552) size 0x0
                  RenderInline {A} at (0,0) size 172x15 [color=#0000EE]
                    RenderText {#text} at (0,555) size 172x15
                      text run at (0,555) width 172: "Reference Type Comparisons"
                  RenderText {#text} at (172,555) size 4x15
                    text run at (172,555) width 4: " "
                  RenderBR {BR} at (176,567) size 0x0
                  RenderInline {A} at (0,0) size 164x15 [color=#0000EE]
                    RenderText {#text} at (0,570) size 164x15
                      text run at (0,570) width 164: "Rules for Result Data Types"
                  RenderText {#text} at (164,570) size 4x15
                    text run at (164,570) width 4: " "
                  RenderBR {BR} at (168,582) size 0x0
                  RenderInline {A} at (0,0) size 101x15 [color=#0000EE]
                    RenderText {#text} at (0,585) size 101x15
                      text run at (0,585) width 101: "Character Strings"
                  RenderText {#text} at (101,585) size 4x15
                    text run at (101,585) width 4: " "
                  RenderBR {BR} at (105,597) size 0x0
                  RenderInline {A} at (0,0) size 90x15 [color=#0000EE]
                    RenderText {#text} at (0,600) size 90x15
                      text run at (0,600) width 90: "Graphic Strings"
                  RenderText {#text} at (90,600) size 4x15
                    text run at (90,600) width 4: " "
                  RenderBR {BR} at (94,612) size 0x0
                  RenderInline {A} at (0,0) size 162x15 [color=#0000EE]
                    RenderText {#text} at (0,615) size 162x15
                      text run at (0,615) width 162: "Binary Large Object (BLOB)"
                  RenderText {#text} at (162,615) size 4x15
                    text run at (162,615) width 4: " "
                  RenderBR {BR} at (166,627) size 0x0
                  RenderInline {A} at (0,0) size 48x15 [color=#0000EE]
                    RenderText {#text} at (0,630) size 48x15
                      text run at (0,630) width 48: "Numeric"
                  RenderText {#text} at (48,630) size 4x15
                    text run at (48,630) width 4: " "
                  RenderBR {BR} at (52,642) size 0x0
                  RenderInline {A} at (0,0) size 35x15 [color=#0000EE]
                    RenderText {#text} at (0,645) size 35x15
                      text run at (0,645) width 35: "DATE"
                  RenderText {#text} at (35,645) size 4x15
                    text run at (35,645) width 4: " "
                  RenderBR {BR} at (39,657) size 0x0
                  RenderInline {A} at (0,0) size 32x15 [color=#0000EE]
                    RenderText {#text} at (0,660) size 32x15
                      text run at (0,660) width 32: "TIME"
                  RenderText {#text} at (32,660) size 4x15
                    text run at (32,660) width 4: " "
                  RenderBR {BR} at (36,672) size 0x0
                  RenderInline {A} at (0,0) size 78x15 [color=#0000EE]
                    RenderText {#text} at (0,675) size 78x15
                      text run at (0,675) width 78: "TIMESTAMP"
                  RenderText {#text} at (78,675) size 4x15
                    text run at (78,675) width 4: " "
                  RenderBR {BR} at (82,687) size 0x0
                  RenderInline {A} at (0,0) size 64x15 [color=#0000EE]
                    RenderText {#text} at (0,690) size 64x15
                      text run at (0,690) width 64: "DATALINK"
                  RenderText {#text} at (64,690) size 4x15
                    text run at (64,690) width 4: " "
                  RenderBR {BR} at (68,702) size 0x0
                  RenderInline {A} at (0,0) size 113x15 [color=#0000EE]
                    RenderText {#text} at (0,705) size 113x15
                      text run at (0,705) width 113: "User-defined Types"
                  RenderText {#text} at (113,705) size 4x15
                    text run at (113,705) width 4: " "
                  RenderBR {BR} at (117,717) size 0x0
                  RenderInline {A} at (0,0) size 155x15 [color=#0000EE]
                    RenderText {#text} at (0,720) size 155x15
                      text run at (0,720) width 155: "Nullable Attribute of Result"
                  RenderText {#text} at (155,720) size 4x15
                    text run at (155,720) width 4: " "
                  RenderBR {BR} at (159,732) size 0x0
                  RenderInline {A} at (0,0) size 166x15 [color=#0000EE]
                    RenderText {#text} at (0,735) size 166x15
                      text run at (0,735) width 166: "Rules for String Conversions"
                  RenderText {#text} at (166,735) size 4x15
                    text run at (166,735) width 4: " "
                  RenderBR {BR} at (170,747) size 0x0
                  RenderInline {A} at (0,0) size 127x15 [color=#0000EE]
                    RenderText {#text} at (0,750) size 127x15
                      text run at (0,750) width 127: "Partition Compatibility"
                  RenderText {#text} at (127,750) size 4x15
                    text run at (127,750) width 4: " "
                  RenderBR {BR} at (131,762) size 0x0
                  RenderInline {A} at (0,0) size 59x15 [color=#0000EE]
                    RenderText {#text} at (0,765) size 59x15
                      text run at (0,765) width 59: "Constants"
                  RenderText {#text} at (59,765) size 4x15
                    text run at (59,765) width 4: " "
                  RenderBR {BR} at (63,777) size 0x0
                  RenderInline {A} at (0,0) size 103x15 [color=#0000EE]
                    RenderText {#text} at (0,780) size 103x15
                      text run at (0,780) width 103: "Integer Constants"
                  RenderText {#text} at (103,780) size 4x15
                    text run at (103,780) width 4: " "
                  RenderBR {BR} at (107,792) size 0x0
                  RenderInline {A} at (0,0) size 143x15 [color=#0000EE]
                    RenderText {#text} at (0,795) size 143x15
                      text run at (0,795) width 143: "Floating-Point Constants"
                  RenderText {#text} at (143,795) size 4x15
                    text run at (143,795) width 4: " "
                  RenderBR {BR} at (147,807) size 0x0
                  RenderInline {A} at (0,0) size 110x15 [color=#0000EE]
                    RenderText {#text} at (0,810) size 110x15
                      text run at (0,810) width 110: "Decimal Constants"
                  RenderText {#text} at (110,810) size 4x15
                    text run at (110,810) width 4: " "
                  RenderBR {BR} at (114,822) size 0x0
                  RenderInline {A} at (0,0) size 157x15 [color=#0000EE]
                    RenderText {#text} at (0,825) size 157x15
                      text run at (0,825) width 157: "Character String Constants"
                  RenderText {#text} at (157,825) size 4x15
                    text run at (157,825) width 4: " "
                  RenderBR {BR} at (161,837) size 0x0
                  RenderInline {A} at (0,0) size 138x15 [color=#0000EE]
                    RenderText {#text} at (0,840) size 138x15
                      text run at (0,840) width 138: "Hexadecimal Constants"
                  RenderText {#text} at (138,840) size 4x15
                    text run at (138,840) width 4: " "
                  RenderBR {BR} at (142,852) size 0x0
                  RenderInline {A} at (0,0) size 146x15 [color=#0000EE]
                    RenderText {#text} at (0,855) size 146x15
                      text run at (0,855) width 146: "Graphic String Constants"
                  RenderText {#text} at (146,855) size 4x15
                    text run at (146,855) width 4: " "
                  RenderBR {BR} at (150,867) size 0x0
                  RenderInline {A} at (0,0) size 240x15 [color=#0000EE]
                    RenderText {#text} at (0,870) size 240x15
                      text run at (0,870) width 240: "Using Constants with User-defined Types"
                  RenderText {#text} at (240,870) size 4x15
                    text run at (240,870) width 4: " "
                  RenderBR {BR} at (244,882) size 0x0
                  RenderInline {A} at (0,0) size 102x15 [color=#0000EE]
                    RenderText {#text} at (0,885) size 102x15
                      text run at (0,885) width 102: "Special Registers"
                  RenderText {#text} at (102,885) size 4x15
                    text run at (102,885) width 4: " "
                  RenderBR {BR} at (106,897) size 0x0
                  RenderInline {A} at (0,0) size 101x15 [color=#0000EE]
                    RenderText {#text} at (0,900) size 101x15
                      text run at (0,900) width 101: "CURRENT DATE"
                  RenderText {#text} at (101,900) size 4x15
                    text run at (101,900) width 4: " "
                  RenderBR {BR} at (105,912) size 0x0
                  RenderInline {A} at (0,0) size 262x15 [color=#0000EE]
                    RenderText {#text} at (0,915) size 262x15
                      text run at (0,915) width 262: "CURRENT DEFAULT TRANSFORM GROUP"
                  RenderText {#text} at (262,915) size 4x15
                    text run at (262,915) width 4: " "
                  RenderBR {BR} at (266,927) size 0x0
                  RenderInline {A} at (0,0) size 121x15 [color=#0000EE]
                    RenderText {#text} at (0,930) size 121x15
                      text run at (0,930) width 121: "CURRENT DEGREE"
                  RenderText {#text} at (121,930) size 4x15
                    text run at (121,930) width 4: " "
                  RenderBR {BR} at (125,942) size 0x0
                  RenderInline {A} at (0,0) size 165x15 [color=#0000EE]
                    RenderText {#text} at (0,945) size 165x15
                      text run at (0,945) width 165: "CURRENT EXPLAIN MODE"
                  RenderText {#text} at (165,945) size 4x15
                    text run at (165,945) width 4: " "
                  RenderBR {BR} at (169,957) size 0x0
                  RenderInline {A} at (0,0) size 198x15 [color=#0000EE]
                    RenderText {#text} at (0,960) size 198x15
                      text run at (0,960) width 198: "CURRENT EXPLAIN SNAPSHOT"
                  RenderText {#text} at (198,960) size 4x15
                    text run at (198,960) width 4: " "
                  RenderBR {BR} at (202,972) size 0x0
                  RenderInline {A} at (0,0) size 103x15 [color=#0000EE]
                    RenderText {#text} at (0,975) size 103x15
                      text run at (0,975) width 103: "CURRENT NODE"
                  RenderText {#text} at (103,975) size 4x15
                    text run at (103,975) width 4: " "
                  RenderBR {BR} at (107,987) size 0x0
                  RenderInline {A} at (0,0) size 101x15 [color=#0000EE]
                    RenderText {#text} at (0,990) size 101x15
                      text run at (0,990) width 101: "CURRENT PATH"
                  RenderText {#text} at (101,990) size 4x15
                    text run at (101,990) width 4: " "
                  RenderBR {BR} at (105,1002) size 0x0
                  RenderInline {A} at (0,0) size 210x15 [color=#0000EE]
                    RenderText {#text} at (0,1005) size 210x15
                      text run at (0,1005) width 210: "CURRENT QUERY OPTIMIZATION"
                  RenderText {#text} at (210,1005) size 4x15
                    text run at (210,1005) width 4: " "
                  RenderBR {BR} at (214,1017) size 0x0
                  RenderInline {A} at (0,0) size 160x15 [color=#0000EE]
                    RenderText {#text} at (0,1020) size 160x15
                      text run at (0,1020) width 160: "CURRENT REFRESH AGE"
                  RenderText {#text} at (160,1020) size 4x15
                    text run at (160,1020) width 4: " "
                  RenderBR {BR} at (164,1032) size 0x0
                  RenderInline {A} at (0,0) size 122x15 [color=#0000EE]
                    RenderText {#text} at (0,1035) size 122x15
                      text run at (0,1035) width 122: "CURRENT SCHEMA"
                  RenderText {#text} at (122,1035) size 4x15
                    text run at (122,1035) width 4: " "
                  RenderBR {BR} at (126,1047) size 0x0
                  RenderInline {A} at (0,0) size 120x15 [color=#0000EE]
                    RenderText {#text} at (0,1050) size 120x15
                      text run at (0,1050) width 120: "CURRENT SERVER"
                  RenderText {#text} at (120,1050) size 4x15
                    text run at (120,1050) width 4: " "
                  RenderBR {BR} at (124,1062) size 0x0
                  RenderInline {A} at (0,0) size 98x15 [color=#0000EE]
                    RenderText {#text} at (0,1065) size 98x15
                      text run at (0,1065) width 98: "CURRENT TIME"
                  RenderText {#text} at (98,1065) size 4x15
                    text run at (98,1065) width 4: " "
                  RenderBR {BR} at (102,1077) size 0x0
                  RenderInline {A} at (0,0) size 144x15 [color=#0000EE]
                    RenderText {#text} at (0,1080) size 144x15
                      text run at (0,1080) width 144: "CURRENT TIMESTAMP"
                  RenderText {#text} at (144,1080) size 4x15
                    text run at (144,1080) width 4: " "
                  RenderBR {BR} at (148,1092) size 0x0
                  RenderInline {A} at (0,0) size 134x15 [color=#0000EE]
                    RenderText {#text} at (0,1095) size 134x15
                      text run at (0,1095) width 134: "CURRENT TIMEZONE"
                  RenderText {#text} at (134,1095) size 4x15
                    text run at (134,1095) width 4: " "
                  RenderBR {BR} at (138,1107) size 0x0
                  RenderInline {A} at (0,0) size 36x15 [color=#0000EE]
                    RenderText {#text} at (0,1110) size 36x15
                      text run at (0,1110) width 36: "USER"
                  RenderText {#text} at (36,1110) size 4x15
                    text run at (36,1110) width 4: " "
                  RenderBR {BR} at (40,1122) size 0x0
                  RenderInline {A} at (0,0) size 89x15 [color=#0000EE]
                    RenderText {#text} at (0,1125) size 89x15
                      text run at (0,1125) width 89: "Column Names"
                  RenderText {#text} at (89,1125) size 4x15
                    text run at (89,1125) width 4: " "
                  RenderBR {BR} at (93,1137) size 0x0
                  RenderInline {A} at (0,0) size 144x15 [color=#0000EE]
                    RenderText {#text} at (0,1140) size 144x15
                      text run at (0,1140) width 144: "Qualified Column Names"
                  RenderText {#text} at (144,1140) size 4x15
                    text run at (144,1140) width 4: " "
                  RenderBR {BR} at (148,1152) size 0x0
                  RenderInline {A} at (0,0) size 107x15 [color=#0000EE]
                    RenderText {#text} at (0,1155) size 107x15
                      text run at (0,1155) width 107: "Correlation Names"
                  RenderText {#text} at (107,1155) size 4x15
                    text run at (107,1155) width 4: " "
                  RenderBR {BR} at (111,1167) size 0x0
                  RenderInline {A} at (0,0) size 255x15 [color=#0000EE]
                    RenderText {#text} at (0,1170) size 255x15
                      text run at (0,1170) width 255: "Column Name Qualifiers to Avoid Ambiguity"
                  RenderText {#text} at (255,1170) size 4x15
                    text run at (255,1170) width 4: " "
                  RenderBR {BR} at (259,1182) size 0x0
                  RenderInline {A} at (0,0) size 288x15 [color=#0000EE]
                    RenderText {#text} at (0,1185) size 288x15
                      text run at (0,1185) width 288: "Column Name Qualifiers in Correlated References"
                  RenderText {#text} at (288,1185) size 4x15
                    text run at (288,1185) width 4: " "
                  RenderBR {BR} at (292,1197) size 0x0
                  RenderInline {A} at (0,0) size 170x15 [color=#0000EE]
                    RenderText {#text} at (0,1200) size 170x15
                      text run at (0,1200) width 170: "References to Host Variables"
                  RenderText {#text} at (170,1200) size 4x15
                    text run at (170,1200) width 4: " "
                  RenderBR {BR} at (174,1212) size 0x0
                  RenderInline {A} at (0,0) size 184x15 [color=#0000EE]
                    RenderText {#text} at (0,1215) size 184x15
                      text run at (0,1215) width 184: "Host Variables in Dynamic SQL"
                  RenderText {#text} at (184,1215) size 4x15
                    text run at (184,1215) width 4: " "
                  RenderBR {BR} at (188,1227) size 0x0
                  RenderInline {A} at (0,0) size 338x15 [color=#0000EE]
                    RenderText {#text} at (0,1230) size 338x15
                      text run at (0,1230) width 338: "References to BLOB, CLOB, and DBCLOB Host Variables"
                  RenderText {#text} at (338,1230) size 4x15
                    text run at (338,1230) width 4: " "
                  RenderBR {BR} at (342,1242) size 0x0
                  RenderInline {A} at (0,0) size 186x15 [color=#0000EE]
                    RenderText {#text} at (0,1245) size 186x15
                      text run at (0,1245) width 186: "References to Locator Variables"
                  RenderText {#text} at (186,1245) size 4x15
                    text run at (186,1245) width 4: " "
                  RenderBR {BR} at (190,1257) size 0x0
                  RenderInline {A} at (0,0) size 395x15 [color=#0000EE]
                    RenderText {#text} at (0,1260) size 395x15
                      text run at (0,1260) width 395: "References to BLOB, CLOB, and DBCLOB File Reference Variables"
                  RenderText {#text} at (395,1260) size 4x15
                    text run at (395,1260) width 4: " "
                  RenderBR {BR} at (399,1272) size 0x0
                  RenderInline {A} at (0,0) size 267x15 [color=#0000EE]
                    RenderText {#text} at (0,1275) size 267x15
                      text run at (0,1275) width 267: "References to Structured Type Host Variables"
                  RenderText {#text} at (267,1275) size 4x15
                    text run at (267,1275) width 4: " "
                  RenderBR {BR} at (271,1287) size 0x0
                  RenderInline {A} at (0,0) size 57x15 [color=#0000EE]
                    RenderText {#text} at (0,1290) size 57x15
                      text run at (0,1290) width 57: "Functions"
                  RenderText {#text} at (57,1290) size 4x15
                    text run at (57,1290) width 4: " "
                  RenderBR {BR} at (61,1302) size 0x0
                  RenderInline {A} at (0,0) size 299x15 [color=#0000EE]
                    RenderText {#text} at (0,1305) size 299x15
                      text run at (0,1305) width 299: "External, SQL and Sourced User-Defined Functions"
                  RenderText {#text} at (299,1305) size 4x15
                    text run at (299,1305) width 4: " "
                  RenderBR {BR} at (303,1317) size 0x0
                  RenderInline {A} at (0,0) size 323x15 [color=#0000EE]
                    RenderText {#text} at (0,1320) size 323x15
                      text run at (0,1320) width 323: "Scalar, Column, Row and Table User-Defined Functions"
                  RenderText {#text} at (323,1320) size 4x15
                    text run at (323,1320) width 4: " "
                  RenderBR {BR} at (327,1332) size 0x0
                  RenderInline {A} at (0,0) size 114x15 [color=#0000EE]
                    RenderText {#text} at (0,1335) size 114x15
                      text run at (0,1335) width 114: "Function signatures"
                  RenderText {#text} at (114,1335) size 4x15
                    text run at (114,1335) width 4: " "
                  RenderBR {BR} at (118,1347) size 0x0
                  RenderInline {A} at (0,0) size 57x15 [color=#0000EE]
                    RenderText {#text} at (0,1350) size 57x15
                      text run at (0,1350) width 57: "SQL Path"
                  RenderText {#text} at (57,1350) size 4x15
                    text run at (57,1350) width 4: " "
                  RenderBR {BR} at (61,1362) size 0x0
                  RenderInline {A} at (0,0) size 115x15 [color=#0000EE]
                    RenderText {#text} at (0,1365) size 115x15
                      text run at (0,1365) width 115: "Function Resolution"
                  RenderText {#text} at (115,1365) size 4x15
                    text run at (115,1365) width 4: " "
                  RenderBR {BR} at (119,1377) size 0x0
                  RenderInline {A} at (0,0) size 114x15 [color=#0000EE]
                    RenderText {#text} at (0,1380) size 114x15
                      text run at (0,1380) width 114: "Function Invocation"
                  RenderText {#text} at (114,1380) size 4x15
                    text run at (114,1380) width 4: " "
                  RenderBR {BR} at (118,1392) size 0x0
                  RenderInline {A} at (0,0) size 50x15 [color=#0000EE]
                    RenderText {#text} at (0,1395) size 50x15
                      text run at (0,1395) width 50: "Methods"
                  RenderText {#text} at (50,1395) size 4x15
                    text run at (50,1395) width 4: " "
                  RenderBR {BR} at (54,1407) size 0x0
                  RenderInline {A} at (0,0) size 236x15 [color=#0000EE]
                    RenderText {#text} at (0,1410) size 236x15
                      text run at (0,1410) width 236: "External and SQL User-Defined Methods"
                  RenderText {#text} at (236,1410) size 4x15
                    text run at (236,1410) width 4: " "
                  RenderBR {BR} at (240,1422) size 0x0
                  RenderInline {A} at (0,0) size 109x15 [color=#0000EE]
                    RenderText {#text} at (0,1425) size 109x15
                      text run at (0,1425) width 109: "Method Signatures"
                  RenderText {#text} at (109,1425) size 4x15
                    text run at (109,1425) width 4: " "
                  RenderBR {BR} at (113,1437) size 0x0
                  RenderInline {A} at (0,0) size 107x15 [color=#0000EE]
                    RenderText {#text} at (0,1440) size 107x15
                      text run at (0,1440) width 107: "Method Invocation"
                  RenderText {#text} at (107,1440) size 4x15
                    text run at (107,1440) width 4: " "
                  RenderBR {BR} at (111,1452) size 0x0
                  RenderInline {A} at (0,0) size 108x15 [color=#0000EE]
                    RenderText {#text} at (0,1455) size 108x15
                      text run at (0,1455) width 108: "Method Resolution"
                  RenderText {#text} at (108,1455) size 4x15
                    text run at (108,1455) width 4: " "
                  RenderBR {BR} at (112,1467) size 0x0
                  RenderInline {A} at (0,0) size 188x15 [color=#0000EE]
                    RenderText {#text} at (0,1470) size 188x15
                      text run at (0,1470) width 188: "Method of Choosing the Best Fit"
                  RenderText {#text} at (188,1470) size 4x15
                    text run at (188,1470) width 4: " "
                  RenderBR {BR} at (192,1482) size 0x0
                  RenderInline {A} at (0,0) size 178x15 [color=#0000EE]
                    RenderText {#text} at (0,1485) size 178x15
                      text run at (0,1485) width 178: "Example of Method Resolution"
                  RenderText {#text} at (178,1485) size 4x15
                    text run at (178,1485) width 4: " "
                  RenderBR {BR} at (182,1497) size 0x0
                  RenderInline {A} at (0,0) size 107x15 [color=#0000EE]
                    RenderText {#text} at (0,1500) size 107x15
                      text run at (0,1500) width 107: "Method Invocation"
                  RenderText {#text} at (107,1500) size 4x15
                    text run at (107,1500) width 4: " "
                  RenderBR {BR} at (111,1512) size 0x0
                  RenderInline {A} at (0,0) size 189x15 [color=#0000EE]
                    RenderText {#text} at (0,1515) size 189x15
                      text run at (0,1515) width 189: "Conservative Binding Semantics"
                  RenderText {#text} at (189,1515) size 4x15
                    text run at (189,1515) width 4: " "
                  RenderBR {BR} at (193,1527) size 0x0
                  RenderInline {A} at (0,0) size 72x15 [color=#0000EE]
                    RenderText {#text} at (0,1530) size 72x15
                      text run at (0,1530) width 72: "Expressions"
                  RenderText {#text} at (72,1530) size 4x15
                    text run at (72,1530) width 4: " "
                  RenderBR {BR} at (76,1542) size 0x0
                  RenderInline {A} at (0,0) size 105x15 [color=#0000EE]
                    RenderText {#text} at (0,1545) size 105x15
                      text run at (0,1545) width 105: "Without Operators"
                  RenderText {#text} at (105,1545) size 4x15
                    text run at (105,1545) width 4: " "
                  RenderBR {BR} at (109,1557) size 0x0
                  RenderInline {A} at (0,0) size 189x15 [color=#0000EE]
                    RenderText {#text} at (0,1560) size 189x15
                      text run at (0,1560) width 189: "With the Concatenation Operator"
                  RenderText {#text} at (189,1560) size 4x15
                    text run at (189,1560) width 4: " "
                  RenderBR {BR} at (193,1572) size 0x0
                  RenderInline {A} at (0,0) size 150x15 [color=#0000EE]
                    RenderText {#text} at (0,1575) size 150x15
                      text run at (0,1575) width 150: "With Arithmetic Operators"
                  RenderText {#text} at (150,1575) size 4x15
                    text run at (150,1575) width 4: " "
                  RenderBR {BR} at (154,1587) size 0x0
                  RenderInline {A} at (0,0) size 128x15 [color=#0000EE]
                    RenderText {#text} at (0,1590) size 128x15
                      text run at (0,1590) width 128: "Two Integer Operands"
                  RenderText {#text} at (128,1590) size 4x15
                    text run at (128,1590) width 4: " "
                  RenderBR {BR} at (132,1602) size 0x0
                  RenderInline {A} at (0,0) size 176x15 [color=#0000EE]
                    RenderText {#text} at (0,1605) size 176x15
                      text run at (0,1605) width 176: "Integer and Decimal Operands"
                  RenderText {#text} at (176,1605) size 4x15
                    text run at (176,1605) width 4: " "
                  RenderBR {BR} at (180,1617) size 0x0
                  RenderInline {A} at (0,0) size 135x15 [color=#0000EE]
                    RenderText {#text} at (0,1620) size 135x15
                      text run at (0,1620) width 135: "Two Decimal Operands"
                  RenderText {#text} at (135,1620) size 4x15
                    text run at (135,1620) width 4: " "
                  RenderBR {BR} at (139,1632) size 0x0
                  RenderInline {A} at (0,0) size 154x15 [color=#0000EE]
                    RenderText {#text} at (0,1635) size 154x15
                      text run at (0,1635) width 154: "Decimal Arithmetic in SQL"
                  RenderText {#text} at (154,1635) size 4x15
                    text run at (154,1635) width 4: " "
                  RenderBR {BR} at (158,1647) size 0x0
                  RenderInline {A} at (0,0) size 140x15 [color=#0000EE]
                    RenderText {#text} at (0,1650) size 140x15
                      text run at (0,1650) width 140: "Floating-Point Operands"
                  RenderText {#text} at (140,1650) size 4x15
                    text run at (140,1650) width 4: " "
                  RenderBR {BR} at (144,1662) size 0x0
                  RenderInline {A} at (0,0) size 191x15 [color=#0000EE]
                    RenderText {#text} at (0,1665) size 191x15
                      text run at (0,1665) width 191: "User-defined Types as Operands"
                  RenderText {#text} at (191,1665) size 4x15
                    text run at (191,1665) width 4: " "
                  RenderBR {BR} at (195,1677) size 0x0
                  RenderInline {A} at (0,0) size 97x15 [color=#0000EE]
                    RenderText {#text} at (0,1680) size 97x15
                      text run at (0,1680) width 97: "Scalar Fullselect"
                  RenderText {#text} at (97,1680) size 4x15
                    text run at (97,1680) width 4: " "
                  RenderBR {BR} at (101,1692) size 0x0
                  RenderInline {A} at (0,0) size 203x15 [color=#0000EE]
                    RenderText {#text} at (0,1695) size 203x15
                      text run at (0,1695) width 203: "Datetime Operations and Durations"
                  RenderText {#text} at (203,1695) size 4x15
                    text run at (203,1695) width 4: " "
                  RenderBR {BR} at (207,1707) size 0x0
                  RenderInline {A} at (0,0) size 159x15 [color=#0000EE]
                    RenderText {#text} at (0,1710) size 159x15
                      text run at (0,1710) width 159: "Datetime Arithmetic in SQL"
                  RenderText {#text} at (159,1710) size 4x15
                    text run at (159,1710) width 4: " "
                  RenderBR {BR} at (163,1722) size 0x0
                  RenderInline {A} at (0,0) size 151x15 [color=#0000EE]
                    RenderText {#text} at (0,1725) size 151x15
                      text run at (0,1725) width 151: "Precedence of Operations"
                  RenderText {#text} at (151,1725) size 4x15
                    text run at (151,1725) width 4: " "
                  RenderBR {BR} at (155,1737) size 0x0
                  RenderInline {A} at (0,0) size 112x15 [color=#0000EE]
                    RenderText {#text} at (0,1740) size 112x15
                      text run at (0,1740) width 112: "CASE Expressions"
                  RenderText {#text} at (112,1740) size 4x15
                    text run at (112,1740) width 4: " "
                  RenderBR {BR} at (116,1752) size 0x0
                  RenderInline {A} at (0,0) size 121x15 [color=#0000EE]
                    RenderText {#text} at (0,1755) size 121x15
                      text run at (0,1755) width 121: "CAST Specifications"
                  RenderText {#text} at (121,1755) size 4x15
                    text run at (121,1755) width 4: " "
                  RenderBR {BR} at (125,1767) size 0x0
                  RenderInline {A} at (0,0) size 137x15 [color=#0000EE]
                    RenderText {#text} at (0,1770) size 137x15
                      text run at (0,1770) width 137: "Dereference Operations"
                  RenderText {#text} at (137,1770) size 4x15
                    text run at (137,1770) width 4: " "
                  RenderBR {BR} at (141,1782) size 0x0
                  RenderInline {A} at (0,0) size 96x15 [color=#0000EE]
                    RenderText {#text} at (0,1785) size 96x15
                      text run at (0,1785) width 96: "OLAP Functions"
                  RenderText {#text} at (96,1785) size 4x15
                    text run at (96,1785) width 4: " "
                  RenderBR {BR} at (100,1797) size 0x0
                  RenderInline {A} at (0,0) size 107x15 [color=#0000EE]
                    RenderText {#text} at (0,1800) size 107x15
                      text run at (0,1800) width 107: "Method Invocation"
                  RenderText {#text} at (107,1800) size 4x15
                    text run at (107,1800) width 4: " "
                  RenderBR {BR} at (111,1812) size 0x0
                  RenderInline {A} at (0,0) size 111x15 [color=#0000EE]
                    RenderText {#text} at (0,1815) size 111x15
                      text run at (0,1815) width 111: "Subtype Treatment"
                  RenderText {#text} at (111,1815) size 4x15
                    text run at (111,1815) width 4: " "
                  RenderBR {BR} at (115,1827) size 0x0
                  RenderInline {A} at (0,0) size 62x15 [color=#0000EE]
                    RenderText {#text} at (0,1830) size 62x15
                      text run at (0,1830) width 62: "Predicates"
                  RenderText {#text} at (62,1830) size 4x15
                    text run at (62,1830) width 4: " "
                  RenderBR {BR} at (66,1842) size 0x0
                  RenderInline {A} at (0,0) size 92x15 [color=#0000EE]
                    RenderText {#text} at (0,1845) size 92x15
                      text run at (0,1845) width 92: "Basic Predicate"
                  RenderText {#text} at (92,1845) size 4x15
                    text run at (92,1845) width 4: " "
                  RenderBR {BR} at (96,1857) size 0x0
                  RenderInline {A} at (0,0) size 118x15 [color=#0000EE]
                    RenderText {#text} at (0,1860) size 118x15
                      text run at (0,1860) width 118: "Quantified Predicate"
                  RenderText {#text} at (118,1860) size 4x15
                    text run at (118,1860) width 4: " "
                  RenderBR {BR} at (122,1872) size 0x0
                  RenderInline {A} at (0,0) size 124x15 [color=#0000EE]
                    RenderText {#text} at (0,1875) size 124x15
                      text run at (0,1875) width 124: "BETWEEN Predicate"
                  RenderText {#text} at (124,1875) size 4x15
                    text run at (124,1875) width 4: " "
                  RenderBR {BR} at (128,1887) size 0x0
                  RenderInline {A} at (0,0) size 107x15 [color=#0000EE]
                    RenderText {#text} at (0,1890) size 107x15
                      text run at (0,1890) width 107: "EXISTS Predicate"
                  RenderText {#text} at (107,1890) size 4x15
                    text run at (107,1890) width 4: " "
                  RenderBR {BR} at (111,1902) size 0x0
                  RenderInline {A} at (0,0) size 72x15 [color=#0000EE]
                    RenderText {#text} at (0,1905) size 72x15
                      text run at (0,1905) width 72: "IN Predicate"
                  RenderText {#text} at (72,1905) size 4x15
                    text run at (72,1905) width 4: " "
                  RenderBR {BR} at (76,1917) size 0x0
                  RenderInline {A} at (0,0) size 88x15 [color=#0000EE]
                    RenderText {#text} at (0,1920) size 88x15
                      text run at (0,1920) width 88: "LIKE Predicate"
                  RenderText {#text} at (88,1920) size 4x15
                    text run at (88,1920) width 4: " "
                  RenderBR {BR} at (92,1932) size 0x0
                  RenderInline {A} at (0,0) size 91x15 [color=#0000EE]
                    RenderText {#text} at (0,1935) size 91x15
                      text run at (0,1935) width 91: "NULL Predicate"
                  RenderText {#text} at (91,1935) size 4x15
                    text run at (91,1935) width 4: " "
                  RenderBR {BR} at (95,1947) size 0x0
                  RenderInline {A} at (0,0) size 94x15 [color=#0000EE]
                    RenderText {#text} at (0,1950) size 94x15
                      text run at (0,1950) width 94: "TYPE Predicate"
                  RenderText {#text} at (94,1950) size 4x15
                    text run at (94,1950) width 4: " "
                  RenderBR {BR} at (98,1962) size 0x0
                  RenderInline {A} at (0,0) size 106x15 [color=#0000EE]
                    RenderText {#text} at (0,1965) size 106x15
                      text run at (0,1965) width 106: "Search Conditions"
                  RenderText {#text} at (106,1965) size 4x15
                    text run at (106,1965) width 4: " "
                  RenderBR {BR} at (110,1977) size 0x0
                  RenderInline {A} at (0,0) size 58x15 [color=#0000EE]
                    RenderText {#text} at (0,1980) size 58x15
                      text run at (0,1980) width 58: "Examples"
                  RenderText {#text} at (0,0) size 0x0
                RenderBlock {P} at (0,3213) size 715x1936
                  RenderInline {B} at (0,0) size 62x15
                    RenderInline {A} at (0,0) size 62x15 [color=#0000EE]
                      RenderText {#text} at (0,0) size 62x15
                        text run at (0,0) width 62: "Functions"
                  RenderBR {BR} at (62,12) size 0x0
                  RenderBR {BR} at (0,15) size 0x15
                  RenderInline {A} at (0,0) size 105x15 [color=#0000EE]
                    RenderText {#text} at (0,30) size 105x15
                      text run at (0,30) width 105: "Column Functions"
                  RenderText {#text} at (105,30) size 4x15
                    text run at (105,30) width 4: " "
                  RenderBR {BR} at (109,42) size 0x0
                  RenderInline {A} at (0,0) size 28x15 [color=#0000EE]
                    RenderText {#text} at (0,45) size 28x15
                      text run at (0,45) width 28: "AVG"
                  RenderText {#text} at (28,45) size 4x15
                    text run at (28,45) width 4: " "
                  RenderBR {BR} at (32,57) size 0x0
                  RenderInline {A} at (0,0) size 93x15 [color=#0000EE]
                    RenderText {#text} at (0,60) size 93x15
                      text run at (0,60) width 93: "CORRELATION"
                  RenderText {#text} at (93,60) size 4x15
                    text run at (93,60) width 4: " "
                  RenderBR {BR} at (97,72) size 0x0
                  RenderInline {A} at (0,0) size 45x15 [color=#0000EE]
                    RenderText {#text} at (0,75) size 45x15
                      text run at (0,75) width 45: "COUNT"
                  RenderText {#text} at (45,75) size 4x15
                    text run at (45,75) width 4: " "
                  RenderBR {BR} at (49,87) size 0x0
                  RenderInline {A} at (0,0) size 75x15 [color=#0000EE]
                    RenderText {#text} at (0,90) size 75x15
                      text run at (0,90) width 75: "COUNT_BIG"
                  RenderText {#text} at (75,90) size 4x15
                    text run at (75,90) width 4: " "
                  RenderBR {BR} at (79,102) size 0x0
                  RenderInline {A} at (0,0) size 86x15 [color=#0000EE]
                    RenderText {#text} at (0,105) size 86x15
                      text run at (0,105) width 86: "COVARIANCE"
                  RenderText {#text} at (86,105) size 4x15
                    text run at (86,105) width 4: " "
                  RenderBR {BR} at (90,117) size 0x0
                  RenderInline {A} at (0,0) size 70x15 [color=#0000EE]
                    RenderText {#text} at (0,120) size 70x15
                      text run at (0,120) width 70: "GROUPING"
                  RenderText {#text} at (70,120) size 4x15
                    text run at (70,120) width 4: " "
                  RenderBR {BR} at (74,132) size 0x0
                  RenderInline {A} at (0,0) size 29x15 [color=#0000EE]
                    RenderText {#text} at (0,135) size 29x15
                      text run at (0,135) width 29: "MAX"
                  RenderText {#text} at (29,135) size 4x15
                    text run at (29,135) width 4: " "
                  RenderBR {BR} at (33,147) size 0x0
                  RenderInline {A} at (0,0) size 24x15 [color=#0000EE]
                    RenderText {#text} at (0,150) size 24x15
                      text run at (0,150) width 24: "MIN"
                  RenderText {#text} at (24,150) size 4x15
                    text run at (24,150) width 4: " "
                  RenderBR {BR} at (28,162) size 0x0
                  RenderInline {A} at (0,0) size 148x15 [color=#0000EE]
                    RenderText {#text} at (0,165) size 148x15
                      text run at (0,165) width 148: "REGRESSION Functions"
                  RenderText {#text} at (148,165) size 4x15
                    text run at (148,165) width 4: " "
                  RenderBR {BR} at (152,177) size 0x0
                  RenderInline {A} at (0,0) size 53x15 [color=#0000EE]
                    RenderText {#text} at (0,180) size 53x15
                      text run at (0,180) width 53: "STDDEV"
                  RenderText {#text} at (53,180) size 4x15
                    text run at (53,180) width 4: " "
                  RenderBR {BR} at (57,192) size 0x0
                  RenderInline {A} at (0,0) size 29x15 [color=#0000EE]
                    RenderText {#text} at (0,195) size 29x15
                      text run at (0,195) width 29: "SUM"
                  RenderText {#text} at (29,195) size 4x15
                    text run at (29,195) width 4: " "
                  RenderBR {BR} at (33,207) size 0x0
                  RenderInline {A} at (0,0) size 67x15 [color=#0000EE]
                    RenderText {#text} at (0,210) size 67x15
                      text run at (0,210) width 67: "VARIANCE"
                  RenderText {#text} at (67,210) size 4x15
                    text run at (67,210) width 4: " "
                  RenderBR {BR} at (71,222) size 0x0
                  RenderInline {A} at (0,0) size 98x15 [color=#0000EE]
                    RenderText {#text} at (0,225) size 98x15
                      text run at (0,225) width 98: "Scalar Functions"
                  RenderText {#text} at (98,225) size 4x15
                    text run at (98,225) width 4: " "
                  RenderBR {BR} at (102,237) size 0x0
                  RenderInline {A} at (0,0) size 98x15 [color=#0000EE]
                    RenderText {#text} at (0,240) size 98x15
                      text run at (0,240) width 98: "ABS or ABSVAL"
                  RenderText {#text} at (98,240) size 4x15
                    text run at (98,240) width 4: " "
                  RenderBR {BR} at (102,252) size 0x0
                  RenderInline {A} at (0,0) size 37x15 [color=#0000EE]
                    RenderText {#text} at (0,255) size 37x15
                      text run at (0,255) width 37: "ACOS"
                  RenderText {#text} at (37,255) size 4x15
                    text run at (37,255) width 4: " "
                  RenderBR {BR} at (41,267) size 0x0
                  RenderInline {A} at (0,0) size 35x15 [color=#0000EE]
                    RenderText {#text} at (0,270) size 35x15
                      text run at (0,270) width 35: "ASCII"
                  RenderText {#text} at (35,270) size 4x15
                    text run at (35,270) width 4: " "
                  RenderBR {BR} at (39,282) size 0x0
                  RenderInline {A} at (0,0) size 31x15 [color=#0000EE]
                    RenderText {#text} at (0,285) size 31x15
                      text run at (0,285) width 31: "ASIN"
                  RenderText {#text} at (31,285) size 4x15
                    text run at (31,285) width 4: " "
                  RenderBR {BR} at (35,297) size 0x0
                  RenderInline {A} at (0,0) size 35x15 [color=#0000EE]
                    RenderText {#text} at (0,300) size 35x15
                      text run at (0,300) width 35: "ATAN"
                  RenderText {#text} at (35,300) size 4x15
                    text run at (35,300) width 4: " "
                  RenderBR {BR} at (39,312) size 0x0
                  RenderInline {A} at (0,0) size 42x15 [color=#0000EE]
                    RenderText {#text} at (0,315) size 42x15
                      text run at (0,315) width 42: "ATAN2"
                  RenderText {#text} at (42,315) size 4x15
                    text run at (42,315) width 4: " "
                  RenderBR {BR} at (46,327) size 0x0
                  RenderInline {A} at (0,0) size 44x15 [color=#0000EE]
                    RenderText {#text} at (0,330) size 44x15
                      text run at (0,330) width 44: "BIGINT"
                  RenderText {#text} at (44,330) size 4x15
                    text run at (44,330) width 4: " "
                  RenderBR {BR} at (48,342) size 0x0
                  RenderInline {A} at (0,0) size 35x15 [color=#0000EE]
                    RenderText {#text} at (0,345) size 35x15
                      text run at (0,345) width 35: "BLOB"
                  RenderText {#text} at (35,345) size 4x15
                    text run at (35,345) width 4: " "
                  RenderBR {BR} at (39,357) size 0x0
                  RenderInline {A} at (0,0) size 100x15 [color=#0000EE]
                    RenderText {#text} at (0,360) size 100x15
                      text run at (0,360) width 100: "CEILING or CEIL"
                  RenderText {#text} at (100,360) size 4x15
                    text run at (100,360) width 4: " "
                  RenderBR {BR} at (104,372) size 0x0
                  RenderInline {A} at (0,0) size 36x15 [color=#0000EE]
                    RenderText {#text} at (0,375) size 36x15
                      text run at (0,375) width 36: "CHAR"
                  RenderText {#text} at (36,375) size 4x15
                    text run at (36,375) width 4: " "
                  RenderBR {BR} at (40,387) size 0x0
                  RenderInline {A} at (0,0) size 27x15 [color=#0000EE]
                    RenderText {#text} at (0,390) size 27x15
                      text run at (0,390) width 27: "CHR"
                  RenderText {#text} at (27,390) size 4x15
                    text run at (27,390) width 4: " "
                  RenderBR {BR} at (31,402) size 0x0
                  RenderInline {A} at (0,0) size 35x15 [color=#0000EE]
                    RenderText {#text} at (0,405) size 35x15
                      text run at (0,405) width 35: "CLOB"
                  RenderText {#text} at (35,405) size 4x15
                    text run at (35,405) width 4: " "
                  RenderBR {BR} at (39,417) size 0x0
                  RenderInline {A} at (0,0) size 71x15 [color=#0000EE]
                    RenderText {#text} at (0,420) size 71x15
                      text run at (0,420) width 71: "COALESCE"
                  RenderText {#text} at (71,420) size 4x15
                    text run at (71,420) width 4: " "
                  RenderBR {BR} at (75,432) size 0x0
                  RenderInline {A} at (0,0) size 54x15 [color=#0000EE]
                    RenderText {#text} at (0,435) size 54x15
                      text run at (0,435) width 54: "CONCAT"
                  RenderText {#text} at (54,435) size 4x15
                    text run at (54,435) width 4: " "
                  RenderBR {BR} at (58,447) size 0x0
                  RenderInline {A} at (0,0) size 28x15 [color=#0000EE]
                    RenderText {#text} at (0,450) size 28x15
                      text run at (0,450) width 28: "COS"
                  RenderText {#text} at (28,450) size 4x15
                    text run at (28,450) width 4: " "
                  RenderBR {BR} at (32,462) size 0x0
                  RenderInline {A} at (0,0) size 27x15 [color=#0000EE]
                    RenderText {#text} at (0,465) size 27x15
                      text run at (0,465) width 27: "COT"
                  RenderText {#text} at (27,465) size 4x15
                    text run at (27,465) width 4: " "
                  RenderBR {BR} at (31,477) size 0x0
                  RenderInline {A} at (0,0) size 35x15 [color=#0000EE]
                    RenderText {#text} at (0,480) size 35x15
                      text run at (0,480) width 35: "DATE"
                  RenderText {#text} at (35,480) size 4x15
                    text run at (35,480) width 4: " "
                  RenderBR {BR} at (39,492) size 0x0
                  RenderInline {A} at (0,0) size 27x15 [color=#0000EE]
                    RenderText {#text} at (0,495) size 27x15
                      text run at (0,495) width 27: "DAY"
                  RenderText {#text} at (27,495) size 4x15
                    text run at (27,495) width 4: " "
                  RenderBR {BR} at (31,507) size 0x0
                  RenderInline {A} at (0,0) size 65x15 [color=#0000EE]
                    RenderText {#text} at (0,510) size 65x15
                      text run at (0,510) width 65: "DAYNAME"
                  RenderText {#text} at (65,510) size 4x15
                    text run at (65,510) width 4: " "
                  RenderBR {BR} at (69,522) size 0x0
                  RenderInline {A} at (0,0) size 84x15 [color=#0000EE]
                    RenderText {#text} at (0,525) size 84x15
                      text run at (0,525) width 84: "DAYOFWEEK"
                  RenderText {#text} at (84,525) size 4x15
                    text run at (84,525) width 4: " "
                  RenderBR {BR} at (88,537) size 0x0
                  RenderInline {A} at (0,0) size 114x15 [color=#0000EE]
                    RenderText {#text} at (0,540) size 114x15
                      text run at (0,540) width 114: "DAYOFWEEK_ISO"
                  RenderText {#text} at (114,540) size 4x15
                    text run at (114,540) width 4: " "
                  RenderBR {BR} at (118,552) size 0x0
                  RenderInline {A} at (0,0) size 81x15 [color=#0000EE]
                    RenderText {#text} at (0,555) size 81x15
                      text run at (0,555) width 81: "DAYOFYEAR"
                  RenderText {#text} at (81,555) size 4x15
                    text run at (81,555) width 4: " "
                  RenderBR {BR} at (85,567) size 0x0
                  RenderInline {A} at (0,0) size 36x15 [color=#0000EE]
                    RenderText {#text} at (0,570) size 36x15
                      text run at (0,570) width 36: "DAYS"
                  RenderText {#text} at (36,570) size 4x15
                    text run at (36,570) width 4: " "
                  RenderBR {BR} at (40,582) size 0x0
                  RenderInline {A} at (0,0) size 53x15 [color=#0000EE]
                    RenderText {#text} at (0,585) size 53x15
                      text run at (0,585) width 53: "DBCLOB"
                  RenderText {#text} at (53,585) size 4x15
                    text run at (53,585) width 4: " "
                  RenderBR {BR} at (57,597) size 0x0
                  RenderInline {A} at (0,0) size 58x15 [color=#0000EE]
                    RenderText {#text} at (0,600) size 58x15
                      text run at (0,600) width 58: "DECIMAL"
                  RenderText {#text} at (58,600) size 4x15
                    text run at (58,600) width 4: " "
                  RenderBR {BR} at (62,612) size 0x0
                  RenderInline {A} at (0,0) size 64x15 [color=#0000EE]
                    RenderText {#text} at (0,615) size 64x15
                      text run at (0,615) width 64: "DEGREES"
                  RenderText {#text} at (64,615) size 4x15
                    text run at (64,615) width 4: " "
                  RenderBR {BR} at (68,627) size 0x0
                  RenderInline {A} at (0,0) size 44x15 [color=#0000EE]
                    RenderText {#text} at (0,630) size 44x15
                      text run at (0,630) width 44: "DEREF"
                  RenderText {#text} at (44,630) size 4x15
                    text run at (44,630) width 4: " "
                  RenderBR {BR} at (48,642) size 0x0
                  RenderInline {A} at (0,0) size 83x15 [color=#0000EE]
                    RenderText {#text} at (0,645) size 83x15
                      text run at (0,645) width 83: "DIFFERENCE"
                  RenderText {#text} at (83,645) size 4x15
                    text run at (83,645) width 4: " "
                  RenderBR {BR} at (87,657) size 0x0
                  RenderInline {A} at (0,0) size 44x15 [color=#0000EE]
                    RenderText {#text} at (0,660) size 44x15
                      text run at (0,660) width 44: "DIGITS"
                  RenderText {#text} at (44,660) size 4x15
                    text run at (44,660) width 4: " "
                  RenderBR {BR} at (48,672) size 0x0
                  RenderInline {A} at (0,0) size 83x15 [color=#0000EE]
                    RenderText {#text} at (0,675) size 83x15
                      text run at (0,675) width 83: "DLCOMMENT"
                  RenderText {#text} at (83,675) size 4x15
                    text run at (83,675) width 4: " "
                  RenderBR {BR} at (87,687) size 0x0
                  RenderInline {A} at (0,0) size 80x15 [color=#0000EE]
                    RenderText {#text} at (0,690) size 80x15
                      text run at (0,690) width 80: "DLLINKTYPE"
                  RenderText {#text} at (80,690) size 4x15
                    text run at (80,690) width 4: " "
                  RenderBR {BR} at (84,702) size 0x0
                  RenderInline {A} at (0,0) size 113x15 [color=#0000EE]
                    RenderText {#text} at (0,705) size 113x15
                      text run at (0,705) width 113: "DLURLCOMPLETE"
                  RenderText {#text} at (113,705) size 4x15
                    text run at (113,705) width 4: " "
                  RenderBR {BR} at (117,717) size 0x0
                  RenderInline {A} at (0,0) size 76x15 [color=#0000EE]
                    RenderText {#text} at (0,720) size 76x15
                      text run at (0,720) width 76: "DLURLPATH"
                  RenderText {#text} at (76,720) size 4x15
                    text run at (76,720) width 4: " "
                  RenderBR {BR} at (80,732) size 0x0
                  RenderInline {A} at (0,0) size 111x15 [color=#0000EE]
                    RenderText {#text} at (0,735) size 111x15
                      text run at (0,735) width 111: "DLURLPATHONLY"
                  RenderText {#text} at (111,735) size 4x15
                    text run at (111,735) width 4: " "
                  RenderBR {BR} at (115,747) size 0x0
                  RenderInline {A} at (0,0) size 97x15 [color=#0000EE]
                    RenderText {#text} at (0,750) size 97x15
                      text run at (0,750) width 97: "DLURLSCHEME"
                  RenderText {#text} at (97,750) size 4x15
                    text run at (97,750) width 4: " "
                  RenderBR {BR} at (101,762) size 0x0
                  RenderInline {A} at (0,0) size 95x15 [color=#0000EE]
                    RenderText {#text} at (0,765) size 95x15
                      text run at (0,765) width 95: "DLURLSERVER"
                  RenderText {#text} at (95,765) size 4x15
                    text run at (95,765) width 4: " "
                  RenderBR {BR} at (99,777) size 0x0
                  RenderInline {A} at (0,0) size 59x15 [color=#0000EE]
                    RenderText {#text} at (0,780) size 59x15
                      text run at (0,780) width 59: "DLVALUE"
                  RenderText {#text} at (59,780) size 4x15
                    text run at (59,780) width 4: " "
                  RenderBR {BR} at (63,792) size 0x0
                  RenderInline {A} at (0,0) size 53x15 [color=#0000EE]
                    RenderText {#text} at (0,795) size 53x15
                      text run at (0,795) width 53: "DOUBLE"
                  RenderText {#text} at (53,795) size 4x15
                    text run at (53,795) width 4: " "
                  RenderBR {BR} at (57,807) size 0x0
                  RenderInline {A} at (0,0) size 131x15 [color=#0000EE]
                    RenderText {#text} at (0,810) size 131x15
                      text run at (0,810) width 131: "EVENT_MON_STATE"
                  RenderText {#text} at (131,810) size 4x15
                    text run at (131,810) width 4: " "
                  RenderBR {BR} at (135,822) size 0x0
                  RenderInline {A} at (0,0) size 27x15 [color=#0000EE]
                    RenderText {#text} at (0,825) size 27x15
                      text run at (0,825) width 27: "EXP"
                  RenderText {#text} at (27,825) size 4x15
                    text run at (27,825) width 4: " "
                  RenderBR {BR} at (31,837) size 0x0
                  RenderInline {A} at (0,0) size 42x15 [color=#0000EE]
                    RenderText {#text} at (0,840) size 42x15
                      text run at (0,840) width 42: "FLOAT"
                  RenderText {#text} at (42,840) size 4x15
                    text run at (42,840) width 4: " "
                  RenderBR {BR} at (46,852) size 0x0
                  RenderInline {A} at (0,0) size 44x15 [color=#0000EE]
                    RenderText {#text} at (0,855) size 44x15
                      text run at (0,855) width 44: "FLOOR"
                  RenderText {#text} at (44,855) size 4x15
                    text run at (44,855) width 4: " "
                  RenderBR {BR} at (48,867) size 0x0
                  RenderInline {A} at (0,0) size 129x15 [color=#0000EE]
                    RenderText {#text} at (0,870) size 129x15
                      text run at (0,870) width 129: "GENERATE_UNIQUE"
                  RenderText {#text} at (129,870) size 4x15
                    text run at (129,870) width 4: " "
                  RenderBR {BR} at (133,882) size 0x0
                  RenderInline {A} at (0,0) size 59x15 [color=#0000EE]
                    RenderText {#text} at (0,885) size 59x15
                      text run at (0,885) width 59: "GRAPHIC"
                  RenderText {#text} at (59,885) size 4x15
                    text run at (59,885) width 4: " "
                  RenderBR {BR} at (63,897) size 0x0
                  RenderInline {A} at (0,0) size 27x15 [color=#0000EE]
                    RenderText {#text} at (0,900) size 27x15
                      text run at (0,900) width 27: "HEX"
                  RenderText {#text} at (27,900) size 4x15
                    text run at (27,900) width 4: " "
                  RenderBR {BR} at (31,912) size 0x0
                  RenderInline {A} at (0,0) size 37x15 [color=#0000EE]
                    RenderText {#text} at (0,915) size 37x15
                      text run at (0,915) width 37: "HOUR"
                  RenderText {#text} at (37,915) size 4x15
                    text run at (37,915) width 4: " "
                  RenderBR {BR} at (41,927) size 0x0
                  RenderInline {A} at (0,0) size 48x15 [color=#0000EE]
                    RenderText {#text} at (0,930) size 48x15
                      text run at (0,930) width 48: "INSERT"
                  RenderText {#text} at (48,930) size 4x15
                    text run at (48,930) width 4: " "
                  RenderBR {BR} at (52,942) size 0x0
                  RenderInline {A} at (0,0) size 58x15 [color=#0000EE]
                    RenderText {#text} at (0,945) size 58x15
                      text run at (0,945) width 58: "INTEGER"
                  RenderText {#text} at (58,945) size 4x15
                    text run at (58,945) width 4: " "
                  RenderBR {BR} at (62,957) size 0x0
                  RenderInline {A} at (0,0) size 79x15 [color=#0000EE]
                    RenderText {#text} at (0,960) size 79x15
                      text run at (0,960) width 79: "JULIAN_DAY"
                  RenderText {#text} at (79,960) size 4x15
                    text run at (79,960) width 4: " "
                  RenderBR {BR} at (83,972) size 0x0
                  RenderInline {A} at (0,0) size 109x15 [color=#0000EE]
                    RenderText {#text} at (0,975) size 109x15
                      text run at (0,975) width 109: "LCASE or LOWER"
                  RenderText {#text} at (109,975) size 4x15
                    text run at (109,975) width 4: " "
                  RenderBR {BR} at (113,987) size 0x0
                  RenderInline {A} at (0,0) size 158x15 [color=#0000EE]
                    RenderText {#text} at (0,990) size 158x15
                      text run at (0,990) width 158: "LCASE (SYSFUN schema)"
                  RenderText {#text} at (158,990) size 4x15
                    text run at (158,990) width 4: " "
                  RenderBR {BR} at (162,1002) size 0x0
                  RenderInline {A} at (0,0) size 32x15 [color=#0000EE]
                    RenderText {#text} at (0,1005) size 32x15
                      text run at (0,1005) width 32: "LEFT"
                  RenderText {#text} at (32,1005) size 4x15
                    text run at (32,1005) width 4: " "
                  RenderBR {BR} at (36,1017) size 0x0
                  RenderInline {A} at (0,0) size 52x15 [color=#0000EE]
                    RenderText {#text} at (0,1020) size 52x15
                      text run at (0,1020) width 52: "LENGTH"
                  RenderText {#text} at (52,1020) size 4x15
                    text run at (52,1020) width 4: " "
                  RenderBR {BR} at (56,1032) size 0x0
                  RenderInline {A} at (0,0) size 16x15 [color=#0000EE]
                    RenderText {#text} at (0,1035) size 16x15
                      text run at (0,1035) width 16: "LN"
                  RenderText {#text} at (16,1035) size 4x15
                    text run at (16,1035) width 4: " "
                  RenderBR {BR} at (20,1047) size 0x0
                  RenderInline {A} at (0,0) size 52x15 [color=#0000EE]
                    RenderText {#text} at (0,1050) size 52x15
                      text run at (0,1050) width 52: "LOCATE"
                  RenderText {#text} at (52,1050) size 4x15
                    text run at (52,1050) width 4: " "
                  RenderBR {BR} at (56,1062) size 0x0
                  RenderInline {A} at (0,0) size 27x15 [color=#0000EE]
                    RenderText {#text} at (0,1065) size 27x15
                      text run at (0,1065) width 27: "LOG"
                  RenderText {#text} at (27,1065) size 4x15
                    text run at (27,1065) width 4: " "
                  RenderBR {BR} at (31,1077) size 0x0
                  RenderInline {A} at (0,0) size 41x15 [color=#0000EE]
                    RenderText {#text} at (0,1080) size 41x15
                      text run at (0,1080) width 41: "LOG10"
                  RenderText {#text} at (41,1080) size 4x15
                    text run at (41,1080) width 4: " "
                  RenderBR {BR} at (45,1092) size 0x0
                  RenderInline {A} at (0,0) size 106x15 [color=#0000EE]
                    RenderText {#text} at (0,1095) size 106x15
                      text run at (0,1095) width 106: "LONG_VARCHAR"
                  RenderText {#text} at (106,1095) size 4x15
                    text run at (106,1095) width 4: " "
                  RenderBR {BR} at (110,1107) size 0x0
                  RenderInline {A} at (0,0) size 129x15 [color=#0000EE]
                    RenderText {#text} at (0,1110) size 129x15
                      text run at (0,1110) width 129: "LONG_VARGRAPHIC"
                  RenderText {#text} at (129,1110) size 4x15
                    text run at (129,1110) width 4: " "
                  RenderBR {BR} at (133,1122) size 0x0
                  RenderInline {A} at (0,0) size 39x15 [color=#0000EE]
                    RenderText {#text} at (0,1125) size 39x15
                      text run at (0,1125) width 39: "LTRIM"
                  RenderText {#text} at (39,1125) size 4x15
                    text run at (39,1125) width 4: " "
                  RenderBR {BR} at (43,1137) size 0x0
                  RenderInline {A} at (0,0) size 154x15 [color=#0000EE]
                    RenderText {#text} at (0,1140) size 154x15
                      text run at (0,1140) width 154: "LTRIM (SYSFUN schema)"
                  RenderText {#text} at (154,1140) size 4x15
                    text run at (154,1140) width 4: " "
                  RenderBR {BR} at (158,1152) size 0x0
                  RenderInline {A} at (0,0) size 98x15 [color=#0000EE]
                    RenderText {#text} at (0,1155) size 98x15
                      text run at (0,1155) width 98: "MICROSECOND"
                  RenderText {#text} at (98,1155) size 4x15
                    text run at (98,1155) width 4: " "
                  RenderBR {BR} at (102,1167) size 0x0
                  RenderInline {A} at (0,0) size 135x15 [color=#0000EE]
                    RenderText {#text} at (0,1170) size 135x15
                      text run at (0,1170) width 135: "MIDNIGHT_SECONDS"
                  RenderText {#text} at (135,1170) size 4x15
                    text run at (135,1170) width 4: " "
                  RenderBR {BR} at (139,1182) size 0x0
                  RenderInline {A} at (0,0) size 50x15 [color=#0000EE]
                    RenderText {#text} at (0,1185) size 50x15
                      text run at (0,1185) width 50: "MINUTE"
                  RenderText {#text} at (50,1185) size 4x15
                    text run at (50,1185) width 4: " "
                  RenderBR {BR} at (54,1197) size 0x0
                  RenderInline {A} at (0,0) size 30x15 [color=#0000EE]
                    RenderText {#text} at (0,1200) size 30x15
                      text run at (0,1200) width 30: "MOD"
                  RenderText {#text} at (30,1200) size 4x15
                    text run at (30,1200) width 4: " "
                  RenderBR {BR} at (34,1212) size 0x0
                  RenderInline {A} at (0,0) size 47x15 [color=#0000EE]
                    RenderText {#text} at (0,1215) size 47x15
                      text run at (0,1215) width 47: "MONTH"
                  RenderText {#text} at (47,1215) size 4x15
                    text run at (47,1215) width 4: " "
                  RenderBR {BR} at (51,1227) size 0x0
                  RenderInline {A} at (0,0) size 85x15 [color=#0000EE]
                    RenderText {#text} at (0,1230) size 85x15
                      text run at (0,1230) width 85: "MONTHNAME"
                  RenderText {#text} at (85,1230) size 4x15
                    text run at (85,1230) width 4: " "
                  RenderBR {BR} at (89,1242) size 0x0
                  RenderInline {A} at (0,0) size 93x15 [color=#0000EE]
                    RenderText {#text} at (0,1245) size 93x15
                      text run at (0,1245) width 93: "NODENUMBER"
                  RenderText {#text} at (93,1245) size 4x15
                    text run at (93,1245) width 4: " "
                  RenderBR {BR} at (97,1257) size 0x0
                  RenderInline {A} at (0,0) size 44x15 [color=#0000EE]
                    RenderText {#text} at (0,1260) size 44x15
                      text run at (0,1260) width 44: "NULLIF"
                  RenderText {#text} at (44,1260) size 4x15
                    text run at (44,1260) width 4: " "
                  RenderBR {BR} at (48,1272) size 0x0
                  RenderInline {A} at (0,0) size 70x15 [color=#0000EE]
                    RenderText {#text} at (0,1275) size 70x15
                      text run at (0,1275) width 70: "PARTITION"
                  RenderText {#text} at (70,1275) size 4x15
                    text run at (70,1275) width 4: " "
                  RenderBR {BR} at (74,1287) size 0x0
                  RenderInline {A} at (0,0) size 54x15 [color=#0000EE]
                    RenderText {#text} at (0,1290) size 54x15
                      text run at (0,1290) width 54: "POSSTR"
                  RenderText {#text} at (54,1290) size 4x15
                    text run at (54,1290) width 4: " "
                  RenderBR {BR} at (58,1302) size 0x0
                  RenderInline {A} at (0,0) size 49x15 [color=#0000EE]
                    RenderText {#text} at (0,1305) size 49x15
                      text run at (0,1305) width 49: "POWER"
                  RenderText {#text} at (49,1305) size 4x15
                    text run at (49,1305) width 4: " "
                  RenderBR {BR} at (53,1317) size 0x0
                  RenderInline {A} at (0,0) size 63x15 [color=#0000EE]
                    RenderText {#text} at (0,1320) size 63x15
                      text run at (0,1320) width 63: "QUARTER"
                  RenderText {#text} at (63,1320) size 4x15
                    text run at (63,1320) width 4: " "
                  RenderBR {BR} at (67,1332) size 0x0
                  RenderInline {A} at (0,0) size 58x15 [color=#0000EE]
                    RenderText {#text} at (0,1335) size 58x15
                      text run at (0,1335) width 58: "RADIANS"
                  RenderText {#text} at (58,1335) size 4x15
                    text run at (58,1335) width 4: " "
                  RenderBR {BR} at (62,1347) size 0x0
                  RenderInline {A} at (0,0) size 93x15 [color=#0000EE]
                    RenderText {#text} at (0,1350) size 93x15
                      text run at (0,1350) width 93: "RAISE_ERROR"
                  RenderText {#text} at (93,1350) size 4x15
                    text run at (93,1350) width 4: " "
                  RenderBR {BR} at (97,1362) size 0x0
                  RenderInline {A} at (0,0) size 36x15 [color=#0000EE]
                    RenderText {#text} at (0,1365) size 36x15
                      text run at (0,1365) width 36: "RAND"
                  RenderText {#text} at (36,1365) size 4x15
                    text run at (36,1365) width 4: " "
                  RenderBR {BR} at (40,1377) size 0x0
                  RenderInline {A} at (0,0) size 34x15 [color=#0000EE]
                    RenderText {#text} at (0,1380) size 34x15
                      text run at (0,1380) width 34: "REAL"
                  RenderText {#text} at (34,1380) size 4x15
                    text run at (34,1380) width 4: " "
                  RenderBR {BR} at (38,1392) size 0x0
                  RenderInline {A} at (0,0) size 53x15 [color=#0000EE]
                    RenderText {#text} at (0,1395) size 53x15
                      text run at (0,1395) width 53: "REPEAT"
                  RenderText {#text} at (53,1395) size 4x15
                    text run at (53,1395) width 4: " "
                  RenderBR {BR} at (57,1407) size 0x0
                  RenderInline {A} at (0,0) size 61x15 [color=#0000EE]
                    RenderText {#text} at (0,1410) size 61x15
                      text run at (0,1410) width 61: "REPLACE"
                  RenderText {#text} at (61,1410) size 4x15
                    text run at (61,1410) width 4: " "
                  RenderBR {BR} at (65,1422) size 0x0
                  RenderInline {A} at (0,0) size 40x15 [color=#0000EE]
                    RenderText {#text} at (0,1425) size 40x15
                      text run at (0,1425) width 40: "RIGHT"
                  RenderText {#text} at (40,1425) size 4x15
                    text run at (40,1425) width 4: " "
                  RenderBR {BR} at (44,1437) size 0x0
                  RenderInline {A} at (0,0) size 46x15 [color=#0000EE]
                    RenderText {#text} at (0,1440) size 46x15
                      text run at (0,1440) width 46: "ROUND"
                  RenderText {#text} at (46,1440) size 4x15
                    text run at (46,1440) width 4: " "
                  RenderBR {BR} at (50,1452) size 0x0
                  RenderInline {A} at (0,0) size 41x15 [color=#0000EE]
                    RenderText {#text} at (0,1455) size 41x15
                      text run at (0,1455) width 41: "RTRIM"
                  RenderText {#text} at (41,1455) size 4x15
                    text run at (41,1455) width 4: " "
                  RenderBR {BR} at (45,1467) size 0x0
                  RenderInline {A} at (0,0) size 156x15 [color=#0000EE]
                    RenderText {#text} at (0,1470) size 156x15
                      text run at (0,1470) width 156: "RTRIM (SYSFUN schema)"
                  RenderText {#text} at (156,1470) size 4x15
                    text run at (156,1470) width 4: " "
                  RenderBR {BR} at (160,1482) size 0x0
                  RenderInline {A} at (0,0) size 55x15 [color=#0000EE]
                    RenderText {#text} at (0,1485) size 55x15
                      text run at (0,1485) width 55: "SECOND"
                  RenderText {#text} at (55,1485) size 4x15
                    text run at (55,1485) width 4: " "
                  RenderBR {BR} at (59,1497) size 0x0
                  RenderInline {A} at (0,0) size 32x15 [color=#0000EE]
                    RenderText {#text} at (0,1500) size 32x15
                      text run at (0,1500) width 32: "SIGN"
                  RenderText {#text} at (32,1500) size 4x15
                    text run at (32,1500) width 4: " "
                  RenderBR {BR} at (36,1512) size 0x0
                  RenderInline {A} at (0,0) size 22x15 [color=#0000EE]
                    RenderText {#text} at (0,1515) size 22x15
                      text run at (0,1515) width 22: "SIN"
                  RenderText {#text} at (22,1515) size 4x15
                    text run at (22,1515) width 4: " "
                  RenderBR {BR} at (26,1527) size 0x0
                  RenderInline {A} at (0,0) size 64x15 [color=#0000EE]
                    RenderText {#text} at (0,1530) size 64x15
                      text run at (0,1530) width 64: "SMALLINT"
                  RenderText {#text} at (64,1530) size 4x15
                    text run at (64,1530) width 4: " "
                  RenderBR {BR} at (68,1542) size 0x0
                  RenderInline {A} at (0,0) size 64x15 [color=#0000EE]
                    RenderText {#text} at (0,1545) size 64x15
                      text run at (0,1545) width 64: "SOUNDEX"
                  RenderText {#text} at (64,1545) size 4x15
                    text run at (64,1545) width 4: " "
                  RenderBR {BR} at (68,1557) size 0x0
                  RenderInline {A} at (0,0) size 45x15 [color=#0000EE]
                    RenderText {#text} at (0,1560) size 45x15
                      text run at (0,1560) width 45: "SPACE"
                  RenderText {#text} at (45,1560) size 4x15
                    text run at (45,1560) width 4: " "
                  RenderBR {BR} at (49,1572) size 0x0
                  RenderInline {A} at (0,0) size 36x15 [color=#0000EE]
                    RenderText {#text} at (0,1575) size 36x15
                      text run at (0,1575) width 36: "SQRT"
                  RenderText {#text} at (36,1575) size 4x15
                    text run at (36,1575) width 4: " "
                  RenderBR {BR} at (40,1587) size 0x0
                  RenderInline {A} at (0,0) size 53x15 [color=#0000EE]
                    RenderText {#text} at (0,1590) size 53x15
                      text run at (0,1590) width 53: "SUBSTR"
                  RenderText {#text} at (53,1590) size 4x15
                    text run at (53,1590) width 4: " "
                  RenderBR {BR} at (57,1602) size 0x0
                  RenderInline {A} at (0,0) size 87x15 [color=#0000EE]
                    RenderText {#text} at (0,1605) size 87x15
                      text run at (0,1605) width 87: "TABLE_NAME"
                  RenderText {#text} at (87,1605) size 4x15
                    text run at (87,1605) width 4: " "
                  RenderBR {BR} at (91,1617) size 0x0
                  RenderInline {A} at (0,0) size 105x15 [color=#0000EE]
                    RenderText {#text} at (0,1620) size 105x15
                      text run at (0,1620) width 105: "TABLE_SCHEMA"
                  RenderText {#text} at (105,1620) size 4x15
                    text run at (105,1620) width 4: " "
                  RenderBR {BR} at (109,1632) size 0x0
                  RenderInline {A} at (0,0) size 26x15 [color=#0000EE]
                    RenderText {#text} at (0,1635) size 26x15
                      text run at (0,1635) width 26: "TAN"
                  RenderText {#text} at (26,1635) size 4x15
                    text run at (26,1635) width 4: " "
                  RenderBR {BR} at (30,1647) size 0x0
                  RenderInline {A} at (0,0) size 32x15 [color=#0000EE]
                    RenderText {#text} at (0,1650) size 32x15
                      text run at (0,1650) width 32: "TIME"
                  RenderText {#text} at (32,1650) size 4x15
                    text run at (32,1650) width 4: " "
                  RenderBR {BR} at (36,1662) size 0x0
                  RenderInline {A} at (0,0) size 78x15 [color=#0000EE]
                    RenderText {#text} at (0,1665) size 78x15
                      text run at (0,1665) width 78: "TIMESTAMP"
                  RenderText {#text} at (78,1665) size 4x15
                    text run at (78,1665) width 4: " "
                  RenderBR {BR} at (82,1677) size 0x0
                  RenderInline {A} at (0,0) size 108x15 [color=#0000EE]
                    RenderText {#text} at (0,1680) size 108x15
                      text run at (0,1680) width 108: "TIMESTAMP_ISO"
                  RenderText {#text} at (108,1680) size 4x15
                    text run at (108,1680) width 4: " "
                  RenderBR {BR} at (112,1692) size 0x0
                  RenderInline {A} at (0,0) size 107x15 [color=#0000EE]
                    RenderText {#text} at (0,1695) size 107x15
                      text run at (0,1695) width 107: "TIMESTAMPDIFF"
                  RenderText {#text} at (107,1695) size 4x15
                    text run at (107,1695) width 4: " "
                  RenderBR {BR} at (111,1707) size 0x0
                  RenderInline {A} at (0,0) size 77x15 [color=#0000EE]
                    RenderText {#text} at (0,1710) size 77x15
                      text run at (0,1710) width 77: "TRANSLATE"
                  RenderText {#text} at (77,1710) size 4x15
                    text run at (77,1710) width 4: " "
                  RenderBR {BR} at (81,1722) size 0x0
                  RenderInline {A} at (0,0) size 133x15 [color=#0000EE]
                    RenderText {#text} at (0,1725) size 133x15
                      text run at (0,1725) width 133: "TRUNCATE or TRUNC"
                  RenderText {#text} at (133,1725) size 4x15
                    text run at (133,1725) width 4: " "
                  RenderBR {BR} at (137,1737) size 0x0
                  RenderInline {A} at (0,0) size 55x15 [color=#0000EE]
                    RenderText {#text} at (0,1740) size 55x15
                      text run at (0,1740) width 55: "TYPE_ID"
                  RenderText {#text} at (55,1740) size 4x15
                    text run at (55,1740) width 4: " "
                  RenderBR {BR} at (59,1752) size 0x0
                  RenderInline {A} at (0,0) size 80x15 [color=#0000EE]
                    RenderText {#text} at (0,1755) size 80x15
                      text run at (0,1755) width 80: "TYPE_NAME"
                  RenderText {#text} at (80,1755) size 4x15
                    text run at (80,1755) width 4: " "
                  RenderBR {BR} at (84,1767) size 0x0
                  RenderInline {A} at (0,0) size 98x15 [color=#0000EE]
                    RenderText {#text} at (0,1770) size 98x15
                      text run at (0,1770) width 98: "TYPE_SCHEMA"
                  RenderText {#text} at (98,1770) size 4x15
                    text run at (98,1770) width 4: " "
                  RenderBR {BR} at (102,1782) size 0x0
                  RenderInline {A} at (0,0) size 109x15 [color=#0000EE]
                    RenderText {#text} at (0,1785) size 109x15
                      text run at (0,1785) width 109: "UCASE or UPPER"
                  RenderText {#text} at (109,1785) size 4x15
                    text run at (109,1785) width 4: " "
                  RenderBR {BR} at (113,1797) size 0x0
                  RenderInline {A} at (0,0) size 43x15 [color=#0000EE]
                    RenderText {#text} at (0,1800) size 43x15
                      text run at (0,1800) width 43: "VALUE"
                  RenderText {#text} at (43,1800) size 4x15
                    text run at (43,1800) width 4: " "
                  RenderBR {BR} at (47,1812) size 0x0
                  RenderInline {A} at (0,0) size 63x15 [color=#0000EE]
                    RenderText {#text} at (0,1815) size 63x15
                      text run at (0,1815) width 63: "VARCHAR"
                  RenderText {#text} at (63,1815) size 4x15
                    text run at (63,1815) width 4: " "
                  RenderBR {BR} at (67,1827) size 0x0
                  RenderInline {A} at (0,0) size 86x15 [color=#0000EE]
                    RenderText {#text} at (0,1830) size 86x15
                      text run at (0,1830) width 86: "VARGRAPHIC"
                  RenderText {#text} at (86,1830) size 4x15
                    text run at (86,1830) width 4: " "
                  RenderBR {BR} at (90,1842) size 0x0
                  RenderInline {A} at (0,0) size 39x15 [color=#0000EE]
                    RenderText {#text} at (0,1845) size 39x15
                      text run at (0,1845) width 39: "WEEK"
                  RenderText {#text} at (39,1845) size 4x15
                    text run at (39,1845) width 4: " "
                  RenderBR {BR} at (43,1857) size 0x0
                  RenderInline {A} at (0,0) size 69x15 [color=#0000EE]
                    RenderText {#text} at (0,1860) size 69x15
                      text run at (0,1860) width 69: "WEEK_ISO"
                  RenderText {#text} at (69,1860) size 4x15
                    text run at (69,1860) width 4: " "
                  RenderBR {BR} at (73,1872) size 0x0
                  RenderInline {A} at (0,0) size 36x15 [color=#0000EE]
                    RenderText {#text} at (0,1875) size 36x15
                      text run at (0,1875) width 36: "YEAR"
                  RenderText {#text} at (36,1875) size 4x15
                    text run at (36,1875) width 4: " "
                  RenderBR {BR} at (40,1887) size 0x0
                  RenderInline {A} at (0,0) size 93x15 [color=#0000EE]
                    RenderText {#text} at (0,1890) size 93x15
                      text run at (0,1890) width 93: "Table Functions"
                  RenderText {#text} at (93,1890) size 4x15
                    text run at (93,1890) width 4: " "
                  RenderBR {BR} at (97,1902) size 0x0
                  RenderInline {A} at (0,0) size 150x15 [color=#0000EE]
                    RenderText {#text} at (0,1905) size 150x15
                      text run at (0,1905) width 150: "SQLCACHE_SNAPSHOT"
                  RenderText {#text} at (150,1905) size 4x15
                    text run at (150,1905) width 4: " "
                  RenderBR {BR} at (154,1917) size 0x0
                  RenderInline {A} at (0,0) size 136x15 [color=#0000EE]
                    RenderText {#text} at (0,1920) size 136x15
                      text run at (0,1920) width 136: "User-Defined Functions"
                  RenderText {#text} at (0,0) size 0x0
                RenderBlock {P} at (0,5161) size 715x346
                  RenderInline {B} at (0,0) size 48x15
                    RenderInline {A} at (0,0) size 48x15 [color=#0000EE]
                      RenderText {#text} at (0,0) size 48x15
                        text run at (0,0) width 48: "Queries"
                  RenderBR {BR} at (48,12) size 0x0
                  RenderBR {BR} at (0,15) size 0x15
                  RenderInline {A} at (0,0) size 56x15 [color=#0000EE]
                    RenderText {#text} at (0,30) size 56x15
                      text run at (0,30) width 56: "subselect"
                  RenderText {#text} at (56,30) size 4x15
                    text run at (56,30) width 4: " "
                  RenderBR {BR} at (60,42) size 0x0
                  RenderInline {A} at (0,0) size 77x15 [color=#0000EE]
                    RenderText {#text} at (0,45) size 77x15
                      text run at (0,45) width 77: "select-clause"
                  RenderText {#text} at (77,45) size 4x15
                    text run at (77,45) width 4: " "
                  RenderBR {BR} at (81,57) size 0x0
                  RenderInline {A} at (0,0) size 68x15 [color=#0000EE]
                    RenderText {#text} at (0,60) size 68x15
                      text run at (0,60) width 68: "from-clause"
                  RenderText {#text} at (68,60) size 4x15
                    text run at (68,60) width 4: " "
                  RenderBR {BR} at (72,72) size 0x0
                  RenderInline {A} at (0,0) size 86x15 [color=#0000EE]
                    RenderText {#text} at (0,75) size 86x15
                      text run at (0,75) width 86: "table-reference"
                  RenderText {#text} at (86,75) size 4x15
                    text run at (86,75) width 4: " "
                  RenderBR {BR} at (90,87) size 0x0
                  RenderInline {A} at (0,0) size 66x15 [color=#0000EE]
                    RenderText {#text} at (0,90) size 66x15
                      text run at (0,90) width 66: "joined-table"
                  RenderText {#text} at (66,90) size 4x15
                    text run at (66,90) width 4: " "
                  RenderBR {BR} at (70,102) size 0x0
                  RenderInline {A} at (0,0) size 76x15 [color=#0000EE]
                    RenderText {#text} at (0,105) size 76x15
                      text run at (0,105) width 76: "where-clause"
                  RenderText {#text} at (76,105) size 4x15
                    text run at (76,105) width 4: " "
                  RenderBR {BR} at (80,117) size 0x0
                  RenderInline {A} at (0,0) size 92x15 [color=#0000EE]
                    RenderText {#text} at (0,120) size 92x15
                      text run at (0,120) width 92: "group-by-clause"
                  RenderText {#text} at (92,120) size 4x15
                    text run at (92,120) width 4: " "
                  RenderBR {BR} at (96,132) size 0x0
                  RenderInline {A} at (0,0) size 80x15 [color=#0000EE]
                    RenderText {#text} at (0,135) size 80x15
                      text run at (0,135) width 80: "having-clause"
                  RenderText {#text} at (80,135) size 4x15
                    text run at (80,135) width 4: " "
                  RenderBR {BR} at (84,147) size 0x0
                  RenderInline {A} at (0,0) size 140x15 [color=#0000EE]
                    RenderText {#text} at (0,150) size 140x15
                      text run at (0,150) width 140: "Examples of subselects"
                  RenderText {#text} at (140,150) size 4x15
                    text run at (140,150) width 4: " "
                  RenderBR {BR} at (144,162) size 0x0
                  RenderInline {A} at (0,0) size 108x15 [color=#0000EE]
                    RenderText {#text} at (0,165) size 108x15
                      text run at (0,165) width 108: "Examples of Joins"
                  RenderText {#text} at (108,165) size 4x15
                    text run at (108,165) width 4: " "
                  RenderBR {BR} at (112,177) size 0x0
                  RenderInline {A} at (0,0) size 267x15 [color=#0000EE]
                    RenderText {#text} at (0,180) size 267x15
                      text run at (0,180) width 267: "Examples of Grouping Sets, Cube, and Rollup"
                  RenderText {#text} at (267,180) size 4x15
                    text run at (267,180) width 4: " "
                  RenderBR {BR} at (271,192) size 0x0
                  RenderInline {A} at (0,0) size 52x15 [color=#0000EE]
                    RenderText {#text} at (0,195) size 52x15
                      text run at (0,195) width 52: "fullselect"
                  RenderText {#text} at (52,195) size 4x15
                    text run at (52,195) width 4: " "
                  RenderBR {BR} at (56,207) size 0x0
                  RenderInline {A} at (0,0) size 140x15 [color=#0000EE]
                    RenderText {#text} at (0,210) size 140x15
                      text run at (0,210) width 140: "Examples of a fullselect"
                  RenderText {#text} at (140,210) size 4x15
                    text run at (140,210) width 4: " "
                  RenderBR {BR} at (144,222) size 0x0
                  RenderInline {A} at (0,0) size 97x15 [color=#0000EE]
                    RenderText {#text} at (0,225) size 97x15
                      text run at (0,225) width 97: "select-statement"
                  RenderText {#text} at (97,225) size 4x15
                    text run at (97,225) width 4: " "
                  RenderBR {BR} at (101,237) size 0x0
                  RenderInline {A} at (0,0) size 149x15 [color=#0000EE]
                    RenderText {#text} at (0,240) size 149x15
                      text run at (0,240) width 149: "common-table-expression"
                  RenderText {#text} at (149,240) size 4x15
                    text run at (149,240) width 4: " "
                  RenderBR {BR} at (153,252) size 0x0
                  RenderInline {A} at (0,0) size 89x15 [color=#0000EE]
                    RenderText {#text} at (0,255) size 89x15
                      text run at (0,255) width 89: "order-by-clause"
                  RenderText {#text} at (89,255) size 4x15
                    text run at (89,255) width 4: " "
                  RenderBR {BR} at (93,267) size 0x0
                  RenderInline {A} at (0,0) size 81x15 [color=#0000EE]
                    RenderText {#text} at (0,270) size 81x15
                      text run at (0,270) width 81: "update-clause"
                  RenderText {#text} at (81,270) size 4x15
                    text run at (81,270) width 4: " "
                  RenderBR {BR} at (85,282) size 0x0
                  RenderInline {A} at (0,0) size 95x15 [color=#0000EE]
                    RenderText {#text} at (0,285) size 95x15
                      text run at (0,285) width 95: "read-only-clause"
                  RenderText {#text} at (95,285) size 4x15
                    text run at (95,285) width 4: " "
                  RenderBR {BR} at (99,297) size 0x0
                  RenderInline {A} at (0,0) size 97x15 [color=#0000EE]
                    RenderText {#text} at (0,300) size 97x15
                      text run at (0,300) width 97: "fetch-first-clause"
                  RenderText {#text} at (97,300) size 4x15
                    text run at (97,300) width 4: " "
                  RenderBR {BR} at (101,312) size 0x0
                  RenderInline {A} at (0,0) size 110x15 [color=#0000EE]
                    RenderText {#text} at (0,315) size 110x15
                      text run at (0,315) width 110: "optimize-for-clause"
                  RenderText {#text} at (110,315) size 4x15
                    text run at (110,315) width 4: " "
                  RenderBR {BR} at (114,327) size 0x0
                  RenderInline {A} at (0,0) size 185x15 [color=#0000EE]
                    RenderText {#text} at (0,330) size 185x15
                      text run at (0,330) width 185: "Examples of a select-statement"
                  RenderText {#text} at (0,0) size 0x0
                RenderBlock {P} at (0,5519) size 715x1771
                  RenderInline {B} at (0,0) size 100x15
                    RenderInline {A} at (0,0) size 100x15 [color=#0000EE]
                      RenderText {#text} at (0,0) size 100x15
                        text run at (0,0) width 100: "SQL Statements"
                  RenderBR {BR} at (100,12) size 0x0
                  RenderBR {BR} at (0,15) size 0x15
                  RenderInline {A} at (0,0) size 200x15 [color=#0000EE]
                    RenderText {#text} at (0,30) size 200x15
                      text run at (0,30) width 200: "How SQL Statements Are Invoked"
                  RenderText {#text} at (200,30) size 4x15
                    text run at (200,30) width 4: " "
                  RenderBR {BR} at (204,42) size 0x0
                  RenderInline {A} at (0,0) size 293x15 [color=#0000EE]
                    RenderText {#text} at (0,45) size 293x15
                      text run at (0,45) width 293: "Embedding a Statement in an Application Program"
                  RenderText {#text} at (293,45) size 4x15
                    text run at (293,45) width 4: " "
                  RenderBR {BR} at (297,57) size 0x0
                  RenderInline {A} at (0,0) size 208x15 [color=#0000EE]
                    RenderText {#text} at (0,60) size 208x15
                      text run at (0,60) width 208: "Dynamic Preparation and Execution"
                  RenderText {#text} at (208,60) size 4x15
                    text run at (208,60) width 4: " "
                  RenderBR {BR} at (212,72) size 0x0
                  RenderInline {A} at (0,0) size 225x15 [color=#0000EE]
                    RenderText {#text} at (0,75) size 225x15
                      text run at (0,75) width 225: "Static Invocation of a select-statement"
                  RenderText {#text} at (225,75) size 4x15
                    text run at (225,75) width 4: " "
                  RenderBR {BR} at (229,87) size 0x0
                  RenderInline {A} at (0,0) size 242x15 [color=#0000EE]
                    RenderText {#text} at (0,90) size 242x15
                      text run at (0,90) width 242: "Dynamic Invocation of a select-statement"
                  RenderText {#text} at (242,90) size 4x15
                    text run at (242,90) width 4: " "
                  RenderBR {BR} at (246,102) size 0x0
                  RenderInline {A} at (0,0) size 125x15 [color=#0000EE]
                    RenderText {#text} at (0,105) size 125x15
                      text run at (0,105) width 125: "Interactive Invocation"
                  RenderText {#text} at (125,105) size 4x15
                    text run at (125,105) width 4: " "
                  RenderBR {BR} at (129,117) size 0x0
                  RenderInline {A} at (0,0) size 109x15 [color=#0000EE]
                    RenderText {#text} at (0,120) size 109x15
                      text run at (0,120) width 109: "SQL Return Codes"
                  RenderText {#text} at (109,120) size 4x15
                    text run at (109,120) width 4: " "
                  RenderBR {BR} at (113,132) size 0x0
                  RenderInline {A} at (0,0) size 63x15 [color=#0000EE]
                    RenderText {#text} at (0,135) size 63x15
                      text run at (0,135) width 63: "SQLCODE"
                  RenderText {#text} at (63,135) size 4x15
                    text run at (63,135) width 4: " "
                  RenderBR {BR} at (67,147) size 0x0
                  RenderInline {A} at (0,0) size 69x15 [color=#0000EE]
                    RenderText {#text} at (0,150) size 69x15
                      text run at (0,150) width 69: "SQLSTATE"
                  RenderText {#text} at (69,150) size 4x15
                    text run at (69,150) width 4: " "
                  RenderBR {BR} at (73,162) size 0x0
                  RenderInline {A} at (0,0) size 93x15 [color=#0000EE]
                    RenderText {#text} at (0,165) size 93x15
                      text run at (0,165) width 93: "SQL Comments"
                  RenderText {#text} at (93,165) size 4x15
                    text run at (93,165) width 4: " "
                  RenderBR {BR} at (97,177) size 0x0
                  RenderInline {A} at (0,0) size 134x15 [color=#0000EE]
                    RenderText {#text} at (0,180) size 134x15
                      text run at (0,180) width 134: "ALTER BUFFERPOOL"
                  RenderText {#text} at (134,180) size 4x15
                    text run at (134,180) width 4: " "
                  RenderBR {BR} at (138,192) size 0x0
                  RenderInline {A} at (0,0) size 115x15 [color=#0000EE]
                    RenderText {#text} at (0,195) size 115x15
                      text run at (0,195) width 115: "ALTER NICKNAME"
                  RenderText {#text} at (115,195) size 4x15
                    text run at (115,195) width 4: " "
                  RenderBR {BR} at (119,207) size 0x0
                  RenderInline {A} at (0,0) size 130x15 [color=#0000EE]
                    RenderText {#text} at (0,210) size 130x15
                      text run at (0,210) width 130: "ALTER NODEGROUP"
                  RenderText {#text} at (130,210) size 4x15
                    text run at (130,210) width 4: " "
                  RenderBR {BR} at (134,222) size 0x0
                  RenderInline {A} at (0,0) size 100x15 [color=#0000EE]
                    RenderText {#text} at (0,225) size 100x15
                      text run at (0,225) width 100: "ALTER SERVER"
                  RenderText {#text} at (100,225) size 4x15
                    text run at (100,225) width 4: " "
                  RenderBR {BR} at (104,237) size 0x0
                  RenderInline {A} at (0,0) size 88x15 [color=#0000EE]
                    RenderText {#text} at (0,240) size 88x15
                      text run at (0,240) width 88: "ALTER TABLE"
                  RenderText {#text} at (88,240) size 4x15
                    text run at (88,240) width 4: " "
                  RenderBR {BR} at (92,252) size 0x0
                  RenderInline {A} at (0,0) size 133x15 [color=#0000EE]
                    RenderText {#text} at (0,255) size 133x15
                      text run at (0,255) width 133: "ALTER TABLESPACE"
                  RenderText {#text} at (133,255) size 4x15
                    text run at (133,255) width 4: " "
                  RenderBR {BR} at (137,267) size 0x0
                  RenderInline {A} at (0,0) size 153x15 [color=#0000EE]
                    RenderText {#text} at (0,270) size 153x15
                      text run at (0,270) width 153: "ALTER TYPE (Structured)"
                  RenderText {#text} at (153,270) size 4x15
                    text run at (153,270) width 4: " "
                  RenderBR {BR} at (157,282) size 0x0
                  RenderInline {A} at (0,0) size 147x15 [color=#0000EE]
                    RenderText {#text} at (0,285) size 147x15
                      text run at (0,285) width 147: "ALTER USER MAPPING"
                  RenderText {#text} at (147,285) size 4x15
                    text run at (147,285) width 4: " "
                  RenderBR {BR} at (151,297) size 0x0
                  RenderInline {A} at (0,0) size 80x15 [color=#0000EE]
                    RenderText {#text} at (0,300) size 80x15
                      text run at (0,300) width 80: "ALTER VIEW"
                  RenderText {#text} at (80,300) size 4x15
                    text run at (80,300) width 4: " "
                  RenderBR {BR} at (84,312) size 0x0
                  RenderInline {A} at (0,0) size 168x15 [color=#0000EE]
                    RenderText {#text} at (0,315) size 168x15
                      text run at (0,315) width 168: "BEGIN DECLARE SECTION"
                  RenderText {#text} at (168,315) size 4x15
                    text run at (168,315) width 4: " "
                  RenderBR {BR} at (172,327) size 0x0
                  RenderInline {A} at (0,0) size 32x15 [color=#0000EE]
                    RenderText {#text} at (0,330) size 32x15
                      text run at (0,330) width 32: "CALL"
                  RenderText {#text} at (32,330) size 4x15
                    text run at (32,330) width 4: " "
                  RenderBR {BR} at (36,342) size 0x0
                  RenderInline {A} at (0,0) size 44x15 [color=#0000EE]
                    RenderText {#text} at (0,345) size 44x15
                      text run at (0,345) width 44: "CLOSE"
                  RenderText {#text} at (44,345) size 4x15
                    text run at (44,345) width 4: " "
                  RenderBR {BR} at (48,357) size 0x0
                  RenderInline {A} at (0,0) size 90x15 [color=#0000EE]
                    RenderText {#text} at (0,360) size 90x15
                      text run at (0,360) width 90: "COMMENT ON"
                  RenderText {#text} at (90,360) size 4x15
                    text run at (90,360) width 4: " "
                  RenderBR {BR} at (94,372) size 0x0
                  RenderInline {A} at (0,0) size 53x15 [color=#0000EE]
                    RenderText {#text} at (0,375) size 53x15
                      text run at (0,375) width 53: "COMMIT"
                  RenderText {#text} at (53,375) size 4x15
                    text run at (53,375) width 4: " "
                  RenderBR {BR} at (57,387) size 0x0
                  RenderInline {A} at (0,0) size 166x15 [color=#0000EE]
                    RenderText {#text} at (0,390) size 166x15
                      text run at (0,390) width 166: "Compound SQL (Embedded)"
                  RenderText {#text} at (166,390) size 4x15
                    text run at (166,390) width 4: " "
                  RenderBR {BR} at (170,402) size 0x0
                  RenderInline {A} at (0,0) size 115x15 [color=#0000EE]
                    RenderText {#text} at (0,405) size 115x15
                      text run at (0,405) width 115: "CONNECT (Type 1)"
                  RenderText {#text} at (115,405) size 4x15
                    text run at (115,405) width 4: " "
                  RenderBR {BR} at (119,417) size 0x0
                  RenderInline {A} at (0,0) size 115x15 [color=#0000EE]
                    RenderText {#text} at (0,420) size 115x15
                      text run at (0,420) width 115: "CONNECT (Type 2)"
                  RenderText {#text} at (115,420) size 4x15
                    text run at (115,420) width 4: " "
                  RenderBR {BR} at (119,432) size 0x0
                  RenderInline {A} at (0,0) size 95x15 [color=#0000EE]
                    RenderText {#text} at (0,435) size 95x15
                      text run at (0,435) width 95: "CREATE ALIAS"
                  RenderText {#text} at (95,435) size 4x15
                    text run at (95,435) width 4: " "
                  RenderBR {BR} at (99,447) size 0x0
                  RenderInline {A} at (0,0) size 145x15 [color=#0000EE]
                    RenderText {#text} at (0,450) size 145x15
                      text run at (0,450) width 145: "CREATE BUFFERPOOL"
                  RenderText {#text} at (145,450) size 4x15
                    text run at (145,450) width 4: " "
                  RenderBR {BR} at (149,462) size 0x0
                  RenderInline {A} at (0,0) size 156x15 [color=#0000EE]
                    RenderText {#text} at (0,465) size 156x15
                      text run at (0,465) width 156: "CREATE DISTINCT TYPE"
                  RenderText {#text} at (156,465) size 4x15
                    text run at (156,465) width 4: " "
                  RenderBR {BR} at (160,477) size 0x0
                  RenderInline {A} at (0,0) size 166x15 [color=#0000EE]
                    RenderText {#text} at (0,480) size 166x15
                      text run at (0,480) width 166: "CREATE EVENT MONITOR"
                  RenderText {#text} at (166,480) size 4x15
                    text run at (166,480) width 4: " "
                  RenderBR {BR} at (170,492) size 0x0
                  RenderInline {A} at (0,0) size 123x15 [color=#0000EE]
                    RenderText {#text} at (0,495) size 123x15
                      text run at (0,495) width 123: "CREATE FUNCTION"
                  RenderText {#text} at (123,495) size 4x15
                    text run at (123,495) width 4: " "
                  RenderBR {BR} at (127,507) size 0x0
                  RenderInline {A} at (0,0) size 224x15 [color=#0000EE]
                    RenderText {#text} at (0,510) size 224x15
                      text run at (0,510) width 224: "CREATE FUNCTION (External Scalar)"
                  RenderText {#text} at (224,510) size 4x15
                    text run at (224,510) width 4: " "
                  RenderBR {BR} at (228,522) size 0x0
                  RenderInline {A} at (0,0) size 219x15 [color=#0000EE]
                    RenderText {#text} at (0,525) size 219x15
                      text run at (0,525) width 219: "CREATE FUNCTION (External Table)"
                  RenderText {#text} at (219,525) size 4x15
                    text run at (219,525) width 4: " "
                  RenderBR {BR} at (223,537) size 0x0
                  RenderInline {A} at (0,0) size 271x15 [color=#0000EE]
                    RenderText {#text} at (0,540) size 271x15
                      text run at (0,540) width 271: "CREATE FUNCTION (OLE DB External Table)"
                  RenderText {#text} at (271,540) size 4x15
                    text run at (271,540) width 4: " "
                  RenderBR {BR} at (275,552) size 0x0
                  RenderInline {A} at (0,0) size 249x15 [color=#0000EE]
                    RenderText {#text} at (0,555) size 249x15
                      text run at (0,555) width 249: "CREATE FUNCTION (Source or Template)"
                  RenderText {#text} at (249,555) size 4x15
                    text run at (249,555) width 4: " "
                  RenderBR {BR} at (253,567) size 0x0
                  RenderInline {A} at (0,0) size 286x15 [color=#0000EE]
                    RenderText {#text} at (0,570) size 286x15
                      text run at (0,570) width 286: "CREATE FUNCTION (SQL Scalar, Table or Row)"
                  RenderText {#text} at (286,570) size 4x15
                    text run at (286,570) width 4: " "
                  RenderBR {BR} at (290,582) size 0x0
                  RenderInline {A} at (0,0) size 188x15 [color=#0000EE]
                    RenderText {#text} at (0,585) size 188x15
                      text run at (0,585) width 188: "CREATE FUNCTION MAPPING"
                  RenderText {#text} at (188,585) size 4x15
                    text run at (188,585) width 4: " "
                  RenderBR {BR} at (192,597) size 0x0
                  RenderInline {A} at (0,0) size 97x15 [color=#0000EE]
                    RenderText {#text} at (0,600) size 97x15
                      text run at (0,600) width 97: "CREATE INDEX"
                  RenderText {#text} at (97,600) size 4x15
                    text run at (97,600) width 4: " "
                  RenderBR {BR} at (101,612) size 0x0
                  RenderInline {A} at (0,0) size 177x15 [color=#0000EE]
                    RenderText {#text} at (0,615) size 177x15
                      text run at (0,615) width 177: "CREATE INDEX EXTENSION"
                  RenderText {#text} at (177,615) size 4x15
                    text run at (177,615) width 4: " "
                  RenderBR {BR} at (181,627) size 0x0
                  RenderInline {A} at (0,0) size 113x15 [color=#0000EE]
                    RenderText {#text} at (0,630) size 113x15
                      text run at (0,630) width 113: "CREATE METHOD"
                  RenderText {#text} at (113,630) size 4x15
                    text run at (113,630) width 4: " "
                  RenderBR {BR} at (117,642) size 0x0
                  RenderInline {A} at (0,0) size 126x15 [color=#0000EE]
                    RenderText {#text} at (0,645) size 126x15
                      text run at (0,645) width 126: "CREATE NICKNAME"
                  RenderText {#text} at (126,645) size 4x15
                    text run at (126,645) width 4: " "
                  RenderBR {BR} at (130,657) size 0x0
                  RenderInline {A} at (0,0) size 141x15 [color=#0000EE]
                    RenderText {#text} at (0,660) size 141x15
                      text run at (0,660) width 141: "CREATE NODEGROUP"
                  RenderText {#text} at (141,660) size 4x15
                    text run at (141,660) width 4: " "
                  RenderBR {BR} at (145,672) size 0x0
                  RenderInline {A} at (0,0) size 139x15 [color=#0000EE]
                    RenderText {#text} at (0,675) size 139x15
                      text run at (0,675) width 139: "CREATE PROCEDURE"
                  RenderText {#text} at (139,675) size 4x15
                    text run at (139,675) width 4: " "
                  RenderBR {BR} at (143,687) size 0x0
                  RenderInline {A} at (0,0) size 113x15 [color=#0000EE]
                    RenderText {#text} at (0,690) size 113x15
                      text run at (0,690) width 113: "CREATE SCHEMA"
                  RenderText {#text} at (113,690) size 4x15
                    text run at (113,690) width 4: " "
                  RenderBR {BR} at (117,702) size 0x0
                  RenderInline {A} at (0,0) size 111x15 [color=#0000EE]
                    RenderText {#text} at (0,705) size 111x15
                      text run at (0,705) width 111: "CREATE SERVER"
                  RenderText {#text} at (111,705) size 4x15
                    text run at (111,705) width 4: " "
                  RenderBR {BR} at (115,717) size 0x0
                  RenderInline {A} at (0,0) size 99x15 [color=#0000EE]
                    RenderText {#text} at (0,720) size 99x15
                      text run at (0,720) width 99: "CREATE TABLE"
                  RenderText {#text} at (99,720) size 4x15
                    text run at (99,720) width 4: " "
                  RenderBR {BR} at (103,732) size 0x0
                  RenderInline {A} at (0,0) size 144x15 [color=#0000EE]
                    RenderText {#text} at (0,735) size 144x15
                      text run at (0,735) width 144: "CREATE TABLESPACE"
                  RenderText {#text} at (144,735) size 4x15
                    text run at (144,735) width 4: " "
                  RenderBR {BR} at (148,747) size 0x0
                  RenderInline {A} at (0,0) size 139x15 [color=#0000EE]
                    RenderText {#text} at (0,750) size 139x15
                      text run at (0,750) width 139: "CREATE TRANSFORM"
                  RenderText {#text} at (139,750) size 4x15
                    text run at (139,750) width 4: " "
                  RenderBR {BR} at (143,762) size 0x0
                  RenderInline {A} at (0,0) size 116x15 [color=#0000EE]
                    RenderText {#text} at (0,765) size 116x15
                      text run at (0,765) width 116: "CREATE TRIGGER"
                  RenderText {#text} at (116,765) size 4x15
                    text run at (116,765) width 4: " "
                  RenderBR {BR} at (120,777) size 0x0
                  RenderInline {A} at (0,0) size 164x15 [color=#0000EE]
                    RenderText {#text} at (0,780) size 164x15
                      text run at (0,780) width 164: "CREATE TYPE (Structured)"
                  RenderText {#text} at (164,780) size 4x15
                    text run at (164,780) width 4: " "
                  RenderBR {BR} at (168,792) size 0x0
                  RenderInline {A} at (0,0) size 157x15 [color=#0000EE]
                    RenderText {#text} at (0,795) size 157x15
                      text run at (0,795) width 157: "CREATE TYPE MAPPING"
                  RenderText {#text} at (157,795) size 4x15
                    text run at (157,795) width 4: " "
                  RenderBR {BR} at (161,807) size 0x0
                  RenderInline {A} at (0,0) size 158x15 [color=#0000EE]
                    RenderText {#text} at (0,810) size 158x15
                      text run at (0,810) width 158: "CREATE USER MAPPING"
                  RenderText {#text} at (158,810) size 4x15
                    text run at (158,810) width 4: " "
                  RenderBR {BR} at (162,822) size 0x0
                  RenderInline {A} at (0,0) size 91x15 [color=#0000EE]
                    RenderText {#text} at (0,825) size 91x15
                      text run at (0,825) width 91: "CREATE VIEW"
                  RenderText {#text} at (91,825) size 4x15
                    text run at (91,825) width 4: " "
                  RenderBR {BR} at (95,837) size 0x0
                  RenderInline {A} at (0,0) size 123x15 [color=#0000EE]
                    RenderText {#text} at (0,840) size 123x15
                      text run at (0,840) width 123: "CREATE WRAPPER"
                  RenderText {#text} at (123,840) size 4x15
                    text run at (123,840) width 4: " "
                  RenderBR {BR} at (127,852) size 0x0
                  RenderInline {A} at (0,0) size 120x15 [color=#0000EE]
                    RenderText {#text} at (0,855) size 120x15
                      text run at (0,855) width 120: "DECLARE CURSOR"
                  RenderText {#text} at (120,855) size 4x15
                    text run at (120,855) width 4: " "
                  RenderBR {BR} at (124,867) size 0x0
                  RenderInline {A} at (0,0) size 250x15 [color=#0000EE]
                    RenderText {#text} at (0,870) size 250x15
                      text run at (0,870) width 250: "DECLARE GLOBAL TEMPORARY TABLE"
                  RenderText {#text} at (250,870) size 4x15
                    text run at (250,870) width 4: " "
                  RenderBR {BR} at (254,882) size 0x0
                  RenderInline {A} at (0,0) size 51x15 [color=#0000EE]
                    RenderText {#text} at (0,885) size 51x15
                      text run at (0,885) width 51: "DELETE"
                  RenderText {#text} at (51,885) size 4x15
                    text run at (51,885) width 4: " "
                  RenderBR {BR} at (55,897) size 0x0
                  RenderInline {A} at (0,0) size 67x15 [color=#0000EE]
                    RenderText {#text} at (0,900) size 67x15
                      text run at (0,900) width 67: "DESCRIBE"
                  RenderText {#text} at (67,900) size 4x15
                    text run at (67,900) width 4: " "
                  RenderBR {BR} at (71,912) size 0x0
                  RenderInline {A} at (0,0) size 85x15 [color=#0000EE]
                    RenderText {#text} at (0,915) size 85x15
                      text run at (0,915) width 85: "DISCONNECT"
                  RenderText {#text} at (85,915) size 4x15
                    text run at (85,915) width 4: " "
                  RenderBR {BR} at (89,927) size 0x0
                  RenderInline {A} at (0,0) size 37x15 [color=#0000EE]
                    RenderText {#text} at (0,930) size 37x15
                      text run at (0,930) width 37: "DROP"
                  RenderText {#text} at (37,930) size 4x15
                    text run at (37,930) width 4: " "
                  RenderBR {BR} at (41,942) size 0x0
                  RenderInline {A} at (0,0) size 154x15 [color=#0000EE]
                    RenderText {#text} at (0,945) size 154x15
                      text run at (0,945) width 154: "END DECLARE SECTION"
                  RenderText {#text} at (154,945) size 4x15
                    text run at (154,945) width 4: " "
                  RenderBR {BR} at (158,957) size 0x0
                  RenderInline {A} at (0,0) size 62x15 [color=#0000EE]
                    RenderText {#text} at (0,960) size 62x15
                      text run at (0,960) width 62: "EXECUTE"
                  RenderText {#text} at (62,960) size 4x15
                    text run at (62,960) width 4: " "
                  RenderBR {BR} at (66,972) size 0x0
                  RenderInline {A} at (0,0) size 140x15 [color=#0000EE]
                    RenderText {#text} at (0,975) size 140x15
                      text run at (0,975) width 140: "EXECUTE IMMEDIATE"
                  RenderText {#text} at (140,975) size 4x15
                    text run at (140,975) width 4: " "
                  RenderBR {BR} at (144,987) size 0x0
                  RenderInline {A} at (0,0) size 56x15 [color=#0000EE]
                    RenderText {#text} at (0,990) size 56x15
                      text run at (0,990) width 56: "EXPLAIN"
                  RenderText {#text} at (56,990) size 4x15
                    text run at (56,990) width 4: " "
                  RenderBR {BR} at (60,1002) size 0x0
                  RenderInline {A} at (0,0) size 43x15 [color=#0000EE]
                    RenderText {#text} at (0,1005) size 43x15
                      text run at (0,1005) width 43: "FETCH"
                  RenderText {#text} at (43,1005) size 4x15
                    text run at (43,1005) width 4: " "
                  RenderBR {BR} at (47,1017) size 0x0
                  RenderInline {A} at (0,0) size 155x15 [color=#0000EE]
                    RenderText {#text} at (0,1020) size 155x15
                      text run at (0,1020) width 155: "FLUSH EVENT MONITOR"
                  RenderText {#text} at (155,1020) size 4x15
                    text run at (155,1020) width 4: " "
                  RenderBR {BR} at (159,1032) size 0x0
                  RenderInline {A} at (0,0) size 101x15 [color=#0000EE]
                    RenderText {#text} at (0,1035) size 101x15
                      text run at (0,1035) width 101: "FREE LOCATOR"
                  RenderText {#text} at (101,1035) size 4x15
                    text run at (101,1035) width 4: " "
                  RenderBR {BR} at (105,1047) size 0x0
                  RenderInline {A} at (0,0) size 178x15 [color=#0000EE]
                    RenderText {#text} at (0,1050) size 178x15
                      text run at (0,1050) width 178: "GRANT (Database Authorities)"
                  RenderText {#text} at (178,1050) size 4x15
                    text run at (178,1050) width 4: " "
                  RenderBR {BR} at (182,1062) size 0x0
                  RenderInline {A} at (0,0) size 150x15 [color=#0000EE]
                    RenderText {#text} at (0,1065) size 150x15
                      text run at (0,1065) width 150: "GRANT (Index Privileges)"
                  RenderText {#text} at (150,1065) size 4x15
                    text run at (150,1065) width 4: " "
                  RenderBR {BR} at (154,1077) size 0x0
                  RenderInline {A} at (0,0) size 169x15 [color=#0000EE]
                    RenderText {#text} at (0,1080) size 169x15
                      text run at (0,1080) width 169: "GRANT (Package Privileges)"
                  RenderText {#text} at (169,1080) size 4x15
                    text run at (169,1080) width 4: " "
                  RenderBR {BR} at (173,1092) size 0x0
                  RenderInline {A} at (0,0) size 166x15 [color=#0000EE]
                    RenderText {#text} at (0,1095) size 166x15
                      text run at (0,1095) width 166: "GRANT (Schema Privileges)"
                  RenderText {#text} at (166,1095) size 4x15
                    text run at (166,1095) width 4: " "
                  RenderBR {BR} at (170,1107) size 0x0
                  RenderInline {A} at (0,0) size 156x15 [color=#0000EE]
                    RenderText {#text} at (0,1110) size 156x15
                      text run at (0,1110) width 156: "GRANT (Server Privileges)"
                  RenderText {#text} at (156,1110) size 4x15
                    text run at (156,1110) width 4: " "
                  RenderBR {BR} at (160,1122) size 0x0
                  RenderInline {A} at (0,0) size 267x15 [color=#0000EE]
                    RenderText {#text} at (0,1125) size 267x15
                      text run at (0,1125) width 267: "GRANT (Table, View, or Nickname Privileges)"
                  RenderText {#text} at (267,1125) size 4x15
                    text run at (267,1125) width 4: " "
                  RenderBR {BR} at (271,1137) size 0x0
                  RenderInline {A} at (0,0) size 191x15 [color=#0000EE]
                    RenderText {#text} at (0,1140) size 191x15
                      text run at (0,1140) width 191: "GRANT (Table Space Privileges)"
                  RenderText {#text} at (191,1140) size 4x15
                    text run at (191,1140) width 4: " "
                  RenderBR {BR} at (195,1152) size 0x0
                  RenderInline {A} at (0,0) size 56x15 [color=#0000EE]
                    RenderText {#text} at (0,1155) size 56x15
                      text run at (0,1155) width 56: "INCLUDE"
                  RenderText {#text} at (56,1155) size 4x15
                    text run at (56,1155) width 4: " "
                  RenderBR {BR} at (60,1167) size 0x0
                  RenderInline {A} at (0,0) size 48x15 [color=#0000EE]
                    RenderText {#text} at (0,1170) size 48x15
                      text run at (0,1170) width 48: "INSERT"
                  RenderText {#text} at (48,1170) size 4x15
                    text run at (48,1170) width 4: " "
                  RenderBR {BR} at (52,1182) size 0x0
                  RenderInline {A} at (0,0) size 81x15 [color=#0000EE]
                    RenderText {#text} at (0,1185) size 81x15
                      text run at (0,1185) width 81: "LOCK TABLE"
                  RenderText {#text} at (81,1185) size 4x15
                    text run at (81,1185) width 4: " "
                  RenderBR {BR} at (85,1197) size 0x0
                  RenderInline {A} at (0,0) size 37x15 [color=#0000EE]
                    RenderText {#text} at (0,1200) size 37x15
                      text run at (0,1200) width 37: "OPEN"
                  RenderText {#text} at (37,1200) size 4x15
                    text run at (37,1200) width 4: " "
                  RenderBR {BR} at (41,1212) size 0x0
                  RenderInline {A} at (0,0) size 63x15 [color=#0000EE]
                    RenderText {#text} at (0,1215) size 63x15
                      text run at (0,1215) width 63: "PREPARE"
                  RenderText {#text} at (63,1215) size 4x15
                    text run at (63,1215) width 4: " "
                  RenderBR {BR} at (67,1227) size 0x0
                  RenderInline {A} at (0,0) size 108x15 [color=#0000EE]
                    RenderText {#text} at (0,1230) size 108x15
                      text run at (0,1230) width 108: "REFRESH TABLE"
                  RenderText {#text} at (108,1230) size 4x15
                    text run at (108,1230) width 4: " "
                  RenderBR {BR} at (112,1242) size 0x0
                  RenderInline {A} at (0,0) size 138x15 [color=#0000EE]
                    RenderText {#text} at (0,1245) size 138x15
                      text run at (0,1245) width 138: "RELEASE (Connection)"
                  RenderText {#text} at (138,1245) size 4x15
                    text run at (138,1245) width 4: " "
                  RenderBR {BR} at (142,1257) size 0x0
                  RenderInline {A} at (0,0) size 141x15 [color=#0000EE]
                    RenderText {#text} at (0,1260) size 141x15
                      text run at (0,1260) width 141: "RELEASE SAVEPOINT"
                  RenderText {#text} at (141,1260) size 4x15
                    text run at (141,1260) width 4: " "
                  RenderBR {BR} at (145,1272) size 0x0
                  RenderInline {A} at (0,0) size 102x15 [color=#0000EE]
                    RenderText {#text} at (0,1275) size 102x15
                      text run at (0,1275) width 102: "RENAME TABLE"
                  RenderText {#text} at (102,1275) size 4x15
                    text run at (102,1275) width 4: " "
                  RenderBR {BR} at (106,1287) size 0x0
                  RenderInline {A} at (0,0) size 147x15 [color=#0000EE]
                    RenderText {#text} at (0,1290) size 147x15
                      text run at (0,1290) width 147: "RENAME TABLESPACE"
                  RenderText {#text} at (147,1290) size 4x15
                    text run at (147,1290) width 4: " "
                  RenderBR {BR} at (151,1302) size 0x0
                  RenderInline {A} at (0,0) size 188x15 [color=#0000EE]
                    RenderText {#text} at (0,1305) size 188x15
                      text run at (0,1305) width 188: "REVOKE (Database Authorities)"
                  RenderText {#text} at (188,1305) size 4x15
                    text run at (188,1305) width 4: " "
                  RenderBR {BR} at (192,1317) size 0x0
                  RenderInline {A} at (0,0) size 160x15 [color=#0000EE]
                    RenderText {#text} at (0,1320) size 160x15
                      text run at (0,1320) width 160: "REVOKE (Index Privileges)"
                  RenderText {#text} at (160,1320) size 4x15
                    text run at (160,1320) width 4: " "
                  RenderBR {BR} at (164,1332) size 0x0
                  RenderInline {A} at (0,0) size 179x15 [color=#0000EE]
                    RenderText {#text} at (0,1335) size 179x15
                      text run at (0,1335) width 179: "REVOKE (Package Privileges)"
                  RenderText {#text} at (179,1335) size 4x15
                    text run at (179,1335) width 4: " "
                  RenderBR {BR} at (183,1347) size 0x0
                  RenderInline {A} at (0,0) size 176x15 [color=#0000EE]
                    RenderText {#text} at (0,1350) size 176x15
                      text run at (0,1350) width 176: "REVOKE (Schema Privileges)"
                  RenderText {#text} at (176,1350) size 4x15
                    text run at (176,1350) width 4: " "
                  RenderBR {BR} at (180,1362) size 0x0
                  RenderInline {A} at (0,0) size 166x15 [color=#0000EE]
                    RenderText {#text} at (0,1365) size 166x15
                      text run at (0,1365) width 166: "REVOKE (Server Privileges)"
                  RenderText {#text} at (166,1365) size 4x15
                    text run at (166,1365) width 4: " "
                  RenderBR {BR} at (170,1377) size 0x0
                  RenderInline {A} at (0,0) size 277x15 [color=#0000EE]
                    RenderText {#text} at (0,1380) size 277x15
                      text run at (0,1380) width 277: "REVOKE (Table, View, or Nickname Privileges)"
                  RenderText {#text} at (277,1380) size 4x15
                    text run at (277,1380) width 4: " "
                  RenderBR {BR} at (281,1392) size 0x0
                  RenderInline {A} at (0,0) size 201x15 [color=#0000EE]
                    RenderText {#text} at (0,1395) size 201x15
                      text run at (0,1395) width 201: "REVOKE (Table Space Privileges)"
                  RenderText {#text} at (201,1395) size 4x15
                    text run at (201,1395) width 4: " "
                  RenderBR {BR} at (205,1407) size 0x0
                  RenderInline {A} at (0,0) size 69x15 [color=#0000EE]
                    RenderText {#text} at (0,1410) size 69x15
                      text run at (0,1410) width 69: "ROLLBACK"
                  RenderText {#text} at (69,1410) size 4x15
                    text run at (69,1410) width 4: " "
                  RenderBR {BR} at (73,1422) size 0x0
                  RenderInline {A} at (0,0) size 76x15 [color=#0000EE]
                    RenderText {#text} at (0,1425) size 76x15
                      text run at (0,1425) width 76: "SAVEPOINT"
                  RenderText {#text} at (76,1425) size 4x15
                    text run at (76,1425) width 4: " "
                  RenderBR {BR} at (80,1437) size 0x0
                  RenderInline {A} at (0,0) size 51x15 [color=#0000EE]
                    RenderText {#text} at (0,1440) size 51x15
                      text run at (0,1440) width 51: "SELECT"
                  RenderText {#text} at (51,1440) size 4x15
                    text run at (51,1440) width 4: " "
                  RenderBR {BR} at (55,1452) size 0x0
                  RenderInline {A} at (0,0) size 86x15 [color=#0000EE]
                    RenderText {#text} at (0,1455) size 86x15
                      text run at (0,1455) width 86: "SELECT INTO"
                  RenderText {#text} at (86,1455) size 4x15
                    text run at (86,1455) width 4: " "
                  RenderBR {BR} at (90,1467) size 0x0
                  RenderInline {A} at (0,0) size 116x15 [color=#0000EE]
                    RenderText {#text} at (0,1470) size 116x15
                      text run at (0,1470) width 116: "SET CONNECTION"
                  RenderText {#text} at (116,1470) size 4x15
                    text run at (116,1470) width 4: " "
                  RenderBR {BR} at (120,1482) size 0x0
                  RenderInline {A} at (0,0) size 292x15 [color=#0000EE]
                    RenderText {#text} at (0,1485) size 292x15
                      text run at (0,1485) width 292: "SET CURRENT DEFAULT TRANSFORM GROUP"
                  RenderText {#text} at (292,1485) size 4x15
                    text run at (292,1485) width 4: " "
                  RenderBR {BR} at (296,1497) size 0x0
                  RenderInline {A} at (0,0) size 151x15 [color=#0000EE]
                    RenderText {#text} at (0,1500) size 151x15
                      text run at (0,1500) width 151: "SET CURRENT DEGREE"
                  RenderText {#text} at (151,1500) size 4x15
                    text run at (151,1500) width 4: " "
                  RenderBR {BR} at (155,1512) size 0x0
                  RenderInline {A} at (0,0) size 195x15 [color=#0000EE]
                    RenderText {#text} at (0,1515) size 195x15
                      text run at (0,1515) width 195: "SET CURRENT EXPLAIN MODE"
                  RenderText {#text} at (195,1515) size 4x15
                    text run at (195,1515) width 4: " "
                  RenderBR {BR} at (199,1527) size 0x0
                  RenderInline {A} at (0,0) size 228x15 [color=#0000EE]
                    RenderText {#text} at (0,1530) size 228x15
                      text run at (0,1530) width 228: "SET CURRENT EXPLAIN SNAPSHOT"
                  RenderText {#text} at (228,1530) size 4x15
                    text run at (228,1530) width 4: " "
                  RenderBR {BR} at (232,1542) size 0x0
                  RenderInline {A} at (0,0) size 186x15 [color=#0000EE]
                    RenderText {#text} at (0,1545) size 186x15
                      text run at (0,1545) width 186: "SET CURRENT PACKAGESET"
                  RenderText {#text} at (186,1545) size 4x15
                    text run at (186,1545) width 4: " "
                  RenderBR {BR} at (190,1557) size 0x0
                  RenderInline {A} at (0,0) size 240x15 [color=#0000EE]
                    RenderText {#text} at (0,1560) size 240x15
                      text run at (0,1560) width 240: "SET CURRENT QUERY OPTIMIZATION"
                  RenderText {#text} at (240,1560) size 4x15
                    text run at (240,1560) width 4: " "
                  RenderBR {BR} at (244,1572) size 0x0
                  RenderInline {A} at (0,0) size 190x15 [color=#0000EE]
                    RenderText {#text} at (0,1575) size 190x15
                      text run at (0,1575) width 190: "SET CURRENT REFRESH AGE"
                  RenderText {#text} at (190,1575) size 4x15
                    text run at (190,1575) width 4: " "
                  RenderBR {BR} at (194,1587) size 0x0
                  RenderInline {A} at (0,0) size 186x15 [color=#0000EE]
                    RenderText {#text} at (0,1590) size 186x15
                      text run at (0,1590) width 186: "SET EVENT MONITOR STATE"
                  RenderText {#text} at (186,1590) size 4x15
                    text run at (186,1590) width 4: " "
                  RenderBR {BR} at (190,1602) size 0x0
                  RenderInline {A} at (0,0) size 100x15 [color=#0000EE]
                    RenderText {#text} at (0,1605) size 100x15
                      text run at (0,1605) width 100: "SET INTEGRITY"
                  RenderText {#text} at (100,1605) size 4x15
                    text run at (100,1605) width 4: " "
                  RenderBR {BR} at (104,1617) size 0x0
                  RenderInline {A} at (0,0) size 101x15 [color=#0000EE]
                    RenderText {#text} at (0,1620) size 101x15
                      text run at (0,1620) width 101: "SET PASSTHRU"
                  RenderText {#text} at (101,1620) size 4x15
                    text run at (101,1620) width 4: " "
                  RenderBR {BR} at (105,1632) size 0x0
                  RenderInline {A} at (0,0) size 65x15 [color=#0000EE]
                    RenderText {#text} at (0,1635) size 65x15
                      text run at (0,1635) width 65: "SET PATH"
                  RenderText {#text} at (65,1635) size 4x15
                    text run at (65,1635) width 4: " "
                  RenderBR {BR} at (69,1647) size 0x0
                  RenderInline {A} at (0,0) size 86x15 [color=#0000EE]
                    RenderText {#text} at (0,1650) size 86x15
                      text run at (0,1650) width 86: "SET SCHEMA"
                  RenderText {#text} at (86,1650) size 4x15
                    text run at (86,1650) width 4: " "
                  RenderBR {BR} at (90,1662) size 0x0
                  RenderInline {A} at (0,0) size 138x15 [color=#0000EE]
                    RenderText {#text} at (0,1665) size 138x15
                      text run at (0,1665) width 138: "SET SERVER OPTION"
                  RenderText {#text} at (138,1665) size 4x15
                    text run at (138,1665) width 4: " "
                  RenderBR {BR} at (142,1677) size 0x0
                  RenderInline {A} at (0,0) size 132x15 [color=#0000EE]
                    RenderText {#text} at (0,1680) size 132x15
                      text run at (0,1680) width 132: "SET transition-variable"
                  RenderText {#text} at (132,1680) size 4x15
                    text run at (132,1680) width 4: " "
                  RenderBR {BR} at (136,1692) size 0x0
                  RenderInline {A} at (0,0) size 121x15 [color=#0000EE]
                    RenderText {#text} at (0,1695) size 121x15
                      text run at (0,1695) width 121: "SIGNAL SQLSTATE"
                  RenderText {#text} at (121,1695) size 4x15
                    text run at (121,1695) width 4: " "
                  RenderBR {BR} at (125,1707) size 0x0
                  RenderInline {A} at (0,0) size 53x15 [color=#0000EE]
                    RenderText {#text} at (0,1710) size 53x15
                      text run at (0,1710) width 53: "UPDATE"
                  RenderText {#text} at (53,1710) size 4x15
                    text run at (53,1710) width 4: " "
                  RenderBR {BR} at (57,1722) size 0x0
                  RenderInline {A} at (0,0) size 52x15 [color=#0000EE]
                    RenderText {#text} at (0,1725) size 52x15
                      text run at (0,1725) width 52: "VALUES"
                  RenderText {#text} at (52,1725) size 4x15
                    text run at (52,1725) width 4: " "
                  RenderBR {BR} at (56,1737) size 0x0
                  RenderInline {A} at (0,0) size 87x15 [color=#0000EE]
                    RenderText {#text} at (0,1740) size 87x15
                      text run at (0,1740) width 87: "VALUES INTO"
                  RenderText {#text} at (87,1740) size 4x15
                    text run at (87,1740) width 4: " "
                  RenderBR {BR} at (91,1752) size 0x0
                  RenderInline {A} at (0,0) size 75x15 [color=#0000EE]
                    RenderText {#text} at (0,1755) size 75x15
                      text run at (0,1755) width 75: "WHENEVER"
                  RenderText {#text} at (0,0) size 0x0
                RenderBlock {P} at (0,7302) size 715x301
                  RenderInline {B} at (0,0) size 102x15
                    RenderInline {A} at (0,0) size 102x15 [color=#0000EE]
                      RenderText {#text} at (0,0) size 102x15
                        text run at (0,0) width 102: "SQL Procedures"
                  RenderBR {BR} at (102,12) size 0x0
                  RenderBR {BR} at (0,15) size 0x15
                  RenderInline {A} at (0,0) size 153x15 [color=#0000EE]
                    RenderText {#text} at (0,30) size 153x15
                      text run at (0,30) width 153: "SQL Procedure Statement"
                  RenderText {#text} at (153,30) size 4x15
                    text run at (153,30) width 4: " "
                  RenderBR {BR} at (157,42) size 0x0
                  RenderInline {A} at (0,0) size 191x15 [color=#0000EE]
                    RenderText {#text} at (0,45) size 191x15
                      text run at (0,45) width 191: "ALLOCATE CURSOR Statement"
                  RenderText {#text} at (191,45) size 4x15
                    text run at (191,45) width 4: " "
                  RenderBR {BR} at (195,57) size 0x0
                  RenderInline {A} at (0,0) size 133x15 [color=#0000EE]
                    RenderText {#text} at (0,60) size 133x15
                      text run at (0,60) width 133: "Assignment Statement"
                  RenderText {#text} at (133,60) size 4x15
                    text run at (133,60) width 4: " "
                  RenderBR {BR} at (137,72) size 0x0
                  RenderInline {A} at (0,0) size 215x15 [color=#0000EE]
                    RenderText {#text} at (0,75) size 215x15
                      text run at (0,75) width 215: "ASSOCIATE LOCATORS Statement"
                  RenderText {#text} at (215,75) size 4x15
                    text run at (215,75) width 4: " "
                  RenderBR {BR} at (219,87) size 0x0
                  RenderInline {A} at (0,0) size 100x15 [color=#0000EE]
                    RenderText {#text} at (0,90) size 100x15
                      text run at (0,90) width 100: "CASE Statement"
                  RenderText {#text} at (100,90) size 4x15
                    text run at (100,90) width 4: " "
                  RenderBR {BR} at (104,102) size 0x0
                  RenderInline {A} at (0,0) size 126x15 [color=#0000EE]
                    RenderText {#text} at (0,105) size 126x15
                      text run at (0,105) width 126: "Compound Statement"
                  RenderText {#text} at (126,105) size 4x15
                    text run at (126,105) width 4: " "
                  RenderBR {BR} at (130,117) size 0x0
                  RenderInline {A} at (0,0) size 91x15 [color=#0000EE]
                    RenderText {#text} at (0,120) size 91x15
                      text run at (0,120) width 91: "FOR Statement"
                  RenderText {#text} at (91,120) size 4x15
                    text run at (91,120) width 4: " "
                  RenderBR {BR} at (95,132) size 0x0
                  RenderInline {A} at (0,0) size 185x15 [color=#0000EE]
                    RenderText {#text} at (0,135) size 185x15
                      text run at (0,135) width 185: "GET DIAGNOSTICS Statement"
                  RenderText {#text} at (185,135) size 4x15
                    text run at (185,135) width 4: " "
                  RenderBR {BR} at (189,147) size 0x0
                  RenderInline {A} at (0,0) size 102x15 [color=#0000EE]
                    RenderText {#text} at (0,150) size 102x15
                      text run at (0,150) width 102: "GOTO Statement"
                  RenderText {#text} at (102,150) size 4x15
                    text run at (102,150) width 4: " "
                  RenderBR {BR} at (106,162) size 0x0
                  RenderInline {A} at (0,0) size 76x15 [color=#0000EE]
                    RenderText {#text} at (0,165) size 76x15
                      text run at (0,165) width 76: "IF Statement"
                  RenderText {#text} at (76,165) size 4x15
                    text run at (76,165) width 4: " "
                  RenderBR {BR} at (80,177) size 0x0
                  RenderInline {A} at (0,0) size 120x15 [color=#0000EE]
                    RenderText {#text} at (0,180) size 120x15
                      text run at (0,180) width 120: "ITERATE Statement"
                  RenderText {#text} at (120,180) size 4x15
                    text run at (120,180) width 4: " "
                  RenderBR {BR} at (124,192) size 0x0
                  RenderInline {A} at (0,0) size 107x15 [color=#0000EE]
                    RenderText {#text} at (0,195) size 107x15
                      text run at (0,195) width 107: "LEAVE Statement"
                  RenderText {#text} at (107,195) size 4x15
                    text run at (107,195) width 4: " "
                  RenderBR {BR} at (111,207) size 0x0
                  RenderInline {A} at (0,0) size 100x15 [color=#0000EE]
                    RenderText {#text} at (0,210) size 100x15
                      text run at (0,210) width 100: "LOOP Statement"
                  RenderText {#text} at (100,210) size 4x15
                    text run at (100,210) width 4: " "
                  RenderBR {BR} at (104,222) size 0x0
                  RenderInline {A} at (0,0) size 117x15 [color=#0000EE]
                    RenderText {#text} at (0,225) size 117x15
                      text run at (0,225) width 117: "REPEAT Statement"
                  RenderText {#text} at (117,225) size 4x15
                    text run at (117,225) width 4: " "
                  RenderBR {BR} at (121,237) size 0x0
                  RenderInline {A} at (0,0) size 130x15 [color=#0000EE]
                    RenderText {#text} at (0,240) size 130x15
                      text run at (0,240) width 130: "RESIGNAL Statement"
                  RenderText {#text} at (130,240) size 4x15
                    text run at (130,240) width 4: " "
                  RenderBR {BR} at (134,252) size 0x0
                  RenderInline {A} at (0,0) size 117x15 [color=#0000EE]
                    RenderText {#text} at (0,255) size 117x15
                      text run at (0,255) width 117: "RETURN Statement"
                  RenderText {#text} at (117,255) size 4x15
                    text run at (117,255) width 4: " "
                  RenderBR {BR} at (121,267) size 0x0
                  RenderInline {A} at (0,0) size 112x15 [color=#0000EE]
                    RenderText {#text} at (0,270) size 112x15
                      text run at (0,270) width 112: "SIGNAL Statement"
                  RenderText {#text} at (112,270) size 4x15
                    text run at (112,270) width 4: " "
                  RenderBR {BR} at (116,282) size 0x0
                  RenderInline {A} at (0,0) size 105x15 [color=#0000EE]
                    RenderText {#text} at (0,285) size 105x15
                      text run at (0,285) width 105: "WHILE Statement"
                  RenderText {#text} at (0,0) size 0x0
                RenderBlock {P} at (0,7615) size 715x16
                  RenderInline {B} at (0,0) size 150x15
                    RenderInline {A} at (0,0) size 150x15 [color=#0000EE]
                      RenderText {#text} at (0,0) size 150x15
                        text run at (0,0) width 150: "Appendix A. SQL Limits"
                  RenderBR {BR} at (150,12) size 0x0
                RenderBlock {P} at (0,7643) size 715x91
                  RenderInline {B} at (0,0) size 274x15
                    RenderInline {A} at (0,0) size 274x15 [color=#0000EE]
                      RenderText {#text} at (0,0) size 274x15
                        text run at (0,0) width 274: "Appendix B. SQL Communications (SQLCA)"
                  RenderBR {BR} at (274,12) size 0x0
                  RenderBR {BR} at (0,15) size 0x15
                  RenderInline {A} at (0,0) size 190x15 [color=#0000EE]
                    RenderText {#text} at (0,30) size 190x15
                      text run at (0,30) width 190: "Viewing the SQLCA Interactively"
                  RenderText {#text} at (190,30) size 4x15
                    text run at (190,30) width 4: " "
                  RenderBR {BR} at (194,42) size 0x0
                  RenderInline {A} at (0,0) size 152x15 [color=#0000EE]
                    RenderText {#text} at (0,45) size 152x15
                      text run at (0,45) width 152: "SQLCA Field Descriptions"
                  RenderText {#text} at (152,45) size 4x15
                    text run at (152,45) width 4: " "
                  RenderBR {BR} at (156,57) size 0x0
                  RenderInline {A} at (0,0) size 138x15 [color=#0000EE]
                    RenderText {#text} at (0,60) size 138x15
                      text run at (0,60) width 138: "Order of Error Reporting"
                  RenderText {#text} at (138,60) size 4x15
                    text run at (138,60) width 4: " "
                  RenderBR {BR} at (142,72) size 0x0
                  RenderInline {A} at (0,0) size 325x15 [color=#0000EE]
                    RenderText {#text} at (0,75) size 325x15
                      text run at (0,75) width 325: "DB2 Enterprise - Extended Edition Usage of the SQLCA"
                  RenderText {#text} at (0,0) size 0x0
                RenderBlock {P} at (0,7746) size 715x166
                  RenderInline {B} at (0,0) size 264x15
                    RenderInline {A} at (0,0) size 264x15 [color=#0000EE]
                      RenderText {#text} at (0,0) size 264x15
                        text run at (0,0) width 264: "Appendix C. SQL Descriptor Area (SQLDA)"
                  RenderBR {BR} at (264,12) size 0x0
                  RenderBR {BR} at (0,15) size 0x15
                  RenderInline {A} at (0,0) size 104x15 [color=#0000EE]
                    RenderText {#text} at (0,30) size 104x15
                      text run at (0,30) width 104: "Field Descriptions"
                  RenderText {#text} at (104,30) size 4x15
                    text run at (104,30) width 4: " "
                  RenderBR {BR} at (108,42) size 0x0
                  RenderInline {A} at (0,0) size 164x15 [color=#0000EE]
                    RenderText {#text} at (0,45) size 164x15
                      text run at (0,45) width 164: "Fields in the SQLDA Header"
                  RenderText {#text} at (164,45) size 4x15
                    text run at (164,45) width 4: " "
                  RenderBR {BR} at (168,57) size 0x0
                  RenderInline {A} at (0,0) size 255x15 [color=#0000EE]
                    RenderText {#text} at (0,60) size 255x15
                      text run at (0,60) width 255: "Fields in an Occurrence of a Base SQLVAR"
                  RenderText {#text} at (255,60) size 4x15
                    text run at (255,60) width 4: " "
                  RenderBR {BR} at (259,72) size 0x0
                  RenderInline {A} at (0,0) size 287x15 [color=#0000EE]
                    RenderText {#text} at (0,75) size 287x15
                      text run at (0,75) width 287: "Fields in an Occurrence of a Secondary SQLVAR"
                  RenderText {#text} at (287,75) size 4x15
                    text run at (287,75) width 4: " "
                  RenderBR {BR} at (291,87) size 0x0
                  RenderInline {A} at (0,0) size 209x15 [color=#0000EE]
                    RenderText {#text} at (0,90) size 209x15
                      text run at (0,90) width 209: "Effect of DESCRIBE on the SQLDA"
                  RenderText {#text} at (209,90) size 4x15
                    text run at (209,90) width 4: " "
                  RenderBR {BR} at (213,102) size 0x0
                  RenderInline {A} at (0,0) size 141x15 [color=#0000EE]
                    RenderText {#text} at (0,105) size 141x15
                      text run at (0,105) width 141: "SQLTYPE and SQLLEN"
                  RenderText {#text} at (141,105) size 4x15
                    text run at (141,105) width 4: " "
                  RenderBR {BR} at (145,117) size 0x0
                  RenderInline {A} at (0,0) size 255x15 [color=#0000EE]
                    RenderText {#text} at (0,120) size 255x15
                      text run at (0,120) width 255: "Unrecognized and Unsupported SQLTYPES"
                  RenderText {#text} at (255,120) size 4x15
                    text run at (255,120) width 4: " "
                  RenderBR {BR} at (259,132) size 0x0
                  RenderInline {A} at (0,0) size 151x15 [color=#0000EE]
                    RenderText {#text} at (0,135) size 151x15
                      text run at (0,135) width 151: "Packed Decimal Numbers"
                  RenderText {#text} at (151,135) size 4x15
                    text run at (151,135) width 4: " "
                  RenderBR {BR} at (155,147) size 0x0
                  RenderInline {A} at (0,0) size 153x15 [color=#0000EE]
                    RenderText {#text} at (0,150) size 153x15
                      text run at (0,150) width 153: "SQLLEN Field for Decimal"
                  RenderText {#text} at (0,0) size 0x0
                RenderBlock {P} at (0,7924) size 715x1096
                  RenderInline {B} at (0,0) size 168x15
                    RenderInline {A} at (0,0) size 168x15 [color=#0000EE]
                      RenderText {#text} at (0,0) size 168x15
                        text run at (0,0) width 168: "Appendix D. Catalog Views"
                  RenderBR {BR} at (168,12) size 0x0
                  RenderBR {BR} at (0,15) size 0x15
                  RenderInline {A} at (0,0) size 145x15 [color=#0000EE]
                    RenderText {#text} at (0,30) size 145x15
                      text run at (0,30) width 145: "Updatable Catalog Views"
                  RenderText {#text} at (145,30) size 4x15
                    text run at (145,30) width 4: " "
                  RenderBR {BR} at (149,42) size 0x0
                  RenderInline {A} at (0,0) size 161x15 [color=#0000EE]
                    RenderText {#text} at (0,45) size 161x15
                      text run at (0,45) width 161: "'Roadmap' to Catalog Views"
                  RenderText {#text} at (161,45) size 4x15
                    text run at (161,45) width 4: " "
                  RenderBR {BR} at (165,57) size 0x0
                  RenderInline {A} at (0,0) size 223x15 [color=#0000EE]
                    RenderText {#text} at (0,60) size 223x15
                      text run at (0,60) width 223: "'Roadmap' to Updatable Catalog Views"
                  RenderText {#text} at (223,60) size 4x15
                    text run at (223,60) width 4: " "
                  RenderBR {BR} at (227,72) size 0x0
                  RenderInline {A} at (0,0) size 138x15 [color=#0000EE]
                    RenderText {#text} at (0,75) size 138x15
                      text run at (0,75) width 138: "SYSIBM.SYSDUMMY1"
                  RenderText {#text} at (138,75) size 4x15
                    text run at (138,75) width 4: " "
                  RenderBR {BR} at (142,87) size 0x0
                  RenderInline {A} at (0,0) size 139x15 [color=#0000EE]
                    RenderText {#text} at (0,90) size 139x15
                      text run at (0,90) width 139: "SYSCAT.ATTRIBUTES"
                  RenderText {#text} at (139,90) size 4x15
                    text run at (139,90) width 4: " "
                  RenderBR {BR} at (143,102) size 0x0
                  RenderInline {A} at (0,0) size 191x15 [color=#0000EE]
                    RenderText {#text} at (0,105) size 191x15
                      text run at (0,105) width 191: "SYSCAT.BUFFERPOOLNODES"
                  RenderText {#text} at (191,105) size 4x15
                    text run at (191,105) width 4: " "
                  RenderBR {BR} at (195,117) size 0x0
                  RenderInline {A} at (0,0) size 154x15 [color=#0000EE]
                    RenderText {#text} at (0,120) size 154x15
                      text run at (0,120) width 154: "SYSCAT.BUFFERPOOLS"
                  RenderText {#text} at (154,120) size 4x15
                    text run at (154,120) width 4: " "
                  RenderBR {BR} at (158,132) size 0x0
                  RenderInline {A} at (0,0) size 167x15 [color=#0000EE]
                    RenderText {#text} at (0,135) size 167x15
                      text run at (0,135) width 167: "SYSCAT.CASTFUNCTIONS"
                  RenderText {#text} at (167,135) size 4x15
                    text run at (167,135) width 4: " "
                  RenderBR {BR} at (171,147) size 0x0
                  RenderInline {A} at (0,0) size 111x15 [color=#0000EE]
                    RenderText {#text} at (0,150) size 111x15
                      text run at (0,150) width 111: "SYSCAT.CHECKS"
                  RenderText {#text} at (111,150) size 4x15
                    text run at (111,150) width 4: " "
                  RenderBR {BR} at (115,162) size 0x0
                  RenderInline {A} at (0,0) size 118x15 [color=#0000EE]
                    RenderText {#text} at (0,165) size 118x15
                      text run at (0,165) width 118: "SYSCAT.COLAUTH"
                  RenderText {#text} at (118,165) size 4x15
                    text run at (118,165) width 4: " "
                  RenderBR {BR} at (122,177) size 0x0
                  RenderInline {A} at (0,0) size 137x15 [color=#0000EE]
                    RenderText {#text} at (0,180) size 137x15
                      text run at (0,180) width 137: "SYSCAT.COLCHECKS"
                  RenderText {#text} at (137,180) size 4x15
                    text run at (137,180) width 4: " "
                  RenderBR {BR} at (141,192) size 0x0
                  RenderInline {A} at (0,0) size 113x15 [color=#0000EE]
                    RenderText {#text} at (0,195) size 113x15
                      text run at (0,195) width 113: "SYSCAT.COLDIST"
                  RenderText {#text} at (113,195) size 4x15
                    text run at (113,195) width 4: " "
                  RenderBR {BR} at (117,207) size 0x0
                  RenderInline {A} at (0,0) size 142x15 [color=#0000EE]
                    RenderText {#text} at (0,210) size 142x15
                      text run at (0,210) width 142: "SYSCAT.COLOPTIONS"
                  RenderText {#text} at (142,210) size 4x15
                    text run at (142,210) width 4: " "
                  RenderBR {BR} at (146,222) size 0x0
                  RenderInline {A} at (0,0) size 121x15 [color=#0000EE]
                    RenderText {#text} at (0,225) size 121x15
                      text run at (0,225) width 121: "SYSCAT.COLUMNS"
                  RenderText {#text} at (121,225) size 4x15
                    text run at (121,225) width 4: " "
                  RenderBR {BR} at (125,237) size 0x0
                  RenderInline {A} at (0,0) size 129x15 [color=#0000EE]
                    RenderText {#text} at (0,240) size 129x15
                      text run at (0,240) width 129: "SYSCAT.CONSTDEP"
                  RenderText {#text} at (129,240) size 4x15
                    text run at (129,240) width 4: " "
                  RenderBR {BR} at (133,252) size 0x0
                  RenderInline {A} at (0,0) size 136x15 [color=#0000EE]
                    RenderText {#text} at (0,255) size 136x15
                      text run at (0,255) width 136: "SYSCAT.DATATYPES"
                  RenderText {#text} at (136,255) size 4x15
                    text run at (136,255) width 4: " "
                  RenderBR {BR} at (140,267) size 0x0
                  RenderInline {A} at (0,0) size 110x15 [color=#0000EE]
                    RenderText {#text} at (0,270) size 110x15
                      text run at (0,270) width 110: "SYSCAT.DBAUTH"
                  RenderText {#text} at (110,270) size 4x15
                    text run at (110,270) width 4: " "
                  RenderBR {BR} at (114,282) size 0x0
                  RenderInline {A} at (0,0) size 171x15 [color=#0000EE]
                    RenderText {#text} at (0,285) size 171x15
                      text run at (0,285) width 171: "SYSCAT.EVENTMONITORS"
                  RenderText {#text} at (171,285) size 4x15
                    text run at (171,285) width 4: " "
                  RenderBR {BR} at (175,297) size 0x0
                  RenderInline {A} at (0,0) size 110x15 [color=#0000EE]
                    RenderText {#text} at (0,300) size 110x15
                      text run at (0,300) width 110: "SYSCAT.EVENTS"
                  RenderText {#text} at (110,300) size 4x15
                    text run at (110,300) width 4: " "
                  RenderBR {BR} at (114,312) size 0x0
                  RenderInline {A} at (0,0) size 177x15 [color=#0000EE]
                    RenderText {#text} at (0,315) size 177x15
                      text run at (0,315) width 177: "SYSCAT.FULLHIERARCHIES"
                  RenderText {#text} at (177,315) size 4x15
                    text run at (177,315) width 4: " "
                  RenderBR {BR} at (181,327) size 0x0
                  RenderInline {A} at (0,0) size 119x15 [color=#0000EE]
                    RenderText {#text} at (0,330) size 119x15
                      text run at (0,330) width 119: "SYSCAT.FUNCDEP"
                  RenderText {#text} at (119,330) size 4x15
                    text run at (119,330) width 4: " "
                  RenderBR {BR} at (123,342) size 0x0
                  RenderInline {A} at (0,0) size 180x15 [color=#0000EE]
                    RenderText {#text} at (0,345) size 180x15
                      text run at (0,345) width 180: "SYSCAT.FUNCMAPOPTIONS"
                  RenderText {#text} at (180,345) size 4x15
                    text run at (180,345) width 4: " "
                  RenderBR {BR} at (184,357) size 0x0
                  RenderInline {A} at (0,0) size 218x15 [color=#0000EE]
                    RenderText {#text} at (0,360) size 218x15
                      text run at (0,360) width 218: "SYSCAT.FUNCMAPPARMOPTIONS"
                  RenderText {#text} at (218,360) size 4x15
                    text run at (218,360) width 4: " "
                  RenderBR {BR} at (222,372) size 0x0
                  RenderInline {A} at (0,0) size 162x15 [color=#0000EE]
                    RenderText {#text} at (0,375) size 162x15
                      text run at (0,375) width 162: "SYSCAT.FUNCMAPPINGS"
                  RenderText {#text} at (162,375) size 4x15
                    text run at (162,375) width 4: " "
                  RenderBR {BR} at (166,387) size 0x0
                  RenderInline {A} at (0,0) size 139x15 [color=#0000EE]
                    RenderText {#text} at (0,390) size 139x15
                      text run at (0,390) width 139: "SYSCAT.FUNCPARMS"
                  RenderText {#text} at (139,390) size 4x15
                    text run at (139,390) width 4: " "
                  RenderBR {BR} at (143,402) size 0x0
                  RenderInline {A} at (0,0) size 132x15 [color=#0000EE]
                    RenderText {#text} at (0,405) size 132x15
                      text run at (0,405) width 132: "SYSCAT.FUNCTIONS"
                  RenderText {#text} at (132,405) size 4x15
                    text run at (132,405) width 4: " "
                  RenderBR {BR} at (136,417) size 0x0
                  RenderInline {A} at (0,0) size 146x15 [color=#0000EE]
                    RenderText {#text} at (0,420) size 146x15
                      text run at (0,420) width 146: "SYSCAT.HIERARCHIES"
                  RenderText {#text} at (146,420) size 4x15
                    text run at (146,420) width 4: " "
                  RenderBR {BR} at (150,432) size 0x0
                  RenderInline {A} at (0,0) size 132x15 [color=#0000EE]
                    RenderText {#text} at (0,435) size 132x15
                      text run at (0,435) width 132: "SYSCAT.INDEXAUTH"
                  RenderText {#text} at (132,435) size 4x15
                    text run at (132,435) width 4: " "
                  RenderBR {BR} at (136,447) size 0x0
                  RenderInline {A} at (0,0) size 150x15 [color=#0000EE]
                    RenderText {#text} at (0,450) size 150x15
                      text run at (0,450) width 150: "SYSCAT.INDEXCOLUSE"
                  RenderText {#text} at (150,450) size 4x15
                    text run at (150,450) width 4: " "
                  RenderBR {BR} at (154,462) size 0x0
                  RenderInline {A} at (0,0) size 124x15 [color=#0000EE]
                    RenderText {#text} at (0,465) size 124x15
                      text run at (0,465) width 124: "SYSCAT.INDEXDEP"
                  RenderText {#text} at (124,465) size 4x15
                    text run at (124,465) width 4: " "
                  RenderBR {BR} at (128,477) size 0x0
                  RenderInline {A} at (0,0) size 115x15 [color=#0000EE]
                    RenderText {#text} at (0,480) size 115x15
                      text run at (0,480) width 115: "SYSCAT.INDEXES"
                  RenderText {#text} at (115,480) size 4x15
                    text run at (115,480) width 4: " "
                  RenderBR {BR} at (119,492) size 0x0
                  RenderInline {A} at (0,0) size 156x15 [color=#0000EE]
                    RenderText {#text} at (0,495) size 156x15
                      text run at (0,495) width 156: "SYSCAT.INDEXOPTIONS"
                  RenderText {#text} at (156,495) size 4x15
                    text run at (156,495) width 4: " "
                  RenderBR {BR} at (160,507) size 0x0
                  RenderInline {A} at (0,0) size 137x15 [color=#0000EE]
                    RenderText {#text} at (0,510) size 137x15
                      text run at (0,510) width 137: "SYSCAT.KEYCOLUSE"
                  RenderText {#text} at (137,510) size 4x15
                    text run at (137,510) width 4: " "
                  RenderBR {BR} at (141,522) size 0x0
                  RenderInline {A} at (0,0) size 165x15 [color=#0000EE]
                    RenderText {#text} at (0,525) size 165x15
                      text run at (0,525) width 165: "SYSCAT.NAMEMAPPINGS"
                  RenderText {#text} at (165,525) size 4x15
                    text run at (165,525) width 4: " "
                  RenderBR {BR} at (169,537) size 0x0
                  RenderInline {A} at (0,0) size 167x15 [color=#0000EE]
                    RenderText {#text} at (0,540) size 167x15
                      text run at (0,540) width 167: "SYSCAT.NODEGROUPDEF"
                  RenderText {#text} at (167,540) size 4x15
                    text run at (167,540) width 4: " "
                  RenderBR {BR} at (171,552) size 0x0
                  RenderInline {A} at (0,0) size 150x15 [color=#0000EE]
                    RenderText {#text} at (0,555) size 150x15
                      text run at (0,555) width 150: "SYSCAT.NODEGROUPS"
                  RenderText {#text} at (150,555) size 4x15
                    text run at (150,555) width 4: " "
                  RenderBR {BR} at (154,567) size 0x0
                  RenderInline {A} at (0,0) size 156x15 [color=#0000EE]
                    RenderText {#text} at (0,570) size 156x15
                      text run at (0,570) width 156: "SYSCAT.PACKAGEAUTH"
                  RenderText {#text} at (156,570) size 4x15
                    text run at (156,570) width 4: " "
                  RenderBR {BR} at (160,582) size 0x0
                  RenderInline {A} at (0,0) size 148x15 [color=#0000EE]
                    RenderText {#text} at (0,585) size 148x15
                      text run at (0,585) width 148: "SYSCAT.PACKAGEDEP"
                  RenderText {#text} at (148,585) size 4x15
                    text run at (148,585) width 4: " "
                  RenderBR {BR} at (152,597) size 0x0
                  RenderInline {A} at (0,0) size 130x15 [color=#0000EE]
                    RenderText {#text} at (0,600) size 130x15
                      text run at (0,600) width 130: "SYSCAT.PACKAGES"
                  RenderText {#text} at (130,600) size 4x15
                    text run at (130,600) width 4: " "
                  RenderBR {BR} at (134,612) size 0x0
                  RenderInline {A} at (0,0) size 165x15 [color=#0000EE]
                    RenderText {#text} at (0,615) size 165x15
                      text run at (0,615) width 165: "SYSCAT.PARTITIONMAPS"
                  RenderText {#text} at (165,615) size 4x15
                    text run at (165,615) width 4: " "
                  RenderBR {BR} at (169,627) size 0x0
                  RenderInline {A} at (0,0) size 163x15 [color=#0000EE]
                    RenderText {#text} at (0,630) size 163x15
                      text run at (0,630) width 163: "SYSCAT.PASSTHRUAUTH"
                  RenderText {#text} at (163,630) size 4x15
                    text run at (163,630) width 4: " "
                  RenderBR {BR} at (167,642) size 0x0
                  RenderInline {A} at (0,0) size 148x15 [color=#0000EE]
                    RenderText {#text} at (0,645) size 148x15
                      text run at (0,645) width 148: "SYSCAT.PROCEDURES"
                  RenderText {#text} at (148,645) size 4x15
                    text run at (148,645) width 4: " "
                  RenderBR {BR} at (152,657) size 0x0
                  RenderInline {A} at (0,0) size 153x15 [color=#0000EE]
                    RenderText {#text} at (0,660) size 153x15
                      text run at (0,660) width 153: "SYSCAT.PROCOPTIONS"
                  RenderText {#text} at (153,660) size 4x15
                    text run at (153,660) width 4: " "
                  RenderBR {BR} at (157,672) size 0x0
                  RenderInline {A} at (0,0) size 191x15 [color=#0000EE]
                    RenderText {#text} at (0,675) size 191x15
                      text run at (0,675) width 191: "SYSCAT.PROCPARMOPTIONS"
                  RenderText {#text} at (191,675) size 4x15
                    text run at (191,675) width 4: " "
                  RenderBR {BR} at (195,687) size 0x0
                  RenderInline {A} at (0,0) size 141x15 [color=#0000EE]
                    RenderText {#text} at (0,690) size 141x15
                      text run at (0,690) width 141: "SYSCAT.PROCPARMS"
                  RenderText {#text} at (141,690) size 4x15
                    text run at (141,690) width 4: " "
                  RenderBR {BR} at (145,702) size 0x0
                  RenderInline {A} at (0,0) size 146x15 [color=#0000EE]
                    RenderText {#text} at (0,705) size 146x15
                      text run at (0,705) width 146: "SYSCAT.REFERENCES"
                  RenderText {#text} at (146,705) size 4x15
                    text run at (146,705) width 4: " "
                  RenderBR {BR} at (150,717) size 0x0
                  RenderInline {A} at (0,0) size 189x15 [color=#0000EE]
                    RenderText {#text} at (0,720) size 189x15
                      text run at (0,720) width 189: "SYSCAT.REVTYPEMAPPINGS"
                  RenderText {#text} at (189,720) size 4x15
                    text run at (189,720) width 4: " "
                  RenderBR {BR} at (193,732) size 0x0
                  RenderInline {A} at (0,0) size 148x15 [color=#0000EE]
                    RenderText {#text} at (0,735) size 148x15
                      text run at (0,735) width 148: "SYSCAT.SCHEMAAUTH"
                  RenderText {#text} at (148,735) size 4x15
                    text run at (148,735) width 4: " "
                  RenderBR {BR} at (152,747) size 0x0
                  RenderInline {A} at (0,0) size 130x15 [color=#0000EE]
                    RenderText {#text} at (0,750) size 130x15
                      text run at (0,750) width 130: "SYSCAT.SCHEMATA"
                  RenderText {#text} at (130,750) size 4x15
                    text run at (130,750) width 4: " "
                  RenderBR {BR} at (134,762) size 0x0
                  RenderInline {A} at (0,0) size 170x15 [color=#0000EE]
                    RenderText {#text} at (0,765) size 170x15
                      text run at (0,765) width 170: "SYSCAT.SERVEROPTIONS"
                  RenderText {#text} at (170,765) size 4x15
                    text run at (170,765) width 4: " "
                  RenderBR {BR} at (174,777) size 0x0
                  RenderInline {A} at (0,0) size 120x15 [color=#0000EE]
                    RenderText {#text} at (0,780) size 120x15
                      text run at (0,780) width 120: "SYSCAT.SERVERS"
                  RenderText {#text} at (120,780) size 4x15
                    text run at (120,780) width 4: " "
                  RenderBR {BR} at (124,792) size 0x0
                  RenderInline {A} at (0,0) size 146x15 [color=#0000EE]
                    RenderText {#text} at (0,795) size 146x15
                      text run at (0,795) width 146: "SYSCAT.STATEMENTS"
                  RenderText {#text} at (146,795) size 4x15
                    text run at (146,795) width 4: " "
                  RenderBR {BR} at (150,807) size 0x0
                  RenderInline {A} at (0,0) size 118x15 [color=#0000EE]
                    RenderText {#text} at (0,810) size 118x15
                      text run at (0,810) width 118: "SYSCAT.TABAUTH"
                  RenderText {#text} at (118,810) size 4x15
                    text run at (118,810) width 4: " "
                  RenderBR {BR} at (122,822) size 0x0
                  RenderInline {A} at (0,0) size 128x15 [color=#0000EE]
                    RenderText {#text} at (0,825) size 128x15
                      text run at (0,825) width 128: "SYSCAT.TABCONST"
                  RenderText {#text} at (128,825) size 4x15
                    text run at (128,825) width 4: " "
                  RenderBR {BR} at (132,837) size 0x0
                  RenderInline {A} at (0,0) size 108x15 [color=#0000EE]
                    RenderText {#text} at (0,840) size 108x15
                      text run at (0,840) width 108: "SYSCAT.TABLES"
                  RenderText {#text} at (108,840) size 4x15
                    text run at (108,840) width 4: " "
                  RenderBR {BR} at (112,852) size 0x0
                  RenderInline {A} at (0,0) size 153x15 [color=#0000EE]
                    RenderText {#text} at (0,855) size 153x15
                      text run at (0,855) width 153: "SYSCAT.TABLESPACES"
                  RenderText {#text} at (153,855) size 4x15
                    text run at (153,855) width 4: " "
                  RenderBR {BR} at (157,867) size 0x0
                  RenderInline {A} at (0,0) size 142x15 [color=#0000EE]
                    RenderText {#text} at (0,870) size 142x15
                      text run at (0,870) width 142: "SYSCAT.TABOPTIONS"
                  RenderText {#text} at (142,870) size 4x15
                    text run at (142,870) width 4: " "
                  RenderBR {BR} at (146,882) size 0x0
                  RenderInline {A} at (0,0) size 154x15 [color=#0000EE]
                    RenderText {#text} at (0,885) size 154x15
                      text run at (0,885) width 154: "SYSCAT.TBSPACEAUTH"
                  RenderText {#text} at (154,885) size 4x15
                    text run at (154,885) width 4: " "
                  RenderBR {BR} at (158,897) size 0x0
                  RenderInline {A} at (0,0) size 115x15 [color=#0000EE]
                    RenderText {#text} at (0,900) size 115x15
                      text run at (0,900) width 115: "SYSCAT.TRIGDEP"
                  RenderText {#text} at (115,900) size 4x15
                    text run at (115,900) width 4: " "
                  RenderBR {BR} at (119,912) size 0x0
                  RenderInline {A} at (0,0) size 125x15 [color=#0000EE]
                    RenderText {#text} at (0,915) size 125x15
                      text run at (0,915) width 125: "SYSCAT.TRIGGERS"
                  RenderText {#text} at (125,915) size 4x15
                    text run at (125,915) width 4: " "
                  RenderBR {BR} at (129,927) size 0x0
                  RenderInline {A} at (0,0) size 162x15 [color=#0000EE]
                    RenderText {#text} at (0,930) size 162x15
                      text run at (0,930) width 162: "SYSCAT.TYPEMAPPINGS"
                  RenderText {#text} at (162,930) size 4x15
                    text run at (162,930) width 4: " "
                  RenderBR {BR} at (166,942) size 0x0
                  RenderInline {A} at (0,0) size 152x15 [color=#0000EE]
                    RenderText {#text} at (0,945) size 152x15
                      text run at (0,945) width 152: "SYSCAT.USEROPTIONS"
                  RenderText {#text} at (152,945) size 4x15
                    text run at (152,945) width 4: " "
                  RenderBR {BR} at (156,957) size 0x0
                  RenderInline {A} at (0,0) size 118x15 [color=#0000EE]
                    RenderText {#text} at (0,960) size 118x15
                      text run at (0,960) width 118: "SYSCAT.VIEWDEP"
                  RenderText {#text} at (118,960) size 4x15
                    text run at (118,960) width 4: " "
                  RenderBR {BR} at (122,972) size 0x0
                  RenderInline {A} at (0,0) size 100x15 [color=#0000EE]
                    RenderText {#text} at (0,975) size 100x15
                      text run at (0,975) width 100: "SYSCAT.VIEWS"
                  RenderText {#text} at (100,975) size 4x15
                    text run at (100,975) width 4: " "
                  RenderBR {BR} at (104,987) size 0x0
                  RenderInline {A} at (0,0) size 155x15 [color=#0000EE]
                    RenderText {#text} at (0,990) size 155x15
                      text run at (0,990) width 155: "SYSCAT.WRAPOPTIONS"
                  RenderText {#text} at (155,990) size 4x15
                    text run at (155,990) width 4: " "
                  RenderBR {BR} at (159,1002) size 0x0
                  RenderInline {A} at (0,0) size 132x15 [color=#0000EE]
                    RenderText {#text} at (0,1005) size 132x15
                      text run at (0,1005) width 132: "SYSCAT.WRAPPERS"
                  RenderText {#text} at (132,1005) size 4x15
                    text run at (132,1005) width 4: " "
                  RenderBR {BR} at (136,1017) size 0x0
                  RenderInline {A} at (0,0) size 121x15 [color=#0000EE]
                    RenderText {#text} at (0,1020) size 121x15
                      text run at (0,1020) width 121: "SYSSTAT.COLDIST"
                  RenderText {#text} at (121,1020) size 4x15
                    text run at (121,1020) width 4: " "
                  RenderBR {BR} at (125,1032) size 0x0
                  RenderInline {A} at (0,0) size 129x15 [color=#0000EE]
                    RenderText {#text} at (0,1035) size 129x15
                      text run at (0,1035) width 129: "SYSSTAT.COLUMNS"
                  RenderText {#text} at (129,1035) size 4x15
                    text run at (129,1035) width 4: " "
                  RenderBR {BR} at (133,1047) size 0x0
                  RenderInline {A} at (0,0) size 140x15 [color=#0000EE]
                    RenderText {#text} at (0,1050) size 140x15
                      text run at (0,1050) width 140: "SYSSTAT.FUNCTIONS"
                  RenderText {#text} at (140,1050) size 4x15
                    text run at (140,1050) width 4: " "
                  RenderBR {BR} at (144,1062) size 0x0
                  RenderInline {A} at (0,0) size 123x15 [color=#0000EE]
                    RenderText {#text} at (0,1065) size 123x15
                      text run at (0,1065) width 123: "SYSSTAT.INDEXES"
                  RenderText {#text} at (123,1065) size 4x15
                    text run at (123,1065) width 4: " "
                  RenderBR {BR} at (127,1077) size 0x0
                  RenderInline {A} at (0,0) size 116x15 [color=#0000EE]
                    RenderText {#text} at (0,1080) size 116x15
                      text run at (0,1080) width 116: "SYSSTAT.TABLES"
                  RenderText {#text} at (0,0) size 0x0
                RenderBlock {P} at (0,9032) size 715x166
                  RenderInline {B} at (0,0) size 362x15
                    RenderInline {A} at (0,0) size 362x15 [color=#0000EE]
                      RenderText {#text} at (0,0) size 362x15
                        text run at (0,0) width 362: "Appendix E. Catalog Views For Use With Structured Types"
                  RenderBR {BR} at (362,12) size 0x0
                  RenderBR {BR} at (0,15) size 0x15
                  RenderInline {A} at (0,0) size 161x15 [color=#0000EE]
                    RenderText {#text} at (0,30) size 161x15
                      text run at (0,30) width 161: "'Roadmap' to Catalog Views"
                  RenderText {#text} at (161,30) size 4x15
                    text run at (161,30) width 4: " "
                  RenderBR {BR} at (165,42) size 0x0
                  RenderInline {A} at (0,0) size 114x15 [color=#0000EE]
                    RenderText {#text} at (0,45) size 114x15
                      text run at (0,45) width 114: "OBJCAT.INDEXES"
                  RenderText {#text} at (114,45) size 4x15
                    text run at (114,45) width 4: " "
                  RenderBR {BR} at (118,57) size 0x0
                  RenderInline {A} at (0,0) size 195x15 [color=#0000EE]
                    RenderText {#text} at (0,60) size 195x15
                      text run at (0,60) width 195: "OBJCAT.INDEXEXPLOITRULES"
                  RenderText {#text} at (195,60) size 4x15
                    text run at (195,60) width 4: " "
                  RenderBR {BR} at (199,72) size 0x0
                  RenderInline {A} at (0,0) size 199x15 [color=#0000EE]
                    RenderText {#text} at (0,75) size 199x15
                      text run at (0,75) width 199: "OBJCAT.INDEXEXTENSIONDEP"
                  RenderText {#text} at (199,75) size 4x15
                    text run at (199,75) width 4: " "
                  RenderBR {BR} at (203,87) size 0x0
                  RenderInline {A} at (0,0) size 237x15 [color=#0000EE]
                    RenderText {#text} at (0,90) size 237x15
                      text run at (0,90) width 237: "OBJCAT.INDEXEXTENSIONMETHODS"
                  RenderText {#text} at (237,90) size 4x15
                    text run at (237,90) width 4: " "
                  RenderBR {BR} at (241,102) size 0x0
                  RenderInline {A} at (0,0) size 219x15 [color=#0000EE]
                    RenderText {#text} at (0,105) size 219x15
                      text run at (0,105) width 219: "OBJCAT.INDEXEXTENSIONPARMS"
                  RenderText {#text} at (219,105) size 4x15
                    text run at (219,105) width 4: " "
                  RenderBR {BR} at (223,117) size 0x0
                  RenderInline {A} at (0,0) size 181x15 [color=#0000EE]
                    RenderText {#text} at (0,120) size 181x15
                      text run at (0,120) width 181: "OBJCAT.INDEXEXTENSIONS"
                  RenderText {#text} at (181,120) size 4x15
                    text run at (181,120) width 4: " "
                  RenderBR {BR} at (185,132) size 0x0
                  RenderInline {A} at (0,0) size 176x15 [color=#0000EE]
                    RenderText {#text} at (0,135) size 176x15
                      text run at (0,135) width 176: "OBJCAT.PREDICATESPECS"
                  RenderText {#text} at (176,135) size 4x15
                    text run at (176,135) width 4: " "
                  RenderBR {BR} at (180,147) size 0x0
                  RenderInline {A} at (0,0) size 147x15 [color=#0000EE]
                    RenderText {#text} at (0,150) size 147x15
                      text run at (0,150) width 147: "OBJCAT.TRANSFORMS"
                  RenderText {#text} at (0,0) size 0x0
                RenderBlock {P} at (0,9210) size 715x241
                  RenderInline {B} at (0,0) size 197x15
                    RenderInline {A} at (0,0) size 197x15 [color=#0000EE]
                      RenderText {#text} at (0,0) size 197x15
                        text run at (0,0) width 197: "Appendix F. Federated Systems"
                  RenderBR {BR} at (197,12) size 0x0
                  RenderBR {BR} at (0,15) size 0x15
                  RenderInline {A} at (0,0) size 78x15 [color=#0000EE]
                    RenderText {#text} at (0,30) size 78x15
                      text run at (0,30) width 78: "Server Types"
                  RenderText {#text} at (78,30) size 4x15
                    text run at (78,30) width 4: " "
                  RenderBR {BR} at (82,42) size 0x0
                  RenderInline {A} at (0,0) size 212x15 [color=#0000EE]
                    RenderText {#text} at (0,45) size 212x15
                      text run at (0,45) width 212: "SQL Options for Federated Systems"
                  RenderText {#text} at (212,45) size 4x15
                    text run at (212,45) width 4: " "
                  RenderBR {BR} at (216,57) size 0x0
                  RenderInline {A} at (0,0) size 93x15 [color=#0000EE]
                    RenderText {#text} at (0,60) size 93x15
                      text run at (0,60) width 93: "Column Options"
                  RenderText {#text} at (93,60) size 4x15
                    text run at (93,60) width 4: " "
                  RenderBR {BR} at (97,72) size 0x0
                  RenderInline {A} at (0,0) size 152x15 [color=#0000EE]
                    RenderText {#text} at (0,75) size 152x15
                      text run at (0,75) width 152: "Function Mapping Options"
                  RenderText {#text} at (152,75) size 4x15
                    text run at (152,75) width 4: " "
                  RenderBR {BR} at (156,87) size 0x0
                  RenderInline {A} at (0,0) size 87x15 [color=#0000EE]
                    RenderText {#text} at (0,90) size 87x15
                      text run at (0,90) width 87: "Server Options"
                  RenderText {#text} at (87,90) size 4x15
                    text run at (87,90) width 4: " "
                  RenderBR {BR} at (91,102) size 0x0
                  RenderInline {A} at (0,0) size 76x15 [color=#0000EE]
                    RenderText {#text} at (0,105) size 76x15
                      text run at (0,105) width 76: "User Options"
                  RenderText {#text} at (76,105) size 4x15
                    text run at (76,105) width 4: " "
                  RenderBR {BR} at (80,117) size 0x0
                  RenderInline {A} at (0,0) size 165x15 [color=#0000EE]
                    RenderText {#text} at (0,120) size 165x15
                      text run at (0,120) width 165: "Default Data Type Mappings"
                  RenderText {#text} at (165,120) size 4x15
                    text run at (165,120) width 4: " "
                  RenderBR {BR} at (169,132) size 0x0
                  RenderInline {A} at (0,0) size 681x15 [color=#0000EE]
                    RenderText {#text} at (0,135) size 681x15
                      text run at (0,135) width 681: "Default Type Mappings between DB2 and DB2 Universal Database for OS/390 (and DB2 for MVS/ESA) Data Sources"
                  RenderText {#text} at (681,135) size 4x15
                    text run at (681,135) width 4: " "
                  RenderBR {BR} at (685,147) size 0x0
                  RenderInline {A} at (0,0) size 646x15 [color=#0000EE]
                    RenderText {#text} at (0,150) size 646x15
                      text run at (0,150) width 646: "Default Type Mappings between DB2 and 2 Universal Database for AS/400 (and DB2 for OS/400) Data Sources"
                  RenderText {#text} at (646,150) size 4x15
                    text run at (646,150) width 4: " "
                  RenderBR {BR} at (650,162) size 0x0
                  RenderInline {A} at (0,0) size 365x15 [color=#0000EE]
                    RenderText {#text} at (0,165) size 365x15
                      text run at (0,165) width 365: "Default Type Mappings between DB2 and Oracle Data Sources"
                  RenderText {#text} at (365,165) size 4x15
                    text run at (365,165) width 4: " "
                  RenderBR {BR} at (369,177) size 0x0
                  RenderInline {A} at (0,0) size 536x15 [color=#0000EE]
                    RenderText {#text} at (0,180) size 536x15
                      text run at (0,180) width 536: "Default Type Mappings between DB2 and DB2 for VM and VSE (and SQL/DS) Data Sources"
                  RenderText {#text} at (536,180) size 4x15
                    text run at (536,180) width 4: " "
                  RenderBR {BR} at (540,192) size 0x0
                  RenderInline {A} at (0,0) size 196x15 [color=#0000EE]
                    RenderText {#text} at (0,195) size 196x15
                      text run at (0,195) width 196: "Pass-Through Facility Processing"
                  RenderText {#text} at (196,195) size 4x15
                    text run at (196,195) width 4: " "
                  RenderBR {BR} at (200,207) size 0x0
                  RenderInline {A} at (0,0) size 252x15 [color=#0000EE]
                    RenderText {#text} at (0,210) size 252x15
                      text run at (0,210) width 252: "SQL Processing in Pass-Through Sessions"
                  RenderText {#text} at (252,210) size 4x15
                    text run at (252,210) width 4: " "
                  RenderBR {BR} at (256,222) size 0x0
                  RenderInline {A} at (0,0) size 184x15 [color=#0000EE]
                    RenderText {#text} at (0,225) size 184x15
                      text run at (0,225) width 184: "Considerations and Restrictions"
                  RenderText {#text} at (0,0) size 0x0
                RenderBlock {P} at (0,9463) size 715x391
                  RenderInline {B} at (0,0) size 233x15
                    RenderInline {A} at (0,0) size 233x15 [color=#0000EE]
                      RenderText {#text} at (0,0) size 233x15
                        text run at (0,0) width 233: "Appendix G. Sample Database Tables"
                  RenderBR {BR} at (233,12) size 0x0
                  RenderBR {BR} at (0,15) size 0x15
                  RenderInline {A} at (0,0) size 129x15 [color=#0000EE]
                    RenderText {#text} at (0,30) size 129x15
                      text run at (0,30) width 129: "The Sample Database"
                  RenderText {#text} at (129,30) size 4x15
                    text run at (129,30) width 4: " "
                  RenderBR {BR} at (133,42) size 0x0
                  RenderInline {A} at (0,0) size 186x15 [color=#0000EE]
                    RenderText {#text} at (0,45) size 186x15
                      text run at (0,45) width 186: "To Create the Sample Database"
                  RenderText {#text} at (186,45) size 4x15
                    text run at (186,45) width 4: " "
                  RenderBR {BR} at (190,57) size 0x0
                  RenderInline {A} at (0,0) size 182x15 [color=#0000EE]
                    RenderText {#text} at (0,60) size 182x15
                      text run at (0,60) width 182: "To Erase the Sample Database"
                  RenderText {#text} at (182,60) size 4x15
                    text run at (182,60) width 4: " "
                  RenderBR {BR} at (186,72) size 0x0
                  RenderInline {A} at (0,0) size 104x15 [color=#0000EE]
                    RenderText {#text} at (0,75) size 104x15
                      text run at (0,75) width 104: "CL_SCHED Table"
                  RenderText {#text} at (104,75) size 4x15
                    text run at (104,75) width 4: " "
                  RenderBR {BR} at (108,87) size 0x0
                  RenderInline {A} at (0,0) size 126x15 [color=#0000EE]
                    RenderText {#text} at (0,90) size 126x15
                      text run at (0,90) width 126: "DEPARTMENT Table"
                  RenderText {#text} at (126,90) size 4x15
                    text run at (126,90) width 4: " "
                  RenderBR {BR} at (130,102) size 0x0
                  RenderInline {A} at (0,0) size 109x15 [color=#0000EE]
                    RenderText {#text} at (0,105) size 109x15
                      text run at (0,105) width 109: "EMPLOYEE Table"
                  RenderText {#text} at (109,105) size 4x15
                    text run at (109,105) width 4: " "
                  RenderBR {BR} at (113,117) size 0x0
                  RenderInline {A} at (0,0) size 98x15 [color=#0000EE]
                    RenderText {#text} at (0,120) size 98x15
                      text run at (0,120) width 98: "EMP_ACT Table"
                  RenderText {#text} at (98,120) size 4x15
                    text run at (98,120) width 4: " "
                  RenderBR {BR} at (102,132) size 0x0
                  RenderInline {A} at (0,0) size 118x15 [color=#0000EE]
                    RenderText {#text} at (0,135) size 118x15
                      text run at (0,135) width 118: "EMP_PHOTO Table"
                  RenderText {#text} at (118,135) size 4x15
                    text run at (118,135) width 4: " "
                  RenderBR {BR} at (122,147) size 0x0
                  RenderInline {A} at (0,0) size 128x15 [color=#0000EE]
                    RenderText {#text} at (0,150) size 128x15
                      text run at (0,150) width 128: "EMP_RESUME Table"
                  RenderText {#text} at (128,150) size 4x15
                    text run at (128,150) width 4: " "
                  RenderBR {BR} at (132,162) size 0x0
                  RenderInline {A} at (0,0) size 91x15 [color=#0000EE]
                    RenderText {#text} at (0,165) size 91x15
                      text run at (0,165) width 91: "IN_TRAY Table"
                  RenderText {#text} at (91,165) size 4x15
                    text run at (91,165) width 4: " "
                  RenderBR {BR} at (95,177) size 0x0
                  RenderInline {A} at (0,0) size 65x15 [color=#0000EE]
                    RenderText {#text} at (0,180) size 65x15
                      text run at (0,180) width 65: "ORG Table"
                  RenderText {#text} at (65,180) size 4x15
                    text run at (65,180) width 4: " "
                  RenderBR {BR} at (69,192) size 0x0
                  RenderInline {A} at (0,0) size 97x15 [color=#0000EE]
                    RenderText {#text} at (0,195) size 97x15
                      text run at (0,195) width 97: "PROJECT Table"
                  RenderText {#text} at (97,195) size 4x15
                    text run at (97,195) width 4: " "
                  RenderBR {BR} at (101,207) size 0x0
                  RenderInline {A} at (0,0) size 79x15 [color=#0000EE]
                    RenderText {#text} at (0,210) size 79x15
                      text run at (0,210) width 79: "SALES Table"
                  RenderText {#text} at (79,210) size 4x15
                    text run at (79,210) width 4: " "
                  RenderBR {BR} at (83,222) size 0x0
                  RenderInline {A} at (0,0) size 78x15 [color=#0000EE]
                    RenderText {#text} at (0,225) size 78x15
                      text run at (0,225) width 78: "STAFF Table"
                  RenderText {#text} at (78,225) size 4x15
                    text run at (78,225) width 4: " "
                  RenderBR {BR} at (82,237) size 0x0
                  RenderInline {A} at (0,0) size 88x15 [color=#0000EE]
                    RenderText {#text} at (0,240) size 88x15
                      text run at (0,240) width 88: "STAFFG Table"
                  RenderText {#text} at (88,240) size 4x15
                    text run at (88,240) width 4: " "
                  RenderBR {BR} at (92,252) size 0x0
                  RenderInline {A} at (0,0) size 270x15 [color=#0000EE]
                    RenderText {#text} at (0,255) size 270x15
                      text run at (0,255) width 270: "Sample Files with BLOB and CLOB Data Type"
                  RenderText {#text} at (270,255) size 4x15
                    text run at (270,255) width 4: " "
                  RenderBR {BR} at (274,267) size 0x0
                  RenderInline {A} at (0,0) size 90x15 [color=#0000EE]
                    RenderText {#text} at (0,270) size 90x15
                      text run at (0,270) width 90: "Quintana Photo"
                  RenderText {#text} at (90,270) size 4x15
                    text run at (90,270) width 4: " "
                  RenderBR {BR} at (94,282) size 0x0
                  RenderInline {A} at (0,0) size 104x15 [color=#0000EE]
                    RenderText {#text} at (0,285) size 104x15
                      text run at (0,285) width 104: "Quintana Resume"
                  RenderText {#text} at (104,285) size 4x15
                    text run at (104,285) width 4: " "
                  RenderBR {BR} at (108,297) size 0x0
                  RenderInline {A} at (0,0) size 84x15 [color=#0000EE]
                    RenderText {#text} at (0,300) size 84x15
                      text run at (0,300) width 84: "Nicholls Photo"
                  RenderText {#text} at (84,300) size 4x15
                    text run at (84,300) width 4: " "
                  RenderBR {BR} at (88,312) size 0x0
                  RenderInline {A} at (0,0) size 98x15 [color=#0000EE]
                    RenderText {#text} at (0,315) size 98x15
                      text run at (0,315) width 98: "Nicholls Resume"
                  RenderText {#text} at (98,315) size 4x15
                    text run at (98,315) width 4: " "
                  RenderBR {BR} at (102,327) size 0x0
                  RenderInline {A} at (0,0) size 93x15 [color=#0000EE]
                    RenderText {#text} at (0,330) size 93x15
                      text run at (0,330) width 93: "Adamson Photo"
                  RenderText {#text} at (93,330) size 4x15
                    text run at (93,330) width 4: " "
                  RenderBR {BR} at (97,342) size 0x0
                  RenderInline {A} at (0,0) size 107x15 [color=#0000EE]
                    RenderText {#text} at (0,345) size 107x15
                      text run at (0,345) width 107: "Adamson Resume"
                  RenderText {#text} at (107,345) size 4x15
                    text run at (107,345) width 4: " "
                  RenderBR {BR} at (111,357) size 0x0
                  RenderInline {A} at (0,0) size 78x15 [color=#0000EE]
                    RenderText {#text} at (0,360) size 78x15
                      text run at (0,360) width 78: "Walker Photo"
                  RenderText {#text} at (78,360) size 4x15
                    text run at (78,360) width 4: " "
                  RenderBR {BR} at (82,372) size 0x0
                  RenderInline {A} at (0,0) size 92x15 [color=#0000EE]
                    RenderText {#text} at (0,375) size 92x15
                      text run at (0,375) width 92: "Walker Resume"
                  RenderText {#text} at (0,0) size 0x0
                RenderBlock {P} at (0,9866) size 715x91
                  RenderInline {B} at (0,0) size 369x15
                    RenderInline {A} at (0,0) size 369x15 [color=#0000EE]
                      RenderText {#text} at (0,0) size 369x15
                        text run at (0,0) width 369: "Appendix H. Reserved Schema Names and Reserved Words"
                  RenderBR {BR} at (369,12) size 0x0
                  RenderBR {BR} at (0,15) size 0x15
                  RenderInline {A} at (0,0) size 114x15 [color=#0000EE]
                    RenderText {#text} at (0,30) size 114x15
                      text run at (0,30) width 114: "Reserved Schemas"
                  RenderText {#text} at (114,30) size 4x15
                    text run at (114,30) width 4: " "
                  RenderBR {BR} at (118,42) size 0x0
                  RenderInline {A} at (0,0) size 96x15 [color=#0000EE]
                    RenderText {#text} at (0,45) size 96x15
                      text run at (0,45) width 96: "Reserved Words"
                  RenderText {#text} at (96,45) size 4x15
                    text run at (96,45) width 4: " "
                  RenderBR {BR} at (100,57) size 0x0
                  RenderInline {A} at (0,0) size 154x15 [color=#0000EE]
                    RenderText {#text} at (0,60) size 154x15
                      text run at (0,60) width 154: "IBM SQL Reserved Words"
                  RenderText {#text} at (154,60) size 4x15
                    text run at (154,60) width 4: " "
                  RenderBR {BR} at (158,72) size 0x0
                  RenderInline {A} at (0,0) size 198x15 [color=#0000EE]
                    RenderText {#text} at (0,75) size 198x15
                      text run at (0,75) width 198: "ISO/ANS SQL92 Reserved Words"
                  RenderText {#text} at (0,0) size 0x0
                RenderBlock {P} at (0,9969) size 715x16
                  RenderInline {B} at (0,0) size 269x15
                    RenderInline {A} at (0,0) size 269x15 [color=#0000EE]
                      RenderText {#text} at (0,0) size 269x15
                        text run at (0,0) width 269: "Appendix I. Comparison of Isolation Levels"
                  RenderBR {BR} at (269,12) size 0x0
                RenderBlock {P} at (0,9997) size 715x16
                  RenderInline {B} at (0,0) size 318x15
                    RenderInline {A} at (0,0) size 318x15 [color=#0000EE]
                      RenderText {#text} at (0,0) size 318x15
                        text run at (0,0) width 318: "Appendix J. Interaction of Triggers and Constraints"
                  RenderBR {BR} at (318,12) size 0x0
                RenderBlock {P} at (0,10025) size 715x316
                  RenderInline {B} at (0,0) size 270x15
                    RenderInline {A} at (0,0) size 270x15 [color=#0000EE]
                      RenderText {#text} at (0,0) size 270x15
                        text run at (0,0) width 270: "Appendix K. Explain Tables and Definitions"
                  RenderBR {BR} at (270,12) size 0x0
                  RenderBR {BR} at (0,15) size 0x15
                  RenderInline {A} at (0,0) size 173x15 [color=#0000EE]
                    RenderText {#text} at (0,30) size 173x15
                      text run at (0,30) width 173: "EXPLAIN_ARGUMENT Table"
                  RenderText {#text} at (173,30) size 4x15
                    text run at (173,30) width 4: " "
                  RenderBR {BR} at (177,42) size 0x0
                  RenderInline {A} at (0,0) size 165x15 [color=#0000EE]
                    RenderText {#text} at (0,45) size 165x15
                      text run at (0,45) width 165: "EXPLAIN_INSTANCE Table"
                  RenderText {#text} at (165,45) size 4x15
                    text run at (165,45) width 4: " "
                  RenderBR {BR} at (169,57) size 0x0
                  RenderInline {A} at (0,0) size 151x15 [color=#0000EE]
                    RenderText {#text} at (0,60) size 151x15
                      text run at (0,60) width 151: "EXPLAIN_OBJECT Table"
                  RenderText {#text} at (151,60) size 4x15
                    text run at (151,60) width 4: " "
                  RenderBR {BR} at (155,72) size 0x0
                  RenderInline {A} at (0,0) size 172x15 [color=#0000EE]
                    RenderText {#text} at (0,75) size 172x15
                      text run at (0,75) width 172: "EXPLAIN_OPERATOR Table"
                  RenderText {#text} at (172,75) size 4x15
                    text run at (172,75) width 4: " "
                  RenderBR {BR} at (176,87) size 0x0
                  RenderInline {A} at (0,0) size 174x15 [color=#0000EE]
                    RenderText {#text} at (0,90) size 174x15
                      text run at (0,90) width 174: "EXPLAIN_PREDICATE Table"
                  RenderText {#text} at (174,90) size 4x15
                    text run at (174,90) width 4: " "
                  RenderBR {BR} at (178,102) size 0x0
                  RenderInline {A} at (0,0) size 179x15 [color=#0000EE]
                    RenderText {#text} at (0,105) size 179x15
                      text run at (0,105) width 179: "EXPLAIN_STATEMENT Table"
                  RenderText {#text} at (179,105) size 4x15
                    text run at (179,105) width 4: " "
                  RenderBR {BR} at (183,117) size 0x0
                  RenderInline {A} at (0,0) size 154x15 [color=#0000EE]
                    RenderText {#text} at (0,120) size 154x15
                      text run at (0,120) width 154: "EXPLAIN_STREAM Table"
                  RenderText {#text} at (154,120) size 4x15
                    text run at (154,120) width 4: " "
                  RenderBR {BR} at (158,132) size 0x0
                  RenderInline {A} at (0,0) size 132x15 [color=#0000EE]
                    RenderText {#text} at (0,135) size 132x15
                      text run at (0,135) width 132: "ADVISE_INDEX Table"
                  RenderText {#text} at (132,135) size 4x15
                    text run at (132,135) width 4: " "
                  RenderBR {BR} at (136,147) size 0x0
                  RenderInline {A} at (0,0) size 167x15 [color=#0000EE]
                    RenderText {#text} at (0,150) size 167x15
                      text run at (0,150) width 167: "ADVISE_WORKLOAD Table"
                  RenderText {#text} at (167,150) size 4x15
                    text run at (167,150) width 4: " "
                  RenderBR {BR} at (171,162) size 0x0
                  RenderInline {A} at (0,0) size 206x15 [color=#0000EE]
                    RenderText {#text} at (0,165) size 206x15
                      text run at (0,165) width 206: "Table Definitions for Explain Tables"
                  RenderText {#text} at (206,165) size 4x15
                    text run at (206,165) width 4: " "
                  RenderBR {BR} at (210,177) size 0x0
                  RenderInline {A} at (0,0) size 231x15 [color=#0000EE]
                    RenderText {#text} at (0,180) size 231x15
                      text run at (0,180) width 231: "EXPLAIN_ARGUMENT Table Definition"
                  RenderText {#text} at (231,180) size 4x15
                    text run at (231,180) width 4: " "
                  RenderBR {BR} at (235,192) size 0x0
                  RenderInline {A} at (0,0) size 223x15 [color=#0000EE]
                    RenderText {#text} at (0,195) size 223x15
                      text run at (0,195) width 223: "EXPLAIN_INSTANCE Table Definition"
                  RenderText {#text} at (223,195) size 4x15
                    text run at (223,195) width 4: " "
                  RenderBR {BR} at (227,207) size 0x0
                  RenderInline {A} at (0,0) size 209x15 [color=#0000EE]
                    RenderText {#text} at (0,210) size 209x15
                      text run at (0,210) width 209: "EXPLAIN_OBJECT Table Definition"
                  RenderText {#text} at (209,210) size 4x15
                    text run at (209,210) width 4: " "
                  RenderBR {BR} at (213,222) size 0x0
                  RenderInline {A} at (0,0) size 230x15 [color=#0000EE]
                    RenderText {#text} at (0,225) size 230x15
                      text run at (0,225) width 230: "EXPLAIN_OPERATOR Table Definition"
                  RenderText {#text} at (230,225) size 4x15
                    text run at (230,225) width 4: " "
                  RenderBR {BR} at (234,237) size 0x0
                  RenderInline {A} at (0,0) size 232x15 [color=#0000EE]
                    RenderText {#text} at (0,240) size 232x15
                      text run at (0,240) width 232: "EXPLAIN_PREDICATE Table Definition"
                  RenderText {#text} at (232,240) size 4x15
                    text run at (232,240) width 4: " "
                  RenderBR {BR} at (236,252) size 0x0
                  RenderInline {A} at (0,0) size 237x15 [color=#0000EE]
                    RenderText {#text} at (0,255) size 237x15
                      text run at (0,255) width 237: "EXPLAIN_STATEMENT Table Definition"
                  RenderText {#text} at (237,255) size 4x15
                    text run at (237,255) width 4: " "
                  RenderBR {BR} at (241,267) size 0x0
                  RenderInline {A} at (0,0) size 212x15 [color=#0000EE]
                    RenderText {#text} at (0,270) size 212x15
                      text run at (0,270) width 212: "EXPLAIN_STREAM Table Definition"
                  RenderText {#text} at (212,270) size 4x15
                    text run at (212,270) width 4: " "
                  RenderBR {BR} at (216,282) size 0x0
                  RenderInline {A} at (0,0) size 190x15 [color=#0000EE]
                    RenderText {#text} at (0,285) size 190x15
                      text run at (0,285) width 190: "ADVISE_INDEX Table Definition"
                  RenderText {#text} at (190,285) size 4x15
                    text run at (190,285) width 4: " "
                  RenderBR {BR} at (194,297) size 0x0
                  RenderInline {A} at (0,0) size 225x15 [color=#0000EE]
                    RenderText {#text} at (0,300) size 225x15
                      text run at (0,300) width 225: "ADVISE_WORKLOAD Table Definition"
                  RenderText {#text} at (0,0) size 0x0
                RenderBlock {P} at (0,10353) size 715x16
                  RenderInline {B} at (0,0) size 227x15
                    RenderInline {A} at (0,0) size 227x15 [color=#0000EE]
                      RenderText {#text} at (0,0) size 227x15
                        text run at (0,0) width 227: "Appendix L. Explain Register Values"
                  RenderBR {BR} at (227,12) size 0x0
                RenderBlock {P} at (0,10381) size 715x76
                  RenderInline {B} at (0,0) size 308x15
                    RenderInline {A} at (0,0) size 308x15 [color=#0000EE]
                      RenderText {#text} at (0,0) size 308x15
                        text run at (0,0) width 308: "Appendix M. Recursion Example: Bill of Materials"
                  RenderBR {BR} at (308,12) size 0x0
                  RenderBR {BR} at (0,15) size 0x15
                  RenderInline {A} at (0,0) size 202x15 [color=#0000EE]
                    RenderText {#text} at (0,30) size 202x15
                      text run at (0,30) width 202: "Example 1: Single Level Explosion"
                  RenderText {#text} at (202,30) size 4x15
                    text run at (202,30) width 4: " "
                  RenderBR {BR} at (206,42) size 0x0
                  RenderInline {A} at (0,0) size 204x15 [color=#0000EE]
                    RenderText {#text} at (0,45) size 204x15
                      text run at (0,45) width 204: "Example 2: Summarized Explosion"
                  RenderText {#text} at (204,45) size 4x15
                    text run at (204,45) width 4: " "
                  RenderBR {BR} at (208,57) size 0x0
                  RenderInline {A} at (0,0) size 169x15 [color=#0000EE]
                    RenderText {#text} at (0,60) size 169x15
                      text run at (0,60) width 169: "Example 3: Controlling Depth"
                  RenderText {#text} at (0,0) size 0x0
                RenderBlock {P} at (0,10469) size 715x76
                  RenderInline {B} at (0,0) size 187x15
                    RenderInline {A} at (0,0) size 187x15 [color=#0000EE]
                      RenderText {#text} at (0,0) size 187x15
                        text run at (0,0) width 187: "Appendix N. Exception Tables"
                  RenderBR {BR} at (187,12) size 0x0
                  RenderBR {BR} at (0,15) size 0x15
                  RenderInline {A} at (0,0) size 220x15 [color=#0000EE]
                    RenderText {#text} at (0,30) size 220x15
                      text run at (0,30) width 220: "Rules for Creating an Exception Table"
                  RenderText {#text} at (220,30) size 4x15
                    text run at (220,30) width 4: " "
                  RenderBR {BR} at (224,42) size 0x0
                  RenderInline {A} at (0,0) size 227x15 [color=#0000EE]
                    RenderText {#text} at (0,45) size 227x15
                      text run at (0,45) width 227: "Handling Rows in the Exception Tables"
                  RenderText {#text} at (227,45) size 4x15
                    text run at (227,45) width 4: " "
                  RenderBR {BR} at (231,57) size 0x0
                  RenderInline {A} at (0,0) size 179x15 [color=#0000EE]
                    RenderText {#text} at (0,60) size 179x15
                      text run at (0,60) width 179: "Querying the Exception Tables"
                  RenderText {#text} at (0,0) size 0x0
                RenderBlock {P} at (0,10557) size 715x331
                  RenderInline {B} at (0,0) size 420x15
                    RenderInline {A} at (0,0) size 420x15 [color=#0000EE]
                      RenderText {#text} at (0,0) size 420x15
                        text run at (0,0) width 420: "Appendix O. Japanese and Traditional-Chinese EUC Considerations"
                  RenderBR {BR} at (420,12) size 0x0
                  RenderBR {BR} at (0,15) size 0x15
                  RenderInline {A} at (0,0) size 115x15 [color=#0000EE]
                    RenderText {#text} at (0,30) size 115x15
                      text run at (0,30) width 115: "Language Elements"
                  RenderText {#text} at (115,30) size 4x15
                    text run at (115,30) width 4: " "
                  RenderBR {BR} at (119,42) size 0x0
                  RenderInline {A} at (0,0) size 63x15 [color=#0000EE]
                    RenderText {#text} at (0,45) size 63x15
                      text run at (0,45) width 63: "Characters"
                  RenderText {#text} at (63,45) size 4x15
                    text run at (63,45) width 4: " "
                  RenderBR {BR} at (67,57) size 0x0
                  RenderInline {A} at (0,0) size 43x15 [color=#0000EE]
                    RenderText {#text} at (0,60) size 43x15
                      text run at (0,60) width 43: "Tokens"
                  RenderText {#text} at (43,60) size 4x15
                    text run at (43,60) width 4: " "
                  RenderBR {BR} at (47,72) size 0x0
                  RenderInline {A} at (0,0) size 57x15 [color=#0000EE]
                    RenderText {#text} at (0,75) size 57x15
                      text run at (0,75) width 57: "Identifiers"
                  RenderText {#text} at (57,75) size 4x15
                    text run at (57,75) width 4: " "
                  RenderBR {BR} at (61,87) size 0x0
                  RenderInline {A} at (0,0) size 67x15 [color=#0000EE]
                    RenderText {#text} at (0,90) size 67x15
                      text run at (0,90) width 67: "Data Types"
                  RenderText {#text} at (67,90) size 4x15
                    text run at (67,90) width 4: " "
                  RenderBR {BR} at (71,102) size 0x0
                  RenderInline {A} at (0,0) size 181x15 [color=#0000EE]
                    RenderText {#text} at (0,105) size 181x15
                      text run at (0,105) width 181: "Assignments and Comparisons"
                  RenderText {#text} at (181,105) size 4x15
                    text run at (181,105) width 4: " "
                  RenderBR {BR} at (185,117) size 0x0
                  RenderInline {A} at (0,0) size 164x15 [color=#0000EE]
                    RenderText {#text} at (0,120) size 164x15
                      text run at (0,120) width 164: "Rules for Result Data Types"
                  RenderText {#text} at (164,120) size 4x15
                    text run at (164,120) width 4: " "
                  RenderBR {BR} at (168,132) size 0x0
                  RenderInline {A} at (0,0) size 166x15 [color=#0000EE]
                    RenderText {#text} at (0,135) size 166x15
                      text run at (0,135) width 166: "Rules for String Conversions"
                  RenderText {#text} at (166,135) size 4x15
                    text run at (166,135) width 4: " "
                  RenderBR {BR} at (170,147) size 0x0
                  RenderInline {A} at (0,0) size 59x15 [color=#0000EE]
                    RenderText {#text} at (0,150) size 59x15
                      text run at (0,150) width 59: "Constants"
                  RenderText {#text} at (59,150) size 4x15
                    text run at (59,150) width 4: " "
                  RenderBR {BR} at (63,162) size 0x0
                  RenderInline {A} at (0,0) size 57x15 [color=#0000EE]
                    RenderText {#text} at (0,165) size 57x15
                      text run at (0,165) width 57: "Functions"
                  RenderText {#text} at (57,165) size 4x15
                    text run at (57,165) width 4: " "
                  RenderBR {BR} at (61,177) size 0x0
                  RenderInline {A} at (0,0) size 72x15 [color=#0000EE]
                    RenderText {#text} at (0,180) size 72x15
                      text run at (0,180) width 72: "Expressions"
                  RenderText {#text} at (72,180) size 4x15
                    text run at (72,180) width 4: " "
                  RenderBR {BR} at (76,192) size 0x0
                  RenderInline {A} at (0,0) size 62x15 [color=#0000EE]
                    RenderText {#text} at (0,195) size 62x15
                      text run at (0,195) width 62: "Predicates"
                  RenderText {#text} at (62,195) size 4x15
                    text run at (62,195) width 4: " "
                  RenderBR {BR} at (66,207) size 0x0
                  RenderInline {A} at (0,0) size 57x15 [color=#0000EE]
                    RenderText {#text} at (0,210) size 57x15
                      text run at (0,210) width 57: "Functions"
                  RenderText {#text} at (57,210) size 4x15
                    text run at (57,210) width 4: " "
                  RenderBR {BR} at (61,222) size 0x0
                  RenderInline {A} at (0,0) size 52x15 [color=#0000EE]
                    RenderText {#text} at (0,225) size 52x15
                      text run at (0,225) width 52: "LENGTH"
                  RenderText {#text} at (52,225) size 4x15
                    text run at (52,225) width 4: " "
                  RenderBR {BR} at (56,237) size 0x0
                  RenderInline {A} at (0,0) size 53x15 [color=#0000EE]
                    RenderText {#text} at (0,240) size 53x15
                      text run at (0,240) width 53: "SUBSTR"
                  RenderText {#text} at (53,240) size 4x15
                    text run at (53,240) width 4: " "
                  RenderBR {BR} at (57,252) size 0x0
                  RenderInline {A} at (0,0) size 77x15 [color=#0000EE]
                    RenderText {#text} at (0,255) size 77x15
                      text run at (0,255) width 77: "TRANSLATE"
                  RenderText {#text} at (77,255) size 4x15
                    text run at (77,255) width 4: " "
                  RenderBR {BR} at (81,267) size 0x0
                  RenderInline {A} at (0,0) size 86x15 [color=#0000EE]
                    RenderText {#text} at (0,270) size 86x15
                      text run at (0,270) width 86: "VARGRAPHIC"
                  RenderText {#text} at (86,270) size 4x15
                    text run at (86,270) width 4: " "
                  RenderBR {BR} at (90,282) size 0x0
                  RenderInline {A} at (0,0) size 67x15 [color=#0000EE]
                    RenderText {#text} at (0,285) size 67x15
                      text run at (0,285) width 67: "Statements"
                  RenderText {#text} at (67,285) size 4x15
                    text run at (67,285) width 4: " "
                  RenderBR {BR} at (71,297) size 0x0
                  RenderInline {A} at (0,0) size 63x15 [color=#0000EE]
                    RenderText {#text} at (0,300) size 63x15
                      text run at (0,300) width 63: "CONNECT"
                  RenderText {#text} at (63,300) size 4x15
                    text run at (63,300) width 4: " "
                  RenderBR {BR} at (67,312) size 0x0
                  RenderInline {A} at (0,0) size 63x15 [color=#0000EE]
                    RenderText {#text} at (0,315) size 63x15
                      text run at (0,315) width 63: "PREPARE"
                  RenderText {#text} at (0,0) size 0x0
                RenderBlock {P} at (0,10900) size 715x16
                  RenderInline {B} at (0,0) size 295x15
                    RenderInline {A} at (0,0) size 295x15 [color=#0000EE]
                      RenderText {#text} at (0,0) size 295x15
                        text run at (0,0) width 295: "Appendix P. BNF Specifications for DATALINKs"
                  RenderBR {BR} at (295,12) size 0x0
                RenderBlock {P} at (0,10928) size 715x181
                  RenderInline {B} at (0,0) size 217x15
                    RenderInline {A} at (0,0) size 217x15 [color=#0000EE]
                      RenderText {#text} at (0,0) size 217x15
                        text run at (0,0) width 217: "Appendix Q. Using the DB2 Library"
                  RenderBR {BR} at (217,12) size 0x0
                  RenderBR {BR} at (0,15) size 0x15
                  RenderInline {A} at (0,0) size 198x15 [color=#0000EE]
                    RenderText {#text} at (0,30) size 198x15
                      text run at (0,30) width 198: "DB2 PDF Files and Printed Books"
                  RenderText {#text} at (198,30) size 4x15
                    text run at (198,30) width 4: " "
                  RenderBR {BR} at (202,42) size 0x0
                  RenderInline {A} at (0,0) size 94x15 [color=#0000EE]
                    RenderText {#text} at (0,45) size 94x15
                      text run at (0,45) width 94: "DB2 Information"
                  RenderText {#text} at (94,45) size 4x15
                    text run at (94,45) width 4: " "
                  RenderBR {BR} at (98,57) size 0x0
                  RenderInline {A} at (0,0) size 137x15 [color=#0000EE]
                    RenderText {#text} at (0,60) size 137x15
                      text run at (0,60) width 137: "Printing the PDF Books"
                  RenderText {#text} at (137,60) size 4x15
                    text run at (137,60) width 4: " "
                  RenderBR {BR} at (141,72) size 0x0
                  RenderInline {A} at (0,0) size 157x15 [color=#0000EE]
                    RenderText {#text} at (0,75) size 157x15
                      text run at (0,75) width 157: "Ordering the Printed Books"
                  RenderText {#text} at (157,75) size 4x15
                    text run at (157,75) width 4: " "
                  RenderBR {BR} at (161,87) size 0x0
                  RenderInline {A} at (0,0) size 157x15 [color=#0000EE]
                    RenderText {#text} at (0,90) size 157x15
                      text run at (0,90) width 157: "DB2 Online Documentation"
                  RenderText {#text} at (157,90) size 4x15
                    text run at (157,90) width 4: " "
                  RenderBR {BR} at (161,102) size 0x0
                  RenderInline {A} at (0,0) size 132x15 [color=#0000EE]
                    RenderText {#text} at (0,105) size 132x15
                      text run at (0,105) width 132: "Accessing Online Help"
                  RenderText {#text} at (132,105) size 4x15
                    text run at (132,105) width 4: " "
                  RenderBR {BR} at (136,117) size 0x0
                  RenderInline {A} at (0,0) size 155x15 [color=#0000EE]
                    RenderText {#text} at (0,120) size 155x15
                      text run at (0,120) width 155: "Viewing Information Online"
                  RenderText {#text} at (155,120) size 4x15
                    text run at (155,120) width 4: " "
                  RenderBR {BR} at (159,132) size 0x0
                  RenderInline {A} at (0,0) size 113x15 [color=#0000EE]
                    RenderText {#text} at (0,135) size 113x15
                      text run at (0,135) width 113: "Using DB2 Wizards"
                  RenderText {#text} at (113,135) size 4x15
                    text run at (113,135) width 4: " "
                  RenderBR {BR} at (117,147) size 0x0
                  RenderInline {A} at (0,0) size 177x15 [color=#0000EE]
                    RenderText {#text} at (0,150) size 177x15
                      text run at (0,150) width 177: "Setting Up a Document Server"
                  RenderText {#text} at (177,150) size 4x15
                    text run at (177,150) width 4: " "
                  RenderBR {BR} at (181,162) size 0x0
                  RenderInline {A} at (0,0) size 168x15 [color=#0000EE]
                    RenderText {#text} at (0,165) size 168x15
                      text run at (0,165) width 168: "Searching Information Online"
                  RenderText {#text} at (0,0) size 0x0
                RenderBlock {P} at (0,11121) size 715x46
                  RenderInline {B} at (0,0) size 126x15
                    RenderInline {A} at (0,0) size 126x15 [color=#0000EE]
                      RenderText {#text} at (0,0) size 126x15
                        text run at (0,0) width 126: "Appendix R. Notices"
                  RenderBR {BR} at (126,12) size 0x0
                  RenderBR {BR} at (0,15) size 0x15
                  RenderInline {A} at (0,0) size 69x15 [color=#0000EE]
                    RenderText {#text} at (0,30) size 69x15
                      text run at (0,30) width 69: "Trademarks"
                  RenderText {#text} at (0,0) size 0x0
                RenderBlock {P} at (0,11179) size 715x16
                  RenderInline {B} at (0,0) size 34x15
                    RenderInline {A} at (0,0) size 34x15 [color=#0000EE]
                      RenderText {#text} at (0,0) size 34x15
                        text run at (0,0) width 34: "Index"
                  RenderBR {BR} at (34,12) size 0x0
                RenderBlock {P} at (0,11207) size 715x46
                  RenderInline {B} at (0,0) size 95x15
                    RenderInline {A} at (0,0) size 95x15 [color=#0000EE]
                      RenderText {#text} at (0,0) size 95x15
                        text run at (0,0) width 95: "Contacting IBM"
                  RenderBR {BR} at (95,12) size 0x0
                  RenderBR {BR} at (0,15) size 0x15
                  RenderInline {A} at (0,0) size 114x15 [color=#0000EE]
                    RenderText {#text} at (0,30) size 114x15
                      text run at (0,30) width 114: "Product Information"
                  RenderText {#text} at (0,0) size 0x0
                  RenderInline {A} at (0,0) size 0x0
                  RenderText {#text} at (0,0) size 0x0
                RenderTable {TABLE} at (0,11265) size 26x27
                  RenderTableSection {TBODY} at (0,0) size 26x26
                    RenderTableRow {TR} at (0,2) size 26x0
                    RenderTableRow {TR} at (0,4) size 26x20
                      RenderTableCell {TD} at (2,4) size 10x20 [r=1 c=0 rs=1 cs=1]
                        RenderText {#text} at (1,1) size 8x17
                          text run at (1,1) width 8: "x"
                      RenderTableCell {TD} at (14,4) size 10x20 [r=1 c=1 rs=1 cs=1]
                        RenderText {#text} at (1,1) size 8x17
                          text run at (1,1) width 8: "x"
              RenderBlock (anonymous) at (2,11376) size 715x0
                RenderInline {FONT} at (0,0) size 0x0
