layer at (0,0) size 800x600
  RenderView at (0,0) size 800x600
layer at (0,0) size 800x600
  RenderBlock {HTML} at (0,0) size 800x600
    RenderBody {BODY} at (8,8) size 784x584
      RenderTable {TABLE} at (0,0) size 784x38 [border: (1px outset #808080)]
        RenderTableSection {TBODY} at (1,1) size 782x36
          RenderTableRow {TR} at (0,2) size 782x32
            RenderTableCell {TD} at (2,7) size 388x22 [border: (1px inset #808080)] [r=0 c=0 rs=1 cs=1]
              RenderText {#text} at (2,2) size 27x18
                text run at (2,2) width 27: "One"
            RenderTableCell {TD} at (392,2) size 388x32 [border: (1px inset #808080)] [r=0 c=1 rs=1 cs=1]
              RenderTable {TABLE} at (2,2) size 384x28 [border: (1px outset #808080)]
                RenderTableSection {TBODY} at (1,1) size 382x26
                  RenderTableRow {TR} at (0,2) size 382x22
                    RenderTableCell {TD} at (2,2) size 188x22 [border: (1px inset #808080)] [r=0 c=0 rs=1 cs=1]
                      RenderText {#text} at (2,2) size 30x18
                        text run at (2,2) width 30: "Two"
                    RenderTableCell {TD} at (192,2) size 188x22 [border: (1px inset #808080)] [r=0 c=1 rs=1 cs=1]
                      RenderText {#text} at (2,2) size 37x18
                        text run at (2,2) width 37: "Three"
