layer at (0,0) size 785x768
  RenderView at (0,0) size 785x600
layer at (0,0) size 785x768
  RenderBlock {HTML} at (0,0) size 785x768
    RenderBody {BODY} at (8,8) size 769x752
      RenderBlock {P} at (0,0) size 769x18
        RenderText {#text} at (0,0) size 285x18
          text run at (0,0) width 285: "TABLE 1 - without 'height' style on TABLE"
      RenderTable {TABLE} at (0,34) size 69x74 [border: (3px solid #000000)]
        RenderTableSection {THEAD} at (3,3) size 63x24
          RenderTableRow {TR} at (0,2) size 63x20
            RenderTableCell {TD} at (2,2) size 59x20 [r=0 c=0 rs=1 cs=1]
              RenderText {#text} at (1,1) size 56x18
                text run at (1,1) width 56: "THEAD"
        RenderTableSection {TFOOT} at (3,49) size 63x22
          RenderTableRow {TR} at (0,0) size 63x20
            RenderTableCell {TD} at (2,0) size 59x20 [r=0 c=0 rs=1 cs=1]
              RenderText {#text} at (1,1) size 53x18
                text run at (1,1) width 53: "TFOOT"
        RenderTableSection {TBODY} at (3,27) size 63x22
          RenderTableRow {TR} at (0,0) size 63x20
            RenderTableCell {TD} at (2,0) size 59x20 [r=0 c=0 rs=1 cs=1]
              RenderText {#text} at (1,1) size 57x18
                text run at (1,1) width 57: "TBODY"
      RenderBlock {HR} at (0,116) size 769x2 [border: (1px inset #000000)]
      RenderBlock {P} at (0,134) size 769x18
        RenderText {#text} at (0,0) size 265x18
          text run at (0,0) width 265: "TABLE 2 - with 'height' style on TABLE"
      RenderTable {TABLE} at (0,168) size 69x584 [border: (3px solid #000000)]
        RenderTableSection {THEAD} at (3,3) size 63x24
          RenderTableRow {TR} at (0,2) size 63x20
            RenderTableCell {TD} at (2,2) size 59x20 [r=0 c=0 rs=1 cs=1]
              RenderText {#text} at (1,1) size 56x18
                text run at (1,1) width 56: "THEAD"
        RenderTableSection {TFOOT} at (3,559) size 63x22
          RenderTableRow {TR} at (0,0) size 63x20
            RenderTableCell {TD} at (2,0) size 59x20 [r=0 c=0 rs=1 cs=1]
              RenderText {#text} at (1,1) size 53x18
                text run at (1,1) width 53: "TFOOT"
        RenderTableSection {TBODY} at (3,27) size 63x532
          RenderTableRow {TR} at (0,0) size 63x530
            RenderTableCell {TD} at (2,255) size 59x20 [r=0 c=0 rs=1 cs=1]
              RenderText {#text} at (1,1) size 57x18
                text run at (1,1) width 57: "TBODY"
