layer at (0,0) size 800x600
  RenderView at (0,0) size 800x600
layer at (0,0) size 800x600
  RenderBlock {HTML} at (0,0) size 800x600
    RenderBody {BODY} at (8,8) size 784x584
      RenderBlock (anonymous) at (0,0) size 784x18
        RenderText {#text} at (0,0) size 4x18
          text run at (0,0) width 4: " "
      RenderTable {TABLE} at (0,18) size 238x82 [border: (1px outset #808080)]
        RenderTableSection {TBODY} at (1,1) size 236x80
          RenderTableRow {TR} at (0,2) size 236x24
            RenderTableCell {TD} at (2,2) size 14x24 [border: (1px inset #808080)] [r=0 c=0 rs=1 cs=1]
              RenderText {#text} at (3,3) size 8x18
                text run at (3,3) width 8: "1"
            RenderTableCell {TD} at (18,15) size 136x24 [border: (1px inset #808080)] [r=0 c=1 rs=2 cs=2]
              RenderText {#text} at (3,3) size 130x18
                text run at (3,3) width 130: "colspan 2 rowspan 2"
            RenderTableCell {TD} at (156,2) size 22x24 [border: (1px inset #808080)] [r=0 c=3 rs=1 cs=1]
              RenderText {#text} at (3,3) size 8x18
                text run at (3,3) width 8: "3"
          RenderTableRow {TR} at (0,28) size 236x24
            RenderTableCell {TD} at (2,28) size 14x24 [border: (1px inset #808080)] [r=1 c=0 rs=1 cs=1]
              RenderText {#text} at (3,3) size 8x18
                text run at (3,3) width 8: "4"
            RenderTableCell {TD} at (156,28) size 22x24 [border: (1px inset #808080)] [r=1 c=3 rs=1 cs=1]
              RenderText {#text} at (3,3) size 8x18
                text run at (3,3) width 8: "5"
            RenderTableCell {TD} at (180,28) size 22x24 [border: (1px inset #808080)] [r=1 c=4 rs=1 cs=1]
              RenderText {#text} at (3,3) size 8x18
                text run at (3,3) width 8: "6"
            RenderTableCell {TD} at (204,28) size 14x24 [border: (1px inset #808080)] [r=1 c=5 rs=1 cs=1]
              RenderText {#text} at (3,3) size 8x18
                text run at (3,3) width 8: "7"
            RenderTableCell {TD} at (220,28) size 14x24 [border: (1px inset #808080)] [r=1 c=6 rs=1 cs=1]
              RenderText {#text} at (3,3) size 8x18
                text run at (3,3) width 8: "8"
          RenderTableRow {TR} at (0,54) size 236x24
            RenderTableCell {TD} at (2,54) size 14x24 [border: (1px inset #808080)] [r=2 c=0 rs=1 cs=1]
              RenderText {#text} at (3,3) size 8x18
                text run at (3,3) width 8: "9"
            RenderTableCell {TD} at (18,54) size 67x24 [border: (1px inset #808080)] [r=2 c=1 rs=1 cs=1]
              RenderText {#text} at (3,3) size 16x18
                text run at (3,3) width 16: "10"
            RenderTableCell {TD} at (87,54) size 67x24 [border: (1px inset #808080)] [r=2 c=2 rs=1 cs=1]
              RenderText {#text} at (3,3) size 16x18
                text run at (3,3) width 16: "11"
            RenderTableCell {TD} at (156,54) size 22x24 [border: (1px inset #808080)] [r=2 c=3 rs=1 cs=1]
              RenderText {#text} at (3,3) size 16x18
                text run at (3,3) width 16: "12"
            RenderTableCell {TD} at (180,54) size 22x24 [border: (1px inset #808080)] [r=2 c=4 rs=1 cs=1]
              RenderText {#text} at (3,3) size 16x18
                text run at (3,3) width 16: "13"
