layer at (0,0) size 800x600
  RenderView at (0,0) size 800x600
layer at (0,0) size 800x600
  RenderBlock {HTML} at (0,0) size 800x600
    RenderBody {BODY} at (8,8) size 784x584 [bgcolor=#FFFFFF]
      RenderTable {TABLE} at (0,0) size 610x100 [border: (1px outset #808080)]
        RenderTableSection {TBODY} at (1,1) size 608x98
          RenderTableRow {TR} at (0,2) size 608x94
            RenderTableCell {TD} at (2,17) size 479x64 [border: (1px inset #808080)] [r=0 c=0 rs=1 cs=1]
              RenderTable {TABLE} at (2,2) size 475x60 [bgcolor=#BBBBBB]
                RenderTableSection {TBODY} at (0,0) size 475x60
                  RenderTableRow {TR} at (0,2) size 475x56
                    RenderTableCell {TD} at (2,29) size 2x2 [r=0 c=0 rs=1 cs=1]
                    RenderTableCell {TD} at (6,2) size 467x56 [r=0 c=1 rs=1 cs=1]
                      RenderText {#text} at (1,1) size 219x18
                        text run at (1,1) width 219: "Welcome to the new DaveCentral!"
                      RenderBR {BR} at (220,15) size 0x0
                      RenderText {#text} at (1,19) size 462x36
                        text run at (1,19) width 85: "I have a new "
                        text run at (86,19) width 353: "Linux software archive as well as the Windows archive "
                        text run at (439,19) width 24: "you"
                        text run at (1,37) width 186: "have come to know and love."
            RenderTableCell {TD} at (483,2) size 123x94 [bgcolor=#99CCCC] [border: (1px inset #808080)] [r=0 c=1 rs=1 cs=1]
              RenderText {#text} at (2,2) size 117x18
                text run at (2,2) width 117: "ANDOVER.NET"
              RenderBR {BR} at (119,16) size 0x0
              RenderText {#text} at (2,20) size 108x18
                text run at (2,20) width 108: "E-COMMERCE"
              RenderBR {BR} at (110,34) size 0x0
              RenderText {#text} at (2,38) size 102x54
                text run at (2,38) width 102: "Buy some smart"
                text run at (2,56) width 62: "stuff from"
                text run at (2,74) width 83: "Andover.Net"
