layer at (0,0) size 800x600
  RenderView at (0,0) size 800x600
layer at (0,0) size 800x600
  RenderBlock {HTML} at (0,0) size 800x600
    RenderBody {BODY} at (8,8) size 784x584
      RenderTable {TABLE} at (192,0) size 400x45 [border: (1px outset #808080)]
        RenderTableSection {TBODY} at (1,1) size 398x43
          RenderTableRow {TR} at (0,2) size 398x39
            RenderTableCell {TD} at (2,2) size 394x39 [border: (1px inset #808080)] [r=0 c=0 rs=1 cs=1]
              RenderBlock {FORM} at (2,2) size 390x19
                RenderMenuList {SELECT} at (0,0) size 51x19 [bgcolor=#FFFFFF]
                  RenderBlock (anonymous) at (4,2) size 26x15
                    RenderText at (0,0) size 26x15
                      text run at (0,0) width 26: "Test"
                RenderText {#text} at (0,0) size 0x0
