layer at (0,0) size 800x600
  RenderView at (0,0) size 800x600
layer at (0,0) size 800x600
  RenderBlock {HTML} at (0,0) size 800x600
    RenderBody {BODY} at (0,0) size 800x600 [bgcolor=#FFFFFF]
      RenderBlock (anonymous) at (0,0) size 800x102
        RenderImage {IMG} at (0,0) size 102x102 [border: (1px solid #000000)]
        RenderText {#text} at (0,0) size 0x0
      RenderTable {TABLE} at (0,102) size 800x130 [border: (2px outset #808080)]
        RenderTableSection {TBODY} at (2,2) size 796x126
          RenderTableRow {TR} at (0,0) size 796x0
            RenderTableCell {TD} at (0,0) size 116x126 [bgcolor=#DDDDDD] [border: (1px inset #808080)] [r=0 c=0 rs=2 cs=1]
              RenderTable {TABLE} at (1,1) size 112x124 [border: (1px outset #808080)]
                RenderTableSection {TBODY} at (1,1) size 110x122
                  RenderTableRow {TR} at (0,0) size 110x122
                    RenderTableCell {TD} at (0,0) size 110x122 [border: (1px inset #808080)] [r=0 c=0 rs=1 cs=1]
                      RenderImage {IMG} at (5,1) size 100x100
                      RenderText {#text} at (1,101) size 50x19
                        text run at (1,101) width 50: "HELLO"
          RenderTableRow {TR} at (0,0) size 796x126
            RenderTableCell {TD} at (115,2) size 328x122 [border: (1px inset #808080)] [r=1 c=1 rs=1 cs=1]
              RenderText {#text} at (1,1) size 318x119
                text run at (1,1) width 312: "The Zurich football team known as FC Blue Stars is"
                text run at (1,21) width 98: "one of the city's "
                text run at (99,21) width 151: "oldest-established clubs, "
                text run at (250,21) width 46: "and it is"
                text run at (1,41) width 304: "thanks mainly to its annual junior tournament which"
                text run at (1,61) width 57: "has been "
                text run at (58,61) width 124: "running for 60 years "
                text run at (182,61) width 137: "(traditionally played on"
                text run at (1,81) width 308: "Ascension Day and the day before) that it now also"
                text run at (1,101) width 114: "has an international"
            RenderTableCell {TD} at (442,52) size 355x22 [bgcolor=#E6E8FA] [border: (1px inset #808080)] [r=1 c=2 rs=1 cs=1]
              RenderText {#text} at (1,1) size 348x19
                text run at (1,1) width 288: "hello hello hello hello hello hello hello hello hello "
                text run at (289,1) width 60: "hello hello"
