layer at (0,0) size 800x600
  RenderView at (0,0) size 800x600
layer at (0,0) size 800x218
  RenderBlock {HTML} at (0,0) size 800x218
    RenderBody {BODY} at (8,8) size 784x202
      RenderTable {TABLE} at (0,0) size 400x202 [border: (1px outset #808080)]
        RenderBlock {CAPTION} at (0,0) size 400x18
          RenderText {#text} at (47,0) size 306x18
            text run at (47,0) width 306: "Table is 400 px width, set with table width=400."
        RenderTableCol {COLGROUP} at (0,0) size 0x0
          RenderTableCol {COL} at (0,0) size 0x0
          RenderTableCol {COL} at (0,0) size 0x0
          RenderTableCol {COL} at (0,0) size 0x0
        RenderTableSection {TBODY} at (1,19) size 398x182
          RenderTableRow {TR} at (0,0) size 398x182
            RenderTableCell {TD} at (0,0) size 398x182 [border: (1px inset #808080)] [r=0 c=0 rs=1 cs=3]
              RenderText {#text} at (1,1) size 395x180
                text run at (1,1) width 304: "table Cols 1 - 3. There must be a lot of text here "
                text run at (305,1) width 89: "in order to see"
                text run at (1,19) width 200: "the bug. table Cols 1 - 3. There "
                text run at (201,19) width 171: "must be a lot of text here in"
                text run at (1,37) width 132: "order to see the bug. "
                text run at (133,37) width 242: "table Cols 1 - 3. There must be a lot of"
                text run at (1,55) width 58: "text here "
                text run at (59,55) width 293: "in order to see the bug. table Cols 1 - 3. There "
                text run at (352,55) width 30: "must"
                text run at (1,73) width 273: "be a lot of text here in order to see the bug. "
                text run at (274,73) width 100: "table Cols 1 - 3."
                text run at (1,91) width 200: "There must be a lot of text here "
                text run at (201,91) width 178: "in order to see the bug. table"
                text run at (1,109) width 111: "Cols 1 - 3. There "
                text run at (112,109) width 271: "must be a lot of text here in order to see the"
                text run at (1,127) width 32: "bug. "
                text run at (33,127) width 304: "table Cols 1 - 3. There must be a lot of text here "
                text run at (337,127) width 49: "in order"
                text run at (1,145) width 240: "to see the bug. table Cols 1 - 3. There "
                text run at (241,145) width 155: "must be a lot of text here"
                text run at (1,163) width 144: "in order to see the bug."
