layer at (0,0) size 800x600
  RenderView at (0,0) size 800x600
layer at (0,0) size 800x600
  RenderBlock {HTML} at (0,0) size 800x600
    RenderBody {BODY} at (8,8) size 784x584
      RenderBlock (anonymous) at (0,0) size 784x18
        RenderInline {FONT} at (0,0) size 160x18
          RenderText {#text} at (0,0) size 160x18
            text run at (0,0) width 160: "Blah, blah in Helvetica"
      RenderBlock (anonymous) at (0,18) size 784x24
        RenderTable {TABLE} at (0,0) size 249x24
          RenderTableSection {TBODY} at (0,0) size 249x24
            RenderTableRow {TR} at (0,2) size 249x20
              RenderTableCell {TD} at (2,2) size 245x20 [r=0 c=0 rs=1 cs=1]
                RenderText {#text} at (1,1) size 243x18
                  text run at (1,1) width 243: "Text here is in times, not Helvetica"
      RenderBlock (anonymous) at (0,42) size 784x0
        RenderInline {FONT} at (0,0) size 0x0
        RenderText {#text} at (0,0) size 0x0
