layer at (0,0) size 800x600
  RenderView at (0,0) size 800x600
layer at (0,0) size 800x600
  RenderBlock {HTML} at (0,0) size 800x600
    RenderBody {BODY} at (8,8) size 784x584 [bgcolor=#FFFFFF]
      RenderTable {TABLE} at (0,0) size 706x76 [border: (1px outset #808080)]
        RenderTableSection {TBODY} at (1,1) size 704x74
          RenderTableRow {TR} at (0,2) size 704x22
            RenderTableCell {TH} at (2,11) size 266x4 [border: (1px inset #808080)] [r=0 c=0 rs=1 cs=1]
            RenderTableCell {TD} at (269,2) size 153x22 [border: (1px inset #808080)] [r=0 c=1 rs=1 cs=1]
              RenderText {#text} at (2,2) size 68x18
                text run at (2,2) width 68: "Host name"
            RenderTableCell {TD} at (423,2) size 174x22 [border: (1px inset #808080)] [r=0 c=2 rs=1 cs=1]
              RenderText {#text} at (2,2) size 78x18
                text run at (2,2) width 78: "Architecture"
            RenderTableCell {TD} at (598,2) size 104x22 [border: (1px inset #808080)] [r=0 c=3 rs=1 cs=1]
              RenderText {#text} at (2,2) size 45x18
                text run at (2,2) width 45: "Access"
          RenderTableRow {TR} at (0,26) size 704x22
            RenderTableCell {TD} at (2,26) size 266x22 [border: (1px inset #808080)] [r=1 c=0 rs=1 cs=1]
              RenderText {#text} at (2,2) size 122x18
                text run at (2,2) width 122: "debussy.debian.org"
            RenderTableCell {TD} at (269,26) size 153x22 [border: (1px inset #808080)] [r=1 c=1 rs=1 cs=1]
              RenderText {#text} at (2,2) size 37x18
                text run at (2,2) width 37: "ARM"
            RenderTableCell {TD} at (423,26) size 174x22 [border: (1px inset #808080)] [r=1 c=2 rs=1 cs=1]
              RenderText {#text} at (2,2) size 15x18
                text run at (2,2) width 15: "all"
          RenderTableRow {TR} at (0,50) size 704x22
            RenderTableCell {TD} at (2,50) size 266x22 [border: (1px inset #808080)] [r=2 c=0 rs=1 cs=1]
              RenderText {#text} at (2,2) size 103x18
                text run at (2,2) width 103: "faure.debian.org"
            RenderTableCell {TD} at (269,50) size 153x22 [border: (1px inset #808080)] [r=2 c=1 rs=1 cs=1]
              RenderText {#text} at (2,2) size 34x18
                text run at (2,2) width 34: "alpha"
            RenderTableCell {TD} at (423,50) size 174x22 [border: (1px inset #808080)] [r=2 c=2 rs=1 cs=1]
              RenderText {#text} at (2,2) size 15x18
                text run at (2,2) width 15: "all"
      RenderBlock {P} at (0,92) size 784x18
        RenderText {#text} at (0,0) size 130x18
          text run at (0,0) width 130: "Table nested in table"
      RenderTable {TABLE} at (0,126) size 347x100
        RenderTableSection {TBODY} at (0,0) size 347x100
          RenderTableRow {TR} at (0,2) size 347x96
            RenderTableCell {TD} at (2,2) size 343x96 [r=0 c=0 rs=1 cs=1]
              RenderTable {TABLE} at (1,1) size 310x94 [border: (1px outset #808080)]
                RenderTableSection {TBODY} at (1,1) size 308x92
                  RenderTableRow {TR} at (0,2) size 308x40
                    RenderTableCell {TH} at (2,20) size 126x4 [border: (1px inset #808080)] [r=0 c=0 rs=1 cs=1]
                    RenderTableCell {TD} at (130,2) size 41x40 [border: (1px inset #808080)] [r=0 c=1 rs=1 cs=1]
                      RenderText {#text} at (2,2) size 34x36
                        text run at (2,2) width 30: "Host"
                        text run at (2,20) width 34: "name"
                    RenderTableCell {TD} at (173,11) size 82x22 [border: (1px inset #808080)] [r=0 c=2 rs=1 cs=1]
                      RenderText {#text} at (2,2) size 78x18
                        text run at (2,2) width 78: "Architecture"
                    RenderTableCell {TD} at (257,11) size 49x22 [border: (1px inset #808080)] [r=0 c=3 rs=1 cs=1]
                      RenderText {#text} at (2,2) size 45x18
                        text run at (2,2) width 45: "Access"
                  RenderTableRow {TR} at (0,44) size 308x22
                    RenderTableCell {TD} at (2,44) size 126x22 [border: (1px inset #808080)] [r=1 c=0 rs=1 cs=1]
                      RenderText {#text} at (2,2) size 122x18
                        text run at (2,2) width 122: "debussy.debian.org"
                    RenderTableCell {TD} at (130,44) size 41x22 [border: (1px inset #808080)] [r=1 c=1 rs=1 cs=1]
                      RenderText {#text} at (2,2) size 37x18
                        text run at (2,2) width 37: "ARM"
                    RenderTableCell {TD} at (173,44) size 82x22 [border: (1px inset #808080)] [r=1 c=2 rs=1 cs=1]
                      RenderText {#text} at (2,2) size 15x18
                        text run at (2,2) width 15: "all"
                  RenderTableRow {TR} at (0,68) size 308x22
                    RenderTableCell {TD} at (2,68) size 126x22 [border: (1px inset #808080)] [r=2 c=0 rs=1 cs=1]
                      RenderText {#text} at (2,2) size 103x18
                        text run at (2,2) width 103: "faure.debian.org"
                    RenderTableCell {TD} at (130,68) size 41x22 [border: (1px inset #808080)] [r=2 c=1 rs=1 cs=1]
                      RenderText {#text} at (2,2) size 34x18
                        text run at (2,2) width 34: "alpha"
                    RenderTableCell {TD} at (173,68) size 82x22 [border: (1px inset #808080)] [r=2 c=2 rs=1 cs=1]
                      RenderText {#text} at (2,2) size 15x18
                        text run at (2,2) width 15: "all"
      RenderBlock (anonymous) at (0,226) size 784x18
        RenderBR {BR} at (0,0) size 0x18
      RenderBlock {P} at (0,260) size 784x18
        RenderText {#text} at (0,0) size 114x18
          text run at (0,0) width 114: "Table - no nesting"
      RenderTable {TABLE} at (0,294) size 706x76 [border: (1px outset #808080)]
        RenderTableSection {TBODY} at (1,1) size 704x74
          RenderTableRow {TR} at (0,2) size 704x22
            RenderTableCell {TH} at (2,11) size 266x4 [border: (1px inset #808080)] [r=0 c=0 rs=1 cs=1]
            RenderTableCell {TD} at (269,2) size 153x22 [border: (1px inset #808080)] [r=0 c=1 rs=1 cs=1]
              RenderText {#text} at (2,2) size 68x18
                text run at (2,2) width 68: "Host name"
            RenderTableCell {TD} at (423,2) size 174x22 [border: (1px inset #808080)] [r=0 c=2 rs=1 cs=1]
              RenderText {#text} at (2,2) size 78x18
                text run at (2,2) width 78: "Architecture"
            RenderTableCell {TD} at (598,2) size 104x22 [border: (1px inset #808080)] [r=0 c=3 rs=1 cs=1]
              RenderText {#text} at (2,2) size 45x18
                text run at (2,2) width 45: "Access"
          RenderTableRow {TR} at (0,26) size 704x22
            RenderTableCell {TD} at (2,26) size 266x22 [border: (1px inset #808080)] [r=1 c=0 rs=1 cs=1]
              RenderText {#text} at (2,2) size 122x18
                text run at (2,2) width 122: "debussy.debian.org"
            RenderTableCell {TD} at (269,26) size 153x22 [border: (1px inset #808080)] [r=1 c=1 rs=1 cs=1]
              RenderText {#text} at (2,2) size 37x18
                text run at (2,2) width 37: "ARM"
            RenderTableCell {TD} at (423,26) size 174x22 [border: (1px inset #808080)] [r=1 c=2 rs=1 cs=1]
              RenderText {#text} at (2,2) size 15x18
                text run at (2,2) width 15: "all"
          RenderTableRow {TR} at (0,50) size 704x22
            RenderTableCell {TD} at (2,50) size 266x22 [border: (1px inset #808080)] [r=2 c=0 rs=1 cs=1]
              RenderText {#text} at (2,2) size 103x18
                text run at (2,2) width 103: "faure.debian.org"
            RenderTableCell {TD} at (269,50) size 153x22 [border: (1px inset #808080)] [r=2 c=1 rs=1 cs=1]
              RenderText {#text} at (2,2) size 34x18
                text run at (2,2) width 34: "alpha"
            RenderTableCell {TD} at (423,50) size 174x22 [border: (1px inset #808080)] [r=2 c=2 rs=1 cs=1]
              RenderText {#text} at (2,2) size 15x18
                text run at (2,2) width 15: "all"
