layer at (0,0) size 800x600
  RenderView at (0,0) size 800x600
layer at (0,0) size 800x600
  RenderBlock {HTML} at (0,0) size 800x600
    RenderBody {BODY} at (8,8) size 784x584
      RenderTable {TABLE} at (0,0) size 784x95
        RenderTableSection {TBODY} at (0,0) size 784x95
          RenderTableRow {TR} at (0,2) size 784x91
            RenderTableCell {TD} at (2,2) size 640x91 [r=0 c=0 rs=1 cs=1]
              RenderTable {TABLE} at (1,1) size 638x89
                RenderTableSection {TBODY} at (0,0) size 638x89
                  RenderTableRow {TR} at (0,2) size 638x85
                    RenderTableCell {TD} at (2,2) size 634x85 [r=0 c=0 rs=1 cs=1]
                      RenderText {#text} at (1,1) size 50x82
                        text run at (1,1) width 50: "inside of"
                        text run at (1,64) width 29: "table"
                      RenderImage {IMG} at (30,21) size 600x58
            RenderTableCell {TD} at (644,26) size 139x43 [r=0 c=1 rs=1 cs=1]
              RenderText {#text} at (1,1) size 114x40
                text run at (1,2) width 114: "2nd row of outside"
                text run at (1,22) width 29: "table"
