layer at (0,0) size 800x600
  RenderView at (0,0) size 800x600
layer at (0,0) size 800x600
  RenderBlock {HTML} at (0,0) size 800x600
    RenderBody {BODY} at (8,8) size 784x584 [bgcolor=#FFFFFF]
      RenderTable {TABLE} at (0,0) size 604x54 [border: (1px outset #808080)]
        RenderTableSection {TBODY} at (1,1) size 602x52
          RenderTableRow {TR} at (0,0) size 602x30
            RenderTableCell {TD} at (0,0) size 602x30 [border: (1px inset #808080)] [r=0 c=0 rs=1 cs=3]
              RenderTable {TABLE} at (1,1) size 600x28 [border: (1px outset #808080)]
                RenderTableSection {TBODY} at (1,1) size 598x26
                  RenderTableRow {TR} at (0,0) size 598x26
                    RenderTableCell {TD} at (0,0) size 598x26 [border: (1px inset #808080)] [r=0 c=0 rs=1 cs=1]
                      RenderTable {TABLE} at (1,1) size 596x24 [border: (1px outset #808080)]
                        RenderTableSection {TBODY} at (1,1) size 594x22
                          RenderTableRow {TR} at (0,0) size 594x22 [bgcolor=#FF0000]
                            RenderTableCell {TD} at (0,0) size 594x22 [border: (1px inset #808080)] [r=0 c=0 rs=1 cs=1]
                              RenderText {#text} at (1,1) size 50x19
                                text run at (1,1) width 50: "cell data"
                              RenderText {#text} at (0,0) size 0x0
          RenderTableRow {TR} at (0,30) size 602x22
            RenderTableCell {TD} at (0,30) size 602x22 [border: (1px inset #808080)] [r=1 c=0 rs=1 cs=1]
              RenderText {#text} at (1,1) size 62x19
                text run at (1,1) width 62: "cell data 2"
