layer at (0,0) size 800x600
  RenderView at (0,0) size 800x600
layer at (0,0) size 800x600
  RenderBlock {HTML} at (0,0) size 800x600
    RenderBody {BODY} at (8,8) size 784x584
      RenderBlock (anonymous) at (0,0) size 784x0
        RenderInline {B} at (0,0) size 0x0
          RenderText {#text} at (0,0) size 0x0
          RenderText {#text} at (0,0) size 0x0
      RenderTable {TABLE} at (0,0) size 216x76 [border: (1px outset #808080)]
        RenderTableSection {TBODY} at (1,1) size 214x74
          RenderTableRow {TR} at (0,2) size 214x22
            RenderTableCell {TD} at (2,2) size 116x22 [border: (1px inset #808080)] [r=0 c=0 rs=1 cs=1]
              RenderText {#text} at (2,2) size 112x18
                text run at (2,2) width 112: "Click name to see"
            RenderTableCell {TD} at (120,14) size 92x22 [bgcolor=#00FF00] [border: (1px inset #808080)] [r=0 c=1 rs=2 cs=1]
              RenderText {#text} at (2,2) size 88x18
                text run at (2,2) width 88: "Mac Clbr Opt"
          RenderTableRow {TR} at (0,26) size 214x22
            RenderTableCell {TD} at (2,26) size 116x22 [border: (1px inset #808080)] [r=1 c=0 rs=1 cs=1]
              RenderText {#text} at (2,2) size 40x18
                text run at (2,2) width 40: "Guilty"
          RenderTableRow {TR} at (0,50) size 214x22
            RenderTableCell {TD} at (2,50) size 116x22 [border: (1px inset #808080)] [r=2 c=0 rs=1 cs=1]
              RenderText {#text} at (2,2) size 4x18
                text run at (2,2) width 4: " "
            RenderTableCell {TD} at (120,50) size 92x22 [bgcolor=#FFFF00] [border: (1px inset #808080)] [r=2 c=1 rs=1 cs=1]
              RenderText {#text} at (2,2) size 25x18
                text run at (2,2) width 25: "L C"
      RenderBlock (anonymous) at (0,76) size 784x0
        RenderInline {B} at (0,0) size 0x0
          RenderText {#text} at (0,0) size 0x0
