layer at (0,0) size 800x600
  RenderView at (0,0) size 800x600
layer at (0,0) size 800x600
  RenderBlock {HTML} at (0,0) size 800x600
    RenderBody {BODY} at (0,0) size 800x600
      RenderTable {TABLE} at (0,0) size 103x40 [bgcolor=#0000FF]
        RenderTableSection {TBODY} at (0,0) size 103x40
          RenderTableRow {TR} at (0,0) size 103x40
            RenderTableCell {TD} at (0,0) size 103x40 [r=0 c=0 rs=1 cs=1]
              RenderText {#text} at (0,0) size 62x19
                text run at (0,0) width 62: "Left Table"
              RenderBR {BR} at (62,15) size 0x0
              RenderText {#text} at (0,20) size 103x19
                text run at (0,20) width 103: "ALIGN=\"LEFT\""
              RenderBR {BR} at (103,35) size 0x0
      RenderTable {TABLE} at (103,0) size 103x40 [bgcolor=#0000FF]
        RenderTableSection {TBODY} at (0,0) size 103x40
          RenderTableRow {TR} at (0,0) size 103x40
            RenderTableCell {TD} at (0,0) size 103x40 [r=0 c=0 rs=1 cs=1]
              RenderText {#text} at (0,0) size 79x19
                text run at (0,0) width 79: "Center Table"
              RenderBR {BR} at (79,15) size 0x0
              RenderText {#text} at (0,20) size 103x19
                text run at (0,20) width 103: "ALIGN=\"LEFT\""
              RenderBR {BR} at (103,35) size 0x0
      RenderTable {TABLE} at (206,0) size 103x40 [bgcolor=#0000FF]
        RenderTableSection {TBODY} at (0,0) size 103x40
          RenderTableRow {TR} at (0,0) size 103x40
            RenderTableCell {TD} at (0,0) size 103x40 [r=0 c=0 rs=1 cs=1]
              RenderText {#text} at (0,0) size 69x19
                text run at (0,0) width 69: "Right Table"
              RenderBR {BR} at (69,15) size 0x0
              RenderText {#text} at (0,20) size 103x19
                text run at (0,20) width 103: "ALIGN=\"LEFT\""
              RenderBR {BR} at (103,35) size 0x0
      RenderBR {BR} at (309,0) size 0x19
      RenderBR {BR} at (0,40) size 0x19
      RenderText {#text} at (0,60) size 470x19
        text run at (0,60) width 470: "The three tables above should abut each other. (in NN3/4 and IE4/5 they do)."
