layer at (0,0) size 800x600
  RenderView at (0,0) size 800x600
layer at (0,0) size 800x600
  RenderBlock {HTML} at (0,0) size 800x600
    RenderBody {BODY} at (8,8) size 784x584
      RenderBlock (anonymous) at (0,0) size 784x0
        RenderInline {B} at (0,0) size 0x0
          RenderText {#text} at (0,0) size 0x0
          RenderText {#text} at (0,0) size 0x0
      RenderTable {TABLE} at (0,0) size 220x94 [border: (1px outset #808080)]
        RenderTableSection {TBODY} at (1,1) size 218x92
          RenderTableRow {TR} at (0,5) size 218x24
            RenderTableCell {TD} at (5,5) size 112x24 [border: (1px inset #808080)] [r=0 c=0 rs=1 cs=1]
              RenderText {#text} at (2,2) size 108x19
                text run at (2,2) width 108: "Click name to see"
            RenderTableCell {TD} at (122,19) size 91x25 [bgcolor=#00FF00] [border: (1px inset #808080)] [r=0 c=1 rs=2 cs=1]
              RenderText {#text} at (2,2) size 87x20
                text run at (2,3) width 87: "Mac Clbr Opt"
          RenderTableRow {TR} at (0,34) size 218x24
            RenderTableCell {TD} at (5,34) size 112x24 [border: (1px inset #808080)] [r=1 c=0 rs=1 cs=1]
              RenderText {#text} at (2,2) size 35x19
                text run at (2,2) width 35: "Guilty"
          RenderTableRow {TR} at (0,63) size 218x24
            RenderTableCell {TD} at (5,63) size 112x24 [border: (1px inset #808080)] [r=2 c=0 rs=1 cs=1]
              RenderText {#text} at (2,2) size 4x19
                text run at (2,2) width 4: " "
            RenderTableCell {TD} at (122,63) size 91x24 [bgcolor=#FFFF00] [border: (1px inset #808080)] [r=2 c=1 rs=1 cs=1]
              RenderText {#text} at (2,2) size 24x19
                text run at (2,2) width 24: "L C"
      RenderBlock (anonymous) at (0,94) size 784x20
        RenderInline {B} at (0,0) size 0x19
          RenderText {#text} at (0,0) size 0x0
          RenderBR {BR} at (0,0) size 0x19
          RenderInline {B} at (0,0) size 0x0
            RenderText {#text} at (0,0) size 0x0
            RenderText {#text} at (0,0) size 0x0
      RenderBlock (anonymous) at (0,114) size 784x123
        RenderTable {TABLE} at (0,0) size 220x123 [border: (1px outset #808080)]
          RenderTableSection {TBODY} at (1,1) size 218x121
            RenderTableRow {TR} at (0,5) size 218x24
              RenderTableCell {TD} at (5,5) size 112x24 [border: (1px inset #808080)] [r=0 c=0 rs=1 cs=1]
                RenderText {#text} at (2,2) size 20x19
                  text run at (2,2) width 20: "foo"
              RenderTableCell {TD} at (122,5) size 91x24 [border: (1px inset #808080)] [r=0 c=1 rs=1 cs=1]
                RenderText {#text} at (2,2) size 20x19
                  text run at (2,2) width 20: "bar"
            RenderTableRow {TR} at (0,34) size 218x24
              RenderTableCell {TD} at (5,34) size 112x24 [border: (1px inset #808080)] [r=1 c=0 rs=1 cs=1]
                RenderText {#text} at (2,2) size 108x19
                  text run at (2,2) width 108: "Click name to see"
              RenderTableCell {TD} at (122,48) size 91x25 [bgcolor=#00FF00] [border: (1px inset #808080)] [r=1 c=1 rs=2 cs=1]
                RenderText {#text} at (2,2) size 87x20
                  text run at (2,3) width 87: "Mac Clbr Opt"
            RenderTableRow {TR} at (0,63) size 218x24
              RenderTableCell {TD} at (5,63) size 112x24 [border: (1px inset #808080)] [r=2 c=0 rs=1 cs=1]
                RenderText {#text} at (2,2) size 35x19
                  text run at (2,2) width 35: "Guilty"
            RenderTableRow {TR} at (0,92) size 218x24
              RenderTableCell {TD} at (5,92) size 112x24 [border: (1px inset #808080)] [r=3 c=0 rs=1 cs=1]
                RenderText {#text} at (2,2) size 4x19
                  text run at (2,2) width 4: " "
              RenderTableCell {TD} at (122,92) size 91x24 [bgcolor=#FFFF00] [border: (1px inset #808080)] [r=3 c=1 rs=1 cs=1]
                RenderText {#text} at (2,2) size 24x19
                  text run at (2,2) width 24: "L C"
      RenderBlock (anonymous) at (0,237) size 784x20
        RenderInline {B} at (0,0) size 0x19
          RenderInline {B} at (0,0) size 0x19
            RenderText {#text} at (0,0) size 0x0
            RenderBR {BR} at (0,0) size 0x19
            RenderInline {B} at (0,0) size 0x0
              RenderText {#text} at (0,0) size 0x0
              RenderText {#text} at (0,0) size 0x0
      RenderBlock (anonymous) at (0,257) size 784x94
        RenderTable {TABLE} at (0,0) size 253x94 [border: (1px outset #808080)]
          RenderTableSection {TBODY} at (1,1) size 251x92
            RenderTableRow {TR} at (0,5) size 251x24
              RenderTableCell {TD} at (5,5) size 112x24 [border: (1px inset #808080)] [r=0 c=0 rs=1 cs=1]
                RenderText {#text} at (2,2) size 108x19
                  text run at (2,2) width 108: "Click name to see"
              RenderTableCell {TD} at (122,34) size 91x24 [bgcolor=#00FF00] [border: (1px inset #808080)] [r=0 c=1 rs=3 cs=1]
                RenderText {#text} at (2,2) size 87x19
                  text run at (2,2) width 87: "Mac Clbr Opt"
            RenderTableRow {TR} at (0,34) size 251x24
              RenderTableCell {TD} at (5,34) size 112x24 [border: (1px inset #808080)] [r=1 c=0 rs=1 cs=1]
                RenderText {#text} at (2,2) size 35x19
                  text run at (2,2) width 35: "Guilty"
            RenderTableRow {TR} at (0,63) size 251x24
              RenderTableCell {TD} at (5,63) size 112x24 [border: (1px inset #808080)] [r=2 c=0 rs=1 cs=1]
                RenderText {#text} at (2,2) size 4x19
                  text run at (2,2) width 4: " "
              RenderTableCell {TD} at (218,63) size 28x24 [bgcolor=#FFFF00] [border: (1px inset #808080)] [r=2 c=2 rs=1 cs=1]
                RenderText {#text} at (2,2) size 24x19
                  text run at (2,2) width 24: "L C"
      RenderBlock (anonymous) at (0,351) size 784x20
        RenderInline {B} at (0,0) size 0x19
          RenderInline {B} at (0,0) size 0x19
            RenderInline {B} at (0,0) size 0x19
              RenderText {#text} at (0,0) size 0x0
              RenderBR {BR} at (0,0) size 0x19
              RenderInline {B} at (0,0) size 0x0
                RenderText {#text} at (0,0) size 0x0
                RenderText {#text} at (0,0) size 0x0
      RenderBlock (anonymous) at (0,371) size 784x123
        RenderTable {TABLE} at (0,0) size 253x123 [border: (1px outset #808080)]
          RenderTableSection {TBODY} at (1,1) size 251x121
            RenderTableRow {TR} at (0,5) size 251x24
              RenderTableCell {TD} at (5,5) size 112x24 [border: (1px inset #808080)] [r=0 c=0 rs=1 cs=1]
                RenderText {#text} at (2,2) size 20x19
                  text run at (2,2) width 20: "foo"
              RenderTableCell {TD} at (122,5) size 91x24 [border: (1px inset #808080)] [r=0 c=1 rs=1 cs=1]
                RenderText {#text} at (2,2) size 20x19
                  text run at (2,2) width 20: "bar"
            RenderTableRow {TR} at (0,34) size 251x24
              RenderTableCell {TD} at (5,34) size 112x24 [border: (1px inset #808080)] [r=1 c=0 rs=1 cs=1]
                RenderText {#text} at (2,2) size 108x19
                  text run at (2,2) width 108: "Click name to see"
              RenderTableCell {TD} at (122,63) size 91x24 [bgcolor=#00FF00] [border: (1px inset #808080)] [r=1 c=1 rs=3 cs=1]
                RenderText {#text} at (2,2) size 87x19
                  text run at (2,2) width 87: "Mac Clbr Opt"
            RenderTableRow {TR} at (0,63) size 251x24
              RenderTableCell {TD} at (5,63) size 112x24 [border: (1px inset #808080)] [r=2 c=0 rs=1 cs=1]
                RenderText {#text} at (2,2) size 35x19
                  text run at (2,2) width 35: "Guilty"
            RenderTableRow {TR} at (0,92) size 251x24
              RenderTableCell {TD} at (5,92) size 112x24 [border: (1px inset #808080)] [r=3 c=0 rs=1 cs=1]
                RenderText {#text} at (2,2) size 4x19
                  text run at (2,2) width 4: " "
              RenderTableCell {TD} at (218,92) size 28x24 [bgcolor=#FFFF00] [border: (1px inset #808080)] [r=3 c=2 rs=1 cs=1]
                RenderText {#text} at (2,2) size 24x19
                  text run at (2,2) width 24: "L C"
      RenderBlock (anonymous) at (0,494) size 784x0
        RenderInline {B} at (0,0) size 0x0
          RenderInline {B} at (0,0) size 0x0
            RenderInline {B} at (0,0) size 0x0
              RenderInline {B} at (0,0) size 0x0
                RenderText {#text} at (0,0) size 0x0
