layer at (0,0) size 800x600
  RenderView at (0,0) size 800x600
layer at (0,0) size 800x600
  RenderBlock {HTML} at (0,0) size 800x600
    RenderBody {BODY} at (8,8) size 784x584
      RenderTable {TABLE} at (0,0) size 300x46 [border: (2px outset #808080)]
        RenderTableSection {TBODY} at (2,2) size 296x42
          RenderTableRow {TR} at (0,0) size 296x42
            RenderTableCell {TD} at (0,0) size 296x42 [bgcolor=#FFFF00] [border: (1px inset #808080)] [r=0 c=0 rs=1 cs=1]
              RenderBlock {CENTER} at (3,3) size 290x36
                RenderInline {A} at (0,0) size 0x0 [color=#0000EE]
                  RenderImage {IMG} at (0,0) size 20x20
                RenderText {#text} at (0,0) size 0x0
                RenderInline {A} at (0,0) size 185x36 [color=#0000EE]
                  RenderInline {FONT} at (0,0) size 185x36 [color=#000000]
                    RenderText {#text} at (64,0) size 185x18
                      text run at (64,0) width 111: "Free Homepage! "
                      text run at (174,0) width 75: "Free Email!"
                    RenderBR {BR} at (248,14) size 1x0
                    RenderText {#text} at (71,18) size 171x18
                      text run at (71,18) width 42: "It's all "
                      text run at (112,18) width 130: "yours at ACMEcity!"
