layer at (0,0) size 800x600
  RenderView at (0,0) size 800x600
layer at (0,0) size 800x600
  RenderBlock {HTML} at (0,0) size 800x600
    RenderBody {BODY} at (8,8) size 784x584
      RenderBlock (anonymous) at (0,0) size 784x36
        RenderText {#text} at (0,0) size 39x18
          text run at (0,0) width 39: "BAD:"
        RenderBR {BR} at (39,14) size 0x0
        RenderBR {BR} at (0,18) size 0x18
      RenderBlock {CENTER} at (0,36) size 784x60
        RenderTable {TABLE} at (0,0) size 784x60 [border: (5px outset #808080)]
          RenderTableSection {TBODY} at (5,5) size 774x50
            RenderTableRow {TR} at (0,2) size 774x22
              RenderTableCell {TD} at (2,2) size 770x22 [border: (1px inset #808080)] [r=0 c=0 rs=1 cs=1]
                RenderText {#text} at (2,2) size 27x18
                  text run at (2,2) width 27: "One"
            RenderTableRow {TR} at (0,26) size 774x22
              RenderTableCell {TD} at (2,26) size 770x22 [border: (1px inset #808080)] [r=1 c=0 rs=1 cs=1]
                RenderText {#text} at (2,2) size 30x18
                  text run at (2,2) width 30: "Two"
      RenderBlock (anonymous) at (0,96) size 784x72
        RenderBR {BR} at (0,0) size 0x18
        RenderBR {BR} at (0,18) size 0x18
        RenderText {#text} at (0,36) size 52x18
          text run at (0,36) width 52: "GOOD:"
        RenderBR {BR} at (52,50) size 0x0
        RenderBR {BR} at (0,54) size 0x18
      RenderBlock {CENTER} at (0,168) size 784x60
        RenderTable {TABLE} at (0,0) size 784x60 [border: (5px outset #808080)]
          RenderTableSection {TBODY} at (5,5) size 774x50
            RenderTableRow {TR} at (0,2) size 774x22
              RenderTableCell {TD} at (2,2) size 770x22 [border: (1px inset #808080)] [r=0 c=0 rs=1 cs=1]
                RenderText {#text} at (2,2) size 27x18
                  text run at (2,2) width 27: "One"
            RenderTableRow {TR} at (0,26) size 774x22
              RenderTableCell {TD} at (2,26) size 770x22 [border: (1px inset #808080)] [r=1 c=0 rs=1 cs=1]
                RenderText {#text} at (2,2) size 30x18
                  text run at (2,2) width 30: "Two"
