layer at (0,0) size 800x600
  RenderView at (0,0) size 800x600
layer at (0,0) size 800x600
  RenderBlock {HTML} at (0,0) size 800x600
    RenderBody {BODY} at (8,8) size 784x584
      RenderBlock (anonymous) at (0,0) size 784x18
        RenderText {#text} at (0,0) size 488x18
          text run at (0,0) width 488: "BUG: Inside a cell, \"height:x%\" is ignored. It looks like 'auto' is used instead."
        RenderBR {BR} at (488,14) size 0x0
      RenderListItem {LI} at (0,18) size 784x18
        RenderListMarker at (-1,0) size 7x18: bullet
        RenderText {#text} at (14,0) size 260x18
          text run at (14,0) width 260: "Absolute units work correctly (eg. 50px)."
      RenderListItem {LI} at (0,36) size 784x490
        RenderBlock (anonymous) at (0,0) size 784x18
          RenderListMarker at (-1,0) size 7x18: bullet
          RenderText {#text} at (14,0) size 181x18
            text run at (14,0) width 181: "\"width:x%\" works correctly."
        RenderBlock {HR} at (0,26) size 784x2 [border: (1px inset #000000)]
        RenderTable {TABLE} at (0,36) size 784x100
          RenderTableSection {TBODY} at (0,0) size 784x100
            RenderTableRow {TR} at (0,2) size 784x96
              RenderTableCell {TD} at (2,13) size 780x74 [bgcolor=#FF0000] [r=0 c=0 rs=1 cs=1]
                RenderText {#text} at (0,0) size 0x0
        RenderBlock {HR} at (0,144) size 784x2 [border: (1px inset #000000)]
        RenderTable {TABLE} at (0,154) size 784x100
          RenderTableSection {TBODY} at (0,0) size 784x100
            RenderTableRow {TR} at (0,2) size 784x96
              RenderTableCell {TD} at (2,9) size 780x82 [bgcolor=#FF0000] [r=0 c=0 rs=1 cs=1]
                RenderText {#text} at (0,0) size 0x0
        RenderBlock {HR} at (0,262) size 784x2 [border: (1px inset #000000)]
        RenderTable {TABLE} at (0,272) size 784x100
          RenderTableSection {TBODY} at (0,0) size 784x100
            RenderTableRow {TR} at (0,2) size 784x96
              RenderTableCell {TD} at (2,11) size 780x78 [bgcolor=#FF0000] [r=0 c=0 rs=1 cs=1]
                RenderBlock {P} at (1,1) size 623x76 [bgcolor=#FFFFE0]
                  RenderText {#text} at (0,0) size 229x18
                    text run at (0,0) width 229: "BUG: the height of the P is not 80%"
        RenderBlock {HR} at (0,380) size 784x2 [border: (1px inset #000000)]
        RenderTable {TABLE} at (0,390) size 784x100
          RenderTableSection {TBODY} at (0,0) size 784x100
            RenderTableRow {TR} at (0,2) size 784x96
              RenderTableCell {TD} at (2,9) size 780x82 [bgcolor=#FF0000] [r=0 c=0 rs=1 cs=1]
                RenderBlock {P} at (1,1) size 623x80 [bgcolor=#FFFFE0]
                  RenderText {#text} at (0,0) size 222x18
                    text run at (0,0) width 222: "OK: the height of the P is 80 pixels"
layer at (11,95) size 622x71 clip at (12,96) size 620x69
  RenderTextControl {TEXTAREA} at (1,1) size 623x72 [bgcolor=#FFFFFF] [border: (1px solid #000000)]
    RenderBlock {DIV} at (3,3) size 619x15
      RenderText {#text} at (0,0) size 336x15
        text run at (0,0) width 336: "BUG: the height of the textarea is not 80%"
layer at (11,208) size 622x80 clip at (12,209) size 620x78
  RenderTextControl {TEXTAREA} at (1,1) size 623x80 [bgcolor=#FFFFFF] [border: (1px solid #000000)]
    RenderBlock {DIV} at (3,3) size 619x15
      RenderText {#text} at (0,0) size 344x15
        text run at (0,0) width 344: "OK: the height of the textarea is 80 pixels"
