layer at (0,0) size 800x600
  RenderView at (0,0) size 800x600
layer at (0,0) size 800x600
  RenderBlock {HTML} at (0,0) size 800x600
    RenderBody {BODY} at (8,8) size 784x584
      RenderTable {TABLE} at (0,0) size 431x81 [border: (1px outset #808080)]
        RenderTableSection {TBODY} at (1,1) size 429x79
          RenderTableRow {TR} at (0,2) size 429x51
            RenderTableCell {TD} at (2,16) size 137x23 [border: (1px inset #808080)] [r=0 c=0 rs=1 cs=1]
              RenderText {#text} at (2,2) size 30x19
                text run at (2,3) width 30: "Blah"
            RenderTableCell {TD} at (140,2) size 288x51 [border: (1px inset #808080)] [r=0 c=1 rs=1 cs=1]
              RenderTable {TABLE} at (109,2) size 68x47 [border: (1px outset #808080)]
                RenderTableSection {TBODY} at (1,1) size 65x45
                  RenderTableRow {TR} at (0,2) size 65x41
                    RenderTableCell {TD} at (2,2) size 61x41 [border: (1px inset #808080)] [r=0 c=0 rs=1 cs=1]
                      RenderBlock {FORM} at (2,2) size 57x21
                        RenderButton {INPUT} at (0,0) size 57x21 [bgcolor=#F0F0F0] [border: (2px outset #F0F0F0)]
                          RenderBlock (anonymous) at (8,3) size 41x15
                            RenderText at (0,0) size 41x15
                              text run at (0,0) width 41: "Submit"
                        RenderText {#text} at (0,0) size 0x0
          RenderTableRow {TR} at (0,55) size 429x22
            RenderTableCell {TD} at (2,55) size 426x22 [border: (1px inset #808080)] [r=1 c=0 rs=1 cs=2]
              RenderText {#text} at (2,2) size 421x18
                text run at (2,2) width 421: "This line is only here to separate the two columns in the row above"
