layer at (0,0) size 800x600
  RenderView at (0,0) size 800x600
layer at (0,0) size 800x600
  RenderBlock {HTML} at (0,0) size 800x600
    RenderBody {BODY} at (8,8) size 784x584
      RenderTable {TABLE} at (0,0) size 784x584 [border: (1px outset #808080)]
        RenderTableSection {TBODY} at (1,1) size 782x582
          RenderTableRow {TR} at (0,2) size 782x578
            RenderTableCell {TD} at (2,269) size 365x44 [border: (1px inset #808080)] [r=0 c=0 rs=1 cs=1]
              RenderText {#text} at (2,2) size 76x19
                text run at (2,2) width 76: "Outer Table:"
              RenderBR {BR} at (78,284) size 0x0
              RenderText {#text} at (2,22) size 307x19
                text run at (2,22) width 307: "<table border=\"1\" width=\"100%\" height=\"100%\">"
            RenderTableCell {TD} at (368,2) size 413x578 [border: (1px inset #808080)] [r=0 c=1 rs=1 cs=1]
              RenderTable {TABLE} at (2,2) size 408x574 [border: (1px outset #808080)]
                RenderTableSection {TBODY} at (1,1) size 406x572
                  RenderTableRow {TR} at (0,2) size 406x568
                    RenderTableCell {TD} at (2,254) size 366x64 [border: (1px inset #808080)] [r=0 c=0 rs=1 cs=1]
                      RenderText {#text} at (2,2) size 85x19
                        text run at (2,2) width 85: "Nested Table:"
                      RenderBR {BR} at (87,269) size 0x0
                      RenderText {#text} at (2,22) size 307x19
                        text run at (2,22) width 307: "<table border=\"1\" width=\"100%\" height=\"100%\">"
                      RenderBR {BR} at (309,289) size 0x0
                      RenderText {#text} at (2,42) size 125x19
                        text run at (2,42) width 125: "<td height=\"100%\">"
                    RenderTableCell {TD} at (369,274) size 36x24 [border: (1px inset #808080)] [r=0 c=1 rs=1 cs=1]
                      RenderText {#text} at (2,2) size 25x19
                        text run at (2,2) width 25: "asdf"
