layer at (0,0) size 800x600
  RenderView at (0,0) size 800x600
layer at (0,0) size 800x600
  RenderBlock {HTML} at (0,0) size 800x600
    RenderBody {BODY} at (8,8) size 784x576 [bgcolor=#FFFFFF]
      RenderBlock {FORM} at (0,0) size 784x31
        RenderTable {TABLE} at (0,0) size 784x31
          RenderTableSection {TBODY} at (0,0) size 784x31
            RenderTableRow {TR} at (0,2) size 784x27 [bgcolor=#FFFFFF]
              RenderTableCell {TD} at (2,2) size 75x27 [r=0 c=0 rs=1 cs=1]
                RenderButton {INPUT} at (3,3) size 69x21 [bgcolor=#F0F0F0] [border: (2px outset #F0F0F0)]
                  RenderBlock (anonymous) at (8,3) size 53x15
                    RenderText at (0,0) size 53x15
                      text run at (0,0) width 53: "Select all"
              RenderTableCell {TD} at (79,2) size 59x27 [r=0 c=1 rs=1 cs=1]
                RenderButton {INPUT} at (3,3) size 53x21 [bgcolor=#F0F0F0] [border: (2px outset #F0F0F0)]
                  RenderBlock (anonymous) at (8,3) size 37x15
                    RenderText at (0,0) size 37x15
                      text run at (0,0) width 37: "Delete"
              RenderTableCell {TD} at (140,2) size 92x27 [r=0 c=2 rs=1 cs=1]
                RenderButton {INPUT} at (3,3) size 86x21 [bgcolor=#F0F0F0] [border: (2px outset #F0F0F0)]
                  RenderBlock (anonymous) at (8,3) size 70x15
                    RenderText at (0,0) size 70x15
                      text run at (0,0) width 70: "Empty trash"
              RenderTableCell {TD} at (234,9) size 359x20 [r=0 c=3 rs=1 cs=1]
                RenderText {#text} at (1,1) size 4x18
                  text run at (1,1) width 4: " "
              RenderTableCell {TD} at (595,2) size 72x27 [r=0 c=4 rs=1 cs=1]
                RenderButton {INPUT} at (3,3) size 66x21 [bgcolor=#F0F0F0] [border: (2px outset #F0F0F0)]
                  RenderBlock (anonymous) at (8,3) size 50x15
                    RenderText at (0,0) size 50x15
                      text run at (0,0) width 50: "Move to:"
              RenderTableCell {TD} at (669,4) size 113x25 [r=0 c=5 rs=1 cs=1]
                RenderMenuList {SELECT} at (3,3) size 107x19 [bgcolor=#FFFFFF]
                  RenderBlock (anonymous) at (4,2) size 82x15
                    RenderText at (0,0) size 82x15
                      text run at (0,0) width 82: "Choose folder "
                RenderText {#text} at (0,0) size 0x0
