layer at (0,0) size 785x929
  RenderView at (0,0) size 785x600
layer at (0,0) size 785x929
  RenderBlock {HTML} at (0,0) size 785x929
    RenderBody {BODY} at (8,8) size 769x913
      RenderTable {TABLE} at (0,0) size 600x259 [border: (1px outset #808080)]
        RenderTableSection {TBODY} at (1,1) size 598x257
          RenderTableRow {TR} at (0,2) size 598x77
            RenderTableCell {TD} at (2,2) size 594x77 [border: (1px inset #808080)] [r=0 c=0 rs=1 cs=3]
              RenderImage {IMG} at (2,2) size 590x73
              RenderText {#text} at (0,0) size 0x0
          RenderTableRow {TR} at (0,81) size 598x90
            RenderTableCell {TD} at (2,81) size 114x40 [bgcolor=#94BD73] [border: (1px inset #808080)] [r=1 c=0 rs=1 cs=1]
              RenderText {#text} at (2,2) size 73x36
                text run at (2,2) width 73: "LH column"
                text run at (2,20) width 38: "image"
            RenderTableCell {TD} at (118,81) size 20x22 [border: (1px inset #808080)] [r=1 c=1 rs=1 cs=1]
              RenderText {#text} at (2,2) size 16x18
                text run at (2,2) width 16: "    "
            RenderTableCell {TD} at (140,81) size 456x90 [border: (1px inset #808080)] [r=1 c=2 rs=1 cs=1]
              RenderBlock {P} at (2,2) size 452x18
                RenderText {#text} at (0,0) size 223x18
                  text run at (0,0) width 223: "HP Peripherals Developer Program"
              RenderBlock {P} at (2,36) size 452x18
                RenderText {#text} at (0,0) size 162x18
                  text run at (0,0) width 162: "PROGRAM SERVICES"
              RenderBlock {P} at (2,70) size 452x18
                RenderText {#text} at (0,0) size 68x18
                  text run at (0,0) width 68: "etc., etc. ..."
          RenderTableRow {TR} at (0,173) size 598x37
            RenderTableCell {TD} at (2,173) size 594x37 [border: (1px inset #808080)] [r=2 c=0 rs=1 cs=3]
              RenderImage {IMG} at (2,2) size 589x33
              RenderText {#text} at (0,0) size 0x0
          RenderTableRow {TR} at (0,212) size 598x43
            RenderTableCell {TD} at (2,212) size 114x43 [border: (1px inset #808080)] [r=3 c=0 rs=1 cs=1]
              RenderImage {IMG} at (2,2) size 110x39
              RenderText {#text} at (0,0) size 0x0
            RenderTableCell {TH} at (118,222) size 478x23 [border: (1px inset #808080)] [r=3 c=1 rs=1 cs=2]
              RenderText {#text} at (208,2) size 62x19
                text run at (208,3) width 62: "text links"
      RenderBlock {HR} at (0,267) size 769x2 [border: (1px inset #000000)]
      RenderBlock {P} at (0,285) size 769x18
        RenderInline {B} at (0,0) size 471x18
          RenderText {#text} at (0,0) size 471x18
            text run at (0,0) width 471: "Now, nuke the IMG (two of which are colspan=3) -- the table lines up."
      RenderTable {TABLE} at (0,319) size 590x179 [border: (1px outset #808080)]
        RenderTableSection {TBODY} at (1,1) size 588x177
          RenderTableRow {TR} at (0,2) size 588x22
            RenderTableCell {TD} at (2,2) size 585x22 [border: (1px inset #808080)] [r=0 c=0 rs=1 cs=3]
              RenderText {#text} at (2,2) size 127x18
                text run at (2,2) width 127: "IMG in a colspan=3"
          RenderTableRow {TR} at (0,26) size 588x90
            RenderTableCell {TD} at (2,26) size 111x40 [bgcolor=#94BD73] [border: (1px inset #808080)] [r=1 c=0 rs=1 cs=1]
              RenderText {#text} at (2,2) size 73x36
                text run at (2,2) width 73: "LH column"
                text run at (2,20) width 38: "image"
            RenderTableCell {TD} at (114,26) size 21x22 [border: (1px inset #808080)] [r=1 c=1 rs=1 cs=1]
              RenderText {#text} at (2,2) size 16x18
                text run at (2,2) width 16: "    "
            RenderTableCell {TD} at (136,26) size 451x90 [border: (1px inset #808080)] [r=1 c=2 rs=1 cs=1]
              RenderBlock {P} at (2,2) size 446x18
                RenderText {#text} at (0,0) size 223x18
                  text run at (0,0) width 223: "HP Peripherals Developer Program"
              RenderBlock {P} at (2,36) size 446x18
                RenderText {#text} at (0,0) size 162x18
                  text run at (0,0) width 162: "PROGRAM SERVICES"
              RenderBlock {P} at (2,70) size 446x18
                RenderText {#text} at (0,0) size 68x18
                  text run at (0,0) width 68: "etc., etc. ..."
          RenderTableRow {TR} at (0,118) size 588x33
            RenderTableCell {TD} at (2,123) size 585x23 [border: (1px inset #808080)] [r=2 c=0 rs=1 cs=3]
              RenderText {#text} at (2,2) size 127x19
                text run at (2,3) width 127: "IMG in a colspan=3"
          RenderTableRow {TR} at (0,153) size 588x22
            RenderTableCell {TD} at (2,153) size 111x22 [border: (1px inset #808080)] [r=3 c=0 rs=1 cs=1]
              RenderText {#text} at (2,2) size 76x18
                text run at (2,2) width 76: "just an IMG"
            RenderTableCell {TH} at (114,153) size 473x22 [border: (1px inset #808080)] [r=3 c=1 rs=1 cs=2]
              RenderText {#text} at (205,2) size 62x18
                text run at (205,2) width 62: "text links"
      RenderBlock {HR} at (0,506) size 769x2 [border: (1px inset #000000)]
      RenderBlock {P} at (0,524) size 769x18
        RenderInline {B} at (0,0) size 502x18
          RenderText {#text} at (0,0) size 502x18
            text run at (0,0) width 502: "Simpler comparison -- two rows, first is IMG in colspan=3 -- tables not OK"
      RenderTable {TABLE} at (0,558) size 600x175 [border: (1px outset #808080)]
        RenderTableSection {TBODY} at (1,1) size 598x173
          RenderTableRow {TR} at (0,2) size 598x77
            RenderTableCell {TD} at (2,2) size 595x77 [border: (1px inset #808080)] [r=0 c=0 rs=1 cs=3]
              RenderImage {IMG} at (2,2) size 590x73
              RenderText {#text} at (0,0) size 0x0
          RenderTableRow {TR} at (0,81) size 598x90
            RenderTableCell {TD} at (2,81) size 112x40 [bgcolor=#94BD73] [border: (1px inset #808080)] [r=1 c=0 rs=1 cs=1]
              RenderText {#text} at (2,2) size 73x36
                text run at (2,2) width 73: "LH column"
                text run at (2,20) width 38: "image"
            RenderTableCell {TD} at (115,81) size 21x22 [border: (1px inset #808080)] [r=1 c=1 rs=1 cs=1]
              RenderText {#text} at (2,2) size 16x18
                text run at (2,2) width 16: "    "
            RenderTableCell {TD} at (137,81) size 460x90 [border: (1px inset #808080)] [r=1 c=2 rs=1 cs=1]
              RenderBlock {P} at (2,2) size 455x18
                RenderText {#text} at (0,0) size 223x18
                  text run at (0,0) width 223: "HP Peripherals Developer Program"
              RenderBlock {P} at (2,36) size 455x18
                RenderText {#text} at (0,0) size 162x18
                  text run at (0,0) width 162: "PROGRAM SERVICES"
              RenderBlock {P} at (2,70) size 455x18
                RenderText {#text} at (0,0) size 68x18
                  text run at (0,0) width 68: "etc., etc. ..."
      RenderBlock {HR} at (0,741) size 769x2 [border: (1px inset #000000)]
      RenderBlock {P} at (0,759) size 769x18
        RenderInline {B} at (0,0) size 520x18
          RenderText {#text} at (0,0) size 520x18
            text run at (0,0) width 520: "Simpler comparison -- nuke the IMG (replace with text) -- tables line up now."
      RenderTable {TABLE} at (0,793) size 590x120 [border: (1px outset #808080)]
        RenderTableSection {TBODY} at (1,1) size 588x118
          RenderTableRow {TR} at (0,2) size 588x22
            RenderTableCell {TD} at (2,2) size 585x22 [border: (1px inset #808080)] [r=0 c=0 rs=1 cs=3]
              RenderText {#text} at (2,2) size 208x18
                text run at (2,2) width 208: "text instead of IMG in colspan=3"
          RenderTableRow {TR} at (0,26) size 588x90
            RenderTableCell {TD} at (2,26) size 111x40 [bgcolor=#94BD73] [border: (1px inset #808080)] [r=1 c=0 rs=1 cs=1]
              RenderText {#text} at (2,2) size 73x36
                text run at (2,2) width 73: "LH column"
                text run at (2,20) width 38: "image"
            RenderTableCell {TD} at (114,26) size 21x22 [border: (1px inset #808080)] [r=1 c=1 rs=1 cs=1]
              RenderText {#text} at (2,2) size 16x18
                text run at (2,2) width 16: "    "
            RenderTableCell {TD} at (136,26) size 451x90 [border: (1px inset #808080)] [r=1 c=2 rs=1 cs=1]
              RenderBlock {P} at (2,2) size 446x18
                RenderText {#text} at (0,0) size 223x18
                  text run at (0,0) width 223: "HP Peripherals Developer Program"
              RenderBlock {P} at (2,36) size 446x18
                RenderText {#text} at (0,0) size 162x18
                  text run at (0,0) width 162: "PROGRAM SERVICES"
              RenderBlock {P} at (2,70) size 446x18
                RenderText {#text} at (0,0) size 68x18
                  text run at (0,0) width 68: "etc., etc. ..."
