layer at (0,0) size 800x600
  RenderView at (0,0) size 800x600
layer at (0,0) size 800x68
  RenderBlock {HTML} at (0,0) size 800x68
    RenderBody {BODY} at (8,8) size 784x52
      RenderTable {TABLE} at (0,0) size 717x52 [border: (1px outset #808080)]
        RenderTableSection {TBODY} at (1,1) size 715x50
          RenderTableRow {TR} at (0,2) size 715x22
            RenderTableCell {TD} at (2,2) size 177x22 [border: (1px inset #808080)] [r=0 c=0 rs=1 cs=1]
              RenderText {#text} at (2,2) size 8x18
                text run at (2,2) width 8: "1"
            RenderTableCell {TD} at (180,2) size 531x22 [border: (1px inset #808080)] [r=0 c=1 rs=1 cs=1]
              RenderText {#text} at (2,2) size 420x18
                text run at (2,2) width 420: "HelloHelloHelloHelloHelloHelloHelloHelloHelloHelloHelloHello"
          RenderTableRow {TR} at (0,26) size 715x22
            RenderTableCell {TD} at (2,26) size 711x22 [border: (1px inset #808080)] [r=1 c=0 rs=1 cs=3]
              RenderText {#text} at (2,2) size 8x18
                text run at (2,2) width 8: "3"
