layer at (0,0) size 800x600
  RenderView at (0,0) size 800x600
layer at (0,0) size 800x600
  RenderBlock {HTML} at (0,0) size 800x600
    RenderBody {BODY} at (8,8) size 784x584
      RenderTable {TABLE} at (0,0) size 600x46
        RenderTableSection {TBODY} at (0,0) size 600x46
          RenderTableRow {TR} at (0,0) size 600x18
            RenderTableCell {TD} at (0,0) size 150x18 [bgcolor=#00EEEE] [r=0 c=0 rs=1 cs=1]
              RenderText {#text} at (0,0) size 100x18
                text run at (0,0) width 100: "150 pixels wide"
            RenderTableCell {TD} at (150,8) size 1x2 [bgcolor=#FF0000] [r=0 c=1 rs=1 cs=1]
              RenderImage {IMG} at (0,0) size 1x1
              RenderText {#text} at (0,0) size 0x0
            RenderTableCell {TD} at (151,0) size 449x18 [bgcolor=#EEEE00] [r=0 c=2 rs=1 cs=1]
              RenderText {#text} at (0,0) size 100x18
                text run at (0,0) width 100: "449 pixels wide"
          RenderTableRow {TR} at (0,18) size 600x28
            RenderTableCell {TD} at (0,18) size 600x28 [bgcolor=#00FF00] [r=1 c=0 rs=1 cs=3]
              RenderText {#text} at (0,0) size 181x18
                text run at (0,0) width 181: "Bottom cell, 600 pixels wide"
              RenderImage {IMG} at (0,18) size 600x10
              RenderText {#text} at (0,0) size 0x0
