layer at (0,0) size 800x600
  RenderView at (0,0) size 800x600
layer at (0,0) size 800x600
  RenderBlock {HTML} at (0,0) size 800x600
    RenderBody {BODY} at (8,8) size 784x584
      RenderTable {TABLE} at (0,0) size 777x8 [border: (1px outset #808080)]
        RenderTableSection {TBODY} at (1,1) size 775x6
          RenderTableRow {TR} at (0,0) size 775x6
            RenderTableCell {TD} at (0,2) size 769x2 [border: (1px inset #808080)] [r=0 c=0 rs=1 cs=1]
            RenderTableCell {TD} at (768,0) size 7x6 [border: (1px inset #808080)] [r=0 c=1 rs=1 cs=1]
              RenderImage {IMG} at (1,1) size 4x4
      RenderBlock (anonymous) at (0,8) size 784x18
        RenderBR {BR} at (0,0) size 0x18
      RenderTable {TABLE} at (0,26) size 353x25
        RenderTableSection {TBODY} at (0,0) size 353x25
          RenderTableRow {TR} at (0,0) size 353x21
            RenderTableCell {TD} at (0,0) size 349x21 [bgcolor=#006666] [r=0 c=0 rs=1 cs=1]
              RenderImage {IMG} at (0,0) size 13x16
              RenderInline {FONT} at (0,0) size 142x20 [color=#FFFFFF]
                RenderInline {B} at (0,0) size 142x20
                  RenderText {#text} at (13,0) size 142x20
                    text run at (13,0) width 142: "Rugged Laptops"
            RenderTableCell {TD} at (348,3) size 5x18 [r=0 c=1 rs=1 cs=1]
              RenderImage {IMG} at (0,0) size 4x18
          RenderTableRow {TR} at (0,21) size 353x4
            RenderTableCell {TD} at (0,21) size 349x4 [r=1 c=0 rs=1 cs=1]
              RenderImage {IMG} at (0,0) size 1x4
            RenderTableCell {TD} at (348,21) size 5x4 [r=1 c=1 rs=1 cs=1]
              RenderImage {IMG} at (0,0) size 4x4
      RenderBlock (anonymous) at (0,51) size 784x18
        RenderBR {BR} at (0,0) size 0x18
      RenderTable {TABLE} at (0,69) size 353x39
        RenderTableSection {TBODY} at (0,0) size 353x39
          RenderTableRow {TR} at (0,0) size 353x21
            RenderTableCell {TD} at (0,0) size 349x21 [bgcolor=#006666] [r=0 c=0 rs=1 cs=1]
              RenderImage {IMG} at (0,0) size 13x16
              RenderInline {FONT} at (0,0) size 142x20 [color=#FFFFFF]
                RenderInline {B} at (0,0) size 142x20
                  RenderText {#text} at (13,0) size 142x20
                    text run at (13,0) width 142: "Rugged Laptops"
            RenderTableCell {TD} at (348,3) size 5x18 [r=0 c=1 rs=1 cs=1]
              RenderImage {IMG} at (0,0) size 4x18
          RenderTableRow {TR} at (0,21) size 353x18
            RenderTableCell {TD} at (0,21) size 349x18 [r=1 c=0 rs=1 cs=1]
              RenderImage {IMG} at (0,10) size 1x4
              RenderInline {B} at (0,0) size 21x18
                RenderText {#text} at (1,0) size 21x18
                  text run at (1,0) width 21: "foo"
            RenderTableCell {TD} at (348,28) size 5x4 [r=1 c=1 rs=1 cs=1]
              RenderImage {IMG} at (0,0) size 4x4
