layer at (0,0) size 785x608
  RenderView at (0,0) size 785x600
layer at (0,0) size 785x608
  RenderBlock {HTML} at (0,0) size 785x608
    RenderBody {BODY} at (8,8) size 769x592 [bgcolor=#FFFFFF]
      RenderTable {TABLE} at (0,0) size 308x52 [border: (1px outset #808080)]
        RenderTableCol {COLGROUP} at (0,0) size 0x0
          RenderTableCol {COL} at (0,0) size 0x0
          RenderTableCol {COL} at (0,0) size 0x0
        RenderTableSection {TBODY} at (1,1) size 306x50
          RenderTableRow {TR} at (0,2) size 306x22
          RenderTableRow {TR} at (0,26) size 306x22
      RenderTable {TABLE} at (0,52) size 308x52 [border: (1px outset #808080)]
        RenderTableCol {COLGROUP} at (0,0) size 0x0
          RenderTableCol {COL} at (0,0) size 0x0
          RenderTableCol {COL} at (0,0) size 0x0
        RenderTableSection {TBODY} at (1,1) size 306x50
          RenderTableRow {TR} at (0,2) size 306x22
          RenderTableRow {TR} at (0,26) size 306x22
      RenderTable {TABLE} at (0,104) size 300x52 [border: (1px outset #808080)]
        RenderTableSection {TBODY} at (1,1) size 298x50
          RenderTableRow {TR} at (0,2) size 298x22
          RenderTableRow {TR} at (0,26) size 298x22
      RenderTable {TABLE} at (0,156) size 300x52 [border: (1px outset #808080)]
        RenderTableSection {TBODY} at (1,1) size 298x50
          RenderTableRow {TR} at (0,2) size 298x22
          RenderTableRow {TR} at (0,26) size 298x22
      RenderTable {TABLE} at (0,208) size 300x55 [border: (1px outset #808080)]
        RenderTableSection {TBODY} at (1,1) size 298x53
          RenderTableRow {TR} at (0,2) size 298x25
          RenderTableRow {TR} at (0,29) size 298x22
      RenderTable {TABLE} at (0,263) size 300x55 [border: (1px outset #808080)]
        RenderTableSection {TBODY} at (1,1) size 298x53
          RenderTableRow {TR} at (0,2) size 298x25
          RenderTableRow {TR} at (0,29) size 298x22
      RenderTable {TABLE} at (0,318) size 300x94 [border: (1px outset #808080)]
        RenderTableSection {TBODY} at (1,1) size 298x92
          RenderTableRow {TR} at (0,2) size 298x46
          RenderTableRow {TR} at (0,50) size 298x40
      RenderTable {TABLE} at (0,502) size 300x90 [border: (1px outset #808080)]
        RenderTableSection {TBODY} at (1,1) size 298x88
          RenderTableRow {TR} at (0,2) size 298x60
          RenderTableRow {TR} at (0,64) size 298x22
layer at (11,11) size 200x22 clip at (12,12) size 198x20
  RenderTableCell {TD} at (2,2) size 200x22 [bgcolor=#0000FF] [border: (1px inset #808080)] [r=0 c=0 rs=1 cs=1]
    RenderText {#text} at (2,2) size 4x18
      text run at (2,2) width 4: " "
layer at (213,11) size 100x22 clip at (214,12) size 98x20
  RenderTableCell {TD} at (204,2) size 100x22 [bgcolor=#0000FF] [border: (1px inset #808080)] [r=0 c=1 rs=1 cs=1]
    RenderText {#text} at (2,2) size 4x18
      text run at (2,2) width 4: " "
layer at (11,35) size 200x22 clip at (12,36) size 198x20
  RenderTableCell {TD} at (2,26) size 200x22 [bgcolor=#0000FF] [border: (1px inset #808080)] [r=1 c=0 rs=1 cs=1]
    RenderText {#text} at (2,2) size 4x18
      text run at (2,2) width 4: " "
layer at (213,35) size 100x22 clip at (214,36) size 98x20
  RenderTableCell {TD} at (204,26) size 100x22 [bgcolor=#0000FF] [border: (1px inset #808080)] [r=1 c=1 rs=1 cs=1]
    RenderText {#text} at (2,2) size 4x18
      text run at (2,2) width 4: " "
layer at (11,63) size 200x22 clip at (12,64) size 198x20
  RenderTableCell {TD} at (2,2) size 200x22 [bgcolor=#0000FF] [border: (1px inset #808080)] [r=0 c=0 rs=1 cs=1]
    RenderText {#text} at (2,2) size 4x18
      text run at (2,2) width 4: " "
layer at (213,63) size 100x22 clip at (214,64) size 98x20
  RenderTableCell {TD} at (204,2) size 100x22 [bgcolor=#0000FF] [border: (1px inset #808080)] [r=0 c=1 rs=1 cs=1]
    RenderText {#text} at (2,2) size 4x18
      text run at (2,2) width 4: " "
layer at (11,87) size 200x22 clip at (12,88) size 198x20
  RenderTableCell {TD} at (2,26) size 200x22 [bgcolor=#0000FF] [border: (1px inset #808080)] [r=1 c=0 rs=1 cs=1]
    RenderText {#text} at (2,2) size 4x18
      text run at (2,2) width 4: " "
layer at (213,87) size 100x22 clip at (214,88) size 98x20
  RenderTableCell {TD} at (204,26) size 100x22 [bgcolor=#0000FF] [border: (1px inset #808080)] [r=1 c=1 rs=1 cs=1]
    RenderText {#text} at (2,2) size 4x18
      text run at (2,2) width 4: " "
layer at (11,115) size 234x22 clip at (12,116) size 232x20
  RenderTableCell {TD} at (2,2) size 234x22 [bgcolor=#0000FF] [border: (1px inset #808080)] [r=0 c=0 rs=1 cs=1]
    RenderText {#text} at (2,2) size 4x18
      text run at (2,2) width 4: " "
layer at (247,115) size 58x22 clip at (248,116) size 56x20
  RenderTableCell {TD} at (237,2) size 59x22 [bgcolor=#0000FF] [border: (1px inset #808080)] [r=0 c=1 rs=1 cs=1]
    RenderText {#text} at (2,2) size 4x18
      text run at (2,2) width 4: " "
layer at (11,139) size 234x22 clip at (12,140) size 232x20
  RenderTableCell {TD} at (2,26) size 234x22 [bgcolor=#0000FF] [border: (1px inset #808080)] [r=1 c=0 rs=1 cs=1]
    RenderText {#text} at (2,2) size 4x18
      text run at (2,2) width 4: " "
layer at (247,139) size 58x22 clip at (248,140) size 56x20
  RenderTableCell {TD} at (237,26) size 59x22 [bgcolor=#0000FF] [border: (1px inset #808080)] [r=1 c=1 rs=1 cs=1]
    RenderText {#text} at (2,2) size 4x18
      text run at (2,2) width 4: " "
layer at (11,167) size 154x22 clip at (12,168) size 152x20
  RenderTableCell {TD} at (2,2) size 154x22 [bgcolor=#0000FF] [border: (1px inset #808080)] [r=0 c=0 rs=1 cs=1]
    RenderText {#text} at (2,2) size 4x18
      text run at (2,2) width 4: " "
layer at (167,167) size 138x22 clip at (168,168) size 136x20
  RenderTableCell {TD} at (158,2) size 138x22 [bgcolor=#0000FF] [border: (1px inset #808080)] [r=0 c=1 rs=1 cs=1]
    RenderText {#text} at (2,2) size 4x18
      text run at (2,2) width 4: " "
layer at (11,191) size 154x22 clip at (12,192) size 152x20
  RenderTableCell {TD} at (2,26) size 154x22 [bgcolor=#0000FF] [border: (1px inset #808080)] [r=1 c=0 rs=1 cs=1]
    RenderText {#text} at (2,2) size 4x18
      text run at (2,2) width 4: " "
layer at (167,191) size 138x22 clip at (168,192) size 136x20
  RenderTableCell {TD} at (158,26) size 138x22 [bgcolor=#0000FF] [border: (1px inset #808080)] [r=1 c=1 rs=1 cs=1]
    RenderText {#text} at (2,2) size 4x18
      text run at (2,2) width 4: " "
layer at (11,219) size 154x25 clip at (12,220) size 152x23 scrollWidth 201
  RenderTableCell {TD} at (2,2) size 154x25 [bgcolor=#0000FF] [border: (1px inset #808080)] [r=0 c=0 rs=1 cs=1]
    RenderBlock {FORM} at (2,2) size 150x21
      RenderButton {BUTTON} at (0,0) size 200x21 [bgcolor=#F0F0F0] [border: (2px outset #F0F0F0)]
        RenderBlock (anonymous) at (8,3) size 184x15
          RenderText {#text} at (74,0) size 36x15
            text run at (74,0) width 36: "button"
layer at (167,219) size 138x25 clip at (168,220) size 136x23
  RenderTableCell {TD} at (158,3) size 138x23 [bgcolor=#0000FF] [border: (1px inset #808080)] [r=0 c=1 rs=1 cs=1]
    RenderText {#text} at (2,2) size 4x19
      text run at (2,3) width 4: " "
layer at (11,246) size 154x22 clip at (12,247) size 152x20
  RenderTableCell {TD} at (2,29) size 154x22 [bgcolor=#0000FF] [border: (1px inset #808080)] [r=1 c=0 rs=1 cs=1]
    RenderText {#text} at (2,2) size 4x18
      text run at (2,2) width 4: " "
layer at (167,246) size 138x22 clip at (168,247) size 136x20
  RenderTableCell {TD} at (158,29) size 138x22 [bgcolor=#0000FF] [border: (1px inset #808080)] [r=1 c=1 rs=1 cs=1]
    RenderText {#text} at (2,2) size 4x18
      text run at (2,2) width 4: " "
layer at (11,274) size 281x25 clip at (12,275) size 279x23
  RenderTableCell {TD} at (2,2) size 281x25 [bgcolor=#0000FF] [border: (1px inset #808080)] [r=0 c=0 rs=1 cs=1]
    RenderBlock {FORM} at (2,2) size 277x21
      RenderButton {BUTTON} at (0,0) size 200x21 [bgcolor=#F0F0F0] [border: (2px outset #F0F0F0)]
        RenderBlock (anonymous) at (8,3) size 184x15
          RenderText {#text} at (74,0) size 36x15
            text run at (74,0) width 36: "button"
layer at (294,274) size 11x25 clip at (295,275) size 9x23
  RenderTableCell {TD} at (284,3) size 13x23 [bgcolor=#0000FF] [border: (1px inset #808080)] [r=0 c=1 rs=1 cs=1]
    RenderText {#text} at (2,2) size 4x19
      text run at (2,3) width 4: " "
layer at (11,301) size 281x22 clip at (12,302) size 279x20
  RenderTableCell {TD} at (2,29) size 281x22 [bgcolor=#0000FF] [border: (1px inset #808080)] [r=1 c=0 rs=1 cs=1]
    RenderText {#text} at (2,2) size 4x18
      text run at (2,2) width 4: " "
layer at (294,301) size 11x22 clip at (295,302) size 9x20
  RenderTableCell {TD} at (284,29) size 13x22 [bgcolor=#0000FF] [border: (1px inset #808080)] [r=1 c=1 rs=1 cs=1]
    RenderText {#text} at (2,2) size 4x18
      text run at (2,2) width 4: " "
layer at (11,329) size 172x46 clip at (12,330) size 170x44 scrollWidth 216
  RenderTableCell {TD} at (2,2) size 172x46 [bgcolor=#0000FF] [border: (1px inset #808080)] [r=0 c=0 rs=1 cs=1]
    RenderBlock {DIV} at (11,11) size 206x24 [border: (3px solid #000000)]
      RenderText {#text} at (3,3) size 20x18
        text run at (3,3) width 20: "div"
layer at (185,329) size 120x46 clip at (186,330) size 118x44
  RenderTableCell {TD} at (176,5) size 120x40 [bgcolor=#0000FF] [border: (1px inset #808080)] [r=0 c=1 rs=1 cs=1]
    RenderText {#text} at (11,11) size 4x18
      text run at (11,11) width 4: " "
layer at (11,377) size 172x40 clip at (12,378) size 170x38
  RenderTableCell {TD} at (2,50) size 172x40 [bgcolor=#0000FF] [border: (1px inset #808080)] [r=1 c=0 rs=1 cs=1]
    RenderText {#text} at (11,11) size 4x18
      text run at (11,11) width 4: " "
layer at (185,377) size 120x40 clip at (186,378) size 118x38
  RenderTableCell {TD} at (176,50) size 120x40 [bgcolor=#0000FF] [border: (1px inset #808080)] [r=1 c=1 rs=1 cs=1]
    RenderText {#text} at (11,11) size 4x18
      text run at (11,11) width 4: " "
layer at (8,420) size 300x90 clip at (9,421) size 298x88
  RenderTable {TABLE} at (0,412) size 300x90 [border: (1px outset #808080)]
    RenderTableSection {TBODY} at (1,1) size 298x88
      RenderTableRow {TR} at (0,2) size 298x60
      RenderTableRow {TR} at (0,64) size 298x22
layer at (11,423) size 154x60 clip at (12,424) size 152x58 scrollWidth 207
  RenderTableCell {TD} at (2,2) size 154x60 [bgcolor=#0000FF] [border: (1px inset #808080)] [r=0 c=0 rs=1 cs=1]
    RenderBlock {P} at (2,18) size 206x24 [border: (3px solid #000000)]
      RenderText {#text} at (3,3) size 27x18
        text run at (3,3) width 27: "para"
layer at (167,423) size 138x60 clip at (168,424) size 136x58
  RenderTableCell {TD} at (158,21) size 138x22 [bgcolor=#0000FF] [border: (1px inset #808080)] [r=0 c=1 rs=1 cs=1]
    RenderText {#text} at (2,2) size 4x18
      text run at (2,2) width 4: " "
layer at (11,485) size 154x22 clip at (12,486) size 152x20
  RenderTableCell {TD} at (2,64) size 154x22 [bgcolor=#0000FF] [border: (1px inset #808080)] [r=1 c=0 rs=1 cs=1]
    RenderText {#text} at (2,2) size 4x18
      text run at (2,2) width 4: " "
layer at (167,485) size 138x22 clip at (168,486) size 136x20
  RenderTableCell {TD} at (158,64) size 138x22 [bgcolor=#0000FF] [border: (1px inset #808080)] [r=1 c=1 rs=1 cs=1]
    RenderText {#text} at (2,2) size 4x18
      text run at (2,2) width 4: " "
layer at (11,513) size 254x60 clip at (12,514) size 252x58
  RenderTableCell {TD} at (2,2) size 254x60 [bgcolor=#0000FF] [border: (1px inset #808080)] [r=0 c=0 rs=1 cs=1]
    RenderBlock {P} at (2,18) size 206x24 [border: (3px solid #000000)]
      RenderText {#text} at (3,3) size 27x18
        text run at (3,3) width 27: "para"
layer at (267,513) size 38x60 clip at (268,514) size 36x58
  RenderTableCell {TD} at (258,21) size 38x22 [bgcolor=#0000FF] [border: (1px inset #808080)] [r=0 c=1 rs=1 cs=1]
    RenderText {#text} at (2,2) size 4x18
      text run at (2,2) width 4: " "
layer at (11,575) size 254x22 clip at (12,576) size 252x20
  RenderTableCell {TD} at (2,64) size 254x22 [bgcolor=#0000FF] [border: (1px inset #808080)] [r=1 c=0 rs=1 cs=1]
    RenderText {#text} at (2,2) size 4x18
      text run at (2,2) width 4: " "
layer at (267,575) size 38x22 clip at (268,576) size 36x20
  RenderTableCell {TD} at (258,64) size 38x22 [bgcolor=#0000FF] [border: (1px inset #808080)] [r=1 c=1 rs=1 cs=1]
    RenderText {#text} at (2,2) size 4x18
      text run at (2,2) width 4: " "
