layer at (0,0) size 800x600
  RenderView at (0,0) size 800x600
layer at (0,0) size 800x600
  RenderBlock {HTML} at (0,0) size 800x600
    RenderBody {BODY} at (8,8) size 784x584 [bgcolor=#FFFFFF]
      RenderBlock {P} at (0,0) size 784x18
        RenderText {#text} at (0,0) size 144x18
          text run at (0,0) width 144: "A 101 pixel wide table"
      RenderTable {TABLE} at (0,34) size 101x39
        RenderTableSection {TBODY} at (0,0) size 101x39
          RenderTableRow {TR} at (0,1) size 101x18
            RenderTableCell {TD} at (1,1) size 24x18 [bgcolor=#000000] [r=0 c=0 rs=1 cs=1]
              RenderText {#text} at (0,0) size 4x18
                text run at (0,0) width 4: " "
            RenderTableCell {TD} at (26,1) size 24x18 [bgcolor=#000000] [r=0 c=1 rs=1 cs=1]
              RenderText {#text} at (0,0) size 4x18
                text run at (0,0) width 4: " "
            RenderTableCell {TD} at (51,1) size 24x18 [bgcolor=#000000] [r=0 c=2 rs=1 cs=1]
              RenderText {#text} at (0,0) size 4x18
                text run at (0,0) width 4: " "
            RenderTableCell {TD} at (76,1) size 24x18 [bgcolor=#000000] [r=0 c=3 rs=1 cs=1]
              RenderText {#text} at (0,0) size 4x18
                text run at (0,0) width 4: " "
          RenderTableRow {TR} at (0,20) size 101x18
            RenderTableCell {TD} at (1,20) size 49x18 [bgcolor=#000000] [r=1 c=0 rs=1 cs=2]
              RenderText {#text} at (0,0) size 4x18
                text run at (0,0) width 4: " "
            RenderTableCell {TD} at (51,20) size 49x18 [bgcolor=#000000] [r=1 c=2 rs=1 cs=2]
              RenderText {#text} at (0,0) size 4x18
                text run at (0,0) width 4: " "
      RenderBlock {P} at (0,89) size 784x18
        RenderText {#text} at (0,0) size 144x18
          text run at (0,0) width 144: "A 102 pixel wide table"
      RenderTable {TABLE} at (0,123) size 102x39
        RenderTableSection {TBODY} at (0,0) size 102x39
          RenderTableRow {TR} at (0,1) size 102x18
            RenderTableCell {TD} at (1,1) size 25x18 [bgcolor=#000000] [r=0 c=0 rs=1 cs=1]
              RenderText {#text} at (0,0) size 4x18
                text run at (0,0) width 4: " "
            RenderTableCell {TD} at (26,1) size 25x18 [bgcolor=#000000] [r=0 c=1 rs=1 cs=1]
              RenderText {#text} at (0,0) size 4x18
                text run at (0,0) width 4: " "
            RenderTableCell {TD} at (51,1) size 25x18 [bgcolor=#000000] [r=0 c=2 rs=1 cs=1]
              RenderText {#text} at (0,0) size 4x18
                text run at (0,0) width 4: " "
            RenderTableCell {TD} at (76,1) size 25x18 [bgcolor=#000000] [r=0 c=3 rs=1 cs=1]
              RenderText {#text} at (0,0) size 4x18
                text run at (0,0) width 4: " "
          RenderTableRow {TR} at (0,20) size 102x18
            RenderTableCell {TD} at (1,20) size 50x18 [bgcolor=#000000] [r=1 c=0 rs=1 cs=2]
              RenderText {#text} at (0,0) size 4x18
                text run at (0,0) width 4: " "
            RenderTableCell {TD} at (51,20) size 50x18 [bgcolor=#000000] [r=1 c=2 rs=1 cs=2]
              RenderText {#text} at (0,0) size 4x18
                text run at (0,0) width 4: " "
      RenderBlock {P} at (0,178) size 784x18
        RenderText {#text} at (0,0) size 144x18
          text run at (0,0) width 144: "A 103 pixel wide table"
      RenderTable {TABLE} at (0,212) size 103x39
        RenderTableSection {TBODY} at (0,0) size 103x39
          RenderTableRow {TR} at (0,1) size 103x18
            RenderTableCell {TD} at (1,1) size 25x18 [bgcolor=#000000] [r=0 c=0 rs=1 cs=1]
              RenderText {#text} at (0,0) size 4x18
                text run at (0,0) width 4: " "
            RenderTableCell {TD} at (26,1) size 25x18 [bgcolor=#000000] [r=0 c=1 rs=1 cs=1]
              RenderText {#text} at (0,0) size 4x18
                text run at (0,0) width 4: " "
            RenderTableCell {TD} at (52,1) size 25x18 [bgcolor=#000000] [r=0 c=2 rs=1 cs=1]
              RenderText {#text} at (0,0) size 4x18
                text run at (0,0) width 4: " "
            RenderTableCell {TD} at (77,1) size 25x18 [bgcolor=#000000] [r=0 c=3 rs=1 cs=1]
              RenderText {#text} at (0,0) size 4x18
                text run at (0,0) width 4: " "
          RenderTableRow {TR} at (0,20) size 103x18
            RenderTableCell {TD} at (1,20) size 50x18 [bgcolor=#000000] [r=1 c=0 rs=1 cs=2]
              RenderText {#text} at (0,0) size 4x18
                text run at (0,0) width 4: " "
            RenderTableCell {TD} at (52,20) size 50x18 [bgcolor=#000000] [r=1 c=2 rs=1 cs=2]
              RenderText {#text} at (0,0) size 4x18
                text run at (0,0) width 4: " "
      RenderBlock {P} at (0,267) size 784x18
        RenderText {#text} at (0,0) size 144x18
          text run at (0,0) width 144: "A 104 pixel wide table"
      RenderTable {TABLE} at (0,301) size 104x39
        RenderTableSection {TBODY} at (0,0) size 104x39
          RenderTableRow {TR} at (0,1) size 104x18
            RenderTableCell {TD} at (1,1) size 25x18 [bgcolor=#000000] [r=0 c=0 rs=1 cs=1]
              RenderText {#text} at (0,0) size 4x18
                text run at (0,0) width 4: " "
            RenderTableCell {TD} at (26,1) size 26x18 [bgcolor=#000000] [r=0 c=1 rs=1 cs=1]
              RenderText {#text} at (0,0) size 4x18
                text run at (0,0) width 4: " "
            RenderTableCell {TD} at (52,1) size 26x18 [bgcolor=#000000] [r=0 c=2 rs=1 cs=1]
              RenderText {#text} at (0,0) size 4x18
                text run at (0,0) width 4: " "
            RenderTableCell {TD} at (78,1) size 25x18 [bgcolor=#000000] [r=0 c=3 rs=1 cs=1]
              RenderText {#text} at (0,0) size 4x18
                text run at (0,0) width 4: " "
          RenderTableRow {TR} at (0,20) size 104x18
            RenderTableCell {TD} at (1,20) size 51x18 [bgcolor=#000000] [r=1 c=0 rs=1 cs=2]
              RenderText {#text} at (0,0) size 4x18
                text run at (0,0) width 4: " "
            RenderTableCell {TD} at (52,20) size 51x18 [bgcolor=#000000] [r=1 c=2 rs=1 cs=2]
              RenderText {#text} at (0,0) size 4x18
                text run at (0,0) width 4: " "
