layer at (0,0) size 800x600
  RenderView at (0,0) size 800x600
layer at (0,0) size 800x600
  RenderBlock {HTML} at (0,0) size 800x600
    RenderBody {BODY} at (8,8) size 784x584
      RenderTable {TABLE} at (0,0) size 784x82 [bgcolor=#993300] [border: (1px outset #808080)]
        RenderTableSection {TBODY} at (1,1) size 782x80
          RenderTableRow {TR} at (0,2) size 782x76
            RenderTableCell {TD} at (2,2) size 48x76 [border: (1px inset #808080)] [r=0 c=0 rs=1 cs=1]
              RenderText {#text} at (2,2) size 44x72
                text run at (2,2) width 42: "This is"
                text run at (2,20) width 7: "a"
                text run at (2,38) width 44: "sample"
                text run at (2,56) width 26: "cell."
            RenderTableCell {TD} at (52,29) size 728x22 [border: (1px inset #808080)] [r=0 c=1 rs=1 cs=1]
              RenderText {#text} at (2,2) size 4x18
                text run at (2,2) width 4: " "
