layer at (0,0) size 800x600
  RenderView at (0,0) size 800x600
layer at (0,0) size 800x600
  RenderBlock {HTML} at (0,0) size 800x600
    RenderBody {BODY} at (8,8) size 784x584
      RenderText {#text} at (0,0) size 240x18
        text run at (0,0) width 240: "The cell padding should not disappear"
      RenderText {#text} at (0,0) size 0x0
layer at (120,120) size 105x88
  RenderTable {TABLE} at (120,120) size 105x88 [border: (1px outset #808080)]
    RenderTableSection {TBODY} at (1,1) size 103x86
      RenderTableRow {TR} at (0,2) size 103x40
        RenderTableCell {TD} at (2,2) size 99x40 [border: (1px inset #808080)] [r=0 c=0 rs=1 cs=1]
          RenderText {#text} at (11,11) size 58x18
            text run at (11,11) width 58: "S\x{E9}lection"
      RenderTableRow {TR} at (0,44) size 103x40
        RenderTableCell {TD} at (2,44) size 99x40 [border: (1px inset #808080)] [r=1 c=0 rs=1 cs=1]
          RenderText {#text} at (11,11) size 77x18
            text run at (11,11) width 77: "Suppression"
