layer at (0,0) size 800x600
  RenderView at (0,0) size 800x600
layer at (0,0) size 800x600
  RenderBlock {HTML} at (0,0) size 800x600
    RenderBody {BODY} at (8,8) size 784x584
      RenderBlock (anonymous) at (0,0) size 784x40
        RenderText {#text} at (0,0) size 773x39
          text run at (0,0) width 773: "the following is not the bug but is related. Nav put's the images in the 2nd cell on the same line. Border widths of cells are suspect"
          text run at (0,20) width 30: "here."
      RenderTable {TABLE} at (0,40) size 28x6 [border: (1px outset #808080)]
        RenderTableSection {TBODY} at (1,1) size 26x4
          RenderTableRow {TR} at (0,0) size 26x4
            RenderTableCell {TD} at (0,0) size 4x4 [border: (1px inset #808080)] [r=0 c=0 rs=1 cs=1]
              RenderImage {IMG} at (1,1) size 2x2
            RenderTableCell {TD} at (4,0) size 22x4 [border: (1px inset #808080)] [r=0 c=1 rs=1 cs=1]
              RenderImage {IMG} at (1,1) size 10x2
              RenderImage {IMG} at (11,1) size 10x2
      RenderBlock (anonymous) at (0,46) size 784x40
        RenderBR {BR} at (0,0) size 0x19
        RenderText {#text} at (0,20) size 614x19
          text run at (0,20) width 614: "the following is related to the bug. Nav put's the images in the last cell of the last table on the same line."
      RenderTable {TABLE} at (0,86) size 700x32
        RenderTableSection {TBODY} at (0,0) size 700x32
          RenderTableRow {TR} at (0,0) size 700x32
            RenderTableCell {TD} at (0,0) size 175x32 [r=0 c=0 rs=1 cs=1]
              RenderTable {TABLE} at (0,0) size 175x32
                RenderTableSection {TBODY} at (0,0) size 175x32
                  RenderTableRow {TR} at (0,0) size 175x2
                    RenderTableCell {TD} at (0,0) size 175x2 [r=0 c=0 rs=1 cs=1]
                      RenderImage {IMG} at (0,0) size 7x2
                  RenderTableRow {TR} at (0,2) size 175x29
                    RenderTableCell {TD} at (0,2) size 175x29 [r=1 c=0 rs=1 cs=8]
                      RenderInline {A} at (0,0) size 156x19 [color=#0000EE]
                        RenderImage {IMG} at (0,0) size 156x29
                      RenderImage {IMG} at (156,0) size 19x29
                  RenderTableRow {TR} at (0,31) size 175x1
                    RenderTableCell {TD} at (0,31) size 175x1 [r=2 c=0 rs=1 cs=3]
                      RenderImage {IMG} at (0,0) size 156x1
            RenderTableCell {TD} at (175,0) size 525x23 [r=0 c=1 rs=1 cs=1]
              RenderTable {TABLE} at (0,0) size 525x23
                RenderTableSection {TBODY} at (0,0) size 525x23
                  RenderTableRow {TR} at (0,0) size 525x2
                    RenderTableCell {TD} at (0,0) size 20x2 [bgcolor=#FFFFFF] [r=0 c=0 rs=1 cs=1]
                      RenderImage {IMG} at (0,0) size 20x2
                    RenderTableCell {TD} at (20,0) size 20x2 [bgcolor=#FFFFFF] [r=0 c=1 rs=1 cs=1]
                      RenderImage {IMG} at (0,0) size 20x2
                    RenderTableCell {TD} at (40,0) size 20x2 [bgcolor=#FFFFFF] [r=0 c=2 rs=1 cs=1]
                      RenderImage {IMG} at (0,0) size 20x2
                    RenderTableCell {TD} at (60,0) size 20x2 [bgcolor=#FFFFFF] [r=0 c=3 rs=1 cs=1]
                      RenderImage {IMG} at (0,0) size 20x2
                    RenderTableCell {TD} at (80,0) size 67x2 [bgcolor=#FFFFFF] [r=0 c=4 rs=1 cs=1]
                      RenderImage {IMG} at (0,0) size 67x2
                    RenderTableCell {TD} at (147,0) size 81x2 [bgcolor=#FFFFFF] [r=0 c=5 rs=1 cs=1]
                      RenderImage {IMG} at (0,0) size 81x2
                    RenderTableCell {TD} at (228,0) size 77x2 [bgcolor=#FFFFFF] [r=0 c=6 rs=1 cs=1]
                      RenderImage {IMG} at (0,0) size 77x2
                    RenderTableCell {TD} at (305,0) size 63x2 [bgcolor=#FFFFFF] [r=0 c=7 rs=1 cs=1]
                      RenderImage {IMG} at (0,0) size 63x2
                    RenderTableCell {TD} at (368,0) size 20x2 [bgcolor=#FFFFFF] [r=0 c=8 rs=1 cs=1]
                      RenderImage {IMG} at (0,0) size 20x2
                    RenderTableCell {TD} at (388,0) size 19x2 [bgcolor=#FFFFFF] [r=0 c=9 rs=1 cs=1]
                      RenderImage {IMG} at (0,0) size 19x2
                    RenderTableCell {TD} at (407,0) size 101x2 [bgcolor=#FFFFFF] [r=0 c=10 rs=1 cs=1]
                      RenderImage {IMG} at (0,0) size 101x2
                    RenderTableCell {TD} at (508,0) size 17x2 [r=0 c=11 rs=1 cs=1]
                      RenderImage {IMG} at (0,0) size 15x2
                      RenderImage {IMG} at (15,0) size 2x2
                  RenderTableRow {TR} at (0,2) size 525x21
                    RenderTableCell {TD} at (0,2) size 525x21 [r=1 c=0 rs=1 cs=12]
                      RenderImage {IMG} at (0,0) size 525x18
                      RenderBR {BR} at (525,18) size 0x0
                      RenderImage {IMG} at (0,18) size 525x1
                      RenderBR {BR} at (525,19) size 0x0
                      RenderImage {IMG} at (0,19) size 525x2
      RenderBlock (anonymous) at (0,118) size 784x20
        RenderBR {BR} at (0,0) size 0x19
      RenderTable {TABLE} at (0,138) size 427x219 [bgcolor=#CCCCCC] [border: (1px outset #808080)]
        RenderTableSection {TBODY} at (1,1) size 425x217
          RenderTableRow {TR} at (0,1) size 425x84
            RenderTableCell {TD} at (1,1) size 20x24 [border: (1px inset #808080)] [r=0 c=0 rs=1 cs=1]
              RenderText {#text} at (2,2) size 16x19
                text run at (2,2) width 16: "1. "
            RenderTableCell {TD} at (22,1) size 230x84 [border: (1px inset #808080)] [r=0 c=1 rs=1 cs=1]
              RenderText {#text} at (2,2) size 65x19
                text run at (2,2) width 65: "Some One"
              RenderBR {BR} at (67,17) size 0x0
              RenderText {#text} at (2,22) size 69x19
                text run at (2,22) width 69: "Joe Banker"
              RenderBR {BR} at (71,37) size 0x0
              RenderText {#text} at (2,42) size 126x19
                text run at (2,42) width 126: "4633 Ocean Avenue"
              RenderBR {BR} at (128,57) size 0x0
              RenderText {#text} at (2,62) size 172x19
                text run at (2,62) width 98: "San Francisco,  "
                text run at (100,62) width 30: "CA  "
                text run at (130,62) width 44: "94132 "
              RenderBR {BR} at (174,77) size 0x0
            RenderTableCell {TD} at (252,1) size 25x5 [border: (1px inset #808080)] [r=0 c=2 rs=1 cs=1]
              RenderImage {IMG} at (2,2) size 20x1
            RenderTableCell {TD} at (277,1) size 148x38 [border: (1px inset #808080)] [r=0 c=3 rs=1 cs=1]
              RenderImage {IMG} at (6,2) size 39x34
              RenderImage {IMG} at (44,35) size 13x1
              RenderImage {IMG} at (56,2) size 39x34
              RenderImage {IMG} at (94,35) size 13x1
              RenderImage {IMG} at (106,2) size 39x34
          RenderTableRow {TR} at (0,86) size 425x25
            RenderTableCell {TD} at (1,96) size 20x5 [border: (1px inset #808080)] [r=1 c=0 rs=1 cs=1]
            RenderTableCell {TD} at (22,86) size 403x25 [border: (1px inset #808080)] [r=1 c=1 rs=1 cs=3]
              RenderImage {IMG} at (2,2) size 398x1
              RenderBR {BR} at (400,3) size 0x0
              RenderText {#text} at (2,3) size 4x19
                text run at (2,3) width 4: " "
          RenderTableRow {TR} at (0,112) size 425x104
            RenderTableCell {TD} at (1,112) size 20x24 [border: (1px inset #808080)] [r=2 c=0 rs=1 cs=1]
              RenderText {#text} at (2,2) size 16x19
                text run at (2,2) width 16: "2. "
            RenderTableCell {TD} at (22,112) size 230x104 [border: (1px inset #808080)] [r=2 c=1 rs=1 cs=1]
              RenderText {#text} at (2,2) size 216x39
                text run at (2,2) width 216: "FORECLOSURES AAA HOMES"
                text run at (2,22) width 112: "UP TO 50% OFF"
              RenderBR {BR} at (114,37) size 0x0
              RenderText {#text} at (2,42) size 123x19
                text run at (2,42) width 123: "Real Estate Services"
              RenderBR {BR} at (125,57) size 0x0
              RenderText {#text} at (2,62) size 74x19
                text run at (2,62) width 30: "CA  "
                text run at (32,62) width 44: "00000 "
              RenderBR {BR} at (76,77) size 0x0
              RenderText {#text} at (2,82) size 100x19
                text run at (2,82) width 100: "(000) 000-0000"
            RenderTableCell {TD} at (252,112) size 25x5 [border: (1px inset #808080)] [r=2 c=2 rs=1 cs=1]
              RenderImage {IMG} at (2,2) size 20x1
            RenderTableCell {TD} at (277,112) size 148x38 [border: (1px inset #808080)] [r=2 c=3 rs=1 cs=1]
              RenderImage {IMG} at (6,2) size 39x34
              RenderImage {IMG} at (44,35) size 13x1
              RenderImage {IMG} at (56,2) size 39x34
              RenderImage {IMG} at (94,35) size 13x1
              RenderImage {IMG} at (106,2) size 39x34
