layer at (0,0) size 800x600
  RenderView at (0,0) size 800x600
layer at (0,0) size 800x600
  RenderBlock {HTML} at (0,0) size 800x600
    RenderBody {BODY} at (8,8) size 784x584
      RenderTable {TABLE} at (0,0) size 784x111 [bgcolor=#00FFFF] [border: (1px outset #808080)]
        RenderTableSection {TBODY} at (1,1) size 782x109
          RenderTableRow {TR} at (0,2) size 782x105
            RenderTableCell {TD} at (2,2) size 455x105 [border: (1px inset #808080)] [r=0 c=0 rs=1 cs=1]
              RenderTable {TABLE} at (2,2) size 451x101 [bgcolor=#FF00FF] [border: (1px outset #808080)]
                RenderTableSection {TBODY} at (1,1) size 449x99
                  RenderTableRow {TR} at (0,2) size 449x95
                    RenderTableCell {TD} at (2,2) size 445x95 [border: (1px inset #808080)] [r=0 c=0 rs=1 cs=1]
                      RenderText {#text} at (2,2) size 201x18
                        text run at (2,2) width 201: "Mozilla To Be Dually-Licensed"
                      RenderBR {BR} at (203,16) size 0x0
                      RenderText {#text} at (2,35) size 205x18
                        text run at (2,35) width 205: "Plans are underway to make the "
                      RenderInline {FONT} at (0,0) size 99x37 [color=#0000FF]
                        RenderText {#text} at (207,20) size 99x37
                          text run at (207,20) width 99: "Mozilla"
                      RenderText {#text} at (306,35) size 438x58
                        text run at (306,35) width 134: " code available under"
                        text run at (2,57) width 11: "a "
                        text run at (13,57) width 154: "dual MPL/GPL license. "
                        text run at (167,57) width 241: "See the for more info. We're gathering"
                        text run at (2,75) width 258: "contributor input now, in the newsgroup."
                      RenderBR {BR} at (260,89) size 0x0
            RenderTableCell {TD} at (458,25) size 323x59 [border: (1px inset #808080)] [r=0 c=1 rs=1 cs=1]
              RenderText {#text} at (2,2) size 317x55
                text run at (2,3) width 266: "This status update contains information on"
                text run at (2,21) width 317: "MailNews, XML/DOM, XPToolkit, Architecture,"
                text run at (2,39) width 201: "Bidi, Necko/Imglib, and more..."
      RenderBlock (anonymous) at (0,111) size 784x43
        RenderBR {BR} at (0,0) size 0x18
        RenderButton {INPUT} at (2,20) size 56x21 [bgcolor=#F0F0F0] [border: (2px outset #F0F0F0)]
          RenderBlock (anonymous) at (8,3) size 40x15
            RenderText at (0,0) size 40x15
              text run at (0,0) width 40: "Reload"
        RenderText {#text} at (60,21) size 8x18
          text run at (60,21) width 8: "  "
        RenderButton {INPUT} at (70,20) size 89x21 [bgcolor=#F0F0F0] [border: (2px outset #F0F0F0)]
          RenderBlock (anonymous) at (8,3) size 73x15
            RenderText at (0,0) size 73x15
              text run at (0,0) width 73: "Change Font"
        RenderText {#text} at (161,21) size 8x18
          text run at (161,21) width 8: "  "
        RenderTextControl {INPUT} at (171,20) size 150x21 [bgcolor=#FFFFFF] [border: (2px inset #000000)]
        RenderText {#text} at (0,0) size 0x0
layer at (181,142) size 146x15
  RenderBlock {DIV} at (2,3) size 146x15
    RenderText {#text} at (0,0) size 7x15
      text run at (0,0) width 7: "6"
