layer at (0,0) size 800x600
  RenderView at (0,0) size 800x600
layer at (0,0) size 800x600
  RenderBlock {HTML} at (0,0) size 800x600
    RenderBody {BODY} at (8,8) size 784x584
      RenderBlock {P} at (0,0) size 784x0
      RenderBlock (anonymous) at (0,0) size 784x18
        RenderBR {BR} at (0,0) size 0x18
      RenderTable {TABLE} at (0,18) size 381x30 [border: (1px outset #808080)]
        RenderTableSection {TBODY} at (1,1) size 379x28
          RenderTableRow {TR} at (0,2) size 379x0
            RenderTableCell {TD} at (2,3) size 214x22 [border: (1px inset #808080)] [r=0 c=0 rs=2 cs=1]
              RenderText {#text} at (2,2) size 210x18
                text run at (2,2) width 210: "Canada climbs up FIFA rankings"
          RenderTableRow {TR} at (0,4) size 379x22
            RenderTableCell {TD} at (218,4) size 159x22 [border: (1px inset #808080)] [r=1 c=1 rs=1 cs=1]
              RenderText {#text} at (2,2) size 155x18
                text run at (2,2) width 155: "drink more german beer."
