layer at (0,0) size 800x600
  RenderView at (0,0) size 800x600
layer at (0,0) size 800x600
  RenderBlock {HTML} at (0,0) size 800x600
    RenderBody {BODY} at (8,8) size 784x576
      RenderBlock {FORM} at (0,0) size 784x53
        RenderTable {TABLE} at (0,0) size 31x28 [border: (1px outset #808080)]
          RenderTableSection {TBODY} at (1,1) size 29x26
            RenderTableRow {TR} at (0,2) size 29x22
              RenderTableCell {TD} at (2,2) size 25x22 [border: (1px inset #808080)] [r=0 c=0 rs=1 cs=1]
                RenderText {#text} at (2,2) size 21x18
                  text run at (2,2) width 21: "foo"
        RenderBlock (anonymous) at (0,28) size 784x25
          RenderButton {INPUT} at (2,2) size 57x21 [bgcolor=#F0F0F0] [border: (2px outset #F0F0F0)]
            RenderBlock (anonymous) at (8,3) size 41x15
              RenderText at (0,0) size 41x15
                text run at (0,0) width 41: "Submit"
          RenderText {#text} at (0,0) size 0x0
