layer at (0,0) size 785x667
  RenderView at (0,0) size 785x600
layer at (0,0) size 785x667
  RenderBlock {HTML} at (0,0) size 785x668
    RenderBody {BODY} at (8,19) size 769x641 [bgcolor=#FFFFFF]
      RenderBlock {H2} at (0,0) size 769x28
        RenderText {#text} at (0,0) size 67x28
          text run at (0,0) width 67: "Test A"
      RenderBlock {DIV} at (0,47) size 769x65 [color=#008000]
        RenderTable {TABLE} at (0,0) size 281x64 [border: (10px solid #008000)]
          RenderTableSection {TBODY} at (10,10) size 261x44
            RenderTableRow {TR} at (0,2) size 261x40 [color=#0000FF]
              RenderTableCell {TD} at (2,2) size 54x40 [border: (10px solid #0000FF)] [r=0 c=0 rs=1 cs=1]
                RenderText {#text} at (11,11) size 32x18
                  text run at (11,11) width 32: "Field"
              RenderTableCell {TD} at (58,2) size 201x40 [border: (10px solid #0000FF)] [r=0 c=1 rs=1 cs=1]
                RenderText {#text} at (11,11) size 179x18
                  text run at (11,11) width 179: "Records for Cropping Years"
      RenderBlock {H2} at (0,131) size 769x29
        RenderText {#text} at (0,0) size 66x28
          text run at (0,0) width 66: "Test B"
      RenderTable {TABLE} at (0,179) size 281x65 [border: (10px solid #000000)]
        RenderTableSection {TBODY} at (10,10) size 261x44
          RenderTableRow {TR} at (0,2) size 261x40 [color=#0000FF]
            RenderTableCell {TD} at (2,2) size 54x40 [border: (10px solid #0000FF)] [r=0 c=0 rs=1 cs=1]
              RenderText {#text} at (11,11) size 32x18
                text run at (11,11) width 32: "Field"
            RenderTableCell {TD} at (58,2) size 201x40 [border: (10px solid #0000FF)] [r=0 c=1 rs=1 cs=1]
              RenderText {#text} at (11,11) size 179x18
                text run at (11,11) width 179: "Records for Cropping Years"
      RenderBlock {H2} at (0,263) size 769x29
        RenderText {#text} at (0,0) size 67x28
          text run at (0,0) width 67: "Test C"
      RenderTable {TABLE} at (0,311) size 281x65 [color=#0000FF] [border: (10px solid #0000FF)]
        RenderTableSection {TBODY} at (10,10) size 261x44
          RenderTableRow {TR} at (0,2) size 261x40
            RenderTableCell {TD} at (2,2) size 54x40 [border: (10px solid #0000FF)] [r=0 c=0 rs=1 cs=1]
              RenderText {#text} at (11,11) size 32x18
                text run at (11,11) width 32: "Field"
            RenderTableCell {TD} at (58,2) size 201x40 [border: (10px solid #0000FF)] [r=0 c=1 rs=1 cs=1]
              RenderText {#text} at (11,11) size 179x18
                text run at (11,11) width 179: "Records for Cropping Years"
      RenderBlock {H2} at (0,395) size 769x29
        RenderText {#text} at (0,0) size 67x28
          text run at (0,0) width 67: "Test D"
      RenderTable {TABLE} at (0,443) size 281x65 [color=#0000FF] [border: (10px solid #0000FF)]
        RenderTableSection {TBODY} at (10,10) size 261x44
          RenderTableRow {TR} at (0,2) size 261x40
            RenderTableCell {TD} at (2,2) size 54x40 [border: (10px solid #0000FF)] [r=0 c=0 rs=1 cs=1]
              RenderText {#text} at (11,11) size 32x18
                text run at (11,11) width 32: "Field"
            RenderTableCell {TD} at (58,2) size 201x40 [border: (10px solid #0000FF)] [r=0 c=1 rs=1 cs=1]
              RenderText {#text} at (11,11) size 179x18
                text run at (11,11) width 179: "Records for Cropping Years"
      RenderBlock {H2} at (0,527) size 769x29
        RenderText {#text} at (0,0) size 66x28
          text run at (0,0) width 66: "Test E"
      RenderTable {TABLE} at (0,575) size 281x65 [color=#0000FF] [border: (10px solid #0000FF)]
        RenderTableSection {TBODY} at (10,10) size 261x44
          RenderTableRow {TR} at (0,2) size 261x40
            RenderTableCell {TD} at (2,2) size 54x40 [border: (10px solid #0000FF)] [r=0 c=0 rs=1 cs=1]
              RenderText {#text} at (11,11) size 32x18
                text run at (11,11) width 32: "Field"
            RenderTableCell {TD} at (58,2) size 201x40 [border: (10px solid #0000FF)] [r=0 c=1 rs=1 cs=1]
              RenderText {#text} at (11,11) size 179x18
                text run at (11,11) width 179: "Records for Cropping Years"
