layer at (0,0) size 800x600
  RenderView at (0,0) size 800x600
layer at (0,0) size 800x600
  RenderBlock {HTML} at (0,0) size 800x600
    RenderBody {BODY} at (8,8) size 784x584
      RenderTable {TABLE} at (0,0) size 201x94 [bgcolor=#FF0000] [border: (1px outset #808080)]
        RenderTableCol {COLGROUP} at (0,0) size 0x0 [bgcolor=#FFFF00]
          RenderTableCol {COL} at (0,0) size 0x0 [bgcolor=#C0C0C0]
          RenderTableCol {COL} at (0,0) size 0x0
        RenderTableCol {COLGROUP} at (0,0) size 0x0
        RenderTableSection {TBODY} at (1,1) size 199x63 [bgcolor=#00FFFF]
          RenderTableRow {TR} at (0,5) size 199x24 [bgcolor=#0000FF]
            RenderTableCell {TD} at (5,5) size 43x24 [bgcolor=#008000] [border: (1px inset #808080)] [r=0 c=0 rs=1 cs=1]
              RenderText {#text} at (2,2) size 39x19
                text run at (2,2) width 39: "Cell A"
            RenderTableCell {TD} at (53,5) size 42x24 [border: (1px inset #808080)] [r=0 c=1 rs=1 cs=1]
              RenderText {#text} at (2,2) size 38x19
                text run at (2,2) width 38: "Cell B"
            RenderTableCell {TH} at (100,5) size 46x24 [border: (1px inset #808080)] [r=0 c=2 rs=1 cs=1]
              RenderText {#text} at (2,2) size 42x19
                text run at (2,2) width 42: "Cell C"
            RenderTableCell {TD} at (151,5) size 43x24 [border: (1px inset #808080)] [r=0 c=3 rs=1 cs=1]
              RenderText {#text} at (2,2) size 39x19
                text run at (2,2) width 39: "Cell D"
          RenderTableRow {TR} at (0,34) size 199x24
            RenderTableCell {TD} at (5,34) size 43x24 [border: (1px inset #808080)] [r=1 c=0 rs=1 cs=1]
              RenderText {#text} at (2,2) size 37x19
                text run at (2,2) width 37: "Cell E"
            RenderTableCell {TD} at (53,34) size 42x24 [border: (1px inset #808080)] [r=1 c=1 rs=1 cs=1]
              RenderText {#text} at (2,2) size 37x19
                text run at (2,2) width 37: "Cell F"
            RenderTableCell {TD} at (100,34) size 46x24 [border: (1px inset #808080)] [r=1 c=2 rs=1 cs=1]
              RenderText {#text} at (2,2) size 39x19
                text run at (2,2) width 39: "Cell G"
            RenderTableCell {TD} at (151,34) size 43x24 [border: (1px inset #808080)] [r=1 c=3 rs=1 cs=1]
              RenderText {#text} at (2,2) size 39x19
                text run at (2,2) width 39: "Cell H"
        RenderTableSection {TBODY} at (1,64) size 199x29
          RenderTableRow {TR} at (0,0) size 199x24
            RenderTableCell {TD} at (5,0) size 43x24 [border: (1px inset #808080)] [r=0 c=0 rs=1 cs=1]
              RenderText {#text} at (2,2) size 33x19
                text run at (2,2) width 33: "Cell I"
            RenderTableCell {TD} at (53,0) size 42x24 [border: (1px inset #808080)] [r=0 c=1 rs=1 cs=1]
              RenderText {#text} at (2,2) size 34x19
                text run at (2,2) width 34: "Cell J"
            RenderTableCell {TD} at (100,0) size 46x24 [border: (1px inset #808080)] [r=0 c=2 rs=1 cs=1]
              RenderText {#text} at (2,2) size 40x19
                text run at (2,2) width 40: "Cell K"
            RenderTableCell {TD} at (151,0) size 43x24 [border: (1px inset #808080)] [r=0 c=3 rs=1 cs=1]
              RenderText {#text} at (2,2) size 37x19
                text run at (2,2) width 37: "Cell L"
