layer at (0,0) size 800x600
  RenderView at (0,0) size 800x600
layer at (0,0) size 800x600
  RenderBlock {HTML} at (0,0) size 800x600
    RenderBody {BODY} at (8,8) size 784x584
      RenderBlock (anonymous) at (0,0) size 784x0
        RenderInline {FONT} at (0,0) size 0x0
      RenderTable {TABLE} at (0,0) size 346x39 [bgcolor=#FFFFFF] [border: (1px outset #808080)]
        RenderBlock {CAPTION} at (0,0) size 346x18
          RenderText {#text} at (110,0) size 126x18
            text run at (110,0) width 126: "Complete Price List"
        RenderTableSection {TBODY} at (1,19) size 344x19
          RenderTableRow {TR} at (0,0) size 344x19
            RenderTableCell {TD} at (0,0) size 72x19 [border: (1px inset #808080)] [r=0 c=0 rs=1 cs=1]
              RenderInline {FONT} at (0,0) size 68x15
                RenderText {#text} at (2,2) size 68x15
                  text run at (2,2) width 68: "Apple Store"
            RenderTableCell {TD} at (72,0) size 39x19 [border: (1px inset #808080)] [r=0 c=1 rs=1 cs=1]
              RenderInline {FONT} at (0,0) size 35x15
                RenderText {#text} at (2,2) size 35x15
                  text run at (2,2) width 35: "14415"
            RenderTableCell {TD} at (111,0) size 183x19 [border: (1px inset #808080)] [r=0 c=2 rs=1 cs=1]
              RenderInline {FONT} at (0,0) size 179x15
                RenderText {#text} at (2,2) size 179x15
                  text run at (2,2) width 179: "PB G3 \"FireWire\"-[256MB] 222"
            RenderTableCell {TD} at (294,0) size 50x19 [border: (1px inset #808080)] [r=0 c=3 rs=1 cs=1]
              RenderInline {FONT} at (0,0) size 46x15
                RenderText {#text} at (2,2) size 46x15
                  text run at (2,2) width 46: "$264.00"
