layer at (0,0) size 800x600
  RenderView at (0,0) size 800x600
layer at (0,0) size 800x600
  RenderBlock {HTML} at (0,0) size 800x600
    RenderBody {BODY} at (8,8) size 784x584
      RenderTable {TABLE} at (0,0) size 324x36 [border: (5px outset #808080)]
        RenderTableSection {TBODY} at (5,5) size 314x26
          RenderTableRow {TR} at (0,2) size 314x22
            RenderTableCell {TD} at (2,2) size 154x22 [border: (1px inset #808080)] [r=0 c=0 rs=1 cs=1]
              RenderText {#text} at (2,2) size 150x18
                text run at (2,2) width 150: "almaalmaalmaalmaalma"
            RenderTableCell {TD} at (158,2) size 154x22 [border: (1px inset #808080)] [r=0 c=1 rs=1 cs=1]
              RenderText {#text} at (2,2) size 8x18
                text run at (2,2) width 8: "x"
      RenderBlock (anonymous) at (0,36) size 784x18
        RenderBR {BR} at (0,0) size 0x18
      RenderTable {TABLE} at (0,54) size 324x36 [border: (5px outset #808080)]
        RenderTableSection {TBODY} at (5,5) size 314x26
          RenderTableRow {TR} at (0,2) size 314x22
            RenderTableCell {TD} at (2,2) size 154x22 [border: (1px inset #808080)] [r=0 c=0 rs=1 cs=1]
              RenderText {#text} at (2,2) size 150x18
                text run at (2,2) width 150: "almaalmaalmaalmaalma"
            RenderTableCell {TD} at (158,2) size 154x22 [border: (1px inset #808080)] [r=0 c=1 rs=1 cs=1]
              RenderText {#text} at (2,2) size 8x18
                text run at (2,2) width 8: "x"
      RenderBlock (anonymous) at (0,90) size 784x18
        RenderBR {BR} at (0,0) size 0x18
      RenderBlock {P} at (0,124) size 784x36
        RenderText {#text} at (0,0) size 352x18
          text run at (0,0) width 352: "In this table, the second and the third cell are given 40%"
        RenderBR {BR} at (352,14) size 0x0
        RenderText {#text} at (0,18) size 255x18
          text run at (0,18) width 255: "The cells are competing with each other."
        RenderBR {BR} at (255,32) size 0x0
      RenderTable {TABLE} at (0,176) size 338x36 [border: (5px outset #808080)]
        RenderTableSection {TBODY} at (5,5) size 328x26
          RenderTableRow {TR} at (0,2) size 328x22
            RenderTableCell {TD} at (2,2) size 64x22 [border: (1px inset #808080)] [r=0 c=0 rs=1 cs=1]
              RenderText {#text} at (2,2) size 60x18
                text run at (2,2) width 60: "some text"
            RenderTableCell {TD} at (68,2) size 128x22 [border: (1px inset #808080)] [r=0 c=1 rs=1 cs=1]
              RenderText {#text} at (2,2) size 8x18
                text run at (2,2) width 8: "x"
            RenderTableCell {TD} at (198,2) size 128x22 [border: (1px inset #808080)] [r=0 c=2 rs=1 cs=1]
              RenderText {#text} at (2,2) size 8x18
                text run at (2,2) width 8: "x"
      RenderBlock {P} at (0,228) size 784x54
        RenderText {#text} at (0,0) size 352x18
          text run at (0,0) width 352: "In this table, the second and the third cell are given 50%"
        RenderBR {BR} at (352,14) size 0x0
        RenderText {#text} at (0,18) size 444x18
          text run at (0,18) width 444: "The cells are competing again but their percentage can not be satisfied."
        RenderBR {BR} at (444,32) size 0x0
        RenderText {#text} at (0,36) size 475x18
          text run at (0,36) width 475: "The table grows as large as it can and the first cell gets to its minimal width."
      RenderTable {TABLE} at (0,298) size 784x54 [border: (5px outset #808080)]
        RenderTableSection {TBODY} at (5,5) size 774x44
          RenderTableRow {TR} at (0,2) size 774x40
            RenderTableCell {TD} at (2,2) size 37x40 [border: (1px inset #808080)] [r=0 c=0 rs=1 cs=1]
              RenderText {#text} at (2,2) size 33x36
                text run at (2,2) width 33: "some"
                text run at (2,20) width 23: "text"
            RenderTableCell {TD} at (41,11) size 365x22 [border: (1px inset #808080)] [r=0 c=1 rs=1 cs=1]
              RenderText {#text} at (2,2) size 8x18
                text run at (2,2) width 8: "x"
            RenderTableCell {TD} at (407,11) size 365x22 [border: (1px inset #808080)] [r=0 c=2 rs=1 cs=1]
              RenderText {#text} at (2,2) size 8x18
                text run at (2,2) width 8: "x"
