layer at (0,0) size 800x600
  RenderView at (0,0) size 800x600
layer at (0,0) size 800x600
  RenderBlock {HTML} at (0,0) size 800x600
    RenderBody {BODY} at (8,8) size 784x584
      RenderTable {TABLE} at (0,0) size 226x584 [border: (1px outset #808080)]
        RenderTableSection {TBODY} at (1,1) size 224x582
          RenderTableRow {TR} at (0,0) size 224x560
            RenderTableCell {TD} at (0,269) size 224x22 [border: (1px inset #808080)] [r=0 c=0 rs=1 cs=1]
              RenderText {#text} at (1,1) size 208x19
                text run at (1,1) width 208: "Table cell without height restriction"
          RenderTableRow {TR} at (0,560) size 224x22
            RenderTableCell {TD} at (0,560) size 224x22 [border: (1px inset #808080)] [r=1 c=0 rs=1 cs=1]
              RenderText {#text} at (1,1) size 222x19
                text run at (1,1) width 222: "This table cell should be 5 pixels high"
