layer at (0,0) size 800x600
  RenderView at (0,0) size 800x600
layer at (0,0) size 800x600
  RenderBlock {HTML} at (0,0) size 800x600
    RenderBody {BODY} at (8,8) size 784x584
      RenderTable {TABLE} at (0,0) size 210x54 [border: (3px outset #808080)]
        RenderTableSection {TBODY} at (3,3) size 204x48
          RenderTableRow {TR} at (0,2) size 204x44
            RenderTableCell {TD} at (2,2) size 200x44 [border: (1px inset #808080)] [r=0 c=0 rs=1 cs=1]
              RenderImage {IMG} at (2,2) size 40x40
              RenderText {#text} at (45,2) size 196x19
                text run at (45,2) width 196: "NOWRAP cell, no width on cell"
      RenderBlock (anonymous) at (0,54) size 784x20
        RenderBR {BR} at (0,0) size 0x19
      RenderTable {TABLE} at (0,74) size 210x54 [border: (3px outset #808080)]
        RenderTableSection {TBODY} at (3,3) size 204x48
          RenderTableRow {TR} at (0,2) size 204x44
            RenderTableCell {TD} at (2,2) size 200x44 [border: (1px inset #808080)] [r=0 c=0 rs=1 cs=1]
              RenderImage {IMG} at (2,2) size 40x40
              RenderText {#text} at (45,2) size 196x19
                text run at (45,2) width 196: "NOWRAP cell, no width on cell"
      RenderBlock (anonymous) at (0,128) size 784x20
        RenderBR {BR} at (0,0) size 0x19
      RenderTable {TABLE} at (0,148) size 110x94 [border: (3px outset #808080)]
        RenderTableSection {TBODY} at (3,3) size 104x88
          RenderTableRow {TR} at (0,2) size 104x84
            RenderTableCell {TD} at (2,2) size 100x84 [border: (1px inset #808080)] [r=0 c=0 rs=1 cs=1]
              RenderImage {IMG} at (2,2) size 40x40
              RenderText {#text} at (2,42) size 94x39
                text run at (2,42) width 69: "NOWRAP"
                text run at (2,62) width 94: "cell, width=100"
      RenderBlock (anonymous) at (0,242) size 784x20
        RenderBR {BR} at (0,0) size 0x19
      RenderTable {TABLE} at (0,262) size 310x54 [border: (3px outset #808080)]
        RenderTableSection {TBODY} at (3,3) size 304x48
          RenderTableRow {TR} at (0,2) size 304x44
            RenderTableCell {TD} at (2,2) size 300x44 [border: (1px inset #808080)] [r=0 c=0 rs=1 cs=1]
              RenderImage {IMG} at (2,2) size 40x40
              RenderText {#text} at (45,2) size 167x19
                text run at (45,2) width 167: "NOWRAP cell, width=300"
