layer at (0,0) size 800x600
  RenderView at (0,0) size 800x600
layer at (0,0) size 800x600
  RenderBlock {HTML} at (0,0) size 800x600
    RenderBody {BODY} at (8,8) size 784x584
      RenderBlock {P} at (0,0) size 784x20
        RenderText {#text} at (0,0) size 385x19
          text run at (0,0) width 385: "The table below takes out the nowrap with the cell of 1% width."
      RenderTable {TABLE} at (0,36) size 675x65
        RenderTableSection {TBODY} at (0,0) size 675x65
          RenderTableRow {TR} at (0,0) size 675x65 [bgcolor=#9999CC]
            RenderTableCell {TD} at (0,19) size 631x27 [r=0 c=0 rs=1 cs=1]
              RenderInline {FONT} at (0,0) size 157x21
                RenderInline {B} at (0,0) size 157x21
                  RenderText {#text} at (2,1) size 157x23
                    text run at (2,2) width 157: "Technology News"
              RenderInline {FONT} at (0,0) size 181x16
                RenderText {#text} at (159,5) size 181x18
                  text run at (159,6) width 62: " - updated "
                  text run at (221,6) width 119: "12:15 PM ET Oct 24"
              RenderText {#text} at (0,0) size 0x0
            RenderTableCell {TD} at (631,0) size 44x65 [r=0 c=1 rs=1 cs=1]
              RenderTable {TABLE} at (2,2) size 40x61
                RenderTableSection {TBODY} at (0,0) size 40x61
                  RenderTableRow {TR} at (0,0) size 40x61
                    RenderTableCell {TD} at (0,0) size 40x61 [bgcolor=#CCCCFF] [r=0 c=0 rs=1 cs=1]
                      RenderImage {IMG} at (3,3) size 16x16
                      RenderInline {FONT} at (0,0) size 34x39
                        RenderInline {A} at (0,0) size 34x39 [color=#0000EE]
                          RenderText {#text} at (3,19) size 34x39
                            text run at (3,19) width 31: "Add to"
                            text run at (3,32) width 14: "My"
                            text run at (3,45) width 34: "Yahoo!"
                      RenderText {#text} at (0,0) size 0x0
      RenderBlock {P} at (0,117) size 784x20
        RenderText {#text} at (0,0) size 448x19
          text run at (0,0) width 448: "The table below leaves in the nowrap but take out the 1% width in the cell."
      RenderTable {TABLE} at (0,153) size 675x26
        RenderTableSection {TBODY} at (0,0) size 675x26
          RenderTableRow {TR} at (0,0) size 675x26 [bgcolor=#9999CC]
            RenderTableCell {TD} at (0,0) size 507x26 [r=0 c=0 rs=1 cs=1]
              RenderInline {FONT} at (0,0) size 157x21
                RenderInline {B} at (0,0) size 157x21
                  RenderText {#text} at (2,2) size 157x21
                    text run at (2,2) width 157: "Technology News"
              RenderInline {FONT} at (0,0) size 181x16
                RenderText {#text} at (159,6) size 181x16
                  text run at (159,6) width 62: " - updated "
                  text run at (221,6) width 119: "12:15 PM ET Oct 24"
              RenderText {#text} at (0,0) size 0x0
            RenderTableCell {TD} at (506,0) size 169x26 [r=0 c=1 rs=1 cs=1]
              RenderTable {TABLE} at (2,2) size 110x22
                RenderTableSection {TBODY} at (0,0) size 110x22
                  RenderTableRow {TR} at (0,0) size 110x22
                    RenderTableCell {TD} at (0,0) size 110x22 [bgcolor=#CCCCFF] [r=0 c=0 rs=1 cs=1]
                      RenderImage {IMG} at (3,3) size 16x16
                      RenderInline {FONT} at (0,0) size 85x13
                        RenderInline {A} at (0,0) size 85x13 [color=#0000EE]
                          RenderText {#text} at (22,3) size 85x13
                            text run at (22,3) width 85: "Add to My Yahoo!"
                      RenderText {#text} at (0,0) size 0x0
