layer at (0,0) size 785x704
  RenderView at (0,0) size 785x600
layer at (0,0) size 785x704
  RenderBlock {HTML} at (0,0) size 785x704
    RenderBody {BODY} at (8,8) size 769x680
      RenderBlock {P} at (0,0) size 769x36
        RenderText {#text} at (0,0) size 738x36
          text run at (0,0) width 414: "This first table is the simple test case. Colspan confuses the width "
          text run at (414,0) width 324: "allocation when there is an image in the colspanned"
          text run at (0,18) width 29: "row."
      RenderTable {TABLE} at (0,52) size 620x94 [border: (1px outset #808080)]
        RenderTableSection {TBODY} at (1,1) size 618x92
          RenderTableRow {TR} at (0,2) size 618x22
            RenderTableCell {TD} at (2,2) size 414x22 [border: (1px inset #808080)] [r=0 c=0 rs=1 cs=1]
              RenderText {#text} at (2,2) size 21x18
                text run at (2,2) width 21: "foo"
            RenderTableCell {TD} at (417,2) size 200x22 [border: (1px inset #808080)] [r=0 c=1 rs=1 cs=1]
              RenderText {#text} at (2,2) size 20x18
                text run at (2,2) width 20: "bar"
          RenderTableRow {TR} at (0,26) size 618x64
            RenderTableCell {TD} at (2,26) size 615x64 [border: (1px inset #808080)] [r=1 c=0 rs=1 cs=2]
              RenderImage {IMG} at (2,2) size 468x60
              RenderText {#text} at (0,0) size 0x0
      RenderBlock {P} at (0,162) size 769x18
        RenderText {#text} at (0,0) size 631x18
          text run at (0,0) width 372: "This second table is the same as the first, minus the second "
          text run at (372,0) width 259: "'colspan=2' row. Widths are now correct."
      RenderTable {TABLE} at (0,196) size 620x28 [border: (1px outset #808080)]
        RenderTableSection {TBODY} at (1,1) size 618x26
          RenderTableRow {TR} at (0,2) size 618x22
            RenderTableCell {TD} at (2,2) size 413x22 [border: (1px inset #808080)] [r=0 c=0 rs=1 cs=1]
              RenderText {#text} at (2,2) size 21x18
                text run at (2,2) width 21: "foo"
            RenderTableCell {TD} at (416,2) size 201x22 [border: (1px inset #808080)] [r=0 c=1 rs=1 cs=1]
              RenderText {#text} at (2,2) size 20x18
                text run at (2,2) width 20: "bar"
      RenderBlock {P} at (0,240) size 769x54
        RenderText {#text} at (0,0) size 750x54
          text run at (0,0) width 365: "An observation: Note that as the image-width approaches "
          text run at (365,0) width 385: "the table-width, the two columns approach equal width (error"
          text run at (0,18) width 70: "increases). "
          text run at (70,18) width 606: "Conversely, below some threshold image-width (which is about 390px or 30px less than the TD"
          text run at (0,36) width 282: "WIDTH=420), the error is (apparently) zero."
      RenderBlock {P} at (0,310) size 769x18
        RenderText {#text} at (0,0) size 173x18
          text run at (0,0) width 173: "Here the <img width=600>"
      RenderTable {TABLE} at (0,344) size 620x94 [border: (1px outset #808080)]
        RenderTableSection {TBODY} at (1,1) size 618x92
          RenderTableRow {TR} at (0,2) size 618x22
            RenderTableCell {TD} at (2,2) size 414x22 [border: (1px inset #808080)] [r=0 c=0 rs=1 cs=1]
              RenderText {#text} at (2,2) size 21x18
                text run at (2,2) width 21: "foo"
            RenderTableCell {TD} at (417,2) size 200x22 [border: (1px inset #808080)] [r=0 c=1 rs=1 cs=1]
              RenderText {#text} at (2,2) size 20x18
                text run at (2,2) width 20: "bar"
          RenderTableRow {TR} at (0,26) size 618x64
            RenderTableCell {TD} at (2,26) size 615x64 [border: (1px inset #808080)] [r=1 c=0 rs=1 cs=2]
              RenderImage {IMG} at (2,2) size 600x60
              RenderText {#text} at (0,0) size 0x0
      RenderBlock {P} at (0,454) size 769x18
        RenderText {#text} at (0,0) size 311x18
          text run at (0,0) width 311: "Here the <img width=400> (error is almost zero)."
      RenderTable {TABLE} at (0,488) size 620x28 [bgcolor=#DDDDDD] [border: (1px outset #808080)]
        RenderTableSection {TBODY} at (1,1) size 618x26
          RenderTableRow {TR} at (0,2) size 618x22
            RenderTableCell {TD} at (2,2) size 413x22 [border: (1px inset #808080)] [r=0 c=0 rs=1 cs=1]
              RenderText {#text} at (2,2) size 135x18
                text run at (2,2) width 135: "foo (single row table)"
            RenderTableCell {TD} at (416,2) size 201x22 [border: (1px inset #808080)] [r=0 c=1 rs=1 cs=1]
              RenderText {#text} at (2,2) size 134x18
                text run at (2,2) width 134: "bar (single row table)"
      RenderTable {TABLE} at (0,516) size 620x94 [border: (1px outset #808080)]
        RenderTableSection {TBODY} at (1,1) size 618x92
          RenderTableRow {TR} at (0,2) size 618x22
            RenderTableCell {TD} at (2,2) size 414x22 [border: (1px inset #808080)] [r=0 c=0 rs=1 cs=1]
              RenderText {#text} at (2,2) size 21x18
                text run at (2,2) width 21: "foo"
            RenderTableCell {TD} at (417,2) size 200x22 [border: (1px inset #808080)] [r=0 c=1 rs=1 cs=1]
              RenderText {#text} at (2,2) size 20x18
                text run at (2,2) width 20: "bar"
          RenderTableRow {TR} at (0,26) size 618x64
            RenderTableCell {TD} at (2,26) size 615x64 [border: (1px inset #808080)] [r=1 c=0 rs=1 cs=2]
              RenderImage {IMG} at (2,2) size 400x60
              RenderText {#text} at (0,0) size 0x0
      RenderBlock {P} at (0,626) size 769x54
        RenderText {#text} at (0,0) size 754x54
          text run at (0,0) width 754: "I tested the above with M4 and May01 build for win95. (The above examples assume that images load normally -- N.B."
          text run at (0,18) width 735: "for May01 the images initially load, and the width error is visually apparent, but then the images get replaced by their"
          text run at (0,36) width 578: "ALT text, and the width error is no longer present -- this is, of course, a different issue/bug.)"
