layer at (0,0) size 800x600
  RenderView at (0,0) size 800x600
layer at (0,0) size 800x600
  RenderBlock {HTML} at (0,0) size 800x600
    RenderBody {BODY} at (8,8) size 784x584
      RenderBlock (anonymous) at (0,0) size 784x18
        RenderInline {A} at (0,0) size 27x18 [color=#551A8B]
          RenderText {#text} at (0,0) size 27x18
            text run at (0,0) width 27: "note"
        RenderText {#text} at (27,0) size 4x18
          text run at (27,0) width 4: " "
        RenderInline {A} at (0,0) size 72x18 [color=#551A8B]
          RenderText {#text} at (31,0) size 72x18
            text run at (31,0) width 72: "closepopup"
        RenderText {#text} at (0,0) size 0x0
      RenderTable {TABLE} at (0,18) size 40x28 [border: (1px outset #808080)]
        RenderTableSection {TBODY} at (1,1) size 38x26
          RenderTableRow {TR} at (0,2) size 38x22
            RenderTableCell {TD} at (2,2) size 34x22 [border: (1px inset #808080)] [r=0 c=0 rs=1 cs=1]
              RenderText {#text} at (2,2) size 30x18
                text run at (2,2) width 30: "table"
layer at (8,26) size 20x18
  RenderBlock (positioned) {DIV} at (8,26) size 20x18
    RenderText {#text} at (0,0) size 20x18
      text run at (0,0) width 20: "div"
