layer at (0,0) size 800x600
  RenderView at (0,0) size 800x600
layer at (0,0) size 800x600
  RenderBlock {HTML} at (0,0) size 800x600
    RenderBody {BODY} at (8,8) size 784x576
      RenderBlock (anonymous) at (0,0) size 784x18
        RenderText {#text} at (0,0) size 240x18
          text run at (0,0) width 240: "The tables left position should be 250."
      RenderBlock {P} at (0,34) size 784x25
        RenderText {#text} at (0,3) size 34x18
          text run at (0,3) width 34: "Left: "
        RenderTextControl {INPUT} at (36,2) size 150x21 [bgcolor=#FFFFFF] [border: (2px inset #000000)]
      RenderBlock {P} at (0,75) size 784x25
        RenderText {#text} at (0,3) size 34x18
          text run at (0,3) width 34: "Top: "
        RenderTextControl {INPUT} at (36,2) size 150x21 [bgcolor=#FFFFFF] [border: (2px inset #000000)]
      RenderBlock {P} at (0,116) size 784x25
        RenderButton {INPUT} at (2,2) size 48x21 [bgcolor=#F0F0F0] [border: (2px outset #F0F0F0)]
          RenderBlock (anonymous) at (8,3) size 32x15
            RenderText at (0,0) size 32x15
              text run at (0,0) width 32: "Move"
layer at (46,47) size 146x15
  RenderBlock {DIV} at (2,3) size 146x15
    RenderText {#text} at (0,0) size 35x15
      text run at (0,0) width 35: "120px"
layer at (46,88) size 146x15
  RenderBlock {DIV} at (2,3) size 146x15
    RenderText {#text} at (0,0) size 35x15
      text run at (0,0) width 35: "120px"
layer at (250,120) size 29x48
  RenderTable {TABLE} at (250,120) size 29x48 [border: (1px outset #808080)]
    RenderTableSection {TBODY} at (1,1) size 27x46
      RenderTableRow {TR} at (0,2) size 27x20
        RenderTableCell {TD} at (2,2) size 23x20 [border: (1px inset #808080)] [r=0 c=0 rs=1 cs=1]
          RenderText {#text} at (1,1) size 21x18
            text run at (1,1) width 21: "foo"
      RenderTableRow {TR} at (0,24) size 27x20
        RenderTableCell {TD} at (2,24) size 23x20 [border: (1px inset #808080)] [r=1 c=0 rs=1 cs=1]
          RenderText {#text} at (1,1) size 20x18
            text run at (1,1) width 20: "bar"
