layer at (0,0) size 863x1006
  RenderView at (0,0) size 785x585
layer at (0,0) size 785x1006
  RenderBlock {HTML} at (0,0) size 785x1006
    RenderBody {BODY} at (8,8) size 769x990
      RenderTable {TABLE} at (0,0) size 769x30 [border: (1px outset #808080)]
        RenderTableSection {TBODY} at (1,1) size 767x28
          RenderTableRow {TR} at (0,2) size 767x24
            RenderTableCell {TD} at (2,2) size 258x24 [border: (1px inset #808080)] [r=0 c=0 rs=1 cs=1]
              RenderText {#text} at (2,2) size 7x19
                text run at (2,2) width 7: "x"
            RenderTableCell {TD} at (261,2) size 505x24 [border: (1px inset #808080)] [r=0 c=1 rs=1 cs=1]
              RenderText {#text} at (2,2) size 7x19
                text run at (2,2) width 7: "y"
      RenderBlock (anonymous) at (0,30) size 769x20
        RenderBR {BR} at (0,0) size 0x19
      RenderTable {TABLE} at (0,50) size 769x30 [border: (1px outset #808080)]
        RenderTableSection {TBODY} at (1,1) size 767x28
          RenderTableRow {TR} at (0,2) size 767x24
            RenderTableCell {TD} at (2,2) size 381x24 [border: (1px inset #808080)] [r=0 c=0 rs=1 cs=1]
              RenderText {#text} at (2,2) size 7x19
                text run at (2,2) width 7: "x"
            RenderTableCell {TD} at (384,2) size 381x24 [border: (1px inset #808080)] [r=0 c=1 rs=1 cs=1]
              RenderText {#text} at (2,2) size 7x19
                text run at (2,2) width 7: "y"
      RenderBlock (anonymous) at (0,80) size 769x20
        RenderBR {BR} at (0,0) size 0x19
      RenderTable {TABLE} at (0,100) size 855x610 [border: (1px outset #808080)]
        RenderTableSection {TBODY} at (1,1) size 853x608
          RenderTableRow {TR} at (0,2) size 853x604
            RenderTableCell {TD} at (2,2) size 804x604 [border: (1px inset #808080)] [r=0 c=0 rs=1 cs=1]
              RenderImage {IMG} at (2,2) size 800x600
            RenderTableCell {TD} at (808,252) size 43x104 [border: (1px inset #808080)] [r=0 c=1 rs=1 cs=1]
              RenderText {#text} at (2,2) size 39x99
                text run at (2,2) width 28: "can't"
                text run at (2,22) width 35: "we all"
                text run at (2,42) width 21: "just"
                text run at (2,62) width 18: "get"
                text run at (2,82) width 39: "along?"
      RenderBlock (anonymous) at (0,710) size 769x20
        RenderBR {BR} at (0,0) size 0x19
      RenderTable {TABLE} at (0,730) size 769x30 [border: (1px outset #808080)]
        RenderTableSection {TBODY} at (1,1) size 767x28
          RenderTableRow {TR} at (0,2) size 767x24
            RenderTableCell {TD} at (2,2) size 248x24 [border: (1px inset #808080)] [r=0 c=0 rs=1 cs=1]
              RenderText {#text} at (2,2) size 111x19
                text run at (2,2) width 111: "Hello how are you"
            RenderTableCell {TD} at (251,2) size 119x24 [border: (1px inset #808080)] [r=0 c=1 rs=1 cs=1]
              RenderText {#text} at (2,2) size 114x19
                text run at (2,2) width 114: "I'am fine, and you?"
            RenderTableCell {TD} at (371,2) size 395x24 [border: (1px inset #808080)] [r=0 c=2 rs=1 cs=1]
              RenderText {#text} at (2,2) size 106x19
                text run at (2,2) width 106: "I great, thank you"
      RenderBlock (anonymous) at (0,760) size 769x20
        RenderBR {BR} at (0,0) size 0x19
      RenderTable {TABLE} at (0,780) size 769x210 [border: (1px outset #808080)]
        RenderTableSection {TBODY} at (1,1) size 767x208
          RenderTableRow {TR} at (0,2) size 767x204
            RenderTableCell {TD} at (2,92) size 314x24 [border: (1px inset #808080)] [r=0 c=0 rs=1 cs=1]
              RenderText {#text} at (2,2) size 159x19
                text run at (2,2) width 159: "<../images/pikajumpr.gif\">"
            RenderTableCell {TD} at (317,31) size 411x146 [border: (1px inset #808080)] [r=0 c=1 rs=1 cs=1]
              RenderImage {IMG} at (2,2) size 142x142
            RenderTableCell {TD} at (729,2) size 37x204 [border: (1px inset #808080)] [r=0 c=2 rs=1 cs=1]
              RenderText {#text} at (2,2) size 32x199
                text run at (2,2) width 25: "This"
                text run at (2,22) width 20: "is a"
                text run at (2,42) width 21: "test"
                text run at (2,62) width 12: "to"
                text run at (2,82) width 31: "see if"
                text run at (2,102) width 20: "this"
                text run at (2,122) width 20: "will"
                text run at (2,142) width 32: "work"
                text run at (2,162) width 15: "on"
                text run at (2,182) width 20: "5.0"
