layer at (0,0) size 800x600
  RenderView at (0,0) size 800x600
layer at (0,0) size 800x600
  RenderBlock {HTML} at (0,0) size 800x600
    RenderBody {BODY} at (8,8) size 784x584
      RenderTable {TABLE} at (0,0) size 277x200 [border: (1px outset #808080)]
        RenderTableSection {TBODY} at (1,1) size 275x198
          RenderTableRow {TR} at (0,2) size 275x47
            RenderTableCell {TD} at (2,13) size 271x25 [border: (1px inset #808080)] [r=0 c=0 rs=1 cs=1]
              RenderText {#text} at (2,1) size 260x20
                text run at (2,2) width 260: "This is the first cell in a 200 pixel high table."
          RenderTableRow {TR} at (0,50) size 275x98
            RenderTableCell {TD} at (2,87) size 271x24 [border: (1px inset #808080)] [r=1 c=0 rs=1 cs=1]
              RenderText {#text} at (2,2) size 168x20
                text run at (2,3) width 168: "This is the second cell, with "
              RenderInline {B} at (0,0) size 23x19
                RenderText {#text} at (170,2) size 23x20
                  text run at (170,3) width 23: "cell"
              RenderText {#text} at (193,2) size 76x20
                text run at (193,3) width 76: " height 50%."
          RenderTableRow {TR} at (0,149) size 275x47
            RenderTableCell {TD} at (2,160) size 271x25 [border: (1px inset #808080)] [r=2 c=0 rs=1 cs=1]
              RenderText {#text} at (2,1) size 119x20
                text run at (2,2) width 119: "This is the third cell."
      RenderTable {TABLE} at (0,200) size 277x82 [border: (1px outset #808080)]
        RenderTableSection {TBODY} at (1,1) size 275x80
          RenderTableRow {TR} at (0,2) size 275x24
            RenderTableCell {TD} at (2,2) size 271x24 [border: (1px inset #808080)] [r=0 c=0 rs=1 cs=1]
              RenderText {#text} at (2,2) size 250x19
                text run at (2,2) width 250: "This is the first cell in an auto-height table."
          RenderTableRow {TR} at (0,28) size 275x24
            RenderTableCell {TD} at (2,28) size 271x24 [border: (1px inset #808080)] [r=1 c=0 rs=1 cs=1]
              RenderText {#text} at (2,2) size 168x19
                text run at (2,2) width 168: "This is the second cell, with "
              RenderInline {B} at (0,0) size 23x19
                RenderText {#text} at (170,2) size 23x19
                  text run at (170,2) width 23: "cell"
              RenderText {#text} at (193,2) size 76x19
                text run at (193,2) width 76: " height 50%."
          RenderTableRow {TR} at (0,54) size 275x24
            RenderTableCell {TD} at (2,54) size 271x24 [border: (1px inset #808080)] [r=2 c=0 rs=1 cs=1]
              RenderText {#text} at (2,2) size 119x19
                text run at (2,2) width 119: "This is the third cell."
      RenderTable {TABLE} at (0,282) size 278x200 [border: (1px outset #808080)]
        RenderTableSection {TBODY} at (1,1) size 276x198
          RenderTableRow {TR} at (0,2) size 276x47
            RenderTableCell {TD} at (2,13) size 272x25 [border: (1px inset #808080)] [r=0 c=0 rs=1 cs=1]
              RenderText {#text} at (2,1) size 260x20
                text run at (2,2) width 260: "This is the first cell in a 200 pixel high table."
          RenderTableRow {TR} at (0,50) size 276x98
            RenderTableCell {TD} at (2,87) size 272x24 [border: (1px inset #808080)] [r=1 c=0 rs=1 cs=1]
              RenderText {#text} at (2,2) size 168x20
                text run at (2,3) width 168: "This is the second cell, with "
              RenderInline {B} at (0,0) size 24x19
                RenderText {#text} at (170,2) size 24x20
                  text run at (170,3) width 24: "row"
              RenderText {#text} at (194,2) size 76x20
                text run at (194,3) width 76: " height 50%."
          RenderTableRow {TR} at (0,149) size 276x47
            RenderTableCell {TD} at (2,160) size 272x25 [border: (1px inset #808080)] [r=2 c=0 rs=1 cs=1]
              RenderText {#text} at (2,1) size 119x20
                text run at (2,2) width 119: "This is the third cell."
      RenderTable {TABLE} at (0,482) size 278x82 [border: (1px outset #808080)]
        RenderTableSection {TBODY} at (1,1) size 276x80
          RenderTableRow {TR} at (0,2) size 276x24
            RenderTableCell {TD} at (2,2) size 272x24 [border: (1px inset #808080)] [r=0 c=0 rs=1 cs=1]
              RenderText {#text} at (2,2) size 250x19
                text run at (2,2) width 250: "This is the first cell in an auto-height table."
          RenderTableRow {TR} at (0,28) size 276x24
            RenderTableCell {TD} at (2,28) size 272x24 [border: (1px inset #808080)] [r=1 c=0 rs=1 cs=1]
              RenderText {#text} at (2,2) size 168x19
                text run at (2,2) width 168: "This is the second cell, with "
              RenderInline {B} at (0,0) size 24x19
                RenderText {#text} at (170,2) size 24x19
                  text run at (170,2) width 24: "row"
              RenderText {#text} at (194,2) size 76x19
                text run at (194,2) width 76: " height 50%."
          RenderTableRow {TR} at (0,54) size 276x24
            RenderTableCell {TD} at (2,54) size 272x24 [border: (1px inset #808080)] [r=2 c=0 rs=1 cs=1]
              RenderText {#text} at (2,2) size 119x19
                text run at (2,2) width 119: "This is the third cell."
