layer at (0,0) size 800x600
  RenderView at (0,0) size 800x600
layer at (0,0) size 800x600
  RenderBlock {HTML} at (0,0) size 800x600
    RenderBody {BODY} at (8,8) size 784x576
      RenderBlock {FORM} at (0,0) size 784x298
        RenderTable {TABLE} at (0,0) size 784x298 [border: (1px outset #808080)]
          RenderTableSection {TBODY} at (1,1) size 782x296
            RenderTableRow {TR} at (0,2) size 782x22
              RenderTableCell {TH} at (2,2) size 20x22 [border: (1px inset #808080)] [r=0 c=0 rs=1 cs=1]
                RenderText {#text} at (6,2) size 8x18
                  text run at (6,2) width 8: "#"
              RenderTableCell {TH} at (24,2) size 73x22 [border: (1px inset #808080)] [r=0 c=1 rs=1 cs=1]
                RenderText {#text} at (2,2) size 69x18
                  text run at (2,2) width 69: "Relevance"
              RenderTableCell {TH} at (99,2) size 530x22 [border: (1px inset #808080)] [r=0 c=2 rs=1 cs=1]
                RenderText {#text} at (229,2) size 72x18
                  text run at (229,2) width 72: "Title Long"
              RenderTableCell {TH} at (630,2) size 111x22 [border: (1px inset #808080)] [r=0 c=3 rs=1 cs=1]
                RenderText {#text} at (29,2) size 51x18
                  text run at (29,2) width 51: "Author"
              RenderTableCell {TH} at (742,2) size 37x22 [border: (1px inset #808080)] [r=0 c=4 rs=1 cs=1]
                RenderText {#text} at (2,2) size 32x18
                  text run at (2,2) width 32: "Date"
            RenderTableRow {TR} at (0,26) size 782x40
              RenderTableCell {TD} at (2,50) size 20x22 [border: (1px inset #808080)] [r=1 c=0 rs=2 cs=1]
                RenderText {#text} at (2,2) size 16x18
                  text run at (2,2) width 16: " 1 "
              RenderTableCell {TD} at (24,50) size 73x22 [border: (1px inset #808080)] [r=1 c=1 rs=2 cs=1]
                RenderText {#text} at (2,2) size 16x18
                  text run at (2,2) width 16: "**"
              RenderTableCell {TD} at (99,26) size 530x40 [border: (1px inset #808080)] [r=1 c=2 rs=1 cs=1]
                RenderText {#text} at (2,2) size 478x36
                  text run at (2,2) width 478: "UNIX and Windows 2000 integration toolkit : a complete guide for systems"
                  text run at (2,20) width 178: "administrators / Rawn Shah."
              RenderTableCell {TD} at (630,35) size 111x22 [border: (1px inset #808080)] [r=1 c=3 rs=1 cs=1]
                RenderText {#text} at (2,2) size 82x18
                  text run at (2,2) width 82: "Shah, Rawn."
              RenderTableCell {TD} at (742,35) size 37x22 [border: (1px inset #808080)] [r=1 c=4 rs=1 cs=1]
                RenderText {#text} at (2,2) size 32x18
                  text run at (2,2) width 32: "2000"
            RenderTableRow {TR} at (0,68) size 782x28
              RenderTableCell {TD} at (99,68) size 682x28 [border: (1px inset #808080)] [r=2 c=2 rs=1 cs=4]
                RenderTable {TABLE} at (2,2) size 678x24
                  RenderTableSection {TBODY} at (0,0) size 678x24
                    RenderTableRow {TR} at (0,2) size 678x20
                      RenderTableCell {TD} at (2,2) size 674x20 [r=0 c=0 rs=1 cs=1]
                        RenderText {#text} at (1,1) size 167x18
                          text run at (1,1) width 167: "Title has multiple holdings"
            RenderTableRow {TR} at (0,98) size 782x40
              RenderTableCell {TD} at (2,122) size 20x22 [border: (1px inset #808080)] [r=3 c=0 rs=2 cs=1]
                RenderText {#text} at (2,2) size 16x18
                  text run at (2,2) width 16: " 2 "
              RenderTableCell {TD} at (24,122) size 73x22 [border: (1px inset #808080)] [r=3 c=1 rs=2 cs=1]
                RenderText {#text} at (2,2) size 16x18
                  text run at (2,2) width 16: "**"
              RenderTableCell {TD} at (99,107) size 530x22 [border: (1px inset #808080)] [r=3 c=2 rs=1 cs=1]
                RenderText {#text} at (2,2) size 255x18
                  text run at (2,2) width 255: "Learning Red Hat Linux / Bill McCarty."
              RenderTableCell {TD} at (630,98) size 111x40 [border: (1px inset #808080)] [r=3 c=3 rs=1 cs=1]
                RenderText {#text} at (2,2) size 91x36
                  text run at (2,2) width 91: "McCarty, Bill,"
                  text run at (2,20) width 37: "1953-"
              RenderTableCell {TD} at (742,107) size 37x22 [border: (1px inset #808080)] [r=3 c=4 rs=1 cs=1]
                RenderText {#text} at (2,2) size 32x18
                  text run at (2,2) width 32: "1999"
            RenderTableRow {TR} at (0,140) size 782x28
              RenderTableCell {TD} at (99,140) size 682x28 [border: (1px inset #808080)] [r=4 c=2 rs=1 cs=4]
                RenderTable {TABLE} at (2,2) size 678x24
                  RenderTableSection {TBODY} at (0,0) size 678x24
                    RenderTableRow {TR} at (0,2) size 678x20
                      RenderTableCell {TD} at (2,2) size 674x20 [r=0 c=0 rs=1 cs=1]
                        RenderText {#text} at (1,1) size 167x18
                          text run at (1,1) width 167: "Title has multiple holdings"
            RenderTableRow {TR} at (0,170) size 782x40
              RenderTableCell {TD} at (2,194) size 20x22 [border: (1px inset #808080)] [r=5 c=0 rs=2 cs=1]
                RenderText {#text} at (2,2) size 16x18
                  text run at (2,2) width 16: " 3 "
              RenderTableCell {TD} at (24,194) size 73x22 [border: (1px inset #808080)] [r=5 c=1 rs=2 cs=1]
                RenderText {#text} at (2,2) size 16x18
                  text run at (2,2) width 16: "**"
              RenderTableCell {TD} at (99,179) size 530x22 [border: (1px inset #808080)] [r=5 c=2 rs=1 cs=1]
                RenderText {#text} at (2,2) size 284x18
                  text run at (2,2) width 284: "Learning Debian GNU/Linux / Bill Mccarty."
              RenderTableCell {TD} at (630,170) size 111x40 [border: (1px inset #808080)] [r=5 c=3 rs=1 cs=1]
                RenderText {#text} at (2,2) size 91x36
                  text run at (2,2) width 91: "McCarty, Bill,"
                  text run at (2,20) width 37: "1953-"
              RenderTableCell {TD} at (742,179) size 37x22 [border: (1px inset #808080)] [r=5 c=4 rs=1 cs=1]
                RenderText {#text} at (2,2) size 32x18
                  text run at (2,2) width 32: "1999"
            RenderTableRow {TR} at (0,212) size 782x28
              RenderTableCell {TD} at (99,212) size 682x28 [border: (1px inset #808080)] [r=6 c=2 rs=1 cs=4]
                RenderTable {TABLE} at (2,2) size 678x24
                  RenderTableSection {TBODY} at (0,0) size 678x24
                    RenderTableRow {TR} at (0,2) size 678x20
                      RenderTableCell {TD} at (2,2) size 674x20 [r=0 c=0 rs=1 cs=1]
                        RenderText {#text} at (1,1) size 167x18
                          text run at (1,1) width 167: "Title has multiple holdings"
            RenderTableRow {TR} at (0,242) size 782x22
              RenderTableCell {TD} at (2,257) size 20x22 [border: (1px inset #808080)] [r=7 c=0 rs=2 cs=1]
                RenderText {#text} at (2,2) size 16x18
                  text run at (2,2) width 16: " 4 "
              RenderTableCell {TD} at (24,257) size 73x22 [border: (1px inset #808080)] [r=7 c=1 rs=2 cs=1]
                RenderText {#text} at (2,2) size 16x18
                  text run at (2,2) width 16: "**"
              RenderTableCell {TD} at (99,242) size 530x22 [border: (1px inset #808080)] [r=7 c=2 rs=1 cs=1]
                RenderText {#text} at (2,2) size 392x18
                  text run at (2,2) width 392: "Advanced Java networking / Dick Steflik, Prashant Sridharan."
              RenderTableCell {TD} at (630,242) size 111x22 [border: (1px inset #808080)] [r=7 c=3 rs=1 cs=1]
                RenderText {#text} at (2,2) size 84x18
                  text run at (2,2) width 84: "Steflik, Dick."
              RenderTableCell {TD} at (742,242) size 37x22 [border: (1px inset #808080)] [r=7 c=4 rs=1 cs=1]
                RenderText {#text} at (2,2) size 32x18
                  text run at (2,2) width 32: "2000"
            RenderTableRow {TR} at (0,266) size 782x28
              RenderTableCell {TD} at (99,266) size 682x28 [border: (1px inset #808080)] [r=8 c=2 rs=1 cs=4]
                RenderTable {TABLE} at (2,2) size 678x24
                  RenderTableSection {TBODY} at (0,0) size 678x24
                    RenderTableRow {TR} at (0,2) size 678x20
                      RenderTableCell {TD} at (2,2) size 674x20 [r=0 c=0 rs=1 cs=1]
                        RenderText {#text} at (1,1) size 167x18
                          text run at (1,1) width 167: "Title has multiple holdings"
