layer at (0,0) size 800x600
  RenderView at (0,0) size 800x600
layer at (0,0) size 800x600
  RenderBlock {HTML} at (0,0) size 800x600
    RenderBody {BODY} at (8,8) size 784x576
      RenderBlock {P} at (0,0) size 784x18
        RenderText {#text} at (0,0) size 468x18
          text run at (0,0) width 468: "This test case creates a TR element then tries to assign to the cells property"
      RenderBlock {P} at (0,34) size 784x25
        RenderText {#text} at (0,3) size 41x18
          text run at (0,3) width 41: "Crash "
        RenderButton {BUTTON} at (43,2) size 98x21 [bgcolor=#F0F0F0] [border: (2px outset #F0F0F0)]
          RenderBlock (anonymous) at (8,3) size 82x15
            RenderText {#text} at (0,0) size 82x15
              text run at (0,0) width 82: "TR.cells = null"
        RenderText {#text} at (0,0) size 0x0
