layer at (0,0) size 800x600
  RenderView at (0,0) size 800x600
layer at (0,0) size 800x600
  RenderBlock {HTML} at (0,0) size 800x600
    RenderBody {BODY} at (8,8) size 784x584
      RenderTable {TABLE} at (0,0) size 246x150 [border: (1px outset #808080)]
        RenderTableSection {TBODY} at (1,1) size 244x148
          RenderTableRow {TR} at (0,2) size 244x52
            RenderTableCell {TD} at (2,2) size 240x52 [border: (1px inset #808080)] [r=0 c=0 rs=1 cs=2]
              RenderBlock {H2} at (2,2) size 236x28
                RenderText {#text} at (0,0) size 175x28
                  text run at (0,0) width 175: "Personal Friends"
          RenderTableRow {TR} at (0,55) size 244x91
            RenderTableCell {TD} at (2,55) size 183x91 [border: (1px inset #808080)] [r=1 c=0 rs=1 cs=1]
              RenderBlock (anonymous) at (2,2) size 179x0
                RenderInline {FONT} at (0,0) size 0x0
                RenderText {#text} at (0,0) size 0x0
              RenderBlock {P} at (2,2) size 179x18
                RenderText {#text} at (0,0) size 179x18
                  text run at (0,0) width 179: "Alisha - Password-Protected"
              RenderBlock {P} at (2,36) size 179x18
                RenderText {#text} at (0,0) size 45x18
                  text run at (0,0) width 45: "Arlesia"
              RenderBlock {P} at (2,70) size 179x18
                RenderText {#text} at (0,0) size 36x18
                  text run at (0,0) width 36: "Asale"
            RenderTableCell {TD} at (187,55) size 55x91 [border: (1px inset #808080)] [r=1 c=1 rs=1 cs=1]
              RenderBlock {P} at (2,2) size 51x18
                RenderText {#text} at (0,0) size 34x18
                  text run at (0,0) width 34: "Ernie"
              RenderBlock {P} at (2,36) size 51x18
                RenderText {#text} at (0,0) size 51x18
                  text run at (0,0) width 51: "Melanie"
              RenderBlock {P} at (2,70) size 51x18
                RenderText {#text} at (0,0) size 48x18
                  text run at (0,0) width 48: "Tamara"
