layer at (0,0) size 1012x585
  RenderView at (0,0) size 800x585
layer at (0,0) size 800x585
  RenderBlock {HTML} at (0,0) size 800x585
    RenderBody {BODY} at (8,8) size 784x569
      RenderBlock {HR} at (0,0) size 1004x4 [border: (2px solid #000000)]
      RenderBlock (anonymous) at (0,12) size 784x18
        RenderBR {BR} at (0,0) size 0x18
      RenderTable {TABLE} at (0,30) size 642x217
        RenderTableSection {TBODY} at (0,0) size 642x217
          RenderTableRow {TR} at (0,0) size 642x27
            RenderTableCell {TD} at (0,0) size 643x27 [r=0 c=0 rs=1 cs=3]
              RenderImage {IMG} at (0,0) size 642x27 [border: (1px solid #000000)]
          RenderTableRow {TR} at (0,27) size 642x190
            RenderTableCell {TD} at (0,82) size 150x80 [r=1 c=0 rs=1 cs=1]
              RenderImage {IMG} at (0,0) size 102x80 [border: (1px solid #000000)]
              RenderText {#text} at (0,0) size 0x0
            RenderTableCell {TD} at (150,121) size 68x2 [r=1 c=1 rs=1 cs=1]
              RenderImage {IMG} at (0,0) size 40x1
            RenderTableCell {TD} at (217,27) size 426x190 [r=1 c=2 rs=1 cs=1]
              RenderImage {IMG} at (0,0) size 252x172 [border: (1px solid #000000)]
              RenderBR {BR} at (252,172) size 0x0
              RenderText {#text} at (0,172) size 74x18
                text run at (0,172) width 74: "Click Here!"
