layer at (0,0) size 800x600
  RenderView at (0,0) size 800x600
layer at (0,0) size 800x600
  RenderBlock {HTML} at (0,0) size 800x600
    RenderBody {BODY} at (8,8) size 784x584
      RenderTable {TABLE} at (0,0) size 784x300 [bgcolor=#FF0000]
        RenderTableSection {TBODY} at (0,0) size 784x300
          RenderTableRow {TR} at (0,2) size 784x296
            RenderTableCell {TD} at (2,139) size 780x22 [r=0 c=0 rs=1 cs=1]
              RenderText {#text} at (1,1) size 25x19
                text run at (1,1) width 25: "Foo"
