layer at (0,0) size 800x600
  RenderView at (0,0) size 800x600
layer at (0,0) size 800x600
  RenderBlock {HTML} at (0,0) size 800x600
    RenderBody {BODY} at (8,8) size 784x576
      RenderTable {TABLE} at (0,0) size 378x28 [border: (3px outset #808080)]
        RenderTableSection {TBODY} at (3,3) size 372x22
          RenderTableRow {TR} at (0,0) size 372x22
            RenderTableCell {TD} at (0,0) size 68x22 [border: (1px inset #808080)] [r=0 c=0 rs=1 cs=1]
              RenderText {#text} at (2,2) size 64x18
                text run at (2,2) width 64: "fieldLabel"
            RenderTableCell {TD} at (68,0) size 304x22 [border: (1px inset #808080)] [r=0 c=1 rs=1 cs=1]
              RenderText {#text} at (2,2) size 106x18
                text run at (2,2) width 106: "   InspectionText"
      RenderBlock {FORM} at (0,28) size 784x25
        RenderButton {INPUT} at (2,2) size 91x21 [bgcolor=#F0F0F0] [border: (2px outset #F0F0F0)]
          RenderBlock (anonymous) at (8,3) size 75x15
            RenderText at (0,0) size 75x15
              text run at (0,0) width 75: "change width"
        RenderText {#text} at (95,3) size 4x18
          text run at (95,3) width 4: " "
        RenderButton {INPUT} at (101,2) size 185x21 [bgcolor=#F0F0F0] [border: (2px outset #F0F0F0)]
          RenderBlock (anonymous) at (8,3) size 169x15
            RenderText at (0,0) size 169x15
              text run at (0,0) width 169: "change width with table reflow"
        RenderText {#text} at (0,0) size 0x0
