layer at (0,0) size 785x2886
  RenderView at (0,0) size 785x600
layer at (0,0) size 785x2886
  RenderBlock {HTML} at (0,0) size 785x2886
    RenderBody {BODY} at (8,8) size 769x2870
      RenderTable {TABLE} at (0,0) size 769x2870 [border: (1px outset #808080)]
        RenderTableSection {TBODY} at (1,1) size 767x2868
          RenderTableRow {TR} at (0,2) size 767x148
            RenderTableCell {TD} at (2,56) size 36x40 [border: (1px inset #808080)] [r=0 c=0 rs=1 cs=1]
              RenderText {#text} at (12,11) size 12x18
                text run at (12,11) width 12: "A"
            RenderTableCell {TD} at (40,52) size 427x48 [border: (1px inset #808080)] [r=0 c=1 rs=1 cs=1]
              RenderImage {IMG} at (175,11) size 77x25
            RenderTableCell {TD} at (469,2) size 296x148 [border: (1px inset #808080)] [r=0 c=2 rs=1 cs=1]
              RenderText {#text} at (12,11) size 272x126
                text run at (12,11) width 272: "test test test test test test test test test test test"
                text run at (12,29) width 101: "test test test test "
                text run at (112,29) width 172: "test test test test test test test"
                text run at (12,47) width 201: "test test test test test test test test "
                text run at (212,47) width 72: "test test test"
                text run at (12,65) width 272: "test test test test test test test test test test test"
                text run at (12,83) width 26: "test "
                text run at (37,83) width 247: "test test test test test test test test test test"
                text run at (12,101) width 126: "test test test test test "
                text run at (137,101) width 147: "test test test test test test"
                text run at (37,119) width 222: "test test test test test test test test test"
          RenderTableRow {TR} at (0,152) size 767x148
            RenderTableCell {TD} at (2,206) size 36x40 [border: (1px inset #808080)] [r=1 c=0 rs=1 cs=1]
              RenderText {#text} at (12,11) size 12x18
                text run at (12,11) width 12: "B"
            RenderTableCell {TD} at (40,194) size 427x64 [border: (1px inset #808080)] [r=1 c=1 rs=1 cs=1]
              RenderImage {IMG} at (198,11) size 31x42
            RenderTableCell {TD} at (469,152) size 296x148 [border: (1px inset #808080)] [r=1 c=2 rs=1 cs=1]
              RenderText {#text} at (12,11) size 272x126
                text run at (12,11) width 272: "test test test test test test test test test test test"
                text run at (12,29) width 101: "test test test test "
                text run at (112,29) width 172: "test test test test test test test"
                text run at (12,47) width 201: "test test test test test test test test "
                text run at (212,47) width 72: "test test test"
                text run at (12,65) width 272: "test test test test test test test test test test test"
                text run at (12,83) width 26: "test "
                text run at (37,83) width 247: "test test test test test test test test test test"
                text run at (12,101) width 126: "test test test test test "
                text run at (137,101) width 147: "test test test test test test"
                text run at (37,119) width 222: "test test test test test test test test test"
          RenderTableRow {TR} at (0,302) size 767x160
            RenderTableCell {TD} at (2,362) size 36x40 [border: (1px inset #808080)] [r=2 c=0 rs=1 cs=1]
              RenderText {#text} at (12,11) size 12x18
                text run at (12,11) width 12: "C"
            RenderTableCell {TD} at (40,302) size 427x160 [border: (1px inset #808080)] [r=2 c=1 rs=1 cs=1]
              RenderImage {IMG} at (103,11) size 221x138
            RenderTableCell {TD} at (469,308) size 296x148 [border: (1px inset #808080)] [r=2 c=2 rs=1 cs=1]
              RenderText {#text} at (12,11) size 272x126
                text run at (12,11) width 272: "test test test test test test test test test test test"
                text run at (12,29) width 101: "test test test test "
                text run at (112,29) width 172: "test test test test test test test"
                text run at (12,47) width 201: "test test test test test test test test "
                text run at (212,47) width 72: "test test test"
                text run at (12,65) width 272: "test test test test test test test test test test test"
                text run at (12,83) width 26: "test "
                text run at (37,83) width 247: "test test test test test test test test test test"
                text run at (12,101) width 126: "test test test test test "
                text run at (137,101) width 147: "test test test test test test"
                text run at (37,119) width 222: "test test test test test test test test test"
          RenderTableRow {TR} at (0,464) size 767x148
            RenderTableCell {TD} at (2,518) size 36x40 [border: (1px inset #808080)] [r=3 c=0 rs=1 cs=1]
              RenderText {#text} at (12,11) size 12x18
                text run at (12,11) width 12: "D"
            RenderTableCell {TD} at (40,484) size 427x108 [border: (1px inset #808080)] [r=3 c=1 rs=1 cs=1]
              RenderImage {IMG} at (113,11) size 201x85
            RenderTableCell {TD} at (469,464) size 296x148 [border: (1px inset #808080)] [r=3 c=2 rs=1 cs=1]
              RenderText {#text} at (12,11) size 272x126
                text run at (12,11) width 272: "test test test test test test test test test test test"
                text run at (12,29) width 101: "test test test test "
                text run at (112,29) width 172: "test test test test test test test"
                text run at (12,47) width 201: "test test test test test test test test "
                text run at (212,47) width 72: "test test test"
                text run at (12,65) width 272: "test test test test test test test test test test test"
                text run at (12,83) width 26: "test "
                text run at (37,83) width 247: "test test test test test test test test test test"
                text run at (12,101) width 126: "test test test test test "
                text run at (137,101) width 147: "test test test test test test"
                text run at (37,119) width 222: "test test test test test test test test test"
          RenderTableRow {TR} at (0,614) size 767x148
            RenderTableCell {TD} at (2,668) size 36x40 [border: (1px inset #808080)] [r=4 c=0 rs=1 cs=1]
              RenderText {#text} at (13,11) size 10x18
                text run at (13,11) width 10: "E"
            RenderTableCell {TD} at (40,652) size 427x72 [border: (1px inset #808080)] [r=4 c=1 rs=1 cs=1]
              RenderImage {IMG} at (186,11) size 55x50
            RenderTableCell {TD} at (469,614) size 296x148 [border: (1px inset #808080)] [r=4 c=2 rs=1 cs=1]
              RenderText {#text} at (12,11) size 272x126
                text run at (12,11) width 272: "test test test test test test test test test test test"
                text run at (12,29) width 101: "test test test test "
                text run at (112,29) width 172: "test test test test test test test"
                text run at (12,47) width 201: "test test test test test test test test "
                text run at (212,47) width 72: "test test test"
                text run at (12,65) width 272: "test test test test test test test test test test test"
                text run at (12,83) width 26: "test "
                text run at (37,83) width 247: "test test test test test test test test test test"
                text run at (12,101) width 126: "test test test test test "
                text run at (137,101) width 147: "test test test test test test"
                text run at (37,119) width 222: "test test test test test test test test test"
          RenderTableRow {TR} at (0,764) size 767x148
            RenderTableCell {TD} at (2,818) size 36x40 [border: (1px inset #808080)] [r=5 c=0 rs=1 cs=1]
              RenderText {#text} at (13,11) size 10x18
                text run at (13,11) width 10: "F"
            RenderTableCell {TD} at (40,802) size 427x72 [border: (1px inset #808080)] [r=5 c=1 rs=1 cs=1]
              RenderImage {IMG} at (95,11) size 237x50
            RenderTableCell {TD} at (469,764) size 296x148 [border: (1px inset #808080)] [r=5 c=2 rs=1 cs=1]
              RenderText {#text} at (12,11) size 272x126
                text run at (12,11) width 272: "test test test test test test test test test test test"
                text run at (12,29) width 101: "test test test test "
                text run at (112,29) width 172: "test test test test test test test"
                text run at (12,47) width 201: "test test test test test test test test "
                text run at (212,47) width 72: "test test test"
                text run at (12,65) width 272: "test test test test test test test test test test test"
                text run at (12,83) width 26: "test "
                text run at (37,83) width 247: "test test test test test test test test test test"
                text run at (12,101) width 126: "test test test test test "
                text run at (137,101) width 147: "test test test test test test"
                text run at (37,119) width 222: "test test test test test test test test test"
          RenderTableRow {TR} at (0,914) size 767x148
            RenderTableCell {TD} at (2,968) size 36x40 [border: (1px inset #808080)] [r=6 c=0 rs=1 cs=1]
              RenderText {#text} at (12,11) size 12x18
                text run at (12,11) width 12: "G"
            RenderTableCell {TD} at (40,945) size 427x86 [border: (1px inset #808080)] [r=6 c=1 rs=1 cs=1]
              RenderImage {IMG} at (155,11) size 117x63
            RenderTableCell {TD} at (469,914) size 296x148 [border: (1px inset #808080)] [r=6 c=2 rs=1 cs=1]
              RenderText {#text} at (12,11) size 272x126
                text run at (12,11) width 272: "test test test test test test test test test test test"
                text run at (12,29) width 101: "test test test test "
                text run at (112,29) width 172: "test test test test test test test"
                text run at (12,47) width 201: "test test test test test test test test "
                text run at (212,47) width 72: "test test test"
                text run at (12,65) width 272: "test test test test test test test test test test test"
                text run at (12,83) width 26: "test "
                text run at (37,83) width 247: "test test test test test test test test test test"
                text run at (12,101) width 126: "test test test test test "
                text run at (137,101) width 147: "test test test test test test"
                text run at (37,119) width 222: "test test test test test test test test test"
          RenderTableRow {TR} at (0,1064) size 767x148
            RenderTableCell {TD} at (2,1118) size 36x40 [border: (1px inset #808080)] [r=7 c=0 rs=1 cs=1]
              RenderText {#text} at (12,11) size 12x18
                text run at (12,11) width 12: "H"
            RenderTableCell {TD} at (40,1118) size 427x40 [border: (1px inset #808080)] [r=7 c=1 rs=1 cs=1]
              RenderImage {IMG} at (200,11) size 27x18
            RenderTableCell {TD} at (469,1064) size 296x148 [border: (1px inset #808080)] [r=7 c=2 rs=1 cs=1]
              RenderText {#text} at (12,11) size 272x126
                text run at (12,11) width 272: "test test test test test test test test test test test"
                text run at (12,29) width 101: "test test test test "
                text run at (112,29) width 172: "test test test test test test test"
                text run at (12,47) width 201: "test test test test test test test test "
                text run at (212,47) width 72: "test test test"
                text run at (12,65) width 272: "test test test test test test test test test test test"
                text run at (12,83) width 26: "test "
                text run at (37,83) width 247: "test test test test test test test test test test"
                text run at (12,101) width 126: "test test test test test "
                text run at (137,101) width 147: "test test test test test test"
                text run at (37,119) width 222: "test test test test test test test test test"
          RenderTableRow {TR} at (0,1214) size 767x148
            RenderTableCell {TD} at (2,1268) size 36x40 [border: (1px inset #808080)] [r=8 c=0 rs=1 cs=1]
              RenderText {#text} at (15,11) size 6x18
                text run at (15,11) width 6: "I"
            RenderTableCell {TD} at (40,1246) size 427x84 [border: (1px inset #808080)] [r=8 c=1 rs=1 cs=1]
              RenderImage {IMG} at (126,11) size 175x61
            RenderTableCell {TD} at (469,1214) size 296x148 [border: (1px inset #808080)] [r=8 c=2 rs=1 cs=1]
              RenderText {#text} at (12,11) size 272x126
                text run at (12,11) width 272: "test test test test test test test test test test test"
                text run at (12,29) width 101: "test test test test "
                text run at (112,29) width 172: "test test test test test test test"
                text run at (12,47) width 201: "test test test test test test test test "
                text run at (212,47) width 72: "test test test"
                text run at (12,65) width 272: "test test test test test test test test test test test"
                text run at (12,83) width 26: "test "
                text run at (37,83) width 247: "test test test test test test test test test test"
                text run at (12,101) width 126: "test test test test test "
                text run at (137,101) width 147: "test test test test test test"
                text run at (37,119) width 222: "test test test test test test test test test"
          RenderTableRow {TR} at (0,1364) size 767x148
            RenderTableCell {TD} at (2,1418) size 36x40 [border: (1px inset #808080)] [r=9 c=0 rs=1 cs=1]
              RenderText {#text} at (15,11) size 6x18
                text run at (15,11) width 6: "J"
            RenderTableCell {TD} at (40,1377) size 427x122 [border: (1px inset #808080)] [r=9 c=1 rs=1 cs=1]
              RenderImage {IMG} at (11,11) size 405x100
            RenderTableCell {TD} at (469,1364) size 296x148 [border: (1px inset #808080)] [r=9 c=2 rs=1 cs=1]
              RenderText {#text} at (12,11) size 272x126
                text run at (12,11) width 272: "test test test test test test test test test test test"
                text run at (12,29) width 101: "test test test test "
                text run at (112,29) width 172: "test test test test test test test"
                text run at (12,47) width 201: "test test test test test test test test "
                text run at (212,47) width 72: "test test test"
                text run at (12,65) width 272: "test test test test test test test test test test test"
                text run at (12,83) width 26: "test "
                text run at (37,83) width 247: "test test test test test test test test test test"
                text run at (12,101) width 126: "test test test test test "
                text run at (137,101) width 147: "test test test test test test"
                text run at (37,119) width 222: "test test test test test test test test test"
          RenderTableRow {TR} at (0,1514) size 767x148
            RenderTableCell {TD} at (2,1568) size 36x40 [border: (1px inset #808080)] [r=10 c=0 rs=1 cs=1]
              RenderText {#text} at (12,11) size 12x18
                text run at (12,11) width 12: "K"
            RenderTableCell {TD} at (40,1552) size 427x72 [border: (1px inset #808080)] [r=10 c=1 rs=1 cs=1]
              RenderImage {IMG} at (77,11) size 273x50
            RenderTableCell {TD} at (469,1514) size 296x148 [border: (1px inset #808080)] [r=10 c=2 rs=1 cs=1]
              RenderText {#text} at (12,11) size 272x126
                text run at (12,11) width 272: "test test test test test test test test test test test"
                text run at (12,29) width 101: "test test test test "
                text run at (112,29) width 172: "test test test test test test test"
                text run at (12,47) width 201: "test test test test test test test test "
                text run at (212,47) width 72: "test test test"
                text run at (12,65) width 272: "test test test test test test test test test test test"
                text run at (12,83) width 26: "test "
                text run at (37,83) width 247: "test test test test test test test test test test"
                text run at (12,101) width 126: "test test test test test "
                text run at (137,101) width 147: "test test test test test test"
                text run at (37,119) width 222: "test test test test test test test test test"
          RenderTableRow {TR} at (0,1664) size 767x148
            RenderTableCell {TD} at (2,1718) size 36x40 [border: (1px inset #808080)] [r=11 c=0 rs=1 cs=1]
              RenderText {#text} at (12,11) size 12x18
                text run at (12,11) width 12: "K"
            RenderTableCell {TD} at (40,1703) size 427x70 [border: (1px inset #808080)] [r=11 c=1 rs=1 cs=1]
              RenderImage {IMG} at (168,11) size 91x47
            RenderTableCell {TD} at (469,1664) size 296x148 [border: (1px inset #808080)] [r=11 c=2 rs=1 cs=1]
              RenderText {#text} at (12,11) size 272x126
                text run at (12,11) width 272: "test test test test test test test test test test test"
                text run at (12,29) width 101: "test test test test "
                text run at (112,29) width 172: "test test test test test test test"
                text run at (12,47) width 201: "test test test test test test test test "
                text run at (212,47) width 72: "test test test"
                text run at (12,65) width 272: "test test test test test test test test test test test"
                text run at (12,83) width 26: "test "
                text run at (37,83) width 247: "test test test test test test test test test test"
                text run at (12,101) width 126: "test test test test test "
                text run at (137,101) width 147: "test test test test test test"
                text run at (37,119) width 222: "test test test test test test test test test"
          RenderTableRow {TR} at (0,1814) size 767x148
            RenderTableCell {TD} at (2,1868) size 36x40 [border: (1px inset #808080)] [r=12 c=0 rs=1 cs=1]
              RenderText {#text} at (13,11) size 10x18
                text run at (13,11) width 10: "L"
            RenderTableCell {TD} at (40,1844) size 427x88 [border: (1px inset #808080)] [r=12 c=1 rs=1 cs=1]
              RenderImage {IMG} at (88,11) size 251x66
            RenderTableCell {TD} at (469,1814) size 296x148 [border: (1px inset #808080)] [r=12 c=2 rs=1 cs=1]
              RenderText {#text} at (12,11) size 272x126
                text run at (12,11) width 272: "test test test test test test test test test test test"
                text run at (12,29) width 101: "test test test test "
                text run at (112,29) width 172: "test test test test test test test"
                text run at (12,47) width 201: "test test test test test test test test "
                text run at (212,47) width 72: "test test test"
                text run at (12,65) width 272: "test test test test test test test test test test test"
                text run at (12,83) width 26: "test "
                text run at (37,83) width 247: "test test test test test test test test test test"
                text run at (12,101) width 126: "test test test test test "
                text run at (137,101) width 147: "test test test test test test"
                text run at (37,119) width 222: "test test test test test test test test test"
          RenderTableRow {TR} at (0,1964) size 767x148
            RenderTableCell {TD} at (2,2018) size 36x40 [border: (1px inset #808080)] [r=13 c=0 rs=1 cs=1]
              RenderText {#text} at (11,11) size 14x18
                text run at (11,11) width 14: "M"
            RenderTableCell {TD} at (40,2005) size 427x66 [border: (1px inset #808080)] [r=13 c=1 rs=1 cs=1]
              RenderImage {IMG} at (163,11) size 101x44
            RenderTableCell {TD} at (469,1964) size 296x148 [border: (1px inset #808080)] [r=13 c=2 rs=1 cs=1]
              RenderText {#text} at (12,11) size 272x126
                text run at (12,11) width 272: "test test test test test test test test test test test"
                text run at (12,29) width 101: "test test test test "
                text run at (112,29) width 172: "test test test test test test test"
                text run at (12,47) width 201: "test test test test test test test test "
                text run at (212,47) width 72: "test test test"
                text run at (12,65) width 272: "test test test test test test test test test test test"
                text run at (12,83) width 26: "test "
                text run at (37,83) width 247: "test test test test test test test test test test"
                text run at (12,101) width 126: "test test test test test "
                text run at (137,101) width 147: "test test test test test test"
                text run at (37,119) width 222: "test test test test test test test test test"
          RenderTableRow {TR} at (0,2114) size 767x148
            RenderTableCell {TD} at (2,2168) size 36x40 [border: (1px inset #808080)] [r=14 c=0 rs=1 cs=1]
              RenderText {#text} at (12,11) size 12x18
                text run at (12,11) width 12: "N"
            RenderTableCell {TD} at (40,2170) size 427x36 [border: (1px inset #808080)] [r=14 c=1 rs=1 cs=1]
              RenderImage {IMG} at (201,11) size 25x13
            RenderTableCell {TD} at (469,2114) size 296x148 [border: (1px inset #808080)] [r=14 c=2 rs=1 cs=1]
              RenderText {#text} at (12,11) size 272x126
                text run at (12,11) width 272: "test test test test test test test test test test test"
                text run at (12,29) width 101: "test test test test "
                text run at (112,29) width 172: "test test test test test test test"
                text run at (12,47) width 201: "test test test test test test test test "
                text run at (212,47) width 72: "test test test"
                text run at (12,65) width 272: "test test test test test test test test test test test"
                text run at (12,83) width 26: "test "
                text run at (37,83) width 247: "test test test test test test test test test test"
                text run at (12,101) width 126: "test test test test test "
                text run at (137,101) width 147: "test test test test test test"
                text run at (37,119) width 222: "test test test test test test test test test"
          RenderTableRow {TR} at (0,2264) size 767x148
            RenderTableCell {TD} at (2,2318) size 36x40 [border: (1px inset #808080)] [r=15 c=0 rs=1 cs=1]
              RenderText {#text} at (12,11) size 12x18
                text run at (12,11) width 12: "O"
            RenderTableCell {TD} at (40,2299) size 427x78 [border: (1px inset #808080)] [r=15 c=1 rs=1 cs=1]
              RenderImage {IMG} at (87,11) size 253x56
            RenderTableCell {TD} at (469,2264) size 296x148 [border: (1px inset #808080)] [r=15 c=2 rs=1 cs=1]
              RenderText {#text} at (12,11) size 272x126
                text run at (12,11) width 272: "test test test test test test test test test test test"
                text run at (12,29) width 101: "test test test test "
                text run at (112,29) width 172: "test test test test test test test"
                text run at (12,47) width 201: "test test test test test test test test "
                text run at (212,47) width 72: "test test test"
                text run at (12,65) width 272: "test test test test test test test test test test test"
                text run at (12,83) width 26: "test "
                text run at (37,83) width 247: "test test test test test test test test test test"
                text run at (12,101) width 126: "test test test test test "
                text run at (137,101) width 147: "test test test test test test"
                text run at (37,119) width 222: "test test test test test test test test test"
          RenderTableRow {TR} at (0,2414) size 767x148
            RenderTableCell {TD} at (2,2468) size 36x40 [border: (1px inset #808080)] [r=16 c=0 rs=1 cs=1]
              RenderText {#text} at (13,11) size 10x18
                text run at (13,11) width 10: "P"
            RenderTableCell {TD} at (40,2436) size 427x104 [border: (1px inset #808080)] [r=16 c=1 rs=1 cs=1]
              RenderImage {IMG} at (134,11) size 159x81
            RenderTableCell {TD} at (469,2414) size 296x148 [border: (1px inset #808080)] [r=16 c=2 rs=1 cs=1]
              RenderText {#text} at (12,11) size 272x126
                text run at (12,11) width 272: "test test test test test test test test test test test"
                text run at (12,29) width 101: "test test test test "
                text run at (112,29) width 172: "test test test test test test test"
                text run at (12,47) width 201: "test test test test test test test test "
                text run at (212,47) width 72: "test test test"
                text run at (12,65) width 272: "test test test test test test test test test test test"
                text run at (12,83) width 26: "test "
                text run at (37,83) width 247: "test test test test test test test test test test"
                text run at (12,101) width 126: "test test test test test "
                text run at (137,101) width 147: "test test test test test test"
                text run at (37,119) width 222: "test test test test test test test test test"
          RenderTableRow {TR} at (0,2564) size 767x148
            RenderTableCell {TD} at (2,2618) size 36x40 [border: (1px inset #808080)] [r=17 c=0 rs=1 cs=1]
              RenderText {#text} at (12,11) size 12x18
                text run at (12,11) width 12: "Q"
            RenderTableCell {TD} at (40,2573) size 427x130 [border: (1px inset #808080)] [r=17 c=1 rs=1 cs=1]
              RenderImage {IMG} at (107,11) size 213x108
            RenderTableCell {TD} at (469,2564) size 296x148 [border: (1px inset #808080)] [r=17 c=2 rs=1 cs=1]
              RenderText {#text} at (12,11) size 272x126
                text run at (12,11) width 272: "test test test test test test test test test test test"
                text run at (12,29) width 101: "test test test test "
                text run at (112,29) width 172: "test test test test test test test"
                text run at (12,47) width 201: "test test test test test test test test "
                text run at (212,47) width 72: "test test test"
                text run at (12,65) width 272: "test test test test test test test test test test test"
                text run at (12,83) width 26: "test "
                text run at (37,83) width 247: "test test test test test test test test test test"
                text run at (12,101) width 126: "test test test test test "
                text run at (137,101) width 147: "test test test test test test"
                text run at (37,119) width 222: "test test test test test test test test test"
          RenderTableRow {TR} at (0,2714) size 767x152
            RenderTableCell {TD} at (2,2770) size 36x40 [border: (1px inset #808080)] [r=18 c=0 rs=1 cs=1]
              RenderText {#text} at (12,11) size 12x18
                text run at (12,11) width 12: "R"
            RenderTableCell {TD} at (40,2714) size 427x152 [border: (1px inset #808080)] [r=18 c=1 rs=1 cs=1]
              RenderImage {IMG} at (41,11) size 345x130
            RenderTableCell {TD} at (469,2716) size 296x148 [border: (1px inset #808080)] [r=18 c=2 rs=1 cs=1]
              RenderText {#text} at (12,11) size 272x126
                text run at (12,11) width 272: "test test test test test test test test test test test"
                text run at (12,29) width 101: "test test test test "
                text run at (112,29) width 172: "test test test test test test test"
                text run at (12,47) width 201: "test test test test test test test test "
                text run at (212,47) width 72: "test test test"
                text run at (12,65) width 272: "test test test test test test test test test test test"
                text run at (12,83) width 26: "test "
                text run at (37,83) width 247: "test test test test test test test test test test"
                text run at (12,101) width 126: "test test test test test "
                text run at (137,101) width 147: "test test test test test test"
                text run at (37,119) width 222: "test test test test test test test test test"
