layer at (0,0) size 800x600
  RenderView at (0,0) size 800x600
layer at (0,0) size 800x600
  RenderBlock {HTML} at (0,0) size 800x600
    RenderBody {BODY} at (8,8) size 784x584 [bgcolor=#FFFFFF]
      RenderTable {TABLE} at (0,0) size 642x180 [border: (1px outset #808080)]
        RenderTableSection {TBODY} at (1,1) size 640x178
          RenderTableRow {TR} at (0,2) size 640x174
            RenderTableCell {TD} at (2,84) size 124x10 [border: (1px inset #808080)] [r=0 c=0 rs=1 cs=1]
              RenderTable {TABLE} at (2,2) size 120x6
                RenderTableSection {TBODY} at (0,0) size 120x6
                  RenderTableRow {TR} at (0,2) size 120x2
                    RenderTableCell {TD} at (2,2) size 116x2 [r=0 c=0 rs=1 cs=1]
            RenderTableCell {TD} at (128,2) size 510x174 [border: (1px inset #808080)] [r=0 c=1 rs=1 cs=1]
              RenderTable {TABLE} at (2,2) size 506x170 [border: (1px outset #808080)]
                RenderTableSection {TBODY} at (1,1) size 504x168
                  RenderTableRow {TR} at (0,2) size 504x164
                    RenderTableCell {TD} at (2,2) size 500x164 [border: (1px inset #808080)] [r=0 c=0 rs=1 cs=1]
                      RenderTable {TABLE} at (2,2) size 496x80
                        RenderTableSection {TBODY} at (0,0) size 496x80
                          RenderTableRow {TR} at (0,10) size 496x60
                            RenderTableCell {TD} at (10,10) size 476x60 [r=0 c=0 rs=1 cs=1]
                              RenderInline {A} at (0,0) size 468x19 [color=#0000EE]
                                RenderImage {IMG} at (0,0) size 468x60
                      RenderBlock (anonymous) at (2,82) size 496x80
                        RenderText {#text} at (0,0) size 496x79
                          text run at (0,0) width 282: "Your donation to protect our wildlife was paid "
                          text run at (282,0) width 214: "for by the sponsors on this page, so"
                          text run at (0,20) width 51: "it's free. "
                          text run at (51,20) width 356: "100% of each donation is distributed through organizations "
                          text run at (407,20) width 80: "working hard"
                          text run at (0,40) width 248: "to protect our wildlife. You can view live "
                          text run at (248,40) width 230: "donation totals in support of this cause"
                          text run at (0,60) width 68: "by clicking."
