layer at (0,0) size 800x600
  RenderView at (0,0) size 800x600
layer at (0,0) size 800x95
  RenderBlock {HTML} at (0,0) size 800x95
    RenderBody {BODY} at (8,19) size 784x68
      RenderBlock {H2} at (0,0) size 784x27
        RenderText {#text} at (0,0) size 203x26
          text run at (0,0) width 203: "table-column-group"
      RenderTable {DIV} at (0,46) size 64x21
        RenderTableCol {DIV} at (0,0) size 0x0
          RenderTableCol {DIV} at (0,0) size 0x0
          RenderTableCol {DIV} at (0,0) size 0x0
        RenderTableSection (anonymous) at (0,0) size 64x20
          RenderTableRow {DIV} at (0,0) size 64x20
            RenderTableCell {DIV} at (0,0) size 32x20 [r=0 c=0 rs=1 cs=1]
              RenderText {#text} at (0,0) size 32x19
                text run at (0,0) width 32: "white"
            RenderTableCell {DIV} at (32,0) size 32x20 [r=0 c=1 rs=1 cs=1]
              RenderText {#text} at (0,0) size 32x19
                text run at (0,0) width 32: "white"
