layer at (0,0) size 800x600
  RenderView at (0,0) size 800x600
layer at (0,0) size 800x600
  RenderBlock {HTML} at (0,0) size 800x600
    RenderBody {BODY} at (8,8) size 784x584 [bgcolor=#FFFFFF]
      RenderTable {TABLE} at (0,0) size 784x112 [border: (1px outset #808080)]
        RenderTableSection {TBODY} at (1,1) size 782x110
          RenderTableRow {TR} at (0,0) size 782x22
            RenderTableCell {TH} at (0,0) size 118x22 [border: (1px inset #808080)] [r=0 c=0 rs=1 cs=1]
              RenderText {#text} at (51,2) size 16x18
                text run at (51,2) width 16: "c1"
            RenderTableCell {TH} at (117,0) size 118x22 [border: (1px inset #808080)] [r=0 c=1 rs=1 cs=1]
              RenderText {#text} at (51,2) size 16x18
                text run at (51,2) width 16: "c2"
            RenderTableCell {TH} at (234,0) size 548x22 [border: (1px inset #808080)] [r=0 c=2 rs=1 cs=1]
              RenderText {#text} at (266,2) size 16x18
                text run at (266,2) width 16: "c4"
          RenderTableRow {TR} at (0,22) size 782x22
            RenderTableCell {TD} at (0,22) size 118x22 [border: (1px inset #808080)] [r=1 c=0 rs=4 cs=1]
              RenderText {#text} at (2,2) size 28x18
                text run at (2,2) width 28: "r1c2"
            RenderTableCell {TD} at (117,22) size 118x22 [border: (1px inset #808080)] [r=1 c=1 rs=2 cs=1]
              RenderText {#text} at (2,2) size 28x18
                text run at (2,2) width 28: "r1c3"
            RenderTableCell {TD} at (234,22) size 548x22 [border: (1px inset #808080)] [r=1 c=2 rs=1 cs=1]
              RenderText {#text} at (2,2) size 28x18
                text run at (2,2) width 28: "r1c4"
          RenderTableRow {TR} at (0,44) size 782x22
            RenderTableCell {TD} at (234,44) size 548x22 [border: (1px inset #808080)] [r=2 c=2 rs=1 cs=1]
              RenderText {#text} at (2,2) size 28x18
                text run at (2,2) width 28: "r2c4"
          RenderTableRow {TR} at (0,66) size 782x22
            RenderTableCell {TD} at (117,77) size 118x22 [border: (1px inset #808080)] [r=3 c=1 rs=2 cs=1]
              RenderText {#text} at (2,2) size 28x18
                text run at (2,2) width 28: "r3c3"
            RenderTableCell {TD} at (234,66) size 548x22 [border: (1px inset #808080)] [r=3 c=2 rs=1 cs=1]
              RenderText {#text} at (2,2) size 28x18
                text run at (2,2) width 28: "r3c4"
          RenderTableRow {TR} at (0,88) size 782x22
            RenderTableCell {TD} at (234,88) size 548x22 [border: (1px inset #808080)] [r=4 c=2 rs=1 cs=1]
              RenderText {#text} at (2,2) size 28x18
                text run at (2,2) width 28: "r4c4"
