layer at (0,0) size 800x600
  RenderView at (0,0) size 800x600
layer at (0,0) size 800x600
  RenderBlock {HTML} at (0,0) size 800x600
    RenderBody {BODY} at (8,8) size 784x584
      RenderTable {TABLE} at (0,0) size 784x584
        RenderTableSection {TBODY} at (0,0) size 784x584
          RenderTableRow {TR} at (0,2) size 784x580
            RenderTableCell {TD} at (2,281) size 780x22 [r=0 c=0 rs=1 cs=1]
              RenderText {#text} at (362,1) size 56x19
                text run at (362,1) width 56: "Centered"
