layer at (0,0) size 800x600
  RenderView at (0,0) size 800x600
layer at (0,0) size 800x136
  RenderBlock {HTML} at (0,0) size 800x136
    RenderBody {BODY} at (0,0) size 800x136
layer at (0,0) size 266x136 clip at (3,3) size 260x130 scrollHeight 144
  RenderBlock {DIV} at (0,0) size 266x136 [border: (3px solid #008000)]
    RenderTable {TABLE} at (16,3) size 64x144
      RenderTableSection {TBODY} at (0,0) size 64x144
        RenderTableRow {TR} at (0,0) size 64x144
          RenderTableCell {TD} at (0,0) size 64x144 [r=0 c=0 rs=1 cs=1]
            RenderText {#text} at (0,-1) size 64x132
              text run at (0,-1) width 64: "This____"
              text run at (0,12) width 64: "text____"
              text run at (0,25) width 64: "should__"
              text run at (0,38) width 64: "be______"
              text run at (0,51) width 64: "wrapped,"
              text run at (0,64) width 64: "one_____"
              text run at (0,77) width 64: "word____"
              text run at (0,90) width 64: "to______"
              text run at (0,103) width 64: "a_______"
              text run at (0,116) width 64: "line.___"
            RenderInline {SPAN} at (0,0) size 56x14 [color=#FFFF00] [bgcolor=#FF0000]
              RenderText {#text} at (0,130) size 56x14
                text run at (0,130) width 56: "_FAIL!__"
            RenderText {#text} at (0,0) size 0x0
