layer at (0,0) size 800x600
  RenderView at (0,0) size 800x600
layer at (0,0) size 800x600
  RenderBlock {HTML} at (0,0) size 800x600
    RenderBody {BODY} at (8,8) size 784x584
      RenderTable {TABLE} at (0,0) size 784x231
        RenderTableSection {TBODY} at (0,0) size 784x231
          RenderTableRow {TR} at (0,2) size 784x227
            RenderTableCell {TD} at (2,2) size 127x227 [r=0 c=0 rs=1 cs=1]
              RenderBlock (floating) {DIV} at (1,1) size 15x100 [bgcolor=#0000FF]
                RenderText {#text} at (0,0) size 4x19
                  text run at (0,0) width 4: " "
              RenderImage {IMG} at (1,101) size 125x125
            RenderTableCell {TD} at (131,104) size 651x23 [r=0 c=1 rs=1 cs=1]
              RenderText {#text} at (1,1) size 4x20
                text run at (1,2) width 4: " "
