layer at (0,0) size 800x600
  RenderView at (0,0) size 800x600
layer at (0,0) size 800x600
  RenderBlock {HTML} at (0,0) size 800x600
    RenderBody {BODY} at (8,8) size 784x584 [bgcolor=#FFFFFF]
      RenderInline {A} at (0,0) size 65x18 [color=#0000EE]
        RenderText {#text} at (0,0) size 65x18
          text run at (0,0) width 65: "Hide Blue"
      RenderText {#text} at (65,0) size 12x18
        text run at (65,0) width 12: "   "
      RenderInline {A} at (0,0) size 71x18 [color=#0000EE]
        RenderText {#text} at (77,0) size 71x18
          text run at (77,0) width 71: "Show Blue"
      RenderText {#text} at (148,0) size 12x18
        text run at (148,0) width 12: "   "
      RenderBR {BR} at (0,0) size 0x0
      RenderText {#text} at (0,18) size 181x18
        text run at (0,18) width 181: "Should not see the blue table"
      RenderBR {BR} at (181,32) size 0x0
      RenderBR {BR} at (0,36) size 0x18
