layer at (0,0) size 785x1507
  RenderView at (0,0) size 785x600
layer at (0,0) size 785x1507
  RenderBlock {HTML} at (0,0) size 785x1507
    RenderBody {BODY} at (8,8) size 769x1491
      RenderTable {TABLE} at (0,0) size 227x497
        RenderTableSection {TBODY} at (0,0) size 227x497
          RenderTableRow {TR} at (0,2) size 227x20
            RenderTableCell {TD} at (2,2) size 223x20 [r=0 c=0 rs=1 cs=1]
              RenderText {#text} at (1,1) size 221x18
                text run at (1,1) width 221: "Occasional height/width on images"
          RenderTableRow {TR} at (0,24) size 227x34
            RenderTableCell {TD} at (2,24) size 223x34 [r=1 c=0 rs=1 cs=1]
              RenderImage {IMG} at (1,1) size 75x32
          RenderTableRow {TR} at (0,60) size 227x24
            RenderTableCell {TD} at (2,60) size 223x24 [r=2 c=0 rs=1 cs=1]
              RenderImage {IMG} at (1,1) size 44x22
          RenderTableRow {TR} at (0,86) size 227x15
            RenderTableCell {TD} at (2,86) size 223x15 [r=3 c=0 rs=1 cs=1]
              RenderImage {IMG} at (1,1) size 89x13
          RenderTableRow {TR} at (0,103) size 227x15
            RenderTableCell {TD} at (2,103) size 223x15 [r=4 c=0 rs=1 cs=1]
              RenderImage {IMG} at (1,1) size 89x13
          RenderTableRow {TR} at (0,120) size 227x31
            RenderTableCell {TD} at (2,120) size 223x31 [r=5 c=0 rs=1 cs=1]
              RenderImage {IMG} at (1,1) size 31x29
          RenderTableRow {TR} at (0,153) size 227x23
            RenderTableCell {TD} at (2,153) size 223x23 [r=6 c=0 rs=1 cs=1]
              RenderImage {IMG} at (1,1) size 62x21
          RenderTableRow {TR} at (0,178) size 227x17
            RenderTableCell {TD} at (2,178) size 223x17 [r=7 c=0 rs=1 cs=1]
              RenderImage {IMG} at (1,1) size 70x15
          RenderTableRow {TR} at (0,197) size 227x28
            RenderTableCell {TD} at (2,197) size 223x28 [r=8 c=0 rs=1 cs=1]
              RenderImage {IMG} at (1,1) size 42x26
          RenderTableRow {TR} at (0,227) size 227x17
            RenderTableCell {TD} at (2,227) size 223x17 [r=9 c=0 rs=1 cs=1]
              RenderImage {IMG} at (1,1) size 84x15
          RenderTableRow {TR} at (0,246) size 227x17
            RenderTableCell {TD} at (2,246) size 223x17 [r=10 c=0 rs=1 cs=1]
              RenderImage {IMG} at (1,1) size 90x15
          RenderTableRow {TR} at (0,265) size 227x34
            RenderTableCell {TD} at (2,265) size 223x34 [r=11 c=0 rs=1 cs=1]
              RenderImage {IMG} at (1,1) size 59x32
          RenderTableRow {TR} at (0,301) size 227x17
            RenderTableCell {TD} at (2,301) size 223x17 [r=12 c=0 rs=1 cs=1]
              RenderImage {IMG} at (1,1) size 90x15
          RenderTableRow {TR} at (0,320) size 227x17
            RenderTableCell {TD} at (2,320) size 223x17 [r=13 c=0 rs=1 cs=1]
              RenderImage {IMG} at (1,1) size 90x15
          RenderTableRow {TR} at (0,339) size 227x21
            RenderTableCell {TD} at (2,339) size 223x21 [r=14 c=0 rs=1 cs=1]
              RenderImage {IMG} at (1,1) size 83x19
          RenderTableRow {TR} at (0,362) size 227x33
            RenderTableCell {TD} at (2,362) size 223x33 [r=15 c=0 rs=1 cs=1]
              RenderImage {IMG} at (1,1) size 54x31
          RenderTableRow {TR} at (0,397) size 227x27
            RenderTableCell {TD} at (2,397) size 223x27 [r=16 c=0 rs=1 cs=1]
              RenderImage {IMG} at (1,1) size 56x25
          RenderTableRow {TR} at (0,426) size 227x17
            RenderTableCell {TD} at (2,426) size 223x17 [r=17 c=0 rs=1 cs=1]
              RenderImage {IMG} at (1,1) size 53x15
          RenderTableRow {TR} at (0,445) size 227x31
            RenderTableCell {TD} at (2,445) size 223x31 [r=18 c=0 rs=1 cs=1]
              RenderImage {IMG} at (1,1) size 31x29
          RenderTableRow {TR} at (0,478) size 227x17
            RenderTableCell {TD} at (2,478) size 223x17 [r=19 c=0 rs=1 cs=1]
              RenderImage {IMG} at (1,1) size 53x15
      RenderTable {TABLE} at (0,497) size 265x497
        RenderTableSection {TBODY} at (0,0) size 265x497
          RenderTableRow {TR} at (0,2) size 265x20
            RenderTableCell {TD} at (2,2) size 261x20 [r=0 c=0 rs=1 cs=1]
              RenderText {#text} at (1,1) size 259x18
                text run at (1,1) width 259: "Images with height/width never specified"
          RenderTableRow {TR} at (0,24) size 265x34
            RenderTableCell {TD} at (2,24) size 261x34 [r=1 c=0 rs=1 cs=1]
              RenderImage {IMG} at (1,1) size 75x32
          RenderTableRow {TR} at (0,60) size 265x24
            RenderTableCell {TD} at (2,60) size 261x24 [r=2 c=0 rs=1 cs=1]
              RenderImage {IMG} at (1,1) size 44x22
          RenderTableRow {TR} at (0,86) size 265x15
            RenderTableCell {TD} at (2,86) size 261x15 [r=3 c=0 rs=1 cs=1]
              RenderImage {IMG} at (1,1) size 89x13
          RenderTableRow {TR} at (0,103) size 265x15
            RenderTableCell {TD} at (2,103) size 261x15 [r=4 c=0 rs=1 cs=1]
              RenderImage {IMG} at (1,1) size 89x13
          RenderTableRow {TR} at (0,120) size 265x31
            RenderTableCell {TD} at (2,120) size 261x31 [r=5 c=0 rs=1 cs=1]
              RenderImage {IMG} at (1,1) size 31x29
          RenderTableRow {TR} at (0,153) size 265x23
            RenderTableCell {TD} at (2,153) size 261x23 [r=6 c=0 rs=1 cs=1]
              RenderImage {IMG} at (1,1) size 62x21
          RenderTableRow {TR} at (0,178) size 265x17
            RenderTableCell {TD} at (2,178) size 261x17 [r=7 c=0 rs=1 cs=1]
              RenderImage {IMG} at (1,1) size 70x15
          RenderTableRow {TR} at (0,197) size 265x28
            RenderTableCell {TD} at (2,197) size 261x28 [r=8 c=0 rs=1 cs=1]
              RenderImage {IMG} at (1,1) size 42x26
          RenderTableRow {TR} at (0,227) size 265x17
            RenderTableCell {TD} at (2,227) size 261x17 [r=9 c=0 rs=1 cs=1]
              RenderImage {IMG} at (1,1) size 84x15
          RenderTableRow {TR} at (0,246) size 265x17
            RenderTableCell {TD} at (2,246) size 261x17 [r=10 c=0 rs=1 cs=1]
              RenderImage {IMG} at (1,1) size 90x15
          RenderTableRow {TR} at (0,265) size 265x34
            RenderTableCell {TD} at (2,265) size 261x34 [r=11 c=0 rs=1 cs=1]
              RenderImage {IMG} at (1,1) size 59x32
          RenderTableRow {TR} at (0,301) size 265x17
            RenderTableCell {TD} at (2,301) size 261x17 [r=12 c=0 rs=1 cs=1]
              RenderImage {IMG} at (1,1) size 90x15
          RenderTableRow {TR} at (0,320) size 265x17
            RenderTableCell {TD} at (2,320) size 261x17 [r=13 c=0 rs=1 cs=1]
              RenderImage {IMG} at (1,1) size 90x15
          RenderTableRow {TR} at (0,339) size 265x21
            RenderTableCell {TD} at (2,339) size 261x21 [r=14 c=0 rs=1 cs=1]
              RenderImage {IMG} at (1,1) size 83x19
          RenderTableRow {TR} at (0,362) size 265x33
            RenderTableCell {TD} at (2,362) size 261x33 [r=15 c=0 rs=1 cs=1]
              RenderImage {IMG} at (1,1) size 54x31
          RenderTableRow {TR} at (0,397) size 265x27
            RenderTableCell {TD} at (2,397) size 261x27 [r=16 c=0 rs=1 cs=1]
              RenderImage {IMG} at (1,1) size 56x25
          RenderTableRow {TR} at (0,426) size 265x17
            RenderTableCell {TD} at (2,426) size 261x17 [r=17 c=0 rs=1 cs=1]
              RenderImage {IMG} at (1,1) size 53x15
          RenderTableRow {TR} at (0,445) size 265x31
            RenderTableCell {TD} at (2,445) size 261x31 [r=18 c=0 rs=1 cs=1]
              RenderImage {IMG} at (1,1) size 31x29
          RenderTableRow {TR} at (0,478) size 265x17
            RenderTableCell {TD} at (2,478) size 261x17 [r=19 c=0 rs=1 cs=1]
              RenderImage {IMG} at (1,1) size 53x15
      RenderTable {TABLE} at (0,994) size 274x497
        RenderTableSection {TBODY} at (0,0) size 274x497
          RenderTableRow {TR} at (0,2) size 274x20
            RenderTableCell {TD} at (2,2) size 270x20 [r=0 c=0 rs=1 cs=1]
              RenderText {#text} at (1,1) size 268x18
                text run at (1,1) width 268: "Images with height/width always specified"
          RenderTableRow {TR} at (0,24) size 274x34
            RenderTableCell {TD} at (2,24) size 270x34 [r=1 c=0 rs=1 cs=1]
              RenderImage {IMG} at (1,1) size 75x32
          RenderTableRow {TR} at (0,60) size 274x24
            RenderTableCell {TD} at (2,60) size 270x24 [r=2 c=0 rs=1 cs=1]
              RenderImage {IMG} at (1,1) size 44x22
          RenderTableRow {TR} at (0,86) size 274x15
            RenderTableCell {TD} at (2,86) size 270x15 [r=3 c=0 rs=1 cs=1]
              RenderImage {IMG} at (1,1) size 89x13
          RenderTableRow {TR} at (0,103) size 274x15
            RenderTableCell {TD} at (2,103) size 270x15 [r=4 c=0 rs=1 cs=1]
              RenderImage {IMG} at (1,1) size 89x13
          RenderTableRow {TR} at (0,120) size 274x31
            RenderTableCell {TD} at (2,120) size 270x31 [r=5 c=0 rs=1 cs=1]
              RenderImage {IMG} at (1,1) size 31x29
          RenderTableRow {TR} at (0,153) size 274x23
            RenderTableCell {TD} at (2,153) size 270x23 [r=6 c=0 rs=1 cs=1]
              RenderImage {IMG} at (1,1) size 62x21
          RenderTableRow {TR} at (0,178) size 274x17
            RenderTableCell {TD} at (2,178) size 270x17 [r=7 c=0 rs=1 cs=1]
              RenderImage {IMG} at (1,1) size 70x15
          RenderTableRow {TR} at (0,197) size 274x28
            RenderTableCell {TD} at (2,197) size 270x28 [r=8 c=0 rs=1 cs=1]
              RenderImage {IMG} at (1,1) size 42x26
          RenderTableRow {TR} at (0,227) size 274x17
            RenderTableCell {TD} at (2,227) size 270x17 [r=9 c=0 rs=1 cs=1]
              RenderImage {IMG} at (1,1) size 84x15
          RenderTableRow {TR} at (0,246) size 274x17
            RenderTableCell {TD} at (2,246) size 270x17 [r=10 c=0 rs=1 cs=1]
              RenderImage {IMG} at (1,1) size 90x15
          RenderTableRow {TR} at (0,265) size 274x34
            RenderTableCell {TD} at (2,265) size 270x34 [r=11 c=0 rs=1 cs=1]
              RenderImage {IMG} at (1,1) size 59x32
          RenderTableRow {TR} at (0,301) size 274x17
            RenderTableCell {TD} at (2,301) size 270x17 [r=12 c=0 rs=1 cs=1]
              RenderImage {IMG} at (1,1) size 90x15
          RenderTableRow {TR} at (0,320) size 274x17
            RenderTableCell {TD} at (2,320) size 270x17 [r=13 c=0 rs=1 cs=1]
              RenderImage {IMG} at (1,1) size 90x15
          RenderTableRow {TR} at (0,339) size 274x21
            RenderTableCell {TD} at (2,339) size 270x21 [r=14 c=0 rs=1 cs=1]
              RenderImage {IMG} at (1,1) size 83x19
          RenderTableRow {TR} at (0,362) size 274x33
            RenderTableCell {TD} at (2,362) size 270x33 [r=15 c=0 rs=1 cs=1]
              RenderImage {IMG} at (1,1) size 54x31
          RenderTableRow {TR} at (0,397) size 274x27
            RenderTableCell {TD} at (2,397) size 270x27 [r=16 c=0 rs=1 cs=1]
              RenderImage {IMG} at (1,1) size 56x25
          RenderTableRow {TR} at (0,426) size 274x17
            RenderTableCell {TD} at (2,426) size 270x17 [r=17 c=0 rs=1 cs=1]
              RenderImage {IMG} at (1,1) size 53x15
          RenderTableRow {TR} at (0,445) size 274x31
            RenderTableCell {TD} at (2,445) size 270x31 [r=18 c=0 rs=1 cs=1]
              RenderImage {IMG} at (1,1) size 31x29
          RenderTableRow {TR} at (0,478) size 274x17
            RenderTableCell {TD} at (2,478) size 270x17 [r=19 c=0 rs=1 cs=1]
              RenderImage {IMG} at (1,1) size 53x15
