layer at (0,0) size 800x600
  RenderView at (0,0) size 800x600
layer at (0,0) size 800x600
  RenderBlock {HTML} at (0,0) size 800x600
    RenderBody {BODY} at (8,8) size 784x584
      RenderBlock {H3} at (0,0) size 784x22
        RenderText {#text} at (0,0) size 200x22
          text run at (0,0) width 200: "With long hidden values"
      RenderTable {TABLE} at (0,40) size 196x70 [border: (1px solid #FF0000)]
        RenderTableSection {TBODY} at (1,1) size 194x67
          RenderTableRow {TR} at (0,2) size 194x61
            RenderTableCell {TD} at (2,2) size 190x61 [r=0 c=0 rs=1 cs=1]
              RenderBlock {FORM} at (1,1) size 188x43
                RenderTextControl {INPUT} at (2,2) size 100x21 [bgcolor=#FFFFFF] [border: (2px inset #000000)]
                RenderText {#text} at (104,3) size 4x18
                  text run at (104,3) width 4: " "
                RenderButton {INPUT} at (110,2) size 39x21 [bgcolor=#F0F0F0] [border: (2px outset #F0F0F0)]
                  RenderBlock (anonymous) at (8,3) size 23x15
                    RenderText at (0,0) size 23x15
                      text run at (0,0) width 23: " Go "
                RenderText {#text} at (151,3) size 4x18
                  text run at (151,3) width 4: " "
                RenderBR {BR} at (155,17) size 0x0
                RenderText {#text} at (0,25) size 188x18
                  text run at (0,25) width 188: "Enter City Name or Zip Code"
          RenderTableRow {TR} at (0,65) size 194x0
      RenderBlock {HR} at (0,117) size 784x3 [border: (1px inset #000000)]
      RenderBlock {H3} at (0,138) size 784x23
        RenderText {#text} at (0,0) size 206x22
          text run at (0,0) width 206: "With short hidden values"
      RenderTable {TABLE} at (0,179) size 196x70 [border: (1px solid #FF0000)]
        RenderTableSection {TBODY} at (1,1) size 194x67
          RenderTableRow {TR} at (0,2) size 194x61
            RenderTableCell {TD} at (2,2) size 190x61 [r=0 c=0 rs=1 cs=1]
              RenderBlock {FORM} at (1,1) size 188x43
                RenderTextControl {INPUT} at (2,2) size 100x21 [bgcolor=#FFFFFF] [border: (2px inset #000000)]
                RenderText {#text} at (104,3) size 4x18
                  text run at (104,3) width 4: " "
                RenderButton {INPUT} at (110,2) size 39x21 [bgcolor=#F0F0F0] [border: (2px outset #F0F0F0)]
                  RenderBlock (anonymous) at (8,3) size 23x15
                    RenderText at (0,0) size 23x15
                      text run at (0,0) width 23: " Go "
                RenderText {#text} at (151,3) size 4x18
                  text run at (151,3) width 4: " "
                RenderBR {BR} at (155,17) size 0x0
                RenderText {#text} at (0,25) size 188x18
                  text run at (0,25) width 188: "Enter City Name or Zip Code"
          RenderTableRow {TR} at (0,65) size 194x0
layer at (16,58) size 96x15
  RenderBlock {DIV} at (2,3) size 96x15
layer at (16,196) size 96x15
  RenderBlock {DIV} at (2,3) size 96x15
