layer at (0,0) size 785x1452
  RenderView at (0,0) size 785x600
layer at (0,0) size 785x1452
  RenderBlock {HTML} at (0,0) size 785x1452
    RenderBody {BODY} at (8,16) size 769x1420
      RenderBlock {P} at (0,0) size 769x54
        RenderText {#text} at (16,0) size 753x53
          text run at (16,0) width 401: "Test rendering of 3 text runs -- TextRun1 TextRun2 TextRun3, "
          text run at (416,0) width 353: "in which TextRun1 and TextRun2's bidi level are 2, and"
          text run at (53,18) width 716: "TextRun3's bidi level is 1. TextRun2 and TextRun3 are siblings. But their ancestor (not their parent) is a sibling of"
          text run at (96,36) width 72: "TextRun1. "
          text run at (167,36) width 602: "The visual order should be TextRun3 TextRun1 TextRun2, not TextRun3 TextRun2 TextRun1."
      RenderBlock {HR} at (0,70) size 769x2 [border: (1px inset #000000)]
      RenderBlock {P} at (0,88) size 769x18
        RenderText {#text} at (310,0) size 459x17
          text run at (310,0) width 342: "Pure text. The following 3 lines should all display as \""
          text run at (651,0) width 25 RTL: "\x{5E9}\x{5E0}\x{5D1}"
          text run at (675,0) width 94: " This is a Test\""
      RenderBlock {DIV} at (0,122) size 769x18 [bgcolor=#FF0000]
        RenderText {#text} at (686,0) size 58x17
          text run at (686,0) width 58: "This is a "
        RenderInline {SPAN} at (0,0) size 111x17
          RenderInline {SPAN} at (0,0) size 111x17
            RenderText {#text} at (682,0) size 87x17
              text run at (682,0) width 5 RTL: " "
              text run at (743,0) width 26: "Test"
            RenderInline {SPAN} at (0,0) size 25x17
              RenderText {#text} at (658,0) size 25x17
                text run at (658,0) width 25 RTL: "\x{5E9}\x{5E0}\x{5D1}"
      RenderBlock {DIV} at (0,140) size 769x18 [bgcolor=#FF0000]
        RenderText {#text} at (686,0) size 58x17
          text run at (686,0) width 58: "This is a "
        RenderInline {SPAN} at (0,0) size 111x17
          RenderInline {SPAN} at (0,0) size 111x17
            RenderInline {SPAN} at (0,0) size 111x17
              RenderText {#text} at (682,0) size 87x17
                text run at (682,0) width 5 RTL: " "
                text run at (743,0) width 26: "Test"
              RenderInline {SPAN} at (0,0) size 25x17
                RenderText {#text} at (658,0) size 25x17
                  text run at (658,0) width 25 RTL: "\x{5E9}\x{5E0}\x{5D1}"
      RenderBlock {DIV} at (0,158) size 769x18
        RenderText {#text} at (686,0) size 58x17
          text run at (686,0) width 58: "This is a "
        RenderInline {SPAN} at (0,0) size 111x17
          RenderText {#text} at (682,0) size 87x17
            text run at (682,0) width 5 RTL: " "
            text run at (743,0) width 26: "Test"
          RenderInline {SPAN} at (0,0) size 25x17
            RenderText {#text} at (658,0) size 25x17
              text run at (658,0) width 25 RTL: "\x{5E9}\x{5E0}\x{5D1}"
      RenderBlock {HR} at (0,184) size 769x2 [border: (1px inset #000000)]
      RenderBlock {P} at (0,202) size 769x18
        RenderText {#text} at (321,0) size 448x17
          text run at (321,0) width 448: "Text in <em>. The English text should be displayed as \"This is a Test\"."
      RenderBlock {DIV} at (0,236) size 769x18 [bgcolor=#FF0000]
        RenderText {#text} at (687,0) size 58x17
          text run at (687,0) width 58: "This is a "
        RenderInline {SPAN} at (0,0) size 82x17
          RenderInline {EM} at (0,0) size 82x17
            RenderInline {SPAN} at (0,0) size 1x17
            RenderText {#text} at (744,0) size 25x17
              text run at (744,0) width 25: "Test"
            RenderInline {SPAN} at (0,0) size 1x17
      RenderBlock {DIV} at (0,254) size 769x18 [bgcolor=#FF0000]
        RenderText {#text} at (687,0) size 58x17
          text run at (687,0) width 58: "This is a "
        RenderInline {SPAN} at (0,0) size 82x17
          RenderInline {EM} at (0,0) size 82x17
            RenderText {#text} at (744,0) size 25x17
              text run at (744,0) width 25: "Test"
            RenderInline {SPAN} at (0,0) size 1x17
      RenderBlock {DIV} at (0,272) size 769x18 [bgcolor=#FF0000]
        RenderText {#text} at (687,0) size 58x17
          text run at (687,0) width 58: "This is a "
        RenderInline {SPAN} at (0,0) size 112x17
          RenderInline {EM} at (0,0) size 112x17
            RenderText {#text} at (683,0) size 86x17
              text run at (683,0) width 5 RTL: " "
              text run at (744,0) width 25: "Test"
            RenderInline {SPAN} at (0,0) size 27x17
              RenderText {#text} at (657,0) size 27x17
                text run at (657,0) width 27 RTL: "\x{5D3}\x{5DE}\x{5D4}"
      RenderBlock {DIV} at (0,290) size 769x18
        RenderText {#text} at (687,0) size 58x17
          text run at (687,0) width 58: "This is a "
        RenderInline {SPAN} at (0,0) size 25x17
          RenderInline {EM} at (0,0) size 25x17
            RenderInline {SPAN} at (0,0) size 1x17
            RenderText {#text} at (744,0) size 25x17
              text run at (744,0) width 25: "Test"
      RenderBlock {DIV} at (0,308) size 769x18
        RenderText {#text} at (687,0) size 58x17
          text run at (687,0) width 58: "This is a "
        RenderInline {SPAN} at (0,0) size 25x17
          RenderInline {EM} at (0,0) size 25x17
            RenderText {#text} at (744,0) size 25x17
              text run at (744,0) width 25: "Test"
      RenderBlock {HR} at (0,334) size 769x2 [border: (1px inset #000000)]
      RenderBlock {P} at (0,352) size 769x18
        RenderText {#text} at (297,0) size 472x17
          text run at (297,0) width 472: "Text in <strong>. The following lines should all display as \"This is a Test\"."
      RenderBlock {DIV} at (0,386) size 769x18 [bgcolor=#FF0000]
        RenderText {#text} at (684,0) size 58x17
          text run at (684,0) width 58: "This is a "
        RenderInline {SPAN} at (0,0) size 85x17
          RenderInline {STRONG} at (0,0) size 85x17
            RenderInline {SPAN} at (0,0) size 1x17
            RenderText {#text} at (741,0) size 28x17
              text run at (741,0) width 28: "Test"
            RenderInline {SPAN} at (0,0) size 1x17
      RenderBlock {DIV} at (0,404) size 769x18 [bgcolor=#FF0000]
        RenderText {#text} at (684,0) size 58x17
          text run at (684,0) width 58: "This is a "
        RenderInline {SPAN} at (0,0) size 85x17
          RenderInline {STRONG} at (0,0) size 85x17
            RenderText {#text} at (741,0) size 28x17
              text run at (741,0) width 28: "Test"
            RenderInline {SPAN} at (0,0) size 1x17
      RenderBlock {DIV} at (0,422) size 769x18
        RenderText {#text} at (684,0) size 58x17
          text run at (684,0) width 58: "This is a "
        RenderInline {SPAN} at (0,0) size 28x17
          RenderInline {STRONG} at (0,0) size 28x17
            RenderInline {SPAN} at (0,0) size 1x17
            RenderText {#text} at (741,0) size 28x17
              text run at (741,0) width 28: "Test"
      RenderBlock {DIV} at (0,440) size 769x18
        RenderText {#text} at (684,0) size 58x17
          text run at (684,0) width 58: "This is a "
        RenderInline {SPAN} at (0,0) size 28x17
          RenderInline {STRONG} at (0,0) size 28x17
            RenderText {#text} at (741,0) size 28x17
              text run at (741,0) width 28: "Test"
      RenderBlock {HR} at (0,466) size 769x2 [border: (1px inset #000000)]
      RenderBlock {P} at (0,484) size 769x18
        RenderText {#text} at (332,0) size 437x17
          text run at (332,0) width 437: "Text in <i>. The following lines should all display as \"This is a Test\"."
      RenderBlock {DIV} at (0,518) size 769x18 [bgcolor=#FF0000]
        RenderText {#text} at (687,0) size 58x17
          text run at (687,0) width 58: "This is a "
        RenderInline {SPAN} at (0,0) size 82x17
          RenderInline {I} at (0,0) size 82x17
            RenderInline {SPAN} at (0,0) size 1x17
            RenderText {#text} at (744,0) size 25x17
              text run at (744,0) width 25: "Test"
            RenderInline {SPAN} at (0,0) size 1x17
      RenderBlock {DIV} at (0,536) size 769x18 [bgcolor=#FF0000]
        RenderText {#text} at (687,0) size 58x17
          text run at (687,0) width 58: "This is a "
        RenderInline {SPAN} at (0,0) size 82x17
          RenderInline {I} at (0,0) size 82x17
            RenderText {#text} at (744,0) size 25x17
              text run at (744,0) width 25: "Test"
            RenderInline {SPAN} at (0,0) size 1x17
      RenderBlock {DIV} at (0,554) size 769x18
        RenderText {#text} at (687,0) size 58x17
          text run at (687,0) width 58: "This is a "
        RenderInline {SPAN} at (0,0) size 25x17
          RenderInline {I} at (0,0) size 25x17
            RenderInline {SPAN} at (0,0) size 1x17
            RenderText {#text} at (744,0) size 25x17
              text run at (744,0) width 25: "Test"
      RenderBlock {DIV} at (0,572) size 769x18
        RenderText {#text} at (687,0) size 58x17
          text run at (687,0) width 58: "This is a "
        RenderInline {SPAN} at (0,0) size 25x17
          RenderInline {I} at (0,0) size 25x17
            RenderText {#text} at (744,0) size 25x17
              text run at (744,0) width 25: "Test"
      RenderBlock {HR} at (0,598) size 769x2 [border: (1px inset #000000)]
      RenderBlock {P} at (0,616) size 769x18
        RenderText {#text} at (328,0) size 441x17
          text run at (328,0) width 441: "Text in <b>. The following lines should all display as \"This is a Test\"."
      RenderBlock {DIV} at (0,650) size 769x18 [bgcolor=#FF0000]
        RenderText {#text} at (684,0) size 58x17
          text run at (684,0) width 58: "This is a "
        RenderInline {SPAN} at (0,0) size 85x17
          RenderInline {B} at (0,0) size 85x17
            RenderInline {SPAN} at (0,0) size 1x17
            RenderText {#text} at (741,0) size 28x17
              text run at (741,0) width 28: "Test"
            RenderInline {SPAN} at (0,0) size 1x17
      RenderBlock {DIV} at (0,668) size 769x18 [bgcolor=#FF0000]
        RenderText {#text} at (684,0) size 58x17
          text run at (684,0) width 58: "This is a "
        RenderInline {SPAN} at (0,0) size 85x17
          RenderInline {B} at (0,0) size 85x17
            RenderText {#text} at (741,0) size 28x17
              text run at (741,0) width 28: "Test"
            RenderInline {SPAN} at (0,0) size 1x17
      RenderBlock {DIV} at (0,686) size 769x18
        RenderText {#text} at (684,0) size 58x17
          text run at (684,0) width 58: "This is a "
        RenderInline {SPAN} at (0,0) size 28x17
          RenderInline {B} at (0,0) size 28x17
            RenderInline {SPAN} at (0,0) size 1x17
            RenderText {#text} at (741,0) size 28x17
              text run at (741,0) width 28: "Test"
      RenderBlock {DIV} at (0,704) size 769x18
        RenderText {#text} at (684,0) size 58x17
          text run at (684,0) width 58: "This is a "
        RenderInline {SPAN} at (0,0) size 28x17
          RenderInline {B} at (0,0) size 28x17
            RenderText {#text} at (741,0) size 28x17
              text run at (741,0) width 28: "Test"
      RenderBlock (anonymous) at (0,722) size 769x0
        RenderInline {B} at (0,0) size 0x0
          RenderText {#text} at (0,0) size 0x0
      RenderBlock (anonymous) at (0,730) size 769x690
        RenderBlock {HR} at (0,0) size 769x2 [border: (1px inset #000000)]
        RenderBlock {P} at (0,18) size 769x18
          RenderText {#text} at (100,0) size 669x17
            text run at (100,0) width 669: "Text in <img>, <href>, <em>, <tr>. The following English text should all display as \"This is a Test\"."
        RenderBlock {DIV} at (0,52) size 769x24 [bgcolor=#FF0000]
          RenderText {#text} at (681,6) size 61x17
            text run at (681,6) width 61: "This is a "
          RenderInline {SPAN} at (0,0) size 108x17
            RenderInline {A} at (0,0) size 108x17 [color=#551A8B]
              RenderText {#text} at (741,6) size 28x17
                text run at (741,6) width 28: "Test"
              RenderInline {SPAN} at (0,0) size 21x17
                RenderImage {IMG} at (661,0) size 21x20
        RenderBlock {DIV} at (0,76) size 769x18 [bgcolor=#FF0000]
          RenderText {#text} at (681,0) size 61x17
            text run at (681,0) width 61: "This is a "
          RenderInline {SPAN} at (0,0) size 116x17
            RenderInline {A} at (0,0) size 116x17 [color=#551A8B]
              RenderText {#text} at (677,0) size 92x17
                text run at (677,0) width 5 RTL: " "
                text run at (741,0) width 28: "Test"
              RenderInline {SPAN} at (0,0) size 25x17
                RenderText {#text} at (653,0) size 25x17
                  text run at (653,0) width 25 RTL: "\x{5E9}\x{5E0}\x{5D1}"
        RenderBlock {DIV} at (0,94) size 769x18 [bgcolor=#FF0000]
          RenderText {#text} at (683,0) size 61x17
            text run at (683,0) width 61: "This is a "
          RenderInline {SPAN} at (0,0) size 86x17
            RenderInline {EM} at (0,0) size 86x17
              RenderText {#text} at (743,0) size 26x17
                text run at (743,0) width 26: "Test"
              RenderInline {A} at (0,0) size 1x17 [color=#551A8B]
        RenderBlock {DIV} at (0,112) size 769x24 [bgcolor=#FF0000]
          RenderText {#text} at (683,6) size 61x17
            text run at (683,6) width 61: "This is a "
          RenderInline {SPAN} at (0,0) size 106x17
            RenderInline {EM} at (0,0) size 106x17
              RenderText {#text} at (743,6) size 26x17
                text run at (743,6) width 26: "Test"
              RenderInline {SPAN} at (0,0) size 21x17
                RenderImage {IMG} at (663,0) size 21x20
        RenderBlock {DIV} at (0,136) size 769x18
          RenderText {#text} at (640,0) size 61x17
            text run at (640,0) width 61: "This is a "
          RenderInline {SPAN} at (0,0) size 69x17
            RenderInline {A} at (0,0) size 69x17 [color=#551A8B]
              RenderText {#text} at (700,0) size 32x17
                text run at (700,0) width 32: "Test "
              RenderInline {SPAN} at (0,0) size 37x17
                RenderText {#text} at (732,0) size 37x17
                  text run at (732,0) width 37: "again"
        RenderBlock {DIV} at (0,154) size 769x42
          RenderBlock (anonymous) at (0,0) size 769x18
            RenderText {#text} at (683,0) size 61x17
              text run at (683,0) width 61: "This is a "
            RenderInline {SPAN} at (0,0) size 26x17
              RenderInline {EM} at (0,0) size 26x17
                RenderText {#text} at (743,0) size 26x17
                  text run at (743,0) width 26: "Test"
          RenderBlock (anonymous) at (0,18) size 769x24
            RenderTable {TABLE} at (755,0) size 14x24
              RenderTableSection {TBODY} at (0,0) size 14x24
                RenderTableRow {TR} at (0,2) size 14x20
                  RenderTableCell {TD} at (2,2) size 10x20 [r=0 c=0 rs=1 cs=1]
                    RenderText {#text} at (1,1) size 8x17
                      text run at (1,1) width 8: "a"
          RenderBlock (anonymous) at (0,42) size 769x0
            RenderInline {SPAN} at (0,0) size 0x0
              RenderInline {EM} at (0,0) size 0x0
        RenderBlock {HR} at (0,204) size 769x2 [border: (1px inset #000000)]
        RenderBlock {UL} at (0,222) size 769x468
          RenderListItem {LI} at (40,0) size 729x18
            RenderListMarker at (-17,0) size 7x17: bullet
            RenderText {#text} at (0,0) size 109x17
              text run at (0,0) width 109: "Test 0: : Success"
          RenderListItem {LI} at (40,18) size 729x18
            RenderListMarker at (-17,0) size 7x17: bullet
            RenderText {#text} at (0,0) size 109x17
              text run at (0,0) width 109: "Test 1: : Success"
          RenderListItem {LI} at (40,36) size 729x18
            RenderListMarker at (-17,0) size 7x17: bullet
            RenderText {#text} at (0,0) size 109x17
              text run at (0,0) width 109: "Test 2: : Success"
          RenderListItem {LI} at (40,54) size 729x18
            RenderListMarker at (-17,0) size 7x17: bullet
            RenderText {#text} at (0,0) size 109x17
              text run at (0,0) width 109: "Test 3: : Success"
          RenderListItem {LI} at (40,72) size 729x18
            RenderListMarker at (-17,0) size 7x17: bullet
            RenderText {#text} at (0,0) size 109x17
              text run at (0,0) width 109: "Test 4: : Success"
          RenderListItem {LI} at (40,90) size 729x18
            RenderListMarker at (-17,0) size 7x17: bullet
            RenderText {#text} at (0,0) size 109x17
              text run at (0,0) width 109: "Test 5: : Success"
          RenderListItem {LI} at (40,108) size 729x18
            RenderListMarker at (-17,0) size 7x17: bullet
            RenderText {#text} at (0,0) size 109x17
              text run at (0,0) width 109: "Test 6: : Success"
          RenderListItem {LI} at (40,126) size 729x18
            RenderListMarker at (-17,0) size 7x17: bullet
            RenderText {#text} at (0,0) size 109x17
              text run at (0,0) width 109: "Test 7: : Success"
          RenderListItem {LI} at (40,144) size 729x18
            RenderListMarker at (-17,0) size 7x17: bullet
            RenderText {#text} at (0,0) size 109x17
              text run at (0,0) width 109: "Test 8: : Success"
          RenderListItem {LI} at (40,162) size 729x18
            RenderListMarker at (-17,0) size 7x17: bullet
            RenderText {#text} at (0,0) size 109x17
              text run at (0,0) width 109: "Test 9: : Success"
          RenderListItem {LI} at (40,180) size 729x18
            RenderListMarker at (-17,0) size 7x17: bullet
            RenderText {#text} at (0,0) size 117x17
              text run at (0,0) width 117: "Test 10: : Success"
          RenderListItem {LI} at (40,198) size 729x18
            RenderListMarker at (-17,0) size 7x17: bullet
            RenderText {#text} at (0,0) size 116x17
              text run at (0,0) width 116: "Test 11: : Success"
          RenderListItem {LI} at (40,216) size 729x18
            RenderListMarker at (-17,0) size 7x17: bullet
            RenderText {#text} at (0,0) size 117x17
              text run at (0,0) width 117: "Test 12: : Success"
          RenderListItem {LI} at (40,234) size 729x18
            RenderListMarker at (-17,0) size 7x17: bullet
            RenderText {#text} at (0,0) size 117x17
              text run at (0,0) width 117: "Test 13: : Success"
          RenderListItem {LI} at (40,252) size 729x18
            RenderListMarker at (-17,0) size 7x17: bullet
            RenderText {#text} at (0,0) size 117x17
              text run at (0,0) width 117: "Test 14: : Success"
          RenderListItem {LI} at (40,270) size 729x18
            RenderListMarker at (-17,0) size 7x17: bullet
            RenderText {#text} at (0,0) size 117x17
              text run at (0,0) width 117: "Test 15: : Success"
          RenderListItem {LI} at (40,288) size 729x18
            RenderListMarker at (-17,0) size 7x17: bullet
            RenderText {#text} at (0,0) size 117x17
              text run at (0,0) width 117: "Test 16: : Success"
          RenderListItem {LI} at (40,306) size 729x18
            RenderListMarker at (-17,0) size 7x17: bullet
            RenderText {#text} at (0,0) size 117x17
              text run at (0,0) width 117: "Test 17: : Success"
          RenderListItem {LI} at (40,324) size 729x18
            RenderListMarker at (-17,0) size 7x17: bullet
            RenderText {#text} at (0,0) size 117x17
              text run at (0,0) width 117: "Test 18: : Success"
          RenderListItem {LI} at (40,342) size 729x18
            RenderListMarker at (-17,0) size 7x17: bullet
            RenderText {#text} at (0,0) size 117x17
              text run at (0,0) width 117: "Test 19: : Success"
          RenderListItem {LI} at (40,360) size 729x18
            RenderListMarker at (-17,0) size 7x17: bullet
            RenderText {#text} at (0,0) size 117x17
              text run at (0,0) width 117: "Test 20: : Success"
          RenderListItem {LI} at (40,378) size 729x18
            RenderListMarker at (-17,0) size 7x17: bullet
            RenderText {#text} at (0,0) size 117x17
              text run at (0,0) width 117: "Test 21: : Success"
          RenderListItem {LI} at (40,396) size 729x18
            RenderListMarker at (-17,0) size 7x17: bullet
            RenderText {#text} at (0,0) size 117x17
              text run at (0,0) width 117: "Test 22: : Success"
          RenderListItem {LI} at (40,414) size 729x18
            RenderListMarker at (-17,0) size 7x17: bullet
            RenderText {#text} at (0,0) size 117x17
              text run at (0,0) width 117: "Test 23: : Success"
          RenderListItem {LI} at (40,432) size 729x18
            RenderListMarker at (-17,0) size 7x17: bullet
            RenderText {#text} at (0,0) size 117x17
              text run at (0,0) width 117: "Test 24: : Success"
          RenderListItem {LI} at (40,450) size 729x18
            RenderListMarker at (-17,0) size 7x17: bullet
            RenderText {#text} at (0,0) size 117x17
              text run at (0,0) width 117: "Test 25: : Success"
      RenderBlock (anonymous) at (0,1436) size 769x0
        RenderInline {B} at (0,0) size 0x0
selection start: position 0 of child 0 {#text} of child 14 {DIV} of child 56 {B} of body
selection end:   position 4 of child 0 {#text} of child 14 {DIV} of child 56 {B} of body
