layer at (0,0) size 800x600
  RenderView at (0,0) size 800x600
layer at (0,433) size 800x167
  RenderBlock {HTML} at (0,0) size 800x167
    RenderBody {BODY} at (8,8) size 784x151
      RenderText {#text} at (0,1) size 391x40
        text run at (0,1) width 391: "This is the first line of text."
      RenderBR {BR} at (391,1) size 0x40
      RenderImage {IMG} at (0,50) size 20x50 [bgcolor=#008000]
      RenderText {#text} at (20,42) size 379x40
        text run at (20,42) width 379: " This is the second line of "
      RenderImage {IMG} at (399,50) size 20x100 [bgcolor=#800080]
      RenderText {#text} at (419,42) size 72x40
        text run at (419,42) width 72: " text."
caret: position 1 of child 0 {#text} of body
