layer at (0,0) size 800x600
  RenderView at (0,0) size 800x600
layer at (548,0) size 252x600
  RenderBlock {HTML} at (0,0) size 252x600
    RenderBody {BODY} at (24,8) size 204x584
      RenderBlock {P} at (0,0) size 110x584
        RenderInline {SPAN} at (0,0) size 26x102
          RenderText {#text} at (15,0) size 26x102
            text run at (15,0) width 102: "\x{7B2C}\x{4E00}\x{6BB5}\x{843D} "
        RenderInline {SPAN} at (0,0) size 108x461
          RenderText {#text} at (1,102) size 53x329
            text run at (1,102) width 329: "PARAGRAPH 1"
          RenderBR {BR} at (1,431) size 53x0
          RenderText {#text} at (56,0) size 53x297
            text run at (56,0) width 297: "MORE TEXT. "
          RenderInline {SPAN} at (0,0) size 14x164
            RenderText {#text} at (76,297) size 14x164
              text run at (76,297) width 164: "SHOULD NOT BE CENTERED."
          RenderText {#text} at (0,0) size 0x0
      RenderBlock {P} at (134,0) size 70x584
        RenderInline {SPAN} at (0,0) size 26x473
          RenderText {#text} at (22,0) size 26x102
            text run at (22,0) width 102: "\x{7B2C}\x{4E8C}\x{6BB5}\x{843D} "
          RenderInline {SPAN} at (0,0) size 53x371
            RenderText {#text} at (8,102) size 53x341
              text run at (8,102) width 341: "PARAGRAPH 2 "
            RenderImage {IMG} at (0,443) size 70x30 [bgcolor=#008000]
            RenderText {#text} at (0,0) size 0x0
