layer at (0,0) size 800x600
  RenderView at (0,0) size 800x600
layer at (0,0) size 800x600
  RenderBlock {HTML} at (0,0) size 800x600
    RenderBody {BODY} at (8,8) size 784x584
      RenderText {#text} at (0,1) size 747x73
        text run at (0,1) width 747: "This is just a minimal page that we navigate in response to"
        text run at (0,38) width 211: "an HTTP POST."
      RenderBR {BR} at (210,38) size 1x35
      RenderBR {BR} at (0,75) size 0x35
      RenderText {#text} at (0,112) size 763x110
        text run at (0,112) width 743: "If the next line is empty after the colon, it probably means"
        text run at (0,149) width 178: "that we made "
        text run at (178,149) width 585: "a mistake and requested this page with a GET"
        text run at (0,186) width 426: "with no query instead of a POST."
      RenderBR {BR} at (425,186) size 1x35
      RenderBR {BR} at (0,223) size 0x35
      RenderText {#text} at (0,260) size 701x36
        text run at (0,260) width 701: "The first text field contained: New form text from user"
      RenderBR {BR} at (701,260) size 0x35
      RenderText {#text} at (0,297) size 574x36
        text run at (0,297) width 574: "This page was requested with an HTTP GET"

============== Back Forward List ==============
        http://127.0.0.1:8000/navigation/postredirect-goback1.html  **nav target**
        http://127.0.0.1:8000/navigation/resources/success200.html  **nav target**
curr->  http://127.0.0.1:8000/navigation/resources/postresult.pl?submitwithpostredirect=Submit%20with%20POST%20followed%20by%20a%20redirect&textfield1=New%20form%20text%20from%20user&textfield2=&radiogroup1=female&checkbox2=on&selectgroup1=fiat&textarea1=More%20new%20form%20text%20from%20user%2C%20which%20should%20be%20restored%20when%20we%20return%20to%20this%20page.&redirectHappened=true  **nav target**
        http://127.0.0.1:8000/navigation/resources/otherpage.html  **nav target**
===============================================
