layer at (0,0) size 5000x585
  RenderView at (0,0) size 800x585
layer at (0,0) size 800x18
  RenderBlock {HTML} at (0,0) size 800x18
    RenderBody {BODY} at (0,0) size 5000x18
      RenderText {#text} at (0,0) size 3017x18
        text run at (0,0) width 3017: "aaaaaaaaaaaaaaaaaaaaaaaaaaaaaaaaaaaaaaaaaaaaaaaaaaaaaaaaaaaaaaaaaaaaaaaaaaaaaaaaaaaaaaaaaaaaaaaaaaaaaaaaaaaaaaaaaaaaaaaaaaaaaaaaaaaaaaaaaaaaaaaaaaaaaaaaaaaaaaaaaaaaaaaaaaaaaaaaaaaaaaaaaaaaaaaaaaaaaaaaaaaaaaaaaaaaaaaaaaaaaaaaaaaaaaaaaaaaaaaaaaaaaaaaaaaaaaaaaaaaaaaaaaaaaaaaaaaaaaaaaaaaaaaaaaaaaaaaaaaaaaaaaaaaaaaaaaaaaaaaaaaaaaaaaaaaaaaaaaaaaaaaaaaaaaaaaaaaaaaaaaaaaaaaaaaaaaaaaaaaaaaaaaaaaaaaaaaaaaaaaaaaaaaaaaaaaaaaaaaaaaaaaaaaaaa"
      RenderText {#text} at (0,0) size 0x0
layer at (600,28) size 500x200
  RenderBlock (positioned) {DIV} at (600,28) size 500x200
    RenderBlock {DIV} at (0,0) size 800x200
layer at (600,28) size 400x200
  RenderBlock (sticky positioned) {DIV} at (0,0) size 400x200 [bgcolor=#008000]
layer at (600,28) size 150x150
  RenderBlock (sticky positioned) {DIV} at (125,0) size 150x150 [bgcolor=#0000FF]
scrolled to 100,0
