layer at (0,0) size 800x600
  RenderView at (0,0) size 800x600
layer at (0,0) size 800x600
  RenderBlock {HTML} at (0,0) size 800x600
    RenderBody {BODY} at (8,8) size 784x584
      RenderBlock {P} at (0,0) size 784x36
        RenderText {#text} at (0,0) size 54x18
          text run at (0,0) width 54: "Test for "
        RenderInline {I} at (0,0) size 784x36
          RenderInline {A} at (0,0) size 305x18 [color=#0000EE]
            RenderText {#text} at (53,0) size 305x18
              text run at (53,0) width 305: "http://bugs.webkit.org/show_bug.cgi?id=13759"
          RenderText {#text} at (357,0) size 784x36
            text run at (357,0) width 5: " "
            text run at (361,0) width 423: "REGRESSION (r20182-r20184): Incorrect rendering of multipart"
            text run at (0,18) width 46: "images"
        RenderText {#text} at (45,18) size 5x18
          text run at (45,18) width 5: "."
      RenderBlock {P} at (0,52) size 784x18
        RenderText {#text} at (0,0) size 246x18
          text run at (0,0) width 246: "There should be a green square below."
      RenderBlock (anonymous) at (0,86) size 784x124
        RenderIFrame {IFRAME} at (0,0) size 124x124 [border: (2px inset #000000)]
          layer at (0,0) size 120x120
            RenderView at (0,0) size 120x120
          layer at (0,0) size 120x120
            RenderBlock {HTML} at (0,0) size 120x120
              RenderBody {BODY} at (0,0) size 120x120
                RenderImage {IMG} at (0,0) size 100x100
        RenderText {#text} at (0,0) size 0x0
