layer at (0,0) size 785x627
  RenderView at (0,0) size 785x600
layer at (0,0) size 785x627
  RenderBlock {HTML} at (0,0) size 785x627
    RenderBody {BODY} at (8,8) size 769x611 [bgcolor=#CCCCCC]
      RenderBlock {P} at (0,0) size 769x18
        RenderText {#text} at (0,0) size 355x17
          text run at (0,0) width 355: "The style declarations which apply to the text below are:"
      RenderBlock {PRE} at (0,34) size 769x120
        RenderText {#text} at (0,0) size 272x120
          text run at (0,0) width 160: "#one {color: green;}"
          text run at (160,0) width 0: " "
          text run at (0,15) width 152: "#a1 {color: green;}"
          text run at (152,15) width 0: " "
          text run at (0,30) width 224: "P#two, P#two2 {color: blue;}"
          text run at (224,30) width 0: " "
          text run at (0,45) width 272: "P#three, P#three2 {color: purple;}"
          text run at (272,45) width 0: " "
          text run at (0,60) width 168: "#four {color: green;}"
          text run at (168,60) width 0: " "
          text run at (0,75) width 152: "#a2 {color: green;}"
          text run at (152,75) width 0: " "
          text run at (0,90) width 240: "P#five, P#five2 {color: blue;}"
          text run at (240,90) width 0: " "
          text run at (0,105) width 240: "P#six, P#six2 {color: purple;}"
      RenderBlock {P} at (0,185) size 769x18 [color=#008000]
        RenderText {#text} at (0,0) size 194x17
          text run at (0,0) width 194: "This sentence should be green."
      RenderBlock {P} at (0,219) size 769x18 [color=#008000]
        RenderText {#text} at (0,0) size 194x17
          text run at (0,0) width 194: "This sentence should be green."
      RenderBlock {P} at (0,253) size 769x18 [color=#0000FF]
        RenderText {#text} at (0,0) size 200x17
          text run at (0,0) width 200: "This paragraph should be blue ["
        RenderInline {TT} at (200,3) size 64x15
          RenderText {#text} at (200,3) size 64x15
            text run at (200,3) width 64: "ID=\"two\""
        RenderText {#text} at (264,0) size 9x17
          text run at (264,0) width 9: "]."
      RenderBlock {PRE} at (0,287) size 769x15
        RenderText {#text} at (0,0) size 392x15
          text run at (0,0) width 392: "This sentence should NOT be blue [PRE ID=\"two2\"]."
          text run at (392,0) width 0: " "
      RenderBlock {PRE} at (0,315) size 769x15
        RenderText {#text} at (0,0) size 472x15
          text run at (0,0) width 472: "This sentence should be black, not purple [PRE ID=\"three\"]."
          text run at (472,0) width 0: " "
      RenderBlock {UL} at (0,346) size 769x18
        RenderListItem {LI} at (40,0) size 729x18
          RenderListMarker at (-17,0) size 7x17: bullet
          RenderText {#text} at (0,0) size 237x17
            text run at (0,0) width 237: "This sentence should NOT be purple."
      RenderTable {TABLE} at (0,380) size 422x231 [border: (1px outset #808080)]
        RenderTableSection {TBODY} at (1,1) size 420x229
          RenderTableRow {TR} at (0,0) size 420x26
            RenderTableCell {TD} at (0,0) size 420x26 [bgcolor=#C0C0C0] [border: (1px inset #808080)] [r=0 c=0 rs=1 cs=2]
              RenderInline {STRONG} at (4,4) size 161x17
                RenderText {#text} at (4,4) size 161x17
                  text run at (4,4) width 161: "TABLE Testing Section"
          RenderTableRow {TR} at (0,26) size 420x203
            RenderTableCell {TD} at (0,114) size 12x27 [bgcolor=#C0C0C0] [border: (1px inset #808080)] [r=1 c=0 rs=1 cs=1]
              RenderText {#text} at (4,92) size 4x18
                text run at (4,4) width 4: " "
            RenderTableCell {TD} at (12,26) size 408x203 [border: (1px inset #808080)] [r=1 c=1 rs=1 cs=1]
              RenderBlock {P} at (4,4) size 400x18 [color=#008000]
                RenderText {#text} at (0,0) size 194x17
                  text run at (0,0) width 194: "This sentence should be green."
              RenderBlock {P} at (4,38) size 400x18 [color=#008000]
                RenderText {#text} at (0,0) size 194x17
                  text run at (0,0) width 194: "This sentence should be green."
              RenderBlock {P} at (4,72) size 400x18 [color=#0000FF]
                RenderText {#text} at (0,0) size 200x17
                  text run at (0,0) width 200: "This paragraph should be blue ["
                RenderInline {TT} at (200,3) size 72x15
                  RenderText {#text} at (200,3) size 72x15
                    text run at (200,3) width 72: "ID=\"five\""
                RenderText {#text} at (272,0) size 9x17
                  text run at (272,0) width 9: "]."
              RenderBlock {PRE} at (4,106) size 400x15
                RenderText {#text} at (0,0) size 400x15
                  text run at (0,0) width 400: "This sentence should NOT be blue [PRE ID=\"five2\"]."
                  text run at (400,0) width 0: " "
              RenderBlock {PRE} at (4,134) size 400x15
                RenderText {#text} at (0,0) size 360x15
                  text run at (0,0) width 360: "This sentence should be black [PRE ID=\"six\"]."
                  text run at (360,0) width 0: " "
              RenderBlock {UL} at (4,165) size 400x18
                RenderListItem {LI} at (40,0) size 360x18
                  RenderListMarker at (-17,0) size 7x17: bullet
                  RenderText {#text} at (0,0) size 237x17
                    text run at (0,0) width 237: "This sentence should NOT be purple."
layer at (8,175) size 769x2 clip at (0,0) size 0x0
  RenderBlock {HR} at (0,167) size 769x2 [color=#808080] [border: (1px inset #808080)]
