layer at (0,0) size 800x600
  RenderView at (0,0) size 800x600
layer at (0,0) size 800x100
  RenderBlock {HTML} at (0,0) size 800x100
    RenderBody {BODY} at (8,16) size 784x76
      RenderBlock {P} at (0,0) size 784x20
        RenderText {#text} at (0,0) size 292x19
          text run at (0,0) width 292: "The following two lines should look the same:"
      RenderBlock {DIV} at (0,36) size 784x20
        RenderInline {SPAN} at (0,0) size 3x19
          RenderInline (generated) at (0,0) size 3x19
            RenderCounter at (0,0) size 3x19
              text run at (0,0) width 3: "i"
        RenderText {#text} at (3,0) size 4x19
          text run at (3,0) width 4: " "
        RenderInline {SPAN} at (0,0) size 8x19
          RenderInline (generated) at (0,0) size 8x19
            RenderCounter at (7,0) size 8x19
              text run at (7,0) width 8: "ii"
        RenderText {#text} at (15,0) size 4x19
          text run at (15,0) width 4: " "
        RenderInline {SPAN} at (0,0) size 12x19
          RenderInline (generated) at (0,0) size 12x19
            RenderCounter at (19,0) size 12x19
              text run at (19,0) width 12: "iii"
        RenderText {#text} at (31,0) size 4x19
          text run at (31,0) width 4: " "
        RenderInline {SPAN} at (0,0) size 12x19
          RenderInline (generated) at (0,0) size 12x19
            RenderCounter at (35,0) size 12x19
              text run at (35,0) width 12: "iv"
        RenderText {#text} at (0,0) size 0x0
      RenderBlock {DIV} at (0,56) size 784x20
        RenderText {#text} at (0,0) size 47x19
          text run at (0,0) width 7: "i "
          text run at (7,0) width 12: "ii "
          text run at (19,0) width 16: "iii "
          text run at (35,0) width 12: "iv"
