layer at (0,0) size 800x600
  RenderView at (0,0) size 800x600
layer at (0,0) size 800x100
  RenderBlock {HTML} at (0,0) size 800x100
    RenderBody {BODY} at (8,16) size 784x76
      RenderBlock {P} at (0,0) size 784x20
        RenderText {#text} at (0,0) size 272x19
          text run at (0,0) width 272: "The following two lines should look the same:"
      RenderBlock {DIV} at (0,36) size 784x20
        RenderInline {SPAN} at (0,0) size 6x19
          RenderInline (generated) at (0,0) size 6x19
            RenderCounter at (0,0) size 6x19
              text run at (0,0) width 6: "\x{2022}"
      RenderBlock {DIV} at (0,56) size 784x20
        RenderText {#text} at (0,0) size 6x19
          text run at (0,0) width 6: "\x{2022}"
