EDITING DELEGATE: shouldBeginEditingInDOMRange:range from 0 of DIV > CENTER > BODY > HTML > #document to 6 of DIV > CENTER > BODY > HTML > #document
EDITING DELEGATE: webViewDidBeginEditing:WebViewDidBeginEditingNotification
EDITING DELEGATE: webViewDidChangeSelection:WebViewDidChangeSelectionNotification
EDITING DELEGATE: webViewDidChangeSelection:WebViewDidChangeSelectionNotification
EDITING DELEGATE: webViewDidChangeSelection:WebViewDidChangeSelectionNotification
EDITING DELEGATE: webViewDidChangeSelection:WebViewDidChangeSelectionNotification
EDITING DELEGATE: webViewDidChangeSelection:WebViewDidChangeSelectionNotification
EDITING DELEGATE: webViewDidChangeSelection:WebViewDidChangeSelectionNotification
EDITING DELEGATE: webViewDidChangeSelection:WebViewDidChangeSelectionNotification
EDITING DELEGATE: webViewDidChangeSelection:WebViewDidChangeSelectionNotification
EDITING DELEGATE: webViewDidChangeSelection:WebViewDidChangeSelectionNotification
layer at (0,0) size 800x600
  RenderView at (0,0) size 800x600
layer at (0,0) size 800x600
  RenderBlock {HTML} at (0,0) size 800x600
    RenderBody {BODY} at (8,3) size 784x581 [bgcolor=#FFFFFF]
      RenderBlock {CENTER} at (0,0) size 784x274
        RenderTable {TABLE} at (0,0) size 784x20
          RenderTableSection {TBODY} at (0,0) size 784x20
            RenderTableRow {TR} at (0,0) size 784x16
              RenderTableCell {TD} at (0,0) size 784x16 [r=0 c=0 rs=1 cs=1]
                RenderInline {FONT} at (0,0) size 104x15
                  RenderInline {A} at (0,0) size 104x15 [color=#0000CC]
                    RenderText {#text} at (680,0) size 104x15
                      text run at (680,0) width 104: "Personalized Home"
            RenderTableRow {TR} at (0,16) size 784x4
              RenderTableCell {TD} at (0,17) size 784x2 [r=1 c=0 rs=1 cs=1]
                RenderImage {IMG} at (0,0) size 1x1
        RenderBlock (anonymous) at (0,20) size 784x36
          RenderBR {BR} at (392,0) size 0x17
          RenderBR {BR} at (392,18) size 0x17
        RenderBlock {DIV} at (0,56) size 784x121 [border: (2px solid #AAAAFF)]
          RenderTable {TABLE} at (215,2) size 354x24
            RenderTableSection {TBODY} at (0,0) size 353x24
              RenderTableRow {TR} at (0,0) size 353x24
                RenderTableCell {TD} at (0,0) size 353x24 [r=0 c=0 rs=1 cs=1]
                  RenderInline {FONT} at (0,0) size 345x15
                    RenderInline {B} at (0,0) size 26x15
                      RenderText {#text} at (4,4) size 26x15
                        text run at (4,4) width 26: "Web"
                    RenderText {#text} at (30,4) size 12x15
                      text run at (30,4) width 12: "    "
                    RenderInline {A} at (0,0) size 38x15 [color=#0000CC]
                      RenderText {#text} at (42,4) size 38x15
                        text run at (42,4) width 38: "Images"
                    RenderText {#text} at (80,4) size 12x15
                      text run at (80,4) width 12: "    "
                    RenderInline {A} at (0,0) size 39x15 [color=#0000CC]
                      RenderText {#text} at (92,4) size 39x15
                        text run at (92,4) width 39: "Groups"
                    RenderText {#text} at (131,4) size 12x15
                      text run at (131,4) width 12: "    "
                    RenderInline {A} at (0,0) size 29x15 [color=#0000CC]
                      RenderText {#text} at (143,4) size 29x15
                        text run at (143,4) width 29: "News"
                    RenderText {#text} at (172,4) size 12x15
                      text run at (172,4) width 12: "    "
                    RenderInline {A} at (0,0) size 42x15 [color=#0000CC]
                      RenderText {#text} at (184,4) size 42x15
                        text run at (184,4) width 42: "Froogle"
                    RenderText {#text} at (226,4) size 12x15
                      text run at (226,4) width 12: "    "
                    RenderInline {A} at (0,0) size 31x15 [color=#0000CC]
                      RenderText {#text} at (238,4) size 31x15
                        text run at (238,4) width 31: "Local"
                      RenderInline {SUP} at (0,0) size 0x13
                    RenderInline {A} at (0,0) size 28x15
                      RenderInline {FONT} at (0,0) size 28x15 [color=#FF0000]
                        RenderText {#text} at (269,4) size 28x15
                          text run at (269,4) width 28: "New!"
                    RenderText {#text} at (297,4) size 12x15
                      text run at (297,4) width 12: "    "
                    RenderInline {B} at (0,0) size 40x15
                      RenderInline {A} at (0,0) size 40x15 [color=#0000CC]
                        RenderText {#text} at (309,4) size 40x15
                          text run at (309,4) width 40: "more \x{BB}"
          RenderTable {TABLE} at (2,26) size 780x59
            RenderTableSection {TBODY} at (0,0) size 780x59
              RenderTableRow {TR} at (0,0) size 780x59
                RenderTableCell {TD} at (0,20) size 154x19 [r=0 c=0 rs=1 cs=1]
                  RenderText {#text} at (0,0) size 4x18
                    text run at (0,1) width 4: " "
                RenderTableCell {TD} at (153,0) size 458x59 [r=0 c=1 rs=1 cs=1]
                  RenderTextControl {INPUT} at (2,2) size 453x24 [bgcolor=#FFFFFF] [border: (2px inset #000000)]
                  RenderBR {BR} at (457,5) size 0x17
                  RenderButton {INPUT} at (105,30) size 111x27 [color=#2E3436] [bgcolor=#C0C0C0] [border: (2px outset #C0C0C0)]
                    RenderBlock (anonymous) at (8,4) size 94x18
                      RenderText at (0,0) size 94x17
                        text run at (0,0) width 94: "Google Search"
                  RenderButton {INPUT} at (219,30) size 133x27 [color=#2E3436] [bgcolor=#C0C0C0] [border: (2px outset #C0C0C0)]
                    RenderBlock (anonymous) at (8,4) size 116x18
                      RenderText at (0,0) size 116x17
                        text run at (0,0) width 116: "I'm Feeling Lucky"
                RenderTableCell {TD} at (610,0) size 171x33 [r=0 c=2 rs=1 cs=1]
                  RenderInline {FONT} at (0,0) size 74x33
                    RenderText {#text} at (0,0) size 6x11
                      text run at (0,0) width 6: "  "
                    RenderInline {A} at (0,0) size 68x11 [color=#0000CC]
                      RenderText {#text} at (6,0) size 68x11
                        text run at (6,0) width 68: "Advanced Search"
                    RenderBR {BR} at (74,0) size 0x11
                    RenderText {#text} at (0,11) size 6x11
                      text run at (0,11) width 6: "  "
                    RenderInline {A} at (0,0) size 44x11 [color=#0000CC]
                      RenderText {#text} at (6,11) size 44x11
                        text run at (6,11) width 44: "Preferences"
                    RenderBR {BR} at (50,11) size 0x11
                    RenderText {#text} at (0,22) size 6x11
                      text run at (0,22) width 6: "  "
                    RenderInline {A} at (0,0) size 64x11 [color=#0000CC]
                      RenderText {#text} at (6,22) size 64x11
                        text run at (6,22) width 64: "Language Tools"
          RenderBlock (anonymous) at (2,85) size 780x34
            RenderBR {BR} at (390,0) size 0x17
            RenderInline {FONT} at (0,0) size 148x15
              RenderInline {FONT} at (0,0) size 28x15 [color=#FF0000]
                RenderText {#text} at (316,18) size 28x15
                  text run at (316,18) width 28: "New!"
              RenderText {#text} at (344,18) size 3x15
                text run at (344,18) width 3: " "
              RenderInline {A} at (0,0) size 114x15 [color=#0000CC]
                RenderText {#text} at (347,18) size 114x15
                  text run at (347,18) width 114: "Personalize this page"
              RenderText {#text} at (461,18) size 3x15
                text run at (461,18) width 3: "."
            RenderText {#text} at (0,0) size 0x0
        RenderBlock (anonymous) at (0,177) size 784x70
          RenderBR {BR} at (392,0) size 0x17
          RenderBR {BR} at (392,18) size 0x17
          RenderBR {BR} at (392,36) size 0x17
          RenderInline {FONT} at (0,0) size 318x15
            RenderInline {A} at (0,0) size 118x15 [color=#0000CC]
              RenderText {#text} at (233,54) size 118x15
                text run at (233,54) width 118: "Advertising Programs"
            RenderText {#text} at (350,54) size 11x15
              text run at (350,54) width 11: " - "
            RenderInline {A} at (0,0) size 104x15 [color=#0000CC]
              RenderText {#text} at (360,54) size 104x15
                text run at (360,54) width 104: "Business Solutions"
            RenderText {#text} at (463,54) size 11x15
              text run at (463,54) width 11: " - "
            RenderInline {A} at (0,0) size 78x15 [color=#0000CC]
              RenderText {#text} at (473,54) size 78x15
                text run at (473,54) width 78: "About Google"
        RenderBlock {P} at (0,263) size 784x11
          RenderInline {FONT} at (0,0) size 60x11
            RenderText {#text} at (362,0) size 60x11
              text run at (362,0) width 60: "\x{A9}2005 Google"
layer at (169,90) size 447x18
  RenderBlock {DIV} at (3,3) size 447x18
selection start: position 0 of child 3 {INPUT} of child 1 {TD} of child 0 {TR} of child 0 {TBODY} of child 2 {TABLE} of child 4 {DIV} of child 0 {CENTER} of body
selection end:   position 1 of child 2 {BR} of child 0 {FONT} of child 2 {TD} of child 0 {TR} of child 0 {TBODY} of child 2 {TABLE} of child 4 {DIV} of child 0 {CENTER} of body
