layer at (0,0) size 800x600
  RenderView at (0,0) size 800x600
layer at (0,0) size 800x50
  RenderBlock {HTML} at (0,0) size 800x50
    RenderBody {BODY} at (8,16) size 784x18
      RenderBlock {P} at (0,0) size 784x18 [bgcolor=#00FF00]
        RenderText {#text} at (0,0) size 528x17
          text run at (0,0) width 434: "This paragraph should have a green background because its TITLE "
          text run at (433,0) width 95: "attribute is set."
