layer at (0,0) size 800x600
  RenderView at (0,0) size 800x600
layer at (0,0) size 800x50
  RenderBlock {HTML} at (0,0) size 800x50
    RenderBody {BODY} at (8,16) size 784x18
      RenderBlock {P} at (0,0) size 784x18
        RenderText {#text} at (0,0) size 163x17
          text run at (0,0) width 163: "The background color of "
        RenderInline {A} at (0,0) size 68x17 [color=#0000EE]
          RenderText {#text} at (162,0) size 68x17
            text run at (162,0) width 68: "the anchor"
        RenderText {#text} at (229,0) size 554x17
          text run at (229,0) width 5: " "
          text run at (233,0) width 378: "should turn to green when it is activated and come back to "
          text run at (610,0) width 173: "normal when it is released."
