layer at (0,0) size 800x600
  RenderView at (0,0) size 800x600
layer at (0,0) size 800x50
  RenderBlock {HTML} at (0,0) size 800x50
    RenderBody {BODY} at (8,16) size 784x18
      RenderBlock {P} at (0,0) size 784x18
        RenderText {#text} at (0,0) size 161x17
          text run at (0,0) width 161: "The background color of "
        RenderInline {A} at (0,0) size 49x17 [color=#0000EE]
          RenderText {#text} at (161,0) size 49x17
            text run at (161,0) width 49: "anchors"
        RenderText {#text} at (210,0) size 155x17
          text run at (210,0) width 4: " "
          text run at (214,0) width 151: "in this page should turn "
        RenderInline {A} at (0,0) size 51x17 [color=#0000EE]
          RenderText {#text} at (365,0) size 51x17
            text run at (365,0) width 51: "to green"
        RenderText {#text} at (416,0) size 131x17
          text run at (416,0) width 131: " when they have the "
        RenderInline {A} at (0,0) size 34x17 [color=#0000EE]
          RenderText {#text} at (547,0) size 34x17
            text run at (547,0) width 34: "focus"
        RenderText {#text} at (581,0) size 4x17
          text run at (581,0) width 4: "."
