layer at (0,0) size 800x600
  RenderView at (0,0) size 800x600
layer at (0,0) size 800x170
  RenderBlock {HTML} at (0,0) size 800x170
    RenderBody {BODY} at (8,16) size 784x146
      RenderBlock {DIV} at (0,0) size 784x90
        RenderBlock {P} at (0,0) size 784x18 [bgcolor=#00FF00]
          RenderText {#text} at (0,0) size 308x17
            text run at (0,0) width 308: "This paragraph should have a green background"
        RenderTable {TABLE} at (0,34) size 314x56
          RenderTableSection {TBODY} at (0,0) size 314x56
            RenderTableRow {TR} at (0,2) size 314x52
              RenderTableCell {TD} at (2,2) size 310x52 [r=0 c=0 rs=1 cs=1]
                RenderBlock {P} at (1,17) size 308x18 [bgcolor=#00FF00]
                  RenderText {#text} at (0,0) size 308x17
                    text run at (0,0) width 308: "This paragraph should have a green background"
      RenderTable {TABLE} at (0,90) size 231x56
        RenderTableSection {TBODY} at (0,0) size 231x56
          RenderTableRow {TR} at (0,2) size 231x52
            RenderTableCell {TD} at (2,2) size 227x52 [r=0 c=0 rs=1 cs=1]
              RenderBlock {P} at (1,17) size 225x18
                RenderText {#text} at (0,0) size 225x17
                  text run at (0,0) width 225: "This paragraph should be unstyled."
