layer at (0,0) size 800x600
  RenderView at (0,0) size 800x600
layer at (0,0) size 800x84
  RenderBlock {HTML} at (0,0) size 800x84
    RenderBody {BODY} at (8,16) size 784x52
      RenderBlock {BLOCKQUOTE} at (40,0) size 704x18
        RenderText {#text} at (0,0) size 185x17
          text run at (0,0) width 185: "This text should be unstyled."
      RenderBlock {DIV} at (0,34) size 784x18
        RenderBlock {DIV} at (0,0) size 784x18
          RenderBlock {P} at (0,0) size 784x18 [color=#008000]
            RenderText {#text} at (0,0) size 166x17
              text run at (0,0) width 166: "This text should be green."
