layer at (0,0) size 800x600
  RenderView at (0,0) size 800x600
layer at (0,0) size 800x84
  RenderBlock {HTML} at (0,0) size 800x84
    RenderBody {BODY} at (8,16) size 784x52
      RenderBlock {P} at (0,0) size 784x18
        RenderText {#text} at (0,0) size 82x17
          text run at (0,0) width 82: "This test has "
        RenderInline {SPAN} at (0,0) size 60x17
          RenderInline (generated) at (0,0) size 60x17 [bgcolor=#00FF00]
            RenderText at (82,0) size 60x17
              text run at (82,0) width 60: "PASSED"
        RenderText {#text} at (141,0) size 5x17
          text run at (141,0) width 5: "."
      RenderBlock {P} at (0,34) size 784x18
        RenderText {#text} at (0,0) size 445x17
          text run at (0,0) width 445: "(If the previous line just reads \"This test has .\" then this test has failed.)"
