layer at (0,0) size 800x600
  RenderView at (0,0) size 800x600
layer at (0,0) size 800x84
  RenderBlock {HTML} at (0,0) size 800x84
    RenderBody {BODY} at (8,16) size 784x52
      RenderBlock {DIV} at (0,0) size 784x18
        RenderBlock {P} at (0,0) size 784x18 [bgcolor=#008000]
          RenderText {#text} at (0,0) size 272x17
            text run at (0,0) width 272: "This line should have a green background."
      RenderBlock {DIV} at (0,34) size 784x18
        RenderBlock {P} at (0,0) size 784x18
          RenderText {#text} at (0,0) size 309x17
            text run at (0,0) width 309: "This line should NOT have a green background."
