layer at (0,0) size 800x600
  RenderView at (0,0) size 800x600
layer at (0,0) size 800x58
  RenderBlock {HTML} at (0,0) size 800x58
    RenderBody {BODY} at (8,16) size 784x34
      RenderBlock {P} at (0,0) size 784x18
        RenderText {#text} at (0,0) size 185x17
          text run at (0,0) width 185: "Test passes if it doesn't crash."
      RenderFlexibleBox {DIV} at (0,34) size 784x0
        RenderBlock {DIV} at (-10,-10) size 100x20
          RenderBlock {DIV} at (0,0) size 100x0
