layer at (0,0) size 800x6801
  RenderView at (0,0) size 800x600
layer at (0,0) size 800x6801
  RenderBlock {HTML} at (0,0) size 800x6801
    RenderBody {BODY} at (8,8) size 784x6785 [bgcolor=#CCCCCC]
      RenderBlock {P} at (0,0) size 784x20
        RenderText {#text} at (0,0) size 363x19
          text run at (0,0) width 363: "The style declarations which apply to the text below are:"
      RenderBlock {PRE} at (0,36) size 784x126
        RenderText {#text} at (0,0) size 469x126
          text run at (0,0) width 266: "HR.minor {clear: both; width: 5%;}"
          text run at (265,0) width 1: " "
          text run at (0,14) width 391: "HR.major {clear: both; width: 75%; margin: 1.5em;}"
          text run at (390,14) width 1: " "
          text run at (0,28) width 469: "DIV {border: 5px solid purple; padding: 0; margin: 0.125em;}"
          text run at (468,28) width 1: " "
          text run at (0,42) width 422: "P.left, P.right {width: 10em; padding: 1em; margin: 0;"
          text run at (421,42) width 1: " "
          text run at (0,56) width 414: "   border: 1px solid lime; background-color: silver;}"
          text run at (413,56) width 1: " "
          text run at (0,70) width 445: "IMG.left, IMG.right {margin: 0; border: 3px solid black;}"
          text run at (444,70) width 1: " "
          text run at (0,84) width 157: ".left {float: left;}"
          text run at (156,84) width 1: " "
          text run at (0,98) width 172: ".right {float: right;}"
          text run at (171,98) width 1: " "
          text run at (0,112) width 0: " "
      RenderBlock {P} at (0,193) size 784x40
        RenderText {#text} at (0,0) size 772x39
          text run at (0,0) width 696: "On this test page, each test is performed once with floating paragraphs, and then again with floating images. "
          text run at (695,0) width 69: "Other than"
          text run at (0,20) width 772: "the substitution of images for pargraphs, the structure of the test is exactly the same, including the direction of the floats."
      RenderBlock {DIV} at (2,283) size 780x110 [border: (5px solid #800080)]
        RenderBlock (floating) {P} at (5,5) size 194x94 [bgcolor=#C0C0C0] [border: (1px solid #00FF00)]
          RenderText {#text} at (17,17) size 135x59
            text run at (17,17) width 135: "This is a left-floating"
            text run at (17,37) width 116: "paragraph (first in"
            text run at (17,57) width 52: "source)."
        RenderBlock (floating) {P} at (581,5) size 194x94 [bgcolor=#C0C0C0] [border: (1px solid #00FF00)]
          RenderText {#text} at (17,17) size 144x59
            text run at (17,17) width 144: "This is a right-floating"
            text run at (17,37) width 135: "paragraph (second in"
            text run at (17,57) width 52: "source)."
        RenderText {#text} at (199,5) size 370x99
          text run at (199,5) width 178: "This is text within the DIV. "
          text run at (376,5) width 186: "The floating elements within"
          text run at (199,25) width 370: "this DIV should not go beyond the left or right inner edge"
          text run at (199,45) width 361: "of this DIV, which means that the borders of the floating"
          text run at (199,65) width 368: "elements should not overlap the top or side borders of the"
          text run at (199,85) width 31: "DIV."
      RenderBlock {DIV} at (2,411) size 780x70 [border: (5px solid #800080)]
        RenderImage {IMG} at (5,5) size 15x36 [border: (3px solid #000000)]
        RenderImage {IMG} at (760,5) size 15x36 [border: (3px solid #000000)]
        RenderText {#text} at (20,5) size 739x59
          text run at (20,5) width 178: "This is text within the DIV. "
          text run at (197,5) width 547: "The floating images within this DIV should not go beyond the left or right inner edge"
          text run at (20,25) width 722: "of this DIV, which means that the borders of the floating images should not overlap the top or side borders of the"
          text run at (5,45) width 31: "DIV."
      RenderBlock {DIV} at (2,531) size 442x250 [border: (5px solid #800080)]
        RenderBlock (floating) {P} at (5,5) size 194x74 [bgcolor=#C0C0C0] [border: (1px solid #00FF00)]
          RenderText {#text} at (17,17) size 128x39
            text run at (17,17) width 128: "This is the first left-"
            text run at (17,37) width 122: "floating paragraph."
        RenderBlock (floating) {P} at (199,5) size 194x74 [bgcolor=#C0C0C0] [border: (1px solid #00FF00)]
          RenderText {#text} at (17,17) size 146x39
            text run at (17,17) width 146: "This is the second left-"
            text run at (17,37) width 122: "floating paragraph."
        RenderBlock (floating) {P} at (5,79) size 194x74 [bgcolor=#C0C0C0] [border: (1px solid #00FF00)]
          RenderText {#text} at (17,17) size 132x39
            text run at (17,17) width 132: "This is the third left-"
            text run at (17,37) width 122: "floating paragraph."
        RenderText {#text} at (393,5) size 432x239
          text run at (393,5) width 44: "This is"
          text run at (393,25) width 24: "text"
          text run at (393,45) width 41: "within"
          text run at (393,65) width 20: "the"
          text run at (199,85) width 35: "DIV. "
          text run at (233,85) width 185: "The floating elements within"
          text run at (199,105) width 222: "this DIV should not go beyond the"
          text run at (199,125) width 223: "left or right inner edge of this DIV,"
          text run at (199,145) width 229: "which means that the borders of the"
          text run at (5,165) width 422: "floating elements should not overlap the top or side borders of the"
          text run at (5,185) width 110: "DIV in any way. "
          text run at (114,185) width 303: "In addition, they should not overlap each other."
          text run at (5,205) width 432: "The first two should be side by side, whereas the third should be on"
          text run at (5,225) width 97: "the next \"line.\""
      RenderBlock {DIV} at (2,799) size 360x230 [border: (5px solid #800080)]
        RenderImage {IMG} at (5,5) size 156x36 [border: (3px solid #000000)]
        RenderImage {IMG} at (161,5) size 156x36 [border: (3px solid #000000)]
        RenderImage {IMG} at (5,41) size 156x36 [border: (3px solid #000000)]
        RenderText {#text} at (317,5) size 345x219
          text run at (317,5) width 29: "This"
          text run at (317,25) width 11: "is"
          text run at (161,45) width 131: "text within the DIV. "
          text run at (291,45) width 26: "The"
          text run at (161,65) width 172: "floating images within this"
          text run at (5,85) width 342: "DIV should not go beyond the left or right inner edge"
          text run at (5,105) width 308: "of this DIV, which means that the borders of the"
          text run at (5,125) width 318: "floating images should not overlap the top or side"
          text run at (5,145) width 203: "borders of the DIV in any way. "
          text run at (207,145) width 106: "In addition, they"
          text run at (5,165) width 197: "should not overlap each other. "
          text run at (201,165) width 149: "The first two should be"
          text run at (5,185) width 335: "side by side, whereas the third should be on the next"
          text run at (5,205) width 42: "\"line.\""
      RenderBlock {DIV} at (2,1079) size 314x384 [border: (5px solid #800080)]
        RenderBlock (floating) {P} at (5,5) size 194x94 [bgcolor=#C0C0C0] [border: (1px solid #00FF00)]
          RenderText {#text} at (17,17) size 135x59
            text run at (17,17) width 135: "This is a left-floating"
            text run at (17,37) width 116: "paragraph (first in"
            text run at (17,57) width 52: "source)."
        RenderBlock (floating) {P} at (115,99) size 194x94 [bgcolor=#C0C0C0] [border: (1px solid #00FF00)]
          RenderText {#text} at (17,17) size 144x59
            text run at (17,17) width 144: "This is a right-floating"
            text run at (17,37) width 135: "paragraph (second in"
            text run at (17,57) width 52: "source)."
        RenderText {#text} at (199,5) size 302x373
          text run at (199,5) width 72: "This is text"
          text run at (199,25) width 99: "within the DIV."
          text run at (199,45) width 79: "The floating"
          text run at (199,65) width 102: "elements within"
          text run at (5,99) width 103: "this DIV should"
          text run at (5,119) width 92: "not go beyond"
          text run at (5,139) width 97: "the left or right"
          text run at (5,159) width 85: "inner edge of"
          text run at (5,179) width 101: "this DIV, which"
          text run at (5,199) width 300: "means that the borders of the floating elements"
          text run at (5,219) width 284: "should not overlap the top or side borders of"
          text run at (5,239) width 133: "the DIV in any way. "
          text run at (137,239) width 153: "In addition, they should"
          text run at (5,259) width 292: "not overlap each other in any way, nor should"
          text run at (5,279) width 302: "the floated elements be overwritten by the DIV"
          text run at (5,299) width 32: "text. "
          text run at (36,299) width 255: "In addition, the floated elements should"
          text run at (5,319) width 300: "not be side-by-side, but instead the first should"
          text run at (5,339) width 281: "be floated left, and the second floated to the"
          text run at (5,359) width 131: "right below the first."
      RenderBlock {DIV} at (2,1481) size 410x246 [border: (5px solid #800080)]
        RenderImage {IMG} at (5,5) size 256x36 [border: (3px solid #000000)]
        RenderImage {IMG} at (149,41) size 256x36 [border: (3px solid #000000)]
        RenderText {#text} at (261,5) size 396x235
          text run at (261,5) width 140: "This is text within the"
          text run at (5,41) width 35: "DIV. "
          text run at (39,41) width 80: "The floating"
          text run at (5,61) width 118: "images within this"
          text run at (5,81) width 387: "DIV should not go beyond the left or right inner edge of this"
          text run at (5,101) width 366: "DIV, which means that the borders of the floating images"
          text run at (5,121) width 383: "should not overlap the top or side borders of the DIV in any"
          text run at (5,141) width 34: "way. "
          text run at (38,141) width 343: "In addition, they should not overlap each other in any"
          text run at (5,161) width 375: "way, nor should the floated elements be overwritten by the"
          text run at (5,181) width 65: "DIV text. "
          text run at (69,181) width 321: "In addition, the floated images should not be side-"
          text run at (5,201) width 373: "by-side, but instead the first should be floated left, and the"
          text run at (5,221) width 268: "second floated to the right below the first."
      RenderBlock {DIV} at (2,1777) size 780x130 [border: (5px solid #800080)]
        RenderBlock (floating) {P} at (581,5) size 194x94 [bgcolor=#C0C0C0] [border: (1px solid #00FF00)]
          RenderText {#text} at (17,17) size 144x59
            text run at (17,17) width 144: "This is a right-floating"
            text run at (17,37) width 116: "paragraph (first in"
            text run at (17,57) width 52: "source)."
        RenderBlock (floating) {P} at (5,5) size 194x94 [bgcolor=#C0C0C0] [border: (1px solid #00FF00)]
          RenderText {#text} at (17,17) size 135x59
            text run at (17,17) width 135: "This is a left-floating"
            text run at (17,37) width 135: "paragraph (second in"
            text run at (17,57) width 52: "source)."
        RenderText {#text} at (199,5) size 573x119
          text run at (199,5) width 178: "This is text within the DIV. "
          text run at (376,5) width 186: "The floating elements within"
          text run at (199,25) width 355: "this DIV should not go beyond the top side of this DIV,"
          text run at (199,45) width 344: "which means that the borders of the floating elements"
          text run at (199,65) width 356: "should not overlap the top or side borders of the DIV in"
          text run at (199,85) width 61: "any way. "
          text run at (259,85) width 319: "In addition, the top of the left-floating box should"
          text run at (5,105) width 327: "not be higher than the top of the right-floating box."
      RenderBlock {DIV} at (2,1925) size 780x70 [border: (5px solid #800080)]
        RenderImage {IMG} at (5,5) size 15x36 [border: (3px solid #000000)]
        RenderImage {IMG} at (760,5) size 15x36 [border: (3px solid #000000)]
        RenderText {#text} at (20,5) size 734x59
          text run at (20,5) width 178: "This is text within the DIV. "
          text run at (197,5) width 532: "The floating images within this DIV should not go beyond the top side of this DIV,"
          text run at (20,25) width 719: "which means that the borders of the floating images should not overlap the top or side borders of the DIV in any"
          text run at (5,45) width 34: "way. "
          text run at (38,45) width 679: "In addition, the top of the left-floating image should not be higher than the top of the right-floating image."
      RenderBlock {DIV} at (2,2045) size 780x130 [border: (5px solid #800080)]
        RenderText {#text} at (199,5) size 186x19
          text run at (199,5) width 178: "This is text within the DIV. "
          text run at (376,5) width 9: "*"
        RenderBlock (floating) {P} at (5,5) size 194x94 [bgcolor=#C0C0C0] [border: (1px solid #00FF00)]
          RenderText {#text} at (17,17) size 135x59
            text run at (17,17) width 135: "This is a left-floating"
            text run at (17,37) width 116: "paragraph (first in"
            text run at (17,57) width 52: "source)."
        RenderText {#text} at (384,5) size 552x39
          text run at (384,5) width 367: " The floating elements within this DIV should not go any"
          text run at (199,25) width 487: "higher than the line-box containing the inline content which precedes them. "
          text run at (685,25) width 13: "* "
        RenderBlock (floating) {P} at (581,45) size 194x94 [bgcolor=#C0C0C0] [border: (1px solid #00FF00)]
          RenderText {#text} at (17,17) size 144x59
            text run at (17,17) width 144: "This is a right-floating"
            text run at (17,37) width 135: "paragraph (second in"
            text run at (17,57) width 52: "source)."
        RenderText {#text} at (697,25) size 767x99
          text run at (697,25) width 75: "This means"
          text run at (199,45) width 381: "that the top side of each float can be, at most, as high as the"
          text run at (199,65) width 364: "top edge of the inline element containing the content just"
          text run at (199,85) width 313: "before the floating elements occur in the source. "
          text run at (511,85) width 68: "In order to"
          text run at (5,105) width 562: "mark these points clearly, an asterisk has been inserted just before each floated element."
      RenderBlock {DIV} at (2,2194) size 780x90 [border: (5px solid #800080)]
        RenderText {#text} at (20,5) size 186x19
          text run at (20,5) width 178: "This is text within the DIV. "
          text run at (197,5) width 9: "*"
        RenderImage {IMG} at (5,5) size 15x36 [border: (3px solid #000000)]
        RenderText {#text} at (205,5) size 698x39
          text run at (205,5) width 513: " The floating images within this DIV should not go any higher than the line-box"
          text run at (20,25) width 330: "containing the inline content which precedes them. "
          text run at (349,25) width 13: "* "
        RenderImage {IMG} at (760,25) size 15x36 [border: (3px solid #000000)]
        RenderText {#text} at (361,25) size 741x59
          text run at (361,25) width 385: "This means that the top side of each float can be, at most, as"
          text run at (5,45) width 738: "high as the top edge of the inline element containing the content just before the floating images occur in the source."
          text run at (5,65) width 622: "In order to mark these points clearly, an asterisk has been inserted just before each floated image."
      RenderBlock {DIV} at (2,2334) size 780x290 [border: (5px solid #800080)]
        RenderText {#text} at (199,5) size 186x19
          text run at (199,5) width 178: "This is text within the DIV. "
          text run at (376,5) width 9: "*"
        RenderBlock (floating) {P} at (5,5) size 194x94 [bgcolor=#C0C0C0] [border: (1px solid #00FF00)]
          RenderText {#text} at (17,17) size 135x59
            text run at (17,17) width 135: "This is a left-floating"
            text run at (17,37) width 116: "paragraph (first in"
            text run at (17,57) width 52: "source)."
        RenderText {#text} at (384,5) size 552x39
          text run at (384,5) width 367: " The floating elements within this DIV should not go any"
          text run at (199,25) width 487: "higher than the line-box containing the inline content which precedes them. "
          text run at (685,25) width 13: "* "
        RenderBlock (floating) {P} at (581,45) size 194x94 [bgcolor=#C0C0C0] [border: (1px solid #00FF00)]
          RenderText {#text} at (17,17) size 144x59
            text run at (17,17) width 144: "This is a right-floating"
            text run at (17,37) width 135: "paragraph (second in"
            text run at (17,57) width 52: "source)."
        RenderText {#text} at (697,25) size 573x39
          text run at (697,25) width 75: "This means"
          text run at (199,45) width 244: "that the top side of each float can be,*"
        RenderBlock (floating) {P} at (199,65) size 194x94 [bgcolor=#C0C0C0] [border: (1px solid #00FF00)]
          RenderText {#text} at (17,17) size 135x59
            text run at (17,17) width 135: "This is a left-floating"
            text run at (17,37) width 120: "paragraph (third in"
            text run at (17,57) width 52: "source)."
        RenderText {#text} at (442,45) size 276x119
          text run at (442,45) width 122: " at most, as high as"
          text run at (393,65) width 160: "the top edge of the inline"
          text run at (393,85) width 146: "element containing the"
          text run at (393,105) width 143: "content just before the"
          text run at (393,125) width 167: "floating elements occur in"
          text run at (587,145) width 74: "the source. "
          text run at (660,145) width 9: "*"
        RenderBlock (floating) {P} at (393,145) size 194x94 [bgcolor=#C0C0C0] [border: (1px solid #00FF00)]
          RenderText {#text} at (17,17) size 135x59
            text run at (17,17) width 135: "This is a left-floating"
            text run at (17,37) width 129: "paragraph (fourth in"
            text run at (17,57) width 52: "source)."
        RenderText {#text} at (668,145) size 765x139
          text run at (668,145) width 72: " In order to"
          text run at (587,165) width 183: "mark these points clearly, an"
          text run at (587,185) width 164: "asterisk has been inserted"
          text run at (587,205) width 150: "just before each floated"
          text run at (587,225) width 59: "element. "
          text run at (645,225) width 114: "If a line has room"
          text run at (5,245) width 744: "for a floated element, then the element should float so that its top is aligned with the top of the line-box in which the"
          text run at (5,265) width 110: "asterisk appears. "
          text run at (114,265) width 411: "Otherwise, its top should align with the top of the next line-box."
      RenderBlock {DIV} at (2,2642) size 780x130 [border: (5px solid #800080)]
        RenderText {#text} at (20,5) size 186x19
          text run at (20,5) width 178: "This is text within the DIV. "
          text run at (197,5) width 9: "*"
        RenderImage {IMG} at (5,5) size 15x36 [border: (3px solid #000000)]
        RenderText {#text} at (205,5) size 683x39
          text run at (205,5) width 513: " The floating images within this DIV should not go any higher than the line-box"
          text run at (35,25) width 330: "containing the inline content which precedes them. "
          text run at (364,25) width 13: "* "
        RenderImage {IMG} at (760,25) size 15x36 [border: (3px solid #000000)]
        RenderText {#text} at (376,25) size 326x19
          text run at (376,25) width 318: "This means that the top side of each float can be, "
          text run at (693,25) width 9: "*"
        RenderImage {IMG} at (20,25) size 15x36 [border: (3px solid #000000)]
        RenderText {#text} at (701,25) size 736x59
          text run at (701,25) width 55: " at most,"
          text run at (35,45) width 706: "as high as the top edge of the inline element containing the content just before the floating images occur in the"
          text run at (20,65) width 50: "source. "
          text run at (69,65) width 9: "*"
        RenderImage {IMG} at (5,65) size 15x36 [border: (3px solid #000000)]
        RenderText {#text} at (77,65) size 753x59
          text run at (77,65) width 631: " In order to mark these points clearly, an asterisk has been inserted just before each floated image. "
          text run at (707,65) width 51: "If a line"
          text run at (20,85) width 718: "has room for a floated image, then the image should float so that its top is aligned with the top of the line-box in"
          text run at (5,105) width 177: "which the asterisk appears. "
          text run at (181,105) width 411: "Otherwise, its top should align with the top of the next line-box."
      RenderBlock {DIV} at (2,2822) size 490x330 [border: (5px solid #800080)]
        RenderText {#text} at (199,5) size 56x19
          text run at (199,5) width 56: "This is *"
        RenderBlock (floating) {P} at (5,5) size 194x94 [bgcolor=#C0C0C0] [border: (1px solid #00FF00)]
          RenderText {#text} at (17,17) size 135x59
            text run at (17,17) width 135: "This is a left-floating"
            text run at (17,37) width 116: "paragraph (first in"
            text run at (17,57) width 52: "source)."
        RenderText {#text} at (254,5) size 13x19
          text run at (254,5) width 13: " *"
        RenderBlock (floating) {P} at (291,5) size 194x94 [bgcolor=#C0C0C0] [border: (1px solid #00FF00)]
          RenderText {#text} at (17,17) size 144x59
            text run at (17,17) width 144: "This is a right-floating"
            text run at (17,37) width 135: "paragraph (second in"
            text run at (17,57) width 52: "source)."
        RenderText {#text} at (199,25) size 480x299
          text run at (199,25) width 69: "text within"
          text run at (199,45) width 54: "the DIV."
          text run at (199,65) width 85: "Under CSS1,"
          text run at (199,85) width 45: "the left"
          text run at (5,105) width 469: "floating element should be placed in the upper left corner of the DIV, and"
          text run at (5,125) width 465: "the purple border of the DIV should abut the green border of the floating"
          text run at (5,145) width 59: "element. "
          text run at (63,145) width 422: "Similarly, the right floating element should be placed in the upper"
          text run at (5,165) width 467: "right corner of the DIV, and the purple border of the DIV should abut the"
          text run at (5,185) width 466: "green border of the floating element. The text of the DIV element should"
          text run at (5,205) width 435: "flow between and under the two floating elements. The two asterisk"
          text run at (5,225) width 478: "characters mark the insertion points of the floating elements. It is expected"
          text run at (5,245) width 479: "that, under future specifications, it may be acceptable for the top of floated"
          text run at (5,265) width 475: "elements to align with the top of the line-box following the insertion point"
          text run at (5,285) width 451: "of the floated element to avoid floating elements appearing before text"
          text run at (5,305) width 269: "which precedes it in the source document."
      RenderBlock {DIV} at (2,3170) size 490x250 [border: (5px solid #800080)]
        RenderText {#text} at (20,5) size 56x19
          text run at (20,5) width 56: "This is *"
        RenderImage {IMG} at (5,5) size 15x36 [border: (3px solid #000000)]
        RenderText {#text} at (75,5) size 13x19
          text run at (75,5) width 13: " *"
        RenderImage {IMG} at (470,5) size 15x36 [border: (3px solid #000000)]
        RenderText {#text} at (87,5) size 472x239
          text run at (87,5) width 135: " text within the DIV. "
          text run at (221,5) width 232: "Under CSS1, the left floating image"
          text run at (20,25) width 429: "should be placed in the upper left corner of the DIV, and the purple"
          text run at (5,45) width 444: "border of the DIV should abut the green border of the floating image."
          text run at (5,65) width 444: "Similarly, the right floating image should be placed in the upper right"
          text run at (5,85) width 472: "corner of the DIV, and the purple border of the DIV should abut the green"
          text run at (5,105) width 449: "border of the floating image. The text of the DIV element should flow"
          text run at (5,125) width 452: "between and under the two floating image. The two asterisk characters"
          text run at (5,145) width 306: "mark the insertion points of the floating image. "
          text run at (310,145) width 158: "It is expected that, under"
          text run at (5,165) width 467: "future specifications, it may be acceptable for the top of floated elements"
          text run at (5,185) width 455: "to align with the top of the line-box following the insertion point of the"
          text run at (5,205) width 453: "floated element to avoid floating elements appearing before text which"
          text run at (5,225) width 226: "precedes it in the source document."
      RenderTable {TABLE} at (0,3470) size 784x3315 [border: (1px outset #808080)]
        RenderTableSection {TBODY} at (1,1) size 782x3313
          RenderTableRow {TR} at (0,0) size 782x28
            RenderTableCell {TD} at (0,0) size 782x28 [bgcolor=#C0C0C0] [border: (1px inset #808080)] [r=0 c=0 rs=1 cs=2]
              RenderInline {STRONG} at (0,0) size 161x19
                RenderText {#text} at (4,4) size 161x19
                  text run at (4,4) width 161: "TABLE Testing Section"
          RenderTableRow {TR} at (0,28) size 782x3285
            RenderTableCell {TD} at (0,1656) size 12x29 [bgcolor=#C0C0C0] [border: (1px inset #808080)] [r=1 c=0 rs=1 cs=1]
              RenderText {#text} at (4,3) size 4x21
                text run at (4,4) width 4: " "
            RenderTableCell {TD} at (12,28) size 770x3285 [border: (1px inset #808080)] [r=1 c=1 rs=1 cs=1]
              RenderBlock {P} at (4,4) size 762x60
                RenderText {#text} at (0,0) size 760x59
                  text run at (0,0) width 696: "On this test page, each test is performed once with floating paragraphs, and then again with floating images. "
                  text run at (695,0) width 37: "Other"
                  text run at (0,20) width 760: "than the substitution of images for pargraphs, the structure of the test is exactly the same, including the direction of the"
                  text run at (0,40) width 40: "floats."
              RenderBlock {DIV} at (6,114) size 758x110 [border: (5px solid #800080)]
                RenderBlock (floating) {P} at (5,5) size 194x94 [bgcolor=#C0C0C0] [border: (1px solid #00FF00)]
                  RenderText {#text} at (17,17) size 135x59
                    text run at (17,17) width 135: "This is a left-floating"
                    text run at (17,37) width 116: "paragraph (first in"
                    text run at (17,57) width 52: "source)."
                RenderBlock (floating) {P} at (559,5) size 194x94 [bgcolor=#C0C0C0] [border: (1px solid #00FF00)]
                  RenderText {#text} at (17,17) size 144x59
                    text run at (17,17) width 144: "This is a right-floating"
                    text run at (17,37) width 135: "paragraph (second in"
                    text run at (17,57) width 52: "source)."
                RenderText {#text} at (199,5) size 355x99
                  text run at (199,5) width 178: "This is text within the DIV. "
                  text run at (376,5) width 141: "The floating elements"
                  text run at (199,25) width 344: "within this DIV should not go beyond the left or right"
                  text run at (199,45) width 355: "inner edge of this DIV, which means that the borders of"
                  text run at (199,65) width 353: "the floating elements should not overlap the top or side"
                  text run at (199,85) width 124: "borders of the DIV."
              RenderBlock {DIV} at (6,242) size 758x70 [border: (5px solid #800080)]
                RenderImage {IMG} at (5,5) size 15x36 [border: (3px solid #000000)]
                RenderImage {IMG} at (738,5) size 15x36 [border: (3px solid #000000)]
                RenderText {#text} at (20,5) size 730x59
                  text run at (20,5) width 178: "This is text within the DIV. "
                  text run at (197,5) width 513: "The floating images within this DIV should not go beyond the left or right inner"
                  text run at (20,25) width 715: "edge of this DIV, which means that the borders of the floating images should not overlap the top or side borders"
                  text run at (5,45) width 72: "of the DIV."
              RenderBlock {DIV} at (6,362) size 442x250 [border: (5px solid #800080)]
                RenderBlock (floating) {P} at (5,5) size 194x74 [bgcolor=#C0C0C0] [border: (1px solid #00FF00)]
                  RenderText {#text} at (17,17) size 128x39
                    text run at (17,17) width 128: "This is the first left-"
                    text run at (17,37) width 122: "floating paragraph."
                RenderBlock (floating) {P} at (199,5) size 194x74 [bgcolor=#C0C0C0] [border: (1px solid #00FF00)]
                  RenderText {#text} at (17,17) size 146x39
                    text run at (17,17) width 146: "This is the second left-"
                    text run at (17,37) width 122: "floating paragraph."
                RenderBlock (floating) {P} at (5,79) size 194x74 [bgcolor=#C0C0C0] [border: (1px solid #00FF00)]
                  RenderText {#text} at (17,17) size 132x39
                    text run at (17,17) width 132: "This is the third left-"
                    text run at (17,37) width 122: "floating paragraph."
                RenderText {#text} at (393,5) size 432x239
                  text run at (393,5) width 44: "This is"
                  text run at (393,25) width 24: "text"
                  text run at (393,45) width 41: "within"
                  text run at (393,65) width 20: "the"
                  text run at (199,85) width 35: "DIV. "
                  text run at (233,85) width 185: "The floating elements within"
                  text run at (199,105) width 222: "this DIV should not go beyond the"
                  text run at (199,125) width 223: "left or right inner edge of this DIV,"
                  text run at (199,145) width 229: "which means that the borders of the"
                  text run at (5,165) width 422: "floating elements should not overlap the top or side borders of the"
                  text run at (5,185) width 110: "DIV in any way. "
                  text run at (114,185) width 303: "In addition, they should not overlap each other."
                  text run at (5,205) width 432: "The first two should be side by side, whereas the third should be on"
                  text run at (5,225) width 97: "the next \"line.\""
              RenderBlock {DIV} at (6,630) size 360x230 [border: (5px solid #800080)]
                RenderImage {IMG} at (5,5) size 156x36 [border: (3px solid #000000)]
                RenderImage {IMG} at (161,5) size 156x36 [border: (3px solid #000000)]
                RenderImage {IMG} at (5,41) size 156x36 [border: (3px solid #000000)]
                RenderText {#text} at (317,5) size 345x219
                  text run at (317,5) width 29: "This"
                  text run at (317,25) width 11: "is"
                  text run at (161,45) width 131: "text within the DIV. "
                  text run at (291,45) width 26: "The"
                  text run at (161,65) width 172: "floating images within this"
                  text run at (5,85) width 342: "DIV should not go beyond the left or right inner edge"
                  text run at (5,105) width 308: "of this DIV, which means that the borders of the"
                  text run at (5,125) width 318: "floating images should not overlap the top or side"
                  text run at (5,145) width 203: "borders of the DIV in any way. "
                  text run at (207,145) width 106: "In addition, they"
                  text run at (5,165) width 197: "should not overlap each other. "
                  text run at (201,165) width 149: "The first two should be"
                  text run at (5,185) width 335: "side by side, whereas the third should be on the next"
                  text run at (5,205) width 42: "\"line.\""
              RenderBlock {DIV} at (6,910) size 314x384 [border: (5px solid #800080)]
                RenderBlock (floating) {P} at (5,5) size 194x94 [bgcolor=#C0C0C0] [border: (1px solid #00FF00)]
                  RenderText {#text} at (17,17) size 135x59
                    text run at (17,17) width 135: "This is a left-floating"
                    text run at (17,37) width 116: "paragraph (first in"
                    text run at (17,57) width 52: "source)."
                RenderBlock (floating) {P} at (115,99) size 194x94 [bgcolor=#C0C0C0] [border: (1px solid #00FF00)]
                  RenderText {#text} at (17,17) size 144x59
                    text run at (17,17) width 144: "This is a right-floating"
                    text run at (17,37) width 135: "paragraph (second in"
                    text run at (17,57) width 52: "source)."
                RenderText {#text} at (199,5) size 302x373
                  text run at (199,5) width 72: "This is text"
                  text run at (199,25) width 99: "within the DIV."
                  text run at (199,45) width 79: "The floating"
                  text run at (199,65) width 102: "elements within"
                  text run at (5,99) width 103: "this DIV should"
                  text run at (5,119) width 92: "not go beyond"
                  text run at (5,139) width 97: "the left or right"
                  text run at (5,159) width 85: "inner edge of"
                  text run at (5,179) width 101: "this DIV, which"
                  text run at (5,199) width 300: "means that the borders of the floating elements"
                  text run at (5,219) width 284: "should not overlap the top or side borders of"
                  text run at (5,239) width 133: "the DIV in any way. "
                  text run at (137,239) width 153: "In addition, they should"
                  text run at (5,259) width 292: "not overlap each other in any way, nor should"
                  text run at (5,279) width 302: "the floated elements be overwritten by the DIV"
                  text run at (5,299) width 32: "text. "
                  text run at (36,299) width 255: "In addition, the floated elements should"
                  text run at (5,319) width 300: "not be side-by-side, but instead the first should"
                  text run at (5,339) width 281: "be floated left, and the second floated to the"
                  text run at (5,359) width 131: "right below the first."
              RenderBlock {DIV} at (6,1312) size 410x246 [border: (5px solid #800080)]
                RenderImage {IMG} at (5,5) size 256x36 [border: (3px solid #000000)]
                RenderImage {IMG} at (149,41) size 256x36 [border: (3px solid #000000)]
                RenderText {#text} at (261,5) size 396x235
                  text run at (261,5) width 140: "This is text within the"
                  text run at (5,41) width 35: "DIV. "
                  text run at (39,41) width 80: "The floating"
                  text run at (5,61) width 118: "images within this"
                  text run at (5,81) width 387: "DIV should not go beyond the left or right inner edge of this"
                  text run at (5,101) width 366: "DIV, which means that the borders of the floating images"
                  text run at (5,121) width 383: "should not overlap the top or side borders of the DIV in any"
                  text run at (5,141) width 34: "way. "
                  text run at (38,141) width 343: "In addition, they should not overlap each other in any"
                  text run at (5,161) width 375: "way, nor should the floated elements be overwritten by the"
                  text run at (5,181) width 65: "DIV text. "
                  text run at (69,181) width 321: "In addition, the floated images should not be side-"
                  text run at (5,201) width 373: "by-side, but instead the first should be floated left, and the"
                  text run at (5,221) width 268: "second floated to the right below the first."
              RenderBlock {DIV} at (6,1608) size 758x130 [border: (5px solid #800080)]
                RenderBlock (floating) {P} at (559,5) size 194x94 [bgcolor=#C0C0C0] [border: (1px solid #00FF00)]
                  RenderText {#text} at (17,17) size 144x59
                    text run at (17,17) width 144: "This is a right-floating"
                    text run at (17,37) width 116: "paragraph (first in"
                    text run at (17,57) width 52: "source)."
                RenderBlock (floating) {P} at (5,5) size 194x94 [bgcolor=#C0C0C0] [border: (1px solid #00FF00)]
                  RenderText {#text} at (17,17) size 135x59
                    text run at (17,17) width 135: "This is a left-floating"
                    text run at (17,37) width 135: "paragraph (second in"
                    text run at (17,57) width 52: "source)."
                RenderText {#text} at (199,5) size 539x119
                  text run at (199,5) width 178: "This is text within the DIV. "
                  text run at (376,5) width 141: "The floating elements"
                  text run at (199,25) width 338: "within this DIV should not go beyond the top side of"
                  text run at (199,45) width 344: "this DIV, which means that the borders of the floating"
                  text run at (199,65) width 345: "elements should not overlap the top or side borders of"
                  text run at (199,85) width 133: "the DIV in any way. "
                  text run at (331,85) width 195: "In addition, the top of the left-"
                  text run at (5,105) width 455: "floating box should not be higher than the top of the right-floating box."
              RenderBlock {DIV} at (6,1756) size 758x70 [border: (5px solid #800080)]
                RenderImage {IMG} at (5,5) size 15x36 [border: (3px solid #000000)]
                RenderImage {IMG} at (738,5) size 15x36 [border: (3px solid #000000)]
                RenderText {#text} at (20,5) size 739x59
                  text run at (20,5) width 178: "This is text within the DIV. "
                  text run at (197,5) width 532: "The floating images within this DIV should not go beyond the top side of this DIV,"
                  text run at (20,25) width 692: "which means that the borders of the floating images should not overlap the top or side borders of the DIV in"
                  text run at (5,45) width 61: "any way. "
                  text run at (65,45) width 679: "In addition, the top of the left-floating image should not be higher than the top of the right-floating image."
              RenderBlock {DIV} at (6,1876) size 758x150 [border: (5px solid #800080)]
                RenderText {#text} at (199,5) size 186x19
                  text run at (199,5) width 178: "This is text within the DIV. "
                  text run at (376,5) width 9: "*"
                RenderBlock (floating) {P} at (5,5) size 194x94 [bgcolor=#C0C0C0] [border: (1px solid #00FF00)]
                  RenderText {#text} at (17,17) size 135x59
                    text run at (17,17) width 135: "This is a left-floating"
                    text run at (17,37) width 116: "paragraph (first in"
                    text run at (17,57) width 52: "source)."
                RenderText {#text} at (384,5) size 552x39
                  text run at (384,5) width 367: " The floating elements within this DIV should not go any"
                  text run at (199,25) width 487: "higher than the line-box containing the inline content which precedes them. "
                  text run at (685,25) width 13: "* "
                RenderBlock (floating) {P} at (559,45) size 194x94 [bgcolor=#C0C0C0] [border: (1px solid #00FF00)]
                  RenderText {#text} at (17,17) size 144x59
                    text run at (17,17) width 144: "This is a right-floating"
                    text run at (17,37) width 135: "paragraph (second in"
                    text run at (17,57) width 52: "source)."
                RenderText {#text} at (697,25) size 722x119
                  text run at (697,25) width 30: "This"
                  text run at (199,45) width 352: "means that the top side of each float can be, at most, as"
                  text run at (199,65) width 360: "high as the top edge of the inline element containing the"
                  text run at (199,85) width 337: "content just before the floating elements occur in the"
                  text run at (5,105) width 50: "source. "
                  text run at (54,105) width 494: "In order to mark these points clearly, an asterisk has been inserted just before"
                  text run at (5,125) width 137: "each floated element."
              RenderBlock {DIV} at (6,2044) size 758x90 [border: (5px solid #800080)]
                RenderText {#text} at (20,5) size 186x19
                  text run at (20,5) width 178: "This is text within the DIV. "
                  text run at (197,5) width 9: "*"
                RenderImage {IMG} at (5,5) size 15x36 [border: (3px solid #000000)]
                RenderText {#text} at (205,5) size 698x39
                  text run at (205,5) width 513: " The floating images within this DIV should not go any higher than the line-box"
                  text run at (20,25) width 330: "containing the inline content which precedes them. "
                  text run at (349,25) width 13: "* "
                RenderImage {IMG} at (738,25) size 15x36 [border: (3px solid #000000)]
                RenderText {#text} at (361,25) size 724x59
                  text run at (361,25) width 368: "This means that the top side of each float can be, at most,"
                  text run at (5,45) width 706: "as high as the top edge of the inline element containing the content just before the floating images occur in the"
                  text run at (5,65) width 50: "source. "
                  text run at (54,65) width 623: "In order to mark these points clearly, an asterisk has been inserted just before each floated image."
              RenderBlock {DIV} at (6,2184) size 758x250 [border: (5px solid #800080)]
                RenderText {#text} at (199,5) size 186x19
                  text run at (199,5) width 178: "This is text within the DIV. "
                  text run at (376,5) width 9: "*"
                RenderBlock (floating) {P} at (5,5) size 194x94 [bgcolor=#C0C0C0] [border: (1px solid #00FF00)]
                  RenderText {#text} at (17,17) size 135x59
                    text run at (17,17) width 135: "This is a left-floating"
                    text run at (17,37) width 116: "paragraph (first in"
                    text run at (17,57) width 52: "source)."
                RenderText {#text} at (384,5) size 552x39
                  text run at (384,5) width 367: " The floating elements within this DIV should not go any"
                  text run at (199,25) width 487: "higher than the line-box containing the inline content which precedes them. "
                  text run at (685,25) width 13: "* "
                RenderBlock (floating) {P} at (559,45) size 194x94 [bgcolor=#C0C0C0] [border: (1px solid #00FF00)]
                  RenderText {#text} at (17,17) size 144x59
                    text run at (17,17) width 144: "This is a right-floating"
                    text run at (17,37) width 135: "paragraph (second in"
                    text run at (17,57) width 52: "source)."
                RenderText {#text} at (697,25) size 528x39
                  text run at (697,25) width 30: "This"
                  text run at (199,45) width 288: "means that the top side of each float can be,*"
                RenderBlock (floating) {P} at (199,65) size 194x94 [bgcolor=#C0C0C0] [border: (1px solid #00FF00)]
                  RenderText {#text} at (17,17) size 135x59
                    text run at (17,17) width 135: "This is a left-floating"
                    text run at (17,37) width 120: "paragraph (third in"
                    text run at (17,57) width 52: "source)."
                RenderText {#text} at (486,45) size 199x119
                  text run at (486,45) width 73: " at most, as"
                  text run at (393,65) width 146: "high as the top edge of"
                  text run at (393,85) width 115: "the inline element"
                  text run at (393,105) width 143: "containing the content"
                  text run at (393,125) width 146: "just before the floating"
                  text run at (393,145) width 191: "elements occur in the source. "
                  text run at (583,145) width 9: "*"
                RenderBlock (floating) {P} at (5,165) size 194x94 [bgcolor=#C0C0C0] [border: (1px solid #00FF00)]
                  RenderText {#text} at (17,17) size 135x59
                    text run at (17,17) width 135: "This is a left-floating"
                    text run at (17,37) width 129: "paragraph (fourth in"
                    text run at (17,57) width 52: "source)."
                RenderText {#text} at (591,145) size 546x99
                  text run at (591,145) width 146: " In order to mark these"
                  text run at (199,165) width 493: "points clearly, an asterisk has been inserted just before each floated element. "
                  text run at (691,165) width 50: "If a line"
                  text run at (199,185) width 546: "has room for a floated element, then the element should float so that its top is aligned"
                  text run at (199,205) width 372: "with the top of the line-box in which the asterisk appears. "
                  text run at (570,205) width 161: "Otherwise, its top should"
                  text run at (199,225) width 247: "align with the top of the next line-box."
              RenderBlock {DIV} at (6,2453) size 758x130 [border: (5px solid #800080)]
                RenderText {#text} at (20,5) size 186x19
                  text run at (20,5) width 178: "This is text within the DIV. "
                  text run at (197,5) width 9: "*"
                RenderImage {IMG} at (5,5) size 15x36 [border: (3px solid #000000)]
                RenderText {#text} at (205,5) size 683x39
                  text run at (205,5) width 513: " The floating images within this DIV should not go any higher than the line-box"
                  text run at (35,25) width 330: "containing the inline content which precedes them. "
                  text run at (364,25) width 13: "* "
                RenderImage {IMG} at (738,25) size 15x36 [border: (3px solid #000000)]
                RenderText {#text} at (376,25) size 326x19
                  text run at (376,25) width 318: "This means that the top side of each float can be, "
                  text run at (693,25) width 9: "*"
                RenderImage {IMG} at (20,25) size 15x36 [border: (3px solid #000000)]
                RenderText {#text} at (701,25) size 697x59
                  text run at (701,25) width 16: " at"
                  text run at (35,45) width 666: "most, as high as the top edge of the inline element containing the content just before the floating images"
                  text run at (20,65) width 130: "occur in the source. "
                  text run at (149,65) width 9: "*"
                RenderImage {IMG} at (5,65) size 15x36 [border: (3px solid #000000)]
                RenderText {#text} at (157,65) size 736x59
                  text run at (157,65) width 580: " In order to mark these points clearly, an asterisk has been inserted just before each floated"
                  text run at (20,85) width 48: "image. "
                  text run at (67,85) width 674: "If a line has room for a floated image, then the image should float so that its top is aligned with the top of"
                  text run at (5,105) width 274: "the line-box in which the asterisk appears. "
                  text run at (278,105) width 411: "Otherwise, its top should align with the top of the next line-box."
              RenderBlock {DIV} at (6,2633) size 490x330 [border: (5px solid #800080)]
                RenderText {#text} at (199,5) size 56x19
                  text run at (199,5) width 56: "This is *"
                RenderBlock (floating) {P} at (5,5) size 194x94 [bgcolor=#C0C0C0] [border: (1px solid #00FF00)]
                  RenderText {#text} at (17,17) size 135x59
                    text run at (17,17) width 135: "This is a left-floating"
                    text run at (17,37) width 116: "paragraph (first in"
                    text run at (17,57) width 52: "source)."
                RenderText {#text} at (254,5) size 13x19
                  text run at (254,5) width 13: " *"
                RenderBlock (floating) {P} at (291,5) size 194x94 [bgcolor=#C0C0C0] [border: (1px solid #00FF00)]
                  RenderText {#text} at (17,17) size 144x59
                    text run at (17,17) width 144: "This is a right-floating"
                    text run at (17,37) width 135: "paragraph (second in"
                    text run at (17,57) width 52: "source)."
                RenderText {#text} at (199,25) size 480x299
                  text run at (199,25) width 69: "text within"
                  text run at (199,45) width 54: "the DIV."
                  text run at (199,65) width 85: "Under CSS1,"
                  text run at (199,85) width 45: "the left"
                  text run at (5,105) width 469: "floating element should be placed in the upper left corner of the DIV, and"
                  text run at (5,125) width 465: "the purple border of the DIV should abut the green border of the floating"
                  text run at (5,145) width 59: "element. "
                  text run at (63,145) width 422: "Similarly, the right floating element should be placed in the upper"
                  text run at (5,165) width 467: "right corner of the DIV, and the purple border of the DIV should abut the"
                  text run at (5,185) width 466: "green border of the floating element. The text of the DIV element should"
                  text run at (5,205) width 435: "flow between and under the two floating elements. The two asterisk"
                  text run at (5,225) width 478: "characters mark the insertion points of the floating elements. It is expected"
                  text run at (5,245) width 479: "that, under future specifications, it may be acceptable for the top of floated"
                  text run at (5,265) width 475: "elements to align with the top of the line-box following the insertion point"
                  text run at (5,285) width 451: "of the floated element to avoid floating elements appearing before text"
                  text run at (5,305) width 269: "which precedes it in the source document."
              RenderBlock {DIV} at (6,2981) size 490x250 [border: (5px solid #800080)]
                RenderText {#text} at (20,5) size 56x19
                  text run at (20,5) width 56: "This is *"
                RenderImage {IMG} at (5,5) size 15x36 [border: (3px solid #000000)]
                RenderText {#text} at (75,5) size 13x19
                  text run at (75,5) width 13: " *"
                RenderImage {IMG} at (470,5) size 15x36 [border: (3px solid #000000)]
                RenderText {#text} at (87,5) size 472x239
                  text run at (87,5) width 135: " text within the DIV. "
                  text run at (221,5) width 232: "Under CSS1, the left floating image"
                  text run at (20,25) width 429: "should be placed in the upper left corner of the DIV, and the purple"
                  text run at (5,45) width 444: "border of the DIV should abut the green border of the floating image."
                  text run at (5,65) width 444: "Similarly, the right floating image should be placed in the upper right"
                  text run at (5,85) width 472: "corner of the DIV, and the purple border of the DIV should abut the green"
                  text run at (5,105) width 449: "border of the floating image. The text of the DIV element should flow"
                  text run at (5,125) width 452: "between and under the two floating image. The two asterisk characters"
                  text run at (5,145) width 306: "mark the insertion points of the floating image. "
                  text run at (310,145) width 158: "It is expected that, under"
                  text run at (5,165) width 467: "future specifications, it may be acceptable for the top of floated elements"
                  text run at (5,185) width 455: "to align with the top of the line-box following the insertion point of the"
                  text run at (5,205) width 453: "floated element to avoid floating elements appearing before text which"
                  text run at (5,225) width 226: "precedes it in the source document."
layer at (8,183) size 784x2 clip at (0,0) size 0x0
  RenderBlock {HR} at (0,175) size 784x2 [border: (1px inset #000000)]
layer at (32,265) size 590x2 clip at (0,0) size 0x0
  RenderBlock {HR} at (24,257) size 590x2 [border: (1px inset #000000)]
layer at (379,409) size 42x2 clip at (0,0) size 0x0
  RenderBlock {HR} at (371,401) size 42x2 [border: (1px inset #000000)]
layer at (32,513) size 590x2 clip at (0,0) size 0x0
  RenderBlock {HR} at (24,505) size 590x2 [border: (1px inset #000000)]
layer at (379,797) size 42x2 clip at (0,0) size 0x0
  RenderBlock {HR} at (371,789) size 42x2 [border: (1px inset #000000)]
layer at (32,1061) size 590x2 clip at (0,0) size 0x0
  RenderBlock {HR} at (24,1053) size 590x2 [border: (1px inset #000000)]
layer at (379,1479) size 42x2 clip at (0,0) size 0x0
  RenderBlock {HR} at (371,1471) size 42x2 [border: (1px inset #000000)]
layer at (32,1759) size 590x2 clip at (0,0) size 0x0
  RenderBlock {HR} at (24,1751) size 590x2 [border: (1px inset #000000)]
layer at (379,1923) size 42x2 clip at (0,0) size 0x0
  RenderBlock {HR} at (371,1915) size 42x2 [border: (1px inset #000000)]
layer at (32,2027) size 590x2 clip at (0,0) size 0x0
  RenderBlock {HR} at (24,2019) size 590x2 [border: (1px inset #000000)]
layer at (379,2192) size 42x2 clip at (0,0) size 0x0
  RenderBlock {HR} at (371,2184) size 42x2 [border: (1px inset #000000)]
layer at (32,2316) size 590x2 clip at (0,0) size 0x0
  RenderBlock {HR} at (24,2308) size 590x2 [border: (1px inset #000000)]
layer at (379,2640) size 42x2 clip at (0,0) size 0x0
  RenderBlock {HR} at (371,2632) size 42x2 [border: (1px inset #000000)]
layer at (32,2804) size 590x2 clip at (0,0) size 0x0
  RenderBlock {HR} at (24,2796) size 590x2 [border: (1px inset #000000)]
layer at (379,3168) size 42x2 clip at (0,0) size 0x0
  RenderBlock {HR} at (371,3160) size 42x2 [border: (1px inset #000000)]
layer at (32,3452) size 590x2 clip at (0,0) size 0x0
  RenderBlock {HR} at (24,3444) size 590x2 [border: (1px inset #000000)]
layer at (49,3595) size 574x2 clip at (0,0) size 0x0
  RenderBlock {HR} at (28,88) size 574x2 [border: (1px inset #000000)]
layer at (386,3739) size 40x2 clip at (0,0) size 0x0
  RenderBlock {HR} at (364,232) size 42x2 [border: (1px inset #000000)]
layer at (49,3843) size 574x2 clip at (0,0) size 0x0
  RenderBlock {HR} at (28,336) size 574x2 [border: (1px inset #000000)]
layer at (386,4127) size 40x2 clip at (0,0) size 0x0
  RenderBlock {HR} at (364,620) size 42x2 [border: (1px inset #000000)]
layer at (49,4391) size 574x2 clip at (0,0) size 0x0
  RenderBlock {HR} at (28,884) size 574x2 [border: (1px inset #000000)]
layer at (386,4809) size 40x2 clip at (0,0) size 0x0
  RenderBlock {HR} at (364,1302) size 42x2 [border: (1px inset #000000)]
layer at (49,5089) size 574x2 clip at (0,0) size 0x0
  RenderBlock {HR} at (28,1582) size 574x2 [border: (1px inset #000000)]
layer at (386,5253) size 40x2 clip at (0,0) size 0x0
  RenderBlock {HR} at (364,1746) size 42x2 [border: (1px inset #000000)]
layer at (49,5357) size 574x2 clip at (0,0) size 0x0
  RenderBlock {HR} at (28,1850) size 574x2 [border: (1px inset #000000)]
layer at (386,5541) size 40x2 clip at (0,0) size 0x0
  RenderBlock {HR} at (364,2034) size 42x2 [border: (1px inset #000000)]
layer at (49,5665) size 574x2 clip at (0,0) size 0x0
  RenderBlock {HR} at (28,2158) size 574x2 [border: (1px inset #000000)]
layer at (386,5950) size 40x2 clip at (0,0) size 0x0
  RenderBlock {HR} at (364,2443) size 42x2 [border: (1px inset #000000)]
layer at (49,6114) size 574x2 clip at (0,0) size 0x0
  RenderBlock {HR} at (28,2607) size 574x2 [border: (1px inset #000000)]
layer at (386,6478) size 40x2 clip at (0,0) size 0x0
  RenderBlock {HR} at (364,2971) size 42x2 [border: (1px inset #000000)]
layer at (49,6762) size 574x2 clip at (0,0) size 0x0
  RenderBlock {HR} at (28,3255) size 574x2 [border: (1px inset #000000)]
