layer at (0,0) size 800x2391
  RenderView at (0,0) size 800x600
layer at (0,0) size 800x2391
  RenderBlock {HTML} at (0,0) size 800x2391
    RenderBody {BODY} at (8,8) size 784x2375 [bgcolor=#CCCCCC]
      RenderBlock {P} at (0,0) size 784x20
        RenderText {#text} at (0,0) size 363x19
          text run at (0,0) width 363: "The style declarations which apply to the text below are:"
      RenderBlock {PRE} at (0,36) size 784x112
        RenderText {#text} at (0,0) size 492x112
          text run at (0,0) width 203: "IMG.one {display: inline;}"
          text run at (202,0) width 1: " "
          text run at (0,14) width 196: "IMG.two {display: block;}"
          text run at (195,14) width 1: " "
          text run at (0,28) width 203: "IMG.three {display: block;"
          text run at (202,28) width 1: " "
          text run at (0,42) width 492: "           margin-right: auto; margin-left: auto; width: auto;}"
          text run at (491,42) width 1: " "
          text run at (0,56) width 196: "IMG.four {display: block;"
          text run at (195,56) width 1: " "
          text run at (0,70) width 476: "          margin-right: auto; margin-left: auto; width: 50%;}"
          text run at (475,70) width 1: " "
          text run at (0,84) width 196: "IMG.five {display: block;"
          text run at (195,84) width 1: " "
          text run at (0,98) width 453: "          margin-right: 0; margin-left: auto; width: 50%;}"
          text run at (452,98) width 1: " "
      RenderBlock {HR} at (0,161) size 784x2 [border: (1px inset #000000)]
      RenderBlock {P} at (0,179) size 784x20
        RenderImage {IMG} at (0,0) size 15x15
        RenderText {#text} at (15,0) size 442x19
          text run at (15,0) width 442: "The image at the beginning of this sentence should be a 15px square."
      RenderImage {IMG} at (0,215) size 15x15
      RenderBlock {P} at (0,246) size 784x20
        RenderText {#text} at (0,0) size 498x19
          text run at (0,0) width 498: "The above image should be a 15px square with the same left edge as this text."
      RenderImage {IMG} at (384,282) size 16x15
      RenderBlock {P} at (0,313) size 784x20
        RenderText {#text} at (0,0) size 406x19
          text run at (0,0) width 406: "The above image should be a 15px square aligned at the center."
      RenderImage {IMG} at (196,349) size 392x392
      RenderBlock {P} at (0,757) size 784x40
        RenderText {#text} at (0,0) size 782x39
          text run at (0,0) width 782: "The above image should be a square resized so its width is 50% of the its parent element, and centered horizontally within"
          text run at (0,20) width 127: "the parent element: "
          text run at (126,20) width 405: "the document body in the first half, and the table in the second."
      RenderImage {IMG} at (392,813) size 392x392
      RenderBlock {P} at (0,1221) size 784x40
        RenderText {#text} at (0,0) size 774x39
          text run at (0,0) width 774: "The above image should be a square resized so its width is 50% of its parent element, and aligned at the right edge of the"
          text run at (0,20) width 104: "parent element: "
          text run at (103,20) width 404: "the document body in the first half, and the table in the second."
      RenderTable {TABLE} at (0,1277) size 784x1098 [border: (1px outset #808080)]
        RenderTableSection {TBODY} at (1,1) size 782x1096
          RenderTableRow {TR} at (0,0) size 782x28
            RenderTableCell {TD} at (0,0) size 782x28 [bgcolor=#C0C0C0] [border: (1px inset #808080)] [r=0 c=0 rs=1 cs=2]
              RenderInline {STRONG} at (0,0) size 161x19
                RenderText {#text} at (4,4) size 161x19
                  text run at (4,4) width 161: "TABLE Testing Section"
          RenderTableRow {TR} at (0,28) size 782x1068
            RenderTableCell {TD} at (0,548) size 12x28 [bgcolor=#C0C0C0] [border: (1px inset #808080)] [r=1 c=0 rs=1 cs=1]
              RenderText {#text} at (4,4) size 4x19
                text run at (4,4) width 4: " "
            RenderTableCell {TD} at (12,28) size 770x1068 [border: (1px inset #808080)] [r=1 c=1 rs=1 cs=1]
              RenderBlock {P} at (4,4) size 762x20
                RenderImage {IMG} at (0,0) size 15x15
                RenderText {#text} at (15,0) size 442x19
                  text run at (15,0) width 442: "The image at the beginning of this sentence should be a 15px square."
              RenderImage {IMG} at (4,40) size 15x15
              RenderBlock {P} at (4,71) size 762x20
                RenderText {#text} at (0,0) size 498x19
                  text run at (0,0) width 498: "The above image should be a 15px square with the same left edge as this text."
              RenderImage {IMG} at (377,107) size 16x15
              RenderBlock {P} at (4,138) size 762x20
                RenderText {#text} at (0,0) size 406x19
                  text run at (0,0) width 406: "The above image should be a 15px square aligned at the center."
              RenderImage {IMG} at (194,174) size 382x381
              RenderBlock {P} at (4,571) size 762x40
                RenderText {#text} at (0,0) size 738x39
                  text run at (0,0) width 738: "The above image should be a square resized so its width is 50% of the its parent element, and centered horizontally"
                  text run at (0,20) width 172: "within the parent element: "
                  text run at (171,20) width 404: "the document body in the first half, and the table in the second."
              RenderImage {IMG} at (385,627) size 381x381
              RenderBlock {P} at (4,1024) size 762x40
                RenderText {#text} at (0,0) size 750x39
                  text run at (0,0) width 750: "The above image should be a square resized so its width is 50% of its parent element, and aligned at the right edge of"
                  text run at (0,20) width 127: "the parent element: "
                  text run at (126,20) width 405: "the document body in the first half, and the table in the second."
