layer at (0,0) size 800x600
  RenderView at (0,0) size 800x600
layer at (0,0) size 800x600
  RenderBlock {HTML} at (0,0) size 800x600
    RenderBody {BODY} at (8,8) size 784x576
      RenderBlock {P} at (0,0) size 784x60
        RenderText {#text} at (0,0) size 770x59
          text run at (0,0) width 535: "In this test, you should see three blocks that are centered horizontally within a black box. "
          text run at (535,0) width 229: "They should be stacked vertically with"
          text run at (0,20) width 258: "the green box in between two olive boxes. "
          text run at (258,20) width 512: "The olive boxes and the green box should be 100x100, and there should be 50 pixels"
          text run at (0,40) width 253: "of padding on either side of the box stack."
layer at (8,84) size 240x340
  RenderBlock (positioned) {DIV} at (8,84) size 240x340 [border: (20px solid #000000)]
    RenderBlock {DIV} at (70,70) size 100x0
layer at (78,204) size 100x100
  RenderBlock (positioned) {SPAN} at (70,120) size 100x100 [bgcolor=#008000]
layer at (78,104) size 100x100
  RenderBlock (positioned) {DIV} at (70,20) size 100x100 [bgcolor=#808000]
layer at (78,304) size 100x100
  RenderBlock (positioned) {DIV} at (70,220) size 100x100 [bgcolor=#808000]
