layer at (0,0) size 800x600
  RenderView at (0,0) size 800x600
layer at (0,0) size 800x600
  RenderBlock {HTML} at (0,0) size 800x600
    RenderBody {BODY} at (8,8) size 784x576
      RenderBlock {P} at (0,0) size 784x60
        RenderText {#text} at (0,0) size 771x59
          text run at (0,0) width 483: "In this test, you should see three blocks that are aligned right within a black box. "
          text run at (483,0) width 288: "They should be stacked vertically with the green"
          text run at (0,20) width 199: "box in between two olive boxes. "
          text run at (199,20) width 536: "The olive boxes and the green box should be 100x100, and there should be 100 pixels of"
          text run at (0,40) width 252: "padding on the right side of the box stack."
layer at (8,84) size 240x340
  RenderBlock (positioned) {DIV} at (8,84) size 240x340 [border: (20px solid #000000)]
    RenderBlock {DIV} at (120,70) size 100x0
layer at (128,204) size 100x100
  RenderBlock (positioned) {DIV} at (120,120) size 100x100 [bgcolor=#008000]
layer at (128,104) size 100x100
  RenderBlock (positioned) {DIV} at (120,20) size 100x100 [bgcolor=#808000]
layer at (128,304) size 100x100
  RenderBlock (positioned) {DIV} at (120,220) size 100x100 [bgcolor=#808000]
