layer at (0,0) size 800x600
  RenderView at (0,0) size 800x600
layer at (0,0) size 800x600
  RenderBlock {HTML} at (0,0) size 800x600
    RenderBody {BODY} at (8,8) size 784x576
      RenderBlock (anonymous) at (0,0) size 784x60
        RenderText {#text} at (0,0) size 771x59
          text run at (0,0) width 483: "In this test, you should see three blocks that are aligned right within a black box. "
          text run at (483,0) width 288: "They should be stacked vertically with the green"
          text run at (0,20) width 199: "box in between two olive boxes. "
          text run at (199,20) width 536: "The olive boxes and the green box should be 100x100, and there should be 100 pixels of"
          text run at (0,40) width 244: "padding on the left side of the box stack."
layer at (8,84) size 784x40
  RenderBlock (relative positioned) {DIV} at (0,76) size 784x40
    RenderText {#text} at (1,0) size 783x39
      text run at (1,0) width 783: "The black box's top should be aligned with the end of the last line in this parargaph and its right side should begin right after the end"
      text run at (688,20) width 4 RTL: "."
      text run at (692,20) width 92: "of this sentence"
    RenderText {#text} at (0,0) size 0x0
layer at (456,104) size 240x340
  RenderBlock (positioned) {SPAN} at (448,20) size 240x340 [border: (20px solid #000000)]
layer at (576,224) size 100x100
  RenderBlock (positioned) {DIV} at (120,120) size 100x100 [bgcolor=#008000]
layer at (576,124) size 100x100
  RenderBlock (positioned) {DIV} at (120,20) size 100x100 [bgcolor=#808000]
layer at (576,324) size 100x100
  RenderBlock (positioned) {DIV} at (120,220) size 100x100 [bgcolor=#808000]
