layer at (0,0) size 785x1640
  RenderView at (0,0) size 785x600
layer at (0,0) size 785x600
  RenderBlock {HTML} at (0,0) size 785x600
    RenderBody {BODY} at (8,8) size 769x584
layer at (8,8) size 202x1632
  RenderBlock (positioned) {DIV} at (8,8) size 202x1632
    RenderBlock {P} at (0,72) size 202x84
      RenderInline {A} at (0,0) size 166x81 [color=#0000EE]
        RenderText {#text} at (0,1) size 166x81
          text run at (0,1) width 166: "link 1"
    RenderBlock {P} at (0,228) size 202x84
      RenderInline {A} at (0,0) size 166x81 [color=#0000EE]
        RenderText {#text} at (0,1) size 166x81
          text run at (0,1) width 166: "link 2"
    RenderBlock {P} at (0,384) size 202x84
      RenderInline {A} at (0,0) size 166x81 [color=#0000EE]
        RenderText {#text} at (0,1) size 166x81
          text run at (0,1) width 166: "link 3"
    RenderBlock {P} at (0,540) size 202x84
      RenderInline {A} at (0,0) size 166x81 [color=#0000EE]
        RenderText {#text} at (0,1) size 166x81
          text run at (0,1) width 166: "link 4"
    RenderBlock {P} at (0,696) size 202x84
      RenderInline {A} at (0,0) size 166x81 [color=#0000EE]
        RenderText {#text} at (0,1) size 166x81
          text run at (0,1) width 166: "link 5"
    RenderBlock {P} at (0,852) size 202x84
      RenderInline {A} at (0,0) size 166x81 [color=#0000EE]
        RenderText {#text} at (0,1) size 166x81
          text run at (0,1) width 166: "link 6"
    RenderBlock {P} at (0,1008) size 202x84
      RenderInline {A} at (0,0) size 166x81 [color=#0000EE]
        RenderText {#text} at (0,1) size 166x81
          text run at (0,1) width 166: "link 7"
    RenderBlock {P} at (0,1164) size 202x84
      RenderInline {A} at (0,0) size 166x81 [color=#0000EE]
        RenderText {#text} at (0,1) size 166x81
          text run at (0,1) width 166: "link 8"
    RenderBlock {P} at (0,1320) size 202x84
      RenderInline {A} at (0,0) size 166x81 [color=#0000EE]
        RenderText {#text} at (0,1) size 166x81
          text run at (0,1) width 166: "link 9"
    RenderBlock {P} at (0,1476) size 202x84
      RenderInline {A} at (0,0) size 202x81 [color=#0000EE]
        RenderText {#text} at (0,1) size 202x81
          text run at (0,1) width 202: "link 10"
