layer at (0,0) size 800x600
  RenderView at (0,0) size 800x600
layer at (378,0) size 422x600
  RenderBlock {HTML} at (0,0) size 422x600
    RenderBody {BODY} at (8,8) size 406x584
      RenderBlock {DIV} at (0,0) size 220x584 [border: (10px dotted #0000FF)]
        RenderTable {TABLE} at (10,10) size 200x322 [border: (5px solid #FF0000)]
          RenderTableSection {TBODY} at (5,5) size 170x312
            RenderTableRow {TR} at (0,0) size 40x312
              RenderTableCell {TD} at (0,0) size 40x312 [border: (5px solid #008000)] [r=0 c=0 rs=1 cs=1]
                RenderText {#text} at (6,6) size 18x35
                  text run at (6,6) width 35: "Hello"
            RenderTableRow {TR} at (0,40) size 60x312
              RenderTableCell {TD} at (40,0) size 60x312 [border: (15px solid #0000FF)] [r=1 c=0 rs=1 cs=1]
                RenderText {#text} at (16,16) size 18x59
                  text run at (16,16) width 59: "Goodbye"
            RenderTableRow {TR} at (0,100) size 70x312
              RenderTableCell {TD} at (100,0) size 70x312 [border: (25px solid #FF0000)] [r=2 c=0 rs=1 cs=1]
                RenderText {#text} at (26,26) size 18x59
                  text run at (26,26) width 59: "Goodbye"
      RenderBlock {DIV} at (380,0) size 26x584 [border: (1px solid #008000)]
        RenderTable {TABLE} at (1,1) size 24x33 [border: (1px none #808080)]
          RenderTableSection {TBODY} at (1,1) size 22x31
            RenderTableRow {TR} at (0,0) size 22x31
              RenderTableCell {TD} at (0,0) size 22x31 [border: (1px solid #000000)] [r=0 c=0 rs=1 cs=1]
                RenderText {#text} at (2,2) size 18x27
                  text run at (2,2) width 27: "Test"
