layer at (0,0) size 800x600
  RenderView at (0,0) size 800x600
layer at (0,0) size 800x574
  RenderBlock {HTML} at (0,0) size 800x574
    RenderBody {BODY} at (8,8) size 784x0
      RenderBlock (floating) {DIV} at (8,8) size 366x146 [border: (3px solid #000000)]
        RenderText {#text} at (3,3) size 273x28
          text run at (3,3) width 273: "Lorem ipsum dolor sit amet,"
        RenderInline {SPAN} at (3,45) size 214x28
          RenderText {#text} at (3,45) size 214x28
            text run at (3,45) width 214: "consectetur adipiscing"
        RenderText {#text} at (216,45) size 134x28
          text run at (216,45) width 7: " "
          text run at (222,45) width 128: "elit. Aliquam"
        RenderInline {SPAN} at (3,73) size 110x28
          RenderText {#text} at (3,73) size 110x28
            text run at (3,73) width 110: "odio sapien"
        RenderText {#text} at (3,73) size 334x70
          text run at (112,73) width 13: ", "
          text run at (124,73) width 213: "lobortis eu iaculis vel,"
          text run at (3,115) width 208: "scelerisque nec dolor."
      RenderBlock (floating) {DIV} at (390,8) size 366x146 [border: (3px solid #000000)]
        RenderText {#text} at (3,3) size 273x28
          text run at (3,3) width 273: "Lorem ipsum dolor sit amet,"
        RenderInline {SPAN} at (3,45) size 214x28
          RenderText {#text} at (3,45) size 214x28
            text run at (3,45) width 214: "consectetur adipiscing"
        RenderText {#text} at (216,45) size 134x28
          text run at (216,45) width 7: " "
          text run at (222,45) width 128: "elit. Aliquam"
        RenderInline {SPAN} at (3,73) size 110x28
          RenderText {#text} at (3,73) size 110x28
            text run at (3,73) width 110: "odio sa\x{300}pien"
        RenderText {#text} at (3,73) size 334x70
          text run at (112,73) width 13: ", "
          text run at (124,73) width 213: "lobortis eu iaculis vel,"
          text run at (3,115) width 208: "scelerisque nec dolor."
      RenderBlock (floating) {DIV} at (8,170) size 366x166 [border: (3px solid #000000)]
        RenderText {#text} at (3,17) size 70x29
          text run at (3,17) width 70: "Lorem "
        RenderInline {SPAN} at (72,17) size 60x29
          RenderText {#text} at (72,17) size 60x29
            text run at (72,17) width 60: "ipsum"
        RenderText {#text} at (131,17) size 7x29
          text run at (131,17) width 7: " "
        RenderInline {SPAN} at (137,17) size 52x29
          RenderText {#text} at (137,17) size 52x29
            text run at (137,17) width 52: "dolor"
        RenderText {#text} at (188,17) size 7x29
          text run at (188,17) width 7: " "
        RenderInline {SPAN} at (194,17) size 23x29
          RenderText {#text} at (194,17) size 23x29
            text run at (194,17) width 23: "sit"
        RenderText {#text} at (216,17) size 7x29
          text run at (216,17) width 7: " "
        RenderInline {SPAN} at (222,17) size 48x29
          RenderText {#text} at (222,17) size 48x29
            text run at (222,17) width 48: "amet"
        RenderText {#text} at (269,17) size 7x29
          text run at (269,17) width 7: ","
        RenderInline {SPAN} at (3,61) size 110x29
          RenderText {#text} at (3,61) size 110x29
            text run at (3,61) width 110: "consectetur"
        RenderText {#text} at (112,61) size 7x29
          text run at (112,61) width 7: " "
        RenderInline {SPAN} at (118,61) size 99x29
          RenderText {#text} at (118,61) size 99x29
            text run at (118,61) width 99: "adipiscing"
        RenderText {#text} at (216,61) size 7x29
          text run at (216,61) width 7: " "
        RenderInline {SPAN} at (222,61) size 32x29
          RenderText {#text} at (222,61) size 32x29
            text run at (222,61) width 32: "elit"
        RenderText {#text} at (253,61) size 13x29
          text run at (253,61) width 13: ". "
        RenderInline {SPAN} at (265,61) size 85x29
          RenderText {#text} at (265,61) size 85x29
            text run at (265,61) width 85: "Aliquam"
        RenderText {#text} at (349,61) size 7x29
          text run at (349,61) width 7: ","
        RenderInline {SPAN} at (3,106) size 43x29
          RenderText {#text} at (3,106) size 43x29
            text run at (3,106) width 43: "odio"
        RenderText {#text} at (45,106) size 7x29
          text run at (45,106) width 7: " "
        RenderInline {SPAN} at (51,106) size 62x29
          RenderText {#text} at (51,106) size 62x29
            text run at (51,106) width 62: "sapien"
        RenderText {#text} at (112,106) size 13x29
          text run at (112,106) width 13: ", "
        RenderInline {SPAN} at (124,106) size 75x29
          RenderText {#text} at (124,106) size 75x29
            text run at (124,106) width 75: "lobortis"
        RenderText {#text} at (3,106) size 334x57
          text run at (198,106) width 7: " "
          text run at (204,106) width 133: "eu iaculis vel,"
          text run at (3,134) width 208: "scelerisque nec dolor."
      RenderBlock (floating) {DIV} at (390,170) size 366x166 [border: (3px solid #000000)]
        RenderText {#text} at (3,3) size 70x28
          text run at (3,3) width 70: "Lorem "
        RenderInline {SPAN} at (72,17) size 60x29
          RenderText {#text} at (72,3) size 60x28
            text run at (72,3) width 60: "ipsum"
        RenderText {#text} at (131,3) size 7x28
          text run at (131,3) width 7: " "
        RenderInline {SPAN} at (137,17) size 52x29
          RenderText {#text} at (137,3) size 52x28
            text run at (137,3) width 52: "dolor"
        RenderText {#text} at (188,3) size 7x28
          text run at (188,3) width 7: " "
        RenderInline {SPAN} at (194,17) size 23x29
          RenderText {#text} at (194,3) size 23x28
            text run at (194,3) width 23: "sit"
        RenderText {#text} at (216,3) size 7x28
          text run at (216,3) width 7: " "
        RenderInline {SPAN} at (222,17) size 48x29
          RenderText {#text} at (222,3) size 48x28
            text run at (222,3) width 48: "amet"
        RenderText {#text} at (269,3) size 7x28
          text run at (269,3) width 7: ","
        RenderInline {SPAN} at (3,61) size 110x29
          RenderText {#text} at (3,45) size 110x29
            text run at (3,45) width 110: "consectetur"
        RenderText {#text} at (112,45) size 7x29
          text run at (112,45) width 7: " "
        RenderInline {SPAN} at (118,61) size 99x29
          RenderText {#text} at (118,45) size 99x29
            text run at (118,45) width 99: "adipiscing"
        RenderText {#text} at (216,45) size 7x29
          text run at (216,45) width 7: " "
        RenderInline {SPAN} at (222,61) size 32x29
          RenderText {#text} at (222,45) size 32x29
            text run at (222,45) width 32: "elit"
        RenderText {#text} at (253,45) size 13x29
          text run at (253,45) width 13: ". "
        RenderInline {SPAN} at (265,61) size 85x29
          RenderText {#text} at (265,45) size 85x29
            text run at (265,45) width 85: "Aliquam"
        RenderText {#text} at (349,45) size 7x29
          text run at (349,45) width 7: ","
        RenderInline {SPAN} at (3,106) size 43x29
          RenderText {#text} at (3,89) size 43x29
            text run at (3,89) width 43: "odio"
        RenderText {#text} at (45,89) size 7x29
          text run at (45,89) width 7: " "
        RenderInline {SPAN} at (51,106) size 62x29
          RenderText {#text} at (51,89) size 62x29
            text run at (51,89) width 62: "sapien"
        RenderText {#text} at (112,89) size 13x29
          text run at (112,89) width 13: ", "
        RenderInline {SPAN} at (124,106) size 75x29
          RenderText {#text} at (124,89) size 75x29
            text run at (124,89) width 75: "lobortis"
        RenderText {#text} at (3,89) size 334x74
          text run at (198,89) width 7: " "
          text run at (204,89) width 133: "eu iaculis vel,"
          text run at (3,134) width 208: "scelerisque nec dolor."
      RenderBlock (floating) {DIV} at (8,351) size 366x207 [border: (3px solid #000000)]
        RenderText {#text} at (3,13) size 273x28
          text run at (3,13) width 273: "Lorem ipsum dolor sit amet,"
        RenderInline {SPAN} at (3,65) size 214x28
          RenderText {#text} at (3,65) size 214x28
            text run at (3,65) width 214: "consectetur adipiscing"
        RenderText {#text} at (216,65) size 134x28
          text run at (216,65) width 7: " "
          text run at (222,65) width 128: "elit. Aliquam"
        RenderInline {SPAN} at (3,113) size 110x28
          RenderText {#text} at (3,113) size 110x28
            text run at (3,113) width 110: "odio sapien"
        RenderText {#text} at (3,113) size 334x80
          text run at (112,113) width 13: ", "
          text run at (124,113) width 213: "lobortis eu iaculis vel,"
          text run at (3,165) width 208: "scelerisque nec dolor."
      RenderBlock (floating) {DIV} at (390,351) size 366x147 [border: (3px solid #000000)]
        RenderText {#text} at (3,3) size 273x28
          text run at (3,3) width 273: "Lorem ipsum dolor sit amet,"
        RenderInline {SPAN} at (3,45) size 214x28
          RenderText {#text} at (3,45) size 214x28
            text run at (3,45) width 214: "consectetur adipiscing"
        RenderText {#text} at (216,45) size 134x28
          text run at (216,45) width 7: " "
          text run at (222,45) width 128: "elit. Aliquam"
        RenderInline {SPAN} at (3,73) size 110x28
          RenderText {#text} at (3,73) size 110x28
            text run at (3,73) width 110: "odio sapien"
        RenderText {#text} at (3,73) size 334x70
          text run at (112,73) width 13: ", "
          text run at (124,73) width 213: "lobortis eu iaculis vel,"
          text run at (3,115) width 208: "scelerisque nec dolor."
selection start: position 10 of child 0 {#text} of child 1 {SPAN} of child 10 {DIV} of body
selection end:   position 7 of child 0 {#text} of child 3 {SPAN} of child 10 {DIV} of body
