layer at (0,0) size 800x600
  RenderView at (0,0) size 800x600
layer at (0,0) size 800x76
  RenderBlock {HTML} at (0,0) size 800x76
    RenderBody {BODY} at (8,8) size 784x60
      RenderTable {TABLE} at (0,0) size 110x60 [border: (2px none #808080)]
        RenderTableSection {TBODY} at (2,22) size 106x36
          RenderTableRow {TR} at (0,0) size 106x36
            RenderTableCell {TD} at (0,15) size 106x6 [border: (2px solid #FFA500)] [r=0 c=0 rs=1 cs=1]
layer at (8,108) size 110x20
  RenderBlock (relative positioned) {CAPTION} at (0,0) size 110x20 [border: (4px solid #008000)]
    RenderText {#text} at (31,4) size 48x12
      text run at (31,4) width 48: "xxxx"
