layer at (0,0) size 800x600
  RenderView at (0,0) size 800x600
layer at (0,0) size 800x600
  RenderBlock {HTML} at (0,0) size 800x600
    RenderBody {BODY} at (8,8) size 784x584
      RenderBlock {DIV} at (0,0) size 100x100 [color=#008000] [bgcolor=#FF0000]
        RenderText {#text} at (0,0) size 100x100
          text run at (0,0) width 100: "_fail"
          text run at (0,20) width 100: "fail_"
          text run at (0,40) width 100: "_fail"
          text run at (0,60) width 100: "fail_"
          text run at (0,80) width 100: "_fail"
