layer at (0,0) size 800x600
  RenderView at (0,0) size 800x600
layer at (0,0) size 800x600
  RenderBlock {HTML} at (0,0) size 800x600
    RenderBody {BODY} at (8,8) size 784x584
      RenderBlock {DIV} at (0,0) size 784x10
        RenderText {#text} at (0,-1) size 440x11
          text run at (0,-1) width 440: "This should be fairly small text, rather than huge, it should also be set in sans-serif rather than serif."
