layer at (0,0) size 800x600
  RenderView at (0,0) size 800x600
layer at (0,0) size 800x600
  RenderBlock {HTML} at (0,0) size 800x600
    RenderBody {BODY} at (8,8) size 784x584
      RenderBlock {P} at (0,0) size 784x18
        RenderText {#text} at (0,0) size 57x17
          text run at (0,0) width 57: "Test for "
        RenderInline {I} at (0,0) size 640x17
          RenderInline {A} at (0,0) size 331x17 [color=#0000EE]
            RenderText {#text} at (56,0) size 331x17
              text run at (56,0) width 331: "http://bugs.webkit.org/show_bug.cgi?id=16348"
          RenderText {#text} at (386,0) size 310x17
            text run at (386,0) width 5: " "
            text run at (390,0) width 306: "@font-face does not affect the default style"
        RenderText {#text} at (695,0) size 5x17
          text run at (695,0) width 5: "."
      RenderBlock (anonymous) at (0,34) size 784x18
        RenderText {#text} at (0,0) size 193x17
          text run at (0,0) width 193: "This text should be in Arial."
