layer at (0,0) size 800x600
  RenderView at (0,0) size 800x600
layer at (0,0) size 800x600
  RenderBlock {HTML} at (0,0) size 800x600
    RenderBody {BODY} at (8,8) size 784x584
      RenderBlock {DIV} at (0,0) size 100x100 [color=#008000] [bgcolor=#FF0000]
        RenderText {#text} at (0,0) size 100x20
          text run at (0,0) width 100: "FAIL_"
        RenderBR {BR} at (100,0) size 0x20
        RenderText {#text} at (0,20) size 100x20
          text run at (0,20) width 100: "XXXXX"
        RenderBR {BR} at (100,20) size 0x20
        RenderText {#text} at (0,40) size 100x20
          text run at (0,40) width 100: "XXXXX"
        RenderBR {BR} at (100,40) size 0x20
        RenderText {#text} at (0,60) size 100x20
          text run at (0,60) width 100: "XXXXX"
        RenderBR {BR} at (100,60) size 0x20
        RenderText {#text} at (0,80) size 100x20
          text run at (0,80) width 100: "_FAIL"
        RenderBR {BR} at (100,80) size 0x20
