layer at (0,0) size 800x600
  RenderView at (0,0) size 800x600
layer at (0,0) size 800x316
  RenderBlock {HTML} at (0,0) size 800x316
    RenderBody {BODY} at (8,8) size 784x300
      RenderTable {TABLE} at (0,0) size 228x300
        RenderTableSection {TBODY} at (0,0) size 228x300
          RenderTableRow {TR} at (0,2) size 228x147
            RenderTableCell {TD} at (2,2) size 102x147 [r=0 c=0 rs=1 cs=1]
              RenderBlock {PRE} at (1,14) size 100x15
                RenderText {#text} at (0,0) size 32x15
                  text run at (0,0) width 32: "auto"
              RenderBlock (anonymous) at (1,42) size 100x104
                RenderImage {IMG} at (0,0) size 100x100
                RenderText {#text} at (0,0) size 0x0
            RenderTableCell {TD} at (106,2) size 120x147 [r=0 c=1 rs=1 cs=1]
              RenderBlock {PRE} at (1,14) size 118x15
                RenderText {#text} at (0,0) size 118x15
                  text run at (0,0) width 118: "optimizeQuality"
              RenderBlock (anonymous) at (1,42) size 118x104
                RenderImage {IMG} at (0,0) size 100x100
                RenderText {#text} at (0,0) size 0x0
          RenderTableRow {TR} at (0,151) size 228x147
            RenderTableCell {TD} at (2,151) size 102x147 [r=1 c=0 rs=1 cs=1]
              RenderBlock {PRE} at (1,14) size 100x15
                RenderText {#text} at (0,0) size 86x15
                  text run at (0,0) width 86: "crisp-edges"
              RenderBlock (anonymous) at (1,42) size 100x104
                RenderImage {IMG} at (0,0) size 100x100
                RenderText {#text} at (0,0) size 0x0
            RenderTableCell {TD} at (106,151) size 120x147 [r=1 c=1 rs=1 cs=1]
              RenderBlock {PRE} at (1,14) size 118x15
                RenderText {#text} at (0,0) size 102x15
                  text run at (0,0) width 102: "optimizeSpeed"
              RenderBlock (anonymous) at (1,42) size 118x104
                RenderImage {IMG} at (0,0) size 100x100
                RenderText {#text} at (0,0) size 0x0
