layer at (0,0) size 800x600
  RenderView at (0,0) size 800x600
layer at (0,0) size 800x600
  RenderBlock {HTML} at (0,0) size 800x600
    RenderBody {BODY} at (8,8) size 784x584
      RenderInline {B} at (0,0) size 96x17
        RenderText {#text} at (0,26) size 24x17
          text run at (0,26) width 24: "___"
        RenderInline {B} at (0,0) size 72x17
          RenderText {#text} at (24,66) size 24x17
            text run at (24,66) width 24: "___"
          RenderInline {B} at (0,0) size 48x17
            RenderText {#text} at (48,106) size 24x17
              text run at (48,106) width 24: "___"
            RenderInline {B} at (0,0) size 24x17
              RenderText {#text} at (72,146) size 24x17
                text run at (72,146) width 24: "___"
