layer at (0,0) size 800x600
  RenderView at (0,0) size 800x600
layer at (0,0) size 800x260
  RenderBlock {HTML} at (0,0) size 800x260
    RenderBody {BODY} at (8,16) size 784x236
      RenderBlock {P} at (0,0) size 784x20
        RenderText {#text} at (0,0) size 378x19
          text run at (0,0) width 378: "Test for negative spacing values in complex text rendering."
      RenderBlock (anonymous) at (0,36) size 784x20
        RenderText {#text} at (0,0) size 517x19
          text run at (0,0) width 517: "Each green box should be identical to the blue box it follows, except for accents."
      RenderBlock {HR} at (0,64) size 784x2 [border: (1px inset #000000)]
      RenderTable {TABLE} at (0,74) size 414x162
        RenderTableSection {TBODY} at (0,0) size 414x162
          RenderTableRow {TR} at (0,2) size 414x22
            RenderTableCell {TD} at (2,2) size 204x22 [r=0 c=0 rs=1 cs=1]
              RenderText {#text} at (57,1) size 90x19
                text run at (57,1) width 90: "Word spacing"
            RenderTableCell {TD} at (208,2) size 204x22 [r=0 c=1 rs=1 cs=1]
              RenderText {#text} at (56,1) size 92x19
                text run at (56,1) width 92: "Letter spacing"
          RenderTableRow {TR} at (0,26) size 414x134
            RenderTableCell {TD} at (2,26) size 204x134 [r=1 c=0 rs=1 cs=1]
              RenderBlock {DIV} at (1,1) size 202x132
                RenderBlock {DIV} at (0,0) size 202x38 [border: (1px solid #0000FF)]
                  RenderText {#text} at (46,-1) size 172x39
                    text run at (46,-1) width 155 RTL: "\x{5D9}\x{5B0}\x{5D4}\x{5B4}\x{5D9}, \x{5D0}\x{5B8}\x{5D7}\x{5B4}\x{5D9}, \x{5DC}\x{5B0}\x{5DA}\x{5B8} \x{5E1}\x{5B5}\x{5E4}\x{5B6}\x{5E8} \x{5E9}\x{5C1}\x{5B0}\x{5DC}\x{5B7}\x{5D7}\x{5B0}\x{5EA}\x{5BC}\x{5B4}\x{5D9}\x{5D5}"
                    text run at (29,17) width 119 RTL: "\x{5E6}\x{5B0}\x{5DE}\x{5B4}\x{5D9}\x{5EA}\x{5D5}\x{5BC}\x{5EA} \x{5DC}\x{5B8}\x{5DA}\x{5B0} \x{5DE}\x{5B0}\x{5DB}\x{5B7}\x{5E8}\x{5B0}\x{5EA}\x{5BC}\x{5B4}\x{5D9}\x{5D5}."
                    text run at (147,17) width 54 RTL: "\x{5D5}\x{5BC}\x{5DE}\x{5B4}\x{5DE}\x{5B0}\x{5DB}\x{5BC}\x{5B6}\x{5E8}\x{5B6}\x{5EA} "
                RenderBlock {DIV} at (0,43) size 202x42 [border: (1px solid #0000FF)]
                  RenderText {#text} at (1,1) size 175x39
                    text run at (1,1) width 174: "Lore\x{300}m ipsum dolor sit ame\x{300}t,"
                    text run at (1,21) width 175: "consectetuer adipiscing e\x{300}lit."
                RenderBlock {DIV} at (0,90) size 202x42 [border: (1px solid #008000)]
                  RenderText {#text} at (1,1) size 175x39
                    text run at (1,1) width 174: "Lorem ipsum dolor sit amet,"
                    text run at (1,21) width 175: "consectetuer adipiscing elit."
            RenderTableCell {TD} at (208,26) size 204x134 [r=1 c=1 rs=1 cs=1]
              RenderBlock {DIV} at (1,1) size 202x132
                RenderBlock {DIV} at (0,0) size 202x38 [border: (1px solid #0000FF)]
                  RenderText {#text} at (27,-1) size 174x39
                    text run at (27,-1) width 174 RTL: "\x{5D9}\x{5B0}\x{5D4}\x{5B4}\x{5D9}, \x{5D0}\x{5B8}\x{5D7}\x{5B4}\x{5D9}, \x{5DC}\x{5B0}\x{5DA}\x{5B8} \x{5E1}\x{5B5}\x{5E4}\x{5B6}\x{5E8} \x{5E9}\x{5C1}\x{5B0}\x{5DC}\x{5B7}\x{5D7}\x{5B0}\x{5EA}\x{5BC}\x{5B4}\x{5D9}\x{5D5} \x{5D5}\x{5BC}\x{5DE}\x{5B4}\x{5DE}\x{5B0}\x{5DB}\x{5BC}\x{5B6}\x{5E8}\x{5B6}\x{5EA}"
                    text run at (102,17) width 99 RTL: "\x{5E6}\x{5B0}\x{5DE}\x{5B4}\x{5D9}\x{5EA}\x{5D5}\x{5BC}\x{5EA} \x{5DC}\x{5B8}\x{5DA}\x{5B0} \x{5DE}\x{5B0}\x{5DB}\x{5B7}\x{5E8}\x{5B0}\x{5EA}\x{5BC}\x{5B4}\x{5D9}\x{5D5}."
                RenderBlock {DIV} at (0,43) size 202x42 [border: (1px solid #0000FF)]
                  RenderText {#text} at (1,1) size 155x39
                    text run at (1,1) width 155: "Lore\x{300}m ipsum dolor sit ame\x{300}t,"
                    text run at (1,21) width 150: "consectetue\x{300}r adipiscing e\x{300}lit."
                RenderBlock {DIV} at (0,90) size 202x42 [border: (1px solid #008000)]
                  RenderText {#text} at (1,1) size 155x39
                    text run at (1,1) width 155: "Lorem ipsum dolor sit amet,"
                    text run at (1,21) width 150: "consectetuer adipiscing elit."
