layer at (0,0) size 800x600
  RenderView at (0,0) size 800x600
layer at (0,0) size 800x600
  RenderBlock {HTML} at (0,0) size 800x600
    RenderBody {BODY} at (8,8) size 784x584
      RenderBlock {P} at (0,0) size 784x40
        RenderText {#text} at (0,0) size 54x19
          text run at (0,0) width 54: "Test for "
        RenderInline {I} at (0,0) size 782x39
          RenderInline {A} at (0,0) size 305x19 [color=#0000EE]
            RenderText {#text} at (53,0) size 305x19
              text run at (53,0) width 305: "http://bugs.webkit.org/show_bug.cgi?id=13153"
          RenderText {#text} at (357,0) size 782x39
            text run at (357,0) width 5: " "
            text run at (361,0) width 421: "REGRESSION: Visual highlighting of pre-populated blank line in"
            text run at (0,20) width 115: "textarea is broken"
        RenderText {#text} at (114,20) size 5x19
          text run at (114,20) width 5: "."
      RenderBlock {P} at (0,56) size 784x20
        RenderText {#text} at (0,0) size 339x19
          text run at (0,0) width 339: "Testing the highlighting of and near hard line breaks."
      RenderBlock (anonymous) at (0,92) size 784x80
        RenderIFrame {IFRAME} at (4,4) size 62x72 [border: (1px solid #0000FF)]
          layer at (0,0) size 60x70
            RenderView at (0,0) size 60x70
          layer at (0,0) size 60x70
            RenderBlock {HTML} at (0,0) size 60x70
              RenderBody {BODY} at (8,8) size 44x54
                RenderBlock {PRE} at (0,0) size 44x42
                  RenderText {#text} at (0,0) size 24x42
                    text run at (0,0) width 24: "foo"
                    text run at (23,0) width 1: " "
                    text run at (0,14) width 0: " "
                    text run at (0,28) width 24: "bar"
        RenderIFrame {IFRAME} at (74,4) size 62x72 [border: (1px solid #0000FF)]
          layer at (0,0) size 60x70
            RenderView at (0,0) size 60x70
          layer at (0,0) size 60x70
            RenderBlock {HTML} at (0,0) size 60x70
              RenderBody {BODY} at (8,8) size 44x54
                RenderBlock {PRE} at (0,0) size 44x42
                  RenderText {#text} at (0,0) size 24x42
                    text run at (0,0) width 24: "foo"
                    text run at (23,0) width 1: " "
                    text run at (0,14) width 0: " "
                    text run at (0,28) width 24: "bar"
        RenderIFrame {IFRAME} at (144,4) size 62x72 [border: (1px solid #0000FF)]
          layer at (0,0) size 60x70
            RenderView at (0,0) size 60x70
          layer at (0,0) size 60x70
            RenderBlock {HTML} at (0,0) size 60x70
              RenderBody {BODY} at (8,8) size 44x54
                RenderBlock {PRE} at (0,0) size 44x42
                  RenderText {#text} at (0,0) size 24x42
                    text run at (0,0) width 24: "foo"
                    text run at (23,0) width 1: " "
                    text run at (0,14) width 0: " "
                    text run at (0,28) width 24: "bar"
        RenderIFrame {IFRAME} at (214,4) size 62x72 [border: (1px solid #0000FF)]
          layer at (0,0) size 60x70
            RenderView at (0,0) size 60x70
          layer at (0,0) size 60x70
            RenderBlock {HTML} at (0,0) size 60x70
              RenderBody {BODY} at (8,8) size 44x54
                RenderBlock {PRE} at (0,0) size 44x42
                  RenderText {#text} at (0,0) size 24x42
                    text run at (0,0) width 24: "foo"
                    text run at (23,0) width 1: " "
                    text run at (0,14) width 0: " "
                    text run at (0,28) width 24: "bar"
        RenderIFrame {IFRAME} at (284,4) size 62x72 [border: (1px solid #0000FF)]
          layer at (0,0) size 60x70
            RenderView at (0,0) size 60x70
          layer at (0,0) size 60x70
            RenderBlock {HTML} at (0,0) size 60x70
              RenderBody {BODY} at (8,8) size 44x54
                RenderBlock {PRE} at (0,0) size 44x42
                  RenderText {#text} at (0,0) size 24x42
                    text run at (0,0) width 24: "foo"
                    text run at (23,0) width 1: " "
                    text run at (0,14) width 0: " "
                    text run at (0,28) width 24: "bar"
        RenderIFrame {IFRAME} at (354,4) size 62x72 [border: (1px solid #0000FF)]
          layer at (0,0) size 60x70
            RenderView at (0,0) size 60x70
          layer at (0,0) size 60x70
            RenderBlock {HTML} at (0,0) size 60x70
              RenderBody {BODY} at (8,8) size 44x54
                RenderBlock {PRE} at (0,0) size 44x42
                  RenderText {#text} at (0,0) size 24x42
                    text run at (0,0) width 24: "foo"
                    text run at (23,0) width 1: " "
                    text run at (0,14) width 0: " "
                    text run at (0,28) width 24: "bar"
        RenderIFrame {IFRAME} at (424,4) size 62x72 [border: (1px solid #0000FF)]
          layer at (0,0) size 60x70
            RenderView at (0,0) size 60x70
          layer at (0,0) size 60x70
            RenderBlock {HTML} at (0,0) size 60x70
              RenderBody {BODY} at (8,8) size 44x54
                RenderBlock {PRE} at (0,0) size 44x42
                  RenderText {#text} at (0,0) size 24x42
                    text run at (0,0) width 24: "foo"
                    text run at (23,0) width 1: " "
                    text run at (0,14) width 0: " "
                    text run at (0,28) width 24: "bar"
        RenderIFrame {IFRAME} at (494,4) size 62x72 [border: (1px solid #0000FF)]
          layer at (0,0) size 60x70
            RenderView at (0,0) size 60x70
          layer at (0,0) size 60x70
            RenderBlock {HTML} at (0,0) size 60x70
              RenderBody {BODY} at (8,8) size 44x54
                RenderBlock {PRE} at (0,0) size 44x42
                  RenderText {#text} at (0,0) size 24x42
                    text run at (0,0) width 24: "foo"
                    text run at (23,0) width 1: " "
                    text run at (0,14) width 0: " "
                    text run at (0,28) width 24: "bar"
        RenderIFrame {IFRAME} at (564,4) size 62x72 [border: (1px solid #0000FF)]
          layer at (0,0) size 60x70
            RenderView at (0,0) size 60x70
          layer at (0,0) size 60x70
            RenderBlock {HTML} at (0,0) size 60x70
              RenderBody {BODY} at (8,8) size 44x54
                RenderBlock {PRE} at (0,0) size 44x42
                  RenderText {#text} at (0,0) size 24x42
                    text run at (0,0) width 24: "foo"
                    text run at (23,0) width 1: " "
                    text run at (0,14) width 0: " "
                    text run at (0,28) width 24: "bar"
        RenderIFrame {IFRAME} at (634,4) size 62x72 [border: (1px solid #0000FF)]
          layer at (0,0) size 60x70
            RenderView at (0,0) size 60x70
          layer at (0,0) size 60x70
            RenderBlock {HTML} at (0,0) size 60x70
              RenderBody {BODY} at (8,8) size 44x54
                RenderBlock {PRE} at (0,0) size 44x42
                  RenderText {#text} at (0,0) size 24x42
                    text run at (0,0) width 24: "foo"
                    text run at (23,0) width 1: " "
                    text run at (0,14) width 0: " "
                    text run at (0,28) width 24: "bar"
        RenderText {#text} at (0,0) size 0x0
      RenderBlock {P} at (0,188) size 784x20
        RenderText {#text} at (0,0) size 319x19
          text run at (0,0) width 319: "Testing the highlighting of text split across boxes."
      RenderBlock (anonymous) at (0,224) size 784x80
        RenderIFrame {IFRAME} at (4,4) size 130x72 [border: (1px solid #0000FF)]
          layer at (0,0) size 128x70
            RenderView at (0,0) size 128x70
          layer at (0,0) size 128x70
            RenderBlock {HTML} at (0,0) size 128x70
              RenderBody {BODY} at (8,8) size 112x54
                RenderBlock {DIV} at (0,0) size 112x40
                  RenderText {#text} at (0,0) size 86x39
                    text run at (0,0) width 47: "Lorem "
                    text run at (46,0) width 40: "ipsum"
                    text run at (0,20) width 34: "dolor"
        RenderText {#text} at (0,0) size 0x0
