layer at (0,0) size 800x600
  RenderView at (0,0) size 800x600
layer at (0,0) size 800x600
  RenderBlock {HTML} at (0,0) size 800x600
    RenderBody {BODY} at (8,8) size 784x576
      RenderBlock {P} at (0,0) size 784x40
        RenderText {#text} at (0,0) size 54x19
          text run at (0,0) width 54: "Test for "
        RenderInline {I} at (0,0) size 764x39
          RenderInline {A} at (0,0) size 305x19 [color=#0000EE]
            RenderText {#text} at (53,0) size 305x19
              text run at (53,0) width 305: "http://bugs.webkit.org/show_bug.cgi?id=15259"
          RenderText {#text} at (357,0) size 764x39
            text run at (357,0) width 5: " "
            text run at (361,0) width 403: "REGRESSION:Text overflows if a empty <td> is followed by a"
            text run at (0,20) width 136: "<td align=\"center\">"
        RenderText {#text} at (135,20) size 5x19
          text run at (135,20) width 5: "."
      RenderBlock {P} at (0,56) size 784x20
        RenderText {#text} at (0,0) size 267x19
          text run at (0,0) width 267: "The next 7 lines should all look the same."
      RenderBlock (floating) {DIV} at (0,92) size 82x26 [border: (3px solid #000000)]
        RenderText {#text} at (3,3) size 76x19
          text run at (3,3) width 76: "A B"
      RenderBlock (floating) {DIV} at (0,118) size 82x26 [border: (3px solid #000000)]
        RenderText {#text} at (3,3) size 76x19
          text run at (3,3) width 76: "A B"
      RenderBlock (floating) {DIV} at (0,144) size 83x26 [border: (3px solid #000000)]
        RenderInline {SPAN} at (0,0) size 12x19
          RenderText {#text} at (3,3) size 12x19
            text run at (3,3) width 12: "A"
        RenderText {#text} at (64,3) size 16x19
          text run at (64,3) width 16: " B"
      RenderBlock (floating) {DIV} at (0,170) size 83x26 [border: (3px solid #000000)]
        RenderInline {SPAN} at (0,0) size 12x19
          RenderText {#text} at (3,3) size 12x19
            text run at (3,3) width 12: "A"
        RenderText {#text} at (64,3) size 16x19
          text run at (64,3) width 16: " B"
      RenderBlock (floating) {DIV} at (0,196) size 83x26 [border: (3px solid #000000)]
        RenderInline {SPAN} at (0,0) size 12x19
          RenderText {#text} at (3,3) size 12x19
            text run at (3,3) width 12: "A"
        RenderText {#text} at (64,3) size 16x19
          text run at (64,3) width 16: " B"
      RenderBlock (floating) {DIV} at (0,222) size 83x26 [border: (3px solid #000000)]
        RenderInline {SPAN} at (0,0) size 12x19
          RenderText {#text} at (3,3) size 12x19
            text run at (3,3) width 12: "A"
        RenderText {#text} at (64,3) size 55x19
          text run at (64,3) width 55: " "
        RenderInline {SPAN} at (0,0) size 12x19
          RenderText {#text} at (118,3) size 12x19
            text run at (118,3) width 12: "B"
      RenderBlock (floating) {DIV} at (0,248) size 83x26 [border: (3px solid #000000)]
        RenderInline {SPAN} at (0,0) size 12x19
          RenderText {#text} at (3,3) size 12x19
            text run at (3,3) width 12: "A"
        RenderText {#text} at (64,3) size 16x19
          text run at (64,3) width 16: " B"
