layer at (0,0) size 800x1028
  RenderView at (0,0) size 800x600
layer at (0,0) size 800x1028
  RenderBlock {HTML} at (0,0) size 800x1028
    RenderBody {BODY} at (8,8) size 784x1012
      RenderBlock (anonymous) at (0,0) size 784x20
        RenderText {#text} at (0,0) size 700x19
          text run at (0,0) width 700: "This example tests that word-break properly shrinks a cell to one character per line when it is set to break-all."
      RenderTable {TABLE} at (0,20) size 784x98 [border: (1px outset #808080)]
        RenderTableSection {TBODY} at (1,1) size 782x96
          RenderTableRow {TR} at (0,0) size 782x96
            RenderTableCell {TD} at (0,0) size 20x96 [border: (1px inset #808080)] [r=0 c=0 rs=1 cs=1]
              RenderText {#text} at (6,6) size 8x84
                text run at (6,6) width 8: "N"
                text run at (6,20) width 8: "a"
                text run at (6,34) width 8: "r"
                text run at (6,48) width 8: "r"
                text run at (6,62) width 8: "o"
                text run at (6,76) width 8: "w"
            RenderTableCell {TD} at (19,35) size 763x26 [border: (1px inset #808080)] [r=0 c=1 rs=1 cs=1]
              RenderText {#text} at (6,6) size 164x14
                text run at (6,6) width 164: "This cell should grow"
      RenderBlock (anonymous) at (0,118) size 784x40
        RenderBR {BR} at (0,0) size 0x19
        RenderText {#text} at (0,20) size 438x19
          text run at (0,20) width 438: "This test checks that word-break is ignored when white-space is pre."
      RenderBlock {PRE} at (0,171) size 110x24 [border: (5px solid #000000)]
        RenderText {#text} at (5,5) size 437x14
          text run at (5,5) width 437: "Thislongwordshouldnotgetbrokenbutshouldstickoutofthepre."
      RenderBlock (anonymous) at (0,208) size 784x80
        RenderBR {BR} at (0,0) size 0x19
        RenderText {#text} at (0,20) size 774x59
          text run at (0,20) width 476: "The next two examples test our custom break-word value for word-break. "
          text run at (475,20) width 299: "We should get the same results as break-all for"
          text run at (0,40) width 765: "the first test, but we should break up the word in the second test (since our behavior matches word-wrap: break-word in"
          text run at (0,60) width 65: "that case)."
      RenderTable {TABLE} at (0,288) size 784x98 [border: (1px outset #808080)]
        RenderTableSection {TBODY} at (1,1) size 782x96
          RenderTableRow {TR} at (0,0) size 782x96
            RenderTableCell {TD} at (0,0) size 20x96 [border: (1px inset #808080)] [r=0 c=0 rs=1 cs=1]
              RenderText {#text} at (6,6) size 8x84
                text run at (6,6) width 8: "N"
                text run at (6,20) width 8: "a"
                text run at (6,34) width 8: "r"
                text run at (6,48) width 8: "r"
                text run at (6,62) width 8: "o"
                text run at (6,76) width 8: "w"
            RenderTableCell {TD} at (19,35) size 763x26 [border: (1px inset #808080)] [r=0 c=1 rs=1 cs=1]
              RenderText {#text} at (6,6) size 164x14
                text run at (6,6) width 164: "This cell should grow"
      RenderBlock (anonymous) at (0,386) size 784x20
        RenderBR {BR} at (0,0) size 0x19
      RenderBlock {PRE} at (0,419) size 110x80 [border: (5px solid #000000)]
        RenderText {#text} at (5,5) size 94x70
          text run at (5,5) width 94: "Thislongword"
          text run at (5,19) width 94: "shouldnotget"
          text run at (5,33) width 94: "brokenbutsho"
          text run at (5,47) width 94: "uldstickouto"
          text run at (5,61) width 63: "fthepre."
      RenderBlock (anonymous) at (0,512) size 784x80
        RenderBR {BR} at (0,0) size 0x19
        RenderText {#text} at (0,20) size 776x59
          text run at (0,20) width 641: "This test makes sure floating and positioned elements do the right thing with word-break: break-all. "
          text run at (640,20) width 133: "The minimum width"
          text run at (0,40) width 305: "should be less than the containing block width. "
          text run at (304,40) width 472: "The breaking should be \"dumb\" and just occur when the end of the line is"
          text run at (0,60) width 21: "hit."
      RenderBlock {DIV} at (0,592) size 304x46 [border: (2px solid #000000)]
        RenderBlock (floating) {DIV} at (2,2) size 300x42
          RenderText {#text} at (0,0) size 297x42
            text run at (0,0) width 297: "Eventhoughthishasareallylongword itsho"
            text run at (0,14) width 297: "uldnotstick out oftheenclosing300pxblo"
            text run at (0,28) width 24: "ck."
        RenderBR {BR} at (302,2) size 0x14
      RenderBlock (anonymous) at (0,638) size 784x20
        RenderBR {BR} at (0,0) size 0x19
      RenderBlock (anonymous) at (0,762) size 784x80
        RenderBR {BR} at (0,0) size 0x19
        RenderText {#text} at (0,20) size 783x59
          text run at (0,20) width 658: "This test makes sure floating and positioned elements do the right thing with word-break: break-word. "
          text run at (657,20) width 92: "The minimum"
          text run at (0,40) width 345: "width should be less than the containing block width. "
          text run at (344,40) width 439: "The breaking should be \"smart\" and be like word-wrap: break-word,"
          text run at (0,60) width 540: "with words preferring to wrap first before allowing break opportunities within them."
      RenderBlock {DIV} at (0,842) size 304x46 [border: (2px solid #000000)]
        RenderBlock (floating) {DIV} at (2,2) size 300x42
          RenderText {#text} at (0,0) size 250x42
            text run at (0,0) width 250: "Eventhoughthishasareallylongword"
            text run at (0,14) width 157: "itshouldnotstick out"
            text run at (0,28) width 196: "oftheenclosing300pxblock."
        RenderBR {BR} at (302,2) size 0x14
      RenderBlock (anonymous) at (0,888) size 784x20
        RenderBR {BR} at (0,0) size 0x19
layer at (8,666) size 304x104
  RenderBlock (relative positioned) {DIV} at (0,658) size 304x104 [border: (2px solid #000000)]
layer at (10,668) size 300x42
  RenderBlock (positioned) {DIV} at (2,2) size 300x42
    RenderText {#text} at (0,0) size 297x42
      text run at (0,0) width 297: "Eventhoughthishasareallylongword itsho"
      text run at (0,14) width 297: "uldnotstick out oftheenclosing300pxblo"
      text run at (0,28) width 24: "ck."
layer at (8,916) size 304x104
  RenderBlock (relative positioned) {DIV} at (0,908) size 304x104 [border: (2px solid #000000)]
layer at (10,918) size 300x42
  RenderBlock (positioned) {DIV} at (2,2) size 300x42
    RenderText {#text} at (0,0) size 250x42
      text run at (0,0) width 250: "Eventhoughthishasareallylongword"
      text run at (0,14) width 157: "itshouldnotstick out"
      text run at (0,28) width 196: "oftheenclosing300pxblock."
