layer at (0,0) size 800x600
  RenderView at (0,0) size 800x600
layer at (0,0) size 800x600
  RenderBlock {HTML} at (0,0) size 800x600
    RenderBody {BODY} at (8,8) size 784x584
      RenderText {#text} at (62,0) size 4x19
        text run at (62,0) width 4: " "
      RenderText {#text} at (0,0) size 0x0
layer at (8,8) size 62x22 clip at (9,9) size 60x20
  RenderFlexibleBox {INPUT} at (0,0) size 62x22 [color=#007AFF] [bgcolor=#E9E9EA] [border: (1px solid #FFFFFF)]
    RenderBlock {DIV} at (6,4) size 50x14
      RenderText {#text} at (3,0) size 44x14
        text run at (3,0) width 44: "9:41 AM"
layer at (74,8) size 62x22 clip at (75,9) size 60x20
  RenderFlexibleBox {INPUT} at (66,0) size 62x22 [color=#007AFF] [bgcolor=#E9E9EA] [border: (1px solid #FFFFFF)]
    RenderBlock {DIV} at (6,4) size 50x14
      RenderText {#text} at (3,0) size 44x14
        text run at (3,0) width 18: "AM"
        text run at (20,0) width 4 RTL: " "
        text run at (23,0) width 24: "9:41"
