EDITING DELEGATE: shouldBeginEditingInDOMRange:range from 0 of DIV > BODY > HTML > #document to 5 of DIV > BODY > HTML > #document
EDITING DELEGATE: webViewDidBeginEditing:WebViewDidBeginEditingNotification
EDITING DELEGATE: webViewDidChangeSelection:WebViewDidChangeSelectionNotification
EDITING DELEGATE: webViewDidChangeSelection:WebViewDidChangeSelectionNotification
EDITING DELEGATE: shouldChangeSelectedDOMRange:range from 0 of #text > DIV > BODY > HTML > #document to 1 of #text > DIV > BODY > HTML > #document toDOMRange:range from 0 of #text > LI > UL > DIV > BODY > HTML > #document to 35 of #text > LI > UL > DIV > BODY > HTML > #document affinity:NSSelectionAffinityDownstream stillSelecting:FALSE
EDITING DELEGATE: webViewDidChangeSelection:WebViewDidChangeSelectionNotification
EDITING DELEGATE: webViewDidChangeSelection:WebViewDidChangeSelectionNotification
EDITING DELEGATE: webViewDidChange:WebViewDidChangeNotification
layer at (0,0) size 800x600
  RenderView at (0,0) size 800x600
layer at (0,0) size 800x600
  RenderBlock {HTML} at (0,0) size 800x600
    RenderBody {BODY} at (8,8) size 784x584
      RenderBlock {P} at (0,0) size 784x40
        RenderText {#text} at (0,0) size 773x39
          text run at (0,0) width 523: "This tests InsertUnorderedList on a selection that ends at the start of a paragraph. "
          text run at (522,0) width 250: "Since we don't paint the gap before the"
          text run at (0,20) width 773: "paragraph for most selections like this, we don't perform InsertUnorderedList on the paragraph that the selection ends in."
      RenderBlock {DIV} at (0,56) size 784x56
        RenderBlock {UL} at (0,0) size 784x20
          RenderListItem {LI} at (40,0) size 744x20
            RenderListMarker at (-18,0) size 7x19: bullet
            RenderText {#text} at (0,0) size 218x19
              text run at (0,0) width 218: "This paragraph should be in a list."
        RenderBlock (anonymous) at (0,36) size 784x20
          RenderText {#text} at (0,0) size 242x19
            text run at (0,0) width 242: "This paragraph should not be in a list."
          RenderBR {BR} at (241,15) size 1x0
selection start: position 0 of child 0 {#text} of child 0 {LI} of child 0 {UL} of child 2 {DIV} of body
selection end:   position 35 of child 0 {#text} of child 0 {LI} of child 0 {UL} of child 2 {DIV} of body
