layer at (0,0) size 800x600
  RenderView at (0,0) size 800x600
layer at (0,0) size 800x600
  RenderBlock {HTML} at (0,0) size 800x600
    RenderBody {BODY} at (8,8) size 784x584
      RenderBlock {P} at (0,0) size 784x40
        RenderText {#text} at (0,0) size 745x39
          text run at (0,0) width 637: "This tests for a bug where changing the list type of an indented list would create unwanted nesting. "
          text run at (636,0) width 109: "You should see a"
          text run at (0,20) width 270: "single ordered list item in an indented list."
      RenderBlock {DIV} at (0,56) size 784x20
        RenderBR {BR} at (0,0) size 0x19
