layer at (0,0) size 800x600
  RenderView at (0,0) size 800x600
layer at (0,0) size 800x600
  RenderBlock {HTML} at (0,0) size 800x600
    RenderBody {BODY} at (8,8) size 784x584
      RenderBlock {P} at (0,0) size 784x20
        RenderText {#text} at (0,0) size 527x19
          text run at (0,0) width 527: "The layering and positions of the boxes should not be affected by oveflow:hidden."
      RenderBlock (anonymous) at (0,36) size 784x475
        RenderText {#text} at (320,305) size 4x19
          text run at (320,305) width 4: " "
        RenderText {#text} at (0,0) size 0x0
layer at (68,259) size 200x200 layerType: background only
layer at (28,219) size 150x150
  RenderBlock (positioned) zI: -1 {DIV} at (-40,-40) size 150x150 [color=#808080] [bgcolor=#C86464] [border: (2px solid #000000)]
    RenderText zI: -1 {#text} at (22,23) size 107x40
      text run at (22,23) width 107: "Behind"
    RenderText zI: -1 {#text} at (0,0) size 0x0
layer at (50,301) size 100x100
  RenderBlock (positioned) {DIV} at (22,82) size 100x100 [bgcolor=#008000] [border: (2px solid #000000)]
    RenderText {#text} at (22,22) size 56x43
      text run at (22,22) width 56: "Behind"
      text run at (22,44) width 54: "behind"
layer at (68,259) size 200x200 layerType: foreground only
  RenderBlock (relative positioned) {DIV} at (60,215) size 200x200 [color=#0000FF] [bgcolor=#FFFFFFCC] [border: (10px solid #000000)]
    RenderText {#text} at (30,31) size 125x82
      text run at (30,31) width 59: "Box"
      text run at (30,73) width 125: "contents"
    RenderText {#text} at (0,0) size 0x0
    RenderText {#text} at (0,0) size 0x0
layer at (158,349) size 150x150
  RenderBlock (positioned) zI: 1 {DIV} at (90,90) size 150x150 [color=#808080] [bgcolor=#C8C880] [border: (2px solid #000000)]
    RenderText zI: 1 {#text} at (22,23) size 85x82
      text run at (22,23) width 34: "In"
      text run at (22,65) width 85: "Front"
layer at (392,104) size 200x200 clip at (402,114) size 180x180 scrollWidth 230 scrollHeight 230 layerType: background only
layer at (352,64) size 150x150 backgroundClip at (402,114) size 180x180 clip at (402,114) size 180x180
  RenderBlock (positioned) zI: -1 {DIV} at (-40,-40) size 150x150 [color=#808080] [bgcolor=#C86464] [border: (2px solid #000000)]
    RenderText zI: -1 {#text} at (22,23) size 107x40
      text run at (22,23) width 107: "Behind"
    RenderText zI: -1 {#text} at (0,0) size 0x0
layer at (374,146) size 100x100 backgroundClip at (402,114) size 180x180 clip at (402,114) size 180x180
  RenderBlock (positioned) {DIV} at (22,82) size 100x100 [bgcolor=#008000] [border: (2px solid #000000)]
    RenderText {#text} at (22,22) size 56x43
      text run at (22,22) width 56: "Behind"
      text run at (22,44) width 54: "behind"
layer at (392,104) size 200x200 clip at (402,114) size 180x180 scrollWidth 230 scrollHeight 230 layerType: foreground only
  RenderBlock (relative positioned) {DIV} at (384,60) size 200x200 [color=#0000FF] [bgcolor=#FFFFFFCC] [border: (10px solid #000000)]
    RenderText {#text} at (30,31) size 125x82
      text run at (30,31) width 59: "Box"
      text run at (30,73) width 125: "contents"
    RenderText {#text} at (0,0) size 0x0
    RenderText {#text} at (0,0) size 0x0
layer at (482,194) size 150x150 backgroundClip at (402,114) size 180x180 clip at (402,114) size 180x180
  RenderBlock (positioned) zI: 1 {DIV} at (90,90) size 150x150 [color=#808080] [bgcolor=#C8C880] [border: (2px solid #000000)]
    RenderText zI: 1 {#text} at (22,23) size 85x82
      text run at (22,23) width 34: "In"
      text run at (22,65) width 85: "Front"
