layer at (0,0) size 800x2000
  RenderView at (0,0) size 800x600
layer at (0,0) size 800x2000
  RenderBlock {HTML} at (0,0) size 800x2000
    RenderBody {BODY} at (0,0) size 800x2000
      RenderBlock {P} at (0,210) size 800x20
        RenderText {#text} at (0,0) size 188x19
          text run at (0,0) width 188: "You should see no red above."
layer at (20,70) size 100x100
  RenderBlock (positioned) {DIV} at (20,70) size 100x100 [bgcolor=#FF0000]
layer at (220,120) size 100x100
  RenderBlock (positioned) {DIV} at (220,120) size 100x100 [bgcolor=#FF0000]
layer at (420,120) size 100x100
  RenderBlock (positioned) {DIV} at (420,120) size 100x100 [bgcolor=#FF0000]
layer at (0,0) size 60x60
  RenderBlock {DIV} at (0,0) size 60x60 [bgcolor=#0000FF33]
layer at (95,145) size 50x50
  RenderBlock (positioned) zI: 1 {DIV} at (95,145) size 50x50
layer at (20,70) size 100x100
  RenderBlock (positioned) {DIV} at (20,20) size 100x100 [bgcolor=#008000]
layer at (200,100) size 50x50
  RenderBlock (positioned) zI: 1 {DIV} at (200,100) size 50x50
layer at (220,120) size 100x100
  RenderBlock (positioned) {DIV} at (20,20) size 100x100 [bgcolor=#008000]
layer at (400,100) size 50x50
  RenderBlock (positioned) zI: 1 {DIV} at (400,100) size 50x50
layer at (400,100) size 100x100
  RenderBlock {DIV} at (0,0) size 100x100
layer at (420,120) size 100x100
  RenderBlock (positioned) {DIV} at (20,20) size 100x100 [bgcolor=#008000]
scrolled to 50,50
