layer at (0,0) size 800x600
  RenderView at (0,0) size 800x600
layer at (0,0) size 800x174
  RenderBlock {HTML} at (0,0) size 800x174
    RenderBody {BODY} at (100,0) size 600x158
      RenderBlock {P} at (0,118) size 600x40
        RenderInline {A} at (0,0) size 153x19 [color=#0000EE]
          RenderText {#text} at (0,0) size 153x19
            text run at (0,0) width 153: "rdar://problem/7026010"
        RenderBR {BR} at (152,0) size 1x19
        RenderText {#text} at (0,20) size 472x19
          text run at (0,20) width 472: "Test for the root layer getting correctly positioned. You should see no red."
layer at (350,1) size 100x100
  RenderBlock (positioned) {DIV} at (350,1) size 100x100 [bgcolor=#FF0000]
layer at (-100,0) size 300x100 backgroundClip at (0,0) size 800x600 clip at (0,0) size 800x600
  RenderBlock (positioned) {DIV} at (-100,0) size 300x100 [bgcolor=#808080]
layer at (100,0) size 600x102
  RenderBlock (relative positioned) {DIV} at (0,0) size 600x102 [border: (1px solid #000000)]
layer at (350,1) size 100x100
  RenderBlock {DIV} at (250,1) size 100x100 [bgcolor=#008000]
