layer at (0,0) size 800x600
  RenderView at (0,0) size 800x600
layer at (0,0) size 800x600
  RenderBlock {HTML} at (0,0) size 800x600
    RenderBody {BODY} at (8,8) size 784x576
      RenderBlock {P} at (0,0) size 784x20
        RenderText {#text} at (0,0) size 54x19
          text run at (0,0) width 54: "Test for "
        RenderInline {I} at (0,0) size 652x19
          RenderInline {A} at (0,0) size 305x19 [color=#0000EE]
            RenderText {#text} at (53,0) size 305x19
              text run at (53,0) width 305: "http://bugs.webkit.org/show_bug.cgi?id=15091"
          RenderText {#text} at (357,0) size 348x19
            text run at (357,0) width 5: " "
            text run at (361,0) width 258: "Crash in RenderBlock::skipWhitespace "
            text run at (618,0) width 87: "during layout"
        RenderText {#text} at (704,0) size 5x19
          text run at (704,0) width 5: "."
      RenderBlock {P} at (0,36) size 784x20
        RenderText {#text} at (0,0) size 609x19
          text run at (0,0) width 609: "If Java is enabled, disable it and reload this page. You should see the word PASS at the bottom."
layer at (8,450) size 300x150
  RenderEmbeddedObject {APPLET} at (8,450) size 300x150
