layer at (0,0) size 800x600
  RenderView at (0,0) size 800x600
layer at (0,0) size 800x600
  RenderBlock {HTML} at (0,0) size 800x600
    RenderBody {BODY} at (8,8) size 784x584
      RenderBlock {P} at (0,0) size 784x18
        RenderText {#text} at (0,0) size 782x17
          text run at (0,0) width 782: "Test appearances of spin buttons. Disabled state and read-only state should have appearances different from the normal state."
      RenderBlock {DIV} at (0,34) size 784x29
        RenderInline {LABEL} at (0,7) size 318x17
          RenderTextControl {INPUT} at (0,0) size 234x29 [bgcolor=#FFFFFF] [border: (2px inset #808080)]
            RenderFlexibleBox {DIV} at (3,3) size 228x23
              RenderBlock {DIV} at (0,0) size 212x23
          RenderText {#text} at (234,7) size 84x17
            text run at (234,7) width 84: " Normal state"
      RenderBlock {DIV} at (0,63) size 784x29
        RenderInline {LABEL} at (0,7) size 325x17
          RenderTextControl {INPUT} at (0,0) size 233x29 [color=color(srgb 0.34117648 0.34117648 0.34117648)] [bgcolor=#FFFFFF] [border: (2px inset #808080)]
            RenderFlexibleBox {DIV} at (3,3) size 227x23
              RenderBlock {DIV} at (0,0) size 211x23
          RenderText {#text} at (233,7) size 92x17
            text run at (233,7) width 92: " Disabled state"
      RenderBlock {DIV} at (0,92) size 784x29
        RenderInline {LABEL} at (0,7) size 335x17
          RenderTextControl {INPUT} at (0,0) size 233x29 [bgcolor=#FFFFFF] [border: (2px inset #808080)]
            RenderFlexibleBox {DIV} at (3,3) size 227x23
              RenderBlock {DIV} at (0,0) size 211x23
          RenderText {#text} at (233,7) size 102x17
            text run at (233,7) width 102: " Read-only state"
layer at (11,45) size 212x23
  RenderBlock {DIV} at (0,0) size 212x23
    RenderText {#text} at (0,0) size 11x22
      text run at (0,0) width 11: "0"
layer at (11,74) size 211x23
  RenderBlock {DIV} at (0,0) size 211x23
    RenderText {#text} at (0,0) size 11x22
      text run at (0,0) width 11: "0"
layer at (11,103) size 211x23
  RenderBlock {DIV} at (0,0) size 211x23
    RenderText {#text} at (0,0) size 11x22
      text run at (0,0) width 11: "0"
layer at (223,47) size 16x20
  RenderBlock (relative positioned) {DIV} at (212,1) size 16x21
layer at (222,76) size 16x20
  RenderBlock (relative positioned) {DIV} at (211,1) size 16x21
layer at (222,105) size 16x20
  RenderBlock (relative positioned) {DIV} at (211,1) size 16x21
