layer at (0,0) size 800x600
  RenderView at (0,0) size 800x600
layer at (0,0) size 800x336
  RenderBlock {HTML} at (0,0) size 800x336
    RenderBody {BODY} at (8,16) size 784x304
      RenderBlock {P} at (0,0) size 784x24
        RenderTextControl {INPUT} at (593,0) size 191x24 [bgcolor=#FFFFFF] [border: (2px inset #808080)]
          RenderFlexibleBox {DIV} at (3,0) size 185x24
            RenderBlock {DIV} at (16,3) size 169x18
        RenderText {#text} at (0,0) size 0x0
      RenderBlock {P} at (0,40) size 784x24
        RenderTextControl {INPUT} at (593,0) size 191x24 [bgcolor=#FFFFFF] [border: (2px inset #808080)]
          RenderFlexibleBox {DIV} at (3,0) size 185x24
            RenderBlock {DIV} at (16,3) size 169x18
        RenderText {#text} at (0,0) size 0x0
      RenderBlock {P} at (0,80) size 784x24
        RenderTextControl {INPUT} at (0,0) size 191x24 [bgcolor=#FFFFFF] [border: (2px inset #808080)]
          RenderFlexibleBox {DIV} at (3,0) size 185x24
            RenderBlock {DIV} at (16,3) size 169x18
        RenderText {#text} at (0,0) size 0x0
      RenderBlock {P} at (0,120) size 784x24
        RenderTextControl {INPUT} at (0,0) size 191x24 [bgcolor=#FFFFFF] [border: (2px inset #808080)]
          RenderFlexibleBox {DIV} at (3,0) size 185x24
            RenderBlock {DIV} at (16,3) size 169x18
        RenderText {#text} at (0,0) size 0x0
        RenderText {#text} at (0,0) size 0x0
      RenderBlock {P} at (0,160) size 784x24
        RenderTextControl {INPUT} at (0,0) size 192x24 [bgcolor=#FFFFFF] [border: (2px inset #808080)]
          RenderFlexibleBox {DIV} at (3,0) size 186x24
            RenderBlock {DIV} at (0,3) size 170x18
        RenderText {#text} at (0,0) size 0x0
      RenderBlock {P} at (0,200) size 784x24
        RenderTextControl {INPUT} at (0,0) size 192x24 [bgcolor=#FFFFFF] [border: (2px inset #808080)]
          RenderFlexibleBox {DIV} at (3,0) size 186x24
            RenderBlock {DIV} at (0,3) size 170x18
        RenderText {#text} at (0,0) size 0x0
        RenderText {#text} at (0,0) size 0x0
      RenderBlock {P} at (0,240) size 784x24
        RenderTextControl {INPUT} at (0,0) size 191x24 [bgcolor=#FFFFFF] [border: (2px inset #808080)]
          RenderFlexibleBox {DIV} at (3,0) size 185x24
            RenderBlock {DIV} at (16,3) size 169x18
        RenderText {#text} at (0,0) size 0x0
      RenderBlock {P} at (0,280) size 784x24
        RenderTextControl {INPUT} at (0,0) size 191x24 [bgcolor=#FFFFFF] [border: (2px inset #808080)]
          RenderFlexibleBox {DIV} at (3,0) size 185x24
            RenderBlock {DIV} at (16,3) size 169x18
        RenderText {#text} at (0,0) size 0x0
        RenderText {#text} at (0,0) size 0x0
layer at (620,19) size 169x18
  RenderBlock {DIV} at (0,0) size 169x18
    RenderText {#text} at (160,0) size 9x17
      text run at (160,0) width 9: "1"
layer at (620,59) size 169x18
  RenderBlock {DIV} at (0,0) size 169x18
    RenderText {#text} at (160,0) size 9x17
      text run at (160,0) width 9: "2"
layer at (27,99) size 169x18
  RenderBlock {DIV} at (0,0) size 169x18
    RenderText {#text} at (160,0) size 9x17
      text run at (160,0) width 9: "3"
layer at (27,139) size 169x18
  RenderBlock {DIV} at (0,0) size 169x18
    RenderText {#text} at (133,0) size 36x17
      text run at (133,0) width 36: "1234"
layer at (11,179) size 170x18
  RenderBlock {DIV} at (0,0) size 170x18
    RenderText {#text} at (0,0) size 9x17
      text run at (0,0) width 9: "5"
layer at (11,219) size 170x18
  RenderBlock {DIV} at (0,0) size 170x18
    RenderText {#text} at (0,0) size 9x17
      text run at (0,0) width 9: "6"
layer at (27,259) size 169x18
  RenderBlock {DIV} at (0,0) size 169x18
    RenderText {#text} at (160,0) size 9x17
      text run at (160,0) width 9: "7"
layer at (27,299) size 169x18
  RenderBlock {DIV} at (0,0) size 169x18
    RenderText {#text} at (160,0) size 9x17
      text run at (160,0) width 9: "8"
layer at (604,16) size 16x24
  RenderBlock (relative positioned) {DIV} at (0,0) size 16x24
layer at (604,56) size 16x24
  RenderBlock (relative positioned) {DIV} at (0,0) size 16x24
layer at (11,96) size 16x24
  RenderBlock (relative positioned) {DIV} at (0,0) size 16x24
layer at (11,136) size 16x24
  RenderBlock (relative positioned) {DIV} at (0,0) size 16x24
layer at (181,176) size 16x24
  RenderBlock (relative positioned) {DIV} at (170,0) size 16x24
layer at (181,216) size 16x24
  RenderBlock (relative positioned) {DIV} at (170,0) size 16x24
layer at (11,256) size 16x24
  RenderBlock (relative positioned) {DIV} at (0,0) size 16x24
layer at (11,296) size 16x24
  RenderBlock (relative positioned) {DIV} at (0,0) size 16x24
caret: position 4 of child 0 {#text} of child 0 {DIV} of child 0 {DIV} of child 0 {DIV} of {#document-fragment} of child 0 {INPUT} of child 6 {P} of body
