layer at (0,0) size 800x600
  RenderView at (0,0) size 800x600
layer at (0,0) size 800x112
  RenderBlock {HTML} at (0,0) size 800x112
    RenderBody {BODY} at (8,16) size 784x88
      RenderBlock {P} at (0,0) size 784x20
        RenderText {#text} at (0,0) size 392x19
          text run at (0,0) width 392: "Test passes if the paragraph below reads 'First,Second,Third'."
      RenderFlexibleBox {DIV} at (0,36) size 784x52
        RenderBlock {P} at (84,16) size 36x20
          RenderText {#text} at (0,0) size 36x19
            text run at (0,0) width 36: "Third"
        RenderBlock {P} at (33,16) size 52x20
          RenderText {#text} at (0,0) size 52x19
            text run at (0,0) width 52: "Second,"
        RenderBlock {P} at (0,16) size 34x20
          RenderText {#text} at (0,0) size 34x19
            text run at (0,0) width 34: "First,"
