layer at (0,0) size 800x600
  RenderView at (0,0) size 800x600
layer at (0,0) size 800x360
  RenderBlock {HTML} at (0,0) size 800x360
    RenderBody {BODY} at (8,16) size 784x336
      RenderBlock {P} at (0,0) size 784x120
        RenderText {#text} at (0,0) size 90x19
          text run at (0,0) width 90: "Test passes if:"
        RenderBR {BR} at (89,0) size 1x19
        RenderText {#text} at (0,20) size 375x19
          text run at (0,20) width 375: "1. the rectangle 1, 2, 3 show up in a row in a red rectangle."
        RenderBR {BR} at (374,20) size 1x19
        RenderText {#text} at (0,40) size 781x59
          text run at (0,40) width 781: "2. No gap between the left edge of red rectangle and the left of rectangle 1, no gap between the right edge of red rectangle"
          text run at (0,60) width 778: "and the right of rectangle 3 too, and rectangle 2 is distributed so that the empty space between rectangle 1 and rectangle 3"
          text run at (0,80) width 76: "is the same."
        RenderBR {BR} at (75,80) size 1x19
        RenderText {#text} at (0,100) size 457x19
          text run at (0,100) width 457: "3. the height of the 1, 2, 3 is the same as the height of the red rectangle."
      RenderFlexibleBox {DIV} at (0,136) size 200x200 [bgcolor=#FF0000]
        RenderBlock {DIV} at (0,0) size 30x200 [bgcolor=#7FFF00]
          RenderText {#text} at (10,0) size 10x23
            text run at (10,0) width 10: "1"
        RenderBlock {DIV} at (85,0) size 30x200 [bgcolor=#00FFFF]
          RenderText {#text} at (10,0) size 10x23
            text run at (10,0) width 10: "2"
        RenderBlock {DIV} at (170,0) size 30x200 [bgcolor=#4169E1]
          RenderText {#text} at (10,0) size 10x23
            text run at (10,0) width 10: "3"
