layer at (0,0) size 800x600
  RenderView at (0,0) size 800x600
layer at (0,0) size 800x36
  RenderBlock {HTML} at (0,0) size 800x36
    RenderBody {BODY} at (8,8) size 784x20
      RenderFlexibleBox {DIV} at (0,0) size 784x20
        RenderFlexibleBox {DIV} at (0,0) size 85x20
          RenderFlexibleBox {DIV} at (-64,0) size 149x20
            RenderBlock (anonymous) at (0,0) size 149x20
              RenderText {#text} at (0,0) size 149x19
                text run at (0,0) width 149: "PASS if we don't assert"
