layer at (0,0) size 800x600
  RenderView at (0,0) size 800x600
layer at (0,0) size 800x36
  RenderBlock {HTML} at (0,0) size 800x36
    RenderBody {BODY} at (8,8) size 784x20
      RenderFlexibleBox {DIV} at (0,0) size 784x20
        RenderBlock {DIV} at (0,0) size 80x20
layer at (8,8) size 80x20
  RenderBlock (relative positioned) {DIV} at (0,0) size 80x20
layer at (8,8) size 80x35 clip at (8,8) size 80x20 scrollWidth 176
  RenderBlock {DIV} at (0,0) size 80x35
    RenderBlock {DIV} at (0,0) size 80x20
      RenderText {#text} at (0,0) size 176x19
        text run at (0,0) width 176: "xxxxxxxxxxxxxxxxxxxxxx"
