layer at (0,0) size 785x773
  RenderView at (0,0) size 785x600
layer at (0,0) size 785x600
  RenderBlock {html} at (0,0) size 785x600
    RenderBody {body} at (8,16) size 769x600
      RenderBlock {parsererror} at (16,0) size 737x137 [bgcolor=#FFDDDD] [border: (2px solid #CC7777)]
        RenderBlock {h3} at (18,20) size 701x23
          RenderText {#text} at (0,0) size 309x21
            text run at (0,0) width 309: "This page contains the following errors:"
        RenderBlock {div} at (18,61) size 701x15
          RenderText {#text} at (0,0) size 721x14
            text run at (0,0) width 721: "error on line 15 at column 29: Opening and ending tag mismatch: feFuncA line 14 and feComponentTransfer"
            text run at (720,0) width 1: " "
        RenderBlock {h3} at (18,94) size 701x23
          RenderText {#text} at (0,0) size 410x21
            text run at (0,0) width 410: "Below is a rendering of the page up to the first error."
      RenderBlock (anonymous) at (0,152) size 769x605
        RenderSVGRoot {svg} at (8,168) size 0x0
          RenderSVGHiddenContainer {defs} at (0,0) size 0x0
            RenderSVGResourceFilter {filter} [id="colormatrix"] [filterUnits=objectBoundingBox] [primitiveUnits=userSpaceOnUse]
              [feColorMatrix type="HUEROTATE" values="180.00"]
                [SourceGraphic]
            RenderSVGResourceFilter {filter} [id="morphology"] [filterUnits=objectBoundingBox] [primitiveUnits=userSpaceOnUse]
              [feMorphology operator="DILATE" radius="10.00, 10.00"]
                [SourceGraphic]
            RenderSVGResourceFilter {filter} [id="componenttransfer"] [filterUnits=objectBoundingBox] [primitiveUnits=userSpaceOnUse]
              [feComponentTransfer
                  {red: type="LINEAR" slope="0.50" intercept="0.00"}
                  {green: type="UNKNOWN}
                  {blue: type="UNKNOWN}
                  {alpha: type="UNKNOWN}]
                [SourceGraphic]
