layer at (0,0) size 800x600
  RenderView at (0,0) size 800x600
layer at (0,0) size 800x600
  RenderBlock {HTML} at (0,0) size 800x600
    RenderBody {BODY} at (8,8) size 784x584
      RenderBlock {P} at (0,0) size 784x36
        RenderText {#text} at (0,0) size 756x36
          text run at (0,0) width 599: "This tests to make sure that a drag-selecting through a -webkit-user-select:ignore region works. "
          text run at (599,0) width 157: "The selection should end"
          text run at (0,18) width 270: "somewhere inside the word 'World' below."
      RenderBlock {DIV} at (0,52) size 784x18
        RenderInline {SPAN} at (0,0) size 35x18
          RenderText {#text} at (0,0) size 35x18
            text run at (0,0) width 35: "Hello"
        RenderText {#text} at (35,0) size 4x18
          text run at (35,0) width 4: " "
        RenderInline {SPAN} at (0,0) size 40x18
          RenderText {#text} at (39,0) size 40x18
            text run at (39,0) width 40: "World"
selection start: position 0 of child 0 {#text} of child 0 {SPAN} of child 2 {DIV} of body
selection end:   position 2 of child 0 {#text} of child 2 {SPAN} of child 2 {DIV} of body
