layer at (0,0) size 800x600
  RenderView at (0,0) size 800x600
layer at (0,0) size 800x600
  RenderBlock {HTML} at (0,0) size 800x600
    RenderBody {BODY} at (8,8) size 784x584
      RenderBlock {P} at (0,0) size 784x36
        RenderText {#text} at (0,0) size 734x36
          text run at (0,0) width 509: "This tries to select a table inside an editable region whose content is not editable. "
          text run at (509,0) width 225: "The table and its contents should be"
          text run at (0,18) width 54: "selected."
      RenderBlock {DIV} at (0,52) size 784x28
        RenderTable {TABLE} at (0,0) size 31x28 [border: (1px outset #808080)]
          RenderTableSection {TBODY} at (1,1) size 29x26
            RenderTableRow {TR} at (0,2) size 29x22
              RenderTableCell {TD} at (2,2) size 25x22 [border: (1px inset #808080)] [r=0 c=0 rs=1 cs=1]
                RenderText {#text} at (2,2) size 21x18
                  text run at (2,2) width 21: "foo"
selection start: position 0 of child 0 {TABLE} of child 2 {DIV} of body
selection end:   position 1 of child 0 {TABLE} of child 2 {DIV} of body
