layer at (0,0) size 800x600
  RenderView at (0,0) size 800x600
layer at (0,0) size 800x600
  RenderBlock {HTML} at (0,0) size 800x600
    RenderBody {BODY} at (8,8) size 784x584
      RenderBlock {P} at (0,0) size 784x54
        RenderText {#text} at (0,0) size 782x36
          text run at (0,0) width 782: "We delay focus until mouse up if the mouse down occurs inside a focusable node that is inside an already focused node. But"
          text run at (0,18) width 533: "we shouldn't delay focus unless the mouse down occurs in an already focused node. "
          text run at (533,18) width 249: "The text field below should be focused."
        RenderInline {B} at (0,0) size 654x18
          RenderText {#text} at (0,36) size 654x18
            text run at (0,36) width 654: "To run manually, select everything from 'foo' though 'baz', then mouse down inside the text field."
      RenderBlock {DIV} at (0,70) size 784x61
        RenderBlock {DIV} at (0,0) size 784x18
          RenderText {#text} at (0,0) size 21x18
            text run at (0,0) width 21: "foo"
        RenderBlock (anonymous) at (0,18) size 784x25
          RenderTextControl {INPUT} at (2,2) size 149x21 [bgcolor=#FFFFFF] [border: (2px inset #000000)]
        RenderBlock {DIV} at (0,43) size 784x18
          RenderText {#text} at (0,0) size 22x18
            text run at (0,0) width 22: "baz"
layer at (12,101) size 145x15
  RenderBlock {DIV} at (2,3) size 145x15
caret: position 0 of child 0 {DIV} of {#document-fragment} of child 1 {INPUT} of child 2 {DIV} of body
