layer at (0,0) size 800x600
  RenderView at (0,0) size 800x600
layer at (0,0) size 800x600
  RenderBlock {HTML} at (0,0) size 800x600
    RenderBody {BODY} at (8,8) size 784x584
      RenderBlock (anonymous) at (0,0) size 784x36
        RenderText {#text} at (0,0) size 772x36
          text run at (0,0) width 570: "This tests for a bug where selecting a word would select the line break and word before it. "
          text run at (570,0) width 135: "Only the word in the "
          text run at (705,0) width 63: "paragraph"
          text run at (768,0) width 4: " "
          text run at (0,18) width 162: "below should be selected:"
        RenderText {#text} at (0,0) size 0x0
      RenderBlock {DIV} at (0,36) size 784x18
        RenderText {#text} at (0,0) size 21x18
          text run at (0,0) width 21: "foo"
selection start: position 0 of child 0 {#text} of child 3 {DIV} of body
selection end:   position 3 of child 0 {#text} of child 3 {DIV} of body
