layer at (0,0) size 800x600
  RenderView at (0,0) size 800x600
layer at (0,0) size 800x600
  RenderBlock {HTML} at (0,0) size 800x600
    RenderBody {BODY} at (8,8) size 784x584
      RenderBlock {P} at (0,0) size 784x18
        RenderText {#text} at (0,0) size 719x18
          text run at (0,0) width 336: "This tests moving backward by sentence boundaries. "
          text run at (336,0) width 383: "The caret should be at the start of the second to last sentence."
      RenderBlock {DIV} at (0,34) size 784x54
        RenderText {#text} at (0,0) size 758x54
          text run at (0,0) width 754: "Lorem ipsum dolor sit amet, consectetuer adipiscing elit. Nunc a augue. Pellentesque habitant morbi tristique senectus et"
          text run at (754,0) width 4: " "
          text run at (0,18) width 719: "netus et malesuada fames ac turpis egestas. Mauris ut pede. Integer lacus. Ut ipsum. Phasellus tristique leo eu velit."
          text run at (719,18) width 4: " "
          text run at (0,36) width 655: "Vestibulum arcu lacus, blandit ac, condimentum sed, commodo in, arcu. Curabitur suscipit pede eu sem."
caret: position 241 of child 0 {#text} of child 2 {DIV} of body
