layer at (0,0) size 800x600
  RenderView at (0,0) size 800x600
layer at (0,0) size 800x139
  RenderBlock {HTML} at (0,0) size 800x139
    RenderBody {BODY} at (8,16) size 784x115
      RenderBlock {P} at (0,0) size 784x36
        RenderText {#text} at (0,0) size 758x36
          text run at (0,0) width 758: "This tests that clicking in a contenteditable div will set the caret in the right position for LTR text in a RTL block. To test"
          text run at (0,18) width 447: "manually, click the left of the text. The caret should be on the left edge."
      RenderBlock {DIV} at (0,52) size 202x45 [border: (1px solid #000000)]
        RenderText {#text} at (116,11) size 75x23
          text run at (116,11) width 75: "WebKit2"
      RenderBlock (anonymous) at (0,97) size 784x18
        RenderText {#text} at (0,0) size 39x18
          text run at (0,0) width 39: "PASS"
        RenderBR {BR} at (39,0) size 0x18
caret: position 7 of child 0 {#text} of child 3 {DIV} of body
