EDITING DELEGATE: shouldBeginEditingInDOMRange:range from 0 of DIV > BODY > HTML > #document to 1 of DIV > BODY > HTML > #document
EDITING DELEGATE: webViewDidBeginEditing:WebViewDidBeginEditingNotification
EDITING DELEGATE: shouldChangeSelectedDOMRange:(null) toDOMRange:range from 10 of #text > DIV > BODY > HTML > #document to 10 of #text > DIV > BODY > HTML > #document affinity:NSSelectionAffinityDownstream stillSelecting:FALSE
EDITING DELEGATE: webViewDidChangeSelection:WebViewDidChangeSelectionNotification
layer at (0,0) size 800x600
  RenderView at (0,0) size 800x600
layer at (0,0) size 800x600
  RenderBlock {HTML} at (0,0) size 800x600
    RenderBody {BODY} at (8,8) size 784x584
      RenderBlock {P} at (0,0) size 784x36
        RenderText {#text} at (0,0) size 104x17
          text run at (0,0) width 104: "This is a test for "
        RenderInline {I} at (0,0) size 776x35
          RenderInline {A} at (0,0) size 348x17 [color=#0000EE]
            RenderText {#text} at (104,0) size 348x17
              text run at (104,0) width 348: "http://bugzilla.opendarwin.org/show_bug.cgi?id=9978"
          RenderText {#text} at (452,0) size 776x35
            text run at (452,0) width 4: " "
            text run at (456,0) width 320: "REGRESSION (r12949-r12988): Clicking the first"
            text run at (0,18) width 384: "letter on a line places the caret at the end of the previous line"
        RenderText {#text} at (384,18) size 4x17
          text run at (384,18) width 4: "."
      RenderBlock {P} at (0,52) size 784x18
        RenderText {#text} at (0,0) size 728x17
          text run at (0,0) width 549: "To test interactively, click the left side of the W on the second line. The caret should be "
          text run at (549,0) width 179: "move to the start of that line."
      RenderBlock {DIV} at (0,96) size 250x110
        RenderText {#text} at (0,1) size 232x108
          text run at (0,1) width 164: "Alice in "
          text run at (0,56) width 232: "Wonderland"
layer at (8,94) size 784x2 clip at (0,0) size 0x0
  RenderBlock {HR} at (0,86) size 784x2 [color=#808080] [border: (1px inset #808080)]
caret: position 10 of child 0 {#text} of child 7 {DIV} of body
