layer at (0,0) size 800x600
  RenderView at (0,0) size 800x600
layer at (0,0) size 800x600
  RenderBlock {HTML} at (0,0) size 800x600
    RenderBody {BODY} at (8,8) size 784x584
      RenderBlock {P} at (0,0) size 784x36
        RenderText {#text} at (0,0) size 53x18
          text run at (0,0) width 53: "Test for "
        RenderInline {I} at (0,0) size 744x36
          RenderInline {A} at (0,0) size 301x18 [color=#0000EE]
            RenderText {#text} at (53,0) size 301x18
              text run at (53,0) width 301: "http://bugs.webkit.org/show_bug.cgi?id=14347"
          RenderText {#text} at (354,0) size 744x36
            text run at (354,0) width 4: " "
            text run at (358,0) width 386: "REGRESSION (r21291): Initiating a drag near the edge of a"
            text run at (0,18) width 127: "selection deselects it"
        RenderText {#text} at (127,18) size 4x18
          text run at (127,18) width 4: "."
      RenderBlock {P} at (0,52) size 784x18
        RenderText {#text} at (0,0) size 326x18
          text run at (0,0) width 326: "Drag the selected letter W into the yellow rectangle."
      RenderBlock {DIV} at (0,86) size 784x83
        RenderText {#text} at (0,0) size 68x83
          text run at (0,0) width 68: "W"
      RenderBlock {DIV} at (0,169) size 784x83 [bgcolor=#FFFFCC]
        RenderText {#text} at (0,0) size 68x83
          text run at (0,0) width 68: "W"
selection start: position 0 of child 0 {#text} of child 6 {DIV} of body
selection end:   position 1 of child 0 {#text} of child 6 {DIV} of body
