EDITING DELEGATE: shouldBeginEditingInDOMRange:range from 0 of BODY > HTML > #document to 4 of BODY > HTML > #document
EDITING DELEGATE: webViewDidBeginEditing:WebViewDidBeginEditingNotification
EDITING DELEGATE: webViewDidChangeSelection:WebViewDidChangeSelectionNotification
layer at (0,0) size 800x600
  RenderView at (0,0) size 800x600
layer at (0,0) size 800x600
  RenderBlock {HTML} at (0,0) size 800x600
    RenderBody {BODY} at (8,8) size 784x579
      RenderBlock (anonymous) at (0,0) size 784x54
        RenderText {#text} at (0,0) size 784x54
          text run at (0,0) width 759: "This tests to see that a caret is placed inside an editable document that is entirely editable even when no caret is requested"
          text run at (0,18) width 118: "programmatically. "
          text run at (118,18) width 187: "We do this as a convenience. "
          text run at (305,18) width 479: "Right now, we only do this convenience when a document's frame becomes"
          text run at (0,36) width 378: "first responder or when a document's window becomes key."
      RenderBlock {PRE} at (0,67) size 784x15
        RenderText {#text} at (0,0) size 88x15
          text run at (0,0) width 88: "Test Passed"
caret: position 0 of child 0 {#text} of body
