EDITING DELEGATE: shouldBeginEditingInDOMRange:range from 0 of DIV > BODY > HTML > #document to 2 of DIV > BODY > HTML > #document
EDITING DELEGATE: webViewDidBeginEditing:WebViewDidBeginEditingNotification
EDITING DELEGATE: shouldChangeSelectedDOMRange:(null) toDOMRange:range from 1 of #text > SPAN > DIV > BODY > HTML > #document to 1 of #text > SPAN > DIV > BODY > HTML > #document affinity:NSSelectionAffinityDownstream stillSelecting:FALSE
EDITING DELEGATE: webViewDidChangeSelection:WebViewDidChangeSelectionNotification
layer at (0,0) size 800x600
  RenderView at (0,0) size 800x600
layer at (0,0) size 800x600
  RenderBlock {HTML} at (0,0) size 800x600
    RenderBody {BODY} at (8,8) size 784x576
      RenderBlock {P} at (0,0) size 784x36
        RenderText {#text} at (0,0) size 776x36
          text run at (0,0) width 414: "This tests double clicking inside and at the end of an editable div. "
          text run at (414,0) width 362: "The selection that is created should not extend outside the"
          text run at (0,18) width 97: "editable region."
      RenderBlock {DIV} at (0,52) size 784x18
        RenderText {#text} at (0,0) size 206x18
          text run at (0,0) width 206: "This text is inside an editable div"
        RenderInline {SPAN} at (0,0) size 4x18
          RenderText {#text} at (206,0) size 4x18
            text run at (206,0) width 4: " "
layer at (8,94) size 784x18
  RenderBlock {P} at (0,86) size 784x18
    RenderText {#text} at (0,0) size 150x18
      text run at (0,0) width 150: "This text is not editable."
caret: position 1 of child 0 {#text} of child 1 {SPAN} of child 3 {DIV} of body
