EDITING DELEGATE: shouldChangeSelectedDOMRange:(null) toDOMRange:range from 15 of #text > DIV > BODY > HTML > #document to 15 of #text > DIV > BODY > HTML > #document affinity:NSSelectionAffinityDownstream stillSelecting:FALSE
EDITING DELEGATE: webViewDidChangeSelection:WebViewDidChangeSelectionNotification
EDITING DELEGATE: shouldChangeSelectedDOMRange:range from 15 of #text > DIV > BODY > HTML > #document to 15 of #text > DIV > BODY > HTML > #document toDOMRange:range from 11 of #text > DIV > BODY > HTML > #document to 4 of #text > DIV > BODY > HTML > #document affinity:NSSelectionAffinityDownstream stillSelecting:FALSE
EDITING DELEGATE: webViewDidChangeSelection:WebViewDidChangeSelectionNotification
EDITING DELEGATE: shouldChangeSelectedDOMRange:range from 11 of #text > DIV > BODY > HTML > #document to 4 of #text > DIV > BODY > HTML > #document toDOMRange:range from 1 of #text > DIV > BODY > HTML > #document to 4 of DIV > BODY > HTML > #document affinity:NSSelectionAffinityDownstream stillSelecting:FALSE
EDITING DELEGATE: webViewDidChangeSelection:WebViewDidChangeSelectionNotification
EDITING DELEGATE: shouldChangeSelectedDOMRange:range from 1 of #text > DIV > BODY > HTML > #document to 4 of DIV > BODY > HTML > #document toDOMRange:range from 1 of #text > DIV > BODY > HTML > #document to 5 of #text > DIV > BODY > HTML > #document affinity:NSSelectionAffinityDownstream stillSelecting:FALSE
EDITING DELEGATE: webViewDidChangeSelection:WebViewDidChangeSelectionNotification
layer at (0,0) size 800x600
  RenderView at (0,0) size 800x600
layer at (0,0) size 800x600
  RenderBlock {HTML} at (0,0) size 800x600
    RenderBody {BODY} at (8,8) size 784x584
      RenderBlock {P} at (0,0) size 784x18
        RenderText {#text} at (0,0) size 697x18
          text run at (0,0) width 368: "This tests modifying a selection created with a triple click. "
          text run at (368,0) width 329: "The new selection should use paragraph granularity."
      RenderBlock {P} at (0,34) size 784x54 [color=#008000]
        RenderText {#text} at (0,0) size 778x54
          text run at (0,0) width 224: "This test does not run interactively. "
          text run at (224,0) width 352: "It uses the testRunners eventSender to do mouse clicks. "
          text run at (576,0) width 202: "To run it manually, double click"
          text run at (0,18) width 284: "on the blue 'g', then drag down to the red 'g'. "
          text run at (284,18) width 490: "As you drag, watch the selection that is created, it should always start and end"
          text run at (0,36) width 160: "on paragraph boundaries."
      RenderBlock {DIV} at (0,104) size 784x108
        RenderText {#text} at (0,0) size 84x18
          text run at (0,0) width 84: "This is a para"
        RenderInline {SPAN} at (0,0) size 8x18 [color=#0000FF]
          RenderText {#text} at (84,0) size 8x18
            text run at (84,0) width 8: "g"
        RenderText {#text} at (92,0) size 32x18
          text run at (92,0) width 32: "raph."
        RenderBR {BR} at (124,14) size 0x0
        RenderText {#text} at (0,18) size 63x18
          text run at (0,18) width 63: "Some text"
        RenderBR {BR} at (63,32) size 0x0
        RenderText {#text} at (0,36) size 63x18
          text run at (0,36) width 63: "Some text"
        RenderBR {BR} at (63,50) size 0x0
        RenderText {#text} at (0,54) size 63x18
          text run at (0,54) width 63: "Some text"
        RenderBR {BR} at (63,68) size 0x0
        RenderText {#text} at (0,72) size 63x18
          text run at (0,72) width 63: "Some text"
        RenderBR {BR} at (63,86) size 0x0
        RenderText {#text} at (0,90) size 84x18
          text run at (0,90) width 84: "This is a para"
        RenderInline {SPAN} at (0,0) size 8x18 [color=#FF0000]
          RenderText {#text} at (84,90) size 8x18
            text run at (84,90) width 8: "g"
        RenderText {#text} at (92,90) size 32x18
          text run at (92,90) width 32: "raph."
selection start: position 1 of child 0 {#text} of child 5 {DIV} of body
selection end:   position 5 of child 14 {#text} of child 5 {DIV} of body
