layer at (0,0) size 800x600
  RenderView at (0,0) size 800x600
layer at (0,0) size 800x600
  RenderBlock {HTML} at (0,0) size 800x600
    RenderBody {BODY} at (8,8) size 784x584
      RenderBlock {DIV} at (0,0) size 784x88
        RenderBlock {P} at (0,0) size 784x18
          RenderText {#text} at (0,0) size 26x18
            text run at (0,0) width 26: "For "
          RenderInline {A} at (0,0) size 71x18 [color=#0000EE]
            RenderText {#text} at (26,0) size 71x18
              text run at (26,0) width 71: "Bug 32123"
          RenderText {#text} at (97,0) size 312x18
            text run at (97,0) width 8: ". "
            text run at (105,0) width 304: "Hightlight for Selection should fit the target line."
        RenderBlock (anonymous) at (0,34) size 784x18
          RenderInline {SPAN} at (0,0) size 7x18
            RenderText {#text} at (0,0) size 7x18
              text run at (0,0) width 7: "a"
        RenderBlock {DIV} at (0,52) size 784x18
          RenderText {#text} at (0,0) size 130x18
            text run at (0,0) width 130: "should just select me"
        RenderBlock (anonymous) at (0,70) size 784x18
          RenderInline {SPAN} at (0,0) size 7x18
            RenderText {#text} at (0,0) size 7x18
              text run at (0,0) width 7: "c"
          RenderText {#text} at (0,0) size 0x0
selection start: position 1 of child 0 {#text} of child 3 {SPAN} of child 1 {DIV} of body
selection end:   position 0 of child 5 {SPAN} of child 1 {DIV} of body
