EDITING DELEGATE: webViewDidChangeSelection:WebViewDidChangeSelectionNotification
layer at (0,0) size 800x600
  RenderView at (0,0) size 800x600
layer at (0,0) size 800x600
  RenderBlock {HTML} at (0,0) size 800x600
    RenderBody {BODY} at (8,8) size 784x584
      RenderBlock {P} at (0,0) size 784x18
        RenderText {#text} at (0,0) size 767x18
          text run at (0,0) width 767: "This tests that the selection tint is grey when the WebView is not focused (using the pixel output from DumpRenderTree)."
      RenderBlock {DIV} at (0,34) size 784x18
        RenderText {#text} at (0,0) size 178x18
          text run at (0,0) width 178: "This text should be selected."
selection start: position 0 of child 0 {#text} of child 3 {DIV} of body
selection end:   position 29 of child 0 {#text} of child 3 {DIV} of body
