layer at (0,0) size 800x600
  RenderView at (0,0) size 800x600
layer at (0,0) size 800x142
  RenderBlock {HTML} at (0,0) size 800x142
    RenderBody {BODY} at (8,16) size 784x118
      RenderBlock {P} at (0,0) size 784x18
        RenderText {#text} at (0,0) size 553x17
          text run at (0,0) width 553: "To PASS this test case the text of the button label should not be selected in the selection."
      RenderBlock {DIV} at (0,34) size 784x84
        RenderBlock (anonymous) at (0,0) size 784x42
          RenderText {#text} at (0,0) size 49x17
            text run at (0,0) width 49: "Buttons"
          RenderBR {BR} at (49,0) size 0x17
          RenderText {#text} at (0,20) size 59x17
            text run at (0,20) width 59: "with text "
          RenderButton {INPUT} at (59,18) size 62x24 [color=#000000CC] [bgcolor=#C0C0C0] [border: (2px outset #C0C0C0)]
            RenderBlock (anonymous) at (8,4) size 46x15
              RenderText at (0,0) size 46x15
                text run at (0,0) width 46: "too little"
          RenderText {#text} at (120,20) size 56x17
            text run at (120,20) width 56: " too little"
        RenderBlock {DIV} at (0,42) size 784x24
          RenderText {#text} at (0,2) size 54x17
            text run at (0,2) width 54: "and text "
          RenderButton {INPUT} at (54,0) size 70x24 [color=#000000CC] [bgcolor=#C0C0C0] [border: (2px outset #C0C0C0)]
            RenderBlock (anonymous) at (8,4) size 54x15
              RenderText at (0,0) size 54x15
                text run at (0,0) width 54: "too much"
          RenderText {#text} at (123,2) size 64x17
            text run at (123,2) width 64: " too much"
        RenderBlock (anonymous) at (0,66) size 784x18
          RenderText {#text} at (0,0) size 244x17
            text run at (0,0) width 244: "Should not be selected in the selection."
selection start: position 0 of child 0 {#text} of child 1 {P} of body
selection end:   position 41 of child 6 {#text} of child 3 {DIV} of body
