EDITING DELEGATE: shouldBeginEditingInDOMRange:range from 0 of DIV > BODY > HTML > #document to 3 of DIV > BODY > HTML > #document
EDITING DELEGATE: webViewDidBeginEditing:WebViewDidBeginEditingNotification
EDITING DELEGATE: webViewDidChangeSelection:WebViewDidChangeSelectionNotification
layer at (0,0) size 800x600
  RenderView at (0,0) size 800x600
layer at (0,0) size 800x600
  RenderBlock {HTML} at (0,0) size 800x600
    RenderBody {BODY} at (8,8) size 784x584
      RenderBlock {P} at (0,0) size 784x18
        RenderText {#text} at (0,0) size 381x18
          text run at (0,0) width 381: "This tests the caret position for the caret before a block table."
      RenderBlock {DIV} at (0,34) size 784x112
        RenderBlock (anonymous) at (0,0) size 784x18
          RenderText {#text} at (0,0) size 21x18
            text run at (0,0) width 21: "foo"
        RenderTable {TABLE} at (0,18) size 51x76 [border: (1px solid #999999)]
          RenderTableSection {TBODY} at (1,1) size 49x74
            RenderTableRow {TR} at (0,2) size 49x22
              RenderTableCell {TD} at (2,2) size 45x22 [border: (1px solid #999999)] [r=0 c=0 rs=1 cs=1]
                RenderText {#text} at (2,2) size 22x18
                  text run at (2,2) width 22: "this"
            RenderTableRow {TR} at (0,26) size 49x22
              RenderTableCell {TD} at (2,26) size 45x22 [border: (1px solid #999999)] [r=1 c=0 rs=1 cs=1]
                RenderText {#text} at (2,2) size 10x18
                  text run at (2,2) width 10: "is"
            RenderTableRow {TR} at (0,50) size 49x22
              RenderTableCell {TD} at (2,50) size 45x22 [border: (1px solid #999999)] [r=2 c=0 rs=1 cs=1]
                RenderText {#text} at (2,2) size 41x18
                  text run at (2,2) width 41: "a table"
        RenderBlock (anonymous) at (0,94) size 784x18
          RenderText {#text} at (0,0) size 22x18
            text run at (0,0) width 22: "baz"
caret: position 0 of child 1 {TABLE} of child 2 {DIV} of body
