layer at (0,0) size 800x600
  RenderView at (0,0) size 800x600
layer at (0,0) size 800x184
  RenderBlock {HTML} at (0,0) size 800x184
    RenderBody {BODY} at (8,16) size 784x155
      RenderBlock {P} at (0,0) size 784x18
        RenderText {#text} at (0,0) size 679x18
          text run at (0,0) width 679: "This tests horizontal caret movement in vertical writing mode. \"\x{3042}\x{308B}\x{3002}\" and \"\x{540D}\x{524D}\x{306F}\x{307E}\x{3060}\" must be selected."
      RenderBlock {DIV} at (0,34) size 68x121
        RenderBlock {P} at (16,0) size 36x121
          RenderText {#text} at (0,0) size 36x119
            text run at (0,0) width 118: "\x{543E}\x{8F29}\x{306F}\x{732B}\x{3067}\x{3042}\x{308B}\x{3002}"
            text run at (18,0) width 119: "\x{540D}\x{524D}\x{306F}\x{307E}\x{3060}\x{7121}\x{3044}\x{3002}"
      RenderBlock (anonymous) at (0,155) size 784x0
      RenderBlock {PRE} at (0,168) size 784x0
selection start: position 5 of child 0 {#text} of child 1 {P} of child 3 {DIV} of body
selection end:   position 13 of child 0 {#text} of child 1 {P} of child 3 {DIV} of body
