layer at (0,0) size 800x600
  RenderView at (0,0) size 800x600
layer at (0,0) size 800x600
  RenderBlock {HTML} at (0,0) size 800x600
    RenderBody {BODY} at (8,8) size 784x584
      RenderBlock (anonymous) at (0,0) size 784x18
        RenderInline {FONT} at (0,0) size 89x17 [color=#FF0000]
          RenderInline {I} at (0,0) size 89x17
            RenderText {#text} at (0,0) size 89x17
              text run at (0,0) width 89: "Italic and Red"
        RenderInline {I} at (0,0) size 0x17
      RenderBlock (anonymous) at (0,34) size 784x18
        RenderBlock {P} at (0,0) size 784x18
          RenderInline {FONT} at (0,0) size 93x17 [color=#FF0000]
            RenderText {#text} at (0,0) size 93x17
              text run at (0,0) width 93: "Italic and Red "
          RenderText {#text} at (93,0) size 64x17
            text run at (93,0) width 64: "Just italic."
      RenderBlock (anonymous) at (0,68) size 784x18
        RenderInline {I} at (0,0) size 67x17
          RenderText {#text} at (0,0) size 67x17
            text run at (0,0) width 67: "Italic only."
        RenderText {#text} at (67,0) size 36x17
          text run at (67,0) width 36: " Plain"
      RenderBlock {P} at (0,102) size 784x18
        RenderText {#text} at (0,0) size 126x17
          text run at (0,0) width 126: "I should not be red. "
        RenderInline {FONT} at (0,0) size 123x17 [color=#FF0000]
          RenderText {#text} at (126,0) size 34x17
            text run at (126,0) width 34: "Red. "
          RenderInline {I} at (0,0) size 89x17
            RenderText {#text} at (160,0) size 89x17
              text run at (160,0) width 89: "Italic and red."
      RenderBlock (anonymous) at (0,136) size 784x0
        RenderInline {FONT} at (0,0) size 0x0 [color=#FF0000]
          RenderInline {I} at (0,0) size 0x0
            RenderText {#text} at (0,0) size 0x0
      RenderBlock {P} at (0,136) size 784x18
        RenderInline {FONT} at (0,0) size 123x17 [color=#FF0000]
          RenderInline {I} at (0,0) size 93x17
            RenderText {#text} at (0,0) size 93x17
              text run at (0,0) width 93: "Italic and red. "
          RenderText {#text} at (93,0) size 30x17
            text run at (93,0) width 30: "Red."
        RenderText {#text} at (123,0) size 126x17
          text run at (123,0) width 126: " I should not be red."
      RenderBlock (anonymous) at (0,170) size 784x18
        RenderInline {B} at (0,0) size 131x17
          RenderText {#text} at (0,0) size 36x17
            text run at (0,0) width 36: "Bold "
          RenderInline {I} at (0,0) size 95x17
            RenderText {#text} at (36,0) size 95x17
              text run at (36,0) width 95: "Bold and italic"
        RenderInline {I} at (0,0) size 75x17
          RenderText {#text} at (131,0) size 75x17
            text run at (131,0) width 75: " Only Italic "
        RenderText {#text} at (206,0) size 32x17
          text run at (206,0) width 32: "Plain"
