layer at (0,0) size 800x600
  RenderView at (0,0) size 800x600
layer at (0,0) size 800x600
  RenderBlock {HTML} at (0,0) size 800x600
    RenderBody {BODY} at (8,8) size 784x577
      RenderBlock {P} at (0,0) size 784x17
        RenderText {#text} at (0,0) size 29x17
          text run at (0,0) width 29: "Test"
layer at (250,50) size 243x62
  RenderBlock (positioned) {DIV} at (250,50) size 243x62 [border: (2px solid #008000)]
    RenderText {#text} at (22,22) size 199x17
      text run at (22,22) width 199: "I should be absolute positioned."
