layer at (0,0) size 785x989
  RenderView at (0,0) size 785x585
layer at (0,0) size 785x585
  RenderBlock {HTML} at (0,0) size 785x585
    RenderBody {BODY} at (0,0) size 785x585
      RenderText {#text} at (0,0) size 397x17
        text run at (0,0) width 397: "ffffffffffffffffffffffffffffffffffffffffffffffffffffffffffffffffffffffffffffffffffff"
      RenderBR {BR} at (396,0) size 1x17
      RenderText {#text} at (0,18) size 397x17
        text run at (0,18) width 397: "ffffffffffffffffffffffffffffffffffffffffffffffffffffffffffffffffffffffffffffffffffff"
      RenderBR {BR} at (396,18) size 1x17
      RenderText {#text} at (0,36) size 397x17
        text run at (0,36) width 397: "ffffffffffffffffffffffffffffffffffffffffffffffffffffffffffffffffffffffffffffffffffff"
      RenderBR {BR} at (396,36) size 1x17
      RenderText {#text} at (0,54) size 397x17
        text run at (0,54) width 397: "ffffffffffffffffffffffffffffffffffffffffffffffffffffffffffffffffffffffffffffffffffff"
      RenderBR {BR} at (396,54) size 1x17
      RenderText {#text} at (0,72) size 397x17
        text run at (0,72) width 397: "ffffffffffffffffffffffffffffffffffffffffffffffffffffffffffffffffffffffffffffffffffff"
      RenderBR {BR} at (396,72) size 1x17
      RenderText {#text} at (0,90) size 397x17
        text run at (0,90) width 397: "ffffffffffffffffffffffffffffffffffffffffffffffffffffffffffffffffffffffffffffffffffff"
      RenderBR {BR} at (396,90) size 1x17
      RenderText {#text} at (0,108) size 397x17
        text run at (0,108) width 397: "ffffffffffffffffffffffffffffffffffffffffffffffffffffffffffffffffffffffffffffffffffff"
      RenderBR {BR} at (396,108) size 1x17
      RenderText {#text} at (0,126) size 397x17
        text run at (0,126) width 397: "ffffffffffffffffffffffffffffffffffffffffffffffffffffffffffffffffffffffffffffffffffff"
      RenderBR {BR} at (396,126) size 1x17
      RenderText {#text} at (0,144) size 397x17
        text run at (0,144) width 397: "ffffffffffffffffffffffffffffffffffffffffffffffffffffffffffffffffffffffffffffffffffff"
      RenderBR {BR} at (396,144) size 1x17
      RenderText {#text} at (0,162) size 397x17
        text run at (0,162) width 397: "ffffffffffffffffffffffffffffffffffffffffffffffffffffffffffffffffffffffffffffffffffff"
      RenderBR {BR} at (396,162) size 1x17
      RenderText {#text} at (0,180) size 397x17
        text run at (0,180) width 397: "ffffffffffffffffffffffffffffffffffffffffffffffffffffffffffffffffffffffffffffffffffff"
      RenderBR {BR} at (396,180) size 1x17
      RenderText {#text} at (0,198) size 397x17
        text run at (0,198) width 397: "ffffffffffffffffffffffffffffffffffffffffffffffffffffffffffffffffffffffffffffffffffff"
      RenderBR {BR} at (396,198) size 1x17
      RenderText {#text} at (0,216) size 397x17
        text run at (0,216) width 397: "ffffffffffffffffffffffffffffffffffffffffffffffffffffffffffffffffffffffffffffffffffff"
      RenderBR {BR} at (396,216) size 1x17
      RenderText {#text} at (0,234) size 397x17
        text run at (0,234) width 397: "ffffffffffffffffffffffffffffffffffffffffffffffffffffffffffffffffffffffffffffffffffff"
      RenderBR {BR} at (396,234) size 1x17
      RenderText {#text} at (0,252) size 397x17
        text run at (0,252) width 397: "ffffffffffffffffffffffffffffffffffffffffffffffffffffffffffffffffffffffffffffffffffff"
      RenderBR {BR} at (396,252) size 1x17
      RenderText {#text} at (0,270) size 397x17
        text run at (0,270) width 397: "ffffffffffffffffffffffffffffffffffffffffffffffffffffffffffffffffffffffffffffffffffff"
      RenderBR {BR} at (396,270) size 1x17
      RenderText {#text} at (0,288) size 397x17
        text run at (0,288) width 397: "ffffffffffffffffffffffffffffffffffffffffffffffffffffffffffffffffffffffffffffffffffff"
      RenderBR {BR} at (396,288) size 1x17
      RenderText {#text} at (0,306) size 397x17
        text run at (0,306) width 397: "ffffffffffffffffffffffffffffffffffffffffffffffffffffffffffffffffffffffffffffffffffff"
      RenderBR {BR} at (396,306) size 1x17
      RenderText {#text} at (0,324) size 397x17
        text run at (0,324) width 397: "ffffffffffffffffffffffffffffffffffffffffffffffffffffffffffffffffffffffffffffffffffff"
      RenderBR {BR} at (396,324) size 1x17
      RenderText {#text} at (0,342) size 397x17
        text run at (0,342) width 397: "ffffffffffffffffffffffffffffffffffffffffffffffffffffffffffffffffffffffffffffffffffff"
      RenderBR {BR} at (396,342) size 1x17
      RenderText {#text} at (0,360) size 397x17
        text run at (0,360) width 397: "ffffffffffffffffffffffffffffffffffffffffffffffffffffffffffffffffffffffffffffffffffff"
      RenderBR {BR} at (396,360) size 1x17
      RenderText {#text} at (0,378) size 397x17
        text run at (0,378) width 397: "ffffffffffffffffffffffffffffffffffffffffffffffffffffffffffffffffffffffffffffffffffff"
      RenderBR {BR} at (396,378) size 1x17
      RenderText {#text} at (0,396) size 397x17
        text run at (0,396) width 397: "ffffffffffffffffffffffffffffffffffffffffffffffffffffffffffffffffffffffffffffffffffff"
      RenderBR {BR} at (396,396) size 1x17
      RenderText {#text} at (0,414) size 397x17
        text run at (0,414) width 397: "ffffffffffffffffffffffffffffffffffffffffffffffffffffffffffffffffffffffffffffffffffff"
      RenderBR {BR} at (396,414) size 1x17
      RenderText {#text} at (0,432) size 397x17
        text run at (0,432) width 397: "ffffffffffffffffffffffffffffffffffffffffffffffffffffffffffffffffffffffffffffffffffff"
      RenderBR {BR} at (396,432) size 1x17
      RenderText {#text} at (0,450) size 397x17
        text run at (0,450) width 397: "ffffffffffffffffffffffffffffffffffffffffffffffffffffffffffffffffffffffffffffffffffff"
      RenderBR {BR} at (396,450) size 1x17
      RenderText {#text} at (0,468) size 397x17
        text run at (0,468) width 397: "ffffffffffffffffffffffffffffffffffffffffffffffffffffffffffffffffffffffffffffffffffff"
      RenderBR {BR} at (396,468) size 1x17
      RenderText {#text} at (0,486) size 397x17
        text run at (0,486) width 397: "ffffffffffffffffffffffffffffffffffffffffffffffffffffffffffffffffffffffffffffffffffff"
      RenderBR {BR} at (396,486) size 1x17
      RenderText {#text} at (0,504) size 397x17
        text run at (0,504) width 397: "ffffffffffffffffffffffffffffffffffffffffffffffffffffffffffffffffffffffffffffffffffff"
      RenderBR {BR} at (396,504) size 1x17
      RenderText {#text} at (0,522) size 397x17
        text run at (0,522) width 397: "ffffffffffffffffffffffffffffffffffffffffffffffffffffffffffffffffffffffffffffffffffff"
      RenderBR {BR} at (396,522) size 1x17
      RenderText {#text} at (0,540) size 397x17
        text run at (0,540) width 397: "ffffffffffffffffffffffffffffffffffffffffffffffffffffffffffffffffffffffffffffffffffff"
      RenderBR {BR} at (396,540) size 1x17
      RenderText {#text} at (0,558) size 397x17
        text run at (0,558) width 397: "ffffffffffffffffffffffffffffffffffffffffffffffffffffffffffffffffffffffffffffffffffff"
      RenderBR {BR} at (396,558) size 1x17
      RenderText {#text} at (0,576) size 397x17
        text run at (0,576) width 397: "ffffffffffffffffffffffffffffffffffffffffffffffffffffffffffffffffffffffffffffffffffff"
      RenderBR {BR} at (396,576) size 1x17
      RenderText {#text} at (0,594) size 397x17
        text run at (0,594) width 397: "ffffffffffffffffffffffffffffffffffffffffffffffffffffffffffffffffffffffffffffffffffff"
      RenderBR {BR} at (396,594) size 1x17
      RenderText {#text} at (0,612) size 397x17
        text run at (0,612) width 397: "ffffffffffffffffffffffffffffffffffffffffffffffffffffffffffffffffffffffffffffffffffff"
      RenderBR {BR} at (396,612) size 1x17
      RenderText {#text} at (0,630) size 397x17
        text run at (0,630) width 397: "ffffffffffffffffffffffffffffffffffffffffffffffffffffffffffffffffffffffffffffffffffff"
      RenderBR {BR} at (396,630) size 1x17
      RenderText {#text} at (0,648) size 397x17
        text run at (0,648) width 397: "ffffffffffffffffffffffffffffffffffffffffffffffffffffffffffffffffffffffffffffffffffff"
      RenderBR {BR} at (396,648) size 1x17
      RenderText {#text} at (0,666) size 397x17
        text run at (0,666) width 397: "ffffffffffffffffffffffffffffffffffffffffffffffffffffffffffffffffffffffffffffffffffff"
      RenderBR {BR} at (396,666) size 1x17
      RenderText {#text} at (0,684) size 397x17
        text run at (0,684) width 397: "ffffffffffffffffffffffffffffffffffffffffffffffffffffffffffffffffffffffffffffffffffff"
      RenderBR {BR} at (396,684) size 1x17
      RenderText {#text} at (0,702) size 397x17
        text run at (0,702) width 397: "ffffffffffffffffffffffffffffffffffffffffffffffffffffffffffffffffffffffffffffffffffff"
      RenderBR {BR} at (396,702) size 1x17
      RenderText {#text} at (0,720) size 397x17
        text run at (0,720) width 397: "ffffffffffffffffffffffffffffffffffffffffffffffffffffffffffffffffffffffffffffffffffff"
      RenderBR {BR} at (396,720) size 1x17
      RenderText {#text} at (0,738) size 397x17
        text run at (0,738) width 397: "ffffffffffffffffffffffffffffffffffffffffffffffffffffffffffffffffffffffffffffffffffff"
      RenderBR {BR} at (396,738) size 1x17
      RenderText {#text} at (0,756) size 397x17
        text run at (0,756) width 397: "ffffffffffffffffffffffffffffffffffffffffffffffffffffffffffffffffffffffffffffffffffff"
      RenderBR {BR} at (396,756) size 1x17
      RenderText {#text} at (0,774) size 397x17
        text run at (0,774) width 397: "ffffffffffffffffffffffffffffffffffffffffffffffffffffffffffffffffffffffffffffffffffff"
      RenderBR {BR} at (396,774) size 1x17
      RenderText {#text} at (0,792) size 397x17
        text run at (0,792) width 397: "ffffffffffffffffffffffffffffffffffffffffffffffffffffffffffffffffffffffffffffffffffff"
      RenderBR {BR} at (396,792) size 1x17
      RenderText {#text} at (0,810) size 397x17
        text run at (0,810) width 397: "ffffffffffffffffffffffffffffffffffffffffffffffffffffffffffffffffffffffffffffffffffff"
      RenderBR {BR} at (396,810) size 1x17
      RenderText {#text} at (0,828) size 397x17
        text run at (0,828) width 397: "ffffffffffffffffffffffffffffffffffffffffffffffffffffffffffffffffffffffffffffffffffff"
      RenderBR {BR} at (396,828) size 1x17
      RenderText {#text} at (0,846) size 397x17
        text run at (0,846) width 397: "ffffffffffffffffffffffffffffffffffffffffffffffffffffffffffffffffffffffffffffffffffff"
      RenderBR {BR} at (396,846) size 1x17
      RenderText {#text} at (0,864) size 397x17
        text run at (0,864) width 397: "ffffffffffffffffffffffffffffffffffffffffffffffffffffffffffffffffffffffffffffffffffff"
      RenderBR {BR} at (396,864) size 1x17
      RenderText {#text} at (0,882) size 397x17
        text run at (0,882) width 397: "ffffffffffffffffffffffffffffffffffffffffffffffffffffffffffffffffffffffffffffffffffff"
      RenderBR {BR} at (396,882) size 1x17
      RenderText {#text} at (0,900) size 397x17
        text run at (0,900) width 397: "ffffffffffffffffffffffffffffffffffffffffffffffffffffffffffffffffffffffffffffffffffff"
      RenderBR {BR} at (396,900) size 1x17
      RenderText {#text} at (0,918) size 397x17
        text run at (0,918) width 397: "ffffffffffffffffffffffffffffffffffffffffffffffffffffffffffffffffffffffffffffffffffff"
      RenderBR {BR} at (396,918) size 1x17
      RenderText {#text} at (0,936) size 397x17
        text run at (0,936) width 397: "ffffffffffffffffffffffffffffffffffffffffffffffffffffffffffffffffffffffffffffffffffff"
      RenderBR {BR} at (396,936) size 1x17
      RenderText {#text} at (0,954) size 397x17
        text run at (0,954) width 397: "ffffffffffffffffffffffffffffffffffffffffffffffffffffffffffffffffffffffffffffffffffff"
      RenderBR {BR} at (396,954) size 1x17
      RenderText {#text} at (0,972) size 397x17
        text run at (0,972) width 397: "ffffffffffffffffffffffffffffffffffffffffffffffffffffffffffffffffffffffffffffffffffff"
      RenderBR {BR} at (396,972) size 1x17
