layer at (0,0) size 800x600
  RenderView at (0,0) size 800x600
layer at (0,0) size 800x600
  RenderBlock {HTML} at (0,0) size 800x600
    RenderBody {BODY} at (8,8) size 784x584
layer at (8,8) size 42x19
  RenderBlock (floating) {DIV} at (0,0) size 42x19
    RenderBlock (floating) {LABEL} at (0,0) size 22x19
      RenderText {#text} at (0,0) size 22x19
        text run at (0,0) width 22: "foo"
    RenderInline {SPAN} at (0,0) size 20x17
      RenderText {#text} at (22,1) size 20x17
        text run at (22,1) width 20: "bar"
    RenderText {#text} at (0,0) size 0x0
