layer at (0,0) size 785x600
  RenderView at (0,0) size 785x600
layer at (0,0) size 785x600
  RenderBlock {HTML} at (0,0) size 785x600
    RenderBody {BODY} at (8,8) size 769x584
      RenderBlock (anonymous) at (0,0) size 769x18
        RenderText {#text} at (0,0) size 312x17
          text run at (0,0) width 312: "The body should always have a vertical scrollbar."
      RenderBlock (anonymous) at (0,218) size 769x65
        RenderText {#text} at (205,47) size 4x17
          text run at (205,47) width 4: " "
        RenderText {#text} at (0,0) size 0x0
layer at (8,26) size 300x100 clip at (8,26) size 285x100 scrollHeight 324
  RenderBlock {DIV} at (0,18) size 300x100
    RenderText {#text} at (0,0) size 50x17
      text run at (0,0) width 50: "Y scroll"
    RenderBR {BR} at (49,0) size 1x17
    RenderText {#text} at (0,18) size 50x17
      text run at (0,18) width 50: "Y scroll"
    RenderBR {BR} at (49,18) size 1x17
    RenderText {#text} at (0,36) size 50x17
      text run at (0,36) width 50: "Y scroll"
    RenderBR {BR} at (49,36) size 1x17
    RenderText {#text} at (0,54) size 50x17
      text run at (0,54) width 50: "Y scroll"
    RenderBR {BR} at (49,54) size 1x17
    RenderText {#text} at (0,72) size 50x17
      text run at (0,72) width 50: "Y scroll"
    RenderBR {BR} at (49,72) size 1x17
    RenderText {#text} at (0,90) size 50x17
      text run at (0,90) width 50: "Y scroll"
    RenderBR {BR} at (49,90) size 1x17
    RenderText {#text} at (0,108) size 50x17
      text run at (0,108) width 50: "Y scroll"
    RenderBR {BR} at (49,108) size 1x17
    RenderText {#text} at (0,126) size 50x17
      text run at (0,126) width 50: "Y scroll"
    RenderBR {BR} at (49,126) size 1x17
    RenderText {#text} at (0,144) size 50x17
      text run at (0,144) width 50: "Y scroll"
    RenderBR {BR} at (49,144) size 1x17
    RenderText {#text} at (0,162) size 50x17
      text run at (0,162) width 50: "Y scroll"
    RenderBR {BR} at (49,162) size 1x17
    RenderText {#text} at (0,180) size 50x17
      text run at (0,180) width 50: "Y scroll"
    RenderBR {BR} at (49,180) size 1x17
    RenderText {#text} at (0,198) size 50x17
      text run at (0,198) width 50: "Y scroll"
    RenderBR {BR} at (49,198) size 1x17
    RenderText {#text} at (0,216) size 50x17
      text run at (0,216) width 50: "Y scroll"
    RenderBR {BR} at (49,216) size 1x17
    RenderText {#text} at (0,234) size 50x17
      text run at (0,234) width 50: "Y scroll"
    RenderBR {BR} at (49,234) size 1x17
    RenderText {#text} at (0,252) size 50x17
      text run at (0,252) width 50: "Y scroll"
    RenderBR {BR} at (49,252) size 1x17
    RenderText {#text} at (0,270) size 50x17
      text run at (0,270) width 50: "Y scroll"
    RenderBR {BR} at (49,270) size 1x17
    RenderText {#text} at (0,288) size 50x17
      text run at (0,288) width 50: "Y scroll"
    RenderBR {BR} at (49,288) size 1x17
    RenderText {#text} at (0,306) size 50x17
      text run at (0,306) width 50: "Y scroll"
    RenderBR {BR} at (49,306) size 1x17
layer at (8,126) size 300x100 clip at (8,126) size 300x85 scrollWidth 1184
  RenderBlock {DIV} at (0,118) size 300x100
    RenderText {#text} at (0,0) size 1184x17
      text run at (0,0) width 486: "X scroll X scroll X scroll X scroll X scroll X scroll X scroll X scroll X scroll "
      text run at (486,0) width 324: "X scroll X scroll X scroll X scroll X scroll X scroll "
      text run at (810,0) width 374: "X scroll X scroll X scroll X scroll X scroll X scroll X scroll"
layer at (10,243) size 201x42 clip at (11,244) size 184x40
  RenderTextControl {TEXTAREA} at (2,17) size 201x42 [bgcolor=#FFFFFF] [border: (1px solid #000000)]
    RenderBlock {DIV} at (3,3) size 180x18
      RenderText {#text} at (0,0) size 117x17
        text run at (0,0) width 117: "Textarea y-scroll"
layer at (219,228) size 201x57 clip at (220,229) size 199x40
  RenderTextControl {TEXTAREA} at (211,2) size 201x57 [bgcolor=#FFFFFF] [border: (1px solid #000000)]
    RenderBlock {DIV} at (3,3) size 195x18
      RenderText {#text} at (0,0) size 117x17
        text run at (0,0) width 117: "Textarea x-scroll"
