layer at (0,0) size 800x2148
  RenderView at (0,0) size 800x600
layer at (0,0) size 800x2148
  RenderBlock {HTML} at (0,0) size 800x2148
    RenderBody {BODY} at (8,16) size 784x2116
      RenderBlock {P} at (0,0) size 784x17
        RenderText {#text} at (0,0) size 612x17
          text run at (0,0) width 612: "Scrolling should occur even when the frame's overflow is hidden (i.e. it has no visible scrollbars)."
      RenderBlock {DIV} at (0,33) size 784x2000
        RenderInline {A} at (0,0) size 65x17 [color=#551A8B]
          RenderText {#text} at (0,0) size 65x17
            text run at (0,0) width 65: "Click here"
        RenderText {#text} at (0,0) size 0x0
      RenderBlock {H2} at (0,2052) size 784x27
        RenderText {#text} at (0,0) size 119x26
          text run at (0,0) width 119: "Test Passed"
      RenderBlock {P} at (0,2098) size 784x18
        RenderText {#text} at (0,0) size 503x17
          text run at (0,0) width 503: "The test should have automatically scrolled down to show \"Test Passed\" above."
scrolled to 0,1548
