layer at (0,0) size 800x1593
  RenderView at (0,0) size 800x600
layer at (0,0) size 800x1593
  RenderBlock {HTML} at (0,0) size 800x1593
    RenderBody {BODY} at (8,8) size 784x1577 [bgcolor=#CCCCCC]
      RenderBlock {P} at (0,0) size 784x20
        RenderText {#text} at (0,0) size 363x19
          text run at (0,0) width 363: "The style declarations which apply to the text below are:"
      RenderBlock {PRE} at (0,36) size 784x154
        RenderText {#text} at (0,0) size 609x154
          text run at (0,0) width 180: ".zero {margin-left: 0;}"
          text run at (179,0) width 1: " "
          text run at (0,14) width 188: ".one {margin-left: 3em;}"
          text run at (187,14) width 1: " "
          text run at (0,28) width 188: ".two {margin-left: 3ex;}"
          text run at (187,28) width 1: " "
          text run at (0,42) width 211: ".three {margin-left: 36px;}"
          text run at (210,42) width 1: " "
          text run at (0,56) width 211: ".four {margin-left: 0.5in;}"
          text run at (210,56) width 1: " "
          text run at (0,70) width 219: ".five {margin-left: 1.27cm;}"
          text run at (218,70) width 1: " "
          text run at (0,84) width 211: ".six {margin-left: 12.7mm;}"
          text run at (210,84) width 1: " "
          text run at (0,98) width 211: ".seven {margin-left: 36pt;}"
          text run at (210,98) width 1: " "
          text run at (0,112) width 203: ".eight {margin-left: 3pc;}"
          text run at (202,112) width 1: " "
          text run at (0,126) width 203: ".nine {margin-left: +3pc;}"
          text run at (202,126) width 1: " "
          text run at (0,140) width 609: ".ten {font-size: 40px; border-left: 1ex solid purple; background-color: aqua;}"
          text run at (608,140) width 1: " "
      RenderBlock {P} at (0,221) size 784x40
        RenderText {#text} at (0,0) size 777x39
          text run at (0,0) width 777: "This paragraph has no left margin. The following paragraphs have all been given a left margin and their left (outer) edges"
          text run at (0,20) width 356: "should therefore be appropriately shifted to the right of "
        RenderInline {EM} at (0,0) size 25x19
          RenderText {#text} at (355,20) size 25x19
            text run at (355,20) width 25: "this"
        RenderText {#text} at (379,20) size 141x19
          text run at (379,20) width 141: " paragraph's left edge."
      RenderBlock {P} at (48,277) size 736x20
        RenderText {#text} at (0,0) size 316x19
          text run at (0,0) width 316: "This paragraph should have a left margin of 3em."
      RenderBlock {P} at (21,313) size 763x20
        RenderText {#text} at (0,0) size 312x19
          text run at (0,0) width 312: "This paragraph should have a left margin of 3ex."
      RenderBlock {P} at (36,349) size 748x20
        RenderText {#text} at (0,0) size 347x19
          text run at (0,0) width 347: "This paragraph should have a left margin of 36 pixels."
      RenderBlock {P} at (48,385) size 736x20
        RenderText {#text} at (0,0) size 364x19
          text run at (0,0) width 364: "This paragraph should have a left margin of half an inch."
      RenderBlock {P} at (48,421) size 736x20
        RenderText {#text} at (0,0) size 336x19
          text run at (0,0) width 336: "This paragraph should have a left margin of 1.27cm."
      RenderBlock {P} at (48,457) size 736x20
        RenderText {#text} at (0,0) size 341x19
          text run at (0,0) width 341: "This paragraph should have a left margin of 12.7mm."
      RenderBlock {P} at (48,493) size 736x20
        RenderText {#text} at (0,0) size 348x19
          text run at (0,0) width 348: "This paragraph should have a left margin of 36 points."
      RenderBlock {P} at (48,529) size 736x20
        RenderText {#text} at (0,0) size 333x19
          text run at (0,0) width 333: "This paragraph should have a left margin of 3 picas."
      RenderBlock {P} at (48,565) size 736x20
        RenderText {#text} at (0,0) size 603x19
          text run at (0,0) width 603: "This paragraph should have a left margin of 3 picas (the plus sign should make no difference)."
      RenderBlock {P} at (0,625) size 784x235 [bgcolor=#00FFFF] [border: none (17.50px solid #800080)]
        RenderText {#text} at (17,1) size 310x45
          text run at (17,1) width 310: "This element has a "
        RenderInline {CODE} at (0,0) size 217x41
          RenderText {#text} at (326,6) size 217x41
            text run at (326,6) width 217: "font-size"
        RenderText {#text} at (542,1) size 54x45
          text run at (542,1) width 54: " of "
        RenderInline {CODE} at (0,0) size 97x41
          RenderText {#text} at (595,6) size 97x41
            text run at (595,6) width 97: "40px"
        RenderText {#text} at (691,1) size 743x92
          text run at (691,1) width 69: " and"
          text run at (17,48) width 29: "a "
        RenderInline {CODE} at (0,0) size 265x41
          RenderText {#text} at (45,53) size 265x41
            text run at (45,53) width 265: "border-left"
        RenderText {#text} at (309,48) size 54x45
          text run at (309,48) width 54: " of "
        RenderInline {CODE} at (0,0) size 385x41
          RenderText {#text} at (362,53) size 385x41
            text run at (362,53) width 385: "1ex solid purple"
        RenderText {#text} at (746,48) size 740x186
          text run at (746,48) width 11: "."
          text run at (17,95) width 673: "This should make the left border the same"
          text run at (17,142) width 710: "number of pixels as the lower-case 'x' in this"
          text run at (17,189) width 610: "element's font, as well as solid purple."
      RenderTable {TABLE} at (0,900) size 784x677 [border: (1px outset #808080)]
        RenderTableSection {TBODY} at (1,1) size 782x675
          RenderTableRow {TR} at (0,0) size 782x28
            RenderTableCell {TD} at (0,0) size 782x28 [bgcolor=#C0C0C0] [border: (1px inset #808080)] [r=0 c=0 rs=1 cs=2]
              RenderInline {STRONG} at (0,0) size 161x19
                RenderText {#text} at (4,4) size 161x19
                  text run at (4,4) width 161: "TABLE Testing Section"
          RenderTableRow {TR} at (0,28) size 782x647
            RenderTableCell {TD} at (0,337) size 12x29 [bgcolor=#C0C0C0] [border: (1px inset #808080)] [r=1 c=0 rs=1 cs=1]
              RenderText {#text} at (4,3) size 4x21
                text run at (4,4) width 4: " "
            RenderTableCell {TD} at (12,28) size 770x647 [border: (1px inset #808080)] [r=1 c=1 rs=1 cs=1]
              RenderBlock {P} at (4,4) size 762x40
                RenderText {#text} at (0,0) size 737x39
                  text run at (0,0) width 737: "This paragraph has no left margin. The following paragraphs have all been given a left margin and their left (outer)"
                  text run at (0,20) width 397: "edges should therefore be appropriately shifted to the right of "
                RenderInline {EM} at (0,0) size 24x19
                  RenderText {#text} at (396,20) size 24x19
                    text run at (396,20) width 24: "this"
                RenderText {#text} at (419,20) size 142x19
                  text run at (419,20) width 142: " paragraph's left edge."
              RenderBlock {P} at (52,60) size 714x20
                RenderText {#text} at (0,0) size 316x19
                  text run at (0,0) width 316: "This paragraph should have a left margin of 3em."
              RenderBlock {P} at (25,96) size 741x20
                RenderText {#text} at (0,0) size 312x19
                  text run at (0,0) width 312: "This paragraph should have a left margin of 3ex."
              RenderBlock {P} at (40,132) size 726x20
                RenderText {#text} at (0,0) size 347x19
                  text run at (0,0) width 347: "This paragraph should have a left margin of 36 pixels."
              RenderBlock {P} at (52,168) size 714x20
                RenderText {#text} at (0,0) size 364x19
                  text run at (0,0) width 364: "This paragraph should have a left margin of half an inch."
              RenderBlock {P} at (52,204) size 714x20
                RenderText {#text} at (0,0) size 336x19
                  text run at (0,0) width 336: "This paragraph should have a left margin of 1.27cm."
              RenderBlock {P} at (52,240) size 714x20
                RenderText {#text} at (0,0) size 341x19
                  text run at (0,0) width 341: "This paragraph should have a left margin of 12.7mm."
              RenderBlock {P} at (52,276) size 714x20
                RenderText {#text} at (0,0) size 348x19
                  text run at (0,0) width 348: "This paragraph should have a left margin of 36 points."
              RenderBlock {P} at (52,312) size 714x20
                RenderText {#text} at (0,0) size 333x19
                  text run at (0,0) width 333: "This paragraph should have a left margin of 3 picas."
              RenderBlock {P} at (52,348) size 714x20
                RenderText {#text} at (0,0) size 603x19
                  text run at (0,0) width 603: "This paragraph should have a left margin of 3 picas (the plus sign should make no difference)."
              RenderBlock {P} at (4,408) size 762x235 [bgcolor=#00FFFF] [border: none (17.50px solid #800080)]
                RenderText {#text} at (17,1) size 310x45
                  text run at (17,1) width 310: "This element has a "
                RenderInline {CODE} at (0,0) size 217x41
                  RenderText {#text} at (326,6) size 217x41
                    text run at (326,6) width 217: "font-size"
                RenderText {#text} at (542,1) size 54x45
                  text run at (542,1) width 54: " of "
                RenderInline {CODE} at (0,0) size 97x41
                  RenderText {#text} at (595,6) size 97x41
                    text run at (595,6) width 97: "40px"
                RenderText {#text} at (691,1) size 743x92
                  text run at (691,1) width 69: " and"
                  text run at (17,48) width 29: "a "
                RenderInline {CODE} at (0,0) size 265x41
                  RenderText {#text} at (45,53) size 265x41
                    text run at (45,53) width 265: "border-left"
                RenderText {#text} at (309,48) size 54x45
                  text run at (309,48) width 54: " of "
                RenderInline {CODE} at (0,0) size 385x41
                  RenderText {#text} at (362,53) size 385x41
                    text run at (362,53) width 385: "1ex solid purple"
                RenderText {#text} at (746,48) size 740x186
                  text run at (746,48) width 11: "."
                  text run at (17,95) width 673: "This should make the left border the same"
                  text run at (17,142) width 710: "number of pixels as the lower-case 'x' in this"
                  text run at (17,189) width 610: "element's font, as well as solid purple."
layer at (8,211) size 784x2 clip at (0,0) size 0x0
  RenderBlock {HR} at (0,203) size 784x2 [border: (1px inset #000000)]
