layer at (0,0) size 800x600
  RenderView at (0,0) size 800x600
layer at (0,0) size 800x600
  RenderBlock {HTML} at (0,0) size 800x600
    RenderBody {BODY} at (8,8) size 784x584 [bgcolor=#CCCCCC]
      RenderBlock {P} at (0,0) size 784x20
        RenderText {#text} at (0,0) size 363x19
          text run at (0,0) width 363: "The style declarations which apply to the text below are:"
      RenderBlock {PRE} at (0,36) size 784x70
        RenderText {#text} at (0,0) size 492x70
          text run at (0,0) width 219: ".zero { background: yellow }"
          text run at (218,0) width 1: " "
          text run at (0,14) width 492: ".one { margin-left: 25%; margin-right: 25%; background: white }"
          text run at (491,14) width 1: " "
          text run at (0,28) width 484: ".two { margin-left: 50%; margin-right: 0%; background: white }"
          text run at (483,28) width 1: " "
          text run at (0,42) width 203: ".three {margin-left: 25%;}"
          text run at (202,42) width 1: " "
          text run at (0,56) width 0: " "
      RenderBlock {HR} at (0,119) size 784x2 [border: (1px inset #000000)]
      RenderBlock {DIV} at (0,137) size 784x136 [bgcolor=#FFFF00]
        RenderBlock {DIV} at (196,0) size 392x60 [bgcolor=#FFFFFF]
          RenderBlock {P} at (0,0) size 392x60
            RenderText {#text} at (0,0) size 332x59
              text run at (0,0) width 332: "This paragraph should be centered within its yellow"
              text run at (0,20) width 330: "containing block and its width should be half of the"
              text run at (0,40) width 112: "containing block."
        RenderBlock {DIV} at (392,76) size 392x60 [bgcolor=#FFFFFF]
          RenderBlock {P} at (0,0) size 392x60
            RenderText {#text} at (0,0) size 361x59
              text run at (0,0) width 361: "This paragraph should be right-aligned within its yellow"
              text run at (0,20) width 330: "containing block and its width should be half of the"
              text run at (0,40) width 112: "containing block."
      RenderBlock {P} at (196,289) size 588x40
        RenderText {#text} at (0,0) size 560x39
          text run at (0,0) width 560: "This paragraph should have a left margin of 25% the width of its parent element, which"
          text run at (0,20) width 366: "should require some extra text in order to test effectively."
      RenderTable {TABLE} at (0,345) size 784x230 [border: (1px outset #808080)]
        RenderTableSection {TBODY} at (1,1) size 782x228
          RenderTableRow {TR} at (0,0) size 782x28
            RenderTableCell {TD} at (0,0) size 783x28 [bgcolor=#C0C0C0] [border: (1px inset #808080)] [r=0 c=0 rs=1 cs=2]
              RenderInline {STRONG} at (0,0) size 161x19
                RenderText {#text} at (4,4) size 161x19
                  text run at (4,4) width 161: "TABLE Testing Section"
          RenderTableRow {TR} at (0,28) size 782x200
            RenderTableCell {TD} at (0,114) size 13x28 [bgcolor=#C0C0C0] [border: (1px inset #808080)] [r=1 c=0 rs=1 cs=1]
              RenderText {#text} at (4,4) size 4x19
                text run at (4,4) width 4: " "
            RenderTableCell {TD} at (12,28) size 771x200 [border: (1px inset #808080)] [r=1 c=1 rs=1 cs=1]
              RenderBlock {DIV} at (4,4) size 762x136 [bgcolor=#FFFF00]
                RenderBlock {DIV} at (190,0) size 382x60 [bgcolor=#FFFFFF]
                  RenderBlock {P} at (0,0) size 381x60
                    RenderText {#text} at (0,0) size 332x59
                      text run at (0,0) width 332: "This paragraph should be centered within its yellow"
                      text run at (0,20) width 330: "containing block and its width should be half of the"
                      text run at (0,40) width 112: "containing block."
                RenderBlock {DIV} at (381,76) size 381x60 [bgcolor=#FFFFFF]
                  RenderBlock {P} at (0,0) size 381x60
                    RenderText {#text} at (0,0) size 361x59
                      text run at (0,0) width 361: "This paragraph should be right-aligned within its yellow"
                      text run at (0,20) width 330: "containing block and its width should be half of the"
                      text run at (0,40) width 112: "containing block."
              RenderBlock {P} at (194,156) size 572x40
                RenderText {#text} at (0,0) size 560x39
                  text run at (0,0) width 560: "This paragraph should have a left margin of 25% the width of its parent element, which"
                  text run at (0,20) width 366: "should require some extra text in order to test effectively."
