layer at (0,0) size 800x600
  RenderView at (0,0) size 800x600
layer at (0,0) size 800x600
  RenderBlock {HTML} at (0,0) size 800x600
    RenderBody {BODY} at (8,8) size 784x584
      RenderBlock {P} at (0,0) size 784x60
        RenderText {#text} at (0,0) size 760x59
          text run at (0,0) width 760: "This tests to see that plaintext-only regions can be styled as long as they are fully selected. The editable, plaintext-only"
          text run at (0,20) width 712: "cell should contain bold text, which should be implemented with the bold CSS property in the cell's inline style"
          text run at (0,40) width 325: "declaration, not with wrapper spans inside the cell."
      RenderBlock {DIV} at (0,76) size 784x50
        RenderBlock {DIV} at (0,0) size 784x20
          RenderText {#text} at (0,0) size 22x19
            text run at (0,0) width 22: "foo"
        RenderTable {TABLE} at (0,20) size 186x30 [border: (1px outset #808080)]
          RenderTableSection {TBODY} at (1,1) size 184x28
            RenderTableRow {TR} at (0,2) size 184x24
              RenderTableCell {TD} at (2,2) size 84x24 [border: (1px inset #808080)] [r=0 c=0 rs=1 cs=1]
                RenderText {#text} at (2,2) size 80x19
                  text run at (2,2) width 80: "non-editable"
              RenderTableCell {TD} at (88,2) size 94x24 [border: (1px inset #808080)] [r=0 c=1 rs=1 cs=1]
                RenderText {#text} at (2,2) size 90x19
                  text run at (2,2) width 90: "plaintext-only"
caret: position 0 of child 0 {#text} of child 0 {P} of body
