layer at (0,0) size 800x600
  RenderView at (0,0) size 800x600
layer at (0,0) size 800x600
  RenderBlock {HTML} at (0,0) size 800x600
    RenderBody {BODY} at (8,8) size 784x584
      RenderBlock {P} at (0,0) size 784x40
        RenderText {#text} at (0,0) size 781x39
          text run at (0,0) width 749: "This tests for a bug where left justifying a paragraph amongst several that are centered would left justify all of them. "
          text run at (748,0) width 33: "Only"
          text run at (0,20) width 288: "the second paragraph should be left justified."
      RenderBlock {DIV} at (0,56) size 784x60
        RenderBlock (anonymous) at (0,0) size 784x40
          RenderText {#text} at (381,0) size 22x19
            text run at (381,0) width 22: "foo"
          RenderBR {BR} at (402,15) size 1x0
          RenderText {#text} at (381,20) size 22x19
            text run at (381,20) width 22: "bar"
        RenderBlock {DIV} at (0,40) size 784x20
          RenderText {#text} at (380,0) size 24x19
            text run at (380,0) width 24: "baz"
