layer at (0,0) size 800x600
  RenderView at (0,0) size 800x600
layer at (0,0) size 800x600
  RenderBlock {HTML} at (0,0) size 800x600
    RenderBody {BODY} at (8,8) size 784x584
      RenderBlock {P} at (0,0) size 784x40
        RenderText {#text} at (0,0) size 758x39
          text run at (0,0) width 758: "This tests for a bug where deleting everything in a paragraph of colored text would prevent the user from changing the"
          text run at (0,20) width 64: "text color."
      RenderBlock {DIV} at (0,56) size 784x20
        RenderBR {BR} at (0,0) size 0x19
caret: position 0 of child 0 {#text} of child 0 {P} of body
