layer at (0,0) size 800x600
  RenderView at (0,0) size 800x600
layer at (0,0) size 800x600
  RenderBlock {HTML} at (0,0) size 800x600
    RenderBody {BODY} at (8,8) size 784x584
      RenderBlock {DIV} at (0,0) size 784x123
        RenderBlock (anonymous) at (0,0) size 784x103
          RenderImage {IMG} at (0,0) size 76x103
          RenderText {#text} at (0,0) size 0x0
        RenderBlock {DIV} at (0,103) size 784x20
          RenderText {#text} at (0,0) size 778x19
            text run at (0,0) width 778: "This tests for a crash when changing the alignment of content that starts with an image not inside its own block container."
