EDITING DELEGATE: shouldChangeSelectedDOMRange:(null) toDOMRange:range from 1 of BODY > HTML > #document to 4 of BODY > HTML > #document affinity:NSSelectionAffinityDownstream stillSelecting:FALSE
EDITING DELEGATE: shouldBeginEditingInDOMRange:range from 0 of BODY > HTML > #document to 5 of BODY > HTML > #document
EDITING DELEGATE: shouldEndEditingInDOMRange:range from 0 of BODY > HTML > #document to 5 of BODY > HTML > #document
EDITING DELEGATE: webViewDidChangeSelection:WebViewDidChangeSelectionNotification
EDITING DELEGATE: webViewDidEndEditing:WebViewDidEndEditingNotification
EDITING DELEGATE: webViewDidChangeSelection:WebViewDidChangeSelectionNotification
layer at (0,0) size 800x600
  RenderView at (0,0) size 800x600
layer at (0,0) size 800x600
  RenderBlock {HTML} at (0,0) size 800x600
    RenderBody {BODY} at (8,8) size 784x584
      RenderTable {TABLE} at (0,0) size 771x26
        RenderTableSection {TBODY} at (0,0) size 771x26
          RenderTableRow {TR} at (0,2) size 771x22
            RenderTableCell {TD} at (2,2) size 660x22 [r=0 c=0 rs=1 cs=1]
              RenderText {#text} at (1,1) size 658x19
                text run at (1,1) width 658: "This tests that a style can be applied to a selection that contains both editable and non-editable content."
                text run at (658,1) width 1: "             "
            RenderTableCell {TD} at (664,2) size 105x22 [r=0 c=1 rs=1 cs=1]
              RenderInline {SPAN} at (0,0) size 103x19
                RenderText {#text} at (1,1) size 103x19
                  text run at (1,1) width 103: "Editable - line 1"
              RenderText {#text} at (103,1) size 1x19
                text run at (103,1) width 1: "             "
      RenderTable {TABLE} at (0,26) size 720x26
        RenderTableSection {TBODY} at (0,0) size 720x26
          RenderTableRow {TR} at (0,2) size 720x22
            RenderTableCell {TD} at (2,2) size 609x22 [r=0 c=0 rs=1 cs=1]
              RenderText {#text} at (1,1) size 607x19
                text run at (1,1) width 607: "The test passes if the editable content is bold, and the non editable content remains unchanged."
                text run at (607,1) width 1: "             "
            RenderTableCell {TD} at (613,2) size 105x22 [r=0 c=1 rs=1 cs=1]
              RenderInline {SPAN} at (0,0) size 103x19
                RenderText {#text} at (1,1) size 103x19
                  text run at (1,1) width 103: "Editable - line 2"
              RenderText {#text} at (103,1) size 1x19
                text run at (103,1) width 1: "             "
