EDITING DELEGATE: shouldBeginEditingInDOMRange:range from 0 of BODY > HTML > #document to 6 of BODY > HTML > #document
EDITING DELEGATE: webViewDidBeginEditing:WebViewDidBeginEditingNotification
EDITING DELEGATE: webViewDidChangeSelection:WebViewDidChangeSelectionNotification
EDITING DELEGATE: webViewDidChangeSelection:WebViewDidChangeSelectionNotification
EDITING DELEGATE: webViewDidChange:WebViewDidChangeNotification
layer at (0,0) size 800x600
  RenderView at (0,0) size 800x600
layer at (0,0) size 800x600
  RenderBlock {HTML} at (0,0) size 800x600
    RenderBody {BODY} at (8,8) size 784x584
      RenderBlock {DIV} at (0,0) size 784x58 [border: (2px solid #FF0000)]
        RenderText {#text} at (204,15) size 283x28
          text run at (204,15) width 283: "Here is some text. Should be "
        RenderInline {B} at (0,0) size 88x28
          RenderText {#text} at (486,15) size 88x28
            text run at (486,15) width 88: "centered"
        RenderText {#text} at (573,15) size 7x28
          text run at (573,15) width 7: "."
      RenderBlock {DIV} at (0,58) size 784x58 [border: (2px solid #FF0000)]
        RenderText {#text} at (14,15) size 282x28
          text run at (14,15) width 282: "Here is some text. Should be "
        RenderInline {B} at (0,0) size 91x28
          RenderText {#text} at (295,15) size 91x28
            text run at (295,15) width 91: "flush left"
        RenderText {#text} at (385,15) size 7x28
          text run at (385,15) width 7: "."
caret: position 1 of child 0 {#text} of child 1 {DIV} of body
