EDITING DELEGATE: shouldBeginEditingInDOMRange:range from 0 of BODY > HTML > #document to 6 of BODY > HTML > #document
EDITING DELEGATE: webViewDidBeginEditing:WebViewDidBeginEditingNotification
EDITING DELEGATE: webViewDidChangeSelection:WebViewDidChangeSelectionNotification
EDITING DELEGATE: shouldChangeSelectedDOMRange:range from 3 of DIV > DIV > BODY > HTML > #document to 3 of DIV > DIV > BODY > HTML > #document toDOMRange:range from 0 of DIV > DIV > DIV > BODY > HTML > #document to 0 of DIV > DIV > DIV > BODY > HTML > #document affinity:NSSelectionAffinityDownstream stillSelecting:FALSE
EDITING DELEGATE: webViewDidChangeSelection:WebViewDidChangeSelectionNotification
EDITING DELEGATE: webViewDidChangeSelection:WebViewDidChangeSelectionNotification
EDITING DELEGATE: webViewDidChangeSelection:WebViewDidChangeSelectionNotification
EDITING DELEGATE: webViewDidChangeSelection:WebViewDidChangeSelectionNotification
EDITING DELEGATE: webViewDidChange:WebViewDidChangeNotification
layer at (0,0) size 800x600
  RenderView at (0,0) size 800x600
layer at (0,0) size 800x600
  RenderBlock {HTML} at (0,0) size 800x600
    RenderBody {BODY} at (8,8) size 784x584
      RenderBlock {DIV} at (0,0) size 784x88 [border: (2px solid #0000FF)]
        RenderText {#text} at (14,15) size 748x58
          text run at (14,15) width 742: "Should see \"baz\" centered in its own red box inside the box containing \"foo\"."
          text run at (755,15) width 7: " "
          text run at (14,45) width 472: "The \"foo\" and \"bar\" lines should not be centered."
      RenderBlock {DIV} at (0,112) size 784x146
        RenderBlock {DIV} at (0,0) size 784x146 [border: (2px solid #FF0000)]
          RenderBlock (anonymous) at (14,14) size 756x30
            RenderText {#text} at (0,1) size 32x28
              text run at (0,1) width 32: "foo"
          RenderBlock {DIV} at (14,44) size 756x58 [border: (2px solid #FF0000)]
            RenderText {#text} at (14,15) size 31x28
              text run at (14,15) width 31: "bar"
          RenderBlock {DIV} at (14,102) size 756x30
            RenderText {#text} at (361,1) size 34x28
              text run at (361,1) width 34: "baz"
          RenderBlock (anonymous) at (14,132) size 756x0
caret: position 0 of child 0 {#text} of child 2 {DIV} of child 1 {DIV} of child 3 {DIV} of body
