EDITING DELEGATE: shouldBeginEditingInDOMRange:range from 0 of BODY > HTML > #document to 6 of BODY > HTML > #document
EDITING DELEGATE: webViewDidBeginEditing:WebViewDidBeginEditingNotification
EDITING DELEGATE: webViewDidChangeSelection:WebViewDidChangeSelectionNotification
EDITING DELEGATE: shouldChangeSelectedDOMRange:range from 1 of DIV > DIV > DIV > BODY > HTML > #document to 2 of DIV > DIV > DIV > BODY > HTML > #document toDOMRange:range from 0 of #text > DIV > DIV > DIV > DIV > BODY > HTML > #document to 1 of #text > DIV > DIV > DIV > DIV > BODY > HTML > #document affinity:NSSelectionAffinityDownstream stillSelecting:FALSE
EDITING DELEGATE: webViewDidChangeSelection:WebViewDidChangeSelectionNotification
EDITING DELEGATE: webViewDidChangeSelection:WebViewDidChangeSelectionNotification
EDITING DELEGATE: webViewDidChangeSelection:WebViewDidChangeSelectionNotification
EDITING DELEGATE: webViewDidChangeSelection:WebViewDidChangeSelectionNotification
EDITING DELEGATE: webViewDidChangeSelection:WebViewDidChangeSelectionNotification
EDITING DELEGATE: webViewDidChangeSelection:WebViewDidChangeSelectionNotification
EDITING DELEGATE: webViewDidChange:WebViewDidChangeNotification
layer at (0,0) size 800x600
  RenderView at (0,0) size 800x600
layer at (0,0) size 800x600
  RenderBlock {HTML} at (0,0) size 800x600
    RenderBody {BODY} at (8,8) size 784x584
      RenderBlock {DIV} at (0,0) size 784x88 [border: (2px solid #0000FF)]
        RenderText {#text} at (14,15) size 711x58
          text run at (14,15) width 705: "Should see the \"bar\" and \"baz\" lines centered in their own red boxes. The"
          text run at (718,15) width 7: " "
          text run at (14,45) width 323: "\"foo\" line should not be centered."
      RenderBlock {DIV} at (0,112) size 784x146
        RenderBlock {DIV} at (0,0) size 784x146 [border: (2px solid #FF0000)]
          RenderBlock (anonymous) at (14,14) size 756x30
            RenderText {#text} at (0,1) size 32x28
              text run at (0,1) width 32: "foo"
          RenderBlock {DIV} at (14,44) size 756x88 [border: (2px solid #FF0000)]
            RenderBlock {DIV} at (14,14) size 728x30
              RenderText {#text} at (348,1) size 38x28
                text run at (348,1) width 32: "bar"
                text run at (379,1) width 7: " "
            RenderBlock {DIV} at (14,44) size 728x30
              RenderText {#text} at (347,1) size 34x28
                text run at (347,1) width 34: "baz"
            RenderBlock (anonymous) at (14,74) size 728x0
selection start: position 0 of child 0 {#text} of child 0 {DIV} of child 1 {DIV} of child 1 {DIV} of child 3 {DIV} of body
selection end:   position 1 of child 0 {#text} of child 1 {DIV} of child 1 {DIV} of child 1 {DIV} of child 3 {DIV} of body
