layer at (0,0) size 800x600
  RenderView at (0,0) size 800x600
layer at (0,0) size 800x18
  RenderBlock {P} at (0,0) size 800x18
    RenderText {#text} at (0,0) size 141x17
      text run at (0,0) width 141: "Hello World, Success!"
