layer at (0,0) size 785x7256
  RenderView at (0,0) size 785x600
layer at (0,0) size 785x7256
  RenderBlock {HTML} at (0,0) size 785x7256
    RenderBody {BODY} at (8,8) size 769x7232
      RenderBlock (anonymous) at (0,0) size 769x18
        RenderText {#text} at (0,0) size 352x18
          text run at (0,0) width 352: "This tests font choices and metrics for the cursive font."
      RenderBlock {P} at (0,34) size 769x2406
        RenderInline {FONT} at (0,0) size 64x2406
          RenderText {#text} at (0,0) size 46x26
            text run at (0,0) width 46: "cursive"
          RenderBR {BR} at (45,0) size 1x26
          RenderText {#text} at (0,25) size 18x26
            text run at (0,25) width 18: "    "
          RenderBR {BR} at (17,25) size 1x26
          RenderText {#text} at (0,50) size 17x26
            text run at (0,50) width 17: "!!!!"
          RenderBR {BR} at (16,50) size 1x26
          RenderText {#text} at (0,75) size 25x27
            text run at (0,75) width 25: "\"\"\"\""
          RenderBR {BR} at (24,75) size 1x27
          RenderText {#text} at (0,101) size 36x26
            text run at (0,101) width 36: "####"
          RenderBR {BR} at (35,101) size 1x26
          RenderText {#text} at (0,126) size 25x26
            text run at (0,126) width 25: "$$$$"
          RenderBR {BR} at (24,126) size 1x26
          RenderText {#text} at (0,151) size 47x27
            text run at (0,151) width 47: "%%%%"
          RenderBR {BR} at (47,151) size 0x27
          RenderText {#text} at (0,177) size 57x26
            text run at (0,177) width 57: "&&&&"
          RenderBR {BR} at (56,177) size 1x26
          RenderText {#text} at (0,202) size 14x26
            text run at (0,202) width 14: "''''"
          RenderBR {BR} at (13,202) size 1x26
          RenderText {#text} at (0,227) size 22x27
            text run at (0,227) width 22: "(((("
          RenderBR {BR} at (21,227) size 1x27
          RenderText {#text} at (0,253) size 22x26
            text run at (0,253) width 22: "))))"
          RenderBR {BR} at (21,253) size 1x26
          RenderText {#text} at (0,278) size 29x26
            text run at (0,278) width 29: "****"
          RenderBR {BR} at (28,278) size 1x26
          RenderText {#text} at (0,303) size 36x27
            text run at (0,303) width 36: "++++"
          RenderBR {BR} at (35,303) size 1x27
          RenderText {#text} at (0,329) size 14x26
            text run at (0,329) width 14: ",,,,"
          RenderBR {BR} at (13,329) size 1x26
          RenderText {#text} at (0,354) size 24x26
            text run at (0,354) width 24: "----"
          RenderBR {BR} at (23,354) size 1x26
          RenderText {#text} at (0,379) size 14x27
            text run at (0,379) width 14: "...."
          RenderBR {BR} at (13,379) size 1x27
          RenderText {#text} at (0,405) size 28x26
            text run at (0,405) width 28: "////"
          RenderBR {BR} at (27,405) size 1x26
          RenderText {#text} at (0,430) size 33x26
            text run at (0,430) width 33: "0000"
          RenderBR {BR} at (33,430) size 0x26
          RenderText {#text} at (0,455) size 28x27
            text run at (0,455) width 28: "1111"
          RenderBR {BR} at (27,455) size 1x27
          RenderText {#text} at (0,481) size 36x26
            text run at (0,481) width 36: "2222"
          RenderBR {BR} at (35,481) size 1x26
          RenderText {#text} at (0,506) size 30x26
            text run at (0,506) width 30: "3333"
          RenderBR {BR} at (29,506) size 1x26
          RenderText {#text} at (0,531) size 40x27
            text run at (0,531) width 40: "4444"
          RenderBR {BR} at (39,531) size 1x27
          RenderText {#text} at (0,557) size 31x26
            text run at (0,557) width 31: "5555"
          RenderBR {BR} at (30,557) size 1x26
          RenderText {#text} at (0,582) size 37x26
            text run at (0,582) width 37: "6666"
          RenderBR {BR} at (36,582) size 1x26
          RenderText {#text} at (0,607) size 33x27
            text run at (0,607) width 33: "7777"
          RenderBR {BR} at (32,607) size 1x27
          RenderText {#text} at (0,633) size 34x26
            text run at (0,633) width 34: "8888"
          RenderBR {BR} at (33,633) size 1x26
          RenderText {#text} at (0,658) size 37x26
            text run at (0,658) width 37: "9999"
          RenderBR {BR} at (36,658) size 1x26
          RenderText {#text} at (0,683) size 14x26
            text run at (0,683) width 14: "::::"
          RenderBR {BR} at (13,683) size 1x26
          RenderText {#text} at (0,708) size 14x27
            text run at (0,708) width 14: ";;;;"
          RenderBR {BR} at (13,708) size 1x27
          RenderText {#text} at (0,734) size 36x26
            text run at (0,734) width 36: "<<<<"
          RenderBR {BR} at (35,734) size 1x26
          RenderText {#text} at (0,759) size 36x26
            text run at (0,759) width 36: "===="
          RenderBR {BR} at (35,759) size 1x26
          RenderText {#text} at (0,784) size 36x27
            text run at (0,784) width 36: ">>>>"
          RenderBR {BR} at (35,784) size 1x27
          RenderText {#text} at (0,810) size 24x26
            text run at (0,810) width 24: "????"
          RenderBR {BR} at (23,810) size 1x26
          RenderText {#text} at (0,835) size 45x26
            text run at (0,835) width 45: "@@@@"
          RenderBR {BR} at (44,835) size 1x26
          RenderText {#text} at (0,860) size 46x27
            text run at (0,860) width 46: "AAAA"
          RenderBR {BR} at (45,860) size 1x27
          RenderText {#text} at (0,886) size 47x26
            text run at (0,886) width 47: "BBBB"
          RenderBR {BR} at (46,886) size 1x26
          RenderText {#text} at (0,911) size 40x26
            text run at (0,911) width 40: "CCCC"
          RenderBR {BR} at (39,911) size 1x26
          RenderText {#text} at (0,936) size 56x27
            text run at (0,936) width 56: "DDDD"
          RenderBR {BR} at (55,936) size 1x27
          RenderText {#text} at (0,962) size 47x26
            text run at (0,962) width 47: "EEEE"
          RenderBR {BR} at (46,962) size 1x26
          RenderText {#text} at (0,987) size 46x26
            text run at (0,987) width 46: "FFFF"
          RenderBR {BR} at (45,987) size 1x26
          RenderText {#text} at (0,1012) size 43x27
            text run at (0,1012) width 43: "GGGG"
          RenderBR {BR} at (42,1012) size 1x27
          RenderText {#text} at (0,1038) size 55x26
            text run at (0,1038) width 55: "HHHH"
          RenderBR {BR} at (54,1038) size 1x26
          RenderText {#text} at (0,1063) size 30x26
            text run at (0,1063) width 30: "IIII"
          RenderBR {BR} at (29,1063) size 1x26
          RenderText {#text} at (0,1088) size 30x27
            text run at (0,1088) width 30: "JJJJ"
          RenderBR {BR} at (29,1088) size 1x27
          RenderText {#text} at (0,1114) size 52x26
            text run at (0,1114) width 52: "KKKK"
          RenderBR {BR} at (51,1114) size 1x26
          RenderText {#text} at (0,1139) size 41x26
            text run at (0,1139) width 41: "LLLL"
          RenderBR {BR} at (40,1139) size 1x26
          RenderText {#text} at (0,1164) size 64x27
            text run at (0,1164) width 64: "MMMM"
          RenderBR {BR} at (63,1164) size 1x27
          RenderText {#text} at (0,1190) size 57x26
            text run at (0,1190) width 57: "NNNN"
          RenderBR {BR} at (56,1190) size 1x26
          RenderText {#text} at (0,1215) size 44x26
            text run at (0,1215) width 44: "OOOO"
          RenderBR {BR} at (43,1215) size 1x26
          RenderText {#text} at (0,1240) size 44x27
            text run at (0,1240) width 44: "PPPP"
          RenderBR {BR} at (43,1240) size 1x27
          RenderText {#text} at (0,1266) size 45x26
            text run at (0,1266) width 45: "QQQQ"
          RenderBR {BR} at (44,1266) size 1x26
          RenderText {#text} at (0,1291) size 51x26
            text run at (0,1291) width 51: "RRRR"
          RenderBR {BR} at (50,1291) size 1x26
          RenderText {#text} at (0,1316) size 34x26
            text run at (0,1316) width 34: "SSSS"
          RenderBR {BR} at (33,1316) size 1x26
          RenderText {#text} at (0,1341) size 49x27
            text run at (0,1341) width 49: "TTTT"
          RenderBR {BR} at (48,1341) size 1x27
          RenderText {#text} at (0,1367) size 55x26
            text run at (0,1367) width 55: "UUUU"
          RenderBR {BR} at (54,1367) size 1x26
          RenderText {#text} at (0,1392) size 45x26
            text run at (0,1392) width 45: "VVVV"
          RenderBR {BR} at (44,1392) size 1x26
          RenderText {#text} at (0,1417) size 58x27
            text run at (0,1417) width 58: "WWWW"
          RenderBR {BR} at (57,1417) size 1x27
          RenderText {#text} at (0,1443) size 45x26
            text run at (0,1443) width 45: "XXXX"
          RenderBR {BR} at (44,1443) size 1x26
          RenderText {#text} at (0,1468) size 42x26
            text run at (0,1468) width 42: "YYYY"
          RenderBR {BR} at (41,1468) size 1x26
          RenderText {#text} at (0,1493) size 38x27
            text run at (0,1493) width 38: "ZZZZ"
          RenderBR {BR} at (37,1493) size 1x27
          RenderText {#text} at (0,1519) size 21x26
            text run at (0,1519) width 21: "[[[["
          RenderBR {BR} at (20,1519) size 1x26
          RenderText {#text} at (0,1544) size 23x26
            text run at (0,1544) width 23: "\\\\\\\\"
          RenderBR {BR} at (22,1544) size 1x26
          RenderText {#text} at (0,1569) size 21x27
            text run at (0,1569) width 21: "]]]]"
          RenderBR {BR} at (20,1569) size 1x27
          RenderText {#text} at (0,1595) size 36x26
            text run at (0,1595) width 36: "^^^^"
          RenderBR {BR} at (35,1595) size 1x26
          RenderText {#text} at (0,1620) size 36x26
            text run at (0,1620) width 36: "____"
          RenderBR {BR} at (35,1620) size 1x26
          RenderText {#text} at (0,1645) size 29x27
            text run at (0,1645) width 29: "````"
          RenderBR {BR} at (28,1645) size 1x27
          RenderText {#text} at (0,1671) size 33x26
            text run at (0,1671) width 33: "aaaa"
          RenderBR {BR} at (32,1671) size 1x26
          RenderText {#text} at (0,1696) size 32x26
            text run at (0,1696) width 32: "bbbb"
          RenderBR {BR} at (31,1696) size 1x26
          RenderText {#text} at (0,1721) size 25x27
            text run at (0,1721) width 25: "cccc"
          RenderBR {BR} at (24,1721) size 1x27
          RenderText {#text} at (0,1747) size 33x26
            text run at (0,1747) width 33: "dddd"
          RenderBR {BR} at (32,1747) size 1x26
          RenderText {#text} at (0,1772) size 24x26
            text run at (0,1772) width 24: "eeee"
          RenderBR {BR} at (23,1772) size 1x26
          RenderText {#text} at (0,1797) size 20x27
            text run at (0,1797) width 20: "ffff"
          RenderBR {BR} at (19,1797) size 1x27
          RenderText {#text} at (0,1823) size 30x26
            text run at (0,1823) width 30: "gggg"
          RenderBR {BR} at (29,1823) size 1x26
          RenderText {#text} at (0,1848) size 35x26
            text run at (0,1848) width 35: "hhhh"
          RenderBR {BR} at (34,1848) size 1x26
          RenderText {#text} at (0,1873) size 19x27
            text run at (0,1873) width 19: "iiii"
          RenderBR {BR} at (18,1873) size 1x27
          RenderText {#text} at (0,1899) size 18x26
            text run at (0,1899) width 18: "jjjj"
          RenderBR {BR} at (17,1899) size 1x26
          RenderText {#text} at (0,1924) size 30x26
            text run at (0,1924) width 30: "kkkk"
          RenderBR {BR} at (29,1924) size 1x26
          RenderText {#text} at (0,1949) size 18x26
            text run at (0,1949) width 18: "llll"
          RenderBR {BR} at (17,1949) size 1x26
          RenderText {#text} at (0,1974) size 51x27
            text run at (0,1974) width 51: "mmmm"
          RenderBR {BR} at (50,1974) size 1x27
          RenderText {#text} at (0,2000) size 37x26
            text run at (0,2000) width 37: "nnnn"
          RenderBR {BR} at (36,2000) size 1x26
          RenderText {#text} at (0,2025) size 28x26
            text run at (0,2025) width 28: "oooo"
          RenderBR {BR} at (27,2025) size 1x26
          RenderText {#text} at (0,2050) size 32x27
            text run at (0,2050) width 32: "pppp"
          RenderBR {BR} at (31,2050) size 1x27
          RenderText {#text} at (0,2076) size 32x26
            text run at (0,2076) width 32: "qqqq"
          RenderBR {BR} at (31,2076) size 1x26
          RenderText {#text} at (0,2101) size 27x26
            text run at (0,2101) width 27: "rrrr"
          RenderBR {BR} at (26,2101) size 1x26
          RenderText {#text} at (0,2126) size 23x27
            text run at (0,2126) width 23: "ssss"
          RenderBR {BR} at (22,2126) size 1x27
          RenderText {#text} at (0,2152) size 21x26
            text run at (0,2152) width 21: "tttt"
          RenderBR {BR} at (20,2152) size 1x26
          RenderText {#text} at (0,2177) size 36x26
            text run at (0,2177) width 36: "uuuu"
          RenderBR {BR} at (35,2177) size 1x26
          RenderText {#text} at (0,2202) size 29x27
            text run at (0,2202) width 29: "vvvv"
          RenderBR {BR} at (28,2202) size 1x27
          RenderText {#text} at (0,2228) size 41x26
            text run at (0,2228) width 41: "wwww"
          RenderBR {BR} at (40,2228) size 1x26
          RenderText {#text} at (0,2253) size 33x26
            text run at (0,2253) width 33: "xxxx"
          RenderBR {BR} at (32,2253) size 1x26
          RenderText {#text} at (0,2278) size 35x27
            text run at (0,2278) width 35: "yyyy"
          RenderBR {BR} at (34,2278) size 1x27
          RenderText {#text} at (0,2304) size 27x26
            text run at (0,2304) width 27: "zzzz"
          RenderBR {BR} at (26,2304) size 1x26
          RenderText {#text} at (0,2329) size 23x26
            text run at (0,2329) width 23: "{{{{"
          RenderBR {BR} at (22,2329) size 1x26
          RenderText {#text} at (0,2354) size 14x27
            text run at (0,2354) width 14: "||||"
          RenderBR {BR} at (13,2354) size 1x27
          RenderText {#text} at (0,2380) size 23x26
            text run at (0,2380) width 23: "}}}}"
          RenderBR {BR} at (22,2380) size 1x26
      RenderBlock {P} at (0,2455) size 769x2381
        RenderInline {FONT} at (0,0) size 68x2381
          RenderText {#text} at (0,0) size 0x0
          RenderInline {B} at (0,0) size 68x2381
            RenderText {#text} at (0,0) size 22x26
              text run at (0,0) width 22: "    "
            RenderBR {BR} at (21,0) size 1x26
            RenderText {#text} at (0,25) size 21x26
              text run at (0,25) width 21: "!!!!"
            RenderBR {BR} at (20,25) size 1x26
            RenderText {#text} at (0,50) size 29x26
              text run at (0,50) width 29: "\"\"\"\""
            RenderBR {BR} at (28,50) size 1x26
            RenderText {#text} at (0,75) size 40x27
              text run at (0,75) width 40: "####"
            RenderBR {BR} at (39,75) size 1x27
            RenderText {#text} at (0,101) size 29x26
              text run at (0,101) width 29: "$$$$"
            RenderBR {BR} at (28,101) size 1x26
            RenderText {#text} at (0,126) size 51x26
              text run at (0,126) width 51: "%%%%"
            RenderBR {BR} at (51,126) size 0x26
            RenderText {#text} at (0,151) size 61x27
              text run at (0,151) width 61: "&&&&"
            RenderBR {BR} at (60,151) size 1x27
            RenderText {#text} at (0,177) size 18x26
              text run at (0,177) width 18: "''''"
            RenderBR {BR} at (17,177) size 1x26
            RenderText {#text} at (0,202) size 26x26
              text run at (0,202) width 26: "(((("
            RenderBR {BR} at (25,202) size 1x26
            RenderText {#text} at (0,227) size 26x27
              text run at (0,227) width 26: "))))"
            RenderBR {BR} at (25,227) size 1x27
            RenderText {#text} at (0,253) size 33x26
              text run at (0,253) width 33: "****"
            RenderBR {BR} at (32,253) size 1x26
            RenderText {#text} at (0,278) size 40x26
              text run at (0,278) width 40: "++++"
            RenderBR {BR} at (39,278) size 1x26
            RenderText {#text} at (0,303) size 18x27
              text run at (0,303) width 18: ",,,,"
            RenderBR {BR} at (17,303) size 1x27
            RenderText {#text} at (0,329) size 28x26
              text run at (0,329) width 28: "----"
            RenderBR {BR} at (27,329) size 1x26
            RenderText {#text} at (0,354) size 18x26
              text run at (0,354) width 18: "...."
            RenderBR {BR} at (17,354) size 1x26
            RenderText {#text} at (0,379) size 32x27
              text run at (0,379) width 32: "////"
            RenderBR {BR} at (31,379) size 1x27
            RenderText {#text} at (0,405) size 37x26
              text run at (0,405) width 37: "0000"
            RenderBR {BR} at (37,405) size 0x26
            RenderText {#text} at (0,430) size 32x26
              text run at (0,430) width 32: "1111"
            RenderBR {BR} at (31,430) size 1x26
            RenderText {#text} at (0,455) size 40x27
              text run at (0,455) width 40: "2222"
            RenderBR {BR} at (39,455) size 1x27
            RenderText {#text} at (0,481) size 34x26
              text run at (0,481) width 34: "3333"
            RenderBR {BR} at (33,481) size 1x26
            RenderText {#text} at (0,506) size 44x26
              text run at (0,506) width 44: "4444"
            RenderBR {BR} at (43,506) size 1x26
            RenderText {#text} at (0,531) size 35x27
              text run at (0,531) width 35: "5555"
            RenderBR {BR} at (34,531) size 1x27
            RenderText {#text} at (0,557) size 41x26
              text run at (0,557) width 41: "6666"
            RenderBR {BR} at (40,557) size 1x26
            RenderText {#text} at (0,582) size 37x26
              text run at (0,582) width 37: "7777"
            RenderBR {BR} at (36,582) size 1x26
            RenderText {#text} at (0,607) size 38x27
              text run at (0,607) width 38: "8888"
            RenderBR {BR} at (37,607) size 1x27
            RenderText {#text} at (0,633) size 41x26
              text run at (0,633) width 41: "9999"
            RenderBR {BR} at (40,633) size 1x26
            RenderText {#text} at (0,658) size 18x26
              text run at (0,658) width 18: "::::"
            RenderBR {BR} at (17,658) size 1x26
            RenderText {#text} at (0,683) size 18x26
              text run at (0,683) width 18: ";;;;"
            RenderBR {BR} at (17,683) size 1x26
            RenderText {#text} at (0,708) size 40x27
              text run at (0,708) width 40: "<<<<"
            RenderBR {BR} at (39,708) size 1x27
            RenderText {#text} at (0,734) size 40x26
              text run at (0,734) width 40: "===="
            RenderBR {BR} at (39,734) size 1x26
            RenderText {#text} at (0,759) size 40x26
              text run at (0,759) width 40: ">>>>"
            RenderBR {BR} at (39,759) size 1x26
            RenderText {#text} at (0,784) size 28x27
              text run at (0,784) width 28: "????"
            RenderBR {BR} at (27,784) size 1x27
            RenderText {#text} at (0,810) size 49x26
              text run at (0,810) width 49: "@@@@"
            RenderBR {BR} at (48,810) size 1x26
            RenderText {#text} at (0,835) size 50x26
              text run at (0,835) width 50: "AAAA"
            RenderBR {BR} at (49,835) size 1x26
            RenderText {#text} at (0,860) size 51x27
              text run at (0,860) width 51: "BBBB"
            RenderBR {BR} at (50,860) size 1x27
            RenderText {#text} at (0,886) size 44x26
              text run at (0,886) width 44: "CCCC"
            RenderBR {BR} at (43,886) size 1x26
            RenderText {#text} at (0,911) size 60x26
              text run at (0,911) width 60: "DDDD"
            RenderBR {BR} at (59,911) size 1x26
            RenderText {#text} at (0,936) size 51x27
              text run at (0,936) width 51: "EEEE"
            RenderBR {BR} at (50,936) size 1x27
            RenderText {#text} at (0,962) size 50x26
              text run at (0,962) width 50: "FFFF"
            RenderBR {BR} at (49,962) size 1x26
            RenderText {#text} at (0,987) size 47x26
              text run at (0,987) width 47: "GGGG"
            RenderBR {BR} at (46,987) size 1x26
            RenderText {#text} at (0,1012) size 59x27
              text run at (0,1012) width 59: "HHHH"
            RenderBR {BR} at (58,1012) size 1x27
            RenderText {#text} at (0,1038) size 34x26
              text run at (0,1038) width 34: "IIII"
            RenderBR {BR} at (33,1038) size 1x26
            RenderText {#text} at (0,1063) size 34x26
              text run at (0,1063) width 34: "JJJJ"
            RenderBR {BR} at (33,1063) size 1x26
            RenderText {#text} at (0,1088) size 56x27
              text run at (0,1088) width 56: "KKKK"
            RenderBR {BR} at (55,1088) size 1x27
            RenderText {#text} at (0,1114) size 45x26
              text run at (0,1114) width 45: "LLLL"
            RenderBR {BR} at (44,1114) size 1x26
            RenderText {#text} at (0,1139) size 68x26
              text run at (0,1139) width 68: "MMMM"
            RenderBR {BR} at (67,1139) size 1x26
            RenderText {#text} at (0,1164) size 61x27
              text run at (0,1164) width 61: "NNNN"
            RenderBR {BR} at (60,1164) size 1x27
            RenderText {#text} at (0,1190) size 48x26
              text run at (0,1190) width 48: "OOOO"
            RenderBR {BR} at (47,1190) size 1x26
            RenderText {#text} at (0,1215) size 48x26
              text run at (0,1215) width 48: "PPPP"
            RenderBR {BR} at (47,1215) size 1x26
            RenderText {#text} at (0,1240) size 49x27
              text run at (0,1240) width 49: "QQQQ"
            RenderBR {BR} at (48,1240) size 1x27
            RenderText {#text} at (0,1266) size 55x26
              text run at (0,1266) width 55: "RRRR"
            RenderBR {BR} at (54,1266) size 1x26
            RenderText {#text} at (0,1291) size 38x26
              text run at (0,1291) width 38: "SSSS"
            RenderBR {BR} at (37,1291) size 1x26
            RenderText {#text} at (0,1316) size 53x26
              text run at (0,1316) width 53: "TTTT"
            RenderBR {BR} at (52,1316) size 1x26
            RenderText {#text} at (0,1341) size 59x27
              text run at (0,1341) width 59: "UUUU"
            RenderBR {BR} at (58,1341) size 1x27
            RenderText {#text} at (0,1367) size 49x26
              text run at (0,1367) width 49: "VVVV"
            RenderBR {BR} at (48,1367) size 1x26
            RenderText {#text} at (0,1392) size 62x26
              text run at (0,1392) width 62: "WWWW"
            RenderBR {BR} at (61,1392) size 1x26
            RenderText {#text} at (0,1417) size 49x27
              text run at (0,1417) width 49: "XXXX"
            RenderBR {BR} at (48,1417) size 1x27
            RenderText {#text} at (0,1443) size 46x26
              text run at (0,1443) width 46: "YYYY"
            RenderBR {BR} at (45,1443) size 1x26
            RenderText {#text} at (0,1468) size 42x26
              text run at (0,1468) width 42: "ZZZZ"
            RenderBR {BR} at (41,1468) size 1x26
            RenderText {#text} at (0,1493) size 25x27
              text run at (0,1493) width 25: "[[[["
            RenderBR {BR} at (24,1493) size 1x27
            RenderText {#text} at (0,1519) size 27x26
              text run at (0,1519) width 27: "\\\\\\\\"
            RenderBR {BR} at (26,1519) size 1x26
            RenderText {#text} at (0,1544) size 25x26
              text run at (0,1544) width 25: "]]]]"
            RenderBR {BR} at (24,1544) size 1x26
            RenderText {#text} at (0,1569) size 40x27
              text run at (0,1569) width 40: "^^^^"
            RenderBR {BR} at (39,1569) size 1x27
            RenderText {#text} at (0,1595) size 40x26
              text run at (0,1595) width 40: "____"
            RenderBR {BR} at (39,1595) size 1x26
            RenderText {#text} at (0,1620) size 33x26
              text run at (0,1620) width 33: "````"
            RenderBR {BR} at (32,1620) size 1x26
            RenderText {#text} at (0,1645) size 37x27
              text run at (0,1645) width 37: "aaaa"
            RenderBR {BR} at (36,1645) size 1x27
            RenderText {#text} at (0,1671) size 36x26
              text run at (0,1671) width 36: "bbbb"
            RenderBR {BR} at (35,1671) size 1x26
            RenderText {#text} at (0,1696) size 29x26
              text run at (0,1696) width 29: "cccc"
            RenderBR {BR} at (28,1696) size 1x26
            RenderText {#text} at (0,1721) size 37x27
              text run at (0,1721) width 37: "dddd"
            RenderBR {BR} at (36,1721) size 1x27
            RenderText {#text} at (0,1747) size 28x26
              text run at (0,1747) width 28: "eeee"
            RenderBR {BR} at (27,1747) size 1x26
            RenderText {#text} at (0,1772) size 22x26
              text run at (0,1772) width 22: "ffff"
            RenderBR {BR} at (21,1772) size 1x26
            RenderText {#text} at (0,1797) size 32x27
              text run at (0,1797) width 32: "gggg"
            RenderBR {BR} at (31,1797) size 1x27
            RenderText {#text} at (0,1823) size 39x26
              text run at (0,1823) width 39: "hhhh"
            RenderBR {BR} at (38,1823) size 1x26
            RenderText {#text} at (0,1848) size 23x26
              text run at (0,1848) width 23: "iiii"
            RenderBR {BR} at (22,1848) size 1x26
            RenderText {#text} at (0,1873) size 22x27
              text run at (0,1873) width 22: "jjjj"
            RenderBR {BR} at (21,1873) size 1x27
            RenderText {#text} at (0,1899) size 34x26
              text run at (0,1899) width 34: "kkkk"
            RenderBR {BR} at (33,1899) size 1x26
            RenderText {#text} at (0,1924) size 20x26
              text run at (0,1924) width 20: "llll"
            RenderBR {BR} at (19,1924) size 1x26
            RenderText {#text} at (0,1949) size 55x26
              text run at (0,1949) width 55: "mmmm"
            RenderBR {BR} at (54,1949) size 1x26
            RenderText {#text} at (0,1974) size 41x27
              text run at (0,1974) width 41: "nnnn"
            RenderBR {BR} at (40,1974) size 1x27
            RenderText {#text} at (0,2000) size 32x26
              text run at (0,2000) width 32: "oooo"
            RenderBR {BR} at (31,2000) size 1x26
            RenderText {#text} at (0,2025) size 36x26
              text run at (0,2025) width 36: "pppp"
            RenderBR {BR} at (35,2025) size 1x26
            RenderText {#text} at (0,2050) size 36x27
              text run at (0,2050) width 36: "qqqq"
            RenderBR {BR} at (35,2050) size 1x27
            RenderText {#text} at (0,2076) size 31x26
              text run at (0,2076) width 31: "rrrr"
            RenderBR {BR} at (30,2076) size 1x26
            RenderText {#text} at (0,2101) size 27x26
              text run at (0,2101) width 27: "ssss"
            RenderBR {BR} at (26,2101) size 1x26
            RenderText {#text} at (0,2126) size 23x27
              text run at (0,2126) width 23: "tttt"
            RenderBR {BR} at (22,2126) size 1x27
            RenderText {#text} at (0,2152) size 40x26
              text run at (0,2152) width 40: "uuuu"
            RenderBR {BR} at (39,2152) size 1x26
            RenderText {#text} at (0,2177) size 33x26
              text run at (0,2177) width 33: "vvvv"
            RenderBR {BR} at (32,2177) size 1x26
            RenderText {#text} at (0,2202) size 45x27
              text run at (0,2202) width 45: "wwww"
            RenderBR {BR} at (44,2202) size 1x27
            RenderText {#text} at (0,2228) size 37x26
              text run at (0,2228) width 37: "xxxx"
            RenderBR {BR} at (36,2228) size 1x26
            RenderText {#text} at (0,2253) size 39x26
              text run at (0,2253) width 39: "yyyy"
            RenderBR {BR} at (38,2253) size 1x26
            RenderText {#text} at (0,2278) size 31x27
              text run at (0,2278) width 31: "zzzz"
            RenderBR {BR} at (30,2278) size 1x27
            RenderText {#text} at (0,2304) size 27x26
              text run at (0,2304) width 27: "{{{{"
            RenderBR {BR} at (26,2304) size 1x26
            RenderText {#text} at (0,2329) size 18x26
              text run at (0,2329) width 18: "||||"
            RenderBR {BR} at (17,2329) size 1x26
            RenderText {#text} at (0,2354) size 27x27
              text run at (0,2354) width 27: "}}}}"
            RenderBR {BR} at (26,2354) size 1x27
          RenderText {#text} at (0,0) size 0x0
      RenderBlock {P} at (0,4851) size 769x2381
        RenderInline {FONT} at (0,0) size 64x2381
          RenderText {#text} at (0,0) size 0x0
          RenderInline {I} at (0,0) size 64x2381
            RenderText {#text} at (0,0) size 18x26
              text run at (0,0) width 18: "    "
            RenderBR {BR} at (17,0) size 1x26
            RenderText {#text} at (0,25) size 17x26
              text run at (0,25) width 17: "!!!!"
            RenderBR {BR} at (16,25) size 1x26
            RenderText {#text} at (0,50) size 25x26
              text run at (0,50) width 25: "\"\"\"\""
            RenderBR {BR} at (24,50) size 1x26
            RenderText {#text} at (0,75) size 36x27
              text run at (0,75) width 36: "####"
            RenderBR {BR} at (35,75) size 1x27
            RenderText {#text} at (0,101) size 25x26
              text run at (0,101) width 25: "$$$$"
            RenderBR {BR} at (24,101) size 1x26
            RenderText {#text} at (0,126) size 47x26
              text run at (0,126) width 47: "%%%%"
            RenderBR {BR} at (47,126) size 0x26
            RenderText {#text} at (0,151) size 57x27
              text run at (0,151) width 57: "&&&&"
            RenderBR {BR} at (56,151) size 1x27
            RenderText {#text} at (0,177) size 14x26
              text run at (0,177) width 14: "''''"
            RenderBR {BR} at (13,177) size 1x26
            RenderText {#text} at (0,202) size 22x26
              text run at (0,202) width 22: "(((("
            RenderBR {BR} at (21,202) size 1x26
            RenderText {#text} at (0,227) size 22x27
              text run at (0,227) width 22: "))))"
            RenderBR {BR} at (21,227) size 1x27
            RenderText {#text} at (0,253) size 29x26
              text run at (0,253) width 29: "****"
            RenderBR {BR} at (28,253) size 1x26
            RenderText {#text} at (0,278) size 36x26
              text run at (0,278) width 36: "++++"
            RenderBR {BR} at (35,278) size 1x26
            RenderText {#text} at (0,303) size 14x27
              text run at (0,303) width 14: ",,,,"
            RenderBR {BR} at (13,303) size 1x27
            RenderText {#text} at (0,329) size 24x26
              text run at (0,329) width 24: "----"
            RenderBR {BR} at (23,329) size 1x26
            RenderText {#text} at (0,354) size 14x26
              text run at (0,354) width 14: "...."
            RenderBR {BR} at (13,354) size 1x26
            RenderText {#text} at (0,379) size 28x27
              text run at (0,379) width 28: "////"
            RenderBR {BR} at (27,379) size 1x27
            RenderText {#text} at (0,405) size 33x26
              text run at (0,405) width 33: "0000"
            RenderBR {BR} at (33,405) size 0x26
            RenderText {#text} at (0,430) size 28x26
              text run at (0,430) width 28: "1111"
            RenderBR {BR} at (27,430) size 1x26
            RenderText {#text} at (0,455) size 36x27
              text run at (0,455) width 36: "2222"
            RenderBR {BR} at (35,455) size 1x27
            RenderText {#text} at (0,481) size 30x26
              text run at (0,481) width 30: "3333"
            RenderBR {BR} at (29,481) size 1x26
            RenderText {#text} at (0,506) size 40x26
              text run at (0,506) width 40: "4444"
            RenderBR {BR} at (39,506) size 1x26
            RenderText {#text} at (0,531) size 31x27
              text run at (0,531) width 31: "5555"
            RenderBR {BR} at (30,531) size 1x27
            RenderText {#text} at (0,557) size 37x26
              text run at (0,557) width 37: "6666"
            RenderBR {BR} at (36,557) size 1x26
            RenderText {#text} at (0,582) size 33x26
              text run at (0,582) width 33: "7777"
            RenderBR {BR} at (32,582) size 1x26
            RenderText {#text} at (0,607) size 34x27
              text run at (0,607) width 34: "8888"
            RenderBR {BR} at (33,607) size 1x27
            RenderText {#text} at (0,633) size 37x26
              text run at (0,633) width 37: "9999"
            RenderBR {BR} at (36,633) size 1x26
            RenderText {#text} at (0,658) size 14x26
              text run at (0,658) width 14: "::::"
            RenderBR {BR} at (13,658) size 1x26
            RenderText {#text} at (0,683) size 14x26
              text run at (0,683) width 14: ";;;;"
            RenderBR {BR} at (13,683) size 1x26
            RenderText {#text} at (0,708) size 36x27
              text run at (0,708) width 36: "<<<<"
            RenderBR {BR} at (35,708) size 1x27
            RenderText {#text} at (0,734) size 36x26
              text run at (0,734) width 36: "===="
            RenderBR {BR} at (35,734) size 1x26
            RenderText {#text} at (0,759) size 36x26
              text run at (0,759) width 36: ">>>>"
            RenderBR {BR} at (35,759) size 1x26
            RenderText {#text} at (0,784) size 24x27
              text run at (0,784) width 24: "????"
            RenderBR {BR} at (23,784) size 1x27
            RenderText {#text} at (0,810) size 45x26
              text run at (0,810) width 45: "@@@@"
            RenderBR {BR} at (44,810) size 1x26
            RenderText {#text} at (0,835) size 46x26
              text run at (0,835) width 46: "AAAA"
            RenderBR {BR} at (45,835) size 1x26
            RenderText {#text} at (0,860) size 47x27
              text run at (0,860) width 47: "BBBB"
            RenderBR {BR} at (46,860) size 1x27
            RenderText {#text} at (0,886) size 40x26
              text run at (0,886) width 40: "CCCC"
            RenderBR {BR} at (39,886) size 1x26
            RenderText {#text} at (0,911) size 56x26
              text run at (0,911) width 56: "DDDD"
            RenderBR {BR} at (55,911) size 1x26
            RenderText {#text} at (0,936) size 47x27
              text run at (0,936) width 47: "EEEE"
            RenderBR {BR} at (46,936) size 1x27
            RenderText {#text} at (0,962) size 46x26
              text run at (0,962) width 46: "FFFF"
            RenderBR {BR} at (45,962) size 1x26
            RenderText {#text} at (0,987) size 43x26
              text run at (0,987) width 43: "GGGG"
            RenderBR {BR} at (42,987) size 1x26
            RenderText {#text} at (0,1012) size 55x27
              text run at (0,1012) width 55: "HHHH"
            RenderBR {BR} at (54,1012) size 1x27
            RenderText {#text} at (0,1038) size 30x26
              text run at (0,1038) width 30: "IIII"
            RenderBR {BR} at (29,1038) size 1x26
            RenderText {#text} at (0,1063) size 30x26
              text run at (0,1063) width 30: "JJJJ"
            RenderBR {BR} at (29,1063) size 1x26
            RenderText {#text} at (0,1088) size 52x27
              text run at (0,1088) width 52: "KKKK"
            RenderBR {BR} at (51,1088) size 1x27
            RenderText {#text} at (0,1114) size 41x26
              text run at (0,1114) width 41: "LLLL"
            RenderBR {BR} at (40,1114) size 1x26
            RenderText {#text} at (0,1139) size 64x26
              text run at (0,1139) width 64: "MMMM"
            RenderBR {BR} at (63,1139) size 1x26
            RenderText {#text} at (0,1164) size 57x27
              text run at (0,1164) width 57: "NNNN"
            RenderBR {BR} at (56,1164) size 1x27
            RenderText {#text} at (0,1190) size 44x26
              text run at (0,1190) width 44: "OOOO"
            RenderBR {BR} at (43,1190) size 1x26
            RenderText {#text} at (0,1215) size 44x26
              text run at (0,1215) width 44: "PPPP"
            RenderBR {BR} at (43,1215) size 1x26
            RenderText {#text} at (0,1240) size 45x27
              text run at (0,1240) width 45: "QQQQ"
            RenderBR {BR} at (44,1240) size 1x27
            RenderText {#text} at (0,1266) size 51x26
              text run at (0,1266) width 51: "RRRR"
            RenderBR {BR} at (50,1266) size 1x26
            RenderText {#text} at (0,1291) size 34x26
              text run at (0,1291) width 34: "SSSS"
            RenderBR {BR} at (33,1291) size 1x26
            RenderText {#text} at (0,1316) size 49x26
              text run at (0,1316) width 49: "TTTT"
            RenderBR {BR} at (48,1316) size 1x26
            RenderText {#text} at (0,1341) size 55x27
              text run at (0,1341) width 55: "UUUU"
            RenderBR {BR} at (54,1341) size 1x27
            RenderText {#text} at (0,1367) size 45x26
              text run at (0,1367) width 45: "VVVV"
            RenderBR {BR} at (44,1367) size 1x26
            RenderText {#text} at (0,1392) size 58x26
              text run at (0,1392) width 58: "WWWW"
            RenderBR {BR} at (57,1392) size 1x26
            RenderText {#text} at (0,1417) size 45x27
              text run at (0,1417) width 45: "XXXX"
            RenderBR {BR} at (44,1417) size 1x27
            RenderText {#text} at (0,1443) size 42x26
              text run at (0,1443) width 42: "YYYY"
            RenderBR {BR} at (41,1443) size 1x26
            RenderText {#text} at (0,1468) size 38x26
              text run at (0,1468) width 38: "ZZZZ"
            RenderBR {BR} at (37,1468) size 1x26
            RenderText {#text} at (0,1493) size 21x27
              text run at (0,1493) width 21: "[[[["
            RenderBR {BR} at (20,1493) size 1x27
            RenderText {#text} at (0,1519) size 23x26
              text run at (0,1519) width 23: "\\\\\\\\"
            RenderBR {BR} at (22,1519) size 1x26
            RenderText {#text} at (0,1544) size 21x26
              text run at (0,1544) width 21: "]]]]"
            RenderBR {BR} at (20,1544) size 1x26
            RenderText {#text} at (0,1569) size 36x27
              text run at (0,1569) width 36: "^^^^"
            RenderBR {BR} at (35,1569) size 1x27
            RenderText {#text} at (0,1595) size 36x26
              text run at (0,1595) width 36: "____"
            RenderBR {BR} at (35,1595) size 1x26
            RenderText {#text} at (0,1620) size 29x26
              text run at (0,1620) width 29: "````"
            RenderBR {BR} at (28,1620) size 1x26
            RenderText {#text} at (0,1645) size 33x27
              text run at (0,1645) width 33: "aaaa"
            RenderBR {BR} at (32,1645) size 1x27
            RenderText {#text} at (0,1671) size 32x26
              text run at (0,1671) width 32: "bbbb"
            RenderBR {BR} at (31,1671) size 1x26
            RenderText {#text} at (0,1696) size 25x26
              text run at (0,1696) width 25: "cccc"
            RenderBR {BR} at (24,1696) size 1x26
            RenderText {#text} at (0,1721) size 33x27
              text run at (0,1721) width 33: "dddd"
            RenderBR {BR} at (32,1721) size 1x27
            RenderText {#text} at (0,1747) size 24x26
              text run at (0,1747) width 24: "eeee"
            RenderBR {BR} at (23,1747) size 1x26
            RenderText {#text} at (0,1772) size 20x26
              text run at (0,1772) width 20: "ffff"
            RenderBR {BR} at (19,1772) size 1x26
            RenderText {#text} at (0,1797) size 30x27
              text run at (0,1797) width 30: "gggg"
            RenderBR {BR} at (29,1797) size 1x27
            RenderText {#text} at (0,1823) size 35x26
              text run at (0,1823) width 35: "hhhh"
            RenderBR {BR} at (34,1823) size 1x26
            RenderText {#text} at (0,1848) size 19x26
              text run at (0,1848) width 19: "iiii"
            RenderBR {BR} at (18,1848) size 1x26
            RenderText {#text} at (0,1873) size 18x27
              text run at (0,1873) width 18: "jjjj"
            RenderBR {BR} at (17,1873) size 1x27
            RenderText {#text} at (0,1899) size 30x26
              text run at (0,1899) width 30: "kkkk"
            RenderBR {BR} at (29,1899) size 1x26
            RenderText {#text} at (0,1924) size 18x26
              text run at (0,1924) width 18: "llll"
            RenderBR {BR} at (17,1924) size 1x26
            RenderText {#text} at (0,1949) size 51x26
              text run at (0,1949) width 51: "mmmm"
            RenderBR {BR} at (50,1949) size 1x26
            RenderText {#text} at (0,1974) size 37x27
              text run at (0,1974) width 37: "nnnn"
            RenderBR {BR} at (36,1974) size 1x27
            RenderText {#text} at (0,2000) size 28x26
              text run at (0,2000) width 28: "oooo"
            RenderBR {BR} at (27,2000) size 1x26
            RenderText {#text} at (0,2025) size 32x26
              text run at (0,2025) width 32: "pppp"
            RenderBR {BR} at (31,2025) size 1x26
            RenderText {#text} at (0,2050) size 32x27
              text run at (0,2050) width 32: "qqqq"
            RenderBR {BR} at (31,2050) size 1x27
            RenderText {#text} at (0,2076) size 27x26
              text run at (0,2076) width 27: "rrrr"
            RenderBR {BR} at (26,2076) size 1x26
            RenderText {#text} at (0,2101) size 23x26
              text run at (0,2101) width 23: "ssss"
            RenderBR {BR} at (22,2101) size 1x26
            RenderText {#text} at (0,2126) size 21x27
              text run at (0,2126) width 21: "tttt"
            RenderBR {BR} at (20,2126) size 1x27
            RenderText {#text} at (0,2152) size 36x26
              text run at (0,2152) width 36: "uuuu"
            RenderBR {BR} at (35,2152) size 1x26
            RenderText {#text} at (0,2177) size 29x26
              text run at (0,2177) width 29: "vvvv"
            RenderBR {BR} at (28,2177) size 1x26
            RenderText {#text} at (0,2202) size 41x27
              text run at (0,2202) width 41: "wwww"
            RenderBR {BR} at (40,2202) size 1x27
            RenderText {#text} at (0,2228) size 33x26
              text run at (0,2228) width 33: "xxxx"
            RenderBR {BR} at (32,2228) size 1x26
            RenderText {#text} at (0,2253) size 35x26
              text run at (0,2253) width 35: "yyyy"
            RenderBR {BR} at (34,2253) size 1x26
            RenderText {#text} at (0,2278) size 27x27
              text run at (0,2278) width 27: "zzzz"
            RenderBR {BR} at (26,2278) size 1x27
            RenderText {#text} at (0,2304) size 23x26
              text run at (0,2304) width 23: "{{{{"
            RenderBR {BR} at (22,2304) size 1x26
            RenderText {#text} at (0,2329) size 14x26
              text run at (0,2329) width 14: "||||"
            RenderBR {BR} at (13,2329) size 1x26
            RenderText {#text} at (0,2354) size 23x27
              text run at (0,2354) width 23: "}}}}"
            RenderBR {BR} at (22,2354) size 1x27
          RenderText {#text} at (0,0) size 0x0
        RenderText {#text} at (0,0) size 0x0
