layer at (0,0) size 785x7077
  RenderView at (0,0) size 785x600
layer at (0,0) size 785x7077
  RenderBlock {HTML} at (0,0) size 785x7077
    RenderBody {BODY} at (8,8) size 769x7053
      RenderBlock (anonymous) at (0,0) size 769x18
        RenderText {#text} at (0,0) size 352x18
          text run at (0,0) width 352: "This tests font choices and metrics for the fantasy font."
      RenderBlock {P} at (0,34) size 769x2346
        RenderInline {FONT} at (0,0) size 59x2346
          RenderText {#text} at (0,0) size 54x25
            text run at (0,0) width 54: "fantasy"
          RenderBR {BR} at (53,0) size 1x25
          RenderText {#text} at (0,24) size 15x26
            text run at (0,24) width 15: "    "
          RenderBR {BR} at (14,24) size 1x26
          RenderText {#text} at (0,49) size 17x26
            text run at (0,49) width 17: "!!!!"
          RenderBR {BR} at (16,49) size 1x26
          RenderText {#text} at (0,74) size 21x25
            text run at (0,74) width 21: "\"\"\"\""
          RenderBR {BR} at (20,74) size 1x25
          RenderText {#text} at (0,98) size 40x26
            text run at (0,98) width 40: "####"
          RenderBR {BR} at (39,98) size 1x26
          RenderText {#text} at (0,123) size 35x26
            text run at (0,123) width 35: "$$$$"
          RenderBR {BR} at (34,123) size 1x26
          RenderText {#text} at (0,148) size 49x25
            text run at (0,148) width 49: "%%%%"
          RenderBR {BR} at (48,148) size 1x25
          RenderText {#text} at (0,172) size 51x26
            text run at (0,172) width 51: "&&&&"
          RenderBR {BR} at (50,172) size 1x26
          RenderText {#text} at (0,197) size 13x26
            text run at (0,197) width 13: "''''"
          RenderBR {BR} at (12,197) size 1x26
          RenderText {#text} at (0,222) size 28x25
            text run at (0,222) width 28: "(((("
          RenderBR {BR} at (27,222) size 1x25
          RenderText {#text} at (0,246) size 28x26
            text run at (0,246) width 28: "))))"
          RenderBR {BR} at (27,246) size 1x26
          RenderText {#text} at (0,271) size 25x26
            text run at (0,271) width 25: "****"
          RenderBR {BR} at (24,271) size 1x26
          RenderText {#text} at (0,296) size 33x25
            text run at (0,296) width 33: "++++"
          RenderBR {BR} at (32,296) size 1x25
          RenderText {#text} at (0,320) size 18x26
            text run at (0,320) width 18: ",,,,"
          RenderBR {BR} at (17,320) size 1x26
          RenderText {#text} at (0,345) size 30x26
            text run at (0,345) width 30: "----"
          RenderBR {BR} at (29,345) size 1x26
          RenderText {#text} at (0,370) size 18x25
            text run at (0,370) width 18: "...."
          RenderBR {BR} at (17,370) size 1x25
          RenderText {#text} at (0,395) size 34x25
            text run at (0,395) width 34: "////"
          RenderBR {BR} at (33,395) size 1x25
          RenderText {#text} at (0,419) size 43x26
            text run at (0,419) width 43: "0000"
          RenderBR {BR} at (42,419) size 1x26
          RenderText {#text} at (0,444) size 17x26
            text run at (0,444) width 17: "1111"
          RenderBR {BR} at (16,444) size 1x26
          RenderText {#text} at (0,469) size 33x25
            text run at (0,469) width 33: "2222"
          RenderBR {BR} at (32,469) size 1x25
          RenderText {#text} at (0,493) size 31x26
            text run at (0,493) width 31: "3333"
          RenderBR {BR} at (30,493) size 1x26
          RenderText {#text} at (0,518) size 43x26
            text run at (0,518) width 43: "4444"
          RenderBR {BR} at (42,518) size 1x26
          RenderText {#text} at (0,543) size 32x25
            text run at (0,543) width 32: "5555"
          RenderBR {BR} at (31,543) size 1x25
          RenderText {#text} at (0,567) size 34x26
            text run at (0,567) width 34: "6666"
          RenderBR {BR} at (33,567) size 1x26
          RenderText {#text} at (0,592) size 30x26
            text run at (0,592) width 30: "7777"
          RenderBR {BR} at (29,592) size 1x26
          RenderText {#text} at (0,617) size 32x25
            text run at (0,617) width 32: "8888"
          RenderBR {BR} at (31,617) size 1x25
          RenderText {#text} at (0,641) size 34x26
            text run at (0,641) width 34: "9999"
          RenderBR {BR} at (33,641) size 1x26
          RenderText {#text} at (0,666) size 18x26
            text run at (0,666) width 18: "::::"
          RenderBR {BR} at (17,666) size 1x26
          RenderText {#text} at (0,691) size 18x25
            text run at (0,691) width 18: ";;;;"
          RenderBR {BR} at (17,691) size 1x25
          RenderText {#text} at (0,715) size 36x26
            text run at (0,715) width 36: "<<<<"
          RenderBR {BR} at (35,715) size 1x26
          RenderText {#text} at (0,740) size 30x26
            text run at (0,740) width 30: "===="
          RenderBR {BR} at (29,740) size 1x26
          RenderText {#text} at (0,765) size 36x25
            text run at (0,765) width 36: ">>>>"
          RenderBR {BR} at (35,765) size 1x25
          RenderText {#text} at (0,790) size 31x25
            text run at (0,790) width 31: "????"
          RenderBR {BR} at (30,790) size 1x25
          RenderText {#text} at (0,814) size 39x26
            text run at (0,814) width 39: "@@@@"
          RenderBR {BR} at (38,814) size 1x26
          RenderText {#text} at (0,839) size 47x26
            text run at (0,839) width 47: "AAAA"
          RenderBR {BR} at (46,839) size 1x26
          RenderText {#text} at (0,864) size 47x25
            text run at (0,864) width 47: "BBBB"
          RenderBR {BR} at (46,864) size 1x25
          RenderText {#text} at (0,888) size 45x26
            text run at (0,888) width 45: "CCCC"
          RenderBR {BR} at (44,888) size 1x26
          RenderText {#text} at (0,913) size 53x26
            text run at (0,913) width 53: "DDDD"
          RenderBR {BR} at (52,913) size 1x26
          RenderText {#text} at (0,938) size 47x25
            text run at (0,938) width 47: "EEEE"
          RenderBR {BR} at (46,938) size 1x25
          RenderText {#text} at (0,962) size 40x26
            text run at (0,962) width 40: "FFFF"
          RenderBR {BR} at (39,962) size 1x26
          RenderText {#text} at (0,987) size 48x26
            text run at (0,987) width 48: "GGGG"
          RenderBR {BR} at (47,987) size 1x26
          RenderText {#text} at (0,1012) size 49x25
            text run at (0,1012) width 49: "HHHH"
          RenderBR {BR} at (48,1012) size 1x25
          RenderText {#text} at (0,1036) size 16x26
            text run at (0,1036) width 16: "IIII"
          RenderBR {BR} at (15,1036) size 1x26
          RenderText {#text} at (0,1061) size 35x26
            text run at (0,1061) width 35: "JJJJ"
          RenderBR {BR} at (34,1061) size 1x26
          RenderText {#text} at (0,1086) size 46x25
            text run at (0,1086) width 46: "KKKK"
          RenderBR {BR} at (45,1086) size 1x25
          RenderText {#text} at (0,1110) size 39x26
            text run at (0,1110) width 39: "LLLL"
          RenderBR {BR} at (38,1110) size 1x26
          RenderText {#text} at (0,1135) size 56x26
            text run at (0,1135) width 56: "MMMM"
          RenderBR {BR} at (55,1135) size 1x26
          RenderText {#text} at (0,1160) size 42x25
            text run at (0,1160) width 42: "NNNN"
          RenderBR {BR} at (41,1160) size 1x25
          RenderText {#text} at (0,1185) size 59x25
            text run at (0,1185) width 59: "OOOO"
          RenderBR {BR} at (58,1185) size 1x25
          RenderText {#text} at (0,1209) size 42x26
            text run at (0,1209) width 42: "PPPP"
          RenderBR {BR} at (41,1209) size 1x26
          RenderText {#text} at (0,1234) size 59x26
            text run at (0,1234) width 59: "QQQQ"
          RenderBR {BR} at (58,1234) size 1x26
          RenderText {#text} at (0,1259) size 43x25
            text run at (0,1259) width 43: "RRRR"
          RenderBR {BR} at (42,1259) size 1x25
          RenderText {#text} at (0,1283) size 42x26
            text run at (0,1283) width 42: "SSSS"
          RenderBR {BR} at (41,1283) size 1x26
          RenderText {#text} at (0,1308) size 45x26
            text run at (0,1308) width 45: "TTTT"
          RenderBR {BR} at (44,1308) size 1x26
          RenderText {#text} at (0,1333) size 52x25
            text run at (0,1333) width 52: "UUUU"
          RenderBR {BR} at (51,1333) size 1x25
          RenderText {#text} at (0,1357) size 38x26
            text run at (0,1357) width 38: "VVVV"
          RenderBR {BR} at (37,1357) size 1x26
          RenderText {#text} at (0,1382) size 51x26
            text run at (0,1382) width 51: "WWWW"
          RenderBR {BR} at (50,1382) size 1x26
          RenderText {#text} at (0,1407) size 42x25
            text run at (0,1407) width 42: "XXXX"
          RenderBR {BR} at (41,1407) size 1x25
          RenderText {#text} at (0,1431) size 41x26
            text run at (0,1431) width 41: "YYYY"
          RenderBR {BR} at (40,1431) size 1x26
          RenderText {#text} at (0,1456) size 43x26
            text run at (0,1456) width 43: "ZZZZ"
          RenderBR {BR} at (42,1456) size 1x26
          RenderText {#text} at (0,1481) size 28x25
            text run at (0,1481) width 28: "[[[["
          RenderBR {BR} at (27,1481) size 1x25
          RenderText {#text} at (0,1505) size 34x26
            text run at (0,1505) width 34: "\\\\\\\\"
          RenderBR {BR} at (33,1505) size 1x26
          RenderText {#text} at (0,1530) size 28x26
            text run at (0,1530) width 28: "]]]]"
          RenderBR {BR} at (27,1530) size 1x26
          RenderText {#text} at (0,1555) size 34x25
            text run at (0,1555) width 34: "^^^^"
          RenderBR {BR} at (33,1555) size 1x25
          RenderText {#text} at (0,1580) size 32x25
            text run at (0,1580) width 32: "____"
          RenderBR {BR} at (32,1580) size 0x25
          RenderText {#text} at (0,1604) size 19x26
            text run at (0,1604) width 19: "````"
          RenderBR {BR} at (18,1604) size 1x26
          RenderText {#text} at (0,1629) size 35x26
            text run at (0,1629) width 35: "aaaa"
          RenderBR {BR} at (34,1629) size 1x26
          RenderText {#text} at (0,1654) size 39x25
            text run at (0,1654) width 39: "bbbb"
          RenderBR {BR} at (38,1654) size 1x25
          RenderText {#text} at (0,1678) size 32x26
            text run at (0,1678) width 32: "cccc"
          RenderBR {BR} at (31,1678) size 1x26
          RenderText {#text} at (0,1703) size 39x26
            text run at (0,1703) width 39: "dddd"
          RenderBR {BR} at (38,1703) size 1x26
          RenderText {#text} at (0,1728) size 34x25
            text run at (0,1728) width 34: "eeee"
          RenderBR {BR} at (33,1728) size 1x25
          RenderText {#text} at (0,1752) size 26x26
            text run at (0,1752) width 26: "ffff"
          RenderBR {BR} at (25,1752) size 1x26
          RenderText {#text} at (0,1777) size 35x26
            text run at (0,1777) width 35: "gggg"
          RenderBR {BR} at (34,1777) size 1x26
          RenderText {#text} at (0,1802) size 37x25
            text run at (0,1802) width 37: "hhhh"
          RenderBR {BR} at (36,1802) size 1x25
          RenderText {#text} at (0,1826) size 14x26
            text run at (0,1826) width 14: "iiii"
          RenderBR {BR} at (13,1826) size 1x26
          RenderText {#text} at (0,1851) size 14x26
            text run at (0,1851) width 14: "jjjj"
          RenderBR {BR} at (13,1851) size 1x26
          RenderText {#text} at (0,1876) size 36x25
            text run at (0,1876) width 36: "kkkk"
          RenderBR {BR} at (35,1876) size 1x25
          RenderText {#text} at (0,1900) size 15x26
            text run at (0,1900) width 15: "llll"
          RenderBR {BR} at (14,1900) size 1x26
          RenderText {#text} at (0,1925) size 46x26
            text run at (0,1925) width 46: "mmmm"
          RenderBR {BR} at (45,1925) size 1x26
          RenderText {#text} at (0,1950) size 36x25
            text run at (0,1950) width 36: "nnnn"
          RenderBR {BR} at (35,1950) size 1x25
          RenderText {#text} at (0,1975) size 39x25
            text run at (0,1975) width 39: "oooo"
          RenderBR {BR} at (38,1975) size 1x25
          RenderText {#text} at (0,1999) size 40x26
            text run at (0,1999) width 40: "pppp"
          RenderBR {BR} at (39,1999) size 1x26
          RenderText {#text} at (0,2024) size 37x26
            text run at (0,2024) width 37: "qqqq"
          RenderBR {BR} at (36,2024) size 1x26
          RenderText {#text} at (0,2049) size 25x25
            text run at (0,2049) width 25: "rrrr"
          RenderBR {BR} at (24,2049) size 1x25
          RenderText {#text} at (0,2073) size 31x26
            text run at (0,2073) width 31: "ssss"
          RenderBR {BR} at (30,2073) size 1x26
          RenderText {#text} at (0,2098) size 24x26
            text run at (0,2098) width 24: "tttt"
          RenderBR {BR} at (23,2098) size 1x26
          RenderText {#text} at (0,2123) size 36x25
            text run at (0,2123) width 36: "uuuu"
          RenderBR {BR} at (35,2123) size 1x25
          RenderText {#text} at (0,2147) size 29x26
            text run at (0,2147) width 29: "vvvv"
          RenderBR {BR} at (28,2147) size 1x26
          RenderText {#text} at (0,2172) size 42x26
            text run at (0,2172) width 42: "wwww"
          RenderBR {BR} at (41,2172) size 1x26
          RenderText {#text} at (0,2197) size 32x25
            text run at (0,2197) width 32: "xxxx"
          RenderBR {BR} at (31,2197) size 1x25
          RenderText {#text} at (0,2221) size 35x26
            text run at (0,2221) width 35: "yyyy"
          RenderBR {BR} at (34,2221) size 1x26
          RenderText {#text} at (0,2246) size 29x26
            text run at (0,2246) width 29: "zzzz"
          RenderBR {BR} at (28,2246) size 1x26
          RenderText {#text} at (0,2271) size 17x25
            text run at (0,2271) width 17: "{{{{"
          RenderBR {BR} at (16,2271) size 1x25
          RenderText {#text} at (0,2295) size 15x26
            text run at (0,2295) width 15: "||||"
          RenderBR {BR} at (14,2295) size 1x26
          RenderText {#text} at (0,2320) size 17x26
            text run at (0,2320) width 17: "}}}}"
          RenderBR {BR} at (16,2320) size 1x26
      RenderBlock {P} at (0,2395) size 769x2321
        RenderInline {FONT} at (0,0) size 63x2321
          RenderText {#text} at (0,0) size 0x0
          RenderInline {B} at (0,0) size 63x2321
            RenderText {#text} at (0,0) size 19x25
              text run at (0,0) width 19: "    "
            RenderBR {BR} at (18,0) size 1x25
            RenderText {#text} at (0,24) size 21x26
              text run at (0,24) width 21: "!!!!"
            RenderBR {BR} at (20,24) size 1x26
            RenderText {#text} at (0,49) size 25x26
              text run at (0,49) width 25: "\"\"\"\""
            RenderBR {BR} at (24,49) size 1x26
            RenderText {#text} at (0,74) size 44x25
              text run at (0,74) width 44: "####"
            RenderBR {BR} at (43,74) size 1x25
            RenderText {#text} at (0,98) size 39x26
              text run at (0,98) width 39: "$$$$"
            RenderBR {BR} at (38,98) size 1x26
            RenderText {#text} at (0,123) size 53x26
              text run at (0,123) width 53: "%%%%"
            RenderBR {BR} at (52,123) size 1x26
            RenderText {#text} at (0,148) size 55x25
              text run at (0,148) width 55: "&&&&"
            RenderBR {BR} at (54,148) size 1x25
            RenderText {#text} at (0,172) size 17x26
              text run at (0,172) width 17: "''''"
            RenderBR {BR} at (16,172) size 1x26
            RenderText {#text} at (0,197) size 32x26
              text run at (0,197) width 32: "(((("
            RenderBR {BR} at (31,197) size 1x26
            RenderText {#text} at (0,222) size 32x25
              text run at (0,222) width 32: "))))"
            RenderBR {BR} at (31,222) size 1x25
            RenderText {#text} at (0,246) size 29x26
              text run at (0,246) width 29: "****"
            RenderBR {BR} at (28,246) size 1x26
            RenderText {#text} at (0,271) size 37x26
              text run at (0,271) width 37: "++++"
            RenderBR {BR} at (36,271) size 1x26
            RenderText {#text} at (0,296) size 22x25
              text run at (0,296) width 22: ",,,,"
            RenderBR {BR} at (21,296) size 1x25
            RenderText {#text} at (0,320) size 34x26
              text run at (0,320) width 34: "----"
            RenderBR {BR} at (33,320) size 1x26
            RenderText {#text} at (0,345) size 22x26
              text run at (0,345) width 22: "...."
            RenderBR {BR} at (21,345) size 1x26
            RenderText {#text} at (0,370) size 38x25
              text run at (0,370) width 38: "////"
            RenderBR {BR} at (37,370) size 1x25
            RenderText {#text} at (0,395) size 47x25
              text run at (0,395) width 47: "0000"
            RenderBR {BR} at (46,395) size 1x25
            RenderText {#text} at (0,419) size 21x26
              text run at (0,419) width 21: "1111"
            RenderBR {BR} at (20,419) size 1x26
            RenderText {#text} at (0,444) size 37x26
              text run at (0,444) width 37: "2222"
            RenderBR {BR} at (36,444) size 1x26
            RenderText {#text} at (0,469) size 35x25
              text run at (0,469) width 35: "3333"
            RenderBR {BR} at (34,469) size 1x25
            RenderText {#text} at (0,493) size 47x26
              text run at (0,493) width 47: "4444"
            RenderBR {BR} at (46,493) size 1x26
            RenderText {#text} at (0,518) size 36x26
              text run at (0,518) width 36: "5555"
            RenderBR {BR} at (35,518) size 1x26
            RenderText {#text} at (0,543) size 38x25
              text run at (0,543) width 38: "6666"
            RenderBR {BR} at (37,543) size 1x25
            RenderText {#text} at (0,567) size 34x26
              text run at (0,567) width 34: "7777"
            RenderBR {BR} at (33,567) size 1x26
            RenderText {#text} at (0,592) size 36x26
              text run at (0,592) width 36: "8888"
            RenderBR {BR} at (35,592) size 1x26
            RenderText {#text} at (0,617) size 38x25
              text run at (0,617) width 38: "9999"
            RenderBR {BR} at (37,617) size 1x25
            RenderText {#text} at (0,641) size 22x26
              text run at (0,641) width 22: "::::"
            RenderBR {BR} at (21,641) size 1x26
            RenderText {#text} at (0,666) size 22x26
              text run at (0,666) width 22: ";;;;"
            RenderBR {BR} at (21,666) size 1x26
            RenderText {#text} at (0,691) size 40x25
              text run at (0,691) width 40: "<<<<"
            RenderBR {BR} at (39,691) size 1x25
            RenderText {#text} at (0,715) size 34x26
              text run at (0,715) width 34: "===="
            RenderBR {BR} at (33,715) size 1x26
            RenderText {#text} at (0,740) size 40x26
              text run at (0,740) width 40: ">>>>"
            RenderBR {BR} at (39,740) size 1x26
            RenderText {#text} at (0,765) size 35x25
              text run at (0,765) width 35: "????"
            RenderBR {BR} at (34,765) size 1x25
            RenderText {#text} at (0,790) size 43x25
              text run at (0,790) width 43: "@@@@"
            RenderBR {BR} at (42,790) size 1x25
            RenderText {#text} at (0,814) size 51x26
              text run at (0,814) width 51: "AAAA"
            RenderBR {BR} at (50,814) size 1x26
            RenderText {#text} at (0,839) size 51x26
              text run at (0,839) width 51: "BBBB"
            RenderBR {BR} at (50,839) size 1x26
            RenderText {#text} at (0,864) size 49x25
              text run at (0,864) width 49: "CCCC"
            RenderBR {BR} at (48,864) size 1x25
            RenderText {#text} at (0,888) size 57x26
              text run at (0,888) width 57: "DDDD"
            RenderBR {BR} at (56,888) size 1x26
            RenderText {#text} at (0,913) size 51x26
              text run at (0,913) width 51: "EEEE"
            RenderBR {BR} at (50,913) size 1x26
            RenderText {#text} at (0,938) size 44x25
              text run at (0,938) width 44: "FFFF"
            RenderBR {BR} at (43,938) size 1x25
            RenderText {#text} at (0,962) size 52x26
              text run at (0,962) width 52: "GGGG"
            RenderBR {BR} at (51,962) size 1x26
            RenderText {#text} at (0,987) size 53x26
              text run at (0,987) width 53: "HHHH"
            RenderBR {BR} at (52,987) size 1x26
            RenderText {#text} at (0,1012) size 20x25
              text run at (0,1012) width 20: "IIII"
            RenderBR {BR} at (19,1012) size 1x25
            RenderText {#text} at (0,1036) size 39x26
              text run at (0,1036) width 39: "JJJJ"
            RenderBR {BR} at (38,1036) size 1x26
            RenderText {#text} at (0,1061) size 50x26
              text run at (0,1061) width 50: "KKKK"
            RenderBR {BR} at (49,1061) size 1x26
            RenderText {#text} at (0,1086) size 43x25
              text run at (0,1086) width 43: "LLLL"
            RenderBR {BR} at (42,1086) size 1x25
            RenderText {#text} at (0,1110) size 60x26
              text run at (0,1110) width 60: "MMMM"
            RenderBR {BR} at (59,1110) size 1x26
            RenderText {#text} at (0,1135) size 46x26
              text run at (0,1135) width 46: "NNNN"
            RenderBR {BR} at (45,1135) size 1x26
            RenderText {#text} at (0,1160) size 63x25
              text run at (0,1160) width 63: "OOOO"
            RenderBR {BR} at (62,1160) size 1x25
            RenderText {#text} at (0,1185) size 46x25
              text run at (0,1185) width 46: "PPPP"
            RenderBR {BR} at (45,1185) size 1x25
            RenderText {#text} at (0,1209) size 63x26
              text run at (0,1209) width 63: "QQQQ"
            RenderBR {BR} at (62,1209) size 1x26
            RenderText {#text} at (0,1234) size 47x26
              text run at (0,1234) width 47: "RRRR"
            RenderBR {BR} at (46,1234) size 1x26
            RenderText {#text} at (0,1259) size 46x25
              text run at (0,1259) width 46: "SSSS"
            RenderBR {BR} at (45,1259) size 1x25
            RenderText {#text} at (0,1283) size 49x26
              text run at (0,1283) width 49: "TTTT"
            RenderBR {BR} at (48,1283) size 1x26
            RenderText {#text} at (0,1308) size 56x26
              text run at (0,1308) width 56: "UUUU"
            RenderBR {BR} at (55,1308) size 1x26
            RenderText {#text} at (0,1333) size 42x25
              text run at (0,1333) width 42: "VVVV"
            RenderBR {BR} at (41,1333) size 1x25
            RenderText {#text} at (0,1357) size 55x26
              text run at (0,1357) width 55: "WWWW"
            RenderBR {BR} at (54,1357) size 1x26
            RenderText {#text} at (0,1382) size 46x26
              text run at (0,1382) width 46: "XXXX"
            RenderBR {BR} at (45,1382) size 1x26
            RenderText {#text} at (0,1407) size 45x25
              text run at (0,1407) width 45: "YYYY"
            RenderBR {BR} at (44,1407) size 1x25
            RenderText {#text} at (0,1431) size 47x26
              text run at (0,1431) width 47: "ZZZZ"
            RenderBR {BR} at (46,1431) size 1x26
            RenderText {#text} at (0,1456) size 32x26
              text run at (0,1456) width 32: "[[[["
            RenderBR {BR} at (31,1456) size 1x26
            RenderText {#text} at (0,1481) size 38x25
              text run at (0,1481) width 38: "\\\\\\\\"
            RenderBR {BR} at (37,1481) size 1x25
            RenderText {#text} at (0,1505) size 32x26
              text run at (0,1505) width 32: "]]]]"
            RenderBR {BR} at (31,1505) size 1x26
            RenderText {#text} at (0,1530) size 38x26
              text run at (0,1530) width 38: "^^^^"
            RenderBR {BR} at (37,1530) size 1x26
            RenderText {#text} at (0,1555) size 36x25
              text run at (0,1555) width 36: "____"
            RenderBR {BR} at (36,1555) size 0x25
            RenderText {#text} at (0,1580) size 23x25
              text run at (0,1580) width 23: "````"
            RenderBR {BR} at (22,1580) size 1x25
            RenderText {#text} at (0,1604) size 39x26
              text run at (0,1604) width 39: "aaaa"
            RenderBR {BR} at (38,1604) size 1x26
            RenderText {#text} at (0,1629) size 43x26
              text run at (0,1629) width 43: "bbbb"
            RenderBR {BR} at (42,1629) size 1x26
            RenderText {#text} at (0,1654) size 36x25
              text run at (0,1654) width 36: "cccc"
            RenderBR {BR} at (35,1654) size 1x25
            RenderText {#text} at (0,1678) size 43x26
              text run at (0,1678) width 43: "dddd"
            RenderBR {BR} at (42,1678) size 1x26
            RenderText {#text} at (0,1703) size 38x26
              text run at (0,1703) width 38: "eeee"
            RenderBR {BR} at (37,1703) size 1x26
            RenderText {#text} at (0,1728) size 30x25
              text run at (0,1728) width 30: "ffff"
            RenderBR {BR} at (29,1728) size 1x25
            RenderText {#text} at (0,1752) size 39x26
              text run at (0,1752) width 39: "gggg"
            RenderBR {BR} at (38,1752) size 1x26
            RenderText {#text} at (0,1777) size 41x26
              text run at (0,1777) width 41: "hhhh"
            RenderBR {BR} at (40,1777) size 1x26
            RenderText {#text} at (0,1802) size 18x25
              text run at (0,1802) width 18: "iiii"
            RenderBR {BR} at (17,1802) size 1x25
            RenderText {#text} at (0,1826) size 18x26
              text run at (0,1826) width 18: "jjjj"
            RenderBR {BR} at (17,1826) size 1x26
            RenderText {#text} at (0,1851) size 40x26
              text run at (0,1851) width 40: "kkkk"
            RenderBR {BR} at (39,1851) size 1x26
            RenderText {#text} at (0,1876) size 19x25
              text run at (0,1876) width 19: "llll"
            RenderBR {BR} at (18,1876) size 1x25
            RenderText {#text} at (0,1900) size 50x26
              text run at (0,1900) width 50: "mmmm"
            RenderBR {BR} at (49,1900) size 1x26
            RenderText {#text} at (0,1925) size 40x26
              text run at (0,1925) width 40: "nnnn"
            RenderBR {BR} at (39,1925) size 1x26
            RenderText {#text} at (0,1950) size 43x25
              text run at (0,1950) width 43: "oooo"
            RenderBR {BR} at (42,1950) size 1x25
            RenderText {#text} at (0,1975) size 44x25
              text run at (0,1975) width 44: "pppp"
            RenderBR {BR} at (43,1975) size 1x25
            RenderText {#text} at (0,1999) size 41x26
              text run at (0,1999) width 41: "qqqq"
            RenderBR {BR} at (40,1999) size 1x26
            RenderText {#text} at (0,2024) size 29x26
              text run at (0,2024) width 29: "rrrr"
            RenderBR {BR} at (28,2024) size 1x26
            RenderText {#text} at (0,2049) size 35x25
              text run at (0,2049) width 35: "ssss"
            RenderBR {BR} at (34,2049) size 1x25
            RenderText {#text} at (0,2073) size 28x26
              text run at (0,2073) width 28: "tttt"
            RenderBR {BR} at (27,2073) size 1x26
            RenderText {#text} at (0,2098) size 40x26
              text run at (0,2098) width 40: "uuuu"
            RenderBR {BR} at (39,2098) size 1x26
            RenderText {#text} at (0,2123) size 33x25
              text run at (0,2123) width 33: "vvvv"
            RenderBR {BR} at (32,2123) size 1x25
            RenderText {#text} at (0,2147) size 46x26
              text run at (0,2147) width 46: "wwww"
            RenderBR {BR} at (45,2147) size 1x26
            RenderText {#text} at (0,2172) size 36x26
              text run at (0,2172) width 36: "xxxx"
            RenderBR {BR} at (35,2172) size 1x26
            RenderText {#text} at (0,2197) size 39x25
              text run at (0,2197) width 39: "yyyy"
            RenderBR {BR} at (38,2197) size 1x25
            RenderText {#text} at (0,2221) size 33x26
              text run at (0,2221) width 33: "zzzz"
            RenderBR {BR} at (32,2221) size 1x26
            RenderText {#text} at (0,2246) size 21x26
              text run at (0,2246) width 21: "{{{{"
            RenderBR {BR} at (20,2246) size 1x26
            RenderText {#text} at (0,2271) size 19x25
              text run at (0,2271) width 19: "||||"
            RenderBR {BR} at (18,2271) size 1x25
            RenderText {#text} at (0,2295) size 21x26
              text run at (0,2295) width 21: "}}}}"
            RenderBR {BR} at (20,2295) size 1x26
          RenderText {#text} at (0,0) size 0x0
      RenderBlock {P} at (0,4731) size 769x2322
        RenderInline {FONT} at (0,0) size 59x2321
          RenderText {#text} at (0,0) size 0x0
          RenderInline {I} at (0,0) size 59x2321
            RenderText {#text} at (0,0) size 15x25
              text run at (0,0) width 15: "    "
            RenderBR {BR} at (14,0) size 1x25
            RenderText {#text} at (0,24) size 17x26
              text run at (0,24) width 17: "!!!!"
            RenderBR {BR} at (16,24) size 1x26
            RenderText {#text} at (0,49) size 21x26
              text run at (0,49) width 21: "\"\"\"\""
            RenderBR {BR} at (20,49) size 1x26
            RenderText {#text} at (0,74) size 40x25
              text run at (0,74) width 40: "####"
            RenderBR {BR} at (39,74) size 1x25
            RenderText {#text} at (0,98) size 35x26
              text run at (0,98) width 35: "$$$$"
            RenderBR {BR} at (34,98) size 1x26
            RenderText {#text} at (0,123) size 49x26
              text run at (0,123) width 49: "%%%%"
            RenderBR {BR} at (48,123) size 1x26
            RenderText {#text} at (0,148) size 51x25
              text run at (0,148) width 51: "&&&&"
            RenderBR {BR} at (50,148) size 1x25
            RenderText {#text} at (0,172) size 13x26
              text run at (0,172) width 13: "''''"
            RenderBR {BR} at (12,172) size 1x26
            RenderText {#text} at (0,197) size 28x26
              text run at (0,197) width 28: "(((("
            RenderBR {BR} at (27,197) size 1x26
            RenderText {#text} at (0,222) size 28x25
              text run at (0,222) width 28: "))))"
            RenderBR {BR} at (27,222) size 1x25
            RenderText {#text} at (0,246) size 25x26
              text run at (0,246) width 25: "****"
            RenderBR {BR} at (24,246) size 1x26
            RenderText {#text} at (0,271) size 33x26
              text run at (0,271) width 33: "++++"
            RenderBR {BR} at (32,271) size 1x26
            RenderText {#text} at (0,296) size 18x25
              text run at (0,296) width 18: ",,,,"
            RenderBR {BR} at (17,296) size 1x25
            RenderText {#text} at (0,320) size 30x26
              text run at (0,320) width 30: "----"
            RenderBR {BR} at (29,320) size 1x26
            RenderText {#text} at (0,345) size 18x26
              text run at (0,345) width 18: "...."
            RenderBR {BR} at (17,345) size 1x26
            RenderText {#text} at (0,370) size 34x25
              text run at (0,370) width 34: "////"
            RenderBR {BR} at (33,370) size 1x25
            RenderText {#text} at (0,395) size 43x25
              text run at (0,395) width 43: "0000"
            RenderBR {BR} at (42,395) size 1x25
            RenderText {#text} at (0,419) size 17x26
              text run at (0,419) width 17: "1111"
            RenderBR {BR} at (16,419) size 1x26
            RenderText {#text} at (0,444) size 33x26
              text run at (0,444) width 33: "2222"
            RenderBR {BR} at (32,444) size 1x26
            RenderText {#text} at (0,469) size 31x25
              text run at (0,469) width 31: "3333"
            RenderBR {BR} at (30,469) size 1x25
            RenderText {#text} at (0,493) size 43x26
              text run at (0,493) width 43: "4444"
            RenderBR {BR} at (42,493) size 1x26
            RenderText {#text} at (0,518) size 32x26
              text run at (0,518) width 32: "5555"
            RenderBR {BR} at (31,518) size 1x26
            RenderText {#text} at (0,543) size 34x25
              text run at (0,543) width 34: "6666"
            RenderBR {BR} at (33,543) size 1x25
            RenderText {#text} at (0,567) size 30x26
              text run at (0,567) width 30: "7777"
            RenderBR {BR} at (29,567) size 1x26
            RenderText {#text} at (0,592) size 32x26
              text run at (0,592) width 32: "8888"
            RenderBR {BR} at (31,592) size 1x26
            RenderText {#text} at (0,617) size 34x25
              text run at (0,617) width 34: "9999"
            RenderBR {BR} at (33,617) size 1x25
            RenderText {#text} at (0,641) size 18x26
              text run at (0,641) width 18: "::::"
            RenderBR {BR} at (17,641) size 1x26
            RenderText {#text} at (0,666) size 18x26
              text run at (0,666) width 18: ";;;;"
            RenderBR {BR} at (17,666) size 1x26
            RenderText {#text} at (0,691) size 36x25
              text run at (0,691) width 36: "<<<<"
            RenderBR {BR} at (35,691) size 1x25
            RenderText {#text} at (0,715) size 30x26
              text run at (0,715) width 30: "===="
            RenderBR {BR} at (29,715) size 1x26
            RenderText {#text} at (0,740) size 36x26
              text run at (0,740) width 36: ">>>>"
            RenderBR {BR} at (35,740) size 1x26
            RenderText {#text} at (0,765) size 31x25
              text run at (0,765) width 31: "????"
            RenderBR {BR} at (30,765) size 1x25
            RenderText {#text} at (0,790) size 39x25
              text run at (0,790) width 39: "@@@@"
            RenderBR {BR} at (38,790) size 1x25
            RenderText {#text} at (0,814) size 47x26
              text run at (0,814) width 47: "AAAA"
            RenderBR {BR} at (46,814) size 1x26
            RenderText {#text} at (0,839) size 47x26
              text run at (0,839) width 47: "BBBB"
            RenderBR {BR} at (46,839) size 1x26
            RenderText {#text} at (0,864) size 45x25
              text run at (0,864) width 45: "CCCC"
            RenderBR {BR} at (44,864) size 1x25
            RenderText {#text} at (0,888) size 53x26
              text run at (0,888) width 53: "DDDD"
            RenderBR {BR} at (52,888) size 1x26
            RenderText {#text} at (0,913) size 47x26
              text run at (0,913) width 47: "EEEE"
            RenderBR {BR} at (46,913) size 1x26
            RenderText {#text} at (0,938) size 40x25
              text run at (0,938) width 40: "FFFF"
            RenderBR {BR} at (39,938) size 1x25
            RenderText {#text} at (0,962) size 48x26
              text run at (0,962) width 48: "GGGG"
            RenderBR {BR} at (47,962) size 1x26
            RenderText {#text} at (0,987) size 49x26
              text run at (0,987) width 49: "HHHH"
            RenderBR {BR} at (48,987) size 1x26
            RenderText {#text} at (0,1012) size 16x25
              text run at (0,1012) width 16: "IIII"
            RenderBR {BR} at (15,1012) size 1x25
            RenderText {#text} at (0,1036) size 35x26
              text run at (0,1036) width 35: "JJJJ"
            RenderBR {BR} at (34,1036) size 1x26
            RenderText {#text} at (0,1061) size 46x26
              text run at (0,1061) width 46: "KKKK"
            RenderBR {BR} at (45,1061) size 1x26
            RenderText {#text} at (0,1086) size 39x25
              text run at (0,1086) width 39: "LLLL"
            RenderBR {BR} at (38,1086) size 1x25
            RenderText {#text} at (0,1110) size 56x26
              text run at (0,1110) width 56: "MMMM"
            RenderBR {BR} at (55,1110) size 1x26
            RenderText {#text} at (0,1135) size 42x26
              text run at (0,1135) width 42: "NNNN"
            RenderBR {BR} at (41,1135) size 1x26
            RenderText {#text} at (0,1160) size 59x25
              text run at (0,1160) width 59: "OOOO"
            RenderBR {BR} at (58,1160) size 1x25
            RenderText {#text} at (0,1185) size 42x25
              text run at (0,1185) width 42: "PPPP"
            RenderBR {BR} at (41,1185) size 1x25
            RenderText {#text} at (0,1209) size 59x26
              text run at (0,1209) width 59: "QQQQ"
            RenderBR {BR} at (58,1209) size 1x26
            RenderText {#text} at (0,1234) size 43x26
              text run at (0,1234) width 43: "RRRR"
            RenderBR {BR} at (42,1234) size 1x26
            RenderText {#text} at (0,1259) size 42x25
              text run at (0,1259) width 42: "SSSS"
            RenderBR {BR} at (41,1259) size 1x25
            RenderText {#text} at (0,1283) size 45x26
              text run at (0,1283) width 45: "TTTT"
            RenderBR {BR} at (44,1283) size 1x26
            RenderText {#text} at (0,1308) size 52x26
              text run at (0,1308) width 52: "UUUU"
            RenderBR {BR} at (51,1308) size 1x26
            RenderText {#text} at (0,1333) size 38x25
              text run at (0,1333) width 38: "VVVV"
            RenderBR {BR} at (37,1333) size 1x25
            RenderText {#text} at (0,1357) size 51x26
              text run at (0,1357) width 51: "WWWW"
            RenderBR {BR} at (50,1357) size 1x26
            RenderText {#text} at (0,1382) size 42x26
              text run at (0,1382) width 42: "XXXX"
            RenderBR {BR} at (41,1382) size 1x26
            RenderText {#text} at (0,1407) size 41x25
              text run at (0,1407) width 41: "YYYY"
            RenderBR {BR} at (40,1407) size 1x25
            RenderText {#text} at (0,1431) size 43x26
              text run at (0,1431) width 43: "ZZZZ"
            RenderBR {BR} at (42,1431) size 1x26
            RenderText {#text} at (0,1456) size 28x26
              text run at (0,1456) width 28: "[[[["
            RenderBR {BR} at (27,1456) size 1x26
            RenderText {#text} at (0,1481) size 34x25
              text run at (0,1481) width 34: "\\\\\\\\"
            RenderBR {BR} at (33,1481) size 1x25
            RenderText {#text} at (0,1505) size 28x26
              text run at (0,1505) width 28: "]]]]"
            RenderBR {BR} at (27,1505) size 1x26
            RenderText {#text} at (0,1530) size 34x26
              text run at (0,1530) width 34: "^^^^"
            RenderBR {BR} at (33,1530) size 1x26
            RenderText {#text} at (0,1555) size 32x25
              text run at (0,1555) width 32: "____"
            RenderBR {BR} at (32,1555) size 0x25
            RenderText {#text} at (0,1580) size 19x25
              text run at (0,1580) width 19: "````"
            RenderBR {BR} at (18,1580) size 1x25
            RenderText {#text} at (0,1604) size 35x26
              text run at (0,1604) width 35: "aaaa"
            RenderBR {BR} at (34,1604) size 1x26
            RenderText {#text} at (0,1629) size 39x26
              text run at (0,1629) width 39: "bbbb"
            RenderBR {BR} at (38,1629) size 1x26
            RenderText {#text} at (0,1654) size 32x25
              text run at (0,1654) width 32: "cccc"
            RenderBR {BR} at (31,1654) size 1x25
            RenderText {#text} at (0,1678) size 39x26
              text run at (0,1678) width 39: "dddd"
            RenderBR {BR} at (38,1678) size 1x26
            RenderText {#text} at (0,1703) size 34x26
              text run at (0,1703) width 34: "eeee"
            RenderBR {BR} at (33,1703) size 1x26
            RenderText {#text} at (0,1728) size 26x25
              text run at (0,1728) width 26: "ffff"
            RenderBR {BR} at (25,1728) size 1x25
            RenderText {#text} at (0,1752) size 35x26
              text run at (0,1752) width 35: "gggg"
            RenderBR {BR} at (34,1752) size 1x26
            RenderText {#text} at (0,1777) size 37x26
              text run at (0,1777) width 37: "hhhh"
            RenderBR {BR} at (36,1777) size 1x26
            RenderText {#text} at (0,1802) size 14x25
              text run at (0,1802) width 14: "iiii"
            RenderBR {BR} at (13,1802) size 1x25
            RenderText {#text} at (0,1826) size 14x26
              text run at (0,1826) width 14: "jjjj"
            RenderBR {BR} at (13,1826) size 1x26
            RenderText {#text} at (0,1851) size 36x26
              text run at (0,1851) width 36: "kkkk"
            RenderBR {BR} at (35,1851) size 1x26
            RenderText {#text} at (0,1876) size 15x25
              text run at (0,1876) width 15: "llll"
            RenderBR {BR} at (14,1876) size 1x25
            RenderText {#text} at (0,1900) size 46x26
              text run at (0,1900) width 46: "mmmm"
            RenderBR {BR} at (45,1900) size 1x26
            RenderText {#text} at (0,1925) size 36x26
              text run at (0,1925) width 36: "nnnn"
            RenderBR {BR} at (35,1925) size 1x26
            RenderText {#text} at (0,1950) size 39x25
              text run at (0,1950) width 39: "oooo"
            RenderBR {BR} at (38,1950) size 1x25
            RenderText {#text} at (0,1975) size 40x25
              text run at (0,1975) width 40: "pppp"
            RenderBR {BR} at (39,1975) size 1x25
            RenderText {#text} at (0,1999) size 37x26
              text run at (0,1999) width 37: "qqqq"
            RenderBR {BR} at (36,1999) size 1x26
            RenderText {#text} at (0,2024) size 25x26
              text run at (0,2024) width 25: "rrrr"
            RenderBR {BR} at (24,2024) size 1x26
            RenderText {#text} at (0,2049) size 31x25
              text run at (0,2049) width 31: "ssss"
            RenderBR {BR} at (30,2049) size 1x25
            RenderText {#text} at (0,2073) size 24x26
              text run at (0,2073) width 24: "tttt"
            RenderBR {BR} at (23,2073) size 1x26
            RenderText {#text} at (0,2098) size 36x26
              text run at (0,2098) width 36: "uuuu"
            RenderBR {BR} at (35,2098) size 1x26
            RenderText {#text} at (0,2123) size 29x25
              text run at (0,2123) width 29: "vvvv"
            RenderBR {BR} at (28,2123) size 1x25
            RenderText {#text} at (0,2147) size 42x26
              text run at (0,2147) width 42: "wwww"
            RenderBR {BR} at (41,2147) size 1x26
            RenderText {#text} at (0,2172) size 32x26
              text run at (0,2172) width 32: "xxxx"
            RenderBR {BR} at (31,2172) size 1x26
            RenderText {#text} at (0,2197) size 35x25
              text run at (0,2197) width 35: "yyyy"
            RenderBR {BR} at (34,2197) size 1x25
            RenderText {#text} at (0,2221) size 29x26
              text run at (0,2221) width 29: "zzzz"
            RenderBR {BR} at (28,2221) size 1x26
            RenderText {#text} at (0,2246) size 17x26
              text run at (0,2246) width 17: "{{{{"
            RenderBR {BR} at (16,2246) size 1x26
            RenderText {#text} at (0,2271) size 15x25
              text run at (0,2271) width 15: "||||"
            RenderBR {BR} at (14,2271) size 1x25
            RenderText {#text} at (0,2295) size 17x26
              text run at (0,2295) width 17: "}}}}"
            RenderBR {BR} at (16,2295) size 1x26
          RenderText {#text} at (0,0) size 0x0
        RenderText {#text} at (0,0) size 0x0
