layer at (0,0) size 785x5610
  RenderView at (0,0) size 785x600
layer at (0,0) size 785x5610
  RenderBlock {HTML} at (0,0) size 785x5610
    RenderBody {BODY} at (8,8) size 769x5586
      RenderBlock (anonymous) at (0,0) size 769x18
        RenderText {#text} at (0,0) size 349x18
          text run at (0,0) width 349: "This tests font choices and metrics for sans-serif fonts."
      RenderBlock {P} at (0,34) size 769x126
        RenderInline {FONT} at (0,0) size 765x126
          RenderText {#text} at (0,0) size 66x18
            text run at (0,0) width 66: "Helvetica"
          RenderBR {BR} at (65,0) size 1x18
          RenderText {#text} at (0,18) size 765x36
            text run at (0,18) width 765: "  ! \" # $ % & ' ( ) * + , - . / 0 1 2 3 4 5 6 7 8 9 : ; < = > ? @ A B C D E F G H I J K L M N O P Q R S T U V W X"
            text run at (0,36) width 448: "Y Z [ \\ ] ^ _ ` a b c d e f g h i j k l m n o p q r s t u v w x y z { | } >"
          RenderBR {BR} at (447,36) size 1x18
          RenderInline {B} at (0,0) size 762x36
            RenderText {#text} at (0,54) size 762x36
              text run at (0,54) width 762: "  ! \" # $ % & ' ( ) * + , - . / 0 1 2 3 4 5 6 7 8 9 : ; < = > ? @ A B C D E F G H I J K L M N O P Q R S T U V W"
              text run at (0,72) width 494: "X Y Z [ \\ ] ^ _ ` a b c d e f g h i j k l m n o p q r s t u v w x y z { | } > "
          RenderBR {BR} at (493,72) size 1x18
          RenderInline {I} at (0,0) size 765x36
            RenderText {#text} at (0,90) size 765x36
              text run at (0,90) width 765: "  ! \" # $ % & ' ( ) * + , - . / 0 1 2 3 4 5 6 7 8 9 : ; < = > ? @ A B C D E F G H I J K L M N O P Q R S T U V W X"
              text run at (0,108) width 448: "Y Z [ \\ ] ^ _ ` a b c d e f g h i j k l m n o p q r s t u v w x y z { | } >"
          RenderText {#text} at (0,0) size 0x0
        RenderText {#text} at (0,0) size 0x0
      RenderBlock {P} at (0,176) size 769x126
        RenderInline {FONT} at (0,0) size 760x126
          RenderText {#text} at (0,0) size 112x18
            text run at (0,0) width 112: "Lucida Grande"
          RenderBR {BR} at (111,0) size 1x18
          RenderText {#text} at (0,18) size 755x36
            text run at (0,18) width 755: "  ! \" # $ % & ' ( ) * + , - . / 0 1 2 3 4 5 6 7 8 9 : ; < = > ? @ A B C D E F G H I J K L M N O P Q R S T"
            text run at (0,36) width 578: "U V W X Y Z [ \\ ] ^ _ ` a b c d e f g h i j k l m n o p q r s t u v w x y z { | } >"
          RenderBR {BR} at (577,36) size 1x18
          RenderInline {B} at (0,0) size 760x36
            RenderText {#text} at (0,54) size 760x36
              text run at (0,54) width 760: "  ! \" # $ % & ' ( ) * + , - . / 0 1 2 3 4 5 6 7 8 9 : ; < = > ? @ A B C D E F G H I J K L M N O P Q R"
              text run at (0,72) width 647: "S T U V W X Y Z [ \\ ] ^ _ ` a b c d e f g h i j k l m n o p q r s t u v w x y z { | } > "
          RenderBR {BR} at (646,72) size 1x18
          RenderInline {I} at (0,0) size 755x36
            RenderText {#text} at (0,90) size 755x36
              text run at (0,90) width 755: "  ! \" # $ % & ' ( ) * + , - . / 0 1 2 3 4 5 6 7 8 9 : ; < = > ? @ A B C D E F G H I J K L M N O P Q R S T"
              text run at (0,108) width 578: "U V W X Y Z [ \\ ] ^ _ ` a b c d e f g h i j k l m n o p q r s t u v w x y z { | } >"
          RenderText {#text} at (0,0) size 0x0
        RenderText {#text} at (0,0) size 0x0
      RenderBlock {P} at (0,318) size 769x126
        RenderInline {FONT} at (0,0) size 765x125
          RenderText {#text} at (0,0) size 33x17
            text run at (0,0) width 33: "Arial"
          RenderBR {BR} at (32,0) size 1x17
          RenderText {#text} at (0,18) size 765x35
            text run at (0,18) width 765: "  ! \" # $ % & ' ( ) * + , - . / 0 1 2 3 4 5 6 7 8 9 : ; < = > ? @ A B C D E F G H I J K L M N O P Q R S T U V W X"
            text run at (0,36) width 448: "Y Z [ \\ ] ^ _ ` a b c d e f g h i j k l m n o p q r s t u v w x y z { | } >"
          RenderBR {BR} at (447,36) size 1x17
          RenderInline {B} at (0,0) size 762x35
            RenderText {#text} at (0,54) size 762x35
              text run at (0,54) width 762: "  ! \" # $ % & ' ( ) * + , - . / 0 1 2 3 4 5 6 7 8 9 : ; < = > ? @ A B C D E F G H I J K L M N O P Q R S T U V W"
              text run at (0,72) width 494: "X Y Z [ \\ ] ^ _ ` a b c d e f g h i j k l m n o p q r s t u v w x y z { | } > "
          RenderBR {BR} at (493,72) size 1x17
          RenderInline {I} at (0,0) size 765x35
            RenderText {#text} at (0,90) size 765x35
              text run at (0,90) width 765: "  ! \" # $ % & ' ( ) * + , - . / 0 1 2 3 4 5 6 7 8 9 : ; < = > ? @ A B C D E F G H I J K L M N O P Q R S T U V W X"
              text run at (0,108) width 448: "Y Z [ \\ ] ^ _ ` a b c d e f g h i j k l m n o p q r s t u v w x y z { | } >"
          RenderText {#text} at (0,0) size 0x0
          RenderInline {FONT} at (0,0) size 0x17
            RenderText {#text} at (0,0) size 0x0
      RenderBlock {P} at (0,460) size 769x1710
        RenderInline {FONT} at (0,0) size 70x1709
          RenderInline {FONT} at (0,0) size 70x1709
            RenderText {#text} at (0,0) size 0x0
            RenderInline {FONT} at (0,0) size 70x1710
              RenderText {#text} at (0,0) size 70x18
                text run at (0,0) width 70: "sans-serif"
              RenderBR {BR} at (69,0) size 1x18
              RenderText {#text} at (0,18) size 18x18
                text run at (0,18) width 18: "    "
              RenderBR {BR} at (17,18) size 1x18
              RenderText {#text} at (0,36) size 18x18
                text run at (0,36) width 18: "!!!!"
              RenderBR {BR} at (17,36) size 1x18
              RenderText {#text} at (0,54) size 23x18
                text run at (0,54) width 23: "\"\"\"\""
              RenderBR {BR} at (22,54) size 1x18
              RenderText {#text} at (0,72) size 36x18
                text run at (0,72) width 36: "####"
              RenderBR {BR} at (35,72) size 1x18
              RenderText {#text} at (0,90) size 36x18
                text run at (0,90) width 36: "$$$$"
              RenderBR {BR} at (35,90) size 1x18
              RenderText {#text} at (0,108) size 57x18
                text run at (0,108) width 57: "%%%%"
              RenderBR {BR} at (56,108) size 1x18
              RenderText {#text} at (0,126) size 43x18
                text run at (0,126) width 43: "&&&&"
              RenderBR {BR} at (42,126) size 1x18
              RenderText {#text} at (0,144) size 13x18
                text run at (0,144) width 13: "''''"
              RenderBR {BR} at (12,144) size 1x18
              RenderText {#text} at (0,162) size 22x18
                text run at (0,162) width 22: "(((("
              RenderBR {BR} at (21,162) size 1x18
              RenderText {#text} at (0,180) size 22x18
                text run at (0,180) width 22: "))))"
              RenderBR {BR} at (21,180) size 1x18
              RenderText {#text} at (0,198) size 25x18
                text run at (0,198) width 25: "****"
              RenderBR {BR} at (24,198) size 1x18
              RenderText {#text} at (0,216) size 38x18
                text run at (0,216) width 38: "++++"
              RenderBR {BR} at (37,216) size 1x18
              RenderText {#text} at (0,234) size 18x18
                text run at (0,234) width 18: ",,,,"
              RenderBR {BR} at (17,234) size 1x18
              RenderText {#text} at (0,252) size 22x18
                text run at (0,252) width 22: "----"
              RenderBR {BR} at (21,252) size 1x18
              RenderText {#text} at (0,270) size 18x18
                text run at (0,270) width 18: "...."
              RenderBR {BR} at (17,270) size 1x18
              RenderText {#text} at (0,288) size 18x18
                text run at (0,288) width 18: "////"
              RenderBR {BR} at (17,288) size 1x18
              RenderText {#text} at (0,306) size 36x18
                text run at (0,306) width 36: "0000"
              RenderBR {BR} at (35,306) size 1x18
              RenderText {#text} at (0,324) size 33x18
                text run at (0,324) width 33: "1111"
              RenderBR {BR} at (32,324) size 1x18
              RenderText {#text} at (0,342) size 36x18
                text run at (0,342) width 36: "2222"
              RenderBR {BR} at (35,342) size 1x18
              RenderText {#text} at (0,360) size 36x18
                text run at (0,360) width 36: "3333"
              RenderBR {BR} at (35,360) size 1x18
              RenderText {#text} at (0,378) size 36x18
                text run at (0,378) width 36: "4444"
              RenderBR {BR} at (35,378) size 1x18
              RenderText {#text} at (0,396) size 36x18
                text run at (0,396) width 36: "5555"
              RenderBR {BR} at (35,396) size 1x18
              RenderText {#text} at (0,414) size 36x18
                text run at (0,414) width 36: "6666"
              RenderBR {BR} at (35,414) size 1x18
              RenderText {#text} at (0,432) size 36x18
                text run at (0,432) width 36: "7777"
              RenderBR {BR} at (35,432) size 1x18
              RenderText {#text} at (0,450) size 36x18
                text run at (0,450) width 36: "8888"
              RenderBR {BR} at (35,450) size 1x18
              RenderText {#text} at (0,468) size 36x18
                text run at (0,468) width 36: "9999"
              RenderBR {BR} at (35,468) size 1x18
              RenderText {#text} at (0,486) size 18x18
                text run at (0,486) width 18: "::::"
              RenderBR {BR} at (17,486) size 1x18
              RenderText {#text} at (0,504) size 18x18
                text run at (0,504) width 18: ";;;;"
              RenderBR {BR} at (17,504) size 1x18
              RenderText {#text} at (0,522) size 38x18
                text run at (0,522) width 38: "<<<<"
              RenderBR {BR} at (37,522) size 1x18
              RenderText {#text} at (0,540) size 38x18
                text run at (0,540) width 38: "===="
              RenderBR {BR} at (37,540) size 1x18
              RenderText {#text} at (0,558) size 38x18
                text run at (0,558) width 38: ">>>>"
              RenderBR {BR} at (37,558) size 1x18
              RenderText {#text} at (0,576) size 36x18
                text run at (0,576) width 36: "????"
              RenderBR {BR} at (35,576) size 1x18
              RenderText {#text} at (0,594) size 65x18
                text run at (0,594) width 65: "@@@@"
              RenderBR {BR} at (64,594) size 1x18
              RenderText {#text} at (0,612) size 43x18
                text run at (0,612) width 43: "AAAA"
              RenderBR {BR} at (42,612) size 1x18
              RenderText {#text} at (0,630) size 43x18
                text run at (0,630) width 43: "BBBB"
              RenderBR {BR} at (42,630) size 1x18
              RenderText {#text} at (0,648) size 47x18
                text run at (0,648) width 47: "CCCC"
              RenderBR {BR} at (46,648) size 1x18
              RenderText {#text} at (0,666) size 47x18
                text run at (0,666) width 47: "DDDD"
              RenderBR {BR} at (46,666) size 1x18
              RenderText {#text} at (0,684) size 43x18
                text run at (0,684) width 43: "EEEE"
              RenderBR {BR} at (42,684) size 1x18
              RenderText {#text} at (0,702) size 40x18
                text run at (0,702) width 40: "FFFF"
              RenderBR {BR} at (39,702) size 1x18
              RenderText {#text} at (0,720) size 50x18
                text run at (0,720) width 50: "GGGG"
              RenderBR {BR} at (49,720) size 1x18
              RenderText {#text} at (0,738) size 47x18
                text run at (0,738) width 47: "HHHH"
              RenderBR {BR} at (46,738) size 1x18
              RenderText {#text} at (0,756) size 18x18
                text run at (0,756) width 18: "IIII"
              RenderBR {BR} at (17,756) size 1x18
              RenderText {#text} at (0,774) size 32x18
                text run at (0,774) width 32: "JJJJ"
              RenderBR {BR} at (32,774) size 0x18
              RenderText {#text} at (0,792) size 43x18
                text run at (0,792) width 43: "KKKK"
              RenderBR {BR} at (42,792) size 1x18
              RenderText {#text} at (0,810) size 36x18
                text run at (0,810) width 36: "LLLL"
              RenderBR {BR} at (35,810) size 1x18
              RenderText {#text} at (0,828) size 54x18
                text run at (0,828) width 54: "MMMM"
              RenderBR {BR} at (53,828) size 1x18
              RenderText {#text} at (0,846) size 47x18
                text run at (0,846) width 47: "NNNN"
              RenderBR {BR} at (46,846) size 1x18
              RenderText {#text} at (0,864) size 50x18
                text run at (0,864) width 50: "OOOO"
              RenderBR {BR} at (49,864) size 1x18
              RenderText {#text} at (0,882) size 43x18
                text run at (0,882) width 43: "PPPP"
              RenderBR {BR} at (42,882) size 1x18
              RenderText {#text} at (0,900) size 50x18
                text run at (0,900) width 50: "QQQQ"
              RenderBR {BR} at (49,900) size 1x18
              RenderText {#text} at (0,918) size 47x18
                text run at (0,918) width 47: "RRRR"
              RenderBR {BR} at (46,918) size 1x18
              RenderText {#text} at (0,936) size 43x18
                text run at (0,936) width 43: "SSSS"
              RenderBR {BR} at (42,936) size 1x18
              RenderText {#text} at (0,954) size 40x18
                text run at (0,954) width 40: "TTTT"
              RenderBR {BR} at (39,954) size 1x18
              RenderText {#text} at (0,972) size 47x18
                text run at (0,972) width 47: "UUUU"
              RenderBR {BR} at (46,972) size 1x18
              RenderText {#text} at (0,990) size 43x18
                text run at (0,990) width 43: "VVVV"
              RenderBR {BR} at (42,990) size 1x18
              RenderText {#text} at (0,1008) size 61x18
                text run at (0,1008) width 61: "WWWW"
              RenderBR {BR} at (60,1008) size 1x18
              RenderText {#text} at (0,1026) size 43x18
                text run at (0,1026) width 43: "XXXX"
              RenderBR {BR} at (42,1026) size 1x18
              RenderText {#text} at (0,1044) size 43x18
                text run at (0,1044) width 43: "YYYY"
              RenderBR {BR} at (42,1044) size 1x18
              RenderText {#text} at (0,1062) size 40x18
                text run at (0,1062) width 40: "ZZZZ"
              RenderBR {BR} at (39,1062) size 1x18
              RenderText {#text} at (0,1080) size 18x18
                text run at (0,1080) width 18: "[[[["
              RenderBR {BR} at (17,1080) size 1x18
              RenderText {#text} at (0,1098) size 18x18
                text run at (0,1098) width 18: "\\\\\\\\"
              RenderBR {BR} at (17,1098) size 1x18
              RenderText {#text} at (0,1116) size 18x18
                text run at (0,1116) width 18: "]]]]"
              RenderBR {BR} at (17,1116) size 1x18
              RenderText {#text} at (0,1134) size 31x18
                text run at (0,1134) width 31: "^^^^"
              RenderBR {BR} at (30,1134) size 1x18
              RenderText {#text} at (0,1152) size 36x18
                text run at (0,1152) width 36: "____"
              RenderBR {BR} at (35,1152) size 1x18
              RenderText {#text} at (0,1170) size 22x18
                text run at (0,1170) width 22: "````"
              RenderBR {BR} at (21,1170) size 1x18
              RenderText {#text} at (0,1188) size 36x18
                text run at (0,1188) width 36: "aaaa"
              RenderBR {BR} at (35,1188) size 1x18
              RenderText {#text} at (0,1206) size 36x18
                text run at (0,1206) width 36: "bbbb"
              RenderBR {BR} at (35,1206) size 1x18
              RenderText {#text} at (0,1224) size 32x18
                text run at (0,1224) width 32: "cccc"
              RenderBR {BR} at (32,1224) size 0x18
              RenderText {#text} at (0,1242) size 36x18
                text run at (0,1242) width 36: "dddd"
              RenderBR {BR} at (35,1242) size 1x18
              RenderText {#text} at (0,1260) size 36x18
                text run at (0,1260) width 36: "eeee"
              RenderBR {BR} at (35,1260) size 1x18
              RenderText {#text} at (0,1278) size 17x18
                text run at (0,1278) width 17: "ffff"
              RenderBR {BR} at (16,1278) size 1x18
              RenderText {#text} at (0,1296) size 36x18
                text run at (0,1296) width 36: "gggg"
              RenderBR {BR} at (35,1296) size 1x18
              RenderText {#text} at (0,1314) size 36x18
                text run at (0,1314) width 36: "hhhh"
              RenderBR {BR} at (35,1314) size 1x18
              RenderText {#text} at (0,1332) size 15x18
                text run at (0,1332) width 15: "iiii"
              RenderBR {BR} at (14,1332) size 1x18
              RenderText {#text} at (0,1350) size 15x18
                text run at (0,1350) width 15: "jjjj"
              RenderBR {BR} at (14,1350) size 1x18
              RenderText {#text} at (0,1368) size 32x18
                text run at (0,1368) width 32: "kkkk"
              RenderBR {BR} at (32,1368) size 0x18
              RenderText {#text} at (0,1386) size 15x18
                text run at (0,1386) width 15: "llll"
              RenderBR {BR} at (14,1386) size 1x18
              RenderText {#text} at (0,1404) size 54x18
                text run at (0,1404) width 54: "mmmm"
              RenderBR {BR} at (53,1404) size 1x18
              RenderText {#text} at (0,1422) size 36x18
                text run at (0,1422) width 36: "nnnn"
              RenderBR {BR} at (35,1422) size 1x18
              RenderText {#text} at (0,1440) size 36x18
                text run at (0,1440) width 36: "oooo"
              RenderBR {BR} at (35,1440) size 1x18
              RenderText {#text} at (0,1458) size 36x18
                text run at (0,1458) width 36: "pppp"
              RenderBR {BR} at (35,1458) size 1x18
              RenderText {#text} at (0,1476) size 36x18
                text run at (0,1476) width 36: "qqqq"
              RenderBR {BR} at (35,1476) size 1x18
              RenderText {#text} at (0,1494) size 22x18
                text run at (0,1494) width 22: "rrrr"
              RenderBR {BR} at (21,1494) size 1x18
              RenderText {#text} at (0,1512) size 32x18
                text run at (0,1512) width 32: "ssss"
              RenderBR {BR} at (32,1512) size 0x18
              RenderText {#text} at (0,1530) size 18x18
                text run at (0,1530) width 18: "tttt"
              RenderBR {BR} at (17,1530) size 1x18
              RenderText {#text} at (0,1548) size 36x18
                text run at (0,1548) width 36: "uuuu"
              RenderBR {BR} at (35,1548) size 1x18
              RenderText {#text} at (0,1566) size 32x18
                text run at (0,1566) width 32: "vvvv"
              RenderBR {BR} at (32,1566) size 0x18
              RenderText {#text} at (0,1584) size 47x18
                text run at (0,1584) width 47: "wwww"
              RenderBR {BR} at (46,1584) size 1x18
              RenderText {#text} at (0,1602) size 32x18
                text run at (0,1602) width 32: "xxxx"
              RenderBR {BR} at (32,1602) size 0x18
              RenderText {#text} at (0,1620) size 32x18
                text run at (0,1620) width 32: "yyyy"
              RenderBR {BR} at (32,1620) size 0x18
              RenderText {#text} at (0,1638) size 32x18
                text run at (0,1638) width 32: "zzzz"
              RenderBR {BR} at (32,1638) size 0x18
              RenderText {#text} at (0,1656) size 22x18
                text run at (0,1656) width 22: "{{{{"
              RenderBR {BR} at (21,1656) size 1x18
              RenderText {#text} at (0,1674) size 17x18
                text run at (0,1674) width 17: "||||"
              RenderBR {BR} at (16,1674) size 1x18
              RenderText {#text} at (0,1692) size 22x18
                text run at (0,1692) width 22: "}}}}"
              RenderBR {BR} at (21,1692) size 1x18
      RenderBlock {P} at (0,2186) size 769x1692
        RenderInline {FONT} at (0,0) size 63x1691
          RenderInline {FONT} at (0,0) size 63x1691
            RenderInline {FONT} at (0,0) size 63x1692
              RenderText {#text} at (0,0) size 0x0
              RenderInline {B} at (0,0) size 63x1692
                RenderText {#text} at (0,0) size 18x18
                  text run at (0,0) width 18: "    "
                RenderBR {BR} at (17,0) size 1x18
                RenderText {#text} at (0,18) size 22x18
                  text run at (0,18) width 22: "!!!!"
                RenderBR {BR} at (21,18) size 1x18
                RenderText {#text} at (0,36) size 31x18
                  text run at (0,36) width 31: "\"\"\"\""
                RenderBR {BR} at (30,36) size 1x18
                RenderText {#text} at (0,54) size 36x18
                  text run at (0,54) width 36: "####"
                RenderBR {BR} at (35,54) size 1x18
                RenderText {#text} at (0,72) size 36x18
                  text run at (0,72) width 36: "$$$$"
                RenderBR {BR} at (35,72) size 1x18
                RenderText {#text} at (0,90) size 57x18
                  text run at (0,90) width 57: "%%%%"
                RenderBR {BR} at (56,90) size 1x18
                RenderText {#text} at (0,108) size 47x18
                  text run at (0,108) width 47: "&&&&"
                RenderBR {BR} at (46,108) size 1x18
                RenderText {#text} at (0,126) size 16x18
                  text run at (0,126) width 16: "''''"
                RenderBR {BR} at (15,126) size 1x18
                RenderText {#text} at (0,144) size 22x18
                  text run at (0,144) width 22: "(((("
                RenderBR {BR} at (21,144) size 1x18
                RenderText {#text} at (0,162) size 22x18
                  text run at (0,162) width 22: "))))"
                RenderBR {BR} at (21,162) size 1x18
                RenderText {#text} at (0,180) size 25x18
                  text run at (0,180) width 25: "****"
                RenderBR {BR} at (24,180) size 1x18
                RenderText {#text} at (0,198) size 38x18
                  text run at (0,198) width 38: "++++"
                RenderBR {BR} at (37,198) size 1x18
                RenderText {#text} at (0,216) size 18x18
                  text run at (0,216) width 18: ",,,,"
                RenderBR {BR} at (17,216) size 1x18
                RenderText {#text} at (0,234) size 22x18
                  text run at (0,234) width 22: "----"
                RenderBR {BR} at (21,234) size 1x18
                RenderText {#text} at (0,252) size 18x18
                  text run at (0,252) width 18: "...."
                RenderBR {BR} at (17,252) size 1x18
                RenderText {#text} at (0,270) size 18x18
                  text run at (0,270) width 18: "////"
                RenderBR {BR} at (17,270) size 1x18
                RenderText {#text} at (0,288) size 36x18
                  text run at (0,288) width 36: "0000"
                RenderBR {BR} at (35,288) size 1x18
                RenderText {#text} at (0,306) size 33x18
                  text run at (0,306) width 33: "1111"
                RenderBR {BR} at (32,306) size 1x18
                RenderText {#text} at (0,324) size 36x18
                  text run at (0,324) width 36: "2222"
                RenderBR {BR} at (35,324) size 1x18
                RenderText {#text} at (0,342) size 36x18
                  text run at (0,342) width 36: "3333"
                RenderBR {BR} at (35,342) size 1x18
                RenderText {#text} at (0,360) size 36x18
                  text run at (0,360) width 36: "4444"
                RenderBR {BR} at (35,360) size 1x18
                RenderText {#text} at (0,378) size 36x18
                  text run at (0,378) width 36: "5555"
                RenderBR {BR} at (35,378) size 1x18
                RenderText {#text} at (0,396) size 36x18
                  text run at (0,396) width 36: "6666"
                RenderBR {BR} at (35,396) size 1x18
                RenderText {#text} at (0,414) size 36x18
                  text run at (0,414) width 36: "7777"
                RenderBR {BR} at (35,414) size 1x18
                RenderText {#text} at (0,432) size 36x18
                  text run at (0,432) width 36: "8888"
                RenderBR {BR} at (35,432) size 1x18
                RenderText {#text} at (0,450) size 36x18
                  text run at (0,450) width 36: "9999"
                RenderBR {BR} at (35,450) size 1x18
                RenderText {#text} at (0,468) size 22x18
                  text run at (0,468) width 22: "::::"
                RenderBR {BR} at (21,468) size 1x18
                RenderText {#text} at (0,486) size 22x18
                  text run at (0,486) width 22: ";;;;"
                RenderBR {BR} at (21,486) size 1x18
                RenderText {#text} at (0,504) size 38x18
                  text run at (0,504) width 38: "<<<<"
                RenderBR {BR} at (37,504) size 1x18
                RenderText {#text} at (0,522) size 38x18
                  text run at (0,522) width 38: "===="
                RenderBR {BR} at (37,522) size 1x18
                RenderText {#text} at (0,540) size 38x18
                  text run at (0,540) width 38: ">>>>"
                RenderBR {BR} at (37,540) size 1x18
                RenderText {#text} at (0,558) size 40x18
                  text run at (0,558) width 40: "????"
                RenderBR {BR} at (39,558) size 1x18
                RenderText {#text} at (0,576) size 63x18
                  text run at (0,576) width 63: "@@@@"
                RenderBR {BR} at (62,576) size 1x18
                RenderText {#text} at (0,594) size 47x18
                  text run at (0,594) width 47: "AAAA"
                RenderBR {BR} at (46,594) size 1x18
                RenderText {#text} at (0,612) size 47x18
                  text run at (0,612) width 47: "BBBB"
                RenderBR {BR} at (46,612) size 1x18
                RenderText {#text} at (0,630) size 47x18
                  text run at (0,630) width 47: "CCCC"
                RenderBR {BR} at (46,630) size 1x18
                RenderText {#text} at (0,648) size 47x18
                  text run at (0,648) width 47: "DDDD"
                RenderBR {BR} at (46,648) size 1x18
                RenderText {#text} at (0,666) size 43x18
                  text run at (0,666) width 43: "EEEE"
                RenderBR {BR} at (42,666) size 1x18
                RenderText {#text} at (0,684) size 40x18
                  text run at (0,684) width 40: "FFFF"
                RenderBR {BR} at (39,684) size 1x18
                RenderText {#text} at (0,702) size 50x18
                  text run at (0,702) width 50: "GGGG"
                RenderBR {BR} at (49,702) size 1x18
                RenderText {#text} at (0,720) size 47x18
                  text run at (0,720) width 47: "HHHH"
                RenderBR {BR} at (46,720) size 1x18
                RenderText {#text} at (0,738) size 18x18
                  text run at (0,738) width 18: "IIII"
                RenderBR {BR} at (17,738) size 1x18
                RenderText {#text} at (0,756) size 36x18
                  text run at (0,756) width 36: "JJJJ"
                RenderBR {BR} at (35,756) size 1x18
                RenderText {#text} at (0,774) size 47x18
                  text run at (0,774) width 47: "KKKK"
                RenderBR {BR} at (46,774) size 1x18
                RenderText {#text} at (0,792) size 40x18
                  text run at (0,792) width 40: "LLLL"
                RenderBR {BR} at (39,792) size 1x18
                RenderText {#text} at (0,810) size 54x18
                  text run at (0,810) width 54: "MMMM"
                RenderBR {BR} at (53,810) size 1x18
                RenderText {#text} at (0,828) size 47x18
                  text run at (0,828) width 47: "NNNN"
                RenderBR {BR} at (46,828) size 1x18
                RenderText {#text} at (0,846) size 50x18
                  text run at (0,846) width 50: "OOOO"
                RenderBR {BR} at (49,846) size 1x18
                RenderText {#text} at (0,864) size 43x18
                  text run at (0,864) width 43: "PPPP"
                RenderBR {BR} at (42,864) size 1x18
                RenderText {#text} at (0,882) size 50x18
                  text run at (0,882) width 50: "QQQQ"
                RenderBR {BR} at (49,882) size 1x18
                RenderText {#text} at (0,900) size 47x18
                  text run at (0,900) width 47: "RRRR"
                RenderBR {BR} at (46,900) size 1x18
                RenderText {#text} at (0,918) size 43x18
                  text run at (0,918) width 43: "SSSS"
                RenderBR {BR} at (42,918) size 1x18
                RenderText {#text} at (0,936) size 40x18
                  text run at (0,936) width 40: "TTTT"
                RenderBR {BR} at (39,936) size 1x18
                RenderText {#text} at (0,954) size 47x18
                  text run at (0,954) width 47: "UUUU"
                RenderBR {BR} at (46,954) size 1x18
                RenderText {#text} at (0,972) size 43x18
                  text run at (0,972) width 43: "VVVV"
                RenderBR {BR} at (42,972) size 1x18
                RenderText {#text} at (0,990) size 61x18
                  text run at (0,990) width 61: "WWWW"
                RenderBR {BR} at (60,990) size 1x18
                RenderText {#text} at (0,1008) size 43x18
                  text run at (0,1008) width 43: "XXXX"
                RenderBR {BR} at (42,1008) size 1x18
                RenderText {#text} at (0,1026) size 43x18
                  text run at (0,1026) width 43: "YYYY"
                RenderBR {BR} at (42,1026) size 1x18
                RenderText {#text} at (0,1044) size 40x18
                  text run at (0,1044) width 40: "ZZZZ"
                RenderBR {BR} at (39,1044) size 1x18
                RenderText {#text} at (0,1062) size 22x18
                  text run at (0,1062) width 22: "[[[["
                RenderBR {BR} at (21,1062) size 1x18
                RenderText {#text} at (0,1080) size 18x18
                  text run at (0,1080) width 18: "\\\\\\\\"
                RenderBR {BR} at (17,1080) size 1x18
                RenderText {#text} at (0,1098) size 22x18
                  text run at (0,1098) width 22: "]]]]"
                RenderBR {BR} at (21,1098) size 1x18
                RenderText {#text} at (0,1116) size 38x18
                  text run at (0,1116) width 38: "^^^^"
                RenderBR {BR} at (37,1116) size 1x18
                RenderText {#text} at (0,1134) size 36x18
                  text run at (0,1134) width 36: "____"
                RenderBR {BR} at (35,1134) size 1x18
                RenderText {#text} at (0,1152) size 22x18
                  text run at (0,1152) width 22: "````"
                RenderBR {BR} at (21,1152) size 1x18
                RenderText {#text} at (0,1170) size 36x18
                  text run at (0,1170) width 36: "aaaa"
                RenderBR {BR} at (35,1170) size 1x18
                RenderText {#text} at (0,1188) size 40x18
                  text run at (0,1188) width 40: "bbbb"
                RenderBR {BR} at (39,1188) size 1x18
                RenderText {#text} at (0,1206) size 36x18
                  text run at (0,1206) width 36: "cccc"
                RenderBR {BR} at (35,1206) size 1x18
                RenderText {#text} at (0,1224) size 40x18
                  text run at (0,1224) width 40: "dddd"
                RenderBR {BR} at (39,1224) size 1x18
                RenderText {#text} at (0,1242) size 36x18
                  text run at (0,1242) width 36: "eeee"
                RenderBR {BR} at (35,1242) size 1x18
                RenderText {#text} at (0,1260) size 22x18
                  text run at (0,1260) width 22: "ffff"
                RenderBR {BR} at (21,1260) size 1x18
                RenderText {#text} at (0,1278) size 40x18
                  text run at (0,1278) width 40: "gggg"
                RenderBR {BR} at (39,1278) size 1x18
                RenderText {#text} at (0,1296) size 40x18
                  text run at (0,1296) width 40: "hhhh"
                RenderBR {BR} at (39,1296) size 1x18
                RenderText {#text} at (0,1314) size 18x18
                  text run at (0,1314) width 18: "iiii"
                RenderBR {BR} at (17,1314) size 1x18
                RenderText {#text} at (0,1332) size 18x18
                  text run at (0,1332) width 18: "jjjj"
                RenderBR {BR} at (17,1332) size 1x18
                RenderText {#text} at (0,1350) size 36x18
                  text run at (0,1350) width 36: "kkkk"
                RenderBR {BR} at (35,1350) size 1x18
                RenderText {#text} at (0,1368) size 18x18
                  text run at (0,1368) width 18: "llll"
                RenderBR {BR} at (17,1368) size 1x18
                RenderText {#text} at (0,1386) size 57x18
                  text run at (0,1386) width 57: "mmmm"
                RenderBR {BR} at (56,1386) size 1x18
                RenderText {#text} at (0,1404) size 40x18
                  text run at (0,1404) width 40: "nnnn"
                RenderBR {BR} at (39,1404) size 1x18
                RenderText {#text} at (0,1422) size 40x18
                  text run at (0,1422) width 40: "oooo"
                RenderBR {BR} at (39,1422) size 1x18
                RenderText {#text} at (0,1440) size 40x18
                  text run at (0,1440) width 40: "pppp"
                RenderBR {BR} at (39,1440) size 1x18
                RenderText {#text} at (0,1458) size 40x18
                  text run at (0,1458) width 40: "qqqq"
                RenderBR {BR} at (39,1458) size 1x18
                RenderText {#text} at (0,1476) size 25x18
                  text run at (0,1476) width 25: "rrrr"
                RenderBR {BR} at (24,1476) size 1x18
                RenderText {#text} at (0,1494) size 36x18
                  text run at (0,1494) width 36: "ssss"
                RenderBR {BR} at (35,1494) size 1x18
                RenderText {#text} at (0,1512) size 22x18
                  text run at (0,1512) width 22: "tttt"
                RenderBR {BR} at (21,1512) size 1x18
                RenderText {#text} at (0,1530) size 40x18
                  text run at (0,1530) width 40: "uuuu"
                RenderBR {BR} at (39,1530) size 1x18
                RenderText {#text} at (0,1548) size 36x18
                  text run at (0,1548) width 36: "vvvv"
                RenderBR {BR} at (35,1548) size 1x18
                RenderText {#text} at (0,1566) size 50x18
                  text run at (0,1566) width 50: "wwww"
                RenderBR {BR} at (49,1566) size 1x18
                RenderText {#text} at (0,1584) size 36x18
                  text run at (0,1584) width 36: "xxxx"
                RenderBR {BR} at (35,1584) size 1x18
                RenderText {#text} at (0,1602) size 36x18
                  text run at (0,1602) width 36: "yyyy"
                RenderBR {BR} at (35,1602) size 1x18
                RenderText {#text} at (0,1620) size 32x18
                  text run at (0,1620) width 32: "zzzz"
                RenderBR {BR} at (32,1620) size 0x18
                RenderText {#text} at (0,1638) size 25x18
                  text run at (0,1638) width 25: "{{{{"
                RenderBR {BR} at (24,1638) size 1x18
                RenderText {#text} at (0,1656) size 18x18
                  text run at (0,1656) width 18: "||||"
                RenderBR {BR} at (17,1656) size 1x18
                RenderText {#text} at (0,1674) size 25x18
                  text run at (0,1674) width 25: "}}}}"
                RenderBR {BR} at (24,1674) size 1x18
              RenderText {#text} at (0,0) size 0x0
      RenderBlock {P} at (0,3894) size 769x1692
        RenderInline {FONT} at (0,0) size 65x1691
          RenderInline {FONT} at (0,0) size 65x1691
            RenderInline {FONT} at (0,0) size 65x1692
              RenderText {#text} at (0,0) size 0x0
              RenderInline {I} at (0,0) size 65x1692
                RenderText {#text} at (0,0) size 18x18
                  text run at (0,0) width 18: "    "
                RenderBR {BR} at (17,0) size 1x18
                RenderText {#text} at (0,18) size 18x18
                  text run at (0,18) width 18: "!!!!"
                RenderBR {BR} at (17,18) size 1x18
                RenderText {#text} at (0,36) size 23x18
                  text run at (0,36) width 23: "\"\"\"\""
                RenderBR {BR} at (22,36) size 1x18
                RenderText {#text} at (0,54) size 36x18
                  text run at (0,54) width 36: "####"
                RenderBR {BR} at (35,54) size 1x18
                RenderText {#text} at (0,72) size 36x18
                  text run at (0,72) width 36: "$$$$"
                RenderBR {BR} at (35,72) size 1x18
                RenderText {#text} at (0,90) size 57x18
                  text run at (0,90) width 57: "%%%%"
                RenderBR {BR} at (56,90) size 1x18
                RenderText {#text} at (0,108) size 43x18
                  text run at (0,108) width 43: "&&&&"
                RenderBR {BR} at (42,108) size 1x18
                RenderText {#text} at (0,126) size 13x18
                  text run at (0,126) width 13: "''''"
                RenderBR {BR} at (12,126) size 1x18
                RenderText {#text} at (0,144) size 22x18
                  text run at (0,144) width 22: "(((("
                RenderBR {BR} at (21,144) size 1x18
                RenderText {#text} at (0,162) size 22x18
                  text run at (0,162) width 22: "))))"
                RenderBR {BR} at (21,162) size 1x18
                RenderText {#text} at (0,180) size 25x18
                  text run at (0,180) width 25: "****"
                RenderBR {BR} at (24,180) size 1x18
                RenderText {#text} at (0,198) size 38x18
                  text run at (0,198) width 38: "++++"
                RenderBR {BR} at (37,198) size 1x18
                RenderText {#text} at (0,216) size 18x18
                  text run at (0,216) width 18: ",,,,"
                RenderBR {BR} at (17,216) size 1x18
                RenderText {#text} at (0,234) size 22x18
                  text run at (0,234) width 22: "----"
                RenderBR {BR} at (21,234) size 1x18
                RenderText {#text} at (0,252) size 18x18
                  text run at (0,252) width 18: "...."
                RenderBR {BR} at (17,252) size 1x18
                RenderText {#text} at (0,270) size 18x18
                  text run at (0,270) width 18: "////"
                RenderBR {BR} at (17,270) size 1x18
                RenderText {#text} at (0,288) size 36x18
                  text run at (0,288) width 36: "0000"
                RenderBR {BR} at (35,288) size 1x18
                RenderText {#text} at (0,306) size 33x18
                  text run at (0,306) width 33: "1111"
                RenderBR {BR} at (32,306) size 1x18
                RenderText {#text} at (0,324) size 36x18
                  text run at (0,324) width 36: "2222"
                RenderBR {BR} at (35,324) size 1x18
                RenderText {#text} at (0,342) size 36x18
                  text run at (0,342) width 36: "3333"
                RenderBR {BR} at (35,342) size 1x18
                RenderText {#text} at (0,360) size 36x18
                  text run at (0,360) width 36: "4444"
                RenderBR {BR} at (35,360) size 1x18
                RenderText {#text} at (0,378) size 36x18
                  text run at (0,378) width 36: "5555"
                RenderBR {BR} at (35,378) size 1x18
                RenderText {#text} at (0,396) size 36x18
                  text run at (0,396) width 36: "6666"
                RenderBR {BR} at (35,396) size 1x18
                RenderText {#text} at (0,414) size 36x18
                  text run at (0,414) width 36: "7777"
                RenderBR {BR} at (35,414) size 1x18
                RenderText {#text} at (0,432) size 36x18
                  text run at (0,432) width 36: "8888"
                RenderBR {BR} at (35,432) size 1x18
                RenderText {#text} at (0,450) size 36x18
                  text run at (0,450) width 36: "9999"
                RenderBR {BR} at (35,450) size 1x18
                RenderText {#text} at (0,468) size 18x18
                  text run at (0,468) width 18: "::::"
                RenderBR {BR} at (17,468) size 1x18
                RenderText {#text} at (0,486) size 18x18
                  text run at (0,486) width 18: ";;;;"
                RenderBR {BR} at (17,486) size 1x18
                RenderText {#text} at (0,504) size 38x18
                  text run at (0,504) width 38: "<<<<"
                RenderBR {BR} at (37,504) size 1x18
                RenderText {#text} at (0,522) size 38x18
                  text run at (0,522) width 38: "===="
                RenderBR {BR} at (37,522) size 1x18
                RenderText {#text} at (0,540) size 38x18
                  text run at (0,540) width 38: ">>>>"
                RenderBR {BR} at (37,540) size 1x18
                RenderText {#text} at (0,558) size 36x18
                  text run at (0,558) width 36: "????"
                RenderBR {BR} at (35,558) size 1x18
                RenderText {#text} at (0,576) size 65x18
                  text run at (0,576) width 65: "@@@@"
                RenderBR {BR} at (64,576) size 1x18
                RenderText {#text} at (0,594) size 43x18
                  text run at (0,594) width 43: "AAAA"
                RenderBR {BR} at (42,594) size 1x18
                RenderText {#text} at (0,612) size 43x18
                  text run at (0,612) width 43: "BBBB"
                RenderBR {BR} at (42,612) size 1x18
                RenderText {#text} at (0,630) size 47x18
                  text run at (0,630) width 47: "CCCC"
                RenderBR {BR} at (46,630) size 1x18
                RenderText {#text} at (0,648) size 47x18
                  text run at (0,648) width 47: "DDDD"
                RenderBR {BR} at (46,648) size 1x18
                RenderText {#text} at (0,666) size 43x18
                  text run at (0,666) width 43: "EEEE"
                RenderBR {BR} at (42,666) size 1x18
                RenderText {#text} at (0,684) size 40x18
                  text run at (0,684) width 40: "FFFF"
                RenderBR {BR} at (39,684) size 1x18
                RenderText {#text} at (0,702) size 50x18
                  text run at (0,702) width 50: "GGGG"
                RenderBR {BR} at (49,702) size 1x18
                RenderText {#text} at (0,720) size 47x18
                  text run at (0,720) width 47: "HHHH"
                RenderBR {BR} at (46,720) size 1x18
                RenderText {#text} at (0,738) size 18x18
                  text run at (0,738) width 18: "IIII"
                RenderBR {BR} at (17,738) size 1x18
                RenderText {#text} at (0,756) size 32x18
                  text run at (0,756) width 32: "JJJJ"
                RenderBR {BR} at (32,756) size 0x18
                RenderText {#text} at (0,774) size 43x18
                  text run at (0,774) width 43: "KKKK"
                RenderBR {BR} at (42,774) size 1x18
                RenderText {#text} at (0,792) size 36x18
                  text run at (0,792) width 36: "LLLL"
                RenderBR {BR} at (35,792) size 1x18
                RenderText {#text} at (0,810) size 54x18
                  text run at (0,810) width 54: "MMMM"
                RenderBR {BR} at (53,810) size 1x18
                RenderText {#text} at (0,828) size 47x18
                  text run at (0,828) width 47: "NNNN"
                RenderBR {BR} at (46,828) size 1x18
                RenderText {#text} at (0,846) size 50x18
                  text run at (0,846) width 50: "OOOO"
                RenderBR {BR} at (49,846) size 1x18
                RenderText {#text} at (0,864) size 43x18
                  text run at (0,864) width 43: "PPPP"
                RenderBR {BR} at (42,864) size 1x18
                RenderText {#text} at (0,882) size 50x18
                  text run at (0,882) width 50: "QQQQ"
                RenderBR {BR} at (49,882) size 1x18
                RenderText {#text} at (0,900) size 47x18
                  text run at (0,900) width 47: "RRRR"
                RenderBR {BR} at (46,900) size 1x18
                RenderText {#text} at (0,918) size 43x18
                  text run at (0,918) width 43: "SSSS"
                RenderBR {BR} at (42,918) size 1x18
                RenderText {#text} at (0,936) size 40x18
                  text run at (0,936) width 40: "TTTT"
                RenderBR {BR} at (39,936) size 1x18
                RenderText {#text} at (0,954) size 47x18
                  text run at (0,954) width 47: "UUUU"
                RenderBR {BR} at (46,954) size 1x18
                RenderText {#text} at (0,972) size 43x18
                  text run at (0,972) width 43: "VVVV"
                RenderBR {BR} at (42,972) size 1x18
                RenderText {#text} at (0,990) size 61x18
                  text run at (0,990) width 61: "WWWW"
                RenderBR {BR} at (60,990) size 1x18
                RenderText {#text} at (0,1008) size 43x18
                  text run at (0,1008) width 43: "XXXX"
                RenderBR {BR} at (42,1008) size 1x18
                RenderText {#text} at (0,1026) size 43x18
                  text run at (0,1026) width 43: "YYYY"
                RenderBR {BR} at (42,1026) size 1x18
                RenderText {#text} at (0,1044) size 40x18
                  text run at (0,1044) width 40: "ZZZZ"
                RenderBR {BR} at (39,1044) size 1x18
                RenderText {#text} at (0,1062) size 18x18
                  text run at (0,1062) width 18: "[[[["
                RenderBR {BR} at (17,1062) size 1x18
                RenderText {#text} at (0,1080) size 18x18
                  text run at (0,1080) width 18: "\\\\\\\\"
                RenderBR {BR} at (17,1080) size 1x18
                RenderText {#text} at (0,1098) size 18x18
                  text run at (0,1098) width 18: "]]]]"
                RenderBR {BR} at (17,1098) size 1x18
                RenderText {#text} at (0,1116) size 31x18
                  text run at (0,1116) width 31: "^^^^"
                RenderBR {BR} at (30,1116) size 1x18
                RenderText {#text} at (0,1134) size 36x18
                  text run at (0,1134) width 36: "____"
                RenderBR {BR} at (35,1134) size 1x18
                RenderText {#text} at (0,1152) size 22x18
                  text run at (0,1152) width 22: "````"
                RenderBR {BR} at (21,1152) size 1x18
                RenderText {#text} at (0,1170) size 36x18
                  text run at (0,1170) width 36: "aaaa"
                RenderBR {BR} at (35,1170) size 1x18
                RenderText {#text} at (0,1188) size 36x18
                  text run at (0,1188) width 36: "bbbb"
                RenderBR {BR} at (35,1188) size 1x18
                RenderText {#text} at (0,1206) size 32x18
                  text run at (0,1206) width 32: "cccc"
                RenderBR {BR} at (32,1206) size 0x18
                RenderText {#text} at (0,1224) size 36x18
                  text run at (0,1224) width 36: "dddd"
                RenderBR {BR} at (35,1224) size 1x18
                RenderText {#text} at (0,1242) size 36x18
                  text run at (0,1242) width 36: "eeee"
                RenderBR {BR} at (35,1242) size 1x18
                RenderText {#text} at (0,1260) size 17x18
                  text run at (0,1260) width 17: "ffff"
                RenderBR {BR} at (16,1260) size 1x18
                RenderText {#text} at (0,1278) size 36x18
                  text run at (0,1278) width 36: "gggg"
                RenderBR {BR} at (35,1278) size 1x18
                RenderText {#text} at (0,1296) size 36x18
                  text run at (0,1296) width 36: "hhhh"
                RenderBR {BR} at (35,1296) size 1x18
                RenderText {#text} at (0,1314) size 15x18
                  text run at (0,1314) width 15: "iiii"
                RenderBR {BR} at (14,1314) size 1x18
                RenderText {#text} at (0,1332) size 15x18
                  text run at (0,1332) width 15: "jjjj"
                RenderBR {BR} at (14,1332) size 1x18
                RenderText {#text} at (0,1350) size 32x18
                  text run at (0,1350) width 32: "kkkk"
                RenderBR {BR} at (32,1350) size 0x18
                RenderText {#text} at (0,1368) size 15x18
                  text run at (0,1368) width 15: "llll"
                RenderBR {BR} at (14,1368) size 1x18
                RenderText {#text} at (0,1386) size 54x18
                  text run at (0,1386) width 54: "mmmm"
                RenderBR {BR} at (53,1386) size 1x18
                RenderText {#text} at (0,1404) size 36x18
                  text run at (0,1404) width 36: "nnnn"
                RenderBR {BR} at (35,1404) size 1x18
                RenderText {#text} at (0,1422) size 36x18
                  text run at (0,1422) width 36: "oooo"
                RenderBR {BR} at (35,1422) size 1x18
                RenderText {#text} at (0,1440) size 36x18
                  text run at (0,1440) width 36: "pppp"
                RenderBR {BR} at (35,1440) size 1x18
                RenderText {#text} at (0,1458) size 36x18
                  text run at (0,1458) width 36: "qqqq"
                RenderBR {BR} at (35,1458) size 1x18
                RenderText {#text} at (0,1476) size 22x18
                  text run at (0,1476) width 22: "rrrr"
                RenderBR {BR} at (21,1476) size 1x18
                RenderText {#text} at (0,1494) size 32x18
                  text run at (0,1494) width 32: "ssss"
                RenderBR {BR} at (32,1494) size 0x18
                RenderText {#text} at (0,1512) size 18x18
                  text run at (0,1512) width 18: "tttt"
                RenderBR {BR} at (17,1512) size 1x18
                RenderText {#text} at (0,1530) size 36x18
                  text run at (0,1530) width 36: "uuuu"
                RenderBR {BR} at (35,1530) size 1x18
                RenderText {#text} at (0,1548) size 32x18
                  text run at (0,1548) width 32: "vvvv"
                RenderBR {BR} at (32,1548) size 0x18
                RenderText {#text} at (0,1566) size 47x18
                  text run at (0,1566) width 47: "wwww"
                RenderBR {BR} at (46,1566) size 1x18
                RenderText {#text} at (0,1584) size 32x18
                  text run at (0,1584) width 32: "xxxx"
                RenderBR {BR} at (32,1584) size 0x18
                RenderText {#text} at (0,1602) size 32x18
                  text run at (0,1602) width 32: "yyyy"
                RenderBR {BR} at (32,1602) size 0x18
                RenderText {#text} at (0,1620) size 32x18
                  text run at (0,1620) width 32: "zzzz"
                RenderBR {BR} at (32,1620) size 0x18
                RenderText {#text} at (0,1638) size 22x18
                  text run at (0,1638) width 22: "{{{{"
                RenderBR {BR} at (21,1638) size 1x18
                RenderText {#text} at (0,1656) size 17x18
                  text run at (0,1656) width 17: "||||"
                RenderBR {BR} at (16,1656) size 1x18
                RenderText {#text} at (0,1674) size 22x18
                  text run at (0,1674) width 22: "}}}}"
                RenderBR {BR} at (21,1674) size 1x18
              RenderText {#text} at (0,0) size 0x0
            RenderText {#text} at (0,0) size 0x0
