layer at (0,0) size 785x5468
  RenderView at (0,0) size 785x600
layer at (0,0) size 785x5468
  RenderBlock {HTML} at (0,0) size 785x5468
    RenderBody {BODY} at (8,8) size 769x5444
      RenderBlock (anonymous) at (0,0) size 769x18
        RenderText {#text} at (0,0) size 316x18
          text run at (0,0) width 316: "This tests font choices and metrics for serif fonts."
      RenderBlock {P} at (0,34) size 769x126
        RenderInline {FONT} at (0,0) size 768x125
          RenderText {#text} at (0,0) size 124x17
            text run at (0,0) width 124: "Times New Roman"
          RenderBR {BR} at (123,0) size 1x17
          RenderText {#text} at (0,18) size 768x35
            text run at (0,18) width 768: "  ! \" # $ % & ' ( ) * + , - . / 0 1 2 3 4 5 6 7 8 9 : ; < = > ? @ A B C D E F G H I J K L M N O P Q R S T U V W X Y Z [ \\"
            text run at (0,36) width 377: "] ^ _ ` a b c d e f g h i j k l m n o p q r s t u v w x y z { | } >"
          RenderBR {BR} at (376,36) size 1x17
          RenderInline {B} at (0,0) size 761x35
            RenderText {#text} at (0,54) size 761x35
              text run at (0,54) width 761: "  ! \" # $ % & ' ( ) * + , - . / 0 1 2 3 4 5 6 7 8 9 : ; < = > ? @ A B C D E F G H I J K L M N O P Q R S T U V W X Y"
              text run at (0,72) width 425: "Z [ \\ ] ^ _ ` a b c d e f g h i j k l m n o p q r s t u v w x y z { | } > "
          RenderBR {BR} at (424,72) size 1x17
          RenderInline {I} at (0,0) size 766x35
            RenderText {#text} at (0,90) size 766x35
              text run at (0,90) width 766: "  ! \" # $ % & ' ( ) * + , - . / 0 1 2 3 4 5 6 7 8 9 : ; < = > ? @ A B C D E F G H I J K L M N O P Q R S T U V W X Y Z [ \\"
              text run at (0,108) width 373: "] ^ _ ` a b c d e f g h i j k l m n o p q r s t u v w x y z { | } >"
          RenderText {#text} at (0,0) size 0x0
        RenderText {#text} at (0,0) size 0x0
      RenderBlock {P} at (0,176) size 769x126
        RenderInline {FONT} at (0,0) size 768x126
          RenderText {#text} at (0,0) size 40x18
            text run at (0,0) width 40: "Times"
          RenderBR {BR} at (39,0) size 1x18
          RenderText {#text} at (0,18) size 768x36
            text run at (0,18) width 768: "  ! \" # $ % & ' ( ) * + , - . / 0 1 2 3 4 5 6 7 8 9 : ; < = > ? @ A B C D E F G H I J K L M N O P Q R S T U V W X Y Z [ \\"
            text run at (0,36) width 377: "] ^ _ ` a b c d e f g h i j k l m n o p q r s t u v w x y z { | } >"
          RenderBR {BR} at (376,36) size 1x18
          RenderInline {B} at (0,0) size 761x36
            RenderText {#text} at (0,54) size 761x36
              text run at (0,54) width 761: "  ! \" # $ % & ' ( ) * + , - . / 0 1 2 3 4 5 6 7 8 9 : ; < = > ? @ A B C D E F G H I J K L M N O P Q R S T U V W X Y"
              text run at (0,72) width 425: "Z [ \\ ] ^ _ ` a b c d e f g h i j k l m n o p q r s t u v w x y z { | } > "
          RenderBR {BR} at (424,72) size 1x18
          RenderInline {I} at (0,0) size 766x36
            RenderText {#text} at (0,90) size 766x36
              text run at (0,90) width 766: "  ! \" # $ % & ' ( ) * + , - . / 0 1 2 3 4 5 6 7 8 9 : ; < = > ? @ A B C D E F G H I J K L M N O P Q R S T U V W X Y Z [ \\"
              text run at (0,108) width 373: "] ^ _ ` a b c d e f g h i j k l m n o p q r s t u v w x y z { | } >"
          RenderText {#text} at (0,0) size 0x0
          RenderInline {FONT} at (0,0) size 0x18
            RenderText {#text} at (0,0) size 0x0
      RenderBlock {P} at (0,318) size 769x1710
        RenderInline {FONT} at (0,0) size 61x1710
          RenderInline {FONT} at (0,0) size 61x1710
            RenderText {#text} at (0,0) size 0x0
            RenderInline {FONT} at (0,0) size 61x1710
              RenderText {#text} at (0,0) size 29x18
                text run at (0,0) width 29: "serif"
              RenderBR {BR} at (28,0) size 1x18
              RenderText {#text} at (0,18) size 16x18
                text run at (0,18) width 16: "    "
              RenderBR {BR} at (16,18) size 0x18
              RenderText {#text} at (0,36) size 22x18
                text run at (0,36) width 22: "!!!!"
              RenderBR {BR} at (21,36) size 1x18
              RenderText {#text} at (0,54) size 27x18
                text run at (0,54) width 27: "\"\"\"\""
              RenderBR {BR} at (26,54) size 1x18
              RenderText {#text} at (0,72) size 32x18
                text run at (0,72) width 32: "####"
              RenderBR {BR} at (32,72) size 0x18
              RenderText {#text} at (0,90) size 32x18
                text run at (0,90) width 32: "$$$$"
              RenderBR {BR} at (32,90) size 0x18
              RenderText {#text} at (0,108) size 54x18
                text run at (0,108) width 54: "%%%%"
              RenderBR {BR} at (53,108) size 1x18
              RenderText {#text} at (0,126) size 50x18
                text run at (0,126) width 50: "&&&&"
              RenderBR {BR} at (49,126) size 1x18
              RenderText {#text} at (0,144) size 12x18
                text run at (0,144) width 12: "''''"
              RenderBR {BR} at (11,144) size 1x18
              RenderText {#text} at (0,162) size 22x18
                text run at (0,162) width 22: "(((("
              RenderBR {BR} at (21,162) size 1x18
              RenderText {#text} at (0,180) size 22x18
                text run at (0,180) width 22: "))))"
              RenderBR {BR} at (21,180) size 1x18
              RenderText {#text} at (0,198) size 32x18
                text run at (0,198) width 32: "****"
              RenderBR {BR} at (32,198) size 0x18
              RenderText {#text} at (0,216) size 37x18
                text run at (0,216) width 37: "++++"
              RenderBR {BR} at (36,216) size 1x18
              RenderText {#text} at (0,234) size 16x18
                text run at (0,234) width 16: ",,,,"
              RenderBR {BR} at (16,234) size 0x18
              RenderText {#text} at (0,252) size 22x18
                text run at (0,252) width 22: "----"
              RenderBR {BR} at (21,252) size 1x18
              RenderText {#text} at (0,270) size 16x18
                text run at (0,270) width 16: "...."
              RenderBR {BR} at (16,270) size 0x18
              RenderText {#text} at (0,288) size 18x18
                text run at (0,288) width 18: "////"
              RenderBR {BR} at (17,288) size 1x18
              RenderText {#text} at (0,306) size 32x18
                text run at (0,306) width 32: "0000"
              RenderBR {BR} at (32,306) size 0x18
              RenderText {#text} at (0,324) size 31x18
                text run at (0,324) width 31: "1111"
              RenderBR {BR} at (30,324) size 1x18
              RenderText {#text} at (0,342) size 32x18
                text run at (0,342) width 32: "2222"
              RenderBR {BR} at (32,342) size 0x18
              RenderText {#text} at (0,360) size 32x18
                text run at (0,360) width 32: "3333"
              RenderBR {BR} at (32,360) size 0x18
              RenderText {#text} at (0,378) size 32x18
                text run at (0,378) width 32: "4444"
              RenderBR {BR} at (32,378) size 0x18
              RenderText {#text} at (0,396) size 32x18
                text run at (0,396) width 32: "5555"
              RenderBR {BR} at (32,396) size 0x18
              RenderText {#text} at (0,414) size 32x18
                text run at (0,414) width 32: "6666"
              RenderBR {BR} at (32,414) size 0x18
              RenderText {#text} at (0,432) size 32x18
                text run at (0,432) width 32: "7777"
              RenderBR {BR} at (32,432) size 0x18
              RenderText {#text} at (0,450) size 32x18
                text run at (0,450) width 32: "8888"
              RenderBR {BR} at (32,450) size 0x18
              RenderText {#text} at (0,468) size 32x18
                text run at (0,468) width 32: "9999"
              RenderBR {BR} at (32,468) size 0x18
              RenderText {#text} at (0,486) size 18x18
                text run at (0,486) width 18: "::::"
              RenderBR {BR} at (17,486) size 1x18
              RenderText {#text} at (0,504) size 18x18
                text run at (0,504) width 18: ";;;;"
              RenderBR {BR} at (17,504) size 1x18
              RenderText {#text} at (0,522) size 37x18
                text run at (0,522) width 37: "<<<<"
              RenderBR {BR} at (36,522) size 1x18
              RenderText {#text} at (0,540) size 37x18
                text run at (0,540) width 37: "===="
              RenderBR {BR} at (36,540) size 1x18
              RenderText {#text} at (0,558) size 37x18
                text run at (0,558) width 37: ">>>>"
              RenderBR {BR} at (36,558) size 1x18
              RenderText {#text} at (0,576) size 29x18
                text run at (0,576) width 29: "????"
              RenderBR {BR} at (28,576) size 1x18
              RenderText {#text} at (0,594) size 59x18
                text run at (0,594) width 59: "@@@@"
              RenderBR {BR} at (58,594) size 1x18
              RenderText {#text} at (0,612) size 47x18
                text run at (0,612) width 47: "AAAA"
              RenderBR {BR} at (46,612) size 1x18
              RenderText {#text} at (0,630) size 43x18
                text run at (0,630) width 43: "BBBB"
              RenderBR {BR} at (42,630) size 1x18
              RenderText {#text} at (0,648) size 43x18
                text run at (0,648) width 43: "CCCC"
              RenderBR {BR} at (42,648) size 1x18
              RenderText {#text} at (0,666) size 47x18
                text run at (0,666) width 47: "DDDD"
              RenderBR {BR} at (46,666) size 1x18
              RenderText {#text} at (0,684) size 40x18
                text run at (0,684) width 40: "EEEE"
              RenderBR {BR} at (39,684) size 1x18
              RenderText {#text} at (0,702) size 36x18
                text run at (0,702) width 36: "FFFF"
              RenderBR {BR} at (35,702) size 1x18
              RenderText {#text} at (0,720) size 47x18
                text run at (0,720) width 47: "GGGG"
              RenderBR {BR} at (46,720) size 1x18
              RenderText {#text} at (0,738) size 47x18
                text run at (0,738) width 47: "HHHH"
              RenderBR {BR} at (46,738) size 1x18
              RenderText {#text} at (0,756) size 22x18
                text run at (0,756) width 22: "IIII"
              RenderBR {BR} at (21,756) size 1x18
              RenderText {#text} at (0,774) size 25x18
                text run at (0,774) width 25: "JJJJ"
              RenderBR {BR} at (24,774) size 1x18
              RenderText {#text} at (0,792) size 47x18
                text run at (0,792) width 47: "KKKK"
              RenderBR {BR} at (46,792) size 1x18
              RenderText {#text} at (0,810) size 40x18
                text run at (0,810) width 40: "LLLL"
              RenderBR {BR} at (39,810) size 1x18
              RenderText {#text} at (0,828) size 57x18
                text run at (0,828) width 57: "MMMM"
              RenderBR {BR} at (56,828) size 1x18
              RenderText {#text} at (0,846) size 47x18
                text run at (0,846) width 47: "NNNN"
              RenderBR {BR} at (46,846) size 1x18
              RenderText {#text} at (0,864) size 47x18
                text run at (0,864) width 47: "OOOO"
              RenderBR {BR} at (46,864) size 1x18
              RenderText {#text} at (0,882) size 36x18
                text run at (0,882) width 36: "PPPP"
              RenderBR {BR} at (35,882) size 1x18
              RenderText {#text} at (0,900) size 47x18
                text run at (0,900) width 47: "QQQQ"
              RenderBR {BR} at (46,900) size 1x18
              RenderText {#text} at (0,918) size 43x18
                text run at (0,918) width 43: "RRRR"
              RenderBR {BR} at (42,918) size 1x18
              RenderText {#text} at (0,936) size 36x18
                text run at (0,936) width 36: "SSSS"
              RenderBR {BR} at (35,936) size 1x18
              RenderText {#text} at (0,954) size 40x18
                text run at (0,954) width 40: "TTTT"
              RenderBR {BR} at (39,954) size 1x18
              RenderText {#text} at (0,972) size 47x18
                text run at (0,972) width 47: "UUUU"
              RenderBR {BR} at (46,972) size 1x18
              RenderText {#text} at (0,990) size 47x18
                text run at (0,990) width 47: "VVVV"
              RenderBR {BR} at (46,990) size 1x18
              RenderText {#text} at (0,1008) size 61x18
                text run at (0,1008) width 61: "WWWW"
              RenderBR {BR} at (60,1008) size 1x18
              RenderText {#text} at (0,1026) size 47x18
                text run at (0,1026) width 47: "XXXX"
              RenderBR {BR} at (46,1026) size 1x18
              RenderText {#text} at (0,1044) size 47x18
                text run at (0,1044) width 47: "YYYY"
              RenderBR {BR} at (46,1044) size 1x18
              RenderText {#text} at (0,1062) size 40x18
                text run at (0,1062) width 40: "ZZZZ"
              RenderBR {BR} at (39,1062) size 1x18
              RenderText {#text} at (0,1080) size 22x18
                text run at (0,1080) width 22: "[[[["
              RenderBR {BR} at (21,1080) size 1x18
              RenderText {#text} at (0,1098) size 18x18
                text run at (0,1098) width 18: "\\\\\\\\"
              RenderBR {BR} at (17,1098) size 1x18
              RenderText {#text} at (0,1116) size 22x18
                text run at (0,1116) width 22: "]]]]"
              RenderBR {BR} at (21,1116) size 1x18
              RenderText {#text} at (0,1134) size 31x18
                text run at (0,1134) width 31: "^^^^"
              RenderBR {BR} at (30,1134) size 1x18
              RenderText {#text} at (0,1152) size 32x18
                text run at (0,1152) width 32: "____"
              RenderBR {BR} at (32,1152) size 0x18
              RenderText {#text} at (0,1170) size 22x18
                text run at (0,1170) width 22: "````"
              RenderBR {BR} at (21,1170) size 1x18
              RenderText {#text} at (0,1188) size 29x18
                text run at (0,1188) width 29: "aaaa"
              RenderBR {BR} at (28,1188) size 1x18
              RenderText {#text} at (0,1206) size 32x18
                text run at (0,1206) width 32: "bbbb"
              RenderBR {BR} at (32,1206) size 0x18
              RenderText {#text} at (0,1224) size 29x18
                text run at (0,1224) width 29: "cccc"
              RenderBR {BR} at (28,1224) size 1x18
              RenderText {#text} at (0,1242) size 32x18
                text run at (0,1242) width 32: "dddd"
              RenderBR {BR} at (32,1242) size 0x18
              RenderText {#text} at (0,1260) size 29x18
                text run at (0,1260) width 29: "eeee"
              RenderBR {BR} at (28,1260) size 1x18
              RenderText {#text} at (0,1278) size 21x18
                text run at (0,1278) width 21: "ffff"
              RenderBR {BR} at (20,1278) size 1x18
              RenderText {#text} at (0,1296) size 32x18
                text run at (0,1296) width 32: "gggg"
              RenderBR {BR} at (32,1296) size 0x18
              RenderText {#text} at (0,1314) size 32x18
                text run at (0,1314) width 32: "hhhh"
              RenderBR {BR} at (32,1314) size 0x18
              RenderText {#text} at (0,1332) size 18x18
                text run at (0,1332) width 18: "iiii"
              RenderBR {BR} at (17,1332) size 1x18
              RenderText {#text} at (0,1350) size 18x18
                text run at (0,1350) width 18: "jjjj"
              RenderBR {BR} at (17,1350) size 1x18
              RenderText {#text} at (0,1368) size 32x18
                text run at (0,1368) width 32: "kkkk"
              RenderBR {BR} at (32,1368) size 0x18
              RenderText {#text} at (0,1386) size 18x18
                text run at (0,1386) width 18: "llll"
              RenderBR {BR} at (17,1386) size 1x18
              RenderText {#text} at (0,1404) size 50x18
                text run at (0,1404) width 50: "mmmm"
              RenderBR {BR} at (49,1404) size 1x18
              RenderText {#text} at (0,1422) size 32x18
                text run at (0,1422) width 32: "nnnn"
              RenderBR {BR} at (32,1422) size 0x18
              RenderText {#text} at (0,1440) size 32x18
                text run at (0,1440) width 32: "oooo"
              RenderBR {BR} at (32,1440) size 0x18
              RenderText {#text} at (0,1458) size 32x18
                text run at (0,1458) width 32: "pppp"
              RenderBR {BR} at (32,1458) size 0x18
              RenderText {#text} at (0,1476) size 32x18
                text run at (0,1476) width 32: "qqqq"
              RenderBR {BR} at (32,1476) size 0x18
              RenderText {#text} at (0,1494) size 22x18
                text run at (0,1494) width 22: "rrrr"
              RenderBR {BR} at (21,1494) size 1x18
              RenderText {#text} at (0,1512) size 25x18
                text run at (0,1512) width 25: "ssss"
              RenderBR {BR} at (24,1512) size 1x18
              RenderText {#text} at (0,1530) size 18x18
                text run at (0,1530) width 18: "tttt"
              RenderBR {BR} at (17,1530) size 1x18
              RenderText {#text} at (0,1548) size 32x18
                text run at (0,1548) width 32: "uuuu"
              RenderBR {BR} at (32,1548) size 0x18
              RenderText {#text} at (0,1566) size 32x18
                text run at (0,1566) width 32: "vvvv"
              RenderBR {BR} at (32,1566) size 0x18
              RenderText {#text} at (0,1584) size 47x18
                text run at (0,1584) width 47: "wwww"
              RenderBR {BR} at (46,1584) size 1x18
              RenderText {#text} at (0,1602) size 32x18
                text run at (0,1602) width 32: "xxxx"
              RenderBR {BR} at (32,1602) size 0x18
              RenderText {#text} at (0,1620) size 32x18
                text run at (0,1620) width 32: "yyyy"
              RenderBR {BR} at (32,1620) size 0x18
              RenderText {#text} at (0,1638) size 29x18
                text run at (0,1638) width 29: "zzzz"
              RenderBR {BR} at (28,1638) size 1x18
              RenderText {#text} at (0,1656) size 31x18
                text run at (0,1656) width 31: "{{{{"
              RenderBR {BR} at (30,1656) size 1x18
              RenderText {#text} at (0,1674) size 13x18
                text run at (0,1674) width 13: "||||"
              RenderBR {BR} at (12,1674) size 1x18
              RenderText {#text} at (0,1692) size 31x18
                text run at (0,1692) width 31: "}}}}"
              RenderBR {BR} at (30,1692) size 1x18
      RenderBlock {P} at (0,2044) size 769x1692
        RenderInline {FONT} at (0,0) size 64x1692
          RenderInline {FONT} at (0,0) size 64x1692
            RenderInline {FONT} at (0,0) size 64x1692
              RenderText {#text} at (0,0) size 0x0
              RenderInline {B} at (0,0) size 64x1692
                RenderText {#text} at (0,0) size 16x18
                  text run at (0,0) width 16: "    "
                RenderBR {BR} at (16,0) size 0x18
                RenderText {#text} at (0,18) size 22x18
                  text run at (0,18) width 22: "!!!!"
                RenderBR {BR} at (21,18) size 1x18
                RenderText {#text} at (0,36) size 36x18
                  text run at (0,36) width 36: "\"\"\"\""
                RenderBR {BR} at (35,36) size 1x18
                RenderText {#text} at (0,54) size 32x18
                  text run at (0,54) width 32: "####"
                RenderBR {BR} at (32,54) size 0x18
                RenderText {#text} at (0,72) size 32x18
                  text run at (0,72) width 32: "$$$$"
                RenderBR {BR} at (32,72) size 0x18
                RenderText {#text} at (0,90) size 64x18
                  text run at (0,90) width 64: "%%%%"
                RenderBR {BR} at (64,90) size 0x18
                RenderText {#text} at (0,108) size 54x18
                  text run at (0,108) width 54: "&&&&"
                RenderBR {BR} at (53,108) size 1x18
                RenderText {#text} at (0,126) size 18x18
                  text run at (0,126) width 18: "''''"
                RenderBR {BR} at (17,126) size 1x18
                RenderText {#text} at (0,144) size 22x18
                  text run at (0,144) width 22: "(((("
                RenderBR {BR} at (21,144) size 1x18
                RenderText {#text} at (0,162) size 22x18
                  text run at (0,162) width 22: "))))"
                RenderBR {BR} at (21,162) size 1x18
                RenderText {#text} at (0,180) size 32x18
                  text run at (0,180) width 32: "****"
                RenderBR {BR} at (32,180) size 0x18
                RenderText {#text} at (0,198) size 37x18
                  text run at (0,198) width 37: "++++"
                RenderBR {BR} at (36,198) size 1x18
                RenderText {#text} at (0,216) size 16x18
                  text run at (0,216) width 16: ",,,,"
                RenderBR {BR} at (16,216) size 0x18
                RenderText {#text} at (0,234) size 22x18
                  text run at (0,234) width 22: "----"
                RenderBR {BR} at (21,234) size 1x18
                RenderText {#text} at (0,252) size 16x18
                  text run at (0,252) width 16: "...."
                RenderBR {BR} at (16,252) size 0x18
                RenderText {#text} at (0,270) size 18x18
                  text run at (0,270) width 18: "////"
                RenderBR {BR} at (17,270) size 1x18
                RenderText {#text} at (0,288) size 32x18
                  text run at (0,288) width 32: "0000"
                RenderBR {BR} at (32,288) size 0x18
                RenderText {#text} at (0,306) size 30x18
                  text run at (0,306) width 30: "1111"
                RenderBR {BR} at (29,306) size 1x18
                RenderText {#text} at (0,324) size 32x18
                  text run at (0,324) width 32: "2222"
                RenderBR {BR} at (32,324) size 0x18
                RenderText {#text} at (0,342) size 32x18
                  text run at (0,342) width 32: "3333"
                RenderBR {BR} at (32,342) size 0x18
                RenderText {#text} at (0,360) size 32x18
                  text run at (0,360) width 32: "4444"
                RenderBR {BR} at (32,360) size 0x18
                RenderText {#text} at (0,378) size 32x18
                  text run at (0,378) width 32: "5555"
                RenderBR {BR} at (32,378) size 0x18
                RenderText {#text} at (0,396) size 32x18
                  text run at (0,396) width 32: "6666"
                RenderBR {BR} at (32,396) size 0x18
                RenderText {#text} at (0,414) size 32x18
                  text run at (0,414) width 32: "7777"
                RenderBR {BR} at (32,414) size 0x18
                RenderText {#text} at (0,432) size 32x18
                  text run at (0,432) width 32: "8888"
                RenderBR {BR} at (32,432) size 0x18
                RenderText {#text} at (0,450) size 32x18
                  text run at (0,450) width 32: "9999"
                RenderBR {BR} at (32,450) size 0x18
                RenderText {#text} at (0,468) size 22x18
                  text run at (0,468) width 22: "::::"
                RenderBR {BR} at (21,468) size 1x18
                RenderText {#text} at (0,486) size 22x18
                  text run at (0,486) width 22: ";;;;"
                RenderBR {BR} at (21,486) size 1x18
                RenderText {#text} at (0,504) size 37x18
                  text run at (0,504) width 37: "<<<<"
                RenderBR {BR} at (36,504) size 1x18
                RenderText {#text} at (0,522) size 37x18
                  text run at (0,522) width 37: "===="
                RenderBR {BR} at (36,522) size 1x18
                RenderText {#text} at (0,540) size 37x18
                  text run at (0,540) width 37: ">>>>"
                RenderBR {BR} at (36,540) size 1x18
                RenderText {#text} at (0,558) size 32x18
                  text run at (0,558) width 32: "????"
                RenderBR {BR} at (32,558) size 0x18
                RenderText {#text} at (0,576) size 60x18
                  text run at (0,576) width 60: "@@@@"
                RenderBR {BR} at (59,576) size 1x18
                RenderText {#text} at (0,594) size 47x18
                  text run at (0,594) width 47: "AAAA"
                RenderBR {BR} at (46,594) size 1x18
                RenderText {#text} at (0,612) size 43x18
                  text run at (0,612) width 43: "BBBB"
                RenderBR {BR} at (42,612) size 1x18
                RenderText {#text} at (0,630) size 47x18
                  text run at (0,630) width 47: "CCCC"
                RenderBR {BR} at (46,630) size 1x18
                RenderText {#text} at (0,648) size 47x18
                  text run at (0,648) width 47: "DDDD"
                RenderBR {BR} at (46,648) size 1x18
                RenderText {#text} at (0,666) size 43x18
                  text run at (0,666) width 43: "EEEE"
                RenderBR {BR} at (42,666) size 1x18
                RenderText {#text} at (0,684) size 40x18
                  text run at (0,684) width 40: "FFFF"
                RenderBR {BR} at (39,684) size 1x18
                RenderText {#text} at (0,702) size 50x18
                  text run at (0,702) width 50: "GGGG"
                RenderBR {BR} at (49,702) size 1x18
                RenderText {#text} at (0,720) size 50x18
                  text run at (0,720) width 50: "HHHH"
                RenderBR {BR} at (49,720) size 1x18
                RenderText {#text} at (0,738) size 25x18
                  text run at (0,738) width 25: "IIII"
                RenderBR {BR} at (24,738) size 1x18
                RenderText {#text} at (0,756) size 32x18
                  text run at (0,756) width 32: "JJJJ"
                RenderBR {BR} at (32,756) size 0x18
                RenderText {#text} at (0,774) size 50x18
                  text run at (0,774) width 50: "KKKK"
                RenderBR {BR} at (49,774) size 1x18
                RenderText {#text} at (0,792) size 43x18
                  text run at (0,792) width 43: "LLLL"
                RenderBR {BR} at (42,792) size 1x18
                RenderText {#text} at (0,810) size 61x18
                  text run at (0,810) width 61: "MMMM"
                RenderBR {BR} at (60,810) size 1x18
                RenderText {#text} at (0,828) size 47x18
                  text run at (0,828) width 47: "NNNN"
                RenderBR {BR} at (46,828) size 1x18
                RenderText {#text} at (0,846) size 50x18
                  text run at (0,846) width 50: "OOOO"
                RenderBR {BR} at (49,846) size 1x18
                RenderText {#text} at (0,864) size 40x18
                  text run at (0,864) width 40: "PPPP"
                RenderBR {BR} at (39,864) size 1x18
                RenderText {#text} at (0,882) size 50x18
                  text run at (0,882) width 50: "QQQQ"
                RenderBR {BR} at (49,882) size 1x18
                RenderText {#text} at (0,900) size 47x18
                  text run at (0,900) width 47: "RRRR"
                RenderBR {BR} at (46,900) size 1x18
                RenderText {#text} at (0,918) size 36x18
                  text run at (0,918) width 36: "SSSS"
                RenderBR {BR} at (35,918) size 1x18
                RenderText {#text} at (0,936) size 43x18
                  text run at (0,936) width 43: "TTTT"
                RenderBR {BR} at (42,936) size 1x18
                RenderText {#text} at (0,954) size 47x18
                  text run at (0,954) width 47: "UUUU"
                RenderBR {BR} at (46,954) size 1x18
                RenderText {#text} at (0,972) size 47x18
                  text run at (0,972) width 47: "VVVV"
                RenderBR {BR} at (46,972) size 1x18
                RenderText {#text} at (0,990) size 64x18
                  text run at (0,990) width 64: "WWWW"
                RenderBR {BR} at (64,990) size 0x18
                RenderText {#text} at (0,1008) size 47x18
                  text run at (0,1008) width 47: "XXXX"
                RenderBR {BR} at (46,1008) size 1x18
                RenderText {#text} at (0,1026) size 47x18
                  text run at (0,1026) width 47: "YYYY"
                RenderBR {BR} at (46,1026) size 1x18
                RenderText {#text} at (0,1044) size 43x18
                  text run at (0,1044) width 43: "ZZZZ"
                RenderBR {BR} at (42,1044) size 1x18
                RenderText {#text} at (0,1062) size 22x18
                  text run at (0,1062) width 22: "[[[["
                RenderBR {BR} at (21,1062) size 1x18
                RenderText {#text} at (0,1080) size 18x18
                  text run at (0,1080) width 18: "\\\\\\\\"
                RenderBR {BR} at (17,1080) size 1x18
                RenderText {#text} at (0,1098) size 22x18
                  text run at (0,1098) width 22: "]]]]"
                RenderBR {BR} at (21,1098) size 1x18
                RenderText {#text} at (0,1116) size 38x18
                  text run at (0,1116) width 38: "^^^^"
                RenderBR {BR} at (37,1116) size 1x18
                RenderText {#text} at (0,1134) size 32x18
                  text run at (0,1134) width 32: "____"
                RenderBR {BR} at (32,1134) size 0x18
                RenderText {#text} at (0,1152) size 22x18
                  text run at (0,1152) width 22: "````"
                RenderBR {BR} at (21,1152) size 1x18
                RenderText {#text} at (0,1170) size 32x18
                  text run at (0,1170) width 32: "aaaa"
                RenderBR {BR} at (32,1170) size 0x18
                RenderText {#text} at (0,1188) size 36x18
                  text run at (0,1188) width 36: "bbbb"
                RenderBR {BR} at (35,1188) size 1x18
                RenderText {#text} at (0,1206) size 29x18
                  text run at (0,1206) width 29: "cccc"
                RenderBR {BR} at (28,1206) size 1x18
                RenderText {#text} at (0,1224) size 36x18
                  text run at (0,1224) width 36: "dddd"
                RenderBR {BR} at (35,1224) size 1x18
                RenderText {#text} at (0,1242) size 29x18
                  text run at (0,1242) width 29: "eeee"
                RenderBR {BR} at (28,1242) size 1x18
                RenderText {#text} at (0,1260) size 22x18
                  text run at (0,1260) width 22: "ffff"
                RenderBR {BR} at (21,1260) size 1x18
                RenderText {#text} at (0,1278) size 32x18
                  text run at (0,1278) width 32: "gggg"
                RenderBR {BR} at (32,1278) size 0x18
                RenderText {#text} at (0,1296) size 36x18
                  text run at (0,1296) width 36: "hhhh"
                RenderBR {BR} at (35,1296) size 1x18
                RenderText {#text} at (0,1314) size 18x18
                  text run at (0,1314) width 18: "iiii"
                RenderBR {BR} at (17,1314) size 1x18
                RenderText {#text} at (0,1332) size 22x18
                  text run at (0,1332) width 22: "jjjj"
                RenderBR {BR} at (21,1332) size 1x18
                RenderText {#text} at (0,1350) size 36x18
                  text run at (0,1350) width 36: "kkkk"
                RenderBR {BR} at (35,1350) size 1x18
                RenderText {#text} at (0,1368) size 18x18
                  text run at (0,1368) width 18: "llll"
                RenderBR {BR} at (17,1368) size 1x18
                RenderText {#text} at (0,1386) size 54x18
                  text run at (0,1386) width 54: "mmmm"
                RenderBR {BR} at (53,1386) size 1x18
                RenderText {#text} at (0,1404) size 36x18
                  text run at (0,1404) width 36: "nnnn"
                RenderBR {BR} at (35,1404) size 1x18
                RenderText {#text} at (0,1422) size 32x18
                  text run at (0,1422) width 32: "oooo"
                RenderBR {BR} at (32,1422) size 0x18
                RenderText {#text} at (0,1440) size 36x18
                  text run at (0,1440) width 36: "pppp"
                RenderBR {BR} at (35,1440) size 1x18
                RenderText {#text} at (0,1458) size 36x18
                  text run at (0,1458) width 36: "qqqq"
                RenderBR {BR} at (35,1458) size 1x18
                RenderText {#text} at (0,1476) size 29x18
                  text run at (0,1476) width 29: "rrrr"
                RenderBR {BR} at (28,1476) size 1x18
                RenderText {#text} at (0,1494) size 25x18
                  text run at (0,1494) width 25: "ssss"
                RenderBR {BR} at (24,1494) size 1x18
                RenderText {#text} at (0,1512) size 22x18
                  text run at (0,1512) width 22: "tttt"
                RenderBR {BR} at (21,1512) size 1x18
                RenderText {#text} at (0,1530) size 36x18
                  text run at (0,1530) width 36: "uuuu"
                RenderBR {BR} at (35,1530) size 1x18
                RenderText {#text} at (0,1548) size 32x18
                  text run at (0,1548) width 32: "vvvv"
                RenderBR {BR} at (32,1548) size 0x18
                RenderText {#text} at (0,1566) size 47x18
                  text run at (0,1566) width 47: "wwww"
                RenderBR {BR} at (46,1566) size 1x18
                RenderText {#text} at (0,1584) size 32x18
                  text run at (0,1584) width 32: "xxxx"
                RenderBR {BR} at (32,1584) size 0x18
                RenderText {#text} at (0,1602) size 32x18
                  text run at (0,1602) width 32: "yyyy"
                RenderBR {BR} at (32,1602) size 0x18
                RenderText {#text} at (0,1620) size 29x18
                  text run at (0,1620) width 29: "zzzz"
                RenderBR {BR} at (28,1620) size 1x18
                RenderText {#text} at (0,1638) size 26x18
                  text run at (0,1638) width 26: "{{{{"
                RenderBR {BR} at (25,1638) size 1x18
                RenderText {#text} at (0,1656) size 15x18
                  text run at (0,1656) width 15: "||||"
                RenderBR {BR} at (14,1656) size 1x18
                RenderText {#text} at (0,1674) size 26x18
                  text run at (0,1674) width 26: "}}}}"
                RenderBR {BR} at (25,1674) size 1x18
              RenderText {#text} at (0,0) size 0x0
      RenderBlock {P} at (0,3752) size 769x1692
        RenderInline {FONT} at (0,0) size 59x1692
          RenderInline {FONT} at (0,0) size 59x1692
            RenderInline {FONT} at (0,0) size 59x1692
              RenderText {#text} at (0,0) size 0x0
              RenderInline {I} at (0,0) size 59x1692
                RenderText {#text} at (0,0) size 16x18
                  text run at (0,0) width 16: "    "
                RenderBR {BR} at (16,0) size 0x18
                RenderText {#text} at (0,18) size 22x18
                  text run at (0,18) width 22: "!!!!"
                RenderBR {BR} at (21,18) size 1x18
                RenderText {#text} at (0,36) size 27x18
                  text run at (0,36) width 27: "\"\"\"\""
                RenderBR {BR} at (26,36) size 1x18
                RenderText {#text} at (0,54) size 32x18
                  text run at (0,54) width 32: "####"
                RenderBR {BR} at (32,54) size 0x18
                RenderText {#text} at (0,72) size 32x18
                  text run at (0,72) width 32: "$$$$"
                RenderBR {BR} at (32,72) size 0x18
                RenderText {#text} at (0,90) size 54x18
                  text run at (0,90) width 54: "%%%%"
                RenderBR {BR} at (53,90) size 1x18
                RenderText {#text} at (0,108) size 50x18
                  text run at (0,108) width 50: "&&&&"
                RenderBR {BR} at (49,108) size 1x18
                RenderText {#text} at (0,126) size 14x18
                  text run at (0,126) width 14: "''''"
                RenderBR {BR} at (13,126) size 1x18
                RenderText {#text} at (0,144) size 22x18
                  text run at (0,144) width 22: "(((("
                RenderBR {BR} at (21,144) size 1x18
                RenderText {#text} at (0,162) size 22x18
                  text run at (0,162) width 22: "))))"
                RenderBR {BR} at (21,162) size 1x18
                RenderText {#text} at (0,180) size 32x18
                  text run at (0,180) width 32: "****"
                RenderBR {BR} at (32,180) size 0x18
                RenderText {#text} at (0,198) size 44x18
                  text run at (0,198) width 44: "++++"
                RenderBR {BR} at (43,198) size 1x18
                RenderText {#text} at (0,216) size 16x18
                  text run at (0,216) width 16: ",,,,"
                RenderBR {BR} at (16,216) size 0x18
                RenderText {#text} at (0,234) size 22x18
                  text run at (0,234) width 22: "----"
                RenderBR {BR} at (21,234) size 1x18
                RenderText {#text} at (0,252) size 16x18
                  text run at (0,252) width 16: "...."
                RenderBR {BR} at (16,252) size 0x18
                RenderText {#text} at (0,270) size 18x18
                  text run at (0,270) width 18: "////"
                RenderBR {BR} at (17,270) size 1x18
                RenderText {#text} at (0,288) size 32x18
                  text run at (0,288) width 32: "0000"
                RenderBR {BR} at (32,288) size 0x18
                RenderText {#text} at (0,306) size 29x18
                  text run at (0,306) width 29: "1111"
                RenderBR {BR} at (28,306) size 1x18
                RenderText {#text} at (0,324) size 32x18
                  text run at (0,324) width 32: "2222"
                RenderBR {BR} at (32,324) size 0x18
                RenderText {#text} at (0,342) size 32x18
                  text run at (0,342) width 32: "3333"
                RenderBR {BR} at (32,342) size 0x18
                RenderText {#text} at (0,360) size 32x18
                  text run at (0,360) width 32: "4444"
                RenderBR {BR} at (32,360) size 0x18
                RenderText {#text} at (0,378) size 32x18
                  text run at (0,378) width 32: "5555"
                RenderBR {BR} at (32,378) size 0x18
                RenderText {#text} at (0,396) size 32x18
                  text run at (0,396) width 32: "6666"
                RenderBR {BR} at (32,396) size 0x18
                RenderText {#text} at (0,414) size 32x18
                  text run at (0,414) width 32: "7777"
                RenderBR {BR} at (32,414) size 0x18
                RenderText {#text} at (0,432) size 32x18
                  text run at (0,432) width 32: "8888"
                RenderBR {BR} at (32,432) size 0x18
                RenderText {#text} at (0,450) size 32x18
                  text run at (0,450) width 32: "9999"
                RenderBR {BR} at (32,450) size 0x18
                RenderText {#text} at (0,468) size 22x18
                  text run at (0,468) width 22: "::::"
                RenderBR {BR} at (21,468) size 1x18
                RenderText {#text} at (0,486) size 22x18
                  text run at (0,486) width 22: ";;;;"
                RenderBR {BR} at (21,486) size 1x18
                RenderText {#text} at (0,504) size 44x18
                  text run at (0,504) width 44: "<<<<"
                RenderBR {BR} at (43,504) size 1x18
                RenderText {#text} at (0,522) size 44x18
                  text run at (0,522) width 44: "===="
                RenderBR {BR} at (43,522) size 1x18
                RenderText {#text} at (0,540) size 44x18
                  text run at (0,540) width 44: ">>>>"
                RenderBR {BR} at (43,540) size 1x18
                RenderText {#text} at (0,558) size 32x18
                  text run at (0,558) width 32: "????"
                RenderBR {BR} at (32,558) size 0x18
                RenderText {#text} at (0,576) size 59x18
                  text run at (0,576) width 59: "@@@@"
                RenderBR {BR} at (58,576) size 1x18
                RenderText {#text} at (0,594) size 40x18
                  text run at (0,594) width 40: "AAAA"
                RenderBR {BR} at (39,594) size 1x18
                RenderText {#text} at (0,612) size 40x18
                  text run at (0,612) width 40: "BBBB"
                RenderBR {BR} at (39,612) size 1x18
                RenderText {#text} at (0,630) size 43x18
                  text run at (0,630) width 43: "CCCC"
                RenderBR {BR} at (42,630) size 1x18
                RenderText {#text} at (0,648) size 47x18
                  text run at (0,648) width 47: "DDDD"
                RenderBR {BR} at (46,648) size 1x18
                RenderText {#text} at (0,666) size 40x18
                  text run at (0,666) width 40: "EEEE"
                RenderBR {BR} at (39,666) size 1x18
                RenderText {#text} at (0,684) size 40x18
                  text run at (0,684) width 40: "FFFF"
                RenderBR {BR} at (39,684) size 1x18
                RenderText {#text} at (0,702) size 47x18
                  text run at (0,702) width 47: "GGGG"
                RenderBR {BR} at (46,702) size 1x18
                RenderText {#text} at (0,720) size 47x18
                  text run at (0,720) width 47: "HHHH"
                RenderBR {BR} at (46,720) size 1x18
                RenderText {#text} at (0,738) size 22x18
                  text run at (0,738) width 22: "IIII"
                RenderBR {BR} at (21,738) size 1x18
                RenderText {#text} at (0,756) size 29x18
                  text run at (0,756) width 29: "JJJJ"
                RenderBR {BR} at (28,756) size 1x18
                RenderText {#text} at (0,774) size 43x18
                  text run at (0,774) width 43: "KKKK"
                RenderBR {BR} at (42,774) size 1x18
                RenderText {#text} at (0,792) size 36x18
                  text run at (0,792) width 36: "LLLL"
                RenderBR {BR} at (35,792) size 1x18
                RenderText {#text} at (0,810) size 54x18
                  text run at (0,810) width 54: "MMMM"
                RenderBR {BR} at (53,810) size 1x18
                RenderText {#text} at (0,828) size 43x18
                  text run at (0,828) width 43: "NNNN"
                RenderBR {BR} at (42,828) size 1x18
                RenderText {#text} at (0,846) size 47x18
                  text run at (0,846) width 47: "OOOO"
                RenderBR {BR} at (46,846) size 1x18
                RenderText {#text} at (0,864) size 40x18
                  text run at (0,864) width 40: "PPPP"
                RenderBR {BR} at (39,864) size 1x18
                RenderText {#text} at (0,882) size 47x18
                  text run at (0,882) width 47: "QQQQ"
                RenderBR {BR} at (46,882) size 1x18
                RenderText {#text} at (0,900) size 40x18
                  text run at (0,900) width 40: "RRRR"
                RenderBR {BR} at (39,900) size 1x18
                RenderText {#text} at (0,918) size 32x18
                  text run at (0,918) width 32: "SSSS"
                RenderBR {BR} at (32,918) size 0x18
                RenderText {#text} at (0,936) size 36x18
                  text run at (0,936) width 36: "TTTT"
                RenderBR {BR} at (35,936) size 1x18
                RenderText {#text} at (0,954) size 47x18
                  text run at (0,954) width 47: "UUUU"
                RenderBR {BR} at (46,954) size 1x18
                RenderText {#text} at (0,972) size 40x18
                  text run at (0,972) width 40: "VVVV"
                RenderBR {BR} at (39,972) size 1x18
                RenderText {#text} at (0,990) size 54x18
                  text run at (0,990) width 54: "WWWW"
                RenderBR {BR} at (53,990) size 1x18
                RenderText {#text} at (0,1008) size 40x18
                  text run at (0,1008) width 40: "XXXX"
                RenderBR {BR} at (39,1008) size 1x18
                RenderText {#text} at (0,1026) size 36x18
                  text run at (0,1026) width 36: "YYYY"
                RenderBR {BR} at (35,1026) size 1x18
                RenderText {#text} at (0,1044) size 36x18
                  text run at (0,1044) width 36: "ZZZZ"
                RenderBR {BR} at (35,1044) size 1x18
                RenderText {#text} at (0,1062) size 25x18
                  text run at (0,1062) width 25: "[[[["
                RenderBR {BR} at (24,1062) size 1x18
                RenderText {#text} at (0,1080) size 18x18
                  text run at (0,1080) width 18: "\\\\\\\\"
                RenderBR {BR} at (17,1080) size 1x18
                RenderText {#text} at (0,1098) size 25x18
                  text run at (0,1098) width 25: "]]]]"
                RenderBR {BR} at (24,1098) size 1x18
                RenderText {#text} at (0,1116) size 27x18
                  text run at (0,1116) width 27: "^^^^"
                RenderBR {BR} at (27,1116) size 0x18
                RenderText {#text} at (0,1134) size 32x18
                  text run at (0,1134) width 32: "____"
                RenderBR {BR} at (32,1134) size 0x18
                RenderText {#text} at (0,1152) size 22x18
                  text run at (0,1152) width 22: "````"
                RenderBR {BR} at (21,1152) size 1x18
                RenderText {#text} at (0,1170) size 32x18
                  text run at (0,1170) width 32: "aaaa"
                RenderBR {BR} at (32,1170) size 0x18
                RenderText {#text} at (0,1188) size 32x18
                  text run at (0,1188) width 32: "bbbb"
                RenderBR {BR} at (32,1188) size 0x18
                RenderText {#text} at (0,1206) size 29x18
                  text run at (0,1206) width 29: "cccc"
                RenderBR {BR} at (28,1206) size 1x18
                RenderText {#text} at (0,1224) size 32x18
                  text run at (0,1224) width 32: "dddd"
                RenderBR {BR} at (32,1224) size 0x18
                RenderText {#text} at (0,1242) size 29x18
                  text run at (0,1242) width 29: "eeee"
                RenderBR {BR} at (28,1242) size 1x18
                RenderText {#text} at (0,1260) size 18x18
                  text run at (0,1260) width 18: "ffff"
                RenderBR {BR} at (17,1260) size 1x18
                RenderText {#text} at (0,1278) size 32x18
                  text run at (0,1278) width 32: "gggg"
                RenderBR {BR} at (32,1278) size 0x18
                RenderText {#text} at (0,1296) size 32x18
                  text run at (0,1296) width 32: "hhhh"
                RenderBR {BR} at (32,1296) size 0x18
                RenderText {#text} at (0,1314) size 18x18
                  text run at (0,1314) width 18: "iiii"
                RenderBR {BR} at (17,1314) size 1x18
                RenderText {#text} at (0,1332) size 18x18
                  text run at (0,1332) width 18: "jjjj"
                RenderBR {BR} at (17,1332) size 1x18
                RenderText {#text} at (0,1350) size 29x18
                  text run at (0,1350) width 29: "kkkk"
                RenderBR {BR} at (28,1350) size 1x18
                RenderText {#text} at (0,1368) size 18x18
                  text run at (0,1368) width 18: "llll"
                RenderBR {BR} at (17,1368) size 1x18
                RenderText {#text} at (0,1386) size 47x18
                  text run at (0,1386) width 47: "mmmm"
                RenderBR {BR} at (46,1386) size 1x18
                RenderText {#text} at (0,1404) size 32x18
                  text run at (0,1404) width 32: "nnnn"
                RenderBR {BR} at (32,1404) size 0x18
                RenderText {#text} at (0,1422) size 32x18
                  text run at (0,1422) width 32: "oooo"
                RenderBR {BR} at (32,1422) size 0x18
                RenderText {#text} at (0,1440) size 32x18
                  text run at (0,1440) width 32: "pppp"
                RenderBR {BR} at (32,1440) size 0x18
                RenderText {#text} at (0,1458) size 32x18
                  text run at (0,1458) width 32: "qqqq"
                RenderBR {BR} at (32,1458) size 0x18
                RenderText {#text} at (0,1476) size 25x18
                  text run at (0,1476) width 25: "rrrr"
                RenderBR {BR} at (24,1476) size 1x18
                RenderText {#text} at (0,1494) size 25x18
                  text run at (0,1494) width 25: "ssss"
                RenderBR {BR} at (24,1494) size 1x18
                RenderText {#text} at (0,1512) size 18x18
                  text run at (0,1512) width 18: "tttt"
                RenderBR {BR} at (17,1512) size 1x18
                RenderText {#text} at (0,1530) size 32x18
                  text run at (0,1530) width 32: "uuuu"
                RenderBR {BR} at (32,1530) size 0x18
                RenderText {#text} at (0,1548) size 29x18
                  text run at (0,1548) width 29: "vvvv"
                RenderBR {BR} at (28,1548) size 1x18
                RenderText {#text} at (0,1566) size 43x18
                  text run at (0,1566) width 43: "wwww"
                RenderBR {BR} at (42,1566) size 1x18
                RenderText {#text} at (0,1584) size 29x18
                  text run at (0,1584) width 29: "xxxx"
                RenderBR {BR} at (28,1584) size 1x18
                RenderText {#text} at (0,1602) size 29x18
                  text run at (0,1602) width 29: "yyyy"
                RenderBR {BR} at (28,1602) size 1x18
                RenderText {#text} at (0,1620) size 25x18
                  text run at (0,1620) width 25: "zzzz"
                RenderBR {BR} at (24,1620) size 1x18
                RenderText {#text} at (0,1638) size 26x18
                  text run at (0,1638) width 26: "{{{{"
                RenderBR {BR} at (25,1638) size 1x18
                RenderText {#text} at (0,1656) size 18x18
                  text run at (0,1656) width 18: "||||"
                RenderBR {BR} at (17,1656) size 1x18
                RenderText {#text} at (0,1674) size 26x18
                  text run at (0,1674) width 26: "}}}}"
                RenderBR {BR} at (25,1674) size 1x18
              RenderText {#text} at (0,0) size 0x0
            RenderText {#text} at (0,0) size 0x0
