layer at (0,0) size 800x600
  RenderView at (0,0) size 800x600
layer at (0,0) size 800x600
  RenderBlock {HTML} at (0,0) size 800x600
    RenderBody {BODY} at (8,8) size 784x584
      RenderBlock {DIV} at (0,0) size 784x80
        RenderText {#text} at (0,52) size 47x18
          text run at (0,52) width 47: "Blank: "
        RenderBlock {ATTACHMENT} at (46,0) size 267x80
          RenderGrid {DIV} at (0,0) size 266x80 [bgcolor=#F2F2F2]
            RenderGrid {DIV} at (0,0) size 68x80
              RenderAttachment {ATTACHMENT} at (8,14) size 52x52
            RenderGrid {DIV} at (68,0) size 198x80
              RenderGrid {DIV} at (4,40) size 170x0
      RenderBlock {DIV} at (0,80) size 784x80
        RenderText {#text} at (0,52) size 39x18
          text run at (0,52) width 39: "Title: "
        RenderBlock {ATTACHMENT} at (38,0) size 267x80
          RenderGrid {DIV} at (0,0) size 266x80 [bgcolor=#F2F2F2]
            RenderGrid {DIV} at (0,0) size 68x80
              RenderAttachment {ATTACHMENT} at (8,14) size 52x52
            RenderGrid {DIV} at (68,0) size 198x80
              RenderGrid {DIV} at (4,26) size 170x28
      RenderBlock {DIV} at (0,160) size 784x80
        RenderText {#text} at (0,52) size 83x18
          text run at (0,52) width 83: "and subtitle: "
        RenderBlock {ATTACHMENT} at (82,0) size 267x80
          RenderGrid {DIV} at (0,0) size 266x80 [bgcolor=#F2F2F2]
            RenderGrid {DIV} at (0,0) size 68x80
              RenderAttachment {ATTACHMENT} at (8,14) size 52x52
            RenderGrid {DIV} at (68,0) size 198x80
              RenderGrid {DIV} at (4,26) size 170x28
      RenderBlock {DIV} at (0,240) size 784x80
        RenderText {#text} at (0,52) size 52x18
          text run at (0,52) width 52: "Action: "
        RenderBlock {ATTACHMENT} at (51,0) size 267x80
          RenderGrid {DIV} at (0,0) size 266x80 [bgcolor=#F2F2F2]
            RenderGrid {DIV} at (0,0) size 68x80
              RenderAttachment {ATTACHMENT} at (8,14) size 52x52
            RenderGrid {DIV} at (68,0) size 198x80
              RenderGrid {DIV} at (4,18) size 170x44
      RenderBlock {DIV} at (0,320) size 784x80
        RenderText {#text} at (0,52) size 40x18
          text run at (0,52) width 40: "Save: "
        RenderBlock {ATTACHMENT} at (39,0) size 267x80
          RenderGrid {DIV} at (0,0) size 266x80 [bgcolor=#F2F2F2]
            RenderGrid {DIV} at (0,0) size 68x80
              RenderAttachment {ATTACHMENT} at (8,14) size 52x52
            RenderGrid {DIV} at (68,0) size 198x80
              RenderGrid {DIV} at (4,26) size 170x28
                RenderBlock {DIV} at (142,0) size 28x28
                  RenderButton {BUTTON} at (0,0) size 28x28 [color=#000000D8] [border: (1px solid #000000D8)]
                    RenderBlock (anonymous) at (1,3) size 26x22
                      RenderBlock {DIV} at (4,0) size 18x22
layer at (118,114) size 170x16
  RenderDeprecatedFlexibleBox {DIV} at (0,0) size 170x16 [color=#000000D8]
    RenderBlock (anonymous) at (0,0) size 170x16
      RenderText {#text} at (0,0) size 29x16
        text run at (0,0) width 29: "Title"
layer at (118,130) size 170x12
  RenderDeprecatedFlexibleBox {DIV} at (0,16) size 170x12 [color=#0000007F]
    RenderBlock (anonymous) at (0,0) size 170x12
      RenderText {#text} at (0,0) size 38x12
        text run at (0,0) width 38: "Subtitle"
layer at (163,194) size 170x16
  RenderDeprecatedFlexibleBox {DIV} at (0,0) size 170x16 [color=#000000D8]
    RenderBlock (anonymous) at (0,0) size 170x16
      RenderText {#text} at (0,0) size 29x16
        text run at (0,0) width 29: "Title"
layer at (163,210) size 170x12
  RenderDeprecatedFlexibleBox {DIV} at (0,16) size 170x12 [color=#0000007F]
    RenderBlock (anonymous) at (0,0) size 170x12
      RenderText {#text} at (0,0) size 38x12
        text run at (0,0) width 38: "Subtitle"
layer at (132,266) size 170x16
  RenderDeprecatedFlexibleBox {DIV} at (0,0) size 170x16 [color=#0000007F]
    RenderBlock (anonymous) at (0,0) size 170x16
      RenderText {#text} at (0,0) size 106x16
        text run at (0,0) width 106: "Tap to download"
layer at (132,282) size 170x16
  RenderDeprecatedFlexibleBox {DIV} at (0,16) size 170x16 [color=#000000D8]
    RenderBlock (anonymous) at (0,0) size 170x16
      RenderText {#text} at (0,0) size 52x16
        text run at (0,0) width 52: "Title.txt"
layer at (132,298) size 170x12
  RenderDeprecatedFlexibleBox {DIV} at (0,32) size 170x12 [color=#0000007F]
    RenderBlock (anonymous) at (0,0) size 170x12
      RenderText {#text} at (0,0) size 38x12
        text run at (0,0) width 38: "Subtitle"
layer at (120,354) size 94x4 backgroundClip at (120,354) size 93x4 clip at (120,354) size 93x4
  RenderDeprecatedFlexibleBox {DIV} at (0,0) size 94x4 [color=#0000007F]
layer at (120,358) size 94x20 backgroundClip at (120,358) size 93x20 clip at (120,358) size 93x20
  RenderDeprecatedFlexibleBox {DIV} at (0,4) size 94x20 [color=#000000D8]
    RenderBlock (anonymous) at (0,0) size 94x16
      RenderText {#text} at (0,0) size 56x16
        text run at (0,0) width 56: "Title.pdf"
layer at (120,378) size 94x4 backgroundClip at (120,378) size 93x4 clip at (120,378) size 93x4
  RenderDeprecatedFlexibleBox {DIV} at (0,24) size 94x4 [color=#0000007F]
