layer at (0,0) size 800x600
  RenderView at (0,0) size 800x600
layer at (0,0) size 800x600
  RenderBlock {HTML} at (0,0) size 800x600
    RenderBody {BODY} at (8,8) size 784x584
layer at (8,8) size 402x202 clip at (9,9) size 400x200
  RenderBlock {DIV} at (0,0) size 402x202 [border: (1px solid #008000)]
    RenderText {#text} at (1,83) size 11x26
      text run at (1,83) width 11: "1"
    RenderImage {IMG} at (12,1) size 102x102 [border: (1px solid #FF0000)]
    RenderText {#text} at (114,83) size 11x26
      text run at (114,83) width 11: "3"
