layer at (0,0) size 800x600
  RenderView at (0,0) size 800x600
layer at (0,0) size 800x600
  RenderBlock {HTML} at (0,0) size 800x600
    RenderBody {BODY} at (8,8) size 784x584
layer at (8,8) size 402x22 clip at (9,9) size 400x20
  RenderBlock {DIV} at (0,0) size 402x22 [border: (1px solid #008000)]
    RenderText {#text} at (1,2) size 6x14
      text run at (1,2) width 6: "1"
    RenderInline {SPAN} at (17,2) size 6x13
      RenderText {#text} at (17,2) size 6x14
        text run at (17,2) width 6: "2"
    RenderText {#text} at (33,2) size 6x14
      text run at (33,2) width 6: "3"
layer at (8,30) size 402x22 clip at (9,31) size 400x20
  RenderBlock {DIV} at (0,22) size 402x22 [border: (1px solid #008000)]
    RenderText {#text} at (1,2) size 6x14
      text run at (1,2) width 6: "1"
    RenderInline {SPAN} at (17,2) size 6x13
      RenderText {#text} at (17,2) size 6x14
        text run at (17,2) width 6: "2"
    RenderText {#text} at (23,2) size 6x14
      text run at (23,2) width 6: "3"
layer at (8,52) size 402x22 clip at (9,53) size 400x20
  RenderBlock {DIV} at (0,44) size 402x22 [border: (1px solid #008000)]
    RenderText {#text} at (1,2) size 6x14
      text run at (1,2) width 6: "1"
    RenderInline {SPAN} at (7,2) size 6x13
      RenderText {#text} at (7,2) size 6x14
        text run at (7,2) width 6: "2"
    RenderText {#text} at (23,2) size 6x14
      text run at (23,2) width 6: "3"
layer at (8,74) size 402x22 clip at (9,75) size 400x20
  RenderBlock {DIV} at (0,66) size 402x22 [border: (1px solid #008000)]
    RenderInline {SPAN} at (11,2) size 6x13
      RenderText {#text} at (11,2) size 6x14
        text run at (11,2) width 6: "1"
    RenderInline {SPAN} at (27,2) size 6x13
      RenderText {#text} at (27,2) size 6x14
        text run at (27,2) width 6: "2"
    RenderInline {SPAN} at (43,2) size 6x13
      RenderText {#text} at (43,2) size 6x14
        text run at (43,2) width 6: "3"
layer at (8,96) size 402x22 clip at (9,97) size 400x20
  RenderBlock {DIV} at (0,88) size 402x22 [border: (1px solid #008000)]
    RenderInline {SPAN} at (11,2) size 36x13
      RenderInline {SPAN} at (11,2) size 26x13
        RenderInline {SPAN} at (21,2) size 6x13
          RenderText {#text} at (21,2) size 6x14
            text run at (21,2) width 6: "1"
layer at (8,118) size 402x22 clip at (9,119) size 400x20
  RenderBlock {DIV} at (0,110) size 402x22 [border: (1px solid #008000)]
    RenderInline {SPAN} at (1,2) size 36x13
      RenderInline {SPAN} at (11,2) size 26x13
        RenderInline {SPAN} at (21,2) size 6x13
          RenderText {#text} at (21,2) size 6x14
            text run at (21,2) width 6: "1"
layer at (8,140) size 402x22 clip at (9,141) size 400x20
  RenderBlock {DIV} at (0,132) size 402x22 [border: (1px solid #008000)]
    RenderInline {SPAN} at (11,2) size 6x13
      RenderText {#text} at (11,2) size 6x14
        text run at (11,2) width 6: "1"
    RenderInline {SPAN} at (27,2) size 6x13
      RenderText {#text} at (27,2) size 6x14
        text run at (27,2) width 6: "2"
    RenderInline {SPAN} at (43,2) size 6x13
      RenderText {#text} at (43,2) size 6x14
        text run at (43,2) width 6: "3"
layer at (8,162) size 402x22 clip at (9,163) size 400x20
  RenderBlock {DIV} at (0,154) size 402x22 [border: (1px solid #008000)]
    RenderInline {SPAN} at (1,2) size 6x13
      RenderText {#text} at (1,2) size 6x14
        text run at (1,2) width 6: "1"
    RenderInline {SPAN} at (17,2) size 6x13
      RenderText {#text} at (17,2) size 6x14
        text run at (17,2) width 6: "2"
    RenderInline {SPAN} at (33,2) size 6x13
      RenderText {#text} at (33,2) size 6x14
        text run at (33,2) width 6: "3"
layer at (8,184) size 402x22 clip at (9,185) size 400x20
  RenderBlock {DIV} at (0,176) size 402x22 [border: (1px solid #008000)]
    RenderInline {SPAN} at (11,2) size 6x13
      RenderText {#text} at (11,2) size 6x14
        text run at (11,2) width 6: "1"
    RenderInline {SPAN} at (37,2) size 6x13
      RenderText {#text} at (37,2) size 6x14
        text run at (37,2) width 6: "2"
    RenderInline {SPAN} at (63,2) size 6x13
      RenderText {#text} at (63,2) size 6x14
        text run at (63,2) width 6: "3"
layer at (8,206) size 402x22 clip at (9,207) size 400x20
  RenderBlock {DIV} at (0,198) size 402x22 [border: (1px solid #008000)]
    RenderInline {SPAN} at (11,2) size 38x13
      RenderInline {SPAN} at (21,2) size 22x13
        RenderInline {SPAN} at (31,2) size 6x13
          RenderText {#text} at (31,2) size 6x14
            text run at (31,2) width 6: "1"
        RenderText {#text} at (37,2) size 6x14
          text run at (37,2) width 6: "2"
      RenderText {#text} at (43,2) size 6x14
        text run at (43,2) width 6: "3"
layer at (8,228) size 402x22 clip at (9,229) size 400x20
  RenderBlock {DIV} at (0,220) size 402x22 [border: (1px solid #008000)]
    RenderInline {SPAN} at (1,2) size 38x13
      RenderInline {SPAN} at (1,2) size 22x13
        RenderInline {SPAN} at (1,2) size 6x13
          RenderText {#text} at (1,2) size 6x14
            text run at (1,2) width 6: "1"
        RenderText {#text} at (17,2) size 6x14
          text run at (17,2) width 6: "2"
      RenderText {#text} at (33,2) size 6x14
        text run at (33,2) width 6: "3"
layer at (8,250) size 402x22 clip at (9,251) size 400x20
  RenderBlock {DIV} at (0,242) size 402x22 [border: (1px solid #008000)]
    RenderInline {SPAN} at (11,2) size 58x13
      RenderInline {SPAN} at (21,2) size 32x13
        RenderInline {SPAN} at (31,2) size 6x13
          RenderText {#text} at (31,2) size 6x14
            text run at (31,2) width 6: "1"
        RenderText {#text} at (47,2) size 6x14
          text run at (47,2) width 6: "2"
      RenderText {#text} at (63,2) size 6x14
        text run at (63,2) width 6: "3"
layer at (8,272) size 402x22 clip at (9,273) size 400x20
  RenderBlock {DIV} at (0,264) size 402x22 [border: (1px solid #008000)]
    RenderText {#text} at (1,2) size 6x14
      text run at (1,2) width 6: "1"
    RenderInline {SPAN} at (17,2) size 44x13
      RenderText {#text} at (17,2) size 6x14
        text run at (17,2) width 6: "2"
      RenderInline {SPAN} at (33,2) size 22x13
        RenderInline {SPAN} at (43,2) size 6x13
          RenderText {#text} at (43,2) size 6x14
            text run at (43,2) width 6: "3"
        RenderText {#text} at (49,2) size 6x14
          text run at (49,2) width 6: "4"
      RenderText {#text} at (55,2) size 6x14
        text run at (55,2) width 6: "5"
    RenderText {#text} at (61,2) size 6x14
      text run at (61,2) width 6: "6"
layer at (8,294) size 402x22 clip at (9,295) size 400x20
  RenderBlock {DIV} at (0,286) size 402x22 [border: (1px solid #008000)]
    RenderText {#text} at (1,2) size 6x14
      text run at (1,2) width 6: "1"
    RenderInline {SPAN} at (7,2) size 44x13
      RenderText {#text} at (7,2) size 6x14
        text run at (7,2) width 6: "2"
      RenderInline {SPAN} at (13,2) size 22x13
        RenderInline {SPAN} at (13,2) size 6x13
          RenderText {#text} at (13,2) size 6x14
            text run at (13,2) width 6: "3"
        RenderText {#text} at (29,2) size 6x14
          text run at (29,2) width 6: "4"
      RenderText {#text} at (45,2) size 6x14
        text run at (45,2) width 6: "5"
    RenderText {#text} at (61,2) size 6x14
      text run at (61,2) width 6: "6"
layer at (8,316) size 402x22 clip at (9,317) size 400x20
  RenderBlock {DIV} at (0,308) size 402x22 [border: (1px solid #008000)]
    RenderText {#text} at (1,2) size 6x14
      text run at (1,2) width 6: "1"
    RenderInline {SPAN} at (17,2) size 64x13
      RenderText {#text} at (17,2) size 6x14
        text run at (17,2) width 6: "2"
      RenderInline {SPAN} at (33,2) size 32x13
        RenderInline {SPAN} at (43,2) size 6x13
          RenderText {#text} at (43,2) size 6x14
            text run at (43,2) width 6: "3"
        RenderText {#text} at (59,2) size 6x14
          text run at (59,2) width 6: "4"
      RenderText {#text} at (75,2) size 6x14
        text run at (75,2) width 6: "5"
    RenderText {#text} at (91,2) size 6x14
      text run at (91,2) width 6: "6"
layer at (8,338) size 402x22 clip at (9,339) size 400x20
  RenderBlock {DIV} at (0,330) size 402x22 [border: (1px solid #008000)]
    RenderText {#text} at (1,2) size 6x14
      text run at (1,2) width 6: "1"
    RenderInline {SPAN} at (17,2) size 54x13
      RenderText {#text} at (17,2) size 6x14
        text run at (17,2) width 6: "2"
      RenderInline {SPAN} at (33,2) size 22x13
        RenderInline {SPAN} at (33,2) size 6x13
          RenderText {#text} at (33,2) size 6x14
            text run at (33,2) width 6: "3"
        RenderText {#text} at (49,2) size 6x14
          text run at (49,2) width 6: "4"
      RenderText {#text} at (65,2) size 6x14
        text run at (65,2) width 6: "5"
    RenderText {#text} at (71,2) size 6x14
      text run at (71,2) width 6: "6"
layer at (8,360) size 402x22 clip at (9,361) size 400x20
  RenderBlock {DIV} at (0,352) size 402x22 [border: (1px solid #008000)]
    RenderText {#text} at (1,2) size 6x14
      text run at (1,2) width 6: "1"
    RenderInline {SPAN} at (7,2) size 54x13
      RenderText {#text} at (7,2) size 6x14
        text run at (7,2) width 6: "2"
      RenderInline {SPAN} at (23,2) size 22x13
        RenderInline {SPAN} at (33,2) size 6x13
          RenderText {#text} at (33,2) size 6x14
            text run at (33,2) width 6: "3"
        RenderText {#text} at (39,2) size 6x14
          text run at (39,2) width 6: "4"
      RenderText {#text} at (55,2) size 6x14
        text run at (55,2) width 6: "5"
    RenderText {#text} at (71,2) size 6x14
      text run at (71,2) width 6: "6"
layer at (8,382) size 402x22 clip at (9,383) size 400x20
  RenderBlock {DIV} at (0,374) size 402x22 [border: (1px solid #008000)]
    RenderText {#text} at (1,2) size 6x14
      text run at (1,2) width 6: "1"
    RenderInline {SPAN} at (17,2) size 44x13
      RenderText {#text} at (17,2) size 6x14
        text run at (17,2) width 6: "2"
      RenderInline {SPAN} at (23,2) size 22x13
        RenderInline {SPAN} at (33,2) size 6x13
          RenderText {#text} at (33,2) size 6x14
            text run at (33,2) width 6: "3"
        RenderText {#text} at (39,2) size 6x14
          text run at (39,2) width 6: "4"
      RenderText {#text} at (55,2) size 6x14
        text run at (55,2) width 6: "5"
    RenderText {#text} at (71,2) size 6x14
      text run at (71,2) width 6: "6"
