layer at (0,0) size 800x600
  RenderView at (0,0) size 800x600
layer at (0,0) size 800x600
  RenderBlock {HTML} at (0,0) size 800x600
    RenderBody {BODY} at (8,8) size 784x584
      RenderBlock {DIV} at (0,0) size 300x102
        RenderText {#text} at (0,1) size 90x18
          text run at (0,1) width 90: "first line with "
        RenderBlock {DIV} at (89,0) size 103x102 [border: (1px solid #FF0000)]
          RenderText {#text} at (1,1) size 76x18
            text run at (1,1) width 76: "inline block"
        RenderText {#text} at (191,1) size 52x18
          text run at (191,1) width 52: " content"
