layer at (0,0) size 800x600
  RenderView at (0,0) size 800x600
layer at (0,0) size 800x600
  RenderBlock {HTML} at (0,0) size 800x600
    RenderBody {BODY} at (8,8) size 784x584
layer at (8,8) size 202x202 clip at (9,9) size 200x200
  RenderBlock {DIV} at (0,0) size 202x202 [border: (1px solid #008000)]
    RenderText {#text} at (1,1) size 37x18
      text run at (1,1) width 37: "inline"
    RenderText {#text} at (37,1) size 48x18
      text run at (37,1) width 48: "content"
layer at (95,73) size 69x56
  RenderBlock (positioned) {SPAN} at (50,50) size 69x56 [border: (1px solid #0000FF)]
    RenderText {#text} at (1,1) size 67x54
      text run at (1,1) width 54: "absolute"
      text run at (1,19) width 67: "positioned"
      text run at (1,37) width 48: "content"
