layer at (0,0) size 800x600
  RenderView at (0,0) size 800x600
layer at (0,0) size 800x600
  RenderBlock {HTML} at (0,0) size 800x600
    RenderBody {BODY} at (8,8) size 784x584
      RenderBlock {DIV} at (0,0) size 300x102
        RenderText {#text} at (0,1) size 86x18
          text run at (0,1) width 86: "first line with"
        RenderBlock {DIV} at (85,0) size 77x102 [border: (1px solid #FF0000)]
          RenderText {#text} at (1,1) size 74x18
            text run at (1,1) width 74: "shrink to fit"
        RenderText {#text} at (161,1) size 48x18
          text run at (161,1) width 48: "content"
