layer at (0,0) size 785x2687
  RenderView at (0,0) size 785x600
layer at (0,0) size 785x2687
  RenderBlock {HTML} at (0,0) size 785x2687
    RenderBody {BODY} at (8,16) size 769x2655
layer at (8,16) size 760x400
  RenderBlock {DIV} at (0,0) size 760x400 [border: (5px solid #800000)]
    RenderBlock (anonymous multi-column span) at (5,5) size 750x66
      RenderBlock {H2} at (0,19) size 750x28 [bgcolor=#EEEEEE]
        RenderText {#text} at (0,0) size 276x28
          text run at (0,0) width 276: "This is a spanning element."
layer at (13,87) size 750x324
  RenderBlock (anonymous multi-column) at (5,71) size 750x324
    RenderText {#text} at (0,0) size 363x631
      text run at (0,0) width 354: "Lorem ipsum dolor sit amet, consectetuer adipiscing elit."
      text run at (0,18) width 351: "Nulla varius enim ac mi. Curabitur sollicitudin felis quis"
      text run at (0,36) width 325: "lectus. Quisque adipiscing rhoncus sem. Proin nulla"
      text run at (0,54) width 358: "purus, vulputate vel, varius ut, euismod et, nisi. Sed vitae"
      text run at (0,72) width 343: "felis vel orci sagittis aliquam. Cras convallis adipiscing"
      text run at (0,90) width 340: "sem. Nam nonummy enim. Nullam bibendum lobortis"
      text run at (0,108) width 344: "neque. Vestibulum velit orci, tempus euismod, pretium"
      text run at (0,126) width 343: "quis, interdum vitae, nulla. Phasellus eget ante et tortor"
      text run at (0,144) width 343: "condimentum vestibulum. Suspendisse hendrerit quam"
      text run at (0,162) width 362: "nec felis. Sed varius turpis vitae pede. Lorem ipsum dolor"
      text run at (0,180) width 233: "sit amet, consectetuer adipiscing elit. "
      text run at (233,180) width 121: "Lorem ipsum dolor"
      text run at (0,198) width 363: "sit amet, consectetuer adipiscing elit. Nulla varius enim ac"
      text run at (0,216) width 318: "mi. Curabitur sollicitudin felis quis lectus. Quisque"
      text run at (0,234) width 356: "adipiscing rhoncus sem. Proin nulla purus, vulputate vel,"
      text run at (0,252) width 354: "varius ut, euismod et, nisi. Sed vitae felis vel orci sagittis"
      text run at (0,270) width 351: "aliquam. Cras convallis adipiscing sem. Nam nonummy"
      text run at (0,288) width 358: "enim. Nullam bibendum lobortis neque. Vestibulum velit"
      text run at (0,324) width 361: "orci, tempus euismod, pretium quis, interdum vitae, nulla."
      text run at (0,342) width 339: "Phasellus eget ante et tortor condimentum vestibulum."
      text run at (0,360) width 345: "Suspendisse hendrerit quam nec felis. Sed varius turpis"
      text run at (0,378) width 331: "vitae pede. Lorem ipsum dolor sit amet, consectetuer"
      text run at (0,396) width 95: "adipiscing elit. "
      text run at (95,396) width 259: "Lorem ipsum dolor sit amet, consectetuer"
      text run at (0,414) width 313: "adipiscing elit. Nulla varius enim ac mi. Curabitur"
      text run at (0,432) width 352: "sollicitudin felis quis lectus. Quisque adipiscing rhoncus"
      text run at (0,450) width 353: "sem. Proin nulla purus, vulputate vel, varius ut, euismod"
      text run at (0,468) width 326: "et, nisi. Sed vitae felis vel orci sagittis aliquam. Cras"
      text run at (0,486) width 350: "convallis adipiscing sem. Nam nonummy enim. Nullam"
      text run at (0,504) width 349: "bibendum lobortis neque. Vestibulum velit orci, tempus"
      text run at (0,522) width 343: "euismod, pretium quis, interdum vitae, nulla. Phasellus"
      text run at (0,540) width 357: "eget ante et tortor condimentum vestibulum. Suspendisse"
      text run at (0,558) width 336: "hendrerit quam nec felis. Sed varius turpis vitae pede."
      text run at (0,576) width 354: "Lorem ipsum dolor sit amet, consectetuer adipiscing elit."
      text run at (0,594) width 354: "Lorem ipsum dolor sit amet, consectetuer adipiscing elit."
      text run at (0,612) width 154: "Nulla varius enim ac mi."
layer at (8,432) size 760x400
  RenderBlock {DIV} at (0,416) size 760x400 [border: (5px solid #800000)]
    RenderBlock (anonymous multi-column span) at (5,329) size 750x66
      RenderBlock {H2} at (0,19) size 750x28 [bgcolor=#EEEEEE]
        RenderText {#text} at (0,0) size 276x28
          text run at (0,0) width 276: "This is a spanning element."
layer at (13,437) size 750x324
  RenderBlock (anonymous multi-column) at (5,5) size 750x324
    RenderText {#text} at (0,0) size 363x631
      text run at (0,0) width 354: "Lorem ipsum dolor sit amet, consectetuer adipiscing elit."
      text run at (0,18) width 351: "Nulla varius enim ac mi. Curabitur sollicitudin felis quis"
      text run at (0,36) width 325: "lectus. Quisque adipiscing rhoncus sem. Proin nulla"
      text run at (0,54) width 358: "purus, vulputate vel, varius ut, euismod et, nisi. Sed vitae"
      text run at (0,72) width 343: "felis vel orci sagittis aliquam. Cras convallis adipiscing"
      text run at (0,90) width 340: "sem. Nam nonummy enim. Nullam bibendum lobortis"
      text run at (0,108) width 344: "neque. Vestibulum velit orci, tempus euismod, pretium"
      text run at (0,126) width 343: "quis, interdum vitae, nulla. Phasellus eget ante et tortor"
      text run at (0,144) width 343: "condimentum vestibulum. Suspendisse hendrerit quam"
      text run at (0,162) width 362: "nec felis. Sed varius turpis vitae pede. Lorem ipsum dolor"
      text run at (0,180) width 233: "sit amet, consectetuer adipiscing elit. "
      text run at (233,180) width 121: "Lorem ipsum dolor"
      text run at (0,198) width 363: "sit amet, consectetuer adipiscing elit. Nulla varius enim ac"
      text run at (0,216) width 318: "mi. Curabitur sollicitudin felis quis lectus. Quisque"
      text run at (0,234) width 356: "adipiscing rhoncus sem. Proin nulla purus, vulputate vel,"
      text run at (0,252) width 354: "varius ut, euismod et, nisi. Sed vitae felis vel orci sagittis"
      text run at (0,270) width 351: "aliquam. Cras convallis adipiscing sem. Nam nonummy"
      text run at (0,288) width 358: "enim. Nullam bibendum lobortis neque. Vestibulum velit"
      text run at (0,324) width 361: "orci, tempus euismod, pretium quis, interdum vitae, nulla."
      text run at (0,342) width 339: "Phasellus eget ante et tortor condimentum vestibulum."
      text run at (0,360) width 345: "Suspendisse hendrerit quam nec felis. Sed varius turpis"
      text run at (0,378) width 331: "vitae pede. Lorem ipsum dolor sit amet, consectetuer"
      text run at (0,396) width 95: "adipiscing elit. "
      text run at (95,396) width 259: "Lorem ipsum dolor sit amet, consectetuer"
      text run at (0,414) width 313: "adipiscing elit. Nulla varius enim ac mi. Curabitur"
      text run at (0,432) width 352: "sollicitudin felis quis lectus. Quisque adipiscing rhoncus"
      text run at (0,450) width 353: "sem. Proin nulla purus, vulputate vel, varius ut, euismod"
      text run at (0,468) width 326: "et, nisi. Sed vitae felis vel orci sagittis aliquam. Cras"
      text run at (0,486) width 350: "convallis adipiscing sem. Nam nonummy enim. Nullam"
      text run at (0,504) width 349: "bibendum lobortis neque. Vestibulum velit orci, tempus"
      text run at (0,522) width 343: "euismod, pretium quis, interdum vitae, nulla. Phasellus"
      text run at (0,540) width 357: "eget ante et tortor condimentum vestibulum. Suspendisse"
      text run at (0,558) width 336: "hendrerit quam nec felis. Sed varius turpis vitae pede."
      text run at (0,576) width 354: "Lorem ipsum dolor sit amet, consectetuer adipiscing elit."
      text run at (0,594) width 354: "Lorem ipsum dolor sit amet, consectetuer adipiscing elit."
      text run at (0,612) width 154: "Nulla varius enim ac mi."
layer at (8,848) size 760x449
  RenderBlock {DIV} at (0,832) size 760x449 [border: (5px solid #800000)]
    RenderBlock (anonymous multi-column span) at (5,147) size 750x66
      RenderBlock {H2} at (0,19) size 750x28 [bgcolor=#EEEEEE]
        RenderText {#text} at (0,0) size 276x28
          text run at (0,0) width 276: "This is a spanning element."
layer at (13,853) size 750x142
  RenderBlock (anonymous multi-column) at (5,5) size 750x142
    RenderBlock {P} at (0,16) size 367x252
      RenderText {#text} at (0,0) size 363x253
        text run at (0,0) width 354: "Lorem ipsum dolor sit amet, consectetuer adipiscing elit."
        text run at (0,18) width 351: "Nulla varius enim ac mi. Curabitur sollicitudin felis quis"
        text run at (0,36) width 325: "lectus. Quisque adipiscing rhoncus sem. Proin nulla"
        text run at (0,54) width 358: "purus, vulputate vel, varius ut, euismod et, nisi. Sed vitae"
        text run at (0,72) width 343: "felis vel orci sagittis aliquam. Cras convallis adipiscing"
        text run at (0,90) width 340: "sem. Nam nonummy enim. Nullam bibendum lobortis"
        text run at (0,126) width 344: "neque. Vestibulum velit orci, tempus euismod, pretium"
        text run at (0,144) width 343: "quis, interdum vitae, nulla. Phasellus eget ante et tortor"
        text run at (0,162) width 343: "condimentum vestibulum. Suspendisse hendrerit quam"
        text run at (0,180) width 362: "nec felis. Sed varius turpis vitae pede. Lorem ipsum dolor"
        text run at (0,198) width 233: "sit amet, consectetuer adipiscing elit. "
        text run at (233,198) width 121: "Lorem ipsum dolor"
        text run at (0,216) width 363: "sit amet, consectetuer adipiscing elit. Nulla varius enim ac"
        text run at (0,234) width 20: "mi."
layer at (13,1061) size 750x231
  RenderBlock (anonymous multi-column) at (5,213) size 750x231
    RenderBlock {P} at (0,16) size 367x413
      RenderText {#text} at (0,0) size 363x414
        text run at (0,0) width 354: "Lorem ipsum dolor sit amet, consectetuer adipiscing elit."
        text run at (0,18) width 351: "Nulla varius enim ac mi. Curabitur sollicitudin felis quis"
        text run at (0,36) width 325: "lectus. Quisque adipiscing rhoncus sem. Proin nulla"
        text run at (0,54) width 358: "purus, vulputate vel, varius ut, euismod et, nisi. Sed vitae"
        text run at (0,72) width 343: "felis vel orci sagittis aliquam. Cras convallis adipiscing"
        text run at (0,90) width 340: "sem. Nam nonummy enim. Nullam bibendum lobortis"
        text run at (0,108) width 344: "neque. Vestibulum velit orci, tempus euismod, pretium"
        text run at (0,126) width 343: "quis, interdum vitae, nulla. Phasellus eget ante et tortor"
        text run at (0,144) width 343: "condimentum vestibulum. Suspendisse hendrerit quam"
        text run at (0,162) width 362: "nec felis. Sed varius turpis vitae pede. Lorem ipsum dolor"
        text run at (0,180) width 233: "sit amet, consectetuer adipiscing elit. "
        text run at (233,180) width 121: "Lorem ipsum dolor"
        text run at (0,215) width 363: "sit amet, consectetuer adipiscing elit. Nulla varius enim ac"
        text run at (0,233) width 318: "mi. Curabitur sollicitudin felis quis lectus. Quisque"
        text run at (0,251) width 356: "adipiscing rhoncus sem. Proin nulla purus, vulputate vel,"
        text run at (0,269) width 354: "varius ut, euismod et, nisi. Sed vitae felis vel orci sagittis"
        text run at (0,287) width 351: "aliquam. Cras convallis adipiscing sem. Nam nonummy"
        text run at (0,305) width 358: "enim. Nullam bibendum lobortis neque. Vestibulum velit"
        text run at (0,323) width 361: "orci, tempus euismod, pretium quis, interdum vitae, nulla."
        text run at (0,341) width 339: "Phasellus eget ante et tortor condimentum vestibulum."
        text run at (0,359) width 345: "Suspendisse hendrerit quam nec felis. Sed varius turpis"
        text run at (0,377) width 331: "vitae pede. Lorem ipsum dolor sit amet, consectetuer"
        text run at (0,395) width 91: "adipiscing elit."
layer at (8,1313) size 760x425
  RenderBlock {DIV} at (0,1297) size 760x425 [border: (5px solid #800000)]
    RenderBlock (anonymous multi-column span) at (5,140) size 750x66
      RenderBlock {H2} at (0,19) size 750x28 [bgcolor=#EEEEEE]
        RenderText {#text} at (0,0) size 276x28
          text run at (0,0) width 276: "This is a spanning element."
layer at (13,1318) size 750x135
  RenderBlock (anonymous multi-column) at (5,5) size 750x135
    RenderBlock (anonymous) at (0,0) size 367x243
      RenderText {#text} at (0,0) size 363x244
        text run at (0,0) width 354: "Lorem ipsum dolor sit amet, consectetuer adipiscing elit."
        text run at (0,18) width 351: "Nulla varius enim ac mi. Curabitur sollicitudin felis quis"
        text run at (0,36) width 325: "lectus. Quisque adipiscing rhoncus sem. Proin nulla"
        text run at (0,54) width 358: "purus, vulputate vel, varius ut, euismod et, nisi. Sed vitae"
        text run at (0,72) width 343: "felis vel orci sagittis aliquam. Cras convallis adipiscing"
        text run at (0,90) width 340: "sem. Nam nonummy enim. Nullam bibendum lobortis"
        text run at (0,108) width 344: "neque. Vestibulum velit orci, tempus euismod, pretium"
        text run at (0,135) width 343: "quis, interdum vitae, nulla. Phasellus eget ante et tortor"
        text run at (0,153) width 343: "condimentum vestibulum. Suspendisse hendrerit quam"
        text run at (0,171) width 362: "nec felis. Sed varius turpis vitae pede. Lorem ipsum dolor"
        text run at (0,189) width 233: "sit amet, consectetuer adipiscing elit. "
        text run at (233,189) width 121: "Lorem ipsum dolor"
        text run at (0,207) width 363: "sit amet, consectetuer adipiscing elit. Nulla varius enim ac"
        text run at (0,225) width 20: "mi."
layer at (13,1519) size 750x214
  RenderBlock (anonymous multi-column) at (5,206) size 750x214
    RenderBlock (anonymous) at (0,0) size 367x198
      RenderInline {SPAN} at (0,0) size 42x19
        RenderText {#text} at (0,0) size 42x19
          text run at (0,0) width 42: "Lorem"
      RenderText {#text} at (42,0) size 362x199
        text run at (42,0) width 312: " ipsum dolor sit amet, consectetuer adipiscing elit."
        text run at (0,18) width 351: "Nulla varius enim ac mi. Curabitur sollicitudin felis quis"
        text run at (0,36) width 325: "lectus. Quisque adipiscing rhoncus sem. Proin nulla"
        text run at (0,54) width 358: "purus, vulputate vel, varius ut, euismod et, nisi. Sed vitae"
        text run at (0,72) width 343: "felis vel orci sagittis aliquam. Cras convallis adipiscing"
        text run at (0,90) width 340: "sem. Nam nonummy enim. Nullam bibendum lobortis"
        text run at (0,108) width 344: "neque. Vestibulum velit orci, tempus euismod, pretium"
        text run at (0,126) width 343: "quis, interdum vitae, nulla. Phasellus eget ante et tortor"
        text run at (0,144) width 343: "condimentum vestibulum. Suspendisse hendrerit quam"
        text run at (0,162) width 362: "nec felis. Sed varius turpis vitae pede. Lorem ipsum dolor"
        text run at (0,180) width 229: "sit amet, consectetuer adipiscing elit."
    RenderBlock {P} at (0,214) size 367x198
      RenderText {#text} at (0,0) size 362x199
        text run at (0,0) width 354: "Lorem ipsum dolor sit amet, consectetuer adipiscing elit."
        text run at (0,18) width 351: "Nulla varius enim ac mi. Curabitur sollicitudin felis quis"
        text run at (0,36) width 325: "lectus. Quisque adipiscing rhoncus sem. Proin nulla"
        text run at (0,54) width 358: "purus, vulputate vel, varius ut, euismod et, nisi. Sed vitae"
        text run at (0,72) width 343: "felis vel orci sagittis aliquam. Cras convallis adipiscing"
        text run at (0,90) width 340: "sem. Nam nonummy enim. Nullam bibendum lobortis"
        text run at (0,108) width 344: "neque. Vestibulum velit orci, tempus euismod, pretium"
        text run at (0,126) width 343: "quis, interdum vitae, nulla. Phasellus eget ante et tortor"
        text run at (0,144) width 343: "condimentum vestibulum. Suspendisse hendrerit quam"
        text run at (0,162) width 362: "nec felis. Sed varius turpis vitae pede. Lorem ipsum dolor"
        text run at (0,180) width 229: "sit amet, consectetuer adipiscing elit."
layer at (8,1754) size 760x434
  RenderBlock {DIV} at (0,1738) size 760x434 [border: (5px solid #800000)]
    RenderBlock (anonymous multi-column span) at (5,239) size 750x66
      RenderBlock {H2} at (0,19) size 750x28 [bgcolor=#EEEEEE]
        RenderText {#text} at (0,0) size 276x28
          text run at (0,0) width 276: "This is a spanning element."
layer at (13,1759) size 750x234
  RenderBlock (anonymous multi-column) at (5,5) size 750x234
    RenderBlock (anonymous) at (0,0) size 367x198
      RenderInline {SPAN} at (0,0) size 362x199
        RenderText {#text} at (0,0) size 362x199
          text run at (0,0) width 354: "Lorem ipsum dolor sit amet, consectetuer adipiscing elit."
          text run at (0,18) width 351: "Nulla varius enim ac mi. Curabitur sollicitudin felis quis"
          text run at (0,36) width 325: "lectus. Quisque adipiscing rhoncus sem. Proin nulla"
          text run at (0,54) width 358: "purus, vulputate vel, varius ut, euismod et, nisi. Sed vitae"
          text run at (0,72) width 343: "felis vel orci sagittis aliquam. Cras convallis adipiscing"
          text run at (0,90) width 340: "sem. Nam nonummy enim. Nullam bibendum lobortis"
          text run at (0,108) width 344: "neque. Vestibulum velit orci, tempus euismod, pretium"
          text run at (0,126) width 343: "quis, interdum vitae, nulla. Phasellus eget ante et tortor"
          text run at (0,144) width 343: "condimentum vestibulum. Suspendisse hendrerit quam"
          text run at (0,162) width 362: "nec felis. Sed varius turpis vitae pede. Lorem ipsum dolor"
          text run at (0,180) width 229: "sit amet, consectetuer adipiscing elit."
    RenderBlock (anonymous) at (0,198) size 367x54
      RenderBlock {SPAN} at (0,0) size 367x54
        RenderText {#text} at (0,0) size 354x55
          text run at (0,0) width 354: "Lorem ipsum dolor sit amet, consectetuer adipiscing elit."
          text run at (0,36) width 154: "Nulla varius enim ac mi."
    RenderBlock (anonymous) at (0,252) size 367x198
      RenderInline {SPAN} at (0,0) size 42x19
        RenderText {#text} at (0,0) size 42x19
          text run at (0,0) width 42: "Lorem"
      RenderText {#text} at (42,0) size 362x199
        text run at (42,0) width 312: " ipsum dolor sit amet, consectetuer adipiscing elit."
        text run at (0,18) width 351: "Nulla varius enim ac mi. Curabitur sollicitudin felis quis"
        text run at (0,36) width 325: "lectus. Quisque adipiscing rhoncus sem. Proin nulla"
        text run at (0,54) width 358: "purus, vulputate vel, varius ut, euismod et, nisi. Sed vitae"
        text run at (0,72) width 343: "felis vel orci sagittis aliquam. Cras convallis adipiscing"
        text run at (0,90) width 340: "sem. Nam nonummy enim. Nullam bibendum lobortis"
        text run at (0,108) width 344: "neque. Vestibulum velit orci, tempus euismod, pretium"
        text run at (0,126) width 343: "quis, interdum vitae, nulla. Phasellus eget ante et tortor"
        text run at (0,144) width 343: "condimentum vestibulum. Suspendisse hendrerit quam"
        text run at (0,162) width 362: "nec felis. Sed varius turpis vitae pede. Lorem ipsum dolor"
        text run at (0,180) width 229: "sit amet, consectetuer adipiscing elit."
layer at (13,2059) size 750x124
  RenderBlock (anonymous multi-column) at (5,305) size 750x124
    RenderBlock {P} at (0,16) size 367x216
      RenderText {#text} at (0,0) size 362x217
        text run at (0,0) width 354: "Lorem ipsum dolor sit amet, consectetuer adipiscing elit."
        text run at (0,18) width 351: "Nulla varius enim ac mi. Curabitur sollicitudin felis quis"
        text run at (0,36) width 325: "lectus. Quisque adipiscing rhoncus sem. Proin nulla"
        text run at (0,54) width 358: "purus, vulputate vel, varius ut, euismod et, nisi. Sed vitae"
        text run at (0,72) width 343: "felis vel orci sagittis aliquam. Cras convallis adipiscing"
        text run at (0,108) width 340: "sem. Nam nonummy enim. Nullam bibendum lobortis"
        text run at (0,126) width 344: "neque. Vestibulum velit orci, tempus euismod, pretium"
        text run at (0,144) width 343: "quis, interdum vitae, nulla. Phasellus eget ante et tortor"
        text run at (0,162) width 343: "condimentum vestibulum. Suspendisse hendrerit quam"
        text run at (0,180) width 362: "nec felis. Sed varius turpis vitae pede. Lorem ipsum dolor"
        text run at (0,198) width 229: "sit amet, consectetuer adipiscing elit."
layer at (8,2204) size 760x467
  RenderBlock {DIV} at (0,2188) size 760x467 [border: (5px solid #800000)]
    RenderBlock (anonymous multi-column span) at (5,270) size 750x66
      RenderBlock {H2} at (0,19) size 750x28 [bgcolor=#EEEEEE]
        RenderText {#text} at (0,0) size 276x28
          text run at (0,0) width 276: "This is a spanning element."
layer at (13,2209) size 750x265
  RenderBlock (anonymous multi-column) at (5,5) size 750x265
    RenderBlock {P} at (0,16) size 367x198
      RenderText {#text} at (0,0) size 362x199
        text run at (0,0) width 354: "Lorem ipsum dolor sit amet, consectetuer adipiscing elit."
        text run at (0,18) width 351: "Nulla varius enim ac mi. Curabitur sollicitudin felis quis"
        text run at (0,36) width 325: "lectus. Quisque adipiscing rhoncus sem. Proin nulla"
        text run at (0,54) width 358: "purus, vulputate vel, varius ut, euismod et, nisi. Sed vitae"
        text run at (0,72) width 343: "felis vel orci sagittis aliquam. Cras convallis adipiscing"
        text run at (0,90) width 340: "sem. Nam nonummy enim. Nullam bibendum lobortis"
        text run at (0,108) width 344: "neque. Vestibulum velit orci, tempus euismod, pretium"
        text run at (0,126) width 343: "quis, interdum vitae, nulla. Phasellus eget ante et tortor"
        text run at (0,144) width 343: "condimentum vestibulum. Suspendisse hendrerit quam"
        text run at (0,162) width 362: "nec felis. Sed varius turpis vitae pede. Lorem ipsum dolor"
        text run at (0,180) width 229: "sit amet, consectetuer adipiscing elit."
    RenderBlock {P} at (0,230) size 367x53
      RenderText {#text} at (0,0) size 354x54
        text run at (0,0) width 354: "Lorem ipsum dolor sit amet, consectetuer adipiscing elit."
        text run at (0,35) width 154: "Nulla varius enim ac mi."
    RenderBlock {P} at (0,299) size 367x198
      RenderText {#text} at (0,0) size 362x199
        text run at (0,0) width 354: "Lorem ipsum dolor sit amet, consectetuer adipiscing elit."
        text run at (0,18) width 351: "Nulla varius enim ac mi. Curabitur sollicitudin felis quis"
        text run at (0,36) width 325: "lectus. Quisque adipiscing rhoncus sem. Proin nulla"
        text run at (0,54) width 358: "purus, vulputate vel, varius ut, euismod et, nisi. Sed vitae"
        text run at (0,72) width 343: "felis vel orci sagittis aliquam. Cras convallis adipiscing"
        text run at (0,90) width 340: "sem. Nam nonummy enim. Nullam bibendum lobortis"
        text run at (0,108) width 344: "neque. Vestibulum velit orci, tempus euismod, pretium"
        text run at (0,126) width 343: "quis, interdum vitae, nulla. Phasellus eget ante et tortor"
        text run at (0,144) width 343: "condimentum vestibulum. Suspendisse hendrerit quam"
        text run at (0,162) width 362: "nec felis. Sed varius turpis vitae pede. Lorem ipsum dolor"
        text run at (0,180) width 229: "sit amet, consectetuer adipiscing elit."
layer at (13,2540) size 750x126
  RenderBlock (anonymous multi-column) at (5,336) size 750x126
    RenderBlock (anonymous) at (0,0) size 367x18
      RenderInline {SPAN} at (0,0) size 354x19
        RenderText {#text} at (0,0) size 354x19
          text run at (0,0) width 354: "Lorem ipsum dolor sit amet, consectetuer adipiscing elit."
    RenderBlock (anonymous) at (0,18) size 367x18
      RenderBlock {SPAN} at (0,0) size 367x18
        RenderText {#text} at (0,0) size 154x19
          text run at (0,0) width 154: "Nulla varius enim ac mi."
    RenderBlock (anonymous) at (0,36) size 367x198
      RenderInline {SPAN} at (0,0) size 362x199
        RenderText {#text} at (0,0) size 362x199
          text run at (0,0) width 362: "Curabitur sollicitudin felis quis lectus. Quisque adipiscing"
          text run at (0,18) width 350: "rhoncus sem. Proin nulla purus, vulputate vel, varius ut,"
          text run at (0,36) width 350: "euismod et, nisi. Sed vitae felis vel orci sagittis aliquam."
          text run at (0,54) width 332: "Cras convallis adipiscing sem. Nam nonummy enim."
          text run at (0,90) width 351: "Nullam bibendum lobortis neque. Vestibulum velit orci,"
          text run at (0,108) width 329: "tempus euismod, pretium quis, interdum vitae, nulla."
          text run at (0,126) width 339: "Phasellus eget ante et tortor condimentum vestibulum."
          text run at (0,144) width 345: "Suspendisse hendrerit quam nec felis. Sed varius turpis"
          text run at (0,162) width 331: "vitae pede. Lorem ipsum dolor sit amet, consectetuer"
          text run at (0,180) width 91: "adipiscing elit."
      RenderText {#text} at (0,0) size 0x0
