layer at (0,0) size 785x2799
  RenderView at (0,0) size 785x600
layer at (0,0) size 785x2799
  RenderBlock {HTML} at (0,0) size 785x2799
    RenderBody {BODY} at (8,16) size 769x2767
layer at (8,16) size 760x421
  RenderBlock {DIV} at (0,0) size 760x421 [border: (5px solid #800000)]
    RenderBlock (anonymous multi-column span) at (5,24) size 750x66
      RenderBlock {H2} at (0,19) size 750x28 [bgcolor=#EEEEEE]
        RenderText {#text} at (0,0) size 276x28
          text run at (0,0) width 276: "This is a spanning element."
layer at (13,21) size 750x19
  RenderBlock (anonymous multi-column) at (5,5) size 750x19
    RenderBlock (generated) at (0,0) size 367x18 [bgcolor=#FFFF00]
      RenderText at (0,0) size 166x19
        text run at (0,0) width 166: "Before Generated Content"
layer at (13,106) size 750x326
  RenderBlock (anonymous multi-column) at (5,90) size 750x326
    RenderBlock (anonymous) at (0,0) size 367x614
      RenderText {#text} at (0,0) size 363x615
        text run at (0,0) width 354: "Lorem ipsum dolor sit amet, consectetuer adipiscing elit."
        text run at (0,18) width 351: "Nulla varius enim ac mi. Curabitur sollicitudin felis quis"
        text run at (0,36) width 325: "lectus. Quisque adipiscing rhoncus sem. Proin nulla"
        text run at (0,54) width 358: "purus, vulputate vel, varius ut, euismod et, nisi. Sed vitae"
        text run at (0,72) width 343: "felis vel orci sagittis aliquam. Cras convallis adipiscing"
        text run at (0,90) width 340: "sem. Nam nonummy enim. Nullam bibendum lobortis"
        text run at (0,108) width 344: "neque. Vestibulum velit orci, tempus euismod, pretium"
        text run at (0,126) width 343: "quis, interdum vitae, nulla. Phasellus eget ante et tortor"
        text run at (0,144) width 343: "condimentum vestibulum. Suspendisse hendrerit quam"
        text run at (0,162) width 362: "nec felis. Sed varius turpis vitae pede. Lorem ipsum dolor"
        text run at (0,180) width 233: "sit amet, consectetuer adipiscing elit. "
        text run at (233,180) width 121: "Lorem ipsum dolor"
        text run at (0,198) width 363: "sit amet, consectetuer adipiscing elit. Nulla varius enim ac"
        text run at (0,216) width 318: "mi. Curabitur sollicitudin felis quis lectus. Quisque"
        text run at (0,234) width 356: "adipiscing rhoncus sem. Proin nulla purus, vulputate vel,"
        text run at (0,252) width 354: "varius ut, euismod et, nisi. Sed vitae felis vel orci sagittis"
        text run at (0,270) width 351: "aliquam. Cras convallis adipiscing sem. Nam nonummy"
        text run at (0,288) width 358: "enim. Nullam bibendum lobortis neque. Vestibulum velit"
        text run at (0,306) width 361: "orci, tempus euismod, pretium quis, interdum vitae, nulla."
        text run at (0,326) width 339: "Phasellus eget ante et tortor condimentum vestibulum."
        text run at (0,344) width 345: "Suspendisse hendrerit quam nec felis. Sed varius turpis"
        text run at (0,362) width 331: "vitae pede. Lorem ipsum dolor sit amet, consectetuer"
        text run at (0,380) width 95: "adipiscing elit. "
        text run at (95,380) width 259: "Lorem ipsum dolor sit amet, consectetuer"
        text run at (0,398) width 313: "adipiscing elit. Nulla varius enim ac mi. Curabitur"
        text run at (0,416) width 352: "sollicitudin felis quis lectus. Quisque adipiscing rhoncus"
        text run at (0,434) width 353: "sem. Proin nulla purus, vulputate vel, varius ut, euismod"
        text run at (0,452) width 326: "et, nisi. Sed vitae felis vel orci sagittis aliquam. Cras"
        text run at (0,470) width 350: "convallis adipiscing sem. Nam nonummy enim. Nullam"
        text run at (0,488) width 349: "bibendum lobortis neque. Vestibulum velit orci, tempus"
        text run at (0,506) width 343: "euismod, pretium quis, interdum vitae, nulla. Phasellus"
        text run at (0,524) width 357: "eget ante et tortor condimentum vestibulum. Suspendisse"
        text run at (0,542) width 336: "hendrerit quam nec felis. Sed varius turpis vitae pede."
        text run at (0,560) width 354: "Lorem ipsum dolor sit amet, consectetuer adipiscing elit."
        text run at (0,578) width 354: "Lorem ipsum dolor sit amet, consectetuer adipiscing elit."
        text run at (0,596) width 154: "Nulla varius enim ac mi."
    RenderBlock (generated) at (0,614) size 367x20 [bgcolor=#FFFF00]
      RenderText at (0,0) size 156x19
        text run at (0,0) width 156: "After Generated Content"
layer at (8,453) size 760x428
  RenderBlock {DIV} at (0,437) size 760x428 [border: (5px solid #800000)]
    RenderBlock (anonymous multi-column span) at (5,338) size 750x66
      RenderBlock {H2} at (0,19) size 750x28 [bgcolor=#EEEEEE]
        RenderText {#text} at (0,0) size 276x28
          text run at (0,0) width 276: "This is a spanning element."
layer at (13,458) size 750x333
  RenderBlock (anonymous multi-column) at (5,5) size 750x333
    RenderBlock (generated) at (0,0) size 367x18 [bgcolor=#FFFF00]
      RenderText at (0,0) size 166x19
        text run at (0,0) width 166: "Before Generated Content"
    RenderBlock (anonymous) at (0,18) size 367x621
      RenderText {#text} at (0,0) size 363x622
        text run at (0,0) width 354: "Lorem ipsum dolor sit amet, consectetuer adipiscing elit."
        text run at (0,18) width 351: "Nulla varius enim ac mi. Curabitur sollicitudin felis quis"
        text run at (0,36) width 325: "lectus. Quisque adipiscing rhoncus sem. Proin nulla"
        text run at (0,54) width 358: "purus, vulputate vel, varius ut, euismod et, nisi. Sed vitae"
        text run at (0,72) width 343: "felis vel orci sagittis aliquam. Cras convallis adipiscing"
        text run at (0,90) width 340: "sem. Nam nonummy enim. Nullam bibendum lobortis"
        text run at (0,108) width 344: "neque. Vestibulum velit orci, tempus euismod, pretium"
        text run at (0,126) width 343: "quis, interdum vitae, nulla. Phasellus eget ante et tortor"
        text run at (0,144) width 343: "condimentum vestibulum. Suspendisse hendrerit quam"
        text run at (0,162) width 362: "nec felis. Sed varius turpis vitae pede. Lorem ipsum dolor"
        text run at (0,180) width 233: "sit amet, consectetuer adipiscing elit. "
        text run at (233,180) width 121: "Lorem ipsum dolor"
        text run at (0,198) width 363: "sit amet, consectetuer adipiscing elit. Nulla varius enim ac"
        text run at (0,216) width 318: "mi. Curabitur sollicitudin felis quis lectus. Quisque"
        text run at (0,234) width 356: "adipiscing rhoncus sem. Proin nulla purus, vulputate vel,"
        text run at (0,252) width 354: "varius ut, euismod et, nisi. Sed vitae felis vel orci sagittis"
        text run at (0,270) width 351: "aliquam. Cras convallis adipiscing sem. Nam nonummy"
        text run at (0,288) width 358: "enim. Nullam bibendum lobortis neque. Vestibulum velit"
        text run at (0,315) width 361: "orci, tempus euismod, pretium quis, interdum vitae, nulla."
        text run at (0,333) width 339: "Phasellus eget ante et tortor condimentum vestibulum."
        text run at (0,351) width 345: "Suspendisse hendrerit quam nec felis. Sed varius turpis"
        text run at (0,369) width 331: "vitae pede. Lorem ipsum dolor sit amet, consectetuer"
        text run at (0,387) width 95: "adipiscing elit. "
        text run at (95,387) width 259: "Lorem ipsum dolor sit amet, consectetuer"
        text run at (0,405) width 313: "adipiscing elit. Nulla varius enim ac mi. Curabitur"
        text run at (0,423) width 352: "sollicitudin felis quis lectus. Quisque adipiscing rhoncus"
        text run at (0,441) width 353: "sem. Proin nulla purus, vulputate vel, varius ut, euismod"
        text run at (0,459) width 326: "et, nisi. Sed vitae felis vel orci sagittis aliquam. Cras"
        text run at (0,477) width 350: "convallis adipiscing sem. Nam nonummy enim. Nullam"
        text run at (0,495) width 349: "bibendum lobortis neque. Vestibulum velit orci, tempus"
        text run at (0,513) width 343: "euismod, pretium quis, interdum vitae, nulla. Phasellus"
        text run at (0,531) width 357: "eget ante et tortor condimentum vestibulum. Suspendisse"
        text run at (0,549) width 336: "hendrerit quam nec felis. Sed varius turpis vitae pede."
        text run at (0,567) width 354: "Lorem ipsum dolor sit amet, consectetuer adipiscing elit."
        text run at (0,585) width 354: "Lorem ipsum dolor sit amet, consectetuer adipiscing elit."
        text run at (0,603) width 154: "Nulla varius enim ac mi."
layer at (13,857) size 750x19
  RenderBlock (anonymous multi-column) at (5,404) size 750x19
    RenderBlock (generated) at (0,0) size 367x20 [bgcolor=#FFFF00]
      RenderText at (0,0) size 156x19
        text run at (0,0) width 156: "After Generated Content"
layer at (8,897) size 760x469
  RenderBlock {DIV} at (0,881) size 760x469 [border: (5px solid #800000)]
    RenderBlock (anonymous multi-column span) at (5,164) size 750x66
      RenderBlock {H2} at (0,19) size 750x28 [bgcolor=#EEEEEE]
        RenderText {#text} at (0,0) size 276x28
          text run at (0,0) width 276: "This is a spanning element."
layer at (13,902) size 750x159
  RenderBlock (anonymous multi-column) at (5,5) size 750x159
    RenderBlock (generated) at (0,0) size 367x18 [bgcolor=#FFFF00]
      RenderText at (0,0) size 166x19
        text run at (0,0) width 166: "Before Generated Content"
    RenderBlock {P} at (0,34) size 367x251
      RenderText {#text} at (0,0) size 363x252
        text run at (0,0) width 354: "Lorem ipsum dolor sit amet, consectetuer adipiscing elit."
        text run at (0,18) width 351: "Nulla varius enim ac mi. Curabitur sollicitudin felis quis"
        text run at (0,36) width 325: "lectus. Quisque adipiscing rhoncus sem. Proin nulla"
        text run at (0,54) width 358: "purus, vulputate vel, varius ut, euismod et, nisi. Sed vitae"
        text run at (0,72) width 343: "felis vel orci sagittis aliquam. Cras convallis adipiscing"
        text run at (0,90) width 340: "sem. Nam nonummy enim. Nullam bibendum lobortis"
        text run at (0,125) width 344: "neque. Vestibulum velit orci, tempus euismod, pretium"
        text run at (0,143) width 343: "quis, interdum vitae, nulla. Phasellus eget ante et tortor"
        text run at (0,161) width 343: "condimentum vestibulum. Suspendisse hendrerit quam"
        text run at (0,179) width 362: "nec felis. Sed varius turpis vitae pede. Lorem ipsum dolor"
        text run at (0,197) width 233: "sit amet, consectetuer adipiscing elit. "
        text run at (233,197) width 121: "Lorem ipsum dolor"
        text run at (0,215) width 363: "sit amet, consectetuer adipiscing elit. Nulla varius enim ac"
        text run at (0,233) width 20: "mi."
layer at (13,1127) size 750x234
  RenderBlock (anonymous multi-column) at (5,230) size 750x234
    RenderBlock {P} at (0,16) size 367x398
      RenderText {#text} at (0,0) size 363x399
        text run at (0,0) width 354: "Lorem ipsum dolor sit amet, consectetuer adipiscing elit."
        text run at (0,18) width 351: "Nulla varius enim ac mi. Curabitur sollicitudin felis quis"
        text run at (0,36) width 325: "lectus. Quisque adipiscing rhoncus sem. Proin nulla"
        text run at (0,54) width 358: "purus, vulputate vel, varius ut, euismod et, nisi. Sed vitae"
        text run at (0,72) width 343: "felis vel orci sagittis aliquam. Cras convallis adipiscing"
        text run at (0,90) width 340: "sem. Nam nonummy enim. Nullam bibendum lobortis"
        text run at (0,108) width 344: "neque. Vestibulum velit orci, tempus euismod, pretium"
        text run at (0,126) width 343: "quis, interdum vitae, nulla. Phasellus eget ante et tortor"
        text run at (0,144) width 343: "condimentum vestibulum. Suspendisse hendrerit quam"
        text run at (0,162) width 362: "nec felis. Sed varius turpis vitae pede. Lorem ipsum dolor"
        text run at (0,180) width 233: "sit amet, consectetuer adipiscing elit. "
        text run at (233,180) width 121: "Lorem ipsum dolor"
        text run at (0,198) width 363: "sit amet, consectetuer adipiscing elit. Nulla varius enim ac"
        text run at (0,218) width 318: "mi. Curabitur sollicitudin felis quis lectus. Quisque"
        text run at (0,236) width 356: "adipiscing rhoncus sem. Proin nulla purus, vulputate vel,"
        text run at (0,254) width 354: "varius ut, euismod et, nisi. Sed vitae felis vel orci sagittis"
        text run at (0,272) width 351: "aliquam. Cras convallis adipiscing sem. Nam nonummy"
        text run at (0,290) width 358: "enim. Nullam bibendum lobortis neque. Vestibulum velit"
        text run at (0,308) width 361: "orci, tempus euismod, pretium quis, interdum vitae, nulla."
        text run at (0,326) width 339: "Phasellus eget ante et tortor condimentum vestibulum."
        text run at (0,344) width 345: "Suspendisse hendrerit quam nec felis. Sed varius turpis"
        text run at (0,362) width 331: "vitae pede. Lorem ipsum dolor sit amet, consectetuer"
        text run at (0,380) width 91: "adipiscing elit."
    RenderBlock (generated) at (0,430) size 367x20 [bgcolor=#FFFF00]
      RenderText at (0,0) size 156x19
        text run at (0,0) width 156: "After Generated Content"
layer at (8,1382) size 760x454
  RenderBlock {DIV} at (0,1366) size 760x454 [border: (5px solid #800000)]
    RenderBlock (anonymous multi-column span) at (5,149) size 750x66
      RenderBlock {H2} at (0,19) size 750x28 [bgcolor=#EEEEEE]
        RenderText {#text} at (0,0) size 276x28
          text run at (0,0) width 276: "This is a spanning element."
layer at (13,1387) size 750x144
  RenderBlock (anonymous multi-column) at (5,5) size 750x144
    RenderBlock (generated) at (0,0) size 367x18 [bgcolor=#FFFF00]
      RenderText at (0,0) size 166x19
        text run at (0,0) width 166: "Before Generated Content"
    RenderBlock (anonymous) at (0,18) size 367x252
      RenderText {#text} at (0,0) size 363x253
        text run at (0,0) width 354: "Lorem ipsum dolor sit amet, consectetuer adipiscing elit."
        text run at (0,18) width 351: "Nulla varius enim ac mi. Curabitur sollicitudin felis quis"
        text run at (0,36) width 325: "lectus. Quisque adipiscing rhoncus sem. Proin nulla"
        text run at (0,54) width 358: "purus, vulputate vel, varius ut, euismod et, nisi. Sed vitae"
        text run at (0,72) width 343: "felis vel orci sagittis aliquam. Cras convallis adipiscing"
        text run at (0,90) width 340: "sem. Nam nonummy enim. Nullam bibendum lobortis"
        text run at (0,126) width 344: "neque. Vestibulum velit orci, tempus euismod, pretium"
        text run at (0,144) width 343: "quis, interdum vitae, nulla. Phasellus eget ante et tortor"
        text run at (0,162) width 343: "condimentum vestibulum. Suspendisse hendrerit quam"
        text run at (0,180) width 362: "nec felis. Sed varius turpis vitae pede. Lorem ipsum dolor"
        text run at (0,198) width 233: "sit amet, consectetuer adipiscing elit. "
        text run at (233,198) width 121: "Lorem ipsum dolor"
        text run at (0,216) width 363: "sit amet, consectetuer adipiscing elit. Nulla varius enim ac"
        text run at (0,234) width 20: "mi."
layer at (13,1597) size 750x234
  RenderBlock (anonymous multi-column) at (5,215) size 750x234
    RenderBlock (anonymous) at (0,0) size 367x198
      RenderInline {SPAN} at (0,0) size 42x19
        RenderText {#text} at (0,0) size 42x19
          text run at (0,0) width 42: "Lorem"
      RenderText {#text} at (42,0) size 362x199
        text run at (42,0) width 312: " ipsum dolor sit amet, consectetuer adipiscing elit."
        text run at (0,18) width 351: "Nulla varius enim ac mi. Curabitur sollicitudin felis quis"
        text run at (0,36) width 325: "lectus. Quisque adipiscing rhoncus sem. Proin nulla"
        text run at (0,54) width 358: "purus, vulputate vel, varius ut, euismod et, nisi. Sed vitae"
        text run at (0,72) width 343: "felis vel orci sagittis aliquam. Cras convallis adipiscing"
        text run at (0,90) width 340: "sem. Nam nonummy enim. Nullam bibendum lobortis"
        text run at (0,108) width 344: "neque. Vestibulum velit orci, tempus euismod, pretium"
        text run at (0,126) width 343: "quis, interdum vitae, nulla. Phasellus eget ante et tortor"
        text run at (0,144) width 343: "condimentum vestibulum. Suspendisse hendrerit quam"
        text run at (0,162) width 362: "nec felis. Sed varius turpis vitae pede. Lorem ipsum dolor"
        text run at (0,180) width 229: "sit amet, consectetuer adipiscing elit."
    RenderBlock {P} at (0,214) size 367x200
      RenderText {#text} at (0,0) size 362x201
        text run at (0,0) width 354: "Lorem ipsum dolor sit amet, consectetuer adipiscing elit."
        text run at (0,20) width 351: "Nulla varius enim ac mi. Curabitur sollicitudin felis quis"
        text run at (0,38) width 325: "lectus. Quisque adipiscing rhoncus sem. Proin nulla"
        text run at (0,56) width 358: "purus, vulputate vel, varius ut, euismod et, nisi. Sed vitae"
        text run at (0,74) width 343: "felis vel orci sagittis aliquam. Cras convallis adipiscing"
        text run at (0,92) width 340: "sem. Nam nonummy enim. Nullam bibendum lobortis"
        text run at (0,110) width 344: "neque. Vestibulum velit orci, tempus euismod, pretium"
        text run at (0,128) width 343: "quis, interdum vitae, nulla. Phasellus eget ante et tortor"
        text run at (0,146) width 343: "condimentum vestibulum. Suspendisse hendrerit quam"
        text run at (0,164) width 362: "nec felis. Sed varius turpis vitae pede. Lorem ipsum dolor"
        text run at (0,182) width 229: "sit amet, consectetuer adipiscing elit."
    RenderBlock (generated) at (0,430) size 367x20 [bgcolor=#FFFF00]
      RenderText at (0,0) size 156x19
        text run at (0,0) width 156: "After Generated Content"
layer at (8,1852) size 760x445
  RenderBlock {DIV} at (0,1836) size 760x445 [border: (5px solid #800000)]
    RenderBlock (anonymous multi-column span) at (5,248) size 750x66
      RenderBlock {H2} at (0,19) size 750x28 [bgcolor=#EEEEEE]
        RenderText {#text} at (0,0) size 276x28
          text run at (0,0) width 276: "This is a spanning element."
layer at (13,1857) size 750x243
  RenderBlock (anonymous multi-column) at (5,5) size 750x243
    RenderBlock (generated) at (0,0) size 367x18 [bgcolor=#FFFF00]
      RenderText at (0,0) size 166x19
        text run at (0,0) width 166: "Before Generated Content"
    RenderBlock (anonymous) at (0,18) size 367x198
      RenderInline {SPAN} at (0,0) size 362x199
        RenderText {#text} at (0,0) size 362x199
          text run at (0,0) width 354: "Lorem ipsum dolor sit amet, consectetuer adipiscing elit."
          text run at (0,18) width 351: "Nulla varius enim ac mi. Curabitur sollicitudin felis quis"
          text run at (0,36) width 325: "lectus. Quisque adipiscing rhoncus sem. Proin nulla"
          text run at (0,54) width 358: "purus, vulputate vel, varius ut, euismod et, nisi. Sed vitae"
          text run at (0,72) width 343: "felis vel orci sagittis aliquam. Cras convallis adipiscing"
          text run at (0,90) width 340: "sem. Nam nonummy enim. Nullam bibendum lobortis"
          text run at (0,108) width 344: "neque. Vestibulum velit orci, tempus euismod, pretium"
          text run at (0,126) width 343: "quis, interdum vitae, nulla. Phasellus eget ante et tortor"
          text run at (0,144) width 343: "condimentum vestibulum. Suspendisse hendrerit quam"
          text run at (0,162) width 362: "nec felis. Sed varius turpis vitae pede. Lorem ipsum dolor"
          text run at (0,180) width 229: "sit amet, consectetuer adipiscing elit."
    RenderBlock (anonymous) at (0,216) size 367x45
      RenderBlock {SPAN} at (0,0) size 367x45
        RenderText {#text} at (0,0) size 354x46
          text run at (0,0) width 354: "Lorem ipsum dolor sit amet, consectetuer adipiscing elit."
          text run at (0,27) width 154: "Nulla varius enim ac mi."
    RenderBlock (anonymous) at (0,261) size 367x198
      RenderInline {SPAN} at (0,0) size 42x19
        RenderText {#text} at (0,0) size 42x19
          text run at (0,0) width 42: "Lorem"
      RenderText {#text} at (42,0) size 362x199
        text run at (42,0) width 312: " ipsum dolor sit amet, consectetuer adipiscing elit."
        text run at (0,18) width 351: "Nulla varius enim ac mi. Curabitur sollicitudin felis quis"
        text run at (0,36) width 325: "lectus. Quisque adipiscing rhoncus sem. Proin nulla"
        text run at (0,54) width 358: "purus, vulputate vel, varius ut, euismod et, nisi. Sed vitae"
        text run at (0,72) width 343: "felis vel orci sagittis aliquam. Cras convallis adipiscing"
        text run at (0,90) width 340: "sem. Nam nonummy enim. Nullam bibendum lobortis"
        text run at (0,108) width 344: "neque. Vestibulum velit orci, tempus euismod, pretium"
        text run at (0,126) width 343: "quis, interdum vitae, nulla. Phasellus eget ante et tortor"
        text run at (0,144) width 343: "condimentum vestibulum. Suspendisse hendrerit quam"
        text run at (0,162) width 362: "nec felis. Sed varius turpis vitae pede. Lorem ipsum dolor"
        text run at (0,180) width 229: "sit amet, consectetuer adipiscing elit."
layer at (13,2166) size 750x126
  RenderBlock (anonymous multi-column) at (5,314) size 750x126
    RenderBlock {P} at (0,16) size 367x200
      RenderText {#text} at (0,0) size 362x201
        text run at (0,0) width 354: "Lorem ipsum dolor sit amet, consectetuer adipiscing elit."
        text run at (0,18) width 351: "Nulla varius enim ac mi. Curabitur sollicitudin felis quis"
        text run at (0,36) width 325: "lectus. Quisque adipiscing rhoncus sem. Proin nulla"
        text run at (0,54) width 358: "purus, vulputate vel, varius ut, euismod et, nisi. Sed vitae"
        text run at (0,72) width 343: "felis vel orci sagittis aliquam. Cras convallis adipiscing"
        text run at (0,90) width 340: "sem. Nam nonummy enim. Nullam bibendum lobortis"
        text run at (0,110) width 344: "neque. Vestibulum velit orci, tempus euismod, pretium"
        text run at (0,128) width 343: "quis, interdum vitae, nulla. Phasellus eget ante et tortor"
        text run at (0,146) width 343: "condimentum vestibulum. Suspendisse hendrerit quam"
        text run at (0,164) width 362: "nec felis. Sed varius turpis vitae pede. Lorem ipsum dolor"
        text run at (0,182) width 229: "sit amet, consectetuer adipiscing elit."
    RenderBlock (generated) at (0,232) size 367x20 [bgcolor=#FFFF00]
      RenderText at (0,0) size 156x19
        text run at (0,0) width 156: "After Generated Content"
layer at (8,2313) size 760x470
  RenderBlock {DIV} at (0,2297) size 760x470 [border: (5px solid #800000)]
    RenderBlock (anonymous multi-column span) at (5,271) size 750x66
      RenderBlock {H2} at (0,19) size 750x28 [bgcolor=#EEEEEE]
        RenderText {#text} at (0,0) size 276x28
          text run at (0,0) width 276: "This is a spanning element."
layer at (13,2318) size 750x266
  RenderBlock (anonymous multi-column) at (5,5) size 750x266
    RenderBlock (generated) at (0,0) size 367x18 [bgcolor=#FFFF00]
      RenderText at (0,0) size 166x19
        text run at (0,0) width 166: "Before Generated Content"
    RenderBlock {P} at (0,34) size 367x198
      RenderText {#text} at (0,0) size 362x199
        text run at (0,0) width 354: "Lorem ipsum dolor sit amet, consectetuer adipiscing elit."
        text run at (0,18) width 351: "Nulla varius enim ac mi. Curabitur sollicitudin felis quis"
        text run at (0,36) width 325: "lectus. Quisque adipiscing rhoncus sem. Proin nulla"
        text run at (0,54) width 358: "purus, vulputate vel, varius ut, euismod et, nisi. Sed vitae"
        text run at (0,72) width 343: "felis vel orci sagittis aliquam. Cras convallis adipiscing"
        text run at (0,90) width 340: "sem. Nam nonummy enim. Nullam bibendum lobortis"
        text run at (0,108) width 344: "neque. Vestibulum velit orci, tempus euismod, pretium"
        text run at (0,126) width 343: "quis, interdum vitae, nulla. Phasellus eget ante et tortor"
        text run at (0,144) width 343: "condimentum vestibulum. Suspendisse hendrerit quam"
        text run at (0,162) width 362: "nec felis. Sed varius turpis vitae pede. Lorem ipsum dolor"
        text run at (0,180) width 229: "sit amet, consectetuer adipiscing elit."
    RenderBlock {P} at (0,266) size 367x36
      RenderText {#text} at (0,0) size 354x37
        text run at (0,0) width 354: "Lorem ipsum dolor sit amet, consectetuer adipiscing elit."
        text run at (0,18) width 154: "Nulla varius enim ac mi."
    RenderBlock {P} at (0,318) size 367x198
      RenderText {#text} at (0,0) size 362x199
        text run at (0,0) width 354: "Lorem ipsum dolor sit amet, consectetuer adipiscing elit."
        text run at (0,18) width 351: "Nulla varius enim ac mi. Curabitur sollicitudin felis quis"
        text run at (0,36) width 325: "lectus. Quisque adipiscing rhoncus sem. Proin nulla"
        text run at (0,54) width 358: "purus, vulputate vel, varius ut, euismod et, nisi. Sed vitae"
        text run at (0,72) width 343: "felis vel orci sagittis aliquam. Cras convallis adipiscing"
        text run at (0,90) width 340: "sem. Nam nonummy enim. Nullam bibendum lobortis"
        text run at (0,108) width 344: "neque. Vestibulum velit orci, tempus euismod, pretium"
        text run at (0,126) width 343: "quis, interdum vitae, nulla. Phasellus eget ante et tortor"
        text run at (0,144) width 343: "condimentum vestibulum. Suspendisse hendrerit quam"
        text run at (0,162) width 362: "nec felis. Sed varius turpis vitae pede. Lorem ipsum dolor"
        text run at (0,180) width 229: "sit amet, consectetuer adipiscing elit."
layer at (13,2650) size 750x128
  RenderBlock (anonymous multi-column) at (5,337) size 750x128
    RenderBlock (anonymous) at (0,0) size 367x18
      RenderInline {SPAN} at (0,0) size 354x19
        RenderText {#text} at (0,0) size 354x19
          text run at (0,0) width 354: "Lorem ipsum dolor sit amet, consectetuer adipiscing elit."
    RenderBlock (anonymous) at (0,18) size 367x18
      RenderBlock {SPAN} at (0,0) size 367x18
        RenderText {#text} at (0,0) size 154x19
          text run at (0,0) width 154: "Nulla varius enim ac mi."
    RenderBlock (anonymous) at (0,36) size 367x182
      RenderInline {SPAN} at (0,0) size 362x183
        RenderText {#text} at (0,0) size 362x183
          text run at (0,0) width 362: "Curabitur sollicitudin felis quis lectus. Quisque adipiscing"
          text run at (0,18) width 350: "rhoncus sem. Proin nulla purus, vulputate vel, varius ut,"
          text run at (0,36) width 350: "euismod et, nisi. Sed vitae felis vel orci sagittis aliquam."
          text run at (0,54) width 332: "Cras convallis adipiscing sem. Nam nonummy enim."
          text run at (0,72) width 351: "Nullam bibendum lobortis neque. Vestibulum velit orci,"
          text run at (0,92) width 329: "tempus euismod, pretium quis, interdum vitae, nulla."
          text run at (0,110) width 339: "Phasellus eget ante et tortor condimentum vestibulum."
          text run at (0,128) width 345: "Suspendisse hendrerit quam nec felis. Sed varius turpis"
          text run at (0,146) width 331: "vitae pede. Lorem ipsum dolor sit amet, consectetuer"
          text run at (0,164) width 91: "adipiscing elit."
      RenderText {#text} at (0,0) size 0x0
    RenderBlock (generated) at (0,218) size 367x20 [bgcolor=#FFFF00]
      RenderText at (0,0) size 156x19
        text run at (0,0) width 156: "After Generated Content"
