layer at (0,0) size 785x1619
  RenderView at (0,0) size 785x600
layer at (0,0) size 785x1619
  RenderBlock {HTML} at (0,0) size 785x1619
    RenderBody {BODY} at (8,16) size 769x1587
layer at (8,16) size 760x512
  RenderBlock {DIV} at (0,0) size 760x512 [border: (5px solid #800000)]
    RenderBlock (anonymous multi-column span) at (5,221) size 750x66
      RenderBlock {H2} at (0,19) size 750x28 [bgcolor=#EEEEEE]
        RenderText {#text} at (0,0) size 193x28
          text run at (0,0) width 193: "This is a first span."
    RenderBlock (anonymous multi-column span) at (5,306) size 750x66
      RenderBlock {H2} at (0,19) size 750x28 [bgcolor=#EEEEEE]
        RenderText {#text} at (0,0) size 219x28
          text run at (0,0) width 219: "This is a second span."
layer at (13,21) size 750x216
  RenderBlock (anonymous multi-column) at (5,5) size 750x216
    RenderText {#text} at (0,0) size 363x415
      text run at (0,0) width 354: "Lorem ipsum dolor sit amet, consectetuer adipiscing elit."
      text run at (0,18) width 351: "Nulla varius enim ac mi. Curabitur sollicitudin felis quis"
      text run at (0,36) width 325: "lectus. Quisque adipiscing rhoncus sem. Proin nulla"
      text run at (0,54) width 358: "purus, vulputate vel, varius ut, euismod et, nisi. Sed vitae"
      text run at (0,72) width 343: "felis vel orci sagittis aliquam. Cras convallis adipiscing"
      text run at (0,90) width 340: "sem. Nam nonummy enim. Nullam bibendum lobortis"
      text run at (0,108) width 344: "neque. Vestibulum velit orci, tempus euismod, pretium"
      text run at (0,126) width 343: "quis, interdum vitae, nulla. Phasellus eget ante et tortor"
      text run at (0,144) width 343: "condimentum vestibulum. Suspendisse hendrerit quam"
      text run at (0,162) width 362: "nec felis. Sed varius turpis vitae pede. Lorem ipsum dolor"
      text run at (0,180) width 233: "sit amet, consectetuer adipiscing elit. "
      text run at (233,180) width 121: "Lorem ipsum dolor"
      text run at (0,216) width 363: "sit amet, consectetuer adipiscing elit. Nulla varius enim ac"
      text run at (0,234) width 318: "mi. Curabitur sollicitudin felis quis lectus. Quisque"
      text run at (0,252) width 356: "adipiscing rhoncus sem. Proin nulla purus, vulputate vel,"
      text run at (0,270) width 354: "varius ut, euismod et, nisi. Sed vitae felis vel orci sagittis"
      text run at (0,288) width 351: "aliquam. Cras convallis adipiscing sem. Nam nonummy"
      text run at (0,306) width 358: "enim. Nullam bibendum lobortis neque. Vestibulum velit"
      text run at (0,324) width 361: "orci, tempus euismod, pretium quis, interdum vitae, nulla."
      text run at (0,342) width 339: "Phasellus eget ante et tortor condimentum vestibulum."
      text run at (0,360) width 345: "Suspendisse hendrerit quam nec felis. Sed varius turpis"
      text run at (0,378) width 331: "vitae pede. Lorem ipsum dolor sit amet, consectetuer"
      text run at (0,396) width 91: "adipiscing elit."
layer at (13,303) size 750x19
  RenderBlock (anonymous multi-column) at (5,287) size 750x19
    RenderText {#text} at (0,0) size 308x38
      text run at (0,0) width 308: "This text should be sitting between two spanning"
      text run at (0,19) width 59: "elements."
layer at (13,388) size 750x135
  RenderBlock (anonymous multi-column) at (5,372) size 750x135
    RenderText {#text} at (0,0) size 363x244
      text run at (0,0) width 354: "Lorem ipsum dolor sit amet, consectetuer adipiscing elit."
      text run at (0,18) width 351: "Nulla varius enim ac mi. Curabitur sollicitudin felis quis"
      text run at (0,36) width 325: "lectus. Quisque adipiscing rhoncus sem. Proin nulla"
      text run at (0,54) width 358: "purus, vulputate vel, varius ut, euismod et, nisi. Sed vitae"
      text run at (0,72) width 343: "felis vel orci sagittis aliquam. Cras convallis adipiscing"
      text run at (0,90) width 340: "sem. Nam nonummy enim. Nullam bibendum lobortis"
      text run at (0,108) width 344: "neque. Vestibulum velit orci, tempus euismod, pretium"
      text run at (0,135) width 343: "quis, interdum vitae, nulla. Phasellus eget ante et tortor"
      text run at (0,153) width 343: "condimentum vestibulum. Suspendisse hendrerit quam"
      text run at (0,171) width 362: "nec felis. Sed varius turpis vitae pede. Lorem ipsum dolor"
      text run at (0,189) width 233: "sit amet, consectetuer adipiscing elit. "
      text run at (233,189) width 121: "Lorem ipsum dolor"
      text run at (0,207) width 363: "sit amet, consectetuer adipiscing elit. Nulla varius enim ac"
      text run at (0,225) width 20: "mi."
layer at (8,544) size 760x525
  RenderBlock {DIV} at (0,528) size 760x525 [border: (5px solid #800000)]
    RenderBlock (anonymous multi-column span) at (5,129) size 750x66
      RenderBlock {H2} at (0,19) size 750x28 [bgcolor=#EEEEEE]
        RenderText {#text} at (0,0) size 193x28
          text run at (0,0) width 193: "This is a first span."
    RenderBlock (anonymous multi-column span) at (5,319) size 750x66
      RenderBlock {H2} at (0,19) size 750x28 [bgcolor=#EEEEEE]
        RenderText {#text} at (0,0) size 219x28
          text run at (0,0) width 219: "This is a second span."
layer at (13,549) size 750x124
  RenderBlock (anonymous multi-column) at (5,5) size 750x124
    RenderBlock {P} at (0,16) size 367x216
      RenderText {#text} at (0,0) size 362x217
        text run at (0,0) width 354: "Lorem ipsum dolor sit amet, consectetuer adipiscing elit."
        text run at (0,18) width 351: "Nulla varius enim ac mi. Curabitur sollicitudin felis quis"
        text run at (0,36) width 325: "lectus. Quisque adipiscing rhoncus sem. Proin nulla"
        text run at (0,54) width 358: "purus, vulputate vel, varius ut, euismod et, nisi. Sed vitae"
        text run at (0,72) width 343: "felis vel orci sagittis aliquam. Cras convallis adipiscing"
        text run at (0,108) width 340: "sem. Nam nonummy enim. Nullam bibendum lobortis"
        text run at (0,126) width 344: "neque. Vestibulum velit orci, tempus euismod, pretium"
        text run at (0,144) width 343: "quis, interdum vitae, nulla. Phasellus eget ante et tortor"
        text run at (0,162) width 343: "condimentum vestibulum. Suspendisse hendrerit quam"
        text run at (0,180) width 362: "nec felis. Sed varius turpis vitae pede. Lorem ipsum dolor"
        text run at (0,198) width 229: "sit amet, consectetuer adipiscing elit."
layer at (13,739) size 750x124
  RenderBlock (anonymous multi-column) at (5,195) size 750x124
    RenderBlock {P} at (0,16) size 367x216
      RenderText {#text} at (0,0) size 362x217
        text run at (0,0) width 354: "Lorem ipsum dolor sit amet, consectetuer adipiscing elit."
        text run at (0,18) width 351: "Nulla varius enim ac mi. Curabitur sollicitudin felis quis"
        text run at (0,36) width 325: "lectus. Quisque adipiscing rhoncus sem. Proin nulla"
        text run at (0,54) width 358: "purus, vulputate vel, varius ut, euismod et, nisi. Sed vitae"
        text run at (0,72) width 343: "felis vel orci sagittis aliquam. Cras convallis adipiscing"
        text run at (0,108) width 340: "sem. Nam nonummy enim. Nullam bibendum lobortis"
        text run at (0,126) width 344: "neque. Vestibulum velit orci, tempus euismod, pretium"
        text run at (0,144) width 343: "quis, interdum vitae, nulla. Phasellus eget ante et tortor"
        text run at (0,162) width 343: "condimentum vestibulum. Suspendisse hendrerit quam"
        text run at (0,180) width 362: "nec felis. Sed varius turpis vitae pede. Lorem ipsum dolor"
        text run at (0,198) width 229: "sit amet, consectetuer adipiscing elit."
layer at (13,929) size 750x135
  RenderBlock (anonymous multi-column) at (5,385) size 750x135
    RenderText {#text} at (0,0) size 363x244
      text run at (0,0) width 354: "Lorem ipsum dolor sit amet, consectetuer adipiscing elit."
      text run at (0,18) width 351: "Nulla varius enim ac mi. Curabitur sollicitudin felis quis"
      text run at (0,36) width 325: "lectus. Quisque adipiscing rhoncus sem. Proin nulla"
      text run at (0,54) width 358: "purus, vulputate vel, varius ut, euismod et, nisi. Sed vitae"
      text run at (0,72) width 343: "felis vel orci sagittis aliquam. Cras convallis adipiscing"
      text run at (0,90) width 340: "sem. Nam nonummy enim. Nullam bibendum lobortis"
      text run at (0,108) width 344: "neque. Vestibulum velit orci, tempus euismod, pretium"
      text run at (0,135) width 343: "quis, interdum vitae, nulla. Phasellus eget ante et tortor"
      text run at (0,153) width 343: "condimentum vestibulum. Suspendisse hendrerit quam"
      text run at (0,171) width 362: "nec felis. Sed varius turpis vitae pede. Lorem ipsum dolor"
      text run at (0,189) width 233: "sit amet, consectetuer adipiscing elit. "
      text run at (233,189) width 121: "Lorem ipsum dolor"
      text run at (0,207) width 363: "sit amet, consectetuer adipiscing elit. Nulla varius enim ac"
      text run at (0,225) width 20: "mi."
layer at (8,1085) size 760x518
  RenderBlock {DIV} at (0,1069) size 760x518 [border: (5px solid #800000)]
    RenderBlock (anonymous multi-column span) at (5,122) size 750x66
      RenderBlock {H2} at (0,19) size 750x28 [bgcolor=#EEEEEE]
        RenderText {#text} at (0,0) size 193x28
          text run at (0,0) width 193: "This is a first span."
    RenderBlock (anonymous multi-column span) at (5,312) size 750x66
      RenderBlock {H2} at (0,19) size 750x28 [bgcolor=#EEEEEE]
        RenderText {#text} at (0,0) size 219x28
          text run at (0,0) width 219: "This is a second span."
layer at (13,1090) size 750x117
  RenderBlock (anonymous multi-column) at (5,5) size 750x117
    RenderBlock (anonymous) at (0,0) size 367x0
      RenderInline {SPAN} at (0,0) size 0x0
        RenderText {#text} at (0,0) size 0x0
    RenderBlock (anonymous) at (0,0) size 367x207
      RenderBlock {SPAN} at (0,0) size 367x207
        RenderText {#text} at (0,0) size 362x208
          text run at (0,0) width 354: "Lorem ipsum dolor sit amet, consectetuer adipiscing elit."
          text run at (0,18) width 351: "Nulla varius enim ac mi. Curabitur sollicitudin felis quis"
          text run at (0,36) width 325: "lectus. Quisque adipiscing rhoncus sem. Proin nulla"
          text run at (0,54) width 358: "purus, vulputate vel, varius ut, euismod et, nisi. Sed vitae"
          text run at (0,72) width 343: "felis vel orci sagittis aliquam. Cras convallis adipiscing"
          text run at (0,90) width 340: "sem. Nam nonummy enim. Nullam bibendum lobortis"
          text run at (0,117) width 344: "neque. Vestibulum velit orci, tempus euismod, pretium"
          text run at (0,135) width 343: "quis, interdum vitae, nulla. Phasellus eget ante et tortor"
          text run at (0,153) width 343: "condimentum vestibulum. Suspendisse hendrerit quam"
          text run at (0,171) width 362: "nec felis. Sed varius turpis vitae pede. Lorem ipsum dolor"
          text run at (0,189) width 229: "sit amet, consectetuer adipiscing elit."
    RenderBlock (anonymous) at (0,207) size 367x0
      RenderInline {SPAN} at (0,0) size 0x0
      RenderText {#text} at (0,0) size 0x0
layer at (13,1273) size 750x124
  RenderBlock (anonymous multi-column) at (5,188) size 750x124
    RenderBlock {P} at (0,16) size 367x216
      RenderText {#text} at (0,0) size 362x217
        text run at (0,0) width 354: "Lorem ipsum dolor sit amet, consectetuer adipiscing elit."
        text run at (0,18) width 351: "Nulla varius enim ac mi. Curabitur sollicitudin felis quis"
        text run at (0,36) width 325: "lectus. Quisque adipiscing rhoncus sem. Proin nulla"
        text run at (0,54) width 358: "purus, vulputate vel, varius ut, euismod et, nisi. Sed vitae"
        text run at (0,72) width 343: "felis vel orci sagittis aliquam. Cras convallis adipiscing"
        text run at (0,108) width 340: "sem. Nam nonummy enim. Nullam bibendum lobortis"
        text run at (0,126) width 344: "neque. Vestibulum velit orci, tempus euismod, pretium"
        text run at (0,144) width 343: "quis, interdum vitae, nulla. Phasellus eget ante et tortor"
        text run at (0,162) width 343: "condimentum vestibulum. Suspendisse hendrerit quam"
        text run at (0,180) width 362: "nec felis. Sed varius turpis vitae pede. Lorem ipsum dolor"
        text run at (0,198) width 229: "sit amet, consectetuer adipiscing elit."
layer at (13,1463) size 750x135
  RenderBlock (anonymous multi-column) at (5,378) size 750x135
    RenderText {#text} at (0,0) size 363x244
      text run at (0,0) width 354: "Lorem ipsum dolor sit amet, consectetuer adipiscing elit."
      text run at (0,18) width 351: "Nulla varius enim ac mi. Curabitur sollicitudin felis quis"
      text run at (0,36) width 325: "lectus. Quisque adipiscing rhoncus sem. Proin nulla"
      text run at (0,54) width 358: "purus, vulputate vel, varius ut, euismod et, nisi. Sed vitae"
      text run at (0,72) width 343: "felis vel orci sagittis aliquam. Cras convallis adipiscing"
      text run at (0,90) width 340: "sem. Nam nonummy enim. Nullam bibendum lobortis"
      text run at (0,108) width 344: "neque. Vestibulum velit orci, tempus euismod, pretium"
      text run at (0,135) width 343: "quis, interdum vitae, nulla. Phasellus eget ante et tortor"
      text run at (0,153) width 343: "condimentum vestibulum. Suspendisse hendrerit quam"
      text run at (0,171) width 362: "nec felis. Sed varius turpis vitae pede. Lorem ipsum dolor"
      text run at (0,189) width 233: "sit amet, consectetuer adipiscing elit. "
      text run at (233,189) width 121: "Lorem ipsum dolor"
      text run at (0,207) width 363: "sit amet, consectetuer adipiscing elit. Nulla varius enim ac"
      text run at (0,225) width 20: "mi."
