layer at (0,0) size 1506x1660
  RenderView at (0,0) size 785x585
layer at (0,0) size 785x1660
  RenderBlock {HTML} at (0,0) size 785x1661
    RenderBody {BODY} at (8,17) size 769x1631 [color=#00FF00] [bgcolor=#333333]
      RenderBlock {H1} at (0,0) size 769x30
        RenderText {#text} at (0,0) size 515x30
          text run at (0,0) width 515: "CSS2 Table Backgrounds Test Suite"
      RenderBlock {H2} at (0,47) size 769x24
        RenderText {#text} at (0,0) size 246x23
          text run at (0,0) width 246: "Part E: Special Tests"
      RenderBlock {H3} at (0,86) size 769x18
        RenderText {#text} at (0,0) size 156x17
          text run at (0,0) width 156: "Fixed Backgrounds"
      RenderBlock {UL} at (0,118) size 769x61
        RenderListItem {LI} at (40,0) size 729x45
          RenderListMarker at (-16,0) size 6x15: bullet
          RenderText {#text} at (0,0) size 718x45
            text run at (0,0) width 687: "If you scroll the table over the top left corner of the viewport, the first, second, and"
            text run at (0,15) width 718: "fourth rows as well as cell L should reveal a purple and aqua band forming a 90-degree angle"
            text run at (0,30) width 180: "in the top left corner."
        RenderListItem {LI} at (40,45) size 729x15
          RenderListMarker at (-16,0) size 6x15: bullet
          RenderText {#text} at (0,0) size 648x15
            text run at (0,0) width 648: "Cells A and P should have a rainbow background that seems attached to the viewport."
      RenderBlock {DL} at (0,191) size 769x61
        RenderBlock {DT} at (0,0) size 769x15
          RenderText {#text} at (0,0) size 63x15
            text run at (0,0) width 63: "previous"
        RenderBlock {DD} at (40,15) size 729x15
          RenderInline {A} at (0,0) size 172x15 [color=#FFFF00]
            RenderText {#text} at (0,0) size 172x15
              text run at (0,0) width 172: "Special Tests: opacity"
          RenderText {#text} at (0,0) size 0x0
        RenderBlock {DT} at (0,30) size 769x15
          RenderText {#text} at (0,0) size 63x15
            text run at (0,0) width 63: "contents"
        RenderBlock {DD} at (40,45) size 729x15
          RenderInline {A} at (0,0) size 133x15 [color=#FFFF00]
            RenderText {#text} at (0,0) size 133x15
              text run at (0,0) width 133: "Table of Contents"
          RenderText {#text} at (0,0) size 0x0
      RenderTable {TABLE} at (0,264) size 618x467 [color=#000000] [bgcolor=#FFFFFF] [border: (1px dotted #000000)]
        RenderBlock {CAPTION} at (0,0) size 618x22 [color=#FFFFFF]
          RenderText {#text} at (163,0) size 292x22
            text run at (163,0) width 292: "With 'border-collapse: separate'"
        RenderTableCol {COLGROUP} at (0,0) size 0x0
          RenderTableCol {COL} at (0,0) size 0x0
          RenderTableCol {COL} at (0,0) size 0x0
          RenderTableCol {COL} at (0,0) size 0x0
        RenderTableCol {COLGROUP} at (0,0) size 0x0
          RenderTableCol {COL} at (0,0) size 0x0
        RenderTableSection {THEAD} at (1,23) size 616x114
          RenderTableRow {TR} at (0,7) size 616x100
            RenderTableCell {TH} at (7,44) size 130x26 [border: (1px dotted #000000)] [r=0 c=0 rs=1 cs=1]
              RenderText {#text} at (42,2) size 46x22
                text run at (42,2) width 46: "TH A"
            RenderTableCell {TH} at (144,32) size 220x50 [border: (13px dotted #000000)] [r=0 c=1 rs=1 cs=1]
              RenderText {#text} at (87,14) size 46x22
                text run at (87,14) width 46: "TH B"
            RenderTableCell {TH} at (371,55) size 118x4 [border: (1px dotted #000000)] [r=0 c=2 rs=1 cs=1]
            RenderTableCell {TH} at (496,44) size 113x26 [border: (1px dotted #000000)] [r=0 c=3 rs=1 cs=1]
              RenderText {#text} at (34,2) size 45x22
                text run at (34,2) width 45: "TH D"
        RenderTableSection {TFOOT} at (1,343) size 616x122
          RenderTableRow {TR} at (0,0) size 616x115
            RenderTableCell {TD} at (7,44) size 357x27 [border: (1px dotted #000000)] [r=0 c=0 rs=1 cs=2]
              RenderText {#text} at (2,1) size 47x24
                text run at (2,2) width 47: "TD M"
            RenderTableCell {TD} at (371,44) size 118x27 [border: (1px dotted #000000)] [r=0 c=2 rs=1 cs=1]
              RenderText {#text} at (2,1) size 46x24
                text run at (2,2) width 46: "TD O"
            RenderTableCell {TD} at (496,44) size 113x27 [border: (1px dotted #000000)] [r=0 c=3 rs=1 cs=1]
              RenderText {#text} at (2,1) size 44x24
                text run at (2,2) width 44: "TD P"
        RenderTableSection {TBODY} at (1,137) size 616x206
          RenderTableRow {TR} at (0,0) size 616x108
            RenderTableCell {TD} at (7,74) size 130x51 [border: (13px dotted #000000)] [r=0 c=0 rs=2 cs=1]
              RenderText {#text} at (14,13) size 44x24
                text run at (14,14) width 44: "TD E"
            RenderTableCell {TD} at (144,41) size 220x26 [border: (1px dotted #000000)] [r=0 c=1 rs=1 cs=1]
              RenderText {#text} at (2,2) size 43x22
                text run at (2,2) width 43: "TD F"
            RenderTableCell {TD} at (371,41) size 118x26 [border: (1px dotted #000000)] [r=0 c=2 rs=1 cs=1]
              RenderText {#text} at (2,2) size 46x22
                text run at (2,2) width 46: "TD G"
            RenderTableCell {TD} at (496,41) size 113x26 [border: (1px dotted #000000)] [r=0 c=3 rs=1 cs=1]
              RenderText {#text} at (2,2) size 45x22
                text run at (2,2) width 45: "TD H"
          RenderTableRow {TR} at (0,115) size 616x84
            RenderTableCell {TD} at (144,144) size 220x26 [border: (1px dotted #000000)] [r=1 c=1 rs=1 cs=1]
              RenderText {#text} at (2,2) size 42x22
                text run at (2,2) width 42: "TD J"
            RenderTableCell {TD} at (371,144) size 118x26 [border: (1px dotted #000000)] [r=1 c=2 rs=1 cs=1]
              RenderText {#text} at (2,2) size 45x22
                text run at (2,2) width 45: "TD K"
            RenderTableCell {TD} at (496,144) size 113x26 [border: (1px dotted #000000)] [r=1 c=3 rs=1 cs=1]
              RenderText {#text} at (2,2) size 43x22
                text run at (2,2) width 43: "TD L"
      RenderTable {TABLE} at (0,730) size 578x433 [color=#000000] [bgcolor=#FFFFFF] [border: (6px dotted #000000)]
        RenderBlock {CAPTION} at (0,0) size 578x22 [color=#FFFFFF]
          RenderText {#text} at (144,0) size 290x22
            text run at (144,0) width 290: "With 'border-collapse: collapse'"
        RenderTableCol {COLGROUP} at (0,0) size 0x0
          RenderTableCol {COL} at (0,0) size 0x0
          RenderTableCol {COL} at (0,0) size 0x0
          RenderTableCol {COL} at (0,0) size 0x0
        RenderTableCol {COLGROUP} at (0,0) size 0x0
          RenderTableCol {COL} at (0,0) size 0x0
        RenderTableSection {THEAD} at (0,28) size 577x99
          RenderTableRow {TR} at (0,0) size 577x99
            RenderTableCell {TH} at (0,34) size 135x31 [border: (1px dotted #000000)] [r=0 c=0 rs=1 cs=1]
              RenderText {#text} at (42,2) size 46x22
                text run at (42,2) width 46: "TH A"
            RenderTableCell {TH} at (135,31) size 207x37 [border: (7px dotted #000000)] [r=0 c=1 rs=1 cs=1]
              RenderText {#text} at (81,8) size 46x22
                text run at (81,8) width 46: "TH B"
            RenderTableCell {TH} at (342,48) size 123x3 [border: (1px dotted #000000)] [r=0 c=2 rs=1 cs=1]
            RenderTableCell {TH} at (465,37) size 112x25 [border: (1px dotted #000000)] [r=0 c=3 rs=1 cs=1]
              RenderText {#text} at (34,2) size 45x22
                text run at (34,2) width 45: "TH D"
        RenderTableSection {TFOOT} at (0,317) size 577x114
          RenderTableRow {TR} at (0,0) size 577x114
            RenderTableCell {TD} at (0,41) size 342x32 [border: (7px dotted #000000)] [r=0 c=0 rs=1 cs=2]
              RenderText {#text} at (2,7) size 47x24
                text run at (2,8) width 47: "TD M"
            RenderTableCell {TD} at (342,44) size 123x26 [border: (1px dotted #000000)] [r=0 c=2 rs=1 cs=1]
              RenderText {#text} at (2,1) size 46x24
                text run at (2,2) width 46: "TD O"
            RenderTableCell {TD} at (465,44) size 112x26 [border: (1px dotted #000000)] [r=0 c=3 rs=1 cs=1]
              RenderText {#text} at (2,1) size 44x24
                text run at (2,2) width 44: "TD P"
        RenderTableSection {TBODY} at (0,127) size 577x190
          RenderTableRow {TR} at (0,0) size 577x107
            RenderTableCell {TD} at (0,76) size 135x38 [border: (7px dotted #000000)] [r=0 c=0 rs=2 cs=1]
              RenderText {#text} at (8,7) size 44x24
                text run at (8,8) width 44: "TD E"
            RenderTableCell {TD} at (135,38) size 207x31 [border: (7px dotted #000000)] [r=0 c=1 rs=1 cs=1]
              RenderText {#text} at (8,8) size 43x22
                text run at (8,8) width 43: "TD F"
            RenderTableCell {TD} at (342,41) size 123x25 [border: (1px dotted #000000)] [r=0 c=2 rs=1 cs=1]
              RenderText {#text} at (2,2) size 46x22
                text run at (2,2) width 46: "TD G"
            RenderTableCell {TD} at (465,41) size 112x25 [border: (1px dotted #000000)] [r=0 c=3 rs=1 cs=1]
              RenderText {#text} at (2,2) size 45x22
                text run at (2,2) width 45: "TD H"
          RenderTableRow {TR} at (0,107) size 577x83
            RenderTableCell {TD} at (135,136) size 207x25 [border: (1px dotted #000000)] [r=1 c=1 rs=1 cs=1]
              RenderText {#text} at (8,2) size 42x22
                text run at (8,2) width 42: "TD J"
            RenderTableCell {TD} at (342,136) size 123x25 [border: (1px dotted #000000)] [r=1 c=2 rs=1 cs=1]
              RenderText {#text} at (2,2) size 45x22
                text run at (2,2) width 45: "TD K"
            RenderTableCell {TD} at (465,136) size 112x25 [border: (1px dotted #000000)] [r=1 c=3 rs=1 cs=1]
              RenderText {#text} at (2,2) size 43x22
                text run at (2,2) width 43: "TD L"
      RenderBlock {DIV} at (0,1162) size 769x35
        RenderInline {A} at (0,0) size 88x15 [color=#FFFF00]
          RenderImage {IMG} at (0,0) size 88x31
        RenderText {#text} at (0,0) size 0x0
      RenderBlock {ADDRESS} at (0,1196) size 769x16
        RenderText {#text} at (0,0) size 687x15
          text run at (0,0) width 687: "CSS2 Table Backgrounds Test Suite designed and written by fantasai <fantasai@escape.com>"
      RenderBlock {PRE} at (0,1224) size 769x406
        RenderText {#text} at (0,0) size 1498x405
          text run at (0,0) width 1498: "................................................................................................................................................................................................"
          text run at (1497,0) width 1: " "
          text run at (0,15) width 8: "."
          text run at (7,15) width 1: " "
          text run at (0,30) width 8: "."
          text run at (7,30) width 1: " "
          text run at (0,45) width 8: "."
          text run at (7,45) width 1: " "
          text run at (0,60) width 8: "."
          text run at (7,60) width 1: " "
          text run at (0,75) width 8: "."
          text run at (7,75) width 1: " "
          text run at (0,90) width 8: "."
          text run at (7,90) width 1: " "
          text run at (0,105) width 8: "."
          text run at (7,105) width 1: " "
          text run at (0,120) width 8: "."
          text run at (7,120) width 1: " "
          text run at (0,135) width 8: "."
          text run at (7,135) width 1: " "
          text run at (0,150) width 8: "."
          text run at (7,150) width 1: " "
          text run at (0,165) width 8: "."
          text run at (7,165) width 1: " "
          text run at (0,180) width 8: "."
          text run at (7,180) width 1: " "
          text run at (0,195) width 8: "."
          text run at (7,195) width 1: " "
          text run at (0,210) width 8: "."
          text run at (7,210) width 1: " "
          text run at (0,225) width 8: "."
          text run at (7,225) width 1: " "
          text run at (0,240) width 8: "."
          text run at (7,240) width 1: " "
          text run at (0,255) width 8: "."
          text run at (7,255) width 1: " "
          text run at (0,270) width 8: "."
          text run at (7,270) width 1: " "
          text run at (0,285) width 8: "."
          text run at (7,285) width 1: " "
          text run at (0,300) width 8: "."
          text run at (7,300) width 1: " "
          text run at (0,315) width 8: "."
          text run at (7,315) width 1: " "
          text run at (0,330) width 8: "."
          text run at (7,330) width 1: " "
          text run at (0,345) width 8: "."
          text run at (7,345) width 1: " "
          text run at (0,360) width 8: "."
          text run at (7,360) width 1: " "
          text run at (0,375) width 8: "."
          text run at (7,375) width 1: " "
          text run at (0,390) width 8: "."
          text run at (7,390) width 1: " "
