layer at (0,0) size 785x1731
  RenderView at (0,0) size 785x600
layer at (0,0) size 785x1731
  RenderBlock {HTML} at (0,0) size 785x1732
    RenderBody {BODY} at (8,17) size 769x1707 [color=#00FF00] [bgcolor=#333333]
      RenderBlock {H1} at (0,0) size 769x30
        RenderText {#text} at (0,0) size 515x30
          text run at (0,0) width 515: "CSS2 Table Backgrounds Test Suite"
      RenderBlock {H2} at (0,47) size 769x23
        RenderText {#text} at (0,0) size 293x23
          text run at (0,0) width 293: "Part C: Background Layers"
      RenderBlock {H3} at (0,86) size 769x18
        RenderText {#text} at (0,0) size 156x18
          text run at (0,0) width 156: "empty-cells: show"
      RenderBlock {P} at (0,118) size 769x16
        RenderText {#text} at (0,0) size 328x15
          text run at (0,0) width 328: "Both tables should have a blue background."
      RenderBlock {P} at (0,146) size 769x16
        RenderText {#text} at (0,0) size 484x15
          text run at (0,0) width 484: "In table cell C (third cell in the first row), which is empty:"
      RenderBlock {UL} at (0,174) size 769x121
        RenderListItem {LI} at (40,0) size 729x30
          RenderListMarker at (-16,0) size 6x15: bullet
          RenderText {#text} at (0,0) size 710x31
            text run at (0,0) width 710: "Four sets of horizontal double violet stripes surrounded by aqua should run just inside the"
            text run at (0,15) width 125: "top border edge."
        RenderListItem {LI} at (40,30) size 729x30
          RenderListMarker at (-16,0) size 6x15: bullet
          RenderText {#text} at (0,0) size 687x31
            text run at (0,0) width 687: "One set of aqua-backed double violet stripes should run just inside the left, right, and"
            text run at (0,15) width 157: "bottom border edges."
        RenderListItem {LI} at (40,60) size 729x30
          RenderListMarker at (-16,0) size 6x15: bullet
          RenderText {#text} at (0,0) size 726x31
            text run at (0,0) width 726: "The third set along the top should turn down at the right edge and go under the fourth set to"
            text run at (0,15) width 188: "form the right-edge set."
        RenderListItem {LI} at (40,90) size 729x15
          RenderListMarker at (-16,0) size 6x15: bullet
          RenderText {#text} at (0,0) size 547x15
            text run at (0,0) width 547: "The fourth set should turn down at the left edge to form the left set."
        RenderListItem {LI} at (40,105) size 729x15
          RenderListMarker at (-16,0) size 6x15: bullet
          RenderText {#text} at (0,0) size 406x15
            text run at (0,0) width 406: "The bottom stripe should be straight and cut across "
          RenderInline {EM} at (405,0) size 32x15
            RenderText {#text} at (405,0) size 32x15
              text run at (405,0) width 32: "over"
          RenderText {#text} at (436,0) size 118x15
            text run at (436,0) width 118: " the side sets."
      RenderBlock {P} at (0,307) size 769x16
        RenderText {#text} at (0,0) size 367x15
          text run at (0,0) width 367: "In table cell A, (first cell in the first row):"
      RenderBlock {UL} at (0,335) size 769x76
        RenderListItem {LI} at (40,0) size 729x30
          RenderListMarker at (-16,0) size 6x15: bullet
          RenderText {#text} at (0,0) size 695x31
            text run at (0,0) width 695: "Three sets of horizontal aqua-backed double violet stripes should run just inside the top"
            text run at (0,15) width 94: "border edge."
        RenderListItem {LI} at (40,30) size 729x15
          RenderListMarker at (-16,0) size 6x15: bullet
          RenderText {#text} at (0,0) size 250x15
            text run at (0,0) width 250: "The first set should run across."
        RenderListItem {LI} at (40,45) size 729x30
          RenderListMarker at (-16,0) size 6x15: bullet
          RenderText {#text} at (0,0) size 703x31
            text run at (0,0) width 703: "The second set should turn down at the left edge, going over the third set to form another"
            text run at (0,15) width 367: "set that runs just inside the left border edge."
      RenderBlock {P} at (0,423) size 769x16
        RenderText {#text} at (0,0) size 359x15
          text run at (0,0) width 359: "In table cell D, (last cell in the first row):"
      RenderBlock {UL} at (0,451) size 769x61
        RenderListItem {LI} at (40,0) size 729x30
          RenderListMarker at (-16,0) size 6x15: bullet
          RenderText {#text} at (0,0) size 726x31
            text run at (0,0) width 726: "Two sets of horizontal aqua-backed double violet strips should run just inside the top border"
            text run at (0,15) width 40: "edge."
        RenderListItem {LI} at (40,30) size 729x30
          RenderListMarker at (-16,0) size 6x15: bullet
          RenderText {#text} at (0,0) size 703x31
            text run at (0,0) width 703: "The first set should turn down at the right edge, going under the second horizontal set to"
            text run at (0,15) width 383: "run vertically just inside the right border edge."
      RenderBlock {P} at (0,524) size 769x16
        RenderText {#text} at (0,0) size 375x15
          text run at (0,0) width 375: "In table cell G, (third cell in the second row):"
      RenderBlock {UL} at (0,552) size 769x91
        RenderListItem {LI} at (40,0) size 729x30
          RenderListMarker at (-16,0) size 6x15: bullet
          RenderText {#text} at (0,0) size 679x31
            text run at (0,0) width 679: "Two sets of horizontal aqua-backed double violet stripes should run just inside the top"
            text run at (0,15) width 94: "border edge."
        RenderListItem {LI} at (40,30) size 729x30
          RenderListMarker at (-16,0) size 6x15: bullet
          RenderText {#text} at (0,0) size 718x31
            text run at (0,0) width 718: "A set of vertical stripes should run down just inside the left border edge, going under both"
            text run at (0,15) width 149: "horizontal stripes."
        RenderListItem {LI} at (40,60) size 729x30
          RenderListMarker at (-16,0) size 6x15: bullet
          RenderText {#text} at (0,0) size 726x31
            text run at (0,0) width 726: "Another set of vertical stripes should run down just inside the right border edge, also going"
            text run at (0,15) width 235: "under both horizontal stripes."
      RenderBlock {DL} at (0,655) size 769x91
        RenderBlock {DT} at (0,0) size 769x15
          RenderText {#text} at (0,0) size 32x15
            text run at (0,0) width 32: "next"
        RenderBlock {DD} at (40,15) size 729x15
          RenderInline {A} at (0,0) size 281x15 [color=#FFFF00]
            RenderText {#text} at (0,0) size 281x15
              text run at (0,0) width 281: "Background Layers: empty-cells: show"
          RenderText {#text} at (0,0) size 0x0
        RenderBlock {DT} at (0,30) size 769x15
          RenderText {#text} at (0,0) size 63x15
            text run at (0,0) width 63: "previous"
        RenderBlock {DD} at (40,45) size 729x15
          RenderInline {A} at (0,0) size 367x15 [color=#FFFF00]
            RenderText {#text} at (0,0) size 367x15
              text run at (0,0) width 367: "Background Position: Background on 'table-cell'"
          RenderText {#text} at (0,0) size 0x0
        RenderBlock {DT} at (0,60) size 769x15
          RenderText {#text} at (0,0) size 63x15
            text run at (0,0) width 63: "contents"
        RenderBlock {DD} at (40,75) size 729x15
          RenderInline {A} at (0,0) size 133x15 [color=#FFFF00]
            RenderText {#text} at (0,0) size 133x15
              text run at (0,0) width 133: "Table of Contents"
          RenderText {#text} at (0,0) size 0x0
      RenderTable {TABLE} at (0,758) size 618x467 [color=#FFFFFF] [bgcolor=#0000FF] [border: (1px dotted #FFFFFF)]
        RenderBlock {CAPTION} at (0,0) size 618x23
          RenderText {#text} at (163,0) size 292x23
            text run at (163,0) width 292: "With 'border-collapse: separate'"
        RenderTableCol {COLGROUP} at (0,0) size 0x0
          RenderTableCol {COL} at (0,0) size 0x0
          RenderTableCol {COL} at (0,0) size 0x0
          RenderTableCol {COL} at (0,0) size 0x0
        RenderTableCol {COLGROUP} at (0,0) size 0x0
          RenderTableCol {COL} at (0,0) size 0x0
        RenderTableSection {THEAD} at (1,23) size 616x115
          RenderTableRow {TR} at (0,7) size 616x100
            RenderTableCell {TH} at (7,43) size 130x28 [border: (1px dotted #FFFFFF)] [r=0 c=0 rs=1 cs=1]
              RenderText {#text} at (42,38) size 46x24
                text run at (42,2) width 46: "TH A"
            RenderTableCell {TH} at (144,31) size 220x52 [border: (13px dotted #FFFFFF)] [r=0 c=1 rs=1 cs=1]
              RenderText {#text} at (87,38) size 46x24
                text run at (87,14) width 46: "TH B"
            RenderTableCell {TH} at (371,55) size 118x4 [border: (1px dotted #FFFFFF)] [r=0 c=2 rs=1 cs=1]
            RenderTableCell {TH} at (496,43) size 113x28 [border: (1px dotted #FFFFFF)] [r=0 c=3 rs=1 cs=1]
              RenderText {#text} at (34,38) size 45x24
                text run at (34,2) width 45: "TH D"
        RenderTableSection {TFOOT} at (1,343) size 616x123
          RenderTableRow {TR} at (0,0) size 616x115
            RenderTableCell {TD} at (7,44) size 357x27 [border: (1px dotted #FFFFFF)] [r=0 c=0 rs=1 cs=2]
              RenderText {#text} at (2,46) size 47x23
                text run at (2,2) width 47: "TD M"
            RenderTableCell {TD} at (371,44) size 118x27 [border: (1px dotted #FFFFFF)] [r=0 c=2 rs=1 cs=1]
              RenderText {#text} at (2,46) size 46x23
                text run at (2,2) width 46: "TD O"
            RenderTableCell {TD} at (496,44) size 113x27 [border: (1px dotted #FFFFFF)] [r=0 c=3 rs=1 cs=1]
              RenderText {#text} at (2,46) size 44x23
                text run at (2,2) width 44: "TD P"
        RenderTableSection {TBODY} at (1,137) size 616x207
          RenderTableRow {TR} at (0,0) size 616x108
            RenderTableCell {TD} at (7,74) size 130x51 [border: (13px dotted #FFFFFF)] [r=0 c=0 rs=2 cs=1]
              RenderText {#text} at (14,88) size 44x23
                text run at (14,14) width 44: "TD E"
            RenderTableCell {TD} at (144,40) size 220x28 [border: (1px dotted #FFFFFF)] [r=0 c=1 rs=1 cs=1]
              RenderText {#text} at (2,42) size 43x24
                text run at (2,2) width 43: "TD F"
            RenderTableCell {TD} at (371,40) size 118x28 [border: (1px dotted #FFFFFF)] [r=0 c=2 rs=1 cs=1]
              RenderText {#text} at (2,42) size 46x24
                text run at (2,2) width 46: "TD G"
            RenderTableCell {TD} at (496,40) size 113x28 [border: (1px dotted #FFFFFF)] [r=0 c=3 rs=1 cs=1]
              RenderText {#text} at (2,42) size 45x24
                text run at (2,2) width 45: "TD H"
          RenderTableRow {TR} at (0,115) size 616x84
            RenderTableCell {TD} at (144,143) size 220x28 [border: (1px dotted #FFFFFF)] [r=1 c=1 rs=1 cs=1]
              RenderText {#text} at (2,30) size 42x24
                text run at (2,2) width 42: "TD J"
            RenderTableCell {TD} at (371,143) size 118x28 [border: (1px dotted #FFFFFF)] [r=1 c=2 rs=1 cs=1]
              RenderText {#text} at (2,30) size 45x24
                text run at (2,2) width 45: "TD K"
            RenderTableCell {TD} at (496,143) size 113x28 [border: (1px dotted #FFFFFF)] [r=1 c=3 rs=1 cs=1]
              RenderText {#text} at (2,30) size 43x24
                text run at (2,2) width 43: "TD L"
      RenderTable {TABLE} at (0,1224) size 578x433 [color=#FFFFFF] [bgcolor=#0000FF] [border: (6px dotted #FFFFFF)]
        RenderBlock {CAPTION} at (0,0) size 578x23
          RenderText {#text} at (144,0) size 290x23
            text run at (144,0) width 290: "With 'border-collapse: collapse'"
        RenderTableCol {COLGROUP} at (0,0) size 0x0
          RenderTableCol {COL} at (0,0) size 0x0
          RenderTableCol {COL} at (0,0) size 0x0
          RenderTableCol {COL} at (0,0) size 0x0
        RenderTableCol {COLGROUP} at (0,0) size 0x0
          RenderTableCol {COL} at (0,0) size 0x0
        RenderTableSection {THEAD} at (0,28) size 577x100
          RenderTableRow {TR} at (0,0) size 577x99
            RenderTableCell {TH} at (0,33) size 135x33 [border: (1px dotted #FFFFFF)] [r=0 c=0 rs=1 cs=1]
              RenderText {#text} at (42,35) size 46x24
                text run at (42,2) width 46: "TH A"
            RenderTableCell {TH} at (135,30) size 207x39 [border: (7px dotted #FFFFFF)] [r=0 c=1 rs=1 cs=1]
              RenderText {#text} at (81,38) size 46x24
                text run at (81,8) width 46: "TH B"
            RenderTableCell {TH} at (342,48) size 123x3 [border: (1px dotted #FFFFFF)] [r=0 c=2 rs=1 cs=1]
            RenderTableCell {TH} at (465,36) size 112x27 [border: (1px dotted #FFFFFF)] [r=0 c=3 rs=1 cs=1]
              RenderText {#text} at (34,38) size 45x24
                text run at (34,2) width 45: "TH D"
        RenderTableSection {TFOOT} at (0,317) size 577x115
          RenderTableRow {TR} at (0,0) size 577x114
            RenderTableCell {TD} at (0,41) size 342x32 [border: (7px dotted #FFFFFF)] [r=0 c=0 rs=1 cs=2]
              RenderText {#text} at (2,49) size 47x23
                text run at (2,8) width 47: "TD M"
            RenderTableCell {TD} at (342,44) size 123x26 [border: (1px dotted #FFFFFF)] [r=0 c=2 rs=1 cs=1]
              RenderText {#text} at (2,46) size 46x23
                text run at (2,2) width 46: "TD O"
            RenderTableCell {TD} at (465,44) size 112x26 [border: (1px dotted #FFFFFF)] [r=0 c=3 rs=1 cs=1]
              RenderText {#text} at (2,46) size 44x23
                text run at (2,2) width 44: "TD P"
        RenderTableSection {TBODY} at (0,127) size 577x191
          RenderTableRow {TR} at (0,0) size 577x107
            RenderTableCell {TD} at (0,76) size 135x38 [border: (7px dotted #FFFFFF)] [r=0 c=0 rs=2 cs=1]
              RenderText {#text} at (8,84) size 44x23
                text run at (8,8) width 44: "TD E"
            RenderTableCell {TD} at (135,37) size 207x33 [border: (7px dotted #FFFFFF)] [r=0 c=1 rs=1 cs=1]
              RenderText {#text} at (8,45) size 43x24
                text run at (8,8) width 43: "TD F"
            RenderTableCell {TD} at (342,40) size 123x27 [border: (1px dotted #FFFFFF)] [r=0 c=2 rs=1 cs=1]
              RenderText {#text} at (2,42) size 46x24
                text run at (2,2) width 46: "TD G"
            RenderTableCell {TD} at (465,40) size 112x27 [border: (1px dotted #FFFFFF)] [r=0 c=3 rs=1 cs=1]
              RenderText {#text} at (2,42) size 45x24
                text run at (2,2) width 45: "TD H"
          RenderTableRow {TR} at (0,107) size 577x83
            RenderTableCell {TD} at (135,135) size 207x27 [border: (1px dotted #FFFFFF)] [r=1 c=1 rs=1 cs=1]
              RenderText {#text} at (8,30) size 42x24
                text run at (8,2) width 42: "TD J"
            RenderTableCell {TD} at (342,135) size 123x27 [border: (1px dotted #FFFFFF)] [r=1 c=2 rs=1 cs=1]
              RenderText {#text} at (2,30) size 45x24
                text run at (2,2) width 45: "TD K"
            RenderTableCell {TD} at (465,135) size 112x27 [border: (1px dotted #FFFFFF)] [r=1 c=3 rs=1 cs=1]
              RenderText {#text} at (2,30) size 43x24
                text run at (2,2) width 43: "TD L"
      RenderBlock {DIV} at (0,1656) size 769x36
        RenderInline {A} at (0,19) size 88x16 [color=#FFFF00]
          RenderImage {IMG} at (0,0) size 88x31
        RenderText {#text} at (0,0) size 0x0
      RenderBlock {ADDRESS} at (0,1691) size 769x16
        RenderText {#text} at (0,0) size 687x15
          text run at (0,0) width 687: "CSS2 Table Backgrounds Test Suite designed and written by fantasai <fantasai@escape.com>"
