layer at (0,0) size 800x600
  RenderView at (0,0) size 800x600
layer at (0,0) size 800x600
  RenderBlock {HTML} at (0,0) size 800x600
    RenderBody {BODY} at (8,8) size 784x584
      RenderBlock {P} at (0,0) size 784x18
        RenderText {#text} at (0,0) size 433x18
          text run at (0,0) width 433: "The caption should be aligned at the left side of the top of the table."
      RenderTable {TABLE} at (0,34) size 170x70 [border: (1px outset #808080)]
        RenderBlock {CAPTION} at (0,0) size 170x18
          RenderText {#text} at (52,0) size 65x18
            text run at (52,0) width 65: "Wild Cats"
        RenderTableSection {TBODY} at (1,19) size 168x50
          RenderTableRow {TR} at (0,2) size 168x22
            RenderTableCell {TD} at (2,2) size 46x22 [border: (1px inset #808080)] [r=0 c=0 rs=1 cs=1]
              RenderText {#text} at (2,2) size 31x18
                text run at (2,2) width 31: "Lion"
            RenderTableCell {TD} at (49,2) size 59x22 [border: (1px inset #808080)] [r=0 c=1 rs=1 cs=1]
              RenderText {#text} at (2,2) size 54x18
                text run at (2,2) width 54: "Leopard"
            RenderTableCell {TD} at (109,2) size 57x22 [border: (1px inset #808080)] [r=0 c=2 rs=1 cs=1]
              RenderText {#text} at (2,2) size 53x18
                text run at (2,2) width 53: "Cheetah"
          RenderTableRow {TR} at (0,26) size 168x22
            RenderTableCell {TD} at (2,26) size 46x22 [border: (1px inset #808080)] [r=1 c=0 rs=1 cs=1]
              RenderText {#text} at (2,2) size 42x18
                text run at (2,2) width 42: "Jaguar"
            RenderTableCell {TD} at (49,26) size 59x22 [border: (1px inset #808080)] [r=1 c=1 rs=1 cs=1]
              RenderText {#text} at (2,2) size 46x18
                text run at (2,2) width 46: "Bobcat"
            RenderTableCell {TD} at (109,26) size 57x22 [border: (1px inset #808080)] [r=1 c=2 rs=1 cs=1]
              RenderText {#text} at (2,2) size 43x18
                text run at (2,2) width 43: "Ocelot"
