layer at (0,0) size 800x600
  RenderView at (0,0) size 800x600
layer at (0,0) size 800x600
  RenderBlock {HTML} at (0,0) size 800x600
    RenderBody {BODY} at (8,8) size 784x584
      RenderTable {TABLE} at (0,0) size 420x108 [border: (2px outset #808080)]
        RenderBlock {CAPTION} at (0,0) size 420x18
          RenderText {#text} at (11,0) size 397x18
            text run at (11,0) width 397: "Communicator 4.5 Installers for Mac and Windows Platforms"
        RenderTableSection {TBODY} at (2,20) size 415x85
          RenderTableRow {TR} at (0,0) size 415x23
            RenderTableCell {TH} at (0,9) size 123x5 [border: (3px none #808080) none none (3px solid #808080)] [r=0 c=0 rs=1 cs=1]
            RenderTableCell {TH} at (122,0) size 111x23 [border: (3px none #808080) none none (1px solid #808080)] [r=0 c=1 rs=1 cs=1]
              RenderText {#text} at (2,4) size 108x18
                text run at (2,4) width 108: "Macintosh PPC"
            RenderTableCell {TH} at (232,0) size 88x23 [border: (3px none #808080) none none (1px solid #808080)] [r=0 c=2 rs=1 cs=1]
              RenderText {#text} at (2,4) size 84x18
                text run at (2,4) width 84: "Windows 95"
            RenderTableCell {TH} at (319,0) size 96x23 [border: (3px none #808080) (2px solid #808080) none (1px solid #808080)] [r=0 c=3 rs=1 cs=1]
              RenderText {#text} at (2,4) size 90x18
                text run at (2,4) width 90: "Windows NT"
          RenderTableRow {TR} at (0,23) size 415x20
            RenderTableCell {TD} at (0,23) size 123x20 [border: none none none (3px solid #808080)] [r=1 c=0 rs=1 cs=1]
              RenderText {#text} at (4,1) size 76x18
                text run at (4,1) width 76: "Base Install"
            RenderTableCell {TD} at (122,23) size 111x20 [border: none none none (1px solid #808080)] [r=1 c=1 rs=1 cs=1]
              RenderText {#text} at (2,1) size 22x18
                text run at (2,1) width 22: "yes"
            RenderTableCell {TD} at (232,23) size 88x20 [border: none none none (1px solid #808080)] [r=1 c=2 rs=1 cs=1]
              RenderText {#text} at (2,1) size 22x18
                text run at (2,1) width 22: "yes"
            RenderTableCell {TD} at (319,23) size 96x20 [border: none (2px solid #808080) none (1px solid #808080)] [r=1 c=3 rs=1 cs=1]
              RenderText {#text} at (2,1) size 22x18
                text run at (2,1) width 22: "yes"
          RenderTableRow {TR} at (0,43) size 415x20
            RenderTableCell {TD} at (0,43) size 123x20 [border: none none none (3px solid #808080)] [r=2 c=0 rs=1 cs=1]
              RenderText {#text} at (4,1) size 107x18
                text run at (4,1) width 107: "Complete Install"
            RenderTableCell {TD} at (122,43) size 111x20 [border: none none none (1px solid #808080)] [r=2 c=1 rs=1 cs=1]
              RenderText {#text} at (2,1) size 22x18
                text run at (2,1) width 22: "yes"
            RenderTableCell {TD} at (232,43) size 88x20 [border: none none none (1px solid #808080)] [r=2 c=2 rs=1 cs=1]
              RenderText {#text} at (2,1) size 22x18
                text run at (2,1) width 22: "yes"
            RenderTableCell {TD} at (319,43) size 96x20 [border: none (2px solid #808080) none (1px solid #808080)] [r=2 c=3 rs=1 cs=1]
              RenderText {#text} at (2,1) size 22x18
                text run at (2,1) width 22: "yes"
          RenderTableRow {TR} at (0,63) size 415x22
            RenderTableCell {TD} at (0,63) size 123x22 [border: none none (2px none #808080) (3px solid #808080)] [r=3 c=0 rs=1 cs=1]
              RenderText {#text} at (4,1) size 118x18
                text run at (4,1) width 118: "Pro Edition Install"
            RenderTableCell {TD} at (122,63) size 111x22 [border: none none (2px none #808080) (1px solid #808080)] [r=3 c=1 rs=1 cs=1]
              RenderText {#text} at (2,1) size 22x18
                text run at (2,1) width 22: "yes"
            RenderTableCell {TD} at (232,63) size 88x22 [border: none none (2px none #808080) (1px solid #808080)] [r=3 c=2 rs=1 cs=1]
              RenderText {#text} at (2,1) size 22x18
                text run at (2,1) width 22: "yes"
            RenderTableCell {TD} at (319,63) size 96x22 [border: none (2px solid #808080) (2px none #808080) (1px solid #808080)] [r=3 c=3 rs=1 cs=1]
              RenderText {#text} at (2,1) size 22x18
                text run at (2,1) width 22: "yes"
