layer at (0,0) size 785x686
  RenderView at (0,0) size 785x600
layer at (0,0) size 785x475
  RenderBlock {HTML} at (0,0) size 785x475
    RenderBody {BODY} at (8,8) size 769x459
      RenderTable {TABLE} at (0,0) size 200x459 [border: (1px outset #808080)]
        RenderBlock {CAPTION} at (0,0) size 200x206 [border: (3px solid #FFA500)]
          RenderText {#text} at (77,3) size 46x37
            text run at (77,3) width 46: "cap"
        RenderTableSection {TBODY} at (1,207) size 198x251
          RenderTableRow {TR} at (0,30) size 198x48
            RenderTableCell {TD} at (30,45) size 54x18 [border: (1px inset #808080)] [r=0 c=0 rs=1 cs=1]
              RenderText {#text} at (1,16) size 18x16
                text run at (1,1) width 18: "foo"
            RenderTableCell {TD} at (114,30) size 54x48 [border: (1px inset #808080)] [r=0 c=1 rs=1 cs=1]
              RenderText {#text} at (1,1) size 18x16
                text run at (1,1) width 18: "bar"
              RenderBR {BR} at (18,1) size 1x16
              RenderText {#text} at (1,16) size 19x16
                text run at (1,16) width 19: "baz"
              RenderBR {BR} at (19,16) size 1x16
              RenderText {#text} at (1,31) size 19x16
                text run at (1,31) width 19: "zap"
          RenderTableRow {TR} at (0,107) size 198x114
            RenderTableCell {TD} at (30,107) size 54x114 [border: (1px inset #808080)] [r=1 c=0 rs=1 cs=1]
              RenderText {#text} at (1,1) size 45x111
                text run at (1,1) width 43: "foo"
                text run at (1,38) width 41: "bar"
                text run at (1,75) width 45: "baz"
            RenderTableCell {TD} at (114,166) size 54x55 [border: (1px inset #808080)] [r=1 c=1 rs=1 cs=1]
              RenderBlock {DIV} at (1,60) size 52x52 [border: (1px solid #008000)]
                RenderBlock {DIV} at (1,1) size 402x302 [border: (1px solid #FF0000)]
                  RenderText {#text} at (1,1) size 16x37
                    text run at (1,1) width 16: "d"
