layer at (0,0) size 800x600
  RenderView at (0,0) size 800x600
layer at (0,0) size 800x128
  RenderBlock {html} at (0,0) size 800x128
    RenderBody {body} at (8,16) size 784x104
      RenderBlock {p} at (0,0) size 784x18
        RenderText {#text} at (0,0) size 293x18
          text run at (0,0) width 293: "The table caption should be aligned at the left"
      RenderTable {table} at (0,34) size 128x70 [border: (1px outset #808080)]
        RenderBlock {caption} at (0,0) size 128x18
          RenderText {#text} at (28,0) size 71x18
            text run at (28,0) width 71: "CAPTION"
        RenderTableSection (anonymous) at (1,19) size 126x50
          RenderTableRow {tr} at (0,2) size 126x22
            RenderTableCell {td} at (2,2) size 40x22 [border: (1px inset #808080)] [r=0 c=0 rs=1 cs=1]
              RenderText {#text} at (2,2) size 36x18
                text run at (2,2) width 36: "cell 1"
            RenderTableCell {td} at (43,2) size 40x22 [border: (1px inset #808080)] [r=0 c=1 rs=1 cs=1]
              RenderText {#text} at (2,2) size 36x18
                text run at (2,2) width 36: "cell 2"
            RenderTableCell {td} at (84,2) size 40x22 [border: (1px inset #808080)] [r=0 c=2 rs=1 cs=1]
              RenderText {#text} at (2,2) size 36x18
                text run at (2,2) width 36: "cell 3"
          RenderTableRow {tr} at (0,26) size 126x22
            RenderTableCell {td} at (2,26) size 40x22 [border: (1px inset #808080)] [r=1 c=0 rs=1 cs=1]
              RenderText {#text} at (2,2) size 36x18
                text run at (2,2) width 36: "cell 4"
            RenderTableCell {td} at (43,26) size 40x22 [border: (1px inset #808080)] [r=1 c=1 rs=1 cs=1]
              RenderText {#text} at (2,2) size 36x18
                text run at (2,2) width 36: "cell 5"
            RenderTableCell {td} at (84,26) size 40x22 [border: (1px inset #808080)] [r=1 c=2 rs=1 cs=1]
              RenderText {#text} at (2,2) size 36x18
                text run at (2,2) width 36: "cell 6"
