layer at (0,0) size 800x600
  RenderView at (0,0) size 800x600
layer at (0,0) size 800x86
  RenderBlock {html} at (0,0) size 800x86
    RenderBody {body} at (8,16) size 784x62
      RenderBlock {p} at (0,0) size 784x18
        RenderText {#text} at (0,0) size 168x18
          text run at (0,0) width 168: "COLGROUP WIDTH=px"
      RenderTable {table} at (0,34) size 617x28 [border: (1px outset #808080)]
        RenderTableCol {colgroup} at (0,0) size 0x0
          RenderTableCol {col} at (0,0) size 0x0
          RenderTableCol {col} at (0,0) size 0x0
        RenderTableSection (anonymous) at (1,1) size 615x26
          RenderTableRow {tr} at (0,2) size 615x22
            RenderTableCell {td} at (2,2) size 305x22 [border: (1px inset #808080)] [r=0 c=0 rs=1 cs=1]
              RenderText {#text} at (2,2) size 301x18
                text run at (2,2) width 301: "This column should have a width of 200 pixels"
            RenderTableCell {td} at (308,2) size 305x22 [border: (1px inset #808080)] [r=0 c=1 rs=1 cs=1]
              RenderText {#text} at (2,2) size 301x18
                text run at (2,2) width 301: "This column should have a width of 200 pixels"
