layer at (0,0) size 785x1478
  RenderView at (0,0) size 785x600
layer at (0,0) size 785x1478
  RenderBlock {HTML} at (0,0) size 785x1478
    RenderBody {BODY} at (8,8) size 769x1462
      RenderTable {TABLE} at (0,0) size 612x352 [border: (1px outset #808080)]
        RenderTableSection {TBODY} at (1,1) size 610x350
          RenderTableRow {TR} at (0,2) size 610x30
            RenderTableCell {TH} at (2,2) size 606x30 [border: (1px inset #808080)] [r=0 c=0 rs=1 cs=6]
              RenderText {#text} at (227,6) size 152x17
                text run at (227,6) width 152: "text-align not specified"
          RenderTableRow {TR} at (0,34) size 610x30
            RenderTableCell {TH} at (2,50) size 102x30 [border: (1px inset #808080)] [r=1 c=0 rs=2 cs=2]
              RenderText {#text} at (48,22) size 5x17
                text run at (48,6) width 5: " "
            RenderTableCell {TH} at (105,34) size 503x30 [border: (1px inset #808080)] [r=1 c=2 rs=1 cs=4]
              RenderText {#text} at (177,6) size 148x17
                text run at (177,6) width 148: "-webkit-writing-mode"
          RenderTableRow {TR} at (0,66) size 610x30
            RenderTableCell {TH} at (105,66) size 125x30 [border: (1px inset #808080)] [r=2 c=2 rs=1 cs=1]
              RenderText {#text} at (18,6) size 88x17
                text run at (18,6) width 88: "horizontal-tb"
            RenderTableCell {TH} at (231,66) size 125x30 [border: (1px inset #808080)] [r=2 c=3 rs=1 cs=1]
              RenderText {#text} at (18,6) size 88x17
                text run at (18,6) width 88: "horizontal-bt"
            RenderTableCell {TH} at (357,66) size 125x30 [border: (1px inset #808080)] [r=2 c=4 rs=1 cs=1]
              RenderText {#text} at (29,6) size 66x17
                text run at (29,6) width 66: "vertical-lr"
            RenderTableCell {TH} at (483,66) size 125x30 [border: (1px inset #808080)] [r=2 c=5 rs=1 cs=1]
              RenderText {#text} at (29,6) size 66x17
                text run at (29,6) width 66: "vertical-rl"
          RenderTableRow {TR} at (0,98) size 610x124
            RenderTableCell {TH} at (2,208) size 72x30 [border: (1px inset #808080)] [r=3 c=0 rs=4 cs=1]
              RenderText {#text} at (6,116) size 60x17
                text run at (6,6) width 60: "direction"
            RenderTableCell {TH} at (75,145) size 29x30 [border: (1px inset #808080)] [r=3 c=1 rs=1 cs=1]
              RenderText {#text} at (6,53) size 16x17
                text run at (6,6) width 16: "ltr"
            RenderTableCell {TD} at (105,98) size 125x124 [border: (1px solid #000000)] [r=3 c=2 rs=1 cs=1]
              RenderBlock {DIV} at (2,2) size 120x120
                RenderBlock {DETAILS} at (0,0) size 120x18
                  RenderBlock {SUMMARY} at (0,0) size 120x18
                    RenderDetailsMarker {DIV} at (0,3) size 11x11: right
                    RenderText {#text} at (16,0) size 59x17
                      text run at (16,0) width 59: "summary"
                RenderBlock {DETAILS} at (0,18) size 120x18
                  RenderBlock {SUMMARY} at (0,0) size 120x18
                    RenderDetailsMarker {DIV} at (0,3) size 11x11: down
                    RenderText {#text} at (16,0) size 59x17
                      text run at (16,0) width 59: "summary"
            RenderTableCell {TD} at (231,98) size 125x124 [border: (1px solid #000000)] [r=3 c=3 rs=1 cs=1]
              RenderBlock {DIV} at (2,2) size 120x120
                RenderBlock {DETAILS} at (0,0) size 120x18
                  RenderBlock {SUMMARY} at (0,0) size 120x18
                    RenderDetailsMarker {DIV} at (0,4) size 11x11: right
                    RenderText {#text} at (16,1) size 59x17
                      text run at (16,1) width 59: "summary"
                RenderBlock {DETAILS} at (0,18) size 120x18
                  RenderBlock {SUMMARY} at (0,0) size 120x18
                    RenderDetailsMarker {DIV} at (0,4) size 11x11: up
                    RenderText {#text} at (16,1) size 59x17
                      text run at (16,1) width 59: "summary"
            RenderTableCell {TD} at (357,98) size 125x124 [border: (1px solid #000000)] [r=3 c=4 rs=1 cs=1]
              RenderBlock {DIV} at (2,2) size 120x120
                RenderBlock {DETAILS} at (0,0) size 18x120
                  RenderBlock {SUMMARY} at (0,0) size 18x120
                    RenderDetailsMarker {DIV} at (3,0) size 11x11: down
                    RenderText {#text} at (1,16) size 17x59
                      text run at (1,16) width 58: "summary"
                RenderBlock {DETAILS} at (18,0) size 18x120
                  RenderBlock {SUMMARY} at (0,0) size 18x120
                    RenderDetailsMarker {DIV} at (3,0) size 11x11: right
                    RenderText {#text} at (1,16) size 17x59
                      text run at (1,16) width 58: "summary"
            RenderTableCell {TD} at (483,98) size 125x124 [border: (1px solid #000000)] [r=3 c=5 rs=1 cs=1]
              RenderBlock {DIV} at (2,2) size 120x120
                RenderBlock {DETAILS} at (0,0) size 18x120
                  RenderBlock {SUMMARY} at (0,0) size 18x120
                    RenderDetailsMarker {DIV} at (4,0) size 11x11: down
                    RenderText {#text} at (0,16) size 17x59
                      text run at (0,16) width 58: "summary"
                RenderBlock {DETAILS} at (18,0) size 18x120
                  RenderBlock {SUMMARY} at (0,0) size 18x120
                    RenderDetailsMarker {DIV} at (4,0) size 11x11: left
                    RenderText {#text} at (0,16) size 17x59
                      text run at (0,16) width 58: "summary"
          RenderTableRow {TR} at (0,224) size 610x124
            RenderTableCell {TH} at (75,271) size 29x30 [border: (1px inset #808080)] [r=4 c=1 rs=1 cs=1]
              RenderText {#text} at (6,53) size 16x17
                text run at (6,6) width 16: "rtl"
            RenderTableCell {TD} at (105,224) size 125x124 [border: (1px solid #000000)] [r=4 c=2 rs=1 cs=1]
              RenderBlock {DIV} at (2,2) size 120x120
                RenderBlock {DETAILS} at (0,0) size 120x18
                  RenderBlock {SUMMARY} at (0,0) size 120x18
                    RenderDetailsMarker {DIV} at (109,3) size 11x11: left
                    RenderText {#text} at (45,0) size 59x17
                      text run at (45,0) width 59: "summary"
                RenderBlock {DETAILS} at (0,18) size 120x18
                  RenderBlock {SUMMARY} at (0,0) size 120x18
                    RenderDetailsMarker {DIV} at (109,3) size 11x11: down
                    RenderText {#text} at (45,0) size 59x17
                      text run at (45,0) width 59: "summary"
            RenderTableCell {TD} at (231,224) size 125x124 [border: (1px solid #000000)] [r=4 c=3 rs=1 cs=1]
              RenderBlock {DIV} at (2,2) size 120x120
                RenderBlock {DETAILS} at (0,0) size 120x18
                  RenderBlock {SUMMARY} at (0,0) size 120x18
                    RenderDetailsMarker {DIV} at (109,4) size 11x11: left
                    RenderText {#text} at (45,1) size 59x17
                      text run at (45,1) width 59: "summary"
                RenderBlock {DETAILS} at (0,18) size 120x18
                  RenderBlock {SUMMARY} at (0,0) size 120x18
                    RenderDetailsMarker {DIV} at (109,4) size 11x11: up
                    RenderText {#text} at (45,1) size 59x17
                      text run at (45,1) width 59: "summary"
            RenderTableCell {TD} at (357,224) size 125x124 [border: (1px solid #000000)] [r=4 c=4 rs=1 cs=1]
              RenderBlock {DIV} at (2,2) size 120x120
                RenderBlock {DETAILS} at (0,0) size 18x120
                  RenderBlock {SUMMARY} at (0,0) size 18x120
                    RenderDetailsMarker {DIV} at (3,109) size 11x11: up
                    RenderText {#text} at (1,45) size 17x59
                      text run at (1,45) width 58: "summary"
                RenderBlock {DETAILS} at (18,0) size 18x120
                  RenderBlock {SUMMARY} at (0,0) size 18x120
                    RenderDetailsMarker {DIV} at (3,109) size 11x11: right
                    RenderText {#text} at (1,45) size 17x59
                      text run at (1,45) width 58: "summary"
            RenderTableCell {TD} at (483,224) size 125x124 [border: (1px solid #000000)] [r=4 c=5 rs=1 cs=1]
              RenderBlock {DIV} at (2,2) size 120x120
                RenderBlock {DETAILS} at (0,0) size 18x120
                  RenderBlock {SUMMARY} at (0,0) size 18x120
                    RenderDetailsMarker {DIV} at (4,109) size 11x11: up
                    RenderText {#text} at (0,45) size 17x59
                      text run at (0,45) width 58: "summary"
                RenderBlock {DETAILS} at (18,0) size 18x120
                  RenderBlock {SUMMARY} at (0,0) size 18x120
                    RenderDetailsMarker {DIV} at (4,109) size 11x11: left
                    RenderText {#text} at (0,45) size 17x59
                      text run at (0,45) width 58: "summary"
      RenderBlock (anonymous) at (0,352) size 769x18
        RenderBR {BR} at (0,0) size 0x17
      RenderTable {TABLE} at (0,370) size 612x352 [border: (1px outset #808080)]
        RenderTableSection {TBODY} at (1,1) size 610x350
          RenderTableRow {TR} at (0,2) size 610x30
            RenderTableCell {TH} at (2,2) size 606x30 [border: (1px inset #808080)] [r=0 c=0 rs=1 cs=6]
              RenderText {#text} at (256,6) size 94x17
                text run at (256,6) width 94: "text-align: left"
          RenderTableRow {TR} at (0,34) size 610x30
            RenderTableCell {TH} at (2,50) size 102x30 [border: (1px inset #808080)] [r=1 c=0 rs=2 cs=2]
              RenderText {#text} at (48,22) size 5x17
                text run at (48,6) width 5: " "
            RenderTableCell {TH} at (105,34) size 503x30 [border: (1px inset #808080)] [r=1 c=2 rs=1 cs=4]
              RenderText {#text} at (177,6) size 148x17
                text run at (177,6) width 148: "-webkit-writing-mode"
          RenderTableRow {TR} at (0,66) size 610x30
            RenderTableCell {TH} at (105,66) size 125x30 [border: (1px inset #808080)] [r=2 c=2 rs=1 cs=1]
              RenderText {#text} at (18,6) size 88x17
                text run at (18,6) width 88: "horizontal-tb"
            RenderTableCell {TH} at (231,66) size 125x30 [border: (1px inset #808080)] [r=2 c=3 rs=1 cs=1]
              RenderText {#text} at (18,6) size 88x17
                text run at (18,6) width 88: "horizontal-bt"
            RenderTableCell {TH} at (357,66) size 125x30 [border: (1px inset #808080)] [r=2 c=4 rs=1 cs=1]
              RenderText {#text} at (29,6) size 66x17
                text run at (29,6) width 66: "vertical-lr"
            RenderTableCell {TH} at (483,66) size 125x30 [border: (1px inset #808080)] [r=2 c=5 rs=1 cs=1]
              RenderText {#text} at (29,6) size 66x17
                text run at (29,6) width 66: "vertical-rl"
          RenderTableRow {TR} at (0,98) size 610x124
            RenderTableCell {TH} at (2,208) size 72x30 [border: (1px inset #808080)] [r=3 c=0 rs=4 cs=1]
              RenderText {#text} at (6,116) size 60x17
                text run at (6,6) width 60: "direction"
            RenderTableCell {TH} at (75,145) size 29x30 [border: (1px inset #808080)] [r=3 c=1 rs=1 cs=1]
              RenderText {#text} at (6,53) size 16x17
                text run at (6,6) width 16: "ltr"
            RenderTableCell {TD} at (105,98) size 125x124 [border: (1px solid #000000)] [r=3 c=2 rs=1 cs=1]
              RenderBlock {DIV} at (2,2) size 120x120
                RenderBlock {DETAILS} at (0,0) size 120x18
                  RenderBlock {SUMMARY} at (0,0) size 120x18
                    RenderDetailsMarker {DIV} at (0,3) size 11x11: right
                    RenderText {#text} at (16,0) size 59x17
                      text run at (16,0) width 59: "summary"
                RenderBlock {DETAILS} at (0,18) size 120x18
                  RenderBlock {SUMMARY} at (0,0) size 120x18
                    RenderDetailsMarker {DIV} at (0,3) size 11x11: down
                    RenderText {#text} at (16,0) size 59x17
                      text run at (16,0) width 59: "summary"
            RenderTableCell {TD} at (231,98) size 125x124 [border: (1px solid #000000)] [r=3 c=3 rs=1 cs=1]
              RenderBlock {DIV} at (2,2) size 120x120
                RenderBlock {DETAILS} at (0,0) size 120x18
                  RenderBlock {SUMMARY} at (0,0) size 120x18
                    RenderDetailsMarker {DIV} at (0,4) size 11x11: right
                    RenderText {#text} at (16,1) size 59x17
                      text run at (16,1) width 59: "summary"
                RenderBlock {DETAILS} at (0,18) size 120x18
                  RenderBlock {SUMMARY} at (0,0) size 120x18
                    RenderDetailsMarker {DIV} at (0,4) size 11x11: up
                    RenderText {#text} at (16,1) size 59x17
                      text run at (16,1) width 59: "summary"
            RenderTableCell {TD} at (357,98) size 125x124 [border: (1px solid #000000)] [r=3 c=4 rs=1 cs=1]
              RenderBlock {DIV} at (2,2) size 120x120
                RenderBlock {DETAILS} at (0,0) size 18x120
                  RenderBlock {SUMMARY} at (0,0) size 18x120
                    RenderDetailsMarker {DIV} at (3,0) size 11x11: down
                    RenderText {#text} at (1,16) size 17x59
                      text run at (1,16) width 58: "summary"
                RenderBlock {DETAILS} at (18,0) size 18x120
                  RenderBlock {SUMMARY} at (0,0) size 18x120
                    RenderDetailsMarker {DIV} at (3,0) size 11x11: right
                    RenderText {#text} at (1,16) size 17x59
                      text run at (1,16) width 58: "summary"
            RenderTableCell {TD} at (483,98) size 125x124 [border: (1px solid #000000)] [r=3 c=5 rs=1 cs=1]
              RenderBlock {DIV} at (2,2) size 120x120
                RenderBlock {DETAILS} at (0,0) size 18x120
                  RenderBlock {SUMMARY} at (0,0) size 18x120
                    RenderDetailsMarker {DIV} at (4,0) size 11x11: down
                    RenderText {#text} at (0,16) size 17x59
                      text run at (0,16) width 58: "summary"
                RenderBlock {DETAILS} at (18,0) size 18x120
                  RenderBlock {SUMMARY} at (0,0) size 18x120
                    RenderDetailsMarker {DIV} at (4,0) size 11x11: left
                    RenderText {#text} at (0,16) size 17x59
                      text run at (0,16) width 58: "summary"
          RenderTableRow {TR} at (0,224) size 610x124
            RenderTableCell {TH} at (75,271) size 29x30 [border: (1px inset #808080)] [r=4 c=1 rs=1 cs=1]
              RenderText {#text} at (6,53) size 16x17
                text run at (6,6) width 16: "rtl"
            RenderTableCell {TD} at (105,224) size 125x124 [border: (1px solid #000000)] [r=4 c=2 rs=1 cs=1]
              RenderBlock {DIV} at (2,2) size 120x120
                RenderBlock {DETAILS} at (0,0) size 120x18
                  RenderBlock {SUMMARY} at (0,0) size 120x18
                    RenderDetailsMarker {DIV} at (64,3) size 11x11: left
                    RenderText {#text} at (0,0) size 58x17
                      text run at (0,0) width 58: "summary"
                RenderBlock {DETAILS} at (0,18) size 120x18
                  RenderBlock {SUMMARY} at (0,0) size 120x18
                    RenderDetailsMarker {DIV} at (64,3) size 11x11: down
                    RenderText {#text} at (0,0) size 58x17
                      text run at (0,0) width 58: "summary"
            RenderTableCell {TD} at (231,224) size 125x124 [border: (1px solid #000000)] [r=4 c=3 rs=1 cs=1]
              RenderBlock {DIV} at (2,2) size 120x120
                RenderBlock {DETAILS} at (0,0) size 120x18
                  RenderBlock {SUMMARY} at (0,0) size 120x18
                    RenderDetailsMarker {DIV} at (64,4) size 11x11: left
                    RenderText {#text} at (0,1) size 58x17
                      text run at (0,1) width 58: "summary"
                RenderBlock {DETAILS} at (0,18) size 120x18
                  RenderBlock {SUMMARY} at (0,0) size 120x18
                    RenderDetailsMarker {DIV} at (64,4) size 11x11: up
                    RenderText {#text} at (0,1) size 58x17
                      text run at (0,1) width 58: "summary"
            RenderTableCell {TD} at (357,224) size 125x124 [border: (1px solid #000000)] [r=4 c=4 rs=1 cs=1]
              RenderBlock {DIV} at (2,2) size 120x120
                RenderBlock {DETAILS} at (0,0) size 18x120
                  RenderBlock {SUMMARY} at (0,0) size 18x120
                    RenderDetailsMarker {DIV} at (3,64) size 11x11: up
                    RenderText {#text} at (1,0) size 17x58
                      text run at (1,0) width 58: "summary"
                RenderBlock {DETAILS} at (18,0) size 18x120
                  RenderBlock {SUMMARY} at (0,0) size 18x120
                    RenderDetailsMarker {DIV} at (3,64) size 11x11: right
                    RenderText {#text} at (1,0) size 17x58
                      text run at (1,0) width 58: "summary"
            RenderTableCell {TD} at (483,224) size 125x124 [border: (1px solid #000000)] [r=4 c=5 rs=1 cs=1]
              RenderBlock {DIV} at (2,2) size 120x120
                RenderBlock {DETAILS} at (0,0) size 18x120
                  RenderBlock {SUMMARY} at (0,0) size 18x120
                    RenderDetailsMarker {DIV} at (4,64) size 11x11: up
                    RenderText {#text} at (0,0) size 17x58
                      text run at (0,0) width 58: "summary"
                RenderBlock {DETAILS} at (18,0) size 18x120
                  RenderBlock {SUMMARY} at (0,0) size 18x120
                    RenderDetailsMarker {DIV} at (4,64) size 11x11: left
                    RenderText {#text} at (0,0) size 17x58
                      text run at (0,0) width 58: "summary"
      RenderBlock (anonymous) at (0,722) size 769x18
        RenderBR {BR} at (0,0) size 0x17
      RenderTable {TABLE} at (0,740) size 612x352 [border: (1px outset #808080)]
        RenderTableSection {TBODY} at (1,1) size 610x350
          RenderTableRow {TR} at (0,2) size 610x30
            RenderTableCell {TH} at (2,2) size 606x30 [border: (1px inset #808080)] [r=0 c=0 rs=1 cs=6]
              RenderText {#text} at (245,6) size 115x17
                text run at (245,6) width 115: "text-align: center"
          RenderTableRow {TR} at (0,34) size 610x30
            RenderTableCell {TH} at (2,50) size 102x30 [border: (1px inset #808080)] [r=1 c=0 rs=2 cs=2]
              RenderText {#text} at (48,22) size 5x17
                text run at (48,6) width 5: " "
            RenderTableCell {TH} at (105,34) size 503x30 [border: (1px inset #808080)] [r=1 c=2 rs=1 cs=4]
              RenderText {#text} at (177,6) size 148x17
                text run at (177,6) width 148: "-webkit-writing-mode"
          RenderTableRow {TR} at (0,66) size 610x30
            RenderTableCell {TH} at (105,66) size 125x30 [border: (1px inset #808080)] [r=2 c=2 rs=1 cs=1]
              RenderText {#text} at (18,6) size 88x17
                text run at (18,6) width 88: "horizontal-tb"
            RenderTableCell {TH} at (231,66) size 125x30 [border: (1px inset #808080)] [r=2 c=3 rs=1 cs=1]
              RenderText {#text} at (18,6) size 88x17
                text run at (18,6) width 88: "horizontal-bt"
            RenderTableCell {TH} at (357,66) size 125x30 [border: (1px inset #808080)] [r=2 c=4 rs=1 cs=1]
              RenderText {#text} at (29,6) size 66x17
                text run at (29,6) width 66: "vertical-lr"
            RenderTableCell {TH} at (483,66) size 125x30 [border: (1px inset #808080)] [r=2 c=5 rs=1 cs=1]
              RenderText {#text} at (29,6) size 66x17
                text run at (29,6) width 66: "vertical-rl"
          RenderTableRow {TR} at (0,98) size 610x124
            RenderTableCell {TH} at (2,208) size 72x30 [border: (1px inset #808080)] [r=3 c=0 rs=4 cs=1]
              RenderText {#text} at (6,116) size 60x17
                text run at (6,6) width 60: "direction"
            RenderTableCell {TH} at (75,145) size 29x30 [border: (1px inset #808080)] [r=3 c=1 rs=1 cs=1]
              RenderText {#text} at (6,53) size 16x17
                text run at (6,6) width 16: "ltr"
            RenderTableCell {TD} at (105,98) size 125x124 [border: (1px solid #000000)] [r=3 c=2 rs=1 cs=1]
              RenderBlock {DIV} at (2,2) size 120x120
                RenderBlock {DETAILS} at (0,0) size 120x18
                  RenderBlock {SUMMARY} at (0,0) size 120x18
                    RenderDetailsMarker {DIV} at (22,3) size 12x11: right
                    RenderText {#text} at (39,0) size 59x17
                      text run at (39,0) width 59: "summary"
                RenderBlock {DETAILS} at (0,18) size 120x18
                  RenderBlock {SUMMARY} at (0,0) size 120x18
                    RenderDetailsMarker {DIV} at (22,3) size 12x11: down
                    RenderText {#text} at (39,0) size 59x17
                      text run at (39,0) width 59: "summary"
            RenderTableCell {TD} at (231,98) size 125x124 [border: (1px solid #000000)] [r=3 c=3 rs=1 cs=1]
              RenderBlock {DIV} at (2,2) size 120x120
                RenderBlock {DETAILS} at (0,0) size 120x18
                  RenderBlock {SUMMARY} at (0,0) size 120x18
                    RenderDetailsMarker {DIV} at (22,4) size 12x11: right
                    RenderText {#text} at (39,1) size 59x17
                      text run at (39,1) width 59: "summary"
                RenderBlock {DETAILS} at (0,18) size 120x18
                  RenderBlock {SUMMARY} at (0,0) size 120x18
                    RenderDetailsMarker {DIV} at (22,4) size 12x11: up
                    RenderText {#text} at (39,1) size 59x17
                      text run at (39,1) width 59: "summary"
            RenderTableCell {TD} at (357,98) size 125x124 [border: (1px solid #000000)] [r=3 c=4 rs=1 cs=1]
              RenderBlock {DIV} at (2,2) size 120x120
                RenderBlock {DETAILS} at (0,0) size 18x120
                  RenderBlock {SUMMARY} at (0,0) size 18x120
                    RenderDetailsMarker {DIV} at (3,22) size 11x12: down
                    RenderText {#text} at (1,39) size 17x59
                      text run at (1,39) width 58: "summary"
                RenderBlock {DETAILS} at (18,0) size 18x120
                  RenderBlock {SUMMARY} at (0,0) size 18x120
                    RenderDetailsMarker {DIV} at (3,22) size 11x12: right
                    RenderText {#text} at (1,39) size 17x59
                      text run at (1,39) width 58: "summary"
            RenderTableCell {TD} at (483,98) size 125x124 [border: (1px solid #000000)] [r=3 c=5 rs=1 cs=1]
              RenderBlock {DIV} at (2,2) size 120x120
                RenderBlock {DETAILS} at (0,0) size 18x120
                  RenderBlock {SUMMARY} at (0,0) size 18x120
                    RenderDetailsMarker {DIV} at (4,22) size 11x12: down
                    RenderText {#text} at (0,39) size 17x59
                      text run at (0,39) width 58: "summary"
                RenderBlock {DETAILS} at (18,0) size 18x120
                  RenderBlock {SUMMARY} at (0,0) size 18x120
                    RenderDetailsMarker {DIV} at (4,22) size 11x12: left
                    RenderText {#text} at (0,39) size 17x59
                      text run at (0,39) width 58: "summary"
          RenderTableRow {TR} at (0,224) size 610x124
            RenderTableCell {TH} at (75,271) size 29x30 [border: (1px inset #808080)] [r=4 c=1 rs=1 cs=1]
              RenderText {#text} at (6,53) size 16x17
                text run at (6,6) width 16: "rtl"
            RenderTableCell {TD} at (105,224) size 125x124 [border: (1px solid #000000)] [r=4 c=2 rs=1 cs=1]
              RenderBlock {DIV} at (2,2) size 120x120
                RenderBlock {DETAILS} at (0,0) size 120x18
                  RenderBlock {SUMMARY} at (0,0) size 120x18
                    RenderDetailsMarker {DIV} at (86,3) size 12x11: left
                    RenderText {#text} at (22,0) size 59x17
                      text run at (22,0) width 59: "summary"
                RenderBlock {DETAILS} at (0,18) size 120x18
                  RenderBlock {SUMMARY} at (0,0) size 120x18
                    RenderDetailsMarker {DIV} at (86,3) size 12x11: down
                    RenderText {#text} at (22,0) size 59x17
                      text run at (22,0) width 59: "summary"
            RenderTableCell {TD} at (231,224) size 125x124 [border: (1px solid #000000)] [r=4 c=3 rs=1 cs=1]
              RenderBlock {DIV} at (2,2) size 120x120
                RenderBlock {DETAILS} at (0,0) size 120x18
                  RenderBlock {SUMMARY} at (0,0) size 120x18
                    RenderDetailsMarker {DIV} at (86,4) size 12x11: left
                    RenderText {#text} at (22,1) size 59x17
                      text run at (22,1) width 59: "summary"
                RenderBlock {DETAILS} at (0,18) size 120x18
                  RenderBlock {SUMMARY} at (0,0) size 120x18
                    RenderDetailsMarker {DIV} at (86,4) size 12x11: up
                    RenderText {#text} at (22,1) size 59x17
                      text run at (22,1) width 59: "summary"
            RenderTableCell {TD} at (357,224) size 125x124 [border: (1px solid #000000)] [r=4 c=4 rs=1 cs=1]
              RenderBlock {DIV} at (2,2) size 120x120
                RenderBlock {DETAILS} at (0,0) size 18x120
                  RenderBlock {SUMMARY} at (0,0) size 18x120
                    RenderDetailsMarker {DIV} at (3,86) size 11x12: up
                    RenderText {#text} at (1,22) size 17x59
                      text run at (1,22) width 58: "summary"
                RenderBlock {DETAILS} at (18,0) size 18x120
                  RenderBlock {SUMMARY} at (0,0) size 18x120
                    RenderDetailsMarker {DIV} at (3,86) size 11x12: right
                    RenderText {#text} at (1,22) size 17x59
                      text run at (1,22) width 58: "summary"
            RenderTableCell {TD} at (483,224) size 125x124 [border: (1px solid #000000)] [r=4 c=5 rs=1 cs=1]
              RenderBlock {DIV} at (2,2) size 120x120
                RenderBlock {DETAILS} at (0,0) size 18x120
                  RenderBlock {SUMMARY} at (0,0) size 18x120
                    RenderDetailsMarker {DIV} at (4,86) size 11x12: up
                    RenderText {#text} at (0,22) size 17x59
                      text run at (0,22) width 58: "summary"
                RenderBlock {DETAILS} at (18,0) size 18x120
                  RenderBlock {SUMMARY} at (0,0) size 18x120
                    RenderDetailsMarker {DIV} at (4,86) size 11x12: left
                    RenderText {#text} at (0,22) size 17x59
                      text run at (0,22) width 58: "summary"
      RenderBlock (anonymous) at (0,1092) size 769x18
        RenderBR {BR} at (0,0) size 0x17
      RenderTable {TABLE} at (0,1110) size 612x352 [border: (1px outset #808080)]
        RenderTableSection {TBODY} at (1,1) size 610x350
          RenderTableRow {TR} at (0,2) size 610x30
            RenderTableCell {TH} at (2,2) size 606x30 [border: (1px inset #808080)] [r=0 c=0 rs=1 cs=6]
              RenderText {#text} at (250,6) size 106x17
                text run at (250,6) width 106: "text-align: right"
          RenderTableRow {TR} at (0,34) size 610x30
            RenderTableCell {TH} at (2,50) size 102x30 [border: (1px inset #808080)] [r=1 c=0 rs=2 cs=2]
              RenderText {#text} at (48,22) size 5x17
                text run at (48,6) width 5: " "
            RenderTableCell {TH} at (105,34) size 503x30 [border: (1px inset #808080)] [r=1 c=2 rs=1 cs=4]
              RenderText {#text} at (177,6) size 148x17
                text run at (177,6) width 148: "-webkit-writing-mode"
          RenderTableRow {TR} at (0,66) size 610x30
            RenderTableCell {TH} at (105,66) size 125x30 [border: (1px inset #808080)] [r=2 c=2 rs=1 cs=1]
              RenderText {#text} at (18,6) size 88x17
                text run at (18,6) width 88: "horizontal-tb"
            RenderTableCell {TH} at (231,66) size 125x30 [border: (1px inset #808080)] [r=2 c=3 rs=1 cs=1]
              RenderText {#text} at (18,6) size 88x17
                text run at (18,6) width 88: "horizontal-bt"
            RenderTableCell {TH} at (357,66) size 125x30 [border: (1px inset #808080)] [r=2 c=4 rs=1 cs=1]
              RenderText {#text} at (29,6) size 66x17
                text run at (29,6) width 66: "vertical-lr"
            RenderTableCell {TH} at (483,66) size 125x30 [border: (1px inset #808080)] [r=2 c=5 rs=1 cs=1]
              RenderText {#text} at (29,6) size 66x17
                text run at (29,6) width 66: "vertical-rl"
          RenderTableRow {TR} at (0,98) size 610x124
            RenderTableCell {TH} at (2,208) size 72x30 [border: (1px inset #808080)] [r=3 c=0 rs=4 cs=1]
              RenderText {#text} at (6,116) size 60x17
                text run at (6,6) width 60: "direction"
            RenderTableCell {TH} at (75,145) size 29x30 [border: (1px inset #808080)] [r=3 c=1 rs=1 cs=1]
              RenderText {#text} at (6,53) size 16x17
                text run at (6,6) width 16: "ltr"
            RenderTableCell {TD} at (105,98) size 125x124 [border: (1px solid #000000)] [r=3 c=2 rs=1 cs=1]
              RenderBlock {DIV} at (2,2) size 120x120
                RenderBlock {DETAILS} at (0,0) size 120x18
                  RenderBlock {SUMMARY} at (0,0) size 120x18
                    RenderDetailsMarker {DIV} at (45,3) size 11x11: right
                    RenderText {#text} at (62,0) size 58x17
                      text run at (62,0) width 58: "summary"
                RenderBlock {DETAILS} at (0,18) size 120x18
                  RenderBlock {SUMMARY} at (0,0) size 120x18
                    RenderDetailsMarker {DIV} at (45,3) size 11x11: down
                    RenderText {#text} at (62,0) size 58x17
                      text run at (62,0) width 58: "summary"
            RenderTableCell {TD} at (231,98) size 125x124 [border: (1px solid #000000)] [r=3 c=3 rs=1 cs=1]
              RenderBlock {DIV} at (2,2) size 120x120
                RenderBlock {DETAILS} at (0,0) size 120x18
                  RenderBlock {SUMMARY} at (0,0) size 120x18
                    RenderDetailsMarker {DIV} at (45,4) size 11x11: right
                    RenderText {#text} at (62,1) size 58x17
                      text run at (62,1) width 58: "summary"
                RenderBlock {DETAILS} at (0,18) size 120x18
                  RenderBlock {SUMMARY} at (0,0) size 120x18
                    RenderDetailsMarker {DIV} at (45,4) size 11x11: up
                    RenderText {#text} at (62,1) size 58x17
                      text run at (62,1) width 58: "summary"
            RenderTableCell {TD} at (357,98) size 125x124 [border: (1px solid #000000)] [r=3 c=4 rs=1 cs=1]
              RenderBlock {DIV} at (2,2) size 120x120
                RenderBlock {DETAILS} at (0,0) size 18x120
                  RenderBlock {SUMMARY} at (0,0) size 18x120
                    RenderDetailsMarker {DIV} at (3,45) size 11x11: down
                    RenderText {#text} at (1,62) size 17x58
                      text run at (1,62) width 58: "summary"
                RenderBlock {DETAILS} at (18,0) size 18x120
                  RenderBlock {SUMMARY} at (0,0) size 18x120
                    RenderDetailsMarker {DIV} at (3,45) size 11x11: right
                    RenderText {#text} at (1,62) size 17x58
                      text run at (1,62) width 58: "summary"
            RenderTableCell {TD} at (483,98) size 125x124 [border: (1px solid #000000)] [r=3 c=5 rs=1 cs=1]
              RenderBlock {DIV} at (2,2) size 120x120
                RenderBlock {DETAILS} at (0,0) size 18x120
                  RenderBlock {SUMMARY} at (0,0) size 18x120
                    RenderDetailsMarker {DIV} at (4,45) size 11x11: down
                    RenderText {#text} at (0,62) size 17x58
                      text run at (0,62) width 58: "summary"
                RenderBlock {DETAILS} at (18,0) size 18x120
                  RenderBlock {SUMMARY} at (0,0) size 18x120
                    RenderDetailsMarker {DIV} at (4,45) size 11x11: left
                    RenderText {#text} at (0,62) size 17x58
                      text run at (0,62) width 58: "summary"
          RenderTableRow {TR} at (0,224) size 610x124
            RenderTableCell {TH} at (75,271) size 29x30 [border: (1px inset #808080)] [r=4 c=1 rs=1 cs=1]
              RenderText {#text} at (6,53) size 16x17
                text run at (6,6) width 16: "rtl"
            RenderTableCell {TD} at (105,224) size 125x124 [border: (1px solid #000000)] [r=4 c=2 rs=1 cs=1]
              RenderBlock {DIV} at (2,2) size 120x120
                RenderBlock {DETAILS} at (0,0) size 120x18
                  RenderBlock {SUMMARY} at (0,0) size 120x18
                    RenderDetailsMarker {DIV} at (109,3) size 11x11: left
                    RenderText {#text} at (45,0) size 59x17
                      text run at (45,0) width 59: "summary"
                RenderBlock {DETAILS} at (0,18) size 120x18
                  RenderBlock {SUMMARY} at (0,0) size 120x18
                    RenderDetailsMarker {DIV} at (109,3) size 11x11: down
                    RenderText {#text} at (45,0) size 59x17
                      text run at (45,0) width 59: "summary"
            RenderTableCell {TD} at (231,224) size 125x124 [border: (1px solid #000000)] [r=4 c=3 rs=1 cs=1]
              RenderBlock {DIV} at (2,2) size 120x120
                RenderBlock {DETAILS} at (0,0) size 120x18
                  RenderBlock {SUMMARY} at (0,0) size 120x18
                    RenderDetailsMarker {DIV} at (109,4) size 11x11: left
                    RenderText {#text} at (45,1) size 59x17
                      text run at (45,1) width 59: "summary"
                RenderBlock {DETAILS} at (0,18) size 120x18
                  RenderBlock {SUMMARY} at (0,0) size 120x18
                    RenderDetailsMarker {DIV} at (109,4) size 11x11: up
                    RenderText {#text} at (45,1) size 59x17
                      text run at (45,1) width 59: "summary"
            RenderTableCell {TD} at (357,224) size 125x124 [border: (1px solid #000000)] [r=4 c=4 rs=1 cs=1]
              RenderBlock {DIV} at (2,2) size 120x120
                RenderBlock {DETAILS} at (0,0) size 18x120
                  RenderBlock {SUMMARY} at (0,0) size 18x120
                    RenderDetailsMarker {DIV} at (3,109) size 11x11: up
                    RenderText {#text} at (1,45) size 17x59
                      text run at (1,45) width 58: "summary"
                RenderBlock {DETAILS} at (18,0) size 18x120
                  RenderBlock {SUMMARY} at (0,0) size 18x120
                    RenderDetailsMarker {DIV} at (3,109) size 11x11: right
                    RenderText {#text} at (1,45) size 17x59
                      text run at (1,45) width 58: "summary"
            RenderTableCell {TD} at (483,224) size 125x124 [border: (1px solid #000000)] [r=4 c=5 rs=1 cs=1]
              RenderBlock {DIV} at (2,2) size 120x120
                RenderBlock {DETAILS} at (0,0) size 18x120
                  RenderBlock {SUMMARY} at (0,0) size 18x120
                    RenderDetailsMarker {DIV} at (4,109) size 11x11: up
                    RenderText {#text} at (0,45) size 17x59
                      text run at (0,45) width 58: "summary"
                RenderBlock {DETAILS} at (18,0) size 18x120
                  RenderBlock {SUMMARY} at (0,0) size 18x120
                    RenderDetailsMarker {DIV} at (4,109) size 11x11: left
                    RenderText {#text} at (0,45) size 17x59
                      text run at (0,45) width 58: "summary"
