layer at (0,0) size 800x600
  RenderView at (0,0) size 800x600
layer at (0,0) size 800x303
  RenderBlock {html} at (0,0) size 800x303
    RenderBody {body} at (8,16) size 784x279
      RenderBlock {p} at (0,0) size 784x25
        RenderTextControl {input} at (2,2) size 360x21 [bgcolor=#FFFFFF] [border: (2px inset #000000)]
      RenderBlock {p} at (0,41) size 784x18
        RenderText {#text} at (0,0) size 463x18
          text run at (0,0) width 463: "It should say \"PASSED\" above and there should be a green circle below."
      RenderBlock (anonymous) at (0,75) size 784x204
        RenderSVGRoot {svg} at (8,91) size 100x100
          RenderSVGEllipse {circle} at (8,91) size 100x100 [fill={[type=SOLID] [color=#008000]}] [cx=50.00] [cy=50.00] [r=50.00]
        RenderText {#text} at (0,0) size 0x0
        RenderText {#text} at (0,0) size 0x0
layer at (12,21) size 356x15
  RenderBlock {div} at (2,3) size 356x15
    RenderText {#text} at (0,0) size 135x15
      text run at (0,0) width 135: "This test has PASSED."
