layer at (0,0) size 800x600
  RenderView at (0,0) size 800x600
layer at (0,0) size 800x420
  RenderBlock {html} at (0,0) size 800x420
    RenderBody {body} at (8,8) size 784x404
      RenderBlock {div} at (0,0) size 200x200 [color=#FFFF00] [bgcolor=#FF0000]
        RenderText {#text} at (0,0) size 36x18
          text run at (0,0) width 36: "FAIL"
      RenderBlock (anonymous) at (0,200) size 784x204
        RenderSVGRoot {svg} at (8,208) size 150x200
          RenderSVGEllipse {circle} at (58,258) size 100x100 [fill={[type=SOLID] [color=#008000]}] [cx=100.00] [cy=100.00] [r=50.00]
          RenderSVGForeignObject {foreignObject} at (0,0) size 200x200
        RenderText {#text} at (0,0) size 0x0
layer at (8,8) size 200x200
  RenderBlock (positioned) {div} at (8,8) size 200x200 [bgcolor=#FFFFFF]
    RenderText {#text} at (0,0) size 199x36
      text run at (0,0) width 190: "There should be a green circle"
      text run at (0,18) width 199: "below with no red on this page."
