layer at (0,0) size 800x600
  RenderView at (0,0) size 800x600
layer at (724,0) size 76x600
  RenderBlock {HTML} at (0,0) size 76x600
    RenderBody {BODY} at (20,8) size 48x584
      RenderRuby (inline) {RUBY} at (0,0) size 36x320
        RenderRubyRun (anonymous) at (0,0) size 48x32
          RenderRubyText {RT} at (-4,0) size 10x32
            RenderRuby (inline) {RUBY} at (0,0) size 10x8
              RenderRubyRun (anonymous) at (0,12) size 10x8
                RenderRubyText {RT} at (-10,0) size 10x8
                  RenderText {#text} at (0,2) size 10x4
                    text run at (0,2) width 3: "\x{2CB}"
                RenderRubyBase (anonymous) at (0,0) size 10x8
                  RenderText {#text} at (0,0) size 10x8
                    text run at (0,0) width 8: "\x{3115}"
          RenderRubyBase (anonymous) at (0,0) size 48x32
            RenderText {#text} at (6,0) size 36x32
              text run at (6,0) width 32: "\x{4E16}"
        RenderRubyRun (anonymous) at (0,32) size 48x32
          RenderRubyText {RT} at (-4,0) size 10x32
            RenderRuby (inline) {RUBY} at (0,0) size 10x16
              RenderRubyRun (anonymous) at (0,8) size 10x16
                RenderRubyText {RT} at (-10,0) size 10x16
                  RenderText {#text} at (0,6) size 10x4
                    text run at (0,6) width 3: "\x{2CB}"
                RenderRubyBase (anonymous) at (0,0) size 10x16
                  RenderText {#text} at (0,0) size 10x16
                    text run at (0,0) width 16: "\x{3115}\x{3124}"
          RenderRubyBase (anonymous) at (0,0) size 48x32
            RenderText {#text} at (6,0) size 36x32
              text run at (6,0) width 32: "\x{4E0A}"
        RenderRubyRun (anonymous) at (0,64) size 48x32
          RenderRubyText {RT} at (-4,0) size 10x32
            RenderRuby (inline) {RUBY} at (0,0) size 10x8
              RenderRubyRun (anonymous) at (0,12) size 10x8
                RenderRubyText {RT} at (-10,0) size 10x8
                  RenderText {#text} at (0,2) size 10x4
                    text run at (0,2) width 3: "\x{2CA}"
                RenderRubyBase (anonymous) at (0,0) size 10x8
                  RenderText {#text} at (0,0) size 10x8
                    text run at (0,0) width 8: "\x{3128}"
          RenderRubyBase (anonymous) at (0,0) size 48x32
            RenderText {#text} at (6,0) size 36x32
              text run at (6,0) width 32: "\x{7121}"
        RenderRubyRun (anonymous) at (0,96) size 48x32
          RenderRubyText {RT} at (-4,0) size 10x32
            RenderRuby (inline) {RUBY} at (0,0) size 10x16
              RenderRubyRun (anonymous) at (0,8) size 10x16
                RenderRubyText {RT} at (-10,0) size 10x16
                  RenderText {#text} at (0,6) size 10x4
                    text run at (0,6) width 3: "\x{2CA}"
                RenderRubyBase (anonymous) at (0,0) size 10x16
                  RenderText {#text} at (0,0) size 10x16
                    text run at (0,0) width 16: "\x{310B}\x{3122}"
          RenderRubyBase (anonymous) at (0,0) size 48x32
            RenderText {#text} at (6,0) size 36x32
              text run at (6,0) width 32: "\x{96E3}"
        RenderRubyRun (anonymous) at (0,128) size 48x32
          RenderRubyText {RT} at (-4,0) size 10x32
            RenderRuby (inline) {RUBY} at (0,0) size 10x8
              RenderRubyRun (anonymous) at (0,12) size 10x8
                RenderRubyText {RT} at (-10,0) size 10x8
                  RenderText {#text} at (0,2) size 10x4
                    text run at (0,2) width 3: "\x{2CB}"
                RenderRubyBase (anonymous) at (0,0) size 10x8
                  RenderText {#text} at (0,0) size 10x8
                    text run at (0,0) width 8: "\x{3115}"
          RenderRubyBase (anonymous) at (0,0) size 48x32
            RenderText {#text} at (6,0) size 36x32
              text run at (6,0) width 32: "\x{4E8B}"
        RenderRubyRun (anonymous) at (0,160) size 48x32
          RenderRubyText {RT} at (-4,0) size 10x32
            RenderText {#text} at (0,10) size 10x12
              text run at (0,10) width 11: "\x{3113}\x{2C7}"
          RenderRubyBase (anonymous) at (0,0) size 48x32
            RenderText {#text} at (6,0) size 36x32
              text run at (6,0) width 32: "\x{53EA}"
        RenderRubyRun (anonymous) at (0,192) size 48x32
          RenderRubyText {RT} at (-4,0) size 10x32
            RenderRuby (inline) {RUBY} at (0,0) size 10x16
              RenderRubyRun (anonymous) at (0,8) size 10x16
                RenderRubyText {RT} at (-10,0) size 10x16
                  RenderText {#text} at (0,6) size 10x4
                    text run at (0,6) width 3: "\x{2CB}"
                RenderRubyBase (anonymous) at (0,0) size 10x16
                  RenderText {#text} at (0,0) size 10x16
                    text run at (0,0) width 16: "\x{3106}\x{311A}"
          RenderRubyBase (anonymous) at (0,0) size 48x32
            RenderText {#text} at (6,0) size 36x32
              text run at (6,0) width 32: "\x{6015}"
        RenderRubyRun (anonymous) at (0,224) size 48x32
          RenderRubyText {RT} at (-4,0) size 10x32
            RenderRuby (inline) {RUBY} at (0,0) size 10x16
              RenderRubyRun (anonymous) at (0,8) size 10x16
                RenderRubyText {RT} at (-10,0) size 10x16
                  RenderText {#text} at (0,6) size 10x4
                    text run at (0,6) width 3: "\x{2C7}"
                RenderRubyBase (anonymous) at (0,0) size 10x16
                  RenderText {#text} at (0,0) size 10x16
                    text run at (0,0) width 16: "\x{3127}\x{3121}"
          RenderRubyBase (anonymous) at (0,0) size 48x32
            RenderText {#text} at (6,0) size 36x32
              text run at (6,0) width 32: "\x{6709}"
        RenderRubyRun (anonymous) at (0,256) size 48x32
          RenderRubyText {RT} at (-4,0) size 10x32
            RenderText {#text} at (0,4) size 10x24
              text run at (0,4) width 24: "\x{3112}\x{3127}\x{3123}"
          RenderRubyBase (anonymous) at (0,0) size 48x32
            RenderText {#text} at (6,0) size 36x32
              text run at (6,0) width 32: "\x{5FC3}"
        RenderRubyRun (anonymous) at (0,288) size 48x32
          RenderRubyText {RT} at (-4,0) size 10x32
            RenderRuby (inline) {RUBY} at (0,0) size 10x16
              RenderRubyRun (anonymous) at (0,8) size 10x16
                RenderRubyText {RT} at (-10,0) size 10x16
                  RenderText {#text} at (0,6) size 10x4
                    text run at (0,6) width 3: "\x{2CA}"
                RenderRubyBase (anonymous) at (0,0) size 10x16
                  RenderText {#text} at (0,0) size 10x16
                    text run at (0,0) width 16: "\x{3116}\x{3123}"
          RenderRubyBase (anonymous) at (0,0) size 48x32
            RenderText {#text} at (6,0) size 36x32
              text run at (6,0) width 32: "\x{4EBA}"
