layer at (0,0) size 800x600
  RenderView at (0,0) size 800x600
layer at (0,0) size 800x600
  RenderBlock {HTML} at (0,0) size 800x600
    RenderBody {BODY} at (8,8) size 784x576
      RenderBlock {P} at (0,0) size 784x36
        RenderText {#text} at (0,0) size 764x36
          text run at (0,0) width 764: "The following is a test for DOM manipulation within <ruby>: Removing a <rt>, forcing a merge with the right neighbour"
          text run at (0,18) width 21: "run"
      RenderBlock {P} at (0,52) size 784x18
        RenderText {#text} at (0,0) size 436x18
          text run at (0,0) width 436: "Both lines should look identical (the first line is the one manipulated)."
      RenderBlock (anonymous) at (0,86) size 784x36
        RenderBR {BR} at (0,0) size 0x18
        RenderBR {BR} at (0,18) size 0x18
      RenderBlock {P} at (0,138) size 784x28
        RenderText {#text} at (0,10) size 155x18
          text run at (0,10) width 155: "<ruby> is defined in the "
        RenderRuby (inline) {RUBY} at (0,0) size 116x18
          RenderRubyRun (anonymous) at (150,10) size 113x18
            RenderRubyText {RT} at (0,-10) size 112x10
              RenderText {#text} at (0,0) size 112x10
                text run at (0,0) width 112: "Hyper-text Markup Language"
            RenderRubyBase (anonymous) at (0,0) size 112x18
              RenderText {#text} at (33,0) size 22x18
                text run at (33,0) width 22: "HT"
              RenderText {#text} at (55,0) size 24x18
                text run at (55,0) width 24: "ML"
          RenderRubyRun (anonymous) at (262,10) size 9x18
            RenderRubyBase (anonymous) at (0,0) size 8x18
              RenderText {#text} at (0,0) size 8x18
                text run at (0,0) width 8: "5"
        RenderText {#text} at (270,10) size 37x18
          text run at (270,10) width 37: " spec."
      RenderBlock {P} at (0,182) size 784x28
        RenderText {#text} at (0,10) size 155x18
          text run at (0,10) width 155: "<ruby> is defined in the "
        RenderRuby (inline) {RUBY} at (0,0) size 116x18
          RenderRubyRun (anonymous) at (150,10) size 113x18
            RenderRubyText {RT} at (0,-10) size 112x10
              RenderText {#text} at (0,0) size 112x10
                text run at (0,0) width 112: "Hyper-text Markup Language"
            RenderRubyBase (anonymous) at (0,0) size 112x18
              RenderText {#text} at (33,0) size 46x18
                text run at (33,0) width 46: "HTML"
          RenderRubyRun (anonymous) at (262,10) size 9x18
            RenderRubyBase (anonymous) at (0,0) size 8x18
              RenderText {#text} at (0,0) size 8x18
                text run at (0,0) width 8: "5"
        RenderText {#text} at (270,10) size 37x18
          text run at (270,10) width 37: " spec."
