layer at (0,0) size 800x600
  RenderView at (0,0) size 800x600
layer at (0,0) size 800x600
  RenderBlock {HTML} at (0,0) size 800x600
    RenderBody {BODY} at (8,8) size 784x576
      RenderBlock {P} at (0,0) size 784x18
        RenderText {#text} at (0,0) size 656x18
          text run at (0,0) width 656: "The following is a test for DOM manipulation within <ruby>: Inserting a new text before a <rt> element"
      RenderBlock {P} at (0,34) size 784x18
        RenderText {#text} at (0,0) size 436x18
          text run at (0,0) width 436: "Both lines should look identical (the first line is the one manipulated)."
      RenderBlock (anonymous) at (0,68) size 784x36
        RenderBR {BR} at (0,0) size 0x18
        RenderBR {BR} at (0,18) size 0x18
      RenderBlock {P} at (0,120) size 784x28
        RenderText {#text} at (0,10) size 155x18
          text run at (0,10) width 155: "<ruby> is defined in the "
        RenderRuby (inline) {RUBY} at (0,0) size 114x18
          RenderRubyRun (anonymous) at (150,10) size 42x18
            RenderRubyText {RT} at (0,-10) size 41x10
              RenderText {#text} at (0,0) size 41x10
                text run at (0,0) width 41: "Hyper-text"
            RenderRubyBase (anonymous) at (0,0) size 41x18
              RenderText {#text} at (9,0) size 23x18
                text run at (9,0) width 23: "HT"
          RenderRubyRun (anonymous) at (191,10) size 70x18
            RenderRubyText {RT} at (0,-10) size 69x10
              RenderText {#text} at (0,0) size 69x10
                text run at (0,0) width 69: "Markup Language"
            RenderRubyBase (anonymous) at (0,0) size 69x18
              RenderText {#text} at (22,0) size 25x18
                text run at (22,0) width 25: "ML"
          RenderRubyRun (anonymous) at (260,10) size 9x18
            RenderRubyBase (anonymous) at (0,0) size 8x18
              RenderText {#text} at (0,0) size 8x18
                text run at (0,0) width 8: "5"
        RenderText {#text} at (268,10) size 37x18
          text run at (268,10) width 37: " spec."
      RenderBlock {P} at (0,164) size 784x28
        RenderText {#text} at (0,10) size 155x18
          text run at (0,10) width 155: "<ruby> is defined in the "
        RenderRuby (inline) {RUBY} at (0,0) size 114x18
          RenderRubyRun (anonymous) at (150,10) size 42x18
            RenderRubyText {RT} at (0,-10) size 41x10
              RenderText {#text} at (0,0) size 41x10
                text run at (0,0) width 41: "Hyper-text"
            RenderRubyBase (anonymous) at (0,0) size 41x18
              RenderText {#text} at (9,0) size 23x18
                text run at (9,0) width 23: "HT"
          RenderRubyRun (anonymous) at (191,10) size 70x18
            RenderRubyText {RT} at (0,-10) size 69x10
              RenderText {#text} at (0,0) size 69x10
                text run at (0,0) width 69: "Markup Language"
            RenderRubyBase (anonymous) at (0,0) size 69x18
              RenderText {#text} at (22,0) size 25x18
                text run at (22,0) width 25: "ML"
          RenderRubyRun (anonymous) at (260,10) size 9x18
            RenderRubyBase (anonymous) at (0,0) size 8x18
              RenderText {#text} at (0,0) size 8x18
                text run at (0,0) width 8: "5"
        RenderText {#text} at (268,10) size 37x18
          text run at (268,10) width 37: " spec."
