layer at (0,0) size 800x600
  RenderView at (0,0) size 800x600
layer at (0,0) size 800x600
  RenderBlock {HTML} at (0,0) size 800x600
    RenderBody {BODY} at (8,8) size 784x576
      RenderBlock (anonymous) at (0,0) size 784x36
        RenderText {#text} at (0,0) size 225x18
          text run at (0,0) width 225: "This is a initial test for simple ruby. "
        RenderBR {BR} at (225,14) size 0x0
        RenderBR {BR} at (0,18) size 0x18
      RenderBlock {P} at (0,52) size 784x28
        RenderText {#text} at (0,10) size 161x18
          text run at (0,10) width 161: "Ruby is often used in the "
        RenderRuby (inline) {RUBY} at (0,0) size 117x18
          RenderRubyRun (anonymous) at (161,10) size 117x18
            RenderRubyText {RT} at (0,-10) size 117x10
              RenderText {#text} at (41,0) size 35x10
                text run at (41,0) width 35: "Nihongo"
            RenderRubyBase (anonymous) at (0,0) size 117x18
              RenderText {#text} at (0,0) size 117x18
                text run at (0,0) width 117: "Japanese language"
        RenderText {#text} at (278,10) size 4x18
          text run at (278,10) width 4: "."
