layer at (0,0) size 800x600
  RenderView at (0,0) size 800x600
layer at (0,0) size 800x600
  RenderBlock {HTML} at (0,0) size 800x600
    RenderBody {BODY} at (8,8) size 784x584
      RenderText {#text} at (0,0) size 766x39
        text run at (0,0) width 766: "This is a initial test for simple ruby. There should be 2 ruby annotations on below line, one with a ruby text shorter than the base,"
        text run at (0,20) width 277: "and one with a ruby text longer than the base. "
      RenderBR {BR} at (277,35) size 0x0
      RenderBR {BR} at (0,40) size 0x19
      RenderText {#text} at (0,71) size 146x19
        text run at (0,71) width 146: "<ruby> is defined in the "
      RenderRuby (inline) {RUBY} at (0,0) size 175x19
        RenderRubyRun (anonymous) at (146,71) size 175x20
          RenderRubyText {RT} at (0,-12) size 175x12
            RenderText {#text} at (72,0) size 31x12
              text run at (72,0) width 31: "HTML5"
          RenderRubyBase (anonymous) at (0,0) size 175x20
            RenderText {#text} at (0,0) size 175x19
              text run at (0,0) width 175: "Hypertext Markup Language"
      RenderText {#text} at (321,71) size 30x19
        text run at (321,71) width 30: " and "
      RenderRuby (inline) {RUBY} at (0,0) size 80x19
        RenderRubyRun (anonymous) at (346,71) size 90x20
          RenderRubyText {RT} at (0,-12) size 89x12
            RenderText {#text} at (0,0) size 89x12
              text run at (0,0) width 89: "Cascading Style Sheets"
          RenderRubyBase (anonymous) at (0,0) size 89x20
            RenderText {#text} at (26,0) size 37x19
              text run at (26,0) width 37: "CSS3"
      RenderText {#text} at (431,71) size 42x19
        text run at (431,71) width 42: " specs."
