layer at (0,0) size 800x600
  RenderView at (0,0) size 800x600
layer at (0,0) size 800x600
  RenderBlock {HTML} at (0,0) size 800x600
    RenderBody {BODY} at (8,8) size 784x584
      RenderBlock (anonymous) at (0,0) size 784x72
        RenderText {#text} at (0,0) size 767x54
          text run at (0,0) width 752: "This is a test for multiple ruby runs and line breaks. There is a div with a blue border and 10px padding. This contains a"
          text run at (0,18) width 497: "single <ruby> markup in the text contained in the block, broken across 2 lines. "
          text run at (497,18) width 270: "Part of it should be on the first line, the rest"
          text run at (0,36) width 110: "on the other line. "
        RenderBR {BR} at (110,50) size 0x0
        RenderBR {BR} at (0,54) size 0x18
      RenderBlock {DIV} at (0,72) size 284x70 [border: (2px solid #0000FF)]
        RenderText {#text} at (12,12) size 155x18
          text run at (12,12) width 155: "<ruby> is defined in the "
        RenderRuby (inline) {RUBY} at (0,0) size 258x46
          RenderRubyRun (anonymous) at (162,12) size 24x18
            RenderRubyText {RT} at (0,-10) size 23x10
              RenderText {#text} at (0,0) size 23x10
                text run at (0,0) width 23: "Hyper"
            RenderRubyBase (anonymous) at (0,0) size 23x18
              RenderText {#text} at (5,0) size 13x18
                text run at (5,0) width 13: "H"
          RenderRubyRun (anonymous) at (185,12) size 18x18
            RenderRubyText {RT} at (0,-10) size 17x10
              RenderText {#text} at (0,0) size 17x10
                text run at (0,0) width 17: "Text"
            RenderRubyBase (anonymous) at (0,0) size 17x18
              RenderText {#text} at (3,0) size 11x18
                text run at (3,0) width 11: "T"
          RenderRubyRun (anonymous) at (202,12) size 31x18
            RenderRubyText {RT} at (0,-10) size 30x10
              RenderText {#text} at (0,0) size 30x10
                text run at (0,0) width 30: "Markup"
            RenderRubyBase (anonymous) at (0,0) size 30x18
              RenderText {#text} at (8,0) size 14x18
                text run at (8,0) width 14: "M"
          RenderRubyRun (anonymous) at (232,12) size 38x18
            RenderRubyText {RT} at (0,-10) size 37x10
              RenderText {#text} at (0,0) size 37x10
                text run at (0,0) width 37: "Language"
            RenderRubyBase (anonymous) at (0,0) size 37x18
              RenderText {#text} at (13,0) size 11x18
                text run at (13,0) width 11: "L"
          RenderRubyRun (anonymous) at (12,40) size 28x18
            RenderRubyText {RT} at (0,-10) size 28x10
              RenderText {#text} at (0,0) size 28x10
                text run at (0,0) width 28: "Level 5"
            RenderRubyBase (anonymous) at (0,0) size 28x18
              RenderText {#text} at (10,0) size 8x18
                text run at (10,0) width 8: "5"
        RenderText {#text} at (35,40) size 43x18
          text run at (35,40) width 43: " specs."
