layer at (0,0) size 800x600
  RenderView at (0,0) size 800x600
layer at (0,0) size 800x600
  RenderBlock {HTML} at (0,0) size 800x600
    RenderBody {BODY} at (8,8) size 784x576
      RenderBlock (anonymous) at (0,0) size 784x36
        RenderText {#text} at (0,0) size 227x18
          text run at (0,0) width 227: "This is a test for multiple ruby runs. "
        RenderBR {BR} at (227,14) size 0x0
        RenderBR {BR} at (0,18) size 0x18
      RenderBlock {P} at (0,52) size 784x28
        RenderText {#text} at (0,10) size 155x18
          text run at (0,10) width 155: "<ruby> is defined in the "
        RenderRuby (inline) {RUBY} at (0,0) size 126x18
          RenderRubyRun (anonymous) at (150,10) size 24x18
            RenderRubyText {RT} at (0,-10) size 23x10
              RenderText {#text} at (0,0) size 23x10
                text run at (0,0) width 23: "Hyper"
            RenderRubyBase (anonymous) at (0,0) size 23x18
              RenderText {#text} at (5,0) size 13x18
                text run at (5,0) width 13: "H"
          RenderRubyRun (anonymous) at (173,10) size 18x18
            RenderRubyText {RT} at (0,-10) size 17x10
              RenderText {#text} at (0,0) size 17x10
                text run at (0,0) width 17: "Text"
            RenderRubyBase (anonymous) at (0,0) size 17x18
              RenderText {#text} at (3,0) size 11x18
                text run at (3,0) width 11: "T"
          RenderRubyRun (anonymous) at (190,10) size 31x18
            RenderRubyText {RT} at (0,-10) size 30x10
              RenderText {#text} at (0,0) size 30x10
                text run at (0,0) width 30: "Markup"
            RenderRubyBase (anonymous) at (0,0) size 30x18
              RenderText {#text} at (8,0) size 14x18
                text run at (8,0) width 14: "M"
          RenderRubyRun (anonymous) at (220,10) size 38x18
            RenderRubyText {RT} at (0,-10) size 37x10
              RenderText {#text} at (0,0) size 37x10
                text run at (0,0) width 37: "Language"
            RenderRubyBase (anonymous) at (0,0) size 37x18
              RenderText {#text} at (13,0) size 11x18
                text run at (13,0) width 11: "L"
          RenderRubyRun (anonymous) at (257,10) size 29x18
            RenderRubyText {RT} at (0,-10) size 28x10
              RenderText {#text} at (0,0) size 28x10
                text run at (0,0) width 28: "Level 5"
            RenderRubyBase (anonymous) at (0,0) size 28x18
              RenderText {#text} at (10,0) size 8x18
                text run at (10,0) width 8: "5"
        RenderText {#text} at (281,10) size 42x18
          text run at (281,10) width 42: " specs."
