layer at (0,0) size 800x600
  RenderView at (0,0) size 800x600
layer at (0,0) size 800x20
  RenderBlock {svg} at (0,0) size 800x20 [color=#008000]
    RenderInline {rect} at (0,0) size 0x19
    RenderText {#text} at (0,0) size 166x19
      text run at (0,0) width 166: "This line should be green."
