layer at (0,0) size 785x725
  RenderView at (0,0) size 785x600
layer at (0,0) size 785x725
  RenderBlock {HTML} at (0,0) size 785x725
    RenderBody {BODY} at (8,8) size 769x709
layer at (8,8) size 769x709
  RenderBlock {DIV} at (0,0) size 769x709
    RenderIFrame {IFRAME} at (0,0) size 704x704 [border: (2px inset #000000)]
      layer at (0,0) size 700x700
        RenderView at (0,0) size 700x700
      layer at (0,0) size 700x700
        RenderBlock {HTML} at (0,0) size 700x700
          RenderBody {BODY} at (8,8) size 684x684
            RenderBlock {DIV} at (0,0) size 684x40
              RenderText {#text} at (0,0) size 348x19
                text run at (0,0) width 348: "Each line of this test should match its style description ("
              RenderInline {I} at (0,0) size 174x19
                RenderText {#text} at (348,0) size 174x19
                  text run at (348,0) width 174: "-webkit-text-decoration-line"
              RenderText {#text} at (522,0) size 43x19
                text run at (522,0) width 43: " resets "
              RenderInline {I} at (0,0) size 95x19
                RenderText {#text} at (565,0) size 95x19
                  text run at (565,0) width 95: "text-decoration"
              RenderText {#text} at (660,0) size 664x39
                text run at (660,0) width 4: ","
                text run at (0,20) width 194: "except when the latter is set as "
              RenderInline {I} at (0,0) size 62x19
                RenderText {#text} at (194,20) size 62x19
                  text run at (194,20) width 62: "important"
              RenderText {#text} at (256,20) size 9x19
                text run at (256,20) width 9: "):"
            RenderBlock (anonymous) at (0,40) size 684x20
              RenderBR {BR} at (0,0) size 0x19
            RenderBlock {DIV} at (0,60) size 684x20
              RenderText {#text} at (0,0) size 144x19
                text run at (0,0) width 144: "This text is underlined "
              RenderInline {SPAN} at (0,0) size 113x19
                RenderText {#text} at (144,0) size 113x19
                  text run at (144,0) width 113: "(also inside span)."
            RenderBlock (anonymous) at (0,80) size 684x20
              RenderBR {BR} at (0,0) size 0x19
            RenderBlock {DIV} at (0,100) size 684x20
              RenderText {#text} at (0,0) size 136x19
                text run at (0,0) width 136: "This text is overlined "
              RenderInline {SPAN} at (0,0) size 113x19
                RenderText {#text} at (136,0) size 113x19
                  text run at (136,0) width 113: "(also inside span)."
            RenderBlock (anonymous) at (0,120) size 684x20
              RenderBR {BR} at (0,0) size 0x19
            RenderBlock {DIV} at (0,140) size 684x20
              RenderText {#text} at (0,0) size 176x19
                text run at (0,0) width 176: "This text has a line-through "
              RenderInline {SPAN} at (0,0) size 113x19
                RenderText {#text} at (176,0) size 113x19
                  text run at (176,0) width 113: "(also inside span)."
            RenderBlock (anonymous) at (0,160) size 684x20
              RenderBR {BR} at (0,0) size 0x19
            RenderBlock {DIV} at (0,180) size 684x20
              RenderText {#text} at (0,0) size 211x19
                text run at (0,0) width 211: "This text contains no decorations."
            RenderBlock (anonymous) at (0,200) size 684x20
              RenderBR {BR} at (0,0) size 0x19
            RenderBlock {DIV} at (0,220) size 684x20
              RenderText {#text} at (0,0) size 144x19
                text run at (0,0) width 144: "This text is underlined."
            RenderBlock (anonymous) at (0,240) size 684x20
              RenderBR {BR} at (0,0) size 0x19
            RenderBlock {DIV} at (0,260) size 684x20
              RenderText {#text} at (0,0) size 211x19
                text run at (0,0) width 211: "This text contains no decorations."
            RenderBlock (anonymous) at (0,280) size 684x20
              RenderBR {BR} at (0,0) size 0x19
            RenderBlock {DIV} at (0,300) size 684x20
              RenderText {#text} at (0,0) size 136x19
                text run at (0,0) width 136: "This text is overlined."
            RenderBlock (anonymous) at (0,320) size 684x20
              RenderBR {BR} at (0,0) size 0x19
            RenderBlock {DIV} at (0,340) size 684x20
              RenderText {#text} at (0,0) size 211x19
                text run at (0,0) width 211: "This text contains no decorations."
            RenderBlock (anonymous) at (0,360) size 684x20
              RenderBR {BR} at (0,0) size 0x19
            RenderBlock {DIV} at (0,380) size 684x20
              RenderText {#text} at (0,0) size 176x19
                text run at (0,0) width 176: "This text has a line-through."
            RenderBlock (anonymous) at (0,400) size 684x20
              RenderBR {BR} at (0,0) size 0x19
            RenderBlock {DIV} at (0,420) size 684x20
              RenderText {#text} at (0,0) size 211x19
                text run at (0,0) width 211: "This text contains no decorations."
            RenderBlock (anonymous) at (0,440) size 684x20
              RenderBR {BR} at (0,0) size 0x19
            RenderBlock {DIV} at (0,460) size 684x20
              RenderText {#text} at (0,0) size 355x19
                text run at (0,0) width 355: "This text is underlined, overlined and has a line-through."
            RenderBlock (anonymous) at (0,480) size 684x20
              RenderBR {BR} at (0,0) size 0x19
            RenderBlock {DIV} at (0,500) size 684x20
              RenderText {#text} at (0,0) size 211x19
                text run at (0,0) width 211: "This text contains no decorations."
            RenderBlock (anonymous) at (0,520) size 684x20
              RenderBR {BR} at (0,0) size 0x19
            RenderBlock {DIV} at (0,540) size 684x20
              RenderText {#text} at (0,0) size 136x19
                text run at (0,0) width 136: "This text is overlined."
            RenderBlock (anonymous) at (0,560) size 684x20
              RenderBR {BR} at (0,0) size 0x19
            RenderBlock {DIV} at (0,580) size 684x20
              RenderText {#text} at (0,0) size 136x19
                text run at (0,0) width 136: "This text is overlined."
            RenderBlock (anonymous) at (0,600) size 684x20
              RenderBR {BR} at (0,0) size 0x19
            RenderBlock {DIV} at (0,620) size 684x20
              RenderText {#text} at (0,0) size 144x19
                text run at (0,0) width 144: "This text is underlined."
    RenderText {#text} at (0,0) size 0x0
