layer at (0,0) size 800x600
  RenderView at (0,0) size 800x600
layer at (0,0) size 800x600
  RenderBlock {HTML} at (0,0) size 800x600
    RenderBody {BODY} at (8,8) size 784x576
      RenderBlock {P} at (0,0) size 784x20
        RenderText {#text} at (0,0) size 421x19
          text run at (0,0) width 421: "The following is a test for having a <rt> immediately following another."
      RenderBlock (anonymous) at (0,36) size 784x40
        RenderBR {BR} at (0,0) size 0x19
        RenderBR {BR} at (0,20) size 0x19
      RenderBlock {P} at (0,92) size 784x32
        RenderText {#text} at (0,12) size 79x19
          text run at (0,12) width 79: "<ruby> uses "
        RenderRuby (inline) {RUBY} at (0,0) size 41x19
          RenderRubyRun (anonymous) at (79,12) size 27x20
            RenderRubyText {RT} at (0,-12) size 27x12
              RenderText {#text} at (4,0) size 19x12
                text run at (4,0) width 19: "ruby"
            RenderRubyBase (anonymous) at (0,0) size 27x20
              RenderText {#text} at (0,0) size 27x19
                text run at (0,0) width 27: "<rt>"
          RenderRubyRun (anonymous) at (106,29) size 14x0
            RenderRubyText {RT} at (0,-12) size 14x12
              RenderText {#text} at (0,0) size 14x12
                text run at (0,0) width 14: "text"
        RenderText {#text} at (120,12) size 155x19
          text run at (120,12) width 155: " to contain the annotation."
