layer at (0,0) size 800x600
  RenderView at (0,0) size 800x600
layer at (0,0) size 800x600
  RenderBlock {HTML} at (0,0) size 800x600
    RenderBody {BODY} at (8,8) size 784x576
      RenderBlock {P} at (0,0) size 784x20
        RenderText {#text} at (0,0) size 492x19
          text run at (0,0) width 492: "Tests that CSS-generated :before or :after content doesn't intrude into ruby bases."
      RenderBlock {P} at (0,36) size 784x0
      RenderBlock (anonymous) at (0,36) size 784x32
        RenderText {#text} at (0,12) size 29x19
          text run at (0,12) width 29: "Foo "
        RenderRuby (inline) {RUBY} at (0,0) size 74x19
          RenderInline (generated) at (0,0) size 49x19
            RenderText at (29,12) size 49x19
              text run at (29,12) width 49: "[before]"
          RenderRubyRun (anonymous) at (73,12) size 35x20
            RenderRubyText {RT} at (0,-12) size 34x12
              RenderText {#text} at (0,0) size 34x12
                text run at (0,0) width 34: "long text"
            RenderRubyBase (anonymous) at (0,0) size 34x20
              RenderText {#text} at (13,0) size 8x19
                text run at (13,0) width 8: "b"
        RenderText {#text} at (103,12) size 26x19
          text run at (103,12) width 26: " Bar"
        RenderBR {BR} at (129,27) size 0x0
      RenderBlock {P} at (0,84) size 784x0
      RenderBlock {P} at (0,84) size 784x0
      RenderBlock (anonymous) at (0,84) size 784x32
        RenderText {#text} at (0,12) size 29x19
          text run at (0,12) width 29: "Foo "
        RenderRuby (inline) {RUBY} at (0,0) size 62x19
          RenderRubyRun (anonymous) at (24,12) size 35x20
            RenderRubyText {RT} at (0,-12) size 34x12
              RenderText {#text} at (0,0) size 34x12
                text run at (0,0) width 34: "long text"
            RenderRubyBase (anonymous) at (0,0) size 34x20
              RenderText {#text} at (13,0) size 8x19
                text run at (13,0) width 8: "b"
          RenderInline (generated) at (0,0) size 37x19
            RenderText at (54,12) size 37x19
              text run at (54,12) width 37: "[after]"
        RenderText {#text} at (91,12) size 26x19
          text run at (91,12) width 26: " Bar"
        RenderBR {BR} at (117,27) size 0x0
      RenderBlock {P} at (0,132) size 784x0
      RenderBlock {P} at (0,132) size 784x0
      RenderBlock (anonymous) at (0,132) size 784x32
        RenderText {#text} at (0,12) size 29x19
          text run at (0,12) width 29: "Foo "
        RenderRuby (inline) {RUBY} at (0,0) size 111x19
          RenderInline (generated) at (0,0) size 49x19
            RenderText at (29,12) size 49x19
              text run at (29,12) width 49: "[before]"
          RenderRubyRun (anonymous) at (73,12) size 35x20
            RenderRubyText {RT} at (0,-12) size 34x12
              RenderText {#text} at (0,0) size 34x12
                text run at (0,0) width 34: "long text"
            RenderRubyBase (anonymous) at (0,0) size 34x20
              RenderText {#text} at (13,0) size 8x19
                text run at (13,0) width 8: "b"
          RenderInline (generated) at (0,0) size 37x19
            RenderText at (103,12) size 37x19
              text run at (103,12) width 37: "[after]"
        RenderText {#text} at (140,12) size 26x19
          text run at (140,12) width 26: " Bar"
        RenderBR {BR} at (166,27) size 0x0
      RenderBlock {P} at (0,180) size 784x0
