layer at (0,0) size 800x600
  RenderView at (0,0) size 800x600
layer at (0,0) size 800x600
  RenderBlock {HTML} at (0,0) size 800x600
    RenderBody {BODY} at (8,8) size 784x584
      RenderBlock (anonymous) at (0,0) size 784x80
        RenderText {#text} at (0,0) size 770x59
          text run at (0,0) width 750: "This is a test for multiple ruby runs and line breaks. There is a div with a blue border and 10px padding. This contains a single"
          text run at (0,20) width 437: "<ruby> markup in the text contained in the block, broken across 2 lines. "
          text run at (437,20) width 333: "Part of it should be on the first line, the rest on the other"
          text run at (0,40) width 28: "line. "
        RenderBR {BR} at (28,55) size 0x0
        RenderBR {BR} at (0,60) size 0x19
      RenderBlock {DIV} at (0,80) size 284x77 [border: (2px solid #0000FF)]
        RenderText {#text} at (12,14) size 146x19
          text run at (12,14) width 146: "<ruby> is defined in the "
        RenderRuby (inline) {RUBY} at (0,0) size 250x50
          RenderRubyRun (anonymous) at (153,14) size 25x20
            RenderRubyText {RT} at (0,-12) size 24x12
              RenderText {#text} at (0,0) size 24x12
                text run at (0,0) width 24: "Hyper"
            RenderRubyBase (anonymous) at (0,0) size 24x20
              RenderText {#text} at (6,0) size 12x19
                text run at (6,0) width 12: "H"
          RenderRubyRun (anonymous) at (177,14) size 17x20
            RenderRubyText {RT} at (0,-12) size 16x12
              RenderText {#text} at (0,0) size 16x12
                text run at (0,0) width 16: "Text"
            RenderRubyBase (anonymous) at (0,0) size 16x20
              RenderText {#text} at (3,0) size 10x19
                text run at (3,0) width 10: "T"
          RenderRubyRun (anonymous) at (193,14) size 31x20
            RenderRubyText {RT} at (0,-12) size 30x12
              RenderText {#text} at (0,0) size 30x12
                text run at (0,0) width 30: "Markup"
            RenderRubyBase (anonymous) at (0,0) size 30x20
              RenderText {#text} at (8,0) size 14x19
                text run at (8,0) width 14: "M"
          RenderRubyRun (anonymous) at (223,14) size 39x20
            RenderRubyText {RT} at (0,-12) size 38x12
              RenderText {#text} at (0,0) size 38x12
                text run at (0,0) width 38: "Language"
            RenderRubyBase (anonymous) at (0,0) size 38x20
              RenderText {#text} at (14,0) size 10x19
                text run at (14,0) width 10: "L"
          RenderRubyRun (anonymous) at (12,45) size 29x20
            RenderRubyText {RT} at (0,-12) size 29x12
              RenderText {#text} at (0,0) size 29x12
                text run at (0,0) width 29: "Level 5"
            RenderRubyBase (anonymous) at (0,0) size 29x20
              RenderText {#text} at (10,0) size 9x19
                text run at (10,0) width 9: "5"
        RenderText {#text} at (36,45) size 43x19
          text run at (36,45) width 43: " specs."
