layer at (0,0) size 800x600
  RenderView at (0,0) size 800x600
layer at (0,0) size 800x600
  RenderBlock {HTML} at (0,0) size 800x600
    RenderBody {BODY} at (8,8) size 784x584
      RenderBlock (anonymous) at (0,0) size 784x60
        RenderText {#text} at (0,0) size 747x39
          text run at (0,0) width 747: "Test that <ruby> rendered as inline-table (or somesuch) is not affected by ruby rendering. Both <div> below should look the"
          text run at (0,20) width 39: "same. "
        RenderBR {BR} at (39,35) size 0x0
        RenderBR {BR} at (0,40) size 0x19
      RenderBlock {DIV} at (3,63) size 778x51 [bgcolor=#FFFFDD] [border: (1px solid #000000)]
        RenderText {#text} at (9,21) size 211x19
          text run at (9,21) width 211: "This is some XHTML1.1 text with "
        RenderTable {SPAN} at (220,9) size 40x32
          RenderTableSection {SPAN} at (0,12) size 40x20
            RenderTableRow (anonymous) at (0,0) size 40x20
              RenderTableCell (anonymous) at (0,0) size 40x20 [r=0 c=0 rs=1 cs=1]
                RenderText {#text} at (4,0) size 32x19
                  text run at (4,0) width 32: "Ruby"
          RenderTableSection {SPAN} at (0,0) size 40x12
            RenderTableRow (anonymous) at (0,0) size 40x12
              RenderTableCell (anonymous) at (0,0) size 40x12 [r=0 c=0 rs=1 cs=1]
                RenderText {#text} at (0,0) size 40x12
                  text run at (0,0) width 40: "guide text"
        RenderText {#text} at (260,21) size 54x19
          text run at (260,21) width 54: " markup."
      RenderBlock (anonymous) at (0,116) size 784x21
        RenderBR {BR} at (0,0) size 0x19
      RenderBlock {DIV} at (3,139) size 778x51 [bgcolor=#FFFFDD] [border: (1px solid #000000)]
        RenderText {#text} at (9,21) size 211x19
          text run at (9,21) width 211: "This is some XHTML1.1 text with "
        RenderTable {RUBY} at (220,9) size 40x32
          RenderTableSection {RB} at (0,12) size 40x20
            RenderTableRow (anonymous) at (0,0) size 40x20
              RenderTableCell (anonymous) at (0,0) size 40x20 [r=0 c=0 rs=1 cs=1]
                RenderText {#text} at (4,0) size 32x19
                  text run at (4,0) width 32: "Ruby"
          RenderTableSection {RT} at (0,0) size 40x12
            RenderTableRow (anonymous) at (0,0) size 40x12
              RenderTableCell (anonymous) at (0,0) size 40x12 [r=0 c=0 rs=1 cs=1]
                RenderText {#text} at (0,0) size 40x12
                  text run at (0,0) width 40: "guide text"
        RenderText {#text} at (260,21) size 54x19
          text run at (260,21) width 54: " markup."
