layer at (0,0) size 800x600
  RenderView at (0,0) size 800x600
layer at (0,0) size 800x600
  RenderBlock {HTML} at (0,0) size 800x600
    RenderBody {BODY} at (8,8) size 784x576
      RenderBlock {P} at (0,0) size 784x20
        RenderText {#text} at (0,0) size 538x19
          text run at (0,0) width 538: "The following is a test for DOM manipulation within <ruby>: Inserting a new <rt> element"
      RenderBlock {P} at (0,36) size 784x20
        RenderText {#text} at (0,0) size 409x19
          text run at (0,0) width 409: "Both lines should look identical (the first line is the one manipulated)."
      RenderBlock (anonymous) at (0,72) size 784x40
        RenderBR {BR} at (0,0) size 0x19
        RenderBR {BR} at (0,20) size 0x19
      RenderBlock {P} at (0,128) size 784x32
        RenderText {#text} at (0,12) size 146x19
          text run at (0,12) width 146: "<ruby> is defined in the "
        RenderRuby (inline) {RUBY} at (0,0) size 115x19
          RenderRubyRun (anonymous) at (141,12) size 42x20
            RenderRubyText {RT} at (0,-12) size 41x12
              RenderText {#text} at (0,0) size 41x12
                text run at (0,0) width 41: "Hyper-text"
            RenderRubyBase (anonymous) at (0,0) size 41x20
              RenderInline {SPAN} at (0,0) size 21x19
                RenderText {#text} at (10,0) size 21x19
                  text run at (10,0) width 21: "HT"
          RenderRubyRun (anonymous) at (182,12) size 71x20
            RenderRubyText {RT} at (0,-12) size 70x12
              RenderText {#text} at (0,0) size 70x12
                text run at (0,0) width 70: "Markup Language"
            RenderRubyBase (anonymous) at (0,0) size 70x20
              RenderInline {SPAN} at (0,0) size 24x19
                RenderText {#text} at (23,0) size 24x19
                  text run at (23,0) width 24: "ML"
          RenderRubyRun (anonymous) at (252,12) size 9x20
            RenderRubyBase (anonymous) at (0,0) size 8x20
              RenderText {#text} at (0,0) size 8x19
                text run at (0,0) width 8: "5"
        RenderText {#text} at (260,12) size 37x19
          text run at (260,12) width 37: " spec."
      RenderBlock {P} at (0,176) size 784x32
        RenderText {#text} at (0,12) size 146x19
          text run at (0,12) width 146: "<ruby> is defined in the "
        RenderRuby (inline) {RUBY} at (0,0) size 115x19
          RenderRubyRun (anonymous) at (141,12) size 42x20
            RenderRubyText {RT} at (0,-12) size 41x12
              RenderText {#text} at (0,0) size 41x12
                text run at (0,0) width 41: "Hyper-text"
            RenderRubyBase (anonymous) at (0,0) size 41x20
              RenderInline {SPAN} at (0,0) size 21x19
                RenderText {#text} at (10,0) size 21x19
                  text run at (10,0) width 21: "HT"
          RenderRubyRun (anonymous) at (182,12) size 71x20
            RenderRubyText {RT} at (0,-12) size 70x12
              RenderText {#text} at (0,0) size 70x12
                text run at (0,0) width 70: "Markup Language"
            RenderRubyBase (anonymous) at (0,0) size 70x20
              RenderInline {SPAN} at (0,0) size 24x19
                RenderText {#text} at (23,0) size 24x19
                  text run at (23,0) width 24: "ML"
          RenderRubyRun (anonymous) at (252,12) size 9x20
            RenderRubyBase (anonymous) at (0,0) size 8x20
              RenderText {#text} at (0,0) size 8x19
                text run at (0,0) width 8: "5"
        RenderText {#text} at (260,12) size 37x19
          text run at (260,12) width 37: " spec."
