layer at (0,0) size 800x600
  RenderView at (0,0) size 800x600
layer at (0,0) size 800x600
  RenderBlock {HTML} at (0,0) size 800x600
    RenderBody {BODY} at (8,8) size 784x576
      RenderBlock {P} at (0,0) size 784x77
        RenderText {#text} at (0,0) size 281x59
          text run at (0,0) width 281: "BigAndGreen"
        RenderBR {BR} at (280,0) size 1x59
        RenderText {#text} at (0,59) size 103x18
          text run at (0,59) width 103: "SmallAndBlack"
