layer at (0,0) size 800x600
  RenderView at (0,0) size 800x600
layer at (0,0) size 800x76
  RenderBlock {HTML} at (0,0) size 800x76
    RenderBody {BODY} at (8,16) size 784x52
      RenderBlock {P} at (0,0) size 784x18 [bgcolor=#00FF00]
        RenderText {#text} at (0,0) size 494x17
          text run at (0,0) width 494: "This paragraph should have green background because its language is \"en-gb\""
      RenderBlock {ADDRESS} at (0,34) size 784x18 [bgcolor=#00FF00]
        RenderInline {SPAN} at (0,0) size 156x17
          RenderText {#text} at (0,0) size 156x17
            text run at (0,0) width 156: "This address should also"
        RenderText {#text} at (155,0) size 5x17
          text run at (155,0) width 5: " "
        RenderInline {SPAN} at (0,0) size 505x17
          RenderText {#text} at (159,0) size 505x17
            text run at (159,0) width 418: "have green background because the language of the inner SPANs "
            text run at (576,0) width 88: "is not French."
        RenderText {#text} at (0,0) size 0x0
