layer at (0,0) size 800x600
  RenderView at (0,0) size 800x600
layer at (0,0) size 800x128
  RenderBlock {HTML} at (0,0) size 800x128
    RenderBody {BODY} at (8,8) size 784x104
      RenderBlock {DIV} at (0,0) size 784x104
        RenderBlock (anonymous) at (0,0) size 784x18
          RenderText {#text} at (0,0) size 188x17
            text run at (0,0) width 188: "This div contains 3 addresses:"
        RenderBlock {ADDRESS} at (16,18) size 768x18 [bgcolor=#00FF00]
          RenderText {#text} at (0,0) size 329x17
            text run at (0,0) width 329: "A first address that should have a green background"
        RenderBlock {ADDRESS} at (16,52) size 768x18
          RenderText {#text} at (0,0) size 271x17
            text run at (0,0) width 271: "A second address with normal background"
        RenderBlock {ADDRESS} at (16,86) size 768x18
          RenderText {#text} at (0,0) size 256x17
            text run at (0,0) width 256: "A third address with normal background"
