layer at (0,0) size 1000x272
  RenderView at (0,0) size 1000x272
layer at (0,0) size 1000x272
  RenderBlock {HTML} at (0,0) size 1000x272
    RenderBody {BODY} at (8,16) size 984x246
      RenderBlock {P} at (0,0) size 984x20
        RenderText {#text} at (0,0) size 426x19
          text run at (0,0) width 426: "You should see two green squares below on screen, and when printed."
      RenderBlock {DIV} at (10,36) size 100x100 [bgcolor=#008000]
layer at (18,162) size 100x100
  RenderBlock {DIV} at (10,146) size 100x100 [bgcolor=#008000]
