layer at (0,0) size 981x789
  RenderView at (0,0) size 981x789
layer at (0,0) size 981x789
  RenderBlock {HTML} at (0,0) size 981x789
    RenderBody {BODY} at (0,0) size 981x789
      RenderBlock {DIV} at (0,0) size 800x749 [border: (1px solid #008000)]
        RenderText {#text} at (1,1) size 221x19
          text run at (1,1) width 221: "This test case should output 2 pages."
      RenderBlock (anonymous) at (0,749) size 981x40
        RenderText {#text} at (0,0) size 961x39
          text run at (0,0) width 961: "There should be a blue line above this test. This line is the boundary of 2 pages. As the height of green box is shorter than the height of a page by one pixel, there"
          text run at (0,20) width 375: "should be a white line between the green box and the blue line."
