layer at (0,0) size 800x600
  RenderView at (0,0) size 800x600
layer at (0,0) size 800x600
  RenderBlock {HTML} at (0,0) size 800x600
    RenderBody {BODY} at (8,8) size 784x584
      RenderBlock {DIV} at (0,0) size 784x0
layer at (250,560) size 303x30
  RenderBlock (positioned) {FONT} at (250,560) size 303x30
    RenderText {#text} at (0,1) size 303x28
      text run at (0,1) width 303: "Hello World, And Stuff!"
