layer at (0,0) size 800x600
  RenderView at (0,0) size 800x600
layer at (0,0) size 800x108
  RenderBlock {HTML} at (0,0) size 800x108
    RenderBody {BODY} at (8,16) size 784x76
      RenderBlock {P} at (0,0) size 784x40
        RenderInline {SPAN} at (0,0) size 476x39
          RenderBR {BR} at (0,0) size 0x19
          RenderText {#text} at (0,20) size 476x19
            text run at (0,20) width 476: "There shouldn\x{2019}t be a black dot or line above the first letter of this sentence"
        RenderText {#text} at (475,20) size 5x19
          text run at (475,20) width 5: "."
      RenderBlock {P} at (0,56) size 784x20
        RenderText {#text} at (0,0) size 54x19
          text run at (0,0) width 54: "Test for "
        RenderInline {I} at (0,0) size 659x19
          RenderInline {A} at (0,0) size 305x19 [color=#0000EE]
            RenderText {#text} at (53,0) size 305x19
              text run at (53,0) width 305: "http://bugs.webkit.org/show_bug.cgi?id=14245"
          RenderText {#text} at (357,0) size 355x19
            text run at (357,0) width 5: " "
            text run at (361,0) width 351: "Underline painted under <br>, not repainted properly"
        RenderText {#text} at (711,0) size 5x19
          text run at (711,0) width 5: "."
