layer at (0,0) size 800x600
  RenderView at (0,0) size 800x600
layer at (0,0) size 800x600
  RenderBlock {HTML} at (0,0) size 800x600
    RenderBody {BODY} at (8,16) size 784x566
      RenderBlock {DIV} at (0,0) size 784x20
        RenderText {#text} at (0,0) size 165x19
          text run at (0,0) width 165: "Outline ring painting test."
      RenderBlock {DIV} at (0,36) size 784x101
        RenderBlock (anonymous) at (0,0) size 784x20
        RenderBlock (anonymous) at (0,80) size 784x21
      RenderBlock {DIV} at (0,155) size 784x62
        RenderBlock (anonymous) at (0,0) size 784x0
        RenderBlock (anonymous) at (0,41) size 784x21
      RenderBlock {DIV} at (0,232) size 784x63
        RenderBlock (anonymous) at (0,0) size 784x20
        RenderBlock (anonymous) at (0,80) size 784x0
      RenderBlock {DIV} at (0,313) size 784x24
        RenderBlock (anonymous) at (0,0) size 784x0
        RenderBlock (anonymous) at (0,41) size 784x0
layer at (8,52) size 100x19
  RenderInline (relative positioned) {SPAN} at (0,0) size 100x19
    RenderText {#text} at (0,0) size 100x19
      text run at (0,0) width 100: "Content before."
layer at (8,91) size 784x23
  RenderBlock (anonymous) at (0,38) size 784x24
    RenderBlock {H3} at (0,0) size 784x23
      RenderText {#text} at (0,0) size 148x22
        text run at (0,0) width 148: "Bold with margin."
layer at (8,132) size 84x19
  RenderInline (relative positioned) {SPAN} at (0,0) size 84x19
    RenderText {#text} at (0,0) size 84x19
      text run at (0,0) width 84: "Content after"
layer at (8,171) size 0x0
  RenderInline (relative positioned) {SPAN} at (0,0) size 0x0
layer at (8,171) size 784x23
  RenderBlock (anonymous) at (0,0) size 784x23
    RenderBlock {H3} at (0,0) size 784x23
      RenderText {#text} at (0,0) size 149x22
        text run at (0,0) width 149: "No content before."
layer at (8,213) size 88x19
  RenderInline (relative positioned) {SPAN} at (0,0) size 88x19
    RenderText {#text} at (0,0) size 88x19
      text run at (0,0) width 88: "Content after."
layer at (8,249) size 96x19
  RenderInline (relative positioned) {SPAN} at (0,0) size 96x19
    RenderText {#text} at (0,0) size 96x19
      text run at (0,0) width 96: "Content before"
layer at (8,288) size 784x23
  RenderBlock (anonymous) at (0,38) size 784x24
    RenderBlock {H3} at (0,0) size 784x23
      RenderText {#text} at (0,0) size 176x22
        text run at (0,0) width 176: "But No Content After"
layer at (8,329) size 0x0
  RenderInline (relative positioned) {SPAN} at (0,0) size 0x0
layer at (8,329) size 0x0
  RenderInline (relative positioned) {SPAN} at (0,0) size 0x0
layer at (8,329) size 784x23
  RenderBlock (anonymous) at (0,0) size 784x23
    RenderBlock {H3} at (0,0) size 784x23
      RenderText {#text} at (0,0) size 214x22
        text run at (0,0) width 214: "No content before or after."
layer at (8,371) size 0x0
  RenderInline (relative positioned) {SPAN} at (0,0) size 0x0
