layer at (0,0) size 800x600
  RenderView at (0,0) size 800x600
layer at (0,0) size 800x600
  RenderBlock {HTML} at (0,0) size 800x600
    RenderBody {BODY} at (8,8) size 784x576
      RenderBlock {DIV} at (0,0) size 784x20
        RenderText {#text} at (0,0) size 563x19
          text run at (0,0) width 563: "This test verifies that we draw borders and and backgrounds for inlines without content."
      RenderBlock (anonymous) at (0,20) size 784x20
        RenderBR {BR} at (0,0) size 0x19
      RenderBlock {DIV} at (0,40) size 784x20
        RenderText {#text} at (0,0) size 252x19
          text run at (0,0) width 252: "There should be two blue boxes below:"
      RenderBlock (anonymous) at (0,60) size 784x140
        RenderInline {A} at (0,0) size 15x25 [color=#0000EE] [border: (3px solid #0000EE)]
        RenderText {#text} at (0,0) size 0x0
        RenderInline {A} at (0,0) size 27x25 [color=#0000EE] [border: (3px solid #0000EE)]
          RenderText {#text} at (23,0) size 12x19
            text run at (23,0) width 12: "A"
        RenderBR {BR} at (41,0) size 1x19
        RenderBR {BR} at (0,20) size 0x19
        RenderText {#text} at (0,40) size 267x19
          text run at (0,40) width 267: "There should be a blue box after this text:"
        RenderInline {A} at (0,0) size 11x29 [bgcolor=#0000FF]
        RenderBR {BR} at (276,40) size 1x19
        RenderInline {A} at (0,0) size 10x29 [bgcolor=#0000FF]
        RenderText {#text} at (10,60) size 278x19
          text run at (10,60) width 278: "There should be a blue box before this text."
        RenderBR {BR} at (287,60) size 1x19
        RenderBR {BR} at (0,80) size 0x19
        RenderInline {A} at (0,0) size 10x29
        RenderText {#text} at (10,100) size 326x19
          text run at (10,100) width 326: "There should be 10px of space left before this text."
        RenderBR {BR} at (335,100) size 1x19
        RenderBR {BR} at (0,120) size 0x19
      RenderBlock {P} at (0,216) size 784x40
        RenderText {#text} at (0,0) size 195x19
          text run at (0,0) width 195: "This text is before the anchor. "
        RenderInline {A} at (0,0) size 0x19
        RenderText {#text} at (194,0) size 779x39
          text run at (194,0) width 416: "This text is after the anchor, but should be flush with the anchor. "
          text run at (609,0) width 170: "There should be no spaces"
          text run at (0,20) width 294: "in between the anchor and this following text."
      RenderBlock {P} at (0,272) size 784x20
        RenderInline {A} at (0,0) size 734x19
          RenderText {#text} at (0,0) size 734x19
            text run at (0,0) width 734: "This text should be flush with the anchor. There should not be a space between the anchor and the text on this line."
        RenderInline {A} at (0,0) size 0x19
          RenderText {#text} at (0,0) size 0x0
