layer at (0,0) size 800x600
  RenderView at (0,0) size 800x600
layer at (0,0) size 800x58
  RenderBlock {HTML} at (0,0) size 800x58
    RenderBody {BODY} at (8,8) size 784x42
      RenderBlock {DIV} at (0,0) size 322x42 [border: (1px solid #FF0000)]
        RenderInline {SPAN} at (0,0) size 320x41 [border: (1px solid #008000)]
          RenderText {#text} at (2,1) size 15x19
            text run at (2,1) width 15: "-- "
          RenderInline {SPAN} at (0,0) size 320x39
            RenderText {#text} at (16,1) size 16x19
              text run at (16,1) width 16: "-- "
            RenderInline {SPAN} at (0,0) size 320x39
              RenderText {#text} at (31,1) size 15x19
                text run at (31,1) width 15: "-- "
              RenderInline {SPAN} at (0,0) size 320x39
                RenderText {#text} at (45,1) size 16x19
                  text run at (45,1) width 16: "-- "
                RenderInline {SPAN} at (0,0) size 320x39
                  RenderText {#text} at (60,1) size 16x19
                    text run at (60,1) width 16: "-- "
                  RenderInline {SPAN} at (0,0) size 320x39
                    RenderText {#text} at (75,1) size 15x19
                      text run at (75,1) width 15: "-- "
                    RenderInline {SPAN} at (0,0) size 320x39
                      RenderText {#text} at (89,1) size 16x19
                        text run at (89,1) width 16: "-- "
                      RenderInline {SPAN} at (0,0) size 320x39
                        RenderText {#text} at (104,1) size 16x19
                          text run at (104,1) width 16: "-- "
                        RenderInline {SPAN} at (0,0) size 320x39
                          RenderText {#text} at (119,1) size 15x19
                            text run at (119,1) width 15: "-- "
                          RenderInline {SPAN} at (0,0) size 320x39
                            RenderText {#text} at (133,1) size 16x19
                              text run at (133,1) width 16: "-- "
                            RenderInline {SPAN} at (0,0) size 320x39
                              RenderText {#text} at (148,1) size 16x19
                                text run at (148,1) width 16: "-- "
                              RenderInline {SPAN} at (0,0) size 320x39
                                RenderText {#text} at (163,1) size 15x19
                                  text run at (163,1) width 15: "-- "
                                RenderInline {SPAN} at (0,0) size 320x39
                                  RenderText {#text} at (177,1) size 16x19
                                    text run at (177,1) width 16: "-- "
                                  RenderInline {SPAN} at (0,0) size 320x39
                                    RenderText {#text} at (192,1) size 16x19
                                      text run at (192,1) width 16: "-- "
                                    RenderInline {SPAN} at (0,0) size 320x39
                                      RenderText {#text} at (207,1) size 15x19
                                        text run at (207,1) width 15: "-- "
                                      RenderInline {SPAN} at (0,0) size 320x39
                                        RenderText {#text} at (221,1) size 16x19
                                          text run at (221,1) width 16: "-- "
                                        RenderInline {SPAN} at (0,0) size 320x39
                                          RenderText {#text} at (236,1) size 16x19
                                            text run at (236,1) width 16: "-- "
                                          RenderInline {SPAN} at (0,0) size 320x39
                                            RenderText {#text} at (251,1) size 15x19
                                              text run at (251,1) width 15: "-- "
                                            RenderInline {SPAN} at (0,0) size 320x39
                                              RenderText {#text} at (265,1) size 16x19
                                                text run at (265,1) width 16: "-- "
                                              RenderInline {SPAN} at (0,0) size 320x39
                                                RenderText {#text} at (280,1) size 16x19
                                                  text run at (280,1) width 16: "-- "
                                                RenderInline {SPAN} at (0,0) size 320x39
                                                  RenderText {#text} at (295,1) size 15x19
                                                    text run at (295,1) width 15: "-- "
                                                  RenderInline {SPAN} at (0,0) size 320x39
                                                    RenderText {#text} at (309,1) size 12x19
                                                      text run at (309,1) width 12: "--"
                                                    RenderInline {SPAN} at (0,0) size 26x19
                                                      RenderText {#text} at (1,21) size 15x19
                                                        text run at (1,21) width 15: "-- "
                                                      RenderInline {SPAN} at (0,0) size 12x19
                                                        RenderText {#text} at (15,21) size 12x19
                                                          text run at (15,21) width 12: "--"
        RenderText {#text} at (0,0) size 0x0
