layer at (0,0) size 800x720
  RenderView at (0,0) size 800x600
layer at (0,0) size 800x720
  RenderBlock {HTML} at (0,0) size 800x721
    RenderBody {BODY} at (8,16) size 784x697
      RenderBlock {P} at (0,0) size 784x40
        RenderText {#text} at (0,0) size 761x39
          text run at (0,0) width 761: "There should be a SPAN in the middle of all four paragraphs that has padding, a green border, and a margin on the left,"
          text run at (0,20) width 368: "and padding, an orange border, and a margin on the right."
      RenderBlock {H1} at (0,56) size 784x20
        RenderText {#text} at (0,0) size 91x19
          text run at (0,0) width 91: "Left-to-Right"
      RenderBlock {DIV} at (0,86) size 784x285 [border: (1px solid #000000)]
        RenderBlock {P} at (6,22) size 772x32
          RenderText {#text} at (0,6) size 128x19
            text run at (0,6) width 128: "Lorem ipsum dolor "
          RenderText {#text} at (352,6) size 342x19
            text run at (352,6) width 342: "adipisicing elit, sed do eiusmod tempor incididunt ut."
        RenderBlock {P} at (6,70) size 772x192
          RenderText {#text} at (0,6) size 751x51
            text run at (0,6) width 604: "Lorem ipsum dolor sit amet, consectetur adipisicing elit, sed do eiusmod tempor incididunt ut "
            text run at (603,6) width 148: "labore et dolore magna"
            text run at (0,38) width 441: "aliqua. Ut enim ad minim veniam, quis nostrud exercitation ullamco "
          RenderText {#text} at (674,102) size 733x83
            text run at (674,102) width 55: "sit amet,"
            text run at (0,134) width 523: "consectetur adipisicing elit, sed do eiusmod tempor incididunt ut labore et dolore "
            text run at (522,134) width 211: "magna aliqua. Ut enim ad minim"
            text run at (0,166) width 413: "veniam, quis nostrud exercitation ullamco laboris nisi ut aliquip."
      RenderBlock {H1} at (0,381) size 784x21
        RenderText {#text} at (0,0) size 91x19
          text run at (0,0) width 91: "Right-to-Left"
      RenderBlock {DIV} at (0,412) size 784x285 [border: (1px solid #000000)]
        RenderBlock {P} at (6,22) size 772x32
          RenderText {#text} at (644,6) size 128x19
            text run at (644,6) width 128 RTL: "Lorem ipsum dolor "
          RenderText {#text} at (78,6) size 342x19
            text run at (78,6) width 342 RTL: "adipisicing elit, sed do eiusmod tempor incididunt ut."
        RenderBlock {P} at (6,70) size 772x192
          RenderText {#text} at (21,6) size 751x51
            text run at (21,6) width 148 RTL: "labore et dolore magna"
            text run at (168,6) width 604 RTL: "Lorem ipsum dolor sit amet, consectetur adipisicing elit, sed do eiusmod tempor incididunt ut "
            text run at (331,38) width 441 RTL: "aliqua. Ut enim ad minim veniam, quis nostrud exercitation ullamco "
          RenderText {#text} at (43,102) size 733x83
            text run at (43,102) width 55 RTL: "sit amet,"
            text run at (39,134) width 211 RTL: "magna aliqua. Ut enim ad minim"
            text run at (249,134) width 523 RTL: "consectetur adipisicing elit, sed do eiusmod tempor incididunt ut labore et dolore "
            text run at (359,166) width 413 RTL: "veniam, quis nostrud exercitation ullamco laboris nisi ut aliquip."
layer at (14,125) size 191x21
  RenderInline (relative positioned) {SPAN} at (0,0) size 191x21 [border: (1px solid #0000FF) (10px solid #FFA500) (1px solid #0000FF) (10px solid #008000)]
    RenderText {#text} at (172,6) size 136x19
      text run at (172,6) width 136: "sit amet, consectetur "
layer at (14,173) size 766x85
  RenderInline (relative positioned) {SPAN} at (0,0) size 766x85 [border: (1px solid #0000FF) (10px solid #FFA500) (1px solid #0000FF) (10px solid #008000)]
    RenderText {#text} at (485,38) size 766x83
      text run at (485,38) width 242: "laboris nisi ut aliquip ex ea commodo"
      text run at (0,70) width 331: "consequat. Duis aute irure dolor in reprehenderit in "
      text run at (331,70) width 435: "voluptate velit esse cillum dolore eu fugiat nulla pariatur. Excepteur"
      text run at (0,102) width 149: "sint occaecat cupidatat "
      text run at (148,102) width 482: "non proident, sunt in culpa qui officia deserunt mollit anim id est laborum. "
layer at (14,450) size 191x21
  RenderInline (relative positioned) {SPAN} at (0,0) size 191x21 [border: (1px solid #0000FF) (10px solid #FFA500) (1px solid #0000FF) (10px solid #008000)]
    RenderText {#text} at (464,6) size 136x19
      text run at (464,6) width 136 RTL: "sit amet, consectetur "
layer at (14,498) size 766x85
  RenderInline (relative positioned) {SPAN} at (0,0) size 766x85 [border: (1px solid #0000FF) (10px solid #FFA500) (1px solid #0000FF) (10px solid #008000)]
    RenderText {#text} at (45,38) size 766x83
      text run at (45,38) width 242 RTL: "laboris nisi ut aliquip ex ea commodo"
      text run at (6,70) width 435 RTL: "voluptate velit esse cillum dolore eu fugiat nulla pariatur. Excepteur"
      text run at (441,70) width 331 RTL: "consequat. Duis aute irure dolor in reprehenderit in "
      text run at (142,102) width 482 RTL: "non proident, sunt in culpa qui officia deserunt mollit anim id est laborum. "
      text run at (623,102) width 149 RTL: "sint occaecat cupidatat "
