layer at (0,0) size 800x600
  RenderView at (0,0) size 800x600
layer at (0,0) size 800x600
  RenderBlock {HTML} at (0,0) size 800x600
    RenderBody {BODY} at (8,8) size 784x584
      RenderBlock {P} at (0,0) size 784x40
        RenderText {#text} at (0,0) size 732x39
          text run at (0,0) width 732: "Assuming the port-specific theme draws focus rings, this test can be used to ensure that a focus ring is drawn for a"
          text run at (0,20) width 534: "hyperlink. This test PASSED if a focus ring is drawn around the hyperlink (below)."
      RenderBlock (anonymous) at (0,56) size 784x20
        RenderInline {A} at (0,0) size 65x19 [color=#0000EE]
          RenderText {#text} at (0,0) size 65x19
            text run at (0,0) width 65: "Hyperlink"
        RenderText {#text} at (0,0) size 0x0
caret: position 0 of child 0 {#text} of child 3 {A} of body
