layer at (0,0) size 800x600
  RenderView at (0,0) size 800x600
layer at (0,0) size 800x599
  RenderBlock {HTML} at (0,0) size 800x599
    RenderBody {BODY} at (8,21) size 784x386
      RenderBlock {H1} at (0,0) size 784x38 [color=#990000]
        RenderText {#text} at (0,1) size 694x36
          text run at (0,1) width 694: "Webkit background image positioning on RTL text"
      RenderBlock {H2} at (0,59) size 784x31
        RenderText {#text} at (0,1) size 263x28
          text run at (0,1) width 263: "Behaviour within <p> tag"
      RenderBlock (floating) {DIV} at (0,109) size 318x225 [bgcolor=#DDDDDD]
        RenderBlock {P} at (6,22) size 306x180
          RenderText {#text} at (22,0) size 279x179
            text run at (22,0) width 259: "Lorem ipsum dolor sit amet, consectetur"
            text run at (22,20) width 99: "adipiscing elit. "
            text run at (120,20) width 123: "Nam mollis, elit eu"
            text run at (22,40) width 265: "vulputate ornare, est urna congue felis, id"
            text run at (22,60) width 44: "auctor "
            text run at (65,60) width 200: "arcu odio imperdiet nulla. Cras"
            text run at (22,80) width 196: "viverra interdum diam blandit "
            text run at (217,80) width 71: "adipiscing."
            text run at (22,100) width 275: "Aliquam erat felis, iaculis sit amet rhoncus"
            text run at (22,120) width 35: "quis, "
            text run at (56,120) width 242: "condimentum at nisl. Duis malesuada"
            text run at (22,140) width 208: "quam vel augue hendrerit porta. "
            text run at (229,140) width 72: "Nulla vitae"
            text run at (22,160) width 123: "elementum mauris."
      RenderBlock (floating) {DIV} at (332,109) size 318x165 [bgcolor=#DDDDDD]
        RenderBlock {P} at (6,22) size 306x120
          RenderText {#text} at (4,0) size 284x119
            text run at (4,0) width 280 RTL: "\x{5D4}\x{5D5}\x{5D1}\x{5DC}\x{5EA} \x{5D3}\x{5D9}\x{5E8}\x{5D5}\x{5EA} \x{5D1}\x{5DB}\x{5DC} \x{5D4}\x{5D0}\x{5E8}\x{5E5} \x{5E9}\x{5D9}\x{5E8}\x{5D5}\x{5EA}, \x{5D0}\x{5D9}\x{5DB}\x{5D5}\x{5EA} \x{5D5}\x{5DE}\x{5D7}\x{5D9}\x{5E8}\x{5D9}\x{5DD} \x{5DC}\x{5DC}\x{5D0}"
            text run at (38,20) width 246 RTL: "\x{5EA}\x{5D7}\x{5E8}\x{5D5}\x{5EA} \x{5D4}\x{5D5}\x{5D1}\x{5DC}\x{5EA} \x{5D3}\x{5D9}\x{5E8}\x{5D5}\x{5EA} \x{5D1}\x{5DB}\x{5DC} \x{5D4}\x{5D0}\x{5E8}\x{5E5} \x{5E9}\x{5D9}\x{5E8}\x{5D5}\x{5EA}, \x{5D0}\x{5D9}\x{5DB}\x{5D5}\x{5EA}"
            text run at (0,40) width 284 RTL: "\x{5D5}\x{5DE}\x{5D7}\x{5D9}\x{5E8}\x{5D9}\x{5DD} \x{5DC}\x{5DC}\x{5D0} \x{5EA}\x{5D7}\x{5E8}\x{5D5}\x{5EA} \x{5D4}\x{5D5}\x{5D1}\x{5DC}\x{5EA} \x{5D3}\x{5D9}\x{5E8}\x{5D5}\x{5EA} \x{5D1}\x{5DB}\x{5DC} \x{5D4}\x{5D0}\x{5E8}\x{5E5} \x{5E9}\x{5D9}\x{5E8}\x{5D5}\x{5EA},"
            text run at (6,60) width 278 RTL: "\x{5D0}\x{5D9}\x{5DB}\x{5D5}\x{5EA} \x{5D5}\x{5DE}\x{5D7}\x{5D9}\x{5E8}\x{5D9}\x{5DD} \x{5DC}\x{5DC}\x{5D0} \x{5EA}\x{5D7}\x{5E8}\x{5D5}\x{5EA} \x{5D4}\x{5D5}\x{5D1}\x{5DC}\x{5EA} \x{5D3}\x{5D9}\x{5E8}\x{5D5}\x{5EA} \x{5D1}\x{5DB}\x{5DC} \x{5D4}\x{5D0}\x{5E8}\x{5E5}"
            text run at (24,80) width 260 RTL: "\x{5E9}\x{5D9}\x{5E8}\x{5D5}\x{5EA}, \x{5D0}\x{5D9}\x{5DB}\x{5D5}\x{5EA} \x{5D5}\x{5DE}\x{5D7}\x{5D9}\x{5E8}\x{5D9}\x{5DD} \x{5DC}\x{5DC}\x{5D0} \x{5EA}\x{5D7}\x{5E8}\x{5D5}\x{5EA} \x{5D4}\x{5D5}\x{5D1}\x{5DC}\x{5EA} \x{5D3}\x{5D9}\x{5E8}\x{5D5}\x{5EA}"
            text run at (37,100) width 247 RTL: "\x{5D1}\x{5DB}\x{5DC} \x{5D4}\x{5D0}\x{5E8}\x{5E5} \x{5E9}\x{5D9}\x{5E8}\x{5D5}\x{5EA}, \x{5D0}\x{5D9}\x{5DB}\x{5D5}\x{5EA} \x{5D5}\x{5DE}\x{5D7}\x{5D9}\x{5E8}\x{5D9}\x{5DD} \x{5DC}\x{5DC}\x{5D0} \x{5EA}\x{5D7}\x{5E8}\x{5D5}\x{5EA}"
      RenderBlock {HR} at (0,333) size 784x3 [border: (1px inset #000000)]
      RenderBlock {H2} at (0,355) size 784x31
        RenderText {#text} at (0,1) size 261x28
          text run at (0,1) width 261: "Behaviour within <a> tag"
      RenderBlock (floating) {DIV} at (0,405) size 318x173 [bgcolor=#DDDDDD]
        RenderInline {A} at (0,0) size 300x159 [color=#0000EE]
          RenderText {#text} at (28,6) size 300x159
            text run at (28,6) width 259: "Lorem ipsum dolor sit amet, consectetur"
            text run at (6,26) width 285: "adipiscing elit. Nam mollis, elit eu vulputate"
            text run at (6,46) width 154: "ornare, est urna congue "
            text run at (159,46) width 124: "felis, id auctor arcu"
            text run at (6,66) width 279: "odio imperdiet nulla. Cras viverra interdum"
            text run at (6,86) width 36: "diam "
            text run at (41,86) width 243: "blandit adipiscing. Aliquam erat felis,"
            text run at (6,106) width 190: "iaculis sit amet rhoncus quis, "
            text run at (195,106) width 104: "condimentum at"
            text run at (6,126) width 300: "nisl. Duis malesuada quam vel augue hendrerit"
            text run at (6,146) width 41: "porta. "
            text run at (46,146) width 199: "Nulla vitae elementum mauris."
        RenderText {#text} at (0,0) size 0x0
      RenderBlock (floating) {DIV} at (332,405) size 318x133 [bgcolor=#DDDDDD]
        RenderInline {A} at (0,0) size 302x119 [color=#0000EE]
          RenderText {#text} at (10,6) size 302x119
            text run at (10,6) width 280 RTL: "\x{5D4}\x{5D5}\x{5D1}\x{5DC}\x{5EA} \x{5D3}\x{5D9}\x{5E8}\x{5D5}\x{5EA} \x{5D1}\x{5DB}\x{5DC} \x{5D4}\x{5D0}\x{5E8}\x{5E5} \x{5E9}\x{5D9}\x{5E8}\x{5D5}\x{5EA}, \x{5D0}\x{5D9}\x{5DB}\x{5D5}\x{5EA} \x{5D5}\x{5DE}\x{5D7}\x{5D9}\x{5E8}\x{5D9}\x{5DD} \x{5DC}\x{5DC}\x{5D0}"
            text run at (18,26) width 294 RTL: "\x{5EA}\x{5D7}\x{5E8}\x{5D5}\x{5EA} \x{5D4}\x{5D5}\x{5D1}\x{5DC}\x{5EA} \x{5D3}\x{5D9}\x{5E8}\x{5D5}\x{5EA} \x{5D1}\x{5DB}\x{5DC} \x{5D4}\x{5D0}\x{5E8}\x{5E5} \x{5E9}\x{5D9}\x{5E8}\x{5D5}\x{5EA}, \x{5D0}\x{5D9}\x{5DB}\x{5D5}\x{5EA} \x{5D5}\x{5DE}\x{5D7}\x{5D9}\x{5E8}\x{5D9}\x{5DD}"
            text run at (40,46) width 272 RTL: "\x{5DC}\x{5DC}\x{5D0} \x{5EA}\x{5D7}\x{5E8}\x{5D5}\x{5EA} \x{5D4}\x{5D5}\x{5D1}\x{5DC}\x{5EA} \x{5D3}\x{5D9}\x{5E8}\x{5D5}\x{5EA} \x{5D1}\x{5DB}\x{5DC} \x{5D4}\x{5D0}\x{5E8}\x{5E5} \x{5E9}\x{5D9}\x{5E8}\x{5D5}\x{5EA}, \x{5D0}\x{5D9}\x{5DB}\x{5D5}\x{5EA}"
            text run at (28,66) width 284 RTL: "\x{5D5}\x{5DE}\x{5D7}\x{5D9}\x{5E8}\x{5D9}\x{5DD} \x{5DC}\x{5DC}\x{5D0} \x{5EA}\x{5D7}\x{5E8}\x{5D5}\x{5EA} \x{5D4}\x{5D5}\x{5D1}\x{5DC}\x{5EA} \x{5D3}\x{5D9}\x{5E8}\x{5D5}\x{5EA} \x{5D1}\x{5DB}\x{5DC} \x{5D4}\x{5D0}\x{5E8}\x{5E5} \x{5E9}\x{5D9}\x{5E8}\x{5D5}\x{5EA},"
            text run at (34,86) width 278 RTL: "\x{5D0}\x{5D9}\x{5DB}\x{5D5}\x{5EA} \x{5D5}\x{5DE}\x{5D7}\x{5D9}\x{5E8}\x{5D9}\x{5DD} \x{5DC}\x{5DC}\x{5D0} \x{5EA}\x{5D7}\x{5E8}\x{5D5}\x{5EA} \x{5D4}\x{5D5}\x{5D1}\x{5DC}\x{5EA} \x{5D3}\x{5D9}\x{5E8}\x{5D5}\x{5EA} \x{5D1}\x{5DB}\x{5DC} \x{5D4}\x{5D0}\x{5E8}\x{5E5}"
            text run at (125,106) width 187 RTL: "\x{5E9}\x{5D9}\x{5E8}\x{5D5}\x{5EA}, \x{5D0}\x{5D9}\x{5DB}\x{5D5}\x{5EA} \x{5D5}\x{5DE}\x{5D7}\x{5D9}\x{5E8}\x{5D9}\x{5DD} \x{5DC}\x{5DC}\x{5D0} \x{5EA}\x{5D7}\x{5E8}\x{5D5}\x{5EA}"
        RenderText {#text} at (0,0) size 0x0
