layer at (0,0) size 800x1294
  RenderView at (0,0) size 800x600
layer at (0,0) size 800x1294
  RenderBlock {HTML} at (0,0) size 800x1294
    RenderBody {BODY} at (8,16) size 784x1262
      RenderBlock {DIV} at (0,0) size 784x614
        RenderBlock {DIV} at (0,0) size 784x128
          RenderBlock {P} at (0,0) size 784x20
            RenderText {#text} at (0,0) size 29x19
              text run at (0,0) width 29: "LTR"
          RenderBlock (anonymous) at (0,36) size 784x20
            RenderInline {SPAN} at (0,0) size 44x23 [bgcolor=#008000] [border: (2px solid #FF0000)]
              RenderText {#text} at (22,0) size 22x19
                text run at (22,0) width 22: "aaa"
          RenderBlock (anonymous) at (0,72) size 784x20
            RenderBlock {DIV} at (0,0) size 784x20
              RenderText {#text} at (0,0) size 24x19
                text run at (0,0) width 24: "bbb"
          RenderBlock (anonymous) at (0,108) size 784x20
            RenderInline {SPAN} at (0,0) size 44x23 [bgcolor=#008000] [border: (2px solid #FF0000)]
              RenderText {#text} at (0,0) size 22x19
                text run at (0,0) width 22: "ccc"
            RenderText {#text} at (0,0) size 0x0
        RenderBlock {HR} at (0,144) size 784x2 [border: (1px inset #000000)]
        RenderBlock {DIV} at (0,162) size 784x128
          RenderBlock {P} at (0,0) size 784x20
            RenderText {#text} at (0,0) size 154x19
              text run at (0,0) width 154: "LTR, empty inline after."
          RenderBlock (anonymous) at (0,36) size 784x20
            RenderInline {SPAN} at (0,0) size 44x23 [bgcolor=#008000] [border: (2px solid #FF0000)]
              RenderText {#text} at (22,0) size 22x19
                text run at (22,0) width 22: "aaa"
          RenderBlock (anonymous) at (0,72) size 784x20
            RenderBlock {DIV} at (0,0) size 784x20
              RenderText {#text} at (0,0) size 24x19
                text run at (0,0) width 24: "bbb"
          RenderBlock (anonymous) at (0,108) size 784x20
            RenderInline {SPAN} at (0,0) size 22x23 [bgcolor=#008000] [border: (2px solid #FF0000)]
            RenderText {#text} at (0,0) size 0x0
        RenderBlock {HR} at (0,306) size 784x2 [border: (1px inset #000000)]
        RenderBlock {DIV} at (0,324) size 784x128
          RenderBlock {P} at (0,0) size 784x20
            RenderText {#text} at (0,0) size 167x19
              text run at (0,0) width 167: "LTR, empty inline before."
          RenderBlock (anonymous) at (0,36) size 784x20
            RenderInline {SPAN} at (0,0) size 22x23 [bgcolor=#008000] [border: (2px solid #FF0000)]
          RenderBlock (anonymous) at (0,72) size 784x20
            RenderBlock {DIV} at (0,0) size 784x20
              RenderText {#text} at (0,0) size 24x19
                text run at (0,0) width 24: "bbb"
          RenderBlock (anonymous) at (0,108) size 784x20
            RenderInline {SPAN} at (0,0) size 44x23 [bgcolor=#008000] [border: (2px solid #FF0000)]
              RenderText {#text} at (0,0) size 22x19
                text run at (0,0) width 22: "ccc"
            RenderText {#text} at (0,0) size 0x0
        RenderBlock {HR} at (0,468) size 784x2 [border: (1px inset #000000)]
        RenderBlock {DIV} at (0,486) size 784x128
          RenderBlock {P} at (0,0) size 784x20
            RenderText {#text} at (0,0) size 226x19
              text run at (0,0) width 226: "LTR, empty inline before and after."
          RenderBlock (anonymous) at (0,36) size 784x20
            RenderInline {SPAN} at (0,0) size 22x23 [bgcolor=#008000] [border: (2px solid #FF0000)]
          RenderBlock (anonymous) at (0,72) size 784x20
            RenderBlock {DIV} at (0,0) size 784x20
              RenderText {#text} at (0,0) size 24x19
                text run at (0,0) width 24: "bbb"
          RenderBlock (anonymous) at (0,108) size 784x20
            RenderInline {SPAN} at (0,0) size 22x23 [bgcolor=#008000] [border: (2px solid #FF0000)]
            RenderText {#text} at (0,0) size 0x0
      RenderBlock {HR} at (0,630) size 784x2 [border: (1px inset #000000)]
      RenderBlock {DIV} at (0,648) size 784x614
        RenderBlock {DIV} at (0,0) size 784x128
          RenderBlock {P} at (0,0) size 784x20
            RenderText {#text} at (754,0) size 30x19
              text run at (754,0) width 30: "RTL"
          RenderBlock (anonymous) at (0,36) size 784x20
            RenderInline {SPAN} at (0,0) size 44x23 [bgcolor=#008000] [border: (2px solid #FF0000)]
              RenderText {#text} at (740,0) size 22x19
                text run at (740,0) width 22: "aaa"
          RenderBlock (anonymous) at (0,72) size 784x20
            RenderBlock {DIV} at (0,0) size 784x20
              RenderText {#text} at (760,0) size 24x19
                text run at (760,0) width 24: "bbb"
          RenderBlock (anonymous) at (0,108) size 784x20
            RenderInline {SPAN} at (0,0) size 44x23 [bgcolor=#008000] [border: (2px solid #FF0000)]
              RenderText {#text} at (762,0) size 22x19
                text run at (762,0) width 22: "ccc"
            RenderText {#text} at (0,0) size 0x0
        RenderBlock {HR} at (0,144) size 784x2 [border: (1px inset #000000)]
        RenderBlock {DIV} at (0,162) size 784x128
          RenderBlock {P} at (0,0) size 784x20
            RenderText {#text} at (629,0) size 155x19
              text run at (629,0) width 5 RTL: "."
              text run at (633,0) width 151: "RTL, empty inline after"
          RenderBlock (anonymous) at (0,36) size 784x20
            RenderInline {SPAN} at (0,0) size 44x23 [bgcolor=#008000] [border: (2px solid #FF0000)]
              RenderText {#text} at (740,0) size 22x19
                text run at (740,0) width 22: "aaa"
          RenderBlock (anonymous) at (0,72) size 784x20
            RenderBlock {DIV} at (0,0) size 784x20
              RenderText {#text} at (760,0) size 24x19
                text run at (760,0) width 24: "bbb"
          RenderBlock (anonymous) at (0,108) size 784x20
            RenderInline {SPAN} at (0,0) size 22x23 [bgcolor=#008000] [border: (2px solid #FF0000)]
            RenderText {#text} at (0,0) size 0x0
        RenderBlock {HR} at (0,306) size 784x2 [border: (1px inset #000000)]
        RenderBlock {DIV} at (0,324) size 784x128
          RenderBlock {P} at (0,0) size 784x20
            RenderText {#text} at (617,0) size 167x19
              text run at (617,0) width 5 RTL: "."
              text run at (621,0) width 163: "RTL, empty inline before"
          RenderBlock (anonymous) at (0,36) size 784x20
            RenderInline {SPAN} at (0,0) size 22x23 [bgcolor=#008000] [border: (2px solid #FF0000)]
          RenderBlock (anonymous) at (0,72) size 784x20
            RenderBlock {DIV} at (0,0) size 784x20
              RenderText {#text} at (760,0) size 24x19
                text run at (760,0) width 24: "bbb"
          RenderBlock (anonymous) at (0,108) size 784x20
            RenderInline {SPAN} at (0,0) size 44x23 [bgcolor=#008000] [border: (2px solid #FF0000)]
              RenderText {#text} at (762,0) size 22x19
                text run at (762,0) width 22: "ccc"
            RenderText {#text} at (0,0) size 0x0
        RenderBlock {HR} at (0,468) size 784x2 [border: (1px inset #000000)]
        RenderBlock {DIV} at (0,486) size 784x128
          RenderBlock {P} at (0,0) size 784x20
            RenderText {#text} at (557,0) size 227x19
              text run at (557,0) width 5 RTL: "."
              text run at (561,0) width 223: "RTL, empty inline before and after"
          RenderBlock (anonymous) at (0,36) size 784x20
            RenderInline {SPAN} at (0,0) size 22x23 [bgcolor=#008000] [border: (2px solid #FF0000)]
          RenderBlock (anonymous) at (0,72) size 784x20
            RenderBlock {DIV} at (0,0) size 784x20
              RenderText {#text} at (760,0) size 24x19
                text run at (760,0) width 24: "bbb"
          RenderBlock (anonymous) at (0,108) size 784x20
            RenderInline {SPAN} at (0,0) size 22x23 [bgcolor=#008000] [border: (2px solid #FF0000)]
            RenderText {#text} at (0,0) size 0x0
