layer at (0,0) size 902x600
  RenderView at (0,0) size 800x600
layer at (0,0) size 800x600
  RenderBlock {HTML} at (0,0) size 800x600
    RenderBody {BODY} at (8,8) size 800x584
      RenderBlock {DIV} at (0,0) size 800x0
      RenderBlock {DIV} at (0,0) size 800x0
      RenderBlock {DIV} at (0,0) size 800x0
      RenderBlock {DIV} at (0,0) size 800x0
      RenderBlock {DIV} at (0,0) size 800x0
      RenderBlock {DIV} at (0,0) size 800x0
      RenderBlock {DIV} at (0,0) size 800x0
      RenderBlock {DIV} at (0,0) size 800x0
layer at (162,560) size 246x30
  RenderBlock (positioned) {FONT} at (162,560) size 246x30
    RenderText {#text} at (0,1) size 246x28
      text run at (0,1) width 246: "RTL-Center-Aligned"
layer at (-86,460) size 94x90 backgroundClip at (0,0) size 902x600 clip at (0,0) size 902x600
  RenderBlock (positioned) {FONT} at (-86,460) size 94x90
    RenderText {#text} at (0,1) size 94x88
      text run at (0,1) width 60: "RTL-"
      text run at (0,31) width 63: "Left-"
      text run at (0,61) width 94: "Aligned"
layer at (578,470) size 230x30
  RenderBlock (positioned) {FONT} at (578,470) size 230x30
    RenderText {#text} at (0,1) size 230x28
      text run at (0,1) width 230: "RTL-Right-Aligned"
layer at (611,420) size 197x30
  RenderBlock (positioned) {FONT} at (610,420) size 198x30
    RenderText {#text} at (0,1) size 198x28
      text run at (0,1) width 198: "RTL-No-Aligned"
layer at (408,370) size 245x30
  RenderBlock (positioned) {FONT} at (408,370) size 246x30
    RenderText {#text} at (0,1) size 246x28
      text run at (0,1) width 246: "LTR-Center-Aligned"
layer at (8,320) size 216x30
  RenderBlock (positioned) {FONT} at (8,320) size 216x30
    RenderText {#text} at (0,1) size 216x28
      text run at (0,1) width 216: "LTR-Left-Aligned"
layer at (808,210) size 94x90
  RenderBlock (positioned) {FONT} at (808,210) size 94x90
    RenderText {#text} at (34,1) size 94x88
      text run at (34,1) width 60: "LTR-"
      text run at (17,31) width 77: "Right-"
      text run at (0,61) width 94: "Aligned"
layer at (8,220) size 196x30
  RenderBlock (positioned) {FONT} at (8,220) size 197x30
    RenderText {#text} at (0,1) size 197x28
      text run at (0,1) width 197: "LTR-No-Aligned"
