layer at (0,0) size 800x600
  RenderView at (0,0) size 800x600
layer at (0,0) size 800x131
  RenderBlock {HTML} at (0,0) size 800x131
    RenderBody {BODY} at (8,8) size 784x115
      RenderBlock {DIV} at (0,10) size 100x100 [bgcolor=#FF0000]
      RenderText {#text} at (100,95) size 4x19
        text run at (100,95) width 4: " "
      RenderBlock {DIV} at (-6,0) size 110x110 [bgcolor=#008000]
      RenderText {#text} at (0,0) size 0x0
