layer at (0,0) size 785x773
  RenderView at (0,0) size 785x600
layer at (0,0) size 785x600
  RenderBlock {html} at (0,0) size 785x600
    RenderBody {body} at (8,16) size 769x600
      RenderBlock {parsererror} at (16,0) size 737x137 [bgcolor=#FFDDDD] [border: (2px solid #CC7777)]
        RenderBlock {h3} at (18,20) size 701x23
          RenderText {#text} at (0,0) size 324x21
            text run at (0,0) width 324: "This page contains the following errors:"
        RenderBlock {div} at (18,61) size 701x15
          RenderText {#text} at (0,0) size 490x14
            text run at (0,0) width 490: "error on line 11 at column 1: Extra content at the end of the document"
            text run at (489,0) width 1: " "
        RenderBlock {h3} at (18,94) size 701x23
          RenderText {#text} at (0,0) size 427x21
            text run at (0,0) width 427: "Below is a rendering of the page up to the first error."
      RenderBlock (anonymous) at (0,152) size 769x605
        RenderSVGRoot {svg} at (8,168) size 0x0
          RenderSVGHiddenContainer {defs} at (0,0) size 0x0
            RenderSVGResourceFilter {filter} [id="blurX"] [filterUnits=objectBoundingBox] [primitiveUnits=userSpaceOnUse]
              [feGaussianBlur stdDeviation="5.00, 0.00"]
                [SourceGraphic]
            RenderSVGResourceFilter {filter} [id="blurY"] [filterUnits=objectBoundingBox] [primitiveUnits=userSpaceOnUse]
              [feGaussianBlur stdDeviation="0.00, 5.00"]
                [SourceGraphic]
