layer at (0,0) size 800x600
  RenderView at (0,0) size 800x600
layer at (0,0) size 800x600
  RenderBlock {HTML} at (0,0) size 800x600
    RenderBody {BODY} at (8,8) size 784x576
      RenderBlock {UL} at (0,0) size 784x36
        RenderListItem {LI} at (40,0) size 744x36
          RenderListMarker at (-1,0) size 7x18: bullet
          RenderText {#text} at (14,0) size 264x18
            text run at (14,0) width 264: "This list item should have an inside bullet."
          RenderBR {BR} at (278,14) size 0x0
          RenderText {#text} at (0,18) size 246x18
            text run at (0,18) width 246: "This line should begin under the bullet."
