layer at (0,0) size 800x600
  RenderView at (0,0) size 800x600
layer at (0,0) size 800x600
  RenderBlock {HTML} at (0,0) size 800x600
    RenderBody {BODY} at (8,8) size 784x584
      RenderBlock {P} at (0,0) size 784x18
        RenderText {#text} at (0,0) size 729x18
          text run at (0,0) width 729: "The word \"PASSED\" should be shown below with a cirlce before and a square after. This is a test for WebKit bug "
        RenderInline {A} at (0,0) size 40x18 [color=#0000EE]
          RenderText {#text} at (729,0) size 40x18
            text run at (729,0) width 40: "11197"
        RenderText {#text} at (769,0) size 4x18
          text run at (769,0) width 4: "."
      RenderBlock (anonymous) at (0,34) size 784x16
        RenderInline {CODE} at (0,0) size 63x15
          RenderInline (generated) at (0,0) size 8x15
            RenderCounter at (0,1) size 8x15
              text run at (0,1) width 8: "\x{25E6}"
          RenderText {#text} at (7,1) size 49x15
            text run at (7,1) width 49: "PASSED"
          RenderInline (generated) at (0,0) size 8x15
            RenderCounter at (55,1) size 8x15
              text run at (55,1) width 8: "\x{25A0}"
        RenderText {#text} at (0,0) size 0x0
