layer at (0,0) size 800x600
  RenderView at (0,0) size 800x600
layer at (0,0) size 800x70
  RenderBlock {HTML} at (0,0) size 800x70
    RenderBody {BODY} at (8,8) size 784x54
      RenderBlock {DIV} at (0,0) size 784x18
        RenderText {#text} at (0,0) size 671x18
          text run at (0,0) width 671: "[^=] attribute selector looking for empty string in empty attribute (the text should not have red background)"
      RenderBlock {DIV} at (0,18) size 784x18
        RenderText {#text} at (0,0) size 671x18
          text run at (0,0) width 671: "[$=] attribute selector looking for empty string in empty attribute (the text should not have red background)"
      RenderBlock {DIV} at (0,36) size 784x18
        RenderText {#text} at (0,0) size 671x18
          text run at (0,0) width 671: "[*=] attribute selector looking for empty string in empty attribute (the text should not have red background)"
