layer at (0,0) size 785x1225
  RenderView at (0,0) size 785x600
layer at (0,0) size 785x1225
  RenderBlock {HTML} at (0,0) size 785x1226
    RenderBody {BODY} at (8,16) size 769x1202
      RenderBlock {P} at (0,0) size 769x18
        RenderText {#text} at (0,0) size 162x18
          text run at (0,0) width 162: "div, span, nested div/span"
      RenderBlock {P} at (0,34) size 769x18
        RenderText {#text} at (0,0) size 64x18
          text run at (0,0) width 64: "Single div"
      RenderBlock {DIV} at (1,68) size 767x21 [border: (1.42px solid #000000)]
        RenderText {#text} at (742,1) size 23x18
          text run at (742,1) width 23 RTL: "abc"
      RenderBlock {P} at (0,104) size 769x19
        RenderText {#text} at (0,0) size 410x18
          text run at (0,0) width 410: "The following 2 lines should be identical, ignorning whitespaces:"
      RenderBlock {DIV} at (1,138) size 767x40 [border: (1.42px solid #000000)]
        RenderBlock (anonymous) at (1,1) size 764x19
          RenderText {#text} at (741,0) size 23x18
            text run at (741,0) width 23 RTL: "abc"
        RenderBlock {DIV} at (1,19) size 764x19
          RenderText {#text} at (741,0) size 23x18
            text run at (741,0) width 23: "cba"
      RenderBlock {P} at (0,193) size 769x19
        RenderText {#text} at (0,0) size 417x18
          text run at (0,0) width 417: "The following 2 textes should be identical, ignorning whitespaces:"
      RenderBlock {DIV} at (1,227) size 767x22 [border: (1.42px solid #000000)]
        RenderText {#text} at (738,1) size 27x18
          text run at (738,1) width 27 RTL: "abc "
        RenderInline {SPAN} at (0,0) size 23x18
          RenderText {#text} at (716,1) size 23x18
            text run at (716,1) width 23 RTL: "abc"
      RenderBlock {P} at (0,264) size 769x19
        RenderText {#text} at (0,0) size 410x18
          text run at (0,0) width 410: "The following 2 lines should be identical, ignorning whitespaces:"
      RenderBlock {DIV} at (1,298) size 767x40 [border: (1.42px solid #000000)]
        RenderBlock {DIV} at (1,1) size 764x19
          RenderText {#text} at (741,0) size 23x18
            text run at (741,0) width 23: "cba"
        RenderBlock (anonymous) at (1,19) size 764x19
          RenderText {#text} at (741,0) size 23x18
            text run at (741,0) width 23 RTL: "abc"
      RenderBlock {P} at (0,353) size 769x19
        RenderText {#text} at (0,0) size 417x18
          text run at (0,0) width 417: "The following 2 textes should be identical, ignorning whitespaces:"
      RenderBlock {DIV} at (1,387) size 767x22 [border: (1.42px solid #000000)]
        RenderInline {SPAN} at (0,0) size 27x18
          RenderText {#text} at (738,1) size 27x18
            text run at (738,1) width 27 RTL: "abc "
        RenderText {#text} at (716,1) size 23x18
          text run at (716,1) width 23 RTL: "abc"
      RenderBlock {P} at (0,424) size 769x19
        RenderText {#text} at (0,0) size 73x18
          text run at (0,0) width 73: "Single span"
      RenderBlock (anonymous) at (0,458) size 769x19
        RenderInline {SPAN} at (0,0) size 26x22 [border: (1.42px solid #000000)]
          RenderText {#text} at (2,0) size 23x18
            text run at (2,0) width 23 RTL: "abc"
        RenderText {#text} at (0,0) size 0x0
      RenderBlock {P} at (0,492) size 769x19
        RenderText {#text} at (0,0) size 417x18
          text run at (0,0) width 417: "The following 2 textes should be identical, ignorning whitespaces:"
      RenderBlock (anonymous) at (0,526) size 769x19
        RenderInline {SPAN} at (0,0) size 52x22 [border: (1.42px solid #000000)]
          RenderText {#text} at (24,0) size 27x18
            text run at (24,0) width 27 RTL: "abc "
          RenderInline {SPAN} at (0,0) size 23x18
            RenderText {#text} at (2,0) size 23x18
              text run at (2,0) width 23 RTL: "abc"
        RenderText {#text} at (0,0) size 0x0
      RenderBlock {P} at (0,560) size 769x19
        RenderText {#text} at (0,0) size 417x18
          text run at (0,0) width 417: "The following 2 textes should be identical, ignorning whitespaces:"
      RenderBlock (anonymous) at (0,594) size 769x19
        RenderInline {SPAN} at (0,0) size 52x22 [border: (1.42px solid #000000)]
          RenderInline {SPAN} at (0,0) size 27x18
            RenderText {#text} at (24,0) size 27x18
              text run at (24,0) width 27 RTL: "abc "
          RenderText {#text} at (2,0) size 23x18
            text run at (2,0) width 23 RTL: "abc"
        RenderText {#text} at (0,0) size 0x0
      RenderBlock {P} at (0,628) size 769x19
        RenderText {#text} at (0,0) size 417x18
          text run at (0,0) width 417: "The following 2 textes should be identical, ignorning whitespaces:"
      RenderBlock (anonymous) at (0,662) size 769x19
        RenderInline {SPAN} at (0,0) size 24x22 [border: (1.42px solid #000000)]
          RenderText {#text} at (0,0) size 22x18
            text run at (0,0) width 22 RTL: "abc"
      RenderBlock (anonymous) at (0,680) size 769x19
        RenderBlock {DIV} at (0,0) size 769x18
          RenderText {#text} at (747,0) size 22x18
            text run at (747,0) width 22: "cba"
      RenderBlock (anonymous) at (0,698) size 769x19
        RenderInline {SPAN} at (0,0) size 2x22 [border: (1.42px solid #000000)]
        RenderText {#text} at (0,0) size 0x0
      RenderBlock {P} at (0,732) size 769x19
        RenderText {#text} at (0,0) size 417x18
          text run at (0,0) width 417: "The following 2 textes should be identical, ignorning whitespaces:"
      RenderBlock (anonymous) at (0,766) size 769x19
        RenderInline {SPAN} at (0,0) size 2x22 [border: (1.42px solid #000000)]
      RenderBlock (anonymous) at (0,784) size 769x19
        RenderBlock {DIV} at (0,0) size 769x18
          RenderText {#text} at (747,0) size 22x18
            text run at (747,0) width 22: "cba"
      RenderBlock (anonymous) at (0,802) size 769x19
        RenderInline {SPAN} at (0,0) size 24x22 [border: (1.42px solid #000000)]
          RenderText {#text} at (2,0) size 23x18
            text run at (2,0) width 23 RTL: "abc"
        RenderText {#text} at (0,0) size 0x0
      RenderBlock {P} at (0,836) size 769x19
        RenderText {#text} at (0,0) size 29x18
          text run at (0,0) width 29: "ruby"
      RenderBlock {DIV} at (0,870) size 769x32 [border: (1.42px solid #000000)]
        RenderRuby (inline) {RUBY} at (0,0) size 23x19
          RenderRubyRun (anonymous) at (165,11) size 23x19
            RenderRubyText {RT} at (0,-10) size 22x10
              RenderText {#text} at (5,0) size 12x10
                text run at (5,0) width 12: "def"
            RenderRubyBase (anonymous) at (0,0) size 22x18
              RenderText {#text} at (0,0) size 22x18
                text run at (0,0) width 22 RTL: "abc"
        RenderText {#text} at (160,11) size 5x19
          text run at (160,11) width 5 RTL: " "
        RenderRuby (inline) {RUBY} at (0,0) size 23x19
          RenderRubyRun (anonymous) at (137,11) size 23x19
            RenderRubyText {RT} at (0,-10) size 22x10
              RenderText {#text} at (5,0) size 12x10
                text run at (5,0) width 12 RTL: "def"
            RenderRubyBase (anonymous) at (0,0) size 22x18
              RenderText {#text} at (0,0) size 22x18
                text run at (0,0) width 22 RTL: "abc"
        RenderText {#text} at (131,11) size 5x19
          text run at (131,11) width 5 RTL: " "
        RenderRuby (inline) {RUBY} at (0,0) size 23x19
          RenderRubyRun (anonymous) at (108,11) size 23x19
            RenderRubyBase (anonymous) at (0,0) size 22x18
              RenderText {#text} at (0,0) size 22x18
                text run at (0,0) width 22 RTL: "abc"
        RenderText {#text} at (102,11) size 5x19
          text run at (102,11) width 5 RTL: " "
        RenderRuby (inline) {RUBY} at (0,0) size 13x19
          RenderRubyRun (anonymous) at (89,27) size 13x0
            RenderRubyText {RT} at (0,-10) size 12x10
              RenderText {#text} at (0,0) size 12x10
                text run at (0,0) width 12: "def"
        RenderText {#text} at (83,11) size 5x19
          text run at (83,11) width 5 RTL: " "
        RenderRuby (inline) {RUBY} at (0,0) size 23x19
          RenderRubyRun (anonymous) at (60,11) size 23x19
            RenderRubyBase (anonymous) at (0,0) size 22x18
              RenderInline {RB} at (0,0) size 22x18
                RenderText {#text} at (0,0) size 22x18
                  text run at (0,0) width 22 RTL: "abc"
        RenderText {#text} at (55,11) size 5x19
          text run at (55,11) width 5 RTL: " "
        RenderRuby (inline) {RUBY} at (0,0) size 23x19
          RenderRubyRun (anonymous) at (31,11) size 23x19
            RenderRubyText {RT} at (0,-10) size 22x10
              RenderText {#text} at (5,0) size 12x10
                text run at (5,0) width 12: "def"
            RenderRubyBase (anonymous) at (0,0) size 22x18
              RenderInline {RB} at (0,0) size 22x18
                RenderText {#text} at (0,0) size 22x18
                  text run at (0,0) width 22 RTL: "abc"
        RenderText {#text} at (26,11) size 5x19
          text run at (26,11) width 5 RTL: " "
        RenderRuby (inline) {RUBY} at (0,0) size 23x19
          RenderRubyRun (anonymous) at (2,11) size 23x19
            RenderRubyText {RT} at (0,-10) size 22x10
              RenderText {#text} at (5,0) size 12x10
                text run at (5,0) width 12: "def"
            RenderRubyBase (anonymous) at (0,0) size 22x18
              RenderInline {RB} at (0,0) size 22x18
                RenderText {#text} at (0,0) size 22x18
                  text run at (0,0) width 22 RTL: "abc"
        RenderText {#text} at (0,0) size 0x0
      RenderBlock {P} at (0,917) size 769x19
        RenderText {#text} at (0,0) size 417x18
          text run at (0,0) width 417: "The following 2 tables should be identical, ignorning whitespaces:"
      RenderTable {TABLE} at (1,951) size 85x67 [border: (1.42px solid #808080)]
        RenderBlock {CAPTION} at (0,0) size 84x18
          RenderText {#text} at (0,0) size 84x18
            text run at (0,0) width 84: "NormalTable"
        RenderTableSection {TBODY} at (1,19) size 82x47
          RenderTableRow {TR} at (0,2) size 82x20
            RenderTableCell {TD} at (43,2) size 37x20 [r=0 c=0 rs=1 cs=1]
              RenderText {#text} at (13,1) size 23x18
                text run at (13,1) width 23: "abc"
            RenderTableCell {TD} at (2,2) size 40x20 [r=0 c=1 rs=1 cs=1]
              RenderText {#text} at (18,1) size 21x18
                text run at (18,1) width 21: "def"
          RenderTableRow {TR} at (0,24) size 82x20
            RenderTableCell {TD} at (43,24) size 37x20 [r=1 c=0 rs=1 cs=1]
              RenderText {#text} at (19,1) size 17x18
                text run at (19,1) width 17: "hij"
            RenderTableCell {TD} at (2,24) size 40x20 [r=1 c=1 rs=1 cs=1]
              RenderText {#text} at (14,1) size 25x18
                text run at (14,1) width 25: "opq"
      RenderTable {DIV} at (1,1019) size 146x58 [border: (1.42px solid #000000)]
        RenderBlock {DIV} at (0,0) size 145x18
          RenderText {#text} at (0,0) size 145x18
            text run at (0,0) width 145: "AnonymousTableRow"
        RenderTableSection (anonymous) at (1,19) size 143x37
          RenderTableRow {DIV} at (0,0) size 143x18
            RenderTableCell {DIV} at (74,0) size 69x18 [r=0 c=0 rs=1 cs=1]
              RenderText {#text} at (46,0) size 22x18
                text run at (46,0) width 22: "abc"
            RenderTableCell {DIV} at (0,0) size 75x18 [r=0 c=1 rs=1 cs=1]
              RenderText {#text} at (54,0) size 21x18
                text run at (54,0) width 21: "def"
          RenderTableRow {DIV} at (0,18) size 143x18
            RenderTableCell {DIV} at (74,18) size 69x18 [r=1 c=0 rs=1 cs=1]
              RenderText {#text} at (52,0) size 16x18
                text run at (52,0) width 16: "hij"
            RenderTableCell {DIV} at (0,18) size 75x18 [r=1 c=1 rs=1 cs=1]
              RenderText {#text} at (50,0) size 25x18
                text run at (50,0) width 25: "opq"
      RenderBlock {P} at (0,1092) size 769x19
        RenderText {#text} at (0,0) size 523x18
          text run at (0,0) width 523: "Anonymous TABLE, TABLE_ROW, TABLE_ROW_GROUP, TABLE_CELL"
      RenderBlock {DIV} at (0,1126) size 769x76 [border: (1.42px solid #000000)]
        RenderTable at (1,1) size 25x73
          RenderTableSection (anonymous) at (0,18) size 24x36
            RenderTableRow {DIV} at (0,0) size 24x18
              RenderTableCell (anonymous) at (0,0) size 24x18 [r=0 c=0 rs=1 cs=1]
                RenderText {#text} at (2,0) size 22x18
                  text run at (2,0) width 22 RTL: "abc"
            RenderTableRow (anonymous) at (0,18) size 24x18
              RenderTableCell {DIV} at (0,18) size 24x18 [r=1 c=0 rs=1 cs=1]
                RenderText {#text} at (4,0) size 20x18
                  text run at (4,0) width 20 RTL: "def"
          RenderBlock {DIV} at (0,0) size 24x18
            RenderText {#text} at (8,0) size 16x18
              text run at (8,0) width 16 RTL: "hij"
          RenderTableSection {DIV} at (0,54) size 24x18
            RenderTableRow (anonymous) at (0,0) size 24x18
              RenderTableCell (anonymous) at (0,0) size 24x18 [r=0 c=0 rs=1 cs=1]
                RenderText {#text} at (0,0) size 24x18
                  text run at (0,0) width 24 RTL: "opq"
