layer at (0,0) size 800x600
  RenderView at (0,0) size 800x600
layer at (0,0) size 800x600
  RenderBlock {HTML} at (0,0) size 800x600
    RenderBody {BODY} at (8,8) size 784x584
      RenderBlock (anonymous) at (0,0) size 784x18
        RenderText {#text} at (0,0) size 356x18
          text run at (0,0) width 356: "This tests that a child style can override the :visited style."
        RenderInline {A} at (0,0) size 0x0 [color=#FF0000]
          RenderText {#text} at (0,0) size 0x0
      RenderBlock (anonymous) at (0,18) size 784x18 [color=#FF0000]
        RenderBlock {DIV} at (0,0) size 784x18 [color=#008000]
          RenderText {#text} at (0,0) size 267x18
            text run at (0,0) width 267: "This text should be green (and underlined)"
      RenderBlock (anonymous) at (0,36) size 784x0
        RenderInline {A} at (0,0) size 0x0 [color=#FF0000]
        RenderText {#text} at (0,0) size 0x0
      RenderBlock {DIV} at (0,36) size 784x18 [color=#008000]
        RenderText {#text} at (0,0) size 159x18
          text run at (0,0) width 159: "This text should be green"
