layer at (0,0) size 800x600
  RenderView at (0,0) size 800x600
layer at (0,0) size 800x600
  RenderBlock {HTML} at (0,0) size 800x600
    RenderBody {BODY} at (8,8) size 784x576
      RenderBlock {DIV} at (0,0) size 784x162
        RenderTable {TABLE} at (0,0) size 784x162
          RenderTableSection {TBODY} at (0,0) size 784x162
            RenderTableRow {TR} at (0,2) size 784x38 [color=#008000]
              RenderTableCell {TD} at (2,2) size 383x38 [r=0 c=0 rs=1 cs=1]
                RenderText {#text} at (1,1) size 346x36
                  text run at (1,1) width 346: "This is the first cell in the first row of this table, and"
                  text run at (1,19) width 175: "should be green, and bold"
              RenderTableCell {TD} at (386,2) size 397x38 [r=0 c=1 rs=1 cs=1]
                RenderText {#text} at (1,1) size 365x36
                  text run at (1,1) width 365: "This is the second cell in the first row of this table, and"
                  text run at (1,19) width 171: "should be green and bold"
            RenderTableRow {TR} at (0,42) size 784x38 [color=#800080]
              RenderTableCell {TD} at (2,42) size 383x38 [r=1 c=0 rs=1 cs=1]
                RenderText {#text} at (1,1) size 365x36
                  text run at (1,1) width 365: "This is the first cell in the second row of this table, and"
                  text run at (1,19) width 178: "should be purple and bold"
              RenderTableCell {TD} at (386,42) size 397x38 [r=1 c=1 rs=1 cs=1]
                RenderText {#text} at (1,1) size 384x36
                  text run at (1,1) width 384: "This is the second cell in the second row of this table, and"
                  text run at (1,19) width 178: "should be purple and bold"
            RenderTableRow {TR} at (0,82) size 784x38 [color=#008000]
              RenderTableCell {TD} at (2,82) size 383x38 [r=2 c=0 rs=1 cs=1]
                RenderText {#text} at (1,1) size 374x36
                  text run at (1,1) width 374: "This is the first cell in the third row of this table, and should"
                  text run at (1,19) width 54: "be green"
              RenderTableCell {TD} at (386,82) size 397x38 [r=2 c=1 rs=1 cs=1]
                RenderText {#text} at (1,1) size 348x36
                  text run at (1,1) width 348: "This is the second cell in the third row of this table, and"
                  text run at (1,19) width 100: "should be green"
            RenderTableRow {TR} at (0,122) size 784x38 [color=#800080]
              RenderTableCell {TD} at (2,122) size 383x38 [r=3 c=0 rs=1 cs=1]
                RenderText {#text} at (1,1) size 337x36
                  text run at (1,1) width 337: "This is the first cell in the fourth row of this table, and"
                  text run at (1,19) width 105: "should be purple"
              RenderTableCell {TD} at (386,122) size 397x38 [r=3 c=1 rs=1 cs=1]
                RenderText {#text} at (1,1) size 357x36
                  text run at (1,1) width 357: "This is the second cell in the fourth row of this table, and"
                  text run at (1,19) width 105: "should be purple"
      RenderBlock {DIV} at (0,178) size 784x120
        RenderBlock {P} at (0,0) size 784x18 [color=#000080]
          RenderText {#text} at (0,0) size 387x18
            text run at (0,0) width 387: "This should be navy, as this is the first paragraph in this page."
        RenderBlock {P} at (0,34) size 784x18 [color=#FF0000]
          RenderText {#text} at (0,0) size 396x18
            text run at (0,0) width 396: "This should be red, as this is the second paragraph in this page."
        RenderBlock {P} at (0,68) size 784x18 [color=#000080]
          RenderText {#text} at (0,0) size 392x18
            text run at (0,0) width 392: "This should be navy, as this is the third paragraph in this page."
        RenderBlock {P} at (0,102) size 784x18 [color=#FF0000]
          RenderText {#text} at (0,0) size 390x18
            text run at (0,0) width 390: "This should be red, as this is the fourth paragraph in this page."
      RenderBlock {DIV} at (0,314) size 784x18
        RenderBlock {P} at (0,0) size 784x18 [color=#000080]
          RenderInline {SPAN} at (0,0) size 245x18
            RenderInline {I} at (0,0) size 245x18
              RenderText {#text} at (0,0) size 245x18
                text run at (0,0) width 245: "This whole paragraph should be italic."
          RenderText {#text} at (245,0) size 4x18
            text run at (245,0) width 4: " "
          RenderInline {SPAN} at (0,0) size 246x18
            RenderText {#text} at (249,0) size 246x18
              text run at (249,0) width 246: "But only this sentence should be bold."
