layer at (0,0) size 800x600
  RenderView at (0,0) size 800x600
layer at (0,0) size 800x600
  RenderBlock {HTML} at (0,0) size 800x600
    RenderBody {BODY} at (8,8) size 784x584
      RenderBlock {P} at (0,0) size 784x18
        RenderText {#text} at (0,0) size 53x18
          text run at (0,0) width 53: "Test for "
        RenderInline {I} at (0,0) size 683x18
          RenderInline {A} at (0,0) size 348x18 [color=#0000EE]
            RenderText {#text} at (53,0) size 348x18
              text run at (53,0) width 348: "http://bugzilla.opendarwin.org/show_bug.cgi?id=4227"
          RenderText {#text} at (401,0) size 335x18
            text run at (401,0) width 4: " "
            text run at (405,0) width 331: "The ex unit doesn't work for font-variant: small-caps"
        RenderText {#text} at (736,0) size 4x18
          text run at (736,0) width 4: "."
      RenderBlock {P} at (0,34) size 784x18
        RenderText {#text} at (0,0) size 244x18
          text run at (0,0) width 244: "There should be a green square below:"
      RenderBlock {DIV} at (0,68) size 144x144 [bgcolor=#008000]
