layer at (0,0) size 800x600
  RenderView at (0,0) size 800x600
layer at (0,0) size 800x600
  RenderBlock {HTML} at (0,0) size 800x600
    RenderBody {BODY} at (8,8) size 784x584
      RenderFieldSet {FIELDSET} at (2,0) size 780x38 [border: (2px groove #F0F0F0)]
        RenderText {#text} at (14,8) size 375x18
          text run at (14,8) width 375: "If you can see this fieldset without crashing, then all is well."
