layer at (0,0) size 800x600
  RenderView at (0,0) size 800x600
layer at (0,0) size 800x600
  RenderBlock {HTML} at (0,0) size 800x600 [color=#FF0000]
    RenderBody {BODY} at (8,8) size 784x544
      RenderBlock {P} at (0,0) size 784x73
        RenderInline (generated) at (0,0) size 35x55 [color=#008000] [bgcolor=#FFC0CB]
          RenderText at (0,0) size 35x55
            text run at (0,0) width 35: "A"
        RenderText {#text} at (35,0) size 190x55
          text run at (35,0) width 190: "BCDEFG"
        RenderBR {BR} at (225,43) size 0x0
        RenderInline {SPAN} at (0,0) size 225x18 [color=#000000]
          RenderText {#text} at (0,55) size 225x18
            text run at (0,55) width 225: "Hover over \"A\". It must stay green."
        RenderText {#text} at (0,0) size 0x0
