layer at (0,0) size 800x600
  RenderView at (0,0) size 800x600
layer at (0,0) size 800x600
  RenderBlock {HTML} at (0,0) size 800x600
    RenderBody {BODY} at (8,8) size 784x584
      RenderTable {TABLE} at (0,0) size 460x150
        RenderTableSection {TBODY} at (0,0) size 460x150
          RenderTableRow {TR} at (0,2) size 460x146
            RenderTableCell {TD} at (2,2) size 102x146 [r=0 c=0 rs=1 cs=1]
              RenderText {#text} at (1,1) size 29x18
                text run at (1,1) width 29: "The "
              RenderInline {A} at (0,0) size 97x144 [color=#0000EE]
                RenderText {#text} at (30,1) size 97x144
                  text run at (30,1) width 65: "text in this"
                  text run at (1,19) width 96: "anchor element"
                  text run at (1,37) width 87: "should spawn"
                  text run at (1,55) width 88: "multiple lines."
                  text run at (1,73) width 97: "This test shows"
                  text run at (1,91) width 87: "how multiline"
                  text run at (1,109) width 68: "link would"
                  text run at (1,127) width 28: "look"
              RenderText {#text} at (29,127) size 27x18
                text run at (29,127) width 27: "like."
            RenderTableCell {TD} at (106,56) size 352x38 [r=0 c=1 rs=1 cs=1]
              RenderText {#text} at (1,1) size 336x36
                text run at (1,1) width 336: "This is some filler text. This is some filler text. This is"
                text run at (1,19) width 244: "some filler text. This is some filler text."
