layer at (0,0) size 800x600
  RenderView at (0,0) size 800x600
layer at (0,0) size 800x600
  RenderBlock {HTML} at (0,0) size 800x600
    RenderBody {BODY} at (8,8) size 784x584
      RenderBlock {P} at (0,0) size 784x36
        RenderText {#text} at (0,0) size 53x18
          text run at (0,0) width 53: "Test for "
        RenderInline {I} at (0,0) size 747x36
          RenderInline {A} at (0,0) size 307x18 [color=#0000EE]
            RenderText {#text} at (53,0) size 307x18
              text run at (53,0) width 307: "https://bugs.webkit.org/show_bug.cgi?id=34735"
          RenderText {#text} at (360,0) size 747x36
            text run at (360,0) width 387: " [Chromium] OpenType font with CFF glyphs is not handled"
            text run at (0,18) width 162: "correctly on Windows XP"
        RenderText {#text} at (162,18) size 4x18
          text run at (162,18) width 4: "."
      RenderBlock {P} at (0,52) size 784x36
        RenderText {#text} at (0,0) size 770x36
          text run at (0,0) width 770: "Check if glyphs in Ahem.otf can be rendered correctly. If the test passes, you should see dozens of black square characters"
          text run at (0,18) width 43: "below:"
      RenderBlock (anonymous) at (0,104) size 784x32
        RenderInline {SPAN} at (0,0) size 736x16
          RenderText {#text} at (0,0) size 736x16
            text run at (0,0) width 736: "!\"#$%&()*+,-./0123456789:;<=>?@ABCDEFGHIJKLMNO"
        RenderText {#text} at (0,0) size 0x0
        RenderInline {SPAN} at (0,0) size 736x16
          RenderText {#text} at (0,16) size 736x16
            text run at (0,16) width 736: "PQRSTUVWXYZ[\\]^_`abcdefghijklmnoqrstuvwxyz{|}~"
        RenderText {#text} at (0,0) size 0x0
        RenderText {#text} at (0,0) size 0x0
      RenderBlock {P} at (0,152) size 784x36
        RenderText {#text} at (0,0) size 744x36
          text run at (0,0) width 744: "Check if glyphs not in Ahem.otf can be rendered using a fallback font. If the test passes, you should see a single-quote"
          text run at (0,18) width 104: "character below:"
      RenderBlock (anonymous) at (0,204) size 784x18
        RenderInline {SPAN} at (0,0) size 3x16
          RenderText {#text} at (0,1) size 3x16
            text run at (0,1) width 3: "'"
        RenderText {#text} at (0,0) size 0x0
        RenderText {#text} at (0,0) size 0x0
        RenderText {#text} at (0,0) size 0x0
