layer at (0,0) size 800x600
  RenderView at (0,0) size 800x600
layer at (0,0) size 800x600
  RenderBlock {HTML} at (0,0) size 800x600
    RenderBody {BODY} at (8,8) size 784x584
      RenderBlock {P} at (0,0) size 784x36
        RenderText {#text} at (0,0) size 52x17
          text run at (0,0) width 52: "Test for "
        RenderInline {I} at (0,0) size 744x35
          RenderInline {A} at (0,0) size 307x17 [color=#0000EE]
            RenderText {#text} at (52,0) size 307x17
              text run at (52,0) width 307: "https://bugs.webkit.org/show_bug.cgi?id=34147"
          RenderText {#text} at (359,0) size 744x35
            text run at (359,0) width 385: " If @font-face does not provide an explicit italic/bold variant,"
            text run at (0,18) width 94: "regular is used"
        RenderText {#text} at (94,18) size 4x17
          text run at (94,18) width 4: "."
      RenderBlock {P} at (0,52) size 784x36
        RenderText {#text} at (0,0) size 327x17
          text run at (0,0) width 327: "Checks if WebKit font matching algorithm matches "
        RenderInline {A} at (0,0) size 166x17 [color=#0000EE]
          RenderText {#text} at (327,0) size 166x17
            text run at (327,0) width 166: "the latest CSS3 Fonts WD"
        RenderText {#text} at (493,0) size 781x35
          text run at (493,0) width 288: ". If the test passes, all 14 glyphs below should"
          text run at (0,18) width 108: "be black squares:"
      RenderBlock (anonymous) at (0,104) size 784x18
        RenderInline {SPAN} at (0,0) size 16x16
          RenderText {#text} at (0,1) size 16x16
            text run at (0,1) width 16: "A"
        RenderText {#text} at (16,0) size 4x17
          text run at (16,0) width 4: " "
        RenderInline {SPAN} at (0,0) size 16x16
          RenderText {#text} at (20,1) size 16x16
            text run at (20,1) width 16: "A"
        RenderText {#text} at (36,0) size 4x17
          text run at (36,0) width 4: " "
        RenderInline {SPAN} at (0,0) size 16x16
          RenderText {#text} at (40,1) size 16x16
            text run at (40,1) width 16: "A"
        RenderText {#text} at (56,0) size 4x17
          text run at (56,0) width 4: " "
        RenderInline {SPAN} at (0,0) size 16x16
          RenderText {#text} at (60,1) size 16x16
            text run at (60,1) width 16: "A"
        RenderText {#text} at (76,0) size 4x17
          text run at (76,0) width 4: " "
        RenderInline {SPAN} at (0,0) size 16x16
          RenderText {#text} at (80,1) size 16x16
            text run at (80,1) width 16: "A"
        RenderText {#text} at (96,0) size 4x17
          text run at (96,0) width 4: " "
        RenderInline {SPAN} at (0,0) size 16x16
          RenderText {#text} at (100,1) size 16x16
            text run at (100,1) width 16: "A"
        RenderText {#text} at (116,0) size 4x17
          text run at (116,0) width 4: " "
        RenderText {#text} at (0,0) size 0x0
        RenderInline {SPAN} at (0,0) size 16x16
          RenderText {#text} at (120,1) size 16x16
            text run at (120,1) width 16: "A"
        RenderText {#text} at (136,0) size 4x17
          text run at (136,0) width 4: " "
        RenderInline {SPAN} at (0,0) size 16x16
          RenderText {#text} at (140,1) size 16x16
            text run at (140,1) width 16: "A"
        RenderText {#text} at (156,0) size 4x17
          text run at (156,0) width 4: " "
        RenderText {#text} at (0,0) size 0x0
        RenderInline {SPAN} at (0,0) size 16x16
          RenderText {#text} at (160,1) size 16x16
            text run at (160,1) width 16: "A"
        RenderText {#text} at (176,0) size 4x17
          text run at (176,0) width 4: " "
        RenderInline {SPAN} at (0,0) size 18x16
          RenderText {#text} at (180,1) size 18x16
            text run at (180,1) width 18: "A"
        RenderText {#text} at (197,0) size 5x17
          text run at (197,0) width 5: " "
        RenderText {#text} at (0,0) size 0x0
        RenderInline {SPAN} at (0,0) size 17x16
          RenderText {#text} at (201,1) size 17x16
            text run at (201,1) width 17: "A"
        RenderText {#text} at (217,0) size 5x17
          text run at (217,0) width 5: " "
        RenderInline {SPAN} at (0,0) size 17x16
          RenderText {#text} at (221,1) size 17x16
            text run at (221,1) width 17: "A"
        RenderText {#text} at (237,0) size 5x17
          text run at (237,0) width 5: " "
        RenderText {#text} at (0,0) size 0x0
        RenderInline {SPAN} at (0,0) size 17x16
          RenderText {#text} at (241,1) size 17x16
            text run at (241,1) width 17: "A"
        RenderText {#text} at (257,0) size 5x17
          text run at (257,0) width 5: " "
        RenderInline {SPAN} at (0,0) size 17x16
          RenderText {#text} at (261,1) size 17x16
            text run at (261,1) width 17: "A"
        RenderText {#text} at (0,0) size 0x0
        RenderText {#text} at (0,0) size 0x0
