layer at (0,0) size 800x600
  RenderView at (0,0) size 800x600
layer at (0,0) size 800x600
  RenderBlock {HTML} at (0,0) size 800x600
    RenderBody {BODY} at (8,8) size 784x584
      RenderBlock {P} at (0,0) size 784x18
        RenderText {#text} at (0,0) size 175x18
          text run at (0,0) width 175: "Each font name in that font:"
      RenderBlock {DIV} at (4,34) size 776x27 [border: (1px solid #ADD8E6)]
        RenderInline {B} at (0,0) size 108x18
          RenderText {#text} at (1,2) size 108x18
            text run at (1,2) width 108: "Helvetica bold"
        RenderText {#text} at (109,2) size 75x18
          text run at (109,2) width 75: " Helvetica "
        RenderInline {I} at (0,0) size 433x18
          RenderText {#text} at (184,2) size 200x18
            text run at (184,2) width 200: "Courier syn. italic "
          RenderInline {B} at (0,0) size 233x25
            RenderText {#text} at (384,1) size 233x25
              text run at (384,1) width 233: "Papyrus syn. bold syn. italic"
        RenderText {#text} at (0,0) size 0x0
      RenderBlock {DIV} at (4,65) size 776x52 [border: (1px solid #ADD8E6)]
        RenderInline {SPAN} at (0,0) size 70x18
          RenderText {#text} at (1,2) size 70x18
            text run at (1,2) width 70: "Courier"
        RenderText {#text} at (71,2) size 10x18
          text run at (71,2) width 10: " "
        RenderInline {SPAN} at (0,0) size 70x18
          RenderText {#text} at (81,2) size 70x18
            text run at (81,2) width 70: "Courier"
        RenderText {#text} at (151,2) size 10x18
          text run at (151,2) width 10: " "
        RenderInline {SPAN} at (0,0) size 70x18
          RenderText {#text} at (161,2) size 70x18
            text run at (161,2) width 70: "Courier"
        RenderText {#text} at (231,2) size 10x18
          text run at (231,2) width 10: " "
        RenderInline {SPAN} at (0,0) size 70x18
          RenderText {#text} at (241,2) size 70x18
            text run at (241,2) width 70: "Courier"
        RenderText {#text} at (311,2) size 10x18
          text run at (311,2) width 10: " "
        RenderInline {SPAN} at (0,0) size 70x18
          RenderText {#text} at (321,2) size 70x18
            text run at (321,2) width 70: "Courier"
        RenderText {#text} at (391,2) size 10x18
          text run at (391,2) width 10: " "
        RenderInline {SPAN} at (0,0) size 110x18
          RenderText {#text} at (401,2) size 110x18
            text run at (401,2) width 110: "Helvetica Bold"
        RenderText {#text} at (511,2) size 10x18
          text run at (511,2) width 10: " "
        RenderInline {SPAN} at (0,0) size 110x18
          RenderText {#text} at (521,2) size 110x18
            text run at (521,2) width 110: "Helvetica Bold"
        RenderText {#text} at (631,2) size 10x18
          text run at (631,2) width 10: " "
        RenderInline {SPAN} at (0,0) size 747x50
          RenderText {#text} at (641,1) size 747x50
            text run at (641,1) width 107: "Papyrus syn."
            text run at (1,26) width 38: "bold"
        RenderText {#text} at (39,27) size 10x18
          text run at (39,27) width 10: " "
        RenderInline {SPAN} at (0,0) size 150x25
          RenderText {#text} at (49,26) size 150x25
            text run at (49,26) width 150: "Papyrus syn. bold"
        RenderText {#text} at (0,0) size 0x0
      RenderBlock {DIV} at (4,121) size 776x38 [border: (1px solid #ADD8E6)]
        RenderInline {SPAN} at (0,0) size 70x18
          RenderText {#text} at (1,1) size 70x18
            text run at (1,1) width 70: "Courier"
        RenderText {#text} at (71,1) size 10x18
          text run at (71,1) width 10: " "
        RenderInline {SPAN} at (0,0) size 70x18
          RenderText {#text} at (81,1) size 70x18
            text run at (81,1) width 70: "Courier"
        RenderText {#text} at (151,1) size 10x18
          text run at (151,1) width 10: " "
        RenderInline {SPAN} at (0,0) size 70x18
          RenderText {#text} at (161,1) size 70x18
            text run at (161,1) width 70: "Courier"
        RenderText {#text} at (231,1) size 10x18
          text run at (231,1) width 10: " "
        RenderInline {SPAN} at (0,0) size 70x18
          RenderText {#text} at (241,1) size 70x18
            text run at (241,1) width 70: "Courier"
        RenderText {#text} at (311,1) size 10x18
          text run at (311,1) width 10: " "
        RenderInline {SPAN} at (0,0) size 70x18
          RenderText {#text} at (321,1) size 70x18
            text run at (321,1) width 70: "Courier"
        RenderText {#text} at (391,1) size 10x18
          text run at (391,1) width 10: " "
        RenderInline {SPAN} at (0,0) size 110x18
          RenderText {#text} at (401,1) size 110x18
            text run at (401,1) width 110: "Helvetica Bold"
        RenderText {#text} at (511,1) size 10x18
          text run at (511,1) width 10: " "
        RenderInline {SPAN} at (0,0) size 110x18
          RenderText {#text} at (521,1) size 110x18
            text run at (521,1) width 110: "Helvetica Bold"
        RenderText {#text} at (631,1) size 10x18
          text run at (631,1) width 10: " "
        RenderInline {SPAN} at (0,0) size 110x18
          RenderText {#text} at (641,1) size 110x18
            text run at (641,1) width 110: "Helvetica Bold"
        RenderText {#text} at (0,0) size 0x0
        RenderInline {SPAN} at (0,0) size 110x18
          RenderText {#text} at (1,19) size 110x18
            text run at (1,19) width 110: "Helvetica Bold"
        RenderText {#text} at (0,0) size 0x0
      RenderBlock {DIV} at (4,163) size 776x38 [border: (1px solid #ADD8E6)]
        RenderInline {SPAN} at (0,0) size 70x18
          RenderText {#text} at (1,1) size 70x18
            text run at (1,1) width 70: "Courier"
        RenderText {#text} at (71,1) size 10x18
          text run at (71,1) width 10: " "
        RenderInline {SPAN} at (0,0) size 70x18
          RenderText {#text} at (81,1) size 70x18
            text run at (81,1) width 70: "Courier"
        RenderText {#text} at (151,1) size 10x18
          text run at (151,1) width 10: " "
        RenderInline {SPAN} at (0,0) size 70x18
          RenderText {#text} at (161,1) size 70x18
            text run at (161,1) width 70: "Courier"
        RenderText {#text} at (231,1) size 10x18
          text run at (231,1) width 10: " "
        RenderInline {SPAN} at (0,0) size 70x18
          RenderText {#text} at (241,1) size 70x18
            text run at (241,1) width 70: "Courier"
        RenderText {#text} at (311,1) size 10x18
          text run at (311,1) width 10: " "
        RenderInline {SPAN} at (0,0) size 70x18
          RenderText {#text} at (321,1) size 70x18
            text run at (321,1) width 70: "Courier"
        RenderText {#text} at (391,1) size 10x18
          text run at (391,1) width 10: " "
        RenderInline {SPAN} at (0,0) size 110x18
          RenderText {#text} at (401,1) size 110x18
            text run at (401,1) width 110: "Helvetica Bold"
        RenderText {#text} at (511,1) size 10x18
          text run at (511,1) width 10: " "
        RenderInline {SPAN} at (0,0) size 110x18
          RenderText {#text} at (521,1) size 110x18
            text run at (521,1) width 110: "Helvetica Bold"
        RenderText {#text} at (631,1) size 10x18
          text run at (631,1) width 10: " "
        RenderInline {SPAN} at (0,0) size 110x18
          RenderText {#text} at (641,1) size 110x18
            text run at (641,1) width 110: "Helvetica Bold"
        RenderText {#text} at (0,0) size 0x0
        RenderInline {SPAN} at (0,0) size 110x18
          RenderText {#text} at (1,19) size 110x18
            text run at (1,19) width 110: "Helvetica Bold"
        RenderText {#text} at (0,0) size 0x0
      RenderBlock {P} at (0,217) size 784x18
        RenderText {#text} at (0,0) size 224x18
          text run at (0,0) width 224: "Times followed by Ahem (normal):"
      RenderBlock {DIV} at (4,251) size 776x20 [border: (1px solid #ADD8E6)]
        RenderText {#text} at (1,1) size 43x18
          text run at (1,1) width 43: "Times "
        RenderInline {I} at (0,0) size 64x16
          RenderText {#text} at (44,2) size 64x16
            text run at (44,2) width 64: "AHEM"
        RenderText {#text} at (0,0) size 0x0
      RenderBlock {P} at (0,287) size 784x18
        RenderText {#text} at (0,0) size 101x18
          text run at (0,0) width 101: "Ahem (normal):"
      RenderBlock {DIV} at (4,321) size 776x18 [border: (1px solid #ADD8E6)]
        RenderText {#text} at (1,1) size 80x16
          text run at (1,1) width 80: "AHEM "
        RenderInline {I} at (0,0) size 64x16
          RenderText {#text} at (81,1) size 64x16
            text run at (81,1) width 64: "AHEM"
        RenderText {#text} at (0,0) size 0x0
      RenderBlock {P} at (0,355) size 784x18
        RenderText {#text} at (0,0) size 326x18
          text run at (0,0) width 326: "Ahem (normal) followed by Ahem (synthetic bold):"
      RenderBlock {DIV} at (4,389) size 776x18 [border: (1px solid #ADD8E6)]
        RenderText {#text} at (1,1) size 80x16
          text run at (1,1) width 80: "AHEM "
        RenderInline {B} at (0,0) size 68x16
          RenderText {#text} at (81,1) size 68x16
            text run at (81,1) width 68: "AHEM"
        RenderText {#text} at (0,0) size 0x0
      RenderBlock {P} at (0,423) size 784x18
        RenderText {#text} at (0,0) size 334x18
          text run at (0,0) width 334: "Ahem (normal) followed by Ahem (synthetic italics):"
      RenderBlock {DIV} at (4,457) size 776x18 [border: (1px solid #ADD8E6)]
        RenderText {#text} at (1,1) size 80x16
          text run at (1,1) width 80: "AHEM "
        RenderInline {I} at (0,0) size 64x16
          RenderText {#text} at (81,1) size 64x16
            text run at (81,1) width 64: "AHEM"
        RenderText {#text} at (0,0) size 0x0
