layer at (0,0) size 785x2270
  RenderView at (0,0) size 785x600
layer at (0,0) size 785x2270
  RenderBlock {HTML} at (0,0) size 785x2270
    RenderBody {BODY} at (8,16) size 769x2206 [bgcolor=#FFFFFF]
      RenderBlock {P} at (0,0) size 769x18
        RenderText {#text} at (0,0) size 165x17
          text run at (0,0) width 165: "This page is part of the "
        RenderInline {A} at (0,0) size 73x17 [color=#0000EE]
          RenderText {#text} at (165,0) size 73x17
            text run at (165,0) width 73: "CSS3.info"
        RenderText {#text} at (238,0) size 4x17
          text run at (238,0) width 4: " "
        RenderInline {A} at (0,0) size 131x17 [color=#0000EE]
          RenderText {#text} at (242,0) size 131x17
            text run at (242,0) width 131: "CSS selectors test"
        RenderText {#text} at (373,0) size 133x17
          text run at (373,0) width 133: ". See more info on "
        RenderInline {A} at (0,0) size 111x17 [color=#0000EE]
          RenderText {#text} at (506,0) size 111x17
            text run at (506,0) width 111: "CSS3 selectors"
        RenderText {#text} at (617,0) size 4x17
          text run at (617,0) width 4: "."
      RenderBlock {DIV} at (0,34) size 769x0 [bgcolor=#009900]
      RenderBlock {OL} at (0,34) size 769x2172
        RenderListItem {LI} at (40,0) size 616x243 [bgcolor=#AAAAAA]
          RenderBlock {DIV} at (16,16) size 584x24 [bgcolor=#990000]
            RenderBlock {DIV} at (0,0) size 584x24 [bgcolor=#009900]
          RenderBlock {PRE} at (16,53) size 584x106 [bgcolor=#FFFFFF]
            RenderListMarker at (-37,6) size 17x18: "1"
            RenderText {#text} at (6,8) size 137x92
              text run at (6,8) width 137: "div :last-child {"
              text run at (142,8) width 1: " "
              text run at (6,25) width 9: "}"
              text run at (14,25) width 1: " "
              text run at (6,40) width 1: " "
              text run at (6,55) width 41: "<div>"
              text run at (46,55) width 1: " "
              text run at (6,70) width 113: "   <div></div>"
              text run at (118,70) width 1: " "
              text run at (6,85) width 49: "</div>"
          RenderBlock {P} at (16,175) size 584x36
            RenderText {#text} at (0,0) size 572x35
              text run at (0,0) width 572: "The CSS selector should match the inner div element, because it is the only child"
              text run at (0,18) width 165: "of the outer div element"
        RenderListItem {LI} at (40,291) size 616x258 [bgcolor=#AAAAAA]
          RenderBlock {DIV} at (16,16) size 584x24 [bgcolor=#990000]
            RenderBlock {BLOCKQUOTE} at (0,0) size 584x0
            RenderBlock {DIV} at (0,0) size 584x24 [bgcolor=#009900]
          RenderBlock {PRE} at (16,53) size 584x121 [bgcolor=#FFFFFF]
            RenderListMarker at (-37,6) size 17x18: "2"
            RenderText {#text} at (6,8) size 225x107
              text run at (6,8) width 137: "div :last-child {"
              text run at (142,8) width 1: " "
              text run at (6,25) width 9: "}"
              text run at (14,25) width 1: " "
              text run at (6,40) width 1: " "
              text run at (6,55) width 49: "<div> "
              text run at (54,55) width 1: " "
              text run at (6,70) width 225: "   <blockquote></blockquote>"
              text run at (230,70) width 1: " "
              text run at (6,85) width 113: "   <div></div>"
              text run at (118,85) width 1: " "
              text run at (6,100) width 49: "</div>"
          RenderBlock {P} at (16,190) size 584x36
            RenderText {#text} at (0,0) size 567x35
              text run at (0,0) width 567: "The CSS selector should match the inner div element, because it is the last child"
              text run at (0,18) width 165: "of the outer div element"
        RenderListItem {LI} at (40,597) size 616x276 [bgcolor=#AAAAAA]
          RenderBlock {DIV} at (16,16) size 584x24 [bgcolor=#990000]
            RenderBlock {DIV} at (0,0) size 584x24 [bgcolor=#009900]
          RenderBlock {PRE} at (16,53) size 584x121 [bgcolor=#FFFFFF]
            RenderListMarker at (-37,6) size 17x18: "3"
            RenderText {#text} at (6,8) size 209x107
              text run at (6,8) width 137: "div :last-child {"
              text run at (142,8) width 1: " "
              text run at (6,25) width 9: "}"
              text run at (14,25) width 1: " "
              text run at (6,40) width 1: " "
              text run at (6,55) width 49: "<div> "
              text run at (54,55) width 1: " "
              text run at (6,70) width 113: "   <div></div>"
              text run at (118,70) width 1: " "
              text run at (6,85) width 209: "   <!-- Just a comment -->"
              text run at (214,85) width 1: " "
              text run at (6,100) width 49: "</div>"
          RenderBlock {P} at (16,190) size 584x54
            RenderText {#text} at (0,0) size 567x53
              text run at (0,0) width 567: "The CSS selector should match the inner div element, because it is the last child"
              text run at (0,18) width 169: "of the outer div element "
              text run at (169,18) width 358: "Comments are not elements, so they should not be"
              text run at (0,36) width 307: "considered when determining the last child."
        RenderListItem {LI} at (40,921) size 616x291 [bgcolor=#AAAAAA]
          RenderBlock {DIV} at (16,16) size 584x42 [bgcolor=#990000]
            RenderBlock {DIV} at (0,0) size 584x24 [bgcolor=#009900]
            RenderBlock (anonymous) at (0,24) size 584x18
              RenderListMarker at (-37,0) size 17x17: "4"
              RenderText {#text} at (0,0) size 4x17
                text run at (0,0) width 4: "."
          RenderBlock {PRE} at (16,71) size 584x118 [bgcolor=#FFFFFF]
            RenderText {#text} at (6,7) size 225x105
              text run at (6,7) width 137: "div :last-child {"
              text run at (142,7) width 1: " "
              text run at (6,22) width 9: "}"
              text run at (14,22) width 1: " "
              text run at (6,37) width 1: " "
              text run at (6,52) width 49: "<div> "
              text run at (54,52) width 1: " "
              text run at (6,67) width 113: "   <div></div>"
              text run at (118,67) width 1: " "
              text run at (6,82) width 225: "   How about regular text..."
              text run at (230,82) width 1: " "
              text run at (6,97) width 49: "</div>"
          RenderBlock {P} at (16,205) size 584x54
            RenderText {#text} at (0,0) size 567x53
              text run at (0,0) width 567: "The CSS selector should match the inner div element, because it is the last child"
              text run at (0,18) width 173: "of the outer div element. "
              text run at (173,18) width 348: "Regular text is not an element, so it should not be"
              text run at (0,36) width 307: "considered when determining the last child."
        RenderListItem {LI} at (40,1260) size 616x258 [bgcolor=#AAAAAA]
          RenderBlock {DIV} at (16,16) size 584x24 [bgcolor=#009900]
            RenderBlock {DIV} at (0,0) size 584x24
            RenderBlock {BLOCKQUOTE} at (0,24) size 584x0 [bgcolor=#990000]
          RenderBlock {PRE} at (16,53) size 584x121 [bgcolor=#FFFFFF]
            RenderListMarker at (-37,6) size 17x18: "5"
            RenderText {#text} at (6,8) size 225x107
              text run at (6,8) width 137: "div :last-child {"
              text run at (142,8) width 1: " "
              text run at (6,25) width 9: "}"
              text run at (14,25) width 1: " "
              text run at (6,40) width 1: " "
              text run at (6,55) width 49: "<div> "
              text run at (54,55) width 1: " "
              text run at (6,70) width 113: "   <div></div>"
              text run at (118,70) width 1: " "
              text run at (6,85) width 225: "   <blockquote></blockquote>"
              text run at (230,85) width 1: " "
              text run at (6,100) width 49: "</div>"
          RenderBlock {P} at (16,190) size 584x36
            RenderText {#text} at (0,0) size 555x35
              text run at (0,0) width 555: "The CSS selector should not match the inner div element, because it is the first"
              text run at (0,18) width 203: "child of the outer div element"
        RenderListItem {LI} at (40,1566) size 616x288 [bgcolor=#AAAAAA]
          RenderBlock {DIV} at (16,16) size 584x24 [bgcolor=#990000]
            RenderBlock {DIV} at (0,0) size 584x0
            RenderBlock {DIV} at (0,0) size 584x24 [bgcolor=#009900]
          RenderBlock {PRE} at (16,53) size 584x151 [bgcolor=#FFFFFF]
            RenderListMarker at (-37,6) size 17x18: "6"
            RenderText {#text} at (6,8) size 481x137
              text run at (6,8) width 137: "div :last-child {"
              text run at (142,8) width 1: " "
              text run at (6,25) width 9: "}"
              text run at (14,25) width 1: " "
              text run at (6,40) width 1: " "
              text run at (6,55) width 41: "<div>"
              text run at (46,55) width 1: " "
              text run at (6,70) width 249: "   <div id='insertAfter'></div>"
              text run at (254,70) width 1: " "
              text run at (6,85) width 49: "</div>"
              text run at (54,85) width 1: " "
              text run at (6,100) width 1: " "
              text run at (6,115) width 385: "var ib = document.getElementById('insertAfter');"
              text run at (390,115) width 1: " "
              text run at (6,130) width 481: "ib.parentElement.appendChild(document.createElement(\"div\"));"
          RenderBlock {P} at (16,220) size 584x36
            RenderText {#text} at (0,0) size 567x35
              text run at (0,0) width 567: "The CSS selector should match the div element that is inserted by the Javascript"
              text run at (0,18) width 39: "code."
        RenderListItem {LI} at (40,1902) size 616x270 [bgcolor=#AAAAAA]
          RenderBlock {DIV} at (16,16) size 584x24 [bgcolor=#009900]
            RenderBlock {DIV} at (0,0) size 584x24
            RenderBlock {DIV} at (0,24) size 584x0 [bgcolor=#990000]
          RenderBlock {PRE} at (16,53) size 584x151 [bgcolor=#FFFFFF]
            RenderListMarker at (-37,6) size 17x18: "7"
            RenderText {#text} at (6,8) size 481x137
              text run at (6,8) width 137: "div :last-child {"
              text run at (142,8) width 1: " "
              text run at (6,25) width 9: "}"
              text run at (14,25) width 1: " "
              text run at (6,40) width 1: " "
              text run at (6,55) width 41: "<div>"
              text run at (46,55) width 1: " "
              text run at (6,70) width 249: "   <div id='insertAfter'></div>"
              text run at (254,70) width 1: " "
              text run at (6,85) width 49: "</div>"
              text run at (54,85) width 1: " "
              text run at (6,100) width 1: " "
              text run at (6,115) width 385: "var ib = document.getElementById('insertAfter');"
              text run at (390,115) width 1: " "
              text run at (6,130) width 481: "ib.parentElement.appendChild(document.createElement(\"div\"));"
          RenderBlock {P} at (16,220) size 584x18
            RenderText {#text} at (0,0) size 515x17
              text run at (0,0) width 515: "The original div element should not be a match for the :last-child selector."
