layer at (0,0) size 800x600
  RenderView at (0,0) size 800x600
layer at (0,0) size 800x600
  RenderBlock (relative positioned) {HTML} at (0,0) size 800x600
    RenderBody {BODY} at (8,8) size 784x584
      RenderBlock (anonymous) at (0,0) size 784x18
        RenderText {#text} at (0,0) size 622x18
          text run at (0,0) width 622: "To reproduce this bug outside of DumpRenderTree, click the link below. If broken, we will crash. "
        RenderBR {BR} at (622,14) size 0x0
layer at (8,26) size 58x88
  RenderTable {TABLE} at (0,18) size 58x88
    RenderTableSection {TBODY} at (0,0) size 58x88
      RenderTableRow {TR} at (0,2) size 58x20
        RenderTableCell {TD} at (2,2) size 54x20 [r=0 c=0 rs=1 cs=1]
          RenderInline {A} at (0,0) size 24x18 [color=#0000EE]
            RenderText {#text} at (1,1) size 24x18
              text run at (1,1) width 24: "link"
      RenderTableRow {TR} at (0,24) size 58x62
        RenderTableCell {TD} at (2,24) size 54x62 [r=1 c=0 rs=1 cs=1]
layer at (11,51) size 52x60
  RenderTable {TABLE} at (1,1) size 52x60
    RenderTableSection {TBODY} at (0,0) size 52x60
      RenderTableRow {TR} at (0,2) size 52x56
        RenderTableCell {TD} at (2,2) size 48x56 [r=0 c=0 rs=1 cs=1]
          RenderText {#text} at (1,1) size 46x18
            text run at (1,1) width 46: "content"
          RenderBR {BR} at (47,15) size 0x0
          RenderText {#text} at (1,19) size 46x18
            text run at (1,19) width 46: "content"
          RenderBR {BR} at (47,33) size 0x0
          RenderText {#text} at (1,37) size 46x18
            text run at (1,37) width 46: "content"
          RenderBR {BR} at (47,51) size 0x0
caret: position 5 of child 0 {#text} of body
