layer at (0,0) size 800x600
  RenderView at (0,0) size 800x600
layer at (0,0) size 800x600
  RenderBlock {HTML} at (0,0) size 800x600
    RenderBody {BODY} at (8,8) size 784x584
      RenderBlock {DIV} at (0,0) size 784x10
        RenderText {#text} at (0,-1) size 225x12
          text run at (0,-1) width 225: "This should be fairly small text, rather than huge."
layer at (8,34) size 200x48
  RenderBlock (positioned) {DIV} at (8,34) size 200x48 [bgcolor=#FF0000]
    RenderText {#text} at (0,15) size 4x18
      text run at (0,15) width 4: " "
layer at (8,34) size 200x48
  RenderBlock (positioned) {SPAN} at (0,0) size 200x48 [bgcolor=#008000]
    RenderText {#text} at (0,15) size 177x18
      text run at (0,15) width 177: "There should be no red here"
