layer at (0,0) size 800x600
  RenderView at (0,0) size 800x600
layer at (0,0) size 800x82
  RenderBlock {HTML} at (0,0) size 800x82
    RenderBody {BODY} at (8,16) size 784x50
      RenderBlock {OL} at (0,0) size 784x50
        RenderListItem {LI} at (40,0) size 744x50
          RenderListMarker at (-20,16) size 16x18: "1"
          RenderText {#text} at (16,16) size 582x18
            text run at (16,16) width 582: "A single outline should only appear over the list element, and not over internal text elements."
