layer at (0,0) size 800x600
  RenderView at (0,0) size 800x600
layer at (0,0) size 800x198
  RenderBlock {HTML} at (0,0) size 800x198
    RenderBody {BODY} at (8,16) size 784x174
      RenderBlock {P} at (0,0) size 784x36
        RenderText {#text} at (0,0) size 751x36
          text run at (0,0) width 751: "The following two phrases should appear identical. The second line of text should overlap both the first line and the red"
          text run at (0,18) width 45: "border."
      RenderBlock {DIV} at (0,52) size 424x52 [border: (2px solid #FF0000)]
        RenderBlock {DIV} at (12,12) size 400x38
          RenderText {#text} at (0,-17) size 400x72
            text run at (0,-17) width 400: "Lorem ipsum dolor"
            text run at (0,2) width 168: "sit amet"
      RenderBlock (anonymous) at (0,104) size 784x18
        RenderBR {BR} at (0,0) size 0x18
      RenderBlock {DIV} at (0,122) size 424x52 [border: (2px solid #FF0000)]
        RenderBlock {DIV} at (12,12) size 400x38
          RenderText {#text} at (0,-17) size 400x72
            text run at (0,-17) width 400: "Lorem ipsum dolor"
            text run at (0,2) width 168: "sit amet"
