layer at (0,0) size 800x600
  RenderView at (0,0) size 800x600
layer at (0,0) size 800x600
  RenderBlock {HTML} at (0,0) size 800x600
    RenderBody {BODY} at (8,8) size 784x584
      RenderBlock (anonymous) at (0,0) size 784x18
        RenderText {#text} at (0,0) size 439x18
          text run at (0,0) width 224: "There should be only green below. "
          text run at (224,0) width 215: "If you see RED the test has failed."
      RenderBlock {DIV} at (0,18) size 784x16 [bgcolor=#008000]
      RenderBlock {DIV} at (0,34) size 784x16 [bgcolor=#008000]
      RenderBlock {DIV} at (0,50) size 784x16 [bgcolor=#008000]
      RenderBlock {DIV} at (0,66) size 784x16 [bgcolor=#008000]
      RenderBlock {DIV} at (0,82) size 784x16 [bgcolor=#008000]
      RenderBlock {DIV} at (0,98) size 784x16 [bgcolor=#008000]
      RenderBlock {DIV} at (0,114) size 784x16 [bgcolor=#008000]
      RenderBlock {DIV} at (0,130) size 784x16 [bgcolor=#008000]
      RenderBlock {DIV} at (0,146) size 784x16 [bgcolor=#008000]
      RenderBlock {DIV} at (0,162) size 784x16 [bgcolor=#008000]
      RenderBlock {DIV} at (0,178) size 784x16 [bgcolor=#008000]
      RenderBlock {DIV} at (0,194) size 784x16 [bgcolor=#008000]
      RenderBlock {DIV} at (0,210) size 784x16 [bgcolor=#008000]
      RenderBlock {DIV} at (0,226) size 784x16 [bgcolor=#008000]
      RenderBlock {DIV} at (0,242) size 784x16 [bgcolor=#008000]
      RenderBlock {DIV} at (0,258) size 784x16 [bgcolor=#008000]
      RenderBlock {DIV} at (0,274) size 784x16 [bgcolor=#008000]
      RenderBlock {DIV} at (0,290) size 784x16 [bgcolor=#008000]
      RenderBlock {DIV} at (0,306) size 784x16 [bgcolor=#008000]
      RenderBlock {DIV} at (0,322) size 784x16 [bgcolor=#008000]
      RenderBlock {DIV} at (0,338) size 784x16 [bgcolor=#008000]
