layer at (0,0) size 800x600
  RenderView at (0,0) size 800x600
layer at (0,0) size 800x268
  RenderBlock {HTML} at (0,0) size 800x268
    RenderBody {BODY} at (8,16) size 784x244
      RenderBlock {P} at (0,0) size 784x36
        RenderText {#text} at (0,0) size 783x36
          text run at (0,0) width 783: "Test passes if each of the orange boxes is sandwiched between two blue boxes and two groups of blue and orange boxes are"
          text run at (0,18) width 163: "inside the big yellow box "
          text run at (163,18) width 227: "and the remaining group is below it."
layer at (8,68) size 192x192
  RenderBlock (relative positioned) {DIV} at (0,52) size 192x192 [bgcolor=#FFFF00]
    RenderBlock (anonymous) at (0,0) size 192x18
      RenderInline {DIV} at (0,0) size 66x18 [bgcolor=#0000FF]
        RenderText {#text} at (0,0) size 66x18
          text run at (0,0) width 66: "Filler Text"
    RenderBlock (anonymous) at (0,18) size 192x18
      RenderBlock {DIV} at (0,0) size 192x18 [bgcolor=#FFA500]
        RenderText {#text} at (0,0) size 66x18
          text run at (0,0) width 66: "Filler Text"
    RenderBlock (anonymous) at (0,36) size 192x18
      RenderInline {DIV} at (0,0) size 66x18 [bgcolor=#0000FF]
    RenderBlock (anonymous) at (0,72) size 192x18
      RenderInline {DIV} at (0,0) size 66x18 [bgcolor=#0000FF]
        RenderText {#text} at (0,0) size 0x0
    RenderBlock (anonymous) at (0,90) size 192x18
      RenderBlock {DIV} at (0,0) size 192x18 [bgcolor=#FFA500]
        RenderText {#text} at (0,0) size 66x18
          text run at (0,0) width 66: "Filler Text"
    RenderBlock (anonymous) at (0,108) size 192x18
      RenderInline {DIV} at (0,0) size 66x18 [bgcolor=#0000FF]
        RenderText {#text} at (0,0) size 66x18
          text run at (0,0) width 66: "Filler Text"
      RenderText {#text} at (0,0) size 0x0
layer at (8,296) size 66x18
  RenderInline (relative positioned) {DIV} at (0,0) size 66x18
    RenderText {#text} at (0,0) size 66x18
      text run at (0,0) width 66: "Filler Text"
layer at (8,314) size 192x18
  RenderBlock (anonymous) at (0,54) size 192x18
    RenderBlock {DIV} at (0,0) size 192x18 [bgcolor=#FFA500]
      RenderText {#text} at (0,0) size 66x18
        text run at (0,0) width 66: "Filler Text"
layer at (8,332) size 66x18
  RenderInline (relative positioned) {DIV} at (0,0) size 66x18
    RenderText {#text} at (0,0) size 66x18
      text run at (0,0) width 66: "Filler Text"
