layer at (0,0) size 800x600
  RenderView at (0,0) size 800x600
layer at (0,0) size 800x94
  RenderBlock {HTML} at (0,0) size 800x94
    RenderBody {BODY} at (8,16) size 784x70
      RenderBlock {P} at (0,0) size 784x18
        RenderText {#text} at (0,0) size 567x18
          text run at (0,0) width 567: "Test passes if the orange box sits atop the blue box and both are in the top left of the view."
      RenderBlock (anonymous) at (0,34) size 784x0
        RenderInline {SPAN} at (0,0) size 0x0 [bgcolor=#0000FF]
          RenderText {#text} at (0,0) size 0x0
          RenderInline {I} at (0,0) size 0x0
            RenderText {#text} at (0,0) size 0x0
      RenderBlock (anonymous) at (0,34) size 784x18
        RenderBlock {DIV} at (0,0) size 192x18 [bgcolor=#FFA500]
          RenderText {#text} at (0,0) size 66x18
            text run at (0,0) width 66: "Filler Text"
      RenderBlock (anonymous) at (0,52) size 784x18
        RenderInline {SPAN} at (0,0) size 66x18 [bgcolor=#0000FF]
          RenderInline {I} at (0,0) size 66x18
            RenderText {#text} at (0,0) size 66x18
              text run at (0,0) width 66: "Filler Text"
          RenderText {#text} at (0,0) size 0x0
        RenderText {#text} at (0,0) size 0x0
