layer at (0,0) size 800x600
  RenderView at (0,0) size 800x600
layer at (0,0) size 800x94
  RenderBlock {HTML} at (0,0) size 800x94
    RenderBody {BODY} at (8,16) size 784x70
      RenderBlock {P} at (0,0) size 784x18
        RenderText {#text} at (0,0) size 561x18
          text run at (0,0) width 561: "Test passes if the blue box sits atop the orange box and both are in the center of the view."
      RenderBlock {DIV} at (0,34) size 192x36 [bgcolor=#FF0000]
        RenderBlock (anonymous) at (0,0) size 192x18
        RenderBlock (anonymous) at (0,36) size 192x0
          RenderText {#text} at (0,0) size 0x0
layer at (200,242) size 74x18
  RenderInline (relative positioned) {SPAN} at (0,0) size 74x18 [bgcolor=#0000FF]
    RenderText {#text} at (0,0) size 74x18
      text run at (0,0) width 74: "Filler Text1"
layer at (200,260) size 192x18
  RenderBlock (anonymous) at (0,18) size 192x18
    RenderBlock {DIV} at (0,0) size 192x18 [bgcolor=#FFA500]
      RenderText {#text} at (0,0) size 66x18
        text run at (0,0) width 66: "Filler Text"
