layer at (0,0) size 800x600
  RenderView at (0,0) size 800x600
layer at (0,0) size 800x250
  RenderBlock {HTML} at (0,0) size 800x250
    RenderBody {BODY} at (8,16) size 784x226
      RenderBlock {P} at (0,0) size 784x18
        RenderText {#text} at (0,0) size 723x18
          text run at (0,0) width 723: "Test passes if each orange box is between two blue boxes and all orange and blue boxes are below the yellow box."
layer at (8,50) size 192x192
  RenderBlock (relative positioned) {DIV} at (0,34) size 192x192 [bgcolor=#FFFF00]
    RenderBlock (anonymous) at (0,0) size 192x18
    RenderBlock (anonymous) at (0,36) size 192x18
    RenderBlock (anonymous) at (0,72) size 192x18
    RenderBlock (anonymous) at (0,108) size 192x18
      RenderText {#text} at (0,0) size 0x0
layer at (8,242) size 66x18
  RenderInline (relative positioned) {DIV} at (0,0) size 66x18 [bgcolor=#0000FF]
    RenderText {#text} at (0,0) size 66x18
      text run at (0,0) width 66: "Filler Text"
layer at (8,260) size 192x18
  RenderBlock (anonymous) at (0,18) size 192x18
    RenderBlock {DIV} at (0,0) size 192x18 [bgcolor=#FFA500]
      RenderText {#text} at (0,0) size 66x18
        text run at (0,0) width 66: "Filler Text"
layer at (8,278) size 66x18
  RenderInline (relative positioned) {DIV} at (0,0) size 66x18 [bgcolor=#0000FF]
layer at (8,470) size 66x18
  RenderInline (relative positioned) {DIV} at (0,0) size 66x18
    RenderText {#text} at (0,0) size 66x18
      text run at (0,0) width 66: "Filler Text"
layer at (8,488) size 192x18
  RenderBlock (anonymous) at (0,54) size 192x18
    RenderBlock {DIV} at (0,0) size 192x18 [bgcolor=#FFA500]
      RenderText {#text} at (0,0) size 66x18
        text run at (0,0) width 66: "Filler Text"
layer at (8,314) size 66x18
  RenderInline (relative positioned) {DIV} at (0,0) size 66x18 [bgcolor=#0000FF]
    RenderText {#text} at (0,0) size 0x0
layer at (8,506) size 66x18
  RenderInline (relative positioned) {DIV} at (0,0) size 66x18
    RenderText {#text} at (0,0) size 66x18
      text run at (0,0) width 66: "Filler Text"
layer at (8,332) size 192x18
  RenderBlock (anonymous) at (0,90) size 192x18
    RenderBlock {DIV} at (0,0) size 192x18 [bgcolor=#FFA500]
      RenderText {#text} at (0,0) size 66x18
        text run at (0,0) width 66: "Filler Text"
layer at (8,350) size 66x18
  RenderInline (relative positioned) {DIV} at (0,0) size 66x18 [bgcolor=#0000FF]
    RenderText {#text} at (0,0) size 66x18
      text run at (0,0) width 66: "Filler Text"
