layer at (0,0) size 800x600
  RenderView at (0,0) size 800x600
layer at (0,0) size 800x600
  RenderBlock {HTML} at (0,0) size 800x600
    RenderBody {BODY} at (8,8) size 784x576
      RenderBlock {P} at (0,0) size 784x18
        RenderText {#text} at (0,0) size 52x18
          text run at (0,0) width 52: "Bullets: "
        RenderInline {SPAN} at (0,0) size 18x18
          RenderText {#text} at (52,0) size 18x18
            text run at (52,0) width 18: "\x{2022}\x{2022}\x{2022}"
        RenderText {#text} at (70,0) size 4x18
          text run at (70,0) width 4: "."
      RenderBlock {P} at (0,34) size 784x19
        RenderText {#text} at (0,1) size 58x18
          text run at (0,1) width 58: "Squares: "
        RenderInline {SPAN} at (0,0) size 27x18
          RenderText {#text} at (58,1) size 27x18
            text run at (58,1) width 27: "\x{25A0}\x{25A0}\x{25A0}"
        RenderText {#text} at (84,1) size 5x18
          text run at (84,1) width 5: "."
      RenderBlock {P} at (0,69) size 784x19
        RenderText {#text} at (0,1) size 52x18
          text run at (0,1) width 52: "Circles: "
        RenderInline {SPAN} at (0,0) size 28x18
          RenderText {#text} at (52,1) size 28x18
            text run at (52,1) width 28: "\x{25E6}\x{25E6}\x{25E6}"
        RenderText {#text} at (79,1) size 5x18
          text run at (79,1) width 5: "."
      RenderBlock {P} at (0,104) size 784x18
        RenderText {#text} at (0,0) size 81x18
          text run at (0,0) width 81: "Plain letters: "
        RenderInline {SPAN} at (0,0) size 24x18
          RenderText {#text} at (81,0) size 24x18
            text run at (81,0) width 24: "xxx"
        RenderText {#text} at (105,0) size 4x18
          text run at (105,0) width 4: "."
      RenderBlock {P} at (0,138) size 784x18
        RenderText {#text} at (0,0) size 109x18
          text run at (0,0) width 109: "Bullets (invalid): "
        RenderInline {SPAN} at (0,0) size 18x18
          RenderText {#text} at (109,0) size 18x18
            text run at (109,0) width 18: "\x{2022}\x{2022}\x{2022}"
        RenderText {#text} at (127,0) size 4x18
          text run at (127,0) width 4: "."
      RenderBlock {P} at (0,172) size 784x18
        RenderText {#text} at (0,0) size 120x18
          text run at (0,0) width 120: "Bullets (dynamic): "
        RenderInline {SPAN} at (0,0) size 18x18
          RenderText {#text} at (120,0) size 18x18
            text run at (120,0) width 18: "\x{2022}\x{2022}\x{2022}"
        RenderText {#text} at (138,0) size 4x18
          text run at (138,0) width 4: "."
