layer at (0,0) size 800x600
  RenderView at (0,0) size 800x600
layer at (0,0) size 800x202
  RenderBlock {HTML} at (0,0) size 800x202
    RenderBody {BODY} at (8,16) size 784x178
      RenderBlock {P} at (0,0) size 784x18
        RenderText {#text} at (0,0) size 381x18
          text run at (0,0) width 381: "You should not see any pixel artifacts around the reflections."
      RenderBlock (anonymous) at (0,34) size 784x144
        RenderText {#text} at (140,126) size 4x18
          text run at (140,126) width 4: " "
        RenderText {#text} at (284,126) size 4x18
          text run at (284,126) width 4: " "
        RenderText {#text} at (0,0) size 0x0
layer at (28,70) size 100x100
  RenderBlock {DIV} at (20,20) size 100x100 [bgcolor=#000000]
layer at (172,70) size 100x100
  RenderBlock {DIV} at (164,20) size 100x100 [bgcolor=#000000]
layer at (316,70) size 100x100
  RenderBlock {DIV} at (308,20) size 100x100 [bgcolor=#000000]
