layer at (0,0) size 800x600
  RenderView at (0,0) size 800x600
layer at (0,0) size 800x600
  RenderBlock {HTML} at (0,0) size 800x600
    RenderBody {BODY} at (0,0) size 800x600
      RenderInline {A} at (0,0) size 300x18
        RenderImage {IMG} at (0,0) size 300x300
      RenderText {#text} at (300,286) size 4x18
        text run at (300,286) width 4: " "
      RenderText {#text} at (304,286) size 444x18
        text run at (304,286) width 349: "The element at position (100, 100) should be the body. "
        text run at (653,286) width 95: "Result: BODY"
