layer at (0,0) size 2066x2404
  RenderView at (0,0) size 785x585
layer at (0,0) size 785x2404
  RenderBlock {HTML} at (0,0) size 785x2405
    RenderBody {BODY} at (8,8) size 769x2389
      RenderBlock {H2} at (0,0) size 769x28
        RenderText {#text} at (0,0) size 138x28
          text run at (0,0) width 138: "word-spacing"
      RenderBlock (floating) {PRE} at (0,60) size 1004x169
        RenderBlock {H3} at (0,15) size 1004x18
          RenderText {#text} at (0,0) size 204x17
            text run at (0,0) width 204: "In a floated pre"
        RenderBlock (anonymous) at (0,47) size 1004x121
          RenderText {#text} at (0,0) size 260x30
            text run at (0,0) width 0: " "
            text run at (0,15) width 260: "Word   spacing test "
          RenderInline {EM} at (0,0) size 24x15
            RenderText {#text} at (260,15) size 24x15
              text run at (260,15) width 24: "for"
          RenderText {#text} at (304,15) size 8x15
            text run at (304,15) width 8: " "
          RenderInline {STRONG} at (0,0) size 64x15
            RenderText {#text} at (312,15) size 64x15
              text run at (312,15) width 64: "elements"
          RenderText {#text} at (396,15) size 8x15
            text run at (396,15) width 8: " "
          RenderInline {TT} at (0,0) size 48x15
            RenderText {#text} at (404,15) size 48x15
              text run at (404,15) width 48: "within"
          RenderText {#text} at (472,15) size 624x30
            text run at (472,15) width 132: " elements too."
            text run at (624,15) width 0: " "
            text run at (0,30) width 260: "Word   spacing test "
          RenderInline {EM} at (0,0) size 24x15
            RenderText {#text} at (260,30) size 24x15
              text run at (260,30) width 24: "for"
          RenderText {#text} at (304,30) size 8x15
            text run at (304,30) width 8: " "
          RenderInline {STRONG} at (0,0) size 64x15
            RenderText {#text} at (312,30) size 64x15
              text run at (312,30) width 64: "elements"
          RenderText {#text} at (396,30) size 8x15
            text run at (396,30) width 8: " "
          RenderInline {TT} at (0,0) size 48x15
            RenderText {#text} at (404,30) size 48x15
              text run at (404,30) width 48: "within"
          RenderText {#text} at (472,30) size 100x15
            text run at (472,30) width 100: " elements "
          RenderText {#text} at (572,30) size 1072x30
            text run at (572,30) width 480: " too. (with comment between elements and too)"
            text run at (1072,30) width 0: " "
            text run at (0,45) width 260: "Word   spacing test "
          RenderInline {EM} at (0,0) size 24x15
            RenderText {#text} at (260,45) size 24x15
              text run at (260,45) width 24: "for"
          RenderText {#text} at (304,45) size 8x15
            text run at (304,45) width 8: " "
          RenderInline {STRONG} at (0,0) size 64x15
            RenderText {#text} at (312,45) size 64x15
              text run at (312,45) width 64: "elements"
          RenderText {#text} at (396,45) size 8x15
            text run at (396,45) width 8: " "
          RenderInline {TT} at (0,0) size 48x15
            RenderText {#text} at (404,45) size 48x15
              text run at (404,45) width 48: "within"
          RenderText {#text} at (472,45) size 72x15
            text run at (472,45) width 72: " elements"
          RenderText {#text} at (564,45) size 1300x30
            text run at (564,45) width 716: " too. (with comment (no preceeding space) between elements and too)"
            text run at (1300,45) width 0: " "
            text run at (0,60) width 260: "Word   spacing test "
          RenderInline {EM} at (0,0) size 24x15
            RenderText {#text} at (260,60) size 24x15
              text run at (260,60) width 24: "for"
          RenderText {#text} at (304,60) size 8x15
            text run at (304,60) width 8: " "
          RenderInline {STRONG} at (0,0) size 64x15
            RenderText {#text} at (312,60) size 64x15
              text run at (312,60) width 64: "elements"
          RenderText {#text} at (396,60) size 8x15
            text run at (396,60) width 8: " "
          RenderInline {TT} at (0,0) size 48x15
            RenderText {#text} at (404,60) size 48x15
              text run at (404,60) width 48: "within"
          RenderText {#text} at (472,60) size 100x15
            text run at (472,60) width 100: " elements "
          RenderText {#text} at (572,60) size 712x15
            text run at (572,60) width 692: "too. (with comment (no trailing space) between elements and too)"
            text run at (1284,60) width 0: " "
          RenderInline {SPAN} at (0,0) size 376x15
            RenderText {#text} at (0,75) size 260x15
              text run at (0,75) width 260: "Word   spacing test "
            RenderInline {EM} at (0,0) size 24x15
              RenderText {#text} at (260,75) size 24x15
                text run at (260,75) width 24: "for"
            RenderText {#text} at (304,75) size 8x15
              text run at (304,75) width 8: " "
            RenderInline {STRONG} at (0,0) size 64x15
              RenderText {#text} at (312,75) size 64x15
                text run at (312,75) width 64: "elements"
          RenderText {#text} at (396,75) size 8x15
            text run at (396,75) width 8: " "
          RenderInline {TT} at (0,0) size 48x15
            RenderText {#text} at (404,75) size 48x15
              text run at (404,75) width 48: "within"
          RenderText {#text} at (472,75) size 1116x30
            text run at (472,75) width 624: " elements too. (with monospace font from Word to elements)"
            text run at (1116,75) width 0: " "
            text run at (0,90) width 260: "Word   spacing test "
          RenderInline {SPAN} at (0,0) size 192x15
            RenderInline {EM} at (0,0) size 24x15
              RenderText {#text} at (260,90) size 24x15
                text run at (260,90) width 24: "for"
            RenderText {#text} at (304,90) size 8x15
              text run at (304,90) width 8: " "
            RenderInline {STRONG} at (0,0) size 64x15
              RenderText {#text} at (312,90) size 64x15
                text run at (312,90) width 64: "elements"
            RenderText {#text} at (396,90) size 8x15
              text run at (396,90) width 8: " "
            RenderInline {TT} at (0,0) size 48x15
              RenderText {#text} at (404,90) size 48x15
                text run at (404,90) width 48: "within"
          RenderText {#text} at (472,90) size 1092x30
            text run at (472,90) width 600: " elements too. (with monospace font from for to within)"
            text run at (1092,90) width 0: " "
            text run at (0,105) width 260: "Word   spacing test "
          RenderInline {EM} at (0,0) size 24x15
            RenderText {#text} at (260,105) size 24x15
              text run at (260,105) width 24: "for"
          RenderText {#text} at (304,105) size 8x15
            text run at (304,105) width 8: " "
          RenderInline {STRONG} at (0,0) size 64x15
            RenderText {#text} at (312,105) size 64x15
              text run at (312,105) width 64: "elements"
          RenderText {#text} at (396,105) size 8x15
            text run at (396,105) width 8: " "
          RenderInline {SPAN} at (0,0) size 192x15
            RenderInline {TT} at (0,0) size 48x15
              RenderText {#text} at (404,105) size 48x15
                text run at (404,105) width 48: "within"
            RenderText {#text} at (472,105) size 124x15
              text run at (472,105) width 124: " elements too"
          RenderText {#text} at (596,105) size 512x15
            text run at (596,105) width 492: ". (with monospace font from elements to too)"
            text run at (1108,105) width 0: " "
      RenderBlock (anonymous) at (0,47) size 769x195
        RenderBR {BR} at (1004,0) size 0x18
      RenderBlock {PRE} at (0,256) size 769x153
        RenderBlock {H3} at (0,0) size 769x17
          RenderText {#text} at (0,0) size 240x17
            text run at (0,0) width 240: "In an un-floated pre"
        RenderBlock (anonymous) at (0,32) size 769x121
          RenderText {#text} at (0,0) size 260x30
            text run at (0,0) width 0: " "
            text run at (0,15) width 260: "Word   spacing test "
          RenderInline {EM} at (0,0) size 24x15
            RenderText {#text} at (260,15) size 24x15
              text run at (260,15) width 24: "for"
          RenderText {#text} at (304,15) size 8x15
            text run at (304,15) width 8: " "
          RenderInline {STRONG} at (0,0) size 64x15
            RenderText {#text} at (312,15) size 64x15
              text run at (312,15) width 64: "elements"
          RenderText {#text} at (396,15) size 8x15
            text run at (396,15) width 8: " "
          RenderInline {TT} at (0,0) size 48x15
            RenderText {#text} at (404,15) size 48x15
              text run at (404,15) width 48: "within"
          RenderText {#text} at (472,15) size 624x30
            text run at (472,15) width 132: " elements too."
            text run at (624,15) width 0: " "
            text run at (0,30) width 260: "Word   spacing test "
          RenderInline {EM} at (0,0) size 24x15
            RenderText {#text} at (260,30) size 24x15
              text run at (260,30) width 24: "for"
          RenderText {#text} at (304,30) size 8x15
            text run at (304,30) width 8: " "
          RenderInline {STRONG} at (0,0) size 64x15
            RenderText {#text} at (312,30) size 64x15
              text run at (312,30) width 64: "elements"
          RenderText {#text} at (396,30) size 8x15
            text run at (396,30) width 8: " "
          RenderInline {TT} at (0,0) size 48x15
            RenderText {#text} at (404,30) size 48x15
              text run at (404,30) width 48: "within"
          RenderText {#text} at (472,30) size 100x15
            text run at (472,30) width 100: " elements "
          RenderText {#text} at (572,30) size 1072x30
            text run at (572,30) width 480: " too. (with comment between elements and too)"
            text run at (1072,30) width 0: " "
            text run at (0,45) width 260: "Word   spacing test "
          RenderInline {EM} at (0,0) size 24x15
            RenderText {#text} at (260,45) size 24x15
              text run at (260,45) width 24: "for"
          RenderText {#text} at (304,45) size 8x15
            text run at (304,45) width 8: " "
          RenderInline {STRONG} at (0,0) size 64x15
            RenderText {#text} at (312,45) size 64x15
              text run at (312,45) width 64: "elements"
          RenderText {#text} at (396,45) size 8x15
            text run at (396,45) width 8: " "
          RenderInline {TT} at (0,0) size 48x15
            RenderText {#text} at (404,45) size 48x15
              text run at (404,45) width 48: "within"
          RenderText {#text} at (472,45) size 72x15
            text run at (472,45) width 72: " elements"
          RenderText {#text} at (564,45) size 1300x30
            text run at (564,45) width 716: " too. (with comment (no preceeding space) between elements and too)"
            text run at (1300,45) width 0: " "
            text run at (0,60) width 260: "Word   spacing test "
          RenderInline {EM} at (0,0) size 24x15
            RenderText {#text} at (260,60) size 24x15
              text run at (260,60) width 24: "for"
          RenderText {#text} at (304,60) size 8x15
            text run at (304,60) width 8: " "
          RenderInline {STRONG} at (0,0) size 64x15
            RenderText {#text} at (312,60) size 64x15
              text run at (312,60) width 64: "elements"
          RenderText {#text} at (396,60) size 8x15
            text run at (396,60) width 8: " "
          RenderInline {TT} at (0,0) size 48x15
            RenderText {#text} at (404,60) size 48x15
              text run at (404,60) width 48: "within"
          RenderText {#text} at (472,60) size 100x15
            text run at (472,60) width 100: " elements "
          RenderText {#text} at (572,60) size 712x15
            text run at (572,60) width 692: "too. (with comment (no trailing space) between elements and too)"
            text run at (1284,60) width 0: " "
          RenderInline {SPAN} at (0,0) size 376x15
            RenderText {#text} at (0,75) size 260x15
              text run at (0,75) width 260: "Word   spacing test "
            RenderInline {EM} at (0,0) size 24x15
              RenderText {#text} at (260,75) size 24x15
                text run at (260,75) width 24: "for"
            RenderText {#text} at (304,75) size 8x15
              text run at (304,75) width 8: " "
            RenderInline {STRONG} at (0,0) size 64x15
              RenderText {#text} at (312,75) size 64x15
                text run at (312,75) width 64: "elements"
          RenderText {#text} at (396,75) size 8x15
            text run at (396,75) width 8: " "
          RenderInline {TT} at (0,0) size 48x15
            RenderText {#text} at (404,75) size 48x15
              text run at (404,75) width 48: "within"
          RenderText {#text} at (472,75) size 1116x30
            text run at (472,75) width 624: " elements too. (with monospace font from Word to elements)"
            text run at (1116,75) width 0: " "
            text run at (0,90) width 260: "Word   spacing test "
          RenderInline {SPAN} at (0,0) size 192x15
            RenderInline {EM} at (0,0) size 24x15
              RenderText {#text} at (260,90) size 24x15
                text run at (260,90) width 24: "for"
            RenderText {#text} at (304,90) size 8x15
              text run at (304,90) width 8: " "
            RenderInline {STRONG} at (0,0) size 64x15
              RenderText {#text} at (312,90) size 64x15
                text run at (312,90) width 64: "elements"
            RenderText {#text} at (396,90) size 8x15
              text run at (396,90) width 8: " "
            RenderInline {TT} at (0,0) size 48x15
              RenderText {#text} at (404,90) size 48x15
                text run at (404,90) width 48: "within"
          RenderText {#text} at (472,90) size 1092x30
            text run at (472,90) width 600: " elements too. (with monospace font from for to within)"
            text run at (1092,90) width 0: " "
            text run at (0,105) width 260: "Word   spacing test "
          RenderInline {EM} at (0,0) size 24x15
            RenderText {#text} at (260,105) size 24x15
              text run at (260,105) width 24: "for"
          RenderText {#text} at (304,105) size 8x15
            text run at (304,105) width 8: " "
          RenderInline {STRONG} at (0,0) size 64x15
            RenderText {#text} at (312,105) size 64x15
              text run at (312,105) width 64: "elements"
          RenderText {#text} at (396,105) size 8x15
            text run at (396,105) width 8: " "
          RenderInline {SPAN} at (0,0) size 192x15
            RenderInline {TT} at (0,0) size 48x15
              RenderText {#text} at (404,105) size 48x15
                text run at (404,105) width 48: "within"
            RenderText {#text} at (472,105) size 124x15
              text run at (472,105) width 124: " elements too"
          RenderText {#text} at (596,105) size 512x15
            text run at (596,105) width 492: ". (with monospace font from elements to too)"
            text run at (1108,105) width 0: " "
      RenderBlock (anonymous) at (0,421) size 769x0
        RenderInline {SPAN} at (0,0) size 0x0
          RenderText {#text} at (0,0) size 0x0
      RenderBlock (anonymous) at (0,427) size 769x23
        RenderBlock {H3} at (0,0) size 769x22
          RenderText {#text} at (0,0) size 117x22
            text run at (0,0) width 117: "In a span"
      RenderBlock (anonymous) at (0,468) size 769x271
        RenderInline {SPAN} at (0,0) size 753x234
          RenderText {#text} at (0,0) size 177x18
            text run at (0,0) width 60: "Word "
            text run at (60,0) width 117: "spacing test "
          RenderInline {EM} at (0,0) size 18x18
            RenderText {#text} at (177,0) size 18x18
              text run at (177,0) width 18: "for"
          RenderText {#text} at (215,0) size 4x18
            text run at (215,0) width 4: " "
          RenderInline {STRONG} at (0,0) size 58x18
            RenderText {#text} at (219,0) size 58x18
              text run at (219,0) width 58: "elements"
          RenderText {#text} at (297,0) size 4x18
            text run at (297,0) width 4: " "
          RenderInline {TT} at (0,0) size 48x15
            RenderText {#text} at (301,2) size 48x15
              text run at (301,2) width 48: "within"
          RenderText {#text} at (369,0) size 107x18
            text run at (369,0) width 107: " elements too."
          RenderBR {BR} at (476,14) size 0x0
          RenderText {#text} at (0,18) size 177x18
            text run at (0,18) width 60: "Word "
            text run at (60,18) width 117: "spacing test "
          RenderInline {EM} at (0,0) size 18x18
            RenderText {#text} at (177,18) size 18x18
              text run at (177,18) width 18: "for"
          RenderText {#text} at (215,18) size 4x18
            text run at (215,18) width 4: " "
          RenderInline {STRONG} at (0,0) size 58x18
            RenderText {#text} at (219,18) size 58x18
              text run at (219,18) width 58: "elements"
          RenderText {#text} at (297,18) size 4x18
            text run at (297,18) width 4: " "
          RenderInline {TT} at (0,0) size 48x15
            RenderText {#text} at (301,20) size 48x15
              text run at (301,20) width 48: "within"
          RenderText {#text} at (369,18) size 83x18
            text run at (369,18) width 83: " elements "
          RenderText {#text} at (452,18) size 692x36
            text run at (452,18) width 240: "too. (with comment between"
            text run at (0,36) width 151: "elements and too)"
          RenderBR {BR} at (151,50) size 0x0
          RenderText {#text} at (0,54) size 177x18
            text run at (0,54) width 60: "Word "
            text run at (60,54) width 117: "spacing test "
          RenderInline {EM} at (0,0) size 18x18
            RenderText {#text} at (177,54) size 18x18
              text run at (177,54) width 18: "for"
          RenderText {#text} at (215,54) size 4x18
            text run at (215,54) width 4: " "
          RenderInline {STRONG} at (0,0) size 58x18
            RenderText {#text} at (219,54) size 58x18
              text run at (219,54) width 58: "elements"
          RenderText {#text} at (297,54) size 4x18
            text run at (297,54) width 4: " "
          RenderInline {TT} at (0,0) size 48x15
            RenderText {#text} at (301,56) size 48x15
              text run at (301,56) width 48: "within"
          RenderText {#text} at (369,54) size 59x18
            text run at (369,54) width 59: " elements"
          RenderText {#text} at (448,54) size 753x36
            text run at (448,54) width 305: " too. (with comment (no preceeding"
            text run at (0,72) width 292: "space) between elements and too)"
          RenderBR {BR} at (292,86) size 0x0
          RenderText {#text} at (0,90) size 177x18
            text run at (0,90) width 60: "Word "
            text run at (60,90) width 117: "spacing test "
          RenderInline {EM} at (0,0) size 18x18
            RenderText {#text} at (177,90) size 18x18
              text run at (177,90) width 18: "for"
          RenderText {#text} at (215,90) size 4x18
            text run at (215,90) width 4: " "
          RenderInline {STRONG} at (0,0) size 58x18
            RenderText {#text} at (219,90) size 58x18
              text run at (219,90) width 58: "elements"
          RenderText {#text} at (297,90) size 4x18
            text run at (297,90) width 4: " "
          RenderInline {TT} at (0,0) size 48x15
            RenderText {#text} at (301,92) size 48x15
              text run at (301,92) width 48: "within"
          RenderText {#text} at (369,90) size 83x18
            text run at (369,90) width 83: " elements "
          RenderText {#text} at (452,90) size 728x36
            text run at (452,90) width 276: "too. (with comment (no trailing"
            text run at (0,108) width 292: "space) between elements and too)"
          RenderBR {BR} at (292,122) size 0x0
          RenderInline {SPAN} at (0,0) size 320x15
            RenderText {#text} at (0,128) size 204x15
              text run at (0,128) width 60: "Word "
              text run at (60,128) width 144: "spacing test "
            RenderInline {EM} at (0,0) size 24x15
              RenderText {#text} at (204,128) size 24x15
                text run at (204,128) width 24: "for"
            RenderText {#text} at (248,128) size 8x15
              text run at (248,128) width 8: " "
            RenderInline {STRONG} at (0,0) size 64x15
              RenderText {#text} at (256,128) size 64x15
                text run at (256,128) width 64: "elements"
          RenderText {#text} at (340,126) size 4x18
            text run at (340,126) width 4: " "
          RenderInline {TT} at (0,0) size 48x15
            RenderText {#text} at (344,128) size 48x15
              text run at (344,128) width 48: "within"
          RenderText {#text} at (412,126) size 720x36
            text run at (412,126) width 308: " elements too. (with monospace font"
            text run at (0,144) width 210: "from Word to elements)"
          RenderBR {BR} at (210,158) size 0x0
          RenderText {#text} at (0,162) size 177x18
            text run at (0,162) width 60: "Word "
            text run at (60,162) width 117: "spacing test "
          RenderInline {SPAN} at (0,0) size 192x15
            RenderInline {EM} at (0,0) size 24x15
              RenderText {#text} at (177,164) size 24x15
                text run at (177,164) width 24: "for"
            RenderText {#text} at (221,164) size 8x15
              text run at (221,164) width 8: " "
            RenderInline {STRONG} at (0,0) size 64x15
              RenderText {#text} at (229,164) size 64x15
                text run at (229,164) width 64: "elements"
            RenderText {#text} at (313,164) size 8x15
              text run at (313,164) width 8: " "
            RenderInline {TT} at (0,0) size 48x15
              RenderText {#text} at (321,164) size 48x15
                text run at (321,164) width 48: "within"
          RenderText {#text} at (389,162) size 751x36
            text run at (389,162) width 362: " elements too. (with monospace font from"
            text run at (0,180) width 123: "for to within)"
          RenderBR {BR} at (123,194) size 0x0
          RenderText {#text} at (0,198) size 177x18
            text run at (0,198) width 60: "Word "
            text run at (60,198) width 117: "spacing test "
          RenderInline {EM} at (0,0) size 18x18
            RenderText {#text} at (177,198) size 18x18
              text run at (177,198) width 18: "for"
          RenderText {#text} at (215,198) size 4x18
            text run at (215,198) width 4: " "
          RenderInline {STRONG} at (0,0) size 58x18
            RenderText {#text} at (219,198) size 58x18
              text run at (219,198) width 58: "elements"
          RenderText {#text} at (297,198) size 4x18
            text run at (297,198) width 4: " "
          RenderInline {SPAN} at (0,0) size 192x15
            RenderInline {TT} at (0,0) size 48x15
              RenderText {#text} at (301,200) size 48x15
                text run at (301,200) width 48: "within"
            RenderText {#text} at (369,200) size 124x15
              text run at (369,200) width 124: " elements too"
          RenderText {#text} at (493,198) size 752x36
            text run at (493,198) width 259: ". (with monospace font from"
            text run at (0,216) width 164: "elements to too) "
        RenderText {#text} at (0,0) size 0x0
        RenderBR {BR} at (0,0) size 0x0
        RenderBR {BR} at (0,234) size 0x18
        RenderBR {BR} at (0,252) size 0x18
      RenderBlock {H2} at (0,758) size 769x29
        RenderText {#text} at (0,0) size 141x28
          text run at (0,0) width 141: "letter-spacing"
      RenderBlock (floating) {PRE} at (0,818) size 1209x169
        RenderBlock {H3} at (0,15) size 1209x18
          RenderText {#text} at (0,0) size 224x17
            text run at (0,0) width 224: "In a floated pre"
        RenderBlock (anonymous) at (0,47) size 1209x121
          RenderText {#text} at (0,0) size 286x30
            text run at (0,0) width 0: " "
            text run at (0,15) width 286: "Letter   spacing test "
          RenderInline {EM} at (0,0) size 39x15
            RenderText {#text} at (286,15) size 39x15
              text run at (286,15) width 39: "for"
          RenderText {#text} at (325,15) size 13x15
            text run at (325,15) width 13: " "
          RenderInline {STRONG} at (0,0) size 104x15
            RenderText {#text} at (338,15) size 104x15
              text run at (338,15) width 104: "elements"
          RenderText {#text} at (442,15) size 13x15
            text run at (442,15) width 13: " "
          RenderInline {TT} at (0,0) size 78x15
            RenderText {#text} at (455,15) size 78x15
              text run at (455,15) width 78: "within"
          RenderText {#text} at (533,15) size 715x30
            text run at (533,15) width 182: " elements too."
            text run at (715,15) width 0: " "
            text run at (0,30) width 286: "Letter   spacing test "
          RenderInline {EM} at (0,0) size 39x15
            RenderText {#text} at (286,30) size 39x15
              text run at (286,30) width 39: "for"
          RenderText {#text} at (325,30) size 13x15
            text run at (325,30) width 13: " "
          RenderInline {STRONG} at (0,0) size 104x15
            RenderText {#text} at (338,30) size 104x15
              text run at (338,30) width 104: "elements"
          RenderText {#text} at (442,30) size 13x15
            text run at (442,30) width 13: " "
          RenderInline {TT} at (0,0) size 78x15
            RenderText {#text} at (455,30) size 78x15
              text run at (455,30) width 78: "within"
          RenderText {#text} at (533,30) size 130x15
            text run at (533,30) width 130: " elements "
          RenderText {#text} at (663,30) size 1248x30
            text run at (663,30) width 585: " too. (with comment between elements and too)"
            text run at (1248,30) width 0: " "
            text run at (0,45) width 286: "Letter   spacing test "
          RenderInline {EM} at (0,0) size 39x15
            RenderText {#text} at (286,45) size 39x15
              text run at (286,45) width 39: "for"
          RenderText {#text} at (325,45) size 13x15
            text run at (325,45) width 13: " "
          RenderInline {STRONG} at (0,0) size 104x15
            RenderText {#text} at (338,45) size 104x15
              text run at (338,45) width 104: "elements"
          RenderText {#text} at (442,45) size 13x15
            text run at (442,45) width 13: " "
          RenderInline {TT} at (0,0) size 78x15
            RenderText {#text} at (455,45) size 78x15
              text run at (455,45) width 78: "within"
          RenderText {#text} at (533,45) size 117x15
            text run at (533,45) width 117: " elements"
          RenderText {#text} at (650,45) size 1521x30
            text run at (650,45) width 871: " too. (with comment (no preceeding space) between elements and too)"
            text run at (1521,45) width 0: " "
            text run at (0,60) width 286: "Letter   spacing test "
          RenderInline {EM} at (0,0) size 39x15
            RenderText {#text} at (286,60) size 39x15
              text run at (286,60) width 39: "for"
          RenderText {#text} at (325,60) size 13x15
            text run at (325,60) width 13: " "
          RenderInline {STRONG} at (0,0) size 104x15
            RenderText {#text} at (338,60) size 104x15
              text run at (338,60) width 104: "elements"
          RenderText {#text} at (442,60) size 13x15
            text run at (442,60) width 13: " "
          RenderInline {TT} at (0,0) size 78x15
            RenderText {#text} at (455,60) size 78x15
              text run at (455,60) width 78: "within"
          RenderText {#text} at (533,60) size 130x15
            text run at (533,60) width 130: " elements "
          RenderText {#text} at (663,60) size 832x15
            text run at (663,60) width 832: "too. (with comment (no trailing space) between elements and too)"
            text run at (1495,60) width 0: " "
          RenderInline {SPAN} at (0,0) size 442x15
            RenderText {#text} at (0,75) size 286x15
              text run at (0,75) width 286: "Letter   spacing test "
            RenderInline {EM} at (0,0) size 39x15
              RenderText {#text} at (286,75) size 39x15
                text run at (286,75) width 39: "for"
            RenderText {#text} at (325,75) size 13x15
              text run at (325,75) width 13: " "
            RenderInline {STRONG} at (0,0) size 104x15
              RenderText {#text} at (338,75) size 104x15
                text run at (338,75) width 104: "elements"
          RenderText {#text} at (442,75) size 13x15
            text run at (442,75) width 13: " "
          RenderInline {TT} at (0,0) size 78x15
            RenderText {#text} at (455,75) size 78x15
              text run at (455,75) width 78: "within"
          RenderText {#text} at (533,75) size 1313x30
            text run at (533,75) width 780: " elements too. (with monospace font from Letter to elements)"
            text run at (1313,75) width 0: " "
            text run at (0,90) width 286: "Letter   spacing test "
          RenderInline {SPAN} at (0,0) size 247x15
            RenderInline {EM} at (0,0) size 39x15
              RenderText {#text} at (286,90) size 39x15
                text run at (286,90) width 39: "for"
            RenderText {#text} at (325,90) size 13x15
              text run at (325,90) width 13: " "
            RenderInline {STRONG} at (0,0) size 104x15
              RenderText {#text} at (338,90) size 104x15
                text run at (338,90) width 104: "elements"
            RenderText {#text} at (442,90) size 13x15
              text run at (442,90) width 13: " "
            RenderInline {TT} at (0,0) size 78x15
              RenderText {#text} at (455,90) size 78x15
                text run at (455,90) width 78: "within"
          RenderText {#text} at (533,90) size 1248x30
            text run at (533,90) width 715: " elements too. (with monospace font from for to within)"
            text run at (1248,90) width 0: " "
            text run at (0,105) width 286: "Letter   spacing test "
          RenderInline {EM} at (0,0) size 39x15
            RenderText {#text} at (286,105) size 39x15
              text run at (286,105) width 39: "for"
          RenderText {#text} at (325,105) size 13x15
            text run at (325,105) width 13: " "
          RenderInline {STRONG} at (0,0) size 104x15
            RenderText {#text} at (338,105) size 104x15
              text run at (338,105) width 104: "elements"
          RenderText {#text} at (442,105) size 13x15
            text run at (442,105) width 13: " "
          RenderInline {SPAN} at (0,0) size 247x15
            RenderInline {TT} at (0,0) size 78x15
              RenderText {#text} at (455,105) size 78x15
                text run at (455,105) width 78: "within"
            RenderText {#text} at (533,105) size 169x15
              text run at (533,105) width 169: " elements too"
          RenderText {#text} at (702,105) size 572x15
            text run at (702,105) width 572: ". (with monospace font from elements to too)"
            text run at (1274,105) width 0: " "
      RenderBlock (anonymous) at (0,805) size 769x195
        RenderBR {BR} at (1209,0) size 0x18
      RenderBlock {PRE} at (0,1014) size 769x153
        RenderBlock {H3} at (0,0) size 769x17
          RenderText {#text} at (0,0) size 280x17
            text run at (0,0) width 280: "In an un-floated pre"
        RenderBlock (anonymous) at (0,32) size 769x121
          RenderText {#text} at (0,0) size 286x30
            text run at (0,0) width 0: " "
            text run at (0,15) width 286: "Letter   spacing test "
          RenderInline {EM} at (0,0) size 39x15
            RenderText {#text} at (286,15) size 39x15
              text run at (286,15) width 39: "for"
          RenderText {#text} at (325,15) size 13x15
            text run at (325,15) width 13: " "
          RenderInline {STRONG} at (0,0) size 104x15
            RenderText {#text} at (338,15) size 104x15
              text run at (338,15) width 104: "elements"
          RenderText {#text} at (442,15) size 13x15
            text run at (442,15) width 13: " "
          RenderInline {TT} at (0,0) size 78x15
            RenderText {#text} at (455,15) size 78x15
              text run at (455,15) width 78: "within"
          RenderText {#text} at (533,15) size 715x30
            text run at (533,15) width 182: " elements too."
            text run at (715,15) width 0: " "
            text run at (0,30) width 286: "Letter   spacing test "
          RenderInline {EM} at (0,0) size 39x15
            RenderText {#text} at (286,30) size 39x15
              text run at (286,30) width 39: "for"
          RenderText {#text} at (325,30) size 13x15
            text run at (325,30) width 13: " "
          RenderInline {STRONG} at (0,0) size 104x15
            RenderText {#text} at (338,30) size 104x15
              text run at (338,30) width 104: "elements"
          RenderText {#text} at (442,30) size 13x15
            text run at (442,30) width 13: " "
          RenderInline {TT} at (0,0) size 78x15
            RenderText {#text} at (455,30) size 78x15
              text run at (455,30) width 78: "within"
          RenderText {#text} at (533,30) size 130x15
            text run at (533,30) width 130: " elements "
          RenderText {#text} at (663,30) size 1248x30
            text run at (663,30) width 585: " too. (with comment between elements and too)"
            text run at (1248,30) width 0: " "
            text run at (0,45) width 286: "Letter   spacing test "
          RenderInline {EM} at (0,0) size 39x15
            RenderText {#text} at (286,45) size 39x15
              text run at (286,45) width 39: "for"
          RenderText {#text} at (325,45) size 13x15
            text run at (325,45) width 13: " "
          RenderInline {STRONG} at (0,0) size 104x15
            RenderText {#text} at (338,45) size 104x15
              text run at (338,45) width 104: "elements"
          RenderText {#text} at (442,45) size 13x15
            text run at (442,45) width 13: " "
          RenderInline {TT} at (0,0) size 78x15
            RenderText {#text} at (455,45) size 78x15
              text run at (455,45) width 78: "within"
          RenderText {#text} at (533,45) size 117x15
            text run at (533,45) width 117: " elements"
          RenderText {#text} at (650,45) size 1521x30
            text run at (650,45) width 871: " too. (with comment (no preceeding space) between elements and too)"
            text run at (1521,45) width 0: " "
            text run at (0,60) width 286: "Letter   spacing test "
          RenderInline {EM} at (0,0) size 39x15
            RenderText {#text} at (286,60) size 39x15
              text run at (286,60) width 39: "for"
          RenderText {#text} at (325,60) size 13x15
            text run at (325,60) width 13: " "
          RenderInline {STRONG} at (0,0) size 104x15
            RenderText {#text} at (338,60) size 104x15
              text run at (338,60) width 104: "elements"
          RenderText {#text} at (442,60) size 13x15
            text run at (442,60) width 13: " "
          RenderInline {TT} at (0,0) size 78x15
            RenderText {#text} at (455,60) size 78x15
              text run at (455,60) width 78: "within"
          RenderText {#text} at (533,60) size 130x15
            text run at (533,60) width 130: " elements "
          RenderText {#text} at (663,60) size 832x15
            text run at (663,60) width 832: "too. (with comment (no trailing space) between elements and too)"
            text run at (1495,60) width 0: " "
          RenderInline {SPAN} at (0,0) size 442x15
            RenderText {#text} at (0,75) size 286x15
              text run at (0,75) width 286: "Letter   spacing test "
            RenderInline {EM} at (0,0) size 39x15
              RenderText {#text} at (286,75) size 39x15
                text run at (286,75) width 39: "for"
            RenderText {#text} at (325,75) size 13x15
              text run at (325,75) width 13: " "
            RenderInline {STRONG} at (0,0) size 104x15
              RenderText {#text} at (338,75) size 104x15
                text run at (338,75) width 104: "elements"
          RenderText {#text} at (442,75) size 13x15
            text run at (442,75) width 13: " "
          RenderInline {TT} at (0,0) size 78x15
            RenderText {#text} at (455,75) size 78x15
              text run at (455,75) width 78: "within"
          RenderText {#text} at (533,75) size 1313x30
            text run at (533,75) width 780: " elements too. (with monospace font from Letter to elements)"
            text run at (1313,75) width 0: " "
            text run at (0,90) width 286: "Letter   spacing test "
          RenderInline {SPAN} at (0,0) size 247x15
            RenderInline {EM} at (0,0) size 39x15
              RenderText {#text} at (286,90) size 39x15
                text run at (286,90) width 39: "for"
            RenderText {#text} at (325,90) size 13x15
              text run at (325,90) width 13: " "
            RenderInline {STRONG} at (0,0) size 104x15
              RenderText {#text} at (338,90) size 104x15
                text run at (338,90) width 104: "elements"
            RenderText {#text} at (442,90) size 13x15
              text run at (442,90) width 13: " "
            RenderInline {TT} at (0,0) size 78x15
              RenderText {#text} at (455,90) size 78x15
                text run at (455,90) width 78: "within"
          RenderText {#text} at (533,90) size 1248x30
            text run at (533,90) width 715: " elements too. (with monospace font from for to within)"
            text run at (1248,90) width 0: " "
            text run at (0,105) width 286: "Letter   spacing test "
          RenderInline {EM} at (0,0) size 39x15
            RenderText {#text} at (286,105) size 39x15
              text run at (286,105) width 39: "for"
          RenderText {#text} at (325,105) size 13x15
            text run at (325,105) width 13: " "
          RenderInline {STRONG} at (0,0) size 104x15
            RenderText {#text} at (338,105) size 104x15
              text run at (338,105) width 104: "elements"
          RenderText {#text} at (442,105) size 13x15
            text run at (442,105) width 13: " "
          RenderInline {SPAN} at (0,0) size 247x15
            RenderInline {TT} at (0,0) size 78x15
              RenderText {#text} at (455,105) size 78x15
                text run at (455,105) width 78: "within"
            RenderText {#text} at (533,105) size 169x15
              text run at (533,105) width 169: " elements too"
          RenderText {#text} at (702,105) size 572x15
            text run at (702,105) width 572: ". (with monospace font from elements to too)"
            text run at (1274,105) width 0: " "
      RenderBlock (anonymous) at (0,1179) size 769x19
        RenderBR {BR} at (0,0) size 0x18
        RenderInline {SPAN} at (0,0) size 0x0
          RenderText {#text} at (0,0) size 0x0
      RenderBlock (anonymous) at (0,1216) size 769x23
        RenderBlock {H3} at (0,0) size 769x22
          RenderText {#text} at (0,0) size 122x22
            text run at (0,0) width 122: "In a span"
      RenderBlock (anonymous) at (0,1257) size 769x271
        RenderInline {SPAN} at (0,0) size 727x234
          RenderText {#text} at (0,0) size 218x18
            text run at (0,0) width 76: "Letter "
            text run at (76,0) width 142: "spacing test "
          RenderInline {EM} at (0,0) size 33x18
            RenderText {#text} at (218,0) size 33x18
              text run at (218,0) width 33: "for"
          RenderText {#text} at (251,0) size 9x18
            text run at (251,0) width 9: " "
          RenderInline {STRONG} at (0,0) size 98x18
            RenderText {#text} at (260,0) size 98x18
              text run at (260,0) width 98: "elements"
          RenderText {#text} at (358,0) size 9x18
            text run at (358,0) width 9: " "
          RenderInline {TT} at (0,0) size 78x15
            RenderText {#text} at (367,2) size 78x15
              text run at (367,2) width 78: "within"
          RenderText {#text} at (445,0) size 157x18
            text run at (445,0) width 157: " elements too."
          RenderBR {BR} at (602,14) size 0x0
          RenderText {#text} at (0,18) size 218x18
            text run at (0,18) width 76: "Letter "
            text run at (76,18) width 142: "spacing test "
          RenderInline {EM} at (0,0) size 33x18
            RenderText {#text} at (218,18) size 33x18
              text run at (218,18) width 33: "for"
          RenderText {#text} at (251,18) size 9x18
            text run at (251,18) width 9: " "
          RenderInline {STRONG} at (0,0) size 98x18
            RenderText {#text} at (260,18) size 98x18
              text run at (260,18) width 98: "elements"
          RenderText {#text} at (358,18) size 9x18
            text run at (358,18) width 9: " "
          RenderInline {TT} at (0,0) size 78x15
            RenderText {#text} at (367,20) size 78x15
              text run at (367,20) width 78: "within"
          RenderText {#text} at (445,18) size 113x18
            text run at (445,18) width 113: " elements "
          RenderText {#text} at (558,18) size 669x36
            text run at (558,18) width 111: "too. (with"
            text run at (0,36) width 395: "comment between elements and too)"
          RenderBR {BR} at (395,50) size 0x0
          RenderText {#text} at (0,54) size 218x18
            text run at (0,54) width 76: "Letter "
            text run at (76,54) width 142: "spacing test "
          RenderInline {EM} at (0,0) size 33x18
            RenderText {#text} at (218,54) size 33x18
              text run at (218,54) width 33: "for"
          RenderText {#text} at (251,54) size 9x18
            text run at (251,54) width 9: " "
          RenderInline {STRONG} at (0,0) size 98x18
            RenderText {#text} at (260,54) size 98x18
              text run at (260,54) width 98: "elements"
          RenderText {#text} at (358,54) size 9x18
            text run at (358,54) width 9: " "
          RenderInline {TT} at (0,0) size 78x15
            RenderText {#text} at (367,56) size 78x15
              text run at (367,56) width 78: "within"
          RenderText {#text} at (445,54) size 104x18
            text run at (445,54) width 104: " elements"
          RenderText {#text} at (549,54) size 669x36
            text run at (549,54) width 120: " too. (with"
            text run at (0,72) width 647: "comment (no preceeding space) between elements and too)"
          RenderBR {BR} at (647,86) size 0x0
          RenderText {#text} at (0,90) size 218x18
            text run at (0,90) width 76: "Letter "
            text run at (76,90) width 142: "spacing test "
          RenderInline {EM} at (0,0) size 33x18
            RenderText {#text} at (218,90) size 33x18
              text run at (218,90) width 33: "for"
          RenderText {#text} at (251,90) size 9x18
            text run at (251,90) width 9: " "
          RenderInline {STRONG} at (0,0) size 98x18
            RenderText {#text} at (260,90) size 98x18
              text run at (260,90) width 98: "elements"
          RenderText {#text} at (358,90) size 9x18
            text run at (358,90) width 9: " "
          RenderInline {TT} at (0,0) size 78x15
            RenderText {#text} at (367,92) size 78x15
              text run at (367,92) width 78: "within"
          RenderText {#text} at (445,90) size 113x18
            text run at (445,90) width 113: " elements "
          RenderText {#text} at (558,90) size 669x36
            text run at (558,90) width 111: "too. (with"
            text run at (0,108) width 612: "comment (no trailing space) between elements and too)"
          RenderBR {BR} at (612,122) size 0x0
          RenderInline {SPAN} at (0,0) size 416x15
            RenderText {#text} at (0,128) size 260x15
              text run at (0,128) width 91: "Letter "
              text run at (91,128) width 169: "spacing test "
            RenderInline {EM} at (0,0) size 39x15
              RenderText {#text} at (260,128) size 39x15
                text run at (260,128) width 39: "for"
            RenderText {#text} at (299,128) size 13x15
              text run at (299,128) width 13: " "
            RenderInline {STRONG} at (0,0) size 104x15
              RenderText {#text} at (312,128) size 104x15
                text run at (312,128) width 104: "elements"
          RenderText {#text} at (416,126) size 9x18
            text run at (416,126) width 9: " "
          RenderInline {TT} at (0,0) size 78x15
            RenderText {#text} at (425,128) size 78x15
              text run at (425,128) width 78: "within"
          RenderText {#text} at (503,126) size 727x36
            text run at (503,126) width 224: " elements too. (with"
            text run at (0,144) width 450: "monospace font from Letter to elements)"
          RenderBR {BR} at (450,158) size 0x0
          RenderText {#text} at (0,162) size 218x18
            text run at (0,162) width 76: "Letter "
            text run at (76,162) width 142: "spacing test "
          RenderInline {SPAN} at (0,0) size 247x15
            RenderInline {EM} at (0,0) size 39x15
              RenderText {#text} at (218,164) size 39x15
                text run at (218,164) width 39: "for"
            RenderText {#text} at (257,164) size 13x15
              text run at (257,164) width 13: " "
            RenderInline {STRONG} at (0,0) size 104x15
              RenderText {#text} at (270,164) size 104x15
                text run at (270,164) width 104: "elements"
            RenderText {#text} at (374,164) size 13x15
              text run at (374,164) width 13: " "
            RenderInline {TT} at (0,0) size 78x15
              RenderText {#text} at (387,164) size 78x15
                text run at (387,164) width 78: "within"
          RenderText {#text} at (465,162) size 689x36
            text run at (465,162) width 224: " elements too. (with"
            text run at (0,180) width 391: "monospace font from for to within)"
          RenderBR {BR} at (391,194) size 0x0
          RenderText {#text} at (0,198) size 218x18
            text run at (0,198) width 76: "Letter "
            text run at (76,198) width 142: "spacing test "
          RenderInline {EM} at (0,0) size 33x18
            RenderText {#text} at (218,198) size 33x18
              text run at (218,198) width 33: "for"
          RenderText {#text} at (251,198) size 9x18
            text run at (251,198) width 9: " "
          RenderInline {STRONG} at (0,0) size 98x18
            RenderText {#text} at (260,198) size 98x18
              text run at (260,198) width 98: "elements"
          RenderText {#text} at (358,198) size 9x18
            text run at (358,198) width 9: " "
          RenderInline {SPAN} at (0,0) size 247x15
            RenderInline {TT} at (0,0) size 78x15
              RenderText {#text} at (367,200) size 78x15
                text run at (367,200) width 78: "within"
            RenderText {#text} at (445,200) size 169x15
              text run at (445,200) width 169: " elements too"
          RenderText {#text} at (614,198) size 690x36
            text run at (614,198) width 76: ". (with"
            text run at (0,216) width 427: "monospace font from elements to too) "
        RenderText {#text} at (0,0) size 0x0
        RenderBR {BR} at (0,0) size 0x0
        RenderBR {BR} at (0,234) size 0x18
        RenderBR {BR} at (0,252) size 0x18
      RenderBlock {H2} at (0,1547) size 769x29
        RenderText {#text} at (0,0) size 131x28
          text run at (0,0) width 131: "both-spacing"
      RenderBlock (floating) {PRE} at (0,1608) size 1469x168
        RenderBlock {H3} at (0,15) size 1469x18
          RenderText {#text} at (0,0) size 284x17
            text run at (0,0) width 284: "In a floated pre"
        RenderBlock (anonymous) at (0,47) size 1469x121
          RenderText {#text} at (0,0) size 543x30
            text run at (0,0) width 0: " "
            text run at (0,15) width 543: "Word and letter   spacing test "
          RenderInline {EM} at (0,0) size 39x15
            RenderText {#text} at (543,15) size 39x15
              text run at (543,15) width 39: "for"
          RenderText {#text} at (602,15) size 13x15
            text run at (602,15) width 13: " "
          RenderInline {STRONG} at (0,0) size 104x15
            RenderText {#text} at (615,15) size 104x15
              text run at (615,15) width 104: "elements"
          RenderText {#text} at (739,15) size 13x15
            text run at (739,15) width 13: " "
          RenderInline {TT} at (0,0) size 78x15
            RenderText {#text} at (752,15) size 78x15
              text run at (752,15) width 78: "within"
          RenderText {#text} at (850,15) size 1072x30
            text run at (850,15) width 202: " elements too."
            text run at (1072,15) width 0: " "
            text run at (0,30) width 543: "Word and letter   spacing test "
          RenderInline {EM} at (0,0) size 39x15
            RenderText {#text} at (543,30) size 39x15
              text run at (543,30) width 39: "for"
          RenderText {#text} at (602,30) size 13x15
            text run at (602,30) width 13: " "
          RenderInline {STRONG} at (0,0) size 104x15
            RenderText {#text} at (615,30) size 104x15
              text run at (615,30) width 104: "elements"
          RenderText {#text} at (739,30) size 13x15
            text run at (739,30) width 13: " "
          RenderInline {TT} at (0,0) size 78x15
            RenderText {#text} at (752,30) size 78x15
              text run at (752,30) width 78: "within"
          RenderText {#text} at (850,30) size 150x15
            text run at (850,30) width 150: " elements "
          RenderText {#text} at (1000,30) size 1725x30
            text run at (1000,30) width 705: " too. (with comment between elements and too)"
            text run at (1725,30) width 0: " "
            text run at (0,45) width 543: "Word and letter   spacing test "
          RenderInline {EM} at (0,0) size 39x15
            RenderText {#text} at (543,45) size 39x15
              text run at (543,45) width 39: "for"
          RenderText {#text} at (602,45) size 13x15
            text run at (602,45) width 13: " "
          RenderInline {STRONG} at (0,0) size 104x15
            RenderText {#text} at (615,45) size 104x15
              text run at (615,45) width 104: "elements"
          RenderText {#text} at (739,45) size 13x15
            text run at (739,45) width 13: " "
          RenderInline {TT} at (0,0) size 78x15
            RenderText {#text} at (752,45) size 78x15
              text run at (752,45) width 78: "within"
          RenderText {#text} at (850,45) size 117x15
            text run at (850,45) width 117: " elements"
          RenderText {#text} at (987,45) size 2058x30
            text run at (987,45) width 1051: " too. (with comment (no preceeding space) between elements and too)"
            text run at (2058,45) width 0: " "
            text run at (0,60) width 543: "Word and letter   spacing test "
          RenderInline {EM} at (0,0) size 39x15
            RenderText {#text} at (543,60) size 39x15
              text run at (543,60) width 39: "for"
          RenderText {#text} at (602,60) size 13x15
            text run at (602,60) width 13: " "
          RenderInline {STRONG} at (0,0) size 104x15
            RenderText {#text} at (615,60) size 104x15
              text run at (615,60) width 104: "elements"
          RenderText {#text} at (739,60) size 13x15
            text run at (739,60) width 13: " "
          RenderInline {TT} at (0,0) size 78x15
            RenderText {#text} at (752,60) size 78x15
              text run at (752,60) width 78: "within"
          RenderText {#text} at (850,60) size 150x15
            text run at (850,60) width 150: " elements "
          RenderText {#text} at (1000,60) size 1032x15
            text run at (1000,60) width 1012: "too. (with comment (no trailing space) between elements and too)"
            text run at (2032,60) width 0: " "
          RenderInline {SPAN} at (0,0) size 719x15
            RenderText {#text} at (0,75) size 543x15
              text run at (0,75) width 543: "Word and letter   spacing test "
            RenderInline {EM} at (0,0) size 39x15
              RenderText {#text} at (543,75) size 39x15
                text run at (543,75) width 39: "for"
            RenderText {#text} at (602,75) size 13x15
              text run at (602,75) width 13: " "
            RenderInline {STRONG} at (0,0) size 104x15
              RenderText {#text} at (615,75) size 104x15
                text run at (615,75) width 104: "elements"
          RenderText {#text} at (739,75) size 13x15
            text run at (739,75) width 13: " "
          RenderInline {TT} at (0,0) size 78x15
            RenderText {#text} at (752,75) size 78x15
              text run at (752,75) width 78: "within"
          RenderText {#text} at (850,75) size 1784x30
            text run at (850,75) width 914: " elements too. (with monospace font from Word to elements)"
            text run at (1784,75) width 0: " "
            text run at (0,90) width 543: "Word and letter   spacing test "
          RenderInline {SPAN} at (0,0) size 287x15
            RenderInline {EM} at (0,0) size 39x15
              RenderText {#text} at (543,90) size 39x15
                text run at (543,90) width 39: "for"
            RenderText {#text} at (602,90) size 13x15
              text run at (602,90) width 13: " "
            RenderInline {STRONG} at (0,0) size 104x15
              RenderText {#text} at (615,90) size 104x15
                text run at (615,90) width 104: "elements"
            RenderText {#text} at (739,90) size 13x15
              text run at (739,90) width 13: " "
            RenderInline {TT} at (0,0) size 78x15
              RenderText {#text} at (752,90) size 78x15
                text run at (752,90) width 78: "within"
          RenderText {#text} at (850,90) size 1745x30
            text run at (850,90) width 875: " elements too. (with monospace font from for to within)"
            text run at (1745,90) width 0: " "
            text run at (0,105) width 543: "Word and letter   spacing test "
          RenderInline {EM} at (0,0) size 39x15
            RenderText {#text} at (543,105) size 39x15
              text run at (543,105) width 39: "for"
          RenderText {#text} at (602,105) size 13x15
            text run at (602,105) width 13: " "
          RenderInline {STRONG} at (0,0) size 104x15
            RenderText {#text} at (615,105) size 104x15
              text run at (615,105) width 104: "elements"
          RenderText {#text} at (739,105) size 13x15
            text run at (739,105) width 13: " "
          RenderInline {SPAN} at (0,0) size 287x15
            RenderInline {TT} at (0,0) size 78x15
              RenderText {#text} at (752,105) size 78x15
                text run at (752,105) width 78: "within"
            RenderText {#text} at (850,105) size 189x15
              text run at (850,105) width 189: " elements too"
          RenderText {#text} at (1039,105) size 732x15
            text run at (1039,105) width 712: ". (with monospace font from elements to too)"
            text run at (1771,105) width 0: " "
      RenderBlock (anonymous) at (0,1595) size 769x194
        RenderBR {BR} at (1469,0) size 0x18
      RenderBlock {PRE} at (0,1803) size 769x153
        RenderBlock {H3} at (0,0) size 769x17
          RenderText {#text} at (0,0) size 340x17
            text run at (0,0) width 340: "In an un-floated pre"
        RenderBlock (anonymous) at (0,32) size 769x121
          RenderText {#text} at (0,0) size 543x30
            text run at (0,0) width 0: " "
            text run at (0,15) width 543: "Word and letter   spacing test "
          RenderInline {EM} at (0,0) size 39x15
            RenderText {#text} at (543,15) size 39x15
              text run at (543,15) width 39: "for"
          RenderText {#text} at (602,15) size 13x15
            text run at (602,15) width 13: " "
          RenderInline {STRONG} at (0,0) size 104x15
            RenderText {#text} at (615,15) size 104x15
              text run at (615,15) width 104: "elements"
          RenderText {#text} at (739,15) size 13x15
            text run at (739,15) width 13: " "
          RenderInline {TT} at (0,0) size 78x15
            RenderText {#text} at (752,15) size 78x15
              text run at (752,15) width 78: "within"
          RenderText {#text} at (850,15) size 1072x30
            text run at (850,15) width 202: " elements too."
            text run at (1072,15) width 0: " "
            text run at (0,30) width 543: "Word and letter   spacing test "
          RenderInline {EM} at (0,0) size 39x15
            RenderText {#text} at (543,30) size 39x15
              text run at (543,30) width 39: "for"
          RenderText {#text} at (602,30) size 13x15
            text run at (602,30) width 13: " "
          RenderInline {STRONG} at (0,0) size 104x15
            RenderText {#text} at (615,30) size 104x15
              text run at (615,30) width 104: "elements"
          RenderText {#text} at (739,30) size 13x15
            text run at (739,30) width 13: " "
          RenderInline {TT} at (0,0) size 78x15
            RenderText {#text} at (752,30) size 78x15
              text run at (752,30) width 78: "within"
          RenderText {#text} at (850,30) size 150x15
            text run at (850,30) width 150: " elements "
          RenderText {#text} at (1000,30) size 1725x30
            text run at (1000,30) width 705: " too. (with comment between elements and too)"
            text run at (1725,30) width 0: " "
            text run at (0,45) width 543: "Word and letter   spacing test "
          RenderInline {EM} at (0,0) size 39x15
            RenderText {#text} at (543,45) size 39x15
              text run at (543,45) width 39: "for"
          RenderText {#text} at (602,45) size 13x15
            text run at (602,45) width 13: " "
          RenderInline {STRONG} at (0,0) size 104x15
            RenderText {#text} at (615,45) size 104x15
              text run at (615,45) width 104: "elements"
          RenderText {#text} at (739,45) size 13x15
            text run at (739,45) width 13: " "
          RenderInline {TT} at (0,0) size 78x15
            RenderText {#text} at (752,45) size 78x15
              text run at (752,45) width 78: "within"
          RenderText {#text} at (850,45) size 117x15
            text run at (850,45) width 117: " elements"
          RenderText {#text} at (987,45) size 2058x30
            text run at (987,45) width 1051: " too. (with comment (no preceeding space) between elements and too)"
            text run at (2058,45) width 0: " "
            text run at (0,60) width 543: "Word and letter   spacing test "
          RenderInline {EM} at (0,0) size 39x15
            RenderText {#text} at (543,60) size 39x15
              text run at (543,60) width 39: "for"
          RenderText {#text} at (602,60) size 13x15
            text run at (602,60) width 13: " "
          RenderInline {STRONG} at (0,0) size 104x15
            RenderText {#text} at (615,60) size 104x15
              text run at (615,60) width 104: "elements"
          RenderText {#text} at (739,60) size 13x15
            text run at (739,60) width 13: " "
          RenderInline {TT} at (0,0) size 78x15
            RenderText {#text} at (752,60) size 78x15
              text run at (752,60) width 78: "within"
          RenderText {#text} at (850,60) size 150x15
            text run at (850,60) width 150: " elements "
          RenderText {#text} at (1000,60) size 1032x15
            text run at (1000,60) width 1012: "too. (with comment (no trailing space) between elements and too)"
            text run at (2032,60) width 0: " "
          RenderInline {SPAN} at (0,0) size 719x15
            RenderText {#text} at (0,75) size 543x15
              text run at (0,75) width 543: "Word and letter   spacing test "
            RenderInline {EM} at (0,0) size 39x15
              RenderText {#text} at (543,75) size 39x15
                text run at (543,75) width 39: "for"
            RenderText {#text} at (602,75) size 13x15
              text run at (602,75) width 13: " "
            RenderInline {STRONG} at (0,0) size 104x15
              RenderText {#text} at (615,75) size 104x15
                text run at (615,75) width 104: "elements"
          RenderText {#text} at (739,75) size 13x15
            text run at (739,75) width 13: " "
          RenderInline {TT} at (0,0) size 78x15
            RenderText {#text} at (752,75) size 78x15
              text run at (752,75) width 78: "within"
          RenderText {#text} at (850,75) size 1784x30
            text run at (850,75) width 914: " elements too. (with monospace font from Word to elements)"
            text run at (1784,75) width 0: " "
            text run at (0,90) width 543: "Word and letter   spacing test "
          RenderInline {SPAN} at (0,0) size 287x15
            RenderInline {EM} at (0,0) size 39x15
              RenderText {#text} at (543,90) size 39x15
                text run at (543,90) width 39: "for"
            RenderText {#text} at (602,90) size 13x15
              text run at (602,90) width 13: " "
            RenderInline {STRONG} at (0,0) size 104x15
              RenderText {#text} at (615,90) size 104x15
                text run at (615,90) width 104: "elements"
            RenderText {#text} at (739,90) size 13x15
              text run at (739,90) width 13: " "
            RenderInline {TT} at (0,0) size 78x15
              RenderText {#text} at (752,90) size 78x15
                text run at (752,90) width 78: "within"
          RenderText {#text} at (850,90) size 1745x30
            text run at (850,90) width 875: " elements too. (with monospace font from for to within)"
            text run at (1745,90) width 0: " "
            text run at (0,105) width 543: "Word and letter   spacing test "
          RenderInline {EM} at (0,0) size 39x15
            RenderText {#text} at (543,105) size 39x15
              text run at (543,105) width 39: "for"
          RenderText {#text} at (602,105) size 13x15
            text run at (602,105) width 13: " "
          RenderInline {STRONG} at (0,0) size 104x15
            RenderText {#text} at (615,105) size 104x15
              text run at (615,105) width 104: "elements"
          RenderText {#text} at (739,105) size 13x15
            text run at (739,105) width 13: " "
          RenderInline {SPAN} at (0,0) size 287x15
            RenderInline {TT} at (0,0) size 78x15
              RenderText {#text} at (752,105) size 78x15
                text run at (752,105) width 78: "within"
            RenderText {#text} at (850,105) size 189x15
              text run at (850,105) width 189: " elements too"
          RenderText {#text} at (1039,105) size 732x15
            text run at (1039,105) width 712: ". (with monospace font from elements to too)"
            text run at (1771,105) width 0: " "
      RenderBlock (anonymous) at (0,1968) size 769x19
        RenderBR {BR} at (0,0) size 0x18
        RenderInline {SPAN} at (0,0) size 0x0
          RenderText {#text} at (0,0) size 0x0
      RenderBlock (anonymous) at (0,2005) size 769x23
        RenderBlock {H3} at (0,0) size 769x22
          RenderText {#text} at (0,0) size 162x22
            text run at (0,0) width 162: "In a span"
      RenderBlock (anonymous) at (0,2046) size 769x343
        RenderInline {SPAN} at (0,0) size 760x342
          RenderText {#text} at (0,0) size 424x18
            text run at (0,0) width 242: "Word and letter "
            text run at (242,0) width 182: "spacing test "
          RenderInline {EM} at (0,0) size 33x18
            RenderText {#text} at (424,0) size 33x18
              text run at (424,0) width 33: "for"
          RenderText {#text} at (477,0) size 9x18
            text run at (477,0) width 9: " "
          RenderInline {STRONG} at (0,0) size 98x18
            RenderText {#text} at (486,0) size 98x18
              text run at (486,0) width 98: "elements"
          RenderText {#text} at (604,0) size 9x18
            text run at (604,0) width 9: " "
          RenderInline {TT} at (0,0) size 78x15
            RenderText {#text} at (613,2) size 78x15
              text run at (613,2) width 78: "within"
          RenderText {#text} at (0,18) size 168x18
            text run at (0,18) width 168: "elements too."
          RenderBR {BR} at (168,32) size 0x0
          RenderText {#text} at (0,36) size 424x18
            text run at (0,36) width 242: "Word and letter "
            text run at (242,36) width 182: "spacing test "
          RenderInline {EM} at (0,0) size 33x18
            RenderText {#text} at (424,36) size 33x18
              text run at (424,36) width 33: "for"
          RenderText {#text} at (477,36) size 9x18
            text run at (477,36) width 9: " "
          RenderInline {STRONG} at (0,0) size 98x18
            RenderText {#text} at (486,36) size 98x18
              text run at (486,36) width 98: "elements"
          RenderText {#text} at (604,36) size 9x18
            text run at (604,36) width 9: " "
          RenderInline {TT} at (0,0) size 78x15
            RenderText {#text} at (613,38) size 78x15
              text run at (613,38) width 78: "within"
          RenderText {#text} at (0,54) size 124x18
            text run at (0,54) width 124: "elements "
          RenderText {#text} at (124,54) size 635x18
            text run at (124,54) width 635: "too. (with comment between elements and too)"
          RenderBR {BR} at (759,68) size 0x0
          RenderText {#text} at (0,72) size 424x18
            text run at (0,72) width 242: "Word and letter "
            text run at (242,72) width 182: "spacing test "
          RenderInline {EM} at (0,0) size 33x18
            RenderText {#text} at (424,72) size 33x18
              text run at (424,72) width 33: "for"
          RenderText {#text} at (477,72) size 9x18
            text run at (477,72) width 9: " "
          RenderInline {STRONG} at (0,0) size 98x18
            RenderText {#text} at (486,72) size 98x18
              text run at (486,72) width 98: "elements"
          RenderText {#text} at (604,72) size 9x18
            text run at (604,72) width 9: " "
          RenderInline {TT} at (0,0) size 78x15
            RenderText {#text} at (613,74) size 78x15
              text run at (613,74) width 78: "within"
          RenderText {#text} at (0,90) size 95x18
            text run at (0,90) width 95: "elements"
          RenderText {#text} at (115,90) size 689x36
            text run at (115,90) width 574: " too. (with comment (no preceeding space)"
            text run at (0,108) width 353: "between elements and too)"
          RenderBR {BR} at (353,122) size 0x0
          RenderText {#text} at (0,126) size 424x18
            text run at (0,126) width 242: "Word and letter "
            text run at (242,126) width 182: "spacing test "
          RenderInline {EM} at (0,0) size 33x18
            RenderText {#text} at (424,126) size 33x18
              text run at (424,126) width 33: "for"
          RenderText {#text} at (477,126) size 9x18
            text run at (477,126) width 9: " "
          RenderInline {STRONG} at (0,0) size 98x18
            RenderText {#text} at (486,126) size 98x18
              text run at (486,126) width 98: "elements"
          RenderText {#text} at (604,126) size 9x18
            text run at (604,126) width 9: " "
          RenderInline {TT} at (0,0) size 78x15
            RenderText {#text} at (613,128) size 78x15
              text run at (613,128) width 78: "within"
          RenderText {#text} at (0,144) size 124x18
            text run at (0,144) width 124: "elements "
          RenderText {#text} at (124,144) size 654x36
            text run at (124,144) width 530: "too. (with comment (no trailing space)"
            text run at (0,162) width 353: "between elements and too)"
          RenderBR {BR} at (353,176) size 0x0
          RenderInline {SPAN} at (0,0) size 653x15
            RenderText {#text} at (0,182) size 477x15
              text run at (0,182) width 268: "Word and letter "
              text run at (268,182) width 209: "spacing test "
            RenderInline {EM} at (0,0) size 39x15
              RenderText {#text} at (477,182) size 39x15
                text run at (477,182) width 39: "for"
            RenderText {#text} at (536,182) size 13x15
              text run at (536,182) width 13: " "
            RenderInline {STRONG} at (0,0) size 104x15
              RenderText {#text} at (549,182) size 104x15
                text run at (549,182) width 104: "elements"
          RenderText {#text} at (673,180) size 9x18
            text run at (673,180) width 9: " "
          RenderInline {TT} at (0,0) size 78x15
            RenderText {#text} at (682,182) size 78x15
              text run at (682,182) width 78: "within"
          RenderText {#text} at (0,198) size 689x36
            text run at (0,198) width 689: "elements too. (with monospace font from Word to"
            text run at (0,216) width 105: "elements)"
          RenderBR {BR} at (105,230) size 0x0
          RenderText {#text} at (0,234) size 424x18
            text run at (0,234) width 242: "Word and letter "
            text run at (242,234) width 182: "spacing test "
          RenderInline {SPAN} at (0,0) size 287x15
            RenderInline {EM} at (0,0) size 39x15
              RenderText {#text} at (424,236) size 39x15
                text run at (424,236) width 39: "for"
            RenderText {#text} at (483,236) size 13x15
              text run at (483,236) width 13: " "
            RenderInline {STRONG} at (0,0) size 104x15
              RenderText {#text} at (496,236) size 104x15
                text run at (496,236) width 104: "elements"
            RenderText {#text} at (620,236) size 13x15
              text run at (620,236) width 13: " "
            RenderInline {TT} at (0,0) size 78x15
              RenderText {#text} at (633,236) size 78x15
                text run at (633,236) width 78: "within"
          RenderText {#text} at (0,252) size 666x36
            text run at (0,252) width 666: "elements too. (with monospace font from for to"
            text run at (0,270) width 80: "within)"
          RenderBR {BR} at (80,284) size 0x0
          RenderText {#text} at (0,288) size 424x18
            text run at (0,288) width 242: "Word and letter "
            text run at (242,288) width 182: "spacing test "
          RenderInline {EM} at (0,0) size 33x18
            RenderText {#text} at (424,288) size 33x18
              text run at (424,288) width 33: "for"
          RenderText {#text} at (477,288) size 9x18
            text run at (477,288) width 9: " "
          RenderInline {STRONG} at (0,0) size 98x18
            RenderText {#text} at (486,288) size 98x18
              text run at (486,288) width 98: "elements"
          RenderText {#text} at (604,288) size 9x18
            text run at (604,288) width 9: " "
          RenderInline {SPAN} at (0,0) size 691x33
            RenderInline {TT} at (0,0) size 78x15
              RenderText {#text} at (613,290) size 78x15
                text run at (613,290) width 78: "within"
            RenderText {#text} at (0,308) size 176x15
              text run at (0,308) width 176: "elements too"
          RenderText {#text} at (176,306) size 745x36
            text run at (176,306) width 569: ". (with monospace font from elements to"
            text run at (0,324) width 45: "too)"
        RenderText {#text} at (0,0) size 0x0
