layer at (0,0) size 800x600
  RenderView at (0,0) size 800x600
layer at (0,0) size 800x264
  RenderBlock {HTML} at (0,0) size 800x264
    RenderBody {BODY} at (8,16) size 784x232
      RenderBlock {P} at (0,0) size 784x20
        RenderText {#text} at (0,0) size 479x19
          text run at (0,0) width 466: "The following two blocks should be identical, including overflow. (Force bidi: "
          text run at (466,0) width 8 RTL: "\x{5D0}"
          text run at (474,0) width 5: ")"
      RenderBlock {DIV} at (0,36) size 784x196
        RenderBlock {P} at (16,0) size 294x90 [bgcolor=#FFFFCC] [border: (3px solid #000000)]
          RenderInline {SPAN} at (0,0) size 115x39 [color=#000080] [border: (3px solid #000080) none (3px solid #000080)]
            RenderText {#text} at (30,25) size 96x19
              text run at (30,25) width 96: "AAABBBCCC"
          RenderText {#text} at (126,25) size 87x19
            text run at (126,25) width 87: "DDDEEEFFF"
          RenderInline {SPAN} at (0,0) size 100x39 [color=#000080] [border: (3px solid #000080) none]
            RenderText {#text} at (213,25) size 81x19
              text run at (213,25) width 81: "GGGHHHIII"
          RenderText {#text} at (11,59) size 195x19
            text run at (11,59) width 195: "JJJKKKLLLMMMNNNOOO"
        RenderBlock {P} at (16,106) size 294x90 [bgcolor=#FFFFCC] [border: (3px solid #000000)]
          RenderInline {SPAN} at (0,0) size 302x39 [color=#000080] [border: (3px solid #000080)]
            RenderText {#text} at (30,25) size 264x19
              text run at (30,25) width 96: "AAABBBCCC"
              text run at (213,25) width 81 RTL: "\x{202E}IIIHHHGGG"
          RenderText {#text} at (126,25) size 202x53
            text run at (126,25) width 87 RTL: "FFFEEEDDD"
            text run at (11,59) width 81 RTL: "LLLKKKJJJ"
            text run at (92,59) width 114: "\x{202C}MMMNNNOOO"
