layer at (0,0) size 800x600
  RenderView at (0,0) size 800x600
layer at (0,0) size 800x600
  RenderBlock {HTML} at (0,0) size 800x600
    RenderBody {BODY} at (8,8) size 784x584
      RenderBlock {DIV} at (10,10) size 171x171 [border: (21px none #000000) (30px none #000000) (21px none #000000)]
      RenderText {#text} at (191,176) size 4x19
        text run at (191,176) width 4: " "
      RenderBlock {DIV} at (205,10) size 171x171 [border: (21px none #000000) (30px none #000000) (21px none #000000)]
      RenderText {#text} at (0,0) size 0x0
