layer at (0,0) size 785x601
  RenderView at (0,0) size 785x600
layer at (0,0) size 785x601
  RenderBlock {HTML} at (0,0) size 785x601
    RenderBody {BODY} at (8,8) size 769x585
      RenderBlock {DIV} at (20,20) size 150x150 [border: (50px solid #0000007F)]
      RenderText {#text} at (190,175) size 4x19
        text run at (190,175) width 4: " "
      RenderBlock {DIV} at (214,20) size 150x150 [border: (50px solid #0000007F) (50px double #0000007F) (50px solid #0000007F)]
      RenderText {#text} at (384,175) size 4x19
        text run at (384,175) width 4: " "
      RenderBlock {DIV} at (408,20) size 150x150 [border: (50px solid #0000007F) none (50px solid #0000007F)]
      RenderText {#text} at (0,0) size 0x0
      RenderBlock {DIV} at (20,215) size 150x150 [border: (50px solid #0000007F) (50px solid #00000000) (50px solid #0000007F)]
      RenderText {#text} at (190,370) size 4x19
        text run at (190,370) width 4: " "
      RenderBlock {DIV} at (214,215) size 150x150 [border: (50px solid #0000007F) (50px solid #00000000) (50px solid #0000007F)]
      RenderText {#text} at (384,370) size 4x19
        text run at (384,370) width 4: " "
      RenderBlock {DIV} at (408,215) size 150x150 [border: (50px solid #0000007F) none (50px solid #00000000) (50px solid #0000007F)]
      RenderText {#text} at (0,0) size 0x0
      RenderBlock {DIV} at (20,410) size 150x150 [border: (50px solid #0000007F) none (50px solid #0000007F)]
      RenderText {#text} at (190,565) size 4x19
        text run at (190,565) width 4: " "
      RenderBlock {DIV} at (214,410) size 150x150 [border: (50px solid #0000007F) none (50px groove #0000007F) (50px solid #0000007F)]
      RenderText {#text} at (0,0) size 0x0
