layer at (0,0) size 800x600
  RenderView at (0,0) size 800x600
layer at (0,0) size 800x364
  RenderBlock {HTML} at (0,0) size 800x364
    RenderBody {BODY} at (8,8) size 784x348
      RenderBlock {DIV} at (0,0) size 784x348 [border: (1px solid #000000)]
        RenderBlock {P} at (6,22) size 772x96
          RenderText {#text} at (318,6) size 454x19
            text run at (318,6) width 79 RTL: "\x{5D1}\x{5D7}\x{5D5}\x{5E5} \x{5D4}\x{5D9}\x{5D4} \x{5E7}\x{5D5}\x{5E8} "
            text run at (397,6) width 182 RTL: "\x{5DE}\x{5D4}\x{5DC}\x{5DA} \x{5D4}\x{5D9}\x{5D9}\x{5EA}\x{5D9} \x{5D1}\x{5E9}\x{5E2}\x{5EA} \x{5E2}\x{5E8}\x{5D1}\x{5D9}\x{5EA} \x{5D1}\x{5E8}\x{5D7}\x{5D5}\x{5D1}. "
            text run at (579,6) width 193 RTL: "\x{5DC}\x{5DE}\x{5D4} \x{5E2}\x{5E9}\x{5D9}\x{5EA}\x{5D9} \x{5D6}\x{5D0}\x{5EA} \x{2013} \x{5D0}\x{5D9}\x{5E0}\x{5D9} \x{5D9}\x{5D5}\x{5D3}\x{5E2} \x{5D1}\x{5E2}\x{5E6}\x{5DE}\x{5D9}. "
          RenderInline {SPAN} at (0,0) size 765x53 [border: (1px solid #0000FF) (10px solid #FFA500) (1px solid #0000FF) (10px solid #008000)]
            RenderText {#text} at (7,6) size 765x51
              text run at (7,6) width 266 RTL: "\x{5D5}\x{5D8}\x{5D7}\x{5D1}, \x{5D2}\x{5E9}\x{5DD} \x{5E9}\x{5DC} \x{5D1}\x{5E6}\x{5D9}\x{5E8} \x{5D3}\x{5E7}, \x{5E7}\x{5E8}, \x{5E2}\x{5D2}\x{5D5}\x{5DD} \x{5D5}\x{5DE}\x{5DE}\x{5D5}\x{5E9}\x{5DA} \x{5D4}\x{5E1}\x{5EA}\x{5E0}\x{5DF}"
              text run at (64,38) width 234 RTL: "\x{5DC}\x{5E9}\x{5D4}\x{5D5}\x{5EA} \x{5D9}\x{5D5}\x{5EA}\x{5E8} \x{5D1}\x{5D7}\x{5D5}\x{5E5} \x{5DC}\x{5D0} \x{5D4}\x{5D9}\x{5D4} \x{5E0}\x{5E2}\x{5D9}\x{5DD} \x{5DB}\x{5DC}\x{5DC}, \x{5D5}\x{5D1}\x{5D1}\x{5D9}\x{5EA} "
              text run at (298,38) width 474 RTL: "\x{5D1}\x{5DC}\x{5D9} \x{5D4}\x{5E4}\x{5E1}\x{5E7} \x{5DE}\x{5DC}\x{5DE}\x{5E2}\x{5DC}\x{5D4}, \x{5DB}\x{5DE}\x{5D5} \x{5DE}\x{5EA}\x{5D5}\x{5DA} \x{5E0}\x{5E4}\x{5D4} \x{5D3}\x{5E7}\x{5D4}, \x{5D5}\x{5DE}\x{5DC}\x{5DE}\x{5D8}\x{5D4} \x{5D4}\x{5EA}\x{5D1}\x{5D5}\x{5E1}\x{5E1} \x{5E8}\x{5E4}\x{5E9} \x{5D3}\x{5E7} \x{5DC}\x{5DB}\x{5DC} \x{5DE}\x{5D3}\x{5E8}\x{5DA} \x{5DB}\x{5E3} \x{5E8}\x{5D2}\x{5DC}... "
          RenderText {#text} at (3,38) size 769x51
            text run at (3,38) width 16 RTL: "\x{5D4}\x{5D9}\x{5D5}"
            text run at (359,70) width 413 RTL: "\x{5E6}\x{5E4}\x{5D5}\x{5D9}\x{5D9}\x{5DD} \x{5DC}\x{5D9} \x{5D0}\x{5E8}\x{5D1}\x{5E2}\x{5EA} \x{5DB}\x{5EA}\x{5DC}\x{5D9} \x{5D7}\x{5D3}\x{5E8}\x{5D9} \x{5D4}\x{5E7}\x{5D5}\x{5D3}\x{5E8}\x{5D9}\x{5DD} \x{5D5}\x{5D4}\x{5D0}\x{5DC}\x{5DE}\x{5D9}\x{5DD} \x{5D9}\x{5D7}\x{5D3} \x{5E2}\x{5DD} \x{5D1}\x{5D3}\x{5D9}\x{5D3}\x{5D5}\x{5EA} \x{5DB}\x{5D1}\x{5D3}\x{5D4} \x{5D5}\x{5DE}\x{5E2}\x{5D9}\x{5E7}\x{5D4}"
        RenderBlock {P} at (6,134) size 772x192
          RenderText {#text} at (12,6) size 767x51
            text run at (12,6) width 559: "Lorem ipsum dolor sit amet, consectetur adipisicing elit, sed do eiusmod tempor incididunt ut "
            text run at (571,6) width 201: "labore et dolore magna aliqua. Ut"
            text run at (5,38) width 340: "enim ad minim veniam, quis nostrud exercitation ullamco "
          RenderInline {SPAN} at (0,0) size 771x85 [border: (1px solid #0000FF) (10px solid #FFA500) (1px solid #0000FF) (10px solid #008000)]
            RenderText {#text} at (345,38) size 771x83
              text run at (345,38) width 382: "laboris nisi ut aliquip ex ea commodo consequat. Duis aute irure"
              text run at (1,70) width 148: "dolor in reprehenderit in "
              text run at (149,70) width 543: "voluptate velit esse cillum dolore eu fugiat nulla pariatur. Excepteur sint occaecat cupidatat "
              text run at (692,70) width 80: "non proident,"
              text run at (58,102) width 475: "sunt in culpa qui officia deserunt mollit anim id est laborum. Lorem ipsum dolor "
          RenderText {#text} at (533,102) size 738x83
            text run at (533,102) width 239: "sit amet, consectetur adipisicing elit, sed"
            text run at (34,134) width 297: "do eiusmod tempor incididunt ut labore et dolore "
            text run at (331,134) width 441: "magna aliqua. Ut enim ad minim veniam, quis nostrud exercitation ullamco"
            text run at (647,166) width 4 RTL: "."
            text run at (651,166) width 121: "laboris nisi ut aliquip"
