layer at (0,0) size 785x688
  RenderView at (0,0) size 785x600
layer at (0,0) size 785x688
  RenderBlock {HTML} at (0,0) size 785x689
    RenderBody {BODY} at (8,16) size 769x665
      RenderBlock {P} at (0,0) size 769x40
        RenderText {#text} at (0,0) size 742x39
          text run at (0,0) width 720: "There should be a SPAN in the middle of all four paragraphs that has padding, a green border, and a margin on the left, "
          text run at (720,0) width 22: "and"
          text run at (0,20) width 320: "padding, an orange border, and a margin on the right."
      RenderBlock {H1} at (0,56) size 769x20
        RenderText {#text} at (0,0) size 88x19
          text run at (0,0) width 88: "Left-to-Right"
      RenderBlock {DIV} at (0,86) size 769x253 [border: (1px solid #000000)]
        RenderBlock {P} at (6,22) size 757x32
          RenderText {#text} at (0,6) size 119x19
            text run at (0,6) width 119: "Lorem ipsum dolor "
          RenderInline {SPAN} at (0,0) size 182x21 [border: (1px solid #0000FF) (10px solid #FFA500) (1px solid #0000FF) (10px solid #008000)]
            RenderText {#text} at (164,6) size 127x19
              text run at (164,6) width 127: "sit amet, consectetur "
          RenderText {#text} at (336,6) size 313x19
            text run at (336,6) width 313: "adipisicing elit, sed do eiusmod tempor incididunt ut."
        RenderBlock {P} at (6,70) size 757x160
          RenderText {#text} at (0,6) size 741x51
            text run at (0,6) width 559: "Lorem ipsum dolor sit amet, consectetur adipisicing elit, sed do eiusmod tempor incididunt ut "
            text run at (559,6) width 182: "labore et dolore magna aliqua."
            text run at (0,38) width 359: "Ut enim ad minim veniam, quis nostrud exercitation ullamco "
          RenderInline {SPAN} at (0,0) size 745x85 [border: (1px solid #0000FF) (10px solid #FFA500) (1px solid #0000FF) (10px solid #008000)]
            RenderText {#text} at (359,38) size 744x83
              text run at (359,38) width 351: "laboris nisi ut aliquip ex ea commodo consequat. Duis aute"
              text run at (0,70) width 179: "irure dolor in reprehenderit in "
              text run at (179,70) width 543: "voluptate velit esse cillum dolore eu fugiat nulla pariatur. Excepteur sint occaecat cupidatat "
              text run at (722,70) width 22: "non"
              text run at (45,102) width 533: "proident, sunt in culpa qui officia deserunt mollit anim id est laborum. Lorem ipsum dolor "
          RenderText {#text} at (578,102) size 701x51
            text run at (578,102) width 123: "sit amet, consectetur"
            text run at (0,134) width 409: "adipisicing elit, sed do eiusmod tempor incididunt ut labore et dolore"
      RenderBlock {H1} at (0,349) size 769x21
        RenderText {#text} at (0,0) size 88x19
          text run at (0,0) width 88: "Right-to-Left"
      RenderBlock {DIV} at (0,380) size 769x285 [border: (1px solid #000000)]
        RenderBlock {P} at (6,22) size 757x32
          RenderText {#text} at (112,6) size 119x19
            text run at (112,6) width 119: "Lorem ipsum dolor "
          RenderInline {SPAN} at (0,0) size 182x21 [border: (1px solid #0000FF) (10px solid #FFA500) (1px solid #0000FF) (10px solid #008000)]
            RenderText {#text} at (276,6) size 127x19
              text run at (276,6) width 127: "sit amet, consectetur "
          RenderText {#text} at (108,6) size 649x19
            text run at (108,6) width 4 RTL: "."
            text run at (448,6) width 309: "adipisicing elit, sed do eiusmod tempor incididunt ut"
        RenderBlock {P} at (6,70) size 757x192
          RenderText {#text} at (16,6) size 755x51
            text run at (16,6) width 559: "Lorem ipsum dolor sit amet, consectetur adipisicing elit, sed do eiusmod tempor incididunt ut "
            text run at (575,6) width 182: "labore et dolore magna aliqua."
            text run at (2,38) width 359: "Ut enim ad minim veniam, quis nostrud exercitation ullamco "
          RenderInline {SPAN} at (0,0) size 744x85 [border: (1px solid #0000FF) (10px solid #FFA500) (1px solid #0000FF) (10px solid #008000)]
            RenderText {#text} at (406,38) size 744x83
              text run at (406,38) width 351: "laboris nisi ut aliquip ex ea commodo consequat. Duis aute"
              text run at (13,70) width 179: "irure dolor in reprehenderit in "
              text run at (192,70) width 543: "voluptate velit esse cillum dolore eu fugiat nulla pariatur. Excepteur sint occaecat cupidatat "
              text run at (735,70) width 22: "non"
              text run at (56,102) width 533: "proident, sunt in culpa qui officia deserunt mollit anim id est laborum. Lorem ipsum dolor "
          RenderText {#text} at (634,102) size 731x83
            text run at (634,102) width 123: "sit amet, consectetur"
            text run at (26,134) width 413: "adipisicing elit, sed do eiusmod tempor incididunt ut labore et dolore "
            text run at (439,134) width 318: "magna aliqua. Ut enim ad minim veniam, quis nostrud"
            text run at (509,166) width 4 RTL: "."
            text run at (513,166) width 244: "exercitation ullamco laboris nisi ut aliquip"
