layer at (0,0) size 800x600
  RenderView at (0,0) size 800x600
layer at (0,0) size 800x600
  RenderBlock {HTML} at (0,0) size 800x600
    RenderBody {BODY} at (8,8) size 784x576
      RenderBlock {P} at (0,0) size 100x140
        RenderText {#text} at (0,0) size 100x139
          text run at (0,0) width 100: "This paragraph"
          text run at (0,20) width 100: "contains justified"
          text run at (0,40) width 35: "text. "
          text run at (34,40) width 66: "Within the"
          text run at (0,60) width 69: "constrained"
          text run at (0,80) width 100: "width, this text"
          text run at (0,100) width 100: "should be"
          text run at (0,120) width 50: "justified."
      RenderBlock {P} at (0,156) size 100x160
        RenderText {#text} at (0,0) size 100x159
          text run at (0,0) width 100: "This paragraph"
          text run at (0,20) width 100: "also contains"
          text run at (0,40) width 100: "justified text."
          text run at (0,60) width 100: "Within the"
          text run at (0,80) width 69: "constrained"
          text run at (0,100) width 100: "width, this text"
          text run at (0,120) width 100: "should be"
          text run at (0,140) width 50: "justified."
