layer at (0,0) size 800x600
  RenderView at (0,0) size 800x600
layer at (0,0) size 800x600
  RenderBlock {HTML} at (0,0) size 800x600
    RenderBody {BODY} at (8,8) size 784x584
      RenderTable {TABLE} at (0,0) size 784x46 [border: (2px outset #808080)]
        RenderTableSection {TBODY} at (2,2) size 780x42
          RenderTableRow {TR} at (0,0) size 780x42
            RenderTableCell {TD} at (0,10) size 723x22 [border: (1px inset #808080)] [r=0 c=0 rs=1 cs=1]
              RenderText {#text} at (1,1) size 68x19
                text run at (1,1) width 68: "A Big Cell"
            RenderTableCell {TD} at (723,0) size 57x42 [border: (1px inset #808080)] [r=0 c=1 rs=1 cs=1]
              RenderText {#text} at (1,1) size 33x39
                text run at (1,1) width 11: "A"
                text run at (1,21) width 33: "small"
              RenderInline {SPAN} at (0,0) size 22x19
                RenderText {#text} at (34,21) size 22x19
                  text run at (34,21) width 22: "cell"
      RenderTable {TABLE} at (0,46) size 784x46 [border: (2px outset #808080)]
        RenderTableSection {TBODY} at (2,2) size 780x42
          RenderTableRow {TR} at (0,0) size 780x42
            RenderTableCell {TD} at (0,10) size 716x22 [border: (1px inset #808080)] [r=0 c=0 rs=1 cs=1]
              RenderText {#text} at (1,1) size 68x19
                text run at (1,1) width 68: "A Big Cell"
            RenderTableCell {TD} at (716,0) size 64x42 [border: (1px inset #808080)] [r=0 c=1 rs=1 cs=1]
              RenderText {#text} at (1,1) size 48x19
                text run at (1,1) width 48: "A small"
                text run at (49,1) width 0: " "
              RenderInline {SPAN} at (0,0) size 22x19
                RenderText {#text} at (1,21) size 22x19
                  text run at (1,21) width 22: "cell"
              RenderText {#text} at (23,21) size 40x19
                text run at (23,21) width 40: "block!"
      RenderTable {TABLE} at (0,92) size 784x26 [border: (2px outset #808080)]
        RenderTableSection {TBODY} at (2,2) size 780x22
          RenderTableRow {TR} at (0,0) size 780x22
            RenderTableCell {TD} at (0,0) size 708x22 [border: (1px inset #808080)] [r=0 c=0 rs=1 cs=1]
              RenderText {#text} at (1,1) size 68x19
                text run at (1,1) width 68: "A Big Cell"
            RenderTableCell {TD} at (708,0) size 72x22 [border: (1px inset #808080)] [r=0 c=1 rs=1 cs=1]
              RenderText {#text} at (1,1) size 48x19
                text run at (1,1) width 48: "A small"
              RenderInline {SPAN} at (0,0) size 22x19
                RenderText {#text} at (49,1) size 22x19
                  text run at (49,1) width 22: "cell"
