layer at (0,0) size 800x600
  RenderView at (0,0) size 800x600
layer at (0,0) size 800x280
  RenderBlock {HTML} at (0,0) size 800x280
    RenderBody {BODY} at (8,21) size 784x243
      RenderBlock {H1} at (0,0) size 784x37
        RenderText {#text} at (0,0) size 529x36
          text run at (0,0) width 529: "Letter spacing lost for emphasized text"
      RenderBlock {P} at (0,58) size 784x41
        RenderText {#text} at (0,0) size 281x19
          text run at (0,0) width 281: "This example demonstrates that text inside a "
        RenderInline {CODE} at (0,0) size 8x16
          RenderText {#text} at (281,3) size 8x16
            text run at (281,3) width 8: "b"
        RenderText {#text} at (289,0) size 8x19
          text run at (289,0) width 8: ", "
        RenderInline {CODE} at (0,0) size 8x16
          RenderText {#text} at (297,3) size 8x16
            text run at (297,3) width 8: "i"
        RenderText {#text} at (305,0) size 8x19
          text run at (305,0) width 8: ", "
        RenderInline {CODE} at (0,0) size 48x16
          RenderText {#text} at (313,3) size 48x16
            text run at (313,3) width 48: "strong"
        RenderText {#text} at (361,0) size 21x19
          text run at (361,0) width 21: " or "
        RenderInline {CODE} at (0,0) size 16x16
          RenderText {#text} at (382,3) size 16x16
            text run at (382,3) width 16: "em"
        RenderText {#text} at (398,0) size 110x19
          text run at (398,0) width 110: " element loses its "
        RenderInline {CODE} at (0,0) size 112x16
          RenderText {#text} at (508,3) size 112x16
            text run at (508,3) width 112: "letter-spacing"
        RenderText {#text} at (620,0) size 781x39
          text run at (620,0) width 161: " CSS attribute that should"
          text run at (0,20) width 296: "be inherited. This was discovered in Safari 1.0."
      RenderBlock {DIV} at (0,114) size 784x129
        RenderBlock {P} at (0,0) size 784x20
          RenderText {#text} at (0,0) size 131x19
            text run at (0,0) width 131: "Text inside "
          RenderInline {B} at (0,0) size 50x19
            RenderText {#text} at (130,0) size 50x19
              text run at (130,0) width 50: "bold"
          RenderText {#text} at (179,0) size 101x19
            text run at (179,0) width 101: " element."
        RenderBlock {P} at (0,36) size 784x20
          RenderText {#text} at (0,0) size 131x19
            text run at (0,0) width 131: "Text inside "
          RenderInline {STRONG} at (0,0) size 73x19
            RenderText {#text} at (130,0) size 73x19
              text run at (130,0) width 73: "strong"
          RenderText {#text} at (202,0) size 101x19
            text run at (202,0) width 101: " element."
        RenderBlock {P} at (0,72) size 784x20
          RenderText {#text} at (0,0) size 131x19
            text run at (0,0) width 131: "Text inside "
          RenderInline {I} at (0,0) size 61x19
            RenderText {#text} at (130,0) size 61x19
              text run at (130,0) width 61: "italic"
          RenderText {#text} at (190,0) size 101x19
            text run at (190,0) width 101: " element."
        RenderBlock {P} at (0,108) size 784x20
          RenderText {#text} at (0,0) size 131x19
            text run at (0,0) width 131: "Text inside "
          RenderInline {EM} at (0,0) size 98x19
            RenderText {#text} at (130,0) size 99x19
              text run at (130,0) width 99: "emphasis"
          RenderText {#text} at (228,0) size 101x19
            text run at (228,0) width 101: " element."
