layer at (0,0) size 800x600
  RenderView at (0,0) size 800x600
layer at (0,0) size 800x600
  RenderBlock {HTML} at (0,0) size 800x600
    RenderBody {BODY} at (8,8) size 784x576
      RenderBlock {DIV} at (0,0) size 396x208 [border: (2px solid #FF0000)]
        RenderBlock {P} at (2,18) size 392x40
          RenderText {#text} at (0,0) size 387x39
            text run at (0,0) width 387: "I\x{2019}m told this is the longest word in the English language: anti\x{AD}" + hyphen string "\x{2010}"
            text run at (0,20) width 160: "dis\x{AD}est\x{AD}ab\x{AD}lish\x{AD}ment\x{AD}arian\x{AD}ism."
        RenderBlock {P} at (2,74) size 392x40
          RenderText {#text} at (0,0) size 387x39
            text run at (0,0) width 387: "I\x{2019}m told this is the longest word in the English language: anti\x{AD}" + hyphen string "\x{2010}"
            text run at (0,20) width 160: "dis\x{AD}est\x{AD}ab\x{AD}lish\x{AD}ment\x{AD}arian\x{AD}ism."
        RenderBlock {P} at (2,130) size 392x60
          RenderText {#text} at (0,0) size 387x39
            text run at (0,0) width 387: "I\x{2019}m told this is the longest word in the English language: anti\x{AD}" + hyphen string "\x{2010}"
            text run at (0,20) width 50: "dis\x{AD}est\x{AD}ab\x{AD}"
          RenderBR {BR} at (50,20) size 0x19
          RenderText {#text} at (0,40) size 110x19
            text run at (0,40) width 110: "lish\x{AD}ment\x{AD}arian\x{AD}ism."
      RenderBlock {P} at (0,224) size 784x0
      RenderBlock (floating) {DIV} at (0,224) size 546x148 [border: (2px solid #FF0000)]
        RenderBlock {P} at (2,18) size 542x20
          RenderText {#text} at (0,0) size 542x19
            text run at (0,0) width 542: "I\x{2019}m told this is the longest word in the English language: anti\x{AD}dis\x{AD}est\x{AD}ab\x{AD}lish\x{AD}ment\x{AD}arian\x{AD}ism."
        RenderBlock {P} at (2,54) size 542x20
          RenderText {#text} at (0,0) size 542x19
            text run at (0,0) width 542: "I\x{2019}m told this is the longest word in the English language: anti\x{AD}dis\x{AD}est\x{AD}ab\x{AD}lish\x{AD}ment\x{AD}arian\x{AD}ism."
        RenderBlock {P} at (2,90) size 542x40
          RenderText {#text} at (0,0) size 432x19
            text run at (0,0) width 432: "I\x{2019}m told this is the longest word in the English language: anti\x{AD}dis\x{AD}est\x{AD}ab\x{AD}"
          RenderBR {BR} at (432,0) size 0x19
          RenderText {#text} at (0,20) size 110x19
            text run at (0,20) width 110: "lish\x{AD}ment\x{AD}arian\x{AD}ism."
