layer at (0,0) size 800x600
  RenderView at (0,0) size 800x600
layer at (0,0) size 800x600
  RenderBlock {HTML} at (0,0) size 800x600
    RenderBody {BODY} at (8,8) size 784x576
      RenderBlock {P} at (0,0) size 784x40
        RenderText {#text} at (0,0) size 212x19
          text run at (0,0) width 212: "This tests for a regression against "
        RenderInline {I} at (0,0) size 759x39
          RenderInline {A} at (0,0) size 348x19 [color=#0000EE]
            RenderText {#text} at (212,0) size 348x19
              text run at (212,0) width 348: "http://bugzilla.opendarwin.org/show_bug.cgi?id=6418"
          RenderText {#text} at (560,0) size 759x39
            text run at (560,0) width 4: " "
            text run at (564,0) width 195: "Incorrect scrollbar when using"
            text run at (0,20) width 279: "overflow:auto and word-wrap:break-word; "
            text run at (279,20) width 87: "in some cases"
        RenderText {#text} at (366,20) size 4x19
          text run at (366,20) width 4: "."
      RenderBlock {P} at (0,74) size 784x20
        RenderText {#text} at (0,0) size 261x19
          text run at (0,0) width 261: "The first line should break after \x{201C}Lorem\x{201D}."
      RenderBlock {DIV} at (0,110) size 85x42 [border: (1px solid #00FFFF)]
        RenderText {#text} at (1,1) size 42x39
          text run at (1,1) width 42: "Lorem"
          text run at (1,21) width 38: "ipsum"
        RenderInline {SPAN} at (0,0) size 37x19
          RenderText {#text} at (39,21) size 37x19
            text run at (39,21) width 37: " dolor"
        RenderText {#text} at (0,0) size 0x0
      RenderBlock {P} at (0,178) size 784x20
        RenderText {#text} at (0,0) size 659x19
          text run at (0,0) width 477: "The first line should break after the letter u, so that the gray border does not "
          text run at (477,0) width 182: "extend beyond the cyan box."
      RenderBlock {DIV} at (0,214) size 87x42 [border: (1px solid #00FFFF)]
        RenderInline {SPAN} at (0,0) size 68x39 [border: none (30px solid #C0C0C0) none]
          RenderText {#text} at (1,1) size 68x39
            text run at (1,1) width 68: "Loremipsu"
            text run at (1,21) width 12: "m"
        RenderText {#text} at (0,0) size 0x0
      RenderBlock {P} at (0,282) size 784x20
        RenderText {#text} at (0,0) size 609x19
          text run at (0,0) width 427: "The first line should break after the letter p, so that the text does not "
          text run at (427,0) width 182: "extend beyond the cyan box."
      RenderBlock {DIV} at (0,318) size 87x42 [border: (1px solid #00FFFF)]
        RenderInline {SPAN} at (0,0) size 84x39 [border: none (30px solid #C0C0C0)]
          RenderText {#text} at (31,1) size 84x39
            text run at (31,1) width 54: "Loremip"
            text run at (1,21) width 26: "sum"
        RenderText {#text} at (0,0) size 0x0
      RenderBlock {P} at (0,386) size 784x20
        RenderText {#text} at (0,0) size 253x19
          text run at (0,0) width 253: "\x{201C}Dolor\x{201D} should not break into two lines."
layer at (8,64) size 784x2 clip at (0,0) size 0x0
  RenderBlock {HR} at (0,56) size 784x2 [border: (1px inset #000000)]
layer at (8,168) size 784x2 clip at (0,0) size 0x0
  RenderBlock {HR} at (0,160) size 784x2 [border: (1px inset #000000)]
layer at (8,272) size 784x2 clip at (0,0) size 0x0
  RenderBlock {HR} at (0,264) size 784x2 [border: (1px inset #000000)]
layer at (8,376) size 784x2 clip at (0,0) size 0x0
  RenderBlock {HR} at (0,368) size 784x2 [border: (1px inset #000000)]
layer at (8,430) size 39x22
  RenderBlock (positioned) {DIV} at (8,430) size 39x22
    RenderBlock {DIV} at (0,0) size 39x22 [border: (1px solid #00FFFF)]
      RenderText {#text} at (1,1) size 37x19
        text run at (1,1) width 37: "Dolor"
