layer at (0,0) size 800x600
  RenderView at (0,0) size 800x600
layer at (0,0) size 800x99
  RenderBlock {HTML} at (0,0) size 800x99
    RenderBody {BODY} at (8,16) size 784x75
      RenderBlock {P} at (0,0) size 784x36
        RenderText {#text} at (0,0) size 780x36
          text run at (0,0) width 780: "This tests that that an autofilled and viewable Strong Password decorated text field reverts to its original appearance when"
          text run at (0,18) width 340: "the form is reset. It can only be tested in the test tool."
      RenderBlock {FORM} at (0,52) size 784x23
        RenderTextControl {INPUT} at (2,2) size 147x19 [bgcolor=#FFFFFF] [border: (2px inset #000000)]
          RenderFlexibleBox {DIV} at (3,3) size 141x13
            RenderBlock {DIV} at (0,0) size 141x13
        RenderText {#text} at (0,0) size 0x0
layer at (13,73) size 141x13
  RenderBlock {DIV} at (0,0) size 141x13
    RenderText {#text} at (0,0) size 47x13
      text run at (0,0) width 47: "\x{2022}\x{2022}\x{2022}\x{2022}\x{2022}\x{2022}\x{2022}\x{2022}\x{2022}"
