layer at (0,0) size 800x600
  RenderView at (0,0) size 800x600
layer at (0,0) size 800x594 isolatesBlending
  RenderBlock {HTML} at (0,0) size 800x594
    RenderBody {BODY} at (8,16) size 784x562
      RenderBlock {UL} at (0,0) size 784x562
        RenderBlock {OL} at (40,0) size 744x160
          RenderListItem {LI} at (40,0) size 704x20
            RenderListMarker at (-21,0) size 16x19: "1"
            RenderText {#text} at (0,0) size 319x19
              text run at (0,0) width 319: "No blending. Duck should be yellow everywhere."
          RenderListItem {LI} at (40,20) size 704x20
            RenderListMarker at (-21,0) size 16x19: "2"
            RenderText {#text} at (0,0) size 540x19
              text run at (0,0) width 540: "Simple blending. Duck should be a horizontal rainbow inside, and blue on overflow."
          RenderListItem {LI} at (40,40) size 704x40
            RenderListMarker at (-21,0) size 16x19: "3"
            RenderText {#text} at (0,0) size 701x39
              text run at (0,0) width 701: "Parent is a stacking context. Duck should be a horizontal rainbow inside, and yellow on overflow (since there"
              text run at (0,20) width 244: "is no background there to blend with)."
          RenderListItem {LI} at (40,80) size 704x20
            RenderListMarker at (-21,0) size 16x19: "4"
            RenderText {#text} at (0,0) size 681x19
              text run at (0,0) width 681: "Intermediate parent - no stacking context. Duck should be a vertical gradient inside, and blue on overflow."
          RenderListItem {LI} at (40,100) size 704x40
            RenderListMarker at (-21,0) size 16x19: "5"
            RenderText {#text} at (0,0) size 695x39
              text run at (0,0) width 695: "Intermediate parent with grandparent stacking context. Duck should be a vertical gradient inside, and yellow"
              text run at (0,20) width 81: "on overflow."
          RenderListItem {LI} at (40,140) size 704x20
            RenderListMarker at (-21,0) size 16x19: "6"
            RenderText {#text} at (0,0) size 641x19
              text run at (0,0) width 641: "Intermediate parent has overflow. Duck should be a vertical gradient inside, and overflow is hidden."
        RenderBlock (anonymous) at (40,192) size 744x370
          RenderBlock {DIV} at (0,0) size 180x180
          RenderText {#text} at (180,165) size 4x19
            text run at (180,165) width 4: " "
          RenderText {#text} at (0,0) size 0x0
          RenderBlock {DIV} at (184,0) size 180x180
          RenderText {#text} at (364,165) size 4x19
            text run at (364,165) width 4: " "
          RenderText {#text} at (0,0) size 0x0
          RenderBlock {DIV} at (368,0) size 180x180
          RenderText {#text} at (548,165) size 4x19
            text run at (548,165) width 4: " "
          RenderText {#text} at (0,0) size 0x0
          RenderBlock {DIV} at (552,0) size 180x180
          RenderText {#text} at (0,0) size 0x0
          RenderText {#text} at (0,0) size 0x0
          RenderBlock {DIV} at (0,185) size 180x180
          RenderText {#text} at (180,350) size 4x19
            text run at (180,350) width 4: " "
          RenderText {#text} at (0,0) size 0x0
          RenderBlock {DIV} at (184,185) size 180x180
          RenderText {#text} at (0,0) size 0x0
layer at (48,208) size 150x150
  RenderBlock (relative positioned) {DIV} at (0,0) size 150x150
layer at (68,228) size 150x150
  RenderImage {IMG} at (20,20) size 150x150
layer at (232,208) size 150x150
  RenderBlock (relative positioned) {DIV} at (0,0) size 150x150
layer at (252,228) size 150x150 blendMode: difference
  RenderImage {IMG} at (20,20) size 150x150
layer at (416,208) size 150x150 isolatesBlending
  RenderBlock (relative positioned) {DIV} at (0,0) size 150x150
layer at (436,228) size 150x150 blendMode: difference
  RenderImage {IMG} at (20,20) size 150x150
layer at (600,208) size 150x150
  RenderBlock (relative positioned) {DIV} at (0,0) size 150x150
layer at (610,218) size 150x150
  RenderBlock (positioned) {DIV} at (10,10) size 150x150
layer at (630,238) size 150x150 blendMode: difference
  RenderImage {IMG} at (20,20) size 150x150
layer at (48,393) size 150x150 isolatesBlending
  RenderBlock (relative positioned) {DIV} at (0,0) size 150x150
layer at (58,403) size 150x150
  RenderBlock (positioned) {DIV} at (10,10) size 150x150
layer at (78,423) size 150x150 blendMode: difference
  RenderImage {IMG} at (20,20) size 150x150
layer at (232,393) size 150x150 isolatesBlending
  RenderBlock (relative positioned) {DIV} at (0,0) size 150x150
layer at (242,403) size 150x150 scrollWidth 170 scrollHeight 170
  RenderBlock (positioned) {DIV} at (10,10) size 150x150
layer at (262,423) size 150x150 backgroundClip at (242,403) size 150x150 clip at (242,403) size 150x150 blendMode: difference
  RenderImage {IMG} at (20,20) size 150x150
