layer at (0,0) size 800x600
  RenderView at (0,0) size 800x600
layer at (0,0) size 800x465
  RenderBlock {HTML} at (0,0) size 800x465
    RenderBody {BODY} at (8,16) size 784x441
      RenderBlock {P} at (0,0) size 784x20
        RenderText {#text} at (0,0) size 672x19
          text run at (0,0) width 672: "Test if clip-path doesn't cause isolation. This test passes if you see a green rectangle with yellow borders."
      RenderBlock (anonymous) at (0,36) size 784x405
        RenderSVGRoot {svg} at (8,52) size 160x160
          RenderSVGHiddenContainer {defs} at (0,0) size 0x0
            RenderSVGResourceClipper {clipPath} [id="clip"] [clipPathUnits=userSpaceOnUse]
              RenderSVGRect {rect} at (18,62) size 20x20 [fill={[type=SOLID] [color=#000000]}] [x=10.00] [y=10.00] [width=20.00] [height=20.00]
          RenderSVGContainer {g} at (8,52) size 160x160 [transform={m=((4.00,0.00)(0.00,4.00)) t=(0.00,0.00)}]
            RenderSVGRect {rect} at (8,52) size 160x160 [fill={[type=SOLID] [color=#FFFF00]}] [x=0.00] [y=0.00] [width=40.00] [height=40.00]
            RenderSVGContainer {g} at (48,92) size 80x80
              [clipPath="clip"] RenderSVGResourceClipper {clipPath} at (10,10) size 20x20
              RenderSVGRect {rect} at (8,52) size 160x160 [fill={[type=SOLID] [color=#FF0000]}] [x=0.00] [y=0.00] [width=40.00] [height=40.00]
        RenderText {#text} at (0,0) size 0x0
