layer at (0,0) size 800x600
  RenderView at (0,0) size 800x600
layer at (0,0) size 800x160
  RenderBlock {html} at (0,0) size 800x160
    RenderBody {body} at (8,16) size 784x136
      RenderBlock {p} at (0,0) size 784x18
        RenderText {#text} at (0,0) size 355x17
          text run at (0,0) width 355: "Test passes if there is a box with rounded corners below."
      RenderTable {div} at (0,34) size 102x102 [border: (3px solid #008000)]
        RenderTableSection (anonymous) at (3,3) size 96x96
          RenderTableRow {div} at (0,0) size 96x96
            RenderTableCell {div} at (0,0) size 96x0 [r=0 c=0 rs=1 cs=1]
