layer at (0,0) size 800x600
  RenderView at (0,0) size 800x600
layer at (0,0) size 800x522
  RenderBlock {html} at (0,0) size 800x522
    RenderBody {body} at (8,16) size 784x498
      RenderBlock {p} at (0,0) size 784x18
        RenderText {#text} at (0,0) size 649x17
          text run at (0,0) width 649: "Test passes if the top left corner of each of the boxes is curved and if there is no red visible on the page."
      RenderTable {table} at (0,34) size 310x464
        RenderTableSection (anonymous) at (0,0) size 310x464
          RenderTableRow {tr} at (0,2) size 310x152
            RenderTableCell {td} at (2,7) size 152x142 [r=0 c=0 rs=1 cs=1]
              RenderBlock {div} at (1,6) size 100x140 [border: (20px solid #FF0000)]
              RenderBlock {div} at (1,6) size 100x140 [border: (20px solid #000000)]
            RenderTableCell {td} at (156,7) size 152x142 [r=0 c=1 rs=1 cs=1]
              RenderBlock {div} at (1,6) size 100x140 [border: (20px solid #FF0000)]
              RenderBlock {div} at (1,6) size 100x140 [border: (20px solid #000000)]
          RenderTableRow {tr} at (0,156) size 310x152
            RenderTableCell {td} at (2,161) size 152x142 [r=1 c=0 rs=1 cs=1]
              RenderBlock {div} at (1,6) size 100x140 [border: (20px solid #FF0000)]
              RenderBlock {div} at (1,6) size 100x140 [border: (20px solid #000000)]
            RenderTableCell {td} at (156,161) size 152x142 [r=1 c=1 rs=1 cs=1]
              RenderBlock {div} at (1,6) size 100x140 [border: (20px solid #FF0000)]
              RenderBlock {div} at (1,6) size 100x140 [border: (20px solid #000000)]
          RenderTableRow {tr} at (0,310) size 310x152
            RenderTableCell {td} at (2,315) size 152x142 [r=2 c=0 rs=1 cs=1]
              RenderBlock {div} at (1,6) size 100x140 [border: (20px solid #FF0000)]
              RenderBlock {div} at (1,6) size 100x140 [border: (20px solid #000000)]
            RenderTableCell {td} at (156,315) size 152x142 [r=2 c=1 rs=1 cs=1]
              RenderBlock {div} at (1,6) size 100x140 [border: (20px solid #FF0000)]
              RenderBlock {div} at (1,6) size 100x140 [border: (20px solid #000000)]
