layer at (0,0) size 800x600
  RenderView at (0,0) size 800x600
layer at (0,0) size 800x432
  RenderBlock {html} at (0,0) size 800x432
    RenderBody {body} at (8,16) size 784x408
      RenderBlock {p} at (0,0) size 784x18
        RenderText {#text} at (0,0) size 658x17
          text run at (0,0) width 658: "Test passes if the top right corner of each of the boxes is curved and if there is no red visible on the page."
      RenderTable {table} at (0,34) size 310x374
        RenderTableSection (anonymous) at (0,0) size 310x374
          RenderTableRow {tr} at (0,2) size 310x122
            RenderTableCell {td} at (2,12) size 152x102 [r=0 c=0 rs=1 cs=1]
              RenderBlock {div} at (1,11) size 140x100 [border: (20px solid #FF0000)]
              RenderBlock {div} at (1,11) size 140x100 [border: (20px solid #000000)]
            RenderTableCell {td} at (156,12) size 152x102 [r=0 c=1 rs=1 cs=1]
              RenderBlock {div} at (1,11) size 140x100 [border: (20px solid #FF0000)]
              RenderBlock {div} at (1,11) size 140x100 [border: (20px solid #000000)]
          RenderTableRow {tr} at (0,126) size 310x122
            RenderTableCell {td} at (2,136) size 152x102 [r=1 c=0 rs=1 cs=1]
              RenderBlock {div} at (1,11) size 140x100 [border: (20px solid #FF0000)]
              RenderBlock {div} at (1,11) size 140x100 [border: (20px solid #000000)]
            RenderTableCell {td} at (156,136) size 152x102 [r=1 c=1 rs=1 cs=1]
              RenderBlock {div} at (1,11) size 140x100 [border: (20px solid #FF0000)]
              RenderBlock {div} at (1,11) size 140x100 [border: (20px solid #000000)]
          RenderTableRow {tr} at (0,250) size 310x122
            RenderTableCell {td} at (2,260) size 152x102 [r=2 c=0 rs=1 cs=1]
              RenderBlock {div} at (1,11) size 140x100 [border: (20px solid #FF0000)]
              RenderBlock {div} at (1,11) size 140x100 [border: (20px solid #000000)]
            RenderTableCell {td} at (156,260) size 152x102 [r=2 c=1 rs=1 cs=1]
              RenderBlock {div} at (1,11) size 140x100 [border: (20px solid #FF0000)]
              RenderBlock {div} at (1,11) size 140x100 [border: (20px solid #000000)]
