layer at (0,0) size 800x600
  RenderView at (0,0) size 800x600
layer at (0,0) size 800x160
  RenderBlock {html} at (0,0) size 800x160
    RenderBody {body} at (8,16) size 784x136
      RenderBlock {p} at (0,0) size 784x18
        RenderText {#text} at (0,0) size 355x17
          text run at (0,0) width 355: "Test passes if there is a box with rounded corners below."
      RenderBlock {div} at (0,34) size 784x102
        RenderBlock {span} at (0,0) size 102x102 [border: (3px solid #008000)]
