layer at (0,0) size 800x600
  RenderView at (0,0) size 800x600
layer at (0,0) size 800x156
  RenderBlock {html} at (0,0) size 800x156
    RenderBody {body} at (8,16) size 784x132
      RenderBlock {p} at (0,0) size 784x18
        RenderText {#text} at (0,0) size 302x17
          text run at (0,0) width 302: "Test passes if there is no red visible on the page."
      RenderBlock {div} at (0,34) size 194x98 [bgcolor=#FF0000] [border: (1px solid #000000)]
        RenderBlock {div} at (1,1) size 98x98 [bgcolor=#FFFFFF] [border: (1px solid #000000)]
