layer at (0,0) size 800x600
  RenderView at (0,0) size 800x600
layer at (0,0) size 800x290
  RenderBlock {html} at (0,0) size 800x290
    RenderBody {body} at (8,16) size 784x266
      RenderBlock {p} at (0,0) size 784x18
        RenderText {#text} at (0,0) size 308x17
          text run at (0,0) width 308: "Test passes if two drawings are exactly the same."
      RenderBlock {div} at (0,34) size 96x96
      RenderBlock {div} at (0,34) size 96x96
      RenderBlock {div} at (0,34) size 96x96
      RenderBlock {div} at (0,170) size 96x96
