layer at (0,0) size 800x600
  RenderView at (0,0) size 800x600
layer at (0,0) size 800x344
  RenderBlock {html} at (0,0) size 800x344
    RenderBody {body} at (8,16) size 784x320
      RenderBlock {p} at (0,0) size 784x18
        RenderText {#text} at (0,0) size 594x17
          text run at (0,0) width 594: "Test passes if there is green on the page and contents of the black boxes look exactly the same."
      RenderTable {table} at (0,34) size 570x286
        RenderTableSection (anonymous) at (0,0) size 570x286
          RenderTableRow (anonymous) at (0,2) size 570x282
            RenderTableCell {td} at (2,2) size 282x282 [r=0 c=0 rs=1 cs=1]
              RenderBlock {div} at (11,11) size 260x260 [border: (5px solid #000000)]
            RenderTableCell {td} at (286,2) size 282x282 [r=0 c=1 rs=1 cs=1]
              RenderBlock {div} at (11,11) size 260x260 [border: (5px solid #000000)]
