layer at (0,0) size 800x600
  RenderView at (0,0) size 800x600
layer at (0,0) size 800x600
  RenderBlock {HTML} at (0,0) size 800x600
    RenderBody {BODY} at (8,8) size 784x576
      RenderTable {TABLE} at (0,0) size 92x85 [border: (1.50px solid #000000)]
        RenderTableSection {TBODY} at (1,1) size 89x83
          RenderTableRow {TR} at (0,0) size 89x41
            RenderTableCell {TD} at (0,0) size 45x41 [border: (1.50px none #000000)] [r=0 c=0 rs=1 cs=1]
              RenderText {#text} at (2,4) size 41x35
                text run at (2,4) width 41: "foo"
            RenderTableCell {TD} at (45,0) size 44x41 [border: (1.50px solid #000000)] [r=0 c=1 rs=1 cs=1]
              RenderText {#text} at (2,3) size 39x35
                text run at (2,3) width 39: "bar"
          RenderTableRow {TR} at (0,41) size 89x41
            RenderTableCell {TD} at (0,41) size 45x41 [border: none] [r=1 c=0 rs=1 cs=1]
              RenderText {#text} at (2,2) size 41x35
                text run at (2,2) width 41: "foo"
            RenderTableCell {TD} at (45,41) size 44x41 [border: (1.50px solid #000000)] [r=1 c=1 rs=1 cs=1]
              RenderText {#text} at (2,3) size 39x35
                text run at (2,3) width 39: "bar"
      RenderBlock {P} at (0,101) size 784x129
        RenderTable {TABLE} at (0,0) size 136x129 [border: (12.50px solid #000000)]
          RenderTableSection {TBODY} at (12,12) size 111x105
            RenderTableRow {TR} at (0,0) size 111x52
              RenderTableCell {TD} at (0,0) size 56x52 [border: (12.50px none #000000)] [r=0 c=0 rs=1 cs=1]
                RenderText {#text} at (13,15) size 41x35
                  text run at (13,15) width 41: "foo"
              RenderTableCell {TD} at (56,0) size 55x52 [border: (12.50px solid #000000)] [r=0 c=1 rs=1 cs=1]
                RenderText {#text} at (2,14) size 39x35
                  text run at (2,14) width 39: "bar"
            RenderTableRow {TR} at (0,52) size 111x52
              RenderTableCell {TD} at (0,52) size 56x52 [border: none] [r=1 c=0 rs=1 cs=1]
                RenderText {#text} at (13,2) size 41x35
                  text run at (13,2) width 41: "foo"
              RenderTableCell {TD} at (56,52) size 55x52 [border: (1.50px solid #000000)] [r=1 c=1 rs=1 cs=1]
                RenderText {#text} at (2,3) size 39x35
                  text run at (2,3) width 39: "bar"
      RenderBlock {P} at (0,246) size 784x179
        RenderTable {TABLE} at (0,0) size 186x179 [border: (25px solid #000000)]
          RenderTableSection {TBODY} at (25,25) size 136x129
            RenderTableRow {TR} at (0,0) size 136x65
              RenderTableCell {TD} at (0,0) size 69x64 [border: (25px none #000000)] [r=0 c=0 rs=1 cs=1]
                RenderText {#text} at (26,27) size 40x35
                  text run at (26,27) width 40: "foo"
              RenderTableCell {TD} at (68,0) size 68x65 [border: (25px solid #000000)] [r=0 c=1 rs=1 cs=1]
                RenderText {#text} at (2,27) size 39x34
                  text run at (2,27) width 39: "bar"
            RenderTableRow {TR} at (0,64) size 136x65
              RenderTableCell {TD} at (0,65) size 69x64 [border: none] [r=1 c=0 rs=1 cs=1]
                RenderText {#text} at (26,2) size 40x35
                  text run at (26,2) width 40: "foo"
              RenderTableCell {TD} at (68,64) size 68x65 [border: (1.50px solid #000000)] [r=1 c=1 rs=1 cs=1]
                RenderText {#text} at (2,3) size 39x35
                  text run at (2,3) width 39: "bar"
