layer at (0,0) size 800x600
  RenderView at (0,0) size 800x600
layer at (0,0) size 800x600
  RenderBlock {HTML} at (0,0) size 800x600
    RenderBody {BODY} at (8,8) size 784x576
      RenderBlock {CENTER} at (0,0) size 784x152
        RenderTable {TABLE} at (339,0) size 106x88
          RenderTableSection {THEAD} at (0,0) size 105x22
            RenderTableRow {TR} at (0,0) size 105x22
              RenderTableCell {TD} at (0,0) size 36x22 [border: none (0.50px solid #808080) none none] [r=0 c=0 rs=1 cs=1]
                RenderText {#text} at (1,1) size 29x19
                  text run at (1,1) width 29: "EST"
              RenderTableCell {TD} at (35,0) size 31x22 [border: none (0.50px solid #808080) none (0.50px solid #808080)] [r=0 c=1 rs=1 cs=1]
                RenderText {#text} at (1,1) size 29x19
                  text run at (1,1) width 29: "1am"
              RenderTableCell {TD} at (65,0) size 40x22 [border: none none none (0.50px solid #808080)] [r=0 c=2 rs=1 cs=1]
                RenderText {#text} at (1,1) size 29x19
                  text run at (1,1) width 29: "8pm"
          RenderTableSection {TBODY} at (0,22) size 105x44
            RenderTableRow {TR} at (0,0) size 105x22
              RenderTableCell {TD} at (0,0) size 36x22 [border: none (0.50px solid #808080) none none] [r=0 c=0 rs=1 cs=1]
                RenderText {#text} at (1,1) size 30x19
                  text run at (1,1) width 30: "CST"
              RenderTableCell {TD} at (35,0) size 31x22 [border: none (0.50px solid #808080) none (0.50px solid #808080)] [r=0 c=1 rs=1 cs=1]
                RenderText {#text} at (1,1) size 29x19
                  text run at (1,1) width 29: "2am"
              RenderTableCell {TD} at (65,0) size 40x22 [border: none none none (0.50px solid #808080)] [r=0 c=2 rs=1 cs=1]
                RenderText {#text} at (1,1) size 29x19
                  text run at (1,1) width 29: "9pm"
            RenderTableRow {TR} at (0,22) size 105x22
              RenderTableCell {TD} at (0,22) size 36x22 [border: none (0.50px solid #808080) none none] [r=1 c=0 rs=1 cs=1]
                RenderText {#text} at (1,1) size 33x19
                  text run at (1,1) width 33: "MST"
              RenderTableCell {TD} at (35,22) size 31x22 [border: none (0.50px solid #808080) none (0.50px solid #808080)] [r=1 c=1 rs=1 cs=1]
                RenderText {#text} at (1,1) size 29x19
                  text run at (1,1) width 29: "3am"
              RenderTableCell {TD} at (65,22) size 40x22 [border: none none none (0.50px solid #808080)] [r=1 c=2 rs=1 cs=1]
                RenderText {#text} at (1,1) size 37x19
                  text run at (1,1) width 37: "10pm"
          RenderTableSection {TFOOT} at (0,66) size 105x22
            RenderTableRow {TR} at (0,0) size 105x22
              RenderTableCell {TD} at (0,0) size 36x22 [border: none (0.50px solid #808080) none none] [r=0 c=0 rs=1 cs=1]
                RenderText {#text} at (1,1) size 28x19
                  text run at (1,1) width 28: "PST"
              RenderTableCell {TD} at (35,0) size 31x22 [border: none (0.50px solid #808080) none (0.50px solid #808080)] [r=0 c=1 rs=1 cs=1]
                RenderText {#text} at (1,1) size 29x19
                  text run at (1,1) width 29: "4am"
              RenderTableCell {TD} at (65,0) size 40x22 [border: none none none (0.50px solid #808080)] [r=0 c=2 rs=1 cs=1]
                RenderText {#text} at (1,1) size 37x19
                  text run at (1,1) width 37: "11pm"
        RenderBlock {P} at (0,104) size 784x48
          RenderButton {BUTTON} at (254,2) size 84x20 [color=#007AFF] [bgcolor=#E9E9EA] [border: (1px solid #FFFFFF)]
            RenderBlock (anonymous) at (12,3) size 59x14
              RenderText {#text} at (0,0) size 59x14
                text run at (0,0) width 18: "No "
                text run at (17,0) width 42: "borders"
          RenderButton {BUTTON} at (341,2) size 104x20 [color=#007AFF] [bgcolor=#E9E9EA] [border: (1px solid #FFFFFF)]
            RenderBlock (anonymous) at (12,3) size 79x14
              RenderText {#text} at (0,0) size 79x14
                text run at (0,0) width 44: "Exterior "
                text run at (43,0) width 36: "border"
          RenderButton {BUTTON} at (448,2) size 82x20 [color=#007AFF] [bgcolor=#E9E9EA] [border: (1px solid #FFFFFF)]
            RenderBlock (anonymous) at (12,3) size 57x14
              RenderText {#text} at (0,0) size 57x14
                text run at (0,0) width 17: "All "
                text run at (16,0) width 41: "borders"
          RenderBR {BR} at (531,1) size 1x19
          RenderButton {BUTTON} at (222,26) size 108x20 [color=#007AFF] [bgcolor=#E9E9EA] [border: (1px solid #FFFFFF)]
            RenderBlock (anonymous) at (12,3) size 84x14
              RenderText {#text} at (0,0) size 84x14
                text run at (0,0) width 44: "Column "
                text run at (43,0) width 41: "borders"
          RenderButton {BUTTON} at (333,26) size 107x20 [color=#007AFF] [bgcolor=#E9E9EA] [border: (1px solid #FFFFFF)]
            RenderBlock (anonymous) at (12,3) size 82x14
              RenderText {#text} at (0,0) size 82x14
                text run at (0,0) width 42: "Groups "
                text run at (41,0) width 41: "borders"
          RenderButton {BUTTON} at (443,26) size 119x20 [color=#007AFF] [bgcolor=#E9E9EA] [border: (1px solid #FFFFFF)]
            RenderBlock (anonymous) at (12,3) size 95x14
              RenderText {#text} at (0,0) size 95x14
                text run at (0,0) width 32: "Table "
                text run at (31,0) width 64: "row borders"
          RenderText {#text} at (0,0) size 0x0
