layer at (0,0) size 800x600
  RenderView at (0,0) size 800x600
layer at (0,0) size 800x600
  RenderBlock {HTML} at (0,0) size 800x600
    RenderFrameSet {FRAMESET} at (0,0) size 800x600
      RenderFrame {FRAME} at (0,0) size 800x200
        layer at (0,0) size 800x200
          RenderView at (0,0) size 800x200
        layer at (0,0) size 800x200
          RenderBlock {HTML} at (0,0) size 800x200
            RenderBody {BODY} at (8,8) size 784x176
              RenderBlock {P} at (0,0) size 784x36
                RenderText {#text} at (0,0) size 54x18
                  text run at (0,0) width 54: "Test for "
                RenderInline {I} at (0,0) size 730x36
                  RenderInline {A} at (0,0) size 312x18 [color=#0000EE]
                    RenderText {#text} at (53,0) size 312x18
                      text run at (53,0) width 312: "https://bugs.webkit.org/show_bug.cgi?id=19348"
                  RenderText {#text} at (364,0) size 730x36
                    text run at (364,0) width 5: " "
                    text run at (368,0) width 362: "REGRESSION (r34193): Setting the size of a frame with"
                    text run at (0,18) width 68: "javascript "
                    text run at (67,18) width 234: "document.body.row no longer works"
                RenderText {#text} at (300,18) size 5x18
                  text run at (300,18) width 5: "."
              RenderBlock {P} at (0,52) size 784x18
                RenderText {#text} at (0,0) size 208x18
                  text run at (0,0) width 208: "This frame should be 200px tall."
        layer at (0,100) size 100x100
          RenderBlock (positioned) {DIV} at (0,100) size 100x100 [bgcolor=#008000]
      RenderFrame {FRAME} at (0,206) size 800x394
        layer at (0,0) size 800x394
          RenderView at (0,0) size 800x394
        layer at (0,0) size 800x394
          RenderBlock {HTML} at (0,0) size 800x394
            RenderBody {BODY} at (8,8) size 784x378
