layer at (0,0) size 800x600
  RenderView at (0,0) size 800x600
layer at (0,0) size 800x600
  RenderBlock {HTML} at (0,0) size 800x600
    RenderBody {BODY} at (8,8) size 784x584
      RenderText {#text} at (0,0) size 769x54
        text run at (0,0) width 763: "The documents in the src attributes of the iframes below only contain comments. This test is for a bug where we would"
        text run at (0,18) width 769: "only construct RenderViews for such iframes. We need to propery construct an empty frame instead, so the RenderView"
        text run at (0,36) width 549: "should have a RenderBlock and RenderBody below it in the dump of the RenderTree."
      RenderBR {BR} at (548,36) size 1x18
      RenderIFrame {IFRAME} at (0,54) size 788x14 [border: (2px inset #000000)]
        layer at (0,0) size 784x10
          RenderView at (0,0) size 784x10
        layer at (0,0) size 784x10
          RenderBlock {HTML} at (0,0) size 784x10
            RenderBody {BODY} at (8,8) size 768x0
      RenderBR {BR} at (788,54) size 0x18
      RenderBR {BR} at (0,68) size 0x18
      RenderIFrame {IFRAME} at (0,86) size 788x14 [border: (2px inset #000000)]
        layer at (0,0) size 769x169
          RenderView at (0,0) size 769x10
        layer at (0,0) size 769x169
          RenderBlock {html} at (0,0) size 769x169
            RenderBody {body} at (8,16) size 753x137
              RenderBlock {parsererror} at (16,0) size 721x137 [bgcolor=#FFDDDD] [border: (2px solid #CC7777)]
                RenderBlock {h3} at (18,20) size 685x23
                  RenderText {#text} at (0,0) size 318x22
                    text run at (0,0) width 318: "This page contains the following errors:"
                RenderBlock {div} at (18,61) size 685x15
                  RenderText {#text} at (0,0) size 505x14
                    text run at (0,0) width 505: "error on line 1 at column 15: Extra content at the end of the document"
                    text run at (504,0) width 1: " "
                RenderBlock {h3} at (18,94) size 685x23
                  RenderText {#text} at (0,0) size 418x22
                    text run at (0,0) width 418: "Below is a rendering of the page up to the first error."
      RenderText {#text} at (0,0) size 0x0
