layer at (0,0) size 800x600
  RenderView at (0,0) size 800x600
layer at (0,0) size 800x600
  RenderBlock {HTML} at (0,0) size 800x600
    RenderBody {BODY} at (8,8) size 784x576
      RenderBlock (anonymous) at (0,0) size 784x0
        RenderInline {TIMER:TIME} at (0,0) size 0x0
          RenderText {#text} at (0,0) size 0x0
          RenderText {#text} at (0,0) size 0x0
      RenderBlock (anonymous) at (0,0) size 784x18
        RenderBlock {P} at (0,0) size 784x18
          RenderInline {SPAN} at (0,0) size 74x17 [color=#008000]
            RenderText {#text} at (0,0) size 74x17
              text run at (0,0) width 74: "SUCCESS:"
          RenderText {#text} at (73,0) size 150x17
            text run at (73,0) width 150: " Content was displayed"
      RenderBlock (anonymous) at (0,34) size 784x0
        RenderInline {TIMER:TIME} at (0,0) size 0x0
        RenderText {#text} at (0,0) size 0x0
