layer at (0,0) size 800x600
  RenderView at (0,0) size 800x600
layer at (0,0) size 800x600
  RenderBlock {HTML} at (0,0) size 800x600
    RenderBody {BODY} at (8,8) size 784x584
      RenderBlock (anonymous) at (0,0) size 784x20
        RenderText {#text} at (0,0) size 341x19
          text run at (0,0) width 341: "The style rule on this page should be totally ignored. "
        RenderInline {A} at (0,0) size 84x19
          RenderText {#text} at (340,0) size 84x19
            text run at (340,0) width 84: "here is a link"
        RenderText {#text} at (0,0) size 0x0
      RenderBlock {H1} at (0,41) size 784x39
        RenderText {#text} at (0,1) size 109x36
          text run at (0,1) width 109: "heading"
      RenderBlock (anonymous) at (0,100) size 784x101
        RenderInline {SPAN} at (0,0) size 32x19
          RenderText {#text} at (0,0) size 32x19
            text run at (0,0) width 32: "issue"
        RenderBR {BR} at (32,0) size 0x19
        RenderInline {SPAN} at (0,0) size 22x19
          RenderText {#text} at (0,20) size 22x19
            text run at (0,20) width 22: "fail"
        RenderBR {BR} at (21,20) size 1x19
        RenderInline {A} at (0,0) size 124x19
          RenderText {#text} at (0,40) size 124x19
            text run at (0,40) width 124: "here is another link"
        RenderBR {BR} at (123,40) size 1x19
        RenderInline {SPAN} at (0,0) size 20x19
          RenderText {#text} at (0,60) size 20x19
            text run at (0,60) width 20: "n/a"
        RenderBR {BR} at (19,60) size 1x19
        RenderInline {SPAN} at (0,0) size 28x19
          RenderText {#text} at (0,80) size 28x19
            text run at (0,80) width 28: "pass"
        RenderBR {BR} at (27,80) size 1x19
      RenderBlock {H1} at (0,222) size 784x39
        RenderText {#text} at (0,1) size 223x36
          text run at (0,1) width 223: "another heading"
      RenderBlock (anonymous) at (0,281) size 784x21
        RenderInline {SPAN} at (0,0) size 20x19
          RenderText {#text} at (0,0) size 20x19
            text run at (0,0) width 20: "n/a"
        RenderBR {BR} at (19,0) size 1x19
