layer at (0,0) size 800x600
  RenderView at (0,0) size 800x600
layer at (0,0) size 800x600
  RenderBlock {HTML} at (0,0) size 800x600
    RenderBody {BODY} at (8,8) size 784x579
      RenderBlock (anonymous) at (0,0) size 784x0
        RenderInline {B} at (0,0) size 0x0
          RenderInline {NOBR} at (0,0) size 0x0
      RenderBlock {DIV} at (0,0) size 784x67
        RenderBlock (anonymous) at (0,0) size 784x40
          RenderInline {B} at (0,0) size 770x39
            RenderInline {NOBR} at (0,0) size 223x19
              RenderText {#text} at (0,0) size 223x19
                text run at (0,0) width 223: "This text is in a div inside a nobr"
            RenderText {#text} at (222,0) size 770x39
              text run at (222,0) width 548: "More text that should not be in the nobr, i.e., the nobr should have closed the div"
              text run at (0,20) width 126: "inside it implicitly."
        RenderBlock {PRE} at (0,53) size 784x14
          RenderText {#text} at (0,0) size 266x14
            text run at (0,0) width 266: "A pre tag outside everything else."
