layer at (0,0) size 800x600
  RenderView at (0,0) size 800x600
layer at (0,0) size 800x600
  RenderBlock {HTML} at (0,0) size 800x600
    RenderBody {BODY} at (8,8) size 784x584
      RenderBlock {DIV} at (0,0) size 784x20
        RenderText {#text} at (0,0) size 54x19
          text run at (0,0) width 54: "Test for "
        RenderInline {A} at (0,0) size 121x19 [color=#0000EE]
          RenderText {#text} at (53,0) size 121x19
            text run at (53,0) width 121: "Bugzilla Bug 7724"
        RenderText {#text} at (173,0) size 487x19
          text run at (173,0) width 487: " Minor refactoring to HTMLParser::handleError() to remove duplicate code"
      RenderBlock (anonymous) at (0,20) size 784x20
        RenderInline {FONT} at (0,0) size 36x19
          RenderText {#text} at (0,0) size 36x19
            text run at (0,0) width 36: "fonttr"
