layer at (0,0) size 800x600
  RenderView at (0,0) size 800x600
layer at (0,0) size 800x600
  RenderBlock {HTML} at (0,0) size 800x600
    RenderBody {BODY} at (8,8) size 784x576
      RenderBlock {P} at (0,0) size 784x20
        RenderText {#text} at (0,0) size 205x19
          text run at (0,0) width 205: "Should say \"SUCCESS\" below:"
      RenderBlock {DIV} at (0,36) size 784x86 [border: (2px solid #FF0000)]
        RenderBlock {DIV} at (2,2) size 780x50 [border: (10px solid #008000)]
          RenderBlock {DIV} at (10,10) size 760x14 [border: (2px solid #0000FF)]
        RenderTable {TABLE} at (2,52) size 0x0
        RenderTable {TABLE} at (2,52) size 48x32 [border: (2px outset #808080)]
          RenderTableSection {TBODY} at (2,2) size 44x28
            RenderTableRow {TR} at (0,2) size 44x24
              RenderTableCell {TD} at (2,2) size 40x24 [border: (1px inset #808080)] [r=0 c=0 rs=1 cs=1]
                RenderText {#text} at (2,2) size 36x19
                  text run at (2,2) width 36: "Table"
      RenderBlock {P} at (0,138) size 784x20
        RenderText {#text} at (0,0) size 70x19
          text run at (0,0) width 70: "SUCCESS"
