layer at (0,0) size 800x600
  RenderView at (0,0) size 800x600
layer at (0,0) size 800x600
  RenderBlock {HTML} at (0,0) size 800x600
    RenderBody {BODY} at (8,8) size 784x576
      RenderBlock {DIV} at (0,0) size 784x100
      RenderBlock (anonymous) at (0,100) size 784x20
        RenderText {#text} at (0,0) size 353x19
          text run at (0,0) width 162: "This file has no doctype. "
          text run at (161,0) width 192: "We should be in quirks mode."
      RenderBlock {UL} at (0,136) size 784x40
        RenderListItem {LI} at (40,0) size 744x40
          RenderBlock (anonymous) at (0,0) size 744x20
            RenderListMarker at (-18,0) size 7x19: bullet
          RenderBlock {UL} at (0,20) size 744x20
            RenderListItem {LI} at (40,0) size 704x20
              RenderListMarker at (-18,0) size 7x19: white bullet
              RenderText {#text} at (0,0) size 244x19
                text run at (0,0) width 244: "I should be underneath the first bullet."
layer at (10,10) size 80x80
  RenderBlock (positioned) {DIV} at (10,10) size 80x80 [bgcolor=#008000]
