layer at (0,0) size 785x632
  RenderView at (0,0) size 785x600
layer at (0,0) size 785x632
  RenderBlock {HTML} at (0,0) size 785x632
    RenderBody {BODY} at (8,8) size 769x616
      RenderBlock (anonymous) at (0,0) size 769x18
        RenderText {#text} at (0,0) size 285x17
          text run at (0,0) width 285: "border=\"0\" cellspacing=\"0\" cellpadding=\"0\""
      RenderTable {TABLE} at (0,18) size 769x46 [bgcolor=#DDDD33]
        RenderTableSection {TBODY} at (0,0) size 769x46
          RenderTableRow {TR} at (0,0) size 769x46
            RenderTableCell {TD} at (0,23) size 12x0 [r=0 c=0 rs=1 cs=1]
            RenderTableCell {TD} at (12,0) size 745x46 [r=0 c=1 rs=1 cs=1]
            RenderTableCell {TD} at (757,23) size 12x0 [r=0 c=2 rs=1 cs=1]
      RenderBlock (anonymous) at (0,64) size 769x18
        RenderText {#text} at (0,0) size 209x17
          text run at (0,0) width 209: "cellspacing=\"0\" cellpadding=\"0\""
      RenderTable {TABLE} at (0,82) size 769x46 [bgcolor=#CCCCFF]
        RenderTableSection {TBODY} at (0,0) size 769x46
          RenderTableRow {TR} at (0,0) size 769x46
            RenderTableCell {TD} at (0,23) size 12x0 [r=0 c=0 rs=1 cs=1]
            RenderTableCell {TD} at (12,0) size 745x46 [r=0 c=1 rs=1 cs=1]
            RenderTableCell {TD} at (757,23) size 12x0 [r=0 c=2 rs=1 cs=1]
      RenderBlock (anonymous) at (0,128) size 769x18
        RenderText {#text} at (0,0) size 104x17
          text run at (0,0) width 104: "cellpadding=\"0\""
      RenderTable {TABLE} at (0,146) size 769x50 [bgcolor=#FF9999]
        RenderTableSection {TBODY} at (0,0) size 769x50
          RenderTableRow {TR} at (0,2) size 769x46
            RenderTableCell {TD} at (2,25) size 12x0 [r=0 c=0 rs=1 cs=1]
            RenderTableCell {TD} at (16,2) size 737x46 [r=0 c=1 rs=1 cs=1]
            RenderTableCell {TD} at (755,25) size 12x0 [r=0 c=2 rs=1 cs=1]
      RenderBlock (anonymous) at (0,196) size 769x18
        RenderText {#text} at (0,0) size 180x17
          text run at (0,0) width 180: "border=\"0\" cellpadding=\"0\""
      RenderTable {TABLE} at (0,214) size 769x50 [bgcolor=#AAEEBB]
        RenderTableSection {TBODY} at (0,0) size 769x50
          RenderTableRow {TR} at (0,2) size 769x46
            RenderTableCell {TD} at (2,25) size 12x0 [r=0 c=0 rs=1 cs=1]
            RenderTableCell {TD} at (16,2) size 737x46 [r=0 c=1 rs=1 cs=1]
            RenderTableCell {TD} at (755,25) size 12x0 [r=0 c=2 rs=1 cs=1]
      RenderBlock (anonymous) at (0,264) size 769x18
        RenderInline {FONT} at (0,0) size 29x17 [color=#0000FF]
          RenderText {#text} at (0,0) size 29x17
            text run at (0,0) width 29: "right"
        RenderText {#text} at (29,0) size 76x17
          text run at (29,0) width 76: " border=\"0\""
      RenderTable {TABLE} at (0,282) size 769x52 [bgcolor=#FFCCEE]
        RenderTableSection {TBODY} at (0,0) size 769x52
          RenderTableRow {TR} at (0,2) size 769x48
            RenderTableCell {TD} at (2,25) size 14x2 [r=0 c=0 rs=1 cs=1]
            RenderTableCell {TD} at (18,2) size 733x48 [r=0 c=1 rs=1 cs=1]
            RenderTableCell {TD} at (753,25) size 14x2 [r=0 c=2 rs=1 cs=1]
      RenderBlock (anonymous) at (0,334) size 769x18
        RenderInline {FONT} at (0,0) size 29x17 [color=#0000FF]
          RenderText {#text} at (0,0) size 29x17
            text run at (0,0) width 29: "right"
        RenderText {#text} at (29,0) size 108x17
          text run at (29,0) width 108: " cellpadding=\"1\""
      RenderTable {TABLE} at (0,352) size 769x52 [bgcolor=#66DDFF]
        RenderTableSection {TBODY} at (0,0) size 769x52
          RenderTableRow {TR} at (0,2) size 769x48
            RenderTableCell {TD} at (2,25) size 14x2 [r=0 c=0 rs=1 cs=1]
            RenderTableCell {TD} at (18,2) size 733x48 [r=0 c=1 rs=1 cs=1]
            RenderTableCell {TD} at (753,25) size 14x2 [r=0 c=2 rs=1 cs=1]
      RenderBlock (anonymous) at (0,404) size 769x18
        RenderInline {FONT} at (0,0) size 29x17 [color=#0000FF]
          RenderText {#text} at (0,0) size 29x17
            text run at (0,0) width 29: "right"
        RenderText {#text} at (29,0) size 289x17
          text run at (29,0) width 289: " border=\"1\" cellspacing=\"0\" cellpadding=\"0\""
      RenderTable {TABLE} at (0,422) size 769x50 [bgcolor=#EEEEEE] [border: (1px outset #808080)]
        RenderTableSection {TBODY} at (1,1) size 767x48
          RenderTableRow {TR} at (0,0) size 767x48
            RenderTableCell {TD} at (0,23) size 14x2 [border: (1px inset #808080)] [r=0 c=0 rs=1 cs=1]
            RenderTableCell {TD} at (14,0) size 739x48 [border: (1px inset #808080)] [r=0 c=1 rs=1 cs=1]
            RenderTableCell {TD} at (753,23) size 14x2 [border: (1px inset #808080)] [r=0 c=2 rs=1 cs=1]
      RenderBlock (anonymous) at (0,472) size 769x18
        RenderInline {FONT} at (0,0) size 29x17 [color=#0000FF]
          RenderText {#text} at (0,0) size 29x17
            text run at (0,0) width 29: "right"
        RenderText {#text} at (29,0) size 181x17
          text run at (29,0) width 181: " border=\"1\" cellspacing=\"0\""
      RenderTable {TABLE} at (0,490) size 769x52 [bgcolor=#FFCC66] [border: (1px outset #808080)]
        RenderTableSection {TBODY} at (1,1) size 767x50
          RenderTableRow {TR} at (0,0) size 767x50
            RenderTableCell {TD} at (0,23) size 16x4 [border: (1px inset #808080)] [r=0 c=0 rs=1 cs=1]
            RenderTableCell {TD} at (16,0) size 735x50 [border: (1px inset #808080)] [r=0 c=1 rs=1 cs=1]
            RenderTableCell {TD} at (751,23) size 16x4 [border: (1px inset #808080)] [r=0 c=2 rs=1 cs=1]
      RenderBlock (anonymous) at (0,542) size 769x18
        RenderInline {FONT} at (0,0) size 29x17 [color=#0000FF]
          RenderText {#text} at (0,0) size 29x17
            text run at (0,0) width 29: "right"
        RenderText {#text} at (29,0) size 76x17
          text run at (29,0) width 76: " border=\"1\""
      RenderTable {TABLE} at (0,560) size 769x56 [bgcolor=#CCFF33] [border: (1px outset #808080)]
        RenderTableSection {TBODY} at (1,1) size 767x54
          RenderTableRow {TR} at (0,2) size 767x50
            RenderTableCell {TD} at (2,25) size 16x4 [border: (1px inset #808080)] [r=0 c=0 rs=1 cs=1]
            RenderTableCell {TD} at (20,2) size 727x50 [border: (1px inset #808080)] [r=0 c=1 rs=1 cs=1]
            RenderTableCell {TD} at (749,25) size 16x4 [border: (1px inset #808080)] [r=0 c=2 rs=1 cs=1]
layer at (20,28) size 745x42 clip at (21,29) size 743x40
  RenderTextControl {TEXTAREA} at (0,2) size 745x42 [bgcolor=#FFFFFF] [border: (1px solid #000000)]
    RenderBlock {DIV} at (3,3) size 739x18
      RenderText {#text} at (0,0) size 25x17
        text run at (0,0) width 25: "test"
layer at (20,92) size 745x42 clip at (21,93) size 743x40
  RenderTextControl {TEXTAREA} at (0,2) size 745x42 [bgcolor=#FFFFFF] [border: (1px solid #000000)]
    RenderBlock {DIV} at (3,3) size 739x18
      RenderText {#text} at (0,0) size 25x17
        text run at (0,0) width 25: "test"
layer at (24,158) size 737x42 clip at (25,159) size 735x40
  RenderTextControl {TEXTAREA} at (0,2) size 737x42 [bgcolor=#FFFFFF] [border: (1px solid #000000)]
    RenderBlock {DIV} at (3,3) size 731x18
      RenderText {#text} at (0,0) size 25x17
        text run at (0,0) width 25: "test"
layer at (24,226) size 737x42 clip at (25,227) size 735x40
  RenderTextControl {TEXTAREA} at (0,2) size 737x42 [bgcolor=#FFFFFF] [border: (1px solid #000000)]
    RenderBlock {DIV} at (3,3) size 731x18
      RenderText {#text} at (0,0) size 25x17
        text run at (0,0) width 25: "test"
layer at (27,295) size 731x42 clip at (28,296) size 729x40
  RenderTextControl {TEXTAREA} at (1,3) size 731x42 [bgcolor=#FFFFFF] [border: (1px solid #000000)]
    RenderBlock {DIV} at (3,3) size 725x18
      RenderText {#text} at (0,0) size 25x17
        text run at (0,0) width 25: "test"
layer at (27,365) size 731x42 clip at (28,366) size 729x40
  RenderTextControl {TEXTAREA} at (1,3) size 731x42 [bgcolor=#FFFFFF] [border: (1px solid #000000)]
    RenderBlock {DIV} at (3,3) size 725x18
      RenderText {#text} at (0,0) size 25x17
        text run at (0,0) width 25: "test"
layer at (24,434) size 737x42 clip at (25,435) size 735x40
  RenderTextControl {TEXTAREA} at (1,3) size 737x42 [bgcolor=#FFFFFF] [border: (1px solid #000000)]
    RenderBlock {DIV} at (3,3) size 731x18
      RenderText {#text} at (0,0) size 25x17
        text run at (0,0) width 25: "test"
layer at (27,503) size 731x42 clip at (28,504) size 729x40
  RenderTextControl {TEXTAREA} at (2,4) size 731x42 [bgcolor=#FFFFFF] [border: (1px solid #000000)]
    RenderBlock {DIV} at (3,3) size 725x18
      RenderText {#text} at (0,0) size 25x17
        text run at (0,0) width 25: "test"
layer at (31,575) size 723x42 clip at (32,576) size 721x40
  RenderTextControl {TEXTAREA} at (2,4) size 723x42 [bgcolor=#FFFFFF] [border: (1px solid #000000)]
    RenderBlock {DIV} at (3,3) size 717x18
      RenderText {#text} at (0,0) size 25x17
        text run at (0,0) width 25: "test"
