layer at (0,0) size 884x585
  RenderView at (0,0) size 800x585
layer at (0,0) size 800x585
  RenderBlock {HTML} at (0,0) size 800x585
    RenderBody {BODY} at (8,8) size 784x561
      RenderBlock {FORM} at (0,0) size 784x28
        RenderTable {TABLE} at (0,0) size 876x28 [bgcolor=#FFE030] [border: (1px outset #808080)]
          RenderTableSection {TBODY} at (1,1) size 874x26
            RenderTableRow {TR} at (0,0) size 874x26
              RenderTableCell {TD} at (0,0) size 874x26 [border: (1px inset #808080)] [r=0 c=0 rs=1 cs=1]
                RenderInline {NOBR} at (1,4) size 872x17
                  RenderTextControl {INPUT} at (1,1) size 282x24 [bgcolor=#FFFFFF] [border: (2px inset #808080)]
                  RenderText {#text} at (283,4) size 13x17
                    text run at (283,4) width 13: " - "
                  RenderTextControl {INPUT} at (296,1) size 282x24 [bgcolor=#FFFFFF] [border: (2px inset #808080)]
                  RenderText {#text} at (578,4) size 13x17
                    text run at (578,4) width 13: " - "
                  RenderTextControl {INPUT} at (591,1) size 282x24 [bgcolor=#FFFFFF] [border: (2px inset #808080)]
                RenderText {#text} at (0,0) size 0x0
            RenderTableRow {TR} at (0,26) size 874x0
layer at (13,13) size 276x18
  RenderBlock {DIV} at (3,3) size 276x18
layer at (308,13) size 276x18
  RenderBlock {DIV} at (3,3) size 276x18
layer at (603,13) size 276x18
  RenderBlock {DIV} at (3,3) size 276x18
