layer at (0,0) size 800x600
  RenderView at (0,0) size 800x600
layer at (0,0) size 800x600
  RenderBlock {HTML} at (0,0) size 800x600
    RenderBody {BODY} at (8,8) size 784x576
      RenderBlock {FORM} at (0,0) size 784x192
        RenderTable {TABLE} at (0,10) size 600x182
          RenderTableSection {TBODY} at (0,0) size 600x182
            RenderTableRow {TR} at (0,2) size 600x44
              RenderTableCell {TD} at (2,2) size 595x44 [r=0 c=0 rs=1 cs=3]
                RenderImage {IMG} at (7,1) size 580x42
                RenderText {#text} at (0,0) size 0x0
            RenderTableRow {TR} at (0,48) size 600x55
              RenderTableCell {TD} at (2,51) size 595x49 [bgcolor=#99CCCC] [r=1 c=0 rs=1 cs=3]
                RenderInline {FONT} at (0,0) size 128x16
                  RenderInline {B} at (0,0) size 128x16
                    RenderText {#text} at (7,8) size 128x17
                      text run at (7,9) width 128: "Search the Web with"
                RenderText {#text} at (134,6) size 5x19
                  text run at (134,7) width 5: " "
                RenderMenuList {SELECT} at (138,1) size 97x30 [bgcolor=#FFFFFF] [border: (1px solid #000000)]
                  RenderBlock (anonymous) at (1,1) size 94x28
                    RenderText at (5,5) size 68x17
                      text run at (5,5) width 68: "Netscape"
                RenderTextControl {INPUT} at (234,4) size 283x24 [bgcolor=#FFFFFF] [border: (2px inset #000000)]
                RenderText {#text} at (516,6) size 5x19
                  text run at (516,7) width 5: " "
                RenderButton {INPUT} at (520,3) size 67x27 [color=#000000CC] [bgcolor=#C0C0C0] [border: (2px outset #C0C0C0)]
                  RenderBlock (anonymous) at (8,4) size 51x18
                    RenderText at (0,0) size 51x17
                      text run at (0,0) width 51: "Search"
                RenderBR {BR} at (586,6) size 1x19
                RenderInline {SMALL} at (0,0) size 554x16
                  RenderInline {A} at (0,0) size 98x16 [color=#0000EE]
                    RenderText {#text} at (20,30) size 98x17
                      text run at (20,31) width 98: "Classifieds< /A>   "
                  RenderInline {A} at (0,0) size 59x16 [color=#0000EE]
                    RenderText {#text} at (117,30) size 59x17
                      text run at (117,31) width 23: "Net "
                      text run at (139,31) width 37: "Search"
                  RenderText {#text} at (175,30) size 11x17
                    text run at (175,31) width 11: "   "
                  RenderInline {A} at (0,0) size 80x16 [color=#0000EE]
                    RenderText {#text} at (185,30) size 80x17
                      text run at (185,31) width 54: "Find Web "
                      text run at (238,31) width 27: "Sites"
                  RenderText {#text} at (264,30) size 10x17
                    text run at (264,31) width 4: " "
                    text run at (267,31) width 7: "  "
                  RenderInline {A} at (0,0) size 66x16 [color=#0000EE]
                    RenderText {#text} at (273,30) size 66x17
                      text run at (273,31) width 40: "What's "
                      text run at (312,31) width 27: "Cool"
                  RenderText {#text} at (338,30) size 10x17
                    text run at (338,31) width 10: "   "
                  RenderInline {A} at (0,0) size 65x16 [color=#0000EE]
                    RenderText {#text} at (347,30) size 65x17
                      text run at (347,31) width 65: "What's New"
                  RenderText {#text} at (411,30) size 10x17
                    text run at (411,31) width 10: "   "
                  RenderInline {A} at (0,0) size 74x16 [color=#0000EE]
                    RenderText {#text} at (420,30) size 74x17
                      text run at (420,31) width 74: "People Finder"
                  RenderText {#text} at (493,30) size 11x17
                    text run at (493,31) width 11: "   "
                  RenderInline {A} at (0,0) size 71x16 [color=#0000EE]
                    RenderText {#text} at (503,30) size 71x17
                      text run at (503,31) width 71: "Yellow Pages"
                  RenderText {#text} at (0,0) size 0x0
                RenderText {#text} at (0,0) size 0x0
            RenderTableRow {TR} at (0,105) size 600x48
              RenderTableCell {TD} at (2,113) size 160x32 [r=2 c=0 rs=1 cs=1]
                RenderInline {A} at (0,0) size 118x32 [color=#0000EE]
                  RenderInline {FONT} at (0,0) size 118x30 [color=#CC0033]
                    RenderText {#text} at (21,1) size 118x30
                      text run at (21,1) width 118: "Download Netscape"
                      text run at (26,16) width 107: "Communicator 4.5"
              RenderTableCell {TD} at (163,105) size 272x48 [r=2 c=1 rs=1 cs=1]
                RenderInline {A} at (0,0) size 233x26 [color=#0000EE]
                  RenderImage {IMG} at (19,1) size 233x35 [border: (1px solid #0000EE)]
                  RenderBR {BR} at (251,22) size 1x17
                  RenderInline {FONT} at (0,0) size 48x11
                    RenderText {#text} at (111,36) size 48x11
                      text run at (111,36) width 48: "Click Here!"
                RenderBR {BR} at (158,31) size 1x17
              RenderTableCell {TD} at (436,120) size 161x18 [r=2 c=2 rs=1 cs=1]
                RenderInline {A} at (0,0) size 132x18 [color=#0000EE]
                  RenderInline {FONT} at (0,0) size 132x16 [color=#0066FF]
                    RenderText {#text} at (14,0) size 132x17
                      text run at (14,1) width 132: "Hassle-Free Upgrades"
                RenderText {#text} at (0,0) size 0x0
            RenderTableRow {TR} at (0,155) size 600x20
              RenderTableCell {TD} at (2,155) size 595x20 [r=3 c=0 rs=1 cs=3]
                RenderInline {A} at (0,0) size 50x17 [color=#0000EE]
                  RenderInline {FONT} at (0,0) size 50x15 [color=#0066FF]
                    RenderInline {B} at (0,0) size 50x15
                      RenderText {#text} at (21,3) size 50x15
                        text run at (21,3) width 50: "Contact"
                RenderText {#text} at (70,1) size 13x17
                  text run at (70,1) width 13: " : "
                RenderInline {SMALL} at (0,0) size 491x15
                  RenderInline {A} at (0,0) size 75x15 [color=#0000EE]
                    RenderText {#text} at (82,3) size 75x15
                      text run at (82,3) width 75: "Address Book"
                  RenderText {#text} at (156,3) size 12x15
                    text run at (156,3) width 12: " - "
                  RenderInline {A} at (0,0) size 63x15 [color=#0000EE]
                    RenderText {#text} at (167,3) size 63x15
                      text run at (167,3) width 63: "Discussions"
                  RenderText {#text} at (229,3) size 12x15
                    text run at (229,3) width 12: " - "
                  RenderInline {A} at (0,0) size 96x15 [color=#0000EE]
                    RenderText {#text} at (240,3) size 96x15
                      text run at (240,3) width 96: "Instant Messenger"
                  RenderText {#text} at (335,3) size 12x15
                    text run at (335,3) width 12: " - "
                  RenderInline {A} at (0,0) size 77x15 [color=#0000EE]
                    RenderText {#text} at (346,3) size 77x15
                      text run at (346,3) width 77: "Long Distance"
                  RenderText {#text} at (422,3) size 12x15
                    text run at (422,3) width 12: " - "
                  RenderInline {A} at (0,0) size 50x15 [color=#0000EE]
                    RenderText {#text} at (433,3) size 50x15
                      text run at (433,3) width 50: "Members"
                  RenderText {#text} at (482,3) size 12x15
                    text run at (482,3) width 12: " - "
                  RenderInline {A} at (0,0) size 80x15 [color=#0000EE]
                    RenderText {#text} at (493,3) size 80x15
                      text run at (493,3) width 80: "WebMail< /A>"
                RenderInline {A} at (0,0) size 0x17 [color=#0000EE]
                  RenderText {#text} at (0,0) size 0x0
            RenderTableRow {TR} at (0,177) size 600x3
              RenderTableCell {TD} at (2,177) size 597x3 [bgcolor=#99CCCC] [r=4 c=0 rs=1 cs=4]
                RenderTable {TABLE} at (1,1) size 0x1
                  RenderTableSection {TBODY} at (0,0) size 0x1
                    RenderTableRow {TR} at (0,0) size 0x1
                      RenderTableCell {TD} at (0,0) size 0x0 [r=0 c=0 rs=1 cs=1]
layer at (8,8) size 602x2 clip at (0,0) size 0x0
  RenderBlock {HR} at (0,0) size 602x2 [border: (1px inset #000000)]
layer at (247,77) size 276x18
  RenderBlock {DIV} at (3,3) size 276x18
