layer at (0,0) size 800x600
  RenderView at (0,0) size 800x600
layer at (0,0) size 800x548
  RenderBlock {HTML} at (0,0) size 800x548 [bgcolor=#00FF99]
    RenderBody {BODY} at (57,64) size 686x420 [bgcolor=#99FFCC] [border: (3px solid #000000)]
      RenderBlock {P} at (3,3) size 680x64
        RenderText {#text} at (0,7) size 680x49
          text run at (0,7) width 514: "These links are in an element with display table-row, and the li elements "
          text run at (513,7) width 167: "have display: table-cell."
          text run at (0,39) width 115: "They disappear:"
      RenderTable at (3,67) size 267x18
        RenderTableSection (anonymous) at (0,0) size 267x18
          RenderTableRow {UL} at (0,0) size 267x18 [bgcolor=#00CC99]
            RenderTableCell {LI} at (0,0) size 67x18 [r=0 c=0 rs=1 cs=1]
              RenderInline {A} at (0,0) size 49x17 [color=#0000EE]
                RenderText {#text} at (9,0) size 49x17
                  text run at (9,0) width 49: "people"
            RenderTableCell {LI} at (66,0) size 68x18 [r=0 c=1 rs=1 cs=1]
              RenderInline {A} at (0,0) size 47x17 [color=#0000EE]
                RenderText {#text} at (10,0) size 47x17
                  text run at (10,0) width 47: "places"
            RenderTableCell {LI} at (133,0) size 68x18 [r=0 c=2 rs=1 cs=1]
              RenderInline {A} at (0,0) size 67x17 [color=#0000EE]
                RenderText {#text} at (0,0) size 67x17
                  text run at (0,0) width 67: "members"
            RenderTableCell {LI} at (200,0) size 67x18 [r=0 c=3 rs=1 cs=1]
              RenderInline {A} at (0,0) size 33x17 [color=#0000EE]
                RenderText {#text} at (17,0) size 33x17
                  text run at (17,0) width 33: "links"
      RenderBlock {DIV} at (3,85) size 680x332
        RenderBlock (anonymous) at (16,16) size 648x18
          RenderText {#text} at (0,0) size 440x17
            text run at (0,0) width 193: "This text is not in the form. "
            text run at (192,0) width 248: "The form should be indented 40px."
        RenderBlock {FORM} at (96,34) size 568x282
          RenderBlock {P} at (0,0) size 568x64
            RenderText {#text} at (0,7) size 564x49
              text run at (0,7) width 166: "This is text in the form. "
              text run at (165,7) width 197: "It should be indented 40px. "
              text run at (361,7) width 203: "The form itself has the same"
              text run at (0,39) width 223: "table-row/table-cell problem as "
              text run at (222,39) width 49: "above."
          RenderBlock {P} at (0,64) size 568x62
            RenderTable {SPAN} at (0,2) size 156x60
              RenderTableSection (anonymous) at (0,0) size 156x60
                RenderTableRow {SPAN} at (0,0) size 156x28
                  RenderTableCell (anonymous) at (0,0) size 156x28 [r=0 c=0 rs=1 cs=1]
                    RenderText {#text} at (0,6) size 134x16
                      text run at (0,6) width 134: "First Name (required)"
                RenderTableRow (anonymous) at (0,28) size 156x32
                  RenderTableCell (anonymous) at (0,28) size 156x32 [r=1 c=0 rs=1 cs=1]
                    RenderTextControl {INPUT} at (0,4) size 156x24 [bgcolor=#FFFFFF] [border: (2px inset #000000)]
            RenderText {#text} at (156,7) size 5x17
              text run at (156,7) width 5: " "
            RenderTable {SPAN} at (160,2) size 157x60
              RenderTableSection (anonymous) at (0,0) size 156x60
                RenderTableRow {SPAN} at (0,0) size 156x28
                  RenderTableCell (anonymous) at (0,0) size 156x28 [r=0 c=0 rs=1 cs=1]
                    RenderText {#text} at (0,6) size 133x16
                      text run at (0,6) width 133: "Last Name (required)"
                RenderTableRow (anonymous) at (0,28) size 156x32
                  RenderTableCell (anonymous) at (0,28) size 156x32 [r=1 c=0 rs=1 cs=1]
                    RenderTextControl {INPUT} at (0,4) size 156x24 [bgcolor=#FFFFFF] [border: (2px inset #000000)]
            RenderText {#text} at (0,0) size 0x0
          RenderBlock {P} at (0,126) size 568x62
            RenderTable {SPAN} at (0,2) size 372x60
              RenderTableSection (anonymous) at (0,0) size 372x60
                RenderTableRow {SPAN} at (0,0) size 372x28
                  RenderTableCell (anonymous) at (0,0) size 372x28 [r=0 c=0 rs=1 cs=1]
                    RenderText {#text} at (0,6) size 91x16
                      text run at (0,6) width 91: "Email Address"
                RenderTableRow (anonymous) at (0,28) size 372x32
                  RenderTableCell (anonymous) at (0,28) size 372x32 [r=1 c=0 rs=1 cs=1]
                    RenderTextControl {INPUT} at (0,4) size 372x24 [bgcolor=#FFFFFF] [border: (2px inset #000000)]
            RenderText {#text} at (0,0) size 0x0
          RenderBlock {P} at (0,188) size 568x62
            RenderTable {SPAN} at (0,2) size 156x60
              RenderTableSection (anonymous) at (0,0) size 156x60
                RenderTableRow {SPAN} at (0,0) size 156x28
                  RenderTableCell (anonymous) at (0,0) size 156x28 [r=0 c=0 rs=1 cs=1]
                    RenderText {#text} at (0,6) size 102x16
                      text run at (0,6) width 102: "Company Name"
                RenderTableRow (anonymous) at (0,28) size 156x32
                  RenderTableCell (anonymous) at (0,28) size 156x32 [r=1 c=0 rs=1 cs=1]
                    RenderTextControl {INPUT} at (0,4) size 156x24 [bgcolor=#FFFFFF] [border: (2px inset #000000)]
            RenderText {#text} at (156,7) size 5x17
              text run at (156,7) width 5: " "
            RenderTable {SPAN} at (160,2) size 157x60
              RenderTableSection (anonymous) at (0,0) size 156x60
                RenderTableRow {SPAN} at (0,0) size 156x28
                  RenderTableCell (anonymous) at (0,0) size 156x28 [r=0 c=0 rs=1 cs=1]
                    RenderText {#text} at (0,6) size 26x16
                      text run at (0,6) width 26: "Title"
                RenderTableRow (anonymous) at (0,28) size 156x32
                  RenderTableCell (anonymous) at (0,28) size 156x32 [r=1 c=0 rs=1 cs=1]
                    RenderTextControl {INPUT} at (0,4) size 156x24 [bgcolor=#FFFFFF] [border: (2px inset #000000)]
            RenderText {#text} at (0,0) size 0x0
          RenderBlock {P} at (0,250) size 568x32
            RenderButton {INPUT} at (0,3) size 71x27 [color=#000000CC] [bgcolor=#C0C0C0] [border: (2px outset #C0C0C0)]
              RenderBlock (anonymous) at (8,4) size 55x18
                RenderText at (0,0) size 55x17
                  text run at (0,0) width 55: "Submit!"
            RenderText {#text} at (70,7) size 5x17
              text run at (70,7) width 5: " "
            RenderButton {INPUT} at (74,3) size 97x27 [color=#000000CC] [bgcolor=#C0C0C0] [border: (2px outset #C0C0C0)]
              RenderBlock (anonymous) at (8,4) size 81x18
                RenderText at (0,0) size 81x17
                  text run at (0,0) width 81: "Clear Form"
            RenderText {#text} at (0,0) size 0x0
layer at (159,284) size 150x18
  RenderBlock {DIV} at (3,3) size 150x18
layer at (319,284) size 150x18
  RenderBlock {DIV} at (3,3) size 150x18
layer at (159,346) size 366x18
  RenderBlock {DIV} at (3,3) size 366x18
layer at (159,408) size 150x18
  RenderBlock {DIV} at (3,3) size 150x18
layer at (319,408) size 150x18
  RenderBlock {DIV} at (3,3) size 150x18
