layer at (0,0) size 800x600
  RenderView at (0,0) size 800x600
layer at (0,0) size 800x600
  RenderBlock {HTML} at (0,0) size 800x600
    RenderBody {BODY} at (8,8) size 784x584
      RenderTable {TABLE} at (192,0) size 400x60 [border: (1px outset #808080)]
        RenderTableSection {TBODY} at (1,1) size 398x58
          RenderTableRow {TR} at (0,2) size 398x54
            RenderTableCell {TD} at (2,2) size 394x54 [border: (1px inset #808080)] [r=0 c=0 rs=1 cs=1]
              RenderBlock {FORM} at (2,2) size 390x34
                RenderMenuList {SELECT} at (2,2) size 58x30 [bgcolor=#FFFFFF] [border: (1px solid #000000)]
                  RenderBlock (anonymous) at (1,1) size 56x28
                    RenderText at (5,5) size 30x17
                      text run at (5,5) width 30: "Test"
                RenderText {#text} at (0,0) size 0x0
