layer at (0,0) size 800x600
  RenderView at (0,0) size 800x600
layer at (0,0) size 800x271
  RenderBlock {HTML} at (0,0) size 800x271
    RenderBody {BODY} at (88,25) size 648x221 [bgcolor=#FFFFF5]
      RenderTable {TABLE} at (0,0) size 323x83
        RenderTableSection {TBODY} at (0,0) size 323x83
          RenderTableRow {TR} at (0,2) size 323x21
            RenderTableCell {TH} at (2,2) size 166x21 [color=#CC0000] [r=0 c=0 rs=1 cs=1]
              RenderText {#text} at (0,2) size 33x17
                text run at (0,2) width 33: "17.6 "
              RenderInline {A} at (0,0) size 134x17 [color=#3333FF]
                RenderText {#text} at (32,2) size 134x17
                  text run at (32,2) width 134: "Table Border Test 2"
            RenderTableCell {TD} at (169,2) size 19x21 [color=#FFFF00] [bgcolor=#CC0000] [r=0 c=1 rs=1 cs=1]
              RenderText {#text} at (0,2) size 11x17
                text run at (0,2) width 11: "B"
            RenderTableCell {TD} at (189,2) size 13x21 [color=#FFFFFF] [bgcolor=#000099] [r=0 c=2 rs=1 cs=1]
              RenderText {#text} at (0,2) size 12x17
                text run at (0,2) width 12: "N"
            RenderTableCell {TD} at (203,2) size 19x21 [color=#FFFFFF] [bgcolor=#000099] [r=0 c=3 rs=1 cs=1]
              RenderText {#text} at (0,2) size 12x17
                text run at (0,2) width 12: "N"
            RenderTableCell {TD} at (223,2) size 19x21 [color=#FFFFFF] [bgcolor=#000099] [r=0 c=4 rs=1 cs=1]
              RenderText {#text} at (0,2) size 12x17
                text run at (0,2) width 12: "N"
            RenderTableCell {TD} at (243,2) size 19x21 [color=#FFFFFF] [bgcolor=#000099] [r=0 c=5 rs=1 cs=1]
              RenderText {#text} at (0,2) size 12x17
                text run at (0,2) width 12: "N"
            RenderTableCell {TD} at (263,2) size 13x21 [bgcolor=#CCCCCC] [r=0 c=6 rs=1 cs=1]
              RenderText {#text} at (0,2) size 12x17
                text run at (0,2) width 12: "U"
            RenderTableCell {TD} at (277,2) size 44x21 [r=0 c=7 rs=1 cs=1]
              RenderText {#text} at (0,2) size 43x17
                text run at (0,2) width 43: "CSS2"
          RenderTableRow {TR} at (0,25) size 323x33
            RenderTableCell {TH} at (2,25) size 166x33 [color=#CC0000] [border: (12px solid #FFFFF5) none] [r=1 c=0 rs=1 cs=1]
              RenderText {#text} at (85,14) size 81x17
                text run at (85,14) width 81: "Tests Y (+1)"
            RenderTableCell {TD} at (169,25) size 19x33 [color=#FFFFFF] [bgcolor=#009900] [border: (12px solid #FFFFF5) none] [r=1 c=1 rs=1 cs=1]
              RenderText {#text} at (0,14) size 18x17
                text run at (0,14) width 18: "31"
            RenderTableCell {TD} at (189,25) size 13x33 [color=#FFFFFF] [bgcolor=#009900] [border: (12px solid #FFFFF5) none] [r=1 c=2 rs=1 cs=1]
              RenderText {#text} at (0,14) size 4x17
                text run at (0,14) width 4: " "
            RenderTableCell {TD} at (203,25) size 19x33 [color=#FFFFFF] [bgcolor=#009900] [border: (12px solid #FFFFF5) none] [r=1 c=3 rs=1 cs=1]
              RenderText {#text} at (0,14) size 18x17
                text run at (0,14) width 18: "16"
            RenderTableCell {TD} at (223,25) size 19x33 [color=#FFFFFF] [bgcolor=#009900] [border: (12px solid #FFFFF5) none] [r=1 c=4 rs=1 cs=1]
              RenderText {#text} at (0,14) size 18x17
                text run at (0,14) width 18: "16"
            RenderTableCell {TD} at (243,25) size 19x33 [color=#FFFFFF] [bgcolor=#009900] [border: (12px solid #FFFFF5) none] [r=1 c=5 rs=1 cs=1]
              RenderText {#text} at (0,14) size 9x17
                text run at (0,14) width 9: "2"
            RenderTableCell {TD} at (263,25) size 13x33 [color=#FFFFFF] [bgcolor=#009900] [border: (12px solid #FFFFF5) none] [r=1 c=6 rs=1 cs=1]
              RenderText {#text} at (0,14) size 12x17
                text run at (0,14) width 12: "U"
            RenderTableCell {TD} at (277,35) size 44x13 [border: (12px solid #FFFFF5) none] [r=1 c=7 rs=1 cs=1]
          RenderTableRow {TR} at (0,60) size 323x21
            RenderTableCell {TH} at (2,60) size 166x21 [color=#CC0000] [r=2 c=0 rs=1 cs=1]
              RenderText {#text} at (94,2) size 72x17
                text run at (94,2) width 72: "Tests N (0)"
            RenderTableCell {TD} at (169,60) size 19x21 [color=#FFFFFF] [bgcolor=#000099] [r=2 c=1 rs=1 cs=1]
              RenderText {#text} at (0,2) size 9x17
                text run at (0,2) width 9: "4"
            RenderTableCell {TD} at (189,60) size 13x21 [color=#FFFFFF] [bgcolor=#000099] [r=2 c=2 rs=1 cs=1]
              RenderText {#text} at (0,2) size 4x17
                text run at (0,2) width 4: " "
            RenderTableCell {TD} at (203,60) size 19x21 [color=#FFFFFF] [bgcolor=#000099] [r=2 c=3 rs=1 cs=1]
              RenderText {#text} at (0,2) size 18x17
                text run at (0,2) width 18: "21"
            RenderTableCell {TD} at (223,60) size 19x21 [color=#FFFFFF] [bgcolor=#000099] [r=2 c=4 rs=1 cs=1]
              RenderText {#text} at (0,2) size 18x17
                text run at (0,2) width 18: "14"
            RenderTableCell {TD} at (243,60) size 19x21 [color=#FFFFFF] [bgcolor=#000099] [r=2 c=5 rs=1 cs=1]
              RenderText {#text} at (0,2) size 18x17
                text run at (0,2) width 18: "18"
            RenderTableCell {TD} at (263,60) size 13x21 [color=#FFFFFF] [bgcolor=#000099] [r=2 c=6 rs=1 cs=1]
              RenderText {#text} at (0,2) size 12x17
                text run at (0,2) width 12: "U"
            RenderTableCell {TD} at (277,70) size 44x0 [r=2 c=7 rs=1 cs=1]
      RenderBlock {HR} at (0,95) size 648x1
      RenderBlock {P} at (0,108) size 648x38
        RenderInline {A} at (0,0) size 88x17 [color=#3333FF] [bgcolor=#FFFFF5]
          RenderImage {IMG} at (0,0) size 88x31
      RenderBlock {P} at (0,158) size 648x25
        RenderText {#text} at (0,4) size 62x17
          text run at (0,4) width 62: "(Back to "
        RenderInline {A} at (0,0) size 185x17 [color=#3333FF] [bgcolor=#FFFFF5]
          RenderText {#text} at (62,4) size 185x17
            text run at (62,4) width 185: "CSS Testing Information"
        RenderText {#text} at (246,4) size 9x17
          text run at (246,4) width 9: ", "
        RenderInline {A} at (0,0) size 96x17 [color=#3333FF] [bgcolor=#FFFFF5]
          RenderText {#text} at (254,4) size 96x17
            text run at (254,4) width 96: "David Baron"
        RenderText {#text} at (349,4) size 6x17
          text run at (349,4) width 6: ")"
      RenderBlock {P} at (0,195) size 648x25
        RenderInline {A} at (0,0) size 34x17 [color=#3333FF] [bgcolor=#FFFFF5]
          RenderText {#text} at (0,4) size 34x17
            text run at (0,4) width 34: "LDB"
        RenderText {#text} at (34,4) size 8x17
          text run at (34,4) width 8: ", "
        RenderInline {A} at (0,0) size 190x17 [color=#3333FF] [bgcolor=#FFFFF5]
          RenderText {#text} at (42,4) size 190x17
            text run at (42,4) width 190: "dbaron@fas.harvard.edu"
