layer at (0,0) size 785x2612
  RenderView at (0,0) size 785x600
layer at (0,0) size 785x2612
  RenderBlock {HTML} at (0,0) size 785x2613
    RenderBody {BODY} at (8,21) size 769x2576 [bgcolor=#FFFFFF]
      RenderBlock {H1} at (0,0) size 769x37
        RenderText {#text} at (0,0) size 361x36
          text run at (0,0) width 361: "Table Inheritance Tests - 1"
      RenderBlock {P} at (0,58) size 769x19
        RenderText {#text} at (0,0) size 397x17
          text run at (0,0) width 397: "If you have any comments to make regarding this test, e-mail "
        RenderInline {A} at (0,0) size 186x17 [color=#0000EE]
          RenderText {#text} at (396,0) size 186x17
            text run at (396,0) width 186: "py8ieh=eviltests@bath.ac.uk"
        RenderText {#text} at (581,0) size 5x17
          text run at (581,0) width 5: "."
      RenderBlock {DL} at (0,92) size 769x37
        RenderBlock {DT} at (0,0) size 769x18
          RenderText {#text} at (0,0) size 83x17
            text run at (0,0) width 83: "Prerequisites"
        RenderBlock {DD} at (40,18) size 729x18
          RenderText {#text} at (0,0) size 560x17
            text run at (0,0) width 560: "Browsers that are subjected to this test should support CSS1 and the CSS2 table model."
      RenderBlock {H2} at (0,148) size 769x28
        RenderText {#text} at (0,0) size 104x26
          text run at (0,0) width 104: "0. Control"
      RenderBlock {P} at (0,195) size 769x19
        RenderText {#text} at (0,0) size 411x17
          text run at (0,0) width 411: "The following four tests should look identical, namely, like this:"
      RenderBlock {DIV} at (0,229) size 769x75 [color=#FFFFFF] [bgcolor=#000000]
        RenderText {#text} at (0,0) size 761x73
          text run at (0,0) width 761: "This text should be white on black, bold, twice the"
          text run at (0,37) width 523: "size of normal text, and sans serif."
      RenderBlock {P} at (0,319) size 769x73
        RenderText {#text} at (0,0) size 768x71
          text run at (0,0) width 757: "There are some minor exceptions, however. The x.1 tests should fill the viewport width, the other tests need not. Also,"
          text run at (0,18) width 766: "browsers attempting to have backwards compatability with the buggy behaviour of legacy browsers may omit to inherit"
          text run at (0,36) width 768: "the color and font-size in 1.1, which will make 1.1 (but only 1.1) unreadable. That is the problem with not following the"
          text run at (0,54) width 39: "specs."
      RenderBlock {H2} at (0,411) size 769x28
        RenderText {#text} at (0,0) size 168x26
          text run at (0,0) width 168: "1. HTML Tables"
      RenderBlock {H3} at (0,458) size 769x23
        RenderText {#text} at (0,0) size 247x21
          text run at (0,0) width 247: "1.1 Inheritance through a DIV"
      RenderBlock {DIV} at (0,498) size 769x81 [color=#FFFFFF] [bgcolor=#000000]
        RenderTable {TABLE} at (0,0) size 769x80
          RenderTableSection {TBODY} at (0,0) size 769x80
            RenderTableRow {TR} at (0,2) size 769x76
              RenderTableCell {TD} at (2,2) size 765x76 [r=0 c=0 rs=1 cs=1]
                RenderText {#text} at (1,1) size 761x73
                  text run at (1,1) width 761: "This text should be white on black, bold, twice the"
                  text run at (1,38) width 523: "size of normal text, and sans serif."
      RenderBlock {H3} at (0,597) size 769x23
        RenderText {#text} at (0,0) size 263x21
          text run at (0,0) width 263: "1.2 Styles set directly on TABLE"
      RenderTable {TABLE} at (0,638) size 769x81 [color=#FFFFFF] [bgcolor=#000000]
        RenderTableSection {TBODY} at (0,0) size 769x80
          RenderTableRow {TR} at (0,2) size 769x76
            RenderTableCell {TD} at (2,2) size 765x76 [r=0 c=0 rs=1 cs=1]
              RenderText {#text} at (1,1) size 761x73
                text run at (1,1) width 761: "This text should be white on black, bold, twice the"
                text run at (1,38) width 523: "size of normal text, and sans serif."
      RenderBlock {H2} at (0,738) size 769x28
        RenderText {#text} at (0,0) size 226x26
          text run at (0,0) width 226: "2. Explicit CSS Tables"
      RenderBlock {H3} at (0,785) size 769x23
        RenderText {#text} at (0,0) size 247x21
          text run at (0,0) width 247: "2.1 Inheritance through a DIV"
      RenderBlock {DIV} at (0,825) size 769x75 [color=#FFFFFF] [bgcolor=#000000]
        RenderTable {DIV} at (0,0) size 769x74
          RenderTableSection (anonymous) at (0,0) size 769x74
            RenderTableRow {DIV} at (0,0) size 769x74
              RenderTableCell {DIV} at (0,0) size 769x74 [r=0 c=0 rs=1 cs=1]
                RenderText {#text} at (0,0) size 761x73
                  text run at (0,0) width 761: "This text should be white on black, bold, twice the"
                  text run at (0,37) width 523: "size of normal text, and sans serif."
      RenderBlock {H3} at (0,918) size 769x23
        RenderText {#text} at (0,0) size 263x21
          text run at (0,0) width 263: "2.2 Styles set directly on TABLE"
      RenderTable {DIV} at (0,959) size 769x75 [color=#FFFFFF] [bgcolor=#000000]
        RenderTableSection (anonymous) at (0,0) size 769x74
          RenderTableRow {DIV} at (0,0) size 769x74
            RenderTableCell {DIV} at (0,0) size 769x74 [r=0 c=0 rs=1 cs=1]
              RenderText {#text} at (0,0) size 761x73
                text run at (0,0) width 761: "This text should be white on black, bold, twice the"
                text run at (0,37) width 523: "size of normal text, and sans serif."
      RenderBlock {H3} at (0,1051) size 769x23
        RenderText {#text} at (0,0) size 247x21
          text run at (0,0) width 247: "2.3 Styles set directly on ROW"
      RenderTable {DIV} at (0,1092) size 769x75
        RenderTableSection (anonymous) at (0,0) size 769x74
          RenderTableRow {DIV} at (0,0) size 769x74 [color=#FFFFFF] [bgcolor=#000000]
            RenderTableCell {DIV} at (0,0) size 769x74 [r=0 c=0 rs=1 cs=1]
              RenderText {#text} at (0,0) size 761x73
                text run at (0,0) width 761: "This text should be white on black, bold, twice the"
                text run at (0,37) width 523: "size of normal text, and sans serif."
      RenderBlock {H3} at (0,1185) size 769x23
        RenderText {#text} at (0,0) size 251x21
          text run at (0,0) width 251: "2.4 Styles set directly on CELL"
      RenderTable {DIV} at (0,1226) size 769x75
        RenderTableSection (anonymous) at (0,0) size 769x74
          RenderTableRow {DIV} at (0,0) size 769x74
            RenderTableCell {DIV} at (0,0) size 769x74 [color=#FFFFFF] [bgcolor=#000000] [r=0 c=0 rs=1 cs=1]
              RenderText {#text} at (0,0) size 761x73
                text run at (0,0) width 761: "This text should be white on black, bold, twice the"
                text run at (0,37) width 523: "size of normal text, and sans serif."
      RenderBlock {H2} at (0,1319) size 769x28
        RenderText {#text} at (0,0) size 381x26
          text run at (0,0) width 381: "3. Implicit CSS Tables (table explicit)"
      RenderBlock {H3} at (0,1366) size 769x23
        RenderText {#text} at (0,0) size 247x21
          text run at (0,0) width 247: "3.1 Inheritance through a DIV"
      RenderBlock {DIV} at (0,1407) size 769x75 [color=#FFFFFF] [bgcolor=#000000]
        RenderTable {DIV} at (0,0) size 769x74
          RenderTableSection (anonymous) at (0,0) size 769x74
            RenderTableRow (anonymous) at (0,0) size 769x74
              RenderTableCell (anonymous) at (0,0) size 769x74 [r=0 c=0 rs=1 cs=1]
                RenderText {#text} at (0,0) size 761x73
                  text run at (0,0) width 761: "This text should be white on black, bold, twice the"
                  text run at (0,37) width 523: "size of normal text, and sans serif."
      RenderBlock {H3} at (0,1500) size 769x23
        RenderText {#text} at (0,0) size 263x21
          text run at (0,0) width 263: "3.2 Styles set directly on TABLE"
      RenderTable {DIV} at (0,1541) size 769x75 [color=#FFFFFF] [bgcolor=#000000]
        RenderTableSection (anonymous) at (0,0) size 769x74
          RenderTableRow (anonymous) at (0,0) size 769x74
            RenderTableCell (anonymous) at (0,0) size 769x74 [r=0 c=0 rs=1 cs=1]
              RenderText {#text} at (0,0) size 761x73
                text run at (0,0) width 761: "This text should be white on black, bold, twice the"
                text run at (0,37) width 523: "size of normal text, and sans serif."
      RenderBlock {H2} at (0,1634) size 769x28
        RenderText {#text} at (0,0) size 370x26
          text run at (0,0) width 370: "4. Implicit CSS Tables (row explicit)"
      RenderBlock {H3} at (0,1681) size 769x23
        RenderText {#text} at (0,0) size 247x21
          text run at (0,0) width 247: "4.1 Inheritance through a DIV"
      RenderBlock {DIV} at (0,1722) size 769x75 [color=#FFFFFF] [bgcolor=#000000]
        RenderTable at (0,0) size 769x74
          RenderTableSection (anonymous) at (0,0) size 769x74
            RenderTableRow {DIV} at (0,0) size 769x74
              RenderTableCell (anonymous) at (0,0) size 769x74 [r=0 c=0 rs=1 cs=1]
                RenderText {#text} at (0,0) size 761x73
                  text run at (0,0) width 761: "This text should be white on black, bold, twice the"
                  text run at (0,37) width 523: "size of normal text, and sans serif."
      RenderBlock {H3} at (0,1815) size 769x23
        RenderText {#text} at (0,0) size 247x21
          text run at (0,0) width 247: "4.2 Styles set directly on ROW"
      RenderTable at (0,1856) size 769x74
        RenderTableSection (anonymous) at (0,0) size 769x74
          RenderTableRow {DIV} at (0,0) size 769x74 [color=#FFFFFF] [bgcolor=#000000]
            RenderTableCell (anonymous) at (0,0) size 769x74 [r=0 c=0 rs=1 cs=1]
              RenderText {#text} at (0,0) size 761x73
                text run at (0,0) width 761: "This text should be white on black, bold, twice the"
                text run at (0,37) width 523: "size of normal text, and sans serif."
      RenderBlock {H2} at (0,1949) size 769x28
        RenderText {#text} at (0,0) size 365x26
          text run at (0,0) width 365: "5. Implicit CSS Tables (cell explicit)"
      RenderBlock {H3} at (0,1996) size 769x23
        RenderText {#text} at (0,0) size 247x21
          text run at (0,0) width 247: "5.1 Inheritance through a DIV"
      RenderBlock {DIV} at (0,2037) size 769x75 [color=#FFFFFF] [bgcolor=#000000]
        RenderTable at (0,0) size 769x74
          RenderTableSection (anonymous) at (0,0) size 769x74
            RenderTableRow (anonymous) at (0,0) size 769x74
              RenderTableCell {DIV} at (0,0) size 769x74 [r=0 c=0 rs=1 cs=1]
                RenderText {#text} at (0,0) size 761x73
                  text run at (0,0) width 761: "This text should be white on black, bold, twice the"
                  text run at (0,37) width 523: "size of normal text, and sans serif."
      RenderBlock {H3} at (0,2130) size 769x23
        RenderText {#text} at (0,0) size 251x21
          text run at (0,0) width 251: "5.2 Styles set directly on CELL"
      RenderTable at (0,2170) size 769x75
        RenderTableSection (anonymous) at (0,0) size 769x74
          RenderTableRow (anonymous) at (0,0) size 769x74
            RenderTableCell {DIV} at (0,0) size 769x74 [color=#FFFFFF] [bgcolor=#000000] [r=0 c=0 rs=1 cs=1]
              RenderText {#text} at (0,0) size 761x73
                text run at (0,0) width 761: "This text should be white on black, bold, twice the"
                text run at (0,37) width 523: "size of normal text, and sans serif."
      RenderBlock {H2} at (0,2264) size 769x28
        RenderText {#text} at (0,0) size 156x26
          text run at (0,0) width 156: "Submit Results"
      RenderBlock {FORM} at (0,2311) size 769x76
        RenderBlock {P} at (0,0) size 769x75
          RenderText {#text} at (0,0) size 263x17
            text run at (0,0) width 263: "How does your browser fare on this test?"
          RenderMenuList {SELECT} at (0,18) size 613x30 [bgcolor=#FFFFFF] [border: (1px solid #000000)]
            RenderBlock (anonymous) at (1,1) size 611x28
              RenderText at (5,5) size 585x17
                text run at (5,5) width 585: "The tests all render identically, and this browser may or may not grok CSS2 tables."
          RenderText {#text} at (613,24) size 4x17
            text run at (613,24) width 4: " "
          RenderInline {LABEL} at (0,0) size 685x45
            RenderText {#text} at (617,24) size 68x17
              text run at (617,24) width 68: "Comment:"
            RenderTextControl {INPUT} at (0,49) size 192x24 [bgcolor=#FFFFFF] [border: (2px inset #000000)]
          RenderText {#text} at (192,52) size 4x17
            text run at (192,52) width 4: " "
          RenderButton {INPUT} at (196,48) size 66x27 [color=#000000CC] [bgcolor=#C0C0C0] [border: (2px outset #C0C0C0)]
            RenderBlock (anonymous) at (8,4) size 50x18
              RenderText at (0,0) size 50x17
                text run at (0,0) width 50: "Submit"
          RenderText {#text} at (0,0) size 0x0
      RenderBlock {P} at (0,2420) size 769x19
        RenderText {#text} at (0,0) size 64x17
          text run at (0,0) width 64: "Up to the "
        RenderInline {A} at (0,0) size 73x17 [color=#0000EE]
          RenderText {#text} at (63,0) size 73x17
            text run at (63,0) width 73: "Table Tests"
        RenderText {#text} at (135,0) size 5x17
          text run at (135,0) width 5: "."
      RenderBlock {P} at (0,2454) size 769x19
        RenderText {#text} at (0,0) size 64x17
          text run at (0,0) width 64: "Up to the "
        RenderInline {A} at (0,0) size 99x17 [color=#0000EE]
          RenderText {#text} at (63,0) size 99x17
            text run at (63,0) width 99: "Evil Tests Page"
        RenderText {#text} at (161,0) size 5x17
          text run at (161,0) width 5: "."
      RenderBlock {P} at (0,2488) size 769x19
        RenderText {#text} at (0,0) size 63x17
          text run at (0,0) width 63: "Bugzilla: "
        RenderInline {A} at (0,0) size 64x17 [color=#0000EE]
          RenderText {#text} at (62,0) size 64x17
            text run at (62,0) width 64: "Bug 1044"
      RenderBlock {P} at (0,2522) size 769x19
        RenderText {#text} at (0,0) size 177x17
          text run at (0,0) width 177: "This page is maintained by "
        RenderInline {A} at (0,0) size 79x17 [color=#0000EE]
          RenderText {#text} at (176,0) size 79x17
            text run at (176,0) width 79: "Ian Hickson"
        RenderText {#text} at (254,0) size 10x17
          text run at (254,0) width 10: " ("
        RenderInline {A} at (0,0) size 125x17 [color=#0000EE]
          RenderText {#text} at (263,0) size 125x17
            text run at (263,0) width 125: "py8ieh@bath.ac.uk"
        RenderText {#text} at (387,0) size 10x17
          text run at (387,0) width 10: ")."
      RenderBlock {P} at (0,2556) size 769x19
        RenderText {#text} at (0,0) size 185x17
          text run at (0,0) width 185: "Last updated in March 1999."
layer at (11,2385) size 186x18
  RenderBlock {DIV} at (3,3) size 186x18
layer at (8,2424) size 769x2 clip at (0,0) size 0x0
  RenderBlock {HR} at (0,2402) size 769x3 [border: (1px inset #000000)]
