layer at (0,0) size 800x600
  RenderView at (0,0) size 800x600
layer at (0,0) size 800x600
  RenderBlock {HTML} at (0,0) size 800x600
    RenderBody {BODY} at (8,8) size 784x584 [bgcolor=#FFFFFF]
      RenderBlock (anonymous) at (0,0) size 784x18
        RenderText {#text} at (0,0) size 712x17
          text run at (0,0) width 712: "The bug causes the nested table containing the textarea to be positioned away from the left edge of the outer table"
        RenderBR {BR} at (712,0) size 0x17
      RenderTable {TABLE} at (242,18) size 300x66 [border: (1px outset #808080)]
        RenderTableSection {TBODY} at (1,1) size 298x64
          RenderTableRow {TR} at (0,2) size 298x60
            RenderTableCell {TD} at (2,2) size 294x60 [border: (1px inset #808080)] [r=0 c=0 rs=1 cs=1]
              RenderTable {TABLE} at (2,2) size 80x56 [border: (1px outset #808080)]
                RenderTableSection {TBODY} at (1,1) size 78x54
                  RenderTableRow {TR} at (0,2) size 78x50
                    RenderTableCell {TD} at (2,2) size 74x50 [border: (1px inset #808080)] [r=0 c=0 rs=1 cs=1]
                      RenderText {#text} at (0,0) size 0x0
layer at (262,38) size 66x42 clip at (263,39) size 64x40
  RenderTextControl {TEXTAREA} at (4,4) size 66x42 [bgcolor=#FFFFFF] [border: (1px solid #000000)]
    RenderBlock {DIV} at (3,3) size 60x18
      RenderText {#text} at (0,0) size 23x17
        text run at (0,0) width 23: "bar"
