layer at (0,0) size 800x600
  RenderView at (0,0) size 800x600
layer at (0,0) size 800x600
  RenderBlock {HTML} at (0,0) size 800x600
    RenderBody {BODY} at (8,8) size 784x584
      RenderTable {TABLE} at (0,0) size 300x28 [border: (1px outset #808080)]
        RenderTableSection {TBODY} at (1,1) size 298x26
          RenderTableRow {TR} at (0,2) size 298x22
            RenderTableCell {TD} at (2,2) size 142x22 [border: (1px inset #808080)] [r=0 c=0 rs=1 cs=1]
              RenderText {#text} at (57,2) size 28x17
                text run at (57,2) width 28: "One"
            RenderTableCell {TD} at (145,2) size 152x22 [border: (1px inset #808080)] [r=0 c=1 rs=1 cs=1]
              RenderText {#text} at (60,2) size 30x17
                text run at (60,2) width 30: "Two"
      RenderTable {TABLE} at (0,28) size 300x28 [border: (1px outset #808080)]
        RenderTableSection {TBODY} at (1,1) size 298x26
          RenderTableRow {TR} at (0,2) size 298x22
            RenderTableCell {TD} at (2,2) size 142x22 [border: (1px inset #808080)] [r=0 c=0 rs=1 cs=1]
              RenderText {#text} at (112,2) size 28x17
                text run at (112,2) width 28: "One"
            RenderTableCell {TD} at (145,2) size 152x22 [border: (1px inset #808080)] [r=0 c=1 rs=1 cs=1]
              RenderText {#text} at (119,2) size 30x17
                text run at (119,2) width 30: "Two"
      RenderTable {TABLE} at (0,56) size 368x52 [border: (1px outset #808080)]
        RenderTableSection {TBODY} at (1,1) size 366x50
          RenderTableRow {TR} at (0,2) size 366x22
            RenderTableCell {TD} at (2,2) size 179x22 [border: (1px inset #808080)] [r=0 c=0 rs=1 cs=1]
              RenderText {#text} at (76,2) size 27x17
                text run at (76,2) width 27: "One"
            RenderTableCell {TD} at (183,2) size 181x22 [border: (1px inset #808080)] [r=0 c=1 rs=1 cs=1]
              RenderText {#text} at (76,2) size 29x17
                text run at (76,2) width 29: "Two"
          RenderTableRow {TR} at (0,26) size 366x22
            RenderTableCell {TD} at (2,26) size 179x22 [border: (1px inset #808080)] [r=1 c=0 rs=1 cs=1]
              RenderText {#text} at (2,2) size 175x17
                text run at (2,2) width 175: "----------Long One------------"
            RenderTableCell {TD} at (183,26) size 181x22 [border: (1px inset #808080)] [r=1 c=1 rs=1 cs=1]
              RenderText {#text} at (2,2) size 177x17
                text run at (2,2) width 177: "----------Long Two------------"
      RenderTable {TABLE} at (0,108) size 784x28 [border: (1px outset #808080)]
        RenderTableSection {TBODY} at (1,1) size 782x26
          RenderTableRow {TR} at (0,2) size 782x22
            RenderTableCell {TD} at (2,2) size 377x22 [border: (1px inset #808080)] [r=0 c=0 rs=1 cs=1]
              RenderText {#text} at (174,2) size 28x17
                text run at (174,2) width 28: "One"
            RenderTableCell {TD} at (380,2) size 401x22 [border: (1px inset #808080)] [r=0 c=1 rs=1 cs=1]
              RenderText {#text} at (185,2) size 30x17
                text run at (185,2) width 30: "Two"
