layer at (0,0) size 800x600
  RenderView at (0,0) size 800x600
layer at (0,0) size 800x600
  RenderBlock {HTML} at (0,0) size 800x600
    RenderBody {BODY} at (8,8) size 784x584
      RenderTable {TABLE} at (0,0) size 784x65 [bgcolor=#00FFFF] [border: (1px outset #808080)]
        RenderTableSection {TBODY} at (1,1) size 782x63
          RenderTableRow {TR} at (0,2) size 782x59
            RenderTableCell {TD} at (2,2) size 304x59 [border: (1px inset #808080)] [r=0 c=0 rs=1 cs=1]
              RenderInline {FONT} at (2,2) size 99x36 [color=#0000FF]
                RenderText {#text} at (2,2) size 99x36
                  text run at (2,2) width 99: "Mozilla"
              RenderText {#text} at (2,17) size 275x39
                text run at (101,17) width 149: " code available under a "
                text run at (250,17) width 27: "dual"
                text run at (2,39) width 123: "MPL/GPL license. "
                text run at (124,39) width 138: "See the for more info."
              RenderBR {BR} at (261,39) size 1x17
            RenderTableCell {TD} at (308,20) size 472x23 [border: (1px inset #808080)] [r=0 c=1 rs=1 cs=1]
              RenderText {#text} at (2,20) size 241x18
                text run at (2,2) width 241: "foo bar foo bar foo bar foo bar foo bar"
      RenderBlock (anonymous) at (0,65) size 784x45
        RenderBR {BR} at (0,0) size 0x17
        RenderButton {INPUT} at (0,18) size 68x27 [color=#000000CC] [bgcolor=#C0C0C0] [border: (2px outset #C0C0C0)]
          RenderBlock (anonymous) at (8,4) size 52x18
            RenderText at (0,0) size 52x17
              text run at (0,0) width 52: "Reload"
        RenderText {#text} at (68,22) size 8x17
          text run at (68,22) width 8: "  "
        RenderButton {INPUT} at (76,18) size 109x27 [color=#000000CC] [bgcolor=#C0C0C0] [border: (2px outset #C0C0C0)]
          RenderBlock (anonymous) at (8,4) size 93x18
            RenderText at (0,0) size 93x17
              text run at (0,0) width 93: "Change Font"
        RenderText {#text} at (185,22) size 8x17
          text run at (185,22) width 8: "  "
        RenderTextControl {INPUT} at (193,19) size 192x24 [bgcolor=#FFFFFF] [border: (2px inset #808080)]
        RenderText {#text} at (0,0) size 0x0
layer at (204,95) size 186x18
  RenderBlock {DIV} at (3,3) size 186x18
    RenderText {#text} at (0,0) size 9x17
      text run at (0,0) width 9: "6"
