layer at (0,0) size 800x600
  RenderView at (0,0) size 800x600
layer at (0,0) size 800x136
  RenderBlock {HTML} at (0,0) size 800x136
    RenderBody {BODY} at (8,8) size 784x120
      RenderBlock {FORM} at (0,0) size 784x56
        RenderButton {INPUT} at (2,0) size 231x27 [color=#2E3436] [bgcolor=#C0C0C0] [border: (2px outset #C0C0C0)]
          RenderBlock (anonymous) at (8,4) size 215x18
            RenderText at (0,0) size 215x17
              text run at (0,0) width 215: "[Step 1] Set cell height to 60px"
        RenderButton {INPUT} at (2,29) size 231x27 [color=#2E3436] [bgcolor=#C0C0C0] [border: (2px outset #C0C0C0)]
          RenderBlock (anonymous) at (8,4) size 215x18
            RenderText at (0,0) size 215x17
              text run at (0,0) width 215: "[Step 2] Set cell height to 20px"
      RenderTable {TABLE} at (0,58) size 42x62
        RenderTableSection {TBODY} at (0,0) size 42x62
          RenderTableRow {TR} at (0,2) size 42x28
            RenderTableCell {TD} at (2,2) size 18x28 [border: (4px solid #000000)] [r=0 c=0 rs=1 cs=1]
              RenderText {#text} at (5,5) size 8x17
                text run at (5,5) width 8: "1"
            RenderTableCell {TD} at (22,2) size 18x28 [border: (4px solid #000000)] [r=0 c=1 rs=1 cs=1]
              RenderText {#text} at (5,5) size 8x17
                text run at (5,5) width 8: "2"
          RenderTableRow {TR} at (0,32) size 42x28
            RenderTableCell {TD} at (2,32) size 18x28 [border: (4px solid #000000)] [r=1 c=0 rs=1 cs=1]
              RenderText {#text} at (5,5) size 8x17
                text run at (5,5) width 8: "2"
            RenderTableCell {TD} at (22,32) size 18x28 [border: (4px solid #000000)] [r=1 c=1 rs=1 cs=1]
              RenderText {#text} at (5,5) size 8x17
                text run at (5,5) width 8: "2"
