layer at (0,0) size 800x600
  RenderView at (0,0) size 800x600
layer at (0,0) size 800x600
  RenderBlock {HTML} at (0,0) size 800x600
    RenderBody {BODY} at (8,8) size 784x576 [bgcolor=#FFFFFF]
      RenderBlock {P} at (0,0) size 784x36
        RenderText {#text} at (0,0) size 775x35
          text run at (0,0) width 441: "Click on a link on the left hand column. Also note the overlap of the "
          text run at (440,0) width 335: "text box with the submit button. (And, removing the"
          text run at (0,18) width 156: "font tag that is wrapped "
          text run at (155,18) width 239: "around the text box clears up layout)."
      RenderBlock (anonymous) at (0,52) size 784x18
        RenderBR {BR} at (0,0) size 0x17
      RenderBlock {FORM} at (0,70) size 784x136
        RenderBlock {CENTER} at (0,0) size 784x136
          RenderTable {TABLE} at (92,0) size 600x136 [bgcolor=#EEEEEE] [border: (1px outset #808080)]
            RenderTableSection {TBODY} at (1,1) size 598x134
              RenderTableRow {TR} at (0,3) size 598x128
                RenderTableCell {TD} at (3,3) size 100x128 [border: (1px inset #808080)] [r=0 c=0 rs=1 cs=1]
                  RenderTable {TABLE} at (4,4) size 92x120 [bgcolor=#FFFFFF] [border: (1px outset #808080)]
                    RenderTableSection {TBODY} at (1,1) size 90x118
                      RenderTableRow {TR} at (0,2) size 90x28
                        RenderTableCell {TD} at (2,3) size 86x25 [bgcolor=#CCCCCC] [border: (1px inset #808080)] [r=0 c=0 rs=1 cs=1]
                          RenderInline {A} at (0,0) size 62x18 [color=#660099]
                            RenderInline {B} at (0,0) size 62x18
                              RenderText {#text} at (3,2) size 62x19
                                text run at (3,3) width 62: "Netscape"
                          RenderText {#text} at (0,0) size 0x0
                      RenderTableRow {TR} at (0,31) size 90x28
                        RenderTableCell {TD} at (2,33) size 86x25 [bgcolor=#FFFFFF] [border: (1px inset #808080)] [r=1 c=0 rs=1 cs=1]
                          RenderInline {A} at (0,0) size 58x18 [color=#660099]
                            RenderInline {B} at (0,0) size 58x18
                              RenderText {#text} at (3,2) size 58x19
                                text run at (3,3) width 58: "Infoseek"
                          RenderText {#text} at (0,0) size 0x0
                      RenderTableRow {TR} at (0,61) size 90x28
                        RenderTableCell {TD} at (2,62) size 86x25 [bgcolor=#FFFFFF] [border: (1px inset #808080)] [r=2 c=0 rs=1 cs=1]
                          RenderInline {A} at (0,0) size 79x18 [color=#660099]
                            RenderInline {B} at (0,0) size 79x18
                              RenderText {#text} at (3,2) size 79x19
                                text run at (3,3) width 79: "LookSmart"
                          RenderText {#text} at (0,0) size 0x0
                      RenderTableRow {TR} at (0,90) size 90x26
                        RenderTableCell {TD} at (2,91) size 86x25 [bgcolor=#FFFFFF] [border: (1px inset #808080)] [r=3 c=0 rs=1 cs=1]
                          RenderInline {A} at (0,0) size 66x18 [color=#660099]
                            RenderInline {B} at (0,0) size 66x18
                              RenderText {#text} at (3,2) size 66x19
                                text run at (3,3) width 66: "Directory"
                          RenderText {#text} at (0,0) size 0x0
                RenderTableCell {TD} at (105,23) size 490x88 [bgcolor=#CCCCCC] [border: (1px inset #808080)] [r=0 c=1 rs=1 cs=1]
                  RenderTable {TABLE} at (4,4) size 482x79 [border: (1px outset #808080)]
                    RenderTableSection {TBODY} at (1,1) size 480x77
                      RenderTableRow {TR} at (0,4) size 480x37
                        RenderTableCell {TD} at (4,4) size 392x34 [border: (1px inset #808080)] [r=0 c=0 rs=1 cs=3]
                          RenderInline {FONT} at (0,0) size 381x15
                            RenderText {#text} at (0,0) size 0x0
                            RenderTextControl {INPUT} at (5,5) size 381x24 [bgcolor=#FFFFFF] [border: (2px inset #000000)]
                            RenderText {#text} at (0,0) size 0x0
                          RenderText {#text} at (0,0) size 0x0
                        RenderTableCell {TD} at (399,4) size 77x37 [border: (1px inset #808080)] [r=0 c=3 rs=1 cs=1]
                          RenderButton {INPUT} at (5,5) size 67x27 [color=#000000CC] [bgcolor=#C0C0C0] [border: (2px outset #C0C0C0)]
                            RenderBlock (anonymous) at (8,4) size 51x18
                              RenderText at (0,0) size 51x17
                                text run at (0,0) width 51: "Search"
                          RenderText {#text} at (0,0) size 0x0
                      RenderTableRow {TR} at (0,45) size 480x28
                        RenderTableCell {TD} at (4,45) size 128x28 [border: (1px inset #808080)] [r=1 c=0 rs=1 cs=1]
                          RenderText {#text} at (5,5) size 27x17
                            text run at (5,5) width 27: "asdf"
                        RenderTableCell {TD} at (135,45) size 129x28 [border: (1px inset #808080)] [r=1 c=1 rs=1 cs=1]
                          RenderText {#text} at (5,5) size 27x17
                            text run at (5,5) width 27: "asdf"
                        RenderTableCell {TD} at (267,45) size 129x28 [border: (1px inset #808080)] [r=1 c=2 rs=1 cs=1]
                          RenderText {#text} at (5,5) size 27x17
                            text run at (5,5) width 27: "asdf"
                        RenderTableCell {TD} at (399,45) size 77x28 [border: (1px inset #808080)] [r=1 c=3 rs=1 cs=1]
                          RenderText {#text} at (5,5) size 27x17
                            text run at (5,5) width 27: "asdf"
layer at (223,120) size 375x18
  RenderBlock {DIV} at (3,3) size 375x18
