layer at (0,0) size 2410x585
  RenderView at (0,0) size 800x585
layer at (0,0) size 800x585
  RenderBlock {HTML} at (0,0) size 800x585
    RenderBody {BODY} at (8,8) size 784x569
      RenderBlock (anonymous) at (0,0) size 784x18
        RenderBR {BR} at (0,0) size 0x17
      RenderTable {TABLE} at (0,18) size 324x58 [border: (1px outset #808080)]
        RenderTableSection {TBODY} at (1,1) size 322x56
          RenderTableRow {TR} at (0,0) size 322x56
            RenderTableCell {TD} at (0,0) size 322x56 [border: (1px inset #808080)] [r=0 c=0 rs=1 cs=1]
              RenderText {#text} at (1,1) size 313x53
                text run at (1,1) width 280: "Hotmail's Junk Mail spreading effort just got"
                text run at (1,19) width 44: "better! "
                text run at (45,19) width 269: "Now you can choose from 3 levels of junk"
                text run at (1,37) width 32: "mail!"
      RenderBlock (anonymous) at (0,76) size 784x72
        RenderBR {BR} at (0,0) size 0x17
        RenderBR {BR} at (0,18) size 0x17
        RenderText {#text} at (0,36) size 433x17
          text run at (0,36) width 433: "the next table must overrun the visible part of the view (width=2400)"
        RenderBR {BR} at (433,36) size 0x17
        RenderBR {BR} at (0,54) size 0x17
      RenderTable {TABLE} at (0,148) size 2402x58 [border: (1px outset #808080)]
        RenderTableSection {TBODY} at (1,1) size 2400x56
          RenderTableRow {TR} at (0,0) size 2400x56
            RenderTableCell {TD} at (0,0) size 2400x56 [border: (1px inset #808080)] [r=0 c=0 rs=1 cs=1]
              RenderText {#text} at (1,1) size 2372x53
                text run at (1,1) width 328: "Hotmail's Junk Mail spreading effort just got better! "
                text run at (328,1) width 310: "Now you can choose from 3 levels of junk mail! "
                text run at (637,1) width 329: "Hotmail's Junk Mail spreading effort just got better! "
                text run at (965,1) width 310: "Now you can choose from 3 levels of junk mail! "
                text run at (1274,1) width 329: "Hotmail's Junk Mail spreading effort just got better! "
                text run at (1602,1) width 310: "Now you can choose from 3 levels of junk mail! "
                text run at (1911,1) width 328: "Hotmail's Junk Mail spreading effort just got better! "
                text run at (2238,1) width 135: "Now you can choose"
                text run at (1,19) width 171: "from 3 levels of junk mail! "
                text run at (172,19) width 328: "Hotmail's Junk Mail spreading effort just got better! "
                text run at (499,19) width 310: "Now you can choose from 3 levels of junk mail! "
                text run at (808,19) width 329: "Hotmail's Junk Mail spreading effort just got better! "
                text run at (1136,19) width 310: "Now you can choose from 3 levels of junk mail! "
                text run at (1445,19) width 329: "Hotmail's Junk Mail spreading effort just got better! "
                text run at (1773,19) width 310: "Now you can choose from 3 levels of junk mail! "
                text run at (2082,19) width 280: "Hotmail's Junk Mail spreading effort just got"
                text run at (1,37) width 44: "better! "
                text run at (45,37) width 309: "Now you can choose from 3 levels of junk mail! "
                text run at (354,37) width 328: "Hotmail's Junk Mail spreading effort just got better! "
                text run at (681,37) width 310: "Now you can choose from 3 levels of junk mail! "
                text run at (990,37) width 329: "Hotmail's Junk Mail spreading effort just got better! "
                text run at (1318,37) width 306: "Now you can choose from 3 levels of junk mail!"
