layer at (0,0) size 800x600
  RenderView at (0,0) size 800x600
layer at (0,0) size 800x600
  RenderBlock {HTML} at (0,0) size 800x600
    RenderBody {BODY} at (8,8) size 784x576
      RenderBlock (anonymous) at (0,0) size 784x60
        RenderText {#text} at (0,0) size 782x59
          text run at (0,0) width 519: "In this test, you should see three blocks that are aligned right within a black box. "
          text run at (518,0) width 249: "They should be stacked vertically with"
          text run at (0,20) width 275: "the green box in between two olive boxes. "
          text run at (274,20) width 508: "The olive boxes and the green box should be 100x100, and there should be 100"
          text run at (0,40) width 320: "pixels of padding on the left side of the box stack."
layer at (8,84) size 784x40
  RenderBlock (relative positioned) {DIV} at (0,76) size 784x40
    RenderText {#text} at (21,0) size 763x39
      text run at (21,0) width 763: "The black box's top should be aligned with the end of the last line in this parargaph and its right side should begin right"
      text run at (596,20) width 5 RTL: "."
      text run at (600,20) width 184: "after the end of this sentence"
    RenderText {#text} at (0,0) size 0x0
layer at (365,104) size 240x340
  RenderBlock (positioned) {SPAN} at (356,20) size 241x340 [border: (20px solid #000000)]
layer at (485,224) size 100x100
  RenderBlock (positioned) {DIV} at (120,120) size 100x100 [bgcolor=#008000]
layer at (485,124) size 100x100
  RenderBlock (positioned) {DIV} at (120,20) size 100x100 [bgcolor=#808000]
layer at (485,324) size 100x100
  RenderBlock (positioned) {DIV} at (120,220) size 100x100 [bgcolor=#808000]
