layer at (0,0) size 800x1650
  RenderView at (0,0) size 800x600
layer at (0,0) size 800x600
  RenderBlock {HTML} at (0,0) size 800x600
    RenderBody {BODY} at (8,8) size 784x584
layer at (8,8) size 202x1642
  RenderBlock (positioned) {DIV} at (8,8) size 203x1642
    RenderBlock {P} at (0,72) size 203x85
      RenderInline {A} at (0,0) size 167x81 [color=#0000EE]
        RenderText {#text} at (0,2) size 167x81
          text run at (0,2) width 167: "link 1"
    RenderBlock {P} at (0,229) size 203x85
      RenderInline {A} at (0,0) size 167x81 [color=#0000EE]
        RenderText {#text} at (0,2) size 167x81
          text run at (0,2) width 167: "link 2"
    RenderBlock {P} at (0,386) size 203x85
      RenderInline {A} at (0,0) size 167x81 [color=#0000EE]
        RenderText {#text} at (0,2) size 167x81
          text run at (0,2) width 167: "link 3"
    RenderBlock {P} at (0,543) size 203x85
      RenderInline {A} at (0,0) size 167x81 [color=#0000EE]
        RenderText {#text} at (0,2) size 167x81
          text run at (0,2) width 167: "link 4"
    RenderBlock {P} at (0,700) size 203x85
      RenderInline {A} at (0,0) size 167x81 [color=#0000EE]
        RenderText {#text} at (0,2) size 167x81
          text run at (0,2) width 167: "link 5"
    RenderBlock {P} at (0,857) size 203x85
      RenderInline {A} at (0,0) size 167x81 [color=#0000EE]
        RenderText {#text} at (0,2) size 167x81
          text run at (0,2) width 167: "link 6"
    RenderBlock {P} at (0,1014) size 203x85
      RenderInline {A} at (0,0) size 167x81 [color=#0000EE]
        RenderText {#text} at (0,2) size 167x81
          text run at (0,2) width 167: "link 7"
    RenderBlock {P} at (0,1171) size 203x85
      RenderInline {A} at (0,0) size 167x81 [color=#0000EE]
        RenderText {#text} at (0,2) size 167x81
          text run at (0,2) width 167: "link 8"
    RenderBlock {P} at (0,1328) size 203x85
      RenderInline {A} at (0,0) size 167x81 [color=#0000EE]
        RenderText {#text} at (0,2) size 167x81
          text run at (0,2) width 167: "link 9"
    RenderBlock {P} at (0,1485) size 203x85
      RenderInline {A} at (0,0) size 203x81 [color=#0000EE]
        RenderText {#text} at (0,2) size 203x81
          text run at (0,2) width 203: "link 10"
