layer at (0,0) size 785x612
  RenderView at (0,0) size 785x600
layer at (0,0) size 785x416
  RenderBlock {HTML} at (0,0) size 785x416
    RenderBody {BODY} at (8,8) size 769x400
      RenderTable {TABLE} at (0,0) size 229x400 [border: (1px outset #808080)]
        RenderBlock {CAPTION} at (0,0) size 229x206 [border: (3px solid #FFA500)]
          RenderText {#text} at (103,3) size 23x17
            text run at (103,3) width 23: "cap"
        RenderTableSection {TBODY} at (1,207) size 227x192
          RenderTableRow {TR} at (0,30) size 227x132
            RenderTableCell {TD} at (30,71) size 53x50 [border: (1px inset #808080)] [r=0 c=0 rs=1 cs=1]
              RenderText {#text} at (16,16) size 21x17
                text run at (16,16) width 21: "foo"
            RenderTableCell {TD} at (113,78) size 84x84 [border: (1px inset #808080)] [r=0 c=1 rs=1 cs=1]
              RenderBlock {DIV} at (16,16) size 52x52 [border: (1px solid #008000)]
                RenderBlock {DIV} at (1,1) size 402x302 [border: (1px solid #FF0000)]
                  RenderText {#text} at (1,1) size 8x17
                    text run at (1,1) width 8: "d"
