layer at (0,0) size 800x600
  RenderView at (0,0) size 800x600
layer at (0,0) size 800x600
  RenderBlock {HTML} at (0,0) size 800x600
    RenderFrameSet {FRAMESET} at (0,0) size 800x600
      RenderFrame {FRAME} at (0,0) size 800x534
        layer at (0,0) size 800x1596
          RenderView at (0,0) size 800x534
        layer at (0,0) size 800x1596
          RenderBlock {HTML} at (0,0) size 800x1596
            RenderBody {BODY} at (8,8) size 784x1556
              RenderBlock (anonymous) at (0,0) size 784x266
                RenderText {#text} at (0,1) size 781x188
                  text run at (0,1) width 781: "This is test page that we navigate to as part of testing various"
                  text run at (0,39) width 232: "navigation styles. "
                  text run at (231,39) width 471: "It includes a form so that we can test"
                  text run at (0,77) width 731: "saving and restoring of form data, and it needs to be long"
                  text run at (0,115) width 682: "enough that we can test saving and restoring of scroll"
                  text run at (0,153) width 120: "position. "
                RenderBR {BR} at (119,182) size 1x0
                RenderBR {BR} at (0,191) size 0x36
                RenderBR {BR} at (0,229) size 0x36
              RenderBlock {HR} at (0,282) size 784x2 [border: (1px inset #000000)]
              RenderBlock {FORM} at (0,300) size 784x452
                RenderButton {INPUT} at (2,2) size 114x20 [bgcolor=#FFFFFF02] [border: (1px solid #4C4C4C)]
                  RenderBlock (anonymous) at (12,3) size 90x14
                    RenderText at (0,0) size 90x14
                      text run at (0,0) width 90: "Submit with POST"
                RenderBR {BR} at (117,16) size 1x0
                RenderButton {INPUT} at (2,26) size 221x20 [bgcolor=#FFFFFF02] [border: (1px solid #4C4C4C)]
                  RenderBlock (anonymous) at (12,3) size 197x14
                    RenderText at (0,0) size 197x14
                      text run at (0,0) width 197: "Submit with POST followed by a redirect"
                RenderBR {BR} at (224,40) size 1x0
                RenderText {#text} at (0,49) size 377x36
                  text run at (0,49) width 377: "Here are some form elements"
                RenderTextControl {INPUT} at (378,64) size 137x22 [bgcolor=#FFFFFF] [border: (1px solid #4C4C4C)]
                RenderBR {BR} at (516,78) size 1x0
                RenderText {#text} at (0,88) size 335x36
                  text run at (0,88) width 335: "that we can use for testing"
                RenderTextControl {INPUT} at (337,103) size 136x22 [bgcolor=#FFFFFF] [border: (1px solid #4C4C4C)]
                RenderBR {BR} at (474,117) size 1x0
                RenderBlock {INPUT} at (2,142) size 16x16 [bgcolor=#FFFFFF02] [border: (1px solid #4C4C4C)]
                RenderText {#text} at (20,127) size 74x36
                  text run at (20,127) width 74: " Male"
                RenderBR {BR} at (93,156) size 1x0
                RenderBlock {INPUT} at (2,180) size 16x16 [bgcolor=#FFFFFF02] [border: (1px solid #4C4C4C)]
                RenderText {#text} at (20,165) size 103x36
                  text run at (20,165) width 103: " Female"
                RenderBR {BR} at (122,194) size 1x0
                RenderBlock {INPUT} at (2,218) size 16x16 [bgcolor=#FFFFFF02] [border: (1px solid #4C4C4C)]
                RenderText {#text} at (20,203) size 130x36
                  text run at (20,203) width 130: " option #1"
                RenderBR {BR} at (149,232) size 1x0
                RenderBlock {INPUT} at (2,256) size 16x16 [bgcolor=#FFFFFF02] [border: (1px solid #4C4C4C)]
                RenderText {#text} at (20,241) size 130x36
                  text run at (20,241) width 130: " option #2"
                RenderBR {BR} at (149,270) size 1x0
                RenderMenuList {SELECT} at (2,280) size 238x20 [bgcolor=#FFFFFF02] [border: (1px solid #4C4C4C)]
                  RenderBlock (anonymous) at (6,3) size 226x14
                    RenderText at (0,0) size 57x14
                      text run at (0,0) width 57: "Initial Value"
                RenderBR {BR} at (242,294) size 0x0
                RenderText {#text} at (0,0) size 0x0
              RenderBlock {HR} at (0,784) size 784x2 [border: (1px inset #000000)]
              RenderBlock {P} at (0,818) size 784x38
                RenderText {#text} at (0,1) size 63x36
                  text run at (0,1) width 63: "Now"
              RenderBlock {P} at (0,888) size 784x38
                RenderText {#text} at (0,1) size 68x36
                  text run at (0,1) width 68: "some"
              RenderBlock {P} at (0,958) size 784x38
                RenderText {#text} at (0,1) size 63x36
                  text run at (0,1) width 63: "filler"
              RenderBlock {P} at (0,1028) size 784x38
                RenderText {#text} at (0,1) size 29x36
                  text run at (0,1) width 29: "so"
              RenderBlock {P} at (0,1098) size 784x38
                RenderText {#text} at (0,1) size 40x36
                  text run at (0,1) width 40: "the"
              RenderBlock {P} at (0,1168) size 784x38
                RenderText {#text} at (0,1) size 47x36
                  text run at (0,1) width 47: "doc"
              RenderBlock {P} at (0,1238) size 784x38
                RenderText {#text} at (0,1) size 22x36
                  text run at (0,1) width 22: "is"
              RenderBlock {P} at (0,1308) size 784x38
                RenderText {#text} at (0,1) size 57x36
                  text run at (0,1) width 57: "long"
              RenderBlock {P} at (0,1378) size 784x38
                RenderText {#text} at (0,1) size 95x36
                  text run at (0,1) width 95: "enough"
              RenderBlock {P} at (0,1448) size 784x38
                RenderText {#text} at (0,1) size 112x36
                  text run at (0,1) width 112: "to scroll."
              RenderBlock {P} at (0,1518) size 784x38
                RenderInline {A} at (0,0) size 532x36
                  RenderText {#text} at (0,1) size 532x36
                    text run at (0,1) width 532: "This is an anchor point named \"anchor1\"."
        layer at (393,375) size 122x14 scrollWidth 134
          RenderBlock {DIV} at (6,3) size 123x15
            RenderText {#text} at (0,0) size 133x14
              text run at (0,0) width 133: "Initial text before user input"
        layer at (352,414) size 122x14
          RenderBlock {DIV} at (6,3) size 123x15
        layer at (10,612) size 196x146 clip at (11,613) size 194x144
          RenderTextControl {TEXTAREA} at (2,304) size 196x146 [bgcolor=#FFFFFF] [border: (1px solid #4C4C4C)]
            RenderBlock {DIV} at (3,3) size 190x28
              RenderText {#text} at (3,0) size 163x14
                text run at (3,0) width 163: "More initial text before user input."
                text run at (165,0) width 1: " "
              RenderBR {BR} at (3,14) size 0x14
      RenderFrame {FRAME} at (0,540) size 800x60
        layer at (0,0) size 800x92
          RenderView at (0,0) size 800x60
        layer at (0,0) size 800x92
          RenderBlock {HTML} at (0,0) size 800x92
            RenderBody {BODY} at (8,8) size 784x76
              RenderText {#text} at (0,1) size 724x74
                text run at (0,1) width 724: "This is just a minimal page that we navigate to as part of"
                text run at (0,39) width 272: "testing back/forward."

============== Back Forward List ==============
        http://127.0.0.1:8000/navigation/javascriptlink-frames.html  **nav target**
curr->  http://127.0.0.1:8000/navigation/resources/frameset.pl?frameURL=javascriptlink.html  **nav target**
            http://127.0.0.1:8000/navigation/resources/otherpage.html (in frame "footer")
            http://127.0.0.1:8000/navigation/resources/success200.html (in frame "main")
===============================================
