layer at (0,0) size 800x600
  RenderView at (0,0) size 800x600
layer at (0,0) size 800x102
  RenderBlock {HTML} at (0,0) size 800x102
    RenderBody {BODY} at (8,16) size 784x70
      RenderBlock {P} at (0,0) size 784x36
        RenderInline {SPAN} at (0,0) size 465x35
          RenderBR {BR} at (0,0) size 0x17
          RenderText {#text} at (0,18) size 465x17
            text run at (0,18) width 465: "There shouldn\x{2019}t be a black dot or line above the first letter of this sentence"
        RenderText {#text} at (464,18) size 5x17
          text run at (464,18) width 5: "."
      RenderBlock {P} at (0,52) size 784x18
        RenderText {#text} at (0,0) size 52x17
          text run at (0,0) width 52: "Test for "
        RenderInline {I} at (0,0) size 651x17
          RenderInline {A} at (0,0) size 302x17 [color=#0000EE]
            RenderText {#text} at (51,0) size 302x17
              text run at (51,0) width 302: "http://bugs.webkit.org/show_bug.cgi?id=14245"
          RenderText {#text} at (352,0) size 350x17
            text run at (352,0) width 5: " "
            text run at (356,0) width 346: "Underline painted under <br>, not repainted properly"
        RenderText {#text} at (701,0) size 5x17
          text run at (701,0) width 5: "."
