layer at (0,0) size 800x600
  RenderView at (0,0) size 800x600
layer at (0,0) size 800x316
  RenderBlock {HTML} at (0,0) size 800x316
    RenderBody {BODY} at (8,16) size 784x284
      RenderBlock {P} at (0,0) size 784x18
        RenderText {#text} at (0,0) size 327x17
          text run at (0,0) width 327: "This should be an unobscured fuzzy green polygon:"
      RenderBlock {DIV} at (0,34) size 784x100
        RenderBlock (anonymous) at (0,0) size 784x50
        RenderBlock (anonymous) at (0,50) size 784x50
          RenderText {#text} at (0,0) size 0x0
      RenderBlock {P} at (0,150) size 784x18
        RenderText {#text} at (0,0) size 156x17
          text run at (0,0) width 156: "This is just for reference:"
      RenderBlock {DIV} at (0,184) size 784x100
        RenderBlock (anonymous) at (0,0) size 784x50
          RenderInline {SPAN} at (0,0) size 160x50 [bgcolor=#FFFFFF]
            RenderText {#text} at (0,0) size 50x50
              text run at (0,0) width 50: " "
            RenderInline {SPAN} at (0,0) size 110x50
              RenderText {#text} at (60,0) size 100x50
                text run at (60,0) width 50: " "
                text run at (110,0) width 50: " "
        RenderBlock (anonymous) at (0,50) size 784x0
          RenderBlock {DIV} at (0,0) size 784x0
        RenderBlock (anonymous) at (0,50) size 784x50
          RenderInline {SPAN} at (0,0) size 60x50 [bgcolor=#FFFFFF]
            RenderInline {SPAN} at (0,0) size 60x50
              RenderText {#text} at (0,0) size 50x50
                text run at (0,0) width 50: " "
            RenderText {#text} at (0,0) size 0x0
          RenderText {#text} at (0,0) size 0x0
layer at (8,50) size 160x50
  RenderInline (relative positioned) {SPAN} at (0,0) size 160x50 [bgcolor=#FFFFFF]
    RenderText {#text} at (0,0) size 50x50
      text run at (0,0) width 50: " "
    RenderInline {SPAN} at (0,0) size 110x50
      RenderText {#text} at (60,0) size 100x50
        text run at (60,0) width 50: " "
        text run at (110,0) width 50: " "
layer at (8,100) size 784x0
  RenderBlock (anonymous) at (0,50) size 784x0
    RenderBlock {DIV} at (0,0) size 784x0
layer at (8,100) size 60x50
  RenderInline (relative positioned) {SPAN} at (0,0) size 60x50 [bgcolor=#FFFFFF]
    RenderInline {SPAN} at (0,0) size 60x50
      RenderText {#text} at (0,0) size 50x50
        text run at (0,0) width 50: " "
    RenderText {#text} at (0,0) size 0x0
