layer at (0,0) size 800x600
  RenderView at (0,0) size 800x600
layer at (0,0) size 800x600
  RenderBlock {HTML} at (0,0) size 800x600
    RenderBody {BODY} at (8,8) size 784x584
      RenderBlock (anonymous) at (0,0) size 784x18
        RenderText {#text} at (0,0) size 665x17
          text run at (0,0) width 665: "The first four tests expect a green block to be above them, i.e., to have the text shrinking quirk disabled."
      RenderBlock {DIV} at (0,18) size 784x19 [bgcolor=#008000] [border: none (1px solid #000000) none]
        RenderInline {SPAN} at (0,0) size 1x17
      RenderBlock {DIV} at (0,37) size 784x18
        RenderText {#text} at (0,0) size 291x17
          text run at (0,0) width 291: "There should be a green block above this text"
      RenderBlock {DIV} at (0,55) size 784x19 [bgcolor=#008000] [border: none (1px solid #000000) none]
        RenderInline {SPAN} at (0,0) size 1x17
      RenderBlock {DIV} at (0,74) size 784x18
        RenderText {#text} at (0,0) size 291x17
          text run at (0,0) width 291: "There should be a green block above this text"
      RenderBlock {DIV} at (0,92) size 784x19 [bgcolor=#008000] [border: none (1px solid #000000) none]
        RenderInline {SPAN} at (0,0) size 1x17 [border: none (1px solid #000000)]
      RenderBlock {DIV} at (0,111) size 784x18
        RenderText {#text} at (0,0) size 291x17
          text run at (0,0) width 291: "There should be a green block above this text"
      RenderBlock {DIV} at (0,129) size 784x19 [bgcolor=#008000] [border: none (1px solid #000000) none]
        RenderInline {SPAN} at (0,0) size 1x17 [border: none (1px solid #000000) none]
      RenderBlock {DIV} at (0,148) size 784x18
        RenderText {#text} at (0,0) size 291x17
          text run at (0,0) width 291: "There should be a green block above this text"
      RenderBlock (anonymous) at (0,166) size 784x18
        RenderText {#text} at (0,0) size 603x17
          text run at (0,0) width 603: "The remaining tests do not expect a block to be above them, and red will show if the test fails."
      RenderBlock {DIV} at (0,184) size 784x1 [bgcolor=#FF0000] [border: none (1px solid #000000) none]
        RenderInline {SPAN} at (0,0) size 0x0
      RenderBlock {DIV} at (0,185) size 784x18
        RenderText {#text} at (0,0) size 300x17
          text run at (0,0) width 300: "There should not be a red block above this text"
      RenderBlock {DIV} at (0,203) size 784x1 [bgcolor=#FF0000] [border: none (1px solid #000000) none]
        RenderInline {SPAN} at (0,0) size 0x0
      RenderBlock {DIV} at (0,204) size 784x18
        RenderText {#text} at (0,0) size 300x17
          text run at (0,0) width 300: "There should not be a red block above this text"
      RenderBlock {DIV} at (0,222) size 784x1 [bgcolor=#FF0000] [border: none (1px solid #000000) none]
        RenderInline {SPAN} at (0,0) size 0x0 [border: (1px solid #000000) none]
      RenderBlock {DIV} at (0,223) size 784x18
        RenderText {#text} at (0,0) size 300x17
          text run at (0,0) width 300: "There should not be a red block above this text"
      RenderBlock {DIV} at (0,241) size 784x1 [bgcolor=#FF0000] [border: none (1px solid #000000) none]
        RenderInline {SPAN} at (0,0) size 0x0 [border: none (1px solid #000000) none]
      RenderBlock {DIV} at (0,242) size 784x18
        RenderText {#text} at (0,0) size 300x17
          text run at (0,0) width 300: "There should not be a red block above this text"
      RenderBlock {DIV} at (0,260) size 784x1 [bgcolor=#FF0000] [border: none (1px solid #000000) none]
        RenderInline {SPAN} at (0,0) size 0x17
      RenderBlock {DIV} at (0,261) size 784x18
        RenderText {#text} at (0,0) size 300x17
          text run at (0,0) width 300: "There should not be a red block above this text"
      RenderBlock {DIV} at (0,279) size 784x1 [bgcolor=#FF0000] [border: none (1px solid #000000) none]
        RenderInline {SPAN} at (0,0) size 0x17
      RenderBlock {DIV} at (0,280) size 784x18
        RenderText {#text} at (0,0) size 300x17
          text run at (0,0) width 300: "There should not be a red block above this text"
      RenderBlock {DIV} at (0,298) size 784x1 [bgcolor=#FF0000] [border: none (1px solid #000000) none]
        RenderInline {SPAN} at (0,0) size 0x0
      RenderBlock {DIV} at (0,299) size 784x18
        RenderText {#text} at (0,0) size 300x17
          text run at (0,0) width 300: "There should not be a red block above this text"
      RenderBlock {DIV} at (0,317) size 784x1 [bgcolor=#FF0000] [border: none (1px solid #000000) none]
        RenderInline {SPAN} at (0,0) size 0x0
      RenderBlock {DIV} at (0,318) size 784x18
        RenderText {#text} at (0,0) size 300x17
          text run at (0,0) width 300: "There should not be a red block above this text"
