layer at (0,0) size 902x585
  RenderView at (0,0) size 800x585
layer at (0,0) size 800x585
  RenderBlock {HTML} at (0,0) size 800x585
    RenderBody {BODY} at (8,8) size 800x569
      RenderBlock {DIV} at (0,0) size 800x0
      RenderBlock {DIV} at (0,0) size 800x0
      RenderBlock {DIV} at (0,0) size 800x0
      RenderBlock {DIV} at (0,0) size 800x0
      RenderBlock {DIV} at (0,0) size 800x0
      RenderBlock {DIV} at (0,0) size 800x0
      RenderBlock {DIV} at (0,0) size 800x0
      RenderBlock {DIV} at (0,0) size 800x0
layer at (162,548) size 246x27
  RenderBlock (positioned) {FONT} at (162,548) size 246x27
    RenderText {#text} at (0,0) size 246x26
      text run at (0,0) width 246: "RTL-Center-Aligned"
layer at (-86,454) size 94x81 backgroundClip at (0,0) size 902x585 clip at (0,0) size 902x585
  RenderBlock (positioned) {FONT} at (-86,454) size 94x81
    RenderText {#text} at (0,0) size 94x80
      text run at (0,0) width 60: "RTL-"
      text run at (0,27) width 63: "Left-"
      text run at (0,54) width 94: "Aligned"
layer at (578,458) size 230x27
  RenderBlock (positioned) {FONT} at (578,458) size 230x27
    RenderText {#text} at (0,0) size 230x26
      text run at (0,0) width 230: "RTL-Right-Aligned"
layer at (611,408) size 197x27
  RenderBlock (positioned) {FONT} at (610,408) size 198x27
    RenderText {#text} at (0,0) size 198x26
      text run at (0,0) width 198: "RTL-No-Aligned"
layer at (408,358) size 245x27
  RenderBlock (positioned) {FONT} at (408,358) size 246x27
    RenderText {#text} at (0,0) size 246x26
      text run at (0,0) width 246: "LTR-Center-Aligned"
layer at (8,308) size 216x27
  RenderBlock (positioned) {FONT} at (8,308) size 216x27
    RenderText {#text} at (0,0) size 216x26
      text run at (0,0) width 216: "LTR-Left-Aligned"
layer at (808,204) size 94x81
  RenderBlock (positioned) {FONT} at (808,204) size 94x81
    RenderText {#text} at (34,0) size 94x80
      text run at (34,0) width 60: "LTR-"
      text run at (17,27) width 77: "Right-"
      text run at (0,54) width 94: "Aligned"
layer at (8,208) size 196x27
  RenderBlock (positioned) {FONT} at (8,208) size 197x27
    RenderText {#text} at (0,0) size 197x26
      text run at (0,0) width 197: "LTR-No-Aligned"
