layer at (0,0) size 800x600
  RenderView at (0,0) size 800x600
layer at (0,0) size 800x600
  RenderBlock {HTML} at (0,0) size 800x600
    RenderBody {BODY} at (8,8) size 784x584
      RenderBlock {INPUT} at (2,3) size 12x12
      RenderText {#text} at (16,1) size 4x17
        text run at (16,1) width 4: " "
      RenderBR {BR} at (20,1) size 0x17
      RenderText {#text} at (0,0) size 0x0
      RenderText {#text} at (0,0) size 0x0
      RenderText {#text} at (0,0) size 0x0
