layer at (0,0) size 800x600
  RenderView at (0,0) size 800x600
layer at (0,0) size 800x600
  RenderBlock {HTML} at (0,0) size 800x600
    RenderBody {BODY} at (8,8) size 784x584
      RenderBlock {DIV} at (0,0) size 300x102
        RenderText {#text} at (0,1) size 87x17
          text run at (0,1) width 87: "first line with "
        RenderBlock {DIV} at (87,0) size 102x102 [border: (1px solid #FF0000)]
          RenderText {#text} at (1,1) size 74x17
            text run at (1,1) width 74: "inline block"
        RenderText {#text} at (189,1) size 50x17
          text run at (189,1) width 50: " content"
