layer at (0,0) size 800x600
  RenderView at (0,0) size 800x600
layer at (0,0) size 800x600
  RenderBlock {HTML} at (0,0) size 800x600
    RenderBody {BODY} at (8,8) size 784x584
      RenderBlock {DIV} at (0,0) size 300x102
        RenderText {#text} at (0,1) size 87x17
          text run at (0,1) width 87: "first line with"
        RenderBlock {DIV} at (86,0) size 77x102 [border: (1px solid #FF0000)]
          RenderText {#text} at (1,1) size 75x17
            text run at (1,1) width 75: "shrink to fit"
        RenderText {#text} at (162,1) size 48x17
          text run at (162,1) width 48: "content"
