layer at (0,0) size 800x600
  RenderView at (0,0) size 800x600
layer at (0,0) size 800x378
  RenderBlock {html} at (0,0) size 800x378
    RenderBody {body} at (0,10) size 800x368
      RenderBlock {div} at (10,0) size 780x25 [border: none (2px solid #000000) none]
        RenderInline {span} at (0,0) size 726x18
          RenderText {#text} at (0,0) size 726x17
            text run at (0,0) width 726: "This XML file does not appear to have any style information associated with it. The document tree is shown below."
        RenderBR {br} at (725,0) size 1x18
      RenderBlock {div} at (20,38) size 780x330
        RenderBlock {div} at (0,0) size 780x330
          RenderBlock {div} at (0,0) size 780x330
            RenderBlock {div} at (0,0) size 780x15
              RenderBlock {span} at (-10,5) size 10x10
              RenderInline {span} at (0,1) size 48x14 [color=#881280]
                RenderText {#text} at (0,1) size 40x15
                  text run at (0,1) width 40: "<html"
                RenderText {#text} at (40,1) size 8x15
                  text run at (40,1) width 8: ">"
            RenderBlock {div} at (13,15) size 767x300
              RenderBlock (anonymous) at (0,0) size 767x0
                RenderInline {span} at (0,0) size 0x0
              RenderBlock {div} at (0,0) size 767x90
                RenderBlock {div} at (0,0) size 767x90
                  RenderBlock {div} at (0,0) size 767x15
                    RenderBlock {span} at (-10,5) size 10x10
                    RenderInline {span} at (0,1) size 48x14 [color=#881280]
                      RenderText {#text} at (0,1) size 40x15
                        text run at (0,1) width 40: "<head"
                      RenderText {#text} at (40,1) size 8x15
                        text run at (40,1) width 8: ">"
                  RenderBlock {div} at (13,15) size 754x60
                    RenderBlock (anonymous) at (0,0) size 754x0
                      RenderInline {span} at (0,0) size 0x0
                    RenderBlock {div} at (0,0) size 754x60
                      RenderBlock {div} at (0,0) size 754x60
                        RenderBlock {div} at (0,0) size 754x15
                          RenderBlock {span} at (-10,5) size 10x10
                          RenderInline {span} at (0,1) size 56x14 [color=#881280]
                            RenderText {#text} at (0,1) size 48x15
                              text run at (0,1) width 48: "<style"
                            RenderText {#text} at (48,1) size 8x15
                              text run at (48,1) width 8: ">"
                        RenderBlock {div} at (13,15) size 741x30
                          RenderInline {span} at (0,1) size 720x29
                            RenderText {#text} at (0,1) size 720x30
                              text run at (0,1) width 376: "div {background-color:#ccc; margin-bottom:4px} "
                              text run at (376,1) width 280: "div * {vertical-align:text-bottom} "
                              text run at (656,1) width 64: "div span"
                              text run at (0,16) width 184: "{background-color:red} "
                              text run at (184,16) width 232: "body { font-family: Monaco; }"
                        RenderBlock {div} at (0,45) size 754x15
                          RenderInline {span} at (0,1) size 64x14 [color=#881280]
                            RenderText {#text} at (0,1) size 56x15
                              text run at (0,1) width 56: "</style"
                            RenderText {#text} at (56,1) size 8x15
                              text run at (56,1) width 8: ">"
                    RenderBlock (anonymous) at (0,60) size 754x0
                      RenderInline {span} at (0,0) size 0x0
                  RenderBlock {div} at (0,75) size 767x15
                    RenderInline {span} at (0,1) size 56x14 [color=#881280]
                      RenderText {#text} at (0,1) size 48x15
                        text run at (0,1) width 48: "</head"
                      RenderText {#text} at (48,1) size 8x15
                        text run at (48,1) width 8: ">"
              RenderBlock (anonymous) at (0,90) size 767x0
                RenderInline {span} at (0,0) size 0x0
              RenderBlock {div} at (0,90) size 767x210
                RenderBlock {div} at (0,0) size 767x210
                  RenderBlock {div} at (0,0) size 767x15
                    RenderBlock {span} at (-10,5) size 10x10
                    RenderInline {span} at (0,1) size 48x14 [color=#881280]
                      RenderText {#text} at (0,1) size 40x15
                        text run at (0,1) width 40: "<body"
                      RenderText {#text} at (40,1) size 8x15
                        text run at (40,1) width 8: ">"
                  RenderBlock {div} at (13,15) size 754x180
                    RenderBlock (anonymous) at (0,0) size 754x0
                      RenderInline {span} at (0,0) size 0x0
                    RenderBlock {div} at (0,0) size 754x60
                      RenderBlock {div} at (0,0) size 754x60
                        RenderBlock {div} at (0,0) size 754x15
                          RenderBlock {span} at (-10,5) size 10x10
                          RenderInline {span} at (0,1) size 40x14 [color=#881280]
                            RenderText {#text} at (0,1) size 32x15
                              text run at (0,1) width 32: "<div"
                            RenderText {#text} at (32,1) size 8x15
                              text run at (32,1) width 8: ">"
                        RenderBlock {div} at (13,15) size 741x30
                          RenderBlock (anonymous) at (0,0) size 741x0
                            RenderInline {span} at (0,0) size 0x0
                          RenderBlock {div} at (0,0) size 741x15
                            RenderInline {span} at (0,1) size 232x14 [color=#881280]
                              RenderText {#text} at (0,1) size 40x15
                                text run at (0,1) width 40: "<span"
                              RenderInline {span} at (40,1) size 184x14
                                RenderText {#text} at (40,1) size 8x15
                                  text run at (40,1) width 8: " "
                                RenderInline {span} at (48,1) size 40x14 [color=#994500]
                                  RenderText {#text} at (48,1) size 40x15
                                    text run at (48,1) width 40: "style"
                                RenderText {#text} at (88,1) size 16x15
                                  text run at (88,1) width 16: "=\""
                                RenderInline {span} at (104,1) size 112x14 [color=#1A1AA6]
                                  RenderText {#text} at (104,1) size 112x15
                                    text run at (104,1) width 112: "font-size:15px"
                                RenderText {#text} at (216,1) size 8x15
                                  text run at (216,1) width 8: "\""
                              RenderText {#text} at (224,1) size 8x15
                                text run at (224,1) width 8: ">"
                            RenderInline {span} at (232,1) size 40x14
                              RenderText {#text} at (232,1) size 40x15
                                text run at (232,1) width 40: "small"
                            RenderInline {span} at (272,1) size 56x14 [color=#881280]
                              RenderText {#text} at (272,1) size 48x15
                                text run at (272,1) width 48: "</span"
                              RenderText {#text} at (320,1) size 8x15
                                text run at (320,1) width 8: ">"
                          RenderBlock (anonymous) at (0,15) size 741x0
                            RenderInline {span} at (0,0) size 0x0
                          RenderBlock {div} at (0,15) size 741x15
                            RenderInline {span} at (0,1) size 232x14 [color=#881280]
                              RenderText {#text} at (0,1) size 40x15
                                text run at (0,1) width 40: "<span"
                              RenderInline {span} at (40,1) size 184x14
                                RenderText {#text} at (40,1) size 8x15
                                  text run at (40,1) width 8: " "
                                RenderInline {span} at (48,1) size 40x14 [color=#994500]
                                  RenderText {#text} at (48,1) size 40x15
                                    text run at (48,1) width 40: "style"
                                RenderText {#text} at (88,1) size 16x15
                                  text run at (88,1) width 16: "=\""
                                RenderInline {span} at (104,1) size 112x14 [color=#1A1AA6]
                                  RenderText {#text} at (104,1) size 112x15
                                    text run at (104,1) width 112: "font-size:30px"
                                RenderText {#text} at (216,1) size 8x15
                                  text run at (216,1) width 8: "\""
                              RenderText {#text} at (224,1) size 8x15
                                text run at (224,1) width 8: ">"
                            RenderInline {span} at (232,1) size 24x14
                              RenderText {#text} at (232,1) size 24x15
                                text run at (232,1) width 24: "BIG"
                            RenderInline {span} at (256,1) size 56x14 [color=#881280]
                              RenderText {#text} at (256,1) size 48x15
                                text run at (256,1) width 48: "</span"
                              RenderText {#text} at (304,1) size 8x15
                                text run at (304,1) width 8: ">"
                          RenderBlock (anonymous) at (0,30) size 741x0
                            RenderInline {span} at (0,0) size 0x0
                        RenderBlock {div} at (0,45) size 754x15
                          RenderInline {span} at (0,1) size 48x14 [color=#881280]
                            RenderText {#text} at (0,1) size 40x15
                              text run at (0,1) width 40: "</div"
                            RenderText {#text} at (40,1) size 8x15
                              text run at (40,1) width 8: ">"
                    RenderBlock (anonymous) at (0,60) size 754x0
                      RenderInline {span} at (0,0) size 0x0
                    RenderBlock {div} at (0,60) size 754x60
                      RenderBlock {div} at (0,0) size 754x60
                        RenderBlock {div} at (0,0) size 754x15
                          RenderBlock {span} at (-10,5) size 10x10
                          RenderInline {span} at (0,1) size 248x14 [color=#881280]
                            RenderText {#text} at (0,1) size 32x15
                              text run at (0,1) width 32: "<div"
                            RenderInline {span} at (32,1) size 208x14
                              RenderText {#text} at (32,1) size 8x15
                                text run at (32,1) width 8: " "
                              RenderInline {span} at (40,1) size 40x14 [color=#994500]
                                RenderText {#text} at (40,1) size 40x15
                                  text run at (40,1) width 40: "style"
                              RenderText {#text} at (80,1) size 16x15
                                text run at (80,1) width 16: "=\""
                              RenderInline {span} at (96,1) size 136x14 [color=#1A1AA6]
                                RenderText {#text} at (96,1) size 136x15
                                  text run at (96,1) width 136: "line-height:100px"
                              RenderText {#text} at (232,1) size 8x15
                                text run at (232,1) width 8: "\""
                            RenderText {#text} at (240,1) size 8x15
                              text run at (240,1) width 8: ">"
                        RenderBlock {div} at (13,15) size 741x30
                          RenderBlock (anonymous) at (0,0) size 741x0
                            RenderInline {span} at (0,0) size 0x0
                          RenderBlock {div} at (0,0) size 741x15
                            RenderInline {span} at (0,1) size 232x14 [color=#881280]
                              RenderText {#text} at (0,1) size 40x15
                                text run at (0,1) width 40: "<span"
                              RenderInline {span} at (40,1) size 184x14
                                RenderText {#text} at (40,1) size 8x15
                                  text run at (40,1) width 8: " "
                                RenderInline {span} at (48,1) size 40x14 [color=#994500]
                                  RenderText {#text} at (48,1) size 40x15
                                    text run at (48,1) width 40: "style"
                                RenderText {#text} at (88,1) size 16x15
                                  text run at (88,1) width 16: "=\""
                                RenderInline {span} at (104,1) size 112x14 [color=#1A1AA6]
                                  RenderText {#text} at (104,1) size 112x15
                                    text run at (104,1) width 112: "font-size:15px"
                                RenderText {#text} at (216,1) size 8x15
                                  text run at (216,1) width 8: "\""
                              RenderText {#text} at (224,1) size 8x15
                                text run at (224,1) width 8: ">"
                            RenderInline {span} at (232,1) size 40x14
                              RenderText {#text} at (232,1) size 40x15
                                text run at (232,1) width 40: "small"
                            RenderInline {span} at (272,1) size 56x14 [color=#881280]
                              RenderText {#text} at (272,1) size 48x15
                                text run at (272,1) width 48: "</span"
                              RenderText {#text} at (320,1) size 8x15
                                text run at (320,1) width 8: ">"
                          RenderBlock (anonymous) at (0,15) size 741x0
                            RenderInline {span} at (0,0) size 0x0
                          RenderBlock {div} at (0,15) size 741x15
                            RenderInline {span} at (0,1) size 232x14 [color=#881280]
                              RenderText {#text} at (0,1) size 40x15
                                text run at (0,1) width 40: "<span"
                              RenderInline {span} at (40,1) size 184x14
                                RenderText {#text} at (40,1) size 8x15
                                  text run at (40,1) width 8: " "
                                RenderInline {span} at (48,1) size 40x14 [color=#994500]
                                  RenderText {#text} at (48,1) size 40x15
                                    text run at (48,1) width 40: "style"
                                RenderText {#text} at (88,1) size 16x15
                                  text run at (88,1) width 16: "=\""
                                RenderInline {span} at (104,1) size 112x14 [color=#1A1AA6]
                                  RenderText {#text} at (104,1) size 112x15
                                    text run at (104,1) width 112: "font-size:30px"
                                RenderText {#text} at (216,1) size 8x15
                                  text run at (216,1) width 8: "\""
                              RenderText {#text} at (224,1) size 8x15
                                text run at (224,1) width 8: ">"
                            RenderInline {span} at (232,1) size 24x14
                              RenderText {#text} at (232,1) size 24x15
                                text run at (232,1) width 24: "BIG"
                            RenderInline {span} at (256,1) size 56x14 [color=#881280]
                              RenderText {#text} at (256,1) size 48x15
                                text run at (256,1) width 48: "</span"
                              RenderText {#text} at (304,1) size 8x15
                                text run at (304,1) width 8: ">"
                          RenderBlock (anonymous) at (0,30) size 741x0
                            RenderInline {span} at (0,0) size 0x0
                        RenderBlock {div} at (0,45) size 754x15
                          RenderInline {span} at (0,1) size 48x14 [color=#881280]
                            RenderText {#text} at (0,1) size 40x15
                              text run at (0,1) width 40: "</div"
                            RenderText {#text} at (40,1) size 8x15
                              text run at (40,1) width 8: ">"
                    RenderBlock (anonymous) at (0,120) size 754x0
                      RenderInline {span} at (0,0) size 0x0
                    RenderBlock {div} at (0,120) size 754x60
                      RenderBlock {div} at (0,0) size 754x60
                        RenderBlock {div} at (0,0) size 754x15
                          RenderBlock {span} at (-10,5) size 10x10
                          RenderInline {span} at (0,1) size 208x14 [color=#881280]
                            RenderText {#text} at (0,1) size 32x15
                              text run at (0,1) width 32: "<div"
                            RenderInline {span} at (32,1) size 168x14
                              RenderText {#text} at (32,1) size 8x15
                                text run at (32,1) width 8: " "
                              RenderInline {span} at (40,1) size 40x14 [color=#994500]
                                RenderText {#text} at (40,1) size 40x15
                                  text run at (40,1) width 40: "style"
                              RenderText {#text} at (80,1) size 16x15
                                text run at (80,1) width 16: "=\""
                              RenderInline {span} at (96,1) size 96x14 [color=#1A1AA6]
                                RenderText {#text} at (96,1) size 96x15
                                  text run at (96,1) width 96: "height:100px"
                              RenderText {#text} at (192,1) size 8x15
                                text run at (192,1) width 8: "\""
                            RenderText {#text} at (200,1) size 8x15
                              text run at (200,1) width 8: ">"
                        RenderBlock {div} at (13,15) size 741x30
                          RenderBlock (anonymous) at (0,0) size 741x0
                            RenderInline {span} at (0,0) size 0x0
                          RenderBlock {div} at (0,0) size 741x15
                            RenderInline {span} at (0,1) size 232x14 [color=#881280]
                              RenderText {#text} at (0,1) size 40x15
                                text run at (0,1) width 40: "<span"
                              RenderInline {span} at (40,1) size 184x14
                                RenderText {#text} at (40,1) size 8x15
                                  text run at (40,1) width 8: " "
                                RenderInline {span} at (48,1) size 40x14 [color=#994500]
                                  RenderText {#text} at (48,1) size 40x15
                                    text run at (48,1) width 40: "style"
                                RenderText {#text} at (88,1) size 16x15
                                  text run at (88,1) width 16: "=\""
                                RenderInline {span} at (104,1) size 112x14 [color=#1A1AA6]
                                  RenderText {#text} at (104,1) size 112x15
                                    text run at (104,1) width 112: "font-size:15px"
                                RenderText {#text} at (216,1) size 8x15
                                  text run at (216,1) width 8: "\""
                              RenderText {#text} at (224,1) size 8x15
                                text run at (224,1) width 8: ">"
                            RenderInline {span} at (232,1) size 40x14
                              RenderText {#text} at (232,1) size 40x15
                                text run at (232,1) width 40: "small"
                            RenderInline {span} at (272,1) size 56x14 [color=#881280]
                              RenderText {#text} at (272,1) size 48x15
                                text run at (272,1) width 48: "</span"
                              RenderText {#text} at (320,1) size 8x15
                                text run at (320,1) width 8: ">"
                          RenderBlock (anonymous) at (0,15) size 741x0
                            RenderInline {span} at (0,0) size 0x0
                          RenderBlock {div} at (0,15) size 741x15
                            RenderInline {span} at (0,1) size 232x14 [color=#881280]
                              RenderText {#text} at (0,1) size 40x15
                                text run at (0,1) width 40: "<span"
                              RenderInline {span} at (40,1) size 184x14
                                RenderText {#text} at (40,1) size 8x15
                                  text run at (40,1) width 8: " "
                                RenderInline {span} at (48,1) size 40x14 [color=#994500]
                                  RenderText {#text} at (48,1) size 40x15
                                    text run at (48,1) width 40: "style"
                                RenderText {#text} at (88,1) size 16x15
                                  text run at (88,1) width 16: "=\""
                                RenderInline {span} at (104,1) size 112x14 [color=#1A1AA6]
                                  RenderText {#text} at (104,1) size 112x15
                                    text run at (104,1) width 112: "font-size:30px"
                                RenderText {#text} at (216,1) size 8x15
                                  text run at (216,1) width 8: "\""
                              RenderText {#text} at (224,1) size 8x15
                                text run at (224,1) width 8: ">"
                            RenderInline {span} at (232,1) size 24x14
                              RenderText {#text} at (232,1) size 24x15
                                text run at (232,1) width 24: "BIG"
                            RenderInline {span} at (256,1) size 56x14 [color=#881280]
                              RenderText {#text} at (256,1) size 48x15
                                text run at (256,1) width 48: "</span"
                              RenderText {#text} at (304,1) size 8x15
                                text run at (304,1) width 8: ">"
                          RenderBlock (anonymous) at (0,30) size 741x0
                            RenderInline {span} at (0,0) size 0x0
                        RenderBlock {div} at (0,45) size 754x15
                          RenderInline {span} at (0,1) size 48x14 [color=#881280]
                            RenderText {#text} at (0,1) size 40x15
                              text run at (0,1) width 40: "</div"
                            RenderText {#text} at (40,1) size 8x15
                              text run at (40,1) width 8: ">"
                    RenderBlock (anonymous) at (0,180) size 754x0
                      RenderInline {span} at (0,0) size 0x0
                  RenderBlock {div} at (0,195) size 767x15
                    RenderInline {span} at (0,1) size 56x14 [color=#881280]
                      RenderText {#text} at (0,1) size 48x15
                        text run at (0,1) width 48: "</body"
                      RenderText {#text} at (48,1) size 8x15
                        text run at (48,1) width 8: ">"
              RenderBlock (anonymous) at (0,300) size 767x0
                RenderInline {span} at (0,0) size 0x0
            RenderBlock {div} at (0,315) size 780x15
              RenderInline {span} at (0,1) size 56x14 [color=#881280]
                RenderText {#text} at (0,1) size 48x15
                  text run at (0,1) width 48: "</html"
                RenderText {#text} at (48,1) size 8x15
                  text run at (48,1) width 8: ">"
