layer at (0,0) size 800x600
  RenderView at (0,0) size 800x600
layer at (0,0) size 800x304
  RenderBlock {HTML} at (0,0) size 800x304
    RenderBody {BODY} at (8,16) size 784x272
      RenderBlock {P} at (0,0) size 784x20
        RenderTextControl {INPUT} at (638,1) size 146x19 [bgcolor=#FFFFFF] [border: (2px inset #808080)]
          RenderFlexibleBox {DIV} at (3,1) size 140x17
            RenderBlock {DIV} at (13,1) size 127x14
        RenderText {#text} at (0,0) size 0x0
      RenderBlock {P} at (0,36) size 784x20
        RenderTextControl {INPUT} at (638,1) size 146x19 [bgcolor=#FFFFFF] [border: (2px inset #808080)]
          RenderFlexibleBox {DIV} at (3,1) size 140x17
            RenderBlock {DIV} at (13,1) size 127x14
        RenderText {#text} at (0,0) size 0x0
      RenderBlock {P} at (0,72) size 784x20
        RenderTextControl {INPUT} at (0,1) size 146x19 [bgcolor=#FFFFFF] [border: (2px inset #808080)]
          RenderFlexibleBox {DIV} at (3,1) size 140x17
            RenderBlock {DIV} at (13,1) size 127x14
        RenderText {#text} at (0,0) size 0x0
      RenderBlock {P} at (0,108) size 784x20
        RenderTextControl {INPUT} at (0,1) size 146x19 [bgcolor=#FFFFFF] [border: (2px inset #808080)]
          RenderFlexibleBox {DIV} at (3,1) size 140x17
            RenderBlock {DIV} at (13,1) size 127x14
        RenderText {#text} at (0,0) size 0x0
        RenderText {#text} at (0,0) size 0x0
      RenderBlock {P} at (0,144) size 784x20
        RenderTextControl {INPUT} at (0,1) size 148x19 [bgcolor=#FFFFFF] [border: (2px inset #808080)]
          RenderFlexibleBox {DIV} at (3,1) size 142x17
            RenderBlock {DIV} at (0,1) size 129x14
        RenderText {#text} at (0,0) size 0x0
      RenderBlock {P} at (0,180) size 784x20
        RenderTextControl {INPUT} at (0,1) size 148x19 [bgcolor=#FFFFFF] [border: (2px inset #808080)]
          RenderFlexibleBox {DIV} at (3,1) size 142x17
            RenderBlock {DIV} at (0,1) size 129x14
        RenderText {#text} at (0,0) size 0x0
        RenderText {#text} at (0,0) size 0x0
      RenderBlock {P} at (0,216) size 784x20
        RenderTextControl {INPUT} at (0,1) size 146x19 [bgcolor=#FFFFFF] [border: (2px inset #808080)]
          RenderFlexibleBox {DIV} at (3,1) size 140x17
            RenderBlock {DIV} at (13,1) size 127x14
        RenderText {#text} at (0,0) size 0x0
      RenderBlock {P} at (0,252) size 784x20
        RenderTextControl {INPUT} at (0,1) size 146x19 [bgcolor=#FFFFFF] [border: (2px inset #808080)]
          RenderFlexibleBox {DIV} at (3,1) size 140x17
            RenderBlock {DIV} at (13,1) size 127x14
        RenderText {#text} at (0,0) size 0x0
        RenderText {#text} at (0,0) size 0x0
layer at (662,20) size 127x13
  RenderBlock {DIV} at (0,0) size 127x13
    RenderText {#text} at (121,0) size 6x13
      text run at (121,0) width 6: "1"
layer at (662,56) size 127x13
  RenderBlock {DIV} at (0,0) size 127x13
    RenderText {#text} at (120,0) size 7x13
      text run at (120,0) width 7: "2"
layer at (24,92) size 127x13
  RenderBlock {DIV} at (0,0) size 127x13
    RenderText {#text} at (119,0) size 8x13
      text run at (119,0) width 8: "3"
layer at (24,128) size 127x13
  RenderBlock {DIV} at (0,0) size 127x13
    RenderText {#text} at (100,0) size 27x13
      text run at (100,0) width 27: "1234"
layer at (11,164) size 129x13
  RenderBlock {DIV} at (0,0) size 129x13
    RenderText {#text} at (0,0) size 7x13
      text run at (0,0) width 7: "5"
layer at (11,200) size 129x13
  RenderBlock {DIV} at (0,0) size 129x13
    RenderText {#text} at (0,0) size 8x13
      text run at (0,0) width 8: "6"
layer at (24,236) size 127x13
  RenderBlock {DIV} at (0,0) size 127x13
    RenderText {#text} at (120,0) size 7x13
      text run at (120,0) width 7: "7"
layer at (24,272) size 127x13
  RenderBlock {DIV} at (0,0) size 127x13
    RenderText {#text} at (119,0) size 8x13
      text run at (119,0) width 8: "8"
layer at (649,18) size 13x17
  RenderBlock (relative positioned) {DIV} at (0,0) size 13x17
layer at (649,54) size 13x17
  RenderBlock (relative positioned) {DIV} at (0,0) size 13x17
layer at (11,90) size 13x17
  RenderBlock (relative positioned) {DIV} at (0,0) size 13x17
layer at (11,126) size 13x17
  RenderBlock (relative positioned) {DIV} at (0,0) size 13x17
layer at (140,162) size 13x17
  RenderBlock (relative positioned) {DIV} at (128,0) size 14x17
layer at (140,198) size 13x17
  RenderBlock (relative positioned) {DIV} at (128,0) size 14x17
layer at (11,234) size 13x17
  RenderBlock (relative positioned) {DIV} at (0,0) size 13x17
layer at (11,270) size 13x17
  RenderBlock (relative positioned) {DIV} at (0,0) size 13x17
caret: position 4 of child 0 {#text} of child 0 {DIV} of child 0 {DIV} of child 0 {DIV} of {#document-fragment} of child 0 {INPUT} of child 6 {P} of body
