layer at (0,0) size 800x600
  RenderView at (0,0) size 800x600
layer at (0,0) size 800x600
  RenderBlock {HTML} at (0,0) size 800x600
    RenderBody {BODY} at (8,8) size 784x584
      RenderBlock {P} at (0,0) size 784x36
        RenderText {#text} at (0,0) size 762x36
          text run at (0,0) width 762: "Test appearances of spin buttons. Disabled state and read-only state should have appearances different from the normal"
          text run at (0,18) width 34: "state."
      RenderBlock {DIV} at (0,52) size 784x29
        RenderInline {LABEL} at (0,8) size 335x18
          RenderTextControl {INPUT} at (0,0) size 249x29 [bgcolor=#FFFFFF] [border: (2px inset #808080)]
            RenderFlexibleBox {DIV} at (3,0) size 243x29
              RenderBlock {DIV} at (0,3) size 224x23
          RenderText {#text} at (248,8) size 87x18
            text run at (248,8) width 87: " Normal state"
      RenderBlock {DIV} at (0,81) size 784x29
        RenderInline {LABEL} at (0,8) size 341x18
          RenderTextControl {INPUT} at (0,0) size 247x29 [color=color(srgb 0.34117648 0.34117648 0.34117648)] [bgcolor=#FFFFFF] [border: (2px inset #808080)]
            RenderFlexibleBox {DIV} at (3,0) size 241x29
              RenderBlock {DIV} at (0,3) size 222x23
          RenderText {#text} at (246,8) size 95x18
            text run at (246,8) width 95: " Disabled state"
      RenderBlock {DIV} at (0,110) size 784x29
        RenderInline {LABEL} at (0,8) size 351x18
          RenderTextControl {INPUT} at (0,0) size 247x29 [bgcolor=#FFFFFF] [border: (2px inset #808080)]
            RenderFlexibleBox {DIV} at (3,0) size 241x29
              RenderBlock {DIV} at (0,3) size 222x23
          RenderText {#text} at (246,8) size 105x18
            text run at (246,8) width 105: " Read-only state"
layer at (11,63) size 224x23
  RenderBlock {DIV} at (0,0) size 224x23
    RenderText {#text} at (0,0) size 13x23
      text run at (0,0) width 13: "0"
layer at (11,92) size 222x23
  RenderBlock {DIV} at (0,0) size 222x23
    RenderText {#text} at (0,0) size 13x23
      text run at (0,0) width 13: "0"
layer at (11,121) size 222x23
  RenderBlock {DIV} at (0,0) size 222x23
    RenderText {#text} at (0,0) size 13x23
      text run at (0,0) width 13: "0"
layer at (235,60) size 19x30
  RenderBlock (relative positioned) {DIV} at (223,-1) size 20x31
layer at (233,89) size 19x30
  RenderBlock (relative positioned) {DIV} at (221,-1) size 20x31
layer at (233,118) size 19x30
  RenderBlock (relative positioned) {DIV} at (221,-1) size 20x31
