layer at (0,0) size 800x600
  RenderView at (0,0) size 800x600
layer at (0,0) size 800x600
  RenderBlock {HTML} at (0,0) size 800x600
    RenderBody {BODY} at (8,8) size 784x584
      RenderBlock {DIV} at (0,0) size 784x0
layer at (250,562) size 299x28
  RenderBlock (positioned) {FONT} at (250,562) size 299x28
    RenderText {#text} at (0,0) size 299x28
      text run at (0,0) width 299: "Hello World, And Stuff!"
