layer at (0,0) size 800x600
  RenderView at (0,0) size 800x600
layer at (0,0) size 800x108
  RenderBlock {HTML} at (0,0) size 800x108
    RenderBody {BODY} at (8,16) size 784x76
      RenderBlock {P} at (0,0) size 784x40
        RenderInline {SPAN} at (0,0) size 445x39
          RenderBR {BR} at (0,0) size 0x19
          RenderText {#text} at (0,20) size 445x19
            text run at (0,20) width 445: "There shouldn\x{2019}t be a black dot or line above the first letter of this sentence"
        RenderText {#text} at (445,20) size 4x19
          text run at (445,20) width 4: "."
      RenderBlock {P} at (0,56) size 784x20
        RenderText {#text} at (0,0) size 51x19
          text run at (0,0) width 51: "Test for "
        RenderInline {I} at (0,0) size 658x19
          RenderInline {A} at (0,0) size 305x19 [color=#0000EE]
            RenderText {#text} at (51,0) size 305x19
              text run at (51,0) width 305: "http://bugs.webkit.org/show_bug.cgi?id=14245"
          RenderText {#text} at (356,0) size 353x19
            text run at (356,0) width 4: " "
            text run at (360,0) width 349: "Underline painted under <br>, not repainted properly"
        RenderText {#text} at (709,0) size 4x19
          text run at (709,0) width 4: "."
