layer at (0,0) size 800x600
  RenderView at (0,0) size 800x600
layer at (0,0) size 800x600
  RenderBlock {HTML} at (0,0) size 800x600
    RenderBody {BODY} at (8,8) size 784x576
      RenderBlock {DIV} at (0,0) size 784x18
        RenderText {#text} at (0,0) size 454x18
          text run at (0,0) width 454: "This test demonstrates our behavior regarding empty inlines in list items."
      RenderBlock {UL} at (0,34) size 784x90
        RenderListItem {LI} at (40,0) size 744x18
          RenderListMarker at (-17,0) size 7x18: bullet
          RenderInline {SPAN} at (0,0) size 4x22 [border: (2px solid #FF0000)]
        RenderListItem {LI} at (40,18) size 744x18
          RenderListMarker at (-17,0) size 7x18: bullet
          RenderInline {SPAN} at (0,0) size 8x26 [border: (2px solid #FF0000)]
          RenderText {#text} at (8,0) size 29x18
            text run at (8,0) width 29: "Text"
        RenderListItem {LI} at (40,36) size 744x18
          RenderListMarker at (-17,0) size 7x18: bullet
          RenderText {#text} at (0,0) size 91x18
            text run at (0,0) width 91: "TextTextText "
          RenderInline {SPAN} at (0,0) size 8x26 [border: (2px solid #FF0000)]
        RenderBlock (anonymous) at (40,54) size 744x18
          RenderInline {SPAN} at (0,0) size 8x26 [border: (2px solid #FF0000)]
        RenderListItem {LI} at (40,72) size 744x18
          RenderListMarker at (-17,0) size 7x18: bullet
          RenderText {#text} at (0,0) size 29x18
            text run at (0,0) width 29: "Text"
