layer at (0,0) size 800x600
  RenderView at (0,0) size 800x600
layer at (0,0) size 800x600
  RenderBlock {HTML} at (0,0) size 800x600
    RenderBody {BODY} at (8,8) size 784x584
      RenderBlock (anonymous) at (0,0) size 784x20
        RenderText {#text} at (0,0) size 623x19
          text run at (0,0) width 623: "The first four tests expect a green block to be above them, i.e., to have the text shrinking quirk disabled."
      RenderBlock {DIV} at (0,20) size 784x21 [bgcolor=#008000] [border: none (1px solid #000000) none]
        RenderInline {SPAN} at (0,0) size 1x19
      RenderBlock {DIV} at (0,41) size 784x20
        RenderText {#text} at (0,0) size 274x19
          text run at (0,0) width 274: "There should be a green block above this text"
      RenderBlock {DIV} at (0,61) size 784x21 [bgcolor=#008000] [border: none (1px solid #000000) none]
        RenderInline {SPAN} at (0,0) size 1x19
      RenderBlock {DIV} at (0,82) size 784x20
        RenderText {#text} at (0,0) size 274x19
          text run at (0,0) width 274: "There should be a green block above this text"
      RenderBlock {DIV} at (0,102) size 784x21 [bgcolor=#008000] [border: none (1px solid #000000) none]
        RenderInline {SPAN} at (0,0) size 1x19 [border: none (1px solid #000000)]
      RenderBlock {DIV} at (0,123) size 784x20
        RenderText {#text} at (0,0) size 274x19
          text run at (0,0) width 274: "There should be a green block above this text"
      RenderBlock {DIV} at (0,143) size 784x21 [bgcolor=#008000] [border: none (1px solid #000000) none]
        RenderInline {SPAN} at (0,0) size 1x19 [border: none (1px solid #000000) none]
      RenderBlock {DIV} at (0,164) size 784x20
        RenderText {#text} at (0,0) size 274x19
          text run at (0,0) width 274: "There should be a green block above this text"
      RenderBlock (anonymous) at (0,184) size 784x20
        RenderText {#text} at (0,0) size 563x19
          text run at (0,0) width 563: "The remaining tests do not expect a block to be above them, and red will show if the test fails."
      RenderBlock {DIV} at (0,204) size 784x1 [bgcolor=#FF0000] [border: none (1px solid #000000) none]
        RenderInline {SPAN} at (0,0) size 0x0
      RenderBlock {DIV} at (0,205) size 784x20
        RenderText {#text} at (0,0) size 284x19
          text run at (0,0) width 284: "There should not be a red block above this text"
      RenderBlock {DIV} at (0,225) size 784x1 [bgcolor=#FF0000] [border: none (1px solid #000000) none]
        RenderInline {SPAN} at (0,0) size 0x0
      RenderBlock {DIV} at (0,226) size 784x20
        RenderText {#text} at (0,0) size 284x19
          text run at (0,0) width 284: "There should not be a red block above this text"
      RenderBlock {DIV} at (0,246) size 784x1 [bgcolor=#FF0000] [border: none (1px solid #000000) none]
        RenderInline {SPAN} at (0,0) size 0x0 [border: (1px solid #000000) none]
      RenderBlock {DIV} at (0,247) size 784x20
        RenderText {#text} at (0,0) size 284x19
          text run at (0,0) width 284: "There should not be a red block above this text"
      RenderBlock {DIV} at (0,267) size 784x1 [bgcolor=#FF0000] [border: none (1px solid #000000) none]
        RenderInline {SPAN} at (0,0) size 0x0 [border: none (1px solid #000000) none]
      RenderBlock {DIV} at (0,268) size 784x20
        RenderText {#text} at (0,0) size 284x19
          text run at (0,0) width 284: "There should not be a red block above this text"
      RenderBlock {DIV} at (0,288) size 784x1 [bgcolor=#FF0000] [border: none (1px solid #000000) none]
        RenderInline {SPAN} at (0,0) size 0x19
      RenderBlock {DIV} at (0,289) size 784x20
        RenderText {#text} at (0,0) size 284x19
          text run at (0,0) width 284: "There should not be a red block above this text"
      RenderBlock {DIV} at (0,309) size 784x1 [bgcolor=#FF0000] [border: none (1px solid #000000) none]
        RenderInline {SPAN} at (0,0) size 0x19
      RenderBlock {DIV} at (0,310) size 784x20
        RenderText {#text} at (0,0) size 284x19
          text run at (0,0) width 284: "There should not be a red block above this text"
      RenderBlock {DIV} at (0,330) size 784x1 [bgcolor=#FF0000] [border: none (1px solid #000000) none]
        RenderInline {SPAN} at (0,0) size 0x0
      RenderBlock {DIV} at (0,331) size 784x20
        RenderText {#text} at (0,0) size 284x19
          text run at (0,0) width 284: "There should not be a red block above this text"
      RenderBlock {DIV} at (0,351) size 784x1 [bgcolor=#FF0000] [border: none (1px solid #000000) none]
        RenderInline {SPAN} at (0,0) size 0x0
      RenderBlock {DIV} at (0,352) size 784x20
        RenderText {#text} at (0,0) size 284x19
          text run at (0,0) width 284: "There should not be a red block above this text"
