layer at (0,0) size 785x720
  RenderView at (0,0) size 785x600
layer at (0,0) size 785x720
  RenderBlock {HTML} at (0,0) size 785x721
    RenderBody {BODY} at (8,16) size 769x697
      RenderBlock {P} at (0,0) size 769x40
        RenderText {#text} at (0,0) size 742x39
          text run at (0,0) width 720: "There should be a SPAN in the middle of all four paragraphs that has padding, a green border, and a margin on the left, "
          text run at (720,0) width 22: "and"
          text run at (0,20) width 320: "padding, an orange border, and a margin on the right."
      RenderBlock {H1} at (0,56) size 769x20
        RenderText {#text} at (0,0) size 88x19
          text run at (0,0) width 88: "Left-to-Right"
      RenderBlock {DIV} at (0,86) size 769x285 [border: (1px solid #000000)]
        RenderBlock {P} at (6,22) size 757x32
          RenderText {#text} at (0,6) size 119x19
            text run at (0,6) width 119: "Lorem ipsum dolor "
          RenderText {#text} at (336,6) size 313x19
            text run at (336,6) width 313: "adipisicing elit, sed do eiusmod tempor incididunt ut."
        RenderBlock {P} at (6,70) size 757x192
          RenderText {#text} at (0,6) size 741x51
            text run at (0,6) width 559: "Lorem ipsum dolor sit amet, consectetur adipisicing elit, sed do eiusmod tempor incididunt ut "
            text run at (559,6) width 182: "labore et dolore magna aliqua."
            text run at (0,38) width 359: "Ut enim ad minim veniam, quis nostrud exercitation ullamco "
          RenderText {#text} at (459,102) size 718x83
            text run at (459,102) width 259: "sit amet, consectetur adipisicing elit, sed do"
            text run at (0,134) width 277: "eiusmod tempor incididunt ut labore et dolore "
            text run at (277,134) width 441: "magna aliqua. Ut enim ad minim veniam, quis nostrud exercitation ullamco"
            text run at (0,166) width 125: "laboris nisi ut aliquip."
      RenderBlock {H1} at (0,381) size 769x21
        RenderText {#text} at (0,0) size 88x19
          text run at (0,0) width 88: "Right-to-Left"
      RenderBlock {DIV} at (0,412) size 769x285 [border: (1px solid #000000)]
        RenderBlock {P} at (6,22) size 757x32
          RenderText {#text} at (638,6) size 119x19
            text run at (638,6) width 119 RTL: "Lorem ipsum dolor "
          RenderText {#text} at (108,6) size 313x19
            text run at (108,6) width 313 RTL: "adipisicing elit, sed do eiusmod tempor incididunt ut."
        RenderBlock {P} at (6,70) size 757x192
          RenderText {#text} at (16,6) size 741x51
            text run at (16,6) width 182 RTL: "labore et dolore magna aliqua."
            text run at (198,6) width 559 RTL: "Lorem ipsum dolor sit amet, consectetur adipisicing elit, sed do eiusmod tempor incididunt ut "
            text run at (398,38) width 359 RTL: "Ut enim ad minim veniam, quis nostrud exercitation ullamco "
          RenderText {#text} at (39,102) size 718x83
            text run at (39,102) width 259 RTL: "sit amet, consectetur adipisicing elit, sed do"
            text run at (39,134) width 441 RTL: "magna aliqua. Ut enim ad minim veniam, quis nostrud exercitation ullamco"
            text run at (480,134) width 277 RTL: "eiusmod tempor incididunt ut labore et dolore "
            text run at (632,166) width 125 RTL: "laboris nisi ut aliquip."
layer at (14,125) size 182x21
  RenderInline (relative positioned) {SPAN} at (0,0) size 182x21 [border: (1px solid #0000FF) (10px solid #FFA500) (1px solid #0000FF) (10px solid #008000)]
    RenderText {#text} at (164,6) size 127x19
      text run at (164,6) width 127: "sit amet, consectetur "
layer at (14,173) size 755x85
  RenderInline (relative positioned) {SPAN} at (0,0) size 755x85 [border: (1px solid #0000FF) (10px solid #FFA500) (1px solid #0000FF) (10px solid #008000)]
    RenderText {#text} at (404,38) size 755x83
      text run at (404,38) width 351: "laboris nisi ut aliquip ex ea commodo consequat. Duis aute"
      text run at (0,70) width 179: "irure dolor in reprehenderit in "
      text run at (179,70) width 543: "voluptate velit esse cillum dolore eu fugiat nulla pariatur. Excepteur sint occaecat cupidatat "
      text run at (722,70) width 22: "non"
      text run at (0,102) width 414: "proident, sunt in culpa qui officia deserunt mollit anim id est laborum. "
layer at (14,450) size 182x21
  RenderInline (relative positioned) {SPAN} at (0,0) size 182x21 [border: (1px solid #0000FF) (10px solid #FFA500) (1px solid #0000FF) (10px solid #008000)]
    RenderText {#text} at (466,6) size 127x19
      text run at (466,6) width 127 RTL: "sit amet, consectetur "
layer at (14,498) size 755x85
  RenderInline (relative positioned) {SPAN} at (0,0) size 755x85 [border: (1px solid #0000FF) (10px solid #FFA500) (1px solid #0000FF) (10px solid #008000)]
    RenderText {#text} at (2,38) size 755x83
      text run at (2,38) width 351 RTL: "laboris nisi ut aliquip ex ea commodo consequat. Duis aute"
      text run at (13,70) width 22 RTL: "non"
      text run at (35,70) width 543 RTL: "voluptate velit esse cillum dolore eu fugiat nulla pariatur. Excepteur sint occaecat cupidatat "
      text run at (578,70) width 179 RTL: "irure dolor in reprehenderit in "
      text run at (343,102) width 414 RTL: "proident, sunt in culpa qui officia deserunt mollit anim id est laborum. "
