layer at (0,0) size 800x600
  RenderView at (0,0) size 800x600
layer at (0,0) size 800x54
  RenderBlock {HTML} at (0,0) size 800x54
    RenderBody {BODY} at (8,8) size 784x38
      RenderBlock {DIV} at (0,0) size 322x38 [border: (1px solid #FF0000)]
        RenderInline {SPAN} at (0,0) size 319x38 [border: (1px solid #008000)]
          RenderText {#text} at (2,1) size 14x18
            text run at (2,1) width 14: "-- "
          RenderInline {SPAN} at (0,0) size 319x36
            RenderText {#text} at (16,1) size 14x18
              text run at (16,1) width 14: "-- "
            RenderInline {SPAN} at (0,0) size 319x36
              RenderText {#text} at (30,1) size 14x18
                text run at (30,1) width 14: "-- "
              RenderInline {SPAN} at (0,0) size 319x36
                RenderText {#text} at (44,1) size 14x18
                  text run at (44,1) width 14: "-- "
                RenderInline {SPAN} at (0,0) size 319x36
                  RenderText {#text} at (58,1) size 14x18
                    text run at (58,1) width 14: "-- "
                  RenderInline {SPAN} at (0,0) size 319x36
                    RenderText {#text} at (72,1) size 14x18
                      text run at (72,1) width 14: "-- "
                    RenderInline {SPAN} at (0,0) size 319x36
                      RenderText {#text} at (86,1) size 14x18
                        text run at (86,1) width 14: "-- "
                      RenderInline {SPAN} at (0,0) size 319x36
                        RenderText {#text} at (100,1) size 14x18
                          text run at (100,1) width 14: "-- "
                        RenderInline {SPAN} at (0,0) size 319x36
                          RenderText {#text} at (114,1) size 14x18
                            text run at (114,1) width 14: "-- "
                          RenderInline {SPAN} at (0,0) size 319x36
                            RenderText {#text} at (128,1) size 14x18
                              text run at (128,1) width 14: "-- "
                            RenderInline {SPAN} at (0,0) size 319x36
                              RenderText {#text} at (142,1) size 14x18
                                text run at (142,1) width 14: "-- "
                              RenderInline {SPAN} at (0,0) size 319x36
                                RenderText {#text} at (156,1) size 14x18
                                  text run at (156,1) width 14: "-- "
                                RenderInline {SPAN} at (0,0) size 319x36
                                  RenderText {#text} at (170,1) size 14x18
                                    text run at (170,1) width 14: "-- "
                                  RenderInline {SPAN} at (0,0) size 319x36
                                    RenderText {#text} at (184,1) size 14x18
                                      text run at (184,1) width 14: "-- "
                                    RenderInline {SPAN} at (0,0) size 319x36
                                      RenderText {#text} at (198,1) size 14x18
                                        text run at (198,1) width 14: "-- "
                                      RenderInline {SPAN} at (0,0) size 319x36
                                        RenderText {#text} at (212,1) size 14x18
                                          text run at (212,1) width 14: "-- "
                                        RenderInline {SPAN} at (0,0) size 319x36
                                          RenderText {#text} at (226,1) size 14x18
                                            text run at (226,1) width 14: "-- "
                                          RenderInline {SPAN} at (0,0) size 319x36
                                            RenderText {#text} at (240,1) size 14x18
                                              text run at (240,1) width 14: "-- "
                                            RenderInline {SPAN} at (0,0) size 319x36
                                              RenderText {#text} at (254,1) size 14x18
                                                text run at (254,1) width 14: "-- "
                                              RenderInline {SPAN} at (0,0) size 319x36
                                                RenderText {#text} at (268,1) size 14x18
                                                  text run at (268,1) width 14: "-- "
                                                RenderInline {SPAN} at (0,0) size 319x36
                                                  RenderText {#text} at (282,1) size 14x18
                                                    text run at (282,1) width 14: "-- "
                                                  RenderInline {SPAN} at (0,0) size 319x36
                                                    RenderText {#text} at (296,1) size 14x18
                                                      text run at (296,1) width 14: "-- "
                                                    RenderInline {SPAN} at (0,0) size 319x36
                                                      RenderText {#text} at (310,1) size 10x18
                                                        text run at (310,1) width 10: "--"
                                                      RenderInline {SPAN} at (0,0) size 10x18
                                                        RenderText {#text} at (1,19) size 10x18
                                                          text run at (1,19) width 10: "--"
        RenderText {#text} at (0,0) size 0x0
