layer at (0,0) size 800x600
  RenderView at (0,0) size 800x600
layer at (0,0) size 800x600
  RenderBlock {HTML} at (0,0) size 800x600
    RenderBody {BODY} at (8,8) size 784x584
      RenderInline {SPAN} at (0,0) size 252x19
        RenderText {#text} at (196,0) size 252x19
          text run at (196,0) width 252: "This span has 25% margins on either side."
      RenderText {#text} at (644,0) size 30x19
        text run at (644,0) width 30: "See?"
