layer at (0,0) size 800x600
  RenderView at (0,0) size 800x600
layer at (0,0) size 800x600
  RenderBlock {HTML} at (0,0) size 800x600
    RenderBody {BODY} at (8,8) size 784x582
      RenderBlock {P} at (0,0) size 784x36
        RenderText {#text} at (0,0) size 53x18
          text run at (0,0) width 53: "Test for "
        RenderInline {I} at (0,0) size 759x36
          RenderInline {A} at (0,0) size 307x18 [color=#0000EE]
            RenderText {#text} at (53,0) size 307x18
              text run at (53,0) width 307: "https://bugs.webkit.org/show_bug.cgi?id=32794"
          RenderText {#text} at (360,0) size 759x36
            text run at (360,0) width 4: " "
            text run at (364,0) width 395: "With text-rendering: optimizelegibility, sometimes lines run too"
            text run at (0,18) width 28: "long"
        RenderText {#text} at (28,18) size 4x18
          text run at (28,18) width 4: "."
      RenderBlock {P} at (0,52) size 784x18
        RenderText {#text} at (0,0) size 572x18
          text run at (0,0) width 422: "Text should not overflow any of these boxes. The terminal of the f "
          text run at (422,0) width 150: "may overlap the border."
      RenderBlock {DIV} at (0,86) size 251x42 [border: (3px solid #0000FF)]
        RenderText {#text} at (3,3) size 245x36
          text run at (3,3) width 245: "maintenance of the balance of power"
          text run at (3,21) width 13: "in"
      RenderBlock {DIV} at (0,138) size 251x42 [border: (3px solid #FF0000)]
        RenderText {#text} at (3,3) size 245x36
          text run at (3,3) width 245: "maintenance of the balance of"
          text run at (3,21) width 57: "power in"
      RenderBlock {DIV} at (0,190) size 251x42 [border: (3px solid #0000FF)]
        RenderText {#text} at (3,3) size 242x36
          text run at (3,3) width 242: "maintenance of the balance of power"
          text run at (3,21) width 13: "in"
      RenderBlock {DIV} at (0,242) size 251x42 [border: (3px solid #FF0000)]
        RenderText {#text} at (3,3) size 201x36
          text run at (3,3) width 201: "maintenance of the balance of"
          text run at (3,21) width 57: "power in"
      RenderBlock {DIV} at (0,294) size 251x24 [border: (3px solid #0000FF)]
        RenderText {#text} at (3,3) size 244x18
          text run at (3,3) width 244: "f f f f f f f f f f f f f f f f f f f f f f f f f f f f f f f"
      RenderBlock {DIV} at (0,328) size 251x42 [border: (3px solid #FF0000)]
        RenderText {#text} at (3,3) size 235x36
          text run at (3,3) width 235: "f f f f f f f f f f f f f f f f f f f f f f"
          text run at (3,21) width 92: "f f f f f f f f f"
