layer at (0,0) size 800x600
  RenderView at (0,0) size 800x600
layer at (0,0) size 800x600
  RenderBlock {HTML} at (0,0) size 800x600
    RenderBody {BODY} at (8,8) size 784x584
      RenderBlock {P} at (0,0) size 784x18
        RenderText {#text} at (0,0) size 253x18
          text run at (0,0) width 253: "These two glyphs should look the same:"
      RenderBlock {DIV} at (0,34) size 784x72
        RenderText {#text} at (0,12) size 48x48
          text run at (0,12) width 48: "\x{D842}\x{DF9F}"
      RenderBlock {DIV} at (0,106) size 72x48
        RenderText {#text} at (12,0) size 48x48
          text run at (12,0) width 48: "\x{D842}\x{DF9F}"
