layer at (0,0) size 800x600
  RenderView at (0,0) size 800x600
layer at (0,0) size 800x600
  RenderBlock {HTML} at (0,0) size 800x600
    RenderBody {BODY} at (8,8) size 784x576
      RenderBlock {P} at (0,0) size 784x36
        RenderText {#text} at (0,0) size 756x35
          text run at (0,0) width 139: "This test verifies that "
          text run at (138,0) width 618: "accessing a frame's document while it is still loading does not prevent the load, but can access at"
          text run at (0,18) width 226: "least a temporary empty document."
      RenderBlock (anonymous) at (0,52) size 784x116
        RenderIFrame {IFRAME} at (0,0) size 300x40
          layer at (0,0) size 300x40
            RenderView at (0,0) size 300x40
          layer at (0,0) size 300x40
            RenderBlock {HTML} at (0,0) size 300x40
              RenderBody {BODY} at (8,8) size 284x24
                RenderText {#text} at (0,0) size 70x17
                  text run at (0,0) width 70: "SUCCESS"
        RenderBR {BR} at (300,26) size 0x17
        RenderIFrame {IFRAME} at (0,40) size 300x40
          layer at (0,0) size 300x40
            RenderView at (0,0) size 300x40
          layer at (0,0) size 300x40
            RenderBlock {HTML} at (0,0) size 300x40
              RenderBody {BODY} at (8,8) size 284x24
                RenderText {#text} at (0,0) size 70x17
                  text run at (0,0) width 70: "SUCCESS"
        RenderBR {BR} at (300,66) size 0x17
        RenderText {#text} at (0,80) size 166x17
          text run at (0,80) width 166: "[object HTMLDocument]"
        RenderBR {BR} at (165,80) size 1x17
        RenderText {#text} at (0,98) size 166x17
          text run at (0,98) width 166: "[object HTMLDocument]"
      RenderBlock {P} at (0,184) size 784x18
        RenderText {#text} at (0,0) size 622x17
          text run at (0,0) width 622: "If this test passes, you should see SUCCESS twice, followed by [object HTMLDocument] twice."
