layer at (0,0) size 800x600
  RenderView at (0,0) size 800x600
layer at (0,0) size 800x56 isolatesBlending
  RenderBlock {HTML} at (0,0) size 800x56
    RenderBody {BODY} at (8,8) size 784x40
layer at (8,8) size 784x20
  RenderBlock {DIV} at (0,0) size 784x20
    RenderText {#text} at (0,0) size 8x19
      text run at (0,0) width 8: "a"
layer at (8,28) size 784x20 blendMode: saturation
  RenderBlock {DIV} at (0,20) size 784x20
    RenderText {#text} at (0,0) size 8x19
      text run at (0,0) width 8: "a"
