layer at (0,0) size 800x600
  RenderView at (0,0) size 800x600
layer at (0,0) size 800x600
  RenderBlock {HTML} at (0,0) size 800x600
    RenderBody {BODY} at (8,8) size 784x576
      RenderBlock {P} at (0,0) size 784x55
        RenderInline {FONT} at (0,0) size 304x55
          RenderText {#text} at (0,0) size 304x55
            text run at (0,0) width 304: "First paragraph."
      RenderBlock (anonymous) at (0,71) size 784x0
        RenderInline {FONT} at (0,0) size 0x0
          RenderText {#text} at (0,0) size 0x0
      RenderBlock (anonymous) at (0,103) size 784x55
        RenderBlock {P} at (0,0) size 784x55
          RenderText {#text} at (0,0) size 358x55
            text run at (0,0) width 358: "Second paragraph."
      RenderBlock (anonymous) at (0,206) size 784x0
        RenderInline {FONT} at (0,0) size 0x0
        RenderText {#text} at (0,0) size 0x0
        RenderInline {B} at (0,0) size 0x0
      RenderBlock {P} at (0,206) size 784x18
        RenderInline {B} at (0,0) size 99x18
          RenderInline {I} at (0,0) size 99x18
            RenderText {#text} at (0,0) size 99x18
              text run at (0,0) width 99: "Bold and Italic"
        RenderInline {I} at (0,0) size 39x18
          RenderText {#text} at (98,0) size 39x18
            text run at (98,0) width 39: " Italic"
