layer at (0,0) size 800x600
  RenderView at (0,0) size 800x600
layer at (0,0) size 800x600
  RenderBlock {HTML} at (0,0) size 800x600
    RenderBody {BODY} at (8,8) size 784x574
      RenderBlock (anonymous) at (0,0) size 784x18
        RenderText {#text} at (0,0) size 574x18
          text run at (0,0) width 574: "In this sample, the H3s should be nested. This matches Firefox, IE, and the HTML5 spec."
      RenderBlock {H3} at (0,36) size 784x298 [border: (2px solid #FF0000)]
        RenderBlock (anonymous) at (4,4) size 776x22
          RenderInline {I} at (0,0) size 33x22
            RenderText {#text} at (0,0) size 33x22
              text run at (0,0) width 33: "One"
        RenderBlock (anonymous) at (4,47) size 776x225
          RenderBlock {H3} at (0,0) size 776x224 [border: (2px solid #FF0000)]
            RenderBlock (anonymous) at (4,4) size 768x25
              RenderInline {I} at (0,0) size 39x25
                RenderText {#text} at (0,0) size 39x25
                  text run at (0,0) width 39: "Two"
            RenderBlock (anonymous) at (4,54) size 768x141
              RenderBlock {H3} at (0,0) size 768x140 [border: (2px solid #FF0000)]
                RenderBlock (anonymous) at (4,4) size 760x30
                  RenderInline {I} at (0,0) size 63x30
                    RenderText {#text} at (0,0) size 63x30
                      text run at (0,0) width 63: "Three"
                RenderBlock (anonymous) at (4,63) size 760x43
                  RenderBlock {H3} at (0,0) size 760x42 [border: (2px solid #FF0000)]
                    RenderInline {I} at (4,3) size 64x35
                      RenderText {#text} at (4,3) size 64x35
                        text run at (4,3) width 64: "Four"
                RenderBlock (anonymous) at (4,135) size 760x0
                  RenderInline {I} at (0,0) size 0x0
            RenderBlock (anonymous) at (4,219) size 768x0
              RenderInline {I} at (0,0) size 0x0
        RenderBlock (anonymous) at (4,293) size 776x0
          RenderInline {I} at (0,0) size 0x0
