layer at (0,0) size 800x600
  RenderView at (0,0) size 800x600
layer at (0,0) size 800x600
  RenderBlock {HTML} at (0,0) size 800x600
    RenderBody {BODY} at (8,8) size 784x584
      RenderTable {TABLE} at (0,0) size 718x105
        RenderTableSection {TBODY} at (0,0) size 718x105
          RenderTableRow {TR} at (0,2) size 718x101
            RenderTableCell {TD} at (2,42) size 301x21 [r=0 c=0 rs=1 cs=1]
              RenderText {#text} at (1,0) size 299x20
                text run at (1,1) width 299: "This text should be to the left of the cat image."
            RenderTableCell {TD} at (304,2) size 101x101 [r=0 c=1 rs=1 cs=1]
              RenderImage {OBJECT} at (1,1) size 98x99
            RenderTableCell {TD} at (406,42) size 310x21 [r=0 c=2 rs=1 cs=1]
              RenderText {#text} at (1,0) size 308x20
                text run at (1,1) width 308: "This text should be to the right of the cat image."
