layer at (0,0) size 800x600
  RenderView at (0,0) size 800x600
layer at (0,0) size 800x292
  RenderBlock {HTML} at (0,0) size 800x292
    RenderBody {BODY} at (8,16) size 784x244
      RenderBlock {P} at (0,0) size 784x20
        RenderText {#text} at (0,0) size 479x19
          text run at (0,0) width 466: "The following two blocks should be identical, including overflow. (Force bidi: "
          text run at (466,0) width 8 RTL: "\x{5D0}"
          text run at (474,0) width 5: ")"
      RenderBlock {DIV} at (32,52) size 720x80 [color=#FFFF00] [bgcolor=#000000]
        RenderTable at (24,24) size 256x32
          RenderTableSection (anonymous) at (0,0) size 256x32
            RenderTableRow {P} at (0,0) size 256x32
              RenderTableCell (anonymous) at (0,0) size 256x32 [r=0 c=0 rs=1 cs=1]
                RenderInline {SPAN} at (0,0) size 14x36
                  RenderText {#text} at (0,-2) size 14x36
                    text run at (0,-2) width 14: "a"
                RenderInline {SPAN} at (0,0) size 19x50 [color=#FF00FF] [border: (3px solid #FF00FF) none (3px solid #FF00FF)]
                  RenderText {#text} at (33,-2) size 16x36
                    text run at (33,-2) width 16: "b"
                RenderInline {SPAN} at (0,0) size 17x50 [color=#00FFFF] [border: (3px solid #00FFFF) none (3px solid #00FFFF)]
                  RenderText {#text} at (68,-2) size 14x36
                    text run at (68,-2) width 14: "c"
                RenderInline {SPAN} at (0,0) size 16x50 [color=#FF00FF] [border: (3px solid #FF00FF) none (3px solid #FF00FF) none]
                  RenderText {#text} at (82,-2) size 16x36
                    text run at (82,-2) width 16: "d"
                RenderInline {SPAN} at (0,0) size 14x50 [color=#00FFFF] [border: (3px solid #00FFFF) none (3px solid #00FFFF) none]
                  RenderText {#text} at (98,-2) size 14x36
                    text run at (98,-2) width 14: "e"
                RenderInline {SPAN} at (0,0) size 10x36
                  RenderText {#text} at (112,-2) size 10x36
                    text run at (112,-2) width 10: "f"
                RenderInline {SPAN} at (0,0) size 15x36
                  RenderText {#text} at (122,-2) size 15x36
                    text run at (122,-2) width 15: "g"
                RenderInline {SPAN} at (0,0) size 15x36
                  RenderText {#text} at (137,-2) size 15x36
                    text run at (137,-2) width 15: "h"
                RenderInline {SPAN} at (0,0) size 9x50 [color=#FF00FF] [border: (3px solid #FF00FF) none (3px solid #FF00FF) none]
                  RenderText {#text} at (152,-2) size 9x36
                    text run at (152,-2) width 9: "i"
                RenderInline {SPAN} at (0,0) size 12x50 [color=#00FFFF] [border: (3px solid #00FFFF) none]
                  RenderText {#text} at (161,-2) size 9x36
                    text run at (161,-2) width 9: "j"
                RenderInline {SPAN} at (0,0) size 19x50 [color=#FF00FF] [border: (3px solid #FF00FF) none]
                  RenderText {#text} at (189,-2) size 16x36
                    text run at (189,-2) width 16: "k"
                RenderInline {SPAN} at (0,0) size 9x36
                  RenderText {#text} at (224,-2) size 9x36
                    text run at (224,-2) width 9: "l"
                RenderInline {SPAN} at (0,0) size 23x36
                  RenderText {#text} at (233,-2) size 23x36
                    text run at (233,-2) width 23: "m"
      RenderBlock {DIV} at (32,164) size 720x80 [color=#FFFF00] [bgcolor=#000000]
        RenderTable at (24,24) size 256x32
          RenderTableSection (anonymous) at (0,0) size 256x32
            RenderTableRow {P} at (0,0) size 256x32
              RenderTableCell (anonymous) at (0,0) size 256x32 [r=0 c=0 rs=1 cs=1]
                RenderText {#text} at (0,-2) size 233x36
                  text run at (0,-2) width 14: "a"
                  text run at (49,-2) width 0: "\x{202D}"
                  text run at (224,-2) width 9 RTL: "\x{202E}l"
                RenderInline {SPAN} at (0,0) size 108x50 [color=#00FFFF] [border: (3px solid #00FFFF)]
                  RenderText {#text} at (68,-2) size 102x36
                    text run at (68,-2) width 14: "c"
                    text run at (98,-2) width 14: "\x{202D}e"
                    text run at (152,-2) width 0 RTL: "\x{202E}"
                    text run at (161,-2) width 9 RTL: "\x{202E}j"
                RenderText {#text} at (112,-2) size 40x36
                  text run at (112,-2) width 10 RTL: "\x{202C}f"
                  text run at (122,-2) width 15: "\x{202D}g"
                  text run at (137,-2) width 15 RTL: "h"
                RenderInline {SPAN} at (0,0) size 178x50 [color=#FF00FF] [border: (3px solid #FF00FF)]
                  RenderText {#text} at (33,-2) size 172x36
                    text run at (33,-2) width 16 RTL: "\x{202C}b"
                    text run at (82,-2) width 16 RTL: "\x{202C}d"
                    text run at (152,-2) width 9: "\x{202C}i"
                    text run at (189,-2) width 16: "\x{202C}k"
                RenderText {#text} at (233,-2) size 23x36
                  text run at (233,-2) width 23: "\x{202C}m"
