layer at (0,0) size 800x600
  RenderView at (0,0) size 800x600
layer at (0,0) size 800x600
  RenderBlock {HTML} at (0,0) size 800x600
    RenderBody {BODY} at (8,25) size 784x550
layer at (33,25) size 734x100
  RenderBlock {DIV} at (25,0) size 734x100 [color=#FFFFFF] [bgcolor=#800000]
    RenderBlock {DIV} at (50,50) size 634x400 [bgcolor=#808080]
      RenderText {#text} at (0,0) size 305x18
        text run at (0,0) width 305: "This content should be masked with a soft glow."
