layer at (0,0) size 800x600
  RenderView at (0,0) size 800x600
layer at (0,0) size 800x600
  RenderBlock {HTML} at (0,0) size 800x600
    RenderBody {BODY} at (8,8) size 784x584
      RenderBlock {DIV} at (0,0) size 784x350
        RenderInline {SPAN} at (0,0) size 36x230 [border: (21px none #000000) (30px none #000000) (21px none #000000)]
          RenderText {#text} at (46,85) size 6x29
            text run at (46,85) width 6: " "
          RenderBR {BR} at (52,108) size 0x0
          RenderText {#text} at (25,235) size 6x29
            text run at (25,235) width 6: " "
