layer at (0,0) size 800x600
  RenderView at (0,0) size 800x600
layer at (0,0) size 800x564
  RenderBlock {HTML} at (0,0) size 800x564
    RenderBody {BODY} at (8,16) size 784x540
      RenderBlock {P} at (0,0) size 784x18
        RenderText {#text} at (0,0) size 732x18
          text run at (0,0) width 732: "Test that when we have images sprinkled within a span, borders, paddings and margins are still calculated correctly ."
      RenderBlock {DIV} at (0,34) size 212x253 [border: (1px solid #000000)]
        RenderBlock {P} at (6,22) size 200x161
          RenderText {#text} at (0,7) size 181x50
            text run at (0,7) width 150: "aaa bbb ccc ddd eee fff "
            text run at (150,7) width 31 RTL: "\x{5DC}\x{5DE}\x{5D4}"
            text run at (0,39) width 74 RTL: "\x{5E2}\x{5E9}\x{5D9}\x{5EA}\x{5D9} \x{5D6}\x{5D0}\x{5EA}"
            text run at (73,39) width 5: " "
            text run at (77,39) width 17: "gg"
          RenderInline {SPAN} at (0,0) size 183x53 [border: (1px solid #0000FF) (10px solid #FFA500) (1px solid #0000FF) (10px solid #008000)]
            RenderText {#text} at (138,39) size 45x18
              text run at (138,39) width 45: " dgnjk "
            RenderImage {IMG} at (0,64) size 22x22 [border: (1px solid #0000FF)]
            RenderText {#text} at (22,72) size 40x18
              text run at (22,72) width 40: "njkng "
          RenderText {#text} at (107,72) size 184x82
            text run at (107,72) width 70 RTL: "\x{5D6}\x{5D0}\x{5EA} \x{2013} \x{5D0}\x{5D9}\x{5E0}\x{5D9}"
            text run at (0,104) width 71 RTL: "\x{5D9}\x{5D5}\x{5D3}\x{5E2} \x{5D1}\x{5E2}\x{5E6}\x{5DE}"
            text run at (70,104) width 114: " qqq rrr sss ttt uuu"
            text run at (0,136) width 24: "vvv"
        RenderBlock {P} at (6,199) size 200x32
          RenderInline {SPAN} at (0,0) size 159x20 [border: (1px solid #0000FF) (10px solid #FFA500) (1px solid #0000FF) (10px solid #008000)]
            RenderText {#text} at (45,7) size 84x18
              text run at (45,7) width 84: "Some fill text"
            RenderImage {IMG} at (129,1) size 20x20
      RenderBlock {DIV} at (0,287) size 212x253 [border: (1px solid #000000)]
        RenderBlock {P} at (6,22) size 200x161
          RenderText {#text} at (19,7) size 183x50
            text run at (19,7) width 35 RTL: " \x{5DC}\x{5DE}\x{5D4}"
            text run at (54,7) width 146: "aaa bbb ccc ddd eee fff"
            text run at (17,39) width 17: "gg"
            text run at (122,39) width 78 RTL: "\x{5E2}\x{5E9}\x{5D9}\x{5EA}\x{5D9} \x{5D6}\x{5D0}\x{5EA} "
          RenderInline {SPAN} at (0,0) size 167x53 [border: (1px solid #0000FF) (10px solid #FFA500) (1px solid #0000FF) (10px solid #008000)]
            RenderText {#text} at (33,39) size 45x18
              text run at (33,39) width 45: " dgnjk "
            RenderImage {IMG} at (142,64) size 22x22 [border: (1px solid #0000FF)]
            RenderText {#text} at (138,72) size 62x18
              text run at (138,72) width 4 RTL: " "
              text run at (164,72) width 36: "njkng"
          RenderText {#text} at (23,72) size 184x82
            text run at (23,72) width 70 RTL: "\x{5D6}\x{5D0}\x{5EA} \x{2013} \x{5D0}\x{5D9}\x{5E0}\x{5D9}"
            text run at (16,104) width 110: "qqq rrr sss ttt uuu"
            text run at (125,104) width 75 RTL: "\x{5D9}\x{5D5}\x{5D3}\x{5E2} \x{5D1}\x{5E2}\x{5E6}\x{5DE} "
            text run at (176,136) width 24: "vvv"
        RenderBlock {P} at (6,199) size 200x32
          RenderInline {SPAN} at (0,0) size 159x20 [border: (1px solid #0000FF) (10px solid #FFA500) (1px solid #0000FF) (10px solid #008000)]
            RenderText {#text} at (71,7) size 84x18
              text run at (71,7) width 84: "Some fill text"
            RenderImage {IMG} at (51,1) size 20x20
