layer at (0,0) size 794x680
  RenderView at (0,0) size 785x585
layer at (0,0) size 785x680
  RenderBlock {HTML} at (0,0) size 785x681
    RenderBody {BODY} at (8,16) size 769x657
      RenderBlock {P} at (0,0) size 769x36
        RenderText {#text} at (0,0) size 751x36
          text run at (0,0) width 751: "There should be a SPAN in the middle of all four paragraphs that has padding, a green border, and a margin on the left,"
          text run at (0,18) width 363: "and padding, an orange border, and a margin on the right."
      RenderBlock {H1} at (0,52) size 769x18
        RenderText {#text} at (0,0) size 89x18
          text run at (0,0) width 89: "Left-to-Right"
      RenderBlock {DIV} at (0,80) size 769x253 [border: (1px solid #000000)]
        RenderBlock {P} at (6,22) size 757x32
          RenderText {#text} at (0,7) size 125x18
            text run at (0,7) width 125: "Lorem ipsum dolor "
          RenderInline {SPAN} at (0,0) size 186x20 [border: (1px solid #0000FF) (10px solid #FFA500) (1px solid #0000FF) (10px solid #008000)]
            RenderText {#text} at (170,7) size 131x18
              text run at (170,7) width 131: "sit amet, consectetur "
          RenderText {#text} at (346,7) size 332x18
            text run at (346,7) width 332: "adipisicing elit, sed do eiusmod tempor incididunt ut."
        RenderBlock {P} at (6,70) size 757x160
          RenderText {#text} at (0,7) size 732x50
            text run at (0,7) width 588: "Lorem ipsum dolor sit amet, consectetur adipisicing elit, sed do eiusmod tempor incididunt ut "
            text run at (588,7) width 144: "labore et dolore magna"
            text run at (0,39) width 430: "aliqua. Ut enim ad minim veniam, quis nostrud exercitation ullamco "
          RenderInline {SPAN} at (0,0) size 780x84 [border: (1px solid #0000FF) (10px solid #FFA500) (1px solid #0000FF) (10px solid #008000)]
            RenderText {#text} at (430,39) size 780x82
              text run at (430,39) width 235: "laboris nisi ut aliquip ex ea commodo"
              text run at (0,71) width 324: "consequat. Duis aute irure dolor in reprehenderit in "
              text run at (324,71) width 424: "voluptate velit esse cillum dolore eu fugiat nulla pariatur. Excepteur"
              text run at (45,103) width 145: "sint occaecat cupidatat "
              text run at (190,103) width 590: "non proident, sunt in culpa qui officia deserunt mollit anim id est laborum. Lorem ipsum dolor"
          RenderText {#text} at (0,135) size 561x18
            text run at (0,135) width 561: "sit amet, consectetur adipisicing elit, sed do eiusmod tempor incididunt ut labore et dolore"
      RenderBlock {H1} at (0,343) size 769x19
        RenderText {#text} at (0,0) size 89x18
          text run at (0,0) width 89: "Right-to-Left"
      RenderBlock {DIV} at (0,372) size 769x285 [border: (1px solid #000000)]
        RenderBlock {P} at (6,22) size 757x32
          RenderText {#text} at (83,7) size 125x18
            text run at (83,7) width 125: "Lorem ipsum dolor "
          RenderInline {SPAN} at (0,0) size 186x20 [border: (1px solid #0000FF) (10px solid #FFA500) (1px solid #0000FF) (10px solid #008000)]
            RenderText {#text} at (253,7) size 131x18
              text run at (253,7) width 131: "sit amet, consectetur "
          RenderText {#text} at (79,7) size 678x18
            text run at (79,7) width 4 RTL: "."
            text run at (429,7) width 328: "adipisicing elit, sed do eiusmod tempor incididunt ut"
        RenderBlock {P} at (6,70) size 757x192
          RenderText {#text} at (25,7) size 732x50
            text run at (25,7) width 588: "Lorem ipsum dolor sit amet, consectetur adipisicing elit, sed do eiusmod tempor incididunt ut "
            text run at (613,7) width 144: "labore et dolore magna"
            text run at (47,39) width 430: "aliqua. Ut enim ad minim veniam, quis nostrud exercitation ullamco "
          RenderInline {SPAN} at (0,0) size 780x84 [border: (1px solid #0000FF) (10px solid #FFA500) (1px solid #0000FF) (10px solid #008000)]
            RenderText {#text} at (522,39) size 780x82
              text run at (522,39) width 235: "laboris nisi ut aliquip ex ea commodo"
              text run at (9,71) width 324: "consequat. Duis aute irure dolor in reprehenderit in "
              text run at (333,71) width 424: "voluptate velit esse cillum dolore eu fugiat nulla pariatur. Excepteur"
              text run at (-23,103) width 145: "sint occaecat cupidatat "
              text run at (122,103) width 590: "non proident, sunt in culpa qui officia deserunt mollit anim id est laborum. Lorem ipsum dolor"
          RenderText {#text} at (30,135) size 727x50
            text run at (30,135) width 565: "sit amet, consectetur adipisicing elit, sed do eiusmod tempor incididunt ut labore et dolore "
            text run at (595,135) width 162: "magna aliqua. Ut enim ad"
            text run at (312,167) width 4 RTL: "."
            text run at (316,167) width 441: "minim veniam, quis nostrud exercitation ullamco laboris nisi ut aliquip"
