layer at (0,0) size 800x600
  RenderView at (0,0) size 800x600
layer at (0,0) size 800x250
  RenderBlock {HTML} at (0,0) size 800x250
    RenderBody {BODY} at (8,8) size 784x234
      RenderBlock {DIV} at (0,200) size 784x34
        RenderText {#text} at (0,0) size 487x17
          text run at (0,0) width 487: "PASS - \"left\" property for \"box\" element at 0.5s saw something close to: 322"
        RenderBR {BR} at (487,0) size 0x17
        RenderText {#text} at (0,17) size 600x17
          text run at (0,17) width 600: "PASS - \"-webkit-transform.4\" property for \"box2\" element at 0.5s saw something close to: 322"
        RenderBR {BR} at (600,17) size 0x17
layer at (8,8) size 784x200
  RenderBlock (relative positioned) {DIV} at (0,0) size 784x200
layer at (330,8) size 100x200
  RenderBlock (positioned) {DIV} at (322,0) size 100x200 [bgcolor=#FF0000]
layer at (330,8) size 100x100
  RenderBlock (relative positioned) {DIV} at (0,0) size 100x100 [bgcolor=#008000]
layer at (8,108) size 100x100
  RenderBlock (relative positioned) {DIV} at (0,100) size 100x100 [bgcolor=#008000]
