layer at (0,0) size 800x600
  RenderView at (0,0) size 800x600
layer at (0,0) size 800x276
  RenderBlock {HTML} at (0,0) size 800x276
    RenderBody {BODY} at (8,8) size 784x260
      RenderBlock {DIV} at (0,0) size 784x20
        RenderText {#text} at (0,0) size 321x19
          text run at (0,0) width 321: "No font is specified. expected: backslash, actual: \\"
      RenderBlock {DIV} at (0,20) size 784x20
        RenderText {#text} at (0,0) size 355x19
          text run at (0,0) width 355: "Using font \"MS PGothic\". expected: yen sign, actual: \x{A5}"
      RenderBlock {DIV} at (0,40) size 784x20
        RenderText {#text} at (0,0) size 346x19
          text run at (0,0) width 346: "Using font \"MS Gothic\". expected: yen sign, actual: \x{A5}"
      RenderBlock {DIV} at (0,60) size 784x20
        RenderText {#text} at (0,0) size 361x19
          text run at (0,0) width 361: "Using font \"MS PMincho\". expected: yen sign, actual: \x{A5}"
      RenderBlock {DIV} at (0,80) size 784x20
        RenderText {#text} at (0,0) size 352x19
          text run at (0,0) width 352: "Using font \"MS Mincho\". expected: yen sign, actual: \x{A5}"
      RenderBlock {DIV} at (0,100) size 784x20
        RenderText {#text} at (0,0) size 322x19
          text run at (0,0) width 322: "Using font \"Meiryo\". expected: yen sign, actual: \x{A5}"
      RenderBlock {DIV} at (0,120) size 784x20
        RenderText {#text} at (0,0) size 391x19
          text run at (0,0) width 391: "Using font \"\x{FF2D}\x{FF33} \x{FF30}\x{30B4}\x{30B7}\x{30C3}\x{30AF}\". expected: yen sign, actual: \x{A5}"
      RenderBlock {DIV} at (0,140) size 784x20
        RenderText {#text} at (0,0) size 375x19
          text run at (0,0) width 375: "Using font \"\x{FF2D}\x{FF33} \x{30B4}\x{30B7}\x{30C3}\x{30AF}\". expected: yen sign, actual: \x{A5}"
      RenderBlock {DIV} at (0,160) size 784x20
        RenderText {#text} at (0,0) size 359x19
          text run at (0,0) width 359: "Using font \"\x{FF2D}\x{FF33} \x{FF30}\x{660E}\x{671D}\". expected: yen sign, actual: \x{A5}"
      RenderBlock {DIV} at (0,180) size 784x20
        RenderText {#text} at (0,0) size 343x19
          text run at (0,0) width 343: "Using font \"\x{FF2D}\x{FF33} \x{660E}\x{671D}\". expected: yen sign, actual: \x{A5}"
      RenderBlock {DIV} at (0,200) size 784x20
        RenderText {#text} at (0,0) size 339x19
          text run at (0,0) width 339: "Using font \"\x{30E1}\x{30A4}\x{30EA}\x{30AA}\". expected: yen sign, actual: \x{A5}"
      RenderBlock {DIV} at (0,220) size 784x20
        RenderText {#text} at (0,0) size 320x19
          text run at (0,0) width 320: "Using font \"Times\". expected: backslash, actual: \\"
      RenderBlock {DIV} at (0,240) size 784x20
        RenderText {#text} at (0,0) size 322x19
          text run at (0,0) width 322: "Using font \"foobar\". expected: backslash, actual: \\"
