layer at (0,0) size 816x600
  RenderView at (0,0) size 800x600
layer at (-16,0) size 816x600 backgroundClip at (0,0) size 816x600 clip at (0,0) size 816x600 outlineClip at (0,0) size 816x600
  RenderBlock {HTML} at (0,0) size 816x600
    RenderBody {BODY} at (8,8) size 0x584
      RenderBlock (floating) {DIV} at (8,8) size 157x366 [border: (3px solid #000000)]
        RenderText {#text} at (14,3) size 21x270
          text run at (14,3) width 270: "\x{305B}\x{3063}\x{304B}\x{304F}\x{898B}\x{3064}\x{3051}\x{305F}\x{3059}\x{3070}\x{3089}\x{3057}\x{3044}\x{8A18}\x{4E8B}"
        RenderInline {SPAN} at (0,0) size 53x342
          RenderText {#text} at (14,273) size 53x342
            text run at (14,273) width 72: "\x{304C}\x{3069}\x{3053}\x{306B}"
            text run at (46,3) width 162: "\x{3042}\x{3063}\x{305F}\x{304B}\x{5FD8}\x{308C}\x{3066}\x{3057}\x{307E}"
        RenderText {#text} at (46,165) size 21x180
          text run at (46,165) width 180: "\x{3063}\x{305F}\x{7D4C}\x{9A13}\x{306F}\x{3042}\x{308A}\x{307E}\x{3059}\x{304B}"
        RenderInline {SPAN} at (0,0) size 53x360
          RenderText {#text} at (46,345) size 53x360
            text run at (46,345) width 18: "\x{306A}"
            text run at (78,3) width 288: "\x{3089}\x{30BF}\x{30A4}\x{30C8}\x{30EB}\x{3068}\x{30A2}\x{30C9}\x{30EC}\x{30B9}\x{3060}\x{3051}\x{3067}\x{306A}\x{304F}\x{3001}"
        RenderText {#text} at (78,291) size 75x360
          text run at (78,291) width 72: "\x{8A2A}\x{554F}\x{3057}\x{305F}"
          text run at (110,3) width 360: "\x{30A6}\x{30A7}\x{30D6}\x{30DA}\x{30FC}\x{30B8}\x{306E}\x{30B3}\x{30F3}\x{30C6}\x{30F3}\x{30C4}\x{304B}\x{3089}\x{3082}\x{691C}\x{7D22}\x{3059}\x{308B}\x{3053}"
          text run at (132,3) width 126: "\x{3068}\x{304C}\x{3067}\x{304D}\x{307E}\x{3059}\x{3002}"
      RenderBlock (floating) {DIV} at (181,8) size 189x366 [border: (3px solid #000000)]
        RenderText {#text} at (22,3) size 21x54
          text run at (22,3) width 54: "\x{305B}\x{3063}\x{304B}"
        RenderInline {SPAN} at (0,0) size 21x108
          RenderText {#text} at (22,57) size 21x108
            text run at (22,57) width 108: "\x{304F}\x{898B}\x{3064}\x{3051}\x{305F}\x{3059}"
        RenderInline {SPAN} at (0,0) size 21x72
          RenderText {#text} at (22,165) size 21x72
            text run at (22,165) width 72: "\x{3070}\x{3089}\x{3057}\x{3044}"
        RenderInline {SPAN} at (0,0) size 21x72
          RenderText {#text} at (22,237) size 21x72
            text run at (22,237) width 72: "\x{8A18}\x{4E8B}\x{304C}\x{3069}"
        RenderInline {SPAN} at (0,0) size 61x342
          RenderText {#text} at (22,309) size 61x342
            text run at (22,309) width 36: "\x{3053}\x{306B}"
            text run at (62,3) width 36: "\x{3042}\x{3063}"
        RenderInline {SPAN} at (0,0) size 21x108
          RenderText {#text} at (62,39) size 21x108
            text run at (62,39) width 108: "\x{305F}\x{304B}\x{5FD8}\x{308C}\x{3066}\x{3057}"
        RenderInline {SPAN} at (0,0) size 21x90
          RenderText {#text} at (62,147) size 21x90
            text run at (62,147) width 90: "\x{307E}\x{3063}\x{305F}\x{7D4C}\x{9A13}"
        RenderInline {SPAN} at (0,0) size 21x108
          RenderText {#text} at (62,237) size 21x108
            text run at (62,237) width 108: "\x{306F}\x{3042}\x{308A}\x{307E}\x{3059}\x{304B}"
        RenderInline {SPAN} at (0,0) size 61x360
          RenderText {#text} at (62,345) size 61x360
            text run at (62,345) width 18: "\x{306A}"
            text run at (102,3) width 108: "\x{3089}\x{30BF}\x{30A4}\x{30C8}\x{30EB}\x{3068}"
        RenderInline {SPAN} at (0,0) size 21x144
          RenderText {#text} at (102,111) size 21x144
            text run at (102,111) width 144: "\x{30A2}\x{30C9}\x{30EC}\x{30B9}\x{3060}\x{3051}\x{3067}\x{306A}"
        RenderInline {SPAN} at (0,0) size 61x360
          RenderText {#text} at (102,255) size 61x360
            text run at (102,255) width 108: "\x{304F}\x{3001}\x{8A2A}\x{554F}\x{3057}\x{305F}"
            text run at (142,3) width 18: "\x{30A6}"
        RenderInline {SPAN} at (0,0) size 21x162
          RenderText {#text} at (142,21) size 21x162
            text run at (142,21) width 162: "\x{30A7}\x{30D6}\x{30DA}\x{30FC}\x{30B8}\x{306E}\x{30B3}\x{30F3}\x{30C6}"
        RenderText {#text} at (142,183) size 43x360
          text run at (142,183) width 180: "\x{30F3}\x{30C4}\x{304B}\x{3089}\x{3082}\x{691C}\x{7D22}\x{3059}\x{308B}\x{3053}"
          text run at (164,3) width 126: "\x{3068}\x{304C}\x{3067}\x{304D}\x{307E}\x{3059}\x{3002}"
      RenderBlock (floating) {DIV} at (386,8) size 188x366 [border: (3px solid #000000)]
        RenderText {#text} at (3,3) size 21x54
          text run at (3,3) width 54: "\x{305B}\x{3063}\x{304B}"
        RenderInline {SPAN} at (0,0) size 21x108
          RenderText {#text} at (3,57) size 21x108
            text run at (3,57) width 108: "\x{304F}\x{898B}\x{3064}\x{3051}\x{305F}\x{3059}"
        RenderInline {SPAN} at (0,0) size 21x72
          RenderText {#text} at (3,165) size 21x72
            text run at (3,165) width 72: "\x{3070}\x{3089}\x{3057}\x{3044}"
        RenderInline {SPAN} at (0,0) size 21x72
          RenderText {#text} at (3,237) size 21x72
            text run at (3,237) width 72: "\x{8A18}\x{4E8B}\x{304C}\x{3069}"
        RenderInline {SPAN} at (0,0) size 61x342
          RenderText {#text} at (3,309) size 61x342
            text run at (3,309) width 36: "\x{3053}\x{306B}"
            text run at (43,3) width 36: "\x{3042}\x{3063}"
        RenderInline {SPAN} at (0,0) size 21x108
          RenderText {#text} at (43,39) size 21x108
            text run at (43,39) width 108: "\x{305F}\x{304B}\x{5FD8}\x{308C}\x{3066}\x{3057}"
        RenderInline {SPAN} at (0,0) size 21x90
          RenderText {#text} at (43,147) size 21x90
            text run at (43,147) width 90: "\x{307E}\x{3063}\x{305F}\x{7D4C}\x{9A13}"
        RenderInline {SPAN} at (0,0) size 21x108
          RenderText {#text} at (43,237) size 21x108
            text run at (43,237) width 108: "\x{306F}\x{3042}\x{308A}\x{307E}\x{3059}\x{304B}"
        RenderInline {SPAN} at (0,0) size 61x360
          RenderText {#text} at (43,345) size 61x360
            text run at (43,345) width 18: "\x{306A}"
            text run at (83,3) width 108: "\x{3089}\x{30BF}\x{30A4}\x{30C8}\x{30EB}\x{3068}"
        RenderInline {SPAN} at (0,0) size 21x144
          RenderText {#text} at (83,111) size 21x144
            text run at (83,111) width 144: "\x{30A2}\x{30C9}\x{30EC}\x{30B9}\x{3060}\x{3051}\x{3067}\x{306A}"
        RenderInline {SPAN} at (0,0) size 61x360
          RenderText {#text} at (83,255) size 61x360
            text run at (83,255) width 108: "\x{304F}\x{3001}\x{8A2A}\x{554F}\x{3057}\x{305F}"
            text run at (123,3) width 18: "\x{30A6}"
        RenderInline {SPAN} at (0,0) size 21x162
          RenderText {#text} at (123,21) size 21x162
            text run at (123,21) width 162: "\x{30A7}\x{30D6}\x{30DA}\x{30FC}\x{30B8}\x{306E}\x{30B3}\x{30F3}\x{30C6}"
        RenderText {#text} at (123,183) size 61x360
          text run at (123,183) width 180: "\x{30F3}\x{30C4}\x{304B}\x{3089}\x{3082}\x{691C}\x{7D22}\x{3059}\x{308B}\x{3053}"
          text run at (163,3) width 126: "\x{3068}\x{304C}\x{3067}\x{304D}\x{307E}\x{3059}\x{3002}"
      RenderBlock (floating) {DIV} at (590,8) size 210x366 [border: (3px solid #000000)]
        RenderText {#text} at (22,3) size 21x270
          text run at (22,3) width 270: "\x{305B}\x{3063}\x{304B}\x{304F}\x{898B}\x{3064}\x{3051}\x{305F}\x{3059}\x{3070}\x{3089}\x{3057}\x{3044}\x{8A18}\x{4E8B}"
        RenderInline {SPAN} at (0,0) size 61x342
          RenderText {#text} at (22,273) size 61x342
            text run at (22,273) width 72: "\x{304C}\x{3069}\x{3053}\x{306B}"
            text run at (62,3) width 162: "\x{3042}\x{3063}\x{305F}\x{304B}\x{5FD8}\x{308C}\x{3066}\x{3057}\x{307E}"
        RenderText {#text} at (62,165) size 21x180
          text run at (62,165) width 180: "\x{3063}\x{305F}\x{7D4C}\x{9A13}\x{306F}\x{3042}\x{308A}\x{307E}\x{3059}\x{304B}"
        RenderInline {SPAN} at (0,0) size 61x360
          RenderText {#text} at (62,345) size 61x360
            text run at (62,345) width 18: "\x{306A}"
            text run at (102,3) width 288: "\x{3089}\x{30BF}\x{30A4}\x{30C8}\x{30EB}\x{3068}\x{30A2}\x{30C9}\x{30EC}\x{30B9}\x{3060}\x{3051}\x{3067}\x{306A}\x{304F}\x{3001}"
        RenderText {#text} at (102,291) size 97x360
          text run at (102,291) width 72: "\x{8A2A}\x{554F}\x{3057}\x{305F}"
          text run at (142,3) width 360: "\x{30A6}\x{30A7}\x{30D6}\x{30DA}\x{30FC}\x{30B8}\x{306E}\x{30B3}\x{30F3}\x{30C6}\x{30F3}\x{30C4}\x{304B}\x{3089}\x{3082}\x{691C}\x{7D22}\x{3059}\x{308B}\x{3053}"
          text run at (178,3) width 126: "\x{3068}\x{304C}\x{3067}\x{304D}\x{307E}\x{3059}\x{3002}"
