layer at (0,0) size 800x790
  RenderView at (0,0) size 800x600
layer at (0,0) size 800x790
  RenderBlock {HTML} at (0,0) size 800x790
    RenderBody {BODY} at (8,8) size 784x774
      RenderBlock {DIV} at (0,0) size 130x387
        RenderBlock {DIV} at (0,0) size 130x86
          RenderText {#text} at (0,1) size 124x84
            text run at (0,1) width 124: "through" + hyphen string "-"
            text run at (0,44) width 47: "out"
        RenderBlock {DIV} at (0,86) size 130x86
          RenderText {#text} at (0,1) size 124x84
            text run at (0,1) width 124: "through" + hyphen string "-"
            text run at (0,44) width 47: "out"
        RenderBlock {DIV} at (0,172) size 130x86
          RenderText {#text} at (0,1) size 124x84
            text run at (0,1) width 124: "through" + hyphen string "-"
            text run at (0,44) width 47: "out"
        RenderBlock {DIV} at (0,258) size 130x86
          RenderText {#text} at (0,1) size 124x84
            text run at (0,1) width 124: "through" + hyphen string "-"
            text run at (0,44) width 47: "out"
        RenderBlock {DIV} at (0,344) size 130x43
          RenderText {#text} at (0,1) size 158x41
            text run at (0,1) width 158: "throughout"
      RenderBlock {DIV} at (0,387) size 135x387
        RenderBlock {DIV} at (0,0) size 135x86
          RenderText {#text} at (0,1) size 112x84
            text run at (0,1) width 56: "rec" + hyphen string "-"
            text run at (0,44) width 112: "iprocity"
        RenderBlock {DIV} at (0,86) size 135x86
          RenderText {#text} at (0,1) size 112x84
            text run at (0,1) width 56: "rec" + hyphen string "-"
            text run at (0,44) width 112: "iprocity"
        RenderBlock {DIV} at (0,172) size 135x86
          RenderText {#text} at (0,1) size 112x84
            text run at (0,1) width 56: "rec" + hyphen string "-"
            text run at (0,44) width 112: "iprocity"
        RenderBlock {DIV} at (0,258) size 135x86
          RenderText {#text} at (0,1) size 128x84
            text run at (0,1) width 40: "re" + hyphen string "-"
            text run at (0,44) width 128: "ciprocity"
        RenderBlock {DIV} at (0,344) size 135x43
          RenderText {#text} at (0,1) size 156x41
            text run at (0,1) width 156: "reciprocity"
