layer at (0,0) size 800x600
  RenderView at (0,0) size 800x600
layer at (0,0) size 800x600
  RenderBlock {HTML} at (0,0) size 800x600
    RenderBody {BODY} at (8,8) size 784x584
      RenderBlock {P} at (0,0) size 784x20
        RenderText {#text} at (0,0) size 653x19
          text run at (0,0) width 653: "The black text should be identical to, and overlap, the red text, so there should be no red pixels below."
      RenderBlock {DIV} at (0,36) size 784x146
        RenderBlock {DIV} at (0,0) size 784x145 [color=#FF0000]
          RenderText {#text} at (0,0) size 255x145
            text run at (0,0) width 255: "v a\x{300} e"
        RenderBlock {DIV} at (0,1) size 784x145
          RenderText {#text} at (0,0) size 255x145
            text run at (0,0) width 255: "v \x{E0} e"
      RenderBlock {DIV} at (0,182) size 784x146
        RenderBlock {DIV} at (0,0) size 784x145 [color=#FF0000]
          RenderText {#text} at (0,0) size 285x145
            text run at (0,0) width 285: "v a\x{300} e"
        RenderBlock {DIV} at (0,1) size 784x145
          RenderText {#text} at (0,0) size 285x145
            text run at (0,0) width 285: "v \x{E0} e"
