layer at (0,0) size 800x600
  RenderView at (0,0) size 800x600
layer at (0,0) size 800x600
  RenderBlock {HTML} at (0,0) size 800x600
    RenderBody {BODY} at (8,8) size 784x584
      RenderBlock {DIV} at (0,0) size 784x300 [color=#00000080]
        RenderBlock {DIV} at (0,0) size 784x60
          RenderText {#text} at (0,0) size 300x60
            text run at (0,0) width 300: "Text shadow"
        RenderBlock {DIV} at (0,60) size 784x60
          RenderText {#text} at (0,0) size 300x60
            text run at (0,0) width 300: "Text shadow"
        RenderBlock {DIV} at (0,120) size 784x60
          RenderText {#text} at (0,0) size 300x60
            text run at (0,0) width 300: "Text shadow"
        RenderBlock {DIV} at (0,180) size 784x60
          RenderText {#text} at (0,0) size 300x60
            text run at (0,0) width 300: "Text shadow"
        RenderBlock {DIV} at (0,240) size 784x60
          RenderText {#text} at (0,0) size 300x60
            text run at (0,0) width 300: "Text shadow"
