layer at (0,0) size 800x600
  RenderView at (0,0) size 800x600
layer at (0,0) size 800x600
  RenderBlock {HTML} at (0,0) size 800x600
    RenderBody {BODY} at (8,8) size 784x567
      RenderBlock {P} at (0,0) size 784x20
        RenderText {#text} at (0,0) size 363x19
          text run at (0,0) width 363: "Test passes if there are two green rectangles on the page."
      RenderBlock {DIV} at (25,45) size 734x36 [color=#008000]
        RenderText {#text} at (0,1) size 118x34
          text run at (0,1) width 118: "FillerText"
