layer at (0,0) size 800x600
  RenderView at (0,0) size 800x600
layer at (0,0) size 800x309
  RenderBlock {HTML} at (0,0) size 800x309
    RenderBody {BODY} at (8,16) size 784x268
      RenderBlock {P} at (0,0) size 784x18
        RenderText {#text} at (0,0) size 474x18
          text run at (0,0) width 474: "There should be a green box attached to the right side of each orange box."
      RenderBlock {DIV} at (25,43) size 734x100
        RenderBlock {DIV} at (0,0) size 100x100 [bgcolor=#FFA500]
      RenderBlock {DIV} at (25,168) size 734x100
        RenderBlock {DIV} at (0,0) size 100x100 [bgcolor=#FFA500]
layer at (0,0) size 800x600
  RenderBlock (positioned) at (0,0) size 800x600
layer at (350,250) size 100x100
  RenderBlock (positioned) {DIV} at (350,250) size 100x100 [bgcolor=#00FF00]
layer at (0,0) size 800x600
  RenderBlock (positioned) at (0,0) size 800x600
layer at (350,250) size 100x100
  RenderBlock (positioned) {DIV} at (350,250) size 100x100 [bgcolor=#00FF00]
