layer at (0,0) size 800x600
  RenderView at (0,0) size 800x600
layer at (0,0) size 800x8
  RenderBlock {HTML} at (0,0) size 800x8
    RenderBody {BODY} at (8,8) size 784x0
layer at (100,200) size 100x18
  RenderButton {BUTTON} at (100,200) size 100x18 [color=#000000D8] [bgcolor=#C0C0C0] [border: none (2px outset #C0C0C0) none (2px outset #C0C0C0)]
    RenderBlock (anonymous) at (8,2) size 84x13
      RenderText {#text} at (11,0) size 62x13
        text run at (11,0) width 62: "Show menu"
layer at (0,0) size 800x600
  RenderBlock (positioned) at (0,0) size 800x600
layer at (0,0) size 150x60
  RenderBlock (positioned) {DIV} at (0,0) size 150x60 [bgcolor=#FFFFFF]
    RenderBlock {DIV} at (0,0) size 150x20
      RenderText {#text} at (0,1) size 25x18
        text run at (0,1) width 25: "Foo"
    RenderBlock (anonymous) at (0,20) size 150x20
      RenderButton {BUTTON} at (0,2) size 150x18 [color=#000000D8] [bgcolor=#C0C0C0] [border: none (2px outset #C0C0C0) none (2px outset #C0C0C0)]
        RenderBlock (anonymous) at (8,2) size 134x13
          RenderText {#text} at (17,0) size 100x13
            text run at (17,0) width 100: "Show nested menu"
      RenderText {#text} at (0,0) size 0x0
    RenderBlock {DIV} at (0,40) size 150x20
      RenderText {#text} at (0,1) size 24x18
        text run at (0,1) width 24: "Bar"
layer at (0,0) size 800x600
  RenderBlock (positioned) at (0,0) size 800x600
layer at (0,0) size 25x18
  RenderBlock (positioned) {DIV} at (0,0) size 25x18 [bgcolor=#FFFFFF]
    RenderText {#text} at (0,0) size 25x18
      text run at (0,0) width 25: "Baz"
