layer at (0,0) size 844x600
  RenderView at (0,0) size 800x600
layer at (0,0) size 800x500
  RenderBlock {HTML} at (0,0) size 800x500
    RenderBody {BODY} at (8,17) size 784x466
layer at (8,18) size 836x465
  RenderBlock {DIV} at (0,0) size 836x465 [border: (5.50px solid #800000)]
    RenderBlock {H2} at (5,27) size 826x33 [bgcolor=#EEEEEE]
      RenderText {#text} at (0,1) size 732x30
        text run at (0,1) width 732: "This is a spanning element at the beginning of the columns block."
    RenderMultiColumnSet at (5,81) size 826x379
layer at (14,23) size 403x735 backgroundClip at (0,0) size 844x600 clip at (0,0) size 844x600
  RenderMultiColumnFlowThread at (5,5) size 405x736
    RenderMultiColumnSpannerPlaceholder at (0,0) size 0x0
    RenderBlock (anonymous) at (0,0) size 404x735
      RenderText {#text} at (0,0) size 403x734
        text run at (0,0) width 401: "Lorem ipsum dolor sit amet, consectetuer adipiscing elit."
        text run at (0,21) width 398: "Nulla varius enim ac mi. Curabitur sollicitudin felis quis"
        text run at (0,42) width 365: "lectus. Quisque adipiscing rhoncus sem. Proin nulla"
        text run at (0,63) width 403: "purus, vulputate vel, varius ut, euismod et, nisi. Sed vitae"
        text run at (0,84) width 390: "felis vel orci sagittis aliquam. Cras convallis adipiscing"
        text run at (0,105) width 382: "sem. Nam nonummy enim. Nullam bibendum lobortis"
        text run at (0,126) width 386: "neque. Vestibulum velit orci, tempus euismod, pretium"
        text run at (0,147) width 388: "quis, interdum vitae, nulla. Phasellus eget ante et tortor"
        text run at (0,168) width 386: "condimentum vestibulum. Suspendisse hendrerit quam"
        text run at (0,189) width 366: "nec felis. Sed varius turpis vitae pede. Lorem ipsum"
        text run at (0,210) width 306: "dolor sit amet, consectetuer adipiscing elit. "
        text run at (305,210) width 96: "Lorem ipsum"
        text run at (0,231) width 393: "dolor sit amet, consectetuer adipiscing elit. Nulla varius"
        text run at (0,252) width 357: "enim ac mi. Curabitur sollicitudin felis quis lectus."
        text run at (0,273) width 363: "Quisque adipiscing rhoncus sem. Proin nulla purus,"
        text run at (0,294) width 390: "vulputate vel, varius ut, euismod et, nisi. Sed vitae felis"
        text run at (0,315) width 392: "vel orci sagittis aliquam. Cras convallis adipiscing sem."
        text run at (0,336) width 395: "Nam nonummy enim. Nullam bibendum lobortis neque."
        text run at (0,357) width 373: "Vestibulum velit orci, tempus euismod, pretium quis,"
        text run at (0,378) width 350: "interdum vitae, nulla. Phasellus eget ante et tortor"
        text run at (0,399) width 386: "condimentum vestibulum. Suspendisse hendrerit quam"
        text run at (0,420) width 366: "nec felis. Sed varius turpis vitae pede. Lorem ipsum"
        text run at (0,441) width 306: "dolor sit amet, consectetuer adipiscing elit. "
        text run at (305,441) width 96: "Lorem ipsum"
        text run at (0,462) width 393: "dolor sit amet, consectetuer adipiscing elit. Nulla varius"
        text run at (0,483) width 357: "enim ac mi. Curabitur sollicitudin felis quis lectus."
        text run at (0,504) width 363: "Quisque adipiscing rhoncus sem. Proin nulla purus,"
        text run at (0,525) width 390: "vulputate vel, varius ut, euismod et, nisi. Sed vitae felis"
        text run at (0,546) width 392: "vel orci sagittis aliquam. Cras convallis adipiscing sem."
        text run at (0,567) width 395: "Nam nonummy enim. Nullam bibendum lobortis neque."
        text run at (0,588) width 373: "Vestibulum velit orci, tempus euismod, pretium quis,"
        text run at (0,609) width 350: "interdum vitae, nulla. Phasellus eget ante et tortor"
        text run at (0,630) width 386: "condimentum vestibulum. Suspendisse hendrerit quam"
        text run at (0,651) width 366: "nec felis. Sed varius turpis vitae pede. Lorem ipsum"
        text run at (0,672) width 306: "dolor sit amet, consectetuer adipiscing elit. "
        text run at (305,672) width 96: "Lorem ipsum"
        text run at (0,693) width 393: "dolor sit amet, consectetuer adipiscing elit. Nulla varius"
        text run at (0,714) width 83: "enim ac mi."
