layer at (0,0) size 800x600
  RenderView at (0,0) size 800x600
layer at (0,0) size 800x600
  RenderBlock {HTML} at (0,0) size 800x600
    RenderBody {BODY} at (8,16) size 784x568
layer at (8,16) size 784x220
  RenderBlock {DIV} at (0,0) size 784x220 [border: (5px solid #800000)]
    RenderMultiColumnSet at (5,5) size 774x20
    RenderBlock {H2} at (5,44) size 774x31 [bgcolor=#EEEEEE]
      RenderText {#text} at (0,1) size 57x28
        text run at (0,1) width 57: "PASS"
    RenderMultiColumnSet at (5,94) size 774x121
layer at (13,21) size 379x260
  RenderMultiColumnFlowThread at (5,5) size 379x260
    RenderBlock (anonymous) at (0,0) size 379x20
      RenderInline {LABEL} at (0,0) size 105x19
        RenderText {#text} at (0,0) size 105x19
          text run at (0,0) width 105: "Some inline text"
    RenderBlock (anonymous) at (0,20) size 379x240
      RenderBlock {SUMMARY} at (0,0) size 379x240
        RenderBlock (anonymous) at (0,0) size 379x20
          RenderText {#text} at (0,0) size 104x19
            text run at (0,0) width 104: "Some block text"
        RenderMultiColumnSpannerPlaceholder at (0,20) size 0x0
        RenderBlock (anonymous) at (0,20) size 379x220
          RenderText {#text} at (0,0) size 378x219
            text run at (0,0) width 364: "Lorem ipsum dolor sit amet, consectetuer adipiscing elit."
            text run at (0,20) width 362: "Nulla varius enim ac mi. Curabitur sollicitudin felis quis"
            text run at (0,40) width 376: "lectus. Quisque adipiscing rhoncus sem. Proin nulla purus,"
            text run at (0,60) width 378: "vulputate vel, varius ut, euismod et, nisi. Sed vitae felis vel"
            text run at (0,80) width 368: "orci sagittis aliquam. Cras convallis adipiscing sem. Nam"
            text run at (0,100) width 324: "nonummy enim. Nullam bibendum lobortis neque."
            text run at (0,120) width 340: "Vestibulum velit orci, tempus euismod, pretium quis,"
            text run at (0,140) width 318: "interdum vitae, nulla. Phasellus eget ante et tortor"
            text run at (0,160) width 377: "condimentum vestibulum. Suspendisse hendrerit quam nec"
            text run at (0,180) width 364: "felis. Sed varius turpis vitae pede. Lorem ipsum dolor sit"
            text run at (0,200) width 218: "amet, consectetuer adipiscing elit."
    RenderBlock (anonymous) at (0,260) size 379x0
      RenderInline {LABEL} at (0,0) size 0x0
