layer at (0,0) size 800x3727
  RenderView at (0,0) size 800x600
layer at (0,0) size 800x3727
  RenderBlock {HTML} at (0,0) size 800x3727
    RenderBody {BODY} at (8,16) size 784x3695
layer at (8,16) size 760x440
  RenderBlock {DIV} at (0,0) size 760x440 [border: (5px solid #800000)]
    RenderBlock {H2} at (5,24) size 750x31 [bgcolor=#EEEEEE]
      RenderText {#text} at (0,1) size 666x28
        text run at (0,1) width 666: "This is a spanning element at the beginning of the columns block."
    RenderMultiColumnSet at (5,74) size 750x361
layer at (13,21) size 367x700
  RenderMultiColumnFlowThread at (5,5) size 367x700
    RenderMultiColumnSpannerPlaceholder at (0,0) size 0x0
    RenderBlock (anonymous) at (0,0) size 367x700
      RenderText {#text} at (0,0) size 367x699
        text run at (0,0) width 364: "Lorem ipsum dolor sit amet, consectetuer adipiscing elit."
        text run at (0,20) width 362: "Nulla varius enim ac mi. Curabitur sollicitudin felis quis"
        text run at (0,40) width 332: "lectus. Quisque adipiscing rhoncus sem. Proin nulla"
        text run at (0,60) width 367: "purus, vulputate vel, varius ut, euismod et, nisi. Sed vitae"
        text run at (0,80) width 354: "felis vel orci sagittis aliquam. Cras convallis adipiscing"
        text run at (0,100) width 347: "sem. Nam nonummy enim. Nullam bibendum lobortis"
        text run at (0,120) width 351: "neque. Vestibulum velit orci, tempus euismod, pretium"
        text run at (0,140) width 353: "quis, interdum vitae, nulla. Phasellus eget ante et tortor"
        text run at (0,160) width 351: "condimentum vestibulum. Suspendisse hendrerit quam"
        text run at (0,180) width 333: "nec felis. Sed varius turpis vitae pede. Lorem ipsum"
        text run at (0,200) width 279: "dolor sit amet, consectetuer adipiscing elit. "
        text run at (278,200) width 86: "Lorem ipsum"
        text run at (0,220) width 357: "dolor sit amet, consectetuer adipiscing elit. Nulla varius"
        text run at (0,240) width 324: "enim ac mi. Curabitur sollicitudin felis quis lectus."
        text run at (0,260) width 330: "Quisque adipiscing rhoncus sem. Proin nulla purus,"
        text run at (0,280) width 355: "vulputate vel, varius ut, euismod et, nisi. Sed vitae felis"
        text run at (0,300) width 356: "vel orci sagittis aliquam. Cras convallis adipiscing sem."
        text run at (0,320) width 360: "Nam nonummy enim. Nullam bibendum lobortis neque."
        text run at (0,340) width 340: "Vestibulum velit orci, tempus euismod, pretium quis,"
        text run at (0,360) width 318: "interdum vitae, nulla. Phasellus eget ante et tortor"
        text run at (0,380) width 351: "condimentum vestibulum. Suspendisse hendrerit quam"
        text run at (0,400) width 333: "nec felis. Sed varius turpis vitae pede. Lorem ipsum"
        text run at (0,420) width 279: "dolor sit amet, consectetuer adipiscing elit. "
        text run at (278,420) width 86: "Lorem ipsum"
        text run at (0,440) width 357: "dolor sit amet, consectetuer adipiscing elit. Nulla varius"
        text run at (0,460) width 324: "enim ac mi. Curabitur sollicitudin felis quis lectus."
        text run at (0,480) width 330: "Quisque adipiscing rhoncus sem. Proin nulla purus,"
        text run at (0,500) width 355: "vulputate vel, varius ut, euismod et, nisi. Sed vitae felis"
        text run at (0,520) width 356: "vel orci sagittis aliquam. Cras convallis adipiscing sem."
        text run at (0,540) width 360: "Nam nonummy enim. Nullam bibendum lobortis neque."
        text run at (0,560) width 340: "Vestibulum velit orci, tempus euismod, pretium quis,"
        text run at (0,580) width 318: "interdum vitae, nulla. Phasellus eget ante et tortor"
        text run at (0,600) width 351: "condimentum vestibulum. Suspendisse hendrerit quam"
        text run at (0,620) width 333: "nec felis. Sed varius turpis vitae pede. Lorem ipsum"
        text run at (0,640) width 279: "dolor sit amet, consectetuer adipiscing elit. "
        text run at (278,640) width 86: "Lorem ipsum"
        text run at (0,660) width 357: "dolor sit amet, consectetuer adipiscing elit. Nulla varius"
        text run at (0,680) width 76: "enim ac mi."
layer at (8,472) size 760x440
  RenderBlock {DIV} at (0,455) size 760x441 [border: (5px solid #800000)]
    RenderMultiColumnSet at (5,5) size 750x360
    RenderBlock {H2} at (5,384) size 750x31 [bgcolor=#EEEEEE]
      RenderText {#text} at (0,1) size 602x28
        text run at (0,1) width 602: "This is a spanning element at the end of the columns block."
    RenderMultiColumnSet at (5,434) size 750x0
layer at (13,477) size 367x700
  RenderMultiColumnFlowThread at (5,5) size 367x700
    RenderBlock (anonymous) at (0,0) size 367x700
      RenderText {#text} at (0,0) size 367x699
        text run at (0,0) width 364: "Lorem ipsum dolor sit amet, consectetuer adipiscing elit."
        text run at (0,20) width 362: "Nulla varius enim ac mi. Curabitur sollicitudin felis quis"
        text run at (0,40) width 332: "lectus. Quisque adipiscing rhoncus sem. Proin nulla"
        text run at (0,60) width 367: "purus, vulputate vel, varius ut, euismod et, nisi. Sed vitae"
        text run at (0,80) width 354: "felis vel orci sagittis aliquam. Cras convallis adipiscing"
        text run at (0,100) width 347: "sem. Nam nonummy enim. Nullam bibendum lobortis"
        text run at (0,120) width 351: "neque. Vestibulum velit orci, tempus euismod, pretium"
        text run at (0,140) width 353: "quis, interdum vitae, nulla. Phasellus eget ante et tortor"
        text run at (0,160) width 351: "condimentum vestibulum. Suspendisse hendrerit quam"
        text run at (0,180) width 333: "nec felis. Sed varius turpis vitae pede. Lorem ipsum"
        text run at (0,200) width 279: "dolor sit amet, consectetuer adipiscing elit. "
        text run at (278,200) width 86: "Lorem ipsum"
        text run at (0,220) width 357: "dolor sit amet, consectetuer adipiscing elit. Nulla varius"
        text run at (0,240) width 324: "enim ac mi. Curabitur sollicitudin felis quis lectus."
        text run at (0,260) width 330: "Quisque adipiscing rhoncus sem. Proin nulla purus,"
        text run at (0,280) width 355: "vulputate vel, varius ut, euismod et, nisi. Sed vitae felis"
        text run at (0,300) width 356: "vel orci sagittis aliquam. Cras convallis adipiscing sem."
        text run at (0,320) width 360: "Nam nonummy enim. Nullam bibendum lobortis neque."
        text run at (0,340) width 340: "Vestibulum velit orci, tempus euismod, pretium quis,"
        text run at (0,360) width 318: "interdum vitae, nulla. Phasellus eget ante et tortor"
        text run at (0,380) width 351: "condimentum vestibulum. Suspendisse hendrerit quam"
        text run at (0,400) width 333: "nec felis. Sed varius turpis vitae pede. Lorem ipsum"
        text run at (0,420) width 279: "dolor sit amet, consectetuer adipiscing elit. "
        text run at (278,420) width 86: "Lorem ipsum"
        text run at (0,440) width 357: "dolor sit amet, consectetuer adipiscing elit. Nulla varius"
        text run at (0,460) width 324: "enim ac mi. Curabitur sollicitudin felis quis lectus."
        text run at (0,480) width 330: "Quisque adipiscing rhoncus sem. Proin nulla purus,"
        text run at (0,500) width 355: "vulputate vel, varius ut, euismod et, nisi. Sed vitae felis"
        text run at (0,520) width 356: "vel orci sagittis aliquam. Cras convallis adipiscing sem."
        text run at (0,540) width 360: "Nam nonummy enim. Nullam bibendum lobortis neque."
        text run at (0,560) width 340: "Vestibulum velit orci, tempus euismod, pretium quis,"
        text run at (0,580) width 318: "interdum vitae, nulla. Phasellus eget ante et tortor"
        text run at (0,600) width 351: "condimentum vestibulum. Suspendisse hendrerit quam"
        text run at (0,620) width 333: "nec felis. Sed varius turpis vitae pede. Lorem ipsum"
        text run at (0,640) width 279: "dolor sit amet, consectetuer adipiscing elit. "
        text run at (278,640) width 86: "Lorem ipsum"
        text run at (0,660) width 357: "dolor sit amet, consectetuer adipiscing elit. Nulla varius"
        text run at (0,680) width 76: "enim ac mi."
    RenderMultiColumnSpannerPlaceholder at (0,700) size 0x0
layer at (8,928) size 760x439
  RenderBlock {DIV} at (0,911) size 760x441 [border: (5px solid #800000)]
    RenderMultiColumnSet at (5,5) size 750x140
    RenderBlock {H2} at (5,164) size 750x31 [bgcolor=#EEEEEE]
      RenderText {#text} at (0,1) size 635x28
        text run at (0,1) width 635: "This is a spanning element in the middle of the columns block."
    RenderMultiColumnSet at (5,214) size 750x221
layer at (13,933) size 367x700
  RenderMultiColumnFlowThread at (5,5) size 367x700
    RenderBlock (anonymous) at (0,0) size 367x260
      RenderText {#text} at (0,0) size 367x259
        text run at (0,0) width 364: "Lorem ipsum dolor sit amet, consectetuer adipiscing elit."
        text run at (0,20) width 362: "Nulla varius enim ac mi. Curabitur sollicitudin felis quis"
        text run at (0,40) width 332: "lectus. Quisque adipiscing rhoncus sem. Proin nulla"
        text run at (0,60) width 367: "purus, vulputate vel, varius ut, euismod et, nisi. Sed vitae"
        text run at (0,80) width 354: "felis vel orci sagittis aliquam. Cras convallis adipiscing"
        text run at (0,100) width 347: "sem. Nam nonummy enim. Nullam bibendum lobortis"
        text run at (0,120) width 351: "neque. Vestibulum velit orci, tempus euismod, pretium"
        text run at (0,140) width 353: "quis, interdum vitae, nulla. Phasellus eget ante et tortor"
        text run at (0,160) width 351: "condimentum vestibulum. Suspendisse hendrerit quam"
        text run at (0,180) width 333: "nec felis. Sed varius turpis vitae pede. Lorem ipsum"
        text run at (0,200) width 279: "dolor sit amet, consectetuer adipiscing elit. "
        text run at (278,200) width 86: "Lorem ipsum"
        text run at (0,220) width 357: "dolor sit amet, consectetuer adipiscing elit. Nulla varius"
        text run at (0,240) width 76: "enim ac mi."
    RenderMultiColumnSpannerPlaceholder at (0,260) size 0x0
    RenderBlock (anonymous) at (0,260) size 367x440
      RenderText {#text} at (0,0) size 367x439
        text run at (0,0) width 364: "Lorem ipsum dolor sit amet, consectetuer adipiscing elit."
        text run at (0,20) width 362: "Nulla varius enim ac mi. Curabitur sollicitudin felis quis"
        text run at (0,40) width 332: "lectus. Quisque adipiscing rhoncus sem. Proin nulla"
        text run at (0,60) width 367: "purus, vulputate vel, varius ut, euismod et, nisi. Sed vitae"
        text run at (0,80) width 354: "felis vel orci sagittis aliquam. Cras convallis adipiscing"
        text run at (0,100) width 347: "sem. Nam nonummy enim. Nullam bibendum lobortis"
        text run at (0,120) width 351: "neque. Vestibulum velit orci, tempus euismod, pretium"
        text run at (0,140) width 353: "quis, interdum vitae, nulla. Phasellus eget ante et tortor"
        text run at (0,160) width 351: "condimentum vestibulum. Suspendisse hendrerit quam"
        text run at (0,180) width 333: "nec felis. Sed varius turpis vitae pede. Lorem ipsum"
        text run at (0,200) width 279: "dolor sit amet, consectetuer adipiscing elit. "
        text run at (278,200) width 86: "Lorem ipsum"
        text run at (0,220) width 357: "dolor sit amet, consectetuer adipiscing elit. Nulla varius"
        text run at (0,240) width 324: "enim ac mi. Curabitur sollicitudin felis quis lectus."
        text run at (0,260) width 330: "Quisque adipiscing rhoncus sem. Proin nulla purus,"
        text run at (0,280) width 355: "vulputate vel, varius ut, euismod et, nisi. Sed vitae felis"
        text run at (0,300) width 356: "vel orci sagittis aliquam. Cras convallis adipiscing sem."
        text run at (0,320) width 360: "Nam nonummy enim. Nullam bibendum lobortis neque."
        text run at (0,340) width 340: "Vestibulum velit orci, tempus euismod, pretium quis,"
        text run at (0,360) width 318: "interdum vitae, nulla. Phasellus eget ante et tortor"
        text run at (0,380) width 351: "condimentum vestibulum. Suspendisse hendrerit quam"
        text run at (0,400) width 333: "nec felis. Sed varius turpis vitae pede. Lorem ipsum"
        text run at (0,420) width 275: "dolor sit amet, consectetuer adipiscing elit."
layer at (8,1383) size 760x400
  RenderBlock {DIV} at (0,1367) size 760x401 [border: (5px solid #800000)]
    RenderMultiColumnSet at (5,5) size 750x390
layer at (13,1388) size 367x770
  RenderMultiColumnFlowThread at (5,5) size 367x770
    RenderText {#text} at (0,0) size 367x267
      text run at (0,0) width 364: "Lorem ipsum dolor sit amet, consectetuer adipiscing elit."
      text run at (0,20) width 362: "Nulla varius enim ac mi. Curabitur sollicitudin felis quis"
      text run at (0,40) width 332: "lectus. Quisque adipiscing rhoncus sem. Proin nulla"
      text run at (0,60) width 367: "purus, vulputate vel, varius ut, euismod et, nisi. Sed vitae"
      text run at (0,80) width 354: "felis vel orci sagittis aliquam. Cras convallis adipiscing"
      text run at (0,100) width 347: "sem. Nam nonummy enim. Nullam bibendum lobortis"
      text run at (0,120) width 351: "neque. Vestibulum velit orci, tempus euismod, pretium"
      text run at (0,140) width 353: "quis, interdum vitae, nulla. Phasellus eget ante et tortor"
      text run at (0,160) width 351: "condimentum vestibulum. Suspendisse hendrerit quam"
      text run at (0,180) width 333: "nec felis. Sed varius turpis vitae pede. Lorem ipsum"
      text run at (0,200) width 279: "dolor sit amet, consectetuer adipiscing elit. "
      text run at (278,200) width 86: "Lorem ipsum"
      text run at (0,220) width 357: "dolor sit amet, consectetuer adipiscing elit. Nulla varius"
      text run at (0,248) width 80: "enim ac mi. "
    RenderInline {H2} at (0,0) size 358x88 [bgcolor=#EEEEEE]
      RenderText {#text} at (79,241) size 358x88
        text run at (79,241) width 271: "This is a spanning element"
        text run at (0,271) width 358: "with an original display of inline in"
        text run at (0,301) width 333: "the middle of the columns block."
    RenderText {#text} at (0,330) size 367x439
      text run at (0,330) width 364: "Lorem ipsum dolor sit amet, consectetuer adipiscing elit."
      text run at (0,350) width 362: "Nulla varius enim ac mi. Curabitur sollicitudin felis quis"
      text run at (0,370) width 332: "lectus. Quisque adipiscing rhoncus sem. Proin nulla"
      text run at (0,390) width 367: "purus, vulputate vel, varius ut, euismod et, nisi. Sed vitae"
      text run at (0,410) width 354: "felis vel orci sagittis aliquam. Cras convallis adipiscing"
      text run at (0,430) width 347: "sem. Nam nonummy enim. Nullam bibendum lobortis"
      text run at (0,450) width 351: "neque. Vestibulum velit orci, tempus euismod, pretium"
      text run at (0,470) width 353: "quis, interdum vitae, nulla. Phasellus eget ante et tortor"
      text run at (0,490) width 351: "condimentum vestibulum. Suspendisse hendrerit quam"
      text run at (0,510) width 333: "nec felis. Sed varius turpis vitae pede. Lorem ipsum"
      text run at (0,530) width 279: "dolor sit amet, consectetuer adipiscing elit. "
      text run at (278,530) width 86: "Lorem ipsum"
      text run at (0,550) width 357: "dolor sit amet, consectetuer adipiscing elit. Nulla varius"
      text run at (0,570) width 324: "enim ac mi. Curabitur sollicitudin felis quis lectus."
      text run at (0,590) width 330: "Quisque adipiscing rhoncus sem. Proin nulla purus,"
      text run at (0,610) width 355: "vulputate vel, varius ut, euismod et, nisi. Sed vitae felis"
      text run at (0,630) width 356: "vel orci sagittis aliquam. Cras convallis adipiscing sem."
      text run at (0,650) width 360: "Nam nonummy enim. Nullam bibendum lobortis neque."
      text run at (0,670) width 340: "Vestibulum velit orci, tempus euismod, pretium quis,"
      text run at (0,690) width 318: "interdum vitae, nulla. Phasellus eget ante et tortor"
      text run at (0,710) width 351: "condimentum vestibulum. Suspendisse hendrerit quam"
      text run at (0,730) width 333: "nec felis. Sed varius turpis vitae pede. Lorem ipsum"
      text run at (0,750) width 275: "dolor sit amet, consectetuer adipiscing elit."
layer at (8,1799) size 760x420
  RenderBlock {DIV} at (0,1783) size 760x421 [border: (5px solid #800000)]
    RenderMultiColumnSet at (5,5) size 750x410
layer at (13,1804) size 367x810
  RenderMultiColumnFlowThread at (5,5) size 367x810
    RenderText {#text} at (0,0) size 367x259
      text run at (0,0) width 364: "Lorem ipsum dolor sit amet, consectetuer adipiscing elit."
      text run at (0,20) width 362: "Nulla varius enim ac mi. Curabitur sollicitudin felis quis"
      text run at (0,40) width 332: "lectus. Quisque adipiscing rhoncus sem. Proin nulla"
      text run at (0,60) width 367: "purus, vulputate vel, varius ut, euismod et, nisi. Sed vitae"
      text run at (0,80) width 354: "felis vel orci sagittis aliquam. Cras convallis adipiscing"
      text run at (0,100) width 347: "sem. Nam nonummy enim. Nullam bibendum lobortis"
      text run at (0,120) width 351: "neque. Vestibulum velit orci, tempus euismod, pretium"
      text run at (0,140) width 353: "quis, interdum vitae, nulla. Phasellus eget ante et tortor"
      text run at (0,160) width 351: "condimentum vestibulum. Suspendisse hendrerit quam"
      text run at (0,180) width 333: "nec felis. Sed varius turpis vitae pede. Lorem ipsum"
      text run at (0,200) width 279: "dolor sit amet, consectetuer adipiscing elit. "
      text run at (278,200) width 86: "Lorem ipsum"
      text run at (0,220) width 357: "dolor sit amet, consectetuer adipiscing elit. Nulla varius"
      text run at (0,240) width 80: "enim ac mi. "
    RenderBlock (floating) {H2} at (0,279) size 367x91 [bgcolor=#EEEEEE]
      RenderText {#text} at (0,1) size 340x88
        text run at (0,1) width 323: "This element specifies a column"
        text run at (0,31) width 340: "span, but it is also floating, so the"
        text run at (0,61) width 327: "column-span should be ignored."
    RenderText {#text} at (79,240) size 367x569
      text run at (79,240) width 266: "Lorem ipsum dolor sit amet, consectetuer"
      text run at (0,389) width 322: "adipiscing elit. Nulla varius enim ac mi. Curabitur"
      text run at (0,409) width 362: "sollicitudin felis quis lectus. Quisque adipiscing rhoncus"
      text run at (0,429) width 361: "sem. Proin nulla purus, vulputate vel, varius ut, euismod"
      text run at (0,449) width 336: "et, nisi. Sed vitae felis vel orci sagittis aliquam. Cras"
      text run at (0,469) width 358: "convallis adipiscing sem. Nam nonummy enim. Nullam"
      text run at (0,489) width 356: "bibendum lobortis neque. Vestibulum velit orci, tempus"
      text run at (0,509) width 352: "euismod, pretium quis, interdum vitae, nulla. Phasellus"
      text run at (0,529) width 366: "eget ante et tortor condimentum vestibulum. Suspendisse"
      text run at (0,549) width 344: "hendrerit quam nec felis. Sed varius turpis vitae pede."
      text run at (0,569) width 364: "Lorem ipsum dolor sit amet, consectetuer adipiscing elit."
      text run at (0,589) width 364: "Lorem ipsum dolor sit amet, consectetuer adipiscing elit."
      text run at (0,609) width 362: "Nulla varius enim ac mi. Curabitur sollicitudin felis quis"
      text run at (0,629) width 332: "lectus. Quisque adipiscing rhoncus sem. Proin nulla"
      text run at (0,649) width 367: "purus, vulputate vel, varius ut, euismod et, nisi. Sed vitae"
      text run at (0,669) width 354: "felis vel orci sagittis aliquam. Cras convallis adipiscing"
      text run at (0,689) width 347: "sem. Nam nonummy enim. Nullam bibendum lobortis"
      text run at (0,709) width 351: "neque. Vestibulum velit orci, tempus euismod, pretium"
      text run at (0,729) width 353: "quis, interdum vitae, nulla. Phasellus eget ante et tortor"
      text run at (0,749) width 351: "condimentum vestibulum. Suspendisse hendrerit quam"
      text run at (0,769) width 333: "nec felis. Sed varius turpis vitae pede. Lorem ipsum"
      text run at (0,789) width 275: "dolor sit amet, consectetuer adipiscing elit."
layer at (8,2235) size 760x482
  RenderBlock {DIV} at (0,2219) size 760x483 [border: (5px solid #800000)]
    RenderBlock {H2} at (5,24) size 750x61 [bgcolor=#EEEEEE]
      RenderText {#text} at (0,1) size 711x58
        text run at (0,1) width 711: "This is a spanning element at the beginning of the columns block with"
        text run at (0,31) width 146: "block siblings."
    RenderMultiColumnSet at (5,104) size 750x373
layer at (13,2240) size 367x724
  RenderMultiColumnFlowThread at (5,5) size 367x724
    RenderMultiColumnSpannerPlaceholder at (0,0) size 0x0
    RenderBlock {P} at (0,16) size 367x220
      RenderText {#text} at (0,0) size 367x219
        text run at (0,0) width 364: "Lorem ipsum dolor sit amet, consectetuer adipiscing elit."
        text run at (0,20) width 362: "Nulla varius enim ac mi. Curabitur sollicitudin felis quis"
        text run at (0,40) width 332: "lectus. Quisque adipiscing rhoncus sem. Proin nulla"
        text run at (0,60) width 367: "purus, vulputate vel, varius ut, euismod et, nisi. Sed vitae"
        text run at (0,80) width 354: "felis vel orci sagittis aliquam. Cras convallis adipiscing"
        text run at (0,100) width 347: "sem. Nam nonummy enim. Nullam bibendum lobortis"
        text run at (0,120) width 351: "neque. Vestibulum velit orci, tempus euismod, pretium"
        text run at (0,140) width 353: "quis, interdum vitae, nulla. Phasellus eget ante et tortor"
        text run at (0,160) width 351: "condimentum vestibulum. Suspendisse hendrerit quam"
        text run at (0,180) width 333: "nec felis. Sed varius turpis vitae pede. Lorem ipsum"
        text run at (0,200) width 275: "dolor sit amet, consectetuer adipiscing elit."
    RenderBlock {P} at (0,252) size 367x220
      RenderText {#text} at (0,0) size 367x219
        text run at (0,0) width 364: "Lorem ipsum dolor sit amet, consectetuer adipiscing elit."
        text run at (0,20) width 362: "Nulla varius enim ac mi. Curabitur sollicitudin felis quis"
        text run at (0,40) width 332: "lectus. Quisque adipiscing rhoncus sem. Proin nulla"
        text run at (0,60) width 367: "purus, vulputate vel, varius ut, euismod et, nisi. Sed vitae"
        text run at (0,80) width 354: "felis vel orci sagittis aliquam. Cras convallis adipiscing"
        text run at (0,100) width 347: "sem. Nam nonummy enim. Nullam bibendum lobortis"
        text run at (0,120) width 351: "neque. Vestibulum velit orci, tempus euismod, pretium"
        text run at (0,140) width 353: "quis, interdum vitae, nulla. Phasellus eget ante et tortor"
        text run at (0,160) width 351: "condimentum vestibulum. Suspendisse hendrerit quam"
        text run at (0,180) width 333: "nec felis. Sed varius turpis vitae pede. Lorem ipsum"
        text run at (0,200) width 275: "dolor sit amet, consectetuer adipiscing elit."
    RenderBlock {P} at (0,488) size 367x220
      RenderText {#text} at (0,0) size 367x219
        text run at (0,0) width 364: "Lorem ipsum dolor sit amet, consectetuer adipiscing elit."
        text run at (0,20) width 362: "Nulla varius enim ac mi. Curabitur sollicitudin felis quis"
        text run at (0,40) width 332: "lectus. Quisque adipiscing rhoncus sem. Proin nulla"
        text run at (0,60) width 367: "purus, vulputate vel, varius ut, euismod et, nisi. Sed vitae"
        text run at (0,80) width 354: "felis vel orci sagittis aliquam. Cras convallis adipiscing"
        text run at (0,100) width 347: "sem. Nam nonummy enim. Nullam bibendum lobortis"
        text run at (0,120) width 351: "neque. Vestibulum velit orci, tempus euismod, pretium"
        text run at (0,140) width 353: "quis, interdum vitae, nulla. Phasellus eget ante et tortor"
        text run at (0,160) width 351: "condimentum vestibulum. Suspendisse hendrerit quam"
        text run at (0,180) width 333: "nec felis. Sed varius turpis vitae pede. Lorem ipsum"
        text run at (0,200) width 275: "dolor sit amet, consectetuer adipiscing elit."
layer at (8,2733) size 760x472
  RenderBlock {DIV} at (0,2717) size 760x472 [border: (5px solid #800000)]
    RenderMultiColumnSet at (5,5) size 750x362
    RenderBlock {H2} at (5,386) size 750x61 [bgcolor=#EEEEEE]
      RenderText {#text} at (0,1) size 709x58
        text run at (0,1) width 709: "This is a spanning element at the end of the columns block with block"
        text run at (0,31) width 84: "siblings."
    RenderMultiColumnSet at (5,466) size 750x0
layer at (13,2738) size 367x724
  RenderMultiColumnFlowThread at (5,5) size 367x724
    RenderBlock {P} at (0,16) size 367x220
      RenderText {#text} at (0,0) size 367x219
        text run at (0,0) width 364: "Lorem ipsum dolor sit amet, consectetuer adipiscing elit."
        text run at (0,20) width 362: "Nulla varius enim ac mi. Curabitur sollicitudin felis quis"
        text run at (0,40) width 332: "lectus. Quisque adipiscing rhoncus sem. Proin nulla"
        text run at (0,60) width 367: "purus, vulputate vel, varius ut, euismod et, nisi. Sed vitae"
        text run at (0,80) width 354: "felis vel orci sagittis aliquam. Cras convallis adipiscing"
        text run at (0,100) width 347: "sem. Nam nonummy enim. Nullam bibendum lobortis"
        text run at (0,120) width 351: "neque. Vestibulum velit orci, tempus euismod, pretium"
        text run at (0,140) width 353: "quis, interdum vitae, nulla. Phasellus eget ante et tortor"
        text run at (0,160) width 351: "condimentum vestibulum. Suspendisse hendrerit quam"
        text run at (0,180) width 333: "nec felis. Sed varius turpis vitae pede. Lorem ipsum"
        text run at (0,200) width 275: "dolor sit amet, consectetuer adipiscing elit."
    RenderBlock {P} at (0,252) size 367x230
      RenderText {#text} at (0,0) size 367x229
        text run at (0,0) width 364: "Lorem ipsum dolor sit amet, consectetuer adipiscing elit."
        text run at (0,20) width 362: "Nulla varius enim ac mi. Curabitur sollicitudin felis quis"
        text run at (0,40) width 332: "lectus. Quisque adipiscing rhoncus sem. Proin nulla"
        text run at (0,60) width 367: "purus, vulputate vel, varius ut, euismod et, nisi. Sed vitae"
        text run at (0,80) width 354: "felis vel orci sagittis aliquam. Cras convallis adipiscing"
        text run at (0,110) width 347: "sem. Nam nonummy enim. Nullam bibendum lobortis"
        text run at (0,130) width 351: "neque. Vestibulum velit orci, tempus euismod, pretium"
        text run at (0,150) width 353: "quis, interdum vitae, nulla. Phasellus eget ante et tortor"
        text run at (0,170) width 351: "condimentum vestibulum. Suspendisse hendrerit quam"
        text run at (0,190) width 333: "nec felis. Sed varius turpis vitae pede. Lorem ipsum"
        text run at (0,210) width 275: "dolor sit amet, consectetuer adipiscing elit."
    RenderBlock {P} at (0,498) size 367x220
      RenderText {#text} at (0,0) size 367x219
        text run at (0,0) width 364: "Lorem ipsum dolor sit amet, consectetuer adipiscing elit."
        text run at (0,20) width 362: "Nulla varius enim ac mi. Curabitur sollicitudin felis quis"
        text run at (0,40) width 332: "lectus. Quisque adipiscing rhoncus sem. Proin nulla"
        text run at (0,60) width 367: "purus, vulputate vel, varius ut, euismod et, nisi. Sed vitae"
        text run at (0,80) width 354: "felis vel orci sagittis aliquam. Cras convallis adipiscing"
        text run at (0,100) width 347: "sem. Nam nonummy enim. Nullam bibendum lobortis"
        text run at (0,120) width 351: "neque. Vestibulum velit orci, tempus euismod, pretium"
        text run at (0,140) width 353: "quis, interdum vitae, nulla. Phasellus eget ante et tortor"
        text run at (0,160) width 351: "condimentum vestibulum. Suspendisse hendrerit quam"
        text run at (0,180) width 333: "nec felis. Sed varius turpis vitae pede. Lorem ipsum"
        text run at (0,200) width 275: "dolor sit amet, consectetuer adipiscing elit."
    RenderMultiColumnSpannerPlaceholder at (0,724) size 0x0
layer at (8,3221) size 760x490
  RenderBlock {DIV} at (0,3204) size 760x491 [border: (5px solid #800000)]
    RenderMultiColumnSet at (5,5) size 750x244
    RenderBlock {H2} at (5,268) size 750x61 [bgcolor=#EEEEEE]
      RenderText {#text} at (0,1) size 743x58
        text run at (0,1) width 743: "This is a spanning element in the middle of the columns block with block"
        text run at (0,31) width 84: "siblings."
    RenderMultiColumnSet at (5,348) size 750x137
layer at (13,3226) size 367x732 backgroundClip at (0,0) size 800x3727 clip at (0,0) size 800x3727
  RenderMultiColumnFlowThread at (5,5) size 367x732
    RenderBlock {P} at (0,16) size 367x220
      RenderText {#text} at (0,0) size 367x219
        text run at (0,0) width 364: "Lorem ipsum dolor sit amet, consectetuer adipiscing elit."
        text run at (0,20) width 362: "Nulla varius enim ac mi. Curabitur sollicitudin felis quis"
        text run at (0,40) width 332: "lectus. Quisque adipiscing rhoncus sem. Proin nulla"
        text run at (0,60) width 367: "purus, vulputate vel, varius ut, euismod et, nisi. Sed vitae"
        text run at (0,80) width 354: "felis vel orci sagittis aliquam. Cras convallis adipiscing"
        text run at (0,100) width 347: "sem. Nam nonummy enim. Nullam bibendum lobortis"
        text run at (0,120) width 351: "neque. Vestibulum velit orci, tempus euismod, pretium"
        text run at (0,140) width 353: "quis, interdum vitae, nulla. Phasellus eget ante et tortor"
        text run at (0,160) width 351: "condimentum vestibulum. Suspendisse hendrerit quam"
        text run at (0,180) width 333: "nec felis. Sed varius turpis vitae pede. Lorem ipsum"
        text run at (0,200) width 275: "dolor sit amet, consectetuer adipiscing elit."
    RenderBlock {P} at (0,244) size 367x220
      RenderText {#text} at (0,0) size 367x219
        text run at (0,0) width 364: "Lorem ipsum dolor sit amet, consectetuer adipiscing elit."
        text run at (0,20) width 362: "Nulla varius enim ac mi. Curabitur sollicitudin felis quis"
        text run at (0,40) width 332: "lectus. Quisque adipiscing rhoncus sem. Proin nulla"
        text run at (0,60) width 367: "purus, vulputate vel, varius ut, euismod et, nisi. Sed vitae"
        text run at (0,80) width 354: "felis vel orci sagittis aliquam. Cras convallis adipiscing"
        text run at (0,100) width 347: "sem. Nam nonummy enim. Nullam bibendum lobortis"
        text run at (0,120) width 351: "neque. Vestibulum velit orci, tempus euismod, pretium"
        text run at (0,140) width 353: "quis, interdum vitae, nulla. Phasellus eget ante et tortor"
        text run at (0,160) width 351: "condimentum vestibulum. Suspendisse hendrerit quam"
        text run at (0,180) width 333: "nec felis. Sed varius turpis vitae pede. Lorem ipsum"
        text run at (0,200) width 275: "dolor sit amet, consectetuer adipiscing elit."
    RenderMultiColumnSpannerPlaceholder at (0,480) size 0x0
    RenderBlock {P} at (0,496) size 367x220
      RenderText {#text} at (0,0) size 367x219
        text run at (0,0) width 364: "Lorem ipsum dolor sit amet, consectetuer adipiscing elit."
        text run at (0,20) width 362: "Nulla varius enim ac mi. Curabitur sollicitudin felis quis"
        text run at (0,40) width 332: "lectus. Quisque adipiscing rhoncus sem. Proin nulla"
        text run at (0,60) width 367: "purus, vulputate vel, varius ut, euismod et, nisi. Sed vitae"
        text run at (0,80) width 354: "felis vel orci sagittis aliquam. Cras convallis adipiscing"
        text run at (0,100) width 347: "sem. Nam nonummy enim. Nullam bibendum lobortis"
        text run at (0,120) width 351: "neque. Vestibulum velit orci, tempus euismod, pretium"
        text run at (0,140) width 353: "quis, interdum vitae, nulla. Phasellus eget ante et tortor"
        text run at (0,160) width 351: "condimentum vestibulum. Suspendisse hendrerit quam"
        text run at (0,180) width 333: "nec felis. Sed varius turpis vitae pede. Lorem ipsum"
        text run at (0,200) width 275: "dolor sit amet, consectetuer adipiscing elit."
