layer at (0,0) size 800x1439
  RenderView at (0,0) size 800x600
layer at (0,0) size 800x1439
  RenderBlock {HTML} at (0,0) size 800x1440
    RenderBody {BODY} at (8,16) size 784x1408
layer at (8,16) size 760x448
  RenderBlock {DIV} at (0,0) size 760x448 [border: (5px solid #800000)]
    RenderMultiColumnSet at (5,5) size 750x8
    RenderBlock {H2} at (5,32) size 750x31 [bgcolor=#EEEEEE]
      RenderText {#text} at (0,1) size 277x28
        text run at (0,1) width 277: "This is a spanning element."
    RenderMultiColumnSet at (5,82) size 750x361
layer at (13,21) size 367x728
  RenderMultiColumnFlowThread at (5,5) size 367x728
    RenderBlock {SPAN} at (0,8) size 367x220 [color=#FFFFFF] [bgcolor=#000000]
      RenderMultiColumnSpannerPlaceholder at (0,0) size 0x0
      RenderBlock (anonymous) at (0,0) size 367x220
        RenderText {#text} at (0,0) size 367x219
          text run at (0,0) width 364: "Lorem ipsum dolor sit amet, consectetuer adipiscing elit."
          text run at (0,20) width 362: "Nulla varius enim ac mi. Curabitur sollicitudin felis quis"
          text run at (0,40) width 332: "lectus. Quisque adipiscing rhoncus sem. Proin nulla"
          text run at (0,60) width 367: "purus, vulputate vel, varius ut, euismod et, nisi. Sed vitae"
          text run at (0,80) width 354: "felis vel orci sagittis aliquam. Cras convallis adipiscing"
          text run at (0,100) width 347: "sem. Nam nonummy enim. Nullam bibendum lobortis"
          text run at (0,120) width 351: "neque. Vestibulum velit orci, tempus euismod, pretium"
          text run at (0,140) width 353: "quis, interdum vitae, nulla. Phasellus eget ante et tortor"
          text run at (0,160) width 351: "condimentum vestibulum. Suspendisse hendrerit quam"
          text run at (0,180) width 333: "nec felis. Sed varius turpis vitae pede. Lorem ipsum"
          text run at (0,200) width 275: "dolor sit amet, consectetuer adipiscing elit."
    RenderBlock (anonymous) at (0,244) size 367x484
      RenderText {#text} at (0,0) size 367x223
        text run at (0,0) width 364: "Lorem ipsum dolor sit amet, consectetuer adipiscing elit."
        text run at (0,20) width 362: "Nulla varius enim ac mi. Curabitur sollicitudin felis quis"
        text run at (0,40) width 332: "lectus. Quisque adipiscing rhoncus sem. Proin nulla"
        text run at (0,60) width 367: "purus, vulputate vel, varius ut, euismod et, nisi. Sed vitae"
        text run at (0,80) width 354: "felis vel orci sagittis aliquam. Cras convallis adipiscing"
        text run at (0,100) width 347: "sem. Nam nonummy enim. Nullam bibendum lobortis"
        text run at (0,124) width 351: "neque. Vestibulum velit orci, tempus euismod, pretium"
        text run at (0,144) width 353: "quis, interdum vitae, nulla. Phasellus eget ante et tortor"
        text run at (0,164) width 351: "condimentum vestibulum. Suspendisse hendrerit quam"
        text run at (0,184) width 333: "nec felis. Sed varius turpis vitae pede. Lorem ipsum"
        text run at (0,204) width 279: "dolor sit amet, consectetuer adipiscing elit. "
      RenderInline {SPAN} at (0,0) size 43x19
        RenderText {#text} at (278,204) size 43x19
          text run at (278,204) width 43: "Lorem"
      RenderText {#text} at (320,204) size 364x279
        text run at (320,204) width 44: " ipsum"
        text run at (0,224) width 357: "dolor sit amet, consectetuer adipiscing elit. Nulla varius"
        text run at (0,244) width 324: "enim ac mi. Curabitur sollicitudin felis quis lectus."
        text run at (0,264) width 330: "Quisque adipiscing rhoncus sem. Proin nulla purus,"
        text run at (0,284) width 355: "vulputate vel, varius ut, euismod et, nisi. Sed vitae felis"
        text run at (0,304) width 356: "vel orci sagittis aliquam. Cras convallis adipiscing sem."
        text run at (0,324) width 360: "Nam nonummy enim. Nullam bibendum lobortis neque."
        text run at (0,344) width 340: "Vestibulum velit orci, tempus euismod, pretium quis,"
        text run at (0,364) width 318: "interdum vitae, nulla. Phasellus eget ante et tortor"
        text run at (0,384) width 351: "condimentum vestibulum. Suspendisse hendrerit quam"
        text run at (0,404) width 333: "nec felis. Sed varius turpis vitae pede. Lorem ipsum"
        text run at (0,424) width 279: "dolor sit amet, consectetuer adipiscing elit. "
        text run at (278,424) width 86: "Lorem ipsum"
        text run at (0,444) width 357: "dolor sit amet, consectetuer adipiscing elit. Nulla varius"
        text run at (0,464) width 76: "enim ac mi."
layer at (8,480) size 760x448
  RenderBlock {DIV} at (0,463) size 760x449 [border: (5px solid #800000)]
    RenderMultiColumnSet at (5,5) size 750x360
    RenderBlock {H2} at (5,384) size 750x31 [bgcolor=#EEEEEE]
      RenderText {#text} at (0,1) size 277x28
        text run at (0,1) width 277: "This is a spanning element."
    RenderMultiColumnSet at (5,434) size 750x9
layer at (13,485) size 367x732
  RenderMultiColumnFlowThread at (5,5) size 367x732
    RenderBlock (anonymous) at (0,0) size 367x660
      RenderText {#text} at (0,0) size 367x659
        text run at (0,0) width 364: "Lorem ipsum dolor sit amet, consectetuer adipiscing elit."
        text run at (0,20) width 362: "Nulla varius enim ac mi. Curabitur sollicitudin felis quis"
        text run at (0,40) width 332: "lectus. Quisque adipiscing rhoncus sem. Proin nulla"
        text run at (0,60) width 367: "purus, vulputate vel, varius ut, euismod et, nisi. Sed vitae"
        text run at (0,80) width 354: "felis vel orci sagittis aliquam. Cras convallis adipiscing"
        text run at (0,100) width 347: "sem. Nam nonummy enim. Nullam bibendum lobortis"
        text run at (0,120) width 351: "neque. Vestibulum velit orci, tempus euismod, pretium"
        text run at (0,140) width 353: "quis, interdum vitae, nulla. Phasellus eget ante et tortor"
        text run at (0,160) width 351: "condimentum vestibulum. Suspendisse hendrerit quam"
        text run at (0,180) width 333: "nec felis. Sed varius turpis vitae pede. Lorem ipsum"
        text run at (0,200) width 279: "dolor sit amet, consectetuer adipiscing elit. "
        text run at (278,200) width 86: "Lorem ipsum"
        text run at (0,220) width 357: "dolor sit amet, consectetuer adipiscing elit. Nulla varius"
        text run at (0,240) width 324: "enim ac mi. Curabitur sollicitudin felis quis lectus."
        text run at (0,260) width 330: "Quisque adipiscing rhoncus sem. Proin nulla purus,"
        text run at (0,280) width 355: "vulputate vel, varius ut, euismod et, nisi. Sed vitae felis"
        text run at (0,300) width 356: "vel orci sagittis aliquam. Cras convallis adipiscing sem."
        text run at (0,320) width 360: "Nam nonummy enim. Nullam bibendum lobortis neque."
        text run at (0,340) width 340: "Vestibulum velit orci, tempus euismod, pretium quis,"
        text run at (0,360) width 318: "interdum vitae, nulla. Phasellus eget ante et tortor"
        text run at (0,380) width 351: "condimentum vestibulum. Suspendisse hendrerit quam"
        text run at (0,400) width 333: "nec felis. Sed varius turpis vitae pede. Lorem ipsum"
        text run at (0,420) width 279: "dolor sit amet, consectetuer adipiscing elit. "
        text run at (278,420) width 86: "Lorem ipsum"
        text run at (0,440) width 357: "dolor sit amet, consectetuer adipiscing elit. Nulla varius"
        text run at (0,460) width 324: "enim ac mi. Curabitur sollicitudin felis quis lectus."
        text run at (0,480) width 330: "Quisque adipiscing rhoncus sem. Proin nulla purus,"
        text run at (0,500) width 355: "vulputate vel, varius ut, euismod et, nisi. Sed vitae felis"
        text run at (0,520) width 356: "vel orci sagittis aliquam. Cras convallis adipiscing sem."
        text run at (0,540) width 360: "Nam nonummy enim. Nullam bibendum lobortis neque."
        text run at (0,560) width 340: "Vestibulum velit orci, tempus euismod, pretium quis,"
        text run at (0,580) width 318: "interdum vitae, nulla. Phasellus eget ante et tortor"
        text run at (0,600) width 351: "condimentum vestibulum. Suspendisse hendrerit quam"
        text run at (0,620) width 333: "nec felis. Sed varius turpis vitae pede. Lorem ipsum"
        text run at (0,640) width 275: "dolor sit amet, consectetuer adipiscing elit."
    RenderBlock {SPAN} at (0,676) size 367x40 [color=#FFFFFF] [bgcolor=#000000]
      RenderBlock (anonymous) at (0,0) size 367x40
        RenderText {#text} at (0,0) size 364x39
          text run at (0,0) width 364: "Lorem ipsum dolor sit amet, consectetuer adipiscing elit."
          text run at (0,20) width 158: "Nulla varius enim ac mi."
      RenderMultiColumnSpannerPlaceholder at (0,40) size 0x0
layer at (8,944) size 760x479
  RenderBlock {DIV} at (0,927) size 760x481 [border: (5px solid #800000)]
    RenderMultiColumnSet at (5,5) size 750x156
    RenderBlock {H2} at (5,180) size 750x31 [bgcolor=#EEEEEE]
      RenderText {#text} at (0,1) size 277x28
        text run at (0,1) width 277: "This is a spanning element."
    RenderMultiColumnSet at (5,230) size 750x245
layer at (13,949) size 367x772 backgroundClip at (0,0) size 800x1439 clip at (0,0) size 800x1439
  RenderMultiColumnFlowThread at (5,5) size 367x772
    RenderBlock {P} at (0,16) size 367x220
      RenderText {#text} at (0,0) size 367x219
        text run at (0,0) width 364: "Lorem ipsum dolor sit amet, consectetuer adipiscing elit."
        text run at (0,20) width 362: "Nulla varius enim ac mi. Curabitur sollicitudin felis quis"
        text run at (0,40) width 332: "lectus. Quisque adipiscing rhoncus sem. Proin nulla"
        text run at (0,60) width 367: "purus, vulputate vel, varius ut, euismod et, nisi. Sed vitae"
        text run at (0,80) width 354: "felis vel orci sagittis aliquam. Cras convallis adipiscing"
        text run at (0,100) width 347: "sem. Nam nonummy enim. Nullam bibendum lobortis"
        text run at (0,120) width 351: "neque. Vestibulum velit orci, tempus euismod, pretium"
        text run at (0,140) width 353: "quis, interdum vitae, nulla. Phasellus eget ante et tortor"
        text run at (0,160) width 351: "condimentum vestibulum. Suspendisse hendrerit quam"
        text run at (0,180) width 333: "nec felis. Sed varius turpis vitae pede. Lorem ipsum"
        text run at (0,200) width 275: "dolor sit amet, consectetuer adipiscing elit."
    RenderBlock {SPAN} at (0,252) size 367x276 [color=#FFFFFF] [bgcolor=#000000]
      RenderBlock (anonymous) at (0,0) size 367x40
        RenderText {#text} at (0,0) size 364x39
          text run at (0,0) width 364: "Lorem ipsum dolor sit amet, consectetuer adipiscing elit."
          text run at (0,20) width 158: "Nulla varius enim ac mi."
      RenderMultiColumnSpannerPlaceholder at (0,40) size 0x0
      RenderBlock {P} at (0,56) size 367x220
        RenderText {#text} at (0,0) size 367x219
          text run at (0,0) width 364: "Lorem ipsum dolor sit amet, consectetuer adipiscing elit."
          text run at (0,20) width 362: "Nulla varius enim ac mi. Curabitur sollicitudin felis quis"
          text run at (0,40) width 332: "lectus. Quisque adipiscing rhoncus sem. Proin nulla"
          text run at (0,60) width 367: "purus, vulputate vel, varius ut, euismod et, nisi. Sed vitae"
          text run at (0,80) width 354: "felis vel orci sagittis aliquam. Cras convallis adipiscing"
          text run at (0,100) width 347: "sem. Nam nonummy enim. Nullam bibendum lobortis"
          text run at (0,120) width 351: "neque. Vestibulum velit orci, tempus euismod, pretium"
          text run at (0,140) width 353: "quis, interdum vitae, nulla. Phasellus eget ante et tortor"
          text run at (0,160) width 351: "condimentum vestibulum. Suspendisse hendrerit quam"
          text run at (0,180) width 333: "nec felis. Sed varius turpis vitae pede. Lorem ipsum"
          text run at (0,200) width 275: "dolor sit amet, consectetuer adipiscing elit."
    RenderBlock (anonymous) at (0,536) size 367x220
      RenderText {#text} at (0,0) size 367x219
        text run at (0,0) width 364: "Lorem ipsum dolor sit amet, consectetuer adipiscing elit."
        text run at (0,20) width 362: "Nulla varius enim ac mi. Curabitur sollicitudin felis quis"
        text run at (0,40) width 332: "lectus. Quisque adipiscing rhoncus sem. Proin nulla"
        text run at (0,60) width 367: "purus, vulputate vel, varius ut, euismod et, nisi. Sed vitae"
        text run at (0,80) width 354: "felis vel orci sagittis aliquam. Cras convallis adipiscing"
        text run at (0,100) width 347: "sem. Nam nonummy enim. Nullam bibendum lobortis"
        text run at (0,120) width 351: "neque. Vestibulum velit orci, tempus euismod, pretium"
        text run at (0,140) width 353: "quis, interdum vitae, nulla. Phasellus eget ante et tortor"
        text run at (0,160) width 351: "condimentum vestibulum. Suspendisse hendrerit quam"
        text run at (0,180) width 333: "nec felis. Sed varius turpis vitae pede. Lorem ipsum"
        text run at (0,200) width 275: "dolor sit amet, consectetuer adipiscing elit."
    RenderBlock {P} at (0,772) size 367x0
