layer at (0,0) size 800x2653
  RenderView at (0,0) size 800x600
layer at (0,0) size 800x2653
  RenderBlock {HTML} at (0,0) size 800x2654
    RenderBody {BODY} at (8,8) size 784x2630
      RenderBlock (anonymous) at (0,0) size 784x40
        RenderText {#text} at (0,0) size 777x39
          text run at (0,0) width 777: "In this test, all of the spanning elements have their spans turned off dynamically, and so they should just be in the column"
          text run at (0,20) width 33: "flow."
        RenderText {#text} at (0,0) size 0x0
layer at (8,64) size 760x400
  RenderBlock {DIV} at (0,56) size 760x400 [border: (5px solid #800000)]
    RenderMultiColumnSet at (5,5) size 750x390
layer at (13,69) size 367x770
  RenderMultiColumnFlowThread at (5,5) size 367x770
    RenderBlock {H2} at (0,19) size 367x31 [bgcolor=#EEEEEE]
      RenderText {#text} at (0,1) size 277x28
        text run at (0,1) width 277: "This is a spanning element."
    RenderBlock (anonymous) at (0,69) size 367x701
      RenderText {#text} at (0,0) size 367x699
        text run at (0,0) width 364: "Lorem ipsum dolor sit amet, consectetuer adipiscing elit."
        text run at (0,20) width 362: "Nulla varius enim ac mi. Curabitur sollicitudin felis quis"
        text run at (0,40) width 332: "lectus. Quisque adipiscing rhoncus sem. Proin nulla"
        text run at (0,60) width 367: "purus, vulputate vel, varius ut, euismod et, nisi. Sed vitae"
        text run at (0,80) width 354: "felis vel orci sagittis aliquam. Cras convallis adipiscing"
        text run at (0,100) width 347: "sem. Nam nonummy enim. Nullam bibendum lobortis"
        text run at (0,120) width 351: "neque. Vestibulum velit orci, tempus euismod, pretium"
        text run at (0,140) width 353: "quis, interdum vitae, nulla. Phasellus eget ante et tortor"
        text run at (0,160) width 351: "condimentum vestibulum. Suspendisse hendrerit quam"
        text run at (0,180) width 333: "nec felis. Sed varius turpis vitae pede. Lorem ipsum"
        text run at (0,200) width 279: "dolor sit amet, consectetuer adipiscing elit. "
        text run at (278,200) width 86: "Lorem ipsum"
        text run at (0,220) width 357: "dolor sit amet, consectetuer adipiscing elit. Nulla varius"
        text run at (0,240) width 324: "enim ac mi. Curabitur sollicitudin felis quis lectus."
        text run at (0,260) width 330: "Quisque adipiscing rhoncus sem. Proin nulla purus,"
        text run at (0,280) width 355: "vulputate vel, varius ut, euismod et, nisi. Sed vitae felis"
        text run at (0,300) width 356: "vel orci sagittis aliquam. Cras convallis adipiscing sem."
        text run at (0,320) width 360: "Nam nonummy enim. Nullam bibendum lobortis neque."
        text run at (0,340) width 340: "Vestibulum velit orci, tempus euismod, pretium quis,"
        text run at (0,360) width 318: "interdum vitae, nulla. Phasellus eget ante et tortor"
        text run at (0,380) width 351: "condimentum vestibulum. Suspendisse hendrerit quam"
        text run at (0,400) width 333: "nec felis. Sed varius turpis vitae pede. Lorem ipsum"
        text run at (0,420) width 279: "dolor sit amet, consectetuer adipiscing elit. "
        text run at (278,420) width 86: "Lorem ipsum"
        text run at (0,440) width 357: "dolor sit amet, consectetuer adipiscing elit. Nulla varius"
        text run at (0,460) width 324: "enim ac mi. Curabitur sollicitudin felis quis lectus."
        text run at (0,480) width 330: "Quisque adipiscing rhoncus sem. Proin nulla purus,"
        text run at (0,500) width 355: "vulputate vel, varius ut, euismod et, nisi. Sed vitae felis"
        text run at (0,520) width 356: "vel orci sagittis aliquam. Cras convallis adipiscing sem."
        text run at (0,540) width 360: "Nam nonummy enim. Nullam bibendum lobortis neque."
        text run at (0,560) width 340: "Vestibulum velit orci, tempus euismod, pretium quis,"
        text run at (0,580) width 318: "interdum vitae, nulla. Phasellus eget ante et tortor"
        text run at (0,600) width 351: "condimentum vestibulum. Suspendisse hendrerit quam"
        text run at (0,620) width 333: "nec felis. Sed varius turpis vitae pede. Lorem ipsum"
        text run at (0,640) width 279: "dolor sit amet, consectetuer adipiscing elit. "
        text run at (278,640) width 86: "Lorem ipsum"
        text run at (0,660) width 357: "dolor sit amet, consectetuer adipiscing elit. Nulla varius"
        text run at (0,680) width 76: "enim ac mi."
layer at (8,480) size 760x410
  RenderBlock {DIV} at (0,471) size 760x411 [border: (5px solid #800000)]
    RenderMultiColumnSet at (5,5) size 750x400
layer at (13,485) size 367x770
  RenderMultiColumnFlowThread at (5,5) size 367x770
    RenderBlock (anonymous) at (0,0) size 367x700
      RenderText {#text} at (0,0) size 367x699
        text run at (0,0) width 364: "Lorem ipsum dolor sit amet, consectetuer adipiscing elit."
        text run at (0,20) width 362: "Nulla varius enim ac mi. Curabitur sollicitudin felis quis"
        text run at (0,40) width 332: "lectus. Quisque adipiscing rhoncus sem. Proin nulla"
        text run at (0,60) width 367: "purus, vulputate vel, varius ut, euismod et, nisi. Sed vitae"
        text run at (0,80) width 354: "felis vel orci sagittis aliquam. Cras convallis adipiscing"
        text run at (0,100) width 347: "sem. Nam nonummy enim. Nullam bibendum lobortis"
        text run at (0,120) width 351: "neque. Vestibulum velit orci, tempus euismod, pretium"
        text run at (0,140) width 353: "quis, interdum vitae, nulla. Phasellus eget ante et tortor"
        text run at (0,160) width 351: "condimentum vestibulum. Suspendisse hendrerit quam"
        text run at (0,180) width 333: "nec felis. Sed varius turpis vitae pede. Lorem ipsum"
        text run at (0,200) width 279: "dolor sit amet, consectetuer adipiscing elit. "
        text run at (278,200) width 86: "Lorem ipsum"
        text run at (0,220) width 357: "dolor sit amet, consectetuer adipiscing elit. Nulla varius"
        text run at (0,240) width 324: "enim ac mi. Curabitur sollicitudin felis quis lectus."
        text run at (0,260) width 330: "Quisque adipiscing rhoncus sem. Proin nulla purus,"
        text run at (0,280) width 355: "vulputate vel, varius ut, euismod et, nisi. Sed vitae felis"
        text run at (0,300) width 356: "vel orci sagittis aliquam. Cras convallis adipiscing sem."
        text run at (0,320) width 360: "Nam nonummy enim. Nullam bibendum lobortis neque."
        text run at (0,340) width 340: "Vestibulum velit orci, tempus euismod, pretium quis,"
        text run at (0,360) width 318: "interdum vitae, nulla. Phasellus eget ante et tortor"
        text run at (0,380) width 351: "condimentum vestibulum. Suspendisse hendrerit quam"
        text run at (0,400) width 333: "nec felis. Sed varius turpis vitae pede. Lorem ipsum"
        text run at (0,420) width 279: "dolor sit amet, consectetuer adipiscing elit. "
        text run at (278,420) width 86: "Lorem ipsum"
        text run at (0,440) width 357: "dolor sit amet, consectetuer adipiscing elit. Nulla varius"
        text run at (0,460) width 324: "enim ac mi. Curabitur sollicitudin felis quis lectus."
        text run at (0,480) width 330: "Quisque adipiscing rhoncus sem. Proin nulla purus,"
        text run at (0,500) width 355: "vulputate vel, varius ut, euismod et, nisi. Sed vitae felis"
        text run at (0,520) width 356: "vel orci sagittis aliquam. Cras convallis adipiscing sem."
        text run at (0,540) width 360: "Nam nonummy enim. Nullam bibendum lobortis neque."
        text run at (0,560) width 340: "Vestibulum velit orci, tempus euismod, pretium quis,"
        text run at (0,580) width 318: "interdum vitae, nulla. Phasellus eget ante et tortor"
        text run at (0,600) width 351: "condimentum vestibulum. Suspendisse hendrerit quam"
        text run at (0,620) width 333: "nec felis. Sed varius turpis vitae pede. Lorem ipsum"
        text run at (0,640) width 279: "dolor sit amet, consectetuer adipiscing elit. "
        text run at (278,640) width 86: "Lorem ipsum"
        text run at (0,660) width 357: "dolor sit amet, consectetuer adipiscing elit. Nulla varius"
        text run at (0,680) width 76: "enim ac mi."
    RenderBlock {H2} at (0,719) size 367x31 [bgcolor=#EEEEEE]
      RenderText {#text} at (0,1) size 277x28
        text run at (0,1) width 277: "This is a spanning element."
layer at (8,906) size 760x416
  RenderBlock {DIV} at (0,897) size 760x417 [border: (5px solid #800000)]
    RenderMultiColumnSet at (5,5) size 750x406
layer at (13,911) size 367x802
  RenderMultiColumnFlowThread at (5,5) size 367x802
    RenderBlock {P} at (0,16) size 367x260
      RenderText {#text} at (0,0) size 367x259
        text run at (0,0) width 364: "Lorem ipsum dolor sit amet, consectetuer adipiscing elit."
        text run at (0,20) width 362: "Nulla varius enim ac mi. Curabitur sollicitudin felis quis"
        text run at (0,40) width 332: "lectus. Quisque adipiscing rhoncus sem. Proin nulla"
        text run at (0,60) width 367: "purus, vulputate vel, varius ut, euismod et, nisi. Sed vitae"
        text run at (0,80) width 354: "felis vel orci sagittis aliquam. Cras convallis adipiscing"
        text run at (0,100) width 347: "sem. Nam nonummy enim. Nullam bibendum lobortis"
        text run at (0,120) width 351: "neque. Vestibulum velit orci, tempus euismod, pretium"
        text run at (0,140) width 353: "quis, interdum vitae, nulla. Phasellus eget ante et tortor"
        text run at (0,160) width 351: "condimentum vestibulum. Suspendisse hendrerit quam"
        text run at (0,180) width 333: "nec felis. Sed varius turpis vitae pede. Lorem ipsum"
        text run at (0,200) width 279: "dolor sit amet, consectetuer adipiscing elit. "
        text run at (278,200) width 86: "Lorem ipsum"
        text run at (0,220) width 357: "dolor sit amet, consectetuer adipiscing elit. Nulla varius"
        text run at (0,240) width 76: "enim ac mi."
    RenderBlock {H2} at (0,295) size 367x31 [bgcolor=#EEEEEE]
      RenderText {#text} at (0,1) size 277x28
        text run at (0,1) width 277: "This is a spanning element."
    RenderBlock {P} at (0,345) size 367x441
      RenderText {#text} at (0,0) size 367x439
        text run at (0,0) width 364: "Lorem ipsum dolor sit amet, consectetuer adipiscing elit."
        text run at (0,20) width 362: "Nulla varius enim ac mi. Curabitur sollicitudin felis quis"
        text run at (0,40) width 332: "lectus. Quisque adipiscing rhoncus sem. Proin nulla"
        text run at (0,60) width 367: "purus, vulputate vel, varius ut, euismod et, nisi. Sed vitae"
        text run at (0,80) width 354: "felis vel orci sagittis aliquam. Cras convallis adipiscing"
        text run at (0,100) width 347: "sem. Nam nonummy enim. Nullam bibendum lobortis"
        text run at (0,120) width 351: "neque. Vestibulum velit orci, tempus euismod, pretium"
        text run at (0,140) width 353: "quis, interdum vitae, nulla. Phasellus eget ante et tortor"
        text run at (0,160) width 351: "condimentum vestibulum. Suspendisse hendrerit quam"
        text run at (0,180) width 333: "nec felis. Sed varius turpis vitae pede. Lorem ipsum"
        text run at (0,200) width 279: "dolor sit amet, consectetuer adipiscing elit. "
        text run at (278,200) width 86: "Lorem ipsum"
        text run at (0,220) width 357: "dolor sit amet, consectetuer adipiscing elit. Nulla varius"
        text run at (0,240) width 324: "enim ac mi. Curabitur sollicitudin felis quis lectus."
        text run at (0,260) width 330: "Quisque adipiscing rhoncus sem. Proin nulla purus,"
        text run at (0,280) width 355: "vulputate vel, varius ut, euismod et, nisi. Sed vitae felis"
        text run at (0,300) width 356: "vel orci sagittis aliquam. Cras convallis adipiscing sem."
        text run at (0,320) width 360: "Nam nonummy enim. Nullam bibendum lobortis neque."
        text run at (0,340) width 340: "Vestibulum velit orci, tempus euismod, pretium quis,"
        text run at (0,360) width 318: "interdum vitae, nulla. Phasellus eget ante et tortor"
        text run at (0,380) width 351: "condimentum vestibulum. Suspendisse hendrerit quam"
        text run at (0,400) width 333: "nec felis. Sed varius turpis vitae pede. Lorem ipsum"
        text run at (0,420) width 275: "dolor sit amet, consectetuer adipiscing elit."
layer at (8,1338) size 760x419
  RenderBlock {DIV} at (0,1329) size 760x421 [border: (5px solid #800000)]
    RenderMultiColumnSet at (5,5) size 750x410
layer at (13,1343) size 367x802
  RenderMultiColumnFlowThread at (5,5) size 367x802
    RenderBlock (anonymous) at (0,0) size 367x260
      RenderText {#text} at (0,0) size 367x259
        text run at (0,0) width 364: "Lorem ipsum dolor sit amet, consectetuer adipiscing elit."
        text run at (0,20) width 362: "Nulla varius enim ac mi. Curabitur sollicitudin felis quis"
        text run at (0,40) width 332: "lectus. Quisque adipiscing rhoncus sem. Proin nulla"
        text run at (0,60) width 367: "purus, vulputate vel, varius ut, euismod et, nisi. Sed vitae"
        text run at (0,80) width 354: "felis vel orci sagittis aliquam. Cras convallis adipiscing"
        text run at (0,100) width 347: "sem. Nam nonummy enim. Nullam bibendum lobortis"
        text run at (0,120) width 351: "neque. Vestibulum velit orci, tempus euismod, pretium"
        text run at (0,140) width 353: "quis, interdum vitae, nulla. Phasellus eget ante et tortor"
        text run at (0,160) width 351: "condimentum vestibulum. Suspendisse hendrerit quam"
        text run at (0,180) width 333: "nec felis. Sed varius turpis vitae pede. Lorem ipsum"
        text run at (0,200) width 279: "dolor sit amet, consectetuer adipiscing elit. "
        text run at (278,200) width 86: "Lorem ipsum"
        text run at (0,220) width 357: "dolor sit amet, consectetuer adipiscing elit. Nulla varius"
        text run at (0,240) width 76: "enim ac mi."
    RenderBlock {H2} at (0,279) size 367x31 [bgcolor=#EEEEEE]
      RenderText {#text} at (0,1) size 277x28
        text run at (0,1) width 277: "This is a spanning element."
    RenderBlock (anonymous) at (0,329) size 367x221
      RenderInline {SPAN} at (0,0) size 43x19
        RenderText {#text} at (0,0) size 43x19
          text run at (0,0) width 43: "Lorem"
      RenderText {#text} at (42,0) size 367x219
        text run at (42,0) width 322: " ipsum dolor sit amet, consectetuer adipiscing elit."
        text run at (0,20) width 362: "Nulla varius enim ac mi. Curabitur sollicitudin felis quis"
        text run at (0,40) width 332: "lectus. Quisque adipiscing rhoncus sem. Proin nulla"
        text run at (0,60) width 367: "purus, vulputate vel, varius ut, euismod et, nisi. Sed vitae"
        text run at (0,80) width 354: "felis vel orci sagittis aliquam. Cras convallis adipiscing"
        text run at (0,100) width 347: "sem. Nam nonummy enim. Nullam bibendum lobortis"
        text run at (0,120) width 351: "neque. Vestibulum velit orci, tempus euismod, pretium"
        text run at (0,140) width 353: "quis, interdum vitae, nulla. Phasellus eget ante et tortor"
        text run at (0,160) width 351: "condimentum vestibulum. Suspendisse hendrerit quam"
        text run at (0,180) width 333: "nec felis. Sed varius turpis vitae pede. Lorem ipsum"
        text run at (0,200) width 275: "dolor sit amet, consectetuer adipiscing elit."
    RenderBlock {P} at (0,565) size 367x221
      RenderText {#text} at (0,0) size 367x219
        text run at (0,0) width 364: "Lorem ipsum dolor sit amet, consectetuer adipiscing elit."
        text run at (0,20) width 362: "Nulla varius enim ac mi. Curabitur sollicitudin felis quis"
        text run at (0,40) width 332: "lectus. Quisque adipiscing rhoncus sem. Proin nulla"
        text run at (0,60) width 367: "purus, vulputate vel, varius ut, euismod et, nisi. Sed vitae"
        text run at (0,80) width 354: "felis vel orci sagittis aliquam. Cras convallis adipiscing"
        text run at (0,100) width 347: "sem. Nam nonummy enim. Nullam bibendum lobortis"
        text run at (0,120) width 351: "neque. Vestibulum velit orci, tempus euismod, pretium"
        text run at (0,140) width 353: "quis, interdum vitae, nulla. Phasellus eget ante et tortor"
        text run at (0,160) width 351: "condimentum vestibulum. Suspendisse hendrerit quam"
        text run at (0,180) width 333: "nec felis. Sed varius turpis vitae pede. Lorem ipsum"
        text run at (0,200) width 275: "dolor sit amet, consectetuer adipiscing elit."
layer at (8,1773) size 760x410
  RenderBlock {DIV} at (0,1765) size 760x411 [border: (5px solid #800000)]
    RenderMultiColumnSet at (5,5) size 750x400
layer at (13,1778) size 367x786
  RenderMultiColumnFlowThread at (5,5) size 367x786
    RenderBlock (anonymous) at (0,0) size 367x220
      RenderInline {SPAN} at (0,0) size 367x219
        RenderText {#text} at (0,0) size 367x219
          text run at (0,0) width 364: "Lorem ipsum dolor sit amet, consectetuer adipiscing elit."
          text run at (0,20) width 362: "Nulla varius enim ac mi. Curabitur sollicitudin felis quis"
          text run at (0,40) width 332: "lectus. Quisque adipiscing rhoncus sem. Proin nulla"
          text run at (0,60) width 367: "purus, vulputate vel, varius ut, euismod et, nisi. Sed vitae"
          text run at (0,80) width 354: "felis vel orci sagittis aliquam. Cras convallis adipiscing"
          text run at (0,100) width 347: "sem. Nam nonummy enim. Nullam bibendum lobortis"
          text run at (0,120) width 351: "neque. Vestibulum velit orci, tempus euismod, pretium"
          text run at (0,140) width 353: "quis, interdum vitae, nulla. Phasellus eget ante et tortor"
          text run at (0,160) width 351: "condimentum vestibulum. Suspendisse hendrerit quam"
          text run at (0,180) width 333: "nec felis. Sed varius turpis vitae pede. Lorem ipsum"
          text run at (0,200) width 275: "dolor sit amet, consectetuer adipiscing elit."
    RenderBlock (anonymous) at (0,220) size 367x40
      RenderBlock {SPAN} at (0,0) size 367x40
        RenderText {#text} at (0,0) size 364x39
          text run at (0,0) width 364: "Lorem ipsum dolor sit amet, consectetuer adipiscing elit."
          text run at (0,20) width 158: "Nulla varius enim ac mi."
    RenderBlock (anonymous) at (0,260) size 367x220
      RenderInline {SPAN} at (0,0) size 43x19
        RenderText {#text} at (0,0) size 43x19
          text run at (0,0) width 43: "Lorem"
      RenderText {#text} at (42,0) size 367x219
        text run at (42,0) width 322: " ipsum dolor sit amet, consectetuer adipiscing elit."
        text run at (0,20) width 362: "Nulla varius enim ac mi. Curabitur sollicitudin felis quis"
        text run at (0,40) width 332: "lectus. Quisque adipiscing rhoncus sem. Proin nulla"
        text run at (0,60) width 367: "purus, vulputate vel, varius ut, euismod et, nisi. Sed vitae"
        text run at (0,80) width 354: "felis vel orci sagittis aliquam. Cras convallis adipiscing"
        text run at (0,100) width 347: "sem. Nam nonummy enim. Nullam bibendum lobortis"
        text run at (0,120) width 351: "neque. Vestibulum velit orci, tempus euismod, pretium"
        text run at (0,140) width 353: "quis, interdum vitae, nulla. Phasellus eget ante et tortor"
        text run at (0,160) width 351: "condimentum vestibulum. Suspendisse hendrerit quam"
        text run at (0,180) width 333: "nec felis. Sed varius turpis vitae pede. Lorem ipsum"
        text run at (0,200) width 275: "dolor sit amet, consectetuer adipiscing elit."
    RenderBlock {H2} at (0,499) size 367x31 [bgcolor=#EEEEEE]
      RenderText {#text} at (0,1) size 277x28
        text run at (0,1) width 277: "This is a spanning element."
    RenderBlock {P} at (0,549) size 367x221
      RenderText {#text} at (0,0) size 367x219
        text run at (0,0) width 364: "Lorem ipsum dolor sit amet, consectetuer adipiscing elit."
        text run at (0,20) width 362: "Nulla varius enim ac mi. Curabitur sollicitudin felis quis"
        text run at (0,40) width 332: "lectus. Quisque adipiscing rhoncus sem. Proin nulla"
        text run at (0,60) width 367: "purus, vulputate vel, varius ut, euismod et, nisi. Sed vitae"
        text run at (0,80) width 354: "felis vel orci sagittis aliquam. Cras convallis adipiscing"
        text run at (0,100) width 347: "sem. Nam nonummy enim. Nullam bibendum lobortis"
        text run at (0,120) width 351: "neque. Vestibulum velit orci, tempus euismod, pretium"
        text run at (0,140) width 353: "quis, interdum vitae, nulla. Phasellus eget ante et tortor"
        text run at (0,160) width 351: "condimentum vestibulum. Suspendisse hendrerit quam"
        text run at (0,180) width 333: "nec felis. Sed varius turpis vitae pede. Lorem ipsum"
        text run at (0,200) width 275: "dolor sit amet, consectetuer adipiscing elit."
layer at (8,2199) size 760x438
  RenderBlock {DIV} at (0,2191) size 760x439 [border: (5px solid #800000)]
    RenderMultiColumnSet at (5,5) size 750x428
layer at (13,2204) size 367x838 backgroundClip at (0,0) size 800x2653 clip at (0,0) size 800x2653
  RenderMultiColumnFlowThread at (5,5) size 367x838
    RenderBlock {P} at (0,16) size 367x220
      RenderText {#text} at (0,0) size 367x219
        text run at (0,0) width 364: "Lorem ipsum dolor sit amet, consectetuer adipiscing elit."
        text run at (0,20) width 362: "Nulla varius enim ac mi. Curabitur sollicitudin felis quis"
        text run at (0,40) width 332: "lectus. Quisque adipiscing rhoncus sem. Proin nulla"
        text run at (0,60) width 367: "purus, vulputate vel, varius ut, euismod et, nisi. Sed vitae"
        text run at (0,80) width 354: "felis vel orci sagittis aliquam. Cras convallis adipiscing"
        text run at (0,100) width 347: "sem. Nam nonummy enim. Nullam bibendum lobortis"
        text run at (0,120) width 351: "neque. Vestibulum velit orci, tempus euismod, pretium"
        text run at (0,140) width 353: "quis, interdum vitae, nulla. Phasellus eget ante et tortor"
        text run at (0,160) width 351: "condimentum vestibulum. Suspendisse hendrerit quam"
        text run at (0,180) width 333: "nec felis. Sed varius turpis vitae pede. Lorem ipsum"
        text run at (0,200) width 275: "dolor sit amet, consectetuer adipiscing elit."
    RenderBlock {P} at (0,252) size 367x40
      RenderText {#text} at (0,0) size 364x39
        text run at (0,0) width 364: "Lorem ipsum dolor sit amet, consectetuer adipiscing elit."
        text run at (0,20) width 158: "Nulla varius enim ac mi."
    RenderBlock {P} at (0,308) size 367x220
      RenderText {#text} at (0,0) size 367x219
        text run at (0,0) width 364: "Lorem ipsum dolor sit amet, consectetuer adipiscing elit."
        text run at (0,20) width 362: "Nulla varius enim ac mi. Curabitur sollicitudin felis quis"
        text run at (0,40) width 332: "lectus. Quisque adipiscing rhoncus sem. Proin nulla"
        text run at (0,60) width 367: "purus, vulputate vel, varius ut, euismod et, nisi. Sed vitae"
        text run at (0,80) width 354: "felis vel orci sagittis aliquam. Cras convallis adipiscing"
        text run at (0,100) width 347: "sem. Nam nonummy enim. Nullam bibendum lobortis"
        text run at (0,120) width 351: "neque. Vestibulum velit orci, tempus euismod, pretium"
        text run at (0,140) width 353: "quis, interdum vitae, nulla. Phasellus eget ante et tortor"
        text run at (0,160) width 351: "condimentum vestibulum. Suspendisse hendrerit quam"
        text run at (0,180) width 333: "nec felis. Sed varius turpis vitae pede. Lorem ipsum"
        text run at (0,200) width 275: "dolor sit amet, consectetuer adipiscing elit."
    RenderBlock {H2} at (0,547) size 367x31 [bgcolor=#EEEEEE]
      RenderText {#text} at (0,1) size 277x28
        text run at (0,1) width 277: "This is a spanning element."
    RenderBlock (anonymous) at (0,597) size 367x21
      RenderInline {SPAN} at (0,0) size 364x19
        RenderText {#text} at (0,0) size 364x19
          text run at (0,0) width 364: "Lorem ipsum dolor sit amet, consectetuer adipiscing elit."
    RenderBlock (anonymous) at (0,617) size 367x21
      RenderBlock {SPAN} at (0,0) size 367x20
        RenderText {#text} at (0,0) size 158x19
          text run at (0,0) width 158: "Nulla varius enim ac mi."
    RenderBlock (anonymous) at (0,637) size 367x201
      RenderInline {SPAN} at (0,0) size 365x199
        RenderText {#text} at (0,0) size 365x199
          text run at (0,0) width 303: "Curabitur sollicitudin felis quis lectus. Quisque"
          text run at (0,20) width 364: "adipiscing rhoncus sem. Proin nulla purus, vulputate vel,"
          text run at (0,40) width 365: "varius ut, euismod et, nisi. Sed vitae felis vel orci sagittis"
          text run at (0,60) width 359: "aliquam. Cras convallis adipiscing sem. Nam nonummy"
          text run at (0,80) width 365: "enim. Nullam bibendum lobortis neque. Vestibulum velit"
          text run at (0,100) width 331: "orci, tempus euismod, pretium quis, interdum vitae,"
          text run at (0,120) width 309: "nulla. Phasellus eget ante et tortor condimentum"
          text run at (0,140) width 349: "vestibulum. Suspendisse hendrerit quam nec felis. Sed"
          text run at (0,160) width 339: "varius turpis vitae pede. Lorem ipsum dolor sit amet,"
          text run at (0,180) width 179: "consectetuer adipiscing elit."
      RenderText {#text} at (0,0) size 0x0
