layer at (0,0) size 800x1671
  RenderView at (0,0) size 800x600
layer at (0,0) size 800x1671
  RenderBlock {HTML} at (0,0) size 800x1671
    RenderBody {BODY} at (8,16) size 784x1639
layer at (8,16) size 760x530
  RenderBlock {DIV} at (0,0) size 760x530 [border: (5px solid #800000)]
    RenderMultiColumnSet at (5,5) size 750x220
    RenderBlock {H2} at (5,244) size 750x31 [bgcolor=#EEEEEE]
      RenderText {#text} at (0,1) size 195x28
        text run at (0,1) width 195: "This is a first span."
    RenderMultiColumnSet at (5,294) size 750x21
    RenderBlock {H2} at (5,334) size 750x31 [bgcolor=#EEEEEE]
      RenderText {#text} at (0,1) size 221x28
        text run at (0,1) width 221: "This is a second span."
    RenderMultiColumnSet at (5,384) size 750x141
layer at (13,21) size 367x740
  RenderMultiColumnFlowThread at (5,5) size 367x740
    RenderBlock (anonymous) at (0,0) size 367x440
      RenderText {#text} at (0,0) size 367x439
        text run at (0,0) width 364: "Lorem ipsum dolor sit amet, consectetuer adipiscing elit."
        text run at (0,20) width 362: "Nulla varius enim ac mi. Curabitur sollicitudin felis quis"
        text run at (0,40) width 332: "lectus. Quisque adipiscing rhoncus sem. Proin nulla"
        text run at (0,60) width 367: "purus, vulputate vel, varius ut, euismod et, nisi. Sed vitae"
        text run at (0,80) width 354: "felis vel orci sagittis aliquam. Cras convallis adipiscing"
        text run at (0,100) width 347: "sem. Nam nonummy enim. Nullam bibendum lobortis"
        text run at (0,120) width 351: "neque. Vestibulum velit orci, tempus euismod, pretium"
        text run at (0,140) width 353: "quis, interdum vitae, nulla. Phasellus eget ante et tortor"
        text run at (0,160) width 351: "condimentum vestibulum. Suspendisse hendrerit quam"
        text run at (0,180) width 333: "nec felis. Sed varius turpis vitae pede. Lorem ipsum"
        text run at (0,200) width 279: "dolor sit amet, consectetuer adipiscing elit. "
        text run at (278,200) width 86: "Lorem ipsum"
        text run at (0,220) width 357: "dolor sit amet, consectetuer adipiscing elit. Nulla varius"
        text run at (0,240) width 324: "enim ac mi. Curabitur sollicitudin felis quis lectus."
        text run at (0,260) width 330: "Quisque adipiscing rhoncus sem. Proin nulla purus,"
        text run at (0,280) width 355: "vulputate vel, varius ut, euismod et, nisi. Sed vitae felis"
        text run at (0,300) width 356: "vel orci sagittis aliquam. Cras convallis adipiscing sem."
        text run at (0,320) width 360: "Nam nonummy enim. Nullam bibendum lobortis neque."
        text run at (0,340) width 340: "Vestibulum velit orci, tempus euismod, pretium quis,"
        text run at (0,360) width 318: "interdum vitae, nulla. Phasellus eget ante et tortor"
        text run at (0,380) width 351: "condimentum vestibulum. Suspendisse hendrerit quam"
        text run at (0,400) width 333: "nec felis. Sed varius turpis vitae pede. Lorem ipsum"
        text run at (0,420) width 275: "dolor sit amet, consectetuer adipiscing elit."
    RenderMultiColumnSpannerPlaceholder at (0,440) size 0x0
    RenderBlock (anonymous) at (0,440) size 367x40
      RenderText {#text} at (0,0) size 314x39
        text run at (0,0) width 314: "This text should be sitting between two spanning"
        text run at (0,20) width 61: "elements."
    RenderMultiColumnSpannerPlaceholder at (0,480) size 0x0
    RenderBlock (anonymous) at (0,480) size 367x260
      RenderText {#text} at (0,0) size 367x259
        text run at (0,0) width 364: "Lorem ipsum dolor sit amet, consectetuer adipiscing elit."
        text run at (0,20) width 362: "Nulla varius enim ac mi. Curabitur sollicitudin felis quis"
        text run at (0,40) width 332: "lectus. Quisque adipiscing rhoncus sem. Proin nulla"
        text run at (0,60) width 367: "purus, vulputate vel, varius ut, euismod et, nisi. Sed vitae"
        text run at (0,80) width 354: "felis vel orci sagittis aliquam. Cras convallis adipiscing"
        text run at (0,100) width 347: "sem. Nam nonummy enim. Nullam bibendum lobortis"
        text run at (0,120) width 351: "neque. Vestibulum velit orci, tempus euismod, pretium"
        text run at (0,140) width 353: "quis, interdum vitae, nulla. Phasellus eget ante et tortor"
        text run at (0,160) width 351: "condimentum vestibulum. Suspendisse hendrerit quam"
        text run at (0,180) width 333: "nec felis. Sed varius turpis vitae pede. Lorem ipsum"
        text run at (0,200) width 279: "dolor sit amet, consectetuer adipiscing elit. "
        text run at (278,200) width 86: "Lorem ipsum"
        text run at (0,220) width 357: "dolor sit amet, consectetuer adipiscing elit. Nulla varius"
        text run at (0,240) width 76: "enim ac mi."
layer at (8,562) size 760x541
  RenderBlock {DIV} at (0,545) size 760x543 [border: (5px solid #800000)]
    RenderMultiColumnSet at (5,5) size 750x126
    RenderBlock {H2} at (5,150) size 750x31 [bgcolor=#EEEEEE]
      RenderText {#text} at (0,1) size 195x28
        text run at (0,1) width 195: "This is a first span."
    RenderMultiColumnSet at (5,200) size 750x127
    RenderBlock {H2} at (5,346) size 750x31 [bgcolor=#EEEEEE]
      RenderText {#text} at (0,1) size 221x28
        text run at (0,1) width 221: "This is a second span."
    RenderMultiColumnSet at (5,396) size 750x141
layer at (13,567) size 367x764
  RenderMultiColumnFlowThread at (5,5) size 367x764
    RenderBlock {P} at (0,16) size 367x230
      RenderText {#text} at (0,0) size 367x229
        text run at (0,0) width 364: "Lorem ipsum dolor sit amet, consectetuer adipiscing elit."
        text run at (0,20) width 362: "Nulla varius enim ac mi. Curabitur sollicitudin felis quis"
        text run at (0,40) width 332: "lectus. Quisque adipiscing rhoncus sem. Proin nulla"
        text run at (0,60) width 367: "purus, vulputate vel, varius ut, euismod et, nisi. Sed vitae"
        text run at (0,80) width 354: "felis vel orci sagittis aliquam. Cras convallis adipiscing"
        text run at (0,110) width 347: "sem. Nam nonummy enim. Nullam bibendum lobortis"
        text run at (0,130) width 351: "neque. Vestibulum velit orci, tempus euismod, pretium"
        text run at (0,150) width 353: "quis, interdum vitae, nulla. Phasellus eget ante et tortor"
        text run at (0,170) width 351: "condimentum vestibulum. Suspendisse hendrerit quam"
        text run at (0,190) width 333: "nec felis. Sed varius turpis vitae pede. Lorem ipsum"
        text run at (0,210) width 275: "dolor sit amet, consectetuer adipiscing elit."
    RenderMultiColumnSpannerPlaceholder at (0,252) size 0x0
    RenderBlock {P} at (0,268) size 367x230
      RenderText {#text} at (0,0) size 367x229
        text run at (0,0) width 364: "Lorem ipsum dolor sit amet, consectetuer adipiscing elit."
        text run at (0,20) width 362: "Nulla varius enim ac mi. Curabitur sollicitudin felis quis"
        text run at (0,40) width 332: "lectus. Quisque adipiscing rhoncus sem. Proin nulla"
        text run at (0,60) width 367: "purus, vulputate vel, varius ut, euismod et, nisi. Sed vitae"
        text run at (0,80) width 354: "felis vel orci sagittis aliquam. Cras convallis adipiscing"
        text run at (0,110) width 347: "sem. Nam nonummy enim. Nullam bibendum lobortis"
        text run at (0,130) width 351: "neque. Vestibulum velit orci, tempus euismod, pretium"
        text run at (0,150) width 353: "quis, interdum vitae, nulla. Phasellus eget ante et tortor"
        text run at (0,170) width 351: "condimentum vestibulum. Suspendisse hendrerit quam"
        text run at (0,190) width 333: "nec felis. Sed varius turpis vitae pede. Lorem ipsum"
        text run at (0,210) width 275: "dolor sit amet, consectetuer adipiscing elit."
    RenderMultiColumnSpannerPlaceholder at (0,504) size 0x0
    RenderBlock (anonymous) at (0,504) size 367x260
      RenderText {#text} at (0,0) size 367x259
        text run at (0,0) width 364: "Lorem ipsum dolor sit amet, consectetuer adipiscing elit."
        text run at (0,20) width 362: "Nulla varius enim ac mi. Curabitur sollicitudin felis quis"
        text run at (0,40) width 332: "lectus. Quisque adipiscing rhoncus sem. Proin nulla"
        text run at (0,60) width 367: "purus, vulputate vel, varius ut, euismod et, nisi. Sed vitae"
        text run at (0,80) width 354: "felis vel orci sagittis aliquam. Cras convallis adipiscing"
        text run at (0,100) width 347: "sem. Nam nonummy enim. Nullam bibendum lobortis"
        text run at (0,120) width 351: "neque. Vestibulum velit orci, tempus euismod, pretium"
        text run at (0,140) width 353: "quis, interdum vitae, nulla. Phasellus eget ante et tortor"
        text run at (0,160) width 351: "condimentum vestibulum. Suspendisse hendrerit quam"
        text run at (0,180) width 333: "nec felis. Sed varius turpis vitae pede. Lorem ipsum"
        text run at (0,200) width 279: "dolor sit amet, consectetuer adipiscing elit. "
        text run at (278,200) width 86: "Lorem ipsum"
        text run at (0,220) width 357: "dolor sit amet, consectetuer adipiscing elit. Nulla varius"
        text run at (0,240) width 76: "enim ac mi."
layer at (8,1119) size 760x536
  RenderBlock {DIV} at (0,1103) size 760x536 [border: (5px solid #800000)]
    RenderMultiColumnSet at (5,5) size 750x120
    RenderBlock {H2} at (5,144) size 750x31 [bgcolor=#EEEEEE]
      RenderText {#text} at (0,1) size 195x28
        text run at (0,1) width 195: "This is a first span."
    RenderMultiColumnSet at (5,194) size 750x127
    RenderBlock {H2} at (5,340) size 750x31 [bgcolor=#EEEEEE]
      RenderText {#text} at (0,1) size 221x28
        text run at (0,1) width 221: "This is a second span."
    RenderMultiColumnSet at (5,390) size 750x141
layer at (13,1124) size 367x732 backgroundClip at (0,0) size 800x1671 clip at (0,0) size 800x1671
  RenderMultiColumnFlowThread at (5,5) size 367x732
    RenderBlock (anonymous) at (0,0) size 367x0
      RenderInline {SPAN} at (0,0) size 0x0
        RenderText {#text} at (0,0) size 0x0
    RenderBlock (anonymous) at (0,0) size 367x220
      RenderBlock {SPAN} at (0,0) size 367x220
        RenderText {#text} at (0,0) size 367x219
          text run at (0,0) width 364: "Lorem ipsum dolor sit amet, consectetuer adipiscing elit."
          text run at (0,20) width 362: "Nulla varius enim ac mi. Curabitur sollicitudin felis quis"
          text run at (0,40) width 332: "lectus. Quisque adipiscing rhoncus sem. Proin nulla"
          text run at (0,60) width 367: "purus, vulputate vel, varius ut, euismod et, nisi. Sed vitae"
          text run at (0,80) width 354: "felis vel orci sagittis aliquam. Cras convallis adipiscing"
          text run at (0,100) width 347: "sem. Nam nonummy enim. Nullam bibendum lobortis"
          text run at (0,120) width 351: "neque. Vestibulum velit orci, tempus euismod, pretium"
          text run at (0,140) width 353: "quis, interdum vitae, nulla. Phasellus eget ante et tortor"
          text run at (0,160) width 351: "condimentum vestibulum. Suspendisse hendrerit quam"
          text run at (0,180) width 333: "nec felis. Sed varius turpis vitae pede. Lorem ipsum"
          text run at (0,200) width 275: "dolor sit amet, consectetuer adipiscing elit."
    RenderBlock (anonymous) at (0,220) size 367x0
      RenderInline {SPAN} at (0,0) size 0x0
      RenderText {#text} at (0,0) size 0x0
    RenderMultiColumnSpannerPlaceholder at (0,220) size 0x0
    RenderBlock {P} at (0,236) size 367x230
      RenderText {#text} at (0,0) size 367x229
        text run at (0,0) width 364: "Lorem ipsum dolor sit amet, consectetuer adipiscing elit."
        text run at (0,20) width 362: "Nulla varius enim ac mi. Curabitur sollicitudin felis quis"
        text run at (0,40) width 332: "lectus. Quisque adipiscing rhoncus sem. Proin nulla"
        text run at (0,60) width 367: "purus, vulputate vel, varius ut, euismod et, nisi. Sed vitae"
        text run at (0,80) width 354: "felis vel orci sagittis aliquam. Cras convallis adipiscing"
        text run at (0,110) width 347: "sem. Nam nonummy enim. Nullam bibendum lobortis"
        text run at (0,130) width 351: "neque. Vestibulum velit orci, tempus euismod, pretium"
        text run at (0,150) width 353: "quis, interdum vitae, nulla. Phasellus eget ante et tortor"
        text run at (0,170) width 351: "condimentum vestibulum. Suspendisse hendrerit quam"
        text run at (0,190) width 333: "nec felis. Sed varius turpis vitae pede. Lorem ipsum"
        text run at (0,210) width 275: "dolor sit amet, consectetuer adipiscing elit."
    RenderMultiColumnSpannerPlaceholder at (0,472) size 0x0
    RenderBlock (anonymous) at (0,472) size 367x260
      RenderText {#text} at (0,0) size 367x259
        text run at (0,0) width 364: "Lorem ipsum dolor sit amet, consectetuer adipiscing elit."
        text run at (0,20) width 362: "Nulla varius enim ac mi. Curabitur sollicitudin felis quis"
        text run at (0,40) width 332: "lectus. Quisque adipiscing rhoncus sem. Proin nulla"
        text run at (0,60) width 367: "purus, vulputate vel, varius ut, euismod et, nisi. Sed vitae"
        text run at (0,80) width 354: "felis vel orci sagittis aliquam. Cras convallis adipiscing"
        text run at (0,100) width 347: "sem. Nam nonummy enim. Nullam bibendum lobortis"
        text run at (0,120) width 351: "neque. Vestibulum velit orci, tempus euismod, pretium"
        text run at (0,140) width 353: "quis, interdum vitae, nulla. Phasellus eget ante et tortor"
        text run at (0,160) width 351: "condimentum vestibulum. Suspendisse hendrerit quam"
        text run at (0,180) width 333: "nec felis. Sed varius turpis vitae pede. Lorem ipsum"
        text run at (0,200) width 279: "dolor sit amet, consectetuer adipiscing elit. "
        text run at (278,200) width 86: "Lorem ipsum"
        text run at (0,220) width 357: "dolor sit amet, consectetuer adipiscing elit. Nulla varius"
        text run at (0,240) width 76: "enim ac mi."
