layer at (0,0) size 800x2420
  RenderView at (0,0) size 800x600
layer at (0,0) size 800x2420
  RenderBlock {HTML} at (0,0) size 800x2420
    RenderBody {BODY} at (8,16) size 784x2388
layer at (8,16) size 760x370
  RenderBlock {DIV} at (0,0) size 760x370 [border: (5px solid #800000)]
    RenderMultiColumnSet at (5,5) size 750x360
layer at (13,21) size 367x700
  RenderMultiColumnFlowThread at (5,5) size 367x700
    RenderText {#text} at (0,0) size 367x699
      text run at (0,0) width 364: "Lorem ipsum dolor sit amet, consectetuer adipiscing elit."
      text run at (0,20) width 362: "Nulla varius enim ac mi. Curabitur sollicitudin felis quis"
      text run at (0,40) width 332: "lectus. Quisque adipiscing rhoncus sem. Proin nulla"
      text run at (0,60) width 367: "purus, vulputate vel, varius ut, euismod et, nisi. Sed vitae"
      text run at (0,80) width 354: "felis vel orci sagittis aliquam. Cras convallis adipiscing"
      text run at (0,100) width 347: "sem. Nam nonummy enim. Nullam bibendum lobortis"
      text run at (0,120) width 351: "neque. Vestibulum velit orci, tempus euismod, pretium"
      text run at (0,140) width 353: "quis, interdum vitae, nulla. Phasellus eget ante et tortor"
      text run at (0,160) width 351: "condimentum vestibulum. Suspendisse hendrerit quam"
      text run at (0,180) width 333: "nec felis. Sed varius turpis vitae pede. Lorem ipsum"
      text run at (0,200) width 279: "dolor sit amet, consectetuer adipiscing elit. "
      text run at (278,200) width 86: "Lorem ipsum"
      text run at (0,220) width 357: "dolor sit amet, consectetuer adipiscing elit. Nulla varius"
      text run at (0,240) width 324: "enim ac mi. Curabitur sollicitudin felis quis lectus."
      text run at (0,260) width 330: "Quisque adipiscing rhoncus sem. Proin nulla purus,"
      text run at (0,280) width 355: "vulputate vel, varius ut, euismod et, nisi. Sed vitae felis"
      text run at (0,300) width 356: "vel orci sagittis aliquam. Cras convallis adipiscing sem."
      text run at (0,320) width 360: "Nam nonummy enim. Nullam bibendum lobortis neque."
      text run at (0,340) width 340: "Vestibulum velit orci, tempus euismod, pretium quis,"
      text run at (0,360) width 318: "interdum vitae, nulla. Phasellus eget ante et tortor"
      text run at (0,380) width 351: "condimentum vestibulum. Suspendisse hendrerit quam"
      text run at (0,400) width 333: "nec felis. Sed varius turpis vitae pede. Lorem ipsum"
      text run at (0,420) width 279: "dolor sit amet, consectetuer adipiscing elit. "
      text run at (278,420) width 86: "Lorem ipsum"
      text run at (0,440) width 357: "dolor sit amet, consectetuer adipiscing elit. Nulla varius"
      text run at (0,460) width 324: "enim ac mi. Curabitur sollicitudin felis quis lectus."
      text run at (0,480) width 330: "Quisque adipiscing rhoncus sem. Proin nulla purus,"
      text run at (0,500) width 355: "vulputate vel, varius ut, euismod et, nisi. Sed vitae felis"
      text run at (0,520) width 356: "vel orci sagittis aliquam. Cras convallis adipiscing sem."
      text run at (0,540) width 360: "Nam nonummy enim. Nullam bibendum lobortis neque."
      text run at (0,560) width 340: "Vestibulum velit orci, tempus euismod, pretium quis,"
      text run at (0,580) width 318: "interdum vitae, nulla. Phasellus eget ante et tortor"
      text run at (0,600) width 351: "condimentum vestibulum. Suspendisse hendrerit quam"
      text run at (0,620) width 333: "nec felis. Sed varius turpis vitae pede. Lorem ipsum"
      text run at (0,640) width 279: "dolor sit amet, consectetuer adipiscing elit. "
      text run at (278,640) width 86: "Lorem ipsum"
      text run at (0,660) width 357: "dolor sit amet, consectetuer adipiscing elit. Nulla varius"
      text run at (0,680) width 76: "enim ac mi."
layer at (8,402) size 760x370
  RenderBlock {DIV} at (0,386) size 760x370 [border: (5px solid #800000)]
    RenderMultiColumnSet at (5,5) size 750x360
layer at (13,407) size 367x700
  RenderMultiColumnFlowThread at (5,5) size 367x700
    RenderText {#text} at (0,0) size 367x699
      text run at (0,0) width 364: "Lorem ipsum dolor sit amet, consectetuer adipiscing elit."
      text run at (0,20) width 362: "Nulla varius enim ac mi. Curabitur sollicitudin felis quis"
      text run at (0,40) width 332: "lectus. Quisque adipiscing rhoncus sem. Proin nulla"
      text run at (0,60) width 367: "purus, vulputate vel, varius ut, euismod et, nisi. Sed vitae"
      text run at (0,80) width 354: "felis vel orci sagittis aliquam. Cras convallis adipiscing"
      text run at (0,100) width 347: "sem. Nam nonummy enim. Nullam bibendum lobortis"
      text run at (0,120) width 351: "neque. Vestibulum velit orci, tempus euismod, pretium"
      text run at (0,140) width 353: "quis, interdum vitae, nulla. Phasellus eget ante et tortor"
      text run at (0,160) width 351: "condimentum vestibulum. Suspendisse hendrerit quam"
      text run at (0,180) width 333: "nec felis. Sed varius turpis vitae pede. Lorem ipsum"
      text run at (0,200) width 279: "dolor sit amet, consectetuer adipiscing elit. "
      text run at (278,200) width 86: "Lorem ipsum"
      text run at (0,220) width 357: "dolor sit amet, consectetuer adipiscing elit. Nulla varius"
      text run at (0,240) width 324: "enim ac mi. Curabitur sollicitudin felis quis lectus."
      text run at (0,260) width 330: "Quisque adipiscing rhoncus sem. Proin nulla purus,"
      text run at (0,280) width 355: "vulputate vel, varius ut, euismod et, nisi. Sed vitae felis"
      text run at (0,300) width 356: "vel orci sagittis aliquam. Cras convallis adipiscing sem."
      text run at (0,320) width 360: "Nam nonummy enim. Nullam bibendum lobortis neque."
      text run at (0,340) width 340: "Vestibulum velit orci, tempus euismod, pretium quis,"
      text run at (0,360) width 318: "interdum vitae, nulla. Phasellus eget ante et tortor"
      text run at (0,380) width 351: "condimentum vestibulum. Suspendisse hendrerit quam"
      text run at (0,400) width 333: "nec felis. Sed varius turpis vitae pede. Lorem ipsum"
      text run at (0,420) width 279: "dolor sit amet, consectetuer adipiscing elit. "
      text run at (278,420) width 86: "Lorem ipsum"
      text run at (0,440) width 357: "dolor sit amet, consectetuer adipiscing elit. Nulla varius"
      text run at (0,460) width 324: "enim ac mi. Curabitur sollicitudin felis quis lectus."
      text run at (0,480) width 330: "Quisque adipiscing rhoncus sem. Proin nulla purus,"
      text run at (0,500) width 355: "vulputate vel, varius ut, euismod et, nisi. Sed vitae felis"
      text run at (0,520) width 356: "vel orci sagittis aliquam. Cras convallis adipiscing sem."
      text run at (0,540) width 360: "Nam nonummy enim. Nullam bibendum lobortis neque."
      text run at (0,560) width 340: "Vestibulum velit orci, tempus euismod, pretium quis,"
      text run at (0,580) width 318: "interdum vitae, nulla. Phasellus eget ante et tortor"
      text run at (0,600) width 351: "condimentum vestibulum. Suspendisse hendrerit quam"
      text run at (0,620) width 333: "nec felis. Sed varius turpis vitae pede. Lorem ipsum"
      text run at (0,640) width 279: "dolor sit amet, consectetuer adipiscing elit. "
      text run at (278,640) width 86: "Lorem ipsum"
      text run at (0,660) width 357: "dolor sit amet, consectetuer adipiscing elit. Nulla varius"
      text run at (0,680) width 76: "enim ac mi."
layer at (8,788) size 760x402
  RenderBlock {DIV} at (0,772) size 760x402 [border: (5px solid #800000)]
    RenderMultiColumnSet at (5,5) size 750x392
layer at (13,793) size 367x748
  RenderMultiColumnFlowThread at (5,5) size 367x748
    RenderBlock {P} at (0,16) size 367x260
      RenderText {#text} at (0,0) size 367x259
        text run at (0,0) width 364: "Lorem ipsum dolor sit amet, consectetuer adipiscing elit."
        text run at (0,20) width 362: "Nulla varius enim ac mi. Curabitur sollicitudin felis quis"
        text run at (0,40) width 332: "lectus. Quisque adipiscing rhoncus sem. Proin nulla"
        text run at (0,60) width 367: "purus, vulputate vel, varius ut, euismod et, nisi. Sed vitae"
        text run at (0,80) width 354: "felis vel orci sagittis aliquam. Cras convallis adipiscing"
        text run at (0,100) width 347: "sem. Nam nonummy enim. Nullam bibendum lobortis"
        text run at (0,120) width 351: "neque. Vestibulum velit orci, tempus euismod, pretium"
        text run at (0,140) width 353: "quis, interdum vitae, nulla. Phasellus eget ante et tortor"
        text run at (0,160) width 351: "condimentum vestibulum. Suspendisse hendrerit quam"
        text run at (0,180) width 333: "nec felis. Sed varius turpis vitae pede. Lorem ipsum"
        text run at (0,200) width 279: "dolor sit amet, consectetuer adipiscing elit. "
        text run at (278,200) width 86: "Lorem ipsum"
        text run at (0,220) width 357: "dolor sit amet, consectetuer adipiscing elit. Nulla varius"
        text run at (0,240) width 76: "enim ac mi."
    RenderBlock {P} at (0,292) size 367x440
      RenderText {#text} at (0,0) size 367x439
        text run at (0,0) width 364: "Lorem ipsum dolor sit amet, consectetuer adipiscing elit."
        text run at (0,20) width 362: "Nulla varius enim ac mi. Curabitur sollicitudin felis quis"
        text run at (0,40) width 332: "lectus. Quisque adipiscing rhoncus sem. Proin nulla"
        text run at (0,60) width 367: "purus, vulputate vel, varius ut, euismod et, nisi. Sed vitae"
        text run at (0,80) width 354: "felis vel orci sagittis aliquam. Cras convallis adipiscing"
        text run at (0,100) width 347: "sem. Nam nonummy enim. Nullam bibendum lobortis"
        text run at (0,120) width 351: "neque. Vestibulum velit orci, tempus euismod, pretium"
        text run at (0,140) width 353: "quis, interdum vitae, nulla. Phasellus eget ante et tortor"
        text run at (0,160) width 351: "condimentum vestibulum. Suspendisse hendrerit quam"
        text run at (0,180) width 333: "nec felis. Sed varius turpis vitae pede. Lorem ipsum"
        text run at (0,200) width 279: "dolor sit amet, consectetuer adipiscing elit. "
        text run at (278,200) width 86: "Lorem ipsum"
        text run at (0,220) width 357: "dolor sit amet, consectetuer adipiscing elit. Nulla varius"
        text run at (0,240) width 324: "enim ac mi. Curabitur sollicitudin felis quis lectus."
        text run at (0,260) width 330: "Quisque adipiscing rhoncus sem. Proin nulla purus,"
        text run at (0,280) width 355: "vulputate vel, varius ut, euismod et, nisi. Sed vitae felis"
        text run at (0,300) width 356: "vel orci sagittis aliquam. Cras convallis adipiscing sem."
        text run at (0,320) width 360: "Nam nonummy enim. Nullam bibendum lobortis neque."
        text run at (0,340) width 340: "Vestibulum velit orci, tempus euismod, pretium quis,"
        text run at (0,360) width 318: "interdum vitae, nulla. Phasellus eget ante et tortor"
        text run at (0,380) width 351: "condimentum vestibulum. Suspendisse hendrerit quam"
        text run at (0,400) width 333: "nec felis. Sed varius turpis vitae pede. Lorem ipsum"
        text run at (0,420) width 275: "dolor sit amet, consectetuer adipiscing elit."
layer at (8,1206) size 760x370
  RenderBlock {DIV} at (0,1190) size 760x370 [border: (5px solid #800000)]
    RenderMultiColumnSet at (5,5) size 750x360
layer at (13,1211) size 367x712
  RenderMultiColumnFlowThread at (5,5) size 367x712
    RenderBlock (anonymous) at (0,0) size 367x460
      RenderText {#text} at (0,0) size 367x259
        text run at (0,0) width 364: "Lorem ipsum dolor sit amet, consectetuer adipiscing elit."
        text run at (0,20) width 362: "Nulla varius enim ac mi. Curabitur sollicitudin felis quis"
        text run at (0,40) width 332: "lectus. Quisque adipiscing rhoncus sem. Proin nulla"
        text run at (0,60) width 367: "purus, vulputate vel, varius ut, euismod et, nisi. Sed vitae"
        text run at (0,80) width 354: "felis vel orci sagittis aliquam. Cras convallis adipiscing"
        text run at (0,100) width 347: "sem. Nam nonummy enim. Nullam bibendum lobortis"
        text run at (0,120) width 351: "neque. Vestibulum velit orci, tempus euismod, pretium"
        text run at (0,140) width 353: "quis, interdum vitae, nulla. Phasellus eget ante et tortor"
        text run at (0,160) width 351: "condimentum vestibulum. Suspendisse hendrerit quam"
        text run at (0,180) width 333: "nec felis. Sed varius turpis vitae pede. Lorem ipsum"
        text run at (0,200) width 279: "dolor sit amet, consectetuer adipiscing elit. "
        text run at (278,200) width 86: "Lorem ipsum"
        text run at (0,220) width 357: "dolor sit amet, consectetuer adipiscing elit. Nulla varius"
        text run at (0,240) width 80: "enim ac mi. "
      RenderInline {SPAN} at (0,0) size 43x19
        RenderText {#text} at (79,240) size 43x19
          text run at (79,240) width 43: "Lorem"
      RenderText {#text} at (121,240) size 366x219
        text run at (121,240) width 224: " ipsum dolor sit amet, consectetuer"
        text run at (0,260) width 322: "adipiscing elit. Nulla varius enim ac mi. Curabitur"
        text run at (0,280) width 362: "sollicitudin felis quis lectus. Quisque adipiscing rhoncus"
        text run at (0,300) width 361: "sem. Proin nulla purus, vulputate vel, varius ut, euismod"
        text run at (0,320) width 336: "et, nisi. Sed vitae felis vel orci sagittis aliquam. Cras"
        text run at (0,340) width 358: "convallis adipiscing sem. Nam nonummy enim. Nullam"
        text run at (0,360) width 356: "bibendum lobortis neque. Vestibulum velit orci, tempus"
        text run at (0,380) width 352: "euismod, pretium quis, interdum vitae, nulla. Phasellus"
        text run at (0,400) width 366: "eget ante et tortor condimentum vestibulum. Suspendisse"
        text run at (0,420) width 344: "hendrerit quam nec felis. Sed varius turpis vitae pede."
        text run at (0,440) width 364: "Lorem ipsum dolor sit amet, consectetuer adipiscing elit."
    RenderBlock {P} at (0,476) size 367x220
      RenderText {#text} at (0,0) size 367x219
        text run at (0,0) width 364: "Lorem ipsum dolor sit amet, consectetuer adipiscing elit."
        text run at (0,20) width 362: "Nulla varius enim ac mi. Curabitur sollicitudin felis quis"
        text run at (0,40) width 332: "lectus. Quisque adipiscing rhoncus sem. Proin nulla"
        text run at (0,60) width 367: "purus, vulputate vel, varius ut, euismod et, nisi. Sed vitae"
        text run at (0,80) width 354: "felis vel orci sagittis aliquam. Cras convallis adipiscing"
        text run at (0,100) width 347: "sem. Nam nonummy enim. Nullam bibendum lobortis"
        text run at (0,120) width 351: "neque. Vestibulum velit orci, tempus euismod, pretium"
        text run at (0,140) width 353: "quis, interdum vitae, nulla. Phasellus eget ante et tortor"
        text run at (0,160) width 351: "condimentum vestibulum. Suspendisse hendrerit quam"
        text run at (0,180) width 333: "nec felis. Sed varius turpis vitae pede. Lorem ipsum"
        text run at (0,200) width 275: "dolor sit amet, consectetuer adipiscing elit."
layer at (8,1592) size 760x390
  RenderBlock {DIV} at (0,1576) size 760x390 [border: (5px solid #800000)]
    RenderMultiColumnSet at (5,5) size 750x380
layer at (13,1597) size 367x732
  RenderMultiColumnFlowThread at (5,5) size 367x732
    RenderBlock (anonymous) at (0,0) size 367x220
      RenderInline {SPAN} at (0,0) size 367x219
        RenderText {#text} at (0,0) size 367x219
          text run at (0,0) width 364: "Lorem ipsum dolor sit amet, consectetuer adipiscing elit."
          text run at (0,20) width 362: "Nulla varius enim ac mi. Curabitur sollicitudin felis quis"
          text run at (0,40) width 332: "lectus. Quisque adipiscing rhoncus sem. Proin nulla"
          text run at (0,60) width 367: "purus, vulputate vel, varius ut, euismod et, nisi. Sed vitae"
          text run at (0,80) width 354: "felis vel orci sagittis aliquam. Cras convallis adipiscing"
          text run at (0,100) width 347: "sem. Nam nonummy enim. Nullam bibendum lobortis"
          text run at (0,120) width 351: "neque. Vestibulum velit orci, tempus euismod, pretium"
          text run at (0,140) width 353: "quis, interdum vitae, nulla. Phasellus eget ante et tortor"
          text run at (0,160) width 351: "condimentum vestibulum. Suspendisse hendrerit quam"
          text run at (0,180) width 333: "nec felis. Sed varius turpis vitae pede. Lorem ipsum"
          text run at (0,200) width 275: "dolor sit amet, consectetuer adipiscing elit."
    RenderBlock (anonymous) at (0,220) size 367x40
      RenderBlock {SPAN} at (0,0) size 367x40
        RenderText {#text} at (0,0) size 364x39
          text run at (0,0) width 364: "Lorem ipsum dolor sit amet, consectetuer adipiscing elit."
          text run at (0,20) width 158: "Nulla varius enim ac mi."
    RenderBlock (anonymous) at (0,260) size 367x220
      RenderInline {SPAN} at (0,0) size 43x19
        RenderText {#text} at (0,0) size 43x19
          text run at (0,0) width 43: "Lorem"
      RenderText {#text} at (42,0) size 367x219
        text run at (42,0) width 322: " ipsum dolor sit amet, consectetuer adipiscing elit."
        text run at (0,20) width 362: "Nulla varius enim ac mi. Curabitur sollicitudin felis quis"
        text run at (0,40) width 332: "lectus. Quisque adipiscing rhoncus sem. Proin nulla"
        text run at (0,60) width 367: "purus, vulputate vel, varius ut, euismod et, nisi. Sed vitae"
        text run at (0,80) width 354: "felis vel orci sagittis aliquam. Cras convallis adipiscing"
        text run at (0,100) width 347: "sem. Nam nonummy enim. Nullam bibendum lobortis"
        text run at (0,120) width 351: "neque. Vestibulum velit orci, tempus euismod, pretium"
        text run at (0,140) width 353: "quis, interdum vitae, nulla. Phasellus eget ante et tortor"
        text run at (0,160) width 351: "condimentum vestibulum. Suspendisse hendrerit quam"
        text run at (0,180) width 333: "nec felis. Sed varius turpis vitae pede. Lorem ipsum"
        text run at (0,200) width 275: "dolor sit amet, consectetuer adipiscing elit."
    RenderBlock {P} at (0,496) size 367x220
      RenderText {#text} at (0,0) size 367x219
        text run at (0,0) width 364: "Lorem ipsum dolor sit amet, consectetuer adipiscing elit."
        text run at (0,20) width 362: "Nulla varius enim ac mi. Curabitur sollicitudin felis quis"
        text run at (0,40) width 332: "lectus. Quisque adipiscing rhoncus sem. Proin nulla"
        text run at (0,60) width 367: "purus, vulputate vel, varius ut, euismod et, nisi. Sed vitae"
        text run at (0,80) width 354: "felis vel orci sagittis aliquam. Cras convallis adipiscing"
        text run at (0,100) width 347: "sem. Nam nonummy enim. Nullam bibendum lobortis"
        text run at (0,120) width 351: "neque. Vestibulum velit orci, tempus euismod, pretium"
        text run at (0,140) width 353: "quis, interdum vitae, nulla. Phasellus eget ante et tortor"
        text run at (0,160) width 351: "condimentum vestibulum. Suspendisse hendrerit quam"
        text run at (0,180) width 333: "nec felis. Sed varius turpis vitae pede. Lorem ipsum"
        text run at (0,200) width 275: "dolor sit amet, consectetuer adipiscing elit."
layer at (8,1998) size 760x406
  RenderBlock {DIV} at (0,1982) size 760x406 [border: (5px solid #800000)]
    RenderMultiColumnSet at (5,5) size 750x396
layer at (13,2003) size 367x792 backgroundClip at (0,0) size 800x2420 clip at (0,0) size 800x2420
  RenderMultiColumnFlowThread at (5,5) size 367x792
    RenderBlock {P} at (0,16) size 367x220
      RenderText {#text} at (0,0) size 367x219
        text run at (0,0) width 364: "Lorem ipsum dolor sit amet, consectetuer adipiscing elit."
        text run at (0,20) width 362: "Nulla varius enim ac mi. Curabitur sollicitudin felis quis"
        text run at (0,40) width 332: "lectus. Quisque adipiscing rhoncus sem. Proin nulla"
        text run at (0,60) width 367: "purus, vulputate vel, varius ut, euismod et, nisi. Sed vitae"
        text run at (0,80) width 354: "felis vel orci sagittis aliquam. Cras convallis adipiscing"
        text run at (0,100) width 347: "sem. Nam nonummy enim. Nullam bibendum lobortis"
        text run at (0,120) width 351: "neque. Vestibulum velit orci, tempus euismod, pretium"
        text run at (0,140) width 353: "quis, interdum vitae, nulla. Phasellus eget ante et tortor"
        text run at (0,160) width 351: "condimentum vestibulum. Suspendisse hendrerit quam"
        text run at (0,180) width 333: "nec felis. Sed varius turpis vitae pede. Lorem ipsum"
        text run at (0,200) width 275: "dolor sit amet, consectetuer adipiscing elit."
    RenderBlock {P} at (0,252) size 367x40
      RenderText {#text} at (0,0) size 364x39
        text run at (0,0) width 364: "Lorem ipsum dolor sit amet, consectetuer adipiscing elit."
        text run at (0,20) width 158: "Nulla varius enim ac mi."
    RenderBlock {P} at (0,308) size 367x228
      RenderText {#text} at (0,0) size 367x227
        text run at (0,0) width 364: "Lorem ipsum dolor sit amet, consectetuer adipiscing elit."
        text run at (0,20) width 362: "Nulla varius enim ac mi. Curabitur sollicitudin felis quis"
        text run at (0,40) width 332: "lectus. Quisque adipiscing rhoncus sem. Proin nulla"
        text run at (0,60) width 367: "purus, vulputate vel, varius ut, euismod et, nisi. Sed vitae"
        text run at (0,88) width 354: "felis vel orci sagittis aliquam. Cras convallis adipiscing"
        text run at (0,108) width 347: "sem. Nam nonummy enim. Nullam bibendum lobortis"
        text run at (0,128) width 351: "neque. Vestibulum velit orci, tempus euismod, pretium"
        text run at (0,148) width 353: "quis, interdum vitae, nulla. Phasellus eget ante et tortor"
        text run at (0,168) width 351: "condimentum vestibulum. Suspendisse hendrerit quam"
        text run at (0,188) width 333: "nec felis. Sed varius turpis vitae pede. Lorem ipsum"
        text run at (0,208) width 275: "dolor sit amet, consectetuer adipiscing elit."
    RenderBlock (anonymous) at (0,552) size 367x20
      RenderInline {SPAN} at (0,0) size 364x19
        RenderText {#text} at (0,0) size 364x19
          text run at (0,0) width 364: "Lorem ipsum dolor sit amet, consectetuer adipiscing elit."
    RenderBlock (anonymous) at (0,572) size 367x20
      RenderBlock {SPAN} at (0,0) size 367x20
        RenderText {#text} at (0,0) size 158x19
          text run at (0,0) width 158: "Nulla varius enim ac mi."
    RenderBlock (anonymous) at (0,592) size 367x200
      RenderInline {SPAN} at (0,0) size 365x199
        RenderText {#text} at (0,0) size 365x199
          text run at (0,0) width 303: "Curabitur sollicitudin felis quis lectus. Quisque"
          text run at (0,20) width 364: "adipiscing rhoncus sem. Proin nulla purus, vulputate vel,"
          text run at (0,40) width 365: "varius ut, euismod et, nisi. Sed vitae felis vel orci sagittis"
          text run at (0,60) width 359: "aliquam. Cras convallis adipiscing sem. Nam nonummy"
          text run at (0,80) width 365: "enim. Nullam bibendum lobortis neque. Vestibulum velit"
          text run at (0,100) width 331: "orci, tempus euismod, pretium quis, interdum vitae,"
          text run at (0,120) width 309: "nulla. Phasellus eget ante et tortor condimentum"
          text run at (0,140) width 349: "vestibulum. Suspendisse hendrerit quam nec felis. Sed"
          text run at (0,160) width 339: "varius turpis vitae pede. Lorem ipsum dolor sit amet,"
          text run at (0,180) width 179: "consectetuer adipiscing elit."
      RenderText {#text} at (0,0) size 0x0
