layer at (0,0) size 800x2977
  RenderView at (0,0) size 800x600
layer at (0,0) size 800x2977
  RenderBlock {HTML} at (0,0) size 800x2977
    RenderBody {BODY} at (8,16) size 784x2945
layer at (8,16) size 760x460
  RenderBlock {DIV} at (0,0) size 760x460 [border: (5px solid #800000)]
    RenderMultiColumnSet at (5,5) size 750x20
    RenderBlock {H2} at (5,44) size 750x31 [bgcolor=#EEEEEE]
      RenderText {#text} at (0,1) size 277x28
        text run at (0,1) width 277: "This is a spanning element."
    RenderMultiColumnSet at (5,94) size 750x361
layer at (13,21) size 367x740
  RenderMultiColumnFlowThread at (5,5) size 367x740
    RenderBlock (generated) at (0,0) size 367x20 [bgcolor=#FFFF00]
      RenderText at (0,0) size 168x19
        text run at (0,0) width 168: "Before Generated Content"
    RenderMultiColumnSpannerPlaceholder at (0,20) size 0x0
    RenderBlock (anonymous) at (0,20) size 367x700
      RenderText {#text} at (0,0) size 367x699
        text run at (0,0) width 364: "Lorem ipsum dolor sit amet, consectetuer adipiscing elit."
        text run at (0,20) width 362: "Nulla varius enim ac mi. Curabitur sollicitudin felis quis"
        text run at (0,40) width 332: "lectus. Quisque adipiscing rhoncus sem. Proin nulla"
        text run at (0,60) width 367: "purus, vulputate vel, varius ut, euismod et, nisi. Sed vitae"
        text run at (0,80) width 354: "felis vel orci sagittis aliquam. Cras convallis adipiscing"
        text run at (0,100) width 347: "sem. Nam nonummy enim. Nullam bibendum lobortis"
        text run at (0,120) width 351: "neque. Vestibulum velit orci, tempus euismod, pretium"
        text run at (0,140) width 353: "quis, interdum vitae, nulla. Phasellus eget ante et tortor"
        text run at (0,160) width 351: "condimentum vestibulum. Suspendisse hendrerit quam"
        text run at (0,180) width 333: "nec felis. Sed varius turpis vitae pede. Lorem ipsum"
        text run at (0,200) width 279: "dolor sit amet, consectetuer adipiscing elit. "
        text run at (278,200) width 86: "Lorem ipsum"
        text run at (0,220) width 357: "dolor sit amet, consectetuer adipiscing elit. Nulla varius"
        text run at (0,240) width 324: "enim ac mi. Curabitur sollicitudin felis quis lectus."
        text run at (0,260) width 330: "Quisque adipiscing rhoncus sem. Proin nulla purus,"
        text run at (0,280) width 355: "vulputate vel, varius ut, euismod et, nisi. Sed vitae felis"
        text run at (0,300) width 356: "vel orci sagittis aliquam. Cras convallis adipiscing sem."
        text run at (0,320) width 360: "Nam nonummy enim. Nullam bibendum lobortis neque."
        text run at (0,340) width 340: "Vestibulum velit orci, tempus euismod, pretium quis,"
        text run at (0,360) width 318: "interdum vitae, nulla. Phasellus eget ante et tortor"
        text run at (0,380) width 351: "condimentum vestibulum. Suspendisse hendrerit quam"
        text run at (0,400) width 333: "nec felis. Sed varius turpis vitae pede. Lorem ipsum"
        text run at (0,420) width 279: "dolor sit amet, consectetuer adipiscing elit. "
        text run at (278,420) width 86: "Lorem ipsum"
        text run at (0,440) width 357: "dolor sit amet, consectetuer adipiscing elit. Nulla varius"
        text run at (0,460) width 324: "enim ac mi. Curabitur sollicitudin felis quis lectus."
        text run at (0,480) width 330: "Quisque adipiscing rhoncus sem. Proin nulla purus,"
        text run at (0,500) width 355: "vulputate vel, varius ut, euismod et, nisi. Sed vitae felis"
        text run at (0,520) width 356: "vel orci sagittis aliquam. Cras convallis adipiscing sem."
        text run at (0,540) width 360: "Nam nonummy enim. Nullam bibendum lobortis neque."
        text run at (0,560) width 340: "Vestibulum velit orci, tempus euismod, pretium quis,"
        text run at (0,580) width 318: "interdum vitae, nulla. Phasellus eget ante et tortor"
        text run at (0,600) width 351: "condimentum vestibulum. Suspendisse hendrerit quam"
        text run at (0,620) width 333: "nec felis. Sed varius turpis vitae pede. Lorem ipsum"
        text run at (0,640) width 279: "dolor sit amet, consectetuer adipiscing elit. "
        text run at (278,640) width 86: "Lorem ipsum"
        text run at (0,660) width 357: "dolor sit amet, consectetuer adipiscing elit. Nulla varius"
        text run at (0,680) width 76: "enim ac mi."
    RenderBlock (generated) at (0,720) size 367x20 [bgcolor=#FFFF00]
      RenderText at (0,0) size 159x19
        text run at (0,0) width 159: "After Generated Content"
layer at (8,492) size 760x460
  RenderBlock {DIV} at (0,475) size 760x461 [border: (5px solid #800000)]
    RenderMultiColumnSet at (5,5) size 750x360
    RenderBlock {H2} at (5,384) size 750x31 [bgcolor=#EEEEEE]
      RenderText {#text} at (0,1) size 277x28
        text run at (0,1) width 277: "This is a spanning element."
    RenderMultiColumnSet at (5,434) size 750x21
layer at (13,497) size 367x740
  RenderMultiColumnFlowThread at (5,5) size 367x740
    RenderBlock (generated) at (0,0) size 367x20 [bgcolor=#FFFF00]
      RenderText at (0,0) size 168x19
        text run at (0,0) width 168: "Before Generated Content"
    RenderBlock (anonymous) at (0,20) size 367x700
      RenderText {#text} at (0,0) size 367x699
        text run at (0,0) width 364: "Lorem ipsum dolor sit amet, consectetuer adipiscing elit."
        text run at (0,20) width 362: "Nulla varius enim ac mi. Curabitur sollicitudin felis quis"
        text run at (0,40) width 332: "lectus. Quisque adipiscing rhoncus sem. Proin nulla"
        text run at (0,60) width 367: "purus, vulputate vel, varius ut, euismod et, nisi. Sed vitae"
        text run at (0,80) width 354: "felis vel orci sagittis aliquam. Cras convallis adipiscing"
        text run at (0,100) width 347: "sem. Nam nonummy enim. Nullam bibendum lobortis"
        text run at (0,120) width 351: "neque. Vestibulum velit orci, tempus euismod, pretium"
        text run at (0,140) width 353: "quis, interdum vitae, nulla. Phasellus eget ante et tortor"
        text run at (0,160) width 351: "condimentum vestibulum. Suspendisse hendrerit quam"
        text run at (0,180) width 333: "nec felis. Sed varius turpis vitae pede. Lorem ipsum"
        text run at (0,200) width 279: "dolor sit amet, consectetuer adipiscing elit. "
        text run at (278,200) width 86: "Lorem ipsum"
        text run at (0,220) width 357: "dolor sit amet, consectetuer adipiscing elit. Nulla varius"
        text run at (0,240) width 324: "enim ac mi. Curabitur sollicitudin felis quis lectus."
        text run at (0,260) width 330: "Quisque adipiscing rhoncus sem. Proin nulla purus,"
        text run at (0,280) width 355: "vulputate vel, varius ut, euismod et, nisi. Sed vitae felis"
        text run at (0,300) width 356: "vel orci sagittis aliquam. Cras convallis adipiscing sem."
        text run at (0,320) width 360: "Nam nonummy enim. Nullam bibendum lobortis neque."
        text run at (0,340) width 340: "Vestibulum velit orci, tempus euismod, pretium quis,"
        text run at (0,360) width 318: "interdum vitae, nulla. Phasellus eget ante et tortor"
        text run at (0,380) width 351: "condimentum vestibulum. Suspendisse hendrerit quam"
        text run at (0,400) width 333: "nec felis. Sed varius turpis vitae pede. Lorem ipsum"
        text run at (0,420) width 279: "dolor sit amet, consectetuer adipiscing elit. "
        text run at (278,420) width 86: "Lorem ipsum"
        text run at (0,440) width 357: "dolor sit amet, consectetuer adipiscing elit. Nulla varius"
        text run at (0,460) width 324: "enim ac mi. Curabitur sollicitudin felis quis lectus."
        text run at (0,480) width 330: "Quisque adipiscing rhoncus sem. Proin nulla purus,"
        text run at (0,500) width 355: "vulputate vel, varius ut, euismod et, nisi. Sed vitae felis"
        text run at (0,520) width 356: "vel orci sagittis aliquam. Cras convallis adipiscing sem."
        text run at (0,540) width 360: "Nam nonummy enim. Nullam bibendum lobortis neque."
        text run at (0,560) width 340: "Vestibulum velit orci, tempus euismod, pretium quis,"
        text run at (0,580) width 318: "interdum vitae, nulla. Phasellus eget ante et tortor"
        text run at (0,600) width 351: "condimentum vestibulum. Suspendisse hendrerit quam"
        text run at (0,620) width 333: "nec felis. Sed varius turpis vitae pede. Lorem ipsum"
        text run at (0,640) width 279: "dolor sit amet, consectetuer adipiscing elit. "
        text run at (278,640) width 86: "Lorem ipsum"
        text run at (0,660) width 357: "dolor sit amet, consectetuer adipiscing elit. Nulla varius"
        text run at (0,680) width 76: "enim ac mi."
    RenderMultiColumnSpannerPlaceholder at (0,720) size 0x0
    RenderBlock (generated) at (0,720) size 367x20 [bgcolor=#FFFF00]
      RenderText at (0,0) size 159x19
        text run at (0,0) width 159: "After Generated Content"
layer at (8,968) size 760x491
  RenderBlock {DIV} at (0,951) size 760x493 [border: (5px solid #800000)]
    RenderMultiColumnSet at (5,5) size 750x156
    RenderBlock {H2} at (5,180) size 750x31 [bgcolor=#EEEEEE]
      RenderText {#text} at (0,1) size 277x28
        text run at (0,1) width 277: "This is a spanning element."
    RenderMultiColumnSet at (5,230) size 750x257
layer at (13,973) size 367x804
  RenderMultiColumnFlowThread at (5,5) size 367x804
    RenderBlock (generated) at (0,0) size 367x20 [bgcolor=#FFFF00]
      RenderText at (0,0) size 168x19
        text run at (0,0) width 168: "Before Generated Content"
    RenderBlock {P} at (0,36) size 367x260
      RenderText {#text} at (0,0) size 367x259
        text run at (0,0) width 364: "Lorem ipsum dolor sit amet, consectetuer adipiscing elit."
        text run at (0,20) width 362: "Nulla varius enim ac mi. Curabitur sollicitudin felis quis"
        text run at (0,40) width 332: "lectus. Quisque adipiscing rhoncus sem. Proin nulla"
        text run at (0,60) width 367: "purus, vulputate vel, varius ut, euismod et, nisi. Sed vitae"
        text run at (0,80) width 354: "felis vel orci sagittis aliquam. Cras convallis adipiscing"
        text run at (0,100) width 347: "sem. Nam nonummy enim. Nullam bibendum lobortis"
        text run at (0,120) width 351: "neque. Vestibulum velit orci, tempus euismod, pretium"
        text run at (0,140) width 353: "quis, interdum vitae, nulla. Phasellus eget ante et tortor"
        text run at (0,160) width 351: "condimentum vestibulum. Suspendisse hendrerit quam"
        text run at (0,180) width 333: "nec felis. Sed varius turpis vitae pede. Lorem ipsum"
        text run at (0,200) width 279: "dolor sit amet, consectetuer adipiscing elit. "
        text run at (278,200) width 86: "Lorem ipsum"
        text run at (0,220) width 357: "dolor sit amet, consectetuer adipiscing elit. Nulla varius"
        text run at (0,240) width 76: "enim ac mi."
    RenderMultiColumnSpannerPlaceholder at (0,312) size 0x0
    RenderBlock {P} at (0,328) size 367x440
      RenderText {#text} at (0,0) size 367x439
        text run at (0,0) width 364: "Lorem ipsum dolor sit amet, consectetuer adipiscing elit."
        text run at (0,20) width 362: "Nulla varius enim ac mi. Curabitur sollicitudin felis quis"
        text run at (0,40) width 332: "lectus. Quisque adipiscing rhoncus sem. Proin nulla"
        text run at (0,60) width 367: "purus, vulputate vel, varius ut, euismod et, nisi. Sed vitae"
        text run at (0,80) width 354: "felis vel orci sagittis aliquam. Cras convallis adipiscing"
        text run at (0,100) width 347: "sem. Nam nonummy enim. Nullam bibendum lobortis"
        text run at (0,120) width 351: "neque. Vestibulum velit orci, tempus euismod, pretium"
        text run at (0,140) width 353: "quis, interdum vitae, nulla. Phasellus eget ante et tortor"
        text run at (0,160) width 351: "condimentum vestibulum. Suspendisse hendrerit quam"
        text run at (0,180) width 333: "nec felis. Sed varius turpis vitae pede. Lorem ipsum"
        text run at (0,200) width 279: "dolor sit amet, consectetuer adipiscing elit. "
        text run at (278,200) width 86: "Lorem ipsum"
        text run at (0,220) width 357: "dolor sit amet, consectetuer adipiscing elit. Nulla varius"
        text run at (0,240) width 324: "enim ac mi. Curabitur sollicitudin felis quis lectus."
        text run at (0,260) width 330: "Quisque adipiscing rhoncus sem. Proin nulla purus,"
        text run at (0,280) width 355: "vulputate vel, varius ut, euismod et, nisi. Sed vitae felis"
        text run at (0,300) width 356: "vel orci sagittis aliquam. Cras convallis adipiscing sem."
        text run at (0,320) width 360: "Nam nonummy enim. Nullam bibendum lobortis neque."
        text run at (0,340) width 340: "Vestibulum velit orci, tempus euismod, pretium quis,"
        text run at (0,360) width 318: "interdum vitae, nulla. Phasellus eget ante et tortor"
        text run at (0,380) width 351: "condimentum vestibulum. Suspendisse hendrerit quam"
        text run at (0,400) width 333: "nec felis. Sed varius turpis vitae pede. Lorem ipsum"
        text run at (0,420) width 275: "dolor sit amet, consectetuer adipiscing elit."
    RenderBlock (generated) at (0,784) size 367x20 [bgcolor=#FFFF00]
      RenderText at (0,0) size 159x19
        text run at (0,0) width 159: "After Generated Content"
layer at (8,1475) size 760x476
  RenderBlock {DIV} at (0,1459) size 760x477 [border: (5px solid #800000)]
    RenderMultiColumnSet at (5,5) size 750x140
    RenderBlock {H2} at (5,164) size 750x31 [bgcolor=#EEEEEE]
      RenderText {#text} at (0,1) size 277x28
        text run at (0,1) width 277: "This is a spanning element."
    RenderMultiColumnSet at (5,214) size 750x257
layer at (13,1480) size 367x772
  RenderMultiColumnFlowThread at (5,5) size 367x772
    RenderBlock (generated) at (0,0) size 367x20 [bgcolor=#FFFF00]
      RenderText at (0,0) size 168x19
        text run at (0,0) width 168: "Before Generated Content"
    RenderBlock (anonymous) at (0,20) size 367x260
      RenderText {#text} at (0,0) size 367x259
        text run at (0,0) width 364: "Lorem ipsum dolor sit amet, consectetuer adipiscing elit."
        text run at (0,20) width 362: "Nulla varius enim ac mi. Curabitur sollicitudin felis quis"
        text run at (0,40) width 332: "lectus. Quisque adipiscing rhoncus sem. Proin nulla"
        text run at (0,60) width 367: "purus, vulputate vel, varius ut, euismod et, nisi. Sed vitae"
        text run at (0,80) width 354: "felis vel orci sagittis aliquam. Cras convallis adipiscing"
        text run at (0,100) width 347: "sem. Nam nonummy enim. Nullam bibendum lobortis"
        text run at (0,120) width 351: "neque. Vestibulum velit orci, tempus euismod, pretium"
        text run at (0,140) width 353: "quis, interdum vitae, nulla. Phasellus eget ante et tortor"
        text run at (0,160) width 351: "condimentum vestibulum. Suspendisse hendrerit quam"
        text run at (0,180) width 333: "nec felis. Sed varius turpis vitae pede. Lorem ipsum"
        text run at (0,200) width 279: "dolor sit amet, consectetuer adipiscing elit. "
        text run at (278,200) width 86: "Lorem ipsum"
        text run at (0,220) width 357: "dolor sit amet, consectetuer adipiscing elit. Nulla varius"
        text run at (0,240) width 76: "enim ac mi."
    RenderMultiColumnSpannerPlaceholder at (0,280) size 0x0
    RenderBlock (anonymous) at (0,280) size 367x220
      RenderInline {SPAN} at (0,0) size 43x19
        RenderText {#text} at (0,0) size 43x19
          text run at (0,0) width 43: "Lorem"
      RenderText {#text} at (42,0) size 367x219
        text run at (42,0) width 322: " ipsum dolor sit amet, consectetuer adipiscing elit."
        text run at (0,20) width 362: "Nulla varius enim ac mi. Curabitur sollicitudin felis quis"
        text run at (0,40) width 332: "lectus. Quisque adipiscing rhoncus sem. Proin nulla"
        text run at (0,60) width 367: "purus, vulputate vel, varius ut, euismod et, nisi. Sed vitae"
        text run at (0,80) width 354: "felis vel orci sagittis aliquam. Cras convallis adipiscing"
        text run at (0,100) width 347: "sem. Nam nonummy enim. Nullam bibendum lobortis"
        text run at (0,120) width 351: "neque. Vestibulum velit orci, tempus euismod, pretium"
        text run at (0,140) width 353: "quis, interdum vitae, nulla. Phasellus eget ante et tortor"
        text run at (0,160) width 351: "condimentum vestibulum. Suspendisse hendrerit quam"
        text run at (0,180) width 333: "nec felis. Sed varius turpis vitae pede. Lorem ipsum"
        text run at (0,200) width 275: "dolor sit amet, consectetuer adipiscing elit."
    RenderBlock {P} at (0,516) size 367x220
      RenderText {#text} at (0,0) size 367x219
        text run at (0,0) width 364: "Lorem ipsum dolor sit amet, consectetuer adipiscing elit."
        text run at (0,20) width 362: "Nulla varius enim ac mi. Curabitur sollicitudin felis quis"
        text run at (0,40) width 332: "lectus. Quisque adipiscing rhoncus sem. Proin nulla"
        text run at (0,60) width 367: "purus, vulputate vel, varius ut, euismod et, nisi. Sed vitae"
        text run at (0,80) width 354: "felis vel orci sagittis aliquam. Cras convallis adipiscing"
        text run at (0,100) width 347: "sem. Nam nonummy enim. Nullam bibendum lobortis"
        text run at (0,120) width 351: "neque. Vestibulum velit orci, tempus euismod, pretium"
        text run at (0,140) width 353: "quis, interdum vitae, nulla. Phasellus eget ante et tortor"
        text run at (0,160) width 351: "condimentum vestibulum. Suspendisse hendrerit quam"
        text run at (0,180) width 333: "nec felis. Sed varius turpis vitae pede. Lorem ipsum"
        text run at (0,200) width 275: "dolor sit amet, consectetuer adipiscing elit."
    RenderBlock (generated) at (0,752) size 367x20 [bgcolor=#FFFF00]
      RenderText at (0,0) size 159x19
        text run at (0,0) width 159: "After Generated Content"
layer at (8,1967) size 760x476
  RenderBlock {DIV} at (0,1951) size 760x477 [border: (5px solid #800000)]
    RenderMultiColumnSet at (5,5) size 750x260
    RenderBlock {H2} at (5,284) size 750x31 [bgcolor=#EEEEEE]
      RenderText {#text} at (0,1) size 277x28
        text run at (0,1) width 277: "This is a spanning element."
    RenderMultiColumnSet at (5,334) size 750x137
layer at (13,1972) size 367x772
  RenderMultiColumnFlowThread at (5,5) size 367x772
    RenderBlock (generated) at (0,0) size 367x20 [bgcolor=#FFFF00]
      RenderText at (0,0) size 168x19
        text run at (0,0) width 168: "Before Generated Content"
    RenderBlock (anonymous) at (0,20) size 367x220
      RenderInline {SPAN} at (0,0) size 367x219
        RenderText {#text} at (0,0) size 367x219
          text run at (0,0) width 364: "Lorem ipsum dolor sit amet, consectetuer adipiscing elit."
          text run at (0,20) width 362: "Nulla varius enim ac mi. Curabitur sollicitudin felis quis"
          text run at (0,40) width 332: "lectus. Quisque adipiscing rhoncus sem. Proin nulla"
          text run at (0,60) width 367: "purus, vulputate vel, varius ut, euismod et, nisi. Sed vitae"
          text run at (0,80) width 354: "felis vel orci sagittis aliquam. Cras convallis adipiscing"
          text run at (0,100) width 347: "sem. Nam nonummy enim. Nullam bibendum lobortis"
          text run at (0,120) width 351: "neque. Vestibulum velit orci, tempus euismod, pretium"
          text run at (0,140) width 353: "quis, interdum vitae, nulla. Phasellus eget ante et tortor"
          text run at (0,160) width 351: "condimentum vestibulum. Suspendisse hendrerit quam"
          text run at (0,180) width 333: "nec felis. Sed varius turpis vitae pede. Lorem ipsum"
          text run at (0,200) width 275: "dolor sit amet, consectetuer adipiscing elit."
    RenderBlock (anonymous) at (0,240) size 367x40
      RenderBlock {SPAN} at (0,0) size 367x40
        RenderText {#text} at (0,0) size 364x39
          text run at (0,0) width 364: "Lorem ipsum dolor sit amet, consectetuer adipiscing elit."
          text run at (0,20) width 158: "Nulla varius enim ac mi."
    RenderBlock (anonymous) at (0,280) size 367x220
      RenderInline {SPAN} at (0,0) size 43x19
        RenderText {#text} at (0,0) size 43x19
          text run at (0,0) width 43: "Lorem"
      RenderText {#text} at (42,0) size 367x219
        text run at (42,0) width 322: " ipsum dolor sit amet, consectetuer adipiscing elit."
        text run at (0,20) width 362: "Nulla varius enim ac mi. Curabitur sollicitudin felis quis"
        text run at (0,40) width 332: "lectus. Quisque adipiscing rhoncus sem. Proin nulla"
        text run at (0,60) width 367: "purus, vulputate vel, varius ut, euismod et, nisi. Sed vitae"
        text run at (0,80) width 354: "felis vel orci sagittis aliquam. Cras convallis adipiscing"
        text run at (0,100) width 347: "sem. Nam nonummy enim. Nullam bibendum lobortis"
        text run at (0,120) width 351: "neque. Vestibulum velit orci, tempus euismod, pretium"
        text run at (0,140) width 353: "quis, interdum vitae, nulla. Phasellus eget ante et tortor"
        text run at (0,160) width 351: "condimentum vestibulum. Suspendisse hendrerit quam"
        text run at (0,180) width 333: "nec felis. Sed varius turpis vitae pede. Lorem ipsum"
        text run at (0,200) width 275: "dolor sit amet, consectetuer adipiscing elit."
    RenderMultiColumnSpannerPlaceholder at (0,500) size 0x0
    RenderBlock {P} at (0,516) size 367x220
      RenderText {#text} at (0,0) size 367x219
        text run at (0,0) width 364: "Lorem ipsum dolor sit amet, consectetuer adipiscing elit."
        text run at (0,20) width 362: "Nulla varius enim ac mi. Curabitur sollicitudin felis quis"
        text run at (0,40) width 332: "lectus. Quisque adipiscing rhoncus sem. Proin nulla"
        text run at (0,60) width 367: "purus, vulputate vel, varius ut, euismod et, nisi. Sed vitae"
        text run at (0,80) width 354: "felis vel orci sagittis aliquam. Cras convallis adipiscing"
        text run at (0,100) width 347: "sem. Nam nonummy enim. Nullam bibendum lobortis"
        text run at (0,120) width 351: "neque. Vestibulum velit orci, tempus euismod, pretium"
        text run at (0,140) width 353: "quis, interdum vitae, nulla. Phasellus eget ante et tortor"
        text run at (0,160) width 351: "condimentum vestibulum. Suspendisse hendrerit quam"
        text run at (0,180) width 333: "nec felis. Sed varius turpis vitae pede. Lorem ipsum"
        text run at (0,200) width 275: "dolor sit amet, consectetuer adipiscing elit."
    RenderBlock (generated) at (0,752) size 367x20 [bgcolor=#FFFF00]
      RenderText at (0,0) size 159x19
        text run at (0,0) width 159: "After Generated Content"
layer at (8,2459) size 760x502
  RenderBlock {DIV} at (0,2443) size 760x502 [border: (5px solid #800000)]
    RenderMultiColumnSet at (5,5) size 750x282
    RenderBlock {H2} at (5,306) size 750x31 [bgcolor=#EEEEEE]
      RenderText {#text} at (0,1) size 277x28
        text run at (0,1) width 277: "This is a spanning element."
    RenderMultiColumnSet at (5,356) size 750x141
layer at (13,2464) size 367x824 backgroundClip at (0,0) size 800x2977 clip at (0,0) size 800x2977
  RenderMultiColumnFlowThread at (5,5) size 367x824
    RenderBlock (generated) at (0,0) size 367x20 [bgcolor=#FFFF00]
      RenderText at (0,0) size 168x19
        text run at (0,0) width 168: "Before Generated Content"
    RenderBlock {P} at (0,36) size 367x220
      RenderText {#text} at (0,0) size 367x219
        text run at (0,0) width 364: "Lorem ipsum dolor sit amet, consectetuer adipiscing elit."
        text run at (0,20) width 362: "Nulla varius enim ac mi. Curabitur sollicitudin felis quis"
        text run at (0,40) width 332: "lectus. Quisque adipiscing rhoncus sem. Proin nulla"
        text run at (0,60) width 367: "purus, vulputate vel, varius ut, euismod et, nisi. Sed vitae"
        text run at (0,80) width 354: "felis vel orci sagittis aliquam. Cras convallis adipiscing"
        text run at (0,100) width 347: "sem. Nam nonummy enim. Nullam bibendum lobortis"
        text run at (0,120) width 351: "neque. Vestibulum velit orci, tempus euismod, pretium"
        text run at (0,140) width 353: "quis, interdum vitae, nulla. Phasellus eget ante et tortor"
        text run at (0,160) width 351: "condimentum vestibulum. Suspendisse hendrerit quam"
        text run at (0,180) width 333: "nec felis. Sed varius turpis vitae pede. Lorem ipsum"
        text run at (0,200) width 275: "dolor sit amet, consectetuer adipiscing elit."
    RenderBlock {P} at (0,282) size 367x40
      RenderText {#text} at (0,0) size 364x39
        text run at (0,0) width 364: "Lorem ipsum dolor sit amet, consectetuer adipiscing elit."
        text run at (0,20) width 158: "Nulla varius enim ac mi."
    RenderBlock {P} at (0,338) size 367x220
      RenderText {#text} at (0,0) size 367x219
        text run at (0,0) width 364: "Lorem ipsum dolor sit amet, consectetuer adipiscing elit."
        text run at (0,20) width 362: "Nulla varius enim ac mi. Curabitur sollicitudin felis quis"
        text run at (0,40) width 332: "lectus. Quisque adipiscing rhoncus sem. Proin nulla"
        text run at (0,60) width 367: "purus, vulputate vel, varius ut, euismod et, nisi. Sed vitae"
        text run at (0,80) width 354: "felis vel orci sagittis aliquam. Cras convallis adipiscing"
        text run at (0,100) width 347: "sem. Nam nonummy enim. Nullam bibendum lobortis"
        text run at (0,120) width 351: "neque. Vestibulum velit orci, tempus euismod, pretium"
        text run at (0,140) width 353: "quis, interdum vitae, nulla. Phasellus eget ante et tortor"
        text run at (0,160) width 351: "condimentum vestibulum. Suspendisse hendrerit quam"
        text run at (0,180) width 333: "nec felis. Sed varius turpis vitae pede. Lorem ipsum"
        text run at (0,200) width 275: "dolor sit amet, consectetuer adipiscing elit."
    RenderMultiColumnSpannerPlaceholder at (0,564) size 0x0
    RenderBlock (anonymous) at (0,564) size 367x20
      RenderInline {SPAN} at (0,0) size 364x19
        RenderText {#text} at (0,0) size 364x19
          text run at (0,0) width 364: "Lorem ipsum dolor sit amet, consectetuer adipiscing elit."
    RenderBlock (anonymous) at (0,584) size 367x20
      RenderBlock {SPAN} at (0,0) size 367x20
        RenderText {#text} at (0,0) size 158x19
          text run at (0,0) width 158: "Nulla varius enim ac mi."
    RenderBlock (anonymous) at (0,604) size 367x200
      RenderInline {SPAN} at (0,0) size 365x199
        RenderText {#text} at (0,0) size 365x199
          text run at (0,0) width 303: "Curabitur sollicitudin felis quis lectus. Quisque"
          text run at (0,20) width 364: "adipiscing rhoncus sem. Proin nulla purus, vulputate vel,"
          text run at (0,40) width 365: "varius ut, euismod et, nisi. Sed vitae felis vel orci sagittis"
          text run at (0,60) width 359: "aliquam. Cras convallis adipiscing sem. Nam nonummy"
          text run at (0,80) width 365: "enim. Nullam bibendum lobortis neque. Vestibulum velit"
          text run at (0,100) width 331: "orci, tempus euismod, pretium quis, interdum vitae,"
          text run at (0,120) width 309: "nulla. Phasellus eget ante et tortor condimentum"
          text run at (0,140) width 349: "vestibulum. Suspendisse hendrerit quam nec felis. Sed"
          text run at (0,160) width 339: "varius turpis vitae pede. Lorem ipsum dolor sit amet,"
          text run at (0,180) width 179: "consectetuer adipiscing elit."
      RenderText {#text} at (0,0) size 0x0
    RenderBlock (generated) at (0,804) size 367x20 [bgcolor=#FFFF00]
      RenderText at (0,0) size 159x19
        text run at (0,0) width 159: "After Generated Content"
