layer at (0,0) size 800x1407
  RenderView at (0,0) size 800x600
layer at (0,0) size 800x1407
  RenderBlock {HTML} at (0,0) size 800x1408
    RenderBody {BODY} at (8,16) size 784x1376
layer at (8,16) size 760x448
  RenderBlock {DIV} at (0,0) size 760x448 [border: (5px solid #800000)]
    RenderMultiColumnSet at (5,5) size 750x8
    RenderBlock {H2} at (5,32) size 750x31 [bgcolor=#EEEEEE]
      RenderText {#text} at (0,1) size 666x28
        text run at (0,1) width 666: "This is a spanning element at the beginning of the columns block."
    RenderMultiColumnSet at (5,82) size 750x361
layer at (13,21) size 367x728
  RenderMultiColumnFlowThread at (5,5) size 367x728
    RenderBlock {SPAN} at (0,8) size 367x220 [color=#FFFFFF] [bgcolor=#000000]
      RenderMultiColumnSpannerPlaceholder at (0,0) size 0x0
      RenderBlock (anonymous) at (0,0) size 367x220
        RenderText {#text} at (0,0) size 367x219
          text run at (0,0) width 364: "Lorem ipsum dolor sit amet, consectetuer adipiscing elit."
          text run at (0,20) width 362: "Nulla varius enim ac mi. Curabitur sollicitudin felis quis"
          text run at (0,40) width 332: "lectus. Quisque adipiscing rhoncus sem. Proin nulla"
          text run at (0,60) width 367: "purus, vulputate vel, varius ut, euismod et, nisi. Sed vitae"
          text run at (0,80) width 354: "felis vel orci sagittis aliquam. Cras convallis adipiscing"
          text run at (0,100) width 347: "sem. Nam nonummy enim. Nullam bibendum lobortis"
          text run at (0,120) width 351: "neque. Vestibulum velit orci, tempus euismod, pretium"
          text run at (0,140) width 353: "quis, interdum vitae, nulla. Phasellus eget ante et tortor"
          text run at (0,160) width 351: "condimentum vestibulum. Suspendisse hendrerit quam"
          text run at (0,180) width 333: "nec felis. Sed varius turpis vitae pede. Lorem ipsum"
          text run at (0,200) width 275: "dolor sit amet, consectetuer adipiscing elit."
    RenderBlock (anonymous) at (0,244) size 367x484
      RenderText {#text} at (0,0) size 367x483
        text run at (0,0) width 364: "Lorem ipsum dolor sit amet, consectetuer adipiscing elit."
        text run at (0,20) width 362: "Nulla varius enim ac mi. Curabitur sollicitudin felis quis"
        text run at (0,40) width 332: "lectus. Quisque adipiscing rhoncus sem. Proin nulla"
        text run at (0,60) width 367: "purus, vulputate vel, varius ut, euismod et, nisi. Sed vitae"
        text run at (0,80) width 354: "felis vel orci sagittis aliquam. Cras convallis adipiscing"
        text run at (0,100) width 347: "sem. Nam nonummy enim. Nullam bibendum lobortis"
        text run at (0,124) width 351: "neque. Vestibulum velit orci, tempus euismod, pretium"
        text run at (0,144) width 353: "quis, interdum vitae, nulla. Phasellus eget ante et tortor"
        text run at (0,164) width 351: "condimentum vestibulum. Suspendisse hendrerit quam"
        text run at (0,184) width 333: "nec felis. Sed varius turpis vitae pede. Lorem ipsum"
        text run at (0,204) width 279: "dolor sit amet, consectetuer adipiscing elit. "
        text run at (278,204) width 86: "Lorem ipsum"
        text run at (0,224) width 357: "dolor sit amet, consectetuer adipiscing elit. Nulla varius"
        text run at (0,244) width 324: "enim ac mi. Curabitur sollicitudin felis quis lectus."
        text run at (0,264) width 330: "Quisque adipiscing rhoncus sem. Proin nulla purus,"
        text run at (0,284) width 355: "vulputate vel, varius ut, euismod et, nisi. Sed vitae felis"
        text run at (0,304) width 356: "vel orci sagittis aliquam. Cras convallis adipiscing sem."
        text run at (0,324) width 360: "Nam nonummy enim. Nullam bibendum lobortis neque."
        text run at (0,344) width 340: "Vestibulum velit orci, tempus euismod, pretium quis,"
        text run at (0,364) width 318: "interdum vitae, nulla. Phasellus eget ante et tortor"
        text run at (0,384) width 351: "condimentum vestibulum. Suspendisse hendrerit quam"
        text run at (0,404) width 333: "nec felis. Sed varius turpis vitae pede. Lorem ipsum"
        text run at (0,424) width 279: "dolor sit amet, consectetuer adipiscing elit. "
        text run at (278,424) width 86: "Lorem ipsum"
        text run at (0,444) width 357: "dolor sit amet, consectetuer adipiscing elit. Nulla varius"
        text run at (0,464) width 76: "enim ac mi."
layer at (8,480) size 760x448
  RenderBlock {DIV} at (0,463) size 760x449 [border: (5px solid #800000)]
    RenderMultiColumnSet at (5,5) size 750x360
    RenderBlock {H2} at (5,384) size 750x31 [bgcolor=#EEEEEE]
      RenderText {#text} at (0,1) size 602x28
        text run at (0,1) width 602: "This is a spanning element at the end of the columns block."
    RenderMultiColumnSet at (5,434) size 750x9
layer at (13,485) size 367x732
  RenderMultiColumnFlowThread at (5,5) size 367x732
    RenderBlock (anonymous) at (0,0) size 367x440
      RenderText {#text} at (0,0) size 367x439
        text run at (0,0) width 364: "Lorem ipsum dolor sit amet, consectetuer adipiscing elit."
        text run at (0,20) width 362: "Nulla varius enim ac mi. Curabitur sollicitudin felis quis"
        text run at (0,40) width 332: "lectus. Quisque adipiscing rhoncus sem. Proin nulla"
        text run at (0,60) width 367: "purus, vulputate vel, varius ut, euismod et, nisi. Sed vitae"
        text run at (0,80) width 354: "felis vel orci sagittis aliquam. Cras convallis adipiscing"
        text run at (0,100) width 347: "sem. Nam nonummy enim. Nullam bibendum lobortis"
        text run at (0,120) width 351: "neque. Vestibulum velit orci, tempus euismod, pretium"
        text run at (0,140) width 353: "quis, interdum vitae, nulla. Phasellus eget ante et tortor"
        text run at (0,160) width 351: "condimentum vestibulum. Suspendisse hendrerit quam"
        text run at (0,180) width 333: "nec felis. Sed varius turpis vitae pede. Lorem ipsum"
        text run at (0,200) width 279: "dolor sit amet, consectetuer adipiscing elit. "
        text run at (278,200) width 86: "Lorem ipsum"
        text run at (0,220) width 357: "dolor sit amet, consectetuer adipiscing elit. Nulla varius"
        text run at (0,240) width 324: "enim ac mi. Curabitur sollicitudin felis quis lectus."
        text run at (0,260) width 330: "Quisque adipiscing rhoncus sem. Proin nulla purus,"
        text run at (0,280) width 355: "vulputate vel, varius ut, euismod et, nisi. Sed vitae felis"
        text run at (0,300) width 356: "vel orci sagittis aliquam. Cras convallis adipiscing sem."
        text run at (0,320) width 360: "Nam nonummy enim. Nullam bibendum lobortis neque."
        text run at (0,340) width 340: "Vestibulum velit orci, tempus euismod, pretium quis,"
        text run at (0,360) width 318: "interdum vitae, nulla. Phasellus eget ante et tortor"
        text run at (0,380) width 351: "condimentum vestibulum. Suspendisse hendrerit quam"
        text run at (0,400) width 333: "nec felis. Sed varius turpis vitae pede. Lorem ipsum"
        text run at (0,420) width 275: "dolor sit amet, consectetuer adipiscing elit."
    RenderBlock {SPAN} at (0,456) size 367x260 [color=#FFFFFF] [bgcolor=#000000]
      RenderBlock (anonymous) at (0,0) size 367x260
        RenderText {#text} at (0,0) size 367x259
          text run at (0,0) width 364: "Lorem ipsum dolor sit amet, consectetuer adipiscing elit."
          text run at (0,20) width 362: "Nulla varius enim ac mi. Curabitur sollicitudin felis quis"
          text run at (0,40) width 332: "lectus. Quisque adipiscing rhoncus sem. Proin nulla"
          text run at (0,60) width 367: "purus, vulputate vel, varius ut, euismod et, nisi. Sed vitae"
          text run at (0,80) width 354: "felis vel orci sagittis aliquam. Cras convallis adipiscing"
          text run at (0,100) width 347: "sem. Nam nonummy enim. Nullam bibendum lobortis"
          text run at (0,120) width 351: "neque. Vestibulum velit orci, tempus euismod, pretium"
          text run at (0,140) width 353: "quis, interdum vitae, nulla. Phasellus eget ante et tortor"
          text run at (0,160) width 351: "condimentum vestibulum. Suspendisse hendrerit quam"
          text run at (0,180) width 333: "nec felis. Sed varius turpis vitae pede. Lorem ipsum"
          text run at (0,200) width 279: "dolor sit amet, consectetuer adipiscing elit. "
          text run at (278,200) width 86: "Lorem ipsum"
          text run at (0,220) width 357: "dolor sit amet, consectetuer adipiscing elit. Nulla varius"
          text run at (0,240) width 76: "enim ac mi."
      RenderMultiColumnSpannerPlaceholder at (0,260) size 0x0
layer at (8,944) size 760x447
  RenderBlock {DIV} at (0,927) size 760x449 [border: (5px solid #800000)]
    RenderMultiColumnSet at (5,5) size 750x140
    RenderBlock {H2} at (5,164) size 750x31 [bgcolor=#EEEEEE]
      RenderText {#text} at (0,1) size 635x28
        text run at (0,1) width 635: "This is a spanning element in the middle of the columns block."
    RenderMultiColumnSet at (5,214) size 750x229
layer at (13,949) size 367x724 backgroundClip at (0,0) size 800x1407 clip at (0,0) size 800x1407
  RenderMultiColumnFlowThread at (5,5) size 367x724
    RenderBlock (anonymous) at (0,0) size 367x220
      RenderText {#text} at (0,0) size 367x219
        text run at (0,0) width 364: "Lorem ipsum dolor sit amet, consectetuer adipiscing elit."
        text run at (0,20) width 362: "Nulla varius enim ac mi. Curabitur sollicitudin felis quis"
        text run at (0,40) width 332: "lectus. Quisque adipiscing rhoncus sem. Proin nulla"
        text run at (0,60) width 367: "purus, vulputate vel, varius ut, euismod et, nisi. Sed vitae"
        text run at (0,80) width 354: "felis vel orci sagittis aliquam. Cras convallis adipiscing"
        text run at (0,100) width 347: "sem. Nam nonummy enim. Nullam bibendum lobortis"
        text run at (0,120) width 351: "neque. Vestibulum velit orci, tempus euismod, pretium"
        text run at (0,140) width 353: "quis, interdum vitae, nulla. Phasellus eget ante et tortor"
        text run at (0,160) width 351: "condimentum vestibulum. Suspendisse hendrerit quam"
        text run at (0,180) width 333: "nec felis. Sed varius turpis vitae pede. Lorem ipsum"
        text run at (0,200) width 275: "dolor sit amet, consectetuer adipiscing elit."
    RenderBlock {SPAN} at (0,236) size 367x260 [color=#FFFFFF] [bgcolor=#000000]
      RenderBlock (anonymous) at (0,0) size 367x40
        RenderText {#text} at (0,0) size 364x39
          text run at (0,0) width 364: "Lorem ipsum dolor sit amet, consectetuer adipiscing elit."
          text run at (0,20) width 158: "Nulla varius enim ac mi."
      RenderMultiColumnSpannerPlaceholder at (0,40) size 0x0
      RenderBlock (anonymous) at (0,40) size 367x220
        RenderText {#text} at (0,0) size 367x219
          text run at (0,0) width 364: "Lorem ipsum dolor sit amet, consectetuer adipiscing elit."
          text run at (0,20) width 362: "Nulla varius enim ac mi. Curabitur sollicitudin felis quis"
          text run at (0,40) width 332: "lectus. Quisque adipiscing rhoncus sem. Proin nulla"
          text run at (0,60) width 367: "purus, vulputate vel, varius ut, euismod et, nisi. Sed vitae"
          text run at (0,80) width 354: "felis vel orci sagittis aliquam. Cras convallis adipiscing"
          text run at (0,100) width 347: "sem. Nam nonummy enim. Nullam bibendum lobortis"
          text run at (0,120) width 351: "neque. Vestibulum velit orci, tempus euismod, pretium"
          text run at (0,140) width 353: "quis, interdum vitae, nulla. Phasellus eget ante et tortor"
          text run at (0,160) width 351: "condimentum vestibulum. Suspendisse hendrerit quam"
          text run at (0,180) width 333: "nec felis. Sed varius turpis vitae pede. Lorem ipsum"
          text run at (0,200) width 275: "dolor sit amet, consectetuer adipiscing elit."
    RenderBlock (anonymous) at (0,504) size 367x220
      RenderText {#text} at (0,0) size 367x219
        text run at (0,0) width 364: "Lorem ipsum dolor sit amet, consectetuer adipiscing elit."
        text run at (0,20) width 362: "Nulla varius enim ac mi. Curabitur sollicitudin felis quis"
        text run at (0,40) width 332: "lectus. Quisque adipiscing rhoncus sem. Proin nulla"
        text run at (0,60) width 367: "purus, vulputate vel, varius ut, euismod et, nisi. Sed vitae"
        text run at (0,80) width 354: "felis vel orci sagittis aliquam. Cras convallis adipiscing"
        text run at (0,100) width 347: "sem. Nam nonummy enim. Nullam bibendum lobortis"
        text run at (0,120) width 351: "neque. Vestibulum velit orci, tempus euismod, pretium"
        text run at (0,140) width 353: "quis, interdum vitae, nulla. Phasellus eget ante et tortor"
        text run at (0,160) width 351: "condimentum vestibulum. Suspendisse hendrerit quam"
        text run at (0,180) width 333: "nec felis. Sed varius turpis vitae pede. Lorem ipsum"
        text run at (0,200) width 275: "dolor sit amet, consectetuer adipiscing elit."
