layer at (0,0) size 800x600
  RenderView at (0,0) size 800x600
layer at (0,0) size 800x76
  RenderBlock {HTML} at (0,0) size 800x76
    RenderBody {BODY} at (8,8) size 784x60
      RenderBlock {PROGRESS} at (0,2) size 160x16 [border: (2px solid #0000FF)]
        RenderProgress {DIV} at (2,2) size 156x12
          RenderBlock {DIV} at (0,0) size 156x12 [bgcolor=#808080]
            RenderBlock {DIV} at (0,0) size 0x12 [bgcolor=#008000]
      RenderText {#text} at (160,0) size 4x19
        text run at (160,0) width 4: " "
      RenderBR {BR} at (164,0) size 0x19
      RenderBlock {PROGRESS} at (0,22) size 160x16 [border: (2px solid #0000FF)]
        RenderProgress {DIV} at (2,2) size 156x12
          RenderBlock {DIV} at (0,0) size 156x12 [bgcolor=#808080]
            RenderBlock {DIV} at (0,0) size 0x12 [bgcolor=#008000]
      RenderText {#text} at (160,20) size 4x19
        text run at (160,20) width 4: " "
      RenderBR {BR} at (164,20) size 0x19
      RenderBlock {PROGRESS} at (0,42) size 160x16 [border: (2px solid #FF0000)]
        RenderProgress {DIV} at (2,2) size 156x12
          RenderBlock {DIV} at (0,0) size 156x12 [bgcolor=#808080]
            RenderBlock {DIV} at (0,0) size 78x12 [bgcolor=#008000]
      RenderText {#text} at (0,0) size 0x0
