layer at (0,0) size 800x600
  RenderView at (0,0) size 800x600
layer at (0,0) size 800x600
  RenderBlock {HTML} at (0,0) size 800x600
    RenderBody {BODY} at (8,8) size 784x576
      RenderBlock {FORM} at (0,0) size 784x67
        RenderBlock (anonymous) at (0,0) size 784x67
          RenderBlock {INPUT} at (4,3) size 13x13
          RenderInline {B} at (0,0) size 73x19
            RenderText {#text} at (20,1) size 73x19
              text run at (20,1) width 73: "Attach File"
          RenderBR {BR} at (93,16) size 0x0
          RenderBR {BR} at (0,21) size 0x19
          RenderText {#text} at (0,44) size 82x19
            text run at (0,44) width 82: "  Select File:  "
          RenderFileUploadControl {INPUT} at (84,43) size 238x22 "no file selected"
            RenderButton {INPUT} at (0,0) size 88x22 [color=#6D6D6D] [bgcolor=#F0F0F0] [border: (2px outset #F0F0F0)]
              RenderBlock (anonymous) at (8,3) size 72x16
                RenderText at (0,0) size 72x16
                  text run at (0,0) width 72: "Choose File"
          RenderBR {BR} at (324,59) size 0x0
        RenderTable {TABLE} at (0,67) size 0x0
