layer at (0,0) size 1071x585
  RenderView at (0,0) size 800x585
layer at (0,0) size 800x585
  RenderBlock {HTML} at (0,0) size 800x585
    RenderBody {BODY} at (8,8) size 784x569
      RenderTable {TABLE} at (0,0) size 1063x105
        RenderTableSection {TBODY} at (0,0) size 1063x105
          RenderTableRow {TR} at (0,2) size 1063x20
            RenderTableCell {TH} at (2,11) size 83x2 [r=0 c=0 rs=1 cs=1]
            RenderTableCell {TH} at (87,11) size 242x2 [r=0 c=1 rs=1 cs=1]
            RenderTableCell {TH} at (331,2) size 242x20 [r=0 c=2 rs=1 cs=1]
              RenderText {#text} at (76,1) size 90x18
                text run at (76,1) width 90: "text-align:left"
            RenderTableCell {TH} at (575,2) size 242x20 [r=0 c=3 rs=1 cs=1]
              RenderText {#text} at (66,1) size 110x18
                text run at (66,1) width 110: "text-align:center"
            RenderTableCell {TH} at (819,2) size 242x20 [r=0 c=4 rs=1 cs=1]
              RenderText {#text} at (70,1) size 102x18
                text run at (70,1) width 102: "text-align:right"
          RenderTableRow {TR} at (0,24) size 1063x25
            RenderTableCell {TH} at (2,35) size 83x3 [r=1 c=0 rs=1 cs=1]
            RenderTableCell {TD} at (87,24) size 242x25 [border: (1px solid #000000)] [r=1 c=1 rs=1 cs=1]
              RenderFileUploadControl {INPUT} at (2,2) size 238x21 "no file selected"
                RenderButton {INPUT} at (0,0) size 84x21 [bgcolor=#F0F0F0] [border: (2px outset #F0F0F0)]
                  RenderBlock (anonymous) at (8,3) size 68x15
                    RenderText at (0,0) size 68x15
                      text run at (0,0) width 68: "Choose File"
            RenderTableCell {TD} at (331,24) size 242x25 [border: (1px solid #000000)] [r=1 c=2 rs=1 cs=1]
              RenderFileUploadControl {INPUT} at (2,2) size 238x21 "no file selected"
                RenderButton {INPUT} at (0,0) size 84x21 [bgcolor=#F0F0F0] [border: (2px outset #F0F0F0)]
                  RenderBlock (anonymous) at (8,3) size 68x15
                    RenderText at (0,0) size 68x15
                      text run at (0,0) width 68: "Choose File"
            RenderTableCell {TD} at (575,24) size 242x25 [border: (1px solid #000000)] [r=1 c=3 rs=1 cs=1]
              RenderFileUploadControl {INPUT} at (2,2) size 238x21 "no file selected"
                RenderButton {INPUT} at (0,0) size 84x21 [bgcolor=#F0F0F0] [border: (2px outset #F0F0F0)]
                  RenderBlock (anonymous) at (8,3) size 68x15
                    RenderText at (0,0) size 68x15
                      text run at (0,0) width 68: "Choose File"
            RenderTableCell {TD} at (819,24) size 242x25 [border: (1px solid #000000)] [r=1 c=4 rs=1 cs=1]
              RenderFileUploadControl {INPUT} at (2,2) size 238x21 "no file selected"
                RenderButton {INPUT} at (0,0) size 84x21 [bgcolor=#F0F0F0] [border: (2px outset #F0F0F0)]
                  RenderBlock (anonymous) at (8,3) size 68x15
                    RenderText at (0,0) size 68x15
                      text run at (0,0) width 68: "Choose File"
          RenderTableRow {TR} at (0,51) size 1063x25
            RenderTableCell {TH} at (2,53) size 83x21 [r=2 c=0 rs=1 cs=1]
              RenderText {#text} at (1,1) size 81x19
                text run at (1,2) width 81: "direction:ltr"
            RenderTableCell {TD} at (87,51) size 242x25 [border: (1px solid #000000)] [r=2 c=1 rs=1 cs=1]
              RenderFileUploadControl {INPUT} at (2,2) size 238x21 "no file selected"
                RenderButton {INPUT} at (0,0) size 84x21 [bgcolor=#F0F0F0] [border: (2px outset #F0F0F0)]
                  RenderBlock (anonymous) at (8,3) size 68x15
                    RenderText at (0,0) size 68x15
                      text run at (0,0) width 68: "Choose File"
            RenderTableCell {TD} at (331,51) size 242x25 [border: (1px solid #000000)] [r=2 c=2 rs=1 cs=1]
              RenderFileUploadControl {INPUT} at (2,2) size 238x21 "no file selected"
                RenderButton {INPUT} at (0,0) size 84x21 [bgcolor=#F0F0F0] [border: (2px outset #F0F0F0)]
                  RenderBlock (anonymous) at (8,3) size 68x15
                    RenderText at (0,0) size 68x15
                      text run at (0,0) width 68: "Choose File"
            RenderTableCell {TD} at (575,51) size 242x25 [border: (1px solid #000000)] [r=2 c=3 rs=1 cs=1]
              RenderFileUploadControl {INPUT} at (2,2) size 238x21 "no file selected"
                RenderButton {INPUT} at (0,0) size 84x21 [bgcolor=#F0F0F0] [border: (2px outset #F0F0F0)]
                  RenderBlock (anonymous) at (8,3) size 68x15
                    RenderText at (0,0) size 68x15
                      text run at (0,0) width 68: "Choose File"
            RenderTableCell {TD} at (819,51) size 242x25 [border: (1px solid #000000)] [r=2 c=4 rs=1 cs=1]
              RenderFileUploadControl {INPUT} at (2,2) size 238x21 "no file selected"
                RenderButton {INPUT} at (0,0) size 84x21 [bgcolor=#F0F0F0] [border: (2px outset #F0F0F0)]
                  RenderBlock (anonymous) at (8,3) size 68x15
                    RenderText at (0,0) size 68x15
                      text run at (0,0) width 68: "Choose File"
          RenderTableRow {TR} at (0,78) size 1063x25
            RenderTableCell {TH} at (2,80) size 83x21 [r=3 c=0 rs=1 cs=1]
              RenderText {#text} at (1,1) size 81x19
                text run at (1,2) width 81: "direction:rtl"
            RenderTableCell {TD} at (87,78) size 242x25 [border: (1px solid #000000)] [r=3 c=1 rs=1 cs=1]
              RenderFileUploadControl {INPUT} at (2,2) size 238x21 "no file selected"
                RenderButton {INPUT} at (154,0) size 84x21 [bgcolor=#F0F0F0] [border: (2px outset #F0F0F0)]
                  RenderBlock (anonymous) at (8,3) size 68x15
                    RenderText at (0,0) size 68x15
                      text run at (0,0) width 68: "Choose File"
            RenderTableCell {TD} at (331,78) size 242x25 [border: (1px solid #000000)] [r=3 c=2 rs=1 cs=1]
              RenderFileUploadControl {INPUT} at (2,2) size 238x21 "no file selected"
                RenderButton {INPUT} at (154,0) size 84x21 [bgcolor=#F0F0F0] [border: (2px outset #F0F0F0)]
                  RenderBlock (anonymous) at (8,3) size 68x15
                    RenderText at (0,0) size 68x15
                      text run at (0,0) width 68: "Choose File"
            RenderTableCell {TD} at (575,78) size 242x25 [border: (1px solid #000000)] [r=3 c=3 rs=1 cs=1]
              RenderFileUploadControl {INPUT} at (2,2) size 238x21 "no file selected"
                RenderButton {INPUT} at (154,0) size 84x21 [bgcolor=#F0F0F0] [border: (2px outset #F0F0F0)]
                  RenderBlock (anonymous) at (8,3) size 68x15
                    RenderText at (0,0) size 68x15
                      text run at (0,0) width 68: "Choose File"
            RenderTableCell {TD} at (819,78) size 242x25 [border: (1px solid #000000)] [r=3 c=4 rs=1 cs=1]
              RenderFileUploadControl {INPUT} at (2,2) size 238x21 "no file selected"
                RenderButton {INPUT} at (154,0) size 84x21 [bgcolor=#F0F0F0] [border: (2px outset #F0F0F0)]
                  RenderBlock (anonymous) at (8,3) size 68x15
                    RenderText at (0,0) size 68x15
                      text run at (0,0) width 68: "Choose File"
