layer at (0,0) size 800x600
  RenderView at (0,0) size 800x600
layer at (0,0) size 800x600
  RenderBlock {HTML} at (0,0) size 800x600
    RenderBody {BODY} at (8,8) size 784x584
      RenderTable {TABLE} at (0,0) size 212x312 [border: (2px outset #808080)]
        RenderTableSection {TBODY} at (2,2) size 208x308
          RenderTableRow {TR} at (0,2) size 208x304
            RenderTableCell {TD} at (2,2) size 204x304 [border: (1px inset #808080)] [r=0 c=0 rs=1 cs=1]
layer at (14,14) size 200x300 clip at (14,14) size 185x300 scrollHeight 480
  RenderBlock {DIV} at (2,2) size 200x300
    RenderText {#text} at (0,0) size 130x19
      text run at (0,0) width 130: "Lots of overflow text."
    RenderBR {BR} at (130,15) size 0x0
    RenderText {#text} at (0,20) size 130x19
      text run at (0,20) width 130: "Lots of overflow text."
    RenderBR {BR} at (130,35) size 0x0
    RenderText {#text} at (0,40) size 130x19
      text run at (0,40) width 130: "Lots of overflow text."
    RenderBR {BR} at (130,55) size 0x0
    RenderText {#text} at (0,60) size 130x19
      text run at (0,60) width 130: "Lots of overflow text."
    RenderBR {BR} at (130,75) size 0x0
    RenderText {#text} at (0,80) size 130x19
      text run at (0,80) width 130: "Lots of overflow text."
    RenderBR {BR} at (130,95) size 0x0
    RenderText {#text} at (0,100) size 130x19
      text run at (0,100) width 130: "Lots of overflow text."
    RenderBR {BR} at (130,115) size 0x0
    RenderText {#text} at (0,120) size 130x19
      text run at (0,120) width 130: "Lots of overflow text."
    RenderBR {BR} at (130,135) size 0x0
    RenderText {#text} at (0,140) size 130x19
      text run at (0,140) width 130: "Lots of overflow text."
    RenderBR {BR} at (130,155) size 0x0
    RenderText {#text} at (0,160) size 130x19
      text run at (0,160) width 130: "Lots of overflow text."
    RenderBR {BR} at (130,175) size 0x0
    RenderText {#text} at (0,180) size 130x19
      text run at (0,180) width 130: "Lots of overflow text."
    RenderBR {BR} at (130,195) size 0x0
    RenderText {#text} at (0,200) size 130x19
      text run at (0,200) width 130: "Lots of overflow text."
    RenderBR {BR} at (130,215) size 0x0
    RenderText {#text} at (0,220) size 130x19
      text run at (0,220) width 130: "Lots of overflow text."
    RenderBR {BR} at (130,235) size 0x0
    RenderText {#text} at (0,240) size 130x19
      text run at (0,240) width 130: "Lots of overflow text."
    RenderBR {BR} at (130,255) size 0x0
    RenderText {#text} at (0,260) size 130x19
      text run at (0,260) width 130: "Lots of overflow text."
    RenderBR {BR} at (130,275) size 0x0
    RenderText {#text} at (0,280) size 130x19
      text run at (0,280) width 130: "Lots of overflow text."
    RenderBR {BR} at (130,295) size 0x0
    RenderText {#text} at (0,300) size 130x19
      text run at (0,300) width 130: "Lots of overflow text."
    RenderBR {BR} at (130,315) size 0x0
    RenderText {#text} at (0,320) size 130x19
      text run at (0,320) width 130: "Lots of overflow text."
    RenderBR {BR} at (130,335) size 0x0
    RenderText {#text} at (0,340) size 130x19
      text run at (0,340) width 130: "Lots of overflow text."
    RenderBR {BR} at (130,355) size 0x0
    RenderText {#text} at (0,360) size 130x19
      text run at (0,360) width 130: "Lots of overflow text."
    RenderBR {BR} at (130,375) size 0x0
    RenderText {#text} at (0,380) size 130x19
      text run at (0,380) width 130: "Lots of overflow text."
    RenderBR {BR} at (130,395) size 0x0
    RenderText {#text} at (0,400) size 130x19
      text run at (0,400) width 130: "Lots of overflow text."
    RenderBR {BR} at (130,415) size 0x0
    RenderText {#text} at (0,420) size 130x19
      text run at (0,420) width 130: "Lots of overflow text."
    RenderBR {BR} at (130,435) size 0x0
    RenderText {#text} at (0,440) size 130x19
      text run at (0,440) width 130: "Lots of overflow text."
    RenderBR {BR} at (130,455) size 0x0
    RenderText {#text} at (0,460) size 130x19
      text run at (0,460) width 130: "Lots of overflow text."
    RenderBR {BR} at (130,475) size 0x0
