layer at (0,0) size 800x600
  RenderView at (0,0) size 800x600
layer at (0,0) size 800x8
  RenderBlock {HTML} at (0,0) size 800x8
    RenderBody {BODY} at (8,8) size 784x0
layer at (8,8) size 300x300 scrollHeight 740
  RenderBlock (positioned) {DIV} at (8,8) size 300x300
    RenderText {#text} at (0,0) size 299x739
      text run at (0,0) width 242: "Lorem ipsum dolor sit amet, consectetur"
      text run at (0,20) width 294: "adipisicing elit, sed do eiusmod tempor incididunt"
      text run at (0,40) width 267: "ut labore et dolore magna aliqua. Ut enim ad"
      text run at (0,60) width 285: "minim veniam, quis nostrud exercitation ullamco"
      text run at (0,80) width 291: "laboris nisi ut aliquip ex ea commodo consequat."
      text run at (0,100) width 294: "Duis aute irure dolor in reprehenderit in voluptate"
      text run at (0,120) width 274: "velit esse cillum dolore eu fugiat nulla pariatur."
      text run at (0,140) width 286: "Excepteur sint occaecat cupidatat non proident,"
      text run at (0,160) width 295: "sunt in culpa qui officia deserunt mollit anim id est"
      text run at (0,180) width 299: "laborum. Lorem ipsum dolor sit amet, consectetur"
      text run at (0,200) width 294: "adipisicing elit, sed do eiusmod tempor incididunt"
      text run at (0,220) width 267: "ut labore et dolore magna aliqua. Ut enim ad"
      text run at (0,240) width 285: "minim veniam, quis nostrud exercitation ullamco"
      text run at (0,260) width 291: "laboris nisi ut aliquip ex ea commodo consequat."
      text run at (0,280) width 294: "Duis aute irure dolor in reprehenderit in voluptate"
      text run at (0,300) width 274: "velit esse cillum dolore eu fugiat nulla pariatur."
      text run at (0,320) width 286: "Excepteur sint occaecat cupidatat non proident,"
      text run at (0,340) width 295: "sunt in culpa qui officia deserunt mollit anim id est"
      text run at (0,360) width 299: "laborum. Lorem ipsum dolor sit amet, consectetur"
      text run at (0,380) width 294: "adipisicing elit, sed do eiusmod tempor incididunt"
      text run at (0,400) width 267: "ut labore et dolore magna aliqua. Ut enim ad"
      text run at (0,420) width 285: "minim veniam, quis nostrud exercitation ullamco"
      text run at (0,440) width 291: "laboris nisi ut aliquip ex ea commodo consequat."
      text run at (0,460) width 294: "Duis aute irure dolor in reprehenderit in voluptate"
      text run at (0,480) width 274: "velit esse cillum dolore eu fugiat nulla pariatur."
      text run at (0,500) width 286: "Excepteur sint occaecat cupidatat non proident,"
      text run at (0,520) width 295: "sunt in culpa qui officia deserunt mollit anim id est"
      text run at (0,540) width 295: "laborum.Lorem ipsum dolor sit amet, consectetur"
      text run at (0,560) width 294: "adipisicing elit, sed do eiusmod tempor incididunt"
      text run at (0,580) width 267: "ut labore et dolore magna aliqua. Ut enim ad"
      text run at (0,600) width 285: "minim veniam, quis nostrud exercitation ullamco"
      text run at (0,620) width 291: "laboris nisi ut aliquip ex ea commodo consequat."
      text run at (0,640) width 294: "Duis aute irure dolor in reprehenderit in voluptate"
      text run at (0,660) width 274: "velit esse cillum dolore eu fugiat nulla pariatur."
      text run at (0,680) width 286: "Excepteur sint occaecat cupidatat non proident,"
      text run at (0,700) width 295: "sunt in culpa qui officia deserunt mollit anim id est"
      text run at (0,720) width 53: "laborum."
