layer at (0,0) size 800x600
  RenderView at (0,0) size 800x600
layer at (0,0) size 800x600
  RenderBlock {HTML} at (0,0) size 800x600
    RenderBody {BODY} at (8,8) size 784x584
layer at (8,8) size 44x19
  RenderBlock (floating) {DIV} at (0,0) size 44x19
    RenderBlock (floating) {LABEL} at (0,0) size 24x19
      RenderText {#text} at (0,0) size 24x19
        text run at (0,0) width 24: "foo"
    RenderInline {SPAN} at (0,0) size 20x19
      RenderText {#text} at (24,0) size 20x19
        text run at (24,0) width 20: "bar"
    RenderText {#text} at (0,0) size 0x0
