layer at (0,0) size 800x600
  RenderView at (0,0) size 800x600
layer at (0,0) size 800x452
  RenderBlock {HTML} at (0,0) size 800x452
    RenderBody {BODY} at (8,16) size 784x428
      RenderBlock {P} at (0,0) size 784x40
        RenderText {#text} at (0,0) size 130x19
          text run at (0,0) width 130: "This is a test case for "
        RenderInline {I} at (0,0) size 780x39
          RenderText {#text} at (130,0) size 780x39
            text run at (130,0) width 650: "http://bugzilla.opendarwin.org/show_bug.cgi?id=5826 Blocks with direction:rtl and overflow:auto or"
            text run at (0,20) width 199: "scroll have incorrect scrollbars"
        RenderText {#text} at (199,20) size 4x19
          text run at (199,20) width 4: "."
      RenderBlock (anonymous) at (0,56) size 784x20
        RenderText {#text} at (0,0) size 429x19
          text run at (0,0) width 429: "The right column should be a mirror-image of the left column in terms of"
      RenderBlock {UL} at (0,92) size 784x80
        RenderListItem {LI} at (40,0) size 744x20
          RenderListMarker at (-18,0) size 7x19: bullet
          RenderText {#text} at (0,0) size 159x19
            text run at (0,0) width 159: "the presence of a scrollbar"
        RenderListItem {LI} at (40,20) size 744x20
          RenderListMarker at (-18,0) size 7x19: bullet
          RenderText {#text} at (0,0) size 218x19
            text run at (0,0) width 218: "the initial position of the scroll thumb"
        RenderListItem {LI} at (40,40) size 744x20
          RenderListMarker at (-18,0) size 7x19: bullet
          RenderText {#text} at (0,0) size 423x19
            text run at (0,0) width 423: "which letters are visible initially and when you scroll (in the top 3 rows)"
        RenderListItem {LI} at (40,60) size 744x20
          RenderListMarker at (-18,0) size 7x19: bullet
          RenderText {#text} at (0,0) size 545x19
            text run at (0,0) width 545: "the position of the blue and olive boxes, initially and when you scroll (in the bottom 2 rows)"
      RenderTable {TABLE} at (0,188) size 256x240
        RenderTableSection {TBODY} at (0,0) size 256x240
          RenderTableRow {TR} at (0,2) size 256x236
            RenderTableCell {TD} at (2,2) size 125x236 [r=0 c=0 rs=1 cs=1]
            RenderTableCell {TD} at (129,2) size 125x236 [r=0 c=1 rs=1 cs=1]
layer at (15,211) size 115x42 clip at (25,211) size 100x27 scrollWidth 175
  RenderBlock {DIV} at (5,5) size 115x42 [bgcolor=#FFFF00] [border: none (5px solid #008000) none (10px solid #FF0000)]
    RenderText {#text} at (10,0) size 175x19
      text run at (10,0) width 175: "abcdefghijklmnopqrstuvwxyz"
layer at (15,257) size 115x42 clip at (25,257) size 100x42
  RenderBlock {DIV} at (5,51) size 115x42 [bgcolor=#FFFF00] [border: none (5px solid #008000) none (10px solid #FF0000)]
    RenderBlock {DIV} at (10,0) size 100x20 [bgcolor=#D3D3D3]
      RenderText {#text} at (-75,0) size 175x19
        text run at (-75,0) width 175: "abcdefghijklmnopqrstuvwxyz"
layer at (15,303) size 115x42 clip at (25,303) size 100x27 scrollWidth 175
  RenderBlock {DIV} at (5,97) size 115x42 [bgcolor=#FFFF00] [border: none (5px solid #008000) none (10px solid #FF0000)]
    RenderBlock {DIV} at (10,0) size 100x20 [bgcolor=#D3D3D3]
      RenderText {#text} at (0,0) size 175x19
        text run at (0,0) width 175: "abcdefghijklmnopqrstuvwxyz"
layer at (142,211) size 115x42 clip at (147,211) size 100x27 scrollX 75 scrollWidth 175
  RenderBlock {DIV} at (5,5) size 115x42 [bgcolor=#FFFF00] [border: none (10px solid #FF0000) none (5px solid #008000)]
    RenderText {#text} at (-70,0) size 175x19
      text run at (-70,0) width 175: "zyxwvutsrqponmlkjihgfedcba"
layer at (142,257) size 115x42 clip at (147,257) size 100x42
  RenderBlock {DIV} at (5,51) size 115x42 [bgcolor=#FFFF00] [border: none (10px solid #FF0000) none (5px solid #008000)]
    RenderBlock {DIV} at (5,0) size 100x20 [bgcolor=#D3D3D3]
      RenderText {#text} at (0,0) size 175x19
        text run at (0,0) width 175: "zyxwvutsrqponmlkjihgfedcba"
layer at (142,303) size 115x42 clip at (147,303) size 100x27 scrollX 75 scrollWidth 175
  RenderBlock {DIV} at (5,97) size 115x42 [bgcolor=#FFFF00] [border: none (10px solid #FF0000) none (5px solid #008000)]
    RenderBlock {DIV} at (5,0) size 100x20 [bgcolor=#D3D3D3]
      RenderText {#text} at (-75,0) size 175x19
        text run at (-75,0) width 175: "zyxwvutsrqponmlkjihgfedcba"
layer at (15,349) size 115x42 clip at (25,349) size 100x42
  RenderBlock (relative positioned) {DIV} at (5,143) size 115x42 [bgcolor=#FFFF00] [border: none (5px solid #008000) none (10px solid #FF0000)]
layer at (71,369) size 8x4
  RenderBlock (positioned) {DIV} at (56,20) size 8x4 [bgcolor=#0000FF]
layer at (-25,349) size 70x20 backgroundClip at (25,349) size 100x42 clip at (25,349) size 100x42
  RenderBlock (positioned) {DIV} at (-40,0) size 70x20 [bgcolor=#808000]
layer at (15,395) size 115x42 clip at (25,395) size 100x27 scrollWidth 150
  RenderBlock (relative positioned) {DIV} at (5,189) size 115x42 [bgcolor=#FFFF00] [border: none (5px solid #008000) none (10px solid #FF0000)]
layer at (71,415) size 8x4
  RenderBlock (positioned) {DIV} at (56,20) size 8x4 [bgcolor=#0000FF]
layer at (105,395) size 70x20 backgroundClip at (25,395) size 100x27 clip at (25,395) size 100x27
  RenderBlock (positioned) {DIV} at (90,0) size 70x20 [bgcolor=#808000]
layer at (142,349) size 115x42 clip at (147,349) size 100x42
  RenderBlock (relative positioned) {DIV} at (5,143) size 115x42 [bgcolor=#FFFF00] [border: none (10px solid #FF0000) none (5px solid #008000)]
layer at (193,369) size 8x4
  RenderBlock (positioned) {DIV} at (51,20) size 8x4 [bgcolor=#0000FF]
layer at (227,349) size 70x20 backgroundClip at (147,349) size 100x42 clip at (147,349) size 100x42
  RenderBlock (positioned) {DIV} at (85,0) size 70x20 [bgcolor=#808000]
layer at (142,395) size 115x42 clip at (147,395) size 100x27 scrollX 50 scrollWidth 150
  RenderBlock (relative positioned) {DIV} at (5,189) size 115x42 [bgcolor=#FFFF00] [border: none (10px solid #FF0000) none (5px solid #008000)]
layer at (193,415) size 8x4
  RenderBlock (positioned) {DIV} at (51,20) size 8x4 [bgcolor=#0000FF]
layer at (97,395) size 70x20 backgroundClip at (147,395) size 100x27 clip at (147,395) size 100x27
  RenderBlock (positioned) {DIV} at (-45,0) size 70x20 [bgcolor=#808000]
