layer at (0,0) size 7618x585
  RenderView at (0,0) size 800x585
layer at (0,0) size 800x168
  RenderBlock {HTML} at (0,0) size 800x168
    RenderBody {BODY} at (8,16) size 784x144
      RenderBlock {P} at (0,0) size 784x60
        RenderText {#text} at (0,0) size 773x59
          text run at (0,0) width 739: "This tests the interaction of overflow on some very wide text with auto table layout. The CSS 2.1 spec does not define how"
          text run at (0,20) width 773: "overflow interacts with intrinsic width, so we copy the IE behavior. Therefore the lines should come out very very wide and scroll"
          text run at (0,40) width 132: "along with the border."
      RenderTable {TABLE} at (0,76) size 7610x68 [border: (1px solid #FF0000)]
        RenderTableSection {TBODY} at (1,1) size 7608x66
          RenderTableRow {TR} at (0,2) size 7608x62
            RenderTableCell {TD} at (2,2) size 7604x62 [r=0 c=0 rs=1 cs=1]
layer at (12,109) size 7602x34 clip at (13,110) size 7600x32
  RenderBlock {PRE} at (1,14) size 7602x34 [border: (1px solid #0000FF)]
    RenderText {#text} at (1,1) size 7600x32
      text run at (1,1) width 3200: "this is a very long line this is a very long line this is a very long line this is a very long line this is a very long line this is a very long line this is a very long line this is a very long line this is a very long line this is a very long line this is a very long line this is a very long line this is a very long line this is a very long line this is a very long line this is a very long line "
      text run at (3201,1) width 0: " "
      text run at (1,17) width 7600: "this is a very long line this is a very long line this is a very long line this is a very long line this is a very long line this is a very long line this is a very long line this is a very long line this is a very long line this is a very long line this is a very long line this is a very long line this is a very long line this is a very long line this is a very long line this is a very long line this is a very long line this is a very long line this is a very long line this is a very long line this is a very long line this is a very long line this is a very long line this is a very long line this is a very long line this is a very long line this is a very long line this is a very long line this is a very long line this is a very long line this is a very long line this is a very long line this is a very long line this is a very long line this is a very long line this is a very long line this is a very long line this is a very long line "
      text run at (7601,17) width 0: " "
