layer at (0,0) size 800x600
  RenderView at (0,0) size 800x600
layer at (0,0) size 800x600
  RenderBlock {HTML} at (0,0) size 800x600
    RenderBody {BODY} at (8,8) size 784x584
layer at (8,8) size 404x404 clip at (10,10) size 400x400 scrollHeight 2480
  RenderBlock {DIV} at (0,0) size 404x404 [border: (2px solid #000000)]
    RenderMultiColumnSet at (2,2) size 400x400
layer at (10,10) size 400x2240 backgroundClip at (10,10) size 400x400 clip at (10,10) size 400x400
  RenderMultiColumnFlowThread at (2,2) size 400x2240
    RenderText {#text} at (0,0) size 400x2239
      text run at (0,0) width 396: "Lorem ipsum dolor sit amet, consectetur adipiscing elit. Maecenas"
      text run at (0,20) width 400: "lacinia massa in lectus pretium vulputate. Curabitur viverra augue in"
      text run at (0,40) width 365: "leo faucibus congue. Vestibulum ligula neque, commodo eget"
      text run at (0,60) width 385: "blandit sit amet, facilisis vitae mi. Vivamus pretium lorem a quam"
      text run at (0,80) width 364: "imperdiet in placerat purus sagittis. Aliquam ut dui nibh. Cras"
      text run at (0,100) width 367: "faucibus imperdiet pellentesque. Curabitur vel tortor quam, ut"
      text run at (0,120) width 386: "pharetra eros. Mauris euismod, justo in mattis ultricies, risus velit"
      text run at (0,140) width 373: "pretium ligula, eu sodales libero dolor et massa. Phasellus eros"
      text run at (0,160) width 363: "quam, faucibus sed consectetur et, elementum ut erat. Morbi"
      text run at (0,180) width 390: "fringilla, lorem non fermentum vulputate, quam metus ullamcorper"
      text run at (0,200) width 375: "quam, eu porttitor diam metus eget augue. Donec non lorem et"
      text run at (0,220) width 400: "arcu adipiscing suscipit. Donec porta euismod magna a fermentum."
      text run at (0,240) width 390: "Suspendisse vestibulum rhoncus bibendum. Nam in nisi eget nulla"
      text run at (0,260) width 393: "vestibulum rutrum. Aenean eu libero turpis. Lorem ipsum dolor sit"
      text run at (0,280) width 394: "amet, consectetur adipiscing elit. Maecenas lacinia massa in lectus"
      text run at (0,300) width 392: "pretium vulputate. Curabitur viverra augue in leo faucibus congue."
      text run at (0,320) width 383: "Vestibulum ligula neque, commodo eget blandit sit amet, facilisis"
      text run at (0,340) width 367: "vitae mi. Vivamus pretium lorem a quam imperdiet in placerat"
      text run at (0,360) width 351: "purus sagittis. Aliquam ut dui nibh. Cras faucibus imperdiet"
      text run at (0,380) width 388: "pellentesque. Curabitur vel tortor quam, ut pharetra eros. Mauris"
      text run at (0,400) width 357: "euismod, justo in mattis ultricies, risus velit pretium ligula, eu"
      text run at (0,420) width 387: "sodales libero dolor et massa. Phasellus eros quam, faucibus sed"
      text run at (0,440) width 358: "consectetur et, elementum ut erat. Morbi fringilla, lorem non"
      text run at (0,460) width 388: "fermentum vulputate, quam metus ullamcorper quam, eu porttitor"
      text run at (0,480) width 356: "diam metus eget augue. Donec non lorem et arcu adipiscing"
      text run at (0,500) width 385: "suscipit. Donec porta euismod magna a fermentum. Suspendisse"
      text run at (0,520) width 379: "vestibulum rhoncus bibendum. Nam in nisi eget nulla vestibulum"
      text run at (0,540) width 363: "rutrum. Aenean eu libero turpis. Lorem ipsum dolor sit amet,"
      text run at (0,560) width 357: "consectetur adipiscing elit. Maecenas lacinia massa in lectus"
      text run at (0,580) width 392: "pretium vulputate. Curabitur viverra augue in leo faucibus congue."
      text run at (0,600) width 383: "Vestibulum ligula neque, commodo eget blandit sit amet, facilisis"
      text run at (0,620) width 367: "vitae mi. Vivamus pretium lorem a quam imperdiet in placerat"
      text run at (0,640) width 351: "purus sagittis. Aliquam ut dui nibh. Cras faucibus imperdiet"
      text run at (0,660) width 388: "pellentesque. Curabitur vel tortor quam, ut pharetra eros. Mauris"
      text run at (0,680) width 357: "euismod, justo in mattis ultricies, risus velit pretium ligula, eu"
      text run at (0,700) width 387: "sodales libero dolor et massa. Phasellus eros quam, faucibus sed"
      text run at (0,720) width 358: "consectetur et, elementum ut erat. Morbi fringilla, lorem non"
      text run at (0,740) width 388: "fermentum vulputate, quam metus ullamcorper quam, eu porttitor"
      text run at (0,760) width 356: "diam metus eget augue. Donec non lorem et arcu adipiscing"
      text run at (0,780) width 385: "suscipit. Donec porta euismod magna a fermentum. Suspendisse"
      text run at (0,800) width 379: "vestibulum rhoncus bibendum. Nam in nisi eget nulla vestibulum"
      text run at (0,820) width 363: "rutrum. Aenean eu libero turpis. Lorem ipsum dolor sit amet,"
      text run at (0,840) width 357: "consectetur adipiscing elit. Maecenas lacinia massa in lectus"
      text run at (0,860) width 392: "pretium vulputate. Curabitur viverra augue in leo faucibus congue."
      text run at (0,880) width 383: "Vestibulum ligula neque, commodo eget blandit sit amet, facilisis"
      text run at (0,900) width 367: "vitae mi. Vivamus pretium lorem a quam imperdiet in placerat"
      text run at (0,920) width 351: "purus sagittis. Aliquam ut dui nibh. Cras faucibus imperdiet"
      text run at (0,940) width 388: "pellentesque. Curabitur vel tortor quam, ut pharetra eros. Mauris"
      text run at (0,960) width 357: "euismod, justo in mattis ultricies, risus velit pretium ligula, eu"
      text run at (0,980) width 387: "sodales libero dolor et massa. Phasellus eros quam, faucibus sed"
      text run at (0,1000) width 358: "consectetur et, elementum ut erat. Morbi fringilla, lorem non"
      text run at (0,1020) width 388: "fermentum vulputate, quam metus ullamcorper quam, eu porttitor"
      text run at (0,1040) width 356: "diam metus eget augue. Donec non lorem et arcu adipiscing"
      text run at (0,1060) width 385: "suscipit. Donec porta euismod magna a fermentum. Suspendisse"
      text run at (0,1080) width 379: "vestibulum rhoncus bibendum. Nam in nisi eget nulla vestibulum"
      text run at (0,1100) width 363: "rutrum. Aenean eu libero turpis. Lorem ipsum dolor sit amet,"
      text run at (0,1120) width 357: "consectetur adipiscing elit. Maecenas lacinia massa in lectus"
      text run at (0,1140) width 392: "pretium vulputate. Curabitur viverra augue in leo faucibus congue."
      text run at (0,1160) width 383: "Vestibulum ligula neque, commodo eget blandit sit amet, facilisis"
      text run at (0,1180) width 367: "vitae mi. Vivamus pretium lorem a quam imperdiet in placerat"
      text run at (0,1200) width 351: "purus sagittis. Aliquam ut dui nibh. Cras faucibus imperdiet"
      text run at (0,1220) width 388: "pellentesque. Curabitur vel tortor quam, ut pharetra eros. Mauris"
      text run at (0,1240) width 357: "euismod, justo in mattis ultricies, risus velit pretium ligula, eu"
      text run at (0,1260) width 387: "sodales libero dolor et massa. Phasellus eros quam, faucibus sed"
      text run at (0,1280) width 358: "consectetur et, elementum ut erat. Morbi fringilla, lorem non"
      text run at (0,1300) width 388: "fermentum vulputate, quam metus ullamcorper quam, eu porttitor"
      text run at (0,1320) width 356: "diam metus eget augue. Donec non lorem et arcu adipiscing"
      text run at (0,1340) width 385: "suscipit. Donec porta euismod magna a fermentum. Suspendisse"
      text run at (0,1360) width 379: "vestibulum rhoncus bibendum. Nam in nisi eget nulla vestibulum"
      text run at (0,1380) width 363: "rutrum. Aenean eu libero turpis. Lorem ipsum dolor sit amet,"
      text run at (0,1400) width 357: "consectetur adipiscing elit. Maecenas lacinia massa in lectus"
      text run at (0,1420) width 392: "pretium vulputate. Curabitur viverra augue in leo faucibus congue."
      text run at (0,1440) width 383: "Vestibulum ligula neque, commodo eget blandit sit amet, facilisis"
      text run at (0,1460) width 367: "vitae mi. Vivamus pretium lorem a quam imperdiet in placerat"
      text run at (0,1480) width 351: "purus sagittis. Aliquam ut dui nibh. Cras faucibus imperdiet"
      text run at (0,1500) width 388: "pellentesque. Curabitur vel tortor quam, ut pharetra eros. Mauris"
      text run at (0,1520) width 357: "euismod, justo in mattis ultricies, risus velit pretium ligula, eu"
      text run at (0,1540) width 387: "sodales libero dolor et massa. Phasellus eros quam, faucibus sed"
      text run at (0,1560) width 358: "consectetur et, elementum ut erat. Morbi fringilla, lorem non"
      text run at (0,1580) width 388: "fermentum vulputate, quam metus ullamcorper quam, eu porttitor"
      text run at (0,1600) width 356: "diam metus eget augue. Donec non lorem et arcu adipiscing"
      text run at (0,1620) width 385: "suscipit. Donec porta euismod magna a fermentum. Suspendisse"
      text run at (0,1640) width 379: "vestibulum rhoncus bibendum. Nam in nisi eget nulla vestibulum"
      text run at (0,1660) width 363: "rutrum. Aenean eu libero turpis. Lorem ipsum dolor sit amet,"
      text run at (0,1680) width 357: "consectetur adipiscing elit. Maecenas lacinia massa in lectus"
      text run at (0,1700) width 392: "pretium vulputate. Curabitur viverra augue in leo faucibus congue."
      text run at (0,1720) width 383: "Vestibulum ligula neque, commodo eget blandit sit amet, facilisis"
      text run at (0,1740) width 367: "vitae mi. Vivamus pretium lorem a quam imperdiet in placerat"
      text run at (0,1760) width 351: "purus sagittis. Aliquam ut dui nibh. Cras faucibus imperdiet"
      text run at (0,1780) width 388: "pellentesque. Curabitur vel tortor quam, ut pharetra eros. Mauris"
      text run at (0,1800) width 357: "euismod, justo in mattis ultricies, risus velit pretium ligula, eu"
      text run at (0,1820) width 387: "sodales libero dolor et massa. Phasellus eros quam, faucibus sed"
      text run at (0,1840) width 358: "consectetur et, elementum ut erat. Morbi fringilla, lorem non"
      text run at (0,1860) width 388: "fermentum vulputate, quam metus ullamcorper quam, eu porttitor"
      text run at (0,1880) width 356: "diam metus eget augue. Donec non lorem et arcu adipiscing"
      text run at (0,1900) width 385: "suscipit. Donec porta euismod magna a fermentum. Suspendisse"
      text run at (0,1920) width 379: "vestibulum rhoncus bibendum. Nam in nisi eget nulla vestibulum"
      text run at (0,1940) width 363: "rutrum. Aenean eu libero turpis. Lorem ipsum dolor sit amet,"
      text run at (0,1960) width 357: "consectetur adipiscing elit. Maecenas lacinia massa in lectus"
      text run at (0,1980) width 392: "pretium vulputate. Curabitur viverra augue in leo faucibus congue."
      text run at (0,2000) width 383: "Vestibulum ligula neque, commodo eget blandit sit amet, facilisis"
      text run at (0,2020) width 367: "vitae mi. Vivamus pretium lorem a quam imperdiet in placerat"
      text run at (0,2040) width 351: "purus sagittis. Aliquam ut dui nibh. Cras faucibus imperdiet"
      text run at (0,2060) width 388: "pellentesque. Curabitur vel tortor quam, ut pharetra eros. Mauris"
      text run at (0,2080) width 357: "euismod, justo in mattis ultricies, risus velit pretium ligula, eu"
      text run at (0,2100) width 387: "sodales libero dolor et massa. Phasellus eros quam, faucibus sed"
      text run at (0,2120) width 358: "consectetur et, elementum ut erat. Morbi fringilla, lorem non"
      text run at (0,2140) width 388: "fermentum vulputate, quam metus ullamcorper quam, eu porttitor"
      text run at (0,2160) width 356: "diam metus eget augue. Donec non lorem et arcu adipiscing"
      text run at (0,2180) width 385: "suscipit. Donec porta euismod magna a fermentum. Suspendisse"
      text run at (0,2200) width 379: "vestibulum rhoncus bibendum. Nam in nisi eget nulla vestibulum"
      text run at (0,2220) width 190: "rutrum. Aenean eu libero turpis."
