layer at (0,0) size 800x600
  RenderView at (0,0) size 800x600
layer at (0,0) size 800x600
  RenderBlock {HTML} at (0,0) size 800x600
    RenderBody {BODY} at (8,8) size 784x584
      RenderTable {TABLE} at (0,0) size 106x106
        RenderTableSection {TBODY} at (0,0) size 106x106
          RenderTableRow {TR} at (0,2) size 106x102
            RenderTableCell {TD} at (2,2) size 102x102 [bgcolor=#CCCCCC] [r=0 c=0 rs=1 cs=1]
      RenderBlock (anonymous) at (0,106) size 784x120
        RenderText {#text} at (0,0) size 747x39
          text run at (0,0) width 747: "Here it is: a gray, one-cell, no-width-specified table, with a 100x100 scrolling (overflow:auto) div inside. In this div, there are"
          text run at (0,20) width 323: "floating (float: left) span tags with content inside (text)."
        RenderBR {BR} at (323,35) size 0x0
        RenderBR {BR} at (0,40) size 0x19
        RenderText {#text} at (0,60) size 776x39
          text run at (0,60) width 776: "You would expect that the table would expand to fit the defined width of the div tag. But in Safari and Shiira, the table expands to"
          text run at (0,80) width 114: "fit the height of the "
        RenderInline {I} at (0,0) size 137x19
          RenderText {#text} at (114,80) size 137x19
            text run at (114,80) width 137: "content inside the div"
        RenderText {#text} at (251,80) size 497x19
          text run at (251,80) width 497: ", not the height of the div. This behavior does not occur if the content is not floated."
        RenderBR {BR} at (748,95) size 0x0
        RenderBR {BR} at (0,100) size 0x19
layer at (11,11) size 100x100 clip at (11,11) size 85x100 scrollHeight 240
  RenderBlock {DIV} at (1,1) size 100x100
    RenderBlock (floating) {SPAN} at (0,0) size 25x20
      RenderText {#text} at (0,0) size 25x19
        text run at (0,0) width 25: "stuff"
    RenderBlock (floating) {SPAN} at (25,0) size 25x20
      RenderText {#text} at (0,0) size 25x19
        text run at (0,0) width 25: "stuff"
    RenderBlock (floating) {SPAN} at (50,0) size 25x20
      RenderText {#text} at (0,0) size 25x19
        text run at (0,0) width 25: "stuff"
    RenderBlock (floating) {SPAN} at (0,20) size 25x20
      RenderText {#text} at (0,0) size 25x19
        text run at (0,0) width 25: "stuff"
    RenderBlock (floating) {SPAN} at (25,20) size 25x20
      RenderText {#text} at (0,0) size 25x19
        text run at (0,0) width 25: "stuff"
    RenderBlock (floating) {SPAN} at (50,20) size 25x20
      RenderText {#text} at (0,0) size 25x19
        text run at (0,0) width 25: "stuff"
    RenderBlock (floating) {SPAN} at (0,40) size 25x20
      RenderText {#text} at (0,0) size 25x19
        text run at (0,0) width 25: "stuff"
    RenderBlock (floating) {SPAN} at (25,40) size 25x20
      RenderText {#text} at (0,0) size 25x19
        text run at (0,0) width 25: "stuff"
    RenderBlock (floating) {SPAN} at (50,40) size 25x20
      RenderText {#text} at (0,0) size 25x19
        text run at (0,0) width 25: "stuff"
    RenderBlock (floating) {SPAN} at (0,60) size 25x20
      RenderText {#text} at (0,0) size 25x19
        text run at (0,0) width 25: "stuff"
    RenderBlock (floating) {SPAN} at (25,60) size 25x20
      RenderText {#text} at (0,0) size 25x19
        text run at (0,0) width 25: "stuff"
    RenderBlock (floating) {SPAN} at (50,60) size 25x20
      RenderText {#text} at (0,0) size 25x19
        text run at (0,0) width 25: "stuff"
    RenderBlock (floating) {SPAN} at (0,80) size 25x20
      RenderText {#text} at (0,0) size 25x19
        text run at (0,0) width 25: "stuff"
    RenderBlock (floating) {SPAN} at (25,80) size 25x20
      RenderText {#text} at (0,0) size 25x19
        text run at (0,0) width 25: "stuff"
    RenderBlock (floating) {SPAN} at (50,80) size 25x20
      RenderText {#text} at (0,0) size 25x19
        text run at (0,0) width 25: "stuff"
    RenderBlock (floating) {SPAN} at (0,100) size 25x20
      RenderText {#text} at (0,0) size 25x19
        text run at (0,0) width 25: "stuff"
    RenderBlock (floating) {SPAN} at (25,100) size 25x20
      RenderText {#text} at (0,0) size 25x19
        text run at (0,0) width 25: "stuff"
    RenderBlock (floating) {SPAN} at (50,100) size 25x20
      RenderText {#text} at (0,0) size 25x19
        text run at (0,0) width 25: "stuff"
    RenderBlock (floating) {SPAN} at (0,120) size 25x20
      RenderText {#text} at (0,0) size 25x19
        text run at (0,0) width 25: "stuff"
    RenderBlock (floating) {SPAN} at (25,120) size 25x20
      RenderText {#text} at (0,0) size 25x19
        text run at (0,0) width 25: "stuff"
    RenderBlock (floating) {SPAN} at (50,120) size 25x20
      RenderText {#text} at (0,0) size 25x19
        text run at (0,0) width 25: "stuff"
    RenderBlock (floating) {SPAN} at (0,140) size 25x20
      RenderText {#text} at (0,0) size 25x19
        text run at (0,0) width 25: "stuff"
    RenderBlock (floating) {SPAN} at (25,140) size 25x20
      RenderText {#text} at (0,0) size 25x19
        text run at (0,0) width 25: "stuff"
    RenderBlock (floating) {SPAN} at (50,140) size 25x20
      RenderText {#text} at (0,0) size 25x19
        text run at (0,0) width 25: "stuff"
    RenderBlock (floating) {SPAN} at (0,160) size 25x20
      RenderText {#text} at (0,0) size 25x19
        text run at (0,0) width 25: "stuff"
    RenderBlock (floating) {SPAN} at (25,160) size 25x20
      RenderText {#text} at (0,0) size 25x19
        text run at (0,0) width 25: "stuff"
    RenderBlock (floating) {SPAN} at (50,160) size 25x20
      RenderText {#text} at (0,0) size 25x19
        text run at (0,0) width 25: "stuff"
    RenderBlock (floating) {SPAN} at (0,180) size 25x20
      RenderText {#text} at (0,0) size 25x19
        text run at (0,0) width 25: "stuff"
    RenderBlock (floating) {SPAN} at (25,180) size 25x20
      RenderText {#text} at (0,0) size 25x19
        text run at (0,0) width 25: "stuff"
    RenderBlock (floating) {SPAN} at (50,180) size 25x20
      RenderText {#text} at (0,0) size 25x19
        text run at (0,0) width 25: "stuff"
    RenderBlock (floating) {SPAN} at (0,200) size 25x20
      RenderText {#text} at (0,0) size 25x19
        text run at (0,0) width 25: "stuff"
    RenderBlock (floating) {SPAN} at (25,200) size 25x20
      RenderText {#text} at (0,0) size 25x19
        text run at (0,0) width 25: "stuff"
    RenderBlock (floating) {SPAN} at (50,200) size 25x20
      RenderText {#text} at (0,0) size 25x19
        text run at (0,0) width 25: "stuff"
    RenderBlock (floating) {SPAN} at (0,220) size 25x20
      RenderText {#text} at (0,0) size 25x19
        text run at (0,0) width 25: "stuff"
