layer at (0,0) size 785x2466
  RenderView at (0,0) size 785x600
layer at (0,0) size 785x2466
  RenderBlock {HTML} at (0,0) size 785x2467
    RenderBody {BODY} at (8,8) size 769x2443
      RenderBlock {H1} at (0,0) size 769x37
        RenderText {#text} at (0,0) size 432x37
          text run at (0,0) width 432: "Example 4: Some simple tables."
      RenderTable {TABLE} at (0,58) size 475x101 [border: (1px outset #808080)]
        RenderTableSection {TBODY} at (1,1) size 473x98
          RenderTableRow {TR} at (0,2) size 473x22
            RenderTableCell {TH} at (2,2) size 69x22 [border: (1px inset #808080)] [r=0 c=0 rs=1 cs=1]
              RenderText {#text} at (12,2) size 44x18
                text run at (12,2) width 44: "Color "
            RenderTableCell {TH} at (72,2) size 399x22 [border: (1px inset #808080)] [r=0 c=1 rs=1 cs=1]
              RenderText {#text} at (166,2) size 66x18
                text run at (166,2) width 66: "Meaning "
          RenderTableRow {TR} at (0,26) size 473x22
            RenderTableCell {TD} at (2,26) size 69x22 [bgcolor=#90EE90] [border: (1px inset #808080)] [r=1 c=0 rs=1 cs=1]
              RenderText {#text} at (2,2) size 65x18
                text run at (2,2) width 65: "lightgreen"
            RenderTableCell {TD} at (72,26) size 399x22 [border: (1px inset #808080)] [r=1 c=1 rs=1 cs=1]
              RenderText {#text} at (2,2) size 302x18
                text run at (2,2) width 302: "Light green is used on cells that have a colspan"
          RenderTableRow {TR} at (0,50) size 473x22
            RenderTableCell {TD} at (2,50) size 69x22 [bgcolor=#F0E68C] [border: (1px inset #808080)] [r=2 c=0 rs=1 cs=1]
              RenderText {#text} at (2,2) size 36x18
                text run at (2,2) width 36: "khaki"
            RenderTableCell {TD} at (72,50) size 399x22 [border: (1px inset #808080)] [r=2 c=1 rs=1 cs=1]
              RenderText {#text} at (2,2) size 272x18
                text run at (2,2) width 272: "Khaki is used on cells that have a rowspan"
          RenderTableRow {TR} at (0,74) size 473x22
            RenderTableCell {TD} at (2,74) size 69x22 [bgcolor=#D3D3D3] [border: (1px inset #808080)] [r=3 c=0 rs=1 cs=1]
              RenderText {#text} at (2,2) size 58x18
                text run at (2,2) width 58: "lightgrey"
            RenderTableCell {TD} at (72,74) size 399x22 [border: (1px inset #808080)] [r=3 c=1 rs=1 cs=1]
              RenderText {#text} at (2,2) size 304x18
                text run at (2,2) width 304: "Light grey is used on cells that have a rowspan "
              RenderInline {B} at (0,0) size 27x18
                RenderText {#text} at (305,2) size 27x18
                  text run at (305,2) width 27: "and"
              RenderText {#text} at (331,2) size 65x18
                text run at (331,2) width 65: " a colspan"
      RenderBlock (anonymous) at (0,158) size 769x37
        RenderBR {BR} at (0,0) size 0x18
        RenderText {#text} at (0,18) size 4x18
          text run at (0,18) width 4: " "
      RenderTable {TABLE} at (0,194) size 769x131 [border: (1px outset #808080)]
        RenderBlock {CAPTION} at (0,0) size 769x18
          RenderText {#text} at (126,0) size 517x18
            text run at (126,0) width 517: "Table 1 has this caption at the top.  It is defined to be 100% of it's parent's width."
        RenderTableSection {TBODY} at (1,19) size 767x110
          RenderTableRow {TR} at (0,2) size 767x40
            RenderTableCell {TD} at (2,11) size 397x22 [bgcolor=#90EE90] [border: (1px inset #808080)] [r=0 c=0 rs=1 cs=2]
              RenderText {#text} at (2,2) size 27x18
                text run at (2,2) width 27: "Cell"
            RenderTableCell {TD} at (400,2) size 366x40 [border: (1px inset #808080)] [r=0 c=2 rs=1 cs=1]
              RenderText {#text} at (2,2) size 340x36
                text run at (2,2) width 340: "Stuff to test out table cell layout. This should be long"
                text run at (2,20) width 52: "enough."
          RenderTableRow {TR} at (0,44) size 767x22
            RenderTableCell {TD} at (2,44) size 31x22 [border: (1px inset #808080)] [r=1 c=0 rs=1 cs=1]
              RenderText {#text} at (2,2) size 27x18
                text run at (2,2) width 27: "Cell"
            RenderTableCell {TD} at (34,44) size 732x22 [bgcolor=#90EE90] [border: (1px inset #808080)] [r=1 c=1 rs=1 cs=2]
              RenderText {#text} at (2,2) size 395x18
                text run at (2,2) width 395: "Stuff to test out table cell layout. This should be long enough."
          RenderTableRow {TR} at (0,68) size 767x40
            RenderTableCell {TD} at (2,77) size 31x22 [border: (1px inset #808080)] [r=2 c=0 rs=1 cs=1]
              RenderText {#text} at (2,2) size 27x18
                text run at (2,2) width 27: "Cell"
            RenderTableCell {TD} at (34,68) size 365x40 [border: (1px inset #808080)] [r=2 c=1 rs=1 cs=1]
              RenderText {#text} at (2,2) size 340x36
                text run at (2,2) width 340: "Stuff to test out table cell layout. This should be long"
                text run at (2,20) width 52: "enough."
            RenderTableCell {TD} at (400,77) size 366x22 [border: (1px inset #808080)] [r=2 c=2 rs=1 cs=1]
              RenderText {#text} at (2,2) size 27x18
                text run at (2,2) width 27: "Cell"
      RenderBlock (anonymous) at (0,324) size 769x37
        RenderBR {BR} at (0,0) size 0x18
        RenderText {#text} at (0,18) size 4x18
          text run at (0,18) width 4: " "
      RenderTable {TABLE} at (0,360) size 505x95 [border: (1px outset #808080)]
        RenderBlock {CAPTION} at (0,0) size 505x18
          RenderText {#text} at (89,0) size 327x18
            text run at (89,0) width 327: "Table 2 has auto-width (no width param specified.)"
        RenderTableSection {TBODY} at (1,19) size 503x74
          RenderTableRow {TR} at (0,2) size 503x22
            RenderTableCell {TD} at (2,2) size 31x22 [border: (1px inset #808080)] [r=0 c=0 rs=1 cs=1]
              RenderText {#text} at (2,2) size 27x18
                text run at (2,2) width 27: "Cell"
            RenderTableCell {TD} at (34,14) size 467x22 [bgcolor=#D3D3D3] [border: (1px inset #808080)] [r=0 c=1 rs=2 cs=2]
              RenderText {#text} at (2,2) size 395x18
                text run at (2,2) width 395: "Stuff to test out table cell layout. This should be long enough."
          RenderTableRow {TR} at (0,26) size 503x22
            RenderTableCell {TD} at (2,26) size 31x22 [border: (1px inset #808080)] [r=1 c=0 rs=1 cs=1]
              RenderText {#text} at (2,2) size 27x18
                text run at (2,2) width 27: "Cell"
          RenderTableRow {TR} at (0,50) size 503x22
            RenderTableCell {TD} at (2,50) size 31x22 [border: (1px inset #808080)] [r=2 c=0 rs=1 cs=1]
              RenderText {#text} at (2,2) size 27x18
                text run at (2,2) width 27: "Cell"
            RenderTableCell {TD} at (34,50) size 400x22 [border: (1px inset #808080)] [r=2 c=1 rs=1 cs=1]
              RenderText {#text} at (2,2) size 395x18
                text run at (2,2) width 395: "Stuff to test out table cell layout. This should be long enough."
            RenderTableCell {TD} at (435,50) size 66x22 [border: (1px inset #808080)] [r=2 c=2 rs=1 cs=1]
              RenderText {#text} at (2,2) size 61x18
                text run at (2,2) width 61: "more text"
      RenderBlock (anonymous) at (0,454) size 769x19
        RenderText {#text} at (0,0) size 4x18
          text run at (0,0) width 4: " "
      RenderTable {TABLE} at (0,472) size 505x95 [border: (1px outset #808080)]
        RenderBlock {CAPTION} at (0,0) size 505x18
          RenderText {#text} at (53,0) size 398x18
            text run at (53,0) width 398: "Table 3 is the same as Table 2, but with equal column widths. "
        RenderTableSection {TBODY} at (1,19) size 503x74
          RenderTableRow {TR} at (0,2) size 503x22
            RenderTableCell {TD} at (2,2) size 31x22 [border: (1px inset #808080)] [r=0 c=0 rs=1 cs=1]
              RenderText {#text} at (2,2) size 27x18
                text run at (2,2) width 27: "Cell"
            RenderTableCell {TD} at (34,14) size 467x22 [bgcolor=#D3D3D3] [border: (1px inset #808080)] [r=0 c=1 rs=2 cs=2]
              RenderText {#text} at (2,2) size 395x18
                text run at (2,2) width 395: "Stuff to test out table cell layout. This should be long enough."
          RenderTableRow {TR} at (0,26) size 503x22
            RenderTableCell {TD} at (2,26) size 31x22 [border: (1px inset #808080)] [r=1 c=0 rs=1 cs=1]
              RenderText {#text} at (2,2) size 27x18
                text run at (2,2) width 27: "Cell"
          RenderTableRow {TR} at (0,50) size 503x22
            RenderTableCell {TD} at (2,50) size 31x22 [border: (1px inset #808080)] [r=2 c=0 rs=1 cs=1]
              RenderText {#text} at (2,2) size 27x18
                text run at (2,2) width 27: "Cell"
            RenderTableCell {TD} at (34,50) size 400x22 [border: (1px inset #808080)] [r=2 c=1 rs=1 cs=1]
              RenderText {#text} at (2,2) size 395x18
                text run at (2,2) width 395: "Stuff to test out table cell layout. This should be long enough."
            RenderTableCell {TD} at (435,50) size 66x22 [border: (1px inset #808080)] [r=2 c=2 rs=1 cs=1]
              RenderText {#text} at (2,2) size 61x18
                text run at (2,2) width 61: "more text"
      RenderBlock (anonymous) at (0,566) size 769x37
        RenderBR {BR} at (0,0) size 0x18
        RenderText {#text} at (0,18) size 4x18
          text run at (0,18) width 4: " "
      RenderTable {TABLE} at (0,602) size 252x175 [border: (1px none #808080)]
        RenderBlock {CAPTION} at (0,120) size 252x54
          RenderText {#text} at (9,0) size 244x54
            text run at (9,0) width 234: "Table 4 has this bottom caption. The"
            text run at (4,18) width 244: "table has specified column widths and"
            text run at (65,36) width 122: "collapsing borders."
        RenderTableCol {COLGROUP} at (0,0) size 0x0
          RenderTableCol {COL} at (0,0) size 0x0 [border: none (2px dashed #0000FF) none (2px solid #000000)]
          RenderTableCol {COL} at (0,0) size 0x0 [border: none (1px solid #FF0000) none]
          RenderTableCol {COL} at (0,0) size 0x0 [border: none (2px solid #000000) none]
        RenderTableSection {THEAD} at (1,1) size 250x26 [border: none (6px solid #000000) none]
          RenderTableRow {TR} at (0,0) size 250x26 [border: (2px solid #000000)]
            RenderTableCell {TH} at (0,0) size 90x26 [border: (1px none #000000) none (3px none #000000)] [r=0 c=0 rs=1 cs=1]
              RenderText {#text} at (23,3) size 45x18
                text run at (23,3) width 45: "Player"
            RenderTableCell {TH} at (90,0) size 80x26 [border: (1px none #000000) none (3px none #000000)] [r=0 c=1 rs=1 cs=1]
              RenderText {#text} at (10,3) size 60x18
                text run at (10,3) width 60: "Ranking"
            RenderTableCell {TH} at (170,0) size 80x26 [border: (1px none #000000)] [r=0 c=2 rs=1 cs=1]
              RenderText {#text} at (14,3) size 51x18
                text run at (14,3) width 51: "Record"
        RenderTableSection {TBODY} at (1,27) size 250x92
          RenderTableRow {TR} at (0,0) size 250x26 [border: (2px solid #000000)]
            RenderTableCell {TD} at (0,0) size 90x26 [border: (3px none #000000)] [r=0 c=0 rs=1 cs=1]
              RenderText {#text} at (3,5) size 76x18
                text run at (3,5) width 76: "Steve Clark"
            RenderTableCell {TD} at (90,0) size 80x26 [border: (3px none #000000)] [r=0 c=1 rs=1 cs=1]
              RenderText {#text} at (36,5) size 9x18
                text run at (36,5) width 9: "1"
            RenderTableCell {TD} at (170,0) size 80x26 [border: (3px none #000000)] [r=0 c=2 rs=1 cs=1]
              RenderText {#text} at (25,5) size 30x18
                text run at (25,5) width 30: "77-0"
          RenderTableRow {TR} at (0,26) size 250x24 [border: (2px solid #000000)]
            RenderTableCell {TD} at (0,26) size 90x24 [border: (1px none #000000)] [r=1 c=0 rs=1 cs=1]
              RenderText {#text} at (3,3) size 74x18
                text run at (3,3) width 74: "Cliff Swain"
            RenderTableCell {TD} at (90,26) size 80x24 [border: (1px none #000000)] [r=1 c=1 rs=1 cs=1]
              RenderText {#text} at (36,3) size 9x18
                text run at (36,3) width 9: "2"
            RenderTableCell {TD} at (170,26) size 80x24 [border: (1px none #000000)] [r=1 c=2 rs=1 cs=1]
              RenderText {#text} at (21,3) size 38x18
                text run at (21,3) width 38: "67-10"
          RenderTableRow {TR} at (0,50) size 250x42 [border: (2px solid #000000)]
            RenderTableCell {TD} at (0,50) size 90x42 [border: (1px none #000000)] [r=2 c=0 rs=1 cs=1]
              RenderText {#text} at (3,3) size 43x36
                text run at (3,3) width 40: "Marty"
                text run at (3,21) width 43: "Hogan"
            RenderTableCell {TD} at (90,59) size 80x24 [border: (1px none #000000)] [r=2 c=1 rs=1 cs=1]
              RenderText {#text} at (36,3) size 9x18
                text run at (36,3) width 9: "3"
            RenderTableCell {TD} at (170,59) size 80x24 [border: (1px none #000000)] [r=2 c=2 rs=1 cs=1]
              RenderText {#text} at (21,3) size 38x18
                text run at (21,3) width 38: "57-15"
      RenderBlock (anonymous) at (0,776) size 769x19
        RenderBR {BR} at (0,0) size 0x18
      RenderTable {TABLE} at (0,794) size 196x425
        RenderBlock {CAPTION} at (0,388) size 196x18
          RenderText {#text} at (4,0) size 188x18
            text run at (4,0) width 188: "Table 5 has a scrolling tbody."
        RenderTableSection {THEAD} at (0,0) size 196x19
          RenderTableRow {TR} at (0,2) size 196x15
            RenderTableCell {TD} at (2,2) size 95x15 [r=0 c=0 rs=1 cs=2]
              RenderText {#text} at (1,1) size 48x13
                text run at (1,1) width 48: "HEADER"
        RenderTableSection {TBODY} at (0,19) size 196x352 [border: (1px solid #000000)]
          RenderTableRow {TR} at (0,0) size 196x20
            RenderTableCell {TD} at (2,0) size 47x20 [r=0 c=0 rs=1 cs=1]
              RenderText {#text} at (1,1) size 45x18
                text run at (1,1) width 45: "cell-00"
            RenderTableCell {TD} at (50,0) size 47x20 [r=0 c=1 rs=1 cs=1]
              RenderText {#text} at (1,1) size 45x18
                text run at (1,1) width 45: "cell-01"
            RenderTableCell {TD} at (98,0) size 48x20 [r=0 c=2 rs=1 cs=1]
              RenderText {#text} at (1,1) size 45x18
                text run at (1,1) width 45: "cell-02"
            RenderTableCell {TD} at (147,0) size 47x20 [r=0 c=3 rs=1 cs=1]
              RenderText {#text} at (1,1) size 45x18
                text run at (1,1) width 45: "cell-03"
          RenderTableRow {TR} at (0,22) size 196x20
            RenderTableCell {TD} at (2,22) size 47x20 [r=1 c=0 rs=1 cs=1]
              RenderText {#text} at (1,1) size 45x18
                text run at (1,1) width 45: "cell-10"
            RenderTableCell {TD} at (50,22) size 47x20 [r=1 c=1 rs=1 cs=1]
              RenderText {#text} at (1,1) size 44x18
                text run at (1,1) width 44: "cell-11"
            RenderTableCell {TD} at (98,22) size 48x20 [r=1 c=2 rs=1 cs=1]
              RenderText {#text} at (1,1) size 45x18
                text run at (1,1) width 45: "cell-12"
            RenderTableCell {TD} at (147,22) size 47x20 [r=1 c=3 rs=1 cs=1]
              RenderText {#text} at (1,1) size 45x18
                text run at (1,1) width 45: "cell-13"
          RenderTableRow {TR} at (0,44) size 196x20
            RenderTableCell {TD} at (2,44) size 47x20 [r=2 c=0 rs=1 cs=1]
              RenderText {#text} at (1,1) size 45x18
                text run at (1,1) width 45: "cell-20"
            RenderTableCell {TD} at (50,44) size 47x20 [r=2 c=1 rs=1 cs=1]
              RenderText {#text} at (1,1) size 45x18
                text run at (1,1) width 45: "cell-21"
            RenderTableCell {TD} at (98,44) size 48x20 [r=2 c=2 rs=1 cs=1]
              RenderText {#text} at (1,1) size 45x18
                text run at (1,1) width 45: "cell-22"
            RenderTableCell {TD} at (147,44) size 47x20 [r=2 c=3 rs=1 cs=1]
              RenderText {#text} at (1,1) size 45x18
                text run at (1,1) width 45: "cell-23"
          RenderTableRow {TR} at (0,66) size 196x20
            RenderTableCell {TD} at (2,66) size 47x20 [r=3 c=0 rs=1 cs=1]
              RenderText {#text} at (1,1) size 45x18
                text run at (1,1) width 45: "cell-30"
            RenderTableCell {TD} at (50,66) size 47x20 [r=3 c=1 rs=1 cs=1]
              RenderText {#text} at (1,1) size 45x18
                text run at (1,1) width 45: "cell-31"
            RenderTableCell {TD} at (98,66) size 48x20 [r=3 c=2 rs=1 cs=1]
              RenderText {#text} at (1,1) size 45x18
                text run at (1,1) width 45: "cell-32"
            RenderTableCell {TD} at (147,66) size 47x20 [r=3 c=3 rs=1 cs=1]
              RenderText {#text} at (1,1) size 45x18
                text run at (1,1) width 45: "cell-33"
          RenderTableRow {TR} at (0,88) size 196x20
            RenderTableCell {TD} at (2,88) size 47x20 [r=4 c=0 rs=1 cs=1]
              RenderText {#text} at (1,1) size 45x18
                text run at (1,1) width 45: "cell-40"
            RenderTableCell {TD} at (50,88) size 47x20 [r=4 c=1 rs=1 cs=1]
              RenderText {#text} at (1,1) size 45x18
                text run at (1,1) width 45: "cell-41"
            RenderTableCell {TD} at (98,88) size 48x20 [r=4 c=2 rs=1 cs=1]
              RenderText {#text} at (1,1) size 45x18
                text run at (1,1) width 45: "cell-42"
            RenderTableCell {TD} at (147,88) size 47x20 [r=4 c=3 rs=1 cs=1]
              RenderText {#text} at (1,1) size 45x18
                text run at (1,1) width 45: "cell-43"
          RenderTableRow {TR} at (0,110) size 196x20
            RenderTableCell {TD} at (2,110) size 47x20 [r=5 c=0 rs=1 cs=1]
              RenderText {#text} at (1,1) size 45x18
                text run at (1,1) width 45: "cell-50"
            RenderTableCell {TD} at (50,110) size 47x20 [r=5 c=1 rs=1 cs=1]
              RenderText {#text} at (1,1) size 45x18
                text run at (1,1) width 45: "cell-51"
            RenderTableCell {TD} at (98,110) size 48x20 [r=5 c=2 rs=1 cs=1]
              RenderText {#text} at (1,1) size 45x18
                text run at (1,1) width 45: "cell-52"
            RenderTableCell {TD} at (147,110) size 47x20 [r=5 c=3 rs=1 cs=1]
              RenderText {#text} at (1,1) size 45x18
                text run at (1,1) width 45: "cell-53"
          RenderTableRow {TR} at (0,132) size 196x20
            RenderTableCell {TD} at (2,132) size 47x20 [r=6 c=0 rs=1 cs=1]
              RenderText {#text} at (1,1) size 45x18
                text run at (1,1) width 45: "cell-60"
            RenderTableCell {TD} at (50,132) size 47x20 [r=6 c=1 rs=1 cs=1]
              RenderText {#text} at (1,1) size 45x18
                text run at (1,1) width 45: "cell-61"
            RenderTableCell {TD} at (98,132) size 48x20 [r=6 c=2 rs=1 cs=1]
              RenderText {#text} at (1,1) size 45x18
                text run at (1,1) width 45: "cell-62"
            RenderTableCell {TD} at (147,132) size 47x20 [r=6 c=3 rs=1 cs=1]
              RenderText {#text} at (1,1) size 45x18
                text run at (1,1) width 45: "cell-63"
          RenderTableRow {TR} at (0,154) size 196x20
            RenderTableCell {TD} at (2,154) size 47x20 [r=7 c=0 rs=1 cs=1]
              RenderText {#text} at (1,1) size 45x18
                text run at (1,1) width 45: "cell-70"
            RenderTableCell {TD} at (50,154) size 47x20 [r=7 c=1 rs=1 cs=1]
              RenderText {#text} at (1,1) size 45x18
                text run at (1,1) width 45: "cell-71"
            RenderTableCell {TD} at (98,154) size 48x20 [r=7 c=2 rs=1 cs=1]
              RenderText {#text} at (1,1) size 45x18
                text run at (1,1) width 45: "cell-72"
            RenderTableCell {TD} at (147,154) size 47x20 [r=7 c=3 rs=1 cs=1]
              RenderText {#text} at (1,1) size 45x18
                text run at (1,1) width 45: "cell-73"
          RenderTableRow {TR} at (0,176) size 196x20
            RenderTableCell {TD} at (2,176) size 47x20 [r=8 c=0 rs=1 cs=1]
              RenderText {#text} at (1,1) size 45x18
                text run at (1,1) width 45: "cell-80"
            RenderTableCell {TD} at (50,176) size 47x20 [r=8 c=1 rs=1 cs=1]
              RenderText {#text} at (1,1) size 45x18
                text run at (1,1) width 45: "cell-81"
            RenderTableCell {TD} at (98,176) size 48x20 [r=8 c=2 rs=1 cs=1]
              RenderText {#text} at (1,1) size 45x18
                text run at (1,1) width 45: "cell-82"
            RenderTableCell {TD} at (147,176) size 47x20 [r=8 c=3 rs=1 cs=1]
              RenderText {#text} at (1,1) size 45x18
                text run at (1,1) width 45: "cell-83"
          RenderTableRow {TR} at (0,198) size 196x20
            RenderTableCell {TD} at (2,198) size 47x20 [r=9 c=0 rs=1 cs=1]
              RenderText {#text} at (1,1) size 45x18
                text run at (1,1) width 45: "cell-90"
            RenderTableCell {TD} at (50,198) size 47x20 [r=9 c=1 rs=1 cs=1]
              RenderText {#text} at (1,1) size 45x18
                text run at (1,1) width 45: "cell-91"
            RenderTableCell {TD} at (98,198) size 48x20 [r=9 c=2 rs=1 cs=1]
              RenderText {#text} at (1,1) size 45x18
                text run at (1,1) width 45: "cell-92"
            RenderTableCell {TD} at (147,198) size 47x20 [r=9 c=3 rs=1 cs=1]
              RenderText {#text} at (1,1) size 45x18
                text run at (1,1) width 45: "cell-93"
          RenderTableRow {TR} at (0,220) size 196x20
            RenderTableCell {TD} at (2,220) size 47x20 [r=10 c=0 rs=1 cs=1]
              RenderText {#text} at (1,1) size 44x18
                text run at (1,1) width 44: "cell-a0"
            RenderTableCell {TD} at (50,220) size 47x20 [r=10 c=1 rs=1 cs=1]
              RenderText {#text} at (1,1) size 44x18
                text run at (1,1) width 44: "cell-a1"
            RenderTableCell {TD} at (98,220) size 48x20 [r=10 c=2 rs=1 cs=1]
              RenderText {#text} at (1,1) size 44x18
                text run at (1,1) width 44: "cell-a2"
            RenderTableCell {TD} at (147,220) size 47x20 [r=10 c=3 rs=1 cs=1]
              RenderText {#text} at (1,1) size 44x18
                text run at (1,1) width 44: "cell-a3"
          RenderTableRow {TR} at (0,242) size 196x20
            RenderTableCell {TD} at (2,242) size 47x20 [r=11 c=0 rs=1 cs=1]
              RenderText {#text} at (1,1) size 45x18
                text run at (1,1) width 45: "cell-b0"
            RenderTableCell {TD} at (50,242) size 47x20 [r=11 c=1 rs=1 cs=1]
              RenderText {#text} at (1,1) size 45x18
                text run at (1,1) width 45: "cell-b1"
            RenderTableCell {TD} at (98,242) size 48x20 [r=11 c=2 rs=1 cs=1]
              RenderText {#text} at (1,1) size 45x18
                text run at (1,1) width 45: "cell-b2"
            RenderTableCell {TD} at (147,242) size 47x20 [r=11 c=3 rs=1 cs=1]
              RenderText {#text} at (1,1) size 45x18
                text run at (1,1) width 45: "cell-b3"
          RenderTableRow {TR} at (0,264) size 196x20
            RenderTableCell {TD} at (2,264) size 47x20 [r=12 c=0 rs=1 cs=1]
              RenderText {#text} at (1,1) size 44x18
                text run at (1,1) width 44: "cell-c0"
            RenderTableCell {TD} at (50,264) size 47x20 [r=12 c=1 rs=1 cs=1]
              RenderText {#text} at (1,1) size 44x18
                text run at (1,1) width 44: "cell-c1"
            RenderTableCell {TD} at (98,264) size 48x20 [r=12 c=2 rs=1 cs=1]
              RenderText {#text} at (1,1) size 44x18
                text run at (1,1) width 44: "cell-c2"
            RenderTableCell {TD} at (147,264) size 47x20 [r=12 c=3 rs=1 cs=1]
              RenderText {#text} at (1,1) size 44x18
                text run at (1,1) width 44: "cell-c3"
          RenderTableRow {TR} at (0,286) size 196x20
            RenderTableCell {TD} at (2,286) size 47x20 [r=13 c=0 rs=1 cs=1]
              RenderText {#text} at (1,1) size 45x18
                text run at (1,1) width 45: "cell-d0"
            RenderTableCell {TD} at (50,286) size 47x20 [r=13 c=1 rs=1 cs=1]
              RenderText {#text} at (1,1) size 45x18
                text run at (1,1) width 45: "cell-d1"
            RenderTableCell {TD} at (98,286) size 48x20 [r=13 c=2 rs=1 cs=1]
              RenderText {#text} at (1,1) size 45x18
                text run at (1,1) width 45: "cell-d2"
            RenderTableCell {TD} at (147,286) size 47x20 [r=13 c=3 rs=1 cs=1]
              RenderText {#text} at (1,1) size 45x18
                text run at (1,1) width 45: "cell-d3"
          RenderTableRow {TR} at (0,308) size 196x20
            RenderTableCell {TD} at (2,308) size 47x20 [r=14 c=0 rs=1 cs=1]
              RenderText {#text} at (1,1) size 44x18
                text run at (1,1) width 44: "cell-e0"
            RenderTableCell {TD} at (50,308) size 47x20 [r=14 c=1 rs=1 cs=1]
              RenderText {#text} at (1,1) size 44x18
                text run at (1,1) width 44: "cell-e1"
            RenderTableCell {TD} at (98,308) size 48x20 [r=14 c=2 rs=1 cs=1]
              RenderText {#text} at (1,1) size 44x18
                text run at (1,1) width 44: "cell-e2"
            RenderTableCell {TD} at (147,308) size 47x20 [r=14 c=3 rs=1 cs=1]
              RenderText {#text} at (1,1) size 44x18
                text run at (1,1) width 44: "cell-e3"
          RenderTableRow {TR} at (0,330) size 196x20
            RenderTableCell {TD} at (2,330) size 47x20 [r=15 c=0 rs=1 cs=1]
              RenderText {#text} at (1,1) size 42x18
                text run at (1,1) width 42: "cell-f0"
            RenderTableCell {TD} at (50,330) size 47x20 [r=15 c=1 rs=1 cs=1]
              RenderText {#text} at (1,1) size 42x18
                text run at (1,1) width 42: "cell-f1"
            RenderTableCell {TD} at (98,330) size 48x20 [r=15 c=2 rs=1 cs=1]
              RenderText {#text} at (1,1) size 42x18
                text run at (1,1) width 42: "cell-f2"
            RenderTableCell {TD} at (147,330) size 47x20 [r=15 c=3 rs=1 cs=1]
              RenderText {#text} at (1,1) size 42x18
                text run at (1,1) width 42: "cell-f3"
        RenderTableSection {TFOOT} at (0,371) size 196x17
          RenderTableRow {TR} at (0,0) size 196x15
            RenderTableCell {TD} at (2,0) size 95x15 [r=0 c=0 rs=1 cs=2]
              RenderText {#text} at (1,1) size 47x13
                text run at (1,1) width 47: "FOOTER"
        RenderBlock {CAPTION} at (0,406) size 196x18
          RenderText {#text} at (4,0) size 188x18
            text run at (4,0) width 188: "Table 5 has a scrolling tbody."
      RenderBlock (anonymous) at (0,1218) size 769x37
        RenderBR {BR} at (0,0) size 0x18
        RenderText {#text} at (0,18) size 632x18
          text run at (0,18) width 632: "This is a table formed from a list with display of table-row and list items with display of table-cell."
      RenderTable at (0,1254) size 200x19
        RenderTableSection (anonymous) at (0,0) size 200x18
          RenderTableRow {UL} at (0,0) size 200x18 [bgcolor=#FFA500]
            RenderTableCell {LI} at (0,0) size 33x18 [r=0 c=0 rs=1 cs=1]
              RenderText {#text} at (0,0) size 33x18
                text run at (0,0) width 33: "ONE"
            RenderTableCell {LI} at (32,0) size 38x18 [r=0 c=1 rs=1 cs=1]
              RenderText {#text} at (0,0) size 37x18
                text run at (0,0) width 37: "TWO"
            RenderTableCell {LI} at (69,0) size 52x18 [r=0 c=2 rs=1 cs=1]
              RenderText {#text} at (0,0) size 52x18
                text run at (0,0) width 52: "THREE"
            RenderTableCell {LI} at (120,0) size 44x18 [r=0 c=3 rs=1 cs=1]
              RenderText {#text} at (0,0) size 43x18
                text run at (0,0) width 43: "FOUR"
            RenderTableCell {LI} at (163,0) size 37x18 [r=0 c=4 rs=1 cs=1]
              RenderText {#text} at (0,0) size 36x18
                text run at (0,0) width 36: "FIVE"
      RenderBlock (anonymous) at (0,1272) size 769x37
        RenderBR {BR} at (0,0) size 0x18
        RenderText {#text} at (0,18) size 675x18
          text run at (0,18) width 675: "This is a table formed from a list with display of table-row-group and list items with display of table-cell."
        RenderBR {BR} at (674,18) size 1x18
      RenderTable at (0,1308) size 225x19
        RenderTableSection {UL} at (0,0) size 225x18
          RenderTableRow (anonymous) at (0,0) size 225x18
            RenderTableCell {LI} at (0,0) size 33x18 [bgcolor=#FFA500] [r=0 c=0 rs=1 cs=1]
              RenderText {#text} at (0,0) size 33x18
                text run at (0,0) width 33: "ONE"
            RenderTableCell {LI} at (32,0) size 38x18 [bgcolor=#FFA500] [r=0 c=1 rs=1 cs=1]
              RenderText {#text} at (0,0) size 37x18
                text run at (0,0) width 37: "TWO"
            RenderTableCell {LI} at (69,0) size 52x18 [bgcolor=#FFA500] [r=0 c=2 rs=1 cs=1]
              RenderText {#text} at (0,0) size 52x18
                text run at (0,0) width 52: "THREE"
            RenderTableCell {LI} at (120,0) size 44x18 [bgcolor=#FFA500] [r=0 c=3 rs=1 cs=1]
              RenderText {#text} at (0,0) size 43x18
                text run at (0,0) width 43: "FOUR"
            RenderTableCell {LI} at (163,0) size 37x18 [bgcolor=#FFA500] [r=0 c=4 rs=1 cs=1]
              RenderText {#text} at (0,0) size 36x18
                text run at (0,0) width 36: "FIVE"
            RenderTableCell {LI} at (199,0) size 26x18 [bgcolor=#FFA500] [r=0 c=5 rs=1 cs=1]
              RenderText {#text} at (0,0) size 26x18
                text run at (0,0) width 26: "SIX"
      RenderBlock (anonymous) at (0,1326) size 769x37
        RenderBR {BR} at (0,0) size 0x18
        RenderText {#text} at (0,18) size 417x18
          text run at (0,18) width 417: "This is like the previous table plus the list's overflow property set"
      RenderTable at (0,1362) size 225x19
        RenderTableSection {UL} at (0,0) size 225x18
          RenderTableRow (anonymous) at (0,0) size 225x18
            RenderTableCell {LI} at (0,0) size 33x18 [bgcolor=#FFA500] [r=0 c=0 rs=1 cs=1]
              RenderText {#text} at (0,0) size 33x18
                text run at (0,0) width 33: "ONE"
            RenderTableCell {LI} at (32,0) size 38x18 [bgcolor=#FFA500] [r=0 c=1 rs=1 cs=1]
              RenderText {#text} at (0,0) size 37x18
                text run at (0,0) width 37: "TWO"
            RenderTableCell {LI} at (69,0) size 52x18 [bgcolor=#FFA500] [r=0 c=2 rs=1 cs=1]
              RenderText {#text} at (0,0) size 52x18
                text run at (0,0) width 52: "THREE"
            RenderTableCell {LI} at (120,0) size 44x18 [bgcolor=#FFA500] [r=0 c=3 rs=1 cs=1]
              RenderText {#text} at (0,0) size 43x18
                text run at (0,0) width 43: "FOUR"
            RenderTableCell {LI} at (163,0) size 37x18 [bgcolor=#FFA500] [r=0 c=4 rs=1 cs=1]
              RenderText {#text} at (0,0) size 36x18
                text run at (0,0) width 36: "FIVE"
            RenderTableCell {LI} at (199,0) size 26x18 [bgcolor=#FFA500] [r=0 c=5 rs=1 cs=1]
              RenderText {#text} at (0,0) size 26x18
                text run at (0,0) width 26: "SIX"
      RenderBlock (anonymous) at (0,1380) size 769x19
        RenderBR {BR} at (0,0) size 0x18
      RenderBlock {P} at (0,1414) size 769x225
        RenderBlock (anonymous) at (0,0) size 769x18
          RenderText {#text} at (0,0) size 435x18
            text run at (0,0) width 435: "The following table will have its rows and columns in red collapsed"
          RenderBR {BR} at (434,0) size 1x18
        RenderTable {TABLE} at (0,18) size 138x94 [bgcolor=#FFA500] [border: (1px outset #808080)]
          RenderBlock {CAPTION} at (0,0) size 138x18
            RenderInline {B} at (0,0) size 44x18
              RenderText {#text} at (47,0) size 44x18
                text run at (47,0) width 44: "before"
          RenderTableCol {COLGROUP} at (0,0) size 0x0
            RenderTableCol {COL} at (0,0) size 0x0
            RenderTableCol {COL} at (0,0) size 0x0
            RenderTableCol {COL} at (0,0) size 0x0
          RenderTableSection {TBODY} at (1,19) size 136x74
            RenderTableRow {TR} at (0,2) size 136x22
              RenderTableCell {TD} at (2,2) size 31x22 [border: (1px inset #808080)] [r=0 c=0 rs=1 cs=1]
                RenderText {#text} at (2,2) size 27x18
                  text run at (2,2) width 27: "C11"
              RenderTableCell {TD} at (34,2) size 32x22 [bgcolor=#FF0000] [border: (1px inset #808080)] [r=0 c=1 rs=1 cs=1]
                RenderText {#text} at (2,2) size 27x18
                  text run at (2,2) width 27: "C12"
              RenderTableCell {TD} at (67,2) size 67x22 [border: (1px inset #808080)] [r=0 c=2 rs=1 cs=1]
                RenderText {#text} at (2,2) size 63x18
                  text run at (2,2) width 63: "C13 large"
            RenderTableRow {TR} at (0,26) size 136x22 [bgcolor=#FF0000]
              RenderTableCell {TD} at (2,26) size 31x22 [border: (1px inset #808080)] [r=1 c=0 rs=1 cs=1]
                RenderText {#text} at (2,2) size 27x18
                  text run at (2,2) width 27: "C21"
              RenderTableCell {TD} at (34,26) size 32x22 [border: (1px inset #808080)] [r=1 c=1 rs=1 cs=1]
                RenderText {#text} at (2,2) size 27x18
                  text run at (2,2) width 27: "C22"
              RenderTableCell {TD} at (67,26) size 67x22 [border: (1px inset #808080)] [r=1 c=2 rs=1 cs=1]
                RenderText {#text} at (2,2) size 27x18
                  text run at (2,2) width 27: "C23"
            RenderTableRow {TR} at (0,50) size 136x22
              RenderTableCell {TD} at (2,50) size 31x22 [border: (1px inset #808080)] [r=2 c=0 rs=1 cs=1]
                RenderText {#text} at (2,2) size 27x18
                  text run at (2,2) width 27: "C31"
              RenderTableCell {TD} at (34,50) size 32x22 [bgcolor=#FF0000] [border: (1px inset #808080)] [r=2 c=1 rs=1 cs=1]
                RenderText {#text} at (2,2) size 27x18
                  text run at (2,2) width 27: "C32"
              RenderTableCell {TD} at (67,50) size 67x22 [border: (1px inset #808080)] [r=2 c=2 rs=1 cs=1]
                RenderText {#text} at (2,2) size 27x18
                  text run at (2,2) width 27: "C33"
        RenderBlock (anonymous) at (0,112) size 769x18
          RenderBR {BR} at (0,0) size 0x18
        RenderTable {TABLE} at (0,130) size 138x94 [bgcolor=#FFA500] [border: (1px outset #808080)]
          RenderBlock {CAPTION} at (0,0) size 138x18
            RenderInline {B} at (0,0) size 34x18
              RenderText {#text} at (52,0) size 34x18
                text run at (52,0) width 34: "after"
          RenderTableCol {COLGROUP} at (0,0) size 0x0
            RenderTableCol {COL} at (0,0) size 0x0
            RenderTableCol {COL} at (0,0) size 0x0
            RenderTableCol {COL} at (0,0) size 0x0
          RenderTableSection {TBODY} at (1,19) size 136x74
            RenderTableRow {TR} at (0,2) size 136x22
              RenderTableCell {TD} at (2,2) size 31x22 [border: (1px inset #808080)] [r=0 c=0 rs=1 cs=1]
                RenderText {#text} at (2,2) size 27x18
                  text run at (2,2) width 27: "C11"
              RenderTableCell {TD} at (34,2) size 32x22 [border: (1px inset #808080)] [r=0 c=1 rs=1 cs=1]
                RenderText {#text} at (2,2) size 27x18
                  text run at (2,2) width 27: "C12"
              RenderTableCell {TD} at (67,2) size 67x22 [border: (1px inset #808080)] [r=0 c=2 rs=1 cs=1]
                RenderText {#text} at (2,2) size 63x18
                  text run at (2,2) width 63: "C13 large"
            RenderTableRow {TR} at (0,26) size 136x22
              RenderTableCell {TD} at (2,26) size 31x22 [border: (1px inset #808080)] [r=1 c=0 rs=1 cs=1]
                RenderText {#text} at (2,2) size 27x18
                  text run at (2,2) width 27: "C21"
              RenderTableCell {TD} at (34,26) size 32x22 [border: (1px inset #808080)] [r=1 c=1 rs=1 cs=1]
                RenderText {#text} at (2,2) size 27x18
                  text run at (2,2) width 27: "C22"
              RenderTableCell {TD} at (67,26) size 67x22 [border: (1px inset #808080)] [r=1 c=2 rs=1 cs=1]
                RenderText {#text} at (2,2) size 27x18
                  text run at (2,2) width 27: "C23"
            RenderTableRow {TR} at (0,50) size 136x22
              RenderTableCell {TD} at (2,50) size 31x22 [border: (1px inset #808080)] [r=2 c=0 rs=1 cs=1]
                RenderText {#text} at (2,2) size 27x18
                  text run at (2,2) width 27: "C31"
              RenderTableCell {TD} at (34,50) size 32x22 [border: (1px inset #808080)] [r=2 c=1 rs=1 cs=1]
                RenderText {#text} at (2,2) size 27x18
                  text run at (2,2) width 27: "C32"
              RenderTableCell {TD} at (67,50) size 67x22 [border: (1px inset #808080)] [r=2 c=2 rs=1 cs=1]
                RenderText {#text} at (2,2) size 27x18
                  text run at (2,2) width 27: "C33"
      RenderBlock {P} at (0,1654) size 769x235
        RenderBlock (anonymous) at (0,0) size 769x18
          RenderText {#text} at (0,0) size 756x18
            text run at (0,0) width 756: "The following table will have its 2nd row and 2nd col collapsed. A window resize may be necessary to see it properly."
          RenderBR {BR} at (755,0) size 1x18
        RenderTable {TABLE} at (0,18) size 187x108 [bgcolor=#FFA500] [border: (1px outset #808080)]
          RenderBlock {CAPTION} at (0,0) size 187x18
            RenderInline {B} at (0,0) size 44x18
              RenderText {#text} at (71,0) size 44x18
                text run at (71,0) width 44: "before"
          RenderTableCol {COLGROUP} at (0,0) size 0x0
            RenderTableCol {COL} at (0,0) size 0x0
            RenderTableCol {COL} at (0,0) size 0x0
            RenderTableCol {COL} at (0,0) size 0x0
            RenderTableCol {COL} at (0,0) size 0x0
          RenderTableSection {TBODY} at (1,19) size 185x88
            RenderTableRow {TR} at (0,0) size 185x22
              RenderTableCell {TD} at (0,0) size 31x22 [border: (1px inset #808080)] [r=0 c=0 rs=1 cs=1]
                RenderText {#text} at (2,2) size 27x18
                  text run at (2,2) width 27: "C11"
              RenderTableCell {TD} at (30,0) size 63x22 [border: (1px inset #808080)] [r=0 c=1 rs=1 cs=1]
                RenderText {#text} at (2,2) size 27x18
                  text run at (2,2) width 27: "C12"
              RenderTableCell {TD} at (92,0) size 62x22 [border: (1px inset #808080)] [r=0 c=2 rs=1 cs=1]
                RenderText {#text} at (2,2) size 27x18
                  text run at (2,2) width 27: "C13"
              RenderTableCell {TD} at (153,0) size 32x22 [border: (1px inset #808080)] [r=0 c=3 rs=1 cs=1]
                RenderText {#text} at (2,2) size 27x18
                  text run at (2,2) width 27: "C14"
            RenderTableRow {TR} at (0,22) size 185x22
              RenderTableCell {TD} at (0,22) size 31x22 [border: (1px inset #808080)] [r=1 c=0 rs=1 cs=1]
                RenderText {#text} at (2,2) size 27x18
                  text run at (2,2) width 27: "C21"
              RenderTableCell {TD} at (30,33) size 124x22 [border: (1px inset #808080)] [r=1 c=1 rs=2 cs=2]
                RenderText {#text} at (2,2) size 119x18
                  text run at (2,2) width 119: "C12 C13 C22 C23"
              RenderTableCell {TD} at (153,22) size 32x22 [border: (1px inset #808080)] [r=1 c=3 rs=1 cs=1]
                RenderText {#text} at (2,2) size 27x18
                  text run at (2,2) width 27: "C14"
            RenderTableRow {TR} at (0,44) size 185x22
              RenderTableCell {TD} at (0,44) size 31x22 [border: (1px inset #808080)] [r=2 c=0 rs=1 cs=1]
                RenderText {#text} at (2,2) size 27x18
                  text run at (2,2) width 27: "C31"
              RenderTableCell {TD} at (153,44) size 32x22 [border: (1px inset #808080)] [r=2 c=3 rs=1 cs=1]
                RenderText {#text} at (2,2) size 27x18
                  text run at (2,2) width 27: "C34"
            RenderTableRow {TR} at (0,66) size 185x22
              RenderTableCell {TD} at (0,66) size 31x22 [border: (1px inset #808080)] [r=3 c=0 rs=1 cs=1]
                RenderText {#text} at (2,2) size 27x18
                  text run at (2,2) width 27: "C41"
              RenderTableCell {TD} at (30,66) size 63x22 [border: (1px inset #808080)] [r=3 c=1 rs=1 cs=1]
                RenderText {#text} at (2,2) size 27x18
                  text run at (2,2) width 27: "C42"
              RenderTableCell {TD} at (92,66) size 62x22 [border: (1px inset #808080)] [r=3 c=2 rs=1 cs=1]
                RenderText {#text} at (2,2) size 27x18
                  text run at (2,2) width 27: "C43"
              RenderTableCell {TD} at (153,66) size 32x22 [border: (1px inset #808080)] [r=3 c=3 rs=1 cs=1]
                RenderText {#text} at (2,2) size 27x18
                  text run at (2,2) width 27: "C44"
        RenderTable {TABLE} at (0,126) size 187x108 [bgcolor=#FFA500] [border: (1px outset #808080)]
          RenderBlock {CAPTION} at (0,0) size 187x18
            RenderInline {B} at (0,0) size 34x18
              RenderText {#text} at (76,0) size 34x18
                text run at (76,0) width 34: "after"
          RenderTableCol {COLGROUP} at (0,0) size 0x0
            RenderTableCol {COL} at (0,0) size 0x0
            RenderTableCol {COL} at (0,0) size 0x0
            RenderTableCol {COL} at (0,0) size 0x0
            RenderTableCol {COL} at (0,0) size 0x0
          RenderTableSection {TBODY} at (1,19) size 185x88
            RenderTableRow {TR} at (0,0) size 185x22
              RenderTableCell {TD} at (0,0) size 31x22 [border: (1px inset #808080)] [r=0 c=0 rs=1 cs=1]
                RenderText {#text} at (2,2) size 27x18
                  text run at (2,2) width 27: "C11"
              RenderTableCell {TD} at (30,0) size 63x22 [border: (1px inset #808080)] [r=0 c=1 rs=1 cs=1]
                RenderText {#text} at (2,2) size 27x18
                  text run at (2,2) width 27: "C12"
              RenderTableCell {TD} at (92,0) size 62x22 [border: (1px inset #808080)] [r=0 c=2 rs=1 cs=1]
                RenderText {#text} at (2,2) size 27x18
                  text run at (2,2) width 27: "C13"
              RenderTableCell {TD} at (153,0) size 32x22 [border: (1px inset #808080)] [r=0 c=3 rs=1 cs=1]
                RenderText {#text} at (2,2) size 27x18
                  text run at (2,2) width 27: "C14"
            RenderTableRow {TR} at (0,22) size 185x22
              RenderTableCell {TD} at (0,22) size 31x22 [border: (1px inset #808080)] [r=1 c=0 rs=1 cs=1]
                RenderText {#text} at (2,2) size 27x18
                  text run at (2,2) width 27: "C21"
              RenderTableCell {TD} at (30,33) size 124x22 [border: (1px inset #808080)] [r=1 c=1 rs=2 cs=2]
                RenderText {#text} at (2,2) size 119x18
                  text run at (2,2) width 119: "C12 C13 C22 C23"
              RenderTableCell {TD} at (153,22) size 32x22 [border: (1px inset #808080)] [r=1 c=3 rs=1 cs=1]
                RenderText {#text} at (2,2) size 27x18
                  text run at (2,2) width 27: "C14"
            RenderTableRow {TR} at (0,44) size 185x22
              RenderTableCell {TD} at (0,44) size 31x22 [border: (1px inset #808080)] [r=2 c=0 rs=1 cs=1]
                RenderText {#text} at (2,2) size 27x18
                  text run at (2,2) width 27: "C31"
              RenderTableCell {TD} at (153,44) size 32x22 [border: (1px inset #808080)] [r=2 c=3 rs=1 cs=1]
                RenderText {#text} at (2,2) size 27x18
                  text run at (2,2) width 27: "C34"
            RenderTableRow {TR} at (0,66) size 185x22
              RenderTableCell {TD} at (0,66) size 31x22 [border: (1px inset #808080)] [r=3 c=0 rs=1 cs=1]
                RenderText {#text} at (2,2) size 27x18
                  text run at (2,2) width 27: "C41"
              RenderTableCell {TD} at (30,66) size 63x22 [border: (1px inset #808080)] [r=3 c=1 rs=1 cs=1]
                RenderText {#text} at (2,2) size 27x18
                  text run at (2,2) width 27: "C42"
              RenderTableCell {TD} at (92,66) size 62x22 [border: (1px inset #808080)] [r=3 c=2 rs=1 cs=1]
                RenderText {#text} at (2,2) size 27x18
                  text run at (2,2) width 27: "C43"
              RenderTableCell {TD} at (153,66) size 32x22 [border: (1px inset #808080)] [r=3 c=3 rs=1 cs=1]
                RenderText {#text} at (2,2) size 27x18
                  text run at (2,2) width 27: "C44"
      RenderBlock {P} at (0,1904) size 769x271
        RenderBlock (anonymous) at (0,0) size 769x18
          RenderText {#text} at (0,0) size 463x18
            text run at (0,0) width 463: "The following table will have its 1st row group collapsed (rows 1 and 2)"
          RenderBR {BR} at (462,0) size 1x18
        RenderTable {TABLE} at (0,18) size 125x108 [bgcolor=#FFA500] [border: (1px outset #808080)]
          RenderBlock {CAPTION} at (0,0) size 125x18
            RenderInline {B} at (0,0) size 44x18
              RenderText {#text} at (40,0) size 44x18
                text run at (40,0) width 44: "before"
          RenderTableSection {TBODY} at (1,19) size 123x44 [bgcolor=#FF0000]
            RenderTableRow {TR} at (0,0) size 123x22
              RenderTableCell {TD} at (0,0) size 31x22 [border: (1px inset #808080)] [r=0 c=0 rs=1 cs=1]
                RenderText {#text} at (2,2) size 27x18
                  text run at (2,2) width 27: "C11"
              RenderTableCell {TD} at (30,0) size 32x22 [border: (1px inset #808080)] [r=0 c=1 rs=1 cs=1]
                RenderText {#text} at (2,2) size 27x18
                  text run at (2,2) width 27: "C12"
              RenderTableCell {TD} at (61,0) size 32x22 [border: (1px inset #808080)] [r=0 c=2 rs=1 cs=1]
                RenderText {#text} at (2,2) size 27x18
                  text run at (2,2) width 27: "C13"
              RenderTableCell {TD} at (92,0) size 31x22 [border: (1px inset #808080)] [r=0 c=3 rs=1 cs=1]
                RenderText {#text} at (2,2) size 27x18
                  text run at (2,2) width 27: "C14"
            RenderTableRow {TR} at (0,22) size 123x22
              RenderTableCell {TD} at (0,22) size 31x22 [border: (1px inset #808080)] [r=1 c=0 rs=1 cs=1]
                RenderText {#text} at (2,2) size 27x18
                  text run at (2,2) width 27: "C21"
              RenderTableCell {TD} at (30,22) size 32x22 [border: (1px inset #808080)] [r=1 c=1 rs=1 cs=1]
                RenderText {#text} at (2,2) size 27x18
                  text run at (2,2) width 27: "C22"
              RenderTableCell {TD} at (61,22) size 32x22 [border: (1px inset #808080)] [r=1 c=2 rs=1 cs=1]
                RenderText {#text} at (2,2) size 27x18
                  text run at (2,2) width 27: "C23"
              RenderTableCell {TD} at (92,22) size 31x22 [border: (1px inset #808080)] [r=1 c=3 rs=1 cs=1]
                RenderText {#text} at (2,2) size 27x18
                  text run at (2,2) width 27: "C24"
          RenderTableSection {TBODY} at (1,63) size 123x44
            RenderTableRow {TR} at (0,0) size 123x22
              RenderTableCell {TD} at (0,0) size 31x22 [border: (1px inset #808080)] [r=0 c=0 rs=1 cs=1]
                RenderText {#text} at (2,2) size 27x18
                  text run at (2,2) width 27: "C31"
              RenderTableCell {TD} at (30,0) size 32x22 [border: (1px inset #808080)] [r=0 c=1 rs=1 cs=1]
                RenderText {#text} at (2,2) size 27x18
                  text run at (2,2) width 27: "C32"
              RenderTableCell {TD} at (61,0) size 32x22 [border: (1px inset #808080)] [r=0 c=2 rs=1 cs=1]
                RenderText {#text} at (2,2) size 27x18
                  text run at (2,2) width 27: "C33"
              RenderTableCell {TD} at (92,0) size 31x22 [border: (1px inset #808080)] [r=0 c=3 rs=1 cs=1]
                RenderText {#text} at (2,2) size 27x18
                  text run at (2,2) width 27: "C34"
            RenderTableRow {TR} at (0,22) size 123x22
              RenderTableCell {TD} at (0,22) size 31x22 [border: (1px inset #808080)] [r=1 c=0 rs=1 cs=1]
                RenderText {#text} at (2,2) size 27x18
                  text run at (2,2) width 27: "C41"
              RenderTableCell {TD} at (30,22) size 32x22 [border: (1px inset #808080)] [r=1 c=1 rs=1 cs=1]
                RenderText {#text} at (2,2) size 27x18
                  text run at (2,2) width 27: "C42"
              RenderTableCell {TD} at (61,22) size 32x22 [border: (1px inset #808080)] [r=1 c=2 rs=1 cs=1]
                RenderText {#text} at (2,2) size 27x18
                  text run at (2,2) width 27: "C43"
              RenderTableCell {TD} at (92,22) size 31x22 [border: (1px inset #808080)] [r=1 c=3 rs=1 cs=1]
                RenderText {#text} at (2,2) size 27x18
                  text run at (2,2) width 27: "C44"
        RenderBlock (anonymous) at (0,126) size 769x18
          RenderBR {BR} at (0,0) size 0x18
        RenderTable {TABLE} at (0,144) size 125x108 [bgcolor=#FFA500] [border: (1px outset #808080)]
          RenderBlock {CAPTION} at (0,0) size 125x18
            RenderInline {B} at (0,0) size 34x18
              RenderText {#text} at (45,0) size 34x18
                text run at (45,0) width 34: "after"
          RenderTableSection {TBODY} at (1,19) size 123x44
            RenderTableRow {TR} at (0,0) size 123x22
              RenderTableCell {TD} at (0,0) size 31x22 [border: (1px inset #808080)] [r=0 c=0 rs=1 cs=1]
                RenderText {#text} at (2,2) size 27x18
                  text run at (2,2) width 27: "C11"
              RenderTableCell {TD} at (30,0) size 32x22 [border: (1px inset #808080)] [r=0 c=1 rs=1 cs=1]
                RenderText {#text} at (2,2) size 27x18
                  text run at (2,2) width 27: "C12"
              RenderTableCell {TD} at (61,0) size 32x22 [border: (1px inset #808080)] [r=0 c=2 rs=1 cs=1]
                RenderText {#text} at (2,2) size 27x18
                  text run at (2,2) width 27: "C13"
              RenderTableCell {TD} at (92,0) size 31x22 [border: (1px inset #808080)] [r=0 c=3 rs=1 cs=1]
                RenderText {#text} at (2,2) size 27x18
                  text run at (2,2) width 27: "C14"
            RenderTableRow {TR} at (0,22) size 123x22
              RenderTableCell {TD} at (0,22) size 31x22 [border: (1px inset #808080)] [r=1 c=0 rs=1 cs=1]
                RenderText {#text} at (2,2) size 27x18
                  text run at (2,2) width 27: "C21"
              RenderTableCell {TD} at (30,22) size 32x22 [border: (1px inset #808080)] [r=1 c=1 rs=1 cs=1]
                RenderText {#text} at (2,2) size 27x18
                  text run at (2,2) width 27: "C22"
              RenderTableCell {TD} at (61,22) size 32x22 [border: (1px inset #808080)] [r=1 c=2 rs=1 cs=1]
                RenderText {#text} at (2,2) size 27x18
                  text run at (2,2) width 27: "C23"
              RenderTableCell {TD} at (92,22) size 31x22 [border: (1px inset #808080)] [r=1 c=3 rs=1 cs=1]
                RenderText {#text} at (2,2) size 27x18
                  text run at (2,2) width 27: "C24"
          RenderTableSection {TBODY} at (1,63) size 123x44
            RenderTableRow {TR} at (0,0) size 123x22
              RenderTableCell {TD} at (0,0) size 31x22 [border: (1px inset #808080)] [r=0 c=0 rs=1 cs=1]
                RenderText {#text} at (2,2) size 27x18
                  text run at (2,2) width 27: "C31"
              RenderTableCell {TD} at (30,0) size 32x22 [border: (1px inset #808080)] [r=0 c=1 rs=1 cs=1]
                RenderText {#text} at (2,2) size 27x18
                  text run at (2,2) width 27: "C32"
              RenderTableCell {TD} at (61,0) size 32x22 [border: (1px inset #808080)] [r=0 c=2 rs=1 cs=1]
                RenderText {#text} at (2,2) size 27x18
                  text run at (2,2) width 27: "C33"
              RenderTableCell {TD} at (92,0) size 31x22 [border: (1px inset #808080)] [r=0 c=3 rs=1 cs=1]
                RenderText {#text} at (2,2) size 27x18
                  text run at (2,2) width 27: "C34"
            RenderTableRow {TR} at (0,22) size 123x22
              RenderTableCell {TD} at (0,22) size 31x22 [border: (1px inset #808080)] [r=1 c=0 rs=1 cs=1]
                RenderText {#text} at (2,2) size 27x18
                  text run at (2,2) width 27: "C41"
              RenderTableCell {TD} at (30,22) size 32x22 [border: (1px inset #808080)] [r=1 c=1 rs=1 cs=1]
                RenderText {#text} at (2,2) size 27x18
                  text run at (2,2) width 27: "C42"
              RenderTableCell {TD} at (61,22) size 32x22 [border: (1px inset #808080)] [r=1 c=2 rs=1 cs=1]
                RenderText {#text} at (2,2) size 27x18
                  text run at (2,2) width 27: "C43"
              RenderTableCell {TD} at (92,22) size 31x22 [border: (1px inset #808080)] [r=1 c=3 rs=1 cs=1]
                RenderText {#text} at (2,2) size 27x18
                  text run at (2,2) width 27: "C44"
        RenderBlock (anonymous) at (0,252) size 769x18
          RenderBR {BR} at (0,0) size 0x18
      RenderBlock {P} at (0,2190) size 769x253
        RenderBlock (anonymous) at (0,0) size 769x36
          RenderText {#text} at (0,0) size 747x36
            text run at (0,0) width 571: "The following table is similar to a previous table except that the direction is right-to-left. "
            text run at (570,0) width 177: "It will have its 2nd row and"
            text run at (0,18) width 460: "2nd col collapsed. A window resize may be necessary to see it properly."
          RenderBR {BR} at (459,18) size 1x18
        RenderTable {TABLE} at (0,36) size 187x108 [bgcolor=#FFA500] [border: (1px outset #808080)]
          RenderBlock {CAPTION} at (0,0) size 187x18
            RenderInline {B} at (0,0) size 44x18
              RenderText {#text} at (71,0) size 44x18
                text run at (71,0) width 44: "before"
          RenderTableCol {COLGROUP} at (0,0) size 0x0
            RenderTableCol {COL} at (0,0) size 0x0
            RenderTableCol {COL} at (0,0) size 0x0
            RenderTableCol {COL} at (0,0) size 0x0
            RenderTableCol {COL} at (0,0) size 0x0
          RenderTableSection {TBODY} at (1,19) size 185x88
            RenderTableRow {TR} at (0,0) size 185x22
              RenderTableCell {TD} at (153,0) size 32x22 [border: (1px inset #808080)] [r=0 c=0 rs=1 cs=1]
                RenderText {#text} at (2,2) size 27x18
                  text run at (2,2) width 27: "C11"
              RenderTableCell {TD} at (92,0) size 62x22 [border: (1px inset #808080)] [r=0 c=1 rs=1 cs=1]
                RenderText {#text} at (32,2) size 28x18
                  text run at (32,2) width 28: "C12"
              RenderTableCell {TD} at (30,0) size 63x22 [border: (1px inset #808080)] [r=0 c=2 rs=1 cs=1]
                RenderText {#text} at (32,2) size 28x18
                  text run at (32,2) width 28: "C13"
              RenderTableCell {TD} at (0,0) size 31x22 [border: (1px inset #808080)] [r=0 c=3 rs=1 cs=1]
                RenderText {#text} at (2,2) size 27x18
                  text run at (2,2) width 27: "C14"
            RenderTableRow {TR} at (0,22) size 185x22
              RenderTableCell {TD} at (153,22) size 32x22 [border: (1px inset #808080)] [r=1 c=0 rs=1 cs=1]
                RenderText {#text} at (2,2) size 27x18
                  text run at (2,2) width 27: "C21"
              RenderTableCell {TD} at (30,33) size 124x22 [border: (1px inset #808080)] [r=1 c=1 rs=2 cs=2]
                RenderText {#text} at (2,2) size 119x18
                  text run at (2,2) width 119: "C12 C13 C22 C23"
              RenderTableCell {TD} at (0,22) size 31x22 [border: (1px inset #808080)] [r=1 c=3 rs=1 cs=1]
                RenderText {#text} at (2,2) size 27x18
                  text run at (2,2) width 27: "C14"
            RenderTableRow {TR} at (0,44) size 185x22
              RenderTableCell {TD} at (153,44) size 32x22 [border: (1px inset #808080)] [r=2 c=0 rs=1 cs=1]
                RenderText {#text} at (2,2) size 27x18
                  text run at (2,2) width 27: "C31"
              RenderTableCell {TD} at (0,44) size 31x22 [border: (1px inset #808080)] [r=2 c=3 rs=1 cs=1]
                RenderText {#text} at (2,2) size 27x18
                  text run at (2,2) width 27: "C34"
            RenderTableRow {TR} at (0,66) size 185x22
              RenderTableCell {TD} at (153,66) size 32x22 [border: (1px inset #808080)] [r=3 c=0 rs=1 cs=1]
                RenderText {#text} at (2,2) size 27x18
                  text run at (2,2) width 27: "C41"
              RenderTableCell {TD} at (92,66) size 62x22 [border: (1px inset #808080)] [r=3 c=1 rs=1 cs=1]
                RenderText {#text} at (32,2) size 28x18
                  text run at (32,2) width 28: "C42"
              RenderTableCell {TD} at (30,66) size 63x22 [border: (1px inset #808080)] [r=3 c=2 rs=1 cs=1]
                RenderText {#text} at (32,2) size 28x18
                  text run at (32,2) width 28: "C43"
              RenderTableCell {TD} at (0,66) size 31x22 [border: (1px inset #808080)] [r=3 c=3 rs=1 cs=1]
                RenderText {#text} at (2,2) size 27x18
                  text run at (2,2) width 27: "C44"
        RenderTable {TABLE} at (0,144) size 187x108 [bgcolor=#FFA500] [border: (1px outset #808080)]
          RenderBlock {CAPTION} at (0,0) size 187x18
            RenderInline {B} at (0,0) size 34x18
              RenderText {#text} at (76,0) size 34x18
                text run at (76,0) width 34: "after"
          RenderTableCol {COLGROUP} at (0,0) size 0x0
            RenderTableCol {COL} at (0,0) size 0x0
            RenderTableCol {COL} at (0,0) size 0x0
            RenderTableCol {COL} at (0,0) size 0x0
            RenderTableCol {COL} at (0,0) size 0x0
          RenderTableSection {TBODY} at (1,19) size 185x88
            RenderTableRow {TR} at (0,0) size 185x22
              RenderTableCell {TD} at (153,0) size 32x22 [border: (1px inset #808080)] [r=0 c=0 rs=1 cs=1]
                RenderText {#text} at (2,2) size 27x18
                  text run at (2,2) width 27: "C11"
              RenderTableCell {TD} at (92,0) size 62x22 [border: (1px inset #808080)] [r=0 c=1 rs=1 cs=1]
                RenderText {#text} at (32,2) size 28x18
                  text run at (32,2) width 28: "C12"
              RenderTableCell {TD} at (30,0) size 63x22 [border: (1px inset #808080)] [r=0 c=2 rs=1 cs=1]
                RenderText {#text} at (32,2) size 28x18
                  text run at (32,2) width 28: "C13"
              RenderTableCell {TD} at (0,0) size 31x22 [border: (1px inset #808080)] [r=0 c=3 rs=1 cs=1]
                RenderText {#text} at (2,2) size 27x18
                  text run at (2,2) width 27: "C14"
            RenderTableRow {TR} at (0,22) size 185x22
              RenderTableCell {TD} at (153,22) size 32x22 [border: (1px inset #808080)] [r=1 c=0 rs=1 cs=1]
                RenderText {#text} at (2,2) size 27x18
                  text run at (2,2) width 27: "C21"
              RenderTableCell {TD} at (30,33) size 124x22 [border: (1px inset #808080)] [r=1 c=1 rs=2 cs=2]
                RenderText {#text} at (2,2) size 119x18
                  text run at (2,2) width 119: "C12 C13 C22 C23"
              RenderTableCell {TD} at (0,22) size 31x22 [border: (1px inset #808080)] [r=1 c=3 rs=1 cs=1]
                RenderText {#text} at (2,2) size 27x18
                  text run at (2,2) width 27: "C14"
            RenderTableRow {TR} at (0,44) size 185x22
              RenderTableCell {TD} at (153,44) size 32x22 [border: (1px inset #808080)] [r=2 c=0 rs=1 cs=1]
                RenderText {#text} at (2,2) size 27x18
                  text run at (2,2) width 27: "C31"
              RenderTableCell {TD} at (0,44) size 31x22 [border: (1px inset #808080)] [r=2 c=3 rs=1 cs=1]
                RenderText {#text} at (2,2) size 27x18
                  text run at (2,2) width 27: "C34"
            RenderTableRow {TR} at (0,66) size 185x22
              RenderTableCell {TD} at (153,66) size 32x22 [border: (1px inset #808080)] [r=3 c=0 rs=1 cs=1]
                RenderText {#text} at (2,2) size 27x18
                  text run at (2,2) width 27: "C41"
              RenderTableCell {TD} at (92,66) size 62x22 [border: (1px inset #808080)] [r=3 c=1 rs=1 cs=1]
                RenderText {#text} at (32,2) size 28x18
                  text run at (32,2) width 28: "C42"
              RenderTableCell {TD} at (30,66) size 63x22 [border: (1px inset #808080)] [r=3 c=2 rs=1 cs=1]
                RenderText {#text} at (32,2) size 28x18
                  text run at (32,2) width 28: "C43"
              RenderTableCell {TD} at (0,66) size 31x22 [border: (1px inset #808080)] [r=3 c=3 rs=1 cs=1]
                RenderText {#text} at (2,2) size 27x18
                  text run at (2,2) width 27: "C44"
