layer at (0,0) size 800x600
  RenderView at (0,0) size 800x600
layer at (0,0) size 800x600
  RenderBlock {HTML} at (0,0) size 800x600
    RenderBody {BODY} at (8,8) size 784x584
      RenderBlock {P} at (0,0) size 784x18
        RenderText {#text} at (0,0) size 553x18
          text run at (0,0) width 251: "This tests for an infinite loop on Paste. "
          text run at (250,0) width 303: "You should see 'Hello: ' and then an input field."
      RenderBlock {DIV} at (0,34) size 784x19
        RenderText {#text} at (0,0) size 36x18
          text run at (0,0) width 36: "Hello"
        RenderTextControl {INPUT} at (35,0) size 149x19 [bgcolor=#FFFFFF] [border: (2px inset #808080)]
        RenderText {#text} at (183,0) size 5x18
          text run at (183,0) width 5: ":"
layer at (47,45) size 142x13 backgroundClip at (47,45) size 141x13 clip at (47,45) size 141x13
  RenderBlock {DIV} at (3,3) size 142x13
caret: position 1 of child 1 {INPUT} of child 2 {DIV} of body
