layer at (0,0) size 800x600
  RenderView at (0,0) size 800x600
layer at (0,0) size 800x600
  RenderBlock {HTML} at (0,0) size 800x600
    RenderBody {BODY} at (8,8) size 784x584
      RenderBlock {P} at (0,0) size 784x36
        RenderText {#text} at (0,0) size 740x36
          text run at (0,0) width 420: "This tests smart paste of a fragment that ends in a select element. "
          text run at (419,0) width 321: "There should be spaces added before and after the"
          text run at (0,18) width 106: "inserted content."
      RenderBlock {DIV} at (0,52) size 784x22
        RenderMenuList {SELECT} at (2,2) size 38x18 [color=#000000D8] [bgcolor=#FFFFFF]
          RenderBlock (anonymous) at (0,0) size 38x18
            RenderText at (8,2) size 6x13
              text run at (8,2) width 6: "1"
      RenderBlock {DIV} at (0,74) size 784x22
        RenderText {#text} at (0,1) size 12x18
          text run at (0,1) width 12: "x "
        RenderMenuList {SELECT} at (14,2) size 38x18 [color=#000000D8] [bgcolor=#FFFFFF]
          RenderBlock (anonymous) at (0,0) size 38x18
            RenderText at (8,2) size 6x13
              text run at (8,2) width 6: "1"
        RenderText {#text} at (54,1) size 12x18
          text run at (54,1) width 12: " x"
caret: position 1 of child 2 {#text} of child 4 {DIV} of body
