layer at (0,0) size 800x600
  RenderView at (0,0) size 800x600
layer at (0,0) size 800x600
  RenderBlock {HTML} at (0,0) size 800x600
    RenderBody {BODY} at (8,8) size 784x584
      RenderBlock {P} at (0,0) size 784x36
        RenderText {#text} at (0,0) size 748x36
          text run at (0,0) width 503: "This tests to see if dragging an image is a move drag by default (it should be). "
          text run at (502,0) width 246: "You should only see one picture and it"
          text run at (0,18) width 251: "should be somewhere near the middle. "
        RenderInline {B} at (0,0) size 498x18
          RenderText {#text} at (250,18) size 498x18
            text run at (250,18) width 498: "This demonstrates a bug, the ghost of the drag caret is left after the drop."
      RenderBlock {DIV} at (0,52) size 784x107
        RenderText {#text} at (0,89) size 48x18
          text run at (0,89) width 48: "xxxxxx"
        RenderImage {IMG} at (48,0) size 76x103
        RenderText {#text} at (124,89) size 32x18
          text run at (124,89) width 32: "xxxx"
selection start: position 0 of child 1 {IMG} of child 2 {DIV} of body
selection end:   position 1 of child 1 {IMG} of child 2 {DIV} of body
