EDITING DELEGATE: shouldBeginEditingInDOMRange:range from 0 of DIV > BODY > HTML > #document to 5 of DIV > BODY > HTML > #document
EDITING DELEGATE: webViewDidBeginEditing:WebViewDidBeginEditingNotification
EDITING DELEGATE: webViewDidChangeSelection:WebViewDidChangeSelectionNotification
EDITING DELEGATE: webViewDidChangeSelection:WebViewDidChangeSelectionNotification
EDITING DELEGATE: webViewDidChangeSelection:WebViewDidChangeSelectionNotification
EDITING DELEGATE: shouldChangeSelectedDOMRange:range from 6 of #text > DIV > BODY > HTML > #document to 6 of #text > DIV > BODY > HTML > #document toDOMRange:range from 3 of #text > DIV > BODY > HTML > #document to 3 of #text > DIV > BODY > HTML > #document affinity:NSSelectionAffinityDownstream stillSelecting:FALSE
EDITING DELEGATE: webViewDidChangeSelection:WebViewDidChangeSelectionNotification
EDITING DELEGATE: webViewDidChange:WebViewDidChangeNotification
layer at (0,0) size 800x600
  RenderView at (0,0) size 800x600
layer at (0,0) size 800x600
  RenderBlock {HTML} at (0,0) size 800x600
    RenderBody {BODY} at (8,8) size 784x584
      RenderBlock {P} at (0,0) size 784x54
        RenderText {#text} at (0,0) size 774x54
          text run at (0,0) width 304: "This tests a change made with the fix for 8145. "
          text run at (303,0) width 434: "The paragraph separator inserted to prevent nesting blocks from the"
          text run at (0,18) width 774: "fragment to paste inside the block where the paste occured was incorrectly inserted when the paste occured at the start of"
          text run at (0,36) width 80: "a paragraph."
      RenderBlock {DIV} at (0,70) size 784x74 [border: (1px solid #000000)]
        RenderBlock (anonymous) at (1,1) size 782x18
          RenderText {#text} at (0,0) size 22x18
            text run at (0,0) width 22: "foo"
          RenderBR {BR} at (21,0) size 1x18
        RenderBlock {DIV} at (1,19) size 782x18
          RenderText {#text} at (0,0) size 22x18
            text run at (0,0) width 22: "foo"
        RenderBlock (anonymous) at (1,37) size 782x36
          RenderText {#text} at (0,0) size 41x18
            text run at (0,0) width 41: "barbar"
          RenderBR {BR} at (40,0) size 1x18
          RenderText {#text} at (0,18) size 23x18
            text run at (0,18) width 23: "baz"
caret: position 3 of child 3 {#text} of child 2 {DIV} of body
