EDITING DELEGATE: shouldBeginEditingInDOMRange:range from 0 of DIV > BODY > HTML > #document to 1 of DIV > BODY > HTML > #document
EDITING DELEGATE: webViewDidBeginEditing:WebViewDidBeginEditingNotification
EDITING DELEGATE: webViewDidChangeSelection:WebViewDidChangeSelectionNotification
EDITING DELEGATE: shouldChangeSelectedDOMRange:range from 2 of DIV > BODY > HTML > #document to 2 of DIV > BODY > HTML > #document toDOMRange:range from 17 of #text > DIV > DIV > BODY > HTML > #document to 17 of #text > DIV > DIV > BODY > HTML > #document affinity:NSSelectionAffinityDownstream stillSelecting:FALSE
EDITING DELEGATE: webViewDidChangeSelection:WebViewDidChangeSelectionNotification
EDITING DELEGATE: webViewDidChange:WebViewDidChangeNotification
layer at (0,0) size 800x600
  RenderView at (0,0) size 800x600
layer at (0,0) size 800x600
  RenderBlock {HTML} at (0,0) size 800x600
    RenderBody {BODY} at (8,8) size 784x584
      RenderBlock {P} at (0,0) size 784x36
        RenderText {#text} at (0,0) size 747x36
          text run at (0,0) width 747: "This is a test to make sure that a placeholder, even one that doesn't have our special class on it, is removed when it is"
          text run at (0,18) width 181: "displaced by pasted content."
      RenderBlock {DIV} at (0,52) size 784x36
        RenderBlock (anonymous) at (0,0) size 784x18
          RenderText {#text} at (0,0) size 102x18
            text run at (0,0) width 102: "First paragraph."
        RenderBlock {DIV} at (0,18) size 784x18
          RenderText {#text} at (0,0) size 120x18
            text run at (0,0) width 120: "Second paragraph."
caret: position 17 of child 0 {#text} of child 1 {DIV} of child 2 {DIV} of body
