EDITING DELEGATE: webViewDidChangeSelection:WebViewDidChangeSelectionNotification
EDITING DELEGATE: shouldInsertNode:#document-fragment replacingDOMRange:range from 0 of BODY > HTML > #document to 0 of BODY > HTML > #document givenAction:WebViewInsertActionDropped
EDITING DELEGATE: webViewDidChangeSelection:WebViewDidChangeSelectionNotification
EDITING DELEGATE: shouldChangeSelectedDOMRange:range from 0 of BODY > HTML > #document to 0 of BODY > HTML > #document toDOMRange:range from 0 of #text > BODY > HTML > #document to 5 of #text > BODY > HTML > #document affinity:NSSelectionAffinityDownstream stillSelecting:FALSE
EDITING DELEGATE: webViewDidChangeSelection:WebViewDidChangeSelectionNotification
EDITING DELEGATE: webViewDidChange:WebViewDidChangeNotification
layer at (0,0) size 800x600
  RenderView at (0,0) size 800x600
layer at (0,0) size 800x600
  RenderBlock {HTML} at (0,0) size 800x600
    RenderBody {BODY} at (8,8) size 784x584
      RenderBlock {P} at (0,0) size 784x18
        RenderText {#text} at (0,0) size 627x18
          text run at (0,0) width 627: "Check you don't crash when your previous drag target frame is deleted <rdar://problem/5049842>"
      RenderBlock {DIV} at (0,34) size 784x18
        RenderInline {SPAN} at (0,0) size 32x18
          RenderText {#text} at (0,0) size 32x18
            text run at (0,0) width 32: "hello"
      RenderBlock (anonymous) at (0,52) size 784x0
        RenderText {#text} at (0,0) size 0x0
selection start: position 0 of child 0 {#text} of child 0 {SPAN} of child 3 {DIV} of body
selection end:   position 5 of child 0 {#text} of child 0 {SPAN} of child 3 {DIV} of body
