EDITING DELEGATE: shouldBeginEditingInDOMRange:range from 0 of DIV > BODY > HTML > #document to 3 of DIV > BODY > HTML > #document
EDITING DELEGATE: webViewDidBeginEditing:WebViewDidBeginEditingNotification
EDITING DELEGATE: webViewDidChangeSelection:WebViewDidChangeSelectionNotification
EDITING DELEGATE: webViewDidChangeSelection:WebViewDidChangeSelectionNotification
EDITING DELEGATE: shouldDeleteDOMRange:range from 1 of #text > DIV > DIV > BODY > HTML > #document to 6 of #text > DIV > DIV > BODY > HTML > #document
EDITING DELEGATE: webViewDidChangeSelection:WebViewDidChangeSelectionNotification
EDITING DELEGATE: shouldChangeSelectedDOMRange:range from 0 of DIV > DIV > BODY > HTML > #document to 0 of DIV > DIV > BODY > HTML > #document toDOMRange:range from 0 of DIV > DIV > BODY > HTML > #document to 0 of DIV > DIV > BODY > HTML > #document affinity:NSSelectionAffinityDownstream stillSelecting:FALSE
EDITING DELEGATE: webViewDidChangeSelection:WebViewDidChangeSelectionNotification
EDITING DELEGATE: webViewDidChange:WebViewDidChangeNotification
EDITING DELEGATE: shouldInsertText:hello replacingDOMRange:range from 0 of DIV > DIV > BODY > HTML > #document to 0 of DIV > DIV > BODY > HTML > #document givenAction:WebViewInsertActionPasted
EDITING DELEGATE: shouldChangeSelectedDOMRange:range from 5 of #text > B > DIV > DIV > BODY > HTML > #document to 5 of #text > B > DIV > DIV > BODY > HTML > #document toDOMRange:range from 5 of #text > B > DIV > DIV > BODY > HTML > #document to 5 of #text > B > DIV > DIV > BODY > HTML > #document affinity:NSSelectionAffinityDownstream stillSelecting:FALSE
EDITING DELEGATE: webViewDidChangeSelection:WebViewDidChangeSelectionNotification
EDITING DELEGATE: webViewDidChange:WebViewDidChangeNotification
layer at (0,0) size 800x600
  RenderView at (0,0) size 800x600
layer at (0,0) size 800x600
  RenderBlock {HTML} at (0,0) size 800x600
    RenderBody {BODY} at (8,8) size 784x584
      RenderBlock {DIV} at (0,0) size 784x240 [border: (2px solid #0000FF)]
        RenderBlock {DIV} at (14,14) size 756x84
          RenderText {#text} at (0,0) size 60x28
            text run at (0,0) width 60: "Tests:"
          RenderBR {BR} at (59,0) size 1x28
          RenderText {#text} at (0,28) size 750x56
            text run at (0,28) width 750: "Pasting and matching style when there is nothing typed, but the typing style is"
            text run at (0,56) width 431: "set to bold. This test was created after fixing "
          RenderInline {A} at (430,56) size 85x28 [color=#0000EE]
            RenderText {#text} at (430,56) size 85x28
              text run at (430,56) width 85: "3976872"
          RenderText {#text} at (514,56) size 7x28
            text run at (514,56) width 7: "."
        RenderBlock {DIV} at (14,114) size 756x112
          RenderText {#text} at (0,0) size 184x28
            text run at (0,0) width 184: "Expected Results:"
          RenderBR {BR} at (183,0) size 1x28
          RenderText {#text} at (0,28) size 752x56
            text run at (0,28) width 752: "The pasted word should match the current typing style. In this case, the typing"
            text run at (0,56) width 618: "style is set to bold. Should see this content in the red box below:"
          RenderBR {BR} at (617,56) size 1x28
          RenderInline {B} at (0,84) size 50x28
            RenderText {#text} at (0,84) size 50x28
              text run at (0,84) width 50: "hello"
          RenderText {#text} at (0,0) size 0x0
      RenderBlock {DIV} at (0,264) size 784x32
        RenderBlock {DIV} at (0,0) size 784x32 [border: (2px solid #FF0000)]
          RenderInline {B} at (2,2) size 50x28
            RenderText {#text} at (2,2) size 50x28
              text run at (2,2) width 50: "hello"
caret: position 5 of child 0 {#text} of child 0 {B} of child 1 {DIV} of child 3 {DIV} of body
