EDITING DELEGATE: shouldBeginEditingInDOMRange:range from 0 of DIV > BODY > HTML > #document to 3 of DIV > BODY > HTML > #document
EDITING DELEGATE: webViewDidBeginEditing:WebViewDidBeginEditingNotification
EDITING DELEGATE: webViewDidChangeSelection:WebViewDidChangeSelectionNotification
EDITING DELEGATE: webViewDidChangeSelection:WebViewDidChangeSelectionNotification
EDITING DELEGATE: webViewDidChangeSelection:WebViewDidChangeSelectionNotification
EDITING DELEGATE: webViewDidChangeSelection:WebViewDidChangeSelectionNotification
EDITING DELEGATE: webViewDidChangeSelection:WebViewDidChangeSelectionNotification
EDITING DELEGATE: shouldInsertNode:#document-fragment replacingDOMRange:range from 3 of #text > DIV > DIV > DIV > BODY > HTML > #document to 0 of DIV > DIV > DIV > BODY > HTML > #document givenAction:WebViewInsertActionPasted
EDITING DELEGATE: shouldChangeSelectedDOMRange:range from 3 of #text > DIV > DIV > DIV > BODY > HTML > #document to 0 of DIV > DIV > DIV > BODY > HTML > #document toDOMRange:range from 0 of DIV > DIV > DIV > BODY > HTML > #document to 0 of DIV > DIV > DIV > BODY > HTML > #document affinity:NSSelectionAffinityDownstream stillSelecting:FALSE
EDITING DELEGATE: webViewDidChangeSelection:WebViewDidChangeSelectionNotification
EDITING DELEGATE: webViewDidChange:WebViewDidChangeNotification
layer at (0,0) size 800x600
  RenderView at (0,0) size 800x600
layer at (0,0) size 800x600
  RenderBlock {HTML} at (0,0) size 800x600
    RenderBody {BODY} at (8,8) size 784x584
      RenderBlock {DIV} at (0,0) size 784x268 [border: (2px solid #0000FF)]
        RenderBlock {DIV} at (14,14) size 756x84
          RenderText {#text} at (0,0) size 60x28
            text run at (0,0) width 60: "Tests:"
          RenderBR {BR} at (59,0) size 1x28
          RenderText {#text} at (0,28) size 112x28
            text run at (0,28) width 112: "Bug fix for "
          RenderInline {A} at (111,28) size 257x28 [color=#0000EE]
            RenderText {#text} at (111,28) size 257x28
              text run at (111,28) width 257: "<rdar://problem/4038267>"
          RenderText {#text} at (0,28) size 742x56
            text run at (367,28) width 375: " REGRESSION (Mail): Crash copying"
            text run at (0,56) width 285: "and pasting end of paragraph."
        RenderBlock {DIV} at (14,114) size 756x140
          RenderBlock (anonymous) at (0,0) size 756x84
            RenderText {#text} at (0,0) size 184x28
              text run at (0,0) width 184: "Expected Results:"
            RenderBR {BR} at (183,0) size 1x28
            RenderText {#text} at (0,28) size 726x56
              text run at (0,28) width 726: "Should see this content in the red box below (insertion point must be on the"
              text run at (0,56) width 305: "second line, right before \"bar\"):"
          RenderBlock {DIV} at (0,84) size 756x28
            RenderText {#text} at (0,0) size 32x28
              text run at (0,0) width 32: "foo"
          RenderBlock {DIV} at (0,112) size 756x28
            RenderText {#text} at (0,0) size 31x28
              text run at (0,0) width 31: "bar"
      RenderBlock {DIV} at (0,292) size 784x60
        RenderBlock {DIV} at (0,0) size 784x60 [border: (2px solid #FF0000)]
          RenderBlock {DIV} at (2,2) size 780x28
            RenderText {#text} at (0,0) size 32x28
              text run at (0,0) width 32: "foo"
          RenderBlock {DIV} at (2,30) size 780x28
            RenderText {#text} at (0,0) size 31x28
              text run at (0,0) width 31: "bar"
caret: position 0 of child 0 {#text} of child 2 {DIV} of child 1 {DIV} of child 3 {DIV} of body
