layer at (0,0) size 785x736
  RenderView at (0,0) size 785x600
layer at (0,0) size 785x736
  RenderBlock {HTML} at (0,0) size 785x736
    RenderBody {BODY} at (8,8) size 769x720
      RenderBlock {DIV} at (0,0) size 769x120
        RenderTable at (0,0) size 40x40
          RenderTableSection (anonymous) at (0,0) size 40x40
            RenderTableRow (anonymous) at (0,0) size 40x40
              RenderTableCell (anonymous) at (0,0) size 40x40 [r=0 c=0 rs=1 cs=1]
                RenderText at (0,0) size 40x40
                  text run at (0,0) width 40: "1"
        RenderBlock (anonymous) at (0,40) size 769x40
          RenderText {#text} at (0,0) size 80x40
            text run at (0,0) width 80: "22"
        RenderTable at (0,80) size 120x40
          RenderTableSection (anonymous) at (0,0) size 120x40
            RenderTableRow (anonymous) at (0,0) size 120x40
              RenderTableCell (anonymous) at (0,0) size 120x40 [r=0 c=0 rs=1 cs=1]
                RenderText at (0,0) size 120x40
                  text run at (0,0) width 120: "333"
      RenderBlock {DIV} at (0,120) size 769x120 [color=#0000FF]
        RenderTable at (0,0) size 40x40
          RenderTableSection (anonymous) at (0,0) size 40x40
            RenderTableRow (anonymous) at (0,0) size 40x40
              RenderTableCell (anonymous) at (0,0) size 40x40 [r=0 c=0 rs=1 cs=1]
                RenderText at (0,0) size 40x40
                  text run at (0,0) width 40: "1"
        RenderBlock (anonymous) at (0,40) size 769x40
          RenderText {#text} at (0,0) size 80x40
            text run at (0,0) width 80: "22"
        RenderTable at (0,80) size 120x40
          RenderTableSection (anonymous) at (0,0) size 120x40
            RenderTableRow (anonymous) at (0,0) size 120x40
              RenderTableCell (anonymous) at (0,0) size 120x40 [r=0 c=0 rs=1 cs=1]
                RenderText at (0,0) size 120x40
                  text run at (0,0) width 120: "333"
      RenderBlock {DIV} at (0,240) size 769x120
        RenderTable at (0,0) size 40x40
          RenderTableSection (anonymous) at (0,0) size 40x40
            RenderTableRow (anonymous) at (0,0) size 40x40
              RenderTableCell (anonymous) at (0,0) size 40x40 [r=0 c=0 rs=1 cs=1]
                RenderText at (0,0) size 40x40
                  text run at (0,0) width 40: "1"
        RenderBlock (anonymous) at (0,40) size 769x40
          RenderText {#text} at (0,0) size 80x40
            text run at (0,0) width 80: "22"
        RenderTable at (0,80) size 120x40
          RenderTableSection (anonymous) at (0,0) size 120x40
            RenderTableRow (anonymous) at (0,0) size 120x40
              RenderTableCell (anonymous) at (0,0) size 120x40 [r=0 c=0 rs=1 cs=1]
                RenderText at (0,0) size 120x40
                  text run at (0,0) width 120: "333"
      RenderBlock {DIV} at (0,360) size 769x120 [color=#0000FF]
        RenderTable at (0,0) size 40x40
          RenderTableSection (anonymous) at (0,0) size 40x40
            RenderTableRow (anonymous) at (0,0) size 40x40
              RenderTableCell (anonymous) at (0,0) size 40x40 [r=0 c=0 rs=1 cs=1]
                RenderText at (0,0) size 40x40
                  text run at (0,0) width 40: "1"
        RenderBlock (anonymous) at (0,40) size 769x40
          RenderText {#text} at (0,0) size 80x40
            text run at (0,0) width 80: "22"
        RenderTable at (0,80) size 120x40
          RenderTableSection (anonymous) at (0,0) size 120x40
            RenderTableRow (anonymous) at (0,0) size 120x40
              RenderTableCell (anonymous) at (0,0) size 120x40 [r=0 c=0 rs=1 cs=1]
                RenderText at (0,0) size 120x40
                  text run at (0,0) width 120: "333"
      RenderBlock {DIV} at (0,480) size 769x120
        RenderTable at (0,0) size 40x40
          RenderTableSection (anonymous) at (0,0) size 40x40
            RenderTableRow (anonymous) at (0,0) size 40x40
              RenderTableCell (anonymous) at (0,0) size 40x40 [r=0 c=0 rs=1 cs=1]
                RenderText at (0,0) size 40x40
                  text run at (0,0) width 40: "1"
        RenderBlock (anonymous) at (0,40) size 769x40
          RenderText {#text} at (0,0) size 80x40
            text run at (0,0) width 80: "22"
        RenderTable at (0,80) size 120x40
          RenderTableSection (anonymous) at (0,0) size 120x40
            RenderTableRow (anonymous) at (0,0) size 120x40
              RenderTableCell (anonymous) at (0,0) size 120x40 [r=0 c=0 rs=1 cs=1]
                RenderText at (0,0) size 120x40
                  text run at (0,0) width 120: "333"
      RenderBlock {DIV} at (0,600) size 769x120 [color=#0000FF]
        RenderTable at (0,0) size 40x40
          RenderTableSection (anonymous) at (0,0) size 40x40
            RenderTableRow (anonymous) at (0,0) size 40x40
              RenderTableCell (anonymous) at (0,0) size 40x40 [r=0 c=0 rs=1 cs=1]
                RenderText at (0,0) size 40x40
                  text run at (0,0) width 40: "1"
        RenderBlock (anonymous) at (0,40) size 769x40
          RenderText {#text} at (0,0) size 80x40
            text run at (0,0) width 80: "22"
        RenderTable at (0,80) size 120x40
          RenderTableSection (anonymous) at (0,0) size 120x40
            RenderTableRow (anonymous) at (0,0) size 120x40
              RenderTableCell (anonymous) at (0,0) size 120x40 [r=0 c=0 rs=1 cs=1]
                RenderText at (0,0) size 120x40
                  text run at (0,0) width 120: "333"
