layer at (0,0) size 800x600
  RenderView at (0,0) size 800x600
    RenderMultiColumnSet at (0,0) size 800x600
layer at (-3296,0) size 4096x180 backgroundClip at (0,0) size 800x600 clip at (0,0) size 800x600
  RenderMultiColumnFlowThread at (0,0) size 4096x180
layer at (-3296,0) size 4096x180 backgroundClip at (0,0) size 800x600 clip at (0,0) size 800x600
  RenderBlock {HTML} at (0,0) size 4096x180
    RenderBody {BODY} at (8,8) size 4072x164
      RenderBlock {DIV} at (0,0) size 50x50 [bgcolor=#0000FF]
      RenderBlock {P} at (66,0) size 420x164
        RenderText {#text} at (0,0) size 419x163
          text run at (0,0) width 155: "1 Lorem ipsum dolor sit"
          text run at (20,0) width 112: "amet, consectetur"
          text run at (40,0) width 144: "adipisicing elit, sed do"
          text run at (60,0) width 104: "eiusmod tempor"
          text run at (80,0) width 141: "incididunt ut labore et"
          text run at (100,0) width 155: "dolore magna aliqua. Ut"
          text run at (120,0) width 152: "enim ad minim veniam,"
          text run at (140,0) width 159: "quis nostrud exercitation"
          text run at (160,0) width 143: "ullamco laboris nisi ut"
          text run at (180,0) width 150: "aliquip ex ea commodo"
          text run at (200,0) width 133: "consequat. Duis aute"
          text run at (220,0) width 85: "irure dolor in"
          text run at (240,0) width 102: "reprehenderit in"
          text run at (260,0) width 123: "voluptate velit esse"
          text run at (280,0) width 147: "cillum dolore eu fugiat"
          text run at (300,0) width 158: "nulla pariatur. Excepteur"
          text run at (320,0) width 145: "sint occaecat cupidatat"
          text run at (340,0) width 133: "non proident, sunt in"
          text run at (360,0) width 163: "culpa qui officia deserunt"
          text run at (380,0) width 113: "mollit anim id est"
          text run at (400,0) width 58: "laborum."
      RenderBlock {DIV} at (502,0) size 50x50 [bgcolor=#0000FF]
      RenderBlock {P} at (568,0) size 424x164
        RenderText {#text} at (0,0) size 423x163
          text run at (0,0) width 155: "2 Lorem ipsum dolor sit"
          text run at (20,0) width 112: "amet, consectetur"
          text run at (40,0) width 144: "adipisicing elit, sed do"
          text run at (60,0) width 104: "eiusmod tempor"
          text run at (80,0) width 141: "incididunt ut labore et"
          text run at (100,0) width 155: "dolore magna aliqua. Ut"
          text run at (120,0) width 152: "enim ad minim veniam,"
          text run at (140,0) width 159: "quis nostrud exercitation"
          text run at (160,0) width 143: "ullamco laboris nisi ut"
          text run at (180,0) width 150: "aliquip ex ea commodo"
          text run at (200,0) width 133: "consequat. Duis aute"
          text run at (224,0) width 85: "irure dolor in"
          text run at (244,0) width 102: "reprehenderit in"
          text run at (264,0) width 123: "voluptate velit esse"
          text run at (284,0) width 147: "cillum dolore eu fugiat"
          text run at (304,0) width 158: "nulla pariatur. Excepteur"
          text run at (324,0) width 145: "sint occaecat cupidatat"
          text run at (344,0) width 133: "non proident, sunt in"
          text run at (364,0) width 163: "culpa qui officia deserunt"
          text run at (384,0) width 113: "mollit anim id est"
          text run at (404,0) width 58: "laborum."
      RenderBlock {DIV} at (1008,0) size 50x50 [bgcolor=#0000FF]
      RenderBlock {P} at (1074,0) size 420x164
        RenderText {#text} at (0,0) size 419x163
          text run at (0,0) width 155: "3 Lorem ipsum dolor sit"
          text run at (20,0) width 112: "amet, consectetur"
          text run at (40,0) width 144: "adipisicing elit, sed do"
          text run at (60,0) width 104: "eiusmod tempor"
          text run at (80,0) width 141: "incididunt ut labore et"
          text run at (100,0) width 155: "dolore magna aliqua. Ut"
          text run at (120,0) width 152: "enim ad minim veniam,"
          text run at (140,0) width 159: "quis nostrud exercitation"
          text run at (160,0) width 143: "ullamco laboris nisi ut"
          text run at (180,0) width 150: "aliquip ex ea commodo"
          text run at (200,0) width 133: "consequat. Duis aute"
          text run at (220,0) width 85: "irure dolor in"
          text run at (240,0) width 102: "reprehenderit in"
          text run at (260,0) width 123: "voluptate velit esse"
          text run at (280,0) width 147: "cillum dolore eu fugiat"
          text run at (300,0) width 158: "nulla pariatur. Excepteur"
          text run at (320,0) width 145: "sint occaecat cupidatat"
          text run at (340,0) width 133: "non proident, sunt in"
          text run at (360,0) width 163: "culpa qui officia deserunt"
          text run at (380,0) width 113: "mollit anim id est"
          text run at (400,0) width 58: "laborum."
      RenderBlock {DIV} at (1510,0) size 50x50 [bgcolor=#0000FF]
      RenderBlock {P} at (1592,0) size 420x164
        RenderText {#text} at (0,0) size 419x163
          text run at (0,0) width 155: "4 Lorem ipsum dolor sit"
          text run at (20,0) width 112: "amet, consectetur"
          text run at (40,0) width 144: "adipisicing elit, sed do"
          text run at (60,0) width 104: "eiusmod tempor"
          text run at (80,0) width 141: "incididunt ut labore et"
          text run at (100,0) width 155: "dolore magna aliqua. Ut"
          text run at (120,0) width 152: "enim ad minim veniam,"
          text run at (140,0) width 159: "quis nostrud exercitation"
          text run at (160,0) width 143: "ullamco laboris nisi ut"
          text run at (180,0) width 150: "aliquip ex ea commodo"
          text run at (200,0) width 133: "consequat. Duis aute"
          text run at (220,0) width 85: "irure dolor in"
          text run at (240,0) width 102: "reprehenderit in"
          text run at (260,0) width 123: "voluptate velit esse"
          text run at (280,0) width 147: "cillum dolore eu fugiat"
          text run at (300,0) width 158: "nulla pariatur. Excepteur"
          text run at (320,0) width 145: "sint occaecat cupidatat"
          text run at (340,0) width 133: "non proident, sunt in"
          text run at (360,0) width 163: "culpa qui officia deserunt"
          text run at (380,0) width 113: "mollit anim id est"
          text run at (400,0) width 58: "laborum."
      RenderBlock {DIV} at (2028,0) size 50x50 [bgcolor=#0000FF]
      RenderBlock {P} at (2094,0) size 438x164
        RenderText {#text} at (0,0) size 437x163
          text run at (0,0) width 155: "5 Lorem ipsum dolor sit"
          text run at (20,0) width 112: "amet, consectetur"
          text run at (40,0) width 144: "adipisicing elit, sed do"
          text run at (60,0) width 104: "eiusmod tempor"
          text run at (80,0) width 141: "incididunt ut labore et"
          text run at (100,0) width 155: "dolore magna aliqua. Ut"
          text run at (120,0) width 152: "enim ad minim veniam,"
          text run at (140,0) width 159: "quis nostrud exercitation"
          text run at (160,0) width 143: "ullamco laboris nisi ut"
          text run at (180,0) width 150: "aliquip ex ea commodo"
          text run at (200,0) width 133: "consequat. Duis aute"
          text run at (220,0) width 85: "irure dolor in"
          text run at (240,0) width 102: "reprehenderit in"
          text run at (260,0) width 123: "voluptate velit esse"
          text run at (298,0) width 147: "cillum dolore eu fugiat"
          text run at (318,0) width 158: "nulla pariatur. Excepteur"
          text run at (338,0) width 145: "sint occaecat cupidatat"
          text run at (358,0) width 133: "non proident, sunt in"
          text run at (378,0) width 163: "culpa qui officia deserunt"
          text run at (398,0) width 113: "mollit anim id est"
          text run at (418,0) width 58: "laborum."
      RenderBlock {DIV} at (2548,0) size 50x50 [bgcolor=#0000FF]
      RenderBlock {P} at (2614,0) size 420x164
        RenderText {#text} at (0,0) size 419x163
          text run at (0,0) width 155: "6 Lorem ipsum dolor sit"
          text run at (20,0) width 112: "amet, consectetur"
          text run at (40,0) width 144: "adipisicing elit, sed do"
          text run at (60,0) width 104: "eiusmod tempor"
          text run at (80,0) width 141: "incididunt ut labore et"
          text run at (100,0) width 155: "dolore magna aliqua. Ut"
          text run at (120,0) width 152: "enim ad minim veniam,"
          text run at (140,0) width 159: "quis nostrud exercitation"
          text run at (160,0) width 143: "ullamco laboris nisi ut"
          text run at (180,0) width 150: "aliquip ex ea commodo"
          text run at (200,0) width 133: "consequat. Duis aute"
          text run at (220,0) width 85: "irure dolor in"
          text run at (240,0) width 102: "reprehenderit in"
          text run at (260,0) width 123: "voluptate velit esse"
          text run at (280,0) width 147: "cillum dolore eu fugiat"
          text run at (300,0) width 158: "nulla pariatur. Excepteur"
          text run at (320,0) width 145: "sint occaecat cupidatat"
          text run at (340,0) width 133: "non proident, sunt in"
          text run at (360,0) width 163: "culpa qui officia deserunt"
          text run at (380,0) width 113: "mollit anim id est"
          text run at (400,0) width 58: "laborum."
      RenderBlock {DIV} at (3050,0) size 50x50 [bgcolor=#0000FF]
      RenderBlock {P} at (3116,0) size 436x164
        RenderText {#text} at (0,0) size 435x163
          text run at (0,0) width 155: "7 Lorem ipsum dolor sit"
          text run at (20,0) width 112: "amet, consectetur"
          text run at (40,0) width 144: "adipisicing elit, sed do"
          text run at (76,0) width 104: "eiusmod tempor"
          text run at (96,0) width 141: "incididunt ut labore et"
          text run at (116,0) width 155: "dolore magna aliqua. Ut"
          text run at (136,0) width 152: "enim ad minim veniam,"
          text run at (156,0) width 159: "quis nostrud exercitation"
          text run at (176,0) width 143: "ullamco laboris nisi ut"
          text run at (196,0) width 150: "aliquip ex ea commodo"
          text run at (216,0) width 133: "consequat. Duis aute"
          text run at (236,0) width 85: "irure dolor in"
          text run at (256,0) width 102: "reprehenderit in"
          text run at (276,0) width 123: "voluptate velit esse"
          text run at (296,0) width 147: "cillum dolore eu fugiat"
          text run at (316,0) width 158: "nulla pariatur. Excepteur"
          text run at (336,0) width 145: "sint occaecat cupidatat"
          text run at (356,0) width 133: "non proident, sunt in"
          text run at (376,0) width 163: "culpa qui officia deserunt"
          text run at (396,0) width 113: "mollit anim id est"
          text run at (416,0) width 58: "laborum."
      RenderBlock {DIV} at (3568,0) size 50x50 [bgcolor=#0000FF]
      RenderBlock {P} at (3634,0) size 438x164
        RenderText {#text} at (0,0) size 437x163
          text run at (0,0) width 155: "8 Lorem ipsum dolor sit"
          text run at (20,0) width 112: "amet, consectetur"
          text run at (40,0) width 144: "adipisicing elit, sed do"
          text run at (60,0) width 104: "eiusmod tempor"
          text run at (80,0) width 141: "incididunt ut labore et"
          text run at (100,0) width 155: "dolore magna aliqua. Ut"
          text run at (120,0) width 152: "enim ad minim veniam,"
          text run at (140,0) width 159: "quis nostrud exercitation"
          text run at (160,0) width 143: "ullamco laboris nisi ut"
          text run at (180,0) width 150: "aliquip ex ea commodo"
          text run at (200,0) width 133: "consequat. Duis aute"
          text run at (220,0) width 85: "irure dolor in"
          text run at (240,0) width 102: "reprehenderit in"
          text run at (260,0) width 123: "voluptate velit esse"
          text run at (280,0) width 147: "cillum dolore eu fugiat"
          text run at (300,0) width 158: "nulla pariatur. Excepteur"
          text run at (320,0) width 145: "sint occaecat cupidatat"
          text run at (358,0) width 133: "non proident, sunt in"
          text run at (378,0) width 163: "culpa qui officia deserunt"
          text run at (398,0) width 113: "mollit anim id est"
          text run at (418,0) width 58: "laborum."
scrolled to 0,-580
