layer at (0,0) size 800x600
  RenderView at (0,0) size 800x600
    RenderMultiColumnSet at (0,0) size 800x600
layer at (0,0) size 800x1356 backgroundClip at (0,0) size 800x600 clip at (0,0) size 800x600
  RenderMultiColumnFlowThread at (0,0) size 800x1356
layer at (0,0) size 800x1356 backgroundClip at (0,0) size 800x600 clip at (0,0) size 800x600
  RenderBlock {HTML} at (0,0) size 800x1356
    RenderBody {BODY} at (8,8) size 784x1332
      RenderBlock {DIV} at (0,0) size 50x50 [bgcolor=#0000FF]
      RenderBlock {P} at (0,66) size 784x80
        RenderText {#text} at (0,0) size 780x79
          text run at (0,0) width 763: "1 Lorem ipsum dolor sit amet, consectetur adipisicing elit, sed do eiusmod tempor incididunt ut labore et dolore magna"
          text run at (0,20) width 754: "aliqua. Ut enim ad minim veniam, quis nostrud exercitation ullamco laboris nisi ut aliquip ex ea commodo consequat."
          text run at (0,40) width 780: "Duis aute irure dolor in reprehenderit in voluptate velit esse cillum dolore eu fugiat nulla pariatur. Excepteur sint occaecat"
          text run at (0,60) width 540: "cupidatat non proident, sunt in culpa qui officia deserunt mollit anim id est laborum."
      RenderBlock {DIV} at (0,162) size 50x50 [bgcolor=#0000FF]
      RenderBlock {P} at (0,228) size 784x80
        RenderText {#text} at (0,0) size 780x79
          text run at (0,0) width 763: "2 Lorem ipsum dolor sit amet, consectetur adipisicing elit, sed do eiusmod tempor incididunt ut labore et dolore magna"
          text run at (0,20) width 754: "aliqua. Ut enim ad minim veniam, quis nostrud exercitation ullamco laboris nisi ut aliquip ex ea commodo consequat."
          text run at (0,40) width 780: "Duis aute irure dolor in reprehenderit in voluptate velit esse cillum dolore eu fugiat nulla pariatur. Excepteur sint occaecat"
          text run at (0,60) width 540: "cupidatat non proident, sunt in culpa qui officia deserunt mollit anim id est laborum."
      RenderBlock {DIV} at (0,324) size 50x50 [bgcolor=#0000FF]
      RenderBlock {P} at (0,390) size 784x80
        RenderText {#text} at (0,0) size 780x79
          text run at (0,0) width 763: "3 Lorem ipsum dolor sit amet, consectetur adipisicing elit, sed do eiusmod tempor incididunt ut labore et dolore magna"
          text run at (0,20) width 754: "aliqua. Ut enim ad minim veniam, quis nostrud exercitation ullamco laboris nisi ut aliquip ex ea commodo consequat."
          text run at (0,40) width 780: "Duis aute irure dolor in reprehenderit in voluptate velit esse cillum dolore eu fugiat nulla pariatur. Excepteur sint occaecat"
          text run at (0,60) width 540: "cupidatat non proident, sunt in culpa qui officia deserunt mollit anim id est laborum."
      RenderBlock {DIV} at (0,486) size 50x50 [bgcolor=#0000FF]
      RenderBlock {P} at (0,552) size 784x80
        RenderText {#text} at (0,0) size 780x79
          text run at (0,0) width 763: "4 Lorem ipsum dolor sit amet, consectetur adipisicing elit, sed do eiusmod tempor incididunt ut labore et dolore magna"
          text run at (0,20) width 754: "aliqua. Ut enim ad minim veniam, quis nostrud exercitation ullamco laboris nisi ut aliquip ex ea commodo consequat."
          text run at (0,40) width 780: "Duis aute irure dolor in reprehenderit in voluptate velit esse cillum dolore eu fugiat nulla pariatur. Excepteur sint occaecat"
          text run at (0,60) width 540: "cupidatat non proident, sunt in culpa qui officia deserunt mollit anim id est laborum."
      RenderBlock {DIV} at (0,648) size 50x50 [bgcolor=#0000FF]
      RenderBlock {P} at (0,712) size 784x80
        RenderText {#text} at (0,0) size 780x79
          text run at (0,0) width 763: "5 Lorem ipsum dolor sit amet, consectetur adipisicing elit, sed do eiusmod tempor incididunt ut labore et dolore magna"
          text run at (0,20) width 754: "aliqua. Ut enim ad minim veniam, quis nostrud exercitation ullamco laboris nisi ut aliquip ex ea commodo consequat."
          text run at (0,40) width 780: "Duis aute irure dolor in reprehenderit in voluptate velit esse cillum dolore eu fugiat nulla pariatur. Excepteur sint occaecat"
          text run at (0,60) width 540: "cupidatat non proident, sunt in culpa qui officia deserunt mollit anim id est laborum."
      RenderBlock {DIV} at (0,808) size 50x50 [bgcolor=#0000FF]
      RenderBlock {P} at (0,892) size 784x80
        RenderText {#text} at (0,0) size 780x79
          text run at (0,0) width 763: "6 Lorem ipsum dolor sit amet, consectetur adipisicing elit, sed do eiusmod tempor incididunt ut labore et dolore magna"
          text run at (0,20) width 754: "aliqua. Ut enim ad minim veniam, quis nostrud exercitation ullamco laboris nisi ut aliquip ex ea commodo consequat."
          text run at (0,40) width 780: "Duis aute irure dolor in reprehenderit in voluptate velit esse cillum dolore eu fugiat nulla pariatur. Excepteur sint occaecat"
          text run at (0,60) width 540: "cupidatat non proident, sunt in culpa qui officia deserunt mollit anim id est laborum."
      RenderBlock {DIV} at (0,988) size 50x50 [bgcolor=#0000FF]
      RenderBlock {P} at (0,1072) size 784x80
        RenderText {#text} at (0,0) size 780x79
          text run at (0,0) width 763: "7 Lorem ipsum dolor sit amet, consectetur adipisicing elit, sed do eiusmod tempor incididunt ut labore et dolore magna"
          text run at (0,20) width 754: "aliqua. Ut enim ad minim veniam, quis nostrud exercitation ullamco laboris nisi ut aliquip ex ea commodo consequat."
          text run at (0,40) width 780: "Duis aute irure dolor in reprehenderit in voluptate velit esse cillum dolore eu fugiat nulla pariatur. Excepteur sint occaecat"
          text run at (0,60) width 540: "cupidatat non proident, sunt in culpa qui officia deserunt mollit anim id est laborum."
      RenderBlock {DIV} at (0,1168) size 50x50 [bgcolor=#0000FF]
      RenderBlock {P} at (0,1252) size 784x80
        RenderText {#text} at (0,0) size 780x79
          text run at (0,0) width 763: "8 Lorem ipsum dolor sit amet, consectetur adipisicing elit, sed do eiusmod tempor incididunt ut labore et dolore magna"
          text run at (0,20) width 754: "aliqua. Ut enim ad minim veniam, quis nostrud exercitation ullamco laboris nisi ut aliquip ex ea commodo consequat."
          text run at (0,40) width 780: "Duis aute irure dolor in reprehenderit in voluptate velit esse cillum dolore eu fugiat nulla pariatur. Excepteur sint occaecat"
          text run at (0,60) width 540: "cupidatat non proident, sunt in culpa qui officia deserunt mollit anim id est laborum."
scrolled to 0,-980
