layer at (0,0) size 1980x600
  RenderView at (0,0) size 800x600
    RenderMultiColumnSet at (0,0) size 800x600
layer at (-896,0) size 1696x600 backgroundClip at (0,0) size 1980x600 clip at (0,0) size 1980x600
  RenderMultiColumnFlowThread at (0,0) size 1696x600
layer at (-896,0) size 1696x600 backgroundClip at (0,0) size 1980x600 clip at (0,0) size 1980x600
  RenderBlock {HTML} at (0,0) size 1696x600
    RenderBody {BODY} at (8,8) size 1672x584
      RenderBlock {DIV} at (0,0) size 50x50 [bgcolor=#0000FF]
      RenderBlock {P} at (66,0) size 126x584
        RenderText {#text} at (0,0) size 125x560
          text run at (0,0) width 527: "1 Lorem ipsum dolor sit amet, consectetur adipisicing elit, sed do eiusmod tempor"
          text run at (20,0) width 539: "incididunt ut labore et dolore magna aliqua. Ut enim ad minim veniam, quis nostrud"
          text run at (40,0) width 547: "exercitation ullamco laboris nisi ut aliquip ex ea commodo consequat. Duis aute irure"
          text run at (60,0) width 526: "dolor in reprehenderit in voluptate velit esse cillum dolore eu fugiat nulla pariatur."
          text run at (80,0) width 560: "Excepteur sint occaecat cupidatat non proident, sunt in culpa qui officia deserunt mollit"
          text run at (106,0) width 132: "anim id est laborum."
      RenderBlock {DIV} at (208,0) size 50x50 [bgcolor=#0000FF]
      RenderBlock {P} at (274,0) size 138x584
        RenderText {#text} at (0,0) size 137x560
          text run at (0,0) width 527: "2 Lorem ipsum dolor sit amet, consectetur adipisicing elit, sed do eiusmod tempor"
          text run at (20,0) width 539: "incididunt ut labore et dolore magna aliqua. Ut enim ad minim veniam, quis nostrud"
          text run at (40,0) width 547: "exercitation ullamco laboris nisi ut aliquip ex ea commodo consequat. Duis aute irure"
          text run at (78,0) width 526: "dolor in reprehenderit in voluptate velit esse cillum dolore eu fugiat nulla pariatur."
          text run at (98,0) width 560: "Excepteur sint occaecat cupidatat non proident, sunt in culpa qui officia deserunt mollit"
          text run at (118,0) width 132: "anim id est laborum."
      RenderBlock {DIV} at (428,0) size 50x50 [bgcolor=#0000FF]
      RenderBlock {P} at (494,0) size 138x584
        RenderText {#text} at (0,0) size 137x560
          text run at (0,0) width 527: "3 Lorem ipsum dolor sit amet, consectetur adipisicing elit, sed do eiusmod tempor"
          text run at (38,0) width 539: "incididunt ut labore et dolore magna aliqua. Ut enim ad minim veniam, quis nostrud"
          text run at (58,0) width 547: "exercitation ullamco laboris nisi ut aliquip ex ea commodo consequat. Duis aute irure"
          text run at (78,0) width 526: "dolor in reprehenderit in voluptate velit esse cillum dolore eu fugiat nulla pariatur."
          text run at (98,0) width 560: "Excepteur sint occaecat cupidatat non proident, sunt in culpa qui officia deserunt mollit"
          text run at (118,0) width 132: "anim id est laborum."
      RenderBlock {DIV} at (648,0) size 50x50 [bgcolor=#0000FF]
      RenderBlock {P} at (712,0) size 120x584
        RenderText {#text} at (0,0) size 119x560
          text run at (0,0) width 527: "4 Lorem ipsum dolor sit amet, consectetur adipisicing elit, sed do eiusmod tempor"
          text run at (20,0) width 539: "incididunt ut labore et dolore magna aliqua. Ut enim ad minim veniam, quis nostrud"
          text run at (40,0) width 547: "exercitation ullamco laboris nisi ut aliquip ex ea commodo consequat. Duis aute irure"
          text run at (60,0) width 526: "dolor in reprehenderit in voluptate velit esse cillum dolore eu fugiat nulla pariatur."
          text run at (80,0) width 560: "Excepteur sint occaecat cupidatat non proident, sunt in culpa qui officia deserunt mollit"
          text run at (100,0) width 132: "anim id est laborum."
      RenderBlock {DIV} at (848,0) size 50x50 [bgcolor=#0000FF]
      RenderBlock {P} at (914,0) size 120x584
        RenderText {#text} at (0,0) size 119x560
          text run at (0,0) width 527: "5 Lorem ipsum dolor sit amet, consectetur adipisicing elit, sed do eiusmod tempor"
          text run at (20,0) width 539: "incididunt ut labore et dolore magna aliqua. Ut enim ad minim veniam, quis nostrud"
          text run at (40,0) width 547: "exercitation ullamco laboris nisi ut aliquip ex ea commodo consequat. Duis aute irure"
          text run at (60,0) width 526: "dolor in reprehenderit in voluptate velit esse cillum dolore eu fugiat nulla pariatur."
          text run at (80,0) width 560: "Excepteur sint occaecat cupidatat non proident, sunt in culpa qui officia deserunt mollit"
          text run at (100,0) width 132: "anim id est laborum."
      RenderBlock {DIV} at (1050,0) size 50x50 [bgcolor=#0000FF]
      RenderBlock {P} at (1116,0) size 120x584
        RenderText {#text} at (0,0) size 119x560
          text run at (0,0) width 527: "6 Lorem ipsum dolor sit amet, consectetur adipisicing elit, sed do eiusmod tempor"
          text run at (20,0) width 539: "incididunt ut labore et dolore magna aliqua. Ut enim ad minim veniam, quis nostrud"
          text run at (40,0) width 547: "exercitation ullamco laboris nisi ut aliquip ex ea commodo consequat. Duis aute irure"
          text run at (60,0) width 526: "dolor in reprehenderit in voluptate velit esse cillum dolore eu fugiat nulla pariatur."
          text run at (80,0) width 560: "Excepteur sint occaecat cupidatat non proident, sunt in culpa qui officia deserunt mollit"
          text run at (100,0) width 132: "anim id est laborum."
      RenderBlock {DIV} at (1252,0) size 50x50 [bgcolor=#0000FF]
      RenderBlock {P} at (1318,0) size 134x584
        RenderText {#text} at (0,0) size 133x560
          text run at (0,0) width 527: "7 Lorem ipsum dolor sit amet, consectetur adipisicing elit, sed do eiusmod tempor"
          text run at (20,0) width 539: "incididunt ut labore et dolore magna aliqua. Ut enim ad minim veniam, quis nostrud"
          text run at (40,0) width 547: "exercitation ullamco laboris nisi ut aliquip ex ea commodo consequat. Duis aute irure"
          text run at (60,0) width 526: "dolor in reprehenderit in voluptate velit esse cillum dolore eu fugiat nulla pariatur."
          text run at (80,0) width 560: "Excepteur sint occaecat cupidatat non proident, sunt in culpa qui officia deserunt mollit"
          text run at (114,0) width 132: "anim id est laborum."
      RenderBlock {DIV} at (1468,0) size 50x50 [bgcolor=#0000FF]
      RenderBlock {P} at (1534,0) size 138x584
        RenderText {#text} at (0,0) size 137x560
          text run at (0,0) width 527: "8 Lorem ipsum dolor sit amet, consectetur adipisicing elit, sed do eiusmod tempor"
          text run at (20,0) width 539: "incididunt ut labore et dolore magna aliqua. Ut enim ad minim veniam, quis nostrud"
          text run at (40,0) width 547: "exercitation ullamco laboris nisi ut aliquip ex ea commodo consequat. Duis aute irure"
          text run at (78,0) width 526: "dolor in reprehenderit in voluptate velit esse cillum dolore eu fugiat nulla pariatur."
          text run at (98,0) width 560: "Excepteur sint occaecat cupidatat non proident, sunt in culpa qui officia deserunt mollit"
          text run at (118,0) width 132: "anim id est laborum."
scrolled to -1180,0
