EDITING DELEGATE: shouldBeginEditingInDOMRange:range from 0 of DIV > BODY > HTML > #document to 3 of DIV > BODY > HTML > #document
EDITING DELEGATE: webViewDidBeginEditing:WebViewDidBeginEditingNotification
EDITING DELEGATE: webViewDidChangeSelection:WebViewDidChangeSelectionNotification
EDITING DELEGATE: webViewDidChangeSelection:WebViewDidChangeSelectionNotification
EDITING DELEGATE: webViewDidChangeSelection:WebViewDidChangeSelectionNotification
EDITING DELEGATE: webViewDidChangeSelection:WebViewDidChangeSelectionNotification
EDITING DELEGATE: webViewDidChangeSelection:WebViewDidChangeSelectionNotification
EDITING DELEGATE: webViewDidChangeSelection:WebViewDidChangeSelectionNotification
EDITING DELEGATE: webViewDidChangeSelection:WebViewDidChangeSelectionNotification
EDITING DELEGATE: webViewDidChangeSelection:WebViewDidChangeSelectionNotification
EDITING DELEGATE: webViewDidChangeSelection:WebViewDidChangeSelectionNotification
EDITING DELEGATE: webViewDidChangeSelection:WebViewDidChangeSelectionNotification
EDITING DELEGATE: webViewDidChangeSelection:WebViewDidChangeSelectionNotification
EDITING DELEGATE: webViewDidChangeSelection:WebViewDidChangeSelectionNotification
EDITING DELEGATE: webViewDidChangeSelection:WebViewDidChangeSelectionNotification
EDITING DELEGATE: webViewDidChangeSelection:WebViewDidChangeSelectionNotification
EDITING DELEGATE: webViewDidChangeSelection:WebViewDidChangeSelectionNotification
EDITING DELEGATE: webViewDidChangeSelection:WebViewDidChangeSelectionNotification
EDITING DELEGATE: webViewDidChangeSelection:WebViewDidChangeSelectionNotification
EDITING DELEGATE: shouldDeleteDOMRange:range from 7 of #text > DIV > DIV > BODY > HTML > #document to 6 of #text > DIV > DIV > BODY > HTML > #document
EDITING DELEGATE: shouldChangeSelectedDOMRange:range from 7 of #text > DIV > DIV > BODY > HTML > #document to 7 of #text > DIV > DIV > BODY > HTML > #document toDOMRange:range from 7 of #text > DIV > DIV > BODY > HTML > #document to 7 of #text > DIV > DIV > BODY > HTML > #document affinity:NSSelectionAffinityDownstream stillSelecting:FALSE
EDITING DELEGATE: webViewDidChangeSelection:WebViewDidChangeSelectionNotification
EDITING DELEGATE: webViewDidChange:WebViewDidChangeNotification
layer at (0,0) size 800x600
  RenderView at (0,0) size 800x600
layer at (0,0) size 800x600
  RenderBlock {HTML} at (0,0) size 800x600
    RenderBody {BODY} at (8,8) size 784x584
      RenderBlock {DIV} at (0,0) size 784x243 [border: (4px solid #0000FF)]
        RenderBlock {DIV} at (20,20) size 744x70
          RenderText {#text} at (0,0) size 60x28
            text run at (0,0) width 60: "Tests:"
          RenderBR {BR} at (59,0) size 1x28
          RenderText {#text} at (0,28) size 650x21
            text run at (0,28) width 650: "Our ability to \"edit around\" content the HTML editing code does not yet handle very well."
          RenderBR {BR} at (649,28) size 1x21
          RenderInline {I} at (0,49) size 98x21
            RenderText {#text} at (0,49) size 98x21
              text run at (0,49) width 98: "For this test: "
          RenderText {#text} at (97,49) size 401x21
            text run at (97,49) width 401: "Select and delete a table and some surrounding content."
        RenderBlock (anonymous) at (20,90) size 744x21
          RenderBR {BR} at (0,0) size 0x21
        RenderBlock {DIV} at (20,111) size 744x112
          RenderText {#text} at (0,0) size 184x28
            text run at (0,0) width 184: "Expected Results:"
          RenderBR {BR} at (183,0) size 1x28
          RenderText {#text} at (0,28) size 700x42
            text run at (0,28) width 700: "The content in the red box must exactly match the content in the green box (except for the border"
            text run at (0,49) width 48: "color)."
          RenderBR {BR} at (47,49) size 1x21
          RenderInline {I} at (0,70) size 98x21
            RenderText {#text} at (0,70) size 98x21
              text run at (0,70) width 98: "For this test: "
          RenderText {#text} at (0,70) size 736x42
            text run at (97,70) width 301: "Only selected content should get deleted. "
            text run at (397,70) width 339: "Surrounding content that is not selected should"
            text run at (0,91) width 199: "(obviously) not be affected."
      RenderBlock {DIV} at (0,253) size 784x32 [border: (2px solid #008000)]
        RenderText {#text} at (2,2) size 62x28
          text run at (2,2) width 62: "before"
      RenderBlock {DIV} at (0,295) size 784x32
        RenderBlock {DIV} at (0,0) size 784x32 [border: (2px solid #FF0000)]
          RenderText {#text} at (2,2) size 62x28
            text run at (2,2) width 62: "before"
caret: position 7 of child 0 {#text} of child 1 {DIV} of child 5 {DIV} of body
