EDITING DELEGATE: shouldBeginEditingInDOMRange:range from 0 of DIV > BODY > HTML > #document to 3 of DIV > BODY > HTML > #document
EDITING DELEGATE: webViewDidBeginEditing:WebViewDidBeginEditingNotification
EDITING DELEGATE: webViewDidChangeSelection:WebViewDidChangeSelectionNotification
EDITING DELEGATE: webViewDidChangeSelection:WebViewDidChangeSelectionNotification
EDITING DELEGATE: webViewDidChangeSelection:WebViewDidChangeSelectionNotification
EDITING DELEGATE: shouldChangeSelectedDOMRange:range from 2 of #text > PRE > DIV > BODY > HTML > #document to 2 of #text > PRE > DIV > BODY > HTML > #document toDOMRange:range from 3 of #text > PRE > DIV > BODY > HTML > #document to 3 of #text > PRE > DIV > BODY > HTML > #document affinity:NSSelectionAffinityDownstream stillSelecting:FALSE
EDITING DELEGATE: webViewDidChangeSelection:WebViewDidChangeSelectionNotification
EDITING DELEGATE: webViewDidChange:WebViewDidChangeNotification
layer at (0,0) size 800x600
  RenderView at (0,0) size 800x600
layer at (0,0) size 800x600
  RenderBlock {HTML} at (0,0) size 800x600
    RenderBody {BODY} at (8,8) size 784x584
      RenderBlock {P} at (0,0) size 784x36
        RenderText {#text} at (0,0) size 767x36
          text run at (0,0) width 767: "This tests to see if inserting a space inside normal whitespace inside of a whitespace:pre element will collapse other spaces"
          text run at (0,18) width 92: "surrounding it."
      RenderBlock {P} at (0,52) size 784x18
        RenderText {#text} at (0,0) size 444x18
          text run at (0,0) width 444: "If successful, you should see 'a' followed by 10 spaces followed by 'b'."
      RenderBlock {HR} at (0,86) size 784x2 [border: (1px inset #000000)]
      RenderBlock {DIV} at (0,96) size 784x23 [border: (2px solid #FFAAAA)]
        RenderBlock {PRE} at (2,2) size 780x19 [border: (2px solid #AAAAFF)]
          RenderText {#text} at (2,2) size 96x15
            text run at (2,2) width 96: "a          b"
caret: position 3 of child 0 {#text} of child 1 {PRE} of child 7 {DIV} of body
