layer at (0,0) size 800x600
  RenderView at (0,0) size 800x600
layer at (0,0) size 800x600
  RenderBlock {HTML} at (0,0) size 800x600
    RenderBody {BODY} at (8,8) size 784x584
      RenderBlock {P} at (0,0) size 784x18
        RenderText {#text} at (0,0) size 507x17
          text run at (0,0) width 507: "This tests for a bug where the first newline entered into a text area would be lost."
      RenderBlock (anonymous) at (0,34) size 784x36
        RenderText {#text} at (0,0) size 0x0
        RenderText {#text} at (0,0) size 0x0
layer at (8,42) size 161x36 clip at (9,43) size 159x34
  RenderTextControl {TEXTAREA} at (0,0) size 161x36 [bgcolor=#FFFFFF] [border: (1px solid #000000)]
    RenderBlock {DIV} at (3,3) size 155x30
      RenderText {#text} at (0,0) size 0x15
        text run at (0,0) width 0: " "
      RenderText {#text} at (0,15) size 0x15
        text run at (0,15) width 0: " "
caret: position 0 of child 1 {#text} of child 0 {DIV} of {#document-fragment} of child 2 {TEXTAREA} of body
