layer at (0,0) size 800x600
  RenderView at (0,0) size 800x600
layer at (0,0) size 800x600
  RenderBlock {HTML} at (0,0) size 800x600
    RenderBody {BODY} at (8,8) size 784x584
      RenderBlock {P} at (0,0) size 784x18
        RenderText {#text} at (0,0) size 521x18
          text run at (0,0) width 521: "This tests for a bug where spaces couldn't be inserted before signatures and replies."
      RenderBlock {DIV} at (0,34) size 784x36
        RenderBlock (anonymous) at (0,0) size 784x18
          RenderText {#text} at (0,0) size 4x18
            text run at (0,0) width 4: " "
          RenderBR {BR} at (4,14) size 0x0
        RenderBlock {DIV} at (0,18) size 784x18
          RenderText {#text} at (0,0) size 345x18
            text run at (0,0) width 345: "There should be a single space in the paragraph above."
caret: position 1 of child 0 {#text} of child 2 {DIV} of body
