layer at (0,0) size 800x600
  RenderView at (0,0) size 800x600
layer at (0,0) size 800x600
  RenderBlock {HTML} at (0,0) size 800x600
    RenderBody {BODY} at (8,8) size 784x584
      RenderBlock {P} at (0,0) size 784x18
        RenderText {#text} at (0,0) size 692x18
          text run at (0,0) width 692: "This tests for a bug where hitting return after a line break in text that preserves newlines wouldn't do anything."
      RenderBlock {DIV} at (0,34) size 784x54
        RenderBlock (anonymous) at (0,0) size 784x36
          RenderText {#text} at (0,0) size 24x18
            text run at (0,0) width 24: "xxx"
            text run at (24,0) width 0: " "
          RenderBR {BR} at (0,18) size 0x18
        RenderBlock {DIV} at (0,36) size 784x18
          RenderText {#text} at (0,0) size 663x18
            text run at (0,0) width 663: "There should be an empty paragraph before this one, and the caret should be at the start of this paragraph."
caret: position 0 of child 0 {#text} of child 2 {DIV} of child 2 {DIV} of body
