layer at (0,0) size 800x600
  RenderView at (0,0) size 800x600
layer at (0,0) size 800x600
  RenderBlock {HTML} at (0,0) size 800x600
    RenderBody {BODY} at (8,8) size 784x584
      RenderBlock {P} at (0,0) size 784x18
        RenderText {#text} at (0,0) size 628x18
          text run at (0,0) width 628: "This tests for a bug where inserting at the end of a link would place content in the wrong paragraph."
      RenderBlock {DIV} at (0,34) size 784x18
        RenderInline {A} at (0,0) size 420x18 [color=#0000EE]
          RenderText {#text} at (0,0) size 420x18
            text run at (0,0) width 420: "Everything in this editable region should be in the same paragraph."
          RenderBR {BR} at (420,14) size 0x0
caret: position 67 of child 0 {#text} of child 0 {A} of child 3 {DIV} of body
