layer at (0,0) size 800x600
  RenderView at (0,0) size 800x600
layer at (0,0) size 800x600
  RenderBlock {HTML} at (0,0) size 800x600
    RenderBody {BODY} at (8,8) size 784x584
      RenderBlock (anonymous) at (0,0) size 784x40
        RenderText {#text} at (0,0) size 724x19
          text run at (0,0) width 724: "This tests that the blockquote's typing style doesn't remain after breaking the blockquote and typing in the unquoted area."
        RenderBR {BR} at (724,0) size 0x19
        RenderBR {BR} at (0,20) size 0x19
      RenderBlock {DIV} at (0,40) size 784x60
        RenderBlock {BLOCKQUOTE} at (0,0) size 784x20 [color=#0000FF] [border: none (2px solid #0000FF)]
          RenderText {#text} at (12,0) size 25x19
            text run at (12,0) width 25: "blue"
        RenderBlock (anonymous) at (0,20) size 784x20
          RenderText {#text} at (0,0) size 33x19
            text run at (0,0) width 33: "black"
          RenderBR {BR} at (33,0) size 0x19
        RenderBlock {BLOCKQUOTE} at (0,40) size 784x20 [color=#0000FF] [border: none (2px solid #0000FF)]
          RenderBlock {DIV} at (12,0) size 772x20
            RenderBlock {BLOCKQUOTE} at (0,0) size 772x20 [color=#008000] [border: none (2px solid #008000)]
              RenderText {#text} at (12,0) size 33x19
                text run at (12,0) width 33: "green"
caret: position 5 of child 2 {#text} of child 4 {DIV} of body
