EDITING DELEGATE: shouldBeginEditingInDOMRange:range from 0 of BODY > HTML > #document to 8 of BODY > HTML > #document
EDITING DELEGATE: webViewDidBeginEditing:WebViewDidBeginEditingNotification
EDITING DELEGATE: webViewDidChangeSelection:WebViewDidChangeSelectionNotification
EDITING DELEGATE: webViewDidChangeSelection:WebViewDidChangeSelectionNotification
EDITING DELEGATE: webViewDidChangeSelection:WebViewDidChangeSelectionNotification
EDITING DELEGATE: webViewDidChangeSelection:WebViewDidChangeSelectionNotification
EDITING DELEGATE: shouldChangeSelectedDOMRange:range from 3 of #text > B > P > BODY > HTML > #document to 3 of #text > B > P > BODY > HTML > #document toDOMRange:range from 0 of P > BODY > HTML > #document to 0 of P > BODY > HTML > #document affinity:NSSelectionAffinityDownstream stillSelecting:FALSE
EDITING DELEGATE: webViewDidChangeSelection:WebViewDidChangeSelectionNotification
EDITING DELEGATE: webViewDidChange:WebViewDidChangeNotification
EDITING DELEGATE: shouldChangeSelectedDOMRange:range from 1 of #text > B > P > BODY > HTML > #document to 1 of #text > B > P > BODY > HTML > #document toDOMRange:range from 1 of #text > B > P > BODY > HTML > #document to 1 of #text > B > P > BODY > HTML > #document affinity:NSSelectionAffinityDownstream stillSelecting:FALSE
EDITING DELEGATE: webViewDidChangeSelection:WebViewDidChangeSelectionNotification
EDITING DELEGATE: webViewDidChange:WebViewDidChangeNotification
layer at (0,0) size 800x600
  RenderView at (0,0) size 800x600
layer at (0,0) size 800x600
  RenderBlock {HTML} at (0,0) size 800x600
    RenderBody {BODY} at (8,8) size 784x568
      RenderBlock (anonymous) at (0,0) size 784x112
        RenderText {#text} at (0,0) size 765x84
          text run at (0,0) width 759: "Test inserting paragraphs: should see \"foo\" in a blue box, then a blue box with"
          text run at (759,0) width 6: " "
          text run at (0,28) width 754: "with two lines in it: First line a bold \"x\"; second line a non-bold \"bar\". Fix for"
          text run at (754,28) width 6: " "
          text run at (0,56) width 90: "this bug: "
        RenderInline {A} at (0,0) size 260x28 [color=#0000EE]
          RenderText {#text} at (90,56) size 260x28
            text run at (90,56) width 260: "<rdar://problem/3927554>"
        RenderText {#text} at (350,56) size 691x56
          text run at (350,56) width 335: " Style info applied to remainder of"
          text run at (685,56) width 6: " "
          text run at (0,84) width 347: "document after a newline is entered"
      RenderBlock {DIV} at (0,112) size 784x12
      RenderBlock {P} at (0,148) size 784x56 [border: (2px solid #0000FF)]
        RenderInline {B} at (0,0) size 32x28
          RenderText {#text} at (14,14) size 32x28
            text run at (14,14) width 32: "foo"
      RenderBlock {P} at (0,228) size 784x84 [border: (2px solid #0000FF)]
        RenderInline {B} at (0,0) size 12x28
          RenderText {#text} at (14,14) size 12x28
            text run at (14,14) width 12: "x"
          RenderBR {BR} at (26,14) size 0x28 [bgcolor=#008000]
        RenderText {#text} at (14,42) size 31x28
          text run at (14,42) width 31: "bar"
caret: position 1 of child 0 {#text} of child 0 {B} of child 6 {P} of body
