EDITING DELEGATE: shouldBeginEditingInDOMRange:range from 0 of DIV > BODY > HTML > #document to 1 of DIV > BODY > HTML > #document
EDITING DELEGATE: webViewDidBeginEditing:WebViewDidBeginEditingNotification
EDITING DELEGATE: webViewDidChangeSelection:WebViewDidChangeSelectionNotification
EDITING DELEGATE: webViewDidChangeSelection:WebViewDidChangeSelectionNotification
EDITING DELEGATE: webViewDidChangeSelection:WebViewDidChangeSelectionNotification
EDITING DELEGATE: webViewDidChangeSelection:WebViewDidChangeSelectionNotification
EDITING DELEGATE: webViewDidChange:WebViewDidChangeNotification
layer at (0,0) size 800x600
  RenderView at (0,0) size 800x600
layer at (0,0) size 800x600
  RenderBlock {HTML} at (0,0) size 800x600
    RenderBody {BODY} at (8,8) size 784x584
      RenderBlock {P} at (0,0) size 784x36
        RenderText {#text} at (0,0) size 774x36
          text run at (0,0) width 316: "This tests for a bug in InsertLineBreakCommand. "
          text run at (316,0) width 458: "Only one line break should be inserted and the caret should end up at the"
          text run at (0,18) width 194: "end of the bordered div below."
      RenderBlock {DIV} at (0,52) size 784x56 [border: (1px solid #000000)]
        RenderText {#text} at (1,1) size 80x18
          text run at (1,1) width 80: "Hello world."
          text run at (81,1) width 0: " "
        RenderText {#text} at (1,19) size 0x18
          text run at (1,19) width 0: " "
        RenderText {#text} at (1,37) size 0x18
          text run at (1,37) width 0: " "
caret: position 0 of child 2 {#text} of child 1 {DIV} of body
