layer at (0,0) size 792x1121
  RenderView at (0,0) size 785x585
layer at (0,0) size 785x1121
  RenderBlock {HTML} at (0,0) size 785x1122
    RenderBody {BODY} at (8,8) size 769x1101 [bgcolor=#EEEEEE]
      RenderBlock (anonymous) at (0,0) size 769x20
        RenderInline {SPAN} at (0,0) size 191x15
          RenderText {#text} at (0,0) size 0x0
          RenderInline {SPAN} at (0,0) size 191x15
            RenderText {#text} at (0,0) size 0x0
            RenderTable {TABLE} at (0,0) size 191x20
              RenderTableSection {TBODY} at (0,0) size 191x20
                RenderTableRow {TR} at (0,0) size 191x20
                  RenderTableCell {TD} at (0,0) size 115x20 [r=0 c=0 rs=1 cs=1]
                    RenderText {#text} at (1,1) size 113x17
                      text run at (1,1) width 113: "Record Locator:"
                  RenderTableCell {TD} at (115,0) size 76x20 [r=0 c=1 rs=1 cs=1]
                    RenderInline {B} at (0,0) size 74x17
                      RenderText {#text} at (1,1) size 74x17
                        text run at (1,1) width 74: "WHGNSO"
                    RenderText {#text} at (0,0) size 0x0
            RenderText {#text} at (0,0) size 0x0
          RenderText {#text} at (0,0) size 0x0
      RenderBlock (anonymous) at (0,26) size 769x3
        RenderBlock {HR} at (0,0) size 769x2 [border: (1px inset #000000)]
      RenderBlock (anonymous) at (0,35) size 769x45
        RenderInline {SPAN} at (0,0) size 114x41
          RenderInline {SPAN} at (0,0) size 114x41
            RenderText {#text} at (0,0) size 0x0
            RenderInline {SPAN} at (0,0) size 114x17
              RenderText {#text} at (0,0) size 0x0
              RenderImage {IMG} at (0,0) size 57x21
              RenderText {#text} at (57,1) size 57x17
                text run at (57,1) width 4: " "
                text run at (61,1) width 53: "Names"
              RenderBR {BR} at (114,15) size 0x0
            RenderText {#text} at (0,0) size 0x0
            RenderInline {SPAN} at (0,0) size 104x15
              RenderText {#text} at (0,0) size 0x0
              RenderText {#text} at (0,0) size 0x0
            RenderText {#text} at (0,0) size 0x0
          RenderText {#text} at (0,0) size 0x0
      RenderBlock (anonymous) at (0,85) size 769x3
        RenderBlock {HR} at (0,0) size 769x2 [border: (1px inset #000000)]
      RenderBlock (anonymous) at (0,94) size 769x68
        RenderInline {SPAN} at (0,0) size 592x65
          RenderInline {SPAN} at (0,0) size 592x65
            RenderText {#text} at (0,0) size 0x0
            RenderImage {IMG} at (0,1) size 66x20
            RenderText {#text} at (66,2) size 4x15
              text run at (66,2) width 4: " "
            RenderInline {SPAN} at (0,0) size 83x17
              RenderText {#text} at (70,0) size 83x17
                text run at (70,0) width 83: "Addresses"
              RenderBR {BR} at (153,14) size 0x0
            RenderText {#text} at (0,0) size 0x0
            RenderText {#text} at (0,0) size 0x0
          RenderText {#text} at (0,0) size 0x0
      RenderBlock (anonymous) at (0,168) size 769x3
        RenderBlock {HR} at (0,0) size 769x2 [border: (1px inset #000000)]
      RenderBlock (anonymous) at (0,176) size 769x42
        RenderInline {SPAN} at (0,0) size 130x41
          RenderInline {SPAN} at (0,0) size 130x41
            RenderText {#text} at (0,0) size 0x0
            RenderInline {SPAN} at (0,0) size 130x17
              RenderText {#text} at (0,0) size 0x0
              RenderImage {IMG} at (0,0) size 63x21
              RenderText {#text} at (63,1) size 67x17
                text run at (63,1) width 4: " "
                text run at (67,1) width 63: "Phones "
              RenderBR {BR} at (130,15) size 0x0
            RenderText {#text} at (0,0) size 0x0
      RenderBlock (anonymous) at (0,277) size 769x0
        RenderInline {SPAN} at (0,0) size 0x0
          RenderInline {SPAN} at (0,0) size 0x0
            RenderText {#text} at (0,0) size 0x0
          RenderText {#text} at (0,0) size 0x0
      RenderBlock (anonymous) at (0,284) size 769x3
        RenderBlock {HR} at (0,0) size 769x2 [border: (1px inset #000000)]
      RenderBlock (anonymous) at (0,293) size 769x22
        RenderInline {SPAN} at (0,0) size 132x15
          RenderInline {SPAN} at (0,0) size 132x15
            RenderText {#text} at (0,0) size 0x0
            RenderInline {SPAN} at (0,0) size 132x17
              RenderText {#text} at (0,0) size 0x0
              RenderImage {IMG} at (0,0) size 66x21
              RenderText {#text} at (66,1) size 66x17
                text run at (66,1) width 4: " "
                text run at (70,1) width 62: "Itinerary"
            RenderText {#text} at (0,0) size 0x0
            RenderInline {SPAN} at (0,0) size 0x0
              RenderText {#text} at (0,0) size 0x0
              RenderInline {SPAN} at (0,0) size 0x0
                RenderText {#text} at (0,0) size 0x0
      RenderBlock (anonymous) at (0,314) size 769x61
        RenderTable {TABLE} at (0,0) size 585x60
          RenderTableSection {TBODY} at (0,0) size 585x60
            RenderTableRow {TR} at (0,2) size 585x56
              RenderTableCell {TD} at (2,29) size 2x2 [r=0 c=0 rs=1 cs=1]
              RenderTableCell {TD} at (6,2) size 2x2 [r=0 c=1 rs=1 cs=1]
              RenderTableCell {TD} at (10,18) size 153x24 [r=0 c=2 rs=1 cs=1]
                RenderImage {IMG} at (1,1) size 151x21
                RenderText {#text} at (0,0) size 0x0
              RenderTableCell {TD} at (165,2) size 418x56 [r=0 c=3 rs=1 cs=1]
                RenderText {#text} at (1,1) size 147x17
                  text run at (1,1) width 147: "TUR - Tour Package"
                RenderBR {BR} at (148,15) size 0x0
                RenderText {#text} at (1,19) size 228x17
                  text run at (1,19) width 228: "Date: Sunday, January 12, 2003"
                RenderBR {BR} at (229,33) size 0x0
                RenderText {#text} at (1,37) size 416x17
                  text run at (1,37) width 416: "Comments: -** TICKETLESS CONF CODE IS WHGNSO**"
      RenderBlock (anonymous) at (0,374) size 769x0
        RenderInline {SPAN} at (0,0) size 0x0
          RenderInline {SPAN} at (0,0) size 0x0
            RenderInline {SPAN} at (0,0) size 0x0
              RenderInline {SPAN} at (0,0) size 0x0
              RenderText {#text} at (0,0) size 0x0
      RenderBlock (anonymous) at (0,380) size 769x3
        RenderBlock {HR} at (0,0) size 769x2 [border: (1px inset #000000)]
      RenderBlock (anonymous) at (0,389) size 769x0
        RenderInline {SPAN} at (0,0) size 0x0
          RenderInline {SPAN} at (0,0) size 0x0
            RenderInline {SPAN} at (0,0) size 0x0
              RenderInline {SPAN} at (0,0) size 0x0
                RenderText {#text} at (0,0) size 0x0
      RenderBlock (anonymous) at (0,389) size 769x197
        RenderTable {TABLE} at (0,0) size 714x196
          RenderTableSection {TBODY} at (0,0) size 714x196
            RenderTableRow {TR} at (0,2) size 714x192
              RenderTableCell {TD} at (2,97) size 2x2 [r=0 c=0 rs=1 cs=1]
              RenderTableCell {TD} at (6,2) size 2x2 [r=0 c=1 rs=1 cs=1]
              RenderTableCell {TD} at (10,86) size 94x24 [r=0 c=2 rs=1 cs=1]
                RenderImage {IMG} at (1,1) size 92x21
                RenderText {#text} at (0,0) size 0x0
              RenderTableCell {TD} at (106,2) size 606x192 [r=0 c=3 rs=1 cs=1]
                RenderBlock (anonymous) at (1,1) size 604x126
                  RenderText {#text} at (0,0) size 24x17
                    text run at (0,0) width 24: "Air "
                  RenderBR {BR} at (0,0) size 0x0
                  RenderText {#text} at (0,18) size 486x17
                    text run at (0,18) width 51: "United "
                    text run at (51,18) width 84: "Flight 1187 "
                    text run at (135,18) width 123: "Booking Code:M "
                    text run at (258,18) width 228: "Date: Sunday, January 12, 2003"
                  RenderBR {BR} at (486,32) size 0x0
                  RenderText {#text} at (0,36) size 388x17
                    text run at (0,36) width 388: "From: San Francisco Intl Arpt, San Francisco CA - U.S."
                  RenderBR {BR} at (388,50) size 0x0
                  RenderText {#text} at (0,54) size 405x17
                    text run at (0,54) width 27: "To: "
                    text run at (27,54) width 378: "Burbank Glendale Pasadena Arpt, Burbank CA - U.S."
                  RenderBR {BR} at (405,68) size 0x0
                  RenderText {#text} at (0,72) size 244x17
                    text run at (0,72) width 127: "Departs: 6:05 PM "
                    text run at (127,72) width 117: "Arrives: 7:10 PM"
                  RenderBR {BR} at (244,86) size 0x0
                  RenderText {#text} at (0,90) size 49x17
                    text run at (0,90) width 49: "Status:"
                  RenderInline {SPACE} at (0,0) size 127x35
                    RenderText {#text} at (49,90) size 74x17
                      text run at (49,90) width 74: " confirmed"
                    RenderInline {SPACE} at (0,0) size 127x35
                      RenderText {#text} at (123,90) size 4x17
                        text run at (123,90) width 4: " "
                      RenderBR {BR} at (0,0) size 0x0
                      RenderText {#text} at (0,108) size 45x17
                        text run at (0,108) width 45: "Seats:"
                      RenderBR {BR} at (45,122) size 0x0
                RenderBlock (anonymous) at (1,127) size 604x46
                  RenderTable {TABLE} at (0,0) size 604x46 [border: (1px outset #808080)]
                    RenderTableSection {TBODY} at (1,1) size 602x44
                      RenderTableRow {TR} at (0,0) size 602x22 [bgcolor=#E0E0E0]
                        RenderTableCell {TD} at (0,0) size 98x22 [border: (1px inset #808080)] [r=0 c=0 rs=1 cs=1]
                          RenderText {#text} at (2,2) size 43x17
                            text run at (2,2) width 43: "Name"
                        RenderTableCell {TD} at (98,0) size 37x22 [border: (1px inset #808080)] [r=0 c=1 rs=1 cs=1]
                          RenderText {#text} at (2,2) size 33x17
                            text run at (2,2) width 33: "Seat"
                        RenderTableCell {TD} at (135,0) size 78x22 [border: (1px inset #808080)] [r=0 c=2 rs=1 cs=1]
                          RenderText {#text} at (2,2) size 45x17
                            text run at (2,2) width 45: "Status"
                        RenderTableCell {TD} at (213,0) size 316x22 [border: (1px inset #808080)] [r=0 c=3 rs=1 cs=1]
                          RenderText {#text} at (2,2) size 36x17
                            text run at (2,2) width 36: "Type"
                        RenderTableCell {TD} at (529,0) size 73x22 [border: (1px inset #808080)] [r=0 c=4 rs=1 cs=1]
                          RenderText {#text} at (2,2) size 69x17
                            text run at (2,2) width 69: "Comment"
                      RenderTableRow {TR} at (0,22) size 602x22
                        RenderTableCell {TD} at (0,22) size 98x22 [border: (1px inset #808080)] [r=1 c=0 rs=1 cs=1]
                          RenderText {#text} at (2,2) size 94x17
                            text run at (2,2) width 94: "HAO,SCOTT"
                        RenderTableCell {TD} at (98,22) size 37x22 [border: (1px inset #808080)] [r=1 c=1 rs=1 cs=1]
                          RenderText {#text} at (2,2) size 29x17
                            text run at (2,2) width 29: "08A"
                        RenderTableCell {TD} at (135,22) size 78x22 [border: (1px inset #808080)] [r=1 c=2 rs=1 cs=1]
                          RenderText {#text} at (2,2) size 74x17
                            text run at (2,2) width 74: "confirmed "
                        RenderTableCell {TD} at (213,22) size 316x22 [border: (1px inset #808080)] [r=1 c=3 rs=1 cs=1]
                          RenderText {#text} at (2,2) size 312x17
                            text run at (2,2) width 312: "Non-Smoking, Window Seat, Preferred Seat"
                        RenderTableCell {TD} at (529,22) size 73x22 [border: (1px inset #808080)] [r=1 c=4 rs=1 cs=1]
                          RenderText {#text} at (2,2) size 4x17
                            text run at (2,2) width 4: " "
                RenderBlock (anonymous) at (1,173) size 604x18
                  RenderInline {SPACE} at (0,0) size 0x17
                    RenderInline {SPACE} at (0,0) size 0x17
                      RenderBR {BR} at (0,0) size 0x17
      RenderBlock (anonymous) at (0,585) size 769x0
        RenderInline {SPAN} at (0,0) size 0x0
          RenderInline {SPAN} at (0,0) size 0x0
            RenderInline {SPAN} at (0,0) size 0x0
              RenderInline {SPAN} at (0,0) size 0x0
              RenderText {#text} at (0,0) size 0x0
      RenderBlock (anonymous) at (0,592) size 769x3
        RenderBlock {HR} at (0,0) size 769x2 [border: (1px inset #000000)]
      RenderBlock (anonymous) at (0,600) size 769x0
        RenderInline {SPAN} at (0,0) size 0x0
          RenderInline {SPAN} at (0,0) size 0x0
            RenderInline {SPAN} at (0,0) size 0x0
              RenderInline {SPAN} at (0,0) size 0x0
                RenderText {#text} at (0,0) size 0x0
      RenderBlock (anonymous) at (0,600) size 769x197
        RenderTable {TABLE} at (0,0) size 603x196
          RenderTableSection {TBODY} at (0,0) size 603x196
            RenderTableRow {TR} at (0,2) size 603x192
              RenderTableCell {TD} at (2,97) size 2x2 [r=0 c=0 rs=1 cs=1]
              RenderTableCell {TD} at (6,2) size 2x2 [r=0 c=1 rs=1 cs=1]
              RenderTableCell {TD} at (10,86) size 94x24 [r=0 c=2 rs=1 cs=1]
                RenderImage {IMG} at (1,1) size 92x21
                RenderText {#text} at (0,0) size 0x0
              RenderTableCell {TD} at (106,2) size 495x192 [r=0 c=3 rs=1 cs=1]
                RenderBlock (anonymous) at (1,1) size 493x126
                  RenderText {#text} at (0,0) size 24x17
                    text run at (0,0) width 24: "Air "
                  RenderBR {BR} at (0,0) size 0x0
                  RenderText {#text} at (0,18) size 466x17
                    text run at (0,18) width 51: "United "
                    text run at (51,18) width 75: "Flight 480 "
                    text run at (126,18) width 122: "Booking Code:Q "
                    text run at (248,18) width 218: "Date: Friday, January 24, 2003"
                  RenderBR {BR} at (466,32) size 0x0
                  RenderText {#text} at (0,36) size 423x17
                    text run at (0,36) width 423: "From: Burbank Glendale Pasadena Arpt, Burbank CA - U.S."
                  RenderBR {BR} at (423,50) size 0x0
                  RenderText {#text} at (0,54) size 370x17
                    text run at (0,54) width 27: "To: "
                    text run at (27,54) width 343: "San Francisco Intl Arpt, San Francisco CA - U.S."
                  RenderBR {BR} at (370,68) size 0x0
                  RenderText {#text} at (0,72) size 244x17
                    text run at (0,72) width 127: "Departs: 1:40 PM "
                    text run at (127,72) width 117: "Arrives: 2:50 PM"
                  RenderBR {BR} at (244,86) size 0x0
                  RenderText {#text} at (0,90) size 49x17
                    text run at (0,90) width 49: "Status:"
                  RenderInline {SPACE} at (0,0) size 127x35
                    RenderText {#text} at (49,90) size 74x17
                      text run at (49,90) width 74: " confirmed"
                    RenderInline {SPACE} at (0,0) size 127x35
                      RenderText {#text} at (123,90) size 4x17
                        text run at (123,90) width 4: " "
                      RenderBR {BR} at (0,0) size 0x0
                      RenderText {#text} at (0,108) size 45x17
                        text run at (0,108) width 45: "Seats:"
                      RenderBR {BR} at (45,122) size 0x0
                RenderBlock (anonymous) at (1,127) size 493x46
                  RenderTable {TABLE} at (0,0) size 493x46 [border: (1px outset #808080)]
                    RenderTableSection {TBODY} at (1,1) size 491x44
                      RenderTableRow {TR} at (0,0) size 491x22 [bgcolor=#E0E0E0]
                        RenderTableCell {TD} at (0,0) size 98x22 [border: (1px inset #808080)] [r=0 c=0 rs=1 cs=1]
                          RenderText {#text} at (2,2) size 43x17
                            text run at (2,2) width 43: "Name"
                        RenderTableCell {TD} at (98,0) size 37x22 [border: (1px inset #808080)] [r=0 c=1 rs=1 cs=1]
                          RenderText {#text} at (2,2) size 33x17
                            text run at (2,2) width 33: "Seat"
                        RenderTableCell {TD} at (135,0) size 78x22 [border: (1px inset #808080)] [r=0 c=2 rs=1 cs=1]
                          RenderText {#text} at (2,2) size 45x17
                            text run at (2,2) width 45: "Status"
                        RenderTableCell {TD} at (213,0) size 205x22 [border: (1px inset #808080)] [r=0 c=3 rs=1 cs=1]
                          RenderText {#text} at (2,2) size 36x17
                            text run at (2,2) width 36: "Type"
                        RenderTableCell {TD} at (418,0) size 73x22 [border: (1px inset #808080)] [r=0 c=4 rs=1 cs=1]
                          RenderText {#text} at (2,2) size 69x17
                            text run at (2,2) width 69: "Comment"
                      RenderTableRow {TR} at (0,22) size 491x22
                        RenderTableCell {TD} at (0,22) size 98x22 [border: (1px inset #808080)] [r=1 c=0 rs=1 cs=1]
                          RenderText {#text} at (2,2) size 94x17
                            text run at (2,2) width 94: "HAO,SCOTT"
                        RenderTableCell {TD} at (98,22) size 37x22 [border: (1px inset #808080)] [r=1 c=1 rs=1 cs=1]
                          RenderText {#text} at (2,2) size 28x17
                            text run at (2,2) width 28: "13F"
                        RenderTableCell {TD} at (135,22) size 78x22 [border: (1px inset #808080)] [r=1 c=2 rs=1 cs=1]
                          RenderText {#text} at (2,2) size 74x17
                            text run at (2,2) width 74: "confirmed "
                        RenderTableCell {TD} at (213,22) size 205x22 [border: (1px inset #808080)] [r=1 c=3 rs=1 cs=1]
                          RenderText {#text} at (2,2) size 201x17
                            text run at (2,2) width 201: "Non-Smoking, Window Seat"
                        RenderTableCell {TD} at (418,22) size 73x22 [border: (1px inset #808080)] [r=1 c=4 rs=1 cs=1]
                          RenderText {#text} at (2,2) size 4x17
                            text run at (2,2) width 4: " "
                RenderBlock (anonymous) at (1,173) size 493x18
                  RenderInline {SPACE} at (0,0) size 0x17
                    RenderInline {SPACE} at (0,0) size 0x17
                      RenderBR {BR} at (0,0) size 0x17
      RenderBlock (anonymous) at (0,796) size 769x0
        RenderInline {SPAN} at (0,0) size 0x0
          RenderInline {SPAN} at (0,0) size 0x0
            RenderInline {SPAN} at (0,0) size 0x0
              RenderInline {SPAN} at (0,0) size 0x0
              RenderText {#text} at (0,0) size 0x0
      RenderBlock (anonymous) at (0,803) size 769x3
        RenderBlock {HR} at (0,0) size 769x2 [border: (1px inset #000000)]
      RenderBlock (anonymous) at (0,812) size 769x0
        RenderInline {SPAN} at (0,0) size 0x0
          RenderInline {SPAN} at (0,0) size 0x0
            RenderInline {SPAN} at (0,0) size 0x0
              RenderInline {SPAN} at (0,0) size 0x0
                RenderText {#text} at (0,0) size 0x0
      RenderBlock (anonymous) at (0,812) size 769x115
        RenderTable {TABLE} at (0,0) size 618x114
          RenderTableSection {TBODY} at (0,0) size 618x114
            RenderTableRow {TR} at (0,2) size 618x110
              RenderTableCell {TD} at (2,56) size 2x2 [r=0 c=0 rs=1 cs=1]
              RenderTableCell {TD} at (6,2) size 2x2 [r=0 c=1 rs=1 cs=1]
              RenderTableCell {TD} at (10,45) size 94x24 [r=0 c=2 rs=1 cs=1]
                RenderImage {IMG} at (1,1) size 92x21
                RenderText {#text} at (0,0) size 0x0
              RenderTableCell {TD} at (106,2) size 510x110 [r=0 c=3 rs=1 cs=1]
                RenderText {#text} at (1,1) size 24x17
                  text run at (1,1) width 24: "Air "
                RenderBR {BR} at (0,0) size 0x0
                RenderText {#text} at (1,19) size 508x17
                  text run at (1,19) width 90: "UNKNOWN "
                  text run at (91,19) width 75: "Flight 123 "
                  text run at (166,19) width 121: "Booking Code:Y "
                  text run at (287,19) width 222: "Date: Tuesday, March 25, 2003"
                RenderBR {BR} at (509,33) size 0x0
                RenderText {#text} at (1,37) size 388x17
                  text run at (1,37) width 388: "From: San Francisco Intl Arpt, San Francisco CA - U.S."
                RenderBR {BR} at (389,51) size 0x0
                RenderText {#text} at (1,55) size 370x17
                  text run at (1,55) width 27: "To: "
                  text run at (28,55) width 343: "San Francisco Intl Arpt, San Francisco CA - U.S."
                RenderBR {BR} at (371,69) size 0x0
                RenderText {#text} at (1,73) size 170x17
                  text run at (1,73) width 90: "Departs: n/a "
                  text run at (91,73) width 80: "Arrives: n/a"
                RenderBR {BR} at (171,87) size 0x0
                RenderText {#text} at (1,91) size 49x17
                  text run at (1,91) width 49: "Status:"
                RenderInline {SPACE} at (0,0) size 195x17
                  RenderText {#text} at (50,91) size 191x17
                    text run at (50,91) width 191: " requested, await response"
                  RenderInline {SPACE} at (0,0) size 4x17
                    RenderText {#text} at (241,91) size 4x17
                      text run at (241,91) width 4: " "
                    RenderBR {BR} at (245,105) size 0x0
      RenderBlock (anonymous) at (0,926) size 769x0
        RenderInline {SPAN} at (0,0) size 0x0
          RenderInline {SPAN} at (0,0) size 0x0
            RenderInline {SPAN} at (0,0) size 0x0
              RenderInline {SPAN} at (0,0) size 0x0
              RenderText {#text} at (0,0) size 0x0
      RenderBlock (anonymous) at (0,932) size 769x3
        RenderBlock {HR} at (0,0) size 769x2 [border: (1px inset #000000)]
      RenderBlock (anonymous) at (0,941) size 769x51
        RenderInline {SPAN} at (0,0) size 196x48
          RenderInline {SPAN} at (0,0) size 0x0
            RenderInline {SPAN} at (0,0) size 0x0
            RenderText {#text} at (0,0) size 0x0
          RenderText {#text} at (0,0) size 0x0
          RenderInline {SPAN} at (0,0) size 97x17
            RenderText {#text} at (0,0) size 0x0
            RenderImage {IMG} at (0,0) size 20x20
            RenderText {#text} at (20,0) size 77x17
              text run at (20,0) width 4: " "
              text run at (24,0) width 73: "Remarks:"
            RenderBR {BR} at (97,14) size 0x0
          RenderText {#text} at (0,0) size 0x0
          RenderBR {BR} at (0,20) size 0x15
          RenderInline {SPAN} at (0,0) size 196x15
            RenderText {#text} at (0,35) size 196x15
              text run at (0,35) width 126: "SERVICE FEE MCO "
              text run at (126,35) width 70: "8103220490"
            RenderBR {BR} at (196,47) size 0x0
          RenderText {#text} at (0,0) size 0x0
      RenderBlock (anonymous) at (0,998) size 769x3
        RenderBlock {HR} at (0,0) size 769x2 [border: (1px inset #000000)]
      RenderBlock (anonymous) at (0,1006) size 769x22
        RenderInline {SPAN} at (0,0) size 186x15
          RenderInline {SPAN} at (0,0) size 186x17
            RenderText {#text} at (0,0) size 0x0
            RenderImage {IMG} at (0,0) size 66x21
            RenderText {#text} at (66,1) size 4x17
              text run at (66,1) width 4: " "
            RenderInline {B} at (0,0) size 112x17
              RenderText {#text} at (70,1) size 112x17
                text run at (70,1) width 112: "Web Bookings"
            RenderText {#text} at (182,1) size 4x17
              text run at (182,1) width 4: " "
            RenderInline {SPAN} at (0,0) size 0x17
              RenderBR {BR} at (186,15) size 0x0
              RenderInline {SPAN} at (0,0) size 0x0
            RenderText {#text} at (0,0) size 0x0
          RenderText {#text} at (0,0) size 0x0
      RenderBlock (anonymous) at (0,1034) size 769x3
        RenderBlock {HR} at (0,0) size 769x2 [border: (1px inset #000000)]
      RenderBlock (anonymous) at (0,1043) size 769x21
        RenderInline {SPAN} at (0,0) size 277x15
          RenderInline {SPAN} at (0,0) size 277x15
            RenderText {#text} at (0,0) size 0x0
            RenderInline {SPAN} at (0,0) size 277x17
              RenderText {#text} at (0,0) size 0x0
              RenderImage {IMG} at (0,0) size 20x20
              RenderText {#text} at (20,0) size 257x17
                text run at (20,0) width 4: " "
                text run at (24,0) width 253: "Remarks and Service Information"
              RenderBR {BR} at (277,14) size 0x0
            RenderText {#text} at (0,0) size 0x0
            RenderText {#text} at (0,0) size 0x0
      RenderBlock (anonymous) at (0,1069) size 769x32
        RenderBlock {HR} at (0,0) size 769x2 [border: (1px inset #000000)]
        RenderBlock {P} at (0,15) size 769x16
          RenderText {#text} at (0,0) size 204x15
            text run at (0,0) width 204: "This itinerary is subject to change. "
          RenderInline {A} at (0,0) size 163x15 [color=#0000EE]
            RenderText {#text} at (204,0) size 163x15
              text run at (204,0) width 163: "Click here for latest updates"
          RenderText {#text} at (0,0) size 0x0
      RenderBlock (anonymous) at (0,1113) size 769x0
        RenderInline {SPAN} at (0,0) size 0x0
          RenderInline {SPAN} at (0,0) size 0x0
          RenderText {#text} at (0,0) size 0x0
layer at (23,43) size 104x15
  RenderInline (relative positioned) {SPAN} at (0,0) size 104x15
    RenderText {#text} at (0,0) size 0x0
    RenderInline {SPAN} at (0,0) size 104x15
      RenderText {#text} at (0,0) size 0x0
      RenderImage {IMG} at (0,21) size 20x20
      RenderText {#text} at (20,29) size 4x15
        text run at (20,29) width 4: " "
      RenderInline {SPAN} at (0,0) size 80x15
        RenderText {#text} at (24,29) size 80x15
          text run at (24,29) width 80: "HAO, SCOTT"
        RenderBR {BR} at (104,41) size 0x0
        RenderText {#text} at (0,0) size 0x0
      RenderText {#text} at (0,0) size 0x0
    RenderText {#text} at (0,0) size 0x0
layer at (23,103) size 592x38
  RenderInline (relative positioned) {SPAN} at (0,0) size 592x38
    RenderText {#text} at (0,0) size 0x0
    RenderImage {IMG} at (0,21) size 20x20
    RenderText {#text} at (20,29) size 572x15
      text run at (20,29) width 4: " "
      text run at (24,29) width 56: "Address: "
      text run at (80,29) width 512: "ST. JUDE MEDICAL, 21700 OXNARD ST SUITE 800, WOODLAND HILLS CA Z/91367 "
    RenderBR {BR} at (592,41) size 0x0
    RenderImage {IMG} at (0,44) size 20x20
    RenderText {#text} at (20,52) size 409x15
      text run at (20,52) width 4: " "
      text run at (24,52) width 48: "Deliver: "
      text run at (72,52) width 104: "DEBI STANGEL, "
      text run at (176,52) width 117: "119 GLEN COURT, "
      text run at (293,52) width 136: "DANVILLE CA Z/94526"
layer at (23,185) size 20x15
  RenderInline (relative positioned) {SPAN} at (0,0) size 20x15
    RenderText {#text} at (0,0) size 0x0
    RenderImage {IMG} at (0,21) size 20x20
    RenderText {#text} at (0,0) size 0x0
layer at (23,226) size 769x60
  RenderBlock (anonymous) at (0,217) size 769x61
layer at (43,211) size 529x60
  RenderTable {TABLE} at (0,0) size 529x60 [border: (1px outset #808080)]
    RenderTableSection {TBODY} at (1,1) size 527x58
      RenderTableRow {TR} at (0,2) size 527x22 [bgcolor=#E0E0E0]
        RenderTableCell {TD} at (2,2) size 95x22 [border: (1px inset #808080)] [r=0 c=0 rs=1 cs=1]
          RenderText {#text} at (2,2) size 36x17
            text run at (2,2) width 36: "Type"
        RenderTableCell {TD} at (99,2) size 45x22 [border: (1px inset #808080)] [r=0 c=1 rs=1 cs=1]
          RenderText {#text} at (2,2) size 28x17
            text run at (2,2) width 28: "City"
        RenderTableCell {TD} at (146,2) size 379x22 [border: (1px inset #808080)] [r=0 c=2 rs=1 cs=1]
          RenderText {#text} at (2,2) size 47x17
            text run at (2,2) width 47: "Phone"
      RenderTableRow {TR} at (0,26) size 527x0
      RenderTableRow {TR} at (0,28) size 527x22
        RenderTableCell {TD} at (2,28) size 95x22 [border: (1px inset #808080)] [r=2 c=0 rs=1 cs=1]
          RenderText {#text} at (2,2) size 91x17
            text run at (2,2) width 91: "Travel Agent"
        RenderTableCell {TD} at (99,28) size 45x22 [border: (1px inset #808080)] [r=2 c=1 rs=1 cs=1]
          RenderText {#text} at (2,2) size 41x17
            text run at (2,2) width 41: "(LAX)"
        RenderTableCell {TD} at (146,28) size 379x22 [border: (1px inset #808080)] [r=2 c=2 rs=1 cs=1]
          RenderText {#text} at (2,2) size 375x17
            text run at (2,2) width 375: "RQ0/818 990-4053-PLAZA TRAVEL - 05838276-RC"
      RenderTableRow {TR} at (0,52) size 527x0
      RenderTableRow {TR} at (0,54) size 527x0
      RenderTableRow {TR} at (0,56) size 527x0
