layer at (0,0) size 800x600
  RenderView at (0,0) size 800x600
layer at (0,0) size 800x600
  RenderBlock {HTML} at (0,0) size 800x600
    RenderBody {BODY} at (8,8) size 784x584
      RenderBlock {P} at (0,0) size 784x60
        RenderText {#text} at (0,0) size 768x39
          text run at (0,0) width 768: "This test checks the renderer's ability to layer multiple cells in a table on top of one another. This test has three cells that"
          text run at (0,20) width 222: "span multiple table grid slots. The "
        RenderInline {SPAN} at (0,0) size 24x19 [color=#FF0000]
          RenderText {#text} at (221,20) size 24x19
            text run at (221,20) width 24: "red"
        RenderText {#text} at (244,20) size 383x19
          text run at (244,20) width 383: " cell starts at row 1 and column 4 and spans four rows. The "
        RenderInline {SPAN} at (0,0) size 30x19 [color=#0000FF]
          RenderText {#text} at (626,20) size 30x19
            text run at (626,20) width 30: "blue"
        RenderText {#text} at (655,20) size 781x39
          text run at (655,20) width 126: " cell starts at row 2,"
          text run at (0,40) width 284: "and column 1, and spans four columns. The "
        RenderInline {SPAN} at (0,0) size 39x19 [color=#008000]
          RenderText {#text} at (283,40) size 39x19
            text run at (283,40) width 39: "green"
        RenderText {#text} at (321,40) size 200x19
          text run at (321,40) width 200: " cell spans 4 columns of row 4."
      RenderBlock {P} at (0,76) size 784x40
        RenderText {#text} at (0,0) size 780x39
          text run at (0,0) width 780: "If the test succeeds then you should see no text inside the table. If you see the text 'FAIL' inside the table, then the test has"
          text run at (0,20) width 41: "failed."
      RenderTable {TABLE} at (0,132) size 188x108 [border: (1px outset #808080)]
        RenderTableSection {TBODY} at (1,1) size 186x106
          RenderTableRow {TR} at (0,2) size 186x24
            RenderTableCell {TD} at (2,2) size 44x24 [border: (1px inset #808080)] [r=0 c=0 rs=1 cs=1]
              RenderText {#text} at (2,2) size 16x19
                text run at (2,2) width 16: "    "
            RenderTableCell {TD} at (48,2) size 44x24 [border: (1px inset #808080)] [r=0 c=1 rs=1 cs=1]
              RenderText {#text} at (2,2) size 16x19
                text run at (2,2) width 16: "    "
            RenderTableCell {TD} at (94,2) size 44x24 [border: (1px inset #808080)] [r=0 c=2 rs=1 cs=1]
              RenderText {#text} at (2,2) size 16x19
                text run at (2,2) width 16: "    "
            RenderTableCell {TD} at (140,41) size 44x24 [bgcolor=#FF0000] [border: (1px inset #808080)] [r=0 c=3 rs=4 cs=1]
              RenderBlock {DIV} at (2,2) size 40x20
                RenderText {#text} at (0,0) size 40x19
                  text run at (0,0) width 40: "          "
          RenderTableRow {TR} at (0,28) size 186x24
            RenderTableCell {TD} at (2,28) size 182x24 [bgcolor=#0000FF] [border: (1px inset #808080)] [r=1 c=0 rs=1 cs=4]
              RenderBlock {DIV} at (2,2) size 178x20
                RenderText {#text} at (138,0) size 40x19
                  text run at (138,0) width 40: "          "
          RenderTableRow {TR} at (0,54) size 186x24
            RenderTableCell {TD} at (2,54) size 44x24 [border: (1px inset #808080)] [r=2 c=0 rs=1 cs=1]
              RenderText {#text} at (2,2) size 40x19
                text run at (2,2) width 40: "          "
            RenderTableCell {TD} at (48,54) size 44x24 [border: (1px inset #808080)] [r=2 c=1 rs=1 cs=1]
              RenderText {#text} at (2,2) size 40x19
                text run at (2,2) width 40: "          "
            RenderTableCell {TD} at (94,54) size 44x24 [border: (1px inset #808080)] [r=2 c=2 rs=1 cs=1]
              RenderText {#text} at (2,2) size 40x19
                text run at (2,2) width 40: "          "
          RenderTableRow {TR} at (0,80) size 186x24
            RenderTableCell {TD} at (2,80) size 182x24 [bgcolor=#008000] [border: (1px inset #808080)] [r=3 c=0 rs=1 cs=4]
              RenderBlock {DIV} at (2,2) size 178x20 [color=#008000]
                RenderText {#text} at (140,0) size 38x19
                  text run at (140,0) width 38: "FAIL "
