layer at (0,0) size 800x600
  RenderView at (0,0) size 800x600
layer at (0,0) size 800x600
  RenderBlock {HTML} at (0,0) size 800x600
    RenderBody {BODY} at (8,8) size 784x584
layer at (8,8) size 506x505
  RenderBlock {DIV} at (0,0) size 506x505 [border: (3px solid #000000)]
    RenderMultiColumnSet at (3,3) size 500x499
layer at (11,11) size 159x1521 backgroundClip at (0,0) size 800x600 clip at (0,0) size 800x600
  RenderMultiColumnFlowThread at (3,3) size 159x1521
    RenderBlock (anonymous) at (0,0) size 159x360
      RenderText {#text} at (0,5) size 159x350
        text run at (0,5) width 159: "Lorem ipsum dolor sit amet,"
        text run at (0,29) width 159: "consectetur adipiscing elit."
        text run at (0,53) width 159: "Nullam ornare, nunc eget"
        text run at (0,77) width 159: "condimentum tempor, augue"
        text run at (0,101) width 159: "ligula accumsan eros, sed"
        text run at (0,125) width 159: "consequat sapien orci id libero."
        text run at (0,149) width 159: "Curabitur tristique, augue in"
        text run at (0,173) width 159: "aliquet accumsan, nibh nisi"
        text run at (0,197) width 159: "lobortis odio, et suscipit est"
        text run at (0,221) width 159: "ligula eu nisi. Nunc aliquet"
        text run at (0,245) width 159: "lobortis porta. Donec venenatis"
        text run at (0,269) width 159: "consectetur eleifend. Etiam sed"
        text run at (0,293) width 159: "tempor quam. Pellentesque"
        text run at (0,317) width 159: "gravida gravida eros venenatis"
        text run at (0,341) width 40: "suscipit."
    RenderBlock (anonymous) at (0,803) size 159x718
      RenderText {#text} at (0,5) size 159x708
        text run at (0,5) width 159: "Nunc et odio ut velit posuere"
        text run at (0,29) width 159: "viverra. Integer eu mi quis velit"
        text run at (0,53) width 159: "dapibus tempus at ut purus."
        text run at (0,77) width 159: "Quisque congue mollis mauris a"
        text run at (0,101) width 159: "hendrerit. Nam viverra est at"
        text run at (0,125) width 159: "orci interdum a ullamcorper mi"
        text run at (0,149) width 159: "dictum. In id sapien augue."
        text run at (0,173) width 159: "Suspendisse potenti. Vestibulum"
        text run at (0,200) width 159: "turpis purus, convallis ut sagittis"
        text run at (0,224) width 159: "quis, semper vel mauris."
        text run at (0,248) width 159: "Curabitur vitae felis turpis."
        text run at (0,272) width 159: "Fusce augue nibh, consectetur"
        text run at (0,296) width 159: "non vestibulum et, bibendum sit"
        text run at (0,320) width 159: "amet lectus. Nulla at imperdiet"
        text run at (0,344) width 159: "metus. Donec non est velit, non"
        text run at (0,368) width 159: "fringilla ipsum. Fusce"
        text run at (0,392) width 159: "elementum neque a nibh egestas"
        text run at (0,416) width 159: "sodales. Mauris ut lorem"
        text run at (0,440) width 159: "hendrerit metus interdum"
        text run at (0,464) width 159: "malesuada. Nam tempus sodales"
        text run at (0,488) width 159: "neque vitae bibendum."
        text run at (0,512) width 159: "Vestibulum ac est sit amet dolor"
        text run at (0,536) width 159: "vehicula semper at sed ante."
        text run at (0,560) width 159: "Nunc at neque urna, in volutpat"
        text run at (0,584) width 159: "orci. Praesent eu velit neque,"
        text run at (0,608) width 159: "quis rutrum metus. Nunc eu"
        text run at (0,632) width 159: "ipsum sit amet ligula mattis"
        text run at (0,656) width 159: "porttitor sit amet id felis. Integer"
        text run at (0,699) width 157: "volutpat aliquam odio et feugiat."
layer at (11,510) size 159x304 backgroundClip at (11,510) size 159x90 clip at (13,512) size 155x88 scrollHeight 408
  RenderBlock {DIV} at (0,499) size 160x304 [border: (2px solid #000000)]
    RenderText {#text} at (2,7) size 156x398
      text run at (2,7) width 156: "Aenean diam enim, suscipit id"
      text run at (2,31) width 156: "pellentesque vel, hendrerit et"
      text run at (2,55) width 156: "metus. Suspendisse felis erat,"
      text run at (2,79) width 156: "hendrerit a congue in, euismod"
      text run at (2,103) width 156: "ac erat. Donec pulvinar"
      text run at (2,127) width 156: "venenatis tortor, a lobortis erat"
      text run at (2,151) width 156: "scelerisque et. Class aptent"
      text run at (2,175) width 156: "taciti sociosqu ad litora torquent"
      text run at (2,199) width 156: "per conubia nostra, per inceptos"
      text run at (2,223) width 156: "himenaeos. Aliquam in orci id"
      text run at (2,247) width 156: "felis mollis porta ac et orci."
      text run at (2,271) width 156: "Donec viverra, eros ac mattis"
      text run at (2,295) width 156: "dapibus, quam ante porta lectus,"
      text run at (2,319) width 156: "accumsan pellentesque nibh"
      text run at (2,343) width 156: "metus non felis. Vivamus sed"
      text run at (2,367) width 156: "eros quis magna scelerisque"
      text run at (2,391) width 100: "ultrices ac eget velit."
