layer at (0,0) size 800x600
  RenderView at (0,0) size 800x600
layer at (0,0) size 800x600
  RenderBlock {HTML} at (0,0) size 800x600
    RenderBody {BODY} at (8,8) size 784x584
      RenderBlock {P} at (0,0) size 784x18
        RenderText {#text} at (0,0) size 612x17
          text run at (0,0) width 432: "This tests caret movement through -webkit-user-select:none content. "
          text run at (431,0) width 181: "The caret should move over "
        RenderInline {B} at (0,0) size 25x17
          RenderText {#text} at (611,0) size 25x17
            text run at (611,0) width 25: "yyy"
        RenderText {#text} at (635,0) size 5x17
          text run at (635,0) width 5: "."
      RenderBlock {DIV} at (0,34) size 784x18
        RenderText {#text} at (0,0) size 8x17
          text run at (0,0) width 8: "x"
        RenderInline {SPAN} at (0,0) size 24x17
          RenderText {#text} at (8,0) size 24x17
            text run at (8,0) width 24: "yyy"
        RenderText {#text} at (32,0) size 8x17
          text run at (32,0) width 8: "x"
caret: position 0 of child 2 {#text} of child 2 {DIV} of body
