layer at (0,0) size 800x600
  RenderView at (0,0) size 800x600
layer at (0,0) size 800x600
  RenderBlock {HTML} at (0,0) size 800x600
    RenderBody {BODY} at (8,8) size 784x584
      RenderBlock {P} at (0,0) size 784x54
        RenderText {#text} at (0,0) size 782x35
          text run at (0,0) width 781: "We delay focus until mouse up if the mouse down occurs inside a focusable node that is inside an already focused node. But"
          text run at (0,18) width 533: "we shouldn't delay focus unless the mouse down occurs in an already focused node. "
          text run at (533,18) width 249: "The text field below should be focused."
        RenderInline {B} at (0,0) size 652x17
          RenderText {#text} at (0,36) size 652x17
            text run at (0,36) width 652: "To run manually, select everything from 'foo' though 'baz', then mouse down inside the text field."
      RenderBlock {DIV} at (0,70) size 784x64
        RenderBlock {DIV} at (0,0) size 784x18
          RenderText {#text} at (0,0) size 21x17
            text run at (0,0) width 21: "foo"
        RenderBlock (anonymous) at (0,18) size 784x28
          RenderTextControl {INPUT} at (2,2) size 192x24 [bgcolor=#FFFFFF] [border: (2px inset #000000)]
        RenderBlock {DIV} at (0,46) size 784x18
          RenderText {#text} at (0,0) size 22x17
            text run at (0,0) width 22: "baz"
layer at (13,101) size 186x18
  RenderBlock {DIV} at (3,3) size 186x18
caret: position 0 of child 0 {DIV} of {#document-fragment} of child 1 {INPUT} of child 2 {DIV} of body
