ALERT: 35
ALERT: 108.5
layer at (0,0) size 800x600
  RenderView at (0,0) size 800x600
layer at (0,0) size 800x600
  RenderBlock {HTML} at (0,0) size 800x600
    RenderBody {BODY} at (8,8) size 784x584
      RenderBlock {P} at (0,0) size 784x72
        RenderText {#text} at (0,0) size 779x71
          text run at (0,0) width 500: "This tests double clicking after the last character in the last cell of a block table. "
          text run at (500,0) width 278: "The paragraph break (the space between the"
          text run at (0,18) width 490: "last character and the first character in the next paragraph) should be selected. "
          text run at (490,18) width 289: "Selection painting problems might prevent the"
          text run at (0,36) width 389: "paragraph break from appearing as selected even though it is. "
          text run at (389,36) width 371: "To test manually, double click inside the table cell, after the"
          text run at (0,54) width 182: "last character, and hit delete. "
          text run at (181,54) width 278: "Afterward, the table should contain 'foobar'."
      RenderBlock {DIV} at (0,88) size 784x46
        RenderTable {TABLE} at (0,0) size 110x28 [border: (1px outset #808080)]
          RenderTableSection {TBODY} at (1,1) size 108x26
            RenderTableRow {TR} at (0,2) size 108x22
              RenderTableCell {TD} at (2,2) size 104x22 [border: (1px inset #808080)] [r=0 c=0 rs=1 cs=1]
                RenderInline {SPAN} at (0,0) size 21x17
                  RenderText {#text} at (2,2) size 21x17
                    text run at (2,2) width 21: "foo"
        RenderBlock {DIV} at (0,28) size 784x18
          RenderText {#text} at (0,0) size 20x17
            text run at (0,0) width 20: "bar"
selection start: position 3 of child 0 {#text} of child 0 {SPAN} of child 0 {TD} of child 0 {TR} of child 0 {TBODY} of child 1 {TABLE} of child 2 {DIV} of body
selection end:   position 0 of child 3 {DIV} of child 2 {DIV} of body
