layer at (0,0) size 800x600
  RenderView at (0,0) size 800x600
layer at (0,0) size 800x600
  RenderBlock {HTML} at (0,0) size 800x600
    RenderBody {BODY} at (8,8) size 784x584
      RenderBlock {P} at (0,0) size 784x18
        RenderText {#text} at (0,0) size 622x17
          text run at (0,0) width 622: "This tests caret painting after a table, you should see a caret after the table containing 'foo' above."
      RenderBlock {DIV} at (0,34) size 784x26
        RenderTable {TABLE} at (0,0) size 30x26 [border: (1px solid #AAAAAA)]
          RenderTableSection {TBODY} at (1,1) size 28x24
            RenderTableRow {TR} at (0,2) size 28x20
              RenderTableCell {TD} at (2,2) size 24x20 [r=0 c=0 rs=1 cs=1]
                RenderText {#text} at (1,1) size 22x17
                  text run at (1,1) width 22: "foo"
caret: position 1 of child 0 {TABLE} of child 2 {DIV} of body
