EDITING DELEGATE: shouldBeginEditingInDOMRange:range from 0 of DIV > BODY > HTML > #document to 3 of DIV > BODY > HTML > #document
EDITING DELEGATE: webViewDidBeginEditing:WebViewDidBeginEditingNotification
EDITING DELEGATE: webViewDidChangeSelection:WebViewDidChangeSelectionNotification
layer at (0,0) size 800x600
  RenderView at (0,0) size 800x600
layer at (0,0) size 800x600
  RenderBlock {HTML} at (0,0) size 800x600
    RenderBody {BODY} at (8,8) size 784x584
      RenderBlock {P} at (0,0) size 784x34
        RenderText {#text} at (0,0) size 774x34
          text run at (0,0) width 774: "This tests that the caret and the focus halo are not displayed when the WebView is not focused (using the pixel output from"
          text run at (0,17) width 124: "DumpRenderTree)."
      RenderBlock {DIV} at (0,50) size 784x17
        RenderText {#text} at (0,0) size 65x17
          text run at (0,0) width 65: "This is an "
        RenderInline {SPAN} at (0,0) size 49x17
          RenderText {#text} at (65,0) size 49x17
            text run at (65,0) width 49: "editable"
        RenderText {#text} at (114,0) size 404x17
          text run at (114,0) width 404: " region. No caret or focus ring should appear in the pixel results."
caret: position 11 of child 0 {#text} of child 3 {DIV} of body
