layer at (0,0) size 800x600
  RenderView at (0,0) size 800x600
layer at (0,0) size 800x600
  RenderBlock {HTML} at (0,0) size 800x600
    RenderBody {BODY} at (8,8) size 784x584
      RenderBlock {DIV} at (0,0) size 784x104 [border: (5px solid #FF0000)]
        RenderMenuList {SELECT} at (37,37) size 59x30 [bgcolor=#FFFFFF] [border: (1px solid #000000)]
          RenderBlock (anonymous) at (1,1) size 57x28
            RenderText at (5,5) size 31x17
              text run at (5,5) width 31: "One"
        RenderText {#text} at (96,43) size 27x17
          text run at (96,43) width 27: "blaa"
caret: position 0 of child 0 {SELECT} of child 0 {DIV} of body
