layer at (0,0) size 800x600
  RenderView at (0,0) size 800x600
layer at (0,0) size 800x600
  RenderBlock {HTML} at (0,0) size 800x600
    RenderBody {BODY} at (8,8) size 784x584
      RenderBlock {P} at (0,0) size 784x36
        RenderText {#text} at (0,0) size 52x17
          text run at (0,0) width 52: "Test for "
        RenderInline {I} at (0,0) size 743x35
          RenderInline {A} at (51,0) size 302x17 [color=#0000EE]
            RenderText {#text} at (51,0) size 302x17
              text run at (51,0) width 302: "http://bugs.webkit.org/show_bug.cgi?id=14347"
          RenderText {#text} at (0,0) size 743x35
            text run at (352,0) width 5: " "
            text run at (356,0) width 387: "REGRESSION (r21291): Initiating a drag near the edge of a"
            text run at (0,18) width 127: "selection deselects it"
        RenderText {#text} at (127,18) size 4x17
          text run at (127,18) width 4: "."
      RenderBlock {P} at (0,52) size 784x18
        RenderText {#text} at (0,0) size 326x17
          text run at (0,0) width 326: "Drag the selected letter W into the yellow rectangle."
      RenderBlock {DIV} at (0,86) size 784x83
        RenderText {#text} at (0,1) size 68x80
          text run at (0,1) width 68: "W"
      RenderBlock {DIV} at (0,169) size 784x83 [bgcolor=#FFFFCC]
selection start: position 0 of child 0 {#text} of child 4 {DIV} of body
selection end:   position 1 of child 0 {#text} of child 4 {DIV} of body
