EDITING DELEGATE: webViewDidChangeSelection:WebViewDidChangeSelectionNotification
layer at (0,0) size 800x600
  RenderView at (0,0) size 800x600
layer at (0,0) size 800x600
  RenderBlock {HTML} at (0,0) size 800x600
    RenderBody {BODY} at (8,8) size 784x584
      RenderTable {DIV} at (0,0) size 355x18
        RenderTableSection (anonymous) at (0,0) size 355x18
          RenderTableRow (anonymous) at (0,0) size 355x18
            RenderTableCell (anonymous) at (0,0) size 355x18 [r=0 c=0 rs=1 cs=1]
              RenderText {#text} at (0,0) size 355x17
                text run at (0,0) width 355: "Only the third word in this sentence should be selected."
selection start: position 9 of child 0 {#text} of child 1 {DIV} of body
selection end:   position 14 of child 0 {#text} of child 1 {DIV} of body
