EDITING DELEGATE: shouldBeginEditingInDOMRange:range from 0 of DIV > BODY > HTML > #document to 1 of DIV > BODY > HTML > #document
EDITING DELEGATE: webViewDidBeginEditing:WebViewDidBeginEditingNotification
EDITING DELEGATE: webViewDidChangeSelection:WebViewDidChangeSelectionNotification
layer at (0,0) size 800x600
  RenderView at (0,0) size 800x600
layer at (0,0) size 800x600
  RenderBlock {HTML} at (0,0) size 800x600
    RenderBody {BODY} at (8,8) size 784x584
      RenderBlock {DIV} at (0,0) size 784x46
        RenderTable {TABLE} at (0,0) size 784x46 [border: (1px solid #AAAAAA)]
          RenderTableSection {TBODY} at (1,1) size 782x44
            RenderTableRow {TR} at (0,2) size 782x40
              RenderTableCell {TD} at (2,2) size 778x40 [border: (1px solid #AAAAAA)] [r=0 c=0 rs=1 cs=1]
                RenderText {#text} at (2,2) size 773x35
                  text run at (2,2) width 769: "This tests for a Mail crasher that happened when a selection was created with one endpoint in non-editable content and the"
                  text run at (771,2) width 4: " "
                  text run at (2,20) width 155: "other in editable content."
caret: position 0 of child 0 {TABLE} of child 1 {DIV} of body
