EDITING DELEGATE: shouldBeginEditingInDOMRange:range from 0 of DIV > BODY > HTML > #document to 3 of DIV > BODY > HTML > #document
EDITING DELEGATE: webViewDidBeginEditing:WebViewDidBeginEditingNotification
EDITING DELEGATE: webViewDidChangeSelection:WebViewDidChangeSelectionNotification
EDITING DELEGATE: webViewDidChangeSelection:WebViewDidChangeSelectionNotification
EDITING DELEGATE: webViewDidChangeSelection:WebViewDidChangeSelectionNotification
EDITING DELEGATE: webViewDidChangeSelection:WebViewDidChangeSelectionNotification
EDITING DELEGATE: webViewDidChangeSelection:WebViewDidChangeSelectionNotification
EDITING DELEGATE: webViewDidChangeSelection:WebViewDidChangeSelectionNotification
EDITING DELEGATE: webViewDidChangeSelection:WebViewDidChangeSelectionNotification
EDITING DELEGATE: webViewDidChangeSelection:WebViewDidChangeSelectionNotification
EDITING DELEGATE: webViewDidChangeSelection:WebViewDidChangeSelectionNotification
EDITING DELEGATE: webViewDidChangeSelection:WebViewDidChangeSelectionNotification
layer at (0,0) size 800x600
  RenderView at (0,0) size 800x600
layer at (0,0) size 800x600
  RenderBlock {HTML} at (0,0) size 800x600
    RenderBody {BODY} at (8,8) size 784x584
      RenderBlock (anonymous) at (0,0) size 784x36
        RenderText {#text} at (0,0) size 369x17
          text run at (0,0) width 369: "The selection range in the red box should look like this:   "
        RenderInline {SPAN} at (0,0) size 103x17 [bgcolor=#AFDAFF]
          RenderText {#text} at (368,0) size 103x17
            text run at (368,0) width 27: "abc "
            text run at (419,0) width 9: "1"
            text run at (443,0) width 28 RTL: "\x{5D0}\x{5D1}\x{5D2} "
        RenderText {#text} at (394,0) size 101x17
          text run at (394,0) width 26 RTL: " \x{5D3}\x{5D4}\x{5D5}"
          text run at (427,0) width 17: "23"
          text run at (470,0) width 25: " def"
        RenderBR {BR} at (494,0) size 1x17
        RenderBR {BR} at (0,18) size 0x17
      RenderBlock {DIV} at (0,36) size 784x55 [border: (2px solid #FF0000)]
        RenderInline {SPAN} at (0,0) size 190x26
          RenderText {#text} at (14,14) size 190x26
            text run at (14,14) width 40: "abc "
            text run at (53,14) width 38 RTL: " \x{5D3}\x{5D4}\x{5D5}"
            text run at (90,14) width 37: "123"
            text run at (126,14) width 41 RTL: "\x{5D0}\x{5D1}\x{5D2} "
            text run at (166,14) width 38: " def"
        RenderText {#text} at (0,0) size 0x0
selection start: position 0 of child 0 {#text} of child 1 {SPAN} of child 6 {DIV} of body
selection end:   position 9 of child 0 {#text} of child 1 {SPAN} of child 6 {DIV} of body
