EDITING DELEGATE: shouldBeginEditingInDOMRange:range from 0 of DIV > BODY > HTML > #document to 3 of DIV > BODY > HTML > #document
EDITING DELEGATE: webViewDidBeginEditing:WebViewDidBeginEditingNotification
EDITING DELEGATE: webViewDidChangeSelection:WebViewDidChangeSelectionNotification
EDITING DELEGATE: webViewDidChangeSelection:WebViewDidChangeSelectionNotification
EDITING DELEGATE: webViewDidChangeSelection:WebViewDidChangeSelectionNotification
EDITING DELEGATE: webViewDidChangeSelection:WebViewDidChangeSelectionNotification
EDITING DELEGATE: webViewDidChangeSelection:WebViewDidChangeSelectionNotification
EDITING DELEGATE: webViewDidChangeSelection:WebViewDidChangeSelectionNotification
EDITING DELEGATE: webViewDidChangeSelection:WebViewDidChangeSelectionNotification
layer at (0,0) size 800x600
  RenderView at (0,0) size 800x600
layer at (0,0) size 800x600
  RenderBlock {HTML} at (0,0) size 800x600
    RenderBody {BODY} at (8,8) size 784x584
      RenderBlock {DIV} at (0,0) size 148x141 [border: (2px solid #FF0000)]
        RenderBlock {UL} at (14,14) size 120x113
          RenderListItem {LI} at (0,0) size 120x17
            RenderListMarker at (-14,3) size 5x11: bullet
            RenderText {#text} at (5,3) size 6x11
              text run at (5,3) width 6: "\x{B7} "
            RenderInline {A} at (0,0) size 49x11 [color=#0000EE]
              RenderText {#text} at (11,3) size 49x11
                text run at (11,3) width 49: "Appetizers"
          RenderListItem {LI} at (0,17) size 120x17
            RenderListMarker at (-14,3) size 5x11: bullet
            RenderText {#text} at (5,3) size 6x11
              text run at (5,3) width 6: "\x{B7} "
            RenderInline {A} at (0,0) size 75x11 [color=#0000EE]
              RenderText {#text} at (11,3) size 75x11
                text run at (11,3) width 75: "Soups & Salads"
          RenderListItem {LI} at (0,34) size 120x28
            RenderListMarker at (-14,3) size 5x11: bullet
            RenderText {#text} at (5,3) size 6x11
              text run at (5,3) width 6: "\x{B7} "
            RenderInline {A} at (0,0) size 69x22 [color=#0000EE]
              RenderText {#text} at (11,3) size 69x22
                text run at (11,3) width 69: "Sandwiches & "
                text run at (16,14) width 36: "Burgers"
          RenderListItem {LI} at (0,62) size 120x17
            RenderListMarker at (-14,3) size 5x11: bullet
            RenderText {#text} at (5,3) size 6x11
              text run at (5,3) width 6: "\x{B7} "
            RenderInline {A} at (0,0) size 60x11 [color=#0000EE]
              RenderText {#text} at (11,3) size 60x11
                text run at (11,3) width 60: "Steak & Ribs"
          RenderListItem {LI} at (0,79) size 120x17
            RenderListMarker at (-14,3) size 5x11: bullet
            RenderText {#text} at (5,3) size 6x11
              text run at (5,3) width 6: "\x{B7} "
            RenderInline {A} at (0,0) size 40x11 [color=#0000EE]
              RenderText {#text} at (11,3) size 40x11
                text run at (11,3) width 40: "Seafood"
          RenderListItem {LI} at (0,96) size 120x17
            RenderListMarker at (-14,3) size 5x11: bullet
            RenderText {#text} at (5,3) size 6x11
              text run at (5,3) width 6: "\x{B7} "
            RenderInline {A} at (0,0) size 38x11 [color=#0000EE]
              RenderText {#text} at (11,3) size 38x11
                text run at (11,3) width 38: "Combos"
selection start: position 0 of child 0 {#text} of child 1 {LI} of child 1 {UL} of child 1 {DIV} of body
selection end:   position 5 of child 0 {#text} of child 1 {A} of child 7 {LI} of child 1 {UL} of child 1 {DIV} of body
