EDITING DELEGATE: shouldBeginEditingInDOMRange:range from 0 of DIV > BODY > HTML > #document to 2 of DIV > BODY > HTML > #document
EDITING DELEGATE: webViewDidBeginEditing:WebViewDidBeginEditingNotification
EDITING DELEGATE: webViewDidChangeSelection:WebViewDidChangeSelectionNotification
EDITING DELEGATE: webViewDidChangeSelection:WebViewDidChangeSelectionNotification
EDITING DELEGATE: webViewDidChangeSelection:WebViewDidChangeSelectionNotification
EDITING DELEGATE: webViewDidChangeSelection:WebViewDidChangeSelectionNotification
EDITING DELEGATE: webViewDidChangeSelection:WebViewDidChangeSelectionNotification
layer at (0,0) size 800x600
  RenderView at (0,0) size 800x600
layer at (0,0) size 800x600
  RenderBlock {HTML} at (0,0) size 800x600
    RenderBody {BODY} at (8,8) size 784x584
      RenderBlock {DIV} at (0,0) size 784x82 [border: (2px solid #FF0000)]
        RenderBlock {FRIJOLE} at (14,14) size 756x54
          RenderBlock (anonymous) at (0,0) size 756x27
            RenderText {#text} at (0,0) size 132x26
              text run at (0,0) width 132: "one two three"
            RenderInline {FRIJOLE} at (0,0) size 0x26
              RenderText {#text} at (0,0) size 0x0
          RenderBlock (anonymous) at (0,27) size 756x27
            RenderBlock {DOODAD} at (0,0) size 756x27
              RenderText {#text} at (0,0) size 118x26
                text run at (0,0) width 118: "four five six"
          RenderBlock (anonymous) at (0,54) size 756x0
            RenderInline {FRIJOLE} at (0,0) size 0x0
selection start: position 0 of child 0 {#text} of child 1 {DOODAD} of child 1 {FRIJOLE} of child 1 {FRIJOLE} of child 1 {DIV} of body
selection end:   position 13 of child 0 {#text} of child 1 {DOODAD} of child 1 {FRIJOLE} of child 1 {FRIJOLE} of child 1 {DIV} of body
