layer at (0,0) size 800x600
  RenderView at (0,0) size 800x600
layer at (0,0) size 800x600
  RenderBlock {HTML} at (0,0) size 800x600
    RenderBody {BODY} at (8,8) size 784x576
      RenderBlock {P} at (0,0) size 784x36
        RenderText {#text} at (0,0) size 52x17
          text run at (0,0) width 52: "Test for "
        RenderInline {I} at (0,0) size 726x35
          RenderInline {A} at (0,0) size 301x17 [color=#0000EE]
            RenderText {#text} at (51,0) size 301x17
              text run at (51,0) width 301: "http://bugs.webkit.org/show_bug.cgi?id=14911"
          RenderText {#text} at (351,0) size 726x35
            text run at (351,0) width 5: " "
            text run at (355,0) width 371: "REGRESSION: Clicking in pasted text doesn't position the"
            text run at (0,18) width 151: "insertion point correctly"
        RenderText {#text} at (150,18) size 5x17
          text run at (150,18) width 5: "."
      RenderBlock {P} at (0,52) size 784x18
        RenderText {#text} at (0,0) size 557x17
          text run at (0,0) width 527: "You should be able to select individual letters in \x{201C}ipsum\x{201D} by dragging in the yellow "
          text run at (526,0) width 31: "area "
        RenderInline {EM} at (0,0) size 39x17
          RenderText {#text} at (556,0) size 39x17
            text run at (556,0) width 39: "above"
        RenderText {#text} at (594,0) size 40x17
          text run at (594,0) width 40: " them."
      RenderBlock (floating) {DIV} at (0,86) size 84x80 [bgcolor=#FFFFAA]
        RenderInline {SPAN} at (0,0) size 84x17 [bgcolor=#FFFFFF]
          RenderText {#text} at (0,31) size 46x17
            text run at (0,31) width 46: "Lorem "
          RenderText {#text} at (46,31) size 38x17
            text run at (46,31) width 38: "ipsum"
        RenderText {#text} at (0,0) size 0x0
selection start: position 2 of child 0 {#text} of child 1 {SPAN} of child 4 {DIV} of body
selection end:   position 5 of child 2 {#text} of child 1 {SPAN} of child 4 {DIV} of body
