EDITING DELEGATE: shouldBeginEditingInDOMRange:range from 0 of BODY > HTML > #document to 5 of BODY > HTML > #document
EDITING DELEGATE: webViewDidBeginEditing:WebViewDidBeginEditingNotification
EDITING DELEGATE: webViewDidChangeSelection:WebViewDidChangeSelectionNotification
EDITING DELEGATE: webViewDidChangeSelection:WebViewDidChangeSelectionNotification
EDITING DELEGATE: webViewDidChangeSelection:WebViewDidChangeSelectionNotification
layer at (0,0) size 800x600
  RenderView at (0,0) size 800x600
layer at (0,0) size 800x600
  RenderBlock {HTML} at (0,0) size 800x600
    RenderBody {BODY} at (8,8) size 784x584 [border: (2px solid #FF0000)]
      RenderBlock {DIV} at (14,14) size 756x54
        RenderText {#text} at (0,0) size 139x26
          text run at (0,0) width 139: "There is a tide"
        RenderBR {BR} at (138,0) size 1x26
        RenderText {#text} at (0,27) size 197x26
          text run at (0,27) width 197: "in the affairs of men"
      RenderBlock {DIV} at (14,68) size 756x27
        RenderText {#text} at (0,0) size 241x26
          text run at (0,0) width 241: "Which taken at the flood"
caret: position 0 of child 2 {#text} of child 1 {DIV} of body
