EDITING DELEGATE: shouldBeginEditingInDOMRange:range from 0 of BODY > HTML > #document to 12 of BODY > HTML > #document
EDITING DELEGATE: webViewDidBeginEditing:WebViewDidBeginEditingNotification
EDITING DELEGATE: webViewDidChangeSelection:WebViewDidChangeSelectionNotification
EDITING DELEGATE: shouldChangeSelectedDOMRange:range from 6 of BODY > HTML > #document to 6 of BODY > HTML > #document toDOMRange:range from 1 of BODY > HTML > #document to 6 of BODY > HTML > #document affinity:NSSelectionAffinityDownstream stillSelecting:FALSE
EDITING DELEGATE: webViewDidChangeSelection:WebViewDidChangeSelectionNotification
layer at (0,0) size 812x996
  RenderView at (0,0) size 785x585
layer at (0,0) size 785x996
  RenderBlock {HTML} at (0,0) size 785x996
    RenderBody {BODY} at (64,64) size 748x868 [border: (50px solid #FF0000)]
      RenderBlock (anonymous) at (74,74) size 600x720
        RenderBR {BR} at (0,11) size 0x26
        RenderBR {BR} at (0,59) size 0x26
        RenderText {#text} at (0,107) size 606x554
          text run at (0,107) width 556: "Four score and seven years ago our fathers brought forth, "
          text run at (0,155) width 581: "upon this continent, a new nation, conceived in Liberty, and "
          text run at (0,203) width 568: "dedicated to the proposition that all men are created equal. "
          text run at (0,251) width 595: "Now we are engaged in a great civil war, testing whether that "
          text run at (0,299) width 559: "nation, or any nation, so conceived, and so dedicated, can "
          text run at (0,347) width 560: "long endure. We are met here on a great battlefield of that "
          text run at (0,395) width 606: "war. We have come to dedicate a portion of it as a final resting "
          text run at (0,443) width 545: "place for those who here gave their lives that that nation "
          text run at (0,491) width 605: "might live. It is altogether fitting and proper that we should do "
          text run at (0,539) width 602: "this. Four score and seven years ago our fathers brought forth, "
          text run at (0,587) width 581: "upon this continent, a new nation, conceived in Liberty, and "
          text run at (0,635) width 568: "dedicated to the proposition that all men are created equal. "
        RenderBR {BR} at (567,635) size 1x26
        RenderBR {BR} at (0,683) size 0x26
      RenderBlock {DIV} at (74,794) size 600x0
selection start: position 0 of child 1 {BR} of body
selection end:   position 1 of child 5 {BR} of body
