EDITING DELEGATE: shouldBeginEditingInDOMRange:range from 0 of DIV > BODY > HTML > #document to 3 of DIV > BODY > HTML > #document
EDITING DELEGATE: webViewDidBeginEditing:WebViewDidBeginEditingNotification
EDITING DELEGATE: webViewDidChangeSelection:WebViewDidChangeSelectionNotification
EDITING DELEGATE: shouldChangeSelectedDOMRange:range from 0 of DIV > DIV > BODY > HTML > #document to 0 of DIV > DIV > BODY > HTML > #document toDOMRange:range from 1 of #text > DIV > DIV > BODY > HTML > #document to 737 of #text > DIV > DIV > BODY > HTML > #document affinity:NSSelectionAffinityDownstream stillSelecting:FALSE
EDITING DELEGATE: webViewDidChangeSelection:WebViewDidChangeSelectionNotification
layer at (0,0) size 820x852
  RenderView at (0,0) size 785x585
layer at (0,0) size 785x852
  RenderBlock {HTML} at (0,0) size 785x852
    RenderBody {BODY} at (8,64) size 769x724
      RenderBlock {DIV} at (64,0) size 748x724 [border: (50px solid #FF0000)]
        RenderBlock {DIV} at (74,74) size 600x576
          RenderText {#text} at (0,11) size 606x554
            text run at (0,11) width 556: "Four score and seven years ago our fathers brought forth, "
            text run at (0,59) width 581: "upon this continent, a new nation, conceived in Liberty, and "
            text run at (0,107) width 568: "dedicated to the proposition that all men are created equal. "
            text run at (0,155) width 595: "Now we are engaged in a great civil war, testing whether that "
            text run at (0,203) width 559: "nation, or any nation, so conceived, and so dedicated, can "
            text run at (0,251) width 560: "long endure. We are met here on a great battlefield of that "
            text run at (0,299) width 606: "war. We have come to dedicate a portion of it as a final resting "
            text run at (0,347) width 545: "place for those who here gave their lives that that nation "
            text run at (0,395) width 605: "might live. It is altogether fitting and proper that we should do "
            text run at (0,443) width 602: "this. Four score and seven years ago our fathers brought forth, "
            text run at (0,491) width 581: "upon this continent, a new nation, conceived in Liberty, and "
            text run at (0,539) width 562: "dedicated to the proposition that all men are created equal."
selection start: position 1 of child 0 {#text} of child 1 {DIV} of child 1 {DIV} of body
selection end:   position 737 of child 0 {#text} of child 1 {DIV} of child 1 {DIV} of body
