layer at (0,0) size 800x600
  RenderView at (0,0) size 800x600
layer at (0,0) size 800x600
  RenderBlock {HTML} at (0,0) size 800x600
    RenderBody {BODY} at (8,8) size 784x584
      RenderBlock {P} at (0,0) size 784x36
        RenderText {#text} at (0,0) size 776x35
          text run at (0,0) width 776: "This test ensures selection that crosses the shadow DOM boundary of a readonly input element cannot be made by a mouse"
          text run at (0,18) width 32: "drag."
      RenderBlock {P} at (0,52) size 784x36
        RenderText {#text} at (0,0) size 775x35
          text run at (0,0) width 775: "To manually test, select text by a mouse drag starting in \"hello\" and ending in \"world\". Selection should not extend into the"
          text run at (0,18) width 89: "input element."
      RenderBlock {DIV} at (0,104) size 784x28
        RenderInline {SPAN} at (0,0) size 31x17
          RenderText {#text} at (0,5) size 31x17
            text run at (0,5) width 31: "hello"
        RenderText {#text} at (31,5) size 4x17
          text run at (31,5) width 4: " "
        RenderTextControl {INPUT} at (35,2) size 60x24 [bgcolor=#FFFFFF] [border: (2px inset #000000)]
        RenderText {#text} at (0,0) size 0x0
layer at (46,117) size 53x18
  RenderBlock {DIV} at (3,3) size 54x18
    RenderText {#text} at (0,0) size 39x17
      text run at (0,0) width 39: "world"
selection start: position 2 of child 0 {#text} of child 1 {SPAN} of child 5 {DIV} of body
selection end:   position 1 of child 2 {#text} of child 5 {DIV} of body
