layer at (0,0) size 800x600
  RenderView at (0,0) size 800x600
layer at (0,0) size 800x160
  RenderBlock {HTML} at (0,0) size 800x160
    RenderBody {BODY} at (8,16) size 784x128
      RenderBlock {P} at (0,0) size 784x20
        RenderText {#text} at (0,0) size 344x19
          text run at (0,0) width 344: "The following three paragraphs should look identical:"
      RenderBlock {P} at (0,36) size 784x20
        RenderText {#text} at (0,0) size 153x19
          text run at (0,0) width 153: "This is a test paragraph."
      RenderBlock {P} at (0,72) size 784x20
        RenderInline (generated) at (0,0) size 33x19
          RenderText at (0,0) size 33x19
            text run at (0,0) width 33: "This "
        RenderText {#text} at (32,0) size 121x19
          text run at (32,0) width 121: "is a test paragraph."
      RenderBlock {P} at (0,108) size 784x20
        RenderInline (generated) at (0,0) size 33x19
          RenderText at (0,0) size 33x19
            text run at (0,0) width 33: "This "
        RenderText {#text} at (32,0) size 121x19
          text run at (32,0) width 121: "is a test paragraph."
