layer at (0,0) size 800x600
  RenderView at (0,0) size 800x600
layer at (0,0) size 800x52
  RenderBlock {HTML} at (0,0) size 800x52
    RenderBody {BODY} at (8,16) size 784x20
      RenderBlock {P} at (0,0) size 784x20
        RenderInline {A} at (0,0) size 197x19 [color=#008000]
          RenderText {#text} at (0,0) size 197x19
            text run at (0,0) width 197: "This sentence should be green."
        RenderText {#text} at (196,0) size 275x19
          text run at (196,0) width 275: " Check that it remains green if you click it."
