layer at (0,0) size 800x600
  RenderView at (0,0) size 800x600
layer at (0,0) size 800x88
  RenderBlock {HTML} at (0,0) size 800x88
    RenderBody {BODY} at (8,16) size 784x56
      RenderBlock {P} at (0,0) size 784x20
        RenderText {#text} at (0,0) size 242x19
          text run at (0,0) width 242: "This sentence should have no border. "
        RenderInline {SPAN} at (0,0) size 279x29 [border: (5px solid #00FF00)]
          RenderText {#text} at (246,0) size 269x19
            text run at (246,0) width 269: "This sentence should have a green border."
        RenderText {#text} at (0,0) size 0x0
      RenderBlock {P} at (0,36) size 784x20
        RenderInline {SPAN} at (0,0) size 380x35 [bgcolor=#FF0000]
          RenderInline {SPAN} at (0,0) size 380x35 [bgcolor=#00FF00]
            RenderText {#text} at (0,0) size 380x19
              text run at (0,0) width 380: "This sentence should be in a green bar, with no red present."
        RenderText {#text} at (0,0) size 0x0
