layer at (0,0) size 800x600
  RenderView at (0,0) size 800x600
layer at (0,0) size 800x160
  RenderBlock {HTML} at (0,0) size 800x160
    RenderBody {BODY} at (8,16) size 784x128 [color=#008000]
      RenderBlock {P} at (0,0) size 784x20
        RenderText {#text} at (0,0) size 197x19
          text run at (0,0) width 197: "This sentence should be green."
      RenderBlock {P} at (0,36) size 784x20 [color=#FFFFFF] [bgcolor=#008000]
        RenderText {#text} at (0,0) size 92x19
          text run at (0,0) width 92: "This sentence "
        RenderInline {SPAN} at (0,0) size 63x19
          RenderText {#text} at (91,0) size 63x19
            text run at (91,0) width 63: "should be"
        RenderText {#text} at (153,0) size 104x19
          text run at (153,0) width 104: " white on green."
      RenderBlock {P} at (0,72) size 784x20 [color=#FFFFFF]
        RenderInline {EM} at (0,0) size 34x19 [color=#008000]
          RenderText {#text} at (0,0) size 34x19
            text run at (0,0) width 34: "PASS"
        RenderText {#text} at (33,0) size 5x19
          text run at (33,0) width 5: " "
        RenderInline {STRONG} at (0,0) size 38x19
          RenderText {#text} at (37,0) size 38x19
            text run at (37,0) width 38: "FAIL"
        RenderText {#text} at (0,0) size 0x0
      RenderBlock {P} at (0,108) size 784x20
        RenderText {#text} at (0,0) size 41x19
          text run at (0,0) width 41: "PASS "
        RenderInline {DFN} at (0,0) size 33x19 [color=#FFFFFF]
          RenderText {#text} at (40,0) size 33x19
            text run at (40,0) width 33: "FAIL"
        RenderText {#text} at (0,0) size 0x0
