layer at (0,0) size 800x600
  RenderView at (0,0) size 800x600
layer at (0,0) size 800x326
  RenderBlock {HTML} at (0,0) size 800x326
    RenderBody {BODY} at (8,8) size 784x310
      RenderBlock {P} at (0,0) size 784x20
        RenderText {#text} at (0,0) size 419x19
          text run at (0,0) width 419: "The two diagrams below should be identical, with no red present."
      RenderTable {TABLE} at (0,20) size 218x290
        RenderTableSection {TBODY} at (0,0) size 218x290
          RenderTableRow {TR} at (0,2) size 218x286
            RenderTableCell {TD} at (2,2) size 106x286 [color=#FFA500] [bgcolor=#FFFF00] [border: (3px solid #000000)] [r=0 c=0 rs=1 cs=1]
              RenderBlock {P} at (3,3) size 100x10 [bgcolor=#008080]
                RenderText {#text} at (0,0) size 70x10
                  text run at (0,0) width 70: "xxxxxxx"
              RenderBlock {P} at (3,13) size 100x10 [bgcolor=#008080]
                RenderText {#text} at (0,0) size 40x10
                  text run at (0,0) width 40: "xxxx"
              RenderBlock {P} at (3,42) size 100x21 [bgcolor=#00FFFF]
                RenderText {#text} at (0,0) size 70x20
                  text run at (0,0) width 70: "xxxxxxx"
                  text run at (0,10) width 40: "xxxx"
              RenderBlock {P} at (3,82) size 100x21 [bgcolor=#0000FF]
                RenderText {#text} at (0,0) size 70x20
                  text run at (0,0) width 70: "xxxxxxx"
                  text run at (0,10) width 40: "xxxx"
              RenderBlock {P} at (3,122) size 100x21 [bgcolor=#00FFFF]
                RenderText {#text} at (0,0) size 70x20
                  text run at (0,0) width 70: "xxxxxxx"
                  text run at (0,10) width 40: "xxxx"
              RenderBlock {P} at (3,162) size 100x21 [bgcolor=#008080]
                RenderText {#text} at (0,0) size 70x20
                  text run at (0,0) width 70: "xxxxxxx"
                  text run at (0,10) width 40: "xxxx"
              RenderBlock {UL} at (3,202) size 100x61 [bgcolor=#0000FF]
                RenderListItem {LI} at (0,0) size 100x10
                  RenderText {#text} at (0,0) size 70x10
                    text run at (0,0) width 70: "xxxxxxx"
                RenderListItem {LI} at (0,10) size 100x10
                  RenderText {#text} at (0,0) size 40x10
                    text run at (0,0) width 40: "xxxx"
                RenderListItem {LI} at (0,40) size 100x10
                  RenderText {#text} at (0,0) size 70x10
                    text run at (0,0) width 70: "xxxxxxx"
                RenderListItem {LI} at (0,50) size 100x10
                  RenderText {#text} at (0,0) size 40x10
                    text run at (0,0) width 40: "xxxx"
              RenderBlock {P} at (3,262) size 100x11 [bgcolor=#008080]
                RenderText {#text} at (0,0) size 70x10
                  text run at (0,0) width 70: "xxxxxxx"
              RenderBlock {P} at (3,262) size 100x21 [bgcolor=#00FFFF]
                RenderText {#text} at (0,0) size 70x20
                  text run at (0,0) width 70: "xxxxxxx"
                  text run at (0,10) width 40: "xxxx"
            RenderTableCell {TD} at (110,2) size 106x286 [bgcolor=#FF0000] [border: (3px solid #000000)] [r=0 c=1 rs=1 cs=1]
              RenderBlock {DIV} at (3,3) size 100x20 [bgcolor=#008080]
                RenderBlock {DIV} at (0,0) size 70x10 [bgcolor=#FFA500]
                RenderBlock {DIV} at (0,10) size 40x10 [bgcolor=#FFA500]
              RenderBlock {DIV} at (3,23) size 100x20 [bgcolor=#FFFF00]
                RenderBlock {DIV} at (0,0) size 100x20
              RenderBlock {DIV} at (3,43) size 100x20 [bgcolor=#00FFFF]
                RenderBlock {DIV} at (0,0) size 70x10 [bgcolor=#FFA500]
                RenderBlock {DIV} at (0,10) size 40x10 [bgcolor=#FFA500]
              RenderBlock {DIV} at (3,63) size 100x20 [bgcolor=#FFFF00]
                RenderBlock {DIV} at (0,0) size 100x20
              RenderBlock {DIV} at (3,83) size 100x20 [bgcolor=#0000FF]
                RenderBlock {DIV} at (0,0) size 70x10 [bgcolor=#FFA500]
                RenderBlock {DIV} at (0,10) size 40x10 [bgcolor=#FFA500]
              RenderBlock {DIV} at (3,103) size 100x20 [bgcolor=#FFFF00]
                RenderBlock {DIV} at (0,0) size 100x20
              RenderBlock {DIV} at (3,123) size 100x20 [bgcolor=#00FFFF]
                RenderBlock {DIV} at (0,0) size 70x10 [bgcolor=#FFA500]
                RenderBlock {DIV} at (0,10) size 40x10 [bgcolor=#FFA500]
              RenderBlock {DIV} at (3,143) size 100x20 [bgcolor=#FFFF00]
                RenderBlock {DIV} at (0,0) size 100x20
              RenderBlock {DIV} at (3,163) size 100x20 [bgcolor=#008080]
                RenderBlock {DIV} at (0,0) size 70x10 [bgcolor=#FFA500]
                RenderBlock {DIV} at (0,10) size 40x10 [bgcolor=#FFA500]
              RenderBlock {DIV} at (3,183) size 100x20 [bgcolor=#FFFF00]
                RenderBlock {DIV} at (0,0) size 100x20
              RenderBlock {DIV} at (3,203) size 100x20 [bgcolor=#0000FF]
                RenderBlock {DIV} at (0,0) size 70x10 [bgcolor=#FFA500]
                RenderBlock {DIV} at (0,10) size 40x10 [bgcolor=#FFA500]
              RenderBlock {DIV} at (3,223) size 100x20 [bgcolor=#0000FF]
                RenderBlock {DIV} at (0,0) size 100x20
              RenderBlock {DIV} at (3,243) size 100x20 [bgcolor=#0000FF]
                RenderBlock {DIV} at (0,0) size 70x10 [bgcolor=#FFA500]
                RenderBlock {DIV} at (0,10) size 40x10 [bgcolor=#FFA500]
              RenderBlock {DIV} at (3,263) size 100x20 [bgcolor=#00FFFF]
                RenderBlock {DIV} at (0,0) size 70x10 [bgcolor=#FFA500]
                RenderBlock {DIV} at (0,10) size 40x10 [bgcolor=#FFA500]
