layer at (0,0) size 800x600
  RenderView at (0,0) size 800x600
layer at (0,0) size 800x328
  RenderBlock {HTML} at (0,0) size 800x328
    RenderBody {BODY} at (8,8) size 784x312
      RenderBlock {DIV} at (0,0) size 784x20
        RenderText {#text} at (0,0) size 348x19
          text run at (0,0) width 348: "The blue bits of text should be decorated as described."
      RenderBlock {P} at (0,36) size 784x240 [color=#C0C0C0]
        RenderText {#text} at (0,0) size 777x59
          text run at (0,0) width 486: "dummy text dummy text dummy text dummy text dummy text dummy text "
          text run at (485,0) width 292: "dummy text dummy text dummy text dummy"
          text run at (0,20) width 190: "text dummy text dummy text "
          text run at (189,20) width 487: "dummy text dummy text dummy text dummy text dummy text dummy text "
          text run at (675,20) width 77: "dummy text"
          text run at (0,40) width 405: "dummy text dummy text dummy text dummy text dummy text "
        RenderInline {SPAN} at (0,0) size 266x39 [color=#0000FF] [border: (10px double #0000FF)]
          RenderText {#text} at (414,40) size 246x19
            text run at (414,40) width 246: "two blue lines all around this blue text"
        RenderText {#text} at (669,40) size 777x119
          text run at (669,40) width 5: " "
          text run at (673,40) width 78: "dummy text"
          text run at (0,60) width 405: "dummy text dummy text dummy text dummy text dummy text "
          text run at (404,60) width 373: "dummy text dummy text dummy text dummy text dummy"
          text run at (0,80) width 109: "text dummy text "
          text run at (108,80) width 487: "dummy text dummy text dummy text dummy text dummy text dummy text "
          text run at (594,80) width 158: "dummy text dummy text"
          text run at (0,100) width 324: "dummy text dummy text dummy text dummy text "
          text run at (323,100) width 454: "dummy text dummy text dummy text dummy text dummy text dummy"
          text run at (0,120) width 28: "text "
          text run at (27,120) width 487: "dummy text dummy text dummy text dummy text dummy text dummy text "
          text run at (513,120) width 239: "dummy text dummy text dummy text"
          text run at (0,140) width 81: "dummy text "
        RenderInline {SPAN} at (0,0) size 241x21 [color=#0000FF] [border: (1px solid #0000FF)]
          RenderText {#text} at (81,140) size 239x19
            text run at (81,140) width 28: "one "
            text run at (108,140) width 212: "blue line all around this blue text"
        RenderText {#text} at (320,140) size 778x99
          text run at (320,140) width 167: " dummy text dummy text "
          text run at (486,140) width 292: "dummy text dummy text dummy text dummy"
          text run at (0,160) width 190: "text dummy text dummy text "
          text run at (189,160) width 487: "dummy text dummy text dummy text dummy text dummy text dummy text "
          text run at (675,160) width 77: "dummy text"
          text run at (0,180) width 405: "dummy text dummy text dummy text dummy text dummy text "
          text run at (404,180) width 373: "dummy text dummy text dummy text dummy text dummy"
          text run at (0,200) width 109: "text dummy text "
          text run at (108,200) width 487: "dummy text dummy text dummy text dummy text dummy text dummy text "
          text run at (594,200) width 158: "dummy text dummy text"
          text run at (0,220) width 324: "dummy text dummy text dummy text dummy text "
          text run at (323,220) width 78: "dummy text"
      RenderBlock {DIV} at (0,292) size 784x20
        RenderText {#text} at (0,0) size 425x19
          text run at (0,0) width 425: "(All the lines of text in the block above should be equally spaced.)"
