layer at (0,0) size 800x600
  RenderView at (0,0) size 800x600
layer at (0,0) size 800x252
  RenderBlock {HTML} at (0,0) size 800x252
    RenderBody {BODY} at (8,16) size 784x220 [color=#0000FF]
      RenderBlock {P} at (0,0) size 784x38
        RenderText {#text} at (0,15) size 498x19
          text run at (0,15) width 498: "There should be a solid blue line to the right of every occurance of the word \""
        RenderInline {SPAN} at (0,0) size 143x36 [border: none (2px solid #0000FF) none]
          RenderText {#text} at (497,1) size 141x36
            text run at (497,1) width 141: "THERE \x{2799}"
        RenderText {#text} at (639,15) size 12x19
          text run at (639,15) width 12: "\"."
      RenderTable {TABLE} at (0,54) size 304x130
        RenderTableSection {TBODY} at (0,0) size 304x130
          RenderTableRow {TR} at (0,2) size 304x40
            RenderTableCell {TD} at (2,2) size 300x40 [border: none (2px solid #0000FF) none] [r=0 c=0 rs=1 cs=2]
              RenderText {#text} at (155,2) size 142x36
                text run at (155,2) width 142: "THERE \x{2799}"
          RenderTableRow {TR} at (0,44) size 304x84
            RenderTableCell {TD} at (2,66) size 145x40 [border: none (2px solid #0000FF) none] [r=1 c=0 rs=1 cs=1]
              RenderText {#text} at (1,2) size 141x36
                text run at (1,2) width 141: "THERE \x{2799}"
            RenderTableCell {TD} at (148,44) size 154x84 [border: none (2px solid #0000FF) none] [r=1 c=1 rs=1 cs=1]
              RenderBlock (anonymous) at (1,1) size 149x38
                RenderText {#text} at (13,1) size 136x36
                  text run at (13,1) width 136: "THERE \x{2798}"
              RenderTable {TABLE} at (1,39) size 149x44
                RenderTableSection {TBODY} at (0,0) size 149x44
                  RenderTableRow {TR} at (0,2) size 149x40
                    RenderTableCell {TD} at (2,2) size 145x40 [border: none (2px solid #0000FF) none] [r=0 c=0 rs=1 cs=1]
                      RenderText {#text} at (1,2) size 141x36
                        text run at (1,2) width 141: "THERE \x{2799}"
      RenderBlock {P} at (0,200) size 784x20
        RenderText {#text} at (0,0) size 344x19
          text run at (0,0) width 344: "There should be 3 short lines and 2 long lines in total."
