layer at (0,0) size 800x600
  RenderView at (0,0) size 800x600
layer at (0,0) size 800x368
  RenderBlock {HTML} at (0,0) size 800x368
    RenderBody {BODY} at (8,16) size 784x336 [color=#0000FF]
      RenderBlock {P} at (0,0) size 784x20
        RenderText {#text} at (0,0) size 763x19
          text run at (0,0) width 371: "There should be a solid line to the right of the text below, "
          text run at (370,0) width 393: "having three segments each of a different colour as indicated."
      RenderBlock {UL} at (0,36) size 588x300
        RenderListItem {LI} at (40,0) size 548x80 [border: none (3px solid #FFA500) none]
          RenderBlock (anonymous) at (0,0) size 545x20
            RenderListMarker at (-18,0) size 7x19: bullet
            RenderText {#text} at (0,0) size 107x19
              text run at (0,0) width 107: "Orange orange..."
          RenderBlock {UL} at (0,20) size 409x60
            RenderListItem {LI} at (40,0) size 369x20
              RenderListMarker at (-18,0) size 7x19: white bullet
              RenderText {#text} at (0,0) size 116x19
                text run at (0,0) width 116: "...orange orange..."
            RenderListItem {LI} at (40,20) size 369x20
              RenderListMarker at (-18,0) size 7x19: white bullet
              RenderText {#text} at (0,0) size 116x19
                text run at (0,0) width 116: "...orange orange..."
            RenderListItem {LI} at (40,40) size 369x20
              RenderListMarker at (-18,0) size 7x19: white bullet
              RenderText {#text} at (0,0) size 108x19
                text run at (0,0) width 108: "...orange orange."
        RenderListItem {LI} at (40,80) size 548x20 [border: none (3px solid #00FF00) none]
          RenderListMarker at (-18,0) size 7x19: bullet
          RenderText {#text} at (0,0) size 38x19
            text run at (0,0) width 38: "Lime."
        RenderListItem {LI} at (40,100) size 548x200 [border: none (3px solid #FFFF00) none]
          RenderListMarker at (-18,0) size 7x19: bullet
          RenderText {#text} at (0,0) size 521x199
            text run at (0,0) width 335: "Yellow yellow yellow yellow yellow yellow yellow "
            text run at (334,0) width 187: "yellow yellow yellow yellow"
            text run at (0,20) width 238: "yellow yellow yellow yellow yellow "
            text run at (237,20) width 283: "yellow yellow yellow yellow yellow yellow"
            text run at (0,40) width 143: "yellow yellow yellow "
            text run at (142,40) width 378: "yellow yellow yellow yellow yellow yellow yellow yellow"
            text run at (0,60) width 48: "yellow "
            text run at (47,60) width 429: "yellow yellow yellow yellow yellow yellow yellow yellow yellow "
            text run at (475,60) width 45: "yellow"
            text run at (0,80) width 381: "yellow yellow yellow yellow yellow yellow yellow yellow "
            text run at (380,80) width 140: "yellow yellow yellow"
            text run at (0,100) width 286: "yellow yellow yellow yellow yellow yellow "
            text run at (285,100) width 235: "yellow yellow yellow yellow yellow"
            text run at (0,120) width 191: "yellow yellow yellow yellow "
            text run at (190,120) width 330: "yellow yellow yellow yellow yellow yellow yellow"
            text run at (0,140) width 96: "yellow yellow "
            text run at (95,140) width 425: "yellow yellow yellow yellow yellow yellow yellow yellow yellow"
            text run at (0,160) width 428: "yellow yellow yellow yellow yellow yellow yellow yellow yellow "
            text run at (427,160) width 93: "yellow yellow"
            text run at (0,180) width 285: "yellow yellow yellow yellow yellow yellow."
