layer at (0,0) size 800x600
  RenderView at (0,0) size 800x600
layer at (0,0) size 800x88
  RenderBlock {HTML} at (0,0) size 800x88
    RenderBody {BODY} at (8,16) size 784x56
      RenderBlock {P} at (0,0) size 784x20
        RenderInline {SPAN} at (0,0) size 282x23 [border: (3px solid #000000) (1px solid #000000) (3px solid #000000)]
          RenderText {#text} at (3,0) size 276x19
            text run at (3,0) width 276: "This box should have a thin bottom border."
        RenderText {#text} at (0,0) size 0x0
      RenderBlock {P} at (0,36) size 784x20
        RenderText {#text} at (0,0) size 231x19
          text run at (0,0) width 231: "There should be no red on this line. "
        RenderInline {SPAN} at (0,0) size 13x19 [color=#FF0000]
          RenderText {#text} at (230,0) size 13x19
            text run at (230,0) width 13: "   "
        RenderText {#text} at (0,0) size 0x0
