layer at (0,0) size 800x600
  RenderView at (0,0) size 800x600
layer at (0,0) size 800x308
  RenderBlock {HTML} at (0,0) size 800x308
    RenderBody {BODY} at (8,16) size 784x276 [color=#0000FF]
      RenderBlock {P} at (0,0) size 784x20
        RenderText {#text} at (0,0) size 754x19
          text run at (0,0) width 362: "There should be a solid line to the left of the text below, "
          text run at (361,0) width 393: "having three segments each of a different colour as indicated."
      RenderBlock {UL} at (0,36) size 784x240
        RenderListItem {LI} at (40,0) size 744x80 [border: none (3px solid #FFA500)]
          RenderBlock (anonymous) at (3,0) size 741x20
            RenderListMarker at (-21,0) size 7x19: bullet
            RenderText {#text} at (0,0) size 107x19
              text run at (0,0) width 107: "Orange orange..."
          RenderBlock {UL} at (3,20) size 741x60
            RenderListItem {LI} at (40,0) size 701x20
              RenderListMarker at (-18,0) size 7x19: white bullet
              RenderText {#text} at (0,0) size 116x19
                text run at (0,0) width 116: "...orange orange..."
            RenderListItem {LI} at (40,20) size 701x20
              RenderListMarker at (-18,0) size 7x19: white bullet
              RenderText {#text} at (0,0) size 116x19
                text run at (0,0) width 116: "...orange orange..."
            RenderListItem {LI} at (40,40) size 701x20
              RenderListMarker at (-18,0) size 7x19: white bullet
              RenderText {#text} at (0,0) size 108x19
                text run at (0,0) width 108: "...orange orange."
        RenderListItem {LI} at (40,80) size 744x20 [border: none (3px solid #00FF00)]
          RenderListMarker at (-18,0) size 7x19: bullet
          RenderText {#text} at (3,0) size 38x19
            text run at (3,0) width 38: "Lime."
        RenderListItem {LI} at (40,100) size 744x140 [border: none (3px solid #FFFF00)]
          RenderListMarker at (-18,0) size 7x19: bullet
          RenderText {#text} at (3,0) size 713x139
            text run at (3,0) width 335: "Yellow yellow yellow yellow yellow yellow yellow "
            text run at (337,0) width 378: "yellow yellow yellow yellow yellow yellow yellow yellow"
            text run at (3,20) width 48: "yellow "
            text run at (50,20) width 429: "yellow yellow yellow yellow yellow yellow yellow yellow yellow "
            text run at (478,20) width 235: "yellow yellow yellow yellow yellow"
            text run at (3,40) width 191: "yellow yellow yellow yellow "
            text run at (193,40) width 429: "yellow yellow yellow yellow yellow yellow yellow yellow yellow "
            text run at (621,40) width 92: "yellow yellow"
            text run at (3,60) width 333: "yellow yellow yellow yellow yellow yellow yellow "
            text run at (335,60) width 378: "yellow yellow yellow yellow yellow yellow yellow yellow"
            text run at (3,80) width 48: "yellow "
            text run at (50,80) width 429: "yellow yellow yellow yellow yellow yellow yellow yellow yellow "
            text run at (478,80) width 235: "yellow yellow yellow yellow yellow"
            text run at (3,100) width 191: "yellow yellow yellow yellow "
            text run at (193,100) width 429: "yellow yellow yellow yellow yellow yellow yellow yellow yellow "
            text run at (621,100) width 92: "yellow yellow"
            text run at (3,120) width 333: "yellow yellow yellow yellow yellow yellow yellow "
            text run at (335,120) width 381: "yellow yellow yellow yellow yellow yellow yellow yellow."
