layer at (0,0) size 800x897
  RenderView at (0,0) size 800x600
layer at (0,0) size 800x897
  RenderBlock {HTML} at (0,0) size 800x897
    RenderBody {BODY} at (8,16) size 784x873
      RenderBlock {P} at (0,0) size 784x20
        RenderText {#text} at (0,0) size 284x19
          text run at (0,0) width 284: "The two columns below should be identical."
      RenderTable {TABLE} at (0,36) size 178x837
        RenderTableSection {TBODY} at (0,0) size 178x837
          RenderTableRow {TR} at (0,2) size 178x833
            RenderTableCell {TD} at (2,2) size 86x833 [bgcolor=#008080] [border: (3px solid #000000)] [r=0 c=0 rs=1 cs=1]
              RenderBlock {P} at (3,3) size 80x20 [bgcolor=#FFFF00]
                RenderText {#text} at (0,0) size 6x19
                  text run at (0,0) width 6: "-"
              RenderBlock {P} at (3,98) size 80x21 [bgcolor=#FF00FF]
                RenderText {#text} at (0,0) size 6x19
                  text run at (0,0) width 6: "-"
              RenderBlock {P} at (3,118) size 80x21 [bgcolor=#FFFF00]
                RenderText {#text} at (0,0) size 6x19
                  text run at (0,0) width 6: "-"
              RenderBlock {P} at (3,214) size 80x21 [bgcolor=#00FF00]
                RenderText {#text} at (0,0) size 6x19
                  text run at (0,0) width 6: "-"
              RenderBlock {P} at (3,234) size 80x21 [bgcolor=#FFFF00]
                RenderText {#text} at (0,0) size 6x19
                  text run at (0,0) width 6: "-"
              RenderBlock {P} at (3,291) size 80x21 [bgcolor=#FFFFFF]
                RenderText {#text} at (0,0) size 6x19
                  text run at (0,0) width 6: "-"
              RenderBlock {DIV} at (3,349) size 80x97 [bgcolor=#00FFFF]
                RenderBlock {P} at (0,75) size 80x21 [bgcolor=#FFA500]
                  RenderText {#text} at (0,0) size 6x19
                    text run at (0,0) width 6: "-"
              RenderBlock {P} at (3,483) size 80x21 [bgcolor=#FFFF00]
                RenderText {#text} at (0,0) size 6x19
                  text run at (0,0) width 6: "-"
              RenderBlock {P} at (3,503) size 80x96 [bgcolor=#FF00FF]
                RenderText {#text} at (0,0) size 6x19
                  text run at (0,0) width 6: "-"
              RenderBlock {P} at (3,560) size 80x59 [bgcolor=#00FF00]
                RenderText {#text} at (0,37) size 6x20
                  text run at (0,37) width 6: "-"
              RenderBlock (floating) {P} at (3,694) size 40x21 [bgcolor=#FFFFFF]
                RenderText {#text} at (0,0) size 6x19
                  text run at (0,0) width 6: "-"
              RenderBlock {P} at (3,656) size 80x21 [bgcolor=#00FFFF]
                RenderText {#text} at (40,0) size 6x19
                  text run at (40,0) width 6: "-"
              RenderBlock {P} at (3,714) size 80x58 [bgcolor=#FFA500]
                RenderText {#text} at (0,0) size 6x19
                  text run at (0,0) width 6: "-"
              RenderBlock {P} at (3,772) size 80x58 [bgcolor=#FFFF00]
                RenderText {#text} at (0,37) size 6x20
                  text run at (0,37) width 6: "-"
            RenderTableCell {TD} at (90,2) size 86x833 [border: (3px solid #000000)] [r=0 c=1 rs=1 cs=1]
              RenderBlock {DIV} at (3,3) size 80x20 [bgcolor=#FFFF00]
                RenderText {#text} at (0,0) size 6x19
                  text run at (0,0) width 6: "-"
              RenderBlock {DIV} at (3,23) size 80x76 [bgcolor=#008080]
              RenderBlock {DIV} at (3,98) size 80x21 [bgcolor=#FF00FF]
                RenderText {#text} at (0,0) size 6x19
                  text run at (0,0) width 6: "-"
              RenderBlock {DIV} at (3,118) size 80x21 [bgcolor=#FFFF00]
                RenderText {#text} at (0,0) size 6x19
                  text run at (0,0) width 6: "-"
              RenderBlock {DIV} at (3,138) size 80x77 [bgcolor=#008080]
              RenderBlock {DIV} at (3,214) size 80x21 [bgcolor=#00FF00]
                RenderText {#text} at (0,0) size 6x19
                  text run at (0,0) width 6: "-"
              RenderBlock {DIV} at (3,234) size 80x21 [bgcolor=#FFFF00]
                RenderText {#text} at (0,0) size 6x19
                  text run at (0,0) width 6: "-"
              RenderBlock {DIV} at (3,254) size 80x38 [bgcolor=#008080]
              RenderBlock {DIV} at (3,291) size 80x21 [bgcolor=#FFFFFF]
                RenderText {#text} at (0,0) size 6x19
                  text run at (0,0) width 6: "-"
              RenderBlock {DIV} at (3,311) size 80x39 [bgcolor=#008080]
              RenderBlock {DIV} at (3,349) size 80x77 [bgcolor=#00FFFF]
              RenderBlock {DIV} at (3,425) size 80x21 [bgcolor=#FFA500]
                RenderText {#text} at (0,0) size 6x19
                  text run at (0,0) width 6: "-"
              RenderBlock {DIV} at (3,445) size 80x39 [bgcolor=#008080]
              RenderBlock {DIV} at (3,483) size 80x21 [bgcolor=#FFFF00]
                RenderText {#text} at (0,0) size 6x19
                  text run at (0,0) width 6: "-"
              RenderBlock {DIV} at (3,503) size 80x21 [bgcolor=#FF00FF]
                RenderText {#text} at (0,0) size 6x19
                  text run at (0,0) width 6: "-"
              RenderBlock {DIV} at (3,523) size 80x38 [bgcolor=#FF00FF]
              RenderBlock {DIV} at (3,560) size 80x39 [bgcolor=#00FF00]
              RenderBlock {DIV} at (3,598) size 80x21 [bgcolor=#00FF00]
                RenderText {#text} at (0,0) size 6x19
                  text run at (0,0) width 6: "-"
              RenderBlock {DIV} at (3,618) size 80x39 [bgcolor=#008080]
              RenderBlock {DIV} at (3,656) size 80x21 [bgcolor=#00FFFF]
                RenderBlock {DIV} at (40,0) size 40x20
                  RenderText {#text} at (0,0) size 6x19
                    text run at (0,0) width 6: "-"
              RenderBlock {DIV} at (3,714) size 80x21 [bgcolor=#FFA500]
                RenderText {#text} at (0,0) size 6x19
                  text run at (0,0) width 6: "-"
              RenderBlock {DIV} at (3,734) size 80x38 [bgcolor=#FFA500]
              RenderBlock {DIV} at (3,771) size 80x39 [bgcolor=#FFFF00]
              RenderBlock {DIV} at (3,809) size 80x21 [bgcolor=#FFFF00]
                RenderText {#text} at (0,0) size 6x19
                  text run at (0,0) width 6: "-"
layer at (101,730) size 80x38
  RenderBlock (relative positioned) {DIV} at (3,676) size 80x39 [bgcolor=#008080]
layer at (101,748) size 40x20
  RenderBlock (positioned) {DIV} at (0,17) size 40x21 [bgcolor=#FFFFFF]
    RenderText {#text} at (0,0) size 6x19
      text run at (0,0) width 6: "-"
