layer at (0,0) size 800x600
  RenderView at (0,0) size 800x600
layer at (0,0) size 800x92
  RenderBlock {HTML} at (0,0) size 800x92
    RenderBody {BODY} at (8,16) size 784x60
      RenderBlock {P} at (0,0) size 176x60 [bgcolor=#FFFFFF] [border: none (16px solid #008000)]
        RenderText {#text} at (16,0) size 154x59
          text run at (16,0) width 154: "There should be a green"
          text run at (16,20) width 146: "block to the left of this"
          text run at (16,40) width 28: "text."
