layer at (0,0) size 800x600
  RenderView at (0,0) size 800x600
layer at (0,0) size 800x358
  RenderBlock {HTML} at (0,0) size 800x358
    RenderBody {BODY} at (8,8) size 784x342
      RenderBlock {DIV} at (0,0) size 784x20
        RenderText {#text} at (0,0) size 348x19
          text run at (0,0) width 348: "The blue bits of text should be decorated as described."
      RenderBlock {P} at (0,36) size 784x270 [color=#C0C0C0]
        RenderText {#text} at (0,0) size 777x63
          text run at (0,0) width 486: "dummy text dummy text dummy text dummy text dummy text dummy text "
          text run at (485,0) width 292: "dummy text dummy text dummy text dummy"
          text run at (0,20) width 190: "text dummy text dummy text "
          text run at (189,20) width 487: "dummy text dummy text dummy text dummy text dummy text dummy text "
          text run at (675,20) width 77: "dummy text"
          text run at (0,44) width 405: "dummy text dummy text dummy text dummy text dummy text "
        RenderInline {SPAN} at (0,44) size 777x60 [color=#0000FF] [border: none (10px double #0000FF)]
          RenderText {#text} at (414,44) size 180x19
            text run at (414,44) width 180: "\x{21E6} two blue lines to the left "
          RenderInline {SPAN} at (0,44) size 777x60 [color=#C0C0C0]
            RenderText {#text} at (0,44) size 777x60
              text run at (593,44) width 54: "dummy "
              text run at (646,44) width 106: "text dummy text"
              text run at (0,65) width 377: "dummy text dummy text dummy text dummy text dummy "
              text run at (376,65) width 401: "text dummy text dummy text dummy text dummy text dummy"
              text run at (0,85) width 24: "text"
          RenderText {#text} at (23,85) size 5x19
            text run at (23,85) width 5: " "
        RenderText {#text} at (0,85) size 777x103
          text run at (27,85) width 406: "dummy text dummy text dummy text dummy text dummy text "
          text run at (432,85) width 320: "dummy text dummy text dummy text dummy text"
          text run at (0,105) width 162: "dummy text dummy text "
          text run at (161,105) width 487: "dummy text dummy text dummy text dummy text dummy text dummy text "
          text run at (647,105) width 130: "dummy text dummy"
          text run at (0,125) width 352: "text dummy text dummy text dummy text dummy text "
          text run at (351,125) width 401: "dummy text dummy text dummy text dummy text dummy text"
          text run at (0,145) width 81: "dummy text "
          text run at (80,145) width 487: "dummy text dummy text dummy text dummy text dummy text dummy text "
          text run at (566,145) width 211: "dummy text dummy text dummy"
          text run at (0,169) width 190: "text dummy text dummy text "
        RenderInline {SPAN} at (189,169) size 203x19 [color=#0000FF] [border: none (1px solid #0000FF)]
          RenderText {#text} at (190,169) size 202x19
            text run at (190,169) width 202: "\x{21E6} one thin blue line to the left "
        RenderText {#text} at (0,169) size 777x100
          text run at (391,169) width 54: "dummy "
          text run at (444,169) width 321: "text dummy text dummy text dummy text dummy"
          text run at (0,190) width 162: "text dummy text dummy "
          text run at (161,190) width 487: "text dummy text dummy text dummy text dummy text dummy text dummy "
          text run at (647,190) width 105: "text dummy text"
          text run at (0,210) width 377: "dummy text dummy text dummy text dummy text dummy "
          text run at (376,210) width 401: "text dummy text dummy text dummy text dummy text dummy"
          text run at (0,230) width 81: "text dummy "
          text run at (80,230) width 487: "text dummy text dummy text dummy text dummy text dummy text dummy "
          text run at (566,230) width 186: "text dummy text dummy text"
          text run at (0,250) width 296: "dummy text dummy text dummy text dummy "
          text run at (295,250) width 187: "text dummy text dummy text"
      RenderBlock {DIV} at (0,322) size 784x20
        RenderText {#text} at (0,0) size 425x19
          text run at (0,0) width 425: "(All the lines of text in the block above should be equally spaced.)"
