layer at (0,0) size 800x600
  RenderView at (0,0) size 800x600
layer at (0,0) size 800x258
  RenderBlock {HTML} at (0,0) size 800x258
    RenderBody {BODY} at (8,16) size 784x226
      RenderBlock {P} at (20,0) size 764x105 [color=#0000FF] [border: none (10px double #0000FF)]
        RenderText {#text} at (10,4) size 364x19
          text run at (10,4) width 364: "\x{21E6} This paragraph should have two blue lines on its left. "
        RenderInline {SPAN} at (10,4) size 752x100 [color=#C0C0C0]
          RenderText {#text} at (10,4) size 752x100
            text run at (373,4) width 373: "dummy text dummy text dummy text dummy text dummy"
            text run at (10,25) width 81: "text dummy "
            text run at (90,25) width 487: "text dummy text dummy text dummy text dummy text dummy text dummy "
            text run at (576,25) width 186: "text dummy text dummy text"
            text run at (10,45) width 296: "dummy text dummy text dummy text dummy "
            text run at (305,45) width 429: "text dummy text dummy text dummy text dummy text dummy text"
            text run at (10,65) width 53: "dummy "
            text run at (62,65) width 487: "text dummy text dummy text dummy text dummy text dummy text dummy "
            text run at (548,65) width 186: "text dummy text dummy text"
            text run at (10,85) width 158: "dummy text dummy text"
        RenderText {#text} at (0,0) size 0x0
      RenderBlock {P} at (20,121) size 764x105 [color=#0000FF] [border: none (1px solid #0000FF)]
        RenderText {#text} at (1,4) size 370x19
          text run at (1,4) width 370: "\x{21E6} This paragraph should have a thin blue line on its left. "
        RenderInline {SPAN} at (1,4) size 752x100 [color=#C0C0C0]
          RenderText {#text} at (1,4) size 752x100
            text run at (370,4) width 373: "dummy text dummy text dummy text dummy text dummy"
            text run at (1,25) width 81: "text dummy "
            text run at (81,25) width 487: "text dummy text dummy text dummy text dummy text dummy text dummy "
            text run at (567,25) width 186: "text dummy text dummy text"
            text run at (1,45) width 296: "dummy text dummy text dummy text dummy "
            text run at (296,45) width 429: "text dummy text dummy text dummy text dummy text dummy text"
            text run at (1,65) width 53: "dummy "
            text run at (53,65) width 487: "text dummy text dummy text dummy text dummy text dummy text dummy "
            text run at (539,65) width 186: "text dummy text dummy text"
            text run at (1,85) width 158: "dummy text dummy text"
        RenderText {#text} at (0,0) size 0x0
