layer at (0,0) size 800x600
  RenderView at (0,0) size 800x600
layer at (0,0) size 800x406
  RenderBlock {HTML} at (0,0) size 800x406
    RenderBody {BODY} at (8,16) size 784x374
      RenderBlock {P} at (0,0) size 784x20 [color=#0000FF]
        RenderText {#text} at (0,0) size 230x19
          text run at (0,0) width 230: "The borders should be as described."
      RenderBlock {P} at (0,36) size 784x26 [color=#0000FF] [border: (3px solid #FFA500)]
        RenderText {#text} at (3,3) size 114x19
          text run at (3,3) width 114: "Orange and solid."
      RenderBlock {P} at (0,78) size 784x30 [color=#0000FF] [border: (5px outset #FFA500)]
        RenderText {#text} at (5,5) size 121x19
          text run at (5,5) width 121: "Orange and outset."
      RenderBlock {P} at (0,124) size 784x30 [color=#0000FF] [border: (5px inset #FFA500)]
        RenderText {#text} at (5,5) size 113x19
          text run at (5,5) width 113: "Orange and inset."
      RenderBlock {P} at (0,170) size 784x40 [color=#0000FF] [border: (10px ridge #FFA500)]
        RenderText {#text} at (10,10) size 124x19
          text run at (10,10) width 124: "Orange and ridged."
      RenderBlock {P} at (0,226) size 784x40 [color=#0000FF] [border: (10px double #FFA500)]
        RenderText {#text} at (10,10) size 126x19
          text run at (10,10) width 126: "Orange and double."
      RenderBlock {P} at (0,282) size 784x20 [color=#0000FF]
        RenderText {#text} at (0,0) size 69x19
          text run at (0,0) width 69: "No border."
      RenderBlock {P} at (0,318) size 784x20 [color=#0000FF]
        RenderText {#text} at (0,0) size 69x19
          text run at (0,0) width 69: "No border."
      RenderBlock {P} at (0,354) size 784x20 [color=#0000FF]
        RenderText {#text} at (0,0) size 69x19
          text run at (0,0) width 69: "No border."
