layer at (0,0) size 800x600
  RenderView at (0,0) size 800x600
layer at (0,0) size 800x164
  RenderBlock {HTML} at (0,0) size 800x164
    RenderBody {BODY} at (8,16) size 784x132
      RenderBlock {P} at (0,0) size 784x20 [color=#000080]
        RenderText {#text} at (0,0) size 554x19
          text run at (0,0) width 554: "In the following test, the blue blocks should be on the given sides of the teal rectangle."
      RenderBlock {DIV} at (0,36) size 784x96
        RenderBlock {DIV} at (16,0) size 752x96 [color=#00FFFF] [bgcolor=#008080]
          RenderBlock (floating) {P} at (8,8) size 176x61 [color=#FFFFFF] [bgcolor=#000080] [border: (4px solid #0000FF)]
            RenderText {#text} at (8,12) size 135x40
              text run at (8,12) width 120: "\x{21E6} This blue block"
              text run at (8,33) width 135: "should be on the left."
          RenderBlock (floating) {P} at (568,8) size 176x61 [color=#FFFFFF] [bgcolor=#000080] [border: (4px solid #0000FF)]
            RenderText {#text} at (8,12) size 144x40
              text run at (8,12) width 120: "\x{21E8} This blue block"
              text run at (8,33) width 144: "should be on the right."
          RenderText {#text} at (184,8) size 357x79
            text run at (184,8) width 322: "Teal rectangle. Teal rectangle. Teal rectangle. Teal"
            text run at (184,28) width 263: "rectangle. Teal rectangle. Teal rectangle. "
            text run at (446,28) width 95: "Teal rectangle."
            text run at (184,48) width 322: "Teal rectangle. Teal rectangle. Teal rectangle. Teal"
            text run at (184,68) width 161: "rectangle. Teal rectangle."
