layer at (0,0) size 800x600
  RenderView at (0,0) size 800x600
layer at (0,0) size 800x53
  RenderBlock {HTML} at (0,0) size 800x53
    RenderBody {BODY} at (8,8) size 784x20
      RenderBlock {DIV} at (0,0) size 784x20
        RenderBlock {DIV} at (0,0) size 784x20
          RenderBlock (floating) {P} at (392,0) size 392x45
            RenderImage {IMG} at (0,0) size 15x15 [color=#FF0000]
            RenderText {#text} at (0,4) size 369x40
              text run at (15,4) width 4: " "
              text run at (19,4) width 350: "\x{21E6} There should be a green square at the top left of the"
              text run at (0,25) width 55: "window."
          RenderImage {IMG} at (0,0) size 15x15 [color=#FF0000]
          RenderText {#text} at (0,0) size 0x0
