layer at (0,0) size 800x600
  RenderView at (0,0) size 800x600
layer at (0,0) size 800x293
  RenderBlock {HTML} at (0,0) size 800x293
    RenderBody {BODY} at (8,8) size 784x0
      RenderBlock (floating) {DIV} at (0,0) size 588x285 [color=#FFFFFF] [bgcolor=#000080]
        RenderBlock (floating) {DIV} at (277,0) size 294x85 [color=#00FFFF] [bgcolor=#008080]
          RenderBlock {P} at (0,0) size 294x85
            RenderText {#text} at (0,0) size 294x83
              text run at (0,0) width 294: "To the right of this teal box there should be a"
              text run at (0,20) width 104: "purple square, "
              text run at (103,20) width 191: "tightly squeezed in between"
              text run at (0,40) width 213: "the edge of the teal box and the "
              text run at (212,40) width 82: "outside edge"
              text run at (0,64) width 132: "of the blue block. \x{21E8}"
        RenderBlock {P} at (0,0) size 588x285
          RenderText {#text} at (0,0) size 277x43
            text run at (0,0) width 277: "Inside this blue block on the right there"
            text run at (0,24) width 165: "should be a teal box. \x{21E8} "
          RenderInline {SPAN} at (0,24) size 588x260 [color=#000080]
            RenderText {#text} at (0,24) size 588x260
              text run at (164,24) width 113: "FAIL FAIL FAIL"
              text run at (0,45) width 277: "FAIL FAIL FAIL FAIL FAIL FAIL FAIL"
              text run at (0,65) width 82: "FAIL FAIL "
              text run at (81,65) width 196: "FAIL FAIL FAIL FAIL FAIL"
              text run at (0,85) width 278: "FAIL FAIL FAIL FAIL FAIL FAIL FAIL "
              text run at (277,85) width 311: "FAIL FAIL FAIL FAIL FAIL FAIL FAIL FAIL"
              text run at (0,105) width 159: "FAIL FAIL FAIL FAIL "
              text run at (158,105) width 430: "FAIL FAIL FAIL FAIL FAIL FAIL FAIL FAIL FAIL FAIL FAIL"
              text run at (0,125) width 41: "FAIL "
              text run at (40,125) width 475: "FAIL FAIL FAIL FAIL FAIL FAIL FAIL FAIL FAIL FAIL FAIL FAIL "
              text run at (514,125) width 74: "FAIL FAIL"
              text run at (0,145) width 397: "FAIL FAIL FAIL FAIL FAIL FAIL FAIL FAIL FAIL FAIL "
              text run at (396,145) width 192: "FAIL FAIL FAIL FAIL FAIL"
              text run at (0,165) width 278: "FAIL FAIL FAIL FAIL FAIL FAIL FAIL "
              text run at (277,165) width 311: "FAIL FAIL FAIL FAIL FAIL FAIL FAIL FAIL"
              text run at (0,185) width 159: "FAIL FAIL FAIL FAIL "
              text run at (158,185) width 430: "FAIL FAIL FAIL FAIL FAIL FAIL FAIL FAIL FAIL FAIL FAIL"
              text run at (0,205) width 41: "FAIL "
              text run at (40,205) width 475: "FAIL FAIL FAIL FAIL FAIL FAIL FAIL FAIL FAIL FAIL FAIL FAIL "
              text run at (514,205) width 74: "FAIL FAIL"
              text run at (0,225) width 397: "FAIL FAIL FAIL FAIL FAIL FAIL FAIL FAIL FAIL FAIL "
              text run at (396,225) width 192: "FAIL FAIL FAIL FAIL FAIL"
              text run at (0,245) width 278: "FAIL FAIL FAIL FAIL FAIL FAIL FAIL "
              text run at (277,245) width 311: "FAIL FAIL FAIL FAIL FAIL FAIL FAIL FAIL"
              text run at (0,265) width 148: "FAIL FAIL FAIL FAIL"
          RenderText {#text} at (0,0) size 0x0
