layer at (0,0) size 800x600
  RenderView at (0,0) size 800x600
layer at (0,0) size 800x317
  RenderBlock {HTML} at (0,0) size 800x317
    RenderBody {BODY} at (8,16) size 784x285
      RenderBlock {P} at (0,0) size 784x285 [color=#000080]
        RenderImage {IMG} at (734,0) size 50x50
        RenderText {#text} at (0,4) size 343x19
          text run at (0,4) width 343: "This text should flow around the box on the right. \x{21E8} "
        RenderInline {SPAN} at (0,4) size 777x280 [color=#C0C0C0]
          RenderText {#text} at (0,4) size 777x280
            text run at (342,4) width 373: "dummy text dummy text dummy text dummy text dummy"
            text run at (0,25) width 81: "text dummy "
            text run at (80,25) width 487: "text dummy text dummy text dummy text dummy text dummy text dummy "
            text run at (566,25) width 158: "text dummy text dummy"
            text run at (0,45) width 324: "text dummy text dummy text dummy text dummy "
            text run at (323,45) width 401: "text dummy text dummy text dummy text dummy text dummy"
            text run at (0,65) width 81: "text dummy "
            text run at (80,65) width 487: "text dummy text dummy text dummy text dummy text dummy text dummy "
            text run at (566,65) width 186: "text dummy text dummy text"
            text run at (0,85) width 296: "dummy text dummy text dummy text dummy "
            text run at (295,85) width 482: "text dummy text dummy text dummy text dummy text dummy text dummy"
            text run at (0,105) width 486: "text dummy text dummy text dummy text dummy text dummy text dummy "
            text run at (485,105) width 267: "text dummy text dummy text dummy text"
            text run at (0,125) width 215: "dummy text dummy text dummy "
            text run at (214,125) width 486: "text dummy text dummy text dummy text dummy text dummy text dummy "
            text run at (699,125) width 78: "text dummy"
            text run at (0,145) width 405: "text dummy text dummy text dummy text dummy text dummy "
            text run at (404,145) width 348: "text dummy text dummy text dummy text dummy text"
            text run at (0,165) width 134: "dummy text dummy "
            text run at (133,165) width 487: "text dummy text dummy text dummy text dummy text dummy text dummy "
            text run at (619,165) width 158: "text dummy text dummy"
            text run at (0,185) width 324: "text dummy text dummy text dummy text dummy "
            text run at (323,185) width 429: "text dummy text dummy text dummy text dummy text dummy text"
            text run at (0,205) width 53: "dummy "
            text run at (52,205) width 487: "text dummy text dummy text dummy text dummy text dummy text dummy "
            text run at (538,205) width 239: "text dummy text dummy text dummy"
            text run at (0,225) width 243: "text dummy text dummy text dummy "
            text run at (242,225) width 486: "text dummy text dummy text dummy text dummy text dummy text dummy "
            text run at (727,225) width 25: "text"
            text run at (0,245) width 458: "dummy text dummy text dummy text dummy text dummy text dummy "
            text run at (457,245) width 320: "text dummy text dummy text dummy text dummy"
            text run at (0,265) width 162: "text dummy text dummy "
            text run at (161,265) width 430: "text dummy text dummy text dummy text dummy text dummy text"
        RenderText {#text} at (0,0) size 0x0
