layer at (0,0) size 800x600
  RenderView at (0,0) size 800x600
layer at (0,0) size 800x243
  RenderBlock {HTML} at (0,0) size 800x243
    RenderBody {BODY} at (8,16) size 784x135
      RenderBlock {P} at (0,0) size 784x43 [color=#000080]
        RenderText {#text} at (0,2) size 408x19
          text run at (0,2) width 252: "In the following test, the purple square "
          text run at (251,2) width 157: "should be on the left (\x{21E6}"
        RenderImage {IMG} at (407,2) size 20x20
        RenderText {#text} at (426,2) size 221x19
          text run at (426,2) width 221: "), and the teal square on the right ("
        RenderImage {IMG} at (646,2) size 20x20
        RenderText {#text} at (665,2) size 760x40
          text run at (665,2) width 95: "\x{21E8}) of the blue"
          text run at (0,23) width 63: "rectangle."
      RenderBlock {DIV} at (0,59) size 784x76
        RenderBlock {DIV} at (16,0) size 752x76 [color=#0000FF] [bgcolor=#000080]
          RenderImage {IMG} at (8,8) size 160x160
          RenderImage {IMG} at (584,8) size 160x160
          RenderText {#text} at (168,8) size 400x59
            text run at (168,8) width 400: "Blue rectangle. Blue rectangle. Blue rectangle. Blue rectangle."
            text run at (168,28) width 202: "Blue rectangle. Blue rectangle. "
            text run at (369,28) width 199: "Blue rectangle. Blue rectangle."
            text run at (168,48) width 400: "Blue rectangle. Blue rectangle. Blue rectangle. Blue rectangle."
