layer at (0,0) size 800x600
  RenderView at (0,0) size 800x600
layer at (0,0) size 800x263
  RenderBlock {HTML} at (0,0) size 800x263
    RenderBody {BODY} at (8,16) size 784x239
      RenderBlock {P} at (0,0) size 784x23
        RenderText {#text} at (0,3) size 514x19
          text run at (0,3) width 514: "There should be a complete unbroken drawing of a yin-yang (\x{262F}) symbol below."
      RenderBlock {DIV} at (0,39) size 784x200
        RenderBlock (floating) {DIV} at (0,0) size 100x100
        RenderBlock (floating) {DIV} at (0,100) size 100x100
        RenderBlock {DIV} at (100,0) size 684x200
