layer at (0,0) size 800x600
  RenderView at (0,0) size 800x600
layer at (0,0) size 800x470
  RenderBlock {HTML} at (0,0) size 800x470
    RenderBody {BODY} at (8,16) size 784x438
      RenderBlock {P} at (0,0) size 784x60 [color=#000080]
        RenderText {#text} at (0,0) size 776x59
          text run at (0,0) width 416: "The big coloured boxes should be level with the top of the small "
          text run at (415,0) width 337: "coloured boxes of the same color (unless there is not"
          text run at (0,20) width 89: "enough room "
          text run at (88,20) width 410: "for the big box to fit on the small box's line after the small box, "
          text run at (497,20) width 279: "in which case the big box should be as high"
          text run at (0,40) width 141: "as possible below the "
          text run at (140,40) width 73: "small box)."
      RenderBlock {DIV} at (16,76) size 752x362 [color=#C0C0C0] [border: (5px solid #800080)]
        RenderText {#text} at (171,21) size 324x19
          text run at (171,21) width 324: "dummy text dummy text dummy text dummy text "
        RenderInline {SPAN} at (0,0) size 19x25 [color=#FFFFFF] [bgcolor=#008080] [border: (3px solid #00FFFF)]
          RenderText {#text} at (497,21) size 13x19
            text run at (497,21) width 13: "A"
        RenderText {#text} at (512,21) size 5x19
          text run at (512,21) width 5: " "
        RenderBlock (floating) {P} at (21,21) size 150x58 [color=#FFFFFF] [bgcolor=#008080] [border: (3px solid #00FFFF)]
          RenderText {#text} at (19,19) size 47x19
            text run at (19,19) width 47: "AAAA"
        RenderText {#text} at (0,0) size 0x0
        RenderInline {SPAN} at (0,0) size 17x25 [color=#FFFFFF] [bgcolor=#800080] [border: (3px solid #FF00FF)]
          RenderText {#text} at (519,21) size 11x19
            text run at (519,21) width 11: "B"
        RenderText {#text} at (0,0) size 0x0
        RenderBlock (floating) {P} at (581,21) size 150x58 [color=#FFFFFF] [bgcolor=#800080] [border: (3px solid #FF00FF)]
          RenderText {#text} at (19,19) size 43x19
            text run at (19,19) width 43: "BBBB"
        RenderText {#text} at (171,41) size 696x299
          text run at (171,41) width 401: "dummy text dummy text dummy text dummy text dummy text"
          text run at (171,61) width 81: "dummy text "
          text run at (251,61) width 321: "dummy text dummy text dummy text dummy text"
          text run at (21,81) width 162: "dummy text dummy text "
          text run at (182,81) width 487: "dummy text dummy text dummy text dummy text dummy text dummy text "
          text run at (668,81) width 49: "dummy"
          text run at (21,101) width 433: "text dummy text dummy text dummy text dummy text dummy text "
          text run at (453,101) width 240: "dummy text dummy text dummy text"
          text run at (21,121) width 243: "dummy text dummy text dummy text "
          text run at (263,121) width 454: "dummy text dummy text dummy text dummy text dummy text dummy"
          text run at (21,141) width 28: "text "
          text run at (48,141) width 487: "dummy text dummy text dummy text dummy text dummy text dummy text "
          text run at (534,141) width 159: "dummy text dummy text"
          text run at (21,161) width 324: "dummy text dummy text dummy text dummy text "
          text run at (344,161) width 373: "dummy text dummy text dummy text dummy text dummy"
          text run at (21,181) width 109: "text dummy text "
          text run at (129,181) width 487: "dummy text dummy text dummy text dummy text dummy text dummy text "
          text run at (615,181) width 78: "dummy text"
          text run at (21,201) width 405: "dummy text dummy text dummy text dummy text dummy text "
          text run at (425,201) width 292: "dummy text dummy text dummy text dummy"
          text run at (21,221) width 190: "text dummy text dummy text "
          text run at (210,221) width 483: "dummy text dummy text dummy text dummy text dummy text dummy text"
          text run at (21,241) width 486: "dummy text dummy text dummy text dummy text dummy text dummy text "
          text run at (506,241) width 211: "dummy text dummy text dummy"
          text run at (21,261) width 271: "text dummy text dummy text dummy text "
          text run at (291,261) width 402: "dummy text dummy text dummy text dummy text dummy text"
          text run at (21,281) width 81: "dummy text "
          text run at (101,281) width 487: "dummy text dummy text dummy text dummy text dummy text dummy text "
          text run at (587,281) width 130: "dummy text dummy"
          text run at (21,301) width 352: "text dummy text dummy text dummy text dummy text "
          text run at (372,301) width 321: "dummy text dummy text dummy text dummy text"
          text run at (21,321) width 162: "dummy text dummy text "
          text run at (182,321) width 483: "dummy text dummy text dummy text dummy text dummy text dummy text"
