layer at (0,0) size 800x600
  RenderView at (0,0) size 800x600
layer at (0,0) size 800x173
  RenderBlock {HTML} at (0,0) size 800x173
    RenderBody {BODY} at (8,16) size 784x141
      RenderBlock {P} at (0,0) size 784x20 [color=#000080]
        RenderText {#text} at (0,0) size 218x19
          text run at (0,0) width 218: "There should be no red anywhere."
      RenderBlock {P} at (0,36) size 784x20 [color=#000080]
        RenderText {#text} at (0,0) size 390x19
          text run at (0,0) width 390: "There should be two identical squares at the end of this line: "
        RenderImage {IMG} at (389,0) size 16x15
        RenderText {#text} at (404,0) size 5x19
          text run at (404,0) width 5: " "
        RenderInline {SPAN} at (0,0) size 16x15 [color=#0000FF] [bgcolor=#FF0000]
          RenderText {#text} at (408,0) size 16x15
            text run at (408,0) width 16: "X"
        RenderText {#text} at (0,0) size 0x0
      RenderBlock {P} at (0,72) size 784x69 [color=#000080]
        RenderText {#text} at (0,49) size 390x19
          text run at (0,49) width 390: "There should be two identical squares at the end of this line: "
        RenderImage {IMG} at (389,0) size 65x64
        RenderText {#text} at (453,49) size 5x19
          text run at (453,49) width 5: " "
        RenderInline {SPAN} at (0,0) size 65x65 [color=#0000FF] [bgcolor=#FF0000]
          RenderText {#text} at (457,0) size 65x65
            text run at (457,0) width 65: "X"
        RenderText {#text} at (0,0) size 0x0
