layer at (0,0) size 800x600
  RenderView at (0,0) size 800x600
layer at (0,0) size 800x259
  RenderBlock {HTML} at (0,0) size 800x259
    RenderBody {BODY} at (8,16) size 784x228
      RenderBlock {P} at (0,0) size 784x40
        RenderText {#text} at (0,0) size 737x39
          text run at (0,0) width 391: "Change your window size. However the lines wrap, the blue "
          text run at (390,0) width 347: "rectanglues should always have their tops on the same"
          text run at (0,20) width 86: "alignment as "
          text run at (85,20) width 210: "other blue rectangles on the line."
      RenderBlock {P} at (15,56) size 754x172 [color=#0000FF] [bgcolor=#FFFFFF] [border: (1px solid #C0C0C0)]
        RenderInline {SPAN} at (8,8) size 46x16
          RenderText {#text} at (8,8) size 46x16
            text run at (8,8) width 46: "xxx"
        RenderText {#text} at (53,8) size 16x16
          text run at (53,8) width 16: " "
        RenderImage {IMG} at (68,8) size 11x11
        RenderText {#text} at (78,8) size 16x16
          text run at (78,8) width 16: " "
        RenderInline {SPAN} at (93,7) size 113x39
          RenderText {#text} at (93,7) size 113x39
            text run at (93,7) width 113: "xxx"
        RenderText {#text} at (206,8) size 15x16
          text run at (206,8) width 15: " "
        RenderImage {IMG} at (221,8) size 10x11
        RenderText {#text} at (231,8) size 15x16
          text run at (231,8) width 15: " "
        RenderInline {SPAN} at (246,8) size 45x16
          RenderText {#text} at (246,8) size 45x16
            text run at (246,8) width 45: "xxx"
        RenderText {#text} at (291,8) size 15x16
          text run at (291,8) width 15: " "
        RenderImage {IMG} at (306,8) size 10x11
        RenderText {#text} at (316,8) size 15x16
          text run at (316,8) width 15: " "
        RenderInline {SPAN} at (331,8) size 45x16
          RenderText {#text} at (331,8) size 45x16
            text run at (331,8) width 45: "xxx"
        RenderText {#text} at (376,8) size 15x16
          text run at (376,8) width 15: " "
        RenderImage {IMG} at (391,8) size 10x11
        RenderText {#text} at (401,8) size 15x16
          text run at (401,8) width 15: " "
        RenderInline {BIG} at (416,8) size 60x21
          RenderText {#text} at (416,8) size 60x21
            text run at (416,8) width 60: "xxx"
        RenderText {#text} at (476,8) size 15x16
          text run at (476,8) width 15: " "
        RenderImage {IMG} at (491,8) size 20x21
        RenderText {#text} at (511,8) size 15x16
          text run at (511,8) width 15: " "
        RenderInline {SPAN} at (526,8) size 45x16
          RenderText {#text} at (526,8) size 45x16
            text run at (526,8) width 45: "xxx"
        RenderText {#text} at (571,8) size 15x16
          text run at (571,8) width 15: " "
        RenderImage {IMG} at (586,8) size 65x66
        RenderText {#text} at (651,8) size 15x16
          text run at (651,8) width 15: " "
        RenderInline {SPAN} at (666,8) size 45x16
          RenderText {#text} at (666,8) size 45x16
            text run at (666,8) width 45: "xxx"
        RenderText {#text} at (0,0) size 0x0
        RenderImage {IMG} at (8,73) size 36x36
        RenderText {#text} at (43,73) size 16x16
          text run at (43,73) width 16: " "
        RenderInline {SPAN} at (58,73) size 91x31
          RenderText {#text} at (58,73) size 91x31
            text run at (58,73) width 91: "xxx"
        RenderText {#text} at (148,73) size 16x16
          text run at (148,73) width 16: " "
        RenderImage {IMG} at (163,73) size 51x51
        RenderText {#text} at (213,73) size 16x16
          text run at (213,73) width 16: " "
        RenderInline {SPAN} at (228,73) size 46x16
          RenderText {#text} at (228,73) size 46x16
            text run at (228,73) width 46: "xxx"
        RenderText {#text} at (273,73) size 16x16
          text run at (273,73) width 16: " "
        RenderImage {IMG} at (288,73) size 16x16
        RenderText {#text} at (303,73) size 16x16
          text run at (303,73) width 16: " "
        RenderInline {BIG} at (318,73) size 61x21
          RenderText {#text} at (318,73) size 61x21
            text run at (318,73) width 61: "xxx"
        RenderText {#text} at (378,73) size 16x16
          text run at (378,73) width 16: " "
        RenderImage {IMG} at (393,73) size 91x91
        RenderText {#text} at (0,0) size 0x0
