layer at (0,0) size 800x660
  RenderView at (0,0) size 800x600
layer at (0,0) size 800x660
  RenderBlock {HTML} at (0,0) size 800x660
    RenderBody {BODY} at (8,16) size 784x636
      RenderBlock {P} at (0,0) size 784x20
        RenderText {#text} at (0,0) size 423x19
          text run at (0,0) width 381: "The blue text should not go past the 50% mark on the ruler "
          text run at (380,0) width 43: "below."
      RenderBlock {DIV} at (0,36) size 392x560 [color=#0000FF]
        RenderText {#text} at (0,0) size 387x559
          text run at (0,0) width 387: "a bit of dummy text a bit of dummy text a bit of dummy text"
          text run at (0,20) width 12: "a "
          text run at (11,20) width 376: "bit of dummy text a bit of dummy text a bit of dummy text"
          text run at (0,40) width 50: "a bit of "
          text run at (49,40) width 338: "dummy text a bit of dummy text a bit of dummy text"
          text run at (0,60) width 103: "a bit of dummy "
          text run at (102,60) width 285: "text a bit of dummy text a bit of dummy text"
          text run at (0,80) width 142: "a bit of dummy text a "
          text run at (141,80) width 246: "bit of dummy text a bit of dummy text"
          text run at (0,100) width 180: "a bit of dummy text a bit of "
          text run at (179,100) width 208: "dummy text a bit of dummy text"
          text run at (0,120) width 233: "a bit of dummy text a bit of dummy "
          text run at (232,120) width 155: "text a bit of dummy text"
          text run at (0,140) width 272: "a bit of dummy text a bit of dummy text a "
          text run at (271,140) width 116: "bit of dummy text"
          text run at (0,160) width 310: "a bit of dummy text a bit of dummy text a bit of "
          text run at (309,160) width 78: "dummy text"
          text run at (0,180) width 363: "a bit of dummy text a bit of dummy text a bit of dummy "
          text run at (362,180) width 25: "text"
          text run at (0,200) width 387: "a bit of dummy text a bit of dummy text a bit of dummy text"
          text run at (0,220) width 12: "a "
          text run at (11,220) width 376: "bit of dummy text a bit of dummy text a bit of dummy text"
          text run at (0,240) width 50: "a bit of "
          text run at (49,240) width 338: "dummy text a bit of dummy text a bit of dummy text"
          text run at (0,260) width 103: "a bit of dummy "
          text run at (102,260) width 285: "text a bit of dummy text a bit of dummy text"
          text run at (0,280) width 142: "a bit of dummy text a "
          text run at (141,280) width 246: "bit of dummy text a bit of dummy text"
          text run at (0,300) width 180: "a bit of dummy text a bit of "
          text run at (179,300) width 208: "dummy text a bit of dummy text"
          text run at (0,320) width 233: "a bit of dummy text a bit of dummy "
          text run at (232,320) width 155: "text a bit of dummy text"
          text run at (0,340) width 272: "a bit of dummy text a bit of dummy text a "
          text run at (271,340) width 116: "bit of dummy text"
          text run at (0,360) width 310: "a bit of dummy text a bit of dummy text a bit of "
          text run at (309,360) width 78: "dummy text"
          text run at (0,380) width 363: "a bit of dummy text a bit of dummy text a bit of dummy "
          text run at (362,380) width 25: "text"
          text run at (0,400) width 387: "a bit of dummy text a bit of dummy text a bit of dummy text"
          text run at (0,420) width 12: "a "
          text run at (11,420) width 376: "bit of dummy text a bit of dummy text a bit of dummy text"
          text run at (0,440) width 50: "a bit of "
          text run at (49,440) width 338: "dummy text a bit of dummy text a bit of dummy text"
          text run at (0,460) width 103: "a bit of dummy "
          text run at (102,460) width 285: "text a bit of dummy text a bit of dummy text"
          text run at (0,480) width 142: "a bit of dummy text a "
          text run at (141,480) width 246: "bit of dummy text a bit of dummy text"
          text run at (0,500) width 180: "a bit of dummy text a bit of "
          text run at (179,500) width 208: "dummy text a bit of dummy text"
          text run at (0,520) width 233: "a bit of dummy text a bit of dummy "
          text run at (232,520) width 155: "text a bit of dummy text"
          text run at (0,540) width 233: "a bit of dummy text a bit of dummy "
          text run at (232,540) width 25: "text"
