layer at (0,0) size 1100x600
  RenderView at (0,0) size 800x600
layer at (0,0) size 800x102
  RenderBlock {HTML} at (0,0) size 800x102
    RenderBody {BODY} at (8,16) size 784x78
      RenderBlock {P} at (0,0) size 784x20
        RenderText {#text} at (0,0) size 298x19
          text run at (0,0) width 298: "The following two lines should look the same:"
      RenderBlock {DIV} at (0,36) size 784x21
        RenderInline {SPAN} at (0,0) size 21x19
          RenderInline (generated) at (0,0) size 21x19
            RenderCounter at (0,1) size 21x19
              text run at (0,1) width 21: "\x{10D0}.\x{10D0}"
        RenderText {#text} at (20,1) size 5x19
          text run at (20,1) width 5: " "
        RenderInline {SPAN} at (0,0) size 22x19
          RenderInline (generated) at (0,0) size 22x19
            RenderCounter at (24,1) size 22x19
              text run at (24,1) width 22: "\x{10D0}.\x{10D1}"
        RenderText {#text} at (45,1) size 5x19
          text run at (45,1) width 5: " "
        RenderInline {SPAN} at (0,0) size 22x19
          RenderInline (generated) at (0,0) size 22x19
            RenderCounter at (49,1) size 22x19
              text run at (49,1) width 22: "\x{10D0}.\x{10D2}"
        RenderText {#text} at (70,1) size 5x19
          text run at (70,1) width 5: " "
        RenderInline {SPAN} at (0,0) size 27x19
          RenderInline (generated) at (0,0) size 27x19
            RenderCounter at (74,1) size 27x19
              text run at (74,1) width 27: "\x{10D0}.\x{10D3}"
        RenderText {#text} at (100,1) size 5x19
          text run at (100,1) width 5: " "
        RenderInline {SPAN} at (0,0) size 22x19
          RenderInline (generated) at (0,0) size 22x19
            RenderCounter at (104,1) size 22x19
              text run at (104,1) width 22: "\x{10D0}.\x{10D4}"
        RenderText {#text} at (125,1) size 5x19
          text run at (125,1) width 5: " "
        RenderInline {SPAN} at (0,0) size 22x19
          RenderInline (generated) at (0,0) size 22x19
            RenderCounter at (129,1) size 22x19
              text run at (129,1) width 22: "\x{10D0}.\x{10D5}"
        RenderText {#text} at (150,1) size 5x19
          text run at (150,1) width 5: " "
        RenderInline {SPAN} at (0,0) size 23x19
          RenderInline (generated) at (0,0) size 23x19
            RenderCounter at (154,1) size 23x19
              text run at (154,1) width 23: "\x{10D0}.\x{10D6}"
        RenderText {#text} at (176,1) size 5x19
          text run at (176,1) width 5: " "
        RenderInline {SPAN} at (0,0) size 23x19
          RenderInline (generated) at (0,0) size 23x19
            RenderCounter at (180,1) size 23x19
              text run at (180,1) width 23: "\x{10D0}.\x{10F1}"
        RenderText {#text} at (202,1) size 5x19
          text run at (202,1) width 5: " "
        RenderInline {SPAN} at (0,0) size 26x19
          RenderInline (generated) at (0,0) size 26x19
            RenderCounter at (206,1) size 26x19
              text run at (206,1) width 26: "\x{10D0}.\x{10D7}"
        RenderText {#text} at (231,1) size 5x19
          text run at (231,1) width 5: " "
        RenderInline {SPAN} at (0,0) size 22x19
          RenderInline (generated) at (0,0) size 22x19
            RenderCounter at (235,1) size 22x19
              text run at (235,1) width 22: "\x{10D0}.\x{10D8}"
        RenderText {#text} at (256,1) size 5x19
          text run at (256,1) width 5: " "
        RenderInline {SPAN} at (0,0) size 30x19
          RenderInline (generated) at (0,0) size 30x19
            RenderCounter at (260,1) size 30x19
              text run at (260,1) width 30: "\x{10D0}.\x{10D8}\x{10D0}"
        RenderText {#text} at (289,1) size 5x19
          text run at (289,1) width 5: " "
        RenderInline {SPAN} at (0,0) size 31x19
          RenderInline (generated) at (0,0) size 31x19
            RenderCounter at (293,1) size 31x19
              text run at (293,1) width 31: "\x{10D0}.\x{10D8}\x{10D1}"
        RenderText {#text} at (323,1) size 5x19
          text run at (323,1) width 5: " "
        RenderInline {SPAN} at (0,0) size 22x19
          RenderInline (generated) at (0,0) size 22x19
            RenderCounter at (327,1) size 22x19
              text run at (327,1) width 22: "\x{10D0}.\x{10D9}"
        RenderText {#text} at (348,1) size 5x19
          text run at (348,1) width 5: " "
        RenderInline {SPAN} at (0,0) size 29x19
          RenderInline (generated) at (0,0) size 29x19
            RenderCounter at (352,1) size 29x19
              text run at (352,1) width 29: "\x{10D0}.\x{10DA}"
        RenderText {#text} at (380,1) size 5x19
          text run at (380,1) width 5: " "
        RenderInline {SPAN} at (0,0) size 22x19
          RenderInline (generated) at (0,0) size 22x19
            RenderCounter at (384,1) size 22x19
              text run at (384,1) width 22: "\x{10D0}.\x{10DB}"
        RenderText {#text} at (405,1) size 5x19
          text run at (405,1) width 5: " "
        RenderInline {SPAN} at (0,0) size 23x19
          RenderInline (generated) at (0,0) size 23x19
            RenderCounter at (409,1) size 23x19
              text run at (409,1) width 23: "\x{10D0}.\x{10DC}"
        RenderText {#text} at (431,1) size 5x19
          text run at (431,1) width 5: " "
        RenderInline {SPAN} at (0,0) size 22x19
          RenderInline (generated) at (0,0) size 22x19
            RenderCounter at (435,1) size 22x19
              text run at (435,1) width 22: "\x{10D0}.\x{10F2}"
        RenderText {#text} at (456,1) size 5x19
          text run at (456,1) width 5: " "
        RenderInline {SPAN} at (0,0) size 25x19
          RenderInline (generated) at (0,0) size 25x19
            RenderCounter at (460,1) size 25x19
              text run at (460,1) width 25: "\x{10D0}.\x{10DD}"
        RenderText {#text} at (484,1) size 5x19
          text run at (484,1) width 5: " "
        RenderInline {SPAN} at (0,0) size 22x19
          RenderInline (generated) at (0,0) size 22x19
            RenderCounter at (488,1) size 22x19
              text run at (488,1) width 22: "\x{10D0}.\x{10DE}"
        RenderText {#text} at (509,1) size 5x19
          text run at (509,1) width 5: " "
        RenderInline {SPAN} at (0,0) size 22x19
          RenderInline (generated) at (0,0) size 22x19
            RenderCounter at (513,1) size 22x19
              text run at (513,1) width 22: "\x{10D0}.\x{10DF}"
        RenderText {#text} at (534,1) size 5x19
          text run at (534,1) width 5: " "
        RenderInline {SPAN} at (0,0) size 25x19
          RenderInline (generated) at (0,0) size 25x19
            RenderCounter at (538,1) size 25x19
              text run at (538,1) width 25: "\x{10D0}.\x{10E0}"
        RenderText {#text} at (562,1) size 5x19
          text run at (562,1) width 5: " "
        RenderInline {SPAN} at (0,0) size 22x19
          RenderInline (generated) at (0,0) size 22x19
            RenderCounter at (566,1) size 22x19
              text run at (566,1) width 22: "\x{10D0}.\x{10E1}"
        RenderText {#text} at (587,1) size 5x19
          text run at (587,1) width 5: " "
        RenderInline {SPAN} at (0,0) size 24x19
          RenderInline (generated) at (0,0) size 24x19
            RenderCounter at (591,1) size 24x19
              text run at (591,1) width 24: "\x{10D0}.\x{10E2}"
        RenderText {#text} at (614,1) size 5x19
          text run at (614,1) width 5: " "
        RenderInline {SPAN} at (0,0) size 22x19
          RenderInline (generated) at (0,0) size 22x19
            RenderCounter at (618,1) size 22x19
              text run at (618,1) width 22: "\x{10D0}.\x{10F3}"
        RenderText {#text} at (639,1) size 5x19
          text run at (639,1) width 5: " "
        RenderInline {SPAN} at (0,0) size 26x19
          RenderInline (generated) at (0,0) size 26x19
            RenderCounter at (643,1) size 26x19
              text run at (643,1) width 26: "\x{10D0}.\x{10E4}"
        RenderText {#text} at (668,1) size 5x19
          text run at (668,1) width 5: " "
        RenderInline {SPAN} at (0,0) size 22x19
          RenderInline (generated) at (0,0) size 22x19
            RenderCounter at (672,1) size 22x19
              text run at (672,1) width 22: "\x{10D0}.\x{10E5}"
        RenderText {#text} at (693,1) size 5x19
          text run at (693,1) width 5: " "
        RenderInline {SPAN} at (0,0) size 25x19
          RenderInline (generated) at (0,0) size 25x19
            RenderCounter at (697,1) size 25x19
              text run at (697,1) width 25: "\x{10D0}.\x{10E6}"
        RenderText {#text} at (721,1) size 5x19
          text run at (721,1) width 5: " "
        RenderInline {SPAN} at (0,0) size 22x19
          RenderInline (generated) at (0,0) size 22x19
            RenderCounter at (725,1) size 22x19
              text run at (725,1) width 22: "\x{10D0}.\x{10E7}"
        RenderText {#text} at (746,1) size 5x19
          text run at (746,1) width 5: " "
        RenderInline {SPAN} at (0,0) size 23x19
          RenderInline (generated) at (0,0) size 23x19
            RenderCounter at (750,1) size 23x19
              text run at (750,1) width 23: "\x{10D0}.\x{10E8}"
        RenderText {#text} at (772,1) size 5x19
          text run at (772,1) width 5: " "
        RenderInline {SPAN} at (0,0) size 22x19
          RenderInline (generated) at (0,0) size 22x19
            RenderCounter at (776,1) size 22x19
              text run at (776,1) width 22: "\x{10D0}.\x{10E9}"
        RenderText {#text} at (797,1) size 5x19
          text run at (797,1) width 5: " "
        RenderInline {SPAN} at (0,0) size 23x19
          RenderInline (generated) at (0,0) size 23x19
            RenderCounter at (801,1) size 23x19
              text run at (801,1) width 23: "\x{10D0}.\x{10EA}"
        RenderText {#text} at (823,1) size 5x19
          text run at (823,1) width 5: " "
        RenderInline {SPAN} at (0,0) size 22x19
          RenderInline (generated) at (0,0) size 22x19
            RenderCounter at (827,1) size 22x19
              text run at (827,1) width 22: "\x{10D0}.\x{10EB}"
        RenderText {#text} at (848,1) size 5x19
          text run at (848,1) width 5: " "
        RenderInline {SPAN} at (0,0) size 23x19
          RenderInline (generated) at (0,0) size 23x19
            RenderCounter at (852,1) size 23x19
              text run at (852,1) width 23: "\x{10D0}.\x{10EC}"
        RenderText {#text} at (874,1) size 5x19
          text run at (874,1) width 5: " "
        RenderInline {SPAN} at (0,0) size 23x19
          RenderInline (generated) at (0,0) size 23x19
            RenderCounter at (878,1) size 23x19
              text run at (878,1) width 23: "\x{10D0}.\x{10ED}"
        RenderText {#text} at (900,1) size 5x19
          text run at (900,1) width 5: " "
        RenderInline {SPAN} at (0,0) size 22x19
          RenderInline (generated) at (0,0) size 22x19
            RenderCounter at (904,1) size 22x19
              text run at (904,1) width 22: "\x{10D0}.\x{10EE}"
        RenderText {#text} at (925,1) size 5x19
          text run at (925,1) width 5: " "
        RenderInline {SPAN} at (0,0) size 22x19
          RenderInline (generated) at (0,0) size 22x19
            RenderCounter at (929,1) size 22x19
              text run at (929,1) width 22: "\x{10D0}.\x{10F4}"
        RenderText {#text} at (950,1) size 5x19
          text run at (950,1) width 5: " "
        RenderInline {SPAN} at (0,0) size 22x19
          RenderInline (generated) at (0,0) size 22x19
            RenderCounter at (954,1) size 22x19
              text run at (954,1) width 22: "\x{10D0}.\x{10EF}"
        RenderText {#text} at (975,1) size 5x19
          text run at (975,1) width 5: " "
        RenderInline {SPAN} at (0,0) size 21x19
          RenderInline (generated) at (0,0) size 21x19
            RenderCounter at (979,1) size 21x19
              text run at (979,1) width 21: "\x{10D0}.\x{10F0}"
        RenderText {#text} at (999,1) size 5x19
          text run at (999,1) width 5: " "
        RenderInline {SPAN} at (0,0) size 23x19
          RenderInline (generated) at (0,0) size 23x19
            RenderCounter at (1003,1) size 23x19
              text run at (1003,1) width 23: "\x{10D0}.\x{10F5}"
        RenderText {#text} at (1025,1) size 5x19
          text run at (1025,1) width 5: " "
        RenderInline {SPAN} at (0,0) size 63x19
          RenderInline (generated) at (0,0) size 63x19
            RenderCounter at (1029,1) size 63x19
              text run at (1029,1) width 63: "\x{10D0}.\x{10F5}\x{10F0}\x{10E8}\x{10DF}\x{10D7}"
        RenderText {#text} at (0,0) size 0x0
      RenderBlock {DIV} at (0,57) size 784x21
        RenderText {#text} at (0,1) size 1092x19
          text run at (0,1) width 25: "\x{10D0}.\x{10D0} "
          text run at (24,1) width 26: "\x{10D0}.\x{10D1} "
          text run at (49,1) width 26: "\x{10D0}.\x{10D2} "
          text run at (74,1) width 31: "\x{10D0}.\x{10D3} "
          text run at (104,1) width 26: "\x{10D0}.\x{10D4} "
          text run at (129,1) width 26: "\x{10D0}.\x{10D5} "
          text run at (154,1) width 27: "\x{10D0}.\x{10D6} "
          text run at (180,1) width 27: "\x{10D0}.\x{10F1} "
          text run at (206,1) width 30: "\x{10D0}.\x{10D7} "
          text run at (235,1) width 26: "\x{10D0}.\x{10D8} "
          text run at (260,1) width 34: "\x{10D0}.\x{10D8}\x{10D0} "
          text run at (293,1) width 35: "\x{10D0}.\x{10D8}\x{10D1} "
          text run at (327,1) width 26: "\x{10D0}.\x{10D9} "
          text run at (352,1) width 33: "\x{10D0}.\x{10DA} "
          text run at (384,1) width 26: "\x{10D0}.\x{10DB} "
          text run at (409,1) width 27: "\x{10D0}.\x{10DC} "
          text run at (435,1) width 26: "\x{10D0}.\x{10F2} "
          text run at (460,1) width 29: "\x{10D0}.\x{10DD} "
          text run at (488,1) width 26: "\x{10D0}.\x{10DE} "
          text run at (513,1) width 26: "\x{10D0}.\x{10DF} "
          text run at (538,1) width 29: "\x{10D0}.\x{10E0} "
          text run at (566,1) width 26: "\x{10D0}.\x{10E1} "
          text run at (591,1) width 28: "\x{10D0}.\x{10E2} "
          text run at (618,1) width 26: "\x{10D0}.\x{10F3} "
          text run at (643,1) width 30: "\x{10D0}.\x{10E4} "
          text run at (672,1) width 26: "\x{10D0}.\x{10E5} "
          text run at (697,1) width 29: "\x{10D0}.\x{10E6} "
          text run at (725,1) width 26: "\x{10D0}.\x{10E7} "
          text run at (750,1) width 27: "\x{10D0}.\x{10E8} "
          text run at (776,1) width 26: "\x{10D0}.\x{10E9} "
          text run at (801,1) width 27: "\x{10D0}.\x{10EA} "
          text run at (827,1) width 26: "\x{10D0}.\x{10EB} "
          text run at (852,1) width 27: "\x{10D0}.\x{10EC} "
          text run at (878,1) width 27: "\x{10D0}.\x{10ED} "
          text run at (904,1) width 26: "\x{10D0}.\x{10EE} "
          text run at (929,1) width 26: "\x{10D0}.\x{10F4} "
          text run at (954,1) width 26: "\x{10D0}.\x{10EF} "
          text run at (979,1) width 25: "\x{10D0}.\x{10F0} "
          text run at (1003,1) width 27: "\x{10D0}.\x{10F5} "
          text run at (1029,1) width 63: "\x{10D0}.\x{10F5}\x{10F0}\x{10E8}\x{10DF}\x{10D7}"
