layer at (0,0) size 800x600
  RenderView at (0,0) size 800x600
layer at (0,0) size 800x102
  RenderBlock {HTML} at (0,0) size 800x102
    RenderBody {BODY} at (8,16) size 784x78
      RenderBlock {P} at (0,0) size 784x20
        RenderText {#text} at (0,0) size 298x19
          text run at (0,0) width 298: "The following two lines should look the same:"
      RenderBlock {DIV} at (0,36) size 784x21
        RenderInline {SPAN} at (0,0) size 9x19
          RenderInline (generated) at (0,0) size 9x19
            RenderCounter at (0,1) size 9x19
              text run at (0,1) width 9: "\x{10D0}"
        RenderText {#text} at (8,1) size 5x19
          text run at (8,1) width 5: " "
        RenderInline {SPAN} at (0,0) size 10x19
          RenderInline (generated) at (0,0) size 10x19
            RenderCounter at (12,1) size 10x19
              text run at (12,1) width 10: "\x{10D1}"
        RenderText {#text} at (21,1) size 5x19
          text run at (21,1) width 5: " "
        RenderInline {SPAN} at (0,0) size 9x19
          RenderInline (generated) at (0,0) size 9x19
            RenderCounter at (25,1) size 9x19
              text run at (25,1) width 9: "\x{10D2}"
        RenderText {#text} at (33,1) size 5x19
          text run at (33,1) width 5: " "
        RenderInline {SPAN} at (0,0) size 15x19
          RenderInline (generated) at (0,0) size 15x19
            RenderCounter at (37,1) size 15x19
              text run at (37,1) width 15: "\x{10D3}"
        RenderText {#text} at (51,1) size 5x19
          text run at (51,1) width 5: " "
        RenderInline {SPAN} at (0,0) size 9x19
          RenderInline (generated) at (0,0) size 9x19
            RenderCounter at (55,1) size 9x19
              text run at (55,1) width 9: "\x{10D4}"
        RenderText {#text} at (63,1) size 5x19
          text run at (63,1) width 5: " "
        RenderInline {SPAN} at (0,0) size 10x19
          RenderInline (generated) at (0,0) size 10x19
            RenderCounter at (67,1) size 10x19
              text run at (67,1) width 10: "\x{10D5}"
        RenderText {#text} at (76,1) size 5x19
          text run at (76,1) width 5: " "
        RenderInline {SPAN} at (0,0) size 11x19
          RenderInline (generated) at (0,0) size 11x19
            RenderCounter at (80,1) size 11x19
              text run at (80,1) width 11: "\x{10D6}"
        RenderText {#text} at (90,1) size 5x19
          text run at (90,1) width 5: " "
        RenderInline {SPAN} at (0,0) size 10x19
          RenderInline (generated) at (0,0) size 10x19
            RenderCounter at (94,1) size 10x19
              text run at (94,1) width 10: "\x{10F1}"
        RenderText {#text} at (103,1) size 5x19
          text run at (103,1) width 5: " "
        RenderInline {SPAN} at (0,0) size 15x19
          RenderInline (generated) at (0,0) size 15x19
            RenderCounter at (107,1) size 15x19
              text run at (107,1) width 15: "\x{10D7}"
        RenderText {#text} at (121,1) size 5x19
          text run at (121,1) width 5: " "
        RenderInline {SPAN} at (0,0) size 9x19
          RenderInline (generated) at (0,0) size 9x19
            RenderCounter at (125,1) size 9x19
              text run at (125,1) width 9: "\x{10D8}"
        RenderText {#text} at (133,1) size 5x19
          text run at (133,1) width 5: " "
        RenderInline {SPAN} at (0,0) size 18x19
          RenderInline (generated) at (0,0) size 18x19
            RenderCounter at (137,1) size 18x19
              text run at (137,1) width 18: "\x{10D8}\x{10D0}"
        RenderText {#text} at (154,1) size 5x19
          text run at (154,1) width 5: " "
        RenderInline {SPAN} at (0,0) size 19x19
          RenderInline (generated) at (0,0) size 19x19
            RenderCounter at (158,1) size 19x19
              text run at (158,1) width 19: "\x{10D8}\x{10D1}"
        RenderText {#text} at (176,1) size 5x19
          text run at (176,1) width 5: " "
        RenderInline {SPAN} at (0,0) size 9x19
          RenderInline (generated) at (0,0) size 9x19
            RenderCounter at (180,1) size 9x19
              text run at (180,1) width 9: "\x{10D9}"
        RenderText {#text} at (188,1) size 5x19
          text run at (188,1) width 5: " "
        RenderInline {SPAN} at (0,0) size 17x19
          RenderInline (generated) at (0,0) size 17x19
            RenderCounter at (192,1) size 17x19
              text run at (192,1) width 17: "\x{10DA}"
        RenderText {#text} at (208,1) size 5x19
          text run at (208,1) width 5: " "
        RenderInline {SPAN} at (0,0) size 10x19
          RenderInline (generated) at (0,0) size 10x19
            RenderCounter at (212,1) size 10x19
              text run at (212,1) width 10: "\x{10DB}"
        RenderText {#text} at (221,1) size 5x19
          text run at (221,1) width 5: " "
        RenderInline {SPAN} at (0,0) size 10x19
          RenderInline (generated) at (0,0) size 10x19
            RenderCounter at (225,1) size 10x19
              text run at (225,1) width 10: "\x{10DC}"
        RenderText {#text} at (234,1) size 5x19
          text run at (234,1) width 5: " "
        RenderInline {SPAN} at (0,0) size 10x19
          RenderInline (generated) at (0,0) size 10x19
            RenderCounter at (238,1) size 10x19
              text run at (238,1) width 10: "\x{10F2}"
        RenderText {#text} at (247,1) size 5x19
          text run at (247,1) width 5: " "
        RenderInline {SPAN} at (0,0) size 13x19
          RenderInline (generated) at (0,0) size 13x19
            RenderCounter at (251,1) size 13x19
              text run at (251,1) width 13: "\x{10DD}"
        RenderText {#text} at (263,1) size 5x19
          text run at (263,1) width 5: " "
        RenderInline {SPAN} at (0,0) size 9x19
          RenderInline (generated) at (0,0) size 9x19
            RenderCounter at (267,1) size 9x19
              text run at (267,1) width 9: "\x{10DE}"
        RenderText {#text} at (275,1) size 5x19
          text run at (275,1) width 5: " "
        RenderInline {SPAN} at (0,0) size 10x19
          RenderInline (generated) at (0,0) size 10x19
            RenderCounter at (279,1) size 10x19
              text run at (279,1) width 10: "\x{10DF}"
        RenderText {#text} at (288,1) size 5x19
          text run at (288,1) width 5: " "
        RenderInline {SPAN} at (0,0) size 13x19
          RenderInline (generated) at (0,0) size 13x19
            RenderCounter at (292,1) size 13x19
              text run at (292,1) width 13: "\x{10E0}"
        RenderText {#text} at (304,1) size 5x19
          text run at (304,1) width 5: " "
        RenderInline {SPAN} at (0,0) size 10x19
          RenderInline (generated) at (0,0) size 10x19
            RenderCounter at (308,1) size 10x19
              text run at (308,1) width 10: "\x{10E1}"
        RenderText {#text} at (317,1) size 5x19
          text run at (317,1) width 5: " "
        RenderInline {SPAN} at (0,0) size 11x19
          RenderInline (generated) at (0,0) size 11x19
            RenderCounter at (321,1) size 11x19
              text run at (321,1) width 11: "\x{10E2}"
        RenderText {#text} at (331,1) size 5x19
          text run at (331,1) width 5: " "
        RenderInline {SPAN} at (0,0) size 10x19
          RenderInline (generated) at (0,0) size 10x19
            RenderCounter at (335,1) size 10x19
              text run at (335,1) width 10: "\x{10F3}"
        RenderText {#text} at (344,1) size 5x19
          text run at (344,1) width 5: " "
        RenderInline {SPAN} at (0,0) size 14x19
          RenderInline (generated) at (0,0) size 14x19
            RenderCounter at (348,1) size 14x19
              text run at (348,1) width 14: "\x{10E4}"
        RenderText {#text} at (361,1) size 5x19
          text run at (361,1) width 5: " "
        RenderInline {SPAN} at (0,0) size 9x19
          RenderInline (generated) at (0,0) size 9x19
            RenderCounter at (365,1) size 9x19
              text run at (365,1) width 9: "\x{10E5}"
        RenderText {#text} at (373,1) size 5x19
          text run at (373,1) width 5: " "
        RenderInline {SPAN} at (0,0) size 13x19
          RenderInline (generated) at (0,0) size 13x19
            RenderCounter at (377,1) size 13x19
              text run at (377,1) width 13: "\x{10E6}"
        RenderText {#text} at (389,1) size 5x19
          text run at (389,1) width 5: " "
        RenderInline {SPAN} at (0,0) size 10x19
          RenderInline (generated) at (0,0) size 10x19
            RenderCounter at (393,1) size 10x19
              text run at (393,1) width 10: "\x{10E7}"
        RenderText {#text} at (402,1) size 5x19
          text run at (402,1) width 5: " "
        RenderInline {SPAN} at (0,0) size 10x19
          RenderInline (generated) at (0,0) size 10x19
            RenderCounter at (406,1) size 10x19
              text run at (406,1) width 10: "\x{10E8}"
        RenderText {#text} at (415,1) size 5x19
          text run at (415,1) width 5: " "
        RenderInline {SPAN} at (0,0) size 10x19
          RenderInline (generated) at (0,0) size 10x19
            RenderCounter at (419,1) size 10x19
              text run at (419,1) width 10: "\x{10E9}"
        RenderText {#text} at (428,1) size 5x19
          text run at (428,1) width 5: " "
        RenderInline {SPAN} at (0,0) size 11x19
          RenderInline (generated) at (0,0) size 11x19
            RenderCounter at (432,1) size 11x19
              text run at (432,1) width 11: "\x{10EA}"
        RenderText {#text} at (442,1) size 5x19
          text run at (442,1) width 5: " "
        RenderInline {SPAN} at (0,0) size 10x19
          RenderInline (generated) at (0,0) size 10x19
            RenderCounter at (446,1) size 10x19
              text run at (446,1) width 10: "\x{10EB}"
        RenderText {#text} at (455,1) size 5x19
          text run at (455,1) width 5: " "
        RenderInline {SPAN} at (0,0) size 10x19
          RenderInline (generated) at (0,0) size 10x19
            RenderCounter at (459,1) size 10x19
              text run at (459,1) width 10: "\x{10EC}"
        RenderText {#text} at (468,1) size 5x19
          text run at (468,1) width 5: " "
        RenderInline {SPAN} at (0,0) size 11x19
          RenderInline (generated) at (0,0) size 11x19
            RenderCounter at (472,1) size 11x19
              text run at (472,1) width 11: "\x{10ED}"
        RenderText {#text} at (482,1) size 5x19
          text run at (482,1) width 5: " "
        RenderInline {SPAN} at (0,0) size 10x19
          RenderInline (generated) at (0,0) size 10x19
            RenderCounter at (486,1) size 10x19
              text run at (486,1) width 10: "\x{10EE}"
        RenderText {#text} at (495,1) size 5x19
          text run at (495,1) width 5: " "
        RenderInline {SPAN} at (0,0) size 10x19
          RenderInline (generated) at (0,0) size 10x19
            RenderCounter at (499,1) size 10x19
              text run at (499,1) width 10: "\x{10F4}"
        RenderText {#text} at (508,1) size 5x19
          text run at (508,1) width 5: " "
        RenderInline {SPAN} at (0,0) size 9x19
          RenderInline (generated) at (0,0) size 9x19
            RenderCounter at (512,1) size 9x19
              text run at (512,1) width 9: "\x{10EF}"
        RenderText {#text} at (520,1) size 5x19
          text run at (520,1) width 5: " "
        RenderInline {SPAN} at (0,0) size 9x19
          RenderInline (generated) at (0,0) size 9x19
            RenderCounter at (524,1) size 9x19
              text run at (524,1) width 9: "\x{10F0}"
        RenderText {#text} at (532,1) size 5x19
          text run at (532,1) width 5: " "
        RenderInline {SPAN} at (0,0) size 11x19
          RenderInline (generated) at (0,0) size 11x19
            RenderCounter at (536,1) size 11x19
              text run at (536,1) width 11: "\x{10F5}"
        RenderText {#text} at (546,1) size 5x19
          text run at (546,1) width 5: " "
        RenderInline {SPAN} at (0,0) size 51x19
          RenderInline (generated) at (0,0) size 51x19
            RenderCounter at (550,1) size 51x19
              text run at (550,1) width 51: "\x{10F5}\x{10F0}\x{10E8}\x{10DF}\x{10D7}"
        RenderText {#text} at (0,0) size 0x0
      RenderBlock {DIV} at (0,57) size 784x21
        RenderText {#text} at (0,1) size 601x19
          text run at (0,1) width 13: "\x{10D0} "
          text run at (12,1) width 14: "\x{10D1} "
          text run at (25,1) width 13: "\x{10D2} "
          text run at (37,1) width 19: "\x{10D3} "
          text run at (55,1) width 13: "\x{10D4} "
          text run at (67,1) width 14: "\x{10D5} "
          text run at (80,1) width 15: "\x{10D6} "
          text run at (94,1) width 14: "\x{10F1} "
          text run at (107,1) width 19: "\x{10D7} "
          text run at (125,1) width 13: "\x{10D8} "
          text run at (137,1) width 22: "\x{10D8}\x{10D0} "
          text run at (158,1) width 23: "\x{10D8}\x{10D1} "
          text run at (180,1) width 13: "\x{10D9} "
          text run at (192,1) width 21: "\x{10DA} "
          text run at (212,1) width 14: "\x{10DB} "
          text run at (225,1) width 14: "\x{10DC} "
          text run at (238,1) width 14: "\x{10F2} "
          text run at (251,1) width 17: "\x{10DD} "
          text run at (267,1) width 13: "\x{10DE} "
          text run at (279,1) width 14: "\x{10DF} "
          text run at (292,1) width 17: "\x{10E0} "
          text run at (308,1) width 14: "\x{10E1} "
          text run at (321,1) width 15: "\x{10E2} "
          text run at (335,1) width 14: "\x{10F3} "
          text run at (348,1) width 18: "\x{10E4} "
          text run at (365,1) width 13: "\x{10E5} "
          text run at (377,1) width 17: "\x{10E6} "
          text run at (393,1) width 14: "\x{10E7} "
          text run at (406,1) width 14: "\x{10E8} "
          text run at (419,1) width 14: "\x{10E9} "
          text run at (432,1) width 15: "\x{10EA} "
          text run at (446,1) width 14: "\x{10EB} "
          text run at (459,1) width 14: "\x{10EC} "
          text run at (472,1) width 15: "\x{10ED} "
          text run at (486,1) width 14: "\x{10EE} "
          text run at (499,1) width 14: "\x{10F4} "
          text run at (512,1) width 13: "\x{10EF} "
          text run at (524,1) width 13: "\x{10F0} "
          text run at (536,1) width 15: "\x{10F5} "
          text run at (550,1) width 51: "\x{10F5}\x{10F0}\x{10E8}\x{10DF}\x{10D7}"
