layer at (0,0) size 800x600
  RenderView at (0,0) size 800x600
layer at (0,0) size 800x100
  RenderBlock {HTML} at (0,0) size 800x100
    RenderBody {BODY} at (8,16) size 784x76
      RenderBlock {P} at (0,0) size 784x20
        RenderText {#text} at (0,0) size 237x19
          text run at (0,0) width 237: "The following two lines should look "
        RenderInline {EM} at (0,0) size 93x19
          RenderText {#text} at (236,0) size 93x19
            text run at (236,0) width 93: "approximately"
        RenderText {#text} at (328,0) size 66x19
          text run at (328,0) width 66: " the same:"
      RenderBlock {DIV} at (0,36) size 784x20
        RenderInline {SPAN} at (0,0) size 12x19
          RenderInline (generated) at (0,0) size 12x19
            RenderCounter at (0,0) size 4x19
              text run at (0,0) width 4: "."
            RenderText at (4,0) size 8x19
              text run at (4,0) width 8: "z"
        RenderText {#text} at (11,0) size 5x19
          text run at (11,0) width 5: " "
        RenderInline {SPAN} at (0,0) size 12x19
          RenderInline (generated) at (0,0) size 12x19
            RenderCounter at (15,0) size 5x19
              text run at (15,0) width 5: "."
            RenderText at (19,0) size 8x19
              text run at (19,0) width 8: "z"
        RenderText {#text} at (26,0) size 5x19
          text run at (26,0) width 5: " "
        RenderInline {SPAN} at (0,0) size 12x19
          RenderInline (generated) at (0,0) size 12x19
            RenderCounter at (30,0) size 5x19
              text run at (30,0) width 5: "."
            RenderText at (34,0) size 8x19
              text run at (34,0) width 8: "z"
        RenderText {#text} at (41,0) size 5x19
          text run at (41,0) width 5: " "
        RenderInline {SPAN} at (0,0) size 12x19
          RenderInline (generated) at (0,0) size 12x19
            RenderCounter at (45,0) size 5x19
              text run at (45,0) width 5: "."
            RenderText at (49,0) size 8x19
              text run at (49,0) width 8: "z"
        RenderText {#text} at (56,0) size 5x19
          text run at (56,0) width 5: " "
        RenderInline {SPAN} at (0,0) size 12x19
          RenderInline (generated) at (0,0) size 12x19
            RenderCounter at (60,0) size 5x19
              text run at (60,0) width 5: "."
            RenderText at (64,0) size 8x19
              text run at (64,0) width 8: "z"
        RenderText {#text} at (71,0) size 5x19
          text run at (71,0) width 5: " "
        RenderInline {SPAN} at (0,0) size 12x19
          RenderInline (generated) at (0,0) size 12x19
            RenderCounter at (75,0) size 5x19
              text run at (75,0) width 5: "."
            RenderText at (79,0) size 8x19
              text run at (79,0) width 8: "z"
        RenderText {#text} at (86,0) size 5x19
          text run at (86,0) width 5: " "
        RenderInline {SPAN} at (0,0) size 12x19
          RenderInline (generated) at (0,0) size 12x19
            RenderCounter at (90,0) size 5x19
              text run at (90,0) width 5: "."
            RenderText at (94,0) size 8x19
              text run at (94,0) width 8: "z"
        RenderText {#text} at (101,0) size 5x19
          text run at (101,0) width 5: " "
        RenderInline {SPAN} at (0,0) size 12x19
          RenderInline (generated) at (0,0) size 12x19
            RenderCounter at (105,0) size 5x19
              text run at (105,0) width 5: "."
            RenderText at (109,0) size 8x19
              text run at (109,0) width 8: "z"
        RenderText {#text} at (116,0) size 5x19
          text run at (116,0) width 5: " "
        RenderInline {SPAN} at (0,0) size 12x19
          RenderInline (generated) at (0,0) size 12x19
            RenderCounter at (120,0) size 5x19
              text run at (120,0) width 5: "."
            RenderText at (124,0) size 8x19
              text run at (124,0) width 8: "z"
        RenderText {#text} at (131,0) size 5x19
          text run at (131,0) width 5: " "
        RenderInline {SPAN} at (0,0) size 13x19
          RenderInline (generated) at (0,0) size 13x19
            RenderCounter at (135,0) size 5x19
              text run at (135,0) width 5: "."
            RenderText at (139,0) size 9x19
              text run at (139,0) width 9: "z"
        RenderText {#text} at (147,0) size 5x19
          text run at (147,0) width 5: " "
        RenderInline {SPAN} at (0,0) size 12x19
          RenderInline (generated) at (0,0) size 12x19
            RenderCounter at (151,0) size 5x19
              text run at (151,0) width 5: "."
            RenderText at (155,0) size 8x19
              text run at (155,0) width 8: "z"
        RenderText {#text} at (162,0) size 5x19
          text run at (162,0) width 5: " "
        RenderInline {SPAN} at (0,0) size 12x19
          RenderInline (generated) at (0,0) size 12x19
            RenderCounter at (166,0) size 5x19
              text run at (166,0) width 5: "."
            RenderText at (170,0) size 8x19
              text run at (170,0) width 8: "z"
        RenderText {#text} at (0,0) size 0x0
      RenderBlock {DIV} at (0,56) size 784x20
        RenderText {#text} at (0,0) size 178x19
          text run at (0,0) width 16: ".z "
          text run at (15,0) width 16: ".z "
          text run at (30,0) width 16: ".z "
          text run at (45,0) width 16: ".z "
          text run at (60,0) width 16: ".z "
          text run at (75,0) width 16: ".z "
          text run at (90,0) width 16: ".z "
          text run at (105,0) width 16: ".z "
          text run at (120,0) width 16: ".z "
          text run at (135,0) width 17: ".z "
          text run at (151,0) width 16: ".z "
          text run at (166,0) width 12: ".z"
