layer at (0,0) size 800x600
  RenderView at (0,0) size 800x600
layer at (0,0) size 800x100
  RenderBlock {HTML} at (0,0) size 800x100
    RenderBody {BODY} at (8,16) size 784x76
      RenderBlock {P} at (0,0) size 784x20
        RenderText {#text} at (0,0) size 298x19
          text run at (0,0) width 298: "The following two lines should look the same:"
      RenderBlock {DIV} at (0,36) size 784x20
        RenderInline {SPAN} at (0,0) size 9x19
          RenderInline (generated) at (0,0) size 9x19
            RenderCounter at (0,0) size 9x19
              text run at (0,0) width 9: "\x{3B1}"
        RenderText {#text} at (8,0) size 5x19
          text run at (8,0) width 5: " "
        RenderInline {SPAN} at (0,0) size 9x19
          RenderInline (generated) at (0,0) size 9x19
            RenderCounter at (12,0) size 9x19
              text run at (12,0) width 9: "\x{3B2}"
        RenderText {#text} at (20,0) size 5x19
          text run at (20,0) width 5: " "
        RenderInline {SPAN} at (0,0) size 8x19
          RenderInline (generated) at (0,0) size 8x19
            RenderCounter at (24,0) size 8x19
              text run at (24,0) width 8: "\x{3B3}"
        RenderText {#text} at (31,0) size 5x19
          text run at (31,0) width 5: " "
        RenderInline {SPAN} at (0,0) size 9x19
          RenderInline (generated) at (0,0) size 9x19
            RenderCounter at (35,0) size 9x19
              text run at (35,0) width 9: "\x{3B4}"
        RenderText {#text} at (43,0) size 5x19
          text run at (43,0) width 5: " "
        RenderInline {SPAN} at (0,0) size 7x19
          RenderInline (generated) at (0,0) size 7x19
            RenderCounter at (47,0) size 7x19
              text run at (47,0) width 7: "\x{3B5}"
        RenderText {#text} at (53,0) size 5x19
          text run at (53,0) width 5: " "
        RenderInline {SPAN} at (0,0) size 8x19
          RenderInline (generated) at (0,0) size 8x19
            RenderCounter at (57,0) size 8x19
              text run at (57,0) width 8: "\x{3B6}"
        RenderText {#text} at (64,0) size 5x19
          text run at (64,0) width 5: " "
        RenderInline {SPAN} at (0,0) size 9x19
          RenderInline (generated) at (0,0) size 9x19
            RenderCounter at (68,0) size 9x19
              text run at (68,0) width 9: "\x{3B7}"
        RenderText {#text} at (76,0) size 5x19
          text run at (76,0) width 5: " "
        RenderInline {SPAN} at (0,0) size 9x19
          RenderInline (generated) at (0,0) size 9x19
            RenderCounter at (80,0) size 9x19
              text run at (80,0) width 9: "\x{3B8}"
        RenderText {#text} at (88,0) size 5x19
          text run at (88,0) width 5: " "
        RenderInline {SPAN} at (0,0) size 5x19
          RenderInline (generated) at (0,0) size 5x19
            RenderCounter at (92,0) size 5x19
              text run at (92,0) width 5: "\x{3B9}"
        RenderText {#text} at (96,0) size 5x19
          text run at (96,0) width 5: " "
        RenderInline {SPAN} at (0,0) size 9x19
          RenderInline (generated) at (0,0) size 9x19
            RenderCounter at (100,0) size 9x19
              text run at (100,0) width 9: "\x{3BA}"
        RenderText {#text} at (108,0) size 5x19
          text run at (108,0) width 5: " "
        RenderInline {SPAN} at (0,0) size 9x19
          RenderInline (generated) at (0,0) size 9x19
            RenderCounter at (112,0) size 9x19
              text run at (112,0) width 9: "\x{3BB}"
        RenderText {#text} at (120,0) size 5x19
          text run at (120,0) width 5: " "
        RenderInline {SPAN} at (0,0) size 10x19
          RenderInline (generated) at (0,0) size 10x19
            RenderCounter at (124,0) size 10x19
              text run at (124,0) width 10: "\x{3BC}"
        RenderText {#text} at (0,0) size 0x0
      RenderBlock {DIV} at (0,56) size 784x20
        RenderText {#text} at (0,0) size 134x19
          text run at (0,0) width 13: "\x{3B1} "
          text run at (12,0) width 13: "\x{3B2} "
          text run at (24,0) width 12: "\x{3B3} "
          text run at (35,0) width 13: "\x{3B4} "
          text run at (47,0) width 11: "\x{3B5} "
          text run at (57,0) width 12: "\x{3B6} "
          text run at (68,0) width 13: "\x{3B7} "
          text run at (80,0) width 13: "\x{3B8} "
          text run at (92,0) width 9: "\x{3B9} "
          text run at (100,0) width 13: "\x{3BA} "
          text run at (112,0) width 13: "\x{3BB} "
          text run at (124,0) width 10: "\x{3BC}"
