layer at (0,0) size 800x600
  RenderView at (0,0) size 800x600
layer at (0,0) size 800x210
  RenderBlock {HTML} at (0,0) size 800x210
    RenderBody {BODY} at (8,16) size 784x178 [color=#000080]
      RenderBlock {P} at (0,0) size 784x20
        RenderText {#text} at (0,0) size 239x19
          text run at (0,0) width 239: "Each bullet should look as described."
      RenderBlock {UL} at (0,36) size 784x66
        RenderListItem {LI} at (40,0) size 744x22
          RenderListMarker at (-24,0) size 17x17
          RenderText {#text} at (0,2) size 87x19
            text run at (0,2) width 87: "purple square"
        RenderListItem {LI} at (40,22) size 744x22
          RenderListMarker at (-24,0) size 17x17
          RenderText {#text} at (0,2) size 87x19
            text run at (0,2) width 87: "purple square"
        RenderListItem {LI} at (40,44) size 744x22
          RenderListMarker at (-24,0) size 17x17
          RenderText {#text} at (0,2) size 87x19
            text run at (0,2) width 87: "purple square"
      RenderBlock {UL} at (0,118) size 784x60
        RenderListItem {LI} at (40,0) size 744x20
          RenderListMarker at (-18,0) size 7x19: bullet
          RenderText {#text} at (0,0) size 26x19
            text run at (0,0) width 26: "disc"
        RenderListItem {LI} at (40,20) size 744x20
          RenderListMarker at (-18,0) size 7x19: bullet
          RenderText {#text} at (0,0) size 26x19
            text run at (0,0) width 26: "disc"
        RenderListItem {LI} at (40,40) size 744x20
          RenderListMarker at (-18,0) size 7x19: bullet
          RenderText {#text} at (0,0) size 26x19
            text run at (0,0) width 26: "disc"
