layer at (0,0) size 800x600
  RenderView at (0,0) size 800x600
layer at (0,0) size 800x100
  RenderBlock {HTML} at (0,0) size 800x100
    RenderBody {BODY} at (8,16) size 784x76
      RenderBlock {P} at (0,0) size 784x20
        RenderText {#text} at (0,0) size 298x19
          text run at (0,0) width 298: "The following two lines should look the same:"
      RenderBlock {DIV} at (0,36) size 784x20
        RenderInline {SPAN} at (0,0) size 34x19
          RenderInline (generated) at (0,0) size 34x19
            RenderCounter at (0,0) size 20x19
              text run at (0,0) width 20: "1.1"
            RenderText at (20,0) size 14x19
              text run at (20,0) width 14: " - "
        RenderInline {SPAN} at (0,0) size 30x19
          RenderInline (generated) at (0,0) size 30x19
            RenderCounter at (33,0) size 17x19
              text run at (33,0) width 17: "12"
            RenderText at (49,0) size 14x19
              text run at (49,0) width 14: " - "
        RenderInline {SPAN} at (0,0) size 124x19
          RenderInline (generated) at (0,0) size 124x19
            RenderCounter at (62,0) size 21x19
              text run at (62,0) width 21: "1.3"
            RenderText at (82,0) size 50x19
              text run at (82,0) width 50: "--       --"
            RenderCounter at (131,0) size 55x19
              text run at (131,0) width 55: "1-------3"
      RenderBlock {DIV} at (0,56) size 784x20
        RenderText {#text} at (0,0) size 186x19
          text run at (0,0) width 186: "1.1 - 12 - 1.3--       --1-------3"
