layer at (0,0) size 800x600
  RenderView at (0,0) size 800x600
layer at (0,0) size 800x100
  RenderBlock {HTML} at (0,0) size 800x100
    RenderBody {BODY} at (8,16) size 784x76
      RenderBlock {P} at (0,0) size 784x20
        RenderText {#text} at (0,0) size 237x19
          text run at (0,0) width 237: "The following two lines should look "
        RenderInline {EM} at (0,0) size 93x19
          RenderText {#text} at (236,0) size 93x19
            text run at (236,0) width 93: "approximately"
        RenderText {#text} at (328,0) size 66x19
          text run at (328,0) width 66: " the same:"
      RenderBlock {DIV} at (0,36) size 784x20
        RenderInline {SPAN} at (0,0) size 6x19
          RenderInline (generated) at (0,0) size 6x19
            RenderCounter at (0,0) size 6x19
              text run at (0,0) width 6: "\x{25E6}"
        RenderText {#text} at (5,0) size 5x19
          text run at (5,0) width 5: " "
        RenderInline {SPAN} at (0,0) size 7x19
          RenderInline (generated) at (0,0) size 7x19
            RenderCounter at (9,0) size 7x19
              text run at (9,0) width 7: "\x{25E6}"
        RenderText {#text} at (15,0) size 5x19
          text run at (15,0) width 5: " "
        RenderInline {SPAN} at (0,0) size 7x19
          RenderInline (generated) at (0,0) size 7x19
            RenderCounter at (19,0) size 7x19
              text run at (19,0) width 7: "\x{25E6}"
        RenderText {#text} at (25,0) size 5x19
          text run at (25,0) width 5: " "
        RenderInline {SPAN} at (0,0) size 6x19
          RenderInline (generated) at (0,0) size 6x19
            RenderCounter at (29,0) size 6x19
              text run at (29,0) width 6: "\x{25E6}"
        RenderText {#text} at (34,0) size 5x19
          text run at (34,0) width 5: " "
        RenderInline {SPAN} at (0,0) size 7x19
          RenderInline (generated) at (0,0) size 7x19
            RenderCounter at (38,0) size 7x19
              text run at (38,0) width 7: "\x{25E6}"
        RenderText {#text} at (44,0) size 5x19
          text run at (44,0) width 5: " "
        RenderInline {SPAN} at (0,0) size 7x19
          RenderInline (generated) at (0,0) size 7x19
            RenderCounter at (48,0) size 7x19
              text run at (48,0) width 7: "\x{25E6}"
        RenderText {#text} at (54,0) size 5x19
          text run at (54,0) width 5: " "
        RenderInline {SPAN} at (0,0) size 6x19
          RenderInline (generated) at (0,0) size 6x19
            RenderCounter at (58,0) size 6x19
              text run at (58,0) width 6: "\x{25E6}"
        RenderText {#text} at (63,0) size 5x19
          text run at (63,0) width 5: " "
        RenderInline {SPAN} at (0,0) size 7x19
          RenderInline (generated) at (0,0) size 7x19
            RenderCounter at (67,0) size 7x19
              text run at (67,0) width 7: "\x{25E6}"
        RenderText {#text} at (73,0) size 5x19
          text run at (73,0) width 5: " "
        RenderInline {SPAN} at (0,0) size 7x19
          RenderInline (generated) at (0,0) size 7x19
            RenderCounter at (77,0) size 7x19
              text run at (77,0) width 7: "\x{25E6}"
        RenderText {#text} at (83,0) size 5x19
          text run at (83,0) width 5: " "
        RenderInline {SPAN} at (0,0) size 6x19
          RenderInline (generated) at (0,0) size 6x19
            RenderCounter at (87,0) size 6x19
              text run at (87,0) width 6: "\x{25E6}"
        RenderText {#text} at (92,0) size 5x19
          text run at (92,0) width 5: " "
        RenderInline {SPAN} at (0,0) size 7x19
          RenderInline (generated) at (0,0) size 7x19
            RenderCounter at (96,0) size 7x19
              text run at (96,0) width 7: "\x{25E6}"
        RenderText {#text} at (102,0) size 5x19
          text run at (102,0) width 5: " "
        RenderInline {SPAN} at (0,0) size 7x19
          RenderInline (generated) at (0,0) size 7x19
            RenderCounter at (106,0) size 7x19
              text run at (106,0) width 7: "\x{25E6}"
        RenderText {#text} at (0,0) size 0x0
      RenderBlock {DIV} at (0,56) size 784x20
        RenderText {#text} at (0,0) size 113x19
          text run at (0,0) width 10: "\x{25E6} "
          text run at (9,0) width 11: "\x{25E6} "
          text run at (19,0) width 11: "\x{25E6} "
          text run at (29,0) width 10: "\x{25E6} "
          text run at (38,0) width 11: "\x{25E6} "
          text run at (48,0) width 11: "\x{25E6} "
          text run at (58,0) width 10: "\x{25E6} "
          text run at (67,0) width 11: "\x{25E6} "
          text run at (77,0) width 11: "\x{25E6} "
          text run at (87,0) width 10: "\x{25E6} "
          text run at (96,0) width 11: "\x{25E6} "
          text run at (106,0) width 7: "\x{25E6}"
