layer at (0,0) size 800x600
  RenderView at (0,0) size 800x600
layer at (0,0) size 800x107
  RenderBlock {HTML} at (0,0) size 800x107
    RenderBody {BODY} at (8,16) size 784x83
      RenderBlock {P} at (0,0) size 784x20
        RenderText {#text} at (0,0) size 237x19
          text run at (0,0) width 237: "The following two lines should look "
        RenderInline {EM} at (0,0) size 93x19
          RenderText {#text} at (236,0) size 93x19
            text run at (236,0) width 93: "approximately"
        RenderText {#text} at (328,0) size 66x19
          text run at (328,0) width 66: " the same:"
      RenderBlock {DIV} at (0,36) size 784x20
        RenderInline {SPAN} at (0,0) size 24x19
          RenderInline (generated) at (0,0) size 24x19
            RenderCounter at (0,0) size 24x19
              text run at (0,0) width 24: "\x{25A0}.\x{25A0}"
        RenderText {#text} at (23,0) size 5x19
          text run at (23,0) width 5: " "
        RenderInline {SPAN} at (0,0) size 24x19
          RenderInline (generated) at (0,0) size 24x19
            RenderCounter at (27,0) size 24x19
              text run at (27,0) width 24: "\x{25A0}.\x{25A0}"
        RenderText {#text} at (50,0) size 5x19
          text run at (50,0) width 5: " "
        RenderInline {SPAN} at (0,0) size 24x19
          RenderInline (generated) at (0,0) size 24x19
            RenderCounter at (54,0) size 24x19
              text run at (54,0) width 24: "\x{25A0}.\x{25A0}"
        RenderText {#text} at (77,0) size 5x19
          text run at (77,0) width 5: " "
        RenderInline {SPAN} at (0,0) size 25x19
          RenderInline (generated) at (0,0) size 25x19
            RenderCounter at (81,0) size 25x19
              text run at (81,0) width 25: "\x{25A0}.\x{25A0}"
        RenderText {#text} at (105,0) size 5x19
          text run at (105,0) width 5: " "
        RenderInline {SPAN} at (0,0) size 24x19
          RenderInline (generated) at (0,0) size 24x19
            RenderCounter at (109,0) size 24x19
              text run at (109,0) width 24: "\x{25A0}.\x{25A0}"
        RenderText {#text} at (132,0) size 5x19
          text run at (132,0) width 5: " "
        RenderInline {SPAN} at (0,0) size 24x19
          RenderInline (generated) at (0,0) size 24x19
            RenderCounter at (136,0) size 24x19
              text run at (136,0) width 24: "\x{25A0}.\x{25A0}"
        RenderText {#text} at (159,0) size 5x19
          text run at (159,0) width 5: " "
        RenderInline {SPAN} at (0,0) size 25x19
          RenderInline (generated) at (0,0) size 25x19
            RenderCounter at (163,0) size 25x19
              text run at (163,0) width 25: "\x{25A0}.\x{25A0}"
        RenderText {#text} at (187,0) size 5x19
          text run at (187,0) width 5: " "
        RenderInline {SPAN} at (0,0) size 24x19
          RenderInline (generated) at (0,0) size 24x19
            RenderCounter at (191,0) size 24x19
              text run at (191,0) width 24: "\x{25A0}.\x{25A0}"
        RenderText {#text} at (214,0) size 5x19
          text run at (214,0) width 5: " "
        RenderInline {SPAN} at (0,0) size 24x19
          RenderInline (generated) at (0,0) size 24x19
            RenderCounter at (218,0) size 24x19
              text run at (218,0) width 24: "\x{25A0}.\x{25A0}"
        RenderText {#text} at (241,0) size 5x19
          text run at (241,0) width 5: " "
        RenderInline {SPAN} at (0,0) size 25x19
          RenderInline (generated) at (0,0) size 25x19
            RenderCounter at (245,0) size 25x19
              text run at (245,0) width 25: "\x{25A0}.\x{25A0}"
        RenderText {#text} at (269,0) size 5x19
          text run at (269,0) width 5: " "
        RenderInline {SPAN} at (0,0) size 24x19
          RenderInline (generated) at (0,0) size 24x19
            RenderCounter at (273,0) size 24x19
              text run at (273,0) width 24: "\x{25A0}.\x{25A0}"
        RenderText {#text} at (296,0) size 5x19
          text run at (296,0) width 5: " "
        RenderInline {SPAN} at (0,0) size 24x19
          RenderInline (generated) at (0,0) size 24x19
            RenderCounter at (300,0) size 24x19
              text run at (300,0) width 24: "\x{25A0}.\x{25A0}"
        RenderText {#text} at (0,0) size 0x0
      RenderBlock {DIV} at (0,56) size 784x27
        RenderText {#text} at (0,5) size 596x19
          text run at (0,5) width 50: "\x{25FE}.\x{25FE} "
          text run at (50,5) width 50: "\x{25FE}.\x{25FE} "
          text run at (100,5) width 50: "\x{25FE}.\x{25FE} "
          text run at (150,5) width 50: "\x{25FE}.\x{25FE} "
          text run at (200,5) width 50: "\x{25FE}.\x{25FE} "
          text run at (250,5) width 50: "\x{25FE}.\x{25FE} "
          text run at (300,5) width 50: "\x{25FE}.\x{25FE} "
          text run at (350,5) width 50: "\x{25FE}.\x{25FE} "
          text run at (400,5) width 50: "\x{25FE}.\x{25FE} "
          text run at (450,5) width 50: "\x{25FE}.\x{25FE} "
          text run at (500,5) width 50: "\x{25FE}.\x{25FE} "
          text run at (550,5) width 46: "\x{25FE}.\x{25FE}"
