layer at (0,0) size 800x600
  RenderView at (0,0) size 800x600
layer at (0,0) size 800x287
  RenderBlock {HTML} at (0,0) size 800x287
    RenderBody {BODY} at (8,8) size 784x271
      RenderBlock {DIV} at (0,0) size 784x120
        RenderBlock {P} at (0,0) size 784x20 [color=#000080]
          RenderText {#text} at (0,0) size 248x19
            text run at (0,0) width 248: "This sentence should be in a serif font."
        RenderBlock {P} at (0,20) size 784x20 [color=#000080]
          RenderText {#text} at (0,0) size 248x19
            text run at (0,0) width 248: "This sentence should be in a serif font."
        RenderBlock {P} at (0,40) size 784x20 [color=#000080]
          RenderText {#text} at (0,0) size 314x20
            text run at (0,0) width 314: "This sentence should be in a sans-serif font."
        RenderBlock {P} at (0,60) size 784x20 [color=#000080]
          RenderText {#text} at (0,0) size 265x19
            text run at (0,0) width 265: "This sentence should be in a cursive font."
        RenderBlock {P} at (0,80) size 784x26 [color=#000080]
          RenderText {#text} at (0,0) size 296x26
            text run at (0,0) width 296: "This sentence should be in a fantasy font."
        RenderBlock {P} at (0,106) size 784x14 [color=#000080]
          RenderText {#text} at (0,0) size 344x14
            text run at (0,0) width 344: "This sentence should be in a monospace font."
      RenderBlock {P} at (0,120) size 784x20 [color=#000080]
        RenderText {#text} at (0,0) size 314x20
          text run at (0,0) width 314: "This sentence should be in a sans-serif font."
      RenderBlock {P} at (0,140) size 784x17 [color=#000080]
        RenderText {#text} at (0,0) size 423x17
          text run at (0,0) width 423: "This sentence should be in a monospace font."
      RenderBlock {DIV} at (0,157) size 784x114
        RenderBlock {P} at (0,0) size 784x14 [color=#000080]
          RenderText {#text} at (0,0) size 344x14
            text run at (0,0) width 344: "This sentence should be in a monospace font."
        RenderBlock {P} at (0,14) size 784x20 [color=#000080]
          RenderText {#text} at (0,0) size 248x19
            text run at (0,0) width 248: "This sentence should be in a serif font."
        RenderBlock {P} at (0,34) size 784x20 [color=#000080]
          RenderText {#text} at (0,0) size 314x20
            text run at (0,0) width 314: "This sentence should be in a sans-serif font."
        RenderBlock {P} at (0,54) size 784x20 [color=#000080]
          RenderText {#text} at (0,0) size 265x19
            text run at (0,0) width 265: "This sentence should be in a cursive font."
        RenderBlock {P} at (0,74) size 784x26 [color=#000080]
          RenderText {#text} at (0,0) size 296x26
            text run at (0,0) width 296: "This sentence should be in a fantasy font."
        RenderBlock {P} at (0,100) size 784x14 [color=#000080]
          RenderText {#text} at (0,0) size 344x14
            text run at (0,0) width 344: "This sentence should be in a monospace font."
