layer at (0,0) size 800x600
  RenderView at (0,0) size 800x600
layer at (0,0) size 800x236
  RenderBlock {HTML} at (0,0) size 800x236
    RenderBody {BODY} at (8,16) size 784x212
      RenderBlock {P} at (0,0) size 784x40 [bgcolor=#00FFFF]
        RenderText {#text} at (392,0) size 759x39
          text run at (392,0) width 367: "The first line of this sentence should be indented halfway"
          text run at (0,20) width 68: "across the "
          text run at (67,20) width 426: "page, but the rest of it should be flush with the normal left margin "
          text run at (492,20) width 76: "of the page."
      RenderBlock {P} at (0,56) size 784x80 [bgcolor=#00FFFF]
        RenderText {#text} at (80,0) size 217x19
          text run at (80,0) width 217: "Only the first line of this sentence"
        RenderBR {BR} at (296,0) size 1x19
        RenderText {#text} at (0,20) size 125x19
          text run at (0,20) width 125: "should be indented,"
        RenderBR {BR} at (124,20) size 1x19
        RenderText {#text} at (0,40) size 149x19
          text run at (0,40) width 149: "the others should all be"
        RenderBR {BR} at (148,40) size 1x19
        RenderInline {EM} at (0,0) size 116x19
          RenderText {#text} at (0,60) size 116x19
            text run at (0,60) width 116: "aligned on the left"
        RenderText {#text} at (115,60) size 101x19
          text run at (115,60) width 101: " of the window."
      RenderBlock {DIV} at (0,152) size 196x60 [bgcolor=#00FFFF]
        RenderText {#text} at (98,0) size 181x59
          text run at (98,0) width 76: "X The X on"
          text run at (0,20) width 173: "the previous line should be"
          text run at (0,40) width 181: "centered across the window."
