layer at (0,0) size 800x600
  RenderView at (0,0) size 800x600
layer at (0,0) size 800x324
  RenderBlock {HTML} at (0,0) size 800x324
    RenderBody {BODY} at (8,16) size 784x300
      RenderBlock {P} at (0,0) size 784x20
        RenderText {#text} at (0,0) size 722x19
          text run at (0,0) width 722: "There should be a stripy pattern of yellow and aqua below (each vertical stripe should be straight and unbroken)."
      RenderBlock {DIV} at (0,36) size 432x24 [color=#00FFFF] [bgcolor=#FFFF00]
        RenderText {#text} at (0,-1) size 360x25
          text run at (0,-1) width 360: "x x   x x   x x"
      RenderBlock {DIV} at (0,60) size 432x24 [color=#00FFFF] [bgcolor=#FFFF00]
        RenderText {#text} at (0,-1) size 360x25
          text run at (0,-1) width 360: "x x   x x   x x"
      RenderBlock {DIV} at (0,84) size 432x24 [color=#00FFFF] [bgcolor=#FFFF00]
        RenderText {#text} at (0,-1) size 360x25
          text run at (0,-1) width 360: "x x   x x   x x"
      RenderBlock {DIV} at (0,108) size 432x24 [color=#00FFFF] [bgcolor=#FFFF00]
        RenderText {#text} at (0,-1) size 384x25
          text run at (0,-1) width 384: "xx xx xx"
      RenderBlock {DIV} at (0,132) size 432x24 [color=#00FFFF] [bgcolor=#FFFF00]
        RenderText {#text} at (0,-1) size 384x25
          text run at (0,-1) width 384: "xx xx xx"
      RenderBlock {DIV} at (0,156) size 432x24 [color=#00FFFF] [bgcolor=#FFFF00]
        RenderText {#text} at (0,-1) size 384x25
          text run at (0,-1) width 384: "xx xx xx"
      RenderBlock {DIV} at (0,180) size 432x24 [color=#00FFFF] [bgcolor=#FFFF00]
        RenderText {#text} at (0,-1) size 384x25
          text run at (0,-1) width 384: "xx xx xx"
      RenderBlock {DIV} at (0,204) size 432x24 [color=#00FFFF] [bgcolor=#FFFF00]
        RenderText {#text} at (0,-1) size 384x25
          text run at (0,-1) width 384: "xx xx xx"
      RenderBlock {DIV} at (0,228) size 432x24 [color=#00FFFF] [bgcolor=#FFFF00]
        RenderText {#text} at (0,-1) size 384x25
          text run at (0,-1) width 384: "xx xx xx"
      RenderBlock {DIV} at (0,252) size 432x24 [color=#00FFFF] [bgcolor=#FFFF00]
        RenderText {#text} at (0,-1) size 432x25
          text run at (0,-1) width 432: "xx xx xx"
      RenderBlock {DIV} at (0,276) size 432x24 [color=#00FFFF] [bgcolor=#FFFF00]
        RenderText {#text} at (0,-1) size 384x25
          text run at (0,-1) width 384: "xx xx xx"
