layer at (0,0) size 800x600
  RenderView at (0,0) size 800x600
layer at (0,0) size 800x440
  RenderBlock {HTML} at (0,0) size 800x440
    RenderBody {BODY} at (8,16) size 784x408
      RenderBlock {P} at (0,0) size 784x20 [color=#000080]
        RenderText {#text} at (0,0) size 241x19
          text run at (0,0) width 241: "This sentence should be left-justified."
      RenderBlock {P} at (0,36) size 784x20 [color=#000080]
        RenderText {#text} at (534,0) size 250x19
          text run at (534,0) width 250: "This sentence should be right-justified."
      RenderBlock {P} at (0,72) size 784x20 [color=#000080]
        RenderText {#text} at (284,0) size 216x19
          text run at (284,0) width 216: "This sentence should be centered."
      RenderBlock {P} at (0,108) size 784x300 [color=#000080]
        RenderText {#text} at (0,0) size 519x19
          text run at (0,0) width 410: "This paragraph should be justified (the right and left margins "
          text run at (409,0) width 110: "should line up). "
        RenderInline {SPAN} at (0,0) size 784x279 [color=#C0C0C0]
          RenderText {#text} at (518,0) size 784x279
            text run at (518,0) width 266: "This is just lovely dummy text. Dummy"
            text run at (0,20) width 89: "text. Dummy "
            text run at (88,20) width 529: "text. This is just lovely dummy text. This is just lovely dummy text. Dummy text. "
            text run at (616,20) width 168: "This is just lovely dummy"
            text run at (0,40) width 381: "text. This is just lovely dummy text. Dummy text. Dummy "
            text run at (380,40) width 404: "text. This is just lovely dummy text. This is just lovely dummy"
            text run at (0,60) width 122: "text. Dummy text. "
            text run at (121,60) width 560: "This is just lovely dummy text. This is just lovely dummy text. Dummy text. Dummy "
            text run at (680,60) width 104: "text. This is just"
            text run at (0,80) width 446: "lovely dummy text. This is just lovely dummy text. Dummy text. "
            text run at (445,80) width 339: "This is just lovely dummy text. This is just lovely"
            text run at (0,100) width 239: "dummy text. Dummy text. Dummy "
            text run at (238,100) width 546: "text. This is just lovely dummy text. This is just lovely dummy text. Dummy text."
            text run at (0,120) width 553: "This is just lovely dummy text. This is just lovely dummy text. Dummy text. Dummy "
            text run at (552,120) width 232: "text. This is just lovely dummy text."
            text run at (0,140) width 293: "This is just lovely dummy text. Dummy text. "
            text run at (292,140) width 492: "This is just lovely dummy text. This is just lovely dummy text. Dummy text."
            text run at (0,160) width 57: "Dummy "
            text run at (56,160) width 529: "text. This is just lovely dummy text. This is just lovely dummy text. Dummy text. "
            text run at (584,160) width 200: "This is just lovely dummy text."
            text run at (0,180) width 349: "This is just lovely dummy text. Dummy text. Dummy "
            text run at (348,180) width 436: "text. This is just lovely dummy text. This is just lovely dummy text."
            text run at (0,200) width 93: "Dummy text. "
            text run at (92,200) width 584: "This is just lovely dummy text. This is just lovely dummy text. Dummy text. Dummy "
            text run at (675,200) width 109: "text. This is just"
            text run at (0,220) width 446: "lovely dummy text. This is just lovely dummy text. Dummy text. "
            text run at (445,220) width 339: "This is just lovely dummy text. This is just lovely"
            text run at (0,240) width 239: "dummy text. Dummy text. Dummy "
            text run at (238,240) width 546: "text. This is just lovely dummy text. This is just lovely dummy text. Dummy text."
            text run at (0,260) width 571: "This is just lovely dummy text. This is just lovely dummy text. Dummy text. Dummy "
            text run at (570,260) width 126: "text. Dummy text. "
        RenderText {#text} at (695,260) size 784x39
          text run at (695,260) width 89: "This sentence"
          text run at (0,280) width 173: "should be at the end of the "
          text run at (172,280) width 126: "block, not justified."
