layer at (0,0) size 800x600
  RenderView at (0,0) size 800x600
layer at (0,0) size 800x230
  RenderBlock {HTML} at (0,0) size 800x230
    RenderBody {BODY} at (8,16) size 784x206
      RenderBlock {P} at (0,0) size 784x20
        RenderText {#text} at (0,0) size 322x19
          text run at (0,0) width 322: "There should be no red borders on the table below"
      RenderTable {TABLE} at (0,36) size 127x170 [border: (2.50px none #808080)]
        RenderTableSection {TBODY} at (2,2) size 123x166
          RenderTableRow {TR} at (0,0) size 122x55
            RenderTableCell {TD} at (0,14) size 39x27 [border: (2.50px solid #00FF00)] [r=0 c=0 rs=1 cs=1]
              RenderText {#text} at (3,17) size 32x20
                text run at (3,3) width 32: "solid"
            RenderTableCell {TD} at (38,15) size 46x25 [border: (2.50px solid #00FF00) none (2.50px solid #00FF00)] [r=0 c=1 rs=1 cs=1]
              RenderText {#text} at (3,18) size 32x20
                text run at (3,3) width 32: "solid"
            RenderTableCell {TD} at (83,14) size 39x27 [border: (2.50px solid #00FF00)] [r=0 c=2 rs=1 cs=1]
              RenderText {#text} at (3,17) size 32x20
                text run at (3,3) width 32: "solid"
          RenderTableRow {TR} at (0,55) size 122x55
            RenderTableCell {TD} at (0,69) size 39x27 [border: (2.50px solid #00FF00) none (2.50px solid #00FF00)] [r=1 c=0 rs=1 cs=1]
              RenderText {#text} at (3,17) size 32x20
                text run at (3,3) width 32: "solid"
            RenderTableCell {TD} at (38,71) size 46x23 [r=1 c=1 rs=1 cs=1]
              RenderText {#text} at (1,17) size 44x20
                text run at (1,1) width 44: "hidden"
            RenderTableCell {TD} at (83,69) size 39x27 [border: (2.50px solid #00FF00) none] [r=1 c=2 rs=1 cs=1]
              RenderText {#text} at (1,17) size 32x20
                text run at (1,3) width 32: "solid"
          RenderTableRow {TR} at (0,110) size 122x55
            RenderTableCell {TD} at (0,124) size 39x27 [border: (2.50px solid #00FF00)] [r=2 c=0 rs=1 cs=1]
              RenderText {#text} at (3,17) size 32x20
                text run at (3,3) width 32: "solid"
            RenderTableCell {TD} at (38,125) size 46x25 [border: none (2.50px solid #00FF00)] [r=2 c=1 rs=1 cs=1]
              RenderText {#text} at (3,16) size 32x20
                text run at (3,1) width 32: "solid"
            RenderTableCell {TD} at (83,124) size 39x27 [border: (2.50px solid #00FF00)] [r=2 c=2 rs=1 cs=1]
              RenderText {#text} at (3,17) size 32x20
                text run at (3,3) width 32: "solid"
