layer at (0,0) size 800x600
  RenderView at (0,0) size 800x600
layer at (0,0) size 800x240
  RenderBlock {HTML} at (0,0) size 800x240
    RenderBody {BODY} at (8,16) size 784x216
      RenderBlock {P} at (0,0) size 784x20
        RenderText {#text} at (0,0) size 322x19
          text run at (0,0) width 322: "There should be no red borders on the table below"
      RenderTable {TABLE} at (0,36) size 156x180 [border: (2.50px none #808080)]
        RenderTableSection {TBODY} at (2,2) size 152x176
          RenderTableRow {TR} at (0,0) size 151x58
            RenderTableCell {TD} at (0,15) size 50x28 [border: (2.50px dotted #00FF00)] [r=0 c=0 rs=1 cs=1]
              RenderText {#text} at (3,18) size 41x20
                text run at (3,3) width 41: "dotted"
            RenderTableCell {TD} at (49,14) size 53x30 [border: (2.50px dotted #00FF00) (5px dotted #FF0000) (2.50px dotted #00FF00)] [r=0 c=1 rs=1 cs=1]
              RenderText {#text} at (3,17) size 41x20
                text run at (3,3) width 41: "dotted"
            RenderTableCell {TD} at (101,15) size 50x28 [border: (2.50px dotted #00FF00)] [r=0 c=2 rs=1 cs=1]
              RenderText {#text} at (3,18) size 41x20
                text run at (3,3) width 41: "dotted"
          RenderTableRow {TR} at (0,57) size 151x61
            RenderTableCell {TD} at (0,74) size 50x27 [border: (2.50px dotted #00FF00) (5px dotted #FF0000) (2.50px dotted #00FF00)] [r=1 c=0 rs=1 cs=1]
              RenderText {#text} at (3,20) size 41x19
                text run at (3,4) width 41: "dotted"
            RenderTableCell {TD} at (49,71) size 53x33 [border: (5px dotted #00FF00)] [r=1 c=1 rs=1 cs=1]
              RenderText {#text} at (6,20) size 40x19
                text run at (6,6) width 40: "dotted"
            RenderTableCell {TD} at (101,74) size 50x27 [border: (2.50px dotted #00FF00) (5px dotted #FF0000)] [r=1 c=2 rs=1 cs=1]
              RenderText {#text} at (6,20) size 40x19
                text run at (6,4) width 40: "dotted"
          RenderTableRow {TR} at (0,117) size 151x58
            RenderTableCell {TD} at (0,132) size 50x28 [border: (2.50px dotted #00FF00)] [r=2 c=0 rs=1 cs=1]
              RenderText {#text} at (3,18) size 41x20
                text run at (3,3) width 41: "dotted"
            RenderTableCell {TD} at (49,131) size 53x30 [border: (5px dotted #FF0000) (2.50px dotted #00FF00)] [r=2 c=1 rs=1 cs=1]
              RenderText {#text} at (3,20) size 41x19
                text run at (3,6) width 41: "dotted"
            RenderTableCell {TD} at (101,132) size 50x28 [border: (2.50px dotted #00FF00)] [r=2 c=2 rs=1 cs=1]
              RenderText {#text} at (3,18) size 41x20
                text run at (3,3) width 41: "dotted"
