layer at (0,0) size 800x600
  RenderView at (0,0) size 800x600
layer at (0,0) size 800x230
  RenderBlock {HTML} at (0,0) size 800x230
    RenderBody {BODY} at (8,16) size 784x206
      RenderBlock {P} at (0,0) size 784x20
        RenderText {#text} at (0,0) size 322x19
          text run at (0,0) width 322: "There should be no red borders on the table below"
      RenderTable {TABLE} at (0,36) size 141x170 [border: (2.50px none #808080)]
        RenderTableSection {TBODY} at (2,2) size 137x166
          RenderTableRow {TR} at (0,0) size 136x55
            RenderTableCell {TD} at (0,14) size 46x27 [border: (2.50px outset #00FF00)] [r=0 c=0 rs=1 cs=1]
              RenderText {#text} at (3,3) size 39x20
                text run at (3,3) width 39: "outset"
            RenderTableCell {TD} at (45,14) size 46x27 [border: (2.50px outset #00FF00)] [r=0 c=1 rs=1 cs=1]
              RenderText {#text} at (3,3) size 39x20
                text run at (3,3) width 39: "outset"
            RenderTableCell {TD} at (90,14) size 46x27 [border: (2.50px outset #00FF00)] [r=0 c=2 rs=1 cs=1]
              RenderText {#text} at (3,3) size 39x20
                text run at (3,3) width 39: "outset"
          RenderTableRow {TR} at (0,55) size 136x55
            RenderTableCell {TD} at (0,69) size 46x27 [border: (2.50px outset #00FF00)] [r=1 c=0 rs=1 cs=1]
              RenderText {#text} at (3,3) size 39x20
                text run at (3,3) width 39: "outset"
            RenderTableCell {TD} at (45,69) size 46x27 [border: (2.50px none #FF0000)] [r=1 c=1 rs=1 cs=1]
              RenderText {#text} at (3,3) size 32x20
                text run at (3,3) width 32: "none"
            RenderTableCell {TD} at (90,69) size 46x27 [border: (2.50px outset #00FF00)] [r=1 c=2 rs=1 cs=1]
              RenderText {#text} at (3,3) size 39x20
                text run at (3,3) width 39: "outset"
          RenderTableRow {TR} at (0,110) size 136x55
            RenderTableCell {TD} at (0,124) size 46x27 [border: (2.50px outset #00FF00)] [r=2 c=0 rs=1 cs=1]
              RenderText {#text} at (3,3) size 39x20
                text run at (3,3) width 39: "outset"
            RenderTableCell {TD} at (45,124) size 46x27 [border: (2.50px outset #00FF00)] [r=2 c=1 rs=1 cs=1]
              RenderText {#text} at (3,3) size 39x20
                text run at (3,3) width 39: "outset"
            RenderTableCell {TD} at (90,124) size 46x27 [border: (2.50px outset #00FF00)] [r=2 c=2 rs=1 cs=1]
              RenderText {#text} at (3,3) size 39x20
                text run at (3,3) width 39: "outset"
