layer at (0,0) size 800x600
  RenderView at (0,0) size 800x600
layer at (0,0) size 800x240
  RenderBlock {HTML} at (0,0) size 800x240
    RenderBody {BODY} at (8,16) size 784x216
      RenderBlock {P} at (0,0) size 784x20
        RenderText {#text} at (0,0) size 322x19
          text run at (0,0) width 322: "There should be no red borders on the table below"
      RenderTable {TABLE} at (0,36) size 132x180 [border: (2.50px none #808080)]
        RenderTableSection {TBODY} at (2,2) size 127x176
          RenderTableRow {TR} at (0,0) size 127x58
            RenderTableCell {TD} at (0,15) size 41x28 [border: (2.50px solid #00FF00)] [r=0 c=0 rs=1 cs=1]
              RenderText {#text} at (3,2) size 32x21
                text run at (3,3) width 32: "solid"
            RenderTableCell {TD} at (40,14) size 46x30 [border: (2.50px solid #00FF00) (5px solid #FF0000) (2.50px solid #00FF00)] [r=0 c=1 rs=1 cs=1]
              RenderText {#text} at (3,3) size 32x20
                text run at (3,3) width 32: "solid"
            RenderTableCell {TD} at (85,15) size 42x28 [border: (2.50px solid #00FF00)] [r=0 c=2 rs=1 cs=1]
              RenderText {#text} at (3,2) size 32x21
                text run at (3,3) width 32: "solid"
          RenderTableRow {TR} at (0,57) size 127x61
            RenderTableCell {TD} at (0,74) size 41x27 [border: (2.50px solid #00FF00) (5px solid #FF0000) (2.50px solid #00FF00)] [r=1 c=0 rs=1 cs=1]
              RenderText {#text} at (3,3) size 32x20
                text run at (3,4) width 32: "solid"
            RenderTableCell {TD} at (40,71) size 46x33 [border: (5px ridge #00FF00)] [r=1 c=1 rs=1 cs=1]
              RenderText {#text} at (6,6) size 33x19
                text run at (6,6) width 33: "ridge"
            RenderTableCell {TD} at (85,74) size 42x27 [border: (2.50px solid #00FF00) (5px solid #FF0000)] [r=1 c=2 rs=1 cs=1]
              RenderText {#text} at (6,3) size 32x20
                text run at (6,4) width 32: "solid"
          RenderTableRow {TR} at (0,117) size 127x58
            RenderTableCell {TD} at (0,132) size 41x28 [border: (2.50px solid #00FF00)] [r=2 c=0 rs=1 cs=1]
              RenderText {#text} at (3,2) size 32x21
                text run at (3,3) width 32: "solid"
            RenderTableCell {TD} at (40,131) size 46x30 [border: (5px solid #FF0000) (2.50px solid #00FF00)] [r=2 c=1 rs=1 cs=1]
              RenderText {#text} at (3,6) size 32x19
                text run at (3,6) width 32: "solid"
            RenderTableCell {TD} at (85,132) size 42x28 [border: (2.50px solid #00FF00)] [r=2 c=2 rs=1 cs=1]
              RenderText {#text} at (3,2) size 32x21
                text run at (3,3) width 32: "solid"
