layer at (0,0) size 800x600
  RenderView at (0,0) size 800x600
layer at (0,0) size 800x240
  RenderBlock {HTML} at (0,0) size 800x240
    RenderBody {BODY} at (8,16) size 784x216
      RenderBlock {P} at (0,0) size 784x20
        RenderText {#text} at (0,0) size 322x19
          text run at (0,0) width 322: "There should be no red borders on the table below"
      RenderTable {TABLE} at (0,36) size 140x180 [border: (2.50px none #808080)]
        RenderTableSection {TBODY} at (2,2) size 136x176
          RenderTableRow {TR} at (0,0) size 135x58
            RenderTableCell {TD} at (0,15) size 40x28 [border: (2.50px inset #00FF00)] [r=0 c=0 rs=1 cs=1]
              RenderText {#text} at (3,2) size 31x21
                text run at (3,3) width 31: "inset"
            RenderTableCell {TD} at (39,14) size 57x30 [border: (2.50px inset #00FF00) (5px inset #FF0000) (2.50px inset #00FF00)] [r=0 c=1 rs=1 cs=1]
              RenderText {#text} at (3,3) size 31x20
                text run at (3,3) width 31: "inset"
            RenderTableCell {TD} at (95,15) size 40x28 [border: (2.50px inset #00FF00)] [r=0 c=2 rs=1 cs=1]
              RenderText {#text} at (3,2) size 31x21
                text run at (3,3) width 31: "inset"
          RenderTableRow {TR} at (0,57) size 135x61
            RenderTableCell {TD} at (0,74) size 40x27 [border: (2.50px inset #00FF00) (5px inset #FF0000) (2.50px inset #00FF00)] [r=1 c=0 rs=1 cs=1]
              RenderText {#text} at (3,3) size 31x20
                text run at (3,4) width 31: "inset"
            RenderTableCell {TD} at (39,71) size 57x33 [border: (5px double #00FF00)] [r=1 c=1 rs=1 cs=1]
              RenderText {#text} at (6,6) size 44x19
                text run at (6,6) width 44: "double"
            RenderTableCell {TD} at (95,74) size 40x27 [border: (2.50px inset #00FF00) (5px inset #FF0000)] [r=1 c=2 rs=1 cs=1]
              RenderText {#text} at (6,3) size 31x20
                text run at (6,4) width 31: "inset"
          RenderTableRow {TR} at (0,117) size 135x58
            RenderTableCell {TD} at (0,132) size 40x28 [border: (2.50px inset #00FF00)] [r=2 c=0 rs=1 cs=1]
              RenderText {#text} at (3,2) size 31x21
                text run at (3,3) width 31: "inset"
            RenderTableCell {TD} at (39,131) size 57x30 [border: (5px inset #FF0000) (2.50px inset #00FF00)] [r=2 c=1 rs=1 cs=1]
              RenderText {#text} at (3,6) size 31x19
                text run at (3,6) width 31: "inset"
            RenderTableCell {TD} at (95,132) size 40x28 [border: (2.50px inset #00FF00)] [r=2 c=2 rs=1 cs=1]
              RenderText {#text} at (3,2) size 31x21
                text run at (3,3) width 31: "inset"
