layer at (0,0) size 800x600
  RenderView at (0,0) size 800x600
layer at (0,0) size 800x230
  RenderBlock {HTML} at (0,0) size 800x230
    RenderBody {BODY} at (8,16) size 784x206
      RenderBlock {P} at (0,0) size 784x20
        RenderText {#text} at (0,0) size 322x19
          text run at (0,0) width 322: "There should be no red borders on the table below"
      RenderTable {TABLE} at (0,36) size 132x170
        RenderTableSection {TBODY} at (0,0) size 132x170
          RenderTableRow {TR} at (0,0) size 132x55
            RenderTableCell {TD} at (0,16) size 39x23 [r=0 c=0 rs=1 cs=1]
              RenderText {#text} at (1,17) size 32x20
                text run at (1,1) width 32: "none"
            RenderTableCell {TD} at (38,14) size 56x27 [border: none] [r=0 c=1 rs=1 cs=1]
              RenderText {#text} at (1,15) size 32x19
                text run at (1,1) width 32: "none"
            RenderTableCell {TD} at (93,16) size 39x23 [r=0 c=2 rs=1 cs=1]
              RenderText {#text} at (1,17) size 32x20
                text run at (1,1) width 32: "none"
          RenderTableRow {TR} at (0,55) size 132x60
            RenderTableCell {TD} at (0,74) size 39x22 [border: none] [r=1 c=0 rs=1 cs=1]
              RenderText {#text} at (1,20) size 32x19
                text run at (1,1) width 32: "none"
            RenderTableCell {TD} at (38,69) size 56x32 [border: (5px double #00FF00)] [r=1 c=1 rs=1 cs=1]
              RenderText {#text} at (6,20) size 44x19
                text run at (6,6) width 44: "double"
            RenderTableCell {TD} at (93,74) size 39x22 [border: none] [r=1 c=2 rs=1 cs=1]
              RenderText {#text} at (6,20) size 32x19
                text run at (6,1) width 32: "none"
          RenderTableRow {TR} at (0,115) size 132x55
            RenderTableCell {TD} at (0,131) size 39x23 [r=2 c=0 rs=1 cs=1]
              RenderText {#text} at (1,17) size 32x20
                text run at (1,1) width 32: "none"
            RenderTableCell {TD} at (38,129) size 56x27 [border: (5px none #FF0000)] [r=2 c=1 rs=1 cs=1]
              RenderText {#text} at (1,20) size 32x19
                text run at (1,6) width 32: "none"
            RenderTableCell {TD} at (93,131) size 39x23 [r=2 c=2 rs=1 cs=1]
              RenderText {#text} at (1,17) size 32x20
                text run at (1,1) width 32: "none"
