layer at (0,0) size 800x600
  RenderView at (0,0) size 800x600
layer at (0,0) size 800x230
  RenderBlock {HTML} at (0,0) size 800x230
    RenderBody {BODY} at (8,16) size 784x206
      RenderBlock {P} at (0,0) size 784x20
        RenderText {#text} at (0,0) size 322x19
          text run at (0,0) width 322: "There should be no red borders on the table below"
      RenderTable {TABLE} at (0,36) size 125x170 [border: (2.50px none #808080)]
        RenderTableSection {TBODY} at (2,2) size 121x166
          RenderTableRow {TR} at (0,0) size 120x55
            RenderTableCell {TD} at (0,14) size 40x27 [border: (2.50px ridge #00FF00)] [r=0 c=0 rs=1 cs=1]
              RenderText {#text} at (3,17) size 34x20
                text run at (3,3) width 34: "ridge"
            RenderTableCell {TD} at (39,14) size 41x27 [border: (2.50px ridge #00FF00)] [r=0 c=1 rs=1 cs=1]
              RenderText {#text} at (3,17) size 34x20
                text run at (3,3) width 34: "ridge"
            RenderTableCell {TD} at (79,14) size 41x27 [border: (2.50px ridge #00FF00)] [r=0 c=2 rs=1 cs=1]
              RenderText {#text} at (3,17) size 34x20
                text run at (3,3) width 34: "ridge"
          RenderTableRow {TR} at (0,55) size 120x55
            RenderTableCell {TD} at (0,69) size 40x27 [border: (2.50px ridge #00FF00)] [r=1 c=0 rs=1 cs=1]
              RenderText {#text} at (3,17) size 34x20
                text run at (3,3) width 34: "ridge"
            RenderTableCell {TD} at (39,69) size 41x27 [border: (2.50px none #FF0000)] [r=1 c=1 rs=1 cs=1]
              RenderText {#text} at (3,17) size 32x20
                text run at (3,3) width 32: "none"
            RenderTableCell {TD} at (79,69) size 41x27 [border: (2.50px ridge #00FF00)] [r=1 c=2 rs=1 cs=1]
              RenderText {#text} at (3,17) size 34x20
                text run at (3,3) width 34: "ridge"
          RenderTableRow {TR} at (0,110) size 120x55
            RenderTableCell {TD} at (0,124) size 40x27 [border: (2.50px ridge #00FF00)] [r=2 c=0 rs=1 cs=1]
              RenderText {#text} at (3,17) size 34x20
                text run at (3,3) width 34: "ridge"
            RenderTableCell {TD} at (39,124) size 41x27 [border: (2.50px ridge #00FF00)] [r=2 c=1 rs=1 cs=1]
              RenderText {#text} at (3,17) size 34x20
                text run at (3,3) width 34: "ridge"
            RenderTableCell {TD} at (79,124) size 41x27 [border: (2.50px ridge #00FF00)] [r=2 c=2 rs=1 cs=1]
              RenderText {#text} at (3,17) size 34x20
                text run at (3,3) width 34: "ridge"
