layer at (0,0) size 800x600
  RenderView at (0,0) size 800x600
layer at (0,0) size 800x240
  RenderBlock {HTML} at (0,0) size 800x240
    RenderBody {BODY} at (8,16) size 784x216
      RenderBlock {P} at (0,0) size 784x20
        RenderText {#text} at (0,0) size 322x19
          text run at (0,0) width 322: "There should be no red borders on the table below"
      RenderTable {TABLE} at (0,36) size 151x180 [border: (2.50px none #808080)]
        RenderTableSection {TBODY} at (2,2) size 147x176
          RenderTableRow {TR} at (0,0) size 146x58
            RenderTableCell {TD} at (0,15) size 48x28 [border: (2.50px outset #00FF00)] [r=0 c=0 rs=1 cs=1]
              RenderText {#text} at (3,18) size 39x20
                text run at (3,3) width 39: "outset"
            RenderTableCell {TD} at (47,14) size 51x30 [border: (2.50px outset #00FF00) (5px outset #FF0000) (2.50px outset #00FF00)] [r=0 c=1 rs=1 cs=1]
              RenderText {#text} at (3,17) size 39x20
                text run at (3,3) width 39: "outset"
            RenderTableCell {TD} at (97,15) size 49x28 [border: (2.50px outset #00FF00)] [r=0 c=2 rs=1 cs=1]
              RenderText {#text} at (3,18) size 39x20
                text run at (3,3) width 39: "outset"
          RenderTableRow {TR} at (0,57) size 146x61
            RenderTableCell {TD} at (0,74) size 48x27 [border: (2.50px outset #00FF00) (5px outset #FF0000) (2.50px outset #00FF00)] [r=1 c=0 rs=1 cs=1]
              RenderText {#text} at (3,20) size 39x19
                text run at (3,4) width 39: "outset"
            RenderTableCell {TD} at (47,71) size 51x33 [border: (5px outset #00FF00)] [r=1 c=1 rs=1 cs=1]
              RenderText {#text} at (6,20) size 39x19
                text run at (6,6) width 39: "outset"
            RenderTableCell {TD} at (97,74) size 49x27 [border: (2.50px outset #00FF00) (5px outset #FF0000)] [r=1 c=2 rs=1 cs=1]
              RenderText {#text} at (6,20) size 39x19
                text run at (6,4) width 39: "outset"
          RenderTableRow {TR} at (0,117) size 146x58
            RenderTableCell {TD} at (0,132) size 48x28 [border: (2.50px outset #00FF00)] [r=2 c=0 rs=1 cs=1]
              RenderText {#text} at (3,18) size 39x20
                text run at (3,3) width 39: "outset"
            RenderTableCell {TD} at (47,131) size 51x30 [border: (5px outset #FF0000) (2.50px outset #00FF00)] [r=2 c=1 rs=1 cs=1]
              RenderText {#text} at (3,20) size 39x19
                text run at (3,6) width 39: "outset"
            RenderTableCell {TD} at (97,132) size 49x28 [border: (2.50px outset #00FF00)] [r=2 c=2 rs=1 cs=1]
              RenderText {#text} at (3,18) size 39x20
                text run at (3,3) width 39: "outset"
