layer at (0,0) size 800x600
  RenderView at (0,0) size 800x600
layer at (0,0) size 800x240
  RenderBlock {HTML} at (0,0) size 800x240
    RenderBody {BODY} at (8,16) size 784x216
      RenderBlock {P} at (0,0) size 784x20
        RenderText {#text} at (0,0) size 322x19
          text run at (0,0) width 322: "There should be no red borders on the table below"
      RenderTable {TABLE} at (0,36) size 165x180 [border: (2.50px none #808080)]
        RenderTableSection {TBODY} at (2,2) size 160x176
          RenderTableRow {TR} at (0,0) size 160x58
            RenderTableCell {TD} at (0,15) size 54x28 [border: (2.50px dashed #00FF00)] [r=0 c=0 rs=1 cs=1]
              RenderText {#text} at (3,18) size 45x20
                text run at (3,3) width 45: "dashed"
            RenderTableCell {TD} at (53,14) size 53x30 [border: (2.50px dashed #00FF00) (5px dashed #FF0000) (2.50px dashed #00FF00)] [r=0 c=1 rs=1 cs=1]
              RenderText {#text} at (3,17) size 45x20
                text run at (3,3) width 45: "dashed"
            RenderTableCell {TD} at (105,15) size 55x28 [border: (2.50px dashed #00FF00)] [r=0 c=2 rs=1 cs=1]
              RenderText {#text} at (3,18) size 45x20
                text run at (3,3) width 45: "dashed"
          RenderTableRow {TR} at (0,57) size 160x61
            RenderTableCell {TD} at (0,74) size 54x27 [border: (2.50px dashed #00FF00) (5px dashed #FF0000) (2.50px dashed #00FF00)] [r=1 c=0 rs=1 cs=1]
              RenderText {#text} at (3,20) size 45x19
                text run at (3,4) width 45: "dashed"
            RenderTableCell {TD} at (53,71) size 53x33 [border: (5px solid #00FF00)] [r=1 c=1 rs=1 cs=1]
              RenderText {#text} at (6,20) size 32x19
                text run at (6,6) width 32: "solid"
            RenderTableCell {TD} at (105,74) size 55x27 [border: (2.50px dashed #00FF00) (5px dashed #FF0000)] [r=1 c=2 rs=1 cs=1]
              RenderText {#text} at (6,20) size 45x19
                text run at (6,4) width 45: "dashed"
          RenderTableRow {TR} at (0,117) size 160x58
            RenderTableCell {TD} at (0,132) size 54x28 [border: (2.50px dashed #00FF00)] [r=2 c=0 rs=1 cs=1]
              RenderText {#text} at (3,18) size 45x20
                text run at (3,3) width 45: "dashed"
            RenderTableCell {TD} at (53,131) size 53x30 [border: (5px dashed #FF0000) (2.50px dashed #00FF00)] [r=2 c=1 rs=1 cs=1]
              RenderText {#text} at (3,20) size 45x19
                text run at (3,6) width 45: "dashed"
            RenderTableCell {TD} at (105,132) size 55x28 [border: (2.50px dashed #00FF00)] [r=2 c=2 rs=1 cs=1]
              RenderText {#text} at (3,18) size 45x20
                text run at (3,3) width 45: "dashed"
