layer at (0,0) size 800x600
  RenderView at (0,0) size 800x600
layer at (0,0) size 80x600
  RenderBlock {HTML} at (0,0) size 80x600
    RenderBody {BODY} at (8,8) size 64x584
layer at (8,8) size 64x314
  RenderBlock (relative positioned) {DIV} at (0,0) size 64x314 [bgcolor=#FF0000] [border: (2px solid #000000)]
layer at (10,10) size 60x310
  RenderImage {IMG} at (2,2) size 60x310
layer at (31,15) size 18x300
  RenderBlock (relative positioned) zI: 1 {P} at (23,7) size 18x300
    RenderText zI: 1 {#text} at (0,37) size 18x226
      text run at (0,37) width 226: "There should be no red on this page"
