layer at (0,0) size 800x600
  RenderView at (0,0) size 800x600
layer at (0,0) size 800x160
  RenderBlock {html} at (0,0) size 800x160
    RenderBody {body} at (8,16) size 784x136
      RenderBlock {p} at (0,0) size 784x20
        RenderText {#text} at (0,0) size 140x19
          text run at (0,0) width 140: "Test passes if there is "
        RenderInline {strong} at (0,0) size 45x19
          RenderText {#text} at (139,0) size 45x19
            text run at (139,0) width 45: "no red"
        RenderText {#text} at (183,0) size 5x19
          text run at (183,0) width 5: "."
      RenderBlock {div} at (0,36) size 784x100 [color=#FF0000]
        RenderText {#text} at (0,0) size 400x100
          text run at (0,0) width 400: "FAIL"
