layer at (0,0) size 800x600
  RenderView at (0,0) size 800x600
layer at (0,0) size 800x600
  RenderBlock {HTML} at (0,0) size 800x600
    RenderBody {BODY} at (8,8) size 784x584 [bgcolor=#CCCCCC]
      RenderBlock {P} at (0,0) size 784x20
        RenderText {#text} at (0,0) size 363x19
          text run at (0,0) width 363: "The style declarations which apply to the text below are:"
      RenderBlock {PRE} at (0,36) size 784x42
        RenderText {#text} at (0,0) size 250x42
          text run at (0,0) width 250: ".one {border: 10px teal outset;}"
          text run at (249,0) width 1: " "
          text run at (0,14) width 250: ".two {border: 10px olive inset;}"
          text run at (249,14) width 1: " "
          text run at (0,28) width 0: " "
      RenderBlock {HR} at (0,91) size 784x2 [border: (1px inset #000000)]
      RenderBlock {P} at (0,109) size 784x60 [bgcolor=#C0C0C0]
        RenderText {#text} at (0,0) size 691x19
          text run at (0,0) width 691: "This is an unstyled element, save for the background color, and containing inline elements with a classes of "
        RenderInline {SPAN} at (0,0) size 79x39 [border: (10px outset #008080)]
          RenderText {#text} at (700,0) size 59x19
            text run at (700,0) width 59: "class one"
        RenderText {#text} at (768,0) size 773x39
          text run at (768,0) width 5: ","
          text run at (0,20) width 361: "which should result in a 10-pixel outset teal border; and "
        RenderInline {SPAN} at (0,0) size 80x39 [border: (10px inset #808000)]
          RenderText {#text} at (370,20) size 60x19
            text run at (370,20) width 60: "class two"
        RenderText {#text} at (439,20) size 778x39
          text run at (439,20) width 339: ", which should result in a 10-pixel inset olive border."
          text run at (0,40) width 438: "The line-height of the parent element should not change on any line."
      RenderTable {TABLE} at (0,185) size 784x98 [border: (1px outset #808080)]
        RenderTableSection {TBODY} at (1,1) size 782x96
          RenderTableRow {TR} at (0,0) size 782x28
            RenderTableCell {TD} at (0,0) size 782x28 [bgcolor=#C0C0C0] [border: (1px inset #808080)] [r=0 c=0 rs=1 cs=2]
              RenderInline {STRONG} at (0,0) size 161x19
                RenderText {#text} at (4,4) size 161x19
                  text run at (4,4) width 161: "TABLE Testing Section"
          RenderTableRow {TR} at (0,28) size 782x68
            RenderTableCell {TD} at (0,48) size 12x28 [bgcolor=#C0C0C0] [border: (1px inset #808080)] [r=1 c=0 rs=1 cs=1]
              RenderText {#text} at (4,4) size 4x19
                text run at (4,4) width 4: " "
            RenderTableCell {TD} at (12,28) size 770x68 [border: (1px inset #808080)] [r=1 c=1 rs=1 cs=1]
              RenderBlock {P} at (4,4) size 762x60 [bgcolor=#C0C0C0]
                RenderText {#text} at (0,0) size 691x19
                  text run at (0,0) width 691: "This is an unstyled element, save for the background color, and containing inline elements with a classes of "
                RenderInline {SPAN} at (0,0) size 732x59 [border: (10px outset #008080)]
                  RenderText {#text} at (700,0) size 732x39
                    text run at (700,0) width 32: "class"
                    text run at (0,20) width 24: "one"
                RenderText {#text} at (33,20) size 369x19
                  text run at (33,20) width 369: ", which should result in a 10-pixel outset teal border; and "
                RenderInline {SPAN} at (0,0) size 81x39 [border: (10px inset #808000)]
                  RenderText {#text} at (411,20) size 61x19
                    text run at (411,20) width 61: "class two"
                RenderText {#text} at (481,20) size 734x39
                  text run at (481,20) width 253: ", which should result in a 10-pixel inset"
                  text run at (0,40) width 85: "olive border. "
                  text run at (84,40) width 439: "The line-height of the parent element should not change on any line."
