layer at (0,0) size 800x1959
  RenderView at (0,0) size 800x600
layer at (0,0) size 800x1959
  RenderBlock {HTML} at (0,0) size 800x1959
    RenderBody {BODY} at (8,8) size 784x1943 [bgcolor=#CCCCCC]
      RenderBlock {P} at (0,0) size 784x20
        RenderText {#text} at (0,0) size 363x19
          text run at (0,0) width 363: "The style declarations which apply to the text below are:"
      RenderBlock {PRE} at (0,36) size 784x126
        RenderText {#text} at (0,0) size 547x126
          text run at (0,0) width 336: "P.test {background: white; font-size: 20px;"
          text run at (335,0) width 1: " "
          text run at (0,14) width 547: "        margin-left: 30px; margin-right: 10px; padding: 0; border: 0;}"
          text run at (546,14) width 1: " "
          text run at (0,28) width 305: "IMG {padding: 0; border: 0; margin: 0;}"
          text run at (304,28) width 1: " "
          text run at (0,42) width 196: "P.test IMG {float: left;}"
          text run at (195,42) width 1: " "
          text run at (0,56) width 344: "#img2 {margin-top: 30px; margin-left: 30px;}"
          text run at (343,56) width 1: " "
          text run at (0,70) width 359: "#img3 {margin-top: -30px; margin-left: -30px;}"
          text run at (358,70) width 1: " "
          text run at (0,84) width 375: "#img4 {margin-right: 30px; margin-bottom: 30px;}"
          text run at (374,84) width 1: " "
          text run at (0,98) width 391: "#img5 {margin-right: -30px; margin-bottom: -30px;}"
          text run at (390,98) width 1: " "
          text run at (0,112) width 0: " "
      RenderBlock {HR} at (0,175) size 784x2 [border: (1px inset #000000)]
      RenderBlock {P} at (30,197) size 744x96 [bgcolor=#FFFFFF]
        RenderText {#text} at (0,0) size 736x95
          text run at (0,0) width 736: "This paragraph should have a white background which extends to the edges of the element's"
          text run at (0,24) width 40: "box. "
          text run at (40,24) width 436: "There is no padding set on this paragraph whatsoever. "
          text run at (475,24) width 245: "If the background of the entire"
          text run at (0,48) width 712: "box is not white, this may cause problems with the following tests; at any rate, it must be"
          text run at (0,72) width 152: "taken into account."
      RenderBlock {P} at (30,313) size 744x120 [bgcolor=#FFFFFF]
        RenderImage {IMG} at (0,0) size 60x60
        RenderText {#text} at (60,0) size 744x119
          text run at (60,0) width 627: "The image in the upper left corner of this paragraph should be floated left, and"
          text run at (60,24) width 118: "nothing more. "
          text run at (177,24) width 567: "The edges of the white background should line up with the top and left"
          text run at (60,48) width 161: "edges of the image. "
          text run at (220,48) width 479: "This paragraph should have a white background, first of all,"
          text run at (0,72) width 392: "which extends to the edges of the element's box. "
          text run at (391,72) width 331: "There is no padding set on this paragraph"
          text run at (0,96) width 95: "whatsoever."
      RenderBlock {P} at (30,453) size 744x120 [bgcolor=#FFFFFF]
        RenderImage {IMG} at (30,30) size 60x60
        RenderText {#text} at (90,0) size 740x119
          text run at (90,0) width 641: "The image in the upper left corner of this paragraph should be pushed down and"
          text run at (90,24) width 641: "to the right 30 pixels each from the upper left corner of the paragraph's box, and"
          text run at (90,48) width 324: "displace the paragraph text accordingly. "
          text run at (413,48) width 285: "This paragraph should have a white"
          text run at (90,72) width 585: "background, first of all, which extends to the edges of the element's box. "
          text run at (674,72) width 66: "There is"
          text run at (0,96) width 361: "no padding set on this paragraph whatsoever."
      RenderBlock {P} at (30,593) size 744x120 [bgcolor=#FFFFFF]
        RenderImage {IMG} at (-30,-30) size 60x60
        RenderText {#text} at (30,0) size 744x119
          text run at (30,0) width 699: "The image in the upper left corner of this paragraph should be pushed up and to the left"
          text run at (30,24) width 698: "30 pixels each from the upper left corner of the paragraph's box, thus causing the edges"
          text run at (0,48) width 573: "of the white background to align with the thick gray lines in the image. "
          text run at (572,48) width 122: "This paragraph"
          text run at (0,72) width 744: "should have a white background, first of all, which extends to the edges of the element's box."
          text run at (0,96) width 431: "There is no padding set on this paragraph whatsoever."
      RenderBlock {P} at (30,733) size 744x144 [bgcolor=#FFFFFF]
        RenderImage {IMG} at (0,0) size 60x60
        RenderText {#text} at (90,0) size 744x143
          text run at (90,0) width 627: "The image in the upper left corner of this paragraph should be floated left, and"
          text run at (90,24) width 632: "the edges of the white background should line up with the top and left edges of"
          text run at (90,48) width 89: "the image. "
          text run at (178,48) width 532: "However, there should be 30 pixels of space between the right and"
          text run at (90,72) width 483: "bottom edges of the image and the paragraph text around it. "
          text run at (572,72) width 121: "This paragraph"
          text run at (0,96) width 744: "should have a white background, first of all, which extends to the edges of the element's box."
          text run at (0,120) width 431: "There is no padding set on this paragraph whatsoever."
      RenderBlock {P} at (30,897) size 744x144 [bgcolor=#FFFFFF]
        RenderImage {IMG} at (0,0) size 60x60
        RenderText {#text} at (30,0) size 740x143
          text run at (30,0) width 707: "The image in the upper left corner of this paragraph should be floated left, and the edges"
          text run at (30,24) width 640: "of the white background should line up with the top and left edges of the image."
          text run at (0,48) width 740: "However, the text should overlap the image's right and bottom sides, lining up with the thick"
          text run at (0,72) width 193: "gray lines in the image. "
          text run at (192,72) width 533: "This paragraph should have a white background, first of all, which"
          text run at (0,96) width 338: "extends to the edges of the element's box. "
          text run at (337,96) width 331: "There is no padding set on this paragraph"
          text run at (0,120) width 95: "whatsoever."
      RenderTable {TABLE} at (0,1061) size 784x882 [border: (1px outset #808080)]
        RenderTableSection {TBODY} at (1,1) size 782x880
          RenderTableRow {TR} at (0,0) size 782x28
            RenderTableCell {TD} at (0,0) size 782x28 [bgcolor=#C0C0C0] [border: (1px inset #808080)] [r=0 c=0 rs=1 cs=2]
              RenderInline {STRONG} at (0,0) size 161x19
                RenderText {#text} at (4,4) size 161x19
                  text run at (4,4) width 161: "TABLE Testing Section"
          RenderTableRow {TR} at (0,28) size 782x852
            RenderTableCell {TD} at (0,440) size 12x28 [bgcolor=#C0C0C0] [border: (1px inset #808080)] [r=1 c=0 rs=1 cs=1]
              RenderText {#text} at (4,4) size 4x19
                text run at (4,4) width 4: " "
            RenderTableCell {TD} at (12,28) size 770x852 [border: (1px inset #808080)] [r=1 c=1 rs=1 cs=1]
              RenderBlock {P} at (34,4) size 722x96 [bgcolor=#FFFFFF]
                RenderText {#text} at (0,0) size 719x95
                  text run at (0,0) width 656: "This paragraph should have a white background which extends to the edges of the"
                  text run at (0,24) width 120: "element's box. "
                  text run at (119,24) width 437: "There is no padding set on this paragraph whatsoever. "
                  text run at (555,24) width 164: "If the background of"
                  text run at (0,48) width 708: "the entire box is not white, this may cause problems with the following tests; at any rate,"
                  text run at (0,72) width 236: "it must be taken into account."
              RenderBlock {P} at (34,120) size 722x120 [bgcolor=#FFFFFF]
                RenderImage {IMG} at (0,0) size 60x60
                RenderText {#text} at (60,0) size 712x119
                  text run at (60,0) width 627: "The image in the upper left corner of this paragraph should be floated left, and"
                  text run at (60,24) width 118: "nothing more. "
                  text run at (177,24) width 535: "The edges of the white background should line up with the top and"
                  text run at (60,48) width 193: "left edges of the image. "
                  text run at (252,48) width 449: "This paragraph should have a white background, first of"
                  text run at (0,72) width 422: "all, which extends to the edges of the element's box. "
                  text run at (421,72) width 246: "There is no padding set on this"
                  text run at (0,96) width 180: "paragraph whatsoever."
              RenderBlock {P} at (34,260) size 722x120 [bgcolor=#FFFFFF]
                RenderImage {IMG} at (30,30) size 60x60
                RenderText {#text} at (90,0) size 709x119
                  text run at (90,0) width 608: "The image in the upper left corner of this paragraph should be pushed down"
                  text run at (90,24) width 601: "and to the right 30 pixels each from the upper left corner of the paragraph's"
                  text run at (90,48) width 397: "box, and displace the paragraph text accordingly. "
                  text run at (486,48) width 223: "This paragraph should have"
                  text run at (90,72) width 603: "a white background, first of all, which extends to the edges of the element's"
                  text run at (0,96) width 40: "box. "
                  text run at (40,96) width 431: "There is no padding set on this paragraph whatsoever."
              RenderBlock {P} at (34,400) size 722x120 [bgcolor=#FFFFFF]
                RenderImage {IMG} at (-30,-30) size 60x60
                RenderText {#text} at (30,0) size 710x119
                  text run at (30,0) width 667: "The image in the upper left corner of this paragraph should be pushed up and to the"
                  text run at (30,24) width 679: "left 30 pixels each from the upper left corner of the paragraph's box, thus causing the"
                  text run at (0,48) width 624: "edges of the white background to align with the thick gray lines in the image. "
                  text run at (623,48) width 36: "This"
                  text run at (0,72) width 710: "paragraph should have a white background, first of all, which extends to the edges of the"
                  text run at (0,96) width 120: "element's box. "
                  text run at (119,96) width 432: "There is no padding set on this paragraph whatsoever."
              RenderBlock {P} at (34,540) size 722x144 [bgcolor=#FFFFFF]
                RenderImage {IMG} at (0,0) size 60x60
                RenderText {#text} at (90,0) size 722x143
                  text run at (90,0) width 627: "The image in the upper left corner of this paragraph should be floated left, and"
                  text run at (90,24) width 632: "the edges of the white background should line up with the top and left edges of"
                  text run at (90,48) width 89: "the image. "
                  text run at (178,48) width 532: "However, there should be 30 pixels of space between the right and"
                  text run at (90,72) width 483: "bottom edges of the image and the paragraph text around it. "
                  text run at (572,72) width 121: "This paragraph"
                  text run at (0,96) width 704: "should have a white background, first of all, which extends to the edges of the element's"
                  text run at (0,120) width 40: "box. "
                  text run at (40,120) width 431: "There is no padding set on this paragraph whatsoever."
              RenderBlock {P} at (34,704) size 722x144 [bgcolor=#FFFFFF]
                RenderImage {IMG} at (0,0) size 60x60
                RenderText {#text} at (30,0) size 722x143
                  text run at (30,0) width 657: "The image in the upper left corner of this paragraph should be floated left, and the"
                  text run at (30,24) width 691: "edges of the white background should line up with the top and left edges of the image."
                  text run at (0,48) width 695: "However, the text should overlap the image's right and bottom sides, lining up with the"
                  text run at (0,72) width 238: "thick gray lines in the image. "
                  text run at (237,72) width 479: "This paragraph should have a white background, first of all,"
                  text run at (0,96) width 392: "which extends to the edges of the element's box. "
                  text run at (391,96) width 331: "There is no padding set on this paragraph"
                  text run at (0,120) width 95: "whatsoever."
