layer at (0,0) size 800x706
  RenderView at (0,0) size 800x600
layer at (0,0) size 800x706
  RenderBlock {HTML} at (0,0) size 800x706
    RenderBody {BODY} at (8,8) size 784x678 [bgcolor=#CCCCCC]
      RenderBlock {P} at (0,0) size 784x20
        RenderText {#text} at (0,0) size 363x19
          text run at (0,0) width 363: "The style declarations which apply to the text below are:"
      RenderBlock {PRE} at (0,33) size 784x182
        RenderText {#text} at (0,0) size 500x182
          text run at (0,0) width 383: "P { margin: 0; padding: 0; text-align:  justify;}"
          text run at (382,0) width 1: " "
          text run at (0,14) width 0: " "
          text run at (0,28) width 328: "DIV.yellow, DIV.blue, DIV.red, DIV.green {"
          text run at (327,28) width 1: " "
          text run at (0,42) width 328: " width: 60px; padding: 20px; margin: 10px;"
          text run at (327,42) width 1: " "
          text run at (0,56) width 461: " border: 20px solid black; float: left; text-align: center;"
          text run at (460,56) width 1: " "
          text run at (0,70) width 352: " font-family: \"Times New Roman\",Times,serif;}"
          text run at (351,70) width 1: " "
          text run at (0,84) width 500: "DIV.yellow {margin-left: 0px; background: yellow; color: black;}"
          text run at (499,84) width 1: " "
          text run at (0,98) width 328: "DIV.blue {background: blue; color: white;}"
          text run at (327,98) width 1: " "
          text run at (0,112) width 313: "DIV.red {background: red; color: black;}"
          text run at (312,112) width 1: " "
          text run at (0,126) width 344: "DIV.green {background: green; color: white;}"
          text run at (343,126) width 1: " "
          text run at (0,140) width 188: "DIV.below {clear: both;}"
          text run at (187,140) width 1: " "
          text run at (0,154) width 196: "TABLE {margin: 20px 0px;}"
          text run at (195,154) width 1: " "
          text run at (0,168) width 0: " "
      RenderBlock {P} at (0,238) size 784x40
        RenderText {#text} at (0,0) size 784x39
          text run at (0,0) width 784: "The four floating DIV elements below should appear next to each other horizontally. The table at the bottom of this page"
          text run at (0,20) width 412: "indicates how the DIV elements should be laid out horizontally. "
          text run at (411,20) width 222: "They should align with each other."
      RenderBlock (floating) {DIV} at (0,288) size 140x100 [bgcolor=#FFFF00] [border: (20px solid #000000)]
        RenderBlock {P} at (40,40) size 60x20
          RenderText {#text} at (0,0) size 46x19
            text run at (0,0) width 46: "Yellow"
      RenderBlock (floating) {DIV} at (160,288) size 140x100 [color=#FFFFFF] [bgcolor=#0000FF] [border: (20px solid #000000)]
        RenderBlock {P} at (40,40) size 60x20
          RenderText {#text} at (0,0) size 31x19
            text run at (0,0) width 31: "Blue"
      RenderBlock (floating) {DIV} at (320,288) size 140x100 [bgcolor=#FF0000] [border: (20px solid #000000)]
        RenderBlock {P} at (40,40) size 60x20
          RenderText {#text} at (0,0) size 26x19
            text run at (0,0) width 26: "Red"
      RenderBlock (floating) {DIV} at (480,288) size 140x100 [color=#FFFFFF] [bgcolor=#008000] [border: (20px solid #000000)]
        RenderBlock {P} at (40,40) size 60x20
          RenderText {#text} at (0,0) size 40x19
            text run at (0,0) width 40: "Green"
      RenderBlock {DIV} at (0,398) size 784x21
        RenderTable {TABLE} at (0,0) size 620x21
          RenderTableSection {TBODY} at (0,0) size 620x21
            RenderTableRow {TR} at (0,0) size 620x21
              RenderTableCell {TD} at (0,10) size 20x1 [bgcolor=#000000] [r=0 c=0 rs=1 cs=1]
                RenderImage {IMG} at (0,0) size 20x1
              RenderTableCell {TD} at (20,10) size 100x1 [bgcolor=#FFFF00] [r=0 c=1 rs=1 cs=1]
                RenderImage {IMG} at (0,0) size 100x1
              RenderTableCell {TD} at (120,10) size 20x0 [bgcolor=#000000] [r=0 c=2 rs=1 cs=1]
              RenderTableCell {TD} at (140,10) size 20x1 [bgcolor=#FFFFFF] [r=0 c=3 rs=1 cs=1]
                RenderImage {IMG} at (0,0) size 20x1
              RenderTableCell {TD} at (160,10) size 20x1 [bgcolor=#000000] [r=0 c=4 rs=1 cs=1]
                RenderImage {IMG} at (0,0) size 20x1
              RenderTableCell {TD} at (180,10) size 100x1 [bgcolor=#0000FF] [r=0 c=5 rs=1 cs=1]
                RenderImage {IMG} at (0,0) size 100x1
              RenderTableCell {TD} at (280,10) size 20x1 [bgcolor=#000000] [r=0 c=6 rs=1 cs=1]
                RenderImage {IMG} at (0,0) size 20x1
              RenderTableCell {TD} at (300,10) size 20x1 [bgcolor=#FFFFFF] [r=0 c=7 rs=1 cs=1]
                RenderImage {IMG} at (0,0) size 20x1
              RenderTableCell {TD} at (320,10) size 20x1 [bgcolor=#000000] [r=0 c=8 rs=1 cs=1]
                RenderImage {IMG} at (0,0) size 20x1
              RenderTableCell {TD} at (340,10) size 100x1 [bgcolor=#FF0000] [r=0 c=9 rs=1 cs=1]
                RenderImage {IMG} at (0,0) size 100x1
              RenderTableCell {TD} at (440,0) size 20x21 [bgcolor=#000000] [r=0 c=10 rs=1 cs=1]
                RenderImage {IMG} at (0,0) size 20x1
                RenderText {#text} at (0,1) size 5x19
                  text run at (0,1) width 5: ";"
              RenderTableCell {TD} at (460,10) size 20x1 [bgcolor=#FFFFFF] [r=0 c=11 rs=1 cs=1]
                RenderImage {IMG} at (0,0) size 20x1
              RenderTableCell {TD} at (480,10) size 20x1 [bgcolor=#000000] [r=0 c=12 rs=1 cs=1]
                RenderImage {IMG} at (0,0) size 20x1
              RenderTableCell {TD} at (500,10) size 100x1 [bgcolor=#008000] [r=0 c=13 rs=1 cs=1]
                RenderImage {IMG} at (0,0) size 100x1
              RenderTableCell {TD} at (600,10) size 20x1 [bgcolor=#000000] [r=0 c=14 rs=1 cs=1]
                RenderImage {IMG} at (0,0) size 20x1
      RenderTable {TABLE} at (0,439) size 784x239 [border: (1px outset #808080)]
        RenderTableSection {TBODY} at (1,1) size 782x237
          RenderTableRow {TR} at (0,0) size 782x28
            RenderTableCell {TD} at (0,0) size 782x28 [bgcolor=#C0C0C0] [border: (1px inset #808080)] [r=0 c=0 rs=1 cs=2]
              RenderInline {STRONG} at (0,0) size 161x19
                RenderText {#text} at (4,4) size 161x19
                  text run at (4,4) width 161: "TABLE Testing Section"
          RenderTableRow {TR} at (0,28) size 782x209
            RenderTableCell {TD} at (0,118) size 12x29 [bgcolor=#C0C0C0] [border: (1px inset #808080)] [r=1 c=0 rs=1 cs=1]
              RenderText {#text} at (4,3) size 4x21
                text run at (4,4) width 4: " "
            RenderTableCell {TD} at (12,28) size 770x209 [border: (1px inset #808080)] [r=1 c=1 rs=1 cs=1]
              RenderBlock {P} at (4,4) size 762x40
                RenderText {#text} at (0,0) size 762x39
                  text run at (0,0) width 762: "The four floating DIV elements below should appear next to each other horizontally. The table at the bottom of this"
                  text run at (0,20) width 446: "page indicates how the DIV elements should be laid out horizontally. "
                  text run at (445,20) width 222: "They should align with each other."
              RenderBlock (floating) {DIV} at (4,54) size 140x100 [bgcolor=#FFFF00] [border: (20px solid #000000)]
                RenderBlock {P} at (40,40) size 60x20
                  RenderText {#text} at (0,0) size 46x19
                    text run at (0,0) width 46: "Yellow"
              RenderBlock (floating) {DIV} at (164,54) size 140x100 [color=#FFFFFF] [bgcolor=#0000FF] [border: (20px solid #000000)]
                RenderBlock {P} at (40,40) size 60x20
                  RenderText {#text} at (0,0) size 31x19
                    text run at (0,0) width 31: "Blue"
              RenderBlock (floating) {DIV} at (324,54) size 140x100 [bgcolor=#FF0000] [border: (20px solid #000000)]
                RenderBlock {P} at (40,40) size 60x20
                  RenderText {#text} at (0,0) size 26x19
                    text run at (0,0) width 26: "Red"
              RenderBlock (floating) {DIV} at (484,54) size 140x100 [color=#FFFFFF] [bgcolor=#008000] [border: (20px solid #000000)]
                RenderBlock {P} at (40,40) size 60x20
                  RenderText {#text} at (0,0) size 40x19
                    text run at (0,0) width 40: "Green"
              RenderBlock {DIV} at (4,164) size 762x21
                RenderTable {TABLE} at (0,0) size 620x21
                  RenderTableSection {TBODY} at (0,0) size 620x21
                    RenderTableRow {TR} at (0,0) size 620x21
                      RenderTableCell {TD} at (0,10) size 20x1 [bgcolor=#000000] [r=0 c=0 rs=1 cs=1]
                        RenderImage {IMG} at (0,0) size 20x1
                      RenderTableCell {TD} at (20,10) size 100x1 [bgcolor=#FFFF00] [r=0 c=1 rs=1 cs=1]
                        RenderImage {IMG} at (0,0) size 100x1
                      RenderTableCell {TD} at (120,10) size 20x0 [bgcolor=#000000] [r=0 c=2 rs=1 cs=1]
                      RenderTableCell {TD} at (140,10) size 20x1 [bgcolor=#FFFFFF] [r=0 c=3 rs=1 cs=1]
                        RenderImage {IMG} at (0,0) size 20x1
                      RenderTableCell {TD} at (160,10) size 20x1 [bgcolor=#000000] [r=0 c=4 rs=1 cs=1]
                        RenderImage {IMG} at (0,0) size 20x1
                      RenderTableCell {TD} at (180,10) size 100x1 [bgcolor=#0000FF] [r=0 c=5 rs=1 cs=1]
                        RenderImage {IMG} at (0,0) size 100x1
                      RenderTableCell {TD} at (280,10) size 20x1 [bgcolor=#000000] [r=0 c=6 rs=1 cs=1]
                        RenderImage {IMG} at (0,0) size 20x1
                      RenderTableCell {TD} at (300,10) size 20x1 [bgcolor=#FFFFFF] [r=0 c=7 rs=1 cs=1]
                        RenderImage {IMG} at (0,0) size 20x1
                      RenderTableCell {TD} at (320,10) size 20x1 [bgcolor=#000000] [r=0 c=8 rs=1 cs=1]
                        RenderImage {IMG} at (0,0) size 20x1
                      RenderTableCell {TD} at (340,10) size 100x1 [bgcolor=#FF0000] [r=0 c=9 rs=1 cs=1]
                        RenderImage {IMG} at (0,0) size 100x1
                      RenderTableCell {TD} at (440,0) size 20x21 [bgcolor=#000000] [r=0 c=10 rs=1 cs=1]
                        RenderImage {IMG} at (0,0) size 20x1
                        RenderText {#text} at (0,1) size 5x19
                          text run at (0,1) width 5: ";"
                      RenderTableCell {TD} at (460,10) size 20x1 [bgcolor=#FFFFFF] [r=0 c=11 rs=1 cs=1]
                        RenderImage {IMG} at (0,0) size 20x1
                      RenderTableCell {TD} at (480,10) size 20x1 [bgcolor=#000000] [r=0 c=12 rs=1 cs=1]
                        RenderImage {IMG} at (0,0) size 20x1
                      RenderTableCell {TD} at (500,10) size 100x1 [bgcolor=#008000] [r=0 c=13 rs=1 cs=1]
                        RenderImage {IMG} at (0,0) size 100x1
                      RenderTableCell {TD} at (600,10) size 20x1 [bgcolor=#000000] [r=0 c=14 rs=1 cs=1]
                        RenderImage {IMG} at (0,0) size 20x1
layer at (8,236) size 784x2 clip at (0,0) size 0x0
  RenderBlock {HR} at (0,228) size 784x2 [border: (1px inset #000000)]
