layer at (0,0) size 800x600
  RenderView at (0,0) size 800x600
layer at (0,0) size 800x600
  RenderBlock {HTML} at (0,0) size 800x600
    RenderBody {BODY} at (8,8) size 784x584 [bgcolor=#CCCCCC]
      RenderBlock {P} at (0,0) size 784x20
        RenderText {#text} at (0,0) size 363x19
          text run at (0,0) width 363: "The style declarations which apply to the text below are:"
      RenderBlock {PRE} at (0,36) size 784x42
        RenderText {#text} at (0,0) size 157x42
          text run at (0,0) width 149: ".one {float: left;}"
          text run at (148,0) width 1: " "
          text run at (0,14) width 157: ".two {float: right;}"
          text run at (156,14) width 1: " "
          text run at (0,28) width 0: " "
      RenderBlock {HR} at (0,91) size 784x2 [border: (1px inset #000000)]
      RenderImage {IMG} at (0,101) size 15x50
      RenderBlock {P} at (0,109) size 784x40
        RenderText {#text} at (15,0) size 737x39
          text run at (15,0) width 610: "This text should be flowing past a tall orange rectangle on the left side of the browser window. "
          text run at (624,0) width 128: "In this case, it is the"
          text run at (15,20) width 260: "image which has been floated to the left."
      RenderBlock (anonymous) at (0,165) size 784x20
        RenderBR {BR} at (0,0) size 0x19
      RenderBlock {HR} at (0,193) size 784x2 [border: (1px inset #000000)]
      RenderImage {IMG} at (769,203) size 15x50
      RenderBlock {P} at (0,211) size 784x40
        RenderText {#text} at (0,0) size 746x39
          text run at (0,0) width 618: "This text should be flowing past a tall orange rectangle on the right side of the browser window. "
          text run at (617,0) width 129: "In this case, it is the"
          text run at (0,20) width 269: "image which has been floated to the right."
      RenderTable {TABLE} at (0,267) size 784x182 [border: (1px outset #808080)]
        RenderTableSection {TBODY} at (1,1) size 782x180
          RenderTableRow {TR} at (0,0) size 782x28
            RenderTableCell {TD} at (0,0) size 782x28 [bgcolor=#C0C0C0] [border: (1px inset #808080)] [r=0 c=0 rs=1 cs=2]
              RenderInline {STRONG} at (0,0) size 161x19
                RenderText {#text} at (4,4) size 161x19
                  text run at (4,4) width 161: "TABLE Testing Section"
          RenderTableRow {TR} at (0,28) size 782x152
            RenderTableCell {TD} at (0,90) size 12x28 [bgcolor=#C0C0C0] [border: (1px inset #808080)] [r=1 c=0 rs=1 cs=1]
              RenderText {#text} at (4,4) size 4x19
                text run at (4,4) width 4: " "
            RenderTableCell {TD} at (12,28) size 770x152 [border: (1px inset #808080)] [r=1 c=1 rs=1 cs=1]
              RenderImage {IMG} at (4,4) size 15x50
              RenderBlock {P} at (4,4) size 762x40
                RenderText {#text} at (15,0) size 737x39
                  text run at (15,0) width 610: "This text should be flowing past a tall orange rectangle on the left side of the browser window. "
                  text run at (624,0) width 128: "In this case, it is the"
                  text run at (15,20) width 260: "image which has been floated to the left."
              RenderBlock (anonymous) at (4,60) size 762x20
                RenderBR {BR} at (0,0) size 0x19
              RenderBlock {HR} at (4,88) size 762x2 [border: (1px inset #000000)]
              RenderImage {IMG} at (751,98) size 15x50
              RenderBlock {P} at (4,106) size 762x40
                RenderText {#text} at (0,0) size 746x39
                  text run at (0,0) width 618: "This text should be flowing past a tall orange rectangle on the right side of the browser window. "
                  text run at (617,0) width 129: "In this case, it is the"
                  text run at (0,20) width 269: "image which has been floated to the right."
