layer at (0,0) size 800x763
  RenderView at (0,0) size 800x600
layer at (0,0) size 800x763
  RenderBlock {HTML} at (0,0) size 800x763
    RenderBody {BODY} at (8,8) size 784x747 [bgcolor=#CCCCCC]
      RenderBlock {P} at (0,0) size 784x20
        RenderText {#text} at (0,0) size 363x19
          text run at (0,0) width 363: "The style declarations which apply to the text below are:"
      RenderBlock {PRE} at (0,36) size 784x42
        RenderText {#text} at (0,0) size 352x42
          text run at (0,0) width 344: ".zero {background-color: silver; margin: 0;}"
          text run at (343,0) width 1: " "
          text run at (0,14) width 344: ".one {margin: 25px; background-color: aqua;}"
          text run at (343,14) width 1: " "
          text run at (0,28) width 352: ".two {margin: -10px; background-color: aqua;}"
          text run at (351,28) width 1: " "
      RenderBlock {HR} at (0,91) size 784x2 [border: (1px inset #000000)]
      RenderBlock {P} at (0,101) size 784x20 [bgcolor=#C0C0C0]
        RenderText {#text} at (0,0) size 208x19
          text run at (0,0) width 208: "This element has a class of zero."
      RenderBlock {P} at (0,137) size 784x80 [bgcolor=#808080]
        RenderText {#text} at (0,0) size 490x19
          text run at (0,0) width 400: "This element is unstyled save for a background color of gray.. "
          text run at (399,0) width 91: "It contains an "
        RenderInline {SPAN} at (0,0) size 767x39 [bgcolor=#00FFFF]
          RenderText {#text} at (514,0) size 148x19
            text run at (514,0) width 148: "inline element of class "
          RenderInline {TT} at (0,0) size 25x14
            RenderText {#text} at (661,5) size 25x14
              text run at (661,5) width 25: "one"
          RenderText {#text} at (685,0) size 767x39
            text run at (685,0) width 82: ", giving it an"
            text run at (0,20) width 233: "aqua background and a 25px margin"
        RenderText {#text} at (257,20) size 782x59
          text run at (257,20) width 9: ". "
          text run at (265,20) width 504: "Margins on inline elements does not affect line-height calculations, so all lines"
          text run at (0,40) width 317: "in this element should have the same line-height. "
          text run at (316,40) width 466: "However, there should be a 25px margin to the left side of the inline box"
          text run at (0,60) width 762: "in the first line it appears, and a 25px margin to the right side of the inline element box in the last line where it appears."
      RenderBlock {P} at (0,233) size 784x20 [bgcolor=#C0C0C0]
        RenderText {#text} at (0,0) size 208x19
          text run at (0,0) width 208: "This element has a class of zero."
      RenderBlock {P} at (0,269) size 784x80 [bgcolor=#808080]
        RenderText {#text} at (0,0) size 490x19
          text run at (0,0) width 400: "This element is unstyled save for a background color of gray.. "
          text run at (399,0) width 91: "It contains an "
        RenderInline {SPAN} at (0,0) size 766x39 [bgcolor=#00FFFF]
          RenderText {#text} at (479,0) size 148x19
            text run at (479,0) width 148: "inline element of class "
          RenderInline {TT} at (0,0) size 25x14
            RenderText {#text} at (626,5) size 25x14
              text run at (626,5) width 25: "two"
          RenderText {#text} at (650,0) size 766x39
            text run at (650,0) width 116: ", giving it an aqua"
            text run at (0,20) width 205: "background and a -10px margin"
        RenderText {#text} at (194,20) size 783x59
          text run at (194,20) width 9: ". "
          text run at (202,20) width 547: "Margins on inline elements does not affect line-height calculations, so all lines in this"
          text run at (0,40) width 274: "element should have the same line-height. "
          text run at (273,40) width 510: "However, there should be a -10px margin to the left side of the inline box in the"
          text run at (0,60) width 728: "first line it appears, and a -10px margin to the right side of the inline element box in the last line where it appears."
      RenderBlock {P} at (0,365) size 784x20 [bgcolor=#C0C0C0]
        RenderText {#text} at (0,0) size 208x19
          text run at (0,0) width 208: "This element has a class of zero."
      RenderTable {TABLE} at (0,385) size 784x362 [border: (1px outset #808080)]
        RenderTableSection {TBODY} at (1,1) size 782x360
          RenderTableRow {TR} at (0,0) size 782x28
            RenderTableCell {TD} at (0,0) size 782x28 [bgcolor=#C0C0C0] [border: (1px inset #808080)] [r=0 c=0 rs=1 cs=2]
              RenderInline {STRONG} at (0,0) size 161x19
                RenderText {#text} at (4,4) size 161x19
                  text run at (4,4) width 161: "TABLE Testing Section"
          RenderTableRow {TR} at (0,28) size 782x332
            RenderTableCell {TD} at (0,180) size 12x28 [bgcolor=#C0C0C0] [border: (1px inset #808080)] [r=1 c=0 rs=1 cs=1]
              RenderText {#text} at (4,4) size 4x19
                text run at (4,4) width 4: " "
            RenderTableCell {TD} at (12,28) size 770x332 [border: (1px inset #808080)] [r=1 c=1 rs=1 cs=1]
              RenderBlock {P} at (4,4) size 762x20 [bgcolor=#C0C0C0]
                RenderText {#text} at (0,0) size 208x19
                  text run at (0,0) width 208: "This element has a class of zero."
              RenderBlock {P} at (4,40) size 762x100 [bgcolor=#808080]
                RenderText {#text} at (0,0) size 490x19
                  text run at (0,0) width 400: "This element is unstyled save for a background color of gray.. "
                  text run at (399,0) width 91: "It contains an "
                RenderInline {SPAN} at (0,0) size 748x39 [bgcolor=#00FFFF]
                  RenderText {#text} at (514,0) size 148x19
                    text run at (514,0) width 148: "inline element of class "
                  RenderInline {TT} at (0,0) size 25x14
                    RenderText {#text} at (661,5) size 25x14
                      text run at (661,5) width 25: "one"
                  RenderText {#text} at (685,0) size 748x39
                    text run at (685,0) width 63: ", giving it"
                    text run at (0,20) width 253: "an aqua background and a 25px margin"
                RenderText {#text} at (277,20) size 761x79
                  text run at (277,20) width 9: ". "
                  text run at (285,20) width 469: "Margins on inline elements does not affect line-height calculations, so all"
                  text run at (0,40) width 352: "lines in this element should have the same line-height. "
                  text run at (351,40) width 396: "However, there should be a 25px margin to the left side of the"
                  text run at (0,60) width 761: "inline box in the first line it appears, and a 25px margin to the right side of the inline element box in the last line where"
                  text run at (0,80) width 66: "it appears."
              RenderBlock {P} at (4,156) size 762x20 [bgcolor=#C0C0C0]
                RenderText {#text} at (0,0) size 208x19
                  text run at (0,0) width 208: "This element has a class of zero."
              RenderBlock {P} at (4,192) size 762x100 [bgcolor=#808080]
                RenderText {#text} at (0,0) size 490x19
                  text run at (0,0) width 400: "This element is unstyled save for a background color of gray.. "
                  text run at (399,0) width 91: "It contains an "
                RenderInline {SPAN} at (0,0) size 732x39 [bgcolor=#00FFFF]
                  RenderText {#text} at (479,0) size 148x19
                    text run at (479,0) width 148: "inline element of class "
                  RenderInline {TT} at (0,0) size 25x14
                    RenderText {#text} at (626,5) size 25x14
                      text run at (626,5) width 25: "two"
                  RenderText {#text} at (650,0) size 732x39
                    text run at (650,0) width 82: ", giving it an"
                    text run at (0,20) width 239: "aqua background and a -10px margin"
                RenderText {#text} at (228,20) size 756x79
                  text run at (228,20) width 9: ". "
                  text run at (236,20) width 520: "Margins on inline elements does not affect line-height calculations, so all lines in"
                  text run at (0,40) width 301: "this element should have the same line-height. "
                  text run at (300,40) width 442: "However, there should be a -10px margin to the left side of the inline"
                  text run at (0,60) width 739: "box in the first line it appears, and a -10px margin to the right side of the inline element box in the last line where it"
                  text run at (0,80) width 53: "appears."
              RenderBlock {P} at (4,308) size 762x20 [bgcolor=#C0C0C0]
                RenderText {#text} at (0,0) size 208x19
                  text run at (0,0) width 208: "This element has a class of zero."
