layer at (0,0) size 800x1065
  RenderView at (0,0) size 800x600
layer at (0,0) size 800x1065
  RenderBlock {HTML} at (0,0) size 800x1065
    RenderBody {BODY} at (8,8) size 784x1049 [bgcolor=#CCCCCC]
      RenderBlock {P} at (0,0) size 784x20
        RenderText {#text} at (0,0) size 363x19
          text run at (0,0) width 363: "The style declarations which apply to the text below are:"
      RenderBlock {PRE} at (0,36) size 784x84
        RenderText {#text} at (0,0) size 398x84
          text run at (0,0) width 383: ".zero {background-color: silver; margin-left: 0;}"
          text run at (382,0) width 1: " "
          text run at (0,14) width 391: ".one {margin-left: 0.5in; background-color: aqua;}"
          text run at (390,14) width 1: " "
          text run at (0,28) width 383: ".two {margin-left: 25px; background-color: aqua;}"
          text run at (382,28) width 1: " "
          text run at (0,42) width 391: ".three {margin-left: 5em; background-color: aqua;}"
          text run at (390,42) width 1: " "
          text run at (0,56) width 383: ".four {margin-left: 25%; background-color: aqua;}"
          text run at (382,56) width 1: " "
          text run at (0,70) width 398: ".five {margin-left: -10px; background-color: aqua;}"
          text run at (397,70) width 1: " "
      RenderBlock {HR} at (0,133) size 784x2 [border: (1px inset #000000)]
      RenderBlock {P} at (0,151) size 784x20 [bgcolor=#C0C0C0]
        RenderText {#text} at (0,0) size 208x19
          text run at (0,0) width 208: "This element has a class of zero."
      RenderBlock {P} at (48,187) size 736x20 [bgcolor=#00FFFF]
        RenderText {#text} at (0,0) size 355x19
          text run at (0,0) width 355: "This sentence should have a left margin of half an inch."
      RenderBlock {P} at (25,223) size 759x20 [bgcolor=#00FFFF]
        RenderText {#text} at (0,0) size 338x19
          text run at (0,0) width 338: "This sentence should have a left margin of 25 pixels."
      RenderBlock {P} at (80,259) size 704x20 [bgcolor=#00FFFF]
        RenderText {#text} at (0,0) size 311x19
          text run at (0,0) width 311: "This sentence should have a left margin of 5 em."
      RenderBlock {P} at (196,295) size 588x40 [bgcolor=#00FFFF]
        RenderText {#text} at (0,0) size 557x39
          text run at (0,0) width 557: "This sentence should have a left margin of 25%, which is calculated with respect to the"
          text run at (0,20) width 180: "width of the parent element."
      RenderBlock {UL} at (25,351) size 759x100 [bgcolor=#808080]
        RenderListItem {LI} at (40,0) size 719x20
          RenderListMarker at (-18,0) size 7x19: bullet
          RenderText {#text} at (0,0) size 699x19
            text run at (0,0) width 699: "The left margin on this unordered list has been set to 25 pixels, and its background color has been set to gray."
        RenderListItem {LI} at (65,20) size 694x60 [bgcolor=#FFFFFF]
          RenderListMarker at (-18,0) size 7x19: bullet
          RenderText {#text} at (0,0) size 685x59
            text run at (0,0) width 669: "Another list item might not be such a bad idea, either, considering that such things do need to be double-"
            text run at (0,20) width 61: "checked. "
            text run at (60,20) width 625: "This list item has its left margin also set to 25 pixels, which should combine with the list's margin"
            text run at (0,40) width 488: "to make 50 pixels of margin, and its background color has been set to white."
        RenderListItem {LI} at (40,80) size 719x20
          RenderListMarker at (-18,0) size 7x19: bullet
          RenderText {#text} at (0,0) size 185x19
            text run at (0,0) width 185: "This is an unclassed list item"
      RenderBlock {P} at (0,467) size 784x20 [bgcolor=#C0C0C0]
        RenderText {#text} at (0,0) size 208x19
          text run at (0,0) width 208: "This element has a class of zero."
      RenderBlock {P} at (-10,503) size 794x60 [bgcolor=#00FFFF]
        RenderText {#text} at (0,0) size 793x59
          text run at (0,0) width 773: "This paragraph has a left margin of -10px, which should cause it to be wider than it might otherwise be, and it has a light"
          text run at (0,20) width 116: "blue background. "
          text run at (115,20) width 394: "In all other respects, however, the element should be normal. "
          text run at (508,20) width 285: "No styles have been applied to it besides the"
          text run at (0,40) width 299: "negative left margin and the background color."
      RenderTable {TABLE} at (0,579) size 784x470 [border: (1px outset #808080)]
        RenderTableSection {TBODY} at (1,1) size 782x468
          RenderTableRow {TR} at (0,0) size 782x28
            RenderTableCell {TD} at (0,0) size 782x28 [bgcolor=#C0C0C0] [border: (1px inset #808080)] [r=0 c=0 rs=1 cs=2]
              RenderInline {STRONG} at (0,0) size 161x19
                RenderText {#text} at (4,4) size 161x19
                  text run at (4,4) width 161: "TABLE Testing Section"
          RenderTableRow {TR} at (0,28) size 782x440
            RenderTableCell {TD} at (0,234) size 12x28 [bgcolor=#C0C0C0] [border: (1px inset #808080)] [r=1 c=0 rs=1 cs=1]
              RenderText {#text} at (4,4) size 4x19
                text run at (4,4) width 4: " "
            RenderTableCell {TD} at (12,28) size 770x440 [border: (1px inset #808080)] [r=1 c=1 rs=1 cs=1]
              RenderBlock {P} at (4,4) size 762x20 [bgcolor=#C0C0C0]
                RenderText {#text} at (0,0) size 208x19
                  text run at (0,0) width 208: "This element has a class of zero."
              RenderBlock {P} at (52,40) size 714x20 [bgcolor=#00FFFF]
                RenderText {#text} at (0,0) size 355x19
                  text run at (0,0) width 355: "This sentence should have a left margin of half an inch."
              RenderBlock {P} at (29,76) size 737x20 [bgcolor=#00FFFF]
                RenderText {#text} at (0,0) size 338x19
                  text run at (0,0) width 338: "This sentence should have a left margin of 25 pixels."
              RenderBlock {P} at (84,112) size 682x20 [bgcolor=#00FFFF]
                RenderText {#text} at (0,0) size 311x19
                  text run at (0,0) width 311: "This sentence should have a left margin of 5 em."
              RenderBlock {P} at (194,148) size 572x40 [bgcolor=#00FFFF]
                RenderText {#text} at (0,0) size 557x39
                  text run at (0,0) width 557: "This sentence should have a left margin of 25%, which is calculated with respect to the"
                  text run at (0,20) width 180: "width of the parent element."
              RenderBlock {UL} at (29,204) size 737x120 [bgcolor=#808080]
                RenderListItem {LI} at (40,0) size 697x40
                  RenderListMarker at (-18,0) size 7x19: bullet
                  RenderText {#text} at (0,0) size 664x39
                    text run at (0,0) width 664: "The left margin on this unordered list has been set to 25 pixels, and its background color has been set to"
                    text run at (0,20) width 32: "gray."
                RenderListItem {LI} at (65,40) size 672x60 [bgcolor=#FFFFFF]
                  RenderListMarker at (-18,0) size 7x19: bullet
                  RenderText {#text} at (0,0) size 669x59
                    text run at (0,0) width 669: "Another list item might not be such a bad idea, either, considering that such things do need to be double-"
                    text run at (0,20) width 61: "checked. "
                    text run at (60,20) width 576: "This list item has its left margin also set to 25 pixels, which should combine with the list's"
                    text run at (0,40) width 537: "margin to make 50 pixels of margin, and its background color has been set to white."
                RenderListItem {LI} at (40,100) size 697x20
                  RenderListMarker at (-18,0) size 7x19: bullet
                  RenderText {#text} at (0,0) size 185x19
                    text run at (0,0) width 185: "This is an unclassed list item"
              RenderBlock {P} at (4,340) size 762x20 [bgcolor=#C0C0C0]
                RenderText {#text} at (0,0) size 208x19
                  text run at (0,0) width 208: "This element has a class of zero."
              RenderBlock {P} at (-6,376) size 772x60 [bgcolor=#00FFFF]
                RenderText {#text} at (0,0) size 751x59
                  text run at (0,0) width 740: "This paragraph has a left margin of -10px, which should cause it to be wider than it might otherwise be, and it has a"
                  text run at (0,20) width 149: "light blue background. "
                  text run at (148,20) width 394: "In all other respects, however, the element should be normal. "
                  text run at (541,20) width 210: "No styles have been applied to it"
                  text run at (0,40) width 374: "besides the negative left margin and the background color."
