layer at (0,0) size 800x1053
  RenderView at (0,0) size 800x600
layer at (0,0) size 800x1053
  RenderBlock {HTML} at (0,0) size 800x1053
    RenderBody {BODY} at (8,8) size 784x1037 [bgcolor=#CCCCCC]
      RenderBlock {P} at (0,0) size 784x20
        RenderText {#text} at (0,0) size 363x19
          text run at (0,0) width 363: "The style declarations which apply to the text below are:"
      RenderBlock {PRE} at (0,36) size 784x84
        RenderText {#text} at (0,0) size 406x84
          text run at (0,0) width 391: ".zero {background-color: silver; padding-left: 0;}"
          text run at (390,0) width 1: " "
          text run at (0,14) width 398: ".one {padding-left: 0.5in; background-color: aqua;}"
          text run at (397,14) width 1: " "
          text run at (0,28) width 391: ".two {padding-left: 25px; background-color: aqua;}"
          text run at (390,28) width 1: " "
          text run at (0,42) width 398: ".three {padding-left: 5em; background-color: aqua;}"
          text run at (397,42) width 1: " "
          text run at (0,56) width 391: ".four {padding-left: 25%; background-color: aqua;}"
          text run at (390,56) width 1: " "
          text run at (0,70) width 406: ".five {padding-left: -20px; background-color: aqua;}"
          text run at (405,70) width 1: " "
      RenderBlock {HR} at (0,133) size 784x2 [border: (1px inset #000000)]
      RenderBlock {P} at (0,151) size 784x20 [bgcolor=#C0C0C0]
        RenderText {#text} at (0,0) size 208x19
          text run at (0,0) width 208: "This element has a class of zero."
      RenderBlock {P} at (0,187) size 784x40 [bgcolor=#00FFFF]
        RenderText {#text} at (48,0) size 702x39
          text run at (48,0) width 647: "This element should have a left padding of half an inch, which will require extra text in order to test. "
          text run at (694,0) width 56: "Both the"
          text run at (48,20) width 413: "content background and the padding should be aqua (light blue)."
      RenderBlock {P} at (0,243) size 784x40 [bgcolor=#00FFFF]
        RenderText {#text} at (25,0) size 736x39
          text run at (25,0) width 630: "This element should have a left padding of 25 pixels, which will require extra text in order to test. "
          text run at (654,0) width 107: "Both the content"
          text run at (25,20) width 362: "background and the padding should be aqua (light blue)."
      RenderBlock {P} at (0,299) size 784x40 [bgcolor=#00FFFF]
        RenderText {#text} at (80,0) size 654x39
          text run at (80,0) width 599: "This element should have a left padding of 5em, which will require extra text in order to test. "
          text run at (678,0) width 56: "Both the"
          text run at (80,20) width 413: "content background and the padding should be aqua (light blue)."
      RenderBlock {P} at (0,355) size 784x60 [bgcolor=#00FFFF]
        RenderText {#text} at (196,0) size 576x59
          text run at (196,0) width 559: "This element should have a left padding of 25%, which is calculated with respect to the"
          text run at (196,20) width 184: "width of the parent element. "
          text run at (379,20) width 393: "Both the content background and the padding should be aqua"
          text run at (196,40) width 76: "(light blue)."
      RenderBlock {UL} at (0,431) size 784x80 [bgcolor=#808080]
        RenderListItem {LI} at (25,0) size 759x20
          RenderListMarker at (-18,0) size 7x19: bullet
          RenderText {#text} at (0,0) size 732x19
            text run at (0,0) width 732: "The left padding on this unordered list has been set to 25 pixels, which will require some extra test in order to test."
        RenderListItem {LI} at (25,20) size 759x60 [bgcolor=#FFFFFF]
          RenderListMarker at (-18,0) size 7x19: bullet
          RenderText {#text} at (25,0) size 726x59
            text run at (25,0) width 726: "Another list item might not be such a bad idea, either, considering that such things do need to be double-checked."
            text run at (25,20) width 713: "This list item has its left padding also set to 25 pixels, which should combine with the list's padding to make 50"
            text run at (25,40) width 109: "pixels of margin."
      RenderBlock {P} at (0,527) size 784x40 [bgcolor=#00FFFF]
        RenderText {#text} at (0,0) size 761x39
          text run at (0,0) width 575: "This element should have no left padding, since negative padding values are not allowed. "
          text run at (574,0) width 187: "Both the content background"
          text run at (0,20) width 332: "and the normal padding should be aqua (light blue)."
      RenderTable {TABLE} at (0,583) size 784x454 [border: (1px outset #808080)]
        RenderTableSection {TBODY} at (1,1) size 782x452
          RenderTableRow {TR} at (0,0) size 782x28
            RenderTableCell {TD} at (0,0) size 782x28 [bgcolor=#C0C0C0] [border: (1px inset #808080)] [r=0 c=0 rs=1 cs=2]
              RenderInline {STRONG} at (0,0) size 161x19
                RenderText {#text} at (4,4) size 161x19
                  text run at (4,4) width 161: "TABLE Testing Section"
          RenderTableRow {TR} at (0,28) size 782x424
            RenderTableCell {TD} at (0,226) size 12x28 [bgcolor=#C0C0C0] [border: (1px inset #808080)] [r=1 c=0 rs=1 cs=1]
              RenderText {#text} at (4,4) size 4x19
                text run at (4,4) width 4: " "
            RenderTableCell {TD} at (12,28) size 770x424 [border: (1px inset #808080)] [r=1 c=1 rs=1 cs=1]
              RenderBlock {P} at (4,4) size 762x20 [bgcolor=#C0C0C0]
                RenderText {#text} at (0,0) size 208x19
                  text run at (0,0) width 208: "This element has a class of zero."
              RenderBlock {P} at (4,40) size 762x40 [bgcolor=#00FFFF]
                RenderText {#text} at (48,0) size 702x39
                  text run at (48,0) width 647: "This element should have a left padding of half an inch, which will require extra text in order to test. "
                  text run at (694,0) width 56: "Both the"
                  text run at (48,20) width 413: "content background and the padding should be aqua (light blue)."
              RenderBlock {P} at (4,96) size 762x40 [bgcolor=#00FFFF]
                RenderText {#text} at (25,0) size 736x39
                  text run at (25,0) width 630: "This element should have a left padding of 25 pixels, which will require extra text in order to test. "
                  text run at (654,0) width 107: "Both the content"
                  text run at (25,20) width 362: "background and the padding should be aqua (light blue)."
              RenderBlock {P} at (4,152) size 762x40 [bgcolor=#00FFFF]
                RenderText {#text} at (80,0) size 654x39
                  text run at (80,0) width 599: "This element should have a left padding of 5em, which will require extra text in order to test. "
                  text run at (678,0) width 56: "Both the"
                  text run at (80,20) width 413: "content background and the padding should be aqua (light blue)."
              RenderBlock {P} at (4,208) size 762x60 [bgcolor=#00FFFF]
                RenderText {#text} at (190,0) size 560x59
                  text run at (190,0) width 560: "This element should have a left padding of 25%, which is calculated with respect to the"
                  text run at (190,20) width 185: "width of the parent element. "
                  text run at (374,20) width 358: "Both the content background and the padding should be"
                  text run at (190,40) width 111: "aqua (light blue)."
              RenderBlock {UL} at (4,284) size 762x80 [bgcolor=#808080]
                RenderListItem {LI} at (25,0) size 737x20
                  RenderListMarker at (-18,0) size 7x19: bullet
                  RenderText {#text} at (0,0) size 732x19
                    text run at (0,0) width 732: "The left padding on this unordered list has been set to 25 pixels, which will require some extra test in order to test."
                RenderListItem {LI} at (25,20) size 737x60 [bgcolor=#FFFFFF]
                  RenderListMarker at (-18,0) size 7x19: bullet
                  RenderText {#text} at (25,0) size 698x59
                    text run at (25,0) width 669: "Another list item might not be such a bad idea, either, considering that such things do need to be double-"
                    text run at (25,20) width 61: "checked. "
                    text run at (85,20) width 638: "This list item has its left padding also set to 25 pixels, which should combine with the list's padding"
                    text run at (25,40) width 184: "to make 50 pixels of margin."
              RenderBlock {P} at (4,380) size 762x40 [bgcolor=#00FFFF]
                RenderText {#text} at (0,0) size 761x39
                  text run at (0,0) width 575: "This element should have no left padding, since negative padding values are not allowed. "
                  text run at (574,0) width 187: "Both the content background"
                  text run at (0,20) width 332: "and the normal padding should be aqua (light blue)."
