layer at (0,0) size 800x801
  RenderView at (0,0) size 800x600
layer at (0,0) size 800x801
  RenderBlock {HTML} at (0,0) size 800x801
    RenderBody {BODY} at (8,8) size 784x785 [bgcolor=#CCCCCC]
      RenderBlock {P} at (0,0) size 784x20
        RenderText {#text} at (0,0) size 363x19
          text run at (0,0) width 363: "The style declarations which apply to the text below are:"
      RenderBlock {PRE} at (0,36) size 784x56
        RenderText {#text} at (0,0) size 359x56
          text run at (0,0) width 352: ".zero {background-color: silver; padding: 0;}"
          text run at (351,0) width 1: " "
          text run at (0,14) width 352: ".one {padding: 25px; background-color: aqua;}"
          text run at (351,14) width 1: " "
          text run at (0,28) width 359: ".two {padding: -10px; background-color: aqua;}"
          text run at (358,28) width 1: " "
          text run at (0,42) width 0: " "
      RenderBlock {HR} at (0,105) size 784x2 [border: (1px inset #000000)]
      RenderBlock {P} at (0,123) size 784x20 [bgcolor=#C0C0C0]
        RenderText {#text} at (0,0) size 208x19
          text run at (0,0) width 208: "This element has a class of zero."
      RenderBlock {P} at (0,159) size 784x120 [bgcolor=#808080]
        RenderText {#text} at (0,0) size 486x19
          text run at (0,0) width 396: "This element is unstyled save for a background color of gray. "
          text run at (395,0) width 91: "It contains an "
        RenderInline {SPAN} at (0,0) size 763x89 [bgcolor=#00FFFF]
          RenderText {#text} at (510,0) size 148x19
            text run at (510,0) width 148: "inline element of class "
          RenderInline {TT} at (0,0) size 25x14
            RenderText {#text} at (657,5) size 25x14
              text run at (657,5) width 25: "one"
          RenderText {#text} at (681,0) size 763x39
            text run at (681,0) width 82: ", giving it an"
            text run at (0,20) width 240: "aqua background and a 25px padding"
        RenderText {#text} at (264,20) size 777x99
          text run at (264,20) width 9: ". "
          text run at (272,20) width 503: "Padding on inline elements does not affect line-height calculations, so all lines"
          text run at (0,40) width 317: "in this element should have the same line-height. "
          text run at (316,40) width 421: "There may be implementation-specific limits on how much of the"
          text run at (0,60) width 439: "padding the user agent is able to display above and below each line. "
          text run at (438,60) width 339: "However, there should be at least 25px of padding to"
          text run at (0,80) width 772: "the left side of the inline box in the first line it appears, and 25px of padding to the right side of the inline element box in"
          text run at (0,100) width 187: "the last line where it appears."
      RenderBlock {P} at (0,295) size 784x20 [bgcolor=#C0C0C0]
        RenderText {#text} at (0,0) size 208x19
          text run at (0,0) width 208: "This element has a class of zero."
      RenderBlock {P} at (0,331) size 784x60 [bgcolor=#808080]
        RenderText {#text} at (0,0) size 486x19
          text run at (0,0) width 396: "This element is unstyled save for a background color of gray. "
          text run at (395,0) width 91: "It contains an "
        RenderInline {SPAN} at (0,0) size 772x39 [bgcolor=#00FFFF]
          RenderText {#text} at (485,0) size 148x19
            text run at (485,0) width 148: "inline element of class "
          RenderInline {TT} at (0,0) size 25x14
            RenderText {#text} at (632,5) size 25x14
              text run at (632,5) width 25: "two"
          RenderText {#text} at (656,0) size 772x39
            text run at (656,0) width 116: ", giving it an aqua"
            text run at (0,20) width 481: "background and no padding, since negative padding values are not allowed"
        RenderText {#text} at (480,20) size 760x39
          text run at (480,20) width 9: ". "
          text run at (488,20) width 272: "Padding on inline elements does not affect"
          text run at (0,40) width 543: "line-height calculations, so all lines in this element should have the same line-height."
      RenderBlock {P} at (0,407) size 784x20 [bgcolor=#C0C0C0]
        RenderText {#text} at (0,0) size 208x19
          text run at (0,0) width 208: "This element has a class of zero."
      RenderTable {TABLE} at (0,443) size 784x342 [border: (1px outset #808080)]
        RenderTableSection {TBODY} at (1,1) size 782x340
          RenderTableRow {TR} at (0,0) size 782x28
            RenderTableCell {TD} at (0,0) size 782x28 [bgcolor=#C0C0C0] [border: (1px inset #808080)] [r=0 c=0 rs=1 cs=2]
              RenderInline {STRONG} at (0,0) size 161x19
                RenderText {#text} at (4,4) size 161x19
                  text run at (4,4) width 161: "TABLE Testing Section"
          RenderTableRow {TR} at (0,28) size 782x312
            RenderTableCell {TD} at (0,170) size 12x28 [bgcolor=#C0C0C0] [border: (1px inset #808080)] [r=1 c=0 rs=1 cs=1]
              RenderText {#text} at (4,4) size 4x19
                text run at (4,4) width 4: " "
            RenderTableCell {TD} at (12,28) size 770x312 [border: (1px inset #808080)] [r=1 c=1 rs=1 cs=1]
              RenderBlock {P} at (4,4) size 762x20 [bgcolor=#C0C0C0]
                RenderText {#text} at (0,0) size 208x19
                  text run at (0,0) width 208: "This element has a class of zero."
              RenderBlock {P} at (4,40) size 762x120 [bgcolor=#808080]
                RenderText {#text} at (0,0) size 486x19
                  text run at (0,0) width 396: "This element is unstyled save for a background color of gray. "
                  text run at (395,0) width 91: "It contains an "
                RenderInline {SPAN} at (0,0) size 744x89 [bgcolor=#00FFFF]
                  RenderText {#text} at (510,0) size 148x19
                    text run at (510,0) width 148: "inline element of class "
                  RenderInline {TT} at (0,0) size 25x14
                    RenderText {#text} at (657,5) size 25x14
                      text run at (657,5) width 25: "one"
                  RenderText {#text} at (681,0) size 744x39
                    text run at (681,0) width 63: ", giving it"
                    text run at (0,20) width 259: "an aqua background and a 25px padding"
                RenderText {#text} at (283,20) size 760x99
                  text run at (283,20) width 9: ". "
                  text run at (291,20) width 469: "Padding on inline elements does not affect line-height calculations, so all"
                  text run at (0,40) width 352: "lines in this element should have the same line-height. "
                  text run at (351,40) width 397: "There may be implementation-specific limits on how much of"
                  text run at (0,60) width 462: "the padding the user agent is able to display above and below each line. "
                  text run at (461,60) width 267: "However, there should be at least 25px of"
                  text run at (0,80) width 745: "padding to the left side of the inline box in the first line it appears, and 25px of padding to the right side of the inline"
                  text run at (0,100) width 286: "element box in the last line where it appears."
              RenderBlock {P} at (4,176) size 762x20 [bgcolor=#C0C0C0]
                RenderText {#text} at (0,0) size 208x19
                  text run at (0,0) width 208: "This element has a class of zero."
              RenderBlock {P} at (4,212) size 762x60 [bgcolor=#808080]
                RenderText {#text} at (0,0) size 486x19
                  text run at (0,0) width 396: "This element is unstyled save for a background color of gray. "
                  text run at (395,0) width 91: "It contains an "
                RenderInline {SPAN} at (0,0) size 738x39 [bgcolor=#00FFFF]
                  RenderText {#text} at (485,0) size 148x19
                    text run at (485,0) width 148: "inline element of class "
                  RenderInline {TT} at (0,0) size 25x14
                    RenderText {#text} at (632,5) size 25x14
                      text run at (632,5) width 25: "two"
                  RenderText {#text} at (656,0) size 738x39
                    text run at (656,0) width 82: ", giving it an"
                    text run at (0,20) width 515: "aqua background and no padding, since negative padding values are not allowed"
                RenderText {#text} at (514,20) size 755x39
                  text run at (514,20) width 9: ". "
                  text run at (522,20) width 233: "Padding on inline elements does not"
                  text run at (0,40) width 584: "affect line-height calculations, so all lines in this element should have the same line-height."
              RenderBlock {P} at (4,288) size 762x20 [bgcolor=#C0C0C0]
                RenderText {#text} at (0,0) size 208x19
                  text run at (0,0) width 208: "This element has a class of zero."
