layer at (0,0) size 800x1514
  RenderView at (0,0) size 800x600
layer at (0,0) size 800x1514
  RenderBlock {HTML} at (0,0) size 800x1514
    RenderBody {BODY} at (8,8) size 784x1498 [bgcolor=#CCCCCC]
      RenderBlock {P} at (0,0) size 784x20
        RenderText {#text} at (0,0) size 363x19
          text run at (0,0) width 363: "The style declarations which apply to the text below are:"
      RenderBlock {PRE} at (0,36) size 784x84
        RenderText {#text} at (0,0) size 398x84
          text run at (0,0) width 383: ".zero {background-color: silver; padding-top: 0;}"
          text run at (382,0) width 1: " "
          text run at (0,14) width 391: ".one {padding-top: 0.5in; background-color: aqua;}"
          text run at (390,14) width 1: " "
          text run at (0,28) width 383: ".two {padding-top: 25px; background-color: aqua;}"
          text run at (382,28) width 1: " "
          text run at (0,42) width 391: ".three {padding-top: 5em; background-color: aqua;}"
          text run at (390,42) width 1: " "
          text run at (0,56) width 383: ".four {padding-top: 25%; background-color: aqua;}"
          text run at (382,56) width 1: " "
          text run at (0,70) width 398: ".five {padding-top: -20px; background-color: aqua;}"
          text run at (397,70) width 1: " "
      RenderBlock {P} at (0,151) size 784x20 [bgcolor=#C0C0C0]
        RenderText {#text} at (0,0) size 208x19
          text run at (0,0) width 208: "This element has a class of zero."
      RenderBlock {P} at (0,187) size 784x88 [bgcolor=#00FFFF]
        RenderText {#text} at (0,48) size 752x39
          text run at (0,48) width 647: "This element should have a top padding of half an inch, which will require extra text in order to test. "
          text run at (646,48) width 106: "Both the content"
          text run at (0,68) width 362: "background and the padding should be aqua (light blue)."
      RenderBlock {P} at (0,291) size 784x65 [bgcolor=#00FFFF]
        RenderText {#text} at (0,25) size 735x39
          text run at (0,25) width 629: "This element should have a top padding of 25 pixels, which will require extra text in order to test. "
          text run at (628,25) width 107: "Both the content"
          text run at (0,45) width 362: "background and the padding should be aqua (light blue)."
      RenderBlock {P} at (0,372) size 784x120 [bgcolor=#00FFFF]
        RenderText {#text} at (0,80) size 708x39
          text run at (0,80) width 603: "This element should have a top padding of 5 em, which will require extra text in order to test. "
          text run at (602,80) width 106: "Both the content"
          text run at (0,100) width 362: "background and the padding should be aqua (light blue)."
      RenderBlock {P} at (0,508) size 784x236 [bgcolor=#00FFFF]
        RenderText {#text} at (0,196) size 778x39
          text run at (0,196) width 747: "This element should have a top padding of 25%, which is calculated with respect to the width of the parent element. "
          text run at (746,196) width 32: "Both"
          text run at (0,216) width 440: "the content background and the padding should be aqua (light blue). "
          text run at (439,216) width 273: "This will require extra text in order to test."
      RenderBlock {P} at (0,760) size 784x40 [bgcolor=#00FFFF]
        RenderText {#text} at (0,0) size 760x39
          text run at (0,0) width 575: "This element should have no top padding, since negative padding values are not allowed. "
          text run at (574,0) width 186: "Both the content background"
          text run at (0,20) width 332: "and the normal padding should be aqua (light blue)."
      RenderTable {TABLE} at (0,816) size 784x682 [border: (1px outset #808080)]
        RenderTableSection {TBODY} at (1,1) size 782x680
          RenderTableRow {TR} at (0,0) size 782x28
            RenderTableCell {TD} at (0,0) size 782x28 [bgcolor=#C0C0C0] [border: (1px inset #808080)] [r=0 c=0 rs=1 cs=2]
              RenderInline {STRONG} at (0,0) size 161x19
                RenderText {#text} at (4,4) size 161x19
                  text run at (4,4) width 161: "TABLE Testing Section"
          RenderTableRow {TR} at (0,28) size 782x652
            RenderTableCell {TD} at (0,339) size 12x29 [bgcolor=#C0C0C0] [border: (1px inset #808080)] [r=1 c=0 rs=1 cs=1]
              RenderText {#text} at (4,3) size 4x21
                text run at (4,4) width 4: " "
            RenderTableCell {TD} at (12,28) size 770x652 [border: (1px inset #808080)] [r=1 c=1 rs=1 cs=1]
              RenderBlock {P} at (4,4) size 762x20 [bgcolor=#C0C0C0]
                RenderText {#text} at (0,0) size 208x19
                  text run at (0,0) width 208: "This element has a class of zero."
              RenderBlock {P} at (4,40) size 762x88 [bgcolor=#00FFFF]
                RenderText {#text} at (0,48) size 752x39
                  text run at (0,48) width 647: "This element should have a top padding of half an inch, which will require extra text in order to test. "
                  text run at (646,48) width 106: "Both the content"
                  text run at (0,68) width 362: "background and the padding should be aqua (light blue)."
              RenderBlock {P} at (4,144) size 762x65 [bgcolor=#00FFFF]
                RenderText {#text} at (0,25) size 735x39
                  text run at (0,25) width 629: "This element should have a top padding of 25 pixels, which will require extra text in order to test. "
                  text run at (628,25) width 107: "Both the content"
                  text run at (0,45) width 362: "background and the padding should be aqua (light blue)."
              RenderBlock {P} at (4,225) size 762x120 [bgcolor=#00FFFF]
                RenderText {#text} at (0,80) size 708x39
                  text run at (0,80) width 603: "This element should have a top padding of 5 em, which will require extra text in order to test. "
                  text run at (602,80) width 106: "Both the content"
                  text run at (0,100) width 362: "background and the padding should be aqua (light blue)."
              RenderBlock {P} at (4,361) size 762x231 [bgcolor=#00FFFF]
                RenderText {#text} at (0,190) size 747x40
                  text run at (0,190) width 743: "This element should have a top padding of 25%, which is calculated with respect to the width of the parent element."
                  text run at (0,210) width 475: "Both the content background and the padding should be aqua (light blue). "
                  text run at (475,210) width 272: "This will require extra text in order to test."
              RenderBlock {P} at (4,607) size 762x41 [bgcolor=#00FFFF]
                RenderText {#text} at (0,0) size 760x39
                  text run at (0,0) width 575: "This element should have no top padding, since negative padding values are not allowed. "
                  text run at (574,0) width 186: "Both the content background"
                  text run at (0,20) width 332: "and the normal padding should be aqua (light blue)."
layer at (8,141) size 784x2 clip at (0,0) size 0x0
  RenderBlock {HR} at (0,133) size 784x2 [border: (1px inset #000000)]
