layer at (0,0) size 800x600
  RenderView at (0,0) size 800x600
layer at (0,0) size 800x600
  RenderBlock {HTML} at (0,0) size 800x600
    RenderBody {BODY} at (8,8) size 784x584 [bgcolor=#CCCCCC]
      RenderBlock {P} at (0,0) size 784x20
        RenderText {#text} at (0,0) size 363x19
          text run at (0,0) width 363: "The style declarations which apply to the text below are:"
      RenderBlock {PRE} at (0,36) size 784x42
        RenderText {#text} at (0,0) size 391x42
          text run at (0,0) width 383: ".one {padding-top: 25px; background-color: aqua;}"
          text run at (382,0) width 1: " "
          text run at (0,14) width 391: ".two {padding-top: -10px; background-color: aqua;}"
          text run at (390,14) width 1: " "
          text run at (0,28) width 0: " "
      RenderBlock {HR} at (0,91) size 784x2 [border: (1px inset #000000)]
      RenderBlock {P} at (0,109) size 784x80 [bgcolor=#808080]
        RenderText {#text} at (0,0) size 486x19
          text run at (0,0) width 396: "This element is unstyled save for a background color of gray. "
          text run at (395,0) width 91: "It contains an "
        RenderInline {SPAN} at (0,0) size 772x64 [bgcolor=#00FFFF]
          RenderText {#text} at (485,0) size 148x19
            text run at (485,0) width 148: "inline element of class "
          RenderInline {TT} at (0,0) size 25x14
            RenderText {#text} at (632,5) size 25x14
              text run at (632,5) width 25: "one"
          RenderText {#text} at (656,0) size 772x39
            text run at (656,0) width 116: ", giving it an aqua"
            text run at (0,20) width 230: "background and a 25px top padding"
        RenderText {#text} at (229,20) size 784x59
          text run at (229,20) width 9: ". "
          text run at (237,20) width 547: "Padding on inline elements does not affect line-height calculations, so all lines in this"
          text run at (0,40) width 274: "element should have the same line-height. "
          text run at (273,40) width 500: "There may be implementation-specific limits on how much of the padding the"
          text run at (0,60) width 181: "user agent is able to display."
      RenderBlock {P} at (0,205) size 784x60 [bgcolor=#808080]
        RenderText {#text} at (0,0) size 486x19
          text run at (0,0) width 396: "This element is unstyled save for a background color of gray. "
          text run at (395,0) width 91: "It contains an "
        RenderInline {SPAN} at (0,0) size 772x39 [bgcolor=#00FFFF]
          RenderText {#text} at (485,0) size 148x19
            text run at (485,0) width 148: "inline element of class "
          RenderInline {TT} at (0,0) size 25x14
            RenderText {#text} at (632,5) size 25x14
              text run at (632,5) width 25: "two"
          RenderText {#text} at (656,0) size 772x39
            text run at (656,0) width 116: ", giving it an aqua"
            text run at (0,20) width 505: "background and no top padding, since negative padding values are not allowed"
        RenderText {#text} at (504,20) size 745x39
          text run at (504,20) width 9: ". "
          text run at (512,20) width 233: "Padding on inline elements does not"
          text run at (0,40) width 584: "affect line-height calculations, so all lines in this element should have the same line-height."
      RenderTable {TABLE} at (0,281) size 784x194 [border: (1px outset #808080)]
        RenderTableSection {TBODY} at (1,1) size 782x192
          RenderTableRow {TR} at (0,0) size 782x28
            RenderTableCell {TD} at (0,0) size 782x28 [bgcolor=#C0C0C0] [border: (1px inset #808080)] [r=0 c=0 rs=1 cs=2]
              RenderInline {STRONG} at (0,0) size 161x19
                RenderText {#text} at (4,4) size 161x19
                  text run at (4,4) width 161: "TABLE Testing Section"
          RenderTableRow {TR} at (0,28) size 782x164
            RenderTableCell {TD} at (0,96) size 12x28 [bgcolor=#C0C0C0] [border: (1px inset #808080)] [r=1 c=0 rs=1 cs=1]
              RenderText {#text} at (4,4) size 4x19
                text run at (4,4) width 4: " "
            RenderTableCell {TD} at (12,28) size 770x164 [border: (1px inset #808080)] [r=1 c=1 rs=1 cs=1]
              RenderBlock {P} at (4,4) size 762x80 [bgcolor=#808080]
                RenderText {#text} at (0,0) size 486x19
                  text run at (0,0) width 396: "This element is unstyled save for a background color of gray. "
                  text run at (395,0) width 91: "It contains an "
                RenderInline {SPAN} at (0,0) size 738x64 [bgcolor=#00FFFF]
                  RenderText {#text} at (485,0) size 148x19
                    text run at (485,0) width 148: "inline element of class "
                  RenderInline {TT} at (0,0) size 25x14
                    RenderText {#text} at (632,5) size 25x14
                      text run at (632,5) width 25: "one"
                  RenderText {#text} at (656,0) size 738x39
                    text run at (656,0) width 82: ", giving it an"
                    text run at (0,20) width 264: "aqua background and a 25px top padding"
                RenderText {#text} at (263,20) size 748x59
                  text run at (263,20) width 9: ". "
                  text run at (271,20) width 469: "Padding on inline elements does not affect line-height calculations, so all"
                  text run at (0,40) width 352: "lines in this element should have the same line-height. "
                  text run at (351,40) width 397: "There may be implementation-specific limits on how much of"
                  text run at (0,60) width 283: "the padding the user agent is able to display."
              RenderBlock {P} at (4,100) size 762x60 [bgcolor=#808080]
                RenderText {#text} at (0,0) size 486x19
                  text run at (0,0) width 396: "This element is unstyled save for a background color of gray. "
                  text run at (395,0) width 91: "It contains an "
                RenderInline {SPAN} at (0,0) size 738x39 [bgcolor=#00FFFF]
                  RenderText {#text} at (485,0) size 148x19
                    text run at (485,0) width 148: "inline element of class "
                  RenderInline {TT} at (0,0) size 25x14
                    RenderText {#text} at (632,5) size 25x14
                      text run at (632,5) width 25: "two"
                  RenderText {#text} at (656,0) size 738x39
                    text run at (656,0) width 82: ", giving it an"
                    text run at (0,20) width 539: "aqua background and no top padding, since negative padding values are not allowed"
                RenderText {#text} at (538,20) size 755x39
                  text run at (538,20) width 9: ". "
                  text run at (546,20) width 209: "Padding on inline elements does"
                  text run at (0,40) width 608: "not affect line-height calculations, so all lines in this element should have the same line-height."
