layer at (0,0) size 800x600
  RenderView at (0,0) size 800x600
layer at (0,0) size 800x89
  RenderBlock {html} at (0,0) size 800x89
    RenderBody {body} at (8,16) size 784x65
      RenderBlock {p} at (0,0) size 784x20
        RenderText {#text} at (0,0) size 386x19
          text run at (0,0) width 386: "There should be no red below, except for antialiasing issues."
layer at (8,52) size 784x29
  RenderBlock (relative positioned) {div} at (0,36) size 784x29
layer at (8,52) size 784x29
  RenderBlock (relative positioned) zI: 1 {div} at (0,0) size 784x29 [color=#FF0000]
    RenderBlock {div} at (1,1) size 782x27
      RenderText {#text} at (0,0) size 110x27
        text run at (0,0) width 110: "a  b cd"
layer at (8,52) size 262x29
  RenderBlock (positioned) zI: 2 {div} at (0,0) size 262x29 [color=#008000]
    RenderBlock {div} at (1,1) size 260x27
      RenderInline {span} at (0,0) size 110x27
        RenderText {#text} at (0,0) size 32x27
          text run at (0,0) width 32: "a "
        RenderText {#text} at (31,0) size 16x27
          text run at (31,0) width 16: " "
        RenderTable at (46,0) size 17x27
          RenderTableSection (anonymous) at (0,0) size 16x27
            RenderTableRow (anonymous) at (0,0) size 16x27
              RenderTableCell {span} at (0,0) size 16x27 [r=0 c=0 rs=1 cs=1]
                RenderText {#text} at (0,0) size 16x27
                  text run at (0,0) width 16: "b"
        RenderTable at (62,0) size 48x27
          RenderTableSection (anonymous) at (0,0) size 47x27
            RenderTableRow (anonymous) at (0,0) size 47x27
              RenderTableCell (anonymous) at (0,0) size 47x27 [r=0 c=0 rs=1 cs=1]
                RenderText at (0,0) size 47x27
                  text run at (0,0) width 47: " cd"
