layer at (0,0) size 800x600
  RenderView at (0,0) size 800x600
layer at (0,0) size 800x100
  RenderBlock {html} at (0,0) size 800x100
    RenderBody {body} at (8,16) size 784x76
      RenderBlock {p} at (0,0) size 784x20
        RenderText {#text} at (0,0) size 386x19
          text run at (0,0) width 386: "There should be no red below, except for antialiasing issues."
layer at (8,52) size 784x40
  RenderBlock (relative positioned) {div} at (0,36) size 784x40
layer at (8,52) size 784x40
  RenderBlock (relative positioned) zI: 1 {div} at (0,0) size 784x40 [color=#FF0000]
    RenderInline {span} at (0,0) size 69x36
      RenderText {#text} at (0,0) size 0x0
      RenderInline {span} at (0,0) size 15x36
        RenderText {#text} at (1,2) size 15x36
          text run at (1,2) width 15: "a"
      RenderTable at (15,31) size 0x0
        RenderBlock {span} at (0,0) size 0x0
      RenderInline {span} at (0,0) size 55x36
        RenderText {#text} at (15,2) size 55x36
          text run at (15,2) width 55: "bc d"
      RenderText {#text} at (0,0) size 0x0
    RenderText zI: 1 {#text} at (0,0) size 0x0
layer at (8,52) size 70x40
  RenderBlock (positioned) zI: 2 {div} at (0,0) size 71x40 [color=#008000]
    RenderText zI: 2 {#text} at (1,2) size 69x36
      text run at (1,2) width 69: "abc d"
