layer at (0,0) size 800x600
  RenderView at (0,0) size 800x600
layer at (0,0) size 800x100
  RenderBlock {html} at (0,0) size 800x100
    RenderBody {body} at (8,16) size 784x76
      RenderBlock {p} at (0,0) size 784x20
        RenderText {#text} at (0,0) size 386x19
          text run at (0,0) width 386: "There should be no red below, except for antialiasing issues."
layer at (8,52) size 784x40
  RenderBlock (relative positioned) {div} at (0,36) size 784x40
layer at (8,52) size 784x40
  RenderBlock (relative positioned) zI: 1 {div} at (0,0) size 784x40 [color=#FF0000]
    RenderText zI: 1 {#text} at (1,2) size 77x36
      text run at (1,2) width 77: "a bc d"
layer at (8,52) size 78x40
  RenderBlock (positioned) zI: 2 {div} at (0,0) size 79x40 [color=#008000]
    RenderBlock {div} at (1,1) size 77x38
      RenderInline {span} at (0,0) size 39x36
        RenderText {#text} at (0,1) size 39x36
          text run at (0,1) width 39: "a b"
      RenderInline {span} at (0,0) size 39x36
        RenderText {#text} at (38,1) size 39x36
          text run at (38,1) width 39: "c d"
      RenderText {#text} at (0,0) size 0x0
