layer at (0,0) size 800x600
  RenderView at (0,0) size 800x600
layer at (0,0) size 800x100
  RenderBlock {html} at (0,0) size 800x100
    RenderBody {body} at (8,16) size 784x76
      RenderBlock {p} at (0,0) size 784x20
        RenderText {#text} at (0,0) size 386x19
          text run at (0,0) width 386: "There should be no red below, except for antialiasing issues."
layer at (8,52) size 784x40
  RenderBlock (relative positioned) {div} at (0,36) size 784x40
layer at (8,52) size 784x40
  RenderBlock (relative positioned) zI: 1 {div} at (0,0) size 784x40 [color=#FF0000]
    RenderText zI: 1 {#text} at (1,2) size 77x36
      text run at (1,2) width 77: "a bc d"
layer at (8,52) size 78x40
  RenderBlock (positioned) zI: 2 {div} at (0,0) size 79x40 [color=#008000]
    RenderInline {span} at (0,0) size 77x36
      RenderText {#text} at (1,2) size 23x36
        text run at (1,2) width 23: "a "
      RenderTable at (23,1) size 31x38
        RenderTableSection (anonymous) at (0,0) size 31x38
          RenderTableRow (anonymous) at (0,0) size 31x38
            RenderTableCell {span} at (0,0) size 16x38 [r=0 c=0 rs=1 cs=1]
              RenderText {#text} at (0,1) size 16x36
                text run at (0,1) width 16: "b"
            RenderTableCell {span} at (16,0) size 15x38 [r=0 c=1 rs=1 cs=1]
              RenderText {#text} at (0,1) size 15x36
                text run at (0,1) width 15: "c"
      RenderText {#text} at (53,2) size 25x36
        text run at (53,2) width 9: " "
        text run at (61,2) width 17: "d"
    RenderText zI: 2 {#text} at (0,0) size 0x0
