layer at (0,0) size 800x600
  RenderView at (0,0) size 800x600
layer at (0,0) size 800x131
  RenderBlock {html} at (0,0) size 800x131
    RenderBody {body} at (8,13) size 784x110
      RenderBlock {p} at (0,0) size 784x14
        RenderText {#text} at (0,0) size 476x14
          text run at (0,0) width 476: "There should be no red below, except for antialiasing issues."
layer at (8,40) size 784x83
  RenderBlock (relative positioned) {div} at (0,27) size 784x83
layer at (8,40) size 784x83
  RenderBlock (relative positioned) zI: 1 {div} at (0,0) size 784x83 [color=#FF0000]
    RenderTable {table} at (1,1) size 656x81
      RenderTableSection (anonymous) at (0,0) size 656x81
        RenderTableRow {tr} at (0,0) size 656x27
          RenderTableCell {td} at (0,0) size 219x27 [r=0 c=0 rs=1 cs=1]
            RenderText {#text} at (0,0) size 188x27
              text run at (0,0) width 188: "Row 1, Col 1"
          RenderTableCell {td} at (218,0) size 219x27 [r=0 c=1 rs=1 cs=1]
            RenderText {#text} at (0,0) size 188x27
              text run at (0,0) width 188: "Row 1, Col 2"
          RenderTableCell {td} at (436,0) size 220x27 [r=0 c=2 rs=1 cs=1]
            RenderText {#text} at (0,0) size 188x27
              text run at (0,0) width 188: "Row 1, Col 3"
        RenderTableRow {tr} at (0,27) size 656x27
          RenderTableCell {td} at (0,27) size 219x27 [r=1 c=0 rs=1 cs=1]
            RenderText {#text} at (0,0) size 203x27
              text run at (0,0) width 203: "Row 22, Col 1"
          RenderTableCell {td} at (218,27) size 219x27 [r=1 c=1 rs=1 cs=1]
            RenderText {#text} at (0,0) size 203x27
              text run at (0,0) width 203: "Row 22, Col 2"
          RenderTableCell {td} at (436,27) size 220x27 [r=1 c=2 rs=1 cs=1]
            RenderText {#text} at (0,0) size 203x27
              text run at (0,0) width 203: "Row 22, Col 3"
        RenderTableRow {tr} at (0,54) size 656x27
          RenderTableCell {td} at (0,54) size 219x27 [r=2 c=0 rs=1 cs=1]
            RenderText {#text} at (0,0) size 219x27
              text run at (0,0) width 219: "Row 333, Col 1"
          RenderTableCell {td} at (218,54) size 219x27 [r=2 c=1 rs=1 cs=1]
            RenderText {#text} at (0,0) size 219x27
              text run at (0,0) width 219: "Row 333, Col 2"
          RenderTableCell {td} at (436,54) size 220x27 [r=2 c=2 rs=1 cs=1]
            RenderText {#text} at (0,0) size 219x27
              text run at (0,0) width 219: "Row 333, Col 3"
layer at (8,40) size 657x83
  RenderBlock (positioned) zI: 2 {div} at (0,0) size 658x83 [color=#008000]
    RenderTable at (1,1) size 656x81
      RenderTableSection {span} at (0,0) size 656x81
        RenderTableRow {span} at (0,0) size 656x27
          RenderTableCell {span} at (0,0) size 219x27 [r=0 c=0 rs=1 cs=1]
            RenderText {#text} at (0,0) size 188x27
              text run at (0,0) width 188: "Row 1, Col 1"
          RenderTableCell {span} at (218,0) size 219x27 [r=0 c=1 rs=1 cs=1]
            RenderText {#text} at (0,0) size 188x27
              text run at (0,0) width 188: "Row 1, Col 2"
          RenderTableCell {span} at (436,0) size 220x27 [r=0 c=2 rs=1 cs=1]
            RenderText {#text} at (0,0) size 188x27
              text run at (0,0) width 188: "Row 1, Col 3"
        RenderTableRow (anonymous) at (0,27) size 656x27
          RenderTableCell {span} at (0,27) size 219x27 [r=1 c=0 rs=1 cs=1]
            RenderText {#text} at (0,0) size 203x27
              text run at (0,0) width 203: "Row 22, Col 1"
          RenderTableCell {span} at (218,27) size 219x27 [r=1 c=1 rs=1 cs=1]
            RenderText {#text} at (0,0) size 203x27
              text run at (0,0) width 203: "Row 22, Col 2"
          RenderTableCell (anonymous) at (436,27) size 220x27 [r=1 c=2 rs=1 cs=1]
            RenderText {#text} at (0,0) size 203x27
              text run at (0,0) width 203: "Row 22, Col 3"
        RenderTableRow {span} at (0,54) size 656x27
          RenderTableCell {span} at (0,54) size 219x27 [r=2 c=0 rs=1 cs=1]
            RenderText {#text} at (0,0) size 219x27
              text run at (0,0) width 219: "Row 333, Col 1"
          RenderTableCell {span} at (218,54) size 219x27 [r=2 c=1 rs=1 cs=1]
            RenderText {#text} at (0,0) size 219x27
              text run at (0,0) width 219: "Row 333, Col 2"
          RenderTableCell {span} at (436,54) size 220x27 [r=2 c=2 rs=1 cs=1]
            RenderText {#text} at (0,0) size 219x27
              text run at (0,0) width 219: "Row 333, Col 3"
