EDITING DELEGATE: shouldBeginEditingInDOMRange:range from 0 of BODY > HTML > #document to 8 of BODY > HTML > #document
EDITING DELEGATE: webViewDidBeginEditing:WebViewDidBeginEditingNotification
EDITING DELEGATE: webViewDidChangeSelection:WebViewDidChangeSelectionNotification
EDITING DELEGATE: webViewDidChangeSelection:WebViewDidChangeSelectionNotification
EDITING DELEGATE: webViewDidChangeSelection:WebViewDidChangeSelectionNotification
EDITING DELEGATE: webViewDidChangeSelection:WebViewDidChangeSelectionNotification
EDITING DELEGATE: webViewDidChangeSelection:WebViewDidChangeSelectionNotification
EDITING DELEGATE: webViewDidChangeSelection:WebViewDidChangeSelectionNotification
EDITING DELEGATE: shouldChangeSelectedDOMRange:range from 7 of BODY > HTML > #document to 7 of BODY > HTML > #document toDOMRange:range from 0 of DIV > BODY > HTML > #document to 0 of DIV > BODY > HTML > #document affinity:NSSelectionAffinityDownstream stillSelecting:FALSE
EDITING DELEGATE: webViewDidChangeSelection:WebViewDidChangeSelectionNotification
EDITING DELEGATE: webViewDidChange:WebViewDidChangeNotification
layer at (0,0) size 800x600
  RenderView at (0,0) size 800x600
layer at (0,0) size 800x600
  RenderBlock {HTML} at (0,0) size 800x600
    RenderBody {BODY} at (8,8) size 784x584
      RenderBlock (anonymous) at (0,0) size 784x54
        RenderText {#text} at (0,0) size 771x53
          text run at (0,0) width 765: "Test inserting paragraphs: should see a blue box with \"bar\" in it, and two blank"
          text run at (764,0) width 7: " "
          text run at (0,27) width 295: "lines between \"foo\" and \"bar\"."
      RenderBlock {DIV} at (0,54) size 784x36
      RenderBlock (anonymous) at (0,90) size 784x81
        RenderInline {SPAN} at (0,0) size 32x26
          RenderText {#text} at (0,0) size 32x26
            text run at (0,0) width 32: "foo"
        RenderBR {BR} at (32,0) size 0x26
        RenderBR {BR} at (0,27) size 0x26
        RenderBR {BR} at (0,54) size 0x26
      RenderBlock {DIV} at (0,171) size 784x55 [border: (2px solid #0000FF)]
        RenderText {#text} at (14,14) size 31x26
          text run at (14,14) width 31: "bar"
caret: position 0 of child 0 {#text} of child 7 {DIV} of body
