EDITING DELEGATE: shouldBeginEditingInDOMRange:range from 0 of DIV > BODY > HTML > #document to 3 of DIV > BODY > HTML > #document
EDITING DELEGATE: webViewDidBeginEditing:WebViewDidBeginEditingNotification
EDITING DELEGATE: webViewDidChangeSelection:WebViewDidChangeSelectionNotification
EDITING DELEGATE: webViewDidChangeSelection:WebViewDidChangeSelectionNotification
EDITING DELEGATE: webViewDidChangeSelection:WebViewDidChangeSelectionNotification
EDITING DELEGATE: webViewDidChangeSelection:WebViewDidChangeSelectionNotification
EDITING DELEGATE: webViewDidChangeSelection:WebViewDidChangeSelectionNotification
EDITING DELEGATE: webViewDidChangeSelection:WebViewDidChangeSelectionNotification
EDITING DELEGATE: webViewDidChangeSelection:WebViewDidChangeSelectionNotification
EDITING DELEGATE: shouldChangeSelectedDOMRange:range from 4 of #text > DIV > DIV > BODY > HTML > #document to 4 of #text > DIV > DIV > BODY > HTML > #document toDOMRange:range from 0 of DIV > DIV > BODY > HTML > #document to 0 of DIV > DIV > BODY > HTML > #document affinity:NSSelectionAffinityDownstream stillSelecting:FALSE
EDITING DELEGATE: webViewDidChangeSelection:WebViewDidChangeSelectionNotification
EDITING DELEGATE: webViewDidChange:WebViewDidChangeNotification
layer at (0,0) size 800x600
  RenderView at (0,0) size 800x600
layer at (0,0) size 800x600
  RenderBlock {HTML} at (0,0) size 800x600
    RenderBody {BODY} at (8,8) size 784x584
      RenderBlock {DIV} at (0,0) size 784x82 [border: (2px solid #0000FF)]
        RenderText {#text} at (14,14) size 715x53
          text run at (14,14) width 715: "Should see \"foo\" and \"bar\" each in a separate red box. Note that the \"foo\""
          text run at (14,41) width 197: "text is really \"foo \". "
          text run at (211,41) width 63: "There "
        RenderInline {B} at (0,0) size 50x26
          RenderText {#text} at (274,41) size 50x26
            text run at (274,41) width 50: "must"
        RenderText {#text} at (324,41) size 318x26
          text run at (324,41) width 318: " be a space at the end of the line."
      RenderBlock {DIV} at (0,106) size 784x110
        RenderBlock {DIV} at (0,0) size 784x55 [border: (2px solid #FF0000)]
          RenderText {#text} at (14,14) size 38x26
            text run at (14,14) width 32: "foo"
            text run at (46,14) width 6: " "
        RenderBlock {DIV} at (0,55) size 784x55 [border: (2px solid #FF0000)]
          RenderText {#text} at (14,14) size 31x26
            text run at (14,14) width 31: "bar"
caret: position 0 of child 0 {#text} of child 2 {DIV} of child 3 {DIV} of body
