EDITING DELEGATE: shouldBeginEditingInDOMRange:range from 0 of DIV > BODY > HTML > #document to 3 of DIV > BODY > HTML > #document
EDITING DELEGATE: webViewDidBeginEditing:WebViewDidBeginEditingNotification
EDITING DELEGATE: webViewDidChangeSelection:WebViewDidChangeSelectionNotification
EDITING DELEGATE: webViewDidChangeSelection:WebViewDidChangeSelectionNotification
EDITING DELEGATE: webViewDidChangeSelection:WebViewDidChangeSelectionNotification
EDITING DELEGATE: webViewDidChangeSelection:WebViewDidChangeSelectionNotification
EDITING DELEGATE: webViewDidChangeSelection:WebViewDidChangeSelectionNotification
EDITING DELEGATE: shouldChangeSelectedDOMRange:range from 0 of DIV > DIV > DIV > BLOCKQUOTE > DIV > DIV > BODY > HTML > #document to 0 of DIV > DIV > DIV > BLOCKQUOTE > DIV > DIV > BODY > HTML > #document toDOMRange:range from 2 of DIV > DIV > BODY > HTML > #document to 2 of DIV > DIV > BODY > HTML > #document affinity:NSSelectionAffinityDownstream stillSelecting:FALSE
EDITING DELEGATE: webViewDidChangeSelection:WebViewDidChangeSelectionNotification
EDITING DELEGATE: webViewDidChange:WebViewDidChangeNotification
layer at (0,0) size 800x600
  RenderView at (0,0) size 800x600
layer at (0,0) size 800x600
  RenderBlock {HTML} at (0,0) size 800x600
    RenderBody {BODY} at (8,8) size 784x584
      RenderBlock {DIV} at (0,0) size 784x108
        RenderBlock {DIV} at (0,0) size 784x27
          RenderText {#text} at (0,0) size 277x26
            text run at (0,0) width 277: "Splitting Mail blockquotes."
        RenderBlock {DIV} at (0,27) size 784x81
          RenderText {#text} at (0,0) size 189x26
            text run at (0,0) width 189: "Expected Results: "
          RenderBR {BR} at (188,7) size 1x17
          RenderText {#text} at (0,27) size 370x17
            text run at (0,27) width 370: "Two blockquotes, with an unquoted blank line in between."
          RenderBR {BR} at (369,27) size 1x17
          RenderText {#text} at (0,45) size 403x17
            text run at (0,45) width 403: "The first blockquote contains two lines, the second one is blank."
          RenderBR {BR} at (403,45) size 0x17
          RenderText {#text} at (0,63) size 336x17
            text run at (0,63) width 336: "The second blockquote contains two non-blank lines."
      RenderBlock {DIV} at (0,108) size 784x246 [border: (2px solid #FF0000)]
        RenderBlock (anonymous) at (14,14) size 756x27
          RenderText {#text} at (0,0) size 120x26
            text run at (0,0) width 120: "My citation:"
        RenderBlock {DIV} at (14,65) size 756x167
          RenderBlock {BLOCKQUOTE} at (40,0) size 676x58 [border: (2px solid #0000FF)]
            RenderBlock {DIV} at (2,2) size 672x27
              RenderText {#text} at (0,0) size 35x26
                text run at (0,0) width 35: "one"
            RenderBlock {DIV} at (2,29) size 672x27
              RenderBlock {DIV} at (0,0) size 672x27
                RenderBlock {DIV} at (0,0) size 672x27
                  RenderBR {BR} at (0,0) size 0x26
          RenderBlock (anonymous) at (0,58) size 756x27
            RenderBR {BR} at (0,0) size 0x26
          RenderBlock {BLOCKQUOTE} at (40,109) size 676x58 [border: (2px solid #0000FF)]
            RenderBlock {DIV} at (2,2) size 672x27
              RenderBlock {DIV} at (0,0) size 672x27
                RenderBlock {DIV} at (0,0) size 672x27
                  RenderText {#text} at (0,0) size 137x26
                    text run at (0,0) width 137: "one and a half"
            RenderBlock {DIV} at (2,29) size 672x27
              RenderText {#text} at (0,0) size 36x26
                text run at (0,0) width 36: "two"
caret: position 0 of child 2 {BR} of child 1 {DIV} of child 3 {DIV} of body
