EDITING DELEGATE: shouldBeginEditingInDOMRange:range from 0 of BODY > HTML > #document to 8 of BODY > HTML > #document
EDITING DELEGATE: webViewDidBeginEditing:WebViewDidBeginEditingNotification
EDITING DELEGATE: webViewDidChangeSelection:WebViewDidChangeSelectionNotification
EDITING DELEGATE: webViewDidChangeSelection:WebViewDidChangeSelectionNotification
EDITING DELEGATE: webViewDidChangeSelection:WebViewDidChangeSelectionNotification
EDITING DELEGATE: webViewDidChangeSelection:WebViewDidChangeSelectionNotification
EDITING DELEGATE: webViewDidChangeSelection:WebViewDidChangeSelectionNotification
EDITING DELEGATE: webViewDidChangeSelection:WebViewDidChangeSelectionNotification
EDITING DELEGATE: webViewDidChange:WebViewDidChangeNotification
layer at (0,0) size 800x600
  RenderView at (0,0) size 800x600
layer at (0,0) size 800x600
  RenderBlock {HTML} at (0,0) size 800x600
    RenderBody {BODY} at (8,8) size 784x568
      RenderBlock (anonymous) at (0,0) size 784x54
        RenderText {#text} at (0,0) size 753x53
          text run at (0,0) width 747: "Test inserting paragraphs: should see an empty blue box above an empty line"
          text run at (746,0) width 7: " "
          text run at (0,27) width 237: "between \"foo\" and \"bar\""
      RenderBlock {DIV} at (0,54) size 784x36
      RenderBlock {P} at (0,114) size 784x55 [border: (2px solid #FF0000)]
        RenderText {#text} at (14,14) size 32x26
          text run at (14,14) width 32: "foo"
      RenderBlock {DIV} at (0,193) size 784x55 [border: (2px solid #0000FF)]
        RenderBR {BR} at (14,14) size 0x26
      RenderBlock (anonymous) at (0,248) size 784x27
        RenderBR {BR} at (0,0) size 0x26
      RenderBlock {P} at (0,299) size 784x55 [border: (2px solid #FF0000)]
        RenderText {#text} at (14,14) size 31x26
          text run at (14,14) width 31: "bar"
caret: position 0 of child 5 {BR} of body
