EDITING DELEGATE: shouldBeginEditingInDOMRange:range from 0 of BODY > HTML > #document to 6 of BODY > HTML > #document
EDITING DELEGATE: webViewDidBeginEditing:WebViewDidBeginEditingNotification
EDITING DELEGATE: webViewDidChangeSelection:WebViewDidChangeSelectionNotification
EDITING DELEGATE: webViewDidChangeSelection:WebViewDidChangeSelectionNotification
EDITING DELEGATE: shouldChangeSelectedDOMRange:range from 5 of #text > BODY > HTML > #document to 5 of #text > BODY > HTML > #document toDOMRange:range from 0 of DIV > BODY > HTML > #document to 0 of DIV > BODY > HTML > #document affinity:NSSelectionAffinityDownstream stillSelecting:FALSE
EDITING DELEGATE: webViewDidChangeSelection:WebViewDidChangeSelectionNotification
EDITING DELEGATE: webViewDidChange:WebViewDidChangeNotification
layer at (0,0) size 800x600
  RenderView at (0,0) size 800x600
layer at (0,0) size 800x600
  RenderBlock {HTML} at (0,0) size 800x600
    RenderBody {BODY} at (8,8) size 784x584
      RenderBlock (anonymous) at (0,0) size 784x27
        RenderText {#text} at (0,0) size 666x26
          text run at (0,0) width 666: "Test inserting paragraphs: should see an empty blue box below \"bar\""
      RenderBlock {DIV} at (0,27) size 784x36
      RenderBlock (anonymous) at (0,63) size 784x27
        RenderText {#text} at (0,0) size 31x26
          text run at (0,0) width 31: "bar"
      RenderBlock {DIV} at (0,90) size 784x110 [border: (2px solid #0000FF)]
        RenderBlock (anonymous) at (14,14) size 756x27
          RenderBR {BR} at (0,0) size 0x26
        RenderBlock {DIV} at (14,41) size 756x55 [border: (2px solid #FF0000)]
          RenderText {#text} at (14,14) size 34x26
            text run at (14,14) width 34: "baz"
caret: position 0 of child 0 {BR} of child 3 {DIV} of body
