EDITING DELEGATE: shouldBeginEditingInDOMRange:range from 0 of DIV > BODY > HTML > #document to 1 of DIV > BODY > HTML > #document
EDITING DELEGATE: webViewDidBeginEditing:WebViewDidBeginEditingNotification
EDITING DELEGATE: webViewDidChangeSelection:WebViewDidChangeSelectionNotification
EDITING DELEGATE: shouldChangeSelectedDOMRange:range from 4 of #text > TD > TR > TBODY > TABLE > DIV > BODY > HTML > #document to 4 of #text > TD > TR > TBODY > TABLE > DIV > BODY > HTML > #document toDOMRange:range from 2 of TD > TR > TBODY > TABLE > DIV > BODY > HTML > #document to 2 of TD > TR > TBODY > TABLE > DIV > BODY > HTML > #document affinity:NSSelectionAffinityDownstream stillSelecting:FALSE
EDITING DELEGATE: webViewDidChangeSelection:WebViewDidChangeSelectionNotification
EDITING DELEGATE: webViewDidChange:WebViewDidChangeNotification
layer at (0,0) size 800x600
  RenderView at (0,0) size 800x600
layer at (0,0) size 800x600
  RenderBlock {HTML} at (0,0) size 800x600
    RenderBody {BODY} at (8,8) size 784x584
      RenderBlock {P} at (0,0) size 784x18
        RenderText {#text} at (0,0) size 612x17
          text run at (0,0) width 337: "This tests InsertParagraphSeparator inside table cells. "
          text run at (337,0) width 275: "'Cell' and 'Two' should be on separate lines."
      RenderBlock {DIV} at (0,34) size 784x46
        RenderTable {TABLE} at (0,0) size 102x46 [border: (1px outset #808080)]
          RenderTableSection {TBODY} at (1,1) size 100x44
            RenderTableRow {TR} at (0,2) size 100x40
              RenderTableCell {TD} at (2,11) size 61x22 [border: (1px inset #808080)] [r=0 c=0 rs=1 cs=1]
                RenderText {#text} at (2,2) size 57x17
                  text run at (2,2) width 57: "Cell One"
              RenderTableCell {TD} at (65,2) size 33x40 [border: (1px inset #808080)] [r=0 c=1 rs=1 cs=1]
                RenderText {#text} at (2,2) size 26x17
                  text run at (2,2) width 26: "Cell"
                RenderBR {BR} at (28,2) size 0x17
                RenderInline {SPAN} at (0,0) size 29x17
                  RenderText {#text} at (2,20) size 29x17
                    text run at (2,20) width 29: "Two"
caret: position 0 of child 0 {#text} of child 2 {SPAN} of child 1 {TD} of child 0 {TR} of child 0 {TBODY} of child 0 {TABLE} of child 2 {DIV} of body
