EDITING DELEGATE: shouldBeginEditingInDOMRange:range from 0 of DIV > BODY > HTML > #document to 3 of DIV > BODY > HTML > #document
EDITING DELEGATE: webViewDidBeginEditing:WebViewDidBeginEditingNotification
EDITING DELEGATE: webViewDidChangeSelection:WebViewDidChangeSelectionNotification
EDITING DELEGATE: webViewDidChangeSelection:WebViewDidChangeSelectionNotification
EDITING DELEGATE: webViewDidChangeSelection:WebViewDidChangeSelectionNotification
EDITING DELEGATE: webViewDidChangeSelection:WebViewDidChangeSelectionNotification
EDITING DELEGATE: webViewDidChangeSelection:WebViewDidChangeSelectionNotification
EDITING DELEGATE: webViewDidChangeSelection:WebViewDidChangeSelectionNotification
EDITING DELEGATE: shouldChangeSelectedDOMRange:range from 0 of DIV > DIV > DIV > BODY > HTML > #document to 0 of DIV > DIV > DIV > BODY > HTML > #document toDOMRange:range from 0 of DIV > DIV > DIV > BODY > HTML > #document to 0 of DIV > DIV > DIV > BODY > HTML > #document affinity:NSSelectionAffinityDownstream stillSelecting:FALSE
EDITING DELEGATE: webViewDidChangeSelection:WebViewDidChangeSelectionNotification
EDITING DELEGATE: webViewDidChange:WebViewDidChangeNotification
layer at (0,0) size 800x600
  RenderView at (0,0) size 800x600
layer at (0,0) size 800x600
  RenderBlock {HTML} at (0,0) size 800x600
    RenderBody {BODY} at (8,8) size 784x584
      RenderBlock {DIV} at (0,0) size 784x368 [border: (2px solid #0000FF)]
        RenderBlock {DIV} at (14,14) size 756x108
          RenderText {#text} at (0,0) size 60x26
            text run at (0,0) width 60: "Tests:"
          RenderBR {BR} at (59,0) size 1x26
          RenderText {#text} at (0,27) size 606x26
            text run at (0,27) width 606: "A scenario I thought of based on my experiences with this bug:"
          RenderInline {A} at (0,0) size 257x26 [color=#0000EE]
            RenderText {#text} at (0,54) size 257x26
              text run at (0,54) width 257: "<rdar://problem/4045521>"
          RenderText {#text} at (256,54) size 735x53
            text run at (256,54) width 479: " Hitting return key with full line selected does not"
            text run at (0,81) width 252: "add blank line as it should"
        RenderBlock {DIV} at (14,138) size 756x216
          RenderBlock (anonymous) at (0,0) size 756x108
            RenderText {#text} at (0,0) size 184x26
              text run at (0,0) width 184: "Expected Results:"
            RenderBR {BR} at (183,0) size 1x26
            RenderText {#text} at (0,27) size 740x80
              text run at (0,27) width 718: "Should see this content in the red box below (note that there should be two"
              text run at (0,54) width 740: "blank lines between \"foo\" and \"baz\"; also note that the insertion point should"
              text run at (0,81) width 422: "be at the start of the third line, a blank line):"
          RenderBlock {DIV} at (0,108) size 756x27
            RenderText {#text} at (0,0) size 32x26
              text run at (0,0) width 32: "foo"
          RenderBlock {DIV} at (0,135) size 756x27
            RenderBR {BR} at (0,0) size 0x26
          RenderBlock {DIV} at (0,162) size 756x27
            RenderBR {BR} at (0,0) size 0x26
          RenderBlock {DIV} at (0,189) size 756x27
            RenderText {#text} at (0,0) size 34x26
              text run at (0,0) width 34: "baz"
      RenderBlock {DIV} at (0,392) size 784x112
        RenderBlock {DIV} at (0,0) size 784x112 [border: (2px solid #FF0000)]
          RenderBlock {DIV} at (2,2) size 780x27
            RenderText {#text} at (0,0) size 32x26
              text run at (0,0) width 32: "foo"
          RenderBlock {DIV} at (2,29) size 780x27
            RenderBR {BR} at (0,0) size 0x26
          RenderBlock {DIV} at (2,56) size 780x27
            RenderBR {BR} at (0,0) size 0x26
          RenderBlock {DIV} at (2,83) size 780x27
            RenderText {#text} at (0,0) size 34x26
              text run at (0,0) width 34: "baz"
caret: position 0 of child 0 {BR} of child 3 {DIV} of child 1 {DIV} of child 3 {DIV} of body
