layer at (0,0) size 800x600
  RenderView at (0,0) size 800x600
layer at (0,0) size 800x600
  RenderBlock {HTML} at (0,0) size 800x600
    RenderBody {BODY} at (8,8) size 784x576
      RenderBlock {P} at (0,0) size 784x316
        RenderTable {TABLE} at (0,0) size 272x158 [border: (2px solid #FFFF00)]
          RenderTableCol {COLGROUP} at (0,0) size 0x0
            RenderTableCol {COL} at (0,0) size 0x0 [border: (3px solid #000000)]
            RenderTableCol {COL} at (0,0) size 0x0
            RenderTableCol {COL} at (0,0) size 0x0
          RenderTableSection {TBODY} at (2,2) size 267x153
            RenderTableRow {TR} at (0,0) size 55x153
              RenderTableCell {TD} at (0,1) size 55x50 [border: (3px solid #FF0000)] [r=0 c=0 rs=1 cs=1]
                RenderText {#text} at (19,18) size 18x8
                  text run at (19,18) width 8: "1"
              RenderTableCell {TD} at (0,52) size 55x50 [border: (2px solid #FF0000)] [r=0 c=1 rs=1 cs=1]
                RenderText {#text} at (18,18) size 18x8
                  text run at (18,18) width 8: "2"
              RenderTableCell {TD} at (0,102) size 55x51 [border: (1px solid #FF0000)] [r=0 c=2 rs=1 cs=1]
                RenderText {#text} at (18,17) size 18x8
                  text run at (18,17) width 8: "3"
            RenderTableRow {TR} at (55,0) size 55x153
              RenderTableCell {TD} at (55,2) size 55x48 [border: (3px solid #FF0000)] [r=1 c=0 rs=1 cs=1]
                RenderText {#text} at (18,17) size 18x8
                  text run at (18,17) width 8: "4"
              RenderTableCell {TD} at (55,52) size 55x50 [border: (3px dashed #0000FF)] [r=1 c=1 rs=1 cs=1]
                RenderText {#text} at (18,19) size 18x8
                  text run at (18,19) width 8: "5"
              RenderTableCell {TD} at (55,102) size 55x51 [border: (3px solid #008000)] [r=1 c=2 rs=1 cs=1]
                RenderText {#text} at (18,19) size 18x8
                  text run at (18,19) width 8: "6"
            RenderTableRow {TR} at (110,0) size 53x153
              RenderTableCell {TD} at (110,1) size 53x50 [border: (3px solid #FF0000)] [r=2 c=0 rs=1 cs=1]
                RenderText {#text} at (17,18) size 18x8
                  text run at (17,18) width 8: "7"
              RenderTableCell {TD} at (110,52) size 53x50 [border: (2px solid #FF0000)] [r=2 c=1 rs=1 cs=1]
                RenderText {#text} at (18,18) size 18x8
                  text run at (18,18) width 8: "8"
              RenderTableCell {TD} at (110,102) size 53x51 [border: (1px solid #FF0000)] [r=2 c=2 rs=1 cs=1]
                RenderText {#text} at (18,17) size 18x8
                  text run at (18,17) width 8: "9"
            RenderTableRow {TR} at (163,0) size 51x153
              RenderTableCell {TD} at (163,0) size 51x52 [border: (3px solid #FF0000)] [r=3 c=0 rs=1 cs=1]
                RenderText {#text} at (16,19) size 18x16
                  text run at (16,19) width 16: "10"
              RenderTableCell {TD} at (163,52) size 51x50 [border: (2px solid #FF0000)] [r=3 c=1 rs=1 cs=1]
                RenderText {#text} at (16,18) size 18x16
                  text run at (16,18) width 16: "11"
              RenderTableCell {TD} at (163,102) size 51x51 [border: (1px solid #FF0000)] [r=3 c=2 rs=1 cs=1]
                RenderText {#text} at (16,17) size 18x16
                  text run at (16,17) width 16: "12"
            RenderTableRow {TR} at (214,0) size 53x153
              RenderTableCell {TD} at (214,0) size 53x52 [border: (3px solid #FF0000)] [r=4 c=0 rs=1 cs=1]
                RenderText {#text} at (16,19) size 18x16
                  text run at (16,19) width 16: "13"
              RenderTableCell {TD} at (214,52) size 53x50 [border: (2px solid #FF0000)] [r=4 c=1 rs=1 cs=1]
                RenderText {#text} at (16,18) size 18x16
                  text run at (16,18) width 16: "14"
              RenderTableCell {TD} at (214,102) size 53x51 [border: (1px solid #FF0000)] [r=4 c=2 rs=1 cs=1]
                RenderText {#text} at (16,17) size 18x16
                  text run at (16,17) width 16: "15"
        RenderTable {TABLE} at (0,158) size 272x158 [border: (2px solid #FFFF00)]
          RenderTableCol {COLGROUP} at (0,0) size 0x0
            RenderTableCol {COL} at (0,0) size 0x0 [border: (3px solid #000000)]
            RenderTableCol {COL} at (0,0) size 0x0
            RenderTableCol {COL} at (0,0) size 0x0
          RenderTableSection {TBODY} at (2,2) size 267x153
            RenderTableRow {TR} at (0,0) size 55x153
              RenderTableCell {TD} at (0,1) size 55x50 [border: (3px solid #FF0000)] [r=0 c=0 rs=1 cs=1]
                RenderText {#text} at (20,18) size 18x8
                  text run at (20,18) width 8: "1"
              RenderTableCell {TD} at (0,52) size 55x50 [border: (2px solid #FF0000)] [r=0 c=1 rs=1 cs=1]
                RenderText {#text} at (19,18) size 18x8
                  text run at (19,18) width 8: "2"
              RenderTableCell {TD} at (0,102) size 55x51 [border: (1px solid #FF0000)] [r=0 c=2 rs=1 cs=1]
                RenderText {#text} at (19,17) size 18x8
                  text run at (19,17) width 8: "3"
            RenderTableRow {TR} at (55,0) size 55x153
              RenderTableCell {TD} at (55,2) size 55x48 [border: (3px solid #FF0000)] [r=1 c=0 rs=1 cs=1]
                RenderText {#text} at (19,17) size 18x8
                  text run at (19,17) width 8: "4"
              RenderTableCell {TD} at (55,52) size 55x50 [border: (3px dashed #0000FF)] [r=1 c=1 rs=1 cs=1]
                RenderText {#text} at (19,19) size 18x8
                  text run at (19,19) width 8: "5"
              RenderTableCell {TD} at (55,102) size 55x51 [border: (3px solid #008000)] [r=1 c=2 rs=1 cs=1]
                RenderText {#text} at (19,19) size 18x8
                  text run at (19,19) width 8: "6"
            RenderTableRow {TR} at (110,0) size 53x153
              RenderTableCell {TD} at (110,1) size 53x50 [border: (3px solid #FF0000)] [r=2 c=0 rs=1 cs=1]
                RenderText {#text} at (18,18) size 18x8
                  text run at (18,18) width 8: "7"
              RenderTableCell {TD} at (110,52) size 53x50 [border: (2px solid #FF0000)] [r=2 c=1 rs=1 cs=1]
                RenderText {#text} at (19,18) size 18x8
                  text run at (19,18) width 8: "8"
              RenderTableCell {TD} at (110,102) size 53x51 [border: (1px solid #FF0000)] [r=2 c=2 rs=1 cs=1]
                RenderText {#text} at (19,17) size 18x8
                  text run at (19,17) width 8: "9"
            RenderTableRow {TR} at (163,0) size 51x153
              RenderTableCell {TD} at (163,0) size 51x52 [border: (3px solid #FF0000)] [r=3 c=0 rs=1 cs=1]
                RenderText {#text} at (17,19) size 18x16
                  text run at (17,19) width 16: "10"
              RenderTableCell {TD} at (163,52) size 51x50 [border: (2px solid #FF0000)] [r=3 c=1 rs=1 cs=1]
                RenderText {#text} at (17,18) size 18x16
                  text run at (17,18) width 16: "11"
              RenderTableCell {TD} at (163,102) size 51x51 [border: (1px solid #FF0000)] [r=3 c=2 rs=1 cs=1]
                RenderText {#text} at (17,17) size 18x16
                  text run at (17,17) width 16: "12"
            RenderTableRow {TR} at (214,0) size 53x153
              RenderTableCell {TD} at (214,0) size 53x52 [border: (3px solid #FF0000)] [r=4 c=0 rs=1 cs=1]
                RenderText {#text} at (17,19) size 18x16
                  text run at (17,19) width 16: "13"
              RenderTableCell {TD} at (214,52) size 53x50 [border: (2px solid #FF0000)] [r=4 c=1 rs=1 cs=1]
                RenderText {#text} at (17,18) size 18x16
                  text run at (17,18) width 16: "14"
              RenderTableCell {TD} at (214,102) size 53x51 [border: (1px solid #FF0000)] [r=4 c=2 rs=1 cs=1]
                RenderText {#text} at (17,17) size 18x16
                  text run at (17,17) width 16: "15"
