layer at (0,0) size 800x600
  RenderView at (0,0) size 800x600
layer at (0,0) size 800x600
  RenderBlock {HTML} at (0,0) size 800x600
    RenderBody {BODY} at (8,8) size 784x584
      RenderBlock {P} at (0,0) size 784x18
        RenderText {#text} at (0,0) size 54x18
          text run at (0,0) width 54: "Test for "
        RenderInline {I} at (0,0) size 687x18
          RenderInline {A} at (0,0) size 353x18 [color=#0000EE]
            RenderText {#text} at (53,0) size 353x18
              text run at (53,0) width 353: "http://bugzilla.opendarwin.org/show_bug.cgi?id=8848"
          RenderText {#text} at (405,0) size 335x18
            text run at (405,0) width 5: " "
            text run at (409,0) width 331: "TFOOT borders are copied to THEAD and TBODY"
        RenderText {#text} at (739,0) size 5x18
          text run at (739,0) width 5: "."
      RenderBlock {HR} at (0,34) size 784x2 [border: (1px inset #000000)]
      RenderTable {TABLE} at (0,44) size 317x307
        RenderTableSection {TBODY} at (0,0) size 317x307
          RenderTableRow {TR} at (0,2) size 317x303
            RenderTableCell {TD} at (2,2) size 77x303 [r=0 c=0 rs=1 cs=1]
              RenderTable {TABLE} at (11,11) size 55x87 [border: none]
                RenderTableSection {THEAD} at (0,0) size 54x21
                  RenderTableRow {TR} at (0,0) size 54x21
                    RenderTableCell {TH} at (0,0) size 54x21 [border: (1px solid #D3D3D3)] [r=0 c=0 rs=1 cs=1]
                      RenderText {#text} at (2,2) size 51x18
                        text run at (2,2) width 51: "Header"
                RenderTableSection {TBODY} at (0,21) size 54x21
                  RenderTableRow {TR} at (0,0) size 54x21
                    RenderTableCell {TD} at (0,0) size 54x21 [border: (1px solid #D3D3D3)] [r=0 c=0 rs=1 cs=1]
                      RenderText {#text} at (2,2) size 47x18
                        text run at (2,2) width 47: "Body 1"
                RenderTableSection {TBODY} at (0,42) size 54x22
                  RenderTableRow {TR} at (0,0) size 54x22
                    RenderTableCell {TD} at (0,0) size 54x22 [border: (1px solid #D3D3D3)] [r=0 c=0 rs=1 cs=1]
                      RenderText {#text} at (2,2) size 47x18
                        text run at (2,2) width 47: "Body 2"
                RenderTableSection {TFOOT} at (0,64) size 54x22 [border: (2px solid #0000FF) none (2px solid #008000) none]
                  RenderTableRow {TR} at (0,0) size 54x22
                    RenderTableCell {TD} at (0,0) size 54x22 [border: (1px solid #D3D3D3)] [r=0 c=0 rs=1 cs=1]
                      RenderText {#text} at (2,2) size 42x18
                        text run at (2,2) width 42: "Footer"
              RenderTable {TABLE} at (11,108) size 55x87 [border: none]
                RenderTableSection {TBODY} at (0,21) size 54x21
                  RenderTableRow {TR} at (0,0) size 54x21
                    RenderTableCell {TD} at (0,0) size 54x21 [border: (1px solid #D3D3D3)] [r=0 c=0 rs=1 cs=1]
                      RenderText {#text} at (2,2) size 47x18
                        text run at (2,2) width 47: "Body 1"
                RenderTableSection {THEAD} at (0,0) size 54x21
                  RenderTableRow {TR} at (0,0) size 54x21
                    RenderTableCell {TH} at (0,0) size 54x21 [border: (1px solid #D3D3D3)] [r=0 c=0 rs=1 cs=1]
                      RenderText {#text} at (2,2) size 51x18
                        text run at (2,2) width 51: "Header"
                RenderTableSection {TBODY} at (0,42) size 54x22
                  RenderTableRow {TR} at (0,0) size 54x22
                    RenderTableCell {TD} at (0,0) size 54x22 [border: (1px solid #D3D3D3)] [r=0 c=0 rs=1 cs=1]
                      RenderText {#text} at (2,2) size 47x18
                        text run at (2,2) width 47: "Body 2"
                RenderTableSection {TFOOT} at (0,64) size 54x22 [border: (2px solid #0000FF) none (2px solid #008000) none]
                  RenderTableRow {TR} at (0,0) size 54x22
                    RenderTableCell {TD} at (0,0) size 54x22 [border: (1px solid #D3D3D3)] [r=0 c=0 rs=1 cs=1]
                      RenderText {#text} at (2,2) size 42x18
                        text run at (2,2) width 42: "Footer"
              RenderTable {TABLE} at (11,205) size 55x87 [border: none]
                RenderTableSection {TBODY} at (0,21) size 54x21
                  RenderTableRow {TR} at (0,0) size 54x21
                    RenderTableCell {TD} at (0,0) size 54x21 [border: (1px solid #D3D3D3)] [r=0 c=0 rs=1 cs=1]
                      RenderText {#text} at (2,2) size 47x18
                        text run at (2,2) width 47: "Body 1"
                RenderTableSection {THEAD} at (0,0) size 54x21
                  RenderTableRow {TR} at (0,0) size 54x21
                    RenderTableCell {TH} at (0,0) size 54x21 [border: (1px solid #D3D3D3)] [r=0 c=0 rs=1 cs=1]
                      RenderText {#text} at (2,2) size 51x18
                        text run at (2,2) width 51: "Header"
                RenderTableSection {TFOOT} at (0,64) size 54x22 [border: (2px solid #0000FF) none (2px solid #008000) none]
                  RenderTableRow {TR} at (0,0) size 54x22
                    RenderTableCell {TD} at (0,0) size 54x22 [border: (1px solid #D3D3D3)] [r=0 c=0 rs=1 cs=1]
                      RenderText {#text} at (2,2) size 42x18
                        text run at (2,2) width 42: "Footer"
                RenderTableSection {TBODY} at (0,42) size 54x22
                  RenderTableRow {TR} at (0,0) size 54x22
                    RenderTableCell {TD} at (0,0) size 54x22 [border: (1px solid #D3D3D3)] [r=0 c=0 rs=1 cs=1]
                      RenderText {#text} at (2,2) size 47x18
                        text run at (2,2) width 47: "Body 2"
            RenderTableCell {TD} at (80,2) size 78x303 [r=0 c=1 rs=1 cs=1]
              RenderTable {TABLE} at (11,11) size 55x87 [border: none]
                RenderTableSection {TBODY} at (0,21) size 54x21
                  RenderTableRow {TR} at (0,0) size 54x21
                    RenderTableCell {TD} at (0,0) size 54x21 [border: (1px solid #D3D3D3)] [r=0 c=0 rs=1 cs=1]
                      RenderText {#text} at (2,2) size 47x18
                        text run at (2,2) width 47: "Body 1"
                RenderTableSection {TFOOT} at (0,64) size 54x22 [border: (2px solid #0000FF) none (2px solid #008000) none]
                  RenderTableRow {TR} at (0,0) size 54x22
                    RenderTableCell {TD} at (0,0) size 54x22 [border: (1px solid #D3D3D3)] [r=0 c=0 rs=1 cs=1]
                      RenderText {#text} at (2,2) size 42x18
                        text run at (2,2) width 42: "Footer"
                RenderTableSection {THEAD} at (0,0) size 54x21
                  RenderTableRow {TR} at (0,0) size 54x21
                    RenderTableCell {TH} at (0,0) size 54x21 [border: (1px solid #D3D3D3)] [r=0 c=0 rs=1 cs=1]
                      RenderText {#text} at (2,2) size 51x18
                        text run at (2,2) width 51: "Header"
                RenderTableSection {TBODY} at (0,42) size 54x22
                  RenderTableRow {TR} at (0,0) size 54x22
                    RenderTableCell {TD} at (0,0) size 54x22 [border: (1px solid #D3D3D3)] [r=0 c=0 rs=1 cs=1]
                      RenderText {#text} at (2,2) size 47x18
                        text run at (2,2) width 47: "Body 2"
              RenderTable {TABLE} at (11,108) size 55x87 [border: none]
                RenderTableSection {TFOOT} at (0,64) size 54x22 [border: (2px solid #0000FF) none (2px solid #008000) none]
                  RenderTableRow {TR} at (0,0) size 54x22
                    RenderTableCell {TD} at (0,0) size 54x22 [border: (1px solid #D3D3D3)] [r=0 c=0 rs=1 cs=1]
                      RenderText {#text} at (2,2) size 42x18
                        text run at (2,2) width 42: "Footer"
                RenderTableSection {TBODY} at (0,21) size 54x21
                  RenderTableRow {TR} at (0,0) size 54x21
                    RenderTableCell {TD} at (0,0) size 54x21 [border: (1px solid #D3D3D3)] [r=0 c=0 rs=1 cs=1]
                      RenderText {#text} at (2,2) size 47x18
                        text run at (2,2) width 47: "Body 1"
                RenderTableSection {THEAD} at (0,0) size 54x21
                  RenderTableRow {TR} at (0,0) size 54x21
                    RenderTableCell {TH} at (0,0) size 54x21 [border: (1px solid #D3D3D3)] [r=0 c=0 rs=1 cs=1]
                      RenderText {#text} at (2,2) size 51x18
                        text run at (2,2) width 51: "Header"
                RenderTableSection {TBODY} at (0,42) size 54x22
                  RenderTableRow {TR} at (0,0) size 54x22
                    RenderTableCell {TD} at (0,0) size 54x22 [border: (1px solid #D3D3D3)] [r=0 c=0 rs=1 cs=1]
                      RenderText {#text} at (2,2) size 47x18
                        text run at (2,2) width 47: "Body 2"
              RenderTable {TABLE} at (11,205) size 55x87 [border: none]
                RenderTableSection {TBODY} at (0,21) size 54x21
                  RenderTableRow {TR} at (0,0) size 54x21
                    RenderTableCell {TD} at (0,0) size 54x21 [border: (1px solid #D3D3D3)] [r=0 c=0 rs=1 cs=1]
                      RenderText {#text} at (2,2) size 47x18
                        text run at (2,2) width 47: "Body 1"
                RenderTableSection {TBODY} at (0,42) size 54x22
                  RenderTableRow {TR} at (0,0) size 54x22
                    RenderTableCell {TD} at (0,0) size 54x22 [border: (1px solid #D3D3D3)] [r=0 c=0 rs=1 cs=1]
                      RenderText {#text} at (2,2) size 47x18
                        text run at (2,2) width 47: "Body 2"
                RenderTableSection {TFOOT} at (0,64) size 54x22 [border: (2px solid #0000FF) none (2px solid #008000) none]
                  RenderTableRow {TR} at (0,0) size 54x22
                    RenderTableCell {TD} at (0,0) size 54x22 [border: (1px solid #D3D3D3)] [r=0 c=0 rs=1 cs=1]
                      RenderText {#text} at (2,2) size 42x18
                        text run at (2,2) width 42: "Footer"
                RenderTableSection {THEAD} at (0,0) size 54x21
                  RenderTableRow {TR} at (0,0) size 54x21
                    RenderTableCell {TH} at (0,0) size 54x21 [border: (1px solid #D3D3D3)] [r=0 c=0 rs=1 cs=1]
                      RenderText {#text} at (2,2) size 51x18
                        text run at (2,2) width 51: "Header"
            RenderTableCell {TD} at (159,2) size 77x303 [r=0 c=2 rs=1 cs=1]
              RenderTable {TABLE} at (11,11) size 55x87 [border: (1px none #808080)]
                RenderTableSection {THEAD} at (0,1) size 54x22 [border: (2px solid #0000FF) none (2px solid #008000) none]
                  RenderTableRow {TR} at (0,0) size 54x22
                    RenderTableCell {TH} at (0,0) size 54x22 [border: (1px solid #D3D3D3)] [r=0 c=0 rs=1 cs=1]
                      RenderText {#text} at (2,2) size 51x18
                        text run at (2,2) width 51: "Header"
                RenderTableSection {TBODY} at (0,23) size 54x21
                  RenderTableRow {TR} at (0,0) size 54x21
                    RenderTableCell {TD} at (0,0) size 54x21 [border: (1px solid #D3D3D3)] [r=0 c=0 rs=1 cs=1]
                      RenderText {#text} at (2,2) size 47x18
                        text run at (2,2) width 47: "Body 1"
                RenderTableSection {TBODY} at (0,44) size 54x21
                  RenderTableRow {TR} at (0,0) size 54x21
                    RenderTableCell {TD} at (0,0) size 54x21 [border: (1px solid #D3D3D3)] [r=0 c=0 rs=1 cs=1]
                      RenderText {#text} at (2,2) size 47x18
                        text run at (2,2) width 47: "Body 2"
                RenderTableSection {TFOOT} at (0,65) size 54x21
                  RenderTableRow {TR} at (0,0) size 54x21
                    RenderTableCell {TD} at (0,0) size 54x21 [border: (1px solid #D3D3D3)] [r=0 c=0 rs=1 cs=1]
                      RenderText {#text} at (2,2) size 42x18
                        text run at (2,2) width 42: "Footer"
              RenderTable {TABLE} at (11,108) size 55x87 [border: (1px none #808080)]
                RenderTableSection {TBODY} at (0,23) size 54x21
                  RenderTableRow {TR} at (0,0) size 54x21
                    RenderTableCell {TD} at (0,0) size 54x21 [border: (1px solid #D3D3D3)] [r=0 c=0 rs=1 cs=1]
                      RenderText {#text} at (2,2) size 47x18
                        text run at (2,2) width 47: "Body 1"
                RenderTableSection {THEAD} at (0,1) size 54x22 [border: (2px solid #0000FF) none (2px solid #008000) none]
                  RenderTableRow {TR} at (0,0) size 54x22
                    RenderTableCell {TH} at (0,0) size 54x22 [border: (1px solid #D3D3D3)] [r=0 c=0 rs=1 cs=1]
                      RenderText {#text} at (2,2) size 51x18
                        text run at (2,2) width 51: "Header"
                RenderTableSection {TBODY} at (0,44) size 54x21
                  RenderTableRow {TR} at (0,0) size 54x21
                    RenderTableCell {TD} at (0,0) size 54x21 [border: (1px solid #D3D3D3)] [r=0 c=0 rs=1 cs=1]
                      RenderText {#text} at (2,2) size 47x18
                        text run at (2,2) width 47: "Body 2"
                RenderTableSection {TFOOT} at (0,65) size 54x21
                  RenderTableRow {TR} at (0,0) size 54x21
                    RenderTableCell {TD} at (0,0) size 54x21 [border: (1px solid #D3D3D3)] [r=0 c=0 rs=1 cs=1]
                      RenderText {#text} at (2,2) size 42x18
                        text run at (2,2) width 42: "Footer"
              RenderTable {TABLE} at (11,205) size 55x87 [border: (1px none #808080)]
                RenderTableSection {TBODY} at (0,23) size 54x21
                  RenderTableRow {TR} at (0,0) size 54x21
                    RenderTableCell {TD} at (0,0) size 54x21 [border: (1px solid #D3D3D3)] [r=0 c=0 rs=1 cs=1]
                      RenderText {#text} at (2,2) size 47x18
                        text run at (2,2) width 47: "Body 1"
                RenderTableSection {THEAD} at (0,1) size 54x22 [border: (2px solid #0000FF) none (2px solid #008000) none]
                  RenderTableRow {TR} at (0,0) size 54x22
                    RenderTableCell {TH} at (0,0) size 54x22 [border: (1px solid #D3D3D3)] [r=0 c=0 rs=1 cs=1]
                      RenderText {#text} at (2,2) size 51x18
                        text run at (2,2) width 51: "Header"
                RenderTableSection {TFOOT} at (0,65) size 54x21
                  RenderTableRow {TR} at (0,0) size 54x21
                    RenderTableCell {TD} at (0,0) size 54x21 [border: (1px solid #D3D3D3)] [r=0 c=0 rs=1 cs=1]
                      RenderText {#text} at (2,2) size 42x18
                        text run at (2,2) width 42: "Footer"
                RenderTableSection {TBODY} at (0,44) size 54x21
                  RenderTableRow {TR} at (0,0) size 54x21
                    RenderTableCell {TD} at (0,0) size 54x21 [border: (1px solid #D3D3D3)] [r=0 c=0 rs=1 cs=1]
                      RenderText {#text} at (2,2) size 47x18
                        text run at (2,2) width 47: "Body 2"
            RenderTableCell {TD} at (237,2) size 78x303 [r=0 c=3 rs=1 cs=1]
              RenderTable {TABLE} at (11,11) size 55x87 [border: (1px none #808080)]
                RenderTableSection {TBODY} at (0,23) size 54x21
                  RenderTableRow {TR} at (0,0) size 54x21
                    RenderTableCell {TD} at (0,0) size 54x21 [border: (1px solid #D3D3D3)] [r=0 c=0 rs=1 cs=1]
                      RenderText {#text} at (2,2) size 47x18
                        text run at (2,2) width 47: "Body 1"
                RenderTableSection {TFOOT} at (0,65) size 54x21
                  RenderTableRow {TR} at (0,0) size 54x21
                    RenderTableCell {TD} at (0,0) size 54x21 [border: (1px solid #D3D3D3)] [r=0 c=0 rs=1 cs=1]
                      RenderText {#text} at (2,2) size 42x18
                        text run at (2,2) width 42: "Footer"
                RenderTableSection {THEAD} at (0,1) size 54x22 [border: (2px solid #0000FF) none (2px solid #008000) none]
                  RenderTableRow {TR} at (0,0) size 54x22
                    RenderTableCell {TH} at (0,0) size 54x22 [border: (1px solid #D3D3D3)] [r=0 c=0 rs=1 cs=1]
                      RenderText {#text} at (2,2) size 51x18
                        text run at (2,2) width 51: "Header"
                RenderTableSection {TBODY} at (0,44) size 54x21
                  RenderTableRow {TR} at (0,0) size 54x21
                    RenderTableCell {TD} at (0,0) size 54x21 [border: (1px solid #D3D3D3)] [r=0 c=0 rs=1 cs=1]
                      RenderText {#text} at (2,2) size 47x18
                        text run at (2,2) width 47: "Body 2"
              RenderTable {TABLE} at (11,108) size 55x87 [border: (1px none #808080)]
                RenderTableSection {TFOOT} at (0,65) size 54x21
                  RenderTableRow {TR} at (0,0) size 54x21
                    RenderTableCell {TD} at (0,0) size 54x21 [border: (1px solid #D3D3D3)] [r=0 c=0 rs=1 cs=1]
                      RenderText {#text} at (2,2) size 42x18
                        text run at (2,2) width 42: "Footer"
                RenderTableSection {TBODY} at (0,23) size 54x21
                  RenderTableRow {TR} at (0,0) size 54x21
                    RenderTableCell {TD} at (0,0) size 54x21 [border: (1px solid #D3D3D3)] [r=0 c=0 rs=1 cs=1]
                      RenderText {#text} at (2,2) size 47x18
                        text run at (2,2) width 47: "Body 1"
                RenderTableSection {THEAD} at (0,1) size 54x22 [border: (2px solid #0000FF) none (2px solid #008000) none]
                  RenderTableRow {TR} at (0,0) size 54x22
                    RenderTableCell {TH} at (0,0) size 54x22 [border: (1px solid #D3D3D3)] [r=0 c=0 rs=1 cs=1]
                      RenderText {#text} at (2,2) size 51x18
                        text run at (2,2) width 51: "Header"
                RenderTableSection {TBODY} at (0,44) size 54x21
                  RenderTableRow {TR} at (0,0) size 54x21
                    RenderTableCell {TD} at (0,0) size 54x21 [border: (1px solid #D3D3D3)] [r=0 c=0 rs=1 cs=1]
                      RenderText {#text} at (2,2) size 47x18
                        text run at (2,2) width 47: "Body 2"
              RenderTable {TABLE} at (11,205) size 55x87 [border: (1px none #808080)]
                RenderTableSection {TBODY} at (0,23) size 54x21
                  RenderTableRow {TR} at (0,0) size 54x21
                    RenderTableCell {TD} at (0,0) size 54x21 [border: (1px solid #D3D3D3)] [r=0 c=0 rs=1 cs=1]
                      RenderText {#text} at (2,2) size 47x18
                        text run at (2,2) width 47: "Body 1"
                RenderTableSection {TBODY} at (0,44) size 54x21
                  RenderTableRow {TR} at (0,0) size 54x21
                    RenderTableCell {TD} at (0,0) size 54x21 [border: (1px solid #D3D3D3)] [r=0 c=0 rs=1 cs=1]
                      RenderText {#text} at (2,2) size 47x18
                        text run at (2,2) width 47: "Body 2"
                RenderTableSection {TFOOT} at (0,65) size 54x21
                  RenderTableRow {TR} at (0,0) size 54x21
                    RenderTableCell {TD} at (0,0) size 54x21 [border: (1px solid #D3D3D3)] [r=0 c=0 rs=1 cs=1]
                      RenderText {#text} at (2,2) size 42x18
                        text run at (2,2) width 42: "Footer"
                RenderTableSection {THEAD} at (0,1) size 54x22 [border: (2px solid #0000FF) none (2px solid #008000) none]
                  RenderTableRow {TR} at (0,0) size 54x22
                    RenderTableCell {TH} at (0,0) size 54x22 [border: (1px solid #D3D3D3)] [r=0 c=0 rs=1 cs=1]
                      RenderText {#text} at (2,2) size 51x18
                        text run at (2,2) width 51: "Header"
