layer at (0,0) size 800x600
  RenderView at (0,0) size 800x600
layer at (0,0) size 800x600
  RenderBlock {HTML} at (0,0) size 800x600
    RenderBody {BODY} at (8,8) size 784x584
      RenderBlock {P} at (0,0) size 784x18
        RenderText {#text} at (0,0) size 54x18
          text run at (0,0) width 54: "Test for "
        RenderInline {I} at (0,0) size 687x18
          RenderInline {A} at (0,0) size 353x18 [color=#0000EE]
            RenderText {#text} at (53,0) size 353x18
              text run at (53,0) width 353: "http://bugzilla.opendarwin.org/show_bug.cgi?id=8848"
          RenderText {#text} at (405,0) size 335x18
            text run at (405,0) width 5: " "
            text run at (409,0) width 331: "TFOOT borders are copied to THEAD and TBODY"
        RenderText {#text} at (739,0) size 5x18
          text run at (739,0) width 5: "."
      RenderBlock {HR} at (0,34) size 784x2 [border: (1px inset #000000)]
      RenderTable {TABLE} at (0,44) size 418x210
        RenderTableSection {TBODY} at (0,0) size 418x210
          RenderTableRow {TR} at (0,2) size 418x206
            RenderTableCell {TD} at (2,2) size 102x206 [r=0 c=0 rs=1 cs=1]
              RenderTable {TABLE} at (11,11) size 86x55 [border: none]
                RenderTableSection {THEAD} at (0,0) size 21x54
                  RenderTableRow {TR} at (0,0) size 21x54
                    RenderTableCell {TH} at (0,0) size 21x54 [border: (1px solid #D3D3D3)] [r=0 c=0 rs=1 cs=1]
                      RenderText {#text} at (1,2) size 18x51
                        text run at (1,2) width 51: "Header"
                RenderTableSection {TBODY} at (21,0) size 21x54
                  RenderTableRow {TR} at (0,0) size 21x54
                    RenderTableCell {TD} at (0,0) size 21x54 [border: (1px solid #D3D3D3)] [r=0 c=0 rs=1 cs=1]
                      RenderText {#text} at (1,2) size 18x47
                        text run at (1,2) width 47: "Body 1"
                RenderTableSection {TBODY} at (42,0) size 21x54
                  RenderTableRow {TR} at (0,0) size 21x54
                    RenderTableCell {TD} at (0,0) size 21x54 [border: (1px solid #D3D3D3)] [r=0 c=0 rs=1 cs=1]
                      RenderText {#text} at (1,2) size 18x47
                        text run at (1,2) width 47: "Body 2"
                RenderTableSection {TFOOT} at (63,0) size 22x54 [border: none (2px solid #0000FF) none (2px solid #008000)]
                  RenderTableRow {TR} at (0,0) size 22x54
                    RenderTableCell {TD} at (0,0) size 22x54 [border: (1px solid #D3D3D3)] [r=0 c=0 rs=1 cs=1]
                      RenderText {#text} at (2,2) size 18x42
                        text run at (2,2) width 42: "Footer"
              RenderTable {TABLE} at (11,75) size 86x56 [border: none]
                RenderTableSection {TBODY} at (21,0) size 21x54
                  RenderTableRow {TR} at (0,0) size 21x54
                    RenderTableCell {TD} at (0,0) size 21x54 [border: (1px solid #D3D3D3)] [r=0 c=0 rs=1 cs=1]
                      RenderText {#text} at (1,2) size 18x47
                        text run at (1,2) width 47: "Body 1"
                RenderTableSection {THEAD} at (0,0) size 21x54
                  RenderTableRow {TR} at (0,0) size 21x54
                    RenderTableCell {TH} at (0,0) size 21x54 [border: (1px solid #D3D3D3)] [r=0 c=0 rs=1 cs=1]
                      RenderText {#text} at (1,2) size 18x51
                        text run at (1,2) width 51: "Header"
                RenderTableSection {TBODY} at (42,0) size 21x54
                  RenderTableRow {TR} at (0,0) size 21x54
                    RenderTableCell {TD} at (0,0) size 21x54 [border: (1px solid #D3D3D3)] [r=0 c=0 rs=1 cs=1]
                      RenderText {#text} at (1,2) size 18x47
                        text run at (1,2) width 47: "Body 2"
                RenderTableSection {TFOOT} at (63,0) size 22x54 [border: none (2px solid #0000FF) none (2px solid #008000)]
                  RenderTableRow {TR} at (0,0) size 22x54
                    RenderTableCell {TD} at (0,0) size 22x54 [border: (1px solid #D3D3D3)] [r=0 c=0 rs=1 cs=1]
                      RenderText {#text} at (2,2) size 18x42
                        text run at (2,2) width 42: "Footer"
              RenderTable {TABLE} at (11,140) size 86x55 [border: none]
                RenderTableSection {TBODY} at (21,0) size 21x54
                  RenderTableRow {TR} at (0,0) size 21x54
                    RenderTableCell {TD} at (0,0) size 21x54 [border: (1px solid #D3D3D3)] [r=0 c=0 rs=1 cs=1]
                      RenderText {#text} at (1,2) size 18x47
                        text run at (1,2) width 47: "Body 1"
                RenderTableSection {THEAD} at (0,0) size 21x54
                  RenderTableRow {TR} at (0,0) size 21x54
                    RenderTableCell {TH} at (0,0) size 21x54 [border: (1px solid #D3D3D3)] [r=0 c=0 rs=1 cs=1]
                      RenderText {#text} at (1,2) size 18x51
                        text run at (1,2) width 51: "Header"
                RenderTableSection {TFOOT} at (63,0) size 22x54 [border: none (2px solid #0000FF) none (2px solid #008000)]
                  RenderTableRow {TR} at (0,0) size 22x54
                    RenderTableCell {TD} at (0,0) size 22x54 [border: (1px solid #D3D3D3)] [r=0 c=0 rs=1 cs=1]
                      RenderText {#text} at (2,2) size 18x42
                        text run at (2,2) width 42: "Footer"
                RenderTableSection {TBODY} at (42,0) size 21x54
                  RenderTableRow {TR} at (0,0) size 21x54
                    RenderTableCell {TD} at (0,0) size 21x54 [border: (1px solid #D3D3D3)] [r=0 c=0 rs=1 cs=1]
                      RenderText {#text} at (1,2) size 18x47
                        text run at (1,2) width 47: "Body 2"
            RenderTableCell {TD} at (106,2) size 102x206 [r=0 c=1 rs=1 cs=1]
              RenderTable {TABLE} at (11,11) size 86x55 [border: none]
                RenderTableSection {TBODY} at (21,0) size 21x54
                  RenderTableRow {TR} at (0,0) size 21x54
                    RenderTableCell {TD} at (0,0) size 21x54 [border: (1px solid #D3D3D3)] [r=0 c=0 rs=1 cs=1]
                      RenderText {#text} at (1,2) size 18x47
                        text run at (1,2) width 47: "Body 1"
                RenderTableSection {TFOOT} at (63,0) size 22x54 [border: none (2px solid #0000FF) none (2px solid #008000)]
                  RenderTableRow {TR} at (0,0) size 22x54
                    RenderTableCell {TD} at (0,0) size 22x54 [border: (1px solid #D3D3D3)] [r=0 c=0 rs=1 cs=1]
                      RenderText {#text} at (2,2) size 18x42
                        text run at (2,2) width 42: "Footer"
                RenderTableSection {THEAD} at (0,0) size 21x54
                  RenderTableRow {TR} at (0,0) size 21x54
                    RenderTableCell {TH} at (0,0) size 21x54 [border: (1px solid #D3D3D3)] [r=0 c=0 rs=1 cs=1]
                      RenderText {#text} at (1,2) size 18x51
                        text run at (1,2) width 51: "Header"
                RenderTableSection {TBODY} at (42,0) size 21x54
                  RenderTableRow {TR} at (0,0) size 21x54
                    RenderTableCell {TD} at (0,0) size 21x54 [border: (1px solid #D3D3D3)] [r=0 c=0 rs=1 cs=1]
                      RenderText {#text} at (1,2) size 18x47
                        text run at (1,2) width 47: "Body 2"
              RenderTable {TABLE} at (11,75) size 86x56 [border: none]
                RenderTableSection {TFOOT} at (63,0) size 22x54 [border: none (2px solid #0000FF) none (2px solid #008000)]
                  RenderTableRow {TR} at (0,0) size 22x54
                    RenderTableCell {TD} at (0,0) size 22x54 [border: (1px solid #D3D3D3)] [r=0 c=0 rs=1 cs=1]
                      RenderText {#text} at (2,2) size 18x42
                        text run at (2,2) width 42: "Footer"
                RenderTableSection {TBODY} at (21,0) size 21x54
                  RenderTableRow {TR} at (0,0) size 21x54
                    RenderTableCell {TD} at (0,0) size 21x54 [border: (1px solid #D3D3D3)] [r=0 c=0 rs=1 cs=1]
                      RenderText {#text} at (1,2) size 18x47
                        text run at (1,2) width 47: "Body 1"
                RenderTableSection {THEAD} at (0,0) size 21x54
                  RenderTableRow {TR} at (0,0) size 21x54
                    RenderTableCell {TH} at (0,0) size 21x54 [border: (1px solid #D3D3D3)] [r=0 c=0 rs=1 cs=1]
                      RenderText {#text} at (1,2) size 18x51
                        text run at (1,2) width 51: "Header"
                RenderTableSection {TBODY} at (42,0) size 21x54
                  RenderTableRow {TR} at (0,0) size 21x54
                    RenderTableCell {TD} at (0,0) size 21x54 [border: (1px solid #D3D3D3)] [r=0 c=0 rs=1 cs=1]
                      RenderText {#text} at (1,2) size 18x47
                        text run at (1,2) width 47: "Body 2"
              RenderTable {TABLE} at (11,140) size 86x55 [border: none]
                RenderTableSection {TBODY} at (21,0) size 21x54
                  RenderTableRow {TR} at (0,0) size 21x54
                    RenderTableCell {TD} at (0,0) size 21x54 [border: (1px solid #D3D3D3)] [r=0 c=0 rs=1 cs=1]
                      RenderText {#text} at (1,2) size 18x47
                        text run at (1,2) width 47: "Body 1"
                RenderTableSection {TBODY} at (42,0) size 21x54
                  RenderTableRow {TR} at (0,0) size 21x54
                    RenderTableCell {TD} at (0,0) size 21x54 [border: (1px solid #D3D3D3)] [r=0 c=0 rs=1 cs=1]
                      RenderText {#text} at (1,2) size 18x47
                        text run at (1,2) width 47: "Body 2"
                RenderTableSection {TFOOT} at (63,0) size 22x54 [border: none (2px solid #0000FF) none (2px solid #008000)]
                  RenderTableRow {TR} at (0,0) size 22x54
                    RenderTableCell {TD} at (0,0) size 22x54 [border: (1px solid #D3D3D3)] [r=0 c=0 rs=1 cs=1]
                      RenderText {#text} at (2,2) size 18x42
                        text run at (2,2) width 42: "Footer"
                RenderTableSection {THEAD} at (0,0) size 21x54
                  RenderTableRow {TR} at (0,0) size 21x54
                    RenderTableCell {TH} at (0,0) size 21x54 [border: (1px solid #D3D3D3)] [r=0 c=0 rs=1 cs=1]
                      RenderText {#text} at (1,2) size 18x51
                        text run at (1,2) width 51: "Header"
            RenderTableCell {TD} at (210,2) size 102x206 [r=0 c=2 rs=1 cs=1]
              RenderTable {TABLE} at (11,11) size 88x55 [border: none]
                RenderTableSection {THEAD} at (1,0) size 22x54 [border: none (2px solid #0000FF) none (2px solid #008000)]
                  RenderTableRow {TR} at (0,0) size 22x54
                    RenderTableCell {TH} at (0,0) size 22x54 [border: (1px solid #D3D3D3)] [r=0 c=0 rs=1 cs=1]
                      RenderText {#text} at (2,2) size 18x51
                        text run at (2,2) width 51: "Header"
                RenderTableSection {TBODY} at (23,0) size 22x54
                  RenderTableRow {TR} at (0,0) size 22x54
                    RenderTableCell {TD} at (0,0) size 22x54 [border: (1px solid #D3D3D3)] [r=0 c=0 rs=1 cs=1]
                      RenderText {#text} at (2,2) size 18x47
                        text run at (2,2) width 47: "Body 1"
                RenderTableSection {TBODY} at (45,0) size 21x54
                  RenderTableRow {TR} at (0,0) size 21x54
                    RenderTableCell {TD} at (0,0) size 21x54 [border: (1px solid #D3D3D3)] [r=0 c=0 rs=1 cs=1]
                      RenderText {#text} at (1,2) size 18x47
                        text run at (1,2) width 47: "Body 2"
                RenderTableSection {TFOOT} at (66,0) size 21x54
                  RenderTableRow {TR} at (0,0) size 21x54
                    RenderTableCell {TD} at (0,0) size 21x54 [border: (1px solid #D3D3D3)] [r=0 c=0 rs=1 cs=1]
                      RenderText {#text} at (1,2) size 18x42
                        text run at (1,2) width 42: "Footer"
              RenderTable {TABLE} at (11,75) size 88x56 [border: none]
                RenderTableSection {TBODY} at (23,0) size 22x54
                  RenderTableRow {TR} at (0,0) size 22x54
                    RenderTableCell {TD} at (0,0) size 22x54 [border: (1px solid #D3D3D3)] [r=0 c=0 rs=1 cs=1]
                      RenderText {#text} at (2,2) size 18x47
                        text run at (2,2) width 47: "Body 1"
                RenderTableSection {THEAD} at (1,0) size 22x54 [border: none (2px solid #0000FF) none (2px solid #008000)]
                  RenderTableRow {TR} at (0,0) size 22x54
                    RenderTableCell {TH} at (0,0) size 22x54 [border: (1px solid #D3D3D3)] [r=0 c=0 rs=1 cs=1]
                      RenderText {#text} at (2,2) size 18x51
                        text run at (2,2) width 51: "Header"
                RenderTableSection {TBODY} at (45,0) size 21x54
                  RenderTableRow {TR} at (0,0) size 21x54
                    RenderTableCell {TD} at (0,0) size 21x54 [border: (1px solid #D3D3D3)] [r=0 c=0 rs=1 cs=1]
                      RenderText {#text} at (1,2) size 18x47
                        text run at (1,2) width 47: "Body 2"
                RenderTableSection {TFOOT} at (66,0) size 21x54
                  RenderTableRow {TR} at (0,0) size 21x54
                    RenderTableCell {TD} at (0,0) size 21x54 [border: (1px solid #D3D3D3)] [r=0 c=0 rs=1 cs=1]
                      RenderText {#text} at (1,2) size 18x42
                        text run at (1,2) width 42: "Footer"
              RenderTable {TABLE} at (11,140) size 88x55 [border: none]
                RenderTableSection {TBODY} at (23,0) size 22x54
                  RenderTableRow {TR} at (0,0) size 22x54
                    RenderTableCell {TD} at (0,0) size 22x54 [border: (1px solid #D3D3D3)] [r=0 c=0 rs=1 cs=1]
                      RenderText {#text} at (2,2) size 18x47
                        text run at (2,2) width 47: "Body 1"
                RenderTableSection {THEAD} at (1,0) size 22x54 [border: none (2px solid #0000FF) none (2px solid #008000)]
                  RenderTableRow {TR} at (0,0) size 22x54
                    RenderTableCell {TH} at (0,0) size 22x54 [border: (1px solid #D3D3D3)] [r=0 c=0 rs=1 cs=1]
                      RenderText {#text} at (2,2) size 18x51
                        text run at (2,2) width 51: "Header"
                RenderTableSection {TFOOT} at (66,0) size 21x54
                  RenderTableRow {TR} at (0,0) size 21x54
                    RenderTableCell {TD} at (0,0) size 21x54 [border: (1px solid #D3D3D3)] [r=0 c=0 rs=1 cs=1]
                      RenderText {#text} at (1,2) size 18x42
                        text run at (1,2) width 42: "Footer"
                RenderTableSection {TBODY} at (45,0) size 21x54
                  RenderTableRow {TR} at (0,0) size 21x54
                    RenderTableCell {TD} at (0,0) size 21x54 [border: (1px solid #D3D3D3)] [r=0 c=0 rs=1 cs=1]
                      RenderText {#text} at (1,2) size 18x47
                        text run at (1,2) width 47: "Body 2"
            RenderTableCell {TD} at (314,2) size 102x206 [r=0 c=3 rs=1 cs=1]
              RenderTable {TABLE} at (11,11) size 88x55 [border: none]
                RenderTableSection {TBODY} at (23,0) size 22x54
                  RenderTableRow {TR} at (0,0) size 22x54
                    RenderTableCell {TD} at (0,0) size 22x54 [border: (1px solid #D3D3D3)] [r=0 c=0 rs=1 cs=1]
                      RenderText {#text} at (2,2) size 18x47
                        text run at (2,2) width 47: "Body 1"
                RenderTableSection {TFOOT} at (66,0) size 21x54
                  RenderTableRow {TR} at (0,0) size 21x54
                    RenderTableCell {TD} at (0,0) size 21x54 [border: (1px solid #D3D3D3)] [r=0 c=0 rs=1 cs=1]
                      RenderText {#text} at (1,2) size 18x42
                        text run at (1,2) width 42: "Footer"
                RenderTableSection {THEAD} at (1,0) size 22x54 [border: none (2px solid #0000FF) none (2px solid #008000)]
                  RenderTableRow {TR} at (0,0) size 22x54
                    RenderTableCell {TH} at (0,0) size 22x54 [border: (1px solid #D3D3D3)] [r=0 c=0 rs=1 cs=1]
                      RenderText {#text} at (2,2) size 18x51
                        text run at (2,2) width 51: "Header"
                RenderTableSection {TBODY} at (45,0) size 21x54
                  RenderTableRow {TR} at (0,0) size 21x54
                    RenderTableCell {TD} at (0,0) size 21x54 [border: (1px solid #D3D3D3)] [r=0 c=0 rs=1 cs=1]
                      RenderText {#text} at (1,2) size 18x47
                        text run at (1,2) width 47: "Body 2"
              RenderTable {TABLE} at (11,75) size 88x56 [border: none]
                RenderTableSection {TFOOT} at (66,0) size 21x54
                  RenderTableRow {TR} at (0,0) size 21x54
                    RenderTableCell {TD} at (0,0) size 21x54 [border: (1px solid #D3D3D3)] [r=0 c=0 rs=1 cs=1]
                      RenderText {#text} at (1,2) size 18x42
                        text run at (1,2) width 42: "Footer"
                RenderTableSection {TBODY} at (23,0) size 22x54
                  RenderTableRow {TR} at (0,0) size 22x54
                    RenderTableCell {TD} at (0,0) size 22x54 [border: (1px solid #D3D3D3)] [r=0 c=0 rs=1 cs=1]
                      RenderText {#text} at (2,2) size 18x47
                        text run at (2,2) width 47: "Body 1"
                RenderTableSection {THEAD} at (1,0) size 22x54 [border: none (2px solid #0000FF) none (2px solid #008000)]
                  RenderTableRow {TR} at (0,0) size 22x54
                    RenderTableCell {TH} at (0,0) size 22x54 [border: (1px solid #D3D3D3)] [r=0 c=0 rs=1 cs=1]
                      RenderText {#text} at (2,2) size 18x51
                        text run at (2,2) width 51: "Header"
                RenderTableSection {TBODY} at (45,0) size 21x54
                  RenderTableRow {TR} at (0,0) size 21x54
                    RenderTableCell {TD} at (0,0) size 21x54 [border: (1px solid #D3D3D3)] [r=0 c=0 rs=1 cs=1]
                      RenderText {#text} at (1,2) size 18x47
                        text run at (1,2) width 47: "Body 2"
              RenderTable {TABLE} at (11,140) size 88x55 [border: none]
                RenderTableSection {TBODY} at (23,0) size 22x54
                  RenderTableRow {TR} at (0,0) size 22x54
                    RenderTableCell {TD} at (0,0) size 22x54 [border: (1px solid #D3D3D3)] [r=0 c=0 rs=1 cs=1]
                      RenderText {#text} at (2,2) size 18x47
                        text run at (2,2) width 47: "Body 1"
                RenderTableSection {TBODY} at (45,0) size 21x54
                  RenderTableRow {TR} at (0,0) size 21x54
                    RenderTableCell {TD} at (0,0) size 21x54 [border: (1px solid #D3D3D3)] [r=0 c=0 rs=1 cs=1]
                      RenderText {#text} at (1,2) size 18x47
                        text run at (1,2) width 47: "Body 2"
                RenderTableSection {TFOOT} at (66,0) size 21x54
                  RenderTableRow {TR} at (0,0) size 21x54
                    RenderTableCell {TD} at (0,0) size 21x54 [border: (1px solid #D3D3D3)] [r=0 c=0 rs=1 cs=1]
                      RenderText {#text} at (1,2) size 18x42
                        text run at (1,2) width 42: "Footer"
                RenderTableSection {THEAD} at (1,0) size 22x54 [border: none (2px solid #0000FF) none (2px solid #008000)]
                  RenderTableRow {TR} at (0,0) size 22x54
                    RenderTableCell {TH} at (0,0) size 22x54 [border: (1px solid #D3D3D3)] [r=0 c=0 rs=1 cs=1]
                      RenderText {#text} at (2,2) size 18x51
                        text run at (2,2) width 51: "Header"
