layer at (0,0) size 800x600
  RenderView at (0,0) size 800x600
layer at (0,0) size 800x600
  RenderBlock {HTML} at (0,0) size 800x600
    RenderBody {BODY} at (8,8) size 784x576
      RenderBlock {P} at (0,0) size 784x36
        RenderText {#text} at (0,0) size 776x36
          text run at (0,0) width 386: "This tests selecting and deleting the paragraph before a table. "
          text run at (386,0) width 390: "You should see only a table in the editable region below, with"
          text run at (0,18) width 139: "the caret just before it."
      RenderBlock {DIV} at (0,52) size 784x28
        RenderBlock {DIV} at (0,0) size 784x28
          RenderTable {TABLE} at (0,0) size 32x28 [border: (1px solid #BBBBBB)]
            RenderTableSection {TBODY} at (1,1) size 30x26
              RenderTableRow {TR} at (0,2) size 30x22
                RenderTableCell {TD} at (2,2) size 12x22 [border: (1px solid #BBBBBB)] [r=0 c=0 rs=1 cs=1]
                  RenderText {#text} at (2,2) size 8x18
                    text run at (2,2) width 8: "1"
                RenderTableCell {TD} at (16,2) size 12x22 [border: (1px solid #BBBBBB)] [r=0 c=1 rs=1 cs=1]
                  RenderText {#text} at (2,2) size 8x18
                    text run at (2,2) width 8: "2"
      RenderBlock {UL} at (0,96) size 784x0
caret: position 0 of child 0 {TABLE} of child 1 {DIV} of child 2 {DIV} of body
