layer at (0,0) size 800x600
  RenderView at (0,0) size 800x600
layer at (0,0) size 800x600
  RenderBlock {HTML} at (0,0) size 800x600
    RenderBody {BODY} at (8,8) size 784x584
      RenderBlock {P} at (0,0) size 784x36
        RenderText {#text} at (0,0) size 761x36
          text run at (0,0) width 706: "This tests for a problem where empty table rows after the selection being deleted would be removed incorrectly. "
          text run at (706,0) width 55: "Only the"
          text run at (0,18) width 343: "last letter in 'foo' should be removed during this delete."
      RenderBlock {DIV} at (0,52) size 784x52
        RenderTable {TABLE} at (0,0) size 29x52 [border: (1px outset #808080)]
          RenderTableSection {TBODY} at (1,1) size 27x50
            RenderTableRow {TR} at (0,2) size 27x22
              RenderTableCell {TD} at (2,2) size 17x22 [border: (1px inset #808080)] [r=0 c=0 rs=1 cs=1]
                RenderText {#text} at (2,2) size 13x18
                  text run at (2,2) width 13: "fo"
              RenderTableCell {TD} at (21,2) size 4x22 [border: (1px inset #808080)] [r=0 c=1 rs=1 cs=1]
            RenderTableRow {TR} at (0,26) size 27x22
              RenderTableCell {TD} at (2,26) size 17x22 [border: (1px inset #808080)] [r=1 c=0 rs=1 cs=1]
              RenderTableCell {TD} at (21,26) size 4x22 [border: (1px inset #808080)] [r=1 c=1 rs=1 cs=1]
caret: position 2 of child 0 {#text} of child 0 {TD} of child 0 {TR} of child 0 {TBODY} of child 0 {TABLE} of child 2 {DIV} of body
