EDITING DELEGATE: shouldBeginEditingInDOMRange:range from 0 of DIV > BODY > HTML > #document to 5 of DIV > BODY > HTML > #document
EDITING DELEGATE: webViewDidBeginEditing:WebViewDidBeginEditingNotification
EDITING DELEGATE: webViewDidChangeSelection:WebViewDidChangeSelectionNotification
EDITING DELEGATE: webViewDidChangeSelection:WebViewDidChangeSelectionNotification
EDITING DELEGATE: webViewDidChangeSelection:WebViewDidChangeSelectionNotification
EDITING DELEGATE: shouldDeleteDOMRange:range from 2 of DIV > BODY > HTML > #document to 0 of DIV > DIV > BODY > HTML > #document
EDITING DELEGATE: shouldChangeSelectedDOMRange:range from 2 of DIV > BODY > HTML > #document to 0 of DIV > DIV > BODY > HTML > #document toDOMRange:range from 0 of DIV > DIV > BODY > HTML > #document to 0 of DIV > DIV > BODY > HTML > #document affinity:NSSelectionAffinityDownstream stillSelecting:FALSE
EDITING DELEGATE: webViewDidChangeSelection:WebViewDidChangeSelectionNotification
EDITING DELEGATE: webViewDidChange:WebViewDidChangeNotification
layer at (0,0) size 800x600
  RenderView at (0,0) size 800x600
layer at (0,0) size 800x600
  RenderBlock {HTML} at (0,0) size 800x600
    RenderBody {BODY} at (8,8) size 784x584
      RenderBlock {P} at (0,0) size 784x36
        RenderText {#text} at (0,0) size 781x36
          text run at (0,0) width 781: "This tests deletion of an empty line which is a <br> element just after a <div> element. If the deletion is successful, the result"
          text run at (0,18) width 695: "should have two lines, and the insertion point should be at the start of the second line, just before the letter \"b\"."
      RenderBlock {DIV} at (0,52) size 784x36
        RenderBlock {DIV} at (0,0) size 784x18
          RenderText {#text} at (0,0) size 7x18
            text run at (0,0) width 7: "a"
        RenderBlock {DIV} at (0,18) size 784x18
          RenderText {#text} at (0,0) size 8x18
            text run at (0,0) width 8: "b"
caret: position 0 of child 0 {#text} of child 2 {DIV} of child 3 {DIV} of body
