EDITING DELEGATE: shouldBeginEditingInDOMRange:range from 0 of DIV > BODY > HTML > #document to 3 of DIV > BODY > HTML > #document
EDITING DELEGATE: webViewDidBeginEditing:WebViewDidBeginEditingNotification
EDITING DELEGATE: webViewDidChangeSelection:WebViewDidChangeSelectionNotification
EDITING DELEGATE: webViewDidChangeSelection:WebViewDidChangeSelectionNotification
EDITING DELEGATE: webViewDidChangeSelection:WebViewDidChangeSelectionNotification
EDITING DELEGATE: webViewDidChangeSelection:WebViewDidChangeSelectionNotification
EDITING DELEGATE: shouldDeleteDOMRange:range from 0 of P > DIV > DIV > BODY > HTML > #document to 0 of P > DIV > DIV > BODY > HTML > #document
EDITING DELEGATE: shouldChangeSelectedDOMRange:range from 0 of P > DIV > DIV > BODY > HTML > #document to 4 of DIV > DIV > BODY > HTML > #document toDOMRange:range from 0 of P > DIV > DIV > BODY > HTML > #document to 0 of P > DIV > DIV > BODY > HTML > #document affinity:NSSelectionAffinityDownstream stillSelecting:FALSE
EDITING DELEGATE: webViewDidChangeSelection:WebViewDidChangeSelectionNotification
EDITING DELEGATE: webViewDidChange:WebViewDidChangeNotification
layer at (0,0) size 800x600
  RenderView at (0,0) size 800x600
layer at (0,0) size 800x600
  RenderBlock {HTML} at (0,0) size 800x600
    RenderBody {BODY} at (8,8) size 784x584
      RenderBlock {DIV} at (0,0) size 784x240 [border: (2px solid #0000FF)]
        RenderBlock {DIV} at (14,14) size 756x84
          RenderText {#text} at (0,0) size 67x28
            text run at (0,0) width 67: "Tests: "
          RenderBR {BR} at (67,0) size 0x28
          RenderText {#text} at (0,28) size 742x56
            text run at (0,28) width 742: "Deleting when a selection starts in a blank line created by a block with a BR"
            text run at (0,56) width 552: "placeholder in it and extends to the end of the document."
        RenderBlock {DIV} at (14,114) size 756x112
          RenderText {#text} at (0,0) size 189x28
            text run at (0,0) width 189: "Expected Results: "
          RenderBR {BR} at (189,0) size 0x28
          RenderText {#text} at (0,28) size 743x84
            text run at (0,28) width 716: "Should see the two lines in the red box. First line should be \"A\". Next one"
            text run at (0,56) width 743: "should be empty. Insertion point should be blinking at the start of the second"
            text run at (0,84) width 43: "line."
      RenderBlock {DIV} at (0,264) size 784x60
        RenderBlock {DIV} at (0,0) size 784x60 [border: (2px solid #FF0000)]
          RenderBlock {P} at (2,2) size 780x28
            RenderText {#text} at (0,0) size 17x28
              text run at (0,0) width 17: "A"
          RenderBlock {P} at (2,30) size 780x28
            RenderBR {BR} at (0,0) size 0x28
caret: position 0 of child 0 {BR} of child 3 {P} of child 1 {DIV} of child 3 {DIV} of body
