EDITING DELEGATE: shouldBeginEditingInDOMRange:range from 0 of DIV > BODY > HTML > #document to 3 of DIV > BODY > HTML > #document
EDITING DELEGATE: webViewDidBeginEditing:WebViewDidBeginEditingNotification
EDITING DELEGATE: webViewDidChangeSelection:WebViewDidChangeSelectionNotification
EDITING DELEGATE: webViewDidChangeSelection:WebViewDidChangeSelectionNotification
EDITING DELEGATE: webViewDidChangeSelection:WebViewDidChangeSelectionNotification
EDITING DELEGATE: webViewDidChangeSelection:WebViewDidChangeSelectionNotification
EDITING DELEGATE: webViewDidChangeSelection:WebViewDidChangeSelectionNotification
EDITING DELEGATE: shouldDeleteDOMRange:range from 0 of #text > DIV > BODY > HTML > #document to 1 of #text > DIV > BODY > HTML > #document
EDITING DELEGATE: webViewDidChangeSelection:WebViewDidChangeSelectionNotification
EDITING DELEGATE: shouldChangeSelectedDOMRange:range from 3 of #text > SPAN > DIV > BODY > HTML > #document to 3 of #text > SPAN > DIV > BODY > HTML > #document toDOMRange:range from 3 of #text > SPAN > DIV > BODY > HTML > #document to 3 of #text > SPAN > DIV > BODY > HTML > #document affinity:NSSelectionAffinityDownstream stillSelecting:FALSE
EDITING DELEGATE: webViewDidChangeSelection:WebViewDidChangeSelectionNotification
EDITING DELEGATE: webViewDidChange:WebViewDidChangeNotification
layer at (0,0) size 820x585
  RenderView at (0,0) size 800x585
layer at (0,0) size 800x585
  RenderBlock {HTML} at (0,0) size 800x585
    RenderBody {BODY} at (8,64) size 784x457
      RenderBlock {DIV} at (64,0) size 748x196 [border: (50px solid #FF0000)]
        RenderInline {SPAN} at (0,0) size 32x28
          RenderText {#text} at (74,84) size 32x28
            text run at (74,84) width 32: "foo"
        RenderText {#text} at (106,84) size 34x28
          text run at (106,84) width 34: "baz"
caret: position 3 of child 0 {#text} of child 1 {SPAN} of child 1 {DIV} of body
