EDITING DELEGATE: shouldBeginEditingInDOMRange:range from 0 of DIV > BODY > HTML > #document to 5 of DIV > BODY > HTML > #document
EDITING DELEGATE: webViewDidBeginEditing:WebViewDidBeginEditingNotification
EDITING DELEGATE: webViewDidChangeSelection:WebViewDidChangeSelectionNotification
EDITING DELEGATE: shouldDeleteDOMRange:range from 3 of #text > DIV > DIV > BODY > HTML > #document to 0 of DIV > DIV > BODY > HTML > #document
EDITING DELEGATE: shouldChangeSelectedDOMRange:range from 0 of DIV > DIV > BODY > HTML > #document to 0 of DIV > DIV > BODY > HTML > #document toDOMRange:range from 3 of #text > DIV > DIV > BODY > HTML > #document to 3 of #text > DIV > DIV > BODY > HTML > #document affinity:NSSelectionAffinityDownstream stillSelecting:FALSE
EDITING DELEGATE: webViewDidChangeSelection:WebViewDidChangeSelectionNotification
EDITING DELEGATE: webViewDidChange:WebViewDidChangeNotification
layer at (0,0) size 800x600
  RenderView at (0,0) size 800x600
layer at (0,0) size 800x600
  RenderBlock {HTML} at (0,0) size 800x600
    RenderBody {BODY} at (8,8) size 784x584
      RenderBlock {P} at (0,0) size 784x36
        RenderText {#text} at (0,0) size 782x36
          text run at (0,0) width 782: "This places the caret before the 'T' in 'Two' and Deletes. 'One' and 'Two' should be merged but the blocks containing 'Three'"
          text run at (0,18) width 230: "and 'Four' should remain untouched."
      RenderBlock {DIV} at (8,52) size 768x176
        RenderBlock {DIV} at (16,16) size 736x40 [border: (3px solid #FF0000)]
          RenderText {#text} at (11,11) size 57x18
            text run at (11,11) width 57: "OneTwo"
        RenderBlock {DIV} at (16,64) size 736x96 [border: (3px solid #008000)]
          RenderBlock {DIV} at (19,19) size 698x40 [border: (3px solid #000000)]
            RenderText {#text} at (11,11) size 37x18
              text run at (11,11) width 37: "Three"
          RenderBlock (anonymous) at (11,67) size 714x18
            RenderText {#text} at (0,0) size 30x18
              text run at (0,0) width 30: "Four"
caret: position 3 of child 0 {#text} of child 1 {DIV} of child 2 {DIV} of body
