layer at (0,0) size 800x600
  RenderView at (0,0) size 800x600
layer at (0,0) size 800x600
  RenderBlock {HTML} at (0,0) size 800x600
    RenderBody {BODY} at (8,8) size 784x579
      RenderBlock (anonymous) at (0,0) size 784x18
        RenderText {#text} at (0,0) size 326x18
          text run at (0,0) width 326: "This tests that the slider control considers padding."
        RenderBR {BR} at (325,0) size 1x18
      RenderBlock {DIV} at (0,18) size 784x41 [bgcolor=#ADD8E6]
        RenderSlider {INPUT} at (2,2) size 100x37 [color=#909090] [bgcolor=#FFFFFF]
          RenderFlexibleBox {DIV} at (10,10) size 80x17
            RenderBlock {DIV} at (0,0) size 80x17
              RenderBlock {DIV} at (0,0) size 17x17
        RenderText {#text} at (0,0) size 0x0
      RenderBlock {PRE} at (0,72) size 784x0
