layer at (0,0) size 800x600
  RenderView at (0,0) size 800x600
layer at (0,0) size 800x600
  RenderBlock {HTML} at (0,0) size 800x600
    RenderFrameSet {FRAMESET} at (0,0) size 800x600
      RenderFrame {FRAME} at (0,0) size 195x145
        layer at (0,0) size 408x492
          RenderView at (0,0) size 180x130
        layer at (0,0) size 180x492
          RenderBlock {HTML} at (0,0) size 180x492
            RenderBody {BODY} at (8,8) size 164x476
              RenderBlock {P} at (0,0) size 164x60
                RenderText {#text} at (0,0) size 156x59
                  text run at (0,0) width 151: "This page is large enough"
                  text run at (0,20) width 156: "to need to be scrolled in a"
                  text run at (0,40) width 97: "200x200 frame."
              RenderBlock {DIV} at (0,76) size 400x400 [bgcolor=#0000FF]
      RenderFrame {FRAME} at (201,0) size 195x145
        layer at (0,0) size 408x492
          RenderView at (0,0) size 180x130
        layer at (0,0) size 180x492
          RenderBlock {HTML} at (0,0) size 180x492
            RenderBody {BODY} at (8,8) size 164x476
              RenderBlock {P} at (0,0) size 164x60
                RenderText {#text} at (0,0) size 156x59
                  text run at (0,0) width 151: "This page is large enough"
                  text run at (0,20) width 156: "to need to be scrolled in a"
                  text run at (0,40) width 97: "200x200 frame."
              RenderBlock {DIV} at (0,76) size 400x400 [bgcolor=#0000FF]
      RenderFrame {FRAME} at (402,0) size 195x145
        layer at (0,0) size 408x492
          RenderView at (0,0) size 180x130
        layer at (0,0) size 180x492
          RenderBlock {HTML} at (0,0) size 180x492
            RenderBody {BODY} at (8,8) size 164x476
              RenderBlock {P} at (0,0) size 164x60
                RenderText {#text} at (0,0) size 156x59
                  text run at (0,0) width 151: "This page is large enough"
                  text run at (0,20) width 156: "to need to be scrolled in a"
                  text run at (0,40) width 97: "200x200 frame."
              RenderBlock {DIV} at (0,76) size 400x400 [bgcolor=#0000FF]
      RenderFrame {FRAME} at (603,0) size 197x145
        layer at (0,0) size 408x492
          RenderView at (0,0) size 182x130
        layer at (0,0) size 182x492
          RenderBlock {HTML} at (0,0) size 182x492
            RenderBody {BODY} at (8,8) size 166x476
              RenderBlock {P} at (0,0) size 166x60
                RenderText {#text} at (0,0) size 156x59
                  text run at (0,0) width 151: "This page is large enough"
                  text run at (0,20) width 156: "to need to be scrolled in a"
                  text run at (0,40) width 97: "200x200 frame."
              RenderBlock {DIV} at (0,76) size 400x400 [bgcolor=#0000FF]
      RenderFrame {FRAME} at (0,151) size 195x145
        layer at (0,0) size 408x492
          RenderView at (0,0) size 180x130
        layer at (0,0) size 180x492
          RenderBlock {HTML} at (0,0) size 180x492
            RenderBody {BODY} at (8,8) size 164x476
              RenderBlock {P} at (0,0) size 164x60
                RenderText {#text} at (0,0) size 156x59
                  text run at (0,0) width 151: "This page is large enough"
                  text run at (0,20) width 156: "to need to be scrolled in a"
                  text run at (0,40) width 97: "200x200 frame."
              RenderBlock {DIV} at (0,76) size 400x400 [bgcolor=#0000FF]
      RenderFrame {FRAME} at (201,151) size 195x145
        layer at (0,0) size 408x492
          RenderView at (0,0) size 195x145
        layer at (0,0) size 195x492
          RenderBlock {HTML} at (0,0) size 195x492
            RenderBody {BODY} at (8,8) size 179x476
              RenderBlock {P} at (0,0) size 179x60
                RenderText {#text} at (0,0) size 167x59
                  text run at (0,0) width 167: "This page is large enough to"
                  text run at (0,20) width 140: "need to be scrolled in a"
                  text run at (0,40) width 97: "200x200 frame."
              RenderBlock {DIV} at (0,76) size 400x400 [bgcolor=#0000FF]
      RenderFrame {FRAME} at (402,151) size 195x145
        layer at (0,0) size 408x492
          RenderView at (0,0) size 180x130
        layer at (0,0) size 180x492
          RenderBlock {HTML} at (0,0) size 180x492
            RenderBody {BODY} at (8,8) size 164x476
              RenderBlock {P} at (0,0) size 164x60
                RenderText {#text} at (0,0) size 156x59
                  text run at (0,0) width 151: "This page is large enough"
                  text run at (0,20) width 156: "to need to be scrolled in a"
                  text run at (0,40) width 97: "200x200 frame."
              RenderBlock {DIV} at (0,76) size 400x400 [bgcolor=#0000FF]
      RenderFrame {FRAME} at (603,151) size 197x145
        layer at (0,0) size 408x492
          RenderView at (0,0) size 182x130
        layer at (0,0) size 182x492
          RenderBlock {HTML} at (0,0) size 182x492
            RenderBody {BODY} at (8,8) size 166x476
              RenderBlock {P} at (0,0) size 166x60
                RenderText {#text} at (0,0) size 156x59
                  text run at (0,0) width 151: "This page is large enough"
                  text run at (0,20) width 156: "to need to be scrolled in a"
                  text run at (0,40) width 97: "200x200 frame."
              RenderBlock {DIV} at (0,76) size 400x400 [bgcolor=#0000FF]
