layer at (0,0) size 785x699
  RenderView at (0,0) size 785x600
layer at (0,0) size 785x699
  RenderBlock {HTML} at (0,0) size 785x699
    RenderBody {BODY} at (8,8) size 769x683
      RenderBlock {P} at (0,0) size 769x40
        RenderText {#text} at (0,0) size 209x19
          text run at (0,0) width 209: "This page tests the behavior of the "
        RenderInline {TT} at (0,0) size 72x16
          RenderText {#text} at (209,3) size 72x16
            text run at (209,3) width 72: "scrolling"
        RenderText {#text} at (281,0) size 76x19
          text run at (281,0) width 76: " attribute on "
        RenderInline {TT} at (0,0) size 64x16
          RenderText {#text} at (357,3) size 64x16
            text run at (357,3) width 64: "<iframe>"
        RenderText {#text} at (421,0) size 752x39
          text run at (421,0) width 331: " elements which contain a page large enough to need to"
          text run at (0,20) width 70: "be scrolled."
      RenderBlock (anonymous) at (0,56) size 769x627
        RenderIFrame {IFRAME} at (0,0) size 204x204 [border: (2px inset #000000)]
          layer at (0,0) size 408x492
            RenderView at (0,0) size 185x185
          layer at (0,0) size 185x492
            RenderBlock {HTML} at (0,0) size 185x492
              RenderBody {BODY} at (8,8) size 169x476
                RenderBlock {P} at (0,0) size 169x60
                  RenderText {#text} at (0,0) size 167x59
                    text run at (0,0) width 167: "This page is large enough to"
                    text run at (0,20) width 140: "need to be scrolled in a"
                    text run at (0,40) width 97: "200x200 frame."
                RenderBlock {DIV} at (0,76) size 400x400 [bgcolor=#0000FF]
        RenderText {#text} at (204,189) size 4x19
          text run at (204,189) width 4: " "
        RenderIFrame {IFRAME} at (208,0) size 204x204 [border: (2px inset #000000)]
          layer at (0,0) size 408x492
            RenderView at (0,0) size 185x185
          layer at (0,0) size 185x492
            RenderBlock {HTML} at (0,0) size 185x492
              RenderBody {BODY} at (8,8) size 169x476
                RenderBlock {P} at (0,0) size 169x60
                  RenderText {#text} at (0,0) size 167x59
                    text run at (0,0) width 167: "This page is large enough to"
                    text run at (0,20) width 140: "need to be scrolled in a"
                    text run at (0,40) width 97: "200x200 frame."
                RenderBlock {DIV} at (0,76) size 400x400 [bgcolor=#0000FF]
        RenderText {#text} at (412,189) size 4x19
          text run at (412,189) width 4: " "
        RenderIFrame {IFRAME} at (416,0) size 204x204 [border: (2px inset #000000)]
          layer at (0,0) size 408x492
            RenderView at (0,0) size 185x185
          layer at (0,0) size 185x492
            RenderBlock {HTML} at (0,0) size 185x492
              RenderBody {BODY} at (8,8) size 169x476
                RenderBlock {P} at (0,0) size 169x60
                  RenderText {#text} at (0,0) size 167x59
                    text run at (0,0) width 167: "This page is large enough to"
                    text run at (0,20) width 140: "need to be scrolled in a"
                    text run at (0,40) width 97: "200x200 frame."
                RenderBlock {DIV} at (0,76) size 400x400 [bgcolor=#0000FF]
        RenderText {#text} at (620,189) size 4x19
          text run at (620,189) width 4: " "
        RenderIFrame {IFRAME} at (0,209) size 204x204 [border: (2px inset #000000)]
          layer at (0,0) size 408x492
            RenderView at (0,0) size 185x185
          layer at (0,0) size 185x492
            RenderBlock {HTML} at (0,0) size 185x492
              RenderBody {BODY} at (8,8) size 169x476
                RenderBlock {P} at (0,0) size 169x60
                  RenderText {#text} at (0,0) size 167x59
                    text run at (0,0) width 167: "This page is large enough to"
                    text run at (0,20) width 140: "need to be scrolled in a"
                    text run at (0,40) width 97: "200x200 frame."
                RenderBlock {DIV} at (0,76) size 400x400 [bgcolor=#0000FF]
        RenderText {#text} at (204,398) size 4x19
          text run at (204,398) width 4: " "
        RenderIFrame {IFRAME} at (208,209) size 204x204 [border: (2px inset #000000)]
          layer at (0,0) size 408x492
            RenderView at (0,0) size 185x185
          layer at (0,0) size 185x492
            RenderBlock {HTML} at (0,0) size 185x492
              RenderBody {BODY} at (8,8) size 169x476
                RenderBlock {P} at (0,0) size 169x60
                  RenderText {#text} at (0,0) size 167x59
                    text run at (0,0) width 167: "This page is large enough to"
                    text run at (0,20) width 140: "need to be scrolled in a"
                    text run at (0,40) width 97: "200x200 frame."
                RenderBlock {DIV} at (0,76) size 400x400 [bgcolor=#0000FF]
        RenderText {#text} at (412,398) size 4x19
          text run at (412,398) width 4: " "
        RenderIFrame {IFRAME} at (416,209) size 204x204 [border: (2px inset #000000)]
          layer at (0,0) size 408x492
            RenderView at (0,0) size 200x200
          layer at (0,0) size 200x492
            RenderBlock {HTML} at (0,0) size 200x492
              RenderBody {BODY} at (8,8) size 184x476
                RenderBlock {P} at (0,0) size 184x60
                  RenderText {#text} at (0,0) size 167x59
                    text run at (0,0) width 167: "This page is large enough to"
                    text run at (0,20) width 140: "need to be scrolled in a"
                    text run at (0,40) width 97: "200x200 frame."
                RenderBlock {DIV} at (0,76) size 400x400 [bgcolor=#0000FF]
        RenderText {#text} at (620,398) size 4x19
          text run at (620,398) width 4: " "
        RenderIFrame {IFRAME} at (0,418) size 204x204 [border: (2px inset #000000)]
          layer at (0,0) size 408x492
            RenderView at (0,0) size 185x185
          layer at (0,0) size 185x492
            RenderBlock {HTML} at (0,0) size 185x492
              RenderBody {BODY} at (8,8) size 169x476
                RenderBlock {P} at (0,0) size 169x60
                  RenderText {#text} at (0,0) size 167x59
                    text run at (0,0) width 167: "This page is large enough to"
                    text run at (0,20) width 140: "need to be scrolled in a"
                    text run at (0,40) width 97: "200x200 frame."
                RenderBlock {DIV} at (0,76) size 400x400 [bgcolor=#0000FF]
        RenderText {#text} at (204,607) size 4x19
          text run at (204,607) width 4: " "
        RenderIFrame {IFRAME} at (208,418) size 204x204 [border: (2px inset #000000)]
          layer at (0,0) size 408x492
            RenderView at (0,0) size 185x185
          layer at (0,0) size 185x492
            RenderBlock {HTML} at (0,0) size 185x492
              RenderBody {BODY} at (8,8) size 169x476
                RenderBlock {P} at (0,0) size 169x60
                  RenderText {#text} at (0,0) size 167x59
                    text run at (0,0) width 167: "This page is large enough to"
                    text run at (0,20) width 140: "need to be scrolled in a"
                    text run at (0,40) width 97: "200x200 frame."
                RenderBlock {DIV} at (0,76) size 400x400 [bgcolor=#0000FF]
        RenderText {#text} at (0,0) size 0x0
