layer at (0,0) size 800x600
  RenderView at (0,0) size 800x600
layer at (0,0) size 800x600
  RenderBlock {HTML} at (0,0) size 800x600
    RenderBody {BODY} at (8,8) size 784x576
      RenderBlock (anonymous) at (0,0) size 784x44
        RenderIFrame {IFRAME} at (0,0) size 204x44 [border: (2px inset #000000)]
          layer at (0,0) size 185x42
            RenderView at (0,0) size 185x40
          layer at (0,0) size 185x42
            RenderBlock {HTML} at (0,0) size 185x42
              RenderBody {BODY} at (8,8) size 169x26
                RenderTextControl {INPUT} at (2,2) size 150x22 [bgcolor=#FFFFFF] [border: (2px inset #000000)]
          layer at (12,13) size 146x16
            RenderBlock {DIV} at (2,3) size 146x16
        RenderText {#text} at (0,0) size 0x0
      RenderBlock {P} at (0,60) size 784x26
        RenderText {#text} at (0,3) size 346x19
          text run at (0,3) width 346: "This field should look and act focused. Try to type into it: "
        RenderTextControl {INPUT} at (348,2) size 150x22 [bgcolor=#FFFFFF] [border: (2px inset #000000)]
layer at (358,73) size 146x16
  RenderBlock {DIV} at (2,3) size 146x16
    RenderText {#text} at (0,0) size 36x16
      text run at (0,0) width 36: "PASS"
caret: position 4 of child 0 {#text} of child 0 {DIV} of {#document-fragment} of child 1 {INPUT} of child 3 {P} of body
