layer at (0,0) size 800x600
  RenderView at (0,0) size 800x600
layer at (0,0) size 800x600
  RenderBlock {HTML} at (0,0) size 800x600
    RenderBody {BODY} at (8,8) size 784x584 [bgcolor=#FFFFFF]
      RenderTable {TABLE} at (0,0) size 73x68 [bgcolor=#008000] [border: (1px solid #0000FF)]
        RenderTableSection {TBODY} at (1,1) size 71x66
          RenderTableRow {TR} at (0,0) size 71x22
            RenderTableCell {TD} at (0,0) size 35x22 [bgcolor=#FF0000] [border: (1px solid #0000FF)] [r=0 c=0 rs=1 cs=1]
              RenderText {#text} at (2,2) size 27x18
                text run at (2,2) width 27: "asdf"
            RenderTableCell {TD} at (34,0) size 37x22 [border: (1px solid #0000FF)] [r=0 c=1 rs=1 cs=1]
              RenderText {#text} at (2,2) size 32x18
                text run at (2,2) width 32: "qwer"
          RenderTableRow {TR} at (0,22) size 71x22
            RenderTableCell {TD} at (0,22) size 35x22 [bgcolor=#FF0000] [border: (1px solid #0000FF)] [r=1 c=0 rs=1 cs=1]
              RenderText {#text} at (2,2) size 27x18
                text run at (2,2) width 27: "fdsa"
            RenderTableCell {TD} at (34,22) size 37x22 [bgcolor=#FF0000] [border: (1px solid #0000FF)] [r=1 c=1 rs=1 cs=1]
              RenderText {#text} at (2,2) size 32x18
                text run at (2,2) width 32: "rewq"
          RenderTableRow {TR} at (0,44) size 71x22
            RenderTableCell {TD} at (0,44) size 35x22 [border: (1px solid #0000FF)] [r=2 c=0 rs=1 cs=1]
              RenderText {#text} at (2,2) size 31x18
                text run at (2,2) width 31: "zxcv"
            RenderTableCell {TD} at (34,44) size 37x22 [border: (1px solid #0000FF)] [r=2 c=1 rs=1 cs=1]
              RenderText {#text} at (2,2) size 29x18
                text run at (2,2) width 29: "uiop"
