layer at (0,0) size 800x600
  RenderView at (0,0) size 800x600
layer at (0,0) size 800x600
  RenderBlock {HTML} at (0,0) size 800x600
    RenderBody {BODY} at (8,8) size 784x576
      RenderBlock {BLOCKQUOTE} at (40,0) size 704x118
        RenderBlock {CENTER} at (0,0) size 704x118
          RenderTable {TABLE} at (297,0) size 110x80 [border: (2px none #808080)]
            RenderTableSection {TBODY} at (2,2) size 104x75
              RenderTableRow {TR} at (0,0) size 104x25
                RenderTableCell {TD} at (0,0) size 37x25 [border: (3px groove #0000FF)] [r=0 c=0 rs=1 cs=1]
                  RenderText {#text} at (4,4) size 29x18
                    text run at (4,4) width 29: "EST"
                RenderTableCell {TD} at (36,0) size 68x25 [border: (3px groove #0000FF)] [r=0 c=1 rs=1 cs=1]
                  RenderText {#text} at (4,4) size 60x18
                    text run at (4,4) width 60: "9:00 a.m."
              RenderTableRow {TR} at (0,25) size 104x25
                RenderTableCell {TD} at (0,25) size 37x25 [border: (3px groove #0000FF)] [r=1 c=0 rs=1 cs=1]
                  RenderText {#text} at (4,4) size 30x18
                    text run at (4,4) width 30: "CST"
                RenderTableCell {TD} at (36,25) size 68x25 [border: (3px groove #0000FF)] [r=1 c=1 rs=1 cs=1]
                  RenderText {#text} at (4,4) size 60x18
                    text run at (4,4) width 60: "8:00 a.m."
              RenderTableRow {TR} at (0,50) size 104x25
                RenderTableCell {TD} at (0,50) size 37x25 [border: (3px groove #0000FF)] [r=2 c=0 rs=1 cs=1]
                  RenderText {#text} at (4,4) size 28x18
                    text run at (4,4) width 28: "PST"
                RenderTableCell {TD} at (36,50) size 68x25 [border: (3px groove #0000FF)] [r=2 c=1 rs=1 cs=1]
                  RenderText {#text} at (4,4) size 60x18
                    text run at (4,4) width 60: "6:00 a.m."
          RenderBlock {P} at (0,96) size 704x22
            RenderButton {INPUT} at (287,2) size 63x18 [color=#000000D8] [bgcolor=#C0C0C0]
              RenderBlock (anonymous) at (8,2) size 46x13
                RenderText at (0,0) size 46x13
                  text run at (0,0) width 46: "separate"
            RenderText {#text} at (351,1) size 5x18
              text run at (351,1) width 5: " "
            RenderButton {INPUT} at (357,2) size 60x18 [color=#000000D8] [bgcolor=#C0C0C0]
              RenderBlock (anonymous) at (8,2) size 44x13
                RenderText at (0,0) size 44x13
                  text run at (0,0) width 44: "collapse"
