layer at (0,0) size 800x600
  RenderView at (0,0) size 800x600
layer at (0,0) size 800x170
  RenderBlock {HTML} at (0,0) size 800x170
    RenderBody {BODY} at (8,8) size 784x154
      RenderSVGRoot {svg} at (8,8) size 0x0
        RenderSVGResourceFilter {filter} [id="filter"] [filterUnits=objectBoundingBox] [primitiveUnits=userSpaceOnUse]
      RenderText {#text} at (300,136) size 4x17
        text run at (300,136) width 4: " "
      RenderSVGRoot {svg} at (312,8) size 0x0
        RenderSVGForeignObject {foreignObject} at (0,0) size 0x0
          RenderText {#text} at (0,0) size 21x17
            text run at (0,0) width 21: "FO"
      RenderText {#text} at (0,0) size 0x0
