layer at (0,0) size 800x600
  RenderView at (0,0) size 800x600
layer at (0,0) size 800x353
  RenderBlock {HTML} at (0,0) size 800x353
    RenderBody {BODY} at (8,16) size 784x329
      RenderBlock {P} at (0,0) size 784x20
        RenderText {#text} at (0,0) size 473x19
          text run at (0,0) width 473: "You should see a reflected video below, rather than the red video background."
layer at (8,52) size 300x293
  RenderBlock {DIV} at (0,36) size 300x293
    RenderText {#text} at (0,0) size 0x0
layer at (8,52) size 352x288
  RenderVideo {VIDEO} at (0,0) size 352x288 [bgcolor=#FF0000]
