layer at (0,0) size 800x600
  RenderView at (0,0) size 800x600
layer at (0,0) size 800x276
  RenderBlock {HTML} at (0,0) size 800x276
    RenderBody {BODY} at (8,16) size 784x140
      RenderBlock {P} at (0,0) size 784x20
        RenderText {#text} at (0,0) size 258x19
          text run at (0,0) width 258: "Reflection should be masked with gradient."
layer at (28,56) size 100x100
  RenderBlock {DIV} at (20,40) size 100x100 [bgcolor=#008000]
