layer at (0,0) size 800x600
  RenderView at (0,0) size 800x600
layer at (0,0) size 800x308
  RenderBlock {HTML} at (0,0) size 800x308
    RenderBody {BODY} at (8,16) size 784x272
      RenderBlock {P} at (0,0) size 784x20
        RenderText {#text} at (0,0) size 521x19
          text run at (0,0) width 521: "Test transform change on reflected elements. Left and right side should be symmetrical."
layer at (28,56) size 122x232
  RenderBlock {DIV} at (20,40) size 122x232 [border: (1px solid #000000)]
layer at (39,67) size 100x100
  RenderBlock {DIV} at (11,11) size 100x100 [bgcolor=#008000]
    RenderText {#text} at (33,1) size 34x76
      text run at (33,1) width 34: "1"
