layer at (0,0) size 800x600
  RenderView at (0,0) size 800x600
layer at (0,0) size 800x308
  RenderBlock {HTML} at (0,0) size 800x308
    RenderBody {BODY} at (8,16) size 784x272
      RenderBlock {P} at (0,0) size 784x20
        RenderText {#text} at (0,0) size 267x19
          text run at (0,0) width 267: "Left and right sides should look symmetrical."
layer at (68,56) size 122x232
  RenderBlock {DIV} at (60,40) size 122x232 [border: (1px solid #000000)]
layer at (79,67) size 100x100
  RenderBlock {DIV} at (11,11) size 100x100 [bgcolor=#008000]
    RenderText {#text} at (33,1) size 34x76
      text run at (33,1) width 34: "1"
