layer at (0,0) size 800x600
  RenderView at (0,0) size 800x600
layer at (0,0) size 800x328
  RenderBlock {HTML} at (0,0) size 800x328
    RenderBody {BODY} at (8,16) size 784x292
      RenderBlock {P} at (0,0) size 784x40
        RenderText {#text} at (0,0) size 739x39
          text run at (0,0) width 739: "Test transform change on reflected elements, with compositing layers larger than render layers. Left and right side should be"
          text run at (0,20) width 75: "symmetrical."
layer at (28,76) size 122x232
  RenderBlock {DIV} at (20,60) size 122x232 [border: (1px solid #000000)]
layer at (39,87) size 100x100
  RenderBlock {DIV} at (11,11) size 100x100 [bgcolor=#008000]
    RenderText {#text} at (33,1) size 34x76
      text run at (33,1) width 34: "1"
