layer at (0,0) size 800x600
  RenderView at (0,0) size 800x600
layer at (0,0) size 800x328
  RenderBlock {HTML} at (0,0) size 800x328
    RenderBody {BODY} at (8,16) size 784x292
      RenderBlock {P} at (0,0) size 784x40
        RenderText {#text} at (0,0) size 783x39
          text run at (0,0) width 783: "Transform inside nested reflections should be applied correctly. You should see four rotated green boxes, as mirror images of each"
          text run at (0,20) width 35: "other."
layer at (28,76) size 122x232
  RenderBlock {DIV} at (20,60) size 122x232 [border: (1px solid #000000)]
layer at (39,87) size 102x102
  RenderBlock {DIV} at (11,11) size 102x102 [border: (1px solid #000000)]
layer at (50,98) size 80x80
  RenderBlock {DIV} at (11,11) size 80x80 [bgcolor=#008000]
