layer at (0,0) size 800x600
  RenderView at (0,0) size 800x600
layer at (0,0) size 800x50
  RenderBlock {HTML} at (0,0) size 800x50
    RenderBody {BODY} at (8,8) size 784x34
      RenderBlock (anonymous) at (0,0) size 784x18
        RenderInline {P} at (0,0) size 528x16 [color=#FFFFFF] [bgcolor=#FF0000]
          RenderText {#text} at (0,1) size 528x16
            text run at (0,1) width 528: "Ahem_font_required_for_this_test."
        RenderText {#text} at (0,0) size 0x0
      RenderBlock {P} at (0,18) size 784x16
        RenderText {#text} at (0,-1) size 289x18
          text run at (0,-1) width 289: "The following two blocks should be identical."
layer at (8,75) size 204x64
  RenderBlock (positioned) {DIV} at (8,75) size 204x64 [bgcolor=#FFFF00] [border: (2px solid #000000)]
layer at (10,77) size 50x50
  RenderBlock (positioned) {DIV} at (2,2) size 50x50 [bgcolor=#FFA500]
layer at (160,77) size 50x50
  RenderBlock (positioned) {DIV} at (152,2) size 50x50 [bgcolor=#FFA500]
layer at (8,175) size 204x64
  RenderBlock (positioned) {DIV} at (8,175) size 204x64 [bgcolor=#FFFF00] [border: (2px solid #000000)]
    RenderBlock (floating) {DIV} at (2,2) size 50x50 [bgcolor=#FFA500]
    RenderBlock {DIV} at (152,2) size 50x50 [bgcolor=#FFA500]
    RenderText {#text} at (0,0) size 0x0
