layer at (0,0) size 800x600
  RenderView at (0,0) size 800x600
layer at (0,0) size 800x600
  RenderBlock {HTML} at (0,0) size 800x600
    RenderBody {BODY} at (8,8) size 784x584
      RenderText {#text} at (0,0) size 772x36
        text run at (0,0) width 313: "This is a baseline alignment test for inline blocks. "
        text run at (313,0) width 459: "The last lines of the two red-bordered inline blocks should line up and be"
        text run at (0,18) width 102: "on the baseline. "
      RenderBR {BR} at (102,32) size 0x0
      RenderBlock {DIV} at (0,64) size 255x60 [border: (2px solid #FF0000)]
        RenderText {#text} at (12,12) size 81x18
          text run at (12,12) width 81: "This is block"
        RenderBR {BR} at (93,26) size 0x0
        RenderText {#text} at (12,30) size 231x18
          text run at (12,30) width 83: "number one. "
          text run at (95,30) width 148: "This line is the last one."
      RenderText {#text} at (255,94) size 4x18
        text run at (255,94) width 4: " "
      RenderBlock {DIV} at (259,36) size 192x128 [border: (2px solid #FF0000)]
        RenderBlock (anonymous) at (12,12) size 168x36
          RenderText {#text} at (0,0) size 42x18
            text run at (0,0) width 42: "This is"
          RenderBR {BR} at (42,14) size 0x0
          RenderText {#text} at (0,18) size 80x18
            text run at (0,18) width 80: "number two."
        RenderBlock {DIV} at (12,48) size 168x38
          RenderText {#text} at (10,10) size 148x18
            text run at (10,10) width 148: "This line is the last one."
      RenderText {#text} at (451,94) size 139x18
        text run at (451,94) width 139: " More text on the line."
      RenderBR {BR} at (590,108) size 0x0
      RenderText {#text} at (0,164) size 87x18
        text run at (0,164) width 87: "The next line."
