layer at (0,0) size 800x600
  RenderView at (0,0) size 800x600
layer at (0,0) size 800x600
  RenderBlock {HTML} at (0,0) size 800x600
    RenderBody {BODY} at (8,8) size 784x584
      RenderBlock {P} at (0,0) size 784x36
        RenderText {#text} at (0,0) size 104x18
          text run at (0,0) width 104: "This is a test for "
        RenderInline {I} at (0,0) size 754x36
          RenderInline {A} at (0,0) size 348x18 [color=#0000EE]
            RenderText {#text} at (104,0) size 348x18
              text run at (104,0) width 348: "http://bugzilla.opendarwin.org/show_bug.cgi?id=8118"
          RenderText {#text} at (452,0) size 754x36
            text run at (452,0) width 302: " REGRESSION (r13595): Inline block's clipped"
            text run at (0,18) width 225: "overflow increases table row height"
        RenderText {#text} at (225,18) size 4x18
          text run at (225,18) width 4: "."
      RenderBlock {P} at (0,52) size 784x18
        RenderText {#text} at (0,0) size 268x18
          text run at (0,0) width 268: "You should see a green square and no red."
      RenderTable {TABLE} at (0,86) size 100x100 [bgcolor=#FF0000]
        RenderTableSection {TBODY} at (0,0) size 100x100
          RenderTableRow {TR} at (0,0) size 100x100
            RenderTableCell {TD} at (0,0) size 100x100 [r=0 c=0 rs=1 cs=1]
              RenderText {#text} at (0,0) size 0x0
layer at (8,94) size 100x100 scrollHeight 200
  RenderBlock {DIV} at (0,0) size 100x100
    RenderBlock {DIV} at (0,0) size 100x200 [bgcolor=#008000]
