layer at (0,0) size 800x600
  RenderView at (0,0) size 800x600
layer at (0,0) size 800x578
  RenderBlock {HTML} at (0,0) size 800x578
    RenderBody {BODY} at (8,16) size 784x554
      RenderBlock {P} at (0,0) size 784x18
        RenderText {#text} at (0,0) size 501x18
          text run at (0,0) width 501: "-webkit-perspective should take units. All four should look qualitatively similar."
      RenderBlock (anonymous) at (0,34) size 784x520
        RenderText {#text} at (242,158) size 4x18
          text run at (242,158) width 4: " "
        RenderText {#text} at (488,158) size 4x18
          text run at (488,158) width 4: " "
        RenderText {#text} at (734,158) size 4x18
          text run at (734,158) width 4: " "
        RenderBR {BR} at (0,0) size 0x0
        RenderText {#text} at (0,0) size 0x0
layer at (28,60) size 202x152
  RenderBlock {DIV} at (20,10) size 202x152 [border: (1px solid #000000)]
layer at (29,61) size 200x150
  RenderBlock {DIV} at (1,1) size 200x150 [bgcolor=#0000FF]
layer at (274,60) size 202x152
  RenderBlock {DIV} at (266,10) size 202x152 [border: (1px solid #000000)]
layer at (275,61) size 200x150
  RenderBlock {DIV} at (1,1) size 200x150 [bgcolor=#0000FF]
layer at (520,60) size 202x152
  RenderBlock {DIV} at (512,10) size 202x152 [border: (1px solid #000000)]
layer at (521,61) size 200x150
  RenderBlock {DIV} at (1,1) size 200x150 [bgcolor=#0000FF]
layer at (48,246) size 404x304
  RenderBlock {DIV} at (40,196) size 404x304 [border: (2px solid #000000)]
layer at (50,248) size 400x300
  RenderBlock {DIV} at (2,2) size 400x300 [bgcolor=#0000FF]
