layer at (0,0) size 800x1459
  RenderView at (0,0) size 800x600
layer at (0,0) size 800x1459
  RenderBlock {HTML} at (0,0) size 800x1459
    RenderBody {BODY} at (8,8) size 784x1443 [bgcolor=#CCCCCC]
      RenderBlock {P} at (0,0) size 784x20
        RenderText {#text} at (0,0) size 363x19
          text run at (0,0) width 363: "The style declarations which apply to the text below are:"
      RenderBlock {PRE} at (0,36) size 784x154
        RenderText {#text} at (0,0) size 258x154
          text run at (0,0) width 227: ".one {letter-spacing: 0.3in;}"
          text run at (226,0) width 1: " "
          text run at (0,14) width 227: ".two {letter-spacing: 0.5cm;}"
          text run at (226,14) width 1: " "
          text run at (0,28) width 227: ".three {letter-spacing: 5mm;}"
          text run at (226,28) width 1: " "
          text run at (0,42) width 219: ".four {letter-spacing: 3pt;}"
          text run at (218,42) width 1: " "
          text run at (0,56) width 242: ".five {letter-spacing: 0.25pc;}"
          text run at (241,56) width 1: " "
          text run at (0,70) width 211: ".six {letter-spacing: 1em;}"
          text run at (210,70) width 1: " "
          text run at (0,84) width 227: ".seven {letter-spacing: 1ex;}"
          text run at (226,84) width 1: " "
          text run at (0,98) width 227: ".eight {letter-spacing: 5px;}"
          text run at (226,98) width 1: " "
          text run at (0,112) width 242: ".nine {letter-spacing: normal;}"
          text run at (241,112) width 1: " "
          text run at (0,126) width 219: ".ten {letter-spacing: 300%;}"
          text run at (218,126) width 1: " "
          text run at (0,140) width 258: ".eleven {letter-spacing: -0.1em;}"
          text run at (257,140) width 1: " "
      RenderBlock {HR} at (0,203) size 784x2 [border: (1px inset #000000)]
      RenderBlock {P} at (0,221) size 784x80
        RenderText {#text} at (0,0) size 712x79
          text run at (0,0) width 692: "This letters in this"
          text run at (0,20) width 712: "sentence should have"
          text run at (0,40) width 677: "extra space between"
          text run at (0,60) width 180: "them."
      RenderBlock {P} at (0,317) size 784x60
        RenderText {#text} at (0,0) size 723x59
          text run at (0,0) width 723: "This letters in this sentence"
          text run at (0,20) width 588: "should have extra space"
          text run at (0,40) width 339: "between them."
      RenderBlock {P} at (0,393) size 784x60
        RenderText {#text} at (0,0) size 723x59
          text run at (0,0) width 723: "This letters in this sentence"
          text run at (0,20) width 588: "should have extra space"
          text run at (0,40) width 339: "between them."
      RenderBlock {P} at (0,469) size 784x20
        RenderText {#text} at (0,0) size 696x19
          text run at (0,0) width 696: "This letters in this sentence should have extra space between them."
      RenderBlock {P} at (0,505) size 784x20
        RenderText {#text} at (0,0) size 696x19
          text run at (0,0) width 696: "This letters in this sentence should have extra space between them."
      RenderBlock {P} at (0,541) size 784x60
        RenderText {#text} at (0,0) size 706x59
          text run at (0,0) width 639: "This letters in this sentence"
          text run at (0,20) width 706: "should have extra space between"
          text run at (0,40) width 116: "them."
      RenderBlock {P} at (0,617) size 784x40
        RenderText {#text} at (0,0) size 710x39
          text run at (0,0) width 710: "This letters in this sentence should have extra space"
          text run at (0,20) width 187: "between them."
      RenderBlock {P} at (0,673) size 784x40
        RenderText {#text} at (0,0) size 763x39
          text run at (0,0) width 763: "This letters in this sentence should have extra space between them,"
          text run at (0,20) width 440: "but the last few words in the sentence "
        RenderInline {SPAN} at (0,0) size 184x19
          RenderText {#text} at (439,20) size 184x19
            text run at (439,20) width 184: "should show normal spacing"
        RenderText {#text} at (622,20) size 10x19
          text run at (622,20) width 10: "."
      RenderBlock {P} at (0,729) size 784x40
        RenderText {#text} at (0,0) size 746x39
          text run at (0,0) width 746: "This letters in this sentence should have normal space between them, since percentage values are not allowed on this"
          text run at (0,20) width 58: "property."
      RenderBlock {P} at (0,785) size 784x20
        RenderText {#text} at (0,0) size 580x19
          text run at (0,0) width 580: "This letters in this sentence should have reduced space between them, since negative values are allowed on this property."
      RenderTable {TABLE} at (0,821) size 784x622 [border: (1px outset #808080)]
        RenderTableSection {TBODY} at (1,1) size 782x620
          RenderTableRow {TR} at (0,0) size 782x28
            RenderTableCell {TD} at (0,0) size 782x28 [bgcolor=#C0C0C0] [border: (1px inset #808080)] [r=0 c=0 rs=1 cs=2]
              RenderInline {STRONG} at (0,0) size 161x19
                RenderText {#text} at (4,4) size 161x19
                  text run at (4,4) width 161: "TABLE Testing Section"
          RenderTableRow {TR} at (0,28) size 782x592
            RenderTableCell {TD} at (0,310) size 12x28 [bgcolor=#C0C0C0] [border: (1px inset #808080)] [r=1 c=0 rs=1 cs=1]
              RenderText {#text} at (4,4) size 4x19
                text run at (4,4) width 4: " "
            RenderTableCell {TD} at (12,28) size 770x592 [border: (1px inset #808080)] [r=1 c=1 rs=1 cs=1]
              RenderBlock {P} at (4,4) size 762x80
                RenderText {#text} at (0,0) size 712x79
                  text run at (0,0) width 692: "This letters in this"
                  text run at (0,20) width 712: "sentence should have"
                  text run at (0,40) width 677: "extra space between"
                  text run at (0,60) width 180: "them."
              RenderBlock {P} at (4,100) size 762x60
                RenderText {#text} at (0,0) size 723x59
                  text run at (0,0) width 723: "This letters in this sentence"
                  text run at (0,20) width 588: "should have extra space"
                  text run at (0,40) width 339: "between them."
              RenderBlock {P} at (4,176) size 762x60
                RenderText {#text} at (0,0) size 723x59
                  text run at (0,0) width 723: "This letters in this sentence"
                  text run at (0,20) width 588: "should have extra space"
                  text run at (0,40) width 339: "between them."
              RenderBlock {P} at (4,252) size 762x20
                RenderText {#text} at (0,0) size 696x19
                  text run at (0,0) width 696: "This letters in this sentence should have extra space between them."
              RenderBlock {P} at (4,288) size 762x20
                RenderText {#text} at (0,0) size 696x19
                  text run at (0,0) width 696: "This letters in this sentence should have extra space between them."
              RenderBlock {P} at (4,324) size 762x60
                RenderText {#text} at (0,0) size 706x59
                  text run at (0,0) width 639: "This letters in this sentence"
                  text run at (0,20) width 706: "should have extra space between"
                  text run at (0,40) width 116: "them."
              RenderBlock {P} at (4,400) size 762x40
                RenderText {#text} at (0,0) size 710x39
                  text run at (0,0) width 710: "This letters in this sentence should have extra space"
                  text run at (0,20) width 187: "between them."
              RenderBlock {P} at (4,456) size 762x40
                RenderText {#text} at (0,0) size 693x39
                  text run at (0,0) width 693: "This letters in this sentence should have extra space between"
                  text run at (0,20) width 510: "them, but the last few words in the sentence "
                RenderInline {SPAN} at (0,0) size 184x19
                  RenderText {#text} at (509,20) size 184x19
                    text run at (509,20) width 184: "should show normal spacing"
                RenderText {#text} at (692,20) size 10x19
                  text run at (692,20) width 10: "."
              RenderBlock {P} at (4,512) size 762x40
                RenderText {#text} at (0,0) size 746x39
                  text run at (0,0) width 746: "This letters in this sentence should have normal space between them, since percentage values are not allowed on this"
                  text run at (0,20) width 58: "property."
              RenderBlock {P} at (4,568) size 762x20
                RenderText {#text} at (0,0) size 580x19
                  text run at (0,0) width 580: "This letters in this sentence should have reduced space between them, since negative values are allowed on this property."
