layer at (0,0) size 800x947
  RenderView at (0,0) size 800x600
layer at (0,0) size 800x947
  RenderBlock {HTML} at (0,0) size 800x947
    RenderBody {BODY} at (8,8) size 784x931 [bgcolor=#CCCCCC]
      RenderBlock {P} at (0,0) size 784x20
        RenderText {#text} at (0,0) size 363x19
          text run at (0,0) width 363: "The style declarations which apply to the text below are:"
      RenderBlock {PRE} at (0,36) size 784x154
        RenderText {#text} at (0,0) size 227x154
          text run at (0,0) width 211: ".one {word-spacing: 0.3in;}"
          text run at (210,0) width 1: " "
          text run at (0,14) width 211: ".two {word-spacing: 0.5cm;}"
          text run at (210,14) width 1: " "
          text run at (0,28) width 211: ".three {word-spacing: 5mm;}"
          text run at (210,28) width 1: " "
          text run at (0,42) width 203: ".four {word-spacing: 3pt;}"
          text run at (202,42) width 1: " "
          text run at (0,56) width 227: ".five {word-spacing: 0.25pc;}"
          text run at (226,56) width 1: " "
          text run at (0,70) width 196: ".six {word-spacing: 1em;}"
          text run at (195,70) width 1: " "
          text run at (0,84) width 211: ".seven {word-spacing: 1ex;}"
          text run at (210,84) width 1: " "
          text run at (0,98) width 211: ".eight {word-spacing: 5px;}"
          text run at (210,98) width 1: " "
          text run at (0,112) width 227: ".nine {word-spacing: normal;}"
          text run at (226,112) width 1: " "
          text run at (0,126) width 219: ".ten {word-spacing: -0.2em;}"
          text run at (218,126) width 1: " "
          text run at (0,140) width 0: " "
      RenderBlock {HR} at (0,203) size 784x2 [border: (1px inset #000000)]
      RenderBlock {P} at (0,221) size 784x20
        RenderText {#text} at (0,0) size 716x19
          text run at (0,0) width 29: "This"
          text run at (57,0) width 44: " words"
          text run at (129,0) width 17: " in"
          text run at (174,0) width 28: " this"
          text run at (230,0) width 60: " sentence"
          text run at (318,0) width 47: " should"
          text run at (393,0) width 35: " have"
          text run at (456,0) width 37: " extra"
          text run at (521,0) width 40: " space"
          text run at (589,0) width 59: " between"
          text run at (675,0) width 41: " them."
      RenderBlock {P} at (0,257) size 784x20
        RenderText {#text} at (0,0) size 617x19
          text run at (0,0) width 29: "This"
          text run at (47,0) width 44: " words"
          text run at (109,0) width 17: " in"
          text run at (144,0) width 28: " this"
          text run at (190,0) width 60: " sentence"
          text run at (268,0) width 48: " should"
          text run at (334,0) width 35: " have"
          text run at (387,0) width 37: " extra"
          text run at (442,0) width 40: " space"
          text run at (500,0) width 58: " between"
          text run at (576,0) width 41: " them."
      RenderBlock {P} at (0,293) size 784x20
        RenderText {#text} at (0,0) size 617x19
          text run at (0,0) width 29: "This"
          text run at (47,0) width 44: " words"
          text run at (109,0) width 17: " in"
          text run at (144,0) width 28: " this"
          text run at (190,0) width 60: " sentence"
          text run at (268,0) width 48: " should"
          text run at (334,0) width 35: " have"
          text run at (387,0) width 37: " extra"
          text run at (442,0) width 40: " space"
          text run at (500,0) width 58: " between"
          text run at (576,0) width 41: " them."
      RenderBlock {P} at (0,329) size 784x20
        RenderText {#text} at (0,0) size 468x19
          text run at (0,0) width 29: "This"
          text run at (32,0) width 44: " words"
          text run at (79,0) width 17: " in"
          text run at (100,0) width 28: " this"
          text run at (131,0) width 60: " sentence"
          text run at (194,0) width 47: " should"
          text run at (244,0) width 36: " have"
          text run at (283,0) width 37: " extra"
          text run at (323,0) width 40: " space"
          text run at (366,0) width 58: " between"
          text run at (427,0) width 41: " them."
      RenderBlock {P} at (0,365) size 784x20
        RenderText {#text} at (0,0) size 468x19
          text run at (0,0) width 29: "This"
          text run at (32,0) width 44: " words"
          text run at (79,0) width 17: " in"
          text run at (100,0) width 28: " this"
          text run at (131,0) width 60: " sentence"
          text run at (194,0) width 47: " should"
          text run at (244,0) width 36: " have"
          text run at (283,0) width 37: " extra"
          text run at (323,0) width 40: " space"
          text run at (366,0) width 58: " between"
          text run at (427,0) width 41: " them."
      RenderBlock {P} at (0,401) size 784x20
        RenderText {#text} at (0,0) size 588x19
          text run at (0,0) width 29: "This"
          text run at (44,0) width 44: " words"
          text run at (103,0) width 17: " in"
          text run at (136,0) width 28: " this"
          text run at (179,0) width 60: " sentence"
          text run at (254,0) width 47: " should"
          text run at (316,0) width 36: " have"
          text run at (367,0) width 37: " extra"
          text run at (419,0) width 40: " space"
          text run at (474,0) width 58: " between"
          text run at (547,0) width 41: " them."
      RenderBlock {P} at (0,437) size 784x20
        RenderText {#text} at (0,0) size 500x19
          text run at (0,0) width 29: "This"
          text run at (35,0) width 44: " words"
          text run at (85,0) width 18: " in"
          text run at (109,0) width 28: " this"
          text run at (143,0) width 60: " sentence"
          text run at (209,0) width 48: " should"
          text run at (263,0) width 36: " have"
          text run at (305,0) width 37: " extra"
          text run at (348,0) width 40: " space"
          text run at (394,0) width 59: " between"
          text run at (459,0) width 41: " them."
      RenderBlock {P} at (0,473) size 784x40
        RenderText {#text} at (0,0) size 763x19
          text run at (0,0) width 29: "This"
          text run at (33,0) width 44: " words"
          text run at (81,0) width 17: " in"
          text run at (103,0) width 28: " this"
          text run at (135,0) width 60: " sentence"
          text run at (199,0) width 47: " should"
          text run at (250,0) width 36: " have"
          text run at (290,0) width 37: " extra"
          text run at (331,0) width 40: " space"
          text run at (375,0) width 58: " between"
          text run at (437,0) width 41: " them,"
          text run at (482,0) width 26: " but"
          text run at (512,0) width 24: " the"
          text run at (540,0) width 28: " last"
          text run at (572,0) width 29: " few"
          text run at (605,0) width 44: " words"
          text run at (653,0) width 17: " in"
          text run at (674,0) width 25: " the"
          text run at (703,0) width 60: " sentence"
        RenderInline {SPAN} at (0,0) size 180x19
          RenderText {#text} at (0,20) size 180x19
            text run at (0,20) width 180: "should have normal spacing"
        RenderText {#text} at (179,20) size 5x19
          text run at (179,20) width 5: "."
      RenderBlock {P} at (0,529) size 784x20
        RenderText {#text} at (0,0) size 716x19
          text run at (0,0) width 29: "This"
          text run at (25,0) width 44: " words"
          text run at (65,0) width 17: " in"
          text run at (78,0) width 28: " this"
          text run at (102,0) width 60: " sentence"
          text run at (158,0) width 47: " should"
          text run at (201,0) width 35: " have"
          text run at (232,0) width 56: " reduced"
          text run at (284,0) width 40: " space"
          text run at (320,0) width 58: " between"
          text run at (374,0) width 41: " them,"
          text run at (411,0) width 38: " since"
          text run at (445,0) width 59: " negative"
          text run at (500,0) width 45: " values"
          text run at (541,0) width 25: " are"
          text run at (562,0) width 55: " allowed"
          text run at (613,0) width 21: " on"
          text run at (630,0) width 28: " this"
          text run at (654,0) width 62: " property."
      RenderTable {TABLE} at (0,565) size 784x366 [border: (1px outset #808080)]
        RenderTableSection {TBODY} at (1,1) size 782x364
          RenderTableRow {TR} at (0,0) size 782x28
            RenderTableCell {TD} at (0,0) size 783x28 [bgcolor=#C0C0C0] [border: (1px inset #808080)] [r=0 c=0 rs=1 cs=2]
              RenderInline {STRONG} at (0,0) size 161x19
                RenderText {#text} at (4,4) size 161x19
                  text run at (4,4) width 161: "TABLE Testing Section"
          RenderTableRow {TR} at (0,28) size 782x336
            RenderTableCell {TD} at (0,182) size 13x28 [bgcolor=#C0C0C0] [border: (1px inset #808080)] [r=1 c=0 rs=1 cs=1]
              RenderText {#text} at (4,4) size 4x19
                text run at (4,4) width 4: " "
            RenderTableCell {TD} at (12,28) size 771x336 [border: (1px inset #808080)] [r=1 c=1 rs=1 cs=1]
              RenderBlock {P} at (4,4) size 762x20
                RenderText {#text} at (0,0) size 716x19
                  text run at (0,0) width 29: "This"
                  text run at (57,0) width 44: " words"
                  text run at (129,0) width 17: " in"
                  text run at (174,0) width 28: " this"
                  text run at (230,0) width 60: " sentence"
                  text run at (318,0) width 47: " should"
                  text run at (393,0) width 35: " have"
                  text run at (456,0) width 37: " extra"
                  text run at (521,0) width 40: " space"
                  text run at (589,0) width 59: " between"
                  text run at (675,0) width 41: " them."
              RenderBlock {P} at (4,40) size 762x20
                RenderText {#text} at (0,0) size 617x19
                  text run at (0,0) width 29: "This"
                  text run at (47,0) width 44: " words"
                  text run at (109,0) width 17: " in"
                  text run at (144,0) width 28: " this"
                  text run at (190,0) width 60: " sentence"
                  text run at (268,0) width 48: " should"
                  text run at (334,0) width 35: " have"
                  text run at (387,0) width 37: " extra"
                  text run at (442,0) width 40: " space"
                  text run at (500,0) width 58: " between"
                  text run at (576,0) width 41: " them."
              RenderBlock {P} at (4,76) size 762x20
                RenderText {#text} at (0,0) size 617x19
                  text run at (0,0) width 29: "This"
                  text run at (47,0) width 44: " words"
                  text run at (109,0) width 17: " in"
                  text run at (144,0) width 28: " this"
                  text run at (190,0) width 60: " sentence"
                  text run at (268,0) width 48: " should"
                  text run at (334,0) width 35: " have"
                  text run at (387,0) width 37: " extra"
                  text run at (442,0) width 40: " space"
                  text run at (500,0) width 58: " between"
                  text run at (576,0) width 41: " them."
              RenderBlock {P} at (4,112) size 762x20
                RenderText {#text} at (0,0) size 468x19
                  text run at (0,0) width 29: "This"
                  text run at (32,0) width 44: " words"
                  text run at (79,0) width 17: " in"
                  text run at (100,0) width 28: " this"
                  text run at (131,0) width 60: " sentence"
                  text run at (194,0) width 47: " should"
                  text run at (244,0) width 36: " have"
                  text run at (283,0) width 37: " extra"
                  text run at (323,0) width 40: " space"
                  text run at (366,0) width 58: " between"
                  text run at (427,0) width 41: " them."
              RenderBlock {P} at (4,148) size 762x20
                RenderText {#text} at (0,0) size 468x19
                  text run at (0,0) width 29: "This"
                  text run at (32,0) width 44: " words"
                  text run at (79,0) width 17: " in"
                  text run at (100,0) width 28: " this"
                  text run at (131,0) width 60: " sentence"
                  text run at (194,0) width 47: " should"
                  text run at (244,0) width 36: " have"
                  text run at (283,0) width 37: " extra"
                  text run at (323,0) width 40: " space"
                  text run at (366,0) width 58: " between"
                  text run at (427,0) width 41: " them."
              RenderBlock {P} at (4,184) size 762x20
                RenderText {#text} at (0,0) size 588x19
                  text run at (0,0) width 29: "This"
                  text run at (44,0) width 44: " words"
                  text run at (103,0) width 17: " in"
                  text run at (136,0) width 28: " this"
                  text run at (179,0) width 60: " sentence"
                  text run at (254,0) width 47: " should"
                  text run at (316,0) width 36: " have"
                  text run at (367,0) width 37: " extra"
                  text run at (419,0) width 40: " space"
                  text run at (474,0) width 58: " between"
                  text run at (547,0) width 41: " them."
              RenderBlock {P} at (4,220) size 762x20
                RenderText {#text} at (0,0) size 500x19
                  text run at (0,0) width 29: "This"
                  text run at (35,0) width 44: " words"
                  text run at (85,0) width 18: " in"
                  text run at (109,0) width 28: " this"
                  text run at (143,0) width 60: " sentence"
                  text run at (209,0) width 48: " should"
                  text run at (263,0) width 36: " have"
                  text run at (305,0) width 37: " extra"
                  text run at (348,0) width 40: " space"
                  text run at (394,0) width 59: " between"
                  text run at (459,0) width 41: " them."
              RenderBlock {P} at (4,256) size 762x40
                RenderText {#text} at (0,0) size 699x39
                  text run at (0,0) width 29: "This"
                  text run at (33,0) width 44: " words"
                  text run at (81,0) width 17: " in"
                  text run at (103,0) width 28: " this"
                  text run at (135,0) width 60: " sentence"
                  text run at (199,0) width 47: " should"
                  text run at (250,0) width 36: " have"
                  text run at (290,0) width 37: " extra"
                  text run at (331,0) width 40: " space"
                  text run at (375,0) width 58: " between"
                  text run at (437,0) width 41: " them,"
                  text run at (482,0) width 26: " but"
                  text run at (512,0) width 24: " the"
                  text run at (540,0) width 28: " last"
                  text run at (572,0) width 29: " few"
                  text run at (605,0) width 44: " words"
                  text run at (653,0) width 17: " in"
                  text run at (674,0) width 25: " the"
                  text run at (0,20) width 56: "sentence"
                  text run at (60,20) width 5: " "
                RenderInline {SPAN} at (0,0) size 180x19
                  RenderText {#text} at (64,20) size 180x19
                    text run at (64,20) width 180: "should have normal spacing"
                RenderText {#text} at (243,20) size 5x19
                  text run at (243,20) width 5: "."
              RenderBlock {P} at (4,312) size 762x20
                RenderText {#text} at (0,0) size 716x19
                  text run at (0,0) width 29: "This"
                  text run at (25,0) width 44: " words"
                  text run at (65,0) width 17: " in"
                  text run at (78,0) width 28: " this"
                  text run at (102,0) width 60: " sentence"
                  text run at (158,0) width 47: " should"
                  text run at (201,0) width 35: " have"
                  text run at (232,0) width 56: " reduced"
                  text run at (284,0) width 40: " space"
                  text run at (320,0) width 58: " between"
                  text run at (374,0) width 41: " them,"
                  text run at (411,0) width 38: " since"
                  text run at (445,0) width 59: " negative"
                  text run at (500,0) width 45: " values"
                  text run at (541,0) width 25: " are"
                  text run at (562,0) width 55: " allowed"
                  text run at (613,0) width 21: " on"
                  text run at (630,0) width 28: " this"
                  text run at (654,0) width 62: " property."
