layer at (0,0) size 800x600
  RenderView at (0,0) size 800x600
layer at (0,0) size 800x600
  RenderBlock {HTML} at (0,0) size 800x600
    RenderBody {BODY} at (8,8) size 784x576
      RenderBlock {DIV} at (0,0) size 784x20
        RenderInline (generated) at (0,0) size 10x19
          RenderText at (0,0) size 10x19
            text run at (0,0) width 10: "T"
        RenderText {#text} at (9,0) size 264x19
          text run at (9,0) width 264: "HIS TEXT SHOULD BE UPPERCASE."
      RenderBlock {P} at (0,36) size 784x20
        RenderInline (generated) at (0,0) size 273x19
          RenderText at (0,0) size 273x19
            text run at (0,0) width 273: "THIS TEXT SHOULD BE UPPERCASE."
