layer at (0,0) size 800x600
  RenderView at (0,0) size 800x600
layer at (0,0) size 800x250
  RenderBlock {HTML} at (0,0) size 800x250
    RenderBody {BODY} at (8,16) size 784x218
      RenderBlock {P} at (0,0) size 784x20
        RenderText {#text} at (0,0) size 465x19
          text run at (0,0) width 465: "Each link below should display the text \"n(href=n)\" where n is a number"
      RenderBlock {P} at (0,36) size 784x20
        RenderText {#text} at (0,0) size 330x19
          text run at (0,0) width 330: "The href attribute of the last one is changed onload."
      RenderBlock {HR} at (0,72) size 784x2 [border: (1px inset #000000)]
      RenderBlock {P} at (0,90) size 784x20
        RenderInline {A} at (0,0) size 62x19 [color=#0000EE]
          RenderText {#text} at (0,0) size 8x19
            text run at (0,0) width 8: "1"
          RenderInline (generated) at (0,0) size 54x19
            RenderText at (8,0) size 54x19
              text run at (8,0) width 54: "(href=1)"
      RenderBlock {P} at (0,126) size 784x20
        RenderInline {A} at (0,0) size 62x19 [color=#0000EE]
          RenderText {#text} at (0,0) size 8x19
            text run at (0,0) width 8: "2"
          RenderInline (generated) at (0,0) size 54x19
            RenderText at (8,0) size 54x19
              text run at (8,0) width 54: "(href=2)"
      RenderBlock {P} at (0,162) size 784x20
        RenderInline {A} at (0,0) size 62x19 [color=#0000EE]
          RenderText {#text} at (0,0) size 8x19
            text run at (0,0) width 8: "3"
          RenderInline (generated) at (0,0) size 54x19
            RenderText at (8,0) size 54x19
              text run at (8,0) width 54: "(href=3)"
      RenderBlock {P} at (0,198) size 784x20
        RenderInline {A} at (0,0) size 62x19 [color=#0000EE]
          RenderText {#text} at (0,0) size 8x19
            text run at (0,0) width 8: "4"
          RenderInline (generated) at (0,0) size 54x19
            RenderText at (8,0) size 54x19
              text run at (8,0) width 54: "(href=4)"
