layer at (0,0) size 800x600
  RenderView at (0,0) size 800x600
layer at (0,0) size 800x600
  RenderBlock {HTML} at (0,0) size 800x600
    RenderBody {BODY} at (8,16) size 784x568
      RenderBlock {DIV} at (16,0) size 400x120
        RenderBlock (floating) at (2,4) size 56x53
          RenderText at (0,-18) size 56x86
            text run at (0,-18) width 56: "A"
        RenderText {#text} at (59,20) size 399x99
          text run at (59,20) width 317: "n example of first-letter. This letter should span 3"
          text run at (59,40) width 340: "lines of text, and so it should align itself cleanly with"
          text run at (0,60) width 377: "the cap-height of the A lining up with the cap-height of the"
          text run at (0,80) width 395: "first line, and the baseline of the A lining up with the baseline"
          text run at (0,100) width 104: "of the third line."
      RenderBlock {SPAN} at (0,136) size 784x120
        RenderBlock {DIV} at (368,0) size 400x120
          RenderBlock (floating) at (342,4) size 56x53
            RenderText at (0,-18) size 56x86
              text run at (0,-18) width 56: "A"
          RenderText {#text} at (3,20) size 397x99
            text run at (3,20) width 338: "n RTL example of first-letter. This letter should span"
            text run at (21,40) width 320: "3 lines of text, and so it should align itself cleanly"
            text run at (14,60) width 386: "with the cap-height of the A lining up with the cap-height of"
            text run at (38,80) width 362: "the first line, and the baseline of the A lining up with the"
            text run at (240,100) width 5 RTL: "."
            text run at (244,100) width 156: "baseline of the third line"
