layer at (0,0) size 800x600
  RenderView at (0,0) size 800x600
layer at (0,0) size 800x600
  RenderBlock {HTML} at (0,0) size 800x600
    RenderBody {BODY} at (8,16) size 784x568
      RenderBlock {DIV} at (16,0) size 400x100
        RenderBlock (floating) at (2,24) size 34x33
          RenderText at (0,-11) size 34x53
            text run at (0,-11) width 34: "A"
        RenderText {#text} at (37,0) size 398x99
          text run at (37,0) width 352: "n example of first-letter. This letter should span 3 lines"
          text run at (37,20) width 361: "of text, and so it should align itself cleanly with the cap-"
          text run at (37,40) width 356: "height of the A lining up with the cap-height of the first"
          text run at (0,60) width 382: "line, and the baseline of the A lining up with the baseline of"
          text run at (0,80) width 86: "the third line."
      RenderBlock {SPAN} at (0,116) size 784x100
        RenderBlock {DIV} at (368,0) size 400x100
          RenderBlock (floating) at (364,24) size 34x33
            RenderText at (0,-11) size 34x53
              text run at (0,-11) width 34: "A"
          RenderText {#text} at (13,0) size 391x99
            text run at (13,0) width 350: "n RTL example of first-letter. This letter should span 3"
            text run at (22,20) width 341: "lines of text, and so it should align itself cleanly with"
            text run at (9,40) width 354: "the cap-height of the A lining up with the cap-height of"
            text run at (38,60) width 362: "the first line, and the baseline of the A lining up with the"
            text run at (240,80) width 5 RTL: "."
            text run at (244,80) width 156: "baseline of the third line"
