layer at (0,0) size 800x600
  RenderView at (0,0) size 800x600
layer at (0,0) size 800x600
  RenderBlock {HTML} at (0,0) size 800x600
    RenderBody {BODY} at (8,16) size 784x568
      RenderBlock {DIV} at (16,0) size 400x100
        RenderBlock (floating) at (2,4) size 56x53
          RenderText at (0,-18) size 56x86
            text run at (0,-18) width 56: "A"
        RenderText {#text} at (59,0) size 399x99
          text run at (59,0) width 317: "n example of first-letter. This letter should span 3"
          text run at (59,20) width 340: "lines of text, and so it should align itself cleanly with"
          text run at (59,40) width 337: "the cap-height of the A lining up with the cap-height"
          text run at (0,60) width 379: "of the first line, and the baseline of the A lining up with the"
          text run at (0,80) width 160: "baseline of the third line."
      RenderBlock {SPAN} at (0,116) size 784x100
        RenderBlock {DIV} at (368,0) size 400x100
          RenderBlock (floating) at (342,4) size 56x53
            RenderText at (0,-18) size 56x86
              text run at (0,-18) width 56: "A"
          RenderText {#text} at (3,0) size 400x99
            text run at (3,0) width 338: "n RTL example of first-letter. This letter should span"
            text run at (21,20) width 320: "3 lines of text, and so it should align itself cleanly"
            text run at (12,40) width 329: "with the cap-height of the A lining up with the cap-"
            text run at (0,60) width 400: "height of the first line, and the baseline of the A lining up with"
            text run at (216,80) width 5 RTL: "."
            text run at (220,80) width 180: "the baseline of the third line"
