layer at (0,0) size 800x600
  RenderView at (0,0) size 800x600
layer at (0,0) size 800x600
  RenderBlock {HTML} at (0,0) size 800x600
    RenderBody {BODY} at (8,8) size 784x584
      RenderBlock {H1} at (0,0) size 784x38
        RenderText {#text} at (0,1) size 91x36
          text run at (0,1) width 91: "Blocks"
      RenderBlock {DIV} at (0,59) size 784x21
        RenderInline (generated) at (0,0) size 35x19
          RenderText at (0,0) size 35x19
            text run at (0,0) width 35: "Test: "
        RenderText {#text} at (34,0) size 48x19
          text run at (34,0) width 48: "content"
      RenderBlock {DIV} at (0,79) size 784x21
        RenderBlock (generated) at (0,0) size 31x20
          RenderText at (0,0) size 31x19
            text run at (0,0) width 31: "Test:"
        RenderText {#text} at (30,0) size 48x19
          text run at (30,0) width 48: "content"
      RenderBlock {DIV} at (0,99) size 784x21
        RenderTable at (0,0) size 31x20
          RenderTableSection (anonymous) at (0,0) size 31x20
            RenderTableRow (anonymous) at (0,0) size 31x20
              RenderTableCell (anonymous) at (0,0) size 31x20 [r=0 c=0 rs=1 cs=1]
                RenderText at (0,0) size 31x19
                  text run at (0,0) width 31: "Test:"
        RenderText {#text} at (30,0) size 48x19
          text run at (30,0) width 48: "content"
      RenderBlock {H1} at (0,140) size 784x39
        RenderText {#text} at (0,1) size 93x36
          text run at (0,1) width 93: "Inlines"
      RenderBlock (anonymous) at (0,200) size 784x61
        RenderInline {SPAN} at (0,0) size 82x19
          RenderInline (generated) at (0,0) size 35x19
            RenderText at (0,0) size 35x19
              text run at (0,0) width 35: "Test: "
          RenderText {#text} at (34,0) size 48x19
            text run at (34,0) width 48: "content"
        RenderBR {BR} at (81,0) size 1x19
        RenderInline {SPAN} at (0,0) size 78x19
          RenderBlock (generated) at (0,20) size 31x20
            RenderText at (0,0) size 31x19
              text run at (0,0) width 31: "Test:"
          RenderText {#text} at (30,20) size 48x19
            text run at (30,20) width 48: "content"
        RenderBR {BR} at (77,20) size 1x19
        RenderInline {SPAN} at (0,0) size 78x19
          RenderTable at (0,40) size 31x20
            RenderTableSection (anonymous) at (0,0) size 31x20
              RenderTableRow (anonymous) at (0,0) size 31x20
                RenderTableCell (anonymous) at (0,0) size 31x20 [r=0 c=0 rs=1 cs=1]
                  RenderText at (0,0) size 31x19
                    text run at (0,0) width 31: "Test:"
          RenderText {#text} at (30,40) size 48x19
            text run at (30,40) width 48: "content"
        RenderBR {BR} at (77,40) size 1x19
