layer at (0,0) size 800x600
  RenderView at (0,0) size 800x600
layer at (0,0) size 800x600
  RenderBlock {HTML} at (0,0) size 800x600
    RenderBody {BODY} at (8,8) size 784x584
      RenderBlock {P} at (0,0) size 784x20
        RenderText {#text} at (0,0) size 368x19
          text run at (0,0) width 368: "Test dynamic removal of transformed and reflected video"
      RenderBlock (anonymous) at (0,36) size 784x342
        RenderText {#text} at (0,0) size 4x19
          text run at (0,0) width 4: " "
        RenderBR {BR} at (4,0) size 0x19
        RenderText {#text} at (0,161) size 4x19
          text run at (0,161) width 4: " "
        RenderBR {BR} at (210,161) size 0x19
        RenderText {#text} at (0,322) size 4x19
          text run at (0,322) width 4: " "
        RenderBR {BR} at (210,322) size 0x19
layer at (12,64) size 206x156
  RenderVideo {VIDEO} at (4,20) size 206x156 [border: (3px solid #FF0000)]
layer at (12,225) size 206x156
  RenderVideo {VIDEO} at (4,181) size 206x156 [border: (3px solid #FF0000)]
