layer at (0,0) size 800x600
  RenderView at (0,0) size 800x600
layer at (0,0) size 800x600
  RenderBlock {HTML} at (0,0) size 800x600
    RenderBody {BODY} at (12,12) size 776x543
      RenderBlock {P} at (0,0) size 776x30
        RenderText {#text} at (0,1) size 278x28
          text run at (0,1) width 278: "Zoomed video with controls."
layer at (57,87) size 240x180
  RenderVideo {VIDEO} at (45,75) size 240x180
layer at (57,87) size 240x180 scrollWidth 242 scrollHeight 255
  RenderFlexibleBox {DIV} at (0,0) size 240x180
layer at (57,192) size 240x75
  RenderBlock (positioned) {DIV} at (0,105) size 240x75
layer at (57,191) size 242x76 backgroundClip at (57,87) size 240x180 clip at (57,87) size 240x180
  RenderBlock (positioned) {DIV} at (0,-2) size 243x77
layer at (57,192) size 240x75 isolatesBlending
  RenderFlexibleBox {DIV} at (0,0) size 240x75
layer at (63,192) size 66x75 blendMode: plus-darker
  RenderButton {BUTTON} at (6,0) size 66x75 [color=#007AFF] [bgcolor=#000000]
layer at (231,192) size 66x75 blendMode: plus-darker
  RenderButton {BUTTON} at (174,0) size 66x75 [color=#007AFF] [bgcolor=#000000]
layer at (57,312) size 240x180
  RenderVideo {VIDEO} at (45,300) size 240x180
layer at (57,312) size 240x180 scrollWidth 242 scrollHeight 255
  RenderFlexibleBox {DIV} at (0,0) size 240x180
layer at (57,417) size 240x75 backgroundClip at (74,293) size 240x180 clip at (74,293) size 240x180
  RenderBlock (positioned) {DIV} at (0,105) size 240x75
layer at (57,416) size 242x76 backgroundClip at (74,293) size 240x180 clip at (74,293) size 240x180
  RenderBlock (positioned) {DIV} at (0,-2) size 243x77
layer at (57,417) size 240x75 backgroundClip at (74,293) size 240x180 clip at (74,293) size 240x180 isolatesBlending
  RenderFlexibleBox {DIV} at (0,0) size 240x75
layer at (63,417) size 66x75 backgroundClip at (74,293) size 240x180 clip at (74,293) size 240x180 blendMode: plus-darker
  RenderButton {BUTTON} at (6,0) size 66x75 [color=#007AFF] [bgcolor=#000000]
layer at (231,417) size 66x75 backgroundClip at (74,293) size 240x180 clip at (74,293) size 240x180 blendMode: plus-darker
  RenderButton {BUTTON} at (174,0) size 66x75 [color=#007AFF] [bgcolor=#000000]
