layer at (0,0) size 800x764
  RenderView at (0,0) size 800x600
layer at (0,0) size 800x600
  RenderBlock {HTML} at (0,0) size 800x600
    RenderBody {BODY} at (8,8) size 784x584
      RenderBlock {P} at (0,0) size 784x20
        RenderText {#text} at (0,0) size 156x19
          text run at (0,0) width 156: "Test controls placement."
      RenderBlock {DIV} at (0,36) size 784x240
        RenderText {#text} at (0,0) size 0x0
      RenderBlock {DIV} at (0,276) size 784x240
        RenderText {#text} at (0,0) size 0x0
      RenderBlock {DIV} at (0,516) size 784x0
layer at (8,44) size 320x240
  RenderVideo {VIDEO} at (0,0) size 320x240
layer at (8,44) size 320x240 scrollWidth 323 scrollHeight 290
  RenderFlexibleBox {DIV} at (0,0) size 320x240
layer at (8,234) size 320x50
  RenderBlock (positioned) {DIV} at (0,190) size 320x50
layer at (8,233) size 323x51 backgroundClip at (8,44) size 320x240 clip at (8,44) size 320x240
  RenderBlock (positioned) {DIV} at (0,-1) size 324x51
layer at (8,234) size 320x50 isolatesBlending
  RenderFlexibleBox {DIV} at (0,0) size 320x50
layer at (12,234) size 44x50 blendMode: plus-darker
  RenderButton {BUTTON} at (4,0) size 44x50 [color=#007AFF] [bgcolor=#000000]
layer at (56,234) size 228x50
  RenderFlexibleBox {DIV} at (48,0) size 228x50
layer at (56,234) size 37x50 blendMode: plus-darker
  RenderFlexibleBox {DIV} at (0,0) size 37x50
    RenderBlock (anonymous) at (2,16) size 29x18
      RenderText {#text} at (0,0) size 29x17
        text run at (0,0) width 29: "0:00"
layer at (95,255) size 135x8 blendMode: plus-darker
  RenderSlider {INPUT} at (39,21) size 135x8 [color=#909090]
    RenderFlexibleBox {DIV} at (0,0) size 135x8
      RenderBlock {DIV} at (0,-21) size 135x50
layer at (95,234) size 15x50
  RenderBlock {DIV} at (0,0) size 15x50
layer at (232,234) size 46x50 blendMode: plus-darker
  RenderFlexibleBox {DIV} at (176,0) size 46x50
    RenderBlock (anonymous) at (6,16) size 35x18
      RenderText {#text} at (0,0) size 35x17
        text run at (0,0) width 35: "-0:06"
layer at (284,234) size 44x50 blendMode: plus-darker
  RenderButton {BUTTON} at (276,0) size 44x50 [color=#007AFF] [bgcolor=#000000]
layer at (8,284) size 320x240
  RenderVideo {VIDEO} at (0,0) size 320x240
layer at (8,284) size 320x240 scrollWidth 323 scrollHeight 290
  RenderFlexibleBox {DIV} at (0,0) size 320x240
layer at (8,474) size 320x50
  RenderBlock (positioned) {DIV} at (0,190) size 320x50
layer at (8,473) size 323x51 backgroundClip at (8,284) size 320x240 clip at (8,284) size 320x240
  RenderBlock (positioned) {DIV} at (0,-1) size 324x51
layer at (8,474) size 320x50 isolatesBlending
  RenderFlexibleBox {DIV} at (0,0) size 320x50
layer at (12,474) size 44x50 blendMode: plus-darker
  RenderButton {BUTTON} at (4,0) size 44x50 [color=#007AFF] [bgcolor=#000000]
layer at (56,474) size 228x50
  RenderFlexibleBox {DIV} at (48,0) size 228x50
layer at (56,474) size 37x50 blendMode: plus-darker
  RenderFlexibleBox {DIV} at (0,0) size 37x50
    RenderBlock (anonymous) at (2,16) size 29x18
      RenderText {#text} at (0,0) size 29x17
        text run at (0,0) width 29: "0:00"
layer at (95,495) size 135x8 blendMode: plus-darker
  RenderSlider {INPUT} at (39,21) size 135x8 [color=#909090]
    RenderFlexibleBox {DIV} at (0,0) size 135x8
      RenderBlock {DIV} at (0,-21) size 135x50
layer at (95,474) size 15x50
  RenderBlock {DIV} at (0,0) size 15x50
layer at (232,474) size 46x50 blendMode: plus-darker
  RenderFlexibleBox {DIV} at (176,0) size 46x50
    RenderBlock (anonymous) at (6,16) size 35x18
      RenderText {#text} at (0,0) size 35x17
        text run at (0,0) width 35: "-0:06"
layer at (284,474) size 44x50 blendMode: plus-darker
  RenderButton {BUTTON} at (276,0) size 44x50 [color=#007AFF] [bgcolor=#000000]
layer at (8,524) size 320x240
  RenderVideo {VIDEO} at (8,524) size 320x240
layer at (8,524) size 320x240 scrollWidth 323 scrollHeight 290
  RenderFlexibleBox {DIV} at (0,0) size 320x240
layer at (8,714) size 320x50
  RenderBlock (positioned) {DIV} at (0,190) size 320x50
layer at (8,713) size 323x51 backgroundClip at (8,524) size 320x240 clip at (8,524) size 320x240
  RenderBlock (positioned) {DIV} at (0,-1) size 324x51
layer at (8,714) size 320x50 isolatesBlending
  RenderFlexibleBox {DIV} at (0,0) size 320x50
layer at (12,714) size 44x50 blendMode: plus-darker
  RenderButton {BUTTON} at (4,0) size 44x50 [color=#007AFF] [bgcolor=#000000]
layer at (56,714) size 228x50
  RenderFlexibleBox {DIV} at (48,0) size 228x50
layer at (56,714) size 37x50 blendMode: plus-darker
  RenderFlexibleBox {DIV} at (0,0) size 37x50
    RenderBlock (anonymous) at (2,16) size 29x18
      RenderText {#text} at (0,0) size 29x17
        text run at (0,0) width 29: "0:00"
layer at (95,735) size 135x8 blendMode: plus-darker
  RenderSlider {INPUT} at (39,21) size 135x8 [color=#909090]
    RenderFlexibleBox {DIV} at (0,0) size 135x8
      RenderBlock {DIV} at (0,-21) size 135x50
layer at (95,714) size 15x50
  RenderBlock {DIV} at (0,0) size 15x50
layer at (232,714) size 46x50 blendMode: plus-darker
  RenderFlexibleBox {DIV} at (176,0) size 46x50
    RenderBlock (anonymous) at (6,16) size 35x18
      RenderText {#text} at (0,0) size 35x17
        text run at (0,0) width 35: "-0:06"
layer at (284,714) size 44x50 blendMode: plus-darker
  RenderButton {BUTTON} at (276,0) size 44x50 [color=#007AFF] [bgcolor=#000000]
