layer at (0,0) size 785x2319
  RenderView at (0,0) size 785x600
layer at (0,0) size 785x2319
  RenderBlock {HTML} at (0,0) size 785x2319
    RenderBody {BODY} at (8,8) size 769x2303 [bgcolor=#CCCCCC]
      RenderBlock {P} at (0,0) size 769x18
        RenderText {#text} at (0,0) size 355x18
          text run at (0,0) width 355: "The style declarations which apply to the text below are:"
      RenderBlock {PRE} at (0,34) size 769x270
        RenderText {#text} at (0,0) size 536x270
          text run at (0,0) width 344: "P.one {font-size: 14px; line-height: 20px;}"
          text run at (344,0) width 0: " "
          text run at (0,15) width 304: "IMG.onea {vertical-align: text-bottom;"
          text run at (304,15) width 0: " "
          text run at (0,30) width 272: "     width: 200px; height: 200px;}"
          text run at (272,30) width 0: " "
          text run at (0,45) width 520: "IMG.oneb {vertical-align: text-top; width: 200px; height: 200px;}"
          text run at (520,45) width 0: " "
          text run at (0,60) width 0: " "
          text run at (0,75) width 344: "P.two {font-size: 14px; line-height: 20px;}"
          text run at (344,75) width 0: " "
          text run at (0,90) width 536: "IMG.twoa {vertical-align: text-bottom; width: 100px; height: 100px;"
          text run at (536,90) width 0: " "
          text run at (0,105) width 312: "     padding: 5px; border-style: solid;"
          text run at (312,105) width 0: " "
          text run at (0,120) width 312: "     border-width: 10px; margin: 15px;}"
          text run at (312,120) width 0: " "
          text run at (0,135) width 280: "IMG.twob {vertical-align: text-top;"
          text run at (280,135) width 0: " "
          text run at (0,150) width 304: "          width: 100px; height: 100px;"
          text run at (304,150) width 0: " "
          text run at (0,165) width 312: "     padding: 5px; border-style: solid;"
          text run at (312,165) width 0: " "
          text run at (0,180) width 312: "     border-width: 10px; margin: 15px;}"
          text run at (312,180) width 0: " "
          text run at (0,195) width 0: " "
          text run at (0,210) width 480: "IMG.twoc {vertical-align: middle; width: 50px; height: 50px;"
          text run at (480,210) width 0: " "
          text run at (0,225) width 312: "     padding: 5px; border-style: solid;"
          text run at (312,225) width 0: " "
          text run at (0,240) width 320: "     border-width: 10px; margin: -10px;}"
          text run at (320,240) width 0: " "
          text run at (0,255) width 0: " "
      RenderBlock {HR} at (0,317) size 769x2 [border: (1px inset #000000)]
      RenderBlock {P} at (0,333) size 769x463
        RenderText {#text} at (0,1) size 767x239
          text run at (0,1) width 420: "This paragraph should have a font size of 14px and a line height of 20px. "
          text run at (420,1) width 347: "This means that the lines of text within it should be separated"
          text run at (0,21) width 374: "by six pixels, three of which are part of the line-box of each line. "
          text run at (374,21) width 375: "Any images within the paragraph should increase the height of the"
          text run at (0,223) width 296: "line-box so that they fit within the line box, such as "
        RenderImage {IMG} at (296,40) size 200x200
        RenderText {#text} at (496,223) size 28x17
          text run at (496,223) width 28: " and "
        RenderImage {IMG} at (524,223) size 200x200
        RenderText {#text} at (724,223) size 757x238
          text run at (724,223) width 8: ". "
          text run at (732,223) width 25: "This"
          text run at (0,424) width 744: "is additional text to make sure that there is enough room left below the image so that this line does not hit the image that is text-top"
          text run at (0,444) width 45: "aligned."
      RenderBlock {P} at (0,810) size 769x483
        RenderText {#text} at (0,1) size 767x199
          text run at (0,1) width 420: "This paragraph should have a font size of 14px and a line height of 20px. "
          text run at (420,1) width 347: "This means that the lines of text within it should be separated"
          text run at (0,21) width 79: "by six pixels. "
          text run at (79,21) width 652: "Any images within the paragraph should increase the height of the line-box so that they fit, including their padding"
          text run at (0,183) width 396: "(5px), border (10px) and margins (15px) within the line box, such as "
        RenderImage {IMG} at (411,55) size 130x130 [border: (10px solid #000000)]
        RenderText {#text} at (556,183) size 28x17
          text run at (556,183) width 28: " and "
        RenderImage {IMG} at (599,198) size 130x130 [border: (10px solid #000000)]
        RenderText {#text} at (744,183) size 759x257
          text run at (744,183) width 4: "."
          text run at (0,344) width 755: "This is additional text to make sure that there is enough room left below the image so that this line does not hit the image that is text-"
          text run at (0,364) width 71: "top aligned. "
          text run at (71,364) width 683: "It is the outer edge of the margin that should be text-bottom and text-top aligned in this paragraph, so for the first image"
          text run at (0,384) width 759: "the bottom border of the image should begin 15px above the bottom of the text, and for the second image the top border should begin"
          text run at (0,423) width 175: "15px below the top of the text "
        RenderImage {IMG} at (165,393) size 80x80 [border: (10px solid #000000)]
        RenderText {#text} at (235,423) size 755x58
          text run at (235,423) width 8: ". "
          text run at (243,423) width 512: "The last image in this paragraph has -10px margins set on it, so that should pull the text in"
          text run at (0,464) width 443: "toward the image in the vertical direction, and also in the horizontal direction."
      RenderTable {TABLE} at (0,1307) size 769x996 [border: (1px outset #808080)]
        RenderTableSection {TBODY} at (1,1) size 767x994
          RenderTableRow {TR} at (0,0) size 767x26
            RenderTableCell {TD} at (0,0) size 767x26 [bgcolor=#C0C0C0] [border: (1px inset #808080)] [r=0 c=0 rs=1 cs=2]
              RenderInline {STRONG} at (0,0) size 163x18
                RenderText {#text} at (4,4) size 163x18
                  text run at (4,4) width 163: "TABLE Testing Section"
          RenderTableRow {TR} at (0,26) size 767x968
            RenderTableCell {TD} at (0,497) size 12x26 [bgcolor=#C0C0C0] [border: (1px inset #808080)] [r=1 c=0 rs=1 cs=1]
              RenderText {#text} at (4,4) size 4x18
                text run at (4,4) width 4: " "
            RenderTableCell {TD} at (12,26) size 755x968 [border: (1px inset #808080)] [r=1 c=1 rs=1 cs=1]
              RenderBlock {P} at (4,4) size 747x463
                RenderText {#text} at (0,1) size 729x239
                  text run at (0,1) width 420: "This paragraph should have a font size of 14px and a line height of 20px. "
                  text run at (420,1) width 291: "This means that the lines of text within it should be"
                  text run at (0,21) width 430: "separated by six pixels, three of which are part of the line-box of each line. "
                  text run at (430,21) width 299: "Any images within the paragraph should increase the"
                  text run at (0,223) width 372: "height of the line-box so that they fit within the line box, such as "
                RenderImage {IMG} at (372,40) size 200x200
                RenderText {#text} at (572,223) size 28x17
                  text run at (572,223) width 28: " and "
                RenderImage {IMG} at (0,243) size 200x200
                RenderText {#text} at (200,243) size 741x218
                  text run at (200,243) width 8: ". "
                  text run at (208,243) width 533: "This is additional text to make sure that there is enough room left below the image so that this"
                  text run at (0,444) width 285: "line does not hit the image that is text-top aligned."
              RenderBlock {P} at (4,481) size 747x483
                RenderText {#text} at (0,1) size 738x199
                  text run at (0,1) width 420: "This paragraph should have a font size of 14px and a line height of 20px. "
                  text run at (420,1) width 291: "This means that the lines of text within it should be"
                  text run at (0,21) width 135: "separated by six pixels. "
                  text run at (135,21) width 603: "Any images within the paragraph should increase the height of the line-box so that they fit, including their"
                  text run at (0,183) width 445: "padding (5px), border (10px) and margins (15px) within the line box, such as "
                RenderImage {IMG} at (460,55) size 130x130 [border: (10px solid #000000)]
                RenderText {#text} at (605,183) size 28x17
                  text run at (605,183) width 28: " and "
                RenderImage {IMG} at (15,218) size 130x130 [border: (10px solid #000000)]
                RenderText {#text} at (160,203) size 736x237
                  text run at (160,203) width 8: ". "
                  text run at (168,203) width 558: "This is additional text to make sure that there is enough room left below the image so that this line"
                  text run at (0,364) width 264: "does not hit the image that is text-top aligned. "
                  text run at (264,364) width 472: "It is the outer edge of the margin that should be text-bottom and text-top aligned in"
                  text run at (0,384) width 730: "this paragraph, so for the first image the bottom border of the image should begin 15px above the bottom of the text, and for the"
                  text run at (0,423) width 415: "second image the top border should begin 15px below the top of the text "
                RenderImage {IMG} at (405,393) size 80x80 [border: (10px solid #000000)]
                RenderText {#text} at (475,423) size 724x58
                  text run at (475,423) width 8: ". "
                  text run at (483,423) width 241: "The last image in this paragraph has -10px"
                  text run at (0,464) width 714: "margins set on it, so that should pull the text in toward the image in the vertical direction, and also in the horizontal direction."
