layer at (0,0) size 800x600
  RenderView at (0,0) size 800x600
layer at (0,0) size 800x600
  RenderBlock {HTML} at (0,0) size 800x600
    RenderBody {BODY} at (8,8) size 784x576
      RenderBlock {P} at (0,0) size 784x20
        RenderText {#text} at (0,0) size 336x19
          text run at (0,0) width 336: "This tests the rendering of invalid UTF-8 sequences."
      RenderBlock {P} at (0,36) size 784x20
        RenderText {#text} at (0,0) size 511x19
          text run at (0,0) width 511: "The output should be: \"\x{442}??\x{442}\" (with black diamonds in place of question marks)."
      RenderBlock {HR} at (0,72) size 784x2 [border: (1px inset #000000)]
      RenderBlock {P} at (0,90) size 784x20
        RenderText {#text} at (0,0) size 34x19
          text run at (0,0) width 34: "\x{442}\x{FFFD}\x{FFFD}\x{442}"
