layer at (0,0) size 800x600
  RenderView at (0,0) size 800x600
layer at (0,0) size 800x600
  RenderBlock {HTML} at (0,0) size 800x600
    RenderBody {BODY} at (8,8) size 784x584
      RenderBlock {P} at (0,0) size 784x20
        RenderText {#text} at (0,0) size 775x19
          text run at (0,0) width 315: "This tests the use of xmacroman as content type. "
          text run at (314,0) width 461: "You should not see any \"garbage\" characters if xmacroman is supported"
      RenderBlock (anonymous) at (0,36) size 784x60
        RenderText {#text} at (0,0) size 84x19
          text run at (0,0) width 84: "apostrophe: \x{2019}"
        RenderBR {BR} at (83,0) size 1x19
        RenderText {#text} at (0,20) size 70x19
          text run at (0,20) width 70: "ellipsis: \x{2026}"
        RenderBR {BR} at (69,20) size 1x19
        RenderText {#text} at (0,40) size 79x19
          text run at (0,40) width 79: "em-dash: \x{2014}"
