layer at (0,0) size 800x600
  RenderView at (0,0) size 800x600
layer at (0,0) size 800x548
  RenderBlock {HTML} at (0,0) size 800x548
    RenderBody {BODY} at (8,16) size 784x470
      RenderBlock {P} at (0,0) size 784x36
        RenderText {#text} at (0,0) size 157x18
          text run at (0,0) width 157: "Mask version of test for "
        RenderInline {I} at (0,0) size 765x36
          RenderInline {A} at (0,0) size 298x18 [color=#0000EE]
            RenderText {#text} at (156,0) size 298x18
              text run at (156,0) width 298: "http://bugs.webkit.org/show_bug.cgi?id=5399"
          RenderText {#text} at (453,0) size 765x36
            text run at (453,0) width 5: " "
            text run at (457,0) width 308: "no-repeat on negatively positioned fill images is"
            text run at (0,18) width 50: "ignored"
        RenderText {#text} at (49,18) size 5x18
          text run at (49,18) width 5: "."
      RenderBlock {P} at (0,52) size 784x18
        RenderText {#text} at (0,0) size 423x18
          text run at (0,0) width 423: "Element with mask image starting at (-13, -13) with no-repeat set:"
      RenderBlock {P} at (0,132) size 784x18
        RenderText {#text} at (0,0) size 415x18
          text run at (0,0) width 415: "Element with mask image starting at (-13, -13) with repeat-y set:"
      RenderBlock {P} at (0,212) size 784x18
        RenderText {#text} at (0,0) size 415x18
          text run at (0,0) width 415: "Element with mask image starting at (-13, -13) with repeat-x set:"
      RenderBlock {P} at (0,292) size 784x18
        RenderText {#text} at (0,0) size 412x18
          text run at (0,0) width 412: "Element with mask image starting at (13, 13) with no-repeat set:"
      RenderBlock {P} at (0,372) size 784x18
        RenderText {#text} at (0,0) size 404x18
          text run at (0,0) width 404: "Element with mask image starting at (13, 13) with repeat-y set:"
      RenderBlock {P} at (0,452) size 784x18
        RenderText {#text} at (0,0) size 404x18
          text run at (0,0) width 404: "Element with mask image starting at (13, 13) with repeat-x set:"
layer at (14,108) size 34x34
  RenderBlock (floating) {DIV} at (6,92) size 34x34 [bgcolor=#000000] [border: (1px dotted #008000)]
layer at (60,108) size 29x29
  RenderBlock (floating) {DIV} at (52,92) size 29x29 [bgcolor=#000000] [border: (1px dotted #008000)]
layer at (101,108) size 24x24
  RenderBlock (floating) {DIV} at (93,92) size 24x24 [bgcolor=#000000] [border: (1px dotted #008000)]
layer at (14,188) size 34x34
  RenderBlock (floating) {DIV} at (6,172) size 34x34 [bgcolor=#000000] [border: (1px dotted #008000)]
layer at (60,188) size 29x29
  RenderBlock (floating) {DIV} at (52,172) size 29x29 [bgcolor=#000000] [border: (1px dotted #008000)]
layer at (101,188) size 24x24
  RenderBlock (floating) {DIV} at (93,172) size 24x24 [bgcolor=#000000] [border: (1px dotted #008000)]
layer at (14,268) size 34x34
  RenderBlock (floating) {DIV} at (6,252) size 34x34 [bgcolor=#000000] [border: (1px dotted #008000)]
layer at (60,268) size 29x29
  RenderBlock (floating) {DIV} at (52,252) size 29x29 [bgcolor=#000000] [border: (1px dotted #008000)]
layer at (101,268) size 24x24
  RenderBlock (floating) {DIV} at (93,252) size 24x24 [bgcolor=#000000] [border: (1px dotted #008000)]
layer at (14,348) size 34x34
  RenderBlock (floating) {DIV} at (6,332) size 34x34 [bgcolor=#000000] [border: (1px dotted #008000)]
layer at (60,348) size 29x29
  RenderBlock (floating) {DIV} at (52,332) size 29x29 [bgcolor=#000000] [border: (1px dotted #008000)]
layer at (101,348) size 24x24
  RenderBlock (floating) {DIV} at (93,332) size 24x24 [bgcolor=#000000] [border: (1px dotted #008000)]
layer at (14,428) size 34x34
  RenderBlock (floating) {DIV} at (6,412) size 34x34 [bgcolor=#000000] [border: (1px dotted #008000)]
layer at (60,428) size 29x29
  RenderBlock (floating) {DIV} at (52,412) size 29x29 [bgcolor=#000000] [border: (1px dotted #008000)]
layer at (101,428) size 24x24
  RenderBlock (floating) {DIV} at (93,412) size 24x24 [bgcolor=#000000] [border: (1px dotted #008000)]
layer at (14,508) size 34x34
  RenderBlock (floating) {DIV} at (6,492) size 34x34 [bgcolor=#000000] [border: (1px dotted #008000)]
layer at (60,508) size 29x29
  RenderBlock (floating) {DIV} at (52,492) size 29x29 [bgcolor=#000000] [border: (1px dotted #008000)]
layer at (101,508) size 24x24
  RenderBlock (floating) {DIV} at (93,492) size 24x24 [bgcolor=#000000] [border: (1px dotted #008000)]
