layer at (0,0) size 800x600
  RenderView at (0,0) size 800x600
layer at (0,0) size 800x548
  RenderBlock {HTML} at (0,0) size 800x548
    RenderBody {BODY} at (8,16) size 784x470
      RenderBlock {P} at (0,0) size 784x36
        RenderText {#text} at (0,0) size 54x18
          text run at (0,0) width 54: "Test for "
        RenderInline {I} at (0,0) size 730x36
          RenderInline {A} at (0,0) size 297x18 [color=#0000EE]
            RenderText {#text} at (53,0) size 297x18
              text run at (53,0) width 297: "http://bugs.webkit.org/show_bug.cgi?id=5399"
          RenderText {#text} at (349,0) size 730x36
            text run at (349,0) width 5: " "
            text run at (353,0) width 377: "no-repeat on negatively positioned background images are"
            text run at (0,18) width 50: "ignored"
        RenderText {#text} at (49,18) size 5x18
          text run at (49,18) width 5: "."
      RenderBlock {P} at (0,52) size 784x18
        RenderText {#text} at (0,0) size 465x18
          text run at (0,0) width 465: "Element with background image starting at (-13, -13) with no-repeat set:"
      RenderBlock (floating) {DIV} at (6,92) size 34x34 [border: (1px dotted #008000)]
      RenderBlock (floating) {DIV} at (52,92) size 29x29 [border: (1px dotted #008000)]
      RenderBlock (floating) {DIV} at (93,92) size 24x24 [border: (1px dotted #008000)]
      RenderBlock {P} at (0,132) size 784x18
        RenderText {#text} at (0,0) size 457x18
          text run at (0,0) width 457: "Element with background image starting at (-13, -13) with repeat-y set:"
      RenderBlock (floating) {DIV} at (6,172) size 34x34 [border: (1px dotted #008000)]
      RenderBlock (floating) {DIV} at (52,172) size 29x29 [border: (1px dotted #008000)]
      RenderBlock (floating) {DIV} at (93,172) size 24x24 [border: (1px dotted #008000)]
      RenderBlock {P} at (0,212) size 784x18
        RenderText {#text} at (0,0) size 457x18
          text run at (0,0) width 457: "Element with background image starting at (-13, -13) with repeat-x set:"
      RenderBlock (floating) {DIV} at (6,252) size 34x34 [border: (1px dotted #008000)]
      RenderBlock (floating) {DIV} at (52,252) size 29x29 [border: (1px dotted #008000)]
      RenderBlock (floating) {DIV} at (93,252) size 24x24 [border: (1px dotted #008000)]
      RenderBlock {P} at (0,292) size 784x18
        RenderText {#text} at (0,0) size 454x18
          text run at (0,0) width 454: "Element with background image starting at (13, 13) with no-repeat set:"
      RenderBlock (floating) {DIV} at (6,332) size 34x34 [border: (1px dotted #008000)]
      RenderBlock (floating) {DIV} at (52,332) size 29x29 [border: (1px dotted #008000)]
      RenderBlock (floating) {DIV} at (93,332) size 24x24 [border: (1px dotted #008000)]
      RenderBlock {P} at (0,372) size 784x18
        RenderText {#text} at (0,0) size 446x18
          text run at (0,0) width 446: "Element with background image starting at (13, 13) with repeat-y set:"
      RenderBlock (floating) {DIV} at (6,412) size 34x34 [border: (1px dotted #008000)]
      RenderBlock (floating) {DIV} at (52,412) size 29x29 [border: (1px dotted #008000)]
      RenderBlock (floating) {DIV} at (93,412) size 24x24 [border: (1px dotted #008000)]
      RenderBlock {P} at (0,452) size 784x18
        RenderText {#text} at (0,0) size 446x18
          text run at (0,0) width 446: "Element with background image starting at (13, 13) with repeat-x set:"
      RenderBlock (floating) {DIV} at (6,492) size 34x34 [border: (1px dotted #008000)]
      RenderBlock (floating) {DIV} at (52,492) size 29x29 [border: (1px dotted #008000)]
      RenderBlock (floating) {DIV} at (93,492) size 24x24 [border: (1px dotted #008000)]
