layer at (0,0) size 800x600
  RenderView at (0,0) size 800x600
layer at (0,0) size 800x600
  RenderBlock {HTML} at (0,0) size 800x600
    RenderBody {BODY} at (8,8) size 784x576
      RenderBlock {UL} at (0,0) size 784x54
        RenderListItem {LI} at (40,0) size 744x18
          RenderListMarker at (-14,7) size 7x7
          RenderText {#text} at (0,0) size 59x18
            text run at (0,0) width 59: "Item One"
        RenderListItem {LI} at (40,18) size 744x18
          RenderListMarker at (-14,7) size 7x7
          RenderText {#text} at (0,0) size 62x18
            text run at (0,0) width 62: "Item Two"
        RenderListItem {LI} at (40,36) size 744x18
          RenderListMarker at (-14,7) size 7x7
          RenderText {#text} at (0,0) size 69x18
            text run at (0,0) width 69: "Item Three"
