layer at (0,0) size 800x600
  RenderView at (0,0) size 800x600
layer at (0,0) size 800x158
  RenderBlock {html} at (0,0) size 800x158
    RenderBody {body} at (8,16) size 784x134
      RenderBlock {p} at (0,0) size 784x18
        RenderText {#text} at (0,0) size 137x17
          text run at (0,0) width 137: "Test passes if there is "
        RenderInline {strong} at (0,0) size 44x17
          RenderText {#text} at (137,0) size 44x17
            text run at (137,0) width 44: "no red"
        RenderText {#text} at (181,0) size 4x17
          text run at (181,0) width 4: "."
      RenderBlock {div} at (0,34) size 784x100 [color=#FF0000]
        RenderText {#text} at (0,0) size 400x100
          text run at (0,0) width 400: "FAIL"
