layer at (0,0) size 800x600
  RenderView at (0,0) size 800x600
layer at (0,0) size 800x600
  RenderBlock {HTML} at (0,0) size 800x600
    RenderBody {BODY} at (8,8) size 784x584
layer at (8,8) size 64x240
  RenderBlock (floating) {DIV} at (0,0) size 64x240
    RenderText {#text} at (0,1) size 64x16
      text run at (0,1) width 64: "    "
    RenderBR {BR} at (64,1) size 0x16
    RenderText {#text} at (0,17) size 64x16
      text run at (0,17) width 64: "    "
    RenderBR {BR} at (64,17) size 0x16
    RenderText {#text} at (0,33) size 64x16
      text run at (0,33) width 64: "    "
    RenderBR {BR} at (64,33) size 0x16
    RenderText {#text} at (0,49) size 64x16
      text run at (0,49) width 64: "    "
    RenderBR {BR} at (64,49) size 0x16
    RenderText {#text} at (0,65) size 64x16
      text run at (0,65) width 64: "    "
    RenderBR {BR} at (64,65) size 0x16
    RenderText {#text} at (0,81) size 64x16
      text run at (0,81) width 64: "    "
    RenderBR {BR} at (64,81) size 0x16
    RenderText {#text} at (0,97) size 64x16
      text run at (0,97) width 64: "    "
    RenderBR {BR} at (64,97) size 0x16
    RenderText {#text} at (0,113) size 64x16
      text run at (0,113) width 64: "    "
    RenderBR {BR} at (64,113) size 0x16
    RenderText {#text} at (0,129) size 64x16
      text run at (0,129) width 64: "    "
    RenderBR {BR} at (64,129) size 0x16
    RenderText {#text} at (0,145) size 64x16
      text run at (0,145) width 64: "    "
    RenderBR {BR} at (64,145) size 0x16
    RenderText {#text} at (0,161) size 64x16
      text run at (0,161) width 64: "    "
    RenderBR {BR} at (64,161) size 0x16
    RenderText {#text} at (0,177) size 64x16
      text run at (0,177) width 64: "    "
    RenderBR {BR} at (64,177) size 0x16
    RenderText {#text} at (0,193) size 64x16
      text run at (0,193) width 64: "    "
    RenderBR {BR} at (64,193) size 0x16
    RenderText {#text} at (0,209) size 64x16
      text run at (0,209) width 64: "    "
    RenderBR {BR} at (64,209) size 0x16
    RenderText {#text} at (0,225) size 64x16
      text run at (0,225) width 64: "    "
    RenderBR {BR} at (64,225) size 0x16
layer at (87,8) size 64x240
  RenderBlock (floating) {DIV} at (79,0) size 64x240
    RenderText {#text} at (0,1) size 64x16
      text run at (0,1) width 64: "    "
    RenderBR {BR} at (64,1) size 0x16
    RenderText {#text} at (0,17) size 64x16
      text run at (0,17) width 64: "    "
    RenderBR {BR} at (64,17) size 0x16
    RenderText {#text} at (0,33) size 64x16
      text run at (0,33) width 64: "    "
    RenderBR {BR} at (64,33) size 0x16
    RenderText {#text} at (0,49) size 64x16
      text run at (0,49) width 64: "    "
    RenderBR {BR} at (64,49) size 0x16
    RenderText {#text} at (0,65) size 64x16
      text run at (0,65) width 64: "    "
    RenderBR {BR} at (64,65) size 0x16
    RenderText {#text} at (0,81) size 64x16
      text run at (0,81) width 64: "    "
    RenderBR {BR} at (64,81) size 0x16
    RenderText {#text} at (0,97) size 64x16
      text run at (0,97) width 64: "    "
    RenderBR {BR} at (64,97) size 0x16
    RenderText {#text} at (0,113) size 64x16
      text run at (0,113) width 64: "    "
    RenderBR {BR} at (64,113) size 0x16
    RenderText {#text} at (0,129) size 64x16
      text run at (0,129) width 64: "    "
    RenderBR {BR} at (64,129) size 0x16
    RenderText {#text} at (0,145) size 64x16
      text run at (0,145) width 64: "    "
    RenderBR {BR} at (64,145) size 0x16
    RenderText {#text} at (0,161) size 64x16
      text run at (0,161) width 64: "    "
    RenderBR {BR} at (64,161) size 0x16
    RenderText {#text} at (0,177) size 64x16
      text run at (0,177) width 64: "    "
    RenderBR {BR} at (64,177) size 0x16
    RenderText {#text} at (0,193) size 64x16
      text run at (0,193) width 64: "    "
    RenderBR {BR} at (64,193) size 0x16
    RenderText {#text} at (0,209) size 64x16
      text run at (0,209) width 64: "    "
    RenderBR {BR} at (64,209) size 0x16
    RenderText {#text} at (0,225) size 64x16
      text run at (0,225) width 64: "    "
    RenderBR {BR} at (64,225) size 0x16
layer at (171,8) size 64x240
  RenderBlock (floating) {DIV} at (163,0) size 64x240
    RenderText {#text} at (0,1) size 64x16
      text run at (0,1) width 64: "    "
    RenderBR {BR} at (64,1) size 0x16
    RenderText {#text} at (0,17) size 64x16
      text run at (0,17) width 64: "    "
    RenderBR {BR} at (64,17) size 0x16
    RenderText {#text} at (0,33) size 64x16
      text run at (0,33) width 64: "    "
    RenderBR {BR} at (64,33) size 0x16
    RenderText {#text} at (0,49) size 64x16
      text run at (0,49) width 64: "    "
    RenderBR {BR} at (64,49) size 0x16
    RenderText {#text} at (0,65) size 64x16
      text run at (0,65) width 64: "    "
    RenderBR {BR} at (64,65) size 0x16
    RenderText {#text} at (0,81) size 64x16
      text run at (0,81) width 64: "    "
    RenderBR {BR} at (64,81) size 0x16
    RenderText {#text} at (0,97) size 64x16
      text run at (0,97) width 64: "    "
    RenderBR {BR} at (64,97) size 0x16
    RenderText {#text} at (0,113) size 64x16
      text run at (0,113) width 64: "    "
    RenderBR {BR} at (64,113) size 0x16
    RenderText {#text} at (0,129) size 64x16
      text run at (0,129) width 64: "    "
    RenderBR {BR} at (64,129) size 0x16
    RenderText {#text} at (0,145) size 64x16
      text run at (0,145) width 64: "    "
    RenderBR {BR} at (64,145) size 0x16
    RenderText {#text} at (0,161) size 64x16
      text run at (0,161) width 64: "    "
    RenderBR {BR} at (64,161) size 0x16
    RenderText {#text} at (0,177) size 64x16
      text run at (0,177) width 64: "    "
    RenderBR {BR} at (64,177) size 0x16
    RenderText {#text} at (0,193) size 64x16
      text run at (0,193) width 64: "    "
    RenderBR {BR} at (64,193) size 0x16
    RenderText {#text} at (0,209) size 64x16
      text run at (0,209) width 64: "    "
    RenderBR {BR} at (64,209) size 0x16
    RenderText {#text} at (0,225) size 64x16
      text run at (0,225) width 64: "    "
    RenderBR {BR} at (64,225) size 0x16
layer at (257,8) size 64x240
  RenderBlock (floating) {DIV} at (249,0) size 64x240
    RenderText {#text} at (0,1) size 64x16
      text run at (0,1) width 64: "    "
    RenderBR {BR} at (64,1) size 0x16
    RenderText {#text} at (0,17) size 64x16
      text run at (0,17) width 64: "    "
    RenderBR {BR} at (64,17) size 0x16
    RenderText {#text} at (0,33) size 64x16
      text run at (0,33) width 64: "    "
    RenderBR {BR} at (64,33) size 0x16
    RenderText {#text} at (0,49) size 64x16
      text run at (0,49) width 64: "    "
    RenderBR {BR} at (64,49) size 0x16
    RenderText {#text} at (0,65) size 64x16
      text run at (0,65) width 64: "    "
    RenderBR {BR} at (64,65) size 0x16
    RenderText {#text} at (0,81) size 64x16
      text run at (0,81) width 64: "    "
    RenderBR {BR} at (64,81) size 0x16
    RenderText {#text} at (0,97) size 64x16
      text run at (0,97) width 64: "    "
    RenderBR {BR} at (64,97) size 0x16
    RenderText {#text} at (0,113) size 64x16
      text run at (0,113) width 64: "    "
    RenderBR {BR} at (64,113) size 0x16
    RenderText {#text} at (0,129) size 64x16
      text run at (0,129) width 64: "    "
    RenderBR {BR} at (64,129) size 0x16
    RenderText {#text} at (0,145) size 64x16
      text run at (0,145) width 64: "    "
    RenderBR {BR} at (64,145) size 0x16
    RenderText {#text} at (0,161) size 64x16
      text run at (0,161) width 64: "    "
    RenderBR {BR} at (64,161) size 0x16
    RenderText {#text} at (0,177) size 64x16
      text run at (0,177) width 64: "    "
    RenderBR {BR} at (64,177) size 0x16
    RenderText {#text} at (0,193) size 64x16
      text run at (0,193) width 64: "    "
    RenderBR {BR} at (64,193) size 0x16
    RenderText {#text} at (0,209) size 64x16
      text run at (0,209) width 64: "    "
    RenderBR {BR} at (64,209) size 0x16
    RenderText {#text} at (0,225) size 64x16
      text run at (0,225) width 64: "    "
    RenderBR {BR} at (64,225) size 0x16
layer at (351,8) size 64x240
  RenderBlock (floating) {DIV} at (343,0) size 64x240
    RenderText {#text} at (0,1) size 64x16
      text run at (0,1) width 64: "    "
    RenderBR {BR} at (64,1) size 0x16
    RenderText {#text} at (0,17) size 64x16
      text run at (0,17) width 64: "    "
    RenderBR {BR} at (64,17) size 0x16
    RenderText {#text} at (0,33) size 64x16
      text run at (0,33) width 64: "    "
    RenderBR {BR} at (64,33) size 0x16
    RenderText {#text} at (0,49) size 64x16
      text run at (0,49) width 64: "    "
    RenderBR {BR} at (64,49) size 0x16
    RenderText {#text} at (0,65) size 64x16
      text run at (0,65) width 64: "    "
    RenderBR {BR} at (64,65) size 0x16
    RenderText {#text} at (0,81) size 64x16
      text run at (0,81) width 64: "    "
    RenderBR {BR} at (64,81) size 0x16
    RenderText {#text} at (0,97) size 64x16
      text run at (0,97) width 64: "    "
    RenderBR {BR} at (64,97) size 0x16
    RenderText {#text} at (0,113) size 64x16
      text run at (0,113) width 64: "    "
    RenderBR {BR} at (64,113) size 0x16
    RenderText {#text} at (0,129) size 64x16
      text run at (0,129) width 64: "    "
    RenderBR {BR} at (64,129) size 0x16
    RenderText {#text} at (0,145) size 64x16
      text run at (0,145) width 64: "    "
    RenderBR {BR} at (64,145) size 0x16
    RenderText {#text} at (0,161) size 64x16
      text run at (0,161) width 64: "    "
    RenderBR {BR} at (64,161) size 0x16
    RenderText {#text} at (0,177) size 64x16
      text run at (0,177) width 64: "    "
    RenderBR {BR} at (64,177) size 0x16
    RenderText {#text} at (0,193) size 64x16
      text run at (0,193) width 64: "    "
    RenderBR {BR} at (64,193) size 0x16
    RenderText {#text} at (0,209) size 64x16
      text run at (0,209) width 64: "    "
    RenderBR {BR} at (64,209) size 0x16
    RenderText {#text} at (0,225) size 64x16
      text run at (0,225) width 64: "    "
    RenderBR {BR} at (64,225) size 0x16
layer at (460,8) size 64x240
  RenderBlock (floating) {DIV} at (452,0) size 64x240
    RenderText {#text} at (0,1) size 64x16
      text run at (0,1) width 64: "    "
    RenderBR {BR} at (64,1) size 0x16
    RenderText {#text} at (0,17) size 64x16
      text run at (0,17) width 64: "    "
    RenderBR {BR} at (64,17) size 0x16
    RenderText {#text} at (0,33) size 64x16
      text run at (0,33) width 64: "    "
    RenderBR {BR} at (64,33) size 0x16
    RenderText {#text} at (0,49) size 64x16
      text run at (0,49) width 64: "    "
    RenderBR {BR} at (64,49) size 0x16
    RenderText {#text} at (0,65) size 64x16
      text run at (0,65) width 64: "    "
    RenderBR {BR} at (64,65) size 0x16
    RenderText {#text} at (0,81) size 64x16
      text run at (0,81) width 64: "    "
    RenderBR {BR} at (64,81) size 0x16
    RenderText {#text} at (0,97) size 64x16
      text run at (0,97) width 64: "    "
    RenderBR {BR} at (64,97) size 0x16
    RenderText {#text} at (0,113) size 64x16
      text run at (0,113) width 64: "    "
    RenderBR {BR} at (64,113) size 0x16
    RenderText {#text} at (0,129) size 64x16
      text run at (0,129) width 64: "    "
    RenderBR {BR} at (64,129) size 0x16
    RenderText {#text} at (0,145) size 64x16
      text run at (0,145) width 64: "    "
    RenderBR {BR} at (64,145) size 0x16
    RenderText {#text} at (0,161) size 64x16
      text run at (0,161) width 64: "    "
    RenderBR {BR} at (64,161) size 0x16
    RenderText {#text} at (0,177) size 64x16
      text run at (0,177) width 64: "    "
    RenderBR {BR} at (64,177) size 0x16
    RenderText {#text} at (0,193) size 64x16
      text run at (0,193) width 64: "    "
    RenderBR {BR} at (64,193) size 0x16
    RenderText {#text} at (0,209) size 64x16
      text run at (0,209) width 64: "    "
    RenderBR {BR} at (64,209) size 0x16
    RenderText {#text} at (0,225) size 64x16
      text run at (0,225) width 64: "    "
    RenderBR {BR} at (64,225) size 0x16
layer at (579,8) size 64x240
  RenderBlock (floating) {DIV} at (571,0) size 64x240
    RenderText {#text} at (0,1) size 64x16
      text run at (0,1) width 64: "    "
    RenderBR {BR} at (64,1) size 0x16
    RenderText {#text} at (0,17) size 64x16
      text run at (0,17) width 64: "    "
    RenderBR {BR} at (64,17) size 0x16
    RenderText {#text} at (0,33) size 64x16
      text run at (0,33) width 64: "    "
    RenderBR {BR} at (64,33) size 0x16
    RenderText {#text} at (0,49) size 64x16
      text run at (0,49) width 64: "    "
    RenderBR {BR} at (64,49) size 0x16
    RenderText {#text} at (0,65) size 64x16
      text run at (0,65) width 64: "    "
    RenderBR {BR} at (64,65) size 0x16
    RenderText {#text} at (0,81) size 64x16
      text run at (0,81) width 64: "    "
    RenderBR {BR} at (64,81) size 0x16
    RenderText {#text} at (0,97) size 64x16
      text run at (0,97) width 64: "    "
    RenderBR {BR} at (64,97) size 0x16
    RenderText {#text} at (0,113) size 64x16
      text run at (0,113) width 64: "    "
    RenderBR {BR} at (64,113) size 0x16
    RenderText {#text} at (0,129) size 64x16
      text run at (0,129) width 64: "    "
    RenderBR {BR} at (64,129) size 0x16
    RenderText {#text} at (0,145) size 64x16
      text run at (0,145) width 64: "    "
    RenderBR {BR} at (64,145) size 0x16
    RenderText {#text} at (0,161) size 64x16
      text run at (0,161) width 64: "    "
    RenderBR {BR} at (64,161) size 0x16
    RenderText {#text} at (0,177) size 64x16
      text run at (0,177) width 64: "    "
    RenderBR {BR} at (64,177) size 0x16
    RenderText {#text} at (0,193) size 64x16
      text run at (0,193) width 64: "    "
    RenderBR {BR} at (64,193) size 0x16
    RenderText {#text} at (0,209) size 64x16
      text run at (0,209) width 64: "    "
    RenderBR {BR} at (64,209) size 0x16
    RenderText {#text} at (0,225) size 64x16
      text run at (0,225) width 64: "    "
    RenderBR {BR} at (64,225) size 0x16
