layer at (0,0) size 800x600
  RenderView at (0,0) size 800x600
layer at (0,0) size 800x600
  RenderBlock {HTML} at (0,0) size 800x600
    RenderBody {BODY} at (8,8) size 784x584
      RenderBlock {DIV} at (0,0) size 784x176
        RenderBlock {DIV} at (0,24) size 128x144
          RenderText {#text} at (0,0) size 128x32
            text run at (0,0) width 128: "1111"
          RenderBR {BR} at (128,0) size 0x32
          RenderInline {SPAN} at (0,0) size 128x32
            RenderText {#text} at (0,32) size 128x32
              text run at (0,32) width 128: "2222"
          RenderBR {BR} at (128,32) size 0x32
          RenderInline {SPAN} at (0,0) size 128x32 [color=#0000FF]
            RenderText {#text} at (0,80) size 128x32
              text run at (0,80) width 128: "3333"
          RenderBR {BR} at (128,80) size 0x32
          RenderText {#text} at (0,112) size 128x32
            text run at (0,112) width 128: "4444"
        RenderText {#text} at (128,148) size 4x18
          text run at (128,148) width 4: " "
        RenderBlock {DIV} at (132,24) size 128x144
          RenderText {#text} at (0,0) size 128x32
            text run at (0,0) width 128: "1111"
          RenderBR {BR} at (128,0) size 0x32
          RenderInline {SPAN} at (0,0) size 128x32 [color=#008000]
            RenderText {#text} at (0,32) size 128x32
              text run at (0,32) width 128: "2222"
          RenderBR {BR} at (128,32) size 0x32
          RenderInline {SPAN} at (0,0) size 128x32
            RenderText {#text} at (0,80) size 128x32
              text run at (0,80) width 128: "3333"
          RenderBR {BR} at (128,80) size 0x32
          RenderText {#text} at (0,112) size 128x32
            text run at (0,112) width 128: "4444"
        RenderText {#text} at (260,148) size 4x18
          text run at (260,148) width 4: " "
        RenderBlock {DIV} at (264,8) size 128x160
          RenderText {#text} at (0,0) size 128x32
            text run at (0,0) width 128: "1111"
          RenderBR {BR} at (128,0) size 0x32
          RenderInline {SPAN} at (0,0) size 128x32 [color=#008000]
            RenderText {#text} at (0,32) size 128x32
              text run at (0,32) width 128: "2222"
          RenderBR {BR} at (128,32) size 0x32
          RenderInline {SPAN} at (0,0) size 128x32 [color=#0000FF]
            RenderText {#text} at (0,96) size 128x32
              text run at (0,96) width 128: "3333"
          RenderBR {BR} at (128,96) size 0x32
          RenderText {#text} at (0,128) size 128x32
            text run at (0,128) width 128: "4444"
        RenderText {#text} at (0,0) size 0x0
      RenderBlock {DIV} at (0,176) size 784x176
        RenderBlock {DIV} at (0,24) size 128x144
          RenderText {#text} at (0,0) size 128x32
            text run at (0,0) width 128: "1111"
          RenderBR {BR} at (128,0) size 0x32
          RenderInline {SPAN} at (0,0) size 128x32
            RenderText {#text} at (0,32) size 128x32
              text run at (0,32) width 128: "2222"
          RenderBR {BR} at (128,32) size 0x32
          RenderInline {SPAN} at (0,0) size 128x32 [color=#008000]
            RenderText {#text} at (0,80) size 128x32
              text run at (0,80) width 128: "3333"
          RenderBR {BR} at (128,80) size 0x32
          RenderText {#text} at (0,112) size 128x32
            text run at (0,112) width 128: "4444"
        RenderText {#text} at (128,138) size 4x18
          text run at (128,138) width 4: " "
        RenderBlock {DIV} at (132,24) size 128x144
          RenderText {#text} at (0,0) size 128x32
            text run at (0,0) width 128: "1111"
          RenderBR {BR} at (128,0) size 0x32
          RenderInline {SPAN} at (0,0) size 128x32 [color=#0000FF]
            RenderText {#text} at (0,32) size 128x32
              text run at (0,32) width 128: "2222"
          RenderBR {BR} at (128,32) size 0x32
          RenderInline {SPAN} at (0,0) size 128x32
            RenderText {#text} at (0,80) size 128x32
              text run at (0,80) width 128: "3333"
          RenderBR {BR} at (128,80) size 0x32
          RenderText {#text} at (0,112) size 128x32
            text run at (0,112) width 128: "4444"
        RenderText {#text} at (260,138) size 4x18
          text run at (260,138) width 4: " "
        RenderBlock {DIV} at (264,8) size 128x160
          RenderText {#text} at (0,0) size 128x32
            text run at (0,0) width 128: "1111"
          RenderBR {BR} at (128,0) size 0x32
          RenderInline {SPAN} at (0,0) size 128x32 [color=#0000FF]
            RenderText {#text} at (0,32) size 128x32
              text run at (0,32) width 128: "2222"
          RenderBR {BR} at (128,32) size 0x32
          RenderInline {SPAN} at (0,0) size 128x32 [color=#008000]
            RenderText {#text} at (0,96) size 128x32
              text run at (0,96) width 128: "3333"
          RenderBR {BR} at (128,96) size 0x32
          RenderText {#text} at (0,128) size 128x32
            text run at (0,128) width 128: "4444"
        RenderText {#text} at (0,0) size 0x0
