layer at (0,0) size 800x600
  RenderView at (0,0) size 800x600
layer at (0,0) size 800x600
  RenderBlock {HTML} at (0,0) size 800x600
    RenderBody {BODY} at (8,8) size 784x584
      RenderBlock {DIV} at (0,0) size 784x64
        RenderText {#text} at (0,16) size 64x32
          text run at (0,16) width 64: "1 "
        RenderInline {RUBY} at (64,16) size 160x32
          RenderInline (generated) at (64,16) size 160x32
            RenderInline {RB} at (64,16) size 160x32
              RenderText {#text} at (64,16) size 96x32
                text run at (64,16) width 96: "23 "
              RenderInline {SPAN} at (160,16) size 64x32
                RenderText {#text} at (160,16) size 64x32
                  text run at (160,16) width 64: "45"
          RenderBlock {RT} at (64,0) size 160x16
            RenderText {#text} at (56,1) size 48x16
              text run at (56,1) width 48: "678"
        RenderText {#text} at (0,0) size 0x0
      RenderBlock {DIV} at (0,72) size 784x33
        RenderText {#text} at (0,1) size 64x32
          text run at (0,1) width 64: "1 "
        RenderInline {RUBY} at (64,1) size 160x32
          RenderInline (generated) at (64,1) size 160x32
            RenderInline {RB} at (64,1) size 160x32
              RenderText {#text} at (64,1) size 96x32
                text run at (64,1) width 96: "23 "
              RenderInline {SPAN} at (160,1) size 64x32
                RenderText {#text} at (160,1) size 64x32
                  text run at (160,1) width 64: "45"
          RenderBlock {RT} at (64,1) size 160x0
        RenderText {#text} at (0,0) size 0x0
      RenderBlock {DIV} at (0,113) size 784x48
        RenderText {#text} at (0,16) size 64x32
          text run at (0,16) width 64: "1 "
        RenderInline {RUBY} at (64,16) size 160x32
          RenderInline (generated) at (64,16) size 160x32
            RenderInline {RB} at (64,16) size 160x32
              RenderText {#text} at (64,16) size 96x32
                text run at (64,16) width 96: "23 "
              RenderInline {SPAN} at (160,16) size 64x32
                RenderText {#text} at (160,16) size 64x32
                  text run at (160,16) width 64: "45"
          RenderBlock {RT} at (64,0) size 160x16
            RenderText {#text} at (56,1) size 48x16
              text run at (56,1) width 48: "678"
        RenderText {#text} at (0,0) size 0x0
      RenderBlock {DIV} at (0,169) size 784x64
        RenderText {#text} at (0,16) size 64x32
          text run at (0,16) width 64: "1 "
        RenderInline {RUBY} at (64,16) size 160x32
          RenderInline (generated) at (64,16) size 160x32
            RenderInline {RB} at (64,16) size 160x32
              RenderText {#text} at (64,16) size 96x32
                text run at (64,16) width 96: "23 "
              RenderInline {SPAN} at (160,16) size 64x32
                RenderText {#text} at (160,16) size 64x32
                  text run at (160,16) width 64: "45"
          RenderBlock {RT} at (64,48) size 160x16
            RenderText {#text} at (56,-1) size 48x16
              text run at (56,-1) width 48: "678"
        RenderText {#text} at (0,0) size 0x0
      RenderBlock {DIV} at (0,241) size 784x33
        RenderText {#text} at (0,0) size 64x32
          text run at (0,0) width 64: "1 "
        RenderInline {RUBY} at (64,1) size 160x32
          RenderInline (generated) at (64,1) size 160x32
            RenderInline {RB} at (64,1) size 160x32
              RenderText {#text} at (64,0) size 96x32
                text run at (64,0) width 96: "23 "
              RenderInline {SPAN} at (160,1) size 64x32
                RenderText {#text} at (160,0) size 64x32
                  text run at (160,0) width 64: "45"
          RenderBlock {RT} at (64,32) size 160x0
        RenderText {#text} at (0,0) size 0x0
      RenderBlock {DIV} at (0,282) size 784x48
        RenderText {#text} at (0,0) size 64x32
          text run at (0,0) width 64: "1 "
        RenderInline {RUBY} at (64,16) size 160x32
          RenderInline (generated) at (64,16) size 160x32
            RenderInline {RB} at (64,16) size 160x32
              RenderText {#text} at (64,0) size 96x32
                text run at (64,0) width 96: "23 "
              RenderInline {SPAN} at (160,16) size 64x32
                RenderText {#text} at (160,0) size 64x32
                  text run at (160,0) width 64: "45"
          RenderBlock {RT} at (64,32) size 160x16
            RenderText {#text} at (56,-1) size 48x16
              text run at (56,-1) width 48: "678"
        RenderText {#text} at (0,0) size 0x0
