layer at (0,0) size 800x600
  RenderView at (0,0) size 800x600
layer at (0,0) size 800x600
  RenderBlock {HTML} at (0,0) size 800x600
    RenderBody {BODY} at (8,8) size 784x584
      RenderBlock {DIV} at (0,0) size 100x40 [color=#008000] [bgcolor=#FF0000]
        RenderText {#text} at (0,0) size 100x40
          text run at (0,0) width 100: "hen\x{AD}a\x{AD}" + hyphen string "\x{2010}"
          text run at (0,20) width 100: "tion."
      RenderBlock {DIV} at (0,40) size 100x40 [color=#008000] [bgcolor=#FF0000]
        RenderText {#text} at (0,0) size 100x40
          text run at (0,0) width 100: "hena\x{AD}" + hyphen string "\x{2010}"
          text run at (0,20) width 100: "tion."
      RenderBlock {DIV} at (0,80) size 100x20 [color=#008000] [bgcolor=#FF0000]
        RenderText {#text} at (0,0) size 100x20
          text run at (0,0) width 100: "5x5sq"
