layer at (0,0) size 800x600
  RenderView at (0,0) size 800x600
layer at (0,0) size 800x76
  RenderBlock {HTML} at (0,0) size 800x76
    RenderBody {BODY} at (8,8) size 784x60
      RenderBlock {DIV} at (0,0) size 20x40
        RenderCombineText {#text} at (0,0) size 0x0
        RenderInline {SPAN} at (0,0) size 20x0
        RenderCombineText {#text} at (0,20) size 20x20
          text run at (0,20) width 20: "\x{FFFC}"
      RenderBlock (anonymous) at (0,40) size 784x0
        RenderText {#text} at (0,0) size 0x0
        RenderText {#text} at (0,0) size 0x0
      RenderBlock {DIV} at (0,40) size 784x20
        RenderText {#text} at (0,0) size 400x20
          text run at (0,0) width 400: "PASS, did not crash."
