layer at (0,0) size 800x2642
  RenderView at (0,0) size 800x600
layer at (0,0) size 800x2642
  RenderBlock {HTML} at (0,0) size 800x2642
    RenderBody {BODY} at (8,8) size 784x2626
      RenderBlock (anonymous) at (0,0) size 784x40
        RenderBR {BR} at (0,0) size 0x19
        RenderText {#text} at (0,20) size 78x19
          text run at (0,20) width 78: "table - color"
      RenderTable {TABLE} at (0,40) size 70x38 [bgcolor=#FFA500] [border: (1px outset #808080)]
        RenderTableSection {TBODY} at (1,1) size 68x36
          RenderTableRow {TR} at (0,6) size 68x24
            RenderTableCell {TD} at (6,6) size 26x24 [border: (1px inset #808080)] [r=0 c=0 rs=1 cs=1]
              RenderText {#text} at (2,2) size 22x19
                text run at (2,2) width 22: "foo"
            RenderTableCell {TD} at (37,6) size 25x24 [border: (1px inset #808080)] [r=0 c=1 rs=1 cs=1]
              RenderText {#text} at (2,2) size 21x19
                text run at (2,2) width 21: "bar"
      RenderBlock (anonymous) at (0,78) size 784x40
        RenderBR {BR} at (0,0) size 0x19
        RenderText {#text} at (0,20) size 84x19
          text run at (0,20) width 84: "table - image"
      RenderTable {TABLE} at (0,118) size 70x38 [border: (1px outset #808080)]
        RenderTableSection {TBODY} at (1,1) size 68x36
          RenderTableRow {TR} at (0,6) size 68x24
            RenderTableCell {TD} at (6,6) size 26x24 [border: (1px inset #808080)] [r=0 c=0 rs=1 cs=1]
              RenderText {#text} at (2,2) size 22x19
                text run at (2,2) width 22: "foo"
            RenderTableCell {TD} at (37,6) size 25x24 [border: (1px inset #808080)] [r=0 c=1 rs=1 cs=1]
              RenderText {#text} at (2,2) size 21x19
                text run at (2,2) width 21: "bar"
      RenderBlock (anonymous) at (0,156) size 784x40
        RenderBR {BR} at (0,0) size 0x19
        RenderText {#text} at (0,20) size 124x19
          text run at (0,20) width 124: "table - color, image"
      RenderTable {TABLE} at (0,196) size 70x38 [bgcolor=#FFA500] [border: (1px outset #808080)]
        RenderTableSection {TBODY} at (1,1) size 68x36
          RenderTableRow {TR} at (0,6) size 68x24
            RenderTableCell {TD} at (6,6) size 26x24 [border: (1px inset #808080)] [r=0 c=0 rs=1 cs=1]
              RenderText {#text} at (2,2) size 22x19
                text run at (2,2) width 22: "foo"
            RenderTableCell {TD} at (37,6) size 25x24 [border: (1px inset #808080)] [r=0 c=1 rs=1 cs=1]
              RenderText {#text} at (2,2) size 21x19
                text run at (2,2) width 21: "bar"
      RenderBlock (anonymous) at (0,234) size 784x40
        RenderBR {BR} at (0,0) size 0x19
        RenderText {#text} at (0,20) size 70x19
          text run at (0,20) width 70: "cell - color"
      RenderTable {TABLE} at (0,274) size 70x38 [border: (1px outset #808080)]
        RenderTableSection {TBODY} at (1,1) size 68x36
          RenderTableRow {TR} at (0,6) size 68x24
            RenderTableCell {TD} at (6,6) size 26x24 [bgcolor=#FF55DD] [border: (1px inset #808080)] [r=0 c=0 rs=1 cs=1]
              RenderText {#text} at (2,2) size 22x19
                text run at (2,2) width 22: "foo"
            RenderTableCell {TD} at (37,6) size 25x24 [border: (1px inset #808080)] [r=0 c=1 rs=1 cs=1]
              RenderText {#text} at (2,2) size 21x19
                text run at (2,2) width 21: "bar"
      RenderBlock (anonymous) at (0,312) size 784x40
        RenderBR {BR} at (0,0) size 0x19
        RenderText {#text} at (0,20) size 76x19
          text run at (0,20) width 76: "cell - image"
      RenderTable {TABLE} at (0,352) size 70x38 [border: (1px outset #808080)]
        RenderTableSection {TBODY} at (1,1) size 68x36
          RenderTableRow {TR} at (0,6) size 68x24
            RenderTableCell {TD} at (6,6) size 26x24 [border: (1px inset #808080)] [r=0 c=0 rs=1 cs=1]
              RenderText {#text} at (2,2) size 22x19
                text run at (2,2) width 22: "foo"
            RenderTableCell {TD} at (37,6) size 25x24 [border: (1px inset #808080)] [r=0 c=1 rs=1 cs=1]
              RenderText {#text} at (2,2) size 21x19
                text run at (2,2) width 21: "bar"
      RenderBlock (anonymous) at (0,390) size 784x40
        RenderBR {BR} at (0,0) size 0x19
        RenderText {#text} at (0,20) size 116x19
          text run at (0,20) width 116: "cell - color, image"
      RenderTable {TABLE} at (0,430) size 70x38 [border: (1px outset #808080)]
        RenderTableSection {TBODY} at (1,1) size 68x36
          RenderTableRow {TR} at (0,6) size 68x24
            RenderTableCell {TD} at (6,6) size 26x24 [bgcolor=#FF55DD] [border: (1px inset #808080)] [r=0 c=0 rs=1 cs=1]
              RenderText {#text} at (2,2) size 22x19
                text run at (2,2) width 22: "foo"
            RenderTableCell {TD} at (37,6) size 25x24 [border: (1px inset #808080)] [r=0 c=1 rs=1 cs=1]
              RenderText {#text} at (2,2) size 21x19
                text run at (2,2) width 21: "bar"
      RenderBlock (anonymous) at (0,468) size 784x40
        RenderBR {BR} at (0,0) size 0x19
        RenderText {#text} at (0,20) size 156x19
          text run at (0,20) width 156: "table - color; cell - color"
      RenderTable {TABLE} at (0,508) size 70x38 [bgcolor=#FFA500] [border: (1px outset #808080)]
        RenderTableSection {TBODY} at (1,1) size 68x36
          RenderTableRow {TR} at (0,6) size 68x24
            RenderTableCell {TD} at (6,6) size 26x24 [bgcolor=#FF55DD] [border: (1px inset #808080)] [r=0 c=0 rs=1 cs=1]
              RenderText {#text} at (2,2) size 22x19
                text run at (2,2) width 22: "foo"
            RenderTableCell {TD} at (37,6) size 25x24 [border: (1px inset #808080)] [r=0 c=1 rs=1 cs=1]
              RenderText {#text} at (2,2) size 21x19
                text run at (2,2) width 21: "bar"
      RenderBlock (anonymous) at (0,546) size 784x40
        RenderBR {BR} at (0,0) size 0x19
        RenderText {#text} at (0,20) size 162x19
          text run at (0,20) width 162: "table - image; cell - color"
      RenderTable {TABLE} at (0,586) size 70x38 [border: (1px outset #808080)]
        RenderTableSection {TBODY} at (1,1) size 68x36
          RenderTableRow {TR} at (0,6) size 68x24
            RenderTableCell {TD} at (6,6) size 26x24 [bgcolor=#FF55DD] [border: (1px inset #808080)] [r=0 c=0 rs=1 cs=1]
              RenderText {#text} at (2,2) size 22x19
                text run at (2,2) width 22: "foo"
            RenderTableCell {TD} at (37,6) size 25x24 [border: (1px inset #808080)] [r=0 c=1 rs=1 cs=1]
              RenderText {#text} at (2,2) size 21x19
                text run at (2,2) width 21: "bar"
      RenderBlock (anonymous) at (0,624) size 784x40
        RenderBR {BR} at (0,0) size 0x19
        RenderText {#text} at (0,20) size 168x19
          text run at (0,20) width 168: "table - image; cell - image"
      RenderTable {TABLE} at (0,664) size 70x38 [border: (1px outset #808080)]
        RenderTableSection {TBODY} at (1,1) size 68x36
          RenderTableRow {TR} at (0,6) size 68x24
            RenderTableCell {TD} at (6,6) size 26x24 [border: (1px inset #808080)] [r=0 c=0 rs=1 cs=1]
              RenderText {#text} at (2,2) size 22x19
                text run at (2,2) width 22: "foo"
            RenderTableCell {TD} at (37,6) size 25x24 [border: (1px inset #808080)] [r=0 c=1 rs=1 cs=1]
              RenderText {#text} at (2,2) size 21x19
                text run at (2,2) width 21: "bar"
      RenderBlock (anonymous) at (0,702) size 784x40
        RenderBR {BR} at (0,0) size 0x19
        RenderText {#text} at (0,20) size 104x19
          text run at (0,20) width 104: "row group color"
      RenderTable {TABLE} at (0,742) size 70x38 [border: (1px outset #808080)]
        RenderTableSection {TBODY} at (1,1) size 68x36 [bgcolor=#FF0000]
          RenderTableRow {TR} at (0,6) size 68x24
            RenderTableCell {TD} at (6,6) size 26x24 [border: (1px inset #808080)] [r=0 c=0 rs=1 cs=1]
              RenderText {#text} at (2,2) size 22x19
                text run at (2,2) width 22: "foo"
            RenderTableCell {TD} at (37,6) size 25x24 [border: (1px inset #808080)] [r=0 c=1 rs=1 cs=1]
              RenderText {#text} at (2,2) size 21x19
                text run at (2,2) width 21: "bar"
      RenderBlock (anonymous) at (0,780) size 784x40
        RenderBR {BR} at (0,0) size 0x19
        RenderText {#text} at (0,20) size 104x19
          text run at (0,20) width 104: "row group color"
      RenderTable {TABLE} at (0,820) size 70x68 [border: (1px outset #808080)]
        RenderTableSection {TBODY} at (1,1) size 68x36 [bgcolor=#FF0000]
          RenderTableRow {TR} at (0,6) size 68x24
            RenderTableCell {TD} at (6,6) size 26x24 [border: (1px inset #808080)] [r=0 c=0 rs=1 cs=1]
              RenderText {#text} at (2,2) size 22x19
                text run at (2,2) width 22: "foo"
            RenderTableCell {TD} at (37,6) size 25x24 [border: (1px inset #808080)] [r=0 c=1 rs=1 cs=1]
              RenderText {#text} at (2,2) size 21x19
                text run at (2,2) width 21: "bar"
        RenderTableSection {TBODY} at (1,37) size 68x30
          RenderTableRow {TR} at (0,0) size 68x24
            RenderTableCell {TD} at (6,0) size 26x24 [border: (1px inset #808080)] [r=0 c=0 rs=1 cs=1]
              RenderText {#text} at (2,2) size 22x19
                text run at (2,2) width 22: "foo"
            RenderTableCell {TD} at (37,0) size 25x24 [border: (1px inset #808080)] [r=0 c=1 rs=1 cs=1]
              RenderText {#text} at (2,2) size 21x19
                text run at (2,2) width 21: "bar"
      RenderBlock (anonymous) at (0,888) size 784x40
        RenderBR {BR} at (0,0) size 0x19
        RenderText {#text} at (0,20) size 62x19
          text run at (0,20) width 62: "row color"
      RenderTable {TABLE} at (0,928) size 70x38 [border: (1px outset #808080)]
        RenderTableSection {TBODY} at (1,1) size 68x36
          RenderTableRow {TR} at (0,6) size 68x24 [bgcolor=#FF0000]
            RenderTableCell {TD} at (6,6) size 26x24 [border: (1px inset #808080)] [r=0 c=0 rs=1 cs=1]
              RenderText {#text} at (2,2) size 22x19
                text run at (2,2) width 22: "foo"
            RenderTableCell {TD} at (37,6) size 25x24 [border: (1px inset #808080)] [r=0 c=1 rs=1 cs=1]
              RenderText {#text} at (2,2) size 21x19
                text run at (2,2) width 21: "bar"
      RenderBlock (anonymous) at (0,966) size 784x40
        RenderBR {BR} at (0,0) size 0x19
        RenderText {#text} at (0,20) size 62x19
          text run at (0,20) width 62: "row color"
      RenderTable {TABLE} at (0,1006) size 70x68 [border: (1px outset #808080)]
        RenderTableSection {TBODY} at (1,1) size 68x66
          RenderTableRow {TR} at (0,6) size 68x24 [bgcolor=#FF0000]
            RenderTableCell {TD} at (6,6) size 26x24 [border: (1px inset #808080)] [r=0 c=0 rs=1 cs=1]
              RenderText {#text} at (2,2) size 22x19
                text run at (2,2) width 22: "foo"
            RenderTableCell {TD} at (37,6) size 25x24 [border: (1px inset #808080)] [r=0 c=1 rs=1 cs=1]
              RenderText {#text} at (2,2) size 21x19
                text run at (2,2) width 21: "bar"
          RenderTableRow {TR} at (0,36) size 68x24
            RenderTableCell {TD} at (6,36) size 26x24 [border: (1px inset #808080)] [r=1 c=0 rs=1 cs=1]
              RenderText {#text} at (2,2) size 22x19
                text run at (2,2) width 22: "foo"
            RenderTableCell {TD} at (37,36) size 25x24 [border: (1px inset #808080)] [r=1 c=1 rs=1 cs=1]
              RenderText {#text} at (2,2) size 21x19
                text run at (2,2) width 21: "bar"
      RenderBlock (anonymous) at (0,1074) size 784x40
        RenderBR {BR} at (0,0) size 0x19
        RenderText {#text} at (0,20) size 68x19
          text run at (0,20) width 68: "row image"
      RenderTable {TABLE} at (0,1114) size 70x38 [border: (1px outset #808080)]
        RenderTableSection {TBODY} at (1,1) size 68x36
          RenderTableRow {TR} at (0,6) size 68x24
            RenderTableCell {TD} at (6,6) size 26x24 [border: (1px inset #808080)] [r=0 c=0 rs=1 cs=1]
              RenderText {#text} at (2,2) size 22x19
                text run at (2,2) width 22: "foo"
            RenderTableCell {TD} at (37,6) size 25x24 [border: (1px inset #808080)] [r=0 c=1 rs=1 cs=1]
              RenderText {#text} at (2,2) size 21x19
                text run at (2,2) width 21: "bar"
      RenderBlock (anonymous) at (0,1152) size 784x40
        RenderBR {BR} at (0,0) size 0x19
        RenderText {#text} at (0,20) size 147x19
          text run at (0,20) width 147: "table - color, row color"
      RenderTable {TABLE} at (0,1192) size 70x68 [bgcolor=#FFA500] [border: (1px outset #808080)]
        RenderTableSection {TBODY} at (1,1) size 68x66
          RenderTableRow {TR} at (0,6) size 68x24 [bgcolor=#FF0000]
            RenderTableCell {TD} at (6,6) size 26x24 [border: (1px inset #808080)] [r=0 c=0 rs=1 cs=1]
              RenderText {#text} at (2,2) size 22x19
                text run at (2,2) width 22: "foo"
            RenderTableCell {TD} at (37,6) size 25x24 [border: (1px inset #808080)] [r=0 c=1 rs=1 cs=1]
              RenderText {#text} at (2,2) size 21x19
                text run at (2,2) width 21: "bar"
          RenderTableRow {TR} at (0,36) size 68x24
            RenderTableCell {TD} at (6,36) size 26x24 [border: (1px inset #808080)] [r=1 c=0 rs=1 cs=1]
              RenderText {#text} at (2,2) size 22x19
                text run at (2,2) width 22: "foo"
            RenderTableCell {TD} at (37,36) size 25x24 [border: (1px inset #808080)] [r=1 c=1 rs=1 cs=1]
              RenderText {#text} at (2,2) size 21x19
                text run at (2,2) width 21: "bar"
      RenderBlock (anonymous) at (0,1260) size 784x40
        RenderBR {BR} at (0,0) size 0x19
        RenderText {#text} at (0,20) size 154x19
          text run at (0,20) width 154: "table - image, row color"
      RenderTable {TABLE} at (0,1300) size 70x68 [border: (1px outset #808080)]
        RenderTableSection {TBODY} at (1,1) size 68x66
          RenderTableRow {TR} at (0,6) size 68x24 [bgcolor=#FF0000]
            RenderTableCell {TD} at (6,6) size 26x24 [border: (1px inset #808080)] [r=0 c=0 rs=1 cs=1]
              RenderText {#text} at (2,2) size 22x19
                text run at (2,2) width 22: "foo"
            RenderTableCell {TD} at (37,6) size 25x24 [border: (1px inset #808080)] [r=0 c=1 rs=1 cs=1]
              RenderText {#text} at (2,2) size 21x19
                text run at (2,2) width 21: "bar"
          RenderTableRow {TR} at (0,36) size 68x24
            RenderTableCell {TD} at (6,36) size 26x24 [border: (1px inset #808080)] [r=1 c=0 rs=1 cs=1]
              RenderText {#text} at (2,2) size 22x19
                text run at (2,2) width 22: "foo"
            RenderTableCell {TD} at (37,36) size 25x24 [border: (1px inset #808080)] [r=1 c=1 rs=1 cs=1]
              RenderText {#text} at (2,2) size 21x19
                text run at (2,2) width 21: "bar"
      RenderBlock (anonymous) at (0,1368) size 784x40
        RenderBR {BR} at (0,0) size 0x19
        RenderText {#text} at (0,20) size 154x19
          text run at (0,20) width 154: "table - color; row image"
      RenderTable {TABLE} at (0,1408) size 70x38 [bgcolor=#FFA500] [border: (1px outset #808080)]
        RenderTableSection {TBODY} at (1,1) size 68x36
          RenderTableRow {TR} at (0,6) size 68x24
            RenderTableCell {TD} at (6,6) size 26x24 [border: (1px inset #808080)] [r=0 c=0 rs=1 cs=1]
              RenderText {#text} at (2,2) size 22x19
                text run at (2,2) width 22: "foo"
            RenderTableCell {TD} at (37,6) size 25x24 [border: (1px inset #808080)] [r=0 c=1 rs=1 cs=1]
              RenderText {#text} at (2,2) size 21x19
                text run at (2,2) width 21: "bar"
      RenderBlock (anonymous) at (0,1446) size 784x40
        RenderBR {BR} at (0,0) size 0x19
        RenderText {#text} at (0,20) size 160x19
          text run at (0,20) width 160: "table - image, row image"
      RenderTable {TABLE} at (0,1486) size 70x38 [border: (1px outset #808080)]
        RenderTableSection {TBODY} at (1,1) size 68x36
          RenderTableRow {TR} at (0,6) size 68x24
            RenderTableCell {TD} at (6,6) size 26x24 [border: (1px inset #808080)] [r=0 c=0 rs=1 cs=1]
              RenderText {#text} at (2,2) size 22x19
                text run at (2,2) width 22: "foo"
            RenderTableCell {TD} at (37,6) size 25x24 [border: (1px inset #808080)] [r=0 c=1 rs=1 cs=1]
              RenderText {#text} at (2,2) size 21x19
                text run at (2,2) width 21: "bar"
      RenderBlock (anonymous) at (0,1524) size 784x40
        RenderBR {BR} at (0,0) size 0x19
        RenderText {#text} at (0,20) size 216x19
          text run at (0,20) width 216: "table - color; row color; cell color"
      RenderTable {TABLE} at (0,1564) size 70x68 [bgcolor=#FFA500] [border: (1px outset #808080)]
        RenderTableSection {TBODY} at (1,1) size 68x66
          RenderTableRow {TR} at (0,6) size 68x24 [bgcolor=#FF0000]
            RenderTableCell {TD} at (6,6) size 26x24 [bgcolor=#FF55DD] [border: (1px inset #808080)] [r=0 c=0 rs=1 cs=1]
              RenderText {#text} at (2,2) size 22x19
                text run at (2,2) width 22: "foo"
            RenderTableCell {TD} at (37,6) size 25x24 [border: (1px inset #808080)] [r=0 c=1 rs=1 cs=1]
              RenderText {#text} at (2,2) size 21x19
                text run at (2,2) width 21: "bar"
          RenderTableRow {TR} at (0,36) size 68x24
            RenderTableCell {TD} at (6,36) size 26x24 [border: (1px inset #808080)] [r=1 c=0 rs=1 cs=1]
              RenderText {#text} at (2,2) size 22x19
                text run at (2,2) width 22: "foo"
            RenderTableCell {TD} at (37,36) size 25x24 [border: (1px inset #808080)] [r=1 c=1 rs=1 cs=1]
              RenderText {#text} at (2,2) size 21x19
                text run at (2,2) width 21: "bar"
      RenderBlock (anonymous) at (0,1632) size 784x40
        RenderBR {BR} at (0,0) size 0x19
        RenderText {#text} at (0,20) size 223x19
          text run at (0,20) width 223: "table - image; row color; cell color"
      RenderTable {TABLE} at (0,1672) size 70x68 [border: (1px outset #808080)]
        RenderTableSection {TBODY} at (1,1) size 68x66
          RenderTableRow {TR} at (0,6) size 68x24 [bgcolor=#FF0000]
            RenderTableCell {TD} at (6,6) size 26x24 [bgcolor=#FF55DD] [border: (1px inset #808080)] [r=0 c=0 rs=1 cs=1]
              RenderText {#text} at (2,2) size 22x19
                text run at (2,2) width 22: "foo"
            RenderTableCell {TD} at (37,6) size 25x24 [border: (1px inset #808080)] [r=0 c=1 rs=1 cs=1]
              RenderText {#text} at (2,2) size 21x19
                text run at (2,2) width 21: "bar"
          RenderTableRow {TR} at (0,36) size 68x24
            RenderTableCell {TD} at (6,36) size 26x24 [border: (1px inset #808080)] [r=1 c=0 rs=1 cs=1]
              RenderText {#text} at (2,2) size 22x19
                text run at (2,2) width 22: "foo"
            RenderTableCell {TD} at (37,36) size 25x24 [border: (1px inset #808080)] [r=1 c=1 rs=1 cs=1]
              RenderText {#text} at (2,2) size 21x19
                text run at (2,2) width 21: "bar"
      RenderBlock (anonymous) at (0,1740) size 784x40
        RenderBR {BR} at (0,0) size 0x19
        RenderText {#text} at (0,20) size 223x19
          text run at (0,20) width 223: "table - color; row image; cell color"
      RenderTable {TABLE} at (0,1780) size 70x68 [bgcolor=#FFA500] [border: (1px outset #808080)]
        RenderTableSection {TBODY} at (1,1) size 68x66
          RenderTableRow {TR} at (0,6) size 68x24
            RenderTableCell {TD} at (6,6) size 26x24 [bgcolor=#FF55DD] [border: (1px inset #808080)] [r=0 c=0 rs=1 cs=1]
              RenderText {#text} at (2,2) size 22x19
                text run at (2,2) width 22: "foo"
            RenderTableCell {TD} at (37,6) size 25x24 [border: (1px inset #808080)] [r=0 c=1 rs=1 cs=1]
              RenderText {#text} at (2,2) size 21x19
                text run at (2,2) width 21: "bar"
          RenderTableRow {TR} at (0,36) size 68x24
            RenderTableCell {TD} at (6,36) size 26x24 [border: (1px inset #808080)] [r=1 c=0 rs=1 cs=1]
              RenderText {#text} at (2,2) size 22x19
                text run at (2,2) width 22: "foo"
            RenderTableCell {TD} at (37,36) size 25x24 [border: (1px inset #808080)] [r=1 c=1 rs=1 cs=1]
              RenderText {#text} at (2,2) size 21x19
                text run at (2,2) width 21: "bar"
      RenderBlock (anonymous) at (0,1848) size 784x40
        RenderBR {BR} at (0,0) size 0x19
        RenderText {#text} at (0,20) size 223x19
          text run at (0,20) width 223: "table - color; row color; cell image"
      RenderTable {TABLE} at (0,1888) size 70x68 [bgcolor=#FFA500] [border: (1px outset #808080)]
        RenderTableSection {TBODY} at (1,1) size 68x66
          RenderTableRow {TR} at (0,6) size 68x24 [bgcolor=#FF0000]
            RenderTableCell {TD} at (6,6) size 26x24 [border: (1px inset #808080)] [r=0 c=0 rs=1 cs=1]
              RenderText {#text} at (2,2) size 22x19
                text run at (2,2) width 22: "foo"
            RenderTableCell {TD} at (37,6) size 25x24 [border: (1px inset #808080)] [r=0 c=1 rs=1 cs=1]
              RenderText {#text} at (2,2) size 21x19
                text run at (2,2) width 21: "bar"
          RenderTableRow {TR} at (0,36) size 68x24
            RenderTableCell {TD} at (6,36) size 26x24 [border: (1px inset #808080)] [r=1 c=0 rs=1 cs=1]
              RenderText {#text} at (2,2) size 22x19
                text run at (2,2) width 22: "foo"
            RenderTableCell {TD} at (37,36) size 25x24 [border: (1px inset #808080)] [r=1 c=1 rs=1 cs=1]
              RenderText {#text} at (2,2) size 21x19
                text run at (2,2) width 21: "bar"
      RenderBlock (anonymous) at (0,1956) size 784x40
        RenderBR {BR} at (0,0) size 0x19
        RenderText {#text} at (0,20) size 98x19
          text run at (0,20) width 98: "col group color"
      RenderTable {TABLE} at (0,1996) size 40x38 [border: (1px outset #808080)]
        RenderTableCol {COLGROUP} at (0,0) size 0x0 [bgcolor=#FF0000]
          RenderTableCol {COL} at (0,0) size 0x0
        RenderTableSection {TBODY} at (1,1) size 38x36
          RenderTableRow {TR} at (0,6) size 38x24
            RenderTableCell {TD} at (6,6) size 26x24 [border: (1px inset #808080)] [r=0 c=0 rs=1 cs=1]
              RenderText {#text} at (2,2) size 22x19
                text run at (2,2) width 22: "foo"
      RenderBlock (anonymous) at (0,2034) size 784x40
        RenderBR {BR} at (0,0) size 0x19
        RenderText {#text} at (0,20) size 57x19
          text run at (0,20) width 57: "col color"
      RenderTable {TABLE} at (0,2074) size 40x38 [border: (1px outset #808080)]
        RenderTableCol {COLGROUP} at (0,0) size 0x0
          RenderTableCol {COL} at (0,0) size 0x0 [bgcolor=#FF0000]
        RenderTableSection {TBODY} at (1,1) size 38x36
          RenderTableRow {TR} at (0,6) size 38x24
            RenderTableCell {TD} at (6,6) size 26x24 [border: (1px inset #808080)] [r=0 c=0 rs=1 cs=1]
              RenderText {#text} at (2,2) size 22x19
                text run at (2,2) width 22: "foo"
      RenderBlock (anonymous) at (0,2112) size 784x40
        RenderBR {BR} at (0,0) size 0x19
        RenderText {#text} at (0,20) size 235x19
          text run at (0,20) width 235: "table - image; row image; cell image"
      RenderTable {TABLE} at (0,2152) size 70x68 [border: (1px outset #808080)]
        RenderTableSection {TBODY} at (1,1) size 68x66
          RenderTableRow {TR} at (0,6) size 68x24
            RenderTableCell {TD} at (6,6) size 26x24 [border: (1px inset #808080)] [r=0 c=0 rs=1 cs=1]
              RenderText {#text} at (2,2) size 22x19
                text run at (2,2) width 22: "foo"
            RenderTableCell {TD} at (37,6) size 25x24 [border: (1px inset #808080)] [r=0 c=1 rs=1 cs=1]
              RenderText {#text} at (2,2) size 21x19
                text run at (2,2) width 21: "bar"
          RenderTableRow {TR} at (0,36) size 68x24
            RenderTableCell {TD} at (6,36) size 26x24 [border: (1px inset #808080)] [r=1 c=0 rs=1 cs=1]
              RenderText {#text} at (2,2) size 22x19
                text run at (2,2) width 22: "foo"
            RenderTableCell {TD} at (37,36) size 25x24 [border: (1px inset #808080)] [r=1 c=1 rs=1 cs=1]
              RenderText {#text} at (2,2) size 21x19
                text run at (2,2) width 21: "bar"
      RenderBlock (anonymous) at (0,2220) size 784x40
        RenderBR {BR} at (0,0) size 0x19
        RenderText {#text} at (0,20) size 237x19
          text run at (0,20) width 237: "table - color, tbodies color, row color"
      RenderTable {TABLE} at (0,2260) size 48x102 [bgcolor=#FFA500] [border: (1px outset #808080)]
        RenderTableSection {TBODY} at (7,7) size 34x60 [bgcolor=#FF0000]
          RenderTableRow {TR} at (0,4) size 34x24 [bgcolor=#FFFF00]
            RenderTableCell {TD} at (4,4) size 26x24 [border: (1px inset #808080)] [r=0 c=0 rs=1 cs=1]
              RenderText {#text} at (2,2) size 22x19
                text run at (2,2) width 22: "foo"
          RenderTableRow {TR} at (0,32) size 34x24
            RenderTableCell {TD} at (4,32) size 26x24 [border: (1px inset #808080)] [r=1 c=0 rs=1 cs=1]
              RenderText {#text} at (2,2) size 22x19
                text run at (2,2) width 22: "foo"
        RenderTableSection {TBODY} at (7,67) size 34x28 [bgcolor=#008000]
          RenderTableRow {TR} at (0,0) size 34x24
            RenderTableCell {TD} at (4,0) size 26x24 [border: (1px inset #808080)] [r=0 c=0 rs=1 cs=1]
              RenderText {#text} at (2,2) size 22x19
                text run at (2,2) width 22: "foo"
      RenderBlock (anonymous) at (0,2362) size 784x40
        RenderBR {BR} at (0,0) size 0x19
        RenderText {#text} at (0,20) size 63x19
          text run at (0,20) width 63: "col image"
      RenderTable {TABLE} at (0,2402) size 76x74 [border: (1px outset #808080)]
        RenderTableCol {COLGROUP} at (0,0) size 0x0
          RenderTableCol {COL} at (0,0) size 0x0 [bgcolor=#FF0000]
        RenderTableSection {TBODY} at (7,7) size 62x60
          RenderTableRow {TR} at (0,4) size 62x24
            RenderTableCell {TD} at (4,4) size 26x24 [border: (1px inset #808080)] [r=0 c=0 rs=1 cs=1]
              RenderText {#text} at (2,2) size 22x19
                text run at (2,2) width 22: "foo"
            RenderTableCell {TD} at (33,4) size 25x24 [border: (1px inset #808080)] [r=0 c=1 rs=1 cs=1]
              RenderText {#text} at (2,2) size 21x19
                text run at (2,2) width 21: "bar"
          RenderTableRow {TR} at (0,32) size 62x24
            RenderTableCell {TD} at (4,32) size 26x24 [border: (1px inset #808080)] [r=1 c=0 rs=1 cs=1]
              RenderText {#text} at (2,2) size 22x19
                text run at (2,2) width 22: "foo"
            RenderTableCell {TD} at (33,32) size 25x24 [border: (1px inset #808080)] [r=1 c=1 rs=1 cs=1]
              RenderText {#text} at (2,2) size 21x19
                text run at (2,2) width 21: "bar"
      RenderBlock (anonymous) at (0,2476) size 784x40
        RenderBR {BR} at (0,0) size 0x19
        RenderText {#text} at (0,20) size 378x19
          text run at (0,20) width 378: "table color; col group color; col color; row color; cell color"
      RenderTable {TABLE} at (0,2516) size 122x90 [bgcolor=#FFA500] [border: (1px outset #808080)]
        RenderTableCol {COLGROUP} at (0,0) size 0x0 [bgcolor=#FF0000]
          RenderTableCol {COL} at (0,0) size 0x0 [bgcolor=#FF9999]
          RenderTableCol {COL} at (0,0) size 0x0
        RenderTableCol {COLGROUP} at (0,0) size 0x0 [bgcolor=#0000FF]
          RenderTableCol {COL} at (0,0) size 0x0
          RenderTableCol {COL} at (0,0) size 0x0 [bgcolor=#9999FF]
        RenderTableSection {TBODY} at (1,1) size 120x88
          RenderTableRow {TR} at (0,4) size 120x24 [bgcolor=#FFFF00]
            RenderTableCell {TD} at (4,4) size 26x24 [border: (1px inset #808080)] [r=0 c=0 rs=1 cs=1]
              RenderText {#text} at (2,2) size 22x19
                text run at (2,2) width 22: "foo"
            RenderTableCell {TD} at (33,4) size 25x24 [bgcolor=#FFA500] [border: (1px inset #808080)] [r=0 c=1 rs=1 cs=1]
              RenderText {#text} at (2,2) size 21x19
                text run at (2,2) width 21: "bar"
            RenderTableCell {TD} at (61,4) size 27x24 [border: (1px inset #808080)] [r=0 c=2 rs=1 cs=1]
              RenderText {#text} at (2,2) size 22x19
                text run at (2,2) width 22: "foo"
            RenderTableCell {TD} at (91,4) size 25x24 [border: (1px inset #808080)] [r=0 c=3 rs=1 cs=1]
              RenderText {#text} at (2,2) size 21x19
                text run at (2,2) width 21: "bar"
          RenderTableRow {TR} at (0,32) size 120x24
            RenderTableCell {TD} at (4,32) size 26x24 [border: (1px inset #808080)] [r=1 c=0 rs=1 cs=1]
              RenderText {#text} at (2,2) size 22x19
                text run at (2,2) width 22: "foo"
            RenderTableCell {TD} at (33,32) size 25x24 [border: (1px inset #808080)] [r=1 c=1 rs=1 cs=1]
              RenderText {#text} at (2,2) size 21x19
                text run at (2,2) width 21: "bar"
            RenderTableCell {TD} at (61,32) size 27x24 [border: (1px inset #808080)] [r=1 c=2 rs=1 cs=1]
              RenderText {#text} at (2,2) size 22x19
                text run at (2,2) width 22: "foo"
            RenderTableCell {TD} at (91,32) size 25x24 [border: (1px inset #808080)] [r=1 c=3 rs=1 cs=1]
              RenderText {#text} at (2,2) size 21x19
                text run at (2,2) width 21: "bar"
          RenderTableRow {TR} at (0,60) size 120x24
            RenderTableCell {TD} at (4,60) size 26x24 [border: (1px inset #808080)] [r=2 c=0 rs=1 cs=1]
              RenderText {#text} at (2,2) size 22x19
                text run at (2,2) width 22: "foo"
            RenderTableCell {TD} at (33,60) size 25x24 [border: (1px inset #808080)] [r=2 c=1 rs=1 cs=1]
              RenderText {#text} at (2,2) size 21x19
                text run at (2,2) width 21: "bar"
            RenderTableCell {TD} at (61,60) size 27x24 [border: (1px inset #808080)] [r=2 c=2 rs=1 cs=1]
              RenderText {#text} at (2,2) size 22x19
                text run at (2,2) width 22: "foo"
            RenderTableCell {TD} at (91,60) size 25x24 [border: (1px inset #808080)] [r=2 c=3 rs=1 cs=1]
              RenderText {#text} at (2,2) size 21x19
                text run at (2,2) width 21: "bar"
      RenderBlock (anonymous) at (0,2606) size 784x20
        RenderText {#text} at (0,0) size 20x19
          text run at (0,0) width 20: "-->"
