layer at (0,0) size 800x2519
  RenderView at (0,0) size 800x600
layer at (0,0) size 800x2519
  RenderBlock {HTML} at (0,0) size 800x2520
    RenderBody {BODY} at (8,21) size 784x2491
      RenderBlock {H1} at (0,0) size 784x38
        RenderText {#text} at (0,1) size 538x36
          text run at (0,1) width 538: "Problems with COLSPAN and WIDTH"
      RenderBlock {P} at (0,59) size 784x21
        RenderText {#text} at (0,0) size 260x19
          text run at (0,0) width 260: "Each block of tables should be identical."
      RenderBlock {H2} at (0,99) size 784x31
        RenderText {#text} at (0,1) size 127x28
          text run at (0,1) width 127: "Sized Tables"
      RenderBlock {P} at (0,149) size 784x41
        RenderText {#text} at (0,0) size 744x39
          text run at (0,0) width 744: "The following tables have width=400, which should make them the same width as the red lines which are caused by"
          text run at (0,20) width 40: "DIVs:"
      RenderBlock {H3} at (0,207) size 784x24
        RenderText {#text} at (0,0) size 63x22
          text run at (0,0) width 63: "260/140"
      RenderBlock {DIV} at (0,249) size 406x7 [border: (3px solid #FF0000)]
      RenderTable {TABLE} at (0,255) size 400x51
        RenderTableSection {TBODY} at (0,0) size 400x50
          RenderTableRow {TR} at (0,2) size 400x22
            RenderTableCell {TD} at (2,2) size 252x22 [bgcolor=#00FF00] [r=0 c=0 rs=1 cs=1]
              RenderText {#text} at (1,1) size 32x19
                text run at (1,1) width 32: "plain"
            RenderTableCell {TD} at (256,2) size 143x22 [bgcolor=#FFFF00] [r=0 c=1 rs=1 cs=1]
              RenderText {#text} at (1,1) size 70x19
                text run at (1,1) width 70: "width=140"
          RenderTableRow {TR} at (0,26) size 400x22
            RenderTableCell {TD} at (2,26) size 397x22 [bgcolor=#FF00FF] [r=1 c=0 rs=1 cs=2]
              RenderText {#text} at (1,1) size 140x19
                text run at (1,1) width 140: "colspan=2 width=400"
      RenderBlock {DIV} at (0,305) size 406x7 [border: (3px solid #FF0000)]
      RenderTable {TABLE} at (0,311) size 400x51
        RenderTableSection {TBODY} at (0,0) size 400x50
          RenderTableRow {TR} at (0,2) size 400x22
            RenderTableCell {TD} at (2,2) size 262x22 [bgcolor=#00FF00] [r=0 c=0 rs=1 cs=1]
              RenderText {#text} at (1,1) size 70x19
                text run at (1,1) width 70: "width=260"
            RenderTableCell {TD} at (266,2) size 132x22 [bgcolor=#FFFF00] [r=0 c=1 rs=1 cs=1]
              RenderText {#text} at (1,1) size 32x19
                text run at (1,1) width 32: "plain"
          RenderTableRow {TR} at (0,26) size 400x22
            RenderTableCell {TD} at (2,26) size 396x22 [bgcolor=#FF00FF] [r=1 c=0 rs=1 cs=2]
              RenderText {#text} at (1,1) size 140x19
                text run at (1,1) width 140: "colspan=2 width=400"
      RenderBlock {DIV} at (0,361) size 406x7 [border: (3px solid #FF0000)]
      RenderTable {TABLE} at (0,367) size 400x51
        RenderTableSection {TBODY} at (0,0) size 400x50
          RenderTableRow {TR} at (0,2) size 400x22
            RenderTableCell {TD} at (2,2) size 255x22 [bgcolor=#00FF00] [r=0 c=0 rs=1 cs=1]
              RenderText {#text} at (1,1) size 70x19
                text run at (1,1) width 70: "width=260"
            RenderTableCell {TD} at (258,2) size 141x22 [bgcolor=#FFFF00] [r=0 c=1 rs=1 cs=1]
              RenderText {#text} at (1,1) size 70x19
                text run at (1,1) width 70: "width=140"
          RenderTableRow {TR} at (0,26) size 400x22
            RenderTableCell {TD} at (2,26) size 397x22 [bgcolor=#FF00FF] [r=1 c=0 rs=1 cs=2]
              RenderText {#text} at (1,1) size 140x19
                text run at (1,1) width 140: "colspan=2 width=400"
      RenderBlock {DIV} at (0,417) size 406x7 [border: (3px solid #FF0000)]
      RenderTable {TABLE} at (0,423) size 400x51
        RenderTableSection {TBODY} at (0,0) size 400x50
          RenderTableRow {TR} at (0,2) size 400x22
            RenderTableCell {TD} at (2,2) size 255x22 [bgcolor=#00FF00] [r=0 c=0 rs=1 cs=1]
              RenderText {#text} at (1,1) size 70x19
                text run at (1,1) width 70: "width=260"
            RenderTableCell {TD} at (258,2) size 141x22 [bgcolor=#FFFF00] [r=0 c=1 rs=1 cs=1]
              RenderText {#text} at (1,1) size 70x19
                text run at (1,1) width 70: "width=140"
          RenderTableRow {TR} at (0,26) size 400x22
            RenderTableCell {TD} at (2,26) size 397x22 [bgcolor=#FF00FF] [r=1 c=0 rs=1 cs=2]
              RenderText {#text} at (1,1) size 66x19
                text run at (1,1) width 66: "colspan=2"
      RenderBlock {DIV} at (0,473) size 406x7 [border: (3px solid #FF0000)]
      RenderTable {TABLE} at (0,479) size 400x51
        RenderTableSection {TBODY} at (0,0) size 400x50
          RenderTableRow {TR} at (0,2) size 400x22
            RenderTableCell {TD} at (2,2) size 257x22 [bgcolor=#00FF00] [r=0 c=0 rs=1 cs=1]
              RenderText {#text} at (1,1) size 75x19
                text run at (1,1) width 75: "width=65%"
            RenderTableCell {TD} at (260,2) size 138x22 [bgcolor=#FFFF00] [r=0 c=1 rs=1 cs=1]
              RenderText {#text} at (1,1) size 32x19
                text run at (1,1) width 32: "plain"
          RenderTableRow {TR} at (0,26) size 400x22
            RenderTableCell {TD} at (2,26) size 396x22 [bgcolor=#FF00FF] [r=1 c=0 rs=1 cs=2]
              RenderText {#text} at (1,1) size 66x19
                text run at (1,1) width 66: "colspan=2"
      RenderBlock {DIV} at (0,529) size 406x7 [border: (3px solid #FF0000)]
      RenderTable {TABLE} at (0,535) size 400x51
        RenderTableSection {TBODY} at (0,0) size 400x50
          RenderTableRow {TR} at (0,2) size 400x22
            RenderTableCell {TD} at (2,2) size 257x22 [bgcolor=#00FF00] [r=0 c=0 rs=1 cs=1]
              RenderText {#text} at (1,1) size 32x19
                text run at (1,1) width 32: "plain"
            RenderTableCell {TD} at (260,2) size 138x22 [bgcolor=#FFFF00] [r=0 c=1 rs=1 cs=1]
              RenderText {#text} at (1,1) size 75x19
                text run at (1,1) width 75: "width=35%"
          RenderTableRow {TR} at (0,26) size 400x22
            RenderTableCell {TD} at (2,26) size 396x22 [bgcolor=#FF00FF] [r=1 c=0 rs=1 cs=2]
              RenderText {#text} at (1,1) size 66x19
                text run at (1,1) width 66: "colspan=2"
      RenderBlock {DIV} at (0,585) size 406x7 [border: (3px solid #FF0000)]
      RenderTable {TABLE} at (0,591) size 400x51
        RenderTableSection {TBODY} at (0,0) size 400x50
          RenderTableRow {TR} at (0,2) size 400x22
            RenderTableCell {TD} at (2,2) size 257x22 [bgcolor=#00FF00] [r=0 c=0 rs=1 cs=1]
              RenderText {#text} at (1,1) size 75x19
                text run at (1,1) width 75: "width=65%"
            RenderTableCell {TD} at (260,2) size 139x22 [bgcolor=#FFFF00] [r=0 c=1 rs=1 cs=1]
              RenderText {#text} at (1,1) size 75x19
                text run at (1,1) width 75: "width=35%"
          RenderTableRow {TR} at (0,26) size 400x22
            RenderTableCell {TD} at (2,26) size 397x22 [bgcolor=#FF00FF] [r=1 c=0 rs=1 cs=2]
              RenderText {#text} at (1,1) size 66x19
                text run at (1,1) width 66: "colspan=2"
      RenderBlock {DIV} at (0,641) size 406x7 [border: (3px solid #FF0000)]
      RenderBlock {H3} at (0,666) size 784x24
        RenderText {#text} at (0,0) size 63x22
          text run at (0,0) width 63: "140/260"
      RenderBlock {DIV} at (0,708) size 406x7 [border: (3px solid #FF0000)]
      RenderTable {TABLE} at (0,714) size 400x51
        RenderTableSection {TBODY} at (0,0) size 400x50
          RenderTableRow {TR} at (0,2) size 400x22
            RenderTableCell {TD} at (2,2) size 143x22 [bgcolor=#00FF00] [r=0 c=0 rs=1 cs=1]
              RenderText {#text} at (1,1) size 70x19
                text run at (1,1) width 70: "width=140"
            RenderTableCell {TD} at (146,2) size 253x22 [bgcolor=#FFFF00] [r=0 c=1 rs=1 cs=1]
              RenderText {#text} at (1,1) size 32x19
                text run at (1,1) width 32: "plain"
          RenderTableRow {TR} at (0,26) size 400x22
            RenderTableCell {TD} at (2,26) size 397x22 [bgcolor=#FF00FF] [r=1 c=0 rs=1 cs=2]
              RenderText {#text} at (1,1) size 140x19
                text run at (1,1) width 140: "colspan=2 width=400"
      RenderBlock {DIV} at (0,764) size 406x7 [border: (3px solid #FF0000)]
      RenderTable {TABLE} at (0,770) size 400x51
        RenderTableSection {TBODY} at (0,0) size 400x50
          RenderTableRow {TR} at (0,2) size 400x22
            RenderTableCell {TD} at (2,2) size 132x22 [bgcolor=#00FF00] [r=0 c=0 rs=1 cs=1]
              RenderText {#text} at (1,1) size 32x19
                text run at (1,1) width 32: "plain"
            RenderTableCell {TD} at (136,2) size 262x22 [bgcolor=#FFFF00] [r=0 c=1 rs=1 cs=1]
              RenderText {#text} at (1,1) size 70x19
                text run at (1,1) width 70: "width=260"
          RenderTableRow {TR} at (0,26) size 400x22
            RenderTableCell {TD} at (2,26) size 396x22 [bgcolor=#FF00FF] [r=1 c=0 rs=1 cs=2]
              RenderText {#text} at (1,1) size 140x19
                text run at (1,1) width 140: "colspan=2 width=400"
      RenderBlock {DIV} at (0,820) size 406x7 [border: (3px solid #FF0000)]
      RenderTable {TABLE} at (0,826) size 400x51
        RenderTableSection {TBODY} at (0,0) size 400x50
          RenderTableRow {TR} at (0,2) size 400x22
            RenderTableCell {TD} at (2,2) size 140x22 [bgcolor=#00FF00] [r=0 c=0 rs=1 cs=1]
              RenderText {#text} at (1,1) size 70x19
                text run at (1,1) width 70: "width=140"
            RenderTableCell {TD} at (143,2) size 256x22 [bgcolor=#FFFF00] [r=0 c=1 rs=1 cs=1]
              RenderText {#text} at (1,1) size 70x19
                text run at (1,1) width 70: "width=260"
          RenderTableRow {TR} at (0,26) size 400x22
            RenderTableCell {TD} at (2,26) size 397x22 [bgcolor=#FF00FF] [r=1 c=0 rs=1 cs=2]
              RenderText {#text} at (1,1) size 140x19
                text run at (1,1) width 140: "colspan=2 width=400"
      RenderBlock {DIV} at (0,876) size 406x7 [border: (3px solid #FF0000)]
      RenderTable {TABLE} at (0,882) size 400x51
        RenderTableSection {TBODY} at (0,0) size 400x50
          RenderTableRow {TR} at (0,2) size 400x22
            RenderTableCell {TD} at (2,2) size 140x22 [bgcolor=#00FF00] [r=0 c=0 rs=1 cs=1]
              RenderText {#text} at (1,1) size 70x19
                text run at (1,1) width 70: "width=140"
            RenderTableCell {TD} at (143,2) size 256x22 [bgcolor=#FFFF00] [r=0 c=1 rs=1 cs=1]
              RenderText {#text} at (1,1) size 70x19
                text run at (1,1) width 70: "width=260"
          RenderTableRow {TR} at (0,26) size 400x22
            RenderTableCell {TD} at (2,26) size 397x22 [bgcolor=#FF00FF] [r=1 c=0 rs=1 cs=2]
              RenderText {#text} at (1,1) size 66x19
                text run at (1,1) width 66: "colspan=2"
      RenderBlock {DIV} at (0,932) size 406x7 [border: (3px solid #FF0000)]
      RenderTable {TABLE} at (0,938) size 400x51
        RenderTableSection {TBODY} at (0,0) size 400x50
          RenderTableRow {TR} at (0,2) size 400x22
            RenderTableCell {TD} at (2,2) size 138x22 [bgcolor=#00FF00] [r=0 c=0 rs=1 cs=1]
              RenderText {#text} at (1,1) size 75x19
                text run at (1,1) width 75: "width=35%"
            RenderTableCell {TD} at (141,2) size 257x22 [bgcolor=#FFFF00] [r=0 c=1 rs=1 cs=1]
              RenderText {#text} at (1,1) size 32x19
                text run at (1,1) width 32: "plain"
          RenderTableRow {TR} at (0,26) size 400x22
            RenderTableCell {TD} at (2,26) size 396x22 [bgcolor=#FF00FF] [r=1 c=0 rs=1 cs=2]
              RenderText {#text} at (1,1) size 66x19
                text run at (1,1) width 66: "colspan=2"
      RenderBlock {DIV} at (0,988) size 406x7 [border: (3px solid #FF0000)]
      RenderTable {TABLE} at (0,994) size 400x51
        RenderTableSection {TBODY} at (0,0) size 400x50
          RenderTableRow {TR} at (0,2) size 400x22
            RenderTableCell {TD} at (2,2) size 138x22 [bgcolor=#00FF00] [r=0 c=0 rs=1 cs=1]
              RenderText {#text} at (1,1) size 32x19
                text run at (1,1) width 32: "plain"
            RenderTableCell {TD} at (141,2) size 257x22 [bgcolor=#FFFF00] [r=0 c=1 rs=1 cs=1]
              RenderText {#text} at (1,1) size 75x19
                text run at (1,1) width 75: "width=65%"
          RenderTableRow {TR} at (0,26) size 400x22
            RenderTableCell {TD} at (2,26) size 396x22 [bgcolor=#FF00FF] [r=1 c=0 rs=1 cs=2]
              RenderText {#text} at (1,1) size 66x19
                text run at (1,1) width 66: "colspan=2"
      RenderBlock {DIV} at (0,1044) size 406x7 [border: (3px solid #FF0000)]
      RenderTable {TABLE} at (0,1050) size 400x51
        RenderTableSection {TBODY} at (0,0) size 400x50
          RenderTableRow {TR} at (0,2) size 400x22
            RenderTableCell {TD} at (2,2) size 138x22 [bgcolor=#00FF00] [r=0 c=0 rs=1 cs=1]
              RenderText {#text} at (1,1) size 75x19
                text run at (1,1) width 75: "width=35%"
            RenderTableCell {TD} at (141,2) size 258x22 [bgcolor=#FFFF00] [r=0 c=1 rs=1 cs=1]
              RenderText {#text} at (1,1) size 75x19
                text run at (1,1) width 75: "width=65%"
          RenderTableRow {TR} at (0,26) size 400x22
            RenderTableCell {TD} at (2,26) size 397x22 [bgcolor=#FF00FF] [r=1 c=0 rs=1 cs=2]
              RenderText {#text} at (1,1) size 66x19
                text run at (1,1) width 66: "colspan=2"
      RenderBlock {DIV} at (0,1100) size 406x7 [border: (3px solid #FF0000)]
      RenderBlock {H3} at (0,1124) size 784x24
        RenderText {#text} at (0,0) size 38x22
          text run at (0,0) width 38: "50%"
      RenderBlock {DIV} at (0,1166) size 406x7 [border: (3px solid #FF0000)]
      RenderTable {TABLE} at (0,1172) size 400x51
        RenderTableSection {TBODY} at (0,0) size 400x50
          RenderTableRow {TR} at (0,2) size 400x22
            RenderTableCell {TD} at (2,2) size 197x22 [bgcolor=#00FF00] [r=0 c=0 rs=1 cs=1]
              RenderText {#text} at (1,1) size 75x19
                text run at (1,1) width 75: "width=50%"
            RenderTableCell {TD} at (201,2) size 197x22 [bgcolor=#FFFF00] [r=0 c=1 rs=1 cs=1]
              RenderText {#text} at (1,1) size 32x19
                text run at (1,1) width 32: "plain"
          RenderTableRow {TR} at (0,26) size 400x22
            RenderTableCell {TD} at (2,26) size 396x22 [bgcolor=#FF00FF] [r=1 c=0 rs=1 cs=2]
              RenderText {#text} at (1,1) size 140x19
                text run at (1,1) width 140: "colspan=2 width=400"
      RenderBlock {DIV} at (0,1222) size 406x7 [border: (3px solid #FF0000)]
      RenderTable {TABLE} at (0,1228) size 400x51
        RenderTableSection {TBODY} at (0,0) size 400x50
          RenderTableRow {TR} at (0,2) size 400x22
            RenderTableCell {TD} at (2,2) size 197x22 [bgcolor=#00FF00] [r=0 c=0 rs=1 cs=1]
              RenderText {#text} at (1,1) size 32x19
                text run at (1,1) width 32: "plain"
            RenderTableCell {TD} at (201,2) size 197x22 [bgcolor=#FFFF00] [r=0 c=1 rs=1 cs=1]
              RenderText {#text} at (1,1) size 75x19
                text run at (1,1) width 75: "width=50%"
          RenderTableRow {TR} at (0,26) size 400x22
            RenderTableCell {TD} at (2,26) size 396x22 [bgcolor=#FF00FF] [r=1 c=0 rs=1 cs=2]
              RenderText {#text} at (1,1) size 140x19
                text run at (1,1) width 140: "colspan=2 width=400"
      RenderBlock {DIV} at (0,1278) size 406x7 [border: (3px solid #FF0000)]
      RenderTable {TABLE} at (0,1284) size 400x51
        RenderTableSection {TBODY} at (0,0) size 400x50
          RenderTableRow {TR} at (0,2) size 400x22
            RenderTableCell {TD} at (2,2) size 197x22 [bgcolor=#00FF00] [r=0 c=0 rs=1 cs=1]
              RenderText {#text} at (1,1) size 75x19
                text run at (1,1) width 75: "width=50%"
            RenderTableCell {TD} at (201,2) size 197x22 [bgcolor=#FFFF00] [r=0 c=1 rs=1 cs=1]
              RenderText {#text} at (1,1) size 75x19
                text run at (1,1) width 75: "width=50%"
          RenderTableRow {TR} at (0,26) size 400x22
            RenderTableCell {TD} at (2,26) size 396x22 [bgcolor=#FF00FF] [r=1 c=0 rs=1 cs=2]
              RenderText {#text} at (1,1) size 140x19
                text run at (1,1) width 140: "colspan=2 width=400"
      RenderBlock {DIV} at (0,1334) size 406x7 [border: (3px solid #FF0000)]
      RenderTable {TABLE} at (0,1340) size 400x51
        RenderTableSection {TBODY} at (0,0) size 400x50
          RenderTableRow {TR} at (0,2) size 400x22
            RenderTableCell {TD} at (2,2) size 197x22 [bgcolor=#00FF00] [r=0 c=0 rs=1 cs=1]
              RenderText {#text} at (1,1) size 32x19
                text run at (1,1) width 32: "plain"
            RenderTableCell {TD} at (201,2) size 197x22 [bgcolor=#FFFF00] [r=0 c=1 rs=1 cs=1]
              RenderText {#text} at (1,1) size 32x19
                text run at (1,1) width 32: "plain"
          RenderTableRow {TR} at (0,26) size 400x22
            RenderTableCell {TD} at (2,26) size 396x22 [bgcolor=#FF00FF] [r=1 c=0 rs=1 cs=2]
              RenderText {#text} at (1,1) size 140x19
                text run at (1,1) width 140: "colspan=2 width=400"
      RenderBlock {DIV} at (0,1390) size 406x7 [border: (3px solid #FF0000)]
      RenderTable {TABLE} at (0,1396) size 400x51
        RenderTableSection {TBODY} at (0,0) size 400x50
          RenderTableRow {TR} at (0,2) size 400x22
            RenderTableCell {TD} at (2,2) size 197x22 [bgcolor=#00FF00] [r=0 c=0 rs=1 cs=1]
              RenderText {#text} at (1,1) size 70x19
                text run at (1,1) width 70: "width=200"
            RenderTableCell {TD} at (201,2) size 197x22 [bgcolor=#FFFF00] [r=0 c=1 rs=1 cs=1]
              RenderText {#text} at (1,1) size 70x19
                text run at (1,1) width 70: "width=200"
          RenderTableRow {TR} at (0,26) size 400x22
            RenderTableCell {TD} at (2,26) size 396x22 [bgcolor=#FF00FF] [r=1 c=0 rs=1 cs=2]
              RenderText {#text} at (1,1) size 66x19
                text run at (1,1) width 66: "colspan=2"
      RenderBlock {DIV} at (0,1446) size 406x7 [border: (3px solid #FF0000)]
      RenderBlock {H2} at (0,1472) size 784x31
        RenderText {#text} at (0,1) size 228x28
          text run at (0,1) width 228: "Tables Without Width"
      RenderBlock {P} at (0,1522) size 784x41
        RenderText {#text} at (0,0) size 767x39
          text run at (0,0) width 767: "The following tables have no width. They should still be the same size, by virtue of them having a 400 pixel cell and no"
          text run at (0,20) width 158: "padding/margin/borders."
      RenderBlock {H3} at (0,1581) size 784x24
        RenderText {#text} at (0,0) size 63x22
          text run at (0,0) width 63: "260/140"
      RenderBlock {DIV} at (0,1622) size 406x7 [border: (3px solid #FF0000)]
      RenderTable {TABLE} at (0,1628) size 406x51
        RenderTableSection {TBODY} at (0,0) size 406x50
          RenderTableRow {TR} at (0,2) size 406x22
            RenderTableCell {TD} at (2,2) size 258x22 [bgcolor=#00FF00] [r=0 c=0 rs=1 cs=1]
              RenderText {#text} at (1,1) size 32x19
                text run at (1,1) width 32: "plain"
            RenderTableCell {TD} at (262,2) size 142x22 [bgcolor=#FFFF00] [r=0 c=1 rs=1 cs=1]
              RenderText {#text} at (1,1) size 70x19
                text run at (1,1) width 70: "width=140"
          RenderTableRow {TR} at (0,26) size 406x22
            RenderTableCell {TD} at (2,26) size 402x22 [bgcolor=#FF00FF] [r=1 c=0 rs=1 cs=2]
              RenderText {#text} at (1,1) size 140x19
                text run at (1,1) width 140: "colspan=2 width=400"
      RenderBlock {DIV} at (0,1678) size 406x7 [border: (3px solid #FF0000)]
      RenderTable {TABLE} at (0,1684) size 406x51
        RenderTableSection {TBODY} at (0,0) size 406x50
          RenderTableRow {TR} at (0,2) size 406x22
            RenderTableCell {TD} at (2,2) size 262x22 [bgcolor=#00FF00] [r=0 c=0 rs=1 cs=1]
              RenderText {#text} at (1,1) size 70x19
                text run at (1,1) width 70: "width=260"
            RenderTableCell {TD} at (266,2) size 138x22 [bgcolor=#FFFF00] [r=0 c=1 rs=1 cs=1]
              RenderText {#text} at (1,1) size 32x19
                text run at (1,1) width 32: "plain"
          RenderTableRow {TR} at (0,26) size 406x22
            RenderTableCell {TD} at (2,26) size 402x22 [bgcolor=#FF00FF] [r=1 c=0 rs=1 cs=2]
              RenderText {#text} at (1,1) size 140x19
                text run at (1,1) width 140: "colspan=2 width=400"
      RenderBlock {DIV} at (0,1734) size 406x7 [border: (3px solid #FF0000)]
      RenderTable {TABLE} at (0,1740) size 410x51
        RenderTableSection {TBODY} at (0,0) size 410x50
          RenderTableRow {TR} at (0,2) size 410x22
            RenderTableCell {TD} at (2,2) size 262x22 [bgcolor=#00FF00] [r=0 c=0 rs=1 cs=1]
              RenderText {#text} at (1,1) size 70x19
                text run at (1,1) width 70: "width=260"
            RenderTableCell {TD} at (266,2) size 142x22 [bgcolor=#FFFF00] [r=0 c=1 rs=1 cs=1]
              RenderText {#text} at (1,1) size 70x19
                text run at (1,1) width 70: "width=140"
          RenderTableRow {TR} at (0,26) size 410x22
            RenderTableCell {TD} at (2,26) size 406x22 [bgcolor=#FF00FF] [r=1 c=0 rs=1 cs=2]
              RenderText {#text} at (1,1) size 140x19
                text run at (1,1) width 140: "colspan=2 width=400"
      RenderBlock {DIV} at (0,1790) size 406x7 [border: (3px solid #FF0000)]
      RenderTable {TABLE} at (0,1796) size 410x51
        RenderTableSection {TBODY} at (0,0) size 410x50
          RenderTableRow {TR} at (0,2) size 410x22
            RenderTableCell {TD} at (2,2) size 262x22 [bgcolor=#00FF00] [r=0 c=0 rs=1 cs=1]
              RenderText {#text} at (1,1) size 70x19
                text run at (1,1) width 70: "width=260"
            RenderTableCell {TD} at (266,2) size 142x22 [bgcolor=#FFFF00] [r=0 c=1 rs=1 cs=1]
              RenderText {#text} at (1,1) size 70x19
                text run at (1,1) width 70: "width=140"
          RenderTableRow {TR} at (0,26) size 410x22
            RenderTableCell {TD} at (2,26) size 406x22 [bgcolor=#FF00FF] [r=1 c=0 rs=1 cs=2]
              RenderText {#text} at (1,1) size 66x19
                text run at (1,1) width 66: "colspan=2"
      RenderBlock {DIV} at (0,1846) size 406x7 [border: (3px solid #FF0000)]
      RenderBlock {H3} at (0,1871) size 784x24
        RenderText {#text} at (0,0) size 63x22
          text run at (0,0) width 63: "140/260"
      RenderBlock {DIV} at (0,1913) size 406x7 [border: (3px solid #FF0000)]
      RenderTable {TABLE} at (0,1919) size 406x51
        RenderTableSection {TBODY} at (0,0) size 406x50
          RenderTableRow {TR} at (0,2) size 406x22
            RenderTableCell {TD} at (2,2) size 142x22 [bgcolor=#00FF00] [r=0 c=0 rs=1 cs=1]
              RenderText {#text} at (1,1) size 70x19
                text run at (1,1) width 70: "width=140"
            RenderTableCell {TD} at (146,2) size 258x22 [bgcolor=#FFFF00] [r=0 c=1 rs=1 cs=1]
              RenderText {#text} at (1,1) size 32x19
                text run at (1,1) width 32: "plain"
          RenderTableRow {TR} at (0,26) size 406x22
            RenderTableCell {TD} at (2,26) size 402x22 [bgcolor=#FF00FF] [r=1 c=0 rs=1 cs=2]
              RenderText {#text} at (1,1) size 140x19
                text run at (1,1) width 140: "colspan=2 width=400"
      RenderBlock {DIV} at (0,1969) size 406x7 [border: (3px solid #FF0000)]
      RenderTable {TABLE} at (0,1975) size 406x51
        RenderTableSection {TBODY} at (0,0) size 406x50
          RenderTableRow {TR} at (0,2) size 406x22
            RenderTableCell {TD} at (2,2) size 138x22 [bgcolor=#00FF00] [r=0 c=0 rs=1 cs=1]
              RenderText {#text} at (1,1) size 32x19
                text run at (1,1) width 32: "plain"
            RenderTableCell {TD} at (142,2) size 262x22 [bgcolor=#FFFF00] [r=0 c=1 rs=1 cs=1]
              RenderText {#text} at (1,1) size 70x19
                text run at (1,1) width 70: "width=260"
          RenderTableRow {TR} at (0,26) size 406x22
            RenderTableCell {TD} at (2,26) size 402x22 [bgcolor=#FF00FF] [r=1 c=0 rs=1 cs=2]
              RenderText {#text} at (1,1) size 140x19
                text run at (1,1) width 140: "colspan=2 width=400"
      RenderBlock {DIV} at (0,2025) size 406x7 [border: (3px solid #FF0000)]
      RenderTable {TABLE} at (0,2031) size 410x51
        RenderTableSection {TBODY} at (0,0) size 410x50
          RenderTableRow {TR} at (0,2) size 410x22
            RenderTableCell {TD} at (2,2) size 142x22 [bgcolor=#00FF00] [r=0 c=0 rs=1 cs=1]
              RenderText {#text} at (1,1) size 70x19
                text run at (1,1) width 70: "width=140"
            RenderTableCell {TD} at (146,2) size 262x22 [bgcolor=#FFFF00] [r=0 c=1 rs=1 cs=1]
              RenderText {#text} at (1,1) size 70x19
                text run at (1,1) width 70: "width=260"
          RenderTableRow {TR} at (0,26) size 410x22
            RenderTableCell {TD} at (2,26) size 406x22 [bgcolor=#FF00FF] [r=1 c=0 rs=1 cs=2]
              RenderText {#text} at (1,1) size 140x19
                text run at (1,1) width 140: "colspan=2 width=400"
      RenderBlock {DIV} at (0,2081) size 406x7 [border: (3px solid #FF0000)]
      RenderTable {TABLE} at (0,2087) size 410x51
        RenderTableSection {TBODY} at (0,0) size 410x50
          RenderTableRow {TR} at (0,2) size 410x22
            RenderTableCell {TD} at (2,2) size 142x22 [bgcolor=#00FF00] [r=0 c=0 rs=1 cs=1]
              RenderText {#text} at (1,1) size 70x19
                text run at (1,1) width 70: "width=140"
            RenderTableCell {TD} at (146,2) size 262x22 [bgcolor=#FFFF00] [r=0 c=1 rs=1 cs=1]
              RenderText {#text} at (1,1) size 70x19
                text run at (1,1) width 70: "width=260"
          RenderTableRow {TR} at (0,26) size 410x22
            RenderTableCell {TD} at (2,26) size 406x22 [bgcolor=#FF00FF] [r=1 c=0 rs=1 cs=2]
              RenderText {#text} at (1,1) size 66x19
                text run at (1,1) width 66: "colspan=2"
      RenderBlock {DIV} at (0,2137) size 406x7 [border: (3px solid #FF0000)]
      RenderBlock {H3} at (0,2161) size 784x24
        RenderText {#text} at (0,0) size 38x22
          text run at (0,0) width 38: "50%"
      RenderBlock {DIV} at (0,2203) size 406x7 [border: (3px solid #FF0000)]
      RenderTable {TABLE} at (0,2209) size 561x51
        RenderTableSection {TBODY} at (0,0) size 561x50
          RenderTableRow {TR} at (0,2) size 561x22
            RenderTableCell {TD} at (2,2) size 278x22 [bgcolor=#00FF00] [r=0 c=0 rs=1 cs=1]
              RenderText {#text} at (1,1) size 75x19
                text run at (1,1) width 75: "width=50%"
            RenderTableCell {TD} at (281,2) size 278x22 [bgcolor=#FFFF00] [r=0 c=1 rs=1 cs=1]
              RenderText {#text} at (1,1) size 32x19
                text run at (1,1) width 32: "plain"
          RenderTableRow {TR} at (0,26) size 561x22
            RenderTableCell {TD} at (2,26) size 557x22 [bgcolor=#FF00FF] [r=1 c=0 rs=1 cs=2]
              RenderText {#text} at (1,1) size 140x19
                text run at (1,1) width 140: "colspan=2 width=400"
      RenderBlock {DIV} at (0,2259) size 406x7 [border: (3px solid #FF0000)]
      RenderTable {TABLE} at (0,2265) size 561x51
        RenderTableSection {TBODY} at (0,0) size 561x50
          RenderTableRow {TR} at (0,2) size 561x22
            RenderTableCell {TD} at (2,2) size 278x22 [bgcolor=#00FF00] [r=0 c=0 rs=1 cs=1]
              RenderText {#text} at (1,1) size 32x19
                text run at (1,1) width 32: "plain"
            RenderTableCell {TD} at (281,2) size 278x22 [bgcolor=#FFFF00] [r=0 c=1 rs=1 cs=1]
              RenderText {#text} at (1,1) size 75x19
                text run at (1,1) width 75: "width=50%"
          RenderTableRow {TR} at (0,26) size 561x22
            RenderTableCell {TD} at (2,26) size 557x22 [bgcolor=#FF00FF] [r=1 c=0 rs=1 cs=2]
              RenderText {#text} at (1,1) size 140x19
                text run at (1,1) width 140: "colspan=2 width=400"
      RenderBlock {DIV} at (0,2315) size 406x7 [border: (3px solid #FF0000)]
      RenderTable {TABLE} at (0,2321) size 406x51
        RenderTableSection {TBODY} at (0,0) size 406x50
          RenderTableRow {TR} at (0,2) size 406x22
            RenderTableCell {TD} at (2,2) size 200x22 [bgcolor=#00FF00] [r=0 c=0 rs=1 cs=1]
              RenderText {#text} at (1,1) size 75x19
                text run at (1,1) width 75: "width=50%"
            RenderTableCell {TD} at (204,2) size 200x22 [bgcolor=#FFFF00] [r=0 c=1 rs=1 cs=1]
              RenderText {#text} at (1,1) size 75x19
                text run at (1,1) width 75: "width=50%"
          RenderTableRow {TR} at (0,26) size 406x22
            RenderTableCell {TD} at (2,26) size 402x22 [bgcolor=#FF00FF] [r=1 c=0 rs=1 cs=2]
              RenderText {#text} at (1,1) size 140x19
                text run at (1,1) width 140: "colspan=2 width=400"
      RenderBlock {DIV} at (0,2371) size 406x7 [border: (3px solid #FF0000)]
      RenderTable {TABLE} at (0,2377) size 406x51
        RenderTableSection {TBODY} at (0,0) size 406x50
          RenderTableRow {TR} at (0,2) size 406x22
            RenderTableCell {TD} at (2,2) size 200x22 [bgcolor=#00FF00] [r=0 c=0 rs=1 cs=1]
              RenderText {#text} at (1,1) size 32x19
                text run at (1,1) width 32: "plain"
            RenderTableCell {TD} at (204,2) size 200x22 [bgcolor=#FFFF00] [r=0 c=1 rs=1 cs=1]
              RenderText {#text} at (1,1) size 32x19
                text run at (1,1) width 32: "plain"
          RenderTableRow {TR} at (0,26) size 406x22
            RenderTableCell {TD} at (2,26) size 402x22 [bgcolor=#FF00FF] [r=1 c=0 rs=1 cs=2]
              RenderText {#text} at (1,1) size 140x19
                text run at (1,1) width 140: "colspan=2 width=400"
      RenderBlock {DIV} at (0,2427) size 406x7 [border: (3px solid #FF0000)]
      RenderTable {TABLE} at (0,2433) size 410x51
        RenderTableSection {TBODY} at (0,0) size 410x50
          RenderTableRow {TR} at (0,2) size 410x22
            RenderTableCell {TD} at (2,2) size 202x22 [bgcolor=#00FF00] [r=0 c=0 rs=1 cs=1]
              RenderText {#text} at (1,1) size 70x19
                text run at (1,1) width 70: "width=200"
            RenderTableCell {TD} at (206,2) size 202x22 [bgcolor=#FFFF00] [r=0 c=1 rs=1 cs=1]
              RenderText {#text} at (1,1) size 70x19
                text run at (1,1) width 70: "width=200"
          RenderTableRow {TR} at (0,26) size 410x22
            RenderTableCell {TD} at (2,26) size 406x22 [bgcolor=#FF00FF] [r=1 c=0 rs=1 cs=2]
              RenderText {#text} at (1,1) size 66x19
                text run at (1,1) width 66: "colspan=2"
      RenderBlock {DIV} at (0,2483) size 406x7 [border: (3px solid #FF0000)]
