layer at (0,0) size 800x600
  RenderView at (0,0) size 800x600
layer at (0,0) size 800x600
  RenderBlock {HTML} at (0,0) size 800x600
    RenderFrameSet {FRAMESET} at (0,0) size 800x600
      RenderFrame {FRAME} at (0,0) size 800x600
        layer at (0,0) size 800x600
          RenderView at (0,0) size 800x600
        layer at (0,0) size 800x101
          RenderBlock {HTML} at (0,0) size 800x101
            RenderBody {BODY} at (8,13) size 784x75
              RenderBlock {PRE} at (0,0) size 784x75
                RenderText {#text} at (0,1) size 784x75
                  text run at (0,1) width 416: "This line should wrap with no horizontal scroll bar:"
                  text run at (416,1) width 0: " "
                  text run at (0,16) width 0: " "
                  text run at (0,31) width 784: "abcdefghijklmnopqrstuvwxyzabcdefghijklmnopqrstuvwxyzabcdefghijklmnopqrstuvwxyzabcdefghijklmnopqrst"
                  text run at (0,46) width 784: "uvwxyzabcdefghijklmnopqrstuvwxyzabcdefghijklmnopqrstuvwxyzabcdefghijklmnopqrstuvwxyzabcdefghijklmn"
                  text run at (0,61) width 512: "opqrstuvwxyzabcdefghijklmnopqrstuvwxyzabcdefghijklmnopqrstuvwxyz"
                  text run at (512,61) width 0: " "
