layer at (0,0) size 800x600
  RenderView at (0,0) size 800x600
layer at (0,0) size 800x402
  RenderBlock {HTML} at (0,0) size 800x402
    RenderBody {BODY} at (8,16) size 784x370
      RenderBlock {P} at (0,0) size 784x18
        RenderText {#text} at (0,0) size 616x18
          text run at (0,0) width 616: "The following two blocks should look identical (to the pixel), and they should both say \"PASS\":"
      RenderBlock {P} at (0,34) size 784x160
        RenderEmbeddedObject {OBJECT} at (0,0) size 306x156 [border: (3px inset #000080)]
          layer at (0,0) size 300x150
            RenderView at (0,0) size 300x150
          layer at (0,0) size 300x150
            RenderSVGRoot {svg} at (0,0) size 300x150
          layer at (0,0) size 300x150
            RenderSVGViewportContainer at (0,0) size 300x150
          layer at (0,0) size 2x1
            RenderSVGText {text} at (0,-1) size 3x3 contains 1 chunk(s)
              RenderSVGInlineText {#text} at (0,0) size 3x2
                chunk 1 text run 1 at (0.00,0.80) startOffset 0 endOffset 4 width 2.39: "PASS"
      RenderBlock {P} at (0,210) size 784x160
        RenderEmbeddedObject {OBJECT} at (0,0) size 306x156 [border: (3px inset #000080)]
          layer at (0,0) size 300x150
            RenderView at (0,0) size 300x150
          layer at (0,0) size 300x150
            RenderSVGRoot {svg} at (0,0) size 300x150
          layer at (0,0) size 300x150
            RenderSVGViewportContainer at (0,0) size 300x150
          layer at (0,-100) size 2391x1150 backgroundClip at (0,0) size 300x150 clip at (0,0) size 300x150
            RenderSVGText {text} at (0,-100) size 2391x1150 contains 1 chunk(s)
              RenderSVGInlineText {#text} at (0,0) size 2391x1150
                chunk 1 text run 1 at (0.00,800.00) startOffset 0 endOffset 4 width 2390.63: "PASS"
