layer at (0,0) size 800x600
  RenderView at (0,0) size 800x600
layer at (0,0) size 800x600
  RenderBlock {HTML} at (0,0) size 800x600
    RenderBody {BODY} at (8,8) size 784x584
      RenderBlock (anonymous) at (0,0) size 784x80
        RenderText {#text} at (0,0) size 767x59
          text run at (0,0) width 767: "This is a test for multiple ruby runs and line breaks. There is a div with a blue border and 10px padding. This contains a"
          text run at (0,20) width 507: "single <ruby> markup in the text contained in the block, broken across 2 lines. "
          text run at (506,20) width 252: "Part of it should be on the first line, the"
          text run at (0,40) width 140: "rest on the other line. "
        RenderBR {BR} at (139,55) size 1x0
        RenderBR {BR} at (0,60) size 0x19
      RenderBlock {DIV} at (0,80) size 284x75 [border: (2px solid #0000FF)]
        RenderText {#text} at (12,13) size 159x19
          text run at (12,13) width 159: "<ruby> is defined in the "
        RenderRuby (inline) {RUBY} at (0,0) size 257x49
          RenderRubyRun (anonymous) at (166,13) size 23x20
            RenderRubyText {RT} at (0,-11) size 23x12
              RenderText {#text} at (0,0) size 23x11
                text run at (0,0) width 23: "Hyper"
            RenderRubyBase (anonymous) at (0,0) size 23x20
              RenderText {#text} at (5,0) size 13x19
                text run at (5,0) width 13: "H"
          RenderRubyRun (anonymous) at (188,13) size 17x20
            RenderRubyText {RT} at (0,-11) size 16x12
              RenderText {#text} at (0,0) size 17x11
                text run at (0,0) width 17: "Text"
            RenderRubyBase (anonymous) at (0,0) size 16x20
              RenderText {#text} at (3,0) size 10x19
                text run at (3,0) width 10: "T"
          RenderRubyRun (anonymous) at (204,13) size 29x20
            RenderRubyText {RT} at (0,-11) size 29x12
              RenderText {#text} at (0,0) size 29x11
                text run at (0,0) width 29: "Markup"
            RenderRubyBase (anonymous) at (0,0) size 29x20
              RenderText {#text} at (7,0) size 15x19
                text run at (7,0) width 15: "M"
          RenderRubyRun (anonymous) at (232,13) size 37x20
            RenderRubyText {RT} at (0,-11) size 36x12
              RenderText {#text} at (0,0) size 36x11
                text run at (0,0) width 36: "Language"
            RenderRubyBase (anonymous) at (0,0) size 36x20
              RenderText {#text} at (12,0) size 11x19
                text run at (12,0) width 11: "L"
          RenderRubyRun (anonymous) at (12,43) size 28x20
            RenderRubyText {RT} at (0,-11) size 28x12
              RenderText {#text} at (0,0) size 28x11
                text run at (0,0) width 28: "Level 5"
            RenderRubyBase (anonymous) at (0,0) size 28x20
              RenderText {#text} at (9,0) size 9x19
                text run at (9,0) width 9: "5"
        RenderText {#text} at (35,43) size 43x19
          text run at (35,43) width 43: " specs."
