layer at (0,0) size 800x600
  RenderView at (0,0) size 800x600
layer at (0,0) size 800x600
  RenderBlock {HTML} at (0,0) size 800x600
    RenderBody {BODY} at (8,8) size 784x576
      RenderBlock {P} at (0,0) size 784x20
        RenderText {#text} at (0,0) size 602x19
          text run at (0,0) width 602: "The following is a test for having a trailing base within a <ruby> with no associated ruby text."
      RenderBlock (anonymous) at (0,36) size 784x40
        RenderBR {BR} at (0,0) size 0x19
        RenderBR {BR} at (0,20) size 0x19
      RenderBlock {P} at (0,92) size 784x31
        RenderText {#text} at (0,11) size 159x19
          text run at (0,11) width 159: "<ruby> is defined in the "
        RenderRuby (inline) {RUBY} at (0,0) size 112x19
          RenderRubyRun (anonymous) at (154,11) size 108x20
            RenderRubyText {RT} at (0,-11) size 108x12
              RenderText {#text} at (0,0) size 108x11
                text run at (0,0) width 108: "Hyper-text Markup Language"
            RenderRubyBase (anonymous) at (0,0) size 108x20
              RenderText {#text} at (30,0) size 47x19
                text run at (30,0) width 47: "HTML"
          RenderRubyRun (anonymous) at (261,11) size 9x20
            RenderRubyBase (anonymous) at (0,0) size 8x20
              RenderText {#text} at (0,0) size 8x19
                text run at (0,0) width 8: "5"
        RenderText {#text} at (269,11) size 5x19
          text run at (269,11) width 5: "."
