layer at (0,0) size 800x600
  RenderView at (0,0) size 800x600
layer at (0,0) size 800x600
  RenderBlock {HTML} at (0,0) size 800x600
    RenderBody {BODY} at (8,8) size 784x584
      RenderText {#text} at (0,0) size 765x39
        text run at (0,0) width 765: "This is a initial test for simple ruby. There should be 2 ruby annotations on below line, one with a ruby text shorter than"
        text run at (0,20) width 60: "the base, "
        text run at (59,20) width 297: "and one with a ruby text longer than the base. "
      RenderBR {BR} at (355,35) size 1x0
      RenderBR {BR} at (0,40) size 0x19
      RenderText {#text} at (0,70) size 159x19
        text run at (0,70) width 159: "<ruby> is defined in the "
      RenderRuby (inline) {RUBY} at (0,0) size 186x19
        RenderRubyRun (anonymous) at (158,70) size 186x20
          RenderRubyText {RT} at (0,-11) size 186x12
            RenderText {#text} at (77,0) size 31x11
              text run at (77,0) width 31: "HTML5"
          RenderRubyBase (anonymous) at (0,0) size 186x20
            RenderText {#text} at (0,0) size 186x19
              text run at (0,0) width 186: "Hypertext Markup Language"
      RenderText {#text} at (343,70) size 32x19
        text run at (343,70) width 32: " and "
      RenderRuby (inline) {RUBY} at (0,0) size 77x19
        RenderRubyRun (anonymous) at (370,70) size 85x20
          RenderRubyText {RT} at (0,-11) size 84x12
            RenderText {#text} at (0,0) size 84x11
              text run at (0,0) width 84: "Cascading Style Sheets"
          RenderRubyBase (anonymous) at (0,0) size 84x20
            RenderText {#text} at (23,0) size 38x19
              text run at (23,0) width 38: "CSS3"
      RenderText {#text} at (450,70) size 44x19
        text run at (450,70) width 44: " specs."
