layer at (0,0) size 800x600
  RenderView at (0,0) size 800x600
layer at (0,0) size 800x262
  RenderBlock {HTML} at (0,0) size 800x262
    RenderBody {BODY} at (8,16) size 784x238
      RenderBlock {P} at (0,0) size 784x20
        RenderText {#text} at (0,0) size 722x19
          text run at (0,0) width 722: "Use iOS Find UI to search for the text \"match\" in the following overflow node. The result should be highlighted."
layer at (8,52) size 202x202 clip at (9,53) size 200x200 scrollHeight 620
  RenderBlock {DIV} at (0,36) size 202x202 [bgcolor=#808080] [border: (1px solid #000000)]
    RenderBlock {DIV} at (1,1) size 200x300
    RenderBlock {DIV} at (1,301) size 200x20
      RenderText {#text} at (0,0) size 40x19
        text run at (0,0) width 40: "match"
    RenderBlock {DIV} at (1,321) size 200x300
