layer at (0,0) size 800x600
  RenderView at (0,0) size 800x600
layer at (0,0) size 800x262
  RenderBlock {HTML} at (0,0) size 800x262
    RenderBody {BODY} at (8,16) size 784x238
      RenderBlock {P} at (0,0) size 784x20
        RenderText {#text} at (0,0) size 722x19
          text run at (0,0) width 722: "Use iOS Find UI to search for the text \"match\" in the following overflow node. The result should be highlighted."
layer at (8,52) size 202x202 clip at (9,53) size 185x200 scrollY 120 scrollHeight 320
  RenderBlock {DIV} at (0,36) size 202x202 [bgcolor=#808080] [border: (1px solid #000000)]
    RenderBlock {DIV} at (1,1) size 185x300
    RenderBlock {DIV} at (1,301) size 185x20
      RenderText {#text} at (0,0) size 40x19
        text run at (0,0) width 40: "match"
selection start: position 0 of child 0 {#text} of child 3 {DIV} of child 3 {DIV} of body
selection end:   position 5 of child 0 {#text} of child 3 {DIV} of child 3 {DIV} of body
