layer at (0,0) size 820x585
  RenderView at (0,0) size 800x585
layer at (0,0) size 800x321
  RenderBlock {html} at (0,0) size 800x321
    RenderBody {body} at (48,8) size 772x305
      RenderBlock {h1} at (10,40) size 692x32
        RenderText {#text} at (0,0) size 317x30
          text run at (0,0) width 317: "scalable CSS background"
      RenderBlock {h4} at (10,71) size 752x17
        RenderText {#text} at (0,0) size 125x16
          text run at (0,0) width 125: "WICD Core 1.0 #11"
      RenderBlock {p} at (10,106) size 712x38
        RenderText {#text} at (10,10) size 500x17
          text run at (10,10) width 500: "This text paragraph, as well as all following, must have a SVG background image."
      RenderBlock {p} at (10,149) size 712x38
        RenderText {#text} at (10,10) size 680x17
          text run at (10,10) width 680: "This background image (grey color-gradient and rounded corners) must always exactly fit the text paragraph."
      RenderBlock {p} at (10,192) size 712x55
        RenderText {#text} at (10,10) size 683x34
          text run at (10,10) width 683: "This test has failed, if you don't see any graphics on the background. (your user agent does not support SVG as"
          text run at (10,27) width 124: "background image)."
      RenderBlock {p} at (10,252) size 712x38
        RenderInline {a} at (0,0) size 31x17 [color=#000066]
          RenderText {#text} at (10,10) size 31x17
            text run at (10,10) width 31: "Back"
