layer at (0,0) size 800x600
  RenderView at (0,0) size 800x600
layer at (0,0) size 800x600
  RenderBlock {HTML} at (0,0) size 800x600
    RenderBody {BODY} at (8,8) size 784x576
      RenderBlock (anonymous) at (0,0) size 784x0
        RenderInline {SPAN} at (0,0) size 0x0
          RenderInline {SPAN} at (0,0) size 0x0
        RenderText {#text} at (0,0) size 0x0
      RenderBlock {H4} at (0,0) size 784x18
        RenderText {#text} at (0,0) size 83x18
          text run at (0,0) width 83: "Instructions"
      RenderBlock {P} at (0,39) size 784x19
        RenderText {#text} at (0,0) size 180x18
          text run at (0,0) width 180: "Click the following buttons."
      RenderBlock {OL} at (0,73) size 784x167
        RenderListItem {LI} at (40,0) size 744x18
          RenderListMarker at (-20,0) size 16x18: "1"
          RenderText {#text} at (0,0) size 199x18
            text run at (0,0) width 199: "Start with the outmost left one."
        RenderListItem {LI} at (40,18) size 744x18
          RenderListMarker at (-20,0) size 16x18: "2"
          RenderText {#text} at (0,0) size 138x18
            text run at (0,0) width 138: "Click the middle one."
        RenderListItem {LI} at (40,36) size 744x18
          RenderListMarker at (-20,0) size 16x18: "3"
          RenderText {#text} at (0,0) size 271x18
            text run at (0,0) width 271: "(The ouline will not be updated correctly.)"
        RenderListItem {LI} at (40,54) size 744x18
          RenderListMarker at (-20,0) size 16x18: "4"
          RenderText {#text} at (0,0) size 142x18
            text run at (0,0) width 142: "Click the right button."
        RenderListItem {LI} at (40,72) size 744x18
          RenderListMarker at (-20,0) size 16x18: "5"
          RenderText {#text} at (0,0) size 473x18
            text run at (0,0) width 473: "This will crash Safari 1.3 (v176 and v170, no other configurations tested)."
        RenderListItem {LI} at (40,90) size 744x18
          RenderListMarker at (-20,0) size 16x18: "6"
          RenderText {#text} at (0,0) size 300x18
            text run at (0,0) width 300: "The combination 2. 1. 3. will also crash Safari."
        RenderListItem {LI} at (40,108) size 744x18
          RenderListMarker at (-20,0) size 16x18: "7"
          RenderText {#text} at (0,0) size 457x18
            text run at (0,0) width 457: "1. 3. will not crash Safari. (But the outline should vanish. Shouldn't it?)"
        RenderListItem {LI} at (40,126) size 744x18
          RenderListMarker at (-20,0) size 16x18: "8"
          RenderText {#text} at (0,0) size 205x18
            text run at (0,0) width 205: "2. 3. will not crash Safari either."
        RenderBlock (anonymous) at (40,144) size 744x22
          RenderButton {INPUT} at (2,2) size 133x18 [color=#000000D8] [bgcolor=#C0C0C0]
            RenderBlock (anonymous) at (8,2) size 117x13
              RenderText at (0,0) size 117x13
                text run at (0,0) width 117: "1. Set outline property"
          RenderText {#text} at (136,1) size 5x18
            text run at (136,1) width 5: " "
          RenderButton {INPUT} at (142,2) size 136x18 [color=#000000D8] [bgcolor=#C0C0C0]
            RenderBlock (anonymous) at (8,2) size 120x13
              RenderText at (0,0) size 120x13
                text run at (0,0) width 120: "2. Set display property"
          RenderText {#text} at (279,1) size 5x18
            text run at (279,1) width 5: " "
          RenderButton {INPUT} at (285,2) size 147x18 [color=#000000D8] [bgcolor=#C0C0C0]
            RenderBlock (anonymous) at (8,2) size 131x13
              RenderText at (0,0) size 131x13
                text run at (0,0) width 131: "3. Replace span-element"
          RenderText {#text} at (0,0) size 0x0
