layer at (0,0) size 800x600
  RenderView at (0,0) size 800x600
layer at (0,0) size 800x351
  RenderBlock {html} at (0,0) size 800x351.44
    RenderBody {body} at (5.55,11.11) size 788.91x329.22
      RenderBlock {p} at (0,0) size 788.91x13
        RenderText {#text} at (0,0) size 84x13
          text run at (0,0) width 84: "Text above the rect"
      RenderBlock (anonymous) at (0,24.11) size 788.91x281
        RenderEmbeddedObject {object} at (0,0) size 277.77x277.77
          layer at (0,0) size 278x278
            RenderView at (0,0) size 278x278
          layer at (0,0) size 278x278 scrollWidth 400 scrollHeight 400
            RenderSVGRoot {svg} at (0,0) size 278x278
          layer at (0,0) size 278x278
            RenderSVGViewportContainer at (0,0) size 278x278
          layer at (0,0) size 100x100
            RenderSVGRect {rect} at (0,0) size 100x100 [stroke={[type=SOLID] [color=#008000] [stroke width=5.00]}] [fill={[type=SOLID] [color=#0000FF]}] [x=0.00] [y=0.00] [width=100.00] [height=100.00]
        RenderText {#text} at (0,0) size 0x0
      RenderBlock {p} at (0,316.22) size 788.91x13
        RenderText {#text} at (0,0) size 85x13
          text run at (0,0) width 85: "Text below the rect"
