layer at (0,0) size 800x600
  RenderView at (0,0) size 800x600
layer at (0,0) size 800x386
  RenderBlock {html} at (0,0) size 800x385.50
    RenderBody {body} at (5.55,5.55) size 788.91x374.41
      RenderTable {table} at (41.03,0) size 706.84x374.41
        RenderTableSection (anonymous) at (0,0) size 706.84x374.41
          RenderTableRow {tr} at (0,0) size 706.84x374.41
            RenderTableCell {td} at (0,0) size 706.84x374.41 [r=0 c=0 rs=1 cs=3]
              RenderTable {table} at (6.94,6.94) size 692.97x360.53
                RenderTableSection (anonymous) at (0,0) size 692.97x360.53
                  RenderTableRow {tr} at (0,1.38) size 692.97x66.84
                    RenderTableCell {td} at (1.38,1.38) size 690.22x66.84 [r=0 c=0 rs=1 cs=2]
                      RenderBlock {h1} at (5.55,20.42) size 679.13x26
                        RenderText {#text} at (102,0) size 475x26
                          text run at (102,0) width 475: "Both sides should have identical size after zooming"
                  RenderTableRow {tr} at (0,69.59) size 692.97x24.09
                    RenderTableCell {td} at (1.38,69.59) size 344.42x24.09 [r=1 c=0 rs=1 cs=1]
                      RenderText {#text} at (146,5) size 53x14
                        text run at (146,5) width 53: "SVG Image"
                    RenderTableCell {td} at (347.17,69.59) size 344.42x24.09 [r=1 c=1 rs=1 cs=1]
                      RenderText {#text} at (146,5) size 53x14
                        text run at (146,5) width 53: "PNG Image"
                  RenderTableRow {tr} at (0,95.06) size 692.97x264.09
                    RenderTableCell {td} at (1.38,95.06) size 344.42x264.09 [r=2 c=0 rs=1 cs=1]
                      RenderEmbeddedObject {object} at (5.55,5.55) size 333.33x249.98
                        layer at (0,0) size 333x250
                          RenderView at (0,0) size 333x250
                        layer at (0,0) size 333x250 scrollWidth 480 scrollHeight 360
                          RenderSVGRoot {svg} at (0,0) size 333x250
                        layer at (0,0) size 333x250
                          RenderSVGViewportContainer at (0,0) size 333x250
                        layer at (30,46) size 370x230 backgroundClip at (0,0) size 333x250 clip at (0,0) size 333x250
                          RenderSVGTransformableContainer {g} at (30,46) size 370x230
                        layer at (30,46) size 50x80
                          RenderSVGRect {rect} at (0,0) size 50x80 [stroke={[type=SOLID] [color=#000000]}] [x=30.00] [y=46.00] [width=50.00] [height=80.00]
                        layer at (130,46) size 50x80
                          RenderSVGRect {rect} at (100,0) size 50x80 [fill={[type=SOLID] [color=#FF0000]}] [x=130.00] [y=46.00] [width=50.00] [height=80.00]
                        layer at (250,46) size 50x80
                          RenderSVGRect {rect} at (220,0) size 50x80 [stroke={[type=SOLID] [color=#000000]}] [x=250.00] [y=46.00] [width=50.00] [height=80.00]
                        layer at (30,196) size 50x80 backgroundClip at (0,0) size 333x250 clip at (0,0) size 333x250
                          RenderSVGRect {rect} at (0,150) size 50x80 [stroke={[type=SOLID] [color=#0000FF] [stroke width=8.00]}] [x=30.00] [y=196.00] [width=50.00] [height=80.00]
                        layer at (130,196) size 50x80 backgroundClip at (0,0) size 333x250 clip at (0,0) size 333x250
                          RenderSVGRect {rect} at (100,150) size 50x80 [stroke={[type=SOLID] [color=#0000FF] [stroke width=8.00]}] [fill={[type=SOLID] [color=#00FF00]}] [x=130.00] [y=196.00] [width=50.00] [height=80.00]
                        layer at (250,196) size 50x80 backgroundClip at (0,0) size 333x250 clip at (0,0) size 333x250
                          RenderSVGRect {rect} at (220,150) size 50x80 [stroke={[type=SOLID] [color=#0000FF] [stroke width=8.00]}] [x=250.00] [y=196.00] [width=50.00] [height=80.00]
                        layer at (1,1) size 478x358 backgroundClip at (0,0) size 333x250 clip at (0,0) size 333x250
                          RenderSVGRect {rect} at (1,1) size 478x358 [stroke={[type=SOLID] [color=#000000]}] [x=1.00] [y=1.00] [width=478.00] [height=358.00]
                      RenderText {#text} at (0,0) size 0x0
                    RenderTableCell {td} at (347.17,95.06) size 344.42x264.09 [r=2 c=1 rs=1 cs=1]
                      RenderImage {img} at (5.55,5.55) size 333.33x249.97
                      RenderText {#text} at (0,0) size 0x0
