layer at (0,0) size 800x600
  RenderView at (0,0) size 800x600
layer at (0,0) size 800x600
  RenderBlock {HTML} at (0,0) size 800x600
    RenderBody {BODY} at (8,8) size 784x584
      RenderBlock {P} at (0,0) size 784x18
        RenderText {#text} at (456,0) size 328x18
          text run at (456,0) width 328: "This test tests bidi mirroring in Hebrew and Arabic"
      RenderBlock {P} at (0,34) size 784x18
        RenderText {#text} at (317,0) size 467x18
          text run at (317,0) width 467: "The parenthesis should be displayed as \"(...)...\" visually from left to right"
      RenderBlock {DIV} at (0,68) size 784x19
        RenderText {#text} at (750,1) size 34x18
          text run at (750,1) width 34 RTL: "\x{5E9}(\x{5E9})"
      RenderBlock {DIV} at (0,87) size 784x18
        RenderText {#text} at (762,0) size 22x18
          text run at (762,0) width 22 RTL: "\x{5C6}(\x{5C6})"
      RenderBlock {DIV} at (0,105) size 784x21
        RenderText {#text} at (758,1) size 26x18
          text run at (758,1) width 26 RTL: "\x{644}(\x{644})"
