layer at (0,0) size 900x600
  RenderView at (0,0) size 800x600
layer at (0,0) size 800x600
  RenderBlock {HTML} at (0,0) size 800x600
    RenderFrameSet {FRAMESET} at (0,0) size 900x300
      RenderFrame {FRAME} at (0,0) size 300x300
        layer at (0,0) size 300x300
          RenderView at (0,0) size 300x300
        layer at (0,0) size 300x300
          RenderBlock {HTML} at (0,0) size 300x300
            RenderBody {BODY} at (8,8) size 284x276 [bgcolor=#008000]
              RenderBlock {P} at (0,0) size 284x40
                RenderText {#text} at (0,0) size 272x39
                  text run at (0,0) width 272: "Test for frameset flattening. The flattening"
                  text run at (0,20) width 176: "only works inside the DRT."
              RenderBlock {P} at (0,56) size 284x40
                RenderText {#text} at (0,0) size 284x39
                  text run at (0,0) width 284: "This frame should be a square of side 300px"
                  text run at (0,20) width 248: "and not be scrollable (have scrollbars)."
        layer at (0,100) size 300x1
          RenderBlock (positioned) {DIV} at (0,100) size 300x1
      RenderFrame {FRAME} at (300,0) size 600x300
        layer at (0,0) size 600x300
          RenderView at (0,0) size 600x300
        layer at (0,0) size 600x300
          RenderBlock {HTML} at (0,0) size 600x300
            RenderBody {BODY} at (8,8) size 584x284
