layer at (0,0) size 9200x800
  RenderView at (0,0) size 800x600
layer at (0,0) size 800x600
  RenderBlock {HTML} at (0,0) size 800x600
    RenderBody {BODY} at (8,8) size 784x576
      RenderBlock {DIV} at (0,0) size 784x40
        RenderBlock {P} at (0,0) size 784x40
          RenderText {#text} at (0,0) size 781x39
            text run at (0,0) width 781: "Test that an iframe with negative coordinates is not flattened, but an iframe with positive coordinates is, even if it is out of"
            text run at (0,20) width 35: "view."
      RenderBlock {P} at (0,56) size 784x0
      RenderBlock {P} at (0,56) size 784x0
layer at (1200,0) size 8000x800
  RenderIFrame {IFRAME} at (1200,0) size 8000x800
    layer at (0,0) size 8000x800
      RenderView at (0,0) size 8000x800
    layer at (0,0) size 8000x800
      RenderBlock {HTML} at (0,0) size 8000x800
        RenderBody {BODY} at (8,8) size 7984x784 [bgcolor=#0000FF]
    layer at (0,0) size 8000x800
      RenderBlock (positioned) {DIV} at (0,0) size 8000x800
        RenderText {#text} at (0,0) size 453x19
          text run at (0,0) width 453: "You will not see me but you will see the horizontal scrollbar streching."
