layer at (0,0) size 800x600
  RenderView at (0,0) size 800x600
layer at (0,0) size 800x600
  RenderBlock {HTML} at (0,0) size 800x600
    RenderBody {BODY} at (8,8) size 784x584
      RenderText {#text} at (0,0) size 247x18
        text run at (0,0) width 247: "The two blue boxes should be aligned."
      RenderBR {BR} at (246,0) size 1x18
      RenderText {#text} at (0,18) size 240x18
        text run at (0,18) width 240: "The two red boxes should be aligned."
      RenderBR {BR} at (239,18) size 1x18
      RenderText {#text} at (0,36) size 344x18
        text run at (0,36) width 344: "The text in the blue boxes should be on the same line."
      RenderBR {BR} at (343,36) size 1x18
      RenderText {#text} at (0,54) size 337x18
        text run at (0,54) width 337: "The text in the red boxes should be on the same line."
      RenderBR {BR} at (336,54) size 1x18
      RenderText {#text} at (0,72) size 646x18
        text run at (0,72) width 646: "The top of the first red box should line up with the bottom of the second last line of the last blue box."
      RenderBR {BR} at (645,72) size 1x18
      RenderBlock {P} at (0,90) size 68x76 [border: (2px solid #0000FF)]
        RenderText {#text} at (2,2) size 64x18
          text run at (2,2) width 64: "All on the"
        RenderBR {BR} at (65,2) size 1x18
        RenderText {#text} at (2,20) size 64x18
          text run at (2,20) width 64: "All on the"
        RenderBR {BR} at (65,20) size 1x18
        RenderText {#text} at (2,38) size 64x18
          text run at (2,38) width 64: "All on the"
        RenderBR {BR} at (65,38) size 1x18
        RenderText {#text} at (2,56) size 64x18
          text run at (2,56) width 64: "All on the"
      RenderText {#text} at (68,146) size 4x18
        text run at (68,146) width 4: " "
      RenderBlock {P} at (72,90) size 69x76 [border: (2px solid #0000FF)]
        RenderBlock {SPAN} at (2,2) size 65x72
          RenderText {#text} at (0,0) size 65x18
            text run at (0,0) width 65: "same line."
          RenderBR {BR} at (64,0) size 1x18
          RenderText {#text} at (0,18) size 65x18
            text run at (0,18) width 65: "same line."
          RenderBR {BR} at (64,18) size 1x18
          RenderText {#text} at (0,36) size 65x18
            text run at (0,36) width 65: "same line."
          RenderBR {BR} at (64,36) size 1x18
          RenderText {#text} at (0,54) size 65x18
            text run at (0,54) width 65: "same line."
      RenderText {#text} at (140,146) size 5x18
        text run at (140,146) width 5: " "
      RenderTable {TABLE} at (144,140) size 69x76 [border: (2px solid #FF0000)]
        RenderTableSection {TBODY} at (2,2) size 64x72
          RenderTableRow {TR} at (0,0) size 64x18
            RenderTableCell {TD} at (0,0) size 64x18 [r=0 c=0 rs=1 cs=1]
              RenderText {#text} at (0,0) size 64x18
                text run at (0,0) width 64: "All on the"
          RenderTableRow {TR} at (0,18) size 64x18
            RenderTableCell {TD} at (0,18) size 64x18 [r=1 c=0 rs=1 cs=1]
              RenderText {#text} at (0,0) size 64x18
                text run at (0,0) width 64: "All on the"
          RenderTableRow {TR} at (0,36) size 64x18
            RenderTableCell {TD} at (0,36) size 64x18 [r=2 c=0 rs=1 cs=1]
              RenderText {#text} at (0,0) size 64x18
                text run at (0,0) width 64: "All on the"
          RenderTableRow {TR} at (0,54) size 64x18
            RenderTableCell {TD} at (0,54) size 64x18 [r=3 c=0 rs=1 cs=1]
              RenderText {#text} at (0,0) size 64x18
                text run at (0,0) width 64: "All on the"
      RenderText {#text} at (212,146) size 5x18
        text run at (212,146) width 5: " "
      RenderTable {TABLE} at (216,140) size 74x76 [border: (2px solid #FF0000)]
        RenderTableSection {TBODY} at (2,2) size 69x72
          RenderTableRow {TR} at (0,0) size 69x18
            RenderTableCell {TD} at (0,0) size 69x18 [r=0 c=0 rs=1 cs=1]
              RenderText {#text} at (0,0) size 69x18
                text run at (0,0) width 69: "same line. "
          RenderTableRow {TR} at (0,18) size 69x18
            RenderTableCell {TD} at (0,18) size 69x18 [r=1 c=0 rs=1 cs=1]
              RenderText {#text} at (0,0) size 69x18
                text run at (0,0) width 69: "same line. "
          RenderTableRow {TR} at (0,36) size 69x18
            RenderTableCell {TD} at (0,36) size 69x18 [r=2 c=0 rs=1 cs=1]
              RenderText {#text} at (0,0) size 69x18
                text run at (0,0) width 69: "same line. "
          RenderTableRow {TR} at (0,54) size 69x18
            RenderTableCell {TD} at (0,54) size 69x18 [r=3 c=0 rs=1 cs=1]
              RenderText {#text} at (0,0) size 65x18
                text run at (0,0) width 65: "same line."
      RenderText {#text} at (0,0) size 0x0
