layer at (0,0) size 800x600
  RenderView at (0,0) size 800x600
layer at (0,0) size 800x600
  RenderBlock {HTML} at (0,0) size 800x600
    RenderBody {BODY} at (8,8) size 784x584
      RenderBlock {P} at (0,0) size 784x18
        RenderText {#text} at (0,0) size 96x18
          text run at (0,0) width 96: "This test is for "
        RenderInline {A} at (0,0) size 305x18 [color=#0000EE]
          RenderText {#text} at (95,0) size 305x18
            text run at (95,0) width 305: "http://bugs.webkit.org/show_bug.cgi?id=14498"
        RenderText {#text} at (399,0) size 5x18
          text run at (399,0) width 5: "."
      RenderBlock {P} at (0,34) size 784x18
        RenderText {#text} at (0,0) size 410x18
          text run at (0,0) width 410: "Click inside the right border. The caret should move after \x{201C}bar\x{201D}."
      RenderBlock (anonymous) at (0,68) size 784x18
        RenderInline {SPAN} at (0,0) size 66x38 [border: (10px solid #0000FF)]
          RenderText {#text} at (0,0) size 0x0
          RenderBlock {DIV} at (10,0) size 22x18
            RenderText {#text} at (0,0) size 22x18
              text run at (0,0) width 22: "foo"
          RenderText {#text} at (31,0) size 5x18
            text run at (31,0) width 5: " "
          RenderBlock {DIV} at (35,0) size 21x18
            RenderText {#text} at (0,0) size 21x18
              text run at (0,0) width 21: "bar"
          RenderText {#text} at (0,0) size 0x0
        RenderText {#text} at (0,0) size 0x0
caret: position 3 of child 0 {#text} of child 3 {DIV} of child 5 {SPAN} of body
