layer at (0,0) size 800x600
  RenderView at (0,0) size 800x600
layer at (0,0) size 800x600
  RenderBlock {HTML} at (0,0) size 800x600
    RenderBody {BODY} at (8,8) size 784x584
      RenderText {#text} at (0,0) size 749x36
        text run at (0,0) width 749: "It is not clear what the right behavior is here. The CSS2.1 draft is currently ambiguous about how to handle overflow"
        text run at (0,18) width 46: "blocks."
      RenderBR {BR} at (45,18) size 1x18
      RenderText {#text} at (104,426) size 4x18
        text run at (104,426) width 4: " "
      RenderText {#text} at (0,0) size 0x0
layer at (8,244) size 104x204 clip at (10,246) size 85x200 scrollHeight 468
  RenderBlock {DIV} at (0,236) size 104x204 [border: (2px solid #800080)]
    RenderText {#text} at (2,2) size 81x36
      text run at (2,2) width 81: "This is some"
      text run at (2,20) width 28: "text."
    RenderBR {BR} at (29,20) size 1x18
    RenderText {#text} at (2,38) size 81x36
      text run at (2,38) width 81: "This is some"
      text run at (2,56) width 28: "text."
    RenderBR {BR} at (29,56) size 1x18
    RenderText {#text} at (2,74) size 81x36
      text run at (2,74) width 81: "This is some"
      text run at (2,92) width 28: "text."
    RenderBR {BR} at (29,92) size 1x18
    RenderText {#text} at (2,110) size 81x36
      text run at (2,110) width 81: "This is some"
      text run at (2,128) width 28: "text."
    RenderBR {BR} at (29,128) size 1x18
    RenderText {#text} at (2,146) size 81x36
      text run at (2,146) width 81: "This is some"
      text run at (2,164) width 28: "text."
    RenderBR {BR} at (29,164) size 1x18
    RenderText {#text} at (2,182) size 81x36
      text run at (2,182) width 81: "This is some"
      text run at (2,200) width 28: "text."
    RenderBR {BR} at (29,200) size 1x18
    RenderText {#text} at (2,218) size 81x36
      text run at (2,218) width 81: "This is some"
      text run at (2,236) width 28: "text."
    RenderBR {BR} at (29,236) size 1x18
    RenderText {#text} at (2,254) size 81x36
      text run at (2,254) width 81: "This is some"
      text run at (2,272) width 28: "text."
    RenderBR {BR} at (29,272) size 1x18
    RenderText {#text} at (2,290) size 81x36
      text run at (2,290) width 81: "This is some"
      text run at (2,308) width 28: "text."
    RenderBR {BR} at (29,308) size 1x18
    RenderText {#text} at (2,326) size 81x36
      text run at (2,326) width 81: "This is some"
      text run at (2,344) width 28: "text."
    RenderBR {BR} at (29,344) size 1x18
    RenderText {#text} at (2,362) size 81x36
      text run at (2,362) width 81: "This is some"
      text run at (2,380) width 28: "text."
    RenderBR {BR} at (29,380) size 1x18
    RenderText {#text} at (2,398) size 81x36
      text run at (2,398) width 81: "This is some"
      text run at (2,416) width 28: "text."
    RenderBR {BR} at (29,416) size 1x18
    RenderText {#text} at (2,434) size 81x36
      text run at (2,434) width 81: "This is some"
      text run at (2,452) width 28: "text."
    RenderBR {BR} at (29,452) size 1x18
layer at (116,44) size 204x404 clip at (118,46) size 200x400
  RenderBlock {DIV} at (108,36) size 204x404 [border: (2px solid #000000)]
    RenderText {#text} at (2,2) size 113x18
      text run at (2,2) width 113: "This is some text."
    RenderBR {BR} at (114,2) size 1x18
    RenderText {#text} at (2,20) size 113x18
      text run at (2,20) width 113: "This is some text."
    RenderBR {BR} at (114,20) size 1x18
    RenderText {#text} at (2,38) size 113x18
      text run at (2,38) width 113: "This is some text."
    RenderBR {BR} at (114,38) size 1x18
    RenderText {#text} at (2,56) size 113x18
      text run at (2,56) width 113: "This is some text."
    RenderBR {BR} at (114,56) size 1x18
    RenderText {#text} at (2,74) size 113x18
      text run at (2,74) width 113: "This is some text."
    RenderBR {BR} at (114,74) size 1x18
    RenderText {#text} at (2,92) size 113x18
      text run at (2,92) width 113: "This is some text."
    RenderBR {BR} at (114,92) size 1x18
    RenderText {#text} at (2,110) size 113x18
      text run at (2,110) width 113: "This is some text."
    RenderBR {BR} at (114,110) size 1x18
    RenderText {#text} at (2,128) size 113x18
      text run at (2,128) width 113: "This is some text."
    RenderBR {BR} at (114,128) size 1x18
    RenderText {#text} at (2,146) size 113x18
      text run at (2,146) width 113: "This is some text."
    RenderBR {BR} at (114,146) size 1x18
    RenderText {#text} at (2,164) size 113x18
      text run at (2,164) width 113: "This is some text."
    RenderBR {BR} at (114,164) size 1x18
    RenderText {#text} at (2,182) size 113x18
      text run at (2,182) width 113: "This is some text."
    RenderBR {BR} at (114,182) size 1x18
    RenderText {#text} at (2,200) size 113x18
      text run at (2,200) width 113: "This is some text."
    RenderBR {BR} at (114,200) size 1x18
    RenderText {#text} at (2,218) size 113x18
      text run at (2,218) width 113: "This is some text."
    RenderBR {BR} at (114,218) size 1x18
