layer at (0,0) size 800x600
  RenderView at (0,0) size 800x600
layer at (0,0) size 800x600
  RenderBlock {HTML} at (0,0) size 800x600
    RenderBody {BODY} at (8,8) size 784x576
      RenderBlock {H2} at (0,0) size 784x28
        RenderText {#text} at (0,0) size 362x28
          text run at (0,0) width 362: "SeaMonkey XPInstall Trigger Page"
      RenderBlock {HR} at (0,47) size 784x3 [border: (1px inset #000000)]
      RenderBlock {FORM} at (0,57) size 784x56
        RenderTable {TABLE} at (0,0) size 669x55
          RenderTableSection {TBODY} at (0,0) size 669x55
            RenderTableRow {TR} at (0,2) size 669x25
              RenderTableCell {TD} at (2,4) size 106x21 [r=0 c=0 rs=1 cs=1]
                RenderInline {B} at (0,0) size 95x19
                  RenderText {#text} at (1,1) size 95x19
                    text run at (1,2) width 95: "Trigger URL:"
              RenderTableCell {TD} at (109,2) size 468x25 [r=0 c=1 rs=1 cs=1]
                RenderTextControl {INPUT} at (3,3) size 462x19 [bgcolor=#FFFFFF] [border: (2px inset #000000)]
              RenderTableCell {TD} at (578,2) size 89x25 [r=0 c=2 rs=1 cs=1]
                RenderButton {INPUT} at (3,3) size 54x18 [color=#000000D8] [bgcolor=#C0C0C0]
                  RenderBlock (anonymous) at (8,2) size 38x13
                    RenderText at (0,0) size 38x13
                      text run at (0,0) width 38: "Trigger"
            RenderTableRow {TR} at (0,29) size 669x24
              RenderTableCell {TD} at (2,31) size 106x20 [r=1 c=0 rs=1 cs=1]
                RenderInline {B} at (0,0) size 104x18
                  RenderText {#text} at (1,1) size 104x18
                    text run at (1,1) width 104: "Run Test Case:"
              RenderTableCell {TD} at (109,29) size 468x24 [r=1 c=1 rs=1 cs=1]
                RenderMenuList {SELECT} at (3,3) size 255x18 [color=#000000D8] [bgcolor=#FFFFFF]
                  RenderBlock (anonymous) at (0,0) size 255x18
                    RenderText at (8,2) size 70x13
                      text run at (8,2) width 70: "a_abortinstall"
                RenderText {#text} at (0,0) size 0x0
              RenderTableCell {TD} at (578,29) size 89x24 [r=1 c=2 rs=1 cs=1]
                RenderButton {INPUT} at (3,3) size 82x18 [color=#000000D8] [bgcolor=#C0C0C0]
                  RenderBlock (anonymous) at (8,2) size 66x13
                    RenderText at (0,0) size 66x13
                      text run at (0,0) width 66: "Trigger case"
layer at (123,74) size 456x13
  RenderBlock {DIV} at (3,3) size 456x13
    RenderText {#text} at (0,0) size 94x13
      text run at (0,0) width 94: "http://jimbob/jars/"
