layer at (0,0) size 800x600
  RenderView at (0,0) size 800x600
layer at (0,0) size 800x600
  RenderBlock {HTML} at (0,0) size 800x600
    RenderBody {BODY} at (8,8) size 784x576
      RenderTable {TABLE} at (0,0) size 66x46
        RenderTableSection {THEAD} at (0,0) size 66x24
          RenderTableRow {TR} at (0,2) size 66x20
            RenderTableCell {TD} at (2,2) size 62x20 [r=0 c=0 rs=1 cs=1]
              RenderText {#text} at (1,1) size 60x18
                text run at (1,1) width 60: "The head"
        RenderTableSection {TBODY} at (0,24) size 66x22
          RenderTableRow {TR} at (0,0) size 66x20
            RenderTableCell {TD} at (2,0) size 62x20 [r=0 c=0 rs=1 cs=1]
              RenderText {#text} at (1,1) size 59x18
                text run at (1,1) width 59: "First row"
      RenderBlock {FORM} at (0,46) size 784x22
        RenderButton {INPUT} at (2,2) size 47x18 [color=#000000D8] [bgcolor=#C0C0C0]
          RenderBlock (anonymous) at (8,2) size 31x13
            RenderText at (0,0) size 31x13
              text run at (0,0) width 31: "insert"
        RenderText {#text} at (0,0) size 0x0
