layer at (0,0) size 800x600
  RenderView at (0,0) size 800x600
layer at (0,0) size 800x600
  RenderBlock {HTML} at (0,0) size 800x600
    RenderBody {BODY} at (8,8) size 784x576
      RenderTable {TABLE} at (0,0) size 379x28 [border: (3px outset #808080)]
        RenderTableSection {TBODY} at (3,3) size 373x22
          RenderTableRow {TR} at (0,0) size 373x22
            RenderTableCell {TD} at (0,0) size 69x22 [border: (1px inset #808080)] [r=0 c=0 rs=1 cs=1]
              RenderText {#text} at (2,2) size 65x18
                text run at (2,2) width 65: "fieldLabel"
            RenderTableCell {TD} at (68,0) size 305x22 [border: (1px inset #808080)] [r=0 c=1 rs=1 cs=1]
              RenderText {#text} at (2,2) size 107x18
                text run at (2,2) width 107: "   InspectionText"
      RenderBlock {FORM} at (0,28) size 784x22
        RenderButton {INPUT} at (2,2) size 87x18 [color=#000000D8] [bgcolor=#C0C0C0]
          RenderBlock (anonymous) at (8,2) size 71x13
            RenderText at (0,0) size 71x13
              text run at (0,0) width 71: "change width"
        RenderText {#text} at (90,1) size 5x18
          text run at (90,1) width 5: " "
        RenderButton {INPUT} at (96,2) size 178x18 [color=#000000D8] [bgcolor=#C0C0C0]
          RenderBlock (anonymous) at (8,2) size 161x13
            RenderText at (0,0) size 161x13
              text run at (0,0) width 161: "change width with table reflow"
        RenderText {#text} at (0,0) size 0x0
