layer at (0,0) size 800x600
  RenderView at (0,0) size 800x600
layer at (0,0) size 800x600
  RenderBlock {HTML} at (0,0) size 800x600
    RenderBody {BODY} at (8,8) size 784x576 [bgcolor=#FFFFFF]
      RenderBlock {P} at (0,0) size 784x36
        RenderText {#text} at (0,0) size 775x36
          text run at (0,0) width 441: "Click on a link on the left hand column. Also note the overlap of the "
          text run at (440,0) width 335: "text box with the submit button. (And, removing the"
          text run at (0,18) width 156: "font tag that is wrapped "
          text run at (155,18) width 239: "around the text box clears up layout)."
      RenderBlock (anonymous) at (0,52) size 784x18
        RenderBR {BR} at (0,0) size 0x18
      RenderBlock {FORM} at (0,70) size 784x136
        RenderBlock {CENTER} at (0,0) size 784x136
          RenderTable {TABLE} at (92,0) size 600x136 [bgcolor=#EEEEEE] [border: (1px outset #808080)]
            RenderTableSection {TBODY} at (1,1) size 598x134
              RenderTableRow {TR} at (0,3) size 598x128
                RenderTableCell {TD} at (3,3) size 124x128 [border: (1px inset #808080)] [r=0 c=0 rs=1 cs=1]
                  RenderTable {TABLE} at (4,4) size 116x120 [bgcolor=#FFFFFF] [border: (1px outset #808080)]
                    RenderTableSection {TBODY} at (1,1) size 114x118
                      RenderTableRow {TR} at (0,2) size 114x28
                        RenderTableCell {TD} at (2,3) size 110x25 [bgcolor=#CCCCCC] [border: (1px inset #808080)] [r=0 c=0 rs=1 cs=1]
                          RenderInline {A} at (0,0) size 62x19 [color=#660099]
                            RenderInline {B} at (0,0) size 62x19
                              RenderText {#text} at (3,3) size 62x19
                                text run at (3,4) width 62: "Netscape"
                          RenderText {#text} at (0,0) size 0x0
                      RenderTableRow {TR} at (0,31) size 114x28
                        RenderTableCell {TD} at (2,33) size 110x25 [bgcolor=#FFFFFF] [border: (1px inset #808080)] [r=1 c=0 rs=1 cs=1]
                          RenderInline {A} at (0,0) size 58x19 [color=#660099]
                            RenderInline {B} at (0,0) size 58x19
                              RenderText {#text} at (3,3) size 58x19
                                text run at (3,4) width 58: "Infoseek"
                          RenderText {#text} at (0,0) size 0x0
                      RenderTableRow {TR} at (0,61) size 114x28
                        RenderTableCell {TD} at (2,62) size 110x25 [bgcolor=#FFFFFF] [border: (1px inset #808080)] [r=2 c=0 rs=1 cs=1]
                          RenderInline {A} at (0,0) size 79x19 [color=#660099]
                            RenderInline {B} at (0,0) size 79x19
                              RenderText {#text} at (3,3) size 79x19
                                text run at (3,4) width 79: "LookSmart"
                          RenderText {#text} at (0,0) size 0x0
                      RenderTableRow {TR} at (0,90) size 114x26
                        RenderTableCell {TD} at (2,91) size 110x25 [bgcolor=#FFFFFF] [border: (1px inset #808080)] [r=3 c=0 rs=1 cs=1]
                          RenderInline {A} at (0,0) size 66x19 [color=#660099]
                            RenderInline {B} at (0,0) size 66x19
                              RenderText {#text} at (3,3) size 66x19
                                text run at (3,4) width 66: "Directory"
                          RenderText {#text} at (0,0) size 0x0
                RenderTableCell {TD} at (129,25) size 467x84 [bgcolor=#CCCCCC] [border: (1px inset #808080)] [r=0 c=1 rs=1 cs=1]
                  RenderTable {TABLE} at (4,4) size 458x75 [border: (1px outset #808080)]
                    RenderTableSection {TBODY} at (1,1) size 456x73
                      RenderTableRow {TR} at (0,4) size 456x33
                        RenderTableCell {TD} at (4,4) size 349x33 [border: (1px inset #808080)] [r=0 c=0 rs=1 cs=3]
                          RenderInline {FONT} at (0,0) size 298x15
                            RenderText {#text} at (0,0) size 0x0
                            RenderTextControl {INPUT} at (7,7) size 294x19 [bgcolor=#FFFFFF] [border: (2px inset #000000)]
                            RenderText {#text} at (0,0) size 0x0
                          RenderText {#text} at (0,0) size 0x0
                        RenderTableCell {TD} at (356,4) size 96x32 [border: (1px inset #808080)] [r=0 c=3 rs=1 cs=1]
                          RenderButton {INPUT} at (7,7) size 53x18 [color=#000000D8] [bgcolor=#C0C0C0]
                            RenderBlock (anonymous) at (8,2) size 37x13
                              RenderText at (0,0) size 37x13
                                text run at (0,0) width 37: "Search"
                          RenderText {#text} at (0,0) size 0x0
                      RenderTableRow {TR} at (0,41) size 456x28
                        RenderTableCell {TD} at (4,41) size 114x28 [border: (1px inset #808080)] [r=1 c=0 rs=1 cs=1]
                          RenderText {#text} at (5,5) size 27x18
                            text run at (5,5) width 27: "asdf"
                        RenderTableCell {TD} at (121,41) size 114x28 [border: (1px inset #808080)] [r=1 c=1 rs=1 cs=1]
                          RenderText {#text} at (5,5) size 27x18
                            text run at (5,5) width 27: "asdf"
                        RenderTableCell {TD} at (238,41) size 115x28 [border: (1px inset #808080)] [r=1 c=2 rs=1 cs=1]
                          RenderText {#text} at (5,5) size 27x18
                            text run at (5,5) width 27: "asdf"
                        RenderTableCell {TD} at (356,41) size 96x28 [border: (1px inset #808080)] [r=1 c=3 rs=1 cs=1]
                          RenderText {#text} at (5,5) size 27x18
                            text run at (5,5) width 27: "asdf"
layer at (249,124) size 288x13
  RenderBlock {DIV} at (3,3) size 288x13
