layer at (0,0) size 800x888
  RenderView at (0,0) size 800x600
layer at (0,0) size 800x888
  RenderBlock {HTML} at (0,0) size 800x888
    RenderBody {BODY} at (8,8) size 784x872
      RenderBlock {DIV} at (0,0) size 784x109
        RenderText {#text} at (0,0) size 47x19
          text run at (0,0) width 47: "Blank: "
        RenderAttachment {ATTACHMENT} at (47,16) size 339x92 [color=#007AFF]
          RenderGrid {DIV} at (0,0) size 338x92 [bgcolor=#74748014]
            RenderGrid {DIV} at (0,0) size 76x92
              RenderImage {IMG} at (10,10) size 72x72
            RenderGrid {DIV} at (76,0) size 262x92
              RenderGrid {DIV} at (6,46) size 230x0
      RenderBlock {DIV} at (0,109) size 784x109
        RenderText {#text} at (0,0) size 39x19
          text run at (0,0) width 39: "Title: "
        RenderAttachment {ATTACHMENT} at (39,16) size 339x92 [color=#007AFF]
          RenderGrid {DIV} at (0,0) size 338x92 [bgcolor=#74748014]
            RenderGrid {DIV} at (0,0) size 76x92
              RenderImage {IMG} at (10,10) size 72x72
            RenderGrid {DIV} at (76,0) size 262x92
              RenderGrid {DIV} at (6,31) size 230x30
      RenderBlock {DIV} at (0,218) size 784x109
        RenderText {#text} at (0,0) size 83x19
          text run at (0,0) width 83: "and subtitle: "
        RenderAttachment {ATTACHMENT} at (83,16) size 339x92 [color=#007AFF]
          RenderGrid {DIV} at (0,0) size 338x92 [bgcolor=#74748014]
            RenderGrid {DIV} at (0,0) size 76x92
              RenderImage {IMG} at (10,10) size 72x72
            RenderGrid {DIV} at (76,0) size 262x92
              RenderGrid {DIV} at (6,31) size 230x30
      RenderBlock {DIV} at (0,327) size 784x109
        RenderText {#text} at (0,0) size 52x19
          text run at (0,0) width 52: "Action: "
        RenderAttachment {ATTACHMENT} at (52,16) size 339x92 [color=#007AFF]
          RenderGrid {DIV} at (0,0) size 338x92 [bgcolor=#74748014]
            RenderGrid {DIV} at (0,0) size 76x92
              RenderImage {IMG} at (10,10) size 72x72
            RenderGrid {DIV} at (76,0) size 262x92
              RenderGrid {DIV} at (6,22) size 230x48
      RenderBlock {DIV} at (0,436) size 784x109
        RenderText {#text} at (0,0) size 40x19
          text run at (0,0) width 40: "Save: "
        RenderAttachment {ATTACHMENT} at (40,16) size 339x92 [color=#007AFF]
          RenderGrid {DIV} at (0,0) size 338x92 [bgcolor=#74748014]
            RenderGrid {DIV} at (0,0) size 76x92
              RenderImage {IMG} at (10,10) size 72x72
            RenderGrid {DIV} at (76,0) size 262x92
              RenderGrid {DIV} at (6,26) size 230x40
                RenderBlock {DIV} at (190,0) size 40x40
                  RenderButton {BUTTON} at (0,0) size 40x40 [bgcolor=#7676801F]
                    RenderBlock (anonymous) at (11,0) size 18x40
      RenderBlock {DIV} at (0,545) size 784x109
        RenderText {#text} at (0,0) size 97x19
          text run at (0,0) width 97: "Zero progress: "
        RenderAttachment {ATTACHMENT} at (97,16) size 339x92 [color=#007AFF]
          RenderGrid {DIV} at (0,0) size 338x92 [bgcolor=#74748014]
            RenderGrid {DIV} at (0,0) size 76x92
              RenderImage {IMG} at (10,10) size 72x72
            RenderGrid {DIV} at (76,0) size 262x92
              RenderGrid {DIV} at (6,37) size 230x18
      RenderBlock {DIV} at (0,654) size 784x109
        RenderText {#text} at (0,0) size 96x19
          text run at (0,0) width 96: "75% progress: "
        RenderAttachment {ATTACHMENT} at (96,16) size 339x92 [color=#007AFF]
          RenderGrid {DIV} at (0,0) size 338x92 [bgcolor=#74748014]
            RenderGrid {DIV} at (0,0) size 76x92
              RenderImage {IMG} at (10,10) size 72x72
              RenderBlock {DIV} at (10,10) size 72x72 [color=#3C3C4399]
                RenderBlock {DIV} at (0,0) size 72x72 [border: (4px solid #3C3C4399)]
            RenderGrid {DIV} at (76,0) size 262x92
              RenderGrid {DIV} at (6,37) size 230x18
      RenderBlock {DIV} at (0,763) size 784x109
        RenderText {#text} at (0,0) size 104x19
          text run at (0,0) width 104: "100% progress: "
        RenderAttachment {ATTACHMENT} at (104,16) size 339x92 [color=#007AFF]
          RenderGrid {DIV} at (0,0) size 338x92 [bgcolor=#74748014]
            RenderGrid {DIV} at (0,0) size 76x92
              RenderImage {IMG} at (10,10) size 72x72
              RenderBlock {DIV} at (10,10) size 72x72 [color=#3C3C4399]
                RenderBlock {DIV} at (0,0) size 72x72 [border: (4px solid #3C3C4399)]
            RenderGrid {DIV} at (76,0) size 262x92
              RenderGrid {DIV} at (6,37) size 230x18
layer at (129,164) size 230x17
  RenderDeprecatedFlexibleBox {DIV} at (0,0) size 230x17 [color=#000000]
    RenderBlock (anonymous) at (0,0) size 230x17
      RenderText {#text} at (0,0) size 29x17
        text run at (0,0) width 29: "Title"
layer at (129,181) size 230x13
  RenderDeprecatedFlexibleBox {DIV} at (0,17) size 230x13 [color=#3C3C4399]
    RenderBlock (anonymous) at (0,0) size 230x13
      RenderText {#text} at (0,0) size 38x13
        text run at (0,0) width 38: "Subtitle"
layer at (174,273) size 230x17
  RenderDeprecatedFlexibleBox {DIV} at (0,0) size 230x17 [color=#000000]
    RenderBlock (anonymous) at (0,0) size 230x17
      RenderText {#text} at (0,0) size 29x17
        text run at (0,0) width 29: "Title"
layer at (174,290) size 230x13
  RenderDeprecatedFlexibleBox {DIV} at (0,17) size 230x13 [color=#3C3C4399]
    RenderBlock (anonymous) at (0,0) size 230x13
      RenderText {#text} at (0,0) size 38x13
        text run at (0,0) width 38: "Subtitle"
layer at (143,374) size 230x17
  RenderDeprecatedFlexibleBox {DIV} at (0,0) size 230x17 [color=#3C3C4399]
    RenderBlock (anonymous) at (0,0) size 230x17
      RenderText {#text} at (0,0) size 106x17
        text run at (0,0) width 106: "Tap to download"
layer at (143,391) size 230x17
  RenderDeprecatedFlexibleBox {DIV} at (0,17) size 230x17 [color=#000000]
    RenderBlock (anonymous) at (0,0) size 230x17
      RenderText {#text} at (0,0) size 52x17
        text run at (0,0) width 52: "\x{200E}\x{2068}Title\x{2069}\x{200B}.txt"
layer at (143,408) size 230x13
  RenderDeprecatedFlexibleBox {DIV} at (0,34) size 230x13 [color=#3C3C4399]
    RenderBlock (anonymous) at (0,0) size 230x13
      RenderText {#text} at (0,0) size 38x13
        text run at (0,0) width 38: "Subtitle"
layer at (131,486) size 118x8 backgroundClip at (131,486) size 117x8 clip at (131,486) size 117x8
  RenderDeprecatedFlexibleBox {DIV} at (0,0) size 118x8 [color=#3C3C4399]
layer at (131,494) size 118x24 backgroundClip at (131,494) size 117x24 clip at (131,494) size 117x24
  RenderDeprecatedFlexibleBox {DIV} at (0,7) size 118x26 [color=#000000]
    RenderBlock (anonymous) at (0,0) size 118x17
      RenderText {#text} at (0,0) size 56x17
        text run at (0,0) width 56: "\x{200E}\x{2068}Title\x{2069}\x{200B}.pdf"
layer at (131,518) size 118x8 backgroundClip at (131,518) size 117x8 clip at (131,518) size 117x8
  RenderDeprecatedFlexibleBox {DIV} at (0,32) size 118x8 [color=#3C3C4399]
layer at (188,607) size 230x17
  RenderDeprecatedFlexibleBox {DIV} at (0,0) size 230x17 [color=#000000]
    RenderBlock (anonymous) at (0,0) size 230x17
      RenderText {#text} at (0,0) size 56x17
        text run at (0,0) width 56: "\x{200E}\x{2068}Title\x{2069}\x{200B}.pdf"
layer at (187,716) size 230x17
  RenderDeprecatedFlexibleBox {DIV} at (0,0) size 230x17 [color=#000000]
    RenderBlock (anonymous) at (0,0) size 230x17
      RenderText {#text} at (0,0) size 56x17
        text run at (0,0) width 56: "\x{200E}\x{2068}Title\x{2069}\x{200B}.pdf"
layer at (195,825) size 230x17
  RenderDeprecatedFlexibleBox {DIV} at (0,0) size 230x17 [color=#000000]
    RenderBlock (anonymous) at (0,0) size 230x17
      RenderText {#text} at (0,0) size 56x17
        text run at (0,0) width 56: "\x{200E}\x{2068}Title\x{2069}\x{200B}.pdf"
layer at (332,486) size 18x40
  RenderBlock {DIV} at (0,0) size 18x40 [bgcolor=#007AFF]
layer at (116,579) size 72x72
  RenderBlock {DIV} at (10,10) size 72x72 [bgcolor=#000000]
