layer at (0,0) size 800x600
  RenderView at (0,0) size 800x600
layer at (0,0) size 800x600
  RenderBlock {HTML} at (0,0) size 800x600
    RenderBody {BODY} at (8,8) size 784x584
      RenderText {#text} at (190,105) size 4x19
        text run at (190,105) width 4: " "
      RenderText {#text} at (384,105) size 4x19
        text run at (384,105) width 4: " "
      RenderText {#text} at (578,105) size 4x19
        text run at (578,105) width 4: " "
      RenderText {#text} at (772,105) size 4x19
        text run at (772,105) width 4: " "
      RenderText {#text} at (0,0) size 0x0
layer at (23,23) size 160x90
  RenderImage {IMG} at (15,15) size 160x90
layer at (217,23) size 160x90
  RenderImage {IMG} at (209,15) size 160x90
layer at (411,23) size 160x90
  RenderImage {IMG} at (403,15) size 160x90
layer at (605,23) size 160x90
  RenderImage {IMG} at (597,15) size 160x90
layer at (23,148) size 160x90
  RenderImage {IMG} at (15,140) size 160x90
