layer at (0,0) size 800x600
  RenderView at (0,0) size 800x600
layer at (0,0) size 800x600
  RenderBlock {HTML} at (0,0) size 800x600
    RenderBody {BODY} at (8,8) size 784x584
      RenderText {#text} at (160,75) size 4x19
        text run at (160,75) width 4: " "
      RenderText {#text} at (324,75) size 4x19
        text run at (324,75) width 4: " "
      RenderText {#text} at (488,75) size 4x19
        text run at (488,75) width 4: " "
      RenderText {#text} at (652,75) size 4x19
        text run at (652,75) width 4: " "
      RenderText {#text} at (160,170) size 4x19
        text run at (160,170) width 4: " "
      RenderText {#text} at (324,170) size 4x19
        text run at (324,170) width 4: " "
      RenderText {#text} at (0,0) size 0x0
layer at (8,8) size 160x90
  RenderImage {IMG} at (0,0) size 160x90
layer at (172,8) size 160x90
  RenderImage {IMG} at (164,0) size 160x90
layer at (336,8) size 160x90
  RenderImage {IMG} at (328,0) size 160x90
layer at (500,8) size 160x90
  RenderImage {IMG} at (492,0) size 160x90
layer at (8,103) size 160x90
  RenderImage {IMG} at (0,95) size 160x90
layer at (172,103) size 160x90
  RenderImage {IMG} at (164,95) size 160x90
layer at (336,103) size 160x90
  RenderImage {IMG} at (328,95) size 160x90
