layer at (0,0) size 800x600
  RenderView at (0,0) size 800x600
layer at (0,0) size 800x600
  RenderBlock {HTML} at (0,0) size 800x600
    RenderBody {BODY} at (8,8) size 784x560
      RenderBlock (anonymous) at (0,0) size 784x80
        RenderText {#text} at (0,0) size 744x80
          text run at (0,0) width 666: "These two lines should both be Verdana. "
          text run at (665,0) width 79: "They"
          text run at (0,40) width 313: "should be identical."
      RenderBlock {P} at (0,112) size 784x80
        RenderText {#text} at (0,0) size 744x80
          text run at (0,0) width 666: "These two lines should both be Verdana. "
          text run at (665,0) width 79: "They"
          text run at (0,40) width 313: "should be identical."
