layer at (0,0) size 800x600
  RenderView at (0,0) size 800x600
layer at (0,0) size 800x600
  RenderBlock {HTML} at (0,0) size 800x600
    RenderBody {BODY} at (8,8) size 784x576
      RenderBlock {DIV} at (0,0) size 784x20
        RenderInline {SPAN} at (0,0) size 228x19
          RenderText {#text} at (0,0) size 228x19
            text run at (0,0) width 228: "This should turn red when hovered."
        RenderText {#text} at (0,0) size 0x0
      RenderBlock {HR} at (0,28) size 784x2 [border: (1px inset #000000)]
      RenderBlock {P} at (0,46) size 784x40
        RenderText {#text} at (0,0) size 54x19
          text run at (0,0) width 54: "Test for "
        RenderInline {I} at (0,0) size 751x39
          RenderInline {A} at (0,0) size 353x19 [color=#0000EE]
            RenderText {#text} at (53,0) size 353x19
              text run at (53,0) width 353: "http://bugzilla.opendarwin.org/show_bug.cgi?id=7327"
          RenderText {#text} at (405,0) size 751x39
            text run at (405,0) width 346: " REGRESSION (r12869): :hover subselector does not"
            text run at (0,20) width 132: "work in quirks mode"
        RenderText {#text} at (131,20) size 101x19
          text run at (131,20) width 101: ". This tests that "
        RenderInline {CODE} at (0,0) size 95x14
          RenderText {#text} at (231,25) size 95x14
            text run at (231,25) width 95: "span#t:hover"
        RenderText {#text} at (325,20) size 174x19
          text run at (325,20) width 174: " matches the hovered span."
