layer at (0,0) size 800x600
  RenderView at (0,0) size 800x600
layer at (0,0) size 800x414
  RenderBlock {html} at (0,0) size 800x414
    RenderBody {body} at (0,16) size 800x398
      RenderBlock {p} at (0,0) size 800x20
        RenderText {#text} at (0,0) size 425x19
          text run at (0,0) width 425: "The first two texts should look identical, as there is no shadow applied."
      RenderBlock (anonymous) at (0,36) size 800x155
        RenderSVGRoot {svg} at (20,122) size 720x58
          RenderSVGText {text} at (20,20) size 720x58 contains 1 chunk(s)
            RenderSVGTSpan {tspan} at (0,0) size 96x57
              RenderSVGInlineText {#text} at (0,0) size 96x57
                chunk 1 text run 1 at (20.00,66.80) startOffset 0 endOffset 4 width 96.00: "This"
            RenderSVGInlineText {#text} at (96,0) size 14x57
              chunk 1 text run 1 at (116.00,66.80) startOffset 0 endOffset 1 width 14.00: " "
            RenderSVGTSpan {tspan} at (0,0) size 80x57
              RenderSVGInlineText {#text} at (110,0) size 80x57
                chunk 1 text run 1 at (130.00,66.80) startOffset 0 endOffset 4 width 80.00: "text"
            RenderSVGInlineText {#text} at (190,0) size 14x57
              chunk 1 text run 1 at (210.00,66.80) startOffset 0 endOffset 1 width 14.00: " "
            RenderSVGTSpan {tspan} at (0,0) size 305x57
              RenderSVGInlineText {#text} at (204,0) size 305x57
                chunk 1 text run 1 at (224.00,66.80) startOffset 0 endOffset 14 width 305.00: "casts multiple"
            RenderSVGInlineText {#text} at (509,0) size 211x57
              chunk 1 text run 1 at (529.00,66.80) startOffset 0 endOffset 1 width 14.00: " "
              chunk 1 text run 1 at (543.00,66.80) startOffset 0 endOffset 7 width 197.00: "shadows"
        RenderText {#text} at (0,0) size 0x0
      RenderBlock {p} at (0,207) size 800x20
        RenderText {#text} at (0,0) size 530x19
          text run at (0,0) width 530: "The next two texts have subtle differences, as the stroke/fill is painted seperated in SVG."
      RenderBlock (anonymous) at (0,243) size 800x155
        RenderSVGRoot {svg} at (0,310) size 747x94
          RenderSVGText {text} at (20,20) size 720x58 contains 1 chunk(s)
            RenderSVGTSpan {tspan} at (0,0) size 96x57
              RenderSVGInlineText {#text} at (0,0) size 96x57
                chunk 1 text run 1 at (20.00,66.80) startOffset 0 endOffset 4 width 96.00: "This"
            RenderSVGInlineText {#text} at (96,0) size 14x57
              chunk 1 text run 1 at (116.00,66.80) startOffset 0 endOffset 1 width 14.00: " "
            RenderSVGTSpan {tspan} at (0,0) size 80x57
              RenderSVGInlineText {#text} at (110,0) size 80x57
                chunk 1 text run 1 at (130.00,66.80) startOffset 0 endOffset 4 width 80.00: "text"
            RenderSVGInlineText {#text} at (190,0) size 14x57
              chunk 1 text run 1 at (210.00,66.80) startOffset 0 endOffset 1 width 14.00: " "
            RenderSVGTSpan {tspan} at (0,0) size 305x57
              RenderSVGInlineText {#text} at (204,0) size 305x57
                chunk 1 text run 1 at (224.00,66.80) startOffset 0 endOffset 14 width 305.00: "casts multiple"
            RenderSVGInlineText {#text} at (509,0) size 211x57
              chunk 1 text run 1 at (529.00,66.80) startOffset 0 endOffset 1 width 14.00: " "
              chunk 1 text run 1 at (543.00,66.80) startOffset 0 endOffset 7 width 197.00: "shadows"
        RenderText {#text} at (0,0) size 0x0
layer at (20,52) size 720x59
  RenderBlock (positioned) {div} at (20,52) size 720x59
    RenderInline {span} at (0,0) size 96x57 [textStrokeWidth=1.00]
      RenderText {#text} at (0,1) size 96x57
        text run at (0,1) width 96: "This"
    RenderText {#text} at (96,1) size 14x57
      text run at (96,1) width 14: " "
    RenderInline {span} at (0,0) size 80x57 [textFillColor=#FFFFFF] [textStrokeWidth=1.00]
      RenderText {#text} at (110,1) size 80x57
        text run at (110,1) width 80: "text"
    RenderText {#text} at (190,1) size 14x57
      text run at (190,1) width 14: " "
    RenderInline {span} at (0,0) size 305x57
      RenderText {#text} at (204,1) size 305x57
        text run at (204,1) width 305: "casts multiple"
    RenderText {#text} at (509,1) size 211x57
      text run at (509,1) width 14: " "
      text run at (523,1) width 197: "shadows"
layer at (20,259) size 720x59
  RenderBlock (positioned) {div} at (20,259) size 720x59
    RenderInline {span} at (0,0) size 96x57 [textStrokeWidth=1.00]
      RenderText {#text} at (0,1) size 96x57
        text run at (0,1) width 96: "This"
    RenderText {#text} at (96,1) size 14x57
      text run at (96,1) width 14: " "
    RenderInline {span} at (0,0) size 80x57 [textFillColor=#FFFFFF] [textStrokeWidth=1.00]
      RenderText {#text} at (110,1) size 80x57
        text run at (110,1) width 80: "text"
    RenderText {#text} at (190,1) size 14x57
      text run at (190,1) width 14: " "
    RenderInline {span} at (0,0) size 305x57
      RenderText {#text} at (204,1) size 305x57
        text run at (204,1) width 305: "casts multiple"
    RenderText {#text} at (509,1) size 211x57
      text run at (509,1) width 14: " "
      text run at (523,1) width 197: "shadows"
