layer at (0,0) size 800x600
  RenderView at (0,0) size 800x600
layer at (0,0) size 800x352
  RenderBlock {HTML} at (0,0) size 800x352
    RenderBody {BODY} at (8,16) size 784x320
      RenderBlock {P} at (0,0) size 784x26
        RenderTextControl {INPUT} at (632,2) size 150x22 [bgcolor=#FFFFFF] [border: (2px inset #000000)]
          RenderFlexibleBox {DIV} at (2,1) size 146x20
            RenderBlock {DIV} at (17,1) size 129x17
        RenderText {#text} at (0,0) size 0x0
      RenderBlock {P} at (0,42) size 784x26
        RenderTextControl {INPUT} at (632,2) size 150x22 [bgcolor=#FFFFFF] [border: (2px inset #000000)]
          RenderFlexibleBox {DIV} at (2,1) size 146x20
            RenderBlock {DIV} at (17,1) size 129x17
        RenderText {#text} at (0,0) size 0x0
      RenderBlock {P} at (0,84) size 784x26
        RenderTextControl {INPUT} at (2,2) size 150x22 [bgcolor=#FFFFFF] [border: (2px inset #000000)]
          RenderFlexibleBox {DIV} at (2,1) size 146x20
            RenderBlock {DIV} at (17,1) size 129x17
        RenderText {#text} at (0,0) size 0x0
      RenderBlock {P} at (0,126) size 784x26
        RenderTextControl {INPUT} at (2,2) size 150x22 [bgcolor=#FFFFFF] [border: (2px inset #000000)]
          RenderFlexibleBox {DIV} at (2,1) size 146x20
            RenderBlock {DIV} at (17,1) size 129x17
        RenderText {#text} at (0,0) size 0x0
        RenderText {#text} at (0,0) size 0x0
      RenderBlock {P} at (0,168) size 784x26
        RenderTextControl {INPUT} at (2,2) size 150x22 [bgcolor=#FFFFFF] [border: (2px inset #000000)]
          RenderFlexibleBox {DIV} at (2,1) size 146x20
            RenderBlock {DIV} at (0,1) size 129x17
        RenderText {#text} at (0,0) size 0x0
      RenderBlock {P} at (0,210) size 784x26
        RenderTextControl {INPUT} at (2,2) size 150x22 [bgcolor=#FFFFFF] [border: (2px inset #000000)]
          RenderFlexibleBox {DIV} at (2,1) size 146x20
            RenderBlock {DIV} at (0,1) size 129x17
        RenderText {#text} at (0,0) size 0x0
        RenderText {#text} at (0,0) size 0x0
      RenderBlock {P} at (0,252) size 784x26
        RenderTextControl {INPUT} at (2,2) size 150x22 [bgcolor=#FFFFFF] [border: (2px inset #000000)]
          RenderFlexibleBox {DIV} at (2,1) size 146x20
            RenderBlock {DIV} at (17,1) size 129x17
        RenderText {#text} at (0,0) size 0x0
      RenderBlock {P} at (0,294) size 784x26
        RenderTextControl {INPUT} at (2,2) size 150x22 [bgcolor=#FFFFFF] [border: (2px inset #000000)]
          RenderFlexibleBox {DIV} at (2,1) size 146x20
            RenderBlock {DIV} at (17,1) size 129x17
        RenderText {#text} at (0,0) size 0x0
        RenderText {#text} at (0,0) size 0x0
layer at (659,21) size 129x16
  RenderBlock {DIV} at (0,0) size 129x16
    RenderText {#text} at (122,0) size 7x16
      text run at (122,0) width 7: "1"
layer at (659,63) size 129x16
  RenderBlock {DIV} at (0,0) size 129x16
    RenderText {#text} at (122,0) size 7x16
      text run at (122,0) width 7: "2"
layer at (29,105) size 129x16
  RenderBlock {DIV} at (0,0) size 129x16
    RenderText {#text} at (122,0) size 7x16
      text run at (122,0) width 7: "3"
layer at (29,147) size 129x16
  RenderBlock {DIV} at (0,0) size 129x16
    RenderText {#text} at (101,0) size 28x16
      text run at (101,0) width 28: "1234"
layer at (12,189) size 129x16
  RenderBlock {DIV} at (0,0) size 129x16
    RenderText {#text} at (0,0) size 7x16
      text run at (0,0) width 7: "5"
layer at (12,231) size 129x16
  RenderBlock {DIV} at (0,0) size 129x16
    RenderText {#text} at (0,0) size 7x16
      text run at (0,0) width 7: "6"
layer at (29,273) size 129x16
  RenderBlock {DIV} at (0,0) size 129x16
    RenderText {#text} at (122,0) size 7x16
      text run at (122,0) width 7: "7"
layer at (29,315) size 129x16
  RenderBlock {DIV} at (0,0) size 129x16
    RenderText {#text} at (122,0) size 7x16
      text run at (122,0) width 7: "8"
layer at (642,19) size 17x20
  RenderBlock (relative positioned) {DIV} at (0,0) size 17x20
layer at (642,61) size 17x20
  RenderBlock (relative positioned) {DIV} at (0,0) size 17x20
layer at (12,103) size 17x20
  RenderBlock (relative positioned) {DIV} at (0,0) size 17x20
layer at (12,145) size 17x20
  RenderBlock (relative positioned) {DIV} at (0,0) size 17x20
layer at (141,187) size 17x20
  RenderBlock (relative positioned) {DIV} at (129,0) size 17x20
layer at (141,229) size 17x20
  RenderBlock (relative positioned) {DIV} at (129,0) size 17x20
layer at (12,271) size 17x20
  RenderBlock (relative positioned) {DIV} at (0,0) size 17x20
layer at (12,313) size 17x20
  RenderBlock (relative positioned) {DIV} at (0,0) size 17x20
caret: position 4 of child 0 {#text} of child 0 {DIV} of child 0 {DIV} of child 0 {DIV} of {#document-fragment} of child 0 {INPUT} of child 6 {P} of body
