layer at (0,0) size 800x600
  RenderView at (0,0) size 800x600
layer at (0,0) size 800x600
  RenderBlock {HTML} at (0,0) size 800x600
    RenderBody {BODY} at (8,8) size 784x584
      RenderTable {TABLE} at (0,0) size 784x558 [border: (5px outset #808080)]
        RenderTableSection {TBODY} at (5,5) size 774x548
          RenderTableRow {TR} at (0,2) size 774x544
            RenderTableCell {TD} at (2,271) size 732x5 [border: (1px inset #808080)] [r=0 c=0 rs=1 cs=1]
            RenderTableCell {TD} at (736,2) size 36x544 [border: (1px inset #808080)] [r=0 c=1 rs=1 cs=1]
              RenderInline {A} at (2,4) size 32x19 [color=#0000EE]
                RenderText {#text} at (2,4) size 32x19
                  text run at (2,4) width 32: "\x{5CA1}\x{5C71}"
              RenderText {#text} at (2,27) size 16x19
                text run at (2,27) width 16: "\x{FF5C}"
              RenderInline {A} at (2,27) size 32x41 [color=#0000EE]
                RenderText {#text} at (2,27) size 32x41
                  text run at (18,27) width 16: "\x{5E83}"
                  text run at (2,49) width 16: "\x{5CF6}"
              RenderText {#text} at (18,49) size 16x19
                text run at (18,49) width 16: "\x{FF5C}"
              RenderInline {A} at (2,72) size 32x19 [color=#0000EE]
                RenderText {#text} at (2,72) size 32x19
                  text run at (2,72) width 32: "\x{5C71}\x{53E3}"
              RenderText {#text} at (2,94) size 16x19
                text run at (2,94) width 16: "\x{FF5C}"
              RenderInline {A} at (2,94) size 32x41 [color=#0000EE]
                RenderText {#text} at (2,94) size 32x41
                  text run at (18,94) width 16: "\x{5FB3}"
                  text run at (2,116) width 16: "\x{5CF6}"
              RenderText {#text} at (18,116) size 16x19
                text run at (18,116) width 16: "\x{FF5C}"
              RenderInline {A} at (2,139) size 32x19 [color=#0000EE]
                RenderText {#text} at (2,139) size 32x19
                  text run at (2,139) width 32: "\x{9999}\x{5DDD}"
              RenderText {#text} at (2,161) size 16x19
                text run at (2,161) width 16: "\x{FF5C}"
              RenderInline {A} at (2,161) size 32x42 [color=#0000EE]
                RenderText {#text} at (2,161) size 32x42
                  text run at (18,161) width 16: "\x{611B}"
                  text run at (2,184) width 16: "\x{5A9B}"
              RenderText {#text} at (18,184) size 16x19
                text run at (18,184) width 16: "\x{FF5C}"
              RenderInline {A} at (2,206) size 32x19 [color=#0000EE]
                RenderText {#text} at (2,206) size 32x19
                  text run at (2,206) width 32: "\x{9AD8}\x{77E5}"
              RenderText {#text} at (2,228) size 16x19
                text run at (2,228) width 16: "\x{FF5C}"
              RenderInline {A} at (2,228) size 32x88 [color=#0000EE]
                RenderText {#text} at (2,228) size 32x88
                  text run at (18,228) width 16: "\x{798F}"
                  text run at (2,251) width 32: "\x{5CA1}\x{30FB}"
                  text run at (2,275) width 32: "\x{5317}\x{4E5D}"
                  text run at (2,297) width 16: "\x{5DDE}"
              RenderText {#text} at (18,297) size 16x19
                text run at (18,297) width 16: "\x{FF5C}"
              RenderInline {A} at (2,320) size 32x19 [color=#0000EE]
                RenderText {#text} at (2,320) size 32x19
                  text run at (2,320) width 32: "\x{4F50}\x{8CC0}"
              RenderText {#text} at (2,342) size 16x19
                text run at (2,342) width 16: "\x{FF5C}"
              RenderInline {A} at (2,342) size 32x41 [color=#0000EE]
                RenderText {#text} at (2,342) size 32x41
                  text run at (18,342) width 16: "\x{9577}"
                  text run at (2,364) width 16: "\x{5D0E}"
              RenderText {#text} at (18,364) size 16x19
                text run at (18,364) width 16: "\x{FF5C}"
              RenderInline {A} at (2,387) size 32x19 [color=#0000EE]
                RenderText {#text} at (2,387) size 32x19
                  text run at (2,387) width 32: "\x{718A}\x{672C}"
              RenderText {#text} at (2,409) size 16x19
                text run at (2,409) width 16: "\x{FF5C}"
              RenderInline {A} at (2,409) size 32x42 [color=#0000EE]
                RenderText {#text} at (2,409) size 32x42
                  text run at (18,409) width 16: "\x{5927}"
                  text run at (2,432) width 16: "\x{5206}"
              RenderText {#text} at (18,432) size 16x19
                text run at (18,432) width 16: "\x{FF5C}"
              RenderInline {A} at (2,454) size 32x19 [color=#0000EE]
                RenderText {#text} at (2,454) size 32x19
                  text run at (2,454) width 32: "\x{5BAE}\x{5D0E}"
              RenderText {#text} at (2,476) size 16x19
                text run at (2,476) width 16: "\x{FF5C}"
              RenderInline {A} at (2,476) size 32x42 [color=#0000EE]
                RenderText {#text} at (2,476) size 32x42
                  text run at (18,476) width 16: "\x{9E7F}"
                  text run at (2,499) width 32: "\x{5150}\x{5CF6}"
              RenderText {#text} at (2,521) size 16x19
                text run at (2,521) width 16: "\x{FF5C}"
