layer at (0,0) size 800x600
  RenderView at (0,0) size 800x600
layer at (0,0) size 800x600
  RenderBlock {HTML} at (0,0) size 800x600
    RenderBody {BODY} at (8,8) size 784x584
      RenderBlock {P} at (0,0) size 784x36
        RenderText {#text} at (0,0) size 88x18
          text run at (0,0) width 88: "This tests for "
        RenderInline {I} at (0,0) size 783x36
          RenderText {#text} at (0,0) size 783x36
            text run at (87,0) width 696: "http://bugzilla.opendarwin.org/show_bug.cgi?id=6014 Bidi algorithm: incorrect resolved levels for neutrals"
            text run at (0,18) width 156: "between R and ET ON L"
        RenderText {#text} at (155,18) size 5x18
          text run at (155,18) width 5: "."
      RenderBlock {P} at (0,52) size 784x38
        RenderText {#text} at (0,1) size 772x37
          text run at (0,1) width 98: "The characters "
          text run at (97,1) width 12 RTL: "\x{5D0}"
          text run at (108,1) width 32: " and "
          text run at (139,1) width 10 RTL: "\x{5D1}"
          text run at (148,1) width 624: " are of type R; ^ and @ are of type ON; $ and % are of type ET; a is of type L; 1 is of type EN. In"
          text run at (0,19) width 476: "each of the following pairs, the two lines should be identical to each other."
      RenderBlock {P} at (0,123) size 784x20
        RenderText {#text} at (0,1) size 77x19
          text run at (0,1) width 11 RTL: "\x{5D0}"
          text run at (10,1) width 67: " ^ @ $% a"
      RenderBlock (anonymous) at (0,158) size 784x21
        RenderInline {BDO} at (0,1) size 77x19
          RenderText {#text} at (0,1) size 77x19
            text run at (0,1) width 77: "\x{5D0} ^ @ $% a"
        RenderText {#text} at (0,0) size 0x0
      RenderBlock {P} at (0,204) size 784x20
        RenderText {#text} at (0,1) size 79x19
          text run at (0,1) width 79 RTL: "\x{5D0} ^ @ $% \x{5D1}"
      RenderBlock (anonymous) at (0,239) size 784x21
        RenderInline {BDO} at (0,1) size 79x19
          RenderText {#text} at (0,1) size 79x19
            text run at (0,1) width 79: "\x{5D1} %$ @ ^ \x{5D0}"
        RenderText {#text} at (0,0) size 0x0
      RenderBlock {P} at (0,285) size 784x20
        RenderText {#text} at (0,1) size 74x19
          text run at (0,1) width 30: "$%1"
          text run at (29,1) width 45 RTL: "\x{5D0} ^ @ "
      RenderBlock (anonymous) at (0,320) size 784x21
        RenderInline {BDO} at (0,1) size 74x19
          RenderText {#text} at (0,1) size 74x19
            text run at (0,1) width 74: "$%1 @ ^ \x{5D0}"
        RenderText {#text} at (0,0) size 0x0
      RenderBlock {P} at (0,366) size 784x20
        RenderText {#text} at (0,1) size 77x19
          text run at (0,1) width 8: "a"
          text run at (7,1) width 70 RTL: "\x{5D0} ^ @ $% "
      RenderBlock (anonymous) at (0,401) size 784x21
        RenderInline {BDO} at (0,1) size 77x19
          RenderText {#text} at (0,1) size 77x19
            text run at (0,1) width 77: "a %$ @ ^ \x{5D0}"
        RenderText {#text} at (0,0) size 0x0
      RenderBlock {P} at (0,447) size 784x20
        RenderText {#text} at (0,1) size 79x19
          text run at (0,1) width 79 RTL: "\x{5D0} ^ @ $% \x{5D1}"
      RenderBlock (anonymous) at (0,482) size 784x21
        RenderInline {BDO} at (0,1) size 79x19
          RenderText {#text} at (0,1) size 79x19
            text run at (0,1) width 79: "\x{5D1} %$ @ ^ \x{5D0}"
        RenderText {#text} at (0,0) size 0x0
      RenderBlock {P} at (0,528) size 784x20
        RenderText {#text} at (0,1) size 74x19
          text run at (0,1) width 30: "$%1"
          text run at (29,1) width 45 RTL: "\x{5D0} ^ @ "
      RenderBlock (anonymous) at (0,563) size 784x21
        RenderInline {BDO} at (0,1) size 74x19
          RenderText {#text} at (0,1) size 74x19
            text run at (0,1) width 74: "$%1 @ ^ \x{5D0}"
        RenderText {#text} at (0,0) size 0x0
layer at (8,113) size 784x2 clip at (0,0) size 0x0
  RenderBlock {HR} at (0,105) size 784x3 [color=#808080] [border: (1px inset #808080)]
layer at (8,194) size 784x2 clip at (0,0) size 0x0
  RenderBlock {HR} at (0,186) size 784x3 [color=#808080] [border: (1px inset #808080)]
layer at (8,275) size 784x2 clip at (0,0) size 0x0
  RenderBlock {HR} at (0,267) size 784x3 [color=#808080] [border: (1px inset #808080)]
layer at (8,356) size 784x2 clip at (0,0) size 0x0
  RenderBlock {HR} at (0,348) size 784x3 [color=#808080] [border: (1px inset #808080)]
layer at (8,437) size 784x2 clip at (0,0) size 0x0
  RenderBlock {HR} at (0,429) size 784x3 [color=#808080] [border: (1px inset #808080)]
layer at (8,518) size 784x2 clip at (0,0) size 0x0
  RenderBlock {HR} at (0,510) size 784x3 [color=#808080] [border: (1px inset #808080)]
