layer at (0,0) size 800x600
  RenderView at (0,0) size 800x600
layer at (0,0) size 800x116
  RenderBlock {HTML} at (0,0) size 800x116
    RenderBody {BODY} at (8,8) size 784x92
      RenderBlock (anonymous) at (0,0) size 784x18
        RenderText {#text} at (0,0) size 284x18
          text run at (0,0) width 284: "The following two lines should be the same:"
      RenderBlock {P} at (0,34) size 784x21
        RenderText {#text} at (0,1) size 74x18
          text run at (0,1) width 74: "abc\x{5D2}\x{5D1}\x{5D0}\x{661}\x{662}\x{663}"
      RenderBlock {P} at (0,71) size 784x21
        RenderText {#text} at (0,1) size 74x18
          text run at (0,1) width 23: "abc"
          text run at (22,1) width 27 RTL: "\x{5D0}\x{5D1}\x{5D2}"
          text run at (48,1) width 26: "\x{661}\x{662}\x{663}"
