layer at (0,0) size 800x600
  RenderView at (0,0) size 800x600
layer at (0,0) size 800x510
  RenderBlock {HTML} at (0,0) size 800x510
    RenderBody {BODY} at (8,16) size 784x486
      RenderBlock {P} at (0,0) size 784x18
        RenderText {#text} at (0,0) size 580x18
          text run at (0,0) width 580: "The T column should match the R column. The H columns uses <br/> to force line breaks."
      RenderTable {TABLE} at (0,34) size 173x452 [border: none]
        RenderTableSection {TBODY} at (0,0) size 172x451
          RenderTableRow {TR} at (0,0) size 172x24
            RenderTableCell {TD} at (0,9) size 48x5 [r=0 c=0 rs=1 cs=1]
            RenderTableCell {TD} at (47,0) size 46x24 [border: (1px solid #008000)] [r=0 c=1 rs=1 cs=1]
              RenderText {#text} at (3,3) size 12x19
                text run at (3,3) width 12: "H"
            RenderTableCell {TD} at (92,0) size 35x24 [border: (1px solid #008000)] [r=0 c=2 rs=1 cs=1]
              RenderText {#text} at (3,3) size 11x19
                text run at (3,3) width 11: "T"
            RenderTableCell {TD} at (126,0) size 46x24 [border: (1px solid #008000)] [r=0 c=3 rs=1 cs=1]
              RenderText {#text} at (3,3) size 11x19
                text run at (3,3) width 11: "R"
          RenderTableRow {TR} at (0,23) size 172x44
            RenderTableCell {TD} at (0,33) size 48x25 [border: (1px solid #008000)] [r=1 c=0 rs=1 cs=1]
              RenderText {#text} at (3,12) size 11x20
                text run at (3,3) width 11: "1"
            RenderTableCell {TD} at (47,23) size 46x44 [border: (1px solid #008000)] [r=1 c=1 rs=1 cs=1]
              RenderText {#text} at (3,3) size 16x19
                text run at (3,3) width 11 RTL: "\x{5D0}"
                text run at (13,3) width 6: "."
              RenderBR {BR} at (18,3) size 1x19
              RenderText {#text} at (3,21) size 11x20
                text run at (3,21) width 11: "b"
            RenderTableCell {TD} at (92,23) size 35x44 [border: (1px solid #008000)] [r=1 c=2 rs=1 cs=1]
              RenderText {#text} at (3,3) size 16x38
                text run at (3,3) width 11 RTL: "\x{5D0}"
                text run at (13,3) width 6: "."
                text run at (3,21) width 11: "b"
            RenderTableCell {TD} at (126,23) size 46x44 [border: (1px solid #008000)] [r=1 c=3 rs=1 cs=1]
              RenderBlock {P} at (3,3) size 40x19
                RenderText {#text} at (0,0) size 16x19
                  text run at (0,0) width 16: "\x{5D0}."
              RenderBlock {P} at (3,21) size 40x20
                RenderText {#text} at (0,0) size 11x19
                  text run at (0,0) width 11: "b"
          RenderTableRow {TR} at (0,66) size 172x44
            RenderTableCell {TD} at (0,75) size 48x25 [border: (1px solid #008000)] [r=2 c=0 rs=1 cs=1]
              RenderText {#text} at (3,12) size 11x20
                text run at (3,3) width 11: "2"
            RenderTableCell {TD} at (47,66) size 46x44 [border: (1px solid #008000)] [r=2 c=1 rs=1 cs=1]
              RenderText {#text} at (3,3) size 16x19
                text run at (3,3) width 11 RTL: "\x{5D0}"
                text run at (13,3) width 6: "."
              RenderBR {BR} at (18,3) size 1x19
              RenderText {#text} at (3,21) size 10x20
                text run at (3,21) width 10 RTL: "\x{5D1}"
            RenderTableCell {TD} at (92,66) size 35x44 [border: (1px solid #008000)] [r=2 c=2 rs=1 cs=1]
              RenderText {#text} at (3,3) size 16x38
                text run at (3,3) width 16 RTL: "\x{5D0}."
                text run at (3,21) width 10 RTL: "\x{5D1}"
            RenderTableCell {TD} at (126,66) size 46x44 [border: (1px solid #008000)] [r=2 c=3 rs=1 cs=1]
              RenderBlock {P} at (3,3) size 40x19
                RenderText {#text} at (0,0) size 16x19
                  text run at (0,0) width 16: ".\x{5D0}"
              RenderBlock {P} at (3,21) size 40x20
                RenderText {#text} at (0,0) size 10x19
                  text run at (0,0) width 10: "\x{5D1}"
          RenderTableRow {TR} at (0,109) size 172x43
            RenderTableCell {TD} at (0,118) size 48x25 [border: (1px solid #008000)] [r=3 c=0 rs=1 cs=1]
              RenderText {#text} at (3,12) size 11x20
                text run at (3,3) width 11: "3"
            RenderTableCell {TD} at (47,109) size 46x43 [border: (1px solid #008000)] [r=3 c=1 rs=1 cs=1]
              RenderText {#text} at (3,3) size 21x19
                text run at (3,3) width 21 RTL: "\x{5D0}\x{5D0}"
              RenderBR {BR} at (3,3) size 0x19
              RenderText {#text} at (3,21) size 26x20
                text run at (3,21) width 11: "b"
                text run at (13,21) width 6 RTL: " "
                text run at (18,21) width 11: "1"
            RenderTableCell {TD} at (92,109) size 35x43 [border: (1px solid #008000)] [r=3 c=2 rs=1 cs=1]
              RenderText {#text} at (3,3) size 26x38
                text run at (3,3) width 21 RTL: "\x{5D0}\x{5D0}"
                text run at (3,21) width 11: "b"
                text run at (13,21) width 6 RTL: " "
                text run at (18,21) width 11: "1"
            RenderTableCell {TD} at (126,109) size 46x43 [border: (1px solid #008000)] [r=3 c=3 rs=1 cs=1]
              RenderBlock {P} at (3,3) size 40x19
                RenderText {#text} at (0,0) size 21x19
                  text run at (0,0) width 21: "\x{5D0}\x{5D0}"
              RenderBlock {P} at (3,21) size 40x20
                RenderText {#text} at (0,0) size 26x19
                  text run at (0,0) width 26: "b 1"
          RenderTableRow {TR} at (0,151) size 172x44
            RenderTableCell {TD} at (0,161) size 48x25 [border: (1px solid #008000)] [r=4 c=0 rs=1 cs=1]
              RenderText {#text} at (3,12) size 11x20
                text run at (3,3) width 11: "4"
            RenderTableCell {TD} at (47,151) size 46x44 [border: (1px solid #008000)] [r=4 c=1 rs=1 cs=1]
              RenderText {#text} at (3,3) size 18x19
                text run at (3,3) width 18: "aa"
              RenderBR {BR} at (3,3) size 0x19
              RenderText {#text} at (3,21) size 26x20
                text run at (3,21) width 11: "b"
                text run at (13,21) width 6 RTL: " "
                text run at (18,21) width 11: "1"
            RenderTableCell {TD} at (92,151) size 35x44 [border: (1px solid #008000)] [r=4 c=2 rs=1 cs=1]
              RenderText {#text} at (3,3) size 26x38
                text run at (3,3) width 18: "aa"
                text run at (3,21) width 26: "1 b"
            RenderTableCell {TD} at (126,151) size 46x44 [border: (1px solid #008000)] [r=4 c=3 rs=1 cs=1]
              RenderBlock {P} at (3,3) size 40x19
                RenderText {#text} at (0,0) size 18x19
                  text run at (0,0) width 18: "aa"
              RenderBlock {P} at (3,21) size 40x20
                RenderText {#text} at (0,0) size 26x19
                  text run at (0,0) width 26: "1 b"
          RenderTableRow {TR} at (0,194) size 172x44
            RenderTableCell {TD} at (0,204) size 48x24 [border: (1px solid #008000)] [r=5 c=0 rs=1 cs=1]
              RenderText {#text} at (3,12) size 11x20
                text run at (3,3) width 11: "5"
            RenderTableCell {TD} at (47,194) size 46x44 [border: (1px solid #008000)] [r=5 c=1 rs=1 cs=1]
              RenderText {#text} at (3,3) size 21x19
                text run at (3,3) width 21 RTL: "\x{5D0}\x{5D0}"
              RenderBR {BR} at (3,3) size 0x19
              RenderText {#text} at (3,21) size 25x20
                text run at (3,21) width 15 RTL: " \x{5D1}"
                text run at (17,21) width 11: "1"
            RenderTableCell {TD} at (92,194) size 35x44 [border: (1px solid #008000)] [r=5 c=2 rs=1 cs=1]
              RenderText {#text} at (3,3) size 25x38
                text run at (3,3) width 21 RTL: "\x{5D0}\x{5D0}"
                text run at (3,21) width 15 RTL: " \x{5D1}"
                text run at (17,21) width 11: "1"
            RenderTableCell {TD} at (126,194) size 46x44 [border: (1px solid #008000)] [r=5 c=3 rs=1 cs=1]
              RenderBlock {P} at (3,3) size 40x19
                RenderText {#text} at (0,0) size 21x19
                  text run at (0,0) width 21: "\x{5D0}\x{5D0}"
              RenderBlock {P} at (3,21) size 40x20
                RenderText {#text} at (0,0) size 25x19
                  text run at (0,0) width 25: "\x{5D1} 1"
          RenderTableRow {TR} at (0,237) size 172x43
            RenderTableCell {TD} at (0,246) size 48x25 [border: (1px solid #008000)] [r=6 c=0 rs=1 cs=1]
              RenderText {#text} at (3,12) size 11x20
                text run at (3,3) width 11: "6"
            RenderTableCell {TD} at (47,237) size 46x43 [border: (1px solid #008000)] [r=6 c=1 rs=1 cs=1]
              RenderText {#text} at (3,3) size 18x19
                text run at (3,3) width 18: "aa"
              RenderBR {BR} at (3,3) size 0x19
              RenderText {#text} at (3,21) size 25x20
                text run at (3,21) width 15 RTL: " \x{5D1}"
                text run at (17,21) width 11: "1"
            RenderTableCell {TD} at (92,237) size 35x43 [border: (1px solid #008000)] [r=6 c=2 rs=1 cs=1]
              RenderText {#text} at (3,3) size 25x38
                text run at (3,3) width 18: "aa"
                text run at (3,21) width 15 RTL: " \x{5D1}"
                text run at (17,21) width 11: "1"
            RenderTableCell {TD} at (126,237) size 46x43 [border: (1px solid #008000)] [r=6 c=3 rs=1 cs=1]
              RenderBlock {P} at (3,3) size 40x19
                RenderText {#text} at (0,0) size 18x19
                  text run at (0,0) width 18: "aa"
              RenderBlock {P} at (3,21) size 40x20
                RenderText {#text} at (0,0) size 25x19
                  text run at (0,0) width 25: "\x{5D1} 1"
          RenderTableRow {TR} at (0,279) size 172x44
            RenderTableCell {TD} at (0,289) size 48x25 [border: (1px solid #008000)] [r=7 c=0 rs=1 cs=1]
              RenderText {#text} at (3,12) size 11x20
                text run at (3,3) width 11: "7"
            RenderTableCell {TD} at (47,279) size 46x44 [border: (1px solid #008000)] [r=7 c=1 rs=1 cs=1]
              RenderText {#text} at (3,3) size 20x19
                text run at (3,3) width 20: "a ("
              RenderBR {BR} at (22,3) size 1x19
              RenderText {#text} at (3,21) size 21x20
                text run at (3,21) width 21: "] b"
            RenderTableCell {TD} at (92,279) size 35x44 [border: (1px solid #008000)] [r=7 c=2 rs=1 cs=1]
              RenderText {#text} at (3,3) size 21x38
                text run at (3,3) width 20: "a ("
                text run at (3,21) width 21: "] b"
            RenderTableCell {TD} at (126,279) size 46x44 [border: (1px solid #008000)] [r=7 c=3 rs=1 cs=1]
              RenderBlock {P} at (3,3) size 40x19
                RenderText {#text} at (0,0) size 20x19
                  text run at (0,0) width 20: "a ("
              RenderBlock {P} at (3,21) size 40x20
                RenderText {#text} at (0,0) size 21x19
                  text run at (0,0) width 21: "] b"
          RenderTableRow {TR} at (0,322) size 172x44
            RenderTableCell {TD} at (0,332) size 48x24 [border: (1px solid #008000)] [r=8 c=0 rs=1 cs=1]
              RenderText {#text} at (3,12) size 11x20
                text run at (3,3) width 11: "8"
            RenderTableCell {TD} at (47,322) size 46x44 [border: (1px solid #008000)] [r=8 c=1 rs=1 cs=1]
              RenderText {#text} at (3,3) size 21x19
                text run at (3,3) width 11 RTL: "\x{5D0}"
                text run at (13,3) width 11: " ("
              RenderBR {BR} at (23,3) size 1x19
              RenderText {#text} at (3,21) size 21x20
                text run at (3,21) width 21: "] b"
            RenderTableCell {TD} at (92,322) size 35x44 [border: (1px solid #008000)] [r=8 c=2 rs=1 cs=1]
              RenderText {#text} at (3,3) size 21x38
                text run at (3,3) width 11 RTL: "\x{5D0}"
                text run at (13,3) width 11: " ("
                text run at (3,21) width 21: "] b"
            RenderTableCell {TD} at (126,322) size 46x44 [border: (1px solid #008000)] [r=8 c=3 rs=1 cs=1]
              RenderBlock {P} at (3,3) size 40x19
                RenderText {#text} at (0,0) size 21x19
                  text run at (0,0) width 21: "\x{5D0} ("
              RenderBlock {P} at (3,21) size 40x20
                RenderText {#text} at (0,0) size 21x19
                  text run at (0,0) width 21: "] b"
          RenderTableRow {TR} at (0,365) size 172x44
            RenderTableCell {TD} at (0,374) size 48x25 [border: (1px solid #008000)] [r=9 c=0 rs=1 cs=1]
              RenderText {#text} at (3,12) size 11x20
                text run at (3,3) width 11: "9"
            RenderTableCell {TD} at (47,365) size 46x44 [border: (1px solid #008000)] [r=9 c=1 rs=1 cs=1]
              RenderText {#text} at (3,3) size 20x19
                text run at (3,3) width 20: "a ("
              RenderBR {BR} at (22,3) size 1x19
              RenderText {#text} at (3,21) size 20x20
                text run at (3,21) width 11: "] "
                text run at (13,21) width 10 RTL: "\x{5D1}"
            RenderTableCell {TD} at (92,365) size 35x44 [border: (1px solid #008000)] [r=9 c=2 rs=1 cs=1]
              RenderText {#text} at (3,3) size 20x38
                text run at (3,3) width 20: "a ("
                text run at (3,21) width 11: "] "
                text run at (13,21) width 10 RTL: "\x{5D1}"
            RenderTableCell {TD} at (126,365) size 46x44 [border: (1px solid #008000)] [r=9 c=3 rs=1 cs=1]
              RenderBlock {P} at (3,3) size 40x19
                RenderText {#text} at (0,0) size 20x19
                  text run at (0,0) width 20: "a ("
              RenderBlock {P} at (3,21) size 40x20
                RenderText {#text} at (0,0) size 20x19
                  text run at (0,0) width 20: "] \x{5D1}"
          RenderTableRow {TR} at (0,408) size 172x43
            RenderTableCell {TD} at (0,417) size 48x25 [border: (1px solid #008000)] [r=10 c=0 rs=1 cs=1]
              RenderText {#text} at (3,12) size 21x20
                text run at (3,3) width 21: "10"
            RenderTableCell {TD} at (47,408) size 46x43 [border: (1px solid #008000)] [r=10 c=1 rs=1 cs=1]
              RenderText {#text} at (3,3) size 21x19
                text run at (3,3) width 11 RTL: "\x{5D0}"
                text run at (13,3) width 11: " ("
              RenderBR {BR} at (23,3) size 1x19
              RenderText {#text} at (3,21) size 20x20
                text run at (3,21) width 11: "] "
                text run at (13,21) width 10 RTL: "\x{5D1}"
            RenderTableCell {TD} at (92,408) size 35x43 [border: (1px solid #008000)] [r=10 c=2 rs=1 cs=1]
              RenderText {#text} at (3,3) size 21x38
                text run at (3,3) width 21 RTL: "\x{5D0} ("
                text run at (3,21) width 20 RTL: "] \x{5D1}"
            RenderTableCell {TD} at (126,408) size 46x43 [border: (1px solid #008000)] [r=10 c=3 rs=1 cs=1]
              RenderBlock {P} at (3,3) size 40x19
                RenderText {#text} at (0,0) size 21x19
                  text run at (0,0) width 21: ") \x{5D0}"
              RenderBlock {P} at (3,21) size 40x20
                RenderText {#text} at (0,0) size 20x19
                  text run at (0,0) width 20: "\x{5D1} ["
