layer at (0,0) size 800x600
  RenderView at (0,0) size 800x600
layer at (0,0) size 800x565
  RenderBlock {HTML} at (0,0) size 800x565
    RenderBody {BODY} at (8,21) size 784x528
      RenderBlock {H1} at (0,0) size 784x37
        RenderText {#text} at (0,0) size 418x37
          text run at (0,0) width 418: "Bidirectional Text Test 2 - CSS"
      RenderBlock {P} at (0,58) size 784x19
        RenderText {#text} at (0,0) size 134x18
          text run at (0,0) width 134: "This test is based on "
        RenderInline {A} at (133,0) size 119x18 [color=#0000EE]
          RenderText {#text} at (133,0) size 119x18
            text run at (133,0) width 119: "CSS2 section 9.10"
        RenderText {#text} at (251,0) size 32x18
          text run at (251,0) width 32: " and "
        RenderInline {A} at (282,0) size 64x18 [color=#0000EE]
          RenderText {#text} at (282,0) size 64x18
            text run at (282,0) width 64: "Chapter 3"
        RenderText {#text} at (345,0) size 46x18
          text run at (345,0) width 46: " of the "
        RenderInline {A} at (390,0) size 116x18 [color=#0000EE]
          RenderText {#text} at (390,0) size 116x18
            text run at (390,0) width 116: "Unicode Standard"
        RenderText {#text} at (505,0) size 5x18
          text run at (505,0) width 5: "."
      RenderBlock {P} at (0,92) size 784x37
        RenderText {#text} at (0,0) size 68x18
          text run at (0,0) width 68: "See also a "
        RenderInline {A} at (67,0) size 233x18 [color=#0000EE]
          RenderText {#text} at (67,0) size 233x18
            text run at (67,0) width 233: "test for the same concepts in HTML"
        RenderText {#text} at (299,0) size 43x18
          text run at (299,0) width 43: " and a "
        RenderInline {A} at (0,0) size 748x36 [color=#0000EE]
          RenderText {#text} at (0,0) size 748x36
            text run at (341,0) width 407: "test for the same concepts using Unicode directional formatting"
            text run at (0,18) width 37: "codes"
        RenderText {#text} at (36,18) size 5x18
          text run at (36,18) width 5: "."
      RenderBlock {P} at (0,144) size 784x19
        RenderText {#text} at (0,0) size 287x18
          text run at (0,0) width 287: "In each box, all the lines should be the same."
      RenderBlock (anonymous) at (0,178) size 784x238
        RenderBlock {DIV} at (3,7) size 100x171 [border: (1px solid #008000)]
          RenderBlock {P} at (4,4) size 92x18
            RenderText {#text} at (0,0) size 92x18
              text run at (0,0) width 92: "ABCDEFGHI"
          RenderBlock {P} at (4,22) size 92x18
            RenderText {#text} at (0,0) size 92x18
              text run at (0,0) width 92: "ABCDEFGHI"
          RenderBlock {P} at (4,40) size 92x18
            RenderText {#text} at (0,0) size 33x18
              text run at (0,0) width 33: "ABC"
            RenderInline {SPAN} at (32,0) size 32x18
              RenderText {#text} at (32,0) size 32x18
                text run at (32,0) width 32: "DEF"
            RenderText {#text} at (63,0) size 29x18
              text run at (63,0) width 29: "GHI"
          RenderBlock {P} at (4,58) size 92x18
            RenderText {#text} at (0,0) size 92x18
              text run at (0,0) width 92 RTL: "IHGFEDCBA"
          RenderBlock {P} at (4,76) size 92x18
            RenderText {#text} at (63,0) size 29x18
              text run at (63,0) width 29 RTL: "IHG"
            RenderInline {SPAN} at (32,0) size 32x18
              RenderText {#text} at (32,0) size 32x18
                text run at (32,0) width 32 RTL: "FED"
            RenderText {#text} at (0,0) size 33x18
              text run at (0,0) width 33 RTL: "CBA"
          RenderBlock {P} at (4,94) size 92x18
            RenderText {#text} at (63,0) size 29x18
              text run at (63,0) width 29 RTL: "IHG"
            RenderInline {SPAN} at (32,0) size 32x18
              RenderText {#text} at (32,0) size 32x18
                text run at (32,0) width 32: "DEF"
            RenderText {#text} at (0,0) size 33x18
              text run at (0,0) width 33 RTL: "CBA"
          RenderBlock {P} at (4,112) size 92x18
            RenderText {#text} at (63,0) size 29x18
              text run at (63,0) width 29 RTL: "IHG"
            RenderInline {SPAN} at (32,0) size 32x18
              RenderText {#text} at (32,0) size 32x18
                text run at (32,0) width 32 RTL: "FED"
            RenderText {#text} at (0,0) size 33x18
              text run at (0,0) width 33 RTL: "CBA"
          RenderBlock {P} at (4,130) size 92x18
            RenderText {#text} at (63,0) size 29x18
              text run at (63,0) width 29 RTL: "IHG"
            RenderInline {SPAN} at (32,0) size 32x18
              RenderText {#text} at (32,0) size 32x18
                text run at (32,0) width 32 RTL: "FED"
            RenderText {#text} at (0,0) size 33x18
              text run at (0,0) width 33 RTL: "CBA"
          RenderBlock {P} at (4,148) size 92x18
            RenderText {#text} at (63,0) size 29x18
              text run at (63,0) width 29 RTL: "IHG"
            RenderInline {SPAN} at (32,0) size 32x18
              RenderText {#text} at (32,0) size 32x18
                text run at (32,0) width 32: "DEF"
            RenderText {#text} at (0,0) size 33x18
              text run at (0,0) width 33 RTL: "CBA"
        RenderText {#text} at (105,82) size 5x19
          text run at (105,82) width 5: " "
        RenderBlock {DIV} at (112,50) size 35x85 [border: (1px solid #008000)]
          RenderTable {TABLE} at (4,4) size 27x19
            RenderTableSection {TBODY} at (0,0) size 27x19
              RenderTableRow {TR} at (0,0) size 27x19
                RenderTableCell {TD} at (0,0) size 7x19 [r=0 c=0 rs=1 cs=1]
                  RenderText {#text} at (0,1) size 7x18
                    text run at (0,1) width 7 RTL: "\x{5D2}"
                RenderTableCell {TD} at (6,0) size 10x19 [r=0 c=1 rs=1 cs=1]
                  RenderText {#text} at (0,1) size 10x18
                    text run at (0,1) width 10 RTL: "\x{5D1}"
                RenderTableCell {TD} at (15,0) size 12x19 [r=0 c=2 rs=1 cs=1]
                  RenderText {#text} at (0,1) size 11x18
                    text run at (0,1) width 11 RTL: "\x{5D0}"
          RenderBlock {P} at (4,23) size 27x19
            RenderText {#text} at (0,1) size 27x18
              text run at (0,1) width 27 RTL: "\x{5D0}\x{5D1}\x{5D2}"
          RenderBlock {P} at (4,42) size 27x19
            RenderText {#text} at (0,1) size 27x18
              text run at (0,1) width 27 RTL: "\x{5D0}\x{5D1}\x{5D2}"
          RenderBlock {P} at (4,61) size 27x19
            RenderText {#text} at (0,1) size 27x18
              text run at (0,1) width 27: "\x{5D2}\x{5D1}\x{5D0}"
        RenderText {#text} at (149,82) size 5x19
          text run at (149,82) width 5: " "
        RenderBlock {DIV} at (156,60) size 101x65 [border: (1px solid #008000)]
          RenderTable {TABLE} at (4,4) size 92x19
            RenderTableSection {TBODY} at (0,0) size 92x19
              RenderTableRow {TR} at (0,0) size 92x19
                RenderTableCell {TD} at (0,0) size 7x19 [r=0 c=0 rs=1 cs=1]
                  RenderText {#text} at (0,1) size 7x18
                    text run at (0,1) width 7 RTL: "\x{5D2}"
                RenderTableCell {TD} at (6,0) size 10x19 [r=0 c=1 rs=1 cs=1]
                  RenderText {#text} at (0,1) size 10x18
                    text run at (0,1) width 10 RTL: "\x{5D1}"
                RenderTableCell {TD} at (15,0) size 12x19 [r=0 c=2 rs=1 cs=1]
                  RenderText {#text} at (0,1) size 11x18
                    text run at (0,1) width 11 RTL: "\x{5D0}"
                RenderTableCell {TD} at (26,0) size 5x19 [r=0 c=3 rs=1 cs=1]
                  RenderText {#text} at (0,0) size 4x19
                    text run at (0,0) width 4: " "
                RenderTableCell {TD} at (30,0) size 12x19 [r=0 c=4 rs=1 cs=1]
                  RenderText {#text} at (0,0) size 12x19
                    text run at (0,0) width 12: "A"
                RenderTableCell {TD} at (41,0) size 12x19 [r=0 c=5 rs=1 cs=1]
                  RenderText {#text} at (0,0) size 11x19
                    text run at (0,0) width 11: "B"
                RenderTableCell {TD} at (52,0) size 12x19 [r=0 c=6 rs=1 cs=1]
                  RenderText {#text} at (0,0) size 11x19
                    text run at (0,0) width 11: "C"
                RenderTableCell {TD} at (63,0) size 5x19 [r=0 c=7 rs=1 cs=1]
                  RenderText {#text} at (0,0) size 4x19
                    text run at (0,0) width 4: " "
                RenderTableCell {TD} at (67,0) size 6x19 [r=0 c=8 rs=1 cs=1]
                  RenderText {#text} at (0,1) size 6x18
                    text run at (0,1) width 6 RTL: "\x{5D5}"
                RenderTableCell {TD} at (72,0) size 12x19 [r=0 c=9 rs=1 cs=1]
                  RenderText {#text} at (0,1) size 12x18
                    text run at (0,1) width 12 RTL: "\x{5D4}"
                RenderTableCell {TD} at (83,0) size 9x19 [r=0 c=10 rs=1 cs=1]
                  RenderText {#text} at (0,1) size 9x18
                    text run at (0,1) width 9 RTL: "\x{5D3}"
          RenderBlock {P} at (4,23) size 92x19
            RenderText {#text} at (0,1) size 92x18
              text run at (0,1) width 27 RTL: "\x{5D0}\x{5D1}\x{5D2}"
              text run at (26,1) width 42: " ABC "
              text run at (67,1) width 25 RTL: "\x{5D3}\x{5D4}\x{5D5}"
          RenderBlock {P} at (4,42) size 92x19
            RenderText {#text} at (0,1) size 92x18
              text run at (0,1) width 31 RTL: " \x{5D0}\x{5D1}\x{5D2}"
              text run at (30,1) width 34: "ABC"
              text run at (63,1) width 29 RTL: "\x{5D3}\x{5D4}\x{5D5} "
        RenderText {#text} at (259,82) size 5x19
          text run at (259,82) width 5: " "
        RenderBlock {DIV} at (266,3) size 166x179 [border: (1px solid #008000)]
          RenderTable {TABLE} at (4,4) size 158x19
            RenderTableSection {TBODY} at (0,0) size 158x19
              RenderTableRow {TR} at (0,0) size 158x19
                RenderTableCell {TD} at (0,0) size 7x19 [r=0 c=0 rs=1 cs=1]
                  RenderText {#text} at (0,1) size 7x18
                    text run at (0,1) width 7 RTL: "\x{5D2}"
                RenderTableCell {TD} at (6,0) size 10x19 [r=0 c=1 rs=1 cs=1]
                  RenderText {#text} at (0,1) size 10x18
                    text run at (0,1) width 10 RTL: "\x{5D1}"
                RenderTableCell {TD} at (15,0) size 12x19 [r=0 c=2 rs=1 cs=1]
                  RenderText {#text} at (0,1) size 11x18
                    text run at (0,1) width 11 RTL: "\x{5D0}"
                RenderTableCell {TD} at (26,0) size 5x19 [r=0 c=3 rs=1 cs=1]
                  RenderText {#text} at (0,0) size 4x19
                    text run at (0,0) width 4: " "
                RenderTableCell {TD} at (30,0) size 12x19 [r=0 c=4 rs=1 cs=1]
                  RenderText {#text} at (0,0) size 12x19
                    text run at (0,0) width 12: "A"
                RenderTableCell {TD} at (41,0) size 12x19 [r=0 c=5 rs=1 cs=1]
                  RenderText {#text} at (0,0) size 11x19
                    text run at (0,0) width 11: "B"
                RenderTableCell {TD} at (52,0) size 12x19 [r=0 c=6 rs=1 cs=1]
                  RenderText {#text} at (0,0) size 11x19
                    text run at (0,0) width 11: "C"
                RenderTableCell {TD} at (63,0) size 5x19 [r=0 c=7 rs=1 cs=1]
                  RenderText {#text} at (0,0) size 4x19
                    text run at (0,0) width 4: " "
                RenderTableCell {TD} at (67,0) size 6x19 [r=0 c=8 rs=1 cs=1]
                  RenderText {#text} at (0,1) size 6x18
                    text run at (0,1) width 6 RTL: "\x{5D5}"
                RenderTableCell {TD} at (72,0) size 12x19 [r=0 c=9 rs=1 cs=1]
                  RenderText {#text} at (0,1) size 12x18
                    text run at (0,1) width 12 RTL: "\x{5D4}"
                RenderTableCell {TD} at (83,0) size 9x19 [r=0 c=10 rs=1 cs=1]
                  RenderText {#text} at (0,1) size 9x18
                    text run at (0,1) width 9 RTL: "\x{5D3}"
                RenderTableCell {TD} at (91,0) size 5x19 [r=0 c=11 rs=1 cs=1]
                  RenderText {#text} at (0,0) size 4x19
                    text run at (0,0) width 4: " "
                RenderTableCell {TD} at (95,0) size 13x19 [r=0 c=12 rs=1 cs=1]
                  RenderText {#text} at (0,0) size 12x19
                    text run at (0,0) width 12: "D"
                RenderTableCell {TD} at (107,0) size 10x19 [r=0 c=13 rs=1 cs=1]
                  RenderText {#text} at (0,0) size 10x19
                    text run at (0,0) width 10: "E"
                RenderTableCell {TD} at (116,0) size 10x19 [r=0 c=14 rs=1 cs=1]
                  RenderText {#text} at (0,0) size 9x19
                    text run at (0,0) width 9: "F"
                RenderTableCell {TD} at (125,0) size 5x19 [r=0 c=15 rs=1 cs=1]
                  RenderText {#text} at (0,0) size 4x19
                    text run at (0,0) width 4: " "
                RenderTableCell {TD} at (129,0) size 12x19 [r=0 c=16 rs=1 cs=1]
                  RenderText {#text} at (0,1) size 11x18
                    text run at (0,1) width 11 RTL: "\x{5D8}"
                RenderTableCell {TD} at (140,0) size 12x19 [r=0 c=17 rs=1 cs=1]
                  RenderText {#text} at (0,1) size 12x18
                    text run at (0,1) width 12 RTL: "\x{5D7}"
                RenderTableCell {TD} at (151,0) size 7x19 [r=0 c=18 rs=1 cs=1]
                  RenderText {#text} at (0,1) size 6x18
                    text run at (0,1) width 6 RTL: "\x{5D6}"
          RenderBlock {P} at (4,23) size 158x19
            RenderText {#text} at (0,1) size 157x18
              text run at (0,1) width 27 RTL: "\x{5D0}\x{5D1}\x{5D2}"
              text run at (26,1) width 42: " ABC "
              text run at (67,1) width 25 RTL: "\x{5D3}\x{5D4}\x{5D5}"
              text run at (91,1) width 39: " DEF "
              text run at (129,1) width 28 RTL: "\x{5D6}\x{5D7}\x{5D8}"
          RenderBlock {P} at (4,42) size 158x19
            RenderText {#text} at (0,1) size 31x18
              text run at (0,1) width 27 RTL: "\x{5D0}\x{5D1}\x{5D2}"
              text run at (26,1) width 5: " "
            RenderInline {SPAN} at (30,1) size 62x18
              RenderText {#text} at (30,1) size 62x18
                text run at (30,1) width 38: "ABC "
                text run at (67,1) width 25 RTL: "\x{5D3}\x{5D4}\x{5D5}"
            RenderText {#text} at (91,1) size 66x18
              text run at (91,1) width 39: " DEF "
              text run at (129,1) width 28 RTL: "\x{5D6}\x{5D7}\x{5D8}"
          RenderBlock {P} at (4,61) size 158x19
            RenderText {#text} at (0,1) size 31x18
              text run at (0,1) width 27 RTL: "\x{5D0}\x{5D1}\x{5D2}"
              text run at (26,1) width 5: " "
            RenderInline {SPAN} at (30,1) size 96x18
              RenderText {#text} at (30,1) size 96x18
                text run at (30,1) width 38: "ABC "
                text run at (67,1) width 25 RTL: "\x{5D3}\x{5D4}\x{5D5}"
                text run at (91,1) width 35: " DEF"
            RenderText {#text} at (125,1) size 32x18
              text run at (125,1) width 5: " "
              text run at (129,1) width 28 RTL: "\x{5D6}\x{5D7}\x{5D8}"
          RenderBlock {P} at (4,80) size 158x19
            RenderText {#text} at (125,1) size 32x18
              text run at (125,1) width 32 RTL: "\x{5D6}\x{5D7}\x{5D8} "
            RenderInline {SPAN} at (30,1) size 96x18
              RenderText {#text} at (30,1) size 96x18
                text run at (30,1) width 34: "ABC"
                text run at (63,1) width 33 RTL: " \x{5D3}\x{5D4}\x{5D5} "
                text run at (95,1) width 31: "DEF"
            RenderText {#text} at (0,1) size 31x18
              text run at (0,1) width 31 RTL: " \x{5D0}\x{5D1}\x{5D2}"
          RenderBlock {P} at (4,99) size 158x19
            RenderText {#text} at (63,1) size 29x18
              text run at (63,1) width 29 RTL: "\x{5D3}\x{5D4}\x{5D5} "
            RenderInline {SPAN} at (0,1) size 64x18
              RenderText {#text} at (0,1) size 64x18
                text run at (0,1) width 31 RTL: " \x{5D0}\x{5D1}\x{5D2}"
                text run at (30,1) width 34: "ABC"
            RenderText {#text} at (91,1) size 66x18
              text run at (91,1) width 39: " DEF "
              text run at (129,1) width 28 RTL: "\x{5D6}\x{5D7}\x{5D8}"
          RenderBlock {P} at (4,118) size 158x19
            RenderText {#text} at (63,1) size 29x18
              text run at (63,1) width 29 RTL: "\x{5D3}\x{5D4}\x{5D5} "
            RenderInline {SPAN} at (0,1) size 64x18
              RenderText {#text} at (0,1) size 64x18
                text run at (0,1) width 64 RTL: "CBA \x{5D0}\x{5D1}\x{5D2}"
            RenderText {#text} at (91,1) size 66x18
              text run at (91,1) width 39: " DEF "
              text run at (129,1) width 28 RTL: "\x{5D6}\x{5D7}\x{5D8}"
          RenderBlock {P} at (4,137) size 158x19
            RenderText {#text} at (0,1) size 31x18
              text run at (0,1) width 27 RTL: "\x{5D0}\x{5D1}\x{5D2}"
              text run at (26,1) width 5: " "
            RenderInline {SPAN} at (30,1) size 62x18
              RenderText {#text} at (30,1) size 62x18
                text run at (30,1) width 62: "ABC \x{5D5}\x{5D4}\x{5D3}"
            RenderText {#text} at (91,1) size 66x18
              text run at (91,1) width 39: " DEF "
              text run at (129,1) width 28 RTL: "\x{5D6}\x{5D7}\x{5D8}"
          RenderBlock {P} at (4,156) size 158x19
            RenderText {#text} at (125,1) size 32x18
              text run at (125,1) width 32 RTL: "\x{5D6}\x{5D7}\x{5D8} "
            RenderInline {SPAN} at (30,1) size 62x18
              RenderText {#text} at (30,1) size 62x18
                text run at (30,1) width 62: "ABC \x{5D5}\x{5D4}\x{5D3}"
            RenderText {#text} at (0,1) size 126x18
              text run at (0,1) width 31 RTL: " \x{5D0}\x{5D1}\x{5D2}"
              text run at (91,1) width 35: " DEF"
        RenderText {#text} at (434,82) size 5x19
          text run at (434,82) width 5: " "
        RenderBlock {DIV} at (441,69) size 198x47 [border: (1px solid #008000)]
          RenderTable {TABLE} at (4,4) size 190x19
            RenderTableSection {TBODY} at (0,0) size 190x19
              RenderTableRow {TR} at (0,0) size 190x19
                RenderTableCell {TD} at (0,0) size 7x19 [r=0 c=0 rs=1 cs=1]
                  RenderText {#text} at (0,1) size 7x18
                    text run at (0,1) width 7 RTL: "\x{5D2}"
                RenderTableCell {TD} at (6,0) size 10x19 [r=0 c=1 rs=1 cs=1]
                  RenderText {#text} at (0,1) size 10x18
                    text run at (0,1) width 10 RTL: "\x{5D1}"
                RenderTableCell {TD} at (15,0) size 12x19 [r=0 c=2 rs=1 cs=1]
                  RenderText {#text} at (0,1) size 11x18
                    text run at (0,1) width 11 RTL: "\x{5D0}"
                RenderTableCell {TD} at (26,0) size 5x19 [r=0 c=3 rs=1 cs=1]
                  RenderText {#text} at (0,0) size 4x19
                    text run at (0,0) width 4: " "
                RenderTableCell {TD} at (30,0) size 12x19 [r=0 c=4 rs=1 cs=1]
                  RenderText {#text} at (0,0) size 12x19
                    text run at (0,0) width 12: "A"
                RenderTableCell {TD} at (41,0) size 12x19 [r=0 c=5 rs=1 cs=1]
                  RenderText {#text} at (0,0) size 11x19
                    text run at (0,0) width 11: "B"
                RenderTableCell {TD} at (52,0) size 12x19 [r=0 c=6 rs=1 cs=1]
                  RenderText {#text} at (0,0) size 11x19
                    text run at (0,0) width 11: "C"
                RenderTableCell {TD} at (63,0) size 5x19 [r=0 c=7 rs=1 cs=1]
                  RenderText {#text} at (0,0) size 4x19
                    text run at (0,0) width 4: " "
                RenderTableCell {TD} at (67,0) size 6x19 [r=0 c=8 rs=1 cs=1]
                  RenderText {#text} at (0,1) size 6x18
                    text run at (0,1) width 6 RTL: "\x{5D5}"
                RenderTableCell {TD} at (72,0) size 12x19 [r=0 c=9 rs=1 cs=1]
                  RenderText {#text} at (0,1) size 12x18
                    text run at (0,1) width 12 RTL: "\x{5D4}"
                RenderTableCell {TD} at (83,0) size 9x19 [r=0 c=10 rs=1 cs=1]
                  RenderText {#text} at (0,1) size 9x18
                    text run at (0,1) width 9 RTL: "\x{5D3}"
                RenderTableCell {TD} at (91,0) size 5x19 [r=0 c=11 rs=1 cs=1]
                  RenderText {#text} at (0,0) size 4x19
                    text run at (0,0) width 4: " "
                RenderTableCell {TD} at (95,0) size 13x19 [r=0 c=12 rs=1 cs=1]
                  RenderText {#text} at (0,0) size 12x19
                    text run at (0,0) width 12: "D"
                RenderTableCell {TD} at (107,0) size 10x19 [r=0 c=13 rs=1 cs=1]
                  RenderText {#text} at (0,0) size 10x19
                    text run at (0,0) width 10: "E"
                RenderTableCell {TD} at (116,0) size 10x19 [r=0 c=14 rs=1 cs=1]
                  RenderText {#text} at (0,0) size 9x19
                    text run at (0,0) width 9: "F"
                RenderTableCell {TD} at (125,0) size 5x19 [r=0 c=15 rs=1 cs=1]
                  RenderText {#text} at (0,0) size 4x19
                    text run at (0,0) width 4: " "
                RenderTableCell {TD} at (129,0) size 13x19 [r=0 c=16 rs=1 cs=1]
                  RenderText {#text} at (0,0) size 12x19
                    text run at (0,0) width 12: "G"
                RenderTableCell {TD} at (141,0) size 12x19 [r=0 c=17 rs=1 cs=1]
                  RenderText {#text} at (0,0) size 12x19
                    text run at (0,0) width 12: "H"
                RenderTableCell {TD} at (153,0) size 6x19 [r=0 c=18 rs=1 cs=1]
                  RenderText {#text} at (0,0) size 6x19
                    text run at (0,0) width 6: "I"
                RenderTableCell {TD} at (158,0) size 5x19 [r=0 c=19 rs=1 cs=1]
                  RenderText {#text} at (0,0) size 4x19
                    text run at (0,0) width 4: " "
                RenderTableCell {TD} at (162,0) size 11x19 [r=0 c=20 rs=1 cs=1]
                  RenderText {#text} at (0,1) size 11x18
                    text run at (0,1) width 11 RTL: "\x{5D8}"
                RenderTableCell {TD} at (172,0) size 13x19 [r=0 c=21 rs=1 cs=1]
                  RenderText {#text} at (0,1) size 12x18
                    text run at (0,1) width 12 RTL: "\x{5D7}"
                RenderTableCell {TD} at (184,0) size 6x19 [r=0 c=22 rs=1 cs=1]
                  RenderText {#text} at (0,1) size 6x18
                    text run at (0,1) width 6 RTL: "\x{5D6}"
          RenderBlock {P} at (4,23) size 190x19
            RenderText {#text} at (0,1) size 190x18
              text run at (0,1) width 27 RTL: "\x{5D0}\x{5D1}\x{5D2}"
              text run at (26,1) width 42: " ABC "
              text run at (67,1) width 25 RTL: "\x{5D3}\x{5D4}\x{5D5}"
              text run at (91,1) width 72: " DEF GHI "
              text run at (162,1) width 28 RTL: "\x{5D6}\x{5D7}\x{5D8}"
        RenderText {#text} at (0,0) size 0x0
        RenderBR {BR} at (641,82) size 1x19
        RenderBlock {DIV} at (3,188) size 198x46 [border: (1px solid #008000)]
          RenderTable {TABLE} at (4,4) size 190x19
            RenderTableSection {TBODY} at (0,0) size 190x19
              RenderTableRow {TR} at (0,0) size 190x19
                RenderTableCell {TD} at (0,0) size 9x19 [r=0 c=0 rs=1 cs=1]
                  RenderText {#text} at (0,0) size 9x19
                    text run at (0,0) width 9: "F"
                RenderTableCell {TD} at (8,0) size 11x19 [r=0 c=1 rs=1 cs=1]
                  RenderText {#text} at (0,0) size 10x19
                    text run at (0,0) width 10: "E"
                RenderTableCell {TD} at (18,0) size 13x19 [r=0 c=2 rs=1 cs=1]
                  RenderText {#text} at (0,0) size 12x19
                    text run at (0,0) width 12: "D"
                RenderTableCell {TD} at (30,0) size 5x19 [r=0 c=3 rs=1 cs=1]
                  RenderText {#text} at (0,0) size 4x19
                    text run at (0,0) width 4: " "
                RenderTableCell {TD} at (34,0) size 6x19 [r=0 c=4 rs=1 cs=1]
                  RenderText {#text} at (0,1) size 6x18
                    text run at (0,1) width 6 RTL: "\x{5D5}"
                RenderTableCell {TD} at (39,0) size 12x19 [r=0 c=5 rs=1 cs=1]
                  RenderText {#text} at (0,1) size 12x18
                    text run at (0,1) width 12 RTL: "\x{5D4}"
                RenderTableCell {TD} at (50,0) size 9x19 [r=0 c=6 rs=1 cs=1]
                  RenderText {#text} at (0,1) size 9x18
                    text run at (0,1) width 9 RTL: "\x{5D3}"
                RenderTableCell {TD} at (58,0) size 5x19 [r=0 c=7 rs=1 cs=1]
                  RenderText {#text} at (0,0) size 4x19
                    text run at (0,0) width 4: " "
                RenderTableCell {TD} at (62,0) size 12x19 [r=0 c=8 rs=1 cs=1]
                  RenderText {#text} at (0,0) size 11x19
                    text run at (0,0) width 11: "C"
                RenderTableCell {TD} at (73,0) size 12x19 [r=0 c=9 rs=1 cs=1]
                  RenderText {#text} at (0,0) size 11x19
                    text run at (0,0) width 11: "B"
                RenderTableCell {TD} at (84,0) size 12x19 [r=0 c=10 rs=1 cs=1]
                  RenderText {#text} at (0,0) size 12x19
                    text run at (0,0) width 12: "A"
                RenderTableCell {TD} at (95,0) size 5x19 [r=0 c=11 rs=1 cs=1]
                  RenderText {#text} at (0,0) size 4x19
                    text run at (0,0) width 4: " "
                RenderTableCell {TD} at (99,0) size 8x19 [r=0 c=12 rs=1 cs=1]
                  RenderText {#text} at (0,1) size 7x18
                    text run at (0,1) width 7 RTL: "\x{5D2}"
                RenderTableCell {TD} at (106,0) size 10x19 [r=0 c=13 rs=1 cs=1]
                  RenderText {#text} at (0,1) size 10x18
                    text run at (0,1) width 10 RTL: "\x{5D1}"
                RenderTableCell {TD} at (115,0) size 11x19 [r=0 c=14 rs=1 cs=1]
                  RenderText {#text} at (0,1) size 11x18
                    text run at (0,1) width 11 RTL: "\x{5D0}"
                RenderTableCell {TD} at (125,0) size 5x19 [r=0 c=15 rs=1 cs=1]
                  RenderText {#text} at (0,0) size 4x19
                    text run at (0,0) width 4: " "
                RenderTableCell {TD} at (129,0) size 13x19 [r=0 c=16 rs=1 cs=1]
                  RenderText {#text} at (0,0) size 12x19
                    text run at (0,0) width 12: "G"
                RenderTableCell {TD} at (141,0) size 12x19 [r=0 c=17 rs=1 cs=1]
                  RenderText {#text} at (0,0) size 12x19
                    text run at (0,0) width 12: "H"
                RenderTableCell {TD} at (153,0) size 6x19 [r=0 c=18 rs=1 cs=1]
                  RenderText {#text} at (0,0) size 6x19
                    text run at (0,0) width 6: "I"
                RenderTableCell {TD} at (158,0) size 5x19 [r=0 c=19 rs=1 cs=1]
                  RenderText {#text} at (0,0) size 4x19
                    text run at (0,0) width 4: " "
                RenderTableCell {TD} at (162,0) size 11x19 [r=0 c=20 rs=1 cs=1]
                  RenderText {#text} at (0,1) size 11x18
                    text run at (0,1) width 11 RTL: "\x{5D8}"
                RenderTableCell {TD} at (172,0) size 13x19 [r=0 c=21 rs=1 cs=1]
                  RenderText {#text} at (0,1) size 12x18
                    text run at (0,1) width 12 RTL: "\x{5D7}"
                RenderTableCell {TD} at (184,0) size 6x19 [r=0 c=22 rs=1 cs=1]
                  RenderText {#text} at (0,1) size 6x18
                    text run at (0,1) width 6 RTL: "\x{5D6}"
          RenderBlock {P} at (4,23) size 190x19
            RenderText {#text} at (95,1) size 31x18
              text run at (95,1) width 31 RTL: "\x{5D0}\x{5D1}\x{5D2} "
            RenderInline {SPAN} at (0,1) size 96x18
              RenderText {#text} at (0,1) size 96x18
                text run at (0,1) width 96 RTL: "ABC \x{5D3}\x{5D4}\x{5D5} DEF"
            RenderText {#text} at (125,1) size 65x18
              text run at (125,1) width 38: " GHI "
              text run at (162,1) width 28 RTL: "\x{5D6}\x{5D7}\x{5D8}"
        RenderText {#text} at (203,200) size 5x19
          text run at (203,200) width 5: " "
        RenderBlock {DIV} at (210,188) size 198x46 [border: (1px solid #008000)]
          RenderTable {TABLE} at (4,4) size 190x19
            RenderTableSection {TBODY} at (0,0) size 190x19
              RenderTableRow {TR} at (0,0) size 190x19
                RenderTableCell {TD} at (0,0) size 7x19 [r=0 c=0 rs=1 cs=1]
                  RenderText {#text} at (0,1) size 7x18
                    text run at (0,1) width 7 RTL: "\x{5D2}"
                RenderTableCell {TD} at (6,0) size 10x19 [r=0 c=1 rs=1 cs=1]
                  RenderText {#text} at (0,1) size 10x18
                    text run at (0,1) width 10 RTL: "\x{5D1}"
                RenderTableCell {TD} at (15,0) size 12x19 [r=0 c=2 rs=1 cs=1]
                  RenderText {#text} at (0,1) size 11x18
                    text run at (0,1) width 11 RTL: "\x{5D0}"
                RenderTableCell {TD} at (26,0) size 5x19 [r=0 c=3 rs=1 cs=1]
                  RenderText {#text} at (0,0) size 4x19
                    text run at (0,0) width 4: " "
                RenderTableCell {TD} at (30,0) size 12x19 [r=0 c=4 rs=1 cs=1]
                  RenderText {#text} at (0,0) size 12x19
                    text run at (0,0) width 12: "A"
                RenderTableCell {TD} at (41,0) size 12x19 [r=0 c=5 rs=1 cs=1]
                  RenderText {#text} at (0,0) size 11x19
                    text run at (0,0) width 11: "B"
                RenderTableCell {TD} at (52,0) size 12x19 [r=0 c=6 rs=1 cs=1]
                  RenderText {#text} at (0,0) size 11x19
                    text run at (0,0) width 11: "C"
                RenderTableCell {TD} at (63,0) size 5x19 [r=0 c=7 rs=1 cs=1]
                  RenderText {#text} at (0,0) size 4x19
                    text run at (0,0) width 4: " "
                RenderTableCell {TD} at (67,0) size 9x19 [r=0 c=8 rs=1 cs=1]
                  RenderText {#text} at (0,0) size 9x19
                    text run at (0,0) width 9: "F"
                RenderTableCell {TD} at (76,0) size 10x19 [r=0 c=9 rs=1 cs=1]
                  RenderText {#text} at (0,0) size 10x19
                    text run at (0,0) width 10: "E"
                RenderTableCell {TD} at (85,0) size 13x19 [r=0 c=10 rs=1 cs=1]
                  RenderText {#text} at (0,0) size 12x19
                    text run at (0,0) width 12: "D"
                RenderTableCell {TD} at (97,0) size 5x19 [r=0 c=11 rs=1 cs=1]
                  RenderText {#text} at (0,0) size 4x19
                    text run at (0,0) width 4: " "
                RenderTableCell {TD} at (101,0) size 6x19 [r=0 c=12 rs=1 cs=1]
                  RenderText {#text} at (0,1) size 6x18
                    text run at (0,1) width 6 RTL: "\x{5D5}"
                RenderTableCell {TD} at (106,0) size 12x19 [r=0 c=13 rs=1 cs=1]
                  RenderText {#text} at (0,1) size 12x18
                    text run at (0,1) width 12 RTL: "\x{5D4}"
                RenderTableCell {TD} at (117,0) size 9x19 [r=0 c=14 rs=1 cs=1]
                  RenderText {#text} at (0,1) size 9x18
                    text run at (0,1) width 9 RTL: "\x{5D3}"
                RenderTableCell {TD} at (125,0) size 5x19 [r=0 c=15 rs=1 cs=1]
                  RenderText {#text} at (0,0) size 4x19
                    text run at (0,0) width 4: " "
                RenderTableCell {TD} at (129,0) size 13x19 [r=0 c=16 rs=1 cs=1]
                  RenderText {#text} at (0,0) size 12x19
                    text run at (0,0) width 12: "G"
                RenderTableCell {TD} at (141,0) size 12x19 [r=0 c=17 rs=1 cs=1]
                  RenderText {#text} at (0,0) size 12x19
                    text run at (0,0) width 12: "H"
                RenderTableCell {TD} at (153,0) size 6x19 [r=0 c=18 rs=1 cs=1]
                  RenderText {#text} at (0,0) size 6x19
                    text run at (0,0) width 6: "I"
                RenderTableCell {TD} at (158,0) size 5x19 [r=0 c=19 rs=1 cs=1]
                  RenderText {#text} at (0,0) size 4x19
                    text run at (0,0) width 4: " "
                RenderTableCell {TD} at (162,0) size 11x19 [r=0 c=20 rs=1 cs=1]
                  RenderText {#text} at (0,1) size 11x18
                    text run at (0,1) width 11 RTL: "\x{5D8}"
                RenderTableCell {TD} at (172,0) size 13x19 [r=0 c=21 rs=1 cs=1]
                  RenderText {#text} at (0,1) size 12x18
                    text run at (0,1) width 12 RTL: "\x{5D7}"
                RenderTableCell {TD} at (184,0) size 6x19 [r=0 c=22 rs=1 cs=1]
                  RenderText {#text} at (0,1) size 6x18
                    text run at (0,1) width 6 RTL: "\x{5D6}"
          RenderBlock {P} at (4,23) size 190x19
            RenderText {#text} at (0,1) size 68x18
              text run at (0,1) width 27 RTL: "\x{5D0}\x{5D1}\x{5D2}"
              text run at (26,1) width 42: " ABC "
            RenderInline {SPAN} at (67,1) size 59x18
              RenderText {#text} at (67,1) size 59x18
                text run at (67,1) width 59 RTL: "\x{5D3}\x{5D4}\x{5D5} DEF"
            RenderText {#text} at (125,1) size 65x18
              text run at (125,1) width 38: " GHI "
              text run at (162,1) width 28 RTL: "\x{5D6}\x{5D7}\x{5D8}"
        RenderText {#text} at (0,0) size 0x0
      RenderBlock {P} at (0,441) size 784x19
        RenderText {#text} at (0,0) size 59x18
          text run at (0,0) width 59: "(Back to "
        RenderInline {A} at (58,0) size 161x18 [color=#0000EE]
          RenderText {#text} at (58,0) size 161x18
            text run at (58,0) width 161: "CSS Testing Information"
        RenderText {#text} at (218,0) size 9x18
          text run at (218,0) width 9: ", "
        RenderInline {A} at (226,0) size 83x18 [color=#0000EE]
          RenderText {#text} at (226,0) size 83x18
            text run at (226,0) width 83: "David Baron"
        RenderText {#text} at (308,0) size 6x18
          text run at (308,0) width 6: ")"
      RenderBlock {P} at (0,475) size 784x19
        RenderInline {A} at (0,0) size 32x18 [color=#0000EE]
          RenderText {#text} at (0,0) size 32x18
            text run at (0,0) width 32: "LDB"
        RenderText {#text} at (32,0) size 8x18
          text run at (32,0) width 8: ", "
        RenderInline {A} at (40,0) size 129x18 [color=#0000EE]
          RenderText {#text} at (40,0) size 129x18
            text run at (40,0) width 129: "dbaron@dbaron.org"
        RenderText {#text} at (168,0) size 84x18
          text run at (168,0) width 84: ", 2001-06-05"
      RenderBlock {P} at (0,509) size 784x19
        RenderText {#text} at (0,0) size 310x18
          text run at (0,0) width 310: "Modified and used with the author\x{2019}s permission."
layer at (8,445) size 784x2 clip at (0,0) size 0x0
  RenderBlock {HR} at (0,423) size 784x3 [color=#808080] [border: (1px inset #808080)]
