layer at (0,0) size 785x6482
  RenderView at (0,0) size 785x600
layer at (0,0) size 785x6482
  RenderBlock {HTML} at (0,0) size 785x6482
    RenderBody {BODY} at (8,8) size 769x6458
      RenderBlock {P} at (0,0) size 769x18
        RenderText {#text} at (0,0) size 306x18
          text run at (0,0) width 306: "Tests the resolved level of runs of neutral types."
      RenderBlock {DIV} at (0,34) size 769x3204
        RenderBlock {P} at (0,0) size 769x18
          RenderText {#text} at (0,0) size 44x18
            text run at (0,0) width 44: "ab(^cd"
        RenderBlock {P} at (0,34) size 769x20
          RenderText {#text} at (0,1) size 48x19
            text run at (0,1) width 20 RTL: "\x{5D0}\x{5D1}"
            text run at (19,1) width 29: "(^cd"
        RenderBlock {P} at (0,69) size 769x23
          RenderText {#text} at (0,1) size 43x19
            text run at (0,1) width 15 RTL: "\x{627}\x{628}"
            text run at (14,1) width 29: "(^cd"
        RenderBlock {P} at (0,107) size 769x19
          RenderText {#text} at (0,0) size 60x18
            text run at (0,0) width 60: "ab12(^cd"
        RenderBlock {P} at (0,141) size 769x20
          RenderText {#text} at (0,1) size 64x19
            text run at (0,1) width 16: "12"
            text run at (16,1) width 20 RTL: "\x{5D0}\x{5D1}"
            text run at (35,1) width 29: "(^cd"
        RenderBlock {P} at (0,176) size 769x23
          RenderText {#text} at (0,1) size 59x19
            text run at (0,1) width 16: "12"
            text run at (16,1) width 15 RTL: "\x{627}\x{628}"
            text run at (30,1) width 29: "(^cd"
        RenderBlock {P} at (0,214) size 769x23
          RenderText {#text} at (0,1) size 60x19
            text run at (0,1) width 60: "ab\x{661}\x{662}(^cd"
        RenderBlock {P} at (0,252) size 769x23
          RenderText {#text} at (0,1) size 65x19
            text run at (0,1) width 17: "\x{661}\x{662}"
            text run at (16,1) width 21 RTL: "\x{5D0}\x{5D1}"
            text run at (36,1) width 29: "(^cd"
        RenderBlock {P} at (0,290) size 769x22
          RenderText {#text} at (0,1) size 60x19
            text run at (0,1) width 17: "\x{661}\x{662}"
            text run at (16,1) width 16 RTL: "\x{627}\x{628}"
            text run at (31,1) width 29: "(^cd"
        RenderBlock {P} at (0,327) size 769x19
          RenderText {#text} at (0,0) size 36x18
            text run at (0,0) width 36: "\x{202A}?\x{202C}(^cd"
        RenderBlock {P} at (0,361) size 769x19
          RenderText {#text} at (0,0) size 36x18
            text run at (0,0) width 8 RTL: "\x{202B}?"
            text run at (7,0) width 29: "\x{202C}(^cd"
        RenderBlock {P} at (0,395) size 769x21
          RenderText {#text} at (0,1) size 43x19
            text run at (0,1) width 28: "ab(^"
            text run at (27,1) width 16 RTL: "\x{5D2}\x{5D3}"
        RenderBlock {P} at (0,431) size 769x20
          RenderText {#text} at (0,1) size 48x19
            text run at (0,1) width 48 RTL: "\x{5D0}\x{5D1}(^\x{5D2}\x{5D3}"
        RenderBlock {P} at (0,466) size 769x23
          RenderText {#text} at (0,1) size 43x19
            text run at (0,1) width 43 RTL: "\x{627}\x{628}(^\x{5D2}\x{5D3}"
        RenderBlock {P} at (0,504) size 769x21
          RenderText {#text} at (0,1) size 59x19
            text run at (0,1) width 44: "ab12(^"
            text run at (43,1) width 16 RTL: "\x{5D2}\x{5D3}"
        RenderBlock {P} at (0,540) size 769x20
          RenderText {#text} at (0,1) size 64x19
            text run at (0,1) width 28 RTL: "(^\x{5D2}\x{5D3}"
            text run at (27,1) width 17: "12"
            text run at (43,1) width 21 RTL: "\x{5D0}\x{5D1}"
        RenderBlock {P} at (0,575) size 769x23
          RenderText {#text} at (0,1) size 59x19
            text run at (0,1) width 28 RTL: "(^\x{5D2}\x{5D3}"
            text run at (27,1) width 17: "12"
            text run at (43,1) width 16 RTL: "\x{627}\x{628}"
        RenderBlock {P} at (0,613) size 769x23
          RenderText {#text} at (0,1) size 60x19
            text run at (0,1) width 16: "ab"
            text run at (15,1) width 28 RTL: "(^\x{5D2}\x{5D3}"
            text run at (42,1) width 18: "\x{661}\x{662}"
        RenderBlock {P} at (0,651) size 769x23
          RenderText {#text} at (0,1) size 64x19
            text run at (0,1) width 28 RTL: "(^\x{5D2}\x{5D3}"
            text run at (27,1) width 18: "\x{661}\x{662}"
            text run at (44,1) width 20 RTL: "\x{5D0}\x{5D1}"
        RenderBlock {P} at (0,689) size 769x22
          RenderText {#text} at (0,1) size 60x19
            text run at (0,1) width 28 RTL: "(^\x{5D2}\x{5D3}"
            text run at (27,1) width 18: "\x{661}\x{662}"
            text run at (44,1) width 16 RTL: "\x{627}\x{628}"
        RenderBlock {P} at (0,727) size 769x20
          RenderText {#text} at (0,1) size 35x19
            text run at (0,1) width 8: "\x{202A}?"
            text run at (7,1) width 13: "\x{202C}(^"
            text run at (19,1) width 16 RTL: "\x{5D2}\x{5D3}"
        RenderBlock {P} at (0,762) size 769x20
          RenderText {#text} at (0,1) size 35x19
            text run at (0,1) width 35 RTL: "\x{202B}?\x{202C}(^\x{5D2}\x{5D3}"
        RenderBlock {P} at (0,797) size 769x23
          RenderText {#text} at (0,1) size 45x19
            text run at (0,1) width 28: "ab(^"
            text run at (27,1) width 18 RTL: "\x{62C}\x{62F}"
        RenderBlock {P} at (0,835) size 769x23
          RenderText {#text} at (0,1) size 49x19
            text run at (0,1) width 49 RTL: "\x{5D0}\x{5D1}(^\x{62C}\x{62F}"
        RenderBlock {P} at (0,873) size 769x23
          RenderText {#text} at (0,1) size 45x19
            text run at (0,1) width 45 RTL: "\x{627}\x{628}(^\x{62C}\x{62F}"
        RenderBlock {P} at (0,911) size 769x23
          RenderText {#text} at (0,1) size 61x19
            text run at (0,1) width 44: "ab12(^"
            text run at (43,1) width 18 RTL: "\x{62C}\x{62F}"
        RenderBlock {P} at (0,949) size 769x22
          RenderText {#text} at (0,1) size 65x19
            text run at (0,1) width 30 RTL: "(^\x{62C}\x{62F}"
            text run at (29,1) width 17: "12"
            text run at (45,1) width 20 RTL: "\x{5D0}\x{5D1}"
        RenderBlock {P} at (0,986) size 769x23
          RenderText {#text} at (0,1) size 61x19
            text run at (0,1) width 30 RTL: "(^\x{62C}\x{62F}"
            text run at (29,1) width 17: "12"
            text run at (45,1) width 16 RTL: "\x{627}\x{628}"
        RenderBlock {P} at (0,1024) size 769x23
          RenderText {#text} at (0,1) size 62x19
            text run at (0,1) width 16: "ab"
            text run at (15,1) width 30 RTL: "(^\x{62C}\x{62F}"
            text run at (44,1) width 18: "\x{661}\x{662}"
        RenderBlock {P} at (0,1062) size 769x23
          RenderText {#text} at (0,1) size 66x19
            text run at (0,1) width 30 RTL: "(^\x{62C}\x{62F}"
            text run at (29,1) width 18: "\x{661}\x{662}"
            text run at (46,1) width 20 RTL: "\x{5D0}\x{5D1}"
        RenderBlock {P} at (0,1100) size 769x23
          RenderText {#text} at (0,1) size 61x19
            text run at (0,1) width 30 RTL: "(^\x{62C}\x{62F}"
            text run at (29,1) width 18: "\x{661}\x{662}"
            text run at (46,1) width 15 RTL: "\x{627}\x{628}"
        RenderBlock {P} at (0,1138) size 769x22
          RenderText {#text} at (0,1) size 37x19
            text run at (0,1) width 8: "\x{202A}?"
            text run at (7,1) width 13: "\x{202C}(^"
            text run at (19,1) width 18 RTL: "\x{62C}\x{62F}"
        RenderBlock {P} at (0,1175) size 769x23
          RenderText {#text} at (0,1) size 37x19
            text run at (0,1) width 37 RTL: "\x{202B}?\x{202C}(^\x{62C}\x{62F}"
        RenderBlock {P} at (0,1213) size 769x21
          RenderText {#text} at (0,1) size 63x19
            text run at (0,1) width 44: "ab(^34"
            text run at (43,1) width 13 RTL: "\x{5E9}"
            text run at (55,1) width 8: "z"
        RenderBlock {P} at (0,1249) size 769x20
          RenderText {#text} at (0,1) size 67x19
            text run at (0,1) width 12 RTL: "\x{5E9}"
            text run at (11,1) width 17: "34"
            text run at (27,1) width 33 RTL: "\x{5D0}\x{5D1}(^"
            text run at (59,1) width 8: "z"
        RenderBlock {P} at (0,1284) size 769x23
          RenderText {#text} at (0,1) size 63x19
            text run at (0,1) width 12 RTL: "\x{5E9}"
            text run at (11,1) width 17: "34"
            text run at (27,1) width 29 RTL: "\x{627}\x{628}(^"
            text run at (55,1) width 8: "z"
        RenderBlock {P} at (0,1322) size 769x20
          RenderText {#text} at (0,1) size 79x19
            text run at (0,1) width 60: "ab12(^34"
            text run at (59,1) width 13 RTL: "\x{5E9}"
            text run at (71,1) width 8: "z"
        RenderBlock {P} at (0,1357) size 769x21
          RenderText {#text} at (0,1) size 83x19
            text run at (0,1) width 12 RTL: "\x{5E9}"
            text run at (11,1) width 17: "34"
            text run at (27,1) width 14 RTL: "(^"
            text run at (40,1) width 17: "12"
            text run at (56,1) width 20 RTL: "\x{5D0}\x{5D1}"
            text run at (75,1) width 8: "z"
        RenderBlock {P} at (0,1393) size 769x23
          RenderText {#text} at (0,1) size 79x19
            text run at (0,1) width 12 RTL: "\x{5E9}"
            text run at (11,1) width 17: "34"
            text run at (27,1) width 14 RTL: "(^"
            text run at (40,1) width 17: "12"
            text run at (56,1) width 16 RTL: "\x{627}\x{628}"
            text run at (71,1) width 8: "z"
        RenderBlock {P} at (0,1431) size 769x23
          RenderText {#text} at (0,1) size 80x19
            text run at (0,1) width 16: "ab"
            text run at (15,1) width 17: "\x{661}\x{662}"
            text run at (31,1) width 30: "(^34"
            text run at (60,1) width 13 RTL: "\x{5E9}"
            text run at (72,1) width 8: "z"
        RenderBlock {P} at (0,1469) size 769x22
          RenderText {#text} at (0,1) size 84x19
            text run at (0,1) width 12 RTL: "\x{5E9}"
            text run at (11,1) width 17: "34"
            text run at (27,1) width 14 RTL: "(^"
            text run at (40,1) width 18: "\x{661}\x{662}"
            text run at (57,1) width 20 RTL: "\x{5D0}\x{5D1}"
            text run at (76,1) width 8: "z"
        RenderBlock {P} at (0,1506) size 769x23
          RenderText {#text} at (0,1) size 80x19
            text run at (0,1) width 12 RTL: "\x{5E9}"
            text run at (11,1) width 17: "34"
            text run at (27,1) width 14 RTL: "(^"
            text run at (40,1) width 18: "\x{661}\x{662}"
            text run at (57,1) width 16 RTL: "\x{627}\x{628}"
            text run at (72,1) width 8: "z"
        RenderBlock {P} at (0,1544) size 769x21
          RenderText {#text} at (0,1) size 55x19
            text run at (0,1) width 8: "\x{202A}?"
            text run at (7,1) width 29: "\x{202C}(^34"
            text run at (35,1) width 13 RTL: "\x{5E9}"
            text run at (47,1) width 8: "z"
        RenderBlock {P} at (0,1580) size 769x20
          RenderText {#text} at (0,1) size 55x19
            text run at (0,1) width 12 RTL: "\x{5E9}"
            text run at (11,1) width 17: "34"
            text run at (27,1) width 21 RTL: "\x{202B}?\x{202C}(^"
            text run at (47,1) width 8: "z"
        RenderBlock {P} at (0,1615) size 769x23
          RenderText {#text} at (0,1) size 64x19
            text run at (0,1) width 28: "ab(^"
            text run at (27,1) width 13 RTL: "\x{5E9}"
            text run at (39,1) width 18: "\x{663}\x{664}"
            text run at (56,1) width 8: "z"
        RenderBlock {P} at (0,1653) size 769x23
          RenderText {#text} at (0,1) size 68x19
            text run at (0,1) width 12 RTL: "\x{5E9}"
            text run at (11,1) width 18: "\x{663}\x{664}"
            text run at (28,1) width 33 RTL: "\x{5D0}\x{5D1}(^"
            text run at (60,1) width 8: "z"
        RenderBlock {P} at (0,1691) size 769x23
          RenderText {#text} at (0,1) size 64x19
            text run at (0,1) width 12 RTL: "\x{5E9}"
            text run at (11,1) width 18: "\x{663}\x{664}"
            text run at (28,1) width 29 RTL: "\x{627}\x{628}(^"
            text run at (56,1) width 8: "z"
        RenderBlock {P} at (0,1729) size 769x23
          RenderText {#text} at (0,1) size 80x19
            text run at (0,1) width 44: "ab12(^"
            text run at (43,1) width 13 RTL: "\x{5E9}"
            text run at (55,1) width 18: "\x{663}\x{664}"
            text run at (72,1) width 8: "z"
        RenderBlock {P} at (0,1767) size 769x22
          RenderText {#text} at (0,1) size 84x19
            text run at (0,1) width 12 RTL: "\x{5E9}"
            text run at (11,1) width 18: "\x{663}\x{664}"
            text run at (28,1) width 14 RTL: "(^"
            text run at (41,1) width 17: "12"
            text run at (57,1) width 20 RTL: "\x{5D0}\x{5D1}"
            text run at (76,1) width 8: "z"
        RenderBlock {P} at (0,1804) size 769x23
          RenderText {#text} at (0,1) size 80x19
            text run at (0,1) width 12 RTL: "\x{5E9}"
            text run at (11,1) width 18: "\x{663}\x{664}"
            text run at (28,1) width 14 RTL: "(^"
            text run at (41,1) width 17: "12"
            text run at (57,1) width 16 RTL: "\x{627}\x{628}"
            text run at (72,1) width 8: "z"
        RenderBlock {P} at (0,1842) size 769x23
          RenderText {#text} at (0,1) size 81x19
            text run at (0,1) width 16: "ab"
            text run at (15,1) width 12 RTL: "\x{5E9}"
            text run at (26,1) width 18: "\x{663}\x{664}"
            text run at (43,1) width 14 RTL: "(^"
            text run at (56,1) width 18: "\x{661}\x{662}"
            text run at (73,1) width 8: "z"
        RenderBlock {P} at (0,1880) size 769x23
          RenderText {#text} at (0,1) size 85x19
            text run at (0,1) width 12 RTL: "\x{5E9}"
            text run at (11,1) width 18: "\x{663}\x{664}"
            text run at (28,1) width 14 RTL: "(^"
            text run at (41,1) width 17: "\x{661}\x{662}"
            text run at (57,1) width 21 RTL: "\x{5D0}\x{5D1}"
            text run at (77,1) width 8: "z"
        RenderBlock {P} at (0,1918) size 769x23
          RenderText {#text} at (0,1) size 80x19
            text run at (0,1) width 12 RTL: "\x{5E9}"
            text run at (11,1) width 18: "\x{663}\x{664}"
            text run at (28,1) width 14 RTL: "(^"
            text run at (41,1) width 17: "\x{661}\x{662}"
            text run at (57,1) width 16 RTL: "\x{627}\x{628}"
            text run at (72,1) width 8: "z"
        RenderBlock {P} at (0,1956) size 769x23
          RenderText {#text} at (0,1) size 56x19
            text run at (0,1) width 8: "\x{202A}?"
            text run at (7,1) width 13: "\x{202C}(^"
            text run at (19,1) width 13 RTL: "\x{5E9}"
            text run at (31,1) width 18: "\x{663}\x{664}"
            text run at (48,1) width 8: "z"
        RenderBlock {P} at (0,1994) size 769x23
          RenderText {#text} at (0,1) size 56x19
            text run at (0,1) width 12 RTL: "\x{5E9}"
            text run at (11,1) width 18: "\x{663}\x{664}"
            text run at (28,1) width 21 RTL: "\x{202B}?\x{202C}(^"
            text run at (48,1) width 8: "z"
        RenderBlock {P} at (0,2032) size 769x19
          RenderText {#text} at (0,0) size 34x18
            text run at (0,0) width 34: "ab(^\x{202A}!\x{202C}"
        RenderBlock {P} at (0,2066) size 769x20
          RenderText {#text} at (0,1) size 38x19
            text run at (0,1) width 20 RTL: "\x{5D0}\x{5D1}"
            text run at (19,1) width 14: "(^"
            text run at (32,1) width 6: "\x{202A}!"
            text run at (37,1) width 1: "\x{202C}"
        RenderBlock {P} at (0,2101) size 769x23
          RenderText {#text} at (0,1) size 34x19
            text run at (0,1) width 15 RTL: "\x{627}\x{628}"
            text run at (14,1) width 14: "(^"
            text run at (27,1) width 7: "\x{202A}!"
            text run at (33,1) width 1: "\x{202C}"
        RenderBlock {P} at (0,2139) size 769x19
          RenderText {#text} at (0,0) size 50x18
            text run at (0,0) width 50: "ab12(^\x{202A}!\x{202C}"
        RenderBlock {P} at (0,2173) size 769x20
          RenderText {#text} at (0,1) size 54x19
            text run at (0,1) width 16: "12"
            text run at (16,1) width 20 RTL: "\x{5D0}\x{5D1}"
            text run at (35,1) width 14: "(^"
            text run at (48,1) width 6: "\x{202A}!"
            text run at (53,1) width 1: "\x{202C}"
        RenderBlock {P} at (0,2208) size 769x23
          RenderText {#text} at (0,1) size 50x19
            text run at (0,1) width 16: "12"
            text run at (16,1) width 15 RTL: "\x{627}\x{628}"
            text run at (30,1) width 14: "(^"
            text run at (43,1) width 7: "\x{202A}!"
            text run at (49,1) width 1: "\x{202C}"
        RenderBlock {P} at (0,2246) size 769x23
          RenderText {#text} at (0,1) size 51x19
            text run at (0,1) width 16: "ab"
            text run at (15,1) width 17: "\x{661}\x{662}"
            text run at (31,1) width 14: "(^"
            text run at (44,1) width 7: "\x{202A}!"
            text run at (50,1) width 1: "\x{202C}"
        RenderBlock {P} at (0,2284) size 769x23
          RenderText {#text} at (0,1) size 55x19
            text run at (0,1) width 17: "\x{661}\x{662}"
            text run at (16,1) width 21 RTL: "\x{5D0}\x{5D1}"
            text run at (36,1) width 13: "(^"
            text run at (48,1) width 7: "\x{202A}!"
            text run at (54,1) width 1: "\x{202C}"
        RenderBlock {P} at (0,2322) size 769x22
          RenderText {#text} at (0,1) size 50x19
            text run at (0,1) width 17: "\x{661}\x{662}"
            text run at (16,1) width 16 RTL: "\x{627}\x{628}"
            text run at (31,1) width 14: "(^"
            text run at (44,1) width 6: "\x{202A}!"
            text run at (49,1) width 1: "\x{202C}"
        RenderBlock {P} at (0,2359) size 769x19
          RenderText {#text} at (0,0) size 26x18
            text run at (0,0) width 26: "\x{202A}?\x{202C}(^\x{202A}!\x{202C}"
        RenderBlock {P} at (0,2393) size 769x19
          RenderText {#text} at (0,0) size 26x18
            text run at (0,0) width 8 RTL: "\x{202B}?"
            text run at (7,0) width 13: "\x{202C}(^"
            text run at (19,0) width 7: "\x{202A}!"
            text run at (25,0) width 1: "\x{202C}"
        RenderBlock {P} at (0,2427) size 769x19
          RenderText {#text} at (0,0) size 34x18
            text run at (0,0) width 28: "ab(^"
            text run at (27,0) width 7 RTL: "\x{202B}!"
            text run at (33,0) width 1: "\x{202C}"
        RenderBlock {P} at (0,2461) size 769x21
          RenderText {#text} at (0,1) size 38x19
            text run at (0,1) width 38 RTL: "\x{5D0}\x{5D1}(^\x{202B}!"
            text run at (37,1) width 1: "\x{202C}"
        RenderBlock {P} at (0,2497) size 769x23
          RenderText {#text} at (0,1) size 34x19
            text run at (0,1) width 34 RTL: "\x{627}\x{628}(^\x{202B}!"
            text run at (33,1) width 1: "\x{202C}"
        RenderBlock {P} at (0,2535) size 769x19
          RenderText {#text} at (0,0) size 50x18
            text run at (0,0) width 44: "ab12(^"
            text run at (43,0) width 7 RTL: "\x{202B}!"
            text run at (49,0) width 1: "\x{202C}"
        RenderBlock {P} at (0,2569) size 769x20
          RenderText {#text} at (0,1) size 54x19
            text run at (0,1) width 19 RTL: "(^\x{202B}!"
            text run at (18,1) width 17: "12"
            text run at (34,1) width 20 RTL: "\x{5D0}\x{5D1}"
            text run at (53,1) width 1: "\x{202C}"
        RenderBlock {P} at (0,2604) size 769x23
          RenderText {#text} at (0,1) size 50x19
            text run at (0,1) width 19 RTL: "(^\x{202B}!"
            text run at (18,1) width 17: "12"
            text run at (34,1) width 16 RTL: "\x{627}\x{628}"
            text run at (49,1) width 1: "\x{202C}"
        RenderBlock {P} at (0,2642) size 769x23
          RenderText {#text} at (0,1) size 51x19
            text run at (0,1) width 16: "ab"
            text run at (15,1) width 19 RTL: "(^\x{202B}!"
            text run at (33,1) width 18: "\x{661}\x{662}"
            text run at (50,1) width 1: "\x{202C}"
        RenderBlock {P} at (0,2680) size 769x23
          RenderText {#text} at (0,1) size 55x19
            text run at (0,1) width 19 RTL: "(^\x{202B}!"
            text run at (18,1) width 17: "\x{661}\x{662}"
            text run at (34,1) width 21 RTL: "\x{5D0}\x{5D1}"
            text run at (54,1) width 1: "\x{202C}"
        RenderBlock {P} at (0,2718) size 769x22
          RenderText {#text} at (0,1) size 50x19
            text run at (0,1) width 19 RTL: "(^\x{202B}!"
            text run at (18,1) width 17: "\x{661}\x{662}"
            text run at (34,1) width 16 RTL: "\x{627}\x{628}"
            text run at (49,1) width 1: "\x{202C}"
        RenderBlock {P} at (0,2755) size 769x19
          RenderText {#text} at (0,0) size 26x18
            text run at (0,0) width 8: "\x{202A}?"
            text run at (7,0) width 13: "\x{202C}(^"
            text run at (19,0) width 7 RTL: "\x{202B}!"
            text run at (25,0) width 1: "\x{202C}"
        RenderBlock {P} at (0,2789) size 769x19
          RenderText {#text} at (0,0) size 26x18
            text run at (0,0) width 26 RTL: "\x{202B}?\x{202C}(^\x{202B}!"
            text run at (25,0) width 1: "\x{202C}"
        RenderBlock {P} at (0,2823) size 769x19
          RenderText {#text} at (0,0) size 28x18
            text run at (0,0) width 28: "\x{202A}ab(^\x{202C}"
        RenderBlock {P} at (0,2857) size 769x21
          RenderText {#text} at (0,1) size 33x19
            text run at (0,1) width 20 RTL: "\x{202A}\x{5D0}\x{5D1}"
            text run at (19,1) width 14: "(^"
            text run at (32,1) width 1: "\x{202C}"
        RenderBlock {P} at (0,2893) size 769x23
          RenderText {#text} at (0,1) size 28x19
            text run at (0,1) width 15 RTL: "\x{202A}\x{627}\x{628}"
            text run at (14,1) width 14: "(^"
            text run at (27,1) width 1: "\x{202C}"
        RenderBlock {P} at (0,2931) size 769x19
          RenderText {#text} at (0,0) size 44x18
            text run at (0,0) width 44: "\x{202A}ab12(^\x{202C}"
        RenderBlock {P} at (0,2965) size 769x20
          RenderText {#text} at (0,1) size 49x19
            text run at (0,1) width 16: "12"
            text run at (16,1) width 20 RTL: "\x{202A}\x{5D0}\x{5D1}"
            text run at (35,1) width 14: "(^"
            text run at (48,1) width 1: "\x{202C}"
        RenderBlock {P} at (0,3000) size 769x23
          RenderText {#text} at (0,1) size 44x19
            text run at (0,1) width 16: "12"
            text run at (16,1) width 15 RTL: "\x{202A}\x{627}\x{628}"
            text run at (30,1) width 14: "(^"
            text run at (43,1) width 1: "\x{202C}"
        RenderBlock {P} at (0,3038) size 769x23
          RenderText {#text} at (0,1) size 45x19
            text run at (0,1) width 16: "\x{202A}ab"
            text run at (15,1) width 17: "\x{661}\x{662}"
            text run at (31,1) width 14: "(^"
            text run at (44,1) width 1: "\x{202C}"
        RenderBlock {P} at (0,3076) size 769x22
          RenderText {#text} at (0,1) size 49x19
            text run at (0,1) width 17: "\x{661}\x{662}"
            text run at (16,1) width 21 RTL: "\x{202A}\x{5D0}\x{5D1}"
            text run at (36,1) width 13: "(^"
            text run at (48,1) width 1: "\x{202C}"
        RenderBlock {P} at (0,3113) size 769x23
          RenderText {#text} at (0,1) size 45x19
            text run at (0,1) width 17: "\x{661}\x{662}"
            text run at (16,1) width 16 RTL: "\x{202A}\x{627}\x{628}"
            text run at (31,1) width 14: "(^"
            text run at (44,1) width 1: "\x{202C}"
        RenderBlock {P} at (0,3151) size 769x19
          RenderText {#text} at (0,0) size 20x18
            text run at (0,0) width 20: "\x{202A}\x{202A}?\x{202C}(^\x{202C}"
        RenderBlock {P} at (0,3185) size 769x19
          RenderText {#text} at (0,0) size 20x18
            text run at (0,0) width 8 RTL: "\x{202A}\x{202B}?"
            text run at (7,0) width 13: "\x{202C}(^"
            text run at (19,0) width 1: "\x{202C}"
      RenderBlock {DIV} at (0,3253) size 769x3205
        RenderBlock {P} at (0,0) size 769x18
          RenderText {#text} at (0,0) size 44x18
            text run at (0,0) width 44: "ab(^cd"
        RenderBlock {P} at (0,34) size 769x20
          RenderText {#text} at (0,1) size 48x19
            text run at (0,1) width 16: "cd"
            text run at (15,1) width 33 RTL: "\x{5D0}\x{5D1}(^"
        RenderBlock {P} at (0,69) size 769x23
          RenderText {#text} at (0,1) size 43x19
            text run at (0,1) width 16: "cd"
            text run at (15,1) width 28 RTL: "\x{627}\x{628}(^"
        RenderBlock {P} at (0,107) size 769x19
          RenderText {#text} at (0,0) size 60x18
            text run at (0,0) width 60: "ab12(^cd"
        RenderBlock {P} at (0,141) size 769x20
          RenderText {#text} at (0,1) size 64x19
            text run at (0,1) width 16: "cd"
            text run at (15,1) width 13 RTL: "(^"
            text run at (27,1) width 17: "12"
            text run at (43,1) width 21 RTL: "\x{5D0}\x{5D1}"
        RenderBlock {P} at (0,176) size 769x23
          RenderText {#text} at (0,1) size 59x19
            text run at (0,1) width 16: "cd"
            text run at (15,1) width 13 RTL: "(^"
            text run at (27,1) width 17: "12"
            text run at (43,1) width 16 RTL: "\x{627}\x{628}"
        RenderBlock {P} at (0,214) size 769x23
          RenderText {#text} at (0,1) size 60x19
            text run at (0,1) width 16: "cd"
            text run at (15,1) width 13 RTL: "(^"
            text run at (27,1) width 33: "ab\x{661}\x{662}"
        RenderBlock {P} at (0,252) size 769x23
          RenderText {#text} at (0,1) size 65x19
            text run at (0,1) width 16: "cd"
            text run at (15,1) width 13 RTL: "(^"
            text run at (27,1) width 18: "\x{661}\x{662}"
            text run at (44,1) width 21 RTL: "\x{5D0}\x{5D1}"
        RenderBlock {P} at (0,290) size 769x22
          RenderText {#text} at (0,1) size 60x19
            text run at (0,1) width 16: "cd"
            text run at (15,1) width 13 RTL: "(^"
            text run at (27,1) width 18: "\x{661}\x{662}"
            text run at (44,1) width 16 RTL: "\x{627}\x{628}"
        RenderBlock {P} at (0,327) size 769x19
          RenderText {#text} at (0,0) size 36x18
            text run at (0,0) width 36: "\x{202A}?\x{202C}(^cd"
        RenderBlock {P} at (0,361) size 769x19
          RenderText {#text} at (0,0) size 36x18
            text run at (0,0) width 16: "cd"
            text run at (15,0) width 13 RTL: "\x{202C}(^"
            text run at (27,0) width 9 RTL: "\x{202B}?"
        RenderBlock {P} at (0,395) size 769x21
          RenderText {#text} at (0,1) size 43x19
            text run at (0,1) width 28 RTL: "(^\x{5D2}\x{5D3}"
            text run at (27,1) width 16: "ab"
        RenderBlock {P} at (0,431) size 769x20
          RenderText {#text} at (0,1) size 48x19
            text run at (0,1) width 48 RTL: "\x{5D0}\x{5D1}(^\x{5D2}\x{5D3}"
        RenderBlock {P} at (0,466) size 769x23
          RenderText {#text} at (0,1) size 43x19
            text run at (0,1) width 43 RTL: "\x{627}\x{628}(^\x{5D2}\x{5D3}"
        RenderBlock {P} at (0,504) size 769x21
          RenderText {#text} at (0,1) size 59x19
            text run at (0,1) width 28 RTL: "(^\x{5D2}\x{5D3}"
            text run at (27,1) width 32: "ab12"
        RenderBlock {P} at (0,540) size 769x20
          RenderText {#text} at (0,1) size 64x19
            text run at (0,1) width 28 RTL: "(^\x{5D2}\x{5D3}"
            text run at (27,1) width 17: "12"
            text run at (43,1) width 21 RTL: "\x{5D0}\x{5D1}"
        RenderBlock {P} at (0,575) size 769x23
          RenderText {#text} at (0,1) size 59x19
            text run at (0,1) width 28 RTL: "(^\x{5D2}\x{5D3}"
            text run at (27,1) width 17: "12"
            text run at (43,1) width 16 RTL: "\x{627}\x{628}"
        RenderBlock {P} at (0,613) size 769x23
          RenderText {#text} at (0,1) size 60x19
            text run at (0,1) width 28 RTL: "(^\x{5D2}\x{5D3}"
            text run at (27,1) width 33: "ab\x{661}\x{662}"
        RenderBlock {P} at (0,651) size 769x23
          RenderText {#text} at (0,1) size 64x19
            text run at (0,1) width 28 RTL: "(^\x{5D2}\x{5D3}"
            text run at (27,1) width 18: "\x{661}\x{662}"
            text run at (44,1) width 20 RTL: "\x{5D0}\x{5D1}"
        RenderBlock {P} at (0,689) size 769x22
          RenderText {#text} at (0,1) size 60x19
            text run at (0,1) width 28 RTL: "(^\x{5D2}\x{5D3}"
            text run at (27,1) width 18: "\x{661}\x{662}"
            text run at (44,1) width 16 RTL: "\x{627}\x{628}"
        RenderBlock {P} at (0,727) size 769x20
          RenderText {#text} at (0,1) size 35x19
            text run at (0,1) width 28 RTL: "\x{202C}(^\x{5D2}\x{5D3}"
            text run at (27,1) width 8: "\x{202A}?"
        RenderBlock {P} at (0,762) size 769x20
          RenderText {#text} at (0,1) size 35x19
            text run at (0,1) width 35 RTL: "\x{202B}?\x{202C}(^\x{5D2}\x{5D3}"
        RenderBlock {P} at (0,797) size 769x23
          RenderText {#text} at (0,1) size 45x19
            text run at (0,1) width 30 RTL: "(^\x{62C}\x{62F}"
            text run at (29,1) width 16: "ab"
        RenderBlock {P} at (0,835) size 769x23
          RenderText {#text} at (0,1) size 49x19
            text run at (0,1) width 49 RTL: "\x{5D0}\x{5D1}(^\x{62C}\x{62F}"
        RenderBlock {P} at (0,873) size 769x23
          RenderText {#text} at (0,1) size 45x19
            text run at (0,1) width 45 RTL: "\x{627}\x{628}(^\x{62C}\x{62F}"
        RenderBlock {P} at (0,911) size 769x23
          RenderText {#text} at (0,1) size 61x19
            text run at (0,1) width 30 RTL: "(^\x{62C}\x{62F}"
            text run at (29,1) width 32: "ab12"
        RenderBlock {P} at (0,949) size 769x22
          RenderText {#text} at (0,1) size 65x19
            text run at (0,1) width 30 RTL: "(^\x{62C}\x{62F}"
            text run at (29,1) width 17: "12"
            text run at (45,1) width 20 RTL: "\x{5D0}\x{5D1}"
        RenderBlock {P} at (0,986) size 769x23
          RenderText {#text} at (0,1) size 61x19
            text run at (0,1) width 30 RTL: "(^\x{62C}\x{62F}"
            text run at (29,1) width 17: "12"
            text run at (45,1) width 16 RTL: "\x{627}\x{628}"
        RenderBlock {P} at (0,1024) size 769x23
          RenderText {#text} at (0,1) size 62x19
            text run at (0,1) width 30 RTL: "(^\x{62C}\x{62F}"
            text run at (29,1) width 33: "ab\x{661}\x{662}"
        RenderBlock {P} at (0,1062) size 769x23
          RenderText {#text} at (0,1) size 66x19
            text run at (0,1) width 30 RTL: "(^\x{62C}\x{62F}"
            text run at (29,1) width 18: "\x{661}\x{662}"
            text run at (46,1) width 20 RTL: "\x{5D0}\x{5D1}"
        RenderBlock {P} at (0,1100) size 769x23
          RenderText {#text} at (0,1) size 61x19
            text run at (0,1) width 30 RTL: "(^\x{62C}\x{62F}"
            text run at (29,1) width 18: "\x{661}\x{662}"
            text run at (46,1) width 15 RTL: "\x{627}\x{628}"
        RenderBlock {P} at (0,1138) size 769x22
          RenderText {#text} at (0,1) size 37x19
            text run at (0,1) width 30 RTL: "\x{202C}(^\x{62C}\x{62F}"
            text run at (29,1) width 8: "\x{202A}?"
        RenderBlock {P} at (0,1175) size 769x23
          RenderText {#text} at (0,1) size 37x19
            text run at (0,1) width 37 RTL: "\x{202B}?\x{202C}(^\x{62C}\x{62F}"
        RenderBlock {P} at (0,1213) size 769x21
          RenderText {#text} at (0,1) size 63x19
            text run at (0,1) width 8: "z"
            text run at (7,1) width 12 RTL: "\x{5E9}"
            text run at (18,1) width 45: "ab(^34"
        RenderBlock {P} at (0,1249) size 769x20
          RenderText {#text} at (0,1) size 67x19
            text run at (0,1) width 8: "z"
            text run at (7,1) width 12 RTL: "\x{5E9}"
            text run at (18,1) width 17: "34"
            text run at (34,1) width 33 RTL: "\x{5D0}\x{5D1}(^"
        RenderBlock {P} at (0,1284) size 769x23
          RenderText {#text} at (0,1) size 63x19
            text run at (0,1) width 8: "z"
            text run at (7,1) width 12 RTL: "\x{5E9}"
            text run at (18,1) width 17: "34"
            text run at (34,1) width 29 RTL: "\x{627}\x{628}(^"
        RenderBlock {P} at (0,1322) size 769x20
          RenderText {#text} at (0,1) size 79x19
            text run at (0,1) width 8: "z"
            text run at (7,1) width 12 RTL: "\x{5E9}"
            text run at (18,1) width 61: "ab12(^34"
        RenderBlock {P} at (0,1357) size 769x21
          RenderText {#text} at (0,1) size 83x19
            text run at (0,1) width 8: "z"
            text run at (7,1) width 12 RTL: "\x{5E9}"
            text run at (18,1) width 17: "34"
            text run at (34,1) width 14 RTL: "(^"
            text run at (47,1) width 17: "12"
            text run at (63,1) width 20 RTL: "\x{5D0}\x{5D1}"
        RenderBlock {P} at (0,1393) size 769x23
          RenderText {#text} at (0,1) size 79x19
            text run at (0,1) width 8: "z"
            text run at (7,1) width 12 RTL: "\x{5E9}"
            text run at (18,1) width 17: "34"
            text run at (34,1) width 14 RTL: "(^"
            text run at (47,1) width 17: "12"
            text run at (63,1) width 16 RTL: "\x{627}\x{628}"
        RenderBlock {P} at (0,1431) size 769x23
          RenderText {#text} at (0,1) size 80x19
            text run at (0,1) width 8: "z"
            text run at (7,1) width 12 RTL: "\x{5E9}"
            text run at (18,1) width 17: "34"
            text run at (34,1) width 14 RTL: "(^"
            text run at (47,1) width 33: "ab\x{661}\x{662}"
        RenderBlock {P} at (0,1469) size 769x22
          RenderText {#text} at (0,1) size 84x19
            text run at (0,1) width 8: "z"
            text run at (7,1) width 12 RTL: "\x{5E9}"
            text run at (18,1) width 17: "34"
            text run at (34,1) width 14 RTL: "(^"
            text run at (47,1) width 18: "\x{661}\x{662}"
            text run at (64,1) width 20 RTL: "\x{5D0}\x{5D1}"
        RenderBlock {P} at (0,1506) size 769x23
          RenderText {#text} at (0,1) size 80x19
            text run at (0,1) width 8: "z"
            text run at (7,1) width 12 RTL: "\x{5E9}"
            text run at (18,1) width 17: "34"
            text run at (34,1) width 14 RTL: "(^"
            text run at (47,1) width 18: "\x{661}\x{662}"
            text run at (64,1) width 16 RTL: "\x{627}\x{628}"
        RenderBlock {P} at (0,1544) size 769x21
          RenderText {#text} at (0,1) size 55x19
            text run at (0,1) width 8: "z"
            text run at (7,1) width 12 RTL: "\x{5E9}"
            text run at (18,1) width 37: "\x{202A}?\x{202C}(^34"
        RenderBlock {P} at (0,1580) size 769x20
          RenderText {#text} at (0,1) size 55x19
            text run at (0,1) width 8: "z"
            text run at (7,1) width 12 RTL: "\x{5E9}"
            text run at (18,1) width 17: "34"
            text run at (34,1) width 14 RTL: "\x{202C}(^"
            text run at (47,1) width 8 RTL: "\x{202B}?"
        RenderBlock {P} at (0,1615) size 769x23
          RenderText {#text} at (0,1) size 64x19
            text run at (0,1) width 8: "z"
            text run at (7,1) width 12 RTL: "\x{5E9}"
            text run at (18,1) width 18: "\x{663}\x{664}"
            text run at (35,1) width 14 RTL: "(^"
            text run at (48,1) width 16: "ab"
        RenderBlock {P} at (0,1653) size 769x23
          RenderText {#text} at (0,1) size 68x19
            text run at (0,1) width 8: "z"
            text run at (7,1) width 12 RTL: "\x{5E9}"
            text run at (18,1) width 18: "\x{663}\x{664}"
            text run at (35,1) width 33 RTL: "\x{5D0}\x{5D1}(^"
        RenderBlock {P} at (0,1691) size 769x23
          RenderText {#text} at (0,1) size 64x19
            text run at (0,1) width 8: "z"
            text run at (7,1) width 12 RTL: "\x{5E9}"
            text run at (18,1) width 18: "\x{663}\x{664}"
            text run at (35,1) width 29 RTL: "\x{627}\x{628}(^"
        RenderBlock {P} at (0,1729) size 769x23
          RenderText {#text} at (0,1) size 80x19
            text run at (0,1) width 8: "z"
            text run at (7,1) width 12 RTL: "\x{5E9}"
            text run at (18,1) width 18: "\x{663}\x{664}"
            text run at (35,1) width 14 RTL: "(^"
            text run at (48,1) width 32: "ab12"
        RenderBlock {P} at (0,1767) size 769x22
          RenderText {#text} at (0,1) size 84x19
            text run at (0,1) width 8: "z"
            text run at (7,1) width 12 RTL: "\x{5E9}"
            text run at (18,1) width 18: "\x{663}\x{664}"
            text run at (35,1) width 14 RTL: "(^"
            text run at (48,1) width 17: "12"
            text run at (64,1) width 20 RTL: "\x{5D0}\x{5D1}"
        RenderBlock {P} at (0,1804) size 769x23
          RenderText {#text} at (0,1) size 80x19
            text run at (0,1) width 8: "z"
            text run at (7,1) width 12 RTL: "\x{5E9}"
            text run at (18,1) width 18: "\x{663}\x{664}"
            text run at (35,1) width 14 RTL: "(^"
            text run at (48,1) width 17: "12"
            text run at (64,1) width 16 RTL: "\x{627}\x{628}"
        RenderBlock {P} at (0,1842) size 769x23
          RenderText {#text} at (0,1) size 81x19
            text run at (0,1) width 8: "z"
            text run at (7,1) width 12 RTL: "\x{5E9}"
            text run at (18,1) width 18: "\x{663}\x{664}"
            text run at (35,1) width 14 RTL: "(^"
            text run at (48,1) width 33: "ab\x{661}\x{662}"
        RenderBlock {P} at (0,1880) size 769x23
          RenderText {#text} at (0,1) size 85x19
            text run at (0,1) width 8: "z"
            text run at (7,1) width 12 RTL: "\x{5E9}"
            text run at (18,1) width 18: "\x{663}\x{664}"
            text run at (35,1) width 14 RTL: "(^"
            text run at (48,1) width 18: "\x{661}\x{662}"
            text run at (65,1) width 20 RTL: "\x{5D0}\x{5D1}"
        RenderBlock {P} at (0,1918) size 769x23
          RenderText {#text} at (0,1) size 80x19
            text run at (0,1) width 8: "z"
            text run at (7,1) width 12 RTL: "\x{5E9}"
            text run at (18,1) width 18: "\x{663}\x{664}"
            text run at (35,1) width 14 RTL: "(^"
            text run at (48,1) width 18: "\x{661}\x{662}"
            text run at (65,1) width 15 RTL: "\x{627}\x{628}"
        RenderBlock {P} at (0,1956) size 769x23
          RenderText {#text} at (0,1) size 56x19
            text run at (0,1) width 8: "z"
            text run at (7,1) width 12 RTL: "\x{5E9}"
            text run at (18,1) width 18: "\x{663}\x{664}"
            text run at (35,1) width 14 RTL: "\x{202C}(^"
            text run at (48,1) width 8: "\x{202A}?"
        RenderBlock {P} at (0,1994) size 769x23
          RenderText {#text} at (0,1) size 56x19
            text run at (0,1) width 8: "z"
            text run at (7,1) width 12 RTL: "\x{5E9}"
            text run at (18,1) width 18: "\x{663}\x{664}"
            text run at (35,1) width 14 RTL: "\x{202C}(^"
            text run at (48,1) width 8 RTL: "\x{202B}?"
        RenderBlock {P} at (0,2032) size 769x19
          RenderText {#text} at (0,0) size 34x18
            text run at (0,0) width 0 RTL: "\x{202C}"
            text run at (0,0) width 34: "ab(^\x{202A}!"
        RenderBlock {P} at (0,2066) size 769x20
          RenderText {#text} at (0,1) size 38x19
            text run at (0,1) width 0 RTL: "\x{202C}"
            text run at (0,1) width 6: "\x{202A}!"
            text run at (5,1) width 33 RTL: "\x{5D0}\x{5D1}(^"
        RenderBlock {P} at (0,2101) size 769x23
          RenderText {#text} at (0,1) size 34x19
            text run at (0,1) width 0 RTL: "\x{202C}"
            text run at (0,1) width 6: "\x{202A}!"
            text run at (5,1) width 29 RTL: "\x{627}\x{628}(^"
        RenderBlock {P} at (0,2139) size 769x19
          RenderText {#text} at (0,0) size 50x18
            text run at (0,0) width 0 RTL: "\x{202C}"
            text run at (0,0) width 50: "ab12(^\x{202A}!"
        RenderBlock {P} at (0,2173) size 769x20
          RenderText {#text} at (0,1) size 54x19
            text run at (0,1) width 0 RTL: "\x{202C}"
            text run at (0,1) width 6: "\x{202A}!"
            text run at (5,1) width 14 RTL: "(^"
            text run at (18,1) width 17: "12"
            text run at (34,1) width 20 RTL: "\x{5D0}\x{5D1}"
        RenderBlock {P} at (0,2208) size 769x23
          RenderText {#text} at (0,1) size 50x19
            text run at (0,1) width 0 RTL: "\x{202C}"
            text run at (0,1) width 6: "\x{202A}!"
            text run at (5,1) width 14 RTL: "(^"
            text run at (18,1) width 17: "12"
            text run at (34,1) width 16 RTL: "\x{627}\x{628}"
        RenderBlock {P} at (0,2246) size 769x23
          RenderText {#text} at (0,1) size 51x19
            text run at (0,1) width 0 RTL: "\x{202C}"
            text run at (0,1) width 6: "\x{202A}!"
            text run at (5,1) width 14 RTL: "(^"
            text run at (18,1) width 33: "ab\x{661}\x{662}"
        RenderBlock {P} at (0,2284) size 769x23
          RenderText {#text} at (0,1) size 55x19
            text run at (0,1) width 0 RTL: "\x{202C}"
            text run at (0,1) width 6: "\x{202A}!"
            text run at (5,1) width 14 RTL: "(^"
            text run at (18,1) width 17: "\x{661}\x{662}"
            text run at (34,1) width 21 RTL: "\x{5D0}\x{5D1}"
        RenderBlock {P} at (0,2322) size 769x22
          RenderText {#text} at (0,1) size 50x19
            text run at (0,1) width 0 RTL: "\x{202C}"
            text run at (0,1) width 6: "\x{202A}!"
            text run at (5,1) width 14 RTL: "(^"
            text run at (18,1) width 17: "\x{661}\x{662}"
            text run at (34,1) width 16 RTL: "\x{627}\x{628}"
        RenderBlock {P} at (0,2359) size 769x19
          RenderText {#text} at (0,0) size 26x18
            text run at (0,0) width 0 RTL: "\x{202C}"
            text run at (0,0) width 26: "\x{202A}?\x{202C}(^\x{202A}!"
        RenderBlock {P} at (0,2393) size 769x19
          RenderText {#text} at (0,0) size 26x18
            text run at (0,0) width 0 RTL: "\x{202C}"
            text run at (0,0) width 6: "\x{202A}!"
            text run at (5,0) width 14 RTL: "\x{202C}(^"
            text run at (18,0) width 8 RTL: "\x{202B}?"
        RenderBlock {P} at (0,2427) size 769x19
          RenderText {#text} at (0,0) size 34x18
            text run at (0,0) width 0 RTL: "\x{202C}"
            text run at (0,0) width 6 RTL: "\x{202B}!"
            text run at (5,0) width 14 RTL: "(^"
            text run at (18,0) width 16: "ab"
        RenderBlock {P} at (0,2461) size 769x21
          RenderText {#text} at (0,1) size 38x19
            text run at (0,1) width 38 RTL: "\x{5D0}\x{5D1}(^\x{202B}!\x{202C}"
        RenderBlock {P} at (0,2497) size 769x23
          RenderText {#text} at (0,1) size 34x19
            text run at (0,1) width 34 RTL: "\x{627}\x{628}(^\x{202B}!\x{202C}"
        RenderBlock {P} at (0,2535) size 769x19
          RenderText {#text} at (0,0) size 50x18
            text run at (0,0) width 0 RTL: "\x{202C}"
            text run at (0,0) width 6 RTL: "\x{202B}!"
            text run at (5,0) width 14 RTL: "(^"
            text run at (18,0) width 32: "ab12"
        RenderBlock {P} at (0,2569) size 769x20
          RenderText {#text} at (0,1) size 54x19
            text run at (0,1) width 0 RTL: "\x{202C}"
            text run at (0,1) width 6 RTL: "\x{202B}!"
            text run at (5,1) width 14 RTL: "(^"
            text run at (18,1) width 17: "12"
            text run at (34,1) width 20 RTL: "\x{5D0}\x{5D1}"
        RenderBlock {P} at (0,2604) size 769x23
          RenderText {#text} at (0,1) size 50x19
            text run at (0,1) width 0 RTL: "\x{202C}"
            text run at (0,1) width 6 RTL: "\x{202B}!"
            text run at (5,1) width 14 RTL: "(^"
            text run at (18,1) width 17: "12"
            text run at (34,1) width 16 RTL: "\x{627}\x{628}"
        RenderBlock {P} at (0,2642) size 769x23
          RenderText {#text} at (0,1) size 51x19
            text run at (0,1) width 0 RTL: "\x{202C}"
            text run at (0,1) width 6 RTL: "\x{202B}!"
            text run at (5,1) width 14 RTL: "(^"
            text run at (18,1) width 33: "ab\x{661}\x{662}"
        RenderBlock {P} at (0,2680) size 769x23
          RenderText {#text} at (0,1) size 55x19
            text run at (0,1) width 0 RTL: "\x{202C}"
            text run at (0,1) width 6 RTL: "\x{202B}!"
            text run at (5,1) width 14 RTL: "(^"
            text run at (18,1) width 17: "\x{661}\x{662}"
            text run at (34,1) width 21 RTL: "\x{5D0}\x{5D1}"
        RenderBlock {P} at (0,2718) size 769x22
          RenderText {#text} at (0,1) size 50x19
            text run at (0,1) width 0 RTL: "\x{202C}"
            text run at (0,1) width 6 RTL: "\x{202B}!"
            text run at (5,1) width 14 RTL: "(^"
            text run at (18,1) width 17: "\x{661}\x{662}"
            text run at (34,1) width 16 RTL: "\x{627}\x{628}"
        RenderBlock {P} at (0,2755) size 769x19
          RenderText {#text} at (0,0) size 26x18
            text run at (0,0) width 0 RTL: "\x{202C}"
            text run at (0,0) width 6 RTL: "\x{202B}!"
            text run at (5,0) width 14 RTL: "\x{202C}(^"
            text run at (18,0) width 8: "\x{202A}?"
        RenderBlock {P} at (0,2789) size 769x19
          RenderText {#text} at (0,0) size 26x18
            text run at (0,0) width 26 RTL: "\x{202B}?\x{202C}(^\x{202B}!\x{202C}"
        RenderBlock {P} at (0,2823) size 769x19
          RenderText {#text} at (0,0) size 28x18
            text run at (0,0) width 0 RTL: "\x{202C}"
            text run at (0,0) width 28: "\x{202A}ab(^"
        RenderBlock {P} at (0,2857) size 769x21
          RenderText {#text} at (0,1) size 33x19
            text run at (0,1) width 0 RTL: "\x{202C}"
            text run at (0,1) width 20 RTL: "\x{202A}\x{5D0}\x{5D1}"
            text run at (19,1) width 14: "(^"
        RenderBlock {P} at (0,2893) size 769x23
          RenderText {#text} at (0,1) size 28x19
            text run at (0,1) width 0 RTL: "\x{202C}"
            text run at (0,1) width 15 RTL: "\x{202A}\x{627}\x{628}"
            text run at (14,1) width 14: "(^"
        RenderBlock {P} at (0,2931) size 769x19
          RenderText {#text} at (0,0) size 44x18
            text run at (0,0) width 0 RTL: "\x{202C}"
            text run at (0,0) width 44: "\x{202A}ab12(^"
        RenderBlock {P} at (0,2965) size 769x20
          RenderText {#text} at (0,1) size 49x19
            text run at (0,1) width 0 RTL: "\x{202C}"
            text run at (0,1) width 16: "12"
            text run at (16,1) width 20 RTL: "\x{202A}\x{5D0}\x{5D1}"
            text run at (35,1) width 14: "(^"
        RenderBlock {P} at (0,3000) size 769x23
          RenderText {#text} at (0,1) size 44x19
            text run at (0,1) width 0 RTL: "\x{202C}"
            text run at (0,1) width 16: "12"
            text run at (16,1) width 15 RTL: "\x{202A}\x{627}\x{628}"
            text run at (30,1) width 14: "(^"
        RenderBlock {P} at (0,3038) size 769x23
          RenderText {#text} at (0,1) size 45x19
            text run at (0,1) width 0 RTL: "\x{202C}"
            text run at (0,1) width 16: "\x{202A}ab"
            text run at (15,1) width 17: "\x{661}\x{662}"
            text run at (31,1) width 14: "(^"
        RenderBlock {P} at (0,3076) size 769x22
          RenderText {#text} at (0,1) size 49x19
            text run at (0,1) width 0 RTL: "\x{202C}"
            text run at (0,1) width 17: "\x{661}\x{662}"
            text run at (16,1) width 21 RTL: "\x{202A}\x{5D0}\x{5D1}"
            text run at (36,1) width 13: "(^"
        RenderBlock {P} at (0,3113) size 769x23
          RenderText {#text} at (0,1) size 45x19
            text run at (0,1) width 0 RTL: "\x{202C}"
            text run at (0,1) width 17: "\x{661}\x{662}"
            text run at (16,1) width 16 RTL: "\x{202A}\x{627}\x{628}"
            text run at (31,1) width 14: "(^"
        RenderBlock {P} at (0,3151) size 769x19
          RenderText {#text} at (0,0) size 20x18
            text run at (0,0) width 0 RTL: "\x{202C}"
            text run at (0,0) width 8: "\x{202A}\x{202A}?"
            text run at (7,0) width 13: "\x{202C}(^"
        RenderBlock {P} at (0,3185) size 769x19
          RenderText {#text} at (0,0) size 20x18
            text run at (0,0) width 0 RTL: "\x{202C}"
            text run at (0,0) width 8 RTL: "\x{202A}\x{202B}?"
            text run at (7,0) width 13: "\x{202C}(^"
