layer at (0,0) size 800x600
  RenderView at (0,0) size 800x600
layer at (0,0) size 800x600
  RenderBlock {HTML} at (0,0) size 800x600
    RenderBody {BODY} at (8,8) size 784x576
      RenderBlock {P} at (0,0) size 784x36
        RenderText {#text} at (0,0) size 108x18
          text run at (0,0) width 108: "This is a test for "
        RenderInline {I} at (0,0) size 775x36
          RenderText {#text} at (107,0) size 775x36
            text run at (107,0) width 668: "http://bugzilla.opendarwin.org/show_bug.cgi?id=5980 Bidi properties of an inline container whose first"
            text run at (0,18) width 251: "child is an inline container are ignored"
        RenderText {#text} at (250,18) size 5x18
          text run at (250,18) width 5: "."
      RenderBlock {P} at (0,70) size 784x18
        RenderText {#text} at (0,0) size 318x18
          text run at (0,0) width 318: "The following lines should read \x{201C}ABCDEFGHI\x{201D}:"
      RenderBlock {P} at (0,104) size 784x18
        RenderText {#text} at (0,0) size 33x18
          text run at (0,0) width 33: "ABC"
        RenderInline {SPAN} at (0,0) size 32x18
          RenderText {#text} at (32,0) size 32x18
            text run at (32,0) width 32 RTL: "FED"
        RenderText {#text} at (63,0) size 29x18
          text run at (63,0) width 29: "GHI"
      RenderBlock {P} at (0,138) size 784x18
        RenderText {#text} at (0,0) size 33x18
          text run at (0,0) width 33: "ABC"
        RenderInline {SPAN} at (0,0) size 32x18
          RenderInline {SPAN} at (0,0) size 32x18
            RenderText {#text} at (32,0) size 32x18
              text run at (32,0) width 32 RTL: "FED"
        RenderText {#text} at (63,0) size 29x18
          text run at (63,0) width 29: "GHI"
      RenderBlock {P} at (0,172) size 784x18
        RenderText {#text} at (0,0) size 33x18
          text run at (0,0) width 33: "ABC"
        RenderInline {SPAN} at (0,0) size 32x18
          RenderText {#text} at (54,0) size 10x18
            text run at (54,0) width 10 RTL: "F"
          RenderInline {SPAN} at (0,0) size 23x18
            RenderText {#text} at (32,0) size 23x18
              text run at (32,0) width 23 RTL: "ED"
        RenderText {#text} at (63,0) size 29x18
          text run at (63,0) width 29: "GHI"
      RenderBlock {P} at (0,206) size 784x18
        RenderText {#text} at (0,0) size 33x18
          text run at (0,0) width 33: "ABC"
        RenderInline {SPAN} at (0,0) size 32x18
          RenderText {#text} at (54,0) size 10x18
            text run at (54,0) width 10 RTL: "F"
          RenderInline {SPAN} at (0,0) size 11x18
            RenderText {#text} at (44,0) size 11x18
              text run at (44,0) width 11 RTL: "E"
          RenderText {#text} at (32,0) size 13x18
            text run at (32,0) width 13 RTL: "D"
        RenderText {#text} at (63,0) size 29x18
          text run at (63,0) width 29: "GHI"
      RenderBlock {P} at (0,240) size 784x18
        RenderText {#text} at (0,0) size 33x18
          text run at (0,0) width 33: "ABC"
        RenderInline {SPAN} at (0,0) size 32x18
          RenderInline {SPAN} at (0,0) size 20x18
            RenderText {#text} at (44,0) size 20x18
              text run at (44,0) width 20 RTL: "FE"
          RenderText {#text} at (32,0) size 13x18
            text run at (32,0) width 13 RTL: "D"
        RenderText {#text} at (63,0) size 29x18
          text run at (63,0) width 29: "GHI"
      RenderBlock {P} at (0,274) size 784x18
        RenderInline {SPAN} at (0,0) size 92x18
          RenderText {#text} at (0,0) size 92x18
            text run at (0,0) width 92 RTL: "IHGFEDCBA"
        RenderText {#text} at (0,0) size 0x0
      RenderBlock {P} at (0,308) size 784x18
        RenderInline {SPAN} at (0,0) size 92x18
          RenderText {#text} at (0,0) size 92x18
            text run at (0,0) width 92 RTL: "IHGFEDCBA"
        RenderText {#text} at (0,0) size 0x0
      RenderBlock (anonymous) at (0,352) size 784x18
        RenderText {#text} at (0,0) size 255x18
          text run at (0,0) width 255: "The following lines should be identical:"
      RenderBlock {P} at (0,386) size 784x19
        RenderText {#text} at (0,1) size 62x18
          text run at (0,1) width 62 RTL: "\x{5D3}\x{5D4}\x{5D5}([\x{202A}\x{202C}\x{5D0}\x{5D1}\x{5D2}"
      RenderBlock {P} at (0,421) size 784x19
        RenderText {#text} at (26,1) size 36x18
          text run at (26,1) width 36 RTL: "\x{5D3}\x{5D4}\x{5D5}(["
        RenderInline {SPAN} at (0,0) size 0x18
        RenderText {#text} at (0,1) size 27x18
          text run at (0,1) width 27 RTL: "\x{5D0}\x{5D1}\x{5D2}"
      RenderBlock {P} at (0,456) size 784x19
        RenderText {#text} at (26,1) size 36x18
          text run at (26,1) width 36 RTL: "\x{5D3}\x{5D4}\x{5D5}(["
        RenderInline {SPAN} at (0,0) size 0x18
          RenderInline {SPAN} at (0,0) size 0x0
        RenderText {#text} at (0,1) size 27x18
          text run at (0,1) width 27 RTL: "\x{5D0}\x{5D1}\x{5D2}"
      RenderBlock {P} at (0,491) size 784x19
        RenderText {#text} at (26,1) size 36x18
          text run at (26,1) width 36 RTL: "\x{5D3}\x{5D4}\x{5D5}(["
        RenderInline {SPAN} at (0,0) size 0x18
          RenderInline {SPAN} at (0,0) size 0x0
        RenderText {#text} at (0,1) size 27x18
          text run at (0,1) width 27 RTL: "\x{5D0}\x{5D1}\x{5D2}"
layer at (8,60) size 784x2 clip at (0,0) size 0x0
  RenderBlock {HR} at (0,52) size 784x2 [border: (1px inset #000000)]
layer at (8,350) size 784x2 clip at (0,0) size 0x0
  RenderBlock {HR} at (0,342) size 784x2 [border: (1px inset #000000)]
