layer at (0,0) size 800x600
  RenderView at (0,0) size 800x600
layer at (0,0) size 800x154
  RenderBlock {HTML} at (0,0) size 800x154
    RenderBody {BODY} at (8,16) size 784x122
      RenderBlock {P} at (0,0) size 784x36
        RenderText {#text} at (0,0) size 772x36
          text run at (0,0) width 772: "This HTML tests if the 'while-space' property controls the behavors of line-break characters (U+000A and U+000D) in a"
          text run at (0,18) width 88: "complex text."
      RenderBlock {P} at (0,52) size 784x18
        RenderText {#text} at (0,0) size 507x18
          text run at (0,0) width 298: "If this test succeeds, you can see three words \""
          text run at (297,0) width 30 RTL: "\x{5E9}\x{5D5}\x{5BC}\x{5E8}\x{5D4}"
          text run at (326,0) width 181: "\", separated with line-break."
      RenderBlock {P} at (0,86) size 784x36
        RenderText {#text} at (0,0) size 59x36
          text run at (0,0) width 30 RTL: "\x{5E9}\x{5D5}\x{5BC}\x{5E8}\x{5D4}"
          text run at (29,0) width 1: " "
          text run at (0,18) width 30 RTL: "\x{5E9}\x{5D5}\x{5BC}\x{5E8}\x{5D4}"
          text run at (29,18) width 1: "\x{D}"
          text run at (29,18) width 30 RTL: "\x{5E9}\x{5D5}\x{5BC}\x{5E8}\x{5D4}"
