layer at (0,0) size 800x600
  RenderView at (0,0) size 800x600
layer at (0,0) size 800x600
  RenderBlock {HTML} at (0,0) size 800x600
    RenderBody {BODY} at (8,8) size 784x576
      RenderBlock (anonymous) at (0,0) size 784x36
        RenderText {#text} at (0,0) size 770x36
          text run at (0,0) width 473: "The following tests text iteration over RTL text embedded with LTR text. "
          text run at (472,0) width 298: "TextIterators are used for find, spellcheck, and"
          text run at (0,18) width 66: ".innerText"
      RenderBlock {HR} at (0,44) size 784x2 [border: (1px inset #000000)]
      RenderBlock (anonymous) at (0,54) size 784x18
        RenderText {#text} at (0,0) size 136x18
          text run at (0,0) width 136: "Embedded Numbers:"
      RenderBlock {DIV} at (0,72) size 784x19 [color=#0000FF]
        RenderText {#text} at (0,1) size 121x18
          text run at (0,1) width 57: "Testing ("
          text run at (56,1) width 17 RTL: "\x{5DF}\x{5DE}"
          text run at (72,1) width 9: "3"
          text run at (80,1) width 36 RTL: "\x{5D7}\x{5D5}\x{5D3}\x{5D0}"
          text run at (115,1) width 6: ")"
      RenderBlock (anonymous) at (0,91) size 784x18
        RenderText {#text} at (0,0) size 106x18
          text run at (0,0) width 106: "Embedded LTR:"
      RenderBlock {DIV} at (0,109) size 784x19 [color=#0000FF]
        RenderText {#text} at (0,1) size 145x18
          text run at (0,1) width 57: "Testing ("
          text run at (56,1) width 36 RTL: "\x{5D7}\x{5D5}\x{5D3}\x{5D0}"
          text run at (91,1) width 33: "hello"
          text run at (123,1) width 17 RTL: "\x{5DF}\x{5DE}"
          text run at (139,1) width 6: ")"
      RenderBlock (anonymous) at (0,128) size 784x18
        RenderText {#text} at (0,0) size 191x18
          text run at (0,0) width 191: "Embedded Numbers and LTR"
      RenderBlock {DIV} at (0,146) size 784x19 [color=#0000FF]
        RenderText {#text} at (0,1) size 143x18
          text run at (0,1) width 57: "Testing ("
          text run at (56,1) width 30 RTL: "\x{5E7}\x{5E7}\x{5E8}"
          text run at (85,1) width 9: "3"
          text run at (93,1) width 37 RTL: "\x{5D9}\x{5E7}\x{5DD}\x{5DC}"
          text run at (129,1) width 14: "h)"
      RenderBlock (anonymous) at (0,165) size 784x18
        RenderText {#text} at (0,0) size 221x18
          text run at (0,0) width 221: "Embedded Numbers with spacing:"
      RenderBlock {DIV} at (0,183) size 784x19 [color=#0000FF]
        RenderText {#text} at (0,1) size 264x18
          text run at (0,1) width 57: "Testing ("
          text run at (56,1) width 40 RTL: " \x{5D7}\x{5D5}\x{5D3}\x{5D0}"
          text run at (95,1) width 25: "300"
          text run at (119,1) width 55 RTL: "\x{5D7}\x{5D5}\x{5D3}\x{5D0}\x{5DF}\x{5DE} "
          text run at (173,1) width 41: "34023"
          text run at (213,1) width 45 RTL: "\x{5D9}\x{5E7}\x{5DA}\x{5DA}\x{5DD}"
          text run at (257,1) width 7: ")"
      RenderBlock (anonymous) at (0,202) size 784x18
        RenderText {#text} at (0,0) size 71x18
          text run at (0,0) width 71: "Plain LTR:"
      RenderBlock {DIV} at (0,220) size 784x18 [color=#0000FF]
        RenderText {#text} at (0,0) size 94x18
          text run at (0,0) width 94: "Testing (hello)"
      RenderBlock (anonymous) at (0,238) size 784x18
        RenderText {#text} at (0,0) size 191x18
          text run at (0,0) width 191: "Embedded LTR with spacing:"
      RenderBlock {DIV} at (0,256) size 784x19 [color=#0000FF]
        RenderText {#text} at (0,1) size 192x18
          text run at (0,1) width 57: "Testing ("
          text run at (56,1) width 69 RTL: "\x{5D7}\x{5D5}\x{5D3}\x{5D9}\x{5E7}\x{5DA}\x{5DA}\x{5DD}"
          text run at (124,1) width 41: " hello "
          text run at (164,1) width 22 RTL: "\x{5DF}\x{5DE}\x{5D9}"
          text run at (185,1) width 7: ")"
      RenderBlock (anonymous) at (0,275) size 784x18
        RenderText {#text} at (0,0) size 165x18
          text run at (0,0) width 165: "Mixed but not embedded:"
      RenderBlock {DIV} at (0,293) size 784x19 [color=#0000FF]
        RenderText {#text} at (0,1) size 135x18
          text run at (0,1) width 89: "Testing (hello"
          text run at (88,1) width 41 RTL: "\x{5D7}\x{5D5}\x{5D3}\x{5DF}\x{5DE}"
          text run at (128,1) width 7: ")"
      RenderBlock (anonymous) at (0,312) size 784x18
        RenderText {#text} at (0,0) size 165x18
          text run at (0,0) width 165: "Mixed but not embedded:"
      RenderBlock {DIV} at (0,330) size 784x19 [color=#0000FF]
        RenderText {#text} at (0,1) size 135x18
          text run at (0,1) width 57: "Testing ("
          text run at (56,1) width 41 RTL: "\x{5D7}\x{5D5}\x{5D3}\x{5DF}\x{5DE}"
          text run at (96,1) width 39: "hello)"
      RenderBlock {OL} at (0,365) size 784x0
