layer at (0,0) size 800x600
  RenderView at (0,0) size 800x600
layer at (0,0) size 800x600
  RenderBlock {HTML} at (0,0) size 800x600
    RenderBody {BODY} at (8,8) size 784x576
      RenderBlock {P} at (0,0) size 784x36
        RenderText {#text} at (0,0) size 755x36
          text run at (0,0) width 351: "This test verifies we can render bold Bengali properly. "
          text run at (350,0) width 405: "(This is complicated on Linux because it's typically covered by"
          text run at (0,18) width 473: "fake-bolded FreeSans even though there's also a FreeSansBold available.)"
      RenderBlock {P} at (0,52) size 784x18
        RenderText {#text} at (0,0) size 751x18
          text run at (0,0) width 487: "The test passes if the two words below look similar, but the top one is bold. "
          text run at (486,0) width 265: "There should be no missing-glyph boxes."
      RenderBlock {P} at (0,86) size 784x25
        RenderInline {B} at (0,0) size 40x18
          RenderText {#text} at (0,4) size 40x18
            text run at (0,4) width 40: "\x{9AC}\x{9BE}\x{982}\x{9B2}\x{9BE}"
      RenderBlock {P} at (0,127) size 784x0
      RenderBlock {P} at (0,127) size 784x25
        RenderText {#text} at (0,4) size 37x18
          text run at (0,4) width 37: "\x{9AC}\x{9BE}\x{982}\x{9B2}\x{9BE}"
