layer at (0,0) size 800x600
  RenderView at (0,0) size 800x600
layer at (0,0) size 800x600
  RenderBlock {HTML} at (0,0) size 800x600
    RenderBody {BODY} at (8,8) size 784x584
      RenderBlock {P} at (0,0) size 784x18
        RenderText {#text} at (0,0) size 279x18
          text run at (0,0) width 279: "This test covers Hebrew vowel positioning."
      RenderBlock {P} at (0,52) size 784x18
        RenderText {#text} at (0,0) size 467x18
          text run at (0,0) width 467: "The vowel (two vertical dots) should be centered beneath the main letter."
      RenderBlock {DIV} at (0,86) size 784x92
        RenderText {#text} at (48,0) size 59x92
          text run at (48,0) width 59 RTL: "\x{5E1}\x{5B0} "
        RenderText {#text} at (0,0) size 49x92
          text run at (0,0) width 49 RTL: "\x{5E9}\x{5B0}"
        RenderText {#text} at (0,0) size 0x0
      RenderBlock {P} at (0,204) size 784x18
        RenderText {#text} at (0,0) size 650x18
          text run at (0,0) width 650: "The dot should be positioned on the right side of the first letter, and on the left side of the second one."
      RenderBlock {DIV} at (0,238) size 784x184
        RenderText {#text} at (0,0) size 49x92
          text run at (0,0) width 49 RTL: "\x{5E9}\x{5C1}"
        RenderBR {BR} at (48,0) size 1x92
        RenderText {#text} at (0,92) size 49x92
          text run at (0,92) width 49 RTL: "\x{5E9}\x{5C2}"
        RenderText {#text} at (0,0) size 0x0
layer at (8,42) size 784x2 clip at (0,0) size 0x0
  RenderBlock {HR} at (0,34) size 784x2 [color=#808080] [border: (1px inset #808080)]
layer at (8,194) size 784x2 clip at (0,0) size 0x0
  RenderBlock {HR} at (0,186) size 784x2 [color=#808080] [border: (1px inset #808080)]
