layer at (0,0) size 800x600
  RenderView at (0,0) size 800x600
layer at (0,0) size 800x600
  RenderBlock {HTML} at (0,0) size 800x600
    RenderBody {BODY} at (8,8) size 784x576
      RenderBlock {P} at (0,0) size 784x36
        RenderText {#text} at (0,0) size 772x36
          text run at (0,0) width 772: "This HTML tests if the 'while-space' property controls the behavors of line-break characters (U+000A and U+000D) in a"
          text run at (0,18) width 139: "complex text (Hindi)."
      RenderBlock {P} at (0,52) size 784x42
        RenderText {#text} at (0,3) size 730x40
          text run at (0,3) width 730: "If this test succeeds, you can see this Hindi word \"\x{935}\x{93F}\x{937}\x{92F}\x{94B}\x{902}\" repeated three times separated by a space in the first two"
          text run at (0,24) width 503: "paragraphs. In the third paragraphs, it'll be shown three times in separate lines."
      RenderBlock {P} at (0,110) size 784x24
        RenderText {#text} at (0,3) size 127x19
          text run at (0,3) width 127: "1. \x{935}\x{93F}\x{937}\x{92F}\x{94B}\x{902} \x{935}\x{93F}\x{937}\x{92F}\x{94B}\x{902}\x{D}\x{935}\x{93F}\x{937}\x{92F}\x{94B}\x{902}"
      RenderBlock {P} at (0,150) size 784x24
        RenderText {#text} at (0,3) size 127x19
          text run at (0,3) width 127: "2. \x{935}\x{93F}\x{937}\x{92F}\x{94B}\x{902} \x{935}\x{93F}\x{937}\x{92F}\x{94B}\x{902}\x{D}\x{935}\x{93F}\x{937}\x{92F}\x{94B}\x{902}"
      RenderBlock {P} at (0,190) size 784x66
        RenderText {#text} at (0,0) size 71x64
          text run at (0,0) width 12: "3."
          text run at (12,0) width 0: " "
          text run at (0,21) width 36: "\x{935}\x{93F}\x{937}\x{92F}\x{94B}\x{902}"
          text run at (35,21) width 1: " "
          text run at (0,45) width 71: "\x{935}\x{93F}\x{937}\x{92F}\x{94B}\x{902}\x{D}\x{935}\x{93F}\x{937}\x{92F}\x{94B}\x{902}"
