layer at (0,0) size 800x600
  RenderView at (0,0) size 800x600
layer at (0,0) size 800x600
  RenderBlock {HTML} at (0,0) size 800x600
    RenderBody {BODY} at (8,8) size 784x584
      RenderText {#text} at (0,0) size 769x54
        text run at (0,0) width 769: "This tests the width of a breaking space after a Hindi character to ensure that it's measured properly and enough space is"
        text run at (0,18) width 761: "left for it. Neither the Hindi on the button below nor the same text on two lines below that should be truncated at either"
        text run at (0,36) width 28: "end."
      RenderBR {BR} at (27,36) size 1x18
      RenderButton {INPUT} at (0,54) size 100x22 [color=#000000D8] [bgcolor=#C0C0C0] [border: none (2px outset #C0C0C0) none (2px outset #C0C0C0)]
        RenderBlock (anonymous) at (8,2) size 84x17
          RenderText at (0,1) size 84x14
            text run at (0,1) width 84: "\x{915}\x{93F}\x{938}\x{940} \x{92D}\x{940} \x{924}\x{930}\x{939} \x{906}\x{917}\x{947} \x{92C}"
      RenderBR {BR} at (99,54) size 1x19
      RenderInline {SPAN} at (0,79) size 114x19
        RenderText {#text} at (0,79) size 114x19
          text run at (0,79) width 114: "\x{915}\x{93F}\x{938}\x{940} \x{92D}\x{940} \x{924}\x{930}\x{939} \x{906}\x{917}\x{947} \x{92C}"
      RenderText {#text} at (113,79) size 25x19
        text run at (113,79) width 25: "Foo"
      RenderBR {BR} at (137,79) size 1x19
      RenderInline {SPAN} at (0,102) size 114x19
        RenderText {#text} at (0,102) size 114x19
          text run at (0,102) width 114: "\x{915}\x{93F}\x{938}\x{940} \x{92D}\x{940} \x{924}\x{930}\x{939} \x{906}\x{917}\x{947} \x{92C}"
      RenderText {#text} at (113,103) size 25x19
        text run at (113,103) width 25: "Foo"
      RenderBR {BR} at (137,103) size 1x19
