layer at (0,0) size 800x600
  RenderView at (0,0) size 800x600
layer at (0,0) size 800x600
  RenderBlock {HTML} at (0,0) size 800x600
    RenderBody {BODY} at (8,8) size 784x584
      RenderBlock {P} at (0,0) size 784x36
        RenderText {#text} at (0,0) size 108x18
          text run at (0,0) width 108: "This is a test for "
        RenderInline {I} at (0,0) size 762x36
          RenderInline {A} at (0,0) size 353x18 [color=#0000EE]
            RenderText {#text} at (107,0) size 353x18
              text run at (107,0) width 353: "http://bugzilla.opendarwin.org/show_bug.cgi?id=9670"
          RenderText {#text} at (459,0) size 762x36
            text run at (459,0) width 5: " "
            text run at (463,0) width 299: "http://bugzilla.opendarwin.org/show_bug.cgi?"
            text run at (0,18) width 56: "id=9670"
        RenderText {#text} at (55,18) size 5x18
          text run at (55,18) width 5: "."
      RenderBlock {P} at (0,52) size 784x18
        RenderText {#text} at (0,0) size 552x18
          text run at (0,0) width 552: "All text should be aligned with the right edge of its container and should not overflow."
      RenderBlock {HR} at (0,86) size 784x2 [border: (1px inset #000000)]
      RenderBlock {DIV} at (0,96) size 191x56 [bgcolor=#FFFF00]
        RenderText {#text} at (-4,0) size 196x56
          text run at (-4,0) width 8 RTL: " "
          text run at (3,0) width 188 RTL: "\x{5D0}\x{5DB}\x{5DC}\x{5EA} \x{5E4}\x{5DC}\x{5E4}\x{5DC}? \x{5E9}\x{5EA}\x{5D4}"
          text run at (147,28) width 44 RTL: "\x{5DE}\x{5D9}\x{5E5}!"
      RenderBlock (anonymous) at (0,152) size 784x84
        RenderBR {BR} at (0,0) size 0x18
        RenderBR {BR} at (199,70) size 0x18
      RenderBlock {DIV} at (0,236) size 191x56 [bgcolor=#FFFF00]
        RenderText {#text} at (0,0) size 191x56
          text run at (0,0) width 4 RTL: " "
          text run at (3,0) width 188 RTL: "\x{5D0}\x{5DB}\x{5DC}\x{5EA} \x{5E4}\x{5DC}\x{5E4}\x{5DC}? \x{5E9}\x{5EA}\x{5D4}"
          text run at (147,28) width 44 RTL: "\x{5DE}\x{5D9}\x{5E5}!"
layer at (8,180) size 199x62 clip at (9,181) size 197x60
  RenderTextControl {TEXTAREA} at (0,20) size 199x62 [bgcolor=#FFFFFF] [border: (1px solid #000000)]
    RenderBlock {DIV} at (3,3) size 193x56
      RenderText {#text} at (-2,0) size 196x56
        text run at (-2,0) width 8 RTL: " "
        text run at (5,0) width 188 RTL: "\x{5D0}\x{5DB}\x{5DC}\x{5EA} \x{5E4}\x{5DC}\x{5E4}\x{5DC}? \x{5E9}\x{5EA}\x{5D4}"
        text run at (149,28) width 44 RTL: "\x{5DE}\x{5D9}\x{5E5}!"
