layer at (0,0) size 800x600
  RenderView at (0,0) size 800x600
layer at (0,0) size 800x600
  RenderBlock {HTML} at (0,0) size 800x600
    RenderBody {BODY} at (8,8) size 784x584
      RenderBlock {CENTER} at (0,0) size 784x57
        RenderBlock {FORM} at (0,0) size 784x23
          RenderTable {TABLE} at (42,0) size 700x23
            RenderTableSection {TBODY} at (0,0) size 699x23
              RenderTableRow {TR} at (0,0) size 699x23
                RenderTableCell {TD} at (0,2) size 150x19 [r=0 c=0 rs=2 cs=1]
                  RenderText {#text} at (0,0) size 4x19
                    text run at (0,1) width 4: " "
                RenderTableCell {TD} at (150,0) size 290x23 [r=0 c=1 rs=1 cs=1]
                  RenderTextControl {INPUT} at (2,2) size 286x19 [bgcolor=#FFFFFF] [border: (2px inset #000000)]
                  RenderText {#text} at (0,0) size 0x0
                RenderTableCell {TD} at (439,0) size 100x23 [r=0 c=2 rs=1 cs=1]
                  RenderButton {INPUT} at (2,2) size 96x18 [color=#000000D8] [bgcolor=#C0C0C0]
                    RenderBlock (anonymous) at (8,2) size 80x13
                      RenderText at (0,0) size 80x13
                        text run at (0,0) width 80: "Search Froogle"
                  RenderText {#text} at (0,0) size 0x0
                RenderTableCell {TD} at (538,2) size 161x19 [r=0 c=3 rs=2 cs=1]
                  RenderInline {LABEL} at (0,0) size 115x13
                    RenderText {#text} at (0,0) size 0x0
                    RenderBlock {INPUT} at (12,3) size 12x12
                    RenderText {#text} at (26,2) size 99x15
                      text run at (26,3) width 99: " Remember this location"
                  RenderText {#text} at (0,0) size 0x0
        RenderBlock (anonymous) at (0,39) size 784x18
          RenderBR {BR} at (392,0) size 0x18
layer at (206,13) size 280x13 backgroundClip at (206,13) size 279x13 clip at (206,13) size 279x13
  RenderBlock {DIV} at (3,3) size 280x13
caret: position 1 of child 0 {#text} of child 1 {TD} of child 0 {TR} of child 1 {TBODY} of child 1 {TABLE} of child 1 {FORM} of child 1 {CENTER} of body
