layer at (0,0) size 785x29400
  RenderView at (0,0) size 785x600
layer at (0,0) size 785x600
  RenderBlock {HTML} at (0,0) size 785x600
    RenderBody {BODY} at (8,8) size 769x576
      RenderBlock {P} at (0,0) size 769x72
        RenderText {#text} at (0,0) size 761x72
          text run at (0,0) width 743: "The column on the right has explicit spaces. Line breaks should be roughly the same if Thai line breaks are working"
          text run at (0,18) width 760: "well. The original source of this text was ICU, and the test program said \"by it's very nature, Thai word breaking is not"
          text run at (0,36) width 761: "exact\", so the columns don't match exactly. In a future version we might decide to tweak the right column to match our"
          text run at (0,54) width 120: "expected behavior."
layer at (236,96) size 1x27896
  RenderBlock (positioned) {DIV} at (235,96) size 2x27896
    RenderText {#text} at (0,3) size 83x27892
      text run at (0,3) width 21: "\x{E1A}\x{E17}"
      text run at (0,25) width 49: "\x{E17}\x{E35}\x{E48}\x{E51}\x{E1E}\x{E32}\x{E22}\x{E38}"
      text run at (0,47) width 54: "\x{E44}\x{E0B}\x{E42}\x{E04}\x{E25}\x{E19}"
      text run at (0,69) width 19: "\x{E42}\x{E14}"
      text run at (0,91) width 25: "\x{E42}\x{E23}\x{E18}\x{E35}"
      text run at (0,113) width 38: "\x{E2D}\x{E32}\x{E28}\x{E31}\x{E22}"
      text run at (0,135) width 20: "\x{E2D}\x{E22}\x{E39}\x{E48}"
      text run at (0,157) width 63: "\x{E17}\x{E48}\x{E32}\x{E21}\x{E01}\x{E25}\x{E32}\x{E07}"
      text run at (0,179) width 50: "\x{E17}\x{E38}\x{E48}\x{E07}\x{E43}\x{E2B}\x{E0D}\x{E48}"
      text run at (0,201) width 19: "\x{E43}\x{E19}"
      text run at (0,223) width 49: "\x{E41}\x{E04}\x{E19}\x{E0B}\x{E31}\x{E2A}"
      text run at (0,245) width 21: "\x{E01}\x{E31}\x{E1A}"
      text run at (0,267) width 17: "\x{E25}\x{E38}\x{E07}"
      text run at (0,289) width 15: "\x{E40}\x{E2E}"
      text run at (0,311) width 18: "\x{E19}\x{E23}\x{E35}"
      text run at (0,333) width 41: "\x{E0A}\x{E32}\x{E27}\x{E44}\x{E23}\x{E48}"
      text run at (0,355) width 26: "\x{E41}\x{E25}\x{E30}"
      text run at (0,377) width 19: "\x{E1B}\x{E49}\x{E32}"
      text run at (0,399) width 25: "\x{E40}\x{E2D}\x{E47}\x{E21}"
      text run at (0,421) width 44: "\x{E20}\x{E23}\x{E23}\x{E22}\x{E32}"
      text run at (0,443) width 41: "\x{E0A}\x{E32}\x{E27}\x{E44}\x{E23}\x{E48}"
      text run at (0,465) width 29: "\x{E1A}\x{E49}\x{E32}\x{E19}"
      text run at (0,487) width 27: "\x{E02}\x{E2D}\x{E07}"
      text run at (0,509) width 29: "\x{E1E}\x{E27}\x{E01}"
      text run at (0,531) width 23: "\x{E40}\x{E02}\x{E32}"
      text run at (0,553) width 28: "\x{E2B}\x{E25}\x{E31}\x{E07}"
      text run at (0,575) width 24: "\x{E40}\x{E25}\x{E47}\x{E01}"
      text run at (0,597) width 39: "\x{E40}\x{E1E}\x{E23}\x{E32}\x{E30}"
      text run at (0,619) width 17: "\x{E44}\x{E21}\x{E49}"
      text run at (0,641) width 33: "\x{E2A}\x{E23}\x{E49}\x{E32}\x{E07}"
      text run at (0,663) width 29: "\x{E1A}\x{E49}\x{E32}\x{E19}"
      text run at (0,685) width 27: "\x{E15}\x{E49}\x{E2D}\x{E07}"
      text run at (0,707) width 20: "\x{E02}\x{E19}"
      text run at (0,729) width 19: "\x{E21}\x{E32}"
      text run at (0,751) width 29: "\x{E14}\x{E49}\x{E27}\x{E22}"
      text run at (0,773) width 43: "\x{E40}\x{E01}\x{E27}\x{E35}\x{E22}\x{E19}"
      text run at (0,795) width 26: "\x{E40}\x{E1B}\x{E47}\x{E19}"
      text run at (0,817) width 32: "\x{E23}\x{E30}\x{E22}\x{E30}"
      text run at (0,839) width 26: "\x{E17}\x{E32}\x{E07}"
      text run at (0,861) width 38: "\x{E2B}\x{E25}\x{E32}\x{E22}"
      text run at (0,883) width 27: "\x{E44}\x{E21}\x{E25}\x{E4C}"
      text run at (0,905) width 29: "\x{E1A}\x{E49}\x{E32}\x{E19}"
      text run at (0,927) width 11: "\x{E21}\x{E35}"
      text run at (0,949) width 10: "\x{E2A}\x{E35}\x{E48}"
      text run at (0,971) width 18: "\x{E1D}\x{E32}"
      text run at (0,993) width 11: "\x{E21}\x{E35}"
      text run at (0,1015) width 21: "\x{E1E}\x{E37}\x{E49}\x{E19}"
      text run at (0,1037) width 21: "\x{E01}\x{E31}\x{E1A}"
      text run at (0,1059) width 46: "\x{E2B}\x{E25}\x{E31}\x{E07}\x{E04}\x{E32}"
      text run at (0,1081) width 26: "\x{E23}\x{E27}\x{E21}"
      text run at (0,1103) width 19: "\x{E17}\x{E33}"
      text run at (0,1125) width 26: "\x{E40}\x{E1B}\x{E47}\x{E19}"
      text run at (0,1147) width 27: "\x{E2B}\x{E49}\x{E2D}\x{E07}"
      text run at (0,1169) width 34: "\x{E40}\x{E14}\x{E35}\x{E22}\x{E27}"
      text run at (0,1191) width 19: "\x{E43}\x{E19}"
      text run at (0,1213) width 27: "\x{E2B}\x{E49}\x{E2D}\x{E07}"
      text run at (0,1235) width 11: "\x{E21}\x{E35}"
      text run at (0,1257) width 18: "\x{E17}\x{E31}\x{E49}\x{E07}"
      text run at (0,1279) width 24: "\x{E40}\x{E15}\x{E32}"
      text run at (0,1301) width 18: "\x{E2B}\x{E38}\x{E07}"
      text run at (0,1323) width 21: "\x{E15}\x{E49}\x{E21}"
      text run at (0,1345) width 11: "\x{E17}\x{E35}\x{E48}"
      text run at (0,1367) width 30: "\x{E2A}\x{E19}\x{E34}\x{E21}"
      text run at (0,1389) width 11: "\x{E14}\x{E39}"
      text run at (0,1411) width 20: "\x{E02}\x{E36}\x{E49}\x{E19}"
      text run at (0,1433) width 31: "\x{E40}\x{E25}\x{E2D}\x{E30}"
      text run at (0,1455) width 11: "\x{E21}\x{E35}"
      text run at (0,1477) width 11: "\x{E15}\x{E39}\x{E49}"
      text run at (0,1499) width 19: "\x{E43}\x{E2A}\x{E48}"
      text run at (0,1521) width 28: "\x{E16}\x{E49}\x{E27}\x{E22}"
      text run at (0,1543) width 28: "\x{E0A}\x{E32}\x{E21}"
      text run at (0,1565) width 26: "\x{E42}\x{E15}\x{E4A}\x{E30}"
      text run at (0,1587) width 33: "\x{E40}\x{E01}\x{E49}\x{E32}\x{E2D}\x{E35}\x{E49}"
      text run at (0,1609) width 28: "\x{E2A}\x{E32}\x{E21}"
      text run at (0,1631) width 28: "\x{E2B}\x{E23}\x{E37}\x{E2D}"
      text run at (0,1653) width 10: "\x{E2A}\x{E35}\x{E48}"
      text run at (0,1675) width 19: "\x{E15}\x{E31}\x{E27}"
      text run at (0,1697) width 27: "\x{E41}\x{E25}\x{E49}\x{E27}"
      text run at (0,1719) width 10: "\x{E01}\x{E47}"
      text run at (0,1741) width 11: "\x{E21}\x{E35}"
      text run at (0,1763) width 33: "\x{E40}\x{E15}\x{E35}\x{E22}\x{E07}"
      text run at (0,1785) width 30: "\x{E19}\x{E2D}\x{E19}"
      text run at (0,1807) width 17: "\x{E25}\x{E38}\x{E07}"
      text run at (0,1829) width 15: "\x{E40}\x{E2E}"
      text run at (0,1851) width 18: "\x{E19}\x{E23}\x{E35}"
      text run at (0,1873) width 21: "\x{E01}\x{E31}\x{E1A}"
      text run at (0,1895) width 19: "\x{E1B}\x{E49}\x{E32}"
      text run at (0,1917) width 25: "\x{E40}\x{E2D}\x{E47}\x{E21}"
      text run at (0,1939) width 11: "\x{E21}\x{E35}"
      text run at (0,1961) width 33: "\x{E40}\x{E15}\x{E35}\x{E22}\x{E07}"
      text run at (0,1983) width 30: "\x{E19}\x{E2D}\x{E19}"
      text run at (0,2005) width 33: "\x{E43}\x{E2B}\x{E0D}\x{E48}"
      text run at (0,2027) width 20: "\x{E2D}\x{E22}\x{E39}\x{E48}"
      text run at (0,2049) width 11: "\x{E17}\x{E35}\x{E48}"
      text run at (0,2071) width 21: "\x{E21}\x{E38}\x{E21}"
      text run at (0,2093) width 28: "\x{E2B}\x{E19}\x{E36}\x{E48}\x{E07}"
      text run at (0,2115) width 28: "\x{E2A}\x{E48}\x{E27}\x{E19}"
      text run at (0,2137) width 19: "\x{E42}\x{E14}"
      text run at (0,2159) width 16: "\x{E42}\x{E23}"
      text run at (0,2181) width 19: "\x{E18}\x{E35}\x{E21}\x{E35}"
      text run at (0,2203) width 33: "\x{E40}\x{E15}\x{E35}\x{E22}\x{E07}"
      text run at (0,2225) width 24: "\x{E40}\x{E25}\x{E47}\x{E01}"
      text run at (0,2247) width 19: "\x{E2D}\x{E35}\x{E01}"
      text run at (0,2269) width 11: "\x{E17}\x{E35}\x{E48}"
      text run at (0,2291) width 21: "\x{E21}\x{E38}\x{E21}"
      text run at (0,2313) width 28: "\x{E2B}\x{E19}\x{E36}\x{E48}\x{E07}"
      text run at (0,2335) width 27: "\x{E44}\x{E21}\x{E48}\x{E21}\x{E35}"
      text run at (0,2357) width 27: "\x{E2B}\x{E49}\x{E2D}\x{E07}"
      text run at (0,2379) width 19: "\x{E43}\x{E15}\x{E49}"
      text run at (0,2401) width 44: "\x{E40}\x{E1E}\x{E14}\x{E32}\x{E19}"
      text run at (0,2423) width 25: "\x{E40}\x{E25}\x{E22}"
      text run at (0,2445) width 27: "\x{E2B}\x{E49}\x{E2D}\x{E07}"
      text run at (0,2467) width 39: "\x{E43}\x{E15}\x{E49}\x{E16}\x{E38}\x{E19}"
      text run at (0,2489) width 10: "\x{E01}\x{E47}"
      text run at (0,2511) width 27: "\x{E44}\x{E21}\x{E48}\x{E21}\x{E35}"
      text run at (0,2533) width 24: "\x{E40}\x{E27}\x{E49}\x{E19}"
      text run at (0,2555) width 20: "\x{E41}\x{E15}\x{E48}"
      text run at (0,2577) width 11: "\x{E21}\x{E35}"
      text run at (0,2599) width 19: "\x{E42}\x{E1E}"
      text run at (0,2621) width 16: "\x{E23}\x{E07}"
      text run at (0,2643) width 34: "\x{E40}\x{E25}\x{E47}\x{E01}\x{E46}"
      text run at (0,2665) width 11: "\x{E17}\x{E35}\x{E48}"
      text run at (0,2687) width 20: "\x{E02}\x{E38}\x{E14}"
      text run at (0,2709) width 18: "\x{E44}\x{E1B}"
      text run at (0,2731) width 19: "\x{E43}\x{E15}\x{E49}"
      text run at (0,2753) width 21: "\x{E1E}\x{E37}\x{E49}\x{E19}"
      text run at (0,2775) width 33: "\x{E40}\x{E23}\x{E35}\x{E22}\x{E01}"
      text run at (0,2797) width 17: "\x{E27}\x{E48}\x{E32}"
      text run at (0,2819) width 41: "\"\x{E42}\x{E1E}\x{E23}\x{E07}"
      text run at (0,2841) width 61: "\x{E44}\x{E0B}\x{E42}\x{E04}\x{E25}\x{E19}\""
      text run at (0,2863) width 26: "\x{E40}\x{E1B}\x{E47}\x{E19}"
      text run at (0,2885) width 11: "\x{E17}\x{E35}\x{E48}"
      text run at (0,2907) width 64: "\x{E04}\x{E23}\x{E2D}\x{E1A}\x{E04}\x{E23}\x{E31}\x{E27}"
      text run at (0,2929) width 10: "\x{E19}\x{E35}\x{E49}"
      text run at (0,2951) width 16: "\x{E08}\x{E30}"
      text run at (0,2973) width 21: "\x{E21}\x{E38}\x{E14}"
      text run at (0,2995) width 40: "\x{E40}\x{E02}\x{E49}\x{E32}\x{E44}\x{E1B}"
      text run at (0,3017) width 25: "\x{E40}\x{E21}\x{E37}\x{E48}\x{E2D}"
      text run at (0,3039) width 25: "\x{E40}\x{E01}\x{E34}\x{E14}"
      text run at (0,3061) width 20: "\x{E25}\x{E21}"
      text run at (0,3083) width 29: "\x{E21}\x{E2B}\x{E32}"
      text run at (0,3105) width 21: "\x{E20}\x{E31}\x{E22}"
      text run at (0,3127) width 18: "\x{E0B}\x{E36}\x{E48}\x{E07}"
      text run at (0,3149) width 52: "\x{E01}\x{E23}\x{E30}\x{E42}\x{E0A}\x{E01}"
      text run at (0,3171) width 25: "\x{E41}\x{E23}\x{E07}"
      text run at (0,3193) width 19: "\x{E08}\x{E19}"
      text run at (0,3215) width 40: "\x{E1A}\x{E14}\x{E02}\x{E22}\x{E35}\x{E49}"
      text run at (0,3237) width 18: "\x{E2A}\x{E34}\x{E48}\x{E07}"
      text run at (0,3259) width 19: "\x{E01}\x{E48}\x{E2D}"
      text run at (0,3281) width 33: "\x{E2A}\x{E23}\x{E49}\x{E32}\x{E07}"
      text run at (0,3303) width 29: "\x{E43}\x{E14}\x{E46}"
      text run at (0,3325) width 11: "\x{E17}\x{E35}\x{E48}"
      text run at (0,3347) width 34: "\x{E02}\x{E27}\x{E32}\x{E07}"
      text run at (0,3369) width 26: "\x{E17}\x{E32}\x{E07}"
      text run at (0,3391) width 20: "\x{E21}\x{E31}\x{E19}"
      text run at (0,3413) width 17: "\x{E44}\x{E14}\x{E49}"
      text run at (0,3435) width 26: "\x{E15}\x{E23}\x{E07}"
      text run at (0,3457) width 35: "\x{E01}\x{E25}\x{E32}\x{E07}"
      text run at (0,3479) width 21: "\x{E1E}\x{E37}\x{E49}\x{E19}"
      text run at (0,3501) width 11: "\x{E21}\x{E35}"
      text run at (0,3523) width 18: "\x{E1D}\x{E32}"
      text run at (0,3545) width 26: "\x{E40}\x{E1B}\x{E34}\x{E14}"
      text run at (0,3567) width 40: "\x{E40}\x{E02}\x{E49}\x{E32}\x{E44}\x{E1B}"
      text run at (0,3589) width 27: "\x{E08}\x{E32}\x{E01}"
      text run at (0,3611) width 20: "\x{E19}\x{E31}\x{E49}\x{E19}"
      text run at (0,3633) width 11: "\x{E21}\x{E35}"
      text run at (0,3655) width 38: "\x{E1A}\x{E31}\x{E19}\x{E44}\x{E14}"
      text run at (0,3677) width 17: "\x{E25}\x{E07}"
      text run at (0,3699) width 18: "\x{E44}\x{E1B}"
      text run at (0,3721) width 18: "\x{E16}\x{E36}\x{E07}"
      text run at (0,3743) width 35: "\x{E42}\x{E1E}\x{E23}\x{E07}"
      text run at (0,3765) width 21: "\x{E21}\x{E37}\x{E14}"
      text run at (0,3787) width 34: "\x{E40}\x{E25}\x{E47}\x{E01}\x{E46}"
      text run at (0,3809) width 25: "\x{E40}\x{E21}\x{E37}\x{E48}\x{E2D}"
      text run at (0,3831) width 19: "\x{E42}\x{E14}"
      text run at (0,3853) width 25: "\x{E42}\x{E23}\x{E18}\x{E35}"
      text run at (0,3875) width 20: "\x{E22}\x{E37}\x{E19}"
      text run at (0,3897) width 11: "\x{E17}\x{E35}\x{E48}"
      text run at (0,3919) width 29: "\x{E1B}\x{E32}\x{E01}"
      text run at (0,3941) width 36: "\x{E1B}\x{E23}\x{E30}\x{E15}\x{E39}"
      text run at (0,3963) width 26: "\x{E41}\x{E25}\x{E30}"
      text run at (0,3985) width 27: "\x{E21}\x{E2D}\x{E07}"
      text run at (0,4007) width 18: "\x{E44}\x{E1B}"
      text run at (0,4029) width 37: "\x{E23}\x{E2D}\x{E1A}\x{E46}"
      text run at (0,4051) width 24: "\x{E40}\x{E18}\x{E2D}"
      text run at (0,4073) width 17: "\x{E44}\x{E21}\x{E48}"
      text run at (0,4095) width 26: "\x{E40}\x{E2B}\x{E47}\x{E19}"
      text run at (0,4117) width 31: "\x{E2D}\x{E30}\x{E44}\x{E23}"
      text run at (0,4139) width 55: "\x{E19}\x{E2D}\x{E01}\x{E08}\x{E32}\x{E01}"
      text run at (0,4161) width 27: "\x{E17}\x{E49}\x{E2D}\x{E07}"
      text run at (0,4183) width 18: "\x{E17}\x{E38}\x{E48}\x{E07}"
      text run at (0,4205) width 34: "\x{E01}\x{E27}\x{E49}\x{E32}\x{E07}"
      text run at (0,4227) width 10: "\x{E2A}\x{E35}"
      text run at (0,4249) width 24: "\x{E40}\x{E17}\x{E32}"
      text run at (0,4271) width 31: "\x{E2B}\x{E21}\x{E48}\x{E19}"
      text run at (0,4293) width 19: "\x{E17}\x{E31}\x{E48}\x{E27}"
      text run at (0,4315) width 20: "\x{E17}\x{E38}\x{E01}"
      text run at (0,4337) width 29: "\x{E14}\x{E49}\x{E32}\x{E19}"
      text run at (0,4359) width 27: "\x{E44}\x{E21}\x{E48}\x{E21}\x{E35}"
      text run at (0,4381) width 20: "\x{E41}\x{E21}\x{E49}"
      text run at (0,4403) width 37: "\x{E15}\x{E49}\x{E19}\x{E44}\x{E21}\x{E49}"
      text run at (0,4425) width 20: "\x{E2A}\x{E31}\x{E01}"
      text run at (0,4447) width 20: "\x{E15}\x{E49}\x{E19}"
      text run at (0,4469) width 28: "\x{E2B}\x{E23}\x{E37}\x{E2D}"
      text run at (0,4491) width 29: "\x{E1A}\x{E49}\x{E32}\x{E19}"
      text run at (0,4513) width 20: "\x{E2A}\x{E31}\x{E01}"
      text run at (0,4535) width 28: "\x{E2B}\x{E25}\x{E31}\x{E07}"
      text run at (0,4557) width 11: "\x{E17}\x{E35}\x{E48}"
      text run at (0,4579) width 28: "\x{E42}\x{E1C}\x{E25}\x{E48}"
      text run at (0,4601) width 21: "\x{E1E}\x{E49}\x{E19}"
      text run at (0,4623) width 71: "\x{E20}\x{E39}\x{E21}\x{E34}\x{E1B}\x{E23}\x{E30}\x{E40}\x{E17}\x{E28}"
      text run at (0,4645) width 20: "\x{E2D}\x{E31}\x{E19}"
      text run at (0,4667) width 27: "\x{E23}\x{E32}\x{E1A}"
      text run at (0,4689) width 33: "\x{E40}\x{E23}\x{E35}\x{E22}\x{E1A}"
      text run at (0,4711) width 19: "\x{E41}\x{E1C}\x{E48}"
      text run at (0,4733) width 18: "\x{E44}\x{E1B}"
      text run at (0,4755) width 26: "\x{E44}\x{E01}\x{E25}"
      text run at (0,4777) width 19: "\x{E08}\x{E19}"
      text run at (0,4799) width 19: "\x{E08}\x{E14}"
      text run at (0,4821) width 29: "\x{E02}\x{E2D}\x{E1A}"
      text run at (0,4843) width 19: "\x{E1F}\x{E49}\x{E32}"
      text run at (0,4865) width 19: "\x{E17}\x{E31}\x{E48}\x{E27}"
      text run at (0,4887) width 20: "\x{E17}\x{E38}\x{E01}"
      text run at (0,4909) width 21: "\x{E17}\x{E34}\x{E28}"
      text run at (0,4931) width 62: "\x{E14}\x{E27}\x{E07}\x{E15}\x{E30}\x{E27}\x{E31}\x{E19}"
      text run at (0,4953) width 23: "\x{E40}\x{E1C}\x{E32}"
      text run at (0,4975) width 20: "\x{E1C}\x{E37}\x{E19}"
      text run at (0,4997) width 20: "\x{E14}\x{E34}\x{E19}"
      text run at (0,5019) width 11: "\x{E17}\x{E35}\x{E48}"
      text run at (0,5041) width 17: "\x{E44}\x{E16}"
      text run at (0,5063) width 27: "\x{E41}\x{E25}\x{E49}\x{E27}"
      text run at (0,5085) width 19: "\x{E08}\x{E19}"
      text run at (0,5107) width 37: "\x{E01}\x{E25}\x{E32}\x{E22}"
      text run at (0,5129) width 26: "\x{E40}\x{E1B}\x{E47}\x{E19}"
      text run at (0,5151) width 29: "\x{E41}\x{E1C}\x{E48}\x{E19}"
      text run at (0,5173) width 39: "\x{E21}\x{E2B}\x{E36}\x{E21}\x{E32}"
      text run at (0,5195) width 10: "\x{E2A}\x{E35}"
      text run at (0,5217) width 19: "\x{E14}\x{E33}"
      text run at (0,5239) width 11: "\x{E21}\x{E35}"
      text run at (0,5261) width 27: "\x{E23}\x{E2D}\x{E22}"
      text run at (0,5283) width 29: "\x{E41}\x{E15}\x{E01}"
      text run at (0,5305) width 42: "\x{E23}\x{E30}\x{E41}\x{E2B}\x{E07}"
      text run at (0,5327) width 20: "\x{E2D}\x{E22}\x{E39}\x{E48}"
      text run at (0,5349) width 39: "\x{E15}\x{E25}\x{E2D}\x{E14}"
      text run at (0,5371) width 39: "\x{E41}\x{E21}\x{E49}\x{E41}\x{E15}\x{E48}"
      text run at (0,5393) width 32: "\x{E2B}\x{E0D}\x{E49}\x{E32}"
      text run at (0,5415) width 10: "\x{E01}\x{E47}"
      text run at (0,5437) width 17: "\x{E44}\x{E21}\x{E48}"
      text run at (0,5459) width 33: "\x{E40}\x{E02}\x{E35}\x{E22}\x{E27}"
      text run at (0,5481) width 39: "\x{E40}\x{E1E}\x{E23}\x{E32}\x{E30}"
      text run at (0,5503) width 62: "\x{E14}\x{E27}\x{E07}\x{E15}\x{E30}\x{E27}\x{E31}\x{E19}"
      text run at (0,5525) width 23: "\x{E40}\x{E1C}\x{E32}"
      text run at (0,5547) width 30: "\x{E22}\x{E2D}\x{E14}"
      text run at (0,5569) width 20: "\x{E43}\x{E1A}"
      text run at (0,5591) width 27: "\x{E22}\x{E32}\x{E27}"
      text run at (0,5613) width 25: "\x{E40}\x{E2A}\x{E35}\x{E22}"
      text run at (0,5635) width 19: "\x{E08}\x{E19}"
      text run at (0,5657) width 26: "\x{E40}\x{E1B}\x{E47}\x{E19}"
      text run at (0,5679) width 10: "\x{E2A}\x{E35}"
      text run at (0,5701) width 24: "\x{E40}\x{E17}\x{E32}"
      text run at (0,5723) width 31: "\x{E2B}\x{E21}\x{E48}\x{E19}"
      text run at (0,5745) width 27: "\x{E21}\x{E2D}\x{E07}"
      text run at (0,5767) width 26: "\x{E40}\x{E2B}\x{E47}\x{E19}"
      text run at (0,5789) width 20: "\x{E2D}\x{E22}\x{E39}\x{E48}"
      text run at (0,5811) width 36: "\x{E17}\x{E31}\x{E48}\x{E27}\x{E44}\x{E1B}"
      text run at (0,5833) width 26: "\x{E04}\x{E23}\x{E31}\x{E49}\x{E07}"
      text run at (0,5855) width 28: "\x{E2B}\x{E19}\x{E36}\x{E48}\x{E07}"
      text run at (0,5877) width 26: "\x{E40}\x{E04}\x{E22}"
      text run at (0,5899) width 28: "\x{E17}\x{E32}\x{E2A}\x{E35}"
      text run at (0,5921) width 29: "\x{E1A}\x{E49}\x{E32}\x{E19}"
      text run at (0,5943) width 23: "\x{E40}\x{E2D}\x{E32}"
      text run at (0,5965) width 15: "\x{E44}\x{E27}\x{E49}"
      text run at (0,5987) width 20: "\x{E41}\x{E15}\x{E48}"
      text run at (0,6009) width 10: "\x{E01}\x{E47}"
      text run at (0,6031) width 20: "\x{E16}\x{E39}\x{E01}"
      text run at (0,6053) width 62: "\x{E14}\x{E27}\x{E07}\x{E15}\x{E30}\x{E27}\x{E31}\x{E19}"
      text run at (0,6075) width 23: "\x{E40}\x{E1C}\x{E32}"
      text run at (0,6097) width 25: "\x{E40}\x{E2A}\x{E35}\x{E22}"
      text run at (0,6119) width 19: "\x{E08}\x{E19}"
      text run at (0,6141) width 10: "\x{E2A}\x{E35}"
      text run at (0,6163) width 28: "\x{E1E}\x{E2D}\x{E07}"
      text run at (0,6185) width 27: "\x{E41}\x{E25}\x{E49}\x{E27}"
      text run at (0,6207) width 20: "\x{E1D}\x{E19}"
      text run at (0,6229) width 10: "\x{E01}\x{E47}"
      text run at (0,6251) width 17: "\x{E0A}\x{E30}"
      text run at (0,6273) width 20: "\x{E21}\x{E31}\x{E19}"
      text run at (0,6295) width 30: "\x{E2B}\x{E25}\x{E38}\x{E14}"
      text run at (0,6317) width 18: "\x{E44}\x{E1B}"
      text run at (0,6339) width 19: "\x{E08}\x{E19}"
      text run at (0,6361) width 31: "\x{E2B}\x{E21}\x{E14}"
      text run at (0,6383) width 26: "\x{E41}\x{E25}\x{E30}"
      text run at (0,6405) width 30: "\x{E15}\x{E2D}\x{E19}"
      text run at (0,6427) width 10: "\x{E19}\x{E35}\x{E49}"
      text run at (0,6449) width 29: "\x{E1A}\x{E49}\x{E32}\x{E19}"
      text run at (0,6471) width 17: "\x{E08}\x{E36}\x{E07}"
      text run at (0,6493) width 11: "\x{E14}\x{E39}"
      text run at (0,6515) width 68: "\x{E2B}\x{E21}\x{E48}\x{E19}\x{E2B}\x{E21}\x{E2D}\x{E07}"
      text run at (0,6537) width 26: "\x{E40}\x{E1B}\x{E47}\x{E19}"
      text run at (0,6559) width 10: "\x{E2A}\x{E35}"
      text run at (0,6581) width 24: "\x{E40}\x{E17}\x{E32}"
      text run at (0,6603) width 45: "\x{E40}\x{E2B}\x{E21}\x{E37}\x{E2D}\x{E19}"
      text run at (0,6625) width 18: "\x{E2A}\x{E34}\x{E48}\x{E07}"
      text run at (0,6647) width 29: "\x{E2D}\x{E37}\x{E48}\x{E19}\x{E46}"
      text run at (0,6669) width 29: "\x{E14}\x{E49}\x{E27}\x{E22}"
      text run at (0,6691) width 30: "\x{E15}\x{E2D}\x{E19}"
      text run at (0,6713) width 11: "\x{E17}\x{E35}\x{E48}"
      text run at (0,6735) width 19: "\x{E1B}\x{E49}\x{E32}"
      text run at (0,6757) width 25: "\x{E40}\x{E2D}\x{E47}\x{E21}"
      text run at (0,6779) width 28: "\x{E22}\x{E49}\x{E32}\x{E22}"
      text run at (0,6801) width 19: "\x{E21}\x{E32}"
      text run at (0,6823) width 20: "\x{E2D}\x{E22}\x{E39}\x{E48}"
      text run at (0,6845) width 11: "\x{E17}\x{E35}\x{E48}"
      text run at (0,6867) width 10: "\x{E19}\x{E35}\x{E48}"
      text run at (0,6889) width 24: "\x{E40}\x{E18}\x{E2D}"
      text run at (0,6911) width 18: "\x{E22}\x{E31}\x{E07}"
      text run at (0,6933) width 26: "\x{E2A}\x{E32}\x{E27}"
      text run at (0,6955) width 26: "\x{E40}\x{E1B}\x{E47}\x{E19}"
      text run at (0,6977) width 44: "\x{E20}\x{E23}\x{E23}\x{E22}\x{E32}"
      text run at (0,6999) width 11: "\x{E17}\x{E35}\x{E48}"
      text run at (0,7021) width 44: "\x{E07}\x{E14}\x{E07}\x{E32}\x{E21}"
      text run at (0,7043) width 27: "\x{E41}\x{E25}\x{E49}\x{E27}"
      text run at (0,7065) width 30: "\x{E41}\x{E14}\x{E14}"
      text run at (0,7087) width 26: "\x{E41}\x{E25}\x{E30}"
      text run at (0,7109) width 20: "\x{E25}\x{E21}"
      text run at (0,7131) width 27: "\x{E01}\x{E47}\x{E44}\x{E14}\x{E49}"
      text run at (0,7153) width 45: "\x{E40}\x{E1B}\x{E25}\x{E35}\x{E48}\x{E22}\x{E19}"
      text run at (0,7175) width 24: "\x{E40}\x{E18}\x{E2D}"
      text run at (0,7197) width 18: "\x{E44}\x{E1B}"
      text run at (0,7219) width 23: "\x{E40}\x{E2D}\x{E32}"
      text run at (0,7241) width 53: "\x{E1B}\x{E23}\x{E30}\x{E01}\x{E32}\x{E22}"
      text run at (0,7263) width 18: "\x{E44}\x{E1B}"
      text run at (0,7285) width 27: "\x{E08}\x{E32}\x{E01}"
      text run at (0,7307) width 45: "\x{E14}\x{E27}\x{E07}\x{E15}\x{E32}"
      text run at (0,7329) width 24: "\x{E40}\x{E18}\x{E2D}"
      text run at (0,7351) width 39: "\x{E1B}\x{E25}\x{E48}\x{E2D}\x{E22}"
      text run at (0,7373) width 15: "\x{E44}\x{E27}\x{E49}"
      text run at (0,7395) width 20: "\x{E41}\x{E15}\x{E48}"
      text run at (0,7417) width 37: "\x{E04}\x{E27}\x{E32}\x{E21}"
      text run at (0,7439) width 29: "\x{E2A}\x{E38}\x{E02}\x{E38}\x{E21}"
      text run at (0,7461) width 35: "\x{E2D}\x{E22}\x{E48}\x{E32}\x{E07}"
      text run at (0,7483) width 68: "\x{E2B}\x{E21}\x{E48}\x{E19}\x{E2B}\x{E21}\x{E2D}\x{E07}"
      text run at (0,7505) width 23: "\x{E40}\x{E2D}\x{E32}"
      text run at (0,7527) width 10: "\x{E2A}\x{E35}"
      text run at (0,7549) width 27: "\x{E41}\x{E14}\x{E07}"
      text run at (0,7571) width 27: "\x{E08}\x{E32}\x{E01}"
      text run at (0,7593) width 29: "\x{E41}\x{E01}\x{E49}\x{E21}"
      text run at (0,7615) width 26: "\x{E41}\x{E25}\x{E30}"
      text run at (0,7637) width 18: "\x{E23}\x{E34}\x{E21}"
      text run at (0,7659) width 38: "\x{E1D}\x{E35}\x{E1B}\x{E32}\x{E01}"
      text run at (0,7681) width 24: "\x{E40}\x{E18}\x{E2D}"
      text run at (0,7703) width 18: "\x{E44}\x{E1B}"
      text run at (0,7725) width 37: "\x{E01}\x{E25}\x{E32}\x{E22}"
      text run at (0,7747) width 26: "\x{E40}\x{E1B}\x{E47}\x{E19}"
      text run at (0,7769) width 10: "\x{E2A}\x{E35}"
      text run at (0,7791) width 40: "\x{E2B}\x{E21}\x{E48}\x{E19}\x{E46}"
      text run at (0,7813) width 45: "\x{E40}\x{E2B}\x{E21}\x{E37}\x{E2D}\x{E19}"
      text run at (0,7835) width 20: "\x{E01}\x{E31}\x{E19}"
      text run at (0,7857) width 24: "\x{E40}\x{E18}\x{E2D}"
      text run at (0,7879) width 29: "\x{E1C}\x{E2D}\x{E21}"
      text run at (0,7901) width 26: "\x{E41}\x{E25}\x{E30}"
      text run at (0,7923) width 28: "\x{E2B}\x{E25}\x{E31}\x{E07}"
      text run at (0,7945) width 27: "\x{E42}\x{E04}\x{E49}\x{E07}"
      text run at (0,7967) width 26: "\x{E41}\x{E25}\x{E30}"
      text run at (0,7989) width 34: "\x{E40}\x{E14}\x{E35}\x{E4B}\x{E22}\x{E27}"
      text run at (0,8011) width 10: "\x{E19}\x{E35}\x{E49}"
      text run at (0,8033) width 17: "\x{E44}\x{E21}\x{E48}"
      text run at (0,8055) width 26: "\x{E40}\x{E04}\x{E22}"
      text run at (0,8077) width 20: "\x{E22}\x{E34}\x{E49}\x{E21}"
      text run at (0,8099) width 25: "\x{E40}\x{E25}\x{E22}"
      text run at (0,8121) width 25: "\x{E40}\x{E21}\x{E37}\x{E48}\x{E2D}"
      text run at (0,8143) width 19: "\x{E42}\x{E14}"
      text run at (0,8165) width 25: "\x{E42}\x{E23}\x{E18}\x{E35}"
      text run at (0,8187) width 18: "\x{E0B}\x{E36}\x{E48}\x{E07}"
      text run at (0,8209) width 26: "\x{E40}\x{E1B}\x{E47}\x{E19}"
      text run at (0,8231) width 25: "\x{E40}\x{E14}\x{E47}\x{E01}"
      text run at (0,8253) width 45: "\x{E01}\x{E33}\x{E1E}\x{E23}\x{E49}\x{E32}"
      text run at (0,8275) width 19: "\x{E21}\x{E32}"
      text run at (0,8297) width 20: "\x{E2D}\x{E22}\x{E39}\x{E48}"
      text run at (0,8319) width 21: "\x{E01}\x{E31}\x{E1A}"
      text run at (0,8341) width 24: "\x{E40}\x{E18}\x{E2D}"
      text run at (0,8363) width 30: "\x{E15}\x{E2D}\x{E19}"
      text run at (0,8385) width 27: "\x{E41}\x{E23}\x{E01}"
      text run at (0,8407) width 19: "\x{E1B}\x{E49}\x{E32}"
      text run at (0,8429) width 25: "\x{E40}\x{E2D}\x{E47}\x{E21}"
      text run at (0,8451) width 20: "\x{E15}\x{E37}\x{E48}\x{E19}"
      text run at (0,8473) width 26: "\x{E40}\x{E15}\x{E49}\x{E19}"
      text run at (0,8495) width 21: "\x{E01}\x{E31}\x{E1A}"
      text run at (0,8517) width 32: "\x{E40}\x{E2A}\x{E35}\x{E22}\x{E07}"
      text run at (0,8539) width 47: "\x{E2B}\x{E31}\x{E27}\x{E40}\x{E23}\x{E32}\x{E30}"
      text run at (0,8561) width 27: "\x{E02}\x{E2D}\x{E07}"
      text run at (0,8583) width 25: "\x{E40}\x{E14}\x{E47}\x{E01}"
      text run at (0,8605) width 29: "\x{E19}\x{E49}\x{E2D}\x{E22}"
      text run at (0,8627) width 28: "\x{E21}\x{E32}\x{E01}"
      text run at (0,8649) width 24: "\x{E40}\x{E18}\x{E2D}"
      text run at (0,8671) width 16: "\x{E08}\x{E30}"
      text run at (0,8693) width 18: "\x{E2A}\x{E48}\x{E07}"
      text run at (0,8715) width 32: "\x{E40}\x{E2A}\x{E35}\x{E22}\x{E07}"
      text run at (0,8737) width 25: "\x{E23}\x{E49}\x{E2D}\x{E07}"
      text run at (0,8759) width 27: "\x{E41}\x{E25}\x{E49}\x{E27}"
      text run at (0,8781) width 23: "\x{E40}\x{E2D}\x{E32}"
      text run at (0,8803) width 20: "\x{E21}\x{E37}\x{E2D}"
      text run at (0,8825) width 29: "\x{E17}\x{E32}\x{E1A}"
      text run at (0,8847) width 19: "\x{E2D}\x{E01}"
      text run at (0,8869) width 20: "\x{E17}\x{E38}\x{E01}"
      text run at (0,8891) width 26: "\x{E04}\x{E23}\x{E31}\x{E49}\x{E07}"
      text run at (0,8913) width 11: "\x{E17}\x{E35}\x{E48}"
      text run at (0,8935) width 32: "\x{E40}\x{E2A}\x{E35}\x{E22}\x{E07}"
      text run at (0,8957) width 20: "\x{E2D}\x{E31}\x{E19}"
      text run at (0,8979) width 37: "\x{E23}\x{E48}\x{E32}\x{E40}\x{E23}\x{E34}\x{E07}"
      text run at (0,9001) width 27: "\x{E02}\x{E2D}\x{E07}"
      text run at (0,9023) width 19: "\x{E42}\x{E14}"
      text run at (0,9045) width 25: "\x{E42}\x{E23}\x{E18}\x{E35}"
      text run at (0,9067) width 33: "\x{E40}\x{E02}\x{E49}\x{E32}\x{E2B}\x{E39}"
      text run at (0,9089) width 24: "\x{E40}\x{E18}\x{E2D}"
      text run at (0,9111) width 26: "\x{E41}\x{E25}\x{E30}"
      text run at (0,9133) width 24: "\x{E40}\x{E18}\x{E2D}"
      text run at (0,9155) width 23: "\x{E40}\x{E1D}\x{E49}\x{E32}"
      text run at (0,9177) width 27: "\x{E21}\x{E2D}\x{E07}"
      text run at (0,9199) width 25: "\x{E40}\x{E14}\x{E47}\x{E01}"
      text run at (0,9221) width 31: "\x{E2B}\x{E0D}\x{E34}\x{E07}"
      text run at (0,9243) width 39: "\x{E19}\x{E49}\x{E2D}\x{E22}\x{E46}"
      text run at (0,9265) width 29: "\x{E14}\x{E49}\x{E27}\x{E22}"
      text run at (0,9287) width 37: "\x{E04}\x{E27}\x{E32}\x{E21}"
      text run at (0,9309) width 63: "\x{E1B}\x{E23}\x{E30}\x{E2B}\x{E25}\x{E32}\x{E14}"
      text run at (0,9331) width 18: "\x{E43}\x{E08}"
      text run at (0,9353) width 29: "\x{E14}\x{E49}\x{E27}\x{E22}"
      text run at (0,9375) width 18: "\x{E22}\x{E31}\x{E07}"
      text run at (0,9397) width 19: "\x{E2B}\x{E32}"
      text run at (0,9419) width 31: "\x{E2D}\x{E30}\x{E44}\x{E23}"
      text run at (0,9441) width 19: "\x{E21}\x{E32}"
      text run at (0,9463) width 26: "\x{E40}\x{E1B}\x{E47}\x{E19}"
      text run at (0,9485) width 30: "\x{E40}\x{E23}\x{E37}\x{E48}\x{E2D}\x{E07}"
      text run at (0,9507) width 47: "\x{E2B}\x{E31}\x{E27}\x{E40}\x{E23}\x{E32}\x{E30}"
      text run at (0,9529) width 17: "\x{E44}\x{E14}\x{E49}"
      text run at (0,9551) width 17: "\x{E25}\x{E38}\x{E07}"
      text run at (0,9573) width 15: "\x{E40}\x{E2E}"
      text run at (0,9595) width 18: "\x{E19}\x{E23}\x{E35}"
      text run at (0,9617) width 17: "\x{E44}\x{E21}\x{E48}"
      text run at (0,9639) width 26: "\x{E40}\x{E04}\x{E22}"
      text run at (0,9661) width 47: "\x{E2B}\x{E31}\x{E27}\x{E40}\x{E23}\x{E32}\x{E30}"
      text run at (0,9683) width 17: "\x{E25}\x{E38}\x{E07}"
      text run at (0,9705) width 45: "\x{E17}\x{E33}\x{E07}\x{E32}\x{E19}"
      text run at (0,9727) width 30: "\x{E2B}\x{E19}\x{E31}\x{E01}"
      text run at (0,9749) width 27: "\x{E08}\x{E32}\x{E01}"
      text run at (0,9771) width 23: "\x{E40}\x{E0A}\x{E49}\x{E32}"
      text run at (0,9793) width 20: "\x{E22}\x{E31}\x{E19}"
      text run at (0,9815) width 19: "\x{E04}\x{E48}\x{E33}"
      text run at (0,9837) width 26: "\x{E41}\x{E25}\x{E30}"
      text run at (0,9859) width 17: "\x{E44}\x{E21}\x{E48}"
      text run at (0,9881) width 26: "\x{E40}\x{E04}\x{E22}"
      text run at (0,9903) width 26: "\x{E23}\x{E39}\x{E49}\x{E08}\x{E31}\x{E01}"
      text run at (0,9925) width 17: "\x{E27}\x{E48}\x{E32}"
      text run at (0,9947) width 37: "\x{E04}\x{E27}\x{E32}\x{E21}"
      text run at (0,9969) width 37: "\x{E23}\x{E48}\x{E32}\x{E40}\x{E23}\x{E34}\x{E07}"
      text run at (0,9991) width 20: "\x{E04}\x{E37}\x{E2D}"
      text run at (0,10013) width 31: "\x{E2D}\x{E30}\x{E44}\x{E23}"
      text run at (0,10035) width 17: "\x{E25}\x{E38}\x{E07}"
      text run at (0,10057) width 11: "\x{E14}\x{E39}"
      text run at (0,10079) width 68: "\x{E2B}\x{E21}\x{E48}\x{E19}\x{E2B}\x{E21}\x{E2D}\x{E07}"
      text run at (0,10101) width 18: "\x{E44}\x{E1B}"
      text run at (0,10123) width 31: "\x{E2B}\x{E21}\x{E14}"
      text run at (0,10145) width 38: "\x{E15}\x{E31}\x{E49}\x{E07}\x{E41}\x{E15}\x{E48}"
      text run at (0,10167) width 32: "\x{E40}\x{E04}\x{E23}\x{E32}"
      text run at (0,10189) width 27: "\x{E22}\x{E32}\x{E27}"
      text run at (0,10211) width 19: "\x{E08}\x{E19}"
      text run at (0,10233) width 19: "\x{E08}\x{E14}"
      text run at (0,10255) width 48: "\x{E23}\x{E2D}\x{E07}\x{E40}\x{E17}\x{E49}\x{E32}"
      text run at (0,10277) width 21: "\x{E1A}\x{E39}\x{E15}"
      text run at (0,10299) width 20: "\x{E2D}\x{E31}\x{E19}"
      text run at (0,10321) width 39: "\x{E2B}\x{E22}\x{E32}\x{E1A}"
      text run at (0,10343) width 27: "\x{E41}\x{E25}\x{E49}\x{E27}"
      text run at (0,10365) width 17: "\x{E25}\x{E38}\x{E07}"
      text run at (0,10387) width 10: "\x{E01}\x{E47}"
      text run at (0,10409) width 11: "\x{E14}\x{E39}"
      text run at (0,10431) width 58: "\x{E40}\x{E04}\x{E23}\x{E48}\x{E07}\x{E02}\x{E23}\x{E36}\x{E21}"
      text run at (0,10453) width 19: "\x{E19}\x{E48}\x{E32}"
      text run at (0,10475) width 30: "\x{E40}\x{E01}\x{E23}\x{E07}"
      text run at (0,10497) width 28: "\x{E02}\x{E32}\x{E21}"
      text run at (0,10519) width 17: "\x{E44}\x{E21}\x{E48}"
      text run at (0,10541) width 30: "\x{E04}\x{E48}\x{E2D}\x{E22}"
      text run at (0,10563) width 16: "\x{E08}\x{E30}"
      text run at (0,10585) width 21: "\x{E1E}\x{E39}\x{E14}"
      text run at (0,10607) width 11: "\x{E21}\x{E35}"
      text run at (0,10629) width 19: "\x{E42}\x{E15}"
      text run at (0,10651) width 19: "\x{E42}\x{E15}\x{E49}"
      text run at (0,10673) width 11: "\x{E17}\x{E35}\x{E48}"
      text run at (0,10695) width 38: "\x{E17}\x{E33}\x{E43}\x{E2B}\x{E49}"
      text run at (0,10717) width 19: "\x{E42}\x{E14}"
      text run at (0,10739) width 25: "\x{E42}\x{E23}\x{E18}\x{E35}"
      text run at (0,10761) width 47: "\x{E2B}\x{E31}\x{E27}\x{E40}\x{E23}\x{E32}\x{E30}"
      text run at (0,10783) width 17: "\x{E44}\x{E14}\x{E49}"
      text run at (0,10805) width 26: "\x{E41}\x{E25}\x{E30}"
      text run at (0,10827) width 28: "\x{E0A}\x{E48}\x{E27}\x{E22}"
      text run at (0,10849) width 24: "\x{E40}\x{E18}\x{E2D}"
      text run at (0,10871) width 19: "\x{E43}\x{E2B}\x{E49}"
      text run at (0,10893) width 21: "\x{E1E}\x{E49}\x{E19}"
      text run at (0,10915) width 27: "\x{E08}\x{E32}\x{E01}"
      text run at (0,10937) width 35: "\x{E01}\x{E32}\x{E23}\x{E01}"
      text run at (0,10959) width 28: "\x{E25}\x{E32}\x{E22}"
      text run at (0,10981) width 26: "\x{E40}\x{E1B}\x{E47}\x{E19}"
      text run at (0,11003) width 10: "\x{E2A}\x{E35}"
      text run at (0,11025) width 24: "\x{E40}\x{E17}\x{E32}"
      text run at (0,11047) width 31: "\x{E2B}\x{E21}\x{E48}\x{E19}"
      text run at (0,11069) width 45: "\x{E40}\x{E2B}\x{E21}\x{E37}\x{E2D}\x{E19}"
      text run at (0,11091) width 21: "\x{E01}\x{E31}\x{E1A}"
      text run at (0,11113) width 18: "\x{E2A}\x{E34}\x{E48}\x{E07}"
      text run at (0,11135) width 28: "\x{E23}\x{E2D}\x{E1A}"
      text run at (0,11157) width 19: "\x{E15}\x{E31}\x{E27}"
      text run at (0,11179) width 29: "\x{E2D}\x{E37}\x{E48}\x{E19}\x{E46}"
      text run at (0,11201) width 19: "\x{E42}\x{E15}"
      text run at (0,11223) width 19: "\x{E42}\x{E15}\x{E49}"
      text run at (0,11245) width 10: "\x{E2A}\x{E35}"
      text run at (0,11267) width 17: "\x{E44}\x{E21}\x{E48}"
      text run at (0,11289) width 24: "\x{E40}\x{E17}\x{E32}"
      text run at (0,11311) width 31: "\x{E2B}\x{E21}\x{E48}\x{E19}"
      text run at (0,11333) width 20: "\x{E41}\x{E15}\x{E48}"
      text run at (0,11355) width 20: "\x{E21}\x{E31}\x{E19}"
      text run at (0,11377) width 26: "\x{E40}\x{E1B}\x{E47}\x{E19}"
      text run at (0,11399) width 29: "\x{E2B}\x{E21}\x{E32}"
      text run at (0,11421) width 10: "\x{E2A}\x{E35}"
      text run at (0,11443) width 19: "\x{E14}\x{E33}"
      text run at (0,11465) width 19: "\x{E15}\x{E31}\x{E27}"
      text run at (0,11487) width 39: "\x{E19}\x{E49}\x{E2D}\x{E22}\x{E46}"
      text run at (0,11509) width 20: "\x{E02}\x{E19}"
      text run at (0,11531) width 27: "\x{E22}\x{E32}\x{E27}"
      text run at (0,11553) width 21: "\x{E1B}\x{E38}\x{E22}"
      text run at (0,11575) width 44: "\x{E23}\x{E32}\x{E27}\x{E01}\x{E31}\x{E1A}"
      text run at (0,11597) width 27: "\x{E44}\x{E2B}\x{E21}"
      text run at (0,11619) width 11: "\x{E21}\x{E35}"
      text run at (0,11641) width 19: "\x{E15}\x{E32}"
      text run at (0,11663) width 19: "\x{E14}\x{E33}"
      text run at (0,11685) width 24: "\x{E40}\x{E25}\x{E47}\x{E01}"
      text run at (0,11707) width 26: "\x{E40}\x{E1B}\x{E47}\x{E19}"
      text run at (0,11729) width 53: "\x{E1B}\x{E23}\x{E30}\x{E01}\x{E32}\x{E22}"
      text run at (0,11751) width 38: "\x{E23}\x{E37}\x{E48}\x{E19}\x{E40}\x{E23}\x{E34}\x{E07}"
      text run at (0,11773) width 20: "\x{E2D}\x{E22}\x{E39}\x{E48}"
      text run at (0,11795) width 27: "\x{E2A}\x{E2D}\x{E07}"
      text run at (0,11817) width 25: "\x{E02}\x{E49}\x{E32}\x{E07}"
      text run at (0,11839) width 29: "\x{E08}\x{E21}\x{E39}\x{E01}"
      text run at (0,11861) width 24: "\x{E40}\x{E25}\x{E47}\x{E01}"
      text run at (0,11883) width 20: "\x{E2D}\x{E31}\x{E19}"
      text run at (0,11905) width 19: "\x{E19}\x{E48}\x{E32}"
      text run at (0,11927) width 20: "\x{E02}\x{E31}\x{E19}"
      text run at (0,11949) width 27: "\x{E02}\x{E2D}\x{E07}"
      text run at (0,11971) width 20: "\x{E21}\x{E31}\x{E19}"
      text run at (0,11993) width 19: "\x{E42}\x{E15}"
      text run at (0,12015) width 19: "\x{E42}\x{E15}\x{E49}"
      text run at (0,12037) width 25: "\x{E40}\x{E25}\x{E48}\x{E19}"
      text run at (0,12059) width 18: "\x{E17}\x{E31}\x{E49}\x{E07}"
      text run at (0,12081) width 19: "\x{E27}\x{E31}\x{E19}"
      text run at (0,12103) width 26: "\x{E41}\x{E25}\x{E30}"
      text run at (0,12125) width 19: "\x{E42}\x{E14}"
      text run at (0,12147) width 25: "\x{E42}\x{E23}\x{E18}\x{E35}"
      text run at (0,12169) width 10: "\x{E01}\x{E47}"
      text run at (0,12191) width 25: "\x{E40}\x{E25}\x{E48}\x{E19}"
      text run at (0,12213) width 21: "\x{E01}\x{E31}\x{E1A}"
      text run at (0,12235) width 20: "\x{E21}\x{E31}\x{E19}"
      text run at (0,12257) width 26: "\x{E41}\x{E25}\x{E30}"
      text run at (0,12279) width 18: "\x{E23}\x{E31}\x{E01}"
      text run at (0,12301) width 20: "\x{E21}\x{E31}\x{E19}"
      text run at (0,12323) width 34: "\x{E40}\x{E2B}\x{E25}\x{E37}\x{E2D}"
      text run at (0,12345) width 25: "\x{E40}\x{E01}\x{E34}\x{E19}"
      text run at (0,12367) width 50: "\x{E2D}\x{E22}\x{E48}\x{E32}\x{E07}\x{E44}\x{E23}"
      text run at (0,12389) width 38: "\x{E01}\x{E47}\x{E15}\x{E32}\x{E21}"
      text run at (0,12411) width 19: "\x{E27}\x{E31}\x{E19}"
      text run at (0,12433) width 10: "\x{E19}\x{E35}\x{E49}"
      text run at (0,12455) width 18: "\x{E17}\x{E31}\x{E49}\x{E07}"
      text run at (0,12477) width 11: "\x{E04}\x{E39}\x{E48}"
      text run at (0,12499) width 17: "\x{E44}\x{E21}\x{E48}"
      text run at (0,12521) width 17: "\x{E44}\x{E14}\x{E49}"
      text run at (0,12543) width 25: "\x{E40}\x{E25}\x{E48}\x{E19}"
      text run at (0,12565) width 17: "\x{E25}\x{E38}\x{E07}"
      text run at (0,12587) width 15: "\x{E40}\x{E2E}"
      text run at (0,12609) width 18: "\x{E19}\x{E23}\x{E35}"
      text run at (0,12631) width 18: "\x{E19}\x{E31}\x{E48}\x{E07}"
      text run at (0,12653) width 20: "\x{E2D}\x{E22}\x{E39}\x{E48}"
      text run at (0,12675) width 11: "\x{E17}\x{E35}\x{E48}"
      text run at (0,12697) width 38: "\x{E1A}\x{E31}\x{E19}\x{E44}\x{E14}"
      text run at (0,12719) width 36: "\x{E1B}\x{E23}\x{E30}\x{E15}\x{E39}"
      text run at (0,12741) width 26: "\x{E41}\x{E25}\x{E30}"
      text run at (0,12763) width 23: "\x{E40}\x{E1D}\x{E49}\x{E32}"
      text run at (0,12785) width 35: "\x{E01}\x{E31}\x{E07}\x{E27}\x{E25}"
      text run at (0,12807) width 26: "\x{E08}\x{E49}\x{E2D}\x{E07}"
      text run at (0,12829) width 11: "\x{E14}\x{E39}"
      text run at (0,12851) width 46: "\x{E17}\x{E49}\x{E2D}\x{E07}\x{E1F}\x{E49}\x{E32}"
      text run at (0,12873) width 10: "\x{E2A}\x{E35}"
      text run at (0,12895) width 24: "\x{E40}\x{E17}\x{E32}"
      text run at (0,12917) width 31: "\x{E2B}\x{E21}\x{E48}\x{E19}"
      text run at (0,12939) width 20: "\x{E1C}\x{E34}\x{E14}"
      text run at (0,12961) width 31: "\x{E1B}\x{E01}\x{E15}\x{E34}"
      text run at (0,12983) width 19: "\x{E42}\x{E14}"
      text run at (0,13005) width 25: "\x{E42}\x{E23}\x{E18}\x{E35}"
      text run at (0,13027) width 20: "\x{E22}\x{E37}\x{E19}"
      text run at (0,13049) width 11: "\x{E17}\x{E35}\x{E48}"
      text run at (0,13071) width 36: "\x{E1B}\x{E23}\x{E30}\x{E15}\x{E39}"
      text run at (0,13093) width 29: "\x{E01}\x{E2D}\x{E14}"
      text run at (0,13115) width 19: "\x{E42}\x{E15}"
      text run at (0,13137) width 19: "\x{E42}\x{E15}\x{E49}"
      text run at (0,13159) width 15: "\x{E44}\x{E27}\x{E49}"
      text run at (0,13181) width 19: "\x{E43}\x{E19}"
      text run at (0,13203) width 29: "\x{E2D}\x{E49}\x{E2D}\x{E21}"
      text run at (0,13225) width 29: "\x{E41}\x{E02}\x{E19}"
      text run at (0,13247) width 26: "\x{E41}\x{E25}\x{E30}"
      text run at (0,13269) width 10: "\x{E01}\x{E47}"
      text run at (0,13291) width 27: "\x{E21}\x{E2D}\x{E07}"
      text run at (0,13313) width 11: "\x{E14}\x{E39}"
      text run at (0,13335) width 46: "\x{E17}\x{E49}\x{E2D}\x{E07}\x{E1F}\x{E49}\x{E32}"
      text run at (0,13357) width 20: "\x{E2D}\x{E22}\x{E39}\x{E48}"
      text run at (0,13379) width 45: "\x{E40}\x{E2B}\x{E21}\x{E37}\x{E2D}\x{E19}"
      text run at (0,13401) width 20: "\x{E01}\x{E31}\x{E19}"
      text run at (0,13423) width 19: "\x{E1B}\x{E49}\x{E32}"
      text run at (0,13445) width 15: "\x{E40}\x{E2D}\x{E47}"
      text run at (0,13467) width 28: "\x{E21}\x{E01}\x{E33}"
      text run at (0,13489) width 17: "\x{E25}\x{E31}\x{E07}"
      text run at (0,13511) width 26: "\x{E25}\x{E49}\x{E32}\x{E07}"
      text run at (0,13533) width 28: "\x{E0A}\x{E32}\x{E21}"
      text run at (0,13555) width 20: "\x{E2D}\x{E22}\x{E39}\x{E48}"
      text run at (0,13577) width 27: "\x{E08}\x{E32}\x{E01}"
      text run at (0,13599) width 29: "\x{E14}\x{E49}\x{E32}\x{E19}"
      text run at (0,13621) width 35: "\x{E40}\x{E2B}\x{E19}\x{E37}\x{E2D}"
      text run at (0,13643) width 26: "\x{E44}\x{E01}\x{E25}"
      text run at (0,13665) width 29: "\x{E2D}\x{E2D}\x{E01}"
      text run at (0,13687) width 18: "\x{E44}\x{E1B}"
      text run at (0,13709) width 11: "\x{E21}\x{E35}"
      text run at (0,13731) width 32: "\x{E40}\x{E2A}\x{E35}\x{E22}\x{E07}"
      text run at (0,13753) width 20: "\x{E25}\x{E21}"
      text run at (0,13775) width 34: "\x{E04}\x{E23}\x{E32}\x{E07}"
      text run at (0,13797) width 27: "\x{E41}\x{E1C}\x{E48}\x{E27}"
      text run at (0,13819) width 24: "\x{E40}\x{E1A}\x{E32}"
      text run at (0,13841) width 37: "\x{E44}\x{E14}\x{E49}\x{E22}\x{E34}\x{E19}"
      text run at (0,13863) width 19: "\x{E21}\x{E32}"
      text run at (0,13885) width 17: "\x{E25}\x{E38}\x{E07}"
      text run at (0,13907) width 15: "\x{E40}\x{E2E}"
      text run at (0,13929) width 18: "\x{E19}\x{E23}\x{E35}"
      text run at (0,13951) width 26: "\x{E41}\x{E25}\x{E30}"
      text run at (0,13973) width 19: "\x{E42}\x{E14}"
      text run at (0,13995) width 25: "\x{E42}\x{E23}\x{E18}\x{E35}"
      text run at (0,14017) width 26: "\x{E40}\x{E2B}\x{E47}\x{E19}"
      text run at (0,14039) width 20: "\x{E15}\x{E49}\x{E19}"
      text run at (0,14061) width 32: "\x{E2B}\x{E0D}\x{E49}\x{E32}"
      text run at (0,14083) width 18: "\x{E2A}\x{E39}\x{E07}"
      text run at (0,14105) width 25: "\x{E40}\x{E2D}\x{E19}"
      text run at (0,14127) width 26: "\x{E40}\x{E1B}\x{E47}\x{E19}"
      text run at (0,14149) width 30: "\x{E04}\x{E25}\x{E37}\x{E48}\x{E19}"
      text run at (0,14171) width 29: "\x{E01}\x{E48}\x{E2D}\x{E19}"
      text run at (0,14193) width 11: "\x{E17}\x{E35}\x{E48}"
      text run at (0,14215) width 29: "\x{E1E}\x{E32}\x{E22}\x{E38}"
      text run at (0,14237) width 16: "\x{E08}\x{E30}"
      text run at (0,14259) width 19: "\x{E21}\x{E32}"
      text run at (0,14281) width 18: "\x{E16}\x{E36}\x{E07}"
      text run at (0,14303) width 27: "\x{E41}\x{E25}\x{E49}\x{E27}"
      text run at (0,14325) width 10: "\x{E01}\x{E47}"
      text run at (0,14347) width 11: "\x{E21}\x{E35}"
      text run at (0,14369) width 32: "\x{E40}\x{E2A}\x{E35}\x{E22}\x{E07}"
      text run at (0,14391) width 29: "\x{E2B}\x{E27}\x{E35}\x{E14}"
      text run at (0,14413) width 27: "\x{E2B}\x{E27}\x{E34}\x{E27}"
      text run at (0,14435) width 43: "\x{E0A}\x{E31}\x{E14}\x{E40}\x{E08}\x{E19}"
      text run at (0,14457) width 19: "\x{E21}\x{E32}"
      text run at (0,14479) width 27: "\x{E08}\x{E32}\x{E01}"
      text run at (0,14501) width 72: "\x{E1A}\x{E23}\x{E23}\x{E22}\x{E32}\x{E01}\x{E32}\x{E28}"
      text run at (0,14523) width 26: "\x{E17}\x{E32}\x{E07}"
      text run at (0,14545) width 19: "\x{E43}\x{E15}\x{E49}"
      text run at (0,14567) width 26: "\x{E41}\x{E25}\x{E30}"
      text run at (0,14589) width 25: "\x{E40}\x{E21}\x{E37}\x{E48}\x{E2D}"
      text run at (0,14611) width 45: "\x{E40}\x{E2B}\x{E25}\x{E37}\x{E2D}\x{E1A}"
      text run at (0,14633) width 19: "\x{E15}\x{E32}"
      text run at (0,14655) width 18: "\x{E44}\x{E1B}"
      text run at (0,14677) width 26: "\x{E17}\x{E32}\x{E07}"
      text run at (0,14699) width 29: "\x{E14}\x{E49}\x{E32}\x{E19}"
      text run at (0,14721) width 20: "\x{E19}\x{E31}\x{E49}\x{E19}"
      text run at (0,14743) width 10: "\x{E01}\x{E47}"
      text run at (0,14765) width 26: "\x{E40}\x{E2B}\x{E47}\x{E19}"
      text run at (0,14787) width 30: "\x{E04}\x{E25}\x{E37}\x{E48}\x{E19}"
      text run at (0,14809) width 32: "\x{E2B}\x{E0D}\x{E49}\x{E32}"
      text run at (0,14831) width 19: "\x{E21}\x{E32}"
      text run at (0,14853) width 26: "\x{E17}\x{E32}\x{E07}"
      text run at (0,14875) width 29: "\x{E14}\x{E49}\x{E32}\x{E19}"
      text run at (0,14897) width 20: "\x{E19}\x{E31}\x{E49}\x{E19}"
      text run at (0,14919) width 29: "\x{E14}\x{E49}\x{E27}\x{E22}"
      text run at (0,14941) width 17: "\x{E25}\x{E38}\x{E07}"
      text run at (0,14963) width 15: "\x{E40}\x{E2E}"
      text run at (0,14985) width 18: "\x{E19}\x{E23}\x{E35}"
      text run at (0,15007) width 20: "\x{E1C}\x{E38}\x{E14}"
      text run at (0,15029) width 19: "\x{E25}\x{E38}\x{E01}"
      text run at (0,15051) width 20: "\x{E02}\x{E36}\x{E49}\x{E19}"
      text run at (0,15073) width 39: "\x{E17}\x{E31}\x{E19}\x{E43}\x{E14}"
      text run at (0,15095) width 26: "\"\x{E25}\x{E21}"
      text run at (0,15117) width 54: "\x{E44}\x{E0B}\x{E42}\x{E04}\x{E25}\x{E19}"
      text run at (0,15139) width 19: "\x{E21}\x{E32}"
      text run at (0,15161) width 31: "\x{E40}\x{E2D}\x{E47}\x{E21}\""
      text run at (0,15183) width 17: "\x{E25}\x{E38}\x{E07}"
      text run at (0,15205) width 25: "\x{E23}\x{E49}\x{E2D}\x{E07}"
      text run at (0,15227) width 30: "\x{E1A}\x{E2D}\x{E01}"
      text run at (0,15249) width 44: "\x{E20}\x{E23}\x{E23}\x{E22}\x{E32}"
      text run at (0,15271) width 24: "\"\x{E02}\x{E49}\x{E32}"
      text run at (0,15293) width 16: "\x{E08}\x{E30}"
      text run at (0,15315) width 18: "\x{E44}\x{E1B}"
      text run at (0,15337) width 11: "\x{E14}\x{E39}"
      text run at (0,15359) width 28: "\x{E2A}\x{E31}\x{E15}\x{E27}\x{E4C}"
      text run at (0,15381) width 32: "\x{E40}\x{E25}\x{E35}\x{E49}\x{E22}\x{E07}"
      text run at (0,15403) width 46: "\x{E2B}\x{E19}\x{E48}\x{E2D}\x{E22}\""
      text run at (0,15425) width 27: "\x{E41}\x{E25}\x{E49}\x{E27}"
      text run at (0,15447) width 17: "\x{E25}\x{E38}\x{E07}"
      text run at (0,15469) width 10: "\x{E01}\x{E47}"
      text run at (0,15491) width 16: "\x{E27}\x{E34}\x{E48}\x{E07}"
      text run at (0,15513) width 18: "\x{E44}\x{E1B}"
      text run at (0,15535) width 18: "\x{E22}\x{E31}\x{E07}"
      text run at (0,15557) width 24: "\x{E40}\x{E1E}\x{E34}\x{E07}"
      text run at (0,15579) width 11: "\x{E17}\x{E35}\x{E48}"
      text run at (0,15601) width 17: "\x{E27}\x{E31}\x{E27}"
      text run at (0,15623) width 26: "\x{E41}\x{E25}\x{E30}"
      text run at (0,15645) width 19: "\x{E21}\x{E49}\x{E32}"
      text run at (0,15667) width 38: "\x{E2D}\x{E32}\x{E28}\x{E31}\x{E22}"
      text run at (0,15689) width 20: "\x{E2D}\x{E22}\x{E39}\x{E48}"
      text run at (0,15711) width 19: "\x{E1B}\x{E49}\x{E32}"
      text run at (0,15733) width 25: "\x{E40}\x{E2D}\x{E47}\x{E21}"
      text run at (0,15755) width 30: "\x{E2B}\x{E22}\x{E38}\x{E14}"
      text run at (0,15777) width 45: "\x{E17}\x{E33}\x{E07}\x{E32}\x{E19}"
      text run at (0,15799) width 26: "\x{E41}\x{E25}\x{E30}"
      text run at (0,15821) width 19: "\x{E21}\x{E32}"
      text run at (0,15843) width 11: "\x{E17}\x{E35}\x{E48}"
      text run at (0,15865) width 36: "\x{E1B}\x{E23}\x{E30}\x{E15}\x{E39}"
      text run at (0,15887) width 34: "\x{E40}\x{E1E}\x{E35}\x{E22}\x{E07}"
      text run at (0,15909) width 46: "\x{E0A}\x{E32}\x{E22}\x{E15}\x{E32}"
      text run at (0,15931) width 27: "\x{E21}\x{E2D}\x{E07}"
      text run at (0,15953) width 19: "\x{E1B}\x{E49}\x{E32}"
      text run at (0,15975) width 10: "\x{E01}\x{E47}"
      text run at (0,15997) width 30: "\x{E1A}\x{E2D}\x{E01}"
      text run at (0,16019) width 17: "\x{E44}\x{E14}\x{E49}"
      text run at (0,16041) width 17: "\x{E27}\x{E48}\x{E32}"
      text run at (0,16063) width 55: "\x{E2D}\x{E31}\x{E19}\x{E15}\x{E23}\x{E32}\x{E22}"
      text run at (0,16085) width 19: "\x{E21}\x{E32}"
      text run at (0,16107) width 18: "\x{E16}\x{E36}\x{E07}"
      text run at (0,16129) width 27: "\x{E41}\x{E25}\x{E49}\x{E27}"
      text run at (0,16151) width 28: "\"\x{E40}\x{E23}\x{E47}\x{E27}"
      text run at (0,16173) width 19: "\x{E42}\x{E14}"
      text run at (0,16195) width 37: "\x{E42}\x{E23}\x{E18}\x{E35}!\""
      text run at (0,16217) width 19: "\x{E1B}\x{E49}\x{E32}"
      text run at (0,16239) width 45: "\x{E15}\x{E30}\x{E42}\x{E01}\x{E19}"
      text run at (0,16261) width 23: "\"\x{E27}\x{E34}\x{E48}\x{E07}"
      text run at (0,16283) width 18: "\x{E44}\x{E1B}"
      text run at (0,16305) width 27: "\x{E2B}\x{E49}\x{E2D}\x{E07}"
      text run at (0,16327) width 45: "\x{E43}\x{E15}\x{E49}\x{E16}\x{E38}\x{E19}\""
      text run at (0,16349) width 19: "\x{E42}\x{E15}"
      text run at (0,16371) width 19: "\x{E42}\x{E15}\x{E49}"
      text run at (0,16393) width 29: "\x{E1C}\x{E25}\x{E38}\x{E19}"
      text run at (0,16415) width 53: "\x{E01}\x{E23}\x{E30}\x{E42}\x{E14}\x{E14}"
      text run at (0,16437) width 17: "\x{E25}\x{E07}"
      text run at (0,16459) width 27: "\x{E08}\x{E32}\x{E01}"
      text run at (0,16481) width 29: "\x{E2D}\x{E49}\x{E2D}\x{E21}"
      text run at (0,16503) width 29: "\x{E41}\x{E02}\x{E19}"
      text run at (0,16525) width 19: "\x{E42}\x{E14}"
      text run at (0,16547) width 25: "\x{E42}\x{E23}\x{E18}\x{E35}"
      text run at (0,16569) width 27: "\x{E41}\x{E25}\x{E49}\x{E27}"
      text run at (0,16591) width 40: "\x{E40}\x{E02}\x{E49}\x{E32}\x{E44}\x{E1B}"
      text run at (0,16613) width 29: "\x{E0B}\x{E48}\x{E2D}\x{E19}"
      text run at (0,16635) width 20: "\x{E2D}\x{E22}\x{E39}\x{E48}"
      text run at (0,16657) width 19: "\x{E43}\x{E15}\x{E49}"
      text run at (0,16679) width 33: "\x{E40}\x{E15}\x{E35}\x{E22}\x{E07}"
      text run at (0,16701) width 25: "\x{E40}\x{E14}\x{E47}\x{E01}"
      text run at (0,16723) width 31: "\x{E2B}\x{E0D}\x{E34}\x{E07}"
      text run at (0,16745) width 29: "\x{E19}\x{E49}\x{E2D}\x{E22}"
      text run at (0,16767) width 40: "\x{E40}\x{E02}\x{E49}\x{E32}\x{E44}\x{E1B}"
      text run at (0,16789) width 18: "\x{E14}\x{E36}\x{E07}"
      text run at (0,16811) width 20: "\x{E21}\x{E31}\x{E19}"
      text run at (0,16833) width 29: "\x{E2D}\x{E2D}\x{E01}"
      text run at (0,16855) width 19: "\x{E21}\x{E32}"
      text run at (0,16877) width 19: "\x{E1B}\x{E49}\x{E32}"
      text run at (0,16899) width 15: "\x{E40}\x{E2D}\x{E47}"
      text run at (0,16921) width 20: "\x{E21}\x{E01}"
      text run at (0,16943) width 15: "\x{E23}\x{E30}"
      text run at (0,16965) width 28: "\x{E0A}\x{E32}\x{E01}"
      text run at (0,16987) width 18: "\x{E1D}\x{E32}"
      text run at (0,17009) width 11: "\x{E17}\x{E35}\x{E48}"
      text run at (0,17031) width 21: "\x{E1E}\x{E37}\x{E49}\x{E19}"
      text run at (0,17053) width 29: "\x{E2D}\x{E2D}\x{E01}"
      text run at (0,17075) width 35: "\x{E2D}\x{E22}\x{E48}\x{E32}\x{E07}"
      text run at (0,17097) width 19: "\x{E2D}\x{E01}"
      text run at (0,17119) width 20: "\x{E2A}\x{E31}\x{E48}\x{E19}"
      text run at (0,17141) width 31: "\x{E02}\x{E27}\x{E31}\x{E0D}"
      text run at (0,17163) width 28: "\x{E2B}\x{E32}\x{E22}"
      text run at (0,17185) width 21: "\x{E1B}\x{E35}\x{E19}"
      text run at (0,17207) width 38: "\x{E1A}\x{E31}\x{E19}\x{E44}\x{E14}"
      text run at (0,17229) width 17: "\x{E44}\x{E21}\x{E49}"
      text run at (0,17251) width 17: "\x{E25}\x{E07}"
      text run at (0,17273) width 18: "\x{E44}\x{E1B}"
      text run at (0,17295) width 19: "\x{E43}\x{E19}"
      text run at (0,17317) width 35: "\x{E42}\x{E1E}\x{E23}\x{E07}"
      text run at (0,17339) width 24: "\x{E40}\x{E25}\x{E47}\x{E01}"
      text run at (0,17361) width 20: "\x{E2D}\x{E31}\x{E19}"
      text run at (0,17383) width 21: "\x{E21}\x{E37}\x{E14}"
      text run at (0,17405) width 21: "\x{E17}\x{E36}\x{E1A}"
      text run at (0,17427) width 19: "\x{E42}\x{E14}"
      text run at (0,17449) width 25: "\x{E42}\x{E23}\x{E18}\x{E35}"
      text run at (0,17471) width 19: "\x{E08}\x{E31}\x{E1A}"
      text run at (0,17493) width 19: "\x{E42}\x{E15}"
      text run at (0,17515) width 19: "\x{E42}\x{E15}\x{E49}"
      text run at (0,17537) width 17: "\x{E44}\x{E14}\x{E49}"
      text run at (0,17559) width 19: "\x{E43}\x{E19}"
      text run at (0,17581) width 30: "\x{E17}\x{E35}\x{E48}\x{E2A}\x{E38}\x{E14}"
      text run at (0,17603) width 26: "\x{E41}\x{E25}\x{E30}"
      text run at (0,17625) width 16: "\x{E27}\x{E34}\x{E48}\x{E07}"
      text run at (0,17647) width 29: "\x{E15}\x{E32}\x{E21}"
      text run at (0,17669) width 19: "\x{E1B}\x{E49}\x{E32}"
      text run at (0,17691) width 24: "\x{E40}\x{E18}\x{E2D}"
      text run at (0,17713) width 18: "\x{E44}\x{E1B}"
      text run at (0,17735) width 25: "\x{E40}\x{E21}\x{E37}\x{E48}\x{E2D}"
      text run at (0,17757) width 24: "\x{E40}\x{E18}\x{E2D}"
      text run at (0,17779) width 19: "\x{E21}\x{E32}"
      text run at (0,17801) width 17: "\x{E44}\x{E14}\x{E49}"
      text run at (0,17823) width 26: "\x{E04}\x{E23}\x{E36}\x{E48}\x{E07}"
      text run at (0,17845) width 27: "\x{E2B}\x{E49}\x{E2D}\x{E07}"
      text run at (0,17867) width 10: "\x{E01}\x{E47}"
      text run at (0,17889) width 11: "\x{E21}\x{E35}"
      text run at (0,17911) width 32: "\x{E40}\x{E2A}\x{E35}\x{E22}\x{E07}"
      text run at (0,17933) width 29: "\x{E2B}\x{E27}\x{E35}\x{E14}"
      text run at (0,17955) width 28: "\x{E2B}\x{E27}\x{E37}\x{E2D}"
      text run at (0,17977) width 28: "\x{E2A}\x{E48}\x{E27}\x{E19}"
      text run at (0,17999) width 29: "\x{E1A}\x{E49}\x{E32}\x{E19}"
      text run at (0,18021) width 10: "\x{E01}\x{E47}"
      text run at (0,18043) width 20: "\x{E2A}\x{E31}\x{E48}\x{E19}"
      text run at (0,18065) width 35: "\x{E2D}\x{E22}\x{E48}\x{E32}\x{E07}"
      text run at (0,18087) width 25: "\x{E41}\x{E23}\x{E07}"
      text run at (0,18109) width 19: "\x{E08}\x{E19}"
      text run at (0,18131) width 24: "\x{E40}\x{E18}\x{E2D}"
      text run at (0,18153) width 20: "\x{E2B}\x{E01}"
      text run at (0,18175) width 36: "\x{E04}\x{E30}\x{E21}\x{E33}"
      text run at (0,18197) width 18: "\x{E19}\x{E31}\x{E48}\x{E07}"
      text run at (0,18219) width 41: "\x{E08}\x{E49}\x{E33}\x{E40}\x{E1A}\x{E49}\x{E32}"
      text run at (0,18241) width 20: "\x{E2D}\x{E22}\x{E39}\x{E48}"
      text run at (0,18263) width 21: "\x{E01}\x{E31}\x{E1A}"
      text run at (0,18285) width 21: "\x{E1E}\x{E37}\x{E49}\x{E19}"
      text run at (0,18307) width 27: "\x{E41}\x{E25}\x{E49}\x{E27}"
      text run at (0,18329) width 18: "\x{E2A}\x{E34}\x{E48}\x{E07}"
      text run at (0,18351) width 63: "\x{E1B}\x{E23}\x{E30}\x{E2B}\x{E25}\x{E32}\x{E14}"
      text run at (0,18373) width 10: "\x{E01}\x{E47}"
      text run at (0,18395) width 25: "\x{E40}\x{E01}\x{E34}\x{E14}"
      text run at (0,18417) width 20: "\x{E02}\x{E36}\x{E49}\x{E19}"
      text run at (0,18439) width 29: "\x{E1A}\x{E49}\x{E32}\x{E19}"
      text run at (0,18461) width 31: "\x{E2B}\x{E21}\x{E38}\x{E19}"
      text run at (0,18483) width 18: "\x{E44}\x{E1B}"
      text run at (0,18505) width 31: "\x{E2B}\x{E21}\x{E38}\x{E19}"
      text run at (0,18527) width 28: "\x{E21}\x{E32}\x{E2A}"
      text run at (0,18549) width 17: "\x{E2D}\x{E07}"
      text run at (0,18571) width 28: "\x{E2A}\x{E32}\x{E21}"
      text run at (0,18593) width 28: "\x{E23}\x{E2D}\x{E1A}"
      text run at (0,18615) width 27: "\x{E41}\x{E25}\x{E49}\x{E27}"
      text run at (0,18637) width 10: "\x{E01}\x{E47}"
      text run at (0,18659) width 29: "\x{E25}\x{E2D}\x{E22}"
      text run at (0,18681) width 20: "\x{E02}\x{E36}\x{E49}\x{E19}"
      text run at (0,18703) width 10: "\x{E2A}\x{E39}\x{E48}"
      text run at (0,18725) width 46: "\x{E2D}\x{E32}\x{E01}\x{E32}\x{E28}"
      text run at (0,18747) width 35: "\x{E2D}\x{E22}\x{E48}\x{E32}\x{E07}"
      text run at (0,18769) width 28: "\x{E0A}\x{E49}\x{E32}\x{E46}"
      text run at (0,18791) width 19: "\x{E42}\x{E14}"
      text run at (0,18813) width 16: "\x{E42}\x{E23}"
      text run at (0,18835) width 17: "\x{E18}\x{E35}\x{E23}\x{E39}\x{E49}"
      text run at (0,18857) width 20: "\x{E2A}\x{E36}\x{E01}"
      text run at (0,18879) width 44: "\x{E23}\x{E32}\x{E27}\x{E01}\x{E31}\x{E1A}"
      text run at (0,18901) width 17: "\x{E27}\x{E48}\x{E32}"
      text run at (0,18923) width 24: "\x{E40}\x{E18}\x{E2D}"
      text run at (0,18945) width 17: "\x{E44}\x{E14}\x{E49}"
      text run at (0,18967) width 20: "\x{E02}\x{E36}\x{E49}\x{E19}"
      text run at (0,18989) width 18: "\x{E44}\x{E1B}"
      text run at (0,19011) width 21: "\x{E01}\x{E31}\x{E1A}"
      text run at (0,19033) width 19: "\x{E25}\x{E39}\x{E01}"
      text run at (0,19055) width 49: "\x{E1A}\x{E2D}\x{E25}\x{E25}\x{E39}\x{E19}"
      text run at (0,19077) width 29: "\x{E1E}\x{E32}\x{E22}\x{E38}"
      text run at (0,19099) width 35: "\x{E40}\x{E2B}\x{E19}\x{E37}\x{E2D}"
      text run at (0,19121) width 21: "\x{E01}\x{E31}\x{E1A}"
      text run at (0,19143) width 29: "\x{E1E}\x{E32}\x{E22}\x{E38}"
      text run at (0,19165) width 19: "\x{E43}\x{E15}\x{E49}"
      text run at (0,19187) width 19: "\x{E21}\x{E32}"
      text run at (0,19209) width 22: "\x{E1E}\x{E1A}"
      text run at (0,19231) width 20: "\x{E01}\x{E31}\x{E19}"
      text run at (0,19253) width 26: "\x{E15}\x{E23}\x{E07}"
      text run at (0,19275) width 11: "\x{E17}\x{E35}\x{E48}"
      text run at (0,19297) width 29: "\x{E1A}\x{E49}\x{E32}\x{E19}"
      text run at (0,19319) width 31: "\x{E1E}\x{E2D}\x{E14}\x{E35}"
      text run at (0,19341) width 26: "\x{E41}\x{E25}\x{E30}"
      text run at (0,19363) width 38: "\x{E17}\x{E33}\x{E43}\x{E2B}\x{E49}"
      text run at (0,19385) width 26: "\x{E15}\x{E23}\x{E07}"
      text run at (0,19407) width 20: "\x{E19}\x{E31}\x{E49}\x{E19}"
      text run at (0,19429) width 26: "\x{E40}\x{E1B}\x{E47}\x{E19}"
      text run at (0,19451) width 83: "\x{E08}\x{E38}\x{E14}\x{E28}\x{E39}\x{E19}\x{E22}\x{E4C}\x{E01}\x{E25}\x{E32}\x{E07}"
      text run at (0,19473) width 27: "\x{E02}\x{E2D}\x{E07}"
      text run at (0,19495) width 29: "\x{E1E}\x{E32}\x{E22}\x{E38}"
      text run at (0,19517) width 54: "\x{E44}\x{E0B}\x{E42}\x{E04}\x{E25}\x{E19}"
      text run at (0,19539) width 29: "\x{E15}\x{E32}\x{E21}"
      text run at (0,19561) width 31: "\x{E1B}\x{E01}\x{E15}\x{E34}"
      text run at (0,19583) width 26: "\x{E15}\x{E23}\x{E07}"
      text run at (0,19605) width 35: "\x{E01}\x{E25}\x{E32}\x{E07}"
      text run at (0,19627) width 29: "\x{E1E}\x{E32}\x{E22}\x{E38}"
      text run at (0,19649) width 54: "\x{E44}\x{E0B}\x{E42}\x{E04}\x{E25}\x{E19}"
      text run at (0,19671) width 46: "\x{E2D}\x{E32}\x{E01}\x{E32}\x{E28}"
      text run at (0,19693) width 16: "\x{E08}\x{E30}"
      text run at (0,19715) width 18: "\x{E19}\x{E34}\x{E48}\x{E07}"
      text run at (0,19737) width 20: "\x{E41}\x{E15}\x{E48}"
      text run at (0,19759) width 37: "\x{E04}\x{E27}\x{E32}\x{E21}"
      text run at (0,19781) width 40: "\x{E01}\x{E14}\x{E14}\x{E31}\x{E19}"
      text run at (0,19803) width 35: "\x{E2D}\x{E22}\x{E48}\x{E32}\x{E07}"
      text run at (0,19825) width 30: "\x{E2B}\x{E19}\x{E31}\x{E01}"
      text run at (0,19847) width 27: "\x{E02}\x{E2D}\x{E07}"
      text run at (0,19869) width 20: "\x{E25}\x{E21}"
      text run at (0,19891) width 20: "\x{E17}\x{E38}\x{E01}"
      text run at (0,19913) width 29: "\x{E14}\x{E49}\x{E32}\x{E19}"
      text run at (0,19935) width 28: "\x{E23}\x{E2D}\x{E1A}"
      text run at (0,19957) width 29: "\x{E1A}\x{E49}\x{E32}\x{E19}"
      text run at (0,19979) width 38: "\x{E17}\x{E33}\x{E43}\x{E2B}\x{E49}"
      text run at (0,20001) width 29: "\x{E1A}\x{E49}\x{E32}\x{E19}"
      text run at (0,20023) width 29: "\x{E25}\x{E2D}\x{E22}"
      text run at (0,20045) width 18: "\x{E2A}\x{E39}\x{E07}"
      text run at (0,20067) width 29: "\x{E02}\x{E36}\x{E49}\x{E19}\x{E46}"
      text run at (0,20089) width 19: "\x{E08}\x{E19}"
      text run at (0,20111) width 42: "\x{E01}\x{E23}\x{E30}\x{E17}\x{E31}\x{E48}\x{E07}"
      text run at (0,20133) width 20: "\x{E02}\x{E36}\x{E49}\x{E19}"
      text run at (0,20155) width 18: "\x{E44}\x{E1B}"
      text run at (0,20177) width 20: "\x{E2D}\x{E22}\x{E39}\x{E48}"
      text run at (0,20199) width 20: "\x{E2A}\x{E38}\x{E14}"
      text run at (0,20221) width 30: "\x{E22}\x{E2D}\x{E14}"
      text run at (0,20243) width 27: "\x{E02}\x{E2D}\x{E07}"
      text run at (0,20265) width 29: "\x{E1E}\x{E32}\x{E22}\x{E38}"
      text run at (0,20287) width 54: "\x{E44}\x{E0B}\x{E42}\x{E04}\x{E25}\x{E19}"
      text run at (0,20309) width 26: "\x{E41}\x{E25}\x{E30}"
      text run at (0,20331) width 27: "\x{E08}\x{E32}\x{E01}"
      text run at (0,20353) width 26: "\x{E15}\x{E23}\x{E07}"
      text run at (0,20375) width 20: "\x{E19}\x{E31}\x{E49}\x{E19}"
      text run at (0,20397) width 10: "\x{E01}\x{E47}"
      text run at (0,20419) width 20: "\x{E16}\x{E39}\x{E01}"
      text run at (0,20441) width 30: "\x{E2B}\x{E2D}\x{E1A}"
      text run at (0,20463) width 18: "\x{E44}\x{E1B}"
      text run at (0,20485) width 38: "\x{E2B}\x{E25}\x{E32}\x{E22}"
      text run at (0,20507) width 27: "\x{E44}\x{E21}\x{E25}\x{E4C}"
      text run at (0,20529) width 54: "\x{E07}\x{E48}\x{E32}\x{E22}\x{E14}\x{E32}\x{E22}"
      text run at (0,20551) width 44: "\x{E23}\x{E32}\x{E27}\x{E01}\x{E31}\x{E1A}"
      text run at (0,20573) width 30: "\x{E2B}\x{E2D}\x{E1A}"
      text run at (0,20595) width 20: "\x{E02}\x{E19}"
      text run at (0,20617) width 20: "\x{E19}\x{E01}"
      text run at (0,20639) width 21: "\x{E21}\x{E37}\x{E14}"
      text run at (0,20661) width 28: "\x{E21}\x{E32}\x{E01}"
      text run at (0,20683) width 27: "\x{E41}\x{E25}\x{E49}\x{E27}"
      text run at (0,20705) width 20: "\x{E25}\x{E21}"
      text run at (0,20727) width 18: "\x{E22}\x{E31}\x{E07}"
      text run at (0,20749) width 18: "\x{E2A}\x{E48}\x{E07}"
      text run at (0,20771) width 32: "\x{E40}\x{E2A}\x{E35}\x{E22}\x{E07}"
      text run at (0,20793) width 29: "\x{E2B}\x{E27}\x{E35}\x{E14}"
      text run at (0,20815) width 28: "\x{E2B}\x{E27}\x{E37}\x{E2D}"
      text run at (0,20837) width 19: "\x{E19}\x{E48}\x{E32}"
      text run at (0,20859) width 28: "\x{E01}\x{E25}\x{E31}\x{E27}"
      text run at (0,20881) width 20: "\x{E2D}\x{E22}\x{E39}\x{E48}"
      text run at (0,20903) width 28: "\x{E23}\x{E2D}\x{E1A}"
      text run at (0,20925) width 19: "\x{E15}\x{E31}\x{E27}"
      text run at (0,20947) width 24: "\x{E40}\x{E18}\x{E2D}"
      text run at (0,20969) width 20: "\x{E41}\x{E15}\x{E48}"
      text run at (0,20991) width 19: "\x{E42}\x{E14}"
      text run at (0,21013) width 25: "\x{E42}\x{E23}\x{E18}\x{E35}"
      text run at (0,21035) width 26: "\x{E40}\x{E2B}\x{E47}\x{E19}"
      text run at (0,21057) width 17: "\x{E27}\x{E48}\x{E32}"
      text run at (0,21079) width 24: "\x{E40}\x{E18}\x{E2D}"
      text run at (0,21101) width 54: "\x{E2A}\x{E32}\x{E21}\x{E32}\x{E23}\x{E16}"
      text run at (0,21123) width 18: "\x{E19}\x{E31}\x{E48}\x{E07}"
      text run at (0,21145) width 18: "\x{E44}\x{E1B}"
      text run at (0,21167) width 17: "\x{E44}\x{E14}\x{E49}"
      text run at (0,21189) width 35: "\x{E2D}\x{E22}\x{E48}\x{E32}\x{E07}"
      text run at (0,21211) width 54: "\x{E07}\x{E48}\x{E32}\x{E22}\x{E14}\x{E32}\x{E22}"
      text run at (0,21233) width 20: "\x{E19}\x{E31}\x{E01}"
      text run at (0,21255) width 26: "\x{E04}\x{E23}\x{E31}\x{E49}\x{E07}"
      text run at (0,21277) width 28: "\x{E2B}\x{E19}\x{E36}\x{E48}\x{E07}"
      text run at (0,21299) width 28: "\x{E2B}\x{E25}\x{E31}\x{E07}"
      text run at (0,21321) width 27: "\x{E08}\x{E32}\x{E01}"
      text run at (0,21343) width 11: "\x{E17}\x{E35}\x{E48}"
      text run at (0,21365) width 29: "\x{E1A}\x{E49}\x{E32}\x{E19}"
      text run at (0,21387) width 37: "\x{E2A}\x{E30}\x{E14}\x{E38}\x{E14}"
      text run at (0,21409) width 35: "\x{E2D}\x{E22}\x{E48}\x{E32}\x{E07}"
      text run at (0,21431) width 25: "\x{E41}\x{E23}\x{E07}"
      text run at (0,21453) width 26: "\x{E41}\x{E25}\x{E30}"
      text run at (0,21475) width 31: "\x{E2B}\x{E21}\x{E38}\x{E19}"
      text run at (0,21497) width 18: "\x{E44}\x{E1B}"
      text run at (0,21519) width 37: "\x{E23}\x{E2D}\x{E1A}\x{E46}"
      text run at (0,21541) width 27: "\x{E2A}\x{E2D}\x{E07}"
      text run at (0,21563) width 28: "\x{E2A}\x{E32}\x{E21}"
      text run at (0,21585) width 26: "\x{E04}\x{E23}\x{E31}\x{E49}\x{E07}"
      text run at (0,21607) width 19: "\x{E43}\x{E19}"
      text run at (0,21629) width 30: "\x{E15}\x{E2D}\x{E19}"
      text run at (0,21651) width 27: "\x{E41}\x{E23}\x{E01}"
      text run at (0,21673) width 24: "\x{E40}\x{E18}\x{E2D}"
      text run at (0,21695) width 10: "\x{E01}\x{E47}"
      text run at (0,21717) width 27: "\x{E23}\x{E39}\x{E49}\x{E2A}\x{E36}\x{E01}"
      text run at (0,21739) width 17: "\x{E27}\x{E48}\x{E32}"
      text run at (0,21761) width 19: "\x{E15}\x{E31}\x{E27}"
      text run at (0,21783) width 22: "\x{E40}\x{E2D}\x{E07}"
      text run at (0,21805) width 20: "\x{E16}\x{E39}\x{E01}"
      text run at (0,21827) width 35: "\x{E41}\x{E01}\x{E27}\x{E48}\x{E07}"
      text run at (0,21849) width 35: "\x{E2D}\x{E22}\x{E48}\x{E32}\x{E07}"
      text run at (0,21871) width 27: "\x{E41}\x{E1C}\x{E48}\x{E27}"
      text run at (0,21893) width 24: "\x{E40}\x{E1A}\x{E32}"
      text run at (0,21915) width 24: "\x{E23}\x{E32}\x{E27}"
      text run at (0,21937) width 36: "\x{E17}\x{E32}\x{E23}\x{E01}"
      text run at (0,21959) width 19: "\x{E43}\x{E19}"
      text run at (0,21981) width 25: "\x{E40}\x{E1B}\x{E25}"
      text run at (0,22003) width 19: "\x{E42}\x{E15}"
      text run at (0,22025) width 19: "\x{E42}\x{E15}\x{E49}"
      text run at (0,22047) width 17: "\x{E44}\x{E21}\x{E48}"
      text run at (0,22069) width 47: "\x{E0A}\x{E2D}\x{E1A}\x{E43}\x{E08}"
      text run at (0,22091) width 25: "\x{E40}\x{E25}\x{E22}"
      text run at (0,22113) width 20: "\x{E21}\x{E31}\x{E19}"
      text run at (0,22135) width 16: "\x{E27}\x{E34}\x{E48}\x{E07}"
      text run at (0,22157) width 18: "\x{E44}\x{E1B}"
      text run at (0,22179) width 16: "\x{E27}\x{E34}\x{E48}\x{E07}"
      text run at (0,22201) width 26: "\x{E21}\x{E32}\x{E23}"
      text run at (0,22223) width 20: "\x{E2D}\x{E1A}"
      text run at (0,22245) width 27: "\x{E2B}\x{E49}\x{E2D}\x{E07}"
      text run at (0,22267) width 26: "\x{E17}\x{E32}\x{E07}"
      text run at (0,22289) width 28: "\x{E42}\x{E19}\x{E49}\x{E19}"
      text run at (0,22311) width 11: "\x{E17}\x{E35}"
      text run at (0,22333) width 26: "\x{E17}\x{E32}\x{E07}"
      text run at (0,22355) width 10: "\x{E19}\x{E35}\x{E49}"
      text run at (0,22377) width 11: "\x{E17}\x{E35}"
      text run at (0,22399) width 18: "\x{E2A}\x{E48}\x{E07}"
      text run at (0,22421) width 32: "\x{E40}\x{E2A}\x{E35}\x{E22}\x{E07}"
      text run at (0,22443) width 24: "\x{E40}\x{E2B}\x{E48}\x{E32}"
      text run at (0,22465) width 18: "\x{E14}\x{E31}\x{E07}"
      text run at (0,22487) width 27: "\x{E01}\x{E49}\x{E2D}\x{E07}"
      text run at (0,22509) width 20: "\x{E41}\x{E15}\x{E48}"
      text run at (0,22531) width 19: "\x{E42}\x{E14}"
      text run at (0,22553) width 25: "\x{E42}\x{E23}\x{E18}\x{E35}"
      text run at (0,22575) width 18: "\x{E19}\x{E31}\x{E48}\x{E07}"
      text run at (0,22597) width 18: "\x{E19}\x{E34}\x{E48}\x{E07}"
      text run at (0,22619) width 20: "\x{E2D}\x{E22}\x{E39}\x{E48}"
      text run at (0,22641) width 21: "\x{E1A}\x{E19}"
      text run at (0,22663) width 21: "\x{E1E}\x{E37}\x{E49}\x{E19}"
      text run at (0,22685) width 23: "\x{E40}\x{E1D}\x{E49}\x{E32}"
      text run at (0,22707) width 30: "\x{E04}\x{E2D}\x{E22}"
      text run at (0,22729) width 11: "\x{E14}\x{E39}"
      text run at (0,22751) width 17: "\x{E27}\x{E48}\x{E32}"
      text run at (0,22773) width 16: "\x{E08}\x{E30}"
      text run at (0,22795) width 25: "\x{E40}\x{E01}\x{E34}\x{E14}"
      text run at (0,22817) width 31: "\x{E2D}\x{E30}\x{E44}\x{E23}"
      text run at (0,22839) width 20: "\x{E02}\x{E36}\x{E49}\x{E19}"
      text run at (0,22861) width 26: "\x{E04}\x{E23}\x{E31}\x{E49}\x{E07}"
      text run at (0,22883) width 28: "\x{E2B}\x{E19}\x{E36}\x{E48}\x{E07}"
      text run at (0,22905) width 19: "\x{E42}\x{E15}"
      text run at (0,22927) width 19: "\x{E42}\x{E15}\x{E49}"
      text run at (0,22949) width 40: "\x{E40}\x{E02}\x{E49}\x{E32}\x{E44}\x{E1B}"
      text run at (0,22971) width 28: "\x{E43}\x{E01}\x{E25}\x{E49}"
      text run at (0,22993) width 18: "\x{E1D}\x{E32}"
      text run at (0,23015) width 11: "\x{E17}\x{E35}\x{E48}"
      text run at (0,23037) width 21: "\x{E1E}\x{E37}\x{E49}\x{E19}"
      text run at (0,23059) width 28: "\x{E21}\x{E32}\x{E01}"
      text run at (0,23081) width 18: "\x{E44}\x{E1B}"
      text run at (0,23103) width 25: "\x{E40}\x{E25}\x{E22}"
      text run at (0,23125) width 31: "\x{E1E}\x{E25}\x{E31}\x{E14}"
      text run at (0,23147) width 37: "\x{E15}\x{E01}\x{E25}\x{E07}"
      text run at (0,23169) width 18: "\x{E44}\x{E1B}"
      text run at (0,23191) width 11: "\x{E17}\x{E35}"
      text run at (0,23213) width 27: "\x{E41}\x{E23}\x{E01}"
      text run at (0,23235) width 25: "\x{E40}\x{E14}\x{E47}\x{E01}"
      text run at (0,23257) width 31: "\x{E2B}\x{E0D}\x{E34}\x{E07}"
      text run at (0,23279) width 21: "\x{E04}\x{E34}\x{E14}"
      text run at (0,23301) width 17: "\x{E27}\x{E48}\x{E32}"
      text run at (0,23323) width 24: "\x{E40}\x{E18}\x{E2D}"
      text run at (0,23345) width 16: "\x{E08}\x{E30}"
      text run at (0,23367) width 23: "\x{E2A}\x{E39}\x{E0D}"
      text run at (0,23389) width 25: "\x{E40}\x{E2A}\x{E35}\x{E22}"
      text run at (0,23411) width 20: "\x{E21}\x{E31}\x{E19}"
      text run at (0,23433) width 18: "\x{E44}\x{E1B}"
      text run at (0,23455) width 25: "\x{E40}\x{E2A}\x{E35}\x{E22}"
      text run at (0,23477) width 27: "\x{E41}\x{E25}\x{E49}\x{E27}"
      text run at (0,23499) width 20: "\x{E41}\x{E15}\x{E48}"
      text run at (0,23521) width 18: "\x{E0A}\x{E31}\x{E48}\x{E27}"
      text run at (0,23543) width 18: "\x{E04}\x{E23}\x{E39}\x{E48}"
      text run at (0,23565) width 24: "\x{E40}\x{E18}\x{E2D}"
      text run at (0,23587) width 10: "\x{E01}\x{E47}"
      text run at (0,23609) width 26: "\x{E40}\x{E2B}\x{E47}\x{E19}"
      text run at (0,23631) width 11: "\x{E2B}\x{E39}"
      text run at (0,23653) width 27: "\x{E02}\x{E2D}\x{E07}"
      text run at (0,23675) width 20: "\x{E21}\x{E31}\x{E19}"
      text run at (0,23697) width 28: "\x{E42}\x{E1C}\x{E25}\x{E48}"
      text run at (0,23719) width 20: "\x{E02}\x{E36}\x{E49}\x{E19}"
      text run at (0,23741) width 19: "\x{E21}\x{E32}"
      text run at (0,23763) width 27: "\x{E08}\x{E32}\x{E01}"
      text run at (0,23785) width 27: "\x{E0A}\x{E48}\x{E2D}\x{E07}"
      text run at (0,23807) width 20: "\x{E19}\x{E31}\x{E49}\x{E19}"
      text run at (0,23829) width 28: "\x{E17}\x{E31}\x{E49}\x{E07}\x{E19}\x{E35}\x{E49}"
      text run at (0,23851) width 39: "\x{E40}\x{E1E}\x{E23}\x{E32}\x{E30}"
      text run at (0,23873) width 25: "\x{E41}\x{E23}\x{E07}"
      text run at (0,23895) width 20: "\x{E01}\x{E14}"
      text run at (0,23917) width 35: "\x{E2D}\x{E22}\x{E48}\x{E32}\x{E07}"
      text run at (0,23939) width 30: "\x{E2B}\x{E19}\x{E31}\x{E01}"
      text run at (0,23961) width 27: "\x{E02}\x{E2D}\x{E07}"
      text run at (0,23983) width 46: "\x{E2D}\x{E32}\x{E01}\x{E32}\x{E28}"
      text run at (0,24005) width 38: "\x{E17}\x{E33}\x{E43}\x{E2B}\x{E49}"
      text run at (0,24027) width 19: "\x{E42}\x{E15}"
      text run at (0,24049) width 19: "\x{E42}\x{E15}\x{E49}"
      text run at (0,24071) width 17: "\x{E44}\x{E21}\x{E48}"
      text run at (0,24093) width 37: "\x{E15}\x{E01}\x{E25}\x{E07}"
      text run at (0,24115) width 18: "\x{E44}\x{E1B}"
      text run at (0,24137) width 25: "\x{E02}\x{E49}\x{E32}\x{E07}"
      text run at (0,24159) width 26: "\x{E25}\x{E48}\x{E32}\x{E07}"
      text run at (0,24181) width 19: "\x{E42}\x{E14}"
      text run at (0,24203) width 25: "\x{E42}\x{E23}\x{E18}\x{E35}"
      text run at (0,24225) width 38: "\x{E04}\x{E25}\x{E32}\x{E19}"
      text run at (0,24247) width 18: "\x{E44}\x{E1B}"
      text run at (0,24269) width 11: "\x{E17}\x{E35}\x{E48}"
      text run at (0,24291) width 27: "\x{E0A}\x{E48}\x{E2D}\x{E07}"
      text run at (0,24313) width 20: "\x{E19}\x{E31}\x{E49}\x{E19}"
      text run at (0,24335) width 19: "\x{E08}\x{E31}\x{E1A}"
      text run at (0,24357) width 11: "\x{E2B}\x{E39}"
      text run at (0,24379) width 19: "\x{E42}\x{E15}"
      text run at (0,24401) width 19: "\x{E42}\x{E15}\x{E49}"
      text run at (0,24423) width 15: "\x{E44}\x{E27}\x{E49}"
      text run at (0,24445) width 17: "\x{E44}\x{E14}\x{E49}"
      text run at (0,24467) width 26: "\x{E41}\x{E25}\x{E30}"
      text run at (0,24489) width 28: "\x{E25}\x{E32}\x{E01}"
      text run at (0,24511) width 20: "\x{E21}\x{E31}\x{E19}"
      text run at (0,24533) width 19: "\x{E21}\x{E32}"
      text run at (0,24555) width 11: "\x{E17}\x{E35}\x{E48}"
      text run at (0,24577) width 27: "\x{E2B}\x{E49}\x{E2D}\x{E07}"
      text run at (0,24599) width 19: "\x{E2D}\x{E35}\x{E01}"
      text run at (0,24621) width 28: "\x{E2B}\x{E25}\x{E31}\x{E07}"
      text run at (0,24643) width 27: "\x{E08}\x{E32}\x{E01}"
      text run at (0,24665) width 20: "\x{E19}\x{E31}\x{E49}\x{E19}"
      text run at (0,24687) width 10: "\x{E01}\x{E47}"
      text run at (0,24709) width 21: "\x{E1B}\x{E34}\x{E14}"
      text run at (0,24731) width 18: "\x{E1D}\x{E32}"
      text run at (0,24753) width 21: "\x{E1E}\x{E37}\x{E49}\x{E19}"
      text run at (0,24775) width 26: "\x{E40}\x{E1E}\x{E37}\x{E48}\x{E2D}"
      text run at (0,24797) width 16: "\x{E08}\x{E30}"
      text run at (0,24819) width 17: "\x{E44}\x{E14}\x{E49}"
      text run at (0,24841) width 17: "\x{E44}\x{E21}\x{E48}"
      text run at (0,24863) width 25: "\x{E40}\x{E01}\x{E34}\x{E14}"
      text run at (0,24885) width 55: "\x{E2D}\x{E38}\x{E1A}\x{E31}\x{E15}\x{E34}\x{E40}\x{E2B}\x{E15}\x{E38}"
      text run at (0,24907) width 19: "\x{E2D}\x{E35}\x{E01}"
      text run at (0,24929) width 44: "\x{E0A}\x{E31}\x{E48}\x{E27}\x{E42}\x{E21}\x{E07}"
      text run at (0,24951) width 27: "\x{E41}\x{E25}\x{E49}\x{E27}"
      text run at (0,24973) width 44: "\x{E0A}\x{E31}\x{E48}\x{E27}\x{E42}\x{E21}\x{E07}"
      text run at (0,24995) width 23: "\x{E40}\x{E25}\x{E48}\x{E32}"
      text run at (0,25017) width 28: "\x{E1C}\x{E48}\x{E32}\x{E19}"
      text run at (0,25039) width 18: "\x{E44}\x{E1B}"
      text run at (0,25061) width 19: "\x{E42}\x{E14}"
      text run at (0,25083) width 25: "\x{E42}\x{E23}\x{E18}\x{E35}"
      text run at (0,25105) width 39: "\x{E04}\x{E48}\x{E2D}\x{E22}\x{E46}"
      text run at (0,25127) width 28: "\x{E2B}\x{E32}\x{E22}"
      text run at (0,25149) width 28: "\x{E01}\x{E25}\x{E31}\x{E27}"
      text run at (0,25171) width 20: "\x{E41}\x{E15}\x{E48}"
      text run at (0,25193) width 24: "\x{E40}\x{E18}\x{E2D}"
      text run at (0,25215) width 27: "\x{E23}\x{E39}\x{E49}\x{E2A}\x{E36}\x{E01}"
      text run at (0,25237) width 31: "\x{E40}\x{E2B}\x{E07}\x{E32}"
      text run at (0,25259) width 34: "\x{E40}\x{E2B}\x{E25}\x{E37}\x{E2D}"
      text run at (0,25281) width 25: "\x{E40}\x{E01}\x{E34}\x{E19}"
      text run at (0,25303) width 26: "\x{E41}\x{E25}\x{E30}"
      text run at (0,25325) width 20: "\x{E25}\x{E21}"
      text run at (0,25347) width 10: "\x{E01}\x{E47}"
      text run at (0,25369) width 18: "\x{E2A}\x{E48}\x{E07}"
      text run at (0,25391) width 32: "\x{E40}\x{E2A}\x{E35}\x{E22}\x{E07}"
      text run at (0,25413) width 29: "\x{E2B}\x{E27}\x{E35}\x{E14}"
      text run at (0,25435) width 28: "\x{E2B}\x{E27}\x{E37}\x{E2D}"
      text run at (0,25457) width 18: "\x{E14}\x{E31}\x{E07}"
      text run at (0,25479) width 25: "\x{E40}\x{E2A}\x{E35}\x{E22}"
      text run at (0,25501) width 19: "\x{E08}\x{E19}"
      text run at (0,25523) width 24: "\x{E40}\x{E18}\x{E2D}"
      text run at (0,25545) width 30: "\x{E41}\x{E17}\x{E1A}"
      text run at (0,25567) width 16: "\x{E08}\x{E30}"
      text run at (0,25589) width 11: "\x{E2B}\x{E39}"
      text run at (0,25611) width 38: "\x{E2B}\x{E19}\x{E27}\x{E01}"
      text run at (0,25633) width 11: "\x{E17}\x{E35}"
      text run at (0,25655) width 27: "\x{E41}\x{E23}\x{E01}"
      text run at (0,25677) width 24: "\x{E40}\x{E18}\x{E2D}"
      text run at (0,25699) width 37: "\x{E2A}\x{E07}\x{E2A}\x{E31}\x{E22}"
      text run at (0,25721) width 17: "\x{E27}\x{E48}\x{E32}"
      text run at (0,25743) width 34: "\x{E04}\x{E07}\x{E08}\x{E30}"
      text run at (0,25765) width 20: "\x{E16}\x{E39}\x{E01}"
      text run at (0,25787) width 20: "\x{E09}\x{E35}\x{E01}"
      text run at (0,25809) width 52: "\x{E01}\x{E23}\x{E30}\x{E0A}\x{E32}\x{E01}"
      text run at (0,25831) width 29: "\x{E2D}\x{E2D}\x{E01}"
      text run at (0,25853) width 26: "\x{E40}\x{E1B}\x{E47}\x{E19}"
      text run at (0,25875) width 20: "\x{E0A}\x{E34}\x{E49}\x{E19}"
      text run at (0,25897) width 24: "\x{E40}\x{E25}\x{E47}\x{E01}"
      text run at (0,25919) width 20: "\x{E0A}\x{E34}\x{E49}\x{E19}"
      text run at (0,25941) width 29: "\x{E19}\x{E49}\x{E2D}\x{E22}"
      text run at (0,25963) width 25: "\x{E40}\x{E21}\x{E37}\x{E48}\x{E2D}"
      text run at (0,25985) width 29: "\x{E1A}\x{E49}\x{E32}\x{E19}"
      text run at (0,26007) width 25: "\x{E40}\x{E2D}\x{E19}"
      text run at (0,26029) width 20: "\x{E25}\x{E49}\x{E21}"
      text run at (0,26051) width 17: "\x{E25}\x{E07}"
      text run at (0,26073) width 19: "\x{E2D}\x{E35}\x{E01}"
      text run at (0,26095) width 26: "\x{E04}\x{E23}\x{E31}\x{E49}\x{E07}"
      text run at (0,26117) width 20: "\x{E41}\x{E15}\x{E48}"
      text run at (0,26139) width 38: "\x{E2B}\x{E25}\x{E32}\x{E22}"
      text run at (0,26161) width 44: "\x{E0A}\x{E31}\x{E48}\x{E27}\x{E42}\x{E21}\x{E07}"
      text run at (0,26183) width 28: "\x{E1C}\x{E48}\x{E32}\x{E19}"
      text run at (0,26205) width 18: "\x{E44}\x{E1B}"
      text run at (0,26227) width 10: "\x{E01}\x{E47}"
      text run at (0,26249) width 27: "\x{E44}\x{E21}\x{E48}\x{E21}\x{E35}"
      text run at (0,26271) width 31: "\x{E2D}\x{E30}\x{E44}\x{E23}"
      text run at (0,26293) width 25: "\x{E40}\x{E01}\x{E34}\x{E14}"
      text run at (0,26315) width 20: "\x{E02}\x{E36}\x{E49}\x{E19}"
      text run at (0,26337) width 24: "\x{E40}\x{E18}\x{E2D}"
      text run at (0,26359) width 25: "\x{E40}\x{E25}\x{E22}"
      text run at (0,26381) width 24: "\x{E40}\x{E25}\x{E34}\x{E01}"
      text run at (0,26403) width 28: "\x{E27}\x{E34}\x{E15}\x{E01}"
      text run at (0,26425) width 26: "\x{E41}\x{E25}\x{E30}"
      text run at (0,26447) width 40: "\x{E15}\x{E31}\x{E14}\x{E2A}\x{E34}\x{E19}"
      text run at (0,26469) width 18: "\x{E43}\x{E08}"
      text run at (0,26491) width 30: "\x{E04}\x{E2D}\x{E22}"
      text run at (0,26513) width 11: "\x{E14}\x{E39}"
      text run at (0,26535) width 35: "\x{E2D}\x{E22}\x{E48}\x{E32}\x{E07}"
      text run at (0,26557) width 28: "\x{E2A}\x{E07}\x{E1A}"
      text run at (0,26579) width 26: "\x{E41}\x{E25}\x{E30}"
      text run at (0,26601) width 17: "\x{E23}\x{E2D}"
      text run at (0,26623) width 17: "\x{E27}\x{E48}\x{E32}"
      text run at (0,26645) width 48: "\x{E2D}\x{E19}\x{E32}\x{E04}\x{E15}"
      text run at (0,26667) width 16: "\x{E08}\x{E30}"
      text run at (0,26689) width 26: "\x{E40}\x{E1B}\x{E47}\x{E19}"
      text run at (0,26711) width 50: "\x{E2D}\x{E22}\x{E48}\x{E32}\x{E07}\x{E44}\x{E23}"
      text run at (0,26733) width 19: "\x{E43}\x{E19}"
      text run at (0,26755) width 30: "\x{E17}\x{E35}\x{E48}\x{E2A}\x{E38}\x{E14}"
      text run at (0,26777) width 24: "\x{E40}\x{E18}\x{E2D}"
      text run at (0,26799) width 38: "\x{E04}\x{E25}\x{E32}\x{E19}"
      text run at (0,26821) width 27: "\x{E08}\x{E32}\x{E01}"
      text run at (0,26843) width 21: "\x{E1E}\x{E37}\x{E49}\x{E19}"
      text run at (0,26865) width 27: "\x{E2B}\x{E49}\x{E2D}\x{E07}"
      text run at (0,26887) width 11: "\x{E17}\x{E35}\x{E48}"
      text run at (0,26909) width 28: "\x{E42}\x{E22}\x{E01}"
      text run at (0,26931) width 18: "\x{E44}\x{E1B}"
      text run at (0,26953) width 19: "\x{E21}\x{E32}"
      text run at (0,26975) width 20: "\x{E02}\x{E36}\x{E49}\x{E19}"
      text run at (0,26997) width 18: "\x{E44}\x{E1B}"
      text run at (0,27019) width 21: "\x{E1A}\x{E19}"
      text run at (0,27041) width 33: "\x{E40}\x{E15}\x{E35}\x{E22}\x{E07}"
      text run at (0,27063) width 27: "\x{E41}\x{E25}\x{E49}\x{E27}"
      text run at (0,27085) width 10: "\x{E01}\x{E47}"
      text run at (0,27107) width 30: "\x{E19}\x{E2D}\x{E19}"
      text run at (0,27129) width 17: "\x{E25}\x{E07}"
      text run at (0,27151) width 19: "\x{E42}\x{E15}"
      text run at (0,27173) width 19: "\x{E42}\x{E15}\x{E49}"
      text run at (0,27195) width 29: "\x{E15}\x{E32}\x{E21}"
      text run at (0,27217) width 21: "\x{E15}\x{E34}\x{E14}"
      text run at (0,27239) width 19: "\x{E21}\x{E32}"
      text run at (0,27261) width 30: "\x{E19}\x{E2D}\x{E19}"
      text run at (0,27283) width 17: "\x{E25}\x{E07}"
      text run at (0,27305) width 38: "\x{E43}\x{E01}\x{E25}\x{E49}\x{E46}"
      text run at (0,27327) width 24: "\x{E40}\x{E18}\x{E2D}"
      text run at (0,27349) width 17: "\x{E44}\x{E21}\x{E48}"
      text run at (0,27371) width 18: "\x{E0A}\x{E49}\x{E32}"
      text run at (0,27393) width 19: "\x{E42}\x{E14}"
      text run at (0,27415) width 25: "\x{E42}\x{E23}\x{E18}\x{E35}"
      text run at (0,27437) width 10: "\x{E01}\x{E47}"
      text run at (0,27459) width 21: "\x{E1B}\x{E34}\x{E14}"
      text run at (0,27481) width 19: "\x{E15}\x{E32}"
      text run at (0,27503) width 17: "\x{E25}\x{E07}"
      text run at (0,27525) width 30: "\x{E2B}\x{E25}\x{E31}\x{E1A}"
      text run at (0,27547) width 38: "\x{E1C}\x{E25}\x{E47}\x{E2D}\x{E22}"
      text run at (0,27569) width 18: "\x{E44}\x{E1B}"
      text run at (0,27591) width 35: "\x{E2D}\x{E22}\x{E48}\x{E32}\x{E07}"
      text run at (0,27613) width 30: "\x{E2A}\x{E19}\x{E34}\x{E17}"
      text run at (0,27635) width 28: "\x{E17}\x{E31}\x{E49}\x{E07}\x{E46}"
      text run at (0,27657) width 11: "\x{E17}\x{E35}\x{E48}"
      text run at (0,27679) width 29: "\x{E1A}\x{E49}\x{E32}\x{E19}"
      text run at (0,27701) width 28: "\x{E42}\x{E22}\x{E01}"
      text run at (0,27723) width 18: "\x{E44}\x{E1B}"
      text run at (0,27745) width 19: "\x{E21}\x{E32}"
      text run at (0,27767) width 26: "\x{E41}\x{E25}\x{E30}"
      text run at (0,27789) width 20: "\x{E25}\x{E21}"
      text run at (0,27811) width 10: "\x{E01}\x{E47}"
      text run at (0,27833) width 34: "\x{E04}\x{E23}\x{E32}\x{E07}"
      text run at (0,27855) width 29: "\x{E2B}\x{E27}\x{E35}\x{E14}"
      text run at (0,27877) width 28: "\x{E2B}\x{E27}\x{E37}\x{E2D}"
layer at (471,96) size 1x29304
  RenderBlock (positioned) {DIV} at (471,96) size 1x29304
    RenderText {#text} at (0,3) size 72x29300
      text run at (0,3) width 21: "\x{E1A}\x{E17}"
      text run at (0,25) width 11: "\x{E17}\x{E35}\x{E48}"
      text run at (0,47) width 10: "\x{E51}"
      text run at (0,69) width 29: "\x{E1E}\x{E32}\x{E22}\x{E38}"
      text run at (0,91) width 54: "\x{E44}\x{E0B}\x{E42}\x{E04}\x{E25}\x{E19}"
      text run at (0,113) width 19: "\x{E42}\x{E14}"
      text run at (0,135) width 25: "\x{E42}\x{E23}\x{E18}\x{E35}"
      text run at (0,157) width 38: "\x{E2D}\x{E32}\x{E28}\x{E31}\x{E22}"
      text run at (0,179) width 20: "\x{E2D}\x{E22}\x{E39}\x{E48}"
      text run at (0,201) width 29: "\x{E17}\x{E48}\x{E32}\x{E21}"
      text run at (0,223) width 35: "\x{E01}\x{E25}\x{E32}\x{E07}"
      text run at (0,245) width 18: "\x{E17}\x{E38}\x{E48}\x{E07}"
      text run at (0,267) width 33: "\x{E43}\x{E2B}\x{E0D}\x{E48}"
      text run at (0,289) width 19: "\x{E43}\x{E19}"
      text run at (0,311) width 49: "\x{E41}\x{E04}\x{E19}\x{E0B}\x{E31}\x{E2A}"
      text run at (0,333) width 21: "\x{E01}\x{E31}\x{E1A}"
      text run at (0,355) width 17: "\x{E25}\x{E38}\x{E07}"
      text run at (0,377) width 15: "\x{E40}\x{E2E}"
      text run at (0,399) width 18: "\x{E19}\x{E23}\x{E35}"
      text run at (0,421) width 26: "\x{E0A}\x{E32}\x{E27}"
      text run at (0,443) width 15: "\x{E44}\x{E23}\x{E48}"
      text run at (0,465) width 26: "\x{E41}\x{E25}\x{E30}"
      text run at (0,487) width 19: "\x{E1B}\x{E49}\x{E32}"
      text run at (0,509) width 25: "\x{E40}\x{E2D}\x{E47}\x{E21}"
      text run at (0,531) width 44: "\x{E20}\x{E23}\x{E23}\x{E22}\x{E32}"
      text run at (0,553) width 41: "\x{E0A}\x{E32}\x{E27}\x{E44}\x{E23}\x{E48}"
      text run at (0,575) width 29: "\x{E1A}\x{E49}\x{E32}\x{E19}"
      text run at (0,597) width 27: "\x{E02}\x{E2D}\x{E07}"
      text run at (0,619) width 29: "\x{E1E}\x{E27}\x{E01}"
      text run at (0,641) width 23: "\x{E40}\x{E02}\x{E32}"
      text run at (0,663) width 28: "\x{E2B}\x{E25}\x{E31}\x{E07}"
      text run at (0,685) width 24: "\x{E40}\x{E25}\x{E47}\x{E01}"
      text run at (0,707) width 39: "\x{E40}\x{E1E}\x{E23}\x{E32}\x{E30}"
      text run at (0,729) width 17: "\x{E44}\x{E21}\x{E49}"
      text run at (0,751) width 33: "\x{E2A}\x{E23}\x{E49}\x{E32}\x{E07}"
      text run at (0,773) width 29: "\x{E1A}\x{E49}\x{E32}\x{E19}"
      text run at (0,795) width 27: "\x{E15}\x{E49}\x{E2D}\x{E07}"
      text run at (0,817) width 20: "\x{E02}\x{E19}"
      text run at (0,839) width 19: "\x{E21}\x{E32}"
      text run at (0,861) width 29: "\x{E14}\x{E49}\x{E27}\x{E22}"
      text run at (0,883) width 43: "\x{E40}\x{E01}\x{E27}\x{E35}\x{E22}\x{E19}"
      text run at (0,905) width 26: "\x{E40}\x{E1B}\x{E47}\x{E19}"
      text run at (0,927) width 32: "\x{E23}\x{E30}\x{E22}\x{E30}"
      text run at (0,949) width 26: "\x{E17}\x{E32}\x{E07}"
      text run at (0,971) width 38: "\x{E2B}\x{E25}\x{E32}\x{E22}"
      text run at (0,993) width 27: "\x{E44}\x{E21}\x{E25}\x{E4C}"
      text run at (0,1015) width 29: "\x{E1A}\x{E49}\x{E32}\x{E19}"
      text run at (0,1037) width 11: "\x{E21}\x{E35}"
      text run at (0,1059) width 10: "\x{E2A}\x{E35}\x{E48}"
      text run at (0,1081) width 18: "\x{E1D}\x{E32}"
      text run at (0,1103) width 11: "\x{E21}\x{E35}"
      text run at (0,1125) width 21: "\x{E1E}\x{E37}\x{E49}\x{E19}"
      text run at (0,1147) width 21: "\x{E01}\x{E31}\x{E1A}"
      text run at (0,1169) width 46: "\x{E2B}\x{E25}\x{E31}\x{E07}\x{E04}\x{E32}"
      text run at (0,1191) width 26: "\x{E23}\x{E27}\x{E21}"
      text run at (0,1213) width 19: "\x{E17}\x{E33}"
      text run at (0,1235) width 26: "\x{E40}\x{E1B}\x{E47}\x{E19}"
      text run at (0,1257) width 27: "\x{E2B}\x{E49}\x{E2D}\x{E07}"
      text run at (0,1279) width 34: "\x{E40}\x{E14}\x{E35}\x{E22}\x{E27}"
      text run at (0,1301) width 19: "\x{E43}\x{E19}"
      text run at (0,1323) width 27: "\x{E2B}\x{E49}\x{E2D}\x{E07}"
      text run at (0,1345) width 11: "\x{E21}\x{E35}"
      text run at (0,1367) width 18: "\x{E17}\x{E31}\x{E49}\x{E07}"
      text run at (0,1389) width 24: "\x{E40}\x{E15}\x{E32}"
      text run at (0,1411) width 18: "\x{E2B}\x{E38}\x{E07}"
      text run at (0,1433) width 21: "\x{E15}\x{E49}\x{E21}"
      text run at (0,1455) width 11: "\x{E17}\x{E35}\x{E48}"
      text run at (0,1477) width 30: "\x{E2A}\x{E19}\x{E34}\x{E21}"
      text run at (0,1499) width 11: "\x{E14}\x{E39}"
      text run at (0,1521) width 20: "\x{E02}\x{E36}\x{E49}\x{E19}"
      text run at (0,1543) width 31: "\x{E40}\x{E25}\x{E2D}\x{E30}"
      text run at (0,1565) width 11: "\x{E21}\x{E35}"
      text run at (0,1587) width 11: "\x{E15}\x{E39}\x{E49}"
      text run at (0,1609) width 19: "\x{E43}\x{E2A}\x{E48}"
      text run at (0,1631) width 28: "\x{E16}\x{E49}\x{E27}\x{E22}"
      text run at (0,1653) width 28: "\x{E0A}\x{E32}\x{E21}"
      text run at (0,1675) width 26: "\x{E42}\x{E15}\x{E4A}\x{E30}"
      text run at (0,1697) width 33: "\x{E40}\x{E01}\x{E49}\x{E32}\x{E2D}\x{E35}\x{E49}"
      text run at (0,1719) width 28: "\x{E2A}\x{E32}\x{E21}"
      text run at (0,1741) width 28: "\x{E2B}\x{E23}\x{E37}\x{E2D}"
      text run at (0,1763) width 10: "\x{E2A}\x{E35}\x{E48}"
      text run at (0,1785) width 19: "\x{E15}\x{E31}\x{E27}"
      text run at (0,1807) width 27: "\x{E41}\x{E25}\x{E49}\x{E27}"
      text run at (0,1829) width 10: "\x{E01}\x{E47}"
      text run at (0,1851) width 11: "\x{E21}\x{E35}"
      text run at (0,1873) width 33: "\x{E40}\x{E15}\x{E35}\x{E22}\x{E07}"
      text run at (0,1895) width 30: "\x{E19}\x{E2D}\x{E19}"
      text run at (0,1917) width 17: "\x{E25}\x{E38}\x{E07}"
      text run at (0,1939) width 15: "\x{E40}\x{E2E}"
      text run at (0,1961) width 18: "\x{E19}\x{E23}\x{E35}"
      text run at (0,1983) width 21: "\x{E01}\x{E31}\x{E1A}"
      text run at (0,2005) width 19: "\x{E1B}\x{E49}\x{E32}"
      text run at (0,2027) width 25: "\x{E40}\x{E2D}\x{E47}\x{E21}"
      text run at (0,2049) width 11: "\x{E21}\x{E35}"
      text run at (0,2071) width 33: "\x{E40}\x{E15}\x{E35}\x{E22}\x{E07}"
      text run at (0,2093) width 30: "\x{E19}\x{E2D}\x{E19}"
      text run at (0,2115) width 33: "\x{E43}\x{E2B}\x{E0D}\x{E48}"
      text run at (0,2137) width 20: "\x{E2D}\x{E22}\x{E39}\x{E48}"
      text run at (0,2159) width 11: "\x{E17}\x{E35}\x{E48}"
      text run at (0,2181) width 21: "\x{E21}\x{E38}\x{E21}"
      text run at (0,2203) width 28: "\x{E2B}\x{E19}\x{E36}\x{E48}\x{E07}"
      text run at (0,2225) width 28: "\x{E2A}\x{E48}\x{E27}\x{E19}"
      text run at (0,2247) width 19: "\x{E42}\x{E14}"
      text run at (0,2269) width 25: "\x{E42}\x{E23}\x{E18}\x{E35}"
      text run at (0,2291) width 11: "\x{E21}\x{E35}"
      text run at (0,2313) width 33: "\x{E40}\x{E15}\x{E35}\x{E22}\x{E07}"
      text run at (0,2335) width 24: "\x{E40}\x{E25}\x{E47}\x{E01}"
      text run at (0,2357) width 19: "\x{E2D}\x{E35}\x{E01}"
      text run at (0,2379) width 11: "\x{E17}\x{E35}\x{E48}"
      text run at (0,2401) width 21: "\x{E21}\x{E38}\x{E21}"
      text run at (0,2423) width 28: "\x{E2B}\x{E19}\x{E36}\x{E48}\x{E07}"
      text run at (0,2445) width 17: "\x{E44}\x{E21}\x{E48}"
      text run at (0,2467) width 11: "\x{E21}\x{E35}"
      text run at (0,2489) width 27: "\x{E2B}\x{E49}\x{E2D}\x{E07}"
      text run at (0,2511) width 19: "\x{E43}\x{E15}\x{E49}"
      text run at (0,2533) width 44: "\x{E40}\x{E1E}\x{E14}\x{E32}\x{E19}"
      text run at (0,2555) width 25: "\x{E40}\x{E25}\x{E22}"
      text run at (0,2577) width 27: "\x{E2B}\x{E49}\x{E2D}\x{E07}"
      text run at (0,2599) width 39: "\x{E43}\x{E15}\x{E49}\x{E16}\x{E38}\x{E19}"
      text run at (0,2621) width 10: "\x{E01}\x{E47}"
      text run at (0,2643) width 17: "\x{E44}\x{E21}\x{E48}"
      text run at (0,2665) width 11: "\x{E21}\x{E35}"
      text run at (0,2687) width 24: "\x{E40}\x{E27}\x{E49}\x{E19}"
      text run at (0,2709) width 20: "\x{E41}\x{E15}\x{E48}"
      text run at (0,2731) width 11: "\x{E21}\x{E35}"
      text run at (0,2753) width 35: "\x{E42}\x{E1E}\x{E23}\x{E07}"
      text run at (0,2775) width 34: "\x{E40}\x{E25}\x{E47}\x{E01}\x{E46}"
      text run at (0,2797) width 11: "\x{E17}\x{E35}\x{E48}"
      text run at (0,2819) width 20: "\x{E02}\x{E38}\x{E14}"
      text run at (0,2841) width 18: "\x{E44}\x{E1B}"
      text run at (0,2863) width 19: "\x{E43}\x{E15}\x{E49}"
      text run at (0,2885) width 21: "\x{E1E}\x{E37}\x{E49}\x{E19}"
      text run at (0,2907) width 33: "\x{E40}\x{E23}\x{E35}\x{E22}\x{E01}"
      text run at (0,2929) width 17: "\x{E27}\x{E48}\x{E32}"
      text run at (0,2948) width 7: "\""
      text run at (0,2969) width 35: "\x{E42}\x{E1E}\x{E23}\x{E07}"
      text run at (0,2991) width 54: "\x{E44}\x{E0B}\x{E42}\x{E04}\x{E25}\x{E19}"
      text run at (0,3010) width 7: "\""
      text run at (0,3031) width 26: "\x{E40}\x{E1B}\x{E47}\x{E19}"
      text run at (0,3053) width 11: "\x{E17}\x{E35}\x{E48}"
      text run at (0,3075) width 64: "\x{E04}\x{E23}\x{E2D}\x{E1A}\x{E04}\x{E23}\x{E31}\x{E27}"
      text run at (0,3097) width 10: "\x{E19}\x{E35}\x{E49}"
      text run at (0,3119) width 16: "\x{E08}\x{E30}"
      text run at (0,3141) width 21: "\x{E21}\x{E38}\x{E14}"
      text run at (0,3163) width 23: "\x{E40}\x{E02}\x{E49}\x{E32}"
      text run at (0,3185) width 18: "\x{E44}\x{E1B}"
      text run at (0,3207) width 25: "\x{E40}\x{E21}\x{E37}\x{E48}\x{E2D}"
      text run at (0,3229) width 25: "\x{E40}\x{E01}\x{E34}\x{E14}"
      text run at (0,3251) width 20: "\x{E25}\x{E21}"
      text run at (0,3273) width 29: "\x{E21}\x{E2B}\x{E32}"
      text run at (0,3295) width 21: "\x{E20}\x{E31}\x{E22}"
      text run at (0,3317) width 18: "\x{E0B}\x{E36}\x{E48}\x{E07}"
      text run at (0,3339) width 52: "\x{E01}\x{E23}\x{E30}\x{E42}\x{E0A}\x{E01}"
      text run at (0,3361) width 25: "\x{E41}\x{E23}\x{E07}"
      text run at (0,3383) width 19: "\x{E08}\x{E19}"
      text run at (0,3405) width 21: "\x{E1A}\x{E14}"
      text run at (0,3427) width 19: "\x{E02}\x{E22}\x{E35}\x{E49}"
      text run at (0,3449) width 18: "\x{E2A}\x{E34}\x{E48}\x{E07}"
      text run at (0,3471) width 19: "\x{E01}\x{E48}\x{E2D}"
      text run at (0,3493) width 33: "\x{E2A}\x{E23}\x{E49}\x{E32}\x{E07}"
      text run at (0,3515) width 19: "\x{E43}\x{E14}"
      text run at (0,3537) width 10: "\x{E46}"
      text run at (0,3559) width 11: "\x{E17}\x{E35}\x{E48}"
      text run at (0,3581) width 34: "\x{E02}\x{E27}\x{E32}\x{E07}"
      text run at (0,3603) width 26: "\x{E17}\x{E32}\x{E07}"
      text run at (0,3625) width 20: "\x{E21}\x{E31}\x{E19}"
      text run at (0,3647) width 17: "\x{E44}\x{E14}\x{E49}"
      text run at (0,3669) width 26: "\x{E15}\x{E23}\x{E07}"
      text run at (0,3691) width 35: "\x{E01}\x{E25}\x{E32}\x{E07}"
      text run at (0,3713) width 21: "\x{E1E}\x{E37}\x{E49}\x{E19}"
      text run at (0,3735) width 11: "\x{E21}\x{E35}"
      text run at (0,3757) width 18: "\x{E1D}\x{E32}"
      text run at (0,3779) width 26: "\x{E40}\x{E1B}\x{E34}\x{E14}"
      text run at (0,3801) width 23: "\x{E40}\x{E02}\x{E49}\x{E32}"
      text run at (0,3823) width 18: "\x{E44}\x{E1B}"
      text run at (0,3845) width 27: "\x{E08}\x{E32}\x{E01}"
      text run at (0,3867) width 20: "\x{E19}\x{E31}\x{E49}\x{E19}"
      text run at (0,3889) width 11: "\x{E21}\x{E35}"
      text run at (0,3911) width 38: "\x{E1A}\x{E31}\x{E19}\x{E44}\x{E14}"
      text run at (0,3933) width 17: "\x{E25}\x{E07}"
      text run at (0,3955) width 18: "\x{E44}\x{E1B}"
      text run at (0,3977) width 18: "\x{E16}\x{E36}\x{E07}"
      text run at (0,3999) width 35: "\x{E42}\x{E1E}\x{E23}\x{E07}"
      text run at (0,4021) width 21: "\x{E21}\x{E37}\x{E14}"
      text run at (0,4043) width 24: "\x{E40}\x{E25}\x{E47}\x{E01}"
      text run at (0,4065) width 10: "\x{E46}"
      text run at (0,4087) width 25: "\x{E40}\x{E21}\x{E37}\x{E48}\x{E2D}"
      text run at (0,4109) width 19: "\x{E42}\x{E14}"
      text run at (0,4131) width 25: "\x{E42}\x{E23}\x{E18}\x{E35}"
      text run at (0,4153) width 20: "\x{E22}\x{E37}\x{E19}"
      text run at (0,4175) width 11: "\x{E17}\x{E35}\x{E48}"
      text run at (0,4197) width 29: "\x{E1B}\x{E32}\x{E01}"
      text run at (0,4219) width 36: "\x{E1B}\x{E23}\x{E30}\x{E15}\x{E39}"
      text run at (0,4241) width 26: "\x{E41}\x{E25}\x{E30}"
      text run at (0,4263) width 27: "\x{E21}\x{E2D}\x{E07}"
      text run at (0,4285) width 18: "\x{E44}\x{E1B}"
      text run at (0,4307) width 28: "\x{E23}\x{E2D}\x{E1A}"
      text run at (0,4329) width 10: "\x{E46}"
      text run at (0,4351) width 24: "\x{E40}\x{E18}\x{E2D}"
      text run at (0,4373) width 17: "\x{E44}\x{E21}\x{E48}"
      text run at (0,4395) width 26: "\x{E40}\x{E2B}\x{E47}\x{E19}"
      text run at (0,4417) width 31: "\x{E2D}\x{E30}\x{E44}\x{E23}"
      text run at (0,4439) width 29: "\x{E19}\x{E2D}\x{E01}"
      text run at (0,4461) width 27: "\x{E08}\x{E32}\x{E01}"
      text run at (0,4483) width 27: "\x{E17}\x{E49}\x{E2D}\x{E07}"
      text run at (0,4505) width 18: "\x{E17}\x{E38}\x{E48}\x{E07}"
      text run at (0,4527) width 34: "\x{E01}\x{E27}\x{E49}\x{E32}\x{E07}"
      text run at (0,4549) width 10: "\x{E2A}\x{E35}"
      text run at (0,4571) width 24: "\x{E40}\x{E17}\x{E32}"
      text run at (0,4593) width 31: "\x{E2B}\x{E21}\x{E48}\x{E19}"
      text run at (0,4615) width 19: "\x{E17}\x{E31}\x{E48}\x{E27}"
      text run at (0,4637) width 20: "\x{E17}\x{E38}\x{E01}"
      text run at (0,4659) width 29: "\x{E14}\x{E49}\x{E32}\x{E19}"
      text run at (0,4681) width 17: "\x{E44}\x{E21}\x{E48}"
      text run at (0,4703) width 11: "\x{E21}\x{E35}"
      text run at (0,4725) width 20: "\x{E41}\x{E21}\x{E49}"
      text run at (0,4747) width 37: "\x{E15}\x{E49}\x{E19}\x{E44}\x{E21}\x{E49}"
      text run at (0,4769) width 20: "\x{E2A}\x{E31}\x{E01}"
      text run at (0,4791) width 20: "\x{E15}\x{E49}\x{E19}"
      text run at (0,4813) width 28: "\x{E2B}\x{E23}\x{E37}\x{E2D}"
      text run at (0,4835) width 29: "\x{E1A}\x{E49}\x{E32}\x{E19}"
      text run at (0,4857) width 20: "\x{E2A}\x{E31}\x{E01}"
      text run at (0,4879) width 28: "\x{E2B}\x{E25}\x{E31}\x{E07}"
      text run at (0,4901) width 11: "\x{E17}\x{E35}\x{E48}"
      text run at (0,4923) width 28: "\x{E42}\x{E1C}\x{E25}\x{E48}"
      text run at (0,4945) width 21: "\x{E1E}\x{E49}\x{E19}"
      text run at (0,4967) width 21: "\x{E20}\x{E39}\x{E21}\x{E34}"
      text run at (0,4989) width 51: "\x{E1B}\x{E23}\x{E30}\x{E40}\x{E17}\x{E28}"
      text run at (0,5011) width 20: "\x{E2D}\x{E31}\x{E19}"
      text run at (0,5033) width 27: "\x{E23}\x{E32}\x{E1A}"
      text run at (0,5055) width 33: "\x{E40}\x{E23}\x{E35}\x{E22}\x{E1A}"
      text run at (0,5077) width 19: "\x{E41}\x{E1C}\x{E48}"
      text run at (0,5099) width 18: "\x{E44}\x{E1B}"
      text run at (0,5121) width 26: "\x{E44}\x{E01}\x{E25}"
      text run at (0,5143) width 19: "\x{E08}\x{E19}"
      text run at (0,5165) width 19: "\x{E08}\x{E14}"
      text run at (0,5187) width 29: "\x{E02}\x{E2D}\x{E1A}"
      text run at (0,5209) width 19: "\x{E1F}\x{E49}\x{E32}"
      text run at (0,5231) width 19: "\x{E17}\x{E31}\x{E48}\x{E27}"
      text run at (0,5253) width 20: "\x{E17}\x{E38}\x{E01}"
      text run at (0,5275) width 21: "\x{E17}\x{E34}\x{E28}"
      text run at (0,5297) width 26: "\x{E14}\x{E27}\x{E07}"
      text run at (0,5319) width 36: "\x{E15}\x{E30}\x{E27}\x{E31}\x{E19}"
      text run at (0,5341) width 23: "\x{E40}\x{E1C}\x{E32}"
      text run at (0,5363) width 20: "\x{E1C}\x{E37}\x{E19}"
      text run at (0,5385) width 20: "\x{E14}\x{E34}\x{E19}"
      text run at (0,5407) width 11: "\x{E17}\x{E35}\x{E48}"
      text run at (0,5429) width 17: "\x{E44}\x{E16}"
      text run at (0,5451) width 27: "\x{E41}\x{E25}\x{E49}\x{E27}"
      text run at (0,5473) width 19: "\x{E08}\x{E19}"
      text run at (0,5495) width 37: "\x{E01}\x{E25}\x{E32}\x{E22}"
      text run at (0,5517) width 26: "\x{E40}\x{E1B}\x{E47}\x{E19}"
      text run at (0,5539) width 29: "\x{E41}\x{E1C}\x{E48}\x{E19}"
      text run at (0,5561) width 39: "\x{E21}\x{E2B}\x{E36}\x{E21}\x{E32}"
      text run at (0,5583) width 10: "\x{E2A}\x{E35}"
      text run at (0,5605) width 19: "\x{E14}\x{E33}"
      text run at (0,5627) width 11: "\x{E21}\x{E35}"
      text run at (0,5649) width 27: "\x{E23}\x{E2D}\x{E22}"
      text run at (0,5671) width 29: "\x{E41}\x{E15}\x{E01}"
      text run at (0,5693) width 42: "\x{E23}\x{E30}\x{E41}\x{E2B}\x{E07}"
      text run at (0,5715) width 20: "\x{E2D}\x{E22}\x{E39}\x{E48}"
      text run at (0,5737) width 39: "\x{E15}\x{E25}\x{E2D}\x{E14}"
      text run at (0,5759) width 39: "\x{E41}\x{E21}\x{E49}\x{E41}\x{E15}\x{E48}"
      text run at (0,5781) width 32: "\x{E2B}\x{E0D}\x{E49}\x{E32}"
      text run at (0,5803) width 10: "\x{E01}\x{E47}"
      text run at (0,5825) width 17: "\x{E44}\x{E21}\x{E48}"
      text run at (0,5847) width 33: "\x{E40}\x{E02}\x{E35}\x{E22}\x{E27}"
      text run at (0,5869) width 39: "\x{E40}\x{E1E}\x{E23}\x{E32}\x{E30}"
      text run at (0,5891) width 26: "\x{E14}\x{E27}\x{E07}"
      text run at (0,5913) width 36: "\x{E15}\x{E30}\x{E27}\x{E31}\x{E19}"
      text run at (0,5935) width 23: "\x{E40}\x{E1C}\x{E32}"
      text run at (0,5957) width 30: "\x{E22}\x{E2D}\x{E14}"
      text run at (0,5979) width 20: "\x{E43}\x{E1A}"
      text run at (0,6001) width 27: "\x{E22}\x{E32}\x{E27}"
      text run at (0,6023) width 25: "\x{E40}\x{E2A}\x{E35}\x{E22}"
      text run at (0,6045) width 19: "\x{E08}\x{E19}"
      text run at (0,6067) width 26: "\x{E40}\x{E1B}\x{E47}\x{E19}"
      text run at (0,6089) width 10: "\x{E2A}\x{E35}"
      text run at (0,6111) width 24: "\x{E40}\x{E17}\x{E32}"
      text run at (0,6133) width 31: "\x{E2B}\x{E21}\x{E48}\x{E19}"
      text run at (0,6155) width 27: "\x{E21}\x{E2D}\x{E07}"
      text run at (0,6177) width 26: "\x{E40}\x{E2B}\x{E47}\x{E19}"
      text run at (0,6199) width 20: "\x{E2D}\x{E22}\x{E39}\x{E48}"
      text run at (0,6221) width 19: "\x{E17}\x{E31}\x{E48}\x{E27}"
      text run at (0,6243) width 18: "\x{E44}\x{E1B}"
      text run at (0,6265) width 26: "\x{E04}\x{E23}\x{E31}\x{E49}\x{E07}"
      text run at (0,6287) width 28: "\x{E2B}\x{E19}\x{E36}\x{E48}\x{E07}"
      text run at (0,6309) width 26: "\x{E40}\x{E04}\x{E22}"
      text run at (0,6331) width 19: "\x{E17}\x{E32}"
      text run at (0,6353) width 10: "\x{E2A}\x{E35}"
      text run at (0,6375) width 29: "\x{E1A}\x{E49}\x{E32}\x{E19}"
      text run at (0,6397) width 23: "\x{E40}\x{E2D}\x{E32}"
      text run at (0,6419) width 15: "\x{E44}\x{E27}\x{E49}"
      text run at (0,6441) width 20: "\x{E41}\x{E15}\x{E48}"
      text run at (0,6463) width 10: "\x{E01}\x{E47}"
      text run at (0,6485) width 20: "\x{E16}\x{E39}\x{E01}"
      text run at (0,6507) width 26: "\x{E14}\x{E27}\x{E07}"
      text run at (0,6529) width 36: "\x{E15}\x{E30}\x{E27}\x{E31}\x{E19}"
      text run at (0,6551) width 23: "\x{E40}\x{E1C}\x{E32}"
      text run at (0,6573) width 25: "\x{E40}\x{E2A}\x{E35}\x{E22}"
      text run at (0,6595) width 19: "\x{E08}\x{E19}"
      text run at (0,6617) width 10: "\x{E2A}\x{E35}"
      text run at (0,6639) width 28: "\x{E1E}\x{E2D}\x{E07}"
      text run at (0,6661) width 27: "\x{E41}\x{E25}\x{E49}\x{E27}"
      text run at (0,6683) width 20: "\x{E1D}\x{E19}"
      text run at (0,6705) width 10: "\x{E01}\x{E47}"
      text run at (0,6727) width 17: "\x{E0A}\x{E30}"
      text run at (0,6749) width 20: "\x{E21}\x{E31}\x{E19}"
      text run at (0,6771) width 30: "\x{E2B}\x{E25}\x{E38}\x{E14}"
      text run at (0,6793) width 18: "\x{E44}\x{E1B}"
      text run at (0,6815) width 19: "\x{E08}\x{E19}"
      text run at (0,6837) width 31: "\x{E2B}\x{E21}\x{E14}"
      text run at (0,6859) width 26: "\x{E41}\x{E25}\x{E30}"
      text run at (0,6881) width 30: "\x{E15}\x{E2D}\x{E19}"
      text run at (0,6903) width 10: "\x{E19}\x{E35}\x{E49}"
      text run at (0,6925) width 29: "\x{E1A}\x{E49}\x{E32}\x{E19}"
      text run at (0,6947) width 17: "\x{E08}\x{E36}\x{E07}"
      text run at (0,6969) width 11: "\x{E14}\x{E39}"
      text run at (0,6991) width 68: "\x{E2B}\x{E21}\x{E48}\x{E19}\x{E2B}\x{E21}\x{E2D}\x{E07}"
      text run at (0,7013) width 26: "\x{E40}\x{E1B}\x{E47}\x{E19}"
      text run at (0,7035) width 10: "\x{E2A}\x{E35}"
      text run at (0,7057) width 24: "\x{E40}\x{E17}\x{E32}"
      text run at (0,7079) width 45: "\x{E40}\x{E2B}\x{E21}\x{E37}\x{E2D}\x{E19}"
      text run at (0,7101) width 18: "\x{E2A}\x{E34}\x{E48}\x{E07}"
      text run at (0,7123) width 20: "\x{E2D}\x{E37}\x{E48}\x{E19}"
      text run at (0,7145) width 10: "\x{E46}"
      text run at (0,7167) width 29: "\x{E14}\x{E49}\x{E27}\x{E22}"
      text run at (0,7189) width 30: "\x{E15}\x{E2D}\x{E19}"
      text run at (0,7211) width 11: "\x{E17}\x{E35}\x{E48}"
      text run at (0,7233) width 19: "\x{E1B}\x{E49}\x{E32}"
      text run at (0,7255) width 25: "\x{E40}\x{E2D}\x{E47}\x{E21}"
      text run at (0,7277) width 28: "\x{E22}\x{E49}\x{E32}\x{E22}"
      text run at (0,7299) width 19: "\x{E21}\x{E32}"
      text run at (0,7321) width 20: "\x{E2D}\x{E22}\x{E39}\x{E48}"
      text run at (0,7343) width 11: "\x{E17}\x{E35}\x{E48}"
      text run at (0,7365) width 10: "\x{E19}\x{E35}\x{E48}"
      text run at (0,7387) width 24: "\x{E40}\x{E18}\x{E2D}"
      text run at (0,7409) width 18: "\x{E22}\x{E31}\x{E07}"
      text run at (0,7431) width 26: "\x{E2A}\x{E32}\x{E27}"
      text run at (0,7453) width 26: "\x{E40}\x{E1B}\x{E47}\x{E19}"
      text run at (0,7475) width 44: "\x{E20}\x{E23}\x{E23}\x{E22}\x{E32}"
      text run at (0,7497) width 11: "\x{E17}\x{E35}\x{E48}"
      text run at (0,7519) width 44: "\x{E07}\x{E14}\x{E07}\x{E32}\x{E21}"
      text run at (0,7541) width 27: "\x{E41}\x{E25}\x{E49}\x{E27}"
      text run at (0,7563) width 30: "\x{E41}\x{E14}\x{E14}"
      text run at (0,7585) width 26: "\x{E41}\x{E25}\x{E30}"
      text run at (0,7607) width 20: "\x{E25}\x{E21}"
      text run at (0,7629) width 10: "\x{E01}\x{E47}"
      text run at (0,7651) width 17: "\x{E44}\x{E14}\x{E49}"
      text run at (0,7673) width 45: "\x{E40}\x{E1B}\x{E25}\x{E35}\x{E48}\x{E22}\x{E19}"
      text run at (0,7695) width 24: "\x{E40}\x{E18}\x{E2D}"
      text run at (0,7717) width 18: "\x{E44}\x{E1B}"
      text run at (0,7739) width 23: "\x{E40}\x{E2D}\x{E32}"
      text run at (0,7761) width 53: "\x{E1B}\x{E23}\x{E30}\x{E01}\x{E32}\x{E22}"
      text run at (0,7783) width 18: "\x{E44}\x{E1B}"
      text run at (0,7805) width 27: "\x{E08}\x{E32}\x{E01}"
      text run at (0,7827) width 45: "\x{E14}\x{E27}\x{E07}\x{E15}\x{E32}"
      text run at (0,7849) width 24: "\x{E40}\x{E18}\x{E2D}"
      text run at (0,7871) width 39: "\x{E1B}\x{E25}\x{E48}\x{E2D}\x{E22}"
      text run at (0,7893) width 15: "\x{E44}\x{E27}\x{E49}"
      text run at (0,7915) width 20: "\x{E41}\x{E15}\x{E48}"
      text run at (0,7937) width 37: "\x{E04}\x{E27}\x{E32}\x{E21}"
      text run at (0,7959) width 29: "\x{E2A}\x{E38}\x{E02}\x{E38}\x{E21}"
      text run at (0,7981) width 35: "\x{E2D}\x{E22}\x{E48}\x{E32}\x{E07}"
      text run at (0,8003) width 68: "\x{E2B}\x{E21}\x{E48}\x{E19}\x{E2B}\x{E21}\x{E2D}\x{E07}"
      text run at (0,8025) width 23: "\x{E40}\x{E2D}\x{E32}"
      text run at (0,8047) width 10: "\x{E2A}\x{E35}"
      text run at (0,8069) width 27: "\x{E41}\x{E14}\x{E07}"
      text run at (0,8091) width 27: "\x{E08}\x{E32}\x{E01}"
      text run at (0,8113) width 29: "\x{E41}\x{E01}\x{E49}\x{E21}"
      text run at (0,8135) width 26: "\x{E41}\x{E25}\x{E30}"
      text run at (0,8157) width 18: "\x{E23}\x{E34}\x{E21}"
      text run at (0,8179) width 38: "\x{E1D}\x{E35}\x{E1B}\x{E32}\x{E01}"
      text run at (0,8201) width 24: "\x{E40}\x{E18}\x{E2D}"
      text run at (0,8223) width 18: "\x{E44}\x{E1B}"
      text run at (0,8245) width 37: "\x{E01}\x{E25}\x{E32}\x{E22}"
      text run at (0,8267) width 26: "\x{E40}\x{E1B}\x{E47}\x{E19}"
      text run at (0,8289) width 10: "\x{E2A}\x{E35}"
      text run at (0,8311) width 31: "\x{E2B}\x{E21}\x{E48}\x{E19}"
      text run at (0,8333) width 10: "\x{E46}"
      text run at (0,8355) width 45: "\x{E40}\x{E2B}\x{E21}\x{E37}\x{E2D}\x{E19}"
      text run at (0,8377) width 20: "\x{E01}\x{E31}\x{E19}"
      text run at (0,8399) width 24: "\x{E40}\x{E18}\x{E2D}"
      text run at (0,8421) width 29: "\x{E1C}\x{E2D}\x{E21}"
      text run at (0,8443) width 26: "\x{E41}\x{E25}\x{E30}"
      text run at (0,8465) width 28: "\x{E2B}\x{E25}\x{E31}\x{E07}"
      text run at (0,8487) width 27: "\x{E42}\x{E04}\x{E49}\x{E07}"
      text run at (0,8509) width 26: "\x{E41}\x{E25}\x{E30}"
      text run at (0,8531) width 34: "\x{E40}\x{E14}\x{E35}\x{E4B}\x{E22}\x{E27}"
      text run at (0,8553) width 10: "\x{E19}\x{E35}\x{E49}"
      text run at (0,8575) width 17: "\x{E44}\x{E21}\x{E48}"
      text run at (0,8597) width 26: "\x{E40}\x{E04}\x{E22}"
      text run at (0,8619) width 20: "\x{E22}\x{E34}\x{E49}\x{E21}"
      text run at (0,8641) width 25: "\x{E40}\x{E25}\x{E22}"
      text run at (0,8663) width 25: "\x{E40}\x{E21}\x{E37}\x{E48}\x{E2D}"
      text run at (0,8685) width 19: "\x{E42}\x{E14}"
      text run at (0,8707) width 25: "\x{E42}\x{E23}\x{E18}\x{E35}"
      text run at (0,8729) width 18: "\x{E0B}\x{E36}\x{E48}\x{E07}"
      text run at (0,8751) width 26: "\x{E40}\x{E1B}\x{E47}\x{E19}"
      text run at (0,8773) width 25: "\x{E40}\x{E14}\x{E47}\x{E01}"
      text run at (0,8795) width 45: "\x{E01}\x{E33}\x{E1E}\x{E23}\x{E49}\x{E32}"
      text run at (0,8817) width 19: "\x{E21}\x{E32}"
      text run at (0,8839) width 20: "\x{E2D}\x{E22}\x{E39}\x{E48}"
      text run at (0,8861) width 21: "\x{E01}\x{E31}\x{E1A}"
      text run at (0,8883) width 24: "\x{E40}\x{E18}\x{E2D}"
      text run at (0,8905) width 30: "\x{E15}\x{E2D}\x{E19}"
      text run at (0,8927) width 27: "\x{E41}\x{E23}\x{E01}"
      text run at (0,8949) width 19: "\x{E1B}\x{E49}\x{E32}"
      text run at (0,8971) width 25: "\x{E40}\x{E2D}\x{E47}\x{E21}"
      text run at (0,8993) width 20: "\x{E15}\x{E37}\x{E48}\x{E19}"
      text run at (0,9015) width 26: "\x{E40}\x{E15}\x{E49}\x{E19}"
      text run at (0,9037) width 21: "\x{E01}\x{E31}\x{E1A}"
      text run at (0,9059) width 32: "\x{E40}\x{E2A}\x{E35}\x{E22}\x{E07}"
      text run at (0,9081) width 47: "\x{E2B}\x{E31}\x{E27}\x{E40}\x{E23}\x{E32}\x{E30}"
      text run at (0,9103) width 27: "\x{E02}\x{E2D}\x{E07}"
      text run at (0,9125) width 25: "\x{E40}\x{E14}\x{E47}\x{E01}"
      text run at (0,9147) width 29: "\x{E19}\x{E49}\x{E2D}\x{E22}"
      text run at (0,9169) width 28: "\x{E21}\x{E32}\x{E01}"
      text run at (0,9191) width 24: "\x{E40}\x{E18}\x{E2D}"
      text run at (0,9213) width 16: "\x{E08}\x{E30}"
      text run at (0,9235) width 18: "\x{E2A}\x{E48}\x{E07}"
      text run at (0,9257) width 32: "\x{E40}\x{E2A}\x{E35}\x{E22}\x{E07}"
      text run at (0,9279) width 25: "\x{E23}\x{E49}\x{E2D}\x{E07}"
      text run at (0,9301) width 27: "\x{E41}\x{E25}\x{E49}\x{E27}"
      text run at (0,9323) width 23: "\x{E40}\x{E2D}\x{E32}"
      text run at (0,9345) width 20: "\x{E21}\x{E37}\x{E2D}"
      text run at (0,9367) width 29: "\x{E17}\x{E32}\x{E1A}"
      text run at (0,9389) width 19: "\x{E2D}\x{E01}"
      text run at (0,9411) width 20: "\x{E17}\x{E38}\x{E01}"
      text run at (0,9433) width 26: "\x{E04}\x{E23}\x{E31}\x{E49}\x{E07}"
      text run at (0,9455) width 11: "\x{E17}\x{E35}\x{E48}"
      text run at (0,9477) width 32: "\x{E40}\x{E2A}\x{E35}\x{E22}\x{E07}"
      text run at (0,9499) width 20: "\x{E2D}\x{E31}\x{E19}"
      text run at (0,9521) width 37: "\x{E23}\x{E48}\x{E32}\x{E40}\x{E23}\x{E34}\x{E07}"
      text run at (0,9543) width 27: "\x{E02}\x{E2D}\x{E07}"
      text run at (0,9565) width 19: "\x{E42}\x{E14}"
      text run at (0,9587) width 25: "\x{E42}\x{E23}\x{E18}\x{E35}"
      text run at (0,9609) width 23: "\x{E40}\x{E02}\x{E49}\x{E32}"
      text run at (0,9631) width 11: "\x{E2B}\x{E39}"
      text run at (0,9653) width 24: "\x{E40}\x{E18}\x{E2D}"
      text run at (0,9675) width 26: "\x{E41}\x{E25}\x{E30}"
      text run at (0,9697) width 24: "\x{E40}\x{E18}\x{E2D}"
      text run at (0,9719) width 23: "\x{E40}\x{E1D}\x{E49}\x{E32}"
      text run at (0,9741) width 27: "\x{E21}\x{E2D}\x{E07}"
      text run at (0,9763) width 25: "\x{E40}\x{E14}\x{E47}\x{E01}"
      text run at (0,9785) width 31: "\x{E2B}\x{E0D}\x{E34}\x{E07}"
      text run at (0,9807) width 29: "\x{E19}\x{E49}\x{E2D}\x{E22}"
      text run at (0,9829) width 10: "\x{E46}"
      text run at (0,9851) width 29: "\x{E14}\x{E49}\x{E27}\x{E22}"
      text run at (0,9873) width 37: "\x{E04}\x{E27}\x{E32}\x{E21}"
      text run at (0,9895) width 63: "\x{E1B}\x{E23}\x{E30}\x{E2B}\x{E25}\x{E32}\x{E14}"
      text run at (0,9917) width 18: "\x{E43}\x{E08}"
      text run at (0,9939) width 29: "\x{E14}\x{E49}\x{E27}\x{E22}"
      text run at (0,9961) width 18: "\x{E22}\x{E31}\x{E07}"
      text run at (0,9983) width 19: "\x{E2B}\x{E32}"
      text run at (0,10005) width 31: "\x{E2D}\x{E30}\x{E44}\x{E23}"
      text run at (0,10027) width 19: "\x{E21}\x{E32}"
      text run at (0,10049) width 26: "\x{E40}\x{E1B}\x{E47}\x{E19}"
      text run at (0,10071) width 30: "\x{E40}\x{E23}\x{E37}\x{E48}\x{E2D}\x{E07}"
      text run at (0,10093) width 47: "\x{E2B}\x{E31}\x{E27}\x{E40}\x{E23}\x{E32}\x{E30}"
      text run at (0,10115) width 17: "\x{E44}\x{E14}\x{E49}"
      text run at (0,10137) width 17: "\x{E25}\x{E38}\x{E07}"
      text run at (0,10159) width 15: "\x{E40}\x{E2E}"
      text run at (0,10181) width 18: "\x{E19}\x{E23}\x{E35}"
      text run at (0,10203) width 17: "\x{E44}\x{E21}\x{E48}"
      text run at (0,10225) width 26: "\x{E40}\x{E04}\x{E22}"
      text run at (0,10247) width 47: "\x{E2B}\x{E31}\x{E27}\x{E40}\x{E23}\x{E32}\x{E30}"
      text run at (0,10269) width 17: "\x{E25}\x{E38}\x{E07}"
      text run at (0,10291) width 45: "\x{E17}\x{E33}\x{E07}\x{E32}\x{E19}"
      text run at (0,10313) width 30: "\x{E2B}\x{E19}\x{E31}\x{E01}"
      text run at (0,10335) width 27: "\x{E08}\x{E32}\x{E01}"
      text run at (0,10357) width 23: "\x{E40}\x{E0A}\x{E49}\x{E32}"
      text run at (0,10379) width 20: "\x{E22}\x{E31}\x{E19}"
      text run at (0,10401) width 19: "\x{E04}\x{E48}\x{E33}"
      text run at (0,10423) width 26: "\x{E41}\x{E25}\x{E30}"
      text run at (0,10445) width 17: "\x{E44}\x{E21}\x{E48}"
      text run at (0,10467) width 26: "\x{E40}\x{E04}\x{E22}"
      text run at (0,10489) width 26: "\x{E23}\x{E39}\x{E49}\x{E08}\x{E31}\x{E01}"
      text run at (0,10511) width 17: "\x{E27}\x{E48}\x{E32}"
      text run at (0,10533) width 37: "\x{E04}\x{E27}\x{E32}\x{E21}"
      text run at (0,10555) width 37: "\x{E23}\x{E48}\x{E32}\x{E40}\x{E23}\x{E34}\x{E07}"
      text run at (0,10577) width 20: "\x{E04}\x{E37}\x{E2D}"
      text run at (0,10599) width 31: "\x{E2D}\x{E30}\x{E44}\x{E23}"
      text run at (0,10621) width 17: "\x{E25}\x{E38}\x{E07}"
      text run at (0,10643) width 11: "\x{E14}\x{E39}"
      text run at (0,10665) width 68: "\x{E2B}\x{E21}\x{E48}\x{E19}\x{E2B}\x{E21}\x{E2D}\x{E07}"
      text run at (0,10687) width 18: "\x{E44}\x{E1B}"
      text run at (0,10709) width 31: "\x{E2B}\x{E21}\x{E14}"
      text run at (0,10731) width 18: "\x{E15}\x{E31}\x{E49}\x{E07}"
      text run at (0,10753) width 20: "\x{E41}\x{E15}\x{E48}"
      text run at (0,10775) width 32: "\x{E40}\x{E04}\x{E23}\x{E32}"
      text run at (0,10797) width 27: "\x{E22}\x{E32}\x{E27}"
      text run at (0,10819) width 19: "\x{E08}\x{E19}"
      text run at (0,10841) width 19: "\x{E08}\x{E14}"
      text run at (0,10863) width 48: "\x{E23}\x{E2D}\x{E07}\x{E40}\x{E17}\x{E49}\x{E32}"
      text run at (0,10885) width 21: "\x{E1A}\x{E39}\x{E15}"
      text run at (0,10907) width 20: "\x{E2D}\x{E31}\x{E19}"
      text run at (0,10929) width 39: "\x{E2B}\x{E22}\x{E32}\x{E1A}"
      text run at (0,10951) width 27: "\x{E41}\x{E25}\x{E49}\x{E27}"
      text run at (0,10973) width 17: "\x{E25}\x{E38}\x{E07}"
      text run at (0,10995) width 10: "\x{E01}\x{E47}"
      text run at (0,11017) width 11: "\x{E14}\x{E39}"
      text run at (0,11039) width 58: "\x{E40}\x{E04}\x{E23}\x{E48}\x{E07}\x{E02}\x{E23}\x{E36}\x{E21}"
      text run at (0,11061) width 19: "\x{E19}\x{E48}\x{E32}"
      text run at (0,11083) width 30: "\x{E40}\x{E01}\x{E23}\x{E07}"
      text run at (0,11105) width 28: "\x{E02}\x{E32}\x{E21}"
      text run at (0,11127) width 17: "\x{E44}\x{E21}\x{E48}"
      text run at (0,11149) width 30: "\x{E04}\x{E48}\x{E2D}\x{E22}"
      text run at (0,11171) width 16: "\x{E08}\x{E30}"
      text run at (0,11193) width 21: "\x{E1E}\x{E39}\x{E14}"
      text run at (0,11215) width 11: "\x{E21}\x{E35}"
      text run at (0,11237) width 19: "\x{E42}\x{E15}"
      text run at (0,11259) width 19: "\x{E42}\x{E15}\x{E49}"
      text run at (0,11281) width 11: "\x{E17}\x{E35}\x{E48}"
      text run at (0,11303) width 19: "\x{E17}\x{E33}"
      text run at (0,11325) width 19: "\x{E43}\x{E2B}\x{E49}"
      text run at (0,11347) width 19: "\x{E42}\x{E14}"
      text run at (0,11369) width 25: "\x{E42}\x{E23}\x{E18}\x{E35}"
      text run at (0,11391) width 47: "\x{E2B}\x{E31}\x{E27}\x{E40}\x{E23}\x{E32}\x{E30}"
      text run at (0,11413) width 17: "\x{E44}\x{E14}\x{E49}"
      text run at (0,11435) width 26: "\x{E41}\x{E25}\x{E30}"
      text run at (0,11457) width 28: "\x{E0A}\x{E48}\x{E27}\x{E22}"
      text run at (0,11479) width 24: "\x{E40}\x{E18}\x{E2D}"
      text run at (0,11501) width 19: "\x{E43}\x{E2B}\x{E49}"
      text run at (0,11523) width 21: "\x{E1E}\x{E49}\x{E19}"
      text run at (0,11545) width 27: "\x{E08}\x{E32}\x{E01}"
      text run at (0,11567) width 26: "\x{E01}\x{E32}\x{E23}"
      text run at (0,11589) width 37: "\x{E01}\x{E25}\x{E32}\x{E22}"
      text run at (0,11611) width 26: "\x{E40}\x{E1B}\x{E47}\x{E19}"
      text run at (0,11633) width 10: "\x{E2A}\x{E35}"
      text run at (0,11655) width 24: "\x{E40}\x{E17}\x{E32}"
      text run at (0,11677) width 31: "\x{E2B}\x{E21}\x{E48}\x{E19}"
      text run at (0,11699) width 45: "\x{E40}\x{E2B}\x{E21}\x{E37}\x{E2D}\x{E19}"
      text run at (0,11721) width 21: "\x{E01}\x{E31}\x{E1A}"
      text run at (0,11743) width 18: "\x{E2A}\x{E34}\x{E48}\x{E07}"
      text run at (0,11765) width 28: "\x{E23}\x{E2D}\x{E1A}"
      text run at (0,11787) width 19: "\x{E15}\x{E31}\x{E27}"
      text run at (0,11809) width 20: "\x{E2D}\x{E37}\x{E48}\x{E19}"
      text run at (0,11831) width 10: "\x{E46}"
      text run at (0,11853) width 19: "\x{E42}\x{E15}"
      text run at (0,11875) width 19: "\x{E42}\x{E15}\x{E49}"
      text run at (0,11897) width 10: "\x{E2A}\x{E35}"
      text run at (0,11919) width 17: "\x{E44}\x{E21}\x{E48}"
      text run at (0,11941) width 24: "\x{E40}\x{E17}\x{E32}"
      text run at (0,11963) width 31: "\x{E2B}\x{E21}\x{E48}\x{E19}"
      text run at (0,11985) width 20: "\x{E41}\x{E15}\x{E48}"
      text run at (0,12007) width 20: "\x{E21}\x{E31}\x{E19}"
      text run at (0,12029) width 26: "\x{E40}\x{E1B}\x{E47}\x{E19}"
      text run at (0,12051) width 29: "\x{E2B}\x{E21}\x{E32}"
      text run at (0,12073) width 10: "\x{E2A}\x{E35}"
      text run at (0,12095) width 19: "\x{E14}\x{E33}"
      text run at (0,12117) width 19: "\x{E15}\x{E31}\x{E27}"
      text run at (0,12139) width 29: "\x{E19}\x{E49}\x{E2D}\x{E22}"
      text run at (0,12161) width 10: "\x{E46}"
      text run at (0,12183) width 20: "\x{E02}\x{E19}"
      text run at (0,12205) width 27: "\x{E22}\x{E32}\x{E27}"
      text run at (0,12227) width 21: "\x{E1B}\x{E38}\x{E22}"
      text run at (0,12249) width 24: "\x{E23}\x{E32}\x{E27}"
      text run at (0,12271) width 21: "\x{E01}\x{E31}\x{E1A}"
      text run at (0,12293) width 27: "\x{E44}\x{E2B}\x{E21}"
      text run at (0,12315) width 11: "\x{E21}\x{E35}"
      text run at (0,12337) width 19: "\x{E15}\x{E32}"
      text run at (0,12359) width 19: "\x{E14}\x{E33}"
      text run at (0,12381) width 24: "\x{E40}\x{E25}\x{E47}\x{E01}"
      text run at (0,12403) width 26: "\x{E40}\x{E1B}\x{E47}\x{E19}"
      text run at (0,12425) width 53: "\x{E1B}\x{E23}\x{E30}\x{E01}\x{E32}\x{E22}"
      text run at (0,12447) width 38: "\x{E23}\x{E37}\x{E48}\x{E19}\x{E40}\x{E23}\x{E34}\x{E07}"
      text run at (0,12469) width 20: "\x{E2D}\x{E22}\x{E39}\x{E48}"
      text run at (0,12491) width 27: "\x{E2A}\x{E2D}\x{E07}"
      text run at (0,12513) width 25: "\x{E02}\x{E49}\x{E32}\x{E07}"
      text run at (0,12535) width 29: "\x{E08}\x{E21}\x{E39}\x{E01}"
      text run at (0,12557) width 24: "\x{E40}\x{E25}\x{E47}\x{E01}"
      text run at (0,12579) width 20: "\x{E2D}\x{E31}\x{E19}"
      text run at (0,12601) width 19: "\x{E19}\x{E48}\x{E32}"
      text run at (0,12623) width 20: "\x{E02}\x{E31}\x{E19}"
      text run at (0,12645) width 27: "\x{E02}\x{E2D}\x{E07}"
      text run at (0,12667) width 20: "\x{E21}\x{E31}\x{E19}"
      text run at (0,12689) width 19: "\x{E42}\x{E15}"
      text run at (0,12711) width 19: "\x{E42}\x{E15}\x{E49}"
      text run at (0,12733) width 25: "\x{E40}\x{E25}\x{E48}\x{E19}"
      text run at (0,12755) width 18: "\x{E17}\x{E31}\x{E49}\x{E07}"
      text run at (0,12777) width 19: "\x{E27}\x{E31}\x{E19}"
      text run at (0,12799) width 26: "\x{E41}\x{E25}\x{E30}"
      text run at (0,12821) width 19: "\x{E42}\x{E14}"
      text run at (0,12843) width 25: "\x{E42}\x{E23}\x{E18}\x{E35}"
      text run at (0,12865) width 10: "\x{E01}\x{E47}"
      text run at (0,12887) width 25: "\x{E40}\x{E25}\x{E48}\x{E19}"
      text run at (0,12909) width 21: "\x{E01}\x{E31}\x{E1A}"
      text run at (0,12931) width 20: "\x{E21}\x{E31}\x{E19}"
      text run at (0,12953) width 26: "\x{E41}\x{E25}\x{E30}"
      text run at (0,12975) width 18: "\x{E23}\x{E31}\x{E01}"
      text run at (0,12997) width 20: "\x{E21}\x{E31}\x{E19}"
      text run at (0,13019) width 34: "\x{E40}\x{E2B}\x{E25}\x{E37}\x{E2D}"
      text run at (0,13041) width 25: "\x{E40}\x{E01}\x{E34}\x{E19}"
      text run at (0,13063) width 50: "\x{E2D}\x{E22}\x{E48}\x{E32}\x{E07}\x{E44}\x{E23}"
      text run at (0,13085) width 10: "\x{E01}\x{E47}"
      text run at (0,13107) width 29: "\x{E15}\x{E32}\x{E21}"
      text run at (0,13129) width 19: "\x{E27}\x{E31}\x{E19}"
      text run at (0,13151) width 10: "\x{E19}\x{E35}\x{E49}"
      text run at (0,13173) width 18: "\x{E17}\x{E31}\x{E49}\x{E07}"
      text run at (0,13195) width 11: "\x{E04}\x{E39}\x{E48}"
      text run at (0,13217) width 17: "\x{E44}\x{E21}\x{E48}"
      text run at (0,13239) width 17: "\x{E44}\x{E14}\x{E49}"
      text run at (0,13261) width 25: "\x{E40}\x{E25}\x{E48}\x{E19}"
      text run at (0,13283) width 17: "\x{E25}\x{E38}\x{E07}"
      text run at (0,13305) width 15: "\x{E40}\x{E2E}"
      text run at (0,13327) width 18: "\x{E19}\x{E23}\x{E35}"
      text run at (0,13349) width 18: "\x{E19}\x{E31}\x{E48}\x{E07}"
      text run at (0,13371) width 20: "\x{E2D}\x{E22}\x{E39}\x{E48}"
      text run at (0,13393) width 11: "\x{E17}\x{E35}\x{E48}"
      text run at (0,13415) width 38: "\x{E1A}\x{E31}\x{E19}\x{E44}\x{E14}"
      text run at (0,13437) width 36: "\x{E1B}\x{E23}\x{E30}\x{E15}\x{E39}"
      text run at (0,13459) width 26: "\x{E41}\x{E25}\x{E30}"
      text run at (0,13481) width 23: "\x{E40}\x{E1D}\x{E49}\x{E32}"
      text run at (0,13503) width 35: "\x{E01}\x{E31}\x{E07}\x{E27}\x{E25}"
      text run at (0,13525) width 26: "\x{E08}\x{E49}\x{E2D}\x{E07}"
      text run at (0,13547) width 11: "\x{E14}\x{E39}"
      text run at (0,13569) width 27: "\x{E17}\x{E49}\x{E2D}\x{E07}"
      text run at (0,13591) width 19: "\x{E1F}\x{E49}\x{E32}"
      text run at (0,13613) width 10: "\x{E2A}\x{E35}"
      text run at (0,13635) width 24: "\x{E40}\x{E17}\x{E32}"
      text run at (0,13657) width 31: "\x{E2B}\x{E21}\x{E48}\x{E19}"
      text run at (0,13679) width 20: "\x{E1C}\x{E34}\x{E14}"
      text run at (0,13701) width 31: "\x{E1B}\x{E01}\x{E15}\x{E34}"
      text run at (0,13723) width 19: "\x{E42}\x{E14}"
      text run at (0,13745) width 25: "\x{E42}\x{E23}\x{E18}\x{E35}"
      text run at (0,13767) width 20: "\x{E22}\x{E37}\x{E19}"
      text run at (0,13789) width 11: "\x{E17}\x{E35}\x{E48}"
      text run at (0,13811) width 36: "\x{E1B}\x{E23}\x{E30}\x{E15}\x{E39}"
      text run at (0,13833) width 29: "\x{E01}\x{E2D}\x{E14}"
      text run at (0,13855) width 19: "\x{E42}\x{E15}"
      text run at (0,13877) width 19: "\x{E42}\x{E15}\x{E49}"
      text run at (0,13899) width 15: "\x{E44}\x{E27}\x{E49}"
      text run at (0,13921) width 19: "\x{E43}\x{E19}"
      text run at (0,13943) width 29: "\x{E2D}\x{E49}\x{E2D}\x{E21}"
      text run at (0,13965) width 29: "\x{E41}\x{E02}\x{E19}"
      text run at (0,13987) width 26: "\x{E41}\x{E25}\x{E30}"
      text run at (0,14009) width 10: "\x{E01}\x{E47}"
      text run at (0,14031) width 27: "\x{E21}\x{E2D}\x{E07}"
      text run at (0,14053) width 11: "\x{E14}\x{E39}"
      text run at (0,14075) width 27: "\x{E17}\x{E49}\x{E2D}\x{E07}"
      text run at (0,14097) width 19: "\x{E1F}\x{E49}\x{E32}"
      text run at (0,14119) width 20: "\x{E2D}\x{E22}\x{E39}\x{E48}"
      text run at (0,14141) width 45: "\x{E40}\x{E2B}\x{E21}\x{E37}\x{E2D}\x{E19}"
      text run at (0,14163) width 20: "\x{E01}\x{E31}\x{E19}"
      text run at (0,14185) width 19: "\x{E1B}\x{E49}\x{E32}"
      text run at (0,14207) width 25: "\x{E40}\x{E2D}\x{E47}\x{E21}"
      text run at (0,14229) width 35: "\x{E01}\x{E33}\x{E25}\x{E31}\x{E07}"
      text run at (0,14251) width 26: "\x{E25}\x{E49}\x{E32}\x{E07}"
      text run at (0,14273) width 28: "\x{E0A}\x{E32}\x{E21}"
      text run at (0,14295) width 20: "\x{E2D}\x{E22}\x{E39}\x{E48}"
      text run at (0,14317) width 27: "\x{E08}\x{E32}\x{E01}"
      text run at (0,14339) width 29: "\x{E14}\x{E49}\x{E32}\x{E19}"
      text run at (0,14361) width 35: "\x{E40}\x{E2B}\x{E19}\x{E37}\x{E2D}"
      text run at (0,14383) width 26: "\x{E44}\x{E01}\x{E25}"
      text run at (0,14405) width 29: "\x{E2D}\x{E2D}\x{E01}"
      text run at (0,14427) width 18: "\x{E44}\x{E1B}"
      text run at (0,14449) width 11: "\x{E21}\x{E35}"
      text run at (0,14471) width 32: "\x{E40}\x{E2A}\x{E35}\x{E22}\x{E07}"
      text run at (0,14493) width 20: "\x{E25}\x{E21}"
      text run at (0,14515) width 34: "\x{E04}\x{E23}\x{E32}\x{E07}"
      text run at (0,14537) width 27: "\x{E41}\x{E1C}\x{E48}\x{E27}"
      text run at (0,14559) width 24: "\x{E40}\x{E1A}\x{E32}"
      text run at (0,14581) width 37: "\x{E44}\x{E14}\x{E49}\x{E22}\x{E34}\x{E19}"
      text run at (0,14603) width 19: "\x{E21}\x{E32}"
      text run at (0,14625) width 17: "\x{E25}\x{E38}\x{E07}"
      text run at (0,14647) width 15: "\x{E40}\x{E2E}"
      text run at (0,14669) width 18: "\x{E19}\x{E23}\x{E35}"
      text run at (0,14691) width 26: "\x{E41}\x{E25}\x{E30}"
      text run at (0,14713) width 19: "\x{E42}\x{E14}"
      text run at (0,14735) width 25: "\x{E42}\x{E23}\x{E18}\x{E35}"
      text run at (0,14757) width 26: "\x{E40}\x{E2B}\x{E47}\x{E19}"
      text run at (0,14779) width 20: "\x{E15}\x{E49}\x{E19}"
      text run at (0,14801) width 32: "\x{E2B}\x{E0D}\x{E49}\x{E32}"
      text run at (0,14823) width 18: "\x{E2A}\x{E39}\x{E07}"
      text run at (0,14845) width 25: "\x{E40}\x{E2D}\x{E19}"
      text run at (0,14867) width 26: "\x{E40}\x{E1B}\x{E47}\x{E19}"
      text run at (0,14889) width 30: "\x{E04}\x{E25}\x{E37}\x{E48}\x{E19}"
      text run at (0,14911) width 29: "\x{E01}\x{E48}\x{E2D}\x{E19}"
      text run at (0,14933) width 11: "\x{E17}\x{E35}\x{E48}"
      text run at (0,14955) width 29: "\x{E1E}\x{E32}\x{E22}\x{E38}"
      text run at (0,14977) width 16: "\x{E08}\x{E30}"
      text run at (0,14999) width 19: "\x{E21}\x{E32}"
      text run at (0,15021) width 18: "\x{E16}\x{E36}\x{E07}"
      text run at (0,15043) width 27: "\x{E41}\x{E25}\x{E49}\x{E27}"
      text run at (0,15065) width 10: "\x{E01}\x{E47}"
      text run at (0,15087) width 11: "\x{E21}\x{E35}"
      text run at (0,15109) width 32: "\x{E40}\x{E2A}\x{E35}\x{E22}\x{E07}"
      text run at (0,15131) width 29: "\x{E2B}\x{E27}\x{E35}\x{E14}"
      text run at (0,15153) width 27: "\x{E2B}\x{E27}\x{E34}\x{E27}"
      text run at (0,15175) width 43: "\x{E0A}\x{E31}\x{E14}\x{E40}\x{E08}\x{E19}"
      text run at (0,15197) width 19: "\x{E21}\x{E32}"
      text run at (0,15219) width 27: "\x{E08}\x{E32}\x{E01}"
      text run at (0,15241) width 72: "\x{E1A}\x{E23}\x{E23}\x{E22}\x{E32}\x{E01}\x{E32}\x{E28}"
      text run at (0,15263) width 26: "\x{E17}\x{E32}\x{E07}"
      text run at (0,15285) width 19: "\x{E43}\x{E15}\x{E49}"
      text run at (0,15307) width 26: "\x{E41}\x{E25}\x{E30}"
      text run at (0,15329) width 25: "\x{E40}\x{E21}\x{E37}\x{E48}\x{E2D}"
      text run at (0,15351) width 45: "\x{E40}\x{E2B}\x{E25}\x{E37}\x{E2D}\x{E1A}"
      text run at (0,15373) width 19: "\x{E15}\x{E32}"
      text run at (0,15395) width 18: "\x{E44}\x{E1B}"
      text run at (0,15417) width 26: "\x{E17}\x{E32}\x{E07}"
      text run at (0,15439) width 29: "\x{E14}\x{E49}\x{E32}\x{E19}"
      text run at (0,15461) width 20: "\x{E19}\x{E31}\x{E49}\x{E19}"
      text run at (0,15483) width 10: "\x{E01}\x{E47}"
      text run at (0,15505) width 26: "\x{E40}\x{E2B}\x{E47}\x{E19}"
      text run at (0,15527) width 30: "\x{E04}\x{E25}\x{E37}\x{E48}\x{E19}"
      text run at (0,15549) width 32: "\x{E2B}\x{E0D}\x{E49}\x{E32}"
      text run at (0,15571) width 19: "\x{E21}\x{E32}"
      text run at (0,15593) width 26: "\x{E17}\x{E32}\x{E07}"
      text run at (0,15615) width 29: "\x{E14}\x{E49}\x{E32}\x{E19}"
      text run at (0,15637) width 20: "\x{E19}\x{E31}\x{E49}\x{E19}"
      text run at (0,15659) width 29: "\x{E14}\x{E49}\x{E27}\x{E22}"
      text run at (0,15681) width 17: "\x{E25}\x{E38}\x{E07}"
      text run at (0,15703) width 15: "\x{E40}\x{E2E}"
      text run at (0,15725) width 18: "\x{E19}\x{E23}\x{E35}"
      text run at (0,15747) width 20: "\x{E1C}\x{E38}\x{E14}"
      text run at (0,15769) width 19: "\x{E25}\x{E38}\x{E01}"
      text run at (0,15791) width 20: "\x{E02}\x{E36}\x{E49}\x{E19}"
      text run at (0,15813) width 20: "\x{E17}\x{E31}\x{E19}"
      text run at (0,15835) width 19: "\x{E43}\x{E14}"
      text run at (0,15854) width 7: "\""
      text run at (0,15875) width 20: "\x{E25}\x{E21}"
      text run at (0,15897) width 54: "\x{E44}\x{E0B}\x{E42}\x{E04}\x{E25}\x{E19}"
      text run at (0,15919) width 19: "\x{E21}\x{E32}"
      text run at (0,15941) width 25: "\x{E40}\x{E2D}\x{E47}\x{E21}"
      text run at (0,15960) width 7: "\""
      text run at (0,15981) width 17: "\x{E25}\x{E38}\x{E07}"
      text run at (0,16003) width 25: "\x{E23}\x{E49}\x{E2D}\x{E07}"
      text run at (0,16025) width 30: "\x{E1A}\x{E2D}\x{E01}"
      text run at (0,16047) width 44: "\x{E20}\x{E23}\x{E23}\x{E22}\x{E32}"
      text run at (0,16066) width 7: "\""
      text run at (0,16087) width 18: "\x{E02}\x{E49}\x{E32}"
      text run at (0,16109) width 16: "\x{E08}\x{E30}"
      text run at (0,16131) width 18: "\x{E44}\x{E1B}"
      text run at (0,16153) width 11: "\x{E14}\x{E39}"
      text run at (0,16175) width 28: "\x{E2A}\x{E31}\x{E15}\x{E27}\x{E4C}"
      text run at (0,16197) width 32: "\x{E40}\x{E25}\x{E35}\x{E49}\x{E22}\x{E07}"
      text run at (0,16219) width 40: "\x{E2B}\x{E19}\x{E48}\x{E2D}\x{E22}"
      text run at (0,16238) width 7: "\""
      text run at (0,16259) width 27: "\x{E41}\x{E25}\x{E49}\x{E27}"
      text run at (0,16281) width 17: "\x{E25}\x{E38}\x{E07}"
      text run at (0,16303) width 10: "\x{E01}\x{E47}"
      text run at (0,16325) width 16: "\x{E27}\x{E34}\x{E48}\x{E07}"
      text run at (0,16347) width 18: "\x{E44}\x{E1B}"
      text run at (0,16369) width 18: "\x{E22}\x{E31}\x{E07}"
      text run at (0,16391) width 24: "\x{E40}\x{E1E}\x{E34}\x{E07}"
      text run at (0,16413) width 11: "\x{E17}\x{E35}\x{E48}"
      text run at (0,16435) width 17: "\x{E27}\x{E31}\x{E27}"
      text run at (0,16457) width 26: "\x{E41}\x{E25}\x{E30}"
      text run at (0,16479) width 19: "\x{E21}\x{E49}\x{E32}"
      text run at (0,16501) width 38: "\x{E2D}\x{E32}\x{E28}\x{E31}\x{E22}"
      text run at (0,16523) width 20: "\x{E2D}\x{E22}\x{E39}\x{E48}"
      text run at (0,16545) width 19: "\x{E1B}\x{E49}\x{E32}"
      text run at (0,16567) width 25: "\x{E40}\x{E2D}\x{E47}\x{E21}"
      text run at (0,16589) width 30: "\x{E2B}\x{E22}\x{E38}\x{E14}"
      text run at (0,16611) width 45: "\x{E17}\x{E33}\x{E07}\x{E32}\x{E19}"
      text run at (0,16633) width 26: "\x{E41}\x{E25}\x{E30}"
      text run at (0,16655) width 19: "\x{E21}\x{E32}"
      text run at (0,16677) width 11: "\x{E17}\x{E35}\x{E48}"
      text run at (0,16699) width 36: "\x{E1B}\x{E23}\x{E30}\x{E15}\x{E39}"
      text run at (0,16721) width 34: "\x{E40}\x{E1E}\x{E35}\x{E22}\x{E07}"
      text run at (0,16743) width 46: "\x{E0A}\x{E32}\x{E22}\x{E15}\x{E32}"
      text run at (0,16765) width 27: "\x{E21}\x{E2D}\x{E07}"
      text run at (0,16787) width 19: "\x{E1B}\x{E49}\x{E32}"
      text run at (0,16809) width 10: "\x{E01}\x{E47}"
      text run at (0,16831) width 30: "\x{E1A}\x{E2D}\x{E01}"
      text run at (0,16853) width 17: "\x{E44}\x{E14}\x{E49}"
      text run at (0,16875) width 17: "\x{E27}\x{E48}\x{E32}"
      text run at (0,16897) width 55: "\x{E2D}\x{E31}\x{E19}\x{E15}\x{E23}\x{E32}\x{E22}"
      text run at (0,16919) width 19: "\x{E21}\x{E32}"
      text run at (0,16941) width 18: "\x{E16}\x{E36}\x{E07}"
      text run at (0,16963) width 27: "\x{E41}\x{E25}\x{E49}\x{E27}"
      text run at (0,16982) width 7: "\""
      text run at (0,17003) width 21: "\x{E40}\x{E23}\x{E47}\x{E27}"
      text run at (0,17025) width 19: "\x{E42}\x{E14}"
      text run at (0,17047) width 25: "\x{E42}\x{E23}\x{E18}\x{E35}"
      text run at (0,17066) width 6: "!"
      text run at (0,17084) width 7: "\""
      text run at (0,17105) width 19: "\x{E1B}\x{E49}\x{E32}"
      text run at (0,17127) width 45: "\x{E15}\x{E30}\x{E42}\x{E01}\x{E19}"
      text run at (0,17146) width 7: "\""
      text run at (0,17167) width 16: "\x{E27}\x{E34}\x{E48}\x{E07}"
      text run at (0,17189) width 18: "\x{E44}\x{E1B}"
      text run at (0,17211) width 27: "\x{E2B}\x{E49}\x{E2D}\x{E07}"
      text run at (0,17233) width 39: "\x{E43}\x{E15}\x{E49}\x{E16}\x{E38}\x{E19}"
      text run at (0,17252) width 7: "\""
      text run at (0,17273) width 19: "\x{E42}\x{E15}"
      text run at (0,17295) width 19: "\x{E42}\x{E15}\x{E49}"
      text run at (0,17317) width 29: "\x{E1C}\x{E25}\x{E38}\x{E19}"
      text run at (0,17339) width 53: "\x{E01}\x{E23}\x{E30}\x{E42}\x{E14}\x{E14}"
      text run at (0,17361) width 17: "\x{E25}\x{E07}"
      text run at (0,17383) width 27: "\x{E08}\x{E32}\x{E01}"
      text run at (0,17405) width 29: "\x{E2D}\x{E49}\x{E2D}\x{E21}"
      text run at (0,17427) width 29: "\x{E41}\x{E02}\x{E19}"
      text run at (0,17449) width 19: "\x{E42}\x{E14}"
      text run at (0,17471) width 25: "\x{E42}\x{E23}\x{E18}\x{E35}"
      text run at (0,17493) width 27: "\x{E41}\x{E25}\x{E49}\x{E27}"
      text run at (0,17515) width 23: "\x{E40}\x{E02}\x{E49}\x{E32}"
      text run at (0,17537) width 18: "\x{E44}\x{E1B}"
      text run at (0,17559) width 29: "\x{E0B}\x{E48}\x{E2D}\x{E19}"
      text run at (0,17581) width 20: "\x{E2D}\x{E22}\x{E39}\x{E48}"
      text run at (0,17603) width 19: "\x{E43}\x{E15}\x{E49}"
      text run at (0,17625) width 33: "\x{E40}\x{E15}\x{E35}\x{E22}\x{E07}"
      text run at (0,17647) width 25: "\x{E40}\x{E14}\x{E47}\x{E01}"
      text run at (0,17669) width 31: "\x{E2B}\x{E0D}\x{E34}\x{E07}"
      text run at (0,17691) width 29: "\x{E19}\x{E49}\x{E2D}\x{E22}"
      text run at (0,17713) width 23: "\x{E40}\x{E02}\x{E49}\x{E32}"
      text run at (0,17735) width 18: "\x{E44}\x{E1B}"
      text run at (0,17757) width 18: "\x{E14}\x{E36}\x{E07}"
      text run at (0,17779) width 20: "\x{E21}\x{E31}\x{E19}"
      text run at (0,17801) width 29: "\x{E2D}\x{E2D}\x{E01}"
      text run at (0,17823) width 19: "\x{E21}\x{E32}"
      text run at (0,17845) width 19: "\x{E1B}\x{E49}\x{E32}"
      text run at (0,17867) width 25: "\x{E40}\x{E2D}\x{E47}\x{E21}"
      text run at (0,17889) width 52: "\x{E01}\x{E23}\x{E30}\x{E0A}\x{E32}\x{E01}"
      text run at (0,17911) width 18: "\x{E1D}\x{E32}"
      text run at (0,17933) width 11: "\x{E17}\x{E35}\x{E48}"
      text run at (0,17955) width 21: "\x{E1E}\x{E37}\x{E49}\x{E19}"
      text run at (0,17977) width 29: "\x{E2D}\x{E2D}\x{E01}"
      text run at (0,17999) width 35: "\x{E2D}\x{E22}\x{E48}\x{E32}\x{E07}"
      text run at (0,18021) width 19: "\x{E2D}\x{E01}"
      text run at (0,18043) width 20: "\x{E2A}\x{E31}\x{E48}\x{E19}"
      text run at (0,18065) width 31: "\x{E02}\x{E27}\x{E31}\x{E0D}"
      text run at (0,18087) width 28: "\x{E2B}\x{E32}\x{E22}"
      text run at (0,18109) width 21: "\x{E1B}\x{E35}\x{E19}"
      text run at (0,18131) width 38: "\x{E1A}\x{E31}\x{E19}\x{E44}\x{E14}"
      text run at (0,18153) width 17: "\x{E44}\x{E21}\x{E49}"
      text run at (0,18175) width 17: "\x{E25}\x{E07}"
      text run at (0,18197) width 18: "\x{E44}\x{E1B}"
      text run at (0,18219) width 19: "\x{E43}\x{E19}"
      text run at (0,18241) width 35: "\x{E42}\x{E1E}\x{E23}\x{E07}"
      text run at (0,18263) width 24: "\x{E40}\x{E25}\x{E47}\x{E01}"
      text run at (0,18285) width 20: "\x{E2D}\x{E31}\x{E19}"
      text run at (0,18307) width 21: "\x{E21}\x{E37}\x{E14}"
      text run at (0,18329) width 21: "\x{E17}\x{E36}\x{E1A}"
      text run at (0,18351) width 19: "\x{E42}\x{E14}"
      text run at (0,18373) width 25: "\x{E42}\x{E23}\x{E18}\x{E35}"
      text run at (0,18395) width 19: "\x{E08}\x{E31}\x{E1A}"
      text run at (0,18417) width 19: "\x{E42}\x{E15}"
      text run at (0,18439) width 19: "\x{E42}\x{E15}\x{E49}"
      text run at (0,18461) width 17: "\x{E44}\x{E14}\x{E49}"
      text run at (0,18483) width 19: "\x{E43}\x{E19}"
      text run at (0,18505) width 11: "\x{E17}\x{E35}\x{E48}"
      text run at (0,18527) width 20: "\x{E2A}\x{E38}\x{E14}"
      text run at (0,18549) width 26: "\x{E41}\x{E25}\x{E30}"
      text run at (0,18571) width 16: "\x{E27}\x{E34}\x{E48}\x{E07}"
      text run at (0,18593) width 29: "\x{E15}\x{E32}\x{E21}"
      text run at (0,18615) width 19: "\x{E1B}\x{E49}\x{E32}"
      text run at (0,18637) width 24: "\x{E40}\x{E18}\x{E2D}"
      text run at (0,18659) width 18: "\x{E44}\x{E1B}"
      text run at (0,18681) width 25: "\x{E40}\x{E21}\x{E37}\x{E48}\x{E2D}"
      text run at (0,18703) width 24: "\x{E40}\x{E18}\x{E2D}"
      text run at (0,18725) width 19: "\x{E21}\x{E32}"
      text run at (0,18747) width 17: "\x{E44}\x{E14}\x{E49}"
      text run at (0,18769) width 26: "\x{E04}\x{E23}\x{E36}\x{E48}\x{E07}"
      text run at (0,18791) width 27: "\x{E2B}\x{E49}\x{E2D}\x{E07}"
      text run at (0,18813) width 10: "\x{E01}\x{E47}"
      text run at (0,18835) width 11: "\x{E21}\x{E35}"
      text run at (0,18857) width 32: "\x{E40}\x{E2A}\x{E35}\x{E22}\x{E07}"
      text run at (0,18879) width 29: "\x{E2B}\x{E27}\x{E35}\x{E14}"
      text run at (0,18901) width 28: "\x{E2B}\x{E27}\x{E37}\x{E2D}"
      text run at (0,18923) width 28: "\x{E2A}\x{E48}\x{E27}\x{E19}"
      text run at (0,18945) width 29: "\x{E1A}\x{E49}\x{E32}\x{E19}"
      text run at (0,18967) width 10: "\x{E01}\x{E47}"
      text run at (0,18989) width 20: "\x{E2A}\x{E31}\x{E48}\x{E19}"
      text run at (0,19011) width 35: "\x{E2D}\x{E22}\x{E48}\x{E32}\x{E07}"
      text run at (0,19033) width 25: "\x{E41}\x{E23}\x{E07}"
      text run at (0,19055) width 19: "\x{E08}\x{E19}"
      text run at (0,19077) width 24: "\x{E40}\x{E18}\x{E2D}"
      text run at (0,19099) width 20: "\x{E2B}\x{E01}"
      text run at (0,19121) width 36: "\x{E04}\x{E30}\x{E21}\x{E33}"
      text run at (0,19143) width 18: "\x{E19}\x{E31}\x{E48}\x{E07}"
      text run at (0,19165) width 41: "\x{E08}\x{E49}\x{E33}\x{E40}\x{E1A}\x{E49}\x{E32}"
      text run at (0,19187) width 20: "\x{E2D}\x{E22}\x{E39}\x{E48}"
      text run at (0,19209) width 21: "\x{E01}\x{E31}\x{E1A}"
      text run at (0,19231) width 21: "\x{E1E}\x{E37}\x{E49}\x{E19}"
      text run at (0,19253) width 27: "\x{E41}\x{E25}\x{E49}\x{E27}"
      text run at (0,19275) width 18: "\x{E2A}\x{E34}\x{E48}\x{E07}"
      text run at (0,19297) width 63: "\x{E1B}\x{E23}\x{E30}\x{E2B}\x{E25}\x{E32}\x{E14}"
      text run at (0,19319) width 10: "\x{E01}\x{E47}"
      text run at (0,19341) width 25: "\x{E40}\x{E01}\x{E34}\x{E14}"
      text run at (0,19363) width 20: "\x{E02}\x{E36}\x{E49}\x{E19}"
      text run at (0,19385) width 29: "\x{E1A}\x{E49}\x{E32}\x{E19}"
      text run at (0,19407) width 31: "\x{E2B}\x{E21}\x{E38}\x{E19}"
      text run at (0,19429) width 18: "\x{E44}\x{E1B}"
      text run at (0,19451) width 31: "\x{E2B}\x{E21}\x{E38}\x{E19}"
      text run at (0,19473) width 19: "\x{E21}\x{E32}"
      text run at (0,19495) width 27: "\x{E2A}\x{E2D}\x{E07}"
      text run at (0,19517) width 28: "\x{E2A}\x{E32}\x{E21}"
      text run at (0,19539) width 28: "\x{E23}\x{E2D}\x{E1A}"
      text run at (0,19561) width 27: "\x{E41}\x{E25}\x{E49}\x{E27}"
      text run at (0,19583) width 10: "\x{E01}\x{E47}"
      text run at (0,19605) width 29: "\x{E25}\x{E2D}\x{E22}"
      text run at (0,19627) width 20: "\x{E02}\x{E36}\x{E49}\x{E19}"
      text run at (0,19649) width 10: "\x{E2A}\x{E39}\x{E48}"
      text run at (0,19671) width 46: "\x{E2D}\x{E32}\x{E01}\x{E32}\x{E28}"
      text run at (0,19693) width 35: "\x{E2D}\x{E22}\x{E48}\x{E32}\x{E07}"
      text run at (0,19715) width 18: "\x{E0A}\x{E49}\x{E32}"
      text run at (0,19737) width 10: "\x{E46}"
      text run at (0,19759) width 19: "\x{E42}\x{E14}"
      text run at (0,19781) width 25: "\x{E42}\x{E23}\x{E18}\x{E35}"
      text run at (0,19803) width 27: "\x{E23}\x{E39}\x{E49}\x{E2A}\x{E36}\x{E01}"
      text run at (0,19825) width 24: "\x{E23}\x{E32}\x{E27}"
      text run at (0,19847) width 21: "\x{E01}\x{E31}\x{E1A}"
      text run at (0,19869) width 17: "\x{E27}\x{E48}\x{E32}"
      text run at (0,19891) width 24: "\x{E40}\x{E18}\x{E2D}"
      text run at (0,19913) width 17: "\x{E44}\x{E14}\x{E49}"
      text run at (0,19935) width 20: "\x{E02}\x{E36}\x{E49}\x{E19}"
      text run at (0,19957) width 18: "\x{E44}\x{E1B}"
      text run at (0,19979) width 21: "\x{E01}\x{E31}\x{E1A}"
      text run at (0,20001) width 19: "\x{E25}\x{E39}\x{E01}"
      text run at (0,20023) width 49: "\x{E1A}\x{E2D}\x{E25}\x{E25}\x{E39}\x{E19}"
      text run at (0,20045) width 29: "\x{E1E}\x{E32}\x{E22}\x{E38}"
      text run at (0,20067) width 35: "\x{E40}\x{E2B}\x{E19}\x{E37}\x{E2D}"
      text run at (0,20089) width 21: "\x{E01}\x{E31}\x{E1A}"
      text run at (0,20111) width 29: "\x{E1E}\x{E32}\x{E22}\x{E38}"
      text run at (0,20133) width 19: "\x{E43}\x{E15}\x{E49}"
      text run at (0,20155) width 19: "\x{E21}\x{E32}"
      text run at (0,20177) width 22: "\x{E1E}\x{E1A}"
      text run at (0,20199) width 20: "\x{E01}\x{E31}\x{E19}"
      text run at (0,20221) width 26: "\x{E15}\x{E23}\x{E07}"
      text run at (0,20243) width 11: "\x{E17}\x{E35}\x{E48}"
      text run at (0,20265) width 29: "\x{E1A}\x{E49}\x{E32}\x{E19}"
      text run at (0,20287) width 20: "\x{E1E}\x{E2D}"
      text run at (0,20309) width 11: "\x{E14}\x{E35}"
      text run at (0,20331) width 26: "\x{E41}\x{E25}\x{E30}"
      text run at (0,20353) width 19: "\x{E17}\x{E33}"
      text run at (0,20375) width 19: "\x{E43}\x{E2B}\x{E49}"
      text run at (0,20397) width 26: "\x{E15}\x{E23}\x{E07}"
      text run at (0,20419) width 20: "\x{E19}\x{E31}\x{E49}\x{E19}"
      text run at (0,20441) width 26: "\x{E40}\x{E1B}\x{E47}\x{E19}"
      text run at (0,20463) width 19: "\x{E08}\x{E38}\x{E14}"
      text run at (0,20485) width 30: "\x{E28}\x{E39}\x{E19}\x{E22}\x{E4C}"
      text run at (0,20507) width 35: "\x{E01}\x{E25}\x{E32}\x{E07}"
      text run at (0,20529) width 27: "\x{E02}\x{E2D}\x{E07}"
      text run at (0,20551) width 29: "\x{E1E}\x{E32}\x{E22}\x{E38}"
      text run at (0,20573) width 54: "\x{E44}\x{E0B}\x{E42}\x{E04}\x{E25}\x{E19}"
      text run at (0,20595) width 29: "\x{E15}\x{E32}\x{E21}"
      text run at (0,20617) width 31: "\x{E1B}\x{E01}\x{E15}\x{E34}"
      text run at (0,20639) width 26: "\x{E15}\x{E23}\x{E07}"
      text run at (0,20661) width 35: "\x{E01}\x{E25}\x{E32}\x{E07}"
      text run at (0,20683) width 29: "\x{E1E}\x{E32}\x{E22}\x{E38}"
      text run at (0,20705) width 54: "\x{E44}\x{E0B}\x{E42}\x{E04}\x{E25}\x{E19}"
      text run at (0,20727) width 46: "\x{E2D}\x{E32}\x{E01}\x{E32}\x{E28}"
      text run at (0,20749) width 16: "\x{E08}\x{E30}"
      text run at (0,20771) width 18: "\x{E19}\x{E34}\x{E48}\x{E07}"
      text run at (0,20793) width 20: "\x{E41}\x{E15}\x{E48}"
      text run at (0,20815) width 37: "\x{E04}\x{E27}\x{E32}\x{E21}"
      text run at (0,20837) width 40: "\x{E01}\x{E14}\x{E14}\x{E31}\x{E19}"
      text run at (0,20859) width 35: "\x{E2D}\x{E22}\x{E48}\x{E32}\x{E07}"
      text run at (0,20881) width 30: "\x{E2B}\x{E19}\x{E31}\x{E01}"
      text run at (0,20903) width 27: "\x{E02}\x{E2D}\x{E07}"
      text run at (0,20925) width 20: "\x{E25}\x{E21}"
      text run at (0,20947) width 20: "\x{E17}\x{E38}\x{E01}"
      text run at (0,20969) width 29: "\x{E14}\x{E49}\x{E32}\x{E19}"
      text run at (0,20991) width 28: "\x{E23}\x{E2D}\x{E1A}"
      text run at (0,21013) width 29: "\x{E1A}\x{E49}\x{E32}\x{E19}"
      text run at (0,21035) width 19: "\x{E17}\x{E33}"
      text run at (0,21057) width 19: "\x{E43}\x{E2B}\x{E49}"
      text run at (0,21079) width 29: "\x{E1A}\x{E49}\x{E32}\x{E19}"
      text run at (0,21101) width 29: "\x{E25}\x{E2D}\x{E22}"
      text run at (0,21123) width 18: "\x{E2A}\x{E39}\x{E07}"
      text run at (0,21145) width 20: "\x{E02}\x{E36}\x{E49}\x{E19}"
      text run at (0,21167) width 10: "\x{E46}"
      text run at (0,21189) width 19: "\x{E08}\x{E19}"
      text run at (0,21211) width 42: "\x{E01}\x{E23}\x{E30}\x{E17}\x{E31}\x{E48}\x{E07}"
      text run at (0,21233) width 20: "\x{E02}\x{E36}\x{E49}\x{E19}"
      text run at (0,21255) width 18: "\x{E44}\x{E1B}"
      text run at (0,21277) width 20: "\x{E2D}\x{E22}\x{E39}\x{E48}"
      text run at (0,21299) width 20: "\x{E2A}\x{E38}\x{E14}"
      text run at (0,21321) width 30: "\x{E22}\x{E2D}\x{E14}"
      text run at (0,21343) width 27: "\x{E02}\x{E2D}\x{E07}"
      text run at (0,21365) width 29: "\x{E1E}\x{E32}\x{E22}\x{E38}"
      text run at (0,21387) width 54: "\x{E44}\x{E0B}\x{E42}\x{E04}\x{E25}\x{E19}"
      text run at (0,21409) width 26: "\x{E41}\x{E25}\x{E30}"
      text run at (0,21431) width 27: "\x{E08}\x{E32}\x{E01}"
      text run at (0,21453) width 26: "\x{E15}\x{E23}\x{E07}"
      text run at (0,21475) width 20: "\x{E19}\x{E31}\x{E49}\x{E19}"
      text run at (0,21497) width 10: "\x{E01}\x{E47}"
      text run at (0,21519) width 20: "\x{E16}\x{E39}\x{E01}"
      text run at (0,21541) width 30: "\x{E2B}\x{E2D}\x{E1A}"
      text run at (0,21563) width 18: "\x{E44}\x{E1B}"
      text run at (0,21585) width 38: "\x{E2B}\x{E25}\x{E32}\x{E22}"
      text run at (0,21607) width 27: "\x{E44}\x{E21}\x{E25}\x{E4C}"
      text run at (0,21629) width 26: "\x{E07}\x{E48}\x{E32}\x{E22}"
      text run at (0,21651) width 28: "\x{E14}\x{E32}\x{E22}"
      text run at (0,21673) width 24: "\x{E23}\x{E32}\x{E27}"
      text run at (0,21695) width 21: "\x{E01}\x{E31}\x{E1A}"
      text run at (0,21717) width 30: "\x{E2B}\x{E2D}\x{E1A}"
      text run at (0,21739) width 20: "\x{E02}\x{E19}"
      text run at (0,21761) width 20: "\x{E19}\x{E01}"
      text run at (0,21783) width 21: "\x{E21}\x{E37}\x{E14}"
      text run at (0,21805) width 28: "\x{E21}\x{E32}\x{E01}"
      text run at (0,21827) width 27: "\x{E41}\x{E25}\x{E49}\x{E27}"
      text run at (0,21849) width 20: "\x{E25}\x{E21}"
      text run at (0,21871) width 18: "\x{E22}\x{E31}\x{E07}"
      text run at (0,21893) width 18: "\x{E2A}\x{E48}\x{E07}"
      text run at (0,21915) width 32: "\x{E40}\x{E2A}\x{E35}\x{E22}\x{E07}"
      text run at (0,21937) width 29: "\x{E2B}\x{E27}\x{E35}\x{E14}"
      text run at (0,21959) width 28: "\x{E2B}\x{E27}\x{E37}\x{E2D}"
      text run at (0,21981) width 19: "\x{E19}\x{E48}\x{E32}"
      text run at (0,22003) width 28: "\x{E01}\x{E25}\x{E31}\x{E27}"
      text run at (0,22025) width 20: "\x{E2D}\x{E22}\x{E39}\x{E48}"
      text run at (0,22047) width 28: "\x{E23}\x{E2D}\x{E1A}"
      text run at (0,22069) width 19: "\x{E15}\x{E31}\x{E27}"
      text run at (0,22091) width 24: "\x{E40}\x{E18}\x{E2D}"
      text run at (0,22113) width 20: "\x{E41}\x{E15}\x{E48}"
      text run at (0,22135) width 19: "\x{E42}\x{E14}"
      text run at (0,22157) width 25: "\x{E42}\x{E23}\x{E18}\x{E35}"
      text run at (0,22179) width 26: "\x{E40}\x{E2B}\x{E47}\x{E19}"
      text run at (0,22201) width 17: "\x{E27}\x{E48}\x{E32}"
      text run at (0,22223) width 24: "\x{E40}\x{E18}\x{E2D}"
      text run at (0,22245) width 54: "\x{E2A}\x{E32}\x{E21}\x{E32}\x{E23}\x{E16}"
      text run at (0,22267) width 18: "\x{E19}\x{E31}\x{E48}\x{E07}"
      text run at (0,22289) width 18: "\x{E44}\x{E1B}"
      text run at (0,22311) width 17: "\x{E44}\x{E14}\x{E49}"
      text run at (0,22333) width 28: "\x{E2D}\x{E22}\x{E48}\x{E32}"
      text run at (0,22355) width 34: "\x{E07}\x{E07}\x{E48}\x{E32}\x{E22}"
      text run at (0,22377) width 28: "\x{E14}\x{E32}\x{E22}"
      text run at (0,22399) width 20: "\x{E19}\x{E31}\x{E01}"
      text run at (0,22421) width 26: "\x{E04}\x{E23}\x{E31}\x{E49}\x{E07}"
      text run at (0,22443) width 28: "\x{E2B}\x{E19}\x{E36}\x{E48}\x{E07}"
      text run at (0,22465) width 28: "\x{E2B}\x{E25}\x{E31}\x{E07}"
      text run at (0,22487) width 27: "\x{E08}\x{E32}\x{E01}"
      text run at (0,22509) width 11: "\x{E17}\x{E35}\x{E48}"
      text run at (0,22531) width 29: "\x{E1A}\x{E49}\x{E32}\x{E19}"
      text run at (0,22553) width 37: "\x{E2A}\x{E30}\x{E14}\x{E38}\x{E14}"
      text run at (0,22575) width 35: "\x{E2D}\x{E22}\x{E48}\x{E32}\x{E07}"
      text run at (0,22597) width 25: "\x{E41}\x{E23}\x{E07}"
      text run at (0,22619) width 26: "\x{E41}\x{E25}\x{E30}"
      text run at (0,22641) width 31: "\x{E2B}\x{E21}\x{E38}\x{E19}"
      text run at (0,22663) width 18: "\x{E44}\x{E1B}"
      text run at (0,22685) width 28: "\x{E23}\x{E2D}\x{E1A}"
      text run at (0,22707) width 10: "\x{E46}"
      text run at (0,22729) width 27: "\x{E2A}\x{E2D}\x{E07}"
      text run at (0,22751) width 28: "\x{E2A}\x{E32}\x{E21}"
      text run at (0,22773) width 26: "\x{E04}\x{E23}\x{E31}\x{E49}\x{E07}"
      text run at (0,22795) width 19: "\x{E43}\x{E19}"
      text run at (0,22817) width 30: "\x{E15}\x{E2D}\x{E19}"
      text run at (0,22839) width 27: "\x{E41}\x{E23}\x{E01}"
      text run at (0,22861) width 24: "\x{E40}\x{E18}\x{E2D}"
      text run at (0,22883) width 10: "\x{E01}\x{E47}"
      text run at (0,22905) width 27: "\x{E23}\x{E39}\x{E49}\x{E2A}\x{E36}\x{E01}"
      text run at (0,22927) width 17: "\x{E27}\x{E48}\x{E32}"
      text run at (0,22949) width 19: "\x{E15}\x{E31}\x{E27}"
      text run at (0,22971) width 22: "\x{E40}\x{E2D}\x{E07}"
      text run at (0,22993) width 20: "\x{E16}\x{E39}\x{E01}"
      text run at (0,23015) width 35: "\x{E41}\x{E01}\x{E27}\x{E48}\x{E07}"
      text run at (0,23037) width 35: "\x{E2D}\x{E22}\x{E48}\x{E32}\x{E07}"
      text run at (0,23059) width 27: "\x{E41}\x{E1C}\x{E48}\x{E27}"
      text run at (0,23081) width 24: "\x{E40}\x{E1A}\x{E32}"
      text run at (0,23103) width 24: "\x{E23}\x{E32}\x{E27}"
      text run at (0,23125) width 36: "\x{E17}\x{E32}\x{E23}\x{E01}"
      text run at (0,23147) width 19: "\x{E43}\x{E19}"
      text run at (0,23169) width 25: "\x{E40}\x{E1B}\x{E25}"
      text run at (0,23191) width 19: "\x{E42}\x{E15}"
      text run at (0,23213) width 19: "\x{E42}\x{E15}\x{E49}"
      text run at (0,23235) width 17: "\x{E44}\x{E21}\x{E48}"
      text run at (0,23257) width 30: "\x{E0A}\x{E2D}\x{E1A}"
      text run at (0,23279) width 18: "\x{E43}\x{E08}"
      text run at (0,23301) width 25: "\x{E40}\x{E25}\x{E22}"
      text run at (0,23323) width 20: "\x{E21}\x{E31}\x{E19}"
      text run at (0,23345) width 16: "\x{E27}\x{E34}\x{E48}\x{E07}"
      text run at (0,23367) width 18: "\x{E44}\x{E1B}"
      text run at (0,23389) width 16: "\x{E27}\x{E34}\x{E48}\x{E07}"
      text run at (0,23411) width 19: "\x{E21}\x{E32}"
      text run at (0,23433) width 28: "\x{E23}\x{E2D}\x{E1A}"
      text run at (0,23455) width 27: "\x{E2B}\x{E49}\x{E2D}\x{E07}"
      text run at (0,23477) width 26: "\x{E17}\x{E32}\x{E07}"
      text run at (0,23499) width 28: "\x{E42}\x{E19}\x{E49}\x{E19}"
      text run at (0,23521) width 11: "\x{E17}\x{E35}"
      text run at (0,23543) width 26: "\x{E17}\x{E32}\x{E07}"
      text run at (0,23565) width 10: "\x{E19}\x{E35}\x{E49}"
      text run at (0,23587) width 11: "\x{E17}\x{E35}"
      text run at (0,23609) width 18: "\x{E2A}\x{E48}\x{E07}"
      text run at (0,23631) width 32: "\x{E40}\x{E2A}\x{E35}\x{E22}\x{E07}"
      text run at (0,23653) width 24: "\x{E40}\x{E2B}\x{E48}\x{E32}"
      text run at (0,23675) width 18: "\x{E14}\x{E31}\x{E07}"
      text run at (0,23697) width 27: "\x{E01}\x{E49}\x{E2D}\x{E07}"
      text run at (0,23719) width 20: "\x{E41}\x{E15}\x{E48}"
      text run at (0,23741) width 19: "\x{E42}\x{E14}"
      text run at (0,23763) width 25: "\x{E42}\x{E23}\x{E18}\x{E35}"
      text run at (0,23785) width 18: "\x{E19}\x{E31}\x{E48}\x{E07}"
      text run at (0,23807) width 18: "\x{E19}\x{E34}\x{E48}\x{E07}"
      text run at (0,23829) width 20: "\x{E2D}\x{E22}\x{E39}\x{E48}"
      text run at (0,23851) width 21: "\x{E1A}\x{E19}"
      text run at (0,23873) width 21: "\x{E1E}\x{E37}\x{E49}\x{E19}"
      text run at (0,23895) width 23: "\x{E40}\x{E1D}\x{E49}\x{E32}"
      text run at (0,23917) width 30: "\x{E04}\x{E2D}\x{E22}"
      text run at (0,23939) width 11: "\x{E14}\x{E39}"
      text run at (0,23961) width 17: "\x{E27}\x{E48}\x{E32}"
      text run at (0,23983) width 16: "\x{E08}\x{E30}"
      text run at (0,24005) width 25: "\x{E40}\x{E01}\x{E34}\x{E14}"
      text run at (0,24027) width 31: "\x{E2D}\x{E30}\x{E44}\x{E23}"
      text run at (0,24049) width 20: "\x{E02}\x{E36}\x{E49}\x{E19}"
      text run at (0,24071) width 26: "\x{E04}\x{E23}\x{E31}\x{E49}\x{E07}"
      text run at (0,24093) width 28: "\x{E2B}\x{E19}\x{E36}\x{E48}\x{E07}"
      text run at (0,24115) width 19: "\x{E42}\x{E15}"
      text run at (0,24137) width 19: "\x{E42}\x{E15}\x{E49}"
      text run at (0,24159) width 23: "\x{E40}\x{E02}\x{E49}\x{E32}"
      text run at (0,24181) width 18: "\x{E44}\x{E1B}"
      text run at (0,24203) width 28: "\x{E43}\x{E01}\x{E25}\x{E49}"
      text run at (0,24225) width 18: "\x{E1D}\x{E32}"
      text run at (0,24247) width 11: "\x{E17}\x{E35}\x{E48}"
      text run at (0,24269) width 21: "\x{E1E}\x{E37}\x{E49}\x{E19}"
      text run at (0,24291) width 28: "\x{E21}\x{E32}\x{E01}"
      text run at (0,24313) width 18: "\x{E44}\x{E1B}"
      text run at (0,24335) width 25: "\x{E40}\x{E25}\x{E22}"
      text run at (0,24357) width 31: "\x{E1E}\x{E25}\x{E31}\x{E14}"
      text run at (0,24379) width 37: "\x{E15}\x{E01}\x{E25}\x{E07}"
      text run at (0,24401) width 18: "\x{E44}\x{E1B}"
      text run at (0,24423) width 11: "\x{E17}\x{E35}"
      text run at (0,24445) width 27: "\x{E41}\x{E23}\x{E01}"
      text run at (0,24467) width 25: "\x{E40}\x{E14}\x{E47}\x{E01}"
      text run at (0,24489) width 31: "\x{E2B}\x{E0D}\x{E34}\x{E07}"
      text run at (0,24511) width 21: "\x{E04}\x{E34}\x{E14}"
      text run at (0,24533) width 17: "\x{E27}\x{E48}\x{E32}"
      text run at (0,24555) width 24: "\x{E40}\x{E18}\x{E2D}"
      text run at (0,24577) width 16: "\x{E08}\x{E30}"
      text run at (0,24599) width 23: "\x{E2A}\x{E39}\x{E0D}"
      text run at (0,24621) width 25: "\x{E40}\x{E2A}\x{E35}\x{E22}"
      text run at (0,24643) width 20: "\x{E21}\x{E31}\x{E19}"
      text run at (0,24665) width 18: "\x{E44}\x{E1B}"
      text run at (0,24687) width 25: "\x{E40}\x{E2A}\x{E35}\x{E22}"
      text run at (0,24709) width 27: "\x{E41}\x{E25}\x{E49}\x{E27}"
      text run at (0,24731) width 20: "\x{E41}\x{E15}\x{E48}"
      text run at (0,24753) width 18: "\x{E0A}\x{E31}\x{E48}\x{E27}"
      text run at (0,24775) width 18: "\x{E04}\x{E23}\x{E39}\x{E48}"
      text run at (0,24797) width 24: "\x{E40}\x{E18}\x{E2D}"
      text run at (0,24819) width 10: "\x{E01}\x{E47}"
      text run at (0,24841) width 26: "\x{E40}\x{E2B}\x{E47}\x{E19}"
      text run at (0,24863) width 11: "\x{E2B}\x{E39}"
      text run at (0,24885) width 27: "\x{E02}\x{E2D}\x{E07}"
      text run at (0,24907) width 20: "\x{E21}\x{E31}\x{E19}"
      text run at (0,24929) width 28: "\x{E42}\x{E1C}\x{E25}\x{E48}"
      text run at (0,24951) width 20: "\x{E02}\x{E36}\x{E49}\x{E19}"
      text run at (0,24973) width 19: "\x{E21}\x{E32}"
      text run at (0,24995) width 27: "\x{E08}\x{E32}\x{E01}"
      text run at (0,25017) width 27: "\x{E0A}\x{E48}\x{E2D}\x{E07}"
      text run at (0,25039) width 20: "\x{E19}\x{E31}\x{E49}\x{E19}"
      text run at (0,25061) width 18: "\x{E17}\x{E31}\x{E49}\x{E07}"
      text run at (0,25083) width 10: "\x{E19}\x{E35}\x{E49}"
      text run at (0,25105) width 39: "\x{E40}\x{E1E}\x{E23}\x{E32}\x{E30}"
      text run at (0,25127) width 25: "\x{E41}\x{E23}\x{E07}"
      text run at (0,25149) width 20: "\x{E01}\x{E14}"
      text run at (0,25171) width 35: "\x{E2D}\x{E22}\x{E48}\x{E32}\x{E07}"
      text run at (0,25193) width 30: "\x{E2B}\x{E19}\x{E31}\x{E01}"
      text run at (0,25215) width 27: "\x{E02}\x{E2D}\x{E07}"
      text run at (0,25237) width 46: "\x{E2D}\x{E32}\x{E01}\x{E32}\x{E28}"
      text run at (0,25259) width 19: "\x{E17}\x{E33}"
      text run at (0,25281) width 19: "\x{E43}\x{E2B}\x{E49}"
      text run at (0,25303) width 19: "\x{E42}\x{E15}"
      text run at (0,25325) width 19: "\x{E42}\x{E15}\x{E49}"
      text run at (0,25347) width 17: "\x{E44}\x{E21}\x{E48}"
      text run at (0,25369) width 37: "\x{E15}\x{E01}\x{E25}\x{E07}"
      text run at (0,25391) width 18: "\x{E44}\x{E1B}"
      text run at (0,25413) width 25: "\x{E02}\x{E49}\x{E32}\x{E07}"
      text run at (0,25435) width 26: "\x{E25}\x{E48}\x{E32}\x{E07}"
      text run at (0,25457) width 19: "\x{E42}\x{E14}"
      text run at (0,25479) width 25: "\x{E42}\x{E23}\x{E18}\x{E35}"
      text run at (0,25501) width 38: "\x{E04}\x{E25}\x{E32}\x{E19}"
      text run at (0,25523) width 18: "\x{E44}\x{E1B}"
      text run at (0,25545) width 11: "\x{E17}\x{E35}\x{E48}"
      text run at (0,25567) width 27: "\x{E0A}\x{E48}\x{E2D}\x{E07}"
      text run at (0,25589) width 20: "\x{E19}\x{E31}\x{E49}\x{E19}"
      text run at (0,25611) width 19: "\x{E08}\x{E31}\x{E1A}"
      text run at (0,25633) width 11: "\x{E2B}\x{E39}"
      text run at (0,25655) width 19: "\x{E42}\x{E15}"
      text run at (0,25677) width 19: "\x{E42}\x{E15}\x{E49}"
      text run at (0,25699) width 15: "\x{E44}\x{E27}\x{E49}"
      text run at (0,25721) width 17: "\x{E44}\x{E14}\x{E49}"
      text run at (0,25743) width 26: "\x{E41}\x{E25}\x{E30}"
      text run at (0,25765) width 28: "\x{E25}\x{E32}\x{E01}"
      text run at (0,25787) width 20: "\x{E21}\x{E31}\x{E19}"
      text run at (0,25809) width 19: "\x{E21}\x{E32}"
      text run at (0,25831) width 11: "\x{E17}\x{E35}\x{E48}"
      text run at (0,25853) width 27: "\x{E2B}\x{E49}\x{E2D}\x{E07}"
      text run at (0,25875) width 19: "\x{E2D}\x{E35}\x{E01}"
      text run at (0,25897) width 28: "\x{E2B}\x{E25}\x{E31}\x{E07}"
      text run at (0,25919) width 27: "\x{E08}\x{E32}\x{E01}"
      text run at (0,25941) width 20: "\x{E19}\x{E31}\x{E49}\x{E19}"
      text run at (0,25963) width 10: "\x{E01}\x{E47}"
      text run at (0,25985) width 21: "\x{E1B}\x{E34}\x{E14}"
      text run at (0,26007) width 18: "\x{E1D}\x{E32}"
      text run at (0,26029) width 21: "\x{E1E}\x{E37}\x{E49}\x{E19}"
      text run at (0,26051) width 26: "\x{E40}\x{E1E}\x{E37}\x{E48}\x{E2D}"
      text run at (0,26073) width 16: "\x{E08}\x{E30}"
      text run at (0,26095) width 17: "\x{E44}\x{E14}\x{E49}"
      text run at (0,26117) width 17: "\x{E44}\x{E21}\x{E48}"
      text run at (0,26139) width 25: "\x{E40}\x{E01}\x{E34}\x{E14}"
      text run at (0,26161) width 55: "\x{E2D}\x{E38}\x{E1A}\x{E31}\x{E15}\x{E34}\x{E40}\x{E2B}\x{E15}\x{E38}"
      text run at (0,26183) width 19: "\x{E2D}\x{E35}\x{E01}"
      text run at (0,26205) width 44: "\x{E0A}\x{E31}\x{E48}\x{E27}\x{E42}\x{E21}\x{E07}"
      text run at (0,26227) width 27: "\x{E41}\x{E25}\x{E49}\x{E27}"
      text run at (0,26249) width 44: "\x{E0A}\x{E31}\x{E48}\x{E27}\x{E42}\x{E21}\x{E07}"
      text run at (0,26271) width 23: "\x{E40}\x{E25}\x{E48}\x{E32}"
      text run at (0,26293) width 28: "\x{E1C}\x{E48}\x{E32}\x{E19}"
      text run at (0,26315) width 18: "\x{E44}\x{E1B}"
      text run at (0,26337) width 19: "\x{E42}\x{E14}"
      text run at (0,26359) width 25: "\x{E42}\x{E23}\x{E18}\x{E35}"
      text run at (0,26381) width 30: "\x{E04}\x{E48}\x{E2D}\x{E22}"
      text run at (0,26403) width 10: "\x{E46}"
      text run at (0,26425) width 28: "\x{E2B}\x{E32}\x{E22}"
      text run at (0,26447) width 28: "\x{E01}\x{E25}\x{E31}\x{E27}"
      text run at (0,26469) width 20: "\x{E41}\x{E15}\x{E48}"
      text run at (0,26491) width 24: "\x{E40}\x{E18}\x{E2D}"
      text run at (0,26513) width 27: "\x{E23}\x{E39}\x{E49}\x{E2A}\x{E36}\x{E01}"
      text run at (0,26535) width 31: "\x{E40}\x{E2B}\x{E07}\x{E32}"
      text run at (0,26557) width 34: "\x{E40}\x{E2B}\x{E25}\x{E37}\x{E2D}"
      text run at (0,26579) width 25: "\x{E40}\x{E01}\x{E34}\x{E19}"
      text run at (0,26601) width 26: "\x{E41}\x{E25}\x{E30}"
      text run at (0,26623) width 20: "\x{E25}\x{E21}"
      text run at (0,26645) width 10: "\x{E01}\x{E47}"
      text run at (0,26667) width 18: "\x{E2A}\x{E48}\x{E07}"
      text run at (0,26689) width 32: "\x{E40}\x{E2A}\x{E35}\x{E22}\x{E07}"
      text run at (0,26711) width 29: "\x{E2B}\x{E27}\x{E35}\x{E14}"
      text run at (0,26733) width 28: "\x{E2B}\x{E27}\x{E37}\x{E2D}"
      text run at (0,26755) width 18: "\x{E14}\x{E31}\x{E07}"
      text run at (0,26777) width 25: "\x{E40}\x{E2A}\x{E35}\x{E22}"
      text run at (0,26799) width 19: "\x{E08}\x{E19}"
      text run at (0,26821) width 24: "\x{E40}\x{E18}\x{E2D}"
      text run at (0,26843) width 30: "\x{E41}\x{E17}\x{E1A}"
      text run at (0,26865) width 16: "\x{E08}\x{E30}"
      text run at (0,26887) width 11: "\x{E2B}\x{E39}"
      text run at (0,26909) width 38: "\x{E2B}\x{E19}\x{E27}\x{E01}"
      text run at (0,26931) width 11: "\x{E17}\x{E35}"
      text run at (0,26953) width 27: "\x{E41}\x{E23}\x{E01}"
      text run at (0,26975) width 24: "\x{E40}\x{E18}\x{E2D}"
      text run at (0,26997) width 37: "\x{E2A}\x{E07}\x{E2A}\x{E31}\x{E22}"
      text run at (0,27019) width 17: "\x{E27}\x{E48}\x{E32}"
      text run at (0,27041) width 18: "\x{E04}\x{E07}"
      text run at (0,27063) width 16: "\x{E08}\x{E30}"
      text run at (0,27085) width 20: "\x{E16}\x{E39}\x{E01}"
      text run at (0,27107) width 20: "\x{E09}\x{E35}\x{E01}"
      text run at (0,27129) width 52: "\x{E01}\x{E23}\x{E30}\x{E0A}\x{E32}\x{E01}"
      text run at (0,27151) width 29: "\x{E2D}\x{E2D}\x{E01}"
      text run at (0,27173) width 26: "\x{E40}\x{E1B}\x{E47}\x{E19}"
      text run at (0,27195) width 20: "\x{E0A}\x{E34}\x{E49}\x{E19}"
      text run at (0,27217) width 24: "\x{E40}\x{E25}\x{E47}\x{E01}"
      text run at (0,27239) width 20: "\x{E0A}\x{E34}\x{E49}\x{E19}"
      text run at (0,27261) width 29: "\x{E19}\x{E49}\x{E2D}\x{E22}"
      text run at (0,27283) width 25: "\x{E40}\x{E21}\x{E37}\x{E48}\x{E2D}"
      text run at (0,27305) width 29: "\x{E1A}\x{E49}\x{E32}\x{E19}"
      text run at (0,27327) width 25: "\x{E40}\x{E2D}\x{E19}"
      text run at (0,27349) width 20: "\x{E25}\x{E49}\x{E21}"
      text run at (0,27371) width 17: "\x{E25}\x{E07}"
      text run at (0,27393) width 19: "\x{E2D}\x{E35}\x{E01}"
      text run at (0,27415) width 26: "\x{E04}\x{E23}\x{E31}\x{E49}\x{E07}"
      text run at (0,27437) width 20: "\x{E41}\x{E15}\x{E48}"
      text run at (0,27459) width 38: "\x{E2B}\x{E25}\x{E32}\x{E22}"
      text run at (0,27481) width 44: "\x{E0A}\x{E31}\x{E48}\x{E27}\x{E42}\x{E21}\x{E07}"
      text run at (0,27503) width 28: "\x{E1C}\x{E48}\x{E32}\x{E19}"
      text run at (0,27525) width 18: "\x{E44}\x{E1B}"
      text run at (0,27547) width 10: "\x{E01}\x{E47}"
      text run at (0,27569) width 17: "\x{E44}\x{E21}\x{E48}"
      text run at (0,27591) width 11: "\x{E21}\x{E35}"
      text run at (0,27613) width 31: "\x{E2D}\x{E30}\x{E44}\x{E23}"
      text run at (0,27635) width 25: "\x{E40}\x{E01}\x{E34}\x{E14}"
      text run at (0,27657) width 20: "\x{E02}\x{E36}\x{E49}\x{E19}"
      text run at (0,27679) width 24: "\x{E40}\x{E18}\x{E2D}"
      text run at (0,27701) width 25: "\x{E40}\x{E25}\x{E22}"
      text run at (0,27723) width 24: "\x{E40}\x{E25}\x{E34}\x{E01}"
      text run at (0,27745) width 28: "\x{E27}\x{E34}\x{E15}\x{E01}"
      text run at (0,27767) width 26: "\x{E41}\x{E25}\x{E30}"
      text run at (0,27789) width 40: "\x{E15}\x{E31}\x{E14}\x{E2A}\x{E34}\x{E19}"
      text run at (0,27811) width 18: "\x{E43}\x{E08}"
      text run at (0,27833) width 30: "\x{E04}\x{E2D}\x{E22}"
      text run at (0,27855) width 11: "\x{E14}\x{E39}"
      text run at (0,27877) width 35: "\x{E2D}\x{E22}\x{E48}\x{E32}\x{E07}"
      text run at (0,27899) width 28: "\x{E2A}\x{E07}\x{E1A}"
      text run at (0,27921) width 26: "\x{E41}\x{E25}\x{E30}"
      text run at (0,27943) width 17: "\x{E23}\x{E2D}"
      text run at (0,27965) width 17: "\x{E27}\x{E48}\x{E32}"
      text run at (0,27987) width 48: "\x{E2D}\x{E19}\x{E32}\x{E04}\x{E15}"
      text run at (0,28009) width 16: "\x{E08}\x{E30}"
      text run at (0,28031) width 26: "\x{E40}\x{E1B}\x{E47}\x{E19}"
      text run at (0,28053) width 50: "\x{E2D}\x{E22}\x{E48}\x{E32}\x{E07}\x{E44}\x{E23}"
      text run at (0,28075) width 19: "\x{E43}\x{E19}"
      text run at (0,28097) width 11: "\x{E17}\x{E35}\x{E48}"
      text run at (0,28119) width 20: "\x{E2A}\x{E38}\x{E14}"
      text run at (0,28141) width 24: "\x{E40}\x{E18}\x{E2D}"
      text run at (0,28163) width 38: "\x{E04}\x{E25}\x{E32}\x{E19}"
      text run at (0,28185) width 27: "\x{E08}\x{E32}\x{E01}"
      text run at (0,28207) width 21: "\x{E1E}\x{E37}\x{E49}\x{E19}"
      text run at (0,28229) width 27: "\x{E2B}\x{E49}\x{E2D}\x{E07}"
      text run at (0,28251) width 11: "\x{E17}\x{E35}\x{E48}"
      text run at (0,28273) width 28: "\x{E42}\x{E22}\x{E01}"
      text run at (0,28295) width 18: "\x{E44}\x{E1B}"
      text run at (0,28317) width 19: "\x{E21}\x{E32}"
      text run at (0,28339) width 20: "\x{E02}\x{E36}\x{E49}\x{E19}"
      text run at (0,28361) width 18: "\x{E44}\x{E1B}"
      text run at (0,28383) width 21: "\x{E1A}\x{E19}"
      text run at (0,28405) width 33: "\x{E40}\x{E15}\x{E35}\x{E22}\x{E07}"
      text run at (0,28427) width 27: "\x{E41}\x{E25}\x{E49}\x{E27}"
      text run at (0,28449) width 10: "\x{E01}\x{E47}"
      text run at (0,28471) width 30: "\x{E19}\x{E2D}\x{E19}"
      text run at (0,28493) width 17: "\x{E25}\x{E07}"
      text run at (0,28515) width 19: "\x{E42}\x{E15}"
      text run at (0,28537) width 19: "\x{E42}\x{E15}\x{E49}"
      text run at (0,28559) width 29: "\x{E15}\x{E32}\x{E21}"
      text run at (0,28581) width 21: "\x{E15}\x{E34}\x{E14}"
      text run at (0,28603) width 19: "\x{E21}\x{E32}"
      text run at (0,28625) width 30: "\x{E19}\x{E2D}\x{E19}"
      text run at (0,28647) width 17: "\x{E25}\x{E07}"
      text run at (0,28669) width 28: "\x{E43}\x{E01}\x{E25}\x{E49}"
      text run at (0,28691) width 10: "\x{E46}"
      text run at (0,28713) width 24: "\x{E40}\x{E18}\x{E2D}"
      text run at (0,28735) width 17: "\x{E44}\x{E21}\x{E48}"
      text run at (0,28757) width 18: "\x{E0A}\x{E49}\x{E32}"
      text run at (0,28779) width 19: "\x{E42}\x{E14}"
      text run at (0,28801) width 25: "\x{E42}\x{E23}\x{E18}\x{E35}"
      text run at (0,28823) width 10: "\x{E01}\x{E47}"
      text run at (0,28845) width 21: "\x{E1B}\x{E34}\x{E14}"
      text run at (0,28867) width 19: "\x{E15}\x{E32}"
      text run at (0,28889) width 17: "\x{E25}\x{E07}"
      text run at (0,28911) width 30: "\x{E2B}\x{E25}\x{E31}\x{E1A}"
      text run at (0,28933) width 38: "\x{E1C}\x{E25}\x{E47}\x{E2D}\x{E22}"
      text run at (0,28955) width 18: "\x{E44}\x{E1B}"
      text run at (0,28977) width 35: "\x{E2D}\x{E22}\x{E48}\x{E32}\x{E07}"
      text run at (0,28999) width 30: "\x{E2A}\x{E19}\x{E34}\x{E17}"
      text run at (0,29021) width 18: "\x{E17}\x{E31}\x{E49}\x{E07}"
      text run at (0,29043) width 10: "\x{E46}"
      text run at (0,29065) width 11: "\x{E17}\x{E35}\x{E48}"
      text run at (0,29087) width 29: "\x{E1A}\x{E49}\x{E32}\x{E19}"
      text run at (0,29109) width 28: "\x{E42}\x{E22}\x{E01}"
      text run at (0,29131) width 18: "\x{E44}\x{E1B}"
      text run at (0,29153) width 19: "\x{E21}\x{E32}"
      text run at (0,29175) width 26: "\x{E41}\x{E25}\x{E30}"
      text run at (0,29197) width 20: "\x{E25}\x{E21}"
      text run at (0,29219) width 10: "\x{E01}\x{E47}"
      text run at (0,29241) width 34: "\x{E04}\x{E23}\x{E32}\x{E07}"
      text run at (0,29263) width 29: "\x{E2B}\x{E27}\x{E35}\x{E14}"
      text run at (0,29285) width 28: "\x{E2B}\x{E27}\x{E37}\x{E2D}"
