layer at (0,0) size 800x600
  RenderView at (0,0) size 800x600
layer at (0,0) size 800x600
  RenderBlock {HTML} at (0,0) size 800x600
    RenderBody {BODY} at (8,8) size 784x584
      RenderBlock {DIV} at (0,0) size 784x18
        RenderText {#text} at (0,0) size 84x18
          text run at (0,0) width 84: "Hello World."
      RenderBlock {DIV} at (0,18) size 784x18
        RenderText {#text} at (0,0) size 298x18
          text run at (0,0) width 298: "There should be two separate paragraphs here."
caret: position 45 of child 0 {#text} of child 1 {DIV} of body
