layer at (0,0) size 800x600
  RenderView at (0,0) size 800x600
layer at (0,0) size 800x600
  RenderBlock {HTML} at (0,0) size 800x600
    RenderBody {BODY} at (8,8) size 784x576
      RenderBlock (anonymous) at (0,0) size 784x36
        RenderText {#text} at (0,0) size 779x36
          text run at (0,0) width 779: "This tests whether alt text is shown for image elements with no src attribute. You should see \"Success\" twice, followed by a"
          text run at (0,18) width 92: "blue rectangle."
      RenderBlock {P} at (0,52) size 784x99
        RenderImage {IMG} at (0,0) size 54x22
        RenderBR {BR} at (54,22) size 0x0
        RenderImage {IMG} at (0,22) size 102x52 [border: (1px solid #000000)]
        RenderBR {BR} at (102,74) size 0x0
        RenderImage {IMG} at (0,74) size 75x25
        RenderBR {BR} at (75,99) size 0x0
