layer at (0,0) size 800x600
  RenderView at (0,0) size 800x600
layer at (0,0) size 800x600
  RenderBlock {HTML} at (0,0) size 800x600
    RenderBody {BODY} at (8,8) size 784x584
      RenderBlock {P} at (0,0) size 784x20
        RenderText {#text} at (0,0) size 267x19
          text run at (0,0) width 267: "Tests: the TABLE.createCaption() method"
        RenderBR {BR} at (267,0) size 0x19
      RenderBlock {P} at (0,36) size 784x60
        RenderText {#text} at (0,0) size 73x19
          text run at (0,0) width 73: "Conditions:"
        RenderBR {BR} at (73,0) size 0x19
        RenderText {#text} at (0,20) size 783x39
          text run at (0,20) width 679: "If no caption exists, the method should create an empty caption, add it to the table, and return a pointer to it. "
          text run at (679,20) width 104: "If a caption does"
          text run at (0,40) width 285: "exist, the method should return a pointer to it."
      RenderBlock {P} at (0,112) size 784x40
        RenderText {#text} at (0,0) size 324x19
          text run at (0,0) width 324: "If successful, the first table should have the caption "
        RenderInline {B} at (0,0) size 43x19
          RenderText {#text} at (324,0) size 43x19
            text run at (324,0) width 43: "Fruity"
        RenderText {#text} at (367,0) size 293x19
          text run at (367,0) width 293: ", and the second table should have the caption "
        RenderInline {B} at (0,0) size 73x19
          RenderText {#text} at (660,0) size 73x19
            text run at (660,0) width 73: "Vegetabley"
        RenderText {#text} at (733,0) size 777x39
          text run at (733,0) width 44: ". Upon"
          text run at (0,20) width 584: "failure, the first table will have no caption, and the second table will have the caption Things."
      RenderTable {TABLE} at (0,178) size 109x102 [border: (1px outset #808080)]
        RenderBlock {CAPTION} at (0,0) size 109x20
          RenderInline {B} at (0,0) size 43x19
            RenderText {#text} at (33,0) size 43x19
              text run at (33,0) width 43: "Fruity"
        RenderTableSection {TBODY} at (1,21) size 107x80
          RenderTableRow {TR} at (0,2) size 107x24
            RenderTableCell {TH} at (2,2) size 52x24 [border: (1px inset #808080)] [r=0 c=0 rs=1 cs=1]
              RenderText {#text} at (8,2) size 36x19
                text run at (8,2) width 36: "Fruit"
            RenderTableCell {TH} at (56,2) size 49x24 [border: (1px inset #808080)] [r=0 c=1 rs=1 cs=1]
              RenderText {#text} at (5,2) size 39x19
                text run at (5,2) width 39: "Color"
          RenderTableRow {TR} at (0,28) size 107x24
            RenderTableCell {TD} at (2,28) size 52x24 [border: (1px inset #808080)] [r=1 c=0 rs=1 cs=1]
              RenderText {#text} at (2,2) size 48x19
                text run at (2,2) width 48: "Banana"
            RenderTableCell {TD} at (56,28) size 49x24 [border: (1px inset #808080)] [r=1 c=1 rs=1 cs=1]
              RenderText {#text} at (2,2) size 45x19
                text run at (2,2) width 45: "Yellow"
          RenderTableRow {TR} at (0,54) size 107x24
            RenderTableCell {TD} at (2,54) size 52x24 [border: (1px inset #808080)] [r=2 c=0 rs=1 cs=1]
              RenderText {#text} at (2,2) size 39x19
                text run at (2,2) width 39: "Grape"
            RenderTableCell {TD} at (56,54) size 49x24 [border: (1px inset #808080)] [r=2 c=1 rs=1 cs=1]
              RenderText {#text} at (2,2) size 41x19
                text run at (2,2) width 41: "Purple"
      RenderBlock (anonymous) at (0,280) size 784x20
        RenderBR {BR} at (0,0) size 0x19
      RenderTable {TABLE} at (0,300) size 129x102 [border: (1px outset #808080)]
        RenderBlock {CAPTION} at (0,0) size 129x20
          RenderInline {B} at (0,0) size 73x19
            RenderText {#text} at (28,0) size 73x19
              text run at (28,0) width 73: "Vegetabley"
        RenderTableSection {TBODY} at (1,21) size 127x80
          RenderTableRow {TR} at (0,2) size 127x24
            RenderTableCell {TH} at (2,2) size 70x24 [border: (1px inset #808080)] [r=0 c=0 rs=1 cs=1]
              RenderText {#text} at (2,2) size 66x19
                text run at (2,2) width 66: "Vegetable"
            RenderTableCell {TH} at (74,2) size 51x24 [border: (1px inset #808080)] [r=0 c=1 rs=1 cs=1]
              RenderText {#text} at (6,2) size 39x19
                text run at (6,2) width 39: "Color"
          RenderTableRow {TR} at (0,28) size 127x24
            RenderTableCell {TD} at (2,28) size 70x24 [border: (1px inset #808080)] [r=1 c=0 rs=1 cs=1]
              RenderText {#text} at (2,2) size 40x19
                text run at (2,2) width 40: "Carrot"
            RenderTableCell {TD} at (74,28) size 51x24 [border: (1px inset #808080)] [r=1 c=1 rs=1 cs=1]
              RenderText {#text} at (2,2) size 47x19
                text run at (2,2) width 47: "Orange"
          RenderTableRow {TR} at (0,54) size 127x24
            RenderTableCell {TD} at (2,54) size 70x24 [border: (1px inset #808080)] [r=2 c=0 rs=1 cs=1]
              RenderText {#text} at (2,2) size 66x19
                text run at (2,2) width 66: "Cucumber"
            RenderTableCell {TD} at (74,54) size 51x24 [border: (1px inset #808080)] [r=2 c=1 rs=1 cs=1]
              RenderText {#text} at (2,2) size 39x19
                text run at (2,2) width 39: "Green"
layer at (8,176) size 784x2 clip at (0,0) size 0x0
  RenderBlock {HR} at (0,168) size 784x2 [border: (1px inset #000000)]
