layer at (0,0) size 785x1461
  RenderView at (0,0) size 785x600
layer at (0,0) size 785x1461
  RenderBlock {HTML} at (0,0) size 785x1461
    RenderBody {BODY} at (8,8) size 769x1445 [bgcolor=#CCCCCC]
      RenderBlock {P} at (0,0) size 769x20
        RenderText {#text} at (0,0) size 337x19
          text run at (0,0) width 337: "The style declarations which apply to the text below are:"
      RenderBlock {PRE} at (0,36) size 769x176
        RenderText {#text} at (0,0) size 264x176
          text run at (0,0) width 232: ".one {letter-spacing: 0.3in;}"
          text run at (232,0) width 0: " "
          text run at (0,16) width 232: ".two {letter-spacing: 0.5cm;}"
          text run at (232,16) width 0: " "
          text run at (0,32) width 232: ".three {letter-spacing: 5mm;}"
          text run at (232,32) width 0: " "
          text run at (0,48) width 224: ".four {letter-spacing: 3pt;}"
          text run at (224,48) width 0: " "
          text run at (0,64) width 248: ".five {letter-spacing: 0.25pc;}"
          text run at (248,64) width 0: " "
          text run at (0,80) width 216: ".six {letter-spacing: 1em;}"
          text run at (216,80) width 0: " "
          text run at (0,96) width 232: ".seven {letter-spacing: 1ex;}"
          text run at (232,96) width 0: " "
          text run at (0,112) width 232: ".eight {letter-spacing: 5px;}"
          text run at (232,112) width 0: " "
          text run at (0,128) width 248: ".nine {letter-spacing: normal;}"
          text run at (248,128) width 0: " "
          text run at (0,144) width 224: ".ten {letter-spacing: 300%;}"
          text run at (224,144) width 0: " "
          text run at (0,160) width 264: ".eleven {letter-spacing: -0.1em;}"
          text run at (264,160) width 0: " "
      RenderBlock {HR} at (0,225) size 769x2 [border: (1px inset #000000)]
      RenderBlock {P} at (0,243) size 769x80
        RenderText {#text} at (0,0) size 703x79
          text run at (0,0) width 680: "This letters in this"
          text run at (0,20) width 703: "sentence should have"
          text run at (0,40) width 672: "extra space between"
          text run at (0,60) width 177: "them."
      RenderBlock {P} at (0,339) size 769x60
        RenderText {#text} at (0,0) size 708x59
          text run at (0,0) width 708: "This letters in this sentence"
          text run at (0,20) width 579: "should have extra space"
          text run at (0,40) width 334: "between them."
      RenderBlock {P} at (0,415) size 769x60
        RenderText {#text} at (0,0) size 708x59
          text run at (0,0) width 708: "This letters in this sentence"
          text run at (0,20) width 579: "should have extra space"
          text run at (0,40) width 334: "between them."
      RenderBlock {P} at (0,491) size 769x20
        RenderText {#text} at (0,0) size 667x19
          text run at (0,0) width 667: "This letters in this sentence should have extra space between them."
      RenderBlock {P} at (0,527) size 769x20
        RenderText {#text} at (0,0) size 667x19
          text run at (0,0) width 667: "This letters in this sentence should have extra space between them."
      RenderBlock {P} at (0,563) size 769x60
        RenderText {#text} at (0,0) size 695x59
          text run at (0,0) width 623: "This letters in this sentence"
          text run at (0,20) width 695: "should have extra space between"
          text run at (0,40) width 113: "them."
      RenderBlock {P} at (0,639) size 769x40
        RenderText {#text} at (0,0) size 678x39
          text run at (0,0) width 678: "This letters in this sentence should have extra space"
          text run at (0,20) width 179: "between them."
      RenderBlock {P} at (0,695) size 769x40
        RenderText {#text} at (0,0) size 734x39
          text run at (0,0) width 734: "This letters in this sentence should have extra space between them,"
          text run at (0,20) width 424: "but the last few words in the sentence "
        RenderInline {SPAN} at (0,0) size 169x19
          RenderText {#text} at (424,20) size 169x19
            text run at (424,20) width 169: "should show normal spacing"
        RenderText {#text} at (593,20) size 9x19
          text run at (593,20) width 9: "."
      RenderBlock {P} at (0,751) size 769x20
        RenderText {#text} at (0,0) size 755x19
          text run at (0,0) width 755: "This letters in this sentence should have normal space between them, since percentage values are not allowed on this property."
      RenderBlock {P} at (0,787) size 769x20
        RenderText {#text} at (0,0) size 530x19
          text run at (0,0) width 530: "This letters in this sentence should have reduced space between them, since negative values are allowed on this property."
      RenderTable {TABLE} at (0,823) size 769x622 [border: (1px outset #808080)]
        RenderTableSection {TBODY} at (1,1) size 767x620
          RenderTableRow {TR} at (0,0) size 767x28
            RenderTableCell {TD} at (0,0) size 767x28 [bgcolor=#C0C0C0] [border: (1px inset #808080)] [r=0 c=0 rs=1 cs=2]
              RenderInline {STRONG} at (0,0) size 159x19
                RenderText {#text} at (4,4) size 159x19
                  text run at (4,4) width 159: "TABLE Testing Section"
          RenderTableRow {TR} at (0,28) size 767x592
            RenderTableCell {TD} at (0,310) size 12x28 [bgcolor=#C0C0C0] [border: (1px inset #808080)] [r=1 c=0 rs=1 cs=1]
              RenderText {#text} at (4,4) size 4x19
                text run at (4,4) width 4: " "
            RenderTableCell {TD} at (12,28) size 755x592 [border: (1px inset #808080)] [r=1 c=1 rs=1 cs=1]
              RenderBlock {P} at (4,4) size 747x80
                RenderText {#text} at (0,0) size 703x79
                  text run at (0,0) width 680: "This letters in this"
                  text run at (0,20) width 703: "sentence should have"
                  text run at (0,40) width 672: "extra space between"
                  text run at (0,60) width 177: "them."
              RenderBlock {P} at (4,100) size 747x60
                RenderText {#text} at (0,0) size 708x59
                  text run at (0,0) width 708: "This letters in this sentence"
                  text run at (0,20) width 579: "should have extra space"
                  text run at (0,40) width 334: "between them."
              RenderBlock {P} at (4,176) size 747x60
                RenderText {#text} at (0,0) size 708x59
                  text run at (0,0) width 708: "This letters in this sentence"
                  text run at (0,20) width 579: "should have extra space"
                  text run at (0,40) width 334: "between them."
              RenderBlock {P} at (4,252) size 747x20
                RenderText {#text} at (0,0) size 667x19
                  text run at (0,0) width 667: "This letters in this sentence should have extra space between them."
              RenderBlock {P} at (4,288) size 747x20
                RenderText {#text} at (0,0) size 667x19
                  text run at (0,0) width 667: "This letters in this sentence should have extra space between them."
              RenderBlock {P} at (4,324) size 747x60
                RenderText {#text} at (0,0) size 695x59
                  text run at (0,0) width 623: "This letters in this sentence"
                  text run at (0,20) width 695: "should have extra space between"
                  text run at (0,40) width 113: "them."
              RenderBlock {P} at (4,400) size 747x40
                RenderText {#text} at (0,0) size 678x39
                  text run at (0,0) width 678: "This letters in this sentence should have extra space"
                  text run at (0,20) width 179: "between them."
              RenderBlock {P} at (4,456) size 747x40
                RenderText {#text} at (0,0) size 734x39
                  text run at (0,0) width 734: "This letters in this sentence should have extra space between them,"
                  text run at (0,20) width 424: "but the last few words in the sentence "
                RenderInline {SPAN} at (0,0) size 169x19
                  RenderText {#text} at (424,20) size 169x19
                    text run at (424,20) width 169: "should show normal spacing"
                RenderText {#text} at (593,20) size 9x19
                  text run at (593,20) width 9: "."
              RenderBlock {P} at (4,512) size 747x40
                RenderText {#text} at (0,0) size 695x39
                  text run at (0,0) width 695: "This letters in this sentence should have normal space between them, since percentage values are not allowed on this"
                  text run at (0,20) width 56: "property."
              RenderBlock {P} at (4,568) size 747x20
                RenderText {#text} at (0,0) size 530x19
                  text run at (0,0) width 530: "This letters in this sentence should have reduced space between them, since negative values are allowed on this property."
