layer at (0,0) size 785x2697
  RenderView at (0,0) size 785x600
layer at (0,0) size 785x2697
  RenderBlock {HTML} at (0,0) size 785x2697
    RenderBody {BODY} at (8,8) size 769x2681 [bgcolor=#CCCCCC]
      RenderBlock {P} at (0,0) size 769x20
        RenderText {#text} at (0,0) size 355x19
          text run at (0,0) width 355: "The style declarations which apply to the text below are:"
      RenderBlock {PRE} at (0,36) size 769x224
        RenderText {#text} at (0,0) size 400x224
          text run at (0,0) width 344: ".one {line-height: 0.5in; font-size: 12px;}"
          text run at (344,0) width 0: " "
          text run at (0,16) width 328: ".two {line-height: 2cm; font-size: 12px;}"
          text run at (328,16) width 0: " "
          text run at (0,32) width 352: ".three {line-height: 20mm; font-size: 12px;}"
          text run at (352,32) width 0: " "
          text run at (0,48) width 344: ".four {line-height: 24pt; font-size: 12px;}"
          text run at (344,48) width 0: " "
          text run at (0,64) width 336: ".five {line-height: 2pc; font-size: 12px;}"
          text run at (336,64) width 0: " "
          text run at (0,80) width 328: ".six {line-height: 2em; font-size: 12px;}"
          text run at (328,80) width 0: " "
          text run at (0,96) width 344: ".seven {line-height: 3ex; font-size: 12px;}"
          text run at (344,96) width 0: " "
          text run at (0,112) width 352: ".eight {line-height: 200%; font-size: 12px;}"
          text run at (352,112) width 0: " "
          text run at (0,128) width 320: ".nine {line-height: 2; font-size: 12px;}"
          text run at (320,128) width 0: " "
          text run at (0,144) width 336: ".ten {line-height: 50px; font-size: 12px;}"
          text run at (336,144) width 0: " "
          text run at (0,160) width 360: ".eleven {line-height: -1em; font-size: 12px;}"
          text run at (360,160) width 0: " "
          text run at (0,176) width 400: "TABLE .ten {line-height: normal; font-size: 12px;}"
          text run at (400,176) width 0: " "
          text run at (0,192) width 248: "DIV {background-color: silver;}"
          text run at (248,192) width 0: " "
          text run at (0,208) width 304: "SPAN.color {background-color: silver;}"
          text run at (304,208) width 0: " "
      RenderBlock {P} at (0,287) size 769x48
        RenderText {#text} at (0,16) size 507x15
          text run at (0,16) width 507: "This sentence should have a line-height of half an inch, which should cause extra spacing between the lines."
      RenderBlock {P} at (0,347) size 769x75
        RenderText {#text} at (0,30) size 526x15
          text run at (0,30) width 526: "This sentence should have a line-height of two centimeters, which should cause extra spacing between the lines."
      RenderBlock {P} at (0,434) size 769x75
        RenderText {#text} at (0,30) size 539x15
          text run at (0,30) width 539: "This sentence should have a line-height of twenty millimeters, which should cause extra spacing between the lines."
      RenderBlock {P} at (0,521) size 769x32
        RenderText {#text} at (0,8) size 540x15
          text run at (0,8) width 540: "This sentence should have a line-height of twenty-four points, which should cause extra spacing between the lines."
      RenderBlock {P} at (0,565) size 769x32
        RenderText {#text} at (0,8) size 497x15
          text run at (0,8) width 497: "This sentence should have a line-height of two picas, which should cause extra spacing between the lines."
      RenderBlock {P} at (0,609) size 769x24
        RenderText {#text} at (0,4) size 487x15
          text run at (0,4) width 487: "This sentence should have a line-height of two em, which should cause extra spacing between the lines."
      RenderBlock {P} at (0,645) size 769x18
        RenderText {#text} at (0,1) size 489x15
          text run at (0,1) width 489: "This sentence should have a line-height of three ex, which should cause extra spacing between the lines."
      RenderBlock {P} at (0,675) size 769x24
        RenderText {#text} at (0,4) size 537x15
          text run at (0,4) width 537: "This sentence should have a line-height of twice the font size, which should cause extra spacing between the lines."
      RenderBlock {DIV} at (0,711) size 769x168 [bgcolor=#C0C0C0]
        RenderBlock (anonymous) at (0,0) size 769x24
          RenderText {#text} at (0,4) size 591x15
            text run at (0,4) width 591: "This first part of the DIV should have a line-height of twice the font size, which should cause extra spacing between the lines."
        RenderBlock {P} at (0,48) size 769x72
          RenderText {#text} at (0,-2) size 763x75
            text run at (0,-2) width 748: "This sentence should have a line-height of twice the DIV's font size, or 28px;"
            text run at (0,22) width 763: "this should not cause extra spacing between the lines, since the line-height and"
            text run at (0,46) width 364: "font-size should have the same value."
        RenderBlock (anonymous) at (0,144) size 769x24
          RenderText {#text} at (0,4) size 605x15
            text run at (0,4) width 605: "This second part of the DIV should have a line-height of twice the font size, which should cause extra spacing between the lines."
      RenderBlock {P} at (0,891) size 769x24
        RenderText {#text} at (0,4) size 537x15
          text run at (0,4) width 537: "This sentence should have a line-height of twice the font size, which should cause extra spacing between the lines."
      RenderBlock {DIV} at (0,927) size 769x240 [bgcolor=#C0C0C0]
        RenderBlock (anonymous) at (0,0) size 769x24
          RenderText {#text} at (0,4) size 591x15
            text run at (0,4) width 591: "This first part of the DIV should have a line-height of twice the font size, which should cause extra spacing between the lines."
        RenderBlock {P} at (0,48) size 769x144
          RenderText {#text} at (0,10) size 749x123
            text run at (0,10) width 749: "This sentence should have a line-height of twice the font size, which is 200%"
            text run at (0,58) width 742: "normal thanks to an inline style; this should cause extra spacing between the"
            text run at (0,106) width 654: "lines, as the font-size will be 28px and the line-height will be 56px."
        RenderBlock (anonymous) at (0,216) size 769x24
          RenderText {#text} at (0,4) size 605x15
            text run at (0,4) width 605: "This second part of the DIV should have a line-height of twice the font size, which should cause extra spacing between the lines."
      RenderBlock {P} at (0,1179) size 769x100
        RenderText {#text} at (0,17) size 745x65
          text run at (0,17) width 592: "This paragraph should have a line-height of 50 pixels in the first section, which should cause extra spacing between the lines. "
          text run at (592,17) width 153: "In the second section (within the"
          text run at (0,67) width 181: "table) its line-height should be normal."
      RenderBlock {P} at (0,1291) size 769x16
        RenderText {#text} at (0,0) size 503x15
          text run at (0,0) width 503: "This sentence should have a normal line-height, because negative values are not permitted for this property."
      RenderBlock {P} at (0,1319) size 769x150
        RenderInline {SPAN} at (0,0) size 758x90 [bgcolor=#C0C0C0]
          RenderText {#text} at (0,30) size 758x90
            text run at (0,30) width 758: "This sentence should have a line-height of two centimeters, which should cause extra spacing between the lines. The text has a background color of silver, but no"
            text run at (0,105) width 662: "padding or border. The background color has been set on an inline element and should therefore only cover the text, not the interline spacing."
        RenderText {#text} at (0,0) size 0x0
      RenderTable {TABLE} at (0,1481) size 769x1200 [border: (1px outset #808080)]
        RenderTableSection {TBODY} at (1,1) size 767x1198
          RenderTableRow {TR} at (0,0) size 767x28
            RenderTableCell {TD} at (0,0) size 767x28 [bgcolor=#C0C0C0] [border: (1px inset #808080)] [r=0 c=0 rs=1 cs=2]
              RenderInline {STRONG} at (0,0) size 160x19
                RenderText {#text} at (4,4) size 160x19
                  text run at (4,4) width 160: "TABLE Testing Section"
          RenderTableRow {TR} at (0,28) size 767x1170
            RenderTableCell {TD} at (0,599) size 12x28 [bgcolor=#C0C0C0] [border: (1px inset #808080)] [r=1 c=0 rs=1 cs=1]
              RenderText {#text} at (4,4) size 4x19
                text run at (4,4) width 4: " "
            RenderTableCell {TD} at (12,28) size 755x1170 [border: (1px inset #808080)] [r=1 c=1 rs=1 cs=1]
              RenderBlock {P} at (4,4) size 747x48
                RenderText {#text} at (0,16) size 507x15
                  text run at (0,16) width 507: "This sentence should have a line-height of half an inch, which should cause extra spacing between the lines."
              RenderBlock {P} at (4,64) size 747x75
                RenderText {#text} at (0,30) size 526x15
                  text run at (0,30) width 526: "This sentence should have a line-height of two centimeters, which should cause extra spacing between the lines."
              RenderBlock {P} at (4,151) size 747x75
                RenderText {#text} at (0,30) size 539x15
                  text run at (0,30) width 539: "This sentence should have a line-height of twenty millimeters, which should cause extra spacing between the lines."
              RenderBlock {P} at (4,238) size 747x32
                RenderText {#text} at (0,8) size 540x15
                  text run at (0,8) width 540: "This sentence should have a line-height of twenty-four points, which should cause extra spacing between the lines."
              RenderBlock {P} at (4,282) size 747x32
                RenderText {#text} at (0,8) size 497x15
                  text run at (0,8) width 497: "This sentence should have a line-height of two picas, which should cause extra spacing between the lines."
              RenderBlock {P} at (4,326) size 747x24
                RenderText {#text} at (0,4) size 487x15
                  text run at (0,4) width 487: "This sentence should have a line-height of two em, which should cause extra spacing between the lines."
              RenderBlock {P} at (4,362) size 747x18
                RenderText {#text} at (0,1) size 489x15
                  text run at (0,1) width 489: "This sentence should have a line-height of three ex, which should cause extra spacing between the lines."
              RenderBlock {P} at (4,392) size 747x24
                RenderText {#text} at (0,4) size 537x15
                  text run at (0,4) width 537: "This sentence should have a line-height of twice the font size, which should cause extra spacing between the lines."
              RenderBlock {DIV} at (4,428) size 747x168 [bgcolor=#C0C0C0]
                RenderBlock (anonymous) at (0,0) size 747x24
                  RenderText {#text} at (0,4) size 591x15
                    text run at (0,4) width 591: "This first part of the DIV should have a line-height of twice the font size, which should cause extra spacing between the lines."
                RenderBlock {P} at (0,48) size 747x72
                  RenderText {#text} at (0,-2) size 722x75
                    text run at (0,-2) width 687: "This sentence should have a line-height of twice the DIV's font size, or"
                    text run at (0,22) width 722: "28px; this should not cause extra spacing between the lines, since the line-"
                    text run at (0,46) width 472: "height and font-size should have the same value."
                RenderBlock (anonymous) at (0,144) size 747x24
                  RenderText {#text} at (0,4) size 605x15
                    text run at (0,4) width 605: "This second part of the DIV should have a line-height of twice the font size, which should cause extra spacing between the lines."
              RenderBlock {P} at (4,608) size 747x24
                RenderText {#text} at (0,4) size 537x15
                  text run at (0,4) width 537: "This sentence should have a line-height of twice the font size, which should cause extra spacing between the lines."
              RenderBlock {DIV} at (4,644) size 747x288 [bgcolor=#C0C0C0]
                RenderBlock (anonymous) at (0,0) size 747x24
                  RenderText {#text} at (0,4) size 591x15
                    text run at (0,4) width 591: "This first part of the DIV should have a line-height of twice the font size, which should cause extra spacing between the lines."
                RenderBlock {P} at (0,48) size 747x192
                  RenderText {#text} at (0,10) size 717x171
                    text run at (0,10) width 687: "This sentence should have a line-height of twice the font size, which is"
                    text run at (0,58) width 681: "200% normal thanks to an inline style; this should cause extra spacing"
                    text run at (0,106) width 717: "between the lines, as the font-size will be 28px and the line-height will be"
                    text run at (0,154) width 54: "56px."
                RenderBlock (anonymous) at (0,264) size 747x24
                  RenderText {#text} at (0,4) size 605x15
                    text run at (0,4) width 605: "This second part of the DIV should have a line-height of twice the font size, which should cause extra spacing between the lines."
              RenderBlock {P} at (4,944) size 747x32
                RenderText {#text} at (0,0) size 745x31
                  text run at (0,0) width 592: "This paragraph should have a line-height of 50 pixels in the first section, which should cause extra spacing between the lines. "
                  text run at (592,0) width 153: "In the second section (within the"
                  text run at (0,16) width 181: "table) its line-height should be normal."
              RenderBlock {P} at (4,988) size 747x16
                RenderText {#text} at (0,0) size 503x15
                  text run at (0,0) width 503: "This sentence should have a normal line-height, because negative values are not permitted for this property."
              RenderBlock {P} at (4,1016) size 747x150
                RenderInline {SPAN} at (0,0) size 743x90 [bgcolor=#C0C0C0]
                  RenderText {#text} at (0,30) size 743x90
                    text run at (0,30) width 743: "This sentence should have a line-height of two centimeters, which should cause extra spacing between the lines. The text has a background color of silver, but"
                    text run at (0,105) width 677: "no padding or border. The background color has been set on an inline element and should therefore only cover the text, not the interline spacing."
                RenderText {#text} at (0,0) size 0x0
layer at (8,281) size 769x2 clip at (0,0) size 0x0
  RenderBlock {HR} at (0,273) size 769x2 [border: (1px inset #000000)]
