layer at (0,0) size 785x785
  RenderView at (0,0) size 785x600
layer at (0,0) size 785x785
  RenderBlock {HTML} at (0,0) size 785x785
    RenderBody {BODY} at (8,8) size 769x769 [bgcolor=#CCCCCC]
      RenderBlock {P} at (0,0) size 769x20
        RenderText {#text} at (0,0) size 355x19
          text run at (0,0) width 355: "The style declarations which apply to the text below are:"
      RenderBlock {PRE} at (0,36) size 769x80
        RenderText {#text} at (0,0) size 272x80
          text run at (0,0) width 224: ".ttn {text-transform: none;}"
          text run at (224,0) width 0: " "
          text run at (0,16) width 272: ".cap {text-transform: capitalize;}"
          text run at (272,16) width 0: " "
          text run at (0,32) width 264: ".upp {text-transform: uppercase;}"
          text run at (264,32) width 0: " "
          text run at (0,48) width 264: ".low {text-transform: lowercase;}"
          text run at (264,48) width 0: " "
          text run at (0,64) width 0: " "
      RenderBlock {P} at (0,147) size 769x40
        RenderText {#text} at (0,0) size 718x39
          text run at (0,0) width 718: "This page tests the 'text-transform' property of CSS1. This paragraph has no text transformation and should appear"
          text run at (0,20) width 48: "normal."
      RenderBlock {P} at (0,203) size 769x60
        RenderText {#text} at (0,0) size 748x59
          text run at (0,0) width 748: "This Paragraph Is Capitalized And The First Letter In Each Word Should Therefore Appear In Uppercase. Words That"
          text run at (0,20) width 720: "Are In Uppercase In The Source (E.G. USA) Should Remain So. There Should Be A Capital Letter After A Non-"
          text run at (0,40) width 538: "Breaking Space (&Nbsp;). Both Those Characters Appear In The Previous Sentence."
      RenderBlock {P} at (0,279) size 769x40
        RenderText {#text} at (0,0) size 752x39
          text run at (0,0) width 752: "Words with inline elements inside them should only capitalize the first letter of the word. Therefore, the last word in this"
          text run at (0,20) width 304: "sentence should have one, and only one, capital "
        RenderInline {SPAN} at (0,0) size 37x19
          RenderText {#text} at (304,20) size 17x19
            text run at (304,20) width 17: "Le"
          RenderInline {SPAN} at (0,0) size 8x19
            RenderText {#text} at (321,20) size 8x19
              text run at (321,20) width 8: "tt"
          RenderText {#text} at (329,20) size 12x19
            text run at (329,20) width 12: "er"
        RenderText {#text} at (341,20) size 4x19
          text run at (341,20) width 4: "."
      RenderBlock {P} at (0,335) size 769x60
        RenderText {#text} at (0,0) size 717x39
          text run at (0,0) width 717: "THIS PARAGRAPH IS UPPERCASED AND SMALL CHARACTERS IN THE SOURCE (E.G. A AND \x{C5})"
          text run at (0,20) width 359: "SHOULD THEREFORE APPEAR IN UPPERCASE. "
          text run at (359,20) width 284: "IN THE LAST SENTENCE, HOWEVER, "
        RenderInline {SPAN} at (0,0) size 765x39
          RenderText {#text} at (643,20) size 765x39
            text run at (643,20) width 122: "the last eight words"
            text run at (0,40) width 152: "should not be uppercase"
        RenderText {#text} at (152,40) size 4x19
          text run at (152,40) width 4: "."
      RenderBlock {P} at (0,411) size 769x20
        RenderText {#text} at (0,0) size 726x19
          text run at (0,0) width 726: "this paragraph is lowercased and capital characters in the source (e.g. a and \x{E5}) should therefore appear in lowercase."
      RenderTable {TABLE} at (0,447) size 769x322 [border: (1px outset #808080)]
        RenderTableSection {TBODY} at (1,1) size 767x320
          RenderTableRow {TR} at (0,0) size 767x28
            RenderTableCell {TD} at (0,0) size 767x28 [bgcolor=#C0C0C0] [border: (1px inset #808080)] [r=0 c=0 rs=1 cs=2]
              RenderInline {STRONG} at (0,0) size 160x19
                RenderText {#text} at (4,4) size 160x19
                  text run at (4,4) width 160: "TABLE Testing Section"
          RenderTableRow {TR} at (0,28) size 767x292
            RenderTableCell {TD} at (0,160) size 12x28 [bgcolor=#C0C0C0] [border: (1px inset #808080)] [r=1 c=0 rs=1 cs=1]
              RenderText {#text} at (4,4) size 4x19
                text run at (4,4) width 4: " "
            RenderTableCell {TD} at (12,28) size 755x292 [border: (1px inset #808080)] [r=1 c=1 rs=1 cs=1]
              RenderBlock {P} at (4,4) size 747x40
                RenderText {#text} at (0,0) size 718x39
                  text run at (0,0) width 718: "This page tests the 'text-transform' property of CSS1. This paragraph has no text transformation and should appear"
                  text run at (0,20) width 48: "normal."
              RenderBlock {P} at (4,60) size 747x60
                RenderText {#text} at (0,0) size 716x59
                  text run at (0,0) width 715: "This Paragraph Is Capitalized And The First Letter In Each Word Should Therefore Appear In Uppercase. Words"
                  text run at (0,20) width 716: "That Are In Uppercase In The Source (E.G. USA) Should Remain So. There Should Be A Capital Letter After A"
                  text run at (0,40) width 571: "Non-Breaking Space (&Nbsp;). Both Those Characters Appear In The Previous Sentence."
              RenderBlock {P} at (4,136) size 747x40
                RenderText {#text} at (0,0) size 726x39
                  text run at (0,0) width 726: "Words with inline elements inside them should only capitalize the first letter of the word. Therefore, the last word in"
                  text run at (0,20) width 330: "this sentence should have one, and only one, capital "
                RenderInline {SPAN} at (0,0) size 37x19
                  RenderText {#text} at (330,20) size 17x19
                    text run at (330,20) width 17: "Le"
                  RenderInline {SPAN} at (0,0) size 8x19
                    RenderText {#text} at (347,20) size 8x19
                      text run at (347,20) width 8: "tt"
                  RenderText {#text} at (355,20) size 12x19
                    text run at (355,20) width 12: "er"
                RenderText {#text} at (367,20) size 4x19
                  text run at (367,20) width 4: "."
              RenderBlock {P} at (4,192) size 747x60
                RenderText {#text} at (0,0) size 717x39
                  text run at (0,0) width 717: "THIS PARAGRAPH IS UPPERCASED AND SMALL CHARACTERS IN THE SOURCE (E.G. A AND \x{C5})"
                  text run at (0,20) width 359: "SHOULD THEREFORE APPEAR IN UPPERCASE. "
                  text run at (359,20) width 284: "IN THE LAST SENTENCE, HOWEVER, "
                RenderInline {SPAN} at (0,0) size 722x39
                  RenderText {#text} at (643,20) size 722x39
                    text run at (643,20) width 79: "the last eight"
                    text run at (0,40) width 195: "words should not be uppercase"
                RenderText {#text} at (195,40) size 4x19
                  text run at (195,40) width 4: "."
              RenderBlock {P} at (4,268) size 747x20
                RenderText {#text} at (0,0) size 726x19
                  text run at (0,0) width 726: "this paragraph is lowercased and capital characters in the source (e.g. a and \x{E5}) should therefore appear in lowercase."
layer at (8,137) size 769x2 clip at (0,0) size 0x0
  RenderBlock {HR} at (0,129) size 769x2 [border: (1px inset #000000)]
