layer at (0,0) size 800x600
  RenderView at (0,0) size 800x600
layer at (0,0) size 800x52
  RenderBlock {HTML} at (0,0) size 800x52
    RenderBody {BODY} at (8,16) size 784x20
      RenderBlock {P} at (0,0) size 784x20
        RenderInline {A} at (0,0) size 362x19 [color=#551A8B] [bgcolor=#00FF00]
          RenderText {#text} at (0,0) size 362x19
            text run at (0,0) width 362: "You should see a green background assigned by the anchor."
        RenderText {#text} at (0,0) size 0x0
