layer at (0,0) size 800x600
  RenderView at (0,0) size 800x600
layer at (0,0) size 800x52
  RenderBlock {HTML} at (0,0) size 800x52
    RenderBody {BODY} at (8,16) size 784x20
      RenderBlock {P} at (0,0) size 784x20
        RenderText {#text} at (0,0) size 154x19
          text run at (0,0) width 154: "The background color of "
        RenderInline {A} at (0,0) size 63x19 [color=#0000EE]
          RenderText {#text} at (154,0) size 63x19
            text run at (154,0) width 63: "the anchor"
        RenderText {#text} at (217,0) size 517x19
          text run at (217,0) width 4: " "
          text run at (221,0) width 354: "should turn to green when it is activated and come back to "
          text run at (575,0) width 159: "normal when it is released."
