layer at (0,0) size 800x600
  RenderView at (0,0) size 800x600
layer at (0,0) size 800x112
  RenderBlock {HTML} at (0,0) size 800x112
    RenderBody {BODY} at (8,16) size 784x80
      RenderBlock {P} at (0,0) size 784x80
        RenderText {#text} at (0,0) size 778x79
          text run at (0,0) width 239: "This very long paragraph should have a "
          text run at (239,0) width 461: "first line with green background. This very long paragraph should have a first "
          text run at (700,0) width 49: "line with"
          text run at (0,20) width 117: "green background. "
          text run at (117,20) width 289: "This very long paragraph should have a first line "
          text run at (406,20) width 370: "with green background. This very long paragraph should have"
          text run at (0,40) width 90: "a first line with "
          text run at (90,40) width 472: "green background. This very long paragraph should have a first line with green "
          text run at (562,40) width 164: "background. This very long"
          text run at (0,60) width 347: "paragraph should have a first line with green background. "
          text run at (347,60) width 431: "This very long paragraph should have a first line with green background."
