layer at (0,0) size 800x600
  RenderView at (0,0) size 800x600
layer at (0,0) size 800x196
  RenderBlock {HTML} at (0,0) size 800x196
    RenderBody {BODY} at (8,16) size 784x164
      RenderBlock {DIV} at (0,0) size 784x164
        RenderBlock {P} at (0,0) size 784x20
          RenderText {#text} at (0,0) size 209x19
            text run at (0,0) width 209: "This paragraph should be unstyled."
        RenderBlock {P} at (0,36) size 784x20 [bgcolor=#00FF00]
          RenderText {#text} at (0,0) size 270x19
            text run at (0,0) width 270: "But this one should have a green background"
        RenderBlock {P} at (0,72) size 784x20 [bgcolor=#00FF00]
          RenderText {#text} at (0,0) size 303x19
            text run at (0,0) width 303: "And this one should also have a green background"
        RenderBlock {ADDRESS} at (0,108) size 784x20
          RenderText {#text} at (0,0) size 435x19
            text run at (0,0) width 435: "This address is only here to fill some space between two paragraphs"
        RenderBlock {P} at (0,144) size 784x20 [bgcolor=#00FF00]
          RenderText {#text} at (0,0) size 289x19
            text run at (0,0) width 289: "This paragraph should have a green background"
