layer at (0,0) size 800x600
  RenderView at (0,0) size 800x600
layer at (0,0) size 800x52
  RenderBlock {HTML} at (0,0) size 800x52
    RenderBody {BODY} at (8,16) size 784x20
      RenderBlock {P} at (0,0) size 784x20
        RenderText {#text} at (0,0) size 171x19
          text run at (0,0) width 171: "The background color of all "
        RenderInline {A} at (0,0) size 47x19 [color=#0000EE]
          RenderText {#text} at (171,0) size 47x19
            text run at (171,0) width 47: "anchors"
        RenderText {#text} at (218,0) size 99x19
          text run at (218,0) width 4: " "
          text run at (222,0) width 95: "should become "
        RenderInline {A} at (0,0) size 33x19 [color=#0000EE]
          RenderText {#text} at (317,0) size 33x19
            text run at (317,0) width 33: "green"
        RenderText {#text} at (350,0) size 123x19
          text run at (350,0) width 123: " when they have the "
        RenderInline {A} at (0,0) size 32x19 [color=#0000EE]
          RenderText {#text} at (473,0) size 32x19
            text run at (473,0) width 32: "focus"
        RenderText {#text} at (505,0) size 4x19
          text run at (505,0) width 4: "."
