layer at (0,0) size 800x600
  RenderView at (0,0) size 800x600
layer at (0,0) size 800x88
  RenderBlock {HTML} at (0,0) size 800x88
    RenderBody {BODY} at (8,16) size 784x56
      RenderBlock {DIV} at (0,0) size 784x20
        RenderBlock {P} at (0,0) size 784x20 [bgcolor=#008000]
          RenderText {#text} at (0,0) size 252x19
            text run at (0,0) width 252: "This line should have a green background."
      RenderBlock {DIV} at (0,36) size 784x20
        RenderBlock {P} at (0,0) size 784x20
          RenderText {#text} at (0,0) size 289x19
            text run at (0,0) width 289: "This line should NOT have a green background."
