layer at (0,0) size 800x600
  RenderView at (0,0) size 800x600
layer at (0,0) size 800x82
  RenderBlock {html} at (0,0) size 800x82
    RenderBody {body} at (8,16) size 784x58
      RenderBlock {p} at (0,0) size 784x18
        RenderText {#text} at (0,0) size 160x17
          text run at (0,0) width 160: "This test should not crash"
      RenderBlock (anonymous) at (0,34) size 784x24
        RenderText {#text} at (0,0) size 0x0
layer at (8,50) size 20x20
  RenderImage {img} at (0,0) size 20x20
