layer at (0,0) size 800x600
  RenderView at (0,0) size 800x600
layer at (0,0) size 800x600
  RenderBlock {HTML} at (0,0) size 800x600
    RenderBody {BODY} at (8,8) size 784x584
      RenderTable {TABLE} at (0,0) size 784x450 [border: (5px outset #808080)]
        RenderTableSection {TBODY} at (5,5) size 774x440
          RenderTableRow {TR} at (0,2) size 774x436
            RenderTableCell {TD} at (2,218) size 732x4 [border: (1px inset #808080)] [r=0 c=0 rs=1 cs=1]
            RenderTableCell {TD} at (736,2) size 36x436 [border: (1px inset #808080)] [r=0 c=1 rs=1 cs=1]
              RenderInline {A} at (0,0) size 32x17 [color=#0000EE]
                RenderText {#text} at (2,2) size 32x17
                  text run at (2,2) width 32: "\x{5CA1}\x{5C71}"
              RenderText {#text} at (2,20) size 16x17
                text run at (2,20) width 16: "\x{FF5C}"
              RenderInline {A} at (0,0) size 32x35 [color=#0000EE]
                RenderText {#text} at (18,20) size 32x35
                  text run at (18,20) width 16: "\x{5E83}"
                  text run at (2,38) width 16: "\x{5CF6}"
              RenderText {#text} at (18,38) size 16x17
                text run at (18,38) width 16: "\x{FF5C}"
              RenderInline {A} at (0,0) size 32x17 [color=#0000EE]
                RenderText {#text} at (2,56) size 32x17
                  text run at (2,56) width 32: "\x{5C71}\x{53E3}"
              RenderText {#text} at (2,74) size 16x17
                text run at (2,74) width 16: "\x{FF5C}"
              RenderInline {A} at (0,0) size 32x35 [color=#0000EE]
                RenderText {#text} at (18,74) size 32x35
                  text run at (18,74) width 16: "\x{5FB3}"
                  text run at (2,92) width 16: "\x{5CF6}"
              RenderText {#text} at (18,92) size 16x17
                text run at (18,92) width 16: "\x{FF5C}"
              RenderInline {A} at (0,0) size 32x17 [color=#0000EE]
                RenderText {#text} at (2,110) size 32x17
                  text run at (2,110) width 32: "\x{9999}\x{5DDD}"
              RenderText {#text} at (2,128) size 16x17
                text run at (2,128) width 16: "\x{FF5C}"
              RenderInline {A} at (0,0) size 32x35 [color=#0000EE]
                RenderText {#text} at (18,128) size 32x35
                  text run at (18,128) width 16: "\x{611B}"
                  text run at (2,146) width 16: "\x{5A9B}"
              RenderText {#text} at (18,146) size 16x17
                text run at (18,146) width 16: "\x{FF5C}"
              RenderInline {A} at (0,0) size 32x17 [color=#0000EE]
                RenderText {#text} at (2,164) size 32x17
                  text run at (2,164) width 32: "\x{9AD8}\x{77E5}"
              RenderText {#text} at (2,182) size 16x17
                text run at (2,182) width 16: "\x{FF5C}"
              RenderInline {A} at (0,0) size 32x71 [color=#0000EE]
                RenderText {#text} at (18,182) size 32x71
                  text run at (18,182) width 16: "\x{798F}"
                  text run at (2,200) width 32: "\x{5CA1}\x{30FB}"
                  text run at (2,218) width 32: "\x{5317}\x{4E5D}"
                  text run at (2,236) width 16: "\x{5DDE}"
              RenderText {#text} at (18,236) size 16x17
                text run at (18,236) width 16: "\x{FF5C}"
              RenderInline {A} at (0,0) size 32x17 [color=#0000EE]
                RenderText {#text} at (2,254) size 32x17
                  text run at (2,254) width 32: "\x{4F50}\x{8CC0}"
              RenderText {#text} at (2,272) size 16x17
                text run at (2,272) width 16: "\x{FF5C}"
              RenderInline {A} at (0,0) size 32x35 [color=#0000EE]
                RenderText {#text} at (18,272) size 32x35
                  text run at (18,272) width 16: "\x{9577}"
                  text run at (2,290) width 16: "\x{5D0E}"
              RenderText {#text} at (18,290) size 16x17
                text run at (18,290) width 16: "\x{FF5C}"
              RenderInline {A} at (0,0) size 32x17 [color=#0000EE]
                RenderText {#text} at (2,308) size 32x17
                  text run at (2,308) width 32: "\x{718A}\x{672C}"
              RenderText {#text} at (2,326) size 16x17
                text run at (2,326) width 16: "\x{FF5C}"
              RenderInline {A} at (0,0) size 32x35 [color=#0000EE]
                RenderText {#text} at (18,326) size 32x35
                  text run at (18,326) width 16: "\x{5927}"
                  text run at (2,344) width 16: "\x{5206}"
              RenderText {#text} at (18,344) size 16x17
                text run at (18,344) width 16: "\x{FF5C}"
              RenderInline {A} at (0,0) size 32x17 [color=#0000EE]
                RenderText {#text} at (2,362) size 32x17
                  text run at (2,362) width 32: "\x{5BAE}\x{5D0E}"
              RenderText {#text} at (2,380) size 16x17
                text run at (2,380) width 16: "\x{FF5C}"
              RenderInline {A} at (0,0) size 32x35 [color=#0000EE]
                RenderText {#text} at (18,380) size 32x35
                  text run at (18,380) width 16: "\x{9E7F}"
                  text run at (2,398) width 32: "\x{5150}\x{5CF6}"
              RenderText {#text} at (2,416) size 16x17
                text run at (2,416) width 16: "\x{FF5C}"
