layer at (0,0) size 800x600
  RenderView at (0,0) size 800x600
layer at (0,0) size 800x600
  RenderBlock {HTML} at (0,0) size 800x600
    RenderBody {BODY} at (8,8) size 784x576
      RenderBlock (anonymous) at (0,0) size 784x38
        RenderText {#text} at (0,1) size 759x36
          text run at (0,1) width 579: "The following tests text iteration over RTL text embedded with LTR text. "
          text run at (579,1) width 180: "TextIterators are used"
          text run at (0,20) width 277: "for find, spellcheck, and .innerText"
      RenderBlock {HR} at (0,46) size 784x2 [border: (1px inset #000000)]
      RenderBlock (anonymous) at (0,56) size 784x19
        RenderText {#text} at (0,1) size 170x17
          text run at (0,1) width 170: "Embedded Numbers:"
      RenderBlock {DIV} at (0,75) size 784x19 [color=#0000FF]
        RenderText {#text} at (0,1) size 134x17
          text run at (0,1) width 69: "Testing ("
          text run at (69,1) width 15 RTL: "\x{5DF}\x{5DE}"
          text run at (84,1) width 10: "3"
          text run at (94,1) width 34 RTL: "\x{5D7}\x{5D5}\x{5D3}\x{5D0}"
          text run at (128,1) width 6: ")"
      RenderBlock (anonymous) at (0,94) size 784x19
        RenderText {#text} at (0,1) size 127x17
          text run at (0,1) width 127: "Embedded LTR:"
      RenderBlock {DIV} at (0,113) size 784x19 [color=#0000FF]
        RenderText {#text} at (0,1) size 162x17
          text run at (0,1) width 69: "Testing ("
          text run at (69,1) width 34 RTL: "\x{5D7}\x{5D5}\x{5D3}\x{5D0}"
          text run at (103,1) width 38: "hello"
          text run at (141,1) width 15 RTL: "\x{5DF}\x{5DE}"
          text run at (156,1) width 6: ")"
      RenderBlock (anonymous) at (0,132) size 784x19
        RenderText {#text} at (0,1) size 234x17
          text run at (0,1) width 234: "Embedded Numbers and LTR"
      RenderBlock {DIV} at (0,151) size 784x19 [color=#0000FF]
        RenderText {#text} at (0,1) size 154x17
          text run at (0,1) width 69: "Testing ("
          text run at (69,1) width 27 RTL: "\x{5E7}\x{5E7}\x{5E8}"
          text run at (96,1) width 10: "3"
          text run at (106,1) width 32 RTL: "\x{5D9}\x{5E7}\x{5DD}\x{5DC}"
          text run at (138,1) width 16: "h)"
      RenderBlock (anonymous) at (0,170) size 784x19
        RenderText {#text} at (0,1) size 274x17
          text run at (0,1) width 274: "Embedded Numbers with spacing:"
      RenderBlock {DIV} at (0,189) size 784x19 [color=#0000FF]
        RenderText {#text} at (0,1) size 290x17
          text run at (0,1) width 69: "Testing ("
          text run at (69,1) width 38 RTL: " \x{5D7}\x{5D5}\x{5D3}\x{5D0}"
          text run at (107,1) width 31: "300"
          text run at (138,1) width 54 RTL: "\x{5D7}\x{5D5}\x{5D3}\x{5D0}\x{5DF}\x{5DE} "
          text run at (192,1) width 50: "34023"
          text run at (242,1) width 42 RTL: "\x{5D9}\x{5E7}\x{5DA}\x{5DA}\x{5DD}"
          text run at (284,1) width 6: ")"
      RenderBlock (anonymous) at (0,208) size 784x19
        RenderText {#text} at (0,1) size 79x17
          text run at (0,1) width 79: "Plain LTR:"
      RenderBlock {DIV} at (0,227) size 784x19 [color=#0000FF]
        RenderText {#text} at (0,1) size 113x17
          text run at (0,1) width 113: "Testing (hello)"
      RenderBlock (anonymous) at (0,246) size 784x19
        RenderText {#text} at (0,1) size 231x17
          text run at (0,1) width 231: "Embedded LTR with spacing:"
      RenderBlock {DIV} at (0,265) size 784x19 [color=#0000FF]
        RenderText {#text} at (0,1) size 208x17
          text run at (0,1) width 69: "Testing ("
          text run at (69,1) width 67 RTL: "\x{5D7}\x{5D5}\x{5D3}\x{5D9}\x{5E7}\x{5DA}\x{5DA}\x{5DD}"
          text run at (136,1) width 47: " hello "
          text run at (183,1) width 19 RTL: "\x{5DF}\x{5DE}\x{5D9}"
          text run at (202,1) width 6: ")"
      RenderBlock (anonymous) at (0,284) size 784x19
        RenderText {#text} at (0,1) size 206x17
          text run at (0,1) width 206: "Mixed but not embedded:"
      RenderBlock {DIV} at (0,303) size 784x19 [color=#0000FF]
        RenderText {#text} at (0,1) size 152x17
          text run at (0,1) width 107: "Testing (hello"
          text run at (107,1) width 39 RTL: "\x{5D7}\x{5D5}\x{5D3}\x{5DF}\x{5DE}"
          text run at (146,1) width 6: ")"
      RenderBlock (anonymous) at (0,322) size 784x19
        RenderText {#text} at (0,1) size 206x17
          text run at (0,1) width 206: "Mixed but not embedded:"
      RenderBlock {DIV} at (0,341) size 784x19 [color=#0000FF]
        RenderText {#text} at (0,1) size 152x17
          text run at (0,1) width 69: "Testing ("
          text run at (69,1) width 39 RTL: "\x{5D7}\x{5D5}\x{5D3}\x{5DF}\x{5DE}"
          text run at (108,1) width 44: "hello)"
      RenderBlock {OL} at (0,376) size 784x0
