layer at (0,0) size 800x600
  RenderView at (0,0) size 800x600
layer at (0,0) size 800x600
  RenderBlock {HTML} at (0,0) size 800x600
    RenderBody {BODY} at (8,8) size 784x584
      RenderBlock (anonymous) at (0,0) size 784x36
        RenderText {#text} at (0,0) size 751x35
          text run at (0,0) width 751: "This tests that Unicode bidi control characters are not rendered and have zero width. The next two lines should look the"
          text run at (0,18) width 36: "same."
      RenderBlock {DIV} at (0,36) size 784x36
        RenderText {#text} at (0,0) size 14x17
          text run at (0,0) width 14: "a\x{202D}e\x{300}"
        RenderBR {BR} at (14,0) size 0x17
        RenderText {#text} at (0,18) size 14x17
          text run at (0,18) width 14: "ae\x{300}"
