layer at (0,0) size 800x600
  RenderView at (0,0) size 800x600
layer at (0,0) size 800x600
  RenderBlock {HTML} at (0,0) size 800x600
    RenderBody {BODY} at (8,8) size 784x584
      RenderBlock {P} at (0,0) size 784x57
        RenderText {#text} at (0,1) size 575x17
          text run at (0,1) width 575: "This tests that bidirectional text is correctly rendered in popup controls."
        RenderBR {BR} at (574,1) size 1x17
        RenderText {#text} at (0,20) size 783x36
          text run at (0,20) width 783: "The order of the text below each popup button should match the order of the select's option text,"
          text run at (0,39) width 361: "and the order of the text in the popup menu."
      RenderBlock (anonymous) at (0,73) size 784x50
        RenderText {#text} at (0,1) size 348x17
          text run at (0,1) width 348: "1) direction: rtl; -webkit-rtl-ordering: logical"
        RenderBR {BR} at (347,1) size 1x17
        RenderMenuList {SELECT} at (0,19) size 100x31 [bgcolor=#FFFFFF] [border: (1px solid #000000)]
          RenderBlock (anonymous) at (1,1) size 98x29
            RenderText at (6,6) size 87x17
              text run at (6,6) width 59 RTL: "\x{5D0}\x{5E4}\x{5E8}\x{5E1}\x{5DE}\x{5D5}\x{5DF}"
              text run at (64,6) width 29: "abc"
        RenderBR {BR} at (100,26) size 0x17
      RenderBlock {DIV} at (0,123) size 100x19
        RenderText {#text} at (0,1) size 87x17
          text run at (0,1) width 29: "abc"
          text run at (28,1) width 59 RTL: "\x{5D0}\x{5E4}\x{5E8}\x{5E1}\x{5DE}\x{5D5}\x{5DF}"
      RenderBlock (anonymous) at (0,142) size 784x68
        RenderBR {BR} at (0,0) size 0x17
        RenderText {#text} at (0,19) size 146x17
          text run at (0,19) width 146: "2) text-align: right"
        RenderBR {BR} at (145,19) size 1x17
        RenderMenuList {SELECT} at (0,37) size 200x31 [bgcolor=#FFFFFF] [border: (1px solid #000000)]
          RenderBlock (anonymous) at (1,1) size 198x29
            RenderText at (5,6) size 87x17
              text run at (5,6) width 29: "abc"
              text run at (33,6) width 59 RTL: "\x{5D0}\x{5E4}\x{5E8}\x{5E1}\x{5DE}\x{5D5}\x{5DF}"
        RenderBR {BR} at (200,44) size 0x17
      RenderBlock {DIV} at (0,210) size 200x19
        RenderText {#text} at (0,1) size 87x17
          text run at (0,1) width 29: "abc"
          text run at (28,1) width 59 RTL: "\x{5D0}\x{5E4}\x{5E8}\x{5E1}\x{5DE}\x{5D5}\x{5DF}"
      RenderBlock (anonymous) at (0,229) size 784x68
        RenderBR {BR} at (0,0) size 0x17
        RenderText {#text} at (0,19) size 87x17
          text run at (0,19) width 87: "3) No style"
        RenderBR {BR} at (86,19) size 1x17
        RenderMenuList {SELECT} at (0,37) size 100x31 [bgcolor=#FFFFFF] [border: (1px solid #000000)]
          RenderBlock (anonymous) at (1,1) size 98x29
            RenderText at (5,6) size 87x17
              text run at (5,6) width 29: "abc"
              text run at (33,6) width 59 RTL: "\x{5D0}\x{5E4}\x{5E8}\x{5E1}\x{5DE}\x{5D5}\x{5DF}"
        RenderBR {BR} at (100,44) size 0x17
      RenderBlock {DIV} at (0,297) size 100x19
        RenderText {#text} at (0,1) size 87x17
          text run at (0,1) width 29: "abc"
          text run at (28,1) width 59 RTL: "\x{5D0}\x{5E4}\x{5E8}\x{5E1}\x{5DE}\x{5D5}\x{5DF}"
      RenderBlock (anonymous) at (0,316) size 784x18
        RenderBR {BR} at (0,0) size 0x17
