layer at (0,0) size 800x600
  RenderView at (0,0) size 800x600
layer at (0,0) size 800x347
  RenderBlock {HTML} at (0,0) size 800x347
    RenderBody {BODY} at (8,16) size 784x323
      RenderBlock {P} at (0,0) size 784x19
        RenderText {#text} at (0,1) size 392x17
          text run at (0,1) width 392: "All rows should be identical to the reference row."
      RenderTable {TABLE} at (0,35) size 639x113 [border: none]
        RenderTableSection {TBODY} at (0,0) size 638x112
          RenderTableRow {TR} at (0,0) size 638x28
            RenderTableCell {TD} at (0,0) size 114x28 [border: (1px solid #008000)] [r=0 c=0 rs=1 cs=1]
              RenderText {#text} at (27,6) size 83x17
                text run at (27,6) width 83: "Reference"
            RenderTableCell {TD} at (114,0) size 262x28 [border: (1px solid #008000)] [r=0 c=1 rs=1 cs=1]
              RenderText {#text} at (5,6) size 253x17
                text run at (5,6) width 55: "abcdef"
                text run at (60,6) width 27 RTL: "\x{5D0}\x{5D1}\x{5D2}"
                text run at (87,6) width 46: "ghijkl "
                text run at (133,6) width 46 RTL: "\x{5D6}\x{5D7}\x{5D8}\x{5D9}\x{5DB}\x{5DC}"
                text run at (179,6) width 29: "abc"
                text run at (208,6) width 50 RTL: "\x{5D0}\x{5D1}\x{5D2}\x{5D3}\x{5D4}\x{5D5}"
            RenderTableCell {TD} at (376,0) size 262x28 [border: (1px solid #008000)] [r=0 c=2 rs=1 cs=1]
              RenderText {#text} at (5,6) size 253x17
                text run at (5,6) width 46 RTL: "\x{5D6}\x{5D7}\x{5D8}\x{5D9}\x{5DB}\x{5DC}"
                text run at (51,6) width 29: "abc"
                text run at (80,6) width 50 RTL: "\x{5D0}\x{5D1}\x{5D2}\x{5D3}\x{5D4}\x{5D5}"
                text run at (130,6) width 5 RTL: " "
                text run at (135,6) width 55: "abcdef"
                text run at (190,6) width 27 RTL: "\x{5D0}\x{5D1}\x{5D2}"
                text run at (217,6) width 41: "ghijkl"
          RenderTableRow {TR} at (0,28) size 638x28
            RenderTableCell {TD} at (0,28) size 114x28 [border: (1px solid #008000)] [r=1 c=0 rs=1 cs=1]
              RenderText {#text} at (11,6) size 99x17
                text run at (11,6) width 99: "CSS, siblings"
            RenderTableCell {TD} at (114,28) size 262x28 [border: (1px solid #008000)] [r=1 c=1 rs=1 cs=1]
              RenderText {#text} at (5,6) size 29x17
                text run at (5,6) width 29: "abc"
              RenderInline {SPAN} at (0,0) size 77x17
                RenderText {#text} at (34,6) size 77x17
                  text run at (34,6) width 77 RTL: "ihg\x{5D0}\x{5D1}\x{5D2}fed"
              RenderText {#text} at (111,6) size 147x17
                text run at (111,6) width 22: "jkl "
                text run at (231,6) width 27 RTL: "\x{5D0}\x{5D1}\x{5D2}"
              RenderInline {SPAN} at (0,0) size 78x17
                RenderText {#text} at (153,6) size 78x17
                  text run at (153,6) width 78: "\x{5D8}\x{5D7}\x{5D6}abc\x{5D5}\x{5D4}\x{5D3}"
              RenderText {#text} at (133,6) size 20x17
                text run at (133,6) width 20 RTL: "\x{5D9}\x{5DB}\x{5DC}"
            RenderTableCell {TD} at (376,28) size 262x28 [border: (1px solid #008000)] [r=1 c=2 rs=1 cs=1]
              RenderText {#text} at (135,6) size 29x17
                text run at (135,6) width 29: "abc"
              RenderInline {SPAN} at (0,0) size 77x17
                RenderText {#text} at (164,6) size 77x17
                  text run at (164,6) width 77 RTL: "ihg\x{5D0}\x{5D1}\x{5D2}fed"
              RenderText {#text} at (103,6) size 155x17
                text run at (103,6) width 32 RTL: " \x{5D0}\x{5D1}\x{5D2}"
                text run at (241,6) width 17: "jkl"
              RenderInline {SPAN} at (0,0) size 78x17
                RenderText {#text} at (25,6) size 78x17
                  text run at (25,6) width 78: "\x{5D8}\x{5D7}\x{5D6}abc\x{5D5}\x{5D4}\x{5D3}"
              RenderText {#text} at (5,6) size 20x17
                text run at (5,6) width 20 RTL: "\x{5D9}\x{5DB}\x{5DC}"
          RenderTableRow {TR} at (0,56) size 638x28
            RenderTableCell {TD} at (0,56) size 114x28 [border: (1px solid #008000)] [r=2 c=0 rs=1 cs=1]
              RenderText {#text} at (5,6) size 105x17
                text run at (5,6) width 105: "CSS, children"
            RenderTableCell {TD} at (114,56) size 262x28 [border: (1px solid #008000)] [r=2 c=1 rs=1 cs=1]
              RenderInline {SPAN} at (0,0) size 123x17
                RenderText {#text} at (5,6) size 29x17
                  text run at (5,6) width 29: "abc"
                RenderInline {SPAN} at (0,0) size 77x17
                  RenderText {#text} at (34,6) size 77x17
                    text run at (34,6) width 77 RTL: "ihg\x{5D0}\x{5D1}\x{5D2}fed"
                RenderText {#text} at (111,6) size 17x17
                  text run at (111,6) width 17: "jkl"
              RenderText {#text} at (128,6) size 5x17
                text run at (128,6) width 5: " "
              RenderInline {SPAN} at (0,0) size 125x17
                RenderText {#text} at (231,6) size 27x17
                  text run at (231,6) width 27 RTL: "\x{5D0}\x{5D1}\x{5D2}"
                RenderInline {SPAN} at (0,0) size 78x17
                  RenderText {#text} at (153,6) size 78x17
                    text run at (153,6) width 78: "\x{5D8}\x{5D7}\x{5D6}abc\x{5D5}\x{5D4}\x{5D3}"
                RenderText {#text} at (133,6) size 20x17
                  text run at (133,6) width 20 RTL: "\x{5D9}\x{5DB}\x{5DC}"
            RenderTableCell {TD} at (376,56) size 262x28 [border: (1px solid #008000)] [r=2 c=2 rs=1 cs=1]
              RenderInline {SPAN} at (0,0) size 123x17
                RenderText {#text} at (135,6) size 29x17
                  text run at (135,6) width 29: "abc"
                RenderInline {SPAN} at (0,0) size 77x17
                  RenderText {#text} at (164,6) size 77x17
                    text run at (164,6) width 77 RTL: "ihg\x{5D0}\x{5D1}\x{5D2}fed"
                RenderText {#text} at (241,6) size 17x17
                  text run at (241,6) width 17: "jkl"
              RenderText {#text} at (130,6) size 5x17
                text run at (130,6) width 5 RTL: " "
              RenderInline {SPAN} at (0,0) size 125x17
                RenderText {#text} at (103,6) size 27x17
                  text run at (103,6) width 27 RTL: "\x{5D0}\x{5D1}\x{5D2}"
                RenderInline {SPAN} at (0,0) size 78x17
                  RenderText {#text} at (25,6) size 78x17
                    text run at (25,6) width 78: "\x{5D8}\x{5D7}\x{5D6}abc\x{5D5}\x{5D4}\x{5D3}"
                RenderText {#text} at (5,6) size 20x17
                  text run at (5,6) width 20 RTL: "\x{5D9}\x{5DB}\x{5DC}"
          RenderTableRow {TR} at (0,84) size 638x28
            RenderTableCell {TD} at (0,84) size 114x28 [border: (1px solid #008000)] [r=3 c=0 rs=1 cs=1]
              RenderText {#text} at (45,6) size 65x17
                text run at (45,6) width 65: "Unicode"
            RenderTableCell {TD} at (114,84) size 262x28 [border: (1px solid #008000)] [r=3 c=1 rs=1 cs=1]
              RenderText {#text} at (5,6) size 253x17
                text run at (5,6) width 29: "abc"
                text run at (34,6) width 77 RTL: "\x{202E}ihg\x{5D0}\x{5D1}\x{5D2}fed"
                text run at (111,6) width 22: "\x{202C}jkl "
                text run at (133,6) width 20 RTL: "\x{202C}\x{5D9}\x{5DB}\x{5DC}"
                text run at (153,6) width 78: "\x{202D}\x{5D8}\x{5D7}\x{5D6}abc\x{5D5}\x{5D4}\x{5D3}"
                text run at (231,6) width 27 RTL: "\x{5D0}\x{5D1}\x{5D2}"
            RenderTableCell {TD} at (376,84) size 262x28 [border: (1px solid #008000)] [r=3 c=2 rs=1 cs=1]
              RenderText {#text} at (5,6) size 253x17
                text run at (5,6) width 20 RTL: "\x{202C}\x{5D9}\x{5DB}\x{5DC}"
                text run at (25,6) width 78: "\x{202D}\x{5D8}\x{5D7}\x{5D6}abc\x{5D5}\x{5D4}\x{5D3}"
                text run at (103,6) width 27 RTL: "\x{5D0}\x{5D1}\x{5D2}"
                text run at (130,6) width 5 RTL: " "
                text run at (135,6) width 29: "abc"
                text run at (164,6) width 77 RTL: "\x{202E}ihg\x{5D0}\x{5D1}\x{5D2}fed"
                text run at (241,6) width 17: "\x{202C}jkl"
      RenderBlock {P} at (0,164) size 784x19
        RenderText {#text} at (0,1) size 489x17
          text run at (0,1) width 489: "The CSS column should be identical to the reference column."
      RenderTable {TABLE} at (0,199) size 269x124 [border: none]
        RenderTableSection {TBODY} at (0,0) size 268x123
          RenderTableRow {TR} at (0,0) size 268x28
            RenderTableCell {TD} at (0,0) size 134x28 [border: (1px solid #008000)] [r=0 c=0 rs=1 cs=1]
              RenderText {#text} at (26,6) size 83x17
                text run at (26,6) width 83: "Reference"
            RenderTableCell {TD} at (134,0) size 134x28 [border: (1px solid #008000)] [r=0 c=1 rs=1 cs=1]
              RenderText {#text} at (52,6) size 31x17
                text run at (52,6) width 31: "CSS"
          RenderTableRow {TR} at (0,28) size 268x95
            RenderTableCell {TD} at (0,28) size 134x95 [border: (1px solid #008000)] [r=1 c=0 rs=1 cs=1]
              RenderBlock {P} at (5,21) size 125x19
                RenderText {#text} at (1,1) size 123x17
                  text run at (1,1) width 55: "abcdef"
                  text run at (56,1) width 27 RTL: "\x{5D0}\x{5D1}\x{5D2}"
                  text run at (83,1) width 41: "ghijkl"
              RenderBlock {P} at (5,56) size 125x19
                RenderText {#text} at (0,1) size 125x17
                  text run at (0,1) width 46 RTL: "\x{5D6}\x{5D7}\x{5D8}\x{5D9}\x{5DB}\x{5DC}"
                  text run at (46,1) width 29: "abc"
                  text run at (75,1) width 50 RTL: "\x{5D0}\x{5D1}\x{5D2}\x{5D3}\x{5D4}\x{5D5}"
            RenderTableCell {TD} at (134,28) size 134x95 [border: (1px solid #008000)] [r=1 c=1 rs=1 cs=1]
              RenderBlock {P} at (5,21) size 125x19
                RenderText {#text} at (1,1) size 123x17
                  text run at (1,1) width 123 RTL: "lkjihg\x{5D0}\x{5D1}\x{5D2}fedcba"
              RenderBlock {P} at (5,56) size 125x19
                RenderText {#text} at (0,1) size 125x17
                  text run at (0,1) width 125: "\x{5DC}\x{5DB}\x{5D9}\x{5D8}\x{5D7}\x{5D6}abc\x{5D5}\x{5D4}\x{5D3}\x{5D2}\x{5D1}\x{5D0}"
