layer at (0,0) size 800x600
  RenderView at (0,0) size 800x600
layer at (0,0) size 800x494
  RenderBlock {HTML} at (0,0) size 800x494
    RenderBody {BODY} at (8,16) size 784x462
      RenderBlock {P} at (0,0) size 784x54
        RenderText {#text} at (0,0) size 776x53
          text run at (0,0) width 776: "In each line, reading from left to right, the bracket should appear before the parenthesis. The bracket should be"
          text run at (0,18) width 744: "a left bracket and the parenthesis should be a right parenthesis. In each line, Roman characters and digits"
          text run at (0,36) width 322: "should be in increasing order from left to right."
      RenderBlock {P} at (0,70) size 784x18
        RenderText {#text} at (0,0) size 57x17
          text run at (0,0) width 27 RTL: "\x{5D0}\x{5D1}\x{5D2}"
          text run at (27,0) width 30: " def "
        RenderInline {SPAN} at (0,0) size 35x17
          RenderText {#text} at (57,0) size 35x17
            text run at (57,0) width 35 RTL: "(\x{5D6}\x{5D7}\x{5D8}]"
        RenderText {#text} at (92,0) size 20x17
          text run at (92,0) width 20: " jkl"
      RenderBlock {P} at (0,104) size 784x18
        RenderText {#text} at (0,0) size 57x17
          text run at (0,0) width 27 RTL: "\x{5D0}\x{5D1}\x{5D2}"
          text run at (27,0) width 30: " def "
        RenderInline {SPAN} at (0,0) size 31x17
          RenderText {#text} at (57,0) size 31x17
            text run at (57,0) width 4 RTL: "]"
            text run at (61,0) width 22: "ghi"
            text run at (83,0) width 5 RTL: "("
        RenderText {#text} at (88,0) size 20x17
          text run at (88,0) width 20: " jkl"
      RenderBlock {P} at (0,138) size 784x18
        RenderText {#text} at (0,0) size 30x17
          text run at (0,0) width 30: "abc "
        RenderInline {SPAN} at (0,0) size 49x17
          RenderText {#text} at (30,0) size 49x17
            text run at (30,0) width 4 RTL: "]"
            text run at (34,0) width 18: "23"
            text run at (52,0) width 4 RTL: " "
            text run at (56,0) width 18: "45"
            text run at (74,0) width 5 RTL: "("
        RenderText {#text} at (79,0) size 26x17
          text run at (79,0) width 26: " fgh"
      RenderBlock {P} at (0,172) size 784x18
        RenderText {#text} at (0,0) size 105x17
          text run at (0,0) width 30: "abc "
          text run at (30,0) width 4 RTL: "]"
          text run at (34,0) width 18: "23"
          text run at (52,0) width 4 RTL: " "
          text run at (56,0) width 18: "45"
          text run at (74,0) width 5 RTL: "\x{202B}("
          text run at (79,0) width 26: "\x{202C} fgh"
      RenderBlock {P} at (0,206) size 784x18
        RenderText {#text} at (0,0) size 95x17
          text run at (0,0) width 30: "abc "
          text run at (30,0) width 4 RTL: "]"
          text run at (34,0) width 35: "de fg"
          text run at (69,0) width 5 RTL: "\x{202B}("
          text run at (74,0) width 21: "\x{202C} hij"
      RenderBlock {P} at (0,240) size 784x18
        RenderText {#text} at (0,0) size 9x17
          text run at (0,0) width 9: "1"
        RenderInline {SPAN} at (0,0) size 48x17
          RenderText {#text} at (9,0) size 48x17
            text run at (9,0) width 4 RTL: "]"
            text run at (13,0) width 39: "ab cd"
            text run at (52,0) width 5 RTL: "("
        RenderText {#text} at (0,0) size 0x0
      RenderBlock {P} at (0,274) size 784x18
        RenderText {#text} at (0,0) size 9x17
          text run at (0,0) width 9: "1"
        RenderInline {SPAN} at (0,0) size 47x17
          RenderText {#text} at (9,0) size 47x17
            text run at (9,0) width 24 RTL: " \x{5D2}\x{5D3}]"
            text run at (33,0) width 18: "ab"
            text run at (51,0) width 5 RTL: "("
        RenderText {#text} at (0,0) size 0x0
      RenderBlock {P} at (0,308) size 784x18
        RenderText {#text} at (0,0) size 9x17
          text run at (0,0) width 9: "1"
        RenderInline {SPAN} at (0,0) size 18x17
          RenderText {#text} at (9,0) size 18x17
            text run at (9,0) width 4 RTL: "]"
            text run at (13,0) width 9: "2"
            text run at (22,0) width 5 RTL: "\x{202B}("
            text run at (27,0) width 0: "\x{202C}"
        RenderText {#text} at (0,0) size 0x0
      RenderBlock {P} at (0,342) size 784x18
        RenderText {#text} at (0,0) size 9x17
          text run at (0,0) width 9: "1"
        RenderInline {SPAN} at (0,0) size 18x17
          RenderText {#text} at (9,0) size 18x17
            text run at (9,0) width 4 RTL: "]"
            text run at (13,0) width 9: "a"
            text run at (22,0) width 5 RTL: "\x{202B}("
            text run at (27,0) width 0: "\x{202C}"
        RenderText {#text} at (0,0) size 0x0
      RenderBlock {P} at (0,376) size 784x18
        RenderText {#text} at (0,0) size 56x17
          text run at (0,0) width 9: "1"
          text run at (9,0) width 24 RTL: " \x{5D2}\x{5D3}]"
          text run at (33,0) width 18: "ab"
          text run at (51,0) width 5 RTL: "\x{202B}("
          text run at (56,0) width 0: "\x{202C}"
      RenderBlock {P} at (0,410) size 784x18
        RenderInline {SPAN} at (0,0) size 92x17
          RenderText {#text} at (0,0) size 92x17
            text run at (0,0) width 4 RTL: "]"
            text run at (4,0) width 26: "abc"
            text run at (30,0) width 35 RTL: " \x{5D0}\x{5D1}\x{5D2} "
            text run at (65,0) width 22: "def"
            text run at (87,0) width 5 RTL: "("
        RenderText {#text} at (0,0) size 0x0
      RenderBlock {P} at (0,444) size 784x18
        RenderText {#text} at (0,0) size 92x17
          text run at (0,0) width 4 RTL: "]"
          text run at (4,0) width 26: "abc"
          text run at (30,0) width 35 RTL: " \x{5D0}\x{5D1}\x{5D2} "
          text run at (65,0) width 22: "def"
          text run at (87,0) width 5 RTL: "\x{202B}("
          text run at (92,0) width 0: "\x{202C}"
