layer at (0,0) size 800x600
  RenderView at (0,0) size 800x600
layer at (0,0) size 800x105
  RenderBlock {HTML} at (0,0) size 800x105
    RenderBody {BODY} at (8,16) size 784x73
      RenderBlock {P} at (0,0) size 784x38
        RenderText {#text} at (0,1) size 755x36
          text run at (0,1) width 755: "The three boxes should be the same. The order in each box should be: Roman letters, Hebrew"
          text run at (0,20) width 359: "letters, digits, Hebrew letters, Roman letters."
      RenderBlock {P} at (0,54) size 784x19
        RenderInline {SPAN} at (0,0) size 157x19 [border: (1px solid #008000)]
          RenderText {#text} at (1,1) size 155x17
            text run at (1,1) width 34: "abc "
            text run at (35,1) width 28 RTL: " \x{5D3}\x{5D4}\x{5D5}"
            text run at (63,1) width 30: "123"
            text run at (93,1) width 32 RTL: "\x{5D0}\x{5D1}\x{5D2} "
            text run at (125,1) width 31: " def"
        RenderText {#text} at (157,1) size 5x17
          text run at (157,1) width 5: " "
        RenderInline {SPAN} at (0,0) size 157x19 [border: (1px solid #008000)]
          RenderText {#text} at (163,1) size 155x17
            text run at (163,1) width 34: "abc "
            text run at (197,1) width 28 RTL: " \x{5D3}\x{5D4}\x{5D5}"
            text run at (225,1) width 30: "123"
            text run at (255,1) width 32 RTL: "\x{5D0}\x{5D1}\x{5D2} "
            text run at (287,1) width 31: " def"
        RenderText {#text} at (319,1) size 5x17
          text run at (319,1) width 5: " "
        RenderInline {SPAN} at (0,0) size 157x19 [border: (1px solid #008000)]
          RenderText {#text} at (325,1) size 155x17
            text run at (325,1) width 34: "abc "
            text run at (359,1) width 28 RTL: " \x{5D3}\x{5D4}\x{5D5}"
            text run at (387,1) width 30: "123"
            text run at (417,1) width 32 RTL: "\x{5D0}\x{5D1}\x{5D2} "
            text run at (449,1) width 31: " def"
        RenderText {#text} at (0,0) size 0x0
