layer at (0,0) size 800x600
  RenderView at (0,0) size 800x600
layer at (0,0) size 800x600
  RenderBlock {HTML} at (0,0) size 800x600
    RenderBody {BODY} at (8,8) size 784x576
      RenderBlock {P} at (0,0) size 784x36
        RenderText {#text} at (0,0) size 762x35
          text run at (0,0) width 762: "This HTML tests if the 'while-space' property controls the behavors of line-break characters (U+000A and U+000D) in a"
          text run at (0,18) width 135: "complex text (Hindi)."
      RenderBlock {P} at (0,52) size 784x36
        RenderText {#text} at (0,0) size 714x35
          text run at (0,0) width 714: "If this test succeeds, you can see this Hindi word \"\x{935}\x{93F}\x{937}\x{92F}\x{94B}\x{902}\" repeated three times separated by a space in the first two"
          text run at (0,18) width 491: "paragraphs. In the third paragraphs, it'll be shown three times in separate lines."
      RenderBlock {P} at (0,104) size 784x18
        RenderText {#text} at (0,0) size 119x17
          text run at (0,0) width 119: "1. \x{935}\x{93F}\x{937}\x{92F}\x{94B}\x{902} \x{935}\x{93F}\x{937}\x{92F}\x{94B}\x{902}\x{D}\x{935}\x{93F}\x{937}\x{92F}\x{94B}\x{902}"
      RenderBlock {P} at (0,138) size 784x18
        RenderText {#text} at (0,0) size 119x17
          text run at (0,0) width 119: "2. \x{935}\x{93F}\x{937}\x{92F}\x{94B}\x{902} \x{935}\x{93F}\x{937}\x{92F}\x{94B}\x{902}\x{D}\x{935}\x{93F}\x{937}\x{92F}\x{94B}\x{902}"
      RenderBlock {P} at (0,172) size 784x54
        RenderText {#text} at (0,0) size 66x53
          text run at (0,0) width 12: "3."
          text run at (12,0) width 0: " "
          text run at (0,18) width 33: "\x{935}\x{93F}\x{937}\x{92F}\x{94B}\x{902}"
          text run at (33,18) width 0: " "
          text run at (0,36) width 66: "\x{935}\x{93F}\x{937}\x{92F}\x{94B}\x{902}\x{D}\x{935}\x{93F}\x{937}\x{92F}\x{94B}\x{902}"
