layer at (0,0) size 800x600
  RenderView at (0,0) size 800x600
layer at (0,0) size 800x578
  RenderBlock {HTML} at (0,0) size 800x578
    RenderBody {BODY} at (8,16) size 784x554
      RenderBlock {P} at (0,0) size 784x18
        RenderText {#text} at (0,0) size 709x17
          text run at (0,0) width 497: "Verify that the alignment and writing direction of each selected item matches "
          text run at (496,0) width 213: "the one below the pop-up button."
      RenderBlock {DIV} at (0,34) size 784x260
        RenderMenuList {SELECT} at (0,0) size 500x30 [bgcolor=#FFFFFF] [border: (1px solid #000000)]
          RenderBlock (anonymous) at (1,1) size 498x28
            RenderText at (5,5) size 173x17
              text run at (5,5) width 34: "First "
              text run at (38,5) width 53 RTL: ") \x{5E8}\x{5D1}\x{5D9}\x{5E2}\x{5D9}\x{5EA}"
              text run at (90,5) width 17: "03"
              text run at (106,5) width 40 RTL: "\x{5E9}\x{5E0}\x{5D9}\x{5D4} ("
              text run at (145,5) width 33: " fifth"
        RenderBlock {DIV} at (0,30) size 470x35
          RenderText {#text} at (10,10) size 148x15
            text run at (10,10) width 29: "First "
            text run at (38,10) width 47 RTL: ") \x{5E8}\x{5D1}\x{5D9}\x{5E2}\x{5D9}\x{5EA}"
            text run at (84,10) width 15: "03"
            text run at (98,10) width 35 RTL: "\x{5E9}\x{5E0}\x{5D9}\x{5D4} ("
            text run at (132,10) width 26: " fifth"
        RenderMenuList {SELECT} at (0,65) size 500x30 [bgcolor=#FFFFFF] [border: (1px solid #000000)]
          RenderBlock (anonymous) at (1,1) size 498x28
            RenderText at (5,5) size 173x17
              text run at (5,5) width 28: "fifth"
              text run at (32,5) width 5 RTL: " "
              text run at (36,5) width 44 RTL: "\x{5E8}\x{5D1}\x{5D9}\x{5E2}\x{5D9}\x{5EA}"
              text run at (79,5) width 5 RTL: " "
              text run at (83,5) width 6 RTL: ")"
              text run at (88,5) width 17: "03"
              text run at (104,5) width 6 RTL: "("
              text run at (109,5) width 5 RTL: " "
              text run at (113,5) width 31 RTL: "\x{5E9}\x{5E0}\x{5D9}\x{5D4}"
              text run at (143,5) width 5 RTL: " "
              text run at (147,5) width 31: "First"
        RenderBlock {DIV} at (0,95) size 470x35
          RenderText {#text} at (10,10) size 148x15
            text run at (10,10) width 21: "fifth"
            text run at (30,10) width 50 RTL: ") \x{5E8}\x{5D1}\x{5D9}\x{5E2}\x{5D9}\x{5EA} "
            text run at (79,10) width 16: "03"
            text run at (94,10) width 38 RTL: " \x{5E9}\x{5E0}\x{5D9}\x{5D4} ("
            text run at (131,10) width 27: "First"
        RenderMenuList {SELECT} at (0,130) size 500x30 [bgcolor=#FFFFFF] [border: (1px solid #000000)]
          RenderBlock (anonymous) at (1,1) size 498x28
            RenderText at (5,5) size 173x17
              text run at (5,5) width 173: "First \x{5E9}\x{5E0}\x{5D9}\x{5D4} (03) \x{5E8}\x{5D1}\x{5D9}\x{5E2}\x{5D9}\x{5EA} fifth"
        RenderBlock {DIV} at (0,160) size 470x35
          RenderText {#text} at (10,10) size 148x15
            text run at (10,10) width 148: "First \x{5E9}\x{5E0}\x{5D9}\x{5D4} (03) \x{5E8}\x{5D1}\x{5D9}\x{5E2}\x{5D9}\x{5EA} fifth"
        RenderMenuList {SELECT} at (0,195) size 500x30 [bgcolor=#FFFFFF] [border: (1px solid #000000)]
          RenderBlock (anonymous) at (1,1) size 498x28
            RenderText at (5,5) size 173x17
              text run at (5,5) width 28 RTL: "fifth"
              text run at (32,5) width 5 RTL: " "
              text run at (36,5) width 44 RTL: "\x{5E8}\x{5D1}\x{5D9}\x{5E2}\x{5D9}\x{5EA}"
              text run at (79,5) width 5 RTL: " "
              text run at (83,5) width 27 RTL: "(03)"
              text run at (109,5) width 5 RTL: " "
              text run at (113,5) width 31 RTL: "\x{5E9}\x{5E0}\x{5D9}\x{5D4}"
              text run at (143,5) width 5 RTL: " "
              text run at (147,5) width 31 RTL: "First"
        RenderBlock {DIV} at (0,225) size 470x35
          RenderText {#text} at (10,10) size 148x15
            text run at (10,10) width 148 RTL: "First \x{5E9}\x{5E0}\x{5D9}\x{5D4} (03) \x{5E8}\x{5D1}\x{5D9}\x{5E2}\x{5D9}\x{5EA} fifth"
      RenderBlock {DIV} at (0,294) size 784x260
        RenderMenuList {SELECT} at (0,0) size 500x30 [bgcolor=#FFFFFF] [border: (1px solid #000000)]
          RenderBlock (anonymous) at (1,1) size 498x28
            RenderText at (320,5) size 173x17
              text run at (320,5) width 35: "First "
              text run at (354,5) width 53 RTL: ") \x{5E8}\x{5D1}\x{5D9}\x{5E2}\x{5D9}\x{5EA}"
              text run at (406,5) width 17: "03"
              text run at (422,5) width 40 RTL: "\x{5E9}\x{5E0}\x{5D9}\x{5D4} ("
              text run at (461,5) width 32: " fifth"
        RenderBlock {DIV} at (0,30) size 470x35
          RenderText {#text} at (312,10) size 148x15
            text run at (312,10) width 30: "First "
            text run at (341,10) width 47 RTL: ") \x{5E8}\x{5D1}\x{5D9}\x{5E2}\x{5D9}\x{5EA}"
            text run at (387,10) width 15: "03"
            text run at (401,10) width 35 RTL: "\x{5E9}\x{5E0}\x{5D9}\x{5D4} ("
            text run at (435,10) width 25: " fifth"
        RenderMenuList {SELECT} at (0,65) size 500x30 [bgcolor=#FFFFFF] [border: (1px solid #000000)]
          RenderBlock (anonymous) at (1,1) size 498x28
            RenderText at (320,5) size 173x17
              text run at (320,5) width 29: "fifth"
              text run at (348,5) width 5 RTL: " "
              text run at (352,5) width 44 RTL: "\x{5E8}\x{5D1}\x{5D9}\x{5E2}\x{5D9}\x{5EA}"
              text run at (395,5) width 5 RTL: " "
              text run at (399,5) width 6 RTL: ")"
              text run at (404,5) width 17: "03"
              text run at (420,5) width 6 RTL: "("
              text run at (425,5) width 5 RTL: " "
              text run at (429,5) width 31 RTL: "\x{5E9}\x{5E0}\x{5D9}\x{5D4}"
              text run at (459,5) width 5 RTL: " "
              text run at (463,5) width 30: "First"
        RenderBlock {DIV} at (0,95) size 470x35
          RenderText {#text} at (312,10) size 148x15
            text run at (312,10) width 22: "fifth"
            text run at (333,10) width 50 RTL: ") \x{5E8}\x{5D1}\x{5D9}\x{5E2}\x{5D9}\x{5EA} "
            text run at (382,10) width 16: "03"
            text run at (397,10) width 38 RTL: " \x{5E9}\x{5E0}\x{5D9}\x{5D4} ("
            text run at (434,10) width 26: "First"
        RenderMenuList {SELECT} at (0,130) size 500x30 [bgcolor=#FFFFFF] [border: (1px solid #000000)]
          RenderBlock (anonymous) at (1,1) size 498x28
            RenderText at (320,5) size 173x17
              text run at (320,5) width 173: "First \x{5E9}\x{5E0}\x{5D9}\x{5D4} (03) \x{5E8}\x{5D1}\x{5D9}\x{5E2}\x{5D9}\x{5EA} fifth"
        RenderBlock {DIV} at (0,160) size 470x35
          RenderText {#text} at (312,10) size 148x15
            text run at (312,10) width 148: "First \x{5E9}\x{5E0}\x{5D9}\x{5D4} (03) \x{5E8}\x{5D1}\x{5D9}\x{5E2}\x{5D9}\x{5EA} fifth"
        RenderMenuList {SELECT} at (0,195) size 500x30 [bgcolor=#FFFFFF] [border: (1px solid #000000)]
          RenderBlock (anonymous) at (1,1) size 498x28
            RenderText at (320,5) size 173x17
              text run at (320,5) width 29 RTL: "fifth"
              text run at (348,5) width 5 RTL: " "
              text run at (352,5) width 44 RTL: "\x{5E8}\x{5D1}\x{5D9}\x{5E2}\x{5D9}\x{5EA}"
              text run at (395,5) width 5 RTL: " "
              text run at (399,5) width 27 RTL: "(03)"
              text run at (425,5) width 5 RTL: " "
              text run at (429,5) width 31 RTL: "\x{5E9}\x{5E0}\x{5D9}\x{5D4}"
              text run at (459,5) width 5 RTL: " "
              text run at (463,5) width 30 RTL: "First"
        RenderBlock {DIV} at (0,225) size 470x35
          RenderText {#text} at (312,10) size 148x15
            text run at (312,10) width 148 RTL: "First \x{5E9}\x{5E0}\x{5D9}\x{5D4} (03) \x{5E8}\x{5D1}\x{5D9}\x{5E2}\x{5D9}\x{5EA} fifth"
