layer at (0,0) size 800x600
  RenderView at (0,0) size 800x600
layer at (276,0) size 524x600
  RenderBlock {HTML} at (0,0) size 524x600
    RenderBody {BODY} at (8,8) size 484x584
      RenderBlock {HR} at (0,0) size 2x584 [border: (1px inset #000000)]
      RenderBlock (anonymous) at (10,0) size 37x584
        RenderInline {SPAN} at (0,0) size 36x435
          RenderText {#text} at (0,0) size 36x435
            text run at (0,0) width 435: "OFF=\x{897F}\x{66A6}2010\x{5E74}1\x{6708}20\x{65E5}365\x{56DE}"
        RenderText {#text} at (0,0) size 0x0
      RenderBlock {HR} at (55,0) size 2x584 [border: (1px inset #000000)]
      RenderBlock (anonymous) at (65,0) size 37x584
        RenderInline {SPAN} at (0,0) size 36x376
          RenderInline {SPAN} at (0,0) size 36x32
            RenderCombineText {#text} at (0,0) size 36x32
              text run at (0,0) width 32: "\x{FFFC}"
          RenderText {#text} at (0,32) size 36x84
            text run at (0,32) width 84: "=\x{897F}\x{66A6}"
          RenderInline {SPAN} at (0,0) size 36x32
            RenderCombineText {#text} at (0,116) size 36x32
              text run at (0,116) width 32: "\x{FFFC}"
          RenderText {#text} at (0,148) size 36x33
            text run at (0,148) width 33: "\x{5E74}"
          RenderInline {SPAN} at (0,0) size 36x32
            RenderCombineText {#text} at (0,181) size 36x32
              text run at (0,181) width 32: "\x{FFFC}"
          RenderText {#text} at (0,213) size 36x33
            text run at (0,213) width 33: "\x{6708}"
          RenderInline {SPAN} at (0,0) size 36x32
            RenderCombineText {#text} at (0,246) size 36x32
              text run at (0,246) width 32: "\x{FFFC}"
          RenderText {#text} at (0,278) size 36x33
            text run at (0,278) width 33: "\x{65E5}"
          RenderInline {SPAN} at (0,0) size 36x32
            RenderCombineText {#text} at (0,311) size 36x32
              text run at (0,311) width 32: "\x{FFFC}"
          RenderText {#text} at (0,343) size 36x33
            text run at (0,343) width 33: "\x{56DE}"
        RenderText {#text} at (0,0) size 0x0
      RenderBlock {HR} at (110,0) size 2x584 [border: (1px inset #000000)]
      RenderBlock (anonymous) at (120,0) size 37x584
        RenderInline {SPAN} at (0,0) size 36x376
          RenderInline {SPAN} at (0,0) size 36x32
            RenderCombineText {#text} at (0,0) size 36x32
              text run at (0,0) width 32: "\x{FFFC}"
          RenderText {#text} at (0,32) size 36x84
            text run at (0,32) width 84: "=\x{897F}\x{66A6}"
          RenderInline {SPAN} at (0,0) size 36x32
            RenderCombineText {#text} at (0,116) size 36x32
              text run at (0,116) width 32: "\x{FFFC}"
          RenderText {#text} at (0,148) size 36x33
            text run at (0,148) width 33: "\x{5E74}"
          RenderInline {SPAN} at (0,0) size 36x32
            RenderCombineText {#text} at (0,181) size 36x32
              text run at (0,181) width 32: "\x{FFFC}"
          RenderText {#text} at (0,213) size 36x33
            text run at (0,213) width 33: "\x{6708}"
          RenderInline {SPAN} at (0,0) size 36x32
            RenderCombineText {#text} at (0,246) size 36x32
              text run at (0,246) width 32: "\x{FFFC}"
          RenderText {#text} at (0,278) size 36x33
            text run at (0,278) width 33: "\x{65E5}"
          RenderInline {SPAN} at (0,0) size 36x32
            RenderCombineText {#text} at (0,311) size 36x32
              text run at (0,311) width 32: "\x{FFFC}"
          RenderText {#text} at (0,343) size 36x33
            text run at (0,343) width 33: "\x{56DE}"
        RenderText {#text} at (0,0) size 0x0
      RenderBlock {HR} at (165,0) size 2x584 [border: (1px inset #000000)]
      RenderBlock (anonymous) at (175,0) size 74x584
        RenderInline {SPAN} at (0,0) size 36x226
          RenderText {#text} at (0,0) size 36x226
            text run at (0,0) width 226: "OFF=\x{5B57}\x{3042}\x{FF21}A%"
        RenderBR {BR} at (9,226) size 17x0
        RenderInline {SPAN} at (0,0) size 36x210
          RenderInline {SPAN} at (0,0) size 36x32
            RenderCombineText {#text} at (37,0) size 36x32
              text run at (37,0) width 32: "\x{FFFC}"
          RenderText {#text} at (37,32) size 36x18
            text run at (37,32) width 18: "="
          RenderInline {SPAN} at (0,0) size 36x32
            RenderCombineText {#text} at (37,50) size 36x32
              text run at (37,50) width 32: "\x{FFFC}"
          RenderInline {SPAN} at (0,0) size 36x32
            RenderCombineText {#text} at (37,82) size 36x32
              text run at (37,82) width 32: "\x{FFFC}"
          RenderInline {SPAN} at (0,0) size 36x32
            RenderCombineText {#text} at (37,114) size 36x32
              text run at (37,114) width 32: "\x{FFFC}"
          RenderInline {SPAN} at (0,0) size 36x32
            RenderCombineText {#text} at (37,146) size 36x32
              text run at (37,146) width 32: "\x{FFFC}"
          RenderInline {SPAN} at (0,0) size 36x32
            RenderCombineText {#text} at (37,178) size 36x32
              text run at (37,178) width 32: "\x{FFFC}"
          RenderText {#text} at (0,0) size 0x0
      RenderBlock (anonymous) at (265,0) size 219x584
        RenderBlock {HR} at (0,0) size 2x584 [border: (1px inset #000000)]
        RenderBlock {P} at (34,0) size 185x584
          RenderBlock (floating) {SPAN} at (0,333) size 29x251 [border: (1px solid #FF0000)]
            RenderText {#text} at (1,1) size 26x105
              text run at (1,1) width 105: "float:right:"
            RenderInline {SPAN} at (0,0) size 26x24
              RenderCombineText {#text} at (1,106) size 26x24
                text run at (1,106) width 24: "\x{FFFC}"
            RenderText {#text} at (1,130) size 26x24
              text run at (1,130) width 24: "\x{5E74}"
            RenderInline {SPAN} at (0,0) size 26x24
              RenderCombineText {#text} at (1,154) size 26x24
                text run at (1,154) width 24: "\x{FFFC}"
            RenderText {#text} at (1,178) size 26x24
              text run at (1,178) width 24: "\x{6708}"
            RenderInline {SPAN} at (0,0) size 26x24
              RenderCombineText {#text} at (1,202) size 26x24
                text run at (1,202) width 24: "\x{FFFC}"
            RenderText {#text} at (1,226) size 26x24
              text run at (1,226) width 24: "\x{65E5}"
          RenderInline {SPAN} at (0,0) size 165x576
            RenderText {#text} at (9,0) size 165x576
              text run at (9,0) width 320: "\x{305D}\x{306E}\x{5973}\x{304C}\x{306D}\x{304B}\x{3057}\x{3064}\x{3051}\x{306B}\x{6765}\x{3066}\x{304F}\x{308C}\x{308B}\x{307E}\x{3067}\x{3001}\x{308F}\x{305F}"
              text run at (46,0) width 576: "\x{3057}\x{306F}\x{3051}\x{3063}\x{3057}\x{3066}\x{306D}\x{3069}\x{3053}\x{306B}\x{306F}\x{306F}\x{3044}\x{3089}\x{306A}\x{304B}\x{3063}\x{305F}\x{3002}\x{51AC}\x{306E}\x{3042}\x{3089}\x{3057}\x{304C}\x{3060}\x{3093}\x{3054}\x{306E}\x{3088}\x{3046}\x{306A}\x{96EA}\x{3092}\x{3075}\x{304D}"
              text run at (83,0) width 576: "\x{3064}\x{3051}\x{3066}\x{7A93}\x{30AC}\x{30E9}\x{30B9}\x{3092}\x{767D}\x{304F}\x{3059}\x{308B}\x{3058}\x{3076}\x{3093}\x{306B}\x{306A}\x{308B}\x{3068}\x{3001}\x{3053}\x{306E}\x{5973}\x{306E}\x{4EBA}\x{306F}\x{4E21}\x{624B}\x{306E}\x{9593}\x{306B}\x{308F}\x{305F}\x{3057}\x{306E}\x{8DB3}"
              text run at (120,0) width 576: "\x{3092}\x{304A}\x{3055}\x{3048}\x{3066}\x{3001}\x{6B4C}\x{3092}\x{6B4C}\x{3044}\x{306A}\x{304C}\x{3089}\x{6696}\x{3081}\x{3066}\x{304F}\x{308C}\x{305F}\x{3002}\x{305D}\x{306E}\x{6B4C}\x{306E}\x{7BC0}\x{3082}\x{6587}\x{53E5}\x{3082}\x{3001}\x{3044}\x{307E}\x{306B}\x{5FD8}\x{308C}\x{305A}"
              text run at (157,0) width 64: "\x{306B}\x{3044}\x{308B}\x{3002}"
          RenderText {#text} at (0,0) size 0x0
      RenderBlock (anonymous) at (516,0) size 0x584
        RenderInline {SPAN} at (0,0) size 0x0
