layer at (0,0) size 785x24108
  RenderView at (0,0) size 785x600
layer at (0,0) size 785x600
  RenderBlock {HTML} at (0,0) size 785x600
    RenderBody {BODY} at (8,8) size 769x576
      RenderBlock {P} at (0,0) size 769x72
        RenderText {#text} at (0,0) size 764x71
          text run at (0,0) width 764: "The column on the right has explicit spaces. Line breaks should be roughly the same if Thai line breaks are working well."
          text run at (0,18) width 760: "The original source of this text was ICU, and the test program said \"by it's very nature, Thai word breaking is not exact\","
          text run at (0,36) width 759: "so the columns don't match exactly. In a future version we might decide to tweak the right column to match our expected"
          text run at (0,54) width 59: "behavior."
layer at (236,96) size 1x22824
  RenderBlock (positioned) {DIV} at (235,96) size 2x22824
    RenderText {#text} at (0,0) size 74x22823
      text run at (0,0) width 18: "\x{E1A}\x{E17}"
      text run at (0,18) width 41: "\x{E17}\x{E35}\x{E48}\x{E51}\x{E1E}\x{E32}\x{E22}\x{E38}"
      text run at (0,36) width 50: "\x{E44}\x{E0B}\x{E42}\x{E04}\x{E25}\x{E19}"
      text run at (0,54) width 16: "\x{E42}\x{E14}"
      text run at (0,72) width 21: "\x{E42}\x{E23}\x{E18}\x{E35}"
      text run at (0,90) width 31: "\x{E2D}\x{E32}\x{E28}\x{E31}\x{E22}"
      text run at (0,108) width 16: "\x{E2D}\x{E22}\x{E39}\x{E48}"
      text run at (0,126) width 54: "\x{E17}\x{E48}\x{E32}\x{E21}\x{E01}\x{E25}\x{E32}\x{E07}"
      text run at (0,144) width 43: "\x{E17}\x{E38}\x{E48}\x{E07}\x{E43}\x{E2B}\x{E0D}\x{E48}"
      text run at (0,162) width 17: "\x{E43}\x{E19}"
      text run at (0,180) width 44: "\x{E41}\x{E04}\x{E19}\x{E0B}\x{E31}\x{E2A}"
      text run at (0,198) width 18: "\x{E01}\x{E31}\x{E1A}"
      text run at (0,216) width 15: "\x{E25}\x{E38}\x{E07}"
      text run at (0,234) width 13: "\x{E40}\x{E2E}"
      text run at (0,252) width 17: "\x{E19}\x{E23}\x{E35}"
      text run at (0,270) width 36: "\x{E0A}\x{E32}\x{E27}\x{E44}\x{E23}\x{E48}"
      text run at (0,288) width 22: "\x{E41}\x{E25}\x{E30}"
      text run at (0,306) width 15: "\x{E1B}\x{E49}\x{E32}"
      text run at (0,324) width 22: "\x{E40}\x{E2D}\x{E47}\x{E21}"
      text run at (0,342) width 37: "\x{E20}\x{E23}\x{E23}\x{E22}\x{E32}"
      text run at (0,360) width 36: "\x{E0A}\x{E32}\x{E27}\x{E44}\x{E23}\x{E48}"
      text run at (0,378) width 25: "\x{E1A}\x{E49}\x{E32}\x{E19}"
      text run at (0,396) width 23: "\x{E02}\x{E2D}\x{E07}"
      text run at (0,414) width 27: "\x{E1E}\x{E27}\x{E01}"
      text run at (0,432) width 19: "\x{E40}\x{E02}\x{E32}"
      text run at (0,450) width 24: "\x{E2B}\x{E25}\x{E31}\x{E07}"
      text run at (0,468) width 22: "\x{E40}\x{E25}\x{E47}\x{E01}"
      text run at (0,486) width 34: "\x{E40}\x{E1E}\x{E23}\x{E32}\x{E30}"
      text run at (0,504) width 16: "\x{E44}\x{E21}\x{E49}"
      text run at (0,522) width 28: "\x{E2A}\x{E23}\x{E49}\x{E32}\x{E07}"
      text run at (0,540) width 25: "\x{E1A}\x{E49}\x{E32}\x{E19}"
      text run at (0,558) width 24: "\x{E15}\x{E49}\x{E2D}\x{E07}"
      text run at (0,576) width 18: "\x{E02}\x{E19}"
      text run at (0,594) width 15: "\x{E21}\x{E32}"
      text run at (0,612) width 25: "\x{E14}\x{E49}\x{E27}\x{E22}"
      text run at (0,630) width 40: "\x{E40}\x{E01}\x{E27}\x{E35}\x{E22}\x{E19}"
      text run at (0,648) width 24: "\x{E40}\x{E1B}\x{E47}\x{E19}"
      text run at (0,666) width 27: "\x{E23}\x{E30}\x{E22}\x{E30}"
      text run at (0,684) width 22: "\x{E17}\x{E32}\x{E07}"
      text run at (0,702) width 31: "\x{E2B}\x{E25}\x{E32}\x{E22}"
      text run at (0,720) width 24: "\x{E44}\x{E21}\x{E25}\x{E4C}"
      text run at (0,738) width 25: "\x{E1A}\x{E49}\x{E32}\x{E19}"
      text run at (0,756) width 9: "\x{E21}\x{E35}"
      text run at (0,774) width 8: "\x{E2A}\x{E35}\x{E48}"
      text run at (0,792) width 15: "\x{E1D}\x{E32}"
      text run at (0,810) width 9: "\x{E21}\x{E35}"
      text run at (0,828) width 20: "\x{E1E}\x{E37}\x{E49}\x{E19}"
      text run at (0,846) width 18: "\x{E01}\x{E31}\x{E1A}"
      text run at (0,864) width 39: "\x{E2B}\x{E25}\x{E31}\x{E07}\x{E04}\x{E32}"
      text run at (0,882) width 24: "\x{E23}\x{E27}\x{E21}"
      text run at (0,900) width 15: "\x{E17}\x{E33}"
      text run at (0,918) width 24: "\x{E40}\x{E1B}\x{E47}\x{E19}"
      text run at (0,936) width 24: "\x{E2B}\x{E49}\x{E2D}\x{E07}"
      text run at (0,954) width 30: "\x{E40}\x{E14}\x{E35}\x{E22}\x{E27}"
      text run at (0,972) width 17: "\x{E43}\x{E19}"
      text run at (0,990) width 24: "\x{E2B}\x{E49}\x{E2D}\x{E07}"
      text run at (0,1008) width 9: "\x{E21}\x{E35}"
      text run at (0,1026) width 16: "\x{E17}\x{E31}\x{E49}\x{E07}"
      text run at (0,1044) width 20: "\x{E40}\x{E15}\x{E32}"
      text run at (0,1062) width 16: "\x{E2B}\x{E38}\x{E07}"
      text run at (0,1080) width 18: "\x{E15}\x{E49}\x{E21}"
      text run at (0,1098) width 9: "\x{E17}\x{E35}\x{E48}"
      text run at (0,1116) width 27: "\x{E2A}\x{E19}\x{E34}\x{E21}"
      text run at (0,1134) width 9: "\x{E14}\x{E39}"
      text run at (0,1152) width 18: "\x{E02}\x{E36}\x{E49}\x{E19}"
      text run at (0,1170) width 27: "\x{E40}\x{E25}\x{E2D}\x{E30}"
      text run at (0,1188) width 9: "\x{E21}\x{E35}"
      text run at (0,1206) width 9: "\x{E15}\x{E39}\x{E49}"
      text run at (0,1224) width 15: "\x{E43}\x{E2A}\x{E48}"
      text run at (0,1242) width 24: "\x{E16}\x{E49}\x{E27}\x{E22}"
      text run at (0,1260) width 23: "\x{E0A}\x{E32}\x{E21}"
      text run at (0,1278) width 22: "\x{E42}\x{E15}\x{E4A}\x{E30}"
      text run at (0,1296) width 28: "\x{E40}\x{E01}\x{E49}\x{E32}\x{E2D}\x{E35}\x{E49}"
      text run at (0,1314) width 23: "\x{E2A}\x{E32}\x{E21}"
      text run at (0,1332) width 24: "\x{E2B}\x{E23}\x{E37}\x{E2D}"
      text run at (0,1350) width 8: "\x{E2A}\x{E35}\x{E48}"
      text run at (0,1368) width 17: "\x{E15}\x{E31}\x{E27}"
      text run at (0,1386) width 24: "\x{E41}\x{E25}\x{E49}\x{E27}"
      text run at (0,1404) width 9: "\x{E01}\x{E47}"
      text run at (0,1422) width 9: "\x{E21}\x{E35}"
      text run at (0,1440) width 29: "\x{E40}\x{E15}\x{E35}\x{E22}\x{E07}"
      text run at (0,1458) width 28: "\x{E19}\x{E2D}\x{E19}"
      text run at (0,1476) width 15: "\x{E25}\x{E38}\x{E07}"
      text run at (0,1494) width 13: "\x{E40}\x{E2E}"
      text run at (0,1512) width 17: "\x{E19}\x{E23}\x{E35}"
      text run at (0,1530) width 18: "\x{E01}\x{E31}\x{E1A}"
      text run at (0,1548) width 15: "\x{E1B}\x{E49}\x{E32}"
      text run at (0,1566) width 22: "\x{E40}\x{E2D}\x{E47}\x{E21}"
      text run at (0,1584) width 9: "\x{E21}\x{E35}"
      text run at (0,1602) width 29: "\x{E40}\x{E15}\x{E35}\x{E22}\x{E07}"
      text run at (0,1620) width 28: "\x{E19}\x{E2D}\x{E19}"
      text run at (0,1638) width 27: "\x{E43}\x{E2B}\x{E0D}\x{E48}"
      text run at (0,1656) width 16: "\x{E2D}\x{E22}\x{E39}\x{E48}"
      text run at (0,1674) width 9: "\x{E17}\x{E35}\x{E48}"
      text run at (0,1692) width 18: "\x{E21}\x{E38}\x{E21}"
      text run at (0,1710) width 26: "\x{E2B}\x{E19}\x{E36}\x{E48}\x{E07}"
      text run at (0,1728) width 26: "\x{E2A}\x{E48}\x{E27}\x{E19}"
      text run at (0,1746) width 16: "\x{E42}\x{E14}"
      text run at (0,1764) width 14: "\x{E42}\x{E23}"
      text run at (0,1782) width 16: "\x{E18}\x{E35}\x{E21}\x{E35}"
      text run at (0,1800) width 29: "\x{E40}\x{E15}\x{E35}\x{E22}\x{E07}"
      text run at (0,1818) width 22: "\x{E40}\x{E25}\x{E47}\x{E01}"
      text run at (0,1836) width 17: "\x{E2D}\x{E35}\x{E01}"
      text run at (0,1854) width 9: "\x{E17}\x{E35}\x{E48}"
      text run at (0,1872) width 18: "\x{E21}\x{E38}\x{E21}"
      text run at (0,1890) width 26: "\x{E2B}\x{E19}\x{E36}\x{E48}\x{E07}"
      text run at (0,1908) width 25: "\x{E44}\x{E21}\x{E48}\x{E21}\x{E35}"
      text run at (0,1926) width 24: "\x{E2B}\x{E49}\x{E2D}\x{E07}"
      text run at (0,1944) width 16: "\x{E43}\x{E15}\x{E49}"
      text run at (0,1962) width 40: "\x{E40}\x{E1E}\x{E14}\x{E32}\x{E19}"
      text run at (0,1980) width 21: "\x{E40}\x{E25}\x{E22}"
      text run at (0,1998) width 24: "\x{E2B}\x{E49}\x{E2D}\x{E07}"
      text run at (0,2016) width 34: "\x{E43}\x{E15}\x{E49}\x{E16}\x{E38}\x{E19}"
      text run at (0,2034) width 9: "\x{E01}\x{E47}"
      text run at (0,2052) width 25: "\x{E44}\x{E21}\x{E48}\x{E21}\x{E35}"
      text run at (0,2070) width 23: "\x{E40}\x{E27}\x{E49}\x{E19}"
      text run at (0,2088) width 17: "\x{E41}\x{E15}\x{E48}"
      text run at (0,2106) width 9: "\x{E21}\x{E35}"
      text run at (0,2124) width 17: "\x{E42}\x{E1E}"
      text run at (0,2142) width 14: "\x{E23}\x{E07}"
      text run at (0,2160) width 29: "\x{E40}\x{E25}\x{E47}\x{E01}\x{E46}"
      text run at (0,2178) width 9: "\x{E17}\x{E35}\x{E48}"
      text run at (0,2196) width 17: "\x{E02}\x{E38}\x{E14}"
      text run at (0,2214) width 16: "\x{E44}\x{E1B}"
      text run at (0,2232) width 16: "\x{E43}\x{E15}\x{E49}"
      text run at (0,2250) width 20: "\x{E1E}\x{E37}\x{E49}\x{E19}"
      text run at (0,2268) width 29: "\x{E40}\x{E23}\x{E35}\x{E22}\x{E01}"
      text run at (0,2286) width 14: "\x{E27}\x{E48}\x{E32}"
      text run at (0,2304) width 38: "\"\x{E42}\x{E1E}\x{E23}\x{E07}"
      text run at (0,2322) width 57: "\x{E44}\x{E0B}\x{E42}\x{E04}\x{E25}\x{E19}\""
      text run at (0,2340) width 24: "\x{E40}\x{E1B}\x{E47}\x{E19}"
      text run at (0,2358) width 9: "\x{E17}\x{E35}\x{E48}"
      text run at (0,2376) width 57: "\x{E04}\x{E23}\x{E2D}\x{E1A}\x{E04}\x{E23}\x{E31}\x{E27}"
      text run at (0,2394) width 10: "\x{E19}\x{E35}\x{E49}"
      text run at (0,2412) width 14: "\x{E08}\x{E30}"
      text run at (0,2430) width 18: "\x{E21}\x{E38}\x{E14}"
      text run at (0,2448) width 35: "\x{E40}\x{E02}\x{E49}\x{E32}\x{E44}\x{E1B}"
      text run at (0,2466) width 22: "\x{E40}\x{E21}\x{E37}\x{E48}\x{E2D}"
      text run at (0,2484) width 23: "\x{E40}\x{E01}\x{E34}\x{E14}"
      text run at (0,2502) width 17: "\x{E25}\x{E21}"
      text run at (0,2520) width 24: "\x{E21}\x{E2B}\x{E32}"
      text run at (0,2538) width 17: "\x{E20}\x{E31}\x{E22}"
      text run at (0,2556) width 16: "\x{E0B}\x{E36}\x{E48}\x{E07}"
      text run at (0,2574) width 46: "\x{E01}\x{E23}\x{E30}\x{E42}\x{E0A}\x{E01}"
      text run at (0,2592) width 22: "\x{E41}\x{E23}\x{E07}"
      text run at (0,2610) width 18: "\x{E08}\x{E19}"
      text run at (0,2628) width 34: "\x{E1A}\x{E14}\x{E02}\x{E22}\x{E35}\x{E49}"
      text run at (0,2646) width 15: "\x{E2A}\x{E34}\x{E48}\x{E07}"
      text run at (0,2664) width 17: "\x{E01}\x{E48}\x{E2D}"
      text run at (0,2682) width 28: "\x{E2A}\x{E23}\x{E49}\x{E32}\x{E07}"
      text run at (0,2700) width 23: "\x{E43}\x{E14}\x{E46}"
      text run at (0,2718) width 9: "\x{E17}\x{E35}\x{E48}"
      text run at (0,2736) width 29: "\x{E02}\x{E27}\x{E32}\x{E07}"
      text run at (0,2754) width 22: "\x{E17}\x{E32}\x{E07}"
      text run at (0,2772) width 19: "\x{E21}\x{E31}\x{E19}"
      text run at (0,2790) width 16: "\x{E44}\x{E14}\x{E49}"
      text run at (0,2808) width 23: "\x{E15}\x{E23}\x{E07}"
      text run at (0,2826) width 30: "\x{E01}\x{E25}\x{E32}\x{E07}"
      text run at (0,2844) width 20: "\x{E1E}\x{E37}\x{E49}\x{E19}"
      text run at (0,2862) width 9: "\x{E21}\x{E35}"
      text run at (0,2880) width 15: "\x{E1D}\x{E32}"
      text run at (0,2898) width 23: "\x{E40}\x{E1B}\x{E34}\x{E14}"
      text run at (0,2916) width 35: "\x{E40}\x{E02}\x{E49}\x{E32}\x{E44}\x{E1B}"
      text run at (0,2934) width 23: "\x{E08}\x{E32}\x{E01}"
      text run at (0,2952) width 20: "\x{E19}\x{E31}\x{E49}\x{E19}"
      text run at (0,2970) width 9: "\x{E21}\x{E35}"
      text run at (0,2988) width 35: "\x{E1A}\x{E31}\x{E19}\x{E44}\x{E14}"
      text run at (0,3006) width 15: "\x{E25}\x{E07}"
      text run at (0,3024) width 16: "\x{E44}\x{E1B}"
      text run at (0,3042) width 15: "\x{E16}\x{E36}\x{E07}"
      text run at (0,3060) width 31: "\x{E42}\x{E1E}\x{E23}\x{E07}"
      text run at (0,3078) width 18: "\x{E21}\x{E37}\x{E14}"
      text run at (0,3096) width 29: "\x{E40}\x{E25}\x{E47}\x{E01}\x{E46}"
      text run at (0,3114) width 22: "\x{E40}\x{E21}\x{E37}\x{E48}\x{E2D}"
      text run at (0,3132) width 16: "\x{E42}\x{E14}"
      text run at (0,3150) width 21: "\x{E42}\x{E23}\x{E18}\x{E35}"
      text run at (0,3168) width 18: "\x{E22}\x{E37}\x{E19}"
      text run at (0,3186) width 9: "\x{E17}\x{E35}\x{E48}"
      text run at (0,3204) width 24: "\x{E1B}\x{E32}\x{E01}"
      text run at (0,3222) width 31: "\x{E1B}\x{E23}\x{E30}\x{E15}\x{E39}"
      text run at (0,3240) width 22: "\x{E41}\x{E25}\x{E30}"
      text run at (0,3258) width 24: "\x{E21}\x{E2D}\x{E07}"
      text run at (0,3276) width 16: "\x{E44}\x{E1B}"
      text run at (0,3294) width 31: "\x{E23}\x{E2D}\x{E1A}\x{E46}"
      text run at (0,3312) width 20: "\x{E40}\x{E18}\x{E2D}"
      text run at (0,3330) width 16: "\x{E44}\x{E21}\x{E48}"
      text run at (0,3348) width 24: "\x{E40}\x{E2B}\x{E47}\x{E19}"
      text run at (0,3366) width 28: "\x{E2D}\x{E30}\x{E44}\x{E23}"
      text run at (0,3384) width 50: "\x{E19}\x{E2D}\x{E01}\x{E08}\x{E32}\x{E01}"
      text run at (0,3402) width 24: "\x{E17}\x{E49}\x{E2D}\x{E07}"
      text run at (0,3420) width 16: "\x{E17}\x{E38}\x{E48}\x{E07}"
      text run at (0,3438) width 30: "\x{E01}\x{E27}\x{E49}\x{E32}\x{E07}"
      text run at (0,3456) width 8: "\x{E2A}\x{E35}"
      text run at (0,3474) width 20: "\x{E40}\x{E17}\x{E32}"
      text run at (0,3492) width 28: "\x{E2B}\x{E21}\x{E48}\x{E19}"
      text run at (0,3510) width 17: "\x{E17}\x{E31}\x{E48}\x{E27}"
      text run at (0,3528) width 18: "\x{E17}\x{E38}\x{E01}"
      text run at (0,3546) width 25: "\x{E14}\x{E49}\x{E32}\x{E19}"
      text run at (0,3564) width 25: "\x{E44}\x{E21}\x{E48}\x{E21}\x{E35}"
      text run at (0,3582) width 17: "\x{E41}\x{E21}\x{E49}"
      text run at (0,3600) width 35: "\x{E15}\x{E49}\x{E19}\x{E44}\x{E21}\x{E49}"
      text run at (0,3618) width 17: "\x{E2A}\x{E31}\x{E01}"
      text run at (0,3636) width 19: "\x{E15}\x{E49}\x{E19}"
      text run at (0,3654) width 24: "\x{E2B}\x{E23}\x{E37}\x{E2D}"
      text run at (0,3672) width 25: "\x{E1A}\x{E49}\x{E32}\x{E19}"
      text run at (0,3690) width 17: "\x{E2A}\x{E31}\x{E01}"
      text run at (0,3708) width 24: "\x{E2B}\x{E25}\x{E31}\x{E07}"
      text run at (0,3726) width 9: "\x{E17}\x{E35}\x{E48}"
      text run at (0,3744) width 24: "\x{E42}\x{E1C}\x{E25}\x{E48}"
      text run at (0,3762) width 20: "\x{E1E}\x{E49}\x{E19}"
      text run at (0,3780) width 63: "\x{E20}\x{E39}\x{E21}\x{E34}\x{E1B}\x{E23}\x{E30}\x{E40}\x{E17}\x{E28}"
      text run at (0,3798) width 18: "\x{E2D}\x{E31}\x{E19}"
      text run at (0,3816) width 22: "\x{E23}\x{E32}\x{E1A}"
      text run at (0,3834) width 29: "\x{E40}\x{E23}\x{E35}\x{E22}\x{E1A}"
      text run at (0,3852) width 17: "\x{E41}\x{E1C}\x{E48}"
      text run at (0,3870) width 16: "\x{E44}\x{E1B}"
      text run at (0,3888) width 24: "\x{E44}\x{E01}\x{E25}"
      text run at (0,3906) width 18: "\x{E08}\x{E19}"
      text run at (0,3924) width 17: "\x{E08}\x{E14}"
      text run at (0,3942) width 25: "\x{E02}\x{E2D}\x{E1A}"
      text run at (0,3960) width 16: "\x{E1F}\x{E49}\x{E32}"
      text run at (0,3978) width 17: "\x{E17}\x{E31}\x{E48}\x{E27}"
      text run at (0,3996) width 18: "\x{E17}\x{E38}\x{E01}"
      text run at (0,4014) width 18: "\x{E17}\x{E34}\x{E28}"
      text run at (0,4032) width 57: "\x{E14}\x{E27}\x{E07}\x{E15}\x{E30}\x{E27}\x{E31}\x{E19}"
      text run at (0,4050) width 20: "\x{E40}\x{E1C}\x{E32}"
      text run at (0,4068) width 19: "\x{E1C}\x{E37}\x{E19}"
      text run at (0,4086) width 19: "\x{E14}\x{E34}\x{E19}"
      text run at (0,4104) width 9: "\x{E17}\x{E35}\x{E48}"
      text run at (0,4122) width 15: "\x{E44}\x{E16}"
      text run at (0,4140) width 24: "\x{E41}\x{E25}\x{E49}\x{E27}"
      text run at (0,4158) width 18: "\x{E08}\x{E19}"
      text run at (0,4176) width 31: "\x{E01}\x{E25}\x{E32}\x{E22}"
      text run at (0,4194) width 24: "\x{E40}\x{E1B}\x{E47}\x{E19}"
      text run at (0,4212) width 27: "\x{E41}\x{E1C}\x{E48}\x{E19}"
      text run at (0,4230) width 33: "\x{E21}\x{E2B}\x{E36}\x{E21}\x{E32}"
      text run at (0,4248) width 8: "\x{E2A}\x{E35}"
      text run at (0,4266) width 15: "\x{E14}\x{E33}"
      text run at (0,4284) width 9: "\x{E21}\x{E35}"
      text run at (0,4302) width 23: "\x{E23}\x{E2D}\x{E22}"
      text run at (0,4320) width 26: "\x{E41}\x{E15}\x{E01}"
      text run at (0,4338) width 37: "\x{E23}\x{E30}\x{E41}\x{E2B}\x{E07}"
      text run at (0,4356) width 16: "\x{E2D}\x{E22}\x{E39}\x{E48}"
      text run at (0,4374) width 34: "\x{E15}\x{E25}\x{E2D}\x{E14}"
      text run at (0,4392) width 34: "\x{E41}\x{E21}\x{E49}\x{E41}\x{E15}\x{E48}"
      text run at (0,4410) width 26: "\x{E2B}\x{E0D}\x{E49}\x{E32}"
      text run at (0,4428) width 9: "\x{E01}\x{E47}"
      text run at (0,4446) width 16: "\x{E44}\x{E21}\x{E48}"
      text run at (0,4464) width 29: "\x{E40}\x{E02}\x{E35}\x{E22}\x{E27}"
      text run at (0,4482) width 34: "\x{E40}\x{E1E}\x{E23}\x{E32}\x{E30}"
      text run at (0,4500) width 57: "\x{E14}\x{E27}\x{E07}\x{E15}\x{E30}\x{E27}\x{E31}\x{E19}"
      text run at (0,4518) width 20: "\x{E40}\x{E1C}\x{E32}"
      text run at (0,4536) width 25: "\x{E22}\x{E2D}\x{E14}"
      text run at (0,4554) width 16: "\x{E43}\x{E1A}"
      text run at (0,4572) width 22: "\x{E22}\x{E32}\x{E27}"
      text run at (0,4590) width 21: "\x{E40}\x{E2A}\x{E35}\x{E22}"
      text run at (0,4608) width 18: "\x{E08}\x{E19}"
      text run at (0,4626) width 24: "\x{E40}\x{E1B}\x{E47}\x{E19}"
      text run at (0,4644) width 8: "\x{E2A}\x{E35}"
      text run at (0,4662) width 20: "\x{E40}\x{E17}\x{E32}"
      text run at (0,4680) width 28: "\x{E2B}\x{E21}\x{E48}\x{E19}"
      text run at (0,4698) width 24: "\x{E21}\x{E2D}\x{E07}"
      text run at (0,4716) width 24: "\x{E40}\x{E2B}\x{E47}\x{E19}"
      text run at (0,4734) width 16: "\x{E2D}\x{E22}\x{E39}\x{E48}"
      text run at (0,4752) width 33: "\x{E17}\x{E31}\x{E48}\x{E27}\x{E44}\x{E1B}"
      text run at (0,4770) width 23: "\x{E04}\x{E23}\x{E31}\x{E49}\x{E07}"
      text run at (0,4788) width 26: "\x{E2B}\x{E19}\x{E36}\x{E48}\x{E07}"
      text run at (0,4806) width 22: "\x{E40}\x{E04}\x{E22}"
      text run at (0,4824) width 23: "\x{E17}\x{E32}\x{E2A}\x{E35}"
      text run at (0,4842) width 25: "\x{E1A}\x{E49}\x{E32}\x{E19}"
      text run at (0,4860) width 19: "\x{E40}\x{E2D}\x{E32}"
      text run at (0,4878) width 15: "\x{E44}\x{E27}\x{E49}"
      text run at (0,4896) width 17: "\x{E41}\x{E15}\x{E48}"
      text run at (0,4914) width 9: "\x{E01}\x{E47}"
      text run at (0,4932) width 17: "\x{E16}\x{E39}\x{E01}"
      text run at (0,4950) width 57: "\x{E14}\x{E27}\x{E07}\x{E15}\x{E30}\x{E27}\x{E31}\x{E19}"
      text run at (0,4968) width 20: "\x{E40}\x{E1C}\x{E32}"
      text run at (0,4986) width 21: "\x{E40}\x{E2A}\x{E35}\x{E22}"
      text run at (0,5004) width 18: "\x{E08}\x{E19}"
      text run at (0,5022) width 8: "\x{E2A}\x{E35}"
      text run at (0,5040) width 25: "\x{E1E}\x{E2D}\x{E07}"
      text run at (0,5058) width 24: "\x{E41}\x{E25}\x{E49}\x{E27}"
      text run at (0,5076) width 19: "\x{E1D}\x{E19}"
      text run at (0,5094) width 9: "\x{E01}\x{E47}"
      text run at (0,5112) width 14: "\x{E0A}\x{E30}"
      text run at (0,5130) width 19: "\x{E21}\x{E31}\x{E19}"
      text run at (0,5148) width 26: "\x{E2B}\x{E25}\x{E38}\x{E14}"
      text run at (0,5166) width 16: "\x{E44}\x{E1B}"
      text run at (0,5184) width 18: "\x{E08}\x{E19}"
      text run at (0,5202) width 27: "\x{E2B}\x{E21}\x{E14}"
      text run at (0,5220) width 22: "\x{E41}\x{E25}\x{E30}"
      text run at (0,5238) width 27: "\x{E15}\x{E2D}\x{E19}"
      text run at (0,5256) width 10: "\x{E19}\x{E35}\x{E49}"
      text run at (0,5274) width 25: "\x{E1A}\x{E49}\x{E32}\x{E19}"
      text run at (0,5292) width 15: "\x{E08}\x{E36}\x{E07}"
      text run at (0,5310) width 9: "\x{E14}\x{E39}"
      text run at (0,5328) width 61: "\x{E2B}\x{E21}\x{E48}\x{E19}\x{E2B}\x{E21}\x{E2D}\x{E07}"
      text run at (0,5346) width 24: "\x{E40}\x{E1B}\x{E47}\x{E19}"
      text run at (0,5364) width 8: "\x{E2A}\x{E35}"
      text run at (0,5382) width 20: "\x{E40}\x{E17}\x{E32}"
      text run at (0,5400) width 41: "\x{E40}\x{E2B}\x{E21}\x{E37}\x{E2D}\x{E19}"
      text run at (0,5418) width 15: "\x{E2A}\x{E34}\x{E48}\x{E07}"
      text run at (0,5436) width 25: "\x{E2D}\x{E37}\x{E48}\x{E19}\x{E46}"
      text run at (0,5454) width 25: "\x{E14}\x{E49}\x{E27}\x{E22}"
      text run at (0,5472) width 27: "\x{E15}\x{E2D}\x{E19}"
      text run at (0,5490) width 9: "\x{E17}\x{E35}\x{E48}"
      text run at (0,5508) width 15: "\x{E1B}\x{E49}\x{E32}"
      text run at (0,5526) width 22: "\x{E40}\x{E2D}\x{E47}\x{E21}"
      text run at (0,5544) width 22: "\x{E22}\x{E49}\x{E32}\x{E22}"
      text run at (0,5562) width 15: "\x{E21}\x{E32}"
      text run at (0,5580) width 16: "\x{E2D}\x{E22}\x{E39}\x{E48}"
      text run at (0,5598) width 9: "\x{E17}\x{E35}\x{E48}"
      text run at (0,5616) width 10: "\x{E19}\x{E35}\x{E48}"
      text run at (0,5634) width 20: "\x{E40}\x{E18}\x{E2D}"
      text run at (0,5652) width 15: "\x{E22}\x{E31}\x{E07}"
      text run at (0,5670) width 22: "\x{E2A}\x{E32}\x{E27}"
      text run at (0,5688) width 24: "\x{E40}\x{E1B}\x{E47}\x{E19}"
      text run at (0,5706) width 37: "\x{E20}\x{E23}\x{E23}\x{E22}\x{E32}"
      text run at (0,5724) width 9: "\x{E17}\x{E35}\x{E48}"
      text run at (0,5742) width 38: "\x{E07}\x{E14}\x{E07}\x{E32}\x{E21}"
      text run at (0,5760) width 24: "\x{E41}\x{E25}\x{E49}\x{E27}"
      text run at (0,5778) width 26: "\x{E41}\x{E14}\x{E14}"
      text run at (0,5796) width 22: "\x{E41}\x{E25}\x{E30}"
      text run at (0,5814) width 17: "\x{E25}\x{E21}"
      text run at (0,5832) width 25: "\x{E01}\x{E47}\x{E44}\x{E14}\x{E49}"
      text run at (0,5850) width 40: "\x{E40}\x{E1B}\x{E25}\x{E35}\x{E48}\x{E22}\x{E19}"
      text run at (0,5868) width 20: "\x{E40}\x{E18}\x{E2D}"
      text run at (0,5886) width 16: "\x{E44}\x{E1B}"
      text run at (0,5904) width 19: "\x{E40}\x{E2D}\x{E32}"
      text run at (0,5922) width 45: "\x{E1B}\x{E23}\x{E30}\x{E01}\x{E32}\x{E22}"
      text run at (0,5940) width 16: "\x{E44}\x{E1B}"
      text run at (0,5958) width 23: "\x{E08}\x{E32}\x{E01}"
      text run at (0,5976) width 39: "\x{E14}\x{E27}\x{E07}\x{E15}\x{E32}"
      text run at (0,5994) width 20: "\x{E40}\x{E18}\x{E2D}"
      text run at (0,6012) width 33: "\x{E1B}\x{E25}\x{E48}\x{E2D}\x{E22}"
      text run at (0,6030) width 15: "\x{E44}\x{E27}\x{E49}"
      text run at (0,6048) width 17: "\x{E41}\x{E15}\x{E48}"
      text run at (0,6066) width 32: "\x{E04}\x{E27}\x{E32}\x{E21}"
      text run at (0,6084) width 25: "\x{E2A}\x{E38}\x{E02}\x{E38}\x{E21}"
      text run at (0,6102) width 29: "\x{E2D}\x{E22}\x{E48}\x{E32}\x{E07}"
      text run at (0,6120) width 61: "\x{E2B}\x{E21}\x{E48}\x{E19}\x{E2B}\x{E21}\x{E2D}\x{E07}"
      text run at (0,6138) width 19: "\x{E40}\x{E2D}\x{E32}"
      text run at (0,6156) width 8: "\x{E2A}\x{E35}"
      text run at (0,6174) width 24: "\x{E41}\x{E14}\x{E07}"
      text run at (0,6192) width 23: "\x{E08}\x{E32}\x{E01}"
      text run at (0,6210) width 26: "\x{E41}\x{E01}\x{E49}\x{E21}"
      text run at (0,6228) width 22: "\x{E41}\x{E25}\x{E30}"
      text run at (0,6246) width 16: "\x{E23}\x{E34}\x{E21}"
      text run at (0,6264) width 33: "\x{E1D}\x{E35}\x{E1B}\x{E32}\x{E01}"
      text run at (0,6282) width 20: "\x{E40}\x{E18}\x{E2D}"
      text run at (0,6300) width 16: "\x{E44}\x{E1B}"
      text run at (0,6318) width 31: "\x{E01}\x{E25}\x{E32}\x{E22}"
      text run at (0,6336) width 24: "\x{E40}\x{E1B}\x{E47}\x{E19}"
      text run at (0,6354) width 8: "\x{E2A}\x{E35}"
      text run at (0,6372) width 35: "\x{E2B}\x{E21}\x{E48}\x{E19}\x{E46}"
      text run at (0,6390) width 41: "\x{E40}\x{E2B}\x{E21}\x{E37}\x{E2D}\x{E19}"
      text run at (0,6408) width 19: "\x{E01}\x{E31}\x{E19}"
      text run at (0,6426) width 20: "\x{E40}\x{E18}\x{E2D}"
      text run at (0,6444) width 26: "\x{E1C}\x{E2D}\x{E21}"
      text run at (0,6462) width 22: "\x{E41}\x{E25}\x{E30}"
      text run at (0,6480) width 24: "\x{E2B}\x{E25}\x{E31}\x{E07}"
      text run at (0,6498) width 23: "\x{E42}\x{E04}\x{E49}\x{E07}"
      text run at (0,6516) width 22: "\x{E41}\x{E25}\x{E30}"
      text run at (0,6534) width 30: "\x{E40}\x{E14}\x{E35}\x{E4B}\x{E22}\x{E27}"
      text run at (0,6552) width 10: "\x{E19}\x{E35}\x{E49}"
      text run at (0,6570) width 16: "\x{E44}\x{E21}\x{E48}"
      text run at (0,6588) width 22: "\x{E40}\x{E04}\x{E22}"
      text run at (0,6606) width 17: "\x{E22}\x{E34}\x{E49}\x{E21}"
      text run at (0,6624) width 21: "\x{E40}\x{E25}\x{E22}"
      text run at (0,6642) width 22: "\x{E40}\x{E21}\x{E37}\x{E48}\x{E2D}"
      text run at (0,6660) width 16: "\x{E42}\x{E14}"
      text run at (0,6678) width 21: "\x{E42}\x{E23}\x{E18}\x{E35}"
      text run at (0,6696) width 16: "\x{E0B}\x{E36}\x{E48}\x{E07}"
      text run at (0,6714) width 24: "\x{E40}\x{E1B}\x{E47}\x{E19}"
      text run at (0,6732) width 23: "\x{E40}\x{E14}\x{E47}\x{E01}"
      text run at (0,6750) width 38: "\x{E01}\x{E33}\x{E1E}\x{E23}\x{E49}\x{E32}"
      text run at (0,6768) width 15: "\x{E21}\x{E32}"
      text run at (0,6786) width 16: "\x{E2D}\x{E22}\x{E39}\x{E48}"
      text run at (0,6804) width 18: "\x{E01}\x{E31}\x{E1A}"
      text run at (0,6822) width 20: "\x{E40}\x{E18}\x{E2D}"
      text run at (0,6840) width 27: "\x{E15}\x{E2D}\x{E19}"
      text run at (0,6858) width 24: "\x{E41}\x{E23}\x{E01}"
      text run at (0,6876) width 15: "\x{E1B}\x{E49}\x{E32}"
      text run at (0,6894) width 22: "\x{E40}\x{E2D}\x{E47}\x{E21}"
      text run at (0,6912) width 19: "\x{E15}\x{E37}\x{E48}\x{E19}"
      text run at (0,6930) width 24: "\x{E40}\x{E15}\x{E49}\x{E19}"
      text run at (0,6948) width 18: "\x{E01}\x{E31}\x{E1A}"
      text run at (0,6966) width 28: "\x{E40}\x{E2A}\x{E35}\x{E22}\x{E07}"
      text run at (0,6984) width 41: "\x{E2B}\x{E31}\x{E27}\x{E40}\x{E23}\x{E32}\x{E30}"
      text run at (0,7002) width 23: "\x{E02}\x{E2D}\x{E07}"
      text run at (0,7020) width 23: "\x{E40}\x{E14}\x{E47}\x{E01}"
      text run at (0,7038) width 26: "\x{E19}\x{E49}\x{E2D}\x{E22}"
      text run at (0,7056) width 24: "\x{E21}\x{E32}\x{E01}"
      text run at (0,7074) width 20: "\x{E40}\x{E18}\x{E2D}"
      text run at (0,7092) width 14: "\x{E08}\x{E30}"
      text run at (0,7110) width 15: "\x{E2A}\x{E48}\x{E07}"
      text run at (0,7128) width 28: "\x{E40}\x{E2A}\x{E35}\x{E22}\x{E07}"
      text run at (0,7146) width 22: "\x{E23}\x{E49}\x{E2D}\x{E07}"
      text run at (0,7164) width 24: "\x{E41}\x{E25}\x{E49}\x{E27}"
      text run at (0,7182) width 19: "\x{E40}\x{E2D}\x{E32}"
      text run at (0,7200) width 17: "\x{E21}\x{E37}\x{E2D}"
      text run at (0,7218) width 24: "\x{E17}\x{E32}\x{E1A}"
      text run at (0,7236) width 17: "\x{E2D}\x{E01}"
      text run at (0,7254) width 18: "\x{E17}\x{E38}\x{E01}"
      text run at (0,7272) width 23: "\x{E04}\x{E23}\x{E31}\x{E49}\x{E07}"
      text run at (0,7290) width 9: "\x{E17}\x{E35}\x{E48}"
      text run at (0,7308) width 28: "\x{E40}\x{E2A}\x{E35}\x{E22}\x{E07}"
      text run at (0,7326) width 18: "\x{E2D}\x{E31}\x{E19}"
      text run at (0,7344) width 32: "\x{E23}\x{E48}\x{E32}\x{E40}\x{E23}\x{E34}\x{E07}"
      text run at (0,7362) width 23: "\x{E02}\x{E2D}\x{E07}"
      text run at (0,7380) width 16: "\x{E42}\x{E14}"
      text run at (0,7398) width 21: "\x{E42}\x{E23}\x{E18}\x{E35}"
      text run at (0,7416) width 28: "\x{E40}\x{E02}\x{E49}\x{E32}\x{E2B}\x{E39}"
      text run at (0,7434) width 20: "\x{E40}\x{E18}\x{E2D}"
      text run at (0,7452) width 22: "\x{E41}\x{E25}\x{E30}"
      text run at (0,7470) width 20: "\x{E40}\x{E18}\x{E2D}"
      text run at (0,7488) width 20: "\x{E40}\x{E1D}\x{E49}\x{E32}"
      text run at (0,7506) width 24: "\x{E21}\x{E2D}\x{E07}"
      text run at (0,7524) width 23: "\x{E40}\x{E14}\x{E47}\x{E01}"
      text run at (0,7542) width 27: "\x{E2B}\x{E0D}\x{E34}\x{E07}"
      text run at (0,7560) width 33: "\x{E19}\x{E49}\x{E2D}\x{E22}\x{E46}"
      text run at (0,7578) width 25: "\x{E14}\x{E49}\x{E27}\x{E22}"
      text run at (0,7596) width 32: "\x{E04}\x{E27}\x{E32}\x{E21}"
      text run at (0,7614) width 54: "\x{E1B}\x{E23}\x{E30}\x{E2B}\x{E25}\x{E32}\x{E14}"
      text run at (0,7632) width 15: "\x{E43}\x{E08}"
      text run at (0,7650) width 25: "\x{E14}\x{E49}\x{E27}\x{E22}"
      text run at (0,7668) width 15: "\x{E22}\x{E31}\x{E07}"
      text run at (0,7686) width 15: "\x{E2B}\x{E32}"
      text run at (0,7704) width 28: "\x{E2D}\x{E30}\x{E44}\x{E23}"
      text run at (0,7722) width 15: "\x{E21}\x{E32}"
      text run at (0,7740) width 24: "\x{E40}\x{E1B}\x{E47}\x{E19}"
      text run at (0,7758) width 27: "\x{E40}\x{E23}\x{E37}\x{E48}\x{E2D}\x{E07}"
      text run at (0,7776) width 41: "\x{E2B}\x{E31}\x{E27}\x{E40}\x{E23}\x{E32}\x{E30}"
      text run at (0,7794) width 16: "\x{E44}\x{E14}\x{E49}"
      text run at (0,7812) width 15: "\x{E25}\x{E38}\x{E07}"
      text run at (0,7830) width 13: "\x{E40}\x{E2E}"
      text run at (0,7848) width 17: "\x{E19}\x{E23}\x{E35}"
      text run at (0,7866) width 16: "\x{E44}\x{E21}\x{E48}"
      text run at (0,7884) width 22: "\x{E40}\x{E04}\x{E22}"
      text run at (0,7902) width 41: "\x{E2B}\x{E31}\x{E27}\x{E40}\x{E23}\x{E32}\x{E30}"
      text run at (0,7920) width 15: "\x{E25}\x{E38}\x{E07}"
      text run at (0,7938) width 38: "\x{E17}\x{E33}\x{E07}\x{E32}\x{E19}"
      text run at (0,7956) width 28: "\x{E2B}\x{E19}\x{E31}\x{E01}"
      text run at (0,7974) width 23: "\x{E08}\x{E32}\x{E01}"
      text run at (0,7992) width 19: "\x{E40}\x{E0A}\x{E49}\x{E32}"
      text run at (0,8010) width 18: "\x{E22}\x{E31}\x{E19}"
      text run at (0,8028) width 15: "\x{E04}\x{E48}\x{E33}"
      text run at (0,8046) width 22: "\x{E41}\x{E25}\x{E30}"
      text run at (0,8064) width 16: "\x{E44}\x{E21}\x{E48}"
      text run at (0,8082) width 22: "\x{E40}\x{E04}\x{E22}"
      text run at (0,8100) width 24: "\x{E23}\x{E39}\x{E49}\x{E08}\x{E31}\x{E01}"
      text run at (0,8118) width 14: "\x{E27}\x{E48}\x{E32}"
      text run at (0,8136) width 32: "\x{E04}\x{E27}\x{E32}\x{E21}"
      text run at (0,8154) width 32: "\x{E23}\x{E48}\x{E32}\x{E40}\x{E23}\x{E34}\x{E07}"
      text run at (0,8172) width 17: "\x{E04}\x{E37}\x{E2D}"
      text run at (0,8190) width 28: "\x{E2D}\x{E30}\x{E44}\x{E23}"
      text run at (0,8208) width 15: "\x{E25}\x{E38}\x{E07}"
      text run at (0,8226) width 9: "\x{E14}\x{E39}"
      text run at (0,8244) width 61: "\x{E2B}\x{E21}\x{E48}\x{E19}\x{E2B}\x{E21}\x{E2D}\x{E07}"
      text run at (0,8262) width 16: "\x{E44}\x{E1B}"
      text run at (0,8280) width 27: "\x{E2B}\x{E21}\x{E14}"
      text run at (0,8298) width 33: "\x{E15}\x{E31}\x{E49}\x{E07}\x{E41}\x{E15}\x{E48}"
      text run at (0,8316) width 27: "\x{E40}\x{E04}\x{E23}\x{E32}"
      text run at (0,8334) width 22: "\x{E22}\x{E32}\x{E27}"
      text run at (0,8352) width 18: "\x{E08}\x{E19}"
      text run at (0,8370) width 17: "\x{E08}\x{E14}"
      text run at (0,8388) width 42: "\x{E23}\x{E2D}\x{E07}\x{E40}\x{E17}\x{E49}\x{E32}"
      text run at (0,8406) width 18: "\x{E1A}\x{E39}\x{E15}"
      text run at (0,8424) width 18: "\x{E2D}\x{E31}\x{E19}"
      text run at (0,8442) width 32: "\x{E2B}\x{E22}\x{E32}\x{E1A}"
      text run at (0,8460) width 24: "\x{E41}\x{E25}\x{E49}\x{E27}"
      text run at (0,8478) width 15: "\x{E25}\x{E38}\x{E07}"
      text run at (0,8496) width 9: "\x{E01}\x{E47}"
      text run at (0,8514) width 9: "\x{E14}\x{E39}"
      text run at (0,8532) width 52: "\x{E40}\x{E04}\x{E23}\x{E48}\x{E07}\x{E02}\x{E23}\x{E36}\x{E21}"
      text run at (0,8550) width 16: "\x{E19}\x{E48}\x{E32}"
      text run at (0,8568) width 28: "\x{E40}\x{E01}\x{E23}\x{E07}"
      text run at (0,8586) width 23: "\x{E02}\x{E32}\x{E21}"
      text run at (0,8604) width 16: "\x{E44}\x{E21}\x{E48}"
      text run at (0,8622) width 25: "\x{E04}\x{E48}\x{E2D}\x{E22}"
      text run at (0,8640) width 14: "\x{E08}\x{E30}"
      text run at (0,8658) width 19: "\x{E1E}\x{E39}\x{E14}"
      text run at (0,8676) width 9: "\x{E21}\x{E35}"
      text run at (0,8694) width 16: "\x{E42}\x{E15}"
      text run at (0,8712) width 16: "\x{E42}\x{E15}\x{E49}"
      text run at (0,8730) width 9: "\x{E17}\x{E35}\x{E48}"
      text run at (0,8748) width 31: "\x{E17}\x{E33}\x{E43}\x{E2B}\x{E49}"
      text run at (0,8766) width 16: "\x{E42}\x{E14}"
      text run at (0,8784) width 21: "\x{E42}\x{E23}\x{E18}\x{E35}"
      text run at (0,8802) width 41: "\x{E2B}\x{E31}\x{E27}\x{E40}\x{E23}\x{E32}\x{E30}"
      text run at (0,8820) width 16: "\x{E44}\x{E14}\x{E49}"
      text run at (0,8838) width 22: "\x{E41}\x{E25}\x{E30}"
      text run at (0,8856) width 24: "\x{E0A}\x{E48}\x{E27}\x{E22}"
      text run at (0,8874) width 20: "\x{E40}\x{E18}\x{E2D}"
      text run at (0,8892) width 16: "\x{E43}\x{E2B}\x{E49}"
      text run at (0,8910) width 20: "\x{E1E}\x{E49}\x{E19}"
      text run at (0,8928) width 23: "\x{E08}\x{E32}\x{E01}"
      text run at (0,8946) width 31: "\x{E01}\x{E32}\x{E23}\x{E01}"
      text run at (0,8964) width 22: "\x{E25}\x{E32}\x{E22}"
      text run at (0,8982) width 24: "\x{E40}\x{E1B}\x{E47}\x{E19}"
      text run at (0,9000) width 8: "\x{E2A}\x{E35}"
      text run at (0,9018) width 20: "\x{E40}\x{E17}\x{E32}"
      text run at (0,9036) width 28: "\x{E2B}\x{E21}\x{E48}\x{E19}"
      text run at (0,9054) width 41: "\x{E40}\x{E2B}\x{E21}\x{E37}\x{E2D}\x{E19}"
      text run at (0,9072) width 18: "\x{E01}\x{E31}\x{E1A}"
      text run at (0,9090) width 15: "\x{E2A}\x{E34}\x{E48}\x{E07}"
      text run at (0,9108) width 24: "\x{E23}\x{E2D}\x{E1A}"
      text run at (0,9126) width 17: "\x{E15}\x{E31}\x{E27}"
      text run at (0,9144) width 25: "\x{E2D}\x{E37}\x{E48}\x{E19}\x{E46}"
      text run at (0,9162) width 16: "\x{E42}\x{E15}"
      text run at (0,9180) width 16: "\x{E42}\x{E15}\x{E49}"
      text run at (0,9198) width 8: "\x{E2A}\x{E35}"
      text run at (0,9216) width 16: "\x{E44}\x{E21}\x{E48}"
      text run at (0,9234) width 20: "\x{E40}\x{E17}\x{E32}"
      text run at (0,9252) width 28: "\x{E2B}\x{E21}\x{E48}\x{E19}"
      text run at (0,9270) width 17: "\x{E41}\x{E15}\x{E48}"
      text run at (0,9288) width 19: "\x{E21}\x{E31}\x{E19}"
      text run at (0,9306) width 24: "\x{E40}\x{E1B}\x{E47}\x{E19}"
      text run at (0,9324) width 24: "\x{E2B}\x{E21}\x{E32}"
      text run at (0,9342) width 8: "\x{E2A}\x{E35}"
      text run at (0,9360) width 15: "\x{E14}\x{E33}"
      text run at (0,9378) width 17: "\x{E15}\x{E31}\x{E27}"
      text run at (0,9396) width 33: "\x{E19}\x{E49}\x{E2D}\x{E22}\x{E46}"
      text run at (0,9414) width 18: "\x{E02}\x{E19}"
      text run at (0,9432) width 22: "\x{E22}\x{E32}\x{E27}"
      text run at (0,9450) width 17: "\x{E1B}\x{E38}\x{E22}"
      text run at (0,9468) width 39: "\x{E23}\x{E32}\x{E27}\x{E01}\x{E31}\x{E1A}"
      text run at (0,9486) width 25: "\x{E44}\x{E2B}\x{E21}"
      text run at (0,9504) width 9: "\x{E21}\x{E35}"
      text run at (0,9522) width 15: "\x{E15}\x{E32}"
      text run at (0,9540) width 15: "\x{E14}\x{E33}"
      text run at (0,9558) width 22: "\x{E40}\x{E25}\x{E47}\x{E01}"
      text run at (0,9576) width 24: "\x{E40}\x{E1B}\x{E47}\x{E19}"
      text run at (0,9594) width 45: "\x{E1B}\x{E23}\x{E30}\x{E01}\x{E32}\x{E22}"
      text run at (0,9612) width 36: "\x{E23}\x{E37}\x{E48}\x{E19}\x{E40}\x{E23}\x{E34}\x{E07}"
      text run at (0,9630) width 16: "\x{E2D}\x{E22}\x{E39}\x{E48}"
      text run at (0,9648) width 23: "\x{E2A}\x{E2D}\x{E07}"
      text run at (0,9666) width 21: "\x{E02}\x{E49}\x{E32}\x{E07}"
      text run at (0,9684) width 26: "\x{E08}\x{E21}\x{E39}\x{E01}"
      text run at (0,9702) width 22: "\x{E40}\x{E25}\x{E47}\x{E01}"
      text run at (0,9720) width 18: "\x{E2D}\x{E31}\x{E19}"
      text run at (0,9738) width 16: "\x{E19}\x{E48}\x{E32}"
      text run at (0,9756) width 18: "\x{E02}\x{E31}\x{E19}"
      text run at (0,9774) width 23: "\x{E02}\x{E2D}\x{E07}"
      text run at (0,9792) width 19: "\x{E21}\x{E31}\x{E19}"
      text run at (0,9810) width 16: "\x{E42}\x{E15}"
      text run at (0,9828) width 16: "\x{E42}\x{E15}\x{E49}"
      text run at (0,9846) width 23: "\x{E40}\x{E25}\x{E48}\x{E19}"
      text run at (0,9864) width 16: "\x{E17}\x{E31}\x{E49}\x{E07}"
      text run at (0,9882) width 18: "\x{E27}\x{E31}\x{E19}"
      text run at (0,9900) width 22: "\x{E41}\x{E25}\x{E30}"
      text run at (0,9918) width 16: "\x{E42}\x{E14}"
      text run at (0,9936) width 21: "\x{E42}\x{E23}\x{E18}\x{E35}"
      text run at (0,9954) width 9: "\x{E01}\x{E47}"
      text run at (0,9972) width 23: "\x{E40}\x{E25}\x{E48}\x{E19}"
      text run at (0,9990) width 18: "\x{E01}\x{E31}\x{E1A}"
      text run at (0,10008) width 19: "\x{E21}\x{E31}\x{E19}"
      text run at (0,10026) width 22: "\x{E41}\x{E25}\x{E30}"
      text run at (0,10044) width 16: "\x{E23}\x{E31}\x{E01}"
      text run at (0,10062) width 19: "\x{E21}\x{E31}\x{E19}"
      text run at (0,10080) width 30: "\x{E40}\x{E2B}\x{E25}\x{E37}\x{E2D}"
      text run at (0,10098) width 24: "\x{E40}\x{E01}\x{E34}\x{E19}"
      text run at (0,10116) width 43: "\x{E2D}\x{E22}\x{E48}\x{E32}\x{E07}\x{E44}\x{E23}"
      text run at (0,10134) width 33: "\x{E01}\x{E47}\x{E15}\x{E32}\x{E21}"
      text run at (0,10152) width 18: "\x{E27}\x{E31}\x{E19}"
      text run at (0,10170) width 10: "\x{E19}\x{E35}\x{E49}"
      text run at (0,10188) width 16: "\x{E17}\x{E31}\x{E49}\x{E07}"
      text run at (0,10206) width 9: "\x{E04}\x{E39}\x{E48}"
      text run at (0,10224) width 16: "\x{E44}\x{E21}\x{E48}"
      text run at (0,10242) width 16: "\x{E44}\x{E14}\x{E49}"
      text run at (0,10260) width 23: "\x{E40}\x{E25}\x{E48}\x{E19}"
      text run at (0,10278) width 15: "\x{E25}\x{E38}\x{E07}"
      text run at (0,10296) width 13: "\x{E40}\x{E2E}"
      text run at (0,10314) width 17: "\x{E19}\x{E23}\x{E35}"
      text run at (0,10332) width 17: "\x{E19}\x{E31}\x{E48}\x{E07}"
      text run at (0,10350) width 16: "\x{E2D}\x{E22}\x{E39}\x{E48}"
      text run at (0,10368) width 9: "\x{E17}\x{E35}\x{E48}"
      text run at (0,10386) width 35: "\x{E1A}\x{E31}\x{E19}\x{E44}\x{E14}"
      text run at (0,10404) width 31: "\x{E1B}\x{E23}\x{E30}\x{E15}\x{E39}"
      text run at (0,10422) width 22: "\x{E41}\x{E25}\x{E30}"
      text run at (0,10440) width 20: "\x{E40}\x{E1D}\x{E49}\x{E32}"
      text run at (0,10458) width 32: "\x{E01}\x{E31}\x{E07}\x{E27}\x{E25}"
      text run at (0,10476) width 23: "\x{E08}\x{E49}\x{E2D}\x{E07}"
      text run at (0,10494) width 9: "\x{E14}\x{E39}"
      text run at (0,10512) width 40: "\x{E17}\x{E49}\x{E2D}\x{E07}\x{E1F}\x{E49}\x{E32}"
      text run at (0,10530) width 8: "\x{E2A}\x{E35}"
      text run at (0,10548) width 20: "\x{E40}\x{E17}\x{E32}"
      text run at (0,10566) width 28: "\x{E2B}\x{E21}\x{E48}\x{E19}"
      text run at (0,10584) width 18: "\x{E1C}\x{E34}\x{E14}"
      text run at (0,10602) width 27: "\x{E1B}\x{E01}\x{E15}\x{E34}"
      text run at (0,10620) width 16: "\x{E42}\x{E14}"
      text run at (0,10638) width 21: "\x{E42}\x{E23}\x{E18}\x{E35}"
      text run at (0,10656) width 18: "\x{E22}\x{E37}\x{E19}"
      text run at (0,10674) width 9: "\x{E17}\x{E35}\x{E48}"
      text run at (0,10692) width 31: "\x{E1B}\x{E23}\x{E30}\x{E15}\x{E39}"
      text run at (0,10710) width 26: "\x{E01}\x{E2D}\x{E14}"
      text run at (0,10728) width 16: "\x{E42}\x{E15}"
      text run at (0,10746) width 16: "\x{E42}\x{E15}\x{E49}"
      text run at (0,10764) width 15: "\x{E44}\x{E27}\x{E49}"
      text run at (0,10782) width 17: "\x{E43}\x{E19}"
      text run at (0,10800) width 25: "\x{E2D}\x{E49}\x{E2D}\x{E21}"
      text run at (0,10818) width 26: "\x{E41}\x{E02}\x{E19}"
      text run at (0,10836) width 22: "\x{E41}\x{E25}\x{E30}"
      text run at (0,10854) width 9: "\x{E01}\x{E47}"
      text run at (0,10872) width 24: "\x{E21}\x{E2D}\x{E07}"
      text run at (0,10890) width 9: "\x{E14}\x{E39}"
      text run at (0,10908) width 40: "\x{E17}\x{E49}\x{E2D}\x{E07}\x{E1F}\x{E49}\x{E32}"
      text run at (0,10926) width 16: "\x{E2D}\x{E22}\x{E39}\x{E48}"
      text run at (0,10944) width 41: "\x{E40}\x{E2B}\x{E21}\x{E37}\x{E2D}\x{E19}"
      text run at (0,10962) width 19: "\x{E01}\x{E31}\x{E19}"
      text run at (0,10980) width 15: "\x{E1B}\x{E49}\x{E32}"
      text run at (0,10998) width 13: "\x{E40}\x{E2D}\x{E47}"
      text run at (0,11016) width 24: "\x{E21}\x{E01}\x{E33}"
      text run at (0,11034) width 15: "\x{E25}\x{E31}\x{E07}"
      text run at (0,11052) width 21: "\x{E25}\x{E49}\x{E32}\x{E07}"
      text run at (0,11070) width 23: "\x{E0A}\x{E32}\x{E21}"
      text run at (0,11088) width 16: "\x{E2D}\x{E22}\x{E39}\x{E48}"
      text run at (0,11106) width 23: "\x{E08}\x{E32}\x{E01}"
      text run at (0,11124) width 25: "\x{E14}\x{E49}\x{E32}\x{E19}"
      text run at (0,11142) width 32: "\x{E40}\x{E2B}\x{E19}\x{E37}\x{E2D}"
      text run at (0,11160) width 24: "\x{E44}\x{E01}\x{E25}"
      text run at (0,11178) width 25: "\x{E2D}\x{E2D}\x{E01}"
      text run at (0,11196) width 16: "\x{E44}\x{E1B}"
      text run at (0,11214) width 9: "\x{E21}\x{E35}"
      text run at (0,11232) width 28: "\x{E40}\x{E2A}\x{E35}\x{E22}\x{E07}"
      text run at (0,11250) width 17: "\x{E25}\x{E21}"
      text run at (0,11268) width 29: "\x{E04}\x{E23}\x{E32}\x{E07}"
      text run at (0,11286) width 25: "\x{E41}\x{E1C}\x{E48}\x{E27}"
      text run at (0,11304) width 20: "\x{E40}\x{E1A}\x{E32}"
      text run at (0,11322) width 34: "\x{E44}\x{E14}\x{E49}\x{E22}\x{E34}\x{E19}"
      text run at (0,11340) width 15: "\x{E21}\x{E32}"
      text run at (0,11358) width 15: "\x{E25}\x{E38}\x{E07}"
      text run at (0,11376) width 13: "\x{E40}\x{E2E}"
      text run at (0,11394) width 17: "\x{E19}\x{E23}\x{E35}"
      text run at (0,11412) width 22: "\x{E41}\x{E25}\x{E30}"
      text run at (0,11430) width 16: "\x{E42}\x{E14}"
      text run at (0,11448) width 21: "\x{E42}\x{E23}\x{E18}\x{E35}"
      text run at (0,11466) width 24: "\x{E40}\x{E2B}\x{E47}\x{E19}"
      text run at (0,11484) width 19: "\x{E15}\x{E49}\x{E19}"
      text run at (0,11502) width 26: "\x{E2B}\x{E0D}\x{E49}\x{E32}"
      text run at (0,11520) width 15: "\x{E2A}\x{E39}\x{E07}"
      text run at (0,11538) width 23: "\x{E40}\x{E2D}\x{E19}"
      text run at (0,11556) width 24: "\x{E40}\x{E1B}\x{E47}\x{E19}"
      text run at (0,11574) width 27: "\x{E04}\x{E25}\x{E37}\x{E48}\x{E19}"
      text run at (0,11592) width 27: "\x{E01}\x{E48}\x{E2D}\x{E19}"
      text run at (0,11610) width 9: "\x{E17}\x{E35}\x{E48}"
      text run at (0,11628) width 24: "\x{E1E}\x{E32}\x{E22}\x{E38}"
      text run at (0,11646) width 14: "\x{E08}\x{E30}"
      text run at (0,11664) width 15: "\x{E21}\x{E32}"
      text run at (0,11682) width 15: "\x{E16}\x{E36}\x{E07}"
      text run at (0,11700) width 24: "\x{E41}\x{E25}\x{E49}\x{E27}"
      text run at (0,11718) width 9: "\x{E01}\x{E47}"
      text run at (0,11736) width 9: "\x{E21}\x{E35}"
      text run at (0,11754) width 28: "\x{E40}\x{E2A}\x{E35}\x{E22}\x{E07}"
      text run at (0,11772) width 26: "\x{E2B}\x{E27}\x{E35}\x{E14}"
      text run at (0,11790) width 25: "\x{E2B}\x{E27}\x{E34}\x{E27}"
      text run at (0,11808) width 40: "\x{E0A}\x{E31}\x{E14}\x{E40}\x{E08}\x{E19}"
      text run at (0,11826) width 15: "\x{E21}\x{E32}"
      text run at (0,11844) width 23: "\x{E08}\x{E32}\x{E01}"
      text run at (0,11862) width 61: "\x{E1A}\x{E23}\x{E23}\x{E22}\x{E32}\x{E01}\x{E32}\x{E28}"
      text run at (0,11880) width 22: "\x{E17}\x{E32}\x{E07}"
      text run at (0,11898) width 16: "\x{E43}\x{E15}\x{E49}"
      text run at (0,11916) width 22: "\x{E41}\x{E25}\x{E30}"
      text run at (0,11934) width 22: "\x{E40}\x{E21}\x{E37}\x{E48}\x{E2D}"
      text run at (0,11952) width 39: "\x{E40}\x{E2B}\x{E25}\x{E37}\x{E2D}\x{E1A}"
      text run at (0,11970) width 15: "\x{E15}\x{E32}"
      text run at (0,11988) width 16: "\x{E44}\x{E1B}"
      text run at (0,12006) width 22: "\x{E17}\x{E32}\x{E07}"
      text run at (0,12024) width 25: "\x{E14}\x{E49}\x{E32}\x{E19}"
      text run at (0,12042) width 20: "\x{E19}\x{E31}\x{E49}\x{E19}"
      text run at (0,12060) width 9: "\x{E01}\x{E47}"
      text run at (0,12078) width 24: "\x{E40}\x{E2B}\x{E47}\x{E19}"
      text run at (0,12096) width 27: "\x{E04}\x{E25}\x{E37}\x{E48}\x{E19}"
      text run at (0,12114) width 26: "\x{E2B}\x{E0D}\x{E49}\x{E32}"
      text run at (0,12132) width 15: "\x{E21}\x{E32}"
      text run at (0,12150) width 22: "\x{E17}\x{E32}\x{E07}"
      text run at (0,12168) width 25: "\x{E14}\x{E49}\x{E32}\x{E19}"
      text run at (0,12186) width 20: "\x{E19}\x{E31}\x{E49}\x{E19}"
      text run at (0,12204) width 25: "\x{E14}\x{E49}\x{E27}\x{E22}"
      text run at (0,12222) width 15: "\x{E25}\x{E38}\x{E07}"
      text run at (0,12240) width 13: "\x{E40}\x{E2E}"
      text run at (0,12258) width 17: "\x{E19}\x{E23}\x{E35}"
      text run at (0,12276) width 18: "\x{E1C}\x{E38}\x{E14}"
      text run at (0,12294) width 17: "\x{E25}\x{E38}\x{E01}"
      text run at (0,12312) width 18: "\x{E02}\x{E36}\x{E49}\x{E19}"
      text run at (0,12330) width 35: "\x{E17}\x{E31}\x{E19}\x{E43}\x{E14}"
      text run at (0,12348) width 24: "\"\x{E25}\x{E21}"
      text run at (0,12366) width 50: "\x{E44}\x{E0B}\x{E42}\x{E04}\x{E25}\x{E19}"
      text run at (0,12384) width 15: "\x{E21}\x{E32}"
      text run at (0,12402) width 29: "\x{E40}\x{E2D}\x{E47}\x{E21}\""
      text run at (0,12420) width 15: "\x{E25}\x{E38}\x{E07}"
      text run at (0,12438) width 22: "\x{E23}\x{E49}\x{E2D}\x{E07}"
      text run at (0,12456) width 26: "\x{E1A}\x{E2D}\x{E01}"
      text run at (0,12474) width 37: "\x{E20}\x{E23}\x{E23}\x{E22}\x{E32}"
      text run at (0,12492) width 21: "\"\x{E02}\x{E49}\x{E32}"
      text run at (0,12510) width 14: "\x{E08}\x{E30}"
      text run at (0,12528) width 16: "\x{E44}\x{E1B}"
      text run at (0,12546) width 9: "\x{E14}\x{E39}"
      text run at (0,12564) width 25: "\x{E2A}\x{E31}\x{E15}\x{E27}\x{E4C}"
      text run at (0,12582) width 28: "\x{E40}\x{E25}\x{E35}\x{E49}\x{E22}\x{E07}"
      text run at (0,12600) width 42: "\x{E2B}\x{E19}\x{E48}\x{E2D}\x{E22}\""
      text run at (0,12618) width 24: "\x{E41}\x{E25}\x{E49}\x{E27}"
      text run at (0,12636) width 15: "\x{E25}\x{E38}\x{E07}"
      text run at (0,12654) width 9: "\x{E01}\x{E47}"
      text run at (0,12672) width 15: "\x{E27}\x{E34}\x{E48}\x{E07}"
      text run at (0,12690) width 16: "\x{E44}\x{E1B}"
      text run at (0,12708) width 15: "\x{E22}\x{E31}\x{E07}"
      text run at (0,12726) width 22: "\x{E40}\x{E1E}\x{E34}\x{E07}"
      text run at (0,12744) width 9: "\x{E17}\x{E35}\x{E48}"
      text run at (0,12762) width 16: "\x{E27}\x{E31}\x{E27}"
      text run at (0,12780) width 22: "\x{E41}\x{E25}\x{E30}"
      text run at (0,12798) width 15: "\x{E21}\x{E49}\x{E32}"
      text run at (0,12816) width 31: "\x{E2D}\x{E32}\x{E28}\x{E31}\x{E22}"
      text run at (0,12834) width 16: "\x{E2D}\x{E22}\x{E39}\x{E48}"
      text run at (0,12852) width 15: "\x{E1B}\x{E49}\x{E32}"
      text run at (0,12870) width 22: "\x{E40}\x{E2D}\x{E47}\x{E21}"
      text run at (0,12888) width 26: "\x{E2B}\x{E22}\x{E38}\x{E14}"
      text run at (0,12906) width 38: "\x{E17}\x{E33}\x{E07}\x{E32}\x{E19}"
      text run at (0,12924) width 22: "\x{E41}\x{E25}\x{E30}"
      text run at (0,12942) width 15: "\x{E21}\x{E32}"
      text run at (0,12960) width 9: "\x{E17}\x{E35}\x{E48}"
      text run at (0,12978) width 31: "\x{E1B}\x{E23}\x{E30}\x{E15}\x{E39}"
      text run at (0,12996) width 30: "\x{E40}\x{E1E}\x{E35}\x{E22}\x{E07}"
      text run at (0,13014) width 37: "\x{E0A}\x{E32}\x{E22}\x{E15}\x{E32}"
      text run at (0,13032) width 24: "\x{E21}\x{E2D}\x{E07}"
      text run at (0,13050) width 15: "\x{E1B}\x{E49}\x{E32}"
      text run at (0,13068) width 9: "\x{E01}\x{E47}"
      text run at (0,13086) width 26: "\x{E1A}\x{E2D}\x{E01}"
      text run at (0,13104) width 16: "\x{E44}\x{E14}\x{E49}"
      text run at (0,13122) width 14: "\x{E27}\x{E48}\x{E32}"
      text run at (0,13140) width 48: "\x{E2D}\x{E31}\x{E19}\x{E15}\x{E23}\x{E32}\x{E22}"
      text run at (0,13158) width 15: "\x{E21}\x{E32}"
      text run at (0,13176) width 15: "\x{E16}\x{E36}\x{E07}"
      text run at (0,13194) width 24: "\x{E41}\x{E25}\x{E49}\x{E27}"
      text run at (0,13212) width 27: "\"\x{E40}\x{E23}\x{E47}\x{E27}"
      text run at (0,13230) width 16: "\x{E42}\x{E14}"
      text run at (0,13248) width 33: "\x{E42}\x{E23}\x{E18}\x{E35}!\""
      text run at (0,13266) width 15: "\x{E1B}\x{E49}\x{E32}"
      text run at (0,13284) width 41: "\x{E15}\x{E30}\x{E42}\x{E01}\x{E19}"
      text run at (0,13302) width 22: "\"\x{E27}\x{E34}\x{E48}\x{E07}"
      text run at (0,13320) width 16: "\x{E44}\x{E1B}"
      text run at (0,13338) width 24: "\x{E2B}\x{E49}\x{E2D}\x{E07}"
      text run at (0,13356) width 41: "\x{E43}\x{E15}\x{E49}\x{E16}\x{E38}\x{E19}\""
      text run at (0,13374) width 16: "\x{E42}\x{E15}"
      text run at (0,13392) width 16: "\x{E42}\x{E15}\x{E49}"
      text run at (0,13410) width 27: "\x{E1C}\x{E25}\x{E38}\x{E19}"
      text run at (0,13428) width 47: "\x{E01}\x{E23}\x{E30}\x{E42}\x{E14}\x{E14}"
      text run at (0,13446) width 15: "\x{E25}\x{E07}"
      text run at (0,13464) width 23: "\x{E08}\x{E32}\x{E01}"
      text run at (0,13482) width 25: "\x{E2D}\x{E49}\x{E2D}\x{E21}"
      text run at (0,13500) width 26: "\x{E41}\x{E02}\x{E19}"
      text run at (0,13518) width 16: "\x{E42}\x{E14}"
      text run at (0,13536) width 21: "\x{E42}\x{E23}\x{E18}\x{E35}"
      text run at (0,13554) width 24: "\x{E41}\x{E25}\x{E49}\x{E27}"
      text run at (0,13572) width 35: "\x{E40}\x{E02}\x{E49}\x{E32}\x{E44}\x{E1B}"
      text run at (0,13590) width 27: "\x{E0B}\x{E48}\x{E2D}\x{E19}"
      text run at (0,13608) width 16: "\x{E2D}\x{E22}\x{E39}\x{E48}"
      text run at (0,13626) width 16: "\x{E43}\x{E15}\x{E49}"
      text run at (0,13644) width 29: "\x{E40}\x{E15}\x{E35}\x{E22}\x{E07}"
      text run at (0,13662) width 23: "\x{E40}\x{E14}\x{E47}\x{E01}"
      text run at (0,13680) width 27: "\x{E2B}\x{E0D}\x{E34}\x{E07}"
      text run at (0,13698) width 26: "\x{E19}\x{E49}\x{E2D}\x{E22}"
      text run at (0,13716) width 35: "\x{E40}\x{E02}\x{E49}\x{E32}\x{E44}\x{E1B}"
      text run at (0,13734) width 16: "\x{E14}\x{E36}\x{E07}"
      text run at (0,13752) width 19: "\x{E21}\x{E31}\x{E19}"
      text run at (0,13770) width 25: "\x{E2D}\x{E2D}\x{E01}"
      text run at (0,13788) width 15: "\x{E21}\x{E32}"
      text run at (0,13806) width 15: "\x{E1B}\x{E49}\x{E32}"
      text run at (0,13824) width 13: "\x{E40}\x{E2D}\x{E47}"
      text run at (0,13842) width 18: "\x{E21}\x{E01}"
      text run at (0,13860) width 13: "\x{E23}\x{E30}"
      text run at (0,13878) width 23: "\x{E0A}\x{E32}\x{E01}"
      text run at (0,13896) width 15: "\x{E1D}\x{E32}"
      text run at (0,13914) width 9: "\x{E17}\x{E35}\x{E48}"
      text run at (0,13932) width 20: "\x{E1E}\x{E37}\x{E49}\x{E19}"
      text run at (0,13950) width 25: "\x{E2D}\x{E2D}\x{E01}"
      text run at (0,13968) width 29: "\x{E2D}\x{E22}\x{E48}\x{E32}\x{E07}"
      text run at (0,13986) width 17: "\x{E2D}\x{E01}"
      text run at (0,14004) width 18: "\x{E2A}\x{E31}\x{E48}\x{E19}"
      text run at (0,14022) width 27: "\x{E02}\x{E27}\x{E31}\x{E0D}"
      text run at (0,14040) width 23: "\x{E2B}\x{E32}\x{E22}"
      text run at (0,14058) width 19: "\x{E1B}\x{E35}\x{E19}"
      text run at (0,14076) width 35: "\x{E1A}\x{E31}\x{E19}\x{E44}\x{E14}"
      text run at (0,14094) width 16: "\x{E44}\x{E21}\x{E49}"
      text run at (0,14112) width 15: "\x{E25}\x{E07}"
      text run at (0,14130) width 16: "\x{E44}\x{E1B}"
      text run at (0,14148) width 17: "\x{E43}\x{E19}"
      text run at (0,14166) width 31: "\x{E42}\x{E1E}\x{E23}\x{E07}"
      text run at (0,14184) width 22: "\x{E40}\x{E25}\x{E47}\x{E01}"
      text run at (0,14202) width 18: "\x{E2D}\x{E31}\x{E19}"
      text run at (0,14220) width 18: "\x{E21}\x{E37}\x{E14}"
      text run at (0,14238) width 18: "\x{E17}\x{E36}\x{E1A}"
      text run at (0,14256) width 16: "\x{E42}\x{E14}"
      text run at (0,14274) width 21: "\x{E42}\x{E23}\x{E18}\x{E35}"
      text run at (0,14292) width 17: "\x{E08}\x{E31}\x{E1A}"
      text run at (0,14310) width 16: "\x{E42}\x{E15}"
      text run at (0,14328) width 16: "\x{E42}\x{E15}\x{E49}"
      text run at (0,14346) width 16: "\x{E44}\x{E14}\x{E49}"
      text run at (0,14364) width 17: "\x{E43}\x{E19}"
      text run at (0,14382) width 26: "\x{E17}\x{E35}\x{E48}\x{E2A}\x{E38}\x{E14}"
      text run at (0,14400) width 22: "\x{E41}\x{E25}\x{E30}"
      text run at (0,14418) width 15: "\x{E27}\x{E34}\x{E48}\x{E07}"
      text run at (0,14436) width 24: "\x{E15}\x{E32}\x{E21}"
      text run at (0,14454) width 15: "\x{E1B}\x{E49}\x{E32}"
      text run at (0,14472) width 20: "\x{E40}\x{E18}\x{E2D}"
      text run at (0,14490) width 16: "\x{E44}\x{E1B}"
      text run at (0,14508) width 22: "\x{E40}\x{E21}\x{E37}\x{E48}\x{E2D}"
      text run at (0,14526) width 20: "\x{E40}\x{E18}\x{E2D}"
      text run at (0,14544) width 15: "\x{E21}\x{E32}"
      text run at (0,14562) width 16: "\x{E44}\x{E14}\x{E49}"
      text run at (0,14580) width 23: "\x{E04}\x{E23}\x{E36}\x{E48}\x{E07}"
      text run at (0,14598) width 24: "\x{E2B}\x{E49}\x{E2D}\x{E07}"
      text run at (0,14616) width 9: "\x{E01}\x{E47}"
      text run at (0,14634) width 9: "\x{E21}\x{E35}"
      text run at (0,14652) width 28: "\x{E40}\x{E2A}\x{E35}\x{E22}\x{E07}"
      text run at (0,14670) width 26: "\x{E2B}\x{E27}\x{E35}\x{E14}"
      text run at (0,14688) width 25: "\x{E2B}\x{E27}\x{E37}\x{E2D}"
      text run at (0,14706) width 26: "\x{E2A}\x{E48}\x{E27}\x{E19}"
      text run at (0,14724) width 25: "\x{E1A}\x{E49}\x{E32}\x{E19}"
      text run at (0,14742) width 9: "\x{E01}\x{E47}"
      text run at (0,14760) width 18: "\x{E2A}\x{E31}\x{E48}\x{E19}"
      text run at (0,14778) width 29: "\x{E2D}\x{E22}\x{E48}\x{E32}\x{E07}"
      text run at (0,14796) width 22: "\x{E41}\x{E23}\x{E07}"
      text run at (0,14814) width 18: "\x{E08}\x{E19}"
      text run at (0,14832) width 20: "\x{E40}\x{E18}\x{E2D}"
      text run at (0,14850) width 18: "\x{E2B}\x{E01}"
      text run at (0,14868) width 30: "\x{E04}\x{E30}\x{E21}\x{E33}"
      text run at (0,14886) width 17: "\x{E19}\x{E31}\x{E48}\x{E07}"
      text run at (0,14904) width 34: "\x{E08}\x{E49}\x{E33}\x{E40}\x{E1A}\x{E49}\x{E32}"
      text run at (0,14922) width 16: "\x{E2D}\x{E22}\x{E39}\x{E48}"
      text run at (0,14940) width 18: "\x{E01}\x{E31}\x{E1A}"
      text run at (0,14958) width 20: "\x{E1E}\x{E37}\x{E49}\x{E19}"
      text run at (0,14976) width 24: "\x{E41}\x{E25}\x{E49}\x{E27}"
      text run at (0,14994) width 15: "\x{E2A}\x{E34}\x{E48}\x{E07}"
      text run at (0,15012) width 54: "\x{E1B}\x{E23}\x{E30}\x{E2B}\x{E25}\x{E32}\x{E14}"
      text run at (0,15030) width 9: "\x{E01}\x{E47}"
      text run at (0,15048) width 23: "\x{E40}\x{E01}\x{E34}\x{E14}"
      text run at (0,15066) width 18: "\x{E02}\x{E36}\x{E49}\x{E19}"
      text run at (0,15084) width 25: "\x{E1A}\x{E49}\x{E32}\x{E19}"
      text run at (0,15102) width 28: "\x{E2B}\x{E21}\x{E38}\x{E19}"
      text run at (0,15120) width 16: "\x{E44}\x{E1B}"
      text run at (0,15138) width 28: "\x{E2B}\x{E21}\x{E38}\x{E19}"
      text run at (0,15156) width 23: "\x{E21}\x{E32}\x{E2A}"
      text run at (0,15174) width 15: "\x{E2D}\x{E07}"
      text run at (0,15192) width 23: "\x{E2A}\x{E32}\x{E21}"
      text run at (0,15210) width 24: "\x{E23}\x{E2D}\x{E1A}"
      text run at (0,15228) width 24: "\x{E41}\x{E25}\x{E49}\x{E27}"
      text run at (0,15246) width 9: "\x{E01}\x{E47}"
      text run at (0,15264) width 24: "\x{E25}\x{E2D}\x{E22}"
      text run at (0,15282) width 18: "\x{E02}\x{E36}\x{E49}\x{E19}"
      text run at (0,15300) width 8: "\x{E2A}\x{E39}\x{E48}"
      text run at (0,15318) width 38: "\x{E2D}\x{E32}\x{E01}\x{E32}\x{E28}"
      text run at (0,15336) width 29: "\x{E2D}\x{E22}\x{E48}\x{E32}\x{E07}"
      text run at (0,15354) width 21: "\x{E0A}\x{E49}\x{E32}\x{E46}"
      text run at (0,15372) width 16: "\x{E42}\x{E14}"
      text run at (0,15390) width 14: "\x{E42}\x{E23}"
      text run at (0,15408) width 14: "\x{E18}\x{E35}\x{E23}\x{E39}\x{E49}"
      text run at (0,15426) width 17: "\x{E2A}\x{E36}\x{E01}"
      text run at (0,15444) width 39: "\x{E23}\x{E32}\x{E27}\x{E01}\x{E31}\x{E1A}"
      text run at (0,15462) width 14: "\x{E27}\x{E48}\x{E32}"
      text run at (0,15480) width 20: "\x{E40}\x{E18}\x{E2D}"
      text run at (0,15498) width 16: "\x{E44}\x{E14}\x{E49}"
      text run at (0,15516) width 18: "\x{E02}\x{E36}\x{E49}\x{E19}"
      text run at (0,15534) width 16: "\x{E44}\x{E1B}"
      text run at (0,15552) width 18: "\x{E01}\x{E31}\x{E1A}"
      text run at (0,15570) width 17: "\x{E25}\x{E39}\x{E01}"
      text run at (0,15588) width 43: "\x{E1A}\x{E2D}\x{E25}\x{E25}\x{E39}\x{E19}"
      text run at (0,15606) width 24: "\x{E1E}\x{E32}\x{E22}\x{E38}"
      text run at (0,15624) width 32: "\x{E40}\x{E2B}\x{E19}\x{E37}\x{E2D}"
      text run at (0,15642) width 18: "\x{E01}\x{E31}\x{E1A}"
      text run at (0,15660) width 24: "\x{E1E}\x{E32}\x{E22}\x{E38}"
      text run at (0,15678) width 16: "\x{E43}\x{E15}\x{E49}"
      text run at (0,15696) width 15: "\x{E21}\x{E32}"
      text run at (0,15714) width 19: "\x{E1E}\x{E1A}"
      text run at (0,15732) width 19: "\x{E01}\x{E31}\x{E19}"
      text run at (0,15750) width 23: "\x{E15}\x{E23}\x{E07}"
      text run at (0,15768) width 9: "\x{E17}\x{E35}\x{E48}"
      text run at (0,15786) width 25: "\x{E1A}\x{E49}\x{E32}\x{E19}"
      text run at (0,15804) width 27: "\x{E1E}\x{E2D}\x{E14}\x{E35}"
      text run at (0,15822) width 22: "\x{E41}\x{E25}\x{E30}"
      text run at (0,15840) width 31: "\x{E17}\x{E33}\x{E43}\x{E2B}\x{E49}"
      text run at (0,15858) width 23: "\x{E15}\x{E23}\x{E07}"
      text run at (0,15876) width 20: "\x{E19}\x{E31}\x{E49}\x{E19}"
      text run at (0,15894) width 24: "\x{E40}\x{E1B}\x{E47}\x{E19}"
      text run at (0,15912) width 74: "\x{E08}\x{E38}\x{E14}\x{E28}\x{E39}\x{E19}\x{E22}\x{E4C}\x{E01}\x{E25}\x{E32}\x{E07}"
      text run at (0,15930) width 23: "\x{E02}\x{E2D}\x{E07}"
      text run at (0,15948) width 24: "\x{E1E}\x{E32}\x{E22}\x{E38}"
      text run at (0,15966) width 50: "\x{E44}\x{E0B}\x{E42}\x{E04}\x{E25}\x{E19}"
      text run at (0,15984) width 24: "\x{E15}\x{E32}\x{E21}"
      text run at (0,16002) width 27: "\x{E1B}\x{E01}\x{E15}\x{E34}"
      text run at (0,16020) width 23: "\x{E15}\x{E23}\x{E07}"
      text run at (0,16038) width 30: "\x{E01}\x{E25}\x{E32}\x{E07}"
      text run at (0,16056) width 24: "\x{E1E}\x{E32}\x{E22}\x{E38}"
      text run at (0,16074) width 50: "\x{E44}\x{E0B}\x{E42}\x{E04}\x{E25}\x{E19}"
      text run at (0,16092) width 38: "\x{E2D}\x{E32}\x{E01}\x{E32}\x{E28}"
      text run at (0,16110) width 14: "\x{E08}\x{E30}"
      text run at (0,16128) width 17: "\x{E19}\x{E34}\x{E48}\x{E07}"
      text run at (0,16146) width 17: "\x{E41}\x{E15}\x{E48}"
      text run at (0,16164) width 32: "\x{E04}\x{E27}\x{E32}\x{E21}"
      text run at (0,16182) width 37: "\x{E01}\x{E14}\x{E14}\x{E31}\x{E19}"
      text run at (0,16200) width 29: "\x{E2D}\x{E22}\x{E48}\x{E32}\x{E07}"
      text run at (0,16218) width 28: "\x{E2B}\x{E19}\x{E31}\x{E01}"
      text run at (0,16236) width 23: "\x{E02}\x{E2D}\x{E07}"
      text run at (0,16254) width 17: "\x{E25}\x{E21}"
      text run at (0,16272) width 18: "\x{E17}\x{E38}\x{E01}"
      text run at (0,16290) width 25: "\x{E14}\x{E49}\x{E32}\x{E19}"
      text run at (0,16308) width 24: "\x{E23}\x{E2D}\x{E1A}"
      text run at (0,16326) width 25: "\x{E1A}\x{E49}\x{E32}\x{E19}"
      text run at (0,16344) width 31: "\x{E17}\x{E33}\x{E43}\x{E2B}\x{E49}"
      text run at (0,16362) width 25: "\x{E1A}\x{E49}\x{E32}\x{E19}"
      text run at (0,16380) width 24: "\x{E25}\x{E2D}\x{E22}"
      text run at (0,16398) width 15: "\x{E2A}\x{E39}\x{E07}"
      text run at (0,16416) width 25: "\x{E02}\x{E36}\x{E49}\x{E19}\x{E46}"
      text run at (0,16434) width 18: "\x{E08}\x{E19}"
      text run at (0,16452) width 38: "\x{E01}\x{E23}\x{E30}\x{E17}\x{E31}\x{E48}\x{E07}"
      text run at (0,16470) width 18: "\x{E02}\x{E36}\x{E49}\x{E19}"
      text run at (0,16488) width 16: "\x{E44}\x{E1B}"
      text run at (0,16506) width 16: "\x{E2D}\x{E22}\x{E39}\x{E48}"
      text run at (0,16524) width 17: "\x{E2A}\x{E38}\x{E14}"
      text run at (0,16542) width 25: "\x{E22}\x{E2D}\x{E14}"
      text run at (0,16560) width 23: "\x{E02}\x{E2D}\x{E07}"
      text run at (0,16578) width 24: "\x{E1E}\x{E32}\x{E22}\x{E38}"
      text run at (0,16596) width 50: "\x{E44}\x{E0B}\x{E42}\x{E04}\x{E25}\x{E19}"
      text run at (0,16614) width 22: "\x{E41}\x{E25}\x{E30}"
      text run at (0,16632) width 23: "\x{E08}\x{E32}\x{E01}"
      text run at (0,16650) width 23: "\x{E15}\x{E23}\x{E07}"
      text run at (0,16668) width 20: "\x{E19}\x{E31}\x{E49}\x{E19}"
      text run at (0,16686) width 9: "\x{E01}\x{E47}"
      text run at (0,16704) width 17: "\x{E16}\x{E39}\x{E01}"
      text run at (0,16722) width 26: "\x{E2B}\x{E2D}\x{E1A}"
      text run at (0,16740) width 16: "\x{E44}\x{E1B}"
      text run at (0,16758) width 31: "\x{E2B}\x{E25}\x{E32}\x{E22}"
      text run at (0,16776) width 24: "\x{E44}\x{E21}\x{E25}\x{E4C}"
      text run at (0,16794) width 44: "\x{E07}\x{E48}\x{E32}\x{E22}\x{E14}\x{E32}\x{E22}"
      text run at (0,16812) width 39: "\x{E23}\x{E32}\x{E27}\x{E01}\x{E31}\x{E1A}"
      text run at (0,16830) width 26: "\x{E2B}\x{E2D}\x{E1A}"
      text run at (0,16848) width 18: "\x{E02}\x{E19}"
      text run at (0,16866) width 19: "\x{E19}\x{E01}"
      text run at (0,16884) width 18: "\x{E21}\x{E37}\x{E14}"
      text run at (0,16902) width 24: "\x{E21}\x{E32}\x{E01}"
      text run at (0,16920) width 24: "\x{E41}\x{E25}\x{E49}\x{E27}"
      text run at (0,16938) width 17: "\x{E25}\x{E21}"
      text run at (0,16956) width 15: "\x{E22}\x{E31}\x{E07}"
      text run at (0,16974) width 15: "\x{E2A}\x{E48}\x{E07}"
      text run at (0,16992) width 28: "\x{E40}\x{E2A}\x{E35}\x{E22}\x{E07}"
      text run at (0,17010) width 26: "\x{E2B}\x{E27}\x{E35}\x{E14}"
      text run at (0,17028) width 25: "\x{E2B}\x{E27}\x{E37}\x{E2D}"
      text run at (0,17046) width 16: "\x{E19}\x{E48}\x{E32}"
      text run at (0,17064) width 25: "\x{E01}\x{E25}\x{E31}\x{E27}"
      text run at (0,17082) width 16: "\x{E2D}\x{E22}\x{E39}\x{E48}"
      text run at (0,17100) width 24: "\x{E23}\x{E2D}\x{E1A}"
      text run at (0,17118) width 17: "\x{E15}\x{E31}\x{E27}"
      text run at (0,17136) width 20: "\x{E40}\x{E18}\x{E2D}"
      text run at (0,17154) width 17: "\x{E41}\x{E15}\x{E48}"
      text run at (0,17172) width 16: "\x{E42}\x{E14}"
      text run at (0,17190) width 21: "\x{E42}\x{E23}\x{E18}\x{E35}"
      text run at (0,17208) width 24: "\x{E40}\x{E2B}\x{E47}\x{E19}"
      text run at (0,17226) width 14: "\x{E27}\x{E48}\x{E32}"
      text run at (0,17244) width 20: "\x{E40}\x{E18}\x{E2D}"
      text run at (0,17262) width 44: "\x{E2A}\x{E32}\x{E21}\x{E32}\x{E23}\x{E16}"
      text run at (0,17280) width 17: "\x{E19}\x{E31}\x{E48}\x{E07}"
      text run at (0,17298) width 16: "\x{E44}\x{E1B}"
      text run at (0,17316) width 16: "\x{E44}\x{E14}\x{E49}"
      text run at (0,17334) width 29: "\x{E2D}\x{E22}\x{E48}\x{E32}\x{E07}"
      text run at (0,17352) width 44: "\x{E07}\x{E48}\x{E32}\x{E22}\x{E14}\x{E32}\x{E22}"
      text run at (0,17370) width 19: "\x{E19}\x{E31}\x{E01}"
      text run at (0,17388) width 23: "\x{E04}\x{E23}\x{E31}\x{E49}\x{E07}"
      text run at (0,17406) width 26: "\x{E2B}\x{E19}\x{E36}\x{E48}\x{E07}"
      text run at (0,17424) width 24: "\x{E2B}\x{E25}\x{E31}\x{E07}"
      text run at (0,17442) width 23: "\x{E08}\x{E32}\x{E01}"
      text run at (0,17460) width 9: "\x{E17}\x{E35}\x{E48}"
      text run at (0,17478) width 25: "\x{E1A}\x{E49}\x{E32}\x{E19}"
      text run at (0,17496) width 32: "\x{E2A}\x{E30}\x{E14}\x{E38}\x{E14}"
      text run at (0,17514) width 29: "\x{E2D}\x{E22}\x{E48}\x{E32}\x{E07}"
      text run at (0,17532) width 22: "\x{E41}\x{E23}\x{E07}"
      text run at (0,17550) width 22: "\x{E41}\x{E25}\x{E30}"
      text run at (0,17568) width 28: "\x{E2B}\x{E21}\x{E38}\x{E19}"
      text run at (0,17586) width 16: "\x{E44}\x{E1B}"
      text run at (0,17604) width 31: "\x{E23}\x{E2D}\x{E1A}\x{E46}"
      text run at (0,17622) width 23: "\x{E2A}\x{E2D}\x{E07}"
      text run at (0,17640) width 23: "\x{E2A}\x{E32}\x{E21}"
      text run at (0,17658) width 23: "\x{E04}\x{E23}\x{E31}\x{E49}\x{E07}"
      text run at (0,17676) width 17: "\x{E43}\x{E19}"
      text run at (0,17694) width 27: "\x{E15}\x{E2D}\x{E19}"
      text run at (0,17712) width 24: "\x{E41}\x{E23}\x{E01}"
      text run at (0,17730) width 20: "\x{E40}\x{E18}\x{E2D}"
      text run at (0,17748) width 9: "\x{E01}\x{E47}"
      text run at (0,17766) width 24: "\x{E23}\x{E39}\x{E49}\x{E2A}\x{E36}\x{E01}"
      text run at (0,17784) width 14: "\x{E27}\x{E48}\x{E32}"
      text run at (0,17802) width 17: "\x{E15}\x{E31}\x{E27}"
      text run at (0,17820) width 20: "\x{E40}\x{E2D}\x{E07}"
      text run at (0,17838) width 17: "\x{E16}\x{E39}\x{E01}"
      text run at (0,17856) width 32: "\x{E41}\x{E01}\x{E27}\x{E48}\x{E07}"
      text run at (0,17874) width 29: "\x{E2D}\x{E22}\x{E48}\x{E32}\x{E07}"
      text run at (0,17892) width 25: "\x{E41}\x{E1C}\x{E48}\x{E27}"
      text run at (0,17910) width 20: "\x{E40}\x{E1A}\x{E32}"
      text run at (0,17928) width 21: "\x{E23}\x{E32}\x{E27}"
      text run at (0,17946) width 31: "\x{E17}\x{E32}\x{E23}\x{E01}"
      text run at (0,17964) width 17: "\x{E43}\x{E19}"
      text run at (0,17982) width 22: "\x{E40}\x{E1B}\x{E25}"
      text run at (0,18000) width 16: "\x{E42}\x{E15}"
      text run at (0,18018) width 16: "\x{E42}\x{E15}\x{E49}"
      text run at (0,18036) width 16: "\x{E44}\x{E21}\x{E48}"
      text run at (0,18054) width 40: "\x{E0A}\x{E2D}\x{E1A}\x{E43}\x{E08}"
      text run at (0,18072) width 21: "\x{E40}\x{E25}\x{E22}"
      text run at (0,18090) width 19: "\x{E21}\x{E31}\x{E19}"
      text run at (0,18108) width 15: "\x{E27}\x{E34}\x{E48}\x{E07}"
      text run at (0,18126) width 16: "\x{E44}\x{E1B}"
      text run at (0,18144) width 15: "\x{E27}\x{E34}\x{E48}\x{E07}"
      text run at (0,18162) width 22: "\x{E21}\x{E32}\x{E23}"
      text run at (0,18180) width 17: "\x{E2D}\x{E1A}"
      text run at (0,18198) width 24: "\x{E2B}\x{E49}\x{E2D}\x{E07}"
      text run at (0,18216) width 22: "\x{E17}\x{E32}\x{E07}"
      text run at (0,18234) width 27: "\x{E42}\x{E19}\x{E49}\x{E19}"
      text run at (0,18252) width 9: "\x{E17}\x{E35}"
      text run at (0,18270) width 22: "\x{E17}\x{E32}\x{E07}"
      text run at (0,18288) width 10: "\x{E19}\x{E35}\x{E49}"
      text run at (0,18306) width 9: "\x{E17}\x{E35}"
      text run at (0,18324) width 15: "\x{E2A}\x{E48}\x{E07}"
      text run at (0,18342) width 28: "\x{E40}\x{E2A}\x{E35}\x{E22}\x{E07}"
      text run at (0,18360) width 20: "\x{E40}\x{E2B}\x{E48}\x{E32}"
      text run at (0,18378) width 16: "\x{E14}\x{E31}\x{E07}"
      text run at (0,18396) width 24: "\x{E01}\x{E49}\x{E2D}\x{E07}"
      text run at (0,18414) width 17: "\x{E41}\x{E15}\x{E48}"
      text run at (0,18432) width 16: "\x{E42}\x{E14}"
      text run at (0,18450) width 21: "\x{E42}\x{E23}\x{E18}\x{E35}"
      text run at (0,18468) width 17: "\x{E19}\x{E31}\x{E48}\x{E07}"
      text run at (0,18486) width 17: "\x{E19}\x{E34}\x{E48}\x{E07}"
      text run at (0,18504) width 16: "\x{E2D}\x{E22}\x{E39}\x{E48}"
      text run at (0,18522) width 19: "\x{E1A}\x{E19}"
      text run at (0,18540) width 20: "\x{E1E}\x{E37}\x{E49}\x{E19}"
      text run at (0,18558) width 20: "\x{E40}\x{E1D}\x{E49}\x{E32}"
      text run at (0,18576) width 25: "\x{E04}\x{E2D}\x{E22}"
      text run at (0,18594) width 9: "\x{E14}\x{E39}"
      text run at (0,18612) width 14: "\x{E27}\x{E48}\x{E32}"
      text run at (0,18630) width 14: "\x{E08}\x{E30}"
      text run at (0,18648) width 23: "\x{E40}\x{E01}\x{E34}\x{E14}"
      text run at (0,18666) width 28: "\x{E2D}\x{E30}\x{E44}\x{E23}"
      text run at (0,18684) width 18: "\x{E02}\x{E36}\x{E49}\x{E19}"
      text run at (0,18702) width 23: "\x{E04}\x{E23}\x{E31}\x{E49}\x{E07}"
      text run at (0,18720) width 26: "\x{E2B}\x{E19}\x{E36}\x{E48}\x{E07}"
      text run at (0,18738) width 16: "\x{E42}\x{E15}"
      text run at (0,18756) width 16: "\x{E42}\x{E15}\x{E49}"
      text run at (0,18774) width 35: "\x{E40}\x{E02}\x{E49}\x{E32}\x{E44}\x{E1B}"
      text run at (0,18792) width 24: "\x{E43}\x{E01}\x{E25}\x{E49}"
      text run at (0,18810) width 15: "\x{E1D}\x{E32}"
      text run at (0,18828) width 9: "\x{E17}\x{E35}\x{E48}"
      text run at (0,18846) width 20: "\x{E1E}\x{E37}\x{E49}\x{E19}"
      text run at (0,18864) width 24: "\x{E21}\x{E32}\x{E01}"
      text run at (0,18882) width 16: "\x{E44}\x{E1B}"
      text run at (0,18900) width 21: "\x{E40}\x{E25}\x{E22}"
      text run at (0,18918) width 27: "\x{E1E}\x{E25}\x{E31}\x{E14}"
      text run at (0,18936) width 33: "\x{E15}\x{E01}\x{E25}\x{E07}"
      text run at (0,18954) width 16: "\x{E44}\x{E1B}"
      text run at (0,18972) width 9: "\x{E17}\x{E35}"
      text run at (0,18990) width 24: "\x{E41}\x{E23}\x{E01}"
      text run at (0,19008) width 23: "\x{E40}\x{E14}\x{E47}\x{E01}"
      text run at (0,19026) width 27: "\x{E2B}\x{E0D}\x{E34}\x{E07}"
      text run at (0,19044) width 18: "\x{E04}\x{E34}\x{E14}"
      text run at (0,19062) width 14: "\x{E27}\x{E48}\x{E32}"
      text run at (0,19080) width 20: "\x{E40}\x{E18}\x{E2D}"
      text run at (0,19098) width 14: "\x{E08}\x{E30}"
      text run at (0,19116) width 19: "\x{E2A}\x{E39}\x{E0D}"
      text run at (0,19134) width 21: "\x{E40}\x{E2A}\x{E35}\x{E22}"
      text run at (0,19152) width 19: "\x{E21}\x{E31}\x{E19}"
      text run at (0,19170) width 16: "\x{E44}\x{E1B}"
      text run at (0,19188) width 21: "\x{E40}\x{E2A}\x{E35}\x{E22}"
      text run at (0,19206) width 24: "\x{E41}\x{E25}\x{E49}\x{E27}"
      text run at (0,19224) width 17: "\x{E41}\x{E15}\x{E48}"
      text run at (0,19242) width 16: "\x{E0A}\x{E31}\x{E48}\x{E27}"
      text run at (0,19260) width 16: "\x{E04}\x{E23}\x{E39}\x{E48}"
      text run at (0,19278) width 20: "\x{E40}\x{E18}\x{E2D}"
      text run at (0,19296) width 9: "\x{E01}\x{E47}"
      text run at (0,19314) width 24: "\x{E40}\x{E2B}\x{E47}\x{E19}"
      text run at (0,19332) width 9: "\x{E2B}\x{E39}"
      text run at (0,19350) width 23: "\x{E02}\x{E2D}\x{E07}"
      text run at (0,19368) width 19: "\x{E21}\x{E31}\x{E19}"
      text run at (0,19386) width 24: "\x{E42}\x{E1C}\x{E25}\x{E48}"
      text run at (0,19404) width 18: "\x{E02}\x{E36}\x{E49}\x{E19}"
      text run at (0,19422) width 15: "\x{E21}\x{E32}"
      text run at (0,19440) width 23: "\x{E08}\x{E32}\x{E01}"
      text run at (0,19458) width 23: "\x{E0A}\x{E48}\x{E2D}\x{E07}"
      text run at (0,19476) width 20: "\x{E19}\x{E31}\x{E49}\x{E19}"
      text run at (0,19494) width 26: "\x{E17}\x{E31}\x{E49}\x{E07}\x{E19}\x{E35}\x{E49}"
      text run at (0,19512) width 34: "\x{E40}\x{E1E}\x{E23}\x{E32}\x{E30}"
      text run at (0,19530) width 22: "\x{E41}\x{E23}\x{E07}"
      text run at (0,19548) width 18: "\x{E01}\x{E14}"
      text run at (0,19566) width 29: "\x{E2D}\x{E22}\x{E48}\x{E32}\x{E07}"
      text run at (0,19584) width 28: "\x{E2B}\x{E19}\x{E31}\x{E01}"
      text run at (0,19602) width 23: "\x{E02}\x{E2D}\x{E07}"
      text run at (0,19620) width 38: "\x{E2D}\x{E32}\x{E01}\x{E32}\x{E28}"
      text run at (0,19638) width 31: "\x{E17}\x{E33}\x{E43}\x{E2B}\x{E49}"
      text run at (0,19656) width 16: "\x{E42}\x{E15}"
      text run at (0,19674) width 16: "\x{E42}\x{E15}\x{E49}"
      text run at (0,19692) width 16: "\x{E44}\x{E21}\x{E48}"
      text run at (0,19710) width 33: "\x{E15}\x{E01}\x{E25}\x{E07}"
      text run at (0,19728) width 16: "\x{E44}\x{E1B}"
      text run at (0,19746) width 21: "\x{E02}\x{E49}\x{E32}\x{E07}"
      text run at (0,19764) width 21: "\x{E25}\x{E48}\x{E32}\x{E07}"
      text run at (0,19782) width 16: "\x{E42}\x{E14}"
      text run at (0,19800) width 21: "\x{E42}\x{E23}\x{E18}\x{E35}"
      text run at (0,19818) width 33: "\x{E04}\x{E25}\x{E32}\x{E19}"
      text run at (0,19836) width 16: "\x{E44}\x{E1B}"
      text run at (0,19854) width 9: "\x{E17}\x{E35}\x{E48}"
      text run at (0,19872) width 23: "\x{E0A}\x{E48}\x{E2D}\x{E07}"
      text run at (0,19890) width 20: "\x{E19}\x{E31}\x{E49}\x{E19}"
      text run at (0,19908) width 17: "\x{E08}\x{E31}\x{E1A}"
      text run at (0,19926) width 9: "\x{E2B}\x{E39}"
      text run at (0,19944) width 16: "\x{E42}\x{E15}"
      text run at (0,19962) width 16: "\x{E42}\x{E15}\x{E49}"
      text run at (0,19980) width 15: "\x{E44}\x{E27}\x{E49}"
      text run at (0,19998) width 16: "\x{E44}\x{E14}\x{E49}"
      text run at (0,20016) width 22: "\x{E41}\x{E25}\x{E30}"
      text run at (0,20034) width 23: "\x{E25}\x{E32}\x{E01}"
      text run at (0,20052) width 19: "\x{E21}\x{E31}\x{E19}"
      text run at (0,20070) width 15: "\x{E21}\x{E32}"
      text run at (0,20088) width 9: "\x{E17}\x{E35}\x{E48}"
      text run at (0,20106) width 24: "\x{E2B}\x{E49}\x{E2D}\x{E07}"
      text run at (0,20124) width 17: "\x{E2D}\x{E35}\x{E01}"
      text run at (0,20142) width 24: "\x{E2B}\x{E25}\x{E31}\x{E07}"
      text run at (0,20160) width 23: "\x{E08}\x{E32}\x{E01}"
      text run at (0,20178) width 20: "\x{E19}\x{E31}\x{E49}\x{E19}"
      text run at (0,20196) width 9: "\x{E01}\x{E47}"
      text run at (0,20214) width 18: "\x{E1B}\x{E34}\x{E14}"
      text run at (0,20232) width 15: "\x{E1D}\x{E32}"
      text run at (0,20250) width 20: "\x{E1E}\x{E37}\x{E49}\x{E19}"
      text run at (0,20268) width 23: "\x{E40}\x{E1E}\x{E37}\x{E48}\x{E2D}"
      text run at (0,20286) width 14: "\x{E08}\x{E30}"
      text run at (0,20304) width 16: "\x{E44}\x{E14}\x{E49}"
      text run at (0,20322) width 16: "\x{E44}\x{E21}\x{E48}"
      text run at (0,20340) width 23: "\x{E40}\x{E01}\x{E34}\x{E14}"
      text run at (0,20358) width 49: "\x{E2D}\x{E38}\x{E1A}\x{E31}\x{E15}\x{E34}\x{E40}\x{E2B}\x{E15}\x{E38}"
      text run at (0,20376) width 17: "\x{E2D}\x{E35}\x{E01}"
      text run at (0,20394) width 39: "\x{E0A}\x{E31}\x{E48}\x{E27}\x{E42}\x{E21}\x{E07}"
      text run at (0,20412) width 24: "\x{E41}\x{E25}\x{E49}\x{E27}"
      text run at (0,20430) width 39: "\x{E0A}\x{E31}\x{E48}\x{E27}\x{E42}\x{E21}\x{E07}"
      text run at (0,20448) width 19: "\x{E40}\x{E25}\x{E48}\x{E32}"
      text run at (0,20466) width 25: "\x{E1C}\x{E48}\x{E32}\x{E19}"
      text run at (0,20484) width 16: "\x{E44}\x{E1B}"
      text run at (0,20502) width 16: "\x{E42}\x{E14}"
      text run at (0,20520) width 21: "\x{E42}\x{E23}\x{E18}\x{E35}"
      text run at (0,20538) width 32: "\x{E04}\x{E48}\x{E2D}\x{E22}\x{E46}"
      text run at (0,20556) width 23: "\x{E2B}\x{E32}\x{E22}"
      text run at (0,20574) width 25: "\x{E01}\x{E25}\x{E31}\x{E27}"
      text run at (0,20592) width 17: "\x{E41}\x{E15}\x{E48}"
      text run at (0,20610) width 20: "\x{E40}\x{E18}\x{E2D}"
      text run at (0,20628) width 24: "\x{E23}\x{E39}\x{E49}\x{E2A}\x{E36}\x{E01}"
      text run at (0,20646) width 27: "\x{E40}\x{E2B}\x{E07}\x{E32}"
      text run at (0,20664) width 30: "\x{E40}\x{E2B}\x{E25}\x{E37}\x{E2D}"
      text run at (0,20682) width 24: "\x{E40}\x{E01}\x{E34}\x{E19}"
      text run at (0,20700) width 22: "\x{E41}\x{E25}\x{E30}"
      text run at (0,20718) width 17: "\x{E25}\x{E21}"
      text run at (0,20736) width 9: "\x{E01}\x{E47}"
      text run at (0,20754) width 15: "\x{E2A}\x{E48}\x{E07}"
      text run at (0,20772) width 28: "\x{E40}\x{E2A}\x{E35}\x{E22}\x{E07}"
      text run at (0,20790) width 26: "\x{E2B}\x{E27}\x{E35}\x{E14}"
      text run at (0,20808) width 25: "\x{E2B}\x{E27}\x{E37}\x{E2D}"
      text run at (0,20826) width 16: "\x{E14}\x{E31}\x{E07}"
      text run at (0,20844) width 21: "\x{E40}\x{E2A}\x{E35}\x{E22}"
      text run at (0,20862) width 18: "\x{E08}\x{E19}"
      text run at (0,20880) width 20: "\x{E40}\x{E18}\x{E2D}"
      text run at (0,20898) width 26: "\x{E41}\x{E17}\x{E1A}"
      text run at (0,20916) width 14: "\x{E08}\x{E30}"
      text run at (0,20934) width 9: "\x{E2B}\x{E39}"
      text run at (0,20952) width 36: "\x{E2B}\x{E19}\x{E27}\x{E01}"
      text run at (0,20970) width 9: "\x{E17}\x{E35}"
      text run at (0,20988) width 24: "\x{E41}\x{E23}\x{E01}"
      text run at (0,21006) width 20: "\x{E40}\x{E18}\x{E2D}"
      text run at (0,21024) width 31: "\x{E2A}\x{E07}\x{E2A}\x{E31}\x{E22}"
      text run at (0,21042) width 14: "\x{E27}\x{E48}\x{E32}"
      text run at (0,21060) width 30: "\x{E04}\x{E07}\x{E08}\x{E30}"
      text run at (0,21078) width 17: "\x{E16}\x{E39}\x{E01}"
      text run at (0,21096) width 19: "\x{E09}\x{E35}\x{E01}"
      text run at (0,21114) width 45: "\x{E01}\x{E23}\x{E30}\x{E0A}\x{E32}\x{E01}"
      text run at (0,21132) width 25: "\x{E2D}\x{E2D}\x{E01}"
      text run at (0,21150) width 24: "\x{E40}\x{E1B}\x{E47}\x{E19}"
      text run at (0,21168) width 18: "\x{E0A}\x{E34}\x{E49}\x{E19}"
      text run at (0,21186) width 22: "\x{E40}\x{E25}\x{E47}\x{E01}"
      text run at (0,21204) width 18: "\x{E0A}\x{E34}\x{E49}\x{E19}"
      text run at (0,21222) width 26: "\x{E19}\x{E49}\x{E2D}\x{E22}"
      text run at (0,21240) width 22: "\x{E40}\x{E21}\x{E37}\x{E48}\x{E2D}"
      text run at (0,21258) width 25: "\x{E1A}\x{E49}\x{E32}\x{E19}"
      text run at (0,21276) width 23: "\x{E40}\x{E2D}\x{E19}"
      text run at (0,21294) width 17: "\x{E25}\x{E49}\x{E21}"
      text run at (0,21312) width 15: "\x{E25}\x{E07}"
      text run at (0,21330) width 17: "\x{E2D}\x{E35}\x{E01}"
      text run at (0,21348) width 23: "\x{E04}\x{E23}\x{E31}\x{E49}\x{E07}"
      text run at (0,21366) width 17: "\x{E41}\x{E15}\x{E48}"
      text run at (0,21384) width 31: "\x{E2B}\x{E25}\x{E32}\x{E22}"
      text run at (0,21402) width 39: "\x{E0A}\x{E31}\x{E48}\x{E27}\x{E42}\x{E21}\x{E07}"
      text run at (0,21420) width 25: "\x{E1C}\x{E48}\x{E32}\x{E19}"
      text run at (0,21438) width 16: "\x{E44}\x{E1B}"
      text run at (0,21456) width 9: "\x{E01}\x{E47}"
      text run at (0,21474) width 25: "\x{E44}\x{E21}\x{E48}\x{E21}\x{E35}"
      text run at (0,21492) width 28: "\x{E2D}\x{E30}\x{E44}\x{E23}"
      text run at (0,21510) width 23: "\x{E40}\x{E01}\x{E34}\x{E14}"
      text run at (0,21528) width 18: "\x{E02}\x{E36}\x{E49}\x{E19}"
      text run at (0,21546) width 20: "\x{E40}\x{E18}\x{E2D}"
      text run at (0,21564) width 21: "\x{E40}\x{E25}\x{E22}"
      text run at (0,21582) width 22: "\x{E40}\x{E25}\x{E34}\x{E01}"
      text run at (0,21600) width 26: "\x{E27}\x{E34}\x{E15}\x{E01}"
      text run at (0,21618) width 22: "\x{E41}\x{E25}\x{E30}"
      text run at (0,21636) width 36: "\x{E15}\x{E31}\x{E14}\x{E2A}\x{E34}\x{E19}"
      text run at (0,21654) width 15: "\x{E43}\x{E08}"
      text run at (0,21672) width 25: "\x{E04}\x{E2D}\x{E22}"
      text run at (0,21690) width 9: "\x{E14}\x{E39}"
      text run at (0,21708) width 29: "\x{E2D}\x{E22}\x{E48}\x{E32}\x{E07}"
      text run at (0,21726) width 24: "\x{E2A}\x{E07}\x{E1A}"
      text run at (0,21744) width 22: "\x{E41}\x{E25}\x{E30}"
      text run at (0,21762) width 15: "\x{E23}\x{E2D}"
      text run at (0,21780) width 14: "\x{E27}\x{E48}\x{E32}"
      text run at (0,21798) width 42: "\x{E2D}\x{E19}\x{E32}\x{E04}\x{E15}"
      text run at (0,21816) width 14: "\x{E08}\x{E30}"
      text run at (0,21834) width 24: "\x{E40}\x{E1B}\x{E47}\x{E19}"
      text run at (0,21852) width 43: "\x{E2D}\x{E22}\x{E48}\x{E32}\x{E07}\x{E44}\x{E23}"
      text run at (0,21870) width 17: "\x{E43}\x{E19}"
      text run at (0,21888) width 26: "\x{E17}\x{E35}\x{E48}\x{E2A}\x{E38}\x{E14}"
      text run at (0,21906) width 20: "\x{E40}\x{E18}\x{E2D}"
      text run at (0,21924) width 33: "\x{E04}\x{E25}\x{E32}\x{E19}"
      text run at (0,21942) width 23: "\x{E08}\x{E32}\x{E01}"
      text run at (0,21960) width 20: "\x{E1E}\x{E37}\x{E49}\x{E19}"
      text run at (0,21978) width 24: "\x{E2B}\x{E49}\x{E2D}\x{E07}"
      text run at (0,21996) width 9: "\x{E17}\x{E35}\x{E48}"
      text run at (0,22014) width 24: "\x{E42}\x{E22}\x{E01}"
      text run at (0,22032) width 16: "\x{E44}\x{E1B}"
      text run at (0,22050) width 15: "\x{E21}\x{E32}"
      text run at (0,22068) width 18: "\x{E02}\x{E36}\x{E49}\x{E19}"
      text run at (0,22086) width 16: "\x{E44}\x{E1B}"
      text run at (0,22104) width 19: "\x{E1A}\x{E19}"
      text run at (0,22122) width 29: "\x{E40}\x{E15}\x{E35}\x{E22}\x{E07}"
      text run at (0,22140) width 24: "\x{E41}\x{E25}\x{E49}\x{E27}"
      text run at (0,22158) width 9: "\x{E01}\x{E47}"
      text run at (0,22176) width 28: "\x{E19}\x{E2D}\x{E19}"
      text run at (0,22194) width 15: "\x{E25}\x{E07}"
      text run at (0,22212) width 16: "\x{E42}\x{E15}"
      text run at (0,22230) width 16: "\x{E42}\x{E15}\x{E49}"
      text run at (0,22248) width 24: "\x{E15}\x{E32}\x{E21}"
      text run at (0,22266) width 18: "\x{E15}\x{E34}\x{E14}"
      text run at (0,22284) width 15: "\x{E21}\x{E32}"
      text run at (0,22302) width 28: "\x{E19}\x{E2D}\x{E19}"
      text run at (0,22320) width 15: "\x{E25}\x{E07}"
      text run at (0,22338) width 31: "\x{E43}\x{E01}\x{E25}\x{E49}\x{E46}"
      text run at (0,22356) width 20: "\x{E40}\x{E18}\x{E2D}"
      text run at (0,22374) width 16: "\x{E44}\x{E21}\x{E48}"
      text run at (0,22392) width 14: "\x{E0A}\x{E49}\x{E32}"
      text run at (0,22410) width 16: "\x{E42}\x{E14}"
      text run at (0,22428) width 21: "\x{E42}\x{E23}\x{E18}\x{E35}"
      text run at (0,22446) width 9: "\x{E01}\x{E47}"
      text run at (0,22464) width 18: "\x{E1B}\x{E34}\x{E14}"
      text run at (0,22482) width 15: "\x{E15}\x{E32}"
      text run at (0,22500) width 15: "\x{E25}\x{E07}"
      text run at (0,22518) width 26: "\x{E2B}\x{E25}\x{E31}\x{E1A}"
      text run at (0,22536) width 33: "\x{E1C}\x{E25}\x{E47}\x{E2D}\x{E22}"
      text run at (0,22554) width 16: "\x{E44}\x{E1B}"
      text run at (0,22572) width 29: "\x{E2D}\x{E22}\x{E48}\x{E32}\x{E07}"
      text run at (0,22590) width 27: "\x{E2A}\x{E19}\x{E34}\x{E17}"
      text run at (0,22608) width 23: "\x{E17}\x{E31}\x{E49}\x{E07}\x{E46}"
      text run at (0,22626) width 9: "\x{E17}\x{E35}\x{E48}"
      text run at (0,22644) width 25: "\x{E1A}\x{E49}\x{E32}\x{E19}"
      text run at (0,22662) width 24: "\x{E42}\x{E22}\x{E01}"
      text run at (0,22680) width 16: "\x{E44}\x{E1B}"
      text run at (0,22698) width 15: "\x{E21}\x{E32}"
      text run at (0,22716) width 22: "\x{E41}\x{E25}\x{E30}"
      text run at (0,22734) width 17: "\x{E25}\x{E21}"
      text run at (0,22752) width 9: "\x{E01}\x{E47}"
      text run at (0,22770) width 29: "\x{E04}\x{E23}\x{E32}\x{E07}"
      text run at (0,22788) width 26: "\x{E2B}\x{E27}\x{E35}\x{E14}"
      text run at (0,22806) width 25: "\x{E2B}\x{E27}\x{E37}\x{E2D}"
layer at (471,96) size 1x24012
  RenderBlock (positioned) {DIV} at (471,96) size 1x24012
    RenderText {#text} at (0,0) size 61x24011
      text run at (0,0) width 18: "\x{E1A}\x{E17}"
      text run at (0,18) width 9: "\x{E17}\x{E35}\x{E48}"
      text run at (0,36) width 8: "\x{E51}"
      text run at (0,54) width 24: "\x{E1E}\x{E32}\x{E22}\x{E38}"
      text run at (0,72) width 50: "\x{E44}\x{E0B}\x{E42}\x{E04}\x{E25}\x{E19}"
      text run at (0,90) width 16: "\x{E42}\x{E14}"
      text run at (0,108) width 21: "\x{E42}\x{E23}\x{E18}\x{E35}"
      text run at (0,126) width 31: "\x{E2D}\x{E32}\x{E28}\x{E31}\x{E22}"
      text run at (0,144) width 16: "\x{E2D}\x{E22}\x{E39}\x{E48}"
      text run at (0,162) width 24: "\x{E17}\x{E48}\x{E32}\x{E21}"
      text run at (0,180) width 30: "\x{E01}\x{E25}\x{E32}\x{E07}"
      text run at (0,198) width 16: "\x{E17}\x{E38}\x{E48}\x{E07}"
      text run at (0,216) width 27: "\x{E43}\x{E2B}\x{E0D}\x{E48}"
      text run at (0,234) width 17: "\x{E43}\x{E19}"
      text run at (0,252) width 44: "\x{E41}\x{E04}\x{E19}\x{E0B}\x{E31}\x{E2A}"
      text run at (0,270) width 18: "\x{E01}\x{E31}\x{E1A}"
      text run at (0,288) width 15: "\x{E25}\x{E38}\x{E07}"
      text run at (0,306) width 13: "\x{E40}\x{E2E}"
      text run at (0,324) width 17: "\x{E19}\x{E23}\x{E35}"
      text run at (0,342) width 22: "\x{E0A}\x{E32}\x{E27}"
      text run at (0,360) width 14: "\x{E44}\x{E23}\x{E48}"
      text run at (0,378) width 22: "\x{E41}\x{E25}\x{E30}"
      text run at (0,396) width 15: "\x{E1B}\x{E49}\x{E32}"
      text run at (0,414) width 22: "\x{E40}\x{E2D}\x{E47}\x{E21}"
      text run at (0,432) width 37: "\x{E20}\x{E23}\x{E23}\x{E22}\x{E32}"
      text run at (0,450) width 36: "\x{E0A}\x{E32}\x{E27}\x{E44}\x{E23}\x{E48}"
      text run at (0,468) width 25: "\x{E1A}\x{E49}\x{E32}\x{E19}"
      text run at (0,486) width 23: "\x{E02}\x{E2D}\x{E07}"
      text run at (0,504) width 27: "\x{E1E}\x{E27}\x{E01}"
      text run at (0,522) width 19: "\x{E40}\x{E02}\x{E32}"
      text run at (0,540) width 24: "\x{E2B}\x{E25}\x{E31}\x{E07}"
      text run at (0,558) width 22: "\x{E40}\x{E25}\x{E47}\x{E01}"
      text run at (0,576) width 34: "\x{E40}\x{E1E}\x{E23}\x{E32}\x{E30}"
      text run at (0,594) width 16: "\x{E44}\x{E21}\x{E49}"
      text run at (0,612) width 28: "\x{E2A}\x{E23}\x{E49}\x{E32}\x{E07}"
      text run at (0,630) width 25: "\x{E1A}\x{E49}\x{E32}\x{E19}"
      text run at (0,648) width 24: "\x{E15}\x{E49}\x{E2D}\x{E07}"
      text run at (0,666) width 18: "\x{E02}\x{E19}"
      text run at (0,684) width 15: "\x{E21}\x{E32}"
      text run at (0,702) width 25: "\x{E14}\x{E49}\x{E27}\x{E22}"
      text run at (0,720) width 40: "\x{E40}\x{E01}\x{E27}\x{E35}\x{E22}\x{E19}"
      text run at (0,738) width 24: "\x{E40}\x{E1B}\x{E47}\x{E19}"
      text run at (0,756) width 27: "\x{E23}\x{E30}\x{E22}\x{E30}"
      text run at (0,774) width 22: "\x{E17}\x{E32}\x{E07}"
      text run at (0,792) width 31: "\x{E2B}\x{E25}\x{E32}\x{E22}"
      text run at (0,810) width 24: "\x{E44}\x{E21}\x{E25}\x{E4C}"
      text run at (0,828) width 25: "\x{E1A}\x{E49}\x{E32}\x{E19}"
      text run at (0,846) width 9: "\x{E21}\x{E35}"
      text run at (0,864) width 8: "\x{E2A}\x{E35}\x{E48}"
      text run at (0,882) width 15: "\x{E1D}\x{E32}"
      text run at (0,900) width 9: "\x{E21}\x{E35}"
      text run at (0,918) width 20: "\x{E1E}\x{E37}\x{E49}\x{E19}"
      text run at (0,936) width 18: "\x{E01}\x{E31}\x{E1A}"
      text run at (0,954) width 39: "\x{E2B}\x{E25}\x{E31}\x{E07}\x{E04}\x{E32}"
      text run at (0,972) width 24: "\x{E23}\x{E27}\x{E21}"
      text run at (0,990) width 15: "\x{E17}\x{E33}"
      text run at (0,1008) width 24: "\x{E40}\x{E1B}\x{E47}\x{E19}"
      text run at (0,1026) width 24: "\x{E2B}\x{E49}\x{E2D}\x{E07}"
      text run at (0,1044) width 30: "\x{E40}\x{E14}\x{E35}\x{E22}\x{E27}"
      text run at (0,1062) width 17: "\x{E43}\x{E19}"
      text run at (0,1080) width 24: "\x{E2B}\x{E49}\x{E2D}\x{E07}"
      text run at (0,1098) width 9: "\x{E21}\x{E35}"
      text run at (0,1116) width 16: "\x{E17}\x{E31}\x{E49}\x{E07}"
      text run at (0,1134) width 20: "\x{E40}\x{E15}\x{E32}"
      text run at (0,1152) width 16: "\x{E2B}\x{E38}\x{E07}"
      text run at (0,1170) width 18: "\x{E15}\x{E49}\x{E21}"
      text run at (0,1188) width 9: "\x{E17}\x{E35}\x{E48}"
      text run at (0,1206) width 27: "\x{E2A}\x{E19}\x{E34}\x{E21}"
      text run at (0,1224) width 9: "\x{E14}\x{E39}"
      text run at (0,1242) width 18: "\x{E02}\x{E36}\x{E49}\x{E19}"
      text run at (0,1260) width 27: "\x{E40}\x{E25}\x{E2D}\x{E30}"
      text run at (0,1278) width 9: "\x{E21}\x{E35}"
      text run at (0,1296) width 9: "\x{E15}\x{E39}\x{E49}"
      text run at (0,1314) width 15: "\x{E43}\x{E2A}\x{E48}"
      text run at (0,1332) width 24: "\x{E16}\x{E49}\x{E27}\x{E22}"
      text run at (0,1350) width 23: "\x{E0A}\x{E32}\x{E21}"
      text run at (0,1368) width 22: "\x{E42}\x{E15}\x{E4A}\x{E30}"
      text run at (0,1386) width 28: "\x{E40}\x{E01}\x{E49}\x{E32}\x{E2D}\x{E35}\x{E49}"
      text run at (0,1404) width 23: "\x{E2A}\x{E32}\x{E21}"
      text run at (0,1422) width 24: "\x{E2B}\x{E23}\x{E37}\x{E2D}"
      text run at (0,1440) width 8: "\x{E2A}\x{E35}\x{E48}"
      text run at (0,1458) width 17: "\x{E15}\x{E31}\x{E27}"
      text run at (0,1476) width 24: "\x{E41}\x{E25}\x{E49}\x{E27}"
      text run at (0,1494) width 9: "\x{E01}\x{E47}"
      text run at (0,1512) width 9: "\x{E21}\x{E35}"
      text run at (0,1530) width 29: "\x{E40}\x{E15}\x{E35}\x{E22}\x{E07}"
      text run at (0,1548) width 28: "\x{E19}\x{E2D}\x{E19}"
      text run at (0,1566) width 15: "\x{E25}\x{E38}\x{E07}"
      text run at (0,1584) width 13: "\x{E40}\x{E2E}"
      text run at (0,1602) width 17: "\x{E19}\x{E23}\x{E35}"
      text run at (0,1620) width 18: "\x{E01}\x{E31}\x{E1A}"
      text run at (0,1638) width 15: "\x{E1B}\x{E49}\x{E32}"
      text run at (0,1656) width 22: "\x{E40}\x{E2D}\x{E47}\x{E21}"
      text run at (0,1674) width 9: "\x{E21}\x{E35}"
      text run at (0,1692) width 29: "\x{E40}\x{E15}\x{E35}\x{E22}\x{E07}"
      text run at (0,1710) width 28: "\x{E19}\x{E2D}\x{E19}"
      text run at (0,1728) width 27: "\x{E43}\x{E2B}\x{E0D}\x{E48}"
      text run at (0,1746) width 16: "\x{E2D}\x{E22}\x{E39}\x{E48}"
      text run at (0,1764) width 9: "\x{E17}\x{E35}\x{E48}"
      text run at (0,1782) width 18: "\x{E21}\x{E38}\x{E21}"
      text run at (0,1800) width 26: "\x{E2B}\x{E19}\x{E36}\x{E48}\x{E07}"
      text run at (0,1818) width 26: "\x{E2A}\x{E48}\x{E27}\x{E19}"
      text run at (0,1836) width 16: "\x{E42}\x{E14}"
      text run at (0,1854) width 21: "\x{E42}\x{E23}\x{E18}\x{E35}"
      text run at (0,1872) width 9: "\x{E21}\x{E35}"
      text run at (0,1890) width 29: "\x{E40}\x{E15}\x{E35}\x{E22}\x{E07}"
      text run at (0,1908) width 22: "\x{E40}\x{E25}\x{E47}\x{E01}"
      text run at (0,1926) width 17: "\x{E2D}\x{E35}\x{E01}"
      text run at (0,1944) width 9: "\x{E17}\x{E35}\x{E48}"
      text run at (0,1962) width 18: "\x{E21}\x{E38}\x{E21}"
      text run at (0,1980) width 26: "\x{E2B}\x{E19}\x{E36}\x{E48}\x{E07}"
      text run at (0,1998) width 16: "\x{E44}\x{E21}\x{E48}"
      text run at (0,2016) width 9: "\x{E21}\x{E35}"
      text run at (0,2034) width 24: "\x{E2B}\x{E49}\x{E2D}\x{E07}"
      text run at (0,2052) width 16: "\x{E43}\x{E15}\x{E49}"
      text run at (0,2070) width 40: "\x{E40}\x{E1E}\x{E14}\x{E32}\x{E19}"
      text run at (0,2088) width 21: "\x{E40}\x{E25}\x{E22}"
      text run at (0,2106) width 24: "\x{E2B}\x{E49}\x{E2D}\x{E07}"
      text run at (0,2124) width 34: "\x{E43}\x{E15}\x{E49}\x{E16}\x{E38}\x{E19}"
      text run at (0,2142) width 9: "\x{E01}\x{E47}"
      text run at (0,2160) width 16: "\x{E44}\x{E21}\x{E48}"
      text run at (0,2178) width 9: "\x{E21}\x{E35}"
      text run at (0,2196) width 23: "\x{E40}\x{E27}\x{E49}\x{E19}"
      text run at (0,2214) width 17: "\x{E41}\x{E15}\x{E48}"
      text run at (0,2232) width 9: "\x{E21}\x{E35}"
      text run at (0,2250) width 31: "\x{E42}\x{E1E}\x{E23}\x{E07}"
      text run at (0,2268) width 29: "\x{E40}\x{E25}\x{E47}\x{E01}\x{E46}"
      text run at (0,2286) width 9: "\x{E17}\x{E35}\x{E48}"
      text run at (0,2304) width 17: "\x{E02}\x{E38}\x{E14}"
      text run at (0,2322) width 16: "\x{E44}\x{E1B}"
      text run at (0,2340) width 16: "\x{E43}\x{E15}\x{E49}"
      text run at (0,2358) width 20: "\x{E1E}\x{E37}\x{E49}\x{E19}"
      text run at (0,2376) width 29: "\x{E40}\x{E23}\x{E35}\x{E22}\x{E01}"
      text run at (0,2394) width 14: "\x{E27}\x{E48}\x{E32}"
      text run at (0,2412) width 7: "\""
      text run at (0,2430) width 31: "\x{E42}\x{E1E}\x{E23}\x{E07}"
      text run at (0,2448) width 50: "\x{E44}\x{E0B}\x{E42}\x{E04}\x{E25}\x{E19}"
      text run at (0,2466) width 7: "\""
      text run at (0,2484) width 24: "\x{E40}\x{E1B}\x{E47}\x{E19}"
      text run at (0,2502) width 9: "\x{E17}\x{E35}\x{E48}"
      text run at (0,2520) width 57: "\x{E04}\x{E23}\x{E2D}\x{E1A}\x{E04}\x{E23}\x{E31}\x{E27}"
      text run at (0,2538) width 10: "\x{E19}\x{E35}\x{E49}"
      text run at (0,2556) width 14: "\x{E08}\x{E30}"
      text run at (0,2574) width 18: "\x{E21}\x{E38}\x{E14}"
      text run at (0,2592) width 19: "\x{E40}\x{E02}\x{E49}\x{E32}"
      text run at (0,2610) width 16: "\x{E44}\x{E1B}"
      text run at (0,2628) width 22: "\x{E40}\x{E21}\x{E37}\x{E48}\x{E2D}"
      text run at (0,2646) width 23: "\x{E40}\x{E01}\x{E34}\x{E14}"
      text run at (0,2664) width 17: "\x{E25}\x{E21}"
      text run at (0,2682) width 24: "\x{E21}\x{E2B}\x{E32}"
      text run at (0,2700) width 17: "\x{E20}\x{E31}\x{E22}"
      text run at (0,2718) width 16: "\x{E0B}\x{E36}\x{E48}\x{E07}"
      text run at (0,2736) width 46: "\x{E01}\x{E23}\x{E30}\x{E42}\x{E0A}\x{E01}"
      text run at (0,2754) width 22: "\x{E41}\x{E23}\x{E07}"
      text run at (0,2772) width 18: "\x{E08}\x{E19}"
      text run at (0,2790) width 18: "\x{E1A}\x{E14}"
      text run at (0,2808) width 16: "\x{E02}\x{E22}\x{E35}\x{E49}"
      text run at (0,2826) width 15: "\x{E2A}\x{E34}\x{E48}\x{E07}"
      text run at (0,2844) width 17: "\x{E01}\x{E48}\x{E2D}"
      text run at (0,2862) width 28: "\x{E2A}\x{E23}\x{E49}\x{E32}\x{E07}"
      text run at (0,2880) width 16: "\x{E43}\x{E14}"
      text run at (0,2898) width 7: "\x{E46}"
      text run at (0,2916) width 9: "\x{E17}\x{E35}\x{E48}"
      text run at (0,2934) width 29: "\x{E02}\x{E27}\x{E32}\x{E07}"
      text run at (0,2952) width 22: "\x{E17}\x{E32}\x{E07}"
      text run at (0,2970) width 19: "\x{E21}\x{E31}\x{E19}"
      text run at (0,2988) width 16: "\x{E44}\x{E14}\x{E49}"
      text run at (0,3006) width 23: "\x{E15}\x{E23}\x{E07}"
      text run at (0,3024) width 30: "\x{E01}\x{E25}\x{E32}\x{E07}"
      text run at (0,3042) width 20: "\x{E1E}\x{E37}\x{E49}\x{E19}"
      text run at (0,3060) width 9: "\x{E21}\x{E35}"
      text run at (0,3078) width 15: "\x{E1D}\x{E32}"
      text run at (0,3096) width 23: "\x{E40}\x{E1B}\x{E34}\x{E14}"
      text run at (0,3114) width 19: "\x{E40}\x{E02}\x{E49}\x{E32}"
      text run at (0,3132) width 16: "\x{E44}\x{E1B}"
      text run at (0,3150) width 23: "\x{E08}\x{E32}\x{E01}"
      text run at (0,3168) width 20: "\x{E19}\x{E31}\x{E49}\x{E19}"
      text run at (0,3186) width 9: "\x{E21}\x{E35}"
      text run at (0,3204) width 35: "\x{E1A}\x{E31}\x{E19}\x{E44}\x{E14}"
      text run at (0,3222) width 15: "\x{E25}\x{E07}"
      text run at (0,3240) width 16: "\x{E44}\x{E1B}"
      text run at (0,3258) width 15: "\x{E16}\x{E36}\x{E07}"
      text run at (0,3276) width 31: "\x{E42}\x{E1E}\x{E23}\x{E07}"
      text run at (0,3294) width 18: "\x{E21}\x{E37}\x{E14}"
      text run at (0,3312) width 22: "\x{E40}\x{E25}\x{E47}\x{E01}"
      text run at (0,3330) width 7: "\x{E46}"
      text run at (0,3348) width 22: "\x{E40}\x{E21}\x{E37}\x{E48}\x{E2D}"
      text run at (0,3366) width 16: "\x{E42}\x{E14}"
      text run at (0,3384) width 21: "\x{E42}\x{E23}\x{E18}\x{E35}"
      text run at (0,3402) width 18: "\x{E22}\x{E37}\x{E19}"
      text run at (0,3420) width 9: "\x{E17}\x{E35}\x{E48}"
      text run at (0,3438) width 24: "\x{E1B}\x{E32}\x{E01}"
      text run at (0,3456) width 31: "\x{E1B}\x{E23}\x{E30}\x{E15}\x{E39}"
      text run at (0,3474) width 22: "\x{E41}\x{E25}\x{E30}"
      text run at (0,3492) width 24: "\x{E21}\x{E2D}\x{E07}"
      text run at (0,3510) width 16: "\x{E44}\x{E1B}"
      text run at (0,3528) width 24: "\x{E23}\x{E2D}\x{E1A}"
      text run at (0,3546) width 7: "\x{E46}"
      text run at (0,3564) width 20: "\x{E40}\x{E18}\x{E2D}"
      text run at (0,3582) width 16: "\x{E44}\x{E21}\x{E48}"
      text run at (0,3600) width 24: "\x{E40}\x{E2B}\x{E47}\x{E19}"
      text run at (0,3618) width 28: "\x{E2D}\x{E30}\x{E44}\x{E23}"
      text run at (0,3636) width 27: "\x{E19}\x{E2D}\x{E01}"
      text run at (0,3654) width 23: "\x{E08}\x{E32}\x{E01}"
      text run at (0,3672) width 24: "\x{E17}\x{E49}\x{E2D}\x{E07}"
      text run at (0,3690) width 16: "\x{E17}\x{E38}\x{E48}\x{E07}"
      text run at (0,3708) width 30: "\x{E01}\x{E27}\x{E49}\x{E32}\x{E07}"
      text run at (0,3726) width 8: "\x{E2A}\x{E35}"
      text run at (0,3744) width 20: "\x{E40}\x{E17}\x{E32}"
      text run at (0,3762) width 28: "\x{E2B}\x{E21}\x{E48}\x{E19}"
      text run at (0,3780) width 17: "\x{E17}\x{E31}\x{E48}\x{E27}"
      text run at (0,3798) width 18: "\x{E17}\x{E38}\x{E01}"
      text run at (0,3816) width 25: "\x{E14}\x{E49}\x{E32}\x{E19}"
      text run at (0,3834) width 16: "\x{E44}\x{E21}\x{E48}"
      text run at (0,3852) width 9: "\x{E21}\x{E35}"
      text run at (0,3870) width 17: "\x{E41}\x{E21}\x{E49}"
      text run at (0,3888) width 35: "\x{E15}\x{E49}\x{E19}\x{E44}\x{E21}\x{E49}"
      text run at (0,3906) width 17: "\x{E2A}\x{E31}\x{E01}"
      text run at (0,3924) width 19: "\x{E15}\x{E49}\x{E19}"
      text run at (0,3942) width 24: "\x{E2B}\x{E23}\x{E37}\x{E2D}"
      text run at (0,3960) width 25: "\x{E1A}\x{E49}\x{E32}\x{E19}"
      text run at (0,3978) width 17: "\x{E2A}\x{E31}\x{E01}"
      text run at (0,3996) width 24: "\x{E2B}\x{E25}\x{E31}\x{E07}"
      text run at (0,4014) width 9: "\x{E17}\x{E35}\x{E48}"
      text run at (0,4032) width 24: "\x{E42}\x{E1C}\x{E25}\x{E48}"
      text run at (0,4050) width 20: "\x{E1E}\x{E49}\x{E19}"
      text run at (0,4068) width 18: "\x{E20}\x{E39}\x{E21}\x{E34}"
      text run at (0,4086) width 45: "\x{E1B}\x{E23}\x{E30}\x{E40}\x{E17}\x{E28}"
      text run at (0,4104) width 18: "\x{E2D}\x{E31}\x{E19}"
      text run at (0,4122) width 22: "\x{E23}\x{E32}\x{E1A}"
      text run at (0,4140) width 29: "\x{E40}\x{E23}\x{E35}\x{E22}\x{E1A}"
      text run at (0,4158) width 17: "\x{E41}\x{E1C}\x{E48}"
      text run at (0,4176) width 16: "\x{E44}\x{E1B}"
      text run at (0,4194) width 24: "\x{E44}\x{E01}\x{E25}"
      text run at (0,4212) width 18: "\x{E08}\x{E19}"
      text run at (0,4230) width 17: "\x{E08}\x{E14}"
      text run at (0,4248) width 25: "\x{E02}\x{E2D}\x{E1A}"
      text run at (0,4266) width 16: "\x{E1F}\x{E49}\x{E32}"
      text run at (0,4284) width 17: "\x{E17}\x{E31}\x{E48}\x{E27}"
      text run at (0,4302) width 18: "\x{E17}\x{E38}\x{E01}"
      text run at (0,4320) width 18: "\x{E17}\x{E34}\x{E28}"
      text run at (0,4338) width 24: "\x{E14}\x{E27}\x{E07}"
      text run at (0,4356) width 33: "\x{E15}\x{E30}\x{E27}\x{E31}\x{E19}"
      text run at (0,4374) width 20: "\x{E40}\x{E1C}\x{E32}"
      text run at (0,4392) width 19: "\x{E1C}\x{E37}\x{E19}"
      text run at (0,4410) width 19: "\x{E14}\x{E34}\x{E19}"
      text run at (0,4428) width 9: "\x{E17}\x{E35}\x{E48}"
      text run at (0,4446) width 15: "\x{E44}\x{E16}"
      text run at (0,4464) width 24: "\x{E41}\x{E25}\x{E49}\x{E27}"
      text run at (0,4482) width 18: "\x{E08}\x{E19}"
      text run at (0,4500) width 31: "\x{E01}\x{E25}\x{E32}\x{E22}"
      text run at (0,4518) width 24: "\x{E40}\x{E1B}\x{E47}\x{E19}"
      text run at (0,4536) width 27: "\x{E41}\x{E1C}\x{E48}\x{E19}"
      text run at (0,4554) width 33: "\x{E21}\x{E2B}\x{E36}\x{E21}\x{E32}"
      text run at (0,4572) width 8: "\x{E2A}\x{E35}"
      text run at (0,4590) width 15: "\x{E14}\x{E33}"
      text run at (0,4608) width 9: "\x{E21}\x{E35}"
      text run at (0,4626) width 23: "\x{E23}\x{E2D}\x{E22}"
      text run at (0,4644) width 26: "\x{E41}\x{E15}\x{E01}"
      text run at (0,4662) width 37: "\x{E23}\x{E30}\x{E41}\x{E2B}\x{E07}"
      text run at (0,4680) width 16: "\x{E2D}\x{E22}\x{E39}\x{E48}"
      text run at (0,4698) width 34: "\x{E15}\x{E25}\x{E2D}\x{E14}"
      text run at (0,4716) width 34: "\x{E41}\x{E21}\x{E49}\x{E41}\x{E15}\x{E48}"
      text run at (0,4734) width 26: "\x{E2B}\x{E0D}\x{E49}\x{E32}"
      text run at (0,4752) width 9: "\x{E01}\x{E47}"
      text run at (0,4770) width 16: "\x{E44}\x{E21}\x{E48}"
      text run at (0,4788) width 29: "\x{E40}\x{E02}\x{E35}\x{E22}\x{E27}"
      text run at (0,4806) width 34: "\x{E40}\x{E1E}\x{E23}\x{E32}\x{E30}"
      text run at (0,4824) width 24: "\x{E14}\x{E27}\x{E07}"
      text run at (0,4842) width 33: "\x{E15}\x{E30}\x{E27}\x{E31}\x{E19}"
      text run at (0,4860) width 20: "\x{E40}\x{E1C}\x{E32}"
      text run at (0,4878) width 25: "\x{E22}\x{E2D}\x{E14}"
      text run at (0,4896) width 16: "\x{E43}\x{E1A}"
      text run at (0,4914) width 22: "\x{E22}\x{E32}\x{E27}"
      text run at (0,4932) width 21: "\x{E40}\x{E2A}\x{E35}\x{E22}"
      text run at (0,4950) width 18: "\x{E08}\x{E19}"
      text run at (0,4968) width 24: "\x{E40}\x{E1B}\x{E47}\x{E19}"
      text run at (0,4986) width 8: "\x{E2A}\x{E35}"
      text run at (0,5004) width 20: "\x{E40}\x{E17}\x{E32}"
      text run at (0,5022) width 28: "\x{E2B}\x{E21}\x{E48}\x{E19}"
      text run at (0,5040) width 24: "\x{E21}\x{E2D}\x{E07}"
      text run at (0,5058) width 24: "\x{E40}\x{E2B}\x{E47}\x{E19}"
      text run at (0,5076) width 16: "\x{E2D}\x{E22}\x{E39}\x{E48}"
      text run at (0,5094) width 17: "\x{E17}\x{E31}\x{E48}\x{E27}"
      text run at (0,5112) width 16: "\x{E44}\x{E1B}"
      text run at (0,5130) width 23: "\x{E04}\x{E23}\x{E31}\x{E49}\x{E07}"
      text run at (0,5148) width 26: "\x{E2B}\x{E19}\x{E36}\x{E48}\x{E07}"
      text run at (0,5166) width 22: "\x{E40}\x{E04}\x{E22}"
      text run at (0,5184) width 15: "\x{E17}\x{E32}"
      text run at (0,5202) width 8: "\x{E2A}\x{E35}"
      text run at (0,5220) width 25: "\x{E1A}\x{E49}\x{E32}\x{E19}"
      text run at (0,5238) width 19: "\x{E40}\x{E2D}\x{E32}"
      text run at (0,5256) width 15: "\x{E44}\x{E27}\x{E49}"
      text run at (0,5274) width 17: "\x{E41}\x{E15}\x{E48}"
      text run at (0,5292) width 9: "\x{E01}\x{E47}"
      text run at (0,5310) width 17: "\x{E16}\x{E39}\x{E01}"
      text run at (0,5328) width 24: "\x{E14}\x{E27}\x{E07}"
      text run at (0,5346) width 33: "\x{E15}\x{E30}\x{E27}\x{E31}\x{E19}"
      text run at (0,5364) width 20: "\x{E40}\x{E1C}\x{E32}"
      text run at (0,5382) width 21: "\x{E40}\x{E2A}\x{E35}\x{E22}"
      text run at (0,5400) width 18: "\x{E08}\x{E19}"
      text run at (0,5418) width 8: "\x{E2A}\x{E35}"
      text run at (0,5436) width 25: "\x{E1E}\x{E2D}\x{E07}"
      text run at (0,5454) width 24: "\x{E41}\x{E25}\x{E49}\x{E27}"
      text run at (0,5472) width 19: "\x{E1D}\x{E19}"
      text run at (0,5490) width 9: "\x{E01}\x{E47}"
      text run at (0,5508) width 14: "\x{E0A}\x{E30}"
      text run at (0,5526) width 19: "\x{E21}\x{E31}\x{E19}"
      text run at (0,5544) width 26: "\x{E2B}\x{E25}\x{E38}\x{E14}"
      text run at (0,5562) width 16: "\x{E44}\x{E1B}"
      text run at (0,5580) width 18: "\x{E08}\x{E19}"
      text run at (0,5598) width 27: "\x{E2B}\x{E21}\x{E14}"
      text run at (0,5616) width 22: "\x{E41}\x{E25}\x{E30}"
      text run at (0,5634) width 27: "\x{E15}\x{E2D}\x{E19}"
      text run at (0,5652) width 10: "\x{E19}\x{E35}\x{E49}"
      text run at (0,5670) width 25: "\x{E1A}\x{E49}\x{E32}\x{E19}"
      text run at (0,5688) width 15: "\x{E08}\x{E36}\x{E07}"
      text run at (0,5706) width 9: "\x{E14}\x{E39}"
      text run at (0,5724) width 61: "\x{E2B}\x{E21}\x{E48}\x{E19}\x{E2B}\x{E21}\x{E2D}\x{E07}"
      text run at (0,5742) width 24: "\x{E40}\x{E1B}\x{E47}\x{E19}"
      text run at (0,5760) width 8: "\x{E2A}\x{E35}"
      text run at (0,5778) width 20: "\x{E40}\x{E17}\x{E32}"
      text run at (0,5796) width 41: "\x{E40}\x{E2B}\x{E21}\x{E37}\x{E2D}\x{E19}"
      text run at (0,5814) width 15: "\x{E2A}\x{E34}\x{E48}\x{E07}"
      text run at (0,5832) width 18: "\x{E2D}\x{E37}\x{E48}\x{E19}"
      text run at (0,5850) width 7: "\x{E46}"
      text run at (0,5868) width 25: "\x{E14}\x{E49}\x{E27}\x{E22}"
      text run at (0,5886) width 27: "\x{E15}\x{E2D}\x{E19}"
      text run at (0,5904) width 9: "\x{E17}\x{E35}\x{E48}"
      text run at (0,5922) width 15: "\x{E1B}\x{E49}\x{E32}"
      text run at (0,5940) width 22: "\x{E40}\x{E2D}\x{E47}\x{E21}"
      text run at (0,5958) width 22: "\x{E22}\x{E49}\x{E32}\x{E22}"
      text run at (0,5976) width 15: "\x{E21}\x{E32}"
      text run at (0,5994) width 16: "\x{E2D}\x{E22}\x{E39}\x{E48}"
      text run at (0,6012) width 9: "\x{E17}\x{E35}\x{E48}"
      text run at (0,6030) width 10: "\x{E19}\x{E35}\x{E48}"
      text run at (0,6048) width 20: "\x{E40}\x{E18}\x{E2D}"
      text run at (0,6066) width 15: "\x{E22}\x{E31}\x{E07}"
      text run at (0,6084) width 22: "\x{E2A}\x{E32}\x{E27}"
      text run at (0,6102) width 24: "\x{E40}\x{E1B}\x{E47}\x{E19}"
      text run at (0,6120) width 37: "\x{E20}\x{E23}\x{E23}\x{E22}\x{E32}"
      text run at (0,6138) width 9: "\x{E17}\x{E35}\x{E48}"
      text run at (0,6156) width 38: "\x{E07}\x{E14}\x{E07}\x{E32}\x{E21}"
      text run at (0,6174) width 24: "\x{E41}\x{E25}\x{E49}\x{E27}"
      text run at (0,6192) width 26: "\x{E41}\x{E14}\x{E14}"
      text run at (0,6210) width 22: "\x{E41}\x{E25}\x{E30}"
      text run at (0,6228) width 17: "\x{E25}\x{E21}"
      text run at (0,6246) width 9: "\x{E01}\x{E47}"
      text run at (0,6264) width 16: "\x{E44}\x{E14}\x{E49}"
      text run at (0,6282) width 40: "\x{E40}\x{E1B}\x{E25}\x{E35}\x{E48}\x{E22}\x{E19}"
      text run at (0,6300) width 20: "\x{E40}\x{E18}\x{E2D}"
      text run at (0,6318) width 16: "\x{E44}\x{E1B}"
      text run at (0,6336) width 19: "\x{E40}\x{E2D}\x{E32}"
      text run at (0,6354) width 45: "\x{E1B}\x{E23}\x{E30}\x{E01}\x{E32}\x{E22}"
      text run at (0,6372) width 16: "\x{E44}\x{E1B}"
      text run at (0,6390) width 23: "\x{E08}\x{E32}\x{E01}"
      text run at (0,6408) width 39: "\x{E14}\x{E27}\x{E07}\x{E15}\x{E32}"
      text run at (0,6426) width 20: "\x{E40}\x{E18}\x{E2D}"
      text run at (0,6444) width 33: "\x{E1B}\x{E25}\x{E48}\x{E2D}\x{E22}"
      text run at (0,6462) width 15: "\x{E44}\x{E27}\x{E49}"
      text run at (0,6480) width 17: "\x{E41}\x{E15}\x{E48}"
      text run at (0,6498) width 32: "\x{E04}\x{E27}\x{E32}\x{E21}"
      text run at (0,6516) width 25: "\x{E2A}\x{E38}\x{E02}\x{E38}\x{E21}"
      text run at (0,6534) width 29: "\x{E2D}\x{E22}\x{E48}\x{E32}\x{E07}"
      text run at (0,6552) width 61: "\x{E2B}\x{E21}\x{E48}\x{E19}\x{E2B}\x{E21}\x{E2D}\x{E07}"
      text run at (0,6570) width 19: "\x{E40}\x{E2D}\x{E32}"
      text run at (0,6588) width 8: "\x{E2A}\x{E35}"
      text run at (0,6606) width 24: "\x{E41}\x{E14}\x{E07}"
      text run at (0,6624) width 23: "\x{E08}\x{E32}\x{E01}"
      text run at (0,6642) width 26: "\x{E41}\x{E01}\x{E49}\x{E21}"
      text run at (0,6660) width 22: "\x{E41}\x{E25}\x{E30}"
      text run at (0,6678) width 16: "\x{E23}\x{E34}\x{E21}"
      text run at (0,6696) width 33: "\x{E1D}\x{E35}\x{E1B}\x{E32}\x{E01}"
      text run at (0,6714) width 20: "\x{E40}\x{E18}\x{E2D}"
      text run at (0,6732) width 16: "\x{E44}\x{E1B}"
      text run at (0,6750) width 31: "\x{E01}\x{E25}\x{E32}\x{E22}"
      text run at (0,6768) width 24: "\x{E40}\x{E1B}\x{E47}\x{E19}"
      text run at (0,6786) width 8: "\x{E2A}\x{E35}"
      text run at (0,6804) width 28: "\x{E2B}\x{E21}\x{E48}\x{E19}"
      text run at (0,6822) width 7: "\x{E46}"
      text run at (0,6840) width 41: "\x{E40}\x{E2B}\x{E21}\x{E37}\x{E2D}\x{E19}"
      text run at (0,6858) width 19: "\x{E01}\x{E31}\x{E19}"
      text run at (0,6876) width 20: "\x{E40}\x{E18}\x{E2D}"
      text run at (0,6894) width 26: "\x{E1C}\x{E2D}\x{E21}"
      text run at (0,6912) width 22: "\x{E41}\x{E25}\x{E30}"
      text run at (0,6930) width 24: "\x{E2B}\x{E25}\x{E31}\x{E07}"
      text run at (0,6948) width 23: "\x{E42}\x{E04}\x{E49}\x{E07}"
      text run at (0,6966) width 22: "\x{E41}\x{E25}\x{E30}"
      text run at (0,6984) width 30: "\x{E40}\x{E14}\x{E35}\x{E4B}\x{E22}\x{E27}"
      text run at (0,7002) width 10: "\x{E19}\x{E35}\x{E49}"
      text run at (0,7020) width 16: "\x{E44}\x{E21}\x{E48}"
      text run at (0,7038) width 22: "\x{E40}\x{E04}\x{E22}"
      text run at (0,7056) width 17: "\x{E22}\x{E34}\x{E49}\x{E21}"
      text run at (0,7074) width 21: "\x{E40}\x{E25}\x{E22}"
      text run at (0,7092) width 22: "\x{E40}\x{E21}\x{E37}\x{E48}\x{E2D}"
      text run at (0,7110) width 16: "\x{E42}\x{E14}"
      text run at (0,7128) width 21: "\x{E42}\x{E23}\x{E18}\x{E35}"
      text run at (0,7146) width 16: "\x{E0B}\x{E36}\x{E48}\x{E07}"
      text run at (0,7164) width 24: "\x{E40}\x{E1B}\x{E47}\x{E19}"
      text run at (0,7182) width 23: "\x{E40}\x{E14}\x{E47}\x{E01}"
      text run at (0,7200) width 38: "\x{E01}\x{E33}\x{E1E}\x{E23}\x{E49}\x{E32}"
      text run at (0,7218) width 15: "\x{E21}\x{E32}"
      text run at (0,7236) width 16: "\x{E2D}\x{E22}\x{E39}\x{E48}"
      text run at (0,7254) width 18: "\x{E01}\x{E31}\x{E1A}"
      text run at (0,7272) width 20: "\x{E40}\x{E18}\x{E2D}"
      text run at (0,7290) width 27: "\x{E15}\x{E2D}\x{E19}"
      text run at (0,7308) width 24: "\x{E41}\x{E23}\x{E01}"
      text run at (0,7326) width 15: "\x{E1B}\x{E49}\x{E32}"
      text run at (0,7344) width 22: "\x{E40}\x{E2D}\x{E47}\x{E21}"
      text run at (0,7362) width 19: "\x{E15}\x{E37}\x{E48}\x{E19}"
      text run at (0,7380) width 24: "\x{E40}\x{E15}\x{E49}\x{E19}"
      text run at (0,7398) width 18: "\x{E01}\x{E31}\x{E1A}"
      text run at (0,7416) width 28: "\x{E40}\x{E2A}\x{E35}\x{E22}\x{E07}"
      text run at (0,7434) width 41: "\x{E2B}\x{E31}\x{E27}\x{E40}\x{E23}\x{E32}\x{E30}"
      text run at (0,7452) width 23: "\x{E02}\x{E2D}\x{E07}"
      text run at (0,7470) width 23: "\x{E40}\x{E14}\x{E47}\x{E01}"
      text run at (0,7488) width 26: "\x{E19}\x{E49}\x{E2D}\x{E22}"
      text run at (0,7506) width 24: "\x{E21}\x{E32}\x{E01}"
      text run at (0,7524) width 20: "\x{E40}\x{E18}\x{E2D}"
      text run at (0,7542) width 14: "\x{E08}\x{E30}"
      text run at (0,7560) width 15: "\x{E2A}\x{E48}\x{E07}"
      text run at (0,7578) width 28: "\x{E40}\x{E2A}\x{E35}\x{E22}\x{E07}"
      text run at (0,7596) width 22: "\x{E23}\x{E49}\x{E2D}\x{E07}"
      text run at (0,7614) width 24: "\x{E41}\x{E25}\x{E49}\x{E27}"
      text run at (0,7632) width 19: "\x{E40}\x{E2D}\x{E32}"
      text run at (0,7650) width 17: "\x{E21}\x{E37}\x{E2D}"
      text run at (0,7668) width 24: "\x{E17}\x{E32}\x{E1A}"
      text run at (0,7686) width 17: "\x{E2D}\x{E01}"
      text run at (0,7704) width 18: "\x{E17}\x{E38}\x{E01}"
      text run at (0,7722) width 23: "\x{E04}\x{E23}\x{E31}\x{E49}\x{E07}"
      text run at (0,7740) width 9: "\x{E17}\x{E35}\x{E48}"
      text run at (0,7758) width 28: "\x{E40}\x{E2A}\x{E35}\x{E22}\x{E07}"
      text run at (0,7776) width 18: "\x{E2D}\x{E31}\x{E19}"
      text run at (0,7794) width 32: "\x{E23}\x{E48}\x{E32}\x{E40}\x{E23}\x{E34}\x{E07}"
      text run at (0,7812) width 23: "\x{E02}\x{E2D}\x{E07}"
      text run at (0,7830) width 16: "\x{E42}\x{E14}"
      text run at (0,7848) width 21: "\x{E42}\x{E23}\x{E18}\x{E35}"
      text run at (0,7866) width 19: "\x{E40}\x{E02}\x{E49}\x{E32}"
      text run at (0,7884) width 9: "\x{E2B}\x{E39}"
      text run at (0,7902) width 20: "\x{E40}\x{E18}\x{E2D}"
      text run at (0,7920) width 22: "\x{E41}\x{E25}\x{E30}"
      text run at (0,7938) width 20: "\x{E40}\x{E18}\x{E2D}"
      text run at (0,7956) width 20: "\x{E40}\x{E1D}\x{E49}\x{E32}"
      text run at (0,7974) width 24: "\x{E21}\x{E2D}\x{E07}"
      text run at (0,7992) width 23: "\x{E40}\x{E14}\x{E47}\x{E01}"
      text run at (0,8010) width 27: "\x{E2B}\x{E0D}\x{E34}\x{E07}"
      text run at (0,8028) width 26: "\x{E19}\x{E49}\x{E2D}\x{E22}"
      text run at (0,8046) width 7: "\x{E46}"
      text run at (0,8064) width 25: "\x{E14}\x{E49}\x{E27}\x{E22}"
      text run at (0,8082) width 32: "\x{E04}\x{E27}\x{E32}\x{E21}"
      text run at (0,8100) width 54: "\x{E1B}\x{E23}\x{E30}\x{E2B}\x{E25}\x{E32}\x{E14}"
      text run at (0,8118) width 15: "\x{E43}\x{E08}"
      text run at (0,8136) width 25: "\x{E14}\x{E49}\x{E27}\x{E22}"
      text run at (0,8154) width 15: "\x{E22}\x{E31}\x{E07}"
      text run at (0,8172) width 15: "\x{E2B}\x{E32}"
      text run at (0,8190) width 28: "\x{E2D}\x{E30}\x{E44}\x{E23}"
      text run at (0,8208) width 15: "\x{E21}\x{E32}"
      text run at (0,8226) width 24: "\x{E40}\x{E1B}\x{E47}\x{E19}"
      text run at (0,8244) width 27: "\x{E40}\x{E23}\x{E37}\x{E48}\x{E2D}\x{E07}"
      text run at (0,8262) width 41: "\x{E2B}\x{E31}\x{E27}\x{E40}\x{E23}\x{E32}\x{E30}"
      text run at (0,8280) width 16: "\x{E44}\x{E14}\x{E49}"
      text run at (0,8298) width 15: "\x{E25}\x{E38}\x{E07}"
      text run at (0,8316) width 13: "\x{E40}\x{E2E}"
      text run at (0,8334) width 17: "\x{E19}\x{E23}\x{E35}"
      text run at (0,8352) width 16: "\x{E44}\x{E21}\x{E48}"
      text run at (0,8370) width 22: "\x{E40}\x{E04}\x{E22}"
      text run at (0,8388) width 41: "\x{E2B}\x{E31}\x{E27}\x{E40}\x{E23}\x{E32}\x{E30}"
      text run at (0,8406) width 15: "\x{E25}\x{E38}\x{E07}"
      text run at (0,8424) width 38: "\x{E17}\x{E33}\x{E07}\x{E32}\x{E19}"
      text run at (0,8442) width 28: "\x{E2B}\x{E19}\x{E31}\x{E01}"
      text run at (0,8460) width 23: "\x{E08}\x{E32}\x{E01}"
      text run at (0,8478) width 19: "\x{E40}\x{E0A}\x{E49}\x{E32}"
      text run at (0,8496) width 18: "\x{E22}\x{E31}\x{E19}"
      text run at (0,8514) width 15: "\x{E04}\x{E48}\x{E33}"
      text run at (0,8532) width 22: "\x{E41}\x{E25}\x{E30}"
      text run at (0,8550) width 16: "\x{E44}\x{E21}\x{E48}"
      text run at (0,8568) width 22: "\x{E40}\x{E04}\x{E22}"
      text run at (0,8586) width 24: "\x{E23}\x{E39}\x{E49}\x{E08}\x{E31}\x{E01}"
      text run at (0,8604) width 14: "\x{E27}\x{E48}\x{E32}"
      text run at (0,8622) width 32: "\x{E04}\x{E27}\x{E32}\x{E21}"
      text run at (0,8640) width 32: "\x{E23}\x{E48}\x{E32}\x{E40}\x{E23}\x{E34}\x{E07}"
      text run at (0,8658) width 17: "\x{E04}\x{E37}\x{E2D}"
      text run at (0,8676) width 28: "\x{E2D}\x{E30}\x{E44}\x{E23}"
      text run at (0,8694) width 15: "\x{E25}\x{E38}\x{E07}"
      text run at (0,8712) width 9: "\x{E14}\x{E39}"
      text run at (0,8730) width 61: "\x{E2B}\x{E21}\x{E48}\x{E19}\x{E2B}\x{E21}\x{E2D}\x{E07}"
      text run at (0,8748) width 16: "\x{E44}\x{E1B}"
      text run at (0,8766) width 27: "\x{E2B}\x{E21}\x{E14}"
      text run at (0,8784) width 16: "\x{E15}\x{E31}\x{E49}\x{E07}"
      text run at (0,8802) width 17: "\x{E41}\x{E15}\x{E48}"
      text run at (0,8820) width 27: "\x{E40}\x{E04}\x{E23}\x{E32}"
      text run at (0,8838) width 22: "\x{E22}\x{E32}\x{E27}"
      text run at (0,8856) width 18: "\x{E08}\x{E19}"
      text run at (0,8874) width 17: "\x{E08}\x{E14}"
      text run at (0,8892) width 42: "\x{E23}\x{E2D}\x{E07}\x{E40}\x{E17}\x{E49}\x{E32}"
      text run at (0,8910) width 18: "\x{E1A}\x{E39}\x{E15}"
      text run at (0,8928) width 18: "\x{E2D}\x{E31}\x{E19}"
      text run at (0,8946) width 32: "\x{E2B}\x{E22}\x{E32}\x{E1A}"
      text run at (0,8964) width 24: "\x{E41}\x{E25}\x{E49}\x{E27}"
      text run at (0,8982) width 15: "\x{E25}\x{E38}\x{E07}"
      text run at (0,9000) width 9: "\x{E01}\x{E47}"
      text run at (0,9018) width 9: "\x{E14}\x{E39}"
      text run at (0,9036) width 52: "\x{E40}\x{E04}\x{E23}\x{E48}\x{E07}\x{E02}\x{E23}\x{E36}\x{E21}"
      text run at (0,9054) width 16: "\x{E19}\x{E48}\x{E32}"
      text run at (0,9072) width 28: "\x{E40}\x{E01}\x{E23}\x{E07}"
      text run at (0,9090) width 23: "\x{E02}\x{E32}\x{E21}"
      text run at (0,9108) width 16: "\x{E44}\x{E21}\x{E48}"
      text run at (0,9126) width 25: "\x{E04}\x{E48}\x{E2D}\x{E22}"
      text run at (0,9144) width 14: "\x{E08}\x{E30}"
      text run at (0,9162) width 19: "\x{E1E}\x{E39}\x{E14}"
      text run at (0,9180) width 9: "\x{E21}\x{E35}"
      text run at (0,9198) width 16: "\x{E42}\x{E15}"
      text run at (0,9216) width 16: "\x{E42}\x{E15}\x{E49}"
      text run at (0,9234) width 9: "\x{E17}\x{E35}\x{E48}"
      text run at (0,9252) width 15: "\x{E17}\x{E33}"
      text run at (0,9270) width 16: "\x{E43}\x{E2B}\x{E49}"
      text run at (0,9288) width 16: "\x{E42}\x{E14}"
      text run at (0,9306) width 21: "\x{E42}\x{E23}\x{E18}\x{E35}"
      text run at (0,9324) width 41: "\x{E2B}\x{E31}\x{E27}\x{E40}\x{E23}\x{E32}\x{E30}"
      text run at (0,9342) width 16: "\x{E44}\x{E14}\x{E49}"
      text run at (0,9360) width 22: "\x{E41}\x{E25}\x{E30}"
      text run at (0,9378) width 24: "\x{E0A}\x{E48}\x{E27}\x{E22}"
      text run at (0,9396) width 20: "\x{E40}\x{E18}\x{E2D}"
      text run at (0,9414) width 16: "\x{E43}\x{E2B}\x{E49}"
      text run at (0,9432) width 20: "\x{E1E}\x{E49}\x{E19}"
      text run at (0,9450) width 23: "\x{E08}\x{E32}\x{E01}"
      text run at (0,9468) width 22: "\x{E01}\x{E32}\x{E23}"
      text run at (0,9486) width 31: "\x{E01}\x{E25}\x{E32}\x{E22}"
      text run at (0,9504) width 24: "\x{E40}\x{E1B}\x{E47}\x{E19}"
      text run at (0,9522) width 8: "\x{E2A}\x{E35}"
      text run at (0,9540) width 20: "\x{E40}\x{E17}\x{E32}"
      text run at (0,9558) width 28: "\x{E2B}\x{E21}\x{E48}\x{E19}"
      text run at (0,9576) width 41: "\x{E40}\x{E2B}\x{E21}\x{E37}\x{E2D}\x{E19}"
      text run at (0,9594) width 18: "\x{E01}\x{E31}\x{E1A}"
      text run at (0,9612) width 15: "\x{E2A}\x{E34}\x{E48}\x{E07}"
      text run at (0,9630) width 24: "\x{E23}\x{E2D}\x{E1A}"
      text run at (0,9648) width 17: "\x{E15}\x{E31}\x{E27}"
      text run at (0,9666) width 18: "\x{E2D}\x{E37}\x{E48}\x{E19}"
      text run at (0,9684) width 7: "\x{E46}"
      text run at (0,9702) width 16: "\x{E42}\x{E15}"
      text run at (0,9720) width 16: "\x{E42}\x{E15}\x{E49}"
      text run at (0,9738) width 8: "\x{E2A}\x{E35}"
      text run at (0,9756) width 16: "\x{E44}\x{E21}\x{E48}"
      text run at (0,9774) width 20: "\x{E40}\x{E17}\x{E32}"
      text run at (0,9792) width 28: "\x{E2B}\x{E21}\x{E48}\x{E19}"
      text run at (0,9810) width 17: "\x{E41}\x{E15}\x{E48}"
      text run at (0,9828) width 19: "\x{E21}\x{E31}\x{E19}"
      text run at (0,9846) width 24: "\x{E40}\x{E1B}\x{E47}\x{E19}"
      text run at (0,9864) width 24: "\x{E2B}\x{E21}\x{E32}"
      text run at (0,9882) width 8: "\x{E2A}\x{E35}"
      text run at (0,9900) width 15: "\x{E14}\x{E33}"
      text run at (0,9918) width 17: "\x{E15}\x{E31}\x{E27}"
      text run at (0,9936) width 26: "\x{E19}\x{E49}\x{E2D}\x{E22}"
      text run at (0,9954) width 7: "\x{E46}"
      text run at (0,9972) width 18: "\x{E02}\x{E19}"
      text run at (0,9990) width 22: "\x{E22}\x{E32}\x{E27}"
      text run at (0,10008) width 17: "\x{E1B}\x{E38}\x{E22}"
      text run at (0,10026) width 21: "\x{E23}\x{E32}\x{E27}"
      text run at (0,10044) width 18: "\x{E01}\x{E31}\x{E1A}"
      text run at (0,10062) width 25: "\x{E44}\x{E2B}\x{E21}"
      text run at (0,10080) width 9: "\x{E21}\x{E35}"
      text run at (0,10098) width 15: "\x{E15}\x{E32}"
      text run at (0,10116) width 15: "\x{E14}\x{E33}"
      text run at (0,10134) width 22: "\x{E40}\x{E25}\x{E47}\x{E01}"
      text run at (0,10152) width 24: "\x{E40}\x{E1B}\x{E47}\x{E19}"
      text run at (0,10170) width 45: "\x{E1B}\x{E23}\x{E30}\x{E01}\x{E32}\x{E22}"
      text run at (0,10188) width 36: "\x{E23}\x{E37}\x{E48}\x{E19}\x{E40}\x{E23}\x{E34}\x{E07}"
      text run at (0,10206) width 16: "\x{E2D}\x{E22}\x{E39}\x{E48}"
      text run at (0,10224) width 23: "\x{E2A}\x{E2D}\x{E07}"
      text run at (0,10242) width 21: "\x{E02}\x{E49}\x{E32}\x{E07}"
      text run at (0,10260) width 26: "\x{E08}\x{E21}\x{E39}\x{E01}"
      text run at (0,10278) width 22: "\x{E40}\x{E25}\x{E47}\x{E01}"
      text run at (0,10296) width 18: "\x{E2D}\x{E31}\x{E19}"
      text run at (0,10314) width 16: "\x{E19}\x{E48}\x{E32}"
      text run at (0,10332) width 18: "\x{E02}\x{E31}\x{E19}"
      text run at (0,10350) width 23: "\x{E02}\x{E2D}\x{E07}"
      text run at (0,10368) width 19: "\x{E21}\x{E31}\x{E19}"
      text run at (0,10386) width 16: "\x{E42}\x{E15}"
      text run at (0,10404) width 16: "\x{E42}\x{E15}\x{E49}"
      text run at (0,10422) width 23: "\x{E40}\x{E25}\x{E48}\x{E19}"
      text run at (0,10440) width 16: "\x{E17}\x{E31}\x{E49}\x{E07}"
      text run at (0,10458) width 18: "\x{E27}\x{E31}\x{E19}"
      text run at (0,10476) width 22: "\x{E41}\x{E25}\x{E30}"
      text run at (0,10494) width 16: "\x{E42}\x{E14}"
      text run at (0,10512) width 21: "\x{E42}\x{E23}\x{E18}\x{E35}"
      text run at (0,10530) width 9: "\x{E01}\x{E47}"
      text run at (0,10548) width 23: "\x{E40}\x{E25}\x{E48}\x{E19}"
      text run at (0,10566) width 18: "\x{E01}\x{E31}\x{E1A}"
      text run at (0,10584) width 19: "\x{E21}\x{E31}\x{E19}"
      text run at (0,10602) width 22: "\x{E41}\x{E25}\x{E30}"
      text run at (0,10620) width 16: "\x{E23}\x{E31}\x{E01}"
      text run at (0,10638) width 19: "\x{E21}\x{E31}\x{E19}"
      text run at (0,10656) width 30: "\x{E40}\x{E2B}\x{E25}\x{E37}\x{E2D}"
      text run at (0,10674) width 24: "\x{E40}\x{E01}\x{E34}\x{E19}"
      text run at (0,10692) width 43: "\x{E2D}\x{E22}\x{E48}\x{E32}\x{E07}\x{E44}\x{E23}"
      text run at (0,10710) width 9: "\x{E01}\x{E47}"
      text run at (0,10728) width 24: "\x{E15}\x{E32}\x{E21}"
      text run at (0,10746) width 18: "\x{E27}\x{E31}\x{E19}"
      text run at (0,10764) width 10: "\x{E19}\x{E35}\x{E49}"
      text run at (0,10782) width 16: "\x{E17}\x{E31}\x{E49}\x{E07}"
      text run at (0,10800) width 9: "\x{E04}\x{E39}\x{E48}"
      text run at (0,10818) width 16: "\x{E44}\x{E21}\x{E48}"
      text run at (0,10836) width 16: "\x{E44}\x{E14}\x{E49}"
      text run at (0,10854) width 23: "\x{E40}\x{E25}\x{E48}\x{E19}"
      text run at (0,10872) width 15: "\x{E25}\x{E38}\x{E07}"
      text run at (0,10890) width 13: "\x{E40}\x{E2E}"
      text run at (0,10908) width 17: "\x{E19}\x{E23}\x{E35}"
      text run at (0,10926) width 17: "\x{E19}\x{E31}\x{E48}\x{E07}"
      text run at (0,10944) width 16: "\x{E2D}\x{E22}\x{E39}\x{E48}"
      text run at (0,10962) width 9: "\x{E17}\x{E35}\x{E48}"
      text run at (0,10980) width 35: "\x{E1A}\x{E31}\x{E19}\x{E44}\x{E14}"
      text run at (0,10998) width 31: "\x{E1B}\x{E23}\x{E30}\x{E15}\x{E39}"
      text run at (0,11016) width 22: "\x{E41}\x{E25}\x{E30}"
      text run at (0,11034) width 20: "\x{E40}\x{E1D}\x{E49}\x{E32}"
      text run at (0,11052) width 32: "\x{E01}\x{E31}\x{E07}\x{E27}\x{E25}"
      text run at (0,11070) width 23: "\x{E08}\x{E49}\x{E2D}\x{E07}"
      text run at (0,11088) width 9: "\x{E14}\x{E39}"
      text run at (0,11106) width 24: "\x{E17}\x{E49}\x{E2D}\x{E07}"
      text run at (0,11124) width 16: "\x{E1F}\x{E49}\x{E32}"
      text run at (0,11142) width 8: "\x{E2A}\x{E35}"
      text run at (0,11160) width 20: "\x{E40}\x{E17}\x{E32}"
      text run at (0,11178) width 28: "\x{E2B}\x{E21}\x{E48}\x{E19}"
      text run at (0,11196) width 18: "\x{E1C}\x{E34}\x{E14}"
      text run at (0,11214) width 27: "\x{E1B}\x{E01}\x{E15}\x{E34}"
      text run at (0,11232) width 16: "\x{E42}\x{E14}"
      text run at (0,11250) width 21: "\x{E42}\x{E23}\x{E18}\x{E35}"
      text run at (0,11268) width 18: "\x{E22}\x{E37}\x{E19}"
      text run at (0,11286) width 9: "\x{E17}\x{E35}\x{E48}"
      text run at (0,11304) width 31: "\x{E1B}\x{E23}\x{E30}\x{E15}\x{E39}"
      text run at (0,11322) width 26: "\x{E01}\x{E2D}\x{E14}"
      text run at (0,11340) width 16: "\x{E42}\x{E15}"
      text run at (0,11358) width 16: "\x{E42}\x{E15}\x{E49}"
      text run at (0,11376) width 15: "\x{E44}\x{E27}\x{E49}"
      text run at (0,11394) width 17: "\x{E43}\x{E19}"
      text run at (0,11412) width 25: "\x{E2D}\x{E49}\x{E2D}\x{E21}"
      text run at (0,11430) width 26: "\x{E41}\x{E02}\x{E19}"
      text run at (0,11448) width 22: "\x{E41}\x{E25}\x{E30}"
      text run at (0,11466) width 9: "\x{E01}\x{E47}"
      text run at (0,11484) width 24: "\x{E21}\x{E2D}\x{E07}"
      text run at (0,11502) width 9: "\x{E14}\x{E39}"
      text run at (0,11520) width 24: "\x{E17}\x{E49}\x{E2D}\x{E07}"
      text run at (0,11538) width 16: "\x{E1F}\x{E49}\x{E32}"
      text run at (0,11556) width 16: "\x{E2D}\x{E22}\x{E39}\x{E48}"
      text run at (0,11574) width 41: "\x{E40}\x{E2B}\x{E21}\x{E37}\x{E2D}\x{E19}"
      text run at (0,11592) width 19: "\x{E01}\x{E31}\x{E19}"
      text run at (0,11610) width 15: "\x{E1B}\x{E49}\x{E32}"
      text run at (0,11628) width 22: "\x{E40}\x{E2D}\x{E47}\x{E21}"
      text run at (0,11646) width 30: "\x{E01}\x{E33}\x{E25}\x{E31}\x{E07}"
      text run at (0,11664) width 21: "\x{E25}\x{E49}\x{E32}\x{E07}"
      text run at (0,11682) width 23: "\x{E0A}\x{E32}\x{E21}"
      text run at (0,11700) width 16: "\x{E2D}\x{E22}\x{E39}\x{E48}"
      text run at (0,11718) width 23: "\x{E08}\x{E32}\x{E01}"
      text run at (0,11736) width 25: "\x{E14}\x{E49}\x{E32}\x{E19}"
      text run at (0,11754) width 32: "\x{E40}\x{E2B}\x{E19}\x{E37}\x{E2D}"
      text run at (0,11772) width 24: "\x{E44}\x{E01}\x{E25}"
      text run at (0,11790) width 25: "\x{E2D}\x{E2D}\x{E01}"
      text run at (0,11808) width 16: "\x{E44}\x{E1B}"
      text run at (0,11826) width 9: "\x{E21}\x{E35}"
      text run at (0,11844) width 28: "\x{E40}\x{E2A}\x{E35}\x{E22}\x{E07}"
      text run at (0,11862) width 17: "\x{E25}\x{E21}"
      text run at (0,11880) width 29: "\x{E04}\x{E23}\x{E32}\x{E07}"
      text run at (0,11898) width 25: "\x{E41}\x{E1C}\x{E48}\x{E27}"
      text run at (0,11916) width 20: "\x{E40}\x{E1A}\x{E32}"
      text run at (0,11934) width 34: "\x{E44}\x{E14}\x{E49}\x{E22}\x{E34}\x{E19}"
      text run at (0,11952) width 15: "\x{E21}\x{E32}"
      text run at (0,11970) width 15: "\x{E25}\x{E38}\x{E07}"
      text run at (0,11988) width 13: "\x{E40}\x{E2E}"
      text run at (0,12006) width 17: "\x{E19}\x{E23}\x{E35}"
      text run at (0,12024) width 22: "\x{E41}\x{E25}\x{E30}"
      text run at (0,12042) width 16: "\x{E42}\x{E14}"
      text run at (0,12060) width 21: "\x{E42}\x{E23}\x{E18}\x{E35}"
      text run at (0,12078) width 24: "\x{E40}\x{E2B}\x{E47}\x{E19}"
      text run at (0,12096) width 19: "\x{E15}\x{E49}\x{E19}"
      text run at (0,12114) width 26: "\x{E2B}\x{E0D}\x{E49}\x{E32}"
      text run at (0,12132) width 15: "\x{E2A}\x{E39}\x{E07}"
      text run at (0,12150) width 23: "\x{E40}\x{E2D}\x{E19}"
      text run at (0,12168) width 24: "\x{E40}\x{E1B}\x{E47}\x{E19}"
      text run at (0,12186) width 27: "\x{E04}\x{E25}\x{E37}\x{E48}\x{E19}"
      text run at (0,12204) width 27: "\x{E01}\x{E48}\x{E2D}\x{E19}"
      text run at (0,12222) width 9: "\x{E17}\x{E35}\x{E48}"
      text run at (0,12240) width 24: "\x{E1E}\x{E32}\x{E22}\x{E38}"
      text run at (0,12258) width 14: "\x{E08}\x{E30}"
      text run at (0,12276) width 15: "\x{E21}\x{E32}"
      text run at (0,12294) width 15: "\x{E16}\x{E36}\x{E07}"
      text run at (0,12312) width 24: "\x{E41}\x{E25}\x{E49}\x{E27}"
      text run at (0,12330) width 9: "\x{E01}\x{E47}"
      text run at (0,12348) width 9: "\x{E21}\x{E35}"
      text run at (0,12366) width 28: "\x{E40}\x{E2A}\x{E35}\x{E22}\x{E07}"
      text run at (0,12384) width 26: "\x{E2B}\x{E27}\x{E35}\x{E14}"
      text run at (0,12402) width 25: "\x{E2B}\x{E27}\x{E34}\x{E27}"
      text run at (0,12420) width 40: "\x{E0A}\x{E31}\x{E14}\x{E40}\x{E08}\x{E19}"
      text run at (0,12438) width 15: "\x{E21}\x{E32}"
      text run at (0,12456) width 23: "\x{E08}\x{E32}\x{E01}"
      text run at (0,12474) width 61: "\x{E1A}\x{E23}\x{E23}\x{E22}\x{E32}\x{E01}\x{E32}\x{E28}"
      text run at (0,12492) width 22: "\x{E17}\x{E32}\x{E07}"
      text run at (0,12510) width 16: "\x{E43}\x{E15}\x{E49}"
      text run at (0,12528) width 22: "\x{E41}\x{E25}\x{E30}"
      text run at (0,12546) width 22: "\x{E40}\x{E21}\x{E37}\x{E48}\x{E2D}"
      text run at (0,12564) width 39: "\x{E40}\x{E2B}\x{E25}\x{E37}\x{E2D}\x{E1A}"
      text run at (0,12582) width 15: "\x{E15}\x{E32}"
      text run at (0,12600) width 16: "\x{E44}\x{E1B}"
      text run at (0,12618) width 22: "\x{E17}\x{E32}\x{E07}"
      text run at (0,12636) width 25: "\x{E14}\x{E49}\x{E32}\x{E19}"
      text run at (0,12654) width 20: "\x{E19}\x{E31}\x{E49}\x{E19}"
      text run at (0,12672) width 9: "\x{E01}\x{E47}"
      text run at (0,12690) width 24: "\x{E40}\x{E2B}\x{E47}\x{E19}"
      text run at (0,12708) width 27: "\x{E04}\x{E25}\x{E37}\x{E48}\x{E19}"
      text run at (0,12726) width 26: "\x{E2B}\x{E0D}\x{E49}\x{E32}"
      text run at (0,12744) width 15: "\x{E21}\x{E32}"
      text run at (0,12762) width 22: "\x{E17}\x{E32}\x{E07}"
      text run at (0,12780) width 25: "\x{E14}\x{E49}\x{E32}\x{E19}"
      text run at (0,12798) width 20: "\x{E19}\x{E31}\x{E49}\x{E19}"
      text run at (0,12816) width 25: "\x{E14}\x{E49}\x{E27}\x{E22}"
      text run at (0,12834) width 15: "\x{E25}\x{E38}\x{E07}"
      text run at (0,12852) width 13: "\x{E40}\x{E2E}"
      text run at (0,12870) width 17: "\x{E19}\x{E23}\x{E35}"
      text run at (0,12888) width 18: "\x{E1C}\x{E38}\x{E14}"
      text run at (0,12906) width 17: "\x{E25}\x{E38}\x{E01}"
      text run at (0,12924) width 18: "\x{E02}\x{E36}\x{E49}\x{E19}"
      text run at (0,12942) width 19: "\x{E17}\x{E31}\x{E19}"
      text run at (0,12960) width 16: "\x{E43}\x{E14}"
      text run at (0,12978) width 7: "\""
      text run at (0,12996) width 17: "\x{E25}\x{E21}"
      text run at (0,13014) width 50: "\x{E44}\x{E0B}\x{E42}\x{E04}\x{E25}\x{E19}"
      text run at (0,13032) width 15: "\x{E21}\x{E32}"
      text run at (0,13050) width 22: "\x{E40}\x{E2D}\x{E47}\x{E21}"
      text run at (0,13068) width 7: "\""
      text run at (0,13086) width 15: "\x{E25}\x{E38}\x{E07}"
      text run at (0,13104) width 22: "\x{E23}\x{E49}\x{E2D}\x{E07}"
      text run at (0,13122) width 26: "\x{E1A}\x{E2D}\x{E01}"
      text run at (0,13140) width 37: "\x{E20}\x{E23}\x{E23}\x{E22}\x{E32}"
      text run at (0,13158) width 7: "\""
      text run at (0,13176) width 14: "\x{E02}\x{E49}\x{E32}"
      text run at (0,13194) width 14: "\x{E08}\x{E30}"
      text run at (0,13212) width 16: "\x{E44}\x{E1B}"
      text run at (0,13230) width 9: "\x{E14}\x{E39}"
      text run at (0,13248) width 25: "\x{E2A}\x{E31}\x{E15}\x{E27}\x{E4C}"
      text run at (0,13266) width 28: "\x{E40}\x{E25}\x{E35}\x{E49}\x{E22}\x{E07}"
      text run at (0,13284) width 35: "\x{E2B}\x{E19}\x{E48}\x{E2D}\x{E22}"
      text run at (0,13302) width 7: "\""
      text run at (0,13320) width 24: "\x{E41}\x{E25}\x{E49}\x{E27}"
      text run at (0,13338) width 15: "\x{E25}\x{E38}\x{E07}"
      text run at (0,13356) width 9: "\x{E01}\x{E47}"
      text run at (0,13374) width 15: "\x{E27}\x{E34}\x{E48}\x{E07}"
      text run at (0,13392) width 16: "\x{E44}\x{E1B}"
      text run at (0,13410) width 15: "\x{E22}\x{E31}\x{E07}"
      text run at (0,13428) width 22: "\x{E40}\x{E1E}\x{E34}\x{E07}"
      text run at (0,13446) width 9: "\x{E17}\x{E35}\x{E48}"
      text run at (0,13464) width 16: "\x{E27}\x{E31}\x{E27}"
      text run at (0,13482) width 22: "\x{E41}\x{E25}\x{E30}"
      text run at (0,13500) width 15: "\x{E21}\x{E49}\x{E32}"
      text run at (0,13518) width 31: "\x{E2D}\x{E32}\x{E28}\x{E31}\x{E22}"
      text run at (0,13536) width 16: "\x{E2D}\x{E22}\x{E39}\x{E48}"
      text run at (0,13554) width 15: "\x{E1B}\x{E49}\x{E32}"
      text run at (0,13572) width 22: "\x{E40}\x{E2D}\x{E47}\x{E21}"
      text run at (0,13590) width 26: "\x{E2B}\x{E22}\x{E38}\x{E14}"
      text run at (0,13608) width 38: "\x{E17}\x{E33}\x{E07}\x{E32}\x{E19}"
      text run at (0,13626) width 22: "\x{E41}\x{E25}\x{E30}"
      text run at (0,13644) width 15: "\x{E21}\x{E32}"
      text run at (0,13662) width 9: "\x{E17}\x{E35}\x{E48}"
      text run at (0,13680) width 31: "\x{E1B}\x{E23}\x{E30}\x{E15}\x{E39}"
      text run at (0,13698) width 30: "\x{E40}\x{E1E}\x{E35}\x{E22}\x{E07}"
      text run at (0,13716) width 37: "\x{E0A}\x{E32}\x{E22}\x{E15}\x{E32}"
      text run at (0,13734) width 24: "\x{E21}\x{E2D}\x{E07}"
      text run at (0,13752) width 15: "\x{E1B}\x{E49}\x{E32}"
      text run at (0,13770) width 9: "\x{E01}\x{E47}"
      text run at (0,13788) width 26: "\x{E1A}\x{E2D}\x{E01}"
      text run at (0,13806) width 16: "\x{E44}\x{E14}\x{E49}"
      text run at (0,13824) width 14: "\x{E27}\x{E48}\x{E32}"
      text run at (0,13842) width 48: "\x{E2D}\x{E31}\x{E19}\x{E15}\x{E23}\x{E32}\x{E22}"
      text run at (0,13860) width 15: "\x{E21}\x{E32}"
      text run at (0,13878) width 15: "\x{E16}\x{E36}\x{E07}"
      text run at (0,13896) width 24: "\x{E41}\x{E25}\x{E49}\x{E27}"
      text run at (0,13914) width 7: "\""
      text run at (0,13932) width 20: "\x{E40}\x{E23}\x{E47}\x{E27}"
      text run at (0,13950) width 16: "\x{E42}\x{E14}"
      text run at (0,13968) width 21: "\x{E42}\x{E23}\x{E18}\x{E35}"
      text run at (0,13986) width 5: "!"
      text run at (0,14004) width 7: "\""
      text run at (0,14022) width 15: "\x{E1B}\x{E49}\x{E32}"
      text run at (0,14040) width 41: "\x{E15}\x{E30}\x{E42}\x{E01}\x{E19}"
      text run at (0,14058) width 7: "\""
      text run at (0,14076) width 15: "\x{E27}\x{E34}\x{E48}\x{E07}"
      text run at (0,14094) width 16: "\x{E44}\x{E1B}"
      text run at (0,14112) width 24: "\x{E2B}\x{E49}\x{E2D}\x{E07}"
      text run at (0,14130) width 34: "\x{E43}\x{E15}\x{E49}\x{E16}\x{E38}\x{E19}"
      text run at (0,14148) width 7: "\""
      text run at (0,14166) width 16: "\x{E42}\x{E15}"
      text run at (0,14184) width 16: "\x{E42}\x{E15}\x{E49}"
      text run at (0,14202) width 27: "\x{E1C}\x{E25}\x{E38}\x{E19}"
      text run at (0,14220) width 47: "\x{E01}\x{E23}\x{E30}\x{E42}\x{E14}\x{E14}"
      text run at (0,14238) width 15: "\x{E25}\x{E07}"
      text run at (0,14256) width 23: "\x{E08}\x{E32}\x{E01}"
      text run at (0,14274) width 25: "\x{E2D}\x{E49}\x{E2D}\x{E21}"
      text run at (0,14292) width 26: "\x{E41}\x{E02}\x{E19}"
      text run at (0,14310) width 16: "\x{E42}\x{E14}"
      text run at (0,14328) width 21: "\x{E42}\x{E23}\x{E18}\x{E35}"
      text run at (0,14346) width 24: "\x{E41}\x{E25}\x{E49}\x{E27}"
      text run at (0,14364) width 19: "\x{E40}\x{E02}\x{E49}\x{E32}"
      text run at (0,14382) width 16: "\x{E44}\x{E1B}"
      text run at (0,14400) width 27: "\x{E0B}\x{E48}\x{E2D}\x{E19}"
      text run at (0,14418) width 16: "\x{E2D}\x{E22}\x{E39}\x{E48}"
      text run at (0,14436) width 16: "\x{E43}\x{E15}\x{E49}"
      text run at (0,14454) width 29: "\x{E40}\x{E15}\x{E35}\x{E22}\x{E07}"
      text run at (0,14472) width 23: "\x{E40}\x{E14}\x{E47}\x{E01}"
      text run at (0,14490) width 27: "\x{E2B}\x{E0D}\x{E34}\x{E07}"
      text run at (0,14508) width 26: "\x{E19}\x{E49}\x{E2D}\x{E22}"
      text run at (0,14526) width 19: "\x{E40}\x{E02}\x{E49}\x{E32}"
      text run at (0,14544) width 16: "\x{E44}\x{E1B}"
      text run at (0,14562) width 16: "\x{E14}\x{E36}\x{E07}"
      text run at (0,14580) width 19: "\x{E21}\x{E31}\x{E19}"
      text run at (0,14598) width 25: "\x{E2D}\x{E2D}\x{E01}"
      text run at (0,14616) width 15: "\x{E21}\x{E32}"
      text run at (0,14634) width 15: "\x{E1B}\x{E49}\x{E32}"
      text run at (0,14652) width 22: "\x{E40}\x{E2D}\x{E47}\x{E21}"
      text run at (0,14670) width 45: "\x{E01}\x{E23}\x{E30}\x{E0A}\x{E32}\x{E01}"
      text run at (0,14688) width 15: "\x{E1D}\x{E32}"
      text run at (0,14706) width 9: "\x{E17}\x{E35}\x{E48}"
      text run at (0,14724) width 20: "\x{E1E}\x{E37}\x{E49}\x{E19}"
      text run at (0,14742) width 25: "\x{E2D}\x{E2D}\x{E01}"
      text run at (0,14760) width 29: "\x{E2D}\x{E22}\x{E48}\x{E32}\x{E07}"
      text run at (0,14778) width 17: "\x{E2D}\x{E01}"
      text run at (0,14796) width 18: "\x{E2A}\x{E31}\x{E48}\x{E19}"
      text run at (0,14814) width 27: "\x{E02}\x{E27}\x{E31}\x{E0D}"
      text run at (0,14832) width 23: "\x{E2B}\x{E32}\x{E22}"
      text run at (0,14850) width 19: "\x{E1B}\x{E35}\x{E19}"
      text run at (0,14868) width 35: "\x{E1A}\x{E31}\x{E19}\x{E44}\x{E14}"
      text run at (0,14886) width 16: "\x{E44}\x{E21}\x{E49}"
      text run at (0,14904) width 15: "\x{E25}\x{E07}"
      text run at (0,14922) width 16: "\x{E44}\x{E1B}"
      text run at (0,14940) width 17: "\x{E43}\x{E19}"
      text run at (0,14958) width 31: "\x{E42}\x{E1E}\x{E23}\x{E07}"
      text run at (0,14976) width 22: "\x{E40}\x{E25}\x{E47}\x{E01}"
      text run at (0,14994) width 18: "\x{E2D}\x{E31}\x{E19}"
      text run at (0,15012) width 18: "\x{E21}\x{E37}\x{E14}"
      text run at (0,15030) width 18: "\x{E17}\x{E36}\x{E1A}"
      text run at (0,15048) width 16: "\x{E42}\x{E14}"
      text run at (0,15066) width 21: "\x{E42}\x{E23}\x{E18}\x{E35}"
      text run at (0,15084) width 17: "\x{E08}\x{E31}\x{E1A}"
      text run at (0,15102) width 16: "\x{E42}\x{E15}"
      text run at (0,15120) width 16: "\x{E42}\x{E15}\x{E49}"
      text run at (0,15138) width 16: "\x{E44}\x{E14}\x{E49}"
      text run at (0,15156) width 17: "\x{E43}\x{E19}"
      text run at (0,15174) width 9: "\x{E17}\x{E35}\x{E48}"
      text run at (0,15192) width 17: "\x{E2A}\x{E38}\x{E14}"
      text run at (0,15210) width 22: "\x{E41}\x{E25}\x{E30}"
      text run at (0,15228) width 15: "\x{E27}\x{E34}\x{E48}\x{E07}"
      text run at (0,15246) width 24: "\x{E15}\x{E32}\x{E21}"
      text run at (0,15264) width 15: "\x{E1B}\x{E49}\x{E32}"
      text run at (0,15282) width 20: "\x{E40}\x{E18}\x{E2D}"
      text run at (0,15300) width 16: "\x{E44}\x{E1B}"
      text run at (0,15318) width 22: "\x{E40}\x{E21}\x{E37}\x{E48}\x{E2D}"
      text run at (0,15336) width 20: "\x{E40}\x{E18}\x{E2D}"
      text run at (0,15354) width 15: "\x{E21}\x{E32}"
      text run at (0,15372) width 16: "\x{E44}\x{E14}\x{E49}"
      text run at (0,15390) width 23: "\x{E04}\x{E23}\x{E36}\x{E48}\x{E07}"
      text run at (0,15408) width 24: "\x{E2B}\x{E49}\x{E2D}\x{E07}"
      text run at (0,15426) width 9: "\x{E01}\x{E47}"
      text run at (0,15444) width 9: "\x{E21}\x{E35}"
      text run at (0,15462) width 28: "\x{E40}\x{E2A}\x{E35}\x{E22}\x{E07}"
      text run at (0,15480) width 26: "\x{E2B}\x{E27}\x{E35}\x{E14}"
      text run at (0,15498) width 25: "\x{E2B}\x{E27}\x{E37}\x{E2D}"
      text run at (0,15516) width 26: "\x{E2A}\x{E48}\x{E27}\x{E19}"
      text run at (0,15534) width 25: "\x{E1A}\x{E49}\x{E32}\x{E19}"
      text run at (0,15552) width 9: "\x{E01}\x{E47}"
      text run at (0,15570) width 18: "\x{E2A}\x{E31}\x{E48}\x{E19}"
      text run at (0,15588) width 29: "\x{E2D}\x{E22}\x{E48}\x{E32}\x{E07}"
      text run at (0,15606) width 22: "\x{E41}\x{E23}\x{E07}"
      text run at (0,15624) width 18: "\x{E08}\x{E19}"
      text run at (0,15642) width 20: "\x{E40}\x{E18}\x{E2D}"
      text run at (0,15660) width 18: "\x{E2B}\x{E01}"
      text run at (0,15678) width 30: "\x{E04}\x{E30}\x{E21}\x{E33}"
      text run at (0,15696) width 17: "\x{E19}\x{E31}\x{E48}\x{E07}"
      text run at (0,15714) width 34: "\x{E08}\x{E49}\x{E33}\x{E40}\x{E1A}\x{E49}\x{E32}"
      text run at (0,15732) width 16: "\x{E2D}\x{E22}\x{E39}\x{E48}"
      text run at (0,15750) width 18: "\x{E01}\x{E31}\x{E1A}"
      text run at (0,15768) width 20: "\x{E1E}\x{E37}\x{E49}\x{E19}"
      text run at (0,15786) width 24: "\x{E41}\x{E25}\x{E49}\x{E27}"
      text run at (0,15804) width 15: "\x{E2A}\x{E34}\x{E48}\x{E07}"
      text run at (0,15822) width 54: "\x{E1B}\x{E23}\x{E30}\x{E2B}\x{E25}\x{E32}\x{E14}"
      text run at (0,15840) width 9: "\x{E01}\x{E47}"
      text run at (0,15858) width 23: "\x{E40}\x{E01}\x{E34}\x{E14}"
      text run at (0,15876) width 18: "\x{E02}\x{E36}\x{E49}\x{E19}"
      text run at (0,15894) width 25: "\x{E1A}\x{E49}\x{E32}\x{E19}"
      text run at (0,15912) width 28: "\x{E2B}\x{E21}\x{E38}\x{E19}"
      text run at (0,15930) width 16: "\x{E44}\x{E1B}"
      text run at (0,15948) width 28: "\x{E2B}\x{E21}\x{E38}\x{E19}"
      text run at (0,15966) width 15: "\x{E21}\x{E32}"
      text run at (0,15984) width 23: "\x{E2A}\x{E2D}\x{E07}"
      text run at (0,16002) width 23: "\x{E2A}\x{E32}\x{E21}"
      text run at (0,16020) width 24: "\x{E23}\x{E2D}\x{E1A}"
      text run at (0,16038) width 24: "\x{E41}\x{E25}\x{E49}\x{E27}"
      text run at (0,16056) width 9: "\x{E01}\x{E47}"
      text run at (0,16074) width 24: "\x{E25}\x{E2D}\x{E22}"
      text run at (0,16092) width 18: "\x{E02}\x{E36}\x{E49}\x{E19}"
      text run at (0,16110) width 8: "\x{E2A}\x{E39}\x{E48}"
      text run at (0,16128) width 38: "\x{E2D}\x{E32}\x{E01}\x{E32}\x{E28}"
      text run at (0,16146) width 29: "\x{E2D}\x{E22}\x{E48}\x{E32}\x{E07}"
      text run at (0,16164) width 14: "\x{E0A}\x{E49}\x{E32}"
      text run at (0,16182) width 7: "\x{E46}"
      text run at (0,16200) width 16: "\x{E42}\x{E14}"
      text run at (0,16218) width 21: "\x{E42}\x{E23}\x{E18}\x{E35}"
      text run at (0,16236) width 24: "\x{E23}\x{E39}\x{E49}\x{E2A}\x{E36}\x{E01}"
      text run at (0,16254) width 21: "\x{E23}\x{E32}\x{E27}"
      text run at (0,16272) width 18: "\x{E01}\x{E31}\x{E1A}"
      text run at (0,16290) width 14: "\x{E27}\x{E48}\x{E32}"
      text run at (0,16308) width 20: "\x{E40}\x{E18}\x{E2D}"
      text run at (0,16326) width 16: "\x{E44}\x{E14}\x{E49}"
      text run at (0,16344) width 18: "\x{E02}\x{E36}\x{E49}\x{E19}"
      text run at (0,16362) width 16: "\x{E44}\x{E1B}"
      text run at (0,16380) width 18: "\x{E01}\x{E31}\x{E1A}"
      text run at (0,16398) width 17: "\x{E25}\x{E39}\x{E01}"
      text run at (0,16416) width 43: "\x{E1A}\x{E2D}\x{E25}\x{E25}\x{E39}\x{E19}"
      text run at (0,16434) width 24: "\x{E1E}\x{E32}\x{E22}\x{E38}"
      text run at (0,16452) width 32: "\x{E40}\x{E2B}\x{E19}\x{E37}\x{E2D}"
      text run at (0,16470) width 18: "\x{E01}\x{E31}\x{E1A}"
      text run at (0,16488) width 24: "\x{E1E}\x{E32}\x{E22}\x{E38}"
      text run at (0,16506) width 16: "\x{E43}\x{E15}\x{E49}"
      text run at (0,16524) width 15: "\x{E21}\x{E32}"
      text run at (0,16542) width 19: "\x{E1E}\x{E1A}"
      text run at (0,16560) width 19: "\x{E01}\x{E31}\x{E19}"
      text run at (0,16578) width 23: "\x{E15}\x{E23}\x{E07}"
      text run at (0,16596) width 9: "\x{E17}\x{E35}\x{E48}"
      text run at (0,16614) width 25: "\x{E1A}\x{E49}\x{E32}\x{E19}"
      text run at (0,16632) width 18: "\x{E1E}\x{E2D}"
      text run at (0,16650) width 9: "\x{E14}\x{E35}"
      text run at (0,16668) width 22: "\x{E41}\x{E25}\x{E30}"
      text run at (0,16686) width 15: "\x{E17}\x{E33}"
      text run at (0,16704) width 16: "\x{E43}\x{E2B}\x{E49}"
      text run at (0,16722) width 23: "\x{E15}\x{E23}\x{E07}"
      text run at (0,16740) width 20: "\x{E19}\x{E31}\x{E49}\x{E19}"
      text run at (0,16758) width 24: "\x{E40}\x{E1B}\x{E47}\x{E19}"
      text run at (0,16776) width 17: "\x{E08}\x{E38}\x{E14}"
      text run at (0,16794) width 27: "\x{E28}\x{E39}\x{E19}\x{E22}\x{E4C}"
      text run at (0,16812) width 30: "\x{E01}\x{E25}\x{E32}\x{E07}"
      text run at (0,16830) width 23: "\x{E02}\x{E2D}\x{E07}"
      text run at (0,16848) width 24: "\x{E1E}\x{E32}\x{E22}\x{E38}"
      text run at (0,16866) width 50: "\x{E44}\x{E0B}\x{E42}\x{E04}\x{E25}\x{E19}"
      text run at (0,16884) width 24: "\x{E15}\x{E32}\x{E21}"
      text run at (0,16902) width 27: "\x{E1B}\x{E01}\x{E15}\x{E34}"
      text run at (0,16920) width 23: "\x{E15}\x{E23}\x{E07}"
      text run at (0,16938) width 30: "\x{E01}\x{E25}\x{E32}\x{E07}"
      text run at (0,16956) width 24: "\x{E1E}\x{E32}\x{E22}\x{E38}"
      text run at (0,16974) width 50: "\x{E44}\x{E0B}\x{E42}\x{E04}\x{E25}\x{E19}"
      text run at (0,16992) width 38: "\x{E2D}\x{E32}\x{E01}\x{E32}\x{E28}"
      text run at (0,17010) width 14: "\x{E08}\x{E30}"
      text run at (0,17028) width 17: "\x{E19}\x{E34}\x{E48}\x{E07}"
      text run at (0,17046) width 17: "\x{E41}\x{E15}\x{E48}"
      text run at (0,17064) width 32: "\x{E04}\x{E27}\x{E32}\x{E21}"
      text run at (0,17082) width 37: "\x{E01}\x{E14}\x{E14}\x{E31}\x{E19}"
      text run at (0,17100) width 29: "\x{E2D}\x{E22}\x{E48}\x{E32}\x{E07}"
      text run at (0,17118) width 28: "\x{E2B}\x{E19}\x{E31}\x{E01}"
      text run at (0,17136) width 23: "\x{E02}\x{E2D}\x{E07}"
      text run at (0,17154) width 17: "\x{E25}\x{E21}"
      text run at (0,17172) width 18: "\x{E17}\x{E38}\x{E01}"
      text run at (0,17190) width 25: "\x{E14}\x{E49}\x{E32}\x{E19}"
      text run at (0,17208) width 24: "\x{E23}\x{E2D}\x{E1A}"
      text run at (0,17226) width 25: "\x{E1A}\x{E49}\x{E32}\x{E19}"
      text run at (0,17244) width 15: "\x{E17}\x{E33}"
      text run at (0,17262) width 16: "\x{E43}\x{E2B}\x{E49}"
      text run at (0,17280) width 25: "\x{E1A}\x{E49}\x{E32}\x{E19}"
      text run at (0,17298) width 24: "\x{E25}\x{E2D}\x{E22}"
      text run at (0,17316) width 15: "\x{E2A}\x{E39}\x{E07}"
      text run at (0,17334) width 18: "\x{E02}\x{E36}\x{E49}\x{E19}"
      text run at (0,17352) width 7: "\x{E46}"
      text run at (0,17370) width 18: "\x{E08}\x{E19}"
      text run at (0,17388) width 38: "\x{E01}\x{E23}\x{E30}\x{E17}\x{E31}\x{E48}\x{E07}"
      text run at (0,17406) width 18: "\x{E02}\x{E36}\x{E49}\x{E19}"
      text run at (0,17424) width 16: "\x{E44}\x{E1B}"
      text run at (0,17442) width 16: "\x{E2D}\x{E22}\x{E39}\x{E48}"
      text run at (0,17460) width 17: "\x{E2A}\x{E38}\x{E14}"
      text run at (0,17478) width 25: "\x{E22}\x{E2D}\x{E14}"
      text run at (0,17496) width 23: "\x{E02}\x{E2D}\x{E07}"
      text run at (0,17514) width 24: "\x{E1E}\x{E32}\x{E22}\x{E38}"
      text run at (0,17532) width 50: "\x{E44}\x{E0B}\x{E42}\x{E04}\x{E25}\x{E19}"
      text run at (0,17550) width 22: "\x{E41}\x{E25}\x{E30}"
      text run at (0,17568) width 23: "\x{E08}\x{E32}\x{E01}"
      text run at (0,17586) width 23: "\x{E15}\x{E23}\x{E07}"
      text run at (0,17604) width 20: "\x{E19}\x{E31}\x{E49}\x{E19}"
      text run at (0,17622) width 9: "\x{E01}\x{E47}"
      text run at (0,17640) width 17: "\x{E16}\x{E39}\x{E01}"
      text run at (0,17658) width 26: "\x{E2B}\x{E2D}\x{E1A}"
      text run at (0,17676) width 16: "\x{E44}\x{E1B}"
      text run at (0,17694) width 31: "\x{E2B}\x{E25}\x{E32}\x{E22}"
      text run at (0,17712) width 24: "\x{E44}\x{E21}\x{E25}\x{E4C}"
      text run at (0,17730) width 21: "\x{E07}\x{E48}\x{E32}\x{E22}"
      text run at (0,17748) width 23: "\x{E14}\x{E32}\x{E22}"
      text run at (0,17766) width 21: "\x{E23}\x{E32}\x{E27}"
      text run at (0,17784) width 18: "\x{E01}\x{E31}\x{E1A}"
      text run at (0,17802) width 26: "\x{E2B}\x{E2D}\x{E1A}"
      text run at (0,17820) width 18: "\x{E02}\x{E19}"
      text run at (0,17838) width 19: "\x{E19}\x{E01}"
      text run at (0,17856) width 18: "\x{E21}\x{E37}\x{E14}"
      text run at (0,17874) width 24: "\x{E21}\x{E32}\x{E01}"
      text run at (0,17892) width 24: "\x{E41}\x{E25}\x{E49}\x{E27}"
      text run at (0,17910) width 17: "\x{E25}\x{E21}"
      text run at (0,17928) width 15: "\x{E22}\x{E31}\x{E07}"
      text run at (0,17946) width 15: "\x{E2A}\x{E48}\x{E07}"
      text run at (0,17964) width 28: "\x{E40}\x{E2A}\x{E35}\x{E22}\x{E07}"
      text run at (0,17982) width 26: "\x{E2B}\x{E27}\x{E35}\x{E14}"
      text run at (0,18000) width 25: "\x{E2B}\x{E27}\x{E37}\x{E2D}"
      text run at (0,18018) width 16: "\x{E19}\x{E48}\x{E32}"
      text run at (0,18036) width 25: "\x{E01}\x{E25}\x{E31}\x{E27}"
      text run at (0,18054) width 16: "\x{E2D}\x{E22}\x{E39}\x{E48}"
      text run at (0,18072) width 24: "\x{E23}\x{E2D}\x{E1A}"
      text run at (0,18090) width 17: "\x{E15}\x{E31}\x{E27}"
      text run at (0,18108) width 20: "\x{E40}\x{E18}\x{E2D}"
      text run at (0,18126) width 17: "\x{E41}\x{E15}\x{E48}"
      text run at (0,18144) width 16: "\x{E42}\x{E14}"
      text run at (0,18162) width 21: "\x{E42}\x{E23}\x{E18}\x{E35}"
      text run at (0,18180) width 24: "\x{E40}\x{E2B}\x{E47}\x{E19}"
      text run at (0,18198) width 14: "\x{E27}\x{E48}\x{E32}"
      text run at (0,18216) width 20: "\x{E40}\x{E18}\x{E2D}"
      text run at (0,18234) width 44: "\x{E2A}\x{E32}\x{E21}\x{E32}\x{E23}\x{E16}"
      text run at (0,18252) width 17: "\x{E19}\x{E31}\x{E48}\x{E07}"
      text run at (0,18270) width 16: "\x{E44}\x{E1B}"
      text run at (0,18288) width 16: "\x{E44}\x{E14}\x{E49}"
      text run at (0,18306) width 22: "\x{E2D}\x{E22}\x{E48}\x{E32}"
      text run at (0,18324) width 28: "\x{E07}\x{E07}\x{E48}\x{E32}\x{E22}"
      text run at (0,18342) width 23: "\x{E14}\x{E32}\x{E22}"
      text run at (0,18360) width 19: "\x{E19}\x{E31}\x{E01}"
      text run at (0,18378) width 23: "\x{E04}\x{E23}\x{E31}\x{E49}\x{E07}"
      text run at (0,18396) width 26: "\x{E2B}\x{E19}\x{E36}\x{E48}\x{E07}"
      text run at (0,18414) width 24: "\x{E2B}\x{E25}\x{E31}\x{E07}"
      text run at (0,18432) width 23: "\x{E08}\x{E32}\x{E01}"
      text run at (0,18450) width 9: "\x{E17}\x{E35}\x{E48}"
      text run at (0,18468) width 25: "\x{E1A}\x{E49}\x{E32}\x{E19}"
      text run at (0,18486) width 32: "\x{E2A}\x{E30}\x{E14}\x{E38}\x{E14}"
      text run at (0,18504) width 29: "\x{E2D}\x{E22}\x{E48}\x{E32}\x{E07}"
      text run at (0,18522) width 22: "\x{E41}\x{E23}\x{E07}"
      text run at (0,18540) width 22: "\x{E41}\x{E25}\x{E30}"
      text run at (0,18558) width 28: "\x{E2B}\x{E21}\x{E38}\x{E19}"
      text run at (0,18576) width 16: "\x{E44}\x{E1B}"
      text run at (0,18594) width 24: "\x{E23}\x{E2D}\x{E1A}"
      text run at (0,18612) width 7: "\x{E46}"
      text run at (0,18630) width 23: "\x{E2A}\x{E2D}\x{E07}"
      text run at (0,18648) width 23: "\x{E2A}\x{E32}\x{E21}"
      text run at (0,18666) width 23: "\x{E04}\x{E23}\x{E31}\x{E49}\x{E07}"
      text run at (0,18684) width 17: "\x{E43}\x{E19}"
      text run at (0,18702) width 27: "\x{E15}\x{E2D}\x{E19}"
      text run at (0,18720) width 24: "\x{E41}\x{E23}\x{E01}"
      text run at (0,18738) width 20: "\x{E40}\x{E18}\x{E2D}"
      text run at (0,18756) width 9: "\x{E01}\x{E47}"
      text run at (0,18774) width 24: "\x{E23}\x{E39}\x{E49}\x{E2A}\x{E36}\x{E01}"
      text run at (0,18792) width 14: "\x{E27}\x{E48}\x{E32}"
      text run at (0,18810) width 17: "\x{E15}\x{E31}\x{E27}"
      text run at (0,18828) width 20: "\x{E40}\x{E2D}\x{E07}"
      text run at (0,18846) width 17: "\x{E16}\x{E39}\x{E01}"
      text run at (0,18864) width 32: "\x{E41}\x{E01}\x{E27}\x{E48}\x{E07}"
      text run at (0,18882) width 29: "\x{E2D}\x{E22}\x{E48}\x{E32}\x{E07}"
      text run at (0,18900) width 25: "\x{E41}\x{E1C}\x{E48}\x{E27}"
      text run at (0,18918) width 20: "\x{E40}\x{E1A}\x{E32}"
      text run at (0,18936) width 21: "\x{E23}\x{E32}\x{E27}"
      text run at (0,18954) width 31: "\x{E17}\x{E32}\x{E23}\x{E01}"
      text run at (0,18972) width 17: "\x{E43}\x{E19}"
      text run at (0,18990) width 22: "\x{E40}\x{E1B}\x{E25}"
      text run at (0,19008) width 16: "\x{E42}\x{E15}"
      text run at (0,19026) width 16: "\x{E42}\x{E15}\x{E49}"
      text run at (0,19044) width 16: "\x{E44}\x{E21}\x{E48}"
      text run at (0,19062) width 25: "\x{E0A}\x{E2D}\x{E1A}"
      text run at (0,19080) width 15: "\x{E43}\x{E08}"
      text run at (0,19098) width 21: "\x{E40}\x{E25}\x{E22}"
      text run at (0,19116) width 19: "\x{E21}\x{E31}\x{E19}"
      text run at (0,19134) width 15: "\x{E27}\x{E34}\x{E48}\x{E07}"
      text run at (0,19152) width 16: "\x{E44}\x{E1B}"
      text run at (0,19170) width 15: "\x{E27}\x{E34}\x{E48}\x{E07}"
      text run at (0,19188) width 15: "\x{E21}\x{E32}"
      text run at (0,19206) width 24: "\x{E23}\x{E2D}\x{E1A}"
      text run at (0,19224) width 24: "\x{E2B}\x{E49}\x{E2D}\x{E07}"
      text run at (0,19242) width 22: "\x{E17}\x{E32}\x{E07}"
      text run at (0,19260) width 27: "\x{E42}\x{E19}\x{E49}\x{E19}"
      text run at (0,19278) width 9: "\x{E17}\x{E35}"
      text run at (0,19296) width 22: "\x{E17}\x{E32}\x{E07}"
      text run at (0,19314) width 10: "\x{E19}\x{E35}\x{E49}"
      text run at (0,19332) width 9: "\x{E17}\x{E35}"
      text run at (0,19350) width 15: "\x{E2A}\x{E48}\x{E07}"
      text run at (0,19368) width 28: "\x{E40}\x{E2A}\x{E35}\x{E22}\x{E07}"
      text run at (0,19386) width 20: "\x{E40}\x{E2B}\x{E48}\x{E32}"
      text run at (0,19404) width 16: "\x{E14}\x{E31}\x{E07}"
      text run at (0,19422) width 24: "\x{E01}\x{E49}\x{E2D}\x{E07}"
      text run at (0,19440) width 17: "\x{E41}\x{E15}\x{E48}"
      text run at (0,19458) width 16: "\x{E42}\x{E14}"
      text run at (0,19476) width 21: "\x{E42}\x{E23}\x{E18}\x{E35}"
      text run at (0,19494) width 17: "\x{E19}\x{E31}\x{E48}\x{E07}"
      text run at (0,19512) width 17: "\x{E19}\x{E34}\x{E48}\x{E07}"
      text run at (0,19530) width 16: "\x{E2D}\x{E22}\x{E39}\x{E48}"
      text run at (0,19548) width 19: "\x{E1A}\x{E19}"
      text run at (0,19566) width 20: "\x{E1E}\x{E37}\x{E49}\x{E19}"
      text run at (0,19584) width 20: "\x{E40}\x{E1D}\x{E49}\x{E32}"
      text run at (0,19602) width 25: "\x{E04}\x{E2D}\x{E22}"
      text run at (0,19620) width 9: "\x{E14}\x{E39}"
      text run at (0,19638) width 14: "\x{E27}\x{E48}\x{E32}"
      text run at (0,19656) width 14: "\x{E08}\x{E30}"
      text run at (0,19674) width 23: "\x{E40}\x{E01}\x{E34}\x{E14}"
      text run at (0,19692) width 28: "\x{E2D}\x{E30}\x{E44}\x{E23}"
      text run at (0,19710) width 18: "\x{E02}\x{E36}\x{E49}\x{E19}"
      text run at (0,19728) width 23: "\x{E04}\x{E23}\x{E31}\x{E49}\x{E07}"
      text run at (0,19746) width 26: "\x{E2B}\x{E19}\x{E36}\x{E48}\x{E07}"
      text run at (0,19764) width 16: "\x{E42}\x{E15}"
      text run at (0,19782) width 16: "\x{E42}\x{E15}\x{E49}"
      text run at (0,19800) width 19: "\x{E40}\x{E02}\x{E49}\x{E32}"
      text run at (0,19818) width 16: "\x{E44}\x{E1B}"
      text run at (0,19836) width 24: "\x{E43}\x{E01}\x{E25}\x{E49}"
      text run at (0,19854) width 15: "\x{E1D}\x{E32}"
      text run at (0,19872) width 9: "\x{E17}\x{E35}\x{E48}"
      text run at (0,19890) width 20: "\x{E1E}\x{E37}\x{E49}\x{E19}"
      text run at (0,19908) width 24: "\x{E21}\x{E32}\x{E01}"
      text run at (0,19926) width 16: "\x{E44}\x{E1B}"
      text run at (0,19944) width 21: "\x{E40}\x{E25}\x{E22}"
      text run at (0,19962) width 27: "\x{E1E}\x{E25}\x{E31}\x{E14}"
      text run at (0,19980) width 33: "\x{E15}\x{E01}\x{E25}\x{E07}"
      text run at (0,19998) width 16: "\x{E44}\x{E1B}"
      text run at (0,20016) width 9: "\x{E17}\x{E35}"
      text run at (0,20034) width 24: "\x{E41}\x{E23}\x{E01}"
      text run at (0,20052) width 23: "\x{E40}\x{E14}\x{E47}\x{E01}"
      text run at (0,20070) width 27: "\x{E2B}\x{E0D}\x{E34}\x{E07}"
      text run at (0,20088) width 18: "\x{E04}\x{E34}\x{E14}"
      text run at (0,20106) width 14: "\x{E27}\x{E48}\x{E32}"
      text run at (0,20124) width 20: "\x{E40}\x{E18}\x{E2D}"
      text run at (0,20142) width 14: "\x{E08}\x{E30}"
      text run at (0,20160) width 19: "\x{E2A}\x{E39}\x{E0D}"
      text run at (0,20178) width 21: "\x{E40}\x{E2A}\x{E35}\x{E22}"
      text run at (0,20196) width 19: "\x{E21}\x{E31}\x{E19}"
      text run at (0,20214) width 16: "\x{E44}\x{E1B}"
      text run at (0,20232) width 21: "\x{E40}\x{E2A}\x{E35}\x{E22}"
      text run at (0,20250) width 24: "\x{E41}\x{E25}\x{E49}\x{E27}"
      text run at (0,20268) width 17: "\x{E41}\x{E15}\x{E48}"
      text run at (0,20286) width 16: "\x{E0A}\x{E31}\x{E48}\x{E27}"
      text run at (0,20304) width 16: "\x{E04}\x{E23}\x{E39}\x{E48}"
      text run at (0,20322) width 20: "\x{E40}\x{E18}\x{E2D}"
      text run at (0,20340) width 9: "\x{E01}\x{E47}"
      text run at (0,20358) width 24: "\x{E40}\x{E2B}\x{E47}\x{E19}"
      text run at (0,20376) width 9: "\x{E2B}\x{E39}"
      text run at (0,20394) width 23: "\x{E02}\x{E2D}\x{E07}"
      text run at (0,20412) width 19: "\x{E21}\x{E31}\x{E19}"
      text run at (0,20430) width 24: "\x{E42}\x{E1C}\x{E25}\x{E48}"
      text run at (0,20448) width 18: "\x{E02}\x{E36}\x{E49}\x{E19}"
      text run at (0,20466) width 15: "\x{E21}\x{E32}"
      text run at (0,20484) width 23: "\x{E08}\x{E32}\x{E01}"
      text run at (0,20502) width 23: "\x{E0A}\x{E48}\x{E2D}\x{E07}"
      text run at (0,20520) width 20: "\x{E19}\x{E31}\x{E49}\x{E19}"
      text run at (0,20538) width 16: "\x{E17}\x{E31}\x{E49}\x{E07}"
      text run at (0,20556) width 10: "\x{E19}\x{E35}\x{E49}"
      text run at (0,20574) width 34: "\x{E40}\x{E1E}\x{E23}\x{E32}\x{E30}"
      text run at (0,20592) width 22: "\x{E41}\x{E23}\x{E07}"
      text run at (0,20610) width 18: "\x{E01}\x{E14}"
      text run at (0,20628) width 29: "\x{E2D}\x{E22}\x{E48}\x{E32}\x{E07}"
      text run at (0,20646) width 28: "\x{E2B}\x{E19}\x{E31}\x{E01}"
      text run at (0,20664) width 23: "\x{E02}\x{E2D}\x{E07}"
      text run at (0,20682) width 38: "\x{E2D}\x{E32}\x{E01}\x{E32}\x{E28}"
      text run at (0,20700) width 15: "\x{E17}\x{E33}"
      text run at (0,20718) width 16: "\x{E43}\x{E2B}\x{E49}"
      text run at (0,20736) width 16: "\x{E42}\x{E15}"
      text run at (0,20754) width 16: "\x{E42}\x{E15}\x{E49}"
      text run at (0,20772) width 16: "\x{E44}\x{E21}\x{E48}"
      text run at (0,20790) width 33: "\x{E15}\x{E01}\x{E25}\x{E07}"
      text run at (0,20808) width 16: "\x{E44}\x{E1B}"
      text run at (0,20826) width 21: "\x{E02}\x{E49}\x{E32}\x{E07}"
      text run at (0,20844) width 21: "\x{E25}\x{E48}\x{E32}\x{E07}"
      text run at (0,20862) width 16: "\x{E42}\x{E14}"
      text run at (0,20880) width 21: "\x{E42}\x{E23}\x{E18}\x{E35}"
      text run at (0,20898) width 33: "\x{E04}\x{E25}\x{E32}\x{E19}"
      text run at (0,20916) width 16: "\x{E44}\x{E1B}"
      text run at (0,20934) width 9: "\x{E17}\x{E35}\x{E48}"
      text run at (0,20952) width 23: "\x{E0A}\x{E48}\x{E2D}\x{E07}"
      text run at (0,20970) width 20: "\x{E19}\x{E31}\x{E49}\x{E19}"
      text run at (0,20988) width 17: "\x{E08}\x{E31}\x{E1A}"
      text run at (0,21006) width 9: "\x{E2B}\x{E39}"
      text run at (0,21024) width 16: "\x{E42}\x{E15}"
      text run at (0,21042) width 16: "\x{E42}\x{E15}\x{E49}"
      text run at (0,21060) width 15: "\x{E44}\x{E27}\x{E49}"
      text run at (0,21078) width 16: "\x{E44}\x{E14}\x{E49}"
      text run at (0,21096) width 22: "\x{E41}\x{E25}\x{E30}"
      text run at (0,21114) width 23: "\x{E25}\x{E32}\x{E01}"
      text run at (0,21132) width 19: "\x{E21}\x{E31}\x{E19}"
      text run at (0,21150) width 15: "\x{E21}\x{E32}"
      text run at (0,21168) width 9: "\x{E17}\x{E35}\x{E48}"
      text run at (0,21186) width 24: "\x{E2B}\x{E49}\x{E2D}\x{E07}"
      text run at (0,21204) width 17: "\x{E2D}\x{E35}\x{E01}"
      text run at (0,21222) width 24: "\x{E2B}\x{E25}\x{E31}\x{E07}"
      text run at (0,21240) width 23: "\x{E08}\x{E32}\x{E01}"
      text run at (0,21258) width 20: "\x{E19}\x{E31}\x{E49}\x{E19}"
      text run at (0,21276) width 9: "\x{E01}\x{E47}"
      text run at (0,21294) width 18: "\x{E1B}\x{E34}\x{E14}"
      text run at (0,21312) width 15: "\x{E1D}\x{E32}"
      text run at (0,21330) width 20: "\x{E1E}\x{E37}\x{E49}\x{E19}"
      text run at (0,21348) width 23: "\x{E40}\x{E1E}\x{E37}\x{E48}\x{E2D}"
      text run at (0,21366) width 14: "\x{E08}\x{E30}"
      text run at (0,21384) width 16: "\x{E44}\x{E14}\x{E49}"
      text run at (0,21402) width 16: "\x{E44}\x{E21}\x{E48}"
      text run at (0,21420) width 23: "\x{E40}\x{E01}\x{E34}\x{E14}"
      text run at (0,21438) width 49: "\x{E2D}\x{E38}\x{E1A}\x{E31}\x{E15}\x{E34}\x{E40}\x{E2B}\x{E15}\x{E38}"
      text run at (0,21456) width 17: "\x{E2D}\x{E35}\x{E01}"
      text run at (0,21474) width 39: "\x{E0A}\x{E31}\x{E48}\x{E27}\x{E42}\x{E21}\x{E07}"
      text run at (0,21492) width 24: "\x{E41}\x{E25}\x{E49}\x{E27}"
      text run at (0,21510) width 39: "\x{E0A}\x{E31}\x{E48}\x{E27}\x{E42}\x{E21}\x{E07}"
      text run at (0,21528) width 19: "\x{E40}\x{E25}\x{E48}\x{E32}"
      text run at (0,21546) width 25: "\x{E1C}\x{E48}\x{E32}\x{E19}"
      text run at (0,21564) width 16: "\x{E44}\x{E1B}"
      text run at (0,21582) width 16: "\x{E42}\x{E14}"
      text run at (0,21600) width 21: "\x{E42}\x{E23}\x{E18}\x{E35}"
      text run at (0,21618) width 25: "\x{E04}\x{E48}\x{E2D}\x{E22}"
      text run at (0,21636) width 7: "\x{E46}"
      text run at (0,21654) width 23: "\x{E2B}\x{E32}\x{E22}"
      text run at (0,21672) width 25: "\x{E01}\x{E25}\x{E31}\x{E27}"
      text run at (0,21690) width 17: "\x{E41}\x{E15}\x{E48}"
      text run at (0,21708) width 20: "\x{E40}\x{E18}\x{E2D}"
      text run at (0,21726) width 24: "\x{E23}\x{E39}\x{E49}\x{E2A}\x{E36}\x{E01}"
      text run at (0,21744) width 27: "\x{E40}\x{E2B}\x{E07}\x{E32}"
      text run at (0,21762) width 30: "\x{E40}\x{E2B}\x{E25}\x{E37}\x{E2D}"
      text run at (0,21780) width 24: "\x{E40}\x{E01}\x{E34}\x{E19}"
      text run at (0,21798) width 22: "\x{E41}\x{E25}\x{E30}"
      text run at (0,21816) width 17: "\x{E25}\x{E21}"
      text run at (0,21834) width 9: "\x{E01}\x{E47}"
      text run at (0,21852) width 15: "\x{E2A}\x{E48}\x{E07}"
      text run at (0,21870) width 28: "\x{E40}\x{E2A}\x{E35}\x{E22}\x{E07}"
      text run at (0,21888) width 26: "\x{E2B}\x{E27}\x{E35}\x{E14}"
      text run at (0,21906) width 25: "\x{E2B}\x{E27}\x{E37}\x{E2D}"
      text run at (0,21924) width 16: "\x{E14}\x{E31}\x{E07}"
      text run at (0,21942) width 21: "\x{E40}\x{E2A}\x{E35}\x{E22}"
      text run at (0,21960) width 18: "\x{E08}\x{E19}"
      text run at (0,21978) width 20: "\x{E40}\x{E18}\x{E2D}"
      text run at (0,21996) width 26: "\x{E41}\x{E17}\x{E1A}"
      text run at (0,22014) width 14: "\x{E08}\x{E30}"
      text run at (0,22032) width 9: "\x{E2B}\x{E39}"
      text run at (0,22050) width 36: "\x{E2B}\x{E19}\x{E27}\x{E01}"
      text run at (0,22068) width 9: "\x{E17}\x{E35}"
      text run at (0,22086) width 24: "\x{E41}\x{E23}\x{E01}"
      text run at (0,22104) width 20: "\x{E40}\x{E18}\x{E2D}"
      text run at (0,22122) width 31: "\x{E2A}\x{E07}\x{E2A}\x{E31}\x{E22}"
      text run at (0,22140) width 14: "\x{E27}\x{E48}\x{E32}"
      text run at (0,22158) width 16: "\x{E04}\x{E07}"
      text run at (0,22176) width 14: "\x{E08}\x{E30}"
      text run at (0,22194) width 17: "\x{E16}\x{E39}\x{E01}"
      text run at (0,22212) width 19: "\x{E09}\x{E35}\x{E01}"
      text run at (0,22230) width 45: "\x{E01}\x{E23}\x{E30}\x{E0A}\x{E32}\x{E01}"
      text run at (0,22248) width 25: "\x{E2D}\x{E2D}\x{E01}"
      text run at (0,22266) width 24: "\x{E40}\x{E1B}\x{E47}\x{E19}"
      text run at (0,22284) width 18: "\x{E0A}\x{E34}\x{E49}\x{E19}"
      text run at (0,22302) width 22: "\x{E40}\x{E25}\x{E47}\x{E01}"
      text run at (0,22320) width 18: "\x{E0A}\x{E34}\x{E49}\x{E19}"
      text run at (0,22338) width 26: "\x{E19}\x{E49}\x{E2D}\x{E22}"
      text run at (0,22356) width 22: "\x{E40}\x{E21}\x{E37}\x{E48}\x{E2D}"
      text run at (0,22374) width 25: "\x{E1A}\x{E49}\x{E32}\x{E19}"
      text run at (0,22392) width 23: "\x{E40}\x{E2D}\x{E19}"
      text run at (0,22410) width 17: "\x{E25}\x{E49}\x{E21}"
      text run at (0,22428) width 15: "\x{E25}\x{E07}"
      text run at (0,22446) width 17: "\x{E2D}\x{E35}\x{E01}"
      text run at (0,22464) width 23: "\x{E04}\x{E23}\x{E31}\x{E49}\x{E07}"
      text run at (0,22482) width 17: "\x{E41}\x{E15}\x{E48}"
      text run at (0,22500) width 31: "\x{E2B}\x{E25}\x{E32}\x{E22}"
      text run at (0,22518) width 39: "\x{E0A}\x{E31}\x{E48}\x{E27}\x{E42}\x{E21}\x{E07}"
      text run at (0,22536) width 25: "\x{E1C}\x{E48}\x{E32}\x{E19}"
      text run at (0,22554) width 16: "\x{E44}\x{E1B}"
      text run at (0,22572) width 9: "\x{E01}\x{E47}"
      text run at (0,22590) width 16: "\x{E44}\x{E21}\x{E48}"
      text run at (0,22608) width 9: "\x{E21}\x{E35}"
      text run at (0,22626) width 28: "\x{E2D}\x{E30}\x{E44}\x{E23}"
      text run at (0,22644) width 23: "\x{E40}\x{E01}\x{E34}\x{E14}"
      text run at (0,22662) width 18: "\x{E02}\x{E36}\x{E49}\x{E19}"
      text run at (0,22680) width 20: "\x{E40}\x{E18}\x{E2D}"
      text run at (0,22698) width 21: "\x{E40}\x{E25}\x{E22}"
      text run at (0,22716) width 22: "\x{E40}\x{E25}\x{E34}\x{E01}"
      text run at (0,22734) width 26: "\x{E27}\x{E34}\x{E15}\x{E01}"
      text run at (0,22752) width 22: "\x{E41}\x{E25}\x{E30}"
      text run at (0,22770) width 36: "\x{E15}\x{E31}\x{E14}\x{E2A}\x{E34}\x{E19}"
      text run at (0,22788) width 15: "\x{E43}\x{E08}"
      text run at (0,22806) width 25: "\x{E04}\x{E2D}\x{E22}"
      text run at (0,22824) width 9: "\x{E14}\x{E39}"
      text run at (0,22842) width 29: "\x{E2D}\x{E22}\x{E48}\x{E32}\x{E07}"
      text run at (0,22860) width 24: "\x{E2A}\x{E07}\x{E1A}"
      text run at (0,22878) width 22: "\x{E41}\x{E25}\x{E30}"
      text run at (0,22896) width 15: "\x{E23}\x{E2D}"
      text run at (0,22914) width 14: "\x{E27}\x{E48}\x{E32}"
      text run at (0,22932) width 42: "\x{E2D}\x{E19}\x{E32}\x{E04}\x{E15}"
      text run at (0,22950) width 14: "\x{E08}\x{E30}"
      text run at (0,22968) width 24: "\x{E40}\x{E1B}\x{E47}\x{E19}"
      text run at (0,22986) width 43: "\x{E2D}\x{E22}\x{E48}\x{E32}\x{E07}\x{E44}\x{E23}"
      text run at (0,23004) width 17: "\x{E43}\x{E19}"
      text run at (0,23022) width 9: "\x{E17}\x{E35}\x{E48}"
      text run at (0,23040) width 17: "\x{E2A}\x{E38}\x{E14}"
      text run at (0,23058) width 20: "\x{E40}\x{E18}\x{E2D}"
      text run at (0,23076) width 33: "\x{E04}\x{E25}\x{E32}\x{E19}"
      text run at (0,23094) width 23: "\x{E08}\x{E32}\x{E01}"
      text run at (0,23112) width 20: "\x{E1E}\x{E37}\x{E49}\x{E19}"
      text run at (0,23130) width 24: "\x{E2B}\x{E49}\x{E2D}\x{E07}"
      text run at (0,23148) width 9: "\x{E17}\x{E35}\x{E48}"
      text run at (0,23166) width 24: "\x{E42}\x{E22}\x{E01}"
      text run at (0,23184) width 16: "\x{E44}\x{E1B}"
      text run at (0,23202) width 15: "\x{E21}\x{E32}"
      text run at (0,23220) width 18: "\x{E02}\x{E36}\x{E49}\x{E19}"
      text run at (0,23238) width 16: "\x{E44}\x{E1B}"
      text run at (0,23256) width 19: "\x{E1A}\x{E19}"
      text run at (0,23274) width 29: "\x{E40}\x{E15}\x{E35}\x{E22}\x{E07}"
      text run at (0,23292) width 24: "\x{E41}\x{E25}\x{E49}\x{E27}"
      text run at (0,23310) width 9: "\x{E01}\x{E47}"
      text run at (0,23328) width 28: "\x{E19}\x{E2D}\x{E19}"
      text run at (0,23346) width 15: "\x{E25}\x{E07}"
      text run at (0,23364) width 16: "\x{E42}\x{E15}"
      text run at (0,23382) width 16: "\x{E42}\x{E15}\x{E49}"
      text run at (0,23400) width 24: "\x{E15}\x{E32}\x{E21}"
      text run at (0,23418) width 18: "\x{E15}\x{E34}\x{E14}"
      text run at (0,23436) width 15: "\x{E21}\x{E32}"
      text run at (0,23454) width 28: "\x{E19}\x{E2D}\x{E19}"
      text run at (0,23472) width 15: "\x{E25}\x{E07}"
      text run at (0,23490) width 24: "\x{E43}\x{E01}\x{E25}\x{E49}"
      text run at (0,23508) width 7: "\x{E46}"
      text run at (0,23526) width 20: "\x{E40}\x{E18}\x{E2D}"
      text run at (0,23544) width 16: "\x{E44}\x{E21}\x{E48}"
      text run at (0,23562) width 14: "\x{E0A}\x{E49}\x{E32}"
      text run at (0,23580) width 16: "\x{E42}\x{E14}"
      text run at (0,23598) width 21: "\x{E42}\x{E23}\x{E18}\x{E35}"
      text run at (0,23616) width 9: "\x{E01}\x{E47}"
      text run at (0,23634) width 18: "\x{E1B}\x{E34}\x{E14}"
      text run at (0,23652) width 15: "\x{E15}\x{E32}"
      text run at (0,23670) width 15: "\x{E25}\x{E07}"
      text run at (0,23688) width 26: "\x{E2B}\x{E25}\x{E31}\x{E1A}"
      text run at (0,23706) width 33: "\x{E1C}\x{E25}\x{E47}\x{E2D}\x{E22}"
      text run at (0,23724) width 16: "\x{E44}\x{E1B}"
      text run at (0,23742) width 29: "\x{E2D}\x{E22}\x{E48}\x{E32}\x{E07}"
      text run at (0,23760) width 27: "\x{E2A}\x{E19}\x{E34}\x{E17}"
      text run at (0,23778) width 16: "\x{E17}\x{E31}\x{E49}\x{E07}"
      text run at (0,23796) width 7: "\x{E46}"
      text run at (0,23814) width 9: "\x{E17}\x{E35}\x{E48}"
      text run at (0,23832) width 25: "\x{E1A}\x{E49}\x{E32}\x{E19}"
      text run at (0,23850) width 24: "\x{E42}\x{E22}\x{E01}"
      text run at (0,23868) width 16: "\x{E44}\x{E1B}"
      text run at (0,23886) width 15: "\x{E21}\x{E32}"
      text run at (0,23904) width 22: "\x{E41}\x{E25}\x{E30}"
      text run at (0,23922) width 17: "\x{E25}\x{E21}"
      text run at (0,23940) width 9: "\x{E01}\x{E47}"
      text run at (0,23958) width 29: "\x{E04}\x{E23}\x{E32}\x{E07}"
      text run at (0,23976) width 26: "\x{E2B}\x{E27}\x{E35}\x{E14}"
      text run at (0,23994) width 25: "\x{E2B}\x{E27}\x{E37}\x{E2D}"
