layer at (0,0) size 800x600
  RenderView at (0,0) size 800x600
layer at (0,0) size 800x600
  RenderBlock {HTML} at (0,0) size 800x600
    RenderBody {BODY} at (8,8) size 784x584
      RenderMenuList {SELECT} at (0,0) size 65x30 [bgcolor=#FFFFFF] [border: (1px solid #000000)]
        RenderBlock (anonymous) at (1,1) size 63x28
          RenderText at (5,5) size 37x17
            text run at (5,5) width 37: "Hello"
      RenderBlock (anonymous) at (0,30) size 784x18
        RenderText {#text} at (0,0) size 297x17
          text run at (0,0) width 297: "This text should be *below* the select widget."
