layer at (0,0) size 800x600
  RenderView at (0,0) size 800x600
layer at (0,0) size 800x600
  RenderBlock {HTML} at (0,0) size 800x600
    RenderBody {BODY} at (8,8) size 784x584
      RenderMenuList {SELECT} at (0,0) size 65x30 [bgcolor=#FFFFFF] [border: (1px solid #000000)]
        RenderBlock (anonymous) at (1,1) size 63x28
          RenderText at (5,5) size 37x17
            text run at (5,5) width 37: "Hello"
      RenderText {#text} at (65,6) size 4x17
        text run at (65,6) width 4: " "
      RenderMenuList {SELECT} at (69,0) size 93x30 [bgcolor=#FFFFFF] [border: (1px solid #000000)]
        RenderBlock (anonymous) at (1,1) size 91x28
          RenderText at (5,5) size 65x17
            text run at (5,5) width 65: "Goodbye"
      RenderText {#text} at (0,0) size 0x0
