layer at (0,0) size 800x600
  RenderView at (0,0) size 800x600
layer at (0,0) size 800x600
  RenderBlock {HTML} at (0,0) size 800x600
    RenderBody {BODY} at (8,8) size 784x584
      RenderBlock {DIV} at (0,0) size 784x72 [border: (5px solid #000000)]
        RenderFieldSet {FIELDSET} at (7,5) size 770x62 [border: (10px groove #FF0000)]
          RenderBlock {LEGEND} at (42,0) size 122x18
            RenderText {#text} at (2,0) size 118x17
              text run at (2,0) width 118: "Test without forms"
          RenderBlock {DIV} at (22,23) size 726x19
            RenderText {#text} at (0,0) size 275x17
              text run at (0,0) width 275: "A DIV inside a fieldset, not related to forms"
