layer at (0,0) size 785x1996
  RenderView at (0,0) size 785x600
layer at (0,0) size 785x1996
  RenderBlock {HTML} at (0,0) size 785x1996
    RenderBody {BODY} at (0,0) size 785x1996
      RenderIFrame {IFRAME} at (0,0) size 785x1019
        layer at (0,0) size 785x1019
          RenderView at (0,0) size 785x1019
        layer at (0,0) size 785x1019
          RenderBlock {HTML} at (0,0) size 785x1019
            RenderBody {BODY} at (0,5) size 785x1014
              RenderBlock {DIV} at (0,0) size 785x18
                RenderText {#text} at (0,0) size 196x17
                  text run at (0,0) width 196: "CompatMode: CSS1Compat"
              RenderBlock (anonymous) at (0,23) size 785x991
                RenderBlock {DIV} at (0,31) size 207x67 [border: (1px solid #0000FF)]
                  RenderBlock {SPAN} at (1,12) size 80x0
                  RenderBR {BR} at (81,1) size 0x14
                RenderBlock {DIV} at (207,31) size 207x67 [border: (1px solid #0000FF)]
                  RenderBlock {SPAN} at (1,1) size 80x15
                    RenderText {#text} at (0,0) size 76x14
                      text run at (0,0) width 76: "disabled: \"true\","
                  RenderBR {BR} at (81,1) size 0x14
                RenderBlock {DIV} at (414,0) size 223x98 [border: (1px solid #0000FF)]
                  RenderBlock {SPAN} at (1,1) size 80x30
                    RenderText {#text} at (0,0) size 78x29
                      text run at (0,0) width 25: "style:"
                      text run at (0,15) width 78: "\"padding:10px\","
                  RenderBR {BR} at (81,16) size 0x14
                RenderBlock {DIV} at (0,118) size 203x78 [border: (1px solid #0000FF)]
                  RenderBlock {SPAN} at (1,1) size 80x30
                    RenderText {#text} at (0,0) size 72x29
                      text run at (0,0) width 25: "style:"
                      text run at (0,15) width 72: "\"padding:0px\","
                  RenderBR {BR} at (81,16) size 0x14
                RenderBlock {DIV} at (203,98) size 223x98 [border: (1px solid #0000FF)]
                  RenderBlock {SPAN} at (1,1) size 80x30
                    RenderText {#text} at (0,0) size 73x29
                      text run at (0,0) width 25: "style:"
                      text run at (0,15) width 73: "\"margin:10px\","
                  RenderBR {BR} at (81,16) size 0x14
                RenderBlock {DIV} at (426,118) size 203x78 [border: (1px solid #0000FF)]
                  RenderBlock {SPAN} at (1,1) size 80x30
                    RenderText {#text} at (0,0) size 67x29
                      text run at (0,0) width 25: "style:"
                      text run at (0,15) width 67: "\"margin:0px\","
                  RenderBR {BR} at (81,16) size 0x14
                RenderBlock {DIV} at (629,114) size 82x82 [border: (1px solid #0000FF)]
                  RenderBlock {SPAN} at (1,1) size 80x30
                    RenderText {#text} at (0,0) size 67x29
                      text run at (0,0) width 25: "style:"
                      text run at (0,15) width 67: "\"width:60px\","
                  RenderBR {BR} at (81,16) size 0x14
                RenderBlock {DIV} at (0,196) size 104x133 [border: (1px solid #0000FF)]
                  RenderBlock {SPAN} at (1,1) size 80x45
                    RenderText {#text} at (0,0) size 73x44
                      text run at (0,0) width 25: "style:"
                      text run at (0,15) width 62: "\"width:60px;"
                      text run at (0,30) width 73: "padding:20px\","
                  RenderBR {BR} at (81,31) size 0x14
                RenderBlock {DIV} at (104,236) size 82x93 [border: (1px solid #0000FF)]
                  RenderBlock {SPAN} at (1,1) size 80x45
                    RenderText {#text} at (0,0) size 62x44
                      text run at (0,0) width 25: "style:"
                      text run at (0,15) width 62: "\"width:60px;"
                      text run at (0,30) width 55: "padding:0\","
                  RenderBR {BR} at (81,31) size 0x14
                RenderBlock {DIV} at (186,227) size 207x102 [border: (1px solid #0000FF)]
                  RenderBlock {SPAN} at (1,1) size 80x30
                    RenderText {#text} at (0,0) size 69x29
                      text run at (0,0) width 25: "style:"
                      text run at (0,15) width 69: "\"height:60px\","
                  RenderBR {BR} at (81,16) size 0x14
                RenderBlock {DIV} at (393,212) size 82x117 [border: (1px solid #0000FF)]
                  RenderBlock {SPAN} at (1,1) size 80x45
                    RenderText {#text} at (0,0) size 64x44
                      text run at (0,0) width 25: "style:"
                      text run at (0,15) width 62: "\"width:60px;"
                      text run at (0,30) width 64: "height:60px\","
                  RenderBR {BR} at (81,31) size 0x14
                RenderBlock {DIV} at (475,247) size 207x82 [border: (1px solid #0000FF)]
                  RenderBlock {SPAN} at (1,1) size 80x30
                    RenderText {#text} at (0,0) size 91x29
                      text run at (0,0) width 25: "style:"
                      text run at (0,15) width 91: "\"overflow:hidden\","
                  RenderBR {BR} at (81,16) size 0x14
                RenderBlock {DIV} at (0,364) size 207x97 [border: (1px solid #0000FF)]
                  RenderBlock {SPAN} at (1,1) size 80x30
                    RenderText {#text} at (0,0) size 85x29
                      text run at (0,0) width 25: "style:"
                      text run at (0,15) width 85: "\"overflow:scroll\","
                  RenderBR {BR} at (81,16) size 0x14
                RenderBlock {DIV} at (207,329) size 82x132 [border: (1px solid #0000FF)]
                  RenderBlock {SPAN} at (1,1) size 80x60
                    RenderText {#text} at (0,0) size 86x59
                      text run at (0,0) width 25: "style:"
                      text run at (0,15) width 86: "\"overflow:hidden;"
                      text run at (0,30) width 57: "width:60px;"
                      text run at (0,45) width 64: "height:60px\","
                  RenderBR {BR} at (81,46) size 0x14
                RenderBlock {DIV} at (289,329) size 82x132 [border: (1px solid #0000FF)]
                  RenderBlock {SPAN} at (1,1) size 80x60
                    RenderText {#text} at (0,0) size 80x59
                      text run at (0,0) width 25: "style:"
                      text run at (0,15) width 80: "\"overflow:scroll;"
                      text run at (0,30) width 57: "width:60px;"
                      text run at (0,45) width 64: "height:60px\","
                  RenderBR {BR} at (81,46) size 0x14
                RenderBlock {DIV} at (371,344) size 82x117 [border: (1px solid #0000FF)]
                  RenderBlock {SPAN} at (1,1) size 80x45
                    RenderText {#text} at (0,0) size 72x44
                      text run at (0,0) width 72: "cols: \"5\", style:"
                      text run at (0,15) width 62: "\"width:60px;"
                      text run at (0,30) width 64: "height:60px\","
                  RenderBR {BR} at (81,31) size 0x14
                RenderBlock {DIV} at (453,344) size 82x117 [border: (1px solid #0000FF)]
                  RenderBlock {SPAN} at (1,1) size 80x45
                    RenderText {#text} at (0,0) size 77x44
                      text run at (0,0) width 77: "rows: \"4\", style:"
                      text run at (0,15) width 62: "\"width:60px;"
                      text run at (0,30) width 64: "height:60px\","
                  RenderBR {BR} at (81,31) size 0x14
                RenderBlock {DIV} at (535,329) size 82x132 [border: (1px solid #0000FF)]
                  RenderBlock {SPAN} at (1,1) size 80x60
                    RenderText {#text} at (0,0) size 74x59
                      text run at (0,0) width 74: "cols: \"5\", rows:"
                      text run at (0,15) width 47: "\"4\", style:"
                      text run at (0,30) width 62: "\"width:60px;"
                      text run at (0,45) width 64: "height:60px\","
                  RenderBR {BR} at (81,46) size 0x14
                RenderBlock {DIV} at (617,394) size 82x67 [border: (1px solid #0000FF)]
                  RenderBlock {SPAN} at (1,1) size 80x15
                    RenderText {#text} at (0,0) size 44x14
                      text run at (0,0) width 44: "cols: \"3\","
                  RenderBR {BR} at (81,1) size 0x14
                RenderBlock {DIV} at (0,533) size 207x85 [border: (1px solid #0000FF)]
                  RenderBlock {SPAN} at (1,1) size 80x15
                    RenderText {#text} at (0,0) size 49x14
                      text run at (0,0) width 49: "rows: \"3\","
                  RenderBR {BR} at (81,1) size 0x14
                RenderBlock {DIV} at (207,551) size 90x67 [border: (1px solid #0000FF)]
                  RenderBlock {SPAN} at (1,1) size 80x15
                    RenderText {#text} at (0,0) size 44x14
                      text run at (0,0) width 44: "cols: \"7\","
                  RenderBR {BR} at (81,1) size 0x14
                RenderBlock {DIV} at (297,461) size 207x157 [border: (1px solid #0000FF)]
                  RenderBlock {SPAN} at (1,1) size 80x15
                    RenderText {#text} at (0,0) size 49x14
                      text run at (0,0) width 49: "rows: \"7\","
                  RenderBR {BR} at (81,1) size 0x14
                RenderBlock {DIV} at (504,500) size 82x118 [border: (1px solid #0000FF)]
                  RenderBlock {SPAN} at (1,1) size 80x30
                    RenderText {#text} at (0,0) size 74x29
                      text run at (0,0) width 74: "cols: \"5\", rows:"
                      text run at (0,15) width 19: "\"4\","
                  RenderBR {BR} at (81,16) size 0x14
                RenderBlock {DIV} at (0,618) size 207x82 [border: (1px solid #0000FF)]
                  RenderBlock {SPAN} at (1,1) size 80x15
                    RenderText {#text} at (0,0) size 57x14
                      text run at (0,0) width 57: "wrap: \"off\","
                  RenderBR {BR} at (81,1) size 0x14
                RenderBlock {DIV} at (207,633) size 207x67 [border: (1px solid #0000FF)]
                  RenderBlock {SPAN} at (1,1) size 80x15
                    RenderText {#text} at (0,0) size 64x14
                      text run at (0,0) width 64: "wrap: \"hard\","
                  RenderBR {BR} at (81,1) size 0x14
                RenderBlock {DIV} at (414,633) size 207x67 [border: (1px solid #0000FF)]
                  RenderBlock {SPAN} at (1,1) size 80x15
                    RenderText {#text} at (0,0) size 61x14
                      text run at (0,0) width 61: "wrap: \"soft\","
                  RenderBR {BR} at (81,1) size 0x14
                RenderBlock {DIV} at (0,700) size 207x82 [border: (1px solid #0000FF)]
                  RenderBlock {SPAN} at (1,1) size 80x30
                    RenderText {#text} at (0,0) size 70x29
                      text run at (0,0) width 63: "style: \"white-"
                      text run at (0,15) width 70: "space:normal\","
                  RenderBR {BR} at (81,16) size 0x14
                RenderBlock {DIV} at (207,700) size 207x82 [border: (1px solid #0000FF)]
                  RenderBlock {SPAN} at (1,1) size 80x30
                    RenderText {#text} at (0,0) size 63x29
                      text run at (0,0) width 63: "style: \"white-"
                      text run at (0,15) width 52: "space:pre\","
                  RenderBR {BR} at (81,16) size 0x14
                RenderBlock {DIV} at (414,700) size 207x82 [border: (1px solid #0000FF)]
                  RenderBlock {SPAN} at (1,1) size 80x30
                    RenderText {#text} at (0,0) size 76x29
                      text run at (0,0) width 63: "style: \"white-"
                      text run at (0,15) width 76: "space:prewrap\","
                  RenderBR {BR} at (81,16) size 0x14
                RenderBlock {DIV} at (0,797) size 207x82 [border: (1px solid #0000FF)]
                  RenderBlock {SPAN} at (1,1) size 80x30
                    RenderText {#text} at (0,0) size 73x29
                      text run at (0,0) width 63: "style: \"white-"
                      text run at (0,15) width 73: "space:nowrap\","
                  RenderBR {BR} at (81,16) size 0x14
                RenderBlock {DIV} at (207,797) size 207x82 [border: (1px solid #0000FF)]
                  RenderBlock {SPAN} at (1,1) size 80x30
                    RenderText {#text} at (0,0) size 73x29
                      text run at (0,0) width 63: "style: \"white-"
                      text run at (0,15) width 73: "space:pre-line\","
                  RenderBR {BR} at (81,16) size 0x14
                RenderBlock {DIV} at (414,782) size 207x97 [border: (1px solid #0000FF)]
                  RenderBlock {SPAN} at (1,1) size 80x30
                    RenderText {#text} at (0,0) size 68x29
                      text run at (0,0) width 62: "style: \"word-"
                      text run at (0,15) width 68: "wrap:normal\","
                  RenderBR {BR} at (81,16) size 0x14
                RenderBlock {DIV} at (0,879) size 207x112 [border: (1px solid #0000FF)]
                  RenderBlock {SPAN} at (1,1) size 80x45
                    RenderText {#text} at (0,0) size 80x44
                      text run at (0,0) width 57: "wrap: \"off\","
                      text run at (0,15) width 63: "style: \"white-"
                      text run at (0,30) width 80: "space:pre-wrap\","
                  RenderBR {BR} at (81,31) size 0x14
        layer at (3,77) size 201x42 clip at (4,78) size 199x40
          RenderTextControl {TEXTAREA} at (3,18) size 201x42 [bgcolor=#FFFFFF] [border: (1px solid #000000)]
            RenderBlock {DIV} at (3,3) size 195x18
              RenderText {#text} at (0,0) size 132x17
                text run at (0,0) width 132: "Lorem ipsum dolor"
        layer at (210,77) size 201x42 clip at (211,78) size 184x40 scrollHeight 76
          RenderTextControl {TEXTAREA} at (3,18) size 201x42 [bgcolor=#FFFFFF] [border: (1px solid #000000)]
            RenderBlock {DIV} at (3,3) size 180x72 [color=#545454]
              RenderText {#text} at (0,0) size 171x71
                text run at (0,0) width 136: "Lorem ipsum  dolor"
                text run at (136,0) width 4: " "
                text run at (0,18) width 171: "ABCDEFGHIJKLMNOP"
                text run at (0,36) width 115: "QRSTUVWXYZ"
                text run at (115,36) width 4: " "
                text run at (0,54) width 169: "abcdefghijklmnopqrstuv"
        layer at (417,61) size 217x58 clip at (418,62) size 200x56 scrollHeight 92
          RenderTextControl {TEXTAREA} at (3,33) size 217x58 [bgcolor=#FFFFFF] [border: (1px solid #000000)]
            RenderBlock {DIV} at (11,11) size 180x72
              RenderText {#text} at (0,0) size 171x71
                text run at (0,0) width 136: "Lorem ipsum  dolor"
                text run at (136,0) width 4: " "
                text run at (0,18) width 171: "ABCDEFGHIJKLMNOP"
                text run at (0,36) width 115: "QRSTUVWXYZ"
                text run at (115,36) width 4: " "
                text run at (0,54) width 169: "abcdefghijklmnopqrstuv"
        layer at (3,179) size 197x38 clip at (4,180) size 180x36 scrollHeight 72
          RenderTextControl {TEXTAREA} at (3,33) size 197x38 [bgcolor=#FFFFFF] [border: (1px solid #000000)]
            RenderBlock {DIV} at (1,1) size 180x72
              RenderText {#text} at (0,0) size 171x71
                text run at (0,0) width 136: "Lorem ipsum  dolor"
                text run at (136,0) width 4: " "
                text run at (0,18) width 171: "ABCDEFGHIJKLMNOP"
                text run at (0,36) width 115: "QRSTUVWXYZ"
                text run at (115,36) width 4: " "
                text run at (0,54) width 169: "abcdefghijklmnopqrstuv"
        layer at (214,167) size 201x42 clip at (215,168) size 184x40 scrollHeight 76
          RenderTextControl {TEXTAREA} at (11,41) size 201x42 [bgcolor=#FFFFFF] [border: (1px solid #000000)]
            RenderBlock {DIV} at (3,3) size 180x72
              RenderText {#text} at (0,0) size 171x71
                text run at (0,0) width 136: "Lorem ipsum  dolor"
                text run at (136,0) width 4: " "
                text run at (0,18) width 171: "ABCDEFGHIJKLMNOP"
                text run at (0,36) width 115: "QRSTUVWXYZ"
                text run at (115,36) width 4: " "
                text run at (0,54) width 169: "abcdefghijklmnopqrstuv"
        layer at (427,177) size 201x42 clip at (428,178) size 184x40 scrollHeight 76
          RenderTextControl {TEXTAREA} at (1,31) size 201x42 [bgcolor=#FFFFFF] [border: (1px solid #000000)]
            RenderBlock {DIV} at (3,3) size 180x72
              RenderText {#text} at (0,0) size 171x71
                text run at (0,0) width 136: "Lorem ipsum  dolor"
                text run at (136,0) width 4: " "
                text run at (0,18) width 171: "ABCDEFGHIJKLMNOP"
                text run at (0,36) width 115: "QRSTUVWXYZ"
                text run at (115,36) width 4: " "
                text run at (0,54) width 169: "abcdefghijklmnopqrstuv"
        layer at (630,175) size 66x42 clip at (631,176) size 49x40 scrollHeight 274
          RenderTextControl {TEXTAREA} at (1,33) size 66x42 [bgcolor=#FFFFFF] [border: (1px solid #000000)]
            RenderBlock {DIV} at (3,3) size 45x270
              RenderText {#text} at (0,0) size 45x269
                text run at (0,0) width 45: "Lorem"
                text run at (45,0) width 0: " "
                text run at (0,18) width 43: "ipsum"
                text run at (43,18) width 2: "  "
                text run at (0,36) width 36: "dolor"
                text run at (36,36) width 4: " "
                text run at (0,54) width 34: "ABC"
                text run at (0,72) width 45: "DEFG"
                text run at (0,90) width 44: "HIJKL"
                text run at (0,108) width 37: "MNO"
                text run at (0,126) width 35: "PQR"
                text run at (0,144) width 44: "STUV"
                text run at (0,162) width 37: "WXY"
                text run at (0,180) width 10: "Z"
                text run at (10,180) width 4: " "
                text run at (0,198) width 44: "abcde"
                text run at (0,216) width 42: "fghijkl"
                text run at (0,234) width 40: "mnop"
                text run at (0,252) width 43: "qrstuv"
        layer at (1,272) size 102x78 clip at (2,273) size 85x76 scrollHeight 310
          RenderTextControl {TEXTAREA} at (1,48) size 102x78 [bgcolor=#FFFFFF] [border: (1px solid #000000)]
            RenderBlock {DIV} at (21,21) size 45x270
              RenderText {#text} at (0,0) size 45x269
                text run at (0,0) width 45: "Lorem"
                text run at (45,0) width 0: " "
                text run at (0,18) width 43: "ipsum"
                text run at (43,18) width 2: "  "
                text run at (0,36) width 36: "dolor"
                text run at (36,36) width 4: " "
                text run at (0,54) width 34: "ABC"
                text run at (0,72) width 45: "DEFG"
                text run at (0,90) width 44: "HIJKL"
                text run at (0,108) width 37: "MNO"
                text run at (0,126) width 35: "PQR"
                text run at (0,144) width 44: "STUV"
                text run at (0,162) width 37: "WXY"
                text run at (0,180) width 10: "Z"
                text run at (10,180) width 4: " "
                text run at (0,198) width 44: "abcde"
                text run at (0,216) width 42: "fghijkl"
                text run at (0,234) width 40: "mnop"
                text run at (0,252) width 43: "qrstuv"
        layer at (105,312) size 62x38 clip at (106,313) size 45x36 scrollHeight 270
          RenderTextControl {TEXTAREA} at (1,48) size 62x38 [bgcolor=#FFFFFF] [border: (1px solid #000000)]
            RenderBlock {DIV} at (1,1) size 45x270
              RenderText {#text} at (0,0) size 45x269
                text run at (0,0) width 45: "Lorem"
                text run at (45,0) width 0: " "
                text run at (0,18) width 43: "ipsum"
                text run at (43,18) width 2: "  "
                text run at (0,36) width 36: "dolor"
                text run at (36,36) width 4: " "
                text run at (0,54) width 34: "ABC"
                text run at (0,72) width 45: "DEFG"
                text run at (0,90) width 44: "HIJKL"
                text run at (0,108) width 37: "MNO"
                text run at (0,126) width 35: "PQR"
                text run at (0,144) width 44: "STUV"
                text run at (0,162) width 37: "WXY"
                text run at (0,180) width 10: "Z"
                text run at (10,180) width 4: " "
                text run at (0,198) width 44: "abcde"
                text run at (0,216) width 42: "fghijkl"
                text run at (0,234) width 40: "mnop"
                text run at (0,252) width 43: "qrstuv"
        layer at (189,286) size 201x66 clip at (190,287) size 184x64 scrollHeight 76
          RenderTextControl {TEXTAREA} at (3,31) size 201x66 [bgcolor=#FFFFFF] [border: (1px solid #000000)]
            RenderBlock {DIV} at (3,3) size 180x72
              RenderText {#text} at (0,0) size 171x71
                text run at (0,0) width 136: "Lorem ipsum  dolor"
                text run at (136,0) width 4: " "
                text run at (0,18) width 171: "ABCDEFGHIJKLMNOP"
                text run at (0,36) width 115: "QRSTUVWXYZ"
                text run at (115,36) width 4: " "
                text run at (0,54) width 169: "abcdefghijklmnopqrstuv"
        layer at (394,286) size 66x66 clip at (395,287) size 49x64 scrollHeight 274
          RenderTextControl {TEXTAREA} at (1,46) size 66x66 [bgcolor=#FFFFFF] [border: (1px solid #000000)]
            RenderBlock {DIV} at (3,3) size 45x270
              RenderText {#text} at (0,0) size 45x269
                text run at (0,0) width 45: "Lorem"
                text run at (45,0) width 0: " "
                text run at (0,18) width 43: "ipsum"
                text run at (43,18) width 2: "  "
                text run at (0,36) width 36: "dolor"
                text run at (36,36) width 4: " "
                text run at (0,54) width 34: "ABC"
                text run at (0,72) width 45: "DEFG"
                text run at (0,90) width 44: "HIJKL"
                text run at (0,108) width 37: "MNO"
                text run at (0,126) width 35: "PQR"
                text run at (0,144) width 44: "STUV"
                text run at (0,162) width 37: "WXY"
                text run at (0,180) width 10: "Z"
                text run at (10,180) width 4: " "
                text run at (0,198) width 44: "abcde"
                text run at (0,216) width 42: "fghijkl"
                text run at (0,234) width 40: "mnop"
                text run at (0,252) width 43: "qrstuv"
        layer at (478,308) size 201x42 clip at (479,309) size 199x40 scrollHeight 76
          RenderTextControl {TEXTAREA} at (3,33) size 201x42 [bgcolor=#FFFFFF] [border: (1px solid #000000)]
            RenderBlock {DIV} at (3,3) size 195x72
              RenderText {#text} at (0,0) size 195x71
                text run at (0,0) width 136: "Lorem ipsum  dolor"
                text run at (136,0) width 4: " "
                text run at (0,18) width 195: "ABCDEFGHIJKLMNOPQR"
                text run at (0,36) width 91: "STUVWXYZ"
                text run at (91,36) width 4: " "
                text run at (0,54) width 169: "abcdefghijklmnopqrstuv"
        layer at (3,425) size 201x57 clip at (4,426) size 184x40 scrollHeight 76
          RenderTextControl {TEXTAREA} at (3,33) size 201x57 [bgcolor=#FFFFFF] [border: (1px solid #000000)]
            RenderBlock {DIV} at (3,3) size 180x72
              RenderText {#text} at (0,0) size 171x71
                text run at (0,0) width 136: "Lorem ipsum  dolor"
                text run at (136,0) width 4: " "
                text run at (0,18) width 171: "ABCDEFGHIJKLMNOP"
                text run at (0,36) width 115: "QRSTUVWXYZ"
                text run at (115,36) width 4: " "
                text run at (0,54) width 169: "abcdefghijklmnopqrstuv"
        layer at (208,418) size 66x66 clip at (209,419) size 64x64 scrollHeight 202
          RenderTextControl {TEXTAREA} at (1,61) size 66x66 [bgcolor=#FFFFFF] [border: (1px solid #000000)]
            RenderBlock {DIV} at (3,3) size 60x198
              RenderText {#text} at (0,0) size 60x197
                text run at (0,0) width 45: "Lorem"
                text run at (45,0) width 4: " "
                text run at (0,18) width 43: "ipsum"
                text run at (43,18) width 8: "  "
                text run at (0,36) width 36: "dolor"
                text run at (36,36) width 4: " "
                text run at (0,54) width 57: "ABCDE"
                text run at (0,72) width 57: "FGHIJK"
                text run at (0,90) width 57: "LMNOP"
                text run at (0,108) width 57: "QRSTU"
                text run at (0,126) width 58: "VWXYZ"
                text run at (58,126) width 2: " "
                text run at (0,144) width 57: "abcdefg"
                text run at (0,162) width 60: "hijklmno"
                text run at (0,180) width 52: "pqrstuv"
        layer at (290,418) size 66x66 clip at (291,419) size 49x49 scrollHeight 274
          RenderTextControl {TEXTAREA} at (1,61) size 66x66 [bgcolor=#FFFFFF] [border: (1px solid #000000)]
            RenderBlock {DIV} at (3,3) size 45x270
              RenderText {#text} at (0,0) size 45x269
                text run at (0,0) width 45: "Lorem"
                text run at (45,0) width 0: " "
                text run at (0,18) width 43: "ipsum"
                text run at (43,18) width 2: "  "
                text run at (0,36) width 36: "dolor"
                text run at (36,36) width 4: " "
                text run at (0,54) width 34: "ABC"
                text run at (0,72) width 45: "DEFG"
                text run at (0,90) width 44: "HIJKL"
                text run at (0,108) width 37: "MNO"
                text run at (0,126) width 35: "PQR"
                text run at (0,144) width 44: "STUV"
                text run at (0,162) width 37: "WXY"
                text run at (0,180) width 10: "Z"
                text run at (10,180) width 4: " "
                text run at (0,198) width 44: "abcde"
                text run at (0,216) width 42: "fghijkl"
                text run at (0,234) width 40: "mnop"
                text run at (0,252) width 43: "qrstuv"
        layer at (372,418) size 66x66 clip at (373,419) size 49x64 scrollHeight 274
          RenderTextControl {TEXTAREA} at (1,46) size 66x66 [bgcolor=#FFFFFF] [border: (1px solid #000000)]
            RenderBlock {DIV} at (3,3) size 45x270
              RenderText {#text} at (0,0) size 45x269
                text run at (0,0) width 45: "Lorem"
                text run at (45,0) width 0: " "
                text run at (0,18) width 43: "ipsum"
                text run at (43,18) width 2: "  "
                text run at (0,36) width 36: "dolor"
                text run at (36,36) width 4: " "
                text run at (0,54) width 34: "ABC"
                text run at (0,72) width 45: "DEFG"
                text run at (0,90) width 44: "HIJKL"
                text run at (0,108) width 37: "MNO"
                text run at (0,126) width 35: "PQR"
                text run at (0,144) width 44: "STUV"
                text run at (0,162) width 37: "WXY"
                text run at (0,180) width 10: "Z"
                text run at (10,180) width 4: " "
                text run at (0,198) width 44: "abcde"
                text run at (0,216) width 42: "fghijkl"
                text run at (0,234) width 40: "mnop"
                text run at (0,252) width 43: "qrstuv"
        layer at (454,418) size 66x66 clip at (455,419) size 49x64 scrollHeight 274
          RenderTextControl {TEXTAREA} at (1,46) size 66x66 [bgcolor=#FFFFFF] [border: (1px solid #000000)]
            RenderBlock {DIV} at (3,3) size 45x270
              RenderText {#text} at (0,0) size 45x269
                text run at (0,0) width 45: "Lorem"
                text run at (45,0) width 0: " "
                text run at (0,18) width 43: "ipsum"
                text run at (43,18) width 2: "  "
                text run at (0,36) width 36: "dolor"
                text run at (36,36) width 4: " "
                text run at (0,54) width 34: "ABC"
                text run at (0,72) width 45: "DEFG"
                text run at (0,90) width 44: "HIJKL"
                text run at (0,108) width 37: "MNO"
                text run at (0,126) width 35: "PQR"
                text run at (0,144) width 44: "STUV"
                text run at (0,162) width 37: "WXY"
                text run at (0,180) width 10: "Z"
                text run at (10,180) width 4: " "
                text run at (0,198) width 44: "abcde"
                text run at (0,216) width 42: "fghijkl"
                text run at (0,234) width 40: "mnop"
                text run at (0,252) width 43: "qrstuv"
        layer at (536,418) size 66x66 clip at (537,419) size 49x64 scrollHeight 274
          RenderTextControl {TEXTAREA} at (1,61) size 66x66 [bgcolor=#FFFFFF] [border: (1px solid #000000)]
            RenderBlock {DIV} at (3,3) size 45x270
              RenderText {#text} at (0,0) size 45x269
                text run at (0,0) width 45: "Lorem"
                text run at (45,0) width 0: " "
                text run at (0,18) width 43: "ipsum"
                text run at (43,18) width 2: "  "
                text run at (0,36) width 36: "dolor"
                text run at (36,36) width 4: " "
                text run at (0,54) width 34: "ABC"
                text run at (0,72) width 45: "DEFG"
                text run at (0,90) width 44: "HIJKL"
                text run at (0,108) width 37: "MNO"
                text run at (0,126) width 35: "PQR"
                text run at (0,144) width 44: "STUV"
                text run at (0,162) width 37: "WXY"
                text run at (0,180) width 10: "Z"
                text run at (10,180) width 4: " "
                text run at (0,198) width 44: "abcde"
                text run at (0,216) width 42: "fghijkl"
                text run at (0,234) width 40: "mnop"
                text run at (0,252) width 43: "qrstuv"
        layer at (620,440) size 48x42 clip at (621,441) size 31x40 scrollHeight 472
          RenderTextControl {TEXTAREA} at (3,18) size 48x42 [bgcolor=#FFFFFF] [border: (1px solid #000000)]
            RenderBlock {DIV} at (3,3) size 27x468
              RenderText {#text} at (0,0) size 27x467
                text run at (0,0) width 23: "Lor"
                text run at (0,18) width 22: "em"
                text run at (22,18) width 4: " "
                text run at (0,36) width 21: "ips"
                text run at (0,54) width 22: "um"
                text run at (22,54) width 5: "  "
                text run at (0,72) width 22: "dol"
                text run at (0,90) width 14: "or"
                text run at (14,90) width 4: " "
                text run at (0,108) width 22: "AB"
                text run at (0,126) width 24: "CD"
                text run at (0,144) width 21: "EF"
                text run at (0,162) width 24: "GH"
                text run at (0,180) width 23: "IJK"
                text run at (0,198) width 22: "LM"
                text run at (0,216) width 24: "NO"
                text run at (0,234) width 23: "PQ"
                text run at (0,252) width 23: "RS"
                text run at (0,270) width 22: "TU"
                text run at (0,288) width 26: "VW"
                text run at (0,306) width 22: "XY"
                text run at (0,324) width 10: "Z"
                text run at (10,324) width 4: " "
                text run at (0,342) width 26: "abc"
                text run at (0,360) width 22: "def"
                text run at (0,378) width 26: "ghij"
                text run at (0,396) width 25: "klm"
                text run at (0,414) width 27: "nop"
                text run at (0,432) width 26: "qrst"
                text run at (0,450) width 17: "uv"
        layer at (3,579) size 201x60 clip at (4,580) size 184x58 scrollHeight 76
          RenderTextControl {TEXTAREA} at (3,18) size 201x60 [bgcolor=#FFFFFF] [border: (1px solid #000000)]
            RenderBlock {DIV} at (3,3) size 180x72
              RenderText {#text} at (0,0) size 171x71
                text run at (0,0) width 136: "Lorem ipsum  dolor"
                text run at (136,0) width 4: " "
                text run at (0,18) width 171: "ABCDEFGHIJKLMNOP"
                text run at (0,36) width 115: "QRSTUVWXYZ"
                text run at (115,36) width 4: " "
                text run at (0,54) width 169: "abcdefghijklmnopqrstuv"
        layer at (210,597) size 84x42 clip at (211,598) size 67x40 scrollHeight 202
          RenderTextControl {TEXTAREA} at (3,18) size 84x42 [bgcolor=#FFFFFF] [border: (1px solid #000000)]
            RenderBlock {DIV} at (3,3) size 63x198
              RenderText {#text} at (0,0) size 62x197
                text run at (0,0) width 45: "Lorem"
                text run at (45,0) width 4: " "
                text run at (0,18) width 43: "ipsum"
                text run at (43,18) width 8: "  "
                text run at (0,36) width 36: "dolor"
                text run at (36,36) width 4: " "
                text run at (0,54) width 57: "ABCDE"
                text run at (0,72) width 57: "FGHIJK"
                text run at (0,90) width 57: "LMNOP"
                text run at (0,108) width 57: "QRSTU"
                text run at (0,126) width 58: "VWXYZ"
                text run at (58,126) width 4: " "
                text run at (0,144) width 57: "abcdefg"
                text run at (0,162) width 60: "hijklmno"
                text run at (0,180) width 52: "pqrstuv"
        layer at (300,507) size 201x132 clip at (301,508) size 199x130
          RenderTextControl {TEXTAREA} at (3,18) size 201x132 [bgcolor=#FFFFFF] [border: (1px solid #000000)]
            RenderBlock {DIV} at (3,3) size 195x72
              RenderText {#text} at (0,0) size 195x71
                text run at (0,0) width 136: "Lorem ipsum  dolor"
                text run at (136,0) width 4: " "
                text run at (0,18) width 195: "ABCDEFGHIJKLMNOPQR"
                text run at (0,36) width 91: "STUVWXYZ"
                text run at (91,36) width 4: " "
                text run at (0,54) width 169: "abcdefghijklmnopqrstuv"
        layer at (507,561) size 66x78 clip at (508,562) size 49x76 scrollHeight 274
          RenderTextControl {TEXTAREA} at (3,33) size 66x78 [bgcolor=#FFFFFF] [border: (1px solid #000000)]
            RenderBlock {DIV} at (3,3) size 45x270
              RenderText {#text} at (0,0) size 45x269
                text run at (0,0) width 45: "Lorem"
                text run at (45,0) width 0: " "
                text run at (0,18) width 43: "ipsum"
                text run at (43,18) width 2: "  "
                text run at (0,36) width 36: "dolor"
                text run at (36,36) width 4: " "
                text run at (0,54) width 34: "ABC"
                text run at (0,72) width 45: "DEFG"
                text run at (0,90) width 44: "HIJKL"
                text run at (0,108) width 37: "MNO"
                text run at (0,126) width 35: "PQR"
                text run at (0,144) width 44: "STUV"
                text run at (0,162) width 37: "WXY"
                text run at (0,180) width 10: "Z"
                text run at (10,180) width 4: " "
                text run at (0,198) width 44: "abcde"
                text run at (0,216) width 42: "fghijkl"
                text run at (0,234) width 40: "mnop"
                text run at (0,252) width 43: "qrstuv"
        layer at (3,664) size 201x57 clip at (4,665) size 199x40 scrollWidth 601
          RenderTextControl {TEXTAREA} at (3,18) size 201x57 [bgcolor=#FFFFFF] [border: (1px solid #000000)]
            RenderBlock {DIV} at (3,3) size 195x18
              RenderText {#text} at (0,0) size 599x17
                text run at (0,0) width 599: "Lorem ipsum  dolor ABCDEFGHIJKLMNOPQRSTUVWXYZ abcdefghijklmnopqrstuv"
        layer at (210,679) size 201x42 clip at (211,680) size 184x40 scrollHeight 76
          RenderTextControl {TEXTAREA} at (3,18) size 201x42 [bgcolor=#FFFFFF] [border: (1px solid #000000)]
            RenderBlock {DIV} at (3,3) size 180x72
              RenderText {#text} at (0,0) size 171x71
                text run at (0,0) width 136: "Lorem ipsum  dolor"
                text run at (136,0) width 4: " "
                text run at (0,18) width 171: "ABCDEFGHIJKLMNOP"
                text run at (0,36) width 115: "QRSTUVWXYZ"
                text run at (115,36) width 4: " "
                text run at (0,54) width 169: "abcdefghijklmnopqrstuv"
        layer at (417,679) size 201x42 clip at (418,680) size 184x40 scrollHeight 76
          RenderTextControl {TEXTAREA} at (3,18) size 201x42 [bgcolor=#FFFFFF] [border: (1px solid #000000)]
            RenderBlock {DIV} at (3,3) size 180x72
              RenderText {#text} at (0,0) size 171x71
                text run at (0,0) width 136: "Lorem ipsum  dolor"
                text run at (136,0) width 4: " "
                text run at (0,18) width 171: "ABCDEFGHIJKLMNOP"
                text run at (0,36) width 115: "QRSTUVWXYZ"
                text run at (115,36) width 4: " "
                text run at (0,54) width 169: "abcdefghijklmnopqrstuv"
        layer at (3,761) size 201x42 clip at (4,762) size 184x40 scrollHeight 76
          RenderTextControl {TEXTAREA} at (3,33) size 201x42 [bgcolor=#FFFFFF] [border: (1px solid #000000)]
            RenderBlock {DIV} at (3,3) size 180x72
              RenderText {#text} at (0,0) size 171x71
                text run at (0,0) width 96: "Lorem ipsum "
                text run at (96,0) width 36: "dolor"
                text run at (0,18) width 171: "ABCDEFGHIJKLMNOP"
                text run at (0,36) width 115: "QRSTUVWXYZ"
                text run at (0,54) width 169: "abcdefghijklmnopqrstuv"
        layer at (210,761) size 201x42 clip at (211,762) size 199x25 scrollWidth 601
          RenderTextControl {TEXTAREA} at (3,33) size 201x42 [bgcolor=#FFFFFF] [border: (1px solid #000000)]
            RenderBlock {DIV} at (3,3) size 195x18
              RenderText {#text} at (0,0) size 599x17
                text run at (0,0) width 599: "Lorem ipsum  dolor ABCDEFGHIJKLMNOPQRSTUVWXYZ abcdefghijklmnopqrstuv"
        layer at (417,761) size 201x42 clip at (418,762) size 184x40 scrollHeight 76
          RenderTextControl {TEXTAREA} at (3,33) size 201x42 [bgcolor=#FFFFFF] [border: (1px solid #000000)]
            RenderBlock {DIV} at (3,3) size 180x72
              RenderText {#text} at (0,0) size 171x71
                text run at (0,0) width 136: "Lorem ipsum  dolor"
                text run at (136,0) width 4: " "
                text run at (0,18) width 171: "ABCDEFGHIJKLMNOP"
                text run at (0,36) width 115: "QRSTUVWXYZ"
                text run at (115,36) width 4: " "
                text run at (0,54) width 169: "abcdefghijklmnopqrstuv"
        layer at (3,858) size 201x42 clip at (4,859) size 199x25 scrollWidth 597
          RenderTextControl {TEXTAREA} at (3,33) size 201x42 [bgcolor=#FFFFFF] [border: (1px solid #000000)]
            RenderBlock {DIV} at (3,3) size 195x18
              RenderText {#text} at (0,0) size 595x17
                text run at (0,0) width 96: "Lorem ipsum "
                text run at (96,0) width 499: "dolor ABCDEFGHIJKLMNOPQRSTUVWXYZ abcdefghijklmnopqrstuv"
        layer at (210,858) size 201x42 clip at (211,859) size 184x40 scrollHeight 76
          RenderTextControl {TEXTAREA} at (3,33) size 201x42 [bgcolor=#FFFFFF] [border: (1px solid #000000)]
            RenderBlock {DIV} at (3,3) size 180x72
              RenderText {#text} at (0,0) size 171x71
                text run at (0,0) width 96: "Lorem ipsum "
                text run at (96,0) width 36: "dolor"
                text run at (0,18) width 171: "ABCDEFGHIJKLMNOP"
                text run at (0,36) width 115: "QRSTUVWXYZ"
                text run at (0,54) width 169: "abcdefghijklmnopqrstuv"
        layer at (417,843) size 201x57 clip at (418,844) size 184x40 scrollWidth 288 scrollHeight 58
          RenderTextControl {TEXTAREA} at (3,33) size 201x57 [bgcolor=#FFFFFF] [border: (1px solid #000000)]
            RenderBlock {DIV} at (3,3) size 180x54
              RenderText {#text} at (0,0) size 286x53
                text run at (0,0) width 136: "Lorem ipsum  dolor"
                text run at (136,0) width 4: " "
                text run at (0,18) width 286: "ABCDEFGHIJKLMNOPQRSTUVWXYZ"
                text run at (0,36) width 173: " abcdefghijklmnopqrstuv"
        layer at (3,955) size 201x57 clip at (4,956) size 184x40 scrollWidth 288 scrollHeight 58
          RenderTextControl {TEXTAREA} at (3,48) size 201x57 [bgcolor=#FFFFFF] [border: (1px solid #000000)]
            RenderBlock {DIV} at (3,3) size 180x54
              RenderText {#text} at (0,0) size 286x53
                text run at (0,0) width 136: "Lorem ipsum  dolor"
                text run at (136,0) width 4: " "
                text run at (0,18) width 286: "ABCDEFGHIJKLMNOPQRSTUVWXYZ"
                text run at (0,36) width 173: " abcdefghijklmnopqrstuv"
      RenderIFrame {IFRAME} at (0,1019) size 785x977
        layer at (0,0) size 785x977
          RenderView at (0,0) size 785x977
        layer at (0,0) size 785x977
          RenderBlock {HTML} at (0,0) size 785x977
            RenderBody {BODY} at (0,5) size 785x972
              RenderBlock {DIV} at (0,0) size 785x18
                RenderText {#text} at (0,0) size 193x17
                  text run at (0,0) width 193: "CompatMode: BackCompat"
              RenderBlock (anonymous) at (0,23) size 785x949
                RenderBlock {DIV} at (0,46) size 207x48 [border: (1px solid #0000FF)]
                  RenderBlock {SPAN} at (1,1) size 80x0
                  RenderBR {BR} at (81,-10) size 0x14
                RenderBlock {DIV} at (207,31) size 207x63 [border: (1px solid #0000FF)]
                  RenderBlock {SPAN} at (1,1) size 80x15
                    RenderText {#text} at (0,0) size 76x14
                      text run at (0,0) width 76: "disabled: \"true\","
                  RenderBR {BR} at (81,1) size 0x14
                RenderBlock {DIV} at (414,0) size 223x94 [border: (1px solid #0000FF)]
                  RenderBlock {SPAN} at (1,1) size 80x30
                    RenderText {#text} at (0,0) size 78x29
                      text run at (0,0) width 25: "style:"
                      text run at (0,15) width 78: "\"padding:10px\","
                  RenderBR {BR} at (81,16) size 0x14
                RenderBlock {DIV} at (0,114) size 203x74 [border: (1px solid #0000FF)]
                  RenderBlock {SPAN} at (1,1) size 80x30
                    RenderText {#text} at (0,0) size 72x29
                      text run at (0,0) width 25: "style:"
                      text run at (0,15) width 72: "\"padding:0px\","
                  RenderBR {BR} at (81,16) size 0x14
                RenderBlock {DIV} at (203,94) size 223x94 [border: (1px solid #0000FF)]
                  RenderBlock {SPAN} at (1,1) size 80x30
                    RenderText {#text} at (0,0) size 73x29
                      text run at (0,0) width 25: "style:"
                      text run at (0,15) width 73: "\"margin:10px\","
                  RenderBR {BR} at (81,16) size 0x14
                RenderBlock {DIV} at (426,114) size 203x74 [border: (1px solid #0000FF)]
                  RenderBlock {SPAN} at (1,1) size 80x30
                    RenderText {#text} at (0,0) size 67x29
                      text run at (0,0) width 25: "style:"
                      text run at (0,15) width 67: "\"margin:0px\","
                  RenderBR {BR} at (81,16) size 0x14
                RenderBlock {DIV} at (629,110) size 82x78 [border: (1px solid #0000FF)]
                  RenderBlock {SPAN} at (1,1) size 80x30
                    RenderText {#text} at (0,0) size 67x29
                      text run at (0,0) width 25: "style:"
                      text run at (0,15) width 67: "\"width:60px\","
                  RenderBR {BR} at (81,16) size 0x14
                RenderBlock {DIV} at (0,188) size 82x129 [border: (1px solid #0000FF)]
                  RenderBlock {SPAN} at (1,1) size 80x45
                    RenderText {#text} at (0,0) size 73x44
                      text run at (0,0) width 25: "style:"
                      text run at (0,15) width 62: "\"width:60px;"
                      text run at (0,30) width 73: "padding:20px\","
                  RenderBR {BR} at (81,31) size 0x14
                RenderBlock {DIV} at (82,228) size 82x89 [border: (1px solid #0000FF)]
                  RenderBlock {SPAN} at (1,1) size 80x45
                    RenderText {#text} at (0,0) size 62x44
                      text run at (0,0) width 25: "style:"
                      text run at (0,15) width 62: "\"width:60px;"
                      text run at (0,30) width 55: "padding:0\","
                  RenderBR {BR} at (81,31) size 0x14
                RenderBlock {DIV} at (164,225) size 207x92 [border: (1px solid #0000FF)]
                  RenderBlock {SPAN} at (1,1) size 80x30
                    RenderText {#text} at (0,0) size 69x29
                      text run at (0,0) width 25: "style:"
                      text run at (0,15) width 69: "\"height:60px\","
                  RenderBR {BR} at (81,16) size 0x14
                RenderBlock {DIV} at (371,210) size 82x107 [border: (1px solid #0000FF)]
                  RenderBlock {SPAN} at (1,1) size 80x45
                    RenderText {#text} at (0,0) size 64x44
                      text run at (0,0) width 25: "style:"
                      text run at (0,15) width 62: "\"width:60px;"
                      text run at (0,30) width 64: "height:60px\","
                  RenderBR {BR} at (81,31) size 0x14
                RenderBlock {DIV} at (453,239) size 207x78 [border: (1px solid #0000FF)]
                  RenderBlock {SPAN} at (1,1) size 80x30
                    RenderText {#text} at (0,0) size 91x29
                      text run at (0,0) width 25: "style:"
                      text run at (0,15) width 91: "\"overflow:hidden\","
                  RenderBR {BR} at (81,16) size 0x14
                RenderBlock {DIV} at (0,346) size 207x93 [border: (1px solid #0000FF)]
                  RenderBlock {SPAN} at (1,1) size 80x30
                    RenderText {#text} at (0,0) size 85x29
                      text run at (0,0) width 25: "style:"
                      text run at (0,15) width 85: "\"overflow:scroll\","
                  RenderBR {BR} at (81,16) size 0x14
                RenderBlock {DIV} at (207,317) size 82x122 [border: (1px solid #0000FF)]
                  RenderBlock {SPAN} at (1,1) size 80x60
                    RenderText {#text} at (0,0) size 86x59
                      text run at (0,0) width 25: "style:"
                      text run at (0,15) width 86: "\"overflow:hidden;"
                      text run at (0,30) width 57: "width:60px;"
                      text run at (0,45) width 64: "height:60px\","
                  RenderBR {BR} at (81,46) size 0x14
                RenderBlock {DIV} at (289,317) size 82x122 [border: (1px solid #0000FF)]
                  RenderBlock {SPAN} at (1,1) size 80x60
                    RenderText {#text} at (0,0) size 80x59
                      text run at (0,0) width 25: "style:"
                      text run at (0,15) width 80: "\"overflow:scroll;"
                      text run at (0,30) width 57: "width:60px;"
                      text run at (0,45) width 64: "height:60px\","
                  RenderBR {BR} at (81,46) size 0x14
                RenderBlock {DIV} at (371,332) size 82x107 [border: (1px solid #0000FF)]
                  RenderBlock {SPAN} at (1,1) size 80x45
                    RenderText {#text} at (0,0) size 72x44
                      text run at (0,0) width 72: "cols: \"5\", style:"
                      text run at (0,15) width 62: "\"width:60px;"
                      text run at (0,30) width 64: "height:60px\","
                  RenderBR {BR} at (81,31) size 0x14
                RenderBlock {DIV} at (453,332) size 82x107 [border: (1px solid #0000FF)]
                  RenderBlock {SPAN} at (1,1) size 80x45
                    RenderText {#text} at (0,0) size 77x44
                      text run at (0,0) width 77: "rows: \"4\", style:"
                      text run at (0,15) width 62: "\"width:60px;"
                      text run at (0,30) width 64: "height:60px\","
                  RenderBR {BR} at (81,31) size 0x14
                RenderBlock {DIV} at (535,317) size 82x122 [border: (1px solid #0000FF)]
                  RenderBlock {SPAN} at (1,1) size 80x60
                    RenderText {#text} at (0,0) size 74x59
                      text run at (0,0) width 74: "cols: \"5\", rows:"
                      text run at (0,15) width 47: "\"4\", style:"
                      text run at (0,30) width 62: "\"width:60px;"
                      text run at (0,45) width 64: "height:60px\","
                  RenderBR {BR} at (81,46) size 0x14
                RenderBlock {DIV} at (617,376) size 82x63 [border: (1px solid #0000FF)]
                  RenderBlock {SPAN} at (1,1) size 80x15
                    RenderText {#text} at (0,0) size 44x14
                      text run at (0,0) width 44: "cols: \"3\","
                  RenderBR {BR} at (81,1) size 0x14
                RenderBlock {DIV} at (0,511) size 207x81 [border: (1px solid #0000FF)]
                  RenderBlock {SPAN} at (1,1) size 80x15
                    RenderText {#text} at (0,0) size 49x14
                      text run at (0,0) width 49: "rows: \"3\","
                  RenderBR {BR} at (81,1) size 0x14
                RenderBlock {DIV} at (207,529) size 90x63 [border: (1px solid #0000FF)]
                  RenderBlock {SPAN} at (1,1) size 80x15
                    RenderText {#text} at (0,0) size 44x14
                      text run at (0,0) width 44: "cols: \"7\","
                  RenderBR {BR} at (81,1) size 0x14
                RenderBlock {DIV} at (297,439) size 207x153 [border: (1px solid #0000FF)]
                  RenderBlock {SPAN} at (1,1) size 80x15
                    RenderText {#text} at (0,0) size 49x14
                      text run at (0,0) width 49: "rows: \"7\","
                  RenderBR {BR} at (81,1) size 0x14
                RenderBlock {DIV} at (504,478) size 82x114 [border: (1px solid #0000FF)]
                  RenderBlock {SPAN} at (1,1) size 80x30
                    RenderText {#text} at (0,0) size 74x29
                      text run at (0,0) width 74: "cols: \"5\", rows:"
                      text run at (0,15) width 19: "\"4\","
                  RenderBR {BR} at (81,16) size 0x14
                RenderBlock {DIV} at (0,592) size 207x78 [border: (1px solid #0000FF)]
                  RenderBlock {SPAN} at (1,1) size 80x15
                    RenderText {#text} at (0,0) size 57x14
                      text run at (0,0) width 57: "wrap: \"off\","
                  RenderBR {BR} at (81,1) size 0x14
                RenderBlock {DIV} at (207,607) size 207x63 [border: (1px solid #0000FF)]
                  RenderBlock {SPAN} at (1,1) size 80x15
                    RenderText {#text} at (0,0) size 64x14
                      text run at (0,0) width 64: "wrap: \"hard\","
                  RenderBR {BR} at (81,1) size 0x14
                RenderBlock {DIV} at (414,607) size 207x63 [border: (1px solid #0000FF)]
                  RenderBlock {SPAN} at (1,1) size 80x15
                    RenderText {#text} at (0,0) size 61x14
                      text run at (0,0) width 61: "wrap: \"soft\","
                  RenderBR {BR} at (81,1) size 0x14
                RenderBlock {DIV} at (0,670) size 207x78 [border: (1px solid #0000FF)]
                  RenderBlock {SPAN} at (1,1) size 80x30
                    RenderText {#text} at (0,0) size 70x29
                      text run at (0,0) width 63: "style: \"white-"
                      text run at (0,15) width 70: "space:normal\","
                  RenderBR {BR} at (81,16) size 0x14
                RenderBlock {DIV} at (207,670) size 207x78 [border: (1px solid #0000FF)]
                  RenderBlock {SPAN} at (1,1) size 80x30
                    RenderText {#text} at (0,0) size 63x29
                      text run at (0,0) width 63: "style: \"white-"
                      text run at (0,15) width 52: "space:pre\","
                  RenderBR {BR} at (81,16) size 0x14
                RenderBlock {DIV} at (414,670) size 207x78 [border: (1px solid #0000FF)]
                  RenderBlock {SPAN} at (1,1) size 80x30
                    RenderText {#text} at (0,0) size 76x29
                      text run at (0,0) width 63: "style: \"white-"
                      text run at (0,15) width 76: "space:prewrap\","
                  RenderBR {BR} at (81,16) size 0x14
                RenderBlock {DIV} at (0,763) size 207x78 [border: (1px solid #0000FF)]
                  RenderBlock {SPAN} at (1,1) size 80x30
                    RenderText {#text} at (0,0) size 73x29
                      text run at (0,0) width 63: "style: \"white-"
                      text run at (0,15) width 73: "space:nowrap\","
                  RenderBR {BR} at (81,16) size 0x14
                RenderBlock {DIV} at (207,763) size 207x78 [border: (1px solid #0000FF)]
                  RenderBlock {SPAN} at (1,1) size 80x30
                    RenderText {#text} at (0,0) size 73x29
                      text run at (0,0) width 63: "style: \"white-"
                      text run at (0,15) width 73: "space:pre-line\","
                  RenderBR {BR} at (81,16) size 0x14
                RenderBlock {DIV} at (414,748) size 207x93 [border: (1px solid #0000FF)]
                  RenderBlock {SPAN} at (1,1) size 80x30
                    RenderText {#text} at (0,0) size 68x29
                      text run at (0,0) width 62: "style: \"word-"
                      text run at (0,15) width 68: "wrap:normal\","
                  RenderBR {BR} at (81,16) size 0x14
                RenderBlock {DIV} at (0,841) size 207x108 [border: (1px solid #0000FF)]
                  RenderBlock {SPAN} at (1,1) size 80x45
                    RenderText {#text} at (0,0) size 80x44
                      text run at (0,0) width 57: "wrap: \"off\","
                      text run at (0,15) width 63: "style: \"white-"
                      text run at (0,30) width 80: "space:pre-wrap\","
                  RenderBR {BR} at (81,31) size 0x14
        layer at (3,77) size 201x42 clip at (4,78) size 199x40
          RenderTextControl {TEXTAREA} at (3,3) size 201x42 [bgcolor=#FFFFFF] [border: (1px solid #000000)]
            RenderBlock {DIV} at (3,3) size 195x18
              RenderText {#text} at (0,0) size 132x17
                text run at (0,0) width 132: "Lorem ipsum dolor"
        layer at (210,77) size 201x42 clip at (211,78) size 184x40 scrollHeight 76
          RenderTextControl {TEXTAREA} at (3,18) size 201x42 [bgcolor=#FFFFFF] [border: (1px solid #000000)]
            RenderBlock {DIV} at (3,3) size 180x72 [color=#545454]
              RenderText {#text} at (0,0) size 171x71
                text run at (0,0) width 136: "Lorem ipsum  dolor"
                text run at (136,0) width 4: " "
                text run at (0,18) width 171: "ABCDEFGHIJKLMNOP"
                text run at (0,36) width 115: "QRSTUVWXYZ"
                text run at (115,36) width 4: " "
                text run at (0,54) width 169: "abcdefghijklmnopqrstuv"
        layer at (417,61) size 217x58 clip at (418,62) size 200x56 scrollHeight 92
          RenderTextControl {TEXTAREA} at (3,33) size 217x58 [bgcolor=#FFFFFF] [border: (1px solid #000000)]
            RenderBlock {DIV} at (11,11) size 180x72
              RenderText {#text} at (0,0) size 171x71
                text run at (0,0) width 136: "Lorem ipsum  dolor"
                text run at (136,0) width 4: " "
                text run at (0,18) width 171: "ABCDEFGHIJKLMNOP"
                text run at (0,36) width 115: "QRSTUVWXYZ"
                text run at (115,36) width 4: " "
                text run at (0,54) width 169: "abcdefghijklmnopqrstuv"
        layer at (3,175) size 197x38 clip at (4,176) size 180x36 scrollHeight 72
          RenderTextControl {TEXTAREA} at (3,33) size 197x38 [bgcolor=#FFFFFF] [border: (1px solid #000000)]
            RenderBlock {DIV} at (1,1) size 180x72
              RenderText {#text} at (0,0) size 171x71
                text run at (0,0) width 136: "Lorem ipsum  dolor"
                text run at (136,0) width 4: " "
                text run at (0,18) width 171: "ABCDEFGHIJKLMNOP"
                text run at (0,36) width 115: "QRSTUVWXYZ"
                text run at (115,36) width 4: " "
                text run at (0,54) width 169: "abcdefghijklmnopqrstuv"
        layer at (214,163) size 201x42 clip at (215,164) size 184x40 scrollHeight 76
          RenderTextControl {TEXTAREA} at (11,41) size 201x42 [bgcolor=#FFFFFF] [border: (1px solid #000000)]
            RenderBlock {DIV} at (3,3) size 180x72
              RenderText {#text} at (0,0) size 171x71
                text run at (0,0) width 136: "Lorem ipsum  dolor"
                text run at (136,0) width 4: " "
                text run at (0,18) width 171: "ABCDEFGHIJKLMNOP"
                text run at (0,36) width 115: "QRSTUVWXYZ"
                text run at (115,36) width 4: " "
                text run at (0,54) width 169: "abcdefghijklmnopqrstuv"
        layer at (427,173) size 201x42 clip at (428,174) size 184x40 scrollHeight 76
          RenderTextControl {TEXTAREA} at (1,31) size 201x42 [bgcolor=#FFFFFF] [border: (1px solid #000000)]
            RenderBlock {DIV} at (3,3) size 180x72
              RenderText {#text} at (0,0) size 171x71
                text run at (0,0) width 136: "Lorem ipsum  dolor"
                text run at (136,0) width 4: " "
                text run at (0,18) width 171: "ABCDEFGHIJKLMNOP"
                text run at (0,36) width 115: "QRSTUVWXYZ"
                text run at (115,36) width 4: " "
                text run at (0,54) width 169: "abcdefghijklmnopqrstuv"
        layer at (630,171) size 60x42 clip at (631,172) size 43x40 scrollHeight 346
          RenderTextControl {TEXTAREA} at (1,33) size 60x42 [bgcolor=#FFFFFF] [border: (1px solid #000000)]
            RenderBlock {DIV} at (3,3) size 39x342
              RenderText {#text} at (0,0) size 39x341
                text run at (0,0) width 32: "Lore"
                text run at (0,18) width 13: "m"
                text run at (13,18) width 4: " "
                text run at (0,36) width 30: "ipsu"
                text run at (0,54) width 13: "m"
                text run at (13,54) width 8: "  "
                text run at (0,72) width 36: "dolor"
                text run at (36,72) width 3: " "
                text run at (0,90) width 34: "ABC"
                text run at (0,108) width 33: "DEF"
                text run at (0,126) width 36: "GHIJ"
                text run at (0,144) width 33: "KLM"
                text run at (0,162) width 35: "NOP"
                text run at (0,180) width 35: "QRS"
                text run at (0,198) width 33: "TUV"
                text run at (0,216) width 37: "WXY"
                text run at (0,234) width 10: "Z"
                text run at (10,234) width 4: " "
                text run at (0,252) width 35: "abcd"
                text run at (0,270) width 39: "efghij"
                text run at (0,288) width 34: "klmn"
                text run at (0,306) width 32: "opqr"
                text run at (0,324) width 29: "stuv"
        layer at (1,264) size 60x78 clip at (2,265) size 43x76 scrollHeight 1264
          RenderTextControl {TEXTAREA} at (1,48) size 60x78 [bgcolor=#FFFFFF] [border: (1px solid #000000)]
            RenderBlock {DIV} at (21,21) size 3x1224
              RenderText {#text} at (0,0) size 15x1223
                text run at (0,0) width 9: "L"
                text run at (0,18) width 9: "o"
                text run at (0,36) width 5: "r"
                text run at (0,54) width 9: "e"
                text run at (0,72) width 13: "m"
                text run at (0,90) width 3: " "
                text run at (0,108) width 4: "i"
                text run at (0,126) width 9: "p"
                text run at (0,144) width 8: "s"
                text run at (0,162) width 9: "u"
                text run at (0,180) width 13: "m"
                text run at (0,198) width 3: " "
                text run at (0,216) width 3: " "
                text run at (0,234) width 9: "d"
                text run at (0,252) width 9: "o"
                text run at (0,270) width 4: "l"
                text run at (0,288) width 9: "o"
                text run at (0,306) width 5: "r"
                text run at (0,324) width 3: " "
                text run at (0,342) width 11: "A"
                text run at (0,360) width 11: "B"
                text run at (0,378) width 12: "C"
                text run at (0,396) width 12: "D"
                text run at (0,414) width 11: "E"
                text run at (0,432) width 10: "F"
                text run at (0,450) width 12: "G"
                text run at (0,468) width 12: "H"
                text run at (0,486) width 4: "I"
                text run at (0,504) width 8: "J"
                text run at (0,522) width 11: "K"
                text run at (0,540) width 9: "L"
                text run at (0,558) width 13: "M"
                text run at (0,576) width 12: "N"
                text run at (0,594) width 12: "O"
                text run at (0,612) width 11: "P"
                text run at (0,630) width 12: "Q"
                text run at (0,648) width 12: "R"
                text run at (0,666) width 11: "S"
                text run at (0,684) width 10: "T"
                text run at (0,702) width 12: "U"
                text run at (0,720) width 11: "V"
                text run at (0,738) width 15: "W"
                text run at (0,756) width 11: "X"
                text run at (0,774) width 11: "Y"
                text run at (0,792) width 10: "Z"
                text run at (0,810) width 3: " "
                text run at (0,828) width 9: "a"
                text run at (0,846) width 9: "b"
                text run at (0,864) width 8: "c"
                text run at (0,882) width 9: "d"
                text run at (0,900) width 9: "e"
                text run at (0,918) width 4: "f"
                text run at (0,936) width 9: "g"
                text run at (0,954) width 9: "h"
                text run at (0,972) width 4: "i"
                text run at (0,990) width 4: "j"
                text run at (0,1008) width 8: "k"
                text run at (0,1026) width 4: "l"
                text run at (0,1044) width 13: "m"
                text run at (0,1062) width 9: "n"
                text run at (0,1080) width 9: "o"
                text run at (0,1098) width 9: "p"
                text run at (0,1116) width 9: "q"
                text run at (0,1134) width 5: "r"
                text run at (0,1152) width 8: "s"
                text run at (0,1170) width 4: "t"
                text run at (0,1188) width 9: "u"
                text run at (0,1206) width 8: "v"
        layer at (83,304) size 60x38 clip at (84,305) size 43x36 scrollHeight 324
          RenderTextControl {TEXTAREA} at (1,48) size 60x38 [bgcolor=#FFFFFF] [border: (1px solid #000000)]
            RenderBlock {DIV} at (1,1) size 43x324
              RenderText {#text} at (0,0) size 43x323
                text run at (0,0) width 32: "Lore"
                text run at (0,18) width 13: "m"
                text run at (13,18) width 4: " "
                text run at (0,36) width 43: "ipsum"
                text run at (43,36) width 0: "  "
                text run at (0,54) width 36: "dolor"
                text run at (36,54) width 4: " "
                text run at (0,72) width 34: "ABC"
                text run at (0,90) width 33: "DEF"
                text run at (0,108) width 36: "GHIJ"
                text run at (0,126) width 33: "KLM"
                text run at (0,144) width 35: "NOP"
                text run at (0,162) width 35: "QRS"
                text run at (0,180) width 33: "TUV"
                text run at (0,198) width 37: "WXY"
                text run at (0,216) width 10: "Z"
                text run at (10,216) width 4: " "
                text run at (0,234) width 35: "abcd"
                text run at (0,252) width 39: "efghij"
                text run at (0,270) width 43: "klmno"
                text run at (0,288) width 35: "pqrst"
                text run at (0,306) width 17: "uv"
        layer at (167,284) size 201x60 clip at (168,285) size 184x58 scrollHeight 76
          RenderTextControl {TEXTAREA} at (3,31) size 201x60 [bgcolor=#FFFFFF] [border: (1px solid #000000)]
            RenderBlock {DIV} at (3,3) size 180x72
              RenderText {#text} at (0,0) size 171x71
                text run at (0,0) width 136: "Lorem ipsum  dolor"
                text run at (136,0) width 4: " "
                text run at (0,18) width 171: "ABCDEFGHIJKLMNOP"
                text run at (0,36) width 115: "QRSTUVWXYZ"
                text run at (115,36) width 4: " "
                text run at (0,54) width 169: "abcdefghijklmnopqrstuv"
        layer at (372,284) size 60x60 clip at (373,285) size 43x58 scrollHeight 346
          RenderTextControl {TEXTAREA} at (1,46) size 60x60 [bgcolor=#FFFFFF] [border: (1px solid #000000)]
            RenderBlock {DIV} at (3,3) size 39x342
              RenderText {#text} at (0,0) size 39x341
                text run at (0,0) width 32: "Lore"
                text run at (0,18) width 13: "m"
                text run at (13,18) width 4: " "
                text run at (0,36) width 30: "ipsu"
                text run at (0,54) width 13: "m"
                text run at (13,54) width 8: "  "
                text run at (0,72) width 36: "dolor"
                text run at (36,72) width 3: " "
                text run at (0,90) width 34: "ABC"
                text run at (0,108) width 33: "DEF"
                text run at (0,126) width 36: "GHIJ"
                text run at (0,144) width 33: "KLM"
                text run at (0,162) width 35: "NOP"
                text run at (0,180) width 35: "QRS"
                text run at (0,198) width 33: "TUV"
                text run at (0,216) width 37: "WXY"
                text run at (0,234) width 10: "Z"
                text run at (10,234) width 4: " "
                text run at (0,252) width 35: "abcd"
                text run at (0,270) width 39: "efghij"
                text run at (0,288) width 34: "klmn"
                text run at (0,306) width 32: "opqr"
                text run at (0,324) width 29: "stuv"
        layer at (456,300) size 201x42 clip at (457,301) size 199x40 scrollHeight 76
          RenderTextControl {TEXTAREA} at (3,33) size 201x42 [bgcolor=#FFFFFF] [border: (1px solid #000000)]
            RenderBlock {DIV} at (3,3) size 195x72
              RenderText {#text} at (0,0) size 195x71
                text run at (0,0) width 136: "Lorem ipsum  dolor"
                text run at (136,0) width 4: " "
                text run at (0,18) width 195: "ABCDEFGHIJKLMNOPQR"
                text run at (0,36) width 91: "STUVWXYZ"
                text run at (91,36) width 4: " "
                text run at (0,54) width 169: "abcdefghijklmnopqrstuv"
        layer at (3,407) size 201x57 clip at (4,408) size 184x40 scrollHeight 76
          RenderTextControl {TEXTAREA} at (3,33) size 201x57 [bgcolor=#FFFFFF] [border: (1px solid #000000)]
            RenderBlock {DIV} at (3,3) size 180x72
              RenderText {#text} at (0,0) size 171x71
                text run at (0,0) width 136: "Lorem ipsum  dolor"
                text run at (136,0) width 4: " "
                text run at (0,18) width 171: "ABCDEFGHIJKLMNOP"
                text run at (0,36) width 115: "QRSTUVWXYZ"
                text run at (115,36) width 4: " "
                text run at (0,54) width 169: "abcdefghijklmnopqrstuv"
        layer at (208,406) size 60x60 clip at (209,407) size 58x58 scrollHeight 238
          RenderTextControl {TEXTAREA} at (1,61) size 60x60 [bgcolor=#FFFFFF] [border: (1px solid #000000)]
            RenderBlock {DIV} at (3,3) size 54x234
              RenderText {#text} at (0,0) size 53x233
                text run at (0,0) width 45: "Lorem"
                text run at (45,0) width 4: " "
                text run at (0,18) width 43: "ipsum"
                text run at (43,18) width 8: "  "
                text run at (0,36) width 36: "dolor"
                text run at (36,36) width 4: " "
                text run at (0,54) width 46: "ABCD"
                text run at (0,72) width 49: "EFGHI"
                text run at (0,90) width 53: "JKLMN"
                text run at (0,108) width 47: "OPQR"
                text run at (0,126) width 44: "STUV"
                text run at (0,144) width 47: "WXYZ"
                text run at (47,144) width 4: " "
                text run at (0,162) width 48: "abcdef"
                text run at (0,180) width 51: "ghijklm"
                text run at (0,198) width 53: "nopqrst"
                text run at (0,216) width 17: "uv"
        layer at (290,406) size 60x60 clip at (291,407) size 43x43 scrollHeight 346
          RenderTextControl {TEXTAREA} at (1,61) size 60x60 [bgcolor=#FFFFFF] [border: (1px solid #000000)]
            RenderBlock {DIV} at (3,3) size 39x342
              RenderText {#text} at (0,0) size 39x341
                text run at (0,0) width 32: "Lore"
                text run at (0,18) width 13: "m"
                text run at (13,18) width 4: " "
                text run at (0,36) width 30: "ipsu"
                text run at (0,54) width 13: "m"
                text run at (13,54) width 8: "  "
                text run at (0,72) width 36: "dolor"
                text run at (36,72) width 3: " "
                text run at (0,90) width 34: "ABC"
                text run at (0,108) width 33: "DEF"
                text run at (0,126) width 36: "GHIJ"
                text run at (0,144) width 33: "KLM"
                text run at (0,162) width 35: "NOP"
                text run at (0,180) width 35: "QRS"
                text run at (0,198) width 33: "TUV"
                text run at (0,216) width 37: "WXY"
                text run at (0,234) width 10: "Z"
                text run at (10,234) width 4: " "
                text run at (0,252) width 35: "abcd"
                text run at (0,270) width 39: "efghij"
                text run at (0,288) width 34: "klmn"
                text run at (0,306) width 32: "opqr"
                text run at (0,324) width 29: "stuv"
        layer at (372,406) size 60x60 clip at (373,407) size 43x58 scrollHeight 346
          RenderTextControl {TEXTAREA} at (1,46) size 60x60 [bgcolor=#FFFFFF] [border: (1px solid #000000)]
            RenderBlock {DIV} at (3,3) size 39x342
              RenderText {#text} at (0,0) size 39x341
                text run at (0,0) width 32: "Lore"
                text run at (0,18) width 13: "m"
                text run at (13,18) width 4: " "
                text run at (0,36) width 30: "ipsu"
                text run at (0,54) width 13: "m"
                text run at (13,54) width 8: "  "
                text run at (0,72) width 36: "dolor"
                text run at (36,72) width 3: " "
                text run at (0,90) width 34: "ABC"
                text run at (0,108) width 33: "DEF"
                text run at (0,126) width 36: "GHIJ"
                text run at (0,144) width 33: "KLM"
                text run at (0,162) width 35: "NOP"
                text run at (0,180) width 35: "QRS"
                text run at (0,198) width 33: "TUV"
                text run at (0,216) width 37: "WXY"
                text run at (0,234) width 10: "Z"
                text run at (10,234) width 4: " "
                text run at (0,252) width 35: "abcd"
                text run at (0,270) width 39: "efghij"
                text run at (0,288) width 34: "klmn"
                text run at (0,306) width 32: "opqr"
                text run at (0,324) width 29: "stuv"
        layer at (454,406) size 60x60 clip at (455,407) size 43x58 scrollHeight 346
          RenderTextControl {TEXTAREA} at (1,46) size 60x60 [bgcolor=#FFFFFF] [border: (1px solid #000000)]
            RenderBlock {DIV} at (3,3) size 39x342
              RenderText {#text} at (0,0) size 39x341
                text run at (0,0) width 32: "Lore"
                text run at (0,18) width 13: "m"
                text run at (13,18) width 4: " "
                text run at (0,36) width 30: "ipsu"
                text run at (0,54) width 13: "m"
                text run at (13,54) width 8: "  "
                text run at (0,72) width 36: "dolor"
                text run at (36,72) width 3: " "
                text run at (0,90) width 34: "ABC"
                text run at (0,108) width 33: "DEF"
                text run at (0,126) width 36: "GHIJ"
                text run at (0,144) width 33: "KLM"
                text run at (0,162) width 35: "NOP"
                text run at (0,180) width 35: "QRS"
                text run at (0,198) width 33: "TUV"
                text run at (0,216) width 37: "WXY"
                text run at (0,234) width 10: "Z"
                text run at (10,234) width 4: " "
                text run at (0,252) width 35: "abcd"
                text run at (0,270) width 39: "efghij"
                text run at (0,288) width 34: "klmn"
                text run at (0,306) width 32: "opqr"
                text run at (0,324) width 29: "stuv"
        layer at (536,406) size 60x60 clip at (537,407) size 43x58 scrollHeight 346
          RenderTextControl {TEXTAREA} at (1,61) size 60x60 [bgcolor=#FFFFFF] [border: (1px solid #000000)]
            RenderBlock {DIV} at (3,3) size 39x342
              RenderText {#text} at (0,0) size 39x341
                text run at (0,0) width 32: "Lore"
                text run at (0,18) width 13: "m"
                text run at (13,18) width 4: " "
                text run at (0,36) width 30: "ipsu"
                text run at (0,54) width 13: "m"
                text run at (13,54) width 8: "  "
                text run at (0,72) width 36: "dolor"
                text run at (36,72) width 3: " "
                text run at (0,90) width 34: "ABC"
                text run at (0,108) width 33: "DEF"
                text run at (0,126) width 36: "GHIJ"
                text run at (0,144) width 33: "KLM"
                text run at (0,162) width 35: "NOP"
                text run at (0,180) width 35: "QRS"
                text run at (0,198) width 33: "TUV"
                text run at (0,216) width 37: "WXY"
                text run at (0,234) width 10: "Z"
                text run at (10,234) width 4: " "
                text run at (0,252) width 35: "abcd"
                text run at (0,270) width 39: "efghij"
                text run at (0,288) width 34: "klmn"
                text run at (0,306) width 32: "opqr"
                text run at (0,324) width 29: "stuv"
        layer at (620,422) size 48x42 clip at (621,423) size 31x40 scrollHeight 472
          RenderTextControl {TEXTAREA} at (3,18) size 48x42 [bgcolor=#FFFFFF] [border: (1px solid #000000)]
            RenderBlock {DIV} at (3,3) size 27x468
              RenderText {#text} at (0,0) size 27x467
                text run at (0,0) width 23: "Lor"
                text run at (0,18) width 22: "em"
                text run at (22,18) width 4: " "
                text run at (0,36) width 21: "ips"
                text run at (0,54) width 22: "um"
                text run at (22,54) width 5: "  "
                text run at (0,72) width 22: "dol"
                text run at (0,90) width 14: "or"
                text run at (14,90) width 4: " "
                text run at (0,108) width 22: "AB"
                text run at (0,126) width 24: "CD"
                text run at (0,144) width 21: "EF"
                text run at (0,162) width 24: "GH"
                text run at (0,180) width 23: "IJK"
                text run at (0,198) width 22: "LM"
                text run at (0,216) width 24: "NO"
                text run at (0,234) width 23: "PQ"
                text run at (0,252) width 23: "RS"
                text run at (0,270) width 22: "TU"
                text run at (0,288) width 26: "VW"
                text run at (0,306) width 22: "XY"
                text run at (0,324) width 10: "Z"
                text run at (10,324) width 4: " "
                text run at (0,342) width 26: "abc"
                text run at (0,360) width 22: "def"
                text run at (0,378) width 26: "ghij"
                text run at (0,396) width 25: "klm"
                text run at (0,414) width 27: "nop"
                text run at (0,432) width 26: "qrst"
                text run at (0,450) width 17: "uv"
        layer at (3,557) size 201x60 clip at (4,558) size 184x58 scrollHeight 76
          RenderTextControl {TEXTAREA} at (3,18) size 201x60 [bgcolor=#FFFFFF] [border: (1px solid #000000)]
            RenderBlock {DIV} at (3,3) size 180x72
              RenderText {#text} at (0,0) size 171x71
                text run at (0,0) width 136: "Lorem ipsum  dolor"
                text run at (136,0) width 4: " "
                text run at (0,18) width 171: "ABCDEFGHIJKLMNOP"
                text run at (0,36) width 115: "QRSTUVWXYZ"
                text run at (115,36) width 4: " "
                text run at (0,54) width 169: "abcdefghijklmnopqrstuv"
        layer at (210,575) size 84x42 clip at (211,576) size 67x40 scrollHeight 202
          RenderTextControl {TEXTAREA} at (3,18) size 84x42 [bgcolor=#FFFFFF] [border: (1px solid #000000)]
            RenderBlock {DIV} at (3,3) size 63x198
              RenderText {#text} at (0,0) size 62x197
                text run at (0,0) width 45: "Lorem"
                text run at (45,0) width 4: " "
                text run at (0,18) width 43: "ipsum"
                text run at (43,18) width 8: "  "
                text run at (0,36) width 36: "dolor"
                text run at (36,36) width 4: " "
                text run at (0,54) width 57: "ABCDE"
                text run at (0,72) width 57: "FGHIJK"
                text run at (0,90) width 57: "LMNOP"
                text run at (0,108) width 57: "QRSTU"
                text run at (0,126) width 58: "VWXYZ"
                text run at (58,126) width 4: " "
                text run at (0,144) width 57: "abcdefg"
                text run at (0,162) width 60: "hijklmno"
                text run at (0,180) width 52: "pqrstuv"
        layer at (300,485) size 201x132 clip at (301,486) size 199x130
          RenderTextControl {TEXTAREA} at (3,18) size 201x132 [bgcolor=#FFFFFF] [border: (1px solid #000000)]
            RenderBlock {DIV} at (3,3) size 195x72
              RenderText {#text} at (0,0) size 195x71
                text run at (0,0) width 136: "Lorem ipsum  dolor"
                text run at (136,0) width 4: " "
                text run at (0,18) width 195: "ABCDEFGHIJKLMNOPQR"
                text run at (0,36) width 91: "STUVWXYZ"
                text run at (91,36) width 4: " "
                text run at (0,54) width 169: "abcdefghijklmnopqrstuv"
        layer at (507,539) size 66x78 clip at (508,540) size 49x76 scrollHeight 274
          RenderTextControl {TEXTAREA} at (3,33) size 66x78 [bgcolor=#FFFFFF] [border: (1px solid #000000)]
            RenderBlock {DIV} at (3,3) size 45x270
              RenderText {#text} at (0,0) size 45x269
                text run at (0,0) width 45: "Lorem"
                text run at (45,0) width 0: " "
                text run at (0,18) width 43: "ipsum"
                text run at (43,18) width 2: "  "
                text run at (0,36) width 36: "dolor"
                text run at (36,36) width 4: " "
                text run at (0,54) width 34: "ABC"
                text run at (0,72) width 45: "DEFG"
                text run at (0,90) width 44: "HIJKL"
                text run at (0,108) width 37: "MNO"
                text run at (0,126) width 35: "PQR"
                text run at (0,144) width 44: "STUV"
                text run at (0,162) width 37: "WXY"
                text run at (0,180) width 10: "Z"
                text run at (10,180) width 4: " "
                text run at (0,198) width 44: "abcde"
                text run at (0,216) width 42: "fghijkl"
                text run at (0,234) width 40: "mnop"
                text run at (0,252) width 43: "qrstuv"
        layer at (3,638) size 201x57 clip at (4,639) size 199x40 scrollWidth 601
          RenderTextControl {TEXTAREA} at (3,18) size 201x57 [bgcolor=#FFFFFF] [border: (1px solid #000000)]
            RenderBlock {DIV} at (3,3) size 195x18
              RenderText {#text} at (0,0) size 599x17
                text run at (0,0) width 599: "Lorem ipsum  dolor ABCDEFGHIJKLMNOPQRSTUVWXYZ abcdefghijklmnopqrstuv"
        layer at (210,653) size 201x42 clip at (211,654) size 184x40 scrollHeight 76
          RenderTextControl {TEXTAREA} at (3,18) size 201x42 [bgcolor=#FFFFFF] [border: (1px solid #000000)]
            RenderBlock {DIV} at (3,3) size 180x72
              RenderText {#text} at (0,0) size 171x71
                text run at (0,0) width 136: "Lorem ipsum  dolor"
                text run at (136,0) width 4: " "
                text run at (0,18) width 171: "ABCDEFGHIJKLMNOP"
                text run at (0,36) width 115: "QRSTUVWXYZ"
                text run at (115,36) width 4: " "
                text run at (0,54) width 169: "abcdefghijklmnopqrstuv"
        layer at (417,653) size 201x42 clip at (418,654) size 184x40 scrollHeight 76
          RenderTextControl {TEXTAREA} at (3,18) size 201x42 [bgcolor=#FFFFFF] [border: (1px solid #000000)]
            RenderBlock {DIV} at (3,3) size 180x72
              RenderText {#text} at (0,0) size 171x71
                text run at (0,0) width 136: "Lorem ipsum  dolor"
                text run at (136,0) width 4: " "
                text run at (0,18) width 171: "ABCDEFGHIJKLMNOP"
                text run at (0,36) width 115: "QRSTUVWXYZ"
                text run at (115,36) width 4: " "
                text run at (0,54) width 169: "abcdefghijklmnopqrstuv"
        layer at (3,731) size 201x42 clip at (4,732) size 184x40 scrollHeight 76
          RenderTextControl {TEXTAREA} at (3,33) size 201x42 [bgcolor=#FFFFFF] [border: (1px solid #000000)]
            RenderBlock {DIV} at (3,3) size 180x72
              RenderText {#text} at (0,0) size 171x71
                text run at (0,0) width 96: "Lorem ipsum "
                text run at (96,0) width 36: "dolor"
                text run at (0,18) width 171: "ABCDEFGHIJKLMNOP"
                text run at (0,36) width 115: "QRSTUVWXYZ"
                text run at (0,54) width 169: "abcdefghijklmnopqrstuv"
        layer at (210,731) size 201x42 clip at (211,732) size 199x25 scrollWidth 601
          RenderTextControl {TEXTAREA} at (3,33) size 201x42 [bgcolor=#FFFFFF] [border: (1px solid #000000)]
            RenderBlock {DIV} at (3,3) size 195x18
              RenderText {#text} at (0,0) size 599x17
                text run at (0,0) width 599: "Lorem ipsum  dolor ABCDEFGHIJKLMNOPQRSTUVWXYZ abcdefghijklmnopqrstuv"
        layer at (417,731) size 201x42 clip at (418,732) size 184x40 scrollHeight 76
          RenderTextControl {TEXTAREA} at (3,33) size 201x42 [bgcolor=#FFFFFF] [border: (1px solid #000000)]
            RenderBlock {DIV} at (3,3) size 180x72
              RenderText {#text} at (0,0) size 171x71
                text run at (0,0) width 136: "Lorem ipsum  dolor"
                text run at (136,0) width 4: " "
                text run at (0,18) width 171: "ABCDEFGHIJKLMNOP"
                text run at (0,36) width 115: "QRSTUVWXYZ"
                text run at (115,36) width 4: " "
                text run at (0,54) width 169: "abcdefghijklmnopqrstuv"
        layer at (3,824) size 201x42 clip at (4,825) size 199x25 scrollWidth 597
          RenderTextControl {TEXTAREA} at (3,33) size 201x42 [bgcolor=#FFFFFF] [border: (1px solid #000000)]
            RenderBlock {DIV} at (3,3) size 195x18
              RenderText {#text} at (0,0) size 595x17
                text run at (0,0) width 96: "Lorem ipsum "
                text run at (96,0) width 499: "dolor ABCDEFGHIJKLMNOPQRSTUVWXYZ abcdefghijklmnopqrstuv"
        layer at (210,824) size 201x42 clip at (211,825) size 184x40 scrollHeight 76
          RenderTextControl {TEXTAREA} at (3,33) size 201x42 [bgcolor=#FFFFFF] [border: (1px solid #000000)]
            RenderBlock {DIV} at (3,3) size 180x72
              RenderText {#text} at (0,0) size 171x71
                text run at (0,0) width 96: "Lorem ipsum "
                text run at (96,0) width 36: "dolor"
                text run at (0,18) width 171: "ABCDEFGHIJKLMNOP"
                text run at (0,36) width 115: "QRSTUVWXYZ"
                text run at (0,54) width 169: "abcdefghijklmnopqrstuv"
        layer at (417,809) size 201x57 clip at (418,810) size 184x40 scrollWidth 288 scrollHeight 58
          RenderTextControl {TEXTAREA} at (3,33) size 201x57 [bgcolor=#FFFFFF] [border: (1px solid #000000)]
            RenderBlock {DIV} at (3,3) size 180x54
              RenderText {#text} at (0,0) size 286x53
                text run at (0,0) width 136: "Lorem ipsum  dolor"
                text run at (136,0) width 4: " "
                text run at (0,18) width 286: "ABCDEFGHIJKLMNOPQRSTUVWXYZ"
                text run at (0,36) width 173: " abcdefghijklmnopqrstuv"
        layer at (3,917) size 201x57 clip at (4,918) size 184x40 scrollWidth 288 scrollHeight 58
          RenderTextControl {TEXTAREA} at (3,48) size 201x57 [bgcolor=#FFFFFF] [border: (1px solid #000000)]
            RenderBlock {DIV} at (3,3) size 180x54
              RenderText {#text} at (0,0) size 286x53
                text run at (0,0) width 136: "Lorem ipsum  dolor"
                text run at (136,0) width 4: " "
                text run at (0,18) width 286: "ABCDEFGHIJKLMNOPQRSTUVWXYZ"
                text run at (0,36) width 173: " abcdefghijklmnopqrstuv"
      RenderText {#text} at (0,0) size 0x0
