layer at (0,0) size 800x600
  RenderView at (0,0) size 800x600
layer at (0,0) size 800x600
  RenderBlock {HTML} at (0,0) size 800x600
    RenderBody {BODY} at (8,8) size 470x582
      RenderBlock (anonymous) at (0,0) size 470x306
        RenderText {#text} at (0,0) size 328x17
          text run at (0,0) width 328: "This tests basic inputs. Here's what you should see:"
        RenderBR {BR} at (327,0) size 1x17
        RenderBR {BR} at (0,18) size 0x17
        RenderText {#text} at (0,36) size 462x53
          text run at (0,36) width 445: "first line: the letter \"a\" and then a text input field filled with repeating"
          text run at (0,54) width 86: "\"foobarbaz\", "
          text run at (85,54) width 377: "then the word \"text\" followed by a disabled text input field"
          text run at (0,72) width 332: "filled with \"foo\" and then the letter \"b\" and then \"a\""
        RenderBR {BR} at (331,72) size 1x17
        RenderBR {BR} at (0,90) size 0x17
        RenderText {#text} at (0,108) size 469x53
          text run at (0,108) width 439: "second line: and then a password input field that's filled and then the"
          text run at (0,126) width 469: "word \"password\" and then a disabled password field that's filled and then"
          text run at (0,144) width 82: "the letter \"b\""
        RenderBR {BR} at (81,144) size 1x17
        RenderBR {BR} at (0,162) size 0x17
        RenderText {#text} at (0,180) size 459x35
          text run at (0,180) width 459: "third line: the letter \"a\" and then a checkbox (unchecked) with the word"
          text run at (0,198) width 356: "\"checkbox\" and then a disabled checkbox and letter \"b\""
        RenderBR {BR} at (355,198) size 1x17
        RenderBR {BR} at (0,216) size 0x17
        RenderText {#text} at (0,234) size 457x53
          text run at (0,234) width 411: "fourth line: the last line has the letter \"a\" and then a redio button"
          text run at (0,252) width 457: "(unselected) and then the word \"radio\" and then a disabled radio button"
          text run at (0,270) width 109: "and the letter \"b\""
        RenderBR {BR} at (108,270) size 1x17
        RenderBR {BR} at (0,288) size 0x17
      RenderBlock {DIV} at (10,316) size 450x68 [border: (1px solid #FF0000)]
        RenderText {#text} at (1,4) size 8x17
          text run at (1,4) width 8: "a"
        RenderTextControl {INPUT} at (8,1) size 193x24 [bgcolor=#FFFFFF] [border: (2px inset #000000)]
        RenderText {#text} at (200,4) size 29x17
          text run at (200,4) width 29: "text "
        RenderTextControl {INPUT} at (228,1) size 192x24 [color=#575757] [bgcolor=#FFFFFF] [border: (2px inset #575757)]
        RenderText {#text} at (419,4) size 20x17
          text run at (419,4) width 13: "b "
          text run at (431,4) width 8: "a"
        RenderTextControl {INPUT} at (1,25) size 192x24 [bgcolor=#FFFFFF] [border: (2px inset #000000)]
          RenderFlexibleBox {DIV} at (3,3) size 186x18
            RenderBlock {DIV} at (0,0) size 186x18
        RenderText {#text} at (193,28) size 65x17
          text run at (193,28) width 65: "password "
        RenderTextControl {INPUT} at (257,25) size 192x24 [color=#575757] [bgcolor=#FFFFFF] [border: (2px inset #575757)]
          RenderFlexibleBox {DIV} at (3,3) size 185x18
            RenderBlock {DIV} at (0,0) size 185x18
        RenderText {#text} at (1,49) size 8x17
          text run at (1,49) width 8: "b"
      RenderBlock {DIV} at (10,394) size 450x21 [border: (1px solid #FF0000)]
        RenderText {#text} at (1,2) size 8x17
          text run at (1,2) width 8: "a"
        RenderBlock {INPUT} at (10,4) size 13x12
        RenderText {#text} at (24,2) size 66x17
          text run at (24,2) width 66: "checkbox "
        RenderBlock {INPUT} at (91,4) size 13x12 [color=#575757]
        RenderText {#text} at (105,2) size 9x17
          text run at (105,2) width 9: "b"
      RenderBlock {DIV} at (10,425) size 450x21 [border: (1px solid #FF0000)]
        RenderText {#text} at (1,2) size 8x17
          text run at (1,2) width 8: "a"
        RenderBlock {INPUT} at (10,4) size 13x12
        RenderText {#text} at (24,2) size 37x17
          text run at (24,2) width 37: "radio "
        RenderBlock {INPUT} at (62,4) size 13x12 [color=#575757]
        RenderText {#text} at (76,2) size 9x17
          text run at (76,2) width 9: "b"
layer at (29,328) size 186x18 scrollWidth 214
  RenderBlock {DIV} at (3,3) size 186x18
    RenderText {#text} at (0,0) size 214x17
      text run at (0,0) width 214: "foobarbazfoobarbazfoobarbaz"
layer at (249,328) size 185x18
  RenderBlock {DIV} at (3,3) size 185x18
    RenderText {#text} at (0,0) size 23x17
      text run at (0,0) width 23: "foo"
layer at (22,352) size 186x18
  RenderBlock {DIV} at (0,0) size 186x18
    RenderText {#text} at (0,0) size 17x17
      text run at (0,0) width 17: "\x{2022}\x{2022}\x{2022}"
layer at (278,352) size 185x18
  RenderBlock {DIV} at (0,0) size 185x18
    RenderText {#text} at (0,0) size 17x17
      text run at (0,0) width 17: "\x{2022}\x{2022}\x{2022}"
