layer at (0,0) size 785x1113
  RenderView at (0,0) size 785x600
layer at (0,0) size 785x1113
  RenderBlock {HTML} at (0,0) size 785x1113
    RenderBody {BODY} at (8,8) size 769x584
      RenderBlock (floating) {DIV} at (0,0) size 352x964 [border: (1px solid #FF0000)]
        RenderBlock (anonymous) at (1,1) size 350x14
          RenderText {#text} at (0,-1) size 179x15
            text run at (0,-1) width 179: "Plain textarea with little content"
        RenderBlock {DIV} at (1,15) size 352x47 [border: (1px solid #FF0000)]
          RenderText {#text} at (1,31) size 13x15
            text run at (1,31) width 13: "A "
          RenderText {#text} at (214,31) size 14x15
            text run at (214,31) width 14: " B"
        RenderBlock (anonymous) at (1,62) size 350x14
          RenderText {#text} at (0,-1) size 77x15
            text run at (0,-1) width 77: "Plain textarea"
        RenderBlock {DIV} at (1,76) size 352x47 [border: (1px solid #FF0000)]
          RenderText {#text} at (1,31) size 13x15
            text run at (1,31) width 13: "A "
          RenderText {#text} at (214,31) size 14x15
            text run at (214,31) width 14: " B"
        RenderBlock (anonymous) at (1,123) size 350x14
          RenderText {#text} at (0,-1) size 98x15
            text run at (0,-1) width 98: "Disabled textarea"
        RenderBlock {DIV} at (1,137) size 352x47 [border: (1px solid #FF0000)]
          RenderText {#text} at (1,31) size 13x15
            text run at (1,31) width 13: "A "
          RenderText {#text} at (214,31) size 14x15
            text run at (214,31) width 14: " B"
        RenderBlock (anonymous) at (1,184) size 350x14
          RenderText {#text} at (0,-1) size 123x15
            text run at (0,-1) width 123: "style=\"padding:10px\""
        RenderBlock {DIV} at (1,198) size 352x63 [border: (1px solid #FF0000)]
          RenderText {#text} at (1,47) size 13x15
            text run at (1,47) width 13: "A "
          RenderText {#text} at (230,47) size 14x15
            text run at (230,47) width 14: " B"
        RenderBlock (anonymous) at (1,261) size 350x14
          RenderText {#text} at (0,-1) size 116x15
            text run at (0,-1) width 116: "style=\"padding:0px\""
        RenderBlock {DIV} at (1,275) size 352x43 [border: (1px solid #FF0000)]
          RenderText {#text} at (1,27) size 13x15
            text run at (1,27) width 13: "A "
          RenderText {#text} at (210,27) size 14x15
            text run at (210,27) width 14: " B"
        RenderBlock (anonymous) at (1,318) size 350x14
          RenderText {#text} at (0,-1) size 118x15
            text run at (0,-1) width 118: "style=\"margin:10px\""
        RenderBlock {DIV} at (1,332) size 352x67 [border: (1px solid #FF0000)]
          RenderText {#text} at (1,51) size 13x15
            text run at (1,51) width 13: "A "
          RenderText {#text} at (234,51) size 14x15
            text run at (234,51) width 14: " B"
        RenderBlock (anonymous) at (1,399) size 350x14
          RenderText {#text} at (0,-1) size 111x15
            text run at (0,-1) width 111: "style=\"margin:0px\""
        RenderBlock {DIV} at (1,413) size 352x47 [border: (1px solid #FF0000)]
          RenderText {#text} at (1,31) size 13x15
            text run at (1,31) width 13: "A "
          RenderText {#text} at (214,31) size 14x15
            text run at (214,31) width 14: " B"
        RenderBlock (anonymous) at (1,460) size 350x14
          RenderText {#text} at (0,-1) size 38x15
            text run at (0,-1) width 38: "cols=3"
        RenderBlock {DIV} at (1,474) size 352x47 [border: (1px solid #FF0000)]
          RenderText {#text} at (1,31) size 13x15
            text run at (1,31) width 13: "A "
          RenderText {#text} at (61,31) size 14x15
            text run at (61,31) width 14: " B"
        RenderBlock (anonymous) at (1,521) size 350x14
          RenderText {#text} at (0,-1) size 43x15
            text run at (0,-1) width 43: "rows=3"
        RenderBlock {DIV} at (1,535) size 352x65 [border: (1px solid #FF0000)]
          RenderText {#text} at (1,49) size 13x15
            text run at (1,49) width 13: "A "
          RenderText {#text} at (214,49) size 14x15
            text run at (214,49) width 14: " B"
        RenderBlock (anonymous) at (1,600) size 350x14
          RenderText {#text} at (0,-1) size 45x15
            text run at (0,-1) width 45: "cols=10"
        RenderBlock {DIV} at (1,614) size 352x47 [border: (1px solid #FF0000)]
          RenderText {#text} at (1,31) size 13x15
            text run at (1,31) width 13: "A "
          RenderText {#text} at (124,31) size 14x15
            text run at (124,31) width 14: " B"
        RenderBlock (anonymous) at (1,661) size 350x14
          RenderText {#text} at (0,-1) size 50x15
            text run at (0,-1) width 50: "rows=10"
        RenderBlock {DIV} at (1,675) size 352x191 [border: (1px solid #FF0000)]
          RenderText {#text} at (1,175) size 13x15
            text run at (1,175) width 13: "A "
          RenderText {#text} at (214,175) size 14x15
            text run at (214,175) width 14: " B"
        RenderBlock (anonymous) at (1,866) size 350x14
          RenderText {#text} at (0,-1) size 84x15
            text run at (0,-1) width 84: "cols=5 rows=4"
        RenderBlock {DIV} at (1,880) size 352x83 [border: (1px solid #FF0000)]
          RenderText {#text} at (1,67) size 13x15
            text run at (1,67) width 13: "A "
          RenderText {#text} at (79,67) size 14x15
            text run at (79,67) width 14: " B"
      RenderBlock (floating) {DIV} at (352,0) size 352x1105 [border: (1px solid #FF0000)]
        RenderBlock (anonymous) at (1,1) size 350x14
          RenderText {#text} at (0,-1) size 110x15
            text run at (0,-1) width 110: "style=\"width:60px\""
        RenderBlock {DIV} at (1,15) size 352x47 [border: (1px solid #FF0000)]
          RenderText {#text} at (1,31) size 13x15
            text run at (1,31) width 13: "A "
          RenderText {#text} at (73,31) size 14x15
            text run at (73,31) width 14: " B"
        RenderBlock (anonymous) at (1,62) size 350x14
          RenderText {#text} at (0,-1) size 191x15
            text run at (0,-1) width 191: "style=\"width:60px;padding:20px\""
        RenderBlock {DIV} at (1,76) size 352x83 [border: (1px solid #FF0000)]
          RenderText {#text} at (1,67) size 13x15
            text run at (1,67) width 13: "A "
          RenderText {#text} at (73,67) size 14x15
            text run at (73,67) width 14: " B"
        RenderBlock (anonymous) at (1,159) size 350x14
          RenderText {#text} at (0,-1) size 170x15
            text run at (0,-1) width 170: "style=\"width:60px;padding:0\""
        RenderBlock {DIV} at (1,173) size 352x43 [border: (1px solid #FF0000)]
          RenderText {#text} at (1,27) size 13x15
            text run at (1,27) width 13: "A "
          RenderText {#text} at (73,27) size 14x15
            text run at (73,27) width 14: " B"
        RenderBlock (anonymous) at (1,216) size 350x14
          RenderText {#text} at (0,-1) size 113x15
            text run at (0,-1) width 113: "style=\"height:60px\""
        RenderBlock {DIV} at (1,230) size 352x65 [border: (1px solid #FF0000)]
          RenderText {#text} at (1,49) size 13x15
            text run at (1,49) width 13: "A "
          RenderText {#text} at (214,49) size 14x15
            text run at (214,49) width 14: " B"
        RenderBlock (anonymous) at (1,295) size 350x14
          RenderText {#text} at (0,-1) size 181x15
            text run at (0,-1) width 181: "style=\"width:60px;height:60px\""
        RenderBlock {DIV} at (1,309) size 352x65 [border: (1px solid #FF0000)]
          RenderText {#text} at (1,49) size 13x15
            text run at (1,49) width 13: "A "
          RenderText {#text} at (73,49) size 14x15
            text run at (73,49) width 14: " B"
        RenderBlock (anonymous) at (1,374) size 350x14
          RenderText {#text} at (0,-1) size 139x15
            text run at (0,-1) width 139: "style=\"overflow:hidden\""
        RenderBlock {DIV} at (1,388) size 352x47 [border: (1px solid #FF0000)]
          RenderText {#text} at (1,31) size 13x15
            text run at (1,31) width 13: "A "
          RenderText {#text} at (214,31) size 14x15
            text run at (214,31) width 14: " B"
        RenderBlock (anonymous) at (1,435) size 350x14
          RenderText {#text} at (0,-1) size 132x15
            text run at (0,-1) width 132: "style=\"overflow:scroll\""
        RenderBlock {DIV} at (1,449) size 352x62 [border: (1px solid #FF0000)]
          RenderText {#text} at (1,46) size 13x15
            text run at (1,46) width 13: "A "
          RenderText {#text} at (214,46) size 14x15
            text run at (214,46) width 14: " B"
        RenderBlock (anonymous) at (1,511) size 350x14
          RenderText {#text} at (0,-1) size 277x15
            text run at (0,-1) width 277: "style=\"overflow:hidden;width:60px;height:60px\""
        RenderBlock {DIV} at (1,525) size 352x65 [border: (1px solid #FF0000)]
          RenderText {#text} at (1,49) size 13x15
            text run at (1,49) width 13: "A "
          RenderText {#text} at (73,49) size 14x15
            text run at (73,49) width 14: " B"
        RenderBlock (anonymous) at (1,590) size 350x14
          RenderText {#text} at (0,-1) size 270x15
            text run at (0,-1) width 270: "style=\"overflow:scroll;width:60px;height:60px\""
        RenderBlock {DIV} at (1,604) size 352x65 [border: (1px solid #FF0000)]
          RenderText {#text} at (1,49) size 13x15
            text run at (1,49) width 13: "A "
          RenderText {#text} at (73,49) size 14x15
            text run at (73,49) width 14: " B"
        RenderBlock (anonymous) at (1,669) size 350x14
          RenderText {#text} at (0,-1) size 222x15
            text run at (0,-1) width 222: "cols=5 style=\"width:60px;height:60px\""
        RenderBlock {DIV} at (1,683) size 352x65 [border: (1px solid #FF0000)]
          RenderText {#text} at (1,49) size 13x15
            text run at (1,49) width 13: "A "
          RenderText {#text} at (73,49) size 14x15
            text run at (73,49) width 14: " B"
        RenderBlock (anonymous) at (1,748) size 350x14
          RenderText {#text} at (0,-1) size 226x15
            text run at (0,-1) width 226: "rows=4 style=\"width:60px;height:60px\""
        RenderBlock {DIV} at (1,762) size 352x65 [border: (1px solid #FF0000)]
          RenderText {#text} at (1,49) size 13x15
            text run at (1,49) width 13: "A "
          RenderText {#text} at (73,49) size 14x15
            text run at (73,49) width 14: " B"
        RenderBlock (anonymous) at (1,827) size 350x14
          RenderText {#text} at (0,-1) size 267x15
            text run at (0,-1) width 267: "cols=5 rows=4 style=\"width:60px;height:60px\""
        RenderBlock {DIV} at (1,841) size 352x65 [border: (1px solid #FF0000)]
          RenderText {#text} at (1,49) size 13x15
            text run at (1,49) width 13: "A "
          RenderText {#text} at (73,49) size 14x15
            text run at (73,49) width 14: " B"
        RenderBlock (anonymous) at (1,906) size 350x14
          RenderText {#text} at (0,-1) size 64x15
            text run at (0,-1) width 64: "wrap=\"off\""
        RenderBlock {DIV} at (1,920) size 352x62 [border: (1px solid #FF0000)]
          RenderText {#text} at (1,46) size 13x15
            text run at (1,46) width 13: "A "
          RenderText {#text} at (214,46) size 14x15
            text run at (214,46) width 5: " "
            text run at (218,46) width 10: "B"
        RenderBlock (anonymous) at (1,982) size 350x14
          RenderText {#text} at (0,-1) size 73x15
            text run at (0,-1) width 73: "wrap=\"hard\""
        RenderBlock {DIV} at (1,996) size 352x47 [border: (1px solid #FF0000)]
          RenderText {#text} at (1,31) size 13x15
            text run at (1,31) width 13: "A "
          RenderText {#text} at (214,31) size 14x15
            text run at (214,31) width 5: " "
            text run at (218,31) width 10: "B"
        RenderBlock (anonymous) at (1,1043) size 350x14
          RenderText {#text} at (0,-1) size 69x15
            text run at (0,-1) width 69: "wrap=\"soft\""
        RenderBlock {DIV} at (1,1057) size 352x47 [border: (1px solid #FF0000)]
          RenderText {#text} at (1,31) size 13x15
            text run at (1,31) width 13: "A "
          RenderText {#text} at (214,31) size 14x15
            text run at (214,31) width 5: " "
            text run at (218,31) width 10: "B"
layer at (23,24) size 201x42 clip at (24,25) size 199x40
  RenderTextControl {TEXTAREA} at (13,1) size 202x42 [bgcolor=#FFFFFF] [border: (1px solid #000000)]
    RenderBlock {DIV} at (3,3) size 195x18
      RenderText {#text} at (0,0) size 133x17
        text run at (0,0) width 133: "Lorem ipsum dolor"
layer at (23,85) size 201x42 clip at (24,86) size 184x40 scrollHeight 76
  RenderTextControl {TEXTAREA} at (13,1) size 202x42 [bgcolor=#FFFFFF] [border: (1px solid #000000)]
    RenderBlock {DIV} at (3,3) size 180x72
      RenderText {#text} at (0,0) size 173x71
        text run at (0,0) width 133: "Lorem ipsum dolor"
        text run at (132,0) width 5: " "
        text run at (0,18) width 169: "ABCDEFGHIJKLMNOP"
        text run at (0,36) width 113: "QRSTUVWXYZ"
        text run at (112,36) width 6: " "
        text run at (0,54) width 169: "abcdefghijklmnopqrstuv"
        text run at (168,54) width 5: " "
layer at (23,146) size 201x42 clip at (24,147) size 184x40 scrollHeight 76
  RenderTextControl {TEXTAREA} at (13,1) size 202x42 [color=#575757] [bgcolor=#FFFFFF] [border: (1px solid #575757)]
    RenderBlock {DIV} at (3,3) size 180x72
      RenderText {#text} at (0,0) size 173x71
        text run at (0,0) width 133: "Lorem ipsum dolor"
        text run at (132,0) width 5: " "
        text run at (0,18) width 169: "ABCDEFGHIJKLMNOP"
        text run at (0,36) width 113: "QRSTUVWXYZ"
        text run at (112,36) width 6: " "
        text run at (0,54) width 169: "abcdefghijklmnopqrstuv"
        text run at (168,54) width 5: " "
layer at (23,207) size 217x58 clip at (24,208) size 200x56 scrollHeight 92
  RenderTextControl {TEXTAREA} at (13,1) size 218x58 [bgcolor=#FFFFFF] [border: (1px solid #000000)]
    RenderBlock {DIV} at (11,11) size 180x72
      RenderText {#text} at (0,0) size 173x71
        text run at (0,0) width 133: "Lorem ipsum dolor"
        text run at (132,0) width 5: " "
        text run at (0,18) width 169: "ABCDEFGHIJKLMNOP"
        text run at (0,36) width 113: "QRSTUVWXYZ"
        text run at (112,36) width 6: " "
        text run at (0,54) width 169: "abcdefghijklmnopqrstuv"
        text run at (168,54) width 5: " "
layer at (23,284) size 197x38 clip at (24,285) size 180x36 scrollHeight 72
  RenderTextControl {TEXTAREA} at (13,1) size 198x38 [bgcolor=#FFFFFF] [border: (1px solid #000000)]
    RenderBlock {DIV} at (1,1) size 180x72
      RenderText {#text} at (0,0) size 173x71
        text run at (0,0) width 133: "Lorem ipsum dolor"
        text run at (132,0) width 5: " "
        text run at (0,18) width 169: "ABCDEFGHIJKLMNOP"
        text run at (0,36) width 113: "QRSTUVWXYZ"
        text run at (112,36) width 6: " "
        text run at (0,54) width 169: "abcdefghijklmnopqrstuv"
        text run at (168,54) width 5: " "
layer at (33,351) size 201x42 clip at (34,352) size 184x40 scrollHeight 76
  RenderTextControl {TEXTAREA} at (23,11) size 202x42 [bgcolor=#FFFFFF] [border: (1px solid #000000)]
    RenderBlock {DIV} at (3,3) size 180x72
      RenderText {#text} at (0,0) size 173x71
        text run at (0,0) width 133: "Lorem ipsum dolor"
        text run at (132,0) width 5: " "
        text run at (0,18) width 169: "ABCDEFGHIJKLMNOP"
        text run at (0,36) width 113: "QRSTUVWXYZ"
        text run at (112,36) width 6: " "
        text run at (0,54) width 169: "abcdefghijklmnopqrstuv"
        text run at (168,54) width 5: " "
layer at (23,422) size 201x42 clip at (24,423) size 184x40 scrollHeight 76
  RenderTextControl {TEXTAREA} at (13,1) size 202x42 [bgcolor=#FFFFFF] [border: (1px solid #000000)]
    RenderBlock {DIV} at (3,3) size 180x72
      RenderText {#text} at (0,0) size 173x71
        text run at (0,0) width 133: "Lorem ipsum dolor"
        text run at (132,0) width 5: " "
        text run at (0,18) width 169: "ABCDEFGHIJKLMNOP"
        text run at (0,36) width 113: "QRSTUVWXYZ"
        text run at (112,36) width 6: " "
        text run at (0,54) width 169: "abcdefghijklmnopqrstuv"
        text run at (168,54) width 5: " "
layer at (23,483) size 48x42 clip at (24,484) size 31x40 scrollHeight 472
  RenderTextControl {TEXTAREA} at (13,1) size 49x42 [bgcolor=#FFFFFF] [border: (1px solid #000000)]
    RenderBlock {DIV} at (3,3) size 27x468
      RenderText {#text} at (0,0) size 27x467
        text run at (0,0) width 24: "Lor"
        text run at (0,18) width 23: "em"
        text run at (22,18) width 5: " "
        text run at (0,36) width 21: "ips"
        text run at (0,54) width 23: "um"
        text run at (22,54) width 5: " "
        text run at (0,72) width 22: "dol"
        text run at (0,90) width 15: "or"
        text run at (14,90) width 5: " "
        text run at (0,108) width 22: "AB"
        text run at (0,126) width 24: "CD"
        text run at (0,144) width 21: "EF"
        text run at (0,162) width 24: "GH"
        text run at (0,180) width 24: "IJK"
        text run at (0,198) width 23: "LM"
        text run at (0,216) width 24: "NO"
        text run at (0,234) width 24: "PQ"
        text run at (0,252) width 23: "RS"
        text run at (0,270) width 22: "TU"
        text run at (0,288) width 26: "VW"
        text run at (0,306) width 22: "XY"
        text run at (0,324) width 10: "Z"
        text run at (9,324) width 6: " "
        text run at (0,342) width 26: "abc"
        text run at (0,360) width 23: "def"
        text run at (0,378) width 25: "ghij"
        text run at (0,396) width 25: "klm"
        text run at (0,414) width 27: "nop"
        text run at (0,432) width 27: "qrst"
        text run at (0,450) width 17: "uv"
        text run at (16,450) width 6: " "
layer at (23,544) size 201x60 clip at (24,545) size 184x58 scrollHeight 76
  RenderTextControl {TEXTAREA} at (13,1) size 202x60 [bgcolor=#FFFFFF] [border: (1px solid #000000)]
    RenderBlock {DIV} at (3,3) size 180x72
      RenderText {#text} at (0,0) size 173x71
        text run at (0,0) width 133: "Lorem ipsum dolor"
        text run at (132,0) width 5: " "
        text run at (0,18) width 169: "ABCDEFGHIJKLMNOP"
        text run at (0,36) width 113: "QRSTUVWXYZ"
        text run at (112,36) width 6: " "
        text run at (0,54) width 169: "abcdefghijklmnopqrstuv"
        text run at (168,54) width 5: " "
layer at (23,623) size 111x42 clip at (24,624) size 94x40 scrollHeight 148
  RenderTextControl {TEXTAREA} at (13,1) size 112x42 [bgcolor=#FFFFFF] [border: (1px solid #000000)]
    RenderBlock {DIV} at (3,3) size 90x144
      RenderText {#text} at (0,0) size 89x143
        text run at (0,0) width 46: "Lorem"
        text run at (45,0) width 5: " "
        text run at (0,18) width 83: "ipsum dolor"
        text run at (82,18) width 6: " "
        text run at (0,36) width 89: "ABCDEFGH"
        text run at (0,54) width 81: "IJKLMNOP"
        text run at (0,72) width 82: "QRSTUVW"
        text run at (0,90) width 32: "XYZ"
        text run at (31,90) width 5: " "
        text run at (0,108) width 85: "abcdefghijkl"
        text run at (0,126) width 84: "mnopqrstuv"
        text run at (83,126) width 6: " "
layer at (23,684) size 201x186 clip at (24,685) size 199x184
  RenderTextControl {TEXTAREA} at (13,1) size 202x186 [bgcolor=#FFFFFF] [border: (1px solid #000000)]
    RenderBlock {DIV} at (3,3) size 195x72
      RenderText {#text} at (0,0) size 193x71
        text run at (0,0) width 133: "Lorem ipsum dolor"
        text run at (132,0) width 5: " "
        text run at (0,18) width 193: "ABCDEFGHIJKLMNOPQR"
        text run at (0,36) width 89: "STUVWXYZ"
        text run at (88,36) width 6: " "
        text run at (0,54) width 169: "abcdefghijklmnopqrstuv"
        text run at (168,54) width 5: " "
layer at (23,889) size 66x78 clip at (24,890) size 49x76 scrollHeight 292
  RenderTextControl {TEXTAREA} at (13,1) size 67x78 [bgcolor=#FFFFFF] [border: (1px solid #000000)]
    RenderBlock {DIV} at (3,3) size 45x288
      RenderText {#text} at (0,0) size 45x287
        text run at (0,0) width 33: "Lore"
        text run at (0,18) width 14: "m"
        text run at (13,18) width 5: " "
        text run at (0,36) width 43: "ipsum"
        text run at (42,36) width 3: " "
        text run at (0,54) width 36: "dolor"
        text run at (35,54) width 6: " "
        text run at (0,72) width 45: "ABCD"
        text run at (0,90) width 45: "EFGH"
        text run at (0,108) width 33: "IJKL"
        text run at (0,126) width 38: "MNO"
        text run at (0,144) width 35: "PQR"
        text run at (0,162) width 43: "STUV"
        text run at (0,180) width 37: "WXY"
        text run at (0,198) width 10: "Z"
        text run at (9,198) width 6: " "
        text run at (0,216) width 44: "abcde"
        text run at (0,234) width 41: "fghijkl"
        text run at (0,252) width 41: "mnop"
        text run at (0,270) width 44: "qrstuv"
        text run at (43,270) width 2: " "
layer at (375,24) size 60x42 clip at (376,25) size 43x40 scrollHeight 346
  RenderTextControl {TEXTAREA} at (13,1) size 61x42 [bgcolor=#FFFFFF] [border: (1px solid #000000)]
    RenderBlock {DIV} at (3,3) size 39x342
      RenderText {#text} at (0,0) size 39x341
        text run at (0,0) width 33: "Lore"
        text run at (0,18) width 14: "m"
        text run at (13,18) width 5: " "
        text run at (0,36) width 30: "ipsu"
        text run at (0,54) width 14: "m"
        text run at (13,54) width 5: " "
        text run at (0,72) width 36: "dolor"
        text run at (35,72) width 4: " "
        text run at (0,90) width 33: "ABC"
        text run at (0,108) width 32: "DEF"
        text run at (0,126) width 37: "GHIJ"
        text run at (0,144) width 33: "KLM"
        text run at (0,162) width 35: "NOP"
        text run at (0,180) width 35: "QRS"
        text run at (0,198) width 32: "TUV"
        text run at (0,216) width 37: "WXY"
        text run at (0,234) width 10: "Z"
        text run at (9,234) width 6: " "
        text run at (0,252) width 35: "abcd"
        text run at (0,270) width 39: "efghij"
        text run at (0,288) width 34: "klmn"
        text run at (0,306) width 33: "opqr"
        text run at (0,324) width 30: "stuv"
        text run at (29,324) width 5: " "
layer at (375,85) size 60x78 clip at (376,86) size 43x76 scrollHeight 1264
  RenderTextControl {TEXTAREA} at (13,1) size 61x78 [bgcolor=#FFFFFF] [border: (1px solid #000000)]
    RenderBlock {DIV} at (21,21) size 3x1224
      RenderText {#text} at (0,0) size 16x1223
        text run at (0,0) width 9: "L"
        text run at (0,18) width 9: "o"
        text run at (0,36) width 6: "r"
        text run at (0,54) width 9: "e"
        text run at (0,72) width 14: "m"
        text run at (0,90) width 3: " "
        text run at (0,108) width 4: "i"
        text run at (0,126) width 9: "p"
        text run at (0,144) width 8: "s"
        text run at (0,162) width 9: "u"
        text run at (0,180) width 14: "m"
        text run at (0,198) width 3: " "
        text run at (0,216) width 9: "d"
        text run at (0,234) width 9: "o"
        text run at (0,252) width 4: "l"
        text run at (0,270) width 9: "o"
        text run at (0,288) width 6: "r"
        text run at (0,306) width 3: " "
        text run at (0,324) width 11: "A"
        text run at (0,342) width 11: "B"
        text run at (0,360) width 12: "C"
        text run at (0,378) width 12: "D"
        text run at (0,396) width 11: "E"
        text run at (0,414) width 10: "F"
        text run at (0,432) width 13: "G"
        text run at (0,450) width 12: "H"
        text run at (0,468) width 5: "I"
        text run at (0,486) width 8: "J"
        text run at (0,504) width 11: "K"
        text run at (0,522) width 9: "L"
        text run at (0,540) width 14: "M"
        text run at (0,558) width 12: "N"
        text run at (0,576) width 13: "O"
        text run at (0,594) width 11: "P"
        text run at (0,612) width 13: "Q"
        text run at (0,630) width 12: "R"
        text run at (0,648) width 11: "S"
        text run at (0,666) width 10: "T"
        text run at (0,684) width 12: "U"
        text run at (0,702) width 11: "V"
        text run at (0,720) width 16: "W"
        text run at (0,738) width 11: "X"
        text run at (0,756) width 11: "Y"
        text run at (0,774) width 10: "Z"
        text run at (0,792) width 3: " "
        text run at (0,810) width 9: "a"
        text run at (0,828) width 9: "b"
        text run at (0,846) width 8: "c"
        text run at (0,864) width 9: "d"
        text run at (0,882) width 9: "e"
        text run at (0,900) width 5: "f"
        text run at (0,918) width 9: "g"
        text run at (0,936) width 9: "h"
        text run at (0,954) width 4: "i"
        text run at (0,972) width 4: "j"
        text run at (0,990) width 8: "k"
        text run at (0,1008) width 4: "l"
        text run at (0,1026) width 14: "m"
        text run at (0,1044) width 9: "n"
        text run at (0,1062) width 9: "o"
        text run at (0,1080) width 9: "p"
        text run at (0,1098) width 9: "q"
        text run at (0,1116) width 6: "r"
        text run at (0,1134) width 8: "s"
        text run at (0,1152) width 5: "t"
        text run at (0,1170) width 9: "u"
        text run at (0,1188) width 8: "v"
        text run at (0,1206) width 3: " "
layer at (375,182) size 60x38 clip at (376,183) size 43x36 scrollHeight 324
  RenderTextControl {TEXTAREA} at (13,1) size 61x38 [bgcolor=#FFFFFF] [border: (1px solid #000000)]
    RenderBlock {DIV} at (1,1) size 43x324
      RenderText {#text} at (0,0) size 43x323
        text run at (0,0) width 33: "Lore"
        text run at (0,18) width 14: "m"
        text run at (13,18) width 5: " "
        text run at (0,36) width 43: "ipsum"
        text run at (42,36) width 1: " "
        text run at (0,54) width 36: "dolor"
        text run at (35,54) width 6: " "
        text run at (0,72) width 33: "ABC"
        text run at (0,90) width 32: "DEF"
        text run at (0,108) width 37: "GHIJ"
        text run at (0,126) width 33: "KLM"
        text run at (0,144) width 35: "NOP"
        text run at (0,162) width 35: "QRS"
        text run at (0,180) width 32: "TUV"
        text run at (0,198) width 37: "WXY"
        text run at (0,216) width 10: "Z"
        text run at (9,216) width 6: " "
        text run at (0,234) width 35: "abcd"
        text run at (0,252) width 39: "efghij"
        text run at (0,270) width 43: "klmno"
        text run at (0,288) width 36: "pqrst"
        text run at (0,306) width 17: "uv"
        text run at (16,306) width 6: " "
layer at (375,239) size 201x60 clip at (376,240) size 184x58 scrollHeight 76
  RenderTextControl {TEXTAREA} at (13,1) size 202x60 [bgcolor=#FFFFFF] [border: (1px solid #000000)]
    RenderBlock {DIV} at (3,3) size 180x72
      RenderText {#text} at (0,0) size 173x71
        text run at (0,0) width 133: "Lorem ipsum dolor"
        text run at (132,0) width 5: " "
        text run at (0,18) width 169: "ABCDEFGHIJKLMNOP"
        text run at (0,36) width 113: "QRSTUVWXYZ"
        text run at (112,36) width 6: " "
        text run at (0,54) width 169: "abcdefghijklmnopqrstuv"
        text run at (168,54) width 5: " "
layer at (375,318) size 60x60 clip at (376,319) size 43x58 scrollHeight 346
  RenderTextControl {TEXTAREA} at (13,1) size 61x60 [bgcolor=#FFFFFF] [border: (1px solid #000000)]
    RenderBlock {DIV} at (3,3) size 39x342
      RenderText {#text} at (0,0) size 39x341
        text run at (0,0) width 33: "Lore"
        text run at (0,18) width 14: "m"
        text run at (13,18) width 5: " "
        text run at (0,36) width 30: "ipsu"
        text run at (0,54) width 14: "m"
        text run at (13,54) width 5: " "
        text run at (0,72) width 36: "dolor"
        text run at (35,72) width 4: " "
        text run at (0,90) width 33: "ABC"
        text run at (0,108) width 32: "DEF"
        text run at (0,126) width 37: "GHIJ"
        text run at (0,144) width 33: "KLM"
        text run at (0,162) width 35: "NOP"
        text run at (0,180) width 35: "QRS"
        text run at (0,198) width 32: "TUV"
        text run at (0,216) width 37: "WXY"
        text run at (0,234) width 10: "Z"
        text run at (9,234) width 6: " "
        text run at (0,252) width 35: "abcd"
        text run at (0,270) width 39: "efghij"
        text run at (0,288) width 34: "klmn"
        text run at (0,306) width 33: "opqr"
        text run at (0,324) width 30: "stuv"
        text run at (29,324) width 5: " "
layer at (375,397) size 201x42 clip at (376,398) size 199x40 scrollHeight 76
  RenderTextControl {TEXTAREA} at (13,1) size 202x42 [bgcolor=#FFFFFF] [border: (1px solid #000000)]
    RenderBlock {DIV} at (3,3) size 195x72
      RenderText {#text} at (0,0) size 193x71
        text run at (0,0) width 133: "Lorem ipsum dolor"
        text run at (132,0) width 5: " "
        text run at (0,18) width 193: "ABCDEFGHIJKLMNOPQR"
        text run at (0,36) width 89: "STUVWXYZ"
        text run at (88,36) width 6: " "
        text run at (0,54) width 169: "abcdefghijklmnopqrstuv"
        text run at (168,54) width 5: " "
layer at (375,458) size 201x57 clip at (376,459) size 184x40 scrollHeight 76
  RenderTextControl {TEXTAREA} at (13,1) size 202x57 [bgcolor=#FFFFFF] [border: (1px solid #000000)]
    RenderBlock {DIV} at (3,3) size 180x72
      RenderText {#text} at (0,0) size 173x71
        text run at (0,0) width 133: "Lorem ipsum dolor"
        text run at (132,0) width 5: " "
        text run at (0,18) width 169: "ABCDEFGHIJKLMNOP"
        text run at (0,36) width 113: "QRSTUVWXYZ"
        text run at (112,36) width 6: " "
        text run at (0,54) width 169: "abcdefghijklmnopqrstuv"
        text run at (168,54) width 5: " "
layer at (375,534) size 60x60 clip at (376,535) size 58x58 scrollHeight 238
  RenderTextControl {TEXTAREA} at (13,1) size 61x60 [bgcolor=#FFFFFF] [border: (1px solid #000000)]
    RenderBlock {DIV} at (3,3) size 54x234
      RenderText {#text} at (0,0) size 54x233
        text run at (0,0) width 46: "Lorem"
        text run at (45,0) width 5: " "
        text run at (0,18) width 43: "ipsum"
        text run at (42,18) width 6: " "
        text run at (0,36) width 36: "dolor"
        text run at (35,36) width 6: " "
        text run at (0,54) width 45: "ABCD"
        text run at (0,72) width 49: "EFGHI"
        text run at (0,90) width 53: "JKLMN"
        text run at (0,108) width 48: "OPQR"
        text run at (0,126) width 43: "STUV"
        text run at (0,144) width 47: "WXYZ"
        text run at (46,144) width 5: " "
        text run at (0,162) width 49: "abcdef"
        text run at (0,180) width 50: "ghijklm"
        text run at (0,198) width 54: "nopqrst"
        text run at (0,216) width 17: "uv"
        text run at (16,216) width 6: " "
layer at (375,613) size 60x60 clip at (376,614) size 43x43 scrollHeight 346
  RenderTextControl {TEXTAREA} at (13,1) size 61x60 [bgcolor=#FFFFFF] [border: (1px solid #000000)]
    RenderBlock {DIV} at (3,3) size 39x342
      RenderText {#text} at (0,0) size 39x341
        text run at (0,0) width 33: "Lore"
        text run at (0,18) width 14: "m"
        text run at (13,18) width 5: " "
        text run at (0,36) width 30: "ipsu"
        text run at (0,54) width 14: "m"
        text run at (13,54) width 5: " "
        text run at (0,72) width 36: "dolor"
        text run at (35,72) width 4: " "
        text run at (0,90) width 33: "ABC"
        text run at (0,108) width 32: "DEF"
        text run at (0,126) width 37: "GHIJ"
        text run at (0,144) width 33: "KLM"
        text run at (0,162) width 35: "NOP"
        text run at (0,180) width 35: "QRS"
        text run at (0,198) width 32: "TUV"
        text run at (0,216) width 37: "WXY"
        text run at (0,234) width 10: "Z"
        text run at (9,234) width 6: " "
        text run at (0,252) width 35: "abcd"
        text run at (0,270) width 39: "efghij"
        text run at (0,288) width 34: "klmn"
        text run at (0,306) width 33: "opqr"
        text run at (0,324) width 30: "stuv"
        text run at (29,324) width 5: " "
layer at (375,692) size 60x60 clip at (376,693) size 43x58 scrollHeight 346
  RenderTextControl {TEXTAREA} at (13,1) size 61x60 [bgcolor=#FFFFFF] [border: (1px solid #000000)]
    RenderBlock {DIV} at (3,3) size 39x342
      RenderText {#text} at (0,0) size 39x341
        text run at (0,0) width 33: "Lore"
        text run at (0,18) width 14: "m"
        text run at (13,18) width 5: " "
        text run at (0,36) width 30: "ipsu"
        text run at (0,54) width 14: "m"
        text run at (13,54) width 5: " "
        text run at (0,72) width 36: "dolor"
        text run at (35,72) width 4: " "
        text run at (0,90) width 33: "ABC"
        text run at (0,108) width 32: "DEF"
        text run at (0,126) width 37: "GHIJ"
        text run at (0,144) width 33: "KLM"
        text run at (0,162) width 35: "NOP"
        text run at (0,180) width 35: "QRS"
        text run at (0,198) width 32: "TUV"
        text run at (0,216) width 37: "WXY"
        text run at (0,234) width 10: "Z"
        text run at (9,234) width 6: " "
        text run at (0,252) width 35: "abcd"
        text run at (0,270) width 39: "efghij"
        text run at (0,288) width 34: "klmn"
        text run at (0,306) width 33: "opqr"
        text run at (0,324) width 30: "stuv"
        text run at (29,324) width 5: " "
layer at (375,771) size 60x60 clip at (376,772) size 43x58 scrollHeight 346
  RenderTextControl {TEXTAREA} at (13,1) size 61x60 [bgcolor=#FFFFFF] [border: (1px solid #000000)]
    RenderBlock {DIV} at (3,3) size 39x342
      RenderText {#text} at (0,0) size 39x341
        text run at (0,0) width 33: "Lore"
        text run at (0,18) width 14: "m"
        text run at (13,18) width 5: " "
        text run at (0,36) width 30: "ipsu"
        text run at (0,54) width 14: "m"
        text run at (13,54) width 5: " "
        text run at (0,72) width 36: "dolor"
        text run at (35,72) width 4: " "
        text run at (0,90) width 33: "ABC"
        text run at (0,108) width 32: "DEF"
        text run at (0,126) width 37: "GHIJ"
        text run at (0,144) width 33: "KLM"
        text run at (0,162) width 35: "NOP"
        text run at (0,180) width 35: "QRS"
        text run at (0,198) width 32: "TUV"
        text run at (0,216) width 37: "WXY"
        text run at (0,234) width 10: "Z"
        text run at (9,234) width 6: " "
        text run at (0,252) width 35: "abcd"
        text run at (0,270) width 39: "efghij"
        text run at (0,288) width 34: "klmn"
        text run at (0,306) width 33: "opqr"
        text run at (0,324) width 30: "stuv"
        text run at (29,324) width 5: " "
layer at (375,850) size 60x60 clip at (376,851) size 43x58 scrollHeight 346
  RenderTextControl {TEXTAREA} at (13,1) size 61x60 [bgcolor=#FFFFFF] [border: (1px solid #000000)]
    RenderBlock {DIV} at (3,3) size 39x342
      RenderText {#text} at (0,0) size 39x341
        text run at (0,0) width 33: "Lore"
        text run at (0,18) width 14: "m"
        text run at (13,18) width 5: " "
        text run at (0,36) width 30: "ipsu"
        text run at (0,54) width 14: "m"
        text run at (13,54) width 5: " "
        text run at (0,72) width 36: "dolor"
        text run at (35,72) width 4: " "
        text run at (0,90) width 33: "ABC"
        text run at (0,108) width 32: "DEF"
        text run at (0,126) width 37: "GHIJ"
        text run at (0,144) width 33: "KLM"
        text run at (0,162) width 35: "NOP"
        text run at (0,180) width 35: "QRS"
        text run at (0,198) width 32: "TUV"
        text run at (0,216) width 37: "WXY"
        text run at (0,234) width 10: "Z"
        text run at (9,234) width 6: " "
        text run at (0,252) width 35: "abcd"
        text run at (0,270) width 39: "efghij"
        text run at (0,288) width 34: "klmn"
        text run at (0,306) width 33: "opqr"
        text run at (0,324) width 30: "stuv"
        text run at (29,324) width 5: " "
layer at (375,929) size 201x57 clip at (376,930) size 184x40 scrollWidth 247 scrollHeight 292
  RenderTextControl {TEXTAREA} at (13,1) size 202x57 [bgcolor=#FFFFFF] [border: (1px solid #000000)]
    RenderBlock {DIV} at (3,3) size 180x288
      RenderText {#text} at (0,0) size 245x269
        text run at (0,0) width 5: " "
        text run at (4,0) width 1: " "
        text run at (0,18) width 245: "This is a text area with wrap=\"soft\""
        text run at (244,18) width 1: " "
        text run at (0,36) width 245: "This is a text area with wrap=\"soft\""
        text run at (244,36) width 1: " "
        text run at (0,54) width 245: "This is a text area with wrap=\"soft\""
        text run at (244,54) width 1: " "
        text run at (0,72) width 245: "This is a text area with wrap=\"soft\""
        text run at (244,72) width 1: " "
        text run at (0,90) width 245: "This is a text area with wrap=\"soft\""
        text run at (244,90) width 1: " "
        text run at (0,108) width 245: "This is a text area with wrap=\"soft\""
        text run at (244,108) width 1: " "
        text run at (0,126) width 245: "This is a text area with wrap=\"soft\""
        text run at (244,126) width 1: " "
        text run at (0,144) width 245: "This is a text area with wrap=\"soft\""
        text run at (244,144) width 1: " "
        text run at (0,162) width 245: "This is a text area with wrap=\"soft\""
        text run at (244,162) width 1: " "
        text run at (0,180) width 245: "This is a text area with wrap=\"soft\""
        text run at (244,180) width 1: " "
        text run at (0,198) width 245: "This is a text area with wrap=\"soft\""
        text run at (244,198) width 1: " "
        text run at (0,216) width 245: "This is a text area with wrap=\"soft\""
        text run at (244,216) width 1: " "
        text run at (0,234) width 245: "This is a text area with wrap=\"soft\""
        text run at (244,234) width 1: " "
        text run at (0,252) width 245: "This is a text area with wrap=\"soft\""
        text run at (244,252) width 1: " "
      RenderBR {BR} at (0,270) size 0x17
layer at (375,1005) size 201x42 clip at (376,1006) size 184x40 scrollHeight 544
  RenderTextControl {TEXTAREA} at (13,1) size 202x42 [bgcolor=#FFFFFF] [border: (1px solid #000000)]
    RenderBlock {DIV} at (3,3) size 180x540
      RenderText {#text} at (0,0) size 164x521
        text run at (0,0) width 5: " "
        text run at (4,0) width 1: " "
        text run at (0,18) width 160: "This is a text area with"
        text run at (159,18) width 5: " "
        text run at (0,36) width 82: "wrap=\"soft\""
        text run at (81,36) width 1: " "
        text run at (0,54) width 160: "This is a text area with"
        text run at (159,54) width 5: " "
        text run at (0,72) width 82: "wrap=\"soft\""
        text run at (81,72) width 1: " "
        text run at (0,90) width 160: "This is a text area with"
        text run at (159,90) width 5: " "
        text run at (0,108) width 82: "wrap=\"soft\""
        text run at (81,108) width 1: " "
        text run at (0,126) width 160: "This is a text area with"
        text run at (159,126) width 5: " "
        text run at (0,144) width 82: "wrap=\"soft\""
        text run at (81,144) width 1: " "
        text run at (0,162) width 160: "This is a text area with"
        text run at (159,162) width 5: " "
        text run at (0,180) width 82: "wrap=\"soft\""
        text run at (81,180) width 1: " "
        text run at (0,198) width 160: "This is a text area with"
        text run at (159,198) width 5: " "
        text run at (0,216) width 82: "wrap=\"soft\""
        text run at (81,216) width 1: " "
        text run at (0,234) width 160: "This is a text area with"
        text run at (159,234) width 5: " "
        text run at (0,252) width 82: "wrap=\"soft\""
        text run at (81,252) width 1: " "
        text run at (0,270) width 160: "This is a text area with"
        text run at (159,270) width 5: " "
        text run at (0,288) width 82: "wrap=\"soft\""
        text run at (81,288) width 1: " "
        text run at (0,306) width 160: "This is a text area with"
        text run at (159,306) width 5: " "
        text run at (0,324) width 82: "wrap=\"soft\""
        text run at (81,324) width 1: " "
        text run at (0,342) width 160: "This is a text area with"
        text run at (159,342) width 5: " "
        text run at (0,360) width 82: "wrap=\"soft\""
        text run at (81,360) width 1: " "
        text run at (0,378) width 160: "This is a text area with"
        text run at (159,378) width 5: " "
        text run at (0,396) width 82: "wrap=\"soft\""
        text run at (81,396) width 1: " "
        text run at (0,414) width 160: "This is a text area with"
        text run at (159,414) width 5: " "
        text run at (0,432) width 82: "wrap=\"soft\""
        text run at (81,432) width 1: " "
        text run at (0,450) width 160: "This is a text area with"
        text run at (159,450) width 5: " "
        text run at (0,468) width 82: "wrap=\"soft\""
        text run at (81,468) width 1: " "
        text run at (0,486) width 160: "This is a text area with"
        text run at (159,486) width 5: " "
        text run at (0,504) width 82: "wrap=\"soft\""
        text run at (81,504) width 1: " "
      RenderBR {BR} at (0,522) size 0x17
layer at (375,1066) size 201x42 clip at (376,1067) size 184x40 scrollHeight 544
  RenderTextControl {TEXTAREA} at (13,1) size 202x42 [bgcolor=#FFFFFF] [border: (1px solid #000000)]
    RenderBlock {DIV} at (3,3) size 180x540
      RenderText {#text} at (0,0) size 164x521
        text run at (0,0) width 5: " "
        text run at (4,0) width 1: " "
        text run at (0,18) width 160: "This is a text area with"
        text run at (159,18) width 5: " "
        text run at (0,36) width 82: "wrap=\"soft\""
        text run at (81,36) width 1: " "
        text run at (0,54) width 160: "This is a text area with"
        text run at (159,54) width 5: " "
        text run at (0,72) width 82: "wrap=\"soft\""
        text run at (81,72) width 1: " "
        text run at (0,90) width 160: "This is a text area with"
        text run at (159,90) width 5: " "
        text run at (0,108) width 82: "wrap=\"soft\""
        text run at (81,108) width 1: " "
        text run at (0,126) width 160: "This is a text area with"
        text run at (159,126) width 5: " "
        text run at (0,144) width 82: "wrap=\"soft\""
        text run at (81,144) width 1: " "
        text run at (0,162) width 160: "This is a text area with"
        text run at (159,162) width 5: " "
        text run at (0,180) width 82: "wrap=\"soft\""
        text run at (81,180) width 1: " "
        text run at (0,198) width 160: "This is a text area with"
        text run at (159,198) width 5: " "
        text run at (0,216) width 82: "wrap=\"soft\""
        text run at (81,216) width 1: " "
        text run at (0,234) width 160: "This is a text area with"
        text run at (159,234) width 5: " "
        text run at (0,252) width 82: "wrap=\"soft\""
        text run at (81,252) width 1: " "
        text run at (0,270) width 160: "This is a text area with"
        text run at (159,270) width 5: " "
        text run at (0,288) width 82: "wrap=\"soft\""
        text run at (81,288) width 1: " "
        text run at (0,306) width 160: "This is a text area with"
        text run at (159,306) width 5: " "
        text run at (0,324) width 82: "wrap=\"soft\""
        text run at (81,324) width 1: " "
        text run at (0,342) width 160: "This is a text area with"
        text run at (159,342) width 5: " "
        text run at (0,360) width 82: "wrap=\"soft\""
        text run at (81,360) width 1: " "
        text run at (0,378) width 160: "This is a text area with"
        text run at (159,378) width 5: " "
        text run at (0,396) width 82: "wrap=\"soft\""
        text run at (81,396) width 1: " "
        text run at (0,414) width 160: "This is a text area with"
        text run at (159,414) width 5: " "
        text run at (0,432) width 82: "wrap=\"soft\""
        text run at (81,432) width 1: " "
        text run at (0,450) width 160: "This is a text area with"
        text run at (159,450) width 5: " "
        text run at (0,468) width 82: "wrap=\"soft\""
        text run at (81,468) width 1: " "
        text run at (0,486) width 160: "This is a text area with"
        text run at (159,486) width 5: " "
        text run at (0,504) width 82: "wrap=\"soft\""
        text run at (81,504) width 1: " "
      RenderBR {BR} at (0,522) size 0x17
