layer at (0,0) size 785x641
  RenderView at (0,0) size 785x600
layer at (0,0) size 785x641
  RenderBlock {HTML} at (0,0) size 785x641
    RenderBody {BODY} at (8,8) size 769x625
      RenderBlock {DIV} at (0,0) size 769x625 [border: (1px solid #FF0000)]
        RenderText {#text} at (1,7) size 164x17
          text run at (1,7) width 164: "Whitespace in option text:"
        RenderMenuList {SELECT} at (165,1) size 58x30 [bgcolor=#FFFFFF] [border: (1px solid #000000)]
          RenderBlock (anonymous) at (1,1) size 56x28
            RenderText at (5,5) size 30x17
              text run at (5,5) width 30: "f o o"
        RenderText {#text} at (223,7) size 7x17
          text run at (223,7) width 7: "a"
        RenderMenuList {SELECT} at (230,1) size 58x30 [bgcolor=#FFFFFF] [border: (1px solid #000000)]
          RenderBlock (anonymous) at (1,1) size 56x28
            RenderText at (5,5) size 30x17
              text run at (5,5) width 30: "f o o"
        RenderText {#text} at (288,7) size 8x17
          text run at (288,7) width 8: "b"
        RenderBR {BR} at (296,7) size 0x18
        RenderBR {BR} at (1,30) size 0x18
        RenderText {#text} at (1,53) size 135x17
          text run at (1,53) width 135: "Simple select control:"
        RenderMenuList {SELECT} at (136,47) size 51x30 [bgcolor=#FFFFFF] [border: (1px solid #000000)]
          RenderBlock (anonymous) at (1,1) size 49x28
            RenderText at (5,5) size 22x17
              text run at (5,5) width 22: "foo"
        RenderText {#text} at (187,53) size 7x17
          text run at (187,53) width 7: "a"
        RenderMenuList {SELECT} at (194,47) size 51x30 [color=#00000066] [bgcolor=#FFFFFF] [border: (1px solid #00000066)]
          RenderBlock (anonymous) at (1,1) size 49x28
            RenderText at (5,5) size 22x17
              text run at (5,5) width 22: "foo"
        RenderText {#text} at (245,53) size 8x17
          text run at (245,53) width 8: "b"
        RenderBR {BR} at (253,53) size 0x18
        RenderBR {BR} at (1,76) size 0x18
        RenderText {#text} at (1,99) size 194x17
          text run at (1,99) width 194: "Line-height should be ignored:"
        RenderMenuList {SELECT} at (195,93) size 50x30 [bgcolor=#FFFFFF] [border: (1px solid #000000)]
          RenderBlock (anonymous) at (1,1) size 48x28
            RenderText at (5,5) size 22x17
              text run at (5,5) width 22: "foo"
        RenderText {#text} at (245,99) size 7x17
          text run at (245,99) width 7: "a"
        RenderMenuList {SELECT} at (252,93) size 51x30 [color=#00000066] [bgcolor=#FFFFFF] [border: (1px solid #00000066)]
          RenderBlock (anonymous) at (1,1) size 49x28
            RenderText at (5,5) size 23x17
              text run at (5,5) width 23: "bar"
        RenderText {#text} at (303,99) size 8x17
          text run at (303,99) width 8: "b"
        RenderBR {BR} at (311,99) size 0x18
        RenderBR {BR} at (1,122) size 0x18
        RenderText {#text} at (1,149) size 434x17
          text run at (1,149) width 434: "Padding should be respected, the arrow button shouldn't change size:"
        RenderMenuList {SELECT} at (435,139) size 58x38 [bgcolor=#FFFFFF] [border: (1px solid #000000)]
          RenderBlock (anonymous) at (5,5) size 48x28
            RenderText at (5,5) size 22x17
              text run at (5,5) width 22: "foo"
        RenderText {#text} at (493,149) size 7x17
          text run at (493,149) width 7: "a"
        RenderMenuList {SELECT} at (500,139) size 58x38 [color=#00000066] [bgcolor=#FFFFFF] [border: (1px solid #00000066)]
          RenderBlock (anonymous) at (5,5) size 48x28
            RenderText at (5,5) size 22x17
              text run at (5,5) width 22: "foo"
        RenderText {#text} at (558,149) size 8x17
          text run at (558,149) width 8: "b"
        RenderBR {BR} at (566,149) size 0x18
        RenderBR {BR} at (1,176) size 0x18
        RenderText {#text} at (1,206) size 176x17
          text run at (1,206) width 176: "Border should be respected:"
        RenderMenuList {SELECT} at (177,193) size 64x44 [bgcolor=#FFFFFF] [border: (8px solid #33CCFF)]
          RenderBlock (anonymous) at (8,8) size 48x28
            RenderText at (5,5) size 22x17
              text run at (5,5) width 22: "foo"
        RenderText {#text} at (241,206) size 7x17
          text run at (241,206) width 7: "a"
        RenderMenuList {SELECT} at (248,193) size 64x44 [color=#00000066] [bgcolor=#FFFFFF] [border: (8px solid #33CCFF)]
          RenderBlock (anonymous) at (8,8) size 48x28
            RenderText at (5,5) size 22x17
              text run at (5,5) width 22: "foo"
        RenderText {#text} at (312,206) size 8x17
          text run at (312,206) width 8: "b"
        RenderBR {BR} at (320,206) size 0x18
        RenderBR {BR} at (1,236) size 0x18
        RenderText {#text} at (1,267) size 116x17
          text run at (1,267) width 116: "Border + padding:"
        RenderMenuList {SELECT} at (117,253) size 66x46 [bgcolor=#FFFFFF] [border: (4px solid #33CCFF)]
          RenderBlock (anonymous) at (9,9) size 48x28
            RenderText at (5,5) size 22x17
              text run at (5,5) width 22: "foo"
        RenderText {#text} at (183,267) size 7x17
          text run at (183,267) width 7: "a"
        RenderMenuList {SELECT} at (190,253) size 66x46 [color=#00000066] [bgcolor=#FFFFFF] [border: (4px solid #33CCFF)]
          RenderBlock (anonymous) at (9,9) size 48x28
            RenderText at (5,5) size 22x17
              text run at (5,5) width 22: "foo"
        RenderText {#text} at (256,267) size 8x17
          text run at (256,267) width 8: "b"
        RenderBR {BR} at (264,267) size 0x18
        RenderBR {BR} at (1,298) size 0x18
        RenderText {#text} at (1,321) size 480x17
          text run at (1,321) width 480: "Height larger than font-size, button should grow, text baseline should center:"
        RenderMenuList {SELECT} at (480,315) size 51x30 [bgcolor=#FFFFFF] [border: (1px solid #000000)]
          RenderBlock (anonymous) at (1,1) size 48x28
            RenderText at (5,5) size 22x17
              text run at (5,5) width 22: "foo"
        RenderText {#text} at (530,321) size 8x17
          text run at (530,321) width 8: "a"
        RenderMenuList {SELECT} at (537,315) size 51x30 [color=#00000066] [bgcolor=#FFFFFF] [border: (1px solid #00000066)]
          RenderBlock (anonymous) at (1,1) size 48x28
            RenderText at (5,5) size 22x17
              text run at (5,5) width 22: "foo"
        RenderText {#text} at (587,321) size 9x17
          text run at (587,321) width 9: "b"
        RenderBR {BR} at (595,321) size 1x18
        RenderBR {BR} at (1,344) size 0x18
        RenderText {#text} at (1,367) size 502x17
          text run at (1,367) width 502: "Heigh smaller than font-size, whole select shrinks and is baselined with the text:"
        RenderMenuList {SELECT} at (503,361) size 51x3 [bgcolor=#FFFFFF] [border: (1px solid #000000)]
          RenderBlock (anonymous) at (1,1) size 49x28
            RenderText at (5,5) size 22x17
              text run at (5,5) width 22: "foo"
        RenderText {#text} at (554,367) size 7x17
          text run at (554,367) width 7: "a"
        RenderMenuList {SELECT} at (561,361) size 51x3 [bgcolor=#FFFFFF] [border: (1px solid #000000)]
          RenderBlock (anonymous) at (1,1) size 49x28
            RenderText at (5,5) size 23x17
              text run at (5,5) width 23: "bar"
        RenderText {#text} at (612,367) size 8x17
          text run at (612,367) width 8: "b"
        RenderBR {BR} at (620,367) size 0x18
        RenderBR {BR} at (1,383) size 0x18
        RenderText {#text} at (1,399) size 164x17
          text run at (1,399) width 164: "select control with size=0:"
        RenderBR {BR} at (165,399) size 0x18
        RenderMenuList {SELECT} at (1,416) size 251x30 [bgcolor=#FFFFFF] [border: (1px solid #000000)]
          RenderBlock (anonymous) at (1,1) size 249x28
            RenderText at (5,5) size 96x17
              text run at (5,5) width 96: "Future Series"
        RenderBR {BR} at (252,422) size 0x18
        RenderText {#text} at (1,445) size 164x17
          text run at (1,445) width 164: "select control with size=1:"
        RenderBR {BR} at (165,445) size 0x18
        RenderMenuList {SELECT} at (1,462) size 251x30 [bgcolor=#FFFFFF] [border: (1px solid #000000)]
          RenderBlock (anonymous) at (1,1) size 249x28
            RenderText at (5,5) size 96x17
              text run at (5,5) width 96: "Future Series"
        RenderBR {BR} at (252,468) size 0x18
        RenderText {#text} at (1,491) size 161x17
          text run at (1,491) width 161: "Non-styled select control:"
        RenderBR {BR} at (162,491) size 0x18
        RenderMenuList {SELECT} at (1,508) size 271x50 [bgcolor=#FFFFFF] [border: (1px solid #000000)]
          RenderBlock (anonymous) at (11,11) size 249x28
            RenderText at (5,5) size 96x17
              text run at (5,5) width 96: "Future Series"
        RenderBR {BR} at (272,524) size 0x18
        RenderText {#text} at (1,557) size 286x17
          text run at (1,557) width 286: "Styled select control with large border-radius:"
        RenderBR {BR} at (286,557) size 1x18
        RenderMenuList {SELECT} at (1,574) size 271x50 [bgcolor=#33CCFF] [border: (1px solid #000000)]
          RenderBlock (anonymous) at (11,11) size 249x28
            RenderText at (5,5) size 96x17
              text run at (5,5) width 96: "Future Series"
        RenderBR {BR} at (272,590) size 0x18
