layer at (0,0) size 800x600
  RenderView at (0,0) size 800x600
layer at (0,0) size 800x600
  RenderBlock {HTML} at (0,0) size 800x600
    RenderBody {BODY} at (8,8) size 784x584
      RenderButton {INPUT} at (0,0) size 66x27 [color=#000000CC] [bgcolor=#C0C0C0] [border: (2px outset #C0C0C0)]
        RenderBlock (anonymous) at (8,4) size 50x18
          RenderText at (0,0) size 50x17
            text run at (0,0) width 50: "Submit"
      RenderBR {BR} at (66,4) size 0x18
      RenderButton {INPUT} at (0,27) size 58x27 [color=#000000CC] [bgcolor=#C0C0C0] [border: (2px outset #C0C0C0)]
        RenderBlock (anonymous) at (8,4) size 42x18
          RenderText at (0,0) size 42x17
            text run at (0,0) width 42: "Reset"
      RenderBR {BR} at (58,31) size 0x18
