layer at (0,0) size 800x600
  RenderView at (0,0) size 800x600
layer at (0,0) size 800x600
  RenderBlock {HTML} at (0,0) size 800x600
    RenderBody {BODY} at (8,8) size 784x576
      RenderBlock {P} at (0,0) size 784x36
        RenderText {#text} at (0,0) size 54x17
          text run at (0,0) width 54: "Test for "
        RenderInline {I} at (0,0) size 757x35
          RenderInline {A} at (0,0) size 305x17 [color=#0000EE]
            RenderText {#text} at (53,0) size 305x17
              text run at (53,0) width 305: "http://bugs.webkit.org/show_bug.cgi?id=15181"
          RenderText {#text} at (357,0) size 757x35
            text run at (357,0) width 5: " "
            text run at (361,0) width 396: "text-transform: uppercase not working in input (submit, reset,"
            text run at (0,18) width 107: "button) elements"
        RenderText {#text} at (106,18) size 5x17
          text run at (106,18) width 5: "."
      RenderBlock {P} at (0,52) size 784x27
        RenderButton {BUTTON} at (0,0) size 115x27 [color=#000000CC] [bgcolor=#C0C0C0] [border: (2px outset #C0C0C0)]
          RenderBlock (anonymous) at (8,4) size 99x18
            RenderText {#text} at (0,0) size 99x17
              text run at (0,0) width 99: "UPPERCASE"
        RenderText {#text} at (114,4) size 5x17
          text run at (114,4) width 5: " "
        RenderButton {BUTTON} at (118,0) size 89x27 [color=#000000CC] [bgcolor=#C0C0C0] [border: (2px outset #C0C0C0)]
          RenderBlock (anonymous) at (8,4) size 73x18
            RenderText {#text} at (0,0) size 73x17
              text run at (0,0) width 73: "lowercase"
        RenderText {#text} at (206,4) size 5x17
          text run at (206,4) width 5: " "
        RenderButton {BUTTON} at (210,0) size 87x27 [color=#000000CC] [bgcolor=#C0C0C0] [border: (2px outset #C0C0C0)]
          RenderBlock (anonymous) at (8,4) size 71x18
            RenderText {#text} at (0,0) size 71x17
              text run at (0,0) width 71: "Capitalize"
        RenderText {#text} at (0,0) size 0x0
      RenderBlock {P} at (0,95) size 784x27
        RenderButton {INPUT} at (0,0) size 115x27 [color=#000000CC] [bgcolor=#C0C0C0] [border: (2px outset #C0C0C0)]
          RenderBlock (anonymous) at (8,4) size 99x18
            RenderText at (0,0) size 99x17
              text run at (0,0) width 99: "UPPERCASE"
        RenderText {#text} at (114,4) size 5x17
          text run at (114,4) width 5: " "
        RenderButton {INPUT} at (118,0) size 89x27 [color=#000000CC] [bgcolor=#C0C0C0] [border: (2px outset #C0C0C0)]
          RenderBlock (anonymous) at (8,4) size 73x18
            RenderText at (0,0) size 73x17
              text run at (0,0) width 73: "lowercase"
        RenderText {#text} at (206,4) size 5x17
          text run at (206,4) width 5: " "
        RenderButton {INPUT} at (210,0) size 87x27 [color=#000000CC] [bgcolor=#C0C0C0] [border: (2px outset #C0C0C0)]
          RenderBlock (anonymous) at (8,4) size 71x18
            RenderText at (0,0) size 71x17
              text run at (0,0) width 71: "Capitalize"
        RenderText {#text} at (0,0) size 0x0
