layer at (0,0) size 800x600
  RenderView at (0,0) size 800x600
layer at (0,0) size 800x600
  RenderBlock {HTML} at (0,0) size 800x600
    RenderBody {BODY} at (8,8) size 784x584
      RenderButton {BUTTON} at (0,0) size 97x27 [color=#000000CC] [bgcolor=#C0C0C0] [border: (2px outset #C0C0C0)]
        RenderBlock (anonymous) at (8,4) size 81x18
          RenderText {#text} at (0,0) size 81x17
            text run at (0,0) width 81: "Test Button"
      RenderText {#text} at (96,4) size 5x17
        text run at (96,4) width 5: " "
      RenderButton {BUTTON} at (100,0) size 97x27 [color=#FF0000] [bgcolor=#C0C0C0] [border: (2px outset #C0C0C0)]
        RenderBlock (anonymous) at (8,4) size 81x18
          RenderText {#text} at (0,0) size 81x17
            text run at (0,0) width 81: "Test Button"
      RenderText {#text} at (196,4) size 5x17
        text run at (196,4) width 5: " "
      RenderButton {BUTTON} at (200,0) size 97x27 [color=#000000CC] [bgcolor=#008000] [border: (2px outset #C0C0C0)]
        RenderBlock (anonymous) at (8,4) size 81x18
          RenderText {#text} at (0,0) size 81x17
            text run at (0,0) width 81: "Test Button"
      RenderText {#text} at (296,4) size 5x17
        text run at (296,4) width 5: " "
      RenderButton {BUTTON} at (300,0) size 97x27 [color=#FF0000] [bgcolor=#008000] [border: (2px outset #C0C0C0)]
        RenderBlock (anonymous) at (8,4) size 81x18
          RenderText {#text} at (0,0) size 81x17
            text run at (0,0) width 81: "Test Button"
      RenderText {#text} at (396,4) size 5x17
        text run at (396,4) width 5: " "
      RenderButton {INPUT} at (400,0) size 97x27 [color=#000000CC] [bgcolor=#C0C0C0] [border: (2px outset #C0C0C0)]
        RenderBlock (anonymous) at (8,4) size 81x18
          RenderText at (0,0) size 81x17
            text run at (0,0) width 81: "Test Button"
      RenderText {#text} at (496,4) size 5x17
        text run at (496,4) width 5: " "
      RenderButton {INPUT} at (500,0) size 97x27 [color=#FF0000] [bgcolor=#C0C0C0] [border: (2px outset #C0C0C0)]
        RenderBlock (anonymous) at (8,4) size 81x18
          RenderText at (0,0) size 81x17
            text run at (0,0) width 81: "Test Button"
      RenderText {#text} at (596,4) size 5x17
        text run at (596,4) width 5: " "
      RenderButton {INPUT} at (600,0) size 97x27 [color=#000000CC] [bgcolor=#008000] [border: (2px outset #C0C0C0)]
        RenderBlock (anonymous) at (8,4) size 81x18
          RenderText at (0,0) size 81x17
            text run at (0,0) width 81: "Test Button"
      RenderText {#text} at (0,0) size 0x0
      RenderButton {INPUT} at (0,27) size 97x27 [color=#FF0000] [bgcolor=#008000] [border: (2px outset #C0C0C0)]
        RenderBlock (anonymous) at (8,4) size 81x18
          RenderText at (0,0) size 81x17
            text run at (0,0) width 81: "Test Button"
      RenderText {#text} at (0,0) size 0x0
