layer at (0,0) size 800x600
  RenderView at (0,0) size 800x600
layer at (0,0) size 800x600
  RenderBlock {HTML} at (0,0) size 800x600
    RenderBody {BODY} at (8,8) size 784x584
      RenderButton {BUTTON} at (0,9) size 42x15 [color=#000000CC] [bgcolor=#C0C0C0] [border: (2px outset #C0C0C0)]
        RenderBlock (anonymous) at (8,4) size 26x6
          RenderText {#text} at (0,0) size 26x6
            text run at (0,0) width 26: "Test Button"
      RenderText {#text} at (41,4) size 5x17
        text run at (41,4) width 5: " "
      RenderButton {BUTTON} at (45,9) size 47x15 [color=#000000CC] [bgcolor=#C0C0C0] [border: (2px outset #C0C0C0)]
        RenderBlock (anonymous) at (8,4) size 31x6
          RenderText {#text} at (0,0) size 31x6
            text run at (0,0) width 31: "Test Button"
      RenderText {#text} at (91,4) size 5x17
        text run at (91,4) width 5: " "
      RenderButton {BUTTON} at (95,8) size 52x16 [color=#000000CC] [bgcolor=#C0C0C0] [border: (2px outset #C0C0C0)]
        RenderBlock (anonymous) at (8,4) size 36x7
          RenderText {#text} at (0,0) size 36x7
            text run at (0,0) width 36: "Test Button"
      RenderText {#text} at (146,4) size 5x17
        text run at (146,4) width 5: " "
      RenderButton {BUTTON} at (150,7) size 57x18 [color=#000000CC] [bgcolor=#C0C0C0] [border: (2px outset #C0C0C0)]
        RenderBlock (anonymous) at (8,4) size 41x9
          RenderText {#text} at (0,0) size 41x9
            text run at (0,0) width 41: "Test Button"
      RenderText {#text} at (206,4) size 5x17
        text run at (206,4) width 5: " "
      RenderButton {BUTTON} at (210,6) size 62x19 [color=#000000CC] [bgcolor=#C0C0C0] [border: (2px outset #C0C0C0)]
        RenderBlock (anonymous) at (8,4) size 46x10
          RenderText {#text} at (0,0) size 46x10
            text run at (0,0) width 46: "Test Button"
      RenderText {#text} at (271,4) size 5x17
        text run at (271,4) width 5: " "
      RenderButton {BUTTON} at (275,5) size 67x20 [color=#000000CC] [bgcolor=#C0C0C0] [border: (2px outset #C0C0C0)]
        RenderBlock (anonymous) at (8,4) size 51x11
          RenderText {#text} at (0,0) size 51x11
            text run at (0,0) width 51: "Test Button"
      RenderText {#text} at (341,4) size 5x17
        text run at (341,4) width 5: " "
      RenderButton {BUTTON} at (345,4) size 72x21 [color=#000000CC] [bgcolor=#C0C0C0] [border: (2px outset #C0C0C0)]
        RenderBlock (anonymous) at (8,4) size 56x12
          RenderText {#text} at (0,0) size 56x12
            text run at (0,0) width 56: "Test Button"
      RenderText {#text} at (416,4) size 5x17
        text run at (416,4) width 5: " "
      RenderButton {INPUT} at (420,0) size 97x27 [color=#000000CC] [bgcolor=#C0C0C0] [border: (2px outset #C0C0C0)]
        RenderBlock (anonymous) at (8,4) size 81x18
          RenderText at (0,0) size 81x17
            text run at (0,0) width 81: "Test Button"
      RenderText {#text} at (516,4) size 5x17
        text run at (516,4) width 5: " "
      RenderButton {BUTTON} at (520,3) size 77x23 [color=#000000CC] [bgcolor=#C0C0C0] [border: (2px outset #C0C0C0)]
        RenderBlock (anonymous) at (8,4) size 61x14
          RenderText {#text} at (0,0) size 61x14
            text run at (0,0) width 61: "Test Button"
      RenderText {#text} at (596,4) size 5x17
        text run at (596,4) width 5: " "
      RenderButton {BUTTON} at (600,2) size 82x24 [color=#000000CC] [bgcolor=#C0C0C0] [border: (2px outset #C0C0C0)]
        RenderBlock (anonymous) at (8,4) size 66x15
          RenderText {#text} at (0,0) size 66x15
            text run at (0,0) width 66: "Test Button"
      RenderText {#text} at (681,4) size 5x17
        text run at (681,4) width 5: " "
      RenderButton {BUTTON} at (685,1) size 87x25 [color=#000000CC] [bgcolor=#C0C0C0] [border: (2px outset #C0C0C0)]
        RenderBlock (anonymous) at (8,4) size 71x16
          RenderText {#text} at (0,0) size 71x16
            text run at (0,0) width 71: "Test Button"
      RenderText {#text} at (0,0) size 0x0
      RenderButton {BUTTON} at (0,32) size 92x26 [color=#000000CC] [bgcolor=#C0C0C0] [border: (2px outset #C0C0C0)]
        RenderBlock (anonymous) at (8,4) size 76x17
          RenderText {#text} at (0,0) size 76x17
            text run at (0,0) width 76: "Test Button"
      RenderText {#text} at (91,36) size 5x17
        text run at (91,36) width 5: " "
      RenderButton {BUTTON} at (95,32) size 97x27 [color=#000000CC] [bgcolor=#C0C0C0] [border: (2px outset #C0C0C0)]
        RenderBlock (anonymous) at (8,4) size 81x18
          RenderText {#text} at (0,0) size 81x17
            text run at (0,0) width 81: "Test Button"
      RenderText {#text} at (191,36) size 5x17
        text run at (191,36) width 5: " "
      RenderButton {BUTTON} at (195,31) size 102x29 [color=#000000CC] [bgcolor=#C0C0C0] [border: (2px outset #C0C0C0)]
        RenderBlock (anonymous) at (8,4) size 86x20
          RenderText {#text} at (0,0) size 86x19
            text run at (0,0) width 86: "Test Button"
      RenderText {#text} at (296,36) size 5x17
        text run at (296,36) width 5: " "
      RenderButton {BUTTON} at (300,30) size 107x30 [color=#000000CC] [bgcolor=#C0C0C0] [border: (2px outset #C0C0C0)]
        RenderBlock (anonymous) at (8,4) size 91x21
          RenderText {#text} at (0,0) size 91x20
            text run at (0,0) width 91: "Test Button"
      RenderText {#text} at (406,36) size 5x17
        text run at (406,36) width 5: " "
      RenderButton {BUTTON} at (410,29) size 112x31 [color=#000000CC] [bgcolor=#C0C0C0] [border: (2px outset #C0C0C0)]
        RenderBlock (anonymous) at (8,4) size 96x22
          RenderText {#text} at (0,0) size 96x21
            text run at (0,0) width 96: "Test Button"
      RenderText {#text} at (521,36) size 5x17
        text run at (521,36) width 5: " "
      RenderButton {BUTTON} at (525,28) size 117x32 [color=#000000CC] [bgcolor=#C0C0C0] [border: (2px outset #C0C0C0)]
        RenderBlock (anonymous) at (8,4) size 101x23
          RenderText {#text} at (0,0) size 101x22
            text run at (0,0) width 101: "Test Button"
      RenderText {#text} at (641,36) size 5x17
        text run at (641,36) width 5: " "
      RenderButton {BUTTON} at (645,27) size 122x33 [color=#000000CC] [bgcolor=#C0C0C0] [border: (2px outset #C0C0C0)]
        RenderBlock (anonymous) at (8,4) size 106x24
          RenderText {#text} at (0,0) size 106x23
            text run at (0,0) width 106: "Test Button"
      RenderText {#text} at (0,0) size 0x0
