layer at (0,0) size 800x600
  RenderView at (0,0) size 800x600
layer at (0,0) size 800x600
  RenderBlock {HTML} at (0,0) size 800x600
    RenderBody {BODY} at (8,8) size 784x579
      RenderBlock {P} at (0,0) size 784x36
        RenderInline {A} at (0,0) size 63x17 [color=#0000EE]
          RenderText {#text} at (0,0) size 63x17
            text run at (0,0) width 63: "Bug 5656"
        RenderText {#text} at (62,0) size 780x35
          text run at (62,0) width 718: " tests whether buttons force a white-space mode or not. These tests will only pass if the white-space mode is not"
          text run at (0,18) width 175: "forced and if it is inherited."
      RenderBlock {DIV} at (0,52) size 784x18
        RenderText {#text} at (0,0) size 365x17
          text run at (0,0) width 365: "Buttons should appear next to each other in a single row:"
      RenderTable {TABLE} at (0,70) size 241x33
        RenderTableSection {TBODY} at (0,0) size 241x33
          RenderTableRow {TR} at (0,2) size 241x29
            RenderTableCell {TD} at (2,2) size 237x29 [r=0 c=0 rs=1 cs=1]
              RenderButton {BUTTON} at (1,1) size 101x27 [color=#000000CC] [bgcolor=#C0C0C0] [border: (2px outset #C0C0C0)]
                RenderBlock (anonymous) at (8,4) size 85x18
                  RenderText {#text} at (0,0) size 85x17
                    text run at (0,0) width 85: "Search Mail"
              RenderText {#text} at (101,5) size 5x17
                text run at (101,5) width 5: " "
              RenderButton {BUTTON} at (105,1) size 131x27 [color=#000000CC] [bgcolor=#C0C0C0] [border: (2px outset #C0C0C0)]
                RenderBlock (anonymous) at (8,4) size 115x18
                  RenderText {#text} at (0,0) size 115x17
                    text run at (0,0) width 115: "Search the Web"
              RenderText {#text} at (0,0) size 0x0
      RenderBlock {DIV} at (0,103) size 784x18
        RenderText {#text} at (0,0) size 193x17
          text run at (0,0) width 193: "Buttons should look identical:"
      RenderBlock {DIV} at (0,121) size 784x27
        RenderButton {BUTTON} at (0,0) size 91x27 [color=#000000CC] [bgcolor=#C0C0C0] [border: (2px outset #C0C0C0)]
          RenderBlock (anonymous) at (8,4) size 75x18
            RenderText {#text} at (0,0) size 75x17
              text run at (0,0) width 75: "test button"
      RenderBlock {DIV} at (0,148) size 784x27
        RenderButton {BUTTON} at (0,0) size 91x27 [color=#000000CC] [bgcolor=#C0C0C0] [border: (2px outset #C0C0C0)]
          RenderBlock (anonymous) at (8,4) size 75x18
            RenderText {#text} at (0,0) size 75x17
              text run at (0,0) width 31: "test "
              text run at (30,0) width 45: "button"
      RenderBlock {DIV} at (0,175) size 784x18
        RenderText {#text} at (0,0) size 353x17
          text run at (0,0) width 353: "Buttons should look identical (ignore vertical spacing):"
      RenderBlock {DIV} at (0,193) size 784x27
        RenderButton {BUTTON} at (0,0) size 113x27 [color=#000000CC] [bgcolor=#C0C0C0] [border: (2px outset #C0C0C0)]
          RenderBlock (anonymous) at (8,4) size 97x18
            RenderText {#text} at (0,0) size 97x17
              text run at (0,0) width 97: "  test  button  "
      RenderBlock {DIV} at (0,220) size 784x27
        RenderButton {BUTTON} at (0,0) size 113x27 [color=#000000CC] [bgcolor=#C0C0C0] [border: (2px outset #C0C0C0)]
          RenderBlock (anonymous) at (8,4) size 97x18
            RenderText {#text} at (0,0) size 97x17
              text run at (0,0) width 97: "  test  button  "
      RenderBlock {DIV} at (0,260) size 784x27
        RenderBlock {PRE} at (0,0) size 784x27
          RenderButton {BUTTON} at (0,0) size 113x27 [color=#000000CC] [bgcolor=#C0C0C0] [border: (2px outset #C0C0C0)]
            RenderBlock (anonymous) at (8,4) size 97x18
              RenderText {#text} at (0,0) size 97x17
                text run at (0,0) width 97: "  test  button  "
