layer at (0,0) size 800x600
  RenderView at (0,0) size 800x600
layer at (0,0) size 800x302
  RenderBlock {HTML} at (0,0) size 800x302
    RenderBody {BODY} at (8,16) size 784x278
      RenderBlock {P} at (0,0) size 784x36
        RenderText {#text} at (0,0) size 322x17
          text run at (0,0) width 299: "This is a test of generated content in <button> "
          text run at (298,0) width 24: "for "
        RenderInline {I} at (0,0) size 778x35
          RenderInline {A} at (0,0) size 353x17 [color=#0000EE]
            RenderText {#text} at (321,0) size 353x17
              text run at (321,0) width 353: "http://bugzilla.opendarwin.org/show_bug.cgi?id=9561"
          RenderText {#text} at (673,0) size 778x35
            text run at (673,0) width 5: " "
            text run at (677,0) width 101: "REGRESSION:"
            text run at (0,18) width 436: "Content property on :before of button causes hang on click or hover"
        RenderText {#text} at (435,18) size 5x17
          text run at (435,18) width 5: "."
      RenderBlock (anonymous) at (0,62) size 784x216
        RenderButton {BUTTON} at (0,0) size 62x27 [color=#0000FF] [bgcolor=#C0C0C0] [border: (2px outset #C0C0C0)]
          RenderBlock (anonymous) at (8,4) size 46x18
            RenderInline (generated) at (0,0) size 46x17
              RenderText at (0,0) size 46x17
                text run at (0,0) width 46: "before"
        RenderText {#text} at (61,4) size 5x17
          text run at (61,4) width 5: " "
        RenderButton {BUTTON} at (65,0) size 107x27 [color=#0000FF] [bgcolor=#C0C0C0] [border: (2px outset #C0C0C0)]
          RenderBlock (anonymous) at (8,4) size 90x18
            RenderInline (generated) at (0,0) size 46x17
              RenderText at (0,0) size 46x17
                text run at (0,0) width 46: "before"
            RenderText {#text} at (45,0) size 45x17
              text run at (45,0) width 45: "button"
        RenderBR {BR} at (171,4) size 1x17
        RenderButton {BUTTON} at (0,27) size 49x27 [color=#0000FF] [bgcolor=#C0C0C0] [border: (2px outset #C0C0C0)]
          RenderBlock (anonymous) at (8,4) size 33x18
            RenderInline (generated) at (0,0) size 33x17
              RenderText at (0,0) size 33x17
                text run at (0,0) width 33: "after"
        RenderText {#text} at (48,31) size 5x17
          text run at (48,31) width 5: " "
        RenderButton {BUTTON} at (52,27) size 93x27 [color=#0000FF] [bgcolor=#C0C0C0] [border: (2px outset #C0C0C0)]
          RenderBlock (anonymous) at (8,4) size 77x18
            RenderText {#text} at (0,0) size 45x17
              text run at (0,0) width 45: "button"
            RenderInline (generated) at (0,0) size 33x17
              RenderText at (44,0) size 33x17
                text run at (44,0) width 33: "after"
        RenderBR {BR} at (144,31) size 1x17
        RenderButton {BUTTON} at (0,68) size 16x9 [color=#000000CC] [bgcolor=#C0C0C0] [border: (2px outset #C0C0C0)]
        RenderText {#text} at (16,58) size 4x17
          text run at (16,58) width 4: " "
        RenderButton {BUTTON} at (20,54) size 61x27 [color=#000000CC] [bgcolor=#C0C0C0] [border: (2px outset #C0C0C0)]
          RenderBlock (anonymous) at (8,4) size 45x18
            RenderText {#text} at (0,0) size 45x17
              text run at (0,0) width 45: "button"
        RenderBR {BR} at (80,58) size 1x17
        RenderButton {BUTTON} at (0,95) size 16x9 [color=#000000CC] [bgcolor=#C0C0C0] [border: (2px outset #C0C0C0)]
        RenderText {#text} at (16,85) size 4x17
          text run at (16,85) width 4: " "
        RenderButton {BUTTON} at (20,81) size 61x27 [color=#000000CC] [bgcolor=#C0C0C0] [border: (2px outset #C0C0C0)]
          RenderBlock (anonymous) at (8,4) size 45x18
            RenderText {#text} at (0,0) size 45x17
              text run at (0,0) width 45: "button"
        RenderBR {BR} at (80,85) size 1x17
        RenderButton {BUTTON} at (0,108) size 62x27 [color=#000000CC] [bgcolor=#C0C0C0] [border: (2px outset #C0C0C0)]
          RenderBlock (anonymous) at (8,4) size 46x18
            RenderInline (generated) at (0,0) size 46x17
              RenderText at (0,0) size 46x17
                text run at (0,0) width 46: "before"
        RenderText {#text} at (61,112) size 5x17
          text run at (61,112) width 5: " "
        RenderButton {BUTTON} at (65,108) size 107x27 [color=#000000CC] [bgcolor=#C0C0C0] [border: (2px outset #C0C0C0)]
          RenderBlock (anonymous) at (8,4) size 90x18
            RenderInline (generated) at (0,0) size 46x17
              RenderText at (0,0) size 46x17
                text run at (0,0) width 46: "before"
            RenderText {#text} at (45,0) size 45x17
              text run at (45,0) width 45: "button"
        RenderBR {BR} at (171,112) size 1x17
        RenderButton {BUTTON} at (0,135) size 49x27 [color=#000000CC] [bgcolor=#C0C0C0] [border: (2px outset #C0C0C0)]
          RenderBlock (anonymous) at (8,4) size 33x18
            RenderInline (generated) at (0,0) size 33x17
              RenderText at (0,0) size 33x17
                text run at (0,0) width 33: "after"
        RenderText {#text} at (48,139) size 5x17
          text run at (48,139) width 5: " "
        RenderButton {BUTTON} at (52,135) size 93x27 [color=#000000CC] [bgcolor=#C0C0C0] [border: (2px outset #C0C0C0)]
          RenderBlock (anonymous) at (8,4) size 77x18
            RenderText {#text} at (0,0) size 45x17
              text run at (0,0) width 45: "button"
            RenderInline (generated) at (0,0) size 33x17
              RenderText at (44,0) size 33x17
                text run at (44,0) width 33: "after"
        RenderBR {BR} at (144,139) size 1x17
        RenderButton {BUTTON} at (0,162) size 62x27 [color=#000000CC] [bgcolor=#C0C0C0] [border: (2px outset #C0C0C0)]
          RenderBlock (anonymous) at (8,4) size 46x18
            RenderInline (generated) at (0,0) size 46x17
              RenderText at (0,0) size 46x17
                text run at (0,0) width 46: "before"
        RenderText {#text} at (61,166) size 5x17
          text run at (61,166) width 5: " "
        RenderButton {BUTTON} at (65,162) size 107x27 [color=#000000CC] [bgcolor=#C0C0C0] [border: (2px outset #C0C0C0)]
          RenderBlock (anonymous) at (8,4) size 90x18
            RenderInline (generated) at (0,0) size 46x17
              RenderText at (0,0) size 46x17
                text run at (0,0) width 46: "before"
            RenderText {#text} at (45,0) size 45x17
              text run at (45,0) width 45: "button"
        RenderBR {BR} at (171,166) size 1x17
        RenderButton {BUTTON} at (0,189) size 49x27 [color=#000000CC] [bgcolor=#C0C0C0] [border: (2px outset #C0C0C0)]
          RenderBlock (anonymous) at (8,4) size 33x18
            RenderInline (generated) at (0,0) size 33x17
              RenderText at (0,0) size 33x17
                text run at (0,0) width 33: "after"
        RenderText {#text} at (48,193) size 5x17
          text run at (48,193) width 5: " "
        RenderButton {BUTTON} at (52,189) size 93x27 [color=#000000CC] [bgcolor=#C0C0C0] [border: (2px outset #C0C0C0)]
          RenderBlock (anonymous) at (8,4) size 77x18
            RenderText {#text} at (0,0) size 45x17
              text run at (0,0) width 45: "button"
            RenderInline (generated) at (0,0) size 33x17
              RenderText at (44,0) size 33x17
                text run at (44,0) width 33: "after"
        RenderBR {BR} at (144,193) size 1x17
layer at (8,68) size 784x2 clip at (0,0) size 0x0
  RenderBlock {HR} at (0,52) size 784x2 [border: (1px inset #000000)]
