layer at (0,0) size 785x652
  RenderView at (0,0) size 785x600
layer at (0,0) size 785x652
  RenderBlock {HTML} at (0,0) size 785x653
    RenderBody {BODY} at (8,8) size 769x637
      RenderBlock {H3} at (0,0) size 769x22
        RenderText {#text} at (0,0) size 193x21
          text run at (0,0) width 193: "<input type=\"submit\">"
      RenderBlock {P} at (0,40) size 769x19
        RenderText {#text} at (0,0) size 352x17
          text run at (0,0) width 352: "This button should have the default submit button title:"
      RenderBlock (anonymous) at (0,74) size 769x22
        RenderButton {INPUT} at (0,0) size 80x21 [color=#000000CC] [bgcolor=#008000] [border: (2px outset #C0C0C0)]
          RenderBlock (anonymous) at (8,4) size 64x18
            RenderText at (7,0) size 50x17
              text run at (7,0) width 50: "Submit"
        RenderText {#text} at (0,0) size 0x0
      RenderBlock {P} at (0,111) size 769x19
        RenderText {#text} at (0,0) size 300x17
          text run at (0,0) width 300: "This button should should have the title \"Foo\":"
      RenderBlock (anonymous) at (0,145) size 769x22
        RenderButton {INPUT} at (0,0) size 80x21 [color=#000000CC] [bgcolor=#008000] [border: (2px outset #C0C0C0)]
          RenderBlock (anonymous) at (8,4) size 64x18
            RenderText at (18,0) size 28x17
              text run at (18,0) width 28: "Foo"
        RenderText {#text} at (0,0) size 0x0
      RenderBlock {P} at (0,182) size 769x19
        RenderText {#text} at (0,0) size 316x17
          text run at (0,0) width 316: "This button should have a single space in its title:"
      RenderBlock (anonymous) at (0,216) size 769x22
        RenderButton {INPUT} at (0,0) size 80x21 [color=#000000CC] [bgcolor=#008000] [border: (2px outset #C0C0C0)]
          RenderBlock (anonymous) at (8,4) size 64x18
            RenderText at (29,0) size 6x17
              text run at (29,0) width 6: " "
        RenderText {#text} at (0,0) size 0x0
      RenderBlock {P} at (0,253) size 769x19
        RenderText {#text} at (0,0) size 208x17
          text run at (0,0) width 208: "This button should have no title:"
      RenderBlock (anonymous) at (0,287) size 769x22
        RenderButton {INPUT} at (0,0) size 80x21 [color=#000000CC] [bgcolor=#008000] [border: (2px outset #C0C0C0)]
        RenderText {#text} at (0,0) size 0x0
      RenderBlock {H3} at (0,327) size 769x23
        RenderText {#text} at (0,0) size 176x21
          text run at (0,0) width 176: "<input type=\"reset\">"
      RenderBlock {P} at (0,368) size 769x19
        RenderText {#text} at (0,0) size 339x17
          text run at (0,0) width 339: "This button should have the default reset button title:"
      RenderBlock (anonymous) at (0,402) size 769x22
        RenderButton {INPUT} at (0,0) size 80x21 [color=#000000CC] [bgcolor=#008000] [border: (2px outset #C0C0C0)]
          RenderBlock (anonymous) at (8,4) size 64x18
            RenderText at (11,0) size 42x17
              text run at (11,0) width 42: "Reset"
        RenderText {#text} at (0,0) size 0x0
      RenderBlock {P} at (0,439) size 769x19
        RenderText {#text} at (0,0) size 300x17
          text run at (0,0) width 300: "This button should should have the title \"Foo\":"
      RenderBlock (anonymous) at (0,473) size 769x22
        RenderButton {INPUT} at (0,0) size 80x21 [color=#000000CC] [bgcolor=#008000] [border: (2px outset #C0C0C0)]
          RenderBlock (anonymous) at (8,4) size 64x18
            RenderText at (18,0) size 28x17
              text run at (18,0) width 28: "Foo"
        RenderText {#text} at (0,0) size 0x0
      RenderBlock {P} at (0,510) size 769x19
        RenderText {#text} at (0,0) size 316x17
          text run at (0,0) width 316: "This button should have a single space in its title:"
      RenderBlock (anonymous) at (0,544) size 769x22
        RenderButton {INPUT} at (0,0) size 80x21 [color=#000000CC] [bgcolor=#008000] [border: (2px outset #C0C0C0)]
          RenderBlock (anonymous) at (8,4) size 64x18
            RenderText at (29,0) size 6x17
              text run at (29,0) width 6: " "
        RenderText {#text} at (0,0) size 0x0
      RenderBlock {P} at (0,581) size 769x19
        RenderText {#text} at (0,0) size 208x17
          text run at (0,0) width 208: "This button should have no title:"
      RenderBlock (anonymous) at (0,615) size 769x22
        RenderButton {INPUT} at (0,0) size 80x21 [color=#000000CC] [bgcolor=#008000] [border: (2px outset #C0C0C0)]
        RenderText {#text} at (0,0) size 0x0
