layer at (0,0) size 800x600
  RenderView at (0,0) size 800x600
layer at (0,0) size 800x600
  RenderBlock {HTML} at (0,0) size 800x600
    RenderBody {BODY} at (8,8) size 784x584
      RenderText {#text} at (0,0) size 515x17
        text run at (0,0) width 515: "This tests that we don't honor line-height for controls that have restricted font size."
      RenderBR {BR} at (515,0) size 0x17
      RenderMenuList {SELECT} at (2,20) size 386x30 [bgcolor=#FFFFFF] [border: (1px solid #000000)]
        RenderBlock (anonymous) at (1,1) size 384x28
          RenderText at (5,5) size 358x17
            text run at (5,5) width 358: "This text should be centered vertically in the button"
      RenderBR {BR} at (390,26) size 0x17
      RenderButton {INPUT} at (2,54) size 374x35 [color=#000000CC] [bgcolor=#C0C0C0] [border: (2px outset #C0C0C0)]
        RenderBlock (anonymous) at (8,4) size 358x26
          RenderText at (0,4) size 358x17
            text run at (0,4) width 358: "This text should be centered vertically in the button"
      RenderBR {BR} at (378,62) size 0x17
      RenderTextControl {INPUT} at (2,93) size 208x32 [bgcolor=#FFFFFF] [border: (2px inset #000000)]
        RenderFlexibleBox {DIV} at (3,3) size 202x26
          RenderBlock {DIV} at (0,13) size 0x0
          RenderBlock {DIV} at (0,0) size 186x26
      RenderText {#text} at (0,0) size 0x0
layer at (13,104) size 186x26 scrollWidth 359
  RenderBlock {DIV} at (0,0) size 186x26
    RenderText {#text} at (0,4) size 358x17
      text run at (0,4) width 358: "This text should be centered vertically in the button"
layer at (199,109) size 16x16
  RenderBlock {DIV} at (186,5) size 16x16 [bgcolor=#000000]
