layer at (0,0) size 800x600
  RenderView at (0,0) size 800x600
layer at (0,0) size 800x600
  RenderBlock {HTML} at (0,0) size 800x600
    RenderBody {BODY} at (8,8) size 784x576
      RenderBlock {P} at (0,0) size 784x18
        RenderText {#text} at (0,0) size 228x17
          text run at (0,0) width 228: "Tests that buttons clip their contents."
      RenderBlock {P} at (0,34) size 784x18
        RenderText {#text} at (0,0) size 763x17
          text run at (0,0) width 481: "Each button below should have a yellow border and a black dashed outline. "
          text run at (481,0) width 282: "Contents should overflow the yellow border."
      RenderBlock {P} at (0,68) size 784x50
        RenderButton {BUTTON} at (0,0) size 100x50 [color=#000000CC] [bgcolor=#C0C0C0] [border: (2px outset #FFFF00)]
          RenderBlock (anonymous) at (12,12) size 76x204
            RenderBlock {DIV} at (0,0) size 74x204 [bgcolor=#008080] [border: (2px solid #800080)]
              RenderBlock (floating) {DIV} at (52,2) size 20x100 [bgcolor=#006400]
              RenderText {#text} at (9,2) size 48x71
                text run at (9,2) width 36: "short"
                text run at (5,20) width 44: "words"
                text run at (12,38) width 30: "only"
                text run at (3,56) width 48: "please"
        RenderText {#text} at (0,0) size 0x0
      RenderButton {BUTTON} at (0,134) size 100x50 [color=#000000CC] [bgcolor=#C0C0C0] [border: (2px outset #FFFF00)]
        RenderBlock (anonymous) at (12,12) size 76x204
          RenderBlock {DIV} at (0,0) size 74x204 [bgcolor=#008080] [border: (2px solid #800080)]
            RenderBlock (floating) {DIV} at (52,2) size 20x100 [bgcolor=#006400]
            RenderText {#text} at (9,2) size 48x71
              text run at (9,2) width 36: "short"
              text run at (5,20) width 44: "words"
              text run at (12,38) width 30: "only"
              text run at (3,56) width 48: "please"
      RenderBlock {P} at (0,200) size 784x0
layer at (8,208) size 100x50
  RenderButton {BUTTON} at (8,208) size 100x50 [color=#000000CC] [bgcolor=#C0C0C0] [border: (2px outset #FFFF00)]
    RenderBlock (anonymous) at (12,12) size 76x204
      RenderBlock {DIV} at (0,0) size 74x204 [bgcolor=#008080] [border: (2px solid #800080)]
        RenderBlock (floating) {DIV} at (52,2) size 20x100 [bgcolor=#006400]
        RenderText {#text} at (9,2) size 48x71
          text run at (9,2) width 36: "short"
          text run at (5,20) width 44: "words"
          text run at (12,38) width 30: "only"
          text run at (3,56) width 48: "please"
