layer at (0,0) size 800x600
  RenderView at (0,0) size 800x600
layer at (0,0) size 800x600
  RenderBlock {HTML} at (0,0) size 800x600
    RenderBody {BODY} at (8,8) size 784x572
      RenderBlock {P} at (0,0) size 784x36
        RenderText {#text} at (0,0) size 54x17
          text run at (0,0) width 54: "Test for "
        RenderInline {I} at (0,0) size 771x35
          RenderInline {A} at (0,0) size 305x17 [color=#0000EE]
            RenderText {#text} at (53,0) size 305x17
              text run at (53,0) width 305: "http://bugs.webkit.org/show_bug.cgi?id=17033"
          RenderText {#text} at (357,0) size 771x35
            text run at (357,0) width 5: " "
            text run at (361,0) width 410: "REGRESSION: Really long <option> causes unnecessary page"
            text run at (0,18) width 229: "scroll bars to accommodate content"
        RenderText {#text} at (228,18) size 5x17
          text run at (228,18) width 5: "."
      RenderBlock {P} at (0,52) size 784x36
        RenderText {#text} at (0,0) size 627x35
          text run at (0,0) width 317: "There should not be scroll bars below the popup. "
          text run at (316,0) width 311: "There should be scrollbars below the button (see"
          text run at (0,18) width 327: "https://bugs.webkit.org/show_bug.cgi?id=173872)."
layer at (8,112) size 100x50
  RenderBlock {DIV} at (0,104) size 100x50
    RenderMenuList {SELECT} at (0,0) size 80x30 [bgcolor=#FFFFFF] [border: (1px solid #000000)]
      RenderBlock (anonymous) at (1,1) size 78x28
        RenderText at (5,5) size 193x17
          text run at (5,5) width 193: "Lorem ipsum dolor sit amet"
    RenderText {#text} at (0,0) size 0x0
layer at (8,182) size 100x50 clip at (8,182) size 100x35 scrollWidth 201
  RenderBlock {DIV} at (0,174) size 100x50
    RenderButton {BUTTON} at (0,0) size 80x27 [color=#000000CC] [bgcolor=#C0C0C0] [border: (2px outset #C0C0C0)]
      RenderBlock (anonymous) at (8,4) size 64x18
        RenderText {#text} at (0,0) size 193x17
          text run at (0,0) width 193: "Lorem ipsum dolor sit amet"
    RenderText {#text} at (0,0) size 0x0
