layer at (0,0) size 785x1403
  RenderView at (0,0) size 785x600
layer at (0,0) size 785x1403
  RenderBlock {HTML} at (0,0) size 785x1403
    RenderBody {BODY} at (8,8) size 769x1380
      RenderBlock {P} at (0,0) size 769x18
        RenderText {#text} at (0,0) size 111x17
          text run at (0,0) width 111: "Legend align test"
      RenderFieldSet {FIELDSET} at (2,34) size 765x60 [border: (2px groove #C0C0C0)]
        RenderBlock {LEGEND} at (14,0) size 104x18
          RenderText {#text} at (2,0) size 100x17
            text run at (2,0) width 100: "My Legend left"
        RenderBlock (anonymous) at (14,23) size 737x25
          RenderTextControl {INPUT} at (0,0) size 192x24 [bgcolor=#FFFFFF] [border: (2px inset #000000)]
          RenderText {#text} at (0,0) size 0x0
      RenderFieldSet {FIELDSET} at (2,93) size 765x61 [border: (2px groove #C0C0C0)]
        RenderBlock {LEGEND} at (321,0) size 123x18
          RenderText {#text} at (2,0) size 118x17
            text run at (2,0) width 118: "My Legend center"
        RenderBlock (anonymous) at (14,23) size 737x25
          RenderTextControl {INPUT} at (0,0) size 192x24 [bgcolor=#FFFFFF] [border: (2px inset #000000)]
          RenderText {#text} at (0,0) size 0x0
      RenderFieldSet {FIELDSET} at (2,153) size 765x60 [border: (2px groove #C0C0C0)]
        RenderBlock {LEGEND} at (638,0) size 113x18
          RenderText {#text} at (2,0) size 109x17
            text run at (2,0) width 109: "My Legend right"
        RenderBlock (anonymous) at (14,23) size 737x25
          RenderTextControl {INPUT} at (0,0) size 192x24 [bgcolor=#FFFFFF] [border: (2px inset #000000)]
          RenderText {#text} at (0,0) size 0x0
      RenderFieldSet {FIELDSET} at (2,212) size 765x61 [border: (2px groove #C0C0C0)]
        RenderBlock {LEGEND} at (14,0) size 127x18
          RenderText {#text} at (2,0) size 123x17
            text run at (2,0) width 123: "My Legend default"
        RenderBlock (anonymous) at (14,23) size 737x25
          RenderTextControl {INPUT} at (0,0) size 192x24 [bgcolor=#FFFFFF] [border: (2px inset #000000)]
          RenderText {#text} at (0,0) size 0x0
      RenderBlock {P} at (0,298) size 769x19
        RenderText {#text} at (0,0) size 148x17
          text run at (0,0) width 148: "Legend align test, RTL"
      RenderBlock (anonymous) at (0,332) size 769x0
        RenderInline {SPAN} at (0,0) size 0x0
          RenderText {#text} at (0,0) size 0x0
      RenderBlock (anonymous) at (0,332) size 769x239
        RenderFieldSet {FIELDSET} at (2,0) size 765x60 [border: (2px groove #C0C0C0)]
          RenderBlock {LEGEND} at (14,0) size 104x18
            RenderText {#text} at (2,0) size 100x17
              text run at (2,0) width 100: "My Legend left"
          RenderBlock (anonymous) at (14,23) size 737x25
            RenderTextControl {INPUT} at (546,0) size 191x24 [bgcolor=#FFFFFF] [border: (2px inset #000000)]
            RenderText {#text} at (0,0) size 0x0
        RenderFieldSet {FIELDSET} at (2,59) size 765x61 [border: (2px groove #C0C0C0)]
          RenderBlock {LEGEND} at (321,0) size 123x18
            RenderText {#text} at (2,0) size 118x17
              text run at (2,0) width 118: "My Legend center"
          RenderBlock (anonymous) at (14,23) size 737x25
            RenderTextControl {INPUT} at (546,0) size 191x24 [bgcolor=#FFFFFF] [border: (2px inset #000000)]
            RenderText {#text} at (0,0) size 0x0
        RenderFieldSet {FIELDSET} at (2,119) size 765x60 [border: (2px groove #C0C0C0)]
          RenderBlock {LEGEND} at (638,0) size 113x18
            RenderText {#text} at (2,0) size 109x17
              text run at (2,0) width 109: "My Legend right"
          RenderBlock (anonymous) at (14,23) size 737x25
            RenderTextControl {INPUT} at (546,0) size 191x24 [bgcolor=#FFFFFF] [border: (2px inset #000000)]
            RenderText {#text} at (0,0) size 0x0
        RenderFieldSet {FIELDSET} at (2,178) size 765x61 [border: (2px groove #C0C0C0)]
          RenderBlock {LEGEND} at (624,0) size 127x18
            RenderText {#text} at (2,0) size 123x17
              text run at (2,0) width 123: "My Legend default"
          RenderBlock (anonymous) at (14,23) size 737x25
            RenderTextControl {INPUT} at (546,0) size 191x24 [bgcolor=#FFFFFF] [border: (2px inset #000000)]
            RenderText {#text} at (0,0) size 0x0
      RenderBlock (anonymous) at (0,570) size 769x0
        RenderInline {SPAN} at (0,0) size 0x0
        RenderText {#text} at (0,0) size 0x0
      RenderBlock {P} at (0,596) size 769x19
        RenderText {#text} at (0,0) size 275x17
          text run at (0,0) width 275: "Legend align test with margin and padding"
      RenderFieldSet {FIELDSET} at (15,630) size 739x75 [border: (2px groove #C0C0C0)]
        RenderBlock {LEGEND} at (17,0) size 104x18
          RenderText {#text} at (2,0) size 100x17
            text run at (2,0) width 100: "My Legend left"
        RenderBlock (anonymous) at (17,33) size 705x24
          RenderTextControl {INPUT} at (0,0) size 192x24 [bgcolor=#FFFFFF] [border: (2px inset #000000)]
          RenderText {#text} at (0,0) size 0x0
      RenderFieldSet {FIELDSET} at (15,719) size 739x75 [border: (2px groove #C0C0C0)]
        RenderBlock {LEGEND} at (308,0) size 123x18
          RenderText {#text} at (2,0) size 118x17
            text run at (2,0) width 118: "My Legend center"
        RenderBlock (anonymous) at (17,33) size 705x24
          RenderTextControl {INPUT} at (0,0) size 192x24 [bgcolor=#FFFFFF] [border: (2px inset #000000)]
          RenderText {#text} at (0,0) size 0x0
      RenderFieldSet {FIELDSET} at (15,808) size 739x75 [border: (2px groove #C0C0C0)]
        RenderBlock {LEGEND} at (609,0) size 113x18
          RenderText {#text} at (2,0) size 109x17
            text run at (2,0) width 109: "My Legend right"
        RenderBlock (anonymous) at (17,33) size 705x24
          RenderTextControl {INPUT} at (0,0) size 192x24 [bgcolor=#FFFFFF] [border: (2px inset #000000)]
          RenderText {#text} at (0,0) size 0x0
      RenderFieldSet {FIELDSET} at (15,897) size 739x75 [border: (2px groove #C0C0C0)]
        RenderBlock {LEGEND} at (17,0) size 127x18
          RenderText {#text} at (2,0) size 123x17
            text run at (2,0) width 123: "My Legend default"
        RenderBlock (anonymous) at (17,33) size 705x24
          RenderTextControl {INPUT} at (0,0) size 192x24 [bgcolor=#FFFFFF] [border: (2px inset #000000)]
          RenderText {#text} at (0,0) size 0x0
      RenderBlock {P} at (0,1004) size 769x19
        RenderText {#text} at (0,0) size 312x17
          text run at (0,0) width 312: "Legend align test with margin and padding, RTL"
      RenderBlock (anonymous) at (0,1038) size 769x0
        RenderInline {SPAN} at (0,0) size 0x0
          RenderText {#text} at (0,0) size 0x0
      RenderBlock (anonymous) at (0,1038) size 769x342
        RenderFieldSet {FIELDSET} at (15,0) size 739x74 [border: (2px groove #C0C0C0)]
          RenderBlock {LEGEND} at (17,0) size 104x18
            RenderText {#text} at (2,0) size 100x17
              text run at (2,0) width 100: "My Legend left"
          RenderBlock (anonymous) at (17,33) size 705x24
            RenderTextControl {INPUT} at (514,0) size 191x24 [bgcolor=#FFFFFF] [border: (2px inset #000000)]
            RenderText {#text} at (0,0) size 0x0
        RenderFieldSet {FIELDSET} at (15,89) size 739x74 [border: (2px groove #C0C0C0)]
          RenderBlock {LEGEND} at (308,0) size 123x18
            RenderText {#text} at (2,0) size 118x17
              text run at (2,0) width 118: "My Legend center"
          RenderBlock (anonymous) at (17,33) size 705x24
            RenderTextControl {INPUT} at (514,0) size 191x24 [bgcolor=#FFFFFF] [border: (2px inset #000000)]
            RenderText {#text} at (0,0) size 0x0
        RenderFieldSet {FIELDSET} at (15,178) size 739x74 [border: (2px groove #C0C0C0)]
          RenderBlock {LEGEND} at (609,0) size 113x18
            RenderText {#text} at (2,0) size 109x17
              text run at (2,0) width 109: "My Legend right"
          RenderBlock (anonymous) at (17,33) size 705x24
            RenderTextControl {INPUT} at (514,0) size 191x24 [bgcolor=#FFFFFF] [border: (2px inset #000000)]
            RenderText {#text} at (0,0) size 0x0
        RenderFieldSet {FIELDSET} at (15,267) size 739x74 [border: (2px groove #C0C0C0)]
          RenderBlock {LEGEND} at (595,0) size 127x18
            RenderText {#text} at (2,0) size 123x17
              text run at (2,0) width 123: "My Legend default"
          RenderBlock (anonymous) at (17,33) size 705x24
            RenderTextControl {INPUT} at (514,0) size 191x24 [bgcolor=#FFFFFF] [border: (2px inset #000000)]
            RenderText {#text} at (0,0) size 0x0
      RenderBlock (anonymous) at (0,1394) size 769x0
        RenderInline {SPAN} at (0,0) size 0x0
        RenderText {#text} at (0,0) size 0x0
layer at (27,69) size 186x18
  RenderBlock {DIV} at (3,3) size 186x18
layer at (27,128) size 186x18
  RenderBlock {DIV} at (3,3) size 186x18
layer at (27,188) size 186x18
  RenderBlock {DIV} at (3,3) size 186x18
layer at (27,247) size 186x18
  RenderBlock {DIV} at (3,3) size 186x18
layer at (8,288) size 769x2 clip at (0,0) size 0x0
  RenderBlock {HR} at (0,280) size 769x3 [border: (1px inset #000000)]
layer at (573,367) size 185x18
  RenderBlock {DIV} at (3,3) size 185x18
layer at (573,427) size 185x18
  RenderBlock {DIV} at (3,3) size 185x18
layer at (573,486) size 185x18
  RenderBlock {DIV} at (3,3) size 185x18
layer at (573,546) size 185x18
  RenderBlock {DIV} at (3,3) size 185x18
layer at (8,587) size 769x2 clip at (0,0) size 0x0
  RenderBlock {HR} at (0,578) size 769x3 [border: (1px inset #000000)]
layer at (43,675) size 186x18
  RenderBlock {DIV} at (3,3) size 186x18
layer at (43,764) size 186x18
  RenderBlock {DIV} at (3,3) size 186x18
layer at (43,853) size 186x18
  RenderBlock {DIV} at (3,3) size 186x18
layer at (43,942) size 186x18
  RenderBlock {DIV} at (3,3) size 186x18
layer at (8,995) size 769x2 clip at (0,0) size 0x0
  RenderBlock {HR} at (0,986) size 769x3 [border: (1px inset #000000)]
layer at (557,1083) size 185x18
  RenderBlock {DIV} at (3,3) size 185x18
layer at (557,1172) size 185x18
  RenderBlock {DIV} at (3,3) size 185x18
layer at (557,1261) size 185x18
  RenderBlock {DIV} at (3,3) size 185x18
layer at (557,1350) size 185x18
  RenderBlock {DIV} at (3,3) size 185x18
