layer at (0,0) size 800x600
  RenderView at (0,0) size 800x600
layer at (0,0) size 800x600
  RenderBlock {HTML} at (0,0) size 800x600
    RenderBody {BODY} at (8,8) size 784x584
      RenderBlock {P} at (0,0) size 784x36
        RenderText {#text} at (0,0) size 104x17
          text run at (0,0) width 104: "This is a test for "
        RenderInline {I} at (0,0) size 750x35
          RenderInline {A} at (0,0) size 348x17 [color=#0000EE]
            RenderText {#text} at (104,0) size 348x17
              text run at (104,0) width 348: "http://bugzilla.opendarwin.org/show_bug.cgi?id=9316"
          RenderText {#text} at (451,0) size 750x35
            text run at (451,0) width 5: " "
            text run at (455,0) width 295: "REGRESSION: text field width shrinks on first"
            text run at (0,18) width 59: "keystroke"
        RenderText {#text} at (58,18) size 5x17
          text run at (58,18) width 5: "."
      RenderBlock {HR} at (0,52) size 784x2 [border: (1px inset #000000)]
layer at (8,70) size 784x0
  RenderBlock (relative positioned) {DIV} at (0,62) size 784x0
    RenderTextControl {INPUT} at (0,2) size 392x24 [bgcolor=#FFFFFF] [border: (2px inset #000000)]
layer at (11,75) size 386x18
  RenderBlock {DIV} at (3,3) size 386x18
    RenderText {#text} at (0,0) size 22x17
      text run at (0,0) width 22: "foo"
