layer at (0,0) size 800x600
  RenderView at (0,0) size 800x600
layer at (0,0) size 800x600
  RenderBlock {HTML} at (0,0) size 800x600
    RenderBody {BODY} at (8,8) size 784x584
      RenderBlock {FORM} at (0,0) size 784x19
        RenderBlock {INPUT} at (2,3) size 12x12
        RenderText {#text} at (16,1) size 33x17
          text run at (16,1) width 33: "Two "
        RenderBlock {INPUT} at (50,3) size 13x12
        RenderText {#text} at (64,1) size 38x17
          text run at (64,1) width 38: "Three"
      RenderBlock {FORM} at (0,35) size 784x19
        RenderBlock {INPUT} at (2,3) size 12x12
        RenderText {#text} at (16,1) size 31x17
          text run at (16,1) width 31: "One "
        RenderBlock {INPUT} at (48,3) size 13x12
        RenderText {#text} at (62,1) size 33x17
          text run at (62,1) width 33: "Two "
        RenderBlock {INPUT} at (96,3) size 13x12
        RenderText {#text} at (110,1) size 43x17
          text run at (110,1) width 43: "Three "
        RenderBlock {INPUT} at (154,3) size 13x12
        RenderText {#text} at (168,1) size 27x17
          text run at (168,1) width 27: "One"
      RenderBlock (anonymous) at (0,70) size 784x36
        RenderText {#text} at (0,0) size 779x35
          text run at (0,0) width 514: "The count of the # of elements in form 1 should be 2 and in form 2 should be 4. "
          text run at (513,0) width 266: "The count in form 1 is 2, and the count in"
          text run at (0,18) width 70: "form 2 is 4"
