layer at (0,0) size 800x600
  RenderView at (0,0) size 800x600
layer at (0,0) size 800x600
  RenderBlock {HTML} at (0,0) size 800x600
    RenderBody {BODY} at (8,8) size 784x584
      RenderBlock (anonymous) at (0,0) size 784x0
        RenderInline {A} at (0,0) size 0x0
          RenderText {#text} at (0,0) size 0x0
      RenderBlock {DIV} at (0,0) size 784x33
        RenderBlock (anonymous) at (0,0) size 784x0
          RenderInline {A} at (0,0) size 0x0
            RenderText {#text} at (0,0) size 0x0
        RenderBlock (anonymous) at (0,0) size 784x33
          RenderTable {TABLE} at (0,0) size 77x33
            RenderTableSection {TBODY} at (0,0) size 77x33
              RenderTableRow {TR} at (0,2) size 77x29
                RenderTableCell {TD} at (2,15) size 2x3 [r=0 c=0 rs=1 cs=1]
                RenderTableCell {TD} at (6,2) size 69x29 [r=0 c=1 rs=1 cs=1]
                  RenderButton {INPUT} at (1,1) size 67x27 [color=#000000CC] [bgcolor=#C0C0C0] [border: (2px outset #C0C0C0)]
                    RenderBlock (anonymous) at (8,4) size 51x18
                      RenderText at (0,0) size 51x17
                        text run at (0,0) width 51: "Search"
        RenderBlock (anonymous) at (0,33) size 784x0
          RenderInline {A} at (0,0) size 0x0
          RenderInline {A} at (0,0) size 0x0 [color=#0000EE]
          RenderText {#text} at (0,0) size 0x0
      RenderBlock (anonymous) at (0,33) size 784x18
        RenderText {#text} at (0,0) size 107x17
          text run at (0,0) width 107: "Form did submit"
