layer at (0,0) size 800x600
  RenderView at (0,0) size 800x600
layer at (0,0) size 800x600
  RenderBlock {HTML} at (0,0) size 800x600
    RenderBody {BODY} at (8,8) size 784x584
      RenderBlock {P} at (0,0) size 784x18
        RenderText {#text} at (0,0) size 382x17
          text run at (0,0) width 382: "Focus field with a placeholder, then type, then delete all text."
      RenderBlock {DIV} at (0,34) size 784x28
        RenderTextControl {INPUT} at (2,2) size 192x24 [bgcolor=#FFFFFF] [border: (2px inset #000000)]
        RenderText {#text} at (0,0) size 0x0
        RenderText {#text} at (0,0) size 0x0
layer at (13,47) size 186x18
  RenderBlock {DIV} at (3,3) size 186x18 [color=#A9A9A9]
    RenderText {#text} at (0,0) size 86x17
      text run at (0,0) width 86: "Placeholder"
layer at (13,47) size 186x18
  RenderBlock {DIV} at (3,3) size 186x18
    RenderBR {BR} at (0,0) size 0x17
caret: position 0 of child 0 {BR} of child 1 {DIV} of {#document-fragment} of child 1 {INPUT} of child 3 {DIV} of body
