layer at (0,0) size 800x600
  RenderView at (0,0) size 800x600
layer at (0,0) size 800x600
  RenderBlock {HTML} at (0,0) size 800x600
    RenderBody {BODY} at (8,8) size 784x576
      RenderBlock (anonymous) at (0,0) size 784x18
        RenderText {#text} at (0,0) size 771x17
          text run at (0,0) width 771: "This test uses the new text field to test focus() and blur() and to make sure that onFocus and onBlur events fire correctly."
      RenderBlock {P} at (0,34) size 784x24
        RenderTextControl {INPUT} at (0,0) size 192x24 [bgcolor=#FFFFFF] [border: (2px inset #000000)]
        RenderText {#text} at (192,3) size 4x17
          text run at (192,3) width 4: " "
        RenderTextControl {INPUT} at (196,0) size 192x24 [bgcolor=#FFFFFF] [border: (2px inset #000000)]
        RenderText {#text} at (0,0) size 0x0
      RenderBlock {DIV} at (0,74) size 784x72
        RenderBR {BR} at (0,0) size 0x17
        RenderText {#text} at (0,18) size 326x17
          text run at (0,18) width 326: "Test Passed. Text field 1's onFocus event has fired."
        RenderBR {BR} at (325,18) size 1x17
        RenderText {#text} at (0,36) size 316x17
          text run at (0,36) width 316: "Test Passed. Text field 1's onBlur event has fired."
        RenderBR {BR} at (315,36) size 1x17
        RenderText {#text} at (0,54) size 326x17
          text run at (0,54) width 326: "Test Passed. Text field 2's onFocus event has fired."
      RenderBlock {P} at (0,162) size 784x0
layer at (11,45) size 186x18
  RenderBlock {DIV} at (3,3) size 186x18
    RenderText {#text} at (0,0) size 108x17
      text run at (0,0) width 108: "My Text Field 1"
layer at (207,45) size 186x18
  RenderBlock {DIV} at (3,3) size 186x18
    RenderText {#text} at (0,0) size 108x17
      text run at (0,0) width 108: "My Text Field 2"
selection start: position 0 of child 0 {#text} of child 0 {DIV} of {#document-fragment} of child 3 {INPUT} of child 1 {P} of body
selection end:   position 15 of child 0 {#text} of child 0 {DIV} of {#document-fragment} of child 3 {INPUT} of child 1 {P} of body
