layer at (0,0) size 800x600
  RenderView at (0,0) size 800x600
layer at (0,0) size 800x600
  RenderBlock {HTML} at (0,0) size 800x600
    RenderBody {BODY} at (8,8) size 784x576
      RenderBlock (anonymous) at (0,0) size 784x18
        RenderText {#text} at (0,0) size 781x17
          text run at (0,0) width 781: "This tests the height attribute of form elements. The only element that should honour this value is the Image type of input."
      RenderBlock {FORM} at (0,18) size 784x283
        RenderText {#text} at (0,3) size 37x17
          text run at (0,3) width 37: "input "
        RenderTextControl {INPUT} at (36,0) size 193x24 [bgcolor=#FFFFFF] [border: (2px inset #000000)]
        RenderText {#text} at (0,0) size 0x0
        RenderBR {BR} at (228,3) size 1x17
        RenderText {#text} at (0,27) size 28x17
          text run at (0,27) width 28: "text "
        RenderTextControl {INPUT} at (27,24) size 193x24 [bgcolor=#FFFFFF] [border: (2px inset #000000)]
        RenderText {#text} at (0,0) size 0x0
        RenderBR {BR} at (219,27) size 1x17
        RenderText {#text} at (0,49) size 66x17
          text run at (0,49) width 66: "checkbox "
        RenderBlock {INPUT} at (67,51) size 13x12
        RenderText {#text} at (0,0) size 0x0
        RenderBR {BR} at (81,49) size 1x17
        RenderText {#text} at (0,71) size 26x17
          text run at (0,71) width 26: "file "
        RenderFileUploadControl {INPUT} at (25,67) size 304x27 "no file selected"
          RenderButton {INPUT} at (0,0) size 102x27 [color=#000000CC] [bgcolor=#C0C0C0] [border: (2px outset #C0C0C0)]
            RenderBlock (anonymous) at (8,4) size 86x18
              RenderText at (0,0) size 86x17
                text run at (0,0) width 86: "Choose File"
        RenderText {#text} at (0,0) size 0x0
        RenderBR {BR} at (328,71) size 1x17
        RenderText {#text} at (0,94) size 44x17
          text run at (0,94) width 44: "image "
        RenderImage {INPUT} at (43,107) size 11x1
        RenderText {#text} at (0,0) size 0x0
        RenderBR {BR} at (53,94) size 1x17
        RenderText {#text} at (0,113) size 37x17
          text run at (0,113) width 37: "radio "
        RenderBlock {INPUT} at (38,115) size 13x12
        RenderText {#text} at (0,0) size 0x0
        RenderBR {BR} at (52,113) size 1x17
        RenderText {#text} at (0,139) size 40x17
          text run at (0,139) width 40: "range "
        RenderSlider {INPUT} at (41,133) size 130x20 [color=#909090] [bgcolor=#FFFFFF]
          RenderFlexibleBox {DIV} at (0,0) size 129x20
            RenderBlock {DIV} at (0,0) size 129x20
              RenderBlock {DIV} at (54,0) size 21x20
        RenderText {#text} at (0,0) size 0x0
        RenderBR {BR} at (172,139) size 1x17
        RenderText {#text} at (0,161) size 35x17
          text run at (0,161) width 35: "reset "
        RenderButton {INPUT} at (34,157) size 58x27 [color=#000000CC] [bgcolor=#C0C0C0] [border: (2px outset #C0C0C0)]
          RenderBlock (anonymous) at (8,4) size 42x18
            RenderText at (0,0) size 42x17
              text run at (0,0) width 42: "Reset"
        RenderText {#text} at (0,0) size 0x0
        RenderBR {BR} at (92,161) size 0x17
        RenderText {#text} at (0,188) size 48x17
          text run at (0,188) width 48: "submit "
        RenderButton {INPUT} at (47,184) size 67x27 [color=#000000CC] [bgcolor=#C0C0C0] [border: (2px outset #C0C0C0)]
          RenderBlock (anonymous) at (8,4) size 50x18
            RenderText at (0,0) size 50x17
              text run at (0,0) width 50: "Submit"
        RenderText {#text} at (0,0) size 0x0
        RenderBR {BR} at (113,188) size 1x17
        RenderText {#text} at (0,214) size 51x17
          text run at (0,214) width 51: "isindex "
        RenderTextControl {INPUT} at (50,211) size 193x24 [bgcolor=#FFFFFF] [border: (2px inset #000000)]
        RenderText {#text} at (0,0) size 0x0
        RenderBR {BR} at (242,214) size 1x17
        RenderText {#text} at (0,238) size 65x17
          text run at (0,238) width 65: "password "
        RenderTextControl {INPUT} at (64,235) size 193x24 [bgcolor=#FFFFFF] [border: (2px inset #000000)]
          RenderFlexibleBox {DIV} at (3,3) size 186x18
            RenderBlock {DIV} at (0,0) size 186x18
        RenderText {#text} at (0,0) size 0x0
        RenderBR {BR} at (256,238) size 1x17
        RenderText {#text} at (0,262) size 45x17
          text run at (0,262) width 45: "search "
        RenderTextControl {INPUT} at (44,259) size 193x24 [bgcolor=#FFFFFF] [border: (2px inset #000000)]
          RenderFlexibleBox {DIV} at (3,3) size 186x18
            RenderBlock {DIV} at (0,9) size 0x0
            RenderBlock {DIV} at (0,0) size 170x18
        RenderText {#text} at (0,0) size 0x0
layer at (48,29) size 186x18
  RenderBlock {DIV} at (3,3) size 186x18
layer at (39,53) size 186x18
  RenderBlock {DIV} at (3,3) size 186x18
layer at (61,240) size 186x18
  RenderBlock {DIV} at (3,3) size 186x18
layer at (75,264) size 186x18
  RenderBlock {DIV} at (0,0) size 186x18
layer at (56,288) size 170x18
  RenderBlock {DIV} at (0,0) size 170x18
