layer at (0,0) size 800x600
  RenderView at (0,0) size 800x600
layer at (0,0) size 800x600
  RenderBlock {HTML} at (0,0) size 800x600
    RenderBody {BODY} at (8,8) size 784x584
      RenderText {#text} at (0,0) size 575x17
        text run at (0,0) width 575: "This tests that background color and background images can be set on the new text fields."
      RenderBR {BR} at (574,0) size 1x17
      RenderTextControl {INPUT} at (0,18) size 192x24 [bgcolor=#FFC0CB] [border: (2px inset #000000)]
      RenderBR {BR} at (192,21) size 0x17
      RenderTextControl {INPUT} at (0,42) size 192x24 [bgcolor=#FFFFFF] [border: (2px inset #000000)]
      RenderText {#text} at (0,0) size 0x0
layer at (11,29) size 186x18
  RenderBlock {DIV} at (3,3) size 186x18
    RenderText {#text} at (0,0) size 143x17
      text run at (0,0) width 143: "This should be pink."
layer at (11,53) size 186x18
  RenderBlock {DIV} at (3,3) size 186x18
