layer at (0,0) size 800x600
  RenderView at (0,0) size 800x600
layer at (0,0) size 800x600
  RenderBlock {HTML} at (0,0) size 800x600
    RenderBody {BODY} at (8,8) size 784x576
      RenderBlock (anonymous) at (0,0) size 784x18
        RenderText {#text} at (0,0) size 335x17
          text run at (0,0) width 335: "This tests the selection methods on the new text field."
      RenderBlock {P} at (0,34) size 784x28
        RenderTextControl {INPUT} at (2,2) size 192x24 [bgcolor=#FFFFFF] [border: (2px inset #000000)]
        RenderText {#text} at (0,0) size 0x0
      RenderBlock {DIV} at (0,78) size 784x486
        RenderBR {BR} at (0,0) size 0x17
        RenderText {#text} at (0,18) size 196x17
          text run at (0,18) width 196: "Test 1: setSelectionRange(0, 0)"
        RenderBR {BR} at (195,18) size 1x17
        RenderText {#text} at (0,36) size 47x17
          text run at (0,36) width 47: "Passed."
        RenderBR {BR} at (47,36) size 0x17
        RenderBR {BR} at (0,54) size 0x17
        RenderText {#text} at (0,72) size 160x17
          text run at (0,72) width 160: "Test 2: selectionEnd = 17"
        RenderBR {BR} at (159,72) size 1x17
        RenderText {#text} at (0,90) size 47x17
          text run at (0,90) width 47: "Passed."
        RenderBR {BR} at (47,90) size 0x17
        RenderBR {BR} at (0,108) size 0x17
        RenderText {#text} at (0,126) size 155x17
          text run at (0,126) width 155: "Test 3: selectionStart = 1"
        RenderBR {BR} at (154,126) size 1x17
        RenderText {#text} at (0,144) size 47x17
          text run at (0,144) width 47: "Passed."
        RenderBR {BR} at (47,144) size 0x17
        RenderBR {BR} at (0,162) size 0x17
        RenderText {#text} at (0,180) size 204x17
          text run at (0,180) width 204: "Test 4: setSelectionRange(10, 3)"
        RenderBR {BR} at (203,180) size 1x17
        RenderText {#text} at (0,198) size 47x17
          text run at (0,198) width 47: "Passed."
        RenderBR {BR} at (47,198) size 0x17
        RenderBR {BR} at (0,216) size 0x17
        RenderText {#text} at (0,234) size 152x17
          text run at (0,234) width 152: "Test 5: selectionEnd = 2"
        RenderBR {BR} at (151,234) size 1x17
        RenderText {#text} at (0,252) size 47x17
          text run at (0,252) width 47: "Passed."
        RenderBR {BR} at (47,252) size 0x17
        RenderBR {BR} at (0,270) size 0x17
        RenderText {#text} at (0,288) size 196x17
          text run at (0,288) width 196: "Test 6: setSelectionRange(5, 4)"
        RenderBR {BR} at (195,288) size 1x17
        RenderText {#text} at (0,306) size 47x17
          text run at (0,306) width 47: "Passed."
        RenderBR {BR} at (47,306) size 0x17
        RenderBR {BR} at (0,324) size 0x17
        RenderText {#text} at (0,342) size 206x17
          text run at (0,342) width 206: "Test 7: setSelectionRange(-5, -4)"
        RenderBR {BR} at (205,342) size 1x17
        RenderText {#text} at (0,360) size 47x17
          text run at (0,360) width 47: "Passed."
        RenderBR {BR} at (47,360) size 0x17
        RenderBR {BR} at (0,378) size 0x17
        RenderText {#text} at (0,396) size 209x17
          text run at (0,396) width 209: "Test 8: setSelectionRange(-5, 80)"
        RenderBR {BR} at (208,396) size 1x17
        RenderText {#text} at (0,414) size 47x17
          text run at (0,414) width 47: "Passed."
        RenderBR {BR} at (47,414) size 0x17
        RenderBR {BR} at (0,432) size 0x17
        RenderText {#text} at (0,450) size 204x17
          text run at (0,450) width 204: "Test 9: setSelectionRange(3, 12)"
        RenderBR {BR} at (203,450) size 1x17
        RenderText {#text} at (0,468) size 47x17
          text run at (0,468) width 47: "Passed."
        RenderBR {BR} at (47,468) size 0x17
      RenderBlock {P} at (0,580) size 784x0
layer at (13,47) size 186x18 scrollWidth 189
  RenderBlock {DIV} at (3,3) size 186x18
    RenderText {#text} at (0,0) size 188x17
      text run at (0,0) width 188: "123456789 ABCDEFGHIJ"
selection start: position 3 of child 0 {#text} of child 0 {DIV} of {#document-fragment} of child 1 {INPUT} of child 1 {P} of body
selection end:   position 12 of child 0 {#text} of child 0 {DIV} of {#document-fragment} of child 1 {INPUT} of child 1 {P} of body
