layer at (0,0) size 800x600
  RenderView at (0,0) size 800x600
layer at (0,0) size 800x600
  RenderBlock {HTML} at (0,0) size 800x600
    RenderBody {BODY} at (8,8) size 784x584
      RenderText {#text} at (0,0) size 776x35
        text run at (0,0) width 776: "This tests that leading and trailing spaces in a text field don't get lost. There should be 3 spaces before and 3 spaces after the"
        text run at (0,18) width 98: "text in the field."
      RenderBR {BR} at (98,18) size 0x18
      RenderTextControl {INPUT} at (0,36) size 192x24 [bgcolor=#FFFFFF] [border: (2px inset #808080)]
      RenderText {#text} at (0,0) size 0x0
layer at (11,47) size 186x18
  RenderBlock {DIV} at (3,3) size 186x18
    RenderText {#text} at (0,0) size 73x17
      text run at (0,0) width 73: "   foo bar   "
