layer at (0,0) size 800x600
  RenderView at (0,0) size 800x600
layer at (0,0) size 800x600
  RenderBlock {HTML} at (0,0) size 800x600
    RenderBody {BODY} at (8,8) size 784x584
      RenderText {#text} at (0,0) size 299x17
        text run at (0,0) width 299: "This tests that text fields get the right baseline."
      RenderBR {BR} at (298,0) size 1x17
      RenderBR {BR} at (0,18) size 0x17
      RenderTextControl {INPUT} at (0,36) size 192x24 [bgcolor=#FFFFFF] [border: (2px inset #000000)]
      RenderText {#text} at (192,39) size 431x17
        text run at (192,39) width 431: "This text should line up with the bottom of the text in the text field."
      RenderBR {BR} at (622,39) size 1x17
      RenderBR {BR} at (0,60) size 0x17
      RenderTextControl {INPUT} at (0,78) size 192x24 [bgcolor=#FFFFFF] [border: (2px inset #000000)]
      RenderText {#text} at (192,81) size 431x17
        text run at (192,81) width 431: "This text should line up with the bottom of the text in the text field."
layer at (11,47) size 186x18
  RenderBlock {DIV} at (3,3) size 186x18
layer at (11,89) size 186x18
  RenderBlock {DIV} at (3,3) size 186x18
