layer at (0,0) size 800x600
  RenderView at (0,0) size 800x600
layer at (0,0) size 800x600
  RenderBlock {HTML} at (0,0) size 800x600
    RenderBody {BODY} at (8,8) size 784x576
      RenderBlock (anonymous) at (0,0) size 784x24
        RenderTextControl {INPUT} at (0,0) size 192x24 [bgcolor=#FFFFFF] [border: (2px inset #000000)]
        RenderText {#text} at (192,3) size 4x17
          text run at (192,3) width 4: " "
        RenderTextControl {INPUT} at (196,0) size 191x24 [bgcolor=#FFFFFF] [border: (2px inset #000000)]
        RenderText {#text} at (387,3) size 4x17
          text run at (387,3) width 4: " "
        RenderTextControl {INPUT} at (391,0) size 192x24 [bgcolor=#FFFFFF] [border: (2px inset #000000)]
        RenderText {#text} at (0,0) size 0x0
      RenderBlock {P} at (0,40) size 784x36
        RenderText {#text} at (0,0) size 767x35
          text run at (0,0) width 767: "Tests scrolling back to the beginning when a text field blurs. The first field should be scrolled to the left, the second and"
          text run at (0,18) width 164: "third scrolled to the right."
layer at (11,11) size 186x18 scrollWidth 405
  RenderBlock {DIV} at (3,3) size 186x18
    RenderText {#text} at (0,0) size 404x17
      text run at (0,0) width 404: "this text field has a lot of text in it so that it needs to scroll"
layer at (207,11) size 185x18 scrollX 219 scrollWidth 404
  RenderBlock {DIV} at (3,3) size 185x18
    RenderText {#text} at (-218,0) size 404x17
      text run at (-218,0) width 25: "this"
      text run at (-193,0) width 4: " "
      text run at (-189,0) width 26: "text"
      text run at (-163,0) width 4: " "
      text run at (-159,0) width 30: "field"
      text run at (-129,0) width 4: " "
      text run at (-125,0) width 26: "has"
      text run at (-99,0) width 4: " "
      text run at (-95,0) width 9: "a"
      text run at (-86,0) width 5: " "
      text run at (-81,0) width 17: "lot"
      text run at (-64,0) width 4: " "
      text run at (-60,0) width 13: "of"
      text run at (-47,0) width 5: " "
      text run at (-42,0) width 26: "text"
      text run at (-16,0) width 4: " "
      text run at (-12,0) width 13: "in"
      text run at (0,0) width 5: " "
      text run at (4,0) width 9: "it"
      text run at (12,0) width 5: " "
      text run at (16,0) width 18: "so"
      text run at (33,0) width 6: " "
      text run at (38,0) width 27: "that"
      text run at (64,0) width 6: " "
      text run at (69,0) width 9: "it"
      text run at (77,0) width 5: " "
      text run at (81,0) width 45: "needs"
      text run at (125,0) width 5: " "
      text run at (129,0) width 15: "to"
      text run at (143,0) width 5: " "
      text run at (147,0) width 38: "scroll"
layer at (402,11) size 186x18 scrollX 219 scrollWidth 405
  RenderBlock {DIV} at (3,3) size 186x18
    RenderText {#text} at (0,0) size 404x17
      text run at (0,0) width 404: "this text field has a lot of text in it so that it needs to scroll"
caret: position 66 of child 0 {#text} of child 0 {DIV} of {#document-fragment} of child 4 {INPUT} of body
