layer at (0,0) size 800x600
  RenderView at (0,0) size 800x600
layer at (0,0) size 800x600
  RenderBlock {HTML} at (0,0) size 800x600
    RenderBody {BODY} at (8,8) size 784x584
      RenderText {#text} at (0,0) size 353x17
        text run at (0,0) width 353: "This tests that the new text fields use the correct width."
      RenderBR {BR} at (352,0) size 1x17
      RenderTextControl {INPUT} at (0,18) size 192x24 [bgcolor=#FFFFFF] [border: (2px inset #000000)]
      RenderBR {BR} at (192,21) size 0x17
      RenderTextControl {INPUT} at (0,42) size 200x24 [bgcolor=#FFFFFF] [border: (2px inset #000000)]
      RenderBR {BR} at (200,45) size 0x17
      RenderTextControl {INPUT} at (0,66) size 462x24 [bgcolor=#FFFFFF] [border: (2px inset #000000)]
      RenderBR {BR} at (462,69) size 0x17
      RenderTextControl {INPUT} at (0,90) size 200x24 [bgcolor=#FFFFFF] [border: (2px inset #000000)]
      RenderBR {BR} at (200,93) size 0x17
      RenderTextControl {INPUT} at (0,114) size 102x24 [bgcolor=#FFFFFF] [border: (2px inset #000000)]
      RenderBR {BR} at (102,117) size 0x17
layer at (11,29) size 186x18
  RenderBlock {DIV} at (3,3) size 186x18
layer at (11,53) size 194x18
  RenderBlock {DIV} at (3,3) size 194x18
    RenderText {#text} at (0,0) size 132x17
      text run at (0,0) width 132: "styled width 200px"
layer at (11,77) size 456x18
  RenderBlock {DIV} at (3,3) size 456x18
    RenderText {#text} at (0,0) size 51x17
      text run at (0,0) width 51: "size 50"
layer at (11,101) size 194x18 scrollWidth 208
  RenderBlock {DIV} at (3,3) size 194x18
    RenderText {#text} at (0,0) size 207x17
      text run at (0,0) width 207: "styled width 200px & size=10"
layer at (11,125) size 96x18
  RenderBlock {DIV} at (3,3) size 96x18
    RenderText {#text} at (0,0) size 51x17
      text run at (0,0) width 51: "size 10"
