layer at (0,0) size 800x600
  RenderView at (0,0) size 800x600
layer at (0,0) size 800x600
  RenderBlock {HTML} at (0,0) size 800x600
    RenderBody {BODY} at (8,8) size 784x584 [bgcolor=#800080]
      RenderText {#text} at (0,0) size 480x17
        text run at (0,0) width 480: "This tests that the default background color for the new text fields is white."
      RenderBR {BR} at (479,0) size 1x17
      RenderTextControl {INPUT} at (0,18) size 192x24 [bgcolor=#FFFFFF] [border: (2px inset #000000)]
      RenderText {#text} at (0,0) size 0x0
layer at (11,29) size 186x18
  RenderBlock {DIV} at (3,3) size 186x18
    RenderText {#text} at (0,0) size 151x17
      text run at (0,0) width 151: "This should be white."
