layer at (0,0) size 800x600
  RenderView at (0,0) size 800x600
layer at (0,0) size 800x600
  RenderBlock {HTML} at (0,0) size 800x600
    RenderBody {BODY} at (8,8) size 784x584
      RenderText {#text} at (0,0) size 396x17
        text run at (0,0) width 396: "This tests that text can not be inserted into a readonly text field."
      RenderBR {BR} at (396,0) size 0x17
      RenderTextControl {INPUT} at (2,20) size 191x24 [bgcolor=#FFFFFF] [border: (2px inset #000000)]
      RenderText {#text} at (0,0) size 0x0
layer at (13,31) size 185x18
  RenderBlock {DIV} at (3,3) size 185x18
    RenderText {#text} at (0,0) size 88x17
      text run at (0,0) width 88: "Test Passed"
selection start: position 0 of child 0 {#text} of child 0 {DIV} of {#document-fragment} of child 2 {INPUT} of body
selection end:   position 11 of child 0 {#text} of child 0 {DIV} of {#document-fragment} of child 2 {INPUT} of body
