layer at (0,0) size 800x600
  RenderView at (0,0) size 800x600
layer at (0,0) size 800x600
  RenderBlock {HTML} at (0,0) size 800x600
    RenderBody {BODY} at (8,8) size 784x584
      RenderText {#text} at (0,0) size 393x17
        text run at (0,0) width 393: "This tests that text can not be inserted into a disabled text field."
      RenderBR {BR} at (393,0) size 0x17
      RenderTextControl {INPUT} at (0,18) size 191x24 [color=color(srgb 0.34117648 0.34117648 0.34117648)] [bgcolor=#FFFFFF] [border: (2px inset #808080)]
      RenderText {#text} at (0,0) size 0x0
layer at (11,29) size 185x18
  RenderBlock {DIV} at (3,3) size 185x18
    RenderText {#text} at (0,0) size 88x17
      text run at (0,0) width 88: "Test Passed"
