layer at (0,0) size 800x600
  RenderView at (0,0) size 800x600
layer at (0,0) size 800x600
  RenderBlock {HTML} at (0,0) size 800x600
    RenderBody {BODY} at (8,8) size 784x576
      RenderBlock {P} at (0,0) size 784x36
        RenderText {#text} at (0,0) size 765x35
          text run at (0,0) width 765: "Results that match WinIE are two columns on the right that say \"after\" every time, except for the last row which should"
          text run at (0,18) width 196: "have nothing in either column."
      RenderBlock {P} at (0,52) size 784x18
        RenderText {#text} at (0,0) size 726x17
          text run at (0,0) width 726: "Results that match Gecko are like WinIE, but with \"before\" for the attribute in the first two rows and the last row."
      RenderBlock {FORM} at (0,96) size 784x443
        RenderTable {TABLE} at (0,0) size 784x443
          RenderTableSection {THEAD} at (0,0) size 784x24
            RenderTableRow {TR} at (0,2) size 784x20
              RenderTableCell {TH} at (2,2) size 345x20 [r=0 c=0 rs=1 cs=1]
                RenderText {#text} at (1,1) size 57x17
                  text run at (1,1) width 57: "test case"
              RenderTableCell {TH} at (348,2) size 306x20 [r=0 c=1 rs=1 cs=1]
                RenderText {#text} at (1,1) size 92x17
                  text run at (1,1) width 92: "form element"
              RenderTableCell {TH} at (655,2) size 63x20 [r=0 c=2 rs=1 cs=1]
                RenderText {#text} at (1,1) size 61x17
                  text run at (1,1) width 61: "property"
              RenderTableCell {TH} at (719,2) size 63x20 [r=0 c=3 rs=1 cs=1]
                RenderText {#text} at (1,1) size 61x17
                  text run at (1,1) width 61: "attribute"
          RenderTableSection {TBODY} at (0,24) size 784x419
            RenderTableRow {TR} at (0,0) size 784x26
              RenderTableCell {TD} at (2,3) size 345x20 [r=0 c=0 rs=1 cs=1]
                RenderText {#text} at (1,1) size 211x17
                  text run at (1,1) width 211: "text with value property changed"
              RenderTableCell {TD} at (348,0) size 306x26 [r=0 c=1 rs=1 cs=1]
                RenderTextControl {INPUT} at (1,1) size 192x24 [bgcolor=#FFFFFF] [border: (2px inset #000000)]
              RenderTableCell {TD} at (655,3) size 63x20 [r=0 c=2 rs=1 cs=1]
                RenderText {#text} at (1,1) size 30x17
                  text run at (1,1) width 30: "after"
              RenderTableCell {TD} at (719,3) size 63x20 [r=0 c=3 rs=1 cs=1]
                RenderText {#text} at (1,1) size 41x17
                  text run at (1,1) width 41: "before"
            RenderTableRow {TR} at (0,28) size 784x26
              RenderTableCell {TD} at (2,31) size 345x20 [r=1 c=0 rs=1 cs=1]
                RenderText {#text} at (1,1) size 248x17
                  text run at (1,1) width 248: "password with value property changed"
              RenderTableCell {TD} at (348,28) size 306x26 [r=1 c=1 rs=1 cs=1]
                RenderTextControl {INPUT} at (1,1) size 192x24 [bgcolor=#FFFFFF] [border: (2px inset #000000)]
                  RenderFlexibleBox {DIV} at (3,3) size 186x18
                    RenderBlock {DIV} at (0,0) size 186x18
              RenderTableCell {TD} at (655,31) size 63x20 [r=1 c=2 rs=1 cs=1]
                RenderText {#text} at (1,1) size 30x17
                  text run at (1,1) width 30: "after"
              RenderTableCell {TD} at (719,31) size 63x20 [r=1 c=3 rs=1 cs=1]
                RenderText {#text} at (1,1) size 41x17
                  text run at (1,1) width 41: "before"
            RenderTableRow {TR} at (0,56) size 784x20
              RenderTableCell {TD} at (2,56) size 345x20 [r=2 c=0 rs=1 cs=1]
                RenderText {#text} at (1,1) size 252x17
                  text run at (1,1) width 252: "check box with value property changed"
              RenderTableCell {TD} at (348,56) size 306x20 [r=2 c=1 rs=1 cs=1]
                RenderBlock {INPUT} at (3,4) size 12x12
              RenderTableCell {TD} at (655,56) size 63x20 [r=2 c=2 rs=1 cs=1]
                RenderText {#text} at (1,1) size 30x17
                  text run at (1,1) width 30: "after"
              RenderTableCell {TD} at (719,56) size 63x20 [r=2 c=3 rs=1 cs=1]
                RenderText {#text} at (1,1) size 30x17
                  text run at (1,1) width 30: "after"
            RenderTableRow {TR} at (0,78) size 784x20
              RenderTableCell {TD} at (2,78) size 345x20 [r=3 c=0 rs=1 cs=1]
                RenderText {#text} at (1,1) size 231x17
                  text run at (1,1) width 231: "hidden with value property changed"
              RenderTableCell {TD} at (348,87) size 306x2 [r=3 c=1 rs=1 cs=1]
              RenderTableCell {TD} at (655,78) size 63x20 [r=3 c=2 rs=1 cs=1]
                RenderText {#text} at (1,1) size 30x17
                  text run at (1,1) width 30: "after"
              RenderTableCell {TD} at (719,78) size 63x20 [r=3 c=3 rs=1 cs=1]
                RenderText {#text} at (1,1) size 30x17
                  text run at (1,1) width 30: "after"
            RenderTableRow {TR} at (0,100) size 784x29
              RenderTableCell {TD} at (2,104) size 345x21 [r=4 c=0 rs=1 cs=1]
                RenderText {#text} at (1,0) size 228x19
                  text run at (1,1) width 228: "button with value property changed"
              RenderTableCell {TD} at (348,100) size 306x29 [r=4 c=1 rs=1 cs=1]
                RenderButton {INPUT} at (1,1) size 49x27 [color=#000000CC] [bgcolor=#C0C0C0] [border: (2px outset #C0C0C0)]
                  RenderBlock (anonymous) at (8,4) size 33x18
                    RenderText at (0,0) size 33x17
                      text run at (0,0) width 33: "after"
              RenderTableCell {TD} at (655,104) size 63x21 [r=4 c=2 rs=1 cs=1]
                RenderText {#text} at (1,0) size 30x19
                  text run at (1,1) width 30: "after"
              RenderTableCell {TD} at (719,104) size 63x21 [r=4 c=3 rs=1 cs=1]
                RenderText {#text} at (1,0) size 30x19
                  text run at (1,1) width 30: "after"
            RenderTableRow {TR} at (0,131) size 784x23
              RenderTableCell {TD} at (2,132) size 345x21 [r=5 c=0 rs=1 cs=1]
                RenderText {#text} at (1,0) size 226x19
                  text run at (1,1) width 226: "image with value property changed"
              RenderTableCell {TD} at (348,131) size 306x23 [r=5 c=1 rs=1 cs=1]
                RenderImage {INPUT} at (1,1) size 50x21
              RenderTableCell {TD} at (655,132) size 63x21 [r=5 c=2 rs=1 cs=1]
                RenderText {#text} at (1,0) size 30x19
                  text run at (1,1) width 30: "after"
              RenderTableCell {TD} at (719,132) size 63x21 [r=5 c=3 rs=1 cs=1]
                RenderText {#text} at (1,0) size 30x19
                  text run at (1,1) width 30: "after"
            RenderTableRow {TR} at (0,156) size 784x20
              RenderTableCell {TD} at (2,156) size 345x20 [r=6 c=0 rs=1 cs=1]
                RenderText {#text} at (1,1) size 220x17
                  text run at (1,1) width 220: "radio with value property changed"
              RenderTableCell {TD} at (348,156) size 306x20 [r=6 c=1 rs=1 cs=1]
                RenderBlock {INPUT} at (3,4) size 12x12
              RenderTableCell {TD} at (655,156) size 63x20 [r=6 c=2 rs=1 cs=1]
                RenderText {#text} at (1,1) size 30x17
                  text run at (1,1) width 30: "after"
              RenderTableCell {TD} at (719,156) size 63x20 [r=6 c=3 rs=1 cs=1]
                RenderText {#text} at (1,1) size 30x17
                  text run at (1,1) width 30: "after"
            RenderTableRow {TR} at (0,178) size 784x26
              RenderTableCell {TD} at (2,181) size 345x20 [r=7 c=0 rs=1 cs=1]
                RenderText {#text} at (1,1) size 210x17
                  text run at (1,1) width 210: "text with value attribute changed"
              RenderTableCell {TD} at (348,178) size 306x26 [r=7 c=1 rs=1 cs=1]
                RenderTextControl {INPUT} at (1,1) size 192x24 [bgcolor=#FFFFFF] [border: (2px inset #000000)]
              RenderTableCell {TD} at (655,181) size 63x20 [r=7 c=2 rs=1 cs=1]
                RenderText {#text} at (1,1) size 30x17
                  text run at (1,1) width 30: "after"
              RenderTableCell {TD} at (719,181) size 63x20 [r=7 c=3 rs=1 cs=1]
                RenderText {#text} at (1,1) size 30x17
                  text run at (1,1) width 30: "after"
            RenderTableRow {TR} at (0,206) size 784x20
              RenderTableCell {TD} at (2,206) size 345x20 [r=8 c=0 rs=1 cs=1]
                RenderText {#text} at (1,1) size 252x17
                  text run at (1,1) width 252: "check box with value attribute changed"
              RenderTableCell {TD} at (348,206) size 306x20 [r=8 c=1 rs=1 cs=1]
                RenderBlock {INPUT} at (3,4) size 12x12
              RenderTableCell {TD} at (655,206) size 63x20 [r=8 c=2 rs=1 cs=1]
                RenderText {#text} at (1,1) size 30x17
                  text run at (1,1) width 30: "after"
              RenderTableCell {TD} at (719,206) size 63x20 [r=8 c=3 rs=1 cs=1]
                RenderText {#text} at (1,1) size 30x17
                  text run at (1,1) width 30: "after"
            RenderTableRow {TR} at (0,228) size 784x38
              RenderTableCell {TD} at (2,228) size 345x38 [r=9 c=0 rs=1 cs=1]
                RenderText {#text} at (1,1) size 320x35
                  text run at (1,1) width 320: "text with value property changed, then turned into"
                  text run at (1,19) width 66: "check box"
              RenderTableCell {TD} at (348,237) size 306x20 [r=9 c=1 rs=1 cs=1]
                RenderBlock {INPUT} at (3,4) size 12x12
              RenderTableCell {TD} at (655,237) size 63x20 [r=9 c=2 rs=1 cs=1]
                RenderText {#text} at (1,1) size 30x17
                  text run at (1,1) width 30: "after"
              RenderTableCell {TD} at (719,237) size 63x20 [r=9 c=3 rs=1 cs=1]
                RenderText {#text} at (1,1) size 30x17
                  text run at (1,1) width 30: "after"
            RenderTableRow {TR} at (0,268) size 784x38
              RenderTableCell {TD} at (2,268) size 345x38 [r=10 c=0 rs=1 cs=1]
                RenderText {#text} at (1,1) size 333x35
                  text run at (1,1) width 333: "check box with value property changed, then turned"
                  text run at (1,19) width 53: "into text"
              RenderTableCell {TD} at (348,274) size 306x26 [r=10 c=1 rs=1 cs=1]
                RenderTextControl {INPUT} at (1,1) size 192x24 [bgcolor=#FFFFFF] [border: (2px inset #000000)]
              RenderTableCell {TD} at (655,277) size 63x20 [r=10 c=2 rs=1 cs=1]
                RenderText {#text} at (1,1) size 30x17
                  text run at (1,1) width 30: "after"
              RenderTableCell {TD} at (719,277) size 63x20 [r=10 c=3 rs=1 cs=1]
                RenderText {#text} at (1,1) size 30x17
                  text run at (1,1) width 30: "after"
            RenderTableRow {TR} at (0,308) size 784x38
              RenderTableCell {TD} at (2,308) size 345x38 [r=11 c=0 rs=1 cs=1]
                RenderText {#text} at (1,1) size 320x35
                  text run at (1,1) width 320: "text with value attribute changed, then turned into"
                  text run at (1,19) width 66: "check box"
              RenderTableCell {TD} at (348,317) size 306x20 [r=11 c=1 rs=1 cs=1]
                RenderBlock {INPUT} at (3,4) size 12x12
              RenderTableCell {TD} at (655,317) size 63x20 [r=11 c=2 rs=1 cs=1]
                RenderText {#text} at (1,1) size 30x17
                  text run at (1,1) width 30: "after"
              RenderTableCell {TD} at (719,317) size 63x20 [r=11 c=3 rs=1 cs=1]
                RenderText {#text} at (1,1) size 30x17
                  text run at (1,1) width 30: "after"
            RenderTableRow {TR} at (0,348) size 784x38
              RenderTableCell {TD} at (2,348) size 345x38 [r=12 c=0 rs=1 cs=1]
                RenderText {#text} at (1,1) size 332x35
                  text run at (1,1) width 332: "check box with value attribute changed, then turned"
                  text run at (1,19) width 53: "into text"
              RenderTableCell {TD} at (348,354) size 306x26 [r=12 c=1 rs=1 cs=1]
                RenderTextControl {INPUT} at (1,1) size 192x24 [bgcolor=#FFFFFF] [border: (2px inset #000000)]
              RenderTableCell {TD} at (655,357) size 63x20 [r=12 c=2 rs=1 cs=1]
                RenderText {#text} at (1,1) size 30x17
                  text run at (1,1) width 30: "after"
              RenderTableCell {TD} at (719,357) size 63x20 [r=12 c=3 rs=1 cs=1]
                RenderText {#text} at (1,1) size 30x17
                  text run at (1,1) width 30: "after"
            RenderTableRow {TR} at (0,388) size 784x29
              RenderTableCell {TD} at (2,392) size 345x21 [r=13 c=0 rs=1 cs=1]
                RenderText {#text} at (1,0) size 208x19
                  text run at (1,1) width 208: "file with value property changed"
              RenderTableCell {TD} at (348,388) size 306x29 [r=13 c=1 rs=1 cs=1]
                RenderFileUploadControl {INPUT} at (1,1) size 303x27 "no file selected"
                  RenderButton {INPUT} at (0,0) size 102x27 [color=#000000CC] [bgcolor=#C0C0C0] [border: (2px outset #C0C0C0)]
                    RenderBlock (anonymous) at (8,4) size 86x18
                      RenderText at (0,0) size 86x17
                        text run at (0,0) width 86: "Choose File"
              RenderTableCell {TD} at (655,401) size 63x3 [r=13 c=2 rs=1 cs=1]
              RenderTableCell {TD} at (719,392) size 63x21 [r=13 c=3 rs=1 cs=1]
                RenderText {#text} at (1,0) size 41x19
                  text run at (1,1) width 41: "before"
layer at (8,94) size 784x2 clip at (0,0) size 0x0
  RenderBlock {HR} at (0,86) size 784x2 [border: (1px inset #000000)]
layer at (360,132) size 186x18
  RenderBlock {DIV} at (3,3) size 186x18
    RenderText {#text} at (0,0) size 46x17
      text run at (0,0) width 46: "before"
layer at (360,160) size 186x18
  RenderBlock {DIV} at (0,0) size 186x18
    RenderText {#text} at (0,0) size 34x17
      text run at (0,0) width 34: "\x{2022}\x{2022}\x{2022}\x{2022}\x{2022}\x{2022}"
layer at (360,310) size 186x18
  RenderBlock {DIV} at (3,3) size 186x18
    RenderText {#text} at (0,0) size 33x17
      text run at (0,0) width 33: "after"
layer at (360,406) size 186x18
  RenderBlock {DIV} at (3,3) size 186x18
    RenderText {#text} at (0,0) size 33x17
      text run at (0,0) width 33: "after"
layer at (360,486) size 186x18
  RenderBlock {DIV} at (3,3) size 186x18
    RenderText {#text} at (0,0) size 33x17
      text run at (0,0) width 33: "after"
