layer at (0,0) size 800x600
  RenderView at (0,0) size 800x600
layer at (0,0) size 800x600
  RenderBlock {HTML} at (0,0) size 800x600
    RenderBody {BODY} at (8,8) size 784x584
      RenderText {#text} at (0,0) size 451x17
        text run at (0,0) width 451: "This tests that the border of a readonly text field should appear dimmed."
      RenderBR {BR} at (451,0) size 0x18
      RenderTextControl {INPUT} at (0,18) size 191x24 [bgcolor=#FFFFFF] [border: (2px inset #808080)]
      RenderText {#text} at (0,0) size 0x0
layer at (11,29) size 185x18 scrollWidth 216
  RenderBlock {DIV} at (3,3) size 185x18
    RenderText {#text} at (0,0) size 216x17
      text run at (0,0) width 216: "This border should be dimmed"
