layer at (0,0) size 800x600
  RenderView at (0,0) size 800x600
layer at (0,0) size 800x600
  RenderBlock {HTML} at (0,0) size 800x600
    RenderBody {BODY} at (8,8) size 784x584
      RenderBlock {P} at (0,0) size 784x18
        RenderText {#text} at (0,0) size 52x17
          text run at (0,0) width 52: "Test for "
        RenderInline {A} at (0,0) size 69x17 [color=#0000EE]
          RenderText {#text} at (51,0) size 69x17
            text run at (51,0) width 69: "bug 11534"
        RenderText {#text} at (119,0) size 5x17
          text run at (119,0) width 5: "."
      RenderBlock {P} at (0,34) size 784x18
        RenderText {#text} at (0,0) size 351x17
          text run at (0,0) width 351: "Readonly text fields don't scroll when selecting content."
      RenderBlock (anonymous) at (0,68) size 784x28
        RenderTextControl {INPUT} at (2,2) size 191x24 [bgcolor=#FFFFFF] [border: (2px inset #000000)]
        RenderText {#text} at (0,0) size 0x0
      RenderBlock {DIV} at (0,96) size 784x18
        RenderText {#text} at (0,0) size 87x17
          text run at (0,0) width 87: "ScrollLeft: 20"
        RenderBR {BR} at (87,0) size 0x17
layer at (13,81) size 185x18 scrollX 20 scrollWidth 205
  RenderBlock {DIV} at (3,3) size 185x18
    RenderText {#text} at (0,0) size 205x17
      text run at (0,0) width 205: "abcdefghijklmnopqrstuvwxyz"
selection start: position 1 of child 0 {#text} of child 0 {DIV} of {#document-fragment} of child 5 {INPUT} of body
selection end:   position 26 of child 0 {#text} of child 0 {DIV} of {#document-fragment} of child 5 {INPUT} of body
