layer at (0,0) size 800x600
  RenderView at (0,0) size 800x600
layer at (0,0) size 800x600
  RenderBlock {HTML} at (0,0) size 800x600
    RenderBody {BODY} at (8,8) size 784x584
      RenderText {#text} at (0,0) size 661x17
        text run at (0,0) width 661: "This tests that when a list box's options get updated, the list box will recalculate its width, and relayout."
      RenderBR {BR} at (660,0) size 1x17
      RenderListBox {SELECT} at (0,18) size 248x73 [bgcolor=#FFFFFF] [border: (1px inset #808080)]
      RenderText {#text} at (0,0) size 0x0
