layer at (0,0) size 800x600
  RenderView at (0,0) size 800x600
layer at (0,0) size 800x600
  RenderBlock {HTML} at (0,0) size 800x600
    RenderBody {BODY} at (8,8) size 784x584
      RenderText {#text} at (0,0) size 498x17
        text run at (0,0) width 498: "This tests that select elements with a narrow width (1px) are rendered correctly."
      RenderBR {BR} at (497,0) size 1x17
      RenderMenuList {SELECT} at (0,20) size 2x30 [bgcolor=#FFFFFF] [border: (1px solid #000000)]
        RenderBlock (anonymous) at (1,1) size 26x28
          RenderText at (5,5) size 25x17
            text run at (5,5) width 25: "test"
      RenderBR {BR} at (2,26) size 0x17
      RenderMenuList {SELECT} at (0,54) size 2x30 [bgcolor=#0000FF] [border: (1px solid #000000)]
        RenderBlock (anonymous) at (1,1) size 26x28
          RenderText at (5,5) size 25x17
            text run at (5,5) width 25: "test"
      RenderText {#text} at (0,0) size 0x0
