layer at (0,0) size 800x600
  RenderView at (0,0) size 800x600
layer at (0,0) size 800x600
  RenderBlock {HTML} at (0,0) size 800x600
    RenderBody {BODY} at (8,8) size 784x584
      RenderText {#text} at (0,0) size 426x17
        text run at (0,0) width 426: "This tests that we don't honor line-height for styled popup buttons."
      RenderBR {BR} at (425,0) size 1x17
      RenderMenuList {SELECT} at (0,18) size 249x30 [bgcolor=#ADD8E6] [border: (1px solid #000000)]
        RenderBlock (anonymous) at (1,1) size 247x28
          RenderText at (5,5) size 221x17
            text run at (5,5) width 221: "This text should not be clipped."
