layer at (0,0) size 800x600
  RenderView at (0,0) size 800x600
layer at (0,0) size 800x600
  RenderBlock {HTML} at (0,0) size 800x600
    RenderBody {BODY} at (8,8) size 784x584
      RenderBlock (anonymous) at (0,0) size 784x66
        RenderText {#text} at (0,0) size 678x17
          text run at (0,0) width 678: "This tests that when an option is dynamically added to a menu list, and it is too long for the current width,"
        RenderBR {BR} at (677,0) size 1x17
        RenderText {#text} at (0,18) size 375x17
          text run at (0,18) width 375: "that the select automatically recalculates the correct width."
        RenderBR {BR} at (374,18) size 1x17
        RenderMenuList {SELECT} at (0,36) size 169x30 [bgcolor=#FFFFFF] [border: (1px solid #000000)]
          RenderBlock (anonymous) at (1,1) size 167x28
            RenderText at (5,5) size 39x17
              text run at (5,5) width 39: "Short"
        RenderText {#text} at (0,0) size 0x0
      RenderBlock {DIV} at (0,66) size 784x0
