layer at (0,0) size 800x600
  RenderView at (0,0) size 800x600
layer at (0,0) size 800x600
  RenderBlock {HTML} at (0,0) size 800x600
    RenderBody {BODY} at (8,8) size 784x576
      RenderBlock {P} at (0,0) size 784x18
        RenderText {#text} at (0,0) size 54x17
          text run at (0,0) width 54: "Test for "
        RenderInline {I} at (0,0) size 580x17
          RenderInline {A} at (0,0) size 304x17 [color=#0000EE]
            RenderText {#text} at (53,0) size 304x17
              text run at (53,0) width 304: "http://bugs.webkit.org/show_bug.cgi?id=11362"
          RenderText {#text} at (356,0) size 277x17
            text run at (356,0) width 5: " "
            text run at (360,0) width 273: "Native popup with size=\"1\" wraps options"
        RenderText {#text} at (632,0) size 5x17
          text run at (632,0) width 5: "."
      RenderBlock {P} at (0,34) size 784x20
        RenderText {#text} at (0,1) size 36x17
          text run at (0,1) width 36: "With "
        RenderInline {TT} at (0,0) size 63x15
          RenderText {#text} at (35,4) size 63x15
            text run at (35,4) width 63: "size=\"1\""
        RenderText {#text} at (97,1) size 10x17
          text run at (97,1) width 10: ": "
        RenderMenuList {SELECT} at (106,0) size 101x20 [bgcolor=#FFFFFF] [border: (1px solid #000000)]
          RenderBlock (anonymous) at (1,1) size 98x18
            RenderText at (0,0) size 229x17
              text run at (0,0) width 229: "Very long option that does not fit"
        RenderText {#text} at (0,0) size 0x0
      RenderBlock {P} at (0,70) size 784x20
        RenderText {#text} at (0,1) size 56x17
          text run at (0,1) width 56: "Without "
        RenderInline {TT} at (0,0) size 33x15
          RenderText {#text} at (55,4) size 33x15
            text run at (55,4) width 33: "size"
        RenderText {#text} at (87,1) size 9x17
          text run at (87,1) width 9: ": "
        RenderMenuList {SELECT} at (95,0) size 101x20 [bgcolor=#FFFFFF] [border: (1px solid #000000)]
          RenderBlock (anonymous) at (1,1) size 98x18
            RenderText at (0,0) size 229x17
              text run at (0,0) width 229: "Very long option that does not fit"
        RenderText {#text} at (0,0) size 0x0
