layer at (0,0) size 800x600
  RenderView at (0,0) size 800x600
layer at (0,0) size 800x600
  RenderBlock {HTML} at (0,0) size 800x600
    RenderBody {BODY} at (8,8) size 784x584
      RenderBlock {DIV} at (0,0) size 784x6 [border: (3px solid #FFFFFF)]
      RenderBlock (anonymous) at (0,6) size 784x34
        RenderMenuList {SELECT} at (2,2) size 28x30 [bgcolor=#FFFFFF] [border: (1px solid #008000)]
          RenderBlock (anonymous) at (1,1) size 26x28
            RenderText at (5,5) size 0x17
              text run at (5,5) width 0: " "
        RenderText {#text} at (0,0) size 0x0
