layer at (0,0) size 800x600
  RenderView at (0,0) size 800x600
layer at (0,0) size 800x600
  RenderBlock {HTML} at (0,0) size 800x600
    RenderBody {BODY} at (8,8) size 784x584
      RenderMenuList {SELECT} at (0,0) size 79x30 [bgcolor=#FFFFFF] [border: (1px solid #000000)]
        RenderBlock (anonymous) at (1,1) size 77x28
          RenderText at (5,5) size 51x17
            text run at (5,5) width 51: "Default"
      RenderText {#text} at (79,6) size 4x17
        text run at (79,6) width 4: " "
      RenderMenuList {SELECT} at (83,0) size 58x30 [color=#FF0000] [bgcolor=#FFFFFF] [border: (1px solid #FF0000)]
        RenderBlock (anonymous) at (1,1) size 56x28
          RenderText at (5,5) size 30x17
            text run at (5,5) width 30: "Red"
      RenderText {#text} at (141,6) size 4x17
        text run at (141,6) width 4: " "
      RenderMenuList {SELECT} at (145,0) size 147x30 [bgcolor=#008000] [border: (1px solid #000000)]
        RenderBlock (anonymous) at (1,1) size 145x28
          RenderText at (5,5) size 119x17
            text run at (5,5) width 119: "Default on green"
      RenderText {#text} at (292,6) size 4x17
        text run at (292,6) width 4: " "
      RenderMenuList {SELECT} at (296,0) size 125x30 [color=#FF0000] [bgcolor=#008000] [border: (1px solid #FF0000)]
        RenderBlock (anonymous) at (1,1) size 123x28
          RenderText at (5,5) size 97x17
            text run at (5,5) width 97: "Red on green"
      RenderText {#text} at (0,0) size 0x0
