layer at (0,0) size 800x600
  RenderView at (0,0) size 800x600
layer at (0,0) size 800x600
  RenderBlock {HTML} at (0,0) size 800x600
    RenderBody {BODY} at (8,8) size 784x584
      RenderBlock {DIV} at (0,0) size 122x34 [bgcolor=#C3D9FF]
        RenderTable {TABLE} at (0,0) size 122x34
          RenderTableSection {TBODY} at (0,0) size 122x34
            RenderTableRow {TR} at (0,2) size 122x30
              RenderTableCell {TD} at (2,2) size 118x30 [r=0 c=0 rs=1 cs=1]
                RenderTextControl {INPUT} at (1,3) size 116x24 [bgcolor=#FFFFFF] [border: (2px inset #000000)]
                RenderText {#text} at (0,0) size 0x0
layer at (14,16) size 110x18 scrollWidth 150
  RenderBlock {DIV} at (3,3) size 110x18
    RenderText {#text} at (0,0) size 149x17
      text run at (0,0) width 149: "Should fit in blue box"
