layer at (0,0) size 800x600
  RenderView at (0,0) size 800x600
layer at (0,0) size 800x600
  RenderBlock {HTML} at (0,0) size 800x600
    RenderBody {BODY} at (8,8) size 784x584
      RenderText {#text} at (0,0) size 340x17
        text run at (0,0) width 109: "TEST PASSED: "
        text run at (108,0) width 232: "If the popup menu only says \"Text\"."
      RenderBR {BR} at (339,0) size 1x17
      RenderText {#text} at (0,18) size 422x17
        text run at (0,18) width 107: "TEST FAILED: "
        text run at (106,18) width 316: "If the popup menu says \"document.write('Text')\"."
      RenderBR {BR} at (421,18) size 1x17
      RenderMenuList {SELECT} at (0,36) size 58x30 [bgcolor=#FFFFFF] [border: (1px solid #000000)]
        RenderBlock (anonymous) at (1,1) size 56x28
          RenderText at (5,5) size 30x17
            text run at (5,5) width 30: "Text"
      RenderText {#text} at (0,0) size 0x0
