layer at (0,0) size 800x600
  RenderView at (0,0) size 800x600
layer at (0,0) size 800x600
  RenderBlock {HTML} at (0,0) size 800x600
    RenderBody {BODY} at (8,8) size 784x584
      RenderBlock {P} at (0,0) size 784x18
        RenderText {#text} at (0,0) size 411x17
          text run at (0,0) width 411: "All of these selects should have the same amount of whitespace."
      RenderBlock (anonymous) at (0,34) size 784x308
        RenderText {#text} at (0,52) size 71x17
          text run at (0,52) width 71: "Five Tabs: "
        RenderListBox {SELECT} at (70,0) size 91x73 [bgcolor=#FFFFFF] [border: (1px inset #808080)]
        RenderBR {BR} at (160,52) size 1x17
        RenderBR {BR} at (0,73) size 0x17
        RenderText {#text} at (0,143) size 86x17
          text run at (0,143) width 86: "Five Spaces: "
        RenderListBox {SELECT} at (85,91) size 91x73 [bgcolor=#FFFFFF] [border: (1px inset #808080)]
        RenderBR {BR} at (175,143) size 1x17
        RenderBR {BR} at (0,164) size 0x17
        RenderText {#text} at (0,188) size 306x17
          text run at (0,188) width 306: "Five Spaces (with leading/trailing whitespace): "
        RenderMenuList {SELECT} at (305,182) size 118x30 [bgcolor=#FFFFFF] [border: (1px solid #000000)]
          RenderBlock (anonymous) at (1,1) size 115x28
            RenderText at (5,5) size 89x17
              text run at (5,5) width 89: "Five Spaces"
        RenderBR {BR} at (422,188) size 1x17
        RenderBR {BR} at (0,212) size 0x17
        RenderText {#text} at (0,236) size 291x17
          text run at (0,236) width 291: "Five Tabs (with leading/trailing whitespace): "
        RenderMenuList {SELECT} at (290,230) size 98x30 [bgcolor=#FFFFFF] [border: (1px solid #000000)]
          RenderBlock (anonymous) at (1,1) size 95x28
            RenderText at (5,5) size 69x17
              text run at (5,5) width 69: "Five Tabs"
        RenderBR {BR} at (387,236) size 1x17
        RenderBR {BR} at (0,260) size 0x17
        RenderText {#text} at (0,284) size 129x17
          text run at (0,284) width 129: "Mixed Whitespace: "
        RenderMenuList {SELECT} at (128,278) size 98x30 [bgcolor=#FFFFFF] [border: (1px solid #000000)]
          RenderBlock (anonymous) at (1,1) size 95x28
            RenderText at (5,5) size 69x17
              text run at (5,5) width 69: "Five Tabs"
        RenderText {#text} at (0,0) size 0x0
