layer at (0,0) size 800x600
  RenderView at (0,0) size 800x600
layer at (0,0) size 800x600
  RenderBlock {HTML} at (0,0) size 800x600
    RenderBody {BODY} at (8,8) size 784x584
      RenderTextControl {INPUT} at (2,2) size 208x24 [bgcolor=#FFFFFF] [border: (2px inset #000000)]
        RenderFlexibleBox {DIV} at (3,3) size 202x18
          RenderBlock {DIV} at (0,9) size 0x0
          RenderBlock {DIV} at (0,0) size 186x18
      RenderBR {BR} at (212,5) size 0x17
      RenderTextControl {INPUT} at (2,30) size 192x24 [bgcolor=#FFFFFF] [border: (2px inset #000000)]
      RenderBR {BR} at (196,33) size 0x17
      RenderTextControl {INPUT} at (2,58) size 207x24 [bgcolor=#FFFFFF] [border: (2px inset #000000)]
        RenderFlexibleBox {DIV} at (3,3) size 201x18
          RenderBlock {DIV} at (201,9) size 0x0
          RenderBlock {DIV} at (16,0) size 185x18
      RenderBR {BR} at (211,61) size 0x17
      RenderTextControl {INPUT} at (2,86) size 224x24 [bgcolor=#FFFFFF] [border: (2px inset #000000)]
        RenderFlexibleBox {DIV} at (3,3) size 218x18
          RenderBlock {DIV} at (16,0) size 186x18
      RenderBR {BR} at (228,89) size 0x17
      RenderBR {BR} at (205,144) size 0x17
      RenderTextControl {INPUT} at (2,160) size 192x38 [bgcolor=#FFFFFF] [border: (2px inset #000000)]
      RenderBR {BR} at (196,163) size 0x17
      RenderBR {BR} at (205,245) size 0x17
      RenderTextControl {INPUT} at (5,264) size 179x29 [bgcolor=#FFFFFF] [border: (5px solid #000000)]
      RenderBR {BR} at (189,270) size 0x17
      RenderTextControl {INPUT} at (2,300) size 192x31 [bgcolor=#FFFFFF] [border: (2px inset #000000)]
      RenderText {#text} at (196,307) size 4x17
        text run at (196,307) width 4: " "
      RenderTextControl {INPUT} at (202,300) size 192x31 [bgcolor=#FFFFFF] [border: (2px inset #000000)]
      RenderText {#text} at (396,307) size 4x17
        text run at (396,307) width 4: " "
      RenderBR {BR} at (400,307) size 0x17
      RenderTextControl {INPUT} at (2,335) size 192x24 [bgcolor=#FFFFFF] [border: (2px inset #000000)]
      RenderText {#text} at (196,338) size 4x17
        text run at (196,338) width 4: " "
      RenderTextControl {INPUT} at (202,335) size 192x24 [bgcolor=#FFFFFF] [border: (2px inset #000000)]
      RenderText {#text} at (396,338) size 4x17
        text run at (396,338) width 4: " "
      RenderTextControl {INPUT} at (402,335) size 192x24 [bgcolor=#FFFFFF] [border: (2px inset #000000)]
      RenderText {#text} at (596,338) size 4x17
        text run at (596,338) width 4: " "
      RenderBR {BR} at (600,338) size 0x17
      RenderBR {BR} at (196,380) size 0x17
layer at (13,13) size 186x18
  RenderBlock {DIV} at (3,3) size 186x18 [color=#A9A9A9]
    RenderText {#text} at (0,0) size 84x17
      text run at (0,0) width 84: "placeholder"
layer at (13,13) size 186x18
  RenderBlock {DIV} at (0,0) size 186x18
layer at (13,41) size 186x18
  RenderBlock {DIV} at (3,3) size 186x18 [color=#A9A9A9]
    RenderText {#text} at (0,0) size 84x17
      text run at (0,0) width 84: "placeholder"
layer at (13,41) size 186x18
  RenderBlock {DIV} at (3,3) size 186x18
layer at (29,69) size 185x18
  RenderBlock {DIV} at (19,3) size 185x18 [color=#A9A9A9]
    RenderText {#text} at (101,0) size 84x17
      text run at (101,0) width 84: "placeholder"
layer at (29,69) size 185x18
  RenderBlock {DIV} at (0,0) size 185x18
layer at (29,97) size 186x18
  RenderBlock {DIV} at (19,3) size 186x18 [color=#A9A9A9]
    RenderText {#text} at (0,0) size 84x17
      text run at (0,0) width 84: "placeholder"
layer at (29,97) size 186x18
  RenderBlock {DIV} at (0,0) size 186x18
layer at (10,122) size 201x42 clip at (11,123) size 199x40
  RenderTextControl {TEXTAREA} at (2,114) size 201x42 [bgcolor=#FFFFFF] [border: (1px solid #000000)]
    RenderBlock {DIV} at (3,3) size 195x18
    RenderBlock {DIV} at (3,3) size 195x18 [color=#A9A9A9]
      RenderText {#text} at (0,0) size 84x17
        text run at (0,0) width 84: "placeholder"
layer at (13,171) size 186x18
  RenderBlock {DIV} at (3,3) size 186x18 [color=#A9A9A9]
    RenderText {#text} at (0,0) size 84x17
      text run at (0,0) width 84: "placeholder"
layer at (13,171) size 186x18
  RenderBlock {DIV} at (3,3) size 186x18
layer at (10,210) size 201x55 clip at (11,211) size 199x53
  RenderTextControl {TEXTAREA} at (2,202) size 201x55 [bgcolor=#FFFFFF] [border: (1px solid #000000)]
    RenderBlock {DIV} at (3,16) size 195x18
    RenderBlock {DIV} at (3,16) size 195x18 [color=#A9A9A9]
      RenderText {#text} at (0,0) size 84x17
        text run at (0,0) width 84: "placeholder"
layer at (19,278) size 167x17
  RenderBlock {DIV} at (6,6) size 167x17 [color=#A9A9A9]
    RenderText {#text} at (0,0) size 75x17
      text run at (0,0) width 75: "placeholder"
layer at (19,278) size 167x17
  RenderBlock {DIV} at (6,6) size 167x17
layer at (13,311) size 186x25
  RenderBlock {DIV} at (3,3) size 186x25
    RenderText {#text} at (0,4) size 41x17
      text run at (0,4) width 41: "Value"
layer at (213,315) size 186x18
  RenderBlock {DIV} at (3,6) size 186x19 [color=#A9A9A9]
    RenderText {#text} at (0,0) size 84x17
      text run at (0,0) width 84: "placeholder"
layer at (213,311) size 186x25
  RenderBlock {DIV} at (3,3) size 186x25
layer at (13,346) size 186x18
  RenderBlock {DIV} at (3,3) size 186x18
    RenderText {#text} at (72,0) size 42x17
      text run at (72,0) width 42: "Value"
layer at (213,346) size 186x18
  RenderBlock {DIV} at (3,3) size 186x18 [color=#A9A9A9]
    RenderText {#text} at (51,0) size 84x17
      text run at (51,0) width 84: "placeholder"
layer at (213,346) size 186x18
  RenderBlock {DIV} at (3,3) size 186x18
layer at (413,346) size 186x18
  RenderBlock {DIV} at (3,3) size 186x18 [color=#A9A9A9]
    RenderText {#text} at (51,0) size 84x17
      text run at (51,0) width 84: "placeholder"
layer at (413,346) size 186x18
  RenderBlock {DIV} at (3,3) size 186x18
layer at (13,98) size 16x16
  RenderBlock {DIV} at (0,1) size 16x16 [bgcolor=#000000]
layer at (10,371) size 192x38
  RenderTextControl {INPUT} at (2,363) size 192x38 [bgcolor=#FFFFFF] [border: (2px inset #000000)]
layer at (13,388) size 186x18
  RenderBlock {DIV} at (3,17) size 186x18 [color=#A9A9A9]
    RenderText {#text} at (0,0) size 84x17
      text run at (0,0) width 84: "placeholder"
layer at (13,388) size 186x18
  RenderBlock {DIV} at (3,17) size 186x18
