layer at (0,0) size 800x600
  RenderView at (0,0) size 800x600
layer at (0,0) size 800x205
  RenderBlock {HTML} at (0,0) size 800x205
    RenderBody {BODY} at (8,8) size 784x189
      RenderTextControl {INPUT} at (2,2) size 207x23 [bgcolor=#FFFFFF] [border: (2px inset #000000)]
        RenderFlexibleBox {DIV} at (3,3) size 201x17
          RenderBlock {DIV} at (0,8) size 0x1
          RenderBlock {DIV} at (0,0) size 185x17
          RenderBlock {DIV} at (185,0) size 16x17
      RenderText {#text} at (211,5) size 4x17
        text run at (211,5) width 4: " "
      RenderBR {BR} at (0,0) size 0x0
      RenderTextControl {INPUT} at (2,29) size 207x23 [bgcolor=#FFFFFF] [border: (2px inset #000000)]
        RenderFlexibleBox {DIV} at (3,3) size 201x17
          RenderBlock {DIV} at (0,8) size 0x1
          RenderBlock {DIV} at (0,0) size 185x17
          RenderBlock {DIV} at (185,0) size 16x17
      RenderText {#text} at (211,32) size 4x17
        text run at (211,32) width 4: " "
      RenderBR {BR} at (0,0) size 0x0
      RenderTextControl {INPUT} at (2,56) size 223x23 [bgcolor=#FFFFFF] [border: (2px inset #000000)]
        RenderFlexibleBox {DIV} at (3,3) size 217x17
          RenderBlock {DIV} at (0,0) size 16x17
          RenderBlock {DIV} at (16,0) size 185x17
          RenderBlock {DIV} at (201,0) size 16x17
      RenderText {#text} at (227,59) size 4x17
        text run at (227,59) width 4: " "
      RenderBR {BR} at (0,0) size 0x0
      RenderTextControl {INPUT} at (2,83) size 223x23 [bgcolor=#FFFFFF] [border: (2px inset #000000)]
        RenderFlexibleBox {DIV} at (3,3) size 217x17
          RenderBlock {DIV} at (0,0) size 16x17
          RenderBlock {DIV} at (16,0) size 185x17
          RenderBlock {DIV} at (201,0) size 16x17
      RenderText {#text} at (227,86) size 4x17
        text run at (227,86) width 4: " "
      RenderBR {BR} at (0,0) size 0x0
      RenderTextControl {INPUT} at (2,110) size 223x23 [bgcolor=#FFFFFF] [border: (2px inset #000000)]
        RenderFlexibleBox {DIV} at (3,3) size 217x17
          RenderBlock {DIV} at (0,0) size 16x17
          RenderBlock {DIV} at (16,0) size 185x17
          RenderBlock {DIV} at (201,0) size 16x17
      RenderText {#text} at (227,113) size 4x17
        text run at (227,113) width 4: " "
      RenderBR {BR} at (0,0) size 0x0
      RenderTextControl {INPUT} at (2,137) size 223x23 [bgcolor=#FFFFFF] [border: (2px inset #000000)]
        RenderFlexibleBox {DIV} at (3,3) size 217x17
          RenderBlock {DIV} at (0,0) size 16x17
          RenderBlock {DIV} at (16,0) size 185x17
          RenderBlock {DIV} at (201,0) size 16x17
      RenderText {#text} at (227,140) size 4x17
        text run at (227,140) width 4: " "
      RenderBR {BR} at (0,0) size 0x0
      RenderTextControl {INPUT} at (2,164) size 403x23 [bgcolor=#FFFFFF] [border: (2px inset #000000)]
        RenderFlexibleBox {DIV} at (3,3) size 397x17
          RenderBlock {DIV} at (0,0) size 16x17
          RenderBlock {DIV} at (16,0) size 365x17
          RenderBlock {DIV} at (381,0) size 16x17
      RenderText {#text} at (0,0) size 0x0
layer at (13,13) size 185x17
  RenderBlock {DIV} at (0,0) size 185x17
layer at (13,40) size 185x17
  RenderBlock {DIV} at (0,0) size 185x17
    RenderText {#text} at (0,0) size 180x17
      text run at (0,0) width 180: "12345678901234567890"
layer at (29,67) size 185x17
  RenderBlock {DIV} at (0,0) size 185x17
layer at (29,94) size 185x17
  RenderBlock {DIV} at (0,0) size 185x17
    RenderText {#text} at (0,0) size 180x17
      text run at (0,0) width 180: "12345678901234567890"
layer at (29,121) size 185x17
  RenderBlock {DIV} at (0,0) size 185x17
layer at (29,148) size 185x17
  RenderBlock {DIV} at (0,0) size 185x17
    RenderText {#text} at (0,0) size 180x17
      text run at (0,0) width 180: "12345678901234567890"
layer at (29,175) size 365x17
  RenderBlock {DIV} at (0,0) size 365x17
    RenderText {#text} at (0,0) size 360x17
      text run at (0,0) width 360: "1234567890123456789012345678901234567890"
