layer at (0,0) size 800x600
  RenderView at (0,0) size 800x600
layer at (0,0) size 800x64
  RenderBlock {HTML} at (0,0) size 800x64
    RenderBody {BODY} at (8,8) size 784x48
      RenderBlock {DIV} at (0,0) size 784x24
        RenderText {#text} at (619,3) size 165x17
          text run at (619,3) width 9 RTL: ": "
          text run at (627,3) width 157: "right to left search fields"
        RenderTextControl {INPUT} at (428,0) size 192x24 [bgcolor=#FFFFFF] [border: (2px inset #000000)]
          RenderFlexibleBox {DIV} at (3,3) size 185x18
            RenderBlock {DIV} at (185,9) size 0x0
            RenderBlock {DIV} at (16,0) size 169x18
        RenderText {#text} at (424,3) size 5x17
          text run at (424,3) width 5 RTL: " "
        RenderTextControl {INPUT} at (233,0) size 192x24 [bgcolor=#FFFFFF] [border: (2px inset #000000)]
          RenderFlexibleBox {DIV} at (3,3) size 185x18
            RenderBlock {DIV} at (16,0) size 153x18
        RenderText {#text} at (0,0) size 0x0
      RenderBlock {DIV} at (0,24) size 784x24
        RenderText {#text} at (0,3) size 165x17
          text run at (0,3) width 165: "left to right search fields: "
        RenderTextControl {INPUT} at (164,0) size 193x24 [bgcolor=#FFFFFF] [border: (2px inset #000000)]
          RenderFlexibleBox {DIV} at (3,3) size 186x18
            RenderBlock {DIV} at (0,9) size 0x0
            RenderBlock {DIV} at (0,0) size 170x18
        RenderText {#text} at (356,3) size 5x17
          text run at (356,3) width 5: " "
        RenderTextControl {INPUT} at (360,0) size 193x24 [bgcolor=#FFFFFF] [border: (2px inset #000000)]
          RenderFlexibleBox {DIV} at (3,3) size 186x18
            RenderBlock {DIV} at (16,0) size 154x18
        RenderText {#text} at (0,0) size 0x0
layer at (455,11) size 169x18
  RenderBlock {DIV} at (0,0) size 169x18
    RenderText {#text} at (123,0) size 46x17
      text run at (123,0) width 46: "foobar"
layer at (260,11) size 153x18
  RenderBlock {DIV} at (0,0) size 153x18
    RenderText {#text} at (107,0) size 46x17
      text run at (107,0) width 46: "foobar"
layer at (176,35) size 170x18
  RenderBlock {DIV} at (0,0) size 170x18
    RenderText {#text} at (0,0) size 46x17
      text run at (0,0) width 46: "foobar"
layer at (388,35) size 154x18
  RenderBlock {DIV} at (0,0) size 154x18
    RenderText {#text} at (0,0) size 46x17
      text run at (0,0) width 46: "foobar"
layer at (439,12) size 16x16
  RenderBlock {DIV} at (0,1) size 16x16 [bgcolor=#000000]
layer at (413,12) size 16x16
  RenderBlock {DIV} at (169,1) size 16x16 [bgcolor=#000000]
layer at (244,12) size 16x16
  RenderBlock {DIV} at (0,1) size 16x16 [bgcolor=#000000]
layer at (346,36) size 16x16
  RenderBlock {DIV} at (170,1) size 16x16 [bgcolor=#000000]
layer at (372,36) size 16x16
  RenderBlock {DIV} at (0,1) size 16x16 [bgcolor=#000000]
layer at (542,36) size 16x16
  RenderBlock {DIV} at (170,1) size 16x16 [bgcolor=#000000]
