layer at (0,0) size 800x600
  RenderView at (0,0) size 800x600
layer at (0,0) size 800x600
  RenderBlock {HTML} at (0,0) size 800x600
    RenderBody {BODY} at (8,8) size 784x584
      RenderBlock {P} at (0,0) size 784x18
        RenderText {#text} at (0,0) size 385x17
          text run at (0,0) width 385: "Only the second search field should have a cancel button (\x{D7})."
      RenderBlock (anonymous) at (0,34) size 784x28
        RenderTextControl {INPUT} at (2,2) size 208x24 [bgcolor=#FFFFFF] [border: (2px inset #000000)]
          RenderFlexibleBox {DIV} at (3,3) size 202x18
            RenderBlock {DIV} at (0,9) size 0x0
            RenderBlock {DIV} at (0,0) size 186x18
        RenderText {#text} at (212,5) size 4x17
          text run at (212,5) width 4: " "
        RenderTextControl {INPUT} at (218,2) size 208x24 [bgcolor=#FFFFFF] [border: (2px inset #000000)]
          RenderFlexibleBox {DIV} at (3,3) size 202x18
            RenderBlock {DIV} at (0,9) size 0x0
            RenderBlock {DIV} at (0,0) size 186x18
        RenderText {#text} at (0,0) size 0x0
layer at (13,47) size 186x18
  RenderBlock {DIV} at (0,0) size 186x18
layer at (229,47) size 186x18
  RenderBlock {DIV} at (0,0) size 186x18
    RenderText {#text} at (0,0) size 56x17
      text run at (0,0) width 56: "this one"
layer at (415,48) size 16x16
  RenderBlock {DIV} at (186,1) size 16x16 [bgcolor=#000000]
