layer at (0,0) size 800x600
  RenderView at (0,0) size 800x600
layer at (0,0) size 800x600
  RenderBlock {HTML} at (0,0) size 800x600
    RenderBody {BODY} at (8,8) size 784x584
      RenderText {#text} at (0,0) size 499x17
        text run at (0,0) width 499: "This tests that the display:none style will work on a search field's cancel button."
      RenderBR {BR} at (499,0) size 0x18
      RenderTextControl {INPUT} at (0,18) size 192x24 [bgcolor=#FFFFFF] [border: (2px inset #808080)]
        RenderFlexibleBox {DIV} at (3,3) size 186x18
          RenderBlock {DIV} at (0,9) size 0x0
          RenderBlock {DIV} at (0,0) size 186x18
      RenderText {#text} at (0,0) size 0x0
layer at (11,29) size 186x18
  RenderBlock {DIV} at (0,0) size 186x18
    RenderText {#text} at (0,0) size 25x17
      text run at (0,0) width 25: "test"
