layer at (0,0) size 800x600
  RenderView at (0,0) size 800x600
layer at (0,0) size 800x600
  RenderBlock {HTML} at (0,0) size 800x600
    RenderBody {BODY} at (8,8) size 784x584
      RenderMenuList {SELECT} at (2,2) size 333x30 [bgcolor=#FFFFFF] [border: (1px solid #000000)]
        RenderBlock (anonymous) at (1,1) size 331x28
          RenderText at (5,5) size 219x17
            text run at (5,5) width 219: "should see this option selected"
      RenderText {#text} at (0,0) size 0x0
