layer at (0,0) size 800x600
  RenderView at (0,0) size 800x600
layer at (0,0) size 800x600
  RenderBlock {HTML} at (0,0) size 800x600
    RenderBody {BODY} at (8,8) size 784x584
      RenderText {#text} at (0,0) size 474x17
        text run at (0,0) width 474: "This tests that empty select controls and buttons have the correct baseline."
      RenderBR {BR} at (473,0) size 1x17
      RenderMenuList {SELECT} at (0,18) size 28x30 [bgcolor=#FFFFFF] [border: (1px solid #000000)]
        RenderBlock (anonymous) at (1,1) size 26x28
          RenderText at (5,5) size 0x17
            text run at (5,5) width 0: " "
      RenderText {#text} at (28,24) size 31x17
        text run at (28,24) width 31: " test "
      RenderMenuList {SELECT} at (58,18) size 55x30 [bgcolor=#FFFFFF] [border: (1px solid #000000)]
        RenderBlock (anonymous) at (1,1) size 52x28
          RenderText at (5,5) size 26x17
            text run at (5,5) width 26: "test"
      RenderText {#text} at (112,24) size 5x17
        text run at (112,24) width 5: " "
      RenderMenuList {SELECT} at (116,18) size 29x30 [color=#00008B] [bgcolor=#ADD8E6] [border: (1px solid #00008B)]
        RenderBlock (anonymous) at (1,1) size 26x28
          RenderText at (5,5) size 0x17
            text run at (5,5) width 0: " "
      RenderText {#text} at (144,24) size 31x17
        text run at (144,24) width 31: " test "
      RenderMenuList {SELECT} at (174,18) size 55x30 [color=#00008B] [bgcolor=#ADD8E6] [border: (1px solid #00008B)]
        RenderBlock (anonymous) at (1,1) size 52x28
          RenderText at (5,5) size 26x17
            text run at (5,5) width 26: "test"
      RenderText {#text} at (228,24) size 5x17
        text run at (228,24) width 5: " "
      RenderButton {BUTTON} at (232,34) size 17x9 [color=#000000CC] [bgcolor=#C0C0C0] [border: (2px outset #C0C0C0)]
      RenderText {#text} at (248,24) size 5x17
        text run at (248,24) width 5: " "
      RenderButton {BUTTON} at (252,20) size 43x27 [color=#000000CC] [bgcolor=#C0C0C0] [border: (2px outset #C0C0C0)]
        RenderBlock (anonymous) at (8,4) size 26x18
          RenderText {#text} at (0,0) size 26x17
            text run at (0,0) width 26: "test"
      RenderText {#text} at (294,24) size 5x17
        text run at (294,24) width 5: " "
      RenderButton {BUTTON} at (298,34) size 17x9 [color=#00008B] [bgcolor=#ADD8E6] [border: (2px outset #C0C0C0)]
      RenderText {#text} at (314,24) size 5x17
        text run at (314,24) width 5: " "
      RenderButton {BUTTON} at (318,20) size 43x27 [color=#00008B] [bgcolor=#ADD8E6] [border: (2px outset #C0C0C0)]
        RenderBlock (anonymous) at (8,4) size 26x18
          RenderText {#text} at (0,0) size 26x17
            text run at (0,0) width 26: "test"
      RenderText {#text} at (0,0) size 0x0
