layer at (0,0) size 800x600
  RenderView at (0,0) size 800x600
layer at (0,0) size 800x600
  RenderBlock {HTML} at (0,0) size 800x600
    RenderBody {BODY} at (8,8) size 784x584
      RenderBlock {P} at (0,0) size 784x18
        RenderText {#text} at (0,0) size 575x17
          text run at (0,0) width 575: "The following select elements should all be rendered on the left, with their text left justified."
      RenderBlock (anonymous) at (0,34) size 784x150
        RenderMenuList {SELECT} at (0,0) size 300x30 [bgcolor=#FFFFFF] [border: (1px solid #000000)]
          RenderBlock (anonymous) at (1,1) size 298x28
            RenderText at (5,5) size 209x17
              text run at (5,5) width 209: "This is should be left justified."
        RenderBR {BR} at (300,6) size 0x18
        RenderMenuList {SELECT} at (0,30) size 300x30 [bgcolor=#FFFFFF] [border: (1px solid #000000)]
          RenderBlock (anonymous) at (1,1) size 298x28
            RenderText at (5,5) size 209x17
              text run at (5,5) width 209: "This is should be left justified."
        RenderBR {BR} at (300,36) size 0x18
        RenderMenuList {SELECT} at (0,60) size 300x30 [bgcolor=#FFFFFF] [border: (1px solid #000000)]
          RenderBlock (anonymous) at (1,1) size 298x28
            RenderText at (5,5) size 209x17
              text run at (5,5) width 209: "This is should be left justified."
        RenderBR {BR} at (300,66) size 0x18
        RenderMenuList {SELECT} at (0,90) size 300x30 [bgcolor=#FFFFFF] [border: (1px solid #000000)]
          RenderBlock (anonymous) at (1,1) size 298x28
            RenderText at (5,5) size 209x17
              text run at (5,5) width 209: "This is should be left justified."
        RenderBR {BR} at (300,96) size 0x18
        RenderMenuList {SELECT} at (0,120) size 300x30 [bgcolor=#FFFFFF] [border: (1px solid #000000)]
          RenderBlock (anonymous) at (1,1) size 298x28
            RenderText at (5,5) size 209x17
              text run at (5,5) width 209: "This is should be left justified."
        RenderText {#text} at (0,0) size 0x0
        RenderText {#text} at (0,0) size 0x0
      RenderBlock {DIV} at (0,184) size 784x30
        RenderMenuList {SELECT} at (0,0) size 300x30 [bgcolor=#FFFFFF] [border: (1px solid #000000)]
          RenderBlock (anonymous) at (1,1) size 298x28
            RenderText at (5,5) size 209x17
              text run at (5,5) width 209: "This is should be left justified."
