layer at (0,0) size 800x600
  RenderView at (0,0) size 800x600
layer at (0,0) size 800x600
  RenderBlock {HTML} at (0,0) size 800x600
    RenderBody {BODY} at (8,8) size 784x584
      RenderBlock {P} at (0,0) size 784x36
        RenderText {#text} at (0,0) size 52x17
          text run at (0,0) width 52: "Test for "
        RenderInline {I} at (0,0) size 771x35
          RenderInline {A} at (0,0) size 302x17 [color=#0000EE]
            RenderText {#text} at (51,0) size 302x17
              text run at (51,0) width 302: "http://bugs.webkit.org/show_bug.cgi?id=12364"
          RenderText {#text} at (352,0) size 771x35
            text run at (352,0) width 5: " "
            text run at (356,0) width 415: "REGRESSSION (NativeListBox): Selected option's background is"
            text run at (0,18) width 158: "not clipped to the list box"
        RenderText {#text} at (158,18) size 4x17
          text run at (158,18) width 4: "."
      RenderBlock (anonymous) at (0,52) size 784x70
        RenderListBox {SELECT} at (2,0) size 67x70 [bgcolor=#FFFFFF] [border: (3px solid #0000FF)]
        RenderText {#text} at (0,0) size 0x0
        RenderText {#text} at (0,0) size 0x0
