layer at (0,0) size 800x600
  RenderView at (0,0) size 800x600
layer at (0,0) size 800x600
  RenderBlock {HTML} at (0,0) size 800x600
    RenderBody {BODY} at (8,8) size 784x584
      RenderBlock {P} at (0,0) size 784x38
        RenderText {#text} at (0,1) size 64x17
          text run at (0,1) width 64: "Test for "
        RenderInline {I} at (0,0) size 765x36
          RenderInline {A} at (0,0) size 380x17 [color=#0000EE]
            RenderText {#text} at (63,1) size 380x17
              text run at (63,1) width 380: "http://bugs.webkit.org/show_bug.cgi?id=13775"
          RenderText {#text} at (442,1) size 765x36
            text run at (442,1) width 6: " "
            text run at (447,1) width 318: "REGRESSION: Popup button text should"
            text run at (0,20) width 531: "use \"natural\" directionality to match the items in the popup menu"
        RenderText {#text} at (530,20) size 6x17
          text run at (530,20) width 6: "."
      RenderBlock {DIV} at (0,54) size 784x60
        RenderBlock {DIV} at (0,0) size 784x30
          RenderMenuList {SELECT} at (0,0) size 70x30 [bgcolor=#FFFFFF] [border: (1px solid #000000)]
            RenderBlock (anonymous) at (1,1) size 68x28
              RenderText at (5,5) size 21x17
                text run at (5,5) width 11 RTL: "\x{5D0}"
                text run at (15,5) width 11: "A"
          RenderText {#text} at (70,6) size 6x17
            text run at (70,6) width 6: " "
          RenderMenuList {SELECT} at (75,0) size 71x30 [bgcolor=#FFFFFF] [border: (1px solid #000000)]
            RenderBlock (anonymous) at (1,1) size 68x28
              RenderText at (5,5) size 21x17
                text run at (5,5) width 11: "A"
                text run at (15,5) width 11 RTL: "\x{5D0}"
          RenderText {#text} at (145,6) size 6x17
            text run at (145,6) width 6: " "
          RenderMenuList {SELECT} at (150,0) size 71x30 [bgcolor=#FFFFFF] [border: (1px solid #000000)]
            RenderBlock (anonymous) at (1,1) size 68x28
              RenderText at (5,5) size 27x17
                text run at (5,5) width 6: "("
                text run at (10,5) width 11 RTL: "\x{5D0}"
                text run at (20,5) width 12: "A"
          RenderText {#text} at (220,6) size 6x17
            text run at (220,6) width 6: " "
          RenderMenuList {SELECT} at (225,0) size 71x30 [bgcolor=#FFFFFF] [border: (1px solid #000000)]
            RenderBlock (anonymous) at (1,1) size 68x28
              RenderText at (5,5) size 27x17
                text run at (5,5) width 16: "(A"
                text run at (21,5) width 11 RTL: "\x{5D0}"
          RenderText {#text} at (0,0) size 0x0
        RenderBlock {DIV} at (0,30) size 784x30
          RenderMenuList {SELECT} at (488,0) size 71x30 [bgcolor=#FFFFFF] [border: (1px solid #000000)]
            RenderBlock (anonymous) at (1,1) size 68x28
              RenderText at (5,5) size 21x17
                text run at (5,5) width 11 RTL: "\x{5D0}"
                text run at (15,5) width 11: "A"
          RenderText {#text} at (558,6) size 6x17
            text run at (558,6) width 6: " "
          RenderMenuList {SELECT} at (563,0) size 71x30 [bgcolor=#FFFFFF] [border: (1px solid #000000)]
            RenderBlock (anonymous) at (1,1) size 68x28
              RenderText at (5,5) size 21x17
                text run at (5,5) width 11: "A"
                text run at (15,5) width 11 RTL: "\x{5D0}"
          RenderText {#text} at (633,6) size 6x17
            text run at (633,6) width 6: " "
          RenderMenuList {SELECT} at (638,0) size 71x30 [bgcolor=#FFFFFF] [border: (1px solid #000000)]
            RenderBlock (anonymous) at (1,1) size 68x28
              RenderText at (5,5) size 27x17
                text run at (5,5) width 6: "("
                text run at (10,5) width 11 RTL: "\x{5D0}"
                text run at (20,5) width 12: "A"
          RenderText {#text} at (708,6) size 6x17
            text run at (708,6) width 6: " "
          RenderMenuList {SELECT} at (714,0) size 70x30 [bgcolor=#FFFFFF] [border: (1px solid #000000)]
            RenderBlock (anonymous) at (1,1) size 68x28
              RenderText at (5,5) size 27x17
                text run at (5,5) width 16: "(A"
                text run at (21,5) width 11 RTL: "\x{5D0}"
          RenderText {#text} at (0,0) size 0x0
      RenderBlock {DIV} at (0,114) size 784x60
        RenderBlock {DIV} at (0,0) size 784x30
          RenderMenuList {SELECT} at (225,0) size 71x30 [bgcolor=#FFFFFF] [border: (1px solid #000000)]
            RenderBlock (anonymous) at (1,1) size 68x28
              RenderText at (42,5) size 21x17
                text run at (42,5) width 11: "A"
                text run at (52,5) width 11 RTL: "\x{5D0}"
          RenderText {#text} at (220,6) size 6x17
            text run at (220,6) width 6 RTL: " "
          RenderMenuList {SELECT} at (150,0) size 71x30 [bgcolor=#FFFFFF] [border: (1px solid #000000)]
            RenderBlock (anonymous) at (1,1) size 68x28
              RenderText at (42,5) size 21x17
                text run at (42,5) width 11 RTL: "\x{5D0}"
                text run at (52,5) width 11: "A"
          RenderText {#text} at (145,6) size 6x17
            text run at (145,6) width 6 RTL: " "
          RenderMenuList {SELECT} at (75,0) size 71x30 [bgcolor=#FFFFFF] [border: (1px solid #000000)]
            RenderBlock (anonymous) at (1,1) size 68x28
              RenderText at (36,5) size 27x17
                text run at (36,5) width 12: "A"
                text run at (47,5) width 16 RTL: "(\x{5D0}"
          RenderText {#text} at (70,6) size 6x17
            text run at (70,6) width 6 RTL: " "
          RenderMenuList {SELECT} at (0,0) size 70x30 [bgcolor=#FFFFFF] [border: (1px solid #000000)]
            RenderBlock (anonymous) at (1,1) size 68x28
              RenderText at (36,5) size 27x17
                text run at (36,5) width 11 RTL: "\x{5D0}"
                text run at (47,5) width 11: "A"
                text run at (57,5) width 6 RTL: "("
          RenderText {#text} at (0,0) size 0x0
        RenderBlock {DIV} at (0,30) size 784x30
          RenderMenuList {SELECT} at (714,0) size 70x30 [bgcolor=#FFFFFF] [border: (1px solid #000000)]
            RenderBlock (anonymous) at (1,1) size 68x28
              RenderText at (42,5) size 21x17
                text run at (42,5) width 11: "A"
                text run at (52,5) width 11 RTL: "\x{5D0}"
          RenderText {#text} at (708,6) size 6x17
            text run at (708,6) width 6 RTL: " "
          RenderMenuList {SELECT} at (638,0) size 71x30 [bgcolor=#FFFFFF] [border: (1px solid #000000)]
            RenderBlock (anonymous) at (1,1) size 68x28
              RenderText at (42,5) size 21x17
                text run at (42,5) width 11 RTL: "\x{5D0}"
                text run at (52,5) width 11: "A"
          RenderText {#text} at (633,6) size 6x17
            text run at (633,6) width 6 RTL: " "
          RenderMenuList {SELECT} at (563,0) size 71x30 [bgcolor=#FFFFFF] [border: (1px solid #000000)]
            RenderBlock (anonymous) at (1,1) size 68x28
              RenderText at (36,5) size 27x17
                text run at (36,5) width 12: "A"
                text run at (47,5) width 16 RTL: "(\x{5D0}"
          RenderText {#text} at (558,6) size 6x17
            text run at (558,6) width 6 RTL: " "
          RenderMenuList {SELECT} at (488,0) size 71x30 [bgcolor=#FFFFFF] [border: (1px solid #000000)]
            RenderBlock (anonymous) at (1,1) size 68x28
              RenderText at (36,5) size 27x17
                text run at (36,5) width 11 RTL: "\x{5D0}"
                text run at (47,5) width 11: "A"
                text run at (57,5) width 6 RTL: "("
          RenderText {#text} at (0,0) size 0x0
