layer at (0,0) size 800x600
  RenderView at (0,0) size 800x600
layer at (0,0) size 800x600
  RenderBlock {HTML} at (0,0) size 800x600
    RenderBody {BODY} at (8,8) size 784x576
      RenderBlock {P} at (0,0) size 784x36
        RenderText {#text} at (0,0) size 52x17
          text run at (0,0) width 52: "Test for "
        RenderInline {I} at (0,0) size 770x35
          RenderInline {A} at (0,0) size 302x17 [color=#0000EE]
            RenderText {#text} at (51,0) size 302x17
              text run at (51,0) width 302: "http://bugs.webkit.org/show_bug.cgi?id=13896"
          RenderText {#text} at (352,0) size 770x35
            text run at (352,0) width 5: " "
            text run at (356,0) width 414: "REGRESSION (NativePopup): Reproductible crasher on Google"
            text run at (0,18) width 123: "Coop control panel"
        RenderText {#text} at (122,18) size 5x17
          text run at (122,18) width 5: "."
      RenderBlock {P} at (0,52) size 784x18
        RenderText {#text} at (0,0) size 180x17
          text run at (0,0) width 180: "No crash means SUCCESS."
