layer at (0,0) size 800x600
  RenderView at (0,0) size 800x600
layer at (0,0) size 800x98
  RenderBlock {HTML} at (0,0) size 800x98
    RenderBody {BODY} at (8,8) size 784x74
      RenderTable {TABLE} at (0,0) size 64x40 [border: (1px outset #808080)]
        RenderTableSection {TBODY} at (1,1) size 62x38
          RenderTableRow {TR} at (0,2) size 62x34
            RenderTableCell {TD} at (2,2) size 58x34 [border: (1px inset #808080)] [r=0 c=0 rs=1 cs=1]
              RenderMenuList {SELECT} at (2,2) size 54x30 [bgcolor=#FFFFFF] [border: (1px solid #000000)]
                RenderBlock (anonymous) at (1,1) size 52x28
                  RenderText at (5,5) size 26x17
                    text run at (5,5) width 26: "test"
      RenderBlock {P} at (0,56) size 784x18
        RenderText {#text} at (0,0) size 459x17
          text run at (0,0) width 459: "The select element in the table above must not spill outside of the table."
