layer at (0,0) size 800x600
  RenderView at (0,0) size 800x600
layer at (0,0) size 800x600
  RenderBlock {HTML} at (0,0) size 800x600
    RenderBody {BODY} at (8,8) size 784x584
      RenderBlock {DIV} at (0,0) size 784x30
        RenderText {#text} at (0,6) size 127x17
          text run at (0,6) width 127: "Left to right select: "
        RenderMenuList {SELECT} at (126,0) size 143x30 [bgcolor=#FFFFFF] [border: (1px solid #000000)]
          RenderBlock (anonymous) at (1,1) size 140x28
            RenderText at (5,5) size 64x17
              text run at (5,5) width 64: "Alabama"
        RenderText {#text} at (0,0) size 0x0
      RenderBlock {DIV} at (0,30) size 784x30
        RenderText {#text} at (657,6) size 127x17
          text run at (657,6) width 10 RTL: ": "
          text run at (666,6) width 118: "Right to left select"
        RenderMenuList {SELECT} at (515,0) size 143x30 [bgcolor=#FFFFFF] [border: (1px solid #000000)]
          RenderBlock (anonymous) at (1,1) size 140x28
            RenderText at (71,5) size 64x17
              text run at (71,5) width 64: "Alabama"
        RenderText {#text} at (0,0) size 0x0
