layer at (0,0) size 800x600
  RenderView at (0,0) size 800x600
layer at (0,0) size 800x600
  RenderBlock {HTML} at (0,0) size 800x600
    RenderBody {BODY} at (8,8) size 784x584
      RenderBlock {FORM} at (0,0) size 784x27
        RenderButton {INPUT} at (0,0) size 47x27 [color=#000000CC] [bgcolor=#C0C0C0] [border: (2px outset #C0C0C0)]
          RenderBlock (anonymous) at (8,4) size 31x18
            RenderText at (0,0) size 31x17
              text run at (0,0) width 31: "form"
        RenderText {#text} at (0,0) size 0x0
      RenderBlock {DIV} at (0,43) size 784x36
        RenderText {#text} at (0,0) size 764x35
          text run at (0,0) width 287: "This tests Targetted frame submission works. "
          text run at (286,0) width 478: "If the test is successful, the text \"SUCCESS\" should be shown in the iframe"
          text run at (0,18) width 42: "below."
      RenderBlock (anonymous) at (0,79) size 784x154
        RenderIFrame {IFRAME} at (0,0) size 304x154 [border: (2px inset #000000)]
          layer at (0,0) size 300x150
            RenderView at (0,0) size 300x150
          layer at (0,0) size 300x41
            RenderBlock {HTML} at (0,0) size 300x41
              RenderBody {BODY} at (8,13) size 284x15
                RenderBlock {PRE} at (0,0) size 284x15
                  RenderText {#text} at (0,0) size 56x15
                    text run at (0,0) width 56: "SUCCESS"
                    text run at (56,0) width 0: " "
        RenderText {#text} at (0,0) size 0x0
