layer at (0,0) size 800x600
  RenderView at (0,0) size 800x600
layer at (0,0) size 800x600
  RenderBlock {HTML} at (0,0) size 800x600
    RenderBody {BODY} at (8,8) size 784x584
      RenderText {#text} at (0,0) size 328x17
        text run at (0,0) width 328: "This tests that you can set the placeholder text color."
      RenderBR {BR} at (327,0) size 1x17
      RenderText {#text} at (201,46) size 4x17
        text run at (201,46) width 4: " "
      RenderText {#text} at (406,46) size 4x17
        text run at (406,46) width 4: " "
      RenderText {#text} at (0,0) size 0x0
      RenderText {#text} at (0,0) size 0x0
layer at (8,26) size 201x42 clip at (9,27) size 199x40
  RenderTextControl {TEXTAREA} at (0,18) size 201x42 [bgcolor=#FFFFFF] [border: (1px solid #000000)]
    RenderBlock {DIV} at (3,3) size 195x18
    RenderBlock {DIV} at (3,3) size 195x18 [color=#640000]
      RenderText {#text} at (0,0) size 25x17
        text run at (0,0) width 25: "text"
layer at (213,26) size 201x42 clip at (214,27) size 199x40
  RenderTextControl {TEXTAREA} at (205,18) size 201x42 [color=color(srgb 0.34117648 0.34117648 0.34117648)] [bgcolor=#FFFFFF] [border: (1px solid color(srgb 0.34117648 0.34117648 0.34117648))]
    RenderBlock {DIV} at (3,3) size 195x18
    RenderBlock {DIV} at (3,3) size 195x18 [color=#640000]
      RenderText {#text} at (0,0) size 90x17
        text run at (0,0) width 90: "disabled text"
layer at (418,26) size 201x42 clip at (419,27) size 199x40
  RenderTextControl {TEXTAREA} at (410,18) size 201x42 [bgcolor=#FFFFFF] [border: (1px solid #000000)]
    RenderBlock {DIV} at (3,3) size 195x18
    RenderBlock {DIV} at (3,3) size 195x18 [color=#A9A9A9]
      RenderText {#text} at (0,0) size 48x17
        text run at (0,0) width 48: "default"
layer at (8,72) size 201x42 clip at (9,73) size 199x40
  RenderTextControl {TEXTAREA} at (0,64) size 201x42 [color=color(srgb 0.34117648 0.34117648 0.34117648)] [bgcolor=#FFFFFF] [border: (1px solid color(srgb 0.34117648 0.34117648 0.34117648))]
    RenderBlock {DIV} at (3,3) size 195x18
    RenderBlock {DIV} at (3,3) size 195x18 [color=#A9A9A9]
      RenderText {#text} at (0,0) size 113x17
        text run at (0,0) width 113: "default disabled"
