layer at (0,0) size 785x1219
  RenderView at (0,0) size 785x600
layer at (0,0) size 785x1219
  RenderBlock {HTML} at (0,0) size 785x1220
    RenderBody {BODY} at (8,8) size 769x1196
      RenderBlock (anonymous) at (0,0) size 769x18
        RenderText {#text} at (0,0) size 278x17
          text run at (0,0) width 278: "line-height settings not reflected in textarea"
        RenderBR {BR} at (277,0) size 1x17
      RenderBlock {P} at (0,34) size 769x264
        RenderText {#text} at (0,0) size 84x17
          text run at (0,0) width 84: "TEXTAREA"
        RenderBR {BR} at (83,0) size 1x17
        RenderText {#text} at (406,210) size 4x17
          text run at (406,210) width 4: " "
        RenderBR {BR} at (0,0) size 0x0
        RenderBR {BR} at (0,228) size 0x17
        RenderText {#text} at (0,246) size 148x17
          text run at (0,246) width 148: "PARAGRAPH - works"
      RenderBlock {P} at (0,314) size 402x202 [border: (1px dotted #C0C0C0)]
        RenderText {#text} at (1,20) size 346x68
          text run at (1,20) width 346: "Demo text here that wraps a bit and should demonstrate the"
          text run at (1,73) width 135: "goodness of line-height"
      RenderBlock (anonymous) at (0,529) size 769x37
        RenderBR {BR} at (0,0) size 0x17
        RenderText {#text} at (0,18) size 81x17
          text run at (0,18) width 81: "DIV - works"
        RenderBR {BR} at (80,18) size 1x17
      RenderBlock {DIV} at (0,565) size 402x203 [border: (1px dotted #C0C0C0)]
        RenderText {#text} at (1,20) size 346x68
          text run at (1,20) width 346: "Demo text here that wraps a bit and should demonstrate the"
          text run at (1,73) width 135: "goodness of line-height"
      RenderBlock (anonymous) at (0,767) size 769x429
        RenderBR {BR} at (0,0) size 0x17
        RenderBR {BR} at (0,18) size 0x17
        RenderText {#text} at (0,36) size 125x17
          text run at (0,36) width 125: "Un-Styled Textarea"
        RenderBR {BR} at (124,36) size 1x17
        RenderText {#text} at (201,82) size 4x17
          text run at (201,82) width 4: " "
        RenderBR {BR} at (0,0) size 0x0
        RenderBR {BR} at (0,100) size 0x17
        RenderText {#text} at (0,118) size 216x17
          text run at (0,118) width 216: "Totally Blank Un-Styled Textarea"
        RenderBR {BR} at (215,118) size 1x17
        RenderText {#text} at (201,164) size 4x17
          text run at (201,164) width 4: " "
        RenderBR {BR} at (0,0) size 0x0
        RenderBR {BR} at (0,182) size 0x17
        RenderText {#text} at (0,200) size 212x17
          text run at (0,200) width 212: "Totally Blank STYLED Textarea"
        RenderBR {BR} at (211,200) size 1x17
        RenderText {#text} at (0,0) size 0x0
      RenderBlock {P} at (0,1211) size 769x0
layer at (8,60) size 406x206 clip at (9,61) size 404x204
  RenderTextControl {TEXTAREA} at (0,18) size 406x206 [bgcolor=#FFFFFF] [border: (1px dotted #C0C0C0)]
    RenderBlock {DIV} at (3,3) size 400x106
      RenderText {#text} at (0,19) size 350x68
        text run at (0,19) width 346: "Demo text here that wraps a bit and should demonstrate the"
        text run at (345,19) width 5: " "
        text run at (0,72) width 135: "goodness of line-height"
layer at (8,829) size 201x42 clip at (9,830) size 184x40 scrollHeight 76
  RenderTextControl {TEXTAREA} at (0,54) size 201x42 [bgcolor=#FFFFFF] [border: (1px solid #000000)]
    RenderBlock {DIV} at (3,3) size 180x72
      RenderText {#text} at (0,0) size 166x71
        text run at (0,0) width 141: "Demo text here that"
        text run at (140,0) width 5: " "
        text run at (0,18) width 161: "wraps a bit and should"
        text run at (160,18) width 5: " "
        text run at (0,36) width 116: "demonstrate the"
        text run at (115,36) width 6: " "
        text run at (0,54) width 166: "goodness of line-height"
layer at (8,911) size 201x42 clip at (9,912) size 199x40
  RenderTextControl {TEXTAREA} at (0,136) size 201x42 [bgcolor=#FFFFFF] [border: (1px solid #000000)]
    RenderBlock {DIV} at (3,3) size 195x18
layer at (8,993) size 406x206 clip at (9,994) size 404x204
  RenderTextControl {TEXTAREA} at (0,218) size 406x206 [bgcolor=#FFFFFF] [border: (1px dotted #C0C0C0)]
    RenderBlock {DIV} at (3,3) size 400x53
