layer at (0,0) size 800x600
  RenderView at (0,0) size 800x600
layer at (0,0) size 800x600
  RenderBlock {HTML} at (0,0) size 800x600
    RenderBody {BODY} at (8,8) size 784x584
      RenderBlock {DIV} at (0,0) size 784x36
        RenderText {#text} at (0,0) size 752x35
          text run at (0,0) width 752: "This text area should be drawn with a reasonable width. To match IE, using GDI fonts it should wrap at 66 characters"
          text run at (0,18) width 581: "(after the X in the third set of digits). See https://bugs.webkit.org/show_bug.cgi?id=15312."
      RenderBlock (anonymous) at (0,36) size 784x244
        RenderBR {BR} at (0,0) size 0x17
        RenderText {#text} at (0,0) size 0x0
layer at (8,62) size 549x226 clip at (9,63) size 547x224
  RenderTextControl {TEXTAREA} at (0,18) size 549x226 [color=#333333] [bgcolor=#FFFFFF] [border: (1px solid #333333)]
    RenderBlock {DIV} at (3,3) size 543x33
      RenderText {#text} at (0,0) size 539x22
        text run at (0,0) width 539: "1234567890abcdefghijABCDEFGHIJ1234567890abcdefghijABCDEFGHIJ12345X7890abcdefghijABCDEFGXIJ12345678"
        text run at (0,11) width 121: "90abcdefghijABCDEFGHIJ"
        text run at (120,11) width 1: " "
      RenderBR {BR} at (0,22) size 0x11
