layer at (0,0) size 800x600
  RenderView at (0,0) size 800x600
layer at (0,0) size 800x600
  RenderBlock {HTML} at (0,0) size 800x600
    RenderBody {BODY} at (8,8) size 784x584
      RenderText {#text} at (200,186) size 4x17
        text run at (200,186) width 4: " "
      RenderText {#text} at (204,186) size 52x17
        text run at (204,186) width 52: "183 436"
layer at (8,8) size 200x200 clip at (9,9) size 183x198 scrollHeight 436
  RenderTextControl {TEXTAREA} at (0,0) size 200x200 [bgcolor=#FFFFFF] [border: (1px solid #000000)]
    RenderBlock {DIV} at (3,3) size 179x432
      RenderText {#text} at (0,0) size 110x413
        text run at (0,0) width 110: "Lots of content."
        text run at (109,0) width 1: " "
        text run at (0,18) width 110: "Lots of content."
        text run at (109,18) width 1: " "
        text run at (0,36) width 110: "Lots of content."
        text run at (109,36) width 1: " "
        text run at (0,54) width 110: "Lots of content."
        text run at (109,54) width 1: " "
        text run at (0,72) width 0: " "
        text run at (0,90) width 110: "Lots of content."
        text run at (109,90) width 1: " "
        text run at (0,108) width 110: "Lots of content."
        text run at (109,108) width 1: " "
        text run at (0,126) width 0: " "
        text run at (0,144) width 110: "Lots of content."
        text run at (109,144) width 1: " "
        text run at (0,162) width 110: "Lots of content."
        text run at (109,162) width 1: " "
        text run at (0,180) width 0: " "
        text run at (0,198) width 110: "Lots of content."
        text run at (109,198) width 1: " "
        text run at (0,216) width 110: "Lots of content."
        text run at (109,216) width 1: " "
        text run at (0,234) width 0: " "
        text run at (0,252) width 110: "Lots of content."
        text run at (109,252) width 1: " "
        text run at (0,270) width 110: "Lots of content."
        text run at (109,270) width 1: " "
        text run at (0,288) width 0: " "
        text run at (0,306) width 110: "Lots of content."
        text run at (109,306) width 1: " "
        text run at (0,324) width 110: "Lots of content."
        text run at (109,324) width 1: " "
        text run at (0,342) width 0: " "
        text run at (0,360) width 110: "Lots of content."
        text run at (109,360) width 1: " "
        text run at (0,378) width 110: "Lots of content."
        text run at (109,378) width 1: " "
        text run at (0,396) width 0: " "
      RenderBR {BR} at (0,414) size 0x17
