layer at (0,0) size 800x600
  RenderView at (0,0) size 800x600
layer at (0,0) size 800x47
  RenderBlock {HTML} at (0,0) size 800x47
    RenderBody {BODY} at (8,8) size 784x31
      RenderBlock {FORM} at (0,0) size 784x31
        RenderTextControl {INPUT} at (2,3) size 192x24 [bgcolor=#FFFFFF] [border: (2px inset #000000)]
          RenderFlexibleBox {DIV} at (3,3) size 186x18
            RenderBlock {DIV} at (0,0) size 186x18
        RenderText {#text} at (196,6) size 4x17
          text run at (196,6) width 4: " "
        RenderButton {INPUT} at (202,2) size 66x27 [bgcolor=#C0C0C0] [border: (2px outset #C0C0C0)]
          RenderBlock (anonymous) at (8,4) size 50x18
            RenderText at (0,0) size 50x17
              text run at (0,0) width 50: "Submit"
        RenderText {#text} at (0,0) size 0x0
layer at (13,14) size 186x18
  RenderBlock {DIV} at (0,0) size 186x18
layer at (10,35) size 220x108
  RenderBlock (positioned) zI: 2147483647 {DIV} at (10,35) size 220x108
layer at (10,35) size 220x16 scrollHeight 25
  RenderBlock {DIV} at (0,0) size 220x16
layer at (10,47) size 220x92
  RenderFlexibleBox zI: 2147483644 {DIV} at (0,16) size 220x92 [border: (2px solid #440000)]
    RenderBlock {DIV} at (10,10) size 0x72
    RenderBlock {DIV} at (10,10) size 200x72
      RenderBlock {DIV} at (0,0) size 200x18
        RenderText {#text} at (0,0) size 119x17
          text run at (0,0) width 119: "Fill out this field"
      RenderBlock {DIV} at (0,18) size 200x54
        RenderText {#text} at (0,0) size 166x17
          text run at (0,0) width 166: "Needs at least 8 letters."
        RenderBR {BR} at (166,0) size 0x17
        RenderText {#text} at (0,18) size 196x35
          text run at (0,18) width 196: "Should not be identical with"
          text run at (0,36) width 152: "the current password."
layer at (42,35) size 18x18 backgroundClip at (10,35) size 220x16 clip at (10,35) size 220x16
  RenderBlock (relative positioned) zI: 2147483645 {DIV} at (0,0) size 18x18 [bgcolor=#F8ECEC] [border: (2px solid #440000) none (2px solid #440000)]
caret: position 0 of child 0 {DIV} of child 0 {DIV} of child 0 {DIV} of {#document-fragment} of child 1 {INPUT} of child 0 {FORM} of body
