layer at (0,0) size 800x600
  RenderView at (0,0) size 800x600
layer at (0,0) size 800x600
  RenderBlock {HTML} at (0,0) size 800x600
    RenderBody {BODY} at (8,8) size 784x584
      RenderBlock {P} at (0,0) size 784x38
        RenderText {#text} at (0,1) size 275x17
          text run at (0,1) width 275: "This tests for a regression against "
        RenderInline {I} at (0,0) size 701x36
          RenderInline {A} at (0,0) size 427x17 [color=#0000EE]
            RenderText {#text} at (274,1) size 427x17
              text run at (274,1) width 427: "http://bugzilla.opendarwin.org/show_bug.cgi?id=8076"
          RenderText {#text} at (0,20) size 563x17
            text run at (0,20) width 563: "REGRESSION: native text fields are reversed on \"visual Hebrew\" pages"
        RenderText {#text} at (562,20) size 6x17
          text run at (562,20) width 6: "."
      RenderBlock {P} at (0,72) size 784x19
        RenderText {#text} at (0,1) size 333x17
          text run at (0,1) width 333: "Text in the field should look like this: \x{5E8}\x{5D5}\x{5EA}\x{5E4}\x{5DB}"
      RenderBlock (anonymous) at (0,107) size 784x24
        RenderTextControl {INPUT} at (0,0) size 192x24 [bgcolor=#FFFFFF] [border: (2px inset #000000)]
        RenderText {#text} at (0,0) size 0x0
layer at (8,62) size 784x2 clip at (0,0) size 0x0
  RenderBlock {HR} at (0,54) size 784x2 [border: (1px inset #000000)]
layer at (11,118) size 186x18
  RenderBlock {DIV} at (3,3) size 186x18
    RenderText {#text} at (0,0) size 42x17
      text run at (0,0) width 42 RTL: "\x{5DB}\x{5E4}\x{5EA}\x{5D5}\x{5E8}"
