layer at (0,0) size 800x600
  RenderView at (0,0) size 800x600
layer at (0,0) size 800x600
  RenderBlock {HTML} at (0,0) size 800x600
    RenderBody {BODY} at (8,8) size 784x584
      RenderBlock {P} at (0,0) size 784x18
        RenderText {#text} at (0,0) size 54x18
          text run at (0,0) width 54: "Test for "
        RenderInline {I} at (0,0) size 665x18
          RenderInline {A} at (0,0) size 353x18 [color=#0000EE]
            RenderText {#text} at (53,0) size 353x18
              text run at (53,0) width 353: "http://bugzilla.opendarwin.org/show_bug.cgi?id=7761"
          RenderText {#text} at (405,0) size 313x18
            text run at (405,0) width 313: " Tabs in class attribute not treated as whitespace"
        RenderText {#text} at (717,0) size 5x18
          text run at (717,0) width 5: "."
      RenderBlock {P} at (0,34) size 784x18
        RenderText {#text} at (0,0) size 238x18
          text run at (0,0) width 238: "All of the following should be green:"
      RenderBlock {DIV} at (0,68) size 784x18 [color=#008000]
        RenderText {#text} at (0,0) size 58x18
          text run at (0,0) width 58: "Tab after"
      RenderBlock {DIV} at (0,86) size 784x18 [color=#008000]
        RenderText {#text} at (0,0) size 69x18
          text run at (0,0) width 69: "Tab before"
      RenderBlock {DIV} at (0,104) size 784x18 [color=#008000]
        RenderText {#text} at (0,0) size 88x18
          text run at (0,0) width 88: "Newline after"
      RenderBlock {DIV} at (0,122) size 784x18 [color=#008000]
        RenderText {#text} at (0,0) size 100x18
          text run at (0,0) width 100: "Newline before"
      RenderBlock {DIV} at (0,140) size 784x18 [color=#008000]
        RenderText {#text} at (0,0) size 78x18
          text run at (0,0) width 78: "Spaces after"
      RenderBlock {DIV} at (0,158) size 784x18 [color=#008000]
        RenderText {#text} at (0,0) size 90x18
          text run at (0,0) width 90: "Spaces before"
      RenderBlock {DIV} at (0,176) size 784x18 [color=#008000]
        RenderText {#text} at (0,0) size 55x18
          text run at (0,0) width 55: "CR after"
      RenderBlock {DIV} at (0,194) size 784x18 [color=#008000]
        RenderText {#text} at (0,0) size 67x18
          text run at (0,0) width 67: "CR before"
