layer at (0,0) size 785x730
  RenderView at (0,0) size 785x600
layer at (0,0) size 785x730
  RenderBlock {HTML} at (0,0) size 785x731
    RenderBody {BODY} at (8,8) size 769x715 [color=#008000] [bgcolor=#CCCCCC]
      RenderBlock {P} at (0,0) size 769x18
        RenderText {#text} at (0,0) size 355x17
          text run at (0,0) width 355: "The style declarations which apply to the text below are:"
      RenderBlock {PRE} at (0,34) size 769x105
        RenderText {#text} at (0,0) size 272x105
          text run at (0,0) width 160: "BODY {color: green;}"
          text run at (160,0) width 0: " "
          text run at (0,15) width 136: "H3 {color: blue;}"
          text run at (136,15) width 0: " "
          text run at (0,30) width 152: "EM {color: purple;}"
          text run at (152,30) width 0: " "
          text run at (0,45) width 208: ".one {font-style: italic;}"
          text run at (208,45) width 0: " "
          text run at (0,60) width 272: ".two {text-decoration: underline;}"
          text run at (272,60) width 0: " "
          text run at (0,75) width 152: "#two {color: navy;}"
          text run at (152,75) width 0: " "
          text run at (0,90) width 184: ".three {color: purple;}"
          text run at (184,90) width 0: " "
      RenderBlock {H3} at (0,172) size 769x23 [color=#0000FF]
        RenderText {#text} at (0,0) size 220x21
          text run at (0,0) width 220: "This sentence should show "
        RenderInline {STRONG} at (0,0) size 36x21
          RenderText {#text} at (219,0) size 36x21
            text run at (219,0) width 36: "blue"
        RenderText {#text} at (254,0) size 43x21
          text run at (254,0) width 43: " and "
        RenderInline {EM} at (0,0) size 51x21 [color=#800080]
          RenderText {#text} at (297,0) size 51x21
            text run at (297,0) width 51: "purple"
        RenderText {#text} at (348,0) size 5x21
          text run at (348,0) width 5: "."
      RenderBlock {H3} at (0,213) size 769x23 [color=#0000FF]
        RenderText {#text} at (0,0) size 197x21
          text run at (0,0) width 197: "This sentence should be "
        RenderInline {SPAN} at (0,0) size 35x21
          RenderText {#text} at (196,0) size 35x21
            text run at (196,0) width 35: "blue"
        RenderText {#text} at (230,0) size 105x21
          text run at (230,0) width 105: " throughout."
      RenderBlock {P} at (0,254) size 769x19
        RenderText {#text} at (0,0) size 226x17
          text run at (0,0) width 226: "This should be green except for the "
        RenderInline {EM} at (0,0) size 117x17 [color=#800080]
          RenderText {#text} at (226,0) size 117x17
            text run at (226,0) width 117: "emphasized words"
        RenderText {#text} at (342,0) size 161x17
          text run at (342,0) width 161: ", which should be purple."
      RenderBlock {H3} at (0,290) size 769x23 [color=#0000FF]
        RenderText {#text} at (0,0) size 296x21
          text run at (0,0) width 296: "This should be blue and underlined."
      RenderBlock {P} at (0,331) size 769x19
        RenderText {#text} at (0,0) size 293x17
          text run at (0,0) width 293: "This sentence should be underlined, including "
        RenderInline {TT} at (0,0) size 72x15
          RenderText {#text} at (293,3) size 72x15
            text run at (293,3) width 72: "this part"
        RenderText {#text} at (365,0) size 8x17
          text run at (365,0) width 8: ", "
        RenderInline {I} at (0,0) size 52x17
          RenderText {#text} at (373,0) size 52x17
            text run at (373,0) width 52: "this part"
        RenderText {#text} at (425,0) size 8x17
          text run at (425,0) width 8: ", "
        RenderInline {EM} at (0,0) size 52x17 [color=#800080]
          RenderText {#text} at (433,0) size 52x17
            text run at (433,0) width 52: "this part"
        RenderText {#text} at (485,0) size 35x17
          text run at (485,0) width 35: ", and "
        RenderInline {STRONG} at (0,0) size 57x17
          RenderText {#text} at (520,0) size 57x17
            text run at (520,0) width 57: "this part"
        RenderText {#text} at (577,0) size 4x17
          text run at (577,0) width 4: "."
      RenderBlock {P} at (0,365) size 769x19 [color=#000080]
        RenderText {#text} at (0,0) size 436x17
          text run at (0,0) width 436: "This sentence should also be underlined, as well as dark blue (navy), "
        RenderInline {TT} at (0,0) size 152x15
          RenderText {#text} at (436,3) size 152x15
            text run at (436,3) width 152: "including this part"
        RenderText {#text} at (588,0) size 4x17
          text run at (588,0) width 4: "."
      RenderBlock {P} at (0,399) size 769x19 [color=#800080]
        RenderText {#text} at (0,0) size 266x17
          text run at (0,0) width 266: "This sentence should be purple, including "
        RenderInline {STRONG} at (0,0) size 57x17
          RenderText {#text} at (266,0) size 57x17
            text run at (266,0) width 57: "this part"
        RenderText {#text} at (323,0) size 31x17
          text run at (323,0) width 31: " and "
        RenderInline {SPAN} at (0,0) size 173x17
          RenderText {#text} at (354,0) size 173x17
            text run at (354,0) width 173: "this part (which is spanned)"
        RenderText {#text} at (527,0) size 4x17
          text run at (527,0) width 4: "."
      RenderTable {TABLE} at (0,433) size 614x282 [border: (1px outset #808080)]
        RenderTableSection {TBODY} at (1,1) size 612x279
          RenderTableRow {TR} at (0,0) size 612x26
            RenderTableCell {TD} at (0,0) size 612x26 [bgcolor=#C0C0C0] [border: (1px inset #808080)] [r=0 c=0 rs=1 cs=2]
              RenderInline {STRONG} at (0,0) size 161x17
                RenderText {#text} at (4,4) size 161x17
                  text run at (4,4) width 161: "TABLE Testing Section"
          RenderTableRow {TR} at (0,26) size 612x253
            RenderTableCell {TD} at (0,139) size 12x27 [bgcolor=#C0C0C0] [border: (1px inset #808080)] [r=1 c=0 rs=1 cs=1]
              RenderText {#text} at (4,3) size 4x19
                text run at (4,4) width 4: " "
            RenderTableCell {TD} at (12,26) size 600x253 [border: (1px inset #808080)] [r=1 c=1 rs=1 cs=1]
              RenderBlock {H3} at (4,4) size 592x22 [color=#0000FF]
                RenderText {#text} at (0,0) size 220x21
                  text run at (0,0) width 220: "This sentence should show "
                RenderInline {STRONG} at (0,0) size 36x21
                  RenderText {#text} at (219,0) size 36x21
                    text run at (219,0) width 36: "blue"
                RenderText {#text} at (254,0) size 43x21
                  text run at (254,0) width 43: " and "
                RenderInline {EM} at (0,0) size 51x21 [color=#800080]
                  RenderText {#text} at (297,0) size 51x21
                    text run at (297,0) width 51: "purple"
                RenderText {#text} at (348,0) size 5x21
                  text run at (348,0) width 5: "."
              RenderBlock {H3} at (4,44) size 592x23 [color=#0000FF]
                RenderText {#text} at (0,0) size 197x21
                  text run at (0,0) width 197: "This sentence should be "
                RenderInline {SPAN} at (0,0) size 35x21
                  RenderText {#text} at (196,0) size 35x21
                    text run at (196,0) width 35: "blue"
                RenderText {#text} at (230,0) size 105x21
                  text run at (230,0) width 105: " throughout."
              RenderBlock {P} at (4,85) size 592x19
                RenderText {#text} at (0,0) size 226x17
                  text run at (0,0) width 226: "This should be green except for the "
                RenderInline {EM} at (0,0) size 117x17 [color=#800080]
                  RenderText {#text} at (226,0) size 117x17
                    text run at (226,0) width 117: "emphasized words"
                RenderText {#text} at (342,0) size 161x17
                  text run at (342,0) width 161: ", which should be purple."
              RenderBlock {H3} at (4,122) size 592x23 [color=#0000FF]
                RenderText {#text} at (0,0) size 296x21
                  text run at (0,0) width 296: "This should be blue and underlined."
              RenderBlock {P} at (4,162) size 592x19
                RenderText {#text} at (0,0) size 293x17
                  text run at (0,0) width 293: "This sentence should be underlined, including "
                RenderInline {TT} at (0,0) size 72x15
                  RenderText {#text} at (293,3) size 72x15
                    text run at (293,3) width 72: "this part"
                RenderText {#text} at (365,0) size 8x17
                  text run at (365,0) width 8: ", "
                RenderInline {I} at (0,0) size 52x17
                  RenderText {#text} at (373,0) size 52x17
                    text run at (373,0) width 52: "this part"
                RenderText {#text} at (425,0) size 8x17
                  text run at (425,0) width 8: ", "
                RenderInline {EM} at (0,0) size 52x17 [color=#800080]
                  RenderText {#text} at (433,0) size 52x17
                    text run at (433,0) width 52: "this part"
                RenderText {#text} at (485,0) size 35x17
                  text run at (485,0) width 35: ", and "
                RenderInline {STRONG} at (0,0) size 57x17
                  RenderText {#text} at (520,0) size 57x17
                    text run at (520,0) width 57: "this part"
                RenderText {#text} at (577,0) size 4x17
                  text run at (577,0) width 4: "."
              RenderBlock {P} at (4,196) size 592x19 [color=#000080]
                RenderText {#text} at (0,0) size 436x17
                  text run at (0,0) width 436: "This sentence should also be underlined, as well as dark blue (navy), "
                RenderInline {TT} at (0,0) size 152x15
                  RenderText {#text} at (436,3) size 152x15
                    text run at (436,3) width 152: "including this part"
                RenderText {#text} at (588,0) size 4x17
                  text run at (588,0) width 4: "."
              RenderBlock {P} at (4,230) size 592x19 [color=#800080]
                RenderText {#text} at (0,0) size 266x17
                  text run at (0,0) width 266: "This sentence should be purple, including "
                RenderInline {STRONG} at (0,0) size 57x17
                  RenderText {#text} at (266,0) size 57x17
                    text run at (266,0) width 57: "this part"
                RenderText {#text} at (323,0) size 31x17
                  text run at (323,0) width 31: " and "
                RenderInline {SPAN} at (0,0) size 173x17
                  RenderText {#text} at (354,0) size 173x17
                    text run at (354,0) width 173: "this part (which is spanned)"
                RenderText {#text} at (527,0) size 4x17
                  text run at (527,0) width 4: "."
layer at (8,160) size 769x2 clip at (0,0) size 0x0
  RenderBlock {HR} at (0,152) size 769x2 [border: (1px inset #008000)]
