layer at (0,0) size 800x600
  RenderView at (0,0) size 800x600
layer at (0,0) size 800x538
  RenderBlock {html} at (0,0) size 800x538
    RenderBody {body} at (8,16) size 784x472 [bgcolor=#FFFFFF]
      RenderBlock {p} at (0,0) size 784x20
        RenderText {#text} at (0,0) size 578x19
          text run at (0,0) width 578: "CSS Transformed HTML div with SVG inside it. Animated SVG should repaint correctly."
layer at (58,86) size 402x402
  RenderBlock {div} at (50,70) size 402x402 [border: (1px solid #000000)]
    RenderSVGRoot {svg} at (165,102) size 357x416
      RenderSVGRect {rect} at (372,145) size 114x112 [stroke={[type=SOLID] [color=#FFC0CB] [stroke width=5.00]}] [fill={[type=SOLID] [color=#0000FF]}] [x=300.00] [y=0.00] [width=100.00] [height=100.00]
      RenderSVGText {text} at (150,282) size 135x23 contains 1 chunk(s)
        RenderSVGInlineText {#text} at (0,0) size 135x23
          chunk 1 text run 1 at (150.00,300.00) startOffset 0 endOffset 17 width 134.74: "This is some text"
      RenderSVGImage {image} at (323,410) size 108x108
    RenderText {#text} at (0,0) size 0x0
