layer at (0,0) size 800x600
  RenderView at (0,0) size 800x600
layer at (0,0) size 800x0
  RenderBlock {HTML} at (0,0) size 800x0
    RenderBody {BODY} at (0,0) size 800x0
layer at (0,0) size 800x600
  RenderBlock (positioned) {DIV} at (0,0) size 800x600
layer at (0,0) size 800x100
  RenderBlock (positioned) zI: 1 {DIV} at (0,0) size 800x100 [bgcolor=#99CC66]
    RenderBlock {DIV} at (10,10) size 780x15
      RenderText {#text} at (0,1) size 36x12
        text run at (0,1) width 36: "Header"
layer at (10,110) size 780x430
  RenderBlock (relative positioned) zI: 1 {DIV} at (10,110) size 780x430
layer at (10,110) size 200x430
  RenderBlock (positioned) {DIV} at (0,0) size 200x430
layer at (10,110) size 780x430
  RenderBlock (positioned) {DIV} at (0,0) size 780x430
layer at (10,110) size 200x430 clip at (11,111) size 198x428
  RenderBlock (relative positioned) zI: 1 {DIV} at (0,0) size 200x430 [bgcolor=#FFFFFF] [border: (1px solid #999999)]
    RenderBlock {DIV} at (1,1) size 198x165
      RenderText {#text} at (0,1) size 194x162
        text run at (0,1) width 185: "Luckily, the bit of the broadcast is now"
        text run at (0,16) width 191: "missing from BBCs website and folks in"
        text run at (0,31) width 179: "Cornwall swear they saw Bigfoot and"
        text run at (0,46) width 194: "Jersey Devil run off with miles and miles"
        text run at (0,61) width 187: "of audio tape containing tapes of Steve"
        text run at (0,76) width 183: "Jobs talking about the new Video iPod"
        text run at (0,91) width 182: "while drunk on soju, the confession of"
        text run at (0,106) width 178: "the true JFK assassin, and a tripping"
        text run at (0,121) width 192: "Chief Justice Roberts talking about how"
        text run at (0,136) width 174: "\x{201C}Green isn\x{2019}t just a color, man, it\x{2019}s an"
        text run at (0,151) width 27: "idea.\x{201D}"
layer at (220,110) size 570x430 clip at (221,111) size 568x428
  RenderBlock (relative positioned) zI: 1 {DIV} at (210,0) size 570x430 [bgcolor=#FFFFFF] [border: (1px solid #999999)]
layer at (221,111) size 568x24
  RenderButton {BUTTON} at (1,1) size 568x24
    RenderBlock (anonymous) at (0,0) size 568x24
layer at (221,111) size 568x24
  RenderBlock (relative positioned) {DIV} at (0,0) size 568x24
    RenderText {#text} at (5,6) size 30x12
      text run at (5,6) width 30: "Item 1"
layer at (221,135) size 568x24
  RenderButton {BUTTON} at (1,25) size 568x24 [color=#FFFFFF] [bgcolor=#316AC5]
    RenderBlock (anonymous) at (0,0) size 568x24
layer at (221,135) size 568x24
  RenderBlock (relative positioned) {DIV} at (0,0) size 568x24
    RenderText {#text} at (5,6) size 30x12
      text run at (5,6) width 30: "Item 2"
layer at (221,159) size 568x24
  RenderButton {BUTTON} at (1,49) size 568x24
    RenderBlock (anonymous) at (0,0) size 568x24
layer at (221,159) size 568x24
  RenderBlock (relative positioned) {DIV} at (0,0) size 568x24
    RenderText {#text} at (5,6) size 30x12
      text run at (5,6) width 30: "Item 3"
layer at (221,183) size 568x24
  RenderButton {BUTTON} at (1,73) size 568x24
    RenderBlock (anonymous) at (0,0) size 568x24
layer at (221,183) size 568x24
  RenderBlock (relative positioned) {DIV} at (0,0) size 568x24
    RenderText {#text} at (5,6) size 30x12
      text run at (5,6) width 30: "Item 4"
layer at (0,550) size 800x50
  RenderBlock (positioned) zI: 1 {DIV} at (0,550) size 800x50 [bgcolor=#99CC66]
    RenderBlock {DIV} at (10,10) size 780x15
      RenderText {#text} at (0,1) size 32x12
        text run at (0,1) width 32: "Footer"
