layer at (0,0) size 800x600
  RenderView at (0,0) size 800x600
layer at (0,0) size 800x40
  RenderBlock {HTML} at (0,0) size 800x40
    RenderBody {BODY} at (8,13) size 784x14
      RenderBlock {PRE} at (0,0) size 784x14
        RenderText {#text} at (0,0) size 328x14
          text run at (0,0) width 328: "{\"error\": {\"code\": 404, \"message\": \"404\"}}"
