layer at (0,0) size 800x600
  RenderView at (0,0) size 800x600
layer at (0,0) size 800x96
  RenderBlock {html} at (0,0) size 800x96 [color=#008000]
    RenderBody {body} at (8,8) size 784x80
      RenderBlock {test2} at (0,0) size 784x20
        RenderText {#text} at (0,0) size 128x19
          text run at (0,0) width 128: "This should be green."
      RenderBlock {test2} at (0,20) size 784x20
        RenderText {#text} at (0,0) size 128x19
          text run at (0,0) width 128: "This should be green."
      RenderBlock {test1} at (0,40) size 784x20
        RenderText {#text} at (0,0) size 128x19
          text run at (0,0) width 128: "This should be green."
      RenderBlock {test1} at (0,60) size 784x20
        RenderText {#text} at (0,0) size 128x19
          text run at (0,0) width 128: "This should be green."
