layer at (0,0) size 800x600
  RenderView at (0,0) size 800x600
layer at (0,0) size 800x36
  RenderBlock {html} at (0,0) size 800x36
    RenderBody {body} at (8,8) size 784x20 [color=#008000]
      RenderInline {tests} at (0,0) size 512x19
        RenderText {#text} at (0,0) size 0x0
        RenderInline {first-child} at (0,0) size 78x19
          RenderText {#text} at (0,0) size 78x19
            text run at (0,0) width 78: "None of this "
        RenderText {#text} at (0,0) size 0x0
        RenderInline {element} at (0,0) size 88x19
          RenderText {#text} at (78,0) size 88x19
            text run at (78,0) width 88: "text should be "
        RenderText {#text} at (0,0) size 0x0
        RenderInline {attribute} at (0,0) size 110x19
          RenderText {#text} at (166,0) size 110x19
            text run at (166,0) width 110: "matching the style "
        RenderText {#text} at (0,0) size 0x0
        RenderInline {span} at (0,0) size 90x19
          RenderText {#text} at (276,0) size 90x19
            text run at (276,0) width 90: "rules, and thus "
        RenderText {#text} at (0,0) size 0x0
        RenderInline {universal} at (0,0) size 60x19
          RenderText {#text} at (366,0) size 60x19
            text run at (366,0) width 60: "none of it "
        RenderText {#text} at (0,0) size 0x0
        RenderInline {span} at (0,0) size 86x19
          RenderText {#text} at (426,0) size 86x19
            text run at (426,0) width 86: "should be red."
        RenderText {#text} at (0,0) size 0x0
      RenderText {#text} at (0,0) size 0x0
