layer at (0,0) size 800x600
  RenderView at (0,0) size 800x600
layer at (0,0) size 800x600
  RenderBlock {HTML} at (0,0) size 800x600
    RenderBody {BODY} at (8,8) size 784x584
layer at (8,8) size 404x404 clip at (10,10) size 400x400 scrollWidth 2896
  RenderBlock {DIV} at (0,0) size 404x404 [border: (2px solid #000000)]
    RenderMultiColumnSet at (2,2) size 400x400
layer at (10,10) size 400x2420 backgroundClip at (10,10) size 400x400 clip at (10,10) size 400x400
  RenderMultiColumnFlowThread at (2,2) size 400x2420
    RenderText {#text} at (0,0) size 399x2419
      text run at (0,0) width 357: "Lorem ipsum dolor sit amet, consectetur adipiscing elit."
      text run at (0,20) width 399: "Maecenas lacinia massa in lectus pretium vulputate. Curabitur"
      text run at (0,40) width 358: "viverra augue in leo faucibus congue. Vestibulum ligula"
      text run at (0,60) width 362: "neque, commodo eget blandit sit amet, facilisis vitae mi."
      text run at (0,80) width 379: "Vivamus pretium lorem a quam imperdiet in placerat purus"
      text run at (0,100) width 344: "sagittis. Aliquam ut dui nibh. Cras faucibus imperdiet"
      text run at (0,120) width 364: "pellentesque. Curabitur vel tortor quam, ut pharetra eros."
      text run at (0,140) width 383: "Mauris euismod, justo in mattis ultricies, risus velit pretium"
      text run at (0,160) width 392: "ligula, eu sodales libero dolor et massa. Phasellus eros quam,"
      text run at (0,180) width 344: "faucibus sed consectetur et, elementum ut erat. Morbi"
      text run at (0,200) width 349: "fringilla, lorem non fermentum vulputate, quam metus"
      text run at (0,220) width 398: "ullamcorper quam, eu porttitor diam metus eget augue. Donec"
      text run at (0,240) width 380: "non lorem et arcu adipiscing suscipit. Donec porta euismod"
      text run at (0,260) width 344: "magna a fermentum. Suspendisse vestibulum rhoncus"
      text run at (0,280) width 393: "bibendum. Nam in nisi eget nulla vestibulum rutrum. Aenean"
      text run at (0,300) width 364: "eu libero turpis. Lorem ipsum dolor sit amet, consectetur"
      text run at (0,320) width 364: "adipiscing elit. Maecenas lacinia massa in lectus pretium"
      text run at (0,340) width 373: "vulputate. Curabitur viverra augue in leo faucibus congue."
      text run at (0,360) width 365: "Vestibulum ligula neque, commodo eget blandit sit amet,"
      text run at (0,380) width 399: "facilisis vitae mi. Vivamus pretium lorem a quam imperdiet in"
      text run at (0,400) width 373: "placerat purus sagittis. Aliquam ut dui nibh. Cras faucibus"
      text run at (0,420) width 395: "imperdiet pellentesque. Curabitur vel tortor quam, ut pharetra"
      text run at (0,440) width 364: "eros. Mauris euismod, justo in mattis ultricies, risus velit"
      text run at (0,460) width 371: "pretium ligula, eu sodales libero dolor et massa. Phasellus"
      text run at (0,480) width 374: "eros quam, faucibus sed consectetur et, elementum ut erat."
      text run at (0,500) width 393: "Morbi fringilla, lorem non fermentum vulputate, quam metus"
      text run at (0,520) width 398: "ullamcorper quam, eu porttitor diam metus eget augue. Donec"
      text run at (0,540) width 380: "non lorem et arcu adipiscing suscipit. Donec porta euismod"
      text run at (0,560) width 344: "magna a fermentum. Suspendisse vestibulum rhoncus"
      text run at (0,580) width 393: "bibendum. Nam in nisi eget nulla vestibulum rutrum. Aenean"
      text run at (0,600) width 364: "eu libero turpis. Lorem ipsum dolor sit amet, consectetur"
      text run at (0,620) width 364: "adipiscing elit. Maecenas lacinia massa in lectus pretium"
      text run at (0,640) width 373: "vulputate. Curabitur viverra augue in leo faucibus congue."
      text run at (0,660) width 365: "Vestibulum ligula neque, commodo eget blandit sit amet,"
      text run at (0,680) width 399: "facilisis vitae mi. Vivamus pretium lorem a quam imperdiet in"
      text run at (0,700) width 373: "placerat purus sagittis. Aliquam ut dui nibh. Cras faucibus"
      text run at (0,720) width 395: "imperdiet pellentesque. Curabitur vel tortor quam, ut pharetra"
      text run at (0,740) width 364: "eros. Mauris euismod, justo in mattis ultricies, risus velit"
      text run at (0,760) width 371: "pretium ligula, eu sodales libero dolor et massa. Phasellus"
      text run at (0,780) width 374: "eros quam, faucibus sed consectetur et, elementum ut erat."
      text run at (0,800) width 393: "Morbi fringilla, lorem non fermentum vulputate, quam metus"
      text run at (0,820) width 398: "ullamcorper quam, eu porttitor diam metus eget augue. Donec"
      text run at (0,840) width 380: "non lorem et arcu adipiscing suscipit. Donec porta euismod"
      text run at (0,860) width 344: "magna a fermentum. Suspendisse vestibulum rhoncus"
      text run at (0,880) width 393: "bibendum. Nam in nisi eget nulla vestibulum rutrum. Aenean"
      text run at (0,900) width 364: "eu libero turpis. Lorem ipsum dolor sit amet, consectetur"
      text run at (0,920) width 364: "adipiscing elit. Maecenas lacinia massa in lectus pretium"
      text run at (0,940) width 373: "vulputate. Curabitur viverra augue in leo faucibus congue."
      text run at (0,960) width 365: "Vestibulum ligula neque, commodo eget blandit sit amet,"
      text run at (0,980) width 399: "facilisis vitae mi. Vivamus pretium lorem a quam imperdiet in"
      text run at (0,1000) width 373: "placerat purus sagittis. Aliquam ut dui nibh. Cras faucibus"
      text run at (0,1020) width 395: "imperdiet pellentesque. Curabitur vel tortor quam, ut pharetra"
      text run at (0,1040) width 364: "eros. Mauris euismod, justo in mattis ultricies, risus velit"
      text run at (0,1060) width 371: "pretium ligula, eu sodales libero dolor et massa. Phasellus"
      text run at (0,1080) width 374: "eros quam, faucibus sed consectetur et, elementum ut erat."
      text run at (0,1100) width 393: "Morbi fringilla, lorem non fermentum vulputate, quam metus"
      text run at (0,1120) width 398: "ullamcorper quam, eu porttitor diam metus eget augue. Donec"
      text run at (0,1140) width 380: "non lorem et arcu adipiscing suscipit. Donec porta euismod"
      text run at (0,1160) width 344: "magna a fermentum. Suspendisse vestibulum rhoncus"
      text run at (0,1180) width 393: "bibendum. Nam in nisi eget nulla vestibulum rutrum. Aenean"
      text run at (0,1200) width 364: "eu libero turpis. Lorem ipsum dolor sit amet, consectetur"
      text run at (0,1220) width 364: "adipiscing elit. Maecenas lacinia massa in lectus pretium"
      text run at (0,1240) width 373: "vulputate. Curabitur viverra augue in leo faucibus congue."
      text run at (0,1260) width 365: "Vestibulum ligula neque, commodo eget blandit sit amet,"
      text run at (0,1280) width 399: "facilisis vitae mi. Vivamus pretium lorem a quam imperdiet in"
      text run at (0,1300) width 373: "placerat purus sagittis. Aliquam ut dui nibh. Cras faucibus"
      text run at (0,1320) width 395: "imperdiet pellentesque. Curabitur vel tortor quam, ut pharetra"
      text run at (0,1340) width 364: "eros. Mauris euismod, justo in mattis ultricies, risus velit"
      text run at (0,1360) width 371: "pretium ligula, eu sodales libero dolor et massa. Phasellus"
      text run at (0,1380) width 374: "eros quam, faucibus sed consectetur et, elementum ut erat."
      text run at (0,1400) width 393: "Morbi fringilla, lorem non fermentum vulputate, quam metus"
      text run at (0,1420) width 398: "ullamcorper quam, eu porttitor diam metus eget augue. Donec"
      text run at (0,1440) width 380: "non lorem et arcu adipiscing suscipit. Donec porta euismod"
      text run at (0,1460) width 344: "magna a fermentum. Suspendisse vestibulum rhoncus"
      text run at (0,1480) width 393: "bibendum. Nam in nisi eget nulla vestibulum rutrum. Aenean"
      text run at (0,1500) width 364: "eu libero turpis. Lorem ipsum dolor sit amet, consectetur"
      text run at (0,1520) width 364: "adipiscing elit. Maecenas lacinia massa in lectus pretium"
      text run at (0,1540) width 373: "vulputate. Curabitur viverra augue in leo faucibus congue."
      text run at (0,1560) width 365: "Vestibulum ligula neque, commodo eget blandit sit amet,"
      text run at (0,1580) width 399: "facilisis vitae mi. Vivamus pretium lorem a quam imperdiet in"
      text run at (0,1600) width 373: "placerat purus sagittis. Aliquam ut dui nibh. Cras faucibus"
      text run at (0,1620) width 395: "imperdiet pellentesque. Curabitur vel tortor quam, ut pharetra"
      text run at (0,1640) width 364: "eros. Mauris euismod, justo in mattis ultricies, risus velit"
      text run at (0,1660) width 371: "pretium ligula, eu sodales libero dolor et massa. Phasellus"
      text run at (0,1680) width 374: "eros quam, faucibus sed consectetur et, elementum ut erat."
      text run at (0,1700) width 393: "Morbi fringilla, lorem non fermentum vulputate, quam metus"
      text run at (0,1720) width 398: "ullamcorper quam, eu porttitor diam metus eget augue. Donec"
      text run at (0,1740) width 380: "non lorem et arcu adipiscing suscipit. Donec porta euismod"
      text run at (0,1760) width 344: "magna a fermentum. Suspendisse vestibulum rhoncus"
      text run at (0,1780) width 393: "bibendum. Nam in nisi eget nulla vestibulum rutrum. Aenean"
      text run at (0,1800) width 364: "eu libero turpis. Lorem ipsum dolor sit amet, consectetur"
      text run at (0,1820) width 364: "adipiscing elit. Maecenas lacinia massa in lectus pretium"
      text run at (0,1840) width 373: "vulputate. Curabitur viverra augue in leo faucibus congue."
      text run at (0,1860) width 365: "Vestibulum ligula neque, commodo eget blandit sit amet,"
      text run at (0,1880) width 399: "facilisis vitae mi. Vivamus pretium lorem a quam imperdiet in"
      text run at (0,1900) width 373: "placerat purus sagittis. Aliquam ut dui nibh. Cras faucibus"
      text run at (0,1920) width 395: "imperdiet pellentesque. Curabitur vel tortor quam, ut pharetra"
      text run at (0,1940) width 364: "eros. Mauris euismod, justo in mattis ultricies, risus velit"
      text run at (0,1960) width 371: "pretium ligula, eu sodales libero dolor et massa. Phasellus"
      text run at (0,1980) width 374: "eros quam, faucibus sed consectetur et, elementum ut erat."
      text run at (0,2000) width 393: "Morbi fringilla, lorem non fermentum vulputate, quam metus"
      text run at (0,2020) width 398: "ullamcorper quam, eu porttitor diam metus eget augue. Donec"
      text run at (0,2040) width 380: "non lorem et arcu adipiscing suscipit. Donec porta euismod"
      text run at (0,2060) width 344: "magna a fermentum. Suspendisse vestibulum rhoncus"
      text run at (0,2080) width 393: "bibendum. Nam in nisi eget nulla vestibulum rutrum. Aenean"
      text run at (0,2100) width 364: "eu libero turpis. Lorem ipsum dolor sit amet, consectetur"
      text run at (0,2120) width 364: "adipiscing elit. Maecenas lacinia massa in lectus pretium"
      text run at (0,2140) width 373: "vulputate. Curabitur viverra augue in leo faucibus congue."
      text run at (0,2160) width 365: "Vestibulum ligula neque, commodo eget blandit sit amet,"
      text run at (0,2180) width 399: "facilisis vitae mi. Vivamus pretium lorem a quam imperdiet in"
      text run at (0,2200) width 373: "placerat purus sagittis. Aliquam ut dui nibh. Cras faucibus"
      text run at (0,2220) width 395: "imperdiet pellentesque. Curabitur vel tortor quam, ut pharetra"
      text run at (0,2240) width 364: "eros. Mauris euismod, justo in mattis ultricies, risus velit"
      text run at (0,2260) width 371: "pretium ligula, eu sodales libero dolor et massa. Phasellus"
      text run at (0,2280) width 374: "eros quam, faucibus sed consectetur et, elementum ut erat."
      text run at (0,2300) width 393: "Morbi fringilla, lorem non fermentum vulputate, quam metus"
      text run at (0,2320) width 398: "ullamcorper quam, eu porttitor diam metus eget augue. Donec"
      text run at (0,2340) width 380: "non lorem et arcu adipiscing suscipit. Donec porta euismod"
      text run at (0,2360) width 344: "magna a fermentum. Suspendisse vestibulum rhoncus"
      text run at (0,2380) width 393: "bibendum. Nam in nisi eget nulla vestibulum rutrum. Aenean"
      text run at (0,2400) width 101: "eu libero turpis."
