layer at (0,0) size 800x600
  RenderView at (0,0) size 800x600
layer at (0,0) size 800x600
  RenderBlock {HTML} at (0,0) size 800x600
    RenderBody {BODY} at (8,8) size 784x584
      RenderText {#text} at (63,1) size 5x19
        text run at (63,1) width 5: " "
      RenderText {#text} at (0,0) size 0x0
layer at (8,8) size 64x23 clip at (10,10) size 60x19
  RenderFlexibleBox {INPUT} at (0,0) size 64x23 [bgcolor=#FFFFFF] [border: (2px inset #808080)]
layer at (11,11) size 58x17
  RenderBlock {DIV} at (3,3) size 58x17
    RenderBlock {DIV} at (1,1) size 56x15
      RenderBlock {DIV} at (0,0) size 16x15
        RenderText {#text} at (1,1) size 14x13
          text run at (1,1) width 14: "09"
      RenderInline {DIV} at (16,0) size 4x14
        RenderText {#text} at (16,0) size 4x14
          text run at (16,0) width 4: ":"
      RenderBlock {DIV} at (19,0) size 17x15
        RenderText {#text} at (1,1) size 14x13
          text run at (1,1) width 14: "41"
      RenderInline {DIV} at (34,0) size 4x14
        RenderText {#text} at (34,0) size 4x14
          text run at (34,0) width 4: " "
      RenderBlock {DIV} at (36,0) size 20x15
        RenderText {#text} at (1,1) size 18x13
          text run at (1,1) width 18: "AM"
layer at (76,8) size 63x23 clip at (78,10) size 59x19
  RenderFlexibleBox {INPUT} at (67,0) size 65x23 [bgcolor=#FFFFFF] [border: (2px inset #808080)]
layer at (79,11) size 58x17 backgroundClip at (79,11) size 57x17 clip at (79,11) size 57x17
  RenderBlock {DIV} at (3,3) size 58x17
    RenderBlock {DIV} at (1,1) size 56x15
      RenderBlock {DIV} at (39,0) size 17x15
        RenderText {#text} at (1,1) size 14x13
          text run at (1,1) width 14: "09"
      RenderInline {DIV} at (36,0) size 4x14
        RenderText {#text} at (36,0) size 4x14
          text run at (36,0) width 4 RTL: ":"
      RenderBlock {DIV} at (20,0) size 17x15
        RenderText {#text} at (1,1) size 14x13
          text run at (1,1) width 14: "41"
      RenderInline {DIV} at (18,0) size 4x14
        RenderText {#text} at (18,0) size 4x14
          text run at (18,0) width 4 RTL: " "
      RenderBlock {DIV} at (0,0) size 20x15
        RenderText {#text} at (1,1) size 18x13
          text run at (1,1) width 18: "AM"
