layer at (0,0) size 787x1005
  RenderView at (0,0) size 785x585
layer at (0,0) size 785x1005
  RenderBlock {HTML} at (0,0) size 785x1005
    RenderBody {BODY} at (8,8) size 769x989 [bgcolor=#CCCCCC]
      RenderBlock {P} at (0,0) size 769x18
        RenderText {#text} at (0,0) size 355x17
          text run at (0,0) width 355: "The style declarations which apply to the text below are:"
      RenderBlock {PRE} at (0,34) size 769x90
        RenderText {#text} at (0,0) size 560x90
          text run at (0,0) width 552: ".zero {background-color: silver; margin-right: 0; text-align: right;}"
          text run at (552,0) width 0: " "
          text run at (0,15) width 560: ".one {margin-right: 0.5in; text-align: right; background-color: aqua;}"
          text run at (560,15) width 0: " "
          text run at (0,30) width 552: ".two {margin-right: 25px; text-align: right; background-color: aqua;}"
          text run at (552,30) width 0: " "
          text run at (0,45) width 560: ".three {margin-right: 5em; text-align: right; background-color: aqua;}"
          text run at (560,45) width 0: " "
          text run at (0,60) width 552: ".four {margin-right: 25%; text-align: right; background-color: aqua;}"
          text run at (552,60) width 0: " "
          text run at (0,75) width 416: ".five {margin-right: -10px; background-color: aqua;}"
          text run at (416,75) width 0: " "
      RenderBlock {HR} at (0,137) size 769x2 [border: (1px inset #000000)]
      RenderBlock {P} at (0,155) size 769x18 [bgcolor=#C0C0C0]
        RenderText {#text} at (566,0) size 203x17
          text run at (566,0) width 203: "This element has a class of zero."
      RenderBlock {P} at (0,189) size 721x18 [bgcolor=#00FFFF]
        RenderText {#text} at (364,0) size 357x17
          text run at (364,0) width 357: "This sentence should have a right margin of half an inch."
      RenderBlock {P} at (0,223) size 744x18 [bgcolor=#00FFFF]
        RenderText {#text} at (404,0) size 340x17
          text run at (404,0) width 340: "This sentence should have a right margin of 25 pixels."
      RenderBlock {P} at (0,257) size 689x18 [bgcolor=#00FFFF]
        RenderText {#text} at (375,0) size 314x17
          text run at (375,0) width 314: "This sentence should have a right margin of 5 em."
      RenderBlock {P} at (0,291) size 577x36 [bgcolor=#00FFFF]
        RenderText {#text} at (21,0) size 556x35
          text run at (21,0) width 556: "This sentence should have a right margin of 25%, which is calculated with respect to the"
          text run at (400,18) width 177: "width of the parent element."
      RenderBlock {UL} at (0,343) size 744x90 [bgcolor=#808080]
        RenderListItem {LI} at (40,0) size 704x18
          RenderListMarker at (-17,0) size 7x17: bullet
          RenderText {#text} at (4,0) size 700x17
            text run at (4,0) width 700: "The right margin on this unordered list has been set to 25 pixels, and the background color has been set to gray."
        RenderListItem {LI} at (40,18) size 679x54 [bgcolor=#FFFFFF]
          RenderListMarker at (-17,0) size 7x17: bullet
          RenderText {#text} at (23,0) size 677x53
            text run at (23,0) width 656: "Another list item might not be such a bad idea, either, considering that such things do need to be double-"
            text run at (2,18) width 60: "checked. "
            text run at (62,18) width 617: "This list item has its right margin also set to 25 pixels, which should combine with the list's margin"
            text run at (199,36) width 480: "to make 50 pixels of margin, and its background-color has been set to white."
        RenderListItem {LI} at (40,72) size 704x18
          RenderListMarker at (-17,0) size 7x17: bullet
          RenderText {#text} at (525,0) size 179x17
            text run at (525,0) width 179: "This is an unclassed list item"
      RenderBlock {P} at (0,449) size 769x18 [bgcolor=#C0C0C0]
        RenderText {#text} at (566,0) size 203x17
          text run at (566,0) width 203: "This element has a class of zero."
      RenderBlock {P} at (0,483) size 779x54 [bgcolor=#00FFFF]
        RenderText {#text} at (0,0) size 778x53
          text run at (0,0) width 767: "This paragraph has a right margin of -10px, which should cause it to be wider than it might otherwise be, and it has a light"
          text run at (0,18) width 114: "blue background. "
          text run at (114,18) width 386: "In all other respects, however, the element should be normal. "
          text run at (500,18) width 278: "No styles have been applied to it besides the"
          text run at (0,36) width 303: "negative right margin and the background color."
      RenderTable {TABLE} at (0,553) size 769x436 [border: (1px outset #808080)]
        RenderTableSection {TBODY} at (1,1) size 767x434
          RenderTableRow {TR} at (0,0) size 767x26
            RenderTableCell {TD} at (0,0) size 767x26 [bgcolor=#C0C0C0] [border: (1px inset #808080)] [r=0 c=0 rs=1 cs=2]
              RenderInline {STRONG} at (0,0) size 163x17
                RenderText {#text} at (4,4) size 163x17
                  text run at (4,4) width 163: "TABLE Testing Section"
          RenderTableRow {TR} at (0,26) size 767x408
            RenderTableCell {TD} at (0,217) size 12x26 [bgcolor=#C0C0C0] [border: (1px inset #808080)] [r=1 c=0 rs=1 cs=1]
              RenderText {#text} at (4,4) size 4x17
                text run at (4,4) width 4: " "
            RenderTableCell {TD} at (12,26) size 755x408 [border: (1px inset #808080)] [r=1 c=1 rs=1 cs=1]
              RenderBlock {P} at (4,4) size 747x18 [bgcolor=#C0C0C0]
                RenderText {#text} at (544,0) size 203x17
                  text run at (544,0) width 203: "This element has a class of zero."
              RenderBlock {P} at (4,38) size 699x18 [bgcolor=#00FFFF]
                RenderText {#text} at (342,0) size 357x17
                  text run at (342,0) width 357: "This sentence should have a right margin of half an inch."
              RenderBlock {P} at (4,72) size 722x18 [bgcolor=#00FFFF]
                RenderText {#text} at (382,0) size 340x17
                  text run at (382,0) width 340: "This sentence should have a right margin of 25 pixels."
              RenderBlock {P} at (4,106) size 667x18 [bgcolor=#00FFFF]
                RenderText {#text} at (353,0) size 314x17
                  text run at (353,0) width 314: "This sentence should have a right margin of 5 em."
              RenderBlock {P} at (4,140) size 561x36 [bgcolor=#00FFFF]
                RenderText {#text} at (5,0) size 556x35
                  text run at (5,0) width 556: "This sentence should have a right margin of 25%, which is calculated with respect to the"
                  text run at (384,18) width 177: "width of the parent element."
              RenderBlock {UL} at (4,192) size 722x108 [bgcolor=#808080]
                RenderListItem {LI} at (40,0) size 682x36
                  RenderListMarker at (-17,0) size 7x17: bullet
                  RenderText {#text} at (18,0) size 664x35
                    text run at (18,0) width 664: "The right margin on this unordered list has been set to 25 pixels, and the background color has been set to"
                    text run at (650,18) width 32: "gray."
                RenderListItem {LI} at (40,36) size 657x54 [bgcolor=#FFFFFF]
                  RenderListMarker at (-17,0) size 7x17: bullet
                  RenderText {#text} at (1,0) size 656x53
                    text run at (1,0) width 656: "Another list item might not be such a bad idea, either, considering that such things do need to be double-"
                    text run at (28,18) width 60: "checked. "
                    text run at (88,18) width 569: "This list item has its right margin also set to 25 pixels, which should combine with the list's"
                    text run at (129,36) width 528: "margin to make 50 pixels of margin, and its background-color has been set to white."
                RenderListItem {LI} at (40,90) size 682x18
                  RenderListMarker at (-17,0) size 7x17: bullet
                  RenderText {#text} at (503,0) size 179x17
                    text run at (503,0) width 179: "This is an unclassed list item"
              RenderBlock {P} at (4,316) size 747x18 [bgcolor=#C0C0C0]
                RenderText {#text} at (544,0) size 203x17
                  text run at (544,0) width 203: "This element has a class of zero."
              RenderBlock {P} at (4,350) size 757x54 [bgcolor=#00FFFF]
                RenderText {#text} at (0,0) size 737x53
                  text run at (0,0) width 735: "This paragraph has a right margin of -10px, which should cause it to be wider than it might otherwise be, and it has a"
                  text run at (0,18) width 146: "light blue background. "
                  text run at (146,18) width 386: "In all other respects, however, the element should be normal. "
                  text run at (532,18) width 205: "No styles have been applied to it"
                  text run at (0,36) width 376: "besides the negative right margin and the background color."
