layer at (0,0) size 800x600
  RenderView at (0,0) size 800x600
layer at (0,0) size 800x600
  RenderBlock {HTML} at (0,0) size 800x600
    RenderBody {BODY} at (8,8) size 784x576
      RenderBlock {P} at (0,0) size 784x40
        RenderText {#text} at (0,0) size 569x19
          text run at (0,0) width 451: "This tests that locally-installed fonts are used for a family of the same "
          text run at (450,0) width 119: "name defined in a "
        RenderInline {TT} at (0,0) size 79x14
          RenderText {#text} at (568,5) size 79x14
            text run at (568,5) width 79: "@font-face"
        RenderText {#text} at (646,0) size 756x39
          text run at (646,0) width 110: " rule if they are a"
          text run at (0,20) width 116: "better match than "
          text run at (115,20) width 53: "the rule."
      RenderBlock {P} at (0,56) size 784x22
        RenderText {#text} at (0,0) size 243x21
          text run at (0,0) width 243: "This should be Lucida Grande "
        RenderInline {I} at (0,0) size 201x19
          RenderText {#text} at (242,2) size 201x19
            text run at (242,2) width 201: "and this should be Times Italic."
        RenderText {#text} at (0,0) size 0x0
      RenderBlock {P} at (0,94) size 784x21
        RenderText {#text} at (0,1) size 142x19
          text run at (0,1) width 142: "This should be Times "
        RenderInline {B} at (0,0) size 262x20
          RenderText {#text} at (141,0) size 262x20
            text run at (141,0) width 262: "and this should be Helvetica Bold."
        RenderText {#text} at (0,0) size 0x0
      RenderBlock {P} at (0,131) size 784x21
        RenderText {#text} at (0,1) size 479x19
          text run at (0,1) width 479: "UPPERCASE SHOULD BE MONACO and lowercase should be times."
