layer at (0,0) size 800x600
  RenderView at (0,0) size 800x600
layer at (0,0) size 800x600
  RenderBlock {HTML} at (0,0) size 800x600
    RenderBody {BODY} at (8,8) size 784x584
      RenderBlock {P} at (0,0) size 784x20
        RenderText {#text} at (0,0) size 571x19
          text run at (0,0) width 538: "This tests to make sure that plaintext-only regions aren't styled if they aren't fully selected. "
          text run at (538,0) width 33: "Only "
        RenderInline {B} at (0,0) size 21x19
          RenderText {#text} at (571,0) size 21x19
            text run at (571,0) width 21: "foo"
        RenderText {#text} at (592,0) size 138x19
          text run at (592,0) width 138: " should be bold below."
      RenderBlock {DIV} at (0,36) size 784x50
        RenderBlock {DIV} at (0,0) size 784x20
          RenderInline {B} at (0,0) size 21x19
            RenderText {#text} at (0,0) size 21x19
              text run at (0,0) width 21: "foo"
        RenderTable {TABLE} at (0,20) size 172x30 [border: (1px outset #808080)]
          RenderTableSection {TBODY} at (1,1) size 170x28
            RenderTableRow {TR} at (0,2) size 170x24
              RenderTableCell {TD} at (2,2) size 79x24 [border: (1px inset #808080)] [r=0 c=0 rs=1 cs=1]
                RenderText {#text} at (2,2) size 75x19
                  text run at (2,2) width 75: "non-editable"
              RenderTableCell {TD} at (83,2) size 85x24 [border: (1px inset #808080)] [r=0 c=1 rs=1 cs=1]
                RenderInline {SPAN} at (0,0) size 50x19
                  RenderText {#text} at (2,2) size 50x19
                    text run at (2,2) width 50: "plaintext"
                RenderText {#text} at (52,2) size 31x19
                  text run at (52,2) width 31: "-only"
selection start: position 0 of child 0 {#text} of child 0 {B} of child 0 {DIV} of child 2 {DIV} of body
selection end:   position 9 of child 0 {#text} of child 0 {SPAN} of child 1 {TD} of child 0 {TR} of child 0 {TBODY} of child 1 {TABLE} of child 2 {DIV} of body
