EDITING DELEGATE: shouldBeginEditingInDOMRange:range from 0 of DIV > BODY > HTML > #document to 3 of DIV > BODY > HTML > #document
EDITING DELEGATE: webViewDidBeginEditing:WebViewDidBeginEditingNotification
EDITING DELEGATE: webViewDidChangeSelection:WebViewDidChangeSelectionNotification
EDITING DELEGATE: webViewDidChangeSelection:WebViewDidChangeSelectionNotification
EDITING DELEGATE: webViewDidChangeSelection:WebViewDidChangeSelectionNotification
EDITING DELEGATE: webViewDidChangeSelection:WebViewDidChangeSelectionNotification
EDITING DELEGATE: shouldChangeSelectedDOMRange:range from 3 of #text > DIV > DIV > DIV > BODY > HTML > #document to 3 of #text > DIV > DIV > DIV > BODY > HTML > #document toDOMRange:range from 0 of DIV > DIV > DIV > BODY > HTML > #document to 0 of DIV > DIV > DIV > BODY > HTML > #document affinity:NSSelectionAffinityDownstream stillSelecting:FALSE
EDITING DELEGATE: webViewDidChangeSelection:WebViewDidChangeSelectionNotification
EDITING DELEGATE: webViewDidChange:WebViewDidChangeNotification
layer at (0,0) size 800x600
  RenderView at (0,0) size 800x600
layer at (0,0) size 800x600
  RenderBlock {HTML} at (0,0) size 800x600
    RenderBody {BODY} at (8,8) size 784x584
      RenderBlock {DIV} at (0,0) size 784x237 [border: (2px solid #0000FF)]
        RenderBlock {DIV} at (14,14) size 756x83
          RenderText {#text} at (0,0) size 65x26
            text run at (0,0) width 65: "Tests: "
          RenderBR {BR} at (65,0) size 0x26
          RenderText {#text} at (0,27) size 162x27
            text run at (0,27) width 162: "Fix for this bug: "
          RenderInline {A} at (0,0) size 260x27 [color=#0000EE]
            RenderText {#text} at (162,27) size 260x27
              text run at (162,27) width 260: "<rdar://problem/3977962>"
          RenderText {#text} at (422,27) size 749x55
            text run at (422,27) width 327: " font loses bold style after pasting"
            text run at (0,55) width 384: "next to existing text and pressing return"
        RenderBlock {DIV} at (14,113) size 756x110
          RenderBlock (anonymous) at (0,0) size 756x55
            RenderText {#text} at (0,0) size 189x26
              text run at (0,0) width 189: "Expected Results: "
            RenderBR {BR} at (189,0) size 0x26
            RenderText {#text} at (0,27) size 436x27
              text run at (0,27) width 436: "Should see this content in the red box below:"
          RenderBlock {DIV} at (0,55) size 756x55
            RenderBlock (anonymous) at (0,0) size 756x28
              RenderText {#text} at (0,0) size 32x27
                text run at (0,0) width 32: "foo"
            RenderBlock {DIV} at (0,28) size 756x27
              RenderInline {B} at (0,0) size 36x26
                RenderText {#text} at (0,0) size 36x26
                  text run at (0,0) width 36: "bar"
      RenderBlock {DIV} at (0,261) size 784x59
        RenderBlock {DIV} at (0,0) size 784x59 [border: (2px solid #FF0000)]
          RenderBlock {DIV} at (2,2) size 780x28
            RenderText {#text} at (0,0) size 32x27
              text run at (0,0) width 32: "foo"
          RenderBlock {DIV} at (2,30) size 780x27
            RenderInline {B} at (0,0) size 36x26
              RenderText {#text} at (0,0) size 36x26
                text run at (0,0) width 36: "bar"
caret: position 0 of child 0 {#text} of child 0 {B} of child 1 {DIV} of child 1 {DIV} of child 3 {DIV} of body
