EDITING DELEGATE: shouldBeginEditingInDOMRange:range from 0 of BODY > HTML > #document to 6 of BODY > HTML > #document
EDITING DELEGATE: webViewDidBeginEditing:WebViewDidBeginEditingNotification
EDITING DELEGATE: webViewDidChangeSelection:WebViewDidChangeSelectionNotification
EDITING DELEGATE: webViewDidChangeSelection:WebViewDidChangeSelectionNotification
EDITING DELEGATE: webViewDidChange:WebViewDidChangeNotification
layer at (0,0) size 800x600
  RenderView at (0,0) size 800x600
layer at (0,0) size 800x600
  RenderBlock {HTML} at (0,0) size 800x600
    RenderBody {BODY} at (8,8) size 784x584
      RenderBlock {DIV} at (0,0) size 784x56 [border: (2px solid #FF0000)]
        RenderText {#text} at (204,14) size 281x27
          text run at (204,14) width 281: "Here is some text. Should be "
        RenderInline {B} at (0,0) size 90x26
          RenderText {#text} at (484,14) size 90x26
            text run at (484,14) width 90: "centered"
        RenderText {#text} at (573,14) size 7x27
          text run at (573,14) width 7: "."
      RenderBlock {DIV} at (0,56) size 784x56 [border: (2px solid #FF0000)]
        RenderText {#text} at (14,14) size 280x27
          text run at (14,14) width 280: "Here is some text. Should be "
        RenderInline {B} at (0,0) size 88x26
          RenderText {#text} at (294,14) size 88x26
            text run at (294,14) width 88: "flush left"
        RenderText {#text} at (382,14) size 6x27
          text run at (382,14) width 6: "."
caret: position 1 of child 0 {#text} of child 1 {DIV} of body
