EDITING DELEGATE: shouldBeginEditingInDOMRange:range from 0 of BODY > HTML > #document to 6 of BODY > HTML > #document
EDITING DELEGATE: webViewDidBeginEditing:WebViewDidBeginEditingNotification
EDITING DELEGATE: webViewDidChangeSelection:WebViewDidChangeSelectionNotification
EDITING DELEGATE: webViewDidChangeSelection:WebViewDidChangeSelectionNotification
EDITING DELEGATE: shouldChangeSelectedDOMRange:range from 1 of DIV > DIV > BODY > HTML > #document to 1 of DIV > DIV > BODY > HTML > #document toDOMRange:range from 0 of DIV > DIV > DIV > BODY > HTML > #document to 0 of DIV > DIV > DIV > BODY > HTML > #document affinity:NSSelectionAffinityDownstream stillSelecting:FALSE
EDITING DELEGATE: webViewDidChangeSelection:WebViewDidChangeSelectionNotification
EDITING DELEGATE: webViewDidChange:WebViewDidChangeNotification
layer at (0,0) size 800x600
  RenderView at (0,0) size 800x600
layer at (0,0) size 800x600
  RenderBlock {HTML} at (0,0) size 800x600
    RenderBody {BODY} at (8,8) size 784x584
      RenderBlock {DIV} at (0,0) size 784x84 [border: (2px solid #0000FF)]
        RenderText {#text} at (14,14) size 717x55
          text run at (14,14) width 711: "Should see \"foo\" centered in its own red box, followed by left-aligned two"
          text run at (725,14) width 6: " "
          text run at (14,42) width 419: "lines, \"bar\" and \"baz\", in their own red box."
      RenderBlock {DIV} at (0,108) size 784x112
        RenderBlock {DIV} at (0,0) size 784x112 [border: (2px solid #FF0000)]
          RenderBlock {DIV} at (14,14) size 756x28
            RenderText {#text} at (362,0) size 32x27
              text run at (362,0) width 32: "foo"
          RenderBlock (anonymous) at (14,42) size 756x56
            RenderText {#text} at (0,0) size 31x27
              text run at (0,0) width 31: "bar"
            RenderBR {BR} at (31,0) size 0x27
            RenderText {#text} at (0,28) size 33x27
              text run at (0,28) width 33: "baz"
caret: position 0 of child 0 {#text} of child 0 {DIV} of child 1 {DIV} of child 3 {DIV} of body
