EDITING DELEGATE: shouldBeginEditingInDOMRange:range from 0 of BODY > HTML > #document to 5 of BODY > HTML > #document
EDITING DELEGATE: webViewDidBeginEditing:WebViewDidBeginEditingNotification
EDITING DELEGATE: webViewDidChangeSelection:WebViewDidChangeSelectionNotification
EDITING DELEGATE: shouldChangeSelectedDOMRange:range from 25 of #text > B > DIV > BODY > HTML > #document to 25 of #text > B > DIV > BODY > HTML > #document toDOMRange:range from 0 of #text > B > DIV > BODY > HTML > #document to 25 of #text > B > DIV > BODY > HTML > #document affinity:NSSelectionAffinityDownstream stillSelecting:FALSE
EDITING DELEGATE: webViewDidChangeSelection:WebViewDidChangeSelectionNotification
EDITING DELEGATE: webViewDidChange:WebViewDidChangeNotification
layer at (0,0) size 800x600
  RenderView at (0,0) size 800x600
layer at (0,0) size 800x600
  RenderBlock {HTML} at (0,0) size 800x600
    RenderBody {BODY} at (8,8) size 784x584
      RenderBlock {P} at (0,0) size 784x20
        RenderText {#text} at (0,0) size 702x19
          text run at (0,0) width 702: "This tests to make sure that rich editing commands like Bold can be performed on text in a document in design mode."
      RenderBlock {DIV} at (0,36) size 784x20
        RenderInline {B} at (0,0) size 162x19
          RenderText {#text} at (0,0) size 162x19
            text run at (0,0) width 162: "This text should be bold."
selection start: position 0 of child 0 {#text} of child 0 {B} of child 2 {DIV} of body
selection end:   position 25 of child 0 {#text} of child 0 {B} of child 2 {DIV} of body
