EDITING DELEGATE: shouldBeginEditingInDOMRange:range from 0 of BODY > HTML > #document to 8 of BODY > HTML > #document
EDITING DELEGATE: webViewDidBeginEditing:WebViewDidBeginEditingNotification
EDITING DELEGATE: webViewDidChangeSelection:WebViewDidChangeSelectionNotification
EDITING DELEGATE: webViewDidChangeSelection:WebViewDidChangeSelectionNotification
EDITING DELEGATE: webViewDidChangeSelection:WebViewDidChangeSelectionNotification
EDITING DELEGATE: webViewDidChangeSelection:WebViewDidChangeSelectionNotification
EDITING DELEGATE: webViewDidChangeSelection:WebViewDidChangeSelectionNotification
EDITING DELEGATE: webViewDidChangeSelection:WebViewDidChangeSelectionNotification
EDITING DELEGATE: webViewDidChangeSelection:WebViewDidChangeSelectionNotification
EDITING DELEGATE: webViewDidChangeSelection:WebViewDidChangeSelectionNotification
EDITING DELEGATE: shouldChangeSelectedDOMRange:range from 1 of #text > DIV > DIV > BODY > HTML > #document to 25 of #text > DIV > DIV > BODY > HTML > #document toDOMRange:range from 1 of #text > DIV > DIV > BODY > HTML > #document to 25 of #text > DIV > DIV > BODY > HTML > #document affinity:NSSelectionAffinityDownstream stillSelecting:FALSE
EDITING DELEGATE: webViewDidChangeSelection:WebViewDidChangeSelectionNotification
EDITING DELEGATE: webViewDidChange:WebViewDidChangeNotification
EDITING DELEGATE: shouldChangeSelectedDOMRange:range from 1 of #text > DIV > DIV > BODY > HTML > #document to 25 of #text > DIV > DIV > BODY > HTML > #document toDOMRange:range from 1 of #text > DIV > DIV > BODY > HTML > #document to 25 of #text > DIV > DIV > BODY > HTML > #document affinity:NSSelectionAffinityDownstream stillSelecting:FALSE
EDITING DELEGATE: webViewDidChangeSelection:WebViewDidChangeSelectionNotification
EDITING DELEGATE: webViewDidChange:WebViewDidChangeNotification
EDITING DELEGATE: shouldChangeSelectedDOMRange:range from 1 of #text > DIV > DIV > BODY > HTML > #document to 25 of #text > DIV > DIV > BODY > HTML > #document toDOMRange:range from 1 of #text > DIV > DIV > BODY > HTML > #document to 25 of #text > DIV > DIV > BODY > HTML > #document affinity:NSSelectionAffinityDownstream stillSelecting:FALSE
EDITING DELEGATE: webViewDidChangeSelection:WebViewDidChangeSelectionNotification
EDITING DELEGATE: webViewDidChange:WebViewDidChangeNotification
EDITING DELEGATE: shouldChangeSelectedDOMRange:range from 1 of #text > DIV > DIV > BODY > HTML > #document to 25 of #text > DIV > DIV > BODY > HTML > #document toDOMRange:range from 1 of #text > DIV > DIV > BODY > HTML > #document to 25 of #text > DIV > DIV > BODY > HTML > #document affinity:NSSelectionAffinityDownstream stillSelecting:FALSE
EDITING DELEGATE: webViewDidChangeSelection:WebViewDidChangeSelectionNotification
EDITING DELEGATE: webViewDidChange:WebViewDidChangeNotification
EDITING DELEGATE: shouldChangeSelectedDOMRange:range from 1 of #text > DIV > DIV > BODY > HTML > #document to 25 of #text > DIV > DIV > BODY > HTML > #document toDOMRange:range from 1 of #text > DIV > DIV > BODY > HTML > #document to 25 of #text > DIV > DIV > BODY > HTML > #document affinity:NSSelectionAffinityDownstream stillSelecting:FALSE
EDITING DELEGATE: webViewDidChangeSelection:WebViewDidChangeSelectionNotification
EDITING DELEGATE: webViewDidChange:WebViewDidChangeNotification
EDITING DELEGATE: shouldChangeSelectedDOMRange:range from 1 of #text > DIV > DIV > BODY > HTML > #document to 25 of #text > DIV > DIV > BODY > HTML > #document toDOMRange:range from 1 of #text > DIV > DIV > BODY > HTML > #document to 25 of #text > DIV > DIV > BODY > HTML > #document affinity:NSSelectionAffinityDownstream stillSelecting:FALSE
EDITING DELEGATE: webViewDidChangeSelection:WebViewDidChangeSelectionNotification
EDITING DELEGATE: webViewDidChange:WebViewDidChangeNotification
layer at (0,0) size 800x600
  RenderView at (0,0) size 800x600
layer at (0,0) size 800x600
  RenderBlock {HTML} at (0,0) size 800x600
    RenderBody {BODY} at (8,8) size 784x584
      RenderBlock {DIV} at (0,0) size 784x82 [border: (2px solid #0000FF)]
        RenderText {#text} at (14,14) size 721x53
          text run at (14,14) width 721: "Size check should say: 30px. All text in the red boxes should appear to be "
          text run at (14,41) width 54: "30px."
      RenderBlock {DIV} at (0,106) size 784x27
        RenderText {#text} at (0,0) size 118x26
          text run at (0,0) width 118: "Size check: "
        RenderInline {SPAN} at (0,0) size 48x26
          RenderText {#text} at (118,0) size 48x26
            text run at (118,0) width 48: "30px"
      RenderBlock {DIV} at (0,149) size 784x161
        RenderBlock {DIV} at (0,0) size 784x161 [border: (2px solid #FF0000)]
          RenderBlock (anonymous) at (14,14) size 756x35
            RenderText {#text} at (0,0) size 169x34
              text run at (0,0) width 169: "There is a tide"
          RenderBlock {DIV} at (14,49) size 756x63 [border: (2px solid #FF0000)]
            RenderText {#text} at (14,14) size 242x34
              text run at (14,14) width 242: "In the affairs of men"
          RenderBlock (anonymous) at (14,112) size 756x35
            RenderText {#text} at (0,0) size 293x34
              text run at (0,0) width 293: "Which taken at the flood"
selection start: position 1 of child 0 {#text} of child 1 {DIV} of child 5 {DIV} of body
selection end:   position 25 of child 2 {#text} of child 1 {DIV} of child 5 {DIV} of body
