layer at (0,0) size 785x624
  RenderView at (0,0) size 785x600
layer at (0,0) size 785x624
  RenderBlock {html} at (0,0) size 785x625
    RenderBody {body} at (8,8) size 769x594
      RenderBlock (anonymous) at (0,0) size 769x52
        RenderText {#text} at (0,0) size 758x52
          text run at (0,0) width 357: "The two blocks should look identical. "
          text run at (357,0) width 401: "One uses an SVG, and the other just uses a"
          text run at (0,26) width 179: "normal HTML div."
      RenderBlock {p} at (0,75) size 769x27
        RenderText {#text} at (0,0) size 524x26
          text run at (0,0) width 524: "There should be a red, white and blue pattern below this"
      RenderSVGRoot {svg} at (18,142) size 140x141
        RenderSVGRect {rect} at (18,142) size 140x141 [fill={[type=SOLID] [color=#0000FF]}] [x=0.00] [y=0.00] [width=100.00] [height=100.00]
      RenderBlock {p} at (0,284) size 769x27
        RenderText {#text} at (0,0) size 523x26
          text run at (0,0) width 523: "There should be a red, white and blue pattern above this"
      RenderBlock {hr} at (0,333) size 769x3 [border: (1px inset #000000)]
      RenderBlock {p} at (0,358) size 769x27
        RenderText {#text} at (0,0) size 524x26
          text run at (0,0) width 524: "There should be a red, white and blue pattern below this"
      RenderBlock (floating) {div} at (10,417) size 140x141 [border: (10px solid #FF0000)]
        RenderBlock {div} at (20,20) size 100x100 [bgcolor=#0000FF]
      RenderBlock {p} at (0,567) size 769x27
        RenderText {#text} at (0,0) size 523x26
          text run at (0,0) width 523: "There should be a red, white and blue pattern above this"
