layer at (0,0) size 785x654
  RenderView at (0,0) size 785x600
layer at (0,0) size 785x654
  RenderBlock {HTML} at (0,0) size 785x654
    RenderBody {BODY} at (8,8) size 769x638
      RenderBlock {DIV} at (0,0) size 32x638 [border: (1px solid #FF0000)]
        RenderTextControl {INPUT} at (3,3) size 192x24 [bgcolor=#FFFFFF] [border: (2px inset #000000)]
        RenderTextControl {INPUT} at (3,31) size 192x24 [bgcolor=#FFFFFF] [border: (2px inset #000000)]
        RenderText {#text} at (0,0) size 0x0
        RenderImage {IMG} at (1,57) size 27x27 [border: (1px solid #000000)]
        RenderImage {IMG} at (1,84) size 27x27 [border: (1px solid #000000)]
        RenderText {#text} at (0,0) size 0x0
        RenderButton {INPUT} at (3,113) size 51x27 [color=#000000CC] [bgcolor=#C0C0C0] [border: (2px outset #C0C0C0)]
          RenderBlock (anonymous) at (8,4) size 35x18
            RenderText at (0,0) size 35x17
              text run at (0,0) width 35: "input"
        RenderButton {INPUT} at (3,144) size 51x27 [color=#000000CC] [bgcolor=#C0C0C0] [border: (2px outset #C0C0C0)]
          RenderBlock (anonymous) at (8,4) size 35x18
            RenderText at (0,0) size 35x17
              text run at (0,0) width 35: "input"
        RenderText {#text} at (0,0) size 0x0
        RenderButton {BUTTON} at (3,175) size 60x27 [color=#000000CC] [bgcolor=#C0C0C0] [border: (2px outset #C0C0C0)]
          RenderBlock (anonymous) at (8,4) size 44x18
            RenderText {#text} at (0,0) size 44x17
              text run at (0,0) width 44: "button"
        RenderButton {BUTTON} at (3,206) size 60x27 [color=#000000CC] [bgcolor=#C0C0C0] [border: (2px outset #C0C0C0)]
          RenderBlock (anonymous) at (8,4) size 44x18
            RenderText {#text} at (0,0) size 44x17
              text run at (0,0) width 44: "button"
        RenderText {#text} at (0,0) size 0x0
        RenderMenuList {SELECT} at (3,237) size 70x30 [bgcolor=#FFFFFF] [border: (1px solid #000000)]
          RenderBlock (anonymous) at (1,1) size 68x28
            RenderText at (5,5) size 42x17
              text run at (5,5) width 42: "select"
        RenderMenuList {SELECT} at (3,271) size 70x30 [bgcolor=#FFFFFF] [border: (1px solid #000000)]
          RenderBlock (anonymous) at (1,1) size 68x28
            RenderText at (5,5) size 42x17
              text run at (5,5) width 42: "select"
        RenderText {#text} at (0,0) size 0x0
        RenderListBox {SELECT} at (3,305) size 63x73 [bgcolor=#FFFFFF] [border: (1px inset #808080)]
        RenderListBox {SELECT} at (3,382) size 63x73 [bgcolor=#FFFFFF] [border: (1px inset #808080)]
        RenderText {#text} at (0,0) size 0x0
        RenderBlock {INPUT} at (3,460) size 12x12
        RenderBlock {INPUT} at (3,478) size 12x12
        RenderText {#text} at (0,0) size 0x0
        RenderBlock {INPUT} at (3,496) size 12x12
        RenderBlock {INPUT} at (3,514) size 12x12
        RenderText {#text} at (0,0) size 0x0
        RenderIFrame {IFRAME} at (1,529) size 27x27 [border: (1px solid #000000)]
          layer at (0,0) size 25x25
            RenderView at (0,0) size 25x25
          layer at (0,0) size 25x25
            RenderBlock {HTML} at (0,0) size 25x25
              RenderBody {BODY} at (8,8) size 9x9
        RenderIFrame {IFRAME} at (1,556) size 27x27 [border: (1px solid #000000)]
          layer at (0,0) size 25x25
            RenderView at (0,0) size 25x25
          layer at (0,0) size 25x25
            RenderBlock {HTML} at (0,0) size 25x25
              RenderBody {BODY} at (8,8) size 9x9
        RenderText {#text} at (0,0) size 0x0
        RenderEmbeddedObject {EMBED} at (1,583) size 27x27 [border: (1px solid #000000)]
        RenderEmbeddedObject {EMBED} at (1,610) size 27x27 [border: (1px solid #000000)]
        RenderText {#text} at (0,0) size 0x0
layer at (14,14) size 186x18
  RenderBlock {DIV} at (3,3) size 186x18
layer at (14,42) size 186x18
  RenderBlock {DIV} at (3,3) size 186x18
