layer at (0,0) size 800x600
  RenderView at (0,0) size 800x600
layer at (0,0) size 800x600
  RenderBlock {HTML} at (0,0) size 800x600
    RenderBody {BODY} at (8,8) size 784x584
      RenderBlock {DIV} at (0,0) size 10x43
        RenderText {#text} at (0,0) size 25x17
          text run at (0,0) width 25: "Foo"
        RenderImage {IMG} at (0,18) size 25x25
      RenderBlock {DIV} at (0,43) size 10x52
        RenderText {#text} at (0,0) size 25x17
          text run at (0,0) width 25: "Foo"
        RenderMenuList {SELECT} at (2,20) size 58x30 [bgcolor=#FFFFFF] [border: (1px solid #000000)]
          RenderBlock (anonymous) at (1,1) size 56x28
            RenderText at (5,5) size 30x17
              text run at (5,5) width 30: "One"
      RenderBlock {DIV} at (0,95) size 10x46
        RenderText {#text} at (0,0) size 25x17
          text run at (0,0) width 25: "Foo"
        RenderTextControl {INPUT} at (2,20) size 192x24 [bgcolor=#FFFFFF] [border: (2px inset #000000)]
      RenderBlock {DIV} at (0,141) size 10x43
        RenderImage {IMG} at (0,0) size 25x25
        RenderText {#text} at (0,25) size 25x17
          text run at (0,25) width 25: "Foo"
      RenderBlock {DIV} at (0,184) size 10x52
        RenderMenuList {SELECT} at (2,2) size 58x30 [bgcolor=#FFFFFF] [border: (1px solid #000000)]
          RenderBlock (anonymous) at (1,1) size 56x28
            RenderText at (5,5) size 30x17
              text run at (5,5) width 30: "One"
        RenderText {#text} at (0,34) size 25x17
          text run at (0,34) width 25: "Foo"
      RenderBlock {DIV} at (0,236) size 10x46
        RenderTextControl {INPUT} at (2,2) size 192x24 [bgcolor=#FFFFFF] [border: (2px inset #000000)]
        RenderText {#text} at (0,28) size 25x17
          text run at (0,28) width 25: "Foo"
layer at (13,126) size 186x18
  RenderBlock {DIV} at (3,3) size 186x18
layer at (13,249) size 186x18
  RenderBlock {DIV} at (3,3) size 186x18
