layer at (0,0) size 800x600
  RenderView at (0,0) size 800x600
layer at (0,0) size 800x600
  RenderBlock {HTML} at (0,0) size 800x600
    RenderBody {BODY} at (8,8) size 784x584
      RenderBlock (anonymous) at (0,0) size 784x18
        RenderText {#text} at (0,0) size 309x17
          text run at (0,0) width 309: "The following sets of buttons should not overlap."
      RenderTable {TABLE} at (0,18) size 784x35
        RenderTableSection {TBODY} at (0,0) size 784x35
          RenderTableRow {TR} at (0,1) size 784x33
            RenderTableCell {TD} at (1,1) size 85x33 [r=0 c=0 rs=1 cs=1]
              RenderButton {INPUT} at (1,3) size 83x27 [color=#2E3436] [bgcolor=#C0C0C0] [border: (2px outset #C0C0C0)]
                RenderBlock (anonymous) at (8,4) size 67x18
                  RenderText at (0,0) size 67x17
                    text run at (0,0) width 67: "New Mail"
            RenderTableCell {TD} at (87,1) size 60x33 [r=0 c=1 rs=1 cs=1]
              RenderButton {INPUT} at (1,3) size 58x27 [color=#2E3436] [bgcolor=#C0C0C0] [border: (2px outset #C0C0C0)]
                RenderBlock (anonymous) at (8,4) size 42x18
                  RenderText at (0,0) size 42x17
                    text run at (0,0) width 42: "Reply"
            RenderTableCell {TD} at (148,1) size 83x33 [r=0 c=2 rs=1 cs=1]
              RenderButton {INPUT} at (1,3) size 81x27 [color=#2E3436] [bgcolor=#C0C0C0] [border: (2px outset #C0C0C0)]
                RenderBlock (anonymous) at (8,4) size 65x18
                  RenderText at (0,0) size 65x17
                    text run at (0,0) width 65: "Reply All"
            RenderTableCell {TD} at (232,7) size 551x21 [r=0 c=3 rs=1 cs=1]
              RenderText {#text} at (1,1) size 4x18
                text run at (1,2) width 4: " "
      RenderBlock (anonymous) at (0,53) size 784x36
        RenderBR {BR} at (0,0) size 0x17
        RenderBR {BR} at (0,18) size 0x17
      RenderTable {TABLE} at (0,89) size 784x35
        RenderTableSection {TBODY} at (0,0) size 784x35
          RenderTableRow {TR} at (0,1) size 784x33
            RenderTableCell {TD} at (1,1) size 85x33 [r=0 c=0 rs=1 cs=1]
              RenderButton {INPUT} at (1,3) size 83x27 [color=#2E3436] [bgcolor=#C0C0C0] [border: (2px outset #C0C0C0)]
                RenderBlock (anonymous) at (8,4) size 67x18
                  RenderText at (0,0) size 67x17
                    text run at (0,0) width 67: "New Mail"
            RenderTableCell {TD} at (87,1) size 60x33 [r=0 c=1 rs=1 cs=1]
              RenderButton {INPUT} at (1,3) size 58x27 [color=#2E3436] [bgcolor=#C0C0C0] [border: (2px outset #C0C0C0)]
                RenderBlock (anonymous) at (8,4) size 42x18
                  RenderText at (0,0) size 42x17
                    text run at (0,0) width 42: "Reply"
            RenderTableCell {TD} at (148,1) size 83x33 [r=0 c=2 rs=1 cs=1]
              RenderButton {INPUT} at (1,3) size 81x27 [color=#2E3436] [bgcolor=#C0C0C0] [border: (2px outset #C0C0C0)]
                RenderBlock (anonymous) at (8,4) size 65x18
                  RenderText at (0,0) size 65x17
                    text run at (0,0) width 65: "Reply All"
            RenderTableCell {TD} at (232,7) size 551x21 [r=0 c=3 rs=1 cs=1]
              RenderText {#text} at (1,1) size 4x18
                text run at (1,2) width 4: " "
