layer at (0,0) size 800x664
  RenderView at (0,0) size 800x600
layer at (0,0) size 800x664
  RenderBlock {HTML} at (0,0) size 800x664
    RenderBody {BODY} at (8,8) size 784x636
      RenderBlock {P} at (0,0) size 784x40
        RenderText {#text} at (0,0) size 54x19
          text run at (0,0) width 54: "Test for "
        RenderInline {I} at (0,0) size 755x39
          RenderInline {A} at (0,0) size 305x19 [color=#0000EE]
            RenderText {#text} at (53,0) size 305x19
              text run at (53,0) width 305: "http://bugs.webkit.org/show_bug.cgi?id=14875"
          RenderText {#text} at (357,0) size 755x39
            text run at (357,0) width 5: " "
            text run at (361,0) width 394: "Textarea with nowrap - left/right nav, Up/down nav both hide"
            text run at (0,20) width 24: "text"
        RenderText {#text} at (23,20) size 5x19
          text run at (23,20) width 5: "."
      RenderBlock {P} at (0,56) size 784x20
        RenderText {#text} at (0,0) size 465x19
          text run at (0,0) width 465: "The letter A should be fully visible in each one of the eight boxes below."
layer at (28,104) size 150x50 scrollWidth 200
  RenderBlock {DIV} at (20,96) size 150x50
    RenderBlock {DIV} at (0,0) size 200x20
      RenderText {#text} at (188,0) size 12x19
        text run at (188,0) width 12: "A"
layer at (28,174) size 160x50 clip at (38,174) size 150x50 scrollWidth 200
  RenderBlock {DIV} at (20,166) size 160x50 [border: none (10px solid #000000)]
    RenderBlock {DIV} at (10,0) size 200x20
      RenderText {#text} at (188,0) size 12x19
        text run at (188,0) width 12: "A"
layer at (28,244) size 160x50 clip at (28,244) size 150x50 scrollWidth 200
  RenderBlock {DIV} at (20,236) size 160x50 [border: none (10px solid #000000) none]
    RenderBlock {DIV} at (0,0) size 200x20
      RenderText {#text} at (188,0) size 12x19
        text run at (188,0) width 12: "A"
layer at (28,314) size 150x50 scrollWidth 200
  RenderBlock {DIV} at (20,306) size 150x50
    RenderBlock {DIV} at (0,0) size 200x20
      RenderText {#text} at (188,0) size 12x19
        text run at (188,0) width 12: "A"
layer at (28,384) size 150x50 scrollX 50 scrollWidth 200
  RenderBlock {DIV} at (20,376) size 150x50
    RenderBlock {DIV} at (0,0) size 200x20
      RenderText {#text} at (0,0) size 12x19
        text run at (0,0) width 12: "A"
layer at (28,454) size 160x50 clip at (38,454) size 150x50 scrollX 50 scrollWidth 200
  RenderBlock {DIV} at (20,446) size 160x50 [border: none (10px solid #000000)]
    RenderBlock {DIV} at (10,0) size 200x20
      RenderText {#text} at (0,0) size 12x19
        text run at (0,0) width 12: "A"
layer at (28,524) size 160x50 clip at (28,524) size 150x50 scrollX 50 scrollWidth 200
  RenderBlock {DIV} at (20,516) size 160x50 [border: none (10px solid #000000) none]
    RenderBlock {DIV} at (0,0) size 200x20
      RenderText {#text} at (0,0) size 12x19
        text run at (0,0) width 12: "A"
layer at (28,594) size 150x50 scrollX 50 scrollWidth 200
  RenderBlock {DIV} at (20,586) size 150x50
    RenderBlock {DIV} at (0,0) size 200x20
      RenderText {#text} at (0,0) size 12x19
        text run at (0,0) width 12: "A"
