layer at (0,0) size 800x600
  RenderView at (0,0) size 800x600
layer at (0,0) size 800x600
  RenderBlock {HTML} at (0,0) size 800x600
    RenderBody {BODY} at (8,8) size 784x584
      RenderBlock {P} at (0,0) size 784x40
        RenderInline {A} at (0,0) size 310x19 [color=#0000EE]
          RenderText {#text} at (0,0) size 310x19
            text run at (0,0) width 310: "https://bugs.webkit.org/show_bug.cgi?id=25066"
        RenderBR {BR} at (309,0) size 1x19
        RenderText {#text} at (0,20) size 421x19
          text run at (0,20) width 421: "controls should not be misplaced when video gets a RenderLayer."
      RenderBlock (anonymous) at (0,56) size 784x252
        RenderText {#text} at (0,0) size 0x0
        RenderText {#text} at (0,0) size 0x0
layer at (58,114) size 302x152
  RenderVideo {VIDEO} at (50,50) size 302x152 [border: (1px solid #000000)]
layer at (59,115) size 300x150 scrollHeight 200
  RenderFlexibleBox {DIV} at (1,1) size 300x150
layer at (173,154) size 72x72
  RenderBlock (positioned) {DIV} at (114,39) size 72x72
layer at (173,154) size 72x72
  RenderBlock (positioned) {DIV} at (0,0) size 72x72
layer at (173,154) size 72x72
  RenderBlock (positioned) {DIV} at (0,0) size 72x72
