layer at (0,0) size 800x600
  RenderView at (0,0) size 800x600
layer at (0,0) size 800x600
  RenderBlock {HTML} at (0,0) size 800x600
    RenderBody {BODY} at (8,8) size 784x584
      RenderText {#text} at (0,0) size 783x59
        text run at (0,0) width 738: "The documents in the src attributes of the iframes below only contain comments. This test is for a bug where we would only"
        text run at (0,20) width 783: "construct RenderViews for such iframes. We need to propery construct an empty frame instead, so the RenderView should have a"
        text run at (0,40) width 435: "RenderBlock and RenderBody below it in the dump of the RenderTree. "
      RenderBR {BR} at (435,55) size 0x0
      RenderIFrame {IFRAME} at (0,60) size 788x14 [border: (2px inset #000000)]
        layer at (0,0) size 784x10
          RenderView at (0,0) size 784x10
        layer at (0,0) size 784x10
          RenderBlock {HTML} at (0,0) size 784x10
            RenderBody {BODY} at (8,8) size 768x0
      RenderText {#text} at (0,0) size 0x0
      RenderBR {BR} at (0,0) size 0x0
      RenderBR {BR} at (0,74) size 0x19
      RenderIFrame {IFRAME} at (0,94) size 788x14 [border: (2px inset #000000)]
        layer at (0,0) size 769x172
          RenderView at (0,0) size 769x10
        layer at (0,0) size 769x172
          RenderBlock {html} at (0,0) size 769x172
            RenderBody {body} at (8,16) size 753x140
              RenderBlock {parsererror} at (16,0) size 721x140 [bgcolor=#FFDDDD] [border: (2px solid #CC7777)]
                RenderBlock {h3} at (18,20) size 685x24
                  RenderText {#text} at (0,0) size 324x22
                    text run at (0,0) width 324: "This page contains the following errors:"
                RenderBlock {div} at (18,62) size 685x16
                  RenderText {#text} at (0,0) size 490x15
                    text run at (0,0) width 490: "error on line 1 at column 15: Extra content at the end of the document"
                RenderBlock {h3} at (18,96) size 685x24
                  RenderText {#text} at (0,0) size 430x22
                    text run at (0,0) width 430: "Below is a rendering of the page up to the first error."
      RenderText {#text} at (0,0) size 0x0
