layer at (0,0) size 800x600
  RenderView at (0,0) size 800x600
layer at (0,0) size 800x600
  RenderBlock {HTML} at (0,0) size 800x600
    RenderBody {BODY} at (8,8) size 784x576
      RenderBlock {P} at (0,0) size 784x19
        RenderText {#text} at (0,1) size 413x17
          text run at (0,1) width 413: "This tests the rendering of invalid UTF-8 sequences."
      RenderBlock {P} at (0,35) size 784x19
        RenderText {#text} at (0,1) size 628x17
          text run at (0,1) width 628: "The output should be: \"\x{442}??\x{442}\" (with black diamonds in place of question marks)."
      RenderBlock {P} at (0,88) size 784x19
        RenderText {#text} at (0,1) size 50x17
          text run at (0,1) width 50: "\x{442}\x{FFFD}\x{FFFD}\x{442}"
layer at (8,78) size 784x2 clip at (0,0) size 0x0
  RenderBlock {HR} at (0,70) size 784x2 [color=#808080] [border: (1px inset #808080)]
