layer at (0,0) size 800x600
  RenderView at (0,0) size 800x600
layer at (0,0) size 800x486
  RenderBlock {HTML} at (0,0) size 800x486
    RenderBody {BODY} at (8,16) size 784x460
      RenderBlock {P} at (0,0) size 784x34
        RenderText {#text} at (0,0) size 739x34
          text run at (0,0) width 739: "Tests that masked elements do not render until their mask images are fully loaded. You should not see any blue boxes"
          text run at (0,17) width 43: "below."
layer at (18,66) size 200x200
  RenderBlock {DIV} at (10,50) size 200x200 [bgcolor=#0000FF]
layer at (18,276) size 200x200
  RenderBlock {DIV} at (10,260) size 200x200 [bgcolor=#0000FF]
