layer at (0,0) size 785x640
  RenderView at (0,0) size 785x600
layer at (0,0) size 785x640
  RenderBlock {HTML} at (0,0) size 785x640
    RenderBody {BODY} at (8,8) size 769x624
      RenderTable {TABLE} at (0,0) size 242x50 [border: (1px outset #808080)]
        RenderTableSection {TBODY} at (1,1) size 240x48
          RenderTableRow {TR} at (0,2) size 240x44
            RenderTableCell {TD} at (2,12) size 164x24 [border: (1px inset #808080)] [r=0 c=0 rs=1 cs=1]
              RenderText {#text} at (2,2) size 24x19
                text run at (2,2) width 24: "100"
            RenderTableCell {TD} at (167,2) size 71x44 [border: (1px inset #808080)] [r=0 c=1 rs=1 cs=1]
              RenderText {#text} at (2,2) size 33x39
                text run at (2,2) width 29: "30%"
                text run at (2,22) width 33: "width"
      RenderBlock (anonymous) at (0,50) size 769x20
        RenderBR {BR} at (0,0) size 0x19
      RenderTable {TABLE} at (0,70) size 216x50 [border: (1px outset #808080)]
        RenderTableSection {TBODY} at (1,1) size 214x48
          RenderTableRow {TR} at (0,2) size 214x44
            RenderTableCell {TD} at (2,2) size 104x44 [border: (1px inset #808080)] [r=0 c=0 rs=1 cs=1]
              RenderText {#text} at (2,2) size 80x39
                text run at (2,2) width 80: "100 100 100"
                text run at (2,22) width 80: "100 100 100"
            RenderTableCell {TD} at (108,12) size 104x24 [border: (1px inset #808080)] [r=0 c=1 rs=1 cs=1]
              RenderText {#text} at (2,2) size 66x19
                text run at (2,2) width 66: "50% width"
      RenderBlock (anonymous) at (0,120) size 769x20
        RenderBR {BR} at (0,0) size 0x19
      RenderTable {TABLE} at (0,140) size 536x56 [border: (1px outset #808080)]
        RenderTableSection {TBODY} at (1,1) size 534x54
          RenderTableRow {TR} at (0,2) size 534x24
            RenderTableCell {TD} at (2,2) size 104x24 [border: (1px inset #808080)] [r=0 c=0 rs=1 cs=1]
              RenderText {#text} at (2,2) size 24x19
                text run at (2,2) width 24: "100"
            RenderTableCell {TD} at (108,2) size 264x24 [border: (1px inset #808080)] [r=0 c=1 rs=1 cs=1]
              RenderText {#text} at (2,2) size 87x19
                text run at (2,2) width 87: "no width given"
            RenderTableCell {TD} at (373,2) size 159x24 [border: (1px inset #808080)] [r=0 c=2 rs=1 cs=1]
              RenderText {#text} at (2,2) size 66x19
                text run at (2,2) width 66: "30% width"
          RenderTableRow {TR} at (0,28) size 534x24
            RenderTableCell {TD} at (2,28) size 530x24 [border: (1px inset #808080)] [r=1 c=0 rs=1 cs=3]
              RenderText {#text} at (2,2) size 91x19
                text run at (2,2) width 91: "500 colspan=3"
      RenderBlock (anonymous) at (0,196) size 769x20
        RenderBR {BR} at (0,0) size 0x19
      RenderTable {TABLE} at (0,216) size 448x82 [border: (1px outset #808080)]
        RenderTableSection {TBODY} at (1,1) size 446x80
          RenderTableRow {TR} at (0,2) size 446x24
            RenderTableCell {TD} at (2,2) size 104x24 [border: (1px inset #808080)] [r=0 c=0 rs=1 cs=1]
              RenderText {#text} at (2,2) size 20x19
                text run at (2,2) width 20: "foo"
            RenderTableCell {TD} at (108,2) size 203x24 [border: (1px inset #808080)] [r=0 c=1 rs=1 cs=1]
              RenderText {#text} at (2,2) size 87x19
                text run at (2,2) width 87: "no width given"
            RenderTableCell {TD} at (312,2) size 132x24 [border: (1px inset #808080)] [r=0 c=2 rs=1 cs=1]
              RenderText {#text} at (2,2) size 66x19
                text run at (2,2) width 66: "30% width"
          RenderTableRow {TR} at (0,28) size 446x24
            RenderTableCell {TD} at (2,28) size 309x24 [border: (1px inset #808080)] [r=1 c=0 rs=1 cs=2]
              RenderText {#text} at (2,2) size 110x19
                text run at (2,2) width 110: "200 spans col 1-2"
            RenderTableCell {TD} at (312,28) size 132x24 [border: (1px inset #808080)] [r=1 c=2 rs=1 cs=1]
              RenderText {#text} at (2,2) size 44x19
                text run at (2,2) width 44: "last cell"
          RenderTableRow {TR} at (0,54) size 446x24
            RenderTableCell {TD} at (2,54) size 104x24 [border: (1px inset #808080)] [r=2 c=0 rs=1 cs=1]
              RenderText {#text} at (2,2) size 46x19
                text run at (2,2) width 46: "first cell"
            RenderTableCell {TD} at (108,54) size 336x24 [border: (1px inset #808080)] [r=2 c=1 rs=1 cs=2]
              RenderText {#text} at (2,2) size 110x19
                text run at (2,2) width 110: "300 spans col 2-3"
      RenderBlock (anonymous) at (0,298) size 769x20
        RenderBR {BR} at (0,0) size 0x19
      RenderTable {TABLE} at (0,318) size 700x70 [border: (1px outset #808080)]
        RenderTableSection {TBODY} at (1,1) size 698x68
          RenderTableRow {TR} at (0,2) size 698x64
            RenderTableCell {TD} at (2,2) size 104x64 [border: (1px inset #808080)] [r=0 c=0 rs=1 cs=1]
              RenderText {#text} at (2,2) size 100x59
                text run at (2,2) width 96: "fooooo oooooo"
                text run at (2,22) width 100: "oooooo oooooo"
                text run at (2,42) width 48: "oooooo"
            RenderTableCell {TD} at (108,22) size 588x24 [border: (1px inset #808080)] [r=0 c=1 rs=1 cs=1]
              RenderText {#text} at (2,2) size 20x19
                text run at (2,2) width 20: "bar"
      RenderBlock (anonymous) at (0,388) size 769x20
        RenderBR {BR} at (0,0) size 0x19
      RenderTable {TABLE} at (0,408) size 400x98 [border: (1px outset #808080)]
        RenderTableSection {TBODY} at (1,1) size 398x96
          RenderTableRow {TR} at (0,0) size 398x48
            RenderTableCell {TD} at (0,0) size 121x48 [border: (1px inset #808080)] [r=0 c=0 rs=1 cs=2]
              RenderBlock {P} at (4,4) size 113x40
                RenderInline {B} at (0,0) size 67x39
                  RenderText {#text} at (0,0) size 67x39
                    text run at (0,0) width 44: "This is"
                    text run at (0,20) width 67: "colspan=2"
            RenderTableCell {TD} at (120,0) size 279x48 [border: (1px inset #808080)] [r=0 c=2 rs=1 cs=1]
              RenderText {#text} at (4,4) size 244x39
                text run at (4,4) width 244: "Blah Blah Blah Blah Blah Blah Blah Blah"
                text run at (4,24) width 27: "Blah"
          RenderTableRow {TR} at (0,48) size 398x48
            RenderTableCell {TD} at (0,48) size 399x48 [border: (1px inset #808080)] [r=1 c=0 rs=1 cs=3]
              RenderBlock {P} at (4,4) size 391x40
                RenderInline {B} at (0,0) size 115x19
                  RenderText {#text} at (0,0) size 115x19
                    text run at (0,0) width 115: "This is colspan=3"
                RenderText {#text} at (115,0) size 376x39
                  text run at (115,0) width 149: " blah blah blah blah blah "
                  text run at (264,0) width 112: "blah blah blah blah"
                  text run at (0,20) width 170: "blah blah blah blah blah blah"
      RenderBlock (anonymous) at (0,506) size 769x40
        RenderBR {BR} at (0,0) size 0x19
        RenderBR {BR} at (0,20) size 0x19
      RenderTable {TABLE} at (0,546) size 400x78 [border: (1px outset #808080)]
        RenderTableSection {TBODY} at (1,1) size 398x76
          RenderTableRow {TR} at (0,0) size 398x28
            RenderTableCell {TD} at (0,0) size 169x28 [border: (1px inset #808080)] [r=0 c=0 rs=1 cs=1]
              RenderBlock {P} at (4,4) size 161x20
                RenderInline {B} at (0,0) size 131x19
                  RenderText {#text} at (0,0) size 131x19
                    text run at (0,0) width 131: "no colspan declared"
            RenderTableCell {TD} at (168,0) size 231x28 [border: (1px inset #808080)] [r=0 c=1 rs=1 cs=1]
              RenderText {#text} at (4,4) size 182x19
                text run at (4,4) width 182: "Blah Blah Blah Blah Blah Blah"
          RenderTableRow {TR} at (0,28) size 398x48
            RenderTableCell {TD} at (0,28) size 399x48 [border: (1px inset #808080)] [r=1 c=0 rs=1 cs=2]
              RenderBlock {P} at (4,4) size 391x40
                RenderInline {B} at (0,0) size 115x19
                  RenderText {#text} at (0,0) size 115x19
                    text run at (0,0) width 115: "This is colspan=2"
                RenderText {#text} at (115,0) size 376x39
                  text run at (115,0) width 149: " blah blah blah blah blah "
                  text run at (264,0) width 112: "blah blah blah blah"
                  text run at (0,20) width 170: "blah blah blah blah blah blah"
