layer at (0,0) size 785x784
  RenderView at (0,0) size 785x600
layer at (0,0) size 785x784
  RenderBlock {HTML} at (0,0) size 785x784
    RenderBody {BODY} at (8,8) size 769x768
      RenderTable {TABLE} at (0,0) size 150x30 [bgcolor=#00FF00] [border: (1px outset #808080)]
        RenderTableSection {TBODY} at (1,1) size 148x28
          RenderTableRow {TR} at (0,2) size 148x24
            RenderTableCell {TD} at (2,2) size 70x24 [border: (1px inset #808080)] [r=0 c=0 rs=1 cs=1]
              RenderText {#text} at (2,2) size 24x19
                text run at (2,2) width 24: "200"
            RenderTableCell {TD} at (73,2) size 74x24 [border: (1px inset #808080)] [r=0 c=1 rs=1 cs=1]
              RenderText {#text} at (2,2) size 59x19
                text run at (2,2) width 59: "one_hund"
      RenderBlock (anonymous) at (0,30) size 769x20
        RenderBR {BR} at (0,0) size 0x19
      RenderTable {TABLE} at (0,50) size 500x30 [border: (1px outset #808080)]
        RenderTableSection {TBODY} at (1,1) size 498x28
          RenderTableRow {TR} at (0,2) size 498x24
            RenderTableCell {TD} at (2,2) size 175x24 [bgcolor=#FF0000] [border: (1px inset #808080)] [r=0 c=0 rs=1 cs=1]
              RenderText {#text} at (2,2) size 76x19
                text run at (2,2) width 76: "fooooooooo"
            RenderTableCell {TD} at (178,2) size 175x24 [bgcolor=#008000] [border: (1px inset #808080)] [r=0 c=1 rs=1 cs=1]
              RenderText {#text} at (2,2) size 76x19
                text run at (2,2) width 76: "fooooooooo"
            RenderTableCell {TD} at (354,2) size 143x24 [bgcolor=#FFA500] [border: (1px inset #808080)] [r=0 c=2 rs=1 cs=1]
              RenderText {#text} at (2,2) size 92x19
                text run at (2,2) width 92: "foo foo foo foo"
      RenderBlock (anonymous) at (0,80) size 769x40
        RenderBR {BR} at (0,0) size 0x19
        RenderText {#text} at (0,20) size 348x19
          text run at (0,20) width 348: "fixed table - fixed cells are increased based on fixed width"
      RenderTable {TABLE} at (0,120) size 400x50 [border: (1px outset #808080)]
        RenderTableSection {TBODY} at (1,1) size 398x48
          RenderTableRow {TR} at (0,2) size 398x44
            RenderTableCell {TD} at (2,12) size 260x24 [border: (1px inset #808080)] [r=0 c=0 rs=1 cs=1]
              RenderText {#text} at (2,2) size 20x19
                text run at (2,2) width 20: "foo"
            RenderTableCell {TD} at (263,2) size 134x44 [border: (1px inset #808080)] [r=0 c=1 rs=1 cs=1]
              RenderText {#text} at (2,2) size 116x39
                text run at (2,2) width 116: "foo foo foo foo foo"
                text run at (2,22) width 68: "foo foo foo"
      RenderBlock (anonymous) at (0,170) size 769x60
        RenderBR {BR} at (0,0) size 0x19
        RenderBR {BR} at (0,20) size 0x19
        RenderText {#text} at (0,40) size 357x19
          text run at (0,40) width 357: "excess above min allocated based on fixed widths (not min)"
      RenderTable {TABLE} at (0,230) size 100x50 [border: (1px outset #808080)]
        RenderTableSection {TBODY} at (1,1) size 98x48
          RenderTableRow {TR} at (0,2) size 98x44
            RenderTableCell {TD} at (2,2) size 34x44 [border: (1px inset #808080)] [r=0 c=0 rs=1 cs=1]
              RenderText {#text} at (2,2) size 20x39
                text run at (2,2) width 20: "foo"
                text run at (2,22) width 20: "foo"
            RenderTableCell {TD} at (37,12) size 60x24 [border: (1px inset #808080)] [r=0 c=1 rs=1 cs=1]
              RenderText {#text} at (2,2) size 20x19
                text run at (2,2) width 20: "foo"
      RenderBlock (anonymous) at (0,280) size 769x40
        RenderBR {BR} at (0,0) size 0x19
        RenderText {#text} at (0,20) size 357x19
          text run at (0,20) width 357: "excess above min allocated based on fixed widths (not min)"
      RenderTable {TABLE} at (0,320) size 100x50 [border: (1px outset #808080)]
        RenderTableSection {TBODY} at (1,1) size 98x48
          RenderTableRow {TR} at (0,2) size 98x44
            RenderTableCell {TD} at (2,2) size 24x44 [border: (1px inset #808080)] [r=0 c=0 rs=1 cs=1]
              RenderText {#text} at (2,2) size 20x39
                text run at (2,2) width 20: "foo"
                text run at (2,22) width 20: "foo"
            RenderTableCell {TD} at (28,12) size 68x24 [border: (1px inset #808080)] [r=0 c=1 rs=1 cs=1]
              RenderText {#text} at (2,2) size 20x19
                text run at (2,2) width 20: "foo"
      RenderBlock (anonymous) at (0,370) size 769x20
        RenderBR {BR} at (0,0) size 0x19
      RenderTable {TABLE} at (0,390) size 600x30 [border: (1px outset #808080)]
        RenderTableSection {TBODY} at (1,1) size 598x28
          RenderTableRow {TR} at (0,2) size 598x24
            RenderTableCell {TD} at (2,2) size 24x24 [border: (1px inset #808080)] [r=0 c=0 rs=1 cs=1]
              RenderText {#text} at (2,2) size 20x19
                text run at (2,2) width 20: "foo"
            RenderTableCell {TD} at (28,2) size 568x24 [border: (1px inset #808080)] [r=0 c=1 rs=1 cs=1]
              RenderText {#text} at (2,2) size 20x19
                text run at (2,2) width 20: "foo"
      RenderBlock (anonymous) at (0,420) size 769x20
        RenderBR {BR} at (0,0) size 0x19
      RenderTable {TABLE} at (0,440) size 40x30 [border: (1px outset #808080)]
        RenderTableSection {TBODY} at (1,1) size 38x28
          RenderTableRow {TR} at (0,2) size 38x24
            RenderTableCell {TD} at (2,2) size 34x24 [border: (1px inset #808080)] [r=0 c=0 rs=1 cs=1]
              RenderText {#text} at (2,2) size 20x19
                text run at (2,2) width 20: "foo"
      RenderBlock (anonymous) at (0,470) size 769x40
        RenderBR {BR} at (0,0) size 0x19
        RenderText {#text} at (0,20) size 323x19
          text run at (0,20) width 323: "auto table - fixed width cell does not exceed viewport"
      RenderTable {TABLE} at (0,510) size 769x30 [border: (1px outset #808080)]
        RenderTableSection {TBODY} at (1,1) size 767x28
          RenderTableRow {TR} at (0,2) size 767x24
            RenderTableCell {TD} at (2,2) size 763x24 [border: (1px inset #808080)] [r=0 c=0 rs=1 cs=1]
              RenderText {#text} at (2,2) size 20x19
                text run at (2,2) width 20: "foo"
      RenderBlock (anonymous) at (0,540) size 769x40
        RenderBR {BR} at (0,0) size 0x19
        RenderText {#text} at (0,20) size 280x19
          text run at (0,20) width 280: "auto table - fixed cells cannot exceed viewport"
      RenderTable {TABLE} at (0,580) size 769x30 [border: (1px outset #808080)]
        RenderTableSection {TBODY} at (1,1) size 767x28
          RenderTableRow {TR} at (0,2) size 767x24
            RenderTableCell {TD} at (2,2) size 151x24 [border: (1px inset #808080)] [r=0 c=0 rs=1 cs=1]
              RenderText {#text} at (2,2) size 39x19
                text run at (2,2) width 39: "200px"
            RenderTableCell {TD} at (155,2) size 151x24 [border: (1px inset #808080)] [r=0 c=1 rs=1 cs=1]
              RenderText {#text} at (2,2) size 39x19
                text run at (2,2) width 39: "200px"
            RenderTableCell {TD} at (308,2) size 151x24 [border: (1px inset #808080)] [r=0 c=2 rs=1 cs=1]
              RenderText {#text} at (2,2) size 39x19
                text run at (2,2) width 39: "200px"
            RenderTableCell {TD} at (461,2) size 151x24 [border: (1px inset #808080)] [r=0 c=3 rs=1 cs=1]
              RenderText {#text} at (2,2) size 39x19
                text run at (2,2) width 39: "200px"
            RenderTableCell {TD} at (614,2) size 151x24 [border: (1px inset #808080)] [r=0 c=4 rs=1 cs=1]
              RenderText {#text} at (2,2) size 39x19
                text run at (2,2) width 39: "200px"
      RenderBlock (anonymous) at (0,610) size 769x40
        RenderBR {BR} at (0,0) size 0x19
        RenderText {#text} at (0,20) size 284x19
          text run at (0,20) width 284: "auto table - cell width does not include padding"
      RenderTable {TABLE} at (0,650) size 148x68 [border: (1px outset #808080)]
        RenderTableSection {TBODY} at (1,1) size 146x66
          RenderTableRow {TR} at (0,2) size 146x62
            RenderTableCell {TD} at (2,2) size 142x62 [border: (1px inset #808080)] [r=0 c=0 rs=1 cs=1]
              RenderText {#text} at (21,21) size 68x19
                text run at (21,21) width 68: "cell=100px"
      RenderBlock (anonymous) at (0,718) size 769x20
        RenderBR {BR} at (0,0) size 0x19
      RenderTable {TABLE} at (0,738) size 110x30 [border: (1px outset #808080)]
        RenderTableSection {TBODY} at (1,1) size 108x28
          RenderTableRow {TR} at (0,2) size 108x24
            RenderTableCell {TD} at (2,2) size 104x24 [border: (1px inset #808080)] [r=0 c=0 rs=1 cs=1]
              RenderText {#text} at (2,2) size 68x19
                text run at (2,2) width 68: "cell=100px"
