layer at (0,0) size 800x600
  RenderView at (0,0) size 800x600
layer at (0,0) size 800x600
  RenderBlock {HTML} at (0,0) size 800x600
    RenderBody {BODY} at (8,8) size 784x584
      RenderBlock (anonymous) at (0,0) size 784x20
        RenderText {#text} at (0,0) size 59x19
          text run at (0,0) width 59: "auto table"
      RenderTable {TABLE} at (0,20) size 138x30 [border: (1px outset #808080)]
        RenderTableSection {TBODY} at (1,1) size 136x28
          RenderTableRow {TR} at (0,2) size 136x24
            RenderTableCell {TD} at (2,2) size 100x24 [border: (1px inset #808080)] [r=0 c=0 rs=1 cs=1]
              RenderText {#text} at (2,2) size 96x19
                text run at (2,2) width 96: "0% 0% 0% 0%"
            RenderTableCell {TD} at (104,2) size 30x24 [border: (1px inset #808080)] [r=0 c=1 rs=1 cs=1]
              RenderText {#text} at (2,2) size 26x19
                text run at (2,2) width 26: "auto"
      RenderBlock (anonymous) at (0,50) size 784x40
        RenderBR {BR} at (0,0) size 0x19
        RenderText {#text} at (0,20) size 376x19
          text run at (0,20) width 376: "auto table - % width cell increases table width based on % cell"
      RenderTable {TABLE} at (0,90) size 784x84 [border: (1px outset #808080)]
        RenderTableSection {TBODY} at (1,1) size 782x82
          RenderTableRow {TR} at (0,10) size 782x62
            RenderTableCell {TD} at (10,10) size 76x62 [border: (1px inset #808080)] [r=0 c=0 rs=1 cs=1]
              RenderText {#text} at (11,11) size 29x39
                text run at (11,11) width 29: "10%"
                text run at (11,31) width 29: "10%"
            RenderTableCell {TD} at (95,20) size 677x42 [border: (1px inset #808080)] [r=0 c=1 rs=1 cs=1]
              RenderText {#text} at (11,11) size 26x19
                text run at (11,11) width 26: "auto"
      RenderBlock (anonymous) at (0,174) size 784x20
        RenderText {#text} at (0,0) size 376x19
          text run at (0,0) width 376: "auto table - % width cell increases table width based on % cell"
      RenderTable {TABLE} at (0,194) size 362x46 [border: (1px outset #808080)]
        RenderTableSection {TBODY} at (1,1) size 360x44
          RenderTableRow {TR} at (0,10) size 360x24
            RenderTableCell {TD} at (10,10) size 33x24 [border: (1px inset #808080)] [r=0 c=0 rs=1 cs=1]
              RenderText {#text} at (2,2) size 29x19
                text run at (2,2) width 29: "10%"
            RenderTableCell {TD} at (53,10) size 297x24 [border: (1px inset #808080)] [r=0 c=1 rs=1 cs=1]
              RenderText {#text} at (2,2) size 26x19
                text run at (2,2) width 26: "auto"
      RenderBlock (anonymous) at (0,240) size 784x40
        RenderBR {BR} at (0,0) size 0x19
        RenderText {#text} at (0,20) size 512x19
          text run at (0,20) width 512: "auto table - % width cell increases table width based on % cell which makes it largest"
      RenderTable {TABLE} at (0,280) size 784x46 [border: (1px outset #808080)]
        RenderTableSection {TBODY} at (1,1) size 782x44
          RenderTableRow {TR} at (0,10) size 782x24
            RenderTableCell {TD} at (10,10) size 75x24 [border: (1px inset #808080)] [r=0 c=0 rs=1 cs=1]
              RenderText {#text} at (2,2) size 29x19
                text run at (2,2) width 29: "10%"
            RenderTableCell {TD} at (94,10) size 26x24 [border: (1px inset #808080)] [r=0 c=1 rs=1 cs=1]
              RenderText {#text} at (2,2) size 21x19
                text run at (2,2) width 21: "1%"
            RenderTableCell {TD} at (129,10) size 643x24 [border: (1px inset #808080)] [r=0 c=2 rs=1 cs=1]
              RenderText {#text} at (2,2) size 26x19
                text run at (2,2) width 26: "auto"
      RenderBlock (anonymous) at (0,326) size 784x20
        RenderBR {BR} at (0,0) size 0x19
