layer at (0,0) size 800x600
  RenderView at (0,0) size 800x600
layer at (0,0) size 800x600
  RenderBlock {HTML} at (0,0) size 800x600
    RenderBody {BODY} at (8,8) size 784x584
      RenderBlock (anonymous) at (0,0) size 784x20
        RenderText {#text} at (0,0) size 216x19
          text run at (0,0) width 216: "cell split with color (standard mode)"
      RenderTable {TABLE} at (0,20) size 30x30 [border: (1px outset #808080)]
        RenderTableCol {COLGROUP} at (0,0) size 0x0
          RenderTableCol {COL} at (0,0) size 0x0 [bgcolor=#FF0000]
          RenderTableCol {COL} at (0,0) size 0x0 [bgcolor=#0000FF]
        RenderTableSection {TBODY} at (1,1) size 28x28
          RenderTableRow {TR} at (0,2) size 28x24
            RenderTableCell {TD} at (2,2) size 24x24 [border: (1px inset #808080)] [r=0 c=0 rs=1 cs=2]
              RenderText {#text} at (2,2) size 20x19
                text run at (2,2) width 20: "foo"
      RenderBlock (anonymous) at (0,50) size 784x20
        RenderBR {BR} at (0,0) size 0x19
      RenderBlock {HR} at (0,78) size 602x2 [border: (1px inset #000000)]
      RenderBlock (anonymous) at (0,88) size 784x20
        RenderBR {BR} at (0,0) size 0x19
      RenderTable {TABLE} at (0,108) size 600x111
        RenderTableSection {TBODY} at (0,0) size 600x111
          RenderTableRow {TR} at (0,2) size 600x44
            RenderTableCell {TD} at (2,2) size 595x44 [r=0 c=0 rs=1 cs=3]
              RenderImage {IMG} at (7,1) size 580x42
              RenderText {#text} at (0,0) size 0x0
          RenderTableRow {TR} at (0,48) size 600x37
            RenderTableCell {TD} at (2,48) size 243x37 [r=1 c=0 rs=1 cs=1]
              RenderImage {IMG} at (1,1) size 232x35 [border: (1px solid #000000)]
            RenderTableCell {TD} at (246,55) size 143x23 [r=1 c=1 rs=1 cs=1]
              RenderText {#text} at (2,1) size 138x20
                text run at (2,2) width 138: "Hassle-Free Upgrades"
          RenderTableRow {TR} at (0,87) size 600x22
            RenderTableCell {TD} at (2,87) size 597x22 [bgcolor=#99CCCC] [r=2 c=0 rs=1 cs=4]
              RenderText {#text} at (1,1) size 7x19
                text run at (1,1) width 7: "x"
