layer at (0,0) size 808x585
  RenderView at (0,0) size 800x585
layer at (0,0) size 800x585
  RenderBlock {HTML} at (0,0) size 800x585
    RenderBody {BODY} at (8,8) size 784x569
      RenderTable {TABLE} at (0,0) size 186x36 [border: (1px outset #808080)]
        RenderTableSection {TBODY} at (1,1) size 184x34
          RenderTableRow {TR} at (0,2) size 184x30
            RenderTableCell {TD} at (2,2) size 180x30 [border: (1px inset #808080)] [r=0 c=0 rs=1 cs=1]
              RenderTable {TABLE} at (2,2) size 176x26 [bgcolor=#FFA500]
                RenderTableSection {TBODY} at (0,0) size 176x26
                  RenderTableRow {TR} at (0,2) size 176x22
                    RenderTableCell {TD} at (2,2) size 172x22 [r=0 c=0 rs=1 cs=1]
                      RenderText {#text} at (1,1) size 170x19
                        text run at (1,1) width 170: "nested in auto, width=100%"
      RenderBlock (anonymous) at (0,36) size 784x20
        RenderBR {BR} at (0,0) size 0x19
      RenderTable {TABLE} at (0,56) size 200x36 [border: (1px outset #808080)]
        RenderTableSection {TBODY} at (1,1) size 198x34
          RenderTableRow {TR} at (0,2) size 198x30
            RenderTableCell {TD} at (2,2) size 194x30 [border: (1px inset #808080)] [r=0 c=0 rs=1 cs=1]
              RenderTable {TABLE} at (2,2) size 190x26 [bgcolor=#00FF00]
                RenderTableSection {TBODY} at (0,0) size 190x26
                  RenderTableRow {TR} at (0,2) size 190x22
                    RenderTableCell {TD} at (2,2) size 186x22 [r=0 c=0 rs=1 cs=1]
                      RenderText {#text} at (1,1) size 173x19
                        text run at (1,1) width 173: "nested in fixed, width=100%"
      RenderBlock (anonymous) at (0,92) size 784x20
        RenderBR {BR} at (0,0) size 0x19
      RenderTable {TABLE} at (0,112) size 800x36 [border: (1px outset #808080)]
        RenderTableSection {TBODY} at (1,1) size 798x34
          RenderTableRow {TR} at (0,2) size 798x30
            RenderTableCell {TD} at (2,2) size 794x30 [border: (1px inset #808080)] [r=0 c=0 rs=1 cs=1]
              RenderTable {TABLE} at (2,2) size 790x26 [bgcolor=#00FF00]
                RenderTableSection {TBODY} at (0,0) size 790x26
                  RenderTableRow {TR} at (0,2) size 790x22
                    RenderTableCell {TD} at (2,2) size 786x22 [r=0 c=0 rs=1 cs=1]
                      RenderText {#text} at (1,1) size 173x19
                        text run at (1,1) width 173: "nested in fixed, width=100%"
      RenderBlock (anonymous) at (0,148) size 784x20
        RenderBR {BR} at (0,0) size 0x19
      RenderTable {TABLE} at (0,168) size 218x36 [border: (1px outset #808080)]
        RenderTableSection {TBODY} at (1,1) size 216x34
          RenderTableRow {TR} at (0,2) size 216x30
            RenderTableCell {TD} at (2,2) size 180x30 [border: (1px inset #808080)] [r=0 c=0 rs=1 cs=1]
              RenderTable {TABLE} at (2,2) size 176x26
                RenderTableSection {TBODY} at (0,0) size 176x26
                  RenderTableRow {TR} at (0,2) size 176x22
                    RenderTableCell {TD} at (2,2) size 172x22 [r=0 c=0 rs=1 cs=1]
                      RenderText {#text} at (1,1) size 170x19
                        text run at (1,1) width 170: "nested in auto, width=100%"
            RenderTableCell {TD} at (184,5) size 30x24 [border: (1px inset #808080)] [r=0 c=1 rs=1 cs=1]
              RenderText {#text} at (2,2) size 26x19
                text run at (2,2) width 26: "auto"
      RenderBlock (anonymous) at (0,204) size 784x20
        RenderBR {BR} at (0,0) size 0x19
      RenderTable {TABLE} at (0,224) size 784x36 [border: (1px outset #808080)]
        RenderTableSection {TBODY} at (1,1) size 782x34
          RenderTableRow {TR} at (0,2) size 782x30
            RenderTableCell {TD} at (2,2) size 687x30 [border: (1px inset #808080)] [r=0 c=0 rs=1 cs=1]
              RenderTable {TABLE} at (2,2) size 342x26 [bgcolor=#00FF00]
                RenderTableSection {TBODY} at (0,0) size 342x26
                  RenderTableRow {TR} at (0,2) size 342x22
                    RenderTableCell {TD} at (2,2) size 338x22 [r=0 c=0 rs=1 cs=1]
                      RenderText {#text} at (1,1) size 173x19
                        text run at (1,1) width 173: "nested in 100%, width=50%"
            RenderTableCell {TD} at (690,5) size 91x24 [border: (1px inset #808080)] [r=0 c=1 rs=1 cs=1]
              RenderText {#text} at (2,2) size 20x19
                text run at (2,2) width 20: "foo"
      RenderBlock (anonymous) at (0,260) size 784x20
        RenderBR {BR} at (0,0) size 0x19
      RenderTable {TABLE} at (0,280) size 784x42 [border: (1px outset #808080)]
        RenderTableSection {TBODY} at (1,1) size 782x40
          RenderTableRow {TR} at (0,2) size 782x36
            RenderTableCell {TD} at (2,2) size 555x36 [border: (1px inset #808080)] [r=0 c=0 rs=1 cs=1]
              RenderTable {TABLE} at (2,2) size 276x32 [bgcolor=#00FF00]
                RenderTableSection {TBODY} at (0,0) size 276x32
                  RenderTableRow {TR} at (0,2) size 276x28
                    RenderTableCell {TD} at (2,2) size 272x28 [r=0 c=0 rs=1 cs=1]
                      RenderTable {TABLE} at (1,1) size 135x26 [bgcolor=#FF0000]
                        RenderTableSection {TBODY} at (0,0) size 135x26
                          RenderTableRow {TR} at (0,2) size 135x22
                            RenderTableCell {TD} at (2,2) size 131x22 [r=0 c=0 rs=1 cs=1]
                              RenderText {#text} at (1,1) size 44x19
                                text run at (1,1) width 44: "2n50%"
            RenderTableCell {TD} at (558,8) size 223x24 [border: (1px inset #808080)] [r=0 c=1 rs=1 cs=1]
              RenderText {#text} at (2,2) size 20x19
                text run at (2,2) width 20: "foo"
