layer at (0,0) size 800x600
  RenderView at (0,0) size 800x600
layer at (0,0) size 800x600
  RenderBlock {HTML} at (0,0) size 800x600
    RenderBody {BODY} at (8,8) size 784x584
      RenderTable {TABLE} at (0,0) size 178x24
        RenderTableSection {TBODY} at (0,0) size 178x24
          RenderTableRow {TR} at (0,2) size 178x20
            RenderTableCell {TD} at (2,2) size 174x20 [r=0 c=0 rs=1 cs=1]
              RenderBlock {DIV} at (1,1) size 172x18
                RenderText {#text} at (0,0) size 168x18
                  text run at (0,0) width 168: "This text should not break "
                RenderInline (generated) at (0,0) size 4x18
                  RenderText at (168,0) size 4x18
                    text run at (168,0) width 4: "."
