layer at (0,0) size 800x600
  RenderView at (0,0) size 800x600
layer at (0,0) size 800x600
  RenderBlock {HTML} at (0,0) size 800x600
    RenderBody {BODY} at (8,8) size 784x584
      RenderBlock {P} at (0,0) size 784x36
        RenderText {#text} at (0,0) size 53x18
          text run at (0,0) width 53: "Test for "
        RenderInline {A} at (0,0) size 60x18 [color=#0000EE]
          RenderText {#text} at (53,0) size 60x18
            text run at (53,0) width 60: "bug 8121"
        RenderText {#text} at (113,0) size 289x18
          text run at (113,0) width 289: ": REGRESSION: 404s are not displayed and "
        RenderInline {A} at (0,0) size 60x18 [color=#0000EE]
          RenderText {#text} at (402,0) size 60x18
            text run at (402,0) width 60: "bug 7739"
        RenderText {#text} at (462,0) size 772x36
          text run at (462,0) width 310: ": REGRESSION: Assertion failure loading acid2"
          text run at (0,18) width 298: "test in -[WebCoreFrameBridge installInFrame:]"
      RenderBlock {P} at (0,52) size 784x36
        RenderText {#text} at (0,0) size 774x36
          text run at (0,0) width 163: "Here is an invalid iframe. "
          text run at (163,0) width 611: "It should contain a 404 error message, not any green fallback text. Note this will only work if this"
          text run at (0,18) width 149: "page is fetched via http."
      RenderBlock (anonymous) at (0,104) size 784x184
        RenderIFrame {IFRAME} at (0,0) size 553x184 [border: (2px inset #000000)]
          layer at (0,0) size 549x180
            RenderView at (0,0) size 549x180
          layer at (0,0) size 549x180
            RenderBlock {HTML} at (0,0) size 549x180
              RenderBody {BODY} at (8,8) size 533x164
                RenderText {#text} at (0,0) size 364x18
                  text run at (0,0) width 364: "This 404 error was intentionally generated by a test script."
        RenderText {#text} at (0,0) size 0x0
      RenderBlock {P} at (0,304) size 784x18
        RenderText {#text} at (0,0) size 487x18
          text run at (0,0) width 161: "Here is an invalid object. "
          text run at (161,0) width 326: "It should be rendered with some green fallback text."
      RenderBlock (anonymous) at (0,338) size 784x18
        RenderInline {OBJECT} at (0,0) size 77x18
          RenderText {#text} at (0,0) size 0x0
          RenderInline {SPAN} at (0,0) size 77x18 [color=#008000]
            RenderText {#text} at (0,0) size 77x18
              text run at (0,0) width 77: "fallback text"
          RenderText {#text} at (0,0) size 0x0
        RenderText {#text} at (0,0) size 0x0
