layer at (0,0) size 800x600
  RenderView at (0,0) size 800x600
layer at (0,0) size 800x52
  RenderBlock {HTML} at (0,0) size 800x52
    RenderBody {BODY} at (8,8) size 784x36
      RenderText {#text} at (0,0) size 627x18
        text run at (0,0) width 627: "This tests slow loading png images referenced from a image element inside a SVG pattern resource."
      RenderBR {BR} at (627,0) size 0x18
      RenderText {#text} at (0,18) size 563x18
        text run at (0,18) width 563: "You should see a 400x300 rect containing a tiled rendering of the Acid3 reference image."
      RenderText {#text} at (0,0) size 0x0
      RenderText {#text} at (0,0) size 0x0
layer at (10,50) size 406x306
  RenderSVGRoot {svg} at (10,50) size 406x306
    RenderSVGHiddenContainer {defs} at (0,0) size 0x0
      RenderSVGResourcePattern {pattern} [id="pattern"] [patternUnits=userSpaceOnUse] [patternContentUnits=userSpaceOnUse]
        RenderSVGImage {image} at (10,50) size 406x306
    RenderSVGRect {rect} at (10,50) size 406x306 [fill={[type=PATTERN] [id="pattern"]}] [x=0.00] [y=0.00] [width=400.00] [height=300.00]
