layer at (0,0) size 785x688
  RenderView at (0,0) size 785x600
layer at (0,0) size 785x688
  RenderBlock {HTML} at (0,0) size 785x688
    RenderBody {BODY} at (8,16) size 769x662
      RenderBlock {P} at (0,0) size 769x20
        RenderText {#text} at (0,0) size 370x19
          text run at (0,0) width 370: "Test passes if the content of the three black boxes is identical."
      RenderBlock {DIV} at (10,36) size 298x202 [border: (5px solid #000000)]
      RenderBlock {DIV} at (10,248) size 298x202 [border: (5px solid #000000)]
      RenderBlock {DIV} at (10,460) size 298x202 [border: (5px solid #000000)]
