layer at (0,0) size 800x600
  RenderView at (0,0) size 800x600
layer at (0,0) size 800x438
  RenderBlock {HTML} at (0,0) size 800x438
    RenderBody {BODY} at (8,16) size 784x414
      RenderBlock {P} at (0,0) size 784x20
        RenderText {#text} at (0,0) size 290x19
          text run at (0,0) width 290: "Test passes if there is no red visible on the page."
      RenderBlock {DIV} at (0,36) size 379x379 [border: (25px double #000000)]
      RenderBlock {DIV} at (0,35) size 379x379 [border: (25px double #000000)]
