layer at (0,0) size 785x736
  RenderView at (0,0) size 785x600
layer at (0,0) size 785x736
  RenderBlock {HTML} at (0,0) size 785x736
    RenderBody {BODY} at (8,16) size 769x712
      RenderBlock {P} at (0,0) size 769x20
        RenderText {#text} at (0,0) size 696x19
          text run at (0,0) width 696: "Test passes if there are five unclipped cats in each of the two boxes, and if all the cats on the page are the same size."
      RenderBlock {DIV} at (0,36) size 96x96
      RenderBlock {DIV} at (0,132) size 410x160 [border: (5px solid #000000)]
      RenderBlock {DIV} at (0,302) size 160x410 [border: (5px solid #000000)]
