layer at (0,0) size 800x600
  RenderView at (0,0) size 800x600
layer at (0,0) size 800x346
  RenderBlock {HTML} at (0,0) size 800x346
    RenderBody {BODY} at (8,16) size 784x322
      RenderBlock {P} at (0,0) size 784x20
        RenderText {#text} at (0,0) size 572x19
          text run at (0,0) width 572: "Test passes if there is green on the page and contents of the black boxes look exactly the same."
      RenderTable {TABLE} at (0,36) size 570x286
        RenderTableSection {TBODY} at (0,0) size 570x286
          RenderTableRow {TR} at (0,2) size 570x282
            RenderTableCell {TD} at (2,2) size 282x282 [r=0 c=0 rs=1 cs=1]
              RenderBlock {DIV} at (11,11) size 260x260 [border: (5px solid #000000)]
            RenderTableCell {TD} at (286,2) size 282x282 [r=0 c=1 rs=1 cs=1]
              RenderBlock {DIV} at (11,11) size 260x260 [border: (5px solid #000000)]
