layer at (0,0) size 800x600
  RenderView at (0,0) size 800x600
layer at (0,0) size 800x278
  RenderBlock {HTML} at (0,0) size 800x278
    RenderBody {BODY} at (8,16) size 784x254
      RenderBlock {P} at (0,0) size 784x20
        RenderText {#text} at (0,0) size 301x19
          text run at (0,0) width 301: "Test passes if there is a square and a circle below."
      RenderBlock {DIV} at (0,36) size 102x102 [border: (1px solid #00000000)]
        RenderBlock {DIV} at (1,1) size 106x106 [border: (3px solid #000000)]
      RenderBlock {DIV} at (0,148) size 106x106 [border: (3px solid #000000)]
