layer at (0,0) size 800x600
  RenderView at (0,0) size 800x600
layer at (0,0) size 800x300
  RenderBlock {HTML} at (0,0) size 800x300
    RenderBody {BODY} at (8,16) size 784x276
      RenderBlock {P} at (0,0) size 784x20
        RenderText {#text} at (0,0) size 459x19
          text run at (0,0) width 459: "Test passes if there is a box below with double border and rounded corners."
      RenderBlock {DIV} at (0,36) size 340x240 [border: (70px double #000000)]
