layer at (0,0) size 800x600
  RenderView at (0,0) size 800x600
layer at (0,0) size 800x478
  RenderBlock {HTML} at (0,0) size 800x478
    RenderBody {BODY} at (8,16) size 784x454
      RenderBlock {P} at (0,0) size 784x20
        RenderText {#text} at (0,0) size 516x19
          text run at (0,0) width 516: "Test passes if there are no squares on the page and there is no red visible on the page."
      RenderTable {TABLE} at (0,36) size 210x418
        RenderTableSection {TBODY} at (0,0) size 210x418
          RenderTableRow {TR} at (0,2) size 210x102
            RenderTableCell {TD} at (2,2) size 102x102 [r=0 c=0 rs=1 cs=1]
              RenderBlock {DIV} at (1,1) size 100x100 [border: (10px solid #FF0000)]
              RenderBlock {DIV} at (1,1) size 100x100 [border: (10px solid #000000)]
            RenderTableCell {TD} at (106,2) size 102x102 [r=0 c=1 rs=1 cs=1]
              RenderBlock {DIV} at (1,1) size 100x100 [border: (10px solid #FF0000)]
              RenderBlock {DIV} at (1,1) size 100x100 [border: (10px solid #000000)]
          RenderTableRow {TR} at (0,106) size 210x102
            RenderTableCell {TD} at (2,106) size 102x102 [r=1 c=0 rs=1 cs=1]
              RenderBlock {DIV} at (1,1) size 100x100 [border: (10px solid #FF0000)]
              RenderBlock {DIV} at (1,1) size 100x100 [border: (10px solid #000000)]
            RenderTableCell {TD} at (106,106) size 102x102 [r=1 c=1 rs=1 cs=1]
              RenderBlock {DIV} at (1,1) size 100x100 [border: (10px solid #FF0000)]
              RenderBlock {DIV} at (1,1) size 100x100 [border: (10px solid #000000)]
          RenderTableRow {TR} at (0,210) size 210x102
            RenderTableCell {TD} at (2,210) size 102x102 [r=2 c=0 rs=1 cs=1]
              RenderBlock {DIV} at (1,1) size 100x100 [border: (10px solid #FF0000)]
              RenderBlock {DIV} at (1,1) size 100x100 [border: (10px solid #000000)]
            RenderTableCell {TD} at (106,210) size 102x102 [r=2 c=1 rs=1 cs=1]
              RenderBlock {DIV} at (1,1) size 100x100 [border: (10px solid #FF0000)]
              RenderBlock {DIV} at (1,1) size 100x100 [border: (10px solid #000000)]
          RenderTableRow {TR} at (0,314) size 210x102
            RenderTableCell {TD} at (2,314) size 102x102 [r=3 c=0 rs=1 cs=1]
              RenderBlock {DIV} at (1,1) size 100x100 [border: (10px solid #FF0000)]
              RenderBlock {DIV} at (1,1) size 100x100 [border: (10px solid #000000)]
            RenderTableCell {TD} at (106,314) size 102x102 [r=3 c=1 rs=1 cs=1]
              RenderBlock {DIV} at (1,1) size 100x100 [border: (10px solid #FF0000)]
              RenderBlock {DIV} at (1,1) size 100x100 [border: (10px solid #000000)]
