layer at (0,0) size 800x600
  RenderView at (0,0) size 800x600
layer at (0,0) size 800x201
  RenderBlock {HTML} at (0,0) size 800x201
    RenderBody {BODY} at (8,16) size 784x177
      RenderBlock {P} at (0,0) size 784x20
        RenderText {#text} at (0,0) size 290x19
          text run at (0,0) width 290: "Test passes if there is no red visible on the page."
      RenderBlock (anonymous) at (0,36) size 784x141
        RenderImage {IMG} at (0,0) size 136x136 [border: (10px solid #000000)]
        RenderText {#text} at (0,0) size 0x0
