layer at (0,0) size 800x600
  RenderView at (0,0) size 800x600
layer at (0,0) size 800x292
  RenderBlock {HTML} at (0,0) size 800x292
    RenderBody {BODY} at (8,16) size 784x268
      RenderBlock {P} at (0,0) size 784x20
        RenderText {#text} at (0,0) size 296x19
          text run at (0,0) width 296: "Test passes if two drawings are exactly the same."
      RenderBlock {DIV} at (0,36) size 96x96
      RenderBlock {DIV} at (0,36) size 96x96
      RenderBlock {DIV} at (0,36) size 96x96
      RenderBlock {DIV} at (0,172) size 96x96
