layer at (0,0) size 800x600
  RenderView at (0,0) size 800x600
layer at (0,0) size 800x310
  RenderBlock {HTML} at (0,0) size 800x310
    RenderBody {BODY} at (8,16) size 784x286
      RenderBlock {P} at (0,0) size 784x20
        RenderText {#text} at (0,0) size 461x19
          text run at (0,0) width 461: "Test passes if blue, orange and white boxes are visible on a larger black box."
      RenderBlock {DIV} at (0,36) size 250x250 [bgcolor=#000000]
