layer at (0,0) size 800x600
  RenderView at (0,0) size 800x600
layer at (0,0) size 800x310
  RenderBlock {HTML} at (0,0) size 800x310
    RenderBody {BODY} at (8,16) size 784x286
      RenderBlock {P} at (0,0) size 784x20
        RenderText {#text} at (0,0) size 470x19
          text run at (0,0) width 470: "Test passes if a blue box overlaps an orange box, which overlaps a black box."
      RenderBlock {DIV} at (0,36) size 250x250
