layer at (0,0) size 1073x585
  RenderView at (0,0) size 800x585
layer at (0,0) size 800x585
  RenderBlock {HTML} at (0,0) size 800x585
    RenderBody {BODY} at (8,8) size 784x569
      RenderTable {TABLE} at (0,0) size 1066x96
        RenderTableSection {TBODY} at (0,0) size 1066x96
          RenderTableRow {TR} at (0,2) size 1066x20
            RenderTableCell {TH} at (2,11) size 86x2 [r=0 c=0 rs=1 cs=1]
            RenderTableCell {TH} at (89,11) size 243x2 [r=0 c=1 rs=1 cs=1]
            RenderTableCell {TH} at (333,2) size 243x20 [r=0 c=2 rs=1 cs=1]
              RenderText {#text} at (74,1) size 94x18
                text run at (74,1) width 94: "text-align:left"
            RenderTableCell {TH} at (577,2) size 243x20 [r=0 c=3 rs=1 cs=1]
              RenderText {#text} at (64,1) size 114x18
                text run at (64,1) width 114: "text-align:center"
            RenderTableCell {TH} at (821,2) size 243x20 [r=0 c=4 rs=1 cs=1]
              RenderText {#text} at (69,1) size 104x18
                text run at (69,1) width 104: "text-align:right"
          RenderTableRow {TR} at (0,24) size 1066x22
            RenderTableCell {TH} at (2,34) size 86x2 [r=1 c=0 rs=1 cs=1]
            RenderTableCell {TD} at (89,24) size 243x22 [border: (1px solid #000000)] [r=1 c=1 rs=1 cs=1]
              RenderFileUploadControl {INPUT} at (2,2) size 238x18 "no file selected"
                RenderButton {INPUT} at (0,0) size 78x18 [color=#000000D8] [bgcolor=#C0C0C0] [border: none (2px outset #C0C0C0) none (2px outset #C0C0C0)]
                  RenderBlock (anonymous) at (8,2) size 62x13
                    RenderText at (0,0) size 62x13
                      text run at (0,0) width 62: "Choose File"
            RenderTableCell {TD} at (333,24) size 243x22 [border: (1px solid #000000)] [r=1 c=2 rs=1 cs=1]
              RenderFileUploadControl {INPUT} at (2,2) size 238x18 "no file selected"
                RenderButton {INPUT} at (0,0) size 78x18 [color=#000000D8] [bgcolor=#C0C0C0] [border: none (2px outset #C0C0C0) none (2px outset #C0C0C0)]
                  RenderBlock (anonymous) at (8,2) size 62x13
                    RenderText at (0,0) size 62x13
                      text run at (0,0) width 62: "Choose File"
            RenderTableCell {TD} at (577,24) size 243x22 [border: (1px solid #000000)] [r=1 c=3 rs=1 cs=1]
              RenderFileUploadControl {INPUT} at (2,2) size 238x18 "no file selected"
                RenderButton {INPUT} at (0,0) size 78x18 [color=#000000D8] [bgcolor=#C0C0C0] [border: none (2px outset #C0C0C0) none (2px outset #C0C0C0)]
                  RenderBlock (anonymous) at (8,2) size 62x13
                    RenderText at (0,0) size 62x13
                      text run at (0,0) width 62: "Choose File"
            RenderTableCell {TD} at (821,24) size 243x22 [border: (1px solid #000000)] [r=1 c=4 rs=1 cs=1]
              RenderFileUploadControl {INPUT} at (2,2) size 238x18 "no file selected"
                RenderButton {INPUT} at (0,0) size 78x18 [color=#000000D8] [bgcolor=#C0C0C0] [border: none (2px outset #C0C0C0) none (2px outset #C0C0C0)]
                  RenderBlock (anonymous) at (8,2) size 62x13
                    RenderText at (0,0) size 62x13
                      text run at (0,0) width 62: "Choose File"
          RenderTableRow {TR} at (0,48) size 1066x22
            RenderTableCell {TH} at (2,49) size 86x20 [r=2 c=0 rs=1 cs=1]
              RenderText {#text} at (1,1) size 84x18
                text run at (1,1) width 84: "direction:ltr"
            RenderTableCell {TD} at (89,48) size 243x22 [border: (1px solid #000000)] [r=2 c=1 rs=1 cs=1]
              RenderFileUploadControl {INPUT} at (2,2) size 238x18 "no file selected"
                RenderButton {INPUT} at (0,0) size 78x18 [color=#000000D8] [bgcolor=#C0C0C0] [border: none (2px outset #C0C0C0) none (2px outset #C0C0C0)]
                  RenderBlock (anonymous) at (8,2) size 62x13
                    RenderText at (0,0) size 62x13
                      text run at (0,0) width 62: "Choose File"
            RenderTableCell {TD} at (333,48) size 243x22 [border: (1px solid #000000)] [r=2 c=2 rs=1 cs=1]
              RenderFileUploadControl {INPUT} at (2,2) size 238x18 "no file selected"
                RenderButton {INPUT} at (0,0) size 78x18 [color=#000000D8] [bgcolor=#C0C0C0] [border: none (2px outset #C0C0C0) none (2px outset #C0C0C0)]
                  RenderBlock (anonymous) at (8,2) size 62x13
                    RenderText at (0,0) size 62x13
                      text run at (0,0) width 62: "Choose File"
            RenderTableCell {TD} at (577,48) size 243x22 [border: (1px solid #000000)] [r=2 c=3 rs=1 cs=1]
              RenderFileUploadControl {INPUT} at (2,2) size 238x18 "no file selected"
                RenderButton {INPUT} at (0,0) size 78x18 [color=#000000D8] [bgcolor=#C0C0C0] [border: none (2px outset #C0C0C0) none (2px outset #C0C0C0)]
                  RenderBlock (anonymous) at (8,2) size 62x13
                    RenderText at (0,0) size 62x13
                      text run at (0,0) width 62: "Choose File"
            RenderTableCell {TD} at (821,48) size 243x22 [border: (1px solid #000000)] [r=2 c=4 rs=1 cs=1]
              RenderFileUploadControl {INPUT} at (2,2) size 238x18 "no file selected"
                RenderButton {INPUT} at (0,0) size 78x18 [color=#000000D8] [bgcolor=#C0C0C0] [border: none (2px outset #C0C0C0) none (2px outset #C0C0C0)]
                  RenderBlock (anonymous) at (8,2) size 62x13
                    RenderText at (0,0) size 62x13
                      text run at (0,0) width 62: "Choose File"
          RenderTableRow {TR} at (0,72) size 1066x22
            RenderTableCell {TH} at (2,73) size 86x20 [r=3 c=0 rs=1 cs=1]
              RenderText {#text} at (1,1) size 84x18
                text run at (1,1) width 84: "direction:rtl"
            RenderTableCell {TD} at (89,72) size 243x22 [border: (1px solid #000000)] [r=3 c=1 rs=1 cs=1]
              RenderFileUploadControl {INPUT} at (2,2) size 238x18 "no file selected"
                RenderButton {INPUT} at (160,0) size 78x18 [color=#000000D8] [bgcolor=#C0C0C0] [border: none (2px outset #C0C0C0) none (2px outset #C0C0C0)]
                  RenderBlock (anonymous) at (8,2) size 62x13
                    RenderText at (0,0) size 62x13
                      text run at (0,0) width 62: "Choose File"
            RenderTableCell {TD} at (333,72) size 243x22 [border: (1px solid #000000)] [r=3 c=2 rs=1 cs=1]
              RenderFileUploadControl {INPUT} at (2,2) size 238x18 "no file selected"
                RenderButton {INPUT} at (160,0) size 78x18 [color=#000000D8] [bgcolor=#C0C0C0] [border: none (2px outset #C0C0C0) none (2px outset #C0C0C0)]
                  RenderBlock (anonymous) at (8,2) size 62x13
                    RenderText at (0,0) size 62x13
                      text run at (0,0) width 62: "Choose File"
            RenderTableCell {TD} at (577,72) size 243x22 [border: (1px solid #000000)] [r=3 c=3 rs=1 cs=1]
              RenderFileUploadControl {INPUT} at (2,2) size 238x18 "no file selected"
                RenderButton {INPUT} at (160,0) size 78x18 [color=#000000D8] [bgcolor=#C0C0C0] [border: none (2px outset #C0C0C0) none (2px outset #C0C0C0)]
                  RenderBlock (anonymous) at (8,2) size 62x13
                    RenderText at (0,0) size 62x13
                      text run at (0,0) width 62: "Choose File"
            RenderTableCell {TD} at (821,72) size 243x22 [border: (1px solid #000000)] [r=3 c=4 rs=1 cs=1]
              RenderFileUploadControl {INPUT} at (2,2) size 238x18 "no file selected"
                RenderButton {INPUT} at (160,0) size 78x18 [color=#000000D8] [bgcolor=#C0C0C0] [border: none (2px outset #C0C0C0) none (2px outset #C0C0C0)]
                  RenderBlock (anonymous) at (8,2) size 62x13
                    RenderText at (0,0) size 62x13
                      text run at (0,0) width 62: "Choose File"
