layer at (0,0) size 800x600
  RenderView at (0,0) size 800x600
layer at (0,0) size 800x600
  RenderBlock {HTML} at (0,0) size 800x600
    RenderBody {BODY} at (8,8) size 784x576
      RenderBlock {FORM} at (0,0) size 784x59
        RenderBlock (anonymous) at (0,0) size 784x59
          RenderBlock {INPUT} at (2,4) size 12x12
          RenderInline {B} at (0,0) size 76x18
            RenderText {#text} at (16,0) size 76x18
              text run at (16,0) width 76: "Attach File"
          RenderBR {BR} at (91,0) size 1x18
          RenderBR {BR} at (0,19) size 0x18
          RenderText {#text} at (0,38) size 89x18
            text run at (0,38) width 89: "  Select File:  "
          RenderFileUploadControl {INPUT} at (90,39) size 239x18 "no file selected"
            RenderButton {INPUT} at (0,0) size 78x18 [color=#0000003F] [bgcolor=#C0C0C0]
              RenderBlock (anonymous) at (8,2) size 62x13
                RenderText at (0,0) size 62x13
                  text run at (0,0) width 62: "Choose File"
          RenderBR {BR} at (330,38) size 1x18
        RenderTable {TABLE} at (0,59) size 0x0
