layer at (0,0) size 800x600
  RenderView at (0,0) size 800x600
layer at (0,0) size 800x77
  RenderBlock {HTML} at (0,0) size 800x77
    RenderBody {BODY} at (8,8) size 784x53
      RenderBlock {FORM} at (0,0) size 784x19
        RenderFileUploadControl {INPUT} at (0,1) size 238x18 "2 files"
          RenderButton {INPUT} at (0,0) size 84x18 [color=#000000D8] [bgcolor=#C0C0C0] [border: none (2px outset #C0C0C0) none (2px outset #C0C0C0)]
            RenderBlock (anonymous) at (8,2) size 68x13
              RenderText at (0,0) size 68x13
                text run at (0,0) width 68: "Choose Files"
        RenderText {#text} at (0,0) size 0x0
      RenderBlock {P} at (0,35) size 784x18
        RenderText {#text} at (0,0) size 449x18
          text run at (0,0) width 449: "The file upload control above should have text '2 files,' not a filename."
