layer at (0,0) size 1166x1680
  RenderView at (0,0) size 785x585
layer at (0,0) size 785x1680
  RenderBlock {HTML} at (0,0) size 785x1680
    RenderBody {BODY} at (8,8) size 769x1664
layer at (8,8) size 769x404
  RenderBlock {DIV} at (0,0) size 769x404 [border: (2px solid #000000)]
    RenderMultiColumnSet at (2,2) size 765x400
layer at (10,10) size 375x888
  RenderMultiColumnFlowThread at (2,2) size 375x888
    RenderBlock (anonymous) at (0,0) size 375x252
      RenderText {#text} at (0,0) size 110x17
        text run at (0,0) width 110: "This is some text."
      RenderBR {BR} at (110,0) size 0x17
      RenderText {#text} at (0,18) size 110x17
        text run at (0,18) width 110: "This is some text."
      RenderBR {BR} at (110,18) size 0x17
      RenderText {#text} at (0,36) size 110x17
        text run at (0,36) width 110: "This is some text."
      RenderBR {BR} at (110,36) size 0x17
      RenderText {#text} at (0,54) size 110x17
        text run at (0,54) width 110: "This is some text."
      RenderBR {BR} at (110,54) size 0x17
      RenderText {#text} at (0,72) size 110x17
        text run at (0,72) width 110: "This is some text."
      RenderBR {BR} at (110,72) size 0x17
      RenderText {#text} at (0,90) size 110x17
        text run at (0,90) width 110: "This is some text."
      RenderBR {BR} at (110,90) size 0x17
      RenderText {#text} at (0,108) size 110x17
        text run at (0,108) width 110: "This is some text."
      RenderBR {BR} at (110,108) size 0x17
      RenderText {#text} at (0,126) size 110x17
        text run at (0,126) width 110: "This is some text."
      RenderBR {BR} at (110,126) size 0x17
      RenderText {#text} at (0,144) size 110x17
        text run at (0,144) width 110: "This is some text."
      RenderBR {BR} at (110,144) size 0x17
      RenderText {#text} at (0,162) size 110x17
        text run at (0,162) width 110: "This is some text."
      RenderBR {BR} at (110,162) size 0x17
      RenderText {#text} at (0,180) size 110x17
        text run at (0,180) width 110: "This is some text."
      RenderBR {BR} at (110,180) size 0x17
      RenderText {#text} at (0,198) size 110x17
        text run at (0,198) width 110: "This is some text."
      RenderBR {BR} at (110,198) size 0x17
      RenderText {#text} at (0,216) size 110x17
        text run at (0,216) width 110: "This is some text."
      RenderBR {BR} at (110,216) size 0x17
      RenderText {#text} at (0,234) size 110x17
        text run at (0,234) width 110: "This is some text."
      RenderBR {BR} at (110,234) size 0x17
    RenderBlock {P} at (0,268) size 375x604
      RenderBlock (floating) {SPAN} at (0,132) size 78x147
        RenderText {#text} at (0,2) size 78x142
          text run at (0,2) width 78: "T"
      RenderText {#text} at (78,132) size 100x17
        text run at (78,132) width 100: "his is some text."
      RenderBR {BR} at (178,132) size 0x17
      RenderText {#text} at (78,150) size 110x17
        text run at (78,150) width 110: "This is some text."
      RenderBR {BR} at (188,150) size 0x17
      RenderText {#text} at (78,168) size 110x17
        text run at (78,168) width 110: "This is some text."
      RenderBR {BR} at (188,168) size 0x17
      RenderText {#text} at (78,186) size 110x17
        text run at (78,186) width 110: "This is some text."
      RenderBR {BR} at (188,186) size 0x17
      RenderText {#text} at (78,204) size 110x17
        text run at (78,204) width 110: "This is some text."
      RenderBR {BR} at (188,204) size 0x17
      RenderText {#text} at (78,222) size 110x17
        text run at (78,222) width 110: "This is some text."
      RenderBR {BR} at (188,222) size 0x17
      RenderText {#text} at (78,240) size 110x17
        text run at (78,240) width 110: "This is some text."
      RenderBR {BR} at (188,240) size 0x17
      RenderText {#text} at (78,258) size 110x17
        text run at (78,258) width 110: "This is some text."
      RenderBR {BR} at (188,258) size 0x17
      RenderText {#text} at (78,276) size 110x17
        text run at (78,276) width 110: "This is some text."
      RenderBR {BR} at (188,276) size 0x17
      RenderText {#text} at (0,294) size 110x17
        text run at (0,294) width 110: "This is some text."
      RenderBR {BR} at (110,294) size 0x17
      RenderText {#text} at (0,312) size 110x17
        text run at (0,312) width 110: "This is some text."
      RenderBR {BR} at (110,312) size 0x17
      RenderText {#text} at (0,330) size 110x17
        text run at (0,330) width 110: "This is some text."
      RenderBR {BR} at (110,330) size 0x17
      RenderText {#text} at (0,348) size 110x17
        text run at (0,348) width 110: "This is some text."
      RenderBR {BR} at (110,348) size 0x17
      RenderText {#text} at (0,366) size 110x17
        text run at (0,366) width 110: "This is some text."
      RenderBR {BR} at (110,366) size 0x17
      RenderText {#text} at (0,384) size 110x17
        text run at (0,384) width 110: "This is some text."
      RenderBR {BR} at (110,384) size 0x17
      RenderText {#text} at (0,402) size 110x17
        text run at (0,402) width 110: "This is some text."
      RenderBR {BR} at (110,402) size 0x17
      RenderText {#text} at (0,420) size 110x17
        text run at (0,420) width 110: "This is some text."
      RenderBR {BR} at (110,420) size 0x17
      RenderText {#text} at (0,438) size 110x17
        text run at (0,438) width 110: "This is some text."
      RenderBR {BR} at (110,438) size 0x17
      RenderText {#text} at (0,456) size 110x17
        text run at (0,456) width 110: "This is some text."
      RenderBR {BR} at (110,456) size 0x17
      RenderText {#text} at (0,474) size 110x17
        text run at (0,474) width 110: "This is some text."
      RenderBR {BR} at (110,474) size 0x17
      RenderText {#text} at (0,492) size 110x17
        text run at (0,492) width 110: "This is some text."
      RenderBR {BR} at (110,492) size 0x17
      RenderText {#text} at (0,510) size 110x17
        text run at (0,510) width 110: "This is some text."
      RenderBR {BR} at (110,510) size 0x17
      RenderText {#text} at (0,532) size 110x17
        text run at (0,532) width 110: "This is some text."
      RenderBR {BR} at (110,532) size 0x17
      RenderText {#text} at (0,550) size 110x17
        text run at (0,550) width 110: "This is some text."
      RenderBR {BR} at (110,550) size 0x17
      RenderText {#text} at (0,568) size 110x17
        text run at (0,568) width 110: "This is some text."
      RenderBR {BR} at (110,568) size 0x17
      RenderText {#text} at (0,586) size 110x17
        text run at (0,586) width 110: "This is some text."
      RenderBR {BR} at (110,586) size 0x17
layer at (8,428) size 769x404
  RenderBlock {DIV} at (0,420) size 769x404 [border: (2px solid #000000)]
    RenderMultiColumnSet at (2,2) size 765x400
layer at (10,430) size 375x888
  RenderMultiColumnFlowThread at (2,2) size 375x888
    RenderBlock (anonymous) at (0,0) size 375x252
      RenderText {#text} at (0,0) size 110x17
        text run at (0,0) width 110: "This is some text."
      RenderBR {BR} at (110,0) size 0x17
      RenderText {#text} at (0,18) size 110x17
        text run at (0,18) width 110: "This is some text."
      RenderBR {BR} at (110,18) size 0x17
      RenderText {#text} at (0,36) size 110x17
        text run at (0,36) width 110: "This is some text."
      RenderBR {BR} at (110,36) size 0x17
      RenderText {#text} at (0,54) size 110x17
        text run at (0,54) width 110: "This is some text."
      RenderBR {BR} at (110,54) size 0x17
      RenderText {#text} at (0,72) size 110x17
        text run at (0,72) width 110: "This is some text."
      RenderBR {BR} at (110,72) size 0x17
      RenderText {#text} at (0,90) size 110x17
        text run at (0,90) width 110: "This is some text."
      RenderBR {BR} at (110,90) size 0x17
      RenderText {#text} at (0,108) size 110x17
        text run at (0,108) width 110: "This is some text."
      RenderBR {BR} at (110,108) size 0x17
      RenderText {#text} at (0,126) size 110x17
        text run at (0,126) width 110: "This is some text."
      RenderBR {BR} at (110,126) size 0x17
      RenderText {#text} at (0,144) size 110x17
        text run at (0,144) width 110: "This is some text."
      RenderBR {BR} at (110,144) size 0x17
      RenderText {#text} at (0,162) size 110x17
        text run at (0,162) width 110: "This is some text."
      RenderBR {BR} at (110,162) size 0x17
      RenderText {#text} at (0,180) size 110x17
        text run at (0,180) width 110: "This is some text."
      RenderBR {BR} at (110,180) size 0x17
      RenderText {#text} at (0,198) size 110x17
        text run at (0,198) width 110: "This is some text."
      RenderBR {BR} at (110,198) size 0x17
      RenderText {#text} at (0,216) size 110x17
        text run at (0,216) width 110: "This is some text."
      RenderBR {BR} at (110,216) size 0x17
      RenderText {#text} at (0,234) size 110x17
        text run at (0,234) width 110: "This is some text."
      RenderBR {BR} at (110,234) size 0x17
    RenderBlock {P} at (0,268) size 375x604
      RenderImage {IMG} at (0,132) size 100x100 [bgcolor=#008000]
      RenderImage {IMG} at (274,132) size 101x200 [bgcolor=#008000]
      RenderText {#text} at (100,132) size 106x17
        text run at (100,132) width 106: "This is some text"
      RenderBR {BR} at (206,132) size 0x17
      RenderText {#text} at (100,150) size 110x17
        text run at (100,150) width 110: "This is some text."
      RenderBR {BR} at (210,150) size 0x17
      RenderText {#text} at (100,168) size 110x17
        text run at (100,168) width 110: "This is some text."
      RenderBR {BR} at (210,168) size 0x17
      RenderText {#text} at (100,186) size 110x17
        text run at (100,186) width 110: "This is some text."
      RenderBR {BR} at (210,186) size 0x17
      RenderText {#text} at (100,204) size 110x17
        text run at (100,204) width 110: "This is some text."
      RenderBR {BR} at (210,204) size 0x17
      RenderText {#text} at (100,222) size 110x17
        text run at (100,222) width 110: "This is some text."
      RenderBR {BR} at (210,222) size 0x17
      RenderText {#text} at (0,240) size 110x17
        text run at (0,240) width 110: "This is some text."
      RenderBR {BR} at (110,240) size 0x17
      RenderText {#text} at (0,258) size 110x17
        text run at (0,258) width 110: "This is some text."
      RenderBR {BR} at (110,258) size 0x17
      RenderText {#text} at (0,276) size 110x17
        text run at (0,276) width 110: "This is some text."
      RenderBR {BR} at (110,276) size 0x17
      RenderText {#text} at (0,294) size 110x17
        text run at (0,294) width 110: "This is some text."
      RenderBR {BR} at (110,294) size 0x17
      RenderText {#text} at (0,312) size 110x17
        text run at (0,312) width 110: "This is some text."
      RenderBR {BR} at (110,312) size 0x17
      RenderText {#text} at (0,330) size 110x17
        text run at (0,330) width 110: "This is some text."
      RenderBR {BR} at (110,330) size 0x17
      RenderText {#text} at (0,348) size 110x17
        text run at (0,348) width 110: "This is some text."
      RenderBR {BR} at (110,348) size 0x17
      RenderText {#text} at (0,366) size 110x17
        text run at (0,366) width 110: "This is some text."
      RenderBR {BR} at (110,366) size 0x17
      RenderText {#text} at (0,384) size 110x17
        text run at (0,384) width 110: "This is some text."
      RenderBR {BR} at (110,384) size 0x17
      RenderText {#text} at (0,402) size 110x17
        text run at (0,402) width 110: "This is some text."
      RenderBR {BR} at (110,402) size 0x17
      RenderText {#text} at (0,420) size 110x17
        text run at (0,420) width 110: "This is some text."
      RenderBR {BR} at (110,420) size 0x17
      RenderText {#text} at (0,438) size 110x17
        text run at (0,438) width 110: "This is some text."
      RenderBR {BR} at (110,438) size 0x17
      RenderText {#text} at (0,456) size 110x17
        text run at (0,456) width 110: "This is some text."
      RenderBR {BR} at (110,456) size 0x17
      RenderText {#text} at (0,474) size 110x17
        text run at (0,474) width 110: "This is some text."
      RenderBR {BR} at (110,474) size 0x17
      RenderText {#text} at (0,492) size 110x17
        text run at (0,492) width 110: "This is some text."
      RenderBR {BR} at (110,492) size 0x17
      RenderText {#text} at (0,510) size 110x17
        text run at (0,510) width 110: "This is some text."
      RenderBR {BR} at (110,510) size 0x17
      RenderText {#text} at (0,532) size 110x17
        text run at (0,532) width 110: "This is some text."
      RenderBR {BR} at (110,532) size 0x17
      RenderText {#text} at (0,550) size 110x17
        text run at (0,550) width 110: "This is some text."
      RenderBR {BR} at (110,550) size 0x17
      RenderText {#text} at (0,568) size 110x17
        text run at (0,568) width 110: "This is some text."
      RenderBR {BR} at (110,568) size 0x17
      RenderText {#text} at (0,586) size 110x17
        text run at (0,586) width 110: "This is some text."
      RenderBR {BR} at (110,586) size 0x17
layer at (8,848) size 769x404
  RenderBlock {DIV} at (0,840) size 769x404 [border: (2px solid #000000)]
    RenderMultiColumnSet at (2,2) size 765x400
layer at (10,850) size 375x436
  RenderMultiColumnFlowThread at (2,2) size 375x436
    RenderImage {IMG} at (0,0) size 300x390 [bgcolor=#008000]
    RenderText {#text} at (300,0) size 373x435
      text run at (300,0) width 73: "Longer text"
      text run at (300,18) width 72: "designed to"
      text run at (300,36) width 53: "test float"
      text run at (300,54) width 23: "and"
      text run at (300,72) width 60: "wrapping"
      text run at (300,90) width 59: "behavior."
      text run at (300,108) width 73: "Longer text"
      text run at (300,126) width 72: "designed to"
      text run at (300,144) width 53: "test float"
      text run at (300,162) width 23: "and"
      text run at (300,180) width 60: "wrapping"
      text run at (300,198) width 59: "behavior."
      text run at (300,216) width 73: "Longer text"
      text run at (300,234) width 72: "designed to"
      text run at (300,252) width 53: "test float"
      text run at (300,270) width 23: "and"
      text run at (300,288) width 60: "wrapping"
      text run at (300,306) width 59: "behavior."
      text run at (300,324) width 73: "Longer text"
      text run at (300,342) width 72: "designed to"
      text run at (300,360) width 53: "test float"
      text run at (300,378) width 23: "and"
      text run at (0,400) width 360: "wrapping behavior. Longer text designed to test float and"
      text run at (0,418) width 123: "wrapping behavior."
layer at (8,1268) size 769x404
  RenderBlock {DIV} at (0,1260) size 769x404 [border: (2px solid #000000)]
    RenderMultiColumnSet at (2,2) size 765x400
layer at (10,1270) size 375x643 backgroundClip at (0,0) size 1166x1680 clip at (0,0) size 1166x1680
  RenderMultiColumnFlowThread at (2,2) size 375x643
    RenderImage {IMG} at (0,0) size 375x380 [bgcolor=#0000FF]
    RenderInline {SPAN} at (0,0) size 370x242
      RenderImage {IMG} at (0,400) size 100x20 [bgcolor=#008000]
      RenderText {#text} at (100,400) size 211x26
        text run at (100,400) width 211: "Longer text designed "
      RenderImage {IMG} at (274,427) size 101x20 [bgcolor=#008000]
      RenderText {#text} at (311,400) size 370x242
        text run at (311,400) width 59: "to test"
        text run at (0,427) width 183: "float and wrapping"
        text run at (0,454) width 367: "behavior. Longer text designed to test"
        text run at (0,481) width 356: "float and wrapping behavior. Longer"
        text run at (0,508) width 286: "text designed to test float and"
        text run at (0,535) width 307: "wrapping behavior. Longer text"
        text run at (0,562) width 340: "designed to test float and wrapping"
        text run at (0,589) width 367: "behavior. Longer text designed to test"
        text run at (0,616) width 280: "float and wrapping behavior."
    RenderText {#text} at (0,0) size 0x0
