layer at (0,0) size 1188x585
  RenderView at (0,0) size 800x585
layer at (0,0) size 800x320
  RenderBlock {HTML} at (0,0) size 800x320
    RenderBody {BODY} at (8,8) size 784x304
layer at (8,8) size 784x304
  RenderBlock {DIV} at (0,0) size 784x304 [border: (2px solid #0000FF)]
    RenderMultiColumnSet at (2,2) size 780x300
layer at (10,10) size 382x650 backgroundClip at (0,0) size 1188x585 clip at (0,0) size 1188x585
  RenderMultiColumnFlowThread at (2,2) size 382x650
    RenderBlock {P} at (0,16) size 382x56
      RenderText {#text} at (0,-3) size 293x17
        text run at (0,-3) width 293: "This image should not be split across columns."
      RenderBR {BR} at (293,-3) size 0x17
      RenderText {#text} at (0,11) size 368x45
        text run at (0,11) width 368: "The reason it should not be split is that the line contains no"
        text run at (0,25) width 367: "text and so we should be willing to allow it to sit at the top"
        text run at (0,39) width 93: "of a new page."
    RenderBlock (anonymous) at (0,88) size 382x562
      RenderBlock {DIV} at (0,212) size 50x300 [bgcolor=#00FF00]
      RenderText {#text} at (0,0) size 0x0
      RenderBlock {DIV} at (0,512) size 382x50 [bgcolor=#800080]
      RenderText {#text} at (0,0) size 0x0
