layer at (0,0) size 785x1844
  RenderView at (0,0) size 785x600
layer at (0,0) size 785x1844
  RenderBlock {HTML} at (0,0) size 785x1844
    RenderBody {BODY} at (8,8) size 769x1820
      RenderBlock {UL} at (0,0) size 186x134 [border: (1px solid #0000FF)]
        RenderListItem {LI} at (41,1) size 144x38 [border: (5px solid #FFA500)]
          RenderListMarker at (-17,10) size 7x18: bullet
          RenderText {#text} at (10,10) size 62x18
            text run at (10,10) width 62: "First item"
        RenderListItem {LI} at (41,39) size 144x56 [border: (5px solid #FFA500)]
          RenderListMarker at (-17,10) size 7x18: bullet
          RenderText {#text} at (10,10) size 107x36
            text run at (10,10) width 107: "Second and very"
            text run at (10,28) width 94: "very long item"
        RenderListItem {LI} at (41,95) size 144x38 [border: (5px solid #FFA500)]
          RenderListMarker at (-17,10) size 7x18: bullet
          RenderText {#text} at (10,10) size 68x18
            text run at (10,10) width 68: "Third item"
      RenderBlock {UL} at (0,150) size 186x134 [border: (1px solid #FF0000)]
        RenderListItem {LI} at (1,1) size 144x38 [border: (5px solid #FFA500)]
          RenderListMarker at (153,10) size 8x18: bullet
          RenderText {#text} at (71,10) size 63x18
            text run at (71,10) width 63: "First item"
        RenderListItem {LI} at (1,39) size 144x56 [border: (5px solid #FFA500)]
          RenderListMarker at (153,10) size 8x18: bullet
          RenderText {#text} at (26,10) size 108x36
            text run at (26,10) width 108: "Second and very"
            text run at (40,28) width 94: "very long item"
        RenderListItem {LI} at (1,95) size 144x38 [border: (5px solid #FFA500)]
          RenderListMarker at (153,10) size 8x18: bullet
          RenderText {#text} at (65,10) size 69x18
            text run at (65,10) width 69: "Third item"
      RenderBlock {UL} at (0,300) size 186x134 [border: (1px solid #0000FF)]
        RenderListItem {LI} at (41,1) size 144x38 [border: (5px solid #FFA500)]
          RenderListMarker at (9,10) size 7x18: bullet
          RenderText {#text} at (24,10) size 62x18
            text run at (24,10) width 62: "First item"
        RenderListItem {LI} at (41,39) size 144x56 [border: (5px solid #FFA500)]
          RenderListMarker at (9,10) size 7x18: bullet
          RenderText {#text} at (24,10) size 121x36
            text run at (24,10) width 107: "Second and very"
            text run at (10,28) width 94: "very long item"
        RenderListItem {LI} at (41,95) size 144x38 [border: (5px solid #FFA500)]
          RenderListMarker at (9,10) size 7x18: bullet
          RenderText {#text} at (24,10) size 68x18
            text run at (24,10) width 68: "Third item"
      RenderBlock {UL} at (0,450) size 186x134 [border: (1px solid #FF0000)]
        RenderListItem {LI} at (1,1) size 144x38 [border: (5px solid #FFA500)]
          RenderListMarker at (127,10) size 8x18: bullet
          RenderText {#text} at (57,10) size 63x18
            text run at (57,10) width 63: "First item"
        RenderListItem {LI} at (1,39) size 144x56 [border: (5px solid #FFA500)]
          RenderListMarker at (127,10) size 8x18: bullet
          RenderText {#text} at (12,10) size 122x36
            text run at (12,10) width 108: "Second and very"
            text run at (40,28) width 94: "very long item"
        RenderListItem {LI} at (1,95) size 144x38 [border: (5px solid #FFA500)]
          RenderListMarker at (127,10) size 8x18: bullet
          RenderText {#text} at (51,10) size 69x18
            text run at (51,10) width 69: "Third item"
      RenderBlock {UL} at (0,600) size 186x134 [border: (1px solid #0000FF)]
        RenderListItem {LI} at (41,1) size 144x38 [border: (5px solid #FFA500)]
          RenderListMarker at (-17,14) size 10x10
          RenderText {#text} at (10,10) size 62x18
            text run at (10,10) width 62: "First item"
        RenderListItem {LI} at (41,39) size 144x56 [border: (5px solid #FFA500)]
          RenderListMarker at (-17,14) size 10x10
          RenderText {#text} at (10,10) size 107x36
            text run at (10,10) width 107: "Second and very"
            text run at (10,28) width 94: "very long item"
        RenderListItem {LI} at (41,95) size 144x38 [border: (5px solid #FFA500)]
          RenderListMarker at (-17,14) size 10x10
          RenderText {#text} at (10,10) size 68x18
            text run at (10,10) width 68: "Third item"
      RenderBlock {UL} at (0,750) size 186x134 [border: (1px solid #FF0000)]
        RenderListItem {LI} at (1,1) size 144x38 [border: (5px solid #FFA500)]
          RenderListMarker at (150,14) size 11x10
          RenderText {#text} at (71,10) size 63x18
            text run at (71,10) width 63: "First item"
        RenderListItem {LI} at (1,39) size 144x56 [border: (5px solid #FFA500)]
          RenderListMarker at (150,14) size 11x10
          RenderText {#text} at (26,10) size 108x36
            text run at (26,10) width 108: "Second and very"
            text run at (40,28) width 94: "very long item"
        RenderListItem {LI} at (1,95) size 144x38 [border: (5px solid #FFA500)]
          RenderListMarker at (150,14) size 11x10
          RenderText {#text} at (65,10) size 69x18
            text run at (65,10) width 69: "Third item"
      RenderBlock {UL} at (0,900) size 186x152 [border: (1px solid #0000FF)]
        RenderListItem {LI} at (41,1) size 144x38 [border: (5px solid #FFA500)]
          RenderListMarker at (10,14) size 10x10
          RenderText {#text} at (27,10) size 62x18
            text run at (27,10) width 62: "First item"
        RenderListItem {LI} at (41,39) size 144x74 [border: (5px solid #FFA500)]
          RenderListMarker at (10,14) size 10x10
          RenderText {#text} at (27,10) size 94x54
            text run at (27,10) width 75: "Second and"
            text run at (10,28) width 94: "very very long"
            text run at (10,46) width 29: "item"
        RenderListItem {LI} at (41,113) size 144x38 [border: (5px solid #FFA500)]
          RenderListMarker at (10,14) size 10x10
          RenderText {#text} at (27,10) size 68x18
            text run at (27,10) width 68: "Third item"
      RenderBlock {UL} at (0,1068) size 186x152 [border: (1px solid #FF0000)]
        RenderListItem {LI} at (1,1) size 144x38 [border: (5px solid #FFA500)]
          RenderListMarker at (123,14) size 11x10
          RenderText {#text} at (54,10) size 63x18
            text run at (54,10) width 63: "First item"
        RenderListItem {LI} at (1,39) size 144x74 [border: (5px solid #FFA500)]
          RenderListMarker at (123,14) size 11x10
          RenderText {#text} at (42,10) size 94x54
            text run at (42,10) width 75: "Second and"
            text run at (40,28) width 94: "very very long"
            text run at (105,46) width 29: "item"
        RenderListItem {LI} at (1,113) size 144x38 [border: (5px solid #FFA500)]
          RenderListMarker at (123,14) size 11x10
          RenderText {#text} at (48,10) size 69x18
            text run at (48,10) width 69: "Third item"
      RenderBlock {OL} at (0,1236) size 186x134 [border: (1px solid #0000FF)]
        RenderListItem {LI} at (41,1) size 144x38 [border: (5px solid #FFA500)]
          RenderListMarker at (-20,10) size 16x18: "1"
          RenderText {#text} at (10,10) size 62x18
            text run at (10,10) width 62: "First item"
        RenderListItem {LI} at (41,39) size 144x56 [border: (5px solid #FFA500)]
          RenderListMarker at (-20,10) size 16x18: "2"
          RenderText {#text} at (10,10) size 107x36
            text run at (10,10) width 107: "Second and very"
            text run at (10,28) width 94: "very long item"
        RenderListItem {LI} at (41,95) size 144x38 [border: (5px solid #FFA500)]
          RenderListMarker at (-20,10) size 16x18: "3"
          RenderText {#text} at (10,10) size 68x18
            text run at (10,10) width 68: "Third item"
      RenderBlock {OL} at (0,1386) size 186x134 [border: (1px solid #FF0000)]
        RenderListItem {LI} at (1,1) size 144x38 [border: (5px solid #FFA500)]
          RenderListMarker at (147,10) size 17x18: "1"
          RenderText {#text} at (71,10) size 63x18
            text run at (71,10) width 63: "First item"
        RenderListItem {LI} at (1,39) size 144x56 [border: (5px solid #FFA500)]
          RenderListMarker at (147,10) size 17x18: "2"
          RenderText {#text} at (26,10) size 108x36
            text run at (26,10) width 108: "Second and very"
            text run at (40,28) width 94: "very long item"
        RenderListItem {LI} at (1,95) size 144x38 [border: (5px solid #FFA500)]
          RenderListMarker at (147,10) size 17x18: "3"
          RenderText {#text} at (65,10) size 69x18
            text run at (65,10) width 69: "Third item"
      RenderBlock {OL} at (0,1536) size 186x134 [border: (1px solid #0000FF)]
        RenderListItem {LI} at (41,1) size 144x38 [border: (5px solid #FFA500)]
          RenderListMarker at (10,10) size 16x18: "1"
          RenderText {#text} at (26,10) size 62x18
            text run at (26,10) width 62: "First item"
        RenderListItem {LI} at (41,39) size 144x56 [border: (5px solid #FFA500)]
          RenderListMarker at (10,10) size 16x18: "2"
          RenderText {#text} at (26,10) size 123x36
            text run at (26,10) width 107: "Second and very"
            text run at (10,28) width 94: "very long item"
        RenderListItem {LI} at (41,95) size 144x38 [border: (5px solid #FFA500)]
          RenderListMarker at (10,10) size 16x18: "3"
          RenderText {#text} at (26,10) size 68x18
            text run at (26,10) width 68: "Third item"
      RenderBlock {OL} at (0,1686) size 186x134 [border: (1px solid #FF0000)]
        RenderListItem {LI} at (1,1) size 144x38 [border: (5px solid #FFA500)]
          RenderListMarker at (117,10) size 17x18: "1"
          RenderText {#text} at (55,10) size 63x18
            text run at (55,10) width 63: "First item"
        RenderListItem {LI} at (1,39) size 144x56 [border: (5px solid #FFA500)]
          RenderListMarker at (117,10) size 17x18: "2"
          RenderText {#text} at (10,10) size 124x36
            text run at (10,10) width 108: "Second and very"
            text run at (40,28) width 94: "very long item"
        RenderListItem {LI} at (1,95) size 144x38 [border: (5px solid #FFA500)]
          RenderListMarker at (117,10) size 17x18: "3"
          RenderText {#text} at (49,10) size 69x18
            text run at (49,10) width 69: "Third item"
