layer at (0,0) size 1844x585
  RenderView at (0,0) size 800x585
layer at (0,0) size 1844x585
  RenderBlock {HTML} at (0,0) size 1844x585
    RenderBody {BODY} at (8,8) size 1820x569
      RenderBlock {UL} at (0,0) size 134x186 [border: (1px solid #0000FF)]
        RenderListItem {LI} at (1,41) size 38x144 [border: (5px solid #FFA500)]
          RenderListMarker at (10,-17) size 18x7: bullet
          RenderText {#text} at (10,10) size 18x62
            text run at (10,10) width 62: "First item"
        RenderListItem {LI} at (39,41) size 56x144 [border: (5px solid #FFA500)]
          RenderListMarker at (10,-17) size 18x7: bullet
          RenderText {#text} at (10,10) size 36x107
            text run at (10,10) width 107: "Second and very"
            text run at (28,10) width 94: "very long item"
        RenderListItem {LI} at (95,41) size 38x144 [border: (5px solid #FFA500)]
          RenderListMarker at (10,-17) size 18x7: bullet
          RenderText {#text} at (10,10) size 18x68
            text run at (10,10) width 68: "Third item"
      RenderBlock {UL} at (150,0) size 134x186 [border: (1px solid #FF0000)]
        RenderListItem {LI} at (1,1) size 38x144 [border: (5px solid #FFA500)]
          RenderListMarker at (10,153) size 18x8: bullet
          RenderText {#text} at (10,71) size 18x63
            text run at (10,71) width 62: "First item"
        RenderListItem {LI} at (39,1) size 56x144 [border: (5px solid #FFA500)]
          RenderListMarker at (10,153) size 18x8: bullet
          RenderText {#text} at (10,26) size 36x108
            text run at (10,26) width 107: "Second and very"
            text run at (28,40) width 94: "very long item"
        RenderListItem {LI} at (95,1) size 38x144 [border: (5px solid #FFA500)]
          RenderListMarker at (10,153) size 18x8: bullet
          RenderText {#text} at (10,65) size 18x69
            text run at (10,65) width 68: "Third item"
      RenderBlock {UL} at (300,0) size 134x186 [border: (1px solid #0000FF)]
        RenderListItem {LI} at (1,41) size 38x144 [border: (5px solid #FFA500)]
          RenderListMarker at (10,9) size 18x7: bullet
          RenderText {#text} at (10,24) size 18x62
            text run at (10,24) width 62: "First item"
        RenderListItem {LI} at (39,41) size 56x144 [border: (5px solid #FFA500)]
          RenderListMarker at (10,9) size 18x7: bullet
          RenderText {#text} at (10,24) size 36x121
            text run at (10,24) width 107: "Second and very"
            text run at (28,10) width 94: "very long item"
        RenderListItem {LI} at (95,41) size 38x144 [border: (5px solid #FFA500)]
          RenderListMarker at (10,9) size 18x7: bullet
          RenderText {#text} at (10,24) size 18x68
            text run at (10,24) width 68: "Third item"
      RenderBlock {UL} at (450,0) size 134x186 [border: (1px solid #FF0000)]
        RenderListItem {LI} at (1,1) size 38x144 [border: (5px solid #FFA500)]
          RenderListMarker at (10,127) size 18x8: bullet
          RenderText {#text} at (10,57) size 18x63
            text run at (10,57) width 62: "First item"
        RenderListItem {LI} at (39,1) size 56x144 [border: (5px solid #FFA500)]
          RenderListMarker at (10,127) size 18x8: bullet
          RenderText {#text} at (10,12) size 36x122
            text run at (10,12) width 107: "Second and very"
            text run at (28,40) width 94: "very long item"
        RenderListItem {LI} at (95,1) size 38x144 [border: (5px solid #FFA500)]
          RenderListMarker at (10,127) size 18x8: bullet
          RenderText {#text} at (10,51) size 18x69
            text run at (10,51) width 68: "Third item"
      RenderBlock {UL} at (600,0) size 134x186 [border: (1px solid #0000FF)]
        RenderListItem {LI} at (1,41) size 38x144 [border: (5px solid #FFA500)]
          RenderListMarker at (14,-17) size 10x10
          RenderText {#text} at (10,10) size 18x62
            text run at (10,10) width 62: "First item"
        RenderListItem {LI} at (39,41) size 56x144 [border: (5px solid #FFA500)]
          RenderListMarker at (14,-17) size 10x10
          RenderText {#text} at (10,10) size 36x107
            text run at (10,10) width 107: "Second and very"
            text run at (28,10) width 94: "very long item"
        RenderListItem {LI} at (95,41) size 38x144 [border: (5px solid #FFA500)]
          RenderListMarker at (14,-17) size 10x10
          RenderText {#text} at (10,10) size 18x68
            text run at (10,10) width 68: "Third item"
      RenderBlock {UL} at (750,0) size 134x186 [border: (1px solid #FF0000)]
        RenderListItem {LI} at (1,1) size 38x144 [border: (5px solid #FFA500)]
          RenderListMarker at (14,150) size 10x11
          RenderText {#text} at (10,71) size 18x63
            text run at (10,71) width 62: "First item"
        RenderListItem {LI} at (39,1) size 56x144 [border: (5px solid #FFA500)]
          RenderListMarker at (14,150) size 10x11
          RenderText {#text} at (10,26) size 36x108
            text run at (10,26) width 107: "Second and very"
            text run at (28,40) width 94: "very long item"
        RenderListItem {LI} at (95,1) size 38x144 [border: (5px solid #FFA500)]
          RenderListMarker at (14,150) size 10x11
          RenderText {#text} at (10,65) size 18x69
            text run at (10,65) width 68: "Third item"
      RenderBlock {UL} at (900,0) size 152x186 [border: (1px solid #0000FF)]
        RenderListItem {LI} at (1,41) size 38x144 [border: (5px solid #FFA500)]
          RenderListMarker at (14,10) size 10x10
          RenderText {#text} at (10,27) size 18x62
            text run at (10,27) width 62: "First item"
        RenderListItem {LI} at (39,41) size 74x144 [border: (5px solid #FFA500)]
          RenderListMarker at (14,10) size 10x10
          RenderText {#text} at (10,27) size 54x94
            text run at (10,27) width 75: "Second and"
            text run at (28,10) width 94: "very very long"
            text run at (46,10) width 29: "item"
        RenderListItem {LI} at (113,41) size 38x144 [border: (5px solid #FFA500)]
          RenderListMarker at (14,10) size 10x10
          RenderText {#text} at (10,27) size 18x68
            text run at (10,27) width 68: "Third item"
      RenderBlock {UL} at (1068,0) size 152x186 [border: (1px solid #FF0000)]
        RenderListItem {LI} at (1,1) size 38x144 [border: (5px solid #FFA500)]
          RenderListMarker at (14,123) size 10x11
          RenderText {#text} at (10,54) size 18x63
            text run at (10,54) width 62: "First item"
        RenderListItem {LI} at (39,1) size 74x144 [border: (5px solid #FFA500)]
          RenderListMarker at (14,123) size 10x11
          RenderText {#text} at (10,42) size 54x94
            text run at (10,42) width 75: "Second and"
            text run at (28,40) width 94: "very very long"
            text run at (46,105) width 29: "item"
        RenderListItem {LI} at (113,1) size 38x144 [border: (5px solid #FFA500)]
          RenderListMarker at (14,123) size 10x11
          RenderText {#text} at (10,48) size 18x69
            text run at (10,48) width 68: "Third item"
      RenderBlock {OL} at (1236,0) size 134x186 [border: (1px solid #0000FF)]
        RenderListItem {LI} at (1,41) size 38x144 [border: (5px solid #FFA500)]
          RenderListMarker at (10,-20) size 18x16: "1"
          RenderText {#text} at (10,10) size 18x62
            text run at (10,10) width 62: "First item"
        RenderListItem {LI} at (39,41) size 56x144 [border: (5px solid #FFA500)]
          RenderListMarker at (10,-20) size 18x16: "2"
          RenderText {#text} at (10,10) size 36x107
            text run at (10,10) width 107: "Second and very"
            text run at (28,10) width 94: "very long item"
        RenderListItem {LI} at (95,41) size 38x144 [border: (5px solid #FFA500)]
          RenderListMarker at (10,-20) size 18x16: "3"
          RenderText {#text} at (10,10) size 18x68
            text run at (10,10) width 68: "Third item"
      RenderBlock {OL} at (1386,0) size 134x186 [border: (1px solid #FF0000)]
        RenderListItem {LI} at (1,1) size 38x144 [border: (5px solid #FFA500)]
          RenderListMarker at (10,147) size 18x17: "1"
          RenderText {#text} at (10,71) size 18x63
            text run at (10,71) width 62: "First item"
        RenderListItem {LI} at (39,1) size 56x144 [border: (5px solid #FFA500)]
          RenderListMarker at (10,147) size 18x17: "2"
          RenderText {#text} at (10,26) size 36x108
            text run at (10,26) width 107: "Second and very"
            text run at (28,40) width 94: "very long item"
        RenderListItem {LI} at (95,1) size 38x144 [border: (5px solid #FFA500)]
          RenderListMarker at (10,147) size 18x17: "3"
          RenderText {#text} at (10,65) size 18x69
            text run at (10,65) width 68: "Third item"
      RenderBlock {OL} at (1536,0) size 134x186 [border: (1px solid #0000FF)]
        RenderListItem {LI} at (1,41) size 38x144 [border: (5px solid #FFA500)]
          RenderListMarker at (10,10) size 18x16: "1"
          RenderText {#text} at (10,26) size 18x62
            text run at (10,26) width 62: "First item"
        RenderListItem {LI} at (39,41) size 56x144 [border: (5px solid #FFA500)]
          RenderListMarker at (10,10) size 18x16: "2"
          RenderText {#text} at (10,26) size 36x123
            text run at (10,26) width 107: "Second and very"
            text run at (28,10) width 94: "very long item"
        RenderListItem {LI} at (95,41) size 38x144 [border: (5px solid #FFA500)]
          RenderListMarker at (10,10) size 18x16: "3"
          RenderText {#text} at (10,26) size 18x68
            text run at (10,26) width 68: "Third item"
      RenderBlock {OL} at (1686,0) size 134x186 [border: (1px solid #FF0000)]
        RenderListItem {LI} at (1,1) size 38x144 [border: (5px solid #FFA500)]
          RenderListMarker at (10,117) size 18x17: "1"
          RenderText {#text} at (10,55) size 18x63
            text run at (10,55) width 62: "First item"
        RenderListItem {LI} at (39,1) size 56x144 [border: (5px solid #FFA500)]
          RenderListMarker at (10,117) size 18x17: "2"
          RenderText {#text} at (10,10) size 36x124
            text run at (10,10) width 107: "Second and very"
            text run at (28,40) width 94: "very long item"
        RenderListItem {LI} at (95,1) size 38x144 [border: (5px solid #FFA500)]
          RenderListMarker at (10,117) size 18x17: "3"
          RenderText {#text} at (10,49) size 18x69
            text run at (10,49) width 68: "Third item"
