layer at (0,0) size 800x600
  RenderView at (0,0) size 800x600
layer at (0,0) size 800x600
  RenderBlock {HTML} at (0,0) size 800x600
    RenderBody {BODY} at (8,8) size 784x584
      RenderBlock {P} at (0,0) size 784x18
        RenderText {#text} at (0,0) size 54x18
          text run at (0,0) width 54: "Test for "
        RenderInline {I} at (0,0) size 661x18
          RenderInline {A} at (0,0) size 353x18 [color=#0000EE]
            RenderText {#text} at (53,0) size 353x18
              text run at (53,0) width 353: "http://bugzilla.opendarwin.org/show_bug.cgi?id=8408"
          RenderText {#text} at (405,0) size 309x18
            text run at (405,0) width 5: " "
            text run at (409,0) width 305: "Paint the highlight behind selected list markers"
        RenderText {#text} at (713,0) size 5x18
          text run at (713,0) width 5: "."
      RenderBlock {P} at (0,34) size 784x18
        RenderText {#text} at (0,0) size 377x18
          text run at (0,0) width 377: "This tests the rendering of list markers inside the selection."
      RenderBlock (anonymous) at (0,68) size 784x0
        RenderInline {A} at (0,0) size 0x0
        RenderText {#text} at (0,0) size 0x0
      RenderBlock {HR} at (0,68) size 784x2 [border: (1px inset #000000)]
      RenderBlock {UL} at (0,86) size 784x18
        RenderListItem {LI} at (40,0) size 744x18
          RenderListMarker at (-17,0) size 7x18: bullet
          RenderText {#text} at (0,0) size 162x18
            text run at (0,0) width 162: "Item with outside marker"
      RenderBlock {UL} at (0,120) size 784x18
        RenderListItem {LI} at (40,0) size 744x18
          RenderListMarker at (-1,0) size 7x18: bullet
          RenderText {#text} at (14,0) size 154x18
            text run at (14,0) width 154: "Item with inside marker"
      RenderBlock {UL} at (0,154) size 784x18
        RenderListItem {LI} at (40,0) size 744x18
          RenderListMarker at (-17,4) size 10x10
          RenderText {#text} at (0,0) size 205x18
            text run at (0,0) width 205: "Item with outside image marker"
      RenderBlock {UL} at (0,188) size 784x18
        RenderListItem {LI} at (40,0) size 744x18
          RenderListMarker at (0,4) size 10x10
          RenderText {#text} at (17,0) size 197x18
            text run at (17,0) width 197: "Item with inside image marker"
      RenderBlock {OL} at (0,222) size 784x36
        RenderListItem {LI} at (40,0) size 744x18
          RenderListMarker at (-20,0) size 16x18: "1"
          RenderText {#text} at (0,0) size 162x18
            text run at (0,0) width 162: "Item with outside ordinal"
        RenderListItem {LI} at (40,18) size 744x18
          RenderListMarker at (-20,0) size 16x18: "2"
          RenderText {#text} at (0,0) size 103x18
            text run at (0,0) width 103: "and another one"
      RenderBlock {OL} at (0,274) size 784x36
        RenderListItem {LI} at (40,0) size 744x18
          RenderListMarker at (0,0) size 16x18: "1"
          RenderText {#text} at (16,0) size 154x18
            text run at (16,0) width 154: "Item with inside ordinal"
        RenderListItem {LI} at (40,18) size 744x18
          RenderListMarker at (0,0) size 16x18: "2"
          RenderText {#text} at (16,0) size 103x18
            text run at (16,0) width 103: "and another one"
      RenderBlock {HR} at (0,326) size 784x2 [border: (1px inset #000000)]
      RenderBlock (anonymous) at (0,336) size 784x0
        RenderInline {A} at (0,0) size 0x0
        RenderText {#text} at (0,0) size 0x0
selection start: position 0 of child 7 {HR} of body
selection end:   position 1 of child 21 {HR} of body
