layer at (0,0) size 785x1150
  RenderView at (0,0) size 785x600
layer at (0,0) size 785x1150
  RenderBlock {HTML} at (0,0) size 785x1150
    RenderBody {BODY} at (8,8) size 769x1134
      RenderBlock (anonymous) at (0,0) size 769x18
        RenderText {#text} at (0,0) size 113x18
          text run at (0,0) width 113: "No start attribute."
      RenderBlock {OL} at (0,34) size 769x36
        RenderListItem {LI} at (40,0) size 729x18
          RenderListMarker at (-20,0) size 16x18: "1"
          RenderText {#text} at (0,0) size 77x18
            text run at (0,0) width 77: "Should be 1"
        RenderListItem {LI} at (40,18) size 729x18
          RenderListMarker at (-20,0) size 16x18: "2"
          RenderText {#text} at (0,0) size 77x18
            text run at (0,0) width 77: "Should be 2"
      RenderBlock {HR} at (0,86) size 769x2 [border: (1px inset #000000)]
      RenderBlock (anonymous) at (0,96) size 769x18
        RenderText {#text} at (0,0) size 28x18
          text run at (0,0) width 28: "start"
      RenderBlock {OL} at (0,130) size 769x36
        RenderListItem {LI} at (40,0) size 729x18
          RenderListMarker at (-20,0) size 16x18: "1"
          RenderText {#text} at (0,0) size 77x18
            text run at (0,0) width 77: "Should be 1"
        RenderListItem {LI} at (40,18) size 729x18
          RenderListMarker at (-20,0) size 16x18: "2"
          RenderText {#text} at (0,0) size 77x18
            text run at (0,0) width 77: "Should be 2"
      RenderBlock {HR} at (0,182) size 769x2 [border: (1px inset #000000)]
      RenderBlock (anonymous) at (0,192) size 769x18
        RenderText {#text} at (0,0) size 50x18
          text run at (0,0) width 50: "start=\"\""
      RenderBlock {OL} at (0,226) size 769x36
        RenderListItem {LI} at (40,0) size 729x18
          RenderListMarker at (-20,0) size 16x18: "1"
          RenderText {#text} at (0,0) size 77x18
            text run at (0,0) width 77: "Should be 1"
        RenderListItem {LI} at (40,18) size 729x18
          RenderListMarker at (-20,0) size 16x18: "2"
          RenderText {#text} at (0,0) size 77x18
            text run at (0,0) width 77: "Should be 2"
      RenderBlock {HR} at (0,278) size 769x2 [border: (1px inset #000000)]
      RenderBlock (anonymous) at (0,288) size 769x18
        RenderText {#text} at (0,0) size 66x18
          text run at (0,0) width 66: "start=\" 2 \""
      RenderBlock {OL} at (0,322) size 769x36
        RenderListItem {LI} at (40,0) size 729x18
          RenderListMarker at (-20,0) size 16x18: "2"
          RenderText {#text} at (0,0) size 77x18
            text run at (0,0) width 77: "Should be 2"
        RenderListItem {LI} at (40,18) size 729x18
          RenderListMarker at (-20,0) size 16x18: "3"
          RenderText {#text} at (0,0) size 77x18
            text run at (0,0) width 77: "Should be 3"
      RenderBlock {HR} at (0,374) size 769x2 [border: (1px inset #000000)]
      RenderBlock (anonymous) at (0,384) size 769x18
        RenderText {#text} at (0,0) size 67x18
          text run at (0,0) width 67: "start=\"+2\""
      RenderBlock {OL} at (0,418) size 769x36
        RenderListItem {LI} at (40,0) size 729x18
          RenderListMarker at (-20,0) size 16x18: "2"
          RenderText {#text} at (0,0) size 77x18
            text run at (0,0) width 77: "Should be 2"
        RenderListItem {LI} at (40,18) size 729x18
          RenderListMarker at (-20,0) size 16x18: "3"
          RenderText {#text} at (0,0) size 77x18
            text run at (0,0) width 77: "Should be 3"
      RenderBlock {HR} at (0,470) size 769x2 [border: (1px inset #000000)]
      RenderBlock (anonymous) at (0,480) size 769x18
        RenderText {#text} at (0,0) size 70x18
          text run at (0,0) width 70: "start=\"A2\""
      RenderBlock {OL} at (0,514) size 769x36
        RenderListItem {LI} at (40,0) size 729x18
          RenderListMarker at (-20,0) size 16x18: "1"
          RenderText {#text} at (0,0) size 77x18
            text run at (0,0) width 77: "Should be 1"
        RenderListItem {LI} at (40,18) size 729x18
          RenderListMarker at (-20,0) size 16x18: "2"
          RenderText {#text} at (0,0) size 77x18
            text run at (0,0) width 77: "Should be 2"
      RenderBlock {HR} at (0,566) size 769x2 [border: (1px inset #000000)]
      RenderBlock (anonymous) at (0,576) size 769x18
        RenderText {#text} at (0,0) size 62x18
          text run at (0,0) width 62: "start=\".2\""
      RenderBlock {OL} at (0,610) size 769x36
        RenderListItem {LI} at (40,0) size 729x18
          RenderListMarker at (-20,0) size 16x18: "1"
          RenderText {#text} at (0,0) size 77x18
            text run at (0,0) width 77: "Should be 1"
        RenderListItem {LI} at (40,18) size 729x18
          RenderListMarker at (-20,0) size 16x18: "2"
          RenderText {#text} at (0,0) size 77x18
            text run at (0,0) width 77: "Should be 2"
      RenderBlock {HR} at (0,662) size 769x2 [border: (1px inset #000000)]
      RenderBlock (anonymous) at (0,672) size 769x18
        RenderText {#text} at (0,0) size 66x18
          text run at (0,0) width 66: "start=\"#2\""
      RenderBlock {OL} at (0,706) size 769x36
        RenderListItem {LI} at (40,0) size 729x18
          RenderListMarker at (-20,0) size 16x18: "1"
          RenderText {#text} at (0,0) size 77x18
            text run at (0,0) width 77: "Should be 1"
        RenderListItem {LI} at (40,18) size 729x18
          RenderListMarker at (-20,0) size 16x18: "2"
          RenderText {#text} at (0,0) size 77x18
            text run at (0,0) width 77: "Should be 2"
      RenderBlock (anonymous) at (0,758) size 769x18
        RenderText {#text} at (0,0) size 58x18
          text run at (0,0) width 58: "start=\"0\""
      RenderBlock {OL} at (0,792) size 769x36
        RenderListItem {LI} at (40,0) size 729x18
          RenderListMarker at (-20,0) size 16x18: "0"
          RenderText {#text} at (0,0) size 77x18
            text run at (0,0) width 77: "Should be 0"
        RenderListItem {LI} at (40,18) size 729x18
          RenderListMarker at (-20,0) size 16x18: "1"
          RenderText {#text} at (0,0) size 77x18
            text run at (0,0) width 77: "Should be 1"
      RenderBlock {HR} at (0,844) size 769x2 [border: (1px inset #000000)]
      RenderBlock (anonymous) at (0,854) size 769x18
        RenderText {#text} at (0,0) size 66x18
          text run at (0,0) width 66: "start=\" 0 \""
      RenderBlock {OL} at (0,888) size 769x36
        RenderListItem {LI} at (40,0) size 729x18
          RenderListMarker at (-20,0) size 16x18: "0"
          RenderText {#text} at (0,0) size 77x18
            text run at (0,0) width 77: "Should be 0"
        RenderListItem {LI} at (40,18) size 729x18
          RenderListMarker at (-20,0) size 16x18: "1"
          RenderText {#text} at (0,0) size 77x18
            text run at (0,0) width 77: "Should be 1"
      RenderBlock {HR} at (0,940) size 769x2 [border: (1px inset #000000)]
      RenderBlock (anonymous) at (0,950) size 769x18
        RenderText {#text} at (0,0) size 58x18
          text run at (0,0) width 58: "start=\"2\""
      RenderBlock {OL} at (0,984) size 769x36
        RenderListItem {LI} at (40,0) size 729x18
          RenderListMarker at (-20,0) size 16x18: "2"
          RenderText {#text} at (0,0) size 77x18
            text run at (0,0) width 77: "Should be 2"
        RenderListItem {LI} at (40,18) size 729x18
          RenderListMarker at (-20,0) size 16x18: "3"
          RenderText {#text} at (0,0) size 77x18
            text run at (0,0) width 77: "Should be 3"
      RenderBlock {HR} at (0,1036) size 769x2 [border: (1px inset #000000)]
      RenderBlock (anonymous) at (0,1046) size 769x18
        RenderText {#text} at (0,0) size 63x18
          text run at (0,0) width 63: "start=\"-2\""
      RenderBlock {OL} at (0,1080) size 769x36
        RenderListItem {LI} at (40,0) size 729x18
          RenderListMarker at (-26,0) size 22x18: "-2"
          RenderText {#text} at (0,0) size 82x18
            text run at (0,0) width 82: "Should be -2"
        RenderListItem {LI} at (40,18) size 729x18
          RenderListMarker at (-26,0) size 22x18: "-1"
          RenderText {#text} at (0,0) size 82x18
            text run at (0,0) width 82: "Should be -1"
      RenderBlock {HR} at (0,1132) size 769x2 [border: (1px inset #000000)]
