layer at (0,0) size 800x600
  RenderView at (0,0) size 800x600
layer at (0,0) size 800x600
  RenderBlock {HTML} at (0,0) size 800x600
    RenderBody {BODY} at (8,8) size 784x584
      RenderBlock (anonymous) at (0,0) size 784x36
        RenderBR {BR} at (0,0) size 0x18
        RenderBR {BR} at (0,18) size 0x18
      RenderBlock {DIV} at (0,36) size 784x18
        RenderText {#text} at (0,0) size 135x18
          text run at (0,0) width 135: "This is a testcase for "
        RenderInline {A} at (0,0) size 485x18 [color=#0000EE]
          RenderText {#text} at (134,0) size 485x18
            text run at (134,0) width 485: "REGRESSION: (r13028) Scrolling causes incomplete drawing of ul bullets"
        RenderText {#text} at (618,0) size 5x18
          text run at (618,0) width 5: "."
layer at (8,-4) size 409x18 backgroundClip at (0,0) size 800x600 clip at (0,0) size 800x600
  RenderBlock (positioned) {UL} at (8,-4) size 409x18
    RenderListItem {LI} at (40,0) size 369x18
      RenderListMarker at (-17,0) size 7x18: bullet
      RenderText {#text} at (0,0) size 369x18
        text run at (0,0) width 119: "This is a list item. "
        text run at (118,0) width 251: "You should see a list marker to the left."
