layer at (0,0) size 785x710
  RenderView at (0,0) size 785x600
layer at (0,0) size 785x600
  RenderBlock {HTML} at (0,0) size 785x600
    RenderBody {BODY} at (0,0) size 785x240
layer at (20,0) size 200x170
  RenderBlock {DIV} at (20,0) size 200x170 [border: (20px solid #C0C0C0) none]
    RenderMultiColumnSet at (0,20) size 200x150
layer at (20,20) size 200x490
  RenderMultiColumnFlowThread at (0,20) size 200x490
    RenderText {#text} at (0,0) size 173x99
      text run at (0,0) width 169: "Lorem ipsum dolor sit amet,"
      text run at (0,20) width 73: "consectetur "
      text run at (73,20) width 84: "adipiscing elit."
      text run at (0,40) width 173: "Curabitur neque elit, pulvinar"
      text run at (0,60) width 97: "eget lobortis at, "
      text run at (97,60) width 66: "convallis ut"
      text run at (0,80) width 42: "lectus. "
    RenderText {#text} at (94,80) size 186x149
      text run at (94,80) width 58: " vulputate"
      text run at (0,100) width 137: "tincidunt leo, eu varius "
      text run at (137,100) width 28: "nunc"
      text run at (0,120) width 167: "ullamcorper vel. Integer nec"
      text run at (0,150) width 185: "dolor sed ante pharetra lacinia."
      text run at (0,170) width 186: "Integer dignissim iaculis nulla et"
      text run at (0,190) width 148: "rutrum. Praesent pretium"
      text run at (0,210) width 54: "euismod "
      text run at (54,210) width 99: "est eget laoreet. "
    RenderText {#text} at (0,230) size 195x239
      text run at (0,230) width 195: "suscipit suscipit elementum. Duis"
      text run at (0,250) width 73: "consectetur "
      text run at (73,250) width 114: "pulvinar tempor. In"
      text run at (0,270) width 159: "mi sapien, malesuada vitae"
      text run at (0,300) width 134: "posuere ut, adipiscing "
      text run at (134,300) width 46: "id odio."
      text run at (0,320) width 190: "Integer est mi, luctus sed cursus"
      text run at (0,340) width 156: "in, cursus vitae urna. Nam"
      text run at (0,360) width 172: "consectetur orci tempor nibh"
      text run at (0,380) width 192: "iaculis eu dignissim odio laoreet."
      text run at (0,400) width 50: "Aenean "
      text run at (50,400) width 139: "congue fermentum nibh"
      text run at (0,420) width 185: "sed malesuada. Curabitur enim"
      text run at (0,450) width 94: "leo, porttitor ut "
      text run at (94,450) width 71: "interdum et,"
    RenderText {#text} at (47,470) size 57x19
      text run at (47,470) width 57: " ut lorem."
layer at (20,20) size 52x19
  RenderInline (relative positioned) {SPAN} at (0,0) size 52x19 [bgcolor=#FFFF00]
    RenderText {#text} at (42,80) size 52x19
      text run at (42,80) width 52: "Vivamus"
layer at (20,20) size 42x19
  RenderInline (relative positioned) {SPAN} at (0,0) size 42x19 [bgcolor=#FFFF00]
    RenderText {#text} at (153,210) size 42x19
      text run at (153,210) width 42: "Integer"
layer at (20,20) size 47x19
  RenderInline (relative positioned) {SPAN} at (0,0) size 47x19 [bgcolor=#FFFF00]
    RenderText {#text} at (0,470) size 47x19
      text run at (0,470) width 47: "pulvinar"
