layer at (0,0) size 785x892
  RenderView at (0,0) size 785x600
layer at (0,0) size 785x892
  RenderBlock {HTML} at (0,0) size 785x892
    RenderBody {BODY} at (8,8) size 769x876
layer at (8,8) size 769x430
  RenderBlock {DIV} at (0,0) size 769x430 [border: (5px solid #0000FF)]
    RenderMultiColumnSet at (5,5) size 759x420
layer at (13,13) size 372x500
  RenderMultiColumnFlowThread at (5,5) size 372x500
    RenderBlock (anonymous) at (0,0) size 372x420
      RenderText {#text} at (0,0) size 104x19
        text run at (0,0) width 104: "This is some text."
      RenderBR {BR} at (104,15) size 0x0
      RenderText {#text} at (0,20) size 104x19
        text run at (0,20) width 104: "This is some text."
      RenderBR {BR} at (104,35) size 0x0
      RenderText {#text} at (0,40) size 104x19
        text run at (0,40) width 104: "This is some text."
      RenderBR {BR} at (104,55) size 0x0
      RenderText {#text} at (0,60) size 104x19
        text run at (0,60) width 104: "This is some text."
      RenderBR {BR} at (104,75) size 0x0
      RenderText {#text} at (0,80) size 104x19
        text run at (0,80) width 104: "This is some text."
      RenderBR {BR} at (104,95) size 0x0
      RenderText {#text} at (0,100) size 104x19
        text run at (0,100) width 104: "This is some text."
      RenderBR {BR} at (104,115) size 0x0
      RenderText {#text} at (0,120) size 104x19
        text run at (0,120) width 104: "This is some text."
      RenderBR {BR} at (104,135) size 0x0
      RenderText {#text} at (0,140) size 104x19
        text run at (0,140) width 104: "This is some text."
      RenderBR {BR} at (104,155) size 0x0
      RenderText {#text} at (0,160) size 104x19
        text run at (0,160) width 104: "This is some text."
      RenderBR {BR} at (104,175) size 0x0
      RenderText {#text} at (0,180) size 104x19
        text run at (0,180) width 104: "This is some text."
      RenderBR {BR} at (104,195) size 0x0
      RenderText {#text} at (0,200) size 104x19
        text run at (0,200) width 104: "This is some text."
      RenderBR {BR} at (104,215) size 0x0
      RenderText {#text} at (0,220) size 104x19
        text run at (0,220) width 104: "This is some text."
      RenderBR {BR} at (104,235) size 0x0
      RenderText {#text} at (0,240) size 104x19
        text run at (0,240) width 104: "This is some text."
      RenderBR {BR} at (104,255) size 0x0
      RenderText {#text} at (0,260) size 104x19
        text run at (0,260) width 104: "This is some text."
      RenderBR {BR} at (104,275) size 0x0
      RenderText {#text} at (0,280) size 104x19
        text run at (0,280) width 104: "This is some text."
      RenderBR {BR} at (104,295) size 0x0
      RenderText {#text} at (0,300) size 104x19
        text run at (0,300) width 104: "This is some text."
      RenderBR {BR} at (104,315) size 0x0
      RenderText {#text} at (0,320) size 104x19
        text run at (0,320) width 104: "This is some text."
      RenderBR {BR} at (104,335) size 0x0
      RenderText {#text} at (0,340) size 104x19
        text run at (0,340) width 104: "This is some text."
      RenderBR {BR} at (104,355) size 0x0
      RenderText {#text} at (0,360) size 104x19
        text run at (0,360) width 104: "This is some text."
      RenderBR {BR} at (104,375) size 0x0
      RenderText {#text} at (0,380) size 104x19
        text run at (0,380) width 104: "This is some text."
      RenderBR {BR} at (104,395) size 0x0
      RenderText {#text} at (0,400) size 104x19
        text run at (0,400) width 104: "This is some text."
      RenderBR {BR} at (104,415) size 0x0
    RenderBlock {DIV} at (0,420) size 372x80
      RenderText {#text} at (0,0) size 247x19
        text run at (0,0) width 247: "This text should be in the second column."
      RenderBR {BR} at (247,15) size 0x0
      RenderText {#text} at (0,20) size 247x19
        text run at (0,20) width 247: "This text should be in the second column."
      RenderBR {BR} at (247,35) size 0x0
      RenderText {#text} at (0,40) size 247x19
        text run at (0,40) width 247: "This text should be in the second column."
      RenderBR {BR} at (247,55) size 0x0
      RenderText {#text} at (0,60) size 247x19
        text run at (0,60) width 247: "This text should be in the second column."
      RenderBR {BR} at (247,75) size 0x0
layer at (8,454) size 769x430
  RenderBlock {DIV} at (0,446) size 769x430 [border: (5px solid #0000FF)]
    RenderMultiColumnSet at (5,5) size 759x420
layer at (13,459) size 372x840 backgroundClip at (0,0) size 785x892 clip at (0,0) size 785x892
  RenderMultiColumnFlowThread at (5,5) size 372x840
    RenderBlock (anonymous) at (0,0) size 372x80
      RenderText {#text} at (0,0) size 226x19
        text run at (0,0) width 226: "This text should be in the first column."
      RenderBR {BR} at (226,15) size 0x0
      RenderText {#text} at (0,20) size 226x19
        text run at (0,20) width 226: "This text should be in the first column."
      RenderBR {BR} at (226,35) size 0x0
      RenderText {#text} at (0,40) size 226x19
        text run at (0,40) width 226: "This text should be in the first column."
      RenderBR {BR} at (226,55) size 0x0
      RenderText {#text} at (0,60) size 226x19
        text run at (0,60) width 226: "This text should be in the first column."
      RenderBR {BR} at (226,75) size 0x0
    RenderBlock {DIV} at (0,420) size 372x420
      RenderText {#text} at (0,0) size 104x19
        text run at (0,0) width 104: "This is some text."
      RenderBR {BR} at (104,15) size 0x0
      RenderText {#text} at (0,20) size 104x19
        text run at (0,20) width 104: "This is some text."
      RenderBR {BR} at (104,35) size 0x0
      RenderText {#text} at (0,40) size 104x19
        text run at (0,40) width 104: "This is some text."
      RenderBR {BR} at (104,55) size 0x0
      RenderText {#text} at (0,60) size 104x19
        text run at (0,60) width 104: "This is some text."
      RenderBR {BR} at (104,75) size 0x0
      RenderText {#text} at (0,80) size 104x19
        text run at (0,80) width 104: "This is some text."
      RenderBR {BR} at (104,95) size 0x0
      RenderText {#text} at (0,100) size 104x19
        text run at (0,100) width 104: "This is some text."
      RenderBR {BR} at (104,115) size 0x0
      RenderText {#text} at (0,120) size 104x19
        text run at (0,120) width 104: "This is some text."
      RenderBR {BR} at (104,135) size 0x0
      RenderText {#text} at (0,140) size 104x19
        text run at (0,140) width 104: "This is some text."
      RenderBR {BR} at (104,155) size 0x0
      RenderText {#text} at (0,160) size 104x19
        text run at (0,160) width 104: "This is some text."
      RenderBR {BR} at (104,175) size 0x0
      RenderText {#text} at (0,180) size 104x19
        text run at (0,180) width 104: "This is some text."
      RenderBR {BR} at (104,195) size 0x0
      RenderText {#text} at (0,200) size 104x19
        text run at (0,200) width 104: "This is some text."
      RenderBR {BR} at (104,215) size 0x0
      RenderText {#text} at (0,220) size 104x19
        text run at (0,220) width 104: "This is some text."
      RenderBR {BR} at (104,235) size 0x0
      RenderText {#text} at (0,240) size 104x19
        text run at (0,240) width 104: "This is some text."
      RenderBR {BR} at (104,255) size 0x0
      RenderText {#text} at (0,260) size 104x19
        text run at (0,260) width 104: "This is some text."
      RenderBR {BR} at (104,275) size 0x0
      RenderText {#text} at (0,280) size 104x19
        text run at (0,280) width 104: "This is some text."
      RenderBR {BR} at (104,295) size 0x0
      RenderText {#text} at (0,300) size 104x19
        text run at (0,300) width 104: "This is some text."
      RenderBR {BR} at (104,315) size 0x0
      RenderText {#text} at (0,320) size 104x19
        text run at (0,320) width 104: "This is some text."
      RenderBR {BR} at (104,335) size 0x0
      RenderText {#text} at (0,340) size 104x19
        text run at (0,340) width 104: "This is some text."
      RenderBR {BR} at (104,355) size 0x0
      RenderText {#text} at (0,360) size 104x19
        text run at (0,360) width 104: "This is some text."
      RenderBR {BR} at (104,375) size 0x0
      RenderText {#text} at (0,380) size 104x19
        text run at (0,380) width 104: "This is some text."
      RenderBR {BR} at (104,395) size 0x0
      RenderText {#text} at (0,400) size 104x19
        text run at (0,400) width 104: "This is some text."
      RenderBR {BR} at (104,415) size 0x0
