layer at (0,0) size 785x696
  RenderView at (0,0) size 785x600
layer at (0,0) size 785x696
  RenderBlock {HTML} at (0,0) size 785x696
    RenderBody {BODY} at (8,8) size 769x680
layer at (8,8) size 769x680
  RenderBlock {DIV} at (0,0) size 769x680
    RenderMultiColumnSet at (0,0) size 769x680
layer at (8,8) size 377x1360 backgroundClip at (0,0) size 785x696 clip at (0,0) size 785x696
  RenderMultiColumnFlowThread at (0,0) size 377x1360
    RenderText {#text} at (0,0) size 373x1359
      text run at (0,0) width 350: "This content should be split into two columns. This content"
      text run at (0,20) width 363: "should be split into two columns. This content should be split"
      text run at (0,40) width 326: "into two columns. This content should be split into two"
      text run at (0,60) width 359: "columns. This content should be split into two columns. This"
      text run at (0,80) width 364: "content should be split into two columns. This content should"
      text run at (0,100) width 373: "be split into two columns. This content should be split into two"
      text run at (0,120) width 359: "columns. This content should be split into two columns. This"
      text run at (0,140) width 364: "content should be split into two columns. This content should"
      text run at (0,160) width 373: "be split into two columns. This content should be split into two"
      text run at (0,180) width 359: "columns. This content should be split into two columns. This"
      text run at (0,200) width 364: "content should be split into two columns. This content should"
      text run at (0,220) width 373: "be split into two columns. This content should be split into two"
      text run at (0,240) width 359: "columns. This content should be split into two columns. This"
      text run at (0,260) width 364: "content should be split into two columns. This content should"
      text run at (0,280) width 373: "be split into two columns. This content should be split into two"
      text run at (0,300) width 359: "columns. This content should be split into two columns. This"
      text run at (0,320) width 364: "content should be split into two columns. This content should"
      text run at (0,340) width 373: "be split into two columns. This content should be split into two"
      text run at (0,360) width 359: "columns. This content should be split into two columns. This"
      text run at (0,380) width 364: "content should be split into two columns. This content should"
      text run at (0,400) width 373: "be split into two columns. This content should be split into two"
      text run at (0,420) width 359: "columns. This content should be split into two columns. This"
      text run at (0,440) width 364: "content should be split into two columns. This content should"
      text run at (0,460) width 373: "be split into two columns. This content should be split into two"
      text run at (0,480) width 359: "columns. This content should be split into two columns. This"
      text run at (0,500) width 364: "content should be split into two columns. This content should"
      text run at (0,520) width 373: "be split into two columns. This content should be split into two"
      text run at (0,540) width 359: "columns. This content should be split into two columns. This"
      text run at (0,560) width 364: "content should be split into two columns. This content should"
      text run at (0,580) width 373: "be split into two columns. This content should be split into two"
      text run at (0,600) width 359: "columns. This content should be split into two columns. This"
      text run at (0,620) width 364: "content should be split into two columns. This content should"
      text run at (0,640) width 373: "be split into two columns. This content should be split into two"
      text run at (0,660) width 359: "columns. This content should be split into two columns. This"
      text run at (0,680) width 364: "content should be split into two columns. This content should"
      text run at (0,700) width 373: "be split into two columns. This content should be split into two"
      text run at (0,720) width 359: "columns. This content should be split into two columns. This"
      text run at (0,740) width 364: "content should be split into two columns. This content should"
      text run at (0,760) width 373: "be split into two columns. This content should be split into two"
      text run at (0,780) width 359: "columns. This content should be split into two columns. This"
      text run at (0,800) width 364: "content should be split into two columns. This content should"
      text run at (0,820) width 373: "be split into two columns. This content should be split into two"
      text run at (0,840) width 359: "columns. This content should be split into two columns. This"
      text run at (0,860) width 364: "content should be split into two columns. This content should"
      text run at (0,880) width 373: "be split into two columns. This content should be split into two"
      text run at (0,900) width 359: "columns. This content should be split into two columns. This"
      text run at (0,920) width 364: "content should be split into two columns. This content should"
      text run at (0,940) width 373: "be split into two columns. This content should be split into two"
      text run at (0,960) width 359: "columns. This content should be split into two columns. This"
      text run at (0,980) width 364: "content should be split into two columns. This content should"
      text run at (0,1000) width 373: "be split into two columns. This content should be split into two"
      text run at (0,1020) width 359: "columns. This content should be split into two columns. This"
      text run at (0,1040) width 364: "content should be split into two columns. This content should"
      text run at (0,1060) width 373: "be split into two columns. This content should be split into two"
      text run at (0,1080) width 359: "columns. This content should be split into two columns. This"
      text run at (0,1100) width 364: "content should be split into two columns. This content should"
      text run at (0,1120) width 373: "be split into two columns. This content should be split into two"
      text run at (0,1140) width 359: "columns. This content should be split into two columns. This"
      text run at (0,1160) width 364: "content should be split into two columns. This content should"
      text run at (0,1180) width 373: "be split into two columns. This content should be split into two"
      text run at (0,1200) width 359: "columns. This content should be split into two columns. This"
      text run at (0,1220) width 364: "content should be split into two columns. This content should"
      text run at (0,1240) width 373: "be split into two columns. This content should be split into two"
      text run at (0,1260) width 359: "columns. This content should be split into two columns. This"
      text run at (0,1280) width 364: "content should be split into two columns. This content should"
      text run at (0,1300) width 373: "be split into two columns. This content should be split into two"
      text run at (0,1320) width 359: "columns. This content should be split into two columns. This"
      text run at (0,1340) width 244: "content should be split into two columns."
