layer at (0,0) size 800x600
  RenderView at (0,0) size 800x600
layer at (0,0) size 800x600
  RenderBlock {HTML} at (0,0) size 800x600
    RenderBody {BODY} at (8,8) size 784x584
layer at (8,8) size 784x550
  RenderBlock {DIV} at (0,0) size 784x550 [border: (5px solid #000000)]
    RenderMultiColumnSet at (15,5) size 754x540
layer at (23,13) size 241x1600 backgroundClip at (0,0) size 800x600 clip at (0,0) size 800x600
  RenderMultiColumnFlowThread at (15,5) size 241x1600
    RenderText {#text} at (0,0) size 240x1599
      text run at (0,0) width 169: "Lorem ipsum dolor sit amet,"
      text run at (0,20) width 239: "consectetuer adipiscing elit. Nulla varius"
      text run at (0,40) width 222: "enim ac mi. Curabitur sollicitudin felis"
      text run at (0,60) width 234: "quis lectus. Quisque adipiscing rhoncus"
      text run at (0,80) width 219: "sem. Proin nulla purus, vulputate vel,"
      text run at (0,100) width 214: "varius ut, euismod et, nisi. Sed vitae"
      text run at (0,120) width 202: "felis vel orci sagittis aliquam. Cras"
      text run at (0,140) width 180: "convallis adipiscing sem. Nam"
      text run at (0,160) width 204: "nonummy enim. Nullam bibendum"
      text run at (0,180) width 219: "lobortis neque. Vestibulum velit orci,"
      text run at (0,200) width 238: "tempus euismod, pretium quis, interdum"
      text run at (0,220) width 237: "vitae, nulla. Phasellus eget ante et tortor"
      text run at (0,240) width 229: "condimentum vestibulum. Suspendisse"
      text run at (0,260) width 213: "hendrerit quam nec felis. Sed varius"
      text run at (0,280) width 239: "turpis vitae pede. Lorem ipsum dolor sit"
      text run at (0,300) width 237: "amet, consectetuer adipiscing elit. Proin"
      text run at (0,320) width 224: "bibendum justo ac enim. Class aptent"
      text run at (0,340) width 216: "taciti sociosqu ad litora torquent per"
      text run at (0,360) width 170: "conubia nostra, per inceptos"
      text run at (0,380) width 221: "hymenaeos. Sed leo nulla, rutrum eu,"
      text run at (0,400) width 204: "dictum ut, posuere vel, arcu. Nam"
      text run at (0,420) width 177: "libero. Morbi orci. Maecenas"
      text run at (0,440) width 197: "pellentesque. Curabitur erat erat,"
      text run at (0,460) width 214: "ullamcorper at, gravida vitae, iaculis"
      text run at (0,480) width 226: "vitae, elit. Nullam quam. Quisque orci"
      text run at (0,500) width 224: "lectus, ullamcorper eu, imperdiet sed,"
      text run at (0,520) width 207: "accumsan et, ligula. Duis diam nisl,"
      text run at (0,540) width 240: "sagittis a, blandit volutpat, interdum sed,"
      text run at (0,560) width 228: "velit. Vestibulum quam. Nulla a purus."
      text run at (0,580) width 229: "Phasellus semper semper lectus. Nulla"
      text run at (0,600) width 203: "porttitor, dolor dictum scelerisque"
      text run at (0,620) width 219: "luctus, velit ipsum lobortis mauris, ac"
      text run at (0,640) width 201: "pretium enim nunc vel risus. Proin"
      text run at (0,660) width 230: "gravida mi ut sem cursus mattis. Fusce"
      text run at (0,680) width 220: "laoreet, nisi quis luctus volutpat, arcu"
      text run at (0,700) width 212: "pede tincidunt enim, nec malesuada"
      text run at (0,720) width 237: "urna nisl eu enim. Vivamus varius augue"
      text run at (0,740) width 197: "ac purus. Vestibulum vestibulum."
      text run at (0,760) width 215: "Phasellus et est vitae ante accumsan"
      text run at (0,780) width 197: "rhoncus. Morbi convallis, arcu at"
      text run at (0,800) width 224: "hendrerit gravida, sem diam dignissim"
      text run at (0,820) width 218: "risus, sed aliquet erat mi ut mi. Nunc"
      text run at (0,840) width 237: "cursus lacinia elit. Nunc nisi. Quisque at"
      text run at (0,860) width 211: "erat. Vestibulum dictum quam vitae"
      text run at (0,880) width 240: "nibh. Nunc vitae ante non odio interdum"
      text run at (0,900) width 235: "blandit. Curabitur leo quam, fermentum"
      text run at (0,920) width 213: "sed, feugiat in, ullamcorper id, nibh."
      text run at (0,940) width 189: "Suspendisse ac turpis. In iaculis"
      text run at (0,960) width 240: "sollicitudin dui. Aenean vitae lectus vitae"
      text run at (0,980) width 212: "nulla pellentesque sollicitudin. Nunc"
      text run at (0,1000) width 212: "gravida pharetra lectus. Etiam lacus"
      text run at (0,1020) width 232: "ligula, placerat ut, dictum vitae, tempus"
      text run at (0,1040) width 239: "vel, risus. Cras rhoncus. Praesent varius"
      text run at (0,1060) width 218: "ultricies orci. Donec mattis, neque ut"
      text run at (0,1080) width 234: "ornare fringilla, ante urna placerat eros,"
      text run at (0,1100) width 205: "vel commodo nisi tortor ut mauris."
      text run at (0,1120) width 205: "Morbi magna dui, sagittis sit amet,"
      text run at (0,1140) width 211: "tincidunt et, elementum eget, quam."
      text run at (0,1160) width 171: "Fusce molestie nisl vitae nisi."
      text run at (0,1180) width 212: "Vestibulum a sapien. Phasellus ante"
      text run at (0,1200) width 239: "lacus, vehicula non, cursus a, tempor ut,"
      text run at (0,1220) width 210: "magna. Suspendisse potenti. Fusce"
      text run at (0,1240) width 225: "aliquet, odio viverra vulputate dictum,"
      text run at (0,1260) width 223: "enim odio luctus purus, ut scelerisque"
      text run at (0,1280) width 227: "quam nulla non est. Donec eros lacus,"
      text run at (0,1300) width 232: "egestas vitae, lacinia quis, tempor quis,"
      text run at (0,1320) width 236: "pede. Morbi orci erat, iaculis id, ornare"
      text run at (0,1340) width 217: "ac, elementum at, sem. Nunc ornare"
      text run at (0,1360) width 235: "sodales nisi. Morbi interdum commodo"
      text run at (0,1380) width 214: "nisl. Fusce eget eros non nisi ornare"
      text run at (0,1400) width 229: "facilisis. Sed placerat, est non posuere"
      text run at (0,1420) width 228: "posuere, purus sem dignissim libero, a"
      text run at (0,1440) width 207: "viverra tellus dolor vel lorem. Cras"
      text run at (0,1460) width 226: "augue. Etiam ultricies consequat odio."
      text run at (0,1480) width 234: "Mauris ac libero. Etiam posuere, libero"
      text run at (0,1500) width 185: "vitae euismod gravida, urna elit"
      text run at (0,1520) width 240: "imperdiet magna, vel cursus elit felis non"
      text run at (0,1540) width 200: "mauris. Donec orci erat, porta id,"
      text run at (0,1560) width 199: "dignissim ut, posuere dictum, leo."
      text run at (0,1580) width 227: "Suspendisse scelerisque egestas nulla."
