layer at (0,0) size 1166x1680
  RenderView at (0,0) size 785x585
layer at (0,0) size 785x1680
  RenderBlock {HTML} at (0,0) size 785x1680
    RenderBody {BODY} at (8,8) size 769x1664
layer at (8,8) size 769x404
  RenderBlock {DIV} at (0,0) size 769x404 [border: (2px solid #000000)]
    RenderMultiColumnSet at (2,2) size 765x400
layer at (10,10) size 375x936
  RenderMultiColumnFlowThread at (2,2) size 375x936
    RenderBlock (anonymous) at (0,0) size 375x280
      RenderText {#text} at (0,0) size 104x19
        text run at (0,0) width 104: "This is some text."
      RenderBR {BR} at (104,15) size 0x0
      RenderText {#text} at (0,20) size 104x19
        text run at (0,20) width 104: "This is some text."
      RenderBR {BR} at (104,35) size 0x0
      RenderText {#text} at (0,40) size 104x19
        text run at (0,40) width 104: "This is some text."
      RenderBR {BR} at (104,55) size 0x0
      RenderText {#text} at (0,60) size 104x19
        text run at (0,60) width 104: "This is some text."
      RenderBR {BR} at (104,75) size 0x0
      RenderText {#text} at (0,80) size 104x19
        text run at (0,80) width 104: "This is some text."
      RenderBR {BR} at (104,95) size 0x0
      RenderText {#text} at (0,100) size 104x19
        text run at (0,100) width 104: "This is some text."
      RenderBR {BR} at (104,115) size 0x0
      RenderText {#text} at (0,120) size 104x19
        text run at (0,120) width 104: "This is some text."
      RenderBR {BR} at (104,135) size 0x0
      RenderText {#text} at (0,140) size 104x19
        text run at (0,140) width 104: "This is some text."
      RenderBR {BR} at (104,155) size 0x0
      RenderText {#text} at (0,160) size 104x19
        text run at (0,160) width 104: "This is some text."
      RenderBR {BR} at (104,175) size 0x0
      RenderText {#text} at (0,180) size 104x19
        text run at (0,180) width 104: "This is some text."
      RenderBR {BR} at (104,195) size 0x0
      RenderText {#text} at (0,200) size 104x19
        text run at (0,200) width 104: "This is some text."
      RenderBR {BR} at (104,215) size 0x0
      RenderText {#text} at (0,220) size 104x19
        text run at (0,220) width 104: "This is some text."
      RenderBR {BR} at (104,235) size 0x0
      RenderText {#text} at (0,240) size 104x19
        text run at (0,240) width 104: "This is some text."
      RenderBR {BR} at (104,255) size 0x0
      RenderText {#text} at (0,260) size 104x19
        text run at (0,260) width 104: "This is some text."
      RenderBR {BR} at (104,275) size 0x0
    RenderBlock {P} at (0,296) size 375x624
      RenderBlock (floating) {SPAN} at (0,104) size 78x150
        RenderText {#text} at (0,2) size 78x145
          text run at (0,2) width 78: "T"
      RenderText {#text} at (78,104) size 95x19
        text run at (78,104) width 95: "his is some text."
      RenderBR {BR} at (173,119) size 0x0
      RenderText {#text} at (78,124) size 104x19
        text run at (78,124) width 104: "This is some text."
      RenderBR {BR} at (182,139) size 0x0
      RenderText {#text} at (78,144) size 104x19
        text run at (78,144) width 104: "This is some text."
      RenderBR {BR} at (182,159) size 0x0
      RenderText {#text} at (78,164) size 104x19
        text run at (78,164) width 104: "This is some text."
      RenderBR {BR} at (182,179) size 0x0
      RenderText {#text} at (78,184) size 104x19
        text run at (78,184) width 104: "This is some text."
      RenderBR {BR} at (182,199) size 0x0
      RenderText {#text} at (78,204) size 104x19
        text run at (78,204) width 104: "This is some text."
      RenderBR {BR} at (182,219) size 0x0
      RenderText {#text} at (78,224) size 104x19
        text run at (78,224) width 104: "This is some text."
      RenderBR {BR} at (182,239) size 0x0
      RenderText {#text} at (78,244) size 104x19
        text run at (78,244) width 104: "This is some text."
      RenderBR {BR} at (182,259) size 0x0
      RenderText {#text} at (0,264) size 104x19
        text run at (0,264) width 104: "This is some text."
      RenderBR {BR} at (104,279) size 0x0
      RenderText {#text} at (0,284) size 104x19
        text run at (0,284) width 104: "This is some text."
      RenderBR {BR} at (104,299) size 0x0
      RenderText {#text} at (0,304) size 104x19
        text run at (0,304) width 104: "This is some text."
      RenderBR {BR} at (104,319) size 0x0
      RenderText {#text} at (0,324) size 104x19
        text run at (0,324) width 104: "This is some text."
      RenderBR {BR} at (104,339) size 0x0
      RenderText {#text} at (0,344) size 104x19
        text run at (0,344) width 104: "This is some text."
      RenderBR {BR} at (104,359) size 0x0
      RenderText {#text} at (0,364) size 104x19
        text run at (0,364) width 104: "This is some text."
      RenderBR {BR} at (104,379) size 0x0
      RenderText {#text} at (0,384) size 104x19
        text run at (0,384) width 104: "This is some text."
      RenderBR {BR} at (104,399) size 0x0
      RenderText {#text} at (0,404) size 104x19
        text run at (0,404) width 104: "This is some text."
      RenderBR {BR} at (104,419) size 0x0
      RenderText {#text} at (0,424) size 104x19
        text run at (0,424) width 104: "This is some text."
      RenderBR {BR} at (104,439) size 0x0
      RenderText {#text} at (0,444) size 104x19
        text run at (0,444) width 104: "This is some text."
      RenderBR {BR} at (104,459) size 0x0
      RenderText {#text} at (0,464) size 104x19
        text run at (0,464) width 104: "This is some text."
      RenderBR {BR} at (104,479) size 0x0
      RenderText {#text} at (0,484) size 104x19
        text run at (0,484) width 104: "This is some text."
      RenderBR {BR} at (104,499) size 0x0
      RenderText {#text} at (0,504) size 104x19
        text run at (0,504) width 104: "This is some text."
      RenderBR {BR} at (104,519) size 0x0
      RenderText {#text} at (0,524) size 104x19
        text run at (0,524) width 104: "This is some text."
      RenderBR {BR} at (104,539) size 0x0
      RenderText {#text} at (0,544) size 104x19
        text run at (0,544) width 104: "This is some text."
      RenderBR {BR} at (104,559) size 0x0
      RenderText {#text} at (0,564) size 104x19
        text run at (0,564) width 104: "This is some text."
      RenderBR {BR} at (104,579) size 0x0
      RenderText {#text} at (0,584) size 104x19
        text run at (0,584) width 104: "This is some text."
      RenderBR {BR} at (104,599) size 0x0
      RenderText {#text} at (0,604) size 104x19
        text run at (0,604) width 104: "This is some text."
      RenderBR {BR} at (104,619) size 0x0
layer at (8,428) size 769x404
  RenderBlock {DIV} at (0,420) size 769x404 [border: (2px solid #000000)]
    RenderMultiColumnSet at (2,2) size 765x400
layer at (10,430) size 375x936
  RenderMultiColumnFlowThread at (2,2) size 375x936
    RenderBlock (anonymous) at (0,0) size 375x280
      RenderText {#text} at (0,0) size 104x19
        text run at (0,0) width 104: "This is some text."
      RenderBR {BR} at (104,15) size 0x0
      RenderText {#text} at (0,20) size 104x19
        text run at (0,20) width 104: "This is some text."
      RenderBR {BR} at (104,35) size 0x0
      RenderText {#text} at (0,40) size 104x19
        text run at (0,40) width 104: "This is some text."
      RenderBR {BR} at (104,55) size 0x0
      RenderText {#text} at (0,60) size 104x19
        text run at (0,60) width 104: "This is some text."
      RenderBR {BR} at (104,75) size 0x0
      RenderText {#text} at (0,80) size 104x19
        text run at (0,80) width 104: "This is some text."
      RenderBR {BR} at (104,95) size 0x0
      RenderText {#text} at (0,100) size 104x19
        text run at (0,100) width 104: "This is some text."
      RenderBR {BR} at (104,115) size 0x0
      RenderText {#text} at (0,120) size 104x19
        text run at (0,120) width 104: "This is some text."
      RenderBR {BR} at (104,135) size 0x0
      RenderText {#text} at (0,140) size 104x19
        text run at (0,140) width 104: "This is some text."
      RenderBR {BR} at (104,155) size 0x0
      RenderText {#text} at (0,160) size 104x19
        text run at (0,160) width 104: "This is some text."
      RenderBR {BR} at (104,175) size 0x0
      RenderText {#text} at (0,180) size 104x19
        text run at (0,180) width 104: "This is some text."
      RenderBR {BR} at (104,195) size 0x0
      RenderText {#text} at (0,200) size 104x19
        text run at (0,200) width 104: "This is some text."
      RenderBR {BR} at (104,215) size 0x0
      RenderText {#text} at (0,220) size 104x19
        text run at (0,220) width 104: "This is some text."
      RenderBR {BR} at (104,235) size 0x0
      RenderText {#text} at (0,240) size 104x19
        text run at (0,240) width 104: "This is some text."
      RenderBR {BR} at (104,255) size 0x0
      RenderText {#text} at (0,260) size 104x19
        text run at (0,260) width 104: "This is some text."
      RenderBR {BR} at (104,275) size 0x0
    RenderBlock {P} at (0,296) size 375x624
      RenderImage {IMG} at (0,104) size 100x100 [bgcolor=#008000]
      RenderImage {IMG} at (274,104) size 101x200 [bgcolor=#008000]
      RenderText {#text} at (100,104) size 100x19
        text run at (100,104) width 100: "This is some text"
      RenderBR {BR} at (200,119) size 0x0
      RenderText {#text} at (100,124) size 104x19
        text run at (100,124) width 104: "This is some text."
      RenderBR {BR} at (204,139) size 0x0
      RenderText {#text} at (100,144) size 104x19
        text run at (100,144) width 104: "This is some text."
      RenderBR {BR} at (204,159) size 0x0
      RenderText {#text} at (100,164) size 104x19
        text run at (100,164) width 104: "This is some text."
      RenderBR {BR} at (204,179) size 0x0
      RenderText {#text} at (100,184) size 104x19
        text run at (100,184) width 104: "This is some text."
      RenderBR {BR} at (204,199) size 0x0
      RenderText {#text} at (0,204) size 104x19
        text run at (0,204) width 104: "This is some text."
      RenderBR {BR} at (104,219) size 0x0
      RenderText {#text} at (0,224) size 104x19
        text run at (0,224) width 104: "This is some text."
      RenderBR {BR} at (104,239) size 0x0
      RenderText {#text} at (0,244) size 104x19
        text run at (0,244) width 104: "This is some text."
      RenderBR {BR} at (104,259) size 0x0
      RenderText {#text} at (0,264) size 104x19
        text run at (0,264) width 104: "This is some text."
      RenderBR {BR} at (104,279) size 0x0
      RenderText {#text} at (0,284) size 104x19
        text run at (0,284) width 104: "This is some text."
      RenderBR {BR} at (104,299) size 0x0
      RenderText {#text} at (0,304) size 104x19
        text run at (0,304) width 104: "This is some text."
      RenderBR {BR} at (104,319) size 0x0
      RenderText {#text} at (0,324) size 104x19
        text run at (0,324) width 104: "This is some text."
      RenderBR {BR} at (104,339) size 0x0
      RenderText {#text} at (0,344) size 104x19
        text run at (0,344) width 104: "This is some text."
      RenderBR {BR} at (104,359) size 0x0
      RenderText {#text} at (0,364) size 104x19
        text run at (0,364) width 104: "This is some text."
      RenderBR {BR} at (104,379) size 0x0
      RenderText {#text} at (0,384) size 104x19
        text run at (0,384) width 104: "This is some text."
      RenderBR {BR} at (104,399) size 0x0
      RenderText {#text} at (0,404) size 104x19
        text run at (0,404) width 104: "This is some text."
      RenderBR {BR} at (104,419) size 0x0
      RenderText {#text} at (0,424) size 104x19
        text run at (0,424) width 104: "This is some text."
      RenderBR {BR} at (104,439) size 0x0
      RenderText {#text} at (0,444) size 104x19
        text run at (0,444) width 104: "This is some text."
      RenderBR {BR} at (104,459) size 0x0
      RenderText {#text} at (0,464) size 104x19
        text run at (0,464) width 104: "This is some text."
      RenderBR {BR} at (104,479) size 0x0
      RenderText {#text} at (0,484) size 104x19
        text run at (0,484) width 104: "This is some text."
      RenderBR {BR} at (104,499) size 0x0
      RenderText {#text} at (0,504) size 104x19
        text run at (0,504) width 104: "This is some text."
      RenderBR {BR} at (104,519) size 0x0
      RenderText {#text} at (0,524) size 104x19
        text run at (0,524) width 104: "This is some text."
      RenderBR {BR} at (104,539) size 0x0
      RenderText {#text} at (0,544) size 104x19
        text run at (0,544) width 104: "This is some text."
      RenderBR {BR} at (104,559) size 0x0
      RenderText {#text} at (0,564) size 104x19
        text run at (0,564) width 104: "This is some text."
      RenderBR {BR} at (104,579) size 0x0
      RenderText {#text} at (0,584) size 104x19
        text run at (0,584) width 104: "This is some text."
      RenderBR {BR} at (104,599) size 0x0
      RenderText {#text} at (0,604) size 104x19
        text run at (0,604) width 104: "This is some text."
      RenderBR {BR} at (104,619) size 0x0
layer at (8,848) size 769x404
  RenderBlock {DIV} at (0,840) size 769x404 [border: (2px solid #000000)]
    RenderMultiColumnSet at (2,2) size 765x400
layer at (10,850) size 375x440
  RenderMultiColumnFlowThread at (2,2) size 375x440
    RenderImage {IMG} at (0,0) size 300x390 [bgcolor=#008000]
    RenderText {#text} at (300,0) size 369x439
      text run at (300,0) width 69: "Longer text"
      text run at (300,20) width 69: "designed to"
      text run at (300,40) width 51: "test float"
      text run at (300,60) width 22: "and"
      text run at (300,80) width 56: "wrapping"
      text run at (300,100) width 56: "behavior."
      text run at (300,120) width 69: "Longer text"
      text run at (300,140) width 69: "designed to"
      text run at (300,160) width 51: "test float"
      text run at (300,180) width 22: "and"
      text run at (300,200) width 56: "wrapping"
      text run at (300,220) width 56: "behavior."
      text run at (300,240) width 69: "Longer text"
      text run at (300,260) width 69: "designed to"
      text run at (300,280) width 51: "test float"
      text run at (300,300) width 22: "and"
      text run at (300,320) width 56: "wrapping"
      text run at (300,340) width 56: "behavior."
      text run at (300,360) width 69: "Longer text"
      text run at (300,380) width 69: "designed to"
      text run at (0,400) width 368: "test float and wrapping behavior. Longer text designed to test"
      text run at (0,420) width 172: "float and wrapping behavior."
layer at (8,1268) size 769x404
  RenderBlock {DIV} at (0,1260) size 769x404 [border: (2px solid #000000)]
    RenderMultiColumnSet at (2,2) size 765x400
layer at (10,1270) size 375x652 backgroundClip at (0,0) size 1166x1680 clip at (0,0) size 1166x1680
  RenderMultiColumnFlowThread at (2,2) size 375x652
    RenderImage {IMG} at (0,0) size 375x380 [bgcolor=#0000FF]
    RenderInline {SPAN} at (0,0) size 367x251
      RenderImage {IMG} at (0,400) size 100x20 [bgcolor=#008000]
      RenderText {#text} at (100,400) size 208x27
        text run at (100,400) width 208: "Longer text designed "
      RenderImage {IMG} at (274,428) size 101x20 [bgcolor=#008000]
      RenderText {#text} at (308,400) size 367x251
        text run at (308,400) width 59: "to test"
        text run at (0,428) width 180: "float and wrapping"
        text run at (0,456) width 363: "behavior. Longer text designed to test"
        text run at (0,484) width 351: "float and wrapping behavior. Longer"
        text run at (0,512) width 283: "text designed to test float and"
        text run at (0,540) width 303: "wrapping behavior. Longer text"
        text run at (0,568) width 335: "designed to test float and wrapping"
        text run at (0,596) width 363: "behavior. Longer text designed to test"
        text run at (0,624) width 276: "float and wrapping behavior."
    RenderText {#text} at (0,0) size 0x0
