layer at (0,0) size 1188x585
  RenderView at (0,0) size 800x585
layer at (0,0) size 800x585
  RenderBlock {HTML} at (0,0) size 800x585
    RenderBody {BODY} at (8,8) size 784x569
layer at (8,8) size 784x404
  RenderBlock {DIV} at (0,0) size 784x404 [border: (2px solid #000000)]
    RenderMultiColumnSet at (2,2) size 780x400
layer at (10,10) size 382x1000 backgroundClip at (0,0) size 1188x585 clip at (0,0) size 1188x585
  RenderMultiColumnFlowThread at (2,2) size 382x1000
    RenderText {#text} at (0,0) size 104x19
      text run at (0,0) width 104: "This is some text."
    RenderBR {BR} at (104,15) size 0x0
    RenderText {#text} at (0,20) size 104x19
      text run at (0,20) width 104: "This is some text."
    RenderBR {BR} at (104,35) size 0x0
    RenderText {#text} at (0,40) size 104x19
      text run at (0,40) width 104: "This is some text."
    RenderBR {BR} at (104,55) size 0x0
    RenderText {#text} at (0,60) size 104x19
      text run at (0,60) width 104: "This is some text."
    RenderBR {BR} at (104,75) size 0x0
    RenderText {#text} at (0,80) size 104x19
      text run at (0,80) width 104: "This is some text."
    RenderBR {BR} at (104,95) size 0x0
    RenderText {#text} at (0,100) size 104x19
      text run at (0,100) width 104: "This is some text."
    RenderBR {BR} at (104,115) size 0x0
    RenderText {#text} at (0,120) size 104x19
      text run at (0,120) width 104: "This is some text."
    RenderBR {BR} at (104,135) size 0x0
    RenderText {#text} at (0,140) size 104x19
      text run at (0,140) width 104: "This is some text."
    RenderBR {BR} at (104,155) size 0x0
    RenderText {#text} at (0,160) size 104x19
      text run at (0,160) width 104: "This is some text."
    RenderBR {BR} at (104,175) size 0x0
    RenderText {#text} at (0,180) size 104x19
      text run at (0,180) width 104: "This is some text."
    RenderBR {BR} at (104,195) size 0x0
    RenderImage {IMG} at (0,400) size 250x300 [bgcolor=#008000]
    RenderText {#text} at (250,400) size 104x19
      text run at (250,400) width 104: "This is some text."
    RenderBR {BR} at (354,415) size 0x0
    RenderText {#text} at (250,420) size 104x19
      text run at (250,420) width 104: "This is some text."
    RenderBR {BR} at (354,435) size 0x0
    RenderText {#text} at (250,440) size 104x19
      text run at (250,440) width 104: "This is some text."
    RenderBR {BR} at (354,455) size 0x0
    RenderText {#text} at (250,460) size 104x19
      text run at (250,460) width 104: "This is some text."
    RenderBR {BR} at (354,475) size 0x0
    RenderText {#text} at (250,480) size 104x19
      text run at (250,480) width 104: "This is some text."
    RenderBR {BR} at (354,495) size 0x0
    RenderText {#text} at (250,500) size 104x19
      text run at (250,500) width 104: "This is some text."
    RenderBR {BR} at (354,515) size 0x0
    RenderText {#text} at (250,520) size 104x19
      text run at (250,520) width 104: "This is some text."
    RenderBR {BR} at (354,535) size 0x0
    RenderText {#text} at (250,540) size 104x19
      text run at (250,540) width 104: "This is some text."
    RenderBR {BR} at (354,555) size 0x0
    RenderText {#text} at (250,560) size 104x19
      text run at (250,560) width 104: "This is some text."
    RenderBR {BR} at (354,575) size 0x0
    RenderText {#text} at (250,580) size 104x19
      text run at (250,580) width 104: "This is some text."
    RenderBR {BR} at (354,595) size 0x0
    RenderText {#text} at (250,600) size 104x19
      text run at (250,600) width 104: "This is some text."
    RenderBR {BR} at (354,615) size 0x0
    RenderText {#text} at (250,620) size 104x19
      text run at (250,620) width 104: "This is some text."
    RenderBR {BR} at (354,635) size 0x0
    RenderText {#text} at (250,640) size 104x19
      text run at (250,640) width 104: "This is some text."
    RenderBR {BR} at (354,655) size 0x0
    RenderText {#text} at (250,660) size 104x19
      text run at (250,660) width 104: "This is some text."
    RenderBR {BR} at (354,675) size 0x0
    RenderText {#text} at (250,680) size 104x19
      text run at (250,680) width 104: "This is some text."
    RenderBR {BR} at (354,695) size 0x0
    RenderText {#text} at (0,700) size 104x19
      text run at (0,700) width 104: "This is some text."
    RenderBR {BR} at (104,715) size 0x0
    RenderText {#text} at (0,720) size 104x19
      text run at (0,720) width 104: "This is some text."
    RenderBR {BR} at (104,735) size 0x0
    RenderText {#text} at (0,740) size 104x19
      text run at (0,740) width 104: "This is some text."
    RenderBR {BR} at (104,755) size 0x0
    RenderText {#text} at (0,760) size 104x19
      text run at (0,760) width 104: "This is some text."
    RenderBR {BR} at (104,775) size 0x0
    RenderText {#text} at (0,780) size 104x19
      text run at (0,780) width 104: "This is some text."
    RenderBR {BR} at (104,795) size 0x0
    RenderText {#text} at (0,800) size 104x19
      text run at (0,800) width 104: "This is some text."
    RenderBR {BR} at (104,815) size 0x0
    RenderText {#text} at (0,820) size 104x19
      text run at (0,820) width 104: "This is some text."
    RenderBR {BR} at (104,835) size 0x0
    RenderText {#text} at (0,840) size 104x19
      text run at (0,840) width 104: "This is some text."
    RenderBR {BR} at (104,855) size 0x0
    RenderText {#text} at (0,860) size 104x19
      text run at (0,860) width 104: "This is some text."
    RenderBR {BR} at (104,875) size 0x0
    RenderText {#text} at (0,880) size 104x19
      text run at (0,880) width 104: "This is some text."
    RenderBR {BR} at (104,895) size 0x0
    RenderText {#text} at (0,900) size 104x19
      text run at (0,900) width 104: "This is some text."
    RenderBR {BR} at (104,915) size 0x0
    RenderText {#text} at (0,920) size 104x19
      text run at (0,920) width 104: "This is some text."
    RenderBR {BR} at (104,935) size 0x0
    RenderText {#text} at (0,940) size 104x19
      text run at (0,940) width 104: "This is some text."
    RenderBR {BR} at (104,955) size 0x0
    RenderText {#text} at (0,960) size 104x19
      text run at (0,960) width 104: "This is some text."
    RenderBR {BR} at (104,975) size 0x0
    RenderText {#text} at (0,980) size 104x19
      text run at (0,980) width 104: "This is some text."
    RenderBR {BR} at (104,995) size 0x0
