layer at (0,0) size 1289x676
  RenderView at (0,0) size 785x585
layer at (0,0) size 785x676
  RenderBlock {HTML} at (0,0) size 785x676
    RenderBody {BODY} at (8,8) size 769x660
      RenderBlock (anonymous) at (0,0) size 769x20
        RenderText {#text} at (0,0) size 82x19
          text run at (0,0) width 82: "LTR Version:"
      RenderBlock (anonymous) at (0,330) size 769x20
        RenderText {#text} at (0,0) size 82x19
          text run at (0,0) width 82: "RTL Version:"
layer at (8,28) size 769x310
  RenderBlock {DIV} at (0,20) size 769x310 [border: (5px solid #800000)]
    RenderMultiColumnSet at (5,5) size 759x300
layer at (13,33) size 242x1440 backgroundClip at (0,0) size 1289x676 clip at (0,0) size 1289x676
  RenderMultiColumnFlowThread at (5,5) size 243x1440
    RenderBlock (anonymous) at (0,0) size 243x260
      RenderText {#text} at (0,0) size 100x19
        text run at (0,0) width 100: "This is some text"
      RenderBR {BR} at (100,15) size 0x0
      RenderText {#text} at (0,20) size 100x19
        text run at (0,20) width 100: "This is some text"
      RenderBR {BR} at (100,35) size 0x0
      RenderText {#text} at (0,40) size 100x19
        text run at (0,40) width 100: "This is some text"
      RenderBR {BR} at (100,55) size 0x0
      RenderText {#text} at (0,60) size 100x19
        text run at (0,60) width 100: "This is some text"
      RenderBR {BR} at (100,75) size 0x0
      RenderText {#text} at (0,80) size 100x19
        text run at (0,80) width 100: "This is some text"
      RenderBR {BR} at (100,95) size 0x0
      RenderText {#text} at (0,100) size 100x19
        text run at (0,100) width 100: "This is some text"
      RenderBR {BR} at (100,115) size 0x0
      RenderText {#text} at (0,120) size 100x19
        text run at (0,120) width 100: "This is some text"
      RenderBR {BR} at (100,135) size 0x0
      RenderText {#text} at (0,140) size 100x19
        text run at (0,140) width 100: "This is some text"
      RenderBR {BR} at (100,155) size 0x0
      RenderText {#text} at (0,160) size 100x19
        text run at (0,160) width 100: "This is some text"
      RenderBR {BR} at (100,175) size 0x0
      RenderText {#text} at (0,180) size 100x19
        text run at (0,180) width 100: "This is some text"
      RenderBR {BR} at (100,195) size 0x0
      RenderText {#text} at (0,200) size 100x19
        text run at (0,200) width 100: "This is some text"
      RenderBR {BR} at (100,215) size 0x0
      RenderText {#text} at (0,220) size 100x19
        text run at (0,220) width 100: "This is some text"
      RenderBR {BR} at (100,235) size 0x0
      RenderText {#text} at (0,240) size 100x19
        text run at (0,240) width 100: "This is some text"
      RenderBR {BR} at (100,255) size 0x0
    RenderBlock {DIV} at (0,300) size 243x270
      RenderText {#text} at (0,0) size 0x0
    RenderBlock (anonymous) at (0,570) size 243x570
      RenderText {#text} at (0,0) size 100x19
        text run at (0,0) width 100: "This is some text"
      RenderBR {BR} at (100,15) size 0x0
      RenderText {#text} at (0,30) size 100x19
        text run at (0,30) width 100: "This is some text"
      RenderBR {BR} at (100,45) size 0x0
      RenderText {#text} at (0,50) size 100x19
        text run at (0,50) width 100: "This is some text"
      RenderBR {BR} at (100,65) size 0x0
      RenderText {#text} at (0,70) size 100x19
        text run at (0,70) width 100: "This is some text"
      RenderBR {BR} at (100,85) size 0x0
      RenderText {#text} at (0,90) size 100x19
        text run at (0,90) width 100: "This is some text"
      RenderBR {BR} at (100,105) size 0x0
      RenderText {#text} at (0,110) size 100x19
        text run at (0,110) width 100: "This is some text"
      RenderBR {BR} at (100,125) size 0x0
      RenderText {#text} at (0,130) size 100x19
        text run at (0,130) width 100: "This is some text"
      RenderBR {BR} at (100,145) size 0x0
      RenderText {#text} at (0,150) size 100x19
        text run at (0,150) width 100: "This is some text"
      RenderBR {BR} at (100,165) size 0x0
      RenderText {#text} at (0,170) size 100x19
        text run at (0,170) width 100: "This is some text"
      RenderBR {BR} at (100,185) size 0x0
      RenderText {#text} at (0,190) size 100x19
        text run at (0,190) width 100: "This is some text"
      RenderBR {BR} at (100,205) size 0x0
      RenderText {#text} at (0,210) size 100x19
        text run at (0,210) width 100: "This is some text"
      RenderBR {BR} at (100,225) size 0x0
      RenderText {#text} at (0,230) size 100x19
        text run at (0,230) width 100: "This is some text"
      RenderBR {BR} at (100,245) size 0x0
      RenderText {#text} at (0,250) size 100x19
        text run at (0,250) width 100: "This is some text"
      RenderBR {BR} at (100,265) size 0x0
      RenderText {#text} at (0,270) size 100x19
        text run at (0,270) width 100: "This is some text"
      RenderBR {BR} at (100,285) size 0x0
      RenderText {#text} at (0,290) size 100x19
        text run at (0,290) width 100: "This is some text"
      RenderBR {BR} at (100,305) size 0x0
      RenderText {#text} at (0,310) size 100x19
        text run at (0,310) width 100: "This is some text"
      RenderBR {BR} at (100,325) size 0x0
      RenderText {#text} at (0,330) size 100x19
        text run at (0,330) width 100: "This is some text"
      RenderBR {BR} at (100,345) size 0x0
      RenderText {#text} at (0,350) size 100x19
        text run at (0,350) width 100: "This is some text"
      RenderBR {BR} at (100,365) size 0x0
      RenderText {#text} at (0,370) size 100x19
        text run at (0,370) width 100: "This is some text"
      RenderBR {BR} at (100,385) size 0x0
      RenderText {#text} at (0,390) size 100x19
        text run at (0,390) width 100: "This is some text"
      RenderBR {BR} at (100,405) size 0x0
      RenderText {#text} at (0,410) size 100x19
        text run at (0,410) width 100: "This is some text"
      RenderBR {BR} at (100,425) size 0x0
      RenderText {#text} at (0,430) size 100x19
        text run at (0,430) width 100: "This is some text"
      RenderBR {BR} at (100,445) size 0x0
      RenderText {#text} at (0,450) size 100x19
        text run at (0,450) width 100: "This is some text"
      RenderBR {BR} at (100,465) size 0x0
      RenderText {#text} at (0,470) size 100x19
        text run at (0,470) width 100: "This is some text"
      RenderBR {BR} at (100,485) size 0x0
      RenderText {#text} at (0,490) size 100x19
        text run at (0,490) width 100: "This is some text"
      RenderBR {BR} at (100,505) size 0x0
      RenderText {#text} at (0,510) size 100x19
        text run at (0,510) width 100: "This is some text"
      RenderBR {BR} at (100,525) size 0x0
      RenderText {#text} at (0,530) size 100x19
        text run at (0,530) width 100: "This is some text"
      RenderBR {BR} at (100,545) size 0x0
      RenderText {#text} at (0,0) size 0x0
    RenderBlock (anonymous) at (0,1160) size 243x280
      RenderText {#text} at (0,0) size 100x19
        text run at (0,0) width 100: "This is some text"
      RenderBR {BR} at (100,15) size 0x0
      RenderText {#text} at (0,20) size 100x19
        text run at (0,20) width 100: "This is some text"
      RenderBR {BR} at (100,35) size 0x0
      RenderText {#text} at (0,40) size 100x19
        text run at (0,40) width 100: "This is some text"
      RenderBR {BR} at (100,55) size 0x0
      RenderText {#text} at (0,60) size 100x19
        text run at (0,60) width 100: "This is some text"
      RenderBR {BR} at (100,75) size 0x0
      RenderText {#text} at (0,80) size 100x19
        text run at (0,80) width 100: "This is some text"
      RenderBR {BR} at (100,95) size 0x0
      RenderText {#text} at (0,100) size 100x19
        text run at (0,100) width 100: "This is some text"
      RenderBR {BR} at (100,115) size 0x0
      RenderText {#text} at (0,120) size 100x19
        text run at (0,120) width 100: "This is some text"
      RenderBR {BR} at (100,135) size 0x0
      RenderText {#text} at (0,140) size 100x19
        text run at (0,140) width 100: "This is some text"
      RenderBR {BR} at (100,155) size 0x0
      RenderText {#text} at (0,160) size 100x19
        text run at (0,160) width 100: "This is some text"
      RenderBR {BR} at (100,175) size 0x0
      RenderText {#text} at (0,180) size 100x19
        text run at (0,180) width 100: "This is some text"
      RenderBR {BR} at (100,195) size 0x0
      RenderText {#text} at (0,200) size 100x19
        text run at (0,200) width 100: "This is some text"
      RenderBR {BR} at (100,215) size 0x0
      RenderText {#text} at (0,220) size 100x19
        text run at (0,220) width 100: "This is some text"
      RenderBR {BR} at (100,235) size 0x0
      RenderText {#text} at (0,240) size 100x19
        text run at (0,240) width 100: "This is some text"
      RenderBR {BR} at (100,255) size 0x0
      RenderText {#text} at (0,260) size 100x19
        text run at (0,260) width 100: "This is some text"
      RenderBR {BR} at (100,275) size 0x0
layer at (8,358) size 769x310
  RenderBlock {DIV} at (0,350) size 769x310 [border: (5px solid #800000)]
    RenderMultiColumnSet at (5,5) size 759x300
layer at (530,363) size 242x1440 backgroundClip at (0,0) size 1289x676 clip at (0,0) size 1289x676
  RenderMultiColumnFlowThread at (521,5) size 243x1440
    RenderBlock (anonymous) at (0,0) size 243x260
      RenderText {#text} at (142,0) size 101x19
        text run at (142,0) width 101: "This is some text"
      RenderBR {BR} at (142,15) size 1x0
      RenderText {#text} at (142,20) size 101x19
        text run at (142,20) width 101: "This is some text"
      RenderBR {BR} at (142,35) size 1x0
      RenderText {#text} at (142,40) size 101x19
        text run at (142,40) width 101: "This is some text"
      RenderBR {BR} at (142,55) size 1x0
      RenderText {#text} at (142,60) size 101x19
        text run at (142,60) width 101: "This is some text"
      RenderBR {BR} at (142,75) size 1x0
      RenderText {#text} at (142,80) size 101x19
        text run at (142,80) width 101: "This is some text"
      RenderBR {BR} at (142,95) size 1x0
      RenderText {#text} at (142,100) size 101x19
        text run at (142,100) width 101: "This is some text"
      RenderBR {BR} at (142,115) size 1x0
      RenderText {#text} at (142,120) size 101x19
        text run at (142,120) width 101: "This is some text"
      RenderBR {BR} at (142,135) size 1x0
      RenderText {#text} at (142,140) size 101x19
        text run at (142,140) width 101: "This is some text"
      RenderBR {BR} at (142,155) size 1x0
      RenderText {#text} at (142,160) size 101x19
        text run at (142,160) width 101: "This is some text"
      RenderBR {BR} at (142,175) size 1x0
      RenderText {#text} at (142,180) size 101x19
        text run at (142,180) width 101: "This is some text"
      RenderBR {BR} at (142,195) size 1x0
      RenderText {#text} at (142,200) size 101x19
        text run at (142,200) width 101: "This is some text"
      RenderBR {BR} at (142,215) size 1x0
      RenderText {#text} at (142,220) size 101x19
        text run at (142,220) width 101: "This is some text"
      RenderBR {BR} at (142,235) size 1x0
      RenderText {#text} at (142,240) size 101x19
        text run at (142,240) width 101: "This is some text"
      RenderBR {BR} at (142,255) size 1x0
    RenderBlock {DIV} at (0,300) size 243x270
      RenderText {#text} at (0,0) size 0x0
    RenderBlock (anonymous) at (0,570) size 243x570
      RenderText {#text} at (142,0) size 101x19
        text run at (142,0) width 101: "This is some text"
      RenderBR {BR} at (142,15) size 1x0
      RenderText {#text} at (142,30) size 101x19
        text run at (142,30) width 101: "This is some text"
      RenderBR {BR} at (142,45) size 1x0
      RenderText {#text} at (142,50) size 101x19
        text run at (142,50) width 101: "This is some text"
      RenderBR {BR} at (142,65) size 1x0
      RenderText {#text} at (142,70) size 101x19
        text run at (142,70) width 101: "This is some text"
      RenderBR {BR} at (142,85) size 1x0
      RenderText {#text} at (142,90) size 101x19
        text run at (142,90) width 101: "This is some text"
      RenderBR {BR} at (142,105) size 1x0
      RenderText {#text} at (142,110) size 101x19
        text run at (142,110) width 101: "This is some text"
      RenderBR {BR} at (142,125) size 1x0
      RenderText {#text} at (142,130) size 101x19
        text run at (142,130) width 101: "This is some text"
      RenderBR {BR} at (142,145) size 1x0
      RenderText {#text} at (142,150) size 101x19
        text run at (142,150) width 101: "This is some text"
      RenderBR {BR} at (142,165) size 1x0
      RenderText {#text} at (142,170) size 101x19
        text run at (142,170) width 101: "This is some text"
      RenderBR {BR} at (142,185) size 1x0
      RenderText {#text} at (142,190) size 101x19
        text run at (142,190) width 101: "This is some text"
      RenderBR {BR} at (142,205) size 1x0
      RenderText {#text} at (142,210) size 101x19
        text run at (142,210) width 101: "This is some text"
      RenderBR {BR} at (142,225) size 1x0
      RenderText {#text} at (142,230) size 101x19
        text run at (142,230) width 101: "This is some text"
      RenderBR {BR} at (142,245) size 1x0
      RenderText {#text} at (142,250) size 101x19
        text run at (142,250) width 101: "This is some text"
      RenderBR {BR} at (142,265) size 1x0
      RenderText {#text} at (142,270) size 101x19
        text run at (142,270) width 101: "This is some text"
      RenderBR {BR} at (142,285) size 1x0
      RenderText {#text} at (142,290) size 101x19
        text run at (142,290) width 101: "This is some text"
      RenderBR {BR} at (142,305) size 1x0
      RenderText {#text} at (142,310) size 101x19
        text run at (142,310) width 101: "This is some text"
      RenderBR {BR} at (142,325) size 1x0
      RenderText {#text} at (142,330) size 101x19
        text run at (142,330) width 101: "This is some text"
      RenderBR {BR} at (142,345) size 1x0
      RenderText {#text} at (142,350) size 101x19
        text run at (142,350) width 101: "This is some text"
      RenderBR {BR} at (142,365) size 1x0
      RenderText {#text} at (142,370) size 101x19
        text run at (142,370) width 101: "This is some text"
      RenderBR {BR} at (142,385) size 1x0
      RenderText {#text} at (142,390) size 101x19
        text run at (142,390) width 101: "This is some text"
      RenderBR {BR} at (142,405) size 1x0
      RenderText {#text} at (142,410) size 101x19
        text run at (142,410) width 101: "This is some text"
      RenderBR {BR} at (142,425) size 1x0
      RenderText {#text} at (142,430) size 101x19
        text run at (142,430) width 101: "This is some text"
      RenderBR {BR} at (142,445) size 1x0
      RenderText {#text} at (142,450) size 101x19
        text run at (142,450) width 101: "This is some text"
      RenderBR {BR} at (142,465) size 1x0
      RenderText {#text} at (142,470) size 101x19
        text run at (142,470) width 101: "This is some text"
      RenderBR {BR} at (142,485) size 1x0
      RenderText {#text} at (142,490) size 101x19
        text run at (142,490) width 101: "This is some text"
      RenderBR {BR} at (142,505) size 1x0
      RenderText {#text} at (142,510) size 101x19
        text run at (142,510) width 101: "This is some text"
      RenderBR {BR} at (142,525) size 1x0
      RenderText {#text} at (142,530) size 101x19
        text run at (142,530) width 101: "This is some text"
      RenderBR {BR} at (142,545) size 1x0
      RenderText {#text} at (0,0) size 0x0
    RenderBlock (anonymous) at (0,1160) size 243x280
      RenderText {#text} at (142,0) size 101x19
        text run at (142,0) width 101: "This is some text"
      RenderBR {BR} at (142,15) size 1x0
      RenderText {#text} at (142,20) size 101x19
        text run at (142,20) width 101: "This is some text"
      RenderBR {BR} at (142,35) size 1x0
      RenderText {#text} at (142,40) size 101x19
        text run at (142,40) width 101: "This is some text"
      RenderBR {BR} at (142,55) size 1x0
      RenderText {#text} at (142,60) size 101x19
        text run at (142,60) width 101: "This is some text"
      RenderBR {BR} at (142,75) size 1x0
      RenderText {#text} at (142,80) size 101x19
        text run at (142,80) width 101: "This is some text"
      RenderBR {BR} at (142,95) size 1x0
      RenderText {#text} at (142,100) size 101x19
        text run at (142,100) width 101: "This is some text"
      RenderBR {BR} at (142,115) size 1x0
      RenderText {#text} at (142,120) size 101x19
        text run at (142,120) width 101: "This is some text"
      RenderBR {BR} at (142,135) size 1x0
      RenderText {#text} at (142,140) size 101x19
        text run at (142,140) width 101: "This is some text"
      RenderBR {BR} at (142,155) size 1x0
      RenderText {#text} at (142,160) size 101x19
        text run at (142,160) width 101: "This is some text"
      RenderBR {BR} at (142,175) size 1x0
      RenderText {#text} at (142,180) size 101x19
        text run at (142,180) width 101: "This is some text"
      RenderBR {BR} at (142,195) size 1x0
      RenderText {#text} at (142,200) size 101x19
        text run at (142,200) width 101: "This is some text"
      RenderBR {BR} at (142,215) size 1x0
      RenderText {#text} at (142,220) size 101x19
        text run at (142,220) width 101: "This is some text"
      RenderBR {BR} at (142,235) size 1x0
      RenderText {#text} at (142,240) size 101x19
        text run at (142,240) width 101: "This is some text"
      RenderBR {BR} at (142,255) size 1x0
      RenderText {#text} at (142,260) size 101x19
        text run at (142,260) width 101: "This is some text"
      RenderBR {BR} at (142,275) size 1x0
layer at (13,333) size 100x270
  RenderBlock (relative positioned) {DIV} at (0,0) size 100x270 [bgcolor=#008000]
layer at (672,663) size 100x270 backgroundClip at (0,0) size 1289x676 clip at (0,0) size 1289x676
  RenderBlock (relative positioned) {DIV} at (142,0) size 101x270 [bgcolor=#008000]
