layer at (0,0) size 1141x585
  RenderView at (0,0) size 800x585
layer at (0,0) size 800x585
  RenderBlock {HTML} at (0,0) size 800x585
layer at (8,8) size 750x500
  RenderBody {BODY} at (8,8) size 750x500
    RenderMultiColumnSet at (0,0) size 750x500
layer at (8,8) size 367x1040 backgroundClip at (0,0) size 1141x585 clip at (0,0) size 1141x585
  RenderMultiColumnFlowThread at (0,0) size 367x1040
    RenderBlock {H1} at (0,21) size 367x38
      RenderText {#text} at (0,0) size 166x36
        text run at (0,0) width 166: "Header One"
    RenderBlock (anonymous) at (0,79) size 367x221
      RenderText {#text} at (0,0) size 367x219
        text run at (0,0) width 337: "Lorem ipsum dolor sit amet, consectetuer adipiscing elit."
        text run at (0,20) width 367: "Nulla varius enim ac mi. Curabitur sollicitudin felis quis lectus."
        text run at (0,40) width 362: "Quisque adipiscing rhoncus sem. Proin nulla purus, vulputate"
        text run at (0,60) width 358: "vel, varius ut, euismod et, nisi. Sed vitae felis vel orci sagittis"
        text run at (0,80) width 365: "aliquam. Cras convallis adipiscing sem. Nam nonummy enim."
        text run at (0,100) width 329: "Nullam bibendum lobortis neque. Vestibulum velit orci,"
        text run at (0,120) width 309: "tempus euismod, pretium quis, interdum vitae, nulla."
        text run at (0,140) width 321: "Phasellus eget ante et tortor condimentum vestibulum."
        text run at (0,160) width 360: "Suspendisse hendrerit quam nec felis. Sed varius turpis vitae"
        text run at (0,180) width 350: "pede. Lorem ipsum dolor sit amet, consectetuer adipiscing"
        text run at (0,200) width 21: "elit."
    RenderBlock {H1} at (0,321) size 367x38
      RenderText {#text} at (0,0) size 169x36
        text run at (0,0) width 169: "Header Two"
    RenderBlock (anonymous) at (0,379) size 367x221
      RenderText {#text} at (0,0) size 367x219
        text run at (0,0) width 337: "Lorem ipsum dolor sit amet, consectetuer adipiscing elit."
        text run at (0,20) width 367: "Nulla varius enim ac mi. Curabitur sollicitudin felis quis lectus."
        text run at (0,40) width 362: "Quisque adipiscing rhoncus sem. Proin nulla purus, vulputate"
        text run at (0,60) width 358: "vel, varius ut, euismod et, nisi. Sed vitae felis vel orci sagittis"
        text run at (0,80) width 365: "aliquam. Cras convallis adipiscing sem. Nam nonummy enim."
        text run at (0,100) width 329: "Nullam bibendum lobortis neque. Vestibulum velit orci,"
        text run at (0,120) width 309: "tempus euismod, pretium quis, interdum vitae, nulla."
        text run at (0,140) width 321: "Phasellus eget ante et tortor condimentum vestibulum."
        text run at (0,160) width 360: "Suspendisse hendrerit quam nec felis. Sed varius turpis vitae"
        text run at (0,180) width 350: "pede. Lorem ipsum dolor sit amet, consectetuer adipiscing"
        text run at (0,200) width 21: "elit."
    RenderBlock {H1} at (0,621) size 367x38
      RenderText {#text} at (0,0) size 190x36
        text run at (0,0) width 190: "Header Three"
    RenderBlock {H1} at (0,941) size 367x38
      RenderText {#text} at (0,0) size 177x36
        text run at (0,0) width 177: "Header Four"
    RenderBlock (anonymous) at (0,1000) size 367x40
      RenderText {#text} at (0,0) size 337x39
        text run at (0,0) width 337: "Lorem ipsum dolor sit amet, consectetuer adipiscing elit."
        text run at (0,20) width 143: "Nulla varius enim ac mi."
