layer at (0,0) size 800x600
  RenderView at (0,0) size 800x600
layer at (0,0) size 800x600
  RenderBlock {HTML} at (0,0) size 800x600
    RenderBody {BODY} at (8,8) size 784x584
layer at (8,8) size 784x304
  RenderBlock {DIV} at (0,0) size 784x304 [border: (2px solid #000000)]
    RenderMultiColumnSet at (2,2) size 780x300
layer at (10,10) size 382x500
  RenderMultiColumnFlowThread at (2,2) size 382x500
    RenderBlock {DIV} at (0,0) size 382x250
    RenderBlock {DIV} at (0,250) size 382x250
layer at (10,260) size 300x200
  RenderBlock (positioned) {DIV} at (0,0) size 300x200 [bgcolor=#D3D3D3]
    RenderText {#text} at (0,0) size 270x19
      text run at (0,0) width 270: "This text should paginate across the columns."
    RenderBR {BR} at (270,15) size 0x0
    RenderText {#text} at (0,20) size 270x19
      text run at (0,20) width 270: "This text should paginate across the columns."
    RenderBR {BR} at (270,35) size 0x0
    RenderText {#text} at (0,50) size 270x19
      text run at (0,50) width 270: "This text should paginate across the columns."
    RenderBR {BR} at (270,65) size 0x0
    RenderText {#text} at (0,70) size 270x19
      text run at (0,70) width 270: "This text should paginate across the columns."
    RenderBR {BR} at (270,85) size 0x0
    RenderText {#text} at (0,90) size 270x19
      text run at (0,90) width 270: "This text should paginate across the columns."
    RenderBR {BR} at (270,105) size 0x0
