layer at (0,0) size 1955x1010
  RenderView at (0,0) size 785x585
layer at (0,0) size 785x1010
  RenderBlock {HTML} at (0,0) size 785x1010
    RenderBody {BODY} at (8,8) size 769x994
      RenderBlock {HR} at (0,358) size 769x2 [border: (1px inset #000000)]
      RenderBlock {HR} at (0,676) size 769x2 [border: (1px inset #000000)]
layer at (8,8) size 769x350
  RenderBlock {DIV} at (0,0) size 769x350
    RenderMultiColumnSet at (0,0) size 769x350
layer at (8,8) size 377x1307 backgroundClip at (0,0) size 1955x1010 clip at (0,0) size 1955x1010
  RenderMultiColumnFlowThread at (0,0) size 377x1307
    RenderTable {TABLE} at (0,0) size 377x1307 [border: (1px outset #808080)]
      RenderTableSection {TBODY} at (1,1) size 375x1305
        RenderTableRow {TR} at (0,0) size 375x1305
          RenderTableCell {TD} at (0,44) size 137x1261 [border: (1px inset #808080)] [r=0 c=0 rs=1 cs=1]
            RenderText {#text} at (11,11) size 114x39
              text run at (11,11) width 114: "This cell has lots of"
              text run at (11,31) width 26: "text."
            RenderBR {BR} at (37,46) size 0x0
            RenderText {#text} at (11,51) size 114x39
              text run at (11,51) width 114: "This cell has lots of"
              text run at (11,71) width 26: "text."
            RenderBR {BR} at (37,86) size 0x0
            RenderText {#text} at (11,91) size 114x39
              text run at (11,91) width 114: "This cell has lots of"
              text run at (11,111) width 26: "text."
            RenderBR {BR} at (37,126) size 0x0
            RenderText {#text} at (11,131) size 114x39
              text run at (11,131) width 114: "This cell has lots of"
              text run at (11,151) width 26: "text."
            RenderBR {BR} at (37,166) size 0x0
            RenderText {#text} at (11,171) size 114x39
              text run at (11,171) width 114: "This cell has lots of"
              text run at (11,191) width 26: "text."
            RenderBR {BR} at (37,206) size 0x0
            RenderText {#text} at (11,211) size 114x39
              text run at (11,211) width 114: "This cell has lots of"
              text run at (11,231) width 26: "text."
            RenderBR {BR} at (37,246) size 0x0
            RenderText {#text} at (11,251) size 114x39
              text run at (11,251) width 114: "This cell has lots of"
              text run at (11,271) width 26: "text."
            RenderBR {BR} at (37,286) size 0x0
            RenderText {#text} at (11,305) size 114x39
              text run at (11,305) width 114: "This cell has lots of"
              text run at (11,325) width 26: "text."
            RenderBR {BR} at (37,340) size 0x0
            RenderText {#text} at (11,345) size 114x39
              text run at (11,345) width 114: "This cell has lots of"
              text run at (11,365) width 26: "text."
            RenderBR {BR} at (37,380) size 0x0
            RenderText {#text} at (11,385) size 114x39
              text run at (11,385) width 114: "This cell has lots of"
              text run at (11,405) width 26: "text."
            RenderBR {BR} at (37,420) size 0x0
            RenderText {#text} at (11,425) size 114x39
              text run at (11,425) width 114: "This cell has lots of"
              text run at (11,445) width 26: "text."
            RenderBR {BR} at (37,460) size 0x0
            RenderText {#text} at (11,465) size 114x39
              text run at (11,465) width 114: "This cell has lots of"
              text run at (11,485) width 26: "text."
            RenderBR {BR} at (37,500) size 0x0
            RenderText {#text} at (11,505) size 114x39
              text run at (11,505) width 114: "This cell has lots of"
              text run at (11,525) width 26: "text."
            RenderBR {BR} at (37,540) size 0x0
            RenderText {#text} at (11,545) size 114x39
              text run at (11,545) width 114: "This cell has lots of"
              text run at (11,565) width 26: "text."
            RenderBR {BR} at (37,580) size 0x0
            RenderText {#text} at (11,585) size 114x39
              text run at (11,585) width 114: "This cell has lots of"
              text run at (11,605) width 26: "text."
            RenderBR {BR} at (37,620) size 0x0
            RenderText {#text} at (11,625) size 114x49
              text run at (11,625) width 114: "This cell has lots of"
              text run at (11,655) width 26: "text."
            RenderBR {BR} at (37,670) size 0x0
            RenderText {#text} at (11,675) size 114x39
              text run at (11,675) width 114: "This cell has lots of"
              text run at (11,695) width 26: "text."
            RenderBR {BR} at (37,710) size 0x0
            RenderText {#text} at (11,715) size 114x39
              text run at (11,715) width 114: "This cell has lots of"
              text run at (11,735) width 26: "text."
            RenderBR {BR} at (37,750) size 0x0
            RenderText {#text} at (11,755) size 114x39
              text run at (11,755) width 114: "This cell has lots of"
              text run at (11,775) width 26: "text."
            RenderBR {BR} at (37,790) size 0x0
            RenderText {#text} at (11,795) size 114x39
              text run at (11,795) width 114: "This cell has lots of"
              text run at (11,815) width 26: "text."
            RenderBR {BR} at (37,830) size 0x0
            RenderText {#text} at (11,835) size 114x39
              text run at (11,835) width 114: "This cell has lots of"
              text run at (11,855) width 26: "text."
            RenderBR {BR} at (37,870) size 0x0
            RenderText {#text} at (11,875) size 114x39
              text run at (11,875) width 114: "This cell has lots of"
              text run at (11,895) width 26: "text."
            RenderBR {BR} at (37,910) size 0x0
            RenderText {#text} at (11,915) size 114x39
              text run at (11,915) width 114: "This cell has lots of"
              text run at (11,935) width 26: "text."
            RenderBR {BR} at (37,950) size 0x0
            RenderText {#text} at (11,955) size 114x39
              text run at (11,955) width 114: "This cell has lots of"
              text run at (11,975) width 26: "text."
            RenderBR {BR} at (37,990) size 0x0
            RenderText {#text} at (11,1005) size 114x39
              text run at (11,1005) width 114: "This cell has lots of"
              text run at (11,1025) width 26: "text."
            RenderBR {BR} at (37,1040) size 0x0
            RenderText {#text} at (11,1045) size 114x39
              text run at (11,1045) width 114: "This cell has lots of"
              text run at (11,1065) width 26: "text."
            RenderBR {BR} at (37,1080) size 0x0
            RenderText {#text} at (11,1085) size 114x39
              text run at (11,1085) width 114: "This cell has lots of"
              text run at (11,1105) width 26: "text."
            RenderBR {BR} at (37,1120) size 0x0
            RenderText {#text} at (11,1125) size 114x39
              text run at (11,1125) width 114: "This cell has lots of"
              text run at (11,1145) width 26: "text."
            RenderBR {BR} at (37,1160) size 0x0
            RenderText {#text} at (11,1165) size 114x39
              text run at (11,1165) width 114: "This cell has lots of"
              text run at (11,1185) width 26: "text."
            RenderBR {BR} at (37,1200) size 0x0
            RenderText {#text} at (11,1205) size 114x39
              text run at (11,1205) width 114: "This cell has lots of"
              text run at (11,1225) width 26: "text."
            RenderBR {BR} at (37,1240) size 0x0
          RenderTableCell {TD} at (136,0) size 239x174 [border: (1px inset #808080)] [r=0 c=1 rs=1 cs=1]
            RenderInline {SPAN} at (0,0) size 145x149
              RenderText {#text} at (11,12) size 145x149
                text run at (11,12) width 145: "Other"
                text run at (11,88) width 106: "cell."
layer at (8,376) size 769x300
  RenderBlock {DIV} at (0,368) size 769x300
    RenderMultiColumnSet at (0,0) size 769x300
layer at (8,376) size 377x1294 backgroundClip at (0,0) size 1955x1010 clip at (0,0) size 1955x1010
  RenderMultiColumnFlowThread at (0,0) size 377x1294
    RenderTable {TABLE} at (0,0) size 377x1294 [border: (1px outset #808080)]
      RenderTableSection {TBODY} at (1,1) size 375x1292
        RenderTableRow {TR} at (0,0) size 375x1292
          RenderTableCell {TD} at (0,0) size 137x1292 [border: (1px inset #808080)] [r=0 c=0 rs=1 cs=1]
            RenderText {#text} at (11,11) size 114x39
              text run at (11,11) width 114: "This cell has lots of"
              text run at (11,31) width 26: "text."
            RenderBR {BR} at (37,46) size 0x0
            RenderText {#text} at (11,51) size 114x39
              text run at (11,51) width 114: "This cell has lots of"
              text run at (11,71) width 26: "text."
            RenderBR {BR} at (37,86) size 0x0
            RenderText {#text} at (11,91) size 114x39
              text run at (11,91) width 114: "This cell has lots of"
              text run at (11,111) width 26: "text."
            RenderBR {BR} at (37,126) size 0x0
            RenderText {#text} at (11,131) size 114x39
              text run at (11,131) width 114: "This cell has lots of"
              text run at (11,151) width 26: "text."
            RenderBR {BR} at (37,166) size 0x0
            RenderText {#text} at (11,171) size 114x39
              text run at (11,171) width 114: "This cell has lots of"
              text run at (11,191) width 26: "text."
            RenderBR {BR} at (37,206) size 0x0
            RenderText {#text} at (11,211) size 114x39
              text run at (11,211) width 114: "This cell has lots of"
              text run at (11,231) width 26: "text."
            RenderBR {BR} at (37,246) size 0x0
            RenderText {#text} at (11,251) size 114x39
              text run at (11,251) width 114: "This cell has lots of"
              text run at (11,271) width 26: "text."
            RenderBR {BR} at (37,286) size 0x0
            RenderText {#text} at (11,299) size 114x39
              text run at (11,299) width 114: "This cell has lots of"
              text run at (11,319) width 26: "text."
            RenderBR {BR} at (37,334) size 0x0
            RenderText {#text} at (11,339) size 114x39
              text run at (11,339) width 114: "This cell has lots of"
              text run at (11,359) width 26: "text."
            RenderBR {BR} at (37,374) size 0x0
            RenderText {#text} at (11,379) size 114x39
              text run at (11,379) width 114: "This cell has lots of"
              text run at (11,399) width 26: "text."
            RenderBR {BR} at (37,414) size 0x0
            RenderText {#text} at (11,419) size 114x39
              text run at (11,419) width 114: "This cell has lots of"
              text run at (11,439) width 26: "text."
            RenderBR {BR} at (37,454) size 0x0
            RenderText {#text} at (11,459) size 114x39
              text run at (11,459) width 114: "This cell has lots of"
              text run at (11,479) width 26: "text."
            RenderBR {BR} at (37,494) size 0x0
            RenderText {#text} at (11,499) size 114x39
              text run at (11,499) width 114: "This cell has lots of"
              text run at (11,519) width 26: "text."
            RenderBR {BR} at (37,534) size 0x0
            RenderText {#text} at (11,539) size 114x39
              text run at (11,539) width 114: "This cell has lots of"
              text run at (11,559) width 26: "text."
            RenderBR {BR} at (37,574) size 0x0
            RenderText {#text} at (11,579) size 114x39
              text run at (11,579) width 114: "This cell has lots of"
              text run at (11,599) width 26: "text."
            RenderBR {BR} at (37,614) size 0x0
            RenderText {#text} at (11,619) size 114x39
              text run at (11,619) width 114: "This cell has lots of"
              text run at (11,639) width 26: "text."
            RenderBR {BR} at (37,654) size 0x0
            RenderText {#text} at (11,659) size 114x39
              text run at (11,659) width 114: "This cell has lots of"
              text run at (11,679) width 26: "text."
            RenderBR {BR} at (37,694) size 0x0
            RenderText {#text} at (11,699) size 114x39
              text run at (11,699) width 114: "This cell has lots of"
              text run at (11,719) width 26: "text."
            RenderBR {BR} at (37,734) size 0x0
            RenderText {#text} at (11,739) size 114x39
              text run at (11,739) width 114: "This cell has lots of"
              text run at (11,759) width 26: "text."
            RenderBR {BR} at (37,774) size 0x0
            RenderText {#text} at (11,779) size 114x39
              text run at (11,779) width 114: "This cell has lots of"
              text run at (11,799) width 26: "text."
            RenderBR {BR} at (37,814) size 0x0
            RenderText {#text} at (11,819) size 114x39
              text run at (11,819) width 114: "This cell has lots of"
              text run at (11,839) width 26: "text."
            RenderBR {BR} at (37,854) size 0x0
            RenderText {#text} at (11,859) size 114x39
              text run at (11,859) width 114: "This cell has lots of"
              text run at (11,879) width 26: "text."
            RenderBR {BR} at (37,894) size 0x0
            RenderText {#text} at (11,899) size 114x39
              text run at (11,899) width 114: "This cell has lots of"
              text run at (11,919) width 26: "text."
            RenderBR {BR} at (37,934) size 0x0
            RenderText {#text} at (11,939) size 114x39
              text run at (11,939) width 114: "This cell has lots of"
              text run at (11,959) width 26: "text."
            RenderBR {BR} at (37,974) size 0x0
            RenderText {#text} at (11,979) size 114x39
              text run at (11,979) width 114: "This cell has lots of"
              text run at (11,999) width 26: "text."
            RenderBR {BR} at (37,1014) size 0x0
            RenderText {#text} at (11,1019) size 114x39
              text run at (11,1019) width 114: "This cell has lots of"
              text run at (11,1039) width 26: "text."
            RenderBR {BR} at (37,1054) size 0x0
            RenderText {#text} at (11,1059) size 114x39
              text run at (11,1059) width 114: "This cell has lots of"
              text run at (11,1079) width 26: "text."
            RenderBR {BR} at (37,1094) size 0x0
            RenderText {#text} at (11,1099) size 114x39
              text run at (11,1099) width 114: "This cell has lots of"
              text run at (11,1119) width 26: "text."
            RenderBR {BR} at (37,1134) size 0x0
            RenderText {#text} at (11,1139) size 114x39
              text run at (11,1139) width 114: "This cell has lots of"
              text run at (11,1159) width 26: "text."
            RenderBR {BR} at (37,1174) size 0x0
            RenderText {#text} at (11,1179) size 114x39
              text run at (11,1179) width 114: "This cell has lots of"
              text run at (11,1199) width 26: "text."
            RenderBR {BR} at (37,1214) size 0x0
          RenderTableCell {TD} at (136,528) size 239x235 [border: (1px inset #808080)] [r=0 c=1 rs=1 cs=1]
            RenderInline {SPAN} at (0,0) size 145x149
              RenderText {#text} at (11,71) size 145x150
                text run at (11,72) width 145: "Other"
                text run at (11,148) width 106: "cell."
layer at (8,702) size 769x300
  RenderBlock {DIV} at (0,694) size 769x300
    RenderMultiColumnSet at (0,0) size 769x300
layer at (8,702) size 377x1289 backgroundClip at (0,0) size 1955x1010 clip at (0,0) size 1955x1010
  RenderMultiColumnFlowThread at (0,0) size 377x1289
    RenderTable {TABLE} at (0,0) size 377x1289 [border: (1px outset #808080)]
      RenderTableSection {TBODY} at (1,1) size 375x1287
        RenderTableRow {TR} at (0,0) size 375x1287
          RenderTableCell {TD} at (0,0) size 137x1287 [border: (1px inset #808080)] [r=0 c=0 rs=1 cs=1]
            RenderText {#text} at (11,11) size 114x39
              text run at (11,11) width 114: "This cell has lots of"
              text run at (11,31) width 26: "text."
            RenderBR {BR} at (37,46) size 0x0
            RenderText {#text} at (11,51) size 114x39
              text run at (11,51) width 114: "This cell has lots of"
              text run at (11,71) width 26: "text."
            RenderBR {BR} at (37,86) size 0x0
            RenderText {#text} at (11,91) size 114x39
              text run at (11,91) width 114: "This cell has lots of"
              text run at (11,111) width 26: "text."
            RenderBR {BR} at (37,126) size 0x0
            RenderText {#text} at (11,131) size 114x39
              text run at (11,131) width 114: "This cell has lots of"
              text run at (11,151) width 26: "text."
            RenderBR {BR} at (37,166) size 0x0
            RenderText {#text} at (11,171) size 114x39
              text run at (11,171) width 114: "This cell has lots of"
              text run at (11,191) width 26: "text."
            RenderBR {BR} at (37,206) size 0x0
            RenderText {#text} at (11,211) size 114x39
              text run at (11,211) width 114: "This cell has lots of"
              text run at (11,231) width 26: "text."
            RenderBR {BR} at (37,246) size 0x0
            RenderText {#text} at (11,251) size 114x39
              text run at (11,251) width 114: "This cell has lots of"
              text run at (11,271) width 26: "text."
            RenderBR {BR} at (37,286) size 0x0
            RenderText {#text} at (11,299) size 114x39
              text run at (11,299) width 114: "This cell has lots of"
              text run at (11,319) width 26: "text."
            RenderBR {BR} at (37,334) size 0x0
            RenderText {#text} at (11,339) size 114x39
              text run at (11,339) width 114: "This cell has lots of"
              text run at (11,359) width 26: "text."
            RenderBR {BR} at (37,374) size 0x0
            RenderText {#text} at (11,379) size 114x39
              text run at (11,379) width 114: "This cell has lots of"
              text run at (11,399) width 26: "text."
            RenderBR {BR} at (37,414) size 0x0
            RenderText {#text} at (11,419) size 114x39
              text run at (11,419) width 114: "This cell has lots of"
              text run at (11,439) width 26: "text."
            RenderBR {BR} at (37,454) size 0x0
            RenderText {#text} at (11,459) size 114x39
              text run at (11,459) width 114: "This cell has lots of"
              text run at (11,479) width 26: "text."
            RenderBR {BR} at (37,494) size 0x0
            RenderText {#text} at (11,499) size 114x39
              text run at (11,499) width 114: "This cell has lots of"
              text run at (11,519) width 26: "text."
            RenderBR {BR} at (37,534) size 0x0
            RenderText {#text} at (11,539) size 114x39
              text run at (11,539) width 114: "This cell has lots of"
              text run at (11,559) width 26: "text."
            RenderBR {BR} at (37,574) size 0x0
            RenderText {#text} at (11,579) size 114x39
              text run at (11,579) width 114: "This cell has lots of"
              text run at (11,599) width 26: "text."
            RenderBR {BR} at (37,614) size 0x0
            RenderText {#text} at (11,619) size 114x39
              text run at (11,619) width 114: "This cell has lots of"
              text run at (11,639) width 26: "text."
            RenderBR {BR} at (37,654) size 0x0
            RenderText {#text} at (11,659) size 114x39
              text run at (11,659) width 114: "This cell has lots of"
              text run at (11,679) width 26: "text."
            RenderBR {BR} at (37,694) size 0x0
            RenderText {#text} at (11,699) size 114x39
              text run at (11,699) width 114: "This cell has lots of"
              text run at (11,719) width 26: "text."
            RenderBR {BR} at (37,734) size 0x0
            RenderText {#text} at (11,739) size 114x39
              text run at (11,739) width 114: "This cell has lots of"
              text run at (11,759) width 26: "text."
            RenderBR {BR} at (37,774) size 0x0
            RenderText {#text} at (11,779) size 114x39
              text run at (11,779) width 114: "This cell has lots of"
              text run at (11,799) width 26: "text."
            RenderBR {BR} at (37,814) size 0x0
            RenderText {#text} at (11,819) size 114x39
              text run at (11,819) width 114: "This cell has lots of"
              text run at (11,839) width 26: "text."
            RenderBR {BR} at (37,854) size 0x0
            RenderText {#text} at (11,859) size 114x39
              text run at (11,859) width 114: "This cell has lots of"
              text run at (11,879) width 26: "text."
            RenderBR {BR} at (37,894) size 0x0
            RenderText {#text} at (11,899) size 114x39
              text run at (11,899) width 114: "This cell has lots of"
              text run at (11,919) width 26: "text."
            RenderBR {BR} at (37,934) size 0x0
            RenderText {#text} at (11,939) size 114x39
              text run at (11,939) width 114: "This cell has lots of"
              text run at (11,959) width 26: "text."
            RenderBR {BR} at (37,974) size 0x0
            RenderText {#text} at (11,979) size 114x39
              text run at (11,979) width 114: "This cell has lots of"
              text run at (11,999) width 26: "text."
            RenderBR {BR} at (37,1014) size 0x0
            RenderText {#text} at (11,1019) size 114x39
              text run at (11,1019) width 114: "This cell has lots of"
              text run at (11,1039) width 26: "text."
            RenderBR {BR} at (37,1054) size 0x0
            RenderText {#text} at (11,1059) size 114x39
              text run at (11,1059) width 114: "This cell has lots of"
              text run at (11,1079) width 26: "text."
            RenderBR {BR} at (37,1094) size 0x0
            RenderText {#text} at (11,1099) size 114x39
              text run at (11,1099) width 114: "This cell has lots of"
              text run at (11,1119) width 26: "text."
            RenderBR {BR} at (37,1134) size 0x0
            RenderText {#text} at (11,1139) size 114x39
              text run at (11,1139) width 114: "This cell has lots of"
              text run at (11,1159) width 26: "text."
            RenderBR {BR} at (37,1174) size 0x0
            RenderText {#text} at (11,1179) size 114x39
              text run at (11,1179) width 114: "This cell has lots of"
              text run at (11,1199) width 26: "text."
            RenderBR {BR} at (37,1214) size 0x0
          RenderTableCell {TD} at (136,1057) size 239x230 [border: (1px inset #808080)] [r=0 c=1 rs=1 cs=1]
            RenderInline {SPAN} at (0,0) size 145x204
              RenderText {#text} at (11,12) size 145x204
                text run at (11,12) width 145: "Other"
                text run at (11,143) width 106: "cell."
