layer at (0,0) size 800x600
  RenderView at (0,0) size 800x600
layer at (0,0) size 800x103
  RenderBlock {HTML} at (0,0) size 800x103
    RenderBody {BODY} at (8,16) size 784x79
      RenderBlock {P} at (0,0) size 784x18
        RenderText {#text} at (0,0) size 140x17
          text run at (0,0) width 140: "There must be no red."
layer at (8,50) size 45x45
  RenderBlock (relative positioned) {DIV} at (0,34) size 45x45
    RenderBlock {DIV} at (0,0) size 45x15 [border: none (15px solid #FF0000) none]
    RenderBlock {DIV} at (0,15) size 45x15 [border: none (15px solid #FF0000)]
    RenderBlock {DIV} at (15,30) size 15x15 [bgcolor=#FF0000]
layer at (8,65) size 15x15
  RenderImage {IMG} at (0,15) size 15x15 [bgcolor=#FF0000]
layer at (23,80) size 15x15
  RenderImage {IMG} at (15,30) size 15x15 [bgcolor=#FF0000]
layer at (38,50) size 15x15
  RenderImage {IMG} at (30,0) size 15x15 [bgcolor=#FF0000]
