layer at (0,0) size 800x600
  RenderView at (0,0) size 800x600
layer at (0,0) size 800x50
  RenderBlock {HTML} at (0,0) size 800x50
    RenderBody {BODY} at (8,16) size 784x18
      RenderBlock {P} at (0,0) size 784x18
        RenderText {#text} at (0,0) size 152x17
          text run at (0,0) width 152: "There should be no red."
layer at (8,32) size 100x100
  RenderBlock (positioned) {DIV} at (8,32) size 100x100
layer at (8,64) size 100x100
  RenderBlock (relative positioned) {DIV} at (0,0) size 100x100 [bgcolor=#FF0000]
layer at (8,64) size 100x100
  RenderBlock (positioned) {DIV} at (8,64) size 100x100 [bgcolor=#008000]
