layer at (0,0) size 800x600
  RenderView at (0,0) size 800x600
layer at (0,0) size 800x186
  RenderBlock {HTML} at (0,0) size 800x186
    RenderBody {BODY} at (8,16) size 784x36
      RenderBlock {P} at (0,0) size 784x36
        RenderText {#text} at (0,0) size 108x17
          text run at (0,0) width 108: "There should be "
        RenderInline {STRONG} at (0,0) size 145x17
          RenderText {#text} at (107,0) size 145x17
            text run at (107,0) width 145: "5 filled green squares"
        RenderText {#text} at (251,0) size 189x17
          text run at (251,0) width 189: " with the same width and the "
        RenderInline {STRONG} at (0,0) size 83x17
          RenderText {#text} at (439,0) size 83x17
            text run at (439,0) width 83: "same height"
        RenderText {#text} at (521,0) size 241x17
          text run at (521,0) width 241: ". The 5 filled green squares should be"
        RenderInline {STRONG} at (0,0) size 59x17
          RenderText {#text} at (0,18) size 59x17
            text run at (0,18) width 59: "identical"
        RenderText {#text} at (58,18) size 455x17
          text run at (58,18) width 455: " to each other. This should still remain true even after a window resize."
      RenderBlock {DIV} at (0,52) size 784x0
        RenderImage {IMG} at (0,0) size 118x118
        RenderImage {IMG} at (117,0) size 6x5
        RenderImage {IMG} at (122,0) size 119x118
        RenderImage {IMG} at (240,0) size 6x5
        RenderImage {IMG} at (245,0) size 118x118
        RenderImage {IMG} at (362,0) size 6x5
        RenderImage {IMG} at (367,0) size 119x118
        RenderImage {IMG} at (485,0) size 6x5
        RenderImage {IMG} at (490,0) size 118x118
