layer at (0,0) size 800x600
  RenderView at (0,0) size 800x600
layer at (0,0) size 800x271
  RenderBlock {HTML} at (0,0) size 800x271
    RenderBody {BODY} at (8,8) size 784x255
      RenderBlock {DIV} at (0,0) size 784x18
        RenderText {#text} at (0,0) size 305x17
          text run at (0,0) width 305: "All twenty images should be identically square."
      RenderBlock (anonymous) at (0,18) size 784x237
        RenderInline {P} at (0,0) size 75x17
          RenderImage {IMG} at (0,0) size 75x75
        RenderText {#text} at (75,61) size 4x17
          text run at (75,61) width 4: " "
        RenderText {#text} at (0,0) size 0x0
        RenderInline {P} at (0,0) size 75x17
          RenderImage {IMG} at (79,0) size 75x75
        RenderText {#text} at (154,61) size 4x17
          text run at (154,61) width 4: " "
        RenderText {#text} at (0,0) size 0x0
        RenderInline {P} at (0,0) size 75x17
          RenderImage {IMG} at (158,0) size 75x75
        RenderText {#text} at (233,61) size 4x17
          text run at (233,61) width 4: " "
        RenderText {#text} at (0,0) size 0x0
        RenderInline {P} at (0,0) size 75x17
          RenderImage {IMG} at (237,0) size 75x75
        RenderText {#text} at (312,61) size 4x17
          text run at (312,61) width 4: " "
        RenderText {#text} at (0,0) size 0x0
        RenderInline {P} at (0,0) size 75x17
          RenderImage {IMG} at (316,0) size 75x75
        RenderText {#text} at (391,61) size 4x17
          text run at (391,61) width 4: " "
        RenderText {#text} at (0,0) size 0x0
        RenderInline {P} at (0,0) size 75x17
          RenderImage {IMG} at (395,0) size 75x75
        RenderText {#text} at (470,61) size 4x17
          text run at (470,61) width 4: " "
        RenderText {#text} at (0,0) size 0x0
        RenderInline {P} at (0,0) size 75x17
          RenderImage {IMG} at (474,0) size 75x75
        RenderText {#text} at (549,61) size 4x17
          text run at (549,61) width 4: " "
        RenderText {#text} at (0,0) size 0x0
        RenderInline {P} at (0,0) size 75x17
          RenderImage {IMG} at (553,0) size 75x75
        RenderText {#text} at (628,61) size 4x17
          text run at (628,61) width 4: " "
        RenderText {#text} at (0,0) size 0x0
        RenderInline {P} at (0,0) size 75x17
          RenderImage {IMG} at (632,0) size 75x75
        RenderText {#text} at (0,0) size 0x0
        RenderText {#text} at (0,0) size 0x0
        RenderInline {P} at (0,0) size 75x17
          RenderImage {IMG} at (0,79) size 75x75
        RenderText {#text} at (75,140) size 4x17
          text run at (75,140) width 4: " "
        RenderText {#text} at (0,0) size 0x0
        RenderInline {P} at (0,0) size 75x17
          RenderImage {IMG} at (79,79) size 75x75
        RenderText {#text} at (154,140) size 4x17
          text run at (154,140) width 4: " "
        RenderText {#text} at (0,0) size 0x0
        RenderInline {P} at (0,0) size 75x17
          RenderImage {IMG} at (158,79) size 75x75
        RenderText {#text} at (233,140) size 4x17
          text run at (233,140) width 4: " "
        RenderText {#text} at (0,0) size 0x0
        RenderInline {P} at (0,0) size 75x17
          RenderImage {IMG} at (237,79) size 75x75
        RenderText {#text} at (312,140) size 4x17
          text run at (312,140) width 4: " "
        RenderText {#text} at (0,0) size 0x0
        RenderInline {P} at (0,0) size 75x17
          RenderImage {IMG} at (316,79) size 75x75
        RenderText {#text} at (391,140) size 4x17
          text run at (391,140) width 4: " "
        RenderText {#text} at (0,0) size 0x0
        RenderInline {P} at (0,0) size 75x17
          RenderImage {IMG} at (395,79) size 75x75
        RenderText {#text} at (470,140) size 4x17
          text run at (470,140) width 4: " "
        RenderText {#text} at (0,0) size 0x0
        RenderInline {P} at (0,0) size 75x17
          RenderImage {IMG} at (474,79) size 75x75
        RenderText {#text} at (549,140) size 4x17
          text run at (549,140) width 4: " "
        RenderText {#text} at (0,0) size 0x0
        RenderInline {P} at (0,0) size 75x17
          RenderImage {IMG} at (553,79) size 75x75
        RenderText {#text} at (628,140) size 4x17
          text run at (628,140) width 4: " "
        RenderText {#text} at (0,0) size 0x0
        RenderInline {P} at (0,0) size 75x17
          RenderImage {IMG} at (632,79) size 75x75
        RenderText {#text} at (0,0) size 0x0
        RenderText {#text} at (0,0) size 0x0
        RenderInline {P} at (0,0) size 75x17
          RenderImage {IMG} at (0,158) size 75x75
        RenderText {#text} at (75,219) size 4x17
          text run at (75,219) width 4: " "
        RenderText {#text} at (0,0) size 0x0
        RenderInline {P} at (0,0) size 75x17
          RenderImage {IMG} at (79,158) size 75x75
        RenderText {#text} at (0,0) size 0x0
        RenderText {#text} at (0,0) size 0x0
