layer at (0,0) size 800x600
  RenderView at (0,0) size 800x600
layer at (0,0) size 800x172
  RenderBlock {HTML} at (0,0) size 800x172
    RenderBody {BODY} at (8,16) size 784x140
      RenderBlock {P} at (0,0) size 784x18
        RenderText {#text} at (0,0) size 597x17
          text run at (0,0) width 597: "Below, there should be 2 orange boxes horizontally centered within their respective green bars."
      RenderBlock {DIV} at (16,34) size 752x45 [bgcolor=#008000]
        RenderBlock (anonymous) at (0,0) size 752x18
          RenderText {#text} at (0,0) size 36x17
            text run at (0,0) width 36: "         "
        RenderButton {INPUT} at (368,18) size 16x27 [color=#000000CC] [bgcolor=#FFA500] [border: (2px outset #C0C0C0)]
      RenderBlock {FORM} at (0,95) size 784x45
        RenderBlock {DIV} at (16,0) size 752x45 [bgcolor=#008000]
          RenderBlock (anonymous) at (0,0) size 752x18
            RenderText {#text} at (0,0) size 36x17
              text run at (0,0) width 36: "         "
          RenderButton {INPUT} at (368,18) size 16x27 [color=#000000CC] [bgcolor=#FFA500] [border: (2px outset #C0C0C0)]
