layer at (0,0) size 800x600
  RenderView at (0,0) size 800x600
layer at (0,0) size 800x158
  RenderBlock {HTML} at (0,0) size 800x158
    RenderBody {BODY} at (8,16) size 784x134
      RenderBlock {P} at (0,0) size 784x18
        RenderText {#text} at (0,0) size 396x17
          text run at (0,0) width 396: "Test passes if the bottom of the \"Filler Text\" below is aligned."
      RenderTable {TABLE} at (0,34) size 349x100
        RenderTableSection {TBODY} at (0,0) size 349x100
          RenderTableRow {TR} at (0,2) size 349x96
            RenderTableCell {TD} at (2,27) size 57x18 [r=0 c=0 rs=1 cs=1]
              RenderBlock {DIV} at (1,1) size 55x16
                RenderText {#text} at (0,0) size 55x15
                  text run at (0,0) width 55: "Filler Text"
            RenderTableCell {TD} at (60,15) size 116x33 [r=0 c=1 rs=1 cs=1]
              RenderBlock {DIV} at (1,1) size 113x31
                RenderText {#text} at (0,0) size 113x30
                  text run at (0,0) width 113: "Filler Text"
            RenderTableCell {TD} at (177,2) size 170x49 [r=0 c=2 rs=1 cs=1]
              RenderBlock {DIV} at (1,1) size 168x47
                RenderText {#text} at (0,1) size 168x45
                  text run at (0,1) width 168: "Filler Text"
