layer at (0,0) size 785x620
  RenderView at (0,0) size 785x600
layer at (0,0) size 785x620
  RenderBlock {HTML} at (0,0) size 785x620
    RenderBody {BODY} at (8,8) size 769x604
      RenderTable {TABLE} at (0,0) size 72x32 [border: (2px solid #FF0000)]
        RenderTableSection {TBODY} at (2,2) size 68x28
          RenderTableRow {TR} at (0,2) size 68x24
            RenderTableCell {TD} at (2,2) size 30x24 [border: (1px inset #FF0000)] [r=0 c=0 rs=1 cs=1]
              RenderText {#text} at (2,2) size 26x19
                text run at (2,2) width 26: "One"
            RenderTableCell {TD} at (34,2) size 32x24 [border: (1px inset #FF0000)] [r=0 c=1 rs=1 cs=1]
              RenderText {#text} at (2,2) size 28x19
                text run at (2,2) width 28: "Two"
      RenderBlock (anonymous) at (0,32) size 769x20
        RenderBR {BR} at (0,0) size 0x19
      RenderTable {TABLE} at (0,52) size 74x34 [border: (3px solid #FF0000)]
        RenderTableSection {TBODY} at (3,3) size 68x28
          RenderTableRow {TR} at (0,2) size 68x24
            RenderTableCell {TD} at (2,2) size 30x24 [border: (1px inset #FF0000)] [r=0 c=0 rs=1 cs=1]
              RenderText {#text} at (2,2) size 26x19
                text run at (2,2) width 26: "One"
            RenderTableCell {TD} at (34,2) size 32x24 [border: (1px inset #FF0000)] [r=0 c=1 rs=1 cs=1]
              RenderText {#text} at (2,2) size 28x19
                text run at (2,2) width 28: "Two"
      RenderTable {TABLE} at (0,86) size 61x30 [border: (1px outset #808080)]
        RenderTableSection {TBODY} at (1,1) size 59x28
          RenderTableRow {TR} at (0,2) size 59x24
            RenderTableCell {TD} at (2,2) size 26x24 [border: (1px inset #808080)] [r=0 c=0 rs=1 cs=1]
              RenderText {#text} at (2,2) size 22x19
                text run at (2,2) width 22: "one"
            RenderTableCell {TD} at (30,2) size 27x24 [border: (1px inset #808080)] [r=0 c=1 rs=1 cs=1]
              RenderText {#text} at (2,2) size 23x19
                text run at (2,2) width 23: "two"
      RenderBlock (anonymous) at (0,116) size 769x20
        RenderBR {BR} at (0,0) size 0x19
      RenderTable {TABLE} at (0,136) size 66x26
        RenderTableSection {TBODY} at (0,0) size 66x26
          RenderTableRow {TR} at (0,2) size 66x22
            RenderTableCell {TD} at (2,2) size 17x22 [r=0 c=0 rs=1 cs=1]
              RenderText {#text} at (1,1) size 15x19
                text run at (1,1) width 15: "no"
            RenderTableCell {TD} at (21,2) size 43x22 [r=0 c=1 rs=1 cs=1]
              RenderText {#text} at (1,1) size 41x19
                text run at (1,1) width 41: "border"
      RenderBlock (anonymous) at (0,162) size 769x20
        RenderText {#text} at (0,0) size 61x19
          text run at (0,0) width 61: "This table:"
      RenderTable {TABLE} at (0,182) size 70x30 [border: (1px solid #FF0000)]
        RenderTableSection {TBODY} at (1,1) size 68x28
          RenderTableRow {TR} at (0,2) size 68x24
            RenderTableCell {TD} at (2,2) size 30x24 [border: (1px inset #FF0000)] [r=0 c=0 rs=1 cs=1]
              RenderText {#text} at (2,2) size 26x19
                text run at (2,2) width 26: "One"
            RenderTableCell {TD} at (34,2) size 32x24 [border: (1px inset #FF0000)] [r=0 c=1 rs=1 cs=1]
              RenderText {#text} at (2,2) size 28x19
                text run at (2,2) width 28: "Two"
      RenderBlock (anonymous) at (0,212) size 769x40
        RenderBR {BR} at (0,0) size 0x19
        RenderText {#text} at (0,20) size 176x19
          text run at (0,20) width 176: "Should look just like this one:"
      RenderTable {TABLE} at (0,252) size 72x32 [border: (2px outset #808080)]
        RenderTableSection {TBODY} at (2,2) size 68x28
          RenderTableRow {TR} at (0,2) size 68x24
            RenderTableCell {TD} at (2,2) size 30x24 [border: (1px inset #808080)] [r=0 c=0 rs=1 cs=1]
              RenderText {#text} at (2,2) size 26x19
                text run at (2,2) width 26: "One"
            RenderTableCell {TD} at (34,2) size 32x24 [border: (1px inset #808080)] [r=0 c=1 rs=1 cs=1]
              RenderText {#text} at (2,2) size 28x19
                text run at (2,2) width 28: "Two"
      RenderBlock (anonymous) at (0,284) size 769x20
        RenderBR {BR} at (0,0) size 0x19
      RenderTable {TABLE} at (0,304) size 61x30 [border: (1px solid #FF0000)]
        RenderTableSection {TBODY} at (1,1) size 59x28
          RenderTableRow {TR} at (0,2) size 59x24
            RenderTableCell {TD} at (2,2) size 26x24 [border: (1px solid #008000)] [r=0 c=0 rs=1 cs=1]
              RenderText {#text} at (2,2) size 22x19
                text run at (2,2) width 22: "one"
            RenderTableCell {TD} at (30,2) size 27x24 [border: (1px solid #FF0000)] [r=0 c=1 rs=1 cs=1]
              RenderText {#text} at (2,2) size 23x19
                text run at (2,2) width 23: "two"
      RenderBlock (anonymous) at (0,334) size 769x20
        RenderBR {BR} at (0,0) size 0x19
      RenderTable {TABLE} at (0,354) size 99x56 [border: (1px solid #FF0000)]
        RenderTableSection {TBODY} at (1,1) size 97x54
          RenderTableRow {TR} at (0,2) size 97x24
            RenderTableCell {TD} at (2,2) size 28x24 [border: (1px solid #008000)] [r=0 c=0 rs=1 cs=1]
              RenderText {#text} at (2,2) size 22x19
                text run at (2,2) width 22: "one"
            RenderTableCell {TD} at (32,2) size 27x24 [border: (1px solid #FF0000)] [r=0 c=1 rs=1 cs=1]
              RenderText {#text} at (2,2) size 23x19
                text run at (2,2) width 23: "two"
            RenderTableCell {TD} at (61,2) size 34x24 [border: (1px solid #0000FF)] [r=0 c=2 rs=1 cs=1]
              RenderText {#text} at (2,2) size 30x19
                text run at (2,2) width 30: "three"
          RenderTableRow {TR} at (0,28) size 97x24
            RenderTableCell {TD} at (2,28) size 28x24 [border: (1px solid #008000)] [r=1 c=0 rs=1 cs=1]
              RenderText {#text} at (2,2) size 24x19
                text run at (2,2) width 24: "four"
            RenderTableCell {TD} at (32,28) size 27x24 [border: (1px solid #FFFF00)] [r=1 c=1 rs=1 cs=1]
              RenderText {#text} at (2,2) size 21x19
                text run at (2,2) width 21: "five"
            RenderTableCell {TD} at (61,28) size 34x24 [border: (1px solid #FFA500)] [r=1 c=2 rs=1 cs=1]
              RenderText {#text} at (2,2) size 16x19
                text run at (2,2) width 16: "six"
      RenderBlock (anonymous) at (0,410) size 769x20
        RenderBR {BR} at (0,0) size 0x19
      RenderTable {TABLE} at (0,430) size 99x56 [border: (1px solid #FF0000)]
        RenderTableSection {TBODY} at (1,1) size 97x54
          RenderTableRow {TR} at (0,2) size 97x24
            RenderTableCell {TD} at (2,2) size 28x24 [border: (1px solid #008000)] [r=0 c=0 rs=1 cs=1]
              RenderText {#text} at (2,2) size 22x19
                text run at (2,2) width 22: "one"
            RenderTableCell {TD} at (32,2) size 27x24 [border: (1px solid #FF0000)] [r=0 c=1 rs=1 cs=1]
              RenderText {#text} at (2,2) size 23x19
                text run at (2,2) width 23: "two"
            RenderTableCell {TD} at (61,2) size 34x24 [border: (1px solid #0000FF)] [r=0 c=2 rs=1 cs=1]
              RenderText {#text} at (2,2) size 30x19
                text run at (2,2) width 30: "three"
          RenderTableRow {TR} at (0,28) size 97x24
            RenderTableCell {TD} at (2,28) size 28x24 [border: (1px solid #008000)] [r=1 c=0 rs=1 cs=1]
              RenderText {#text} at (2,2) size 24x19
                text run at (2,2) width 24: "four"
            RenderTableCell {TD} at (32,28) size 27x24 [border: (1px solid #FFFF00)] [r=1 c=1 rs=1 cs=1]
              RenderText {#text} at (2,2) size 21x19
                text run at (2,2) width 21: "five"
            RenderTableCell {TD} at (61,28) size 34x24 [border: (1px solid #FFA500)] [r=1 c=2 rs=1 cs=1]
              RenderText {#text} at (2,2) size 16x19
                text run at (2,2) width 16: "six"
      RenderBlock (anonymous) at (0,486) size 769x20
        RenderBR {BR} at (0,0) size 0x19
      RenderTable {TABLE} at (0,506) size 64x38 [border: (5px outset #808080)]
        RenderTableSection {TBODY} at (5,5) size 54x28
          RenderTableRow {TR} at (0,2) size 54x24
            RenderTableCell {TD} at (2,2) size 24x24 [border: (1px inset #808080)] [r=0 c=0 rs=1 cs=1]
              RenderText {#text} at (2,2) size 20x19
                text run at (2,2) width 20: "foo"
            RenderTableCell {TD} at (28,2) size 24x24 [border: (1px inset #808080)] [r=0 c=1 rs=1 cs=1]
              RenderText {#text} at (2,2) size 20x19
                text run at (2,2) width 20: "bar"
      RenderBlock (anonymous) at (0,544) size 769x20
        RenderBR {BR} at (0,0) size 0x19
      RenderTable {TABLE} at (0,564) size 68x40 [border: (5px outset #808080)]
        RenderTableSection {TBODY} at (5,5) size 58x30
          RenderTableRow {TR} at (0,2) size 58x26
            RenderTableCell {TD} at (2,2) size 26x26 [border: (2px solid #FF0000)] [r=0 c=0 rs=1 cs=1]
              RenderText {#text} at (3,3) size 20x19
                text run at (3,3) width 20: "foo"
            RenderTableCell {TD} at (30,2) size 26x26 [border: (2px solid #FF0000)] [r=0 c=1 rs=1 cs=1]
              RenderText {#text} at (3,3) size 20x19
                text run at (3,3) width 20: "bar"
