layer at (0,0) size 800x600
  RenderView at (0,0) size 800x600
layer at (0,0) size 800x600
  RenderBlock {HTML} at (0,0) size 800x600
    RenderBody {BODY} at (8,8) size 784x584
      RenderTable {TABLE} at (0,0) size 100x114 [bgcolor=#0000FF] [border: (20px solid #000000)]
        RenderTableSection {TBODY} at (30,30) size 40x54
          RenderTableRow {TR} at (0,2) size 40x24
            RenderTableCell {TD} at (2,2) size 36x24 [border: (1px inset #000000)] [r=0 c=0 rs=1 cs=1]
              RenderText {#text} at (2,2) size 20x19
                text run at (2,2) width 20: "foo"
          RenderTableRow {TR} at (0,28) size 40x24
            RenderTableCell {TD} at (2,28) size 36x24 [border: (1px inset #000000)] [r=1 c=0 rs=1 cs=1]
              RenderText {#text} at (2,2) size 20x19
                text run at (2,2) width 20: "bar"
      RenderBlock (anonymous) at (0,114) size 784x20
        RenderBR {BR} at (0,0) size 0x19
      RenderTable {TABLE} at (0,134) size 100x114 [bgcolor=#0000FF] [border: (20px solid #000000)]
        RenderTableSection {TBODY} at (30,30) size 40x54
          RenderTableRow {TR} at (0,2) size 40x24
            RenderTableCell {TD} at (2,2) size 36x24 [border: (1px inset #000000)] [r=0 c=0 rs=1 cs=1]
              RenderText {#text} at (2,2) size 20x19
                text run at (2,2) width 20: "foo"
          RenderTableRow {TR} at (0,28) size 40x24
            RenderTableCell {TD} at (2,28) size 36x24 [border: (1px inset #000000)] [r=1 c=0 rs=1 cs=1]
              RenderText {#text} at (2,2) size 20x19
                text run at (2,2) width 20: "bar"
      RenderBlock (anonymous) at (0,248) size 784x20
        RenderBR {BR} at (0,0) size 0x19
      RenderTable {TABLE} at (0,268) size 100x114 [bgcolor=#0000FF] [border: (20px solid #000000)]
        RenderTableSection {TBODY} at (30,30) size 40x54
          RenderTableRow {TR} at (0,2) size 40x24
            RenderTableCell {TD} at (2,2) size 36x24 [border: (1px inset #000000)] [r=0 c=0 rs=1 cs=1]
              RenderText {#text} at (2,2) size 20x19
                text run at (2,2) width 20: "foo"
          RenderTableRow {TR} at (0,28) size 40x24
            RenderTableCell {TD} at (2,28) size 36x24 [border: (1px inset #000000)] [r=1 c=0 rs=1 cs=1]
              RenderText {#text} at (2,2) size 20x19
                text run at (2,2) width 20: "bar"
