layer at (0,0) size 785x4366
  RenderView at (0,0) size 785x600
layer at (0,0) size 785x4366
  RenderBlock {HTML} at (0,0) size 785x4367
    RenderBody {BODY} at (8,8) size 769x4351
      RenderTable {TABLE} at (0,0) size 39x584 [bgcolor=#0000FF] [border: (1px outset #808080)]
        RenderTableSection {TBODY} at (1,1) size 37x582
          RenderTableRow {TR} at (0,2) size 37x115
            RenderTableCell {TD} at (2,47) size 33x25 [border: (1px inset #808080)] [r=0 c=0 rs=1 cs=1]
              RenderText {#text} at (2,1) size 29x20
                text run at (2,2) width 29: "20%"
          RenderTableRow {TR} at (0,118) size 37x462
            RenderTableCell {TD} at (2,337) size 33x25 [border: (1px inset #808080)] [r=1 c=0 rs=1 cs=1]
              RenderText {#text} at (2,2) size 29x20
                text run at (2,3) width 29: "80%"
      RenderBlock (anonymous) at (0,584) size 769x20
        RenderBR {BR} at (0,0) size 0x19
      RenderTable {TABLE} at (0,604) size 54x108 [bgcolor=#0000FF] [border: (1px outset #808080)]
        RenderTableSection {TBODY} at (1,1) size 52x106
          RenderTableRow {TR} at (0,2) size 52x50
            RenderTableCell {TD} at (2,15) size 48x24 [border: (1px inset #808080)] [r=0 c=0 rs=1 cs=1]
              RenderText {#text} at (2,2) size 44x19
                text run at (2,2) width 44: "row 50"
          RenderTableRow {TR} at (0,54) size 52x50
            RenderTableCell {TD} at (2,67) size 48x24 [border: (1px inset #808080)] [r=1 c=0 rs=1 cs=1]
              RenderText {#text} at (2,2) size 16x19
                text run at (2,2) width 16: "50"
      RenderBlock (anonymous) at (0,712) size 769x20
        RenderBR {BR} at (0,0) size 0x19
      RenderTable {TABLE} at (0,732) size 26x122 [bgcolor=#0000FF] [border: (1px outset #808080)]
        RenderTableSection {TBODY} at (1,1) size 24x120
          RenderTableRow {TR} at (0,2) size 24x64
            RenderTableCell {TD} at (2,2) size 20x64 [border: (1px inset #808080)] [r=0 c=0 rs=1 cs=1]
              RenderText {#text} at (2,2) size 8x59
                text run at (2,2) width 8: "5"
                text run at (2,22) width 8: "5"
                text run at (2,42) width 8: "5"
          RenderTableRow {TR} at (0,68) size 24x50
            RenderTableCell {TD} at (2,81) size 20x24 [border: (1px inset #808080)] [r=1 c=0 rs=1 cs=1]
              RenderText {#text} at (2,2) size 16x19
                text run at (2,2) width 16: "50"
      RenderTable {TABLE} at (0,854) size 34x258 [bgcolor=#0000FF] [border: (1px outset #808080)]
        RenderTableSection {TBODY} at (1,1) size 32x256
          RenderTableRow {TR} at (0,2) size 32x200
            RenderTableCell {TD} at (2,90) size 28x24 [border: (1px inset #808080)] [r=0 c=0 rs=1 cs=1]
              RenderText {#text} at (2,2) size 24x19
                text run at (2,2) width 24: "200"
          RenderTableRow {TR} at (0,204) size 32x50
            RenderTableCell {TD} at (2,217) size 28x24 [border: (1px inset #808080)] [r=1 c=0 rs=1 cs=1]
              RenderText {#text} at (2,2) size 16x19
                text run at (2,2) width 16: "50"
      RenderBlock (anonymous) at (0,1112) size 769x20
        RenderBR {BR} at (0,0) size 0x19
      RenderTable {TABLE} at (0,1132) size 34x258 [bgcolor=#0000FF] [border: (1px outset #808080)]
        RenderTableSection {TBODY} at (1,1) size 32x256
          RenderTableRow {TR} at (0,2) size 32x200
            RenderTableCell {TD} at (2,90) size 28x24 [border: (1px inset #808080)] [r=0 c=0 rs=1 cs=1]
              RenderText {#text} at (2,2) size 24x19
                text run at (2,2) width 24: "200"
          RenderTableRow {TR} at (0,204) size 32x50
            RenderTableCell {TD} at (2,217) size 28x24 [border: (1px inset #808080)] [r=1 c=0 rs=1 cs=1]
              RenderText {#text} at (2,2) size 16x19
                text run at (2,2) width 16: "50"
      RenderBlock (anonymous) at (0,1390) size 769x20
        RenderBR {BR} at (0,0) size 0x19
      RenderTable {TABLE} at (0,1410) size 64x208 [bgcolor=#FFA500] [border: (1px outset #808080)]
        RenderTableSection {TBODY} at (1,1) size 62x206
          RenderTableRow {TR} at (0,2) size 62x100
            RenderTableCell {TD} at (2,91) size 28x24 [border: (1px inset #808080)] [r=0 c=0 rs=2 cs=1]
              RenderText {#text} at (2,2) size 24x19
                text run at (2,2) width 24: "100"
            RenderTableCell {TD} at (32,40) size 28x24 [border: (1px inset #808080)] [r=0 c=1 rs=1 cs=1]
              RenderText {#text} at (2,2) size 24x19
                text run at (2,2) width 24: "100"
          RenderTableRow {TR} at (0,104) size 62x100
            RenderTableCell {TD} at (32,122) size 28x64 [border: (1px inset #808080)] [r=1 c=1 rs=1 cs=1]
              RenderText {#text} at (2,2) size 24x59
                text run at (2,2) width 24: "100"
                text run at (2,22) width 24: "100"
                text run at (2,42) width 24: "100"
      RenderBlock (anonymous) at (0,1618) size 769x20
        RenderBR {BR} at (0,0) size 0x19
      RenderTable {TABLE} at (0,1638) size 47x30 [bgcolor=#FFFF00] [border: (1px outset #808080)]
        RenderTableSection {TBODY} at (1,1) size 45x28
          RenderTableRow {TR} at (0,2) size 45x24
            RenderTableCell {TD} at (2,2) size 41x24 [border: (1px inset #808080)] [r=0 c=0 rs=1 cs=1]
              RenderText {#text} at (2,2) size 37x19
                text run at (2,2) width 37: "100%"
      RenderBlock (anonymous) at (0,1668) size 769x20
        RenderBR {BR} at (0,0) size 0x19
      RenderTable {TABLE} at (0,1688) size 39x584 [bgcolor=#FFA500] [border: (1px outset #808080)]
        RenderTableSection {TBODY} at (1,1) size 37x582
          RenderTableRow {TR} at (0,2) size 37x115
            RenderTableCell {TD} at (2,47) size 33x25 [border: (1px inset #808080)] [r=0 c=0 rs=1 cs=1]
              RenderText {#text} at (2,1) size 29x20
                text run at (2,2) width 29: "20%"
          RenderTableRow {TR} at (0,118) size 37x462
            RenderTableCell {TD} at (2,337) size 33x25 [border: (1px inset #808080)] [r=1 c=0 rs=1 cs=1]
              RenderText {#text} at (2,2) size 29x20
                text run at (2,3) width 29: "80%"
      RenderBlock (anonymous) at (0,2272) size 769x20
        RenderBR {BR} at (0,0) size 0x19
      RenderTable {TABLE} at (0,2292) size 61x206 [bgcolor=#808080] [border: (1px outset #808080)]
        RenderTableSection {TBODY} at (1,1) size 59x204
          RenderTableRow {TR} at (0,2) size 59x200
            RenderTableCell {TD} at (2,90) size 25x24 [border: (1px inset #808080)] [r=0 c=0 rs=1 cs=1]
              RenderText {#text} at (2,2) size 21x19
                text run at (2,2) width 21: "5%"
            RenderTableCell {TD} at (29,90) size 28x24 [border: (1px inset #808080)] [r=0 c=1 rs=1 cs=1]
              RenderText {#text} at (2,2) size 24x19
                text run at (2,2) width 24: "200"
      RenderBlock (anonymous) at (0,2498) size 769x20
        RenderBR {BR} at (0,0) size 0x19
      RenderTable {TABLE} at (0,2518) size 61x199 [bgcolor=#FFA500] [border: (1px outset #808080)]
        RenderTableSection {TBODY} at (1,1) size 59x197
          RenderTableRow {TR} at (0,2) size 59x193
            RenderTableCell {TD} at (2,86) size 33x25 [border: (1px inset #808080)] [r=0 c=0 rs=1 cs=1]
              RenderText {#text} at (2,1) size 29x20
                text run at (2,2) width 29: "50%"
            RenderTableCell {TD} at (37,86) size 20x25 [border: (1px inset #808080)] [r=0 c=1 rs=1 cs=1]
              RenderText {#text} at (2,1) size 16x20
                text run at (2,2) width 16: "20"
      RenderBlock (anonymous) at (0,2716) size 769x21
        RenderBR {BR} at (0,0) size 0x19
      RenderTable {TABLE} at (0,2736) size 39x585 [border: (1px outset #808080)]
        RenderTableSection {TBODY} at (1,1) size 37x582
          RenderTableRow {TR} at (0,2) size 37x500
            RenderTableCell {TD} at (2,240) size 33x24 [border: (1px inset #808080)] [r=0 c=0 rs=1 cs=1]
              RenderText {#text} at (2,2) size 24x19
                text run at (2,2) width 24: "500"
          RenderTableRow {TR} at (0,504) size 37x76
            RenderTableCell {TD} at (2,530) size 33x24 [border: (1px inset #808080)] [r=1 c=0 rs=1 cs=1]
              RenderText {#text} at (2,2) size 29x19
                text run at (2,2) width 29: "80%"
      RenderBlock (anonymous) at (0,3320) size 769x21
        RenderBR {BR} at (0,0) size 0x19
      RenderTable {TABLE} at (0,3340) size 100x585 [bgcolor=#FF0000] [border: (1px outset #808080)]
        RenderTableSection {TBODY} at (1,1) size 98x582
          RenderTableRow {TR} at (0,2) size 98x42
            RenderTableCell {TD} at (2,257) size 30x25 [border: (1px inset #808080)] [r=0 c=0 rs=2 cs=1]
              RenderText {#text} at (2,1) size 24x20
                text run at (2,2) width 24: "500"
            RenderTableCell {TD} at (34,10) size 30x25 [border: (1px inset #808080)] [r=0 c=1 rs=1 cs=1]
              RenderText {#text} at (2,2) size 26x20
                text run at (2,3) width 26: "auto"
          RenderTableRow {TR} at (0,45) size 98x492
            RenderTableCell {TD} at (34,278) size 30x25 [border: (1px inset #808080)] [r=1 c=1 rs=1 cs=1]
              RenderText {#text} at (2,2) size 26x20
                text run at (2,3) width 26: "auto"
            RenderTableCell {TD} at (66,278) size 30x25 [border: (1px inset #808080)] [r=1 c=2 rs=1 cs=1]
              RenderText {#text} at (2,2) size 26x20
                text run at (2,3) width 26: "auto"
          RenderTableRow {TR} at (0,538) size 98x42
            RenderTableCell {TD} at (2,547) size 30x25 [border: (1px inset #808080)] [r=2 c=0 rs=1 cs=1]
              RenderText {#text} at (2,2) size 26x20
                text run at (2,3) width 26: "auto"
            RenderTableCell {TD} at (34,547) size 30x25 [border: (1px inset #808080)] [r=2 c=1 rs=1 cs=1]
              RenderText {#text} at (2,2) size 26x20
                text run at (2,3) width 26: "auto"
      RenderBlock (anonymous) at (0,3924) size 769x21
        RenderBR {BR} at (0,0) size 0x19
      RenderTable {TABLE} at (0,3944) size 53x407 [bgcolor=#FFA500] [border: (1px outset #808080)]
        RenderTableSection {TBODY} at (1,1) size 51x404
          RenderTableRow {TR} at (0,2) size 51x400
            RenderTableCell {TD} at (2,2) size 47x400 [border: (1px inset #808080)] [r=0 c=0 rs=1 cs=1]
              RenderTable {TABLE} at (2,2) size 43x396 [bgcolor=#0000FF]
                RenderTableSection {TBODY} at (0,0) size 43x396
                  RenderTableRow {TR} at (0,2) size 43x392
                    RenderTableCell {TD} at (2,187) size 39x22 [r=0 c=0 rs=1 cs=1]
                      RenderText {#text} at (1,1) size 37x19
                        text run at (1,1) width 37: "100%"
