layer at (0,0) size 785x1050
  RenderView at (0,0) size 785x600
layer at (0,0) size 785x1050
  RenderBlock {HTML} at (0,0) size 785x1050
    RenderBody {BODY} at (8,8) size 769x1034
      RenderBlock (anonymous) at (0,0) size 769x20
        RenderText {#text} at (0,0) size 298x19
          text run at (0,0) width 298: "fixed table - percentage width cell honored to min"
      RenderTable {TABLE} at (0,20) size 300x30 [border: (1px outset #808080)]
        RenderTableSection {TBODY} at (1,1) size 298x28
          RenderTableRow {TR} at (0,2) size 298x24
            RenderTableCell {TD} at (2,2) size 24x24 [border: (1px inset #808080)] [r=0 c=0 rs=1 cs=1]
              RenderText {#text} at (2,2) size 20x19
                text run at (2,2) width 20: "foo"
            RenderTableCell {TD} at (28,2) size 268x24 [border: (1px inset #808080)] [r=0 c=1 rs=1 cs=1]
              RenderText {#text} at (2,2) size 20x19
                text run at (2,2) width 20: "foo"
      RenderBlock (anonymous) at (0,50) size 769x40
        RenderBR {BR} at (0,0) size 0x19
        RenderText {#text} at (0,20) size 324x19
          text run at (0,20) width 324: "fixed table - percentage cells allocated left to rigth first"
      RenderTable {TABLE} at (0,90) size 300x50 [border: (1px outset #808080)]
        RenderTableSection {TBODY} at (1,1) size 298x48
          RenderTableRow {TR} at (0,2) size 298x44
            RenderTableCell {TD} at (2,2) size 43x44 [border: (1px inset #808080)] [r=0 c=0 rs=1 cs=1]
              RenderText {#text} at (2,2) size 39x39
                text run at (2,2) width 39: "100px"
                text run at (2,22) width 39: "100px"
            RenderTableCell {TD} at (47,12) size 124x24 [border: (1px inset #808080)] [r=0 c=1 rs=1 cs=1]
              RenderText {#text} at (2,2) size 29x19
                text run at (2,2) width 29: "50%"
            RenderTableCell {TD} at (172,12) size 124x24 [border: (1px inset #808080)] [r=0 c=2 rs=1 cs=1]
              RenderText {#text} at (2,2) size 29x19
                text run at (2,2) width 29: "50%"
      RenderBlock (anonymous) at (0,140) size 769x40
        RenderBR {BR} at (0,0) size 0x19
        RenderText {#text} at (0,20) size 482x19
          text run at (0,20) width 482: "fixed table - percentage cells allocated left to rigth first allocated from left to right"
      RenderTable {TABLE} at (0,180) size 300x50 [border: (1px outset #808080)]
        RenderTableSection {TBODY} at (1,1) size 298x48
          RenderTableRow {TR} at (0,2) size 298x44
            RenderTableCell {TD} at (2,2) size 43x44 [border: (1px inset #808080)] [r=0 c=0 rs=1 cs=1]
              RenderText {#text} at (2,2) size 39x39
                text run at (2,2) width 39: "100px"
                text run at (2,22) width 39: "100px"
            RenderTableCell {TD} at (47,12) size 214x24 [border: (1px inset #808080)] [r=0 c=1 rs=1 cs=1]
              RenderText {#text} at (2,2) size 29x19
                text run at (2,2) width 29: "95%"
            RenderTableCell {TD} at (263,12) size 33x24 [border: (1px inset #808080)] [r=0 c=2 rs=1 cs=1]
              RenderText {#text} at (2,2) size 29x19
                text run at (2,2) width 29: "95%"
      RenderBlock (anonymous) at (0,230) size 769x40
        RenderBR {BR} at (0,0) size 0x19
        RenderText {#text} at (0,20) size 324x19
          text run at (0,20) width 324: "fixed table - percentage cells allocated left to rigth first"
      RenderTable {TABLE} at (0,270) size 200x66 [border: (1px outset #808080)]
        RenderTableSection {TBODY} at (1,1) size 198x64
          RenderTableRow {TR} at (0,10) size 198x44
            RenderTableCell {TD} at (10,10) size 84x44 [border: (1px inset #808080)] [r=0 c=0 rs=1 cs=1]
              RenderText {#text} at (2,2) size 39x39
                text run at (2,2) width 39: "100px"
                text run at (2,22) width 39: "100px"
            RenderTableCell {TD} at (104,20) size 84x24 [border: (1px inset #808080)] [r=0 c=1 rs=1 cs=1]
              RenderText {#text} at (2,2) size 29x19
                text run at (2,2) width 29: "50%"
      RenderBlock (anonymous) at (0,336) size 769x40
        RenderBR {BR} at (0,0) size 0x19
        RenderText {#text} at (0,20) size 324x19
          text run at (0,20) width 324: "fixed table - percentage cells allocated left to right first"
      RenderTable {TABLE} at (0,376) size 200x86 [border: (1px outset #808080)]
        RenderTableSection {TBODY} at (1,1) size 198x84
          RenderTableRow {TR} at (0,10) size 198x64
            RenderTableCell {TD} at (10,20) size 43x44 [border: (1px inset #808080)] [r=0 c=0 rs=1 cs=1]
              RenderText {#text} at (2,2) size 39x39
                text run at (2,2) width 39: "100px"
                text run at (2,22) width 39: "100px"
            RenderTableCell {TD} at (63,10) size 58x64 [border: (1px inset #808080)] [r=0 c=1 rs=1 cs=1]
              RenderText {#text} at (2,2) size 29x59
                text run at (2,2) width 29: "50%"
                text run at (2,22) width 29: "50%"
                text run at (2,42) width 29: "50%"
            RenderTableCell {TD} at (130,10) size 58x64 [border: (1px inset #808080)] [r=0 c=2 rs=1 cs=1]
              RenderText {#text} at (2,2) size 29x59
                text run at (2,2) width 29: "50%"
                text run at (2,22) width 29: "50%"
                text run at (2,42) width 29: "50%"
      RenderBlock (anonymous) at (0,462) size 769x40
        RenderBR {BR} at (0,0) size 0x19
        RenderText {#text} at (0,20) size 324x19
          text run at (0,20) width 324: "fixed table - percentage cells allocated left to right first"
      RenderTable {TABLE} at (0,502) size 400x66 [border: (1px outset #808080)]
        RenderTableSection {TBODY} at (1,1) size 398x64
          RenderTableRow {TR} at (0,10) size 398x44
            RenderTableCell {TD} at (10,10) size 43x44 [border: (1px inset #808080)] [r=0 c=0 rs=1 cs=1]
              RenderText {#text} at (2,2) size 39x39
                text run at (2,2) width 39: "100px"
                text run at (2,22) width 39: "100px"
            RenderTableCell {TD} at (63,10) size 43x44 [border: (1px inset #808080)] [r=0 c=1 rs=1 cs=1]
              RenderText {#text} at (2,2) size 39x39
                text run at (2,2) width 39: "100px"
                text run at (2,22) width 39: "100px"
            RenderTableCell {TD} at (116,20) size 131x24 [border: (1px inset #808080)] [r=0 c=2 rs=1 cs=1]
              RenderText {#text} at (2,2) size 95x19
                text run at (2,2) width 95: "50% 50% 50%"
            RenderTableCell {TD} at (257,20) size 131x24 [border: (1px inset #808080)] [r=0 c=3 rs=1 cs=1]
              RenderText {#text} at (2,2) size 95x19
                text run at (2,2) width 95: "50% 50% 50%"
      RenderBlock (anonymous) at (0,568) size 769x40
        RenderBR {BR} at (0,0) size 0x19
        RenderText {#text} at (0,20) size 324x19
          text run at (0,20) width 324: "fixed table - percentage cells allocated left to right first"
      RenderTable {TABLE} at (0,608) size 400x86 [border: (1px outset #808080)]
        RenderTableSection {TBODY} at (1,1) size 398x84
          RenderTableRow {TR} at (0,10) size 398x64
            RenderTableCell {TD} at (10,20) size 43x44 [border: (1px inset #808080)] [r=0 c=0 rs=1 cs=1]
              RenderText {#text} at (2,2) size 39x39
                text run at (2,2) width 39: "100px"
                text run at (2,22) width 39: "100px"
            RenderTableCell {TD} at (63,20) size 43x44 [border: (1px inset #808080)] [r=0 c=1 rs=1 cs=1]
              RenderText {#text} at (2,2) size 39x39
                text run at (2,2) width 39: "100px"
                text run at (2,22) width 39: "100px"
            RenderTableCell {TD} at (116,30) size 110x24 [border: (1px inset #808080)] [r=0 c=2 rs=1 cs=1]
              RenderText {#text} at (2,2) size 95x19
                text run at (2,2) width 95: "50% 50% 50%"
            RenderTableCell {TD} at (235,30) size 110x24 [border: (1px inset #808080)] [r=0 c=3 rs=1 cs=1]
              RenderText {#text} at (2,2) size 95x19
                text run at (2,2) width 95: "50% 50% 50%"
            RenderTableCell {TD} at (355,10) size 33x64 [border: (1px inset #808080)] [r=0 c=4 rs=1 cs=1]
              RenderText {#text} at (2,2) size 29x59
                text run at (2,2) width 29: "50%"
                text run at (2,22) width 29: "50%"
                text run at (2,42) width 29: "50%"
      RenderBlock (anonymous) at (0,694) size 769x20
        RenderBR {BR} at (0,0) size 0x19
      RenderTable {TABLE} at (0,714) size 200x30 [border: (1px outset #808080)]
        RenderTableSection {TBODY} at (1,1) size 198x28
          RenderTableRow {TR} at (0,2) size 198x24
            RenderTableCell {TD} at (2,2) size 24x24 [border: (1px inset #808080)] [r=0 c=0 rs=1 cs=1]
              RenderText {#text} at (2,2) size 20x19
                text run at (2,2) width 20: "foo"
            RenderTableCell {TD} at (28,2) size 83x24 [border: (1px inset #808080)] [r=0 c=1 rs=1 cs=1]
              RenderText {#text} at (2,2) size 20x19
                text run at (2,2) width 20: "bar"
            RenderTableCell {TD} at (112,2) size 85x24 [border: (1px inset #808080)] [r=0 c=2 rs=1 cs=1]
              RenderText {#text} at (2,2) size 21x19
                text run at (2,2) width 21: "zap"
      RenderBlock (anonymous) at (0,744) size 769x40
        RenderBR {BR} at (0,0) size 0x19
        RenderText {#text} at (0,20) size 216x19
          text run at (0,20) width 216: "PERCENTAGE WIDTH TABLES"
      RenderTable {TABLE} at (0,784) size 769x90 [border: (1px outset #808080)]
        RenderTableSection {TBODY} at (1,1) size 767x88
          RenderTableRow {TR} at (0,2) size 767x84
            RenderTableCell {TD} at (2,32) size 147x24 [bgcolor=#FFA500] [border: (1px inset #808080)] [r=0 c=0 rs=1 cs=1]
              RenderText {#text} at (2,2) size 92x19
                text run at (2,2) width 92: "foo foo foo foo"
            RenderTableCell {TD} at (150,32) size 148x24 [bgcolor=#0000FF] [border: (1px inset #808080)] [r=0 c=1 rs=1 cs=1]
              RenderText {#text} at (2,2) size 92x19
                text run at (2,2) width 92: "foo foo foo foo"
            RenderTableCell {TD} at (299,32) size 441x24 [bgcolor=#008000] [border: (1px inset #808080)] [r=0 c=2 rs=1 cs=1]
              RenderText {#text} at (345,2) size 93x19
                text run at (345,2) width 93: "foo foo foo foo"
            RenderTableCell {TD} at (741,2) size 25x84 [bgcolor=#FF0000] [border: (1px inset #808080)] [r=0 c=3 rs=1 cs=1]
              RenderText {#text} at (2,2) size 20x79
                text run at (2,2) width 20: "foo"
                text run at (2,22) width 20: "foo"
                text run at (2,42) width 20: "foo"
                text run at (2,62) width 20: "foo"
      RenderBlock (anonymous) at (0,874) size 769x20
        RenderBR {BR} at (0,0) size 0x19
      RenderTable {TABLE} at (0,894) size 769x90 [border: (1px outset #808080)]
        RenderTableSection {TBODY} at (1,1) size 767x88
          RenderTableRow {TR} at (0,2) size 767x84
            RenderTableCell {TD} at (2,2) size 24x84 [bgcolor=#FF0000] [border: (1px inset #808080)] [r=0 c=0 rs=1 cs=1]
              RenderText {#text} at (2,2) size 20x79
                text run at (2,2) width 20: "foo"
                text run at (2,22) width 20: "foo"
                text run at (2,42) width 20: "foo"
                text run at (2,62) width 20: "foo"
            RenderTableCell {TD} at (28,32) size 143x24 [bgcolor=#FFA500] [border: (1px inset #808080)] [r=0 c=1 rs=1 cs=1]
              RenderText {#text} at (2,2) size 92x19
                text run at (2,2) width 92: "foo foo foo foo"
            RenderTableCell {TD} at (172,32) size 143x24 [bgcolor=#0000FF] [border: (1px inset #808080)] [r=0 c=2 rs=1 cs=1]
              RenderText {#text} at (2,2) size 92x19
                text run at (2,2) width 92: "foo foo foo foo"
            RenderTableCell {TD} at (316,32) size 424x24 [bgcolor=#008000] [border: (1px inset #808080)] [r=0 c=3 rs=1 cs=1]
              RenderText {#text} at (328,2) size 93x19
                text run at (328,2) width 93: "foo foo foo foo"
            RenderTableCell {TD} at (741,2) size 25x84 [bgcolor=#FF0000] [border: (1px inset #808080)] [r=0 c=4 rs=1 cs=1]
              RenderText {#text} at (2,2) size 20x79
                text run at (2,2) width 20: "foo"
                text run at (2,22) width 20: "foo"
                text run at (2,42) width 20: "foo"
                text run at (2,62) width 20: "foo"
      RenderBlock (anonymous) at (0,984) size 769x20
        RenderBR {BR} at (0,0) size 0x19
      RenderTable {TABLE} at (0,1004) size 769x30 [border: (1px outset #808080)]
        RenderTableSection {TBODY} at (1,1) size 767x28
          RenderTableRow {TR} at (0,2) size 767x24
            RenderTableCell {TD} at (2,2) size 151x24 [bgcolor=#FF0000] [border: (1px inset #808080)] [r=0 c=0 rs=1 cs=1]
              RenderText {#text} at (2,2) size 92x19
                text run at (2,2) width 92: "foo foo foo foo"
            RenderTableCell {TD} at (155,2) size 151x24 [bgcolor=#FFA500] [border: (1px inset #808080)] [r=0 c=1 rs=1 cs=1]
              RenderText {#text} at (2,2) size 92x19
                text run at (2,2) width 92: "foo foo foo foo"
            RenderTableCell {TD} at (308,2) size 151x24 [bgcolor=#0000FF] [border: (1px inset #808080)] [r=0 c=2 rs=1 cs=1]
              RenderText {#text} at (2,2) size 92x19
                text run at (2,2) width 92: "foo foo foo foo"
            RenderTableCell {TD} at (461,2) size 151x24 [bgcolor=#008000] [border: (1px inset #808080)] [r=0 c=3 rs=1 cs=1]
              RenderText {#text} at (57,2) size 92x19
                text run at (57,2) width 92: "foo foo foo foo"
            RenderTableCell {TD} at (614,2) size 151x24 [bgcolor=#FF0000] [border: (1px inset #808080)] [r=0 c=4 rs=1 cs=1]
              RenderText {#text} at (2,2) size 92x19
                text run at (2,2) width 92: "foo foo foo foo"
