layer at (0,0) size 800x600
  RenderView at (0,0) size 800x600
layer at (0,0) size 800x600
  RenderBlock {HTML} at (0,0) size 800x600
    RenderBody {BODY} at (8,8) size 784x584
      RenderBlock (anonymous) at (0,0) size 784x18
        RenderText {#text} at (0,0) size 61x18
          text run at (0,0) width 61: "auto table"
      RenderTable {TABLE} at (0,18) size 87x28 [border: (1px outset #808080)]
        RenderTableSection {TBODY} at (1,1) size 85x26
          RenderTableRow {TR} at (0,2) size 85x22
            RenderTableCell {TD} at (2,2) size 48x22 [border: (1px inset #808080)] [r=0 c=0 rs=1 cs=1]
              RenderText {#text} at (2,2) size 44x18
                text run at (2,2) width 44: "0 0 0 0"
            RenderTableCell {TD} at (52,2) size 31x22 [border: (1px inset #808080)] [r=0 c=1 rs=1 cs=1]
              RenderText {#text} at (2,2) size 27x18
                text run at (2,2) width 27: "auto"
      RenderBlock (anonymous) at (0,46) size 784x36
        RenderBR {BR} at (0,0) size 0x18
        RenderText {#text} at (0,18) size 194x18
          text run at (0,18) width 194: "auto table - fixed cells honored"
      RenderTable {TABLE} at (0,82) size 143x28 [border: (1px outset #808080)]
        RenderTableSection {TBODY} at (1,1) size 141x26
          RenderTableRow {TR} at (0,2) size 141x22
            RenderTableCell {TD} at (2,2) size 104x22 [border: (1px inset #808080)] [r=0 c=0 rs=1 cs=1]
              RenderText {#text} at (2,2) size 84x18
                text run at (2,2) width 84: "100px 100px"
            RenderTableCell {TD} at (108,2) size 31x22 [border: (1px inset #808080)] [r=0 c=1 rs=1 cs=1]
              RenderText {#text} at (2,2) size 27x18
                text run at (2,2) width 27: "auto"
      RenderBlock (anonymous) at (0,110) size 784x36
        RenderBR {BR} at (0,0) size 0x18
        RenderText {#text} at (0,18) size 88x18
          text run at (0,18) width 88: "COLSPANS "
        RenderBR {BR} at (88,32) size 0x0
      RenderTable {TABLE} at (0,146) size 637x134 [border: (1px outset #808080)]
        RenderTableSection {TBODY} at (1,1) size 635x132
          RenderTableRow {TR} at (0,2) size 635x104
            RenderTableCell {TD} at (2,2) size 604x104 [border: (1px inset #808080)] [r=0 c=0 rs=1 cs=3]
              RenderImage {IMG} at (2,2) size 600x100
            RenderTableCell {TD} at (608,43) size 25x22 [border: (1px inset #808080)] [r=0 c=3 rs=1 cs=1]
              RenderText {#text} at (2,2) size 21x18
                text run at (2,2) width 21: "foo"
          RenderTableRow {TR} at (0,108) size 635x22
            RenderTableCell {TD} at (2,108) size 25x22 [border: (1px inset #808080)] [r=1 c=0 rs=1 cs=1]
              RenderText {#text} at (2,2) size 21x18
                text run at (2,2) width 21: "foo"
            RenderTableCell {TD} at (29,108) size 24x22 [border: (1px inset #808080)] [r=1 c=1 rs=1 cs=1]
              RenderText {#text} at (2,2) size 20x18
                text run at (2,2) width 20: "bar"
            RenderTableCell {TD} at (55,108) size 551x22 [border: (1px inset #808080)] [r=1 c=2 rs=1 cs=1]
              RenderText {#text} at (2,2) size 21x18
                text run at (2,2) width 21: "foo"
            RenderTableCell {TD} at (608,108) size 25x22 [border: (1px inset #808080)] [r=1 c=3 rs=1 cs=1]
              RenderText {#text} at (2,2) size 20x18
                text run at (2,2) width 20: "bar"
      RenderBlock (anonymous) at (0,280) size 784x18
        RenderBR {BR} at (0,0) size 0x18
      RenderTable {TABLE} at (0,298) size 534x61 [border: (1px outset #808080)]
        RenderTableSection {TBODY} at (1,1) size 532x59
          RenderTableRow {TR} at (0,5) size 532x22
            RenderTableCell {TD} at (5,5) size 413x22 [border: (1px inset #808080)] [r=0 c=0 rs=1 cs=2]
              RenderText {#text} at (2,2) size 27x18
                text run at (2,2) width 27: "auto"
            RenderTableCell {TD} at (423,5) size 104x22 [border: (1px inset #808080)] [r=0 c=2 rs=1 cs=1]
              RenderText {#text} at (2,2) size 24x18
                text run at (2,2) width 24: "100"
          RenderTableRow {TR} at (0,32) size 532x22
            RenderTableCell {TD} at (5,32) size 104x22 [border: (1px inset #808080)] [r=1 c=0 rs=1 cs=1]
              RenderText {#text} at (2,2) size 24x18
                text run at (2,2) width 24: "100"
            RenderTableCell {TD} at (114,32) size 304x22 [border: (1px inset #808080)] [r=1 c=1 rs=1 cs=1]
              RenderText {#text} at (2,2) size 24x18
                text run at (2,2) width 24: "300"
            RenderTableCell {TD} at (423,32) size 104x22 [border: (1px inset #808080)] [r=1 c=2 rs=1 cs=1]
              RenderText {#text} at (2,2) size 27x18
                text run at (2,2) width 27: "auto"
