layer at (0,0) size 800x600
  RenderView at (0,0) size 800x600
layer at (0,0) size 800x600
  RenderBlock {HTML} at (0,0) size 800x600
    RenderBody {BODY} at (8,8) size 784x584
      RenderBlock (anonymous) at (0,0) size 784x18
        RenderText {#text} at (0,0) size 187x18
          text run at (0,0) width 187: "outer width=400 align=center"
      RenderTable {TABLE} at (192,18) size 400x45 [border: (1px outset #808080)]
        RenderTableSection {TBODY} at (1,1) size 398x43
          RenderTableRow {TR} at (0,2) size 398x39
            RenderTableCell {TD} at (2,2) size 394x39 [border: (1px inset #808080)] [r=0 c=0 rs=1 cs=1]
              RenderBlock {FORM} at (2,2) size 390x19
                RenderMenuList {SELECT} at (0,0) size 51x19 [bgcolor=#FFFFFF]
                  RenderBlock (anonymous) at (4,2) size 26x15
                    RenderText at (0,0) size 26x15
                      text run at (0,0) width 26: "Test"
                RenderText {#text} at (0,0) size 0x0
      RenderBlock (anonymous) at (0,63) size 784x18
        RenderText {#text} at (0,0) size 296x18
          text run at (0,0) width 296: "outer width=400 inner width=200 align=center"
      RenderTable {TABLE} at (0,81) size 400x40 [border: (2px outset #808080)]
        RenderTableSection {TBODY} at (2,2) size 396x36
          RenderTableRow {TR} at (0,2) size 396x32
            RenderTableCell {TD} at (2,2) size 392x32 [border: (1px inset #808080)] [r=0 c=0 rs=1 cs=1]
              RenderTable {TABLE} at (96,2) size 200x28 [border: (1px outset #808080)]
                RenderTableSection {TBODY} at (1,1) size 198x26
                  RenderTableRow {TR} at (0,2) size 198x22
                    RenderTableCell {TD} at (2,2) size 194x22 [border: (1px inset #808080)] [r=0 c=0 rs=1 cs=1]
                      RenderText {#text} at (2,2) size 21x18
                        text run at (2,2) width 21: "foo"
      RenderBlock (anonymous) at (0,121) size 784x18
        RenderText {#text} at (0,0) size 181x18
          text run at (0,0) width 181: "outer auto inner align=center"
      RenderTable {TABLE} at (0,139) size 43x40 [border: (2px outset #808080)]
        RenderTableSection {TBODY} at (2,2) size 39x36
          RenderTableRow {TR} at (0,2) size 39x32
            RenderTableCell {TD} at (2,2) size 35x32 [border: (1px inset #808080)] [r=0 c=0 rs=1 cs=1]
              RenderTable {TABLE} at (2,2) size 31x28 [border: (1px outset #808080)]
                RenderTableSection {TBODY} at (1,1) size 29x26
                  RenderTableRow {TR} at (0,2) size 29x22
                    RenderTableCell {TD} at (2,2) size 25x22 [border: (1px inset #808080)] [r=0 c=0 rs=1 cs=1]
                      RenderText {#text} at (2,2) size 21x18
                        text run at (2,2) width 21: "foo"
      RenderBlock (anonymous) at (0,179) size 784x18
        RenderText {#text} at (0,0) size 215x18
          text run at (0,0) width 215: "outer width=50 inner align=center"
      RenderTable {TABLE} at (0,197) size 43x40 [border: (2px outset #808080)]
        RenderTableSection {TBODY} at (2,2) size 39x36
          RenderTableRow {TR} at (0,2) size 39x32
            RenderTableCell {TD} at (2,2) size 35x32 [border: (1px inset #808080)] [r=0 c=0 rs=1 cs=1]
              RenderTable {TABLE} at (2,2) size 31x28 [border: (1px outset #808080)]
                RenderTableSection {TBODY} at (1,1) size 29x26
                  RenderTableRow {TR} at (0,2) size 29x22
                    RenderTableCell {TD} at (2,2) size 25x22 [border: (1px inset #808080)] [r=0 c=0 rs=1 cs=1]
                      RenderText {#text} at (2,2) size 21x18
                        text run at (2,2) width 21: "foo"
      RenderBlock (anonymous) at (0,237) size 784x18
        RenderText {#text} at (0,0) size 226x18
          text run at (0,0) width 226: "outer width=50 inner margin-left:50"
      RenderTable {TABLE} at (0,255) size 93x40 [border: (2px outset #808080)]
        RenderTableSection {TBODY} at (2,2) size 89x36
          RenderTableRow {TR} at (0,2) size 89x32
            RenderTableCell {TD} at (2,2) size 85x32 [border: (1px inset #808080)] [r=0 c=0 rs=1 cs=1]
              RenderTable {TABLE} at (52,2) size 31x28 [border: (1px outset #808080)]
                RenderTableSection {TBODY} at (1,1) size 29x26
                  RenderTableRow {TR} at (0,2) size 29x22
                    RenderTableCell {TD} at (2,2) size 25x22 [border: (1px inset #808080)] [r=0 c=0 rs=1 cs=1]
                      RenderText {#text} at (2,2) size 21x18
                        text run at (2,2) width 21: "foo"
      RenderBlock (anonymous) at (0,295) size 784x18
        RenderText {#text} at (0,0) size 223x18
          text run at (0,0) width 223: "outer width=400 inner align=center"
      RenderTable {TABLE} at (0,313) size 400x40 [border: (2px outset #808080)]
        RenderTableSection {TBODY} at (2,2) size 396x36
          RenderTableRow {TR} at (0,2) size 396x32
            RenderTableCell {TD} at (2,2) size 115x32 [border: (1px inset #808080)] [r=0 c=0 rs=1 cs=1]
              RenderTable {TABLE} at (41,2) size 32x28 [border: (1px outset #808080)]
                RenderTableSection {TBODY} at (1,1) size 29x26
                  RenderTableRow {TR} at (0,2) size 29x22
                    RenderTableCell {TD} at (2,2) size 25x22 [border: (1px inset #808080)] [r=0 c=0 rs=1 cs=1]
                      RenderText {#text} at (2,2) size 21x18
                        text run at (2,2) width 21: "foo"
            RenderTableCell {TD} at (118,7) size 277x22 [border: (1px inset #808080)] [r=0 c=1 rs=1 cs=1]
              RenderText {#text} at (2,2) size 80x18
                text run at (2,2) width 80: "x x x x x x x"
      RenderBlock (anonymous) at (0,353) size 784x18
        RenderText {#text} at (0,0) size 223x18
          text run at (0,0) width 223: "outer width=400 inner align=center"
      RenderTable {TABLE} at (0,371) size 400x40 [border: (2px outset #808080)]
        RenderTableSection {TBODY} at (2,2) size 396x36
          RenderTableRow {TR} at (0,2) size 396x32
            RenderTableCell {TD} at (2,2) size 169x32 [border: (1px inset #808080)] [r=0 c=0 rs=1 cs=1]
              RenderTable {TABLE} at (54,2) size 61x28 [border: (1px outset #808080)]
                RenderTableSection {TBODY} at (1,1) size 58x26
                  RenderTableRow {TR} at (0,2) size 58x22
                    RenderTableCell {TD} at (2,2) size 54x22 [border: (1px inset #808080)] [r=0 c=0 rs=1 cs=1]
                      RenderText {#text} at (2,2) size 16x18
                        text run at (2,2) width 16: "50"
            RenderTableCell {TD} at (172,7) size 223x22 [border: (1px inset #808080)] [r=0 c=1 rs=1 cs=1]
              RenderText {#text} at (2,2) size 80x18
                text run at (2,2) width 80: "x x x x x x x"
      RenderBlock (anonymous) at (0,411) size 784x18
        RenderText {#text} at (0,0) size 19x18
          text run at (0,0) width 19: "-->"
