layer at (0,0) size 808x585
  RenderView at (0,0) size 800x585
layer at (0,0) size 800x585
  RenderBlock {HTML} at (0,0) size 800x585
    RenderBody {BODY} at (8,8) size 784x569
      RenderTable {TABLE} at (0,0) size 193x34 [border: (1px outset #808080)]
        RenderTableSection {TBODY} at (1,1) size 191x32
          RenderTableRow {TR} at (0,2) size 191x28
            RenderTableCell {TD} at (2,2) size 187x28 [border: (1px inset #808080)] [r=0 c=0 rs=1 cs=1]
              RenderTable {TABLE} at (2,2) size 183x24 [bgcolor=#FFA500]
                RenderTableSection {TBODY} at (0,0) size 183x24
                  RenderTableRow {TR} at (0,2) size 183x20
                    RenderTableCell {TD} at (2,2) size 179x20 [r=0 c=0 rs=1 cs=1]
                      RenderText {#text} at (1,1) size 177x18
                        text run at (1,1) width 177: "nested in auto, width=100%"
      RenderBlock (anonymous) at (0,34) size 784x18
        RenderBR {BR} at (0,0) size 0x18
      RenderTable {TABLE} at (0,52) size 200x34 [border: (1px outset #808080)]
        RenderTableSection {TBODY} at (1,1) size 198x32
          RenderTableRow {TR} at (0,2) size 198x28
            RenderTableCell {TD} at (2,2) size 194x28 [border: (1px inset #808080)] [r=0 c=0 rs=1 cs=1]
              RenderTable {TABLE} at (2,2) size 190x24 [bgcolor=#00FF00]
                RenderTableSection {TBODY} at (0,0) size 190x24
                  RenderTableRow {TR} at (0,2) size 190x20
                    RenderTableCell {TD} at (2,2) size 186x20 [r=0 c=0 rs=1 cs=1]
                      RenderText {#text} at (1,1) size 182x18
                        text run at (1,1) width 182: "nested in fixed, width=100%"
      RenderBlock (anonymous) at (0,86) size 784x18
        RenderBR {BR} at (0,0) size 0x18
      RenderTable {TABLE} at (0,104) size 800x34 [border: (1px outset #808080)]
        RenderTableSection {TBODY} at (1,1) size 798x32
          RenderTableRow {TR} at (0,2) size 798x28
            RenderTableCell {TD} at (2,2) size 794x28 [border: (1px inset #808080)] [r=0 c=0 rs=1 cs=1]
              RenderTable {TABLE} at (2,2) size 790x24 [bgcolor=#00FF00]
                RenderTableSection {TBODY} at (0,0) size 790x24
                  RenderTableRow {TR} at (0,2) size 790x20
                    RenderTableCell {TD} at (2,2) size 786x20 [r=0 c=0 rs=1 cs=1]
                      RenderText {#text} at (1,1) size 182x18
                        text run at (1,1) width 182: "nested in fixed, width=100%"
      RenderBlock (anonymous) at (0,138) size 784x18
        RenderBR {BR} at (0,0) size 0x18
      RenderTable {TABLE} at (0,156) size 226x34 [border: (1px outset #808080)]
        RenderTableSection {TBODY} at (1,1) size 224x32
          RenderTableRow {TR} at (0,2) size 224x28
            RenderTableCell {TD} at (2,2) size 187x28 [border: (1px inset #808080)] [r=0 c=0 rs=1 cs=1]
              RenderTable {TABLE} at (2,2) size 183x24
                RenderTableSection {TBODY} at (0,0) size 183x24
                  RenderTableRow {TR} at (0,2) size 183x20
                    RenderTableCell {TD} at (2,2) size 179x20 [r=0 c=0 rs=1 cs=1]
                      RenderText {#text} at (1,1) size 177x18
                        text run at (1,1) width 177: "nested in auto, width=100%"
            RenderTableCell {TD} at (191,5) size 31x22 [border: (1px inset #808080)] [r=0 c=1 rs=1 cs=1]
              RenderText {#text} at (2,2) size 27x18
                text run at (2,2) width 27: "auto"
      RenderBlock (anonymous) at (0,190) size 784x18
        RenderBR {BR} at (0,0) size 0x18
      RenderTable {TABLE} at (0,208) size 784x34 [border: (1px outset #808080)]
        RenderTableSection {TBODY} at (1,1) size 782x32
          RenderTableRow {TR} at (0,2) size 782x28
            RenderTableCell {TD} at (2,2) size 686x28 [border: (1px inset #808080)] [r=0 c=0 rs=1 cs=1]
              RenderTable {TABLE} at (2,2) size 341x24 [bgcolor=#00FF00]
                RenderTableSection {TBODY} at (0,0) size 341x24
                  RenderTableRow {TR} at (0,2) size 341x20
                    RenderTableCell {TD} at (2,2) size 337x20 [r=0 c=0 rs=1 cs=1]
                      RenderText {#text} at (1,1) size 179x18
                        text run at (1,1) width 179: "nested in 100%, width=50%"
            RenderTableCell {TD} at (689,5) size 92x22 [border: (1px inset #808080)] [r=0 c=1 rs=1 cs=1]
              RenderText {#text} at (2,2) size 21x18
                text run at (2,2) width 21: "foo"
      RenderBlock (anonymous) at (0,242) size 784x18
        RenderBR {BR} at (0,0) size 0x18
      RenderTable {TABLE} at (0,260) size 784x40 [border: (1px outset #808080)]
        RenderTableSection {TBODY} at (1,1) size 782x38
          RenderTableRow {TR} at (0,2) size 782x34
            RenderTableCell {TD} at (2,2) size 551x34 [border: (1px inset #808080)] [r=0 c=0 rs=1 cs=1]
              RenderTable {TABLE} at (2,2) size 274x30 [bgcolor=#00FF00]
                RenderTableSection {TBODY} at (0,0) size 274x30
                  RenderTableRow {TR} at (0,2) size 274x26
                    RenderTableCell {TD} at (2,2) size 270x26 [r=0 c=0 rs=1 cs=1]
                      RenderTable {TABLE} at (1,1) size 134x24 [bgcolor=#FF0000]
                        RenderTableSection {TBODY} at (0,0) size 134x24
                          RenderTableRow {TR} at (0,2) size 134x20
                            RenderTableCell {TD} at (2,2) size 130x20 [r=0 c=0 rs=1 cs=1]
                              RenderText {#text} at (1,1) size 45x18
                                text run at (1,1) width 45: "2n50%"
            RenderTableCell {TD} at (554,8) size 227x22 [border: (1px inset #808080)] [r=0 c=1 rs=1 cs=1]
              RenderText {#text} at (2,2) size 21x18
                text run at (2,2) width 21: "foo"
