layer at (0,0) size 785x826
  RenderView at (0,0) size 785x600
layer at (0,0) size 785x826
  RenderBlock {HTML} at (0,0) size 785x826
    RenderBody {BODY} at (8,8) size 769x810
      RenderBlock (anonymous) at (0,0) size 769x20
        RenderText {#text} at (0,0) size 150x19
          text run at (0,0) width 150: "Table auto, no cells fixed"
      RenderTable {TABLE} at (0,20) size 339x30 [border: (1px outset #808080)]
        RenderTableSection {TBODY} at (1,1) size 337x28
          RenderTableRow {TR} at (0,2) size 337x24
            RenderTableCell {TD} at (2,2) size 240x24 [border: (1px inset #808080)] [r=0 c=0 rs=1 cs=1]
              RenderText {#text} at (2,2) size 236x19
                text run at (2,2) width 236: "fooooooooooooooooooooooooooooo"
            RenderTableCell {TD} at (244,2) size 64x24 [border: (1px inset #808080)] [r=0 c=1 rs=1 cs=1]
              RenderText {#text} at (2,2) size 60x19
                text run at (2,2) width 60: "barrrrrrrrr"
            RenderTableCell {TD} at (310,2) size 25x24 [border: (1px inset #808080)] [r=0 c=2 rs=1 cs=1]
              RenderText {#text} at (2,2) size 21x19
                text run at (2,2) width 21: "zap"
      RenderBlock (anonymous) at (0,50) size 769x40
        RenderBR {BR} at (0,0) size 0x19
        RenderText {#text} at (0,20) size 153x19
          text run at (0,20) width 153: "Table fixed, no cells fixed"
      RenderTable {TABLE} at (0,90) size 500x30 [border: (1px outset #808080)]
        RenderTableSection {TBODY} at (1,1) size 498x28
          RenderTableRow {TR} at (0,2) size 498x24
            RenderTableCell {TD} at (2,2) size 358x24 [border: (1px inset #808080)] [r=0 c=0 rs=1 cs=1]
              RenderText {#text} at (2,2) size 236x19
                text run at (2,2) width 236: "fooooooooooooooooooooooooooooo"
            RenderTableCell {TD} at (361,2) size 96x24 [border: (1px inset #808080)] [r=0 c=1 rs=1 cs=1]
              RenderText {#text} at (2,2) size 60x19
                text run at (2,2) width 60: "barrrrrrrrr"
            RenderTableCell {TD} at (458,2) size 39x24 [border: (1px inset #808080)] [r=0 c=2 rs=1 cs=1]
              RenderText {#text} at (2,2) size 21x19
                text run at (2,2) width 21: "zap"
      RenderBlock (anonymous) at (0,120) size 769x40
        RenderBR {BR} at (0,0) size 0x19
        RenderText {#text} at (0,20) size 153x19
          text run at (0,20) width 153: "Table fixed, no cells fixed"
      RenderTable {TABLE} at (0,160) size 200x70 [border: (1px outset #808080)]
        RenderTableSection {TBODY} at (1,1) size 198x68
          RenderTableRow {TR} at (0,2) size 198x64
            RenderTableCell {TD} at (2,2) size 130x64 [border: (1px inset #808080)] [r=0 c=0 rs=1 cs=1]
              RenderText {#text} at (2,2) size 116x59
                text run at (2,2) width 112: "fo oo oo oo oo oo"
                text run at (2,22) width 116: "oo oo oo oo oo oo"
                text run at (2,42) width 56: "oo oo oo"
            RenderTableCell {TD} at (133,2) size 37x64 [border: (1px inset #808080)] [r=0 c=1 rs=1 cs=1]
              RenderText {#text} at (2,2) size 25x59
                text run at (2,2) width 25: "barr"
                text run at (2,22) width 20: "rrrr"
                text run at (2,42) width 20: "rrrr"
            RenderTableCell {TD} at (171,22) size 26x24 [border: (1px inset #808080)] [r=0 c=2 rs=1 cs=1]
              RenderText {#text} at (2,2) size 21x19
                text run at (2,2) width 21: "zap"
      RenderBlock (anonymous) at (0,230) size 769x40
        RenderBR {BR} at (0,0) size 0x19
        RenderText {#text} at (0,20) size 147x19
          text run at (0,20) width 147: "Table auto, 1st cell fixed"
      RenderTable {TABLE} at (0,270) size 136x30 [border: (1px outset #808080)]
        RenderTableSection {TBODY} at (1,1) size 134x28
          RenderTableRow {TR} at (0,2) size 134x24
            RenderTableCell {TD} at (2,2) size 104x24 [border: (1px inset #808080)] [r=0 c=0 rs=1 cs=1]
              RenderText {#text} at (2,2) size 44x19
                text run at (2,2) width 44: "fooooo"
            RenderTableCell {TD} at (108,2) size 24x24 [border: (1px inset #808080)] [r=0 c=1 rs=1 cs=1]
              RenderText {#text} at (2,2) size 20x19
                text run at (2,2) width 20: "bar"
      RenderBlock (anonymous) at (0,300) size 769x40
        RenderBR {BR} at (0,0) size 0x19
        RenderText {#text} at (0,20) size 150x19
          text run at (0,20) width 150: "Table fixed, 1st cell fixed"
      RenderTable {TABLE} at (0,340) size 500x30 [border: (1px outset #808080)]
        RenderTableSection {TBODY} at (1,1) size 498x28
          RenderTableRow {TR} at (0,2) size 498x24
            RenderTableCell {TD} at (2,2) size 104x24 [border: (1px inset #808080)] [r=0 c=0 rs=1 cs=1]
              RenderText {#text} at (2,2) size 44x19
                text run at (2,2) width 44: "fooooo"
            RenderTableCell {TD} at (108,2) size 388x24 [border: (1px inset #808080)] [r=0 c=1 rs=1 cs=1]
              RenderText {#text} at (2,2) size 20x19
                text run at (2,2) width 20: "bar"
      RenderBlock (anonymous) at (0,370) size 769x40
        RenderBR {BR} at (0,0) size 0x19
        RenderText {#text} at (0,20) size 205x19
          text run at (0,20) width 205: "Table auto, 1st cell fixed too small"
      RenderTable {TABLE} at (0,410) size 272x30 [border: (1px outset #808080)]
        RenderTableSection {TBODY} at (1,1) size 270x28
          RenderTableRow {TR} at (0,2) size 270x24
            RenderTableCell {TD} at (2,2) size 240x24 [border: (1px inset #808080)] [r=0 c=0 rs=1 cs=1]
              RenderText {#text} at (2,2) size 236x19
                text run at (2,2) width 236: "fooooooooooooooooooooooooooooo"
            RenderTableCell {TD} at (244,2) size 24x24 [border: (1px inset #808080)] [r=0 c=1 rs=1 cs=1]
              RenderText {#text} at (2,2) size 20x19
                text run at (2,2) width 20: "bar"
      RenderBlock (anonymous) at (0,440) size 769x40
        RenderBR {BR} at (0,0) size 0x19
        RenderText {#text} at (0,20) size 208x19
          text run at (0,20) width 208: "Table fixed, 1st cell fixed too small"
      RenderTable {TABLE} at (0,480) size 500x30 [border: (1px outset #808080)]
        RenderTableSection {TBODY} at (1,1) size 498x28
          RenderTableRow {TR} at (0,2) size 498x24
            RenderTableCell {TD} at (2,2) size 240x24 [border: (1px inset #808080)] [r=0 c=0 rs=1 cs=1]
              RenderText {#text} at (2,2) size 236x19
                text run at (2,2) width 236: "fooooooooooooooooooooooooooooo"
            RenderTableCell {TD} at (244,2) size 252x24 [border: (1px inset #808080)] [r=0 c=1 rs=1 cs=1]
              RenderText {#text} at (2,2) size 20x19
                text run at (2,2) width 20: "bar"
      RenderBlock (anonymous) at (0,510) size 769x40
        RenderBR {BR} at (0,0) size 0x19
        RenderText {#text} at (0,20) size 162x19
          text run at (0,20) width 162: "Table auto, both cells fixed"
      RenderTable {TABLE} at (0,550) size 216x30 [border: (1px outset #808080)]
        RenderTableSection {TBODY} at (1,1) size 214x28
          RenderTableRow {TR} at (0,2) size 214x24
            RenderTableCell {TD} at (2,2) size 104x24 [border: (1px inset #808080)] [r=0 c=0 rs=1 cs=1]
              RenderText {#text} at (2,2) size 36x19
                text run at (2,2) width 36: "foooo"
            RenderTableCell {TD} at (108,2) size 104x24 [border: (1px inset #808080)] [r=0 c=1 rs=1 cs=1]
              RenderText {#text} at (2,2) size 20x19
                text run at (2,2) width 20: "bar"
      RenderBlock (anonymous) at (0,580) size 769x40
        RenderBR {BR} at (0,0) size 0x19
        RenderText {#text} at (0,20) size 165x19
          text run at (0,20) width 165: "Table fixed, both cells fixed"
      RenderTable {TABLE} at (0,620) size 500x30 [border: (1px outset #808080)]
        RenderTableSection {TBODY} at (1,1) size 498x28
          RenderTableRow {TR} at (0,2) size 498x24
            RenderTableCell {TD} at (2,2) size 246x24 [border: (1px inset #808080)] [r=0 c=0 rs=1 cs=1]
              RenderText {#text} at (2,2) size 36x19
                text run at (2,2) width 36: "foooo"
            RenderTableCell {TD} at (250,2) size 246x24 [border: (1px inset #808080)] [r=0 c=1 rs=1 cs=1]
              RenderText {#text} at (2,2) size 20x19
                text run at (2,2) width 20: "bar"
      RenderBlock (anonymous) at (0,650) size 769x40
        RenderBR {BR} at (0,0) size 0x19
        RenderText {#text} at (0,20) size 272x19
          text run at (0,20) width 272: "Table auto, both cells fixed, 1st one too small"
      RenderTable {TABLE} at (0,690) size 352x30 [border: (1px outset #808080)]
        RenderTableSection {TBODY} at (1,1) size 350x28
          RenderTableRow {TR} at (0,2) size 350x24
            RenderTableCell {TD} at (2,2) size 240x24 [border: (1px inset #808080)] [r=0 c=0 rs=1 cs=1]
              RenderText {#text} at (2,2) size 236x19
                text run at (2,2) width 236: "fooooooooooooooooooooooooooooo"
            RenderTableCell {TD} at (244,2) size 104x24 [border: (1px inset #808080)] [r=0 c=1 rs=1 cs=1]
              RenderText {#text} at (2,2) size 20x19
                text run at (2,2) width 20: "bar"
      RenderBlock (anonymous) at (0,720) size 769x40
        RenderBR {BR} at (0,0) size 0x19
        RenderText {#text} at (0,20) size 306x19
          text run at (0,20) width 306: "Table fixed, both cells fixed, 1st cell fixed too small"
      RenderTable {TABLE} at (0,760) size 500x30 [border: (1px outset #808080)]
        RenderTableSection {TBODY} at (1,1) size 498x28
          RenderTableRow {TR} at (0,2) size 498x24
            RenderTableCell {TD} at (2,2) size 344x24 [border: (1px inset #808080)] [r=0 c=0 rs=1 cs=1]
              RenderText {#text} at (2,2) size 236x19
                text run at (2,2) width 236: "fooooooooooooooooooooooooooooo"
            RenderTableCell {TD} at (347,2) size 150x24 [border: (1px inset #808080)] [r=0 c=1 rs=1 cs=1]
              RenderText {#text} at (2,2) size 20x19
                text run at (2,2) width 20: "bar"
      RenderBlock (anonymous) at (0,790) size 769x20
        RenderBR {BR} at (0,0) size 0x19
