layer at (0,0) size 785x866
  RenderView at (0,0) size 785x600
layer at (0,0) size 785x866
  RenderBlock {HTML} at (0,0) size 785x866
    RenderBody {BODY} at (8,8) size 769x850
      RenderBlock (anonymous) at (0,0) size 769x18
        RenderText {#text} at (0,0) size 89x18
          text run at (0,0) width 89: "ROWSPANS"
      RenderTable {TABLE} at (0,18) size 135x60 [border: (5px outset #808080)]
        RenderTableSection {TBODY} at (5,5) size 125x50
          RenderTableRow {TR} at (0,2) size 125x22
            RenderTableCell {TD} at (2,14) size 39x22 [border: (1px inset #808080)] [r=0 c=0 rs=2 cs=1]
              RenderText {#text} at (2,2) size 35x18
                text run at (2,2) width 35: "auto1"
            RenderTableCell {TD} at (43,2) size 39x22 [border: (1px inset #808080)] [r=0 c=1 rs=1 cs=1]
              RenderText {#text} at (2,2) size 35x18
                text run at (2,2) width 35: "auto2"
          RenderTableRow {TR} at (0,26) size 125x22
            RenderTableCell {TD} at (43,26) size 39x22 [border: (1px inset #808080)] [r=1 c=1 rs=1 cs=1]
              RenderText {#text} at (2,2) size 35x18
                text run at (2,2) width 35: "auto3"
            RenderTableCell {TD} at (84,26) size 39x22 [border: (1px inset #808080)] [r=1 c=2 rs=1 cs=1]
              RenderText {#text} at (2,2) size 35x18
                text run at (2,2) width 35: "auto4"
      RenderTable {TABLE} at (0,78) size 260x76 [border: (1px outset #808080)]
        RenderTableSection {TBODY} at (1,1) size 258x74
          RenderTableRow {TR} at (0,2) size 258x22
            RenderTableCell {TD} at (2,26) size 186x22 [border: (1px inset #808080)] [r=0 c=0 rs=3 cs=1]
              RenderText {#text} at (2,2) size 182x18
                text run at (2,2) width 182: "c0r[2-6],Data 2 span=3 rows"
            RenderTableCell {TD} at (190,2) size 32x22 [border: (1px inset #808080)] [r=0 c=1 rs=1 cs=1]
              RenderText {#text} at (2,2) size 28x18
                text run at (2,2) width 28: "c0r2"
            RenderTableCell {TD} at (224,2) size 32x22 [border: (1px inset #808080)] [r=0 c=2 rs=1 cs=1]
              RenderText {#text} at (2,2) size 28x18
                text run at (2,2) width 28: "c1r2"
          RenderTableRow {TR} at (0,26) size 258x22
            RenderTableCell {TD} at (190,26) size 32x22 [border: (1px inset #808080)] [r=1 c=1 rs=1 cs=1]
              RenderText {#text} at (2,2) size 28x18
                text run at (2,2) width 28: "c0r3"
            RenderTableCell {TD} at (224,26) size 32x22 [border: (1px inset #808080)] [r=1 c=2 rs=1 cs=1]
              RenderText {#text} at (2,2) size 28x18
                text run at (2,2) width 28: "c1r3"
          RenderTableRow {TR} at (0,50) size 258x22
            RenderTableCell {TD} at (190,50) size 32x22 [border: (1px inset #808080)] [r=2 c=1 rs=1 cs=1]
              RenderText {#text} at (2,2) size 28x18
                text run at (2,2) width 28: "c0r4"
            RenderTableCell {TD} at (224,50) size 32x22 [border: (1px inset #808080)] [r=2 c=2 rs=1 cs=1]
              RenderText {#text} at (2,2) size 28x18
                text run at (2,2) width 28: "c1r4"
      RenderBlock (anonymous) at (0,154) size 769x18
        RenderBR {BR} at (0,0) size 0x18
      RenderTable {TABLE} at (0,172) size 260x196 [border: (1px outset #808080)]
        RenderTableSection {TBODY} at (1,1) size 258x194
          RenderTableRow {TR} at (0,2) size 258x22
            RenderTableCell {TD} at (2,50) size 186x22 [border: (1px inset #808080)] [r=0 c=0 rs=5 cs=1]
              RenderText {#text} at (2,2) size 182x18
                text run at (2,2) width 182: "c0r[2-6],Data 2 span=5 rows"
            RenderTableCell {TD} at (190,2) size 32x22 [border: (1px inset #808080)] [r=0 c=1 rs=1 cs=1]
              RenderText {#text} at (2,2) size 28x18
                text run at (2,2) width 28: "c0r2"
            RenderTableCell {TD} at (224,2) size 32x22 [border: (1px inset #808080)] [r=0 c=2 rs=1 cs=1]
              RenderText {#text} at (2,2) size 28x18
                text run at (2,2) width 28: "c1r2"
          RenderTableRow {TR} at (0,26) size 258x22
            RenderTableCell {TD} at (190,26) size 32x22 [border: (1px inset #808080)] [r=1 c=1 rs=1 cs=1]
              RenderText {#text} at (2,2) size 28x18
                text run at (2,2) width 28: "c0r3"
            RenderTableCell {TD} at (224,26) size 32x22 [border: (1px inset #808080)] [r=1 c=2 rs=1 cs=1]
              RenderText {#text} at (2,2) size 28x18
                text run at (2,2) width 28: "c1r3"
          RenderTableRow {TR} at (0,50) size 258x22
            RenderTableCell {TD} at (190,50) size 32x22 [border: (1px inset #808080)] [r=2 c=1 rs=1 cs=1]
              RenderText {#text} at (2,2) size 28x18
                text run at (2,2) width 28: "c0r4"
            RenderTableCell {TD} at (224,50) size 32x22 [border: (1px inset #808080)] [r=2 c=2 rs=1 cs=1]
              RenderText {#text} at (2,2) size 28x18
                text run at (2,2) width 28: "c1r4"
          RenderTableRow {TR} at (0,74) size 258x22
            RenderTableCell {TD} at (190,74) size 32x22 [border: (1px inset #808080)] [r=3 c=1 rs=1 cs=1]
              RenderText {#text} at (2,2) size 28x18
                text run at (2,2) width 28: "c0r5"
            RenderTableCell {TD} at (224,74) size 32x22 [border: (1px inset #808080)] [r=3 c=2 rs=1 cs=1]
              RenderText {#text} at (2,2) size 28x18
                text run at (2,2) width 28: "c1r5"
          RenderTableRow {TR} at (0,98) size 258x22
            RenderTableCell {TD} at (190,98) size 32x22 [border: (1px inset #808080)] [r=4 c=1 rs=1 cs=1]
              RenderText {#text} at (2,2) size 28x18
                text run at (2,2) width 28: "c0r6"
            RenderTableCell {TD} at (224,98) size 32x22 [border: (1px inset #808080)] [r=4 c=2 rs=1 cs=1]
              RenderText {#text} at (2,2) size 28x18
                text run at (2,2) width 28: "c1r6"
          RenderTableRow {TR} at (0,122) size 258x22
            RenderTableCell {TD} at (2,146) size 186x22 [border: (1px inset #808080)] [r=5 c=0 rs=3 cs=1]
              RenderText {#text} at (2,2) size 136x18
                text run at (2,2) width 136: "c0r[7-9] span=3 rows"
            RenderTableCell {TD} at (190,122) size 32x22 [border: (1px inset #808080)] [r=5 c=1 rs=1 cs=1]
              RenderText {#text} at (2,2) size 28x18
                text run at (2,2) width 28: "c0r7"
            RenderTableCell {TD} at (224,122) size 32x22 [border: (1px inset #808080)] [r=5 c=2 rs=1 cs=1]
              RenderText {#text} at (2,2) size 28x18
                text run at (2,2) width 28: "c1r7"
          RenderTableRow {TR} at (0,146) size 258x22
            RenderTableCell {TD} at (190,146) size 32x22 [border: (1px inset #808080)] [r=6 c=1 rs=1 cs=1]
              RenderText {#text} at (2,2) size 28x18
                text run at (2,2) width 28: "c0r8"
            RenderTableCell {TD} at (224,146) size 32x22 [border: (1px inset #808080)] [r=6 c=2 rs=1 cs=1]
              RenderText {#text} at (2,2) size 28x18
                text run at (2,2) width 28: "c1r8"
          RenderTableRow {TR} at (0,170) size 258x22
            RenderTableCell {TD} at (190,170) size 32x22 [border: (1px inset #808080)] [r=7 c=1 rs=1 cs=1]
              RenderText {#text} at (2,2) size 28x18
                text run at (2,2) width 28: "c0r9"
            RenderTableCell {TD} at (224,170) size 32x22 [border: (1px inset #808080)] [r=7 c=2 rs=1 cs=1]
              RenderText {#text} at (2,2) size 28x18
                text run at (2,2) width 28: "c1r9"
      RenderBlock (anonymous) at (0,368) size 769x18
        RenderBR {BR} at (0,0) size 0x18
      RenderTable {TABLE} at (0,386) size 63x52 [border: (1px outset #808080)]
        RenderTableSection {TBODY} at (1,1) size 61x50
          RenderTableRow {TR} at (0,2) size 61x22
            RenderTableCell {TD} at (2,2) size 27x22 [border: (1px inset #808080)] [r=0 c=0 rs=1 cs=1]
              RenderText {#text} at (2,2) size 23x18
                text run at (2,2) width 23: "one"
            RenderTableCell {TD} at (31,14) size 28x22 [border: (1px inset #808080)] [r=0 c=1 rs=2 cs=1]
              RenderText {#text} at (2,2) size 24x18
                text run at (2,2) width 24: "two"
          RenderTableRow {TR} at (0,26) size 61x22
            RenderTableCell {TD} at (2,26) size 57x22 [border: (1px inset #808080)] [r=1 c=0 rs=1 cs=2]
              RenderText {#text} at (13,2) size 31x18
                text run at (13,2) width 31: "three"
      RenderTable {TABLE} at (0,438) size 57x30 [border: (1px outset #808080)]
        RenderTableSection {TBODY} at (1,1) size 55x28
          RenderTableRow {TR} at (0,2) size 55x0
            RenderTableCell {TD} at (2,3) size 25x22 [border: (1px inset #808080)] [r=0 c=0 rs=2 cs=1]
              RenderText {#text} at (2,2) size 21x18
                text run at (2,2) width 21: "foo"
          RenderTableRow {TR} at (0,4) size 55x22
            RenderTableCell {TD} at (29,4) size 24x22 [border: (1px inset #808080)] [r=1 c=1 rs=2 cs=1]
              RenderText {#text} at (2,2) size 20x18
                text run at (2,2) width 20: "bar"
      RenderBlock (anonymous) at (0,468) size 769x18
        RenderBR {BR} at (0,0) size 0x18
      RenderTable {TABLE} at (0,486) size 602x364 [border: (1px outset #808080)]
        RenderTableSection {TBODY} at (1,1) size 600x362
          RenderTableRow {TR} at (0,0) size 600x0
            RenderTableCell {TD} at (0,0) size 503x362 [bgcolor=#FFFFFF] [border: (1px inset #808080)] [r=0 c=0 rs=2 cs=2]
              RenderImage {IMG} at (1,1) size 132x360
          RenderTableRow {TR} at (0,0) size 600x362
            RenderTableCell {TD} at (502,171) size 98x20 [border: (1px inset #808080)] [r=1 c=2 rs=1 cs=6]
              RenderText {#text} at (72,1) size 25x18
                text run at (72,1) width 25: "xxx"
