layer at (0,0) size 800x600
  RenderView at (0,0) size 800x600
layer at (0,0) size 800x600
  RenderBlock {HTML} at (0,0) size 800x600
    RenderBody {BODY} at (8,8) size 784x584
      RenderTable {TABLE} at (0,0) size 78x26
        RenderTableSection {TBODY} at (0,0) size 78x26
          RenderTableRow {TR} at (0,2) size 78x22
            RenderTableCell {TD} at (2,2) size 40x22 [border: (1px inset #808080)] [r=0 c=0 rs=1 cs=1]
              RenderText {#text} at (2,2) size 36x18
                text run at (2,2) width 36: "frame"
            RenderTableCell {TD} at (44,2) size 32x22 [border: (1px inset #808080)] [r=0 c=1 rs=1 cs=1]
              RenderText {#text} at (2,2) size 28x18
                text run at (2,2) width 28: "void"
      RenderBlock (anonymous) at (0,26) size 784x18
        RenderBR {BR} at (0,0) size 0x18
      RenderTable {TABLE} at (0,44) size 88x27 [border: (1px solid #808080) none]
        RenderTableSection {TBODY} at (0,1) size 88x26
          RenderTableRow {TR} at (0,2) size 88x22
            RenderTableCell {TD} at (2,2) size 40x22 [border: (1px inset #808080)] [r=0 c=0 rs=1 cs=1]
              RenderText {#text} at (2,2) size 36x18
                text run at (2,2) width 36: "frame"
            RenderTableCell {TD} at (44,2) size 42x22 [border: (1px inset #808080)] [r=0 c=1 rs=1 cs=1]
              RenderText {#text} at (2,2) size 38x18
                text run at (2,2) width 38: "above"
      RenderBlock (anonymous) at (0,71) size 784x18
        RenderBR {BR} at (0,0) size 0x18
      RenderTable {TABLE} at (0,89) size 89x27 [border: none (1px solid #808080) none]
        RenderTableSection {TBODY} at (0,0) size 89x26
          RenderTableRow {TR} at (0,2) size 89x22
            RenderTableCell {TD} at (2,2) size 40x22 [border: (1px inset #808080)] [r=0 c=0 rs=1 cs=1]
              RenderText {#text} at (2,2) size 36x18
                text run at (2,2) width 36: "frame"
            RenderTableCell {TD} at (44,2) size 43x22 [border: (1px inset #808080)] [r=0 c=1 rs=1 cs=1]
              RenderText {#text} at (2,2) size 39x18
                text run at (2,2) width 39: "below"
      RenderBlock (anonymous) at (0,116) size 784x18
        RenderBR {BR} at (0,0) size 0x18
      RenderTable {TABLE} at (0,134) size 89x28 [border: (1px solid #808080) none (1px solid #808080) none]
        RenderTableSection {TBODY} at (0,1) size 89x26
          RenderTableRow {TR} at (0,2) size 89x22
            RenderTableCell {TD} at (2,2) size 40x22 [border: (1px inset #808080)] [r=0 c=0 rs=1 cs=1]
              RenderText {#text} at (2,2) size 36x18
                text run at (2,2) width 36: "frame"
            RenderTableCell {TD} at (44,2) size 43x22 [border: (1px inset #808080)] [r=0 c=1 rs=1 cs=1]
              RenderText {#text} at (2,2) size 39x18
                text run at (2,2) width 39: "hsides"
      RenderBlock (anonymous) at (0,162) size 784x18
        RenderBR {BR} at (0,0) size 0x18
      RenderTable {TABLE} at (0,180) size 91x26 [border: none (1px solid #808080) none (1px solid #808080)]
        RenderTableSection {TBODY} at (1,0) size 89x26
          RenderTableRow {TR} at (0,2) size 89x22
            RenderTableCell {TD} at (2,2) size 40x22 [border: (1px inset #808080)] [r=0 c=0 rs=1 cs=1]
              RenderText {#text} at (2,2) size 36x18
                text run at (2,2) width 36: "frame"
            RenderTableCell {TD} at (44,2) size 43x22 [border: (1px inset #808080)] [r=0 c=1 rs=1 cs=1]
              RenderText {#text} at (2,2) size 39x18
                text run at (2,2) width 39: "vsides"
      RenderBlock (anonymous) at (0,206) size 784x18
        RenderBR {BR} at (0,0) size 0x18
      RenderTable {TABLE} at (0,224) size 70x26 [border: none (1px solid #808080) none]
        RenderTableSection {TBODY} at (0,0) size 69x26
          RenderTableRow {TR} at (0,2) size 69x22
            RenderTableCell {TD} at (2,2) size 40x22 [border: (1px inset #808080)] [r=0 c=0 rs=1 cs=1]
              RenderText {#text} at (2,2) size 36x18
                text run at (2,2) width 36: "frame"
            RenderTableCell {TD} at (44,2) size 23x22 [border: (1px inset #808080)] [r=0 c=1 rs=1 cs=1]
              RenderText {#text} at (2,2) size 19x18
                text run at (2,2) width 19: "rhs"
      RenderBlock (anonymous) at (0,250) size 784x18
        RenderBR {BR} at (0,0) size 0x18
      RenderTable {TABLE} at (0,268) size 69x26 [border: none (1px solid #808080)]
        RenderTableSection {TBODY} at (1,0) size 68x26
          RenderTableRow {TR} at (0,2) size 68x22
            RenderTableCell {TD} at (2,2) size 40x22 [border: (1px inset #808080)] [r=0 c=0 rs=1 cs=1]
              RenderText {#text} at (2,2) size 36x18
                text run at (2,2) width 36: "frame"
            RenderTableCell {TD} at (44,2) size 22x22 [border: (1px inset #808080)] [r=0 c=1 rs=1 cs=1]
              RenderText {#text} at (2,2) size 18x18
                text run at (2,2) width 18: "lhs"
      RenderBlock (anonymous) at (0,294) size 784x18
        RenderBR {BR} at (0,0) size 0x18
      RenderTable {TABLE} at (0,312) size 76x28 [border: (1px solid #808080)]
        RenderTableSection {TBODY} at (1,1) size 74x26
          RenderTableRow {TR} at (0,2) size 74x22
            RenderTableCell {TD} at (2,2) size 40x22 [border: (1px inset #808080)] [r=0 c=0 rs=1 cs=1]
              RenderText {#text} at (2,2) size 36x18
                text run at (2,2) width 36: "frame"
            RenderTableCell {TD} at (44,2) size 28x22 [border: (1px inset #808080)] [r=0 c=1 rs=1 cs=1]
              RenderText {#text} at (2,2) size 24x18
                text run at (2,2) width 24: "box"
      RenderBlock (anonymous) at (0,340) size 784x18
        RenderBR {BR} at (0,0) size 0x18
      RenderTable {TABLE} at (0,358) size 93x28 [border: (1px solid #808080)]
        RenderTableSection {TBODY} at (1,1) size 91x26
          RenderTableRow {TR} at (0,2) size 91x22
            RenderTableCell {TD} at (2,2) size 40x22 [border: (1px inset #808080)] [r=0 c=0 rs=1 cs=1]
              RenderText {#text} at (2,2) size 36x18
                text run at (2,2) width 36: "frame"
            RenderTableCell {TD} at (44,2) size 45x22 [border: (1px inset #808080)] [r=0 c=1 rs=1 cs=1]
              RenderText {#text} at (2,2) size 41x18
                text run at (2,2) width 41: "border"
      RenderBlock (anonymous) at (0,386) size 784x18
        RenderBR {BR} at (0,0) size 0x18
