layer at (0,0) size 800x600
  RenderView at (0,0) size 800x600
layer at (0,0) size 800x600
  RenderBlock {HTML} at (0,0) size 800x600 [border: (2px solid #FF0000)]
    RenderBody {BODY} at (22,22) size 756x556
      RenderTable {TABLE} at (0,0) size 756x556 [border: (1px outset #808080)]
        RenderTableSection {TBODY} at (1,1) size 754x554
          RenderTableRow {TR} at (0,2) size 754x550
            RenderTableCell {TD} at (2,266) size 370x22 [border: (1px inset #808080)] [r=0 c=0 rs=1 cs=1]
              RenderText {#text} at (2,2) size 33x18
                text run at (2,2) width 33: "FOO"
            RenderTableCell {TD} at (373,266) size 380x22 [border: (1px inset #808080)] [r=0 c=1 rs=1 cs=1]
              RenderText {#text} at (2,2) size 34x18
                text run at (2,2) width 34: "BAR"
