layer at (0,0) size 800x600
  RenderView at (0,0) size 800x600
layer at (0,0) size 800x600
  RenderBlock {HTML} at (0,0) size 800x600
    RenderBody {BODY} at (8,8) size 784x584
      RenderBlock (anonymous) at (0,0) size 784x40
        RenderText {#text} at (0,0) size 760x39
          text run at (0,0) width 670: "You should see a green rectangle below that is 100 pixels tall and that fills the width of the content area. "
          text run at (669,0) width 91: "If you see any"
          text run at (0,20) width 176: "red, then the test has failed."
      RenderBlock {DIV} at (0,40) size 784x100 [bgcolor=#FF0000]
        RenderDeprecatedFlexibleBox {DIV} at (0,0) size 784x100 [bgcolor=#008000]
          RenderBlock {DIV} at (0,0) size 0x100 [bgcolor=#FF0000]
