layer at (0,0) size 800x600
  RenderView at (0,0) size 800x600
layer at (0,0) size 800x600
  RenderBlock {HTML} at (0,0) size 800x600
    RenderBody {BODY} at (8,8) size 784x584
      RenderBlock {P} at (0,0) size 784x80
        RenderText {#text} at (0,0) size 783x79
          text run at (0,0) width 456: "You should see a black box below that is the width of the content area. "
          text run at (455,0) width 264: "It contains alternating struts and springs. "
          text run at (718,0) width 65: "The struts"
          text run at (0,20) width 261: "are bordered in green and are inflexible. "
          text run at (260,20) width 523: "The springs are bordered in purple and should grow and shrink as you resize your"
          text run at (0,40) width 115: "browser window. "
          text run at (114,40) width 644: "The black box should get taller when you make your window wider and get shorter when you shrink"
          text run at (0,60) width 144: "your browser window."
      RenderDeprecatedFlexibleBox {DIV} at (0,96) size 784x76 [border: (2px solid #000000)]
        RenderDeprecatedFlexibleBox {DIV} at (6,6) size 41x64 [border: (2px solid #008000)]
          RenderBlock (anonymous) at (2,2) size 37x60
            RenderText {#text} at (0,0) size 37x19
              text run at (0,0) width 37: "Fixed"
        RenderDeprecatedFlexibleBox {DIV} at (50,6) size 196x64 [border: (2px solid #800080)]
          RenderBlock (anonymous) at (2,2) size 192x60
            RenderText {#text} at (0,0) size 191x59
              text run at (0,0) width 191: "This is a flexible block, and it"
              text run at (0,20) width 141: "will shrink or grow as"
              text run at (0,40) width 50: "needed."
        RenderDeprecatedFlexibleBox {DIV} at (249,6) size 42x64 [border: (2px solid #008000)]
          RenderBlock (anonymous) at (2,2) size 37x60
            RenderText {#text} at (0,0) size 37x19
              text run at (0,0) width 37: "Fixed"
        RenderDeprecatedFlexibleBox {DIV} at (294,6) size 196x64 [border: (2px solid #800080)]
          RenderBlock (anonymous) at (2,2) size 192x60
            RenderText {#text} at (0,0) size 191x59
              text run at (0,0) width 191: "This is a flexible block, and it"
              text run at (0,20) width 141: "will shrink or grow as"
              text run at (0,40) width 50: "needed."
        RenderDeprecatedFlexibleBox {DIV} at (493,6) size 42x64 [border: (2px solid #008000)]
          RenderBlock (anonymous) at (2,2) size 37x60
            RenderText {#text} at (0,0) size 37x19
              text run at (0,0) width 37: "Fixed"
        RenderDeprecatedFlexibleBox {DIV} at (538,6) size 196x64 [border: (2px solid #800080)]
          RenderBlock (anonymous) at (2,2) size 192x60
            RenderText {#text} at (0,0) size 191x59
              text run at (0,0) width 191: "This is a flexible block, and it"
              text run at (0,20) width 141: "will shrink or grow as"
              text run at (0,40) width 50: "needed."
        RenderDeprecatedFlexibleBox {DIV} at (737,6) size 41x64 [border: (2px solid #008000)]
          RenderBlock (anonymous) at (2,2) size 37x60
            RenderText {#text} at (0,0) size 37x19
              text run at (0,0) width 37: "Fixed"
