layer at (0,0) size 800x600
  RenderView at (0,0) size 800x600
layer at (0,0) size 800x600
  RenderBlock {HTML} at (0,0) size 800x600
    RenderBody {BODY} at (8,8) size 784x584
      RenderBlock {P} at (0,0) size 784x60
        RenderText {#text} at (0,0) size 783x59
          text run at (0,0) width 783: "You should see a single 100x100 green square below. If your browser supports the display of ALT text, you should see the"
          text run at (0,20) width 249: "word \"Image\" inside the green square. "
          text run at (248,20) width 275: "If you see any red, then the test has failed. "
          text run at (522,20) width 218: "This test is checking to make sure"
          text run at (0,40) width 327: "replaced elements inside boxes get stretched when "
        RenderInline {CODE} at (0,0) size 141x14
          RenderText {#text} at (326,45) size 141x14
            text run at (326,45) width 141: "box-align: stretch"
        RenderText {#text} at (466,40) size 82x19
          text run at (466,40) width 82: " is specified."
      RenderDeprecatedFlexibleBox {DIV} at (0,76) size 100x100 [bgcolor=#FF0000]
        RenderImage {IMG} at (0,0) size 100x100 [bgcolor=#008000]
