layer at (0,0) size 800x600
  RenderView at (0,0) size 800x600
layer at (0,0) size 800x58
  RenderBlock {HTML} at (0,0) size 800x58
    RenderBody {BODY} at (8,8) size 784x42
      RenderBlock {DIV} at (0,0) size 784x20
        RenderText {#text} at (0,0) size 784x19
          text run at (0,0) width 784: "When the caret reaches the edge of the input box or content editable div, on the next input if must jump to the center of the control."
layer at (8,28) size 82x22 clip at (9,29) size 80x20 scrollX 41 scrollWidth 337
  RenderBlock {DIV} at (0,20) size 82x22 [border: (1px solid #000000)]
    RenderText {#text} at (1,1) size 336x19
      text run at (1,1) width 336: "012345678901012345678901234567890123456789"
caret: position 12 of child 0 {#text} of child 5 {DIV} of body
