layer at (0,0) size 785x5955
  RenderView at (0,0) size 785x600
layer at (0,0) size 785x5955
  RenderBlock {HTML} at (0,0) size 785x5955
    RenderBody {BODY} at (8,21) size 769x5918
      RenderBlock {H1} at (0,0) size 769x37
        RenderText {#text} at (0,0) size 481x36
          text run at (0,0) width 481: "Vertical alignment and table height"
      RenderBlock {P} at (0,58) size 769x55
        RenderText {#text} at (0,0) size 275x17
          text run at (0,0) width 275: "The following three tables have heights of "
        RenderInline {CODE} at (0,0) size 32x15
          RenderText {#text} at (274,3) size 32x15
            text run at (274,3) width 32: "auto"
        RenderText {#text} at (305,0) size 9x17
          text run at (305,0) width 9: ", "
        RenderInline {CODE} at (0,0) size 32x15
          RenderText {#text} at (313,3) size 32x15
            text run at (313,3) width 32: "30px"
        RenderText {#text} at (344,0) size 36x17
          text run at (344,0) width 36: ", and "
        RenderInline {CODE} at (0,0) size 40x15
          RenderText {#text} at (379,3) size 40x15
            text run at (379,3) width 40: "500px"
        RenderText {#text} at (418,0) size 765x53
          text run at (418,0) width 9: ". "
          text run at (426,0) width 339: "The first one should have the height of the sum of its"
          text run at (0,18) width 40: "rows. "
          text run at (39,18) width 670: "The second and third can be handled however the browser wants, but there just here to make sure it does"
          text run at (0,36) width 144: "something reasonable."
      RenderTable {TABLE} at (0,128) size 111x147
        RenderTableSection {TBODY} at (0,0) size 111x146
          RenderTableRow {TR} at (0,2) size 111x22
            RenderTableCell {TD} at (2,2) size 35x22 [border: (1px solid #000000)] [r=0 c=0 rs=1 cs=1]
              RenderText {#text} at (2,2) size 31x17
                text run at (2,2) width 31: "Data"
            RenderTableCell {TD} at (38,2) size 35x22 [border: (1px solid #000000)] [r=0 c=1 rs=1 cs=1]
              RenderText {#text} at (2,2) size 31x17
                text run at (2,2) width 31: "Data"
            RenderTableCell {TD} at (74,2) size 35x22 [border: (1px solid #000000)] [r=0 c=2 rs=1 cs=1]
              RenderText {#text} at (2,2) size 31x17
                text run at (2,2) width 31: "Data"
          RenderTableRow {TR} at (0,26) size 111x22
            RenderTableCell {TD} at (2,26) size 35x22 [border: (1px solid #000000)] [r=1 c=0 rs=1 cs=1]
              RenderText {#text} at (2,2) size 31x17
                text run at (2,2) width 31: "Data"
            RenderTableCell {TD} at (38,26) size 35x22 [border: (1px solid #000000)] [r=1 c=1 rs=1 cs=1]
              RenderText {#text} at (2,2) size 31x17
                text run at (2,2) width 31: "Data"
            RenderTableCell {TD} at (74,26) size 35x22 [border: (1px solid #000000)] [r=1 c=2 rs=1 cs=1]
              RenderText {#text} at (2,2) size 31x17
                text run at (2,2) width 31: "Data"
          RenderTableRow {TR} at (0,50) size 111x22
            RenderTableCell {TD} at (2,50) size 35x22 [border: (1px solid #000000)] [r=2 c=0 rs=1 cs=1]
              RenderText {#text} at (2,2) size 31x17
                text run at (2,2) width 31: "Data"
            RenderTableCell {TD} at (38,50) size 35x22 [border: (1px solid #000000)] [r=2 c=1 rs=1 cs=1]
              RenderText {#text} at (2,2) size 31x17
                text run at (2,2) width 31: "Data"
            RenderTableCell {TD} at (74,50) size 35x22 [border: (1px solid #000000)] [r=2 c=2 rs=1 cs=1]
              RenderText {#text} at (2,2) size 31x17
                text run at (2,2) width 31: "Data"
          RenderTableRow {TR} at (0,74) size 111x22
            RenderTableCell {TD} at (2,74) size 35x22 [border: (1px solid #000000)] [r=3 c=0 rs=1 cs=1]
              RenderText {#text} at (2,2) size 31x17
                text run at (2,2) width 31: "Data"
            RenderTableCell {TD} at (38,74) size 35x22 [border: (1px solid #000000)] [r=3 c=1 rs=1 cs=1]
              RenderText {#text} at (2,2) size 31x17
                text run at (2,2) width 31: "Data"
            RenderTableCell {TD} at (74,74) size 35x22 [border: (1px solid #000000)] [r=3 c=2 rs=1 cs=1]
              RenderText {#text} at (2,2) size 31x17
                text run at (2,2) width 31: "Data"
          RenderTableRow {TR} at (0,98) size 111x22
            RenderTableCell {TD} at (2,98) size 35x22 [border: (1px solid #000000)] [r=4 c=0 rs=1 cs=1]
              RenderText {#text} at (2,2) size 31x17
                text run at (2,2) width 31: "Data"
            RenderTableCell {TD} at (38,98) size 35x22 [border: (1px solid #000000)] [r=4 c=1 rs=1 cs=1]
              RenderText {#text} at (2,2) size 31x17
                text run at (2,2) width 31: "Data"
            RenderTableCell {TD} at (74,98) size 35x22 [border: (1px solid #000000)] [r=4 c=2 rs=1 cs=1]
              RenderText {#text} at (2,2) size 31x17
                text run at (2,2) width 31: "Data"
          RenderTableRow {TR} at (0,122) size 111x22
            RenderTableCell {TD} at (2,122) size 35x22 [border: (1px solid #000000)] [r=5 c=0 rs=1 cs=1]
              RenderText {#text} at (2,2) size 31x17
                text run at (2,2) width 31: "Data"
            RenderTableCell {TD} at (38,122) size 35x22 [border: (1px solid #000000)] [r=5 c=1 rs=1 cs=1]
              RenderText {#text} at (2,2) size 31x17
                text run at (2,2) width 31: "Data"
            RenderTableCell {TD} at (74,122) size 35x22 [border: (1px solid #000000)] [r=5 c=2 rs=1 cs=1]
              RenderText {#text} at (2,2) size 31x17
                text run at (2,2) width 31: "Data"
      RenderTable {TABLE} at (0,274) size 111x147
        RenderTableSection {TBODY} at (0,0) size 111x146
          RenderTableRow {TR} at (0,2) size 111x22
            RenderTableCell {TD} at (2,2) size 35x22 [border: (1px solid #000000)] [r=0 c=0 rs=1 cs=1]
              RenderText {#text} at (2,2) size 31x17
                text run at (2,2) width 31: "Data"
            RenderTableCell {TD} at (38,2) size 35x22 [border: (1px solid #000000)] [r=0 c=1 rs=1 cs=1]
              RenderText {#text} at (2,2) size 31x17
                text run at (2,2) width 31: "Data"
            RenderTableCell {TD} at (74,2) size 35x22 [border: (1px solid #000000)] [r=0 c=2 rs=1 cs=1]
              RenderText {#text} at (2,2) size 31x17
                text run at (2,2) width 31: "Data"
          RenderTableRow {TR} at (0,26) size 111x22
            RenderTableCell {TD} at (2,26) size 35x22 [border: (1px solid #000000)] [r=1 c=0 rs=1 cs=1]
              RenderText {#text} at (2,2) size 31x17
                text run at (2,2) width 31: "Data"
            RenderTableCell {TD} at (38,26) size 35x22 [border: (1px solid #000000)] [r=1 c=1 rs=1 cs=1]
              RenderText {#text} at (2,2) size 31x17
                text run at (2,2) width 31: "Data"
            RenderTableCell {TD} at (74,26) size 35x22 [border: (1px solid #000000)] [r=1 c=2 rs=1 cs=1]
              RenderText {#text} at (2,2) size 31x17
                text run at (2,2) width 31: "Data"
          RenderTableRow {TR} at (0,50) size 111x22
            RenderTableCell {TD} at (2,50) size 35x22 [border: (1px solid #000000)] [r=2 c=0 rs=1 cs=1]
              RenderText {#text} at (2,2) size 31x17
                text run at (2,2) width 31: "Data"
            RenderTableCell {TD} at (38,50) size 35x22 [border: (1px solid #000000)] [r=2 c=1 rs=1 cs=1]
              RenderText {#text} at (2,2) size 31x17
                text run at (2,2) width 31: "Data"
            RenderTableCell {TD} at (74,50) size 35x22 [border: (1px solid #000000)] [r=2 c=2 rs=1 cs=1]
              RenderText {#text} at (2,2) size 31x17
                text run at (2,2) width 31: "Data"
          RenderTableRow {TR} at (0,74) size 111x22
            RenderTableCell {TD} at (2,74) size 35x22 [border: (1px solid #000000)] [r=3 c=0 rs=1 cs=1]
              RenderText {#text} at (2,2) size 31x17
                text run at (2,2) width 31: "Data"
            RenderTableCell {TD} at (38,74) size 35x22 [border: (1px solid #000000)] [r=3 c=1 rs=1 cs=1]
              RenderText {#text} at (2,2) size 31x17
                text run at (2,2) width 31: "Data"
            RenderTableCell {TD} at (74,74) size 35x22 [border: (1px solid #000000)] [r=3 c=2 rs=1 cs=1]
              RenderText {#text} at (2,2) size 31x17
                text run at (2,2) width 31: "Data"
          RenderTableRow {TR} at (0,98) size 111x22
            RenderTableCell {TD} at (2,98) size 35x22 [border: (1px solid #000000)] [r=4 c=0 rs=1 cs=1]
              RenderText {#text} at (2,2) size 31x17
                text run at (2,2) width 31: "Data"
            RenderTableCell {TD} at (38,98) size 35x22 [border: (1px solid #000000)] [r=4 c=1 rs=1 cs=1]
              RenderText {#text} at (2,2) size 31x17
                text run at (2,2) width 31: "Data"
            RenderTableCell {TD} at (74,98) size 35x22 [border: (1px solid #000000)] [r=4 c=2 rs=1 cs=1]
              RenderText {#text} at (2,2) size 31x17
                text run at (2,2) width 31: "Data"
          RenderTableRow {TR} at (0,122) size 111x22
            RenderTableCell {TD} at (2,122) size 35x22 [border: (1px solid #000000)] [r=5 c=0 rs=1 cs=1]
              RenderText {#text} at (2,2) size 31x17
                text run at (2,2) width 31: "Data"
            RenderTableCell {TD} at (38,122) size 35x22 [border: (1px solid #000000)] [r=5 c=1 rs=1 cs=1]
              RenderText {#text} at (2,2) size 31x17
                text run at (2,2) width 31: "Data"
            RenderTableCell {TD} at (74,122) size 35x22 [border: (1px solid #000000)] [r=5 c=2 rs=1 cs=1]
              RenderText {#text} at (2,2) size 31x17
                text run at (2,2) width 31: "Data"
      RenderTable {TABLE} at (0,420) size 111x501
        RenderTableSection {TBODY} at (0,0) size 111x500
          RenderTableRow {TR} at (0,2) size 111x81
            RenderTableCell {TD} at (2,31) size 35x23 [border: (1px solid #000000)] [r=0 c=0 rs=1 cs=1]
              RenderText {#text} at (2,1) size 31x19
                text run at (2,2) width 31: "Data"
            RenderTableCell {TD} at (38,31) size 35x23 [border: (1px solid #000000)] [r=0 c=1 rs=1 cs=1]
              RenderText {#text} at (2,1) size 31x19
                text run at (2,2) width 31: "Data"
            RenderTableCell {TD} at (74,31) size 35x23 [border: (1px solid #000000)] [r=0 c=2 rs=1 cs=1]
              RenderText {#text} at (2,1) size 31x19
                text run at (2,2) width 31: "Data"
          RenderTableRow {TR} at (0,85) size 111x81
            RenderTableCell {TD} at (2,114) size 35x23 [border: (1px solid #000000)] [r=1 c=0 rs=1 cs=1]
              RenderText {#text} at (2,1) size 31x19
                text run at (2,2) width 31: "Data"
            RenderTableCell {TD} at (38,114) size 35x23 [border: (1px solid #000000)] [r=1 c=1 rs=1 cs=1]
              RenderText {#text} at (2,1) size 31x19
                text run at (2,2) width 31: "Data"
            RenderTableCell {TD} at (74,114) size 35x23 [border: (1px solid #000000)] [r=1 c=2 rs=1 cs=1]
              RenderText {#text} at (2,1) size 31x19
                text run at (2,2) width 31: "Data"
          RenderTableRow {TR} at (0,168) size 111x81
            RenderTableCell {TD} at (2,197) size 35x23 [border: (1px solid #000000)] [r=2 c=0 rs=1 cs=1]
              RenderText {#text} at (2,1) size 31x19
                text run at (2,2) width 31: "Data"
            RenderTableCell {TD} at (38,197) size 35x23 [border: (1px solid #000000)] [r=2 c=1 rs=1 cs=1]
              RenderText {#text} at (2,1) size 31x19
                text run at (2,2) width 31: "Data"
            RenderTableCell {TD} at (74,197) size 35x23 [border: (1px solid #000000)] [r=2 c=2 rs=1 cs=1]
              RenderText {#text} at (2,1) size 31x19
                text run at (2,2) width 31: "Data"
          RenderTableRow {TR} at (0,251) size 111x81
            RenderTableCell {TD} at (2,280) size 35x23 [border: (1px solid #000000)] [r=3 c=0 rs=1 cs=1]
              RenderText {#text} at (2,1) size 31x19
                text run at (2,2) width 31: "Data"
            RenderTableCell {TD} at (38,280) size 35x23 [border: (1px solid #000000)] [r=3 c=1 rs=1 cs=1]
              RenderText {#text} at (2,1) size 31x19
                text run at (2,2) width 31: "Data"
            RenderTableCell {TD} at (74,280) size 35x23 [border: (1px solid #000000)] [r=3 c=2 rs=1 cs=1]
              RenderText {#text} at (2,1) size 31x19
                text run at (2,2) width 31: "Data"
          RenderTableRow {TR} at (0,334) size 111x81
            RenderTableCell {TD} at (2,363) size 35x23 [border: (1px solid #000000)] [r=4 c=0 rs=1 cs=1]
              RenderText {#text} at (2,1) size 31x19
                text run at (2,2) width 31: "Data"
            RenderTableCell {TD} at (38,363) size 35x23 [border: (1px solid #000000)] [r=4 c=1 rs=1 cs=1]
              RenderText {#text} at (2,1) size 31x19
                text run at (2,2) width 31: "Data"
            RenderTableCell {TD} at (74,363) size 35x23 [border: (1px solid #000000)] [r=4 c=2 rs=1 cs=1]
              RenderText {#text} at (2,1) size 31x19
                text run at (2,2) width 31: "Data"
          RenderTableRow {TR} at (0,417) size 111x81
            RenderTableCell {TD} at (2,446) size 35x23 [border: (1px solid #000000)] [r=5 c=0 rs=1 cs=1]
              RenderText {#text} at (2,1) size 31x19
                text run at (2,2) width 31: "Data"
            RenderTableCell {TD} at (38,446) size 35x23 [border: (1px solid #000000)] [r=5 c=1 rs=1 cs=1]
              RenderText {#text} at (2,1) size 31x19
                text run at (2,2) width 31: "Data"
            RenderTableCell {TD} at (74,446) size 35x23 [border: (1px solid #000000)] [r=5 c=2 rs=1 cs=1]
              RenderText {#text} at (2,1) size 31x19
                text run at (2,2) width 31: "Data"
      RenderBlock {P} at (0,936) size 769x37
        RenderText {#text} at (0,0) size 747x35
          text run at (0,0) width 238: "These tables test percentage heights. "
          text run at (237,0) width 510: "The first should be its natural height; the second should be 50% of the height of"
          text run at (0,18) width 209: "the div (600px), which is 300px."
      RenderTable {TABLE} at (0,988) size 111x147
        RenderTableSection {TBODY} at (0,0) size 111x146
          RenderTableRow {TR} at (0,2) size 111x22
            RenderTableCell {TD} at (2,2) size 35x22 [border: (1px solid #000000)] [r=0 c=0 rs=1 cs=1]
              RenderText {#text} at (2,2) size 31x17
                text run at (2,2) width 31: "Data"
            RenderTableCell {TD} at (38,2) size 35x22 [border: (1px solid #000000)] [r=0 c=1 rs=1 cs=1]
              RenderText {#text} at (2,2) size 31x17
                text run at (2,2) width 31: "Data"
            RenderTableCell {TD} at (74,2) size 35x22 [border: (1px solid #000000)] [r=0 c=2 rs=1 cs=1]
              RenderText {#text} at (2,2) size 31x17
                text run at (2,2) width 31: "Data"
          RenderTableRow {TR} at (0,26) size 111x22
            RenderTableCell {TD} at (2,26) size 35x22 [border: (1px solid #000000)] [r=1 c=0 rs=1 cs=1]
              RenderText {#text} at (2,2) size 31x17
                text run at (2,2) width 31: "Data"
            RenderTableCell {TD} at (38,26) size 35x22 [border: (1px solid #000000)] [r=1 c=1 rs=1 cs=1]
              RenderText {#text} at (2,2) size 31x17
                text run at (2,2) width 31: "Data"
            RenderTableCell {TD} at (74,26) size 35x22 [border: (1px solid #000000)] [r=1 c=2 rs=1 cs=1]
              RenderText {#text} at (2,2) size 31x17
                text run at (2,2) width 31: "Data"
          RenderTableRow {TR} at (0,50) size 111x22
            RenderTableCell {TD} at (2,50) size 35x22 [border: (1px solid #000000)] [r=2 c=0 rs=1 cs=1]
              RenderText {#text} at (2,2) size 31x17
                text run at (2,2) width 31: "Data"
            RenderTableCell {TD} at (38,50) size 35x22 [border: (1px solid #000000)] [r=2 c=1 rs=1 cs=1]
              RenderText {#text} at (2,2) size 31x17
                text run at (2,2) width 31: "Data"
            RenderTableCell {TD} at (74,50) size 35x22 [border: (1px solid #000000)] [r=2 c=2 rs=1 cs=1]
              RenderText {#text} at (2,2) size 31x17
                text run at (2,2) width 31: "Data"
          RenderTableRow {TR} at (0,74) size 111x22
            RenderTableCell {TD} at (2,74) size 35x22 [border: (1px solid #000000)] [r=3 c=0 rs=1 cs=1]
              RenderText {#text} at (2,2) size 31x17
                text run at (2,2) width 31: "Data"
            RenderTableCell {TD} at (38,74) size 35x22 [border: (1px solid #000000)] [r=3 c=1 rs=1 cs=1]
              RenderText {#text} at (2,2) size 31x17
                text run at (2,2) width 31: "Data"
            RenderTableCell {TD} at (74,74) size 35x22 [border: (1px solid #000000)] [r=3 c=2 rs=1 cs=1]
              RenderText {#text} at (2,2) size 31x17
                text run at (2,2) width 31: "Data"
          RenderTableRow {TR} at (0,98) size 111x22
            RenderTableCell {TD} at (2,98) size 35x22 [border: (1px solid #000000)] [r=4 c=0 rs=1 cs=1]
              RenderText {#text} at (2,2) size 31x17
                text run at (2,2) width 31: "Data"
            RenderTableCell {TD} at (38,98) size 35x22 [border: (1px solid #000000)] [r=4 c=1 rs=1 cs=1]
              RenderText {#text} at (2,2) size 31x17
                text run at (2,2) width 31: "Data"
            RenderTableCell {TD} at (74,98) size 35x22 [border: (1px solid #000000)] [r=4 c=2 rs=1 cs=1]
              RenderText {#text} at (2,2) size 31x17
                text run at (2,2) width 31: "Data"
          RenderTableRow {TR} at (0,122) size 111x22
            RenderTableCell {TD} at (2,122) size 35x22 [border: (1px solid #000000)] [r=5 c=0 rs=1 cs=1]
              RenderText {#text} at (2,2) size 31x17
                text run at (2,2) width 31: "Data"
            RenderTableCell {TD} at (38,122) size 35x22 [border: (1px solid #000000)] [r=5 c=1 rs=1 cs=1]
              RenderText {#text} at (2,2) size 31x17
                text run at (2,2) width 31: "Data"
            RenderTableCell {TD} at (74,122) size 35x22 [border: (1px solid #000000)] [r=5 c=2 rs=1 cs=1]
              RenderText {#text} at (2,2) size 31x17
                text run at (2,2) width 31: "Data"
      RenderBlock {DIV} at (0,1134) size 769x607 [border: (3px solid #800080)]
        RenderTable {TABLE} at (3,3) size 111x300
          RenderTableSection {TBODY} at (0,0) size 111x300
            RenderTableRow {TR} at (0,2) size 111x48
              RenderTableCell {TD} at (2,14) size 35x23 [border: (1px solid #000000)] [r=0 c=0 rs=1 cs=1]
                RenderText {#text} at (2,1) size 31x19
                  text run at (2,2) width 31: "Data"
              RenderTableCell {TD} at (38,14) size 35x23 [border: (1px solid #000000)] [r=0 c=1 rs=1 cs=1]
                RenderText {#text} at (2,1) size 31x19
                  text run at (2,2) width 31: "Data"
              RenderTableCell {TD} at (74,14) size 35x23 [border: (1px solid #000000)] [r=0 c=2 rs=1 cs=1]
                RenderText {#text} at (2,1) size 31x19
                  text run at (2,2) width 31: "Data"
            RenderTableRow {TR} at (0,51) size 111x49
              RenderTableCell {TD} at (2,64) size 35x23 [border: (1px solid #000000)] [r=1 c=0 rs=1 cs=1]
                RenderText {#text} at (2,1) size 31x19
                  text run at (2,2) width 31: "Data"
              RenderTableCell {TD} at (38,64) size 35x23 [border: (1px solid #000000)] [r=1 c=1 rs=1 cs=1]
                RenderText {#text} at (2,1) size 31x19
                  text run at (2,2) width 31: "Data"
              RenderTableCell {TD} at (74,64) size 35x23 [border: (1px solid #000000)] [r=1 c=2 rs=1 cs=1]
                RenderText {#text} at (2,1) size 31x19
                  text run at (2,2) width 31: "Data"
            RenderTableRow {TR} at (0,101) size 111x48
              RenderTableCell {TD} at (2,114) size 35x23 [border: (1px solid #000000)] [r=2 c=0 rs=1 cs=1]
                RenderText {#text} at (2,1) size 31x19
                  text run at (2,2) width 31: "Data"
              RenderTableCell {TD} at (38,114) size 35x23 [border: (1px solid #000000)] [r=2 c=1 rs=1 cs=1]
                RenderText {#text} at (2,1) size 31x19
                  text run at (2,2) width 31: "Data"
              RenderTableCell {TD} at (74,114) size 35x23 [border: (1px solid #000000)] [r=2 c=2 rs=1 cs=1]
                RenderText {#text} at (2,1) size 31x19
                  text run at (2,2) width 31: "Data"
            RenderTableRow {TR} at (0,150) size 111x49
              RenderTableCell {TD} at (2,163) size 35x23 [border: (1px solid #000000)] [r=3 c=0 rs=1 cs=1]
                RenderText {#text} at (2,1) size 31x19
                  text run at (2,2) width 31: "Data"
              RenderTableCell {TD} at (38,163) size 35x23 [border: (1px solid #000000)] [r=3 c=1 rs=1 cs=1]
                RenderText {#text} at (2,1) size 31x19
                  text run at (2,2) width 31: "Data"
              RenderTableCell {TD} at (74,163) size 35x23 [border: (1px solid #000000)] [r=3 c=2 rs=1 cs=1]
                RenderText {#text} at (2,1) size 31x19
                  text run at (2,2) width 31: "Data"
            RenderTableRow {TR} at (0,200) size 111x49
              RenderTableCell {TD} at (2,213) size 35x23 [border: (1px solid #000000)] [r=4 c=0 rs=1 cs=1]
                RenderText {#text} at (2,1) size 31x19
                  text run at (2,2) width 31: "Data"
              RenderTableCell {TD} at (38,213) size 35x23 [border: (1px solid #000000)] [r=4 c=1 rs=1 cs=1]
                RenderText {#text} at (2,1) size 31x19
                  text run at (2,2) width 31: "Data"
              RenderTableCell {TD} at (74,213) size 35x23 [border: (1px solid #000000)] [r=4 c=2 rs=1 cs=1]
                RenderText {#text} at (2,1) size 31x19
                  text run at (2,2) width 31: "Data"
            RenderTableRow {TR} at (0,250) size 111x48
              RenderTableCell {TD} at (2,263) size 35x23 [border: (1px solid #000000)] [r=5 c=0 rs=1 cs=1]
                RenderText {#text} at (2,1) size 31x19
                  text run at (2,2) width 31: "Data"
              RenderTableCell {TD} at (38,263) size 35x23 [border: (1px solid #000000)] [r=5 c=1 rs=1 cs=1]
                RenderText {#text} at (2,1) size 31x19
                  text run at (2,2) width 31: "Data"
              RenderTableCell {TD} at (74,263) size 35x23 [border: (1px solid #000000)] [r=5 c=2 rs=1 cs=1]
                RenderText {#text} at (2,1) size 31x19
                  text run at (2,2) width 31: "Data"
      RenderBlock {P} at (0,1756) size 769x55
        RenderText {#text} at (0,0) size 154x17
          text run at (0,0) width 154: "The following tests test "
        RenderInline {CODE} at (0,0) size 48x15
          RenderText {#text} at (153,3) size 48x15
            text run at (153,3) width 48: "height"
        RenderText {#text} at (200,0) size 170x17
          text run at (200,0) width 170: " on table rows. A value of "
        RenderInline {CODE} at (0,0) size 32x15
          RenderText {#text} at (369,3) size 32x15
            text run at (369,3) width 32: "auto"
        RenderText {#text} at (400,0) size 761x53
          text run at (400,0) width 325: " requires the minimum height needed by the cells. "
          text run at (724,0) width 25: "In a"
          text run at (0,18) width 761: "simple case, this is just the height of the tallest cell (excluding the increased padding, of course, since with the padding"
          text run at (0,36) width 202: "the cells have the same height):"
      RenderTable {TABLE} at (0,1826) size 111x45
        RenderTableSection {TBODY} at (0,0) size 111x44
          RenderTableRow {TR} at (0,2) size 111x40
            RenderTableCell {TD} at (2,11) size 35x22 [border: (1px solid #000000)] [r=0 c=0 rs=1 cs=1]
              RenderText {#text} at (2,2) size 31x17
                text run at (2,2) width 31: "Data"
            RenderTableCell {TD} at (38,2) size 35x40 [border: (1px solid #000000)] [r=0 c=1 rs=1 cs=1]
              RenderText {#text} at (2,2) size 31x17
                text run at (2,2) width 31: "Data"
              RenderBR {BR} at (32,2) size 1x17
              RenderText {#text} at (2,20) size 31x17
                text run at (2,20) width 31: "Data"
            RenderTableCell {TD} at (74,11) size 35x22 [border: (1px solid #000000)] [r=0 c=2 rs=1 cs=1]
              RenderText {#text} at (2,2) size 31x17
                text run at (2,2) width 31: "Data"
      RenderBlock {P} at (0,1886) size 769x37
        RenderText {#text} at (0,0) size 218x17
          text run at (0,0) width 218: "However, vertical-align values of "
        RenderInline {CODE} at (0,0) size 63x15
          RenderText {#text} at (217,3) size 63x15
            text run at (217,3) width 63: "baseline"
        RenderText {#text} at (279,0) size 759x35
          text run at (279,0) width 480: " (the default, but could be overridden in a UA stylesheet) can make it taller"
          text run at (0,18) width 60: "than that:"
      RenderTable {TABLE} at (0,1938) size 292x145
        RenderTableSection {TBODY} at (0,0) size 292x144
          RenderTableRow {TR} at (0,2) size 292x140
            RenderTableCell {TD} at (2,46) size 35x22 [border: (1px solid #000000)] [r=0 c=0 rs=1 cs=1]
              RenderText {#text} at (2,2) size 31x17
                text run at (2,2) width 31: "Data"
            RenderTableCell {TD} at (38,2) size 126x96 [border: (1px solid #000000)] [r=0 c=1 rs=1 cs=1]
              RenderInline {SPAN} at (0,0) size 121x71
                RenderText {#text} at (2,3) size 121x71
                  text run at (2,3) width 121: "Data"
              RenderBR {BR} at (122,46) size 1x17
              RenderText {#text} at (2,76) size 31x17
                text run at (2,76) width 31: "Data"
            RenderTableCell {TD} at (165,46) size 125x96 [border: (1px solid #000000)] [r=0 c=2 rs=1 cs=1]
              RenderText {#text} at (2,2) size 31x17
                text run at (2,2) width 31: "Data"
              RenderBR {BR} at (32,2) size 1x17
              RenderInline {SPAN} at (0,0) size 121x71
                RenderText {#text} at (2,21) size 121x71
                  text run at (2,21) width 121: "Data"
      RenderBlock {P} at (0,2098) size 769x19
        RenderText {#text} at (0,0) size 537x17
          text run at (0,0) width 537: "The exact same thing should happen when the given height for the row is too small:"
      RenderTable {TABLE} at (0,2132) size 292x145
        RenderTableSection {TBODY} at (0,0) size 292x144
          RenderTableRow {TR} at (0,2) size 292x140
            RenderTableCell {TD} at (2,46) size 35x22 [border: (1px solid #000000)] [r=0 c=0 rs=1 cs=1]
              RenderText {#text} at (2,2) size 31x17
                text run at (2,2) width 31: "Data"
            RenderTableCell {TD} at (38,2) size 126x96 [border: (1px solid #000000)] [r=0 c=1 rs=1 cs=1]
              RenderInline {SPAN} at (0,0) size 121x71
                RenderText {#text} at (2,3) size 121x71
                  text run at (2,3) width 121: "Data"
              RenderBR {BR} at (122,46) size 1x17
              RenderText {#text} at (2,76) size 31x17
                text run at (2,76) width 31: "Data"
            RenderTableCell {TD} at (165,46) size 125x96 [border: (1px solid #000000)] [r=0 c=2 rs=1 cs=1]
              RenderText {#text} at (2,2) size 31x17
                text run at (2,2) width 31: "Data"
              RenderBR {BR} at (32,2) size 1x17
              RenderInline {SPAN} at (0,0) size 121x71
                RenderText {#text} at (2,21) size 121x71
                  text run at (2,21) width 121: "Data"
      RenderBlock {P} at (0,2292) size 769x37
        RenderText {#text} at (0,0) size 757x35
          text run at (0,0) width 757: "Padding should also be able to increase the height (here the first cell has 20px padding-top and the second has 20px of"
          text run at (0,18) width 112: "padding-bottom):"
      RenderTable {TABLE} at (0,2344) size 111x46
        RenderTableSection {TBODY} at (0,0) size 111x45
          RenderTableRow {TR} at (0,2) size 111x41
            RenderTableCell {TD} at (2,2) size 35x41 [border: (1px solid #000000)] [r=0 c=0 rs=1 cs=1]
              RenderText {#text} at (2,21) size 31x17
                text run at (2,21) width 31: "Data"
            RenderTableCell {TD} at (38,2) size 35x41 [border: (1px solid #000000)] [r=0 c=1 rs=1 cs=1]
              RenderText {#text} at (2,2) size 31x17
                text run at (2,2) width 31: "Data"
            RenderTableCell {TD} at (74,11) size 35x23 [border: (1px solid #000000)] [r=0 c=2 rs=1 cs=1]
              RenderText {#text} at (2,1) size 31x19
                text run at (2,2) width 31: "Data"
      RenderTable {TABLE} at (0,2389) size 111x46
        RenderTableSection {TBODY} at (0,0) size 111x45
          RenderTableRow {TR} at (0,2) size 111x41
            RenderTableCell {TD} at (2,2) size 35x41 [border: (1px solid #000000)] [r=0 c=0 rs=1 cs=1]
              RenderText {#text} at (2,21) size 31x17
                text run at (2,21) width 31: "Data"
            RenderTableCell {TD} at (38,2) size 35x41 [border: (1px solid #000000)] [r=0 c=1 rs=1 cs=1]
              RenderText {#text} at (2,2) size 31x17
                text run at (2,2) width 31: "Data"
            RenderTableCell {TD} at (74,11) size 35x23 [border: (1px solid #000000)] [r=0 c=2 rs=1 cs=1]
              RenderText {#text} at (2,1) size 31x19
                text run at (2,2) width 31: "Data"
      RenderBlock {P} at (0,2450) size 769x37
        RenderText {#text} at (0,0) size 764x35
          text run at (0,0) width 488: "These two tables should be 200px tall, because of a height on the table row. "
          text run at (487,0) width 277: "The second one should have its second and"
          text run at (0,18) width 452: "third cell's contents offset from the middle by 10px (bottom, then top):"
      RenderTable {TABLE} at (0,2502) size 292x205
        RenderTableSection {TBODY} at (0,0) size 292x204
          RenderTableRow {TR} at (0,2) size 292x200
            RenderTableCell {TD} at (2,46) size 35x22 [border: (1px solid #000000)] [r=0 c=0 rs=1 cs=1]
              RenderText {#text} at (2,2) size 31x17
                text run at (2,2) width 31: "Data"
            RenderTableCell {TD} at (38,2) size 126x96 [border: (1px solid #000000)] [r=0 c=1 rs=1 cs=1]
              RenderInline {SPAN} at (0,0) size 121x71
                RenderText {#text} at (2,3) size 121x71
                  text run at (2,3) width 121: "Data"
              RenderBR {BR} at (122,46) size 1x17
              RenderText {#text} at (2,76) size 31x17
                text run at (2,76) width 31: "Data"
            RenderTableCell {TD} at (165,46) size 125x96 [border: (1px solid #000000)] [r=0 c=2 rs=1 cs=1]
              RenderText {#text} at (2,2) size 31x17
                text run at (2,2) width 31: "Data"
              RenderBR {BR} at (32,2) size 1x17
              RenderInline {SPAN} at (0,0) size 121x71
                RenderText {#text} at (2,21) size 121x71
                  text run at (2,21) width 121: "Data"
      RenderTable {TABLE} at (0,2706) size 111x205
        RenderTableSection {TBODY} at (0,0) size 111x204
          RenderTableRow {TR} at (0,2) size 111x200
            RenderTableCell {TD} at (2,81) size 35x42 [border: (1px solid #000000)] [r=0 c=0 rs=1 cs=1]
              RenderText {#text} at (2,20) size 31x19
                text run at (2,21) width 31: "Data"
            RenderTableCell {TD} at (38,81) size 35x42 [border: (1px solid #000000)] [r=0 c=1 rs=1 cs=1]
              RenderText {#text} at (2,1) size 31x19
                text run at (2,2) width 31: "Data"
            RenderTableCell {TD} at (74,91) size 35x22 [border: (1px solid #000000)] [r=0 c=2 rs=1 cs=1]
              RenderText {#text} at (2,2) size 31x17
                text run at (2,2) width 31: "Data"
      RenderBlock {P} at (0,2926) size 769x37
        RenderText {#text} at (0,0) size 733x35
          text run at (0,0) width 527: "The behavior of percentage heights on table-row or table-row-group is undefined. "
          text run at (526,0) width 207: "However, I think they should be"
          text run at (0,18) width 283: "ignored, so these tables should look normal:"
      RenderTable {TABLE} at (0,2978) size 111x75
        RenderTableSection {TBODY} at (0,0) size 111x74
          RenderTableRow {TR} at (0,2) size 111x22
            RenderTableCell {TD} at (2,2) size 35x22 [border: (1px solid #000000)] [r=0 c=0 rs=1 cs=1]
              RenderText {#text} at (2,2) size 31x17
                text run at (2,2) width 31: "Data"
            RenderTableCell {TD} at (38,2) size 35x22 [border: (1px solid #000000)] [r=0 c=1 rs=1 cs=1]
              RenderText {#text} at (2,2) size 31x17
                text run at (2,2) width 31: "Data"
            RenderTableCell {TD} at (74,2) size 35x22 [border: (1px solid #000000)] [r=0 c=2 rs=1 cs=1]
              RenderText {#text} at (2,2) size 31x17
                text run at (2,2) width 31: "Data"
          RenderTableRow {TR} at (0,26) size 111x22
            RenderTableCell {TD} at (2,26) size 35x22 [border: (1px solid #000000)] [r=1 c=0 rs=1 cs=1]
              RenderText {#text} at (2,2) size 31x17
                text run at (2,2) width 31: "Data"
            RenderTableCell {TD} at (38,26) size 35x22 [border: (1px solid #000000)] [r=1 c=1 rs=1 cs=1]
              RenderText {#text} at (2,2) size 31x17
                text run at (2,2) width 31: "Data"
            RenderTableCell {TD} at (74,26) size 35x22 [border: (1px solid #000000)] [r=1 c=2 rs=1 cs=1]
              RenderText {#text} at (2,2) size 31x17
                text run at (2,2) width 31: "Data"
          RenderTableRow {TR} at (0,50) size 111x22
            RenderTableCell {TD} at (2,50) size 35x22 [border: (1px solid #000000)] [r=2 c=0 rs=1 cs=1]
              RenderText {#text} at (2,2) size 31x17
                text run at (2,2) width 31: "Data"
            RenderTableCell {TD} at (38,50) size 35x22 [border: (1px solid #000000)] [r=2 c=1 rs=1 cs=1]
              RenderText {#text} at (2,2) size 31x17
                text run at (2,2) width 31: "Data"
            RenderTableCell {TD} at (74,50) size 35x22 [border: (1px solid #000000)] [r=2 c=2 rs=1 cs=1]
              RenderText {#text} at (2,2) size 31x17
                text run at (2,2) width 31: "Data"
      RenderTable {TABLE} at (0,3052) size 111x75
        RenderTableSection {TBODY} at (0,0) size 111x74
          RenderTableRow {TR} at (0,2) size 111x22
            RenderTableCell {TD} at (2,2) size 35x22 [border: (1px solid #000000)] [r=0 c=0 rs=1 cs=1]
              RenderText {#text} at (2,2) size 31x17
                text run at (2,2) width 31: "Data"
            RenderTableCell {TD} at (38,2) size 35x22 [border: (1px solid #000000)] [r=0 c=1 rs=1 cs=1]
              RenderText {#text} at (2,2) size 31x17
                text run at (2,2) width 31: "Data"
            RenderTableCell {TD} at (74,2) size 35x22 [border: (1px solid #000000)] [r=0 c=2 rs=1 cs=1]
              RenderText {#text} at (2,2) size 31x17
                text run at (2,2) width 31: "Data"
          RenderTableRow {TR} at (0,26) size 111x22
            RenderTableCell {TD} at (2,26) size 35x22 [border: (1px solid #000000)] [r=1 c=0 rs=1 cs=1]
              RenderText {#text} at (2,2) size 31x17
                text run at (2,2) width 31: "Data"
            RenderTableCell {TD} at (38,26) size 35x22 [border: (1px solid #000000)] [r=1 c=1 rs=1 cs=1]
              RenderText {#text} at (2,2) size 31x17
                text run at (2,2) width 31: "Data"
            RenderTableCell {TD} at (74,26) size 35x22 [border: (1px solid #000000)] [r=1 c=2 rs=1 cs=1]
              RenderText {#text} at (2,2) size 31x17
                text run at (2,2) width 31: "Data"
          RenderTableRow {TR} at (0,50) size 111x22
            RenderTableCell {TD} at (2,50) size 35x22 [border: (1px solid #000000)] [r=2 c=0 rs=1 cs=1]
              RenderText {#text} at (2,2) size 31x17
                text run at (2,2) width 31: "Data"
            RenderTableCell {TD} at (38,50) size 35x22 [border: (1px solid #000000)] [r=2 c=1 rs=1 cs=1]
              RenderText {#text} at (2,2) size 31x17
                text run at (2,2) width 31: "Data"
            RenderTableCell {TD} at (74,50) size 35x22 [border: (1px solid #000000)] [r=2 c=2 rs=1 cs=1]
              RenderText {#text} at (2,2) size 31x17
                text run at (2,2) width 31: "Data"
      RenderTable {TABLE} at (0,3126) size 111x171
        RenderTableSection {THEAD} at (0,0) size 111x50
          RenderTableRow {TR} at (0,2) size 111x22
            RenderTableCell {TD} at (2,2) size 35x22 [border: (1px solid #000000)] [r=0 c=0 rs=1 cs=1]
              RenderText {#text} at (2,2) size 31x17
                text run at (2,2) width 31: "Data"
            RenderTableCell {TD} at (38,2) size 35x22 [border: (1px solid #000000)] [r=0 c=1 rs=1 cs=1]
              RenderText {#text} at (2,2) size 31x17
                text run at (2,2) width 31: "Data"
            RenderTableCell {TD} at (74,2) size 35x22 [border: (1px solid #000000)] [r=0 c=2 rs=1 cs=1]
              RenderText {#text} at (2,2) size 31x17
                text run at (2,2) width 31: "Data"
          RenderTableRow {TR} at (0,26) size 111x22
            RenderTableCell {TD} at (2,26) size 35x22 [border: (1px solid #000000)] [r=1 c=0 rs=1 cs=1]
              RenderText {#text} at (2,2) size 31x17
                text run at (2,2) width 31: "Data"
            RenderTableCell {TD} at (38,26) size 35x22 [border: (1px solid #000000)] [r=1 c=1 rs=1 cs=1]
              RenderText {#text} at (2,2) size 31x17
                text run at (2,2) width 31: "Data"
            RenderTableCell {TD} at (74,26) size 35x22 [border: (1px solid #000000)] [r=1 c=2 rs=1 cs=1]
              RenderText {#text} at (2,2) size 31x17
                text run at (2,2) width 31: "Data"
        RenderTableSection {TFOOT} at (0,122) size 111x48
          RenderTableRow {TR} at (0,0) size 111x22
            RenderTableCell {TD} at (2,0) size 35x22 [border: (1px solid #000000)] [r=0 c=0 rs=1 cs=1]
              RenderText {#text} at (2,2) size 31x17
                text run at (2,2) width 31: "Data"
            RenderTableCell {TD} at (38,0) size 35x22 [border: (1px solid #000000)] [r=0 c=1 rs=1 cs=1]
              RenderText {#text} at (2,2) size 31x17
                text run at (2,2) width 31: "Data"
            RenderTableCell {TD} at (74,0) size 35x22 [border: (1px solid #000000)] [r=0 c=2 rs=1 cs=1]
              RenderText {#text} at (2,2) size 31x17
                text run at (2,2) width 31: "Data"
          RenderTableRow {TR} at (0,24) size 111x22
            RenderTableCell {TD} at (2,24) size 35x22 [border: (1px solid #000000)] [r=1 c=0 rs=1 cs=1]
              RenderText {#text} at (2,2) size 31x17
                text run at (2,2) width 31: "Data"
            RenderTableCell {TD} at (38,24) size 35x22 [border: (1px solid #000000)] [r=1 c=1 rs=1 cs=1]
              RenderText {#text} at (2,2) size 31x17
                text run at (2,2) width 31: "Data"
            RenderTableCell {TD} at (74,24) size 35x22 [border: (1px solid #000000)] [r=1 c=2 rs=1 cs=1]
              RenderText {#text} at (2,2) size 31x17
                text run at (2,2) width 31: "Data"
        RenderTableSection {TBODY} at (0,50) size 111x72
          RenderTableRow {TR} at (0,0) size 111x22
            RenderTableCell {TD} at (2,0) size 35x22 [border: (1px solid #000000)] [r=0 c=0 rs=1 cs=1]
              RenderText {#text} at (2,2) size 31x17
                text run at (2,2) width 31: "Data"
            RenderTableCell {TD} at (38,0) size 35x22 [border: (1px solid #000000)] [r=0 c=1 rs=1 cs=1]
              RenderText {#text} at (2,2) size 31x17
                text run at (2,2) width 31: "Data"
            RenderTableCell {TD} at (74,0) size 35x22 [border: (1px solid #000000)] [r=0 c=2 rs=1 cs=1]
              RenderText {#text} at (2,2) size 31x17
                text run at (2,2) width 31: "Data"
          RenderTableRow {TR} at (0,24) size 111x22
            RenderTableCell {TD} at (2,24) size 35x22 [border: (1px solid #000000)] [r=1 c=0 rs=1 cs=1]
              RenderText {#text} at (2,2) size 31x17
                text run at (2,2) width 31: "Data"
            RenderTableCell {TD} at (38,24) size 35x22 [border: (1px solid #000000)] [r=1 c=1 rs=1 cs=1]
              RenderText {#text} at (2,2) size 31x17
                text run at (2,2) width 31: "Data"
            RenderTableCell {TD} at (74,24) size 35x22 [border: (1px solid #000000)] [r=1 c=2 rs=1 cs=1]
              RenderText {#text} at (2,2) size 31x17
                text run at (2,2) width 31: "Data"
          RenderTableRow {TR} at (0,48) size 111x22
            RenderTableCell {TD} at (2,48) size 35x22 [border: (1px solid #000000)] [r=2 c=0 rs=1 cs=1]
              RenderText {#text} at (2,2) size 31x17
                text run at (2,2) width 31: "Data"
            RenderTableCell {TD} at (38,48) size 35x22 [border: (1px solid #000000)] [r=2 c=1 rs=1 cs=1]
              RenderText {#text} at (2,2) size 31x17
                text run at (2,2) width 31: "Data"
            RenderTableCell {TD} at (74,48) size 35x22 [border: (1px solid #000000)] [r=2 c=2 rs=1 cs=1]
              RenderText {#text} at (2,2) size 31x17
                text run at (2,2) width 31: "Data"
      RenderTable {TABLE} at (0,3296) size 111x171
        RenderTableSection {THEAD} at (0,0) size 111x50
          RenderTableRow {TR} at (0,2) size 111x22
            RenderTableCell {TD} at (2,2) size 35x22 [border: (1px solid #000000)] [r=0 c=0 rs=1 cs=1]
              RenderText {#text} at (2,2) size 31x17
                text run at (2,2) width 31: "Data"
            RenderTableCell {TD} at (38,2) size 35x22 [border: (1px solid #000000)] [r=0 c=1 rs=1 cs=1]
              RenderText {#text} at (2,2) size 31x17
                text run at (2,2) width 31: "Data"
            RenderTableCell {TD} at (74,2) size 35x22 [border: (1px solid #000000)] [r=0 c=2 rs=1 cs=1]
              RenderText {#text} at (2,2) size 31x17
                text run at (2,2) width 31: "Data"
          RenderTableRow {TR} at (0,26) size 111x22
            RenderTableCell {TD} at (2,26) size 35x22 [border: (1px solid #000000)] [r=1 c=0 rs=1 cs=1]
              RenderText {#text} at (2,2) size 31x17
                text run at (2,2) width 31: "Data"
            RenderTableCell {TD} at (38,26) size 35x22 [border: (1px solid #000000)] [r=1 c=1 rs=1 cs=1]
              RenderText {#text} at (2,2) size 31x17
                text run at (2,2) width 31: "Data"
            RenderTableCell {TD} at (74,26) size 35x22 [border: (1px solid #000000)] [r=1 c=2 rs=1 cs=1]
              RenderText {#text} at (2,2) size 31x17
                text run at (2,2) width 31: "Data"
        RenderTableSection {TFOOT} at (0,122) size 111x48
          RenderTableRow {TR} at (0,0) size 111x22
            RenderTableCell {TD} at (2,0) size 35x22 [border: (1px solid #000000)] [r=0 c=0 rs=1 cs=1]
              RenderText {#text} at (2,2) size 31x17
                text run at (2,2) width 31: "Data"
            RenderTableCell {TD} at (38,0) size 35x22 [border: (1px solid #000000)] [r=0 c=1 rs=1 cs=1]
              RenderText {#text} at (2,2) size 31x17
                text run at (2,2) width 31: "Data"
            RenderTableCell {TD} at (74,0) size 35x22 [border: (1px solid #000000)] [r=0 c=2 rs=1 cs=1]
              RenderText {#text} at (2,2) size 31x17
                text run at (2,2) width 31: "Data"
          RenderTableRow {TR} at (0,24) size 111x22
            RenderTableCell {TD} at (2,24) size 35x22 [border: (1px solid #000000)] [r=1 c=0 rs=1 cs=1]
              RenderText {#text} at (2,2) size 31x17
                text run at (2,2) width 31: "Data"
            RenderTableCell {TD} at (38,24) size 35x22 [border: (1px solid #000000)] [r=1 c=1 rs=1 cs=1]
              RenderText {#text} at (2,2) size 31x17
                text run at (2,2) width 31: "Data"
            RenderTableCell {TD} at (74,24) size 35x22 [border: (1px solid #000000)] [r=1 c=2 rs=1 cs=1]
              RenderText {#text} at (2,2) size 31x17
                text run at (2,2) width 31: "Data"
        RenderTableSection {TBODY} at (0,50) size 111x72
          RenderTableRow {TR} at (0,0) size 111x22
            RenderTableCell {TD} at (2,0) size 35x22 [border: (1px solid #000000)] [r=0 c=0 rs=1 cs=1]
              RenderText {#text} at (2,2) size 31x17
                text run at (2,2) width 31: "Data"
            RenderTableCell {TD} at (38,0) size 35x22 [border: (1px solid #000000)] [r=0 c=1 rs=1 cs=1]
              RenderText {#text} at (2,2) size 31x17
                text run at (2,2) width 31: "Data"
            RenderTableCell {TD} at (74,0) size 35x22 [border: (1px solid #000000)] [r=0 c=2 rs=1 cs=1]
              RenderText {#text} at (2,2) size 31x17
                text run at (2,2) width 31: "Data"
          RenderTableRow {TR} at (0,24) size 111x22
            RenderTableCell {TD} at (2,24) size 35x22 [border: (1px solid #000000)] [r=1 c=0 rs=1 cs=1]
              RenderText {#text} at (2,2) size 31x17
                text run at (2,2) width 31: "Data"
            RenderTableCell {TD} at (38,24) size 35x22 [border: (1px solid #000000)] [r=1 c=1 rs=1 cs=1]
              RenderText {#text} at (2,2) size 31x17
                text run at (2,2) width 31: "Data"
            RenderTableCell {TD} at (74,24) size 35x22 [border: (1px solid #000000)] [r=1 c=2 rs=1 cs=1]
              RenderText {#text} at (2,2) size 31x17
                text run at (2,2) width 31: "Data"
          RenderTableRow {TR} at (0,48) size 111x22
            RenderTableCell {TD} at (2,48) size 35x22 [border: (1px solid #000000)] [r=2 c=0 rs=1 cs=1]
              RenderText {#text} at (2,2) size 31x17
                text run at (2,2) width 31: "Data"
            RenderTableCell {TD} at (38,48) size 35x22 [border: (1px solid #000000)] [r=2 c=1 rs=1 cs=1]
              RenderText {#text} at (2,2) size 31x17
                text run at (2,2) width 31: "Data"
            RenderTableCell {TD} at (74,48) size 35x22 [border: (1px solid #000000)] [r=2 c=2 rs=1 cs=1]
              RenderText {#text} at (2,2) size 31x17
                text run at (2,2) width 31: "Data"
      RenderBlock {P} at (0,3482) size 769x19
        RenderText {#text} at (0,0) size 498x17
          text run at (0,0) width 498: "The following table should look normal, since very small heights get ignored:"
      RenderTable {TABLE} at (0,3516) size 111x27
        RenderTableSection {TBODY} at (0,0) size 111x26
          RenderTableRow {TR} at (0,2) size 111x22
            RenderTableCell {TD} at (2,2) size 35x22 [border: (1px solid #000000)] [r=0 c=0 rs=1 cs=1]
              RenderText {#text} at (2,2) size 31x17
                text run at (2,2) width 31: "Data"
            RenderTableCell {TD} at (38,2) size 35x22 [border: (1px solid #000000)] [r=0 c=1 rs=1 cs=1]
              RenderText {#text} at (2,2) size 31x17
                text run at (2,2) width 31: "Data"
            RenderTableCell {TD} at (74,2) size 35x22 [border: (1px solid #000000)] [r=0 c=2 rs=1 cs=1]
              RenderText {#text} at (2,2) size 31x17
                text run at (2,2) width 31: "Data"
      RenderBlock {P} at (0,3558) size 769x19
        RenderText {#text} at (0,0) size 258x17
          text run at (0,0) width 258: "So should this one, for auto cell heights:"
      RenderTable {TABLE} at (0,3592) size 111x27
        RenderTableSection {TBODY} at (0,0) size 111x26
          RenderTableRow {TR} at (0,2) size 111x22
            RenderTableCell {TD} at (2,2) size 35x22 [border: (1px solid #000000)] [r=0 c=0 rs=1 cs=1]
              RenderText {#text} at (2,2) size 31x17
                text run at (2,2) width 31: "Data"
            RenderTableCell {TD} at (38,2) size 35x22 [border: (1px solid #000000)] [r=0 c=1 rs=1 cs=1]
              RenderText {#text} at (2,2) size 31x17
                text run at (2,2) width 31: "Data"
            RenderTableCell {TD} at (74,2) size 35x22 [border: (1px solid #000000)] [r=0 c=2 rs=1 cs=1]
              RenderText {#text} at (2,2) size 31x17
                text run at (2,2) width 31: "Data"
      RenderBlock {P} at (0,3634) size 769x19
        RenderText {#text} at (0,0) size 643x17
          text run at (0,0) width 643: "These tables should look the same - all cells should be 100px tall with the text at the top of the cells:"
      RenderTable {TABLE} at (0,3668) size 111x109
        RenderTableSection {TBODY} at (0,0) size 111x108
          RenderTableRow {TR} at (0,2) size 111x104
            RenderTableCell {TD} at (2,2) size 35x22 [border: (1px solid #000000)] [r=0 c=0 rs=1 cs=1]
              RenderText {#text} at (2,2) size 31x17
                text run at (2,2) width 31: "Data"
            RenderTableCell {TD} at (38,2) size 35x22 [border: (1px solid #000000)] [r=0 c=1 rs=1 cs=1]
              RenderText {#text} at (2,2) size 31x17
                text run at (2,2) width 31: "Data"
            RenderTableCell {TD} at (74,2) size 35x22 [border: (1px solid #000000)] [r=0 c=2 rs=1 cs=1]
              RenderText {#text} at (2,2) size 31x17
                text run at (2,2) width 31: "Data"
      RenderTable {TABLE} at (0,3776) size 111x109
        RenderTableSection {TBODY} at (0,0) size 111x108
          RenderTableRow {TR} at (0,2) size 111x104
            RenderTableCell {TD} at (2,43) size 35x22 [border: (1px solid #000000)] [r=0 c=0 rs=1 cs=1]
              RenderText {#text} at (2,2) size 31x17
                text run at (2,2) width 31: "Data"
            RenderTableCell {TD} at (38,43) size 35x22 [border: (1px solid #000000)] [r=0 c=1 rs=1 cs=1]
              RenderText {#text} at (2,2) size 31x17
                text run at (2,2) width 31: "Data"
            RenderTableCell {TD} at (74,43) size 35x22 [border: (1px solid #000000)] [r=0 c=2 rs=1 cs=1]
              RenderText {#text} at (2,2) size 31x17
                text run at (2,2) width 31: "Data"
      RenderTable {TABLE} at (0,3884) size 111x109
        RenderTableSection {TBODY} at (0,0) size 111x108
          RenderTableRow {TR} at (0,2) size 111x104
            RenderTableCell {TD} at (2,2) size 35x22 [border: (1px solid #000000)] [r=0 c=0 rs=1 cs=1]
              RenderText {#text} at (2,2) size 31x17
                text run at (2,2) width 31: "Data"
            RenderTableCell {TD} at (38,2) size 35x22 [border: (1px solid #000000)] [r=0 c=1 rs=1 cs=1]
              RenderText {#text} at (2,2) size 31x17
                text run at (2,2) width 31: "Data"
            RenderTableCell {TD} at (74,2) size 35x22 [border: (1px solid #000000)] [r=0 c=2 rs=1 cs=1]
              RenderText {#text} at (2,2) size 31x17
                text run at (2,2) width 31: "Data"
      RenderTable {TABLE} at (0,3992) size 111x109
        RenderTableSection {TBODY} at (0,0) size 111x108
          RenderTableRow {TR} at (0,2) size 111x104
            RenderTableCell {TD} at (2,2) size 35x22 [border: (1px solid #000000)] [r=0 c=0 rs=1 cs=1]
              RenderText {#text} at (2,2) size 31x17
                text run at (2,2) width 31: "Data"
            RenderTableCell {TD} at (38,2) size 35x22 [border: (1px solid #000000)] [r=0 c=1 rs=1 cs=1]
              RenderText {#text} at (2,2) size 31x17
                text run at (2,2) width 31: "Data"
            RenderTableCell {TD} at (74,2) size 35x22 [border: (1px solid #000000)] [r=0 c=2 rs=1 cs=1]
              RenderText {#text} at (2,2) size 31x17
                text run at (2,2) width 31: "Data"
      RenderBlock {P} at (0,4116) size 769x19
        RenderText {#text} at (0,0) size 730x17
          text run at (0,0) width 730: "In these four tables, the text should be 20px lower each cell, but should otherwise look like the above three tables:"
      RenderTable {TABLE} at (0,4150) size 107x109
        RenderTableSection {TBODY} at (0,0) size 107x108
          RenderTableRow {TR} at (0,2) size 107x104
            RenderTableCell {TD} at (2,2) size 35x22 [border: (1px solid #000000)] [r=0 c=0 rs=1 cs=1]
              RenderText {#text} at (2,2) size 31x17
                text run at (2,2) width 31: "Data"
            RenderTableCell {TD} at (38,2) size 33x60 [border: (1px solid #000000)] [r=0 c=1 rs=1 cs=1]
              RenderText {#text} at (1,21) size 31x17
                text run at (1,21) width 31: "Data"
            RenderTableCell {TD} at (72,2) size 33x100 [border: (1px solid #000000)] [r=0 c=2 rs=1 cs=1]
              RenderText {#text} at (1,41) size 31x17
                text run at (1,41) width 31: "Data"
      RenderTable {TABLE} at (0,4258) size 107x109
        RenderTableSection {TBODY} at (0,0) size 107x108
          RenderTableRow {TR} at (0,2) size 107x104
            RenderTableCell {TD} at (2,2) size 35x22 [border: (1px solid #000000)] [r=0 c=0 rs=1 cs=1]
              RenderText {#text} at (2,2) size 31x17
                text run at (2,2) width 31: "Data"
            RenderTableCell {TD} at (38,2) size 33x40 [border: (1px solid #000000)] [r=0 c=1 rs=1 cs=1]
              RenderText {#text} at (1,21) size 31x17
                text run at (1,21) width 31: "Data"
            RenderTableCell {TD} at (72,2) size 33x60 [border: (1px solid #000000)] [r=0 c=2 rs=1 cs=1]
              RenderText {#text} at (1,41) size 31x17
                text run at (1,41) width 31: "Data"
      RenderTable {TABLE} at (0,4366) size 107x109
        RenderTableSection {TBODY} at (0,0) size 107x108
          RenderTableRow {TR} at (0,2) size 107x104
            RenderTableCell {TD} at (2,43) size 35x22 [border: (1px solid #000000)] [r=0 c=0 rs=1 cs=1]
              RenderText {#text} at (2,2) size 31x17
                text run at (2,2) width 31: "Data"
            RenderTableCell {TD} at (38,24) size 33x60 [border: (1px solid #000000)] [r=0 c=1 rs=1 cs=1]
              RenderText {#text} at (1,21) size 31x17
                text run at (1,21) width 31: "Data"
            RenderTableCell {TD} at (72,4) size 33x100 [border: (1px solid #000000)] [r=0 c=2 rs=1 cs=1]
              RenderText {#text} at (1,41) size 31x17
                text run at (1,41) width 31: "Data"
      RenderTable {TABLE} at (0,4474) size 111x109
        RenderTableSection {TBODY} at (0,0) size 111x108
          RenderTableRow {TR} at (0,2) size 111x104
            RenderTableCell {TD} at (2,43) size 35x22 [border: (1px solid #000000)] [r=0 c=0 rs=1 cs=1]
              RenderText {#text} at (2,2) size 31x17
                text run at (2,2) width 31: "Data"
            RenderTableCell {TD} at (38,43) size 35x22 [border: (1px solid #000000)] [r=0 c=1 rs=1 cs=1]
              RenderText {#text} at (2,2) size 31x17
                text run at (2,2) width 31: "Data"
            RenderTableCell {TD} at (74,43) size 35x22 [border: (1px solid #000000)] [r=0 c=2 rs=1 cs=1]
              RenderText {#text} at (2,2) size 31x17
                text run at (2,2) width 31: "Data"
      RenderBlock {P} at (0,4598) size 769x19
        RenderText {#text} at (0,0) size 378x17
          text run at (0,0) width 378: "These should have the text 40px from the top in every cell:"
      RenderTable {TABLE} at (0,4632) size 107x108
        RenderTableSection {TBODY} at (0,0) size 107x107
          RenderTableRow {TR} at (0,2) size 107x103
            RenderTableCell {TD} at (2,41) size 35x22 [border: (1px solid #000000)] [r=0 c=0 rs=1 cs=1]
              RenderText {#text} at (2,2) size 31x17
                text run at (2,2) width 31: "Data"
            RenderTableCell {TD} at (38,22) size 33x60 [border: (1px solid #000000)] [r=0 c=1 rs=1 cs=1]
              RenderText {#text} at (1,21) size 31x17
                text run at (1,21) width 31: "Data"
            RenderTableCell {TD} at (72,2) size 33x100 [border: (1px solid #000000)] [r=0 c=2 rs=1 cs=1]
              RenderText {#text} at (1,41) size 31x17
                text run at (1,41) width 31: "Data"
      RenderTable {TABLE} at (0,4739) size 107x107
        RenderTableSection {TBODY} at (0,0) size 107x106
          RenderTableRow {TR} at (0,2) size 107x102
            RenderTableCell {TD} at (2,41) size 35x22 [border: (1px solid #000000)] [r=0 c=0 rs=1 cs=1]
              RenderText {#text} at (2,2) size 31x17
                text run at (2,2) width 31: "Data"
            RenderTableCell {TD} at (38,22) size 33x40 [border: (1px solid #000000)] [r=0 c=1 rs=1 cs=1]
              RenderText {#text} at (1,21) size 31x17
                text run at (1,21) width 31: "Data"
            RenderTableCell {TD} at (72,2) size 33x60 [border: (1px solid #000000)] [r=0 c=2 rs=1 cs=1]
              RenderText {#text} at (1,41) size 31x17
                text run at (1,41) width 31: "Data"
      RenderTable {TABLE} at (0,4845) size 107x107
        RenderTableSection {TBODY} at (0,0) size 107x106
          RenderTableRow {TR} at (0,2) size 107x102
            RenderTableCell {TD} at (2,42) size 35x22 [border: (1px solid #000000)] [r=0 c=0 rs=1 cs=1]
              RenderText {#text} at (2,2) size 31x17
                text run at (2,2) width 31: "Data"
            RenderTableCell {TD} at (38,23) size 33x60 [border: (1px solid #000000)] [r=0 c=1 rs=1 cs=1]
              RenderText {#text} at (1,21) size 31x17
                text run at (1,21) width 31: "Data"
            RenderTableCell {TD} at (72,3) size 33x100 [border: (1px solid #000000)] [r=0 c=2 rs=1 cs=1]
              RenderText {#text} at (1,41) size 31x17
                text run at (1,41) width 31: "Data"
      RenderTable {TABLE} at (0,4951) size 107x107
        RenderTableSection {TBODY} at (0,0) size 107x106
          RenderTableRow {TR} at (0,2) size 107x102
            RenderTableCell {TD} at (2,82) size 35x22 [border: (1px solid #000000)] [r=0 c=0 rs=1 cs=1]
              RenderText {#text} at (2,2) size 31x17
                text run at (2,2) width 31: "Data"
            RenderTableCell {TD} at (38,44) size 33x60 [border: (1px solid #000000)] [r=0 c=1 rs=1 cs=1]
              RenderText {#text} at (1,21) size 31x17
                text run at (1,21) width 31: "Data"
            RenderTableCell {TD} at (72,4) size 33x100 [border: (1px solid #000000)] [r=0 c=2 rs=1 cs=1]
              RenderText {#text} at (1,41) size 31x17
                text run at (1,41) width 31: "Data"
      RenderTable {TABLE} at (0,5057) size 107x69
        RenderTableSection {TBODY} at (0,0) size 107x68
          RenderTableRow {TR} at (0,2) size 107x64
            RenderTableCell {TD} at (2,44) size 35x22 [border: (1px solid #000000)] [r=0 c=0 rs=1 cs=1]
              RenderText {#text} at (2,2) size 31x17
                text run at (2,2) width 31: "Data"
            RenderTableCell {TD} at (38,26) size 33x40 [border: (1px solid #000000)] [r=0 c=1 rs=1 cs=1]
              RenderText {#text} at (1,1) size 31x17
                text run at (1,1) width 31: "Data"
            RenderTableCell {TD} at (72,6) size 33x60 [border: (1px solid #000000)] [r=0 c=2 rs=1 cs=1]
              RenderText {#text} at (1,1) size 31x17
                text run at (1,1) width 31: "Data"
      RenderBlock {P} at (0,5141) size 769x37
        RenderText {#text} at (0,0) size 767x35
          text run at (0,0) width 767: "In each of the following tables, three of the cells should have the same baseline of the first line, and the three so marked"
          text run at (0,18) width 275: "should be aligned top, middle, and bottom:"
      RenderTable {TABLE} at (0,5193) size 459x120
        RenderTableSection {TBODY} at (0,0) size 459x119
          RenderTableRow {TR} at (0,2) size 459x115
            RenderTableCell {TD} at (2,76) size 35x22 [border: (1px solid #000000)] [r=0 c=0 rs=1 cs=1]
              RenderText {#text} at (2,2) size 31x17
                text run at (2,2) width 31: "Data"
            RenderTableCell {TD} at (38,46) size 95x59 [border: (1px solid #000000)] [r=0 c=1 rs=1 cs=1]
              RenderText {#text} at (2,3) size 91x53
                text run at (2,3) width 91: "Data"
            RenderTableCell {TD} at (134,2) size 187x115 [border: (1px solid #000000)] [r=0 c=2 rs=1 cs=1]
              RenderText {#text} at (2,4) size 182x107
                text run at (2,4) width 182: "Data"
            RenderTableCell {TD} at (322,2) size 29x22 [border: (1px solid #000000)] [r=0 c=3 rs=1 cs=1]
              RenderText {#text} at (2,2) size 25x17
                text run at (2,2) width 25: "Top"
            RenderTableCell {TD} at (352,48) size 51x23 [border: (1px solid #000000)] [r=0 c=4 rs=1 cs=1]
              RenderText {#text} at (2,1) size 47x19
                text run at (2,2) width 47: "Middle"
            RenderTableCell {TD} at (404,95) size 53x22 [border: (1px solid #000000)] [r=0 c=5 rs=1 cs=1]
              RenderText {#text} at (2,2) size 49x17
                text run at (2,2) width 49: "Bottom"
      RenderTable {TABLE} at (0,5312) size 459x120
        RenderTableSection {TBODY} at (0,0) size 459x119
          RenderTableRow {TR} at (0,2) size 459x115
            RenderTableCell {TD} at (2,2) size 29x22 [border: (1px solid #000000)] [r=0 c=0 rs=1 cs=1]
              RenderText {#text} at (2,2) size 25x17
                text run at (2,2) width 25: "Top"
            RenderTableCell {TD} at (32,48) size 51x23 [border: (1px solid #000000)] [r=0 c=1 rs=1 cs=1]
              RenderText {#text} at (2,1) size 47x19
                text run at (2,2) width 47: "Middle"
            RenderTableCell {TD} at (84,95) size 53x22 [border: (1px solid #000000)] [r=0 c=2 rs=1 cs=1]
              RenderText {#text} at (2,2) size 49x17
                text run at (2,2) width 49: "Bottom"
            RenderTableCell {TD} at (138,2) size 187x115 [border: (1px solid #000000)] [r=0 c=3 rs=1 cs=1]
              RenderText {#text} at (2,4) size 182x107
                text run at (2,4) width 182: "Data"
            RenderTableCell {TD} at (326,76) size 35x22 [border: (1px solid #000000)] [r=0 c=4 rs=1 cs=1]
              RenderText {#text} at (2,2) size 31x17
                text run at (2,2) width 31: "Data"
            RenderTableCell {TD} at (362,46) size 95x59 [border: (1px solid #000000)] [r=0 c=5 rs=1 cs=1]
              RenderText {#text} at (2,3) size 91x53
                text run at (2,3) width 91: "Data"
      RenderTable {TABLE} at (0,5431) size 459x120
        RenderTableSection {TBODY} at (0,0) size 459x119
          RenderTableRow {TR} at (0,2) size 459x115
            RenderTableCell {TD} at (2,2) size 186x115 [border: (1px solid #000000)] [r=0 c=0 rs=1 cs=1]
              RenderText {#text} at (2,4) size 182x107
                text run at (2,4) width 182: "Data"
            RenderTableCell {TD} at (189,2) size 29x22 [border: (1px solid #000000)] [r=0 c=1 rs=1 cs=1]
              RenderText {#text} at (2,2) size 25x17
                text run at (2,2) width 25: "Top"
            RenderTableCell {TD} at (219,48) size 52x23 [border: (1px solid #000000)] [r=0 c=2 rs=1 cs=1]
              RenderText {#text} at (2,1) size 47x19
                text run at (2,2) width 47: "Middle"
            RenderTableCell {TD} at (272,76) size 35x22 [border: (1px solid #000000)] [r=0 c=3 rs=1 cs=1]
              RenderText {#text} at (2,2) size 31x17
                text run at (2,2) width 31: "Data"
            RenderTableCell {TD} at (308,95) size 53x22 [border: (1px solid #000000)] [r=0 c=4 rs=1 cs=1]
              RenderText {#text} at (2,2) size 49x17
                text run at (2,2) width 49: "Bottom"
            RenderTableCell {TD} at (362,46) size 95x59 [border: (1px solid #000000)] [r=0 c=5 rs=1 cs=1]
              RenderText {#text} at (2,3) size 91x53
                text run at (2,3) width 91: "Data"
      RenderTable {TABLE} at (0,5550) size 459x120
        RenderTableSection {TBODY} at (0,0) size 459x119
          RenderTableRow {TR} at (0,2) size 459x115
            RenderTableCell {TD} at (2,2) size 29x22 [border: (1px solid #000000)] [r=0 c=0 rs=1 cs=1]
              RenderText {#text} at (2,2) size 25x17
                text run at (2,2) width 25: "Top"
            RenderTableCell {TD} at (32,76) size 35x22 [border: (1px solid #000000)] [r=0 c=1 rs=1 cs=1]
              RenderText {#text} at (2,2) size 31x17
                text run at (2,2) width 31: "Data"
            RenderTableCell {TD} at (68,46) size 96x59 [border: (1px solid #000000)] [r=0 c=2 rs=1 cs=1]
              RenderText {#text} at (2,3) size 91x53
                text run at (2,3) width 91: "Data"
            RenderTableCell {TD} at (165,48) size 51x23 [border: (1px solid #000000)] [r=0 c=3 rs=1 cs=1]
              RenderText {#text} at (2,1) size 47x19
                text run at (2,2) width 47: "Middle"
            RenderTableCell {TD} at (217,95) size 53x22 [border: (1px solid #000000)] [r=0 c=4 rs=1 cs=1]
              RenderText {#text} at (2,2) size 49x17
                text run at (2,2) width 49: "Bottom"
            RenderTableCell {TD} at (271,2) size 186x115 [border: (1px solid #000000)] [r=0 c=5 rs=1 cs=1]
              RenderText {#text} at (2,4) size 182x107
                text run at (2,4) width 182: "Data"
      RenderTable {TABLE} at (0,5669) size 459x120
        RenderTableSection {TBODY} at (0,0) size 459x119
          RenderTableRow {TR} at (0,2) size 459x115
            RenderTableCell {TD} at (2,2) size 29x22 [border: (1px solid #000000)] [r=0 c=0 rs=1 cs=1]
              RenderText {#text} at (2,2) size 25x17
                text run at (2,2) width 25: "Top"
            RenderTableCell {TD} at (32,46) size 96x59 [border: (1px solid #000000)] [r=0 c=1 rs=1 cs=1]
              RenderText {#text} at (2,3) size 91x53
                text run at (2,3) width 91: "Data"
            RenderTableCell {TD} at (129,95) size 53x22 [border: (1px solid #000000)] [r=0 c=2 rs=1 cs=1]
              RenderText {#text} at (2,2) size 49x17
                text run at (2,2) width 49: "Bottom"
            RenderTableCell {TD} at (183,76) size 35x22 [border: (1px solid #000000)] [r=0 c=3 rs=1 cs=1]
              RenderText {#text} at (2,2) size 31x17
                text run at (2,2) width 31: "Data"
            RenderTableCell {TD} at (219,2) size 186x115 [border: (1px solid #000000)] [r=0 c=4 rs=1 cs=1]
              RenderText {#text} at (2,4) size 182x107
                text run at (2,4) width 182: "Data"
            RenderTableCell {TD} at (406,48) size 51x23 [border: (1px solid #000000)] [r=0 c=5 rs=1 cs=1]
              RenderText {#text} at (2,1) size 47x19
                text run at (2,2) width 47: "Middle"
      RenderBlock {P} at (0,5814) size 769x36
        RenderInline {A} at (0,0) size 88x17 [color=#0000EE]
          RenderImage {IMG} at (0,0) size 88x31
      RenderBlock {P} at (0,5865) size 769x19
        RenderText {#text} at (0,0) size 59x17
          text run at (0,0) width 59: "(Back to "
        RenderInline {A} at (0,0) size 161x17 [color=#0000EE]
          RenderText {#text} at (58,0) size 161x17
            text run at (58,0) width 161: "CSS Testing Information"
        RenderText {#text} at (218,0) size 9x17
          text run at (218,0) width 9: ", "
        RenderInline {A} at (0,0) size 83x17 [color=#0000EE]
          RenderText {#text} at (226,0) size 83x17
            text run at (226,0) width 83: "David Baron"
        RenderText {#text} at (308,0) size 6x17
          text run at (308,0) width 6: ")"
      RenderBlock {P} at (0,5899) size 769x19
        RenderInline {A} at (0,0) size 32x17 [color=#0000EE]
          RenderText {#text} at (0,0) size 32x17
            text run at (0,0) width 32: "LDB"
        RenderText {#text} at (32,0) size 8x17
          text run at (32,0) width 8: ", "
        RenderInline {A} at (0,0) size 158x17 [color=#0000EE]
          RenderText {#text} at (40,0) size 158x17
            text run at (40,0) width 158: "dbaron@fas.harvard.edu"
layer at (8,5818) size 769x2 clip at (0,0) size 0x0
  RenderBlock {HR} at (0,5796) size 769x3 [border: (1px inset #000000)]
