layer at (0,0) size 800x600
  RenderView at (0,0) size 800x600
layer at (0,0) size 800x600
  RenderBlock {HTML} at (0,0) size 800x600
    RenderBody {BODY} at (8,8) size 784x584
      RenderBlock (anonymous) at (0,0) size 784x36
        RenderText {#text} at (0,0) size 261x17
          text run at (0,0) width 261: "Tables: both lines should be 1 pixel thick."
        RenderBR {BR} at (260,0) size 1x17
        RenderBR {BR} at (0,18) size 0x17
      RenderTable {TABLE} at (0,36) size 36x5
        RenderTableSection {TBODY} at (0,0) size 36x5
          RenderTableRow {TR} at (0,2) size 36x1
            RenderTableCell {TD} at (2,2) size 30x1 [bgcolor=#FF0000] [r=0 c=0 rs=1 cs=1]
              RenderImage {IMG} at (0,0) size 30x1
            RenderTableCell {TD} at (34,2) size 0x0 [r=0 c=1 rs=1 cs=1]
      RenderBlock (anonymous) at (0,41) size 784x18
        RenderBR {BR} at (0,0) size 0x17
      RenderTable {TABLE} at (0,59) size 34x5
        RenderTableSection {TBODY} at (0,0) size 34x5
          RenderTableRow {TR} at (0,2) size 34x1
            RenderTableCell {TD} at (2,2) size 30x1 [bgcolor=#FF0000] [r=0 c=0 rs=1 cs=1]
              RenderImage {IMG} at (0,0) size 30x1
      RenderBlock (anonymous) at (0,64) size 784x170
        RenderBR {BR} at (0,0) size 0x17
        RenderBR {BR} at (0,18) size 0x17
        RenderBR {BR} at (0,36) size 0x17
        RenderText {#text} at (0,54) size 396x17
          text run at (0,54) width 221: "2 texts, FACE=\"Arial, Helvetica\", "
          text run at (220,54) width 176: "1st at size=0, 2nd at size=-4"
        RenderBR {BR} at (395,54) size 1x17
        RenderBR {BR} at (0,72) size 0x17
        RenderInline {FONT} at (0,0) size 104x22
          RenderText {#text} at (0,90) size 104x11
            text run at (0,90) width 104: "Detonator 3.53 Drivers"
          RenderBR {BR} at (104,90) size 0x11
          RenderText {#text} at (0,101) size 75x11
            text run at (0,101) width 75: "Available NOW! "
        RenderBR {BR} at (74,96) size 1x17
        RenderBR {BR} at (0,112) size 0x17
        RenderInline {FONT} at (0,0) size 104x22
          RenderText {#text} at (0,130) size 104x11
            text run at (0,130) width 104: "Detonator 3.53 Drivers"
          RenderBR {BR} at (104,130) size 0x11
          RenderText {#text} at (0,141) size 75x11
            text run at (0,141) width 75: "Available NOW! "
        RenderBR {BR} at (74,136) size 1x17
        RenderBR {BR} at (0,152) size 0x17
