layer at (0,0) size 800x600
  RenderView at (0,0) size 800x600
layer at (0,0) size 800x357
  RenderBlock {HTML} at (0,0) size 800x358
    RenderBody {BODY} at (8,21) size 784x321
      RenderBlock {H4} at (0,0) size 784x18
        RenderText {#text} at (0,0) size 45x17
          text run at (0,0) width 45: "table 1"
      RenderTable {TABLE} at (0,39) size 160x77 [border: (1px outset #808080)]
        RenderTableSection {TBODY} at (1,1) size 158x74
          RenderTableRow {TR} at (0,2) size 158x22
            RenderTableCell {TD} at (2,2) size 24x22 [border: (1px inset #808080)] [r=0 c=0 rs=1 cs=1]
              RenderText {#text} at (2,2) size 20x17
                text run at (2,2) width 20: "1.1"
            RenderTableCell {TD} at (28,14) size 24x22 [border: (1px inset #808080)] [r=0 c=1 rs=2 cs=1]
              RenderText {#text} at (2,2) size 20x17
                text run at (2,2) width 20: "1.2"
            RenderTableCell {TD} at (54,2) size 24x22 [border: (1px inset #808080)] [r=0 c=2 rs=1 cs=1]
              RenderText {#text} at (2,2) size 20x17
                text run at (2,2) width 20: "1.3"
            RenderTableCell {TD} at (80,2) size 24x22 [border: (1px inset #808080)] [r=0 c=3 rs=1 cs=1]
              RenderText {#text} at (2,2) size 20x17
                text run at (2,2) width 20: "1.4"
            RenderTableCell {TD} at (106,14) size 24x22 [border: (1px inset #808080)] [r=0 c=4 rs=2 cs=1]
              RenderText {#text} at (2,2) size 20x17
                text run at (2,2) width 20: "1.5"
            RenderTableCell {TD} at (132,14) size 24x22 [border: (1px inset #808080)] [r=0 c=5 rs=2 cs=1]
              RenderText {#text} at (2,2) size 20x17
                text run at (2,2) width 20: "1.6"
          RenderTableRow {TR} at (0,26) size 158x22
            RenderTableCell {TD} at (2,26) size 128x22 [border: (1px inset #808080)] [r=1 c=0 rs=1 cs=5]
              RenderText {#text} at (54,2) size 20x17
                text run at (54,2) width 20: "2.1"
          RenderTableRow {TR} at (0,50) size 158x22
            RenderTableCell {TD} at (2,50) size 24x22 [border: (1px inset #808080)] [r=2 c=0 rs=1 cs=1]
              RenderText {#text} at (2,2) size 20x17
                text run at (2,2) width 20: "3.1"
            RenderTableCell {TD} at (28,50) size 24x22 [border: (1px inset #808080)] [r=2 c=1 rs=1 cs=1]
              RenderText {#text} at (2,2) size 20x17
                text run at (2,2) width 20: "3.2"
            RenderTableCell {TD} at (54,50) size 24x22 [border: (1px inset #808080)] [r=2 c=2 rs=1 cs=1]
              RenderText {#text} at (2,2) size 20x17
                text run at (2,2) width 20: "3.3"
            RenderTableCell {TD} at (80,50) size 24x22 [border: (1px inset #808080)] [r=2 c=3 rs=1 cs=1]
              RenderText {#text} at (2,2) size 20x17
                text run at (2,2) width 20: "3.4"
            RenderTableCell {TD} at (106,50) size 24x22 [border: (1px inset #808080)] [r=2 c=4 rs=1 cs=1]
              RenderText {#text} at (2,2) size 20x17
                text run at (2,2) width 20: "3.5"
            RenderTableCell {TD} at (132,50) size 24x22 [border: (1px inset #808080)] [r=2 c=5 rs=1 cs=1]
              RenderText {#text} at (2,2) size 20x17
                text run at (2,2) width 20: "3.6"
      RenderBlock {P} at (0,131) size 784x19
        RenderText {#text} at (0,0) size 160x17
          text run at (0,0) width 160: "cell 1.5 has rowspan=\"2\""
      RenderBlock {H4} at (0,170) size 784x19
        RenderText {#text} at (0,0) size 45x17
          text run at (0,0) width 45: "table 2"
      RenderTable {TABLE} at (0,209) size 160x77 [border: (1px outset #808080)]
        RenderTableSection {TBODY} at (1,1) size 158x74
          RenderTableRow {TR} at (0,2) size 158x22
            RenderTableCell {TD} at (2,2) size 24x22 [border: (1px inset #808080)] [r=0 c=0 rs=1 cs=1]
              RenderText {#text} at (2,2) size 20x17
                text run at (2,2) width 20: "1.1"
            RenderTableCell {TD} at (28,14) size 24x22 [border: (1px inset #808080)] [r=0 c=1 rs=2 cs=1]
              RenderText {#text} at (2,2) size 20x17
                text run at (2,2) width 20: "1.2"
            RenderTableCell {TD} at (54,2) size 24x22 [border: (1px inset #808080)] [r=0 c=2 rs=1 cs=1]
              RenderText {#text} at (2,2) size 20x17
                text run at (2,2) width 20: "1.3"
            RenderTableCell {TD} at (80,2) size 24x22 [border: (1px inset #808080)] [r=0 c=3 rs=1 cs=1]
              RenderText {#text} at (2,2) size 20x17
                text run at (2,2) width 20: "1.4"
            RenderTableCell {TD} at (106,14) size 50x22 [border: (1px inset #808080)] [r=0 c=4 rs=2 cs=2]
              RenderText {#text} at (15,2) size 20x17
                text run at (15,2) width 20: "1.5"
          RenderTableRow {TR} at (0,26) size 158x22
            RenderTableCell {TD} at (2,26) size 128x22 [border: (1px inset #808080)] [r=1 c=0 rs=1 cs=5]
              RenderText {#text} at (54,2) size 20x17
                text run at (54,2) width 20: "2.1"
          RenderTableRow {TR} at (0,50) size 158x22
            RenderTableCell {TD} at (2,50) size 24x22 [border: (1px inset #808080)] [r=2 c=0 rs=1 cs=1]
              RenderText {#text} at (2,2) size 20x17
                text run at (2,2) width 20: "3.1"
            RenderTableCell {TD} at (28,50) size 24x22 [border: (1px inset #808080)] [r=2 c=1 rs=1 cs=1]
              RenderText {#text} at (2,2) size 20x17
                text run at (2,2) width 20: "3.2"
            RenderTableCell {TD} at (54,50) size 24x22 [border: (1px inset #808080)] [r=2 c=2 rs=1 cs=1]
              RenderText {#text} at (2,2) size 20x17
                text run at (2,2) width 20: "3.3"
            RenderTableCell {TD} at (80,50) size 24x22 [border: (1px inset #808080)] [r=2 c=3 rs=1 cs=1]
              RenderText {#text} at (2,2) size 20x17
                text run at (2,2) width 20: "3.4"
            RenderTableCell {TD} at (106,50) size 24x22 [border: (1px inset #808080)] [r=2 c=4 rs=1 cs=1]
              RenderText {#text} at (2,2) size 20x17
                text run at (2,2) width 20: "3.5"
            RenderTableCell {TD} at (132,50) size 24x22 [border: (1px inset #808080)] [r=2 c=5 rs=1 cs=1]
              RenderText {#text} at (2,2) size 20x17
                text run at (2,2) width 20: "3.6"
      RenderBlock {P} at (0,301) size 784x19
        RenderText {#text} at (0,0) size 243x17
          text run at (0,0) width 243: "cell 1.5 has colspan=\"2\" rowspan=\"2\""
