layer at (0,0) size 785x11400
  RenderView at (0,0) size 785x600
layer at (0,0) size 785x11400
  RenderBlock {HTML} at (0,0) size 785x11401
    RenderBody {BODY} at (8,8) size 769x11385
      RenderTable {TABLE} at (0,0) size 739x11385 [border: (1px outset #808080)]
        RenderTableSection {TBODY} at (1,1) size 737x11383
          RenderTableRow {TR} at (0,2) size 737x11379
            RenderTableCell {TD} at (2,2) size 12x22 [border: (1px inset #808080)] [r=0 c=0 rs=1 cs=1]
              RenderText {#text} at (2,2) size 8x17
                text run at (2,2) width 8: "x"
            RenderTableCell {TD} at (16,2) size 719x11379 [border: (1px inset #808080)] [r=0 c=1 rs=1 cs=1]
              RenderBlock (anonymous) at (2,2) size 715x0
                RenderInline {FONT} at (0,0) size 0x0
                  RenderText {#text} at (0,0) size 0x0
              RenderBlock (anonymous) at (2,2) size 715x52
                RenderTable {TABLE} at (0,0) size 566x52 [border: (1px outset #808080)]
                  RenderTableSection {TBODY} at (1,1) size 564x50
                    RenderTableRow {TR} at (0,2) size 564x22
                      RenderTableCell {TD} at (2,2) size 111x22 [border: (1px inset #808080)] [r=0 c=0 rs=1 cs=1]
                        RenderText {#text} at (2,2) size 4x17
                          text run at (2,2) width 4: " "
                      RenderTableCell {TD} at (115,2) size 447x4 [border: (1px inset #808080)] [r=0 c=1 rs=1 cs=1]
                    RenderTableRow {TR} at (0,26) size 564x22
                      RenderTableCell {TD} at (2,26) size 111x22 [border: (1px inset #808080)] [r=1 c=0 rs=1 cs=1]
                        RenderText {#text} at (2,2) size 107x17
                          text run at (2,2) width 107: "Search again..."
              RenderBlock (anonymous) at (2,54) size 715x15
                RenderInline {FONT} at (0,1) size 715x14
                  RenderText {#text} at (0,1) size 715x15
                    text run at (0,1) width 332: "This text node only exists once in the original document! "
                    text run at (332,1) width 307: "If it were a large collection of inlines, the page would "
                    text run at (639,1) width 76: "hang forever."
                  RenderInline {A} at (714,1) size 0x14
              RenderBlock (anonymous) at (2,85) size 715x11292
                RenderBlock {H2} at (0,0) size 715x23
                  RenderInline {A} at (0,1) size 165x22
                    RenderText {#text} at (0,1) size 165x22
                      text run at (0,1) width 165: "Table of Contents"
                RenderBlock {P} at (0,39) size 715x151
                  RenderInline {B} at (0,1) size 76x14
                    RenderInline {A} at (0,1) size 76x14 [color=#0000EE]
                      RenderText {#text} at (0,1) size 76x15
                        text run at (0,1) width 76: "Introduction"
                  RenderBR {BR} at (76,1) size 0x14
                  RenderBR {BR} at (0,16) size 0x14
                  RenderInline {A} at (0,31) size 160x14 [color=#0000EE]
                    RenderText {#text} at (0,31) size 160x15
                      text run at (0,31) width 160: "Who Should Use This Book"
                  RenderText {#text} at (0,0) size 0x0
                  RenderBR {BR} at (160,31) size 0x14
                  RenderInline {A} at (0,46) size 133x14 [color=#0000EE]
                    RenderText {#text} at (0,46) size 133x15
                      text run at (0,46) width 133: "How To Use This Book"
                  RenderText {#text} at (0,0) size 0x0
                  RenderBR {BR} at (132,46) size 1x14
                  RenderInline {A} at (0,61) size 166x14 [color=#0000EE]
                    RenderText {#text} at (0,61) size 166x15
                      text run at (0,61) width 166: "How This Book is Structured"
                  RenderText {#text} at (0,0) size 0x0
                  RenderBR {BR} at (166,61) size 0x14
                  RenderInline {A} at (0,76) size 200x14 [color=#0000EE]
                    RenderText {#text} at (0,76) size 200x15
                      text run at (0,76) width 200: "How to Read the Syntax Diagrams"
                  RenderText {#text} at (0,0) size 0x0
                  RenderBR {BR} at (200,76) size 0x14
                  RenderInline {A} at (0,91) size 195x14 [color=#0000EE]
                    RenderText {#text} at (0,91) size 195x15
                      text run at (0,91) width 195: "Conventions Used in This Manual"
                  RenderText {#text} at (0,0) size 0x0
                  RenderBR {BR} at (195,91) size 0x14
                  RenderInline {A} at (0,106) size 93x14 [color=#0000EE]
                    RenderText {#text} at (0,106) size 93x15
                      text run at (0,106) width 93: "Error Conditions"
                  RenderText {#text} at (0,0) size 0x0
                  RenderBR {BR} at (93,106) size 0x14
                  RenderInline {A} at (0,121) size 143x14 [color=#0000EE]
                    RenderText {#text} at (0,121) size 143x15
                      text run at (0,121) width 143: "Highlighting Conventions"
                  RenderText {#text} at (0,0) size 0x0
                  RenderBR {BR} at (143,121) size 0x14
                  RenderInline {A} at (0,136) size 217x14 [color=#0000EE]
                    RenderText {#text} at (0,136) size 217x15
                      text run at (0,136) width 217: "Related Documentation for This Book"
                  RenderText {#text} at (0,0) size 0x0
                RenderBlock {P} at (0,202) size 715x991
                  RenderInline {B} at (0,1) size 58x14
                    RenderInline {A} at (0,1) size 58x14 [color=#0000EE]
                      RenderText {#text} at (0,1) size 58x15
                        text run at (0,1) width 58: "Concepts"
                  RenderBR {BR} at (58,1) size 0x14
                  RenderBR {BR} at (0,16) size 0x14
                  RenderInline {A} at (0,31) size 116x14 [color=#0000EE]
                    RenderText {#text} at (0,31) size 116x15
                      text run at (0,31) width 116: "Relational Database"
                  RenderText {#text} at (0,0) size 0x0
                  RenderBR {BR} at (116,31) size 0x14
                  RenderInline {A} at (0,46) size 197x14 [color=#0000EE]
                    RenderText {#text} at (0,46) size 197x15
                      text run at (0,46) width 197: "Structured Query Language (SQL)"
                  RenderText {#text} at (0,0) size 0x0
                  RenderBR {BR} at (197,46) size 0x14
                  RenderInline {A} at (0,61) size 92x14 [color=#0000EE]
                    RenderText {#text} at (0,61) size 92x15
                      text run at (0,61) width 92: "Embedded SQL"
                  RenderText {#text} at (0,0) size 0x0
                  RenderBR {BR} at (92,61) size 0x14
                  RenderInline {A} at (0,76) size 64x14 [color=#0000EE]
                    RenderText {#text} at (0,76) size 64x15
                      text run at (0,76) width 64: "Static SQL"
                  RenderText {#text} at (0,0) size 0x0
                  RenderBR {BR} at (64,76) size 0x14
                  RenderInline {A} at (0,91) size 81x14 [color=#0000EE]
                    RenderText {#text} at (0,91) size 81x15
                      text run at (0,91) width 81: "Dynamic SQL"
                  RenderText {#text} at (0,0) size 0x0
                  RenderBR {BR} at (81,91) size 0x14
                  RenderInline {A} at (0,106) size 405x14 [color=#0000EE]
                    RenderText {#text} at (0,106) size 405x15
                      text run at (0,106) width 405: "DB2 Call Level Interface (CLI) & Open Database Connectivity (ODBC)"
                  RenderText {#text} at (0,0) size 0x0
                  RenderBR {BR} at (405,106) size 0x14
                  RenderInline {A} at (0,121) size 486x14 [color=#0000EE]
                    RenderText {#text} at (0,121) size 486x15
                      text run at (0,121) width 486: "Java Database Connectivity (JDBC) and Embedded SQL for Java (SQLJ) Programs"
                  RenderText {#text} at (0,0) size 0x0
                  RenderBR {BR} at (485,121) size 1x14
                  RenderInline {A} at (0,136) size 91x14 [color=#0000EE]
                    RenderText {#text} at (0,136) size 91x15
                      text run at (0,136) width 91: "Interactive SQL"
                  RenderText {#text} at (0,0) size 0x0
                  RenderBR {BR} at (91,136) size 0x14
                  RenderInline {A} at (0,151) size 55x14 [color=#0000EE]
                    RenderText {#text} at (0,151) size 55x15
                      text run at (0,151) width 55: "Schemas"
                  RenderText {#text} at (0,0) size 0x0
                  RenderBR {BR} at (55,151) size 0x14
                  RenderInline {A} at (0,166) size 162x14 [color=#0000EE]
                    RenderText {#text} at (0,166) size 162x15
                      text run at (0,166) width 162: "Controlling Use of Schemas"
                  RenderText {#text} at (0,0) size 0x0
                  RenderBR {BR} at (162,166) size 0x14
                  RenderInline {A} at (0,181) size 38x14 [color=#0000EE]
                    RenderText {#text} at (0,181) size 38x15
                      text run at (0,181) width 38: "Tables"
                  RenderText {#text} at (0,0) size 0x0
                  RenderBR {BR} at (37,181) size 1x14
                  RenderInline {A} at (0,196) size 35x14 [color=#0000EE]
                    RenderText {#text} at (0,196) size 35x15
                      text run at (0,196) width 35: "Views"
                  RenderText {#text} at (0,0) size 0x0
                  RenderBR {BR} at (34,196) size 1x14
                  RenderInline {A} at (0,211) size 43x14 [color=#0000EE]
                    RenderText {#text} at (0,211) size 43x15
                      text run at (0,211) width 43: "Aliases"
                  RenderText {#text} at (0,0) size 0x0
                  RenderBR {BR} at (43,211) size 0x14
                  RenderInline {A} at (0,226) size 46x14 [color=#0000EE]
                    RenderText {#text} at (0,226) size 46x15
                      text run at (0,226) width 46: "Indexes"
                  RenderText {#text} at (0,0) size 0x0
                  RenderBR {BR} at (46,226) size 0x14
                  RenderInline {A} at (0,241) size 30x14 [color=#0000EE]
                    RenderText {#text} at (0,241) size 30x15
                      text run at (0,241) width 30: "Keys"
                  RenderText {#text} at (0,0) size 0x0
                  RenderBR {BR} at (30,241) size 0x14
                  RenderInline {A} at (0,256) size 74x14 [color=#0000EE]
                    RenderText {#text} at (0,256) size 74x15
                      text run at (0,256) width 74: "Unique Keys"
                  RenderText {#text} at (0,0) size 0x0
                  RenderBR {BR} at (74,256) size 0x14
                  RenderInline {A} at (0,271) size 79x14 [color=#0000EE]
                    RenderText {#text} at (0,271) size 79x15
                      text run at (0,271) width 79: "Primary Keys"
                  RenderText {#text} at (0,0) size 0x0
                  RenderBR {BR} at (79,271) size 0x14
                  RenderInline {A} at (0,286) size 77x14 [color=#0000EE]
                    RenderText {#text} at (0,286) size 77x15
                      text run at (0,286) width 77: "Foreign Keys"
                  RenderText {#text} at (0,0) size 0x0
                  RenderBR {BR} at (77,286) size 0x14
                  RenderInline {A} at (0,301) size 99x14 [color=#0000EE]
                    RenderText {#text} at (0,301) size 99x15
                      text run at (0,301) width 99: "Partitioning Keys"
                  RenderText {#text} at (0,0) size 0x0
                  RenderBR {BR} at (99,301) size 0x14
                  RenderInline {A} at (0,316) size 66x14 [color=#0000EE]
                    RenderText {#text} at (0,316) size 66x15
                      text run at (0,316) width 66: "Constraints"
                  RenderText {#text} at (0,0) size 0x0
                  RenderBR {BR} at (66,316) size 0x14
                  RenderInline {A} at (0,331) size 110x14 [color=#0000EE]
                    RenderText {#text} at (0,331) size 110x15
                      text run at (0,331) width 110: "Unique Constraints"
                  RenderText {#text} at (0,0) size 0x0
                  RenderBR {BR} at (110,331) size 0x14
                  RenderInline {A} at (0,346) size 132x14 [color=#0000EE]
                    RenderText {#text} at (0,346) size 132x15
                      text run at (0,346) width 132: "Referential Constraints"
                  RenderText {#text} at (0,0) size 0x0
                  RenderBR {BR} at (132,346) size 0x14
                  RenderInline {A} at (0,361) size 142x14 [color=#0000EE]
                    RenderText {#text} at (0,361) size 142x15
                      text run at (0,361) width 142: "Table Check Constraints"
                  RenderText {#text} at (0,0) size 0x0
                  RenderBR {BR} at (141,361) size 1x14
                  RenderInline {A} at (0,376) size 47x14 [color=#0000EE]
                    RenderText {#text} at (0,376) size 47x15
                      text run at (0,376) width 47: "Triggers"
                  RenderText {#text} at (0,0) size 0x0
                  RenderBR {BR} at (46,376) size 1x14
                  RenderInline {A} at (0,391) size 88x14 [color=#0000EE]
                    RenderText {#text} at (0,391) size 88x15
                      text run at (0,391) width 88: "Event Monitors"
                  RenderText {#text} at (0,0) size 0x0
                  RenderBR {BR} at (88,391) size 0x14
                  RenderInline {A} at (0,406) size 45x14 [color=#0000EE]
                    RenderText {#text} at (0,406) size 45x15
                      text run at (0,406) width 45: "Queries"
                  RenderText {#text} at (0,0) size 0x0
                  RenderBR {BR} at (45,406) size 0x14
                  RenderInline {A} at (0,421) size 107x14 [color=#0000EE]
                    RenderText {#text} at (0,421) size 107x15
                      text run at (0,421) width 107: "Table Expressions"
                  RenderText {#text} at (0,0) size 0x0
                  RenderBR {BR} at (106,421) size 1x14
                  RenderInline {A} at (0,436) size 163x14 [color=#0000EE]
                    RenderText {#text} at (0,436) size 163x15
                      text run at (0,436) width 163: "Common Table Expressions"
                  RenderText {#text} at (0,0) size 0x0
                  RenderBR {BR} at (162,436) size 1x14
                  RenderInline {A} at (0,451) size 58x14 [color=#0000EE]
                    RenderText {#text} at (0,451) size 58x15
                      text run at (0,451) width 58: "Packages"
                  RenderText {#text} at (0,0) size 0x0
                  RenderBR {BR} at (58,451) size 0x14
                  RenderInline {A} at (0,466) size 83x14 [color=#0000EE]
                    RenderText {#text} at (0,466) size 83x15
                      text run at (0,466) width 83: "Catalog Views"
                  RenderText {#text} at (0,0) size 0x0
                  RenderBR {BR} at (82,466) size 1x14
                  RenderInline {A} at (0,481) size 299x14 [color=#0000EE]
                    RenderText {#text} at (0,481) size 299x15
                      text run at (0,481) width 299: "Application Processes, Concurrency, and Recovery"
                  RenderText {#text} at (0,0) size 0x0
                  RenderBR {BR} at (298,481) size 1x14
                  RenderInline {A} at (0,496) size 84x14 [color=#0000EE]
                    RenderText {#text} at (0,496) size 84x15
                      text run at (0,496) width 84: "Isolation Level"
                  RenderText {#text} at (0,0) size 0x0
                  RenderBR {BR} at (84,496) size 0x14
                  RenderInline {A} at (0,511) size 129x14 [color=#0000EE]
                    RenderText {#text} at (0,511) size 129x15
                      text run at (0,511) width 129: "Repeatable Read (RR)"
                  RenderText {#text} at (0,0) size 0x0
                  RenderBR {BR} at (129,511) size 0x14
                  RenderInline {A} at (0,526) size 111x14 [color=#0000EE]
                    RenderText {#text} at (0,526) size 111x15
                      text run at (0,526) width 111: "Read Stability (RS)"
                  RenderText {#text} at (0,0) size 0x0
                  RenderBR {BR} at (111,526) size 0x14
                  RenderInline {A} at (0,541) size 119x14 [color=#0000EE]
                    RenderText {#text} at (0,541) size 119x15
                      text run at (0,541) width 119: "Cursor Stability (CS)"
                  RenderText {#text} at (0,0) size 0x0
                  RenderBR {BR} at (119,541) size 0x14
                  RenderInline {A} at (0,556) size 141x14 [color=#0000EE]
                    RenderText {#text} at (0,556) size 141x15
                      text run at (0,556) width 141: "Uncommitted Read (UR)"
                  RenderText {#text} at (0,0) size 0x0
                  RenderBR {BR} at (141,556) size 0x14
                  RenderInline {A} at (0,571) size 179x14 [color=#0000EE]
                    RenderText {#text} at (0,571) size 179x15
                      text run at (0,571) width 179: "Comparison of Isolation Levels"
                  RenderText {#text} at (0,0) size 0x0
                  RenderBR {BR} at (179,571) size 0x14
                  RenderInline {A} at (0,586) size 182x14 [color=#0000EE]
                    RenderText {#text} at (0,586) size 182x15
                      text run at (0,586) width 182: "Distributed Relational Database"
                  RenderText {#text} at (0,0) size 0x0
                  RenderBR {BR} at (182,586) size 0x14
                  RenderInline {A} at (0,601) size 113x14 [color=#0000EE]
                    RenderText {#text} at (0,601) size 113x15
                      text run at (0,601) width 113: "Application Servers"
                  RenderText {#text} at (0,0) size 0x0
                  RenderBR {BR} at (113,601) size 0x14
                  RenderInline {A} at (0,616) size 258x14 [color=#0000EE]
                    RenderText {#text} at (0,616) size 258x15
                      text run at (0,616) width 258: "CONNECT (Type 1) and CONNECT (Type 2)"
                  RenderText {#text} at (0,0) size 0x0
                  RenderBR {BR} at (257,616) size 1x14
                  RenderInline {A} at (0,631) size 121x14 [color=#0000EE]
                    RenderText {#text} at (0,631) size 121x15
                      text run at (0,631) width 121: "Remote Unit of Work"
                  RenderText {#text} at (0,0) size 0x0
                  RenderBR {BR} at (120,631) size 1x14
                  RenderInline {A} at (0,646) size 258x14 [color=#0000EE]
                    RenderText {#text} at (0,646) size 258x15
                      text run at (0,646) width 258: "Application-Directed Distributed Unit of Work"
                  RenderText {#text} at (0,0) size 0x0
                  RenderBR {BR} at (257,646) size 1x14
                  RenderInline {A} at (0,661) size 208x14 [color=#0000EE]
                    RenderText {#text} at (0,661) size 208x15
                      text run at (0,661) width 208: "Data Representation Considerations"
                  RenderText {#text} at (0,0) size 0x0
                  RenderBR {BR} at (208,661) size 0x14
                  RenderInline {A} at (0,676) size 143x14 [color=#0000EE]
                    RenderText {#text} at (0,676) size 143x15
                      text run at (0,676) width 143: "DB2 Federated Systems"
                  RenderText {#text} at (0,0) size 0x0
                  RenderBR {BR} at (143,676) size 0x14
                  RenderInline {A} at (0,691) size 363x14 [color=#0000EE]
                    RenderText {#text} at (0,691) size 363x15
                      text run at (0,691) width 363: "The Federated Server, Federated Database, and Data Sources"
                  RenderText {#text} at (0,0) size 0x0
                  RenderBR {BR} at (362,691) size 1x14
                  RenderInline {A} at (0,706) size 265x14 [color=#0000EE]
                    RenderText {#text} at (0,706) size 265x15
                      text run at (0,706) width 265: "Tasks to Perform in a DB2 Federated System"
                  RenderText {#text} at (0,0) size 0x0
                  RenderBR {BR} at (264,706) size 1x14
                  RenderInline {A} at (0,721) size 185x14 [color=#0000EE]
                    RenderText {#text} at (0,721) size 185x15
                      text run at (0,721) width 185: "Wrappers and Wrapper Modules"
                  RenderText {#text} at (0,0) size 0x0
                  RenderBR {BR} at (184,721) size 1x14
                  RenderInline {A} at (0,736) size 219x14 [color=#0000EE]
                    RenderText {#text} at (0,736) size 219x15
                      text run at (0,736) width 219: "Server Definitions and Server Options"
                  RenderText {#text} at (0,0) size 0x0
                  RenderBR {BR} at (219,736) size 0x14
                  RenderInline {A} at (0,751) size 192x14 [color=#0000EE]
                    RenderText {#text} at (0,751) size 192x15
                      text run at (0,751) width 192: "User Mappings and User Options"
                  RenderText {#text} at (0,0) size 0x0
                  RenderBR {BR} at (192,751) size 0x14
                  RenderInline {A} at (0,766) size 120x14 [color=#0000EE]
                    RenderText {#text} at (0,766) size 120x15
                      text run at (0,766) width 120: "Data Type Mappings"
                  RenderText {#text} at (0,0) size 0x0
                  RenderBR {BR} at (119,766) size 1x14
                  RenderInline {A} at (0,781) size 417x14 [color=#0000EE]
                    RenderText {#text} at (0,781) size 417x15
                      text run at (0,781) width 417: "Function Mappings, Function Templates, and Function Mapping Options"
                  RenderText {#text} at (0,0) size 0x0
                  RenderBR {BR} at (416,781) size 1x14
                  RenderInline {A} at (0,796) size 187x14 [color=#0000EE]
                    RenderText {#text} at (0,796) size 187x15
                      text run at (0,796) width 187: "Nicknames and Column Options"
                  RenderText {#text} at (0,0) size 0x0
                  RenderBR {BR} at (187,796) size 0x14
                  RenderInline {A} at (0,811) size 118x14 [color=#0000EE]
                    RenderText {#text} at (0,811) size 118x15
                      text run at (0,811) width 118: "Index Specifications"
                  RenderText {#text} at (0,0) size 0x0
                  RenderBR {BR} at (118,811) size 0x14
                  RenderInline {A} at (0,826) size 121x14 [color=#0000EE]
                    RenderText {#text} at (0,826) size 121x15
                      text run at (0,826) width 121: "Distributed Requests"
                  RenderText {#text} at (0,0) size 0x0
                  RenderBR {BR} at (121,826) size 0x14
                  RenderInline {A} at (0,841) size 83x14 [color=#0000EE]
                    RenderText {#text} at (0,841) size 83x15
                      text run at (0,841) width 83: "Compensation"
                  RenderText {#text} at (0,0) size 0x0
                  RenderBR {BR} at (83,841) size 0x14
                  RenderInline {A} at (0,856) size 81x14 [color=#0000EE]
                    RenderText {#text} at (0,856) size 81x15
                      text run at (0,856) width 81: "Pass-Through"
                  RenderText {#text} at (0,0) size 0x0
                  RenderBR {BR} at (81,856) size 0x14
                  RenderInline {A} at (0,871) size 125x14 [color=#0000EE]
                    RenderText {#text} at (0,871) size 125x15
                      text run at (0,871) width 125: "Character Conversion"
                  RenderText {#text} at (0,0) size 0x0
                  RenderBR {BR} at (125,871) size 0x14
                  RenderInline {A} at (0,886) size 187x14 [color=#0000EE]
                    RenderText {#text} at (0,886) size 187x15
                      text run at (0,886) width 187: "Character Sets and Code Pages"
                  RenderText {#text} at (0,0) size 0x0
                  RenderBR {BR} at (187,886) size 0x14
                  RenderInline {A} at (0,901) size 124x14 [color=#0000EE]
                    RenderText {#text} at (0,901) size 124x15
                      text run at (0,901) width 124: "Code Page Attributes"
                  RenderText {#text} at (0,0) size 0x0
                  RenderBR {BR} at (124,901) size 0x14
                  RenderInline {A} at (0,916) size 162x14 [color=#0000EE]
                    RenderText {#text} at (0,916) size 162x15
                      text run at (0,916) width 162: "Authorization and Privileges"
                  RenderText {#text} at (0,0) size 0x0
                  RenderBR {BR} at (162,916) size 0x14
                  RenderInline {A} at (0,931) size 253x14 [color=#0000EE]
                    RenderText {#text} at (0,931) size 253x15
                      text run at (0,931) width 253: "Table Spaces and Other Storage Structures"
                  RenderText {#text} at (0,0) size 0x0
                  RenderBR {BR} at (252,931) size 1x14
                  RenderInline {A} at (0,946) size 249x14 [color=#0000EE]
                    RenderText {#text} at (0,946) size 249x15
                      text run at (0,946) width 249: "Data Partitioning Across Multiple Partitions"
                  RenderText {#text} at (0,0) size 0x0
                  RenderBR {BR} at (249,946) size 0x14
                  RenderInline {A} at (0,961) size 101x14 [color=#0000EE]
                    RenderText {#text} at (0,961) size 101x15
                      text run at (0,961) width 101: "Partitioning Maps"
                  RenderText {#text} at (0,0) size 0x0
                  RenderBR {BR} at (101,961) size 0x14
                  RenderInline {A} at (0,976) size 99x14 [color=#0000EE]
                    RenderText {#text} at (0,976) size 99x15
                      text run at (0,976) width 99: "Table Collocation"
                  RenderText {#text} at (0,0) size 0x0
                RenderBlock {P} at (0,1205) size 715x1996
                  RenderInline {B} at (0,1) size 123x14
                    RenderInline {A} at (0,1) size 123x14 [color=#0000EE]
                      RenderText {#text} at (0,1) size 123x15
                        text run at (0,1) width 123: "Language Elements"
                  RenderBR {BR} at (123,1) size 0x14
                  RenderBR {BR} at (0,16) size 0x14
                  RenderInline {A} at (0,31) size 63x14 [color=#0000EE]
                    RenderText {#text} at (0,31) size 63x15
                      text run at (0,31) width 63: "Characters"
                  RenderText {#text} at (0,0) size 0x0
                  RenderBR {BR} at (63,31) size 0x14
                  RenderInline {A} at (0,46) size 128x14 [color=#0000EE]
                    RenderText {#text} at (0,46) size 128x15
                      text run at (0,46) width 128: "MBCS Considerations"
                  RenderText {#text} at (0,0) size 0x0
                  RenderBR {BR} at (128,46) size 0x14
                  RenderInline {A} at (0,61) size 42x14 [color=#0000EE]
                    RenderText {#text} at (0,61) size 42x15
                      text run at (0,61) width 42: "Tokens"
                  RenderText {#text} at (0,0) size 0x0
                  RenderBR {BR} at (41,61) size 1x14
                  RenderInline {A} at (0,76) size 128x14 [color=#0000EE]
                    RenderText {#text} at (0,76) size 128x15
                      text run at (0,76) width 128: "MBCS Considerations"
                  RenderText {#text} at (0,0) size 0x0
                  RenderBR {BR} at (128,76) size 0x14
                  RenderInline {A} at (0,91) size 57x14 [color=#0000EE]
                    RenderText {#text} at (0,91) size 57x15
                      text run at (0,91) width 57: "Identifiers"
                  RenderText {#text} at (0,0) size 0x0
                  RenderBR {BR} at (57,91) size 0x14
                  RenderInline {A} at (0,106) size 87x14 [color=#0000EE]
                    RenderText {#text} at (0,106) size 87x15
                      text run at (0,106) width 87: "SQL Identifiers"
                  RenderText {#text} at (0,0) size 0x0
                  RenderBR {BR} at (86,106) size 1x14
                  RenderInline {A} at (0,121) size 88x14 [color=#0000EE]
                    RenderText {#text} at (0,121) size 88x15
                      text run at (0,121) width 88: "Host Identifiers"
                  RenderText {#text} at (0,0) size 0x0
                  RenderBR {BR} at (88,121) size 0x14
                  RenderInline {A} at (0,136) size 354x14 [color=#0000EE]
                    RenderText {#text} at (0,136) size 354x15
                      text run at (0,136) width 354: "Naming Conventions and Implicit Object Name Qualifications"
                  RenderText {#text} at (0,0) size 0x0
                  RenderBR {BR} at (354,136) size 0x14
                  RenderInline {A} at (0,151) size 43x14 [color=#0000EE]
                    RenderText {#text} at (0,151) size 43x15
                      text run at (0,151) width 43: "Aliases"
                  RenderText {#text} at (0,0) size 0x0
                  RenderBR {BR} at (43,151) size 0x14
                  RenderInline {A} at (0,166) size 246x14 [color=#0000EE]
                    RenderText {#text} at (0,166) size 246x15
                      text run at (0,166) width 246: "Authorization IDs and authorization-names"
                  RenderText {#text} at (0,0) size 0x0
                  RenderBR {BR} at (246,166) size 0x14
                  RenderInline {A} at (0,181) size 238x14 [color=#0000EE]
                    RenderText {#text} at (0,181) size 238x15
                      text run at (0,181) width 238: "Dynamic SQL Characteristics at run-time"
                  RenderText {#text} at (0,0) size 0x0
                  RenderBR {BR} at (237,181) size 1x14
                  RenderInline {A} at (0,196) size 259x14 [color=#0000EE]
                    RenderText {#text} at (0,196) size 259x15
                      text run at (0,196) width 259: "Authorization IDs and Statement Preparation"
                  RenderText {#text} at (0,0) size 0x0
                  RenderBR {BR} at (259,196) size 0x14
                  RenderInline {A} at (0,211) size 67x14 [color=#0000EE]
                    RenderText {#text} at (0,211) size 67x15
                      text run at (0,211) width 67: "Data Types"
                  RenderText {#text} at (0,0) size 0x0
                  RenderBR {BR} at (66,211) size 1x14
                  RenderInline {A} at (0,226) size 29x14 [color=#0000EE]
                    RenderText {#text} at (0,226) size 29x15
                      text run at (0,226) width 29: "Nulls"
                  RenderText {#text} at (0,0) size 0x0
                  RenderBR {BR} at (29,226) size 0x14
                  RenderInline {A} at (0,241) size 126x14 [color=#0000EE]
                    RenderText {#text} at (0,241) size 126x15
                      text run at (0,241) width 126: "Large Objects (LOBs)"
                  RenderText {#text} at (0,0) size 0x0
                  RenderBR {BR} at (126,241) size 0x14
                  RenderInline {A} at (0,256) size 101x14 [color=#0000EE]
                    RenderText {#text} at (0,256) size 101x15
                      text run at (0,256) width 101: "Character Strings"
                  RenderText {#text} at (0,0) size 0x0
                  RenderBR {BR} at (101,256) size 0x14
                  RenderInline {A} at (0,271) size 90x14 [color=#0000EE]
                    RenderText {#text} at (0,271) size 90x15
                      text run at (0,271) width 90: "Graphic Strings"
                  RenderText {#text} at (0,0) size 0x0
                  RenderBR {BR} at (90,271) size 0x14
                  RenderInline {A} at (0,286) size 75x14 [color=#0000EE]
                    RenderText {#text} at (0,286) size 75x15
                      text run at (0,286) width 75: "Binary String"
                  RenderText {#text} at (0,0) size 0x0
                  RenderBR {BR} at (75,286) size 0x14
                  RenderInline {A} at (0,301) size 52x14 [color=#0000EE]
                    RenderText {#text} at (0,301) size 52x15
                      text run at (0,301) width 52: "Numbers"
                  RenderText {#text} at (0,0) size 0x0
                  RenderBR {BR} at (52,301) size 0x14
                  RenderInline {A} at (0,316) size 96x14 [color=#0000EE]
                    RenderText {#text} at (0,316) size 96x15
                      text run at (0,316) width 96: "Datetime Values"
                  RenderText {#text} at (0,0) size 0x0
                  RenderBR {BR} at (95,316) size 1x14
                  RenderInline {A} at (0,331) size 106x14 [color=#0000EE]
                    RenderText {#text} at (0,331) size 106x15
                      text run at (0,331) width 106: "DATALINK Values"
                  RenderText {#text} at (0,0) size 0x0
                  RenderBR {BR} at (105,331) size 1x14
                  RenderInline {A} at (0,346) size 115x14 [color=#0000EE]
                    RenderText {#text} at (0,346) size 115x15
                      text run at (0,346) width 115: "User Defined Types"
                  RenderText {#text} at (0,0) size 0x0
                  RenderBR {BR} at (114,346) size 1x14
                  RenderInline {A} at (0,361) size 145x14 [color=#0000EE]
                    RenderText {#text} at (0,361) size 145x15
                      text run at (0,361) width 145: "Promotion of Data Types"
                  RenderText {#text} at (0,0) size 0x0
                  RenderBR {BR} at (144,361) size 1x14
                  RenderInline {A} at (0,376) size 169x14 [color=#0000EE]
                    RenderText {#text} at (0,376) size 169x15
                      text run at (0,376) width 169: "Casting Between Data Types"
                  RenderText {#text} at (0,0) size 0x0
                  RenderBR {BR} at (168,376) size 1x14
                  RenderInline {A} at (0,391) size 181x14 [color=#0000EE]
                    RenderText {#text} at (0,391) size 181x15
                      text run at (0,391) width 181: "Assignments and Comparisons"
                  RenderText {#text} at (0,0) size 0x0
                  RenderBR {BR} at (181,391) size 0x14
                  RenderInline {A} at (0,406) size 128x14 [color=#0000EE]
                    RenderText {#text} at (0,406) size 128x15
                      text run at (0,406) width 128: "Numeric Assignments"
                  RenderText {#text} at (0,0) size 0x0
                  RenderBR {BR} at (128,406) size 0x14
                  RenderInline {A} at (0,421) size 114x14 [color=#0000EE]
                    RenderText {#text} at (0,421) size 114x15
                      text run at (0,421) width 114: "String Assignments"
                  RenderText {#text} at (0,0) size 0x0
                  RenderBR {BR} at (114,421) size 0x14
                  RenderInline {A} at (0,436) size 132x14 [color=#0000EE]
                    RenderText {#text} at (0,436) size 132x15
                      text run at (0,436) width 132: "Datetime Assignments"
                  RenderText {#text} at (0,0) size 0x0
                  RenderBR {BR} at (132,436) size 0x14
                  RenderInline {A} at (0,451) size 143x14 [color=#0000EE]
                    RenderText {#text} at (0,451) size 143x15
                      text run at (0,451) width 143: "DATALINK Assignments"
                  RenderText {#text} at (0,0) size 0x0
                  RenderBR {BR} at (142,451) size 1x14
                  RenderInline {A} at (0,466) size 186x14 [color=#0000EE]
                    RenderText {#text} at (0,466) size 186x15
                      text run at (0,466) width 186: "User-defined Type Assignments"
                  RenderText {#text} at (0,0) size 0x0
                  RenderBR {BR} at (185,466) size 1x14
                  RenderInline {A} at (0,481) size 172x14 [color=#0000EE]
                    RenderText {#text} at (0,481) size 172x15
                      text run at (0,481) width 172: "Reference Type Assignments"
                  RenderText {#text} at (0,0) size 0x0
                  RenderBR {BR} at (171,481) size 1x14
                  RenderInline {A} at (0,496) size 128x14 [color=#0000EE]
                    RenderText {#text} at (0,496) size 128x15
                      text run at (0,496) width 128: "Numeric Comparisons"
                  RenderText {#text} at (0,0) size 0x0
                  RenderBR {BR} at (128,496) size 0x14
                  RenderInline {A} at (0,511) size 114x14 [color=#0000EE]
                    RenderText {#text} at (0,511) size 114x15
                      text run at (0,511) width 114: "String Comparisons"
                  RenderText {#text} at (0,0) size 0x0
                  RenderBR {BR} at (114,511) size 0x14
                  RenderInline {A} at (0,526) size 132x14 [color=#0000EE]
                    RenderText {#text} at (0,526) size 132x15
                      text run at (0,526) width 132: "Datetime Comparisons"
                  RenderText {#text} at (0,0) size 0x0
                  RenderBR {BR} at (132,526) size 0x14
                  RenderInline {A} at (0,541) size 186x14 [color=#0000EE]
                    RenderText {#text} at (0,541) size 186x15
                      text run at (0,541) width 186: "User-defined Type Comparisons"
                  RenderText {#text} at (0,0) size 0x0
                  RenderBR {BR} at (185,541) size 1x14
                  RenderInline {A} at (0,556) size 172x14 [color=#0000EE]
                    RenderText {#text} at (0,556) size 172x15
                      text run at (0,556) width 172: "Reference Type Comparisons"
                  RenderText {#text} at (0,0) size 0x0
                  RenderBR {BR} at (171,556) size 1x14
                  RenderInline {A} at (0,571) size 164x14 [color=#0000EE]
                    RenderText {#text} at (0,571) size 164x15
                      text run at (0,571) width 164: "Rules for Result Data Types"
                  RenderText {#text} at (0,0) size 0x0
                  RenderBR {BR} at (163,571) size 1x14
                  RenderInline {A} at (0,586) size 101x14 [color=#0000EE]
                    RenderText {#text} at (0,586) size 101x15
                      text run at (0,586) width 101: "Character Strings"
                  RenderText {#text} at (0,0) size 0x0
                  RenderBR {BR} at (101,586) size 0x14
                  RenderInline {A} at (0,601) size 90x14 [color=#0000EE]
                    RenderText {#text} at (0,601) size 90x15
                      text run at (0,601) width 90: "Graphic Strings"
                  RenderText {#text} at (0,0) size 0x0
                  RenderBR {BR} at (90,601) size 0x14
                  RenderInline {A} at (0,616) size 162x14 [color=#0000EE]
                    RenderText {#text} at (0,616) size 162x15
                      text run at (0,616) width 162: "Binary Large Object (BLOB)"
                  RenderText {#text} at (0,0) size 0x0
                  RenderBR {BR} at (162,616) size 0x14
                  RenderInline {A} at (0,631) size 48x14 [color=#0000EE]
                    RenderText {#text} at (0,631) size 48x15
                      text run at (0,631) width 48: "Numeric"
                  RenderText {#text} at (0,0) size 0x0
                  RenderBR {BR} at (48,631) size 0x14
                  RenderInline {A} at (0,646) size 35x14 [color=#0000EE]
                    RenderText {#text} at (0,646) size 35x15
                      text run at (0,646) width 35: "DATE"
                  RenderText {#text} at (0,0) size 0x0
                  RenderBR {BR} at (34,646) size 1x14
                  RenderInline {A} at (0,661) size 32x14 [color=#0000EE]
                    RenderText {#text} at (0,661) size 32x15
                      text run at (0,661) width 32: "TIME"
                  RenderText {#text} at (0,0) size 0x0
                  RenderBR {BR} at (32,661) size 0x14
                  RenderInline {A} at (0,676) size 78x14 [color=#0000EE]
                    RenderText {#text} at (0,676) size 78x15
                      text run at (0,676) width 78: "TIMESTAMP"
                  RenderText {#text} at (0,0) size 0x0
                  RenderBR {BR} at (77,676) size 1x14
                  RenderInline {A} at (0,691) size 63x14 [color=#0000EE]
                    RenderText {#text} at (0,691) size 63x15
                      text run at (0,691) width 63: "DATALINK"
                  RenderText {#text} at (0,0) size 0x0
                  RenderBR {BR} at (62,691) size 1x14
                  RenderInline {A} at (0,706) size 113x14 [color=#0000EE]
                    RenderText {#text} at (0,706) size 113x15
                      text run at (0,706) width 113: "User-defined Types"
                  RenderText {#text} at (0,0) size 0x0
                  RenderBR {BR} at (112,706) size 1x14
                  RenderInline {A} at (0,721) size 155x14 [color=#0000EE]
                    RenderText {#text} at (0,721) size 155x15
                      text run at (0,721) width 155: "Nullable Attribute of Result"
                  RenderText {#text} at (0,0) size 0x0
                  RenderBR {BR} at (155,721) size 0x14
                  RenderInline {A} at (0,736) size 166x14 [color=#0000EE]
                    RenderText {#text} at (0,736) size 166x15
                      text run at (0,736) width 166: "Rules for String Conversions"
                  RenderText {#text} at (0,0) size 0x0
                  RenderBR {BR} at (166,736) size 0x14
                  RenderInline {A} at (0,751) size 127x14 [color=#0000EE]
                    RenderText {#text} at (0,751) size 127x15
                      text run at (0,751) width 127: "Partition Compatibility"
                  RenderText {#text} at (0,0) size 0x0
                  RenderBR {BR} at (127,751) size 0x14
                  RenderInline {A} at (0,766) size 59x14 [color=#0000EE]
                    RenderText {#text} at (0,766) size 59x15
                      text run at (0,766) width 59: "Constants"
                  RenderText {#text} at (0,0) size 0x0
                  RenderBR {BR} at (59,766) size 0x14
                  RenderInline {A} at (0,781) size 103x14 [color=#0000EE]
                    RenderText {#text} at (0,781) size 103x15
                      text run at (0,781) width 103: "Integer Constants"
                  RenderText {#text} at (0,0) size 0x0
                  RenderBR {BR} at (103,781) size 0x14
                  RenderInline {A} at (0,796) size 143x14 [color=#0000EE]
                    RenderText {#text} at (0,796) size 143x15
                      text run at (0,796) width 143: "Floating-Point Constants"
                  RenderText {#text} at (0,0) size 0x0
                  RenderBR {BR} at (143,796) size 0x14
                  RenderInline {A} at (0,811) size 110x14 [color=#0000EE]
                    RenderText {#text} at (0,811) size 110x15
                      text run at (0,811) width 110: "Decimal Constants"
                  RenderText {#text} at (0,0) size 0x0
                  RenderBR {BR} at (110,811) size 0x14
                  RenderInline {A} at (0,826) size 157x14 [color=#0000EE]
                    RenderText {#text} at (0,826) size 157x15
                      text run at (0,826) width 157: "Character String Constants"
                  RenderText {#text} at (0,0) size 0x0
                  RenderBR {BR} at (157,826) size 0x14
                  RenderInline {A} at (0,841) size 138x14 [color=#0000EE]
                    RenderText {#text} at (0,841) size 138x15
                      text run at (0,841) width 138: "Hexadecimal Constants"
                  RenderText {#text} at (0,0) size 0x0
                  RenderBR {BR} at (138,841) size 0x14
                  RenderInline {A} at (0,856) size 146x14 [color=#0000EE]
                    RenderText {#text} at (0,856) size 146x15
                      text run at (0,856) width 146: "Graphic String Constants"
                  RenderText {#text} at (0,0) size 0x0
                  RenderBR {BR} at (146,856) size 0x14
                  RenderInline {A} at (0,871) size 240x14 [color=#0000EE]
                    RenderText {#text} at (0,871) size 240x15
                      text run at (0,871) width 240: "Using Constants with User-defined Types"
                  RenderText {#text} at (0,0) size 0x0
                  RenderBR {BR} at (239,871) size 1x14
                  RenderInline {A} at (0,886) size 102x14 [color=#0000EE]
                    RenderText {#text} at (0,886) size 102x15
                      text run at (0,886) width 102: "Special Registers"
                  RenderText {#text} at (0,0) size 0x0
                  RenderBR {BR} at (102,886) size 0x14
                  RenderInline {A} at (0,901) size 100x14 [color=#0000EE]
                    RenderText {#text} at (0,901) size 100x15
                      text run at (0,901) width 100: "CURRENT DATE"
                  RenderText {#text} at (0,0) size 0x0
                  RenderBR {BR} at (99,901) size 1x14
                  RenderInline {A} at (0,916) size 260x14 [color=#0000EE]
                    RenderText {#text} at (0,916) size 260x15
                      text run at (0,916) width 260: "CURRENT DEFAULT TRANSFORM GROUP"
                  RenderText {#text} at (0,0) size 0x0
                  RenderBR {BR} at (259,916) size 1x14
                  RenderInline {A} at (0,931) size 121x14 [color=#0000EE]
                    RenderText {#text} at (0,931) size 121x15
                      text run at (0,931) width 121: "CURRENT DEGREE"
                  RenderText {#text} at (0,0) size 0x0
                  RenderBR {BR} at (120,931) size 1x14
                  RenderInline {A} at (0,946) size 165x14 [color=#0000EE]
                    RenderText {#text} at (0,946) size 165x15
                      text run at (0,946) width 165: "CURRENT EXPLAIN MODE"
                  RenderText {#text} at (0,0) size 0x0
                  RenderBR {BR} at (164,946) size 1x14
                  RenderInline {A} at (0,961) size 198x14 [color=#0000EE]
                    RenderText {#text} at (0,961) size 198x15
                      text run at (0,961) width 198: "CURRENT EXPLAIN SNAPSHOT"
                  RenderText {#text} at (0,0) size 0x0
                  RenderBR {BR} at (197,961) size 1x14
                  RenderInline {A} at (0,976) size 103x14 [color=#0000EE]
                    RenderText {#text} at (0,976) size 103x15
                      text run at (0,976) width 103: "CURRENT NODE"
                  RenderText {#text} at (0,0) size 0x0
                  RenderBR {BR} at (102,976) size 1x14
                  RenderInline {A} at (0,991) size 99x14 [color=#0000EE]
                    RenderText {#text} at (0,991) size 99x15
                      text run at (0,991) width 99: "CURRENT PATH"
                  RenderText {#text} at (0,0) size 0x0
                  RenderBR {BR} at (98,991) size 1x14
                  RenderInline {A} at (0,1006) size 209x14 [color=#0000EE]
                    RenderText {#text} at (0,1006) size 209x15
                      text run at (0,1006) width 209: "CURRENT QUERY OPTIMIZATION"
                  RenderText {#text} at (0,0) size 0x0
                  RenderBR {BR} at (208,1006) size 1x14
                  RenderInline {A} at (0,1021) size 160x14 [color=#0000EE]
                    RenderText {#text} at (0,1021) size 160x15
                      text run at (0,1021) width 160: "CURRENT REFRESH AGE"
                  RenderText {#text} at (0,0) size 0x0
                  RenderBR {BR} at (159,1021) size 1x14
                  RenderInline {A} at (0,1036) size 122x14 [color=#0000EE]
                    RenderText {#text} at (0,1036) size 122x15
                      text run at (0,1036) width 122: "CURRENT SCHEMA"
                  RenderText {#text} at (0,0) size 0x0
                  RenderBR {BR} at (121,1036) size 1x14
                  RenderInline {A} at (0,1051) size 120x14 [color=#0000EE]
                    RenderText {#text} at (0,1051) size 120x15
                      text run at (0,1051) width 120: "CURRENT SERVER"
                  RenderText {#text} at (0,0) size 0x0
                  RenderBR {BR} at (119,1051) size 1x14
                  RenderInline {A} at (0,1066) size 98x14 [color=#0000EE]
                    RenderText {#text} at (0,1066) size 98x15
                      text run at (0,1066) width 98: "CURRENT TIME"
                  RenderText {#text} at (0,0) size 0x0
                  RenderBR {BR} at (97,1066) size 1x14
                  RenderInline {A} at (0,1081) size 143x14 [color=#0000EE]
                    RenderText {#text} at (0,1081) size 143x15
                      text run at (0,1081) width 143: "CURRENT TIMESTAMP"
                  RenderText {#text} at (0,0) size 0x0
                  RenderBR {BR} at (142,1081) size 1x14
                  RenderInline {A} at (0,1096) size 134x14 [color=#0000EE]
                    RenderText {#text} at (0,1096) size 134x15
                      text run at (0,1096) width 134: "CURRENT TIMEZONE"
                  RenderText {#text} at (0,0) size 0x0
                  RenderBR {BR} at (133,1096) size 1x14
                  RenderInline {A} at (0,1111) size 36x14 [color=#0000EE]
                    RenderText {#text} at (0,1111) size 36x15
                      text run at (0,1111) width 36: "USER"
                  RenderText {#text} at (0,0) size 0x0
                  RenderBR {BR} at (36,1111) size 0x14
                  RenderInline {A} at (0,1126) size 89x14 [color=#0000EE]
                    RenderText {#text} at (0,1126) size 89x15
                      text run at (0,1126) width 89: "Column Names"
                  RenderText {#text} at (0,0) size 0x0
                  RenderBR {BR} at (89,1126) size 0x14
                  RenderInline {A} at (0,1141) size 144x14 [color=#0000EE]
                    RenderText {#text} at (0,1141) size 144x15
                      text run at (0,1141) width 144: "Qualified Column Names"
                  RenderText {#text} at (0,0) size 0x0
                  RenderBR {BR} at (144,1141) size 0x14
                  RenderInline {A} at (0,1156) size 107x14 [color=#0000EE]
                    RenderText {#text} at (0,1156) size 107x15
                      text run at (0,1156) width 107: "Correlation Names"
                  RenderText {#text} at (0,0) size 0x0
                  RenderBR {BR} at (107,1156) size 0x14
                  RenderInline {A} at (0,1171) size 255x14 [color=#0000EE]
                    RenderText {#text} at (0,1171) size 255x15
                      text run at (0,1171) width 255: "Column Name Qualifiers to Avoid Ambiguity"
                  RenderText {#text} at (0,0) size 0x0
                  RenderBR {BR} at (254,1171) size 1x14
                  RenderInline {A} at (0,1186) size 288x14 [color=#0000EE]
                    RenderText {#text} at (0,1186) size 288x15
                      text run at (0,1186) width 288: "Column Name Qualifiers in Correlated References"
                  RenderText {#text} at (0,0) size 0x0
                  RenderBR {BR} at (288,1186) size 0x14
                  RenderInline {A} at (0,1201) size 170x14 [color=#0000EE]
                    RenderText {#text} at (0,1201) size 170x15
                      text run at (0,1201) width 170: "References to Host Variables"
                  RenderText {#text} at (0,0) size 0x0
                  RenderBR {BR} at (169,1201) size 1x14
                  RenderInline {A} at (0,1216) size 184x14 [color=#0000EE]
                    RenderText {#text} at (0,1216) size 184x15
                      text run at (0,1216) width 184: "Host Variables in Dynamic SQL"
                  RenderText {#text} at (0,0) size 0x0
                  RenderBR {BR} at (183,1216) size 1x14
                  RenderInline {A} at (0,1231) size 338x14 [color=#0000EE]
                    RenderText {#text} at (0,1231) size 338x15
                      text run at (0,1231) width 338: "References to BLOB, CLOB, and DBCLOB Host Variables"
                  RenderText {#text} at (0,0) size 0x0
                  RenderBR {BR} at (337,1231) size 1x14
                  RenderInline {A} at (0,1246) size 186x14 [color=#0000EE]
                    RenderText {#text} at (0,1246) size 186x15
                      text run at (0,1246) width 186: "References to Locator Variables"
                  RenderText {#text} at (0,0) size 0x0
                  RenderBR {BR} at (185,1246) size 1x14
                  RenderInline {A} at (0,1261) size 395x14 [color=#0000EE]
                    RenderText {#text} at (0,1261) size 395x15
                      text run at (0,1261) width 395: "References to BLOB, CLOB, and DBCLOB File Reference Variables"
                  RenderText {#text} at (0,0) size 0x0
                  RenderBR {BR} at (394,1261) size 1x14
                  RenderInline {A} at (0,1276) size 266x14 [color=#0000EE]
                    RenderText {#text} at (0,1276) size 266x15
                      text run at (0,1276) width 266: "References to Structured Type Host Variables"
                  RenderText {#text} at (0,0) size 0x0
                  RenderBR {BR} at (265,1276) size 1x14
                  RenderInline {A} at (0,1291) size 57x14 [color=#0000EE]
                    RenderText {#text} at (0,1291) size 57x15
                      text run at (0,1291) width 57: "Functions"
                  RenderText {#text} at (0,0) size 0x0
                  RenderBR {BR} at (57,1291) size 0x14
                  RenderInline {A} at (0,1306) size 299x14 [color=#0000EE]
                    RenderText {#text} at (0,1306) size 299x15
                      text run at (0,1306) width 299: "External, SQL and Sourced User-Defined Functions"
                  RenderText {#text} at (0,0) size 0x0
                  RenderBR {BR} at (298,1306) size 1x14
                  RenderInline {A} at (0,1321) size 321x14 [color=#0000EE]
                    RenderText {#text} at (0,1321) size 321x15
                      text run at (0,1321) width 321: "Scalar, Column, Row and Table User-Defined Functions"
                  RenderText {#text} at (0,0) size 0x0
                  RenderBR {BR} at (320,1321) size 1x14
                  RenderInline {A} at (0,1336) size 114x14 [color=#0000EE]
                    RenderText {#text} at (0,1336) size 114x15
                      text run at (0,1336) width 114: "Function signatures"
                  RenderText {#text} at (0,0) size 0x0
                  RenderBR {BR} at (114,1336) size 0x14
                  RenderInline {A} at (0,1351) size 57x14 [color=#0000EE]
                    RenderText {#text} at (0,1351) size 57x15
                      text run at (0,1351) width 57: "SQL Path"
                  RenderText {#text} at (0,0) size 0x0
                  RenderBR {BR} at (56,1351) size 1x14
                  RenderInline {A} at (0,1366) size 115x14 [color=#0000EE]
                    RenderText {#text} at (0,1366) size 115x15
                      text run at (0,1366) width 115: "Function Resolution"
                  RenderText {#text} at (0,0) size 0x0
                  RenderBR {BR} at (115,1366) size 0x14
                  RenderInline {A} at (0,1381) size 114x14 [color=#0000EE]
                    RenderText {#text} at (0,1381) size 114x15
                      text run at (0,1381) width 114: "Function Invocation"
                  RenderText {#text} at (0,0) size 0x0
                  RenderBR {BR} at (114,1381) size 0x14
                  RenderInline {A} at (0,1396) size 50x14 [color=#0000EE]
                    RenderText {#text} at (0,1396) size 50x15
                      text run at (0,1396) width 50: "Methods"
                  RenderText {#text} at (0,0) size 0x0
                  RenderBR {BR} at (50,1396) size 0x14
                  RenderInline {A} at (0,1411) size 236x14 [color=#0000EE]
                    RenderText {#text} at (0,1411) size 236x15
                      text run at (0,1411) width 236: "External and SQL User-Defined Methods"
                  RenderText {#text} at (0,0) size 0x0
                  RenderBR {BR} at (235,1411) size 1x14
                  RenderInline {A} at (0,1426) size 109x14 [color=#0000EE]
                    RenderText {#text} at (0,1426) size 109x15
                      text run at (0,1426) width 109: "Method Signatures"
                  RenderText {#text} at (0,0) size 0x0
                  RenderBR {BR} at (109,1426) size 0x14
                  RenderInline {A} at (0,1441) size 107x14 [color=#0000EE]
                    RenderText {#text} at (0,1441) size 107x15
                      text run at (0,1441) width 107: "Method Invocation"
                  RenderText {#text} at (0,0) size 0x0
                  RenderBR {BR} at (107,1441) size 0x14
                  RenderInline {A} at (0,1456) size 108x14 [color=#0000EE]
                    RenderText {#text} at (0,1456) size 108x15
                      text run at (0,1456) width 108: "Method Resolution"
                  RenderText {#text} at (0,0) size 0x0
                  RenderBR {BR} at (108,1456) size 0x14
                  RenderInline {A} at (0,1471) size 188x14 [color=#0000EE]
                    RenderText {#text} at (0,1471) size 188x15
                      text run at (0,1471) width 188: "Method of Choosing the Best Fit"
                  RenderText {#text} at (0,0) size 0x0
                  RenderBR {BR} at (188,1471) size 0x14
                  RenderInline {A} at (0,1486) size 178x14 [color=#0000EE]
                    RenderText {#text} at (0,1486) size 178x15
                      text run at (0,1486) width 178: "Example of Method Resolution"
                  RenderText {#text} at (0,0) size 0x0
                  RenderBR {BR} at (178,1486) size 0x14
                  RenderInline {A} at (0,1501) size 107x14 [color=#0000EE]
                    RenderText {#text} at (0,1501) size 107x15
                      text run at (0,1501) width 107: "Method Invocation"
                  RenderText {#text} at (0,0) size 0x0
                  RenderBR {BR} at (107,1501) size 0x14
                  RenderInline {A} at (0,1516) size 189x14 [color=#0000EE]
                    RenderText {#text} at (0,1516) size 189x15
                      text run at (0,1516) width 189: "Conservative Binding Semantics"
                  RenderText {#text} at (0,0) size 0x0
                  RenderBR {BR} at (189,1516) size 0x14
                  RenderInline {A} at (0,1531) size 72x14 [color=#0000EE]
                    RenderText {#text} at (0,1531) size 72x15
                      text run at (0,1531) width 72: "Expressions"
                  RenderText {#text} at (0,0) size 0x0
                  RenderBR {BR} at (72,1531) size 0x14
                  RenderInline {A} at (0,1546) size 105x14 [color=#0000EE]
                    RenderText {#text} at (0,1546) size 105x15
                      text run at (0,1546) width 105: "Without Operators"
                  RenderText {#text} at (0,0) size 0x0
                  RenderBR {BR} at (105,1546) size 0x14
                  RenderInline {A} at (0,1561) size 189x14 [color=#0000EE]
                    RenderText {#text} at (0,1561) size 189x15
                      text run at (0,1561) width 189: "With the Concatenation Operator"
                  RenderText {#text} at (0,0) size 0x0
                  RenderBR {BR} at (189,1561) size 0x14
                  RenderInline {A} at (0,1576) size 150x14 [color=#0000EE]
                    RenderText {#text} at (0,1576) size 150x15
                      text run at (0,1576) width 150: "With Arithmetic Operators"
                  RenderText {#text} at (0,0) size 0x0
                  RenderBR {BR} at (150,1576) size 0x14
                  RenderInline {A} at (0,1591) size 128x14 [color=#0000EE]
                    RenderText {#text} at (0,1591) size 128x15
                      text run at (0,1591) width 128: "Two Integer Operands"
                  RenderText {#text} at (0,0) size 0x0
                  RenderBR {BR} at (127,1591) size 1x14
                  RenderInline {A} at (0,1606) size 176x14 [color=#0000EE]
                    RenderText {#text} at (0,1606) size 176x15
                      text run at (0,1606) width 176: "Integer and Decimal Operands"
                  RenderText {#text} at (0,0) size 0x0
                  RenderBR {BR} at (176,1606) size 0x14
                  RenderInline {A} at (0,1621) size 135x14 [color=#0000EE]
                    RenderText {#text} at (0,1621) size 135x15
                      text run at (0,1621) width 135: "Two Decimal Operands"
                  RenderText {#text} at (0,0) size 0x0
                  RenderBR {BR} at (134,1621) size 1x14
                  RenderInline {A} at (0,1636) size 154x14 [color=#0000EE]
                    RenderText {#text} at (0,1636) size 154x15
                      text run at (0,1636) width 154: "Decimal Arithmetic in SQL"
                  RenderText {#text} at (0,0) size 0x0
                  RenderBR {BR} at (154,1636) size 0x14
                  RenderInline {A} at (0,1651) size 140x14 [color=#0000EE]
                    RenderText {#text} at (0,1651) size 140x15
                      text run at (0,1651) width 140: "Floating-Point Operands"
                  RenderText {#text} at (0,0) size 0x0
                  RenderBR {BR} at (140,1651) size 0x14
                  RenderInline {A} at (0,1666) size 191x14 [color=#0000EE]
                    RenderText {#text} at (0,1666) size 191x15
                      text run at (0,1666) width 191: "User-defined Types as Operands"
                  RenderText {#text} at (0,0) size 0x0
                  RenderBR {BR} at (190,1666) size 1x14
                  RenderInline {A} at (0,1681) size 97x14 [color=#0000EE]
                    RenderText {#text} at (0,1681) size 97x15
                      text run at (0,1681) width 97: "Scalar Fullselect"
                  RenderText {#text} at (0,0) size 0x0
                  RenderBR {BR} at (97,1681) size 0x14
                  RenderInline {A} at (0,1696) size 203x14 [color=#0000EE]
                    RenderText {#text} at (0,1696) size 203x15
                      text run at (0,1696) width 203: "Datetime Operations and Durations"
                  RenderText {#text} at (0,0) size 0x0
                  RenderBR {BR} at (203,1696) size 0x14
                  RenderInline {A} at (0,1711) size 159x14 [color=#0000EE]
                    RenderText {#text} at (0,1711) size 159x15
                      text run at (0,1711) width 159: "Datetime Arithmetic in SQL"
                  RenderText {#text} at (0,0) size 0x0
                  RenderBR {BR} at (159,1711) size 0x14
                  RenderInline {A} at (0,1726) size 151x14 [color=#0000EE]
                    RenderText {#text} at (0,1726) size 151x15
                      text run at (0,1726) width 151: "Precedence of Operations"
                  RenderText {#text} at (0,0) size 0x0
                  RenderBR {BR} at (151,1726) size 0x14
                  RenderInline {A} at (0,1741) size 112x14 [color=#0000EE]
                    RenderText {#text} at (0,1741) size 112x15
                      text run at (0,1741) width 112: "CASE Expressions"
                  RenderText {#text} at (0,0) size 0x0
                  RenderBR {BR} at (112,1741) size 0x14
                  RenderInline {A} at (0,1756) size 121x14 [color=#0000EE]
                    RenderText {#text} at (0,1756) size 121x15
                      text run at (0,1756) width 121: "CAST Specifications"
                  RenderText {#text} at (0,0) size 0x0
                  RenderBR {BR} at (120,1756) size 1x14
                  RenderInline {A} at (0,1771) size 137x14 [color=#0000EE]
                    RenderText {#text} at (0,1771) size 137x15
                      text run at (0,1771) width 137: "Dereference Operations"
                  RenderText {#text} at (0,0) size 0x0
                  RenderBR {BR} at (137,1771) size 0x14
                  RenderInline {A} at (0,1786) size 96x14 [color=#0000EE]
                    RenderText {#text} at (0,1786) size 96x15
                      text run at (0,1786) width 96: "OLAP Functions"
                  RenderText {#text} at (0,0) size 0x0
                  RenderBR {BR} at (95,1786) size 1x14
                  RenderInline {A} at (0,1801) size 107x14 [color=#0000EE]
                    RenderText {#text} at (0,1801) size 107x15
                      text run at (0,1801) width 107: "Method Invocation"
                  RenderText {#text} at (0,0) size 0x0
                  RenderBR {BR} at (107,1801) size 0x14
                  RenderInline {A} at (0,1816) size 111x14 [color=#0000EE]
                    RenderText {#text} at (0,1816) size 111x15
                      text run at (0,1816) width 111: "Subtype Treatment"
                  RenderText {#text} at (0,0) size 0x0
                  RenderBR {BR} at (110,1816) size 1x14
                  RenderInline {A} at (0,1831) size 62x14 [color=#0000EE]
                    RenderText {#text} at (0,1831) size 62x15
                      text run at (0,1831) width 62: "Predicates"
                  RenderText {#text} at (0,0) size 0x0
                  RenderBR {BR} at (62,1831) size 0x14
                  RenderInline {A} at (0,1846) size 92x14 [color=#0000EE]
                    RenderText {#text} at (0,1846) size 92x15
                      text run at (0,1846) width 92: "Basic Predicate"
                  RenderText {#text} at (0,0) size 0x0
                  RenderBR {BR} at (92,1846) size 0x14
                  RenderInline {A} at (0,1861) size 118x14 [color=#0000EE]
                    RenderText {#text} at (0,1861) size 118x15
                      text run at (0,1861) width 118: "Quantified Predicate"
                  RenderText {#text} at (0,0) size 0x0
                  RenderBR {BR} at (118,1861) size 0x14
                  RenderInline {A} at (0,1876) size 124x14 [color=#0000EE]
                    RenderText {#text} at (0,1876) size 124x15
                      text run at (0,1876) width 124: "BETWEEN Predicate"
                  RenderText {#text} at (0,0) size 0x0
                  RenderBR {BR} at (124,1876) size 0x14
                  RenderInline {A} at (0,1891) size 107x14 [color=#0000EE]
                    RenderText {#text} at (0,1891) size 107x15
                      text run at (0,1891) width 107: "EXISTS Predicate"
                  RenderText {#text} at (0,0) size 0x0
                  RenderBR {BR} at (107,1891) size 0x14
                  RenderInline {A} at (0,1906) size 72x14 [color=#0000EE]
                    RenderText {#text} at (0,1906) size 72x15
                      text run at (0,1906) width 72: "IN Predicate"
                  RenderText {#text} at (0,0) size 0x0
                  RenderBR {BR} at (72,1906) size 0x14
                  RenderInline {A} at (0,1921) size 88x14 [color=#0000EE]
                    RenderText {#text} at (0,1921) size 88x15
                      text run at (0,1921) width 88: "LIKE Predicate"
                  RenderText {#text} at (0,0) size 0x0
                  RenderBR {BR} at (88,1921) size 0x14
                  RenderInline {A} at (0,1936) size 91x14 [color=#0000EE]
                    RenderText {#text} at (0,1936) size 91x15
                      text run at (0,1936) width 91: "NULL Predicate"
                  RenderText {#text} at (0,0) size 0x0
                  RenderBR {BR} at (90,1936) size 1x14
                  RenderInline {A} at (0,1951) size 94x14 [color=#0000EE]
                    RenderText {#text} at (0,1951) size 94x15
                      text run at (0,1951) width 94: "TYPE Predicate"
                  RenderText {#text} at (0,0) size 0x0
                  RenderBR {BR} at (94,1951) size 0x14
                  RenderInline {A} at (0,1966) size 106x14 [color=#0000EE]
                    RenderText {#text} at (0,1966) size 106x15
                      text run at (0,1966) width 106: "Search Conditions"
                  RenderText {#text} at (0,0) size 0x0
                  RenderBR {BR} at (106,1966) size 0x14
                  RenderInline {A} at (0,1981) size 58x14 [color=#0000EE]
                    RenderText {#text} at (0,1981) size 58x15
                      text run at (0,1981) width 58: "Examples"
                  RenderText {#text} at (0,0) size 0x0
                RenderBlock {P} at (0,3213) size 715x1936
                  RenderInline {B} at (0,1) size 62x14
                    RenderInline {A} at (0,1) size 62x14 [color=#0000EE]
                      RenderText {#text} at (0,1) size 62x15
                        text run at (0,1) width 62: "Functions"
                  RenderBR {BR} at (62,1) size 0x14
                  RenderBR {BR} at (0,16) size 0x14
                  RenderInline {A} at (0,31) size 105x14 [color=#0000EE]
                    RenderText {#text} at (0,31) size 105x15
                      text run at (0,31) width 105: "Column Functions"
                  RenderText {#text} at (0,0) size 0x0
                  RenderBR {BR} at (105,31) size 0x14
                  RenderInline {A} at (0,46) size 28x14 [color=#0000EE]
                    RenderText {#text} at (0,46) size 28x15
                      text run at (0,46) width 28: "AVG"
                  RenderText {#text} at (0,0) size 0x0
                  RenderBR {BR} at (27,46) size 1x14
                  RenderInline {A} at (0,61) size 93x14 [color=#0000EE]
                    RenderText {#text} at (0,61) size 93x15
                      text run at (0,61) width 93: "CORRELATION"
                  RenderText {#text} at (0,0) size 0x0
                  RenderBR {BR} at (92,61) size 1x14
                  RenderInline {A} at (0,76) size 45x14 [color=#0000EE]
                    RenderText {#text} at (0,76) size 45x15
                      text run at (0,76) width 45: "COUNT"
                  RenderText {#text} at (0,0) size 0x0
                  RenderBR {BR} at (45,76) size 0x14
                  RenderInline {A} at (0,91) size 75x14 [color=#0000EE]
                    RenderText {#text} at (0,91) size 75x15
                      text run at (0,91) width 75: "COUNT_BIG"
                  RenderText {#text} at (0,0) size 0x0
                  RenderBR {BR} at (75,91) size 0x14
                  RenderInline {A} at (0,106) size 86x14 [color=#0000EE]
                    RenderText {#text} at (0,106) size 86x15
                      text run at (0,106) width 86: "COVARIANCE"
                  RenderText {#text} at (0,0) size 0x0
                  RenderBR {BR} at (85,106) size 1x14
                  RenderInline {A} at (0,121) size 70x14 [color=#0000EE]
                    RenderText {#text} at (0,121) size 70x15
                      text run at (0,121) width 70: "GROUPING"
                  RenderText {#text} at (0,0) size 0x0
                  RenderBR {BR} at (70,121) size 0x14
                  RenderInline {A} at (0,136) size 29x14 [color=#0000EE]
                    RenderText {#text} at (0,136) size 29x15
                      text run at (0,136) width 29: "MAX"
                  RenderText {#text} at (0,0) size 0x0
                  RenderBR {BR} at (29,136) size 0x14
                  RenderInline {A} at (0,151) size 24x14 [color=#0000EE]
                    RenderText {#text} at (0,151) size 24x15
                      text run at (0,151) width 24: "MIN"
                  RenderText {#text} at (0,0) size 0x0
                  RenderBR {BR} at (24,151) size 0x14
                  RenderInline {A} at (0,166) size 148x14 [color=#0000EE]
                    RenderText {#text} at (0,166) size 148x15
                      text run at (0,166) width 148: "REGRESSION Functions"
                  RenderText {#text} at (0,0) size 0x0
                  RenderBR {BR} at (148,166) size 0x14
                  RenderInline {A} at (0,181) size 53x14 [color=#0000EE]
                    RenderText {#text} at (0,181) size 53x15
                      text run at (0,181) width 53: "STDDEV"
                  RenderText {#text} at (0,0) size 0x0
                  RenderBR {BR} at (53,181) size 0x14
                  RenderInline {A} at (0,196) size 29x14 [color=#0000EE]
                    RenderText {#text} at (0,196) size 29x15
                      text run at (0,196) width 29: "SUM"
                  RenderText {#text} at (0,0) size 0x0
                  RenderBR {BR} at (29,196) size 0x14
                  RenderInline {A} at (0,211) size 67x14 [color=#0000EE]
                    RenderText {#text} at (0,211) size 67x15
                      text run at (0,211) width 67: "VARIANCE"
                  RenderText {#text} at (0,0) size 0x0
                  RenderBR {BR} at (66,211) size 1x14
                  RenderInline {A} at (0,226) size 98x14 [color=#0000EE]
                    RenderText {#text} at (0,226) size 98x15
                      text run at (0,226) width 98: "Scalar Functions"
                  RenderText {#text} at (0,0) size 0x0
                  RenderBR {BR} at (98,226) size 0x14
                  RenderInline {A} at (0,241) size 98x14 [color=#0000EE]
                    RenderText {#text} at (0,241) size 98x15
                      text run at (0,241) width 98: "ABS or ABSVAL"
                  RenderText {#text} at (0,0) size 0x0
                  RenderBR {BR} at (97,241) size 1x14
                  RenderInline {A} at (0,256) size 37x14 [color=#0000EE]
                    RenderText {#text} at (0,256) size 37x15
                      text run at (0,256) width 37: "ACOS"
                  RenderText {#text} at (0,0) size 0x0
                  RenderBR {BR} at (37,256) size 0x14
                  RenderInline {A} at (0,271) size 35x14 [color=#0000EE]
                    RenderText {#text} at (0,271) size 35x15
                      text run at (0,271) width 35: "ASCII"
                  RenderText {#text} at (0,0) size 0x0
                  RenderBR {BR} at (35,271) size 0x14
                  RenderInline {A} at (0,286) size 31x14 [color=#0000EE]
                    RenderText {#text} at (0,286) size 31x15
                      text run at (0,286) width 31: "ASIN"
                  RenderText {#text} at (0,0) size 0x0
                  RenderBR {BR} at (31,286) size 0x14
                  RenderInline {A} at (0,301) size 34x14 [color=#0000EE]
                    RenderText {#text} at (0,301) size 34x15
                      text run at (0,301) width 34: "ATAN"
                  RenderText {#text} at (0,0) size 0x0
                  RenderBR {BR} at (33,301) size 1x14
                  RenderInline {A} at (0,316) size 41x14 [color=#0000EE]
                    RenderText {#text} at (0,316) size 41x15
                      text run at (0,316) width 41: "ATAN2"
                  RenderText {#text} at (0,0) size 0x0
                  RenderBR {BR} at (40,316) size 1x14
                  RenderInline {A} at (0,331) size 44x14 [color=#0000EE]
                    RenderText {#text} at (0,331) size 44x15
                      text run at (0,331) width 44: "BIGINT"
                  RenderText {#text} at (0,0) size 0x0
                  RenderBR {BR} at (44,331) size 0x14
                  RenderInline {A} at (0,346) size 35x14 [color=#0000EE]
                    RenderText {#text} at (0,346) size 35x15
                      text run at (0,346) width 35: "BLOB"
                  RenderText {#text} at (0,0) size 0x0
                  RenderBR {BR} at (35,346) size 0x14
                  RenderInline {A} at (0,361) size 100x14 [color=#0000EE]
                    RenderText {#text} at (0,361) size 100x15
                      text run at (0,361) width 100: "CEILING or CEIL"
                  RenderText {#text} at (0,0) size 0x0
                  RenderBR {BR} at (100,361) size 0x14
                  RenderInline {A} at (0,376) size 36x14 [color=#0000EE]
                    RenderText {#text} at (0,376) size 36x15
                      text run at (0,376) width 36: "CHAR"
                  RenderText {#text} at (0,0) size 0x0
                  RenderBR {BR} at (36,376) size 0x14
                  RenderInline {A} at (0,391) size 27x14 [color=#0000EE]
                    RenderText {#text} at (0,391) size 27x15
                      text run at (0,391) width 27: "CHR"
                  RenderText {#text} at (0,0) size 0x0
                  RenderBR {BR} at (27,391) size 0x14
                  RenderInline {A} at (0,406) size 35x14 [color=#0000EE]
                    RenderText {#text} at (0,406) size 35x15
                      text run at (0,406) width 35: "CLOB"
                  RenderText {#text} at (0,0) size 0x0
                  RenderBR {BR} at (35,406) size 0x14
                  RenderInline {A} at (0,421) size 71x14 [color=#0000EE]
                    RenderText {#text} at (0,421) size 71x15
                      text run at (0,421) width 71: "COALESCE"
                  RenderText {#text} at (0,0) size 0x0
                  RenderBR {BR} at (71,421) size 0x14
                  RenderInline {A} at (0,436) size 54x14 [color=#0000EE]
                    RenderText {#text} at (0,436) size 54x15
                      text run at (0,436) width 54: "CONCAT"
                  RenderText {#text} at (0,0) size 0x0
                  RenderBR {BR} at (53,436) size 1x14
                  RenderInline {A} at (0,451) size 28x14 [color=#0000EE]
                    RenderText {#text} at (0,451) size 28x15
                      text run at (0,451) width 28: "COS"
                  RenderText {#text} at (0,0) size 0x0
                  RenderBR {BR} at (28,451) size 0x14
                  RenderInline {A} at (0,466) size 27x14 [color=#0000EE]
                    RenderText {#text} at (0,466) size 27x15
                      text run at (0,466) width 27: "COT"
                  RenderText {#text} at (0,0) size 0x0
                  RenderBR {BR} at (27,466) size 0x14
                  RenderInline {A} at (0,481) size 35x14 [color=#0000EE]
                    RenderText {#text} at (0,481) size 35x15
                      text run at (0,481) width 35: "DATE"
                  RenderText {#text} at (0,0) size 0x0
                  RenderBR {BR} at (34,481) size 1x14
                  RenderInline {A} at (0,496) size 27x14 [color=#0000EE]
                    RenderText {#text} at (0,496) size 27x15
                      text run at (0,496) width 27: "DAY"
                  RenderText {#text} at (0,0) size 0x0
                  RenderBR {BR} at (26,496) size 1x14
                  RenderInline {A} at (0,511) size 65x14 [color=#0000EE]
                    RenderText {#text} at (0,511) size 65x15
                      text run at (0,511) width 65: "DAYNAME"
                  RenderText {#text} at (0,0) size 0x0
                  RenderBR {BR} at (64,511) size 1x14
                  RenderInline {A} at (0,526) size 84x14 [color=#0000EE]
                    RenderText {#text} at (0,526) size 84x15
                      text run at (0,526) width 84: "DAYOFWEEK"
                  RenderText {#text} at (0,0) size 0x0
                  RenderBR {BR} at (83,526) size 1x14
                  RenderInline {A} at (0,541) size 114x14 [color=#0000EE]
                    RenderText {#text} at (0,541) size 114x15
                      text run at (0,541) width 114: "DAYOFWEEK_ISO"
                  RenderText {#text} at (0,0) size 0x0
                  RenderBR {BR} at (113,541) size 1x14
                  RenderInline {A} at (0,556) size 81x14 [color=#0000EE]
                    RenderText {#text} at (0,556) size 81x15
                      text run at (0,556) width 81: "DAYOFYEAR"
                  RenderText {#text} at (0,0) size 0x0
                  RenderBR {BR} at (80,556) size 1x14
                  RenderInline {A} at (0,571) size 36x14 [color=#0000EE]
                    RenderText {#text} at (0,571) size 36x15
                      text run at (0,571) width 36: "DAYS"
                  RenderText {#text} at (0,0) size 0x0
                  RenderBR {BR} at (35,571) size 1x14
                  RenderInline {A} at (0,586) size 53x14 [color=#0000EE]
                    RenderText {#text} at (0,586) size 53x15
                      text run at (0,586) width 53: "DBCLOB"
                  RenderText {#text} at (0,0) size 0x0
                  RenderBR {BR} at (53,586) size 0x14
                  RenderInline {A} at (0,601) size 58x14 [color=#0000EE]
                    RenderText {#text} at (0,601) size 58x15
                      text run at (0,601) width 58: "DECIMAL"
                  RenderText {#text} at (0,0) size 0x0
                  RenderBR {BR} at (58,601) size 0x14
                  RenderInline {A} at (0,616) size 64x14 [color=#0000EE]
                    RenderText {#text} at (0,616) size 64x15
                      text run at (0,616) width 64: "DEGREES"
                  RenderText {#text} at (0,0) size 0x0
                  RenderBR {BR} at (64,616) size 0x14
                  RenderInline {A} at (0,631) size 44x14 [color=#0000EE]
                    RenderText {#text} at (0,631) size 44x15
                      text run at (0,631) width 44: "DEREF"
                  RenderText {#text} at (0,0) size 0x0
                  RenderBR {BR} at (44,631) size 0x14
                  RenderInline {A} at (0,646) size 83x14 [color=#0000EE]
                    RenderText {#text} at (0,646) size 83x15
                      text run at (0,646) width 83: "DIFFERENCE"
                  RenderText {#text} at (0,0) size 0x0
                  RenderBR {BR} at (83,646) size 0x14
                  RenderInline {A} at (0,661) size 44x14 [color=#0000EE]
                    RenderText {#text} at (0,661) size 44x15
                      text run at (0,661) width 44: "DIGITS"
                  RenderText {#text} at (0,0) size 0x0
                  RenderBR {BR} at (44,661) size 0x14
                  RenderInline {A} at (0,676) size 83x14 [color=#0000EE]
                    RenderText {#text} at (0,676) size 83x15
                      text run at (0,676) width 83: "DLCOMMENT"
                  RenderText {#text} at (0,0) size 0x0
                  RenderBR {BR} at (83,676) size 0x14
                  RenderInline {A} at (0,691) size 80x14 [color=#0000EE]
                    RenderText {#text} at (0,691) size 80x15
                      text run at (0,691) width 80: "DLLINKTYPE"
                  RenderText {#text} at (0,0) size 0x0
                  RenderBR {BR} at (80,691) size 0x14
                  RenderInline {A} at (0,706) size 113x14 [color=#0000EE]
                    RenderText {#text} at (0,706) size 113x15
                      text run at (0,706) width 113: "DLURLCOMPLETE"
                  RenderText {#text} at (0,0) size 0x0
                  RenderBR {BR} at (113,706) size 0x14
                  RenderInline {A} at (0,721) size 75x14 [color=#0000EE]
                    RenderText {#text} at (0,721) size 75x15
                      text run at (0,721) width 75: "DLURLPATH"
                  RenderText {#text} at (0,0) size 0x0
                  RenderBR {BR} at (74,721) size 1x14
                  RenderInline {A} at (0,736) size 109x14 [color=#0000EE]
                    RenderText {#text} at (0,736) size 109x15
                      text run at (0,736) width 109: "DLURLPATHONLY"
                  RenderText {#text} at (0,0) size 0x0
                  RenderBR {BR} at (108,736) size 1x14
                  RenderInline {A} at (0,751) size 97x14 [color=#0000EE]
                    RenderText {#text} at (0,751) size 97x15
                      text run at (0,751) width 97: "DLURLSCHEME"
                  RenderText {#text} at (0,0) size 0x0
                  RenderBR {BR} at (97,751) size 0x14
                  RenderInline {A} at (0,766) size 95x14 [color=#0000EE]
                    RenderText {#text} at (0,766) size 95x15
                      text run at (0,766) width 95: "DLURLSERVER"
                  RenderText {#text} at (0,0) size 0x0
                  RenderBR {BR} at (94,766) size 1x14
                  RenderInline {A} at (0,781) size 58x14 [color=#0000EE]
                    RenderText {#text} at (0,781) size 58x15
                      text run at (0,781) width 58: "DLVALUE"
                  RenderText {#text} at (0,0) size 0x0
                  RenderBR {BR} at (57,781) size 1x14
                  RenderInline {A} at (0,796) size 53x14 [color=#0000EE]
                    RenderText {#text} at (0,796) size 53x15
                      text run at (0,796) width 53: "DOUBLE"
                  RenderText {#text} at (0,0) size 0x0
                  RenderBR {BR} at (53,796) size 0x14
                  RenderInline {A} at (0,811) size 130x14 [color=#0000EE]
                    RenderText {#text} at (0,811) size 130x15
                      text run at (0,811) width 130: "EVENT_MON_STATE"
                  RenderText {#text} at (0,0) size 0x0
                  RenderBR {BR} at (129,811) size 1x14
                  RenderInline {A} at (0,826) size 27x14 [color=#0000EE]
                    RenderText {#text} at (0,826) size 27x15
                      text run at (0,826) width 27: "EXP"
                  RenderText {#text} at (0,0) size 0x0
                  RenderBR {BR} at (27,826) size 0x14
                  RenderInline {A} at (0,841) size 42x14 [color=#0000EE]
                    RenderText {#text} at (0,841) size 42x15
                      text run at (0,841) width 42: "FLOAT"
                  RenderText {#text} at (0,0) size 0x0
                  RenderBR {BR} at (41,841) size 1x14
                  RenderInline {A} at (0,856) size 44x14 [color=#0000EE]
                    RenderText {#text} at (0,856) size 44x15
                      text run at (0,856) width 44: "FLOOR"
                  RenderText {#text} at (0,0) size 0x0
                  RenderBR {BR} at (44,856) size 0x14
                  RenderInline {A} at (0,871) size 129x14 [color=#0000EE]
                    RenderText {#text} at (0,871) size 129x15
                      text run at (0,871) width 129: "GENERATE_UNIQUE"
                  RenderText {#text} at (0,0) size 0x0
                  RenderBR {BR} at (128,871) size 1x14
                  RenderInline {A} at (0,886) size 59x14 [color=#0000EE]
                    RenderText {#text} at (0,886) size 59x15
                      text run at (0,886) width 59: "GRAPHIC"
                  RenderText {#text} at (0,0) size 0x0
                  RenderBR {BR} at (59,886) size 0x14
                  RenderInline {A} at (0,901) size 27x14 [color=#0000EE]
                    RenderText {#text} at (0,901) size 27x15
                      text run at (0,901) width 27: "HEX"
                  RenderText {#text} at (0,0) size 0x0
                  RenderBR {BR} at (27,901) size 0x14
                  RenderInline {A} at (0,916) size 37x14 [color=#0000EE]
                    RenderText {#text} at (0,916) size 37x15
                      text run at (0,916) width 37: "HOUR"
                  RenderText {#text} at (0,0) size 0x0
                  RenderBR {BR} at (37,916) size 0x14
                  RenderInline {A} at (0,931) size 48x14 [color=#0000EE]
                    RenderText {#text} at (0,931) size 48x15
                      text run at (0,931) width 48: "INSERT"
                  RenderText {#text} at (0,0) size 0x0
                  RenderBR {BR} at (47,931) size 1x14
                  RenderInline {A} at (0,946) size 58x14 [color=#0000EE]
                    RenderText {#text} at (0,946) size 58x15
                      text run at (0,946) width 58: "INTEGER"
                  RenderText {#text} at (0,0) size 0x0
                  RenderBR {BR} at (58,946) size 0x14
                  RenderInline {A} at (0,961) size 79x14 [color=#0000EE]
                    RenderText {#text} at (0,961) size 79x15
                      text run at (0,961) width 79: "JULIAN_DAY"
                  RenderText {#text} at (0,0) size 0x0
                  RenderBR {BR} at (78,961) size 1x14
                  RenderInline {A} at (0,976) size 109x14 [color=#0000EE]
                    RenderText {#text} at (0,976) size 109x15
                      text run at (0,976) width 109: "LCASE or LOWER"
                  RenderText {#text} at (0,0) size 0x0
                  RenderBR {BR} at (109,976) size 0x14
                  RenderInline {A} at (0,991) size 158x14 [color=#0000EE]
                    RenderText {#text} at (0,991) size 158x15
                      text run at (0,991) width 158: "LCASE (SYSFUN schema)"
                  RenderText {#text} at (0,0) size 0x0
                  RenderBR {BR} at (158,991) size 0x14
                  RenderInline {A} at (0,1006) size 32x14 [color=#0000EE]
                    RenderText {#text} at (0,1006) size 32x15
                      text run at (0,1006) width 32: "LEFT"
                  RenderText {#text} at (0,0) size 0x0
                  RenderBR {BR} at (32,1006) size 0x14
                  RenderInline {A} at (0,1021) size 52x14 [color=#0000EE]
                    RenderText {#text} at (0,1021) size 52x15
                      text run at (0,1021) width 52: "LENGTH"
                  RenderText {#text} at (0,0) size 0x0
                  RenderBR {BR} at (52,1021) size 0x14
                  RenderInline {A} at (0,1036) size 16x14 [color=#0000EE]
                    RenderText {#text} at (0,1036) size 16x15
                      text run at (0,1036) width 16: "LN"
                  RenderText {#text} at (0,0) size 0x0
                  RenderBR {BR} at (16,1036) size 0x14
                  RenderInline {A} at (0,1051) size 52x14 [color=#0000EE]
                    RenderText {#text} at (0,1051) size 52x15
                      text run at (0,1051) width 52: "LOCATE"
                  RenderText {#text} at (0,0) size 0x0
                  RenderBR {BR} at (51,1051) size 1x14
                  RenderInline {A} at (0,1066) size 27x14 [color=#0000EE]
                    RenderText {#text} at (0,1066) size 27x15
                      text run at (0,1066) width 27: "LOG"
                  RenderText {#text} at (0,0) size 0x0
                  RenderBR {BR} at (27,1066) size 0x14
                  RenderInline {A} at (0,1081) size 41x14 [color=#0000EE]
                    RenderText {#text} at (0,1081) size 41x15
                      text run at (0,1081) width 41: "LOG10"
                  RenderText {#text} at (0,0) size 0x0
                  RenderBR {BR} at (41,1081) size 0x14
                  RenderInline {A} at (0,1096) size 106x14 [color=#0000EE]
                    RenderText {#text} at (0,1096) size 106x15
                      text run at (0,1096) width 106: "LONG_VARCHAR"
                  RenderText {#text} at (0,0) size 0x0
                  RenderBR {BR} at (105,1096) size 1x14
                  RenderInline {A} at (0,1111) size 129x14 [color=#0000EE]
                    RenderText {#text} at (0,1111) size 129x15
                      text run at (0,1111) width 129: "LONG_VARGRAPHIC"
                  RenderText {#text} at (0,0) size 0x0
                  RenderBR {BR} at (128,1111) size 1x14
                  RenderInline {A} at (0,1126) size 39x14 [color=#0000EE]
                    RenderText {#text} at (0,1126) size 39x15
                      text run at (0,1126) width 39: "LTRIM"
                  RenderText {#text} at (0,0) size 0x0
                  RenderBR {BR} at (38,1126) size 1x14
                  RenderInline {A} at (0,1141) size 154x14 [color=#0000EE]
                    RenderText {#text} at (0,1141) size 154x15
                      text run at (0,1141) width 154: "LTRIM (SYSFUN schema)"
                  RenderText {#text} at (0,0) size 0x0
                  RenderBR {BR} at (153,1141) size 1x14
                  RenderInline {A} at (0,1156) size 98x14 [color=#0000EE]
                    RenderText {#text} at (0,1156) size 98x15
                      text run at (0,1156) width 98: "MICROSECOND"
                  RenderText {#text} at (0,0) size 0x0
                  RenderBR {BR} at (98,1156) size 0x14
                  RenderInline {A} at (0,1171) size 135x14 [color=#0000EE]
                    RenderText {#text} at (0,1171) size 135x15
                      text run at (0,1171) width 135: "MIDNIGHT_SECONDS"
                  RenderText {#text} at (0,0) size 0x0
                  RenderBR {BR} at (135,1171) size 0x14
                  RenderInline {A} at (0,1186) size 50x14 [color=#0000EE]
                    RenderText {#text} at (0,1186) size 50x15
                      text run at (0,1186) width 50: "MINUTE"
                  RenderText {#text} at (0,0) size 0x0
                  RenderBR {BR} at (50,1186) size 0x14
                  RenderInline {A} at (0,1201) size 30x14 [color=#0000EE]
                    RenderText {#text} at (0,1201) size 30x15
                      text run at (0,1201) width 30: "MOD"
                  RenderText {#text} at (0,0) size 0x0
                  RenderBR {BR} at (30,1201) size 0x14
                  RenderInline {A} at (0,1216) size 47x14 [color=#0000EE]
                    RenderText {#text} at (0,1216) size 47x15
                      text run at (0,1216) width 47: "MONTH"
                  RenderText {#text} at (0,0) size 0x0
                  RenderBR {BR} at (47,1216) size 0x14
                  RenderInline {A} at (0,1231) size 85x14 [color=#0000EE]
                    RenderText {#text} at (0,1231) size 85x15
                      text run at (0,1231) width 85: "MONTHNAME"
                  RenderText {#text} at (0,0) size 0x0
                  RenderBR {BR} at (85,1231) size 0x14
                  RenderInline {A} at (0,1246) size 93x14 [color=#0000EE]
                    RenderText {#text} at (0,1246) size 93x15
                      text run at (0,1246) width 93: "NODENUMBER"
                  RenderText {#text} at (0,0) size 0x0
                  RenderBR {BR} at (93,1246) size 0x14
                  RenderInline {A} at (0,1261) size 44x14 [color=#0000EE]
                    RenderText {#text} at (0,1261) size 44x15
                      text run at (0,1261) width 44: "NULLIF"
                  RenderText {#text} at (0,0) size 0x0
                  RenderBR {BR} at (44,1261) size 0x14
                  RenderInline {A} at (0,1276) size 69x14 [color=#0000EE]
                    RenderText {#text} at (0,1276) size 69x15
                      text run at (0,1276) width 69: "PARTITION"
                  RenderText {#text} at (0,0) size 0x0
                  RenderBR {BR} at (68,1276) size 1x14
                  RenderInline {A} at (0,1291) size 54x14 [color=#0000EE]
                    RenderText {#text} at (0,1291) size 54x15
                      text run at (0,1291) width 54: "POSSTR"
                  RenderText {#text} at (0,0) size 0x0
                  RenderBR {BR} at (54,1291) size 0x14
                  RenderInline {A} at (0,1306) size 49x14 [color=#0000EE]
                    RenderText {#text} at (0,1306) size 49x15
                      text run at (0,1306) width 49: "POWER"
                  RenderText {#text} at (0,0) size 0x0
                  RenderBR {BR} at (49,1306) size 0x14
                  RenderInline {A} at (0,1321) size 63x14 [color=#0000EE]
                    RenderText {#text} at (0,1321) size 63x15
                      text run at (0,1321) width 63: "QUARTER"
                  RenderText {#text} at (0,0) size 0x0
                  RenderBR {BR} at (62,1321) size 1x14
                  RenderInline {A} at (0,1336) size 58x14 [color=#0000EE]
                    RenderText {#text} at (0,1336) size 58x15
                      text run at (0,1336) width 58: "RADIANS"
                  RenderText {#text} at (0,0) size 0x0
                  RenderBR {BR} at (58,1336) size 0x14
                  RenderInline {A} at (0,1351) size 93x14 [color=#0000EE]
                    RenderText {#text} at (0,1351) size 93x15
                      text run at (0,1351) width 93: "RAISE_ERROR"
                  RenderText {#text} at (0,0) size 0x0
                  RenderBR {BR} at (93,1351) size 0x14
                  RenderInline {A} at (0,1366) size 36x14 [color=#0000EE]
                    RenderText {#text} at (0,1366) size 36x15
                      text run at (0,1366) width 36: "RAND"
                  RenderText {#text} at (0,0) size 0x0
                  RenderBR {BR} at (36,1366) size 0x14
                  RenderInline {A} at (0,1381) size 34x14 [color=#0000EE]
                    RenderText {#text} at (0,1381) size 34x15
                      text run at (0,1381) width 34: "REAL"
                  RenderText {#text} at (0,0) size 0x0
                  RenderBR {BR} at (34,1381) size 0x14
                  RenderInline {A} at (0,1396) size 53x14 [color=#0000EE]
                    RenderText {#text} at (0,1396) size 53x15
                      text run at (0,1396) width 53: "REPEAT"
                  RenderText {#text} at (0,0) size 0x0
                  RenderBR {BR} at (52,1396) size 1x14
                  RenderInline {A} at (0,1411) size 61x14 [color=#0000EE]
                    RenderText {#text} at (0,1411) size 61x15
                      text run at (0,1411) width 61: "REPLACE"
                  RenderText {#text} at (0,0) size 0x0
                  RenderBR {BR} at (61,1411) size 0x14
                  RenderInline {A} at (0,1426) size 40x14 [color=#0000EE]
                    RenderText {#text} at (0,1426) size 40x15
                      text run at (0,1426) width 40: "RIGHT"
                  RenderText {#text} at (0,0) size 0x0
                  RenderBR {BR} at (40,1426) size 0x14
                  RenderInline {A} at (0,1441) size 46x14 [color=#0000EE]
                    RenderText {#text} at (0,1441) size 46x15
                      text run at (0,1441) width 46: "ROUND"
                  RenderText {#text} at (0,0) size 0x0
                  RenderBR {BR} at (46,1441) size 0x14
                  RenderInline {A} at (0,1456) size 41x14 [color=#0000EE]
                    RenderText {#text} at (0,1456) size 41x15
                      text run at (0,1456) width 41: "RTRIM"
                  RenderText {#text} at (0,0) size 0x0
                  RenderBR {BR} at (40,1456) size 1x14
                  RenderInline {A} at (0,1471) size 156x14 [color=#0000EE]
                    RenderText {#text} at (0,1471) size 156x15
                      text run at (0,1471) width 156: "RTRIM (SYSFUN schema)"
                  RenderText {#text} at (0,0) size 0x0
                  RenderBR {BR} at (155,1471) size 1x14
                  RenderInline {A} at (0,1486) size 55x14 [color=#0000EE]
                    RenderText {#text} at (0,1486) size 55x15
                      text run at (0,1486) width 55: "SECOND"
                  RenderText {#text} at (0,0) size 0x0
                  RenderBR {BR} at (55,1486) size 0x14
                  RenderInline {A} at (0,1501) size 32x14 [color=#0000EE]
                    RenderText {#text} at (0,1501) size 32x15
                      text run at (0,1501) width 32: "SIGN"
                  RenderText {#text} at (0,0) size 0x0
                  RenderBR {BR} at (32,1501) size 0x14
                  RenderInline {A} at (0,1516) size 22x14 [color=#0000EE]
                    RenderText {#text} at (0,1516) size 22x15
                      text run at (0,1516) width 22: "SIN"
                  RenderText {#text} at (0,0) size 0x0
                  RenderBR {BR} at (22,1516) size 0x14
                  RenderInline {A} at (0,1531) size 64x14 [color=#0000EE]
                    RenderText {#text} at (0,1531) size 64x15
                      text run at (0,1531) width 64: "SMALLINT"
                  RenderText {#text} at (0,0) size 0x0
                  RenderBR {BR} at (64,1531) size 0x14
                  RenderInline {A} at (0,1546) size 64x14 [color=#0000EE]
                    RenderText {#text} at (0,1546) size 64x15
                      text run at (0,1546) width 64: "SOUNDEX"
                  RenderText {#text} at (0,0) size 0x0
                  RenderBR {BR} at (64,1546) size 0x14
                  RenderInline {A} at (0,1561) size 45x14 [color=#0000EE]
                    RenderText {#text} at (0,1561) size 45x15
                      text run at (0,1561) width 45: "SPACE"
                  RenderText {#text} at (0,0) size 0x0
                  RenderBR {BR} at (44,1561) size 1x14
                  RenderInline {A} at (0,1576) size 36x14 [color=#0000EE]
                    RenderText {#text} at (0,1576) size 36x15
                      text run at (0,1576) width 36: "SQRT"
                  RenderText {#text} at (0,0) size 0x0
                  RenderBR {BR} at (35,1576) size 1x14
                  RenderInline {A} at (0,1591) size 53x14 [color=#0000EE]
                    RenderText {#text} at (0,1591) size 53x15
                      text run at (0,1591) width 53: "SUBSTR"
                  RenderText {#text} at (0,0) size 0x0
                  RenderBR {BR} at (53,1591) size 0x14
                  RenderInline {A} at (0,1606) size 87x14 [color=#0000EE]
                    RenderText {#text} at (0,1606) size 87x15
                      text run at (0,1606) width 87: "TABLE_NAME"
                  RenderText {#text} at (0,0) size 0x0
                  RenderBR {BR} at (86,1606) size 1x14
                  RenderInline {A} at (0,1621) size 105x14 [color=#0000EE]
                    RenderText {#text} at (0,1621) size 105x15
                      text run at (0,1621) width 105: "TABLE_SCHEMA"
                  RenderText {#text} at (0,0) size 0x0
                  RenderBR {BR} at (104,1621) size 1x14
                  RenderInline {A} at (0,1636) size 26x14 [color=#0000EE]
                    RenderText {#text} at (0,1636) size 26x15
                      text run at (0,1636) width 26: "TAN"
                  RenderText {#text} at (0,0) size 0x0
                  RenderBR {BR} at (25,1636) size 1x14
                  RenderInline {A} at (0,1651) size 32x14 [color=#0000EE]
                    RenderText {#text} at (0,1651) size 32x15
                      text run at (0,1651) width 32: "TIME"
                  RenderText {#text} at (0,0) size 0x0
                  RenderBR {BR} at (32,1651) size 0x14
                  RenderInline {A} at (0,1666) size 78x14 [color=#0000EE]
                    RenderText {#text} at (0,1666) size 78x15
                      text run at (0,1666) width 78: "TIMESTAMP"
                  RenderText {#text} at (0,0) size 0x0
                  RenderBR {BR} at (77,1666) size 1x14
                  RenderInline {A} at (0,1681) size 108x14 [color=#0000EE]
                    RenderText {#text} at (0,1681) size 108x15
                      text run at (0,1681) width 108: "TIMESTAMP_ISO"
                  RenderText {#text} at (0,0) size 0x0
                  RenderBR {BR} at (107,1681) size 1x14
                  RenderInline {A} at (0,1696) size 107x14 [color=#0000EE]
                    RenderText {#text} at (0,1696) size 107x15
                      text run at (0,1696) width 107: "TIMESTAMPDIFF"
                  RenderText {#text} at (0,0) size 0x0
                  RenderBR {BR} at (106,1696) size 1x14
                  RenderInline {A} at (0,1711) size 77x14 [color=#0000EE]
                    RenderText {#text} at (0,1711) size 77x15
                      text run at (0,1711) width 77: "TRANSLATE"
                  RenderText {#text} at (0,0) size 0x0
                  RenderBR {BR} at (76,1711) size 1x14
                  RenderInline {A} at (0,1726) size 133x14 [color=#0000EE]
                    RenderText {#text} at (0,1726) size 133x15
                      text run at (0,1726) width 133: "TRUNCATE or TRUNC"
                  RenderText {#text} at (0,0) size 0x0
                  RenderBR {BR} at (132,1726) size 1x14
                  RenderInline {A} at (0,1741) size 55x14 [color=#0000EE]
                    RenderText {#text} at (0,1741) size 55x15
                      text run at (0,1741) width 55: "TYPE_ID"
                  RenderText {#text} at (0,0) size 0x0
                  RenderBR {BR} at (55,1741) size 0x14
                  RenderInline {A} at (0,1756) size 80x14 [color=#0000EE]
                    RenderText {#text} at (0,1756) size 80x15
                      text run at (0,1756) width 80: "TYPE_NAME"
                  RenderText {#text} at (0,0) size 0x0
                  RenderBR {BR} at (80,1756) size 0x14
                  RenderInline {A} at (0,1771) size 98x14 [color=#0000EE]
                    RenderText {#text} at (0,1771) size 98x15
                      text run at (0,1771) width 98: "TYPE_SCHEMA"
                  RenderText {#text} at (0,0) size 0x0
                  RenderBR {BR} at (98,1771) size 0x14
                  RenderInline {A} at (0,1786) size 109x14 [color=#0000EE]
                    RenderText {#text} at (0,1786) size 109x15
                      text run at (0,1786) width 109: "UCASE or UPPER"
                  RenderText {#text} at (0,0) size 0x0
                  RenderBR {BR} at (109,1786) size 0x14
                  RenderInline {A} at (0,1801) size 43x14 [color=#0000EE]
                    RenderText {#text} at (0,1801) size 43x15
                      text run at (0,1801) width 43: "VALUE"
                  RenderText {#text} at (0,0) size 0x0
                  RenderBR {BR} at (42,1801) size 1x14
                  RenderInline {A} at (0,1816) size 63x14 [color=#0000EE]
                    RenderText {#text} at (0,1816) size 63x15
                      text run at (0,1816) width 63: "VARCHAR"
                  RenderText {#text} at (0,0) size 0x0
                  RenderBR {BR} at (62,1816) size 1x14
                  RenderInline {A} at (0,1831) size 86x14 [color=#0000EE]
                    RenderText {#text} at (0,1831) size 86x15
                      text run at (0,1831) width 86: "VARGRAPHIC"
                  RenderText {#text} at (0,0) size 0x0
                  RenderBR {BR} at (85,1831) size 1x14
                  RenderInline {A} at (0,1846) size 39x14 [color=#0000EE]
                    RenderText {#text} at (0,1846) size 39x15
                      text run at (0,1846) width 39: "WEEK"
                  RenderText {#text} at (0,0) size 0x0
                  RenderBR {BR} at (39,1846) size 0x14
                  RenderInline {A} at (0,1861) size 69x14 [color=#0000EE]
                    RenderText {#text} at (0,1861) size 69x15
                      text run at (0,1861) width 69: "WEEK_ISO"
                  RenderText {#text} at (0,0) size 0x0
                  RenderBR {BR} at (69,1861) size 0x14
                  RenderInline {A} at (0,1876) size 36x14 [color=#0000EE]
                    RenderText {#text} at (0,1876) size 36x15
                      text run at (0,1876) width 36: "YEAR"
                  RenderText {#text} at (0,0) size 0x0
                  RenderBR {BR} at (36,1876) size 0x14
                  RenderInline {A} at (0,1891) size 92x14 [color=#0000EE]
                    RenderText {#text} at (0,1891) size 92x15
                      text run at (0,1891) width 92: "Table Functions"
                  RenderText {#text} at (0,0) size 0x0
                  RenderBR {BR} at (91,1891) size 1x14
                  RenderInline {A} at (0,1906) size 150x14 [color=#0000EE]
                    RenderText {#text} at (0,1906) size 150x15
                      text run at (0,1906) width 150: "SQLCACHE_SNAPSHOT"
                  RenderText {#text} at (0,0) size 0x0
                  RenderBR {BR} at (150,1906) size 0x14
                  RenderInline {A} at (0,1921) size 136x14 [color=#0000EE]
                    RenderText {#text} at (0,1921) size 136x15
                      text run at (0,1921) width 136: "User-Defined Functions"
                  RenderText {#text} at (0,0) size 0x0
                RenderBlock {P} at (0,5161) size 715x346
                  RenderInline {B} at (0,1) size 48x14
                    RenderInline {A} at (0,1) size 48x14 [color=#0000EE]
                      RenderText {#text} at (0,1) size 48x15
                        text run at (0,1) width 48: "Queries"
                  RenderBR {BR} at (48,1) size 0x14
                  RenderBR {BR} at (0,16) size 0x14
                  RenderInline {A} at (0,31) size 56x14 [color=#0000EE]
                    RenderText {#text} at (0,31) size 56x15
                      text run at (0,31) width 56: "subselect"
                  RenderText {#text} at (0,0) size 0x0
                  RenderBR {BR} at (56,31) size 0x14
                  RenderInline {A} at (0,46) size 77x14 [color=#0000EE]
                    RenderText {#text} at (0,46) size 77x15
                      text run at (0,46) width 77: "select-clause"
                  RenderText {#text} at (0,0) size 0x0
                  RenderBR {BR} at (77,46) size 0x14
                  RenderInline {A} at (0,61) size 68x14 [color=#0000EE]
                    RenderText {#text} at (0,61) size 68x15
                      text run at (0,61) width 68: "from-clause"
                  RenderText {#text} at (0,0) size 0x0
                  RenderBR {BR} at (68,61) size 0x14
                  RenderInline {A} at (0,76) size 86x14 [color=#0000EE]
                    RenderText {#text} at (0,76) size 86x15
                      text run at (0,76) width 86: "table-reference"
                  RenderText {#text} at (0,0) size 0x0
                  RenderBR {BR} at (86,76) size 0x14
                  RenderInline {A} at (0,91) size 66x14 [color=#0000EE]
                    RenderText {#text} at (0,91) size 66x15
                      text run at (0,91) width 66: "joined-table"
                  RenderText {#text} at (0,0) size 0x0
                  RenderBR {BR} at (66,91) size 0x14
                  RenderInline {A} at (0,106) size 76x14 [color=#0000EE]
                    RenderText {#text} at (0,106) size 76x15
                      text run at (0,106) width 76: "where-clause"
                  RenderText {#text} at (0,0) size 0x0
                  RenderBR {BR} at (76,106) size 0x14
                  RenderInline {A} at (0,121) size 92x14 [color=#0000EE]
                    RenderText {#text} at (0,121) size 92x15
                      text run at (0,121) width 92: "group-by-clause"
                  RenderText {#text} at (0,0) size 0x0
                  RenderBR {BR} at (92,121) size 0x14
                  RenderInline {A} at (0,136) size 80x14 [color=#0000EE]
                    RenderText {#text} at (0,136) size 80x15
                      text run at (0,136) width 80: "having-clause"
                  RenderText {#text} at (0,0) size 0x0
                  RenderBR {BR} at (80,136) size 0x14
                  RenderInline {A} at (0,151) size 140x14 [color=#0000EE]
                    RenderText {#text} at (0,151) size 140x15
                      text run at (0,151) width 140: "Examples of subselects"
                  RenderText {#text} at (0,0) size 0x0
                  RenderBR {BR} at (140,151) size 0x14
                  RenderInline {A} at (0,166) size 108x14 [color=#0000EE]
                    RenderText {#text} at (0,166) size 108x15
                      text run at (0,166) width 108: "Examples of Joins"
                  RenderText {#text} at (0,0) size 0x0
                  RenderBR {BR} at (108,166) size 0x14
                  RenderInline {A} at (0,181) size 267x14 [color=#0000EE]
                    RenderText {#text} at (0,181) size 267x15
                      text run at (0,181) width 267: "Examples of Grouping Sets, Cube, and Rollup"
                  RenderText {#text} at (0,0) size 0x0
                  RenderBR {BR} at (267,181) size 0x14
                  RenderInline {A} at (0,196) size 52x14 [color=#0000EE]
                    RenderText {#text} at (0,196) size 52x15
                      text run at (0,196) width 52: "fullselect"
                  RenderText {#text} at (0,0) size 0x0
                  RenderBR {BR} at (52,196) size 0x14
                  RenderInline {A} at (0,211) size 140x14 [color=#0000EE]
                    RenderText {#text} at (0,211) size 140x15
                      text run at (0,211) width 140: "Examples of a fullselect"
                  RenderText {#text} at (0,0) size 0x0
                  RenderBR {BR} at (140,211) size 0x14
                  RenderInline {A} at (0,226) size 97x14 [color=#0000EE]
                    RenderText {#text} at (0,226) size 97x15
                      text run at (0,226) width 97: "select-statement"
                  RenderText {#text} at (0,0) size 0x0
                  RenderBR {BR} at (97,226) size 0x14
                  RenderInline {A} at (0,241) size 149x14 [color=#0000EE]
                    RenderText {#text} at (0,241) size 149x15
                      text run at (0,241) width 149: "common-table-expression"
                  RenderText {#text} at (0,0) size 0x0
                  RenderBR {BR} at (149,241) size 0x14
                  RenderInline {A} at (0,256) size 89x14 [color=#0000EE]
                    RenderText {#text} at (0,256) size 89x15
                      text run at (0,256) width 89: "order-by-clause"
                  RenderText {#text} at (0,0) size 0x0
                  RenderBR {BR} at (89,256) size 0x14
                  RenderInline {A} at (0,271) size 81x14 [color=#0000EE]
                    RenderText {#text} at (0,271) size 81x15
                      text run at (0,271) width 81: "update-clause"
                  RenderText {#text} at (0,0) size 0x0
                  RenderBR {BR} at (81,271) size 0x14
                  RenderInline {A} at (0,286) size 95x14 [color=#0000EE]
                    RenderText {#text} at (0,286) size 95x15
                      text run at (0,286) width 95: "read-only-clause"
                  RenderText {#text} at (0,0) size 0x0
                  RenderBR {BR} at (95,286) size 0x14
                  RenderInline {A} at (0,301) size 97x14 [color=#0000EE]
                    RenderText {#text} at (0,301) size 97x15
                      text run at (0,301) width 97: "fetch-first-clause"
                  RenderText {#text} at (0,0) size 0x0
                  RenderBR {BR} at (97,301) size 0x14
                  RenderInline {A} at (0,316) size 110x14 [color=#0000EE]
                    RenderText {#text} at (0,316) size 110x15
                      text run at (0,316) width 110: "optimize-for-clause"
                  RenderText {#text} at (0,0) size 0x0
                  RenderBR {BR} at (110,316) size 0x14
                  RenderInline {A} at (0,331) size 185x14 [color=#0000EE]
                    RenderText {#text} at (0,331) size 185x15
                      text run at (0,331) width 185: "Examples of a select-statement"
                  RenderText {#text} at (0,0) size 0x0
                RenderBlock {P} at (0,5519) size 715x1771
                  RenderInline {B} at (0,1) size 100x14
                    RenderInline {A} at (0,1) size 100x14 [color=#0000EE]
                      RenderText {#text} at (0,1) size 100x15
                        text run at (0,1) width 100: "SQL Statements"
                  RenderBR {BR} at (99,1) size 1x14
                  RenderBR {BR} at (0,16) size 0x14
                  RenderInline {A} at (0,31) size 200x14 [color=#0000EE]
                    RenderText {#text} at (0,31) size 200x15
                      text run at (0,31) width 200: "How SQL Statements Are Invoked"
                  RenderText {#text} at (0,0) size 0x0
                  RenderBR {BR} at (199,31) size 1x14
                  RenderInline {A} at (0,46) size 293x14 [color=#0000EE]
                    RenderText {#text} at (0,46) size 293x15
                      text run at (0,46) width 293: "Embedding a Statement in an Application Program"
                  RenderText {#text} at (0,0) size 0x0
                  RenderBR {BR} at (293,46) size 0x14
                  RenderInline {A} at (0,61) size 208x14 [color=#0000EE]
                    RenderText {#text} at (0,61) size 208x15
                      text run at (0,61) width 208: "Dynamic Preparation and Execution"
                  RenderText {#text} at (0,0) size 0x0
                  RenderBR {BR} at (208,61) size 0x14
                  RenderInline {A} at (0,76) size 225x14 [color=#0000EE]
                    RenderText {#text} at (0,76) size 225x15
                      text run at (0,76) width 225: "Static Invocation of a select-statement"
                  RenderText {#text} at (0,0) size 0x0
                  RenderBR {BR} at (225,76) size 0x14
                  RenderInline {A} at (0,91) size 242x14 [color=#0000EE]
                    RenderText {#text} at (0,91) size 242x15
                      text run at (0,91) width 242: "Dynamic Invocation of a select-statement"
                  RenderText {#text} at (0,0) size 0x0
                  RenderBR {BR} at (242,91) size 0x14
                  RenderInline {A} at (0,106) size 125x14 [color=#0000EE]
                    RenderText {#text} at (0,106) size 125x15
                      text run at (0,106) width 125: "Interactive Invocation"
                  RenderText {#text} at (0,0) size 0x0
                  RenderBR {BR} at (125,106) size 0x14
                  RenderInline {A} at (0,121) size 109x14 [color=#0000EE]
                    RenderText {#text} at (0,121) size 109x15
                      text run at (0,121) width 109: "SQL Return Codes"
                  RenderText {#text} at (0,0) size 0x0
                  RenderBR {BR} at (108,121) size 1x14
                  RenderInline {A} at (0,136) size 63x14 [color=#0000EE]
                    RenderText {#text} at (0,136) size 63x15
                      text run at (0,136) width 63: "SQLCODE"
                  RenderText {#text} at (0,0) size 0x0
                  RenderBR {BR} at (63,136) size 0x14
                  RenderInline {A} at (0,151) size 68x14 [color=#0000EE]
                    RenderText {#text} at (0,151) size 68x15
                      text run at (0,151) width 68: "SQLSTATE"
                  RenderText {#text} at (0,0) size 0x0
                  RenderBR {BR} at (67,151) size 1x14
                  RenderInline {A} at (0,166) size 93x14 [color=#0000EE]
                    RenderText {#text} at (0,166) size 93x15
                      text run at (0,166) width 93: "SQL Comments"
                  RenderText {#text} at (0,0) size 0x0
                  RenderBR {BR} at (92,166) size 1x14
                  RenderInline {A} at (0,181) size 134x14 [color=#0000EE]
                    RenderText {#text} at (0,181) size 134x15
                      text run at (0,181) width 134: "ALTER BUFFERPOOL"
                  RenderText {#text} at (0,0) size 0x0
                  RenderBR {BR} at (133,181) size 1x14
                  RenderInline {A} at (0,196) size 115x14 [color=#0000EE]
                    RenderText {#text} at (0,196) size 115x15
                      text run at (0,196) width 115: "ALTER NICKNAME"
                  RenderText {#text} at (0,0) size 0x0
                  RenderBR {BR} at (114,196) size 1x14
                  RenderInline {A} at (0,211) size 130x14 [color=#0000EE]
                    RenderText {#text} at (0,211) size 130x15
                      text run at (0,211) width 130: "ALTER NODEGROUP"
                  RenderText {#text} at (0,0) size 0x0
                  RenderBR {BR} at (129,211) size 1x14
                  RenderInline {A} at (0,226) size 99x14 [color=#0000EE]
                    RenderText {#text} at (0,226) size 99x15
                      text run at (0,226) width 99: "ALTER SERVER"
                  RenderText {#text} at (0,0) size 0x0
                  RenderBR {BR} at (98,226) size 1x14
                  RenderInline {A} at (0,241) size 87x14 [color=#0000EE]
                    RenderText {#text} at (0,241) size 87x15
                      text run at (0,241) width 87: "ALTER TABLE"
                  RenderText {#text} at (0,0) size 0x0
                  RenderBR {BR} at (86,241) size 1x14
                  RenderInline {A} at (0,256) size 131x14 [color=#0000EE]
                    RenderText {#text} at (0,256) size 131x15
                      text run at (0,256) width 131: "ALTER TABLESPACE"
                  RenderText {#text} at (0,0) size 0x0
                  RenderBR {BR} at (130,256) size 1x14
                  RenderInline {A} at (0,271) size 153x14 [color=#0000EE]
                    RenderText {#text} at (0,271) size 153x15
                      text run at (0,271) width 153: "ALTER TYPE (Structured)"
                  RenderText {#text} at (0,0) size 0x0
                  RenderBR {BR} at (152,271) size 1x14
                  RenderInline {A} at (0,286) size 147x14 [color=#0000EE]
                    RenderText {#text} at (0,286) size 147x15
                      text run at (0,286) width 147: "ALTER USER MAPPING"
                  RenderText {#text} at (0,0) size 0x0
                  RenderBR {BR} at (146,286) size 1x14
                  RenderInline {A} at (0,301) size 80x14 [color=#0000EE]
                    RenderText {#text} at (0,301) size 80x15
                      text run at (0,301) width 80: "ALTER VIEW"
                  RenderText {#text} at (0,0) size 0x0
                  RenderBR {BR} at (79,301) size 1x14
                  RenderInline {A} at (0,316) size 168x14 [color=#0000EE]
                    RenderText {#text} at (0,316) size 168x15
                      text run at (0,316) width 168: "BEGIN DECLARE SECTION"
                  RenderText {#text} at (0,0) size 0x0
                  RenderBR {BR} at (168,316) size 0x14
                  RenderInline {A} at (0,331) size 32x14 [color=#0000EE]
                    RenderText {#text} at (0,331) size 32x15
                      text run at (0,331) width 32: "CALL"
                  RenderText {#text} at (0,0) size 0x0
                  RenderBR {BR} at (32,331) size 0x14
                  RenderInline {A} at (0,346) size 44x14 [color=#0000EE]
                    RenderText {#text} at (0,346) size 44x15
                      text run at (0,346) width 44: "CLOSE"
                  RenderText {#text} at (0,0) size 0x0
                  RenderBR {BR} at (44,346) size 0x14
                  RenderInline {A} at (0,361) size 90x14 [color=#0000EE]
                    RenderText {#text} at (0,361) size 90x15
                      text run at (0,361) width 90: "COMMENT ON"
                  RenderText {#text} at (0,0) size 0x0
                  RenderBR {BR} at (89,361) size 1x14
                  RenderInline {A} at (0,376) size 53x14 [color=#0000EE]
                    RenderText {#text} at (0,376) size 53x15
                      text run at (0,376) width 53: "COMMIT"
                  RenderText {#text} at (0,0) size 0x0
                  RenderBR {BR} at (53,376) size 0x14
                  RenderInline {A} at (0,391) size 166x14 [color=#0000EE]
                    RenderText {#text} at (0,391) size 166x15
                      text run at (0,391) width 166: "Compound SQL (Embedded)"
                  RenderText {#text} at (0,0) size 0x0
                  RenderBR {BR} at (165,391) size 1x14
                  RenderInline {A} at (0,406) size 115x14 [color=#0000EE]
                    RenderText {#text} at (0,406) size 115x15
                      text run at (0,406) width 115: "CONNECT (Type 1)"
                  RenderText {#text} at (0,0) size 0x0
                  RenderBR {BR} at (114,406) size 1x14
                  RenderInline {A} at (0,421) size 115x14 [color=#0000EE]
                    RenderText {#text} at (0,421) size 115x15
                      text run at (0,421) width 115: "CONNECT (Type 2)"
                  RenderText {#text} at (0,0) size 0x0
                  RenderBR {BR} at (114,421) size 1x14
                  RenderInline {A} at (0,436) size 95x14 [color=#0000EE]
                    RenderText {#text} at (0,436) size 95x15
                      text run at (0,436) width 95: "CREATE ALIAS"
                  RenderText {#text} at (0,0) size 0x0
                  RenderBR {BR} at (94,436) size 1x14
                  RenderInline {A} at (0,451) size 145x14 [color=#0000EE]
                    RenderText {#text} at (0,451) size 145x15
                      text run at (0,451) width 145: "CREATE BUFFERPOOL"
                  RenderText {#text} at (0,0) size 0x0
                  RenderBR {BR} at (144,451) size 1x14
                  RenderInline {A} at (0,466) size 155x14 [color=#0000EE]
                    RenderText {#text} at (0,466) size 155x15
                      text run at (0,466) width 155: "CREATE DISTINCT TYPE"
                  RenderText {#text} at (0,0) size 0x0
                  RenderBR {BR} at (154,466) size 1x14
                  RenderInline {A} at (0,481) size 165x14 [color=#0000EE]
                    RenderText {#text} at (0,481) size 165x15
                      text run at (0,481) width 165: "CREATE EVENT MONITOR"
                  RenderText {#text} at (0,0) size 0x0
                  RenderBR {BR} at (164,481) size 1x14
                  RenderInline {A} at (0,496) size 123x14 [color=#0000EE]
                    RenderText {#text} at (0,496) size 123x15
                      text run at (0,496) width 123: "CREATE FUNCTION"
                  RenderText {#text} at (0,0) size 0x0
                  RenderBR {BR} at (122,496) size 1x14
                  RenderInline {A} at (0,511) size 224x14 [color=#0000EE]
                    RenderText {#text} at (0,511) size 224x15
                      text run at (0,511) width 224: "CREATE FUNCTION (External Scalar)"
                  RenderText {#text} at (0,0) size 0x0
                  RenderBR {BR} at (223,511) size 1x14
                  RenderInline {A} at (0,526) size 217x14 [color=#0000EE]
                    RenderText {#text} at (0,526) size 217x15
                      text run at (0,526) width 217: "CREATE FUNCTION (External Table)"
                  RenderText {#text} at (0,0) size 0x0
                  RenderBR {BR} at (216,526) size 1x14
                  RenderInline {A} at (0,541) size 269x14 [color=#0000EE]
                    RenderText {#text} at (0,541) size 269x15
                      text run at (0,541) width 269: "CREATE FUNCTION (OLE DB External Table)"
                  RenderText {#text} at (0,0) size 0x0
                  RenderBR {BR} at (268,541) size 1x14
                  RenderInline {A} at (0,556) size 247x14 [color=#0000EE]
                    RenderText {#text} at (0,556) size 247x15
                      text run at (0,556) width 247: "CREATE FUNCTION (Source or Template)"
                  RenderText {#text} at (0,0) size 0x0
                  RenderBR {BR} at (246,556) size 1x14
                  RenderInline {A} at (0,571) size 283x14 [color=#0000EE]
                    RenderText {#text} at (0,571) size 283x15
                      text run at (0,571) width 283: "CREATE FUNCTION (SQL Scalar, Table or Row)"
                  RenderText {#text} at (0,0) size 0x0
                  RenderBR {BR} at (282,571) size 1x14
                  RenderInline {A} at (0,586) size 188x14 [color=#0000EE]
                    RenderText {#text} at (0,586) size 188x15
                      text run at (0,586) width 188: "CREATE FUNCTION MAPPING"
                  RenderText {#text} at (0,0) size 0x0
                  RenderBR {BR} at (187,586) size 1x14
                  RenderInline {A} at (0,601) size 97x14 [color=#0000EE]
                    RenderText {#text} at (0,601) size 97x15
                      text run at (0,601) width 97: "CREATE INDEX"
                  RenderText {#text} at (0,0) size 0x0
                  RenderBR {BR} at (96,601) size 1x14
                  RenderInline {A} at (0,616) size 177x14 [color=#0000EE]
                    RenderText {#text} at (0,616) size 177x15
                      text run at (0,616) width 177: "CREATE INDEX EXTENSION"
                  RenderText {#text} at (0,0) size 0x0
                  RenderBR {BR} at (176,616) size 1x14
                  RenderInline {A} at (0,631) size 113x14 [color=#0000EE]
                    RenderText {#text} at (0,631) size 113x15
                      text run at (0,631) width 113: "CREATE METHOD"
                  RenderText {#text} at (0,0) size 0x0
                  RenderBR {BR} at (112,631) size 1x14
                  RenderInline {A} at (0,646) size 126x14 [color=#0000EE]
                    RenderText {#text} at (0,646) size 126x15
                      text run at (0,646) width 126: "CREATE NICKNAME"
                  RenderText {#text} at (0,0) size 0x0
                  RenderBR {BR} at (125,646) size 1x14
                  RenderInline {A} at (0,661) size 141x14 [color=#0000EE]
                    RenderText {#text} at (0,661) size 141x15
                      text run at (0,661) width 141: "CREATE NODEGROUP"
                  RenderText {#text} at (0,0) size 0x0
                  RenderBR {BR} at (140,661) size 1x14
                  RenderInline {A} at (0,676) size 139x14 [color=#0000EE]
                    RenderText {#text} at (0,676) size 139x15
                      text run at (0,676) width 139: "CREATE PROCEDURE"
                  RenderText {#text} at (0,0) size 0x0
                  RenderBR {BR} at (138,676) size 1x14
                  RenderInline {A} at (0,691) size 113x14 [color=#0000EE]
                    RenderText {#text} at (0,691) size 113x15
                      text run at (0,691) width 113: "CREATE SCHEMA"
                  RenderText {#text} at (0,0) size 0x0
                  RenderBR {BR} at (112,691) size 1x14
                  RenderInline {A} at (0,706) size 110x14 [color=#0000EE]
                    RenderText {#text} at (0,706) size 110x15
                      text run at (0,706) width 110: "CREATE SERVER"
                  RenderText {#text} at (0,0) size 0x0
                  RenderBR {BR} at (109,706) size 1x14
                  RenderInline {A} at (0,721) size 98x14 [color=#0000EE]
                    RenderText {#text} at (0,721) size 98x15
                      text run at (0,721) width 98: "CREATE TABLE"
                  RenderText {#text} at (0,0) size 0x0
                  RenderBR {BR} at (97,721) size 1x14
                  RenderInline {A} at (0,736) size 142x14 [color=#0000EE]
                    RenderText {#text} at (0,736) size 142x15
                      text run at (0,736) width 142: "CREATE TABLESPACE"
                  RenderText {#text} at (0,0) size 0x0
                  RenderBR {BR} at (141,736) size 1x14
                  RenderInline {A} at (0,751) size 139x14 [color=#0000EE]
                    RenderText {#text} at (0,751) size 139x15
                      text run at (0,751) width 139: "CREATE TRANSFORM"
                  RenderText {#text} at (0,0) size 0x0
                  RenderBR {BR} at (138,751) size 1x14
                  RenderInline {A} at (0,766) size 116x14 [color=#0000EE]
                    RenderText {#text} at (0,766) size 116x15
                      text run at (0,766) width 116: "CREATE TRIGGER"
                  RenderText {#text} at (0,0) size 0x0
                  RenderBR {BR} at (115,766) size 1x14
                  RenderInline {A} at (0,781) size 164x14 [color=#0000EE]
                    RenderText {#text} at (0,781) size 164x15
                      text run at (0,781) width 164: "CREATE TYPE (Structured)"
                  RenderText {#text} at (0,0) size 0x0
                  RenderBR {BR} at (163,781) size 1x14
                  RenderInline {A} at (0,796) size 157x14 [color=#0000EE]
                    RenderText {#text} at (0,796) size 157x15
                      text run at (0,796) width 157: "CREATE TYPE MAPPING"
                  RenderText {#text} at (0,0) size 0x0
                  RenderBR {BR} at (156,796) size 1x14
                  RenderInline {A} at (0,811) size 158x14 [color=#0000EE]
                    RenderText {#text} at (0,811) size 158x15
                      text run at (0,811) width 158: "CREATE USER MAPPING"
                  RenderText {#text} at (0,0) size 0x0
                  RenderBR {BR} at (157,811) size 1x14
                  RenderInline {A} at (0,826) size 91x14 [color=#0000EE]
                    RenderText {#text} at (0,826) size 91x15
                      text run at (0,826) width 91: "CREATE VIEW"
                  RenderText {#text} at (0,0) size 0x0
                  RenderBR {BR} at (90,826) size 1x14
                  RenderInline {A} at (0,841) size 123x14 [color=#0000EE]
                    RenderText {#text} at (0,841) size 123x15
                      text run at (0,841) width 123: "CREATE WRAPPER"
                  RenderText {#text} at (0,0) size 0x0
                  RenderBR {BR} at (122,841) size 1x14
                  RenderInline {A} at (0,856) size 120x14 [color=#0000EE]
                    RenderText {#text} at (0,856) size 120x15
                      text run at (0,856) width 120: "DECLARE CURSOR"
                  RenderText {#text} at (0,0) size 0x0
                  RenderBR {BR} at (120,856) size 0x14
                  RenderInline {A} at (0,871) size 249x14 [color=#0000EE]
                    RenderText {#text} at (0,871) size 249x15
                      text run at (0,871) width 249: "DECLARE GLOBAL TEMPORARY TABLE"
                  RenderText {#text} at (0,0) size 0x0
                  RenderBR {BR} at (248,871) size 1x14
                  RenderInline {A} at (0,886) size 51x14 [color=#0000EE]
                    RenderText {#text} at (0,886) size 51x15
                      text run at (0,886) width 51: "DELETE"
                  RenderText {#text} at (0,0) size 0x0
                  RenderBR {BR} at (51,886) size 0x14
                  RenderInline {A} at (0,901) size 67x14 [color=#0000EE]
                    RenderText {#text} at (0,901) size 67x15
                      text run at (0,901) width 67: "DESCRIBE"
                  RenderText {#text} at (0,0) size 0x0
                  RenderBR {BR} at (67,901) size 0x14
                  RenderInline {A} at (0,916) size 85x14 [color=#0000EE]
                    RenderText {#text} at (0,916) size 85x15
                      text run at (0,916) width 85: "DISCONNECT"
                  RenderText {#text} at (0,0) size 0x0
                  RenderBR {BR} at (85,916) size 0x14
                  RenderInline {A} at (0,931) size 37x14 [color=#0000EE]
                    RenderText {#text} at (0,931) size 37x15
                      text run at (0,931) width 37: "DROP"
                  RenderText {#text} at (0,0) size 0x0
                  RenderBR {BR} at (37,931) size 0x14
                  RenderInline {A} at (0,946) size 154x14 [color=#0000EE]
                    RenderText {#text} at (0,946) size 154x15
                      text run at (0,946) width 154: "END DECLARE SECTION"
                  RenderText {#text} at (0,0) size 0x0
                  RenderBR {BR} at (154,946) size 0x14
                  RenderInline {A} at (0,961) size 62x14 [color=#0000EE]
                    RenderText {#text} at (0,961) size 62x15
                      text run at (0,961) width 62: "EXECUTE"
                  RenderText {#text} at (0,0) size 0x0
                  RenderBR {BR} at (62,961) size 0x14
                  RenderInline {A} at (0,976) size 140x14 [color=#0000EE]
                    RenderText {#text} at (0,976) size 140x15
                      text run at (0,976) width 140: "EXECUTE IMMEDIATE"
                  RenderText {#text} at (0,0) size 0x0
                  RenderBR {BR} at (139,976) size 1x14
                  RenderInline {A} at (0,991) size 56x14 [color=#0000EE]
                    RenderText {#text} at (0,991) size 56x15
                      text run at (0,991) width 56: "EXPLAIN"
                  RenderText {#text} at (0,0) size 0x0
                  RenderBR {BR} at (56,991) size 0x14
                  RenderInline {A} at (0,1006) size 43x14 [color=#0000EE]
                    RenderText {#text} at (0,1006) size 43x15
                      text run at (0,1006) width 43: "FETCH"
                  RenderText {#text} at (0,0) size 0x0
                  RenderBR {BR} at (43,1006) size 0x14
                  RenderInline {A} at (0,1021) size 155x14 [color=#0000EE]
                    RenderText {#text} at (0,1021) size 155x15
                      text run at (0,1021) width 155: "FLUSH EVENT MONITOR"
                  RenderText {#text} at (0,0) size 0x0
                  RenderBR {BR} at (154,1021) size 1x14
                  RenderInline {A} at (0,1036) size 100x14 [color=#0000EE]
                    RenderText {#text} at (0,1036) size 100x15
                      text run at (0,1036) width 100: "FREE LOCATOR"
                  RenderText {#text} at (0,0) size 0x0
                  RenderBR {BR} at (99,1036) size 1x14
                  RenderInline {A} at (0,1051) size 178x14 [color=#0000EE]
                    RenderText {#text} at (0,1051) size 178x15
                      text run at (0,1051) width 178: "GRANT (Database Authorities)"
                  RenderText {#text} at (0,0) size 0x0
                  RenderBR {BR} at (177,1051) size 1x14
                  RenderInline {A} at (0,1066) size 150x14 [color=#0000EE]
                    RenderText {#text} at (0,1066) size 150x15
                      text run at (0,1066) width 150: "GRANT (Index Privileges)"
                  RenderText {#text} at (0,0) size 0x0
                  RenderBR {BR} at (149,1066) size 1x14
                  RenderInline {A} at (0,1081) size 169x14 [color=#0000EE]
                    RenderText {#text} at (0,1081) size 169x15
                      text run at (0,1081) width 169: "GRANT (Package Privileges)"
                  RenderText {#text} at (0,0) size 0x0
                  RenderBR {BR} at (168,1081) size 1x14
                  RenderInline {A} at (0,1096) size 166x14 [color=#0000EE]
                    RenderText {#text} at (0,1096) size 166x15
                      text run at (0,1096) width 166: "GRANT (Schema Privileges)"
                  RenderText {#text} at (0,0) size 0x0
                  RenderBR {BR} at (165,1096) size 1x14
                  RenderInline {A} at (0,1111) size 156x14 [color=#0000EE]
                    RenderText {#text} at (0,1111) size 156x15
                      text run at (0,1111) width 156: "GRANT (Server Privileges)"
                  RenderText {#text} at (0,0) size 0x0
                  RenderBR {BR} at (155,1111) size 1x14
                  RenderInline {A} at (0,1126) size 265x14 [color=#0000EE]
                    RenderText {#text} at (0,1126) size 265x15
                      text run at (0,1126) width 265: "GRANT (Table, View, or Nickname Privileges)"
                  RenderText {#text} at (0,0) size 0x0
                  RenderBR {BR} at (264,1126) size 1x14
                  RenderInline {A} at (0,1141) size 190x14 [color=#0000EE]
                    RenderText {#text} at (0,1141) size 190x15
                      text run at (0,1141) width 190: "GRANT (Table Space Privileges)"
                  RenderText {#text} at (0,0) size 0x0
                  RenderBR {BR} at (189,1141) size 1x14
                  RenderInline {A} at (0,1156) size 56x14 [color=#0000EE]
                    RenderText {#text} at (0,1156) size 56x15
                      text run at (0,1156) width 56: "INCLUDE"
                  RenderText {#text} at (0,0) size 0x0
                  RenderBR {BR} at (56,1156) size 0x14
                  RenderInline {A} at (0,1171) size 48x14 [color=#0000EE]
                    RenderText {#text} at (0,1171) size 48x15
                      text run at (0,1171) width 48: "INSERT"
                  RenderText {#text} at (0,0) size 0x0
                  RenderBR {BR} at (47,1171) size 1x14
                  RenderInline {A} at (0,1186) size 81x14 [color=#0000EE]
                    RenderText {#text} at (0,1186) size 81x15
                      text run at (0,1186) width 81: "LOCK TABLE"
                  RenderText {#text} at (0,0) size 0x0
                  RenderBR {BR} at (80,1186) size 1x14
                  RenderInline {A} at (0,1201) size 37x14 [color=#0000EE]
                    RenderText {#text} at (0,1201) size 37x15
                      text run at (0,1201) width 37: "OPEN"
                  RenderText {#text} at (0,0) size 0x0
                  RenderBR {BR} at (37,1201) size 0x14
                  RenderInline {A} at (0,1216) size 63x14 [color=#0000EE]
                    RenderText {#text} at (0,1216) size 63x15
                      text run at (0,1216) width 63: "PREPARE"
                  RenderText {#text} at (0,0) size 0x0
                  RenderBR {BR} at (62,1216) size 1x14
                  RenderInline {A} at (0,1231) size 108x14 [color=#0000EE]
                    RenderText {#text} at (0,1231) size 108x15
                      text run at (0,1231) width 108: "REFRESH TABLE"
                  RenderText {#text} at (0,0) size 0x0
                  RenderBR {BR} at (107,1231) size 1x14
                  RenderInline {A} at (0,1246) size 138x14 [color=#0000EE]
                    RenderText {#text} at (0,1246) size 138x15
                      text run at (0,1246) width 138: "RELEASE (Connection)"
                  RenderText {#text} at (0,0) size 0x0
                  RenderBR {BR} at (138,1246) size 0x14
                  RenderInline {A} at (0,1261) size 141x14 [color=#0000EE]
                    RenderText {#text} at (0,1261) size 141x15
                      text run at (0,1261) width 141: "RELEASE SAVEPOINT"
                  RenderText {#text} at (0,0) size 0x0
                  RenderBR {BR} at (140,1261) size 1x14
                  RenderInline {A} at (0,1276) size 102x14 [color=#0000EE]
                    RenderText {#text} at (0,1276) size 102x15
                      text run at (0,1276) width 102: "RENAME TABLE"
                  RenderText {#text} at (0,0) size 0x0
                  RenderBR {BR} at (101,1276) size 1x14
                  RenderInline {A} at (0,1291) size 146x14 [color=#0000EE]
                    RenderText {#text} at (0,1291) size 146x15
                      text run at (0,1291) width 146: "RENAME TABLESPACE"
                  RenderText {#text} at (0,0) size 0x0
                  RenderBR {BR} at (145,1291) size 1x14
                  RenderInline {A} at (0,1306) size 188x14 [color=#0000EE]
                    RenderText {#text} at (0,1306) size 188x15
                      text run at (0,1306) width 188: "REVOKE (Database Authorities)"
                  RenderText {#text} at (0,0) size 0x0
                  RenderBR {BR} at (188,1306) size 0x14
                  RenderInline {A} at (0,1321) size 160x14 [color=#0000EE]
                    RenderText {#text} at (0,1321) size 160x15
                      text run at (0,1321) width 160: "REVOKE (Index Privileges)"
                  RenderText {#text} at (0,0) size 0x0
                  RenderBR {BR} at (160,1321) size 0x14
                  RenderInline {A} at (0,1336) size 179x14 [color=#0000EE]
                    RenderText {#text} at (0,1336) size 179x15
                      text run at (0,1336) width 179: "REVOKE (Package Privileges)"
                  RenderText {#text} at (0,0) size 0x0
                  RenderBR {BR} at (179,1336) size 0x14
                  RenderInline {A} at (0,1351) size 176x14 [color=#0000EE]
                    RenderText {#text} at (0,1351) size 176x15
                      text run at (0,1351) width 176: "REVOKE (Schema Privileges)"
                  RenderText {#text} at (0,0) size 0x0
                  RenderBR {BR} at (176,1351) size 0x14
                  RenderInline {A} at (0,1366) size 166x14 [color=#0000EE]
                    RenderText {#text} at (0,1366) size 166x15
                      text run at (0,1366) width 166: "REVOKE (Server Privileges)"
                  RenderText {#text} at (0,0) size 0x0
                  RenderBR {BR} at (166,1366) size 0x14
                  RenderInline {A} at (0,1381) size 275x14 [color=#0000EE]
                    RenderText {#text} at (0,1381) size 275x15
                      text run at (0,1381) width 275: "REVOKE (Table, View, or Nickname Privileges)"
                  RenderText {#text} at (0,0) size 0x0
                  RenderBR {BR} at (274,1381) size 1x14
                  RenderInline {A} at (0,1396) size 200x14 [color=#0000EE]
                    RenderText {#text} at (0,1396) size 200x15
                      text run at (0,1396) width 200: "REVOKE (Table Space Privileges)"
                  RenderText {#text} at (0,0) size 0x0
                  RenderBR {BR} at (199,1396) size 1x14
                  RenderInline {A} at (0,1411) size 69x14 [color=#0000EE]
                    RenderText {#text} at (0,1411) size 69x15
                      text run at (0,1411) width 69: "ROLLBACK"
                  RenderText {#text} at (0,0) size 0x0
                  RenderBR {BR} at (69,1411) size 0x14
                  RenderInline {A} at (0,1426) size 76x14 [color=#0000EE]
                    RenderText {#text} at (0,1426) size 76x15
                      text run at (0,1426) width 76: "SAVEPOINT"
                  RenderText {#text} at (0,0) size 0x0
                  RenderBR {BR} at (75,1426) size 1x14
                  RenderInline {A} at (0,1441) size 51x14 [color=#0000EE]
                    RenderText {#text} at (0,1441) size 51x15
                      text run at (0,1441) width 51: "SELECT"
                  RenderText {#text} at (0,0) size 0x0
                  RenderBR {BR} at (51,1441) size 0x14
                  RenderInline {A} at (0,1456) size 86x14 [color=#0000EE]
                    RenderText {#text} at (0,1456) size 86x15
                      text run at (0,1456) width 86: "SELECT INTO"
                  RenderText {#text} at (0,0) size 0x0
                  RenderBR {BR} at (85,1456) size 1x14
                  RenderInline {A} at (0,1471) size 116x14 [color=#0000EE]
                    RenderText {#text} at (0,1471) size 116x15
                      text run at (0,1471) width 116: "SET CONNECTION"
                  RenderText {#text} at (0,0) size 0x0
                  RenderBR {BR} at (115,1471) size 1x14
                  RenderInline {A} at (0,1486) size 290x14 [color=#0000EE]
                    RenderText {#text} at (0,1486) size 290x15
                      text run at (0,1486) width 290: "SET CURRENT DEFAULT TRANSFORM GROUP"
                  RenderText {#text} at (0,0) size 0x0
                  RenderBR {BR} at (289,1486) size 1x14
                  RenderInline {A} at (0,1501) size 151x14 [color=#0000EE]
                    RenderText {#text} at (0,1501) size 151x15
                      text run at (0,1501) width 151: "SET CURRENT DEGREE"
                  RenderText {#text} at (0,0) size 0x0
                  RenderBR {BR} at (150,1501) size 1x14
                  RenderInline {A} at (0,1516) size 195x14 [color=#0000EE]
                    RenderText {#text} at (0,1516) size 195x15
                      text run at (0,1516) width 195: "SET CURRENT EXPLAIN MODE"
                  RenderText {#text} at (0,0) size 0x0
                  RenderBR {BR} at (194,1516) size 1x14
                  RenderInline {A} at (0,1531) size 228x14 [color=#0000EE]
                    RenderText {#text} at (0,1531) size 228x15
                      text run at (0,1531) width 228: "SET CURRENT EXPLAIN SNAPSHOT"
                  RenderText {#text} at (0,0) size 0x0
                  RenderBR {BR} at (227,1531) size 1x14
                  RenderInline {A} at (0,1546) size 185x14 [color=#0000EE]
                    RenderText {#text} at (0,1546) size 185x15
                      text run at (0,1546) width 185: "SET CURRENT PACKAGESET"
                  RenderText {#text} at (0,0) size 0x0
                  RenderBR {BR} at (184,1546) size 1x14
                  RenderInline {A} at (0,1561) size 239x14 [color=#0000EE]
                    RenderText {#text} at (0,1561) size 239x15
                      text run at (0,1561) width 239: "SET CURRENT QUERY OPTIMIZATION"
                  RenderText {#text} at (0,0) size 0x0
                  RenderBR {BR} at (238,1561) size 1x14
                  RenderInline {A} at (0,1576) size 190x14 [color=#0000EE]
                    RenderText {#text} at (0,1576) size 190x15
                      text run at (0,1576) width 190: "SET CURRENT REFRESH AGE"
                  RenderText {#text} at (0,0) size 0x0
                  RenderBR {BR} at (189,1576) size 1x14
                  RenderInline {A} at (0,1591) size 184x14 [color=#0000EE]
                    RenderText {#text} at (0,1591) size 184x15
                      text run at (0,1591) width 184: "SET EVENT MONITOR STATE"
                  RenderText {#text} at (0,0) size 0x0
                  RenderBR {BR} at (183,1591) size 1x14
                  RenderInline {A} at (0,1606) size 100x14 [color=#0000EE]
                    RenderText {#text} at (0,1606) size 100x15
                      text run at (0,1606) width 100: "SET INTEGRITY"
                  RenderText {#text} at (0,0) size 0x0
                  RenderBR {BR} at (99,1606) size 1x14
                  RenderInline {A} at (0,1621) size 100x14 [color=#0000EE]
                    RenderText {#text} at (0,1621) size 100x15
                      text run at (0,1621) width 100: "SET PASSTHRU"
                  RenderText {#text} at (0,0) size 0x0
                  RenderBR {BR} at (99,1621) size 1x14
                  RenderInline {A} at (0,1636) size 63x14 [color=#0000EE]
                    RenderText {#text} at (0,1636) size 63x15
                      text run at (0,1636) width 63: "SET PATH"
                  RenderText {#text} at (0,0) size 0x0
                  RenderBR {BR} at (62,1636) size 1x14
                  RenderInline {A} at (0,1651) size 86x14 [color=#0000EE]
                    RenderText {#text} at (0,1651) size 86x15
                      text run at (0,1651) width 86: "SET SCHEMA"
                  RenderText {#text} at (0,0) size 0x0
                  RenderBR {BR} at (85,1651) size 1x14
                  RenderInline {A} at (0,1666) size 138x14 [color=#0000EE]
                    RenderText {#text} at (0,1666) size 138x15
                      text run at (0,1666) width 138: "SET SERVER OPTION"
                  RenderText {#text} at (0,0) size 0x0
                  RenderBR {BR} at (137,1666) size 1x14
                  RenderInline {A} at (0,1681) size 132x14 [color=#0000EE]
                    RenderText {#text} at (0,1681) size 132x15
                      text run at (0,1681) width 132: "SET transition-variable"
                  RenderText {#text} at (0,0) size 0x0
                  RenderBR {BR} at (131,1681) size 1x14
                  RenderInline {A} at (0,1696) size 119x14 [color=#0000EE]
                    RenderText {#text} at (0,1696) size 119x15
                      text run at (0,1696) width 119: "SIGNAL SQLSTATE"
                  RenderText {#text} at (0,0) size 0x0
                  RenderBR {BR} at (118,1696) size 1x14
                  RenderInline {A} at (0,1711) size 53x14 [color=#0000EE]
                    RenderText {#text} at (0,1711) size 53x15
                      text run at (0,1711) width 53: "UPDATE"
                  RenderText {#text} at (0,0) size 0x0
                  RenderBR {BR} at (52,1711) size 1x14
                  RenderInline {A} at (0,1726) size 52x14 [color=#0000EE]
                    RenderText {#text} at (0,1726) size 52x15
                      text run at (0,1726) width 52: "VALUES"
                  RenderText {#text} at (0,0) size 0x0
                  RenderBR {BR} at (51,1726) size 1x14
                  RenderInline {A} at (0,1741) size 86x14 [color=#0000EE]
                    RenderText {#text} at (0,1741) size 86x15
                      text run at (0,1741) width 86: "VALUES INTO"
                  RenderText {#text} at (0,0) size 0x0
                  RenderBR {BR} at (85,1741) size 1x14
                  RenderInline {A} at (0,1756) size 75x14 [color=#0000EE]
                    RenderText {#text} at (0,1756) size 75x15
                      text run at (0,1756) width 75: "WHENEVER"
                  RenderText {#text} at (0,0) size 0x0
                RenderBlock {P} at (0,7302) size 715x301
                  RenderInline {B} at (0,1) size 102x14
                    RenderInline {A} at (0,1) size 102x14 [color=#0000EE]
                      RenderText {#text} at (0,1) size 102x15
                        text run at (0,1) width 102: "SQL Procedures"
                  RenderBR {BR} at (101,1) size 1x14
                  RenderBR {BR} at (0,16) size 0x14
                  RenderInline {A} at (0,31) size 153x14 [color=#0000EE]
                    RenderText {#text} at (0,31) size 153x15
                      text run at (0,31) width 153: "SQL Procedure Statement"
                  RenderText {#text} at (0,0) size 0x0
                  RenderBR {BR} at (152,31) size 1x14
                  RenderInline {A} at (0,46) size 191x14 [color=#0000EE]
                    RenderText {#text} at (0,46) size 191x15
                      text run at (0,46) width 191: "ALLOCATE CURSOR Statement"
                  RenderText {#text} at (0,0) size 0x0
                  RenderBR {BR} at (190,46) size 1x14
                  RenderInline {A} at (0,61) size 133x14 [color=#0000EE]
                    RenderText {#text} at (0,61) size 133x15
                      text run at (0,61) width 133: "Assignment Statement"
                  RenderText {#text} at (0,0) size 0x0
                  RenderBR {BR} at (133,61) size 0x14
                  RenderInline {A} at (0,76) size 213x14 [color=#0000EE]
                    RenderText {#text} at (0,76) size 213x15
                      text run at (0,76) width 213: "ASSOCIATE LOCATORS Statement"
                  RenderText {#text} at (0,0) size 0x0
                  RenderBR {BR} at (212,76) size 1x14
                  RenderInline {A} at (0,91) size 100x14 [color=#0000EE]
                    RenderText {#text} at (0,91) size 100x15
                      text run at (0,91) width 100: "CASE Statement"
                  RenderText {#text} at (0,0) size 0x0
                  RenderBR {BR} at (100,91) size 0x14
                  RenderInline {A} at (0,106) size 126x14 [color=#0000EE]
                    RenderText {#text} at (0,106) size 126x15
                      text run at (0,106) width 126: "Compound Statement"
                  RenderText {#text} at (0,0) size 0x0
                  RenderBR {BR} at (126,106) size 0x14
                  RenderInline {A} at (0,121) size 91x14 [color=#0000EE]
                    RenderText {#text} at (0,121) size 91x15
                      text run at (0,121) width 91: "FOR Statement"
                  RenderText {#text} at (0,0) size 0x0
                  RenderBR {BR} at (91,121) size 0x14
                  RenderInline {A} at (0,136) size 185x14 [color=#0000EE]
                    RenderText {#text} at (0,136) size 185x15
                      text run at (0,136) width 185: "GET DIAGNOSTICS Statement"
                  RenderText {#text} at (0,0) size 0x0
                  RenderBR {BR} at (184,136) size 1x14
                  RenderInline {A} at (0,151) size 102x14 [color=#0000EE]
                    RenderText {#text} at (0,151) size 102x15
                      text run at (0,151) width 102: "GOTO Statement"
                  RenderText {#text} at (0,0) size 0x0
                  RenderBR {BR} at (101,151) size 1x14
                  RenderInline {A} at (0,166) size 76x14 [color=#0000EE]
                    RenderText {#text} at (0,166) size 76x15
                      text run at (0,166) width 76: "IF Statement"
                  RenderText {#text} at (0,0) size 0x0
                  RenderBR {BR} at (76,166) size 0x14
                  RenderInline {A} at (0,181) size 120x14 [color=#0000EE]
                    RenderText {#text} at (0,181) size 120x15
                      text run at (0,181) width 120: "ITERATE Statement"
                  RenderText {#text} at (0,0) size 0x0
                  RenderBR {BR} at (119,181) size 1x14
                  RenderInline {A} at (0,196) size 107x14 [color=#0000EE]
                    RenderText {#text} at (0,196) size 107x15
                      text run at (0,196) width 107: "LEAVE Statement"
                  RenderText {#text} at (0,0) size 0x0
                  RenderBR {BR} at (106,196) size 1x14
                  RenderInline {A} at (0,211) size 100x14 [color=#0000EE]
                    RenderText {#text} at (0,211) size 100x15
                      text run at (0,211) width 100: "LOOP Statement"
                  RenderText {#text} at (0,0) size 0x0
                  RenderBR {BR} at (99,211) size 1x14
                  RenderInline {A} at (0,226) size 116x14 [color=#0000EE]
                    RenderText {#text} at (0,226) size 116x15
                      text run at (0,226) width 116: "REPEAT Statement"
                  RenderText {#text} at (0,0) size 0x0
                  RenderBR {BR} at (115,226) size 1x14
                  RenderInline {A} at (0,241) size 130x14 [color=#0000EE]
                    RenderText {#text} at (0,241) size 130x15
                      text run at (0,241) width 130: "RESIGNAL Statement"
                  RenderText {#text} at (0,0) size 0x0
                  RenderBR {BR} at (129,241) size 1x14
                  RenderInline {A} at (0,256) size 117x14 [color=#0000EE]
                    RenderText {#text} at (0,256) size 117x15
                      text run at (0,256) width 117: "RETURN Statement"
                  RenderText {#text} at (0,0) size 0x0
                  RenderBR {BR} at (117,256) size 0x14
                  RenderInline {A} at (0,271) size 112x14 [color=#0000EE]
                    RenderText {#text} at (0,271) size 112x15
                      text run at (0,271) width 112: "SIGNAL Statement"
                  RenderText {#text} at (0,0) size 0x0
                  RenderBR {BR} at (111,271) size 1x14
                  RenderInline {A} at (0,286) size 105x14 [color=#0000EE]
                    RenderText {#text} at (0,286) size 105x15
                      text run at (0,286) width 105: "WHILE Statement"
                  RenderText {#text} at (0,0) size 0x0
                RenderBlock {P} at (0,7615) size 715x16
                  RenderInline {B} at (0,1) size 150x14
                    RenderInline {A} at (0,1) size 150x14 [color=#0000EE]
                      RenderText {#text} at (0,1) size 150x15
                        text run at (0,1) width 150: "Appendix A. SQL Limits"
                  RenderBR {BR} at (149,1) size 1x14
                RenderBlock {P} at (0,7643) size 715x91
                  RenderInline {B} at (0,1) size 274x14
                    RenderInline {A} at (0,1) size 274x14 [color=#0000EE]
                      RenderText {#text} at (0,1) size 274x15
                        text run at (0,1) width 274: "Appendix B. SQL Communications (SQLCA)"
                  RenderBR {BR} at (273,1) size 1x14
                  RenderBR {BR} at (0,16) size 0x14
                  RenderInline {A} at (0,31) size 190x14 [color=#0000EE]
                    RenderText {#text} at (0,31) size 190x15
                      text run at (0,31) width 190: "Viewing the SQLCA Interactively"
                  RenderText {#text} at (0,0) size 0x0
                  RenderBR {BR} at (189,31) size 1x14
                  RenderInline {A} at (0,46) size 152x14 [color=#0000EE]
                    RenderText {#text} at (0,46) size 152x15
                      text run at (0,46) width 152: "SQLCA Field Descriptions"
                  RenderText {#text} at (0,0) size 0x0
                  RenderBR {BR} at (151,46) size 1x14
                  RenderInline {A} at (0,61) size 138x14 [color=#0000EE]
                    RenderText {#text} at (0,61) size 138x15
                      text run at (0,61) width 138: "Order of Error Reporting"
                  RenderText {#text} at (0,0) size 0x0
                  RenderBR {BR} at (138,61) size 0x14
                  RenderInline {A} at (0,76) size 325x14 [color=#0000EE]
                    RenderText {#text} at (0,76) size 325x15
                      text run at (0,76) width 325: "DB2 Enterprise - Extended Edition Usage of the SQLCA"
                  RenderText {#text} at (0,0) size 0x0
                RenderBlock {P} at (0,7746) size 715x166
                  RenderInline {B} at (0,1) size 264x14
                    RenderInline {A} at (0,1) size 264x14 [color=#0000EE]
                      RenderText {#text} at (0,1) size 264x15
                        text run at (0,1) width 264: "Appendix C. SQL Descriptor Area (SQLDA)"
                  RenderBR {BR} at (263,1) size 1x14
                  RenderBR {BR} at (0,16) size 0x14
                  RenderInline {A} at (0,31) size 104x14 [color=#0000EE]
                    RenderText {#text} at (0,31) size 104x15
                      text run at (0,31) width 104: "Field Descriptions"
                  RenderText {#text} at (0,0) size 0x0
                  RenderBR {BR} at (104,31) size 0x14
                  RenderInline {A} at (0,46) size 164x14 [color=#0000EE]
                    RenderText {#text} at (0,46) size 164x15
                      text run at (0,46) width 164: "Fields in the SQLDA Header"
                  RenderText {#text} at (0,0) size 0x0
                  RenderBR {BR} at (163,46) size 1x14
                  RenderInline {A} at (0,61) size 254x14 [color=#0000EE]
                    RenderText {#text} at (0,61) size 254x15
                      text run at (0,61) width 254: "Fields in an Occurrence of a Base SQLVAR"
                  RenderText {#text} at (0,0) size 0x0
                  RenderBR {BR} at (253,61) size 1x14
                  RenderInline {A} at (0,76) size 286x14 [color=#0000EE]
                    RenderText {#text} at (0,76) size 286x15
                      text run at (0,76) width 286: "Fields in an Occurrence of a Secondary SQLVAR"
                  RenderText {#text} at (0,0) size 0x0
                  RenderBR {BR} at (285,76) size 1x14
                  RenderInline {A} at (0,91) size 209x14 [color=#0000EE]
                    RenderText {#text} at (0,91) size 209x15
                      text run at (0,91) width 209: "Effect of DESCRIBE on the SQLDA"
                  RenderText {#text} at (0,0) size 0x0
                  RenderBR {BR} at (208,91) size 1x14
                  RenderInline {A} at (0,106) size 141x14 [color=#0000EE]
                    RenderText {#text} at (0,106) size 141x15
                      text run at (0,106) width 141: "SQLTYPE and SQLLEN"
                  RenderText {#text} at (0,0) size 0x0
                  RenderBR {BR} at (140,106) size 1x14
                  RenderInline {A} at (0,121) size 255x14 [color=#0000EE]
                    RenderText {#text} at (0,121) size 255x15
                      text run at (0,121) width 255: "Unrecognized and Unsupported SQLTYPES"
                  RenderText {#text} at (0,0) size 0x0
                  RenderBR {BR} at (254,121) size 1x14
                  RenderInline {A} at (0,136) size 151x14 [color=#0000EE]
                    RenderText {#text} at (0,136) size 151x15
                      text run at (0,136) width 151: "Packed Decimal Numbers"
                  RenderText {#text} at (0,0) size 0x0
                  RenderBR {BR} at (151,136) size 0x14
                  RenderInline {A} at (0,151) size 153x14 [color=#0000EE]
                    RenderText {#text} at (0,151) size 153x15
                      text run at (0,151) width 153: "SQLLEN Field for Decimal"
                  RenderText {#text} at (0,0) size 0x0
                RenderBlock {P} at (0,7924) size 715x1096
                  RenderInline {B} at (0,1) size 168x14
                    RenderInline {A} at (0,1) size 168x14 [color=#0000EE]
                      RenderText {#text} at (0,1) size 168x15
                        text run at (0,1) width 168: "Appendix D. Catalog Views"
                  RenderBR {BR} at (167,1) size 1x14
                  RenderBR {BR} at (0,16) size 0x14
                  RenderInline {A} at (0,31) size 145x14 [color=#0000EE]
                    RenderText {#text} at (0,31) size 145x15
                      text run at (0,31) width 145: "Updatable Catalog Views"
                  RenderText {#text} at (0,0) size 0x0
                  RenderBR {BR} at (144,31) size 1x14
                  RenderInline {A} at (0,46) size 161x14 [color=#0000EE]
                    RenderText {#text} at (0,46) size 161x15
                      text run at (0,46) width 161: "'Roadmap' to Catalog Views"
                  RenderText {#text} at (0,0) size 0x0
                  RenderBR {BR} at (160,46) size 1x14
                  RenderInline {A} at (0,61) size 223x14 [color=#0000EE]
                    RenderText {#text} at (0,61) size 223x15
                      text run at (0,61) width 223: "'Roadmap' to Updatable Catalog Views"
                  RenderText {#text} at (0,0) size 0x0
                  RenderBR {BR} at (222,61) size 1x14
                  RenderInline {A} at (0,76) size 138x14 [color=#0000EE]
                    RenderText {#text} at (0,76) size 138x15
                      text run at (0,76) width 138: "SYSIBM.SYSDUMMY1"
                  RenderText {#text} at (0,0) size 0x0
                  RenderBR {BR} at (138,76) size 0x14
                  RenderInline {A} at (0,91) size 136x14 [color=#0000EE]
                    RenderText {#text} at (0,91) size 136x15
                      text run at (0,91) width 136: "SYSCAT.ATTRIBUTES"
                  RenderText {#text} at (0,0) size 0x0
                  RenderBR {BR} at (135,91) size 1x14
                  RenderInline {A} at (0,106) size 189x14 [color=#0000EE]
                    RenderText {#text} at (0,106) size 189x15
                      text run at (0,106) width 189: "SYSCAT.BUFFERPOOLNODES"
                  RenderText {#text} at (0,0) size 0x0
                  RenderBR {BR} at (188,106) size 1x14
                  RenderInline {A} at (0,121) size 152x14 [color=#0000EE]
                    RenderText {#text} at (0,121) size 152x15
                      text run at (0,121) width 152: "SYSCAT.BUFFERPOOLS"
                  RenderText {#text} at (0,0) size 0x0
                  RenderBR {BR} at (151,121) size 1x14
                  RenderInline {A} at (0,136) size 165x14 [color=#0000EE]
                    RenderText {#text} at (0,136) size 165x15
                      text run at (0,136) width 165: "SYSCAT.CASTFUNCTIONS"
                  RenderText {#text} at (0,0) size 0x0
                  RenderBR {BR} at (164,136) size 1x14
                  RenderInline {A} at (0,151) size 109x14 [color=#0000EE]
                    RenderText {#text} at (0,151) size 109x15
                      text run at (0,151) width 109: "SYSCAT.CHECKS"
                  RenderText {#text} at (0,0) size 0x0
                  RenderBR {BR} at (108,151) size 1x14
                  RenderInline {A} at (0,166) size 116x14 [color=#0000EE]
                    RenderText {#text} at (0,166) size 116x15
                      text run at (0,166) width 116: "SYSCAT.COLAUTH"
                  RenderText {#text} at (0,0) size 0x0
                  RenderBR {BR} at (115,166) size 1x14
                  RenderInline {A} at (0,181) size 135x14 [color=#0000EE]
                    RenderText {#text} at (0,181) size 135x15
                      text run at (0,181) width 135: "SYSCAT.COLCHECKS"
                  RenderText {#text} at (0,0) size 0x0
                  RenderBR {BR} at (134,181) size 1x14
                  RenderInline {A} at (0,196) size 111x14 [color=#0000EE]
                    RenderText {#text} at (0,196) size 111x15
                      text run at (0,196) width 111: "SYSCAT.COLDIST"
                  RenderText {#text} at (0,0) size 0x0
                  RenderBR {BR} at (110,196) size 1x14
                  RenderInline {A} at (0,211) size 140x14 [color=#0000EE]
                    RenderText {#text} at (0,211) size 140x15
                      text run at (0,211) width 140: "SYSCAT.COLOPTIONS"
                  RenderText {#text} at (0,0) size 0x0
                  RenderBR {BR} at (139,211) size 1x14
                  RenderInline {A} at (0,226) size 119x14 [color=#0000EE]
                    RenderText {#text} at (0,226) size 119x15
                      text run at (0,226) width 119: "SYSCAT.COLUMNS"
                  RenderText {#text} at (0,0) size 0x0
                  RenderBR {BR} at (118,226) size 1x14
                  RenderInline {A} at (0,241) size 127x14 [color=#0000EE]
                    RenderText {#text} at (0,241) size 127x15
                      text run at (0,241) width 127: "SYSCAT.CONSTDEP"
                  RenderText {#text} at (0,0) size 0x0
                  RenderBR {BR} at (126,241) size 1x14
                  RenderInline {A} at (0,256) size 131x14 [color=#0000EE]
                    RenderText {#text} at (0,256) size 131x15
                      text run at (0,256) width 131: "SYSCAT.DATATYPES"
                  RenderText {#text} at (0,0) size 0x0
                  RenderBR {BR} at (130,256) size 1x14
                  RenderInline {A} at (0,271) size 108x14 [color=#0000EE]
                    RenderText {#text} at (0,271) size 108x15
                      text run at (0,271) width 108: "SYSCAT.DBAUTH"
                  RenderText {#text} at (0,0) size 0x0
                  RenderBR {BR} at (107,271) size 1x14
                  RenderInline {A} at (0,286) size 169x14 [color=#0000EE]
                    RenderText {#text} at (0,286) size 169x15
                      text run at (0,286) width 169: "SYSCAT.EVENTMONITORS"
                  RenderText {#text} at (0,0) size 0x0
                  RenderBR {BR} at (168,286) size 1x14
                  RenderInline {A} at (0,301) size 108x14 [color=#0000EE]
                    RenderText {#text} at (0,301) size 108x15
                      text run at (0,301) width 108: "SYSCAT.EVENTS"
                  RenderText {#text} at (0,0) size 0x0
                  RenderBR {BR} at (107,301) size 1x14
                  RenderInline {A} at (0,316) size 175x14 [color=#0000EE]
                    RenderText {#text} at (0,316) size 175x15
                      text run at (0,316) width 175: "SYSCAT.FULLHIERARCHIES"
                  RenderText {#text} at (0,0) size 0x0
                  RenderBR {BR} at (174,316) size 1x14
                  RenderInline {A} at (0,331) size 117x14 [color=#0000EE]
                    RenderText {#text} at (0,331) size 117x15
                      text run at (0,331) width 117: "SYSCAT.FUNCDEP"
                  RenderText {#text} at (0,0) size 0x0
                  RenderBR {BR} at (116,331) size 1x14
                  RenderInline {A} at (0,346) size 178x14 [color=#0000EE]
                    RenderText {#text} at (0,346) size 178x15
                      text run at (0,346) width 178: "SYSCAT.FUNCMAPOPTIONS"
                  RenderText {#text} at (0,0) size 0x0
                  RenderBR {BR} at (177,346) size 1x14
                  RenderInline {A} at (0,361) size 215x14 [color=#0000EE]
                    RenderText {#text} at (0,361) size 215x15
                      text run at (0,361) width 215: "SYSCAT.FUNCMAPPARMOPTIONS"
                  RenderText {#text} at (0,0) size 0x0
                  RenderBR {BR} at (214,361) size 1x14
                  RenderInline {A} at (0,376) size 160x14 [color=#0000EE]
                    RenderText {#text} at (0,376) size 160x15
                      text run at (0,376) width 160: "SYSCAT.FUNCMAPPINGS"
                  RenderText {#text} at (0,0) size 0x0
                  RenderBR {BR} at (159,376) size 1x14
                  RenderInline {A} at (0,391) size 136x14 [color=#0000EE]
                    RenderText {#text} at (0,391) size 136x15
                      text run at (0,391) width 136: "SYSCAT.FUNCPARMS"
                  RenderText {#text} at (0,0) size 0x0
                  RenderBR {BR} at (135,391) size 1x14
                  RenderInline {A} at (0,406) size 130x14 [color=#0000EE]
                    RenderText {#text} at (0,406) size 130x15
                      text run at (0,406) width 130: "SYSCAT.FUNCTIONS"
                  RenderText {#text} at (0,0) size 0x0
                  RenderBR {BR} at (129,406) size 1x14
                  RenderInline {A} at (0,421) size 144x14 [color=#0000EE]
                    RenderText {#text} at (0,421) size 144x15
                      text run at (0,421) width 144: "SYSCAT.HIERARCHIES"
                  RenderText {#text} at (0,0) size 0x0
                  RenderBR {BR} at (143,421) size 1x14
                  RenderInline {A} at (0,436) size 130x14 [color=#0000EE]
                    RenderText {#text} at (0,436) size 130x15
                      text run at (0,436) width 130: "SYSCAT.INDEXAUTH"
                  RenderText {#text} at (0,0) size 0x0
                  RenderBR {BR} at (129,436) size 1x14
                  RenderInline {A} at (0,451) size 148x14 [color=#0000EE]
                    RenderText {#text} at (0,451) size 148x15
                      text run at (0,451) width 148: "SYSCAT.INDEXCOLUSE"
                  RenderText {#text} at (0,0) size 0x0
                  RenderBR {BR} at (147,451) size 1x14
                  RenderInline {A} at (0,466) size 122x14 [color=#0000EE]
                    RenderText {#text} at (0,466) size 122x15
                      text run at (0,466) width 122: "SYSCAT.INDEXDEP"
                  RenderText {#text} at (0,0) size 0x0
                  RenderBR {BR} at (121,466) size 1x14
                  RenderInline {A} at (0,481) size 113x14 [color=#0000EE]
                    RenderText {#text} at (0,481) size 113x15
                      text run at (0,481) width 113: "SYSCAT.INDEXES"
                  RenderText {#text} at (0,0) size 0x0
                  RenderBR {BR} at (112,481) size 1x14
                  RenderInline {A} at (0,496) size 154x14 [color=#0000EE]
                    RenderText {#text} at (0,496) size 154x15
                      text run at (0,496) width 154: "SYSCAT.INDEXOPTIONS"
                  RenderText {#text} at (0,0) size 0x0
                  RenderBR {BR} at (153,496) size 1x14
                  RenderInline {A} at (0,511) size 135x14 [color=#0000EE]
                    RenderText {#text} at (0,511) size 135x15
                      text run at (0,511) width 135: "SYSCAT.KEYCOLUSE"
                  RenderText {#text} at (0,0) size 0x0
                  RenderBR {BR} at (134,511) size 1x14
                  RenderInline {A} at (0,526) size 163x14 [color=#0000EE]
                    RenderText {#text} at (0,526) size 163x15
                      text run at (0,526) width 163: "SYSCAT.NAMEMAPPINGS"
                  RenderText {#text} at (0,0) size 0x0
                  RenderBR {BR} at (162,526) size 1x14
                  RenderInline {A} at (0,541) size 165x14 [color=#0000EE]
                    RenderText {#text} at (0,541) size 165x15
                      text run at (0,541) width 165: "SYSCAT.NODEGROUPDEF"
                  RenderText {#text} at (0,0) size 0x0
                  RenderBR {BR} at (164,541) size 1x14
                  RenderInline {A} at (0,556) size 148x14 [color=#0000EE]
                    RenderText {#text} at (0,556) size 148x15
                      text run at (0,556) width 148: "SYSCAT.NODEGROUPS"
                  RenderText {#text} at (0,0) size 0x0
                  RenderBR {BR} at (147,556) size 1x14
                  RenderInline {A} at (0,571) size 153x14 [color=#0000EE]
                    RenderText {#text} at (0,571) size 153x15
                      text run at (0,571) width 153: "SYSCAT.PACKAGEAUTH"
                  RenderText {#text} at (0,0) size 0x0
                  RenderBR {BR} at (152,571) size 1x14
                  RenderInline {A} at (0,586) size 145x14 [color=#0000EE]
                    RenderText {#text} at (0,586) size 145x15
                      text run at (0,586) width 145: "SYSCAT.PACKAGEDEP"
                  RenderText {#text} at (0,0) size 0x0
                  RenderBR {BR} at (144,586) size 1x14
                  RenderInline {A} at (0,601) size 127x14 [color=#0000EE]
                    RenderText {#text} at (0,601) size 127x15
                      text run at (0,601) width 127: "SYSCAT.PACKAGES"
                  RenderText {#text} at (0,0) size 0x0
                  RenderBR {BR} at (126,601) size 1x14
                  RenderInline {A} at (0,616) size 162x14 [color=#0000EE]
                    RenderText {#text} at (0,616) size 162x15
                      text run at (0,616) width 162: "SYSCAT.PARTITIONMAPS"
                  RenderText {#text} at (0,0) size 0x0
                  RenderBR {BR} at (161,616) size 1x14
                  RenderInline {A} at (0,631) size 160x14 [color=#0000EE]
                    RenderText {#text} at (0,631) size 160x15
                      text run at (0,631) width 160: "SYSCAT.PASSTHRUAUTH"
                  RenderText {#text} at (0,0) size 0x0
                  RenderBR {BR} at (159,631) size 1x14
                  RenderInline {A} at (0,646) size 146x14 [color=#0000EE]
                    RenderText {#text} at (0,646) size 146x15
                      text run at (0,646) width 146: "SYSCAT.PROCEDURES"
                  RenderText {#text} at (0,0) size 0x0
                  RenderBR {BR} at (145,646) size 1x14
                  RenderInline {A} at (0,661) size 151x14 [color=#0000EE]
                    RenderText {#text} at (0,661) size 151x15
                      text run at (0,661) width 151: "SYSCAT.PROCOPTIONS"
                  RenderText {#text} at (0,0) size 0x0
                  RenderBR {BR} at (150,661) size 1x14
                  RenderInline {A} at (0,676) size 188x14 [color=#0000EE]
                    RenderText {#text} at (0,676) size 188x15
                      text run at (0,676) width 188: "SYSCAT.PROCPARMOPTIONS"
                  RenderText {#text} at (0,0) size 0x0
                  RenderBR {BR} at (187,676) size 1x14
                  RenderInline {A} at (0,691) size 138x14 [color=#0000EE]
                    RenderText {#text} at (0,691) size 138x15
                      text run at (0,691) width 138: "SYSCAT.PROCPARMS"
                  RenderText {#text} at (0,0) size 0x0
                  RenderBR {BR} at (137,691) size 1x14
                  RenderInline {A} at (0,706) size 144x14 [color=#0000EE]
                    RenderText {#text} at (0,706) size 144x15
                      text run at (0,706) width 144: "SYSCAT.REFERENCES"
                  RenderText {#text} at (0,0) size 0x0
                  RenderBR {BR} at (143,706) size 1x14
                  RenderInline {A} at (0,721) size 187x14 [color=#0000EE]
                    RenderText {#text} at (0,721) size 187x15
                      text run at (0,721) width 187: "SYSCAT.REVTYPEMAPPINGS"
                  RenderText {#text} at (0,0) size 0x0
                  RenderBR {BR} at (186,721) size 1x14
                  RenderInline {A} at (0,736) size 146x14 [color=#0000EE]
                    RenderText {#text} at (0,736) size 146x15
                      text run at (0,736) width 146: "SYSCAT.SCHEMAAUTH"
                  RenderText {#text} at (0,0) size 0x0
                  RenderBR {BR} at (145,736) size 1x14
                  RenderInline {A} at (0,751) size 126x14 [color=#0000EE]
                    RenderText {#text} at (0,751) size 126x15
                      text run at (0,751) width 126: "SYSCAT.SCHEMATA"
                  RenderText {#text} at (0,0) size 0x0
                  RenderBR {BR} at (125,751) size 1x14
                  RenderInline {A} at (0,766) size 168x14 [color=#0000EE]
                    RenderText {#text} at (0,766) size 168x15
                      text run at (0,766) width 168: "SYSCAT.SERVEROPTIONS"
                  RenderText {#text} at (0,0) size 0x0
                  RenderBR {BR} at (167,766) size 1x14
                  RenderInline {A} at (0,781) size 118x14 [color=#0000EE]
                    RenderText {#text} at (0,781) size 118x15
                      text run at (0,781) width 118: "SYSCAT.SERVERS"
                  RenderText {#text} at (0,0) size 0x0
                  RenderBR {BR} at (117,781) size 1x14
                  RenderInline {A} at (0,796) size 142x14 [color=#0000EE]
                    RenderText {#text} at (0,796) size 142x15
                      text run at (0,796) width 142: "SYSCAT.STATEMENTS"
                  RenderText {#text} at (0,0) size 0x0
                  RenderBR {BR} at (141,796) size 1x14
                  RenderInline {A} at (0,811) size 115x14 [color=#0000EE]
                    RenderText {#text} at (0,811) size 115x15
                      text run at (0,811) width 115: "SYSCAT.TABAUTH"
                  RenderText {#text} at (0,0) size 0x0
                  RenderBR {BR} at (114,811) size 1x14
                  RenderInline {A} at (0,826) size 125x14 [color=#0000EE]
                    RenderText {#text} at (0,826) size 125x15
                      text run at (0,826) width 125: "SYSCAT.TABCONST"
                  RenderText {#text} at (0,0) size 0x0
                  RenderBR {BR} at (124,826) size 1x14
                  RenderInline {A} at (0,841) size 105x14 [color=#0000EE]
                    RenderText {#text} at (0,841) size 105x15
                      text run at (0,841) width 105: "SYSCAT.TABLES"
                  RenderText {#text} at (0,0) size 0x0
                  RenderBR {BR} at (104,841) size 1x14
                  RenderInline {A} at (0,856) size 149x14 [color=#0000EE]
                    RenderText {#text} at (0,856) size 149x15
                      text run at (0,856) width 149: "SYSCAT.TABLESPACES"
                  RenderText {#text} at (0,0) size 0x0
                  RenderBR {BR} at (148,856) size 1x14
                  RenderInline {A} at (0,871) size 139x14 [color=#0000EE]
                    RenderText {#text} at (0,871) size 139x15
                      text run at (0,871) width 139: "SYSCAT.TABOPTIONS"
                  RenderText {#text} at (0,0) size 0x0
                  RenderBR {BR} at (138,871) size 1x14
                  RenderInline {A} at (0,886) size 151x14 [color=#0000EE]
                    RenderText {#text} at (0,886) size 151x15
                      text run at (0,886) width 151: "SYSCAT.TBSPACEAUTH"
                  RenderText {#text} at (0,0) size 0x0
                  RenderBR {BR} at (150,886) size 1x14
                  RenderInline {A} at (0,901) size 113x14 [color=#0000EE]
                    RenderText {#text} at (0,901) size 113x15
                      text run at (0,901) width 113: "SYSCAT.TRIGDEP"
                  RenderText {#text} at (0,0) size 0x0
                  RenderBR {BR} at (112,901) size 1x14
                  RenderInline {A} at (0,916) size 123x14 [color=#0000EE]
                    RenderText {#text} at (0,916) size 123x15
                      text run at (0,916) width 123: "SYSCAT.TRIGGERS"
                  RenderText {#text} at (0,0) size 0x0
                  RenderBR {BR} at (122,916) size 1x14
                  RenderInline {A} at (0,931) size 160x14 [color=#0000EE]
                    RenderText {#text} at (0,931) size 160x15
                      text run at (0,931) width 160: "SYSCAT.TYPEMAPPINGS"
                  RenderText {#text} at (0,0) size 0x0
                  RenderBR {BR} at (159,931) size 1x14
                  RenderInline {A} at (0,946) size 150x14 [color=#0000EE]
                    RenderText {#text} at (0,946) size 150x15
                      text run at (0,946) width 150: "SYSCAT.USEROPTIONS"
                  RenderText {#text} at (0,0) size 0x0
                  RenderBR {BR} at (149,946) size 1x14
                  RenderInline {A} at (0,961) size 116x14 [color=#0000EE]
                    RenderText {#text} at (0,961) size 116x15
                      text run at (0,961) width 116: "SYSCAT.VIEWDEP"
                  RenderText {#text} at (0,0) size 0x0
                  RenderBR {BR} at (115,961) size 1x14
                  RenderInline {A} at (0,976) size 98x14 [color=#0000EE]
                    RenderText {#text} at (0,976) size 98x15
                      text run at (0,976) width 98: "SYSCAT.VIEWS"
                  RenderText {#text} at (0,0) size 0x0
                  RenderBR {BR} at (97,976) size 1x14
                  RenderInline {A} at (0,991) size 153x14 [color=#0000EE]
                    RenderText {#text} at (0,991) size 153x15
                      text run at (0,991) width 153: "SYSCAT.WRAPOPTIONS"
                  RenderText {#text} at (0,0) size 0x0
                  RenderBR {BR} at (152,991) size 1x14
                  RenderInline {A} at (0,1006) size 130x14 [color=#0000EE]
                    RenderText {#text} at (0,1006) size 130x15
                      text run at (0,1006) width 130: "SYSCAT.WRAPPERS"
                  RenderText {#text} at (0,0) size 0x0
                  RenderBR {BR} at (129,1006) size 1x14
                  RenderInline {A} at (0,1021) size 118x14 [color=#0000EE]
                    RenderText {#text} at (0,1021) size 118x15
                      text run at (0,1021) width 118: "SYSSTAT.COLDIST"
                  RenderText {#text} at (0,0) size 0x0
                  RenderBR {BR} at (117,1021) size 1x14
                  RenderInline {A} at (0,1036) size 126x14 [color=#0000EE]
                    RenderText {#text} at (0,1036) size 126x15
                      text run at (0,1036) width 126: "SYSSTAT.COLUMNS"
                  RenderText {#text} at (0,0) size 0x0
                  RenderBR {BR} at (125,1036) size 1x14
                  RenderInline {A} at (0,1051) size 137x14 [color=#0000EE]
                    RenderText {#text} at (0,1051) size 137x15
                      text run at (0,1051) width 137: "SYSSTAT.FUNCTIONS"
                  RenderText {#text} at (0,0) size 0x0
                  RenderBR {BR} at (136,1051) size 1x14
                  RenderInline {A} at (0,1066) size 120x14 [color=#0000EE]
                    RenderText {#text} at (0,1066) size 120x15
                      text run at (0,1066) width 120: "SYSSTAT.INDEXES"
                  RenderText {#text} at (0,0) size 0x0
                  RenderBR {BR} at (119,1066) size 1x14
                  RenderInline {A} at (0,1081) size 112x14 [color=#0000EE]
                    RenderText {#text} at (0,1081) size 112x15
                      text run at (0,1081) width 112: "SYSSTAT.TABLES"
                  RenderText {#text} at (0,0) size 0x0
                RenderBlock {P} at (0,9032) size 715x166
                  RenderInline {B} at (0,1) size 361x14
                    RenderInline {A} at (0,1) size 361x14 [color=#0000EE]
                      RenderText {#text} at (0,1) size 361x15
                        text run at (0,1) width 361: "Appendix E. Catalog Views For Use With Structured Types"
                  RenderBR {BR} at (360,1) size 1x14
                  RenderBR {BR} at (0,16) size 0x14
                  RenderInline {A} at (0,31) size 161x14 [color=#0000EE]
                    RenderText {#text} at (0,31) size 161x15
                      text run at (0,31) width 161: "'Roadmap' to Catalog Views"
                  RenderText {#text} at (0,0) size 0x0
                  RenderBR {BR} at (160,31) size 1x14
                  RenderInline {A} at (0,46) size 112x14 [color=#0000EE]
                    RenderText {#text} at (0,46) size 112x15
                      text run at (0,46) width 112: "OBJCAT.INDEXES"
                  RenderText {#text} at (0,0) size 0x0
                  RenderBR {BR} at (111,46) size 1x14
                  RenderInline {A} at (0,61) size 193x14 [color=#0000EE]
                    RenderText {#text} at (0,61) size 193x15
                      text run at (0,61) width 193: "OBJCAT.INDEXEXPLOITRULES"
                  RenderText {#text} at (0,0) size 0x0
                  RenderBR {BR} at (192,61) size 1x14
                  RenderInline {A} at (0,76) size 197x14 [color=#0000EE]
                    RenderText {#text} at (0,76) size 197x15
                      text run at (0,76) width 197: "OBJCAT.INDEXEXTENSIONDEP"
                  RenderText {#text} at (0,0) size 0x0
                  RenderBR {BR} at (196,76) size 1x14
                  RenderInline {A} at (0,91) size 235x14 [color=#0000EE]
                    RenderText {#text} at (0,91) size 235x15
                      text run at (0,91) width 235: "OBJCAT.INDEXEXTENSIONMETHODS"
                  RenderText {#text} at (0,0) size 0x0
                  RenderBR {BR} at (234,91) size 1x14
                  RenderInline {A} at (0,106) size 216x14 [color=#0000EE]
                    RenderText {#text} at (0,106) size 216x15
                      text run at (0,106) width 216: "OBJCAT.INDEXEXTENSIONPARMS"
                  RenderText {#text} at (0,0) size 0x0
                  RenderBR {BR} at (215,106) size 1x14
                  RenderInline {A} at (0,121) size 179x14 [color=#0000EE]
                    RenderText {#text} at (0,121) size 179x15
                      text run at (0,121) width 179: "OBJCAT.INDEXEXTENSIONS"
                  RenderText {#text} at (0,0) size 0x0
                  RenderBR {BR} at (178,121) size 1x14
                  RenderInline {A} at (0,136) size 173x14 [color=#0000EE]
                    RenderText {#text} at (0,136) size 173x15
                      text run at (0,136) width 173: "OBJCAT.PREDICATESPECS"
                  RenderText {#text} at (0,0) size 0x0
                  RenderBR {BR} at (172,136) size 1x14
                  RenderInline {A} at (0,151) size 145x14 [color=#0000EE]
                    RenderText {#text} at (0,151) size 145x15
                      text run at (0,151) width 145: "OBJCAT.TRANSFORMS"
                  RenderText {#text} at (0,0) size 0x0
                RenderBlock {P} at (0,9210) size 715x241
                  RenderInline {B} at (0,1) size 196x14
                    RenderInline {A} at (0,1) size 196x14 [color=#0000EE]
                      RenderText {#text} at (0,1) size 196x15
                        text run at (0,1) width 196: "Appendix F. Federated Systems"
                  RenderBR {BR} at (195,1) size 1x14
                  RenderBR {BR} at (0,16) size 0x14
                  RenderInline {A} at (0,31) size 78x14 [color=#0000EE]
                    RenderText {#text} at (0,31) size 78x15
                      text run at (0,31) width 78: "Server Types"
                  RenderText {#text} at (0,0) size 0x0
                  RenderBR {BR} at (77,31) size 1x14
                  RenderInline {A} at (0,46) size 212x14 [color=#0000EE]
                    RenderText {#text} at (0,46) size 212x15
                      text run at (0,46) width 212: "SQL Options for Federated Systems"
                  RenderText {#text} at (0,0) size 0x0
                  RenderBR {BR} at (211,46) size 1x14
                  RenderInline {A} at (0,61) size 93x14 [color=#0000EE]
                    RenderText {#text} at (0,61) size 93x15
                      text run at (0,61) width 93: "Column Options"
                  RenderText {#text} at (0,0) size 0x0
                  RenderBR {BR} at (93,61) size 0x14
                  RenderInline {A} at (0,76) size 152x14 [color=#0000EE]
                    RenderText {#text} at (0,76) size 152x15
                      text run at (0,76) width 152: "Function Mapping Options"
                  RenderText {#text} at (0,0) size 0x0
                  RenderBR {BR} at (152,76) size 0x14
                  RenderInline {A} at (0,91) size 87x14 [color=#0000EE]
                    RenderText {#text} at (0,91) size 87x15
                      text run at (0,91) width 87: "Server Options"
                  RenderText {#text} at (0,0) size 0x0
                  RenderBR {BR} at (87,91) size 0x14
                  RenderInline {A} at (0,106) size 76x14 [color=#0000EE]
                    RenderText {#text} at (0,106) size 76x15
                      text run at (0,106) width 76: "User Options"
                  RenderText {#text} at (0,0) size 0x0
                  RenderBR {BR} at (76,106) size 0x14
                  RenderInline {A} at (0,121) size 165x14 [color=#0000EE]
                    RenderText {#text} at (0,121) size 165x15
                      text run at (0,121) width 165: "Default Data Type Mappings"
                  RenderText {#text} at (0,0) size 0x0
                  RenderBR {BR} at (164,121) size 1x14
                  RenderInline {A} at (0,136) size 681x14 [color=#0000EE]
                    RenderText {#text} at (0,136) size 681x15
                      text run at (0,136) width 681: "Default Type Mappings between DB2 and DB2 Universal Database for OS/390 (and DB2 for MVS/ESA) Data Sources"
                  RenderText {#text} at (0,0) size 0x0
                  RenderBR {BR} at (680,136) size 1x14
                  RenderInline {A} at (0,151) size 646x14 [color=#0000EE]
                    RenderText {#text} at (0,151) size 646x15
                      text run at (0,151) width 646: "Default Type Mappings between DB2 and 2 Universal Database for AS/400 (and DB2 for OS/400) Data Sources"
                  RenderText {#text} at (0,0) size 0x0
                  RenderBR {BR} at (645,151) size 1x14
                  RenderInline {A} at (0,166) size 365x14 [color=#0000EE]
                    RenderText {#text} at (0,166) size 365x15
                      text run at (0,166) width 365: "Default Type Mappings between DB2 and Oracle Data Sources"
                  RenderText {#text} at (0,0) size 0x0
                  RenderBR {BR} at (364,166) size 1x14
                  RenderInline {A} at (0,181) size 536x14 [color=#0000EE]
                    RenderText {#text} at (0,181) size 536x15
                      text run at (0,181) width 536: "Default Type Mappings between DB2 and DB2 for VM and VSE (and SQL/DS) Data Sources"
                  RenderText {#text} at (0,0) size 0x0
                  RenderBR {BR} at (535,181) size 1x14
                  RenderInline {A} at (0,196) size 196x14 [color=#0000EE]
                    RenderText {#text} at (0,196) size 196x15
                      text run at (0,196) width 196: "Pass-Through Facility Processing"
                  RenderText {#text} at (0,0) size 0x0
                  RenderBR {BR} at (196,196) size 0x14
                  RenderInline {A} at (0,211) size 252x14 [color=#0000EE]
                    RenderText {#text} at (0,211) size 252x15
                      text run at (0,211) width 252: "SQL Processing in Pass-Through Sessions"
                  RenderText {#text} at (0,0) size 0x0
                  RenderBR {BR} at (251,211) size 1x14
                  RenderInline {A} at (0,226) size 184x14 [color=#0000EE]
                    RenderText {#text} at (0,226) size 184x15
                      text run at (0,226) width 184: "Considerations and Restrictions"
                  RenderText {#text} at (0,0) size 0x0
                RenderBlock {P} at (0,9463) size 715x391
                  RenderInline {B} at (0,1) size 233x14
                    RenderInline {A} at (0,1) size 233x14 [color=#0000EE]
                      RenderText {#text} at (0,1) size 233x15
                        text run at (0,1) width 233: "Appendix G. Sample Database Tables"
                  RenderBR {BR} at (232,1) size 1x14
                  RenderBR {BR} at (0,16) size 0x14
                  RenderInline {A} at (0,31) size 129x14 [color=#0000EE]
                    RenderText {#text} at (0,31) size 129x15
                      text run at (0,31) width 129: "The Sample Database"
                  RenderText {#text} at (0,0) size 0x0
                  RenderBR {BR} at (129,31) size 0x14
                  RenderInline {A} at (0,46) size 185x14 [color=#0000EE]
                    RenderText {#text} at (0,46) size 185x15
                      text run at (0,46) width 185: "To Create the Sample Database"
                  RenderText {#text} at (0,0) size 0x0
                  RenderBR {BR} at (184,46) size 1x14
                  RenderInline {A} at (0,61) size 181x14 [color=#0000EE]
                    RenderText {#text} at (0,61) size 181x15
                      text run at (0,61) width 181: "To Erase the Sample Database"
                  RenderText {#text} at (0,0) size 0x0
                  RenderBR {BR} at (180,61) size 1x14
                  RenderInline {A} at (0,76) size 103x14 [color=#0000EE]
                    RenderText {#text} at (0,76) size 103x15
                      text run at (0,76) width 103: "CL_SCHED Table"
                  RenderText {#text} at (0,0) size 0x0
                  RenderBR {BR} at (102,76) size 1x14
                  RenderInline {A} at (0,91) size 124x14 [color=#0000EE]
                    RenderText {#text} at (0,91) size 124x15
                      text run at (0,91) width 124: "DEPARTMENT Table"
                  RenderText {#text} at (0,0) size 0x0
                  RenderBR {BR} at (123,91) size 1x14
                  RenderInline {A} at (0,106) size 108x14 [color=#0000EE]
                    RenderText {#text} at (0,106) size 108x15
                      text run at (0,106) width 108: "EMPLOYEE Table"
                  RenderText {#text} at (0,0) size 0x0
                  RenderBR {BR} at (107,106) size 1x14
                  RenderInline {A} at (0,121) size 97x14 [color=#0000EE]
                    RenderText {#text} at (0,121) size 97x15
                      text run at (0,121) width 97: "EMP_ACT Table"
                  RenderText {#text} at (0,0) size 0x0
                  RenderBR {BR} at (96,121) size 1x14
                  RenderInline {A} at (0,136) size 117x14 [color=#0000EE]
                    RenderText {#text} at (0,136) size 117x15
                      text run at (0,136) width 117: "EMP_PHOTO Table"
                  RenderText {#text} at (0,0) size 0x0
                  RenderBR {BR} at (116,136) size 1x14
                  RenderInline {A} at (0,151) size 127x14 [color=#0000EE]
                    RenderText {#text} at (0,151) size 127x15
                      text run at (0,151) width 127: "EMP_RESUME Table"
                  RenderText {#text} at (0,0) size 0x0
                  RenderBR {BR} at (126,151) size 1x14
                  RenderInline {A} at (0,166) size 89x14 [color=#0000EE]
                    RenderText {#text} at (0,166) size 89x15
                      text run at (0,166) width 89: "IN_TRAY Table"
                  RenderText {#text} at (0,0) size 0x0
                  RenderBR {BR} at (88,166) size 1x14
                  RenderInline {A} at (0,181) size 64x14 [color=#0000EE]
                    RenderText {#text} at (0,181) size 64x15
                      text run at (0,181) width 64: "ORG Table"
                  RenderText {#text} at (0,0) size 0x0
                  RenderBR {BR} at (63,181) size 1x14
                  RenderInline {A} at (0,196) size 96x14 [color=#0000EE]
                    RenderText {#text} at (0,196) size 96x15
                      text run at (0,196) width 96: "PROJECT Table"
                  RenderText {#text} at (0,0) size 0x0
                  RenderBR {BR} at (95,196) size 1x14
                  RenderInline {A} at (0,211) size 78x14 [color=#0000EE]
                    RenderText {#text} at (0,211) size 78x15
                      text run at (0,211) width 78: "SALES Table"
                  RenderText {#text} at (0,0) size 0x0
                  RenderBR {BR} at (77,211) size 1x14
                  RenderInline {A} at (0,226) size 76x14 [color=#0000EE]
                    RenderText {#text} at (0,226) size 76x15
                      text run at (0,226) width 76: "STAFF Table"
                  RenderText {#text} at (0,0) size 0x0
                  RenderBR {BR} at (75,226) size 1x14
                  RenderInline {A} at (0,241) size 86x14 [color=#0000EE]
                    RenderText {#text} at (0,241) size 86x15
                      text run at (0,241) width 86: "STAFFG Table"
                  RenderText {#text} at (0,0) size 0x0
                  RenderBR {BR} at (85,241) size 1x14
                  RenderInline {A} at (0,256) size 270x14 [color=#0000EE]
                    RenderText {#text} at (0,256) size 270x15
                      text run at (0,256) width 270: "Sample Files with BLOB and CLOB Data Type"
                  RenderText {#text} at (0,0) size 0x0
                  RenderBR {BR} at (269,256) size 1x14
                  RenderInline {A} at (0,271) size 90x14 [color=#0000EE]
                    RenderText {#text} at (0,271) size 90x15
                      text run at (0,271) width 90: "Quintana Photo"
                  RenderText {#text} at (0,0) size 0x0
                  RenderBR {BR} at (90,271) size 0x14
                  RenderInline {A} at (0,286) size 104x14 [color=#0000EE]
                    RenderText {#text} at (0,286) size 104x15
                      text run at (0,286) width 104: "Quintana Resume"
                  RenderText {#text} at (0,0) size 0x0
                  RenderBR {BR} at (104,286) size 0x14
                  RenderInline {A} at (0,301) size 84x14 [color=#0000EE]
                    RenderText {#text} at (0,301) size 84x15
                      text run at (0,301) width 84: "Nicholls Photo"
                  RenderText {#text} at (0,0) size 0x0
                  RenderBR {BR} at (84,301) size 0x14
                  RenderInline {A} at (0,316) size 98x14 [color=#0000EE]
                    RenderText {#text} at (0,316) size 98x15
                      text run at (0,316) width 98: "Nicholls Resume"
                  RenderText {#text} at (0,0) size 0x0
                  RenderBR {BR} at (98,316) size 0x14
                  RenderInline {A} at (0,331) size 93x14 [color=#0000EE]
                    RenderText {#text} at (0,331) size 93x15
                      text run at (0,331) width 93: "Adamson Photo"
                  RenderText {#text} at (0,0) size 0x0
                  RenderBR {BR} at (93,331) size 0x14
                  RenderInline {A} at (0,346) size 107x14 [color=#0000EE]
                    RenderText {#text} at (0,346) size 107x15
                      text run at (0,346) width 107: "Adamson Resume"
                  RenderText {#text} at (0,0) size 0x0
                  RenderBR {BR} at (107,346) size 0x14
                  RenderInline {A} at (0,361) size 78x14 [color=#0000EE]
                    RenderText {#text} at (0,361) size 78x15
                      text run at (0,361) width 78: "Walker Photo"
                  RenderText {#text} at (0,0) size 0x0
                  RenderBR {BR} at (77,361) size 1x14
                  RenderInline {A} at (0,376) size 92x14 [color=#0000EE]
                    RenderText {#text} at (0,376) size 92x15
                      text run at (0,376) width 92: "Walker Resume"
                  RenderText {#text} at (0,0) size 0x0
                RenderBlock {P} at (0,9866) size 715x91
                  RenderInline {B} at (0,1) size 369x14
                    RenderInline {A} at (0,1) size 369x14 [color=#0000EE]
                      RenderText {#text} at (0,1) size 369x15
                        text run at (0,1) width 369: "Appendix H. Reserved Schema Names and Reserved Words"
                  RenderBR {BR} at (368,1) size 1x14
                  RenderBR {BR} at (0,16) size 0x14
                  RenderInline {A} at (0,31) size 114x14 [color=#0000EE]
                    RenderText {#text} at (0,31) size 114x15
                      text run at (0,31) width 114: "Reserved Schemas"
                  RenderText {#text} at (0,0) size 0x0
                  RenderBR {BR} at (114,31) size 0x14
                  RenderInline {A} at (0,46) size 96x14 [color=#0000EE]
                    RenderText {#text} at (0,46) size 96x15
                      text run at (0,46) width 96: "Reserved Words"
                  RenderText {#text} at (0,0) size 0x0
                  RenderBR {BR} at (95,46) size 1x14
                  RenderInline {A} at (0,61) size 154x14 [color=#0000EE]
                    RenderText {#text} at (0,61) size 154x15
                      text run at (0,61) width 154: "IBM SQL Reserved Words"
                  RenderText {#text} at (0,0) size 0x0
                  RenderBR {BR} at (153,61) size 1x14
                  RenderInline {A} at (0,76) size 198x14 [color=#0000EE]
                    RenderText {#text} at (0,76) size 198x15
                      text run at (0,76) width 198: "ISO/ANS SQL92 Reserved Words"
                  RenderText {#text} at (0,0) size 0x0
                RenderBlock {P} at (0,9969) size 715x16
                  RenderInline {B} at (0,1) size 269x14
                    RenderInline {A} at (0,1) size 269x14 [color=#0000EE]
                      RenderText {#text} at (0,1) size 269x15
                        text run at (0,1) width 269: "Appendix I. Comparison of Isolation Levels"
                  RenderBR {BR} at (269,1) size 0x14
                RenderBlock {P} at (0,9997) size 715x16
                  RenderInline {B} at (0,1) size 318x14
                    RenderInline {A} at (0,1) size 318x14 [color=#0000EE]
                      RenderText {#text} at (0,1) size 318x15
                        text run at (0,1) width 318: "Appendix J. Interaction of Triggers and Constraints"
                  RenderBR {BR} at (317,1) size 1x14
                RenderBlock {P} at (0,10025) size 715x316
                  RenderInline {B} at (0,1) size 270x14
                    RenderInline {A} at (0,1) size 270x14 [color=#0000EE]
                      RenderText {#text} at (0,1) size 270x15
                        text run at (0,1) width 270: "Appendix K. Explain Tables and Definitions"
                  RenderBR {BR} at (269,1) size 1x14
                  RenderBR {BR} at (0,16) size 0x14
                  RenderInline {A} at (0,31) size 172x14 [color=#0000EE]
                    RenderText {#text} at (0,31) size 172x15
                      text run at (0,31) width 172: "EXPLAIN_ARGUMENT Table"
                  RenderText {#text} at (0,0) size 0x0
                  RenderBR {BR} at (171,31) size 1x14
                  RenderInline {A} at (0,46) size 163x14 [color=#0000EE]
                    RenderText {#text} at (0,46) size 163x15
                      text run at (0,46) width 163: "EXPLAIN_INSTANCE Table"
                  RenderText {#text} at (0,0) size 0x0
                  RenderBR {BR} at (162,46) size 1x14
                  RenderInline {A} at (0,61) size 150x14 [color=#0000EE]
                    RenderText {#text} at (0,61) size 150x15
                      text run at (0,61) width 150: "EXPLAIN_OBJECT Table"
                  RenderText {#text} at (0,0) size 0x0
                  RenderBR {BR} at (149,61) size 1x14
                  RenderInline {A} at (0,76) size 170x14 [color=#0000EE]
                    RenderText {#text} at (0,76) size 170x15
                      text run at (0,76) width 170: "EXPLAIN_OPERATOR Table"
                  RenderText {#text} at (0,0) size 0x0
                  RenderBR {BR} at (169,76) size 1x14
                  RenderInline {A} at (0,91) size 172x14 [color=#0000EE]
                    RenderText {#text} at (0,91) size 172x15
                      text run at (0,91) width 172: "EXPLAIN_PREDICATE Table"
                  RenderText {#text} at (0,0) size 0x0
                  RenderBR {BR} at (171,91) size 1x14
                  RenderInline {A} at (0,106) size 176x14 [color=#0000EE]
                    RenderText {#text} at (0,106) size 176x15
                      text run at (0,106) width 176: "EXPLAIN_STATEMENT Table"
                  RenderText {#text} at (0,0) size 0x0
                  RenderBR {BR} at (175,106) size 1x14
                  RenderInline {A} at (0,121) size 153x14 [color=#0000EE]
                    RenderText {#text} at (0,121) size 153x15
                      text run at (0,121) width 153: "EXPLAIN_STREAM Table"
                  RenderText {#text} at (0,0) size 0x0
                  RenderBR {BR} at (152,121) size 1x14
                  RenderInline {A} at (0,136) size 131x14 [color=#0000EE]
                    RenderText {#text} at (0,136) size 131x15
                      text run at (0,136) width 131: "ADVISE_INDEX Table"
                  RenderText {#text} at (0,0) size 0x0
                  RenderBR {BR} at (130,136) size 1x14
                  RenderInline {A} at (0,151) size 166x14 [color=#0000EE]
                    RenderText {#text} at (0,151) size 166x15
                      text run at (0,151) width 166: "ADVISE_WORKLOAD Table"
                  RenderText {#text} at (0,0) size 0x0
                  RenderBR {BR} at (165,151) size 1x14
                  RenderInline {A} at (0,166) size 204x14 [color=#0000EE]
                    RenderText {#text} at (0,166) size 204x15
                      text run at (0,166) width 204: "Table Definitions for Explain Tables"
                  RenderText {#text} at (0,0) size 0x0
                  RenderBR {BR} at (203,166) size 1x14
                  RenderInline {A} at (0,181) size 230x14 [color=#0000EE]
                    RenderText {#text} at (0,181) size 230x15
                      text run at (0,181) width 230: "EXPLAIN_ARGUMENT Table Definition"
                  RenderText {#text} at (0,0) size 0x0
                  RenderBR {BR} at (229,181) size 1x14
                  RenderInline {A} at (0,196) size 221x14 [color=#0000EE]
                    RenderText {#text} at (0,196) size 221x15
                      text run at (0,196) width 221: "EXPLAIN_INSTANCE Table Definition"
                  RenderText {#text} at (0,0) size 0x0
                  RenderBR {BR} at (220,196) size 1x14
                  RenderInline {A} at (0,211) size 208x14 [color=#0000EE]
                    RenderText {#text} at (0,211) size 208x15
                      text run at (0,211) width 208: "EXPLAIN_OBJECT Table Definition"
                  RenderText {#text} at (0,0) size 0x0
                  RenderBR {BR} at (207,211) size 1x14
                  RenderInline {A} at (0,226) size 228x14 [color=#0000EE]
                    RenderText {#text} at (0,226) size 228x15
                      text run at (0,226) width 228: "EXPLAIN_OPERATOR Table Definition"
                  RenderText {#text} at (0,0) size 0x0
                  RenderBR {BR} at (227,226) size 1x14
                  RenderInline {A} at (0,241) size 230x14 [color=#0000EE]
                    RenderText {#text} at (0,241) size 230x15
                      text run at (0,241) width 230: "EXPLAIN_PREDICATE Table Definition"
                  RenderText {#text} at (0,0) size 0x0
                  RenderBR {BR} at (229,241) size 1x14
                  RenderInline {A} at (0,256) size 234x14 [color=#0000EE]
                    RenderText {#text} at (0,256) size 234x15
                      text run at (0,256) width 234: "EXPLAIN_STATEMENT Table Definition"
                  RenderText {#text} at (0,0) size 0x0
                  RenderBR {BR} at (233,256) size 1x14
                  RenderInline {A} at (0,271) size 211x14 [color=#0000EE]
                    RenderText {#text} at (0,271) size 211x15
                      text run at (0,271) width 211: "EXPLAIN_STREAM Table Definition"
                  RenderText {#text} at (0,0) size 0x0
                  RenderBR {BR} at (210,271) size 1x14
                  RenderInline {A} at (0,286) size 189x14 [color=#0000EE]
                    RenderText {#text} at (0,286) size 189x15
                      text run at (0,286) width 189: "ADVISE_INDEX Table Definition"
                  RenderText {#text} at (0,0) size 0x0
                  RenderBR {BR} at (188,286) size 1x14
                  RenderInline {A} at (0,301) size 224x14 [color=#0000EE]
                    RenderText {#text} at (0,301) size 224x15
                      text run at (0,301) width 224: "ADVISE_WORKLOAD Table Definition"
                  RenderText {#text} at (0,0) size 0x0
                RenderBlock {P} at (0,10353) size 715x16
                  RenderInline {B} at (0,1) size 227x14
                    RenderInline {A} at (0,1) size 227x14 [color=#0000EE]
                      RenderText {#text} at (0,1) size 227x15
                        text run at (0,1) width 227: "Appendix L. Explain Register Values"
                  RenderBR {BR} at (226,1) size 1x14
                RenderBlock {P} at (0,10381) size 715x76
                  RenderInline {B} at (0,1) size 308x14
                    RenderInline {A} at (0,1) size 308x14 [color=#0000EE]
                      RenderText {#text} at (0,1) size 308x15
                        text run at (0,1) width 308: "Appendix M. Recursion Example: Bill of Materials"
                  RenderBR {BR} at (308,1) size 0x14
                  RenderBR {BR} at (0,16) size 0x14
                  RenderInline {A} at (0,31) size 202x14 [color=#0000EE]
                    RenderText {#text} at (0,31) size 202x15
                      text run at (0,31) width 202: "Example 1: Single Level Explosion"
                  RenderText {#text} at (0,0) size 0x0
                  RenderBR {BR} at (202,31) size 0x14
                  RenderInline {A} at (0,46) size 204x14 [color=#0000EE]
                    RenderText {#text} at (0,46) size 204x15
                      text run at (0,46) width 204: "Example 2: Summarized Explosion"
                  RenderText {#text} at (0,0) size 0x0
                  RenderBR {BR} at (204,46) size 0x14
                  RenderInline {A} at (0,61) size 169x14 [color=#0000EE]
                    RenderText {#text} at (0,61) size 169x15
                      text run at (0,61) width 169: "Example 3: Controlling Depth"
                  RenderText {#text} at (0,0) size 0x0
                RenderBlock {P} at (0,10469) size 715x76
                  RenderInline {B} at (0,1) size 187x14
                    RenderInline {A} at (0,1) size 187x14 [color=#0000EE]
                      RenderText {#text} at (0,1) size 187x15
                        text run at (0,1) width 187: "Appendix N. Exception Tables"
                  RenderBR {BR} at (186,1) size 1x14
                  RenderBR {BR} at (0,16) size 0x14
                  RenderInline {A} at (0,31) size 219x14 [color=#0000EE]
                    RenderText {#text} at (0,31) size 219x15
                      text run at (0,31) width 219: "Rules for Creating an Exception Table"
                  RenderText {#text} at (0,0) size 0x0
                  RenderBR {BR} at (218,31) size 1x14
                  RenderInline {A} at (0,46) size 226x14 [color=#0000EE]
                    RenderText {#text} at (0,46) size 226x15
                      text run at (0,46) width 226: "Handling Rows in the Exception Tables"
                  RenderText {#text} at (0,0) size 0x0
                  RenderBR {BR} at (225,46) size 1x14
                  RenderInline {A} at (0,61) size 178x14 [color=#0000EE]
                    RenderText {#text} at (0,61) size 178x15
                      text run at (0,61) width 178: "Querying the Exception Tables"
                  RenderText {#text} at (0,0) size 0x0
                RenderBlock {P} at (0,10557) size 715x331
                  RenderInline {B} at (0,1) size 420x14
                    RenderInline {A} at (0,1) size 420x14 [color=#0000EE]
                      RenderText {#text} at (0,1) size 420x15
                        text run at (0,1) width 420: "Appendix O. Japanese and Traditional-Chinese EUC Considerations"
                  RenderBR {BR} at (419,1) size 1x14
                  RenderBR {BR} at (0,16) size 0x14
                  RenderInline {A} at (0,31) size 115x14 [color=#0000EE]
                    RenderText {#text} at (0,31) size 115x15
                      text run at (0,31) width 115: "Language Elements"
                  RenderText {#text} at (0,0) size 0x0
                  RenderBR {BR} at (115,31) size 0x14
                  RenderInline {A} at (0,46) size 63x14 [color=#0000EE]
                    RenderText {#text} at (0,46) size 63x15
                      text run at (0,46) width 63: "Characters"
                  RenderText {#text} at (0,0) size 0x0
                  RenderBR {BR} at (63,46) size 0x14
                  RenderInline {A} at (0,61) size 42x14 [color=#0000EE]
                    RenderText {#text} at (0,61) size 42x15
                      text run at (0,61) width 42: "Tokens"
                  RenderText {#text} at (0,0) size 0x0
                  RenderBR {BR} at (41,61) size 1x14
                  RenderInline {A} at (0,76) size 57x14 [color=#0000EE]
                    RenderText {#text} at (0,76) size 57x15
                      text run at (0,76) width 57: "Identifiers"
                  RenderText {#text} at (0,0) size 0x0
                  RenderBR {BR} at (57,76) size 0x14
                  RenderInline {A} at (0,91) size 67x14 [color=#0000EE]
                    RenderText {#text} at (0,91) size 67x15
                      text run at (0,91) width 67: "Data Types"
                  RenderText {#text} at (0,0) size 0x0
                  RenderBR {BR} at (66,91) size 1x14
                  RenderInline {A} at (0,106) size 181x14 [color=#0000EE]
                    RenderText {#text} at (0,106) size 181x15
                      text run at (0,106) width 181: "Assignments and Comparisons"
                  RenderText {#text} at (0,0) size 0x0
                  RenderBR {BR} at (181,106) size 0x14
                  RenderInline {A} at (0,121) size 164x14 [color=#0000EE]
                    RenderText {#text} at (0,121) size 164x15
                      text run at (0,121) width 164: "Rules for Result Data Types"
                  RenderText {#text} at (0,0) size 0x0
                  RenderBR {BR} at (163,121) size 1x14
                  RenderInline {A} at (0,136) size 166x14 [color=#0000EE]
                    RenderText {#text} at (0,136) size 166x15
                      text run at (0,136) width 166: "Rules for String Conversions"
                  RenderText {#text} at (0,0) size 0x0
                  RenderBR {BR} at (166,136) size 0x14
                  RenderInline {A} at (0,151) size 59x14 [color=#0000EE]
                    RenderText {#text} at (0,151) size 59x15
                      text run at (0,151) width 59: "Constants"
                  RenderText {#text} at (0,0) size 0x0
                  RenderBR {BR} at (59,151) size 0x14
                  RenderInline {A} at (0,166) size 57x14 [color=#0000EE]
                    RenderText {#text} at (0,166) size 57x15
                      text run at (0,166) width 57: "Functions"
                  RenderText {#text} at (0,0) size 0x0
                  RenderBR {BR} at (57,166) size 0x14
                  RenderInline {A} at (0,181) size 72x14 [color=#0000EE]
                    RenderText {#text} at (0,181) size 72x15
                      text run at (0,181) width 72: "Expressions"
                  RenderText {#text} at (0,0) size 0x0
                  RenderBR {BR} at (72,181) size 0x14
                  RenderInline {A} at (0,196) size 62x14 [color=#0000EE]
                    RenderText {#text} at (0,196) size 62x15
                      text run at (0,196) width 62: "Predicates"
                  RenderText {#text} at (0,0) size 0x0
                  RenderBR {BR} at (62,196) size 0x14
                  RenderInline {A} at (0,211) size 57x14 [color=#0000EE]
                    RenderText {#text} at (0,211) size 57x15
                      text run at (0,211) width 57: "Functions"
                  RenderText {#text} at (0,0) size 0x0
                  RenderBR {BR} at (57,211) size 0x14
                  RenderInline {A} at (0,226) size 52x14 [color=#0000EE]
                    RenderText {#text} at (0,226) size 52x15
                      text run at (0,226) width 52: "LENGTH"
                  RenderText {#text} at (0,0) size 0x0
                  RenderBR {BR} at (52,226) size 0x14
                  RenderInline {A} at (0,241) size 53x14 [color=#0000EE]
                    RenderText {#text} at (0,241) size 53x15
                      text run at (0,241) width 53: "SUBSTR"
                  RenderText {#text} at (0,0) size 0x0
                  RenderBR {BR} at (53,241) size 0x14
                  RenderInline {A} at (0,256) size 77x14 [color=#0000EE]
                    RenderText {#text} at (0,256) size 77x15
                      text run at (0,256) width 77: "TRANSLATE"
                  RenderText {#text} at (0,0) size 0x0
                  RenderBR {BR} at (76,256) size 1x14
                  RenderInline {A} at (0,271) size 86x14 [color=#0000EE]
                    RenderText {#text} at (0,271) size 86x15
                      text run at (0,271) width 86: "VARGRAPHIC"
                  RenderText {#text} at (0,0) size 0x0
                  RenderBR {BR} at (85,271) size 1x14
                  RenderInline {A} at (0,286) size 67x14 [color=#0000EE]
                    RenderText {#text} at (0,286) size 67x15
                      text run at (0,286) width 67: "Statements"
                  RenderText {#text} at (0,0) size 0x0
                  RenderBR {BR} at (67,286) size 0x14
                  RenderInline {A} at (0,301) size 63x14 [color=#0000EE]
                    RenderText {#text} at (0,301) size 63x15
                      text run at (0,301) width 63: "CONNECT"
                  RenderText {#text} at (0,0) size 0x0
                  RenderBR {BR} at (63,301) size 0x14
                  RenderInline {A} at (0,316) size 63x14 [color=#0000EE]
                    RenderText {#text} at (0,316) size 63x15
                      text run at (0,316) width 63: "PREPARE"
                  RenderText {#text} at (0,0) size 0x0
                RenderBlock {P} at (0,10900) size 715x16
                  RenderInline {B} at (0,1) size 292x14
                    RenderInline {A} at (0,1) size 292x14 [color=#0000EE]
                      RenderText {#text} at (0,1) size 292x15
                        text run at (0,1) width 292: "Appendix P. BNF Specifications for DATALINKs"
                  RenderBR {BR} at (291,1) size 1x14
                RenderBlock {P} at (0,10928) size 715x181
                  RenderInline {B} at (0,1) size 217x14
                    RenderInline {A} at (0,1) size 217x14 [color=#0000EE]
                      RenderText {#text} at (0,1) size 217x15
                        text run at (0,1) width 217: "Appendix Q. Using the DB2 Library"
                  RenderBR {BR} at (217,1) size 0x14
                  RenderBR {BR} at (0,16) size 0x14
                  RenderInline {A} at (0,31) size 198x14 [color=#0000EE]
                    RenderText {#text} at (0,31) size 198x15
                      text run at (0,31) width 198: "DB2 PDF Files and Printed Books"
                  RenderText {#text} at (0,0) size 0x0
                  RenderBR {BR} at (198,31) size 0x14
                  RenderInline {A} at (0,46) size 94x14 [color=#0000EE]
                    RenderText {#text} at (0,46) size 94x15
                      text run at (0,46) width 94: "DB2 Information"
                  RenderText {#text} at (0,0) size 0x0
                  RenderBR {BR} at (94,46) size 0x14
                  RenderInline {A} at (0,61) size 137x14 [color=#0000EE]
                    RenderText {#text} at (0,61) size 137x15
                      text run at (0,61) width 137: "Printing the PDF Books"
                  RenderText {#text} at (0,0) size 0x0
                  RenderBR {BR} at (137,61) size 0x14
                  RenderInline {A} at (0,76) size 157x14 [color=#0000EE]
                    RenderText {#text} at (0,76) size 157x15
                      text run at (0,76) width 157: "Ordering the Printed Books"
                  RenderText {#text} at (0,0) size 0x0
                  RenderBR {BR} at (157,76) size 0x14
                  RenderInline {A} at (0,91) size 157x14 [color=#0000EE]
                    RenderText {#text} at (0,91) size 157x15
                      text run at (0,91) width 157: "DB2 Online Documentation"
                  RenderText {#text} at (0,0) size 0x0
                  RenderBR {BR} at (157,91) size 0x14
                  RenderInline {A} at (0,106) size 132x14 [color=#0000EE]
                    RenderText {#text} at (0,106) size 132x15
                      text run at (0,106) width 132: "Accessing Online Help"
                  RenderText {#text} at (0,0) size 0x0
                  RenderBR {BR} at (132,106) size 0x14
                  RenderInline {A} at (0,121) size 155x14 [color=#0000EE]
                    RenderText {#text} at (0,121) size 155x15
                      text run at (0,121) width 155: "Viewing Information Online"
                  RenderText {#text} at (0,0) size 0x0
                  RenderBR {BR} at (154,121) size 1x14
                  RenderInline {A} at (0,136) size 113x14 [color=#0000EE]
                    RenderText {#text} at (0,136) size 113x15
                      text run at (0,136) width 113: "Using DB2 Wizards"
                  RenderText {#text} at (0,0) size 0x0
                  RenderBR {BR} at (113,136) size 0x14
                  RenderInline {A} at (0,151) size 177x14 [color=#0000EE]
                    RenderText {#text} at (0,151) size 177x15
                      text run at (0,151) width 177: "Setting Up a Document Server"
                  RenderText {#text} at (0,0) size 0x0
                  RenderBR {BR} at (177,151) size 0x14
                  RenderInline {A} at (0,166) size 168x14 [color=#0000EE]
                    RenderText {#text} at (0,166) size 168x15
                      text run at (0,166) width 168: "Searching Information Online"
                  RenderText {#text} at (0,0) size 0x0
                RenderBlock {P} at (0,11121) size 715x46
                  RenderInline {B} at (0,1) size 126x14
                    RenderInline {A} at (0,1) size 126x14 [color=#0000EE]
                      RenderText {#text} at (0,1) size 126x15
                        text run at (0,1) width 126: "Appendix R. Notices"
                  RenderBR {BR} at (126,1) size 0x14
                  RenderBR {BR} at (0,16) size 0x14
                  RenderInline {A} at (0,31) size 69x14 [color=#0000EE]
                    RenderText {#text} at (0,31) size 69x15
                      text run at (0,31) width 69: "Trademarks"
                  RenderText {#text} at (0,0) size 0x0
                RenderBlock {P} at (0,11179) size 715x16
                  RenderInline {B} at (0,1) size 34x14
                    RenderInline {A} at (0,1) size 34x14 [color=#0000EE]
                      RenderText {#text} at (0,1) size 34x15
                        text run at (0,1) width 34: "Index"
                  RenderBR {BR} at (34,1) size 0x14
                RenderBlock {P} at (0,11207) size 715x46
                  RenderInline {B} at (0,1) size 95x14
                    RenderInline {A} at (0,1) size 95x14 [color=#0000EE]
                      RenderText {#text} at (0,1) size 95x15
                        text run at (0,1) width 95: "Contacting IBM"
                  RenderBR {BR} at (95,1) size 0x14
                  RenderBR {BR} at (0,16) size 0x14
                  RenderInline {A} at (0,31) size 114x14 [color=#0000EE]
                    RenderText {#text} at (0,31) size 114x15
                      text run at (0,31) width 114: "Product Information"
                  RenderText {#text} at (0,0) size 0x0
                  RenderInline {A} at (114,31) size 0x14
                  RenderText {#text} at (0,0) size 0x0
                RenderTable {TABLE} at (0,11265) size 26x27
                  RenderTableSection {TBODY} at (0,0) size 26x26
                    RenderTableRow {TR} at (0,2) size 26x0
                    RenderTableRow {TR} at (0,4) size 26x20
                      RenderTableCell {TD} at (2,4) size 10x20 [r=1 c=0 rs=1 cs=1]
                        RenderText {#text} at (1,1) size 8x17
                          text run at (1,1) width 8: "x"
                      RenderTableCell {TD} at (14,4) size 10x20 [r=1 c=1 rs=1 cs=1]
                        RenderText {#text} at (1,1) size 8x17
                          text run at (1,1) width 8: "x"
              RenderBlock (anonymous) at (2,11376) size 715x0
                RenderInline {FONT} at (0,0) size 0x0
