layer at (0,0) size 785x1828
  RenderView at (0,0) size 785x600
layer at (0,0) size 785x1828
  RenderBlock {HTML} at (0,0) size 785x1828
    RenderBody {BODY} at (8,8) size 769x584
      RenderText {#text} at (0,0) size 21x17
        text run at (0,0) width 21: "foo"
      RenderTable {TABLE} at (653,0) size 116x1820
        RenderTableSection {TBODY} at (0,0) size 116x1820
          RenderTableRow {TR} at (0,2) size 116x1007
            RenderTableCell {TD} at (2,2) size 112x74 [r=0 c=0 rs=1 cs=1]
              RenderBR {BR} at (1,1) size 0x17
              RenderText {#text} at (1,19) size 101x53
                text run at (1,19) width 83: "Create a cool"
                text run at (1,37) width 101: "home page with"
                text run at (1,55) width 19: "the"
          RenderTableRow {TR} at (0,1011) size 116x807
            RenderTableCell {TD} at (2,1011) size 112x56 [r=1 c=0 rs=1 cs=1]
              RenderBR {BR} at (1,1) size 0x17
              RenderText {#text} at (1,19) size 94x35
                text run at (1,19) width 89: "Get organized"
                text run at (1,37) width 94: "online with the"
      RenderText {#text} at (0,0) size 0x0
