layer at (0,0) size 800x600
  RenderView at (0,0) size 800x600
layer at (0,0) size 800x600
  RenderBlock {HTML} at (0,0) size 800x600
    RenderBody {BODY} at (8,8) size 784x584
      RenderTable {TABLE} at (0,0) size 253x42 [border: (1px outset #808080)]
        RenderTableSection {TBODY} at (1,1) size 251x40
          RenderTableRow {TR} at (0,0) size 251x20
            RenderTableCell {TD} at (0,0) size 251x20 [border: (1px inset #808080)] [r=0 c=0 rs=1 cs=1]
              RenderBlock {DT} at (1,1) size 249x18
                RenderText {#text} at (0,0) size 249x17
                  text run at (0,0) width 249: "Richard Pizzarro<rhp@netscape.com>"
          RenderTableRow {TR} at (0,20) size 251x20
            RenderTableCell {TD} at (0,20) size 251x20 [border: (1px inset #808080)] [r=1 c=0 rs=1 cs=1]
              RenderText {#text} at (1,1) size 182x17
                text run at (1,1) width 182: "Architect Rich's Home Page"
