layer at (0,0) size 800x600
  RenderView at (0,0) size 800x600
layer at (0,0) size 800x600
  RenderBlock {HTML} at (0,0) size 800x600
    RenderBody {BODY} at (8,8) size 784x584
      RenderTable {TABLE} at (0,0) size 600x477
        RenderTableSection {TBODY} at (0,0) size 600x477
          RenderTableRow {TR} at (0,0) size 600x477
            RenderTableCell {TD} at (0,0) size 600x477 [r=0 c=0 rs=1 cs=1]
              RenderBlock (anonymous) at (0,0) size 600x1
                RenderImage {IMG} at (0,0) size 600x1
                RenderText {#text} at (0,0) size 0x0
              RenderBlock {BLOCKQUOTE} at (40,17) size 520x444
                RenderBlock {BLOCKQUOTE} at (40,0) size 440x444
                  RenderBlock (anonymous) at (0,0) size 440x216
                    RenderTable {TABLE} at (180,0) size 260x283
                      RenderTableSection {TBODY} at (0,0) size 260x283
                        RenderTableRow {TR} at (0,0) size 260x22
                          RenderTableCell {TD} at (0,0) size 6x22 [bgcolor=#FFFFFF] [r=0 c=0 rs=1 cs=1]
                            RenderBR {BR} at (2,2) size 0x17
                          RenderTableCell {TD} at (6,1) size 254x20 [bgcolor=#CCCCDD] [r=0 c=1 rs=1 cs=1]
                            RenderInline {FONT} at (0,0) size 245x16
                              RenderInline {B} at (0,0) size 245x16
                                RenderText {#text} at (2,1) size 245x17
                                  text run at (2,2) width 245: "CHAMBERLAIN'S CAREER STATISTICS"
                        RenderTableRow {TR} at (0,22) size 260x261
                          RenderTableCell {TD} at (0,141) size 6x23 [bgcolor=#FFFFFF] [r=1 c=0 rs=1 cs=1]
                            RenderBR {BR} at (2,1) size 0x19
                          RenderTableCell {TD} at (6,22) size 254x261 [r=1 c=1 rs=1 cs=1]
                            RenderTable {TABLE} at (2,2) size 250x240
                              RenderTableSection {TBODY} at (0,0) size 250x240
                                RenderTableRow {TR} at (0,0) size 250x15 [bgcolor=#EEEEEE]
                                  RenderTableCell {TD} at (0,0) size 32x15 [r=0 c=0 rs=1 cs=1]
                                    RenderInline {FONT} at (0,0) size 21x11
                                      RenderText {#text} at (2,2) size 21x11
                                        text run at (2,2) width 21: "Year"
                                  RenderTableCell {TD} at (31,0) size 72x15 [r=0 c=1 rs=1 cs=1]
                                    RenderInline {FONT} at (0,0) size 25x11
                                      RenderText {#text} at (2,2) size 25x11
                                        text run at (2,2) width 25: "Team"
                                  RenderTableCell {TD} at (102,0) size 28x15 [r=0 c=2 rs=1 cs=1]
                                    RenderInline {FONT} at (0,0) size 15x11
                                      RenderText {#text} at (11,2) size 15x11
                                        text run at (11,2) width 15: "GP"
                                  RenderTableCell {TD} at (129,0) size 35x15 [r=0 c=3 rs=1 cs=1]
                                    RenderInline {FONT} at (0,0) size 19x11
                                      RenderText {#text} at (13,2) size 19x11
                                        text run at (13,2) width 19: "Reb"
                                  RenderTableCell {TD} at (163,0) size 28x15 [r=0 c=4 rs=1 cs=1]
                                    RenderInline {FONT} at (0,0) size 22x11
                                      RenderText {#text} at (3,2) size 22x11
                                        text run at (3,2) width 22: "RPG"
                                  RenderTableCell {TD} at (190,0) size 34x15 [r=0 c=5 rs=1 cs=1]
                                    RenderInline {FONT} at (0,0) size 16x11
                                      RenderText {#text} at (16,2) size 16x11
                                        text run at (16,2) width 16: "Pts"
                                  RenderTableCell {TD} at (223,0) size 28x15 [r=0 c=6 rs=1 cs=1]
                                    RenderInline {FONT} at (0,0) size 22x11
                                      RenderText {#text} at (3,2) size 22x11
                                        text run at (3,2) width 22: "PPG"
                                RenderTableRow {TR} at (0,15) size 250x15 [bgcolor=#FFFFFF]
                                  RenderTableCell {TD} at (0,15) size 32x15 [r=1 c=0 rs=1 cs=1]
                                    RenderInline {FONT} at (0,0) size 26x11
                                      RenderText {#text} at (2,2) size 26x11
                                        text run at (2,2) width 26: "59-60"
                                  RenderTableCell {TD} at (31,15) size 72x15 [r=1 c=1 rs=1 cs=1]
                                    RenderInline {FONT} at (0,0) size 55x11
                                      RenderText {#text} at (2,2) size 55x11
                                        text run at (2,2) width 55: "Philadelphia"
                                  RenderTableCell {TD} at (102,15) size 28x15 [r=1 c=2 rs=1 cs=1]
                                    RenderInline {FONT} at (0,0) size 12x11
                                      RenderText {#text} at (14,2) size 12x11
                                        text run at (14,2) width 12: "72"
                                  RenderTableCell {TD} at (129,15) size 35x15 [r=1 c=3 rs=1 cs=1]
                                    RenderInline {FONT} at (0,0) size 23x11
                                      RenderText {#text} at (9,2) size 23x11
                                        text run at (9,2) width 23: "1941"
                                  RenderTableCell {TD} at (163,15) size 28x15 [r=1 c=4 rs=1 cs=1]
                                    RenderInline {FONT} at (0,0) size 20x11
                                      RenderText {#text} at (5,2) size 20x11
                                        text run at (5,2) width 20: "27.0"
                                  RenderTableCell {TD} at (190,15) size 34x15 [r=1 c=5 rs=1 cs=1]
                                    RenderInline {FONT} at (0,0) size 23x11
                                      RenderText {#text} at (9,2) size 23x11
                                        text run at (9,2) width 23: "2707"
                                  RenderTableCell {TD} at (223,15) size 28x15 [r=1 c=6 rs=1 cs=1]
                                    RenderInline {FONT} at (0,0) size 21x11
                                      RenderText {#text} at (4,2) size 21x11
                                        text run at (4,2) width 21: "37.6"
                                RenderTableRow {TR} at (0,30) size 250x15 [bgcolor=#FFFFFF]
                                  RenderTableCell {TD} at (0,30) size 32x15 [r=2 c=0 rs=1 cs=1]
                                    RenderInline {FONT} at (0,0) size 26x11
                                      RenderText {#text} at (2,2) size 26x11
                                        text run at (2,2) width 26: "60-61"
                                  RenderTableCell {TD} at (31,30) size 72x15 [r=2 c=1 rs=1 cs=1]
                                    RenderInline {FONT} at (0,0) size 55x11
                                      RenderText {#text} at (2,2) size 55x11
                                        text run at (2,2) width 55: "Philadelphia"
                                  RenderTableCell {TD} at (102,30) size 28x15 [r=2 c=2 rs=1 cs=1]
                                    RenderInline {FONT} at (0,0) size 12x11
                                      RenderText {#text} at (14,2) size 12x11
                                        text run at (14,2) width 12: "79"
                                  RenderTableCell {TD} at (129,30) size 35x15 [r=2 c=3 rs=1 cs=1]
                                    RenderInline {FONT} at (0,0) size 23x11
                                      RenderText {#text} at (9,2) size 23x11
                                        text run at (9,2) width 23: "2149"
                                  RenderTableCell {TD} at (163,30) size 28x15 [r=2 c=4 rs=1 cs=1]
                                    RenderInline {FONT} at (0,0) size 20x11
                                      RenderText {#text} at (5,2) size 20x11
                                        text run at (5,2) width 20: "27.2"
                                  RenderTableCell {TD} at (190,30) size 34x15 [r=2 c=5 rs=1 cs=1]
                                    RenderInline {FONT} at (0,0) size 23x11
                                      RenderText {#text} at (9,2) size 23x11
                                        text run at (9,2) width 23: "3033"
                                  RenderTableCell {TD} at (223,30) size 28x15 [r=2 c=6 rs=1 cs=1]
                                    RenderInline {FONT} at (0,0) size 21x11
                                      RenderText {#text} at (4,2) size 21x11
                                        text run at (4,2) width 21: "38.4"
                                RenderTableRow {TR} at (0,45) size 250x15 [bgcolor=#FFFFFF]
                                  RenderTableCell {TD} at (0,45) size 32x15 [r=3 c=0 rs=1 cs=1]
                                    RenderInline {FONT} at (0,0) size 26x11
                                      RenderText {#text} at (2,2) size 26x11
                                        text run at (2,2) width 26: "61-62"
                                  RenderTableCell {TD} at (31,45) size 72x15 [r=3 c=1 rs=1 cs=1]
                                    RenderInline {FONT} at (0,0) size 55x11
                                      RenderText {#text} at (2,2) size 55x11
                                        text run at (2,2) width 55: "Philadelphia"
                                  RenderTableCell {TD} at (102,45) size 28x15 [r=3 c=2 rs=1 cs=1]
                                    RenderInline {FONT} at (0,0) size 12x11
                                      RenderText {#text} at (14,2) size 12x11
                                        text run at (14,2) width 12: "80"
                                  RenderTableCell {TD} at (129,45) size 35x15 [r=3 c=3 rs=1 cs=1]
                                    RenderInline {FONT} at (0,0) size 23x11
                                      RenderText {#text} at (9,2) size 23x11
                                        text run at (9,2) width 23: "2052"
                                  RenderTableCell {TD} at (163,45) size 28x15 [r=3 c=4 rs=1 cs=1]
                                    RenderInline {FONT} at (0,0) size 20x11
                                      RenderText {#text} at (5,2) size 20x11
                                        text run at (5,2) width 20: "25.7"
                                  RenderTableCell {TD} at (190,45) size 34x15 [r=3 c=5 rs=1 cs=1]
                                    RenderInline {FONT} at (0,0) size 23x11
                                      RenderText {#text} at (9,2) size 23x11
                                        text run at (9,2) width 23: "4029"
                                  RenderTableCell {TD} at (223,45) size 28x15 [r=3 c=6 rs=1 cs=1]
                                    RenderInline {FONT} at (0,0) size 21x11
                                      RenderText {#text} at (4,2) size 21x11
                                        text run at (4,2) width 21: "50.4"
                                RenderTableRow {TR} at (0,60) size 250x15 [bgcolor=#FFFFFF]
                                  RenderTableCell {TD} at (0,60) size 32x15 [r=4 c=0 rs=1 cs=1]
                                    RenderInline {FONT} at (0,0) size 26x11
                                      RenderText {#text} at (2,2) size 26x11
                                        text run at (2,2) width 26: "62-63"
                                  RenderTableCell {TD} at (31,60) size 72x15 [r=4 c=1 rs=1 cs=1]
                                    RenderInline {FONT} at (0,0) size 64x11
                                      RenderText {#text} at (2,2) size 64x11
                                        text run at (2,2) width 64: "San Francisco"
                                  RenderTableCell {TD} at (102,60) size 28x15 [r=4 c=2 rs=1 cs=1]
                                    RenderInline {FONT} at (0,0) size 12x11
                                      RenderText {#text} at (14,2) size 12x11
                                        text run at (14,2) width 12: "80"
                                  RenderTableCell {TD} at (129,60) size 35x15 [r=4 c=3 rs=1 cs=1]
                                    RenderInline {FONT} at (0,0) size 23x11
                                      RenderText {#text} at (9,2) size 23x11
                                        text run at (9,2) width 23: "1946"
                                  RenderTableCell {TD} at (163,60) size 28x15 [r=4 c=4 rs=1 cs=1]
                                    RenderInline {FONT} at (0,0) size 20x11
                                      RenderText {#text} at (5,2) size 20x11
                                        text run at (5,2) width 20: "24.3"
                                  RenderTableCell {TD} at (190,60) size 34x15 [r=4 c=5 rs=1 cs=1]
                                    RenderInline {FONT} at (0,0) size 23x11
                                      RenderText {#text} at (9,2) size 23x11
                                        text run at (9,2) width 23: "3806"
                                  RenderTableCell {TD} at (223,60) size 28x15 [r=4 c=6 rs=1 cs=1]
                                    RenderInline {FONT} at (0,0) size 21x11
                                      RenderText {#text} at (4,2) size 21x11
                                        text run at (4,2) width 21: "44.8"
                                RenderTableRow {TR} at (0,75) size 250x15 [bgcolor=#FFFFFF]
                                  RenderTableCell {TD} at (0,75) size 32x15 [r=5 c=0 rs=1 cs=1]
                                    RenderInline {FONT} at (0,0) size 26x11
                                      RenderText {#text} at (2,2) size 26x11
                                        text run at (2,2) width 26: "63-64"
                                  RenderTableCell {TD} at (31,75) size 72x15 [r=5 c=1 rs=1 cs=1]
                                    RenderInline {FONT} at (0,0) size 64x11
                                      RenderText {#text} at (2,2) size 64x11
                                        text run at (2,2) width 64: "San Francisco"
                                  RenderTableCell {TD} at (102,75) size 28x15 [r=5 c=2 rs=1 cs=1]
                                    RenderInline {FONT} at (0,0) size 12x11
                                      RenderText {#text} at (14,2) size 12x11
                                        text run at (14,2) width 12: "80"
                                  RenderTableCell {TD} at (129,75) size 35x15 [r=5 c=3 rs=1 cs=1]
                                    RenderInline {FONT} at (0,0) size 23x11
                                      RenderText {#text} at (9,2) size 23x11
                                        text run at (9,2) width 23: "1787"
                                  RenderTableCell {TD} at (163,75) size 28x15 [r=5 c=4 rs=1 cs=1]
                                    RenderInline {FONT} at (0,0) size 20x11
                                      RenderText {#text} at (5,2) size 20x11
                                        text run at (5,2) width 20: "22.3"
                                  RenderTableCell {TD} at (190,75) size 34x15 [r=5 c=5 rs=1 cs=1]
                                    RenderInline {FONT} at (0,0) size 23x11
                                      RenderText {#text} at (9,2) size 23x11
                                        text run at (9,2) width 23: "2948"
                                  RenderTableCell {TD} at (223,75) size 28x15 [r=5 c=6 rs=1 cs=1]
                                    RenderInline {FONT} at (0,0) size 21x11
                                      RenderText {#text} at (4,2) size 21x11
                                        text run at (4,2) width 21: "36.9"
                                RenderTableRow {TR} at (0,90) size 250x15 [bgcolor=#FFFFFF]
                                  RenderTableCell {TD} at (0,90) size 32x15 [r=6 c=0 rs=1 cs=1]
                                    RenderInline {FONT} at (0,0) size 26x11
                                      RenderText {#text} at (2,2) size 26x11
                                        text run at (2,2) width 26: "64-65"
                                  RenderTableCell {TD} at (31,90) size 72x15 [r=6 c=1 rs=1 cs=1]
                                    RenderInline {FONT} at (0,0) size 43x11
                                      RenderText {#text} at (2,2) size 43x11
                                        text run at (2,2) width 43: "S.F.-Phila"
                                  RenderTableCell {TD} at (102,90) size 28x15 [r=6 c=2 rs=1 cs=1]
                                    RenderInline {FONT} at (0,0) size 12x11
                                      RenderText {#text} at (14,2) size 12x11
                                        text run at (14,2) width 12: "73"
                                  RenderTableCell {TD} at (129,90) size 35x15 [r=6 c=3 rs=1 cs=1]
                                    RenderInline {FONT} at (0,0) size 23x11
                                      RenderText {#text} at (9,2) size 23x11
                                        text run at (9,2) width 23: "1673"
                                  RenderTableCell {TD} at (163,90) size 28x15 [r=6 c=4 rs=1 cs=1]
                                    RenderInline {FONT} at (0,0) size 20x11
                                      RenderText {#text} at (5,2) size 20x11
                                        text run at (5,2) width 20: "22.9"
                                  RenderTableCell {TD} at (190,90) size 34x15 [r=6 c=5 rs=1 cs=1]
                                    RenderInline {FONT} at (0,0) size 23x11
                                      RenderText {#text} at (9,2) size 23x11
                                        text run at (9,2) width 23: "2534"
                                  RenderTableCell {TD} at (223,90) size 28x15 [r=6 c=6 rs=1 cs=1]
                                    RenderInline {FONT} at (0,0) size 21x11
                                      RenderText {#text} at (4,2) size 21x11
                                        text run at (4,2) width 21: "34.7"
                                RenderTableRow {TR} at (0,105) size 250x15 [bgcolor=#FFFFFF]
                                  RenderTableCell {TD} at (0,105) size 32x15 [r=7 c=0 rs=1 cs=1]
                                    RenderInline {FONT} at (0,0) size 26x11
                                      RenderText {#text} at (2,2) size 26x11
                                        text run at (2,2) width 26: "65-66"
                                  RenderTableCell {TD} at (31,105) size 72x15 [r=7 c=1 rs=1 cs=1]
                                    RenderInline {FONT} at (0,0) size 55x11
                                      RenderText {#text} at (2,2) size 55x11
                                        text run at (2,2) width 55: "Philadelphia"
                                  RenderTableCell {TD} at (102,105) size 28x15 [r=7 c=2 rs=1 cs=1]
                                    RenderInline {FONT} at (0,0) size 12x11
                                      RenderText {#text} at (14,2) size 12x11
                                        text run at (14,2) width 12: "79"
                                  RenderTableCell {TD} at (129,105) size 35x15 [r=7 c=3 rs=1 cs=1]
                                    RenderInline {FONT} at (0,0) size 23x11
                                      RenderText {#text} at (9,2) size 23x11
                                        text run at (9,2) width 23: "1943"
                                  RenderTableCell {TD} at (163,105) size 28x15 [r=7 c=4 rs=1 cs=1]
                                    RenderInline {FONT} at (0,0) size 20x11
                                      RenderText {#text} at (5,2) size 20x11
                                        text run at (5,2) width 20: "24.6"
                                  RenderTableCell {TD} at (190,105) size 34x15 [r=7 c=5 rs=1 cs=1]
                                    RenderInline {FONT} at (0,0) size 23x11
                                      RenderText {#text} at (9,2) size 23x11
                                        text run at (9,2) width 23: "2649"
                                  RenderTableCell {TD} at (223,105) size 28x15 [r=7 c=6 rs=1 cs=1]
                                    RenderInline {FONT} at (0,0) size 21x11
                                      RenderText {#text} at (4,2) size 21x11
                                        text run at (4,2) width 21: "33.5"
                                RenderTableRow {TR} at (0,120) size 250x15 [bgcolor=#FFFFFF]
                                  RenderTableCell {TD} at (0,120) size 32x15 [r=8 c=0 rs=1 cs=1]
                                    RenderInline {FONT} at (0,0) size 26x11
                                      RenderText {#text} at (2,2) size 26x11
                                        text run at (2,2) width 26: "66-67"
                                  RenderTableCell {TD} at (31,120) size 72x15 [r=8 c=1 rs=1 cs=1]
                                    RenderInline {FONT} at (0,0) size 55x11
                                      RenderText {#text} at (2,2) size 55x11
                                        text run at (2,2) width 55: "Philadelphia"
                                  RenderTableCell {TD} at (102,120) size 28x15 [r=8 c=2 rs=1 cs=1]
                                    RenderInline {FONT} at (0,0) size 12x11
                                      RenderText {#text} at (14,2) size 12x11
                                        text run at (14,2) width 12: "81"
                                  RenderTableCell {TD} at (129,120) size 35x15 [r=8 c=3 rs=1 cs=1]
                                    RenderInline {FONT} at (0,0) size 23x11
                                      RenderText {#text} at (9,2) size 23x11
                                        text run at (9,2) width 23: "1957"
                                  RenderTableCell {TD} at (163,120) size 28x15 [r=8 c=4 rs=1 cs=1]
                                    RenderInline {FONT} at (0,0) size 20x11
                                      RenderText {#text} at (5,2) size 20x11
                                        text run at (5,2) width 20: "24.2"
                                  RenderTableCell {TD} at (190,120) size 34x15 [r=8 c=5 rs=1 cs=1]
                                    RenderInline {FONT} at (0,0) size 23x11
                                      RenderText {#text} at (9,2) size 23x11
                                        text run at (9,2) width 23: "1956"
                                  RenderTableCell {TD} at (223,120) size 28x15 [r=8 c=6 rs=1 cs=1]
                                    RenderInline {FONT} at (0,0) size 21x11
                                      RenderText {#text} at (4,2) size 21x11
                                        text run at (4,2) width 21: "24.1"
                                RenderTableRow {TR} at (0,135) size 250x15 [bgcolor=#FFFFFF]
                                  RenderTableCell {TD} at (0,135) size 32x15 [r=9 c=0 rs=1 cs=1]
                                    RenderInline {FONT} at (0,0) size 26x11
                                      RenderText {#text} at (2,2) size 26x11
                                        text run at (2,2) width 26: "67-68"
                                  RenderTableCell {TD} at (31,135) size 72x15 [r=9 c=1 rs=1 cs=1]
                                    RenderInline {FONT} at (0,0) size 55x11
                                      RenderText {#text} at (2,2) size 55x11
                                        text run at (2,2) width 55: "Philadelphia"
                                  RenderTableCell {TD} at (102,135) size 28x15 [r=9 c=2 rs=1 cs=1]
                                    RenderInline {FONT} at (0,0) size 12x11
                                      RenderText {#text} at (14,2) size 12x11
                                        text run at (14,2) width 12: "82"
                                  RenderTableCell {TD} at (129,135) size 35x15 [r=9 c=3 rs=1 cs=1]
                                    RenderInline {FONT} at (0,0) size 23x11
                                      RenderText {#text} at (9,2) size 23x11
                                        text run at (9,2) width 23: "1952"
                                  RenderTableCell {TD} at (163,135) size 28x15 [r=9 c=4 rs=1 cs=1]
                                    RenderInline {FONT} at (0,0) size 20x11
                                      RenderText {#text} at (5,2) size 20x11
                                        text run at (5,2) width 20: "23.8"
                                  RenderTableCell {TD} at (190,135) size 34x15 [r=9 c=5 rs=1 cs=1]
                                    RenderInline {FONT} at (0,0) size 23x11
                                      RenderText {#text} at (9,2) size 23x11
                                        text run at (9,2) width 23: "1992"
                                  RenderTableCell {TD} at (223,135) size 28x15 [r=9 c=6 rs=1 cs=1]
                                    RenderInline {FONT} at (0,0) size 21x11
                                      RenderText {#text} at (4,2) size 21x11
                                        text run at (4,2) width 21: "24.3"
                                RenderTableRow {TR} at (0,150) size 250x15 [bgcolor=#FFFFFF]
                                  RenderTableCell {TD} at (0,150) size 32x15 [r=10 c=0 rs=1 cs=1]
                                    RenderInline {FONT} at (0,0) size 26x11
                                      RenderText {#text} at (2,2) size 26x11
                                        text run at (2,2) width 26: "68-69"
                                  RenderTableCell {TD} at (31,150) size 72x15 [r=10 c=1 rs=1 cs=1]
                                    RenderInline {FONT} at (0,0) size 51x11
                                      RenderText {#text} at (2,2) size 51x11
                                        text run at (2,2) width 51: "L.A. Lakers"
                                  RenderTableCell {TD} at (102,150) size 28x15 [r=10 c=2 rs=1 cs=1]
                                    RenderInline {FONT} at (0,0) size 12x11
                                      RenderText {#text} at (14,2) size 12x11
                                        text run at (14,2) width 12: "81"
                                  RenderTableCell {TD} at (129,150) size 35x15 [r=10 c=3 rs=1 cs=1]
                                    RenderInline {FONT} at (0,0) size 23x11
                                      RenderText {#text} at (9,2) size 23x11
                                        text run at (9,2) width 23: "1712"
                                  RenderTableCell {TD} at (163,150) size 28x15 [r=10 c=4 rs=1 cs=1]
                                    RenderInline {FONT} at (0,0) size 20x11
                                      RenderText {#text} at (5,2) size 20x11
                                        text run at (5,2) width 20: "21.1"
                                  RenderTableCell {TD} at (190,150) size 34x15 [r=10 c=5 rs=1 cs=1]
                                    RenderInline {FONT} at (0,0) size 23x11
                                      RenderText {#text} at (9,2) size 23x11
                                        text run at (9,2) width 23: "1664"
                                  RenderTableCell {TD} at (223,150) size 28x15 [r=10 c=6 rs=1 cs=1]
                                    RenderInline {FONT} at (0,0) size 21x11
                                      RenderText {#text} at (4,2) size 21x11
                                        text run at (4,2) width 21: "20.5"
                                RenderTableRow {TR} at (0,165) size 250x15 [bgcolor=#FFFFFF]
                                  RenderTableCell {TD} at (0,165) size 32x15 [r=11 c=0 rs=1 cs=1]
                                    RenderInline {FONT} at (0,0) size 26x11
                                      RenderText {#text} at (2,2) size 26x11
                                        text run at (2,2) width 26: "69-70"
                                  RenderTableCell {TD} at (31,165) size 72x15 [r=11 c=1 rs=1 cs=1]
                                    RenderInline {FONT} at (0,0) size 51x11
                                      RenderText {#text} at (2,2) size 51x11
                                        text run at (2,2) width 51: "L.A. Lakers"
                                  RenderTableCell {TD} at (102,165) size 28x15 [r=11 c=2 rs=1 cs=1]
                                    RenderInline {FONT} at (0,0) size 12x11
                                      RenderText {#text} at (14,2) size 12x11
                                        text run at (14,2) width 12: "12"
                                  RenderTableCell {TD} at (129,165) size 35x15 [r=11 c=3 rs=1 cs=1]
                                    RenderInline {FONT} at (0,0) size 18x11
                                      RenderText {#text} at (14,2) size 18x11
                                        text run at (14,2) width 18: "221"
                                  RenderTableCell {TD} at (163,165) size 28x15 [r=11 c=4 rs=1 cs=1]
                                    RenderInline {FONT} at (0,0) size 20x11
                                      RenderText {#text} at (5,2) size 20x11
                                        text run at (5,2) width 20: "18.4"
                                  RenderTableCell {TD} at (190,165) size 34x15 [r=11 c=5 rs=1 cs=1]
                                    RenderInline {FONT} at (0,0) size 18x11
                                      RenderText {#text} at (14,2) size 18x11
                                        text run at (14,2) width 18: "328"
                                  RenderTableCell {TD} at (223,165) size 28x15 [r=11 c=6 rs=1 cs=1]
                                    RenderInline {FONT} at (0,0) size 21x11
                                      RenderText {#text} at (4,2) size 21x11
                                        text run at (4,2) width 21: "27.3"
                                RenderTableRow {TR} at (0,180) size 250x15 [bgcolor=#FFFFFF]
                                  RenderTableCell {TD} at (0,180) size 32x15 [r=12 c=0 rs=1 cs=1]
                                    RenderInline {FONT} at (0,0) size 26x11
                                      RenderText {#text} at (2,2) size 26x11
                                        text run at (2,2) width 26: "70-71"
                                  RenderTableCell {TD} at (31,180) size 72x15 [r=12 c=1 rs=1 cs=1]
                                    RenderInline {FONT} at (0,0) size 51x11
                                      RenderText {#text} at (2,2) size 51x11
                                        text run at (2,2) width 51: "L.A. Lakers"
                                  RenderTableCell {TD} at (102,180) size 28x15 [r=12 c=2 rs=1 cs=1]
                                    RenderInline {FONT} at (0,0) size 12x11
                                      RenderText {#text} at (14,2) size 12x11
                                        text run at (14,2) width 12: "82"
                                  RenderTableCell {TD} at (129,180) size 35x15 [r=12 c=3 rs=1 cs=1]
                                    RenderInline {FONT} at (0,0) size 23x11
                                      RenderText {#text} at (9,2) size 23x11
                                        text run at (9,2) width 23: "1493"
                                  RenderTableCell {TD} at (163,180) size 28x15 [r=12 c=4 rs=1 cs=1]
                                    RenderInline {FONT} at (0,0) size 20x11
                                      RenderText {#text} at (5,2) size 20x11
                                        text run at (5,2) width 20: "18.2"
                                  RenderTableCell {TD} at (190,180) size 34x15 [r=12 c=5 rs=1 cs=1]
                                    RenderInline {FONT} at (0,0) size 23x11
                                      RenderText {#text} at (9,2) size 23x11
                                        text run at (9,2) width 23: "1696"
                                  RenderTableCell {TD} at (223,180) size 28x15 [r=12 c=6 rs=1 cs=1]
                                    RenderInline {FONT} at (0,0) size 21x11
                                      RenderText {#text} at (4,2) size 21x11
                                        text run at (4,2) width 21: "20.7"
                                RenderTableRow {TR} at (0,195) size 250x15 [bgcolor=#FFFFFF]
                                  RenderTableCell {TD} at (0,195) size 32x15 [r=13 c=0 rs=1 cs=1]
                                    RenderInline {FONT} at (0,0) size 26x11
                                      RenderText {#text} at (2,2) size 26x11
                                        text run at (2,2) width 26: "71-72"
                                  RenderTableCell {TD} at (31,195) size 72x15 [r=13 c=1 rs=1 cs=1]
                                    RenderInline {FONT} at (0,0) size 51x11
                                      RenderText {#text} at (2,2) size 51x11
                                        text run at (2,2) width 51: "L.A. Lakers"
                                  RenderTableCell {TD} at (102,195) size 28x15 [r=13 c=2 rs=1 cs=1]
                                    RenderInline {FONT} at (0,0) size 12x11
                                      RenderText {#text} at (14,2) size 12x11
                                        text run at (14,2) width 12: "82"
                                  RenderTableCell {TD} at (129,195) size 35x15 [r=13 c=3 rs=1 cs=1]
                                    RenderInline {FONT} at (0,0) size 23x11
                                      RenderText {#text} at (9,2) size 23x11
                                        text run at (9,2) width 23: "1572"
                                  RenderTableCell {TD} at (163,195) size 28x15 [r=13 c=4 rs=1 cs=1]
                                    RenderInline {FONT} at (0,0) size 20x11
                                      RenderText {#text} at (5,2) size 20x11
                                        text run at (5,2) width 20: "19.2"
                                  RenderTableCell {TD} at (190,195) size 34x15 [r=13 c=5 rs=1 cs=1]
                                    RenderInline {FONT} at (0,0) size 23x11
                                      RenderText {#text} at (9,2) size 23x11
                                        text run at (9,2) width 23: "1213"
                                  RenderTableCell {TD} at (223,195) size 28x15 [r=13 c=6 rs=1 cs=1]
                                    RenderInline {FONT} at (0,0) size 21x11
                                      RenderText {#text} at (4,2) size 21x11
                                        text run at (4,2) width 21: "14.8"
                                RenderTableRow {TR} at (0,210) size 250x15 [bgcolor=#FFFFFF]
                                  RenderTableCell {TD} at (0,210) size 32x15 [r=14 c=0 rs=1 cs=1]
                                    RenderInline {FONT} at (0,0) size 26x11
                                      RenderText {#text} at (2,2) size 26x11
                                        text run at (2,2) width 26: "72-73"
                                  RenderTableCell {TD} at (31,210) size 72x15 [r=14 c=1 rs=1 cs=1]
                                    RenderInline {FONT} at (0,0) size 51x11
                                      RenderText {#text} at (2,2) size 51x11
                                        text run at (2,2) width 51: "L.A. Lakers"
                                  RenderTableCell {TD} at (102,210) size 28x15 [r=14 c=2 rs=1 cs=1]
                                    RenderInline {FONT} at (0,0) size 12x11
                                      RenderText {#text} at (14,2) size 12x11
                                        text run at (14,2) width 12: "82"
                                  RenderTableCell {TD} at (129,210) size 35x15 [r=14 c=3 rs=1 cs=1]
                                    RenderInline {FONT} at (0,0) size 23x11
                                      RenderText {#text} at (9,2) size 23x11
                                        text run at (9,2) width 23: "1526"
                                  RenderTableCell {TD} at (163,210) size 28x15 [r=14 c=4 rs=1 cs=1]
                                    RenderInline {FONT} at (0,0) size 20x11
                                      RenderText {#text} at (5,2) size 20x11
                                        text run at (5,2) width 20: "18.6"
                                  RenderTableCell {TD} at (190,210) size 34x15 [r=14 c=5 rs=1 cs=1]
                                    RenderInline {FONT} at (0,0) size 23x11
                                      RenderText {#text} at (9,2) size 23x11
                                        text run at (9,2) width 23: "1084"
                                  RenderTableCell {TD} at (223,210) size 28x15 [r=14 c=6 rs=1 cs=1]
                                    RenderInline {FONT} at (0,0) size 21x11
                                      RenderText {#text} at (4,2) size 21x11
                                        text run at (4,2) width 21: "13.2"
                                RenderTableRow {TR} at (0,225) size 250x15 [bgcolor=#FFFFFF]
                                  RenderTableCell {TD} at (0,225) size 103x15 [r=15 c=0 rs=1 cs=2]
                                    RenderInline {FONT} at (0,0) size 27x11
                                      RenderText {#text} at (2,2) size 27x11
                                        text run at (2,2) width 27: "Totals"
                                  RenderTableCell {TD} at (102,225) size 28x15 [r=15 c=2 rs=1 cs=1]
                                    RenderInline {FONT} at (0,0) size 23x11
                                      RenderText {#text} at (3,2) size 23x11
                                        text run at (3,2) width 23: "1045"
                                  RenderTableCell {TD} at (129,225) size 35x15 [r=15 c=3 rs=1 cs=1]
                                    RenderInline {FONT} at (0,0) size 29x11
                                      RenderText {#text} at (3,2) size 29x11
                                        text run at (3,2) width 29: "23924"
                                  RenderTableCell {TD} at (163,225) size 28x15 [r=15 c=4 rs=1 cs=1]
                                    RenderInline {FONT} at (0,0) size 20x11
                                      RenderText {#text} at (5,2) size 20x11
                                        text run at (5,2) width 20: "22.9"
                                  RenderTableCell {TD} at (190,225) size 34x15 [r=15 c=5 rs=1 cs=1]
                                    RenderInline {FONT} at (0,0) size 29x11
                                      RenderText {#text} at (3,2) size 29x11
                                        text run at (3,2) width 29: "31419"
                                  RenderTableCell {TD} at (223,225) size 28x15 [r=15 c=6 rs=1 cs=1]
                                    RenderInline {FONT} at (0,0) size 21x11
                                      RenderText {#text} at (4,2) size 21x11
                                        text run at (4,2) width 21: "30.1"
                    RenderText {#text} at (0,0) size 179x215
                      text run at (0,0) width 167: "Known as ``Wilt the Stilt''"
                      text run at (0,18) width 171: "and ``The Big Dipper,'' the"
                      text run at (0,36) width 140: "7-foot-1 Chamberlain"
                      text run at (0,54) width 164: "dominated the NBA from"
                      text run at (0,72) width 165: "1959 through 1973, when"
                      text run at (0,90) width 108: "he played for the"
                      text run at (0,108) width 170: "Philadelphia (later the San"
                      text run at (0,126) width 155: "Francisco) Warriors, the"
                      text run at (0,144) width 160: "76ers and the Lakers. He"
                      text run at (0,162) width 179: "scored 31,419 points during"
                      text run at (0,180) width 165: "his career, averaging 30.1"
                      text run at (0,198) width 131: "points for his career."
                  RenderBlock {P} at (0,232) size 440x54
                    RenderText {#text} at (0,0) size 158x53
                      text run at (0,0) width 158: "He also led the league in"
                      text run at (0,18) width 149: "career rebounding with"
                      text run at (0,36) width 48: "23,924."
                  RenderBlock {P} at (0,302) size 440x72
                    RenderText {#text} at (0,0) size 440x71
                      text run at (0,0) width 406: "One of only two men named MVP and rookie of the year in the"
                      text run at (0,18) width 439: "same season (1959), he was also MVP in 1966 through 1968. He led"
                      text run at (0,36) width 440: "the NBA in scoring seven straight seasons, 1960 to 1966, and led the"
                      text run at (0,54) width 272: "league in rebounding 11 of his 14 seasons."
                  RenderBlock {P} at (0,390) size 440x54
                    RenderText {#text} at (0,0) size 439x53
                      text run at (0,0) width 406: "One of his most famous records is the 100 points he scored in a"
                      text run at (0,18) width 439: "single game in the Philadelphia Warriors' 169-147 defeat of the New"
                      text run at (0,36) width 304: "York Knicks on March 2, 1962, in Hershey, Pa."
layer at (276,297) size 250x1 clip at (0,0) size 0x0
  RenderBlock {HR} at (2,250) size 250x1 [border: (1px inset #000000) none (1px inset #000000)]
