layer at (0,0) size 800x600
  RenderView at (0,0) size 800x600
layer at (0,0) size 800x271
  RenderBlock {HTML} at (0,0) size 800x271
    RenderBody {BODY} at (88,25) size 648x221 [bgcolor=#FFFFF5]
      RenderTable {TABLE} at (0,0) size 313x83
        RenderTableSection {TBODY} at (0,0) size 313x83
          RenderTableRow {TR} at (0,2) size 313x21
            RenderTableCell {TH} at (2,2) size 145x21 [color=#CC0000] [r=0 c=0 rs=1 cs=1]
              RenderText {#text} at (0,3) size 28x15
                text run at (0,3) width 28: "17.6 "
              RenderInline {A} at (0,0) size 118x15 [color=#3333FF]
                RenderText {#text} at (27,3) size 118x15
                  text run at (27,3) width 118: "Table Border Test 2"
            RenderTableCell {TD} at (148,2) size 21x21 [color=#FFFF00] [bgcolor=#CC0000] [r=0 c=1 rs=1 cs=1]
              RenderText {#text} at (0,0) size 12x20
                text run at (0,0) width 12: "B"
            RenderTableCell {TD} at (170,2) size 13x21 [color=#FFFFFF] [bgcolor=#000099] [r=0 c=2 rs=1 cs=1]
              RenderText {#text} at (0,0) size 13x20
                text run at (0,0) width 13: "N"
            RenderTableCell {TD} at (184,2) size 21x21 [color=#FFFFFF] [bgcolor=#000099] [r=0 c=3 rs=1 cs=1]
              RenderText {#text} at (0,0) size 13x20
                text run at (0,0) width 13: "N"
            RenderTableCell {TD} at (206,2) size 21x21 [color=#FFFFFF] [bgcolor=#000099] [r=0 c=4 rs=1 cs=1]
              RenderText {#text} at (0,0) size 13x20
                text run at (0,0) width 13: "N"
            RenderTableCell {TD} at (228,2) size 20x21 [color=#FFFFFF] [bgcolor=#000099] [r=0 c=5 rs=1 cs=1]
              RenderText {#text} at (0,0) size 13x20
                text run at (0,0) width 13: "N"
            RenderTableCell {TD} at (249,2) size 14x21 [bgcolor=#CCCCCC] [r=0 c=6 rs=1 cs=1]
              RenderText {#text} at (0,0) size 13x20
                text run at (0,0) width 13: "U"
            RenderTableCell {TD} at (264,2) size 47x21 [r=0 c=7 rs=1 cs=1]
              RenderText {#text} at (0,0) size 46x20
                text run at (0,0) width 46: "CSS2"
          RenderTableRow {TR} at (0,25) size 313x33
            RenderTableCell {TH} at (2,25) size 145x33 [color=#CC0000] [border: (12px solid #FFFFF5) none] [r=1 c=0 rs=1 cs=1]
              RenderText {#text} at (74,15) size 71x15
                text run at (74,15) width 71: "Tests Y (+1)"
            RenderTableCell {TD} at (148,25) size 21x33 [color=#FFFFFF] [bgcolor=#009900] [border: (12px solid #FFFFF5) none] [r=1 c=1 rs=1 cs=1]
              RenderText {#text} at (0,12) size 20x20
                text run at (0,12) width 20: "31"
            RenderTableCell {TD} at (170,25) size 13x33 [color=#FFFFFF] [bgcolor=#009900] [border: (12px solid #FFFFF5) none] [r=1 c=2 rs=1 cs=1]
              RenderText {#text} at (0,12) size 5x20
                text run at (0,12) width 5: " "
            RenderTableCell {TD} at (184,25) size 21x33 [color=#FFFFFF] [bgcolor=#009900] [border: (12px solid #FFFFF5) none] [r=1 c=3 rs=1 cs=1]
              RenderText {#text} at (0,12) size 20x20
                text run at (0,12) width 20: "16"
            RenderTableCell {TD} at (206,25) size 21x33 [color=#FFFFFF] [bgcolor=#009900] [border: (12px solid #FFFFF5) none] [r=1 c=4 rs=1 cs=1]
              RenderText {#text} at (0,12) size 20x20
                text run at (0,12) width 20: "16"
            RenderTableCell {TD} at (228,25) size 20x33 [color=#FFFFFF] [bgcolor=#009900] [border: (12px solid #FFFFF5) none] [r=1 c=5 rs=1 cs=1]
              RenderText {#text} at (0,12) size 10x20
                text run at (0,12) width 10: "2"
            RenderTableCell {TD} at (249,25) size 14x33 [color=#FFFFFF] [bgcolor=#009900] [border: (12px solid #FFFFF5) none] [r=1 c=6 rs=1 cs=1]
              RenderText {#text} at (0,12) size 13x20
                text run at (0,12) width 13: "U"
            RenderTableCell {TD} at (264,35) size 47x13 [border: (12px solid #FFFFF5) none] [r=1 c=7 rs=1 cs=1]
          RenderTableRow {TR} at (0,60) size 313x21
            RenderTableCell {TH} at (2,60) size 145x21 [color=#CC0000] [r=2 c=0 rs=1 cs=1]
              RenderText {#text} at (81,3) size 64x15
                text run at (81,3) width 64: "Tests N (0)"
            RenderTableCell {TD} at (148,60) size 21x21 [color=#FFFFFF] [bgcolor=#000099] [r=2 c=1 rs=1 cs=1]
              RenderText {#text} at (0,0) size 10x20
                text run at (0,0) width 10: "4"
            RenderTableCell {TD} at (170,60) size 13x21 [color=#FFFFFF] [bgcolor=#000099] [r=2 c=2 rs=1 cs=1]
              RenderText {#text} at (0,0) size 5x20
                text run at (0,0) width 5: " "
            RenderTableCell {TD} at (184,60) size 21x21 [color=#FFFFFF] [bgcolor=#000099] [r=2 c=3 rs=1 cs=1]
              RenderText {#text} at (0,0) size 20x20
                text run at (0,0) width 20: "21"
            RenderTableCell {TD} at (206,60) size 21x21 [color=#FFFFFF] [bgcolor=#000099] [r=2 c=4 rs=1 cs=1]
              RenderText {#text} at (0,0) size 20x20
                text run at (0,0) width 20: "14"
            RenderTableCell {TD} at (228,60) size 20x21 [color=#FFFFFF] [bgcolor=#000099] [r=2 c=5 rs=1 cs=1]
              RenderText {#text} at (0,0) size 20x20
                text run at (0,0) width 20: "18"
            RenderTableCell {TD} at (249,60) size 14x21 [color=#FFFFFF] [bgcolor=#000099] [r=2 c=6 rs=1 cs=1]
              RenderText {#text} at (0,0) size 13x20
                text run at (0,0) width 13: "U"
            RenderTableCell {TD} at (264,70) size 47x0 [r=2 c=7 rs=1 cs=1]
      RenderBlock {P} at (0,108) size 648x38
        RenderInline {A} at (0,0) size 88x20 [color=#3333FF] [bgcolor=#FFFFF5]
          RenderImage {IMG} at (0,0) size 88x31
      RenderBlock {P} at (0,158) size 648x25
        RenderText {#text} at (0,2) size 70x20
          text run at (0,2) width 70: "(Back to "
        RenderInline {A} at (0,0) size 204x20 [color=#3333FF] [bgcolor=#FFFFF5]
          RenderText {#text} at (69,2) size 204x20
            text run at (69,2) width 204: "CSS Testing Information"
        RenderText {#text} at (272,2) size 11x20
          text run at (272,2) width 11: ", "
        RenderInline {A} at (0,0) size 105x20 [color=#3333FF] [bgcolor=#FFFFF5]
          RenderText {#text} at (282,2) size 105x20
            text run at (282,2) width 105: "David Baron"
        RenderText {#text} at (386,2) size 7x20
          text run at (386,2) width 7: ")"
      RenderBlock {P} at (0,195) size 648x25
        RenderInline {A} at (0,0) size 37x20 [color=#3333FF] [bgcolor=#FFFFF5]
          RenderText {#text} at (0,2) size 37x20
            text run at (0,2) width 37: "LDB"
        RenderText {#text} at (36,2) size 10x20
          text run at (36,2) width 10: ", "
        RenderInline {A} at (0,0) size 209x20 [color=#3333FF] [bgcolor=#FFFFF5]
          RenderText {#text} at (45,2) size 209x20
            text run at (45,2) width 209: "dbaron@fas.harvard.edu"
layer at (88,120) size 648x1
  RenderBlock {HR} at (0,95) size 648x1
