layer at (0,0) size 800x600
  RenderView at (0,0) size 800x600
layer at (0,0) size 800x600
  RenderBlock {HTML} at (0,0) size 800x600
    RenderBody {BODY} at (0,0) size 800x600
      RenderTable {TABLE} at (0,0) size 113x36 [bgcolor=#0000FF]
        RenderTableSection {TBODY} at (0,0) size 113x36
          RenderTableRow {TR} at (0,0) size 113x36
            RenderTableCell {TD} at (0,0) size 113x36 [r=0 c=0 rs=1 cs=1]
              RenderText {#text} at (0,0) size 65x17
                text run at (0,0) width 65: "Left Table"
              RenderBR {BR} at (64,0) size 1x17
              RenderText {#text} at (0,18) size 113x17
                text run at (0,18) width 113: "ALIGN=\"LEFT\""
              RenderBR {BR} at (113,18) size 0x17
      RenderTable {TABLE} at (113,0) size 113x36 [bgcolor=#0000FF]
        RenderTableSection {TBODY} at (0,0) size 113x36
          RenderTableRow {TR} at (0,0) size 113x36
            RenderTableCell {TD} at (0,0) size 113x36 [r=0 c=0 rs=1 cs=1]
              RenderText {#text} at (0,0) size 81x17
                text run at (0,0) width 81: "Center Table"
              RenderBR {BR} at (80,0) size 1x17
              RenderText {#text} at (0,18) size 113x17
                text run at (0,18) width 113: "ALIGN=\"LEFT\""
              RenderBR {BR} at (113,18) size 0x17
      RenderTable {TABLE} at (226,0) size 113x36 [bgcolor=#0000FF]
        RenderTableSection {TBODY} at (0,0) size 113x36
          RenderTableRow {TR} at (0,0) size 113x36
            RenderTableCell {TD} at (0,0) size 113x36 [r=0 c=0 rs=1 cs=1]
              RenderText {#text} at (0,0) size 74x17
                text run at (0,0) width 74: "Right Table"
              RenderBR {BR} at (73,0) size 1x17
              RenderText {#text} at (0,18) size 113x17
                text run at (0,18) width 113: "ALIGN=\"LEFT\""
              RenderBR {BR} at (113,18) size 0x17
      RenderBR {BR} at (339,0) size 0x17
      RenderBR {BR} at (0,36) size 0x17
      RenderText {#text} at (0,54) size 487x17
        text run at (0,54) width 487: "The three tables above should abut each other. (in NN3/4 and IE4/5 they do)."
