layer at (0,0) size 800x600
  RenderView at (0,0) size 800x600
layer at (0,0) size 800x600
  RenderBlock {HTML} at (0,0) size 800x600
    RenderBody {BODY} at (8,8) size 784x584 [bgcolor=#999999]
      RenderTable {TABLE} at (0,0) size 130x15
        RenderTableSection {TBODY} at (0,0) size 130x15
          RenderTableRow {TR} at (0,0) size 130x15
            RenderTableCell {TD} at (0,0) size 15x15 [bgcolor=#FFCC00] [r=0 c=0 rs=1 cs=1]
              RenderImage {IMG} at (0,0) size 15x15
            RenderTableCell {TD} at (15,2) size 100x11 [bgcolor=#FFCC00] [r=0 c=1 rs=1 cs=1]
              RenderInline {B} at (0,0) size 48x17
                RenderInline {FONT} at (0,0) size 48x11
                  RenderText {#text} at (26,0) size 48x11
                    text run at (26,0) width 48: "Downloads"
            RenderTableCell {TD} at (115,0) size 15x15 [bgcolor=#FFCC00] [r=0 c=2 rs=1 cs=1]
              RenderImage {IMG} at (0,0) size 15x15
