layer at (0,0) size 800x600
  RenderView at (0,0) size 800x600
layer at (0,0) size 800x600
  RenderBlock {HTML} at (0,0) size 800x600
    RenderBody {BODY} at (8,8) size 784x584
      RenderBlock (anonymous) at (0,0) size 784x18
        RenderText {#text} at (0,0) size 10x17
          text run at (0,0) width 10: ">"
      RenderTable {TABLE} at (0,18) size 0x0
        RenderBlock {CAPTION} at (0,0) size 0x0
