layer at (0,0) size 785x942
  RenderView at (0,0) size 785x600
layer at (0,0) size 785x942
  RenderBlock {HTML} at (0,0) size 785x943
    RenderBody {BODY} at (8,21) size 769x906
      RenderBlock {H1} at (0,0) size 769x37
        RenderText {#text} at (0,0) size 344x36
          text run at (0,0) width 344: "Anonymous table objects"
      RenderBlock {P} at (0,58) size 769x19
        RenderText {#text} at (0,0) size 51x17
          text run at (0,0) width 51: "See the "
        RenderInline {A} at (0,0) size 160x17 [color=#0000EE]
          RenderText {#text} at (50,0) size 160x17
            text run at (50,0) width 57: "relevant "
            text run at (106,0) width 104: "section of CSS2"
        RenderText {#text} at (209,0) size 129x17
          text run at (209,0) width 129: " for an explanation. "
        RenderInline {STRONG} at (0,0) size 278x17
          RenderText {#text} at (337,0) size 278x17
            text run at (337,0) width 124: "This test does not "
            text run at (460,0) width 155: "test inline-tables at all."
        RenderText {#text} at (0,0) size 0x0
      RenderBlock {H2} at (0,96) size 769x28
        RenderText {#text} at (0,0) size 66x26
          text run at (0,0) width 66: "Rule 1"
      RenderTable {DIV} at (0,143) size 145x19 [bgcolor=#00FFFF]
        RenderTableSection (anonymous) at (0,0) size 145x18
          RenderTableRow (anonymous) at (0,0) size 145x18
            RenderTableCell (anonymous) at (0,0) size 145x18 [r=0 c=0 rs=1 cs=1]
              RenderText {#text} at (0,0) size 145x17
                text run at (0,0) width 145: "Table 1, Cell 1, Row 1"
      RenderBlock {H2} at (0,181) size 769x28
        RenderText {#text} at (0,0) size 66x26
          text run at (0,0) width 66: "Rule 2"
      RenderBlock {DIV} at (0,228) size 769x19
        RenderTable at (0,0) size 577x18
          RenderTableSection (anonymous) at (0,0) size 577x18
            RenderTableRow (anonymous) at (0,0) size 577x18
              RenderTableCell {SPAN} at (0,0) size 145x18 [bgcolor=#00FFFF] [r=0 c=0 rs=1 cs=1]
                RenderText {#text} at (0,0) size 145x17
                  text run at (0,0) width 145: "Table 1, Row 1, Cell 1"
              RenderTableCell {SPAN} at (144,0) size 145x18 [bgcolor=#00FFFF] [r=0 c=1 rs=1 cs=1]
                RenderText {#text} at (0,0) size 145x17
                  text run at (0,0) width 145: "Table 1, Row 1, Cell 2"
              RenderTableCell {SPAN} at (288,0) size 145x18 [bgcolor=#00FFFF] [r=0 c=2 rs=1 cs=1]
                RenderText {#text} at (0,0) size 145x17
                  text run at (0,0) width 145: "Table 1, Row 1, Cell 3"
              RenderTableCell {SPAN} at (432,0) size 145x18 [bgcolor=#00FFFF] [r=0 c=3 rs=1 cs=1]
                RenderText {#text} at (0,0) size 145x17
                  text run at (0,0) width 145: "Table 1, Row 1, Cell 4"
      RenderBlock {DIV} at (0,262) size 769x55
        RenderTable at (0,0) size 577x54
          RenderTableSection (anonymous) at (0,0) size 577x54
            RenderTableRow (anonymous) at (0,0) size 577x18
              RenderTableCell {SPAN} at (0,0) size 145x18 [bgcolor=#00FFFF] [r=0 c=0 rs=1 cs=1]
                RenderText {#text} at (0,0) size 145x17
                  text run at (0,0) width 145: "Table 2, Row 1, Cell 1"
              RenderTableCell {SPAN} at (144,0) size 145x18 [bgcolor=#00FFFF] [r=0 c=1 rs=1 cs=1]
                RenderText {#text} at (0,0) size 145x17
                  text run at (0,0) width 145: "Table 2, Row 1, Cell 2"
              RenderTableCell {SPAN} at (288,0) size 145x18 [bgcolor=#00FFFF] [r=0 c=2 rs=1 cs=1]
                RenderText {#text} at (0,0) size 145x17
                  text run at (0,0) width 145: "Table 2, Row 1, Cell 3"
              RenderTableCell {SPAN} at (432,0) size 145x18 [bgcolor=#00FFFF] [r=0 c=3 rs=1 cs=1]
                RenderText {#text} at (0,0) size 145x17
                  text run at (0,0) width 145: "Table 2, Row 1, Cell 4"
            RenderTableRow {SPAN} at (0,18) size 577x18 [bgcolor=#00FFFF]
              RenderTableCell {SPAN} at (0,18) size 145x18 [r=1 c=0 rs=1 cs=1]
                RenderText {#text} at (0,0) size 145x17
                  text run at (0,0) width 145: "Table 2, Row 2, Cell 1"
              RenderTableCell {SPAN} at (144,18) size 145x18 [r=1 c=1 rs=1 cs=1]
                RenderText {#text} at (0,0) size 145x17
                  text run at (0,0) width 145: "Table 2, Row 2, Cell 2"
              RenderTableCell {SPAN} at (288,18) size 145x18 [r=1 c=2 rs=1 cs=1]
                RenderText {#text} at (0,0) size 145x17
                  text run at (0,0) width 145: "Table 2, Row 2, Cell 3"
              RenderTableCell {SPAN} at (432,18) size 145x18 [r=1 c=3 rs=1 cs=1]
                RenderText {#text} at (0,0) size 145x17
                  text run at (0,0) width 145: "Table 2, Row 2, Cell 4"
            RenderTableRow (anonymous) at (0,36) size 577x18
              RenderTableCell {SPAN} at (0,36) size 145x18 [bgcolor=#00FFFF] [r=2 c=0 rs=1 cs=1]
                RenderText {#text} at (0,0) size 145x17
                  text run at (0,0) width 145: "Table 2, Row 3, Cell 1"
              RenderTableCell {SPAN} at (144,36) size 145x18 [bgcolor=#00FFFF] [r=2 c=1 rs=1 cs=1]
                RenderText {#text} at (0,0) size 145x17
                  text run at (0,0) width 145: "Table 2, Row 3, Cell 2"
              RenderTableCell {SPAN} at (288,36) size 145x18 [bgcolor=#00FFFF] [r=2 c=2 rs=1 cs=1]
                RenderText {#text} at (0,0) size 145x17
                  text run at (0,0) width 145: "Table 2, Row 3, Cell 3"
              RenderTableCell {SPAN} at (432,36) size 145x18 [bgcolor=#00FFFF] [r=2 c=3 rs=1 cs=1]
                RenderText {#text} at (0,0) size 145x17
                  text run at (0,0) width 145: "Table 2, Row 3, Cell 4"
      RenderBlock {H2} at (0,335) size 769x28
        RenderText {#text} at (0,0) size 139x26
          text run at (0,0) width 139: "Rules 3 and 4"
      RenderBlock {P} at (0,382) size 769x19
        RenderText {#text} at (0,0) size 508x17
          text run at (0,0) width 433: "This section does not test the behavior of columns, column groups, "
          text run at (432,0) width 76: "or captions."
      RenderBlock {DIV} at (0,416) size 769x55
        RenderTable at (0,0) size 577x54
          RenderTableSection (anonymous) at (0,0) size 577x54
            RenderTableRow {SPAN} at (0,0) size 577x18 [bgcolor=#00FFFF]
              RenderTableCell {SPAN} at (0,0) size 145x18 [r=0 c=0 rs=1 cs=1]
                RenderText {#text} at (0,0) size 145x17
                  text run at (0,0) width 145: "Table 1, Row 1, Cell 1"
              RenderTableCell {SPAN} at (144,0) size 145x18 [r=0 c=1 rs=1 cs=1]
                RenderText {#text} at (0,0) size 145x17
                  text run at (0,0) width 145: "Table 1, Row 1, Cell 2"
              RenderTableCell {SPAN} at (288,0) size 145x18 [r=0 c=2 rs=1 cs=1]
                RenderText {#text} at (0,0) size 145x17
                  text run at (0,0) width 145: "Table 1, Row 1, Cell 3"
              RenderTableCell {SPAN} at (432,0) size 145x18 [r=0 c=3 rs=1 cs=1]
                RenderText {#text} at (0,0) size 145x17
                  text run at (0,0) width 145: "Table 1, Row 1, Cell 4"
            RenderTableRow {SPAN} at (0,18) size 577x18 [bgcolor=#00FFFF]
              RenderTableCell {SPAN} at (0,18) size 145x18 [r=1 c=0 rs=1 cs=1]
                RenderText {#text} at (0,0) size 83x17
                  text run at (0,0) width 83: "T 1, R 2, C 1"
              RenderTableCell {SPAN} at (144,18) size 145x18 [r=1 c=1 rs=1 cs=1]
                RenderText {#text} at (0,0) size 145x17
                  text run at (0,0) width 145: "Table 1, Row 2, Cell 2"
              RenderTableCell {SPAN} at (288,18) size 145x18 [r=1 c=2 rs=1 cs=1]
                RenderText {#text} at (0,0) size 145x17
                  text run at (0,0) width 145: "Table 1, Row 2, Cell 3"
              RenderTableCell {SPAN} at (432,18) size 145x18 [r=1 c=3 rs=1 cs=1]
                RenderText {#text} at (0,0) size 145x17
                  text run at (0,0) width 145: "Table 1, Row 2, Cell 4"
            RenderTableRow {SPAN} at (0,36) size 577x18 [bgcolor=#00FFFF]
              RenderTableCell {SPAN} at (0,36) size 145x18 [r=2 c=0 rs=1 cs=1]
                RenderText {#text} at (0,0) size 145x17
                  text run at (0,0) width 145: "Table 1, Row 3, Cell 1"
              RenderTableCell {SPAN} at (144,36) size 145x18 [r=2 c=1 rs=1 cs=1]
                RenderText {#text} at (0,0) size 145x17
                  text run at (0,0) width 145: "Table 1, Row 3, Cell 2"
              RenderTableCell {SPAN} at (288,36) size 145x18 [r=2 c=2 rs=1 cs=1]
                RenderText {#text} at (0,0) size 83x17
                  text run at (0,0) width 83: "T 1, R 3, C 3"
              RenderTableCell {SPAN} at (432,36) size 145x18 [r=2 c=3 rs=1 cs=1]
                RenderText {#text} at (0,0) size 145x17
                  text run at (0,0) width 145: "Table 1, Row 3, Cell 4"
      RenderBlock {P} at (0,486) size 769x19
        RenderText {#text} at (0,0) size 722x17
          text run at (0,0) width 722: "Note: table-header-group and table-footer-group are tested only in their HTML order, and they only appear once."
      RenderBlock {DIV} at (0,520) size 769x91
        RenderTable at (0,0) size 577x90
          RenderTableSection {SPAN} at (0,0) size 577x18 [bgcolor=#00FFFF]
            RenderTableRow (anonymous) at (0,0) size 577x18
              RenderTableCell {SPAN} at (0,0) size 145x18 [bgcolor=#00FFFF] [r=0 c=0 rs=1 cs=1]
                RenderText {#text} at (0,0) size 145x17
                  text run at (0,0) width 145: "Table 2, Row 1, Cell 1"
              RenderTableCell {SPAN} at (144,0) size 145x18 [bgcolor=#00FFFF] [r=0 c=1 rs=1 cs=1]
                RenderText {#text} at (0,0) size 145x17
                  text run at (0,0) width 145: "Table 2, Row 1, Cell 2"
              RenderTableCell {SPAN} at (288,0) size 145x18 [bgcolor=#00FFFF] [r=0 c=2 rs=1 cs=1]
                RenderText {#text} at (0,0) size 145x17
                  text run at (0,0) width 145: "Table 2, Row 1, Cell 3"
              RenderTableCell {SPAN} at (432,0) size 145x18 [bgcolor=#00FFFF] [r=0 c=3 rs=1 cs=1]
                RenderText {#text} at (0,0) size 145x17
                  text run at (0,0) width 145: "Table 2, Row 1, Cell 4"
          RenderTableSection {SPAN} at (0,72) size 577x18 [bgcolor=#00FFFF]
            RenderTableRow (anonymous) at (0,0) size 577x18
              RenderTableCell {SPAN} at (0,0) size 145x18 [bgcolor=#00FFFF] [r=0 c=0 rs=1 cs=1]
                RenderText {#text} at (0,0) size 145x17
                  text run at (0,0) width 145: "Table 2, Row 5, Cell 1"
              RenderTableCell {SPAN} at (144,0) size 145x18 [bgcolor=#00FFFF] [r=0 c=1 rs=1 cs=1]
                RenderText {#text} at (0,0) size 145x17
                  text run at (0,0) width 145: "Table 2, Row 5, Cell 2"
              RenderTableCell {SPAN} at (288,0) size 145x18 [bgcolor=#00FFFF] [r=0 c=2 rs=1 cs=1]
                RenderText {#text} at (0,0) size 83x17
                  text run at (0,0) width 83: "T 2, R 5, C 5"
              RenderTableCell {SPAN} at (432,0) size 145x18 [bgcolor=#00FFFF] [r=0 c=3 rs=1 cs=1]
                RenderText {#text} at (0,0) size 145x17
                  text run at (0,0) width 145: "Table 2, Row 5, Cell 4"
          RenderTableSection (anonymous) at (0,18) size 577x18
            RenderTableRow {SPAN} at (0,0) size 577x18 [bgcolor=#00FFFF]
              RenderTableCell {SPAN} at (0,0) size 145x18 [r=0 c=0 rs=1 cs=1]
                RenderText {#text} at (0,0) size 83x17
                  text run at (0,0) width 83: "T 2, R 2, C 1"
              RenderTableCell {SPAN} at (144,0) size 145x18 [r=0 c=1 rs=1 cs=1]
                RenderText {#text} at (0,0) size 145x17
                  text run at (0,0) width 145: "Table 2, Row 2, Cell 2"
              RenderTableCell {SPAN} at (288,0) size 145x18 [r=0 c=2 rs=1 cs=1]
                RenderText {#text} at (0,0) size 145x17
                  text run at (0,0) width 145: "Table 2, Row 2, Cell 3"
              RenderTableCell {SPAN} at (432,0) size 145x18 [r=0 c=3 rs=1 cs=1]
                RenderText {#text} at (0,0) size 145x17
                  text run at (0,0) width 145: "Table 2, Row 2, Cell 4"
          RenderTableSection {SPAN} at (0,36) size 577x18 [bgcolor=#00FFFF]
            RenderTableRow (anonymous) at (0,0) size 577x18
              RenderTableCell {SPAN} at (0,0) size 145x18 [bgcolor=#00FFFF] [r=0 c=0 rs=1 cs=1]
                RenderText {#text} at (0,0) size 83x17
                  text run at (0,0) width 83: "T 2, R 3, C 1"
              RenderTableCell {SPAN} at (144,0) size 145x18 [bgcolor=#00FFFF] [r=0 c=1 rs=1 cs=1]
                RenderText {#text} at (0,0) size 145x17
                  text run at (0,0) width 145: "Table 2, Row 3, Cell x"
              RenderTableCell {SPAN} at (288,0) size 145x18 [bgcolor=#00FFFF] [r=0 c=2 rs=1 cs=1]
                RenderText {#text} at (0,0) size 145x17
                  text run at (0,0) width 145: "Table 2, Row 3, Cell 3"
              RenderTableCell {SPAN} at (432,0) size 145x18 [bgcolor=#00FFFF] [r=0 c=3 rs=1 cs=1]
                RenderText {#text} at (0,0) size 145x17
                  text run at (0,0) width 145: "Table 2, Row 3, Cell 4"
          RenderTableSection {SPAN} at (0,54) size 577x18 [bgcolor=#00FFFF]
            RenderTableRow {SPAN} at (0,0) size 577x18
              RenderTableCell {SPAN} at (0,0) size 145x18 [r=0 c=0 rs=1 cs=1]
                RenderText {#text} at (0,0) size 83x17
                  text run at (0,0) width 83: "T 2, R 4, C 1"
              RenderTableCell {SPAN} at (144,0) size 145x18 [r=0 c=1 rs=1 cs=1]
                RenderText {#text} at (0,0) size 145x17
                  text run at (0,0) width 145: "Table 2, Row 4, Cell x"
              RenderTableCell {SPAN} at (288,0) size 145x18 [r=0 c=2 rs=1 cs=1]
                RenderText {#text} at (0,0) size 145x17
                  text run at (0,0) width 145: "Table 2, Row 4, Cell 3"
              RenderTableCell {SPAN} at (432,0) size 145x18 [r=0 c=3 rs=1 cs=1]
                RenderText {#text} at (0,0) size 145x17
                  text run at (0,0) width 145: "Table 2, Row 4, Cell 4"
      RenderBlock {H2} at (0,630) size 769x28
        RenderText {#text} at (0,0) size 66x26
          text run at (0,0) width 66: "Rule 5"
      RenderTable {DIV} at (0,677) size 679x91 [bgcolor=#00FFFF]
        RenderTableSection (anonymous) at (0,0) size 679x90
          RenderTableRow {SPAN} at (0,0) size 679x18 [bgcolor=#00FFFF]
            RenderTableCell {SPAN} at (0,0) size 145x18 [r=0 c=0 rs=1 cs=1]
              RenderText {#text} at (0,0) size 145x17
                text run at (0,0) width 145: "Table 2, Row 1, Cell 1"
            RenderTableCell {SPAN} at (144,0) size 145x18 [r=0 c=1 rs=1 cs=1]
              RenderText {#text} at (0,0) size 145x17
                text run at (0,0) width 145: "Table 2, Row 1, Cell 2"
            RenderTableCell {SPAN} at (288,0) size 247x18 [r=0 c=2 rs=1 cs=1]
              RenderText {#text} at (0,0) size 145x17
                text run at (0,0) width 145: "Table 2, Row 1, Cell 3"
            RenderTableCell {SPAN} at (534,0) size 145x18 [r=0 c=3 rs=1 cs=1]
              RenderText {#text} at (0,0) size 145x17
                text run at (0,0) width 145: "Table 2, Row 1, Cell 4"
          RenderTableRow {SPAN} at (0,18) size 679x54 [bgcolor=#00FFFF]
            RenderTableCell (anonymous) at (0,18) size 145x18 [r=1 c=0 rs=1 cs=1]
              RenderBlock {SPAN} at (0,0) size 145x18
                RenderText {#text} at (0,0) size 145x17
                  text run at (0,0) width 145: "Table 2, Row 2, Cell 1"
            RenderTableCell {SPAN} at (144,18) size 145x18 [r=1 c=1 rs=1 cs=1]
              RenderText {#text} at (0,0) size 145x17
                text run at (0,0) width 145: "Table 2, Row 2, Cell 2"
            RenderTableCell (anonymous) at (288,18) size 247x54 [r=1 c=2 rs=1 cs=1]
              RenderBlock {SPAN} at (0,0) size 246x18
                RenderText {#text} at (0,0) size 145x17
                  text run at (0,0) width 145: "Table 2, Row 2, Cell 3"
              RenderBlock {SPAN} at (0,18) size 246x18
                RenderText {#text} at (0,0) size 174x17
                  text run at (0,0) width 174: "also Table 2, Row 2, Cell 3"
              RenderBlock (anonymous) at (0,36) size 246x18
                RenderText {#text} at (0,0) size 174x17
                  text run at (0,0) width 174: "also Table 2, Row 2, Cell 3"
            RenderTableCell {SPAN} at (534,18) size 145x18 [r=1 c=3 rs=1 cs=1]
              RenderText {#text} at (0,0) size 145x17
                text run at (0,0) width 145: "Table 2, Row 2, Cell 4"
          RenderTableRow {SPAN} at (0,72) size 679x18 [bgcolor=#00FFFF]
            RenderTableCell (anonymous) at (0,72) size 145x18 [r=2 c=0 rs=1 cs=1]
              RenderInline {SPAN} at (0,0) size 145x17
                RenderText {#text} at (0,0) size 145x17
                  text run at (0,0) width 145: "Table 2, Row 3, Cell 1"
            RenderTableCell {SPAN} at (144,72) size 145x18 [r=2 c=1 rs=1 cs=1]
              RenderText {#text} at (0,0) size 145x17
                text run at (0,0) width 145: "Table 2, Row 3, Cell 2"
            RenderTableCell (anonymous) at (288,72) size 247x18 [r=2 c=2 rs=1 cs=1]
              RenderTable {SPAN} at (0,0) size 246x18 [bgcolor=#00FFFF]
                RenderTableSection (anonymous) at (0,0) size 246x18
                  RenderTableRow (anonymous) at (0,0) size 246x18
                    RenderTableCell (anonymous) at (0,0) size 246x18 [r=0 c=0 rs=1 cs=1]
                      RenderText {#text} at (0,0) size 246x17
                        text run at (0,0) width 246: "Table 2, Row 3, Cell 3 (a nested table)"
            RenderTableCell {SPAN} at (534,72) size 145x18 [r=2 c=3 rs=1 cs=1]
              RenderText {#text} at (0,0) size 145x17
                text run at (0,0) width 145: "Table 2, Row 3, Cell 4"
      RenderBlock {P} at (0,801) size 769x36
        RenderInline {A} at (0,0) size 88x17 [color=#0000EE]
          RenderImage {IMG} at (0,0) size 88x31
      RenderBlock {P} at (0,852) size 769x19
        RenderText {#text} at (0,0) size 59x17
          text run at (0,0) width 59: "(Back to "
        RenderInline {A} at (0,0) size 161x17 [color=#0000EE]
          RenderText {#text} at (58,0) size 161x17
            text run at (58,0) width 161: "CSS Testing Information"
        RenderText {#text} at (218,0) size 9x17
          text run at (218,0) width 9: ", "
        RenderInline {A} at (0,0) size 83x17 [color=#0000EE]
          RenderText {#text} at (226,0) size 83x17
            text run at (226,0) width 83: "David Baron"
        RenderText {#text} at (308,0) size 6x17
          text run at (308,0) width 6: ")"
      RenderBlock {P} at (0,886) size 769x19
        RenderInline {A} at (0,0) size 32x17 [color=#0000EE]
          RenderText {#text} at (0,0) size 32x17
            text run at (0,0) width 32: "LDB"
        RenderText {#text} at (32,0) size 8x17
          text run at (32,0) width 8: ", "
        RenderInline {A} at (0,0) size 158x17 [color=#0000EE]
          RenderText {#text} at (40,0) size 158x17
            text run at (40,0) width 158: "dbaron@fas.harvard.edu"
layer at (8,805) size 769x2 clip at (0,0) size 0x0
  RenderBlock {HR} at (0,783) size 769x3 [border: (1px inset #000000)]
