layer at (0,0) size 800x600
  RenderView at (0,0) size 800x600
layer at (0,0) size 800x600
  RenderBlock {HTML} at (0,0) size 800x600
    RenderBody {BODY} at (8,8) size 784x584
      RenderTable {TABLE} at (0,0) size 784x62 [border: (2px outset #808080)]
        RenderTableSection {TBODY} at (2,2) size 780x58
          RenderTableRow {TR} at (0,2) size 780x54
            RenderTableCell {TD} at (2,2) size 776x54 [border: (1px inset #808080)] [r=0 c=0 rs=1 cs=1]
              RenderTable {TABLE} at (550,2) size 224x50 [border: (1px outset #808080)]
                RenderTableSection {TBODY} at (1,1) size 222x48
                  RenderTableRow {TR} at (0,0) size 222x38
                    RenderTableCell {TD} at (0,0) size 222x38 [border: (1px inset #808080)] [r=0 c=0 rs=1 cs=1]
                      RenderText {#text} at (1,1) size 210x35
                        text run at (1,1) width 210: "this doesn't show until a window"
                        text run at (1,19) width 38: "resize"
                  RenderTableRow {TR} at (0,38) size 222x10
                    RenderTableCell {TD} at (0,38) size 222x10 [border: (1px inset #808080)] [r=1 c=0 rs=1 cs=1]
                      RenderImage {IMG} at (1,1) size 1x8
