layer at (0,0) size 1264x585
  RenderView at (0,0) size 800x585
layer at (0,0) size 800x585
  RenderBlock {HTML} at (0,0) size 800x585
    RenderBody {BODY} at (8,8) size 784x569
      RenderTable {TABLE} at (0,0) size 1256x30 [bgcolor=#FFFFFF]
        RenderTableSection {TBODY} at (0,0) size 1256x30
          RenderTableRow {TR} at (0,0) size 1256x30
            RenderTableCell {TD} at (0,0) size 624x30 [r=0 c=0 rs=1 cs=1]
              RenderBlock {PRE} at (0,0) size 624x30
                RenderInline {FONT} at (0,1) size 624x29
                  RenderText {#text} at (0,1) size 624x30
                    text run at (0,1) width 624: "/* -*- Mode: C++; tab-width: 2; indent-tabs-mode: nil; c-basic-offset: 2 -*-  "
                    text run at (624,1) width 0: " "
                    text run at (0,16) width 16: "  "
            RenderTableCell {TD} at (624,7) size 632x16 [r=0 c=1 rs=1 cs=1]
              RenderBlock {PRE} at (0,7) size 632x16
                RenderInline {FONT} at (0,1) size 632x14
                  RenderText {#text} at (0,1) size 632x15
                    text run at (0,1) width 632: "/* -*- Mode: C++; tab-width: 2; indent-tabs-mode: nil; c-basic-offset: 2 -*-   "
                    text run at (632,1) width 0: " "
