layer at (0,0) size 800x600
  RenderView at (0,0) size 800x600
layer at (0,0) size 800x600
  RenderBlock {HTML} at (0,0) size 800x600
    RenderBody {BODY} at (8,8) size 784x584
      RenderTable {TABLE} at (0,0) size 32x28 [border: (1px outset #808080)]
        RenderTableSection {TBODY} at (1,1) size 30x26
          RenderTableRow {TR} at (0,2) size 30x22
            RenderTableCell {TD} at (2,2) size 26x22 [border: (1px inset #808080)] [r=0 c=0 rs=1 cs=1]
              RenderText {#text} at (2,2) size 22x17
                text run at (2,2) width 22: "foo"
      RenderBlock (anonymous) at (0,28) size 784x18
        RenderBR {BR} at (0,0) size 0x17
      RenderTable {TABLE} at (0,46) size 38x28 [border: (1px outset #808080)]
        RenderTableSection {TBODY} at (1,1) size 36x26
          RenderTableRow {TR} at (0,2) size 36x22
            RenderTableCell {TD} at (2,2) size 32x22 [border: (1px inset #808080)] [r=0 c=0 rs=1 cs=1]
              RenderText {#text} at (2,2) size 28x17
                text run at (2,2) width 28: "blah"
