layer at (0,0) size 800x600
  RenderView at (0,0) size 800x600
layer at (0,0) size 800x600
  RenderBlock {HTML} at (0,0) size 800x600
    RenderBody {BODY} at (8,8) size 784x584 [bgcolor=#FFFFFF]
      RenderTable {TABLE} at (0,0) size 604x50 [border: (1px outset #808080)]
        RenderTableSection {TBODY} at (1,1) size 602x48
          RenderTableRow {TR} at (0,0) size 602x28
            RenderTableCell {TD} at (0,0) size 602x28 [border: (1px inset #808080)] [r=0 c=0 rs=1 cs=3]
              RenderTable {TABLE} at (1,1) size 600x26 [border: (1px outset #808080)]
                RenderTableSection {TBODY} at (1,1) size 598x24
                  RenderTableRow {TR} at (0,0) size 598x24
                    RenderTableCell {TD} at (0,0) size 598x24 [border: (1px inset #808080)] [r=0 c=0 rs=1 cs=1]
                      RenderTable {TABLE} at (1,1) size 596x22 [border: (1px outset #808080)]
                        RenderTableSection {TBODY} at (1,1) size 594x20
                          RenderTableRow {TR} at (0,0) size 594x20 [bgcolor=#FF0000]
                            RenderTableCell {TD} at (0,0) size 594x20 [border: (1px inset #808080)] [r=0 c=0 rs=1 cs=1]
                              RenderText {#text} at (1,1) size 54x17
                                text run at (1,1) width 54: "cell data"
                              RenderText {#text} at (0,0) size 0x0
          RenderTableRow {TR} at (0,28) size 602x20
            RenderTableCell {TD} at (0,28) size 602x20 [border: (1px inset #808080)] [r=1 c=0 rs=1 cs=1]
              RenderText {#text} at (1,1) size 66x17
                text run at (1,1) width 66: "cell data 2"
