layer at (0,0) size 800x600
  RenderView at (0,0) size 800x600
layer at (0,0) size 800x600
  RenderBlock {HTML} at (0,0) size 800x600
    RenderBody {BODY} at (8,8) size 784x584
      RenderTable {TABLE} at (0,0) size 60x200 [border: (1px outset #808080)]
        RenderTableSection {TBODY} at (1,1) size 58x198
          RenderTableRow {TR} at (0,2) size 58x194
            RenderTableCell {TD} at (2,2) size 54x194 [border: (1px inset #808080)] [r=0 c=0 rs=1 cs=1]
              RenderTable {TABLE} at (2,2) size 50x190 [border: (1px outset #808080)]
                RenderTableSection {TBODY} at (1,1) size 48x188
                  RenderTableRow {TR} at (0,2) size 48x56
                    RenderTableCell {TD} at (2,2) size 44x56 [border: (1px inset #808080)] [r=0 c=0 rs=1 cs=1]
                      RenderTable {TABLE} at (2,2) size 40x52 [border: (1px outset #808080)]
                        RenderTableSection {TBODY} at (1,1) size 38x50
                          RenderTableRow {TR} at (0,2) size 38x22
                            RenderTableCell {TD} at (2,2) size 34x22 [border: (1px inset #808080)] [r=0 c=0 rs=1 cs=1]
                              RenderText {#text} at (2,2) size 30x17
                                text run at (2,2) width 30: "30%"
                          RenderTableRow {TR} at (0,26) size 38x22
                            RenderTableCell {TD} at (2,26) size 34x22 [border: (1px inset #808080)] [r=1 c=0 rs=1 cs=1]
                              RenderText {#text} at (2,2) size 30x17
                                text run at (2,2) width 30: "70%"
                  RenderTableRow {TR} at (0,60) size 48x126
                    RenderTableCell {TD} at (2,112) size 44x22 [border: (1px inset #808080)] [r=1 c=0 rs=1 cs=1]
                      RenderText {#text} at (2,2) size 30x17
                        text run at (2,2) width 30: "70%"
