layer at (0,0) size 800x600
  RenderView at (0,0) size 800x600
layer at (0,0) size 800x58
  RenderBlock {HTML} at (0,0) size 800x58
    RenderBody {BODY} at (8,8) size 784x42
      RenderBlock (anonymous) at (0,0) size 784x18
        RenderText {#text} at (0,0) size 262x17
          text run at (0,0) width 262: "This is the first of two lines on this page."
      RenderBlock {TABLE} at (0,18) size 784x24
        RenderTable at (0,0) size 286x24
          RenderTableSection {TBODY} at (0,0) size 286x24
            RenderTableRow (anonymous) at (0,2) size 286x20
              RenderTableCell (anonymous) at (2,2) size 282x20 [r=0 c=0 rs=1 cs=1]
                RenderBlock {TR} at (0,0) size 282x20
                  RenderBlock {TD} at (0,0) size 282x20
                    RenderText {#text} at (1,1) size 280x17
                      text run at (1,1) width 280: "This is the second of two lines on this page."
