layer at (0,0) size 800x600
  RenderView at (0,0) size 800x600
layer at (0,0) size 800x600
  RenderBlock {HTML} at (0,0) size 800x600
    RenderBody {BODY} at (8,8) size 784x584
      RenderTable {TABLE} at (0,0) size 85x106 [border: (1px outset #808080)]
        RenderTableSection {TBODY} at (1,1) size 83x104
          RenderTableRow {TR} at (0,2) size 83x22
            RenderTableCell {TD} at (2,2) size 79x22 [border: (1px inset #808080)] [r=0 c=0 rs=1 cs=1]
              RenderBlock {HR} at (3,10) size 73x2 [border: (1px inset #000000)]
          RenderTableRow {TR} at (0,26) size 83x76
            RenderTableCell {TD} at (2,26) size 79x76 [border: (1px inset #808080)] [r=1 c=0 rs=1 cs=1]
              RenderText {#text} at (2,2) size 68x71
                text run at (2,2) width 68: "this should"
                text run at (2,20) width 32: "wrap"
                text run at (2,38) width 66: "within this"
                text run at (2,56) width 22: "TD"
      RenderBlock (anonymous) at (0,106) size 784x18
        RenderBR {BR} at (0,0) size 0x17
      RenderTable {TABLE} at (0,124) size 92x88 [border: (1px outset #808080)]
        RenderTableSection {TBODY} at (1,1) size 90x86
          RenderTableRow {TR} at (0,2) size 90x22
            RenderTableCell {TD} at (2,2) size 86x22 [border: (1px inset #808080)] [r=0 c=0 rs=1 cs=1]
              RenderBlock {HR} at (2,10) size 82x2 [border: (1px inset #000000)]
          RenderTableRow {TR} at (0,26) size 90x58
            RenderTableCell {TD} at (2,26) size 86x58 [border: (1px inset #808080)] [r=1 c=0 rs=1 cs=1]
              RenderText {#text} at (2,2) size 76x53
                text run at (2,2) width 68: "this should"
                text run at (2,20) width 76: "wrap within"
                text run at (2,38) width 48: "this TD"
