layer at (0,0) size 800x600
  RenderView at (0,0) size 800x600
layer at (0,0) size 800x600
  RenderBlock {HTML} at (0,0) size 800x600
    RenderBody {BODY} at (8,8) size 784x584
      RenderTable {TABLE} at (0,0) size 106x50 [border: (5px outset #808080)]
        RenderTableSection {TBODY} at (5,5) size 96x40
          RenderTableRow {TR} at (0,2) size 96x36
            RenderTableCell {TD} at (2,2) size 92x36 [border: (1px inset #808080)] [r=0 c=0 rs=1 cs=1]
              RenderTable {TABLE} at (2,2) size 88x32 [border: (3px outset #808080)]
                RenderTableSection {TBODY} at (3,3) size 82x26
                  RenderTableRow {TR} at (0,2) size 82x22
                    RenderTableCell {TD} at (2,2) size 78x22 [border: (1px inset #808080)] [r=0 c=0 rs=1 cs=1]
                      RenderText {#text} at (2,2) size 74x17
                        text run at (2,2) width 74: "Inner Right"
      RenderTable {TABLE} at (0,50) size 97x50 [border: (5px outset #808080)]
        RenderTableSection {TBODY} at (5,5) size 87x40
          RenderTableRow {TR} at (0,2) size 87x36
            RenderTableCell {TD} at (2,2) size 83x36 [border: (1px inset #808080)] [r=0 c=0 rs=1 cs=1]
              RenderTable {TABLE} at (2,2) size 79x32 [border: (3px outset #808080)]
                RenderTableSection {TBODY} at (3,3) size 73x26
                  RenderTableRow {TR} at (0,2) size 73x22
                    RenderTableCell {TD} at (2,2) size 69x22 [border: (1px inset #808080)] [r=0 c=0 rs=1 cs=1]
                      RenderText {#text} at (2,2) size 65x17
                        text run at (2,2) width 65: "Inner Left"
