layer at (0,0) size 942x585
  RenderView at (0,0) size 800x585
layer at (0,0) size 800x585
  RenderBlock {HTML} at (0,0) size 800x585
    RenderBody {BODY} at (0,0) size 800x585 [color=#FFFF00] [bgcolor=#000000]
      RenderBlock {P} at (40,40) size 720x18
        RenderInline {B} at (0,0) size 285x17
          RenderText {#text} at (0,0) size 285x17
            text run at (0,0) width 285: "All cell borders should look the same."
      RenderTable {TABLE} at (40,74) size 902x186 [border: (1px outset #808080)]
        RenderTableCol {COLGROUP} at (0,0) size 0x0
          RenderTableCol {COL} at (0,0) size 0x0
        RenderTableSection {TBODY} at (1,1) size 900x184
          RenderTableRow {TR} at (0,0) size 900x20
            RenderTableCell {TD} at (0,0) size 900x20 [color=#00FF00] [bgcolor=#000000] [border: (1px inset #808080)] [r=0 c=0 rs=1 cs=3]
              RenderBlock {P} at (1,1) size 898x18
                RenderText {#text} at (376,0) size 146x17
                  text run at (376,0) width 146: "look at cell borders..."
          RenderTableRow {TR} at (0,20) size 900x164
            RenderTableCell {TD} at (0,146) size 300x38 [color=#00FF00] [bgcolor=#000000] [border: (1px inset #808080)] [r=1 c=0 rs=1 cs=1]
              RenderBlock {P} at (1,1) size 298x36
                RenderText {#text} at (126,0) size 46x17
                  text run at (126,0) width 46: "border"
                RenderBR {BR} at (172,0) size 0x17
                RenderText {#text} at (120,18) size 58x17
                  text run at (120,18) width 58: "bottom?"
            RenderTableCell {TD} at (300,20) size 300x164 [color=#00FF00] [bgcolor=#000000] [border: (1px inset #808080)] [r=1 c=1 rs=1 cs=1]
              RenderBlock {P} at (1,1) size 298x162
                RenderText {#text} at (122,0) size 54x17
                  text run at (122,0) width 54: "this cell"
                RenderBR {BR} at (176,0) size 0x17
                RenderText {#text} at (126,18) size 46x17
                  text run at (126,18) width 46: "border"
                RenderBR {BR} at (172,18) size 0x17
                RenderText {#text} at (136,36) size 26x17
                  text run at (136,36) width 26: "fine"
                RenderBR {BR} at (162,36) size 0x17
                RenderText {#text} at (122,54) size 54x17
                  text run at (122,54) width 54: "this cell"
                RenderBR {BR} at (176,54) size 0x17
                RenderText {#text} at (126,72) size 46x17
                  text run at (126,72) width 46: "border"
                RenderBR {BR} at (172,72) size 0x17
                RenderText {#text} at (136,90) size 26x17
                  text run at (136,90) width 26: "fine"
                RenderBR {BR} at (162,90) size 0x17
                RenderText {#text} at (122,108) size 54x17
                  text run at (122,108) width 54: "this cell"
                RenderBR {BR} at (176,108) size 0x17
                RenderText {#text} at (126,126) size 46x17
                  text run at (126,126) width 46: "border"
                RenderBR {BR} at (172,126) size 0x17
                RenderText {#text} at (136,144) size 26x17
                  text run at (136,144) width 26: "fine"
            RenderTableCell {TD} at (600,20) size 300x164 [color=#00FF00] [bgcolor=#000000] [border: (1px inset #808080)] [r=1 c=2 rs=1 cs=1]
              RenderBlock {P} at (1,1) size 298x162
                RenderText {#text} at (122,0) size 54x17
                  text run at (122,0) width 54: "this cell"
                RenderBR {BR} at (176,0) size 0x17
                RenderText {#text} at (126,18) size 46x17
                  text run at (126,18) width 46: "border"
                RenderBR {BR} at (172,18) size 0x17
                RenderText {#text} at (136,36) size 26x17
                  text run at (136,36) width 26: "fine"
                RenderBR {BR} at (162,36) size 0x17
                RenderText {#text} at (122,54) size 54x17
                  text run at (122,54) width 54: "this cell"
                RenderBR {BR} at (176,54) size 0x17
                RenderText {#text} at (126,72) size 46x17
                  text run at (126,72) width 46: "border"
                RenderBR {BR} at (172,72) size 0x17
                RenderText {#text} at (136,90) size 26x17
                  text run at (136,90) width 26: "fine"
                RenderBR {BR} at (162,90) size 0x17
                RenderText {#text} at (122,108) size 54x17
                  text run at (122,108) width 54: "this cell"
                RenderBR {BR} at (176,108) size 0x17
                RenderText {#text} at (126,126) size 46x17
                  text run at (126,126) width 46: "border"
                RenderBR {BR} at (172,126) size 0x17
                RenderText {#text} at (136,144) size 26x17
                  text run at (136,144) width 26: "fine"
