layer at (0,0) size 800x600
  RenderView at (0,0) size 800x600
layer at (0,0) size 800x294
  RenderBlock {HTML} at (0,0) size 800x294
    RenderBody {BODY} at (8,8) size 784x278 [bgcolor=#FFFFFF]
      RenderTable {TABLE} at (0,0) size 177x278
        RenderTableSection {TBODY} at (0,0) size 177x278
          RenderTableRow {TR} at (0,0) size 177x35
            RenderTableCell {TD} at (0,0) size 45x35 [border: (1px solid #000000)] [r=0 c=0 rs=1 cs=1]
              RenderText {#text} at (8,8) size 28x18
                text run at (8,8) width 28: "blah"
            RenderTableCell {TD} at (44,0) size 45x35 [border: (1px solid #000000)] [r=0 c=1 rs=1 cs=1]
              RenderText {#text} at (8,8) size 28x18
                text run at (8,8) width 28: "blah"
            RenderTableCell {TD} at (88,0) size 45x35 [border: (1px solid #000000)] [r=0 c=2 rs=1 cs=1]
              RenderText {#text} at (8,8) size 28x18
                text run at (8,8) width 28: "blah"
            RenderTableCell {TD} at (132,0) size 45x35 [border: (1px solid #000000)] [r=0 c=3 rs=1 cs=1]
              RenderText {#text} at (8,8) size 28x18
                text run at (8,8) width 28: "blah"
          RenderTableRow {TR} at (0,34) size 177x36
            RenderTableCell {TD} at (0,34) size 45x36 [border: (1px solid #000000)] [r=1 c=0 rs=1 cs=1]
              RenderText {#text} at (8,8) size 28x18
                text run at (8,8) width 28: "blah"
            RenderTableCell {TD} at (44,34) size 45x36 [border: (1px solid #000000)] [r=1 c=1 rs=1 cs=1]
              RenderText {#text} at (8,8) size 28x18
                text run at (8,8) width 28: "blah"
            RenderTableCell {TD} at (88,34) size 45x36 [border: (1px solid #000000)] [r=1 c=2 rs=1 cs=1]
              RenderText {#text} at (8,8) size 28x18
                text run at (8,8) width 28: "blah"
            RenderTableCell {TD} at (132,34) size 45x36 [border: (1px solid #000000)] [r=1 c=3 rs=1 cs=1]
              RenderText {#text} at (8,8) size 28x18
                text run at (8,8) width 28: "blah"
          RenderTableRow {TR} at (0,69) size 177x36
            RenderTableCell {TD} at (0,69) size 45x36 [border: (1px solid #000000)] [r=2 c=0 rs=1 cs=1]
              RenderText {#text} at (8,8) size 28x18
                text run at (8,8) width 28: "blah"
            RenderTableCell {TD} at (44,69) size 45x36 [border: (1px solid #000000)] [r=2 c=1 rs=1 cs=1]
              RenderText {#text} at (8,8) size 28x18
                text run at (8,8) width 28: "blah"
            RenderTableCell {TD} at (88,69) size 45x36 [border: (1px solid #000000)] [r=2 c=2 rs=1 cs=1]
              RenderText {#text} at (8,8) size 28x18
                text run at (8,8) width 28: "blah"
            RenderTableCell {TD} at (132,69) size 45x36 [border: (1px solid #000000)] [r=2 c=3 rs=1 cs=1]
              RenderText {#text} at (8,8) size 28x18
                text run at (8,8) width 28: "blah"
          RenderTableRow {TR} at (0,104) size 177x35
            RenderTableCell {TD} at (0,104) size 45x35 [border: (1px solid #000000)] [r=3 c=0 rs=1 cs=1]
              RenderText {#text} at (8,8) size 28x18
                text run at (8,8) width 28: "blah"
            RenderTableCell {TD} at (44,104) size 45x35 [border: (1px solid #000000)] [r=3 c=1 rs=1 cs=1]
              RenderText {#text} at (8,8) size 28x18
                text run at (8,8) width 28: "blah"
            RenderTableCell {TD} at (88,104) size 45x35 [border: (1px solid #000000)] [r=3 c=2 rs=1 cs=1]
              RenderText {#text} at (8,8) size 28x18
                text run at (8,8) width 28: "blah"
            RenderTableCell {TD} at (132,104) size 45x35 [border: (1px solid #000000)] [r=3 c=3 rs=1 cs=1]
              RenderText {#text} at (8,8) size 28x18
                text run at (8,8) width 28: "blah"
          RenderTableRow {TR} at (0,138) size 177x36
            RenderTableCell {TD} at (0,138) size 45x36 [border: (1px solid #000000)] [r=4 c=0 rs=1 cs=1]
              RenderText {#text} at (8,8) size 28x18
                text run at (8,8) width 28: "blah"
            RenderTableCell {TD} at (44,138) size 45x36 [border: (1px solid #000000)] [r=4 c=1 rs=1 cs=1]
              RenderText {#text} at (8,8) size 28x18
                text run at (8,8) width 28: "blah"
            RenderTableCell {TD} at (88,138) size 45x36 [border: (1px solid #000000)] [r=4 c=2 rs=1 cs=1]
              RenderText {#text} at (8,8) size 28x18
                text run at (8,8) width 28: "blah"
            RenderTableCell {TD} at (132,138) size 45x36 [border: (1px solid #000000)] [r=4 c=3 rs=1 cs=1]
              RenderText {#text} at (8,8) size 28x18
                text run at (8,8) width 28: "blah"
          RenderTableRow {TR} at (0,173) size 177x36
            RenderTableCell {TD} at (0,173) size 45x36 [border: (1px solid #000000)] [r=5 c=0 rs=1 cs=1]
              RenderText {#text} at (8,8) size 28x18
                text run at (8,8) width 28: "blah"
            RenderTableCell {TD} at (44,173) size 45x36 [border: (1px solid #000000)] [r=5 c=1 rs=1 cs=1]
              RenderText {#text} at (8,8) size 28x18
                text run at (8,8) width 28: "blah"
            RenderTableCell {TD} at (88,173) size 45x36 [border: (1px solid #000000)] [r=5 c=2 rs=1 cs=1]
              RenderText {#text} at (8,8) size 28x18
                text run at (8,8) width 28: "blah"
            RenderTableCell {TD} at (132,173) size 45x36 [border: (1px solid #000000)] [r=5 c=3 rs=1 cs=1]
              RenderText {#text} at (8,8) size 28x18
                text run at (8,8) width 28: "blah"
          RenderTableRow {TR} at (0,208) size 177x35
            RenderTableCell {TD} at (0,208) size 45x35 [border: (1px solid #000000)] [r=6 c=0 rs=1 cs=1]
              RenderText {#text} at (8,8) size 28x18
                text run at (8,8) width 28: "blah"
            RenderTableCell {TD} at (44,208) size 45x35 [border: (1px solid #000000)] [r=6 c=1 rs=1 cs=1]
              RenderText {#text} at (8,8) size 28x18
                text run at (8,8) width 28: "blah"
            RenderTableCell {TD} at (88,208) size 45x35 [border: (1px solid #000000)] [r=6 c=2 rs=1 cs=1]
              RenderText {#text} at (8,8) size 28x18
                text run at (8,8) width 28: "blah"
            RenderTableCell {TD} at (132,208) size 45x35 [border: (1px solid #000000)] [r=6 c=3 rs=1 cs=1]
              RenderText {#text} at (8,8) size 28x18
                text run at (8,8) width 28: "blah"
          RenderTableRow {TR} at (0,242) size 177x36
            RenderTableCell {TD} at (0,242) size 45x36 [border: (1px solid #000000)] [r=7 c=0 rs=1 cs=1]
              RenderText {#text} at (8,8) size 28x18
                text run at (8,8) width 28: "blah"
            RenderTableCell {TD} at (44,242) size 45x36 [border: (1px solid #000000)] [r=7 c=1 rs=1 cs=1]
              RenderText {#text} at (8,8) size 28x18
                text run at (8,8) width 28: "blah"
            RenderTableCell {TD} at (88,242) size 45x36 [border: (1px solid #000000)] [r=7 c=2 rs=1 cs=1]
              RenderText {#text} at (8,8) size 28x18
                text run at (8,8) width 28: "blah"
            RenderTableCell {TD} at (132,242) size 45x36 [border: (1px solid #000000)] [r=7 c=3 rs=1 cs=1]
              RenderText {#text} at (8,8) size 28x18
                text run at (8,8) width 28: "blah"
