layer at (0,0) size 800x600
  RenderView at (0,0) size 800x600
layer at (0,0) size 800x600
  RenderBlock {HTML} at (0,0) size 800x600
    RenderBody {BODY} at (8,8) size 784x584
      RenderBlock {P} at (0,0) size 784x0
        RenderInline {SH} at (0,0) size 0x0
          RenderInline {SH} at (0,0) size 0x0
            RenderText {#text} at (0,0) size 0x0
      RenderBlock {P} at (0,0) size 784x18
        RenderText {#text} at (0,0) size 15x17
          text run at (0,0) width 15: "M"
      RenderBlock {P} at (0,34) size 784x40
        RenderImage {IMG} at (0,0) size 126x40
        RenderText {#text} at (0,0) size 0x0
      RenderTable {TABLE} at (0,90) size 2x2 [border: (1px outset #808080)]
