layer at (0,0) size 800x600
  RenderView at (0,0) size 800x600
layer at (0,0) size 800x600
  RenderBlock {HTML} at (0,0) size 800x600
    RenderBody {BODY} at (8,8) size 784x584 [bgcolor=#C0C0C0]
      RenderTable {TABLE} at (0,0) size 420x584 [border: (5px outset #808080)]
        RenderTableSection {TBODY} at (5,5) size 410x574
          RenderTableRow {TR} at (0,2) size 410x570
            RenderTableCell {TD} at (2,276) size 406x22 [border: (1px inset #808080)] [r=0 c=0 rs=1 cs=1]
              RenderText {#text} at (2,2) size 402x17
                text run at (2,2) width 402: "This table is set to a height of 100%. It should just fit the page."
