layer at (0,0) size 800x600
  RenderView at (0,0) size 800x600
layer at (0,0) size 800x600
  RenderBlock {HTML} at (0,0) size 800x600
    RenderBody {BODY} at (8,8) size 784x584
      RenderTable {TABLE} at (0,0) size 288x128 [border: (1px outset #808080)]
        RenderTableSection {TBODY} at (1,1) size 286x126
          RenderTableRow {TR} at (0,2) size 286x122
            RenderTableCell {TD} at (2,2) size 204x122 [border: (1px inset #808080)] [r=0 c=0 rs=1 cs=1]
              RenderTable {TABLE} at (2,2) size 200x118 [border: (10px outset #808080)]
                RenderTableSection {TBODY} at (10,10) size 180x98
                  RenderTableRow {TR} at (0,2) size 180x94
                    RenderTableCell {TD} at (2,27) size 44x44 [border: (1px inset #808080)] [r=0 c=0 rs=1 cs=1]
                      RenderImage {IMG} at (2,2) size 40x40
                    RenderTableCell {TD} at (48,2) size 130x94 [border: (1px inset #808080)] [r=0 c=1 rs=1 cs=1]
                      RenderText {#text} at (2,2) size 108x89
                        text run at (2,2) width 108: "xxx xxx xxx xxx"
                        text run at (2,20) width 108: "xxx xxx xxx xxx"
                        text run at (2,38) width 108: "xxx xxx xxx xxx"
                        text run at (2,56) width 108: "xxx xxx xxx xxx"
                        text run at (2,74) width 108: "xxx xxx xxx xxx"
            RenderTableCell {TD} at (208,52) size 76x22 [border: (1px inset #808080)] [r=0 c=1 rs=1 cs=1]
              RenderText {#text} at (2,2) size 72x17
                text run at (2,2) width 72: "row2, cell2"
