layer at (0,0) size 800x600
  RenderView at (0,0) size 800x600
layer at (0,0) size 800x600
  RenderBlock {HTML} at (0,0) size 800x600
    RenderBody {BODY} at (8,8) size 784x584
      RenderBlock (anonymous) at (0,0) size 784x18
        RenderText {#text} at (0,0) size 40x17
          text run at (0,0) width 40: "25016"
      RenderTable {TABLE} at (0,18) size 38x28
        RenderTableSection {TBODY} at (0,0) size 38x24
          RenderTableRow {TR} at (0,2) size 38x20
            RenderTableCell {TD} at (2,2) size 34x20 [r=0 c=0 rs=1 cs=1]
              RenderText {#text} at (1,1) size 32x17
                text run at (1,1) width 32: "4659"
        RenderBlock {CAPTION} at (0,0) size 38x0
        RenderTableSection {TBODY} at (0,24) size 38x4
          RenderTableRow {TR} at (0,0) size 38x2
            RenderTableCell {TH} at (2,0) size 34x2 [r=0 c=0 rs=1 cs=1]
        RenderTableCol {COLGROUP} at (0,0) size 0x0
