layer at (0,0) size 785x608
  RenderView at (0,0) size 785x600
layer at (0,0) size 785x608
  RenderBlock {HTML} at (0,0) size 785x608
    RenderBody {BODY} at (8,8) size 769x584
      RenderBlock {FORM} at (0,0) size 769x584
        RenderTable {TABLE} at (0,0) size 769x584 [border: (1px outset #808080)]
          RenderTableSection {TBODY} at (1,1) size 767x582
            RenderTableRow {TR} at (0,2) size 767x578
              RenderTableCell {TD} at (2,280) size 763x22 [border: (1px inset #808080)] [r=0 c=0 rs=1 cs=1]
                RenderText {#text} at (253,2) size 257x17
                  text run at (253,2) width 257: "This should be in the center of the page."
