layer at (0,0) size 800x600
  RenderView at (0,0) size 800x600
layer at (0,0) size 800x600
  RenderBlock {HTML} at (0,0) size 800x600
    RenderBody {BODY} at (8,8) size 784x584
      RenderTable {TABLE} at (0,0) size 65x120
        RenderBlock {CAPTION} at (0,0) size 65x96
          RenderTable {TABLE} at (0,0) size 65x96
            RenderTableSection {TBODY} at (0,0) size 65x96
              RenderTableRow {TR} at (0,2) size 65x92
                RenderTableCell {TD} at (2,2) size 61x92 [r=0 c=0 rs=1 cs=1]
                  RenderText {#text} at (1,1) size 53x89
                    text run at (1,1) width 53: "Another"
                    text run at (1,19) width 32: "table"
                    text run at (1,37) width 39: "inside"
                    text run at (1,55) width 20: "the"
                    text run at (1,73) width 48: "caption"
        RenderTableSection {TBODY} at (0,96) size 65x24
          RenderTableRow {TR} at (0,2) size 65x20
            RenderTableCell {TD} at (2,2) size 61x20 [r=0 c=0 rs=1 cs=1]
              RenderText {#text} at (1,1) size 59x17
                text run at (1,1) width 59: "First row"
