layer at (0,0) size 785x1325
  RenderView at (0,0) size 785x600
layer at (0,0) size 785x1325
  RenderBlock {html} at (0,0) size 785x1325
    RenderBody {body} at (8,8) size 769x1309 [bgcolor=#555555]
      RenderBlock {h1} at (16,37) size 737x102 [bgcolor=#CCCCCC]
        RenderText {#text} at (87,33) size 164x36
          text run at (87,33) width 164: "Simplified "
        RenderInline {a} at (250,33) size 163x35 [color=#0000EE]
          RenderText {#text} at (250,33) size 163x36
            text run at (250,33) width 163: "Linux.com"
        RenderText {#text} at (412,33) size 238x36
          text run at (412,33) width 238: " Table Testcase"
      RenderTable {table} at (16,159) size 737x1134
        RenderTableSection (anonymous) at (0,0) size 737x1134
          RenderTableRow {tr} at (0,2) size 737x382
            RenderTableCell {td} at (2,2) size 135x687 [bgcolor=#FFFFFF] [r=0 c=0 rs=2 cs=1]
              RenderBlock {h2} at (5,18) size 125x19
                RenderText {#text} at (0,0) size 117x17
                  text run at (0,0) width 117: "Weekly Feature"
              RenderBlock {p} at (5,49) size 125x106
                RenderText {#text} at (0,1) size 108x105
                  text run at (0,1) width 108: "blah blah blah blah"
                  text run at (0,16) width 108: "blah blah blah blah"
                  text run at (0,31) width 108: "blah blah blah blah"
                  text run at (0,46) width 108: "blah blah blah blah"
                  text run at (0,61) width 108: "blah blah blah blah"
                  text run at (0,76) width 108: "blah blah blah blah"
                  text run at (0,91) width 108: "blah blah blah blah"
              RenderBlock {h2} at (5,167) size 125x19
                RenderText {#text} at (0,0) size 81x17
                  text run at (0,0) width 81: "Contribute"
              RenderBlock {p} at (5,199) size 125x106
                RenderText {#text} at (0,1) size 108x105
                  text run at (0,1) width 108: "blah blah blah blah"
                  text run at (0,16) width 108: "blah blah blah blah"
                  text run at (0,31) width 108: "blah blah blah blah"
                  text run at (0,46) width 108: "blah blah blah blah"
                  text run at (0,61) width 108: "blah blah blah blah"
                  text run at (0,76) width 108: "blah blah blah blah"
                  text run at (0,91) width 108: "blah blah blah blah"
              RenderBlock {h2} at (5,317) size 125x19
                RenderText {#text} at (0,0) size 82x17
                  text run at (0,0) width 82: "Newsforge"
              RenderBlock {p} at (5,348) size 125x31
                RenderText {#text} at (0,1) size 108x30
                  text run at (0,1) width 108: "blah blah blah blah"
                  text run at (0,16) width 108: "blah blah blah blah"
              RenderBlock {p} at (5,391) size 125x31
                RenderText {#text} at (0,1) size 108x30
                  text run at (0,1) width 108: "blah blah blah blah"
                  text run at (0,16) width 108: "blah blah blah blah"
              RenderBlock {p} at (5,434) size 125x31
                RenderText {#text} at (0,1) size 108x30
                  text run at (0,1) width 108: "blah blah blah blah"
                  text run at (0,16) width 108: "blah blah blah blah"
              RenderBlock {p} at (5,477) size 125x31
                RenderText {#text} at (0,1) size 108x30
                  text run at (0,1) width 108: "blah blah blah blah"
                  text run at (0,16) width 108: "blah blah blah blah"
              RenderBlock {p} at (5,520) size 125x31
                RenderText {#text} at (0,1) size 108x30
                  text run at (0,1) width 108: "blah blah blah blah"
                  text run at (0,16) width 108: "blah blah blah blah"
              RenderBlock {p} at (5,563) size 125x31
                RenderText {#text} at (0,1) size 108x30
                  text run at (0,1) width 108: "blah blah blah blah"
                  text run at (0,16) width 108: "blah blah blah blah"
              RenderBlock {h2} at (5,606) size 125x19
                RenderText {#text} at (0,0) size 83x17
                  text run at (0,0) width 83: "Resources"
              RenderBlock {p} at (5,638) size 125x31
                RenderText {#text} at (0,1) size 108x30
                  text run at (0,1) width 108: "blah blah blah blah"
                  text run at (0,16) width 108: "blah blah blah blah"
            RenderTableCell {td} at (139,2) size 459x1130 [bgcolor=#FFFFFF] [r=0 c=1 rs=2 cs=1]
              RenderBlock {h2} at (5,18) size 449x19
                RenderText {#text} at (0,0) size 188x17
                  text run at (0,0) width 188: "The Latest of Linux.com!"
              RenderBlock {p} at (5,49) size 449x226
                RenderText {#text} at (0,1) size 444x225
                  text run at (0,1) width 444: "blah blah blah blah blah blah blah blah blah blah blah blah blah blah blah blah"
                  text run at (0,16) width 444: "blah blah blah blah blah blah blah blah blah blah blah blah blah blah blah blah"
                  text run at (0,31) width 444: "blah blah blah blah blah blah blah blah blah blah blah blah blah blah blah blah"
                  text run at (0,46) width 444: "blah blah blah blah blah blah blah blah blah blah blah blah blah blah blah blah"
                  text run at (0,61) width 444: "blah blah blah blah blah blah blah blah blah blah blah blah blah blah blah blah"
                  text run at (0,76) width 444: "blah blah blah blah blah blah blah blah blah blah blah blah blah blah blah blah"
                  text run at (0,91) width 444: "blah blah blah blah blah blah blah blah blah blah blah blah blah blah blah blah"
                  text run at (0,106) width 444: "blah blah blah blah blah blah blah blah blah blah blah blah blah blah blah blah"
                  text run at (0,121) width 444: "blah blah blah blah blah blah blah blah blah blah blah blah blah blah blah blah"
                  text run at (0,136) width 444: "blah blah blah blah blah blah blah blah blah blah blah blah blah blah blah blah"
                  text run at (0,151) width 444: "blah blah blah blah blah blah blah blah blah blah blah blah blah blah blah blah"
                  text run at (0,166) width 444: "blah blah blah blah blah blah blah blah blah blah blah blah blah blah blah blah"
                  text run at (0,181) width 444: "blah blah blah blah blah blah blah blah blah blah blah blah blah blah blah blah"
                  text run at (0,196) width 444: "blah blah blah blah blah blah blah blah blah blah blah blah blah blah blah blah"
                  text run at (0,211) width 108: "blah blah blah blah"
              RenderBlock {p} at (5,287) size 449x226
                RenderText {#text} at (0,1) size 444x225
                  text run at (0,1) width 444: "blah blah blah blah blah blah blah blah blah blah blah blah blah blah blah blah"
                  text run at (0,16) width 444: "blah blah blah blah blah blah blah blah blah blah blah blah blah blah blah blah"
                  text run at (0,31) width 444: "blah blah blah blah blah blah blah blah blah blah blah blah blah blah blah blah"
                  text run at (0,46) width 444: "blah blah blah blah blah blah blah blah blah blah blah blah blah blah blah blah"
                  text run at (0,61) width 444: "blah blah blah blah blah blah blah blah blah blah blah blah blah blah blah blah"
                  text run at (0,76) width 444: "blah blah blah blah blah blah blah blah blah blah blah blah blah blah blah blah"
                  text run at (0,91) width 444: "blah blah blah blah blah blah blah blah blah blah blah blah blah blah blah blah"
                  text run at (0,106) width 444: "blah blah blah blah blah blah blah blah blah blah blah blah blah blah blah blah"
                  text run at (0,121) width 444: "blah blah blah blah blah blah blah blah blah blah blah blah blah blah blah blah"
                  text run at (0,136) width 444: "blah blah blah blah blah blah blah blah blah blah blah blah blah blah blah blah"
                  text run at (0,151) width 444: "blah blah blah blah blah blah blah blah blah blah blah blah blah blah blah blah"
                  text run at (0,166) width 444: "blah blah blah blah blah blah blah blah blah blah blah blah blah blah blah blah"
                  text run at (0,181) width 444: "blah blah blah blah blah blah blah blah blah blah blah blah blah blah blah blah"
                  text run at (0,196) width 444: "blah blah blah blah blah blah blah blah blah blah blah blah blah blah blah blah"
                  text run at (0,211) width 108: "blah blah blah blah"
              RenderBlock {h2} at (5,525) size 449x19
                RenderText {#text} at (0,0) size 121x17
                  text run at (0,0) width 121: "Linux.com Live!"
              RenderBlock {p} at (5,557) size 449x226
                RenderText {#text} at (0,1) size 444x225
                  text run at (0,1) width 444: "blah blah blah blah blah blah blah blah blah blah blah blah blah blah blah blah"
                  text run at (0,16) width 444: "blah blah blah blah blah blah blah blah blah blah blah blah blah blah blah blah"
                  text run at (0,31) width 444: "blah blah blah blah blah blah blah blah blah blah blah blah blah blah blah blah"
                  text run at (0,46) width 444: "blah blah blah blah blah blah blah blah blah blah blah blah blah blah blah blah"
                  text run at (0,61) width 444: "blah blah blah blah blah blah blah blah blah blah blah blah blah blah blah blah"
                  text run at (0,76) width 444: "blah blah blah blah blah blah blah blah blah blah blah blah blah blah blah blah"
                  text run at (0,91) width 444: "blah blah blah blah blah blah blah blah blah blah blah blah blah blah blah blah"
                  text run at (0,106) width 444: "blah blah blah blah blah blah blah blah blah blah blah blah blah blah blah blah"
                  text run at (0,121) width 444: "blah blah blah blah blah blah blah blah blah blah blah blah blah blah blah blah"
                  text run at (0,136) width 444: "blah blah blah blah blah blah blah blah blah blah blah blah blah blah blah blah"
                  text run at (0,151) width 444: "blah blah blah blah blah blah blah blah blah blah blah blah blah blah blah blah"
                  text run at (0,166) width 444: "blah blah blah blah blah blah blah blah blah blah blah blah blah blah blah blah"
                  text run at (0,181) width 444: "blah blah blah blah blah blah blah blah blah blah blah blah blah blah blah blah"
                  text run at (0,196) width 444: "blah blah blah blah blah blah blah blah blah blah blah blah blah blah blah blah"
                  text run at (0,211) width 108: "blah blah blah blah"
              RenderBlock {h2} at (5,795) size 449x19
                RenderText {#text} at (0,0) size 58x17
                  text run at (0,0) width 58: "Tuneup"
              RenderBlock {p} at (5,826) size 449x226
                RenderText {#text} at (0,1) size 444x225
                  text run at (0,1) width 444: "blah blah blah blah blah blah blah blah blah blah blah blah blah blah blah blah"
                  text run at (0,16) width 444: "blah blah blah blah blah blah blah blah blah blah blah blah blah blah blah blah"
                  text run at (0,31) width 444: "blah blah blah blah blah blah blah blah blah blah blah blah blah blah blah blah"
                  text run at (0,46) width 444: "blah blah blah blah blah blah blah blah blah blah blah blah blah blah blah blah"
                  text run at (0,61) width 444: "blah blah blah blah blah blah blah blah blah blah blah blah blah blah blah blah"
                  text run at (0,76) width 444: "blah blah blah blah blah blah blah blah blah blah blah blah blah blah blah blah"
                  text run at (0,91) width 444: "blah blah blah blah blah blah blah blah blah blah blah blah blah blah blah blah"
                  text run at (0,106) width 444: "blah blah blah blah blah blah blah blah blah blah blah blah blah blah blah blah"
                  text run at (0,121) width 444: "blah blah blah blah blah blah blah blah blah blah blah blah blah blah blah blah"
                  text run at (0,136) width 444: "blah blah blah blah blah blah blah blah blah blah blah blah blah blah blah blah"
                  text run at (0,151) width 444: "blah blah blah blah blah blah blah blah blah blah blah blah blah blah blah blah"
                  text run at (0,166) width 444: "blah blah blah blah blah blah blah blah blah blah blah blah blah blah blah blah"
                  text run at (0,181) width 444: "blah blah blah blah blah blah blah blah blah blah blah blah blah blah blah blah"
                  text run at (0,196) width 444: "blah blah blah blah blah blah blah blah blah blah blah blah blah blah blah blah"
                  text run at (0,211) width 108: "blah blah blah blah"
              RenderBlock {h2} at (5,1064) size 449x19
                RenderText {#text} at (0,0) size 29x17
                  text run at (0,0) width 29: "Poll"
              RenderBlock {p} at (5,1096) size 449x16
                RenderText {#text} at (0,1) size 315x15
                  text run at (0,1) width 315: "This stuff is cropped off in Mozilla for whatever reason"
            RenderTableCell {td} at (600,2) size 135x382 [bgcolor=#FFFFFF] [r=0 c=2 rs=1 cs=1]
              RenderBlock {h2} at (5,18) size 125x19
                RenderText {#text} at (0,0) size 47x17
                  text run at (0,0) width 47: "OSDN"
              RenderBlock {p} at (5,49) size 125x76
                RenderText {#text} at (0,1) size 108x75
                  text run at (0,1) width 108: "blah blah blah blah"
                  text run at (0,16) width 108: "blah blah blah blah"
                  text run at (0,31) width 108: "blah blah blah blah"
                  text run at (0,46) width 108: "blah blah blah blah"
                  text run at (0,61) width 52: "blah blah"
              RenderBlock {h2} at (5,137) size 125x19
                RenderText {#text} at (0,0) size 45x17
                  text run at (0,0) width 45: "POTD"
              RenderBlock {p} at (5,169) size 125x76
                RenderText {#text} at (0,1) size 108x75
                  text run at (0,1) width 108: "blah blah blah blah"
                  text run at (0,16) width 108: "blah blah blah blah"
                  text run at (0,31) width 108: "blah blah blah blah"
                  text run at (0,46) width 108: "blah blah blah blah"
                  text run at (0,61) width 52: "blah blah"
              RenderBlock {h2} at (5,257) size 125x19
                RenderText {#text} at (0,0) size 48x17
                  text run at (0,0) width 48: "Log In"
              RenderBlock {p} at (5,288) size 125x76
                RenderText {#text} at (0,1) size 108x75
                  text run at (0,1) width 108: "blah blah blah blah"
                  text run at (0,16) width 108: "blah blah blah blah"
                  text run at (0,31) width 108: "blah blah blah blah"
                  text run at (0,46) width 108: "blah blah blah blah"
                  text run at (0,61) width 52: "blah blah"
          RenderTableRow {tr} at (0,385) size 737x747
            RenderTableCell {td} at (600,970) size 135x162 [bgcolor=#FFFFFF] [r=1 c=2 rs=1 cs=1]
              RenderBlock {h2} at (5,603) size 125x37
                RenderText {#text} at (0,0) size 88x35
                  text run at (0,0) width 88: "Community"
                  text run at (0,18) width 56: "Banner"
              RenderBlock {p} at (5,652) size 125x76
                RenderText {#text} at (0,1) size 108x75
                  text run at (0,1) width 108: "blah blah blah blah"
                  text run at (0,16) width 108: "blah blah blah blah"
                  text run at (0,31) width 108: "blah blah blah blah"
                  text run at (0,46) width 108: "blah blah blah blah"
                  text run at (0,61) width 52: "blah blah"
