layer at (0,0) size 800x600
  RenderView at (0,0) size 800x600
layer at (0,0) size 800x36
  RenderBlock {doc} at (0,0) size 800x36
    RenderInline {p} at (0,0) size 757x17
      RenderText {#text} at (0,0) size 757x17
        text run at (0,0) width 757: "The following text is in a caption element whose style is set to display:table-caption. The element is not inside a table."
    RenderText {#text} at (756,0) size 5x17
      text run at (756,0) width 5: " "
    RenderInline {captionelement} at (0,0) size 789x35
      RenderText {#text} at (760,0) size 789x35
        text run at (760,0) width 29: "This"
        text run at (0,18) width 132: "is a caption element."
    RenderText {#text} at (131,18) size 5x17
      text run at (131,18) width 5: " "
    RenderInline {p} at (0,0) size 562x17
      RenderText {#text} at (135,18) size 562x17
        text run at (135,18) width 562: "If there's no red text between this text and the previous text the caption is not displayed."
    RenderText {#text} at (0,0) size 0x0
