layer at (0,0) size 800x600
  RenderView at (0,0) size 800x600
layer at (0,0) size 800x236
  RenderBlock {HTML} at (0,0) size 800x236
    RenderBody {BODY} at (8,21) size 784x207
      RenderBlock {H1} at (0,0) size 784x37
        RenderText {#text} at (0,0) size 352x36
          text run at (0,0) width 352: "insertRow() bugs, 0 based"
      RenderTable {TABLE} at (0,58) size 149x149 [border: (1px outset #808080)]
        RenderTableSection {TBODY} at (1,1) size 147x146
          RenderTableRow {TR} at (0,2) size 147x22
            RenderTableCell {TD} at (2,2) size 143x22 [border: (1px inset #808080)] [r=0 c=0 rs=1 cs=1]
              RenderText {#text} at (2,2) size 139x17
                text run at (2,2) width 139: "This is row number 0."
          RenderTableRow {TR} at (0,26) size 147x22
            RenderTableCell {TD} at (2,26) size 143x22 [border: (1px inset #808080)] [r=1 c=0 rs=1 cs=1]
              RenderText {#text} at (2,2) size 139x17
                text run at (2,2) width 139: "This is row number 1."
          RenderTableRow {TR} at (0,50) size 147x22
            RenderTableCell {TD} at (2,50) size 143x22 [border: (1px inset #808080)] [r=2 c=0 rs=1 cs=1]
              RenderText {#text} at (2,2) size 139x17
                text run at (2,2) width 139: "This is row number 2."
          RenderTableRow {TR} at (0,74) size 147x22
            RenderTableCell {TD} at (2,74) size 143x22 [border: (1px inset #808080)] [r=3 c=0 rs=1 cs=1]
              RenderText {#text} at (2,2) size 139x17
                text run at (2,2) width 139: "This is row number 3."
          RenderTableRow {TR} at (0,98) size 147x22
            RenderTableCell {TD} at (2,98) size 143x22 [border: (1px inset #808080)] [r=4 c=0 rs=1 cs=1]
              RenderText {#text} at (2,2) size 139x17
                text run at (2,2) width 139: "This is row number 4."
          RenderTableRow {TR} at (0,122) size 147x22
            RenderTableCell {TD} at (2,122) size 143x22 [border: (1px inset #808080)] [r=5 c=0 rs=1 cs=1]
              RenderText {#text} at (2,2) size 139x17
                text run at (2,2) width 139: "This is row number 5."
