layer at (0,0) size 800x600
  RenderView at (0,0) size 800x600
layer at (0,0) size 800x600
  RenderBlock {HTML} at (0,0) size 800x600
    RenderBody {BODY} at (20,8) size 760x584
      RenderBlock {DIV} at (0,20) size 256x544
        RenderBlock {DIV} at (0,0) size 256x83
          RenderInline {SPAN} at (0,0) size 241x83 [bgcolor=#DDDDDD] [border: (20px solid #808080)]
            RenderText {#text} at (27,35) size 73x48
              text run at (27,35) width 48: "   "
            RenderBR {BR} at (85,83) size 0x0
            RenderText {#text} at (155,0) size 73x48
              text run at (155,0) width 48: "   "
          RenderText {#text} at (0,0) size 0x0
        RenderText {#text} at (198,83) size 19x4
          text run at (198,83) width 4: " "
        RenderBlock {DIV} at (0,87) size 256x83
          RenderInline {SPAN} at (0,0) size 241x83 [bgcolor=#DDDDDD] [border: (20px groove #808080)]
            RenderText {#text} at (27,35) size 73x48
              text run at (27,35) width 48: "   "
            RenderBR {BR} at (85,83) size 0x0
            RenderText {#text} at (155,0) size 73x48
              text run at (155,0) width 48: "   "
          RenderText {#text} at (0,0) size 0x0
        RenderText {#text} at (198,170) size 19x4
          text run at (198,170) width 4: " "
        RenderBlock {DIV} at (0,174) size 256x83
          RenderInline {SPAN} at (0,0) size 241x83 [bgcolor=#DDDDDD] [border: (20px ridge #808080)]
            RenderText {#text} at (27,35) size 73x48
              text run at (27,35) width 48: "   "
            RenderBR {BR} at (85,83) size 0x0
            RenderText {#text} at (155,0) size 73x48
              text run at (155,0) width 48: "   "
          RenderText {#text} at (0,0) size 0x0
        RenderText {#text} at (198,257) size 19x4
          text run at (198,257) width 4: " "
        RenderBlock {DIV} at (0,261) size 256x83
          RenderInline {SPAN} at (0,0) size 241x83 [bgcolor=#DDDDDD] [border: (20px outset #808080)]
            RenderText {#text} at (27,35) size 73x48
              text run at (27,35) width 48: "   "
            RenderBR {BR} at (85,83) size 0x0
            RenderText {#text} at (155,0) size 73x48
              text run at (155,0) width 48: "   "
          RenderText {#text} at (0,0) size 0x0
        RenderText {#text} at (198,344) size 19x4
          text run at (198,344) width 4: " "
        RenderBlock {DIV} at (0,348) size 256x83
          RenderInline {SPAN} at (0,0) size 241x83 [bgcolor=#DDDDDD] [border: (20px inset #808080)]
            RenderText {#text} at (27,35) size 73x48
              text run at (27,35) width 48: "   "
            RenderBR {BR} at (85,83) size 0x0
            RenderText {#text} at (155,0) size 73x48
              text run at (155,0) width 48: "   "
          RenderText {#text} at (0,0) size 0x0
        RenderText {#text} at (198,431) size 19x4
          text run at (198,431) width 4: " "
        RenderBlock {DIV} at (0,435) size 256x83
          RenderInline {SPAN} at (0,0) size 241x83 [bgcolor=#DDDDDD] [border: (20px double #808080)]
            RenderText {#text} at (27,35) size 73x48
              text run at (27,35) width 48: "   "
            RenderBR {BR} at (85,83) size 0x0
            RenderText {#text} at (155,0) size 73x48
              text run at (155,0) width 48: "   "
          RenderText {#text} at (0,0) size 0x0
        RenderText {#text} at (0,0) size 0x0
      RenderBlock {DIV} at (276,20) size 256x544
        RenderBlock {DIV} at (0,0) size 256x83
          RenderInline {SPAN} at (0,0) size 241x83 [bgcolor=#DDDDDD] [border: (20px solid #808080)]
            RenderText {#text} at (27,35) size 73x48
              text run at (27,35) width 48: "   "
            RenderBR {BR} at (85,83) size 0x0
            RenderText {#text} at (155,0) size 73x48
              text run at (155,0) width 48: "   "
          RenderText {#text} at (0,0) size 0x0
        RenderText {#text} at (198,83) size 19x4
          text run at (198,83) width 4: " "
        RenderBlock {DIV} at (0,87) size 256x83
          RenderInline {SPAN} at (0,0) size 241x83 [bgcolor=#DDDDDD] [border: (20px groove #808080)]
            RenderText {#text} at (27,35) size 73x48
              text run at (27,35) width 48: "   "
            RenderBR {BR} at (85,83) size 0x0
            RenderText {#text} at (155,0) size 73x48
              text run at (155,0) width 48: "   "
          RenderText {#text} at (0,0) size 0x0
        RenderText {#text} at (198,170) size 19x4
          text run at (198,170) width 4: " "
        RenderBlock {DIV} at (0,174) size 256x83
          RenderInline {SPAN} at (0,0) size 241x83 [bgcolor=#DDDDDD] [border: (20px ridge #808080)]
            RenderText {#text} at (27,35) size 73x48
              text run at (27,35) width 48: "   "
            RenderBR {BR} at (85,83) size 0x0
            RenderText {#text} at (155,0) size 73x48
              text run at (155,0) width 48: "   "
          RenderText {#text} at (0,0) size 0x0
        RenderText {#text} at (198,257) size 19x4
          text run at (198,257) width 4: " "
        RenderBlock {DIV} at (0,261) size 256x83
          RenderInline {SPAN} at (0,0) size 241x83 [bgcolor=#DDDDDD] [border: (20px outset #808080)]
            RenderText {#text} at (27,35) size 73x48
              text run at (27,35) width 48: "   "
            RenderBR {BR} at (85,83) size 0x0
            RenderText {#text} at (155,0) size 73x48
              text run at (155,0) width 48: "   "
          RenderText {#text} at (0,0) size 0x0
        RenderText {#text} at (198,344) size 19x4
          text run at (198,344) width 4: " "
        RenderBlock {DIV} at (0,348) size 256x83
          RenderInline {SPAN} at (0,0) size 241x83 [bgcolor=#DDDDDD] [border: (20px inset #808080)]
            RenderText {#text} at (27,35) size 73x48
              text run at (27,35) width 48: "   "
            RenderBR {BR} at (85,83) size 0x0
            RenderText {#text} at (155,0) size 73x48
              text run at (155,0) width 48: "   "
          RenderText {#text} at (0,0) size 0x0
        RenderText {#text} at (198,431) size 19x4
          text run at (198,431) width 4: " "
        RenderBlock {DIV} at (0,435) size 256x83
          RenderInline {SPAN} at (0,0) size 241x83 [bgcolor=#DDDDDD] [border: (20px double #808080)]
            RenderText {#text} at (27,35) size 73x48
              text run at (27,35) width 48: "   "
            RenderBR {BR} at (85,83) size 0x0
            RenderText {#text} at (155,0) size 73x48
              text run at (155,0) width 48: "   "
          RenderText {#text} at (0,0) size 0x0
        RenderText {#text} at (0,0) size 0x0
