layer at (0,0) size 785x608
  RenderView at (0,0) size 785x600
layer at (0,0) size 785x600
  RenderBlock {HTML} at (0,0) size 785x600
    RenderBody {BODY} at (8,8) size 769x584
      RenderBlock {DIV} at (0,0) size 144x600
        RenderInline {SPAN} at (0,0) size 137x598 [bgcolor=#FFFFE0] [border: (5px solid #008000)]
          RenderText {#text} at (8,21) size 127x578
            text run at (8,21) width 578: "This sentence is too long to fit"
            text run at (80,139) width 302: "on a single line."
        RenderText {#text} at (0,0) size 0x0
      RenderBlock {DIV} at (194,0) size 144x600
        RenderInline {SPAN} at (0,0) size 137x598 [bgcolor=#FFFFE0] [border: (5px solid #008000)]
          RenderText {#text} at (8,21) size 127x578
            text run at (8,21) width 578: "This sentence is too long to fit"
            text run at (80,139) width 302: "on a single line."
        RenderText {#text} at (0,0) size 0x0
