layer at (0,0) size 800x600
  RenderView at (0,0) size 800x600
layer at (0,0) size 800x600
  RenderBlock {HTML} at (0,0) size 800x600
    RenderBody {BODY} at (8,8) size 784x584
      RenderBlock {DIV} at (0,0) size 132x500
        RenderInline {SPAN} at (0,0) size 22x395
          RenderText {#text} at (0,0) size 22x395
            text run at (0,0) width 395: "This text should be rotated 90 degrees and underlined."
        RenderText {#text} at (0,395) size 22x5
          text run at (0,395) width 5: " "
        RenderBR {BR} at (5,400) size 0x0
        RenderInline {SPAN} at (0,0) size 22x386
          RenderText {#text} at (22,0) size 22x386
            text run at (22,0) width 386: "This text should be rotated 90 degrees and overlined."
        RenderText {#text} at (22,386) size 22x5
          text run at (22,386) width 5: " "
        RenderBR {BR} at (27,391) size 0x0
        RenderInline {SPAN} at (0,0) size 22x423
          RenderText {#text} at (44,0) size 22x423
            text run at (44,0) width 423: "This text should be rotated 90 degrees and struck through."
        RenderText {#text} at (44,423) size 22x5
          text run at (44,423) width 5: " "
        RenderBR {BR} at (49,428) size 0x0
        RenderInline {SPAN} at (0,0) size 22x449
          RenderText {#text} at (66,0) size 22x449
            text run at (66,0) width 449: "This text should have a red shadow that is offset horizontally."
        RenderText {#text} at (66,449) size 22x5
          text run at (66,449) width 5: " "
        RenderBR {BR} at (71,454) size 0x0
        RenderBR {BR} at (88,0) size 22x0
        RenderInline {SPAN} at (0,0) size 22x460
          RenderText {#text} at (110,0) size 22x460
            text run at (110,0) width 460: "This text should have an overline plus horizontal green shadow"
