layer at (0,0) size 800x600
  RenderView at (0,0) size 800x600
layer at (0,0) size 340x600
  RenderBlock {HTML} at (0,0) size 340x600 [border: (10px solid #800000)]
    RenderBody {BODY} at (18,18) size 304x564 [border: (5px solid #000000)]
      RenderBlock {DIV} at (5,105) size 294x400
        RenderText {#text} at (0,0) size 294x399
          text run at (0,0) width 399: "\x{305B}\x{3063}\x{304B}\x{304F}\x{898B}\x{3064}\x{3051}\x{305F}\x{3059}\x{3070}\x{3089}\x{3057}\x{3044}\x{8A18}\x{4E8B}\x{304C}\x{3069}\x{3053}\x{306B}"
          text run at (21,0) width 399: "\x{3042}\x{3063}\x{305F}\x{304B}\x{5FD8}\x{308C}\x{3066}\x{3057}\x{307E}\x{3063}\x{305F}\x{7D4C}\x{9A13}\x{306F}\x{3042}\x{308A}\x{307E}\x{3059}\x{304B}"
          text run at (42,0) width 399: "\x{306A}\x{3089}\x{30BF}\x{30A4}\x{30C8}\x{30EB}\x{3068}\x{30A2}\x{30C9}\x{30EC}\x{30B9}\x{3060}\x{3051}\x{3067}\x{306A}\x{304F}\x{3001}\x{8A2A}\x{554F}"
          text run at (63,0) width 399: "\x{3057}\x{305F}\x{30A6}\x{30A7}\x{30D6}\x{30DA}\x{30FC}\x{30B8}\x{306E}\x{30B3}\x{30F3}\x{30C6}\x{30F3}\x{30C4}\x{304B}\x{3089}\x{3082}\x{691C}\x{7D22}"
          text run at (84,0) width 399: "\x{3059}\x{308B}\x{3053}\x{3068}\x{304C}\x{3067}\x{304D}\x{307E}\x{3059}\x{3002}\x{305B}\x{3063}\x{304B}\x{304F}\x{898B}\x{3064}\x{3051}\x{305F}\x{3059}"
          text run at (105,0) width 378: "\x{3070}\x{3089}\x{3057}\x{3044}\x{8A18}\x{4E8B}\x{304C}\x{3069}\x{3053}\x{306B}\x{3042}\x{3063}\x{305F}\x{304B}\x{5FD8}\x{308C}\x{3066}\x{3057}"
          text run at (126,0) width 389: "\x{307E}\x{3063}\x{305F}\x{7D4C}\x{9A13}\x{306F}\x{3042}\x{308A}\x{307E}\x{3059}\x{304B} \x{306A}\x{3089}\x{30BF}\x{30A4}\x{30C8}\x{30EB}\x{3068}"
          text run at (147,0) width 399: "\x{30A2}\x{30C9}\x{30EC}\x{30B9}\x{3060}\x{3051}\x{3067}\x{306A}\x{304F}\x{3001}\x{8A2A}\x{554F}\x{3057}\x{305F}\x{30A6}\x{30A7}\x{30D6}\x{30DA}\x{30FC}"
          text run at (168,0) width 399: "\x{30B8}\x{306E}\x{30B3}\x{30F3}\x{30C6}\x{30F3}\x{30C4}\x{304B}\x{3089}\x{3082}\x{691C}\x{7D22}\x{3059}\x{308B}\x{3053}\x{3068}\x{304C}\x{3067}\x{304D}"
          text run at (189,0) width 399: "\x{307E}\x{3059}\x{3002}\x{8A2A}\x{554F}\x{3057}\x{305F}\x{30A6}\x{30A7}\x{30D6}\x{30DA}\x{30FC}\x{30B8}\x{306E}\x{30B3}\x{30F3}\x{30C6}\x{30F3}\x{30C4}"
          text run at (210,0) width 399: "\x{304B}\x{3089}\x{3082}\x{691C}\x{7D22}\x{3059}\x{308B}\x{3053}\x{3068}\x{304C}\x{3067}\x{304D}\x{307E}\x{3059}\x{3002}\x{305B}\x{3063}\x{304B}\x{304F}"
          text run at (231,0) width 399: "\x{898B}\x{3064}\x{3051}\x{305F}\x{3059}\x{3070}\x{3089}\x{3057}\x{3044}\x{8A18}\x{4E8B}\x{304C}\x{3069}\x{3053}\x{306B}\x{3042}\x{3063}\x{305F}\x{304B}"
          text run at (252,0) width 389: "\x{5FD8}\x{308C}\x{3066}\x{3057}\x{307E}\x{3063}\x{305F}\x{7D4C}\x{9A13}\x{306F}\x{3042}\x{308A}\x{307E}\x{3059}\x{304B} \x{306A}\x{3089}\x{30BF}"
          text run at (273,0) width 336: "\x{30A4}\x{30C8}\x{30EB}\x{3068}\x{30A2}\x{30C9}\x{30EC}\x{30B9}\x{3060}\x{3051}\x{3067}\x{306A}\x{304F}\x{3001}\x{8A2A}\x{554F}"
selection start: position 5 of child 0 {#text} of child 1 {DIV} of body
selection end:   position 251 of child 0 {#text} of child 1 {DIV} of body
