layer at (0,0) size 4391x585
  RenderView at (0,0) size 800x585
layer at (-3591,0) size 4391x585 backgroundClip at (0,0) size 4391x585 clip at (0,0) size 4391x585
  RenderBlock {HTML} at (0,0) size 4392x585
    RenderBody {BODY} at (58,46) size 4275x493
      RenderBlock {H1} at (0,0) size 48x492
        RenderText {#text} at (6,0) size 36x66
          text run at (6,0) width 66: "\x{8349}\x{6795}"
      RenderBlock {H2} at (69,0) size 37x492
        RenderText {#text} at (5,0) size 26x100
          text run at (5,0) width 100: "\x{590F}\x{76EE}\x{6F31}\x{77F3}"
      RenderBlock {DIV} at (125,0) size 4150x492
        RenderBlock (anonymous) at (0,0) size 2353x492
          RenderBR {BR} at (0,0) size 19x0
          RenderBR {BR} at (20,0) size 19x0
          RenderBR {BR} at (40,0) size 19x0
          RenderText {#text} at (60,0) size 19x104
            text run at (60,0) width 104: "\x{3000}\x{3000}\x{3000}\x{3000}\x{3000}\x{3000}\x{3000}\x{3000}\x{4E00}"
          RenderBR {BR} at (60,104) size 19x0
          RenderBR {BR} at (80,0) size 19x0
          RenderText {#text} at (111,0) size 19x11
            text run at (111,0) width 11: "\x{3000}"
          RenderRuby (inline) {RUBY} at (0,0) size 19x32
            RenderRubyRun (anonymous) at (111,10) size 20x34
              RenderRubyText {RT} at (-12,0) size 12x34
                RenderText {#text} at (0,0) size 12x34
                  text run at (0,0) width 34: "\x{3084}\x{307E}\x{307F}\x{3061}"
              RenderRubyBase (anonymous) at (0,0) size 20x34
                RenderInline {RB} at (0,0) size 19x32
                  RenderText {#text} at (0,1) size 19x32
                    text run at (0,1) width 32: "\x{5C71}\x{8DEF}"
          RenderText {#text} at (111,43) size 19x176
            text run at (111,43) width 176: "\x{3092}\x{767B}\x{308A}\x{306A}\x{304C}\x{3089}\x{3001}\x{3053}\x{3046}\x{8003}\x{3048}\x{305F}\x{3002}"
          RenderBR {BR} at (111,219) size 19x0
          RenderText {#text} at (142,0) size 19x11
            text run at (142,0) width 11: "\x{3000}"
          RenderRuby (inline) {RUBY} at (0,0) size 19x16
            RenderRubyRun (anonymous) at (142,11) size 20x16
              RenderRubyText {RT} at (-12,0) size 12x16
                RenderText {#text} at (0,4) size 12x8
                  text run at (0,4) width 8: "\x{3061}"
              RenderRubyBase (anonymous) at (0,0) size 20x16
                RenderInline {RB} at (0,0) size 19x16
                  RenderText {#text} at (0,0) size 19x16
                    text run at (0,0) width 16: "\x{667A}"
          RenderText {#text} at (142,27) size 19x62
            text run at (142,27) width 62: "\x{306B}\x{50CD}\x{3051}\x{3070}"
          RenderRuby (inline) {RUBY} at (0,0) size 19x16
            RenderRubyRun (anonymous) at (142,88) size 20x18
              RenderRubyText {RT} at (-12,0) size 12x17
                RenderText {#text} at (0,0) size 12x17
                  text run at (0,0) width 17: "\x{304B}\x{3069}"
              RenderRubyBase (anonymous) at (0,0) size 20x17
                RenderInline {RB} at (0,0) size 19x17
                  RenderText {#text} at (0,0) size 19x17
                    text run at (0,0) width 16: "\x{89D2}"
          RenderText {#text} at (142,105) size 19x58
            text run at (142,105) width 58: "\x{304C}\x{7ACB}\x{3064}\x{3002}"
          RenderRuby (inline) {RUBY} at (0,0) size 19x16
            RenderRubyRun (anonymous) at (142,161) size 20x20
              RenderRubyText {RT} at (-12,0) size 12x20
                RenderText {#text} at (0,0) size 12x20
                  text run at (0,0) width 20: "\x{3058}\x{3087}\x{3046}"
              RenderRubyBase (anonymous) at (0,0) size 20x20
                RenderInline {RB} at (0,0) size 19x16
                  RenderText {#text} at (0,2) size 19x16
                    text run at (0,2) width 16: "\x{60C5}"
          RenderText {#text} at (142,179) size 19x15
            text run at (142,179) width 15: "\x{306B}"
          RenderRuby (inline) {RUBY} at (0,0) size 19x16
            RenderRubyRun (anonymous) at (142,194) size 20x16
              RenderRubyText {RT} at (-12,0) size 12x16
                RenderText {#text} at (0,0) size 12x16
                  text run at (0,0) width 16: "\x{3055}\x{304A}"
              RenderRubyBase (anonymous) at (0,0) size 20x16
                RenderInline {RB} at (0,0) size 19x16
                  RenderText {#text} at (0,0) size 19x16
                    text run at (0,0) width 16: "\x{68F9}"
          RenderText {#text} at (142,210) size 19x159
            text run at (142,210) width 159: "\x{3055}\x{305B}\x{3070}\x{6D41}\x{3055}\x{308C}\x{308B}\x{3002}\x{610F}\x{5730}\x{3092}"
          RenderRuby (inline) {RUBY} at (0,0) size 19x16
            RenderRubyRun (anonymous) at (142,369) size 20x16
              RenderRubyText {RT} at (-12,0) size 12x16
                RenderText {#text} at (0,0) size 12x16
                  text run at (0,0) width 16: "\x{3068}\x{304A}"
              RenderRubyBase (anonymous) at (0,0) size 20x16
                RenderInline {RB} at (0,0) size 19x16
                  RenderText {#text} at (0,0) size 19x16
                    text run at (0,0) width 16: "\x{901A}"
          RenderText {#text} at (142,385) size 19x32
            text run at (142,385) width 32: "\x{305B}\x{3070}"
          RenderRuby (inline) {RUBY} at (0,0) size 19x32
            RenderRubyRun (anonymous) at (142,415) size 20x36
              RenderRubyText {RT} at (-12,0) size 12x36
                RenderText {#text} at (0,0) size 12x36
                  text run at (0,0) width 36: "\x{304D}\x{3085}\x{3046}\x{304F}\x{3064}"
              RenderRubyBase (anonymous) at (0,0) size 20x36
                RenderInline {RB} at (0,0) size 19x32
                  RenderText {#text} at (0,2) size 19x32
                    text run at (0,2) width 32: "\x{7AAE}\x{5C48}"
          RenderText {#text} at (142,449) size 39x487
            text run at (142,449) width 38: "\x{3060}\x{3002}\x{3068}"
            text run at (162,0) width 186: "\x{304B}\x{304F}\x{306B}\x{4EBA}\x{306E}\x{4E16}\x{306F}\x{4F4F}\x{307F}\x{306B}\x{304F}\x{3044}\x{3002}"
          RenderBR {BR} at (162,186) size 19x0
          RenderText {#text} at (193,0) size 19x95
            text run at (193,0) width 95: "\x{3000}\x{4F4F}\x{307F}\x{306B}\x{304F}\x{3055}\x{304C}"
          RenderRuby (inline) {RUBY} at (0,0) size 19x16
            RenderRubyRun (anonymous) at (193,95) size 20x16
              RenderRubyText {RT} at (-12,0) size 12x16
                RenderText {#text} at (0,1) size 12x14
                  text run at (0,1) width 13: "\x{3053}\x{3046}"
              RenderRubyBase (anonymous) at (0,0) size 20x16
                RenderInline {RB} at (0,0) size 19x16
                  RenderText {#text} at (0,0) size 19x16
                    text run at (0,0) width 16: "\x{9AD8}"
          RenderText {#text} at (193,111) size 50x489
            text run at (193,111) width 378: "\x{3058}\x{308B}\x{3068}\x{3001}\x{5B89}\x{3044}\x{6240}\x{3078}\x{5F15}\x{304D}\x{8D8A}\x{3057}\x{305F}\x{304F}\x{306A}\x{308B}\x{3002}\x{3069}\x{3053}\x{3078}\x{8D8A}\x{3057}\x{3066}\x{3082}\x{4F4F}\x{307F}\x{306B}"
            text run at (224,0) width 36: "\x{304F}\x{3044}\x{3068}"
          RenderRuby (inline) {RUBY} at (0,0) size 19x16
            RenderRubyRun (anonymous) at (224,36) size 20x16
              RenderRubyText {RT} at (-12,0) size 12x16
                RenderText {#text} at (0,1) size 12x14
                  text run at (0,1) width 14: "\x{3055}\x{3068}"
              RenderRubyBase (anonymous) at (0,0) size 20x16
                RenderInline {RB} at (0,0) size 19x16
                  RenderText {#text} at (0,0) size 19x16
                    text run at (0,0) width 16: "\x{609F}"
          RenderText {#text} at (224,52) size 19x144
            text run at (224,52) width 144: "\x{3063}\x{305F}\x{6642}\x{3001}\x{8A69}\x{304C}\x{751F}\x{308C}\x{3066}\x{3001}"
          RenderRuby (inline) {RUBY} at (0,0) size 19x16
            RenderRubyRun (anonymous) at (224,196) size 20x16
              RenderRubyText {RT} at (-12,0) size 12x16
                RenderText {#text} at (0,4) size 12x8
                  text run at (0,4) width 8: "\x{3048}"
              RenderRubyBase (anonymous) at (0,0) size 20x16
                RenderInline {RB} at (0,0) size 19x16
                  RenderText {#text} at (0,0) size 19x16
                    text run at (0,0) width 16: "\x{753B}"
          RenderText {#text} at (224,212) size 19x73
            text run at (224,212) width 73: "\x{304C}\x{51FA}\x{6765}\x{308B}\x{3002}"
          RenderBR {BR} at (224,285) size 19x0
          RenderText {#text} at (255,0) size 19x11
            text run at (255,0) width 11: "\x{3000}"
          RenderInline {STRONG} at (0,0) size 19x51
            RenderText {#text} at (255,11) size 19x51
              text run at (255,11) width 51: "\x{4EBA}\x{306E}\x{4E16}"
          RenderText {#text} at (255,62) size 19x393
            text run at (255,62) width 393: "\x{3092}\x{4F5C}\x{3063}\x{305F}\x{3082}\x{306E}\x{306F}\x{795E}\x{3067}\x{3082}\x{306A}\x{3051}\x{308C}\x{3070}\x{9B3C}\x{3067}\x{3082}\x{306A}\x{3044}\x{3002}\x{3084}\x{306F}\x{308A}\x{5411}\x{3046}\x{4E09}\x{8ED2}"
          RenderRuby (inline) {RUBY} at (0,0) size 19x34
            RenderRubyRun (anonymous) at (255,453) size 20x36
              RenderRubyText {RT} at (-12,0) size 12x36
                RenderText {#text} at (0,0) size 12x36
                  text run at (0,0) width 36: "\x{308A}\x{3087}\x{3046}\x{3069}\x{306A}"
              RenderRubyBase (anonymous) at (0,0) size 20x36
                RenderInline {RB} at (0,0) size 19x32
                  RenderText {#text} at (0,2) size 19x32
                    text run at (0,2) width 32: "\x{4E21}\x{96A3}"
          RenderText {#text} at (275,0) size 19x348
            text run at (275,0) width 348: "\x{308A}\x{306B}\x{3061}\x{3089}\x{3061}\x{3089}\x{3059}\x{308B}\x{305F}\x{3060}\x{306E}\x{4EBA}\x{3067}\x{3042}\x{308B}\x{3002}\x{305F}\x{3060}\x{306E}\x{4EBA}\x{304C}\x{4F5C}\x{3063}\x{305F}"
          RenderInline {STRONG} at (0,0) size 19x51
            RenderText {#text} at (275,348) size 19x51
              text run at (275,348) width 51: "\x{4EBA}\x{306E}\x{4E16}"
          RenderText {#text} at (275,399) size 39x486
            text run at (275,399) width 87: "\x{304C}\x{4F4F}\x{307F}\x{306B}\x{304F}\x{3044}"
            text run at (295,0) width 245: "\x{304B}\x{3089}\x{3068}\x{3066}\x{3001}\x{8D8A}\x{3059}\x{56FD}\x{306F}\x{3042}\x{308B}\x{307E}\x{3044}\x{3002}\x{3042}\x{308C}\x{3070}"
          RenderInline {STRONG} at (0,0) size 19x60
            RenderText {#text} at (295,245) size 19x60
              text run at (295,245) width 60: "\x{4EBA}\x{3067}\x{306A}\x{3057}"
          RenderText {#text} at (295,305) size 19x143
            text run at (295,305) width 143: "\x{306E}\x{56FD}\x{3078}\x{884C}\x{304F}\x{3070}\x{304B}\x{308A}\x{3060}\x{3002}"
          RenderInline {STRONG} at (0,0) size 39x480
            RenderText {#text} at (295,448) size 39x480
              text run at (295,448) width 32: "\x{4EBA}\x{3067}"
              text run at (315,0) width 28: "\x{306A}\x{3057}"
          RenderText {#text} at (315,28) size 19x48
            text run at (315,28) width 48: "\x{306E}\x{56FD}\x{306F}"
          RenderInline {STRONG} at (0,0) size 19x51
            RenderText {#text} at (315,76) size 19x51
              text run at (315,76) width 51: "\x{4EBA}\x{306E}\x{4E16}"
          RenderText {#text} at (315,127) size 19x176
            text run at (315,127) width 176: "\x{3088}\x{308A}\x{3082}\x{306A}\x{304A}\x{4F4F}\x{307F}\x{306B}\x{304F}\x{304B}\x{308D}\x{3046}\x{3002}"
          RenderBR {BR} at (315,303) size 19x0
          RenderText {#text} at (346,0) size 19x451
            text run at (346,0) width 451: "\x{3000}\x{8D8A}\x{3059}\x{4E8B}\x{306E}\x{306A}\x{3089}\x{306C}\x{4E16}\x{304C}\x{4F4F}\x{307F}\x{306B}\x{304F}\x{3051}\x{308C}\x{3070}\x{3001}\x{4F4F}\x{307F}\x{306B}\x{304F}\x{3044}\x{6240}\x{3092}\x{3069}\x{308C}\x{307B}\x{3069}\x{304B}\x{3001}"
          RenderRuby (inline) {RUBY} at (0,0) size 19x32
            RenderRubyRun (anonymous) at (346,451) size 20x32
              RenderRubyText {RT} at (-12,0) size 12x32
                RenderText {#text} at (0,1) size 12x30
                  text run at (0,1) width 30: "\x{304F}\x{3064}\x{308D}\x{3052}"
              RenderRubyBase (anonymous) at (0,0) size 20x32
                RenderInline {RB} at (0,0) size 19x32
                  RenderText {#text} at (0,0) size 19x32
                    text run at (0,0) width 32: "\x{5BDB}\x{5BB9}"
          RenderText {#text} at (377,0) size 19x25
            text run at (377,0) width 25: "\x{3066}\x{3001}"
          RenderRuby (inline) {RUBY} at (0,0) size 19x16
            RenderRubyRun (anonymous) at (377,24) size 20x18
              RenderRubyText {RT} at (-12,0) size 12x18
                RenderText {#text} at (0,0) size 12x18
                  text run at (0,0) width 18: "\x{3064}\x{304B}"
              RenderRubyBase (anonymous) at (0,0) size 20x18
                RenderInline {RB} at (0,0) size 19x16
                  RenderText {#text} at (0,1) size 19x16
                    text run at (0,1) width 16: "\x{675F}"
          RenderText {#text} at (377,41) size 19x16
            text run at (377,41) width 16: "\x{306E}"
          RenderRuby (inline) {RUBY} at (0,0) size 19x16
            RenderRubyRun (anonymous) at (377,57) size 20x16
              RenderRubyText {RT} at (-12,0) size 12x16
                RenderText {#text} at (0,4) size 12x8
                  text run at (0,4) width 8: "\x{307E}"
              RenderRubyBase (anonymous) at (0,0) size 20x16
                RenderInline {RB} at (0,0) size 19x16
                  RenderText {#text} at (0,0) size 19x16
                    text run at (0,0) width 16: "\x{9593}"
          RenderText {#text} at (377,73) size 50x489
            text run at (377,73) width 416: "\x{306E}\x{547D}\x{3092}\x{3001}\x{675F}\x{306E}\x{9593}\x{3067}\x{3082}\x{4F4F}\x{307F}\x{3088}\x{304F}\x{305B}\x{306D}\x{3070}\x{306A}\x{3089}\x{306C}\x{3002}\x{3053}\x{3053}\x{306B}\x{8A69}\x{4EBA}\x{3068}\x{3044}\x{3046}\x{5929}"
            text run at (408,0) width 248: "\x{8077}\x{304C}\x{51FA}\x{6765}\x{3066}\x{3001}\x{3053}\x{3053}\x{306B}\x{753B}\x{5BB6}\x{3068}\x{3044}\x{3046}\x{4F7F}\x{547D}\x{304C}"
          RenderRuby (inline) {RUBY} at (0,0) size 19x16
            RenderRubyRun (anonymous) at (408,248) size 20x16
              RenderRubyText {RT} at (-12,0) size 12x16
                RenderText {#text} at (0,1) size 12x14
                  text run at (0,1) width 13: "\x{304F}\x{3060}"
              RenderRubyBase (anonymous) at (0,0) size 20x16
                RenderInline {RB} at (0,0) size 19x16
                  RenderText {#text} at (0,0) size 19x16
                    text run at (0,0) width 16: "\x{964D}"
          RenderText {#text} at (408,264) size 19x225
            text run at (408,264) width 225: "\x{308B}\x{3002}\x{3042}\x{3089}\x{3086}\x{308B}\x{82B8}\x{8853}\x{306E}\x{58EB}\x{306F}\x{4EBA}\x{306E}\x{4E16}\x{3092}"
          RenderRuby (inline) {RUBY} at (0,0) size 19x32
            RenderRubyRun (anonymous) at (439,0) size 20x32
              RenderRubyText {RT} at (-12,0) size 12x32
                RenderText {#text} at (0,3) size 12x26
                  text run at (0,3) width 26: "\x{306E}\x{3069}\x{304B}"
              RenderRubyBase (anonymous) at (0,0) size 20x32
                RenderInline {RB} at (0,0) size 19x32
                  RenderText {#text} at (0,0) size 19x32
                    text run at (0,0) width 32: "\x{9577}\x{9591}"
          RenderText {#text} at (439,32) size 19x192
            text run at (439,32) width 192: "\x{306B}\x{3057}\x{3001}\x{4EBA}\x{306E}\x{5FC3}\x{3092}\x{8C4A}\x{304B}\x{306B}\x{3059}\x{308B}\x{304C}"
          RenderRuby (inline) {RUBY} at (0,0) size 19x16
            RenderRubyRun (anonymous) at (439,224) size 20x16
              RenderRubyText {RT} at (-12,0) size 12x16
                RenderText {#text} at (0,0) size 12x16
                  text run at (0,0) width 16: "\x{3086}\x{3048}"
              RenderRubyBase (anonymous) at (0,0) size 20x16
                RenderInline {RB} at (0,0) size 19x16
                  RenderText {#text} at (0,0) size 19x16
                    text run at (0,0) width 16: "\x{6545}"
          RenderText {#text} at (439,240) size 19x15
            text run at (439,240) width 15: "\x{306B}"
          RenderRuby (inline) {RUBY} at (0,0) size 19x16
            RenderRubyRun (anonymous) at (439,255) size 20x16
              RenderRubyText {RT} at (-12,0) size 12x16
                RenderText {#text} at (0,0) size 12x16
                  text run at (0,0) width 15: "\x{305F}\x{3063}"
              RenderRubyBase (anonymous) at (0,0) size 20x16
                RenderInline {RB} at (0,0) size 19x16
                  RenderText {#text} at (0,0) size 19x16
                    text run at (0,0) width 16: "\x{5C0A}"
          RenderText {#text} at (439,271) size 19x38
            text run at (439,271) width 38: "\x{3068}\x{3044}\x{3002}"
          RenderBR {BR} at (439,309) size 19x0
          RenderText {#text} at (470,0) size 19x207
            text run at (470,0) width 207: "\x{3000}\x{4F4F}\x{307F}\x{306B}\x{304F}\x{304D}\x{4E16}\x{304B}\x{3089}\x{3001}\x{4F4F}\x{307F}\x{306B}\x{304F}\x{304D}"
          RenderRuby (inline) {RUBY} at (0,0) size 19x16
            RenderRubyRun (anonymous) at (470,203) size 20x24
              RenderRubyText {RT} at (-12,0) size 12x24
                RenderText {#text} at (0,0) size 12x24
                  text run at (0,0) width 24: "\x{308F}\x{305A}\x{3089}"
              RenderRubyBase (anonymous) at (0,0) size 20x24
                RenderInline {RB} at (0,0) size 19x16
                  RenderText {#text} at (0,4) size 19x16
                    text run at (0,4) width 16: "\x{7169}"
          RenderText {#text} at (470,223) size 50x487
            text run at (470,223) width 264: "\x{3044}\x{3092}\x{5F15}\x{304D}\x{629C}\x{3044}\x{3066}\x{3001}\x{3042}\x{308A}\x{304C}\x{305F}\x{3044}\x{4E16}\x{754C}\x{3092}\x{307E}\x{306E}"
            text run at (501,0) width 190: "\x{3042}\x{305F}\x{308A}\x{306B}\x{5199}\x{3059}\x{306E}\x{304C}\x{8A69}\x{3067}\x{3042}\x{308B}\x{3001}"
          RenderRuby (inline) {RUBY} at (0,0) size 19x16
            RenderRubyRun (anonymous) at (501,190) size 20x16
              RenderRubyText {RT} at (-12,0) size 12x16
                RenderText {#text} at (0,4) size 12x8
                  text run at (0,4) width 8: "\x{3048}"
              RenderRubyBase (anonymous) at (0,0) size 20x16
                RenderInline {RB} at (0,0) size 19x16
                  RenderText {#text} at (0,0) size 19x16
                    text run at (0,0) width 16: "\x{753B}"
          RenderText {#text} at (501,206) size 50x478
            text run at (501,206) width 272: "\x{3067}\x{3042}\x{308B}\x{3002}\x{3042}\x{308B}\x{306F}\x{97F3}\x{697D}\x{3068}\x{5F6B}\x{523B}\x{3067}\x{3042}\x{308B}\x{3002}\x{3053}\x{307E}\x{304B}"
            text run at (532,0) width 15: "\x{306B}"
          RenderRuby (inline) {RUBY} at (0,0) size 19x16
            RenderRubyRun (anonymous) at (532,15) size 20x16
              RenderRubyText {RT} at (-12,0) size 12x16
                RenderText {#text} at (0,3) size 12x10
                  text run at (0,3) width 9: "\x{3044}"
              RenderRubyBase (anonymous) at (0,0) size 20x16
                RenderInline {RB} at (0,0) size 19x16
                  RenderText {#text} at (0,0) size 19x16
                    text run at (0,0) width 16: "\x{4E91}"
          RenderText {#text} at (532,31) size 50x490
            text run at (532,31) width 459: "\x{3048}\x{3070}\x{5199}\x{3055}\x{306A}\x{3044}\x{3067}\x{3082}\x{3088}\x{3044}\x{3002}\x{305F}\x{3060}\x{307E}\x{306E}\x{3042}\x{305F}\x{308A}\x{306B}\x{898B}\x{308C}\x{3070}\x{3001}\x{305D}\x{3053}\x{306B}\x{8A69}\x{3082}\x{751F}\x{304D}\x{3001}\x{6B4C}"
            text run at (563,0) width 13: "\x{3082}"
          RenderRuby (inline) {RUBY} at (0,0) size 19x16
            RenderRubyRun (anonymous) at (563,13) size 20x16
              RenderRubyText {RT} at (-12,0) size 12x16
                RenderText {#text} at (0,3) size 12x10
                  text run at (0,3) width 9: "\x{308F}"
              RenderRubyBase (anonymous) at (0,0) size 20x16
                RenderInline {RB} at (0,0) size 19x16
                  RenderText {#text} at (0,0) size 19x16
                    text run at (0,0) width 16: "\x{6E67}"
          RenderText {#text} at (563,29) size 19x166
            text run at (563,29) width 166: "\x{304F}\x{3002}\x{7740}\x{60F3}\x{3092}\x{7D19}\x{306B}\x{843D}\x{3055}\x{306C}\x{3068}\x{3082}"
          RenderRuby (inline) {RUBY} at (0,0) size 19x32
            RenderRubyRun (anonymous) at (563,193) size 20x36
              RenderRubyText {RT} at (-12,0) size 12x36
                RenderText {#text} at (0,0) size 12x36
                  text run at (0,0) width 36: "\x{304D}\x{3085}\x{3046}\x{305D}\x{3046}"
              RenderRubyBase (anonymous) at (0,0) size 20x36
                RenderInline {RB} at (0,0) size 19x32
                  RenderText {#text} at (0,2) size 19x16
                    text run at (0,2) width 16: "\x{7486}"
                  RenderText {#text} at (0,18) size 19x16
                    text run at (0,18) width 16: "\x{93D8}"
          RenderText {#text} at (563,227) size 19x16
            text run at (563,227) width 16: "\x{306E}"
          RenderRuby (inline) {RUBY} at (0,0) size 19x16
            RenderRubyRun (anonymous) at (563,242) size 20x18
              RenderRubyText {RT} at (-12,0) size 12x17
                RenderText {#text} at (0,0) size 12x17
                  text run at (0,0) width 17: "\x{304A}\x{3093}"
              RenderRubyBase (anonymous) at (0,0) size 20x17
                RenderInline {RB} at (0,0) size 19x17
                  RenderText {#text} at (0,0) size 19x17
                    text run at (0,0) width 16: "\x{97F3}"
          RenderText {#text} at (563,259) size 19x16
            text run at (563,259) width 16: "\x{306F}"
          RenderRuby (inline) {RUBY} at (0,0) size 19x32
            RenderRubyRun (anonymous) at (563,275) size 20x32
              RenderRubyText {RT} at (-12,0) size 12x32
                RenderText {#text} at (0,2) size 12x28
                  text run at (0,2) width 28: "\x{304D}\x{3087}\x{3046}\x{308A}"
              RenderRubyBase (anonymous) at (0,0) size 20x32
                RenderInline {RB} at (0,0) size 19x32
                  RenderText {#text} at (0,0) size 19x32
                    text run at (0,0) width 32: "\x{80F8}\x{88CF}"
          RenderText {#text} at (563,307) size 19x15
            text run at (563,307) width 15: "\x{306B}"
          RenderRuby (inline) {RUBY} at (0,0) size 19x16
            RenderRubyRun (anonymous) at (563,322) size 20x16
              RenderRubyText {RT} at (-12,0) size 12x16
                RenderText {#text} at (0,0) size 12x16
                  text run at (0,0) width 16: "\x{304A}\x{3053}"
              RenderRubyBase (anonymous) at (0,0) size 20x16
                RenderInline {RB} at (0,0) size 19x16
                  RenderText {#text} at (0,0) size 19x16
                    text run at (0,0) width 16: "\x{8D77}"
          RenderText {#text} at (563,338) size 19x25
            text run at (563,338) width 25: "\x{308B}\x{3002}"
          RenderRuby (inline) {RUBY} at (0,0) size 19x32
            RenderRubyRun (anonymous) at (563,362) size 20x34
              RenderRubyText {RT} at (-12,0) size 12x34
                RenderText {#text} at (0,0) size 12x34
                  text run at (0,0) width 34: "\x{305F}\x{3093}\x{305B}\x{3044}"
              RenderRubyBase (anonymous) at (0,0) size 20x34
                RenderInline {RB} at (0,0) size 19x32
                  RenderText {#text} at (0,1) size 19x32
                    text run at (0,1) width 32: "\x{4E39}\x{9752}"
          RenderText {#text} at (563,395) size 19x16
            text run at (563,395) width 16: "\x{306F}"
          RenderRuby (inline) {RUBY} at (0,0) size 19x32
            RenderRubyRun (anonymous) at (563,411) size 20x32
              RenderRubyText {RT} at (-12,0) size 12x32
                RenderText {#text} at (0,7) size 12x18
                  text run at (0,7) width 18: "\x{304C}\x{304B}"
              RenderRubyBase (anonymous) at (0,0) size 20x32
                RenderInline {RB} at (0,0) size 19x32
                  RenderText {#text} at (0,0) size 19x32
                    text run at (0,0) width 32: "\x{753B}\x{67B6}"
          RenderText {#text} at (563,443) size 50x487
            text run at (563,443) width 44: "\x{306B}\x{5411}\x{3063}"
            text run at (594,0) width 14: "\x{3066}"
          RenderRuby (inline) {RUBY} at (0,0) size 19x32
            RenderRubyRun (anonymous) at (594,14) size 20x32
              RenderRubyText {RT} at (-12,0) size 12x32
                RenderText {#text} at (0,4) size 12x24
                  text run at (0,4) width 24: "\x{3068}\x{307E}\x{3064}"
              RenderRubyBase (anonymous) at (0,0) size 20x32
                RenderInline {RB} at (0,0) size 19x32
                  RenderText {#text} at (0,0) size 19x32
                    text run at (0,0) width 32: "\x{5857}\x{62B9}"
          RenderText {#text} at (594,46) size 19x58
            text run at (594,46) width 58: "\x{305B}\x{3093}\x{3067}\x{3082}"
          RenderRuby (inline) {RUBY} at (0,0) size 19x32
            RenderRubyRun (anonymous) at (594,104) size 20x32
              RenderRubyText {RT} at (-12,0) size 12x32
                RenderText {#text} at (0,4) size 12x24
                  text run at (0,4) width 24: "\x{3054}\x{3055}\x{3044}"
              RenderRubyBase (anonymous) at (0,0) size 20x32
                RenderInline {RB} at (0,0) size 19x32
                  RenderText {#text} at (0,0) size 19x32
                    text run at (0,0) width 32: "\x{4E94}\x{5F69}"
          RenderText {#text} at (594,136) size 19x16
            text run at (594,136) width 16: "\x{306E}"
          RenderRuby (inline) {RUBY} at (0,0) size 19x32
            RenderRubyRun (anonymous) at (594,152) size 20x32
              RenderRubyText {RT} at (-12,0) size 12x32
                RenderText {#text} at (0,0) size 12x32
                  text run at (0,0) width 32: "\x{3051}\x{3093}\x{3089}\x{3093}"
              RenderRubyBase (anonymous) at (0,0) size 20x32
                RenderInline {RB} at (0,0) size 19x32
                  RenderText {#text} at (0,0) size 19x32
                    text run at (0,0) width 32: "\x{7D62}\x{721B}"
          RenderText {#text} at (594,184) size 19x16
            text run at (594,184) width 16: "\x{306F}"
          RenderRuby (inline) {RUBY} at (0,0) size 19x17
            RenderRubyRun (anonymous) at (594,195) size 20x27
              RenderRubyText {RT} at (-12,0) size 12x26
                RenderText {#text} at (0,0) size 12x26
                  text run at (0,0) width 26: "\x{304A}\x{306E}\x{305A}"
              RenderRubyBase (anonymous) at (0,0) size 20x26
                RenderInline {RB} at (0,0) size 19x16
                  RenderText {#text} at (0,5) size 19x16
                    text run at (0,5) width 16: "\x{81EA}"
          RenderText {#text} at (594,217) size 19x29
            text run at (594,217) width 29: "\x{304B}\x{3089}"
          RenderRuby (inline) {RUBY} at (0,0) size 19x32
            RenderRubyRun (anonymous) at (594,246) size 20x32
              RenderRubyText {RT} at (-12,0) size 12x32
                RenderText {#text} at (0,0) size 12x32
                  text run at (0,0) width 32: "\x{3057}\x{3093}\x{304C}\x{3093}"
              RenderRubyBase (anonymous) at (0,0) size 20x32
                RenderInline {RB} at (0,0) size 19x32
                  RenderText {#text} at (0,0) size 19x32
                    text run at (0,0) width 32: "\x{5FC3}\x{773C}"
          RenderText {#text} at (594,278) size 50x484
            text run at (594,278) width 206: "\x{306B}\x{6620}\x{308B}\x{3002}\x{305F}\x{3060}\x{304A}\x{306E}\x{304C}\x{4F4F}\x{3080}\x{4E16}\x{3092}\x{3001}"
            text run at (625,0) width 25: "\x{304B}\x{304F}"
          RenderRuby (inline) {RUBY} at (0,0) size 19x16
            RenderRubyRun (anonymous) at (625,24) size 20x18
              RenderRubyText {RT} at (-12,0) size 12x17
                RenderText {#text} at (0,0) size 12x17
                  text run at (0,0) width 17: "\x{304B}\x{3093}"
              RenderRubyBase (anonymous) at (0,0) size 20x17
                RenderInline {RB} at (0,0) size 19x17
                  RenderText {#text} at (0,0) size 19x17
                    text run at (0,0) width 16: "\x{89B3}"
          RenderText {#text} at (625,41) size 19x53
            text run at (625,41) width 53: "\x{3058}\x{5F97}\x{3066}\x{3001}"
          RenderRuby (inline) {RUBY} at (0,0) size 19x64
            RenderRubyRun (anonymous) at (625,93) size 20x66
              RenderRubyText {RT} at (-12,0) size 12x66
                RenderText {#text} at (0,0) size 12x66
                  text run at (0,0) width 66: "\x{308C}\x{3044}\x{3060}\x{3044}\x{307B}\x{3046}\x{3059}\x{3093}"
              RenderRubyBase (anonymous) at (0,0) size 20x66
                RenderInline {RB} at (0,0) size 19x64
                  RenderText {#text} at (0,1) size 19x64
                    text run at (0,1) width 64: "\x{970A}\x{53F0}\x{65B9}\x{5BF8}"
          RenderText {#text} at (625,158) size 19x69
            text run at (625,158) width 69: "\x{306E}\x{30AB}\x{30E1}\x{30E9}\x{306B}"
          RenderRuby (inline) {RUBY} at (0,0) size 19x64
            RenderRubyRun (anonymous) at (625,227) size 20x64
              RenderRubyText {RT} at (-12,0) size 12x64
                RenderText {#text} at (0,3) size 12x58
                  text run at (0,3) width 57: "\x{304E}\x{3087}\x{3046}\x{304D}\x{3053}\x{3093}\x{3060}\x{304F}"
              RenderRubyBase (anonymous) at (0,0) size 20x64
                RenderInline {RB} at (0,0) size 19x64
                  RenderText {#text} at (0,0) size 19x64
                    text run at (0,0) width 64: "\x{6F86}\x{5B63}\x{6EB7}\x{6FC1}"
          RenderText {#text} at (625,291) size 19x187
            text run at (625,291) width 187: "\x{306E}\x{4FD7}\x{754C}\x{3092}\x{6E05}\x{304F}\x{3046}\x{3089}\x{3089}\x{304B}\x{306B}\x{53CE}\x{3081}"
          RenderRuby (inline) {RUBY} at (0,0) size 19x16
            RenderRubyRun (anonymous) at (656,0) size 20x16
              RenderRubyText {RT} at (-12,0) size 12x16
                RenderText {#text} at (0,5) size 12x6
                  text run at (0,5) width 6: "\x{3046}"
              RenderRubyBase (anonymous) at (0,0) size 20x16
                RenderInline {RB} at (0,0) size 19x16
                  RenderText {#text} at (0,0) size 19x16
                    text run at (0,0) width 16: "\x{5F97}"
          RenderText {#text} at (656,16) size 19x32
            text run at (656,16) width 32: "\x{308C}\x{3070}"
          RenderRuby (inline) {RUBY} at (0,0) size 19x16
            RenderRubyRun (anonymous) at (656,48) size 20x16
              RenderRubyText {RT} at (-12,0) size 12x16
                RenderText {#text} at (0,4) size 12x8
                  text run at (0,4) width 8: "\x{305F}"
              RenderRubyBase (anonymous) at (0,0) size 20x16
                RenderInline {RB} at (0,0) size 19x16
                  RenderText {#text} at (0,0) size 19x16
                    text run at (0,0) width 16: "\x{8DB3}"
          RenderText {#text} at (656,64) size 19x85
            text run at (656,64) width 85: "\x{308B}\x{3002}\x{3053}\x{306E}\x{6545}\x{306B}"
          RenderRuby (inline) {RUBY} at (0,0) size 19x32
            RenderRubyRun (anonymous) at (656,149) size 20x32
              RenderRubyText {RT} at (-12,0) size 12x32
                RenderText {#text} at (0,3) size 12x26
                  text run at (0,3) width 26: "\x{3080}\x{305B}\x{3044}"
              RenderRubyBase (anonymous) at (0,0) size 20x32
                RenderInline {RB} at (0,0) size 19x32
                  RenderText {#text} at (0,0) size 19x32
                    text run at (0,0) width 32: "\x{7121}\x{58F0}"
          RenderText {#text} at (656,181) size 19x145
            text run at (656,181) width 145: "\x{306E}\x{8A69}\x{4EBA}\x{306B}\x{306F}\x{4E00}\x{53E5}\x{306A}\x{304F}\x{3001}"
          RenderRuby (inline) {RUBY} at (0,0) size 19x32
            RenderRubyRun (anonymous) at (656,326) size 20x32
              RenderRubyText {RT} at (-12,0) size 12x32
                RenderText {#text} at (0,2) size 12x28
                  text run at (0,2) width 27: "\x{3080}\x{3057}\x{3087}\x{304F}"
              RenderRubyBase (anonymous) at (0,0) size 20x32
                RenderInline {RB} at (0,0) size 19x32
                  RenderText {#text} at (0,0) size 19x32
                    text run at (0,0) width 32: "\x{7121}\x{8272}"
          RenderText {#text} at (656,358) size 19x79
            text run at (656,358) width 79: "\x{306E}\x{753B}\x{5BB6}\x{306B}\x{306F}"
          RenderRuby (inline) {RUBY} at (0,0) size 19x32
            RenderRubyRun (anonymous) at (656,436) size 20x34
              RenderRubyText {RT} at (-12,0) size 12x33
                RenderText {#text} at (0,0) size 12x33
                  text run at (0,0) width 33: "\x{305B}\x{3063}\x{3051}\x{3093}"
              RenderRubyBase (anonymous) at (0,0) size 20x33
                RenderInline {RB} at (0,0) size 19x33
                  RenderText {#text} at (0,0) size 19x33
                    text run at (0,0) width 32: "\x{5C3A}\x{7E11}"
          RenderText {#text} at (656,469) size 50x483
            text run at (656,469) width 14: "\x{306A}"
            text run at (687,0) width 63: "\x{304D}\x{3082}\x{3001}\x{304B}\x{304F}"
          RenderRuby (inline) {RUBY} at (0,0) size 19x32
            RenderRubyRun (anonymous) at (687,62) size 20x34
              RenderRubyText {RT} at (-12,0) size 12x33
                RenderText {#text} at (0,0) size 12x33
                  text run at (0,0) width 33: "\x{3058}\x{3093}\x{305B}\x{3044}"
              RenderRubyBase (anonymous) at (0,0) size 20x33
                RenderInline {RB} at (0,0) size 19x33
                  RenderText {#text} at (0,0) size 19x33
                    text run at (0,0) width 32: "\x{4EBA}\x{4E16}"
          RenderText {#text} at (687,95) size 19x199
            text run at (687,95) width 199: "\x{3092}\x{89B3}\x{3058}\x{5F97}\x{308B}\x{306E}\x{70B9}\x{306B}\x{304A}\x{3044}\x{3066}\x{3001}\x{304B}\x{304F}"
          RenderRuby (inline) {RUBY} at (0,0) size 19x32
            RenderRubyRun (anonymous) at (687,294) size 20x32
              RenderRubyText {RT} at (-12,0) size 12x32
                RenderText {#text} at (0,0) size 12x32
                  text run at (0,0) width 32: "\x{307C}\x{3093}\x{306E}\x{3046}"
              RenderRubyBase (anonymous) at (0,0) size 20x32
                RenderInline {RB} at (0,0) size 19x32
                  RenderText {#text} at (0,0) size 19x32
                    text run at (0,0) width 32: "\x{7169}\x{60A9}"
          RenderText {#text} at (687,326) size 19x14
            text run at (687,326) width 14: "\x{3092}"
          RenderRuby (inline) {RUBY} at (0,0) size 19x32
            RenderRubyRun (anonymous) at (687,340) size 20x32
              RenderRubyText {RT} at (-12,0) size 12x32
                RenderText {#text} at (0,3) size 12x26
                  text run at (0,3) width 25: "\x{3052}\x{3060}\x{3064}"
              RenderRubyBase (anonymous) at (0,0) size 20x32
                RenderInline {RB} at (0,0) size 19x32
                  RenderText {#text} at (0,0) size 19x32
                    text run at (0,0) width 32: "\x{89E3}\x{8131}"
          RenderText {#text} at (687,372) size 50x478
            text run at (687,372) width 106: "\x{3059}\x{308B}\x{306E}\x{70B9}\x{306B}\x{304A}\x{3044}"
            text run at (718,0) width 50: "\x{3066}\x{3001}\x{304B}\x{304F}"
          RenderRuby (inline) {RUBY} at (0,0) size 19x49
            RenderRubyRun (anonymous) at (718,45) size 20x59
              RenderRubyText {RT} at (-12,0) size 12x58
                RenderText {#text} at (0,0) size 12x58
                  text run at (0,0) width 58: "\x{3057}\x{3087}\x{3046}\x{3058}\x{3087}\x{3046}\x{304B}\x{3044}"
              RenderRubyBase (anonymous) at (0,0) size 20x58
                RenderInline {RB} at (0,0) size 19x48
                  RenderText {#text} at (0,5) size 19x48
                    text run at (0,5) width 48: "\x{6E05}\x{6D44}\x{754C}"
          RenderText {#text} at (718,99) size 19x15
            text run at (718,99) width 15: "\x{306B}"
          RenderRuby (inline) {RUBY} at (0,0) size 19x37
            RenderRubyRun (anonymous) at (718,109) size 20x47
              RenderRubyText {RT} at (-12,0) size 12x46
                RenderText {#text} at (0,0) size 12x46
                  text run at (0,0) width 46: "\x{3057}\x{3085}\x{3064}\x{306B}\x{3085}\x{3046}"
              RenderRubyBase (anonymous) at (0,0) size 20x46
                RenderInline {RB} at (0,0) size 19x32
                  RenderText {#text} at (0,7) size 19x32
                    text run at (0,7) width 32: "\x{51FA}\x{5165}"
          RenderText {#text} at (718,151) size 19x202
            text run at (718,151) width 202: "\x{3057}\x{5F97}\x{308B}\x{306E}\x{70B9}\x{306B}\x{304A}\x{3044}\x{3066}\x{3001}\x{307E}\x{305F}\x{3053}\x{306E}"
          RenderRuby (inline) {RUBY} at (0,0) size 19x64
            RenderRubyRun (anonymous) at (718,353) size 20x64
              RenderRubyText {RT} at (-12,0) size 12x64
                RenderText {#text} at (0,12) size 12x40
                  text run at (0,12) width 39: "\x{3075}\x{3069}\x{3046}\x{3075}\x{3058}"
              RenderRubyBase (anonymous) at (0,0) size 20x64
                RenderInline {RB} at (0,0) size 19x64
                  RenderText {#text} at (0,0) size 19x64
                    text run at (0,0) width 64: "\x{4E0D}\x{540C}\x{4E0D}\x{4E8C}"
          RenderText {#text} at (718,417) size 19x16
            text run at (718,417) width 16: "\x{306E}"
          RenderRuby (inline) {RUBY} at (0,0) size 19x32
            RenderRubyRun (anonymous) at (718,433) size 20x32
              RenderRubyText {RT} at (-12,0) size 12x32
                RenderText {#text} at (0,0) size 12x32
                  text run at (0,0) width 32: "\x{3051}\x{3093}\x{3053}\x{3093}"
              RenderRubyBase (anonymous) at (0,0) size 20x32
                RenderInline {RB} at (0,0) size 19x32
                  RenderText {#text} at (0,0) size 19x32
                    text run at (0,0) width 32: "\x{4E7E}\x{5764}"
          RenderText {#text} at (718,465) size 19x14
            text run at (718,465) width 14: "\x{3092}"
          RenderRuby (inline) {RUBY} at (0,0) size 19x34
            RenderRubyRun (anonymous) at (749,0) size 20x36
              RenderRubyText {RT} at (-12,0) size 12x36
                RenderText {#text} at (0,0) size 12x36
                  text run at (0,0) width 36: "\x{3053}\x{3093}\x{308A}\x{3085}\x{3046}"
              RenderRubyBase (anonymous) at (0,0) size 20x36
                RenderInline {RB} at (0,0) size 19x32
                  RenderText {#text} at (0,2) size 19x32
                    text run at (0,2) width 32: "\x{5EFA}\x{7ACB}"
          RenderText {#text} at (749,34) size 19x144
            text run at (749,34) width 144: "\x{3057}\x{5F97}\x{308B}\x{306E}\x{70B9}\x{306B}\x{304A}\x{3044}\x{3066}\x{3001}"
          RenderRuby (inline) {RUBY} at (0,0) size 19x64
            RenderRubyRun (anonymous) at (749,178) size 20x64
              RenderRubyText {RT} at (-12,0) size 12x64
                RenderText {#text} at (0,14) size 12x36
                  text run at (0,14) width 36: "\x{304C}\x{308A}\x{3057}\x{3088}\x{304F}"
              RenderRubyBase (anonymous) at (0,0) size 20x64
                RenderInline {RB} at (0,0) size 19x64
                  RenderText {#text} at (0,0) size 19x64
                    text run at (0,0) width 64: "\x{6211}\x{5229}\x{79C1}\x{617E}"
          RenderText {#text} at (749,242) size 19x16
            text run at (749,242) width 16: "\x{306E}"
          RenderRuby (inline) {RUBY} at (0,0) size 19x32
            RenderRubyRun (anonymous) at (749,258) size 20x32
              RenderRubyText {RT} at (-12,0) size 12x32
                RenderText {#text} at (0,3) size 12x26
                  text run at (0,3) width 25: "\x{304D}\x{306F}\x{3093}"
              RenderRubyBase (anonymous) at (0,0) size 20x32
                RenderInline {RB} at (0,0) size 19x32
                  RenderText {#text} at (0,0) size 19x32
                    text run at (0,0) width 32: "\x{898A}\x{7D46}"
          RenderText {#text} at (749,290) size 19x14
            text run at (749,290) width 14: "\x{3092}"
          RenderRuby (inline) {RUBY} at (0,0) size 19x32
            RenderRubyRun (anonymous) at (749,304) size 20x32
              RenderRubyText {RT} at (-12,0) size 12x32
                RenderText {#text} at (0,2) size 12x28
                  text run at (0,2) width 27: "\x{305D}\x{3046}\x{3068}\x{3046}"
              RenderRubyBase (anonymous) at (0,0) size 20x32
                RenderInline {RB} at (0,0) size 19x32
                  RenderText {#text} at (0,0) size 19x32
                    text run at (0,0) width 32: "\x{6383}\x{8569}"
          RenderText {#text} at (749,336) size 50x467
            text run at (749,336) width 131: "\x{3059}\x{308B}\x{306E}\x{70B9}\x{306B}\x{304A}\x{3044}\x{3066}\x{3001}"
            text run at (780,0) width 32: "\x{2015}\x{2015}"
          RenderRuby (inline) {RUBY} at (0,0) size 19x32
            RenderRubyRun (anonymous) at (780,31) size 20x34
              RenderRubyText {RT} at (-12,0) size 12x33
                RenderText {#text} at (0,0) size 12x33
                  text run at (0,0) width 33: "\x{305B}\x{3093}\x{304D}\x{3093}"
              RenderRubyBase (anonymous) at (0,0) size 20x33
                RenderInline {RB} at (0,0) size 19x33
                  RenderText {#text} at (0,0) size 19x33
                    text run at (0,0) width 32: "\x{5343}\x{91D1}"
          RenderText {#text} at (780,64) size 19x82
            text run at (780,64) width 82: "\x{306E}\x{5B50}\x{3088}\x{308A}\x{3082}\x{3001}"
          RenderRuby (inline) {RUBY} at (0,0) size 19x32
            RenderRubyRun (anonymous) at (780,143) size 20x38
              RenderRubyText {RT} at (-12,0) size 12x37
                RenderText {#text} at (0,0) size 12x37
                  text run at (0,0) width 37: "\x{3070}\x{3093}\x{3058}\x{3087}\x{3046}"
              RenderRubyBase (anonymous) at (0,0) size 20x37
                RenderInline {RB} at (0,0) size 19x33
                  RenderText {#text} at (0,2) size 19x33
                    text run at (0,2) width 32: "\x{4E07}\x{4E57}"
          RenderText {#text} at (780,178) size 19x188
            text run at (780,178) width 188: "\x{306E}\x{541B}\x{3088}\x{308A}\x{3082}\x{3001}\x{3042}\x{3089}\x{3086}\x{308B}\x{4FD7}\x{754C}\x{306E}"
          RenderRuby (inline) {RUBY} at (0,0) size 19x32
            RenderRubyRun (anonymous) at (780,366) size 20x32
              RenderRubyText {RT} at (-12,0) size 12x32
                RenderText {#text} at (0,2) size 12x28
                  text run at (0,2) width 28: "\x{3061}\x{3087}\x{3046}\x{3058}"
              RenderRubyBase (anonymous) at (0,0) size 20x32
                RenderInline {RB} at (0,0) size 19x32
                  RenderText {#text} at (0,0) size 19x32
                    text run at (0,0) width 32: "\x{5BF5}\x{5150}"
          RenderText {#text} at (780,398) size 39x483
            text run at (780,398) width 85: "\x{3088}\x{308A}\x{3082}\x{5E78}\x{798F}\x{3067}"
            text run at (800,0) width 40: "\x{3042}\x{308B}\x{3002}"
          RenderBR {BR} at (800,40) size 19x0
          RenderText {#text} at (831,0) size 19x246
            text run at (831,0) width 246: "\x{3000}\x{4E16}\x{306B}\x{4F4F}\x{3080}\x{3053}\x{3068}\x{4E8C}\x{5341}\x{5E74}\x{306B}\x{3057}\x{3066}\x{3001}\x{4F4F}\x{3080}\x{306B}"
          RenderRuby (inline) {RUBY} at (0,0) size 19x32
            RenderRubyRun (anonymous) at (831,246) size 20x32
              RenderRubyText {RT} at (-12,0) size 12x32
                RenderText {#text} at (0,7) size 12x18
                  text run at (0,7) width 18: "\x{304B}\x{3044}"
              RenderRubyBase (anonymous) at (0,0) size 20x32
                RenderInline {RB} at (0,0) size 19x32
                  RenderText {#text} at (0,0) size 19x32
                    text run at (0,0) width 32: "\x{7532}\x{6590}"
          RenderText {#text} at (831,278) size 50x481
            text run at (831,278) width 203: "\x{3042}\x{308B}\x{4E16}\x{3068}\x{77E5}\x{3063}\x{305F}\x{3002}\x{4E8C}\x{5341}\x{4E94}\x{5E74}\x{306B}\x{3057}"
            text run at (862,0) width 62: "\x{3066}\x{660E}\x{6697}\x{306F}"
          RenderRuby (inline) {RUBY} at (0,0) size 19x32
            RenderRubyRun (anonymous) at (862,62) size 20x32
              RenderRubyText {RT} at (-12,0) size 12x32
                RenderText {#text} at (0,2) size 12x28
                  text run at (0,2) width 28: "\x{3072}\x{3087}\x{3046}\x{308A}"
              RenderRubyBase (anonymous) at (0,0) size 20x32
                RenderInline {RB} at (0,0) size 19x32
                  RenderText {#text} at (0,0) size 19x32
                    text run at (0,0) width 32: "\x{8868}\x{88CF}"
          RenderText {#text} at (862,94) size 50x476
            text run at (862,94) width 382: "\x{306E}\x{3054}\x{3068}\x{304F}\x{3001}\x{65E5}\x{306E}\x{3042}\x{305F}\x{308B}\x{6240}\x{306B}\x{306F}\x{304D}\x{3063}\x{3068}\x{5F71}\x{304C}\x{3055}\x{3059}\x{3068}\x{609F}\x{3063}\x{305F}\x{3002}\x{4E09}\x{5341}"
            text run at (893,0) width 16: "\x{306E}"
          RenderRuby (inline) {RUBY} at (0,0) size 19x32
            RenderRubyRun (anonymous) at (893,16) size 20x32
              RenderRubyText {RT} at (-12,0) size 12x32
                RenderText {#text} at (0,0) size 12x32
                  text run at (0,0) width 31: "\x{3053}\x{3093}\x{306B}\x{3061}"
              RenderRubyBase (anonymous) at (0,0) size 20x32
                RenderInline {RB} at (0,0) size 19x32
                  RenderText {#text} at (0,0) size 19x32
                    text run at (0,0) width 32: "\x{4ECA}\x{65E5}"
          RenderText {#text} at (893,48) size 19x256
            text run at (893,48) width 256: "\x{306F}\x{3053}\x{3046}\x{601D}\x{3046}\x{3066}\x{3044}\x{308B}\x{3002}\x{2015}\x{2015}\x{559C}\x{3073}\x{306E}\x{6DF1}\x{304D}\x{3068}\x{304D}"
          RenderRuby (inline) {RUBY} at (0,0) size 19x16
            RenderRubyRun (anonymous) at (893,300) size 20x24
              RenderRubyText {RT} at (-12,0) size 12x24
                RenderText {#text} at (0,0) size 12x24
                  text run at (0,0) width 24: "\x{3046}\x{308C}\x{3044}"
              RenderRubyBase (anonymous) at (0,0) size 20x24
                RenderInline {RB} at (0,0) size 19x16
                  RenderText {#text} at (0,4) size 19x16
                    text run at (0,4) width 16: "\x{6182}"
          RenderText {#text} at (893,320) size 19x94
            text run at (893,320) width 94: "\x{3044}\x{3088}\x{3044}\x{3088}\x{6DF1}\x{304F}\x{3001}"
          RenderRuby (inline) {RUBY} at (0,0) size 19x16
            RenderRubyRun (anonymous) at (893,410) size 20x24
              RenderRubyText {RT} at (-12,0) size 12x24
                RenderText {#text} at (0,0) size 12x24
                  text run at (0,0) width 24: "\x{305F}\x{306E}\x{3057}"
              RenderRubyBase (anonymous) at (0,0) size 20x24
                RenderInline {RB} at (0,0) size 19x16
                  RenderText {#text} at (0,4) size 19x16
                    text run at (0,4) width 16: "\x{697D}"
          RenderText {#text} at (893,430) size 50x478
            text run at (893,430) width 48: "\x{307F}\x{306E}\x{5927}"
            text run at (924,0) width 441: "\x{3044}\x{306A}\x{308B}\x{307B}\x{3069}\x{82E6}\x{3057}\x{307F}\x{3082}\x{5927}\x{304D}\x{3044}\x{3002}\x{3053}\x{308C}\x{3092}\x{5207}\x{308A}\x{653E}\x{305D}\x{3046}\x{3068}\x{3059}\x{308B}\x{3068}\x{8EAB}\x{304C}\x{6301}\x{3066}\x{306C}\x{3002}"
          RenderRuby (inline) {RUBY} at (0,0) size 19x16
            RenderRubyRun (anonymous) at (924,440) size 20x18
              RenderRubyText {RT} at (-12,0) size 12x17
                RenderText {#text} at (0,0) size 12x17
                  text run at (0,0) width 17: "\x{304B}\x{305F}"
              RenderRubyBase (anonymous) at (0,0) size 20x17
                RenderInline {RB} at (0,0) size 19x17
                  RenderText {#text} at (0,0) size 19x17
                    text run at (0,0) width 16: "\x{7247}"
          RenderText {#text} at (924,457) size 50x487
            text run at (924,457) width 30: "\x{3065}\x{3051}"
            text run at (955,0) width 355: "\x{3088}\x{3046}\x{3068}\x{3059}\x{308C}\x{3070}\x{4E16}\x{304C}\x{7ACB}\x{305F}\x{306C}\x{3002}\x{91D1}\x{306F}\x{5927}\x{4E8B}\x{3060}\x{3001}\x{5927}\x{4E8B}\x{306A}\x{3082}\x{306E}\x{304C}"
          RenderRuby (inline) {RUBY} at (0,0) size 19x16
            RenderRubyRun (anonymous) at (955,355) size 20x16
              RenderRubyText {RT} at (-12,0) size 12x16
                RenderText {#text} at (0,3) size 12x10
                  text run at (0,3) width 9: "\x{3075}"
              RenderRubyBase (anonymous) at (0,0) size 20x16
                RenderInline {RB} at (0,0) size 19x16
                  RenderText {#text} at (0,0) size 19x16
                    text run at (0,0) width 16: "\x{6B96}"
          RenderText {#text} at (955,371) size 19x46
            text run at (955,371) width 46: "\x{3048}\x{308C}\x{3070}"
          RenderRuby (inline) {RUBY} at (0,0) size 19x16
            RenderRubyRun (anonymous) at (955,417) size 20x16
              RenderRubyText {RT} at (-12,0) size 12x16
                RenderText {#text} at (0,3) size 12x10
                  text run at (0,3) width 9: "\x{306D}"
              RenderRubyBase (anonymous) at (0,0) size 20x16
                RenderInline {RB} at (0,0) size 19x16
                  RenderText {#text} at (0,0) size 19x16
                    text run at (0,0) width 16: "\x{5BDD}"
          RenderText {#text} at (955,433) size 19x14
            text run at (955,433) width 14: "\x{308B}"
          RenderRuby (inline) {RUBY} at (0,0) size 19x16
            RenderRubyRun (anonymous) at (955,447) size 20x16
              RenderRubyText {RT} at (-12,0) size 12x16
                RenderText {#text} at (0,4) size 12x8
                  text run at (0,4) width 8: "\x{307E}"
              RenderRubyBase (anonymous) at (0,0) size 20x16
                RenderInline {RB} at (0,0) size 19x16
                  RenderText {#text} at (0,0) size 19x16
                    text run at (0,0) width 16: "\x{9593}"
          RenderText {#text} at (955,463) size 70x478
            text run at (955,463) width 13: "\x{3082}"
            text run at (975,0) width 478: "\x{5FC3}\x{914D}\x{3060}\x{308D}\x{3046}\x{3002}\x{604B}\x{306F}\x{3046}\x{308C}\x{3057}\x{3044}\x{3001}\x{5B09}\x{3057}\x{3044}\x{604B}\x{304C}\x{7A4D}\x{3082}\x{308C}\x{3070}\x{3001}\x{604B}\x{3092}\x{305B}\x{306C}\x{6614}\x{304C}\x{304B}\x{3048}\x{3063}\x{3066}"
            text run at (1006,0) width 259: "\x{604B}\x{3057}\x{304B}\x{308D}\x{3002}\x{95A3}\x{50DA}\x{306E}\x{80A9}\x{306F}\x{6570}\x{767E}\x{4E07}\x{4EBA}\x{306E}\x{8DB3}\x{3092}"
          RenderRuby (inline) {RUBY} at (0,0) size 19x16
            RenderRubyRun (anonymous) at (1006,259) size 20x16
              RenderRubyText {RT} at (-12,0) size 12x16
                RenderText {#text} at (0,1) size 12x14
                  text run at (0,1) width 14: "\x{3055}\x{3055}"
              RenderRubyBase (anonymous) at (0,0) size 20x16
                RenderInline {RB} at (0,0) size 19x16
                  RenderText {#text} at (0,0) size 19x16
                    text run at (0,0) width 16: "\x{652F}"
          RenderText {#text} at (1006,275) size 19x68
            text run at (1006,275) width 68: "\x{3048}\x{3066}\x{3044}\x{308B}\x{3002}"
          RenderRuby (inline) {RUBY} at (0,0) size 19x32
            RenderRubyRun (anonymous) at (1006,343) size 20x32
              RenderRubyText {RT} at (-12,0) size 12x32
                RenderText {#text} at (0,3) size 12x26
                  text run at (0,3) width 26: "\x{305B}\x{306A}\x{304B}"
              RenderRubyBase (anonymous) at (0,0) size 20x32
                RenderInline {RB} at (0,0) size 19x32
                  RenderText {#text} at (0,0) size 19x32
                    text run at (0,0) width 32: "\x{80CC}\x{4E2D}"
          RenderText {#text} at (1006,375) size 50x485
            text run at (1006,375) width 110: "\x{306B}\x{306F}\x{91CD}\x{3044}\x{5929}\x{4E0B}\x{304C}"
            text run at (1037,0) width 371: "\x{304A}\x{3076}\x{3055}\x{3063}\x{3066}\x{3044}\x{308B}\x{3002}\x{3046}\x{307E}\x{3044}\x{7269}\x{3082}\x{98DF}\x{308F}\x{306D}\x{3070}\x{60DC}\x{3057}\x{3044}\x{3002}\x{5C11}\x{3057}\x{98DF}\x{3048}\x{3070}"
          RenderRuby (inline) {RUBY} at (0,0) size 19x16
            RenderRubyRun (anonymous) at (1037,371) size 20x16
              RenderRubyText {RT} at (-12,0) size 12x16
                RenderText {#text} at (0,4) size 12x8
                  text run at (0,4) width 8: "\x{3042}"
              RenderRubyBase (anonymous) at (0,0) size 20x16
                RenderInline {RB} at (0,0) size 19x16
                  RenderText {#text} at (0,0) size 19x16
                    text run at (0,0) width 16: "\x{98FD}"
          RenderText {#text} at (1037,387) size 19x14
            text run at (1037,387) width 14: "\x{304D}"
          RenderRuby (inline) {RUBY} at (0,0) size 19x16
            RenderRubyRun (anonymous) at (1037,401) size 20x16
              RenderRubyText {RT} at (-12,0) size 12x16
                RenderText {#text} at (0,4) size 12x8
                  text run at (0,4) width 8: "\x{305F}"
              RenderRubyBase (anonymous) at (0,0) size 20x16
                RenderInline {RB} at (0,0) size 19x16
                  RenderText {#text} at (0,0) size 19x16
                    text run at (0,0) width 16: "\x{8DB3}"
          RenderText {#text} at (1037,417) size 39x489
            text run at (1037,417) width 72: "\x{3089}\x{306C}\x{3002}\x{5B58}\x{5206}"
            text run at (1057,0) width 195: "\x{98DF}\x{3048}\x{3070}\x{3042}\x{3068}\x{304C}\x{4E0D}\x{6109}\x{5FEB}\x{3060}\x{3002}\x{2026}\x{2026}"
          RenderBR {BR} at (1057,195) size 19x0
          RenderText {#text} at (1088,0) size 19x11
            text run at (1088,0) width 11: "\x{3000}"
          RenderRuby (inline) {RUBY} at (0,0) size 19x16
            RenderRubyRun (anonymous) at (1088,11) size 20x16
              RenderRubyText {RT} at (-12,0) size 12x16
                RenderText {#text} at (0,4) size 12x8
                  text run at (0,4) width 8: "\x{3088}"
              RenderRubyBase (anonymous) at (0,0) size 20x16
                RenderInline {RB} at (0,0) size 19x16
                  RenderText {#text} at (0,0) size 19x16
                    text run at (0,0) width 16: "\x{4F59}"
          RenderText {#text} at (1088,27) size 19x16
            text run at (1088,27) width 16: "\x{306E}"
          RenderRuby (inline) {RUBY} at (0,0) size 19x25
            RenderRubyRun (anonymous) at (1088,38) size 20x35
              RenderRubyText {RT} at (-12,0) size 12x34
                RenderText {#text} at (0,0) size 12x34
                  text run at (0,0) width 34: "\x{304B}\x{3093}\x{304C}\x{3048}"
              RenderRubyBase (anonymous) at (0,0) size 20x34
                RenderInline {RB} at (0,0) size 19x16
                  RenderText {#text} at (0,9) size 19x16
                    text run at (0,9) width 16: "\x{8003}"
          RenderText {#text} at (1088,68) size 19x233
            text run at (1088,68) width 233: "\x{304C}\x{3053}\x{3053}\x{307E}\x{3067}\x{6F02}\x{6D41}\x{3057}\x{3066}\x{6765}\x{305F}\x{6642}\x{306B}\x{3001}\x{4F59}\x{306E}"
          RenderRuby (inline) {RUBY} at (0,0) size 19x32
            RenderRubyRun (anonymous) at (1088,301) size 20x32
              RenderRubyText {RT} at (-12,0) size 12x32
                RenderText {#text} at (0,6) size 12x20
                  text run at (0,6) width 19: "\x{3046}\x{305D}\x{304F}"
              RenderRubyBase (anonymous) at (0,0) size 20x32
                RenderInline {RB} at (0,0) size 19x32
                  RenderText {#text} at (0,0) size 19x32
                    text run at (0,0) width 32: "\x{53F3}\x{8DB3}"
          RenderText {#text} at (1088,333) size 19x48
            text run at (1088,333) width 48: "\x{306F}\x{7A81}\x{7136}"
          RenderRuby (inline) {RUBY} at (0,0) size 19x16
            RenderRubyRun (anonymous) at (1088,380) size 20x18
              RenderRubyText {RT} at (-12,0) size 12x17
                RenderText {#text} at (0,0) size 12x17
                  text run at (0,0) width 17: "\x{3059}\x{308F}"
              RenderRubyBase (anonymous) at (0,0) size 20x17
                RenderInline {RB} at (0,0) size 19x17
                  RenderText {#text} at (0,0) size 19x17
                    text run at (0,0) width 16: "\x{5750}"
          RenderText {#text} at (1088,397) size 19x73
            text run at (1088,397) width 73: "\x{308A}\x{306E}\x{308F}\x{308B}\x{3044}"
          RenderRuby (inline) {RUBY} at (0,0) size 19x32
            RenderRubyRun (anonymous) at (1119,0) size 20x32
              RenderRubyText {RT} at (-12,0) size 12x32
                RenderText {#text} at (0,1) size 12x30
                  text run at (0,1) width 30: "\x{304B}\x{304F}\x{3044}\x{3057}"
              RenderRubyBase (anonymous) at (0,0) size 20x32
                RenderInline {RB} at (0,0) size 19x32
                  RenderText {#text} at (0,0) size 19x32
                    text run at (0,0) width 32: "\x{89D2}\x{77F3}"
          RenderText {#text} at (1119,32) size 19x16
            text run at (1119,32) width 16: "\x{306E}"
          RenderRuby (inline) {RUBY} at (0,0) size 19x16
            RenderRubyRun (anonymous) at (1119,48) size 20x16
              RenderRubyText {RT} at (-12,0) size 12x16
                RenderText {#text} at (0,0) size 12x16
                  text run at (0,0) width 16: "\x{306F}\x{3057}"
              RenderRubyBase (anonymous) at (0,0) size 20x16
                RenderInline {RB} at (0,0) size 19x16
                  RenderText {#text} at (0,0) size 19x16
                    text run at (0,0) width 16: "\x{7AEF}"
          RenderText {#text} at (1119,64) size 19x46
            text run at (1119,64) width 46: "\x{3092}\x{8E0F}\x{307F}"
          RenderRuby (inline) {RUBY} at (0,0) size 19x16
            RenderRubyRun (anonymous) at (1119,110) size 20x16
              RenderRubyText {RT} at (-12,0) size 12x16
                RenderText {#text} at (0,4) size 12x8
                  text run at (0,4) width 8: "\x{305D}"
              RenderRubyBase (anonymous) at (0,0) size 20x16
                RenderInline {RB} at (0,0) size 19x16
                  RenderText {#text} at (0,0) size 19x16
                    text run at (0,0) width 16: "\x{640D}"
          RenderText {#text} at (1119,126) size 19x62
            text run at (1119,126) width 62: "\x{304F}\x{306A}\x{3063}\x{305F}\x{3002}"
          RenderRuby (inline) {RUBY} at (0,0) size 19x32
            RenderRubyRun (anonymous) at (1119,188) size 20x32
              RenderRubyText {RT} at (-12,0) size 12x32
                RenderText {#text} at (0,0) size 12x32
                  text run at (0,0) width 31: "\x{3078}\x{3044}\x{3053}\x{3046}"
              RenderRubyBase (anonymous) at (0,0) size 20x32
                RenderInline {RB} at (0,0) size 19x32
                  RenderText {#text} at (0,0) size 19x32
                    text run at (0,0) width 32: "\x{5E73}\x{8861}"
          RenderText {#text} at (1119,220) size 19x266
            text run at (1119,220) width 266: "\x{3092}\x{4FDD}\x{3064}\x{305F}\x{3081}\x{306B}\x{3001}\x{3059}\x{308F}\x{3084}\x{3068}\x{524D}\x{306B}\x{98DB}\x{3073}\x{51FA}\x{3057}\x{305F}"
          RenderRuby (inline) {RUBY} at (0,0) size 19x32
            RenderRubyRun (anonymous) at (1150,0) size 20x32
              RenderRubyText {RT} at (-12,0) size 12x32
                RenderText {#text} at (0,6) size 12x20
                  text run at (0,6) width 20: "\x{3055}\x{305D}\x{304F}"
              RenderRubyBase (anonymous) at (0,0) size 20x32
                RenderInline {RB} at (0,0) size 19x32
                  RenderText {#text} at (0,0) size 19x32
                    text run at (0,0) width 32: "\x{5DE6}\x{8DB3}"
          RenderText {#text} at (1150,32) size 19x27
            text run at (1150,32) width 27: "\x{304C}\x{3001}"
          RenderRuby (inline) {RUBY} at (0,0) size 19x32
            RenderRubyRun (anonymous) at (1150,59) size 20x32
              RenderRubyText {RT} at (-12,0) size 12x32
                RenderText {#text} at (0,4) size 12x24
                  text run at (0,4) width 23: "\x{3057}\x{305D}\x{3093}"
              RenderRubyBase (anonymous) at (0,0) size 20x32
                RenderInline {RB} at (0,0) size 19x32
                  RenderText {#text} at (0,0) size 19x32
                    text run at (0,0) width 32: "\x{4ED5}\x{640D}"
          RenderText {#text} at (1150,91) size 19x28
            text run at (1150,91) width 28: "\x{3058}\x{306E}"
          RenderRuby (inline) {RUBY} at (0,0) size 19x16
            RenderRubyRun (anonymous) at (1150,119) size 20x16
              RenderRubyText {RT} at (-12,0) size 12x16
                RenderText {#text} at (0,5) size 12x6
                  text run at (0,5) width 6: "\x{3046}"
              RenderRubyBase (anonymous) at (0,0) size 20x16
                RenderInline {RB} at (0,0) size 19x16
                  RenderText {#text} at (0,0) size 19x16
                    text run at (0,0) width 16: "\x{57CB}"
          RenderText {#text} at (1150,135) size 19x16
            text run at (1150,135) width 16: "\x{3081}"
          RenderRuby (inline) {RUBY} at (0,0) size 19x16
            RenderRubyRun (anonymous) at (1150,150) size 20x18
              RenderRubyText {RT} at (-12,0) size 12x17
                RenderText {#text} at (0,0) size 12x17
                  text run at (0,0) width 17: "\x{3042}\x{308F}"
              RenderRubyBase (anonymous) at (0,0) size 20x17
                RenderInline {RB} at (0,0) size 19x17
                  RenderText {#text} at (0,0) size 19x17
                    text run at (0,0) width 16: "\x{5408}"
          RenderText {#text} at (1150,167) size 19x232
            text run at (1150,167) width 232: "\x{305B}\x{3092}\x{3059}\x{308B}\x{3068}\x{5171}\x{306B}\x{3001}\x{4F59}\x{306E}\x{8170}\x{306F}\x{5177}\x{5408}\x{3088}\x{304F}"
          RenderRuby (inline) {RUBY} at (0,0) size 19x16
            RenderRubyRun (anonymous) at (1150,399) size 20x16
              RenderRubyText {RT} at (-12,0) size 12x16
                RenderText {#text} at (0,0) size 12x16
                  text run at (0,0) width 15: "\x{307B}\x{3046}"
              RenderRubyBase (anonymous) at (0,0) size 20x16
                RenderInline {RB} at (0,0) size 19x16
                  RenderText {#text} at (0,0) size 19x16
                    text run at (0,0) width 16: "\x{65B9}"
          RenderText {#text} at (1150,415) size 50x491
            text run at (1150,415) width 76: "\x{4E09}\x{5C3A}\x{307B}\x{3069}\x{306A}"
            text run at (1181,0) width 63: "\x{5CA9}\x{306E}\x{4E0A}\x{306B}"
          RenderRuby (inline) {RUBY} at (0,0) size 19x16
            RenderRubyRun (anonymous) at (1181,63) size 20x16
              RenderRubyText {RT} at (-12,0) size 12x16
                RenderText {#text} at (0,3) size 12x10
                  text run at (0,3) width 9: "\x{304A}"
              RenderRubyBase (anonymous) at (0,0) size 20x16
                RenderInline {RB} at (0,0) size 19x16
                  RenderText {#text} at (0,0) size 19x16
                    text run at (0,0) width 16: "\x{5378}"
          RenderText {#text} at (1181,79) size 19x195
            text run at (1181,79) width 195: "\x{308A}\x{305F}\x{3002}\x{80A9}\x{306B}\x{304B}\x{3051}\x{305F}\x{7D75}\x{306E}\x{5177}\x{7BB1}\x{304C}"
          RenderRuby (inline) {RUBY} at (0,0) size 19x16
            RenderRubyRun (anonymous) at (1181,273) size 20x18
              RenderRubyText {RT} at (-12,0) size 12x17
                RenderText {#text} at (0,0) size 12x17
                  text run at (0,0) width 17: "\x{308F}\x{304D}"
              RenderRubyBase (anonymous) at (0,0) size 20x17
                RenderInline {RB} at (0,0) size 19x17
                  RenderText {#text} at (0,0) size 19x17
                    text run at (0,0) width 16: "\x{814B}"
          RenderText {#text} at (1181,290) size 19x61
            text run at (1181,290) width 61: "\x{306E}\x{4E0B}\x{304B}\x{3089}"
          RenderRuby (inline) {RUBY} at (0,0) size 19x16
            RenderRubyRun (anonymous) at (1181,350) size 20x18
              RenderRubyText {RT} at (-12,0) size 12x17
                RenderText {#text} at (0,0) size 12x17
                  text run at (0,0) width 17: "\x{304A}\x{3069}"
              RenderRubyBase (anonymous) at (0,0) size 20x17
                RenderInline {RB} at (0,0) size 19x17
                  RenderText {#text} at (0,0) size 19x17
                    text run at (0,0) width 16: "\x{8E8D}"
          RenderText {#text} at (1181,367) size 50x477
            text run at (1181,367) width 110: "\x{308A}\x{51FA}\x{3057}\x{305F}\x{3060}\x{3051}\x{3067}\x{3001}"
            text run at (1212,0) width 43: "\x{5E78}\x{3044}\x{3068}"
          RenderRuby (inline) {RUBY} at (0,0) size 19x16
            RenderRubyRun (anonymous) at (1212,43) size 20x16
              RenderRubyText {RT} at (-12,0) size 12x16
                RenderText {#text} at (0,0) size 12x16
                  text run at (0,0) width 16: "\x{306A}\x{3093}"
              RenderRubyBase (anonymous) at (0,0) size 20x16
                RenderInline {RB} at (0,0) size 19x16
                  RenderText {#text} at (0,0) size 19x16
                    text run at (0,0) width 16: "\x{4F55}"
          RenderText {#text} at (1212,59) size 19x114
            text run at (1212,59) width 114: "\x{306E}\x{4E8B}\x{3082}\x{306A}\x{304B}\x{3063}\x{305F}\x{3002}"
          RenderBR {BR} at (1212,173) size 19x0
          RenderText {#text} at (1243,0) size 19x212
            text run at (1243,0) width 212: "\x{3000}\x{7ACB}\x{3061}\x{4E0A}\x{304C}\x{308B}\x{6642}\x{306B}\x{5411}\x{3046}\x{3092}\x{898B}\x{308B}\x{3068}\x{3001}"
          RenderRuby (inline) {RUBY} at (0,0) size 19x16
            RenderRubyRun (anonymous) at (1243,211) size 20x18
              RenderRubyText {RT} at (-12,0) size 12x17
                RenderText {#text} at (0,0) size 12x17
                  text run at (0,0) width 17: "\x{307F}\x{3061}"
              RenderRubyBase (anonymous) at (0,0) size 20x17
                RenderInline {RB} at (0,0) size 19x17
                  RenderText {#text} at (0,0) size 19x17
                    text run at (0,0) width 16: "\x{8DEF}"
          RenderText {#text} at (1243,228) size 50x481
            text run at (1243,228) width 253: "\x{304B}\x{3089}\x{5DE6}\x{306E}\x{65B9}\x{306B}\x{30D0}\x{30B1}\x{30C4}\x{3092}\x{4F0F}\x{305B}\x{305F}\x{3088}\x{3046}\x{306A}\x{5CF0}"
            text run at (1274,0) width 16: "\x{304C}"
          RenderRuby (inline) {RUBY} at (0,0) size 19x16
            RenderRubyRun (anonymous) at (1274,16) size 20x16
              RenderRubyText {RT} at (-12,0) size 12x16
                RenderText {#text} at (0,0) size 12x16
                  text run at (0,0) width 16: "\x{305D}\x{3073}"
              RenderRubyBase (anonymous) at (0,0) size 20x16
                RenderInline {RB} at (0,0) size 19x16
                  RenderText {#text} at (0,0) size 19x16
                    text run at (0,0) width 16: "\x{8073}"
          RenderText {#text} at (1274,32) size 19x100
            text run at (1274,32) width 100: "\x{3048}\x{3066}\x{3044}\x{308B}\x{3002}\x{6749}\x{304B}"
          RenderRuby (inline) {RUBY} at (0,0) size 19x16
            RenderRubyRun (anonymous) at (1274,127) size 20x26
              RenderRubyText {RT} at (-12,0) size 12x25
                RenderText {#text} at (0,0) size 12x25
                  text run at (0,0) width 25: "\x{3072}\x{306E}\x{304D}"
              RenderRubyBase (anonymous) at (0,0) size 20x25
                RenderInline {RB} at (0,0) size 19x17
                  RenderText {#text} at (0,4) size 19x17
                    text run at (0,4) width 16: "\x{6A9C}"
          RenderText {#text} at (1274,148) size 19x106
            text run at (1274,148) width 106: "\x{304B}\x{5206}\x{304B}\x{3089}\x{306A}\x{3044}\x{304C}"
          RenderRuby (inline) {RUBY} at (0,0) size 19x32
            RenderRubyRun (anonymous) at (1274,254) size 20x32
              RenderRubyText {RT} at (-12,0) size 12x32
                RenderText {#text} at (0,4) size 12x24
                  text run at (0,4) width 23: "\x{306D}\x{3082}\x{3068}"
              RenderRubyBase (anonymous) at (0,0) size 20x32
                RenderInline {RB} at (0,0) size 19x32
                  RenderText {#text} at (0,0) size 19x32
                    text run at (0,0) width 32: "\x{6839}\x{5143}"
          RenderText {#text} at (1274,286) size 19x29
            text run at (1274,286) width 29: "\x{304B}\x{3089}"
          RenderRuby (inline) {RUBY} at (0,0) size 19x16
            RenderRubyRun (anonymous) at (1274,310) size 20x26
              RenderRubyText {RT} at (-12,0) size 12x25
                RenderText {#text} at (0,0) size 12x25
                  text run at (0,0) width 25: "\x{3044}\x{305F}\x{3060}"
              RenderRubyBase (anonymous) at (0,0) size 20x25
                RenderInline {RB} at (0,0) size 19x17
                  RenderText {#text} at (0,4) size 19x17
                    text run at (0,4) width 16: "\x{9802}"
          RenderText {#text} at (1274,331) size 19x102
            text run at (1274,331) width 102: "\x{304D}\x{307E}\x{3067}\x{3053}\x{3068}\x{3054}\x{3068}\x{304F}"
          RenderRuby (inline) {RUBY} at (0,0) size 19x32
            RenderRubyRun (anonymous) at (1274,432) size 20x34
              RenderRubyText {RT} at (-12,0) size 12x33
                RenderText {#text} at (0,0) size 12x33
                  text run at (0,0) width 33: "\x{3042}\x{304A}\x{3050}\x{308D}"
              RenderRubyBase (anonymous) at (0,0) size 20x33
                RenderInline {RB} at (0,0) size 19x33
                  RenderText {#text} at (0,0) size 19x33
                    text run at (0,0) width 32: "\x{84BC}\x{9ED2}"
          RenderText {#text} at (1274,465) size 50x480
            text run at (1274,465) width 15: "\x{3044}"
            text run at (1305,0) width 204: "\x{4E2D}\x{306B}\x{3001}\x{5C71}\x{685C}\x{304C}\x{8584}\x{8D64}\x{304F}\x{3060}\x{3093}\x{3060}\x{3089}\x{306B}"
          RenderRuby (inline) {RUBY} at (0,0) size 19x32
            RenderRubyRun (anonymous) at (1305,204) size 20x32
              RenderRubyText {RT} at (-12,0) size 12x32
                RenderText {#text} at (0,4) size 12x24
                  text run at (0,4) width 24: "\x{305F}\x{306A}\x{3073}"
              RenderRubyBase (anonymous) at (0,0) size 20x32
                RenderInline {RB} at (0,0) size 19x32
                  RenderText {#text} at (0,0) size 19x32
                    text run at (0,0) width 32: "\x{68DA}\x{5F15}"
          RenderText {#text} at (1305,236) size 19x40
            text run at (1305,236) width 40: "\x{3044}\x{3066}\x{3001}"
          RenderRuby (inline) {RUBY} at (0,0) size 19x16
            RenderRubyRun (anonymous) at (1305,276) size 20x16
              RenderRubyText {RT} at (-12,0) size 12x16
                RenderText {#text} at (0,3) size 12x10
                  text run at (0,3) width 9: "\x{3064}"
              RenderRubyBase (anonymous) at (0,0) size 20x16
                RenderInline {RB} at (0,0) size 19x16
                  RenderText {#text} at (0,0) size 19x16
                    text run at (0,0) width 16: "\x{7D9A}"
          RenderText {#text} at (1305,292) size 19x14
            text run at (1305,292) width 14: "\x{304E}"
          RenderRuby (inline) {RUBY} at (0,0) size 19x16
            RenderRubyRun (anonymous) at (1305,306) size 20x16
              RenderRubyText {RT} at (-12,0) size 12x16
                RenderText {#text} at (0,4) size 12x8
                  text run at (0,4) width 8: "\x{3081}"
              RenderRubyBase (anonymous) at (0,0) size 20x16
                RenderInline {RB} at (0,0) size 19x16
                  RenderText {#text} at (0,0) size 19x16
                    text run at (0,0) width 16: "\x{76EE}"
          RenderText {#text} at (1305,322) size 19x16
            text run at (1305,322) width 16: "\x{304C}"
          RenderRuby (inline) {RUBY} at (0,0) size 19x16
            RenderRubyRun (anonymous) at (1305,338) size 20x16
              RenderRubyText {RT} at (-12,0) size 12x16
                RenderText {#text} at (0,0) size 12x16
                  text run at (0,0) width 16: "\x{3057}\x{304B}"
              RenderRubyBase (anonymous) at (0,0) size 20x16
                RenderInline {RB} at (0,0) size 19x16
                  RenderText {#text} at (0,0) size 19x16
                    text run at (0,0) width 16: "\x{78BA}"
          RenderText {#text} at (1305,354) size 19x95
            text run at (1305,354) width 95: "\x{3068}\x{898B}\x{3048}\x{306C}\x{304F}\x{3089}\x{3044}"
          RenderRuby (inline) {RUBY} at (0,0) size 19x16
            RenderRubyRun (anonymous) at (1305,449) size 20x16
              RenderRubyText {RT} at (-12,0) size 12x16
                RenderText {#text} at (0,0) size 12x16
                  text run at (0,0) width 16: "\x{3082}\x{3084}"
              RenderRubyBase (anonymous) at (0,0) size 20x16
                RenderInline {RB} at (0,0) size 19x16
                  RenderText {#text} at (0,0) size 19x16
                    text run at (0,0) width 16: "\x{9744}"
          RenderText {#text} at (1305,465) size 50x481
            text run at (1305,465) width 16: "\x{304C}"
            text run at (1336,0) width 117: "\x{6FC3}\x{3044}\x{3002}\x{5C11}\x{3057}\x{624B}\x{524D}\x{306B}"
          RenderRuby (inline) {RUBY} at (0,0) size 19x32
            RenderRubyRun (anonymous) at (1336,116) size 20x34
              RenderRubyText {RT} at (-12,0) size 12x34
                RenderText {#text} at (0,0) size 12x34
                  text run at (0,0) width 34: "\x{306F}\x{3052}\x{3084}\x{307E}"
              RenderRubyBase (anonymous) at (0,0) size 20x34
                RenderInline {RB} at (0,0) size 19x32
                  RenderText {#text} at (0,1) size 19x32
                    text run at (0,1) width 32: "\x{79BF}\x{5C71}"
          RenderText {#text} at (1336,149) size 19x58
            text run at (1336,149) width 58: "\x{304C}\x{4E00}\x{3064}\x{3001}"
          RenderRuby (inline) {RUBY} at (0,0) size 19x16
            RenderRubyRun (anonymous) at (1336,207) size 20x16
              RenderRubyText {RT} at (-12,0) size 12x16
                RenderText {#text} at (0,0) size 12x16
                  text run at (0,0) width 16: "\x{3050}\x{3093}"
              RenderRubyBase (anonymous) at (0,0) size 20x16
                RenderInline {RB} at (0,0) size 19x16
                  RenderText {#text} at (0,0) size 19x16
                    text run at (0,0) width 16: "\x{7FA4}"
          RenderText {#text} at (1336,223) size 19x87
            text run at (1336,223) width 87: "\x{3092}\x{306C}\x{304D}\x{3093}\x{3067}\x{3066}"
          RenderRuby (inline) {RUBY} at (0,0) size 19x16
            RenderRubyRun (anonymous) at (1336,310) size 20x16
              RenderRubyText {RT} at (-12,0) size 12x16
                RenderText {#text} at (0,0) size 12x16
                  text run at (0,0) width 16: "\x{307E}\x{3086}"
              RenderRubyBase (anonymous) at (0,0) size 20x16
                RenderInline {RB} at (0,0) size 19x16
                  RenderText {#text} at (0,0) size 19x16
                    text run at (0,0) width 16: "\x{7709}"
          RenderText {#text} at (1336,326) size 19x15
            text run at (1336,326) width 15: "\x{306B}"
          RenderRuby (inline) {RUBY} at (0,0) size 19x16
            RenderRubyRun (anonymous) at (1336,340) size 20x18
              RenderRubyText {RT} at (-12,0) size 12x17
                RenderText {#text} at (0,0) size 12x17
                  text run at (0,0) width 17: "\x{305B}\x{307E}"
              RenderRubyBase (anonymous) at (0,0) size 20x17
                RenderInline {RB} at (0,0) size 19x17
                  RenderText {#text} at (0,0) size 19x17
                    text run at (0,0) width 16: "\x{903C}"
          RenderText {#text} at (1336,357) size 19x25
            text run at (1336,357) width 25: "\x{308B}\x{3002}"
          RenderRuby (inline) {RUBY} at (0,0) size 19x16
            RenderRubyRun (anonymous) at (1336,382) size 20x16
              RenderRubyText {RT} at (-12,0) size 12x16
                RenderText {#text} at (0,3) size 12x10
                  text run at (0,3) width 9: "\x{306F}"
              RenderRubyBase (anonymous) at (0,0) size 20x16
                RenderInline {RB} at (0,0) size 19x16
                  RenderText {#text} at (0,0) size 19x16
                    text run at (0,0) width 16: "\x{79BF}"
          RenderText {#text} at (1336,398) size 50x477
            text run at (1336,398) width 79: "\x{3052}\x{305F}\x{5074}\x{9762}\x{306F}"
            text run at (1367,0) width 48: "\x{5DE8}\x{4EBA}\x{306E}"
          RenderRuby (inline) {RUBY} at (0,0) size 19x16
            RenderRubyRun (anonymous) at (1367,47) size 20x18
              RenderRubyText {RT} at (-12,0) size 12x18
                RenderText {#text} at (0,0) size 12x18
                  text run at (0,0) width 18: "\x{304A}\x{306E}"
              RenderRubyBase (anonymous) at (0,0) size 20x18
                RenderInline {RB} at (0,0) size 19x16
                  RenderText {#text} at (0,1) size 19x16
                    text run at (0,1) width 16: "\x{65A7}"
          RenderText {#text} at (1367,64) size 19x14
            text run at (1367,64) width 14: "\x{3067}"
          RenderRuby (inline) {RUBY} at (0,0) size 19x16
            RenderRubyRun (anonymous) at (1367,77) size 20x18
              RenderRubyText {RT} at (-12,0) size 12x17
                RenderText {#text} at (0,0) size 12x17
                  text run at (0,0) width 17: "\x{3051}\x{305A}"
              RenderRubyBase (anonymous) at (0,0) size 20x17
                RenderInline {RB} at (0,0) size 19x17
                  RenderText {#text} at (0,0) size 19x17
                    text run at (0,0) width 16: "\x{524A}"
          RenderText {#text} at (1367,94) size 19x282
            text run at (1367,94) width 282: "\x{308A}\x{53BB}\x{3063}\x{305F}\x{304B}\x{3001}\x{92ED}\x{3069}\x{304D}\x{5E73}\x{9762}\x{3092}\x{3084}\x{3051}\x{306B}\x{8C37}\x{306E}\x{5E95}\x{306B}"
          RenderRuby (inline) {RUBY} at (0,0) size 19x16
            RenderRubyRun (anonymous) at (1367,376) size 20x16
              RenderRubyText {RT} at (-12,0) size 12x16
                RenderText {#text} at (0,1) size 12x14
                  text run at (0,1) width 14: "\x{3046}\x{305A}"
              RenderRubyBase (anonymous) at (0,0) size 20x16
                RenderInline {RB} at (0,0) size 19x16
                  RenderText {#text} at (0,0) size 19x16
                    text run at (0,0) width 16: "\x{57CB}"
          RenderText {#text} at (1367,392) size 50x437
            text run at (1367,392) width 45: "\x{3081}\x{3066}\x{3044}"
            text run at (1398,0) width 25: "\x{308B}\x{3002}"
          RenderRuby (inline) {RUBY} at (0,0) size 19x32
            RenderRubyRun (anonymous) at (1398,25) size 20x32
              RenderRubyText {RT} at (-12,0) size 12x32
                RenderText {#text} at (0,0) size 12x32
                  text run at (0,0) width 32: "\x{3066}\x{3063}\x{307A}\x{3093}"
              RenderRubyBase (anonymous) at (0,0) size 20x32
                RenderInline {RB} at (0,0) size 19x32
                  RenderText {#text} at (0,0) size 19x32
                    text run at (0,0) width 32: "\x{5929}\x{8FBA}"
          RenderText {#text} at (1398,57) size 19x312
            text run at (1398,57) width 312: "\x{306B}\x{4E00}\x{672C}\x{898B}\x{3048}\x{308B}\x{306E}\x{306F}\x{8D64}\x{677E}\x{3060}\x{308D}\x{3046}\x{3002}\x{679D}\x{306E}\x{9593}\x{306E}\x{7A7A}\x{3055}\x{3048}"
          RenderRuby (inline) {RUBY} at (0,0) size 19x32
            RenderRubyRun (anonymous) at (1398,369) size 20x32
              RenderRubyText {RT} at (-12,0) size 12x32
                RenderText {#text} at (0,0) size 12x32
                  text run at (0,0) width 31: "\x{306F}\x{3063}\x{304D}\x{308A}"
              RenderRubyBase (anonymous) at (0,0) size 20x32
                RenderInline {RB} at (0,0) size 19x32
                  RenderText {#text} at (0,0) size 19x32
                    text run at (0,0) width 32: "\x{5224}\x{7136}"
          RenderText {#text} at (1398,401) size 50x483
            text run at (1398,401) width 82: "\x{3057}\x{3066}\x{3044}\x{308B}\x{3002}\x{884C}"
            text run at (1429,0) width 326: "\x{304F}\x{624B}\x{306F}\x{4E8C}\x{4E01}\x{307B}\x{3069}\x{3067}\x{5207}\x{308C}\x{3066}\x{3044}\x{308B}\x{304C}\x{3001}\x{9AD8}\x{3044}\x{6240}\x{304B}\x{3089}\x{8D64}\x{3044}"
          RenderRuby (inline) {RUBY} at (0,0) size 19x32
            RenderRubyRun (anonymous) at (1429,326) size 20x32
              RenderRubyText {RT} at (-12,0) size 12x32
                RenderText {#text} at (0,4) size 12x24
                  text run at (0,4) width 23: "\x{3051}\x{3063}\x{3068}"
              RenderRubyBase (anonymous) at (0,0) size 20x32
                RenderInline {RB} at (0,0) size 19x32
                  RenderText {#text} at (0,0) size 19x32
                    text run at (0,0) width 32: "\x{6BDB}\x{5E03}"
          RenderText {#text} at (1429,358) size 50x479
            text run at (1429,358) width 121: "\x{304C}\x{52D5}\x{3044}\x{3066}\x{6765}\x{308B}\x{306E}\x{3092}"
            text run at (1460,0) width 347: "\x{898B}\x{308B}\x{3068}\x{3001}\x{767B}\x{308C}\x{3070}\x{3042}\x{3059}\x{3053}\x{3078}\x{51FA}\x{308B}\x{306E}\x{3060}\x{308D}\x{3046}\x{3002}\x{8DEF}\x{306F}\x{3059}\x{3053}\x{3076}\x{308B}"
          RenderRuby (inline) {RUBY} at (0,0) size 19x32
            RenderRubyRun (anonymous) at (1460,347) size 20x32
              RenderRubyText {RT} at (-12,0) size 12x32
                RenderText {#text} at (0,4) size 12x24
                  text run at (0,4) width 24: "\x{306A}\x{3093}\x{304E}"
              RenderRubyBase (anonymous) at (0,0) size 20x32
                RenderInline {RB} at (0,0) size 19x32
                  RenderText {#text} at (0,0) size 19x32
                    text run at (0,0) width 32: "\x{96E3}\x{7FA9}"
          RenderText {#text} at (1460,379) size 19x26
            text run at (1460,379) width 26: "\x{3060}\x{3002}"
          RenderBR {BR} at (1460,405) size 19x0
          RenderText {#text} at (1491,0) size 19x182
            text run at (1491,0) width 182: "\x{3000}\x{571F}\x{3092}\x{306A}\x{3089}\x{3059}\x{3060}\x{3051}\x{306A}\x{3089}\x{3055}\x{307B}\x{3069}"
          RenderRuby (inline) {RUBY} at (0,0) size 19x32
            RenderRubyRun (anonymous) at (1491,182) size 20x32
              RenderRubyText {RT} at (-12,0) size 12x32
                RenderText {#text} at (0,8) size 12x16
                  text run at (0,8) width 16: "\x{3066}\x{307E}"
              RenderRubyBase (anonymous) at (0,0) size 20x32
                RenderInline {RB} at (0,0) size 19x32
                  RenderText {#text} at (0,0) size 19x32
                    text run at (0,0) width 32: "\x{624B}\x{9593}"
          RenderText {#text} at (1491,214) size 19x13
            text run at (1491,214) width 13: "\x{3082}"
          RenderRuby (inline) {RUBY} at (0,0) size 19x16
            RenderRubyRun (anonymous) at (1491,227) size 20x16
              RenderRubyText {RT} at (-12,0) size 12x16
                RenderText {#text} at (0,3) size 12x10
                  text run at (0,3) width 9: "\x{3044}"
              RenderRubyBase (anonymous) at (0,0) size 20x16
                RenderInline {RB} at (0,0) size 19x16
                  RenderText {#text} at (0,0) size 19x16
                    text run at (0,0) width 16: "\x{5165}"
          RenderText {#text} at (1491,243) size 50x483
            text run at (1491,243) width 240: "\x{308B}\x{307E}\x{3044}\x{304C}\x{3001}\x{571F}\x{306E}\x{4E2D}\x{306B}\x{306F}\x{5927}\x{304D}\x{306A}\x{77F3}\x{304C}\x{3042}"
            text run at (1522,0) width 57: "\x{308B}\x{3002}\x{571F}\x{306F}"
          RenderRuby (inline) {RUBY} at (0,0) size 19x16
            RenderRubyRun (anonymous) at (1522,56) size 20x18
              RenderRubyText {RT} at (-12,0) size 12x17
                RenderText {#text} at (0,0) size 12x17
                  text run at (0,0) width 17: "\x{305F}\x{3044}"
              RenderRubyBase (anonymous) at (0,0) size 20x17
                RenderInline {RB} at (0,0) size 19x17
                  RenderText {#text} at (0,0) size 19x17
                    text run at (0,0) width 16: "\x{5E73}"
          RenderText {#text} at (1522,73) size 50x479
            text run at (1522,73) width 406: "\x{3089}\x{306B}\x{3057}\x{3066}\x{3082}\x{77F3}\x{306F}\x{5E73}\x{3089}\x{306B}\x{306A}\x{3089}\x{306C}\x{3002}\x{77F3}\x{306F}\x{5207}\x{308A}\x{7815}\x{3044}\x{3066}\x{3082}\x{3001}\x{5CA9}\x{306F}\x{59CB}\x{672B}\x{304C}"
            text run at (1553,0) width 58: "\x{3064}\x{304B}\x{306C}\x{3002}"
          RenderRuby (inline) {RUBY} at (0,0) size 19x32
            RenderRubyRun (anonymous) at (1553,58) size 20x32
              RenderRubyText {RT} at (-12,0) size 12x32
                RenderText {#text} at (0,1) size 12x30
                  text run at (0,1) width 29: "\x{307B}\x{308A}\x{304F}\x{305A}"
              RenderRubyBase (anonymous) at (0,0) size 20x32
                RenderInline {RB} at (0,0) size 19x32
                  RenderText {#text} at (0,0) size 19x32
                    text run at (0,0) width 32: "\x{6398}\x{5D29}"
          RenderText {#text} at (1553,90) size 19x90
            text run at (1553,90) width 90: "\x{3057}\x{305F}\x{571F}\x{306E}\x{4E0A}\x{306B}"
          RenderRuby (inline) {RUBY} at (0,0) size 19x32
            RenderRubyRun (anonymous) at (1553,180) size 20x32
              RenderRubyText {RT} at (-12,0) size 12x32
                RenderText {#text} at (0,0) size 12x32
                  text run at (0,0) width 31: "\x{3086}\x{3046}\x{305C}\x{3093}"
              RenderRubyBase (anonymous) at (0,0) size 20x32
                RenderInline {RB} at (0,0) size 19x32
                  RenderText {#text} at (0,0) size 19x32
                    text run at (0,0) width 32: "\x{60A0}\x{7136}"
          RenderText {#text} at (1553,212) size 19x12
            text run at (1553,212) width 12: "\x{3068}"
          RenderRuby (inline) {RUBY} at (0,0) size 19x16
            RenderRubyRun (anonymous) at (1553,219) size 20x26
              RenderRubyText {RT} at (-12,0) size 12x25
                RenderText {#text} at (0,0) size 12x25
                  text run at (0,0) width 25: "\x{305D}\x{3070}\x{3060}"
              RenderRubyBase (anonymous) at (0,0) size 20x25
                RenderInline {RB} at (0,0) size 19x17
                  RenderText {#text} at (0,4) size 19x17
                    text run at (0,4) width 16: "\x{5CD9}"
          RenderText {#text} at (1553,240) size 19x189
            text run at (1553,240) width 189: "\x{3063}\x{3066}\x{3001}\x{543E}\x{3089}\x{306E}\x{305F}\x{3081}\x{306B}\x{9053}\x{3092}\x{8B72}\x{308B}"
          RenderRuby (inline) {RUBY} at (0,0) size 19x32
            RenderRubyRun (anonymous) at (1553,429) size 20x32
              RenderRubyText {RT} at (-12,0) size 12x32
                RenderText {#text} at (0,4) size 12x24
                  text run at (0,4) width 24: "\x{3051}\x{3057}\x{304D}"
              RenderRubyBase (anonymous) at (0,0) size 20x32
                RenderInline {RB} at (0,0) size 19x32
                  RenderText {#text} at (0,0) size 19x32
                    text run at (0,0) width 32: "\x{666F}\x{8272}"
          RenderText {#text} at (1553,461) size 50x491
            text run at (1553,461) width 30: "\x{306F}\x{306A}"
            text run at (1584,0) width 376: "\x{3044}\x{3002}\x{5411}\x{3046}\x{3067}\x{805E}\x{304B}\x{306C}\x{4E0A}\x{306F}\x{4E57}\x{308A}\x{8D8A}\x{3059}\x{304B}\x{3001}\x{5EFB}\x{3089}\x{306A}\x{3051}\x{308C}\x{3070}\x{306A}\x{3089}\x{3093}\x{3002}"
          RenderRuby (inline) {RUBY} at (0,0) size 19x16
            RenderRubyRun (anonymous) at (1584,375) size 20x18
              RenderRubyText {RT} at (-12,0) size 12x18
                RenderText {#text} at (0,0) size 12x18
                  text run at (0,0) width 18: "\x{3044}\x{308F}"
              RenderRubyBase (anonymous) at (0,0) size 20x18
                RenderInline {RB} at (0,0) size 19x16
                  RenderText {#text} at (0,1) size 19x16
                    text run at (0,1) width 16: "\x{5DCC}"
          RenderText {#text} at (1584,392) size 50x479
            text run at (1584,392) width 87: "\x{306E}\x{306A}\x{3044}\x{6240}\x{3067}\x{3055}"
            text run at (1615,0) width 14: "\x{3048}"
          RenderRuby (inline) {RUBY} at (0,0) size 19x16
            RenderRubyRun (anonymous) at (1615,14) size 20x16
              RenderRubyText {RT} at (-12,0) size 12x16
                RenderText {#text} at (0,4) size 12x8
                  text run at (0,4) width 8: "\x{3042}"
              RenderRubyBase (anonymous) at (0,0) size 20x16
                RenderInline {RB} at (0,0) size 19x16
                  RenderText {#text} at (0,0) size 19x16
                    text run at (0,0) width 16: "\x{6B69}"
          RenderText {#text} at (1615,30) size 19x266
            text run at (1615,30) width 266: "\x{308B}\x{304D}\x{3088}\x{304F}\x{306F}\x{306A}\x{3044}\x{3002}\x{5DE6}\x{53F3}\x{304C}\x{9AD8}\x{304F}\x{3063}\x{3066}\x{3001}\x{4E2D}\x{5FC3}\x{304C}"
          RenderRuby (inline) {RUBY} at (0,0) size 19x16
            RenderRubyRun (anonymous) at (1615,296) size 20x16
              RenderRubyText {RT} at (-12,0) size 12x16
                RenderText {#text} at (0,1) size 12x14
                  text run at (0,1) width 14: "\x{304F}\x{307C}"
              RenderRubyBase (anonymous) at (0,0) size 20x16
                RenderInline {RB} at (0,0) size 19x16
                  RenderText {#text} at (0,0) size 19x16
                    text run at (0,0) width 16: "\x{7AAA}"
          RenderText {#text} at (1615,312) size 19x114
            text run at (1615,312) width 114: "\x{3093}\x{3067}\x{3001}\x{307E}\x{308B}\x{3067}\x{4E00}\x{9593}"
          RenderRuby (inline) {RUBY} at (0,0) size 19x16
            RenderRubyRun (anonymous) at (1615,425) size 20x18
              RenderRubyText {RT} at (-12,0) size 12x18
                RenderText {#text} at (0,0) size 12x18
                  text run at (0,0) width 18: "\x{306F}\x{3070}"
              RenderRubyBase (anonymous) at (0,0) size 20x18
                RenderInline {RB} at (0,0) size 19x16
                  RenderText {#text} at (0,1) size 19x16
                    text run at (0,1) width 16: "\x{5E45}"
          RenderText {#text} at (1615,442) size 50x488
            text run at (1615,442) width 46: "\x{3092}\x{4E09}\x{89D2}"
            text run at (1646,0) width 15: "\x{306B}"
          RenderRuby (inline) {RUBY} at (0,0) size 19x16
            RenderRubyRun (anonymous) at (1646,15) size 20x16
              RenderRubyText {RT} at (-12,0) size 12x16
                RenderText {#text} at (0,5) size 12x6
                  text run at (0,5) width 5: "\x{304F}"
              RenderRubyBase (anonymous) at (0,0) size 20x16
                RenderInline {RB} at (0,0) size 19x16
                  RenderText {#text} at (0,0) size 19x16
                    text run at (0,0) width 16: "\x{7A7F}"
          RenderText {#text} at (1646,31) size 19x117
            text run at (1646,31) width 117: "\x{3063}\x{3066}\x{3001}\x{305D}\x{306E}\x{9802}\x{70B9}\x{304C}"
          RenderRuby (inline) {RUBY} at (0,0) size 19x32
            RenderRubyRun (anonymous) at (1646,147) size 20x34
              RenderRubyText {RT} at (-12,0) size 12x33
                RenderText {#text} at (0,0) size 12x33
                  text run at (0,0) width 33: "\x{307E}\x{3093}\x{306A}\x{304B}"
              RenderRubyBase (anonymous) at (0,0) size 20x33
                RenderInline {RB} at (0,0) size 19x33
                  RenderText {#text} at (0,0) size 19x33
                    text run at (0,0) width 32: "\x{771F}\x{4E2D}"
          RenderText {#text} at (1646,180) size 19x14
            text run at (1646,180) width 14: "\x{3092}"
          RenderRuby (inline) {RUBY} at (0,0) size 19x16
            RenderRubyRun (anonymous) at (1646,189) size 20x26
              RenderRubyText {RT} at (-12,0) size 12x25
                RenderText {#text} at (0,0) size 12x25
                  text run at (0,0) width 25: "\x{3064}\x{3089}\x{306C}"
              RenderRubyBase (anonymous) at (0,0) size 20x25
                RenderInline {RB} at (0,0) size 19x17
                  RenderText {#text} at (0,4) size 19x17
                    text run at (0,4) width 16: "\x{8CAB}"
          RenderText {#text} at (1646,210) size 50x489
            text run at (1646,210) width 279: "\x{3044}\x{3066}\x{3044}\x{308B}\x{3068}\x{8A55}\x{3057}\x{3066}\x{3082}\x{3088}\x{3044}\x{3002}\x{8DEF}\x{3092}\x{884C}\x{304F}\x{3068}\x{4E91}\x{308F}\x{3093}"
            text run at (1677,0) width 72: "\x{3088}\x{308A}\x{5DDD}\x{5E95}\x{3092}"
          RenderRuby (inline) {RUBY} at (0,0) size 19x16
            RenderRubyRun (anonymous) at (1677,71) size 20x18
              RenderRubyText {RT} at (-12,0) size 12x17
                RenderText {#text} at (0,0) size 12x17
                  text run at (0,0) width 17: "\x{308F}\x{305F}"
              RenderRubyBase (anonymous) at (0,0) size 20x17
                RenderInline {RB} at (0,0) size 19x17
                  RenderText {#text} at (0,0) size 19x17
                    text run at (0,0) width 16: "\x{6E09}"
          RenderText {#text} at (1677,88) size 19x143
            text run at (1677,88) width 143: "\x{308B}\x{3068}\x{4E91}\x{3046}\x{65B9}\x{304C}\x{9069}\x{5F53}\x{3060}\x{3002}"
          RenderRuby (inline) {RUBY} at (0,0) size 19x16
            RenderRubyRun (anonymous) at (1677,231) size 20x16
              RenderRubyText {RT} at (-12,0) size 12x16
                RenderText {#text} at (0,1) size 12x14
                  text run at (0,1) width 14: "\x{3082}\x{3068}"
              RenderRubyBase (anonymous) at (0,0) size 20x16
                RenderInline {RB} at (0,0) size 19x16
                  RenderText {#text} at (0,0) size 19x16
                    text run at (0,0) width 16: "\x{56FA}"
          RenderText {#text} at (1677,247) size 19x224
            text run at (1677,247) width 224: "\x{3088}\x{308A}\x{6025}\x{3050}\x{65C5}\x{3067}\x{306A}\x{3044}\x{304B}\x{3089}\x{3001}\x{3076}\x{3089}\x{3076}\x{3089}\x{3068}"
          RenderRuby (inline) {RUBY} at (0,0) size 19x33
            RenderRubyRun (anonymous) at (1708,0) size 20x33
              RenderRubyText {RT} at (-12,0) size 12x33
                RenderText {#text} at (0,0) size 12x33
                  text run at (0,0) width 33: "\x{306A}\x{306A}\x{307E}\x{304C}"
              RenderRubyBase (anonymous) at (0,0) size 20x33
                RenderInline {RB} at (0,0) size 19x33
                  RenderText {#text} at (0,0) size 19x33
                    text run at (0,0) width 32: "\x{4E03}\x{66F2}"
          RenderText {#text} at (1708,32) size 19x86
            text run at (1708,32) width 85: "\x{308A}\x{3078}\x{304B}\x{304B}\x{308B}\x{3002}"
          RenderBR {BR} at (1708,117) size 19x1
          RenderText {#text} at (1739,0) size 19x130
            text run at (1739,0) width 130: "\x{3000}\x{305F}\x{3061}\x{307E}\x{3061}\x{8DB3}\x{306E}\x{4E0B}\x{3067}"
          RenderRuby (inline) {RUBY} at (0,0) size 19x32
            RenderRubyRun (anonymous) at (1739,130) size 20x32
              RenderRubyText {RT} at (-12,0) size 12x32
                RenderText {#text} at (0,4) size 12x24
                  text run at (0,4) width 24: "\x{3072}\x{3070}\x{308A}"
              RenderRubyBase (anonymous) at (0,0) size 20x32
                RenderInline {RB} at (0,0) size 19x32
                  RenderText {#text} at (0,0) size 19x32
                    text run at (0,0) width 32: "\x{96F2}\x{96C0}"
          RenderText {#text} at (1739,162) size 19x144
            text run at (1739,162) width 144: "\x{306E}\x{58F0}\x{304C}\x{3057}\x{51FA}\x{3057}\x{305F}\x{3002}\x{8C37}\x{3092}"
          RenderRuby (inline) {RUBY} at (0,0) size 19x32
            RenderRubyRun (anonymous) at (1739,306) size 20x32
              RenderRubyText {RT} at (-12,0) size 12x32
                RenderText {#text} at (0,3) size 12x26
                  text run at (0,3) width 26: "\x{307F}\x{304A}\x{308D}"
              RenderRubyBase (anonymous) at (0,0) size 20x32
                RenderInline {RB} at (0,0) size 19x32
                  RenderText {#text} at (0,0) size 19x32
                    text run at (0,0) width 32: "\x{898B}\x{4E0B}"
          RenderText {#text} at (1739,338) size 50x478
            text run at (1739,338) width 140: "\x{3057}\x{305F}\x{304C}\x{3001}\x{3069}\x{3053}\x{3067}\x{9CF4}\x{3044}\x{3066}"
            text run at (1770,0) width 409: "\x{308B}\x{304B}\x{5F71}\x{3082}\x{5F62}\x{3082}\x{898B}\x{3048}\x{306C}\x{3002}\x{305F}\x{3060}\x{58F0}\x{3060}\x{3051}\x{304C}\x{660E}\x{3089}\x{304B}\x{306B}\x{805E}\x{3048}\x{308B}\x{3002}\x{305B}\x{3063}\x{305B}\x{3068}"
          RenderRuby (inline) {RUBY} at (0,0) size 19x16
            RenderRubyRun (anonymous) at (1770,408) size 20x18
              RenderRubyText {RT} at (-12,0) size 12x18
                RenderText {#text} at (0,0) size 12x18
                  text run at (0,0) width 18: "\x{305B}\x{308F}"
              RenderRubyBase (anonymous) at (0,0) size 20x18
                RenderInline {RB} at (0,0) size 19x16
                  RenderText {#text} at (0,1) size 19x16
                    text run at (0,1) width 16: "\x{5FD9}"
          RenderText {#text} at (1770,425) size 19x32
            text run at (1770,425) width 32: "\x{3057}\x{304F}\x{3001}"
          RenderRuby (inline) {RUBY} at (0,0) size 19x32
            RenderRubyRun (anonymous) at (1770,457) size 20x32
              RenderRubyText {RT} at (-12,0) size 12x32
                RenderText {#text} at (0,4) size 12x24
                  text run at (0,4) width 24: "\x{305F}\x{3048}\x{307E}"
              RenderRubyBase (anonymous) at (0,0) size 20x32
                RenderInline {RB} at (0,0) size 19x32
                  RenderText {#text} at (0,0) size 19x32
                    text run at (0,0) width 32: "\x{7D76}\x{9593}"
          RenderText {#text} at (1801,0) size 19x108
            text run at (1801,0) width 108: "\x{306A}\x{304F}\x{9CF4}\x{3044}\x{3066}\x{3044}\x{308B}\x{3002}"
          RenderRuby (inline) {RUBY} at (0,0) size 19x48
            RenderRubyRun (anonymous) at (1801,108) size 20x48
              RenderRubyText {RT} at (-12,0) size 12x48
                RenderText {#text} at (0,6) size 12x36
                  text run at (0,6) width 36: "\x{307B}\x{3046}\x{3044}\x{304F}\x{308A}"
              RenderRubyBase (anonymous) at (0,0) size 20x48
                RenderInline {RB} at (0,0) size 19x48
                  RenderText {#text} at (0,0) size 19x48
                    text run at (0,0) width 48: "\x{65B9}\x{5E7E}\x{91CC}"
          RenderText {#text} at (1801,156) size 19x111
            text run at (1801,156) width 111: "\x{306E}\x{7A7A}\x{6C17}\x{304C}\x{4E00}\x{9762}\x{306B}"
          RenderRuby (inline) {RUBY} at (0,0) size 19x16
            RenderRubyRun (anonymous) at (1801,266) size 20x18
              RenderRubyText {RT} at (-12,0) size 12x18
                RenderText {#text} at (0,0) size 12x18
                  text run at (0,0) width 18: "\x{306E}\x{307F}"
              RenderRubyBase (anonymous) at (0,0) size 20x18
                RenderInline {RB} at (0,0) size 19x16
                  RenderText {#text} at (0,1) size 19x16
                    text run at (0,1) width 16: "\x{86A4}"
          RenderText {#text} at (1801,283) size 50x485
            text run at (1801,283) width 202: "\x{306B}\x{523A}\x{3055}\x{308C}\x{3066}\x{3044}\x{305F}\x{305F}\x{307E}\x{308C}\x{306A}\x{3044}\x{3088}\x{3046}"
            text run at (1832,0) width 174: "\x{306A}\x{6C17}\x{304C}\x{3059}\x{308B}\x{3002}\x{3042}\x{306E}\x{9CE5}\x{306E}\x{9CF4}\x{304F}"
          RenderRuby (inline) {RUBY} at (0,0) size 19x16
            RenderRubyRun (anonymous) at (1832,174) size 20x16
              RenderRubyText {RT} at (-12,0) size 12x16
                RenderText {#text} at (0,3) size 12x10
                  text run at (0,3) width 9: "\x{306D}"
              RenderRubyBase (anonymous) at (0,0) size 20x16
                RenderInline {RB} at (0,0) size 19x16
                  RenderText {#text} at (0,0) size 19x16
                    text run at (0,0) width 16: "\x{97F3}"
          RenderText {#text} at (1832,190) size 90x482
            text run at (1832,190) width 286: "\x{306B}\x{306F}\x{77AC}\x{6642}\x{306E}\x{4F59}\x{88D5}\x{3082}\x{306A}\x{3044}\x{3002}\x{306E}\x{3069}\x{304B}\x{306A}\x{6625}\x{306E}\x{65E5}\x{3092}"
            text run at (1852,0) width 482: "\x{9CF4}\x{304D}\x{5C3D}\x{304F}\x{3057}\x{3001}\x{9CF4}\x{304D}\x{3042}\x{304B}\x{3057}\x{3001}\x{307E}\x{305F}\x{9CF4}\x{304D}\x{66AE}\x{3089}\x{3055}\x{306A}\x{3051}\x{308C}\x{3070}\x{6C17}\x{304C}\x{6E08}\x{307E}\x{3093}\x{3068}\x{898B}\x{3048}\x{308B}\x{3002}\x{305D}"
            text run at (1872,0) width 478: "\x{306E}\x{4E0A}\x{3069}\x{3053}\x{307E}\x{3067}\x{3082}\x{767B}\x{3063}\x{3066}\x{884C}\x{304F}\x{3001}\x{3044}\x{3064}\x{307E}\x{3067}\x{3082}\x{767B}\x{3063}\x{3066}\x{884C}\x{304F}\x{3002}\x{96F2}\x{96C0}\x{306F}\x{304D}\x{3063}\x{3068}\x{96F2}\x{306E}\x{4E2D}\x{3067}"
            text run at (1903,0) width 194: "\x{6B7B}\x{306C}\x{306B}\x{76F8}\x{9055}\x{306A}\x{3044}\x{3002}\x{767B}\x{308A}\x{8A70}\x{3081}\x{305F}"
          RenderRuby (inline) {RUBY} at (0,0) size 19x32
            RenderRubyRun (anonymous) at (1903,194) size 20x32
              RenderRubyText {RT} at (-12,0) size 12x32
                RenderText {#text} at (0,5) size 12x22
                  text run at (0,5) width 21: "\x{3042}\x{3052}\x{304F}"
              RenderRubyBase (anonymous) at (0,0) size 20x32
                RenderInline {RB} at (0,0) size 19x32
                  RenderText {#text} at (0,0) size 19x32
                    text run at (0,0) width 32: "\x{63DA}\x{53E5}"
          RenderText {#text} at (1903,226) size 19x104
            text run at (1903,226) width 104: "\x{306F}\x{3001}\x{6D41}\x{308C}\x{3066}\x{96F2}\x{306B}"
          RenderRuby (inline) {RUBY} at (0,0) size 19x16
            RenderRubyRun (anonymous) at (1903,330) size 20x16
              RenderRubyText {RT} at (-12,0) size 12x16
                RenderText {#text} at (0,3) size 12x10
                  text run at (0,3) width 9: "\x{3044}"
              RenderRubyBase (anonymous) at (0,0) size 20x16
                RenderInline {RB} at (0,0) size 19x16
                  RenderText {#text} at (0,0) size 19x16
                    text run at (0,0) width 16: "\x{5165}"
          RenderText {#text} at (1903,346) size 19x38
            text run at (1903,346) width 38: "\x{3063}\x{3066}\x{3001}"
          RenderRuby (inline) {RUBY} at (0,0) size 19x16
            RenderRubyRun (anonymous) at (1903,380) size 20x24
              RenderRubyText {RT} at (-12,0) size 12x24
                RenderText {#text} at (0,0) size 12x24
                  text run at (0,0) width 24: "\x{305F}\x{3060}\x{3088}"
              RenderRubyBase (anonymous) at (0,0) size 20x24
                RenderInline {RB} at (0,0) size 19x16
                  RenderText {#text} at (0,4) size 19x16
                    text run at (0,4) width 16: "\x{6F02}"
          RenderText {#text} at (1903,400) size 50x479
            text run at (1903,400) width 79: "\x{3046}\x{3066}\x{3044}\x{308B}\x{3046}\x{3061}"
            text run at (1934,0) width 290: "\x{306B}\x{5F62}\x{306F}\x{6D88}\x{3048}\x{3066}\x{306A}\x{304F}\x{306A}\x{3063}\x{3066}\x{3001}\x{305F}\x{3060}\x{58F0}\x{3060}\x{3051}\x{304C}\x{7A7A}\x{306E}"
          RenderRuby (inline) {RUBY} at (0,0) size 19x16
            RenderRubyRun (anonymous) at (1934,290) size 20x16
              RenderRubyText {RT} at (-12,0) size 12x16
                RenderText {#text} at (0,1) size 12x14
                  text run at (0,1) width 14: "\x{3046}\x{3061}"
              RenderRubyBase (anonymous) at (0,0) size 20x16
                RenderInline {RB} at (0,0) size 19x16
                  RenderText {#text} at (0,0) size 19x16
                    text run at (0,0) width 16: "\x{88E1}"
          RenderText {#text} at (1934,306) size 19x162
            text run at (1934,306) width 162: "\x{306B}\x{6B8B}\x{308B}\x{306E}\x{304B}\x{3082}\x{77E5}\x{308C}\x{306A}\x{3044}\x{3002}"
          RenderBR {BR} at (1934,468) size 19x0
          RenderText {#text} at (1965,0) size 19x11
            text run at (1965,0) width 11: "\x{3000}"
          RenderRuby (inline) {RUBY} at (0,0) size 19x32
            RenderRubyRun (anonymous) at (1965,9) size 20x36
              RenderRubyText {RT} at (-12,0) size 12x35
                RenderText {#text} at (0,0) size 12x35
                  text run at (0,0) width 35: "\x{3044}\x{308F}\x{304B}\x{3069}"
              RenderRubyBase (anonymous) at (0,0) size 20x35
                RenderInline {RB} at (0,0) size 19x33
                  RenderText {#text} at (0,1) size 19x33
                    text run at (0,1) width 32: "\x{5DCC}\x{89D2}"
          RenderText {#text} at (1965,43) size 19x107
            text run at (1965,43) width 107: "\x{3092}\x{92ED}\x{3069}\x{304F}\x{5EFB}\x{3063}\x{3066}\x{3001}"
          RenderRuby (inline) {RUBY} at (0,0) size 19x32
            RenderRubyRun (anonymous) at (1965,150) size 20x32
              RenderRubyText {RT} at (-12,0) size 12x32
                RenderText {#text} at (0,4) size 12x24
                  text run at (0,4) width 24: "\x{3042}\x{3093}\x{307E}"
              RenderRubyBase (anonymous) at (0,0) size 20x32
                RenderInline {RB} at (0,0) size 19x32
                  RenderText {#text} at (0,0) size 19x32
                    text run at (0,0) width 32: "\x{6309}\x{6469}"
          RenderText {#text} at (1965,182) size 19x27
            text run at (1965,182) width 27: "\x{306A}\x{3089}"
          RenderRuby (inline) {RUBY} at (0,0) size 19x48
            RenderRubyRun (anonymous) at (1965,209) size 20x48
              RenderRubyText {RT} at (-12,0) size 12x48
                RenderText {#text} at (0,1) size 12x46
                  text run at (0,1) width 46: "\x{307E}\x{3063}\x{3055}\x{304B}\x{3055}\x{307E}"
              RenderRubyBase (anonymous) at (0,0) size 20x48
                RenderInline {RB} at (0,0) size 19x48
                  RenderText {#text} at (0,0) size 19x48
                    text run at (0,0) width 48: "\x{771F}\x{9006}\x{69D8}"
          RenderText {#text} at (1965,257) size 19x124
            text run at (1965,257) width 124: "\x{306B}\x{843D}\x{3064}\x{308B}\x{3068}\x{3053}\x{308D}\x{3092}\x{3001}"
          RenderRuby (inline) {RUBY} at (0,0) size 19x16
            RenderRubyRun (anonymous) at (1965,380) size 20x18
              RenderRubyText {RT} at (-12,0) size 12x17
                RenderText {#text} at (0,0) size 12x17
                  text run at (0,0) width 17: "\x{304D}\x{308F}"
              RenderRubyBase (anonymous) at (0,0) size 20x17
                RenderInline {RB} at (0,0) size 19x17
                  RenderText {#text} at (0,0) size 19x17
                    text run at (0,0) width 16: "\x{969B}"
          RenderText {#text} at (1965,397) size 50x484
            text run at (1965,397) width 87: "\x{3069}\x{304F}\x{53F3}\x{3078}\x{5207}\x{308C}"
            text run at (1996,0) width 56: "\x{3066}\x{3001}\x{6A2A}\x{306B}"
          RenderRuby (inline) {RUBY} at (0,0) size 19x32
            RenderRubyRun (anonymous) at (1996,56) size 20x32
              RenderRubyText {RT} at (-12,0) size 12x32
                RenderText {#text} at (0,3) size 12x26
                  text run at (0,3) width 26: "\x{307F}\x{304A}\x{308D}"
              RenderRubyBase (anonymous) at (0,0) size 20x32
                RenderInline {RB} at (0,0) size 19x32
                  RenderText {#text} at (0,0) size 19x32
                    text run at (0,0) width 32: "\x{898B}\x{4E0B}"
          RenderText {#text} at (1996,88) size 19x38
            text run at (1996,88) width 38: "\x{3059}\x{3068}\x{3001}"
          RenderRuby (inline) {RUBY} at (0,0) size 19x16
            RenderRubyRun (anonymous) at (1996,126) size 20x16
              RenderRubyText {RT} at (-12,0) size 12x16
                RenderText {#text} at (0,4) size 12x8
                  text run at (0,4) width 8: "\x{306A}"
              RenderRubyBase (anonymous) at (0,0) size 20x16
                RenderInline {RB} at (0,0) size 19x16
                  RenderText {#text} at (0,0) size 19x16
                    text run at (0,0) width 16: "\x{83DC}"
          RenderText {#text} at (1996,142) size 50x487
            text run at (1996,142) width 345: "\x{306E}\x{82B1}\x{304C}\x{4E00}\x{9762}\x{306B}\x{898B}\x{3048}\x{308B}\x{3002}\x{96F2}\x{96C0}\x{306F}\x{3042}\x{3059}\x{3053}\x{3078}\x{843D}\x{3061}\x{308B}\x{306E}\x{304B}\x{3068}"
            text run at (2027,0) width 143: "\x{601D}\x{3063}\x{305F}\x{3002}\x{3044}\x{3044}\x{3084}\x{3001}\x{3042}\x{306E}"
          RenderRuby (inline) {RUBY} at (0,0) size 19x32
            RenderRubyRun (anonymous) at (2027,143) size 20x32
              RenderRubyText {RT} at (-12,0) size 12x32
                RenderText {#text} at (0,3) size 12x26
                  text run at (0,3) width 25: "\x{3053}\x{304C}\x{306D}"
              RenderRubyBase (anonymous) at (0,0) size 20x32
                RenderInline {RB} at (0,0) size 19x32
                  RenderText {#text} at (0,0) size 19x32
                    text run at (0,0) width 32: "\x{9EC4}\x{91D1}"
          RenderText {#text} at (2027,175) size 50x479
            text run at (2027,175) width 304: "\x{306E}\x{539F}\x{304B}\x{3089}\x{98DB}\x{3073}\x{4E0A}\x{304C}\x{3063}\x{3066}\x{304F}\x{308B}\x{306E}\x{304B}\x{3068}\x{601D}\x{3063}\x{305F}\x{3002}\x{6B21}\x{306B}"
            text run at (2058,0) width 115: "\x{306F}\x{843D}\x{3061}\x{308B}\x{96F2}\x{96C0}\x{3068}\x{3001}"
          RenderRuby (inline) {RUBY} at (0,0) size 19x16
            RenderRubyRun (anonymous) at (2058,114) size 20x18
              RenderRubyText {RT} at (-12,0) size 12x17
                RenderText {#text} at (0,0) size 12x17
                  text run at (0,0) width 17: "\x{3042}\x{304C}"
              RenderRubyBase (anonymous) at (0,0) size 20x17
                RenderInline {RB} at (0,0) size 19x17
                  RenderText {#text} at (0,0) size 19x17
                    text run at (0,0) width 16: "\x{4E0A}"
          RenderText {#text} at (2058,131) size 19x14
            text run at (2058,131) width 14: "\x{308B}"
          RenderRuby (inline) {RUBY} at (0,0) size 19x32
            RenderRubyRun (anonymous) at (2058,145) size 20x32
              RenderRubyText {RT} at (-12,0) size 12x32
                RenderText {#text} at (0,4) size 12x24
                  text run at (0,4) width 24: "\x{3072}\x{3070}\x{308A}"
              RenderRubyBase (anonymous) at (0,0) size 20x32
                RenderInline {RB} at (0,0) size 19x32
                  RenderText {#text} at (0,0) size 19x32
                    text run at (0,0) width 32: "\x{96F2}\x{96C0}"
          RenderText {#text} at (2058,177) size 50x487
            text run at (2058,177) width 310: "\x{304C}\x{5341}\x{6587}\x{5B57}\x{306B}\x{3059}\x{308C}\x{9055}\x{3046}\x{306E}\x{304B}\x{3068}\x{601D}\x{3063}\x{305F}\x{3002}\x{6700}\x{5F8C}\x{306B}\x{3001}\x{843D}"
            text run at (2089,0) width 230: "\x{3061}\x{308B}\x{6642}\x{3082}\x{3001}\x{4E0A}\x{308B}\x{6642}\x{3082}\x{3001}\x{307E}\x{305F}\x{5341}\x{6587}\x{5B57}\x{306B}"
          RenderRuby (inline) {RUBY} at (0,0) size 19x16
            RenderRubyRun (anonymous) at (2089,230) size 20x16
              RenderRubyText {RT} at (-12,0) size 12x16
                RenderText {#text} at (0,4) size 12x8
                  text run at (0,4) width 8: "\x{3059}"
              RenderRubyBase (anonymous) at (0,0) size 20x16
                RenderInline {RB} at (0,0) size 19x16
                  RenderText {#text} at (0,0) size 19x16
                    text run at (0,0) width 16: "\x{64E6}"
          RenderText {#text} at (2089,246) size 39x487
            text run at (2089,246) width 241: "\x{308C}\x{9055}\x{3046}\x{3068}\x{304D}\x{306B}\x{3082}\x{5143}\x{6C17}\x{3088}\x{304F}\x{9CF4}\x{304D}\x{3064}\x{3065}\x{3051}\x{308B}"
            text run at (2109,0) width 107: "\x{3060}\x{308D}\x{3046}\x{3068}\x{601D}\x{3063}\x{305F}\x{3002}"
          RenderBR {BR} at (2109,107) size 19x0
          RenderText {#text} at (2140,0) size 19x169
            text run at (2140,0) width 169: "\x{3000}\x{6625}\x{306F}\x{7720}\x{304F}\x{306A}\x{308B}\x{3002}\x{732B}\x{306F}\x{9F20}\x{3092}"
          RenderRuby (inline) {RUBY} at (0,0) size 19x16
            RenderRubyRun (anonymous) at (2140,169) size 20x16
              RenderRubyText {RT} at (-12,0) size 12x16
                RenderText {#text} at (0,4) size 12x8
                  text run at (0,4) width 7: "\x{3068}"
              RenderRubyBase (anonymous) at (0,0) size 20x16
                RenderInline {RB} at (0,0) size 19x16
                  RenderText {#text} at (0,0) size 19x16
                    text run at (0,0) width 16: "\x{6355}"
          RenderText {#text} at (2140,185) size 50x484
            text run at (2140,185) width 299: "\x{308B}\x{4E8B}\x{3092}\x{5FD8}\x{308C}\x{3001}\x{4EBA}\x{9593}\x{306F}\x{501F}\x{91D1}\x{306E}\x{3042}\x{308B}\x{4E8B}\x{3092}\x{5FD8}\x{308C}\x{308B}\x{3002}"
            text run at (2171,0) width 95: "\x{6642}\x{306B}\x{306F}\x{81EA}\x{5206}\x{306E}"
          RenderRuby (inline) {RUBY} at (0,0) size 19x23
            RenderRubyRun (anonymous) at (2171,90) size 20x33
              RenderRubyText {RT} at (-12,0) size 12x32
                RenderText {#text} at (0,0) size 12x32
                  text run at (0,0) width 32: "\x{305F}\x{307E}\x{3057}\x{3044}"
              RenderRubyBase (anonymous) at (0,0) size 20x32
                RenderInline {RB} at (0,0) size 19x16
                  RenderText {#text} at (0,8) size 19x16
                    text run at (0,8) width 16: "\x{9B42}"
          RenderText {#text} at (2171,118) size 19x16
            text run at (2171,118) width 16: "\x{306E}"
          RenderRuby (inline) {RUBY} at (0,0) size 19x32
            RenderRubyRun (anonymous) at (2171,134) size 20x32
              RenderRubyText {RT} at (-12,0) size 12x32
                RenderText {#text} at (0,0) size 12x32
                  text run at (0,0) width 32: "\x{3044}\x{3069}\x{3053}\x{308D}"
              RenderRubyBase (anonymous) at (0,0) size 20x32
                RenderInline {RB} at (0,0) size 19x32
                  RenderText {#text} at (0,0) size 19x32
                    text run at (0,0) width 32: "\x{5C45}\x{6240}"
          RenderText {#text} at (2171,166) size 50x480
            text run at (2171,166) width 314: "\x{3055}\x{3048}\x{5FD8}\x{308C}\x{3066}\x{6B63}\x{4F53}\x{306A}\x{304F}\x{306A}\x{308B}\x{3002}\x{305F}\x{3060}\x{83DC}\x{306E}\x{82B1}\x{3092}\x{9060}\x{304F}\x{671B}\x{3093}"
            text run at (2202,0) width 88: "\x{3060}\x{3068}\x{304D}\x{306B}\x{773C}\x{304C}"
          RenderRuby (inline) {RUBY} at (0,0) size 19x16
            RenderRubyRun (anonymous) at (2202,88) size 20x16
              RenderRubyText {RT} at (-12,0) size 12x16
                RenderText {#text} at (0,4) size 12x8
                  text run at (0,4) width 7: "\x{3055}"
              RenderRubyBase (anonymous) at (0,0) size 20x16
                RenderInline {RB} at (0,0) size 19x16
                  RenderText {#text} at (0,0) size 19x16
                    text run at (0,0) width 16: "\x{9192}"
          RenderText {#text} at (2202,104) size 19x297
            text run at (2202,104) width 297: "\x{3081}\x{308B}\x{3002}\x{96F2}\x{96C0}\x{306E}\x{58F0}\x{3092}\x{805E}\x{3044}\x{305F}\x{3068}\x{304D}\x{306B}\x{9B42}\x{306E}\x{3042}\x{308A}\x{304B}\x{304C}"
          RenderRuby (inline) {RUBY} at (0,0) size 19x32
            RenderRubyRun (anonymous) at (2202,400) size 20x34
              RenderRubyText {RT} at (-12,0) size 12x34
                RenderText {#text} at (0,0) size 12x34
                  text run at (0,0) width 34: "\x{306F}\x{3093}\x{305C}\x{3093}"
              RenderRubyBase (anonymous) at (0,0) size 20x34
                RenderInline {RB} at (0,0) size 19x32
                  RenderText {#text} at (0,1) size 19x32
                    text run at (0,1) width 32: "\x{5224}\x{7136}"
          RenderText {#text} at (2202,433) size 79x490
            text run at (2202,433) width 56: "\x{3059}\x{308B}\x{3002}\x{96F2}"
            text run at (2222,0) width 487: "\x{96C0}\x{306E}\x{9CF4}\x{304F}\x{306E}\x{306F}\x{53E3}\x{3067}\x{9CF4}\x{304F}\x{306E}\x{3067}\x{306F}\x{306A}\x{3044}\x{3001}\x{9B42}\x{5168}\x{4F53}\x{304C}\x{9CF4}\x{304F}\x{306E}\x{3060}\x{3002}\x{9B42}\x{306E}\x{6D3B}\x{52D5}\x{304C}\x{58F0}\x{306B}\x{3042}"
            text run at (2242,0) width 490: "\x{3089}\x{308F}\x{308C}\x{305F}\x{3082}\x{306E}\x{306E}\x{3046}\x{3061}\x{3067}\x{3001}\x{3042}\x{308C}\x{307B}\x{3069}\x{5143}\x{6C17}\x{306E}\x{3042}\x{308B}\x{3082}\x{306E}\x{306F}\x{306A}\x{3044}\x{3002}\x{3042}\x{3042}\x{6109}\x{5FEB}\x{3060}\x{3002}\x{3053}\x{3046}"
            text run at (2262,0) width 255: "\x{601D}\x{3063}\x{3066}\x{3001}\x{3053}\x{3046}\x{6109}\x{5FEB}\x{306B}\x{306A}\x{308B}\x{306E}\x{304C}\x{8A69}\x{3067}\x{3042}\x{308B}\x{3002}"
          RenderBR {BR} at (2262,255) size 19x0
          RenderText {#text} at (2282,0) size 19x486
            text run at (2282,0) width 486: "\x{3000}\x{305F}\x{3061}\x{307E}\x{3061}\x{30B7}\x{30A7}\x{30EC}\x{30FC}\x{306E}\x{96F2}\x{96C0}\x{306E}\x{8A69}\x{3092}\x{601D}\x{3044}\x{51FA}\x{3057}\x{3066}\x{3001}\x{53E3}\x{306E}\x{3046}\x{3061}\x{3067}\x{899A}\x{3048}\x{305F}\x{3068}\x{3053}\x{308D}\x{3060}\x{3051}"
          RenderRuby (inline) {RUBY} at (0,0) size 19x34
            RenderRubyRun (anonymous) at (2313,0) size 20x36
              RenderRubyText {RT} at (-12,0) size 12x36
                RenderText {#text} at (0,0) size 12x36
                  text run at (0,0) width 36: "\x{3042}\x{3093}\x{3057}\x{3087}\x{3046}"
              RenderRubyBase (anonymous) at (0,0) size 20x36
                RenderInline {RB} at (0,0) size 19x32
                  RenderText {#text} at (0,2) size 19x32
                    text run at (0,2) width 32: "\x{6697}\x{8AA6}"
          RenderText {#text} at (2313,34) size 39x486
            text run at (2313,34) width 452: "\x{3057}\x{3066}\x{898B}\x{305F}\x{304C}\x{3001}\x{899A}\x{3048}\x{3066}\x{3044}\x{308B}\x{3068}\x{3053}\x{308D}\x{306F}\x{4E8C}\x{4E09}\x{53E5}\x{3057}\x{304B}\x{306A}\x{304B}\x{3063}\x{305F}\x{3002}\x{305D}\x{306E}\x{4E8C}\x{4E09}\x{53E5}\x{306E}"
            text run at (2333,0) width 159: "\x{306A}\x{304B}\x{306B}\x{3053}\x{3093}\x{306A}\x{306E}\x{304C}\x{3042}\x{308B}\x{3002}"
          RenderBR {BR} at (2333,159) size 19x0
        RenderBlock {DIV} at (2353,32) size 100x460
          RenderText {#text} at (0,0) size 19x175
            text run at (0,0) width 175: "\x{3000}\x{3000}We look before and after"
          RenderBR {BR} at (0,175) size 19x0
          RenderText {#text} at (20,0) size 19x192
            text run at (20,0) width 192: "\x{3000}\x{3000}\x{3000}\x{3000}And pine for what is not:"
          RenderBR {BR} at (20,192) size 19x0
          RenderText {#text} at (40,0) size 19x153
            text run at (40,0) width 153: "\x{3000}\x{3000}Our sincerest laughter"
          RenderBR {BR} at (40,153) size 19x0
          RenderText {#text} at (60,0) size 19x200
            text run at (60,0) width 200: "\x{3000}\x{3000}\x{3000}\x{3000}With some pain is fraught;"
          RenderBR {BR} at (60,200) size 19x0
          RenderText {#text} at (80,0) size 19x342
            text run at (80,0) width 342: "Our sweetest songs are those that tell of saddest thought."
          RenderBR {BR} at (80,342) size 19x0
        RenderBlock (anonymous) at (2453,0) size 1696x492
          RenderText {#text} at (12,0) size 19x95
            text run at (12,0) width 95: "\x{300C}\x{524D}\x{3092}\x{307F}\x{3066}\x{306F}\x{3001}"
          RenderRuby (inline) {RUBY} at (0,0) size 19x16
            RenderRubyRun (anonymous) at (12,95) size 20x16
              RenderRubyText {RT} at (-12,0) size 12x16
                RenderText {#text} at (0,1) size 12x14
                  text run at (0,1) width 14: "\x{3057}\x{308A}"
              RenderRubyBase (anonymous) at (0,0) size 20x16
                RenderInline {RB} at (0,0) size 19x16
                  RenderText {#text} at (0,0) size 19x16
                    text run at (0,0) width 16: "\x{5F8C}"
          RenderText {#text} at (12,111) size 19x85
            text run at (12,111) width 85: "\x{3048}\x{3092}\x{898B}\x{3066}\x{306F}\x{3001}"
          RenderRuby (inline) {RUBY} at (0,0) size 19x32
            RenderRubyRun (anonymous) at (12,196) size 20x32
              RenderRubyText {RT} at (-12,0) size 12x32
                RenderText {#text} at (0,3) size 12x26
                  text run at (0,3) width 25: "\x{3082}\x{306E}\x{307B}"
              RenderRubyBase (anonymous) at (0,0) size 20x32
                RenderInline {RB} at (0,0) size 19x32
                  RenderText {#text} at (0,0) size 19x32
                    text run at (0,0) width 32: "\x{7269}\x{6B32}"
          RenderText {#text} at (12,228) size 50x480
            text run at (12,228) width 252: "\x{3057}\x{3068}\x{3001}\x{3042}\x{3053}\x{304C}\x{308B}\x{308B}\x{304B}\x{306A}\x{308F}\x{308C}\x{3002}\x{8179}\x{304B}\x{3089}\x{306E}\x{3001}"
            text run at (43,0) width 336: "\x{7B11}\x{3068}\x{3044}\x{3048}\x{3069}\x{3001}\x{82E6}\x{3057}\x{307F}\x{306E}\x{3001}\x{305D}\x{3053}\x{306B}\x{3042}\x{308B}\x{3079}\x{3057}\x{3002}\x{3046}\x{3064}\x{304F}\x{3057}\x{304D}\x{3001}"
          RenderRuby (inline) {RUBY} at (0,0) size 19x16
            RenderRubyRun (anonymous) at (43,335) size 20x18
              RenderRubyText {RT} at (-12,0) size 12x17
                RenderText {#text} at (0,0) size 12x17
                  text run at (0,0) width 17: "\x{304D}\x{308F}"
              RenderRubyBase (anonymous) at (0,0) size 20x17
                RenderInline {RB} at (0,0) size 19x17
                  RenderText {#text} at (0,0) size 19x17
                    text run at (0,0) width 16: "\x{6975}"
          RenderText {#text} at (43,352) size 50x466
            text run at (43,352) width 114: "\x{307F}\x{306E}\x{6B4C}\x{306B}\x{3001}\x{60B2}\x{3057}\x{3055}"
            text run at (74,0) width 75: "\x{306E}\x{3001}\x{6975}\x{307F}\x{306E}"
          RenderRuby (inline) {RUBY} at (0,0) size 19x16
            RenderRubyRun (anonymous) at (74,70) size 20x26
              RenderRubyText {RT} at (-12,0) size 12x25
                RenderText {#text} at (0,0) size 12x25
                  text run at (0,0) width 25: "\x{304A}\x{3082}\x{3044}"
              RenderRubyBase (anonymous) at (0,0) size 20x25
                RenderInline {RB} at (0,0) size 19x17
                  RenderText {#text} at (0,4) size 19x17
                    text run at (0,4) width 16: "\x{60F3}"
          RenderText {#text} at (74,91) size 19x11
            text run at (74,91) width 11: "\x{3001}"
          RenderRuby (inline) {RUBY} at (0,0) size 19x16
            RenderRubyRun (anonymous) at (74,102) size 20x16
              RenderRubyText {RT} at (-12,0) size 12x16
                RenderText {#text} at (0,1) size 12x14
                  text run at (0,1) width 14: "\x{3053}\x{3082}"
              RenderRubyBase (anonymous) at (0,0) size 20x16
                RenderInline {RB} at (0,0) size 19x16
                  RenderText {#text} at (0,0) size 19x16
                    text run at (0,0) width 16: "\x{7C60}"
          RenderText {#text} at (74,118) size 19x81
            text run at (74,118) width 81: "\x{308B}\x{3068}\x{305E}\x{77E5}\x{308C}\x{300D}"
          RenderBR {BR} at (74,199) size 19x0
          RenderText {#text} at (94,0) size 50x476
            text run at (94,0) width 476: "\x{3000}\x{306A}\x{308B}\x{307B}\x{3069}\x{3044}\x{304F}\x{3089}\x{8A69}\x{4EBA}\x{304C}\x{5E78}\x{798F}\x{3067}\x{3082}\x{3001}\x{3042}\x{306E}\x{96F2}\x{96C0}\x{306E}\x{3088}\x{3046}\x{306B}\x{601D}\x{3044}\x{5207}\x{3063}\x{3066}\x{3001}\x{4E00}\x{5FC3}\x{4E0D}"
            text run at (125,0) width 261: "\x{4E71}\x{306B}\x{3001}\x{524D}\x{5F8C}\x{3092}\x{5FD8}\x{5374}\x{3057}\x{3066}\x{3001}\x{308F}\x{304C}\x{559C}\x{3073}\x{3092}\x{6B4C}\x{3046}"
          RenderRuby (inline) {RUBY} at (0,0) size 19x16
            RenderRubyRun (anonymous) at (125,260) size 20x18
              RenderRubyText {RT} at (-12,0) size 12x18
                RenderText {#text} at (0,0) size 12x18
                  text run at (0,0) width 18: "\x{308F}\x{3051}"
              RenderRubyBase (anonymous) at (0,0) size 20x18
                RenderInline {RB} at (0,0) size 19x16
                  RenderText {#text} at (0,1) size 19x16
                    text run at (0,1) width 16: "\x{8A33}"
          RenderText {#text} at (125,277) size 50x485
            text run at (125,277) width 208: "\x{306B}\x{306F}\x{884C}\x{304F}\x{307E}\x{3044}\x{3002}\x{897F}\x{6D0B}\x{306E}\x{8A69}\x{306F}\x{7121}\x{8AD6}"
            text run at (156,0) width 169: "\x{306E}\x{4E8B}\x{3001}\x{652F}\x{90A3}\x{306E}\x{8A69}\x{306B}\x{3082}\x{3001}\x{3088}\x{304F}"
          RenderRuby (inline) {RUBY} at (0,0) size 19x32
            RenderRubyRun (anonymous) at (156,169) size 20x32
              RenderRubyText {RT} at (-12,0) size 12x32
                RenderText {#text} at (0,1) size 12x30
                  text run at (0,1) width 29: "\x{3070}\x{3093}\x{3053}\x{304F}"
              RenderRubyBase (anonymous) at (0,0) size 20x32
                RenderInline {RB} at (0,0) size 19x32
                  RenderText {#text} at (0,0) size 19x32
                    text run at (0,0) width 32: "\x{4E07}\x{659B}"
          RenderText {#text} at (156,201) size 19x16
            text run at (156,201) width 16: "\x{306E}"
          RenderRuby (inline) {RUBY} at (0,0) size 19x16
            RenderRubyRun (anonymous) at (156,213) size 20x24
              RenderRubyText {RT} at (-12,0) size 12x24
                RenderText {#text} at (0,0) size 12x24
                  text run at (0,0) width 24: "\x{3046}\x{308C}\x{3044}"
              RenderRubyBase (anonymous) at (0,0) size 20x24
                RenderInline {RB} at (0,0) size 19x16
                  RenderText {#text} at (0,4) size 19x16
                    text run at (0,4) width 16: "\x{6101}"
          RenderText {#text} at (156,233) size 50x480
            text run at (156,233) width 247: "\x{306A}\x{3069}\x{3068}\x{4E91}\x{3046}\x{5B57}\x{304C}\x{3042}\x{308B}\x{3002}\x{8A69}\x{4EBA}\x{3060}\x{304B}\x{3089}\x{4E07}\x{659B}"
            text run at (187,0) width 14: "\x{3067}"
          RenderRuby (inline) {RUBY} at (0,0) size 19x32
            RenderRubyRun (anonymous) at (187,14) size 20x32
              RenderRubyText {RT} at (-12,0) size 12x32
                RenderText {#text} at (0,2) size 12x28
                  text run at (0,2) width 28: "\x{3057}\x{308D}\x{3046}\x{3068}"
              RenderRubyBase (anonymous) at (0,0) size 20x32
                RenderInline {RB} at (0,0) size 19x32
                  RenderText {#text} at (0,0) size 19x32
                    text run at (0,0) width 32: "\x{7D20}\x{4EBA}"
          RenderText {#text} at (187,46) size 19x43
            text run at (187,46) width 43: "\x{306A}\x{3089}\x{4E00}"
          RenderRuby (inline) {RUBY} at (0,0) size 19x16
            RenderRubyRun (anonymous) at (187,89) size 20x16
              RenderRubyText {RT} at (-12,0) size 12x16
                RenderText {#text} at (0,1) size 12x14
                  text run at (0,1) width 14: "\x{3054}\x{3046}"
              RenderRubyBase (anonymous) at (0,0) size 20x16
                RenderInline {RB} at (0,0) size 19x16
                  RenderText {#text} at (0,0) size 19x16
                    text run at (0,0) width 16: "\x{5408}"
          RenderText {#text} at (187,105) size 50x490
            text run at (187,105) width 385: "\x{3067}\x{6E08}\x{3080}\x{304B}\x{3082}\x{77E5}\x{308C}\x{306C}\x{3002}\x{3057}\x{3066}\x{898B}\x{308B}\x{3068}\x{8A69}\x{4EBA}\x{306F}\x{5E38}\x{306E}\x{4EBA}\x{3088}\x{308A}\x{3082}\x{82E6}\x{52B4}\x{6027}"
            text run at (218,0) width 25: "\x{3067}\x{3001}"
          RenderRuby (inline) {RUBY} at (0,0) size 19x32
            RenderRubyRun (anonymous) at (218,24) size 20x34
              RenderRubyText {RT} at (-12,0) size 12x33
                RenderText {#text} at (0,0) size 12x33
                  text run at (0,0) width 33: "\x{307C}\x{3093}\x{3053}\x{3064}"
              RenderRubyBase (anonymous) at (0,0) size 20x33
                RenderInline {RB} at (0,0) size 19x33
                  RenderText {#text} at (0,0) size 19x33
                    text run at (0,0) width 32: "\x{51E1}\x{9AA8}"
          RenderText {#text} at (218,57) size 50x465
            text run at (218,57) width 408: "\x{306E}\x{500D}\x{4EE5}\x{4E0A}\x{306B}\x{795E}\x{7D4C}\x{304C}\x{92ED}\x{654F}\x{306A}\x{306E}\x{304B}\x{3082}\x{77E5}\x{308C}\x{3093}\x{3002}\x{8D85}\x{4FD7}\x{306E}\x{559C}\x{3073}\x{3082}\x{3042}\x{308D}\x{3046}"
            text run at (249,0) width 75: "\x{304C}\x{3001}\x{7121}\x{91CF}\x{306E}"
          RenderRuby (inline) {RUBY} at (0,0) size 19x24
            RenderRubyRun (anonymous) at (249,70) size 20x34
              RenderRubyText {RT} at (-12,0) size 12x33
                RenderText {#text} at (0,0) size 12x33
                  text run at (0,0) width 33: "\x{304B}\x{306A}\x{3057}\x{307F}"
              RenderRubyBase (anonymous) at (0,0) size 20x33
                RenderInline {RB} at (0,0) size 19x17
                  RenderText {#text} at (0,8) size 19x17
                    text run at (0,8) width 16: "\x{60B2}"
          RenderText {#text} at (249,99) size 19x330
            text run at (249,99) width 330: "\x{3082}\x{591A}\x{304B}\x{308D}\x{3046}\x{3002}\x{305D}\x{3093}\x{306A}\x{3089}\x{3070}\x{8A69}\x{4EBA}\x{306B}\x{306A}\x{308B}\x{306E}\x{3082}\x{8003}\x{3048}\x{7269}\x{3060}\x{3002}"
          RenderBR {BR} at (249,429) size 19x0
          RenderText {#text} at (280,0) size 19x109
            text run at (280,0) width 109: "\x{3000}\x{3057}\x{3070}\x{3089}\x{304F}\x{306F}\x{8DEF}\x{304C}"
          RenderRuby (inline) {RUBY} at (0,0) size 19x16
            RenderRubyRun (anonymous) at (280,105) size 20x24
              RenderRubyText {RT} at (-12,0) size 12x24
                RenderText {#text} at (0,0) size 12x24
                  text run at (0,0) width 24: "\x{305F}\x{3044}\x{3089}"
              RenderRubyBase (anonymous) at (0,0) size 20x24
                RenderInline {RB} at (0,0) size 19x16
                  RenderText {#text} at (0,4) size 19x16
                    text run at (0,4) width 16: "\x{5E73}"
          RenderText {#text} at (280,125) size 19x57
            text run at (280,125) width 57: "\x{3067}\x{3001}\x{53F3}\x{306F}"
          RenderRuby (inline) {RUBY} at (0,0) size 19x48
            RenderRubyRun (anonymous) at (280,182) size 20x48
              RenderRubyText {RT} at (-12,0) size 12x48
                RenderText {#text} at (0,4) size 12x40
                  text run at (0,4) width 39: "\x{305E}\x{3046}\x{304D}\x{3084}\x{307E}"
              RenderRubyBase (anonymous) at (0,0) size 20x48
                RenderInline {RB} at (0,0) size 19x48
                  RenderText {#text} at (0,0) size 19x48
                    text run at (0,0) width 48: "\x{96D1}\x{6728}\x{5C71}"
          RenderText {#text} at (280,230) size 50x484
            text run at (280,230) width 254: "\x{3001}\x{5DE6}\x{306F}\x{83DC}\x{306E}\x{82B1}\x{306E}\x{898B}\x{3064}\x{3065}\x{3051}\x{3067}\x{3042}\x{308B}\x{3002}\x{8DB3}\x{306E}"
            text run at (311,0) width 63: "\x{4E0B}\x{306B}\x{6642}\x{3005}"
          RenderRuby (inline) {RUBY} at (0,0) size 19x48
            RenderRubyRun (anonymous) at (311,63) size 20x48
              RenderRubyText {RT} at (-12,0) size 12x48
                RenderText {#text} at (0,7) size 12x34
                  text run at (0,7) width 34: "\x{305F}\x{3093}\x{307D}\x{307D}"
              RenderRubyBase (anonymous) at (0,0) size 20x48
                RenderInline {RB} at (0,0) size 19x48
                  RenderText {#text} at (0,0) size 19x48
                    text run at (0,0) width 48: "\x{84B2}\x{516C}\x{82F1}"
          RenderText {#text} at (311,111) size 19x101
            text run at (311,111) width 101: "\x{3092}\x{8E0F}\x{307F}\x{3064}\x{3051}\x{308B}\x{3002}"
          RenderRuby (inline) {RUBY} at (0,0) size 19x22
            RenderRubyRun (anonymous) at (311,207) size 20x32
              RenderRubyText {RT} at (-12,0) size 12x31
                RenderText {#text} at (0,0) size 12x31
                  text run at (0,0) width 31: "\x{306E}\x{3053}\x{304E}\x{308A}"
              RenderRubyBase (anonymous) at (0,0) size 20x31
                RenderInline {RB} at (0,0) size 19x17
                  RenderText {#text} at (0,7) size 19x17
                    text run at (0,7) width 16: "\x{92F8}"
          RenderText {#text} at (311,234) size 50x482
            text run at (311,234) width 248: "\x{306E}\x{3088}\x{3046}\x{306A}\x{8449}\x{304C}\x{9060}\x{616E}\x{306A}\x{304F}\x{56DB}\x{65B9}\x{3078}\x{306E}\x{3057}\x{3066}\x{771F}"
            text run at (342,0) width 77: "\x{4E2D}\x{306B}\x{9EC4}\x{8272}\x{306A}"
          RenderRuby (inline) {RUBY} at (0,0) size 19x16
            RenderRubyRun (anonymous) at (342,77) size 20x16
              RenderRubyText {RT} at (-12,0) size 12x16
                RenderText {#text} at (0,0) size 12x16
                  text run at (0,0) width 16: "\x{305F}\x{307E}"
              RenderRubyBase (anonymous) at (0,0) size 20x16
                RenderInline {RB} at (0,0) size 19x16
                  RenderText {#text} at (0,0) size 19x16
                    text run at (0,0) width 16: "\x{73E0}"
          RenderText {#text} at (342,93) size 70x487
            text run at (342,93) width 375: "\x{3092}\x{64C1}\x{8B77}\x{3057}\x{3066}\x{3044}\x{308B}\x{3002}\x{83DC}\x{306E}\x{82B1}\x{306B}\x{6C17}\x{3092}\x{3068}\x{3089}\x{308C}\x{3066}\x{3001}\x{8E0F}\x{307F}\x{3064}\x{3051}\x{305F}\x{3042}\x{3068}"
            text run at (362,0) width 487: "\x{3067}\x{3001}\x{6C17}\x{306E}\x{6BD2}\x{306A}\x{4E8B}\x{3092}\x{3057}\x{305F}\x{3068}\x{3001}\x{632F}\x{308A}\x{5411}\x{3044}\x{3066}\x{898B}\x{308B}\x{3068}\x{3001}\x{9EC4}\x{8272}\x{306A}\x{73E0}\x{306F}\x{4F9D}\x{7136}\x{3068}\x{3057}\x{3066}\x{92F8}\x{306E}\x{306A}"
            text run at (393,0) width 31: "\x{304B}\x{306B}"
          RenderRuby (inline) {RUBY} at (0,0) size 19x32
            RenderRubyRun (anonymous) at (393,31) size 20x32
              RenderRubyText {RT} at (-12,0) size 12x32
                RenderText {#text} at (0,4) size 12x24
                  text run at (0,4) width 24: "\x{3061}\x{3093}\x{3056}"
              RenderRubyBase (anonymous) at (0,0) size 20x32
                RenderInline {RB} at (0,0) size 19x32
                  RenderText {#text} at (0,0) size 19x32
                    text run at (0,0) width 32: "\x{93AE}\x{5EA7}"
          RenderText {#text} at (393,63) size 19x66
            text run at (393,63) width 66: "\x{3057}\x{3066}\x{3044}\x{308B}\x{3002}"
          RenderRuby (inline) {RUBY} at (0,0) size 19x32
            RenderRubyRun (anonymous) at (393,129) size 20x32
              RenderRubyText {RT} at (-12,0) size 12x32
                RenderText {#text} at (0,3) size 12x26
                  text run at (0,3) width 25: "\x{306E}\x{3093}\x{304D}"
              RenderRubyBase (anonymous) at (0,0) size 20x32
                RenderInline {RB} at (0,0) size 19x32
                  RenderText {#text} at (0,0) size 19x32
                    text run at (0,0) width 32: "\x{5451}\x{6C17}"
          RenderText {#text} at (393,161) size 19x212
            text run at (393,161) width 212: "\x{306A}\x{3082}\x{306E}\x{3060}\x{3002}\x{307E}\x{305F}\x{8003}\x{3048}\x{3092}\x{3064}\x{3065}\x{3051}\x{308B}\x{3002}"
          RenderBR {BR} at (393,373) size 19x0
          RenderText {#text} at (424,0) size 19x58
            text run at (424,0) width 58: "\x{3000}\x{8A69}\x{4EBA}\x{306B}"
          RenderRuby (inline) {RUBY} at (0,0) size 19x16
            RenderRubyRun (anonymous) at (424,54) size 20x24
              RenderRubyText {RT} at (-12,0) size 12x24
                RenderText {#text} at (0,0) size 12x24
                  text run at (0,0) width 24: "\x{3046}\x{308C}\x{3044}"
              RenderRubyBase (anonymous) at (0,0) size 20x24
                RenderInline {RB} at (0,0) size 19x16
                  RenderText {#text} at (0,4) size 19x16
                    text run at (0,4) width 16: "\x{6182}"
          RenderText {#text} at (424,74) size 19x222
            text run at (424,74) width 222: "\x{306F}\x{3064}\x{304D}\x{3082}\x{306E}\x{304B}\x{3082}\x{77E5}\x{308C}\x{306A}\x{3044}\x{304C}\x{3001}\x{3042}\x{306E}"
          RenderRuby (inline) {RUBY} at (0,0) size 19x32
            RenderRubyRun (anonymous) at (424,296) size 20x32
              RenderRubyText {RT} at (-12,0) size 12x32
                RenderText {#text} at (0,4) size 12x24
                  text run at (0,4) width 24: "\x{3072}\x{3070}\x{308A}"
              RenderRubyBase (anonymous) at (0,0) size 20x32
                RenderInline {RB} at (0,0) size 19x32
                  RenderText {#text} at (0,0) size 19x32
                    text run at (0,0) width 32: "\x{96F2}\x{96C0}"
          RenderText {#text} at (424,328) size 19x132
            text run at (424,328) width 132: "\x{3092}\x{805E}\x{304F}\x{5FC3}\x{6301}\x{306B}\x{306A}\x{308C}\x{3070}"
          RenderRuby (inline) {RUBY} at (0,0) size 19x32
            RenderRubyRun (anonymous) at (455,0) size 20x32
              RenderRubyText {RT} at (-12,0) size 12x32
                RenderText {#text} at (0,4) size 12x24
                  text run at (0,4) width 24: "\x{307F}\x{3058}\x{3093}"
              RenderRubyBase (anonymous) at (0,0) size 20x32
                RenderInline {RB} at (0,0) size 19x32
                  RenderText {#text} at (0,0) size 19x32
                    text run at (0,0) width 32: "\x{5FAE}\x{5875}"
          RenderText {#text} at (455,32) size 19x16
            text run at (455,32) width 16: "\x{306E}"
          RenderRuby (inline) {RUBY} at (0,0) size 19x16
            RenderRubyRun (anonymous) at (455,48) size 20x16
              RenderRubyText {RT} at (-12,0) size 12x16
                RenderText {#text} at (0,5) size 12x6
                  text run at (0,5) width 5: "\x{304F}"
              RenderRubyBase (anonymous) at (0,0) size 20x16
                RenderInline {RB} at (0,0) size 19x16
                  RenderText {#text} at (0,0) size 19x16
                    text run at (0,0) width 16: "\x{82E6}"
          RenderText {#text} at (455,64) size 19x293
            text run at (455,64) width 293: "\x{3082}\x{306A}\x{3044}\x{3002}\x{83DC}\x{306E}\x{82B1}\x{3092}\x{898B}\x{3066}\x{3082}\x{3001}\x{305F}\x{3060}\x{3046}\x{308C}\x{3057}\x{304F}\x{3066}\x{80F8}\x{304C}"
          RenderRuby (inline) {RUBY} at (0,0) size 19x16
            RenderRubyRun (anonymous) at (455,356) size 20x18
              RenderRubyText {RT} at (-12,0) size 12x17
                RenderText {#text} at (0,0) size 12x17
                  text run at (0,0) width 17: "\x{304A}\x{3069}"
              RenderRubyBase (anonymous) at (0,0) size 20x17
                RenderInline {RB} at (0,0) size 19x17
                  RenderText {#text} at (0,0) size 19x17
                    text run at (0,0) width 16: "\x{8E8D}"
          RenderText {#text} at (455,373) size 70x489
            text run at (455,373) width 116: "\x{308B}\x{3070}\x{304B}\x{308A}\x{3060}\x{3002}\x{84B2}\x{516C}"
            text run at (475,0) width 478: "\x{82F1}\x{3082}\x{305D}\x{306E}\x{901A}\x{308A}\x{3001}\x{685C}\x{3082}\x{2015}\x{2015}\x{685C}\x{306F}\x{3044}\x{3064}\x{304B}\x{898B}\x{3048}\x{306A}\x{304F}\x{306A}\x{3063}\x{305F}\x{3002}\x{3053}\x{3046}\x{5C71}\x{306E}\x{4E2D}\x{3078}\x{6765}\x{3066}\x{81EA}"
            text run at (506,0) width 32: "\x{7136}\x{306E}"
          RenderRuby (inline) {RUBY} at (0,0) size 19x32
            RenderRubyRun (anonymous) at (506,30) size 20x36
              RenderRubyText {RT} at (-12,0) size 12x36
                RenderText {#text} at (0,0) size 12x36
                  text run at (0,0) width 36: "\x{3051}\x{3044}\x{3076}\x{3064}"
              RenderRubyBase (anonymous) at (0,0) size 20x36
                RenderInline {RB} at (0,0) size 19x32
                  RenderText {#text} at (0,2) size 19x32
                    text run at (0,2) width 32: "\x{666F}\x{7269}"
          RenderText {#text} at (506,64) size 50x489
            text run at (506,64) width 425: "\x{306B}\x{63A5}\x{3059}\x{308C}\x{3070}\x{3001}\x{898B}\x{308B}\x{3082}\x{306E}\x{3082}\x{805E}\x{304F}\x{3082}\x{306E}\x{3082}\x{9762}\x{767D}\x{3044}\x{3002}\x{9762}\x{767D}\x{3044}\x{3060}\x{3051}\x{3067}\x{5225}\x{6BB5}\x{306E}"
            text run at (537,0) width 234: "\x{82E6}\x{3057}\x{307F}\x{3082}\x{8D77}\x{3089}\x{306C}\x{3002}\x{8D77}\x{308B}\x{3068}\x{3059}\x{308C}\x{3070}\x{8DB3}\x{304C}"
          RenderRuby (inline) {RUBY} at (0,0) size 19x32
            RenderRubyRun (anonymous) at (537,234) size 20x32
              RenderRubyText {RT} at (-12,0) size 12x32
                RenderText {#text} at (0,5) size 12x22
                  text run at (0,5) width 21: "\x{304F}\x{305F}\x{3073}"
              RenderRubyBase (anonymous) at (0,0) size 20x32
                RenderInline {RB} at (0,0) size 19x32
                  RenderText {#text} at (0,0) size 19x32
                    text run at (0,0) width 32: "\x{8349}\x{81E5}"
          RenderText {#text} at (537,266) size 19x41
            text run at (537,266) width 41: "\x{308C}\x{3066}\x{3001}"
          RenderRuby (inline) {RUBY} at (0,0) size 19x16
            RenderRubyRun (anonymous) at (537,307) size 20x16
              RenderRubyText {RT} at (-12,0) size 12x16
                RenderText {#text} at (0,1) size 12x14
                  text run at (0,1) width 14: "\x{3046}\x{307E}"
              RenderRubyBase (anonymous) at (0,0) size 20x16
                RenderInline {RB} at (0,0) size 19x16
                  RenderText {#text} at (0,0) size 19x16
                    text run at (0,0) width 16: "\x{65E8}"
          RenderText {#text} at (537,323) size 39x482
            text run at (537,323) width 159: "\x{3044}\x{3082}\x{306E}\x{304C}\x{98DF}\x{3079}\x{3089}\x{308C}\x{306C}\x{304F}\x{3089}"
            text run at (557,0) width 98: "\x{3044}\x{306E}\x{4E8B}\x{3060}\x{308D}\x{3046}\x{3002}"
          RenderBR {BR} at (557,98) size 19x0
          RenderText {#text} at (588,0) size 19x374
            text run at (588,0) width 374: "\x{3000}\x{3057}\x{304B}\x{3057}\x{82E6}\x{3057}\x{307F}\x{306E}\x{306A}\x{3044}\x{306E}\x{306F}\x{306A}\x{305C}\x{3060}\x{308D}\x{3046}\x{3002}\x{305F}\x{3060}\x{3053}\x{306E}\x{666F}\x{8272}\x{3092}\x{4E00}"
          RenderRuby (inline) {RUBY} at (0,0) size 19x16
            RenderRubyRun (anonymous) at (588,374) size 20x16
              RenderRubyText {RT} at (-12,0) size 12x16
                RenderText {#text} at (0,1) size 12x14
                  text run at (0,1) width 14: "\x{3077}\x{304F}"
              RenderRubyBase (anonymous) at (0,0) size 20x16
                RenderInline {RB} at (0,0) size 19x16
                  RenderText {#text} at (0,0) size 19x16
                    text run at (0,0) width 16: "\x{5E45}"
          RenderText {#text} at (588,390) size 19x16
            text run at (588,390) width 16: "\x{306E}"
          RenderRuby (inline) {RUBY} at (0,0) size 19x16
            RenderRubyRun (anonymous) at (588,406) size 20x16
              RenderRubyText {RT} at (-12,0) size 12x16
                RenderText {#text} at (0,4) size 12x8
                  text run at (0,4) width 8: "\x{3048}"
              RenderRubyBase (anonymous) at (0,0) size 20x16
                RenderInline {RB} at (0,0) size 19x16
                  RenderText {#text} at (0,0) size 19x16
                    text run at (0,0) width 16: "\x{753B}"
          RenderText {#text} at (588,422) size 19x38
            text run at (588,422) width 38: "\x{3068}\x{3057}\x{3066}"
          RenderRuby (inline) {RUBY} at (0,0) size 19x16
            RenderRubyRun (anonymous) at (588,460) size 20x16
              RenderRubyText {RT} at (-12,0) size 12x16
                RenderText {#text} at (0,3) size 12x10
                  text run at (0,3) width 9: "\x{307F}"
              RenderRubyBase (anonymous) at (0,0) size 20x16
                RenderInline {RB} at (0,0) size 19x16
                  RenderText {#text} at (0,0) size 19x16
                    text run at (0,0) width 16: "\x{89B3}"
          RenderText {#text} at (588,476) size 50x487
            text run at (588,476) width 11: "\x{3001}"
            text run at (619,0) width 16: "\x{4E00}"
          RenderRuby (inline) {RUBY} at (0,0) size 19x16
            RenderRubyRun (anonymous) at (619,15) size 20x18
              RenderRubyText {RT} at (-12,0) size 12x17
                RenderText {#text} at (0,0) size 12x17
                  text run at (0,0) width 17: "\x{304B}\x{3093}"
              RenderRubyBase (anonymous) at (0,0) size 20x17
                RenderInline {RB} at (0,0) size 19x17
                  RenderText {#text} at (0,0) size 19x17
                    text run at (0,0) width 16: "\x{5DFB}"
          RenderText {#text} at (619,32) size 19x185
            text run at (619,32) width 185: "\x{306E}\x{8A69}\x{3068}\x{3057}\x{3066}\x{8AAD}\x{3080}\x{304B}\x{3089}\x{3067}\x{3042}\x{308B}\x{3002}"
          RenderRuby (inline) {RUBY} at (0,0) size 19x16
            RenderRubyRun (anonymous) at (619,217) size 20x16
              RenderRubyText {RT} at (-12,0) size 12x16
                RenderText {#text} at (0,3) size 12x10
                  text run at (0,3) width 9: "\x{304C}"
              RenderRubyBase (anonymous) at (0,0) size 20x16
                RenderInline {RB} at (0,0) size 19x16
                  RenderText {#text} at (0,0) size 19x16
                    text run at (0,0) width 16: "\x{753B}"
          RenderText {#text} at (619,233) size 19x148
            text run at (619,233) width 148: "\x{3067}\x{3042}\x{308A}\x{8A69}\x{3067}\x{3042}\x{308B}\x{4EE5}\x{4E0A}\x{306F}"
          RenderRuby (inline) {RUBY} at (0,0) size 19x32
            RenderRubyRun (anonymous) at (619,381) size 20x32
              RenderRubyText {RT} at (-12,0) size 12x32
                RenderText {#text} at (0,4) size 12x24
                  text run at (0,4) width 23: "\x{3058}\x{3081}\x{3093}"
              RenderRubyBase (anonymous) at (0,0) size 20x32
                RenderInline {RB} at (0,0) size 19x32
                  RenderText {#text} at (0,0) size 19x32
                    text run at (0,0) width 32: "\x{5730}\x{9762}"
          RenderText {#text} at (619,413) size 50x481
            text run at (619,413) width 68: "\x{3092}\x{8CB0}\x{3063}\x{3066}\x{3001}"
            text run at (650,0) width 266: "\x{958B}\x{62D3}\x{3059}\x{308B}\x{6C17}\x{306B}\x{3082}\x{306A}\x{3089}\x{306D}\x{3070}\x{3001}\x{9244}\x{9053}\x{3092}\x{304B}\x{3051}\x{3066}"
          RenderRuby (inline) {RUBY} at (0,0) size 19x32
            RenderRubyRun (anonymous) at (650,266) size 20x32
              RenderRubyText {RT} at (-12,0) size 12x32
                RenderText {#text} at (0,2) size 12x28
                  text run at (0,2) width 28: "\x{3072}\x{3068}\x{3082}\x{3046}"
              RenderRubyBase (anonymous) at (0,0) size 20x32
                RenderInline {RB} at (0,0) size 19x32
                  RenderText {#text} at (0,0) size 19x32
                    text run at (0,0) width 32: "\x{4E00}\x{5132}"
          RenderText {#text} at (650,298) size 19x44
            text run at (650,298) width 44: "\x{3051}\x{3059}\x{308B}"
          RenderRuby (inline) {RUBY} at (0,0) size 19x32
            RenderRubyRun (anonymous) at (650,339) size 20x38
              RenderRubyText {RT} at (-12,0) size 12x37
                RenderText {#text} at (0,0) size 12x37
                  text run at (0,0) width 37: "\x{308A}\x{3087}\x{3046}\x{3051}\x{3093}"
              RenderRubyBase (anonymous) at (0,0) size 20x37
                RenderInline {RB} at (0,0) size 19x33
                  RenderText {#text} at (0,2) size 19x33
                    text run at (0,2) width 32: "\x{4E86}\x{898B}"
          RenderText {#text} at (650,374) size 50x486
            text run at (650,374) width 112: "\x{3082}\x{8D77}\x{3089}\x{306C}\x{3002}\x{305F}\x{3060}\x{3053}"
            text run at (681,0) width 128: "\x{306E}\x{666F}\x{8272}\x{304C}\x{2015}\x{2015}\x{8179}\x{306E}"
          RenderRuby (inline) {RUBY} at (0,0) size 19x16
            RenderRubyRun (anonymous) at (681,128) size 20x16
              RenderRubyText {RT} at (-12,0) size 12x16
                RenderText {#text} at (0,4) size 12x8
                  text run at (0,4) width 8: "\x{305F}"
              RenderRubyBase (anonymous) at (0,0) size 20x16
                RenderInline {RB} at (0,0) size 19x16
                  RenderText {#text} at (0,0) size 19x16
                    text run at (0,0) width 16: "\x{8DB3}"
          RenderText {#text} at (681,144) size 50x481
            text run at (681,144) width 337: "\x{3057}\x{306B}\x{3082}\x{306A}\x{3089}\x{306C}\x{3001}\x{6708}\x{7D66}\x{306E}\x{88DC}\x{3044}\x{306B}\x{3082}\x{306A}\x{3089}\x{306C}\x{3053}\x{306E}\x{666F}\x{8272}\x{304C}\x{666F}"
            text run at (712,0) width 383: "\x{8272}\x{3068}\x{3057}\x{3066}\x{306E}\x{307F}\x{3001}\x{4F59}\x{304C}\x{5FC3}\x{3092}\x{697D}\x{307E}\x{305B}\x{3064}\x{3064}\x{3042}\x{308B}\x{304B}\x{3089}\x{82E6}\x{52B4}\x{3082}\x{5FC3}\x{914D}\x{3082}"
          RenderRuby (inline) {RUBY} at (0,0) size 19x16
            RenderRubyRun (anonymous) at (712,380) size 20x22
              RenderRubyText {RT} at (-12,0) size 12x22
                RenderText {#text} at (0,0) size 12x22
                  text run at (0,0) width 22: "\x{3068}\x{3082}\x{306A}"
              RenderRubyBase (anonymous) at (0,0) size 20x22
                RenderInline {RB} at (0,0) size 19x16
                  RenderText {#text} at (0,3) size 19x16
                    text run at (0,3) width 16: "\x{4F34}"
          RenderText {#text} at (712,399) size 50x476
            text run at (712,399) width 77: "\x{308F}\x{306C}\x{306E}\x{3060}\x{308D}"
            text run at (743,0) width 187: "\x{3046}\x{3002}\x{81EA}\x{7136}\x{306E}\x{529B}\x{306F}\x{3053}\x{3053}\x{306B}\x{304A}\x{3044}\x{3066}"
          RenderRuby (inline) {RUBY} at (0,0) size 19x16
            RenderRubyRun (anonymous) at (743,187) size 20x16
              RenderRubyText {RT} at (-12,0) size 12x16
                RenderText {#text} at (0,0) size 12x16
                  text run at (0,0) width 15: "\x{305F}\x{3063}"
              RenderRubyBase (anonymous) at (0,0) size 20x16
                RenderInline {RB} at (0,0) size 19x16
                  RenderText {#text} at (0,0) size 19x16
                    text run at (0,0) width 16: "\x{5C0A}"
          RenderText {#text} at (743,203) size 19x179
            text run at (743,203) width 179: "\x{3068}\x{3044}\x{3002}\x{543E}\x{4EBA}\x{306E}\x{6027}\x{60C5}\x{3092}\x{77AC}\x{523B}\x{306B}"
          RenderRuby (inline) {RUBY} at (0,0) size 19x32
            RenderRubyRun (anonymous) at (743,382) size 20x32
              RenderRubyText {RT} at (-12,0) size 12x32
                RenderText {#text} at (0,5) size 12x22
                  text run at (0,5) width 22: "\x{3068}\x{3046}\x{3084}"
              RenderRubyBase (anonymous) at (0,0) size 20x32
                RenderInline {RB} at (0,0) size 19x32
                  RenderText {#text} at (0,0) size 19x32
                    text run at (0,0) width 32: "\x{9676}\x{51B6}"
          RenderText {#text} at (743,414) size 19x26
            text run at (743,414) width 26: "\x{3057}\x{3066}"
          RenderRuby (inline) {RUBY} at (0,0) size 19x32
            RenderRubyRun (anonymous) at (743,440) size 20x32
              RenderRubyText {RT} at (-12,0) size 12x32
                RenderText {#text} at (0,1) size 12x30
                  text run at (0,1) width 30: "\x{3058}\x{3085}\x{3093}\x{3053}"
              RenderRubyBase (anonymous) at (0,0) size 20x32
                RenderInline {RB} at (0,0) size 19x32
                  RenderText {#text} at (0,0) size 19x32
                    text run at (0,0) width 32: "\x{9187}\x{4E4E}"
          RenderText {#text} at (743,472) size 39x484
            text run at (743,472) width 12: "\x{3068}"
            text run at (763,0) width 306: "\x{3057}\x{3066}\x{9187}\x{306A}\x{308B}\x{8A69}\x{5883}\x{306B}\x{5165}\x{3089}\x{3057}\x{3080}\x{308B}\x{306E}\x{306F}\x{81EA}\x{7136}\x{3067}\x{3042}\x{308B}\x{3002}"
          RenderBR {BR} at (763,306) size 19x0
          RenderText {#text} at (783,0) size 50x480
            text run at (783,0) width 480: "\x{3000}\x{604B}\x{306F}\x{3046}\x{3064}\x{304F}\x{3057}\x{304B}\x{308D}\x{3001}\x{5B5D}\x{3082}\x{3046}\x{3064}\x{304F}\x{3057}\x{304B}\x{308D}\x{3001}\x{5FE0}\x{541B}\x{611B}\x{56FD}\x{3082}\x{7D50}\x{69CB}\x{3060}\x{308D}\x{3046}\x{3002}\x{3057}\x{304B}\x{3057}\x{81EA}\x{8EAB}"
            text run at (814,0) width 47: "\x{304C}\x{305D}\x{306E}"
          RenderRuby (inline) {RUBY} at (0,0) size 19x16
            RenderRubyRun (anonymous) at (814,45) size 20x20
              RenderRubyText {RT} at (-12,0) size 12x20
                RenderText {#text} at (0,0) size 12x20
                  text run at (0,0) width 20: "\x{304D}\x{3087}\x{304F}"
              RenderRubyBase (anonymous) at (0,0) size 20x20
                RenderInline {RB} at (0,0) size 19x16
                  RenderText {#text} at (0,2) size 19x16
                    text run at (0,2) width 16: "\x{5C40}"
          RenderText {#text} at (814,63) size 19x111
            text run at (814,63) width 111: "\x{306B}\x{5F53}\x{308C}\x{3070}\x{5229}\x{5BB3}\x{306E}"
          RenderRuby (inline) {RUBY} at (0,0) size 19x32
            RenderRubyRun (anonymous) at (814,174) size 20x32
              RenderRubyText {RT} at (-12,0) size 12x32
                RenderText {#text} at (0,4) size 12x24
                  text run at (0,4) width 24: "\x{3064}\x{3080}\x{3058}"
              RenderRubyBase (anonymous) at (0,0) size 20x32
                RenderInline {RB} at (0,0) size 19x32
                  RenderText {#text} at (0,0) size 19x32
                    text run at (0,0) width 32: "\x{65CB}\x{98A8}"
          RenderText {#text} at (814,206) size 19x15
            text run at (814,206) width 15: "\x{306B}"
          RenderRuby (inline) {RUBY} at (0,0) size 19x16
            RenderRubyRun (anonymous) at (814,221) size 20x16
              RenderRubyText {RT} at (-12,0) size 12x16
                RenderText {#text} at (0,4) size 12x8
                  text run at (0,4) width 8: "\x{307E}"
              RenderRubyBase (anonymous) at (0,0) size 20x16
                RenderInline {RB} at (0,0) size 19x16
                  RenderText {#text} at (0,0) size 19x16
                    text run at (0,0) width 16: "\x{6372}"
          RenderText {#text} at (814,237) size 50x484
            text run at (814,237) width 247: "\x{304D}\x{8FBC}\x{307E}\x{308C}\x{3066}\x{3001}\x{3046}\x{3064}\x{304F}\x{3057}\x{304D}\x{4E8B}\x{306B}\x{3082}\x{3001}\x{7D50}\x{69CB}\x{306A}"
            text run at (845,0) width 87: "\x{4E8B}\x{306B}\x{3082}\x{3001}\x{76EE}\x{306F}"
          RenderRuby (inline) {RUBY} at (0,0) size 19x16
            RenderRubyRun (anonymous) at (845,87) size 20x16
              RenderRubyText {RT} at (-12,0) size 12x16
                RenderText {#text} at (0,2) size 12x12
                  text run at (0,2) width 12: "\x{304F}\x{3089}"
              RenderRubyBase (anonymous) at (0,0) size 20x16
                RenderInline {RB} at (0,0) size 19x16
                  RenderText {#text} at (0,0) size 19x16
                    text run at (0,0) width 16: "\x{7729}"
          RenderText {#text} at (845,103) size 19x329
            text run at (845,103) width 329: "\x{3093}\x{3067}\x{3057}\x{307E}\x{3046}\x{3002}\x{3057}\x{305F}\x{304C}\x{3063}\x{3066}\x{3069}\x{3053}\x{306B}\x{8A69}\x{304C}\x{3042}\x{308B}\x{304B}\x{81EA}\x{8EAB}\x{306B}\x{306F}"
          RenderRuby (inline) {RUBY} at (0,0) size 19x16
            RenderRubyRun (anonymous) at (845,432) size 20x16
              RenderRubyText {RT} at (-12,0) size 12x16
                RenderText {#text} at (0,4) size 12x8
                  text run at (0,4) width 8: "\x{3052}"
              RenderRubyBase (anonymous) at (0,0) size 20x16
                RenderInline {RB} at (0,0) size 19x16
                  RenderText {#text} at (0,0) size 19x16
                    text run at (0,0) width 16: "\x{89E3}"
          RenderText {#text} at (845,448) size 39x476
            text run at (845,448) width 28: "\x{3057}\x{304B}"
            text run at (865,0) width 41: "\x{306D}\x{308B}\x{3002}"
          RenderBR {BR} at (865,41) size 19x0
          RenderText {#text} at (885,0) size 50x486
            text run at (885,0) width 486: "\x{3000}\x{3053}\x{308C}\x{304C}\x{308F}\x{304B}\x{308B}\x{305F}\x{3081}\x{306B}\x{306F}\x{3001}\x{308F}\x{304B}\x{308B}\x{3060}\x{3051}\x{306E}\x{4F59}\x{88D5}\x{306E}\x{3042}\x{308B}\x{7B2C}\x{4E09}\x{8005}\x{306E}\x{5730}\x{4F4D}\x{306B}\x{7ACB}\x{305F}"
            text run at (916,0) width 303: "\x{306D}\x{3070}\x{306A}\x{3089}\x{306C}\x{3002}\x{4E09}\x{8005}\x{306E}\x{5730}\x{4F4D}\x{306B}\x{7ACB}\x{3066}\x{3070}\x{3053}\x{305D}\x{829D}\x{5C45}\x{306F}"
          RenderRuby (inline) {RUBY} at (0,0) size 19x16
            RenderRubyRun (anonymous) at (916,303) size 20x16
              RenderRubyText {RT} at (-12,0) size 12x16
                RenderText {#text} at (0,3) size 12x10
                  text run at (0,3) width 9: "\x{307F}"
              RenderRubyBase (anonymous) at (0,0) size 20x16
                RenderInline {RB} at (0,0) size 19x16
                  RenderText {#text} at (0,0) size 19x16
                    text run at (0,0) width 16: "\x{89B3}"
          RenderText {#text} at (916,319) size 39x482
            text run at (916,319) width 163: "\x{3066}\x{9762}\x{767D}\x{3044}\x{3002}\x{5C0F}\x{8AAC}\x{3082}\x{898B}\x{3066}\x{9762}"
            text run at (936,0) width 479: "\x{767D}\x{3044}\x{3002}\x{829D}\x{5C45}\x{3092}\x{898B}\x{3066}\x{9762}\x{767D}\x{3044}\x{4EBA}\x{3082}\x{3001}\x{5C0F}\x{8AAC}\x{3092}\x{8AAD}\x{3093}\x{3067}\x{9762}\x{767D}\x{3044}\x{4EBA}\x{3082}\x{3001}\x{81EA}\x{5DF1}\x{306E}\x{5229}\x{5BB3}\x{306F}"
          RenderRuby (inline) {RUBY} at (0,0) size 19x16
            RenderRubyRun (anonymous) at (967,0) size 20x16
              RenderRubyText {RT} at (-12,0) size 12x16
                RenderText {#text} at (0,0) size 12x16
                  text run at (0,0) width 16: "\x{305F}\x{306A}"
              RenderRubyBase (anonymous) at (0,0) size 20x16
                RenderInline {RB} at (0,0) size 19x16
                  RenderText {#text} at (0,0) size 19x16
                    text run at (0,0) width 16: "\x{68DA}"
          RenderText {#text} at (967,16) size 19x380
            text run at (967,16) width 380: "\x{3078}\x{4E0A}\x{3052}\x{3066}\x{3044}\x{308B}\x{3002}\x{898B}\x{305F}\x{308A}\x{8AAD}\x{3093}\x{3060}\x{308A}\x{3059}\x{308B}\x{9593}\x{3060}\x{3051}\x{306F}\x{8A69}\x{4EBA}\x{3067}\x{3042}\x{308B}\x{3002}"
          RenderBR {BR} at (967,396) size 19x0
          RenderText {#text} at (998,0) size 19x285
            text run at (998,0) width 285: "\x{3000}\x{305D}\x{308C}\x{3059}\x{3089}\x{3001}\x{666E}\x{901A}\x{306E}\x{829D}\x{5C45}\x{3084}\x{5C0F}\x{8AAC}\x{3067}\x{306F}\x{4EBA}\x{60C5}\x{3092}"
          RenderRuby (inline) {RUBY} at (0,0) size 19x16
            RenderRubyRun (anonymous) at (998,284) size 20x18
              RenderRubyText {RT} at (-12,0) size 12x17
                RenderText {#text} at (0,0) size 12x17
                  text run at (0,0) width 17: "\x{307E}\x{306C}"
              RenderRubyBase (anonymous) at (0,0) size 20x17
                RenderInline {RB} at (0,0) size 19x17
                  RenderText {#text} at (0,0) size 19x17
                    text run at (0,0) width 16: "\x{514D}"
          RenderText {#text} at (998,301) size 70x486
            text run at (998,301) width 184: "\x{304B}\x{308C}\x{306C}\x{3002}\x{82E6}\x{3057}\x{3093}\x{3060}\x{308A}\x{3001}\x{6012}\x{3063}\x{305F}"
            text run at (1018,0) width 486: "\x{308A}\x{3001}\x{9A12}\x{3044}\x{3060}\x{308A}\x{3001}\x{6CE3}\x{3044}\x{305F}\x{308A}\x{3059}\x{308B}\x{3002}\x{898B}\x{308B}\x{3082}\x{306E}\x{3082}\x{3044}\x{3064}\x{304B}\x{305D}\x{306E}\x{4E2D}\x{306B}\x{540C}\x{5316}\x{3057}\x{3066}\x{82E6}\x{3057}\x{3093}\x{3060}"
            text run at (1049,0) width 257: "\x{308A}\x{3001}\x{6012}\x{3063}\x{305F}\x{308A}\x{3001}\x{9A12}\x{3044}\x{3060}\x{308A}\x{3001}\x{6CE3}\x{3044}\x{305F}\x{308A}\x{3059}\x{308B}\x{3002}"
          RenderRuby (inline) {RUBY} at (0,0) size 19x32
            RenderRubyRun (anonymous) at (1049,257) size 20x32
              RenderRubyText {RT} at (-12,0) size 12x32
                RenderText {#text} at (0,5) size 12x22
                  text run at (0,5) width 22: "\x{3068}\x{308A}\x{3048}"
              RenderRubyBase (anonymous) at (0,0) size 20x32
                RenderInline {RB} at (0,0) size 19x32
                  RenderText {#text} at (0,0) size 19x32
                    text run at (0,0) width 32: "\x{53D6}\x{67C4}"
          RenderText {#text} at (1049,289) size 19x64
            text run at (1049,289) width 64: "\x{306F}\x{5229}\x{617E}\x{304C}"
          RenderRuby (inline) {RUBY} at (0,0) size 19x16
            RenderRubyRun (anonymous) at (1049,353) size 20x16
              RenderRubyText {RT} at (-12,0) size 12x16
                RenderText {#text} at (0,0) size 12x16
                  text run at (0,0) width 15: "\x{307E}\x{3058}"
              RenderRubyBase (anonymous) at (0,0) size 20x16
                RenderInline {RB} at (0,0) size 19x16
                  RenderText {#text} at (0,0) size 19x16
                    text run at (0,0) width 16: "\x{4EA4}"
          RenderText {#text} at (1049,369) size 19x99
            text run at (1049,369) width 99: "\x{3089}\x{306C}\x{3068}\x{4E91}\x{3046}\x{70B9}\x{306B}"
          RenderRuby (inline) {RUBY} at (0,0) size 19x16
            RenderRubyRun (anonymous) at (1049,468) size 20x16
              RenderRubyText {RT} at (-12,0) size 12x16
                RenderText {#text} at (0,0) size 12x16
                  text run at (0,0) width 16: "\x{305D}\x{3093}"
              RenderRubyBase (anonymous) at (0,0) size 20x16
                RenderInline {RB} at (0,0) size 19x16
                  RenderText {#text} at (0,0) size 19x16
                    text run at (0,0) width 16: "\x{5B58}"
          RenderText {#text} at (1080,0) size 19x286
            text run at (1080,0) width 286: "\x{3059}\x{308B}\x{304B}\x{3082}\x{77E5}\x{308C}\x{306C}\x{304C}\x{3001}\x{4EA4}\x{3089}\x{306C}\x{3060}\x{3051}\x{306B}\x{305D}\x{306E}\x{4ED6}\x{306E}"
          RenderRuby (inline) {RUBY} at (0,0) size 19x32
            RenderRubyRun (anonymous) at (1080,285) size 20x34
              RenderRubyText {RT} at (-12,0) size 12x34
                RenderText {#text} at (0,0) size 12x34
                  text run at (0,0) width 34: "\x{3058}\x{3087}\x{3046}\x{3057}\x{3087}"
              RenderRubyBase (anonymous) at (0,0) size 20x34
                RenderInline {RB} at (0,0) size 19x32
                  RenderText {#text} at (0,1) size 19x32
                    text run at (0,1) width 32: "\x{60C5}\x{7DD2}"
          RenderText {#text} at (1080,318) size 50x486
            text run at (1080,318) width 168: "\x{306F}\x{5E38}\x{3088}\x{308A}\x{306F}\x{4F59}\x{8A08}\x{306B}\x{6D3B}\x{52D5}\x{3059}"
            text run at (1111,0) width 112: "\x{308B}\x{3060}\x{308D}\x{3046}\x{3002}\x{305D}\x{308C}\x{304C}"
          RenderRuby (inline) {RUBY} at (0,0) size 19x16
            RenderRubyRun (anonymous) at (1111,111) size 20x18
              RenderRubyText {RT} at (-12,0) size 12x18
                RenderText {#text} at (0,0) size 12x18
                  text run at (0,0) width 18: "\x{3044}\x{3084}"
              RenderRubyBase (anonymous) at (0,0) size 20x18
                RenderInline {RB} at (0,0) size 19x16
                  RenderText {#text} at (0,1) size 19x16
                    text run at (0,1) width 16: "\x{5ACC}"
          RenderText {#text} at (1111,128) size 19x26
            text run at (1111,128) width 26: "\x{3060}\x{3002}"
          RenderBR {BR} at (1111,154) size 19x0
          RenderText {#text} at (1131,0) size 50x478
            text run at (1131,0) width 478: "\x{3000}\x{82E6}\x{3057}\x{3093}\x{3060}\x{308A}\x{3001}\x{6012}\x{3063}\x{305F}\x{308A}\x{3001}\x{9A12}\x{3044}\x{3060}\x{308A}\x{3001}\x{6CE3}\x{3044}\x{305F}\x{308A}\x{306F}\x{4EBA}\x{306E}\x{4E16}\x{306B}\x{3064}\x{304D}\x{3082}\x{306E}\x{3060}\x{3002}\x{4F59}\x{3082}"
            text run at (1162,0) width 125: "\x{4E09}\x{5341}\x{5E74}\x{306E}\x{9593}\x{305D}\x{308C}\x{3092}"
          RenderRuby (inline) {RUBY} at (0,0) size 19x32
            RenderRubyRun (anonymous) at (1162,125) size 20x32
              RenderRubyText {RT} at (-12,0) size 12x32
                RenderText {#text} at (0,4) size 12x24
                  text run at (0,4) width 23: "\x{3057}\x{3068}\x{304A}"
              RenderRubyBase (anonymous) at (0,0) size 20x32
                RenderInline {RB} at (0,0) size 19x32
                  RenderText {#text} at (0,0) size 19x32
                    text run at (0,0) width 32: "\x{4ED5}\x{901A}"
          RenderText {#text} at (1162,157) size 19x37
            text run at (1162,157) width 37: "\x{3057}\x{3066}\x{3001}"
          RenderRuby (inline) {RUBY} at (0,0) size 19x32
            RenderRubyRun (anonymous) at (1162,194) size 20x32
              RenderRubyText {RT} at (-12,0) size 12x32
                RenderText {#text} at (0,0) size 12x32
                  text run at (0,0) width 32: "\x{3042}\x{304D}\x{3042}\x{304D}"
              RenderRubyBase (anonymous) at (0,0) size 20x32
                RenderInline {RB} at (0,0) size 19x32
                  RenderText {#text} at (0,0) size 19x32
                    text run at (0,0) width 32: "\x{98FD}\x{3005}"
          RenderText {#text} at (1162,226) size 19x38
            text run at (1162,226) width 38: "\x{3057}\x{305F}\x{3002}"
          RenderRuby (inline) {RUBY} at (0,0) size 19x16
            RenderRubyRun (anonymous) at (1162,264) size 20x16
              RenderRubyText {RT} at (-12,0) size 12x16
                RenderText {#text} at (0,4) size 12x8
                  text run at (0,4) width 8: "\x{3042}"
              RenderRubyBase (anonymous) at (0,0) size 20x16
                RenderInline {RB} at (0,0) size 19x16
                  RenderText {#text} at (0,0) size 19x16
                    text run at (0,0) width 16: "\x{98FD}"
          RenderText {#text} at (1162,280) size 39x481
            text run at (1162,280) width 196: "\x{304D}\x{98FD}\x{304D}\x{3057}\x{305F}\x{4E0A}\x{306B}\x{829D}\x{5C45}\x{3084}\x{5C0F}\x{8AAC}\x{3067}"
            text run at (1182,0) width 481: "\x{540C}\x{3058}\x{523A}\x{6FC0}\x{3092}\x{7E70}\x{308A}\x{8FD4}\x{3057}\x{3066}\x{306F}\x{5927}\x{5909}\x{3060}\x{3002}\x{4F59}\x{304C}\x{6B32}\x{3059}\x{308B}\x{8A69}\x{306F}\x{305D}\x{3093}\x{306A}\x{4E16}\x{9593}\x{7684}\x{306E}\x{4EBA}\x{60C5}\x{3092}"
          RenderRuby (inline) {RUBY} at (0,0) size 19x32
            RenderRubyRun (anonymous) at (1213,0) size 20x32
              RenderRubyText {RT} at (-12,0) size 12x32
                RenderText {#text} at (0,8) size 12x16
                  text run at (0,8) width 16: "\x{3053}\x{3076}"
              RenderRubyBase (anonymous) at (0,0) size 20x32
                RenderInline {RB} at (0,0) size 19x32
                  RenderText {#text} at (0,0) size 19x32
                    text run at (0,0) width 32: "\x{9F13}\x{821E}"
          RenderText {#text} at (1213,32) size 19x359
            text run at (1213,32) width 359: "\x{3059}\x{308B}\x{3088}\x{3046}\x{306A}\x{3082}\x{306E}\x{3067}\x{306F}\x{306A}\x{3044}\x{3002}\x{4FD7}\x{5FF5}\x{3092}\x{653E}\x{68C4}\x{3057}\x{3066}\x{3001}\x{3057}\x{3070}\x{3089}\x{304F}\x{3067}\x{3082}"
          RenderRuby (inline) {RUBY} at (0,0) size 19x32
            RenderRubyRun (anonymous) at (1213,390) size 20x34
              RenderRubyText {RT} at (-12,0) size 12x33
                RenderText {#text} at (0,0) size 12x33
                  text run at (0,0) width 33: "\x{3058}\x{3093}\x{304B}\x{3044}"
              RenderRubyBase (anonymous) at (0,0) size 20x33
                RenderInline {RB} at (0,0) size 19x33
                  RenderText {#text} at (0,0) size 19x33
                    text run at (0,0) width 32: "\x{5875}\x{754C}"
          RenderText {#text} at (1213,423) size 90x490
            text run at (1213,423) width 61: "\x{3092}\x{96E2}\x{308C}\x{305F}"
            text run at (1233,0) width 484: "\x{5FC3}\x{6301}\x{3061}\x{306B}\x{306A}\x{308C}\x{308B}\x{8A69}\x{3067}\x{3042}\x{308B}\x{3002}\x{3044}\x{304F}\x{3089}\x{5091}\x{4F5C}\x{3067}\x{3082}\x{4EBA}\x{60C5}\x{3092}\x{96E2}\x{308C}\x{305F}\x{829D}\x{5C45}\x{306F}\x{306A}\x{3044}\x{3001}\x{7406}\x{975E}"
            text run at (1253,0) width 490: "\x{3092}\x{7D76}\x{3057}\x{305F}\x{5C0F}\x{8AAC}\x{306F}\x{5C11}\x{304B}\x{308D}\x{3046}\x{3002}\x{3069}\x{3053}\x{307E}\x{3067}\x{3082}\x{4E16}\x{9593}\x{3092}\x{51FA}\x{308B}\x{4E8B}\x{304C}\x{51FA}\x{6765}\x{306C}\x{306E}\x{304C}\x{5F7C}\x{3089}\x{306E}\x{7279}"
            text run at (1284,0) width 453: "\x{8272}\x{3067}\x{3042}\x{308B}\x{3002}\x{3053}\x{3068}\x{306B}\x{897F}\x{6D0B}\x{306E}\x{8A69}\x{306B}\x{306A}\x{308B}\x{3068}\x{3001}\x{4EBA}\x{4E8B}\x{304C}\x{6839}\x{672C}\x{306B}\x{306A}\x{308B}\x{304B}\x{3089}\x{3044}\x{308F}\x{3086}\x{308B}"
          RenderRuby (inline) {RUBY} at (0,0) size 19x32
            RenderRubyRun (anonymous) at (1284,453) size 20x32
              RenderRubyText {RT} at (-12,0) size 12x32
                RenderText {#text} at (0,3) size 12x26
                  text run at (0,3) width 25: "\x{3057}\x{3044}\x{304B}"
              RenderRubyBase (anonymous) at (0,0) size 20x32
                RenderInline {RB} at (0,0) size 19x32
                  RenderText {#text} at (0,0) size 19x32
                    text run at (0,0) width 32: "\x{8A69}\x{6B4C}"
          RenderText {#text} at (1315,0) size 19x147
            text run at (1315,0) width 147: "\x{306E}\x{7D14}\x{7C8B}\x{306A}\x{308B}\x{3082}\x{306E}\x{3082}\x{3053}\x{306E}"
          RenderRuby (inline) {RUBY} at (0,0) size 19x16
            RenderRubyRun (anonymous) at (1315,144) size 20x22
              RenderRubyText {RT} at (-12,0) size 12x21
                RenderText {#text} at (0,0) size 12x21
                  text run at (0,0) width 21: "\x{304D}\x{3087}\x{3046}"
              RenderRubyBase (anonymous) at (0,0) size 20x21
                RenderInline {RB} at (0,0) size 19x17
                  RenderText {#text} at (0,2) size 19x17
                    text run at (0,2) width 16: "\x{5883}"
          RenderText {#text} at (1315,163) size 19x14
            text run at (1315,163) width 14: "\x{3092}"
          RenderRuby (inline) {RUBY} at (0,0) size 19x32
            RenderRubyRun (anonymous) at (1315,177) size 20x32
              RenderRubyText {RT} at (-12,0) size 12x32
                RenderText {#text} at (0,3) size 12x26
                  text run at (0,3) width 25: "\x{3052}\x{3060}\x{3064}"
              RenderRubyBase (anonymous) at (0,0) size 20x32
                RenderInline {RB} at (0,0) size 19x32
                  RenderText {#text} at (0,0) size 19x32
                    text run at (0,0) width 32: "\x{89E3}\x{8131}"
          RenderText {#text} at (1315,209) size 50x478
            text run at (1315,209) width 269: "\x{3059}\x{308B}\x{4E8B}\x{3092}\x{77E5}\x{3089}\x{306C}\x{3002}\x{3069}\x{3053}\x{307E}\x{3067}\x{3082}\x{540C}\x{60C5}\x{3060}\x{3068}\x{304B}\x{3001}"
            text run at (1346,0) width 242: "\x{611B}\x{3060}\x{3068}\x{304B}\x{3001}\x{6B63}\x{7FA9}\x{3060}\x{3068}\x{304B}\x{3001}\x{81EA}\x{7531}\x{3060}\x{3068}\x{304B}\x{3001}"
          RenderRuby (inline) {RUBY} at (0,0) size 19x32
            RenderRubyRun (anonymous) at (1346,242) size 20x32
              RenderRubyText {RT} at (-12,0) size 12x32
                RenderText {#text} at (0,5) size 12x22
                  text run at (0,5) width 22: "\x{3046}\x{304D}\x{3088}"
              RenderRubyBase (anonymous) at (0,0) size 20x32
                RenderInline {RB} at (0,0) size 19x32
                  RenderText {#text} at (0,0) size 19x32
                    text run at (0,0) width 32: "\x{6D6E}\x{4E16}"
          RenderText {#text} at (1346,274) size 19x16
            text run at (1346,274) width 16: "\x{306E}"
          RenderRuby (inline) {RUBY} at (0,0) size 19x48
            RenderRubyRun (anonymous) at (1346,290) size 20x48
              RenderRubyText {RT} at (-12,0) size 12x48
                RenderText {#text} at (0,4) size 12x40
                  text run at (0,4) width 39: "\x{304B}\x{3093}\x{3053}\x{3046}\x{3070}"
              RenderRubyBase (anonymous) at (0,0) size 20x48
                RenderInline {RB} at (0,0) size 19x48
                  RenderText {#text} at (0,0) size 19x48
                    text run at (0,0) width 48: "\x{52E7}\x{5DE5}\x{5834}"
          RenderText {#text} at (1346,338) size 19x147
            text run at (1346,338) width 147: "\x{306B}\x{3042}\x{308B}\x{3082}\x{306E}\x{3060}\x{3051}\x{3067}\x{7528}\x{3092}"
          RenderRuby (inline) {RUBY} at (0,0) size 19x17
            RenderRubyRun (anonymous) at (1377,0) size 20x17
              RenderRubyText {RT} at (-12,0) size 12x17
                RenderText {#text} at (0,0) size 12x17
                  text run at (0,0) width 17: "\x{3079}\x{3093}"
              RenderRubyBase (anonymous) at (0,0) size 20x17
                RenderInline {RB} at (0,0) size 19x17
                  RenderText {#text} at (0,0) size 19x17
                    text run at (0,0) width 16: "\x{5F01}"
          RenderText {#text} at (1377,16) size 19x283
            text run at (1377,16) width 282: "\x{3058}\x{3066}\x{3044}\x{308B}\x{3002}\x{3044}\x{304F}\x{3089}\x{8A69}\x{7684}\x{306B}\x{306A}\x{3063}\x{3066}\x{3082}\x{5730}\x{9762}\x{306E}\x{4E0A}\x{3092}"
          RenderRuby (inline) {RUBY} at (0,0) size 19x17
            RenderRubyRun (anonymous) at (1377,298) size 20x17
              RenderRubyText {RT} at (-12,0) size 12x16
                RenderText {#text} at (0,3) size 12x10
                  text run at (0,3) width 9: "\x{304B}"
              RenderRubyBase (anonymous) at (0,0) size 20x16
                RenderInline {RB} at (0,0) size 19x16
                  RenderText {#text} at (0,0) size 19x16
                    text run at (0,0) width 16: "\x{99B3}"
          RenderText {#text} at (1377,314) size 19x99
            text run at (1377,314) width 98: "\x{3051}\x{3066}\x{3042}\x{308B}\x{3044}\x{3066}\x{3001}"
          RenderRuby (inline) {RUBY} at (0,0) size 19x17
            RenderRubyRun (anonymous) at (1377,412) size 20x17
              RenderRubyText {RT} at (-12,0) size 12x17
                RenderText {#text} at (0,0) size 12x17
                  text run at (0,0) width 17: "\x{305C}\x{306B}"
              RenderRubyBase (anonymous) at (0,0) size 20x17
                RenderInline {RB} at (0,0) size 19x17
                  RenderText {#text} at (0,0) size 19x17
                    text run at (0,0) width 16: "\x{92AD}"
          RenderText {#text} at (1377,428) size 50x491
            text run at (1377,428) width 62: "\x{306E}\x{52D8}\x{5B9A}\x{3092}"
            text run at (1408,0) width 202: "\x{5FD8}\x{308C}\x{308B}\x{3072}\x{307E}\x{304C}\x{306A}\x{3044}\x{3002}\x{30B7}\x{30A7}\x{30EC}\x{30FC}\x{304C}"
          RenderRuby (inline) {RUBY} at (0,0) size 19x32
            RenderRubyRun (anonymous) at (1408,202) size 20x32
              RenderRubyText {RT} at (-12,0) size 12x32
                RenderText {#text} at (0,4) size 12x24
                  text run at (0,4) width 24: "\x{3072}\x{3070}\x{308A}"
              RenderRubyBase (anonymous) at (0,0) size 20x32
                RenderInline {RB} at (0,0) size 19x32
                  RenderText {#text} at (0,0) size 19x32
                    text run at (0,0) width 32: "\x{96F2}\x{96C0}"
          RenderText {#text} at (1408,234) size 19x235
            text run at (1408,234) width 235: "\x{3092}\x{805E}\x{3044}\x{3066}\x{5606}\x{606F}\x{3057}\x{305F}\x{306E}\x{3082}\x{7121}\x{7406}\x{306F}\x{306A}\x{3044}\x{3002}"
          RenderBR {BR} at (1408,469) size 19x0
          RenderText {#text} at (1439,0) size 19x144
            text run at (1439,0) width 144: "\x{3000}\x{3046}\x{308C}\x{3057}\x{3044}\x{4E8B}\x{306B}\x{6771}\x{6D0B}\x{306E}"
          RenderRuby (inline) {RUBY} at (0,0) size 19x32
            RenderRubyRun (anonymous) at (1439,144) size 20x32
              RenderRubyText {RT} at (-12,0) size 12x32
                RenderText {#text} at (0,3) size 12x26
                  text run at (0,3) width 25: "\x{3057}\x{3044}\x{304B}"
              RenderRubyBase (anonymous) at (0,0) size 20x32
                RenderInline {RB} at (0,0) size 19x32
                  RenderText {#text} at (0,0) size 19x32
                    text run at (0,0) width 32: "\x{8A69}\x{6B4C}"
          RenderText {#text} at (1439,176) size 19x58
            text run at (1439,176) width 58: "\x{306F}\x{305D}\x{3053}\x{3092}"
          RenderRuby (inline) {RUBY} at (0,0) size 19x32
            RenderRubyRun (anonymous) at (1439,234) size 20x32
              RenderRubyText {RT} at (-12,0) size 12x32
                RenderText {#text} at (0,3) size 12x26
                  text run at (0,3) width 25: "\x{3052}\x{3060}\x{3064}"
              RenderRubyBase (anonymous) at (0,0) size 20x32
                RenderInline {RB} at (0,0) size 19x32
                  RenderText {#text} at (0,0) size 19x32
                    text run at (0,0) width 32: "\x{89E3}\x{8131}"
          RenderText {#text} at (1439,266) size 19x99
            text run at (1439,266) width 99: "\x{3057}\x{305F}\x{306E}\x{304C}\x{3042}\x{308B}\x{3002}"
          RenderRuby (inline) {RUBY} at (0,0) size 19x34
            RenderRubyRun (anonymous) at (1439,363) size 20x36
              RenderRubyText {RT} at (-12,0) size 12x36
                RenderText {#text} at (0,0) size 12x36
                  text run at (0,0) width 36: "\x{304D}\x{304F}\x{3092}\x{3068}\x{308B}"
              RenderRubyBase (anonymous) at (0,0) size 20x36
                RenderInline {RB} at (0,0) size 19x32
                  RenderText {#text} at (0,2) size 19x32
                    text run at (0,2) width 32: "\x{63A1}\x{83CA}"
          RenderRuby (inline) {RUBY} at (0,0) size 19x48
            RenderRubyRun (anonymous) at (1470,0) size 20x48
              RenderRubyText {RT} at (-12,0) size 12x48
                RenderText {#text} at (0,2) size 12x44
                  text run at (0,2) width 43: "\x{3068}\x{3046}\x{308A}\x{306E}\x{3082}\x{3068}"
              RenderRubyBase (anonymous) at (0,0) size 20x48
                RenderInline {RB} at (0,0) size 19x48
                  RenderText {#text} at (0,0) size 19x48
                    text run at (0,0) width 48: "\x{6771}\x{7C6C}\x{4E0B}"
          RenderText {#text} at (1470,48) size 19x11
            text run at (1470,48) width 11: "\x{3001}"
          RenderRuby (inline) {RUBY} at (0,0) size 19x49
            RenderRubyRun (anonymous) at (1470,54) size 20x54
              RenderRubyText {RT} at (-12,0) size 12x53
                RenderText {#text} at (0,0) size 12x53
                  text run at (0,0) width 53: "\x{3086}\x{3046}\x{305C}\x{3093}\x{3068}\x{3057}\x{3066}"
              RenderRubyBase (anonymous) at (0,0) size 20x53
                RenderInline {RB} at (0,0) size 19x33
                  RenderText {#text} at (0,10) size 19x33
                    text run at (0,10) width 32: "\x{60A0}\x{7136}"
          RenderRuby (inline) {RUBY} at (0,0) size 19x53
            RenderRubyRun (anonymous) at (1470,107) size 20x58
              RenderRubyText {RT} at (-12,0) size 12x57
                RenderText {#text} at (0,0) size 12x57
                  text run at (0,0) width 57: "\x{306A}\x{3093}\x{3056}\x{3093}\x{3092}\x{307F}\x{308B}"
              RenderRubyBase (anonymous) at (0,0) size 20x57
                RenderInline {RB} at (0,0) size 19x49
                  RenderText {#text} at (0,4) size 19x49
                    text run at (0,4) width 48: "\x{898B}\x{5357}\x{5C71}"
          RenderText {#text} at (1470,160) size 19x114
            text run at (1470,160) width 114: "\x{3002}\x{305F}\x{3060}\x{305D}\x{308C}\x{304E}\x{308A}\x{306E}"
          RenderRuby (inline) {RUBY} at (0,0) size 19x16
            RenderRubyRun (anonymous) at (1470,274) size 20x16
              RenderRubyText {RT} at (-12,0) size 12x16
                RenderText {#text} at (0,1) size 12x14
                  text run at (0,1) width 14: "\x{3046}\x{3061}"
              RenderRubyBase (anonymous) at (0,0) size 20x16
                RenderInline {RB} at (0,0) size 19x16
                  RenderText {#text} at (0,0) size 19x16
                    text run at (0,0) width 16: "\x{88CF}"
          RenderText {#text} at (1470,290) size 50x484
            text run at (1470,290) width 194: "\x{306B}\x{6691}\x{82E6}\x{3057}\x{3044}\x{4E16}\x{306E}\x{4E2D}\x{3092}\x{307E}\x{308B}\x{3067}\x{5FD8}"
            text run at (1501,0) width 293: "\x{308C}\x{305F}\x{5149}\x{666F}\x{304C}\x{51FA}\x{3066}\x{304F}\x{308B}\x{3002}\x{57A3}\x{306E}\x{5411}\x{3046}\x{306B}\x{96A3}\x{308A}\x{306E}\x{5A18}\x{304C}"
          RenderRuby (inline) {RUBY} at (0,0) size 19x16
            RenderRubyRun (anonymous) at (1501,292) size 20x18
              RenderRubyText {RT} at (-12,0) size 12x17
                RenderText {#text} at (0,0) size 12x17
                  text run at (0,0) width 17: "\x{306E}\x{305E}"
              RenderRubyBase (anonymous) at (0,0) size 20x17
                RenderInline {RB} at (0,0) size 19x17
                  RenderText {#text} at (0,0) size 19x17
                    text run at (0,0) width 16: "\x{8997}"
          RenderText {#text} at (1501,309) size 50x440
            text run at (1501,309) width 131: "\x{3044}\x{3066}\x{308B}\x{8A33}\x{3067}\x{3082}\x{306A}\x{3051}\x{308C}"
            text run at (1532,0) width 27: "\x{3070}\x{3001}"
          RenderRuby (inline) {RUBY} at (0,0) size 19x32
            RenderRubyRun (anonymous) at (1532,27) size 20x32
              RenderRubyText {RT} at (-12,0) size 12x32
                RenderText {#text} at (0,0) size 12x32
                  text run at (0,0) width 32: "\x{306A}\x{3093}\x{3056}\x{3093}"
              RenderRubyBase (anonymous) at (0,0) size 20x32
                RenderInline {RB} at (0,0) size 19x32
                  RenderText {#text} at (0,0) size 19x32
                    text run at (0,0) width 32: "\x{5357}\x{5C71}"
          RenderText {#text} at (1532,59) size 19x293
            text run at (1532,59) width 293: "\x{306B}\x{89AA}\x{53CB}\x{304C}\x{5949}\x{8077}\x{3057}\x{3066}\x{3044}\x{308B}\x{6B21}\x{7B2C}\x{3067}\x{3082}\x{306A}\x{3044}\x{3002}\x{8D85}\x{7136}\x{3068}"
          RenderRuby (inline) {RUBY} at (0,0) size 19x64
            RenderRubyRun (anonymous) at (1532,352) size 20x64
              RenderRubyText {RT} at (-12,0) size 12x64
                RenderText {#text} at (0,0) size 12x64
                  text run at (0,0) width 64: "\x{3057}\x{3085}\x{3063}\x{305B}\x{3051}\x{3093}\x{3066}\x{304D}"
              RenderRubyBase (anonymous) at (0,0) size 20x64
                RenderInline {RB} at (0,0) size 19x64
                  RenderText {#text} at (0,0) size 19x64
                    text run at (0,0) width 64: "\x{51FA}\x{4E16}\x{9593}\x{7684}"
          RenderText {#text} at (1532,416) size 50x479
            text run at (1532,416) width 63: "\x{306B}\x{5229}\x{5BB3}\x{640D}"
            text run at (1563,0) width 250: "\x{5F97}\x{306E}\x{6C57}\x{3092}\x{6D41}\x{3057}\x{53BB}\x{3063}\x{305F}\x{5FC3}\x{6301}\x{3061}\x{306B}\x{306A}\x{308C}\x{308B}\x{3002}"
          RenderRuby (inline) {RUBY} at (0,0) size 19x19
            RenderRubyRun (anonymous) at (1563,247) size 20x22
              RenderRubyText {RT} at (-12,0) size 12x22
                RenderText {#text} at (0,0) size 12x22
                  text run at (0,0) width 22: "\x{3072}\x{3068}\x{308A}"
              RenderRubyBase (anonymous) at (0,0) size 20x22
                RenderInline {RB} at (0,0) size 19x16
                  RenderText {#text} at (0,3) size 19x16
                    text run at (0,3) width 16: "\x{72EC}"
          RenderRuby (inline) {RUBY} at (0,0) size 19x69
            RenderRubyRun (anonymous) at (1563,269) size 20x73
              RenderRubyText {RT} at (-12,0) size 12x73
                RenderText {#text} at (0,0) size 12x73
                  text run at (0,0) width 73: "\x{3086}\x{3046}\x{3053}\x{3046}\x{306E}\x{3046}\x{3061}\x{306B}\x{3056}\x{3057}"
              RenderRubyBase (anonymous) at (0,0) size 20x73
                RenderInline {RB} at (0,0) size 19x65
                  RenderText {#text} at (0,4) size 19x65
                    text run at (0,4) width 64: "\x{5750}\x{5E7D}\x{7BC1}\x{88CF}"
          RenderText {#text} at (1563,337) size 19x12
            text run at (1563,337) width 11: "\x{3001}"
          RenderRuby (inline) {RUBY} at (0,0) size 19x51
            RenderRubyRun (anonymous) at (1563,344) size 20x55
              RenderRubyText {RT} at (-12,0) size 12x55
                RenderText {#text} at (0,0) size 12x55
                  text run at (0,0) width 55: "\x{304D}\x{3093}\x{3092}\x{3060}\x{3093}\x{3058}\x{3066}"
              RenderRubyBase (anonymous) at (0,0) size 20x55
                RenderInline {RB} at (0,0) size 19x33
                  RenderText {#text} at (0,11) size 19x33
                    text run at (0,11) width 32: "\x{5F3E}\x{7434}"
          RenderRuby (inline) {RUBY} at (0,0) size 19x61
            RenderRubyRun (anonymous) at (1594,0) size 20x65
              RenderRubyText {RT} at (-12,0) size 12x65
                RenderText {#text} at (0,0) size 12x65
                  text run at (0,0) width 65: "\x{307E}\x{305F}\x{3061}\x{3087}\x{3046}\x{3057}\x{3087}\x{3046}\x{3059}"
              RenderRubyBase (anonymous) at (0,0) size 20x65
                RenderInline {RB} at (0,0) size 19x49
                  RenderText {#text} at (0,8) size 19x49
                    text run at (0,8) width 48: "\x{5FA9}\x{9577}\x{562F}"
          RenderText {#text} at (1594,60) size 19x12
            text run at (1594,60) width 11: "\x{3001}"
          RenderRuby (inline) {RUBY} at (0,0) size 19x33
            RenderRubyRun (anonymous) at (1594,71) size 20x33
              RenderRubyText {RT} at (-12,0) size 12x32
                RenderText {#text} at (0,1) size 12x30
                  text run at (0,1) width 30: "\x{3057}\x{3093}\x{308A}\x{3093}"
              RenderRubyBase (anonymous) at (0,0) size 20x32
                RenderInline {RB} at (0,0) size 19x32
                  RenderText {#text} at (0,0) size 19x32
                    text run at (0,0) width 32: "\x{6DF1}\x{6797}"
          RenderRuby (inline) {RUBY} at (0,0) size 19x49
            RenderRubyRun (anonymous) at (1594,103) size 20x49
              RenderRubyText {RT} at (-12,0) size 12x48
                RenderText {#text} at (0,5) size 12x38
                  text run at (0,5) width 37: "\x{3072}\x{3068}\x{3057}\x{3089}\x{305A}"
              RenderRubyBase (anonymous) at (0,0) size 20x48
                RenderInline {RB} at (0,0) size 19x48
                  RenderText {#text} at (0,0) size 19x48
                    text run at (0,0) width 48: "\x{4EBA}\x{4E0D}\x{77E5}"
          RenderText {#text} at (1594,151) size 19x12
            text run at (1594,151) width 11: "\x{3001}"
          RenderRuby (inline) {RUBY} at (0,0) size 19x61
            RenderRubyRun (anonymous) at (1594,158) size 20x65
              RenderRubyText {RT} at (-12,0) size 12x65
                RenderText {#text} at (0,0) size 12x65
                  text run at (0,0) width 65: "\x{3081}\x{3044}\x{3052}\x{3064}\x{304D}\x{305F}\x{308A}\x{3066}"
              RenderRubyBase (anonymous) at (0,0) size 20x65
                RenderInline {RB} at (0,0) size 19x49
                  RenderText {#text} at (0,8) size 19x49
                    text run at (0,8) width 48: "\x{660E}\x{6708}\x{6765}"
          RenderRuby (inline) {RUBY} at (0,0) size 19x36
            RenderRubyRun (anonymous) at (1594,223) size 20x40
              RenderRubyText {RT} at (-12,0) size 12x40
                RenderText {#text} at (0,0) size 12x40
                  text run at (0,0) width 40: "\x{3042}\x{3044}\x{3066}\x{3089}\x{3059}"
              RenderRubyBase (anonymous) at (0,0) size 20x40
                RenderInline {RB} at (0,0) size 19x32
                  RenderText {#text} at (0,4) size 19x32
                    text run at (0,4) width 32: "\x{76F8}\x{7167}"
          RenderText {#text} at (1594,259) size 19x145
            text run at (1594,259) width 145: "\x{3002}\x{305F}\x{3060}\x{4E8C}\x{5341}\x{5B57}\x{306E}\x{3046}\x{3061}\x{306B}"
          RenderRuby (inline) {RUBY} at (0,0) size 19x16
            RenderRubyRun (anonymous) at (1594,404) size 20x16
              RenderRubyText {RT} at (-12,0) size 12x16
                RenderText {#text} at (0,1) size 12x14
                  text run at (0,1) width 14: "\x{3086}\x{3046}"
              RenderRubyBase (anonymous) at (0,0) size 20x16
                RenderInline {RB} at (0,0) size 19x16
                  RenderText {#text} at (0,0) size 19x16
                    text run at (0,0) width 16: "\x{512A}"
          RenderText {#text} at (1594,420) size 19x15
            text run at (1594,420) width 15: "\x{306B}"
          RenderRuby (inline) {RUBY} at (0,0) size 19x49
            RenderRubyRun (anonymous) at (1594,434) size 20x50
              RenderRubyText {RT} at (-12,0) size 12x50
                RenderText {#text} at (0,0) size 12x50
                  text run at (0,0) width 50: "\x{3079}\x{3064}\x{3051}\x{3093}\x{3053}\x{3093}"
              RenderRubyBase (anonymous) at (0,0) size 20x50
                RenderInline {RB} at (0,0) size 19x48
                  RenderText {#text} at (0,1) size 19x48
                    text run at (0,1) width 48: "\x{5225}\x{4E7E}\x{5764}"
          RenderText {#text} at (1625,0) size 19x14
            text run at (1625,0) width 14: "\x{3092}"
          RenderRuby (inline) {RUBY} at (0,0) size 19x32
            RenderRubyRun (anonymous) at (1625,12) size 20x36
              RenderRubyText {RT} at (-12,0) size 12x36
                RenderText {#text} at (0,0) size 12x36
                  text run at (0,0) width 36: "\x{3053}\x{3093}\x{308A}\x{3085}\x{3046}"
              RenderRubyBase (anonymous) at (0,0) size 20x36
                RenderInline {RB} at (0,0) size 19x32
                  RenderText {#text} at (0,2) size 19x32
                    text run at (0,2) width 32: "\x{5EFA}\x{7ACB}"
          RenderText {#text} at (1625,46) size 19x143
            text run at (1625,46) width 143: "\x{3057}\x{3066}\x{3044}\x{308B}\x{3002}\x{3053}\x{306E}\x{4E7E}\x{5764}\x{306E}"
          RenderRuby (inline) {RUBY} at (0,0) size 19x32
            RenderRubyRun (anonymous) at (1625,189) size 20x32
              RenderRubyText {RT} at (-12,0) size 12x32
                RenderText {#text} at (0,7) size 12x18
                  text run at (0,7) width 18: "\x{304F}\x{3069}\x{304F}"
              RenderRubyBase (anonymous) at (0,0) size 20x32
                RenderInline {RB} at (0,0) size 19x32
                  RenderText {#text} at (0,0) size 19x32
                    text run at (0,0) width 32: "\x{529F}\x{5FB3}"
          RenderText {#text} at (1625,221) size 19x24
            text run at (1625,221) width 24: "\x{306F}\x{300C}"
          RenderRuby (inline) {RUBY} at (0,0) size 19x48
            RenderRubyRun (anonymous) at (1625,245) size 20x48
              RenderRubyText {RT} at (-12,0) size 12x48
                RenderText {#text} at (0,4) size 12x40
                  text run at (0,4) width 39: "\x{307B}\x{3068}\x{3068}\x{304E}\x{3059}"
              RenderRubyBase (anonymous) at (0,0) size 20x48
                RenderInline {RB} at (0,0) size 19x48
                  RenderText {#text} at (0,0) size 19x48
                    text run at (0,0) width 48: "\x{4E0D}\x{5982}\x{5E30}"
          RenderText {#text} at (1625,293) size 19x32
            text run at (1625,293) width 32: "\x{300D}\x{3084}\x{300C}"
          RenderRuby (inline) {RUBY} at (0,0) size 19x64
            RenderRubyRun (anonymous) at (1625,325) size 20x64
              RenderRubyText {RT} at (-12,0) size 12x64
                RenderText {#text} at (0,5) size 12x54
                  text run at (0,5) width 54: "\x{3053}\x{3093}\x{3058}\x{304D}\x{3084}\x{3057}\x{3083}"
              RenderRubyBase (anonymous) at (0,0) size 20x64
                RenderInline {RB} at (0,0) size 19x64
                  RenderText {#text} at (0,0) size 19x64
                    text run at (0,0) width 64: "\x{91D1}\x{8272}\x{591C}\x{53C9}"
          RenderText {#text} at (1625,389) size 50x489
            text run at (1625,389) width 100: "\x{300D}\x{306E}\x{529F}\x{5FB3}\x{3067}\x{306F}\x{306A}"
            text run at (1656,0) width 364: "\x{3044}\x{3002}\x{6C7D}\x{8239}\x{3001}\x{6C7D}\x{8ECA}\x{3001}\x{6A29}\x{5229}\x{3001}\x{7FA9}\x{52D9}\x{3001}\x{9053}\x{5FB3}\x{3001}\x{793C}\x{7FA9}\x{3067}\x{75B2}\x{308C}\x{679C}\x{3066}\x{305F}"
          RenderRuby (inline) {RUBY} at (0,0) size 19x16
            RenderRubyRun (anonymous) at (1656,363) size 20x18
              RenderRubyText {RT} at (-12,0) size 12x17
                RenderText {#text} at (0,0) size 12x17
                  text run at (0,0) width 17: "\x{306E}\x{3061}"
              RenderRubyBase (anonymous) at (0,0) size 20x17
                RenderInline {RB} at (0,0) size 19x17
                  RenderText {#text} at (0,0) size 19x17
                    text run at (0,0) width 16: "\x{5F8C}"
          RenderText {#text} at (1656,380) size 39x481
            text run at (1656,380) width 101: "\x{306B}\x{3001}\x{3059}\x{3079}\x{3066}\x{3092}\x{5FD8}"
            text run at (1676,0) width 268: "\x{5374}\x{3057}\x{3066}\x{3050}\x{3063}\x{3059}\x{308A}\x{5BDD}\x{8FBC}\x{3080}\x{3088}\x{3046}\x{306A}\x{529F}\x{5FB3}\x{3067}\x{3042}\x{308B}\x{3002}"
          RenderBR {BR} at (1676,268) size 19x0
