layer at (0,0) size 800x600
  RenderView at (0,0) size 800x600
layer at (0,0) size 800x152
  RenderBlock {html} at (0,0) size 800x152
    RenderBody {body} at (8,8) size 784x128
      RenderBlock {div} at (0,0) size 784x128
        RenderBlock {div} at (0,0) size 784x2
        RenderBlock (floating) {div} at (0,2) size 60x49
          RenderImage {img} at (0,0) size 60x45
        RenderBlock {ul} at (15,51) size 769x77 [bgcolor=#FF0000]
          RenderListItem {li} at (0,8) size 769x18
            RenderListMarker at (-17,0) size 7x17: bullet
            RenderText {#text} at (0,0) size 125x17
              text run at (0,0) width 125: "Classroom Training"
          RenderListItem {li} at (0,42) size 769x18
            RenderListMarker at (-17,0) size 7x17: bullet
            RenderText {#text} at (0,0) size 78x17
              text run at (0,0) width 78: "Find a Class"
