layer at (0,0) size 800x600
  RenderView at (0,0) size 800x600
layer at (0,0) size 800x600
  RenderBlock {HTML} at (0,0) size 800x600
    RenderBody {BODY} at (8,8) size 784x584
      RenderText {#text} at (0,0) size 346x17
        text run at (0,0) width 346: "The two black rectangles below should look identical."
      RenderText {#text} at (0,0) size 0x0
      RenderText {#text} at (0,0) size 0x0
layer at (8,50) size 204x54
  RenderBlock (positioned) {DIV} at (8,50) size 204x54 [border: (2px solid #000000)]
    RenderBlock (floating) {DIV} at (2,2) size 50x50 [bgcolor=#008000]
    RenderBlock {DIV} at (152,2) size 50x50 [bgcolor=#008000]
layer at (8,116) size 204x54
  RenderBlock (positioned) {DIV} at (8,116) size 204x54 [border: (2px solid #000000)]
layer at (10,118) size 50x50
  RenderBlock (positioned) {DIV} at (2,2) size 50x50 [bgcolor=#008000]
layer at (160,118) size 50x50
  RenderBlock (positioned) {DIV} at (152,2) size 50x50 [bgcolor=#008000]
