layer at (0,0) size 800x600
  RenderView at (0,0) size 800x600
layer at (0,0) size 800x600
  RenderBlock {HTML} at (0,0) size 800x600
    RenderBody {BODY} at (8,8) size 784x584
      RenderBlock {DIV} at (0,0) size 784x36
        RenderText {#text} at (0,0) size 248x17
          text run at (0,0) width 248: "This test checks for regressions against "
        RenderInline {A} at (0,0) size 775x35 [color=#0000EE]
          RenderText {#text} at (248,0) size 775x35
            text run at (248,0) width 527: "Radar 4279765: REGRESSION: \"More...\" links on flickr groups pages have hover"
            text run at (0,18) width 115: "issues (flickr.com)"
        RenderText {#text} at (114,18) size 596x17
          text run at (114,18) width 596: ", or rather, a related painting issue. The word \"PASS\" should appear below in translucent blue."
layer at (8,44) size 784x125
  RenderBlock {DIV} at (0,36) size 784x125
    RenderBlock (floating) {DIV} at (0,0) size 100x125
      RenderImage {IMG} at (0,0) size 100x100
      RenderBR {BR} at (100,86) size 0x17
      RenderBlock (floating) {H1} at (23,121) size 77x38
        RenderInline {A} at (0,0) size 77x36 [color=#0000EE]
          RenderText {#text} at (0,0) size 77x36
            text run at (0,0) width 77: "PASS"
      RenderText {#text} at (0,0) size 0x0
    RenderBR {BR} at (100,0) size 0x17
