layer at (0,0) size 800x600
  RenderView at (0,0) size 800x600
layer at (0,0) size 800x600
  RenderBlock {HTML} at (0,0) size 800x600
    RenderBody {BODY} at (8,8) size 784x584
      RenderBlock {P} at (0,0) size 784x36
        RenderText {#text} at (0,0) size 117x17
          text run at (0,0) width 117: "Rendering test for "
        RenderInline {I} at (0,0) size 746x35
          RenderInline {A} at (0,0) size 301x17 [color=#0000EE]
            RenderText {#text} at (117,0) size 301x17
              text run at (117,0) width 301: "http://bugs.webkit.org/show_bug.cgi?id=17107"
          RenderText {#text} at (417,0) size 746x35
            text run at (417,0) width 5: " "
            text run at (421,0) width 325: "REGRESSION(r29834): Article text on redhat.com"
            text run at (0,18) width 269: "magazine site appears to be painting twice"
        RenderText {#text} at (269,18) size 4x17
          text run at (269,18) width 4: "."
      RenderBlock {P} at (0,52) size 784x18
        RenderText {#text} at (0,0) size 360x17
          text run at (0,0) width 360: "These two lines of text should be the same shade of gray:"
      RenderBlock {DIV} at (0,86) size 784x27 [color=#00000080]
        RenderText {#text} at (0,0) size 270x26
          text run at (0,0) width 270: "Lorem ipsum dolor sit amet"
      RenderBlock {DIV} at (0,113) size 784x0 [color=#00000080]
        RenderBlock (floating) {DIV} at (0,0) size 270x27
          RenderText {#text} at (0,0) size 270x26
            text run at (0,0) width 270: "Lorem ipsum dolor sit amet"
      RenderBlock (anonymous) at (0,113) size 784x27
        RenderBR {BR} at (270,0) size 0x17
