layer at (0,0) size 800x600
  RenderView at (0,0) size 800x600
layer at (0,0) size 800x320
  RenderBlock {HTML} at (0,0) size 800x320
    RenderBody {BODY} at (8,16) size 784x296
      RenderBlock {P} at (0,0) size 784x80
        RenderText {#text} at (0,0) size 90x19
          text run at (0,0) width 90: "Test passes if:"
        RenderBR {BR} at (89,0) size 1x19
        RenderText {#text} at (0,20) size 543x19
          text run at (0,20) width 543: "1. the rectangle 1, 2, 3 show up in a row in a red rectangle and no gap between them."
        RenderBR {BR} at (542,20) size 1x19
        RenderText {#text} at (0,40) size 339x19
          text run at (0,40) width 339: "2. the rectangle 1, 2, 3 appear in left of red rectangle."
        RenderBR {BR} at (338,40) size 1x19
        RenderText {#text} at (0,60) size 457x19
          text run at (0,60) width 457: "3. the height of the 1, 2, 3 is the same as the height of the red rectangle."
      RenderFlexibleBox {DIV} at (0,96) size 200x200 [bgcolor=#FF0000]
        RenderBlock {DIV} at (0,0) size 30x200 [bgcolor=#7FFF00]
          RenderText {#text} at (10,0) size 10x23
            text run at (10,0) width 10: "1"
        RenderBlock {DIV} at (30,0) size 30x200 [bgcolor=#00FFFF]
          RenderText {#text} at (10,0) size 10x23
            text run at (10,0) width 10: "2"
        RenderBlock {DIV} at (60,0) size 30x200 [bgcolor=#4169E1]
          RenderText {#text} at (10,0) size 10x23
            text run at (10,0) width 10: "3"
