layer at (0,0) size 800x600
  RenderView at (0,0) size 800x600
layer at (0,0) size 800x60
  RenderBlock {HTML} at (0,0) size 800x60
    RenderBody {BODY} at (8,16) size 784x36
      RenderBlock {P} at (0,0) size 784x20
        RenderText {#text} at (0,0) size 189x19
          text run at (0,0) width 189: "Test passes if it doesn't crash."
      RenderFlexibleBox {DIV} at (0,36) size 784x0
        RenderBlock {DIV} at (-10,-10) size 100x20
          RenderBlock {DIV} at (0,0) size 100x0
