layer at (0,0) size 800x600
  RenderView at (0,0) size 800x600
layer at (0,0) size 800x600
  RenderBlock {HTML} at (0,0) size 800x600
    RenderBody {BODY} at (8,8) size 784x584
      RenderTable {TABLE} at (0,0) size 459x142
        RenderBlock {CAPTION} at (0,0) size 459x20
          RenderText {#text} at (43,0) size 373x19
            text run at (43,0) width 373: "Communicator 4.5 Installers for Mac and Windows Platforms"
        RenderTableSection {TFOOT} at (0,118) size 459x24
          RenderTableRow {TR} at (0,0) size 459x22
            RenderTableCell {TD} at (2,0) size 173x22 [r=0 c=0 rs=1 cs=1]
              RenderText {#text} at (1,1) size 171x19
                text run at (1,1) width 171: "This is the footer information"
        RenderTableSection {TBODY} at (0,20) size 459x98
          RenderTableRow {TR} at (0,2) size 459x22
            RenderTableCell {TH} at (2,12) size 173x2 [r=0 c=0 rs=1 cs=1]
            RenderTableCell {TH} at (177,2) size 106x22 [r=0 c=1 rs=1 cs=1]
              RenderText {#text} at (1,1) size 104x19
                text run at (1,1) width 104: "Macintosh PPC"
            RenderTableCell {TH} at (285,2) size 82x22 [r=0 c=2 rs=1 cs=1]
              RenderText {#text} at (1,1) size 80x19
                text run at (1,1) width 80: "Windows 95"
            RenderTableCell {TH} at (369,2) size 88x22 [r=0 c=3 rs=1 cs=1]
              RenderText {#text} at (1,1) size 86x19
                text run at (1,1) width 86: "Windows NT"
          RenderTableRow {TR} at (0,26) size 459x22
            RenderTableCell {TD} at (2,26) size 173x22 [r=1 c=0 rs=1 cs=1]
              RenderText {#text} at (1,1) size 69x19
                text run at (1,1) width 69: "Base Install"
            RenderTableCell {TD} at (177,26) size 106x22 [r=1 c=1 rs=1 cs=1]
              RenderText {#text} at (1,1) size 20x19
                text run at (1,1) width 20: "yes"
            RenderTableCell {TD} at (285,26) size 82x22 [r=1 c=2 rs=1 cs=1]
              RenderText {#text} at (1,1) size 20x19
                text run at (1,1) width 20: "yes"
            RenderTableCell {TD} at (369,26) size 88x22 [r=1 c=3 rs=1 cs=1]
              RenderText {#text} at (1,1) size 20x19
                text run at (1,1) width 20: "yes"
          RenderTableRow {TR} at (0,50) size 459x22
            RenderTableCell {TD} at (2,50) size 173x22 [r=2 c=0 rs=1 cs=1]
              RenderText {#text} at (1,1) size 98x19
                text run at (1,1) width 98: "Complete Install"
            RenderTableCell {TD} at (177,50) size 106x22 [r=2 c=1 rs=1 cs=1]
              RenderText {#text} at (1,1) size 20x19
                text run at (1,1) width 20: "yes"
            RenderTableCell {TD} at (285,50) size 82x22 [r=2 c=2 rs=1 cs=1]
              RenderText {#text} at (1,1) size 20x19
                text run at (1,1) width 20: "yes"
            RenderTableCell {TD} at (369,50) size 88x22 [r=2 c=3 rs=1 cs=1]
              RenderText {#text} at (1,1) size 20x19
                text run at (1,1) width 20: "yes"
          RenderTableRow {TR} at (0,74) size 459x22
            RenderTableCell {TD} at (2,74) size 173x22 [r=3 c=0 rs=1 cs=1]
              RenderText {#text} at (1,1) size 107x19
                text run at (1,1) width 107: "Pro Edition Install"
            RenderTableCell {TD} at (177,74) size 106x22 [r=3 c=1 rs=1 cs=1]
              RenderText {#text} at (1,1) size 20x19
                text run at (1,1) width 20: "yes"
            RenderTableCell {TD} at (285,74) size 82x22 [r=3 c=2 rs=1 cs=1]
              RenderText {#text} at (1,1) size 20x19
                text run at (1,1) width 20: "yes"
            RenderTableCell {TD} at (369,74) size 88x22 [r=3 c=3 rs=1 cs=1]
              RenderText {#text} at (1,1) size 20x19
                text run at (1,1) width 20: "yes"
