layer at (0,0) size 800x600
  RenderView at (0,0) size 800x600
layer at (0,0) size 800x600
  RenderBlock {HTML} at (0,0) size 800x600
    RenderBody {BODY} at (8,8) size 784x584
      RenderBlock {P} at (0,0) size 784x40
        RenderText {#text} at (0,0) size 780x39
          text run at (0,0) width 780: "Colgroups are used to identify column groups. The table below has two distinct column groups; 'Airport Location' and 'Car Rental"
          text run at (0,20) width 673: "Information'. The first column group contains two columns and the second column group contains three columns."
      RenderBlock {P} at (0,56) size 784x20
        RenderText {#text} at (0,0) size 248x19
          text run at (0,0) width 248: "Text in the cells should be center-aligned."
      RenderTable {TABLE} at (0,92) size 721x186 [border: (1px outset #808080)]
        RenderTableCol {COLGROUP} at (0,0) size 0x0
        RenderTableCol {COLGROUP} at (0,0) size 0x0
        RenderTableSection {TBODY} at (1,1) size 719x184
          RenderTableRow {TR} at (0,2) size 719x24
            RenderTableCell {TH} at (2,2) size 402x24 [border: (1px inset #808080)] [r=0 c=0 rs=1 cs=2]
              RenderText {#text} at (146,2) size 110x19
                text run at (146,2) width 110: "Airport Location"
            RenderTableCell {TH} at (406,2) size 311x24 [border: (1px inset #808080)] [r=0 c=2 rs=1 cs=3]
              RenderText {#text} at (78,2) size 155x19
                text run at (78,2) width 155: "Car Rental information"
          RenderTableRow {TR} at (0,28) size 719x24
            RenderTableCell {TH} at (2,28) size 100x24 [border: (1px inset #808080)] [r=1 c=0 rs=1 cs=1]
              RenderText {#text} at (23,2) size 54x19
                text run at (23,2) width 54: "Country"
            RenderTableCell {TH} at (104,28) size 300x24 [border: (1px inset #808080)] [r=1 c=1 rs=1 cs=1]
              RenderText {#text} at (136,2) size 28x19
                text run at (136,2) width 28: "City"
            RenderTableCell {TH} at (406,28) size 104x24 [border: (1px inset #808080)] [r=1 c=2 rs=1 cs=1]
              RenderText {#text} at (2,2) size 100x19
                text run at (2,2) width 100: "ABC Company"
            RenderTableCell {TH} at (512,28) size 102x24 [border: (1px inset #808080)] [r=1 c=3 rs=1 cs=1]
              RenderText {#text} at (2,2) size 98x19
                text run at (2,2) width 98: "EFG Company"
            RenderTableCell {TH} at (616,28) size 101x24 [border: (1px inset #808080)] [r=1 c=4 rs=1 cs=1]
              RenderText {#text} at (2,2) size 97x19
                text run at (2,2) width 97: "XYZ Company"
          RenderTableRow {TR} at (0,54) size 719x24
            RenderTableCell {TD} at (2,54) size 100x24 [border: (1px inset #808080)] [r=2 c=0 rs=1 cs=1]
              RenderText {#text} at (2,2) size 42x19
                text run at (2,2) width 42: "France"
            RenderTableCell {TD} at (104,54) size 300x24 [border: (1px inset #808080)] [r=2 c=1 rs=1 cs=1]
              RenderText {#text} at (2,2) size 30x19
                text run at (2,2) width 30: "Paris"
            RenderTableCell {TD} at (406,54) size 104x24 [border: (1px inset #808080)] [r=2 c=2 rs=1 cs=1]
              RenderText {#text} at (2,2) size 20x19
                text run at (2,2) width 20: "yes"
            RenderTableCell {TD} at (512,54) size 102x24 [border: (1px inset #808080)] [r=2 c=3 rs=1 cs=1]
              RenderText {#text} at (2,2) size 20x19
                text run at (2,2) width 20: "yes"
            RenderTableCell {TD} at (616,54) size 101x24 [border: (1px inset #808080)] [r=2 c=4 rs=1 cs=1]
              RenderText {#text} at (2,2) size 20x19
                text run at (2,2) width 20: "yes"
          RenderTableRow {TR} at (0,80) size 719x24
            RenderTableCell {TD} at (2,80) size 100x24 [border: (1px inset #808080)] [r=3 c=0 rs=1 cs=1]
              RenderText {#text} at (2,2) size 55x19
                text run at (2,2) width 55: "Germany"
            RenderTableCell {TD} at (104,80) size 300x24 [border: (1px inset #808080)] [r=3 c=1 rs=1 cs=1]
              RenderText {#text} at (2,2) size 56x19
                text run at (2,2) width 56: "Frankfurt"
            RenderTableCell {TD} at (406,80) size 104x24 [border: (1px inset #808080)] [r=3 c=2 rs=1 cs=1]
              RenderText {#text} at (2,2) size 20x19
                text run at (2,2) width 20: "yes"
            RenderTableCell {TD} at (512,80) size 102x24 [border: (1px inset #808080)] [r=3 c=3 rs=1 cs=1]
              RenderText {#text} at (2,2) size 20x19
                text run at (2,2) width 20: "yes"
            RenderTableCell {TD} at (616,80) size 101x24 [border: (1px inset #808080)] [r=3 c=4 rs=1 cs=1]
              RenderText {#text} at (2,2) size 20x19
                text run at (2,2) width 20: "yes"
          RenderTableRow {TR} at (0,106) size 719x24
            RenderTableCell {TD} at (2,106) size 100x24 [border: (1px inset #808080)] [r=4 c=0 rs=1 cs=1]
              RenderText {#text} at (2,2) size 48x19
                text run at (2,2) width 48: "England"
            RenderTableCell {TD} at (104,106) size 300x24 [border: (1px inset #808080)] [r=4 c=1 rs=1 cs=1]
              RenderText {#text} at (2,2) size 47x19
                text run at (2,2) width 47: "London"
            RenderTableCell {TD} at (406,106) size 104x24 [border: (1px inset #808080)] [r=4 c=2 rs=1 cs=1]
              RenderText {#text} at (2,2) size 20x19
                text run at (2,2) width 20: "yes"
            RenderTableCell {TD} at (512,106) size 102x24 [border: (1px inset #808080)] [r=4 c=3 rs=1 cs=1]
              RenderText {#text} at (2,2) size 20x19
                text run at (2,2) width 20: "yes"
            RenderTableCell {TD} at (616,106) size 101x24 [border: (1px inset #808080)] [r=4 c=4 rs=1 cs=1]
              RenderText {#text} at (2,2) size 20x19
                text run at (2,2) width 20: "yes"
          RenderTableRow {TR} at (0,132) size 719x24
            RenderTableCell {TD} at (2,132) size 100x24 [border: (1px inset #808080)] [r=5 c=0 rs=1 cs=1]
              RenderText {#text} at (2,2) size 73x19
                text run at (2,2) width 73: "Netherlands"
            RenderTableCell {TD} at (104,132) size 300x24 [border: (1px inset #808080)] [r=5 c=1 rs=1 cs=1]
              RenderText {#text} at (2,2) size 70x19
                text run at (2,2) width 70: "Amsterdam"
            RenderTableCell {TD} at (406,132) size 104x24 [border: (1px inset #808080)] [r=5 c=2 rs=1 cs=1]
              RenderText {#text} at (2,2) size 20x19
                text run at (2,2) width 20: "yes"
            RenderTableCell {TD} at (512,132) size 102x24 [border: (1px inset #808080)] [r=5 c=3 rs=1 cs=1]
              RenderText {#text} at (2,2) size 20x19
                text run at (2,2) width 20: "yes"
            RenderTableCell {TD} at (616,132) size 101x24 [border: (1px inset #808080)] [r=5 c=4 rs=1 cs=1]
              RenderText {#text} at (2,2) size 20x19
                text run at (2,2) width 20: "yes"
          RenderTableRow {TR} at (0,158) size 719x24
            RenderTableCell {TD} at (2,158) size 100x24 [border: (1px inset #808080)] [r=6 c=0 rs=1 cs=1]
              RenderText {#text} at (2,2) size 31x19
                text run at (2,2) width 31: "USA"
            RenderTableCell {TD} at (104,158) size 300x24 [border: (1px inset #808080)] [r=6 c=1 rs=1 cs=1]
              RenderText {#text} at (2,2) size 66x19
                text run at (2,2) width 66: "New York"
            RenderTableCell {TD} at (406,158) size 104x24 [border: (1px inset #808080)] [r=6 c=2 rs=1 cs=1]
              RenderText {#text} at (2,2) size 20x19
                text run at (2,2) width 20: "yes"
            RenderTableCell {TD} at (512,158) size 102x24 [border: (1px inset #808080)] [r=6 c=3 rs=1 cs=1]
              RenderText {#text} at (2,2) size 20x19
                text run at (2,2) width 20: "yes"
            RenderTableCell {TD} at (616,158) size 101x24 [border: (1px inset #808080)] [r=6 c=4 rs=1 cs=1]
              RenderText {#text} at (2,2) size 20x19
                text run at (2,2) width 20: "yes"
