layer at (0,0) size 800x600
  RenderView at (0,0) size 800x600
layer at (0,0) size 800x600
  RenderBlock {HTML} at (0,0) size 800x600
    RenderBody {BODY} at (8,8) size 784x584
      RenderBlock {P} at (0,0) size 784x40
        RenderText {#text} at (0,0) size 766x39
          text run at (0,0) width 766: "CELLPADDING specifies the amount of space between the border of the cell and its contents. The first table has a cellpadding"
          text run at (0,20) width 350: "value of 20%; the second table does not have cellpadding."
      RenderTable {TABLE} at (0,56) size 202x132 [border: (1px outset #808080)]
        RenderTableSection {TBODY} at (1,1) size 200x130
          RenderTableRow {TR} at (0,2) size 200x62
            RenderTableCell {TD} at (2,2) size 64x62 [border: (1px inset #808080)] [r=0 c=0 rs=1 cs=1]
              RenderText {#text} at (21,21) size 22x19
                text run at (21,21) width 22: "text"
            RenderTableCell {TD} at (68,2) size 64x62 [border: (1px inset #808080)] [r=0 c=1 rs=1 cs=1]
              RenderText {#text} at (21,21) size 22x19
                text run at (21,21) width 22: "text"
            RenderTableCell {TD} at (134,2) size 64x62 [border: (1px inset #808080)] [r=0 c=2 rs=1 cs=1]
              RenderText {#text} at (21,21) size 22x19
                text run at (21,21) width 22: "text"
          RenderTableRow {TR} at (0,66) size 200x62
            RenderTableCell {TD} at (2,66) size 64x62 [border: (1px inset #808080)] [r=1 c=0 rs=1 cs=1]
              RenderText {#text} at (21,21) size 22x19
                text run at (21,21) width 22: "text"
            RenderTableCell {TD} at (68,66) size 64x62 [border: (1px inset #808080)] [r=1 c=1 rs=1 cs=1]
              RenderText {#text} at (21,21) size 22x19
                text run at (21,21) width 22: "text"
            RenderTableCell {TD} at (134,66) size 64x62 [border: (1px inset #808080)] [r=1 c=2 rs=1 cs=1]
              RenderText {#text} at (21,21) size 22x19
                text run at (21,21) width 22: "text"
      RenderBlock (anonymous) at (0,188) size 784x40
        RenderBR {BR} at (0,0) size 0x19
        RenderBR {BR} at (0,20) size 0x19
      RenderTable {TABLE} at (0,228) size 88x56 [border: (1px outset #808080)]
        RenderTableSection {TBODY} at (1,1) size 86x54
          RenderTableRow {TR} at (0,2) size 86x24
            RenderTableCell {TD} at (2,2) size 26x24 [border: (1px inset #808080)] [r=0 c=0 rs=1 cs=1]
              RenderText {#text} at (2,2) size 22x19
                text run at (2,2) width 22: "text"
            RenderTableCell {TD} at (30,2) size 26x24 [border: (1px inset #808080)] [r=0 c=1 rs=1 cs=1]
              RenderText {#text} at (2,2) size 22x19
                text run at (2,2) width 22: "text"
            RenderTableCell {TD} at (58,2) size 26x24 [border: (1px inset #808080)] [r=0 c=2 rs=1 cs=1]
              RenderText {#text} at (2,2) size 22x19
                text run at (2,2) width 22: "text"
          RenderTableRow {TR} at (0,28) size 86x24
            RenderTableCell {TD} at (2,28) size 26x24 [border: (1px inset #808080)] [r=1 c=0 rs=1 cs=1]
              RenderText {#text} at (2,2) size 22x19
                text run at (2,2) width 22: "text"
            RenderTableCell {TD} at (30,28) size 26x24 [border: (1px inset #808080)] [r=1 c=1 rs=1 cs=1]
              RenderText {#text} at (2,2) size 22x19
                text run at (2,2) width 22: "text"
            RenderTableCell {TD} at (58,28) size 26x24 [border: (1px inset #808080)] [r=1 c=2 rs=1 cs=1]
              RenderText {#text} at (2,2) size 22x19
                text run at (2,2) width 22: "text"
