layer at (0,0) size 800x600
  RenderView at (0,0) size 800x600
layer at (0,0) size 800x600
  RenderBlock {HTML} at (0,0) size 800x600
    RenderBody {BODY} at (8,8) size 784x584
      RenderBlock (anonymous) at (0,0) size 784x20
        RenderText {#text} at (0,0) size 445x19
          text run at (0,0) width 445: "The TD tag uses the HEIGTH attribute. The TD has been set to 80 pixels."
        RenderBR {BR} at (445,15) size 0x0
      RenderTable {TABLE} at (0,20) size 275x112 [border: (1px outset #808080)]
        RenderTableSection {TBODY} at (1,1) size 273x110
          RenderTableRow {TR} at (0,2) size 273x80
            RenderTableCell {TD} at (2,30) size 269x24 [border: (1px inset #808080)] [r=0 c=0 rs=1 cs=1]
              RenderText {#text} at (2,2) size 151x19
                text run at (2,2) width 151: "Netscape Communicator"
          RenderTableRow {TR} at (0,84) size 273x24
            RenderTableCell {TD} at (2,84) size 269x24 [border: (1px inset #808080)] [r=1 c=0 rs=1 cs=1]
              RenderText {#text} at (2,2) size 265x19
                text run at (2,2) width 265: "Available on the Mac/PC/UNIX platforms !"
