layer at (0,0) size 800x600
  RenderView at (0,0) size 800x600
layer at (0,0) size 800x600
  RenderBlock {HTML} at (0,0) size 800x600
    RenderBody {BODY} at (8,8) size 784x576
      RenderTable {TABLE} at (0,0) size 784x50 [bgcolor=#00FF00] [border: (1px outset #808080)]
        RenderTableSection {TBODY} at (1,1) size 782x48
          RenderTableRow {TR} at (0,2) size 782x44
            RenderTableCell {TD} at (2,2) size 388x44 [border: (1px inset #808080)] [r=0 c=0 rs=1 cs=1]
              RenderText {#text} at (2,2) size 356x39
                text run at (2,2) width 356: "Here is a table using the CLASS attribute. The table should"
                text run at (2,22) width 147: "have a lime background."
            RenderTableCell {TD} at (392,2) size 388x44 [border: (1px inset #808080)] [r=0 c=1 rs=1 cs=1]
              RenderText {#text} at (2,2) size 356x39
                text run at (2,2) width 356: "Here is a table using the CLASS attribute. The table should"
                text run at (2,22) width 147: "have a lime background."
      RenderBlock {P} at (0,66) size 784x40 [bgcolor=#00FF00]
        RenderText {#text} at (0,0) size 764x39
          text run at (0,0) width 764: "This is a paragraph using the CLASS attribute. The paragraph should have a lime background. This paragraph validates that the"
          text run at (0,20) width 275: "CLASS attribute works for multiple elements."
