layer at (0,0) size 800x600
  RenderView at (0,0) size 800x600
layer at (0,0) size 800x600
  RenderBlock {HTML} at (0,0) size 800x600
    RenderBody {BODY} at (8,8) size 784x584
      RenderBlock (anonymous) at (0,0) size 784x40
        RenderText {#text} at (0,0) size 761x39
          text run at (0,0) width 656: "The TD cell (The EggPlant Exchange) should not wrap when window is resized. However, the cell below the "
          text run at (656,0) width 105: "heading will wrap"
          text run at (0,20) width 82: "atuomatically."
        RenderBR {BR} at (82,35) size 0x0
      RenderTable {TABLE} at (0,40) size 231x56 [border: (1px outset #808080)]
        RenderTableSection {TBODY} at (1,1) size 229x54
          RenderTableRow {TR} at (0,2) size 229x24
            RenderTableCell {TD} at (2,2) size 225x24 [border: (1px inset #808080)] [r=0 c=0 rs=1 cs=1]
              RenderText {#text} at (2,2) size 141x19
                text run at (2,2) width 141: "The Eggplant Exchange"
          RenderTableRow {TR} at (0,28) size 229x24
            RenderTableCell {TD} at (2,28) size 225x24 [border: (1px inset #808080)] [r=1 c=0 rs=1 cs=1]
              RenderText {#text} at (2,2) size 221x19
                text run at (2,2) width 221: "Lots of Recipies for Eggplant Lovers"
