layer at (0,0) size 800x600
  RenderView at (0,0) size 800x600
layer at (0,0) size 800x600
  RenderBlock {HTML} at (0,0) size 800x600
    RenderBody {BODY} at (8,8) size 784x584
      RenderBlock (anonymous) at (0,0) size 784x40
        RenderText {#text} at (0,0) size 748x39
          text run at (0,0) width 658: "This test case shows how WIDTH can set the width of the table to a fixed size using PERCENT. PERCENT "
          text run at (658,0) width 90: "is based on the"
          text run at (0,20) width 402: "percentage of the space between the current left and right margins. "
          text run at (402,20) width 241: "This first table has a width of 80 percent"
      RenderTable {TABLE} at (0,40) size 628x50
        RenderTableSection {TBODY} at (0,0) size 628x50
          RenderTableRow {TR} at (0,2) size 628x22
            RenderTableCell {TD} at (2,2) size 210x22 [r=0 c=0 rs=1 cs=1]
              RenderText {#text} at (1,1) size 60x19
                text run at (1,1) width 60: "Navigator"
            RenderTableCell {TD} at (213,2) size 217x22 [r=0 c=1 rs=1 cs=1]
              RenderText {#text} at (1,1) size 66x19
                text run at (1,1) width 66: "Messenger"
            RenderTableCell {TD} at (431,2) size 195x22 [r=0 c=2 rs=1 cs=1]
              RenderText {#text} at (1,1) size 52x19
                text run at (1,1) width 52: "Collabra"
          RenderTableRow {TR} at (0,26) size 628x22
            RenderTableCell {TD} at (2,26) size 210x22 [r=1 c=0 rs=1 cs=1]
              RenderText {#text} at (1,1) size 64x19
                text run at (1,1) width 64: "Composer"
            RenderTableCell {TD} at (213,26) size 217x22 [r=1 c=1 rs=1 cs=1]
              RenderText {#text} at (1,1) size 55x19
                text run at (1,1) width 55: "Calendar"
            RenderTableCell {TD} at (431,26) size 195x22 [r=1 c=2 rs=1 cs=1]
              RenderText {#text} at (1,1) size 59x19
                text run at (1,1) width 59: "Netcaster"
      RenderBlock (anonymous) at (0,90) size 784x40
        RenderBR {BR} at (0,0) size 0x19
        RenderText {#text} at (0,20) size 300x19
          text run at (0,20) width 300: "While, this second table has a width of 50 percent"
      RenderTable {TABLE} at (0,130) size 392x50
        RenderTableSection {TBODY} at (0,0) size 392x50
          RenderTableRow {TR} at (0,2) size 392x22
            RenderTableCell {TD} at (2,2) size 130x22 [r=0 c=0 rs=1 cs=1]
              RenderText {#text} at (1,1) size 60x19
                text run at (1,1) width 60: "Navigator"
            RenderTableCell {TD} at (133,2) size 135x22 [r=0 c=1 rs=1 cs=1]
              RenderText {#text} at (1,1) size 66x19
                text run at (1,1) width 66: "Messenger"
            RenderTableCell {TD} at (269,2) size 122x22 [r=0 c=2 rs=1 cs=1]
              RenderText {#text} at (1,1) size 52x19
                text run at (1,1) width 52: "Collabra"
          RenderTableRow {TR} at (0,26) size 392x22
            RenderTableCell {TD} at (2,26) size 130x22 [r=1 c=0 rs=1 cs=1]
              RenderText {#text} at (1,1) size 64x19
                text run at (1,1) width 64: "Composer"
            RenderTableCell {TD} at (133,26) size 135x22 [r=1 c=1 rs=1 cs=1]
              RenderText {#text} at (1,1) size 55x19
                text run at (1,1) width 55: "Calendar"
            RenderTableCell {TD} at (269,26) size 122x22 [r=1 c=2 rs=1 cs=1]
              RenderText {#text} at (1,1) size 59x19
                text run at (1,1) width 59: "Netcaster"
