layer at (0,0) size 800x600
  RenderView at (0,0) size 800x600
layer at (0,0) size 800x600
  RenderBlock {HTML} at (0,0) size 800x600
    RenderBody {BODY} at (8,8) size 784x584
      RenderBlock {P} at (0,0) size 784x20
        RenderText {#text} at (0,0) size 265x19
          text run at (0,0) width 265: "The caption should be at the top of the table"
      RenderTable {TABLE} at (0,36) size 163x76 [border: (1px outset #808080)]
        RenderBlock {CAPTION} at (0,0) size 163x20
          RenderText {#text} at (51,0) size 61x19
            text run at (51,0) width 61: "Wild Cats"
        RenderTableSection {TBODY} at (1,21) size 161x54
          RenderTableRow {TR} at (0,2) size 161x24
            RenderTableCell {TD} at (2,2) size 43x24 [border: (1px inset #808080)] [r=0 c=0 rs=1 cs=1]
              RenderText {#text} at (2,2) size 27x19
                text run at (2,2) width 27: "Lion"
            RenderTableCell {TD} at (47,2) size 56x24 [border: (1px inset #808080)] [r=0 c=1 rs=1 cs=1]
              RenderText {#text} at (2,2) size 52x19
                text run at (2,2) width 52: "Leopard"
            RenderTableCell {TD} at (105,2) size 54x24 [border: (1px inset #808080)] [r=0 c=2 rs=1 cs=1]
              RenderText {#text} at (2,2) size 50x19
                text run at (2,2) width 50: "Cheetah"
          RenderTableRow {TR} at (0,28) size 161x24
            RenderTableCell {TD} at (2,28) size 43x24 [border: (1px inset #808080)] [r=1 c=0 rs=1 cs=1]
              RenderText {#text} at (2,2) size 39x19
                text run at (2,2) width 39: "Jaguar"
            RenderTableCell {TD} at (47,28) size 56x24 [border: (1px inset #808080)] [r=1 c=1 rs=1 cs=1]
              RenderText {#text} at (2,2) size 44x19
                text run at (2,2) width 44: "Bobcat"
            RenderTableCell {TD} at (105,28) size 54x24 [border: (1px inset #808080)] [r=1 c=2 rs=1 cs=1]
              RenderText {#text} at (2,2) size 41x19
                text run at (2,2) width 41: "Ocelot"
