layer at (0,0) size 800x600
  RenderView at (0,0) size 800x600
layer at (0,0) size 800x600
  RenderBlock {HTML} at (0,0) size 800x600
    RenderBody {BODY} at (8,8) size 784x584
      RenderBlock (anonymous) at (0,0) size 784x20
        RenderText {#text} at (0,0) size 155x19
          text run at (0,0) width 155: "TBODY VALIGN=TOP"
      RenderTable {TABLE} at (0,20) size 784x247 [border: (1px outset #808080)]
        RenderTableSection {THEAD} at (1,1) size 782x28
          RenderTableRow {TR} at (0,2) size 782x24
            RenderTableCell {TD} at (2,2) size 304x24 [border: (1px inset #808080)] [r=0 c=0 rs=1 cs=1]
              RenderText {#text} at (2,2) size 51x19
                text run at (2,2) width 51: "THEAD"
            RenderTableCell {TD} at (308,2) size 472x24 [border: (1px inset #808080)] [r=0 c=1 rs=1 cs=1]
              RenderText {#text} at (2,2) size 51x19
                text run at (2,2) width 51: "THEAD"
        RenderTableSection {TFOOT} at (1,220) size 782x26
          RenderTableRow {TR} at (0,0) size 782x24
            RenderTableCell {TD} at (2,0) size 304x24 [border: (1px inset #808080)] [r=0 c=0 rs=1 cs=1]
              RenderText {#text} at (2,2) size 51x19
                text run at (2,2) width 51: "TFOOT"
            RenderTableCell {TD} at (308,0) size 472x24 [border: (1px inset #808080)] [r=0 c=1 rs=1 cs=1]
              RenderText {#text} at (2,2) size 51x19
                text run at (2,2) width 51: "TFOOT"
        RenderTableSection {TBODY} at (1,29) size 782x191
          RenderTableRow {TR} at (0,0) size 782x189
            RenderTableCell {TD} at (2,0) size 304x189 [border: (1px inset #808080)] [r=0 c=0 rs=1 cs=1]
              RenderImage {IMG} at (2,2) size 300x185
            RenderTableCell {TD} at (308,0) size 472x44 [border: (1px inset #808080)] [r=0 c=1 rs=1 cs=1]
              RenderText {#text} at (2,2) size 461x39
                text run at (2,2) width 461: "This text is within the TBODY element and should be vertically aligned to the"
                text run at (2,22) width 20: "top"
        RenderTableSection {TBODY} at (1,220) size 782x0
