layer at (0,0) size 800x600
  RenderView at (0,0) size 800x600
layer at (0,0) size 800x600
  RenderBlock {HTML} at (0,0) size 800x600
    RenderBody {BODY} at (8,8) size 784x584
      RenderBlock {P} at (0,0) size 784x40
        RenderText {#text} at (0,0) size 758x39
          text run at (0,0) width 758: "The TFOOT element labels the head area of a table. In this test, the TFOOT text has an attribute value of ALIGN=JUSTIFY."
          text run at (0,20) width 470: "ALIGN-JUSTIFY should attempt to justify text within all cells of the TFOOT."
      RenderTable {TABLE} at (0,56) size 644x82 [border: (1px outset #808080)]
        RenderTableSection {THEAD} at (1,1) size 642x28
          RenderTableRow {TR} at (0,2) size 642x24
            RenderTableCell {TD} at (2,2) size 318x24 [border: (1px inset #808080)] [r=0 c=0 rs=1 cs=1]
              RenderText {#text} at (2,2) size 310x19
                text run at (2,2) width 310: "This text is in the THEADThis text is in the THEAD"
            RenderTableCell {TD} at (322,2) size 318x24 [border: (1px inset #808080)] [r=0 c=1 rs=1 cs=1]
              RenderText {#text} at (2,2) size 310x19
                text run at (2,2) width 310: "This text is in the THEADThis text is in the THEAD"
        RenderTableSection {TFOOT} at (1,55) size 642x26
          RenderTableRow {TR} at (0,0) size 642x24
            RenderTableCell {TD} at (2,0) size 318x24 [border: (1px inset #808080)] [r=0 c=0 rs=1 cs=1]
              RenderText {#text} at (2,2) size 155x19
                text run at (2,2) width 155: "This text is in the TFOOT"
            RenderTableCell {TD} at (322,0) size 318x24 [border: (1px inset #808080)] [r=0 c=1 rs=1 cs=1]
              RenderText {#text} at (2,2) size 155x19
                text run at (2,2) width 155: "This text is in the TFOOT"
        RenderTableSection {TBODY} at (1,29) size 642x26
          RenderTableRow {TR} at (0,0) size 642x24
            RenderTableCell {TD} at (2,0) size 318x24 [border: (1px inset #808080)] [r=0 c=0 rs=1 cs=1]
              RenderText {#text} at (2,2) size 314x19
                text run at (2,2) width 314: "This text is in the TBODYThis text is in the TBODY"
            RenderTableCell {TD} at (322,0) size 318x24 [border: (1px inset #808080)] [r=0 c=1 rs=1 cs=1]
              RenderText {#text} at (2,2) size 314x19
                text run at (2,2) width 314: "This text is in the TBODYThis text is in the TBODY"
        RenderTableSection {TBODY} at (1,55) size 642x0
