layer at (0,0) size 800x600
  RenderView at (0,0) size 800x600
layer at (0,0) size 800x600
  RenderBlock {HTML} at (0,0) size 800x600
    RenderBody {BODY} at (8,8) size 784x584 [bgcolor=#FFFFFF]
      RenderBlock {P} at (0,0) size 784x20
        RenderText {#text} at (0,0) size 262x19
          text run at (0,0) width 262: "Table with one blue row and one white row"
      RenderTable {TABLE} at (0,36) size 118x56 [border: (1px outset #808080)]
        RenderTableSection {TBODY} at (1,1) size 116x54
          RenderTableRow {TR} at (0,2) size 116x24 [bgcolor=#0000FF]
            RenderTableCell {TD} at (2,2) size 36x24 [border: (1px inset #808080)] [r=0 c=0 rs=1 cs=1]
              RenderText {#text} at (2,2) size 32x19
                text run at (2,2) width 32: "        "
            RenderTableCell {TD} at (40,2) size 36x24 [border: (1px inset #808080)] [r=0 c=1 rs=1 cs=1]
              RenderText {#text} at (2,2) size 32x19
                text run at (2,2) width 32: "        "
            RenderTableCell {TD} at (78,2) size 36x24 [border: (1px inset #808080)] [r=0 c=2 rs=1 cs=1]
              RenderText {#text} at (2,2) size 32x19
                text run at (2,2) width 32: "        "
          RenderTableRow {TR} at (0,28) size 116x24
            RenderTableCell {TD} at (2,28) size 36x24 [border: (1px inset #808080)] [r=1 c=0 rs=1 cs=1]
              RenderText {#text} at (2,2) size 32x19
                text run at (2,2) width 32: "        "
            RenderTableCell {TD} at (40,28) size 36x24 [border: (1px inset #808080)] [r=1 c=1 rs=1 cs=1]
              RenderText {#text} at (2,2) size 32x19
                text run at (2,2) width 32: "        "
            RenderTableCell {TD} at (78,28) size 36x24 [border: (1px inset #808080)] [r=1 c=2 rs=1 cs=1]
              RenderText {#text} at (2,2) size 32x19
                text run at (2,2) width 32: "        "
