layer at (0,0) size 800x600
  RenderView at (0,0) size 800x600
layer at (0,0) size 800x66
  RenderBlock {html} at (0,0) size 800x66
    RenderBody {body} at (8,8) size 784x50
      RenderTable {table} at (0,0) size 408x50 [border: (1px outset #808080)]
        RenderTableCol {colgroup} at (0,0) size 0x0
          RenderTableCol {col} at (0,0) size 0x0
        RenderTableSection (anonymous) at (1,1) size 406x48
          RenderTableRow {tr} at (0,2) size 406x44
            RenderTableCell {td} at (2,2) size 200x44 [border: (1px inset #808080)] [r=0 c=0 rs=1 cs=1]
              RenderText {#text} at (2,2) size 177x39
                text run at (2,2) width 177: "This column should be 200px"
                text run at (2,22) width 29: "wide"
            RenderTableCell {td} at (204,2) size 200x44 [border: (1px inset #808080)] [r=0 c=1 rs=1 cs=1]
              RenderText {#text} at (2,2) size 177x39
                text run at (2,2) width 177: "This column should be 200px"
                text run at (2,22) width 29: "wide"
