layer at (0,0) size 800x600
  RenderView at (0,0) size 800x600
layer at (0,0) size 800x170
  RenderBlock {html} at (0,0) size 800x170
    RenderBody {body} at (8,16) size 784x146
      RenderBlock {p} at (0,0) size 784x20
        RenderText {#text} at (0,0) size 168x19
          text run at (0,0) width 168: "COLGROUP WIDTH=pct"
      RenderTable {table} at (0,36) size 400x110 [border: (1px outset #808080)]
        RenderTableCol {colgroup} at (0,0) size 0x0
        RenderTableCol {colgroup} at (0,0) size 0x0
        RenderTableSection (anonymous) at (1,1) size 398x108
          RenderTableRow {tr} at (0,2) size 398x104
            RenderTableCell {td} at (2,2) size 98x104 [border: (1px inset #808080)] [r=0 c=0 rs=1 cs=1]
              RenderText {#text} at (2,2) size 82x99
                text run at (2,2) width 72: "This column"
                text run at (2,22) width 82: "should have a"
                text run at (2,42) width 82: "width of 25%"
                text run at (2,62) width 78: "of 400 pixels"
                text run at (2,82) width 17: "or "
                text run at (19,82) width 39: "100px"
            RenderTableCell {td} at (102,32) size 294x44 [border: (1px inset #808080)] [r=0 c=1 rs=1 cs=1]
              RenderText {#text} at (2,2) size 288x39
                text run at (2,2) width 288: "This column should have a width of 75% of 400"
                text run at (2,22) width 55: "pixels or "
                text run at (57,22) width 39: "300px"
