layer at (0,0) size 800x600
  RenderView at (0,0) size 800x600
layer at (0,0) size 800x170
  RenderBlock {html} at (0,0) size 800x170
    RenderBody {body} at (8,16) size 784x146
      RenderBlock {p} at (0,0) size 784x20
        RenderText {#text} at (0,0) size 115x19
          text run at (0,0) width 115: "COL WIDTH=pct"
      RenderTable {table} at (0,36) size 400x110 [border: (1px outset #808080)]
        RenderTableCol {colgroup} at (0,0) size 0x0
          RenderTableCol {col} at (0,0) size 0x0
          RenderTableCol {col} at (0,0) size 0x0
        RenderTableSection (anonymous) at (1,1) size 398x108
          RenderTableRow {tr} at (0,2) size 398x104
            RenderTableCell {td} at (2,2) size 98x104 [border: (1px inset #808080)] [r=0 c=0 rs=1 cs=1]
              RenderText {#text} at (2,2) size 82x99
                text run at (2,2) width 72: "This column"
                text run at (2,22) width 82: "should have a"
                text run at (2,42) width 82: "width of 25%"
                text run at (2,62) width 72: "of 400px or"
                text run at (2,82) width 39: "100px"
            RenderTableCell {td} at (102,32) size 294x44 [border: (1px inset #808080)] [r=0 c=1 rs=1 cs=1]
              RenderText {#text} at (2,2) size 260x39
                text run at (2,2) width 260: "This column should have a width of 75% of"
                text run at (2,22) width 99: "400px or 300px"
