layer at (0,0) size 800x600
  RenderView at (0,0) size 800x600
layer at (0,0) size 800x326
  RenderBlock {html} at (0,0) size 800x326
    RenderBody {body} at (8,8) size 784x310
      RenderTable {table} at (0,0) size 100x90 [border: (1px outset #808080)]
        RenderTableSection (anonymous) at (1,1) size 98x88
          RenderTableRow {tr} at (0,2) size 98x84
            RenderTableCell {td} at (2,2) size 94x84 [border: (1px inset #808080)] [r=0 c=0 rs=1 cs=1]
              RenderText {#text} at (2,2) size 82x79
                text run at (2,2) width 58: "This table"
                text run at (2,22) width 82: "should have a"
                text run at (2,42) width 77: "width of 100"
                text run at (2,62) width 34: "pixels"
      RenderBlock (anonymous) at (0,90) size 784x20
        RenderBR {br} at (0,0) size 0x19
      RenderTable {table} at (0,110) size 200x50 [border: (1px outset #808080)]
        RenderTableSection (anonymous) at (1,1) size 198x48
          RenderTableRow {tr} at (0,2) size 198x44
            RenderTableCell {td} at (2,2) size 194x44 [border: (1px inset #808080)] [r=0 c=0 rs=1 cs=1]
              RenderText {#text} at (2,2) size 181x39
                text run at (2,2) width 181: "This table should have a width"
                text run at (2,22) width 78: "of 200 pixels"
      RenderBlock (anonymous) at (0,160) size 784x20
        RenderBR {br} at (0,0) size 0x19
      RenderTable {table} at (0,180) size 300x30 [border: (1px outset #808080)]
        RenderTableSection (anonymous) at (1,1) size 298x28
          RenderTableRow {tr} at (0,2) size 298x24
            RenderTableCell {td} at (2,2) size 294x24 [border: (1px inset #808080)] [r=0 c=0 rs=1 cs=1]
              RenderText {#text} at (2,2) size 263x19
                text run at (2,2) width 263: "This table should have a width of 300 pixels"
      RenderBlock (anonymous) at (0,210) size 784x20
        RenderBR {br} at (0,0) size 0x19
      RenderTable {table} at (0,230) size 400x30 [border: (1px outset #808080)]
        RenderTableSection (anonymous) at (1,1) size 398x28
          RenderTableRow {tr} at (0,2) size 398x24
            RenderTableCell {td} at (2,2) size 394x24 [border: (1px inset #808080)] [r=0 c=0 rs=1 cs=1]
              RenderText {#text} at (2,2) size 263x19
                text run at (2,2) width 263: "This table should have a width of 400 pixels"
      RenderBlock (anonymous) at (0,260) size 784x20
        RenderBR {br} at (0,0) size 0x19
      RenderTable {table} at (0,280) size 500x30 [border: (1px outset #808080)]
        RenderTableSection (anonymous) at (1,1) size 498x28
          RenderTableRow {tr} at (0,2) size 498x24
            RenderTableCell {td} at (2,2) size 494x24 [border: (1px inset #808080)] [r=0 c=0 rs=1 cs=1]
              RenderText {#text} at (2,2) size 263x19
                text run at (2,2) width 263: "This table should have a width of 500 pixels"
