layer at (0,0) size 800x600
  RenderView at (0,0) size 800x600
layer at (0,0) size 800x354
  RenderBlock {html} at (0,0) size 800x354
    RenderBody {body} at (8,16) size 784x330
      RenderBlock {p} at (0,0) size 784x20
        RenderText {#text} at (0,0) size 255x19
          text run at (0,0) width 255: "The table below should have the following:"
      RenderBlock {ol} at (0,36) size 784x120
        RenderListItem {li} at (40,0) size 744x20
          RenderListMarker at (-21,0) size 16x19: "1"
          RenderText {#text} at (0,0) size 113x19
            text run at (0,0) width 113: "a caption 'TABLE'"
        RenderListItem {li} at (40,20) size 744x20
          RenderListMarker at (-21,0) size 16x19: "2"
          RenderText {#text} at (0,0) size 60x19
            text run at (0,0) width 60: "no border"
        RenderListItem {li} at (40,40) size 744x20
          RenderListMarker at (-21,0) size 16x19: "3"
          RenderText {#text} at (0,0) size 209x19
            text run at (0,0) width 209: "3 colgroups, each with one column"
        RenderListItem {li} at (40,60) size 744x20
          RenderListMarker at (-21,0) size 16x19: "4"
          RenderText {#text} at (0,0) size 145x19
            text run at (0,0) width 145: "a THEAD with one row"
        RenderListItem {li} at (40,80) size 744x20
          RenderListMarker at (-21,0) size 16x19: "5"
          RenderText {#text} at (0,0) size 154x19
            text run at (0,0) width 154: "a TBODY with two rows"
        RenderListItem {li} at (40,100) size 744x20
          RenderListMarker at (-21,0) size 16x19: "6"
          RenderText {#text} at (0,0) size 145x19
            text run at (0,0) width 145: "a TFOOT with one row"
      RenderBlock (anonymous) at (0,172) size 784x40
        RenderBR {br} at (0,0) size 0x19
        RenderBR {br} at (0,20) size 0x19
      RenderTable {table} at (0,212) size 179x118
        RenderBlock {caption} at (0,0) size 179x20
          RenderText {#text} at (65,0) size 49x19
            text run at (65,0) width 49: "TABLE"
        RenderTableCol {colgroup} at (0,0) size 0x0
          RenderTableCol {col} at (0,0) size 0x0
        RenderTableCol {colgroup} at (0,0) size 0x0
          RenderTableCol {col} at (0,0) size 0x0
        RenderTableCol {colgroup} at (0,0) size 0x0
          RenderTableCol {col} at (0,0) size 0x0
        RenderTableSection {thead} at (0,20) size 179x26
          RenderTableRow {tr} at (0,2) size 179x22
            RenderTableCell {th} at (2,2) size 57x22 [r=0 c=0 rs=1 cs=1]
              RenderText {#text} at (1,1) size 55x19
                text run at (1,1) width 55: "THEAD"
            RenderTableCell {th} at (61,2) size 57x22 [r=0 c=1 rs=1 cs=1]
              RenderText {#text} at (1,1) size 55x19
                text run at (1,1) width 55: "THEAD"
            RenderTableCell {th} at (120,2) size 57x22 [r=0 c=2 rs=1 cs=1]
              RenderText {#text} at (1,1) size 55x19
                text run at (1,1) width 55: "THEAD"
        RenderTableSection {tfoot} at (0,94) size 179x24
          RenderTableRow {tr} at (0,0) size 179x22
            RenderTableCell {td} at (2,0) size 57x22 [r=0 c=0 rs=1 cs=1]
              RenderText {#text} at (1,1) size 51x19
                text run at (1,1) width 51: "TFOOT"
            RenderTableCell {td} at (61,0) size 57x22 [r=0 c=1 rs=1 cs=1]
              RenderText {#text} at (1,1) size 51x19
                text run at (1,1) width 51: "TFOOT"
            RenderTableCell {td} at (120,0) size 57x22 [r=0 c=2 rs=1 cs=1]
              RenderText {#text} at (1,1) size 51x19
                text run at (1,1) width 51: "TFOOT"
        RenderTableSection {tbody} at (0,46) size 179x48
          RenderTableRow {tr} at (0,0) size 179x22
            RenderTableCell {td} at (2,0) size 57x22 [r=0 c=0 rs=1 cs=1]
              RenderText {#text} at (1,1) size 53x19
                text run at (1,1) width 53: "TBODY"
            RenderTableCell {td} at (61,0) size 57x22 [r=0 c=1 rs=1 cs=1]
              RenderText {#text} at (1,1) size 53x19
                text run at (1,1) width 53: "TBODY"
            RenderTableCell {td} at (120,0) size 57x22 [r=0 c=2 rs=1 cs=1]
              RenderText {#text} at (1,1) size 53x19
                text run at (1,1) width 53: "TBODY"
          RenderTableRow {tr} at (0,24) size 179x22
            RenderTableCell {td} at (2,24) size 57x22 [r=1 c=0 rs=1 cs=1]
              RenderText {#text} at (1,1) size 53x19
                text run at (1,1) width 53: "TBODY"
            RenderTableCell {td} at (61,24) size 57x22 [r=1 c=1 rs=1 cs=1]
              RenderText {#text} at (1,1) size 53x19
                text run at (1,1) width 53: "TBODY"
            RenderTableCell {td} at (120,24) size 57x22 [r=1 c=2 rs=1 cs=1]
              RenderText {#text} at (1,1) size 53x19
                text run at (1,1) width 53: "TBODY"
