layer at (0,0) size 800x600
  RenderView at (0,0) size 800x600
layer at (0,0) size 800x66
  RenderBlock {html} at (0,0) size 800x66
    RenderBody {body} at (8,8) size 784x50
      RenderTable {table} at (0,0) size 784x50 [bgcolor=#00FF00] [border: (1px outset #808080)]
        RenderTableSection (anonymous) at (1,1) size 782x48
          RenderTableRow {tr} at (0,2) size 782x44
            RenderTableCell {td} at (2,2) size 388x44 [border: (1px inset #808080)] [r=0 c=0 rs=1 cs=1]
              RenderText {#text} at (2,2) size 373x39
                text run at (2,2) width 373: "Here is a bordered table using the ID attribute for background"
                text run at (2,22) width 289: "color. The table should have a lime background."
            RenderTableCell {td} at (392,2) size 388x44 [border: (1px inset #808080)] [r=0 c=1 rs=1 cs=1]
              RenderText {#text} at (2,2) size 373x39
                text run at (2,2) width 373: "Here is a bordered table using the ID attribute for background"
                text run at (2,22) width 289: "color. The table should have a lime background."
