layer at (0,0) size 800x600
  RenderView at (0,0) size 800x600
layer at (0,0) size 800x46
  RenderBlock {html} at (0,0) size 800x46
    RenderBody {body} at (8,8) size 784x30
      RenderTable {table} at (246,0) size 292x30 [border: (1px outset #808080)]
        RenderTableSection (anonymous) at (1,1) size 289x28
          RenderTableRow {tr} at (0,2) size 289x24
            RenderTableCell {td} at (2,2) size 285x24 [border: (1px inset #808080)] [r=0 c=0 rs=1 cs=1]
              RenderText {#text} at (2,2) size 281x19
                text run at (2,2) width 281: "This table should be center aligned on the page"
