layer at (0,0) size 800x600
  RenderView at (0,0) size 800x600
layer at (0,0) size 800x152
  RenderBlock {html} at (0,0) size 800x152
    RenderBody {body} at (8,16) size 784x128
      RenderBlock {p} at (0,0) size 784x20
        RenderText {#text} at (0,0) size 461x19
          text run at (0,0) width 387: "There should be rules around each row and column group in the "
          text run at (387,0) width 74: "table below."
      RenderTable {table} at (0,36) size 175x92 [border: none]
        RenderTableCol {colgroup} at (0,0) size 0x0 [border: none (1px solid #000000) none (1px solid #000000)]
          RenderTableCol {col} at (0,0) size 0x0
        RenderTableCol {colgroup} at (0,0) size 0x0 [border: none (1px solid #000000) none (1px solid #000000)]
          RenderTableCol {col} at (0,0) size 0x0
        RenderTableCol {colgroup} at (0,0) size 0x0 [border: none (1px solid #000000) none (1px solid #000000)]
          RenderTableCol {col} at (0,0) size 0x0
        RenderTableSection {thead} at (0,0) size 174x23 [border: (1px solid #808080) none (1px solid #808080) none]
          RenderTableRow {tr} at (0,0) size 174x23
            RenderTableCell {th} at (0,0) size 58x23 [border: (1px none #000000)] [r=0 c=0 rs=1 cs=1]
              RenderText {#text} at (2,2) size 55x19
                text run at (2,2) width 55: "THEAD"
            RenderTableCell {th} at (58,0) size 58x23 [border: (1px none #000000)] [r=0 c=1 rs=1 cs=1]
              RenderText {#text} at (2,2) size 55x19
                text run at (2,2) width 55: "THEAD"
            RenderTableCell {th} at (116,0) size 58x23 [border: (1px none #000000)] [r=0 c=2 rs=1 cs=1]
              RenderText {#text} at (2,2) size 55x19
                text run at (2,2) width 55: "THEAD"
        RenderTableSection {tfoot} at (0,68) size 174x23 [border: (1px solid #808080) none (1px solid #808080) none]
          RenderTableRow {tr} at (0,0) size 174x23
            RenderTableCell {td} at (0,0) size 58x23 [border: (1px none #000000)] [r=0 c=0 rs=1 cs=1]
              RenderText {#text} at (2,2) size 51x19
                text run at (2,2) width 51: "TFOOT"
            RenderTableCell {td} at (58,0) size 58x23 [border: (1px none #000000)] [r=0 c=1 rs=1 cs=1]
              RenderText {#text} at (2,2) size 51x19
                text run at (2,2) width 51: "TFOOT"
            RenderTableCell {td} at (116,0) size 58x23 [border: (1px none #000000)] [r=0 c=2 rs=1 cs=1]
              RenderText {#text} at (2,2) size 51x19
                text run at (2,2) width 51: "TFOOT"
        RenderTableSection {tbody} at (0,23) size 174x45 [border: (1px solid #808080) none (1px solid #808080) none]
          RenderTableRow {tr} at (0,0) size 174x23
            RenderTableCell {td} at (0,0) size 58x23 [border: (1px none #000000)] [r=0 c=0 rs=1 cs=1]
              RenderText {#text} at (2,2) size 53x19
                text run at (2,2) width 53: "TBODY"
            RenderTableCell {td} at (58,0) size 58x23 [border: (1px none #000000)] [r=0 c=1 rs=1 cs=1]
              RenderText {#text} at (2,2) size 53x19
                text run at (2,2) width 53: "TBODY"
            RenderTableCell {td} at (116,0) size 58x23 [border: (1px none #000000)] [r=0 c=2 rs=1 cs=1]
              RenderText {#text} at (2,2) size 53x19
                text run at (2,2) width 53: "TBODY"
          RenderTableRow {tr} at (0,23) size 174x22
            RenderTableCell {td} at (0,23) size 58x22 [border: none] [r=1 c=0 rs=1 cs=1]
              RenderText {#text} at (2,1) size 53x19
                text run at (2,1) width 53: "TBODY"
            RenderTableCell {td} at (58,23) size 58x22 [border: none] [r=1 c=1 rs=1 cs=1]
              RenderText {#text} at (2,1) size 53x19
                text run at (2,1) width 53: "TBODY"
            RenderTableCell {td} at (116,23) size 58x22 [border: none] [r=1 c=2 rs=1 cs=1]
              RenderText {#text} at (2,1) size 53x19
                text run at (2,1) width 53: "TBODY"
