layer at (0,0) size 800x600
  RenderView at (0,0) size 800x600
layer at (0,0) size 800x142
  RenderBlock {html} at (0,0) size 800x142
    RenderBody {body} at (8,16) size 784x118
      RenderBlock {p} at (0,0) size 784x20
        RenderText {#text} at (0,0) size 312x19
          text run at (0,0) width 312: "In this test, the TBODY text should be right aligned."
      RenderTable {table} at (0,36) size 165x82 [border: (1px outset #808080)]
        RenderTableSection {thead} at (1,1) size 163x28
          RenderTableRow {tr} at (0,2) size 163x24
            RenderTableCell {td} at (2,2) size 159x24 [border: (1px inset #808080)] [r=0 c=0 rs=1 cs=1]
              RenderText {#text} at (2,2) size 155x19
                text run at (2,2) width 155: "This text is in the THEAD"
        RenderTableSection {tfoot} at (1,55) size 163x26
          RenderTableRow {tr} at (0,0) size 163x24
            RenderTableCell {td} at (2,0) size 159x24 [border: (1px inset #808080)] [r=0 c=0 rs=1 cs=1]
              RenderText {#text} at (2,2) size 155x19
                text run at (2,2) width 155: "This text is in the TFOOT"
        RenderTableSection {tbody} at (1,29) size 163x26
          RenderTableRow {tr} at (0,0) size 163x24
            RenderTableCell {td} at (2,0) size 159x24 [border: (1px inset #808080)] [r=0 c=0 rs=1 cs=1]
              RenderText {#text} at (104,2) size 53x19
                text run at (104,2) width 53: "TBODY"
