layer at (0,0) size 800x600
  RenderView at (0,0) size 800x600
layer at (0,0) size 800x72
  RenderBlock {html} at (0,0) size 800x72
    RenderBody {body} at (8,8) size 784x56
      RenderTable {table} at (0,0) size 210x56 [border: (1px outset #808080)]
        RenderTableSection (anonymous) at (1,1) size 208x54
          RenderTableRow {tr} at (0,2) size 208x24
            RenderTableCell {td} at (2,15) size 152x24 [border: (1px inset #808080)] [r=0 c=0 rs=2 cs=1]
              RenderText {#text} at (2,2) size 148x19
                text run at (2,2) width 148: "This cell spans two rows"
            RenderTableCell {td} at (156,2) size 50x24 [border: (1px inset #808080)] [r=0 c=1 rs=1 cs=1]
              RenderText {#text} at (2,2) size 46x19
                text run at (2,2) width 46: "xxx xxx"
          RenderTableRow {tr} at (0,28) size 208x24
            RenderTableCell {td} at (156,28) size 50x24 [border: (1px inset #808080)] [r=1 c=1 rs=1 cs=1]
              RenderText {#text} at (2,2) size 46x19
                text run at (2,2) width 46: "xxx xxx"
