layer at (0,0) size 824x585
  RenderView at (0,0) size 800x585
layer at (0,0) size 800x72
  RenderBlock {html} at (0,0) size 800x72
    RenderBody {body} at (8,8) size 784x56
      RenderTable {table} at (0,0) size 816x56 [border: (1px outset #808080)]
        RenderTableSection (anonymous) at (1,1) size 814x54
          RenderTableRow {tr} at (0,2) size 814x24
            RenderTableCell {td} at (2,2) size 810x24 [border: (1px inset #808080)] [r=0 c=0 rs=1 cs=1]
              RenderText {#text} at (2,2) size 806x19
                text run at (2,2) width 248: "The text in the cell should not wrap upon "
                text run at (250,2) width 232: "window resizing    x-fill x-fill x-fill x-fill "
                text run at (482,2) width 270: "x-fill x-fill x-fill x-fill x-fill x-fill x-fill x-fill x-fill "
                text run at (752,2) width 56: "x-fill x-fill"
          RenderTableRow {tr} at (0,28) size 814x24
            RenderTableCell {td} at (2,28) size 810x24 [border: (1px inset #808080)] [r=1 c=0 rs=1 cs=1]
              RenderText {#text} at (2,2) size 806x19
                text run at (2,2) width 248: "The text in the cell should not wrap upon "
                text run at (250,2) width 232: "window resizing    x-fill x-fill x-fill x-fill "
                text run at (482,2) width 270: "x-fill x-fill x-fill x-fill x-fill x-fill x-fill x-fill x-fill "
                text run at (752,2) width 56: "x-fill x-fill"
