layer at (0,0) size 800x600
  RenderView at (0,0) size 800x600
layer at (0,0) size 800x86
  RenderBlock {html} at (0,0) size 800x86
    RenderBody {body} at (8,8) size 784x70
      RenderTable {table} at (0,0) size 784x70 [border: (1px outset #808080)]
        RenderTableSection (anonymous) at (1,1) size 782x68
          RenderTableRow {tr} at (0,2) size 782x64
            RenderTableCell {td} at (2,2) size 389x64 [border: (1px inset #808080)] [r=0 c=0 rs=1 cs=1]
              RenderText {#text} at (2,2) size 385x59
                text run at (2,2) width 198: "This cell text should be justified "
                text run at (199,2) width 188: "which means that the right and"
                text run at (2,22) width 203: "left margins should line up, no "
                text run at (204,22) width 183: "matter how long the content"
                text run at (2,42) width 216: "becomes (except the last line which "
                text run at (218,42) width 131: "should be left aligned)"
            RenderTableCell {td} at (392,22) size 389x24 [border: (1px inset #808080)] [r=0 c=1 rs=1 cs=1]
              RenderText {#text} at (2,2) size 209x19
                text run at (2,2) width 209: "This cell text should be left justified"
