layer at (0,0) size 800x600
  RenderView at (0,0) size 800x600
layer at (0,0) size 800x327
  RenderBlock {html} at (0,0) size 800x327
    RenderBody {body} at (8,16) size 784x303
      RenderBlock {p} at (0,0) size 784x20
        RenderText {#text} at (0,0) size 182x19
          text run at (0,0) width 182: "TFOOT VALIGN=MIDDLE"
      RenderTable {table} at (0,36) size 591x267 [border: (1px outset #808080)]
        RenderTableSection {thead} at (1,1) size 589x28
          RenderTableRow {tr} at (0,2) size 589x24
            RenderTableCell {td} at (2,2) size 204x24 [border: (1px inset #808080)] [r=0 c=0 rs=1 cs=1]
              RenderText {#text} at (2,2) size 51x19
                text run at (2,2) width 51: "THEAD"
            RenderTableCell {td} at (208,2) size 379x24 [border: (1px inset #808080)] [r=0 c=1 rs=1 cs=1]
              RenderText {#text} at (2,2) size 51x19
                text run at (2,2) width 51: "THEAD"
        RenderTableSection {tfoot} at (1,55) size 589x211
          RenderTableRow {tr} at (0,0) size 589x209
            RenderTableCell {td} at (2,0) size 204x209 [border: (1px inset #808080)] [r=0 c=0 rs=1 cs=1]
              RenderImage {img} at (2,2) size 200x200
            RenderTableCell {td} at (208,92) size 379x25 [border: (1px inset #808080)] [r=0 c=1 rs=1 cs=1]
              RenderText {#text} at (2,2) size 375x20
                text run at (2,3) width 340: "This text should be vertically aligned to the middle of the "
                text run at (342,3) width 35: "image"
        RenderTableSection {tbody} at (1,29) size 589x26
          RenderTableRow {tr} at (0,0) size 589x24
            RenderTableCell {td} at (2,0) size 204x24 [border: (1px inset #808080)] [r=0 c=0 rs=1 cs=1]
              RenderText {#text} at (2,2) size 53x19
                text run at (2,2) width 53: "TBODY"
            RenderTableCell {td} at (208,0) size 379x24 [border: (1px inset #808080)] [r=0 c=1 rs=1 cs=1]
              RenderText {#text} at (2,2) size 53x19
                text run at (2,2) width 53: "TBODY"
