layer at (0,0) size 800x600
  RenderView at (0,0) size 800x600
layer at (0,0) size 800x305
  RenderBlock {html} at (0,0) size 800x305
    RenderBody {body} at (8,16) size 784x281
      RenderBlock {p} at (0,0) size 784x20
        RenderText {#text} at (0,0) size 166x19
          text run at (0,0) width 166: "TH VALIGN=BASELINE"
      RenderTable {table} at (0,36) size 784x245 [border: (1px outset #808080)]
        RenderTableSection (anonymous) at (1,1) size 782x243
          RenderTableRow {tr} at (0,2) size 782x239
            RenderTableCell {th} at (2,24) size 216x104 [border: (1px inset #808080)] [r=0 c=0 rs=1 cs=1]
              RenderText {#text} at (14,2) size 205x99
                text run at (14,2) width 188: "Compare the baseline of the"
                text run at (5,22) width 77: "first line of "
                text run at (81,22) width 129: "text in this cell with"
                text run at (8,42) width 199: "the baseline of the first line of"
                text run at (25,62) width 47: "text in "
                text run at (71,62) width 120: "the next cell: they"
                text run at (17,82) width 182: "should be vertically aligned"
            RenderTableCell {th} at (219,2) size 562x239 [border: (1px inset #808080)] [r=0 c=1 rs=1 cs=1]
              RenderText {#text} at (2,3) size 557x233
                text run at (2,3) width 380: "Compare the baseline "
                text run at (381,3) width 178: "of the first"
                text run at (27,50) width 506: "line of text in this cell with the"
                text run at (3,97) width 253: "baseline of the "
                text run at (255,97) width 303: "first line of text in"
                text run at (10,144) width 540: "the previous cell: they should be"
                text run at (134,191) width 170: "vertically "
                text run at (303,191) width 124: "aligned"
