layer at (0,0) size 785x1730
  RenderView at (0,0) size 785x600
layer at (0,0) size 785x1730
  RenderBlock {html} at (0,0) size 785x1730
    RenderBody {body} at (8,16) size 769x1706 [bgcolor=#FFFFFF]
      RenderBlock {p} at (0,0) size 769x20
        RenderText {#text} at (0,0) size 255x19
          text run at (0,0) width 255: "Black table with a white body background"
      RenderTable {table} at (0,36) size 454x56 [border: (1px outset #808080)]
        RenderTableSection (anonymous) at (1,1) size 452x54
          RenderTableRow {tr} at (0,2) size 452x24
            RenderTableCell {th} at (2,2) size 148x24 [bgcolor=#000000] [border: (1px inset #808080)] [r=0 c=0 rs=1 cs=1]
              RenderText {#text} at (2,2) size 144x19
                text run at (2,2) width 144: "table table table table"
            RenderTableCell {th} at (152,2) size 148x24 [bgcolor=#000000] [border: (1px inset #808080)] [r=0 c=1 rs=1 cs=1]
              RenderText {#text} at (2,2) size 144x19
                text run at (2,2) width 144: "table table table table"
            RenderTableCell {th} at (302,2) size 148x24 [bgcolor=#000000] [border: (1px inset #808080)] [r=0 c=2 rs=1 cs=1]
              RenderText {#text} at (2,2) size 144x19
                text run at (2,2) width 144: "table table table table"
          RenderTableRow {tr} at (0,28) size 452x24
            RenderTableCell {th} at (2,28) size 148x24 [bgcolor=#000000] [border: (1px inset #808080)] [r=1 c=0 rs=1 cs=1]
              RenderText {#text} at (2,2) size 144x19
                text run at (2,2) width 144: "table table table table"
            RenderTableCell {th} at (152,28) size 148x24 [bgcolor=#000000] [border: (1px inset #808080)] [r=1 c=1 rs=1 cs=1]
              RenderText {#text} at (2,2) size 144x19
                text run at (2,2) width 144: "table table table table"
            RenderTableCell {th} at (302,28) size 148x24 [bgcolor=#000000] [border: (1px inset #808080)] [r=1 c=2 rs=1 cs=1]
              RenderText {#text} at (2,2) size 144x19
                text run at (2,2) width 144: "table table table table"
      RenderBlock {p} at (0,108) size 769x20
        RenderText {#text} at (0,0) size 254x19
          text run at (0,0) width 254: "Silver table with a white body background"
      RenderTable {table} at (0,144) size 454x56 [border: (1px outset #808080)]
        RenderTableSection (anonymous) at (1,1) size 452x54
          RenderTableRow {tr} at (0,2) size 452x24
            RenderTableCell {th} at (2,2) size 148x24 [bgcolor=#C0C0C0] [border: (1px inset #808080)] [r=0 c=0 rs=1 cs=1]
              RenderText {#text} at (2,2) size 144x19
                text run at (2,2) width 144: "table table table table"
            RenderTableCell {th} at (152,2) size 148x24 [bgcolor=#C0C0C0] [border: (1px inset #808080)] [r=0 c=1 rs=1 cs=1]
              RenderText {#text} at (2,2) size 144x19
                text run at (2,2) width 144: "table table table table"
            RenderTableCell {th} at (302,2) size 148x24 [bgcolor=#C0C0C0] [border: (1px inset #808080)] [r=0 c=2 rs=1 cs=1]
              RenderText {#text} at (2,2) size 144x19
                text run at (2,2) width 144: "table table table table"
          RenderTableRow {tr} at (0,28) size 452x24
            RenderTableCell {th} at (2,28) size 148x24 [bgcolor=#C0C0C0] [border: (1px inset #808080)] [r=1 c=0 rs=1 cs=1]
              RenderText {#text} at (2,2) size 144x19
                text run at (2,2) width 144: "table table table table"
            RenderTableCell {th} at (152,28) size 148x24 [bgcolor=#C0C0C0] [border: (1px inset #808080)] [r=1 c=1 rs=1 cs=1]
              RenderText {#text} at (2,2) size 144x19
                text run at (2,2) width 144: "table table table table"
            RenderTableCell {th} at (302,28) size 148x24 [bgcolor=#C0C0C0] [border: (1px inset #808080)] [r=1 c=2 rs=1 cs=1]
              RenderText {#text} at (2,2) size 144x19
                text run at (2,2) width 144: "table table table table"
      RenderBlock {p} at (0,216) size 769x20
        RenderText {#text} at (0,0) size 250x19
          text run at (0,0) width 250: "Gray table with a white body background"
      RenderTable {table} at (0,252) size 454x56 [border: (1px outset #808080)]
        RenderTableSection (anonymous) at (1,1) size 452x54
          RenderTableRow {tr} at (0,2) size 452x24
            RenderTableCell {th} at (2,2) size 148x24 [bgcolor=#808080] [border: (1px inset #808080)] [r=0 c=0 rs=1 cs=1]
              RenderText {#text} at (2,2) size 144x19
                text run at (2,2) width 144: "table table table table"
            RenderTableCell {th} at (152,2) size 148x24 [bgcolor=#808080] [border: (1px inset #808080)] [r=0 c=1 rs=1 cs=1]
              RenderText {#text} at (2,2) size 144x19
                text run at (2,2) width 144: "table table table table"
            RenderTableCell {th} at (302,2) size 148x24 [bgcolor=#808080] [border: (1px inset #808080)] [r=0 c=2 rs=1 cs=1]
              RenderText {#text} at (2,2) size 144x19
                text run at (2,2) width 144: "table table table table"
          RenderTableRow {tr} at (0,28) size 452x24
            RenderTableCell {th} at (2,28) size 148x24 [bgcolor=#808080] [border: (1px inset #808080)] [r=1 c=0 rs=1 cs=1]
              RenderText {#text} at (2,2) size 144x19
                text run at (2,2) width 144: "table table table table"
            RenderTableCell {th} at (152,28) size 148x24 [bgcolor=#808080] [border: (1px inset #808080)] [r=1 c=1 rs=1 cs=1]
              RenderText {#text} at (2,2) size 144x19
                text run at (2,2) width 144: "table table table table"
            RenderTableCell {th} at (302,28) size 148x24 [bgcolor=#808080] [border: (1px inset #808080)] [r=1 c=2 rs=1 cs=1]
              RenderText {#text} at (2,2) size 144x19
                text run at (2,2) width 144: "table table table table"
      RenderBlock {p} at (0,324) size 769x20
        RenderText {#text} at (0,0) size 256x19
          text run at (0,0) width 256: "White table with a white body background"
      RenderTable {table} at (0,360) size 454x56 [border: (1px outset #808080)]
        RenderTableSection (anonymous) at (1,1) size 452x54
          RenderTableRow {tr} at (0,2) size 452x24
            RenderTableCell {th} at (2,2) size 148x24 [bgcolor=#FFFFFF] [border: (1px inset #808080)] [r=0 c=0 rs=1 cs=1]
              RenderText {#text} at (2,2) size 144x19
                text run at (2,2) width 144: "table table table table"
            RenderTableCell {th} at (152,2) size 148x24 [bgcolor=#FFFFFF] [border: (1px inset #808080)] [r=0 c=1 rs=1 cs=1]
              RenderText {#text} at (2,2) size 144x19
                text run at (2,2) width 144: "table table table table"
            RenderTableCell {th} at (302,2) size 148x24 [bgcolor=#FFFFFF] [border: (1px inset #808080)] [r=0 c=2 rs=1 cs=1]
              RenderText {#text} at (2,2) size 144x19
                text run at (2,2) width 144: "table table table table"
          RenderTableRow {tr} at (0,28) size 452x24
            RenderTableCell {th} at (2,28) size 148x24 [bgcolor=#FFFFFF] [border: (1px inset #808080)] [r=1 c=0 rs=1 cs=1]
              RenderText {#text} at (2,2) size 144x19
                text run at (2,2) width 144: "table table table table"
            RenderTableCell {th} at (152,28) size 148x24 [bgcolor=#FFFFFF] [border: (1px inset #808080)] [r=1 c=1 rs=1 cs=1]
              RenderText {#text} at (2,2) size 144x19
                text run at (2,2) width 144: "table table table table"
            RenderTableCell {th} at (302,28) size 148x24 [bgcolor=#FFFFFF] [border: (1px inset #808080)] [r=1 c=2 rs=1 cs=1]
              RenderText {#text} at (2,2) size 144x19
                text run at (2,2) width 144: "table table table table"
      RenderBlock {p} at (0,432) size 769x20
        RenderText {#text} at (0,0) size 269x19
          text run at (0,0) width 269: "Maroon table with a white body background"
      RenderTable {table} at (0,468) size 454x56 [border: (1px outset #808080)]
        RenderTableSection (anonymous) at (1,1) size 452x54
          RenderTableRow {tr} at (0,2) size 452x24
            RenderTableCell {th} at (2,2) size 148x24 [bgcolor=#800000] [border: (1px inset #808080)] [r=0 c=0 rs=1 cs=1]
              RenderText {#text} at (2,2) size 144x19
                text run at (2,2) width 144: "table table table table"
            RenderTableCell {th} at (152,2) size 148x24 [bgcolor=#800000] [border: (1px inset #808080)] [r=0 c=1 rs=1 cs=1]
              RenderText {#text} at (2,2) size 144x19
                text run at (2,2) width 144: "table table table table"
            RenderTableCell {th} at (302,2) size 148x24 [bgcolor=#800000] [border: (1px inset #808080)] [r=0 c=2 rs=1 cs=1]
              RenderText {#text} at (2,2) size 144x19
                text run at (2,2) width 144: "table table table table"
          RenderTableRow {tr} at (0,28) size 452x24
            RenderTableCell {th} at (2,28) size 148x24 [bgcolor=#800000] [border: (1px inset #808080)] [r=1 c=0 rs=1 cs=1]
              RenderText {#text} at (2,2) size 144x19
                text run at (2,2) width 144: "table table table table"
            RenderTableCell {th} at (152,28) size 148x24 [bgcolor=#800000] [border: (1px inset #808080)] [r=1 c=1 rs=1 cs=1]
              RenderText {#text} at (2,2) size 144x19
                text run at (2,2) width 144: "table table table table"
            RenderTableCell {th} at (302,28) size 148x24 [bgcolor=#800000] [border: (1px inset #808080)] [r=1 c=2 rs=1 cs=1]
              RenderText {#text} at (2,2) size 144x19
                text run at (2,2) width 144: "table table table table"
      RenderBlock {p} at (0,540) size 769x20
        RenderText {#text} at (0,0) size 245x19
          text run at (0,0) width 245: "Red table with a white body background"
      RenderTable {table} at (0,576) size 454x56 [border: (1px outset #808080)]
        RenderTableSection (anonymous) at (1,1) size 452x54
          RenderTableRow {tr} at (0,2) size 452x24
            RenderTableCell {th} at (2,2) size 148x24 [bgcolor=#FF0000] [border: (1px inset #808080)] [r=0 c=0 rs=1 cs=1]
              RenderText {#text} at (2,2) size 144x19
                text run at (2,2) width 144: "table table table table"
            RenderTableCell {th} at (152,2) size 148x24 [bgcolor=#FF0000] [border: (1px inset #808080)] [r=0 c=1 rs=1 cs=1]
              RenderText {#text} at (2,2) size 144x19
                text run at (2,2) width 144: "table table table table"
            RenderTableCell {th} at (302,2) size 148x24 [bgcolor=#FF0000] [border: (1px inset #808080)] [r=0 c=2 rs=1 cs=1]
              RenderText {#text} at (2,2) size 144x19
                text run at (2,2) width 144: "table table table table"
          RenderTableRow {tr} at (0,28) size 452x24
            RenderTableCell {th} at (2,28) size 148x24 [bgcolor=#FF0000] [border: (1px inset #808080)] [r=1 c=0 rs=1 cs=1]
              RenderText {#text} at (2,2) size 144x19
                text run at (2,2) width 144: "table table table table"
            RenderTableCell {th} at (152,28) size 148x24 [bgcolor=#FF0000] [border: (1px inset #808080)] [r=1 c=1 rs=1 cs=1]
              RenderText {#text} at (2,2) size 144x19
                text run at (2,2) width 144: "table table table table"
            RenderTableCell {th} at (302,28) size 148x24 [bgcolor=#FF0000] [border: (1px inset #808080)] [r=1 c=2 rs=1 cs=1]
              RenderText {#text} at (2,2) size 144x19
                text run at (2,2) width 144: "table table table table"
      RenderBlock {p} at (0,648) size 769x20
        RenderText {#text} at (0,0) size 259x19
          text run at (0,0) width 259: "Purple table with a white body background"
      RenderTable {table} at (0,684) size 454x56 [border: (1px outset #808080)]
        RenderTableSection (anonymous) at (1,1) size 452x54
          RenderTableRow {tr} at (0,2) size 452x24
            RenderTableCell {th} at (2,2) size 148x24 [bgcolor=#800080] [border: (1px inset #808080)] [r=0 c=0 rs=1 cs=1]
              RenderText {#text} at (2,2) size 144x19
                text run at (2,2) width 144: "table table table table"
            RenderTableCell {th} at (152,2) size 148x24 [bgcolor=#800080] [border: (1px inset #808080)] [r=0 c=1 rs=1 cs=1]
              RenderText {#text} at (2,2) size 144x19
                text run at (2,2) width 144: "table table table table"
            RenderTableCell {th} at (302,2) size 148x24 [bgcolor=#800080] [border: (1px inset #808080)] [r=0 c=2 rs=1 cs=1]
              RenderText {#text} at (2,2) size 144x19
                text run at (2,2) width 144: "table table table table"
          RenderTableRow {tr} at (0,28) size 452x24
            RenderTableCell {th} at (2,28) size 148x24 [bgcolor=#800080] [border: (1px inset #808080)] [r=1 c=0 rs=1 cs=1]
              RenderText {#text} at (2,2) size 144x19
                text run at (2,2) width 144: "table table table table"
            RenderTableCell {th} at (152,28) size 148x24 [bgcolor=#800080] [border: (1px inset #808080)] [r=1 c=1 rs=1 cs=1]
              RenderText {#text} at (2,2) size 144x19
                text run at (2,2) width 144: "table table table table"
            RenderTableCell {th} at (302,28) size 148x24 [bgcolor=#800080] [border: (1px inset #808080)] [r=1 c=2 rs=1 cs=1]
              RenderText {#text} at (2,2) size 144x19
                text run at (2,2) width 144: "table table table table"
      RenderBlock {p} at (0,756) size 769x20
        RenderText {#text} at (0,0) size 266x19
          text run at (0,0) width 266: "Fuchsia table with a white body background"
      RenderTable {table} at (0,792) size 454x56 [border: (1px outset #808080)]
        RenderTableSection (anonymous) at (1,1) size 452x54
          RenderTableRow {tr} at (0,2) size 452x24
            RenderTableCell {th} at (2,2) size 148x24 [bgcolor=#FF00FF] [border: (1px inset #808080)] [r=0 c=0 rs=1 cs=1]
              RenderText {#text} at (2,2) size 144x19
                text run at (2,2) width 144: "table table table table"
            RenderTableCell {th} at (152,2) size 148x24 [bgcolor=#FF00FF] [border: (1px inset #808080)] [r=0 c=1 rs=1 cs=1]
              RenderText {#text} at (2,2) size 144x19
                text run at (2,2) width 144: "table table table table"
            RenderTableCell {th} at (302,2) size 148x24 [bgcolor=#FF00FF] [border: (1px inset #808080)] [r=0 c=2 rs=1 cs=1]
              RenderText {#text} at (2,2) size 144x19
                text run at (2,2) width 144: "table table table table"
          RenderTableRow {tr} at (0,28) size 452x24
            RenderTableCell {th} at (2,28) size 148x24 [bgcolor=#FF00FF] [border: (1px inset #808080)] [r=1 c=0 rs=1 cs=1]
              RenderText {#text} at (2,2) size 144x19
                text run at (2,2) width 144: "table table table table"
            RenderTableCell {th} at (152,28) size 148x24 [bgcolor=#FF00FF] [border: (1px inset #808080)] [r=1 c=1 rs=1 cs=1]
              RenderText {#text} at (2,2) size 144x19
                text run at (2,2) width 144: "table table table table"
            RenderTableCell {th} at (302,28) size 148x24 [bgcolor=#FF00FF] [border: (1px inset #808080)] [r=1 c=2 rs=1 cs=1]
              RenderText {#text} at (2,2) size 144x19
                text run at (2,2) width 144: "table table table table"
      RenderBlock {p} at (0,864) size 769x20
        RenderText {#text} at (0,0) size 257x19
          text run at (0,0) width 257: "Green table with a white body background"
      RenderTable {table} at (0,900) size 454x56 [border: (1px outset #808080)]
        RenderTableSection (anonymous) at (1,1) size 452x54
          RenderTableRow {tr} at (0,2) size 452x24
            RenderTableCell {th} at (2,2) size 148x24 [bgcolor=#008000] [border: (1px inset #808080)] [r=0 c=0 rs=1 cs=1]
              RenderText {#text} at (2,2) size 144x19
                text run at (2,2) width 144: "table table table table"
            RenderTableCell {th} at (152,2) size 148x24 [bgcolor=#008000] [border: (1px inset #808080)] [r=0 c=1 rs=1 cs=1]
              RenderText {#text} at (2,2) size 144x19
                text run at (2,2) width 144: "table table table table"
            RenderTableCell {th} at (302,2) size 148x24 [bgcolor=#008000] [border: (1px inset #808080)] [r=0 c=2 rs=1 cs=1]
              RenderText {#text} at (2,2) size 144x19
                text run at (2,2) width 144: "table table table table"
          RenderTableRow {tr} at (0,28) size 452x24
            RenderTableCell {th} at (2,28) size 148x24 [bgcolor=#008000] [border: (1px inset #808080)] [r=1 c=0 rs=1 cs=1]
              RenderText {#text} at (2,2) size 144x19
                text run at (2,2) width 144: "table table table table"
            RenderTableCell {th} at (152,28) size 148x24 [bgcolor=#008000] [border: (1px inset #808080)] [r=1 c=1 rs=1 cs=1]
              RenderText {#text} at (2,2) size 144x19
                text run at (2,2) width 144: "table table table table"
            RenderTableCell {th} at (302,28) size 148x24 [bgcolor=#008000] [border: (1px inset #808080)] [r=1 c=2 rs=1 cs=1]
              RenderText {#text} at (2,2) size 144x19
                text run at (2,2) width 144: "table table table table"
      RenderBlock {p} at (0,972) size 769x20
        RenderText {#text} at (0,0) size 250x19
          text run at (0,0) width 250: "Lime table with a white body background"
      RenderTable {table} at (0,1008) size 454x56 [border: (1px outset #808080)]
        RenderTableSection (anonymous) at (1,1) size 452x54
          RenderTableRow {tr} at (0,2) size 452x24
            RenderTableCell {th} at (2,2) size 148x24 [bgcolor=#00FF00] [border: (1px inset #808080)] [r=0 c=0 rs=1 cs=1]
              RenderText {#text} at (2,2) size 144x19
                text run at (2,2) width 144: "table table table table"
            RenderTableCell {th} at (152,2) size 148x24 [bgcolor=#00FF00] [border: (1px inset #808080)] [r=0 c=1 rs=1 cs=1]
              RenderText {#text} at (2,2) size 144x19
                text run at (2,2) width 144: "table table table table"
            RenderTableCell {th} at (302,2) size 148x24 [bgcolor=#00FF00] [border: (1px inset #808080)] [r=0 c=2 rs=1 cs=1]
              RenderText {#text} at (2,2) size 144x19
                text run at (2,2) width 144: "table table table table"
          RenderTableRow {tr} at (0,28) size 452x24
            RenderTableCell {th} at (2,28) size 148x24 [bgcolor=#00FF00] [border: (1px inset #808080)] [r=1 c=0 rs=1 cs=1]
              RenderText {#text} at (2,2) size 144x19
                text run at (2,2) width 144: "table table table table"
            RenderTableCell {th} at (152,28) size 148x24 [bgcolor=#00FF00] [border: (1px inset #808080)] [r=1 c=1 rs=1 cs=1]
              RenderText {#text} at (2,2) size 144x19
                text run at (2,2) width 144: "table table table table"
            RenderTableCell {th} at (302,28) size 148x24 [bgcolor=#00FF00] [border: (1px inset #808080)] [r=1 c=2 rs=1 cs=1]
              RenderText {#text} at (2,2) size 144x19
                text run at (2,2) width 144: "table table table table"
      RenderBlock {p} at (0,1080) size 769x20
        RenderText {#text} at (0,0) size 252x19
          text run at (0,0) width 252: "Olive table with a white body background"
      RenderTable {table} at (0,1116) size 454x56 [border: (1px outset #808080)]
        RenderTableSection (anonymous) at (1,1) size 452x54
          RenderTableRow {tr} at (0,2) size 452x24
            RenderTableCell {th} at (2,2) size 148x24 [bgcolor=#808000] [border: (1px inset #808080)] [r=0 c=0 rs=1 cs=1]
              RenderText {#text} at (2,2) size 144x19
                text run at (2,2) width 144: "table table table table"
            RenderTableCell {th} at (152,2) size 148x24 [bgcolor=#808000] [border: (1px inset #808080)] [r=0 c=1 rs=1 cs=1]
              RenderText {#text} at (2,2) size 144x19
                text run at (2,2) width 144: "table table table table"
            RenderTableCell {th} at (302,2) size 148x24 [bgcolor=#808000] [border: (1px inset #808080)] [r=0 c=2 rs=1 cs=1]
              RenderText {#text} at (2,2) size 144x19
                text run at (2,2) width 144: "table table table table"
          RenderTableRow {tr} at (0,28) size 452x24
            RenderTableCell {th} at (2,28) size 148x24 [bgcolor=#808000] [border: (1px inset #808080)] [r=1 c=0 rs=1 cs=1]
              RenderText {#text} at (2,2) size 144x19
                text run at (2,2) width 144: "table table table table"
            RenderTableCell {th} at (152,28) size 148x24 [bgcolor=#808000] [border: (1px inset #808080)] [r=1 c=1 rs=1 cs=1]
              RenderText {#text} at (2,2) size 144x19
                text run at (2,2) width 144: "table table table table"
            RenderTableCell {th} at (302,28) size 148x24 [bgcolor=#808000] [border: (1px inset #808080)] [r=1 c=2 rs=1 cs=1]
              RenderText {#text} at (2,2) size 144x19
                text run at (2,2) width 144: "table table table table"
      RenderBlock {p} at (0,1188) size 769x20
        RenderText {#text} at (0,0) size 263x19
          text run at (0,0) width 263: "Yellow table with a white body background"
      RenderTable {table} at (0,1224) size 454x56 [border: (1px outset #808080)]
        RenderTableSection (anonymous) at (1,1) size 452x54
          RenderTableRow {tr} at (0,2) size 452x24
            RenderTableCell {th} at (2,2) size 148x24 [bgcolor=#FFFF00] [border: (1px inset #808080)] [r=0 c=0 rs=1 cs=1]
              RenderText {#text} at (2,2) size 144x19
                text run at (2,2) width 144: "table table table table"
            RenderTableCell {th} at (152,2) size 148x24 [bgcolor=#FFFF00] [border: (1px inset #808080)] [r=0 c=1 rs=1 cs=1]
              RenderText {#text} at (2,2) size 144x19
                text run at (2,2) width 144: "table table table table"
            RenderTableCell {th} at (302,2) size 148x24 [bgcolor=#FFFF00] [border: (1px inset #808080)] [r=0 c=2 rs=1 cs=1]
              RenderText {#text} at (2,2) size 144x19
                text run at (2,2) width 144: "table table table table"
          RenderTableRow {tr} at (0,28) size 452x24
            RenderTableCell {th} at (2,28) size 148x24 [bgcolor=#FFFF00] [border: (1px inset #808080)] [r=1 c=0 rs=1 cs=1]
              RenderText {#text} at (2,2) size 144x19
                text run at (2,2) width 144: "table table table table"
            RenderTableCell {th} at (152,28) size 148x24 [bgcolor=#FFFF00] [border: (1px inset #808080)] [r=1 c=1 rs=1 cs=1]
              RenderText {#text} at (2,2) size 144x19
                text run at (2,2) width 144: "table table table table"
            RenderTableCell {th} at (302,28) size 148x24 [bgcolor=#FFFF00] [border: (1px inset #808080)] [r=1 c=2 rs=1 cs=1]
              RenderText {#text} at (2,2) size 144x19
                text run at (2,2) width 144: "table table table table"
      RenderBlock {p} at (0,1296) size 769x20
        RenderText {#text} at (0,0) size 253x19
          text run at (0,0) width 253: "Navy table with a white body background"
      RenderTable {table} at (0,1332) size 454x56 [border: (1px outset #808080)]
        RenderTableSection (anonymous) at (1,1) size 452x54
          RenderTableRow {tr} at (0,2) size 452x24
            RenderTableCell {th} at (2,2) size 148x24 [bgcolor=#000080] [border: (1px inset #808080)] [r=0 c=0 rs=1 cs=1]
              RenderText {#text} at (2,2) size 144x19
                text run at (2,2) width 144: "table table table table"
            RenderTableCell {th} at (152,2) size 148x24 [bgcolor=#000080] [border: (1px inset #808080)] [r=0 c=1 rs=1 cs=1]
              RenderText {#text} at (2,2) size 144x19
                text run at (2,2) width 144: "table table table table"
            RenderTableCell {th} at (302,2) size 148x24 [bgcolor=#000080] [border: (1px inset #808080)] [r=0 c=2 rs=1 cs=1]
              RenderText {#text} at (2,2) size 144x19
                text run at (2,2) width 144: "table table table table"
          RenderTableRow {tr} at (0,28) size 452x24
            RenderTableCell {th} at (2,28) size 148x24 [bgcolor=#000080] [border: (1px inset #808080)] [r=1 c=0 rs=1 cs=1]
              RenderText {#text} at (2,2) size 144x19
                text run at (2,2) width 144: "table table table table"
            RenderTableCell {th} at (152,28) size 148x24 [bgcolor=#000080] [border: (1px inset #808080)] [r=1 c=1 rs=1 cs=1]
              RenderText {#text} at (2,2) size 144x19
                text run at (2,2) width 144: "table table table table"
            RenderTableCell {th} at (302,28) size 148x24 [bgcolor=#000080] [border: (1px inset #808080)] [r=1 c=2 rs=1 cs=1]
              RenderText {#text} at (2,2) size 144x19
                text run at (2,2) width 144: "table table table table"
      RenderBlock {p} at (0,1404) size 769x20
        RenderText {#text} at (0,0) size 247x19
          text run at (0,0) width 247: "Blue table with a white body background"
      RenderTable {table} at (0,1440) size 454x56 [border: (1px outset #808080)]
        RenderTableSection (anonymous) at (1,1) size 452x54
          RenderTableRow {tr} at (0,2) size 452x24
            RenderTableCell {th} at (2,2) size 148x24 [bgcolor=#0000FF] [border: (1px inset #808080)] [r=0 c=0 rs=1 cs=1]
              RenderText {#text} at (2,2) size 144x19
                text run at (2,2) width 144: "table table table table"
            RenderTableCell {th} at (152,2) size 148x24 [bgcolor=#0000FF] [border: (1px inset #808080)] [r=0 c=1 rs=1 cs=1]
              RenderText {#text} at (2,2) size 144x19
                text run at (2,2) width 144: "table table table table"
            RenderTableCell {th} at (302,2) size 148x24 [bgcolor=#0000FF] [border: (1px inset #808080)] [r=0 c=2 rs=1 cs=1]
              RenderText {#text} at (2,2) size 144x19
                text run at (2,2) width 144: "table table table table"
          RenderTableRow {tr} at (0,28) size 452x24
            RenderTableCell {th} at (2,28) size 148x24 [bgcolor=#0000FF] [border: (1px inset #808080)] [r=1 c=0 rs=1 cs=1]
              RenderText {#text} at (2,2) size 144x19
                text run at (2,2) width 144: "table table table table"
            RenderTableCell {th} at (152,28) size 148x24 [bgcolor=#0000FF] [border: (1px inset #808080)] [r=1 c=1 rs=1 cs=1]
              RenderText {#text} at (2,2) size 144x19
                text run at (2,2) width 144: "table table table table"
            RenderTableCell {th} at (302,28) size 148x24 [bgcolor=#0000FF] [border: (1px inset #808080)] [r=1 c=2 rs=1 cs=1]
              RenderText {#text} at (2,2) size 144x19
                text run at (2,2) width 144: "table table table table"
      RenderBlock {p} at (0,1512) size 769x20
        RenderText {#text} at (0,0) size 246x19
          text run at (0,0) width 246: "Teal table with a white body background"
      RenderTable {table} at (0,1548) size 446x50
        RenderTableSection (anonymous) at (0,0) size 446x50
          RenderTableRow {tr} at (0,2) size 446x22
            RenderTableCell {th} at (2,2) size 146x22 [bgcolor=#008080] [r=0 c=0 rs=1 cs=1]
              RenderText {#text} at (1,1) size 144x19
                text run at (1,1) width 144: "table table table table"
            RenderTableCell {th} at (150,2) size 146x22 [bgcolor=#008080] [r=0 c=1 rs=1 cs=1]
              RenderText {#text} at (1,1) size 144x19
                text run at (1,1) width 144: "table table table table"
            RenderTableCell {th} at (298,2) size 146x22 [bgcolor=#008080] [r=0 c=2 rs=1 cs=1]
              RenderText {#text} at (1,1) size 144x19
                text run at (1,1) width 144: "table table table table"
          RenderTableRow {tr} at (0,26) size 446x22
            RenderTableCell {th} at (2,26) size 146x22 [bgcolor=#008080] [r=1 c=0 rs=1 cs=1]
              RenderText {#text} at (1,1) size 144x19
                text run at (1,1) width 144: "table table table table"
            RenderTableCell {th} at (150,26) size 146x22 [bgcolor=#008080] [r=1 c=1 rs=1 cs=1]
              RenderText {#text} at (1,1) size 144x19
                text run at (1,1) width 144: "table table table table"
            RenderTableCell {th} at (298,26) size 146x22 [bgcolor=#008080] [r=1 c=2 rs=1 cs=1]
              RenderText {#text} at (1,1) size 144x19
                text run at (1,1) width 144: "table table table table"
      RenderBlock {p} at (0,1614) size 769x20
        RenderText {#text} at (0,0) size 253x19
          text run at (0,0) width 253: "Aqua table with a white body background"
      RenderTable {table} at (0,1650) size 454x56 [border: (1px outset #808080)]
        RenderTableSection (anonymous) at (1,1) size 452x54
          RenderTableRow {tr} at (0,2) size 452x24
            RenderTableCell {th} at (2,2) size 148x24 [bgcolor=#00FFFF] [border: (1px inset #808080)] [r=0 c=0 rs=1 cs=1]
              RenderText {#text} at (2,2) size 144x19
                text run at (2,2) width 144: "table table table table"
            RenderTableCell {th} at (152,2) size 148x24 [bgcolor=#00FFFF] [border: (1px inset #808080)] [r=0 c=1 rs=1 cs=1]
              RenderText {#text} at (2,2) size 144x19
                text run at (2,2) width 144: "table table table table"
            RenderTableCell {th} at (302,2) size 148x24 [bgcolor=#00FFFF] [border: (1px inset #808080)] [r=0 c=2 rs=1 cs=1]
              RenderText {#text} at (2,2) size 144x19
                text run at (2,2) width 144: "table table table table"
          RenderTableRow {tr} at (0,28) size 452x24
            RenderTableCell {th} at (2,28) size 148x24 [bgcolor=#00FFFF] [border: (1px inset #808080)] [r=1 c=0 rs=1 cs=1]
              RenderText {#text} at (2,2) size 144x19
                text run at (2,2) width 144: "table table table table"
            RenderTableCell {th} at (152,28) size 148x24 [bgcolor=#00FFFF] [border: (1px inset #808080)] [r=1 c=1 rs=1 cs=1]
              RenderText {#text} at (2,2) size 144x19
                text run at (2,2) width 144: "table table table table"
            RenderTableCell {th} at (302,28) size 148x24 [bgcolor=#00FFFF] [border: (1px inset #808080)] [r=1 c=2 rs=1 cs=1]
              RenderText {#text} at (2,2) size 144x19
                text run at (2,2) width 144: "table table table table"
