layer at (0,0) size 800x600
  RenderView at (0,0) size 800x600
layer at (0,0) size 800x275
  RenderBlock {html} at (0,0) size 800x275
    RenderBody {body} at (8,16) size 784x251
      RenderBlock {p} at (0,0) size 784x20
        RenderText {#text} at (0,0) size 158x19
          text run at (0,0) width 158: "TH VALIGN=BOTTOM"
      RenderTable {table} at (0,36) size 784x215 [border: (1px outset #808080)]
        RenderTableSection (anonymous) at (1,1) size 782x213
          RenderTableRow {tr} at (0,2) size 782x209
            RenderTableCell {th} at (2,2) size 204x209 [border: (1px inset #808080)] [r=0 c=0 rs=1 cs=1]
              RenderImage {img} at (2,2) size 200x200
            RenderTableCell {th} at (208,147) size 572x64 [border: (1px inset #808080)] [r=0 c=1 rs=1 cs=1]
              RenderText {#text} at (10,2) size 558x59
                text run at (10,2) width 288: "The bottom of this text should be vertically "
                text run at (298,2) width 264: "aligned to the bottom of the image. x-fill"
                text run at (7,22) width 103: "x-fill x-fill x-fill "
                text run at (109,22) width 307: "x-fill x-fill x-fill x-fill x-fill x-fill x-fill x-fill x-fill "
                text run at (415,22) width 150: "x-fill x-fill x-fill x-fill x-"
                text run at (107,42) width 158: "fill x-fill x-fill x-fill x-fill "
                text run at (264,42) width 201: "x-fill x-fill x-fill x-fill x-fill x-fill"
