layer at (0,0) size 800x600
  RenderView at (0,0) size 800x600
layer at (0,0) size 800x424
  RenderBlock {HTML} at (0,0) size 800x424
    RenderBody {BODY} at (8,21) size 784x387
      RenderBlock {H1} at (0,0) size 784x37
        RenderText {#text} at (0,0) size 454x37
          text run at (0,0) width 454: "Minimum and Maximum Widths"
      RenderBlock {DIV} at (0,58) size 784x25 [border: (3px solid #800080)]
        RenderText {#text} at (3,3) size 33x18
          text run at (3,3) width 33: "This "
        RenderInline {CODE} at (0,0) size 24x15
          RenderText {#text} at (35,5) size 24x15
            text run at (35,5) width 24: "div"
        RenderText {#text} at (58,3) size 418x18
          text run at (58,3) width 418: " should have a medium solid purple border, as should all the rest."
      RenderBlock {DIV} at (0,82) size 320x61 [border: (3px solid #800080)]
        RenderText {#text} at (3,3) size 33x18
          text run at (3,3) width 33: "This "
        RenderInline {CODE} at (0,0) size 24x15
          RenderText {#text} at (35,5) size 24x15
            text run at (35,5) width 24: "div"
        RenderText {#text} at (58,3) size 302x36
          text run at (58,3) width 192: " should have a width of 40%. "
          text run at (249,3) width 56: "This is a"
          text run at (3,21) width 64: "reference "
        RenderInline {CODE} at (0,0) size 24x15
          RenderText {#text} at (66,23) size 24x15
            text run at (66,23) width 24: "div"
        RenderText {#text} at (89,21) size 183x18
          text run at (89,21) width 183: " and should work as long as "
        RenderInline {CODE} at (0,0) size 40x15
          RenderText {#text} at (271,23) size 40x15
            text run at (271,23) width 40: "width"
        RenderText {#text} at (3,39) size 44x18
          text run at (3,39) width 44: "works."
      RenderBlock {DIV} at (0,142) size 320x25 [border: (3px solid #800080)]
        RenderText {#text} at (3,3) size 33x18
          text run at (3,3) width 33: "This "
        RenderInline {CODE} at (0,0) size 24x15
          RenderText {#text} at (35,5) size 24x15
            text run at (35,5) width 24: "div"
        RenderText {#text} at (58,3) size 188x18
          text run at (58,3) width 188: " should have a width of 40%."
      RenderBlock {DIV} at (0,166) size 320x25 [border: (3px solid #800080)]
        RenderText {#text} at (3,3) size 33x18
          text run at (3,3) width 33: "This "
        RenderInline {CODE} at (0,0) size 24x15
          RenderText {#text} at (35,5) size 24x15
            text run at (35,5) width 24: "div"
        RenderText {#text} at (58,3) size 188x18
          text run at (58,3) width 188: " should have a width of 40%."
      RenderBlock {DIV} at (0,190) size 320x25 [border: (3px solid #800080)]
        RenderText {#text} at (3,3) size 33x18
          text run at (3,3) width 33: "This "
        RenderInline {CODE} at (0,0) size 24x15
          RenderText {#text} at (35,5) size 24x15
            text run at (35,5) width 24: "div"
        RenderText {#text} at (58,3) size 188x18
          text run at (58,3) width 188: " should have a width of 40%."
      RenderBlock {DIV} at (0,214) size 320x25 [border: (3px solid #800080)]
        RenderText {#text} at (3,3) size 33x18
          text run at (3,3) width 33: "This "
        RenderInline {CODE} at (0,0) size 24x15
          RenderText {#text} at (35,5) size 24x15
            text run at (35,5) width 24: "div"
        RenderText {#text} at (58,3) size 188x18
          text run at (58,3) width 188: " should have a width of 40%."
      RenderBlock {DIV} at (0,238) size 320x25 [border: (3px solid #800080)]
        RenderText {#text} at (3,3) size 33x18
          text run at (3,3) width 33: "This "
        RenderInline {CODE} at (0,0) size 24x15
          RenderText {#text} at (35,5) size 24x15
            text run at (35,5) width 24: "div"
        RenderText {#text} at (58,3) size 188x18
          text run at (58,3) width 188: " should have a width of 40%."
      RenderBlock {DIV} at (0,262) size 320x25 [border: (3px solid #800080)]
        RenderText {#text} at (3,3) size 33x18
          text run at (3,3) width 33: "This "
        RenderInline {CODE} at (0,0) size 24x15
          RenderText {#text} at (35,5) size 24x15
            text run at (35,5) width 24: "div"
        RenderText {#text} at (58,3) size 188x18
          text run at (58,3) width 188: " should have a width of 40%."
      RenderBlock {DIV} at (0,286) size 320x25 [border: (3px solid #800080)]
        RenderText {#text} at (3,3) size 33x18
          text run at (3,3) width 33: "This "
        RenderInline {CODE} at (0,0) size 24x15
          RenderText {#text} at (35,5) size 24x15
            text run at (35,5) width 24: "div"
        RenderText {#text} at (58,3) size 188x18
          text run at (58,3) width 188: " should have a width of 40%."
      RenderBlock {DIV} at (0,310) size 320x25 [border: (3px solid #800080)]
        RenderText {#text} at (3,3) size 33x18
          text run at (3,3) width 33: "This "
        RenderInline {CODE} at (0,0) size 24x15
          RenderText {#text} at (35,5) size 24x15
            text run at (35,5) width 24: "div"
        RenderText {#text} at (58,3) size 188x18
          text run at (58,3) width 188: " should have a width of 40%."
      RenderBlock {P} at (0,350) size 784x37
        RenderText {#text} at (0,0) size 204x18
          text run at (0,0) width 204: "If the browser does not support "
        RenderInline {CODE} at (0,0) size 71x15
          RenderText {#text} at (203,2) size 71x15
            text run at (203,2) width 71: "min-width"
        RenderText {#text} at (273,0) size 32x18
          text run at (273,0) width 32: " and "
        RenderInline {CODE} at (0,0) size 72x15
          RenderText {#text} at (304,2) size 72x15
            text run at (304,2) width 72: "max-width"
        RenderText {#text} at (375,0) size 176x18
          text run at (375,0) width 176: ", then the widths should be "
        RenderInline {CODE} at (0,0) size 32x15
          RenderText {#text} at (550,2) size 32x15
            text run at (550,2) width 32: "auto"
        RenderText {#text} at (581,0) size 9x18
          text run at (581,0) width 9: ", "
        RenderInline {CODE} at (0,0) size 25x15
          RenderText {#text} at (589,2) size 25x15
            text run at (589,2) width 25: "40%"
        RenderText {#text} at (613,0) size 9x18
          text run at (613,0) width 9: ", "
        RenderInline {CODE} at (0,0) size 24x15
          RenderText {#text} at (621,2) size 24x15
            text run at (621,2) width 24: "30%"
        RenderText {#text} at (644,0) size 9x18
          text run at (644,0) width 9: ", "
        RenderInline {CODE} at (0,0) size 24x15
          RenderText {#text} at (652,2) size 24x15
            text run at (652,2) width 24: "50%"
        RenderText {#text} at (675,0) size 9x18
          text run at (675,0) width 9: ", "
        RenderInline {CODE} at (0,0) size 25x15
          RenderText {#text} at (683,2) size 25x15
            text run at (683,2) width 25: "50%"
        RenderText {#text} at (707,0) size 9x18
          text run at (707,0) width 9: ", "
        RenderInline {CODE} at (0,0) size 24x15
          RenderText {#text} at (715,2) size 24x15
            text run at (715,2) width 24: "40%"
        RenderText {#text} at (738,0) size 9x18
          text run at (738,0) width 9: ", "
        RenderInline {CODE} at (0,0) size 25x15
          RenderText {#text} at (746,2) size 25x15
            text run at (746,2) width 25: "30%"
        RenderText {#text} at (770,0) size 5x18
          text run at (770,0) width 5: ","
        RenderInline {CODE} at (0,0) size 24x15
          RenderText {#text} at (0,20) size 24x15
            text run at (0,20) width 24: "40%"
        RenderText {#text} at (23,18) size 9x18
          text run at (23,18) width 9: ", "
        RenderInline {CODE} at (0,0) size 32x15
          RenderText {#text} at (31,20) size 32x15
            text run at (31,20) width 32: "auto"
        RenderText {#text} at (62,18) size 197x18
          text run at (62,18) width 197: " (with 70% margin-right), and "
        RenderInline {CODE} at (0,0) size 32x15
          RenderText {#text} at (258,20) size 32x15
            text run at (258,20) width 32: "auto"
        RenderText {#text} at (289,18) size 5x18
          text run at (289,18) width 5: "."
