layer at (0,0) size 785x7588
  RenderView at (0,0) size 785x600
layer at (0,0) size 785x7588
  RenderBlock {HTML} at (0,0) size 785x7588
    RenderBody {BODY} at (8,8) size 769x7572
      RenderBlock (anonymous) at (0,0) size 769x18
        RenderText {#text} at (0,0) size 452x18
          text run at (0,0) width 452: "This is a test of all the various HTML alignments using LTR direction."
      RenderBlock {DIV} at (0,18) size 769x226 [border: (4px solid #008000)]
        RenderBlock {DIV} at (6,6) size 757x26 [border: (2px solid #0000FF)]
          RenderText {#text} at (4,4) size 190x18
            text run at (4,4) width 190: "Normal div inside normal div"
        RenderBlock {DIV} at (6,32) size 757x26 [border: (2px solid #0000FF)]
          RenderText {#text} at (4,4) size 168x18
            text run at (4,4) width 168: "Left div inside normal div"
        RenderBlock {DIV} at (6,58) size 757x26 [border: (2px solid #0000FF)]
          RenderText {#text} at (286,4) size 185x18
            text run at (286,4) width 185: "Center div inside normal div"
        RenderBlock {DIV} at (6,84) size 757x26 [border: (2px solid #0000FF)]
          RenderText {#text} at (577,4) size 176x18
            text run at (577,4) width 176: "Right div inside normal div"
        RenderBlock {CENTER} at (6,110) size 757x26 [border: (2px solid #0000FF)]
          RenderText {#text} at (287,4) size 183x18
            text run at (287,4) width 183: "Center tag inside normal div"
        RenderTable {TABLE} at (6,136) size 98x28 [border: (2px solid #0000FF)]
          RenderTableSection {TBODY} at (2,2) size 94x24
            RenderTableRow {TR} at (0,2) size 94x20
              RenderTableCell {TD} at (2,2) size 90x20 [r=0 c=0 rs=1 cs=1]
                RenderText {#text} at (1,1) size 88x18
                  text run at (1,1) width 88: "Normal table."
        RenderTable {TABLE} at (313,164) size 143x28 [border: (2px solid #0000FF)]
          RenderTableSection {TBODY} at (2,2) size 139x24
            RenderTableRow {TR} at (0,2) size 139x20
              RenderTableCell {TD} at (2,2) size 135x20 [r=0 c=0 rs=1 cs=1]
                RenderText {#text} at (1,1) size 133x18
                  text run at (1,1) width 133: "Center aligned table."
        RenderTable {TABLE} at (8,192) size 194x28 [border: (2px solid #0000FF)]
          RenderTableSection {TBODY} at (2,2) size 190x24
            RenderTableRow {TR} at (0,2) size 190x20
              RenderTableCell {TD} at (2,2) size 186x20 [r=0 c=0 rs=1 cs=1]
                RenderText {#text} at (1,1) size 184x18
                  text run at (1,1) width 184: "Center table (fixed margins)."
      RenderBlock {DIV} at (0,244) size 769x226 [border: (4px solid #800080)]
        RenderBlock {DIV} at (6,6) size 408x26 [border: (2px solid #0000FF)]
          RenderText {#text} at (4,4) size 266x18
            text run at (4,4) width 266: "Normal fixed width div inside normal div"
        RenderBlock {DIV} at (6,32) size 408x26 [border: (2px solid #0000FF)]
          RenderText {#text} at (4,4) size 244x18
            text run at (4,4) width 244: "Left fixed width div inside normal div"
        RenderBlock {DIV} at (6,58) size 408x26 [border: (2px solid #0000FF)]
          RenderText {#text} at (74,4) size 260x18
            text run at (74,4) width 260: "Center fixed width div inside normal div"
        RenderBlock {DIV} at (6,84) size 408x26 [border: (2px solid #0000FF)]
          RenderText {#text} at (151,4) size 253x18
            text run at (151,4) width 253: "Right fixed width div inside normal div"
        RenderBlock {CENTER} at (6,110) size 408x26 [border: (2px solid #0000FF)]
          RenderText {#text} at (69,4) size 270x18
            text run at (69,4) width 270: "Center tag (fixed width) inside normal div"
        RenderTable {TABLE} at (6,136) size 400x28 [border: (2px solid #0000FF)]
          RenderTableSection {TBODY} at (2,2) size 396x24
            RenderTableRow {TR} at (0,2) size 396x20
              RenderTableCell {TD} at (2,2) size 392x20 [r=0 c=0 rs=1 cs=1]
                RenderText {#text} at (1,1) size 88x18
                  text run at (1,1) width 88: "Normal table."
        RenderTable {TABLE} at (184,164) size 401x28 [border: (2px solid #0000FF)]
          RenderTableSection {TBODY} at (2,2) size 396x24
            RenderTableRow {TR} at (0,2) size 396x20
              RenderTableCell {TD} at (2,2) size 392x20 [r=0 c=0 rs=1 cs=1]
                RenderText {#text} at (1,1) size 133x18
                  text run at (1,1) width 133: "Center aligned table."
        RenderTable {TABLE} at (8,192) size 400x28 [border: (2px solid #0000FF)]
          RenderTableSection {TBODY} at (2,2) size 396x24
            RenderTableRow {TR} at (0,2) size 396x20
              RenderTableCell {TD} at (2,2) size 392x20 [r=0 c=0 rs=1 cs=1]
                RenderText {#text} at (1,1) size 184x18
                  text run at (1,1) width 184: "Center table (fixed margins)."
      RenderBlock {DIV} at (0,470) size 769x226 [border: (4px solid #008000)]
        RenderBlock {DIV} at (6,6) size 757x26 [border: (2px solid #0000FF)]
          RenderText {#text} at (4,4) size 207x18
            text run at (4,4) width 207: "Normal div inside align=left div"
        RenderBlock {DIV} at (6,32) size 757x26 [border: (2px solid #0000FF)]
          RenderText {#text} at (4,4) size 185x18
            text run at (4,4) width 185: "Left div inside align=left div"
        RenderBlock {DIV} at (6,58) size 757x26 [border: (2px solid #0000FF)]
          RenderText {#text} at (278,4) size 201x18
            text run at (278,4) width 201: "Center div inside align=left div"
        RenderBlock {DIV} at (6,84) size 757x26 [border: (2px solid #0000FF)]
          RenderText {#text} at (559,4) size 194x18
            text run at (559,4) width 194: "Right div inside align=left div"
        RenderBlock {CENTER} at (6,110) size 757x26 [border: (2px solid #0000FF)]
          RenderText {#text} at (278,4) size 201x18
            text run at (278,4) width 201: "Center tag inside align=left div"
        RenderTable {TABLE} at (6,136) size 98x28 [border: (2px solid #0000FF)]
          RenderTableSection {TBODY} at (2,2) size 94x24
            RenderTableRow {TR} at (0,2) size 94x20
              RenderTableCell {TD} at (2,2) size 90x20 [r=0 c=0 rs=1 cs=1]
                RenderText {#text} at (1,1) size 88x18
                  text run at (1,1) width 88: "Normal table."
        RenderTable {TABLE} at (313,164) size 143x28 [border: (2px solid #0000FF)]
          RenderTableSection {TBODY} at (2,2) size 139x24
            RenderTableRow {TR} at (0,2) size 139x20
              RenderTableCell {TD} at (2,2) size 135x20 [r=0 c=0 rs=1 cs=1]
                RenderText {#text} at (1,1) size 133x18
                  text run at (1,1) width 133: "Center aligned table."
        RenderTable {TABLE} at (8,192) size 194x28 [border: (2px solid #0000FF)]
          RenderTableSection {TBODY} at (2,2) size 190x24
            RenderTableRow {TR} at (0,2) size 190x20
              RenderTableCell {TD} at (2,2) size 186x20 [r=0 c=0 rs=1 cs=1]
                RenderText {#text} at (1,1) size 184x18
                  text run at (1,1) width 184: "Center table (fixed margins)."
      RenderBlock {DIV} at (0,696) size 769x226 [border: (4px solid #800080)]
        RenderBlock {DIV} at (6,6) size 408x26 [border: (2px solid #0000FF)]
          RenderText {#text} at (4,4) size 283x18
            text run at (4,4) width 283: "Normal fixed width div inside align=left div"
        RenderBlock {DIV} at (6,32) size 408x26 [border: (2px solid #0000FF)]
          RenderText {#text} at (4,4) size 261x18
            text run at (4,4) width 261: "Left fixed width div inside align=left div"
        RenderBlock {DIV} at (6,58) size 408x26 [border: (2px solid #0000FF)]
          RenderText {#text} at (65,4) size 278x18
            text run at (65,4) width 278: "Center fixed width div inside align=left div"
        RenderBlock {DIV} at (6,84) size 408x26 [border: (2px solid #0000FF)]
          RenderText {#text} at (134,4) size 270x18
            text run at (134,4) width 270: "Right fixed width div inside align=left div"
        RenderBlock {CENTER} at (6,110) size 408x26 [border: (2px solid #0000FF)]
          RenderText {#text} at (60,4) size 288x18
            text run at (60,4) width 288: "Center tag (fixed width) inside align=left div"
        RenderTable {TABLE} at (6,136) size 400x28 [border: (2px solid #0000FF)]
          RenderTableSection {TBODY} at (2,2) size 396x24
            RenderTableRow {TR} at (0,2) size 396x20
              RenderTableCell {TD} at (2,2) size 392x20 [r=0 c=0 rs=1 cs=1]
                RenderText {#text} at (1,1) size 88x18
                  text run at (1,1) width 88: "Normal table."
        RenderTable {TABLE} at (184,164) size 401x28 [border: (2px solid #0000FF)]
          RenderTableSection {TBODY} at (2,2) size 396x24
            RenderTableRow {TR} at (0,2) size 396x20
              RenderTableCell {TD} at (2,2) size 392x20 [r=0 c=0 rs=1 cs=1]
                RenderText {#text} at (1,1) size 133x18
                  text run at (1,1) width 133: "Center aligned table."
        RenderTable {TABLE} at (8,192) size 400x28 [border: (2px solid #0000FF)]
          RenderTableSection {TBODY} at (2,2) size 396x24
            RenderTableRow {TR} at (0,2) size 396x20
              RenderTableCell {TD} at (2,2) size 392x20 [r=0 c=0 rs=1 cs=1]
                RenderText {#text} at (1,1) size 184x18
                  text run at (1,1) width 184: "Center table (fixed margins)."
      RenderBlock {DIV} at (0,922) size 769x226 [border: (4px solid #008000)]
        RenderBlock {DIV} at (6,6) size 757x26 [border: (2px solid #0000FF)]
          RenderText {#text} at (264,4) size 229x18
            text run at (264,4) width 229: "Normal div inside align= center div"
        RenderBlock {DIV} at (6,32) size 757x26 [border: (2px solid #0000FF)]
          RenderText {#text} at (4,4) size 202x18
            text run at (4,4) width 202: "Left div inside align=center div"
        RenderBlock {DIV} at (6,58) size 757x26 [border: (2px solid #0000FF)]
          RenderText {#text} at (269,4) size 219x18
            text run at (269,4) width 219: "Center div inside align=center div"
        RenderBlock {DIV} at (6,84) size 757x26 [border: (2px solid #0000FF)]
          RenderText {#text} at (542,4) size 211x18
            text run at (542,4) width 211: "Right div inside align=center div"
        RenderBlock {CENTER} at (6,110) size 757x26 [border: (2px solid #0000FF)]
          RenderText {#text} at (270,4) size 217x18
            text run at (270,4) width 217: "Center tag inside align=center div"
        RenderTable {TABLE} at (335,136) size 99x28 [border: (2px solid #0000FF)]
          RenderTableSection {TBODY} at (2,2) size 94x24
            RenderTableRow {TR} at (0,2) size 94x20
              RenderTableCell {TD} at (2,2) size 90x20 [r=0 c=0 rs=1 cs=1]
                RenderText {#text} at (1,1) size 88x18
                  text run at (1,1) width 88: "Normal table."
        RenderTable {TABLE} at (313,164) size 143x28 [border: (2px solid #0000FF)]
          RenderTableSection {TBODY} at (2,2) size 139x24
            RenderTableRow {TR} at (0,2) size 139x20
              RenderTableCell {TD} at (2,2) size 135x20 [r=0 c=0 rs=1 cs=1]
                RenderText {#text} at (1,1) size 133x18
                  text run at (1,1) width 133: "Center aligned table."
        RenderTable {TABLE} at (287,192) size 195x28 [border: (2px solid #0000FF)]
          RenderTableSection {TBODY} at (2,2) size 190x24
            RenderTableRow {TR} at (0,2) size 190x20
              RenderTableCell {TD} at (2,2) size 186x20 [r=0 c=0 rs=1 cs=1]
                RenderText {#text} at (1,1) size 184x18
                  text run at (1,1) width 184: "Center table (fixed margins)."
      RenderBlock {DIV} at (0,1148) size 769x314 [border: (4px solid #800080)]
        RenderBlock {DIV} at (180,6) size 409x26 [border: (2px solid #0000FF)]
          RenderText {#text} at (53,4) size 302x18
            text run at (53,4) width 302: "Normal fixed width div inside align=center div"
        RenderBlock {DIV} at (355,32) size 408x44 [border: (2px solid #0000FF)]
          RenderText {#text} at (7,4) size 394x36
            text run at (7,4) width 394: "Normal fixed width div (auto left margin) inside align=center"
            text run at (193,22) width 22: "div"
        RenderBlock {DIV} at (6,76) size 408x44 [border: (2px solid #0000FF)]
          RenderText {#text} at (45,4) size 318x36
            text run at (45,4) width 318: "Normal fixed width div (auto right margin) inside"
            text run at (151,22) width 106: "align=center div"
        RenderBlock {DIV} at (180,120) size 409x26 [border: (2px solid #0000FF)]
          RenderText {#text} at (4,4) size 279x18
            text run at (4,4) width 279: "Left fixed width div inside align=center div"
        RenderBlock {DIV} at (180,146) size 409x26 [border: (2px solid #0000FF)]
          RenderText {#text} at (56,4) size 296x18
            text run at (56,4) width 296: "Center fixed width div inside align=center div"
        RenderBlock {DIV} at (180,172) size 409x26 [border: (2px solid #0000FF)]
          RenderText {#text} at (116,4) size 288x18
            text run at (116,4) width 288: "Right fixed width div inside align=center div"
        RenderBlock {CENTER} at (180,198) size 409x26 [border: (2px solid #0000FF)]
          RenderText {#text} at (51,4) size 306x18
            text run at (51,4) width 306: "Center tag (fixed width) inside align=center div"
        RenderTable {TABLE} at (184,224) size 401x28 [border: (2px solid #0000FF)]
          RenderTableSection {TBODY} at (2,2) size 396x24
            RenderTableRow {TR} at (0,2) size 396x20
              RenderTableCell {TD} at (2,2) size 392x20 [r=0 c=0 rs=1 cs=1]
                RenderText {#text} at (1,1) size 88x18
                  text run at (1,1) width 88: "Normal table."
        RenderTable {TABLE} at (184,252) size 401x28 [border: (2px solid #0000FF)]
          RenderTableSection {TBODY} at (2,2) size 396x24
            RenderTableRow {TR} at (0,2) size 396x20
              RenderTableCell {TD} at (2,2) size 392x20 [r=0 c=0 rs=1 cs=1]
                RenderText {#text} at (1,1) size 133x18
                  text run at (1,1) width 133: "Center aligned table."
        RenderTable {TABLE} at (184,280) size 401x28 [border: (2px solid #0000FF)]
          RenderTableSection {TBODY} at (2,2) size 396x24
            RenderTableRow {TR} at (0,2) size 396x20
              RenderTableCell {TD} at (2,2) size 392x20 [r=0 c=0 rs=1 cs=1]
                RenderText {#text} at (1,1) size 184x18
                  text run at (1,1) width 184: "Center table (fixed margins)."
      RenderBlock {DIV} at (0,1462) size 769x226 [border: (4px solid #008000)]
        RenderBlock {DIV} at (6,6) size 757x26 [border: (2px solid #0000FF)]
          RenderText {#text} at (537,4) size 216x18
            text run at (537,4) width 216: "Normal div inside align=right div"
        RenderBlock {DIV} at (6,32) size 757x26 [border: (2px solid #0000FF)]
          RenderText {#text} at (4,4) size 193x18
            text run at (4,4) width 193: "Left div inside align=right div"
        RenderBlock {DIV} at (6,58) size 757x26 [border: (2px solid #0000FF)]
          RenderText {#text} at (274,4) size 209x18
            text run at (274,4) width 209: "Center div inside align=right div"
        RenderBlock {DIV} at (6,84) size 757x26 [border: (2px solid #0000FF)]
          RenderText {#text} at (551,4) size 202x18
            text run at (551,4) width 202: "Right div inside align=right div"
        RenderBlock {CENTER} at (6,110) size 757x26 [border: (2px solid #0000FF)]
          RenderText {#text} at (274,4) size 209x18
            text run at (274,4) width 209: "Center tag inside align=right div"
        RenderTable {TABLE} at (665,136) size 98x28 [border: (2px solid #0000FF)]
          RenderTableSection {TBODY} at (2,2) size 94x24
            RenderTableRow {TR} at (0,2) size 94x20
              RenderTableCell {TD} at (2,2) size 90x20 [r=0 c=0 rs=1 cs=1]
                RenderText {#text} at (1,1) size 88x18
                  text run at (1,1) width 88: "Normal table."
        RenderTable {TABLE} at (313,164) size 143x28 [border: (2px solid #0000FF)]
          RenderTableSection {TBODY} at (2,2) size 139x24
            RenderTableRow {TR} at (0,2) size 139x20
              RenderTableCell {TD} at (2,2) size 135x20 [r=0 c=0 rs=1 cs=1]
                RenderText {#text} at (1,1) size 133x18
                  text run at (1,1) width 133: "Center aligned table."
        RenderTable {TABLE} at (567,192) size 194x28 [border: (2px solid #0000FF)]
          RenderTableSection {TBODY} at (2,2) size 190x24
            RenderTableRow {TR} at (0,2) size 190x20
              RenderTableCell {TD} at (2,2) size 186x20 [r=0 c=0 rs=1 cs=1]
                RenderText {#text} at (1,1) size 184x18
                  text run at (1,1) width 184: "Center table (fixed margins)."
      RenderBlock {DIV} at (0,1688) size 769x226 [border: (4px solid #800080)]
        RenderBlock {DIV} at (355,6) size 408x26 [border: (2px solid #0000FF)]
          RenderText {#text} at (112,4) size 292x18
            text run at (112,4) width 292: "Normal fixed width div inside align=right div"
        RenderBlock {DIV} at (355,32) size 408x26 [border: (2px solid #0000FF)]
          RenderText {#text} at (4,4) size 270x18
            text run at (4,4) width 270: "Left fixed width div inside align=right div"
        RenderBlock {DIV} at (355,58) size 408x26 [border: (2px solid #0000FF)]
          RenderText {#text} at (61,4) size 286x18
            text run at (61,4) width 286: "Center fixed width div inside align=right div"
        RenderBlock {DIV} at (355,84) size 408x26 [border: (2px solid #0000FF)]
          RenderText {#text} at (125,4) size 279x18
            text run at (125,4) width 279: "Right fixed width div inside align=right div"
        RenderBlock {CENTER} at (355,110) size 408x26 [border: (2px solid #0000FF)]
          RenderText {#text} at (56,4) size 296x18
            text run at (56,4) width 296: "Center tag (fixed width) inside align=right div"
        RenderTable {TABLE} at (363,136) size 400x28 [border: (2px solid #0000FF)]
          RenderTableSection {TBODY} at (2,2) size 396x24
            RenderTableRow {TR} at (0,2) size 396x20
              RenderTableCell {TD} at (2,2) size 392x20 [r=0 c=0 rs=1 cs=1]
                RenderText {#text} at (1,1) size 88x18
                  text run at (1,1) width 88: "Normal table."
        RenderTable {TABLE} at (184,164) size 401x28 [border: (2px solid #0000FF)]
          RenderTableSection {TBODY} at (2,2) size 396x24
            RenderTableRow {TR} at (0,2) size 396x20
              RenderTableCell {TD} at (2,2) size 392x20 [r=0 c=0 rs=1 cs=1]
                RenderText {#text} at (1,1) size 133x18
                  text run at (1,1) width 133: "Center aligned table."
        RenderTable {TABLE} at (361,192) size 400x28 [border: (2px solid #0000FF)]
          RenderTableSection {TBODY} at (2,2) size 396x24
            RenderTableRow {TR} at (0,2) size 396x20
              RenderTableCell {TD} at (2,2) size 392x20 [r=0 c=0 rs=1 cs=1]
                RenderText {#text} at (1,1) size 184x18
                  text run at (1,1) width 184: "Center table (fixed margins)."
      RenderBlock {P} at (0,1930) size 769x18
        RenderText {#text} at (0,0) size 375x18
          text run at (0,0) width 375: "This is a test using TABLE cells (all in the LTR direction)."
      RenderTable {TABLE} at (0,1964) size 769x232 [border: (2px solid #0000FF)]
        RenderTableSection {TBODY} at (2,2) size 765x228
          RenderTableRow {TR} at (0,2) size 765x224
            RenderTableCell {TD} at (2,2) size 761x224 [border: (4px solid #008000)] [r=0 c=0 rs=1 cs=1]
              RenderBlock {DIV} at (5,5) size 751x26 [border: (2px solid #0000FF)]
                RenderText {#text} at (4,4) size 182x18
                  text run at (4,4) width 182: "Normal div inside normal td"
              RenderBlock {DIV} at (5,31) size 751x26 [border: (2px solid #0000FF)]
                RenderText {#text} at (4,4) size 160x18
                  text run at (4,4) width 160: "Left div inside normal td"
              RenderBlock {DIV} at (5,57) size 751x26 [border: (2px solid #0000FF)]
                RenderText {#text} at (287,4) size 177x18
                  text run at (287,4) width 177: "Center div inside normal td"
              RenderBlock {DIV} at (5,83) size 751x26 [border: (2px solid #0000FF)]
                RenderText {#text} at (579,4) size 168x18
                  text run at (579,4) width 168: "Right div inside normal td"
              RenderBlock {CENTER} at (5,109) size 751x26 [border: (2px solid #0000FF)]
                RenderText {#text} at (288,4) size 175x18
                  text run at (288,4) width 175: "Center tag inside normal td"
              RenderTable {TABLE} at (5,135) size 98x28 [border: (2px solid #0000FF)]
                RenderTableSection {TBODY} at (2,2) size 94x24
                  RenderTableRow {TR} at (0,2) size 94x20
                    RenderTableCell {TD} at (2,2) size 90x20 [r=0 c=0 rs=1 cs=1]
                      RenderText {#text} at (1,1) size 88x18
                        text run at (1,1) width 88: "Normal table."
              RenderTable {TABLE} at (309,163) size 143x28 [border: (2px solid #0000FF)]
                RenderTableSection {TBODY} at (2,2) size 139x24
                  RenderTableRow {TR} at (0,2) size 139x20
                    RenderTableCell {TD} at (2,2) size 135x20 [r=0 c=0 rs=1 cs=1]
                      RenderText {#text} at (1,1) size 133x18
                        text run at (1,1) width 133: "Center aligned table."
              RenderTable {TABLE} at (7,191) size 194x28 [border: (2px solid #0000FF)]
                RenderTableSection {TBODY} at (2,2) size 190x24
                  RenderTableRow {TR} at (0,2) size 190x20
                    RenderTableCell {TD} at (2,2) size 186x20 [r=0 c=0 rs=1 cs=1]
                      RenderText {#text} at (1,1) size 184x18
                        text run at (1,1) width 184: "Center table (fixed margins)."
      RenderTable {TABLE} at (0,2196) size 769x232 [border: (2px solid #0000FF)]
        RenderTableSection {TBODY} at (2,2) size 765x228
          RenderTableRow {TR} at (0,2) size 765x224
            RenderTableCell {TD} at (2,2) size 761x224 [border: (4px solid #800080)] [r=0 c=0 rs=1 cs=1]
              RenderBlock {DIV} at (5,5) size 408x26 [border: (2px solid #0000FF)]
                RenderText {#text} at (4,4) size 258x18
                  text run at (4,4) width 258: "Normal fixed width div inside normal td"
              RenderBlock {DIV} at (5,31) size 408x26 [border: (2px solid #0000FF)]
                RenderText {#text} at (4,4) size 236x18
                  text run at (4,4) width 236: "Left fixed width div inside normal td"
              RenderBlock {DIV} at (5,57) size 408x26 [border: (2px solid #0000FF)]
                RenderText {#text} at (78,4) size 252x18
                  text run at (78,4) width 252: "Center fixed width div inside normal td"
              RenderBlock {DIV} at (5,83) size 408x26 [border: (2px solid #0000FF)]
                RenderText {#text} at (159,4) size 245x18
                  text run at (159,4) width 245: "Right fixed width div inside normal td"
              RenderBlock {CENTER} at (5,109) size 408x26 [border: (2px solid #0000FF)]
                RenderText {#text} at (73,4) size 262x18
                  text run at (73,4) width 262: "Center tag (fixed width) inside normal td"
              RenderTable {TABLE} at (5,135) size 400x28 [border: (2px solid #0000FF)]
                RenderTableSection {TBODY} at (2,2) size 396x24
                  RenderTableRow {TR} at (0,2) size 396x20
                    RenderTableCell {TD} at (2,2) size 392x20 [r=0 c=0 rs=1 cs=1]
                      RenderText {#text} at (1,1) size 88x18
                        text run at (1,1) width 88: "Normal table."
              RenderTable {TABLE} at (180,163) size 401x28 [border: (2px solid #0000FF)]
                RenderTableSection {TBODY} at (2,2) size 396x24
                  RenderTableRow {TR} at (0,2) size 396x20
                    RenderTableCell {TD} at (2,2) size 392x20 [r=0 c=0 rs=1 cs=1]
                      RenderText {#text} at (1,1) size 133x18
                        text run at (1,1) width 133: "Center aligned table."
              RenderTable {TABLE} at (7,191) size 400x28 [border: (2px solid #0000FF)]
                RenderTableSection {TBODY} at (2,2) size 396x24
                  RenderTableRow {TR} at (0,2) size 396x20
                    RenderTableCell {TD} at (2,2) size 392x20 [r=0 c=0 rs=1 cs=1]
                      RenderText {#text} at (1,1) size 184x18
                        text run at (1,1) width 184: "Center table (fixed margins)."
      RenderTable {TABLE} at (0,2428) size 769x232 [border: (2px solid #0000FF)]
        RenderTableSection {TBODY} at (2,2) size 765x228
          RenderTableRow {TR} at (0,2) size 765x224
            RenderTableCell {TD} at (2,2) size 761x224 [border: (4px solid #008000)] [r=0 c=0 rs=1 cs=1]
              RenderBlock {DIV} at (5,5) size 751x26 [border: (2px solid #0000FF)]
                RenderText {#text} at (4,4) size 199x18
                  text run at (4,4) width 199: "Normal div inside align=left td"
              RenderBlock {DIV} at (5,31) size 751x26 [border: (2px solid #0000FF)]
                RenderText {#text} at (4,4) size 177x18
                  text run at (4,4) width 177: "Left div inside align=left td"
              RenderBlock {DIV} at (5,57) size 751x26 [border: (2px solid #0000FF)]
                RenderText {#text} at (279,4) size 193x18
                  text run at (279,4) width 193: "Center div inside align=left td"
              RenderBlock {DIV} at (5,83) size 751x26 [border: (2px solid #0000FF)]
                RenderText {#text} at (561,4) size 186x18
                  text run at (561,4) width 186: "Right div inside align=left td"
              RenderBlock {CENTER} at (5,109) size 751x26 [border: (2px solid #0000FF)]
                RenderText {#text} at (279,4) size 193x18
                  text run at (279,4) width 193: "Center tag inside align=left td"
              RenderTable {TABLE} at (5,135) size 98x28 [border: (2px solid #0000FF)]
                RenderTableSection {TBODY} at (2,2) size 94x24
                  RenderTableRow {TR} at (0,2) size 94x20
                    RenderTableCell {TD} at (2,2) size 90x20 [r=0 c=0 rs=1 cs=1]
                      RenderText {#text} at (1,1) size 88x18
                        text run at (1,1) width 88: "Normal table."
              RenderTable {TABLE} at (309,163) size 143x28 [border: (2px solid #0000FF)]
                RenderTableSection {TBODY} at (2,2) size 139x24
                  RenderTableRow {TR} at (0,2) size 139x20
                    RenderTableCell {TD} at (2,2) size 135x20 [r=0 c=0 rs=1 cs=1]
                      RenderText {#text} at (1,1) size 133x18
                        text run at (1,1) width 133: "Center aligned table."
              RenderTable {TABLE} at (7,191) size 194x28 [border: (2px solid #0000FF)]
                RenderTableSection {TBODY} at (2,2) size 190x24
                  RenderTableRow {TR} at (0,2) size 190x20
                    RenderTableCell {TD} at (2,2) size 186x20 [r=0 c=0 rs=1 cs=1]
                      RenderText {#text} at (1,1) size 184x18
                        text run at (1,1) width 184: "Center table (fixed margins)."
      RenderTable {TABLE} at (0,2660) size 769x232 [border: (2px solid #0000FF)]
        RenderTableSection {TBODY} at (2,2) size 765x228
          RenderTableRow {TR} at (0,2) size 765x224
            RenderTableCell {TD} at (2,2) size 761x224 [border: (4px solid #800080)] [r=0 c=0 rs=1 cs=1]
              RenderBlock {DIV} at (5,5) size 408x26 [border: (2px solid #0000FF)]
                RenderText {#text} at (4,4) size 275x18
                  text run at (4,4) width 275: "Normal fixed width div inside align=left td"
              RenderBlock {DIV} at (5,31) size 408x26 [border: (2px solid #0000FF)]
                RenderText {#text} at (4,4) size 253x18
                  text run at (4,4) width 253: "Left fixed width div inside align=left td"
              RenderBlock {DIV} at (5,57) size 408x26 [border: (2px solid #0000FF)]
                RenderText {#text} at (69,4) size 270x18
                  text run at (69,4) width 270: "Center fixed width div inside align=left td"
              RenderBlock {DIV} at (5,83) size 408x26 [border: (2px solid #0000FF)]
                RenderText {#text} at (142,4) size 262x18
                  text run at (142,4) width 262: "Right fixed width div inside align=left td"
              RenderBlock {CENTER} at (5,109) size 408x26 [border: (2px solid #0000FF)]
                RenderText {#text} at (64,4) size 280x18
                  text run at (64,4) width 280: "Center tag (fixed width) inside align=left td"
              RenderTable {TABLE} at (5,135) size 400x28 [border: (2px solid #0000FF)]
                RenderTableSection {TBODY} at (2,2) size 396x24
                  RenderTableRow {TR} at (0,2) size 396x20
                    RenderTableCell {TD} at (2,2) size 392x20 [r=0 c=0 rs=1 cs=1]
                      RenderText {#text} at (1,1) size 88x18
                        text run at (1,1) width 88: "Normal table."
              RenderTable {TABLE} at (180,163) size 401x28 [border: (2px solid #0000FF)]
                RenderTableSection {TBODY} at (2,2) size 396x24
                  RenderTableRow {TR} at (0,2) size 396x20
                    RenderTableCell {TD} at (2,2) size 392x20 [r=0 c=0 rs=1 cs=1]
                      RenderText {#text} at (1,1) size 133x18
                        text run at (1,1) width 133: "Center aligned table."
              RenderTable {TABLE} at (7,191) size 400x28 [border: (2px solid #0000FF)]
                RenderTableSection {TBODY} at (2,2) size 396x24
                  RenderTableRow {TR} at (0,2) size 396x20
                    RenderTableCell {TD} at (2,2) size 392x20 [r=0 c=0 rs=1 cs=1]
                      RenderText {#text} at (1,1) size 184x18
                        text run at (1,1) width 184: "Center table (fixed margins)."
      RenderTable {TABLE} at (0,2892) size 769x232 [border: (2px solid #0000FF)]
        RenderTableSection {TBODY} at (2,2) size 765x228
          RenderTableRow {TR} at (0,2) size 765x224
            RenderTableCell {TD} at (2,2) size 761x224 [border: (4px solid #008000)] [r=0 c=0 rs=1 cs=1]
              RenderBlock {DIV} at (5,5) size 751x26 [border: (2px solid #0000FF)]
                RenderText {#text} at (265,4) size 221x18
                  text run at (265,4) width 221: "Normal div inside align= center td"
              RenderBlock {DIV} at (5,31) size 751x26 [border: (2px solid #0000FF)]
                RenderText {#text} at (4,4) size 194x18
                  text run at (4,4) width 194: "Left div inside align=center td"
              RenderBlock {DIV} at (5,57) size 751x26 [border: (2px solid #0000FF)]
                RenderText {#text} at (270,4) size 211x18
                  text run at (270,4) width 211: "Center div inside align=center td"
              RenderBlock {DIV} at (5,83) size 751x26 [border: (2px solid #0000FF)]
                RenderText {#text} at (544,4) size 203x18
                  text run at (544,4) width 203: "Right div inside align=center td"
              RenderBlock {CENTER} at (5,109) size 751x26 [border: (2px solid #0000FF)]
                RenderText {#text} at (271,4) size 209x18
                  text run at (271,4) width 209: "Center tag inside align=center td"
              RenderTable {TABLE} at (331,135) size 99x28 [border: (2px solid #0000FF)]
                RenderTableSection {TBODY} at (2,2) size 94x24
                  RenderTableRow {TR} at (0,2) size 94x20
                    RenderTableCell {TD} at (2,2) size 90x20 [r=0 c=0 rs=1 cs=1]
                      RenderText {#text} at (1,1) size 88x18
                        text run at (1,1) width 88: "Normal table."
              RenderTable {TABLE} at (309,163) size 143x28 [border: (2px solid #0000FF)]
                RenderTableSection {TBODY} at (2,2) size 139x24
                  RenderTableRow {TR} at (0,2) size 139x20
                    RenderTableCell {TD} at (2,2) size 135x20 [r=0 c=0 rs=1 cs=1]
                      RenderText {#text} at (1,1) size 133x18
                        text run at (1,1) width 133: "Center aligned table."
              RenderTable {TABLE} at (283,191) size 195x28 [border: (2px solid #0000FF)]
                RenderTableSection {TBODY} at (2,2) size 190x24
                  RenderTableRow {TR} at (0,2) size 190x20
                    RenderTableCell {TD} at (2,2) size 186x20 [r=0 c=0 rs=1 cs=1]
                      RenderText {#text} at (1,1) size 184x18
                        text run at (1,1) width 184: "Center table (fixed margins)."
      RenderTable {TABLE} at (0,3124) size 769x232 [border: (2px solid #0000FF)]
        RenderTableSection {TBODY} at (2,2) size 765x228
          RenderTableRow {TR} at (0,2) size 765x224
            RenderTableCell {TD} at (2,2) size 761x224 [border: (4px solid #800080)] [r=0 c=0 rs=1 cs=1]
              RenderBlock {DIV} at (176,5) size 409x26 [border: (2px solid #0000FF)]
                RenderText {#text} at (57,4) size 294x18
                  text run at (57,4) width 294: "Normal fixed width div inside align=center td"
              RenderBlock {DIV} at (176,31) size 409x26 [border: (2px solid #0000FF)]
                RenderText {#text} at (4,4) size 271x18
                  text run at (4,4) width 271: "Left fixed width div inside align=center td"
              RenderBlock {DIV} at (176,57) size 409x26 [border: (2px solid #0000FF)]
                RenderText {#text} at (60,4) size 288x18
                  text run at (60,4) width 288: "Center fixed width div inside align=center td"
              RenderBlock {DIV} at (176,83) size 409x26 [border: (2px solid #0000FF)]
                RenderText {#text} at (124,4) size 280x18
                  text run at (124,4) width 280: "Right fixed width div inside align=center td"
              RenderBlock {CENTER} at (176,109) size 409x26 [border: (2px solid #0000FF)]
                RenderText {#text} at (55,4) size 298x18
                  text run at (55,4) width 298: "Center tag (fixed width) inside align=center td"
              RenderTable {TABLE} at (180,135) size 401x28 [border: (2px solid #0000FF)]
                RenderTableSection {TBODY} at (2,2) size 396x24
                  RenderTableRow {TR} at (0,2) size 396x20
                    RenderTableCell {TD} at (2,2) size 392x20 [r=0 c=0 rs=1 cs=1]
                      RenderText {#text} at (1,1) size 88x18
                        text run at (1,1) width 88: "Normal table."
              RenderTable {TABLE} at (180,163) size 401x28 [border: (2px solid #0000FF)]
                RenderTableSection {TBODY} at (2,2) size 396x24
                  RenderTableRow {TR} at (0,2) size 396x20
                    RenderTableCell {TD} at (2,2) size 392x20 [r=0 c=0 rs=1 cs=1]
                      RenderText {#text} at (1,1) size 133x18
                        text run at (1,1) width 133: "Center aligned table."
              RenderTable {TABLE} at (180,191) size 401x28 [border: (2px solid #0000FF)]
                RenderTableSection {TBODY} at (2,2) size 396x24
                  RenderTableRow {TR} at (0,2) size 396x20
                    RenderTableCell {TD} at (2,2) size 392x20 [r=0 c=0 rs=1 cs=1]
                      RenderText {#text} at (1,1) size 184x18
                        text run at (1,1) width 184: "Center table (fixed margins)."
      RenderTable {TABLE} at (0,3356) size 769x232 [border: (2px solid #0000FF)]
        RenderTableSection {TBODY} at (2,2) size 765x228
          RenderTableRow {TR} at (0,2) size 765x224
            RenderTableCell {TD} at (2,2) size 761x224 [border: (4px solid #008000)] [r=0 c=0 rs=1 cs=1]
              RenderBlock {DIV} at (5,5) size 751x26 [border: (2px solid #0000FF)]
                RenderText {#text} at (539,4) size 208x18
                  text run at (539,4) width 208: "Normal div inside align=right td"
              RenderBlock {DIV} at (5,31) size 751x26 [border: (2px solid #0000FF)]
                RenderText {#text} at (4,4) size 185x18
                  text run at (4,4) width 185: "Left div inside align=right td"
              RenderBlock {DIV} at (5,57) size 751x26 [border: (2px solid #0000FF)]
                RenderText {#text} at (275,4) size 201x18
                  text run at (275,4) width 201: "Center div inside align=right td"
              RenderBlock {DIV} at (5,83) size 751x26 [border: (2px solid #0000FF)]
                RenderText {#text} at (553,4) size 194x18
                  text run at (553,4) width 194: "Right div inside align=right td"
              RenderBlock {CENTER} at (5,109) size 751x26 [border: (2px solid #0000FF)]
                RenderText {#text} at (275,4) size 201x18
                  text run at (275,4) width 201: "Center tag inside align=right td"
              RenderTable {TABLE} at (658,135) size 98x28 [border: (2px solid #0000FF)]
                RenderTableSection {TBODY} at (2,2) size 94x24
                  RenderTableRow {TR} at (0,2) size 94x20
                    RenderTableCell {TD} at (2,2) size 90x20 [r=0 c=0 rs=1 cs=1]
                      RenderText {#text} at (1,1) size 88x18
                        text run at (1,1) width 88: "Normal table."
              RenderTable {TABLE} at (309,163) size 143x28 [border: (2px solid #0000FF)]
                RenderTableSection {TBODY} at (2,2) size 139x24
                  RenderTableRow {TR} at (0,2) size 139x20
                    RenderTableCell {TD} at (2,2) size 135x20 [r=0 c=0 rs=1 cs=1]
                      RenderText {#text} at (1,1) size 133x18
                        text run at (1,1) width 133: "Center aligned table."
              RenderTable {TABLE} at (560,191) size 194x28 [border: (2px solid #0000FF)]
                RenderTableSection {TBODY} at (2,2) size 190x24
                  RenderTableRow {TR} at (0,2) size 190x20
                    RenderTableCell {TD} at (2,2) size 186x20 [r=0 c=0 rs=1 cs=1]
                      RenderText {#text} at (1,1) size 184x18
                        text run at (1,1) width 184: "Center table (fixed margins)."
      RenderTable {TABLE} at (0,3588) size 769x232 [border: (2px solid #0000FF)]
        RenderTableSection {TBODY} at (2,2) size 765x228
          RenderTableRow {TR} at (0,2) size 765x224
            RenderTableCell {TD} at (2,2) size 761x224 [border: (4px solid #800080)] [r=0 c=0 rs=1 cs=1]
              RenderBlock {DIV} at (348,5) size 408x26 [border: (2px solid #0000FF)]
                RenderText {#text} at (120,4) size 284x18
                  text run at (120,4) width 284: "Normal fixed width div inside align=right td"
              RenderBlock {DIV} at (348,31) size 408x26 [border: (2px solid #0000FF)]
                RenderText {#text} at (4,4) size 262x18
                  text run at (4,4) width 262: "Left fixed width div inside align=right td"
              RenderBlock {DIV} at (348,57) size 408x26 [border: (2px solid #0000FF)]
                RenderText {#text} at (65,4) size 278x18
                  text run at (65,4) width 278: "Center fixed width div inside align=right td"
              RenderBlock {DIV} at (348,83) size 408x26 [border: (2px solid #0000FF)]
                RenderText {#text} at (133,4) size 271x18
                  text run at (133,4) width 271: "Right fixed width div inside align=right td"
              RenderBlock {CENTER} at (348,109) size 408x26 [border: (2px solid #0000FF)]
                RenderText {#text} at (60,4) size 288x18
                  text run at (60,4) width 288: "Center tag (fixed width) inside align=right td"
              RenderTable {TABLE} at (356,135) size 400x28 [border: (2px solid #0000FF)]
                RenderTableSection {TBODY} at (2,2) size 396x24
                  RenderTableRow {TR} at (0,2) size 396x20
                    RenderTableCell {TD} at (2,2) size 392x20 [r=0 c=0 rs=1 cs=1]
                      RenderText {#text} at (1,1) size 88x18
                        text run at (1,1) width 88: "Normal table."
              RenderTable {TABLE} at (180,163) size 401x28 [border: (2px solid #0000FF)]
                RenderTableSection {TBODY} at (2,2) size 396x24
                  RenderTableRow {TR} at (0,2) size 396x20
                    RenderTableCell {TD} at (2,2) size 392x20 [r=0 c=0 rs=1 cs=1]
                      RenderText {#text} at (1,1) size 133x18
                        text run at (1,1) width 133: "Center aligned table."
              RenderTable {TABLE} at (354,191) size 400x28 [border: (2px solid #0000FF)]
                RenderTableSection {TBODY} at (2,2) size 396x24
                  RenderTableRow {TR} at (0,2) size 396x20
                    RenderTableCell {TD} at (2,2) size 392x20 [r=0 c=0 rs=1 cs=1]
                      RenderText {#text} at (1,1) size 184x18
                        text run at (1,1) width 184: "Center table (fixed margins)."
      RenderBlock {DIV} at (0,3836) size 769x3736
        RenderBlock (anonymous) at (2,2) size 765x18
          RenderText {#text} at (313,0) size 452x18
            text run at (313,0) width 5 RTL: "."
            text run at (317,0) width 448: "This is a test of all the various HTML alignments using RTL direction"
        RenderBlock {DIV} at (2,20) size 765x226 [border: (4px solid #008000)]
          RenderBlock {DIV} at (6,6) size 753x26 [border: (2px solid #0000FF)]
            RenderText {#text} at (559,4) size 190x18
              text run at (559,4) width 190: "Normal div inside normal div"
          RenderBlock {DIV} at (6,32) size 753x26 [border: (2px solid #0000FF)]
            RenderText {#text} at (4,4) size 168x18
              text run at (4,4) width 168: "Left div inside normal div"
          RenderBlock {DIV} at (6,58) size 753x26 [border: (2px solid #0000FF)]
            RenderText {#text} at (284,4) size 185x18
              text run at (284,4) width 185: "Center div inside normal div"
          RenderBlock {DIV} at (6,84) size 753x26 [border: (2px solid #0000FF)]
            RenderText {#text} at (573,4) size 176x18
              text run at (573,4) width 176: "Right div inside normal div"
          RenderBlock {CENTER} at (6,110) size 753x26 [border: (2px solid #0000FF)]
            RenderText {#text} at (285,4) size 183x18
              text run at (285,4) width 183: "Center tag inside normal div"
          RenderTable {TABLE} at (661,136) size 98x28 [border: (2px solid #0000FF)]
            RenderTableSection {TBODY} at (2,2) size 94x24
              RenderTableRow {TR} at (0,2) size 94x20
                RenderTableCell {TD} at (2,2) size 90x20 [r=0 c=0 rs=1 cs=1]
                  RenderText {#text} at (1,1) size 88x18
                    text run at (1,1) width 4 RTL: "."
                    text run at (5,1) width 84: "Normal table"
          RenderTable {TABLE} at (311,164) size 143x28 [border: (2px solid #0000FF)]
            RenderTableSection {TBODY} at (2,2) size 139x24
              RenderTableRow {TR} at (0,2) size 139x20
                RenderTableCell {TD} at (2,2) size 135x20 [r=0 c=0 rs=1 cs=1]
                  RenderText {#text} at (1,1) size 133x18
                    text run at (1,1) width 5 RTL: "."
                    text run at (5,1) width 129: "Center aligned table"
          RenderTable {TABLE} at (563,192) size 194x28 [border: (2px solid #0000FF)]
            RenderTableSection {TBODY} at (2,2) size 190x24
              RenderTableRow {TR} at (0,2) size 190x20
                RenderTableCell {TD} at (2,2) size 186x20 [r=0 c=0 rs=1 cs=1]
                  RenderText {#text} at (1,1) size 184x18
                    text run at (1,1) width 5 RTL: "."
                    text run at (5,1) width 180: "Center table (fixed margins)"
        RenderBlock {DIV} at (2,246) size 765x226 [border: (4px solid #800080)]
          RenderBlock {DIV} at (351,6) size 408x26 [border: (2px solid #0000FF)]
            RenderText {#text} at (138,4) size 266x18
              text run at (138,4) width 266: "Normal fixed width div inside normal div"
          RenderBlock {DIV} at (351,32) size 408x26 [border: (2px solid #0000FF)]
            RenderText {#text} at (4,4) size 244x18
              text run at (4,4) width 244: "Left fixed width div inside normal div"
          RenderBlock {DIV} at (351,58) size 408x26 [border: (2px solid #0000FF)]
            RenderText {#text} at (74,4) size 260x18
              text run at (74,4) width 260: "Center fixed width div inside normal div"
          RenderBlock {DIV} at (351,84) size 408x26 [border: (2px solid #0000FF)]
            RenderText {#text} at (151,4) size 253x18
              text run at (151,4) width 253: "Right fixed width div inside normal div"
          RenderBlock {CENTER} at (351,110) size 408x26 [border: (2px solid #0000FF)]
            RenderText {#text} at (69,4) size 270x18
              text run at (69,4) width 270: "Center tag (fixed width) inside normal div"
          RenderTable {TABLE} at (359,136) size 400x28 [border: (2px solid #0000FF)]
            RenderTableSection {TBODY} at (2,2) size 396x24
              RenderTableRow {TR} at (0,2) size 396x20
                RenderTableCell {TD} at (2,2) size 392x20 [r=0 c=0 rs=1 cs=1]
                  RenderText {#text} at (303,1) size 88x18
                    text run at (303,1) width 5 RTL: "."
                    text run at (307,1) width 84: "Normal table"
          RenderTable {TABLE} at (182,164) size 401x28 [border: (2px solid #0000FF)]
            RenderTableSection {TBODY} at (2,2) size 396x24
              RenderTableRow {TR} at (0,2) size 396x20
                RenderTableCell {TD} at (2,2) size 392x20 [r=0 c=0 rs=1 cs=1]
                  RenderText {#text} at (258,1) size 133x18
                    text run at (258,1) width 5 RTL: "."
                    text run at (262,1) width 129: "Center aligned table"
          RenderTable {TABLE} at (357,192) size 400x28 [border: (2px solid #0000FF)]
            RenderTableSection {TBODY} at (2,2) size 396x24
              RenderTableRow {TR} at (0,2) size 396x20
                RenderTableCell {TD} at (2,2) size 392x20 [r=0 c=0 rs=1 cs=1]
                  RenderText {#text} at (207,1) size 184x18
                    text run at (207,1) width 5 RTL: "."
                    text run at (211,1) width 180: "Center table (fixed margins)"
        RenderBlock {DIV} at (2,472) size 765x226 [border: (4px solid #008000)]
          RenderBlock {DIV} at (6,6) size 753x26 [border: (2px solid #0000FF)]
            RenderText {#text} at (4,4) size 207x18
              text run at (4,4) width 207: "Normal div inside align=left div"
          RenderBlock {DIV} at (6,32) size 753x26 [border: (2px solid #0000FF)]
            RenderText {#text} at (4,4) size 185x18
              text run at (4,4) width 185: "Left div inside align=left div"
          RenderBlock {DIV} at (6,58) size 753x26 [border: (2px solid #0000FF)]
            RenderText {#text} at (276,4) size 201x18
              text run at (276,4) width 201: "Center div inside align=left div"
          RenderBlock {DIV} at (6,84) size 753x26 [border: (2px solid #0000FF)]
            RenderText {#text} at (555,4) size 194x18
              text run at (555,4) width 194: "Right div inside align=left div"
          RenderBlock {CENTER} at (6,110) size 753x26 [border: (2px solid #0000FF)]
            RenderText {#text} at (276,4) size 201x18
              text run at (276,4) width 201: "Center tag inside align=left div"
          RenderTable {TABLE} at (6,136) size 98x28 [border: (2px solid #0000FF)]
            RenderTableSection {TBODY} at (2,2) size 94x24
              RenderTableRow {TR} at (0,2) size 94x20
                RenderTableCell {TD} at (2,2) size 90x20 [r=0 c=0 rs=1 cs=1]
                  RenderText {#text} at (1,1) size 88x18
                    text run at (1,1) width 4 RTL: "."
                    text run at (5,1) width 84: "Normal table"
          RenderTable {TABLE} at (311,164) size 143x28 [border: (2px solid #0000FF)]
            RenderTableSection {TBODY} at (2,2) size 139x24
              RenderTableRow {TR} at (0,2) size 139x20
                RenderTableCell {TD} at (2,2) size 135x20 [r=0 c=0 rs=1 cs=1]
                  RenderText {#text} at (1,1) size 133x18
                    text run at (1,1) width 5 RTL: "."
                    text run at (5,1) width 129: "Center aligned table"
          RenderTable {TABLE} at (8,192) size 194x28 [border: (2px solid #0000FF)]
            RenderTableSection {TBODY} at (2,2) size 190x24
              RenderTableRow {TR} at (0,2) size 190x20
                RenderTableCell {TD} at (2,2) size 186x20 [r=0 c=0 rs=1 cs=1]
                  RenderText {#text} at (1,1) size 184x18
                    text run at (1,1) width 5 RTL: "."
                    text run at (5,1) width 180: "Center table (fixed margins)"
        RenderBlock {DIV} at (2,698) size 765x226 [border: (4px solid #800080)]
          RenderBlock {DIV} at (6,6) size 408x26 [border: (2px solid #0000FF)]
            RenderText {#text} at (4,4) size 283x18
              text run at (4,4) width 283: "Normal fixed width div inside align=left div"
          RenderBlock {DIV} at (6,32) size 408x26 [border: (2px solid #0000FF)]
            RenderText {#text} at (4,4) size 261x18
              text run at (4,4) width 261: "Left fixed width div inside align=left div"
          RenderBlock {DIV} at (6,58) size 408x26 [border: (2px solid #0000FF)]
            RenderText {#text} at (65,4) size 278x18
              text run at (65,4) width 278: "Center fixed width div inside align=left div"
          RenderBlock {DIV} at (6,84) size 408x26 [border: (2px solid #0000FF)]
            RenderText {#text} at (134,4) size 270x18
              text run at (134,4) width 270: "Right fixed width div inside align=left div"
          RenderBlock {CENTER} at (6,110) size 408x26 [border: (2px solid #0000FF)]
            RenderText {#text} at (60,4) size 288x18
              text run at (60,4) width 288: "Center tag (fixed width) inside align=left div"
          RenderTable {TABLE} at (6,136) size 400x28 [border: (2px solid #0000FF)]
            RenderTableSection {TBODY} at (2,2) size 396x24
              RenderTableRow {TR} at (0,2) size 396x20
                RenderTableCell {TD} at (2,2) size 392x20 [r=0 c=0 rs=1 cs=1]
                  RenderText {#text} at (303,1) size 88x18
                    text run at (303,1) width 5 RTL: "."
                    text run at (307,1) width 84: "Normal table"
          RenderTable {TABLE} at (182,164) size 401x28 [border: (2px solid #0000FF)]
            RenderTableSection {TBODY} at (2,2) size 396x24
              RenderTableRow {TR} at (0,2) size 396x20
                RenderTableCell {TD} at (2,2) size 392x20 [r=0 c=0 rs=1 cs=1]
                  RenderText {#text} at (258,1) size 133x18
                    text run at (258,1) width 5 RTL: "."
                    text run at (262,1) width 129: "Center aligned table"
          RenderTable {TABLE} at (8,192) size 400x28 [border: (2px solid #0000FF)]
            RenderTableSection {TBODY} at (2,2) size 396x24
              RenderTableRow {TR} at (0,2) size 396x20
                RenderTableCell {TD} at (2,2) size 392x20 [r=0 c=0 rs=1 cs=1]
                  RenderText {#text} at (207,1) size 184x18
                    text run at (207,1) width 5 RTL: "."
                    text run at (211,1) width 180: "Center table (fixed margins)"
        RenderBlock {DIV} at (2,924) size 765x226 [border: (4px solid #008000)]
          RenderBlock {DIV} at (6,6) size 753x26 [border: (2px solid #0000FF)]
            RenderText {#text} at (262,4) size 229x18
              text run at (262,4) width 229: "Normal div inside align= center div"
          RenderBlock {DIV} at (6,32) size 753x26 [border: (2px solid #0000FF)]
            RenderText {#text} at (4,4) size 202x18
              text run at (4,4) width 202: "Left div inside align=center div"
          RenderBlock {DIV} at (6,58) size 753x26 [border: (2px solid #0000FF)]
            RenderText {#text} at (267,4) size 219x18
              text run at (267,4) width 219: "Center div inside align=center div"
          RenderBlock {DIV} at (6,84) size 753x26 [border: (2px solid #0000FF)]
            RenderText {#text} at (538,4) size 211x18
              text run at (538,4) width 211: "Right div inside align=center div"
          RenderBlock {CENTER} at (6,110) size 753x26 [border: (2px solid #0000FF)]
            RenderText {#text} at (268,4) size 217x18
              text run at (268,4) width 217: "Center tag inside align=center div"
          RenderTable {TABLE} at (333,136) size 99x28 [border: (2px solid #0000FF)]
            RenderTableSection {TBODY} at (2,2) size 94x24
              RenderTableRow {TR} at (0,2) size 94x20
                RenderTableCell {TD} at (2,2) size 90x20 [r=0 c=0 rs=1 cs=1]
                  RenderText {#text} at (1,1) size 88x18
                    text run at (1,1) width 4 RTL: "."
                    text run at (5,1) width 84: "Normal table"
          RenderTable {TABLE} at (311,164) size 143x28 [border: (2px solid #0000FF)]
            RenderTableSection {TBODY} at (2,2) size 139x24
              RenderTableRow {TR} at (0,2) size 139x20
                RenderTableCell {TD} at (2,2) size 135x20 [r=0 c=0 rs=1 cs=1]
                  RenderText {#text} at (1,1) size 133x18
                    text run at (1,1) width 5 RTL: "."
                    text run at (5,1) width 129: "Center aligned table"
          RenderTable {TABLE} at (285,192) size 195x28 [border: (2px solid #0000FF)]
            RenderTableSection {TBODY} at (2,2) size 190x24
              RenderTableRow {TR} at (0,2) size 190x20
                RenderTableCell {TD} at (2,2) size 186x20 [r=0 c=0 rs=1 cs=1]
                  RenderText {#text} at (1,1) size 184x18
                    text run at (1,1) width 5 RTL: "."
                    text run at (5,1) width 180: "Center table (fixed margins)"
        RenderBlock {DIV} at (2,1150) size 765x226 [border: (4px solid #800080)]
          RenderBlock {DIV} at (178,6) size 409x26 [border: (2px solid #0000FF)]
            RenderText {#text} at (53,4) size 302x18
              text run at (53,4) width 302: "Normal fixed width div inside align=center div"
          RenderBlock {DIV} at (178,32) size 409x26 [border: (2px solid #0000FF)]
            RenderText {#text} at (4,4) size 279x18
              text run at (4,4) width 279: "Left fixed width div inside align=center div"
          RenderBlock {DIV} at (178,58) size 409x26 [border: (2px solid #0000FF)]
            RenderText {#text} at (56,4) size 296x18
              text run at (56,4) width 296: "Center fixed width div inside align=center div"
          RenderBlock {DIV} at (178,84) size 409x26 [border: (2px solid #0000FF)]
            RenderText {#text} at (116,4) size 288x18
              text run at (116,4) width 288: "Right fixed width div inside align=center div"
          RenderBlock {CENTER} at (178,110) size 409x26 [border: (2px solid #0000FF)]
            RenderText {#text} at (51,4) size 306x18
              text run at (51,4) width 306: "Center tag (fixed width) inside align=center div"
          RenderTable {TABLE} at (182,136) size 401x28 [border: (2px solid #0000FF)]
            RenderTableSection {TBODY} at (2,2) size 396x24
              RenderTableRow {TR} at (0,2) size 396x20
                RenderTableCell {TD} at (2,2) size 392x20 [r=0 c=0 rs=1 cs=1]
                  RenderText {#text} at (303,1) size 88x18
                    text run at (303,1) width 5 RTL: "."
                    text run at (307,1) width 84: "Normal table"
          RenderTable {TABLE} at (182,164) size 401x28 [border: (2px solid #0000FF)]
            RenderTableSection {TBODY} at (2,2) size 396x24
              RenderTableRow {TR} at (0,2) size 396x20
                RenderTableCell {TD} at (2,2) size 392x20 [r=0 c=0 rs=1 cs=1]
                  RenderText {#text} at (258,1) size 133x18
                    text run at (258,1) width 5 RTL: "."
                    text run at (262,1) width 129: "Center aligned table"
          RenderTable {TABLE} at (182,192) size 401x28 [border: (2px solid #0000FF)]
            RenderTableSection {TBODY} at (2,2) size 396x24
              RenderTableRow {TR} at (0,2) size 396x20
                RenderTableCell {TD} at (2,2) size 392x20 [r=0 c=0 rs=1 cs=1]
                  RenderText {#text} at (207,1) size 184x18
                    text run at (207,1) width 5 RTL: "."
                    text run at (211,1) width 180: "Center table (fixed margins)"
        RenderBlock {DIV} at (2,1376) size 765x226 [border: (4px solid #008000)]
          RenderBlock {DIV} at (6,6) size 753x26 [border: (2px solid #0000FF)]
            RenderText {#text} at (533,4) size 216x18
              text run at (533,4) width 216: "Normal div inside align=right div"
          RenderBlock {DIV} at (6,32) size 753x26 [border: (2px solid #0000FF)]
            RenderText {#text} at (4,4) size 193x18
              text run at (4,4) width 193: "Left div inside align=right div"
          RenderBlock {DIV} at (6,58) size 753x26 [border: (2px solid #0000FF)]
            RenderText {#text} at (272,4) size 209x18
              text run at (272,4) width 209: "Center div inside align=right div"
          RenderBlock {DIV} at (6,84) size 753x26 [border: (2px solid #0000FF)]
            RenderText {#text} at (547,4) size 202x18
              text run at (547,4) width 202: "Right div inside align=right div"
          RenderBlock {CENTER} at (6,110) size 753x26 [border: (2px solid #0000FF)]
            RenderText {#text} at (272,4) size 209x18
              text run at (272,4) width 209: "Center tag inside align=right div"
          RenderTable {TABLE} at (661,136) size 98x28 [border: (2px solid #0000FF)]
            RenderTableSection {TBODY} at (2,2) size 94x24
              RenderTableRow {TR} at (0,2) size 94x20
                RenderTableCell {TD} at (2,2) size 90x20 [r=0 c=0 rs=1 cs=1]
                  RenderText {#text} at (1,1) size 88x18
                    text run at (1,1) width 4 RTL: "."
                    text run at (5,1) width 84: "Normal table"
          RenderTable {TABLE} at (311,164) size 143x28 [border: (2px solid #0000FF)]
            RenderTableSection {TBODY} at (2,2) size 139x24
              RenderTableRow {TR} at (0,2) size 139x20
                RenderTableCell {TD} at (2,2) size 135x20 [r=0 c=0 rs=1 cs=1]
                  RenderText {#text} at (1,1) size 133x18
                    text run at (1,1) width 5 RTL: "."
                    text run at (5,1) width 129: "Center aligned table"
          RenderTable {TABLE} at (563,192) size 194x28 [border: (2px solid #0000FF)]
            RenderTableSection {TBODY} at (2,2) size 190x24
              RenderTableRow {TR} at (0,2) size 190x20
                RenderTableCell {TD} at (2,2) size 186x20 [r=0 c=0 rs=1 cs=1]
                  RenderText {#text} at (1,1) size 184x18
                    text run at (1,1) width 5 RTL: "."
                    text run at (5,1) width 180: "Center table (fixed margins)"
        RenderBlock {DIV} at (2,1602) size 765x226 [border: (4px solid #800080)]
          RenderBlock {DIV} at (351,6) size 408x26 [border: (2px solid #0000FF)]
            RenderText {#text} at (112,4) size 292x18
              text run at (112,4) width 292: "Normal fixed width div inside align=right div"
          RenderBlock {DIV} at (351,32) size 408x26 [border: (2px solid #0000FF)]
            RenderText {#text} at (4,4) size 270x18
              text run at (4,4) width 270: "Left fixed width div inside align=right div"
          RenderBlock {DIV} at (351,58) size 408x26 [border: (2px solid #0000FF)]
            RenderText {#text} at (61,4) size 286x18
              text run at (61,4) width 286: "Center fixed width div inside align=right div"
          RenderBlock {DIV} at (351,84) size 408x26 [border: (2px solid #0000FF)]
            RenderText {#text} at (125,4) size 279x18
              text run at (125,4) width 279: "Right fixed width div inside align=right div"
          RenderBlock {CENTER} at (351,110) size 408x26 [border: (2px solid #0000FF)]
            RenderText {#text} at (56,4) size 296x18
              text run at (56,4) width 296: "Center tag (fixed width) inside align=right div"
          RenderTable {TABLE} at (359,136) size 400x28 [border: (2px solid #0000FF)]
            RenderTableSection {TBODY} at (2,2) size 396x24
              RenderTableRow {TR} at (0,2) size 396x20
                RenderTableCell {TD} at (2,2) size 392x20 [r=0 c=0 rs=1 cs=1]
                  RenderText {#text} at (303,1) size 88x18
                    text run at (303,1) width 5 RTL: "."
                    text run at (307,1) width 84: "Normal table"
          RenderTable {TABLE} at (182,164) size 401x28 [border: (2px solid #0000FF)]
            RenderTableSection {TBODY} at (2,2) size 396x24
              RenderTableRow {TR} at (0,2) size 396x20
                RenderTableCell {TD} at (2,2) size 392x20 [r=0 c=0 rs=1 cs=1]
                  RenderText {#text} at (258,1) size 133x18
                    text run at (258,1) width 5 RTL: "."
                    text run at (262,1) width 129: "Center aligned table"
          RenderTable {TABLE} at (357,192) size 400x28 [border: (2px solid #0000FF)]
            RenderTableSection {TBODY} at (2,2) size 396x24
              RenderTableRow {TR} at (0,2) size 396x20
                RenderTableCell {TD} at (2,2) size 392x20 [r=0 c=0 rs=1 cs=1]
                  RenderText {#text} at (207,1) size 184x18
                    text run at (207,1) width 5 RTL: "."
                    text run at (211,1) width 180: "Center table (fixed margins)"
        RenderBlock {P} at (2,1844) size 765x18
          RenderText {#text} at (390,0) size 375x18
            text run at (390,0) width 5 RTL: "."
            text run at (394,0) width 371: "This is a test using TABLE cells (all in the RTL direction)"
        RenderTable {TABLE} at (2,1878) size 765x232 [border: (2px solid #0000FF)]
          RenderTableSection {TBODY} at (2,2) size 761x228
            RenderTableRow {TR} at (0,2) size 761x224
              RenderTableCell {TD} at (2,2) size 757x224 [border: (4px solid #008000)] [r=0 c=0 rs=1 cs=1]
                RenderBlock {DIV} at (5,5) size 747x26 [border: (2px solid #0000FF)]
                  RenderText {#text} at (561,4) size 182x18
                    text run at (561,4) width 182: "Normal div inside normal td"
                RenderBlock {DIV} at (5,31) size 747x26 [border: (2px solid #0000FF)]
                  RenderText {#text} at (4,4) size 160x18
                    text run at (4,4) width 160: "Left div inside normal td"
                RenderBlock {DIV} at (5,57) size 747x26 [border: (2px solid #0000FF)]
                  RenderText {#text} at (285,4) size 177x18
                    text run at (285,4) width 177: "Center div inside normal td"
                RenderBlock {DIV} at (5,83) size 747x26 [border: (2px solid #0000FF)]
                  RenderText {#text} at (575,4) size 168x18
                    text run at (575,4) width 168: "Right div inside normal td"
                RenderBlock {CENTER} at (5,109) size 747x26 [border: (2px solid #0000FF)]
                  RenderText {#text} at (286,4) size 175x18
                    text run at (286,4) width 175: "Center tag inside normal td"
                RenderTable {TABLE} at (654,135) size 98x28 [border: (2px solid #0000FF)]
                  RenderTableSection {TBODY} at (2,2) size 94x24
                    RenderTableRow {TR} at (0,2) size 94x20
                      RenderTableCell {TD} at (2,2) size 90x20 [r=0 c=0 rs=1 cs=1]
                        RenderText {#text} at (1,1) size 88x18
                          text run at (1,1) width 4 RTL: "."
                          text run at (5,1) width 84: "Normal table"
                RenderTable {TABLE} at (307,163) size 143x28 [border: (2px solid #0000FF)]
                  RenderTableSection {TBODY} at (2,2) size 139x24
                    RenderTableRow {TR} at (0,2) size 139x20
                      RenderTableCell {TD} at (2,2) size 135x20 [r=0 c=0 rs=1 cs=1]
                        RenderText {#text} at (1,1) size 133x18
                          text run at (1,1) width 5 RTL: "."
                          text run at (5,1) width 129: "Center aligned table"
                RenderTable {TABLE} at (556,191) size 194x28 [border: (2px solid #0000FF)]
                  RenderTableSection {TBODY} at (2,2) size 190x24
                    RenderTableRow {TR} at (0,2) size 190x20
                      RenderTableCell {TD} at (2,2) size 186x20 [r=0 c=0 rs=1 cs=1]
                        RenderText {#text} at (1,1) size 184x18
                          text run at (1,1) width 5 RTL: "."
                          text run at (5,1) width 180: "Center table (fixed margins)"
        RenderTable {TABLE} at (2,2110) size 765x232 [border: (2px solid #0000FF)]
          RenderTableSection {TBODY} at (2,2) size 761x228
            RenderTableRow {TR} at (0,2) size 761x224
              RenderTableCell {TD} at (2,2) size 757x224 [border: (4px solid #800080)] [r=0 c=0 rs=1 cs=1]
                RenderBlock {DIV} at (344,5) size 408x26 [border: (2px solid #0000FF)]
                  RenderText {#text} at (146,4) size 258x18
                    text run at (146,4) width 258: "Normal fixed width div inside normal td"
                RenderBlock {DIV} at (344,31) size 408x26 [border: (2px solid #0000FF)]
                  RenderText {#text} at (4,4) size 236x18
                    text run at (4,4) width 236: "Left fixed width div inside normal td"
                RenderBlock {DIV} at (344,57) size 408x26 [border: (2px solid #0000FF)]
                  RenderText {#text} at (78,4) size 252x18
                    text run at (78,4) width 252: "Center fixed width div inside normal td"
                RenderBlock {DIV} at (344,83) size 408x26 [border: (2px solid #0000FF)]
                  RenderText {#text} at (159,4) size 245x18
                    text run at (159,4) width 245: "Right fixed width div inside normal td"
                RenderBlock {CENTER} at (344,109) size 408x26 [border: (2px solid #0000FF)]
                  RenderText {#text} at (73,4) size 262x18
                    text run at (73,4) width 262: "Center tag (fixed width) inside normal td"
                RenderTable {TABLE} at (352,135) size 400x28 [border: (2px solid #0000FF)]
                  RenderTableSection {TBODY} at (2,2) size 396x24
                    RenderTableRow {TR} at (0,2) size 396x20
                      RenderTableCell {TD} at (2,2) size 392x20 [r=0 c=0 rs=1 cs=1]
                        RenderText {#text} at (303,1) size 88x18
                          text run at (303,1) width 5 RTL: "."
                          text run at (307,1) width 84: "Normal table"
                RenderTable {TABLE} at (178,163) size 401x28 [border: (2px solid #0000FF)]
                  RenderTableSection {TBODY} at (2,2) size 396x24
                    RenderTableRow {TR} at (0,2) size 396x20
                      RenderTableCell {TD} at (2,2) size 392x20 [r=0 c=0 rs=1 cs=1]
                        RenderText {#text} at (258,1) size 133x18
                          text run at (258,1) width 5 RTL: "."
                          text run at (262,1) width 129: "Center aligned table"
                RenderTable {TABLE} at (350,191) size 400x28 [border: (2px solid #0000FF)]
                  RenderTableSection {TBODY} at (2,2) size 396x24
                    RenderTableRow {TR} at (0,2) size 396x20
                      RenderTableCell {TD} at (2,2) size 392x20 [r=0 c=0 rs=1 cs=1]
                        RenderText {#text} at (207,1) size 184x18
                          text run at (207,1) width 5 RTL: "."
                          text run at (211,1) width 180: "Center table (fixed margins)"
        RenderTable {TABLE} at (2,2342) size 765x232 [border: (2px solid #0000FF)]
          RenderTableSection {TBODY} at (2,2) size 761x228
            RenderTableRow {TR} at (0,2) size 761x224
              RenderTableCell {TD} at (2,2) size 757x224 [border: (4px solid #008000)] [r=0 c=0 rs=1 cs=1]
                RenderBlock {DIV} at (5,5) size 747x26 [border: (2px solid #0000FF)]
                  RenderText {#text} at (4,4) size 199x18
                    text run at (4,4) width 199: "Normal div inside align=left td"
                RenderBlock {DIV} at (5,31) size 747x26 [border: (2px solid #0000FF)]
                  RenderText {#text} at (4,4) size 177x18
                    text run at (4,4) width 177: "Left div inside align=left td"
                RenderBlock {DIV} at (5,57) size 747x26 [border: (2px solid #0000FF)]
                  RenderText {#text} at (277,4) size 193x18
                    text run at (277,4) width 193: "Center div inside align=left td"
                RenderBlock {DIV} at (5,83) size 747x26 [border: (2px solid #0000FF)]
                  RenderText {#text} at (557,4) size 186x18
                    text run at (557,4) width 186: "Right div inside align=left td"
                RenderBlock {CENTER} at (5,109) size 747x26 [border: (2px solid #0000FF)]
                  RenderText {#text} at (277,4) size 193x18
                    text run at (277,4) width 193: "Center tag inside align=left td"
                RenderTable {TABLE} at (5,135) size 98x28 [border: (2px solid #0000FF)]
                  RenderTableSection {TBODY} at (2,2) size 94x24
                    RenderTableRow {TR} at (0,2) size 94x20
                      RenderTableCell {TD} at (2,2) size 90x20 [r=0 c=0 rs=1 cs=1]
                        RenderText {#text} at (1,1) size 88x18
                          text run at (1,1) width 4 RTL: "."
                          text run at (5,1) width 84: "Normal table"
                RenderTable {TABLE} at (307,163) size 143x28 [border: (2px solid #0000FF)]
                  RenderTableSection {TBODY} at (2,2) size 139x24
                    RenderTableRow {TR} at (0,2) size 139x20
                      RenderTableCell {TD} at (2,2) size 135x20 [r=0 c=0 rs=1 cs=1]
                        RenderText {#text} at (1,1) size 133x18
                          text run at (1,1) width 5 RTL: "."
                          text run at (5,1) width 129: "Center aligned table"
                RenderTable {TABLE} at (7,191) size 194x28 [border: (2px solid #0000FF)]
                  RenderTableSection {TBODY} at (2,2) size 190x24
                    RenderTableRow {TR} at (0,2) size 190x20
                      RenderTableCell {TD} at (2,2) size 186x20 [r=0 c=0 rs=1 cs=1]
                        RenderText {#text} at (1,1) size 184x18
                          text run at (1,1) width 5 RTL: "."
                          text run at (5,1) width 180: "Center table (fixed margins)"
        RenderTable {TABLE} at (2,2574) size 765x232 [border: (2px solid #0000FF)]
          RenderTableSection {TBODY} at (2,2) size 761x228
            RenderTableRow {TR} at (0,2) size 761x224
              RenderTableCell {TD} at (2,2) size 757x224 [border: (4px solid #800080)] [r=0 c=0 rs=1 cs=1]
                RenderBlock {DIV} at (5,5) size 408x26 [border: (2px solid #0000FF)]
                  RenderText {#text} at (4,4) size 275x18
                    text run at (4,4) width 275: "Normal fixed width div inside align=left td"
                RenderBlock {DIV} at (5,31) size 408x26 [border: (2px solid #0000FF)]
                  RenderText {#text} at (4,4) size 253x18
                    text run at (4,4) width 253: "Left fixed width div inside align=left td"
                RenderBlock {DIV} at (5,57) size 408x26 [border: (2px solid #0000FF)]
                  RenderText {#text} at (69,4) size 270x18
                    text run at (69,4) width 270: "Center fixed width div inside align=left td"
                RenderBlock {DIV} at (5,83) size 408x26 [border: (2px solid #0000FF)]
                  RenderText {#text} at (142,4) size 262x18
                    text run at (142,4) width 262: "Right fixed width div inside align=left td"
                RenderBlock {CENTER} at (5,109) size 408x26 [border: (2px solid #0000FF)]
                  RenderText {#text} at (64,4) size 280x18
                    text run at (64,4) width 280: "Center tag (fixed width) inside align=left td"
                RenderTable {TABLE} at (5,135) size 400x28 [border: (2px solid #0000FF)]
                  RenderTableSection {TBODY} at (2,2) size 396x24
                    RenderTableRow {TR} at (0,2) size 396x20
                      RenderTableCell {TD} at (2,2) size 392x20 [r=0 c=0 rs=1 cs=1]
                        RenderText {#text} at (303,1) size 88x18
                          text run at (303,1) width 5 RTL: "."
                          text run at (307,1) width 84: "Normal table"
                RenderTable {TABLE} at (178,163) size 401x28 [border: (2px solid #0000FF)]
                  RenderTableSection {TBODY} at (2,2) size 396x24
                    RenderTableRow {TR} at (0,2) size 396x20
                      RenderTableCell {TD} at (2,2) size 392x20 [r=0 c=0 rs=1 cs=1]
                        RenderText {#text} at (258,1) size 133x18
                          text run at (258,1) width 5 RTL: "."
                          text run at (262,1) width 129: "Center aligned table"
                RenderTable {TABLE} at (7,191) size 400x28 [border: (2px solid #0000FF)]
                  RenderTableSection {TBODY} at (2,2) size 396x24
                    RenderTableRow {TR} at (0,2) size 396x20
                      RenderTableCell {TD} at (2,2) size 392x20 [r=0 c=0 rs=1 cs=1]
                        RenderText {#text} at (207,1) size 184x18
                          text run at (207,1) width 5 RTL: "."
                          text run at (211,1) width 180: "Center table (fixed margins)"
        RenderTable {TABLE} at (2,2806) size 765x232 [border: (2px solid #0000FF)]
          RenderTableSection {TBODY} at (2,2) size 761x228
            RenderTableRow {TR} at (0,2) size 761x224
              RenderTableCell {TD} at (2,2) size 757x224 [border: (4px solid #008000)] [r=0 c=0 rs=1 cs=1]
                RenderBlock {DIV} at (5,5) size 747x26 [border: (2px solid #0000FF)]
                  RenderText {#text} at (263,4) size 221x18
                    text run at (263,4) width 221: "Normal div inside align= center td"
                RenderBlock {DIV} at (5,31) size 747x26 [border: (2px solid #0000FF)]
                  RenderText {#text} at (4,4) size 194x18
                    text run at (4,4) width 194: "Left div inside align=center td"
                RenderBlock {DIV} at (5,57) size 747x26 [border: (2px solid #0000FF)]
                  RenderText {#text} at (268,4) size 211x18
                    text run at (268,4) width 211: "Center div inside align=center td"
                RenderBlock {DIV} at (5,83) size 747x26 [border: (2px solid #0000FF)]
                  RenderText {#text} at (540,4) size 203x18
                    text run at (540,4) width 203: "Right div inside align=center td"
                RenderBlock {CENTER} at (5,109) size 747x26 [border: (2px solid #0000FF)]
                  RenderText {#text} at (269,4) size 209x18
                    text run at (269,4) width 209: "Center tag inside align=center td"
                RenderTable {TABLE} at (329,135) size 99x28 [border: (2px solid #0000FF)]
                  RenderTableSection {TBODY} at (2,2) size 94x24
                    RenderTableRow {TR} at (0,2) size 94x20
                      RenderTableCell {TD} at (2,2) size 90x20 [r=0 c=0 rs=1 cs=1]
                        RenderText {#text} at (1,1) size 88x18
                          text run at (1,1) width 4 RTL: "."
                          text run at (5,1) width 84: "Normal table"
                RenderTable {TABLE} at (307,163) size 143x28 [border: (2px solid #0000FF)]
                  RenderTableSection {TBODY} at (2,2) size 139x24
                    RenderTableRow {TR} at (0,2) size 139x20
                      RenderTableCell {TD} at (2,2) size 135x20 [r=0 c=0 rs=1 cs=1]
                        RenderText {#text} at (1,1) size 133x18
                          text run at (1,1) width 5 RTL: "."
                          text run at (5,1) width 129: "Center aligned table"
                RenderTable {TABLE} at (281,191) size 195x28 [border: (2px solid #0000FF)]
                  RenderTableSection {TBODY} at (2,2) size 190x24
                    RenderTableRow {TR} at (0,2) size 190x20
                      RenderTableCell {TD} at (2,2) size 186x20 [r=0 c=0 rs=1 cs=1]
                        RenderText {#text} at (1,1) size 184x18
                          text run at (1,1) width 5 RTL: "."
                          text run at (5,1) width 180: "Center table (fixed margins)"
        RenderTable {TABLE} at (2,3038) size 765x232 [border: (2px solid #0000FF)]
          RenderTableSection {TBODY} at (2,2) size 761x228
            RenderTableRow {TR} at (0,2) size 761x224
              RenderTableCell {TD} at (2,2) size 757x224 [border: (4px solid #800080)] [r=0 c=0 rs=1 cs=1]
                RenderBlock {DIV} at (174,5) size 409x26 [border: (2px solid #0000FF)]
                  RenderText {#text} at (57,4) size 294x18
                    text run at (57,4) width 294: "Normal fixed width div inside align=center td"
                RenderBlock {DIV} at (174,31) size 409x26 [border: (2px solid #0000FF)]
                  RenderText {#text} at (4,4) size 271x18
                    text run at (4,4) width 271: "Left fixed width div inside align=center td"
                RenderBlock {DIV} at (174,57) size 409x26 [border: (2px solid #0000FF)]
                  RenderText {#text} at (60,4) size 288x18
                    text run at (60,4) width 288: "Center fixed width div inside align=center td"
                RenderBlock {DIV} at (174,83) size 409x26 [border: (2px solid #0000FF)]
                  RenderText {#text} at (124,4) size 280x18
                    text run at (124,4) width 280: "Right fixed width div inside align=center td"
                RenderBlock {CENTER} at (174,109) size 409x26 [border: (2px solid #0000FF)]
                  RenderText {#text} at (55,4) size 298x18
                    text run at (55,4) width 298: "Center tag (fixed width) inside align=center td"
                RenderTable {TABLE} at (178,135) size 401x28 [border: (2px solid #0000FF)]
                  RenderTableSection {TBODY} at (2,2) size 396x24
                    RenderTableRow {TR} at (0,2) size 396x20
                      RenderTableCell {TD} at (2,2) size 392x20 [r=0 c=0 rs=1 cs=1]
                        RenderText {#text} at (303,1) size 88x18
                          text run at (303,1) width 5 RTL: "."
                          text run at (307,1) width 84: "Normal table"
                RenderTable {TABLE} at (178,163) size 401x28 [border: (2px solid #0000FF)]
                  RenderTableSection {TBODY} at (2,2) size 396x24
                    RenderTableRow {TR} at (0,2) size 396x20
                      RenderTableCell {TD} at (2,2) size 392x20 [r=0 c=0 rs=1 cs=1]
                        RenderText {#text} at (258,1) size 133x18
                          text run at (258,1) width 5 RTL: "."
                          text run at (262,1) width 129: "Center aligned table"
                RenderTable {TABLE} at (178,191) size 401x28 [border: (2px solid #0000FF)]
                  RenderTableSection {TBODY} at (2,2) size 396x24
                    RenderTableRow {TR} at (0,2) size 396x20
                      RenderTableCell {TD} at (2,2) size 392x20 [r=0 c=0 rs=1 cs=1]
                        RenderText {#text} at (207,1) size 184x18
                          text run at (207,1) width 5 RTL: "."
                          text run at (211,1) width 180: "Center table (fixed margins)"
        RenderTable {TABLE} at (2,3270) size 765x232 [border: (2px solid #0000FF)]
          RenderTableSection {TBODY} at (2,2) size 761x228
            RenderTableRow {TR} at (0,2) size 761x224
              RenderTableCell {TD} at (2,2) size 757x224 [border: (4px solid #008000)] [r=0 c=0 rs=1 cs=1]
                RenderBlock {DIV} at (5,5) size 747x26 [border: (2px solid #0000FF)]
                  RenderText {#text} at (535,4) size 208x18
                    text run at (535,4) width 208: "Normal div inside align=right td"
                RenderBlock {DIV} at (5,31) size 747x26 [border: (2px solid #0000FF)]
                  RenderText {#text} at (4,4) size 185x18
                    text run at (4,4) width 185: "Left div inside align=right td"
                RenderBlock {DIV} at (5,57) size 747x26 [border: (2px solid #0000FF)]
                  RenderText {#text} at (273,4) size 201x18
                    text run at (273,4) width 201: "Center div inside align=right td"
                RenderBlock {DIV} at (5,83) size 747x26 [border: (2px solid #0000FF)]
                  RenderText {#text} at (549,4) size 194x18
                    text run at (549,4) width 194: "Right div inside align=right td"
                RenderBlock {CENTER} at (5,109) size 747x26 [border: (2px solid #0000FF)]
                  RenderText {#text} at (273,4) size 201x18
                    text run at (273,4) width 201: "Center tag inside align=right td"
                RenderTable {TABLE} at (654,135) size 98x28 [border: (2px solid #0000FF)]
                  RenderTableSection {TBODY} at (2,2) size 94x24
                    RenderTableRow {TR} at (0,2) size 94x20
                      RenderTableCell {TD} at (2,2) size 90x20 [r=0 c=0 rs=1 cs=1]
                        RenderText {#text} at (1,1) size 88x18
                          text run at (1,1) width 4 RTL: "."
                          text run at (5,1) width 84: "Normal table"
                RenderTable {TABLE} at (307,163) size 143x28 [border: (2px solid #0000FF)]
                  RenderTableSection {TBODY} at (2,2) size 139x24
                    RenderTableRow {TR} at (0,2) size 139x20
                      RenderTableCell {TD} at (2,2) size 135x20 [r=0 c=0 rs=1 cs=1]
                        RenderText {#text} at (1,1) size 133x18
                          text run at (1,1) width 5 RTL: "."
                          text run at (5,1) width 129: "Center aligned table"
                RenderTable {TABLE} at (556,191) size 194x28 [border: (2px solid #0000FF)]
                  RenderTableSection {TBODY} at (2,2) size 190x24
                    RenderTableRow {TR} at (0,2) size 190x20
                      RenderTableCell {TD} at (2,2) size 186x20 [r=0 c=0 rs=1 cs=1]
                        RenderText {#text} at (1,1) size 184x18
                          text run at (1,1) width 5 RTL: "."
                          text run at (5,1) width 180: "Center table (fixed margins)"
        RenderTable {TABLE} at (2,3502) size 765x232 [border: (2px solid #0000FF)]
          RenderTableSection {TBODY} at (2,2) size 761x228
            RenderTableRow {TR} at (0,2) size 761x224
              RenderTableCell {TD} at (2,2) size 757x224 [border: (4px solid #800080)] [r=0 c=0 rs=1 cs=1]
                RenderBlock {DIV} at (344,5) size 408x26 [border: (2px solid #0000FF)]
                  RenderText {#text} at (120,4) size 284x18
                    text run at (120,4) width 284: "Normal fixed width div inside align=right td"
                RenderBlock {DIV} at (344,31) size 408x26 [border: (2px solid #0000FF)]
                  RenderText {#text} at (4,4) size 262x18
                    text run at (4,4) width 262: "Left fixed width div inside align=right td"
                RenderBlock {DIV} at (344,57) size 408x26 [border: (2px solid #0000FF)]
                  RenderText {#text} at (65,4) size 278x18
                    text run at (65,4) width 278: "Center fixed width div inside align=right td"
                RenderBlock {DIV} at (344,83) size 408x26 [border: (2px solid #0000FF)]
                  RenderText {#text} at (133,4) size 271x18
                    text run at (133,4) width 271: "Right fixed width div inside align=right td"
                RenderBlock {CENTER} at (344,109) size 408x26 [border: (2px solid #0000FF)]
                  RenderText {#text} at (60,4) size 288x18
                    text run at (60,4) width 288: "Center tag (fixed width) inside align=right td"
                RenderTable {TABLE} at (352,135) size 400x28 [border: (2px solid #0000FF)]
                  RenderTableSection {TBODY} at (2,2) size 396x24
                    RenderTableRow {TR} at (0,2) size 396x20
                      RenderTableCell {TD} at (2,2) size 392x20 [r=0 c=0 rs=1 cs=1]
                        RenderText {#text} at (303,1) size 88x18
                          text run at (303,1) width 5 RTL: "."
                          text run at (307,1) width 84: "Normal table"
                RenderTable {TABLE} at (178,163) size 401x28 [border: (2px solid #0000FF)]
                  RenderTableSection {TBODY} at (2,2) size 396x24
                    RenderTableRow {TR} at (0,2) size 396x20
                      RenderTableCell {TD} at (2,2) size 392x20 [r=0 c=0 rs=1 cs=1]
                        RenderText {#text} at (258,1) size 133x18
                          text run at (258,1) width 5 RTL: "."
                          text run at (262,1) width 129: "Center aligned table"
                RenderTable {TABLE} at (350,191) size 400x28 [border: (2px solid #0000FF)]
                  RenderTableSection {TBODY} at (2,2) size 396x24
                    RenderTableRow {TR} at (0,2) size 396x20
                      RenderTableCell {TD} at (2,2) size 392x20 [r=0 c=0 rs=1 cs=1]
                        RenderText {#text} at (207,1) size 184x18
                          text run at (207,1) width 5 RTL: "."
                          text run at (211,1) width 180: "Center table (fixed margins)"
