layer at (0,0) size 800x600
  RenderView at (0,0) size 800x600
layer at (0,0) size 800x600
  RenderBlock {HTML} at (0,0) size 800x600
    RenderBody {BODY} at (8,8) size 784x584
      RenderBlock {P} at (0,0) size 784x36
        RenderText {#text} at (0,0) size 108x18
          text run at (0,0) width 108: "This is a test for "
        RenderInline {I} at (0,0) size 716x36
          RenderInline {A} at (0,0) size 312x18 [color=#0000EE]
            RenderText {#text} at (107,0) size 312x18
              text run at (107,0) width 312: "https://bugs.webkit.org/show_bug.cgi?id=18809"
          RenderText {#text} at (418,0) size 716x36
            text run at (418,0) width 5: " "
            text run at (422,0) width 294: "Forms with block level generated content and"
            text run at (0,18) width 412: "absolutely positioned labels break inline layout (fixed on reflow)"
        RenderText {#text} at (411,18) size 5x18
          text run at (411,18) width 5: "."
      RenderBlock {DIV} at (0,52) size 784x36
        RenderBlock (anonymous) at (0,0) size 784x18
          RenderText {#text} at (0,0) size 99x18
            text run at (0,0) width 99: "This should be "
          RenderText {#text} at (98,0) size 82x18
            text run at (98,0) width 82: "a single line."
        RenderBlock (generated) at (0,18) size 784x18
          RenderText at (0,0) size 199x18
            text run at (0,0) width 199: "This should be the second line."
      RenderBlock {DIV} at (0,88) size 784x18
        RenderBlock {DIV} at (0,0) size 784x0
        RenderBlock (anonymous) at (0,0) size 784x18
          RenderText {#text} at (0,0) size 99x18
            text run at (0,0) width 99: "This should be "
          RenderText {#text} at (98,0) size 82x18
            text run at (98,0) width 82: "a single line."
      RenderBlock {DIV} at (0,106) size 784x18
        RenderBlock {DIV} at (0,0) size 784x0
        RenderBlock (anonymous) at (0,0) size 784x18
          RenderText {#text} at (98,0) size 82x18
            text run at (98,0) width 82: "a single line."
          RenderBlock (floating) {SPAN} at (0,0) size 99x18
            RenderText {#text} at (0,0) size 99x18
              text run at (0,0) width 99: "This should be "
