layer at (0,0) size 800x600
  RenderView at (0,0) size 800x600
layer at (0,0) size 800x600
  RenderBlock {HTML} at (0,0) size 800x600
    RenderBody {BODY} at (8,8) size 784x576
      RenderBlock {P} at (0,0) size 784x36
        RenderText {#text} at (0,0) size 260x18
          text run at (0,0) width 260: "This test checks for a regression against "
        RenderInline {I} at (0,0) size 771x36
          RenderInline {A} at (0,0) size 353x18 [color=#0000EE]
            RenderText {#text} at (259,0) size 353x18
              text run at (259,0) width 353: "http://bugzilla.opendarwin.org/show_bug.cgi?id=6214"
          RenderText {#text} at (611,0) size 771x36
            text run at (611,0) width 160: " text-indent in RTL block"
            text run at (0,18) width 112: "does the opposite"
        RenderText {#text} at (111,18) size 5x18
          text run at (111,18) width 5: "."
      RenderBlock {HR} at (0,52) size 784x2 [border: (1px inset #000000)]
      RenderBlock {P} at (0,70) size 784x36 [bgcolor=#00FFFF]
        RenderText {#text} at (25,0) size 759x36
          text run at (25,0) width 709: "The first line of this sententce should be indented 50 pixels to the left, but the rest of it should be flush with the"
          text run at (576,18) width 5 RTL: "."
          text run at (580,18) width 204: "normal right margin of the page"
