layer at (0,0) size 800x600
  RenderView at (0,0) size 800x600
layer at (0,0) size 800x600
  RenderBlock {HTML} at (0,0) size 800x600
    RenderBody {BODY} at (8,8) size 784x584
      RenderBlock {DIV} at (0,0) size 784x70
        RenderBlock {P} at (0,0) size 784x36
          RenderText {#text} at (0,0) size 54x18
            text run at (0,0) width 54: "Test for "
          RenderInline {A} at (0,0) size 129x18 [color=#0000EE]
            RenderText {#text} at (53,0) size 129x18
              text run at (53,0) width 129: "Bugzilla Bug 12423"
          RenderText {#text} at (181,0) size 771x36
            text run at (181,0) width 590: ": Mixing white-space:pre text with non white-space:pre text within a text-align:justify block"
            text run at (0,18) width 143: "causes text to overlap."
        RenderBlock {P} at (0,52) size 784x18
          RenderText {#text} at (0,0) size 354x18
            text run at (0,0) width 354: "Test passes if text wraps within all of the yellow boxes."
      RenderBlock {DIV} at (0,86) size 350x36 [bgcolor=#FFFF00]
        RenderText {#text} at (0,0) size 330x18
          text run at (0,0) width 330: "Typical for type are type=\"text/css\" for <style> and"
        RenderInline {SPAN} at (0,0) size 141x18
          RenderText {#text} at (0,18) size 141x18
            text run at (0,18) width 141: "type=\"text/javascript\""
        RenderText {#text} at (140,18) size 85x18
          text run at (140,18) width 85: " for <script>."
      RenderBlock {DIV} at (0,122) size 350x36 [bgcolor=#FFFF00]
        RenderText {#text} at (0,0) size 303x36
          text run at (0,0) width 303: "Typical for type are type=\"text/css\" for <style>"
          text run at (0,18) width 24: "and"
        RenderInline {SPAN} at (0,0) size 141x18
          RenderText {#text} at (23,18) size 141x18
            text run at (23,18) width 141: "type=\"text/javascript\""
        RenderText {#text} at (163,18) size 85x18
          text run at (163,18) width 85: " for <script>."
      RenderBlock {DIV} at (0,158) size 350x36 [bgcolor=#FFFF00]
        RenderText {#text} at (0,0) size 303x18
          text run at (0,0) width 303: "Typical for type are type=\"text/css\" for <style>"
        RenderInline {SPAN} at (0,0) size 24x18
          RenderText {#text} at (0,18) size 24x18
            text run at (0,18) width 24: "and"
        RenderInline {SPAN} at (0,0) size 141x18
          RenderText {#text} at (23,18) size 141x18
            text run at (23,18) width 141: "type=\"text/javascript\""
        RenderText {#text} at (163,18) size 85x18
          text run at (163,18) width 85: " for <script>."
      RenderBlock {DIV} at (0,194) size 350x36 [bgcolor=#FFFF00]
        RenderText {#text} at (0,0) size 250x36
          text run at (0,0) width 250: "Typical for type are type=\"text/css\" for"
          text run at (0,18) width 49: "<style>"
        RenderInline {SPAN} at (0,0) size 24x18
          RenderText {#text} at (48,18) size 24x18
            text run at (48,18) width 24: "and"
        RenderInline {SPAN} at (0,0) size 141x18
          RenderText {#text} at (71,18) size 141x18
            text run at (71,18) width 141: "type=\"text/javascript\""
        RenderText {#text} at (211,18) size 85x18
          text run at (211,18) width 85: " for <script>."
      RenderBlock {DIV} at (0,230) size 350x36 [bgcolor=#FFFF00]
        RenderText {#text} at (0,0) size 250x18
          text run at (0,0) width 250: "Typical for type are type=\"text/css\" for"
        RenderInline {SPAN} at (0,0) size 49x18
          RenderText {#text} at (0,18) size 49x18
            text run at (0,18) width 49: "<style>"
        RenderInline {SPAN} at (0,0) size 24x18
          RenderText {#text} at (48,18) size 24x18
            text run at (48,18) width 24: "and"
        RenderInline {SPAN} at (0,0) size 141x18
          RenderText {#text} at (71,18) size 141x18
            text run at (71,18) width 141: "type=\"text/javascript\""
        RenderText {#text} at (211,18) size 85x18
          text run at (211,18) width 85: " for <script>."
