layer at (0,0) size 800x600
  RenderView at (0,0) size 800x600
layer at (0,0) size 800x52
  RenderBlock {HTML} at (0,0) size 800x52
    RenderBody {BODY} at (8,8) size 784x36
      RenderText {#text} at (0,0) size 8x17
        text run at (0,0) width 8: "_"
      RenderMathMLMath {math} at (8,4) size 22x12
        RenderMathMLOperator {mo} at (9,0) size 13x12
          RenderBlock (anonymous) at (0,0) size 13x12
            RenderText {#text} at (0,-47) size 12x106
              text run at (0,-47) width 12 RTL: "+"
        RenderMathMLToken {mi} at (0,2) size 9x9 [padding: 0 0 0 2]
          RenderBlock (anonymous) at (0,0) size 8x8
            RenderText {#text} at (0,-50) size 8x106
              text run at (0,-50) width 8: "x"
      RenderText {#text} at (29,0) size 13x17
        text run at (29,0) width 13: "_ "
      RenderBR {BR} at (0,0) size 0x0
      RenderText {#text} at (0,18) size 8x17
        text run at (0,18) width 8: "_"
      RenderMathMLMath {math} at (8,22) size 77x14
        RenderMathMLToken {mi} at (68,2) size 9x9 [padding: 0 0 0 2]
          RenderBlock (anonymous) at (0,0) size 8x8
            RenderText {#text} at (0,-50) size 8x106
              text run at (0,-50) width 8: "x"
        RenderMathMLOperator {mo} at (8,0) size 60x12
          RenderBlock (anonymous) at (32,0) size 12x12
            RenderText {#text} at (0,-47) size 12x106
              text run at (0,-47) width 12 RTL: "+"
        RenderMathMLToken {mi} at (0,2) size 8x12 [padding: 0 0 0 2]
          RenderBlock (anonymous) at (0,0) size 8x11
            RenderText {#text} at (0,-50) size 8x106
              text run at (0,-50) width 8: "y"
      RenderText {#text} at (85,18) size 8x17
        text run at (85,18) width 8: "_"
