layer at (0,0) size 800x600
  RenderView at (0,0) size 800x600
layer at (0,0) size 800x600
  RenderBlock {HTML} at (0,0) size 800x600
    RenderBody {BODY} at (8,8) size 784x584
      RenderBlock (anonymous) at (0,0) size 784x20
        RenderText {#text} at (0,0) size 256x19
          text run at (0,0) width 256: "The textareas below should not overlap."
      RenderTable {TABLE} at (0,20) size 784x42
        RenderTableSection {TBODY} at (0,0) size 784x42
          RenderTableRow {TR} at (0,1) size 784x40
            RenderTableCell {TD} at (1,1) size 8x40 [r=0 c=0 rs=1 cs=1]
            RenderTableCell {TD} at (10,1) size 8x40 [r=0 c=1 rs=1 cs=1]
            RenderTableCell {TD} at (19,1) size 8x40 [r=0 c=2 rs=1 cs=1]
            RenderTableCell {TD} at (28,10) size 755x22 [r=0 c=3 rs=1 cs=1]
              RenderText {#text} at (1,1) size 4x19
                text run at (1,1) width 4: " "
      RenderBlock (anonymous) at (0,62) size 784x40
        RenderBR {BR} at (0,0) size 0x19
        RenderBR {BR} at (0,20) size 0x19
      RenderTable {TABLE} at (0,102) size 784x42
        RenderTableSection {TBODY} at (0,0) size 784x42
          RenderTableRow {TR} at (0,1) size 784x40
            RenderTableCell {TD} at (1,1) size 8x40 [r=0 c=0 rs=1 cs=1]
            RenderTableCell {TD} at (10,1) size 8x40 [r=0 c=1 rs=1 cs=1]
            RenderTableCell {TD} at (19,1) size 8x40 [r=0 c=2 rs=1 cs=1]
            RenderTableCell {TD} at (28,10) size 755x22 [r=0 c=3 rs=1 cs=1]
              RenderText {#text} at (1,1) size 4x19
                text run at (1,1) width 4: " "
layer at (10,32) size 6x34 clip at (11,33) size 4x32 scrollWidth 11 scrollHeight 46
  RenderTextControl {TEXTAREA} at (1,3) size 6x34 [bgcolor=#FFFFFF] [border: (1px solid #4C4C4C)]
    RenderBlock {DIV} at (3,3) size 6x42
      RenderText {#text} at (3,0) size 7x42
        text run at (3,0) width 7: "o"
        text run at (3,14) width 7: "n"
        text run at (3,28) width 7: "e"
layer at (19,32) size 6x34 clip at (20,33) size 4x32 scrollWidth 13 scrollHeight 46
  RenderTextControl {TEXTAREA} at (1,3) size 6x34 [bgcolor=#FFFFFF] [border: (1px solid #4C4C4C)]
    RenderBlock {DIV} at (3,3) size 6x42
      RenderText {#text} at (3,0) size 8x42
        text run at (3,0) width 4: "t"
        text run at (3,14) width 8: "w"
        text run at (3,28) width 7: "o"
layer at (28,32) size 6x34 clip at (29,33) size 4x32 scrollWidth 11 scrollHeight 74
  RenderTextControl {TEXTAREA} at (1,3) size 6x34 [bgcolor=#FFFFFF] [border: (1px solid #4C4C4C)]
    RenderBlock {DIV} at (3,3) size 6x70
      RenderText {#text} at (3,0) size 7x70
        text run at (3,0) width 4: "t"
        text run at (3,14) width 7: "h"
        text run at (3,28) width 4: "r"
        text run at (3,42) width 7: "e"
        text run at (3,56) width 7: "e"
layer at (10,114) size 6x34 clip at (11,115) size 4x32 scrollWidth 13 scrollHeight 186
  RenderTextControl {TEXTAREA} at (1,3) size 6x34 [bgcolor=#FFFFFF] [border: (1px solid #4C4C4C)]
    RenderBlock {DIV} at (3,3) size 6x182
      RenderText {#text} at (3,0) size 8x182
        text run at (3,0) width 7: "o"
        text run at (3,14) width 7: "n"
        text run at (3,28) width 7: "e"
        text run at (3,42) width 0: " "
        text run at (3,56) width 4: "t"
        text run at (3,70) width 8: "w"
        text run at (3,84) width 7: "o"
        text run at (3,98) width 0: " "
        text run at (3,112) width 4: "t"
        text run at (3,126) width 7: "h"
        text run at (3,140) width 4: "r"
        text run at (3,154) width 7: "e"
        text run at (3,168) width 7: "e"
layer at (19,114) size 6x34 clip at (20,115) size 4x32 scrollWidth 13 scrollHeight 46
  RenderTextControl {TEXTAREA} at (1,3) size 6x34 [bgcolor=#FFFFFF] [border: (1px solid #4C4C4C)]
    RenderBlock {DIV} at (3,3) size 6x42
      RenderText {#text} at (3,0) size 8x42
        text run at (3,0) width 4: "t"
        text run at (3,14) width 8: "w"
        text run at (3,28) width 7: "o"
layer at (28,114) size 6x34 clip at (29,115) size 4x32 scrollWidth 11 scrollHeight 74
  RenderTextControl {TEXTAREA} at (1,3) size 6x34 [bgcolor=#FFFFFF] [border: (1px solid #4C4C4C)]
    RenderBlock {DIV} at (3,3) size 6x70
      RenderText {#text} at (3,0) size 7x70
        text run at (3,0) width 4: "t"
        text run at (3,14) width 7: "h"
        text run at (3,28) width 4: "r"
        text run at (3,42) width 7: "e"
        text run at (3,56) width 7: "e"
