layer at (0,0) size 785x1102
  RenderView at (0,0) size 785x600
layer at (0,0) size 785x600
  RenderBlock {HTML} at (0,0) size 785x600
    RenderBody {BODY} at (8,8) size 761x584
layer at (617,8) size 160x584
  RenderBlock {P} at (0,0) size 160x584 [border: (10px solid #800000)]
    RenderMultiColumnSet at (30,30) size 100x524
layer at (229,38) size 518x164
  RenderMultiColumnFlowThread at (30,30) size 518x164
    RenderText {#text} at (0,0) size 36x133
      text run at (0,0) width 133: "This is some column"
      text run at (18,0) width 28: "text."
    RenderBR {BR} at (18,27) size 18x1
    RenderText {#text} at (36,0) size 36x133
      text run at (36,0) width 133: "This is some column"
      text run at (54,0) width 28: "text."
    RenderBR {BR} at (54,27) size 18x1
    RenderText {#text} at (72,0) size 46x133
      text run at (72,0) width 133: "This is some column"
      text run at (100,0) width 28: "text."
    RenderBR {BR} at (100,27) size 18x1
    RenderText {#text} at (118,0) size 36x133
      text run at (118,0) width 133: "This is some column"
      text run at (136,0) width 28: "text."
    RenderBR {BR} at (136,27) size 18x1
    RenderText {#text} at (154,0) size 36x133
      text run at (154,0) width 133: "This is some column"
      text run at (172,0) width 28: "text."
    RenderBR {BR} at (172,27) size 18x1
    RenderText {#text} at (200,0) size 36x133
      text run at (200,0) width 133: "This is some column"
      text run at (218,0) width 28: "text."
    RenderBR {BR} at (218,27) size 18x1
    RenderText {#text} at (236,0) size 36x133
      text run at (236,0) width 133: "This is some column"
      text run at (254,0) width 28: "text."
    RenderBR {BR} at (254,27) size 18x1
    RenderText {#text} at (272,0) size 46x133
      text run at (272,0) width 133: "This is some column"
      text run at (300,0) width 28: "text."
    RenderBR {BR} at (300,27) size 18x1
    RenderText {#text} at (318,0) size 36x133
      text run at (318,0) width 133: "This is some column"
      text run at (336,0) width 28: "text."
    RenderBR {BR} at (336,27) size 18x1
    RenderText {#text} at (354,0) size 36x133
      text run at (354,0) width 133: "This is some column"
      text run at (372,0) width 28: "text."
    RenderBR {BR} at (372,27) size 18x1
    RenderText {#text} at (400,0) size 36x133
      text run at (400,0) width 133: "This is some column"
      text run at (418,0) width 28: "text."
    RenderBR {BR} at (418,27) size 18x1
    RenderText {#text} at (436,0) size 36x133
      text run at (436,0) width 133: "This is some column"
      text run at (454,0) width 28: "text."
    RenderBR {BR} at (454,27) size 18x1
    RenderText {#text} at (472,0) size 46x133
      text run at (472,0) width 133: "This is some column"
      text run at (500,0) width 28: "text."
    RenderBR {BR} at (500,27) size 18x1
layer at (441,8) size 160x584
  RenderBlock {P} at (176,0) size 160x584 [border: (10px solid #800000)]
    RenderMultiColumnSet at (30,30) size 100x524
layer at (53,398) size 518x164
  RenderMultiColumnFlowThread at (30,390) size 518x164
    RenderText {#text} at (0,31) size 36x133
      text run at (0,31) width 133: "This is some column"
      text run at (18,136) width 4 RTL: "."
      text run at (18,140) width 24: "text"
    RenderBR {BR} at (18,136) size 18x1
    RenderText {#text} at (36,31) size 36x133
      text run at (36,31) width 133: "This is some column"
      text run at (54,136) width 4 RTL: "."
      text run at (54,140) width 24: "text"
    RenderBR {BR} at (54,136) size 18x1
    RenderText {#text} at (72,31) size 46x133
      text run at (72,31) width 133: "This is some column"
      text run at (100,136) width 4 RTL: "."
      text run at (100,140) width 24: "text"
    RenderBR {BR} at (100,136) size 18x1
    RenderText {#text} at (118,31) size 36x133
      text run at (118,31) width 133: "This is some column"
      text run at (136,136) width 4 RTL: "."
      text run at (136,140) width 24: "text"
    RenderBR {BR} at (136,136) size 18x1
    RenderText {#text} at (154,31) size 36x133
      text run at (154,31) width 133: "This is some column"
      text run at (172,136) width 4 RTL: "."
      text run at (172,140) width 24: "text"
    RenderBR {BR} at (172,136) size 18x1
    RenderText {#text} at (200,31) size 36x133
      text run at (200,31) width 133: "This is some column"
      text run at (218,136) width 4 RTL: "."
      text run at (218,140) width 24: "text"
    RenderBR {BR} at (218,136) size 18x1
    RenderText {#text} at (236,31) size 36x133
      text run at (236,31) width 133: "This is some column"
      text run at (254,136) width 4 RTL: "."
      text run at (254,140) width 24: "text"
    RenderBR {BR} at (254,136) size 18x1
    RenderText {#text} at (272,31) size 46x133
      text run at (272,31) width 133: "This is some column"
      text run at (300,136) width 4 RTL: "."
      text run at (300,140) width 24: "text"
    RenderBR {BR} at (300,136) size 18x1
    RenderText {#text} at (318,31) size 36x133
      text run at (318,31) width 133: "This is some column"
      text run at (336,136) width 4 RTL: "."
      text run at (336,140) width 24: "text"
    RenderBR {BR} at (336,136) size 18x1
    RenderText {#text} at (354,31) size 36x133
      text run at (354,31) width 133: "This is some column"
      text run at (372,136) width 4 RTL: "."
      text run at (372,140) width 24: "text"
    RenderBR {BR} at (372,136) size 18x1
    RenderText {#text} at (400,31) size 36x133
      text run at (400,31) width 133: "This is some column"
      text run at (418,136) width 4 RTL: "."
      text run at (418,140) width 24: "text"
    RenderBR {BR} at (418,136) size 18x1
    RenderText {#text} at (436,31) size 36x133
      text run at (436,31) width 133: "This is some column"
      text run at (454,136) width 4 RTL: "."
      text run at (454,140) width 24: "text"
    RenderBR {BR} at (454,136) size 18x1
    RenderText {#text} at (472,31) size 46x133
      text run at (472,31) width 133: "This is some column"
      text run at (500,136) width 4 RTL: "."
      text run at (500,140) width 24: "text"
    RenderBR {BR} at (500,136) size 18x1
