layer at (0,0) size 800x600
  RenderView at (0,0) size 800x600
layer at (0,0) size 800x600
  RenderBlock {HTML} at (0,0) size 800x600
    RenderBody {BODY} at (8,8) size 784x584
layer at (26,8) size 766x584
  RenderBlock {DIV} at (0,0) size 766x584 [border: (5px solid #000000)]
    RenderMultiColumnSet at (5,15) size 756x554
layer at (-1481,23) size 2268x174 backgroundClip at (0,0) size 800x600 clip at (0,0) size 800x600
  RenderMultiColumnFlowThread at (5,15) size 2268x174
    RenderText {#text} at (0,0) size 2268x174
      text run at (0,0) width 143: "Lorem ipsum dolor sit"
      text run at (18,0) width 120: "amet, consectetuer"
      text run at (36,0) width 134: "adipiscing elit. Nulla"
      text run at (54,0) width 119: "varius enim ac mi."
      text run at (72,0) width 169: "Curabitur sollicitudin felis"
      text run at (90,0) width 130: "quis lectus. Quisque"
      text run at (108,0) width 155: "adipiscing rhoncus sem."
      text run at (126,0) width 115: "Proin nulla purus,"
      text run at (144,0) width 151: "vulputate vel, varius ut,"
      text run at (162,0) width 168: "euismod et, nisi. Sed vitae"
      text run at (180,0) width 130: "felis vel orci sagittis"
      text run at (198,0) width 151: "aliquam. Cras convallis"
      text run at (216,0) width 135: "adipiscing sem. Nam"
      text run at (234,0) width 157: "nonummy enim. Nullam"
      text run at (252,0) width 164: "bibendum lobortis neque."
      text run at (270,0) width 139: "Vestibulum velit orci,"
      text run at (288,0) width 163: "tempus euismod, pretium"
      text run at (306,0) width 172: "quis, interdum vitae, nulla."
      text run at (324,0) width 138: "Phasellus eget ante et"
      text run at (342,0) width 128: "tortor condimentum"
      text run at (360,0) width 158: "vestibulum. Suspendisse"
      text run at (378,0) width 160: "hendrerit quam nec felis."
      text run at (396,0) width 143: "Sed varius turpis vitae"
      text run at (414,0) width 162: "pede. Lorem ipsum dolor"
      text run at (432,0) width 139: "sit amet, consectetuer"
      text run at (450,0) width 133: "adipiscing elit. Proin"
      text run at (468,0) width 158: "bibendum justo ac enim."
      text run at (486,0) width 174: "Class aptent taciti sociosqu"
      text run at (504,0) width 135: "ad litora torquent per"
      text run at (522,0) width 123: "conubia nostra, per"
      text run at (540,0) width 162: "inceptos hymenaeos. Sed"
      text run at (558,0) width 131: "leo nulla, rutrum eu,"
      text run at (576,0) width 147: "dictum ut, posuere vel,"
      text run at (594,0) width 156: "arcu. Nam libero. Morbi"
      text run at (612,0) width 97: "orci. Maecenas"
      text run at (630,0) width 150: "pellentesque. Curabitur"
      text run at (648,0) width 157: "erat erat, ullamcorper at,"
      text run at (666,0) width 172: "gravida vitae, iaculis vitae,"
      text run at (684,0) width 120: "elit. Nullam quam."
      text run at (702,0) width 128: "Quisque orci lectus,"
      text run at (720,0) width 166: "ullamcorper eu, imperdiet"
      text run at (738,0) width 157: "sed, accumsan et, ligula."
      text run at (756,0) width 162: "Duis diam nisl, sagittis a,"
      text run at (774,0) width 167: "blandit volutpat, interdum"
      text run at (792,0) width 139: "sed, velit. Vestibulum"
      text run at (810,0) width 134: "quam. Nulla a purus."
      text run at (828,0) width 161: "Phasellus semper semper"
      text run at (846,0) width 141: "lectus. Nulla porttitor,"
      text run at (864,0) width 158: "dolor dictum scelerisque"
      text run at (882,0) width 171: "luctus, velit ipsum lobortis"
      text run at (900,0) width 156: "mauris, ac pretium enim"
      text run at (918,0) width 132: "nunc vel risus. Proin"
      text run at (936,0) width 160: "gravida mi ut sem cursus"
      text run at (954,0) width 164: "mattis. Fusce laoreet, nisi"
      text run at (972,0) width 161: "quis luctus volutpat, arcu"
      text run at (990,0) width 158: "pede tincidunt enim, nec"
      text run at (1008,0) width 147: "malesuada urna nisl eu"
      text run at (1026,0) width 140: "enim. Vivamus varius"
      text run at (1044,0) width 100: "augue ac purus."
      text run at (1062,0) width 152: "Vestibulum vestibulum."
      text run at (1080,0) width 164: "Phasellus et est vitae ante"
      text run at (1098,0) width 166: "accumsan rhoncus. Morbi"
      text run at (1116,0) width 171: "convallis, arcu at hendrerit"
      text run at (1134,0) width 118: "gravida, sem diam"
      text run at (1152,0) width 174: "dignissim risus, sed aliquet"
      text run at (1170,0) width 170: "erat mi ut mi. Nunc cursus"
      text run at (1188,0) width 141: "lacinia elit. Nunc nisi."
      text run at (1206,0) width 101: "Quisque at erat."
      text run at (1224,0) width 161: "Vestibulum dictum quam"
      text run at (1242,0) width 172: "vitae nibh. Nunc vitae ante"
      text run at (1260,0) width 171: "non odio interdum blandit."
      text run at (1278,0) width 129: "Curabitur leo quam,"
      text run at (1296,0) width 169: "fermentum sed, feugiat in,"
      text run at (1314,0) width 135: "ullamcorper id, nibh."
      text run at (1332,0) width 159: "Suspendisse ac turpis. In"
      text run at (1350,0) width 147: "iaculis sollicitudin dui."
      text run at (1368,0) width 161: "Aenean vitae lectus vitae"
      text run at (1386,0) width 116: "nulla pellentesque"
      text run at (1404,0) width 167: "sollicitudin. Nunc gravida"
      text run at (1422,0) width 140: "pharetra lectus. Etiam"
      text run at (1440,0) width 153: "lacus ligula, placerat ut,"
      text run at (1458,0) width 162: "dictum vitae, tempus vel,"
      text run at (1476,0) width 127: "risus. Cras rhoncus."
      text run at (1494,0) width 153: "Praesent varius ultricies"
      text run at (1512,0) width 164: "orci. Donec mattis, neque"
      text run at (1530,0) width 148: "ut ornare fringilla, ante"
      text run at (1548,0) width 142: "urna placerat eros, vel"
      text run at (1566,0) width 148: "commodo nisi tortor ut"
      text run at (1584,0) width 167: "mauris. Morbi magna dui,"
      text run at (1602,0) width 165: "sagittis sit amet, tincidunt"
      text run at (1620,0) width 169: "et, elementum eget, quam."
      text run at (1638,0) width 158: "Fusce molestie nisl vitae"
      text run at (1656,0) width 164: "nisi. Vestibulum a sapien."
      text run at (1674,0) width 132: "Phasellus ante lacus,"
      text run at (1692,0) width 147: "vehicula non, cursus a,"
      text run at (1710,0) width 117: "tempor ut, magna."
      text run at (1728,0) width 172: "Suspendisse potenti. Fusce"
      text run at (1746,0) width 130: "aliquet, odio viverra"
      text run at (1764,0) width 148: "vulputate dictum, enim"
      text run at (1782,0) width 131: "odio luctus purus, ut"
      text run at (1800,0) width 147: "scelerisque quam nulla"
      text run at (1818,0) width 168: "non est. Donec eros lacus,"
      text run at (1836,0) width 167: "egestas vitae, lacinia quis,"
      text run at (1854,0) width 163: "tempor quis, pede. Morbi"
      text run at (1872,0) width 168: "orci erat, iaculis id, ornare"
      text run at (1890,0) width 147: "ac, elementum at, sem."
      text run at (1908,0) width 162: "Nunc ornare sodales nisi."
      text run at (1926,0) width 170: "Morbi interdum commodo"
      text run at (1944,0) width 158: "nisl. Fusce eget eros non"
      text run at (1962,0) width 154: "nisi ornare facilisis. Sed"
      text run at (1980,0) width 159: "placerat, est non posuere"
      text run at (1998,0) width 124: "posuere, purus sem"
      text run at (2016,0) width 168: "dignissim libero, a viverra"
      text run at (2034,0) width 142: "tellus dolor vel lorem."
      text run at (2052,0) width 174: "Cras augue. Etiam ultricies"
      text run at (2070,0) width 168: "consequat odio. Mauris ac"
      text run at (2088,0) width 142: "libero. Etiam posuere,"
      text run at (2106,0) width 131: "libero vitae euismod"
      text run at (2124,0) width 109: "gravida, urna elit"
      text run at (2142,0) width 136: "imperdiet magna, vel"
      text run at (2160,0) width 125: "cursus elit felis non"
      text run at (2178,0) width 155: "mauris. Donec orci erat,"
      text run at (2196,0) width 140: "porta id, dignissim ut,"
      text run at (2214,0) width 130: "posuere dictum, leo."
      text run at (2232,0) width 154: "Suspendisse scelerisque"
      text run at (2250,0) width 87: "egestas nulla."
