layer at (0,0) size 785x1141
  RenderView at (0,0) size 785x600
layer at (0,0) size 785x600
  RenderBlock {HTML} at (0,0) size 785x600
layer at (277,8) size 500x750
  RenderBody {BODY} at (8,8) size 500x750
    RenderMultiColumnSet at (0,0) size 500x750
layer at (-241,8) size 1018x367 backgroundClip at (0,0) size 785x1141 clip at (0,0) size 785x1141
  RenderMultiColumnFlowThread at (0,0) size 1018x367
    RenderBlock {H1} at (21,0) size 38x367
      RenderText {#text} at (0,0) size 37x166
        text run at (0,0) width 166: "Header One"
    RenderBlock (anonymous) at (79,0) size 199x367
      RenderText {#text} at (0,0) size 198x367
        text run at (0,0) width 364: "Lorem ipsum dolor sit amet, consectetuer adipiscing elit."
        text run at (18,0) width 362: "Nulla varius enim ac mi. Curabitur sollicitudin felis quis"
        text run at (36,0) width 332: "lectus. Quisque adipiscing rhoncus sem. Proin nulla"
        text run at (54,0) width 367: "purus, vulputate vel, varius ut, euismod et, nisi. Sed vitae"
        text run at (72,0) width 354: "felis vel orci sagittis aliquam. Cras convallis adipiscing"
        text run at (90,0) width 347: "sem. Nam nonummy enim. Nullam bibendum lobortis"
        text run at (108,0) width 351: "neque. Vestibulum velit orci, tempus euismod, pretium"
        text run at (126,0) width 353: "quis, interdum vitae, nulla. Phasellus eget ante et tortor"
        text run at (144,0) width 351: "condimentum vestibulum. Suspendisse hendrerit quam"
        text run at (162,0) width 333: "nec felis. Sed varius turpis vitae pede. Lorem ipsum"
        text run at (180,0) width 275: "dolor sit amet, consectetuer adipiscing elit."
    RenderBlock {H1} at (299,0) size 38x367
      RenderText {#text} at (0,0) size 37x167
        text run at (0,0) width 167: "Header Two"
    RenderBlock (anonymous) at (357,0) size 215x367
      RenderText {#text} at (0,0) size 215x367
        text run at (0,0) width 364: "Lorem ipsum dolor sit amet, consectetuer adipiscing elit."
        text run at (18,0) width 362: "Nulla varius enim ac mi. Curabitur sollicitudin felis quis"
        text run at (36,0) width 332: "lectus. Quisque adipiscing rhoncus sem. Proin nulla"
        text run at (54,0) width 367: "purus, vulputate vel, varius ut, euismod et, nisi. Sed vitae"
        text run at (72,0) width 354: "felis vel orci sagittis aliquam. Cras convallis adipiscing"
        text run at (90,0) width 347: "sem. Nam nonummy enim. Nullam bibendum lobortis"
        text run at (108,0) width 351: "neque. Vestibulum velit orci, tempus euismod, pretium"
        text run at (142,0) width 353: "quis, interdum vitae, nulla. Phasellus eget ante et tortor"
        text run at (160,0) width 351: "condimentum vestibulum. Suspendisse hendrerit quam"
        text run at (178,0) width 333: "nec felis. Sed varius turpis vitae pede. Lorem ipsum"
        text run at (196,0) width 275: "dolor sit amet, consectetuer adipiscing elit."
    RenderBlock {H1} at (593,0) size 38x367
      RenderText {#text} at (0,0) size 37x190
        text run at (0,0) width 190: "Header Three"
    RenderBlock {H1} at (907,0) size 38x367
      RenderText {#text} at (0,0) size 37x177
        text run at (0,0) width 177: "Header Four"
    RenderBlock (anonymous) at (965,0) size 53x367
      RenderText {#text} at (0,0) size 53x364
        text run at (0,0) width 364: "Lorem ipsum dolor sit amet, consectetuer adipiscing elit."
        text run at (34,0) width 158: "Nulla varius enim ac mi."
layer at (-109,8) size 234x367 backgroundClip at (0,0) size 785x1141 clip at (0,0) size 785x1141
  RenderBlock {DIV} at (651,0) size 235x367
    RenderMultiColumnSet at (0,0) size 234x367
layer at (-343,8) size 468x176 backgroundClip at (0,0) size 785x1141 clip at (0,0) size 785x1141
  RenderMultiColumnFlowThread at (0,0) size 468x176
    RenderText {#text} at (0,0) size 432x172
      text run at (0,0) width 143: "Lorem ipsum dolor sit"
      text run at (18,0) width 120: "amet, consectetuer"
      text run at (36,0) width 134: "adipiscing elit. Nulla"
      text run at (54,0) width 119: "varius enim ac mi."
      text run at (72,0) width 169: "Curabitur sollicitudin felis"
      text run at (90,0) width 130: "quis lectus. Quisque"
      text run at (108,0) width 155: "adipiscing rhoncus sem."
      text run at (126,0) width 115: "Proin nulla purus,"
      text run at (144,0) width 151: "vulputate vel, varius ut,"
      text run at (162,0) width 168: "euismod et, nisi. Sed vitae"
      text run at (180,0) width 130: "felis vel orci sagittis"
      text run at (198,0) width 151: "aliquam. Cras convallis"
      text run at (216,0) width 135: "adipiscing sem. Nam"
      text run at (234,0) width 157: "nonummy enim. Nullam"
      text run at (252,0) width 164: "bibendum lobortis neque."
      text run at (270,0) width 139: "Vestibulum velit orci,"
      text run at (288,0) width 163: "tempus euismod, pretium"
      text run at (306,0) width 172: "quis, interdum vitae, nulla."
      text run at (324,0) width 138: "Phasellus eget ante et"
      text run at (342,0) width 128: "tortor condimentum"
      text run at (360,0) width 158: "vestibulum. Suspendisse"
      text run at (378,0) width 160: "hendrerit quam nec felis."
      text run at (396,0) width 143: "Sed varius turpis vitae"
      text run at (414,0) width 39: "pede. "
    RenderText {#text} at (0,0) size 0x0
