layer at (0,0) size 800x600
  RenderView at (0,0) size 800x600
layer at (0,0) size 800x370
  RenderBlock {HTML} at (0,0) size 800x370
    RenderBody {BODY} at (8,8) size 784x354
      RenderTable {TABLE} at (0,0) size 600x47
        RenderTableSection {TBODY} at (0,0) size 600x47
          RenderTableRow {TR} at (0,2) size 600x13
            RenderTableCell {TD} at (2,2) size 198x13 [r=0 c=0 rs=1 cs=1]
              RenderText {#text} at (1,1) size 15x11
                text run at (1,1) width 15: "###"
            RenderTableCell {TD} at (201,2) size 198x13 [r=0 c=1 rs=1 cs=1]
              RenderText {#text} at (1,1) size 5x11
                text run at (1,1) width 5: "#"
            RenderTableCell {TD} at (400,2) size 199x13 [r=0 c=2 rs=1 cs=1]
              RenderText {#text} at (1,1) size 5x11
                text run at (1,1) width 5: "#"
          RenderTableRow {TR} at (0,17) size 600x13
            RenderTableCell {TD} at (2,17) size 198x13 [r=1 c=0 rs=1 cs=1]
              RenderText {#text} at (1,1) size 5x11
                text run at (1,1) width 5: "#"
            RenderTableCell {TD} at (201,17) size 198x13 [r=1 c=1 rs=1 cs=1]
              RenderText {#text} at (1,1) size 5x11
                text run at (1,1) width 5: "#"
            RenderTableCell {TD} at (400,17) size 199x13 [r=1 c=2 rs=1 cs=1]
              RenderText {#text} at (1,1) size 15x11
                text run at (1,1) width 15: "###"
          RenderTableRow {TR} at (0,32) size 600x13
            RenderTableCell {TD} at (2,32) size 198x13 [r=2 c=0 rs=1 cs=1]
              RenderText {#text} at (1,1) size 5x11
                text run at (1,1) width 5: "#"
            RenderTableCell {TD} at (201,32) size 198x13 [r=2 c=1 rs=1 cs=1]
              RenderText {#text} at (1,1) size 15x11
                text run at (1,1) width 15: "###"
            RenderTableCell {TD} at (400,32) size 199x13 [r=2 c=2 rs=1 cs=1]
              RenderText {#text} at (1,1) size 5x11
                text run at (1,1) width 5: "#"
      RenderTable {TABLE} at (0,47) size 600x47
        RenderTableSection {TBODY} at (0,0) size 600x47
          RenderTableRow {TR} at (0,2) size 600x13
            RenderTableCell {TD} at (2,2) size 198x13 [r=0 c=0 rs=1 cs=1]
              RenderText {#text} at (1,1) size 5x11
                text run at (1,1) width 5: "#"
            RenderTableCell {TD} at (201,2) size 198x13 [r=0 c=1 rs=1 cs=1]
              RenderText {#text} at (1,1) size 5x11
                text run at (1,1) width 5: "#"
            RenderTableCell {TD} at (400,2) size 199x13 [r=0 c=2 rs=1 cs=1]
              RenderText {#text} at (1,1) size 5x11
                text run at (1,1) width 5: "#"
          RenderTableRow {TR} at (0,17) size 600x13
            RenderTableCell {TD} at (2,17) size 597x13 [r=1 c=0 rs=1 cs=3]
              RenderText {#text} at (1,1) size 5x11
                text run at (1,1) width 5: "#"
          RenderTableRow {TR} at (0,32) size 600x13
            RenderTableCell {TD} at (2,32) size 397x13 [r=2 c=0 rs=1 cs=2]
              RenderText {#text} at (1,1) size 5x11
                text run at (1,1) width 5: "#"
            RenderTableCell {TD} at (400,32) size 199x13 [r=2 c=2 rs=1 cs=1]
              RenderText {#text} at (1,1) size 5x11
                text run at (1,1) width 5: "#"
      RenderTable {TABLE} at (0,94) size 600x47
        RenderTableSection {TBODY} at (0,0) size 600x47
          RenderTableRow {TR} at (0,2) size 600x13
            RenderTableCell {TD} at (2,2) size 280x13 [r=0 c=0 rs=1 cs=1]
              RenderText {#text} at (1,1) size 15x11
                text run at (1,1) width 15: "###"
            RenderTableCell {TD} at (283,2) size 198x13 [r=0 c=1 rs=1 cs=1]
              RenderText {#text} at (1,1) size 10x11
                text run at (1,1) width 10: "##"
            RenderTableCell {TD} at (482,2) size 117x13 [r=0 c=2 rs=1 cs=1]
              RenderText {#text} at (1,1) size 5x11
                text run at (1,1) width 5: "#"
          RenderTableRow {TR} at (0,17) size 600x13
            RenderTableCell {TD} at (2,17) size 597x13 [r=1 c=0 rs=1 cs=3]
              RenderText {#text} at (1,1) size 30x11
                text run at (1,1) width 30: "######"
          RenderTableRow {TR} at (0,32) size 600x13
            RenderTableCell {TD} at (2,32) size 479x13 [r=2 c=0 rs=1 cs=2]
              RenderText {#text} at (1,1) size 25x11
                text run at (1,1) width 25: "#####"
            RenderTableCell {TD} at (482,32) size 117x13 [r=2 c=2 rs=1 cs=1]
              RenderText {#text} at (1,1) size 5x11
                text run at (1,1) width 5: "#"
      RenderTable {TABLE} at (0,141) size 600x47
        RenderTableSection {TBODY} at (0,0) size 600x47
          RenderTableRow {TR} at (0,2) size 600x13
            RenderTableCell {TD} at (2,2) size 348x13 [r=0 c=0 rs=1 cs=1]
              RenderText {#text} at (1,1) size 25x11
                text run at (1,1) width 25: "#####"
            RenderTableCell {TD} at (351,2) size 155x13 [r=0 c=1 rs=1 cs=1]
              RenderText {#text} at (1,1) size 10x11
                text run at (1,1) width 10: "##"
            RenderTableCell {TD} at (507,2) size 92x13 [r=0 c=2 rs=1 cs=1]
              RenderText {#text} at (1,1) size 5x11
                text run at (1,1) width 5: "#"
          RenderTableRow {TR} at (0,17) size 600x13
            RenderTableCell {TD} at (2,17) size 597x13 [r=1 c=0 rs=1 cs=3]
              RenderText {#text} at (1,1) size 65x11
                text run at (1,1) width 65: "#############"
          RenderTableRow {TR} at (0,32) size 600x13
            RenderTableCell {TD} at (2,32) size 504x13 [r=2 c=0 rs=1 cs=2]
              RenderText {#text} at (1,1) size 35x11
                text run at (1,1) width 35: "#######"
            RenderTableCell {TD} at (507,32) size 92x13 [r=2 c=2 rs=1 cs=1]
              RenderText {#text} at (1,1) size 5x11
                text run at (1,1) width 5: "#"
      RenderTable {TABLE} at (0,188) size 600x47
        RenderTableSection {TBODY} at (0,0) size 600x47
          RenderTableRow {TR} at (0,2) size 600x13
            RenderTableCell {TD} at (2,2) size 348x13 [r=0 c=0 rs=1 cs=1]
              RenderText {#text} at (1,1) size 25x11
                text run at (1,1) width 25: "#####"
            RenderTableCell {TD} at (351,2) size 155x13 [r=0 c=1 rs=1 cs=1]
              RenderText {#text} at (1,1) size 10x11
                text run at (1,1) width 10: "##"
            RenderTableCell {TD} at (507,2) size 92x13 [r=0 c=2 rs=1 cs=1]
              RenderText {#text} at (1,1) size 5x11
                text run at (1,1) width 5: "#"
          RenderTableRow {TR} at (0,17) size 600x13
            RenderTableCell {TD} at (2,17) size 597x13 [r=1 c=0 rs=1 cs=3]
              RenderText {#text} at (1,1) size 65x11
                text run at (1,1) width 65: "#############"
          RenderTableRow {TR} at (0,32) size 600x13
            RenderTableCell {TD} at (2,32) size 348x13 [r=2 c=0 rs=1 cs=1]
              RenderText {#text} at (1,1) size 5x11
                text run at (1,1) width 5: "#"
            RenderTableCell {TD} at (351,32) size 248x13 [r=2 c=1 rs=1 cs=2]
              RenderText {#text} at (1,1) size 15x11
                text run at (1,1) width 15: "###"
      RenderTable {TABLE} at (0,235) size 600x119
        RenderTableSection {TBODY} at (0,0) size 600x119
          RenderTableRow {TR} at (0,20) size 600x13
            RenderTableCell {TD} at (20,20) size 286x13 [r=0 c=0 rs=1 cs=1]
              RenderText {#text} at (1,1) size 15x11
                text run at (1,1) width 15: "###"
            RenderTableCell {TD} at (325,20) size 118x13 [r=0 c=1 rs=1 cs=1]
              RenderText {#text} at (1,1) size 5x11
                text run at (1,1) width 5: "#"
            RenderTableCell {TD} at (462,20) size 119x13 [r=0 c=2 rs=1 cs=1]
              RenderText {#text} at (1,1) size 5x11
                text run at (1,1) width 5: "#"
          RenderTableRow {TR} at (0,53) size 600x13
            RenderTableCell {TD} at (20,53) size 561x13 [r=1 c=0 rs=1 cs=3]
              RenderText {#text} at (1,1) size 15x11
                text run at (1,1) width 15: "###"
          RenderTableRow {TR} at (0,86) size 600x13
            RenderTableCell {TD} at (20,86) size 423x13 [r=2 c=0 rs=1 cs=2]
              RenderText {#text} at (1,1) size 15x11
                text run at (1,1) width 15: "###"
            RenderTableCell {TD} at (462,86) size 119x13 [r=2 c=2 rs=1 cs=1]
              RenderText {#text} at (1,1) size 5x11
                text run at (1,1) width 5: "#"
