layer at (0,0) size 800x600
  RenderView at (0,0) size 800x600
layer at (0,0) size 800x209
  RenderBlock {HTML} at (0,0) size 800x209
    RenderBody {BODY} at (8,8) size 784x193
      RenderTable {TABLE} at (0,0) size 240x193 [border: (10px solid #008000)]
        RenderTableSection {TBODY} at (40,40) size 160x113
          RenderTableRow {TR} at (0,0) size 160x62
            RenderTableCell {TD} at (0,36) size 80x41 [border: (10px solid #FF0000)] [r=0 c=0 rs=2 cs=1]
            RenderTableCell {TD} at (80,0) size 80x62 [border: (10px solid #FF0000)] [r=0 c=1 rs=1 cs=1]
              RenderText {#text} at (20,20) size 39x22
                text run at (20,20) width 39: "fooo fooo"
                text run at (20,31) width 18: "fooo"
          RenderTableRow {TR} at (0,62) size 160x51
            RenderTableCell {TD} at (80,62) size 80x51 [border: (10px solid #FF0000)] [r=1 c=1 rs=1 cs=1]
              RenderText {#text} at (20,20) size 13x11
                text run at (20,20) width 13: "foo"
