layer at (0,0) size 800x600
  RenderView at (0,0) size 800x600
layer at (0,0) size 800x63
  RenderBlock {HTML} at (0,0) size 800x63
    RenderBody {BODY} at (8,8) size 784x47
      RenderTable {TABLE} at (0,0) size 600x47
        RenderTableSection {TBODY} at (0,0) size 600x47
          RenderTableRow {TR} at (0,2) size 600x13
            RenderTableCell {TD} at (2,2) size 597x13 [r=0 c=0 rs=1 cs=3]
              RenderText {#text} at (1,1) size 65x11
                text run at (1,1) width 65: "#############"
          RenderTableRow {TR} at (0,17) size 600x13
            RenderTableCell {TD} at (2,17) size 455x13 [r=1 c=0 rs=1 cs=2]
              RenderText {#text} at (1,1) size 30x11
                text run at (1,1) width 30: "######"
            RenderTableCell {TD} at (458,17) size 141x13 [r=1 c=2 rs=1 cs=1]
              RenderText {#text} at (1,1) size 10x11
                text run at (1,1) width 10: "##"
          RenderTableRow {TR} at (0,32) size 600x13
            RenderTableCell {TD} at (2,32) size 314x13 [r=2 c=0 rs=1 cs=1]
              RenderText {#text} at (1,1) size 25x11
                text run at (1,1) width 25: "#####"
            RenderTableCell {TD} at (317,32) size 140x13 [r=2 c=1 rs=1 cs=1]
              RenderText {#text} at (1,1) size 10x11
                text run at (1,1) width 10: "##"
            RenderTableCell {TD} at (458,32) size 141x13 [r=2 c=2 rs=1 cs=1]
              RenderText {#text} at (1,1) size 5x11
                text run at (1,1) width 5: "#"
