layer at (0,0) size 800x600
  RenderView at (0,0) size 800x600
layer at (0,0) size 800x370
  RenderBlock {HTML} at (0,0) size 800x370
    RenderBody {BODY} at (8,8) size 784x354
      RenderTable {TABLE} at (0,0) size 59x47
        RenderTableSection {TBODY} at (0,0) size 59x47
          RenderTableRow {TR} at (0,2) size 59x13
            RenderTableCell {TD} at (2,2) size 17x13 [r=0 c=0 rs=1 cs=1]
              RenderText {#text} at (1,1) size 15x11
                text run at (1,1) width 15: "###"
            RenderTableCell {TD} at (21,2) size 17x13 [r=0 c=1 rs=1 cs=1]
              RenderText {#text} at (1,1) size 5x11
                text run at (1,1) width 5: "#"
            RenderTableCell {TD} at (40,2) size 17x13 [r=0 c=2 rs=1 cs=1]
              RenderText {#text} at (1,1) size 5x11
                text run at (1,1) width 5: "#"
          RenderTableRow {TR} at (0,17) size 59x13
            RenderTableCell {TD} at (2,17) size 17x13 [r=1 c=0 rs=1 cs=1]
              RenderText {#text} at (1,1) size 5x11
                text run at (1,1) width 5: "#"
            RenderTableCell {TD} at (21,17) size 17x13 [r=1 c=1 rs=1 cs=1]
              RenderText {#text} at (1,1) size 5x11
                text run at (1,1) width 5: "#"
            RenderTableCell {TD} at (40,17) size 17x13 [r=1 c=2 rs=1 cs=1]
              RenderText {#text} at (1,1) size 15x11
                text run at (1,1) width 15: "###"
          RenderTableRow {TR} at (0,32) size 59x13
            RenderTableCell {TD} at (2,32) size 17x13 [r=2 c=0 rs=1 cs=1]
              RenderText {#text} at (1,1) size 5x11
                text run at (1,1) width 5: "#"
            RenderTableCell {TD} at (21,32) size 17x13 [r=2 c=1 rs=1 cs=1]
              RenderText {#text} at (1,1) size 15x11
                text run at (1,1) width 15: "###"
            RenderTableCell {TD} at (40,32) size 17x13 [r=2 c=2 rs=1 cs=1]
              RenderText {#text} at (1,1) size 5x11
                text run at (1,1) width 5: "#"
      RenderTable {TABLE} at (0,47) size 29x47
        RenderTableSection {TBODY} at (0,0) size 29x47
          RenderTableRow {TR} at (0,2) size 29x13
            RenderTableCell {TD} at (2,2) size 7x13 [r=0 c=0 rs=1 cs=1]
              RenderText {#text} at (1,1) size 5x11
                text run at (1,1) width 5: "#"
            RenderTableCell {TD} at (11,2) size 7x13 [r=0 c=1 rs=1 cs=1]
              RenderText {#text} at (1,1) size 5x11
                text run at (1,1) width 5: "#"
            RenderTableCell {TD} at (20,2) size 7x13 [r=0 c=2 rs=1 cs=1]
              RenderText {#text} at (1,1) size 5x11
                text run at (1,1) width 5: "#"
          RenderTableRow {TR} at (0,17) size 29x13
            RenderTableCell {TD} at (2,17) size 25x13 [r=1 c=0 rs=1 cs=3]
              RenderText {#text} at (1,1) size 5x11
                text run at (1,1) width 5: "#"
          RenderTableRow {TR} at (0,32) size 29x13
            RenderTableCell {TD} at (2,32) size 16x13 [r=2 c=0 rs=1 cs=2]
              RenderText {#text} at (1,1) size 5x11
                text run at (1,1) width 5: "#"
            RenderTableCell {TD} at (20,32) size 7x13 [r=2 c=2 rs=1 cs=1]
              RenderText {#text} at (1,1) size 5x11
                text run at (1,1) width 5: "#"
      RenderTable {TABLE} at (0,94) size 44x47
        RenderTableSection {TBODY} at (0,0) size 44x47
          RenderTableRow {TR} at (0,2) size 44x13
            RenderTableCell {TD} at (2,2) size 17x13 [r=0 c=0 rs=1 cs=1]
              RenderText {#text} at (1,1) size 15x11
                text run at (1,1) width 15: "###"
            RenderTableCell {TD} at (21,2) size 12x13 [r=0 c=1 rs=1 cs=1]
              RenderText {#text} at (1,1) size 10x11
                text run at (1,1) width 10: "##"
            RenderTableCell {TD} at (35,2) size 7x13 [r=0 c=2 rs=1 cs=1]
              RenderText {#text} at (1,1) size 5x11
                text run at (1,1) width 5: "#"
          RenderTableRow {TR} at (0,17) size 44x13
            RenderTableCell {TD} at (2,17) size 40x13 [r=1 c=0 rs=1 cs=3]
              RenderText {#text} at (1,1) size 30x11
                text run at (1,1) width 30: "######"
          RenderTableRow {TR} at (0,32) size 44x13
            RenderTableCell {TD} at (2,32) size 31x13 [r=2 c=0 rs=1 cs=2]
              RenderText {#text} at (1,1) size 25x11
                text run at (1,1) width 25: "#####"
            RenderTableCell {TD} at (35,32) size 7x13 [r=2 c=2 rs=1 cs=1]
              RenderText {#text} at (1,1) size 5x11
                text run at (1,1) width 5: "#"
      RenderTable {TABLE} at (0,141) size 71x47
        RenderTableSection {TBODY} at (0,0) size 71x47
          RenderTableRow {TR} at (0,2) size 71x13
            RenderTableCell {TD} at (2,2) size 37x13 [r=0 c=0 rs=1 cs=1]
              RenderText {#text} at (1,1) size 25x11
                text run at (1,1) width 25: "#####"
            RenderTableCell {TD} at (40,2) size 18x13 [r=0 c=1 rs=1 cs=1]
              RenderText {#text} at (1,1) size 10x11
                text run at (1,1) width 10: "##"
            RenderTableCell {TD} at (59,2) size 11x13 [r=0 c=2 rs=1 cs=1]
              RenderText {#text} at (1,1) size 5x11
                text run at (1,1) width 5: "#"
          RenderTableRow {TR} at (0,17) size 71x13
            RenderTableCell {TD} at (2,17) size 68x13 [r=1 c=0 rs=1 cs=3]
              RenderText {#text} at (1,1) size 65x11
                text run at (1,1) width 65: "#############"
          RenderTableRow {TR} at (0,32) size 71x13
            RenderTableCell {TD} at (2,32) size 56x13 [r=2 c=0 rs=1 cs=2]
              RenderText {#text} at (1,1) size 35x11
                text run at (1,1) width 35: "#######"
            RenderTableCell {TD} at (59,32) size 11x13 [r=2 c=2 rs=1 cs=1]
              RenderText {#text} at (1,1) size 5x11
                text run at (1,1) width 5: "#"
      RenderTable {TABLE} at (0,188) size 71x47
        RenderTableSection {TBODY} at (0,0) size 71x47
          RenderTableRow {TR} at (0,2) size 71x13
            RenderTableCell {TD} at (2,2) size 37x13 [r=0 c=0 rs=1 cs=1]
              RenderText {#text} at (1,1) size 25x11
                text run at (1,1) width 25: "#####"
            RenderTableCell {TD} at (40,2) size 18x13 [r=0 c=1 rs=1 cs=1]
              RenderText {#text} at (1,1) size 10x11
                text run at (1,1) width 10: "##"
            RenderTableCell {TD} at (59,2) size 11x13 [r=0 c=2 rs=1 cs=1]
              RenderText {#text} at (1,1) size 5x11
                text run at (1,1) width 5: "#"
          RenderTableRow {TR} at (0,17) size 71x13
            RenderTableCell {TD} at (2,17) size 68x13 [r=1 c=0 rs=1 cs=3]
              RenderText {#text} at (1,1) size 65x11
                text run at (1,1) width 65: "#############"
          RenderTableRow {TR} at (0,32) size 71x13
            RenderTableCell {TD} at (2,32) size 37x13 [r=2 c=0 rs=1 cs=1]
              RenderText {#text} at (1,1) size 5x11
                text run at (1,1) width 5: "#"
            RenderTableCell {TD} at (40,32) size 30x13 [r=2 c=1 rs=1 cs=2]
              RenderText {#text} at (1,1) size 15x11
                text run at (1,1) width 15: "###"
      RenderTable {TABLE} at (0,235) size 111x119
        RenderTableSection {TBODY} at (0,0) size 111x119
          RenderTableRow {TR} at (0,20) size 111x13
            RenderTableCell {TD} at (20,20) size 17x13 [r=0 c=0 rs=1 cs=1]
              RenderText {#text} at (1,1) size 15x11
                text run at (1,1) width 15: "###"
            RenderTableCell {TD} at (57,20) size 7x13 [r=0 c=1 rs=1 cs=1]
              RenderText {#text} at (1,1) size 5x11
                text run at (1,1) width 5: "#"
            RenderTableCell {TD} at (84,20) size 7x13 [r=0 c=2 rs=1 cs=1]
              RenderText {#text} at (1,1) size 5x11
                text run at (1,1) width 5: "#"
          RenderTableRow {TR} at (0,53) size 111x13
            RenderTableCell {TD} at (20,53) size 71x13 [r=1 c=0 rs=1 cs=3]
              RenderText {#text} at (1,1) size 15x11
                text run at (1,1) width 15: "###"
          RenderTableRow {TR} at (0,86) size 111x13
            RenderTableCell {TD} at (20,86) size 44x13 [r=2 c=0 rs=1 cs=2]
              RenderText {#text} at (1,1) size 15x11
                text run at (1,1) width 15: "###"
            RenderTableCell {TD} at (84,86) size 7x13 [r=2 c=2 rs=1 cs=1]
              RenderText {#text} at (1,1) size 5x11
                text run at (1,1) width 5: "#"
