layer at (0,0) size 800x600
  RenderView at (0,0) size 800x600
layer at (0,0) size 800x484
  RenderBlock {HTML} at (0,0) size 800x484
    RenderBody {BODY} at (8,8) size 784x468
      RenderTable {TABLE} at (0,0) size 51x39
        RenderTableSection {TBODY} at (0,0) size 51x39
          RenderTableRow {TR} at (0,0) size 51x13
            RenderTableCell {TD} at (0,0) size 17x13 [r=0 c=0 rs=1 cs=1]
              RenderText {#text} at (1,1) size 15x11
                text run at (1,1) width 15: "###"
            RenderTableCell {TD} at (17,0) size 17x13 [r=0 c=1 rs=1 cs=1]
              RenderText {#text} at (1,1) size 5x11
                text run at (1,1) width 5: "#"
            RenderTableCell {TD} at (34,0) size 17x13 [r=0 c=2 rs=1 cs=1]
              RenderText {#text} at (1,1) size 5x11
                text run at (1,1) width 5: "#"
          RenderTableRow {TR} at (0,13) size 51x13
            RenderTableCell {TD} at (0,13) size 17x13 [r=1 c=0 rs=1 cs=1]
              RenderText {#text} at (1,1) size 5x11
                text run at (1,1) width 5: "#"
            RenderTableCell {TD} at (17,13) size 17x13 [r=1 c=1 rs=1 cs=1]
              RenderText {#text} at (1,1) size 5x11
                text run at (1,1) width 5: "#"
            RenderTableCell {TD} at (34,13) size 17x13 [r=1 c=2 rs=1 cs=1]
              RenderText {#text} at (1,1) size 15x11
                text run at (1,1) width 15: "###"
          RenderTableRow {TR} at (0,26) size 51x13
            RenderTableCell {TD} at (0,26) size 17x13 [r=2 c=0 rs=1 cs=1]
              RenderText {#text} at (1,1) size 5x11
                text run at (1,1) width 5: "#"
            RenderTableCell {TD} at (17,26) size 17x13 [r=2 c=1 rs=1 cs=1]
              RenderText {#text} at (1,1) size 15x11
                text run at (1,1) width 15: "###"
            RenderTableCell {TD} at (34,26) size 17x13 [r=2 c=2 rs=1 cs=1]
              RenderText {#text} at (1,1) size 5x11
                text run at (1,1) width 5: "#"
      RenderTable {TABLE} at (0,39) size 21x39
        RenderTableSection {TBODY} at (0,0) size 21x39
          RenderTableRow {TR} at (0,0) size 21x13
            RenderTableCell {TD} at (0,0) size 7x13 [r=0 c=0 rs=1 cs=1]
              RenderText {#text} at (1,1) size 5x11
                text run at (1,1) width 5: "#"
            RenderTableCell {TD} at (7,0) size 7x13 [r=0 c=1 rs=1 cs=1]
              RenderText {#text} at (1,1) size 5x11
                text run at (1,1) width 5: "#"
            RenderTableCell {TD} at (14,0) size 7x13 [r=0 c=2 rs=1 cs=1]
              RenderText {#text} at (1,1) size 5x11
                text run at (1,1) width 5: "#"
          RenderTableRow {TR} at (0,13) size 21x13
            RenderTableCell {TD} at (0,13) size 21x13 [r=1 c=0 rs=1 cs=3]
              RenderText {#text} at (1,1) size 5x11
                text run at (1,1) width 5: "#"
          RenderTableRow {TR} at (0,26) size 21x13
            RenderTableCell {TD} at (0,26) size 14x13 [r=2 c=0 rs=1 cs=2]
              RenderText {#text} at (1,1) size 5x11
                text run at (1,1) width 5: "#"
            RenderTableCell {TD} at (14,26) size 7x13 [r=2 c=2 rs=1 cs=1]
              RenderText {#text} at (1,1) size 5x11
                text run at (1,1) width 5: "#"
      RenderTable {TABLE} at (0,78) size 36x39
        RenderTableSection {TBODY} at (0,0) size 36x39
          RenderTableRow {TR} at (0,0) size 36x13
            RenderTableCell {TD} at (0,0) size 17x13 [r=0 c=0 rs=1 cs=1]
              RenderText {#text} at (1,1) size 15x11
                text run at (1,1) width 15: "###"
            RenderTableCell {TD} at (17,0) size 12x13 [r=0 c=1 rs=1 cs=1]
              RenderText {#text} at (1,1) size 10x11
                text run at (1,1) width 10: "##"
            RenderTableCell {TD} at (29,0) size 7x13 [r=0 c=2 rs=1 cs=1]
              RenderText {#text} at (1,1) size 5x11
                text run at (1,1) width 5: "#"
          RenderTableRow {TR} at (0,13) size 36x13
            RenderTableCell {TD} at (0,13) size 36x13 [r=1 c=0 rs=1 cs=3]
              RenderText {#text} at (1,1) size 30x11
                text run at (1,1) width 30: "######"
          RenderTableRow {TR} at (0,26) size 36x13
            RenderTableCell {TD} at (0,26) size 29x13 [r=2 c=0 rs=1 cs=2]
              RenderText {#text} at (1,1) size 25x11
                text run at (1,1) width 25: "#####"
            RenderTableCell {TD} at (29,26) size 7x13 [r=2 c=2 rs=1 cs=1]
              RenderText {#text} at (1,1) size 5x11
                text run at (1,1) width 5: "#"
      RenderTable {TABLE} at (0,117) size 67x39
        RenderTableSection {TBODY} at (0,0) size 67x39
          RenderTableRow {TR} at (0,0) size 67x13
            RenderTableCell {TD} at (0,0) size 40x13 [r=0 c=0 rs=1 cs=1]
              RenderText {#text} at (1,1) size 25x11
                text run at (1,1) width 25: "#####"
            RenderTableCell {TD} at (39,0) size 18x13 [r=0 c=1 rs=1 cs=1]
              RenderText {#text} at (1,1) size 10x11
                text run at (1,1) width 10: "##"
            RenderTableCell {TD} at (56,0) size 12x13 [r=0 c=2 rs=1 cs=1]
              RenderText {#text} at (1,1) size 5x11
                text run at (1,1) width 5: "#"
          RenderTableRow {TR} at (0,13) size 67x13
            RenderTableCell {TD} at (0,13) size 68x13 [r=1 c=0 rs=1 cs=3]
              RenderText {#text} at (1,1) size 65x11
                text run at (1,1) width 65: "#############"
          RenderTableRow {TR} at (0,26) size 67x13
            RenderTableCell {TD} at (0,26) size 57x13 [r=2 c=0 rs=1 cs=2]
              RenderText {#text} at (1,1) size 35x11
                text run at (1,1) width 35: "#######"
            RenderTableCell {TD} at (56,26) size 12x13 [r=2 c=2 rs=1 cs=1]
              RenderText {#text} at (1,1) size 5x11
                text run at (1,1) width 5: "#"
      RenderTable {TABLE} at (0,156) size 67x39
        RenderTableSection {TBODY} at (0,0) size 67x39
          RenderTableRow {TR} at (0,0) size 67x13
            RenderTableCell {TD} at (0,0) size 40x13 [r=0 c=0 rs=1 cs=1]
              RenderText {#text} at (1,1) size 25x11
                text run at (1,1) width 25: "#####"
            RenderTableCell {TD} at (39,0) size 18x13 [r=0 c=1 rs=1 cs=1]
              RenderText {#text} at (1,1) size 10x11
                text run at (1,1) width 10: "##"
            RenderTableCell {TD} at (56,0) size 12x13 [r=0 c=2 rs=1 cs=1]
              RenderText {#text} at (1,1) size 5x11
                text run at (1,1) width 5: "#"
          RenderTableRow {TR} at (0,13) size 67x13
            RenderTableCell {TD} at (0,13) size 68x13 [r=1 c=0 rs=1 cs=3]
              RenderText {#text} at (1,1) size 65x11
                text run at (1,1) width 65: "#############"
          RenderTableRow {TR} at (0,26) size 67x13
            RenderTableCell {TD} at (0,26) size 40x13 [r=2 c=0 rs=1 cs=1]
              RenderText {#text} at (1,1) size 5x11
                text run at (1,1) width 5: "#"
            RenderTableCell {TD} at (39,26) size 29x13 [r=2 c=1 rs=1 cs=2]
              RenderText {#text} at (1,1) size 15x11
                text run at (1,1) width 15: "###"
      RenderTable {TABLE} at (0,195) size 31x39
        RenderTableSection {TBODY} at (0,0) size 31x39
          RenderTableRow {TR} at (0,0) size 31x13
            RenderTableCell {TD} at (0,0) size 17x13 [r=0 c=0 rs=1 cs=1]
              RenderText {#text} at (1,1) size 15x11
                text run at (1,1) width 15: "###"
            RenderTableCell {TD} at (17,0) size 7x13 [r=0 c=1 rs=1 cs=1]
              RenderText {#text} at (1,1) size 5x11
                text run at (1,1) width 5: "#"
            RenderTableCell {TD} at (24,0) size 7x13 [r=0 c=2 rs=1 cs=1]
              RenderText {#text} at (1,1) size 5x11
                text run at (1,1) width 5: "#"
          RenderTableRow {TR} at (0,13) size 31x13
            RenderTableCell {TD} at (0,13) size 31x13 [r=1 c=0 rs=1 cs=3]
              RenderText {#text} at (1,1) size 15x11
                text run at (1,1) width 15: "###"
          RenderTableRow {TR} at (0,26) size 31x13
            RenderTableCell {TD} at (0,26) size 24x13 [r=2 c=0 rs=1 cs=2]
              RenderText {#text} at (1,1) size 15x11
                text run at (1,1) width 15: "###"
            RenderTableCell {TD} at (24,26) size 7x13 [r=2 c=2 rs=1 cs=1]
              RenderText {#text} at (1,1) size 5x11
                text run at (1,1) width 5: "#"
      RenderTable {TABLE} at (0,234) size 600x39
        RenderTableSection {TBODY} at (0,0) size 600x39
          RenderTableRow {TR} at (0,0) size 600x13
            RenderTableCell {TD} at (0,0) size 200x13 [r=0 c=0 rs=1 cs=1]
              RenderText {#text} at (1,1) size 15x11
                text run at (1,1) width 15: "###"
            RenderTableCell {TD} at (200,0) size 200x13 [r=0 c=1 rs=1 cs=1]
              RenderText {#text} at (1,1) size 5x11
                text run at (1,1) width 5: "#"
            RenderTableCell {TD} at (400,0) size 200x13 [r=0 c=2 rs=1 cs=1]
              RenderText {#text} at (1,1) size 5x11
                text run at (1,1) width 5: "#"
          RenderTableRow {TR} at (0,13) size 600x13
            RenderTableCell {TD} at (0,13) size 200x13 [r=1 c=0 rs=1 cs=1]
              RenderText {#text} at (1,1) size 5x11
                text run at (1,1) width 5: "#"
            RenderTableCell {TD} at (200,13) size 200x13 [r=1 c=1 rs=1 cs=1]
              RenderText {#text} at (1,1) size 5x11
                text run at (1,1) width 5: "#"
            RenderTableCell {TD} at (400,13) size 200x13 [r=1 c=2 rs=1 cs=1]
              RenderText {#text} at (1,1) size 15x11
                text run at (1,1) width 15: "###"
          RenderTableRow {TR} at (0,26) size 600x13
            RenderTableCell {TD} at (0,26) size 200x13 [r=2 c=0 rs=1 cs=1]
              RenderText {#text} at (1,1) size 5x11
                text run at (1,1) width 5: "#"
            RenderTableCell {TD} at (200,26) size 200x13 [r=2 c=1 rs=1 cs=1]
              RenderText {#text} at (1,1) size 15x11
                text run at (1,1) width 15: "###"
            RenderTableCell {TD} at (400,26) size 200x13 [r=2 c=2 rs=1 cs=1]
              RenderText {#text} at (1,1) size 5x11
                text run at (1,1) width 5: "#"
      RenderTable {TABLE} at (0,273) size 600x39
        RenderTableSection {TBODY} at (0,0) size 600x39
          RenderTableRow {TR} at (0,0) size 600x13
            RenderTableCell {TD} at (0,0) size 200x13 [r=0 c=0 rs=1 cs=1]
              RenderText {#text} at (1,1) size 5x11
                text run at (1,1) width 5: "#"
            RenderTableCell {TD} at (200,0) size 200x13 [r=0 c=1 rs=1 cs=1]
              RenderText {#text} at (1,1) size 5x11
                text run at (1,1) width 5: "#"
            RenderTableCell {TD} at (400,0) size 200x13 [r=0 c=2 rs=1 cs=1]
              RenderText {#text} at (1,1) size 5x11
                text run at (1,1) width 5: "#"
          RenderTableRow {TR} at (0,13) size 600x13
            RenderTableCell {TD} at (0,13) size 600x13 [r=1 c=0 rs=1 cs=3]
              RenderText {#text} at (1,1) size 5x11
                text run at (1,1) width 5: "#"
          RenderTableRow {TR} at (0,26) size 600x13
            RenderTableCell {TD} at (0,26) size 400x13 [r=2 c=0 rs=1 cs=2]
              RenderText {#text} at (1,1) size 5x11
                text run at (1,1) width 5: "#"
            RenderTableCell {TD} at (400,26) size 200x13 [r=2 c=2 rs=1 cs=1]
              RenderText {#text} at (1,1) size 5x11
                text run at (1,1) width 5: "#"
      RenderTable {TABLE} at (0,312) size 600x39
        RenderTableSection {TBODY} at (0,0) size 600x39
          RenderTableRow {TR} at (0,0) size 600x13
            RenderTableCell {TD} at (0,0) size 284x13 [r=0 c=0 rs=1 cs=1]
              RenderText {#text} at (1,1) size 15x11
                text run at (1,1) width 15: "###"
            RenderTableCell {TD} at (283,0) size 201x13 [r=0 c=1 rs=1 cs=1]
              RenderText {#text} at (1,1) size 10x11
                text run at (1,1) width 10: "##"
            RenderTableCell {TD} at (483,0) size 118x13 [r=0 c=2 rs=1 cs=1]
              RenderText {#text} at (1,1) size 5x11
                text run at (1,1) width 5: "#"
          RenderTableRow {TR} at (0,13) size 600x13
            RenderTableCell {TD} at (0,13) size 601x13 [r=1 c=0 rs=1 cs=3]
              RenderText {#text} at (1,1) size 30x11
                text run at (1,1) width 30: "######"
          RenderTableRow {TR} at (0,26) size 600x13
            RenderTableCell {TD} at (0,26) size 484x13 [r=2 c=0 rs=1 cs=2]
              RenderText {#text} at (1,1) size 25x11
                text run at (1,1) width 25: "#####"
            RenderTableCell {TD} at (483,26) size 118x13 [r=2 c=2 rs=1 cs=1]
              RenderText {#text} at (1,1) size 5x11
                text run at (1,1) width 5: "#"
      RenderTable {TABLE} at (0,351) size 600x39
        RenderTableSection {TBODY} at (0,0) size 600x39
          RenderTableRow {TR} at (0,0) size 600x13
            RenderTableCell {TD} at (0,0) size 353x13 [r=0 c=0 rs=1 cs=1]
              RenderText {#text} at (1,1) size 25x11
                text run at (1,1) width 25: "#####"
            RenderTableCell {TD} at (352,0) size 157x13 [r=0 c=1 rs=1 cs=1]
              RenderText {#text} at (1,1) size 10x11
                text run at (1,1) width 10: "##"
            RenderTableCell {TD} at (508,0) size 93x13 [r=0 c=2 rs=1 cs=1]
              RenderText {#text} at (1,1) size 5x11
                text run at (1,1) width 5: "#"
          RenderTableRow {TR} at (0,13) size 600x13
            RenderTableCell {TD} at (0,13) size 601x13 [r=1 c=0 rs=1 cs=3]
              RenderText {#text} at (1,1) size 65x11
                text run at (1,1) width 65: "#############"
          RenderTableRow {TR} at (0,26) size 600x13
            RenderTableCell {TD} at (0,26) size 509x13 [r=2 c=0 rs=1 cs=2]
              RenderText {#text} at (1,1) size 35x11
                text run at (1,1) width 35: "#######"
            RenderTableCell {TD} at (508,26) size 93x13 [r=2 c=2 rs=1 cs=1]
              RenderText {#text} at (1,1) size 5x11
                text run at (1,1) width 5: "#"
      RenderTable {TABLE} at (0,390) size 600x39
        RenderTableSection {TBODY} at (0,0) size 600x39
          RenderTableRow {TR} at (0,0) size 600x13
            RenderTableCell {TD} at (0,0) size 353x13 [r=0 c=0 rs=1 cs=1]
              RenderText {#text} at (1,1) size 25x11
                text run at (1,1) width 25: "#####"
            RenderTableCell {TD} at (352,0) size 157x13 [r=0 c=1 rs=1 cs=1]
              RenderText {#text} at (1,1) size 10x11
                text run at (1,1) width 10: "##"
            RenderTableCell {TD} at (508,0) size 93x13 [r=0 c=2 rs=1 cs=1]
              RenderText {#text} at (1,1) size 5x11
                text run at (1,1) width 5: "#"
          RenderTableRow {TR} at (0,13) size 600x13
            RenderTableCell {TD} at (0,13) size 601x13 [r=1 c=0 rs=1 cs=3]
              RenderText {#text} at (1,1) size 65x11
                text run at (1,1) width 65: "#############"
          RenderTableRow {TR} at (0,26) size 600x13
            RenderTableCell {TD} at (0,26) size 353x13 [r=2 c=0 rs=1 cs=1]
              RenderText {#text} at (1,1) size 5x11
                text run at (1,1) width 5: "#"
            RenderTableCell {TD} at (352,26) size 249x13 [r=2 c=1 rs=1 cs=2]
              RenderText {#text} at (1,1) size 15x11
                text run at (1,1) width 15: "###"
      RenderTable {TABLE} at (0,429) size 600x39
        RenderTableSection {TBODY} at (0,0) size 600x39
          RenderTableRow {TR} at (0,0) size 600x13
            RenderTableCell {TD} at (0,0) size 330x13 [r=0 c=0 rs=1 cs=1]
              RenderText {#text} at (1,1) size 15x11
                text run at (1,1) width 15: "###"
            RenderTableCell {TD} at (329,0) size 136x13 [r=0 c=1 rs=1 cs=1]
              RenderText {#text} at (1,1) size 5x11
                text run at (1,1) width 5: "#"
            RenderTableCell {TD} at (464,0) size 137x13 [r=0 c=2 rs=1 cs=1]
              RenderText {#text} at (1,1) size 5x11
                text run at (1,1) width 5: "#"
          RenderTableRow {TR} at (0,13) size 600x13
            RenderTableCell {TD} at (0,13) size 601x13 [r=1 c=0 rs=1 cs=3]
              RenderText {#text} at (1,1) size 15x11
                text run at (1,1) width 15: "###"
          RenderTableRow {TR} at (0,26) size 600x13
            RenderTableCell {TD} at (0,26) size 465x13 [r=2 c=0 rs=1 cs=2]
              RenderText {#text} at (1,1) size 15x11
                text run at (1,1) width 15: "###"
            RenderTableCell {TD} at (464,26) size 137x13 [r=2 c=2 rs=1 cs=1]
              RenderText {#text} at (1,1) size 5x11
                text run at (1,1) width 5: "#"
