layer at (0,0) size 800x600
  RenderView at (0,0) size 800x600
layer at (0,0) size 800x257
  RenderBlock {HTML} at (0,0) size 800x257
    RenderBody {BODY} at (8,8) size 784x241
      RenderTable {TABLE} at (0,0) size 157x126 [border: (10px solid #008000)]
        RenderTableSection {TBODY} at (40,40) size 77x46
          RenderTableRow {TR} at (0,0) size 77x24
            RenderTableCell {TD} at (0,11) size 33x2 [r=0 c=0 rs=1 cs=1]
            RenderTableCell {TD} at (32,0) size 46x24 [r=0 c=1 rs=1 cs=1]
              RenderText {#text} at (1,1) size 24x22
                text run at (1,1) width 24: "iiiiiiii"
                text run at (1,12) width 24: "iiiiiiii"
          RenderTableRow {TR} at (0,24) size 77x22
            RenderTableCell {TD} at (0,34) size 33x2 [r=1 c=0 rs=1 cs=1]
            RenderTableCell {TD} at (32,28) size 46x14 [r=1 c=1 rs=1 cs=1]
              RenderText {#text} at (1,1) size 24x12
                text run at (1,2) width 24: "iiiiiiii"
      RenderTable {TABLE} at (0,126) size 157x115 [border: (10px solid #008000)]
        RenderTableSection {TBODY} at (40,40) size 77x35
          RenderTableRow {TR} at (0,0) size 77x13
            RenderTableCell {TD} at (0,5) size 24x3 [r=0 c=0 rs=1 cs=1]
            RenderTableCell {TD} at (24,0) size 53x13 [r=0 c=1 rs=1 cs=1]
              RenderText {#text} at (1,1) size 51x11
                text run at (1,1) width 51: "iiiiiiii iiiiiiii"
          RenderTableRow {TR} at (0,13) size 77x22
            RenderTableCell {TD} at (0,23) size 24x2 [r=1 c=0 rs=1 cs=1]
            RenderTableCell {TD} at (24,17) size 53x14 [r=1 c=1 rs=1 cs=1]
              RenderText {#text} at (1,1) size 24x12
                text run at (1,2) width 24: "iiiiiiii"
