layer at (0,0) size 800x600
  RenderView at (0,0) size 800x600
layer at (0,0) size 800x136 layerType: background only
layer at (50,100) size 400x50
  RenderBlock (positioned) zI: -1 {DIV} at (50,100) size 400x50 [bgcolor=#FF0000]
layer at (50,250) size 400x50
  RenderBlock (positioned) zI: -1 {DIV} at (50,250) size 400x50 [bgcolor=#FF0000]
layer at (0,0) size 800x136 layerType: foreground only
  RenderBlock {HTML} at (0,0) size 800x136
    RenderBody {BODY} at (50,50) size 700x36
      RenderBlock {P} at (0,0) size 700x36
        RenderInline {A} at (0,0) size 305x18 [color=#0000EE]
          RenderText {#text} at (0,0) size 305x18
            text run at (0,0) width 305: "https://bugs.webkit.org/show_bug.cgi?id=22570"
        RenderText {#text} at (305,0) size 697x36
          text run at (305,0) width 61: ". Test for "
          text run at (366,0) width 331: "reflection painting on overflow:hidden element. You"
          text run at (0,18) width 188: "should not see any red below."
layer at (50,100) size 400x200
  RenderBlock (positioned) {DIV} at (50,100) size 400x200
layer at (50,100) size 400x200
  RenderBlock (relative positioned) {DIV} at (0,0) size 400x200
layer at (50,100) size 400x50
  RenderBlock (positioned) {DIV} at (0,0) size 400x50 [bgcolor=#008000]
    RenderText {#text} at (0,0) size 26x18
      text run at (0,0) width 26: "Top"
layer at (50,250) size 400x50
  RenderBlock (positioned) {DIV} at (0,150) size 400x50 [bgcolor=#008000]
    RenderText {#text} at (0,0) size 47x18
      text run at (0,0) width 47: "Bottom"
