layer at (0,0) size 800x600
  RenderView at (0,0) size 800x600
layer at (0,0) size 800x50
  RenderBlock {html} at (0,0) size 800x50
    RenderBody {body} at (8,16) size 784x18 [color=#008000]
      RenderBlock {p} at (0,0) size 784x18
        RenderText {#text} at (0,0) size 33x18
          text run at (0,0) width 33: "This "
        RenderInline {span} at (0,0) size 25x18
          RenderText {#text} at (32,0) size 25x18
            text run at (32,0) width 25: "text"
        RenderText {#text} at (56,0) size 71x18
          text run at (56,0) width 71: " should be "
        RenderInline {span} at (0,0) size 36x18
          RenderText {#text} at (126,0) size 36x18
            text run at (126,0) width 36: "green"
        RenderText {#text} at (161,0) size 5x18
          text run at (161,0) width 5: "."
