layer at (0,0) size 800x600
  RenderView at (0,0) size 800x600
layer at (0,0) size 800x346
  RenderBlock {html} at (0,0) size 800x346
    RenderBody {body} at (8,16) size 784x322
      RenderBlock {p} at (0,0) size 784x18
        RenderText {#text} at (0,0) size 140x18
          text run at (0,0) width 140: "Test passes if there is "
        RenderInline {strong} at (0,0) size 45x18
          RenderText {#text} at (139,0) size 45x18
            text run at (139,0) width 45: "no red"
        RenderText {#text} at (183,0) size 5x18
          text run at (183,0) width 5: "."
      RenderBlock {div} at (0,34) size 784x24 [color=#FFFFFF]
        RenderText {#text} at (0,0) size 131x23
          text run at (0,0) width 131: "1st test FAILED"
      RenderBlock {div} at (0,58) size 784x24 [color=#FFFFFF]
        RenderText {#text} at (0,0) size 138x23
          text run at (0,0) width 138: "2nd test FAILED"
      RenderBlock {div} at (0,82) size 784x24 [color=#FFFFFF]
        RenderText {#text} at (0,0) size 135x23
          text run at (0,0) width 135: "3rd test FAILED"
      RenderBlock {div} at (0,106) size 784x24 [color=#FFFFFF]
        RenderText {#text} at (0,0) size 133x23
          text run at (0,0) width 133: "4th test FAILED"
      RenderBlock {div} at (0,130) size 784x24 [color=#FFFFFF]
        RenderText {#text} at (0,0) size 133x23
          text run at (0,0) width 133: "5th test FAILED"
      RenderBlock {div} at (0,154) size 784x24 [color=#FFFFFF]
        RenderText {#text} at (0,0) size 133x23
          text run at (0,0) width 133: "6th test FAILED"
      RenderBlock {div} at (0,178) size 784x24 [color=#FFFFFF]
        RenderText {#text} at (0,0) size 133x23
          text run at (0,0) width 133: "7th test FAILED"
      RenderBlock {div} at (0,202) size 784x24 [color=#FFFFFF]
        RenderText {#text} at (0,0) size 133x23
          text run at (0,0) width 133: "8th test FAILED"
      RenderBlock {div} at (0,226) size 784x24 [color=#FFFFFF]
        RenderText {#text} at (0,0) size 133x23
          text run at (0,0) width 133: "9th test FAILED"
      RenderBlock {div} at (0,250) size 784x24 [color=#FFFFFF]
        RenderText {#text} at (0,0) size 143x23
          text run at (0,0) width 143: "10th test FAILED"
      RenderBlock {div} at (0,274) size 784x24 [color=#FFFFFF]
        RenderText {#text} at (0,0) size 143x23
          text run at (0,0) width 143: "11th test FAILED"
      RenderBlock {div} at (0,298) size 784x24 [color=#FFFFFF]
        RenderText {#text} at (0,0) size 143x23
          text run at (0,0) width 143: "12th test FAILED"
