layer at (0,0) size 800x600
  RenderView at (0,0) size 800x600
layer at (0,0) size 800x84
  RenderBlock {html} at (0,0) size 800x84
    RenderBody {body} at (8,16) size 784x52
      RenderBlock {p} at (0,0) size 784x18
        RenderText {#text} at (0,0) size 294x18
          text run at (0,0) width 294: "Test passes if the \"Filler Text\" below is green."
      RenderBlock {p} at (0,34) size 784x18 [color=#008000]
        RenderText {#text} at (0,0) size 67x18
          text run at (0,0) width 67: "Filler Text"
