layer at (0,0) size 785x669
  RenderView at (0,0) size 785x600
layer at (0,0) size 785x669
  RenderBlock {HTML} at (0,0) size 785x669
    RenderBody {BODY} at (8,8) size 769x645 [color=#333333] [bgcolor=#FFFFFF]
      RenderTable {TABLE} at (0,0) size 636x617 [border: (1px outset #808080)]
        RenderTableSection {TBODY} at (1,1) size 634x615
          RenderTableRow {TR} at (0,0) size 634x24
            RenderTableCell {TD} at (0,0) size 148x615 [bgcolor=#660000] [border: (1px inset #808080)] [r=0 c=0 rs=6 cs=1]
              RenderInline {B} at (0,0) size 65x18
                RenderInline {A} at (0,0) size 65x18
                  RenderInline {FONT} at (0,0) size 65x15 [color=#FFFFFF]
                    RenderText {#text} at (4,4) size 65x15
                      text run at (4,4) width 65: "MARKETS"
                  RenderBR {BR} at (68,2) size 1x18
              RenderText {#text} at (0,0) size 0x0
              RenderInline {A} at (0,0) size 33x18
                RenderInline {FONT} at (0,0) size 33x15 [color=#FFFFFF]
                  RenderText {#text} at (4,19) size 33x15
                    text run at (4,19) width 33: "News"
                RenderBR {BR} at (36,17) size 1x18
              RenderText {#text} at (0,0) size 0x0
              RenderInline {A} at (0,0) size 40x18
                RenderInline {FONT} at (0,0) size 40x15 [color=#FFFFFF]
                  RenderText {#text} at (4,34) size 40x15
                    text run at (4,34) width 40: "Stocks"
                RenderBR {BR} at (43,32) size 1x18
              RenderText {#text} at (0,0) size 0x0
              RenderInline {A} at (0,0) size 71x18
                RenderInline {FONT} at (0,0) size 71x15 [color=#FFFFFF]
                  RenderText {#text} at (4,49) size 71x15
                    text run at (4,49) width 71: "Tech Stocks"
                RenderBR {BR} at (74,47) size 1x18
              RenderText {#text} at (0,0) size 0x0
              RenderInline {A} at (0,0) size 115x18
                RenderInline {FONT} at (0,0) size 115x15 [color=#FFFFFF]
                  RenderText {#text} at (4,64) size 115x15
                    text run at (4,64) width 115: "Stocks on the Move"
                RenderBR {BR} at (118,62) size 1x18
              RenderText {#text} at (0,0) size 0x0
              RenderInline {A} at (0,0) size 66x18
                RenderInline {FONT} at (0,0) size 66x15 [color=#FFFFFF]
                  RenderText {#text} at (4,79) size 66x15
                    text run at (4,79) width 66: "IPO Center"
                RenderBR {BR} at (69,77) size 1x18
              RenderText {#text} at (0,0) size 0x0
              RenderInline {A} at (0,0) size 79x18
                RenderInline {FONT} at (0,0) size 79x15 [color=#FFFFFF]
                  RenderText {#text} at (4,94) size 79x15
                    text run at (4,94) width 79: "World Indices"
                RenderBR {BR} at (82,92) size 1x18
              RenderText {#text} at (0,0) size 0x0
              RenderInline {A} at (0,0) size 87x18
                RenderInline {FONT} at (0,0) size 87x15 [color=#FFFFFF]
                  RenderInline {NOBR} at (0,0) size 87x15
                    RenderText {#text} at (4,109) size 87x15
                      text run at (4,109) width 87: "Rates & Bonds"
                RenderBR {BR} at (90,107) size 1x18
              RenderText {#text} at (0,0) size 0x0
              RenderInline {A} at (0,0) size 90x18
                RenderInline {FONT} at (0,0) size 90x15 [color=#FFFFFF]
                  RenderText {#text} at (4,124) size 90x15
                    text run at (4,124) width 90: "U.S. Treasuries"
                RenderBR {BR} at (93,122) size 1x18
              RenderText {#text} at (0,0) size 0x0
              RenderInline {A} at (0,0) size 63x18
                RenderInline {FONT} at (0,0) size 63x15 [color=#FFFFFF]
                  RenderText {#text} at (4,139) size 63x15
                    text run at (4,139) width 63: "Currencies"
                RenderBR {BR} at (66,137) size 1x18
              RenderText {#text} at (0,0) size 0x0
              RenderInline {A} at (0,0) size 115x18
                RenderInline {FONT} at (0,0) size 115x15 [color=#FFFFFF]
                  RenderText {#text} at (4,154) size 115x15
                    text run at (4,154) width 115: "Currency Calculator"
                RenderBR {BR} at (118,152) size 1x18
              RenderText {#text} at (0,0) size 0x0
              RenderInline {A} at (0,0) size 76x18
                RenderInline {FONT} at (0,0) size 76x15 [color=#FFFFFF]
                  RenderText {#text} at (4,169) size 76x15
                    text run at (4,169) width 76: "Commodities"
                RenderBR {BR} at (79,167) size 1x18
              RenderBR {BR} at (4,184) size 0x18
              RenderInline {B} at (0,0) size 48x18
                RenderInline {A} at (0,0) size 48x18
                  RenderInline {FONT} at (0,0) size 48x15 [color=#FFFFFF]
                    RenderText {#text} at (4,202) size 48x15
                      text run at (4,202) width 48: "MONEY"
                  RenderBR {BR} at (51,200) size 1x18
              RenderText {#text} at (0,0) size 0x0
              RenderInline {A} at (0,0) size 79x18
                RenderInline {FONT} at (0,0) size 79x15 [color=#FFFFFF]
                  RenderText {#text} at (4,217) size 79x15
                    text run at (4,217) width 79: "Mutual Funds"
                RenderBR {BR} at (82,215) size 1x18
              RenderText {#text} at (0,0) size 0x0
              RenderInline {A} at (0,0) size 48x18
                RenderInline {FONT} at (0,0) size 48x15 [color=#FFFFFF]
                  RenderText {#text} at (4,232) size 48x15
                    text run at (4,232) width 48: "Portfolio"
                RenderBR {BR} at (51,230) size 1x18
              RenderText {#text} at (0,0) size 0x0
              RenderInline {A} at (0,0) size 72x18
                RenderInline {FONT} at (0,0) size 72x15 [color=#FFFFFF]
                  RenderText {#text} at (4,247) size 72x15
                    text run at (4,247) width 72: "Loan Center"
                RenderBR {BR} at (75,245) size 1x18
              RenderText {#text} at (0,0) size 0x0
              RenderInline {A} at (0,0) size 118x18
                RenderInline {FONT} at (0,0) size 118x15 [color=#FFFFFF]
                  RenderText {#text} at (4,262) size 118x15
                    text run at (4,262) width 118: "Mortgage Calculator"
                RenderBR {BR} at (121,260) size 1x18
              RenderText {#text} at (0,0) size 0x0
              RenderInline {A} at (0,0) size 53x18
                RenderInline {FONT} at (0,0) size 53x15 [color=#FFFFFF]
                  RenderText {#text} at (4,277) size 53x15
                    text run at (4,277) width 53: "Investing"
                RenderBR {BR} at (56,275) size 1x18
              RenderText {#text} at (0,0) size 0x0
              RenderInline {A} at (0,0) size 64x18
                RenderInline {FONT} at (0,0) size 64x15 [color=#FFFFFF]
                  RenderText {#text} at (4,292) size 64x15
                    text run at (4,292) width 64: "Retirement"
                RenderBR {BR} at (67,290) size 1x18
              RenderText {#text} at (0,0) size 0x0
              RenderInline {A} at (0,0) size 121x18
                RenderInline {FONT} at (0,0) size 121x15 [color=#FFFFFF]
                  RenderText {#text} at (4,307) size 121x15
                    text run at (4,307) width 121: "Negocios Bloomberg"
                RenderBR {BR} at (124,305) size 1x18
              RenderBR {BR} at (4,322) size 0x18
              RenderInline {B} at (0,0) size 78x18
                RenderInline {A} at (0,0) size 78x18
                  RenderInline {FONT} at (0,0) size 78x15 [color=#FFFFFF]
                    RenderText {#text} at (4,340) size 78x15
                      text run at (4,340) width 78: "MAGAZINES"
                  RenderBR {BR} at (82,338) size 0x18
              RenderText {#text} at (0,0) size 0x0
              RenderInline {A} at (0,0) size 102x18
                RenderInline {FONT} at (0,0) size 102x15 [color=#FFFFFF]
                  RenderText {#text} at (4,355) size 102x15
                    text run at (4,355) width 102: "Personal Finance"
                RenderBR {BR} at (105,353) size 1x18
              RenderText {#text} at (0,0) size 0x0
              RenderInline {A} at (0,0) size 96x18
                RenderInline {FONT} at (0,0) size 96x15 [color=#FFFFFF]
                  RenderText {#text} at (4,370) size 96x15
                    text run at (4,370) width 96: "Wealth Manager"
                RenderBR {BR} at (99,368) size 1x18
              RenderBR {BR} at (4,385) size 0x18
              RenderInline {FONT} at (0,0) size 124x15 [color=#FFFFFF]
                RenderInline {B} at (0,0) size 124x15
                  RenderText {#text} at (4,403) size 124x15
                    text run at (4,403) width 124: "BUSINESS CENTER"
                RenderBR {BR} at (127,403) size 1x15
              RenderText {#text} at (0,0) size 0x0
              RenderInline {A} at (0,0) size 89x18
                RenderInline {FONT} at (0,0) size 89x15 [color=#FFFFFF]
                  RenderText {#text} at (4,418) size 89x15
                    text run at (4,418) width 89: "Small Business"
                RenderBR {BR} at (92,416) size 1x18
              RenderBR {BR} at (4,433) size 0x18
              RenderInline {B} at (0,0) size 64x18
                RenderInline {A} at (0,0) size 64x18
                  RenderInline {FONT} at (0,0) size 64x15 [color=#FFFFFF]
                    RenderText {#text} at (4,451) size 64x15
                      text run at (4,451) width 64: "CAREERS"
                  RenderBR {BR} at (67,449) size 1x18
              RenderBR {BR} at (4,466) size 0x18
              RenderInline {B} at (0,0) size 29x18
                RenderInline {A} at (0,0) size 29x18
                  RenderInline {FONT} at (0,0) size 29x15 [color=#FFFFFF]
                    RenderText {#text} at (4,484) size 29x15
                      text run at (4,484) width 29: "LIFE"
                  RenderBR {BR} at (32,482) size 1x18
              RenderText {#text} at (0,0) size 0x0
              RenderInline {A} at (0,0) size 99x18
                RenderInline {FONT} at (0,0) size 99x15 [color=#FFFFFF]
                  RenderText {#text} at (4,499) size 99x15
                    text run at (4,499) width 99: "The Finer Things"
                RenderBR {BR} at (102,497) size 1x18
              RenderText {#text} at (0,0) size 0x0
              RenderInline {A} at (0,0) size 38x18
                RenderInline {FONT} at (0,0) size 38x15 [color=#FFFFFF]
                  RenderText {#text} at (4,514) size 38x15
                    text run at (4,514) width 38: "Sports"
                RenderBR {BR} at (41,512) size 1x18
              RenderText {#text} at (0,0) size 0x0
              RenderInline {A} at (0,0) size 76x18
                RenderInline {FONT} at (0,0) size 76x15 [color=#FFFFFF]
                  RenderText {#text} at (4,529) size 76x15
                    text run at (4,529) width 76: "Charlie Rose"
                RenderBR {BR} at (79,527) size 1x18
              RenderText {#text} at (0,0) size 0x0
              RenderInline {A} at (0,0) size 77x18
                RenderInline {FONT} at (0,0) size 77x15 [color=#FFFFFF]
                  RenderText {#text} at (4,544) size 77x15
                    text run at (4,544) width 77: "B-Commerce"
                RenderBR {BR} at (80,542) size 1x18
              RenderBR {BR} at (4,559) size 0x18
              RenderImage {IMG} at (4,577) size 140x1
              RenderBR {BR} at (144,564) size 0x18
              RenderInline {A} at (0,0) size 72x18
                RenderInline {FONT} at (0,0) size 72x15 [color=#FFFFFF]
                  RenderText {#text} at (4,578) size 72x15
                    text run at (4,578) width 72: "To Advertise"
                RenderBR {BR} at (75,576) size 1x18
              RenderBR {BR} at (4,593) size 0x18
            RenderTableCell {TD} at (148,0) size 486x24 [bgcolor=#660000] [border: (1px inset #808080)] [r=0 c=1 rs=1 cs=3]
              RenderImage {IMG} at (10,4) size 466x16
          RenderTableRow {TR} at (0,24) size 634x69
            RenderTableCell {TD} at (148,24) size 128x69 [border: (1px inset #808080)] [r=1 c=1 rs=1 cs=1]
              RenderInline {A} at (0,0) size 120x18
                RenderText {#text} at (0,0) size 0x0
                RenderImage {IMG} at (4,4) size 120x60
              RenderText {#text} at (0,0) size 0x0
              RenderText {#text} at (0,0) size 0x0
              RenderImage {IMG} at (4,64) size 120x1
            RenderTableCell {TD} at (276,24) size 175x69 [border: (1px inset #808080)] [r=1 c=2 rs=1 cs=1]
              RenderInline {A} at (0,0) size 167x18
                RenderText {#text} at (0,0) size 0x0
                RenderImage {IMG} at (4,4) size 167x60
              RenderText {#text} at (0,0) size 0x0
              RenderText {#text} at (0,0) size 0x0
              RenderImage {IMG} at (4,64) size 167x1
            RenderTableCell {TD} at (451,24) size 183x521 [bgcolor=#CCCC99] [border: (1px inset #808080)] [r=1 c=3 rs=6 cs=1]
              RenderBlock (anonymous) at (4,4) size 175x26
                RenderInline {FONT} at (0,0) size 137x13
                  RenderInline {FONT} at (0,0) size 137x11
                    RenderInline {SPAN} at (0,0) size 137x11
                      RenderText {#text} at (19,0) size 137x11
                        text run at (19,0) width 137: "Tue, 27 Jul 1999, 2:47pm EDT"
                      RenderBR {BR} at (155,0) size 1x11
                RenderText {#text} at (0,0) size 0x0
                RenderInline {FONT} at (0,0) size 105x15 [color=#000000]
                  RenderInline {B} at (0,0) size 105x15
                    RenderInline {SPAN} at (0,0) size 105x15
                      RenderText {#text} at (35,11) size 105x15
                        text run at (35,11) width 105: "Market Snapshot"
                      RenderBR {BR} at (139,11) size 1x15
                RenderText {#text} at (0,0) size 0x0
              RenderBlock {CENTER} at (4,30) size 175x487
                RenderInline {A} at (0,0) size 175x18
                  RenderImage {IMG} at (0,0) size 175x270
                RenderText {#text} at (0,0) size 0x0
                RenderText {#text} at (0,0) size 0x0
                RenderInline {A} at (0,0) size 168x48
                  RenderText {#text} at (0,0) size 0x0
                  RenderImage {IMG} at (7,270) size 161x30
                RenderText {#text} at (0,0) size 0x0
                RenderText {#text} at (0,0) size 0x0
                RenderInline {FONT} at (0,0) size 151x15 [color=#000000]
                  RenderInline {B} at (0,0) size 151x15
                    RenderInline {SPAN} at (0,0) size 151x15
                      RenderText {#text} at (12,300) size 151x15
                        text run at (12,300) width 151: "Financial Market Update"
                      RenderBR {BR} at (162,300) size 1x15
                RenderText {#text} at (0,0) size 0x0
                RenderInline {FONT} at (0,0) size 83x11
                  RenderInline {A} at (0,0) size 33x11
                    RenderText {#text} at (46,315) size 33x11
                      text run at (46,315) width 33: "AUDIO"
                  RenderText {#text} at (78,315) size 17x11
                    text run at (78,315) width 17: "  |   "
                  RenderInline {A} at (0,0) size 32x11
                    RenderText {#text} at (94,315) size 32x11
                      text run at (94,315) width 32: "VIDEO"
                  RenderText {#text} at (125,315) size 4x11
                    text run at (125,315) width 4: " "
                RenderBR {BR} at (128,310) size 1x18
                RenderBR {BR} at (87,326) size 1x18
                RenderBR {BR} at (87,344) size 1x18
                RenderInline {A} at (0,0) size 125x18
                  RenderText {#text} at (0,0) size 0x0
                  RenderImage {IMG} at (25,362) size 125x125
                RenderText {#text} at (0,0) size 0x0
                RenderText {#text} at (0,0) size 0x0
          RenderTableRow {TR} at (0,93) size 634x116
            RenderTableCell {TD} at (148,93) size 303x116 [bgcolor=#FFFFFF] [border: (1px inset #808080)] [r=2 c=1 rs=1 cs=2]
              RenderInline {A} at (0,0) size 0x0
                RenderImage {IMG} at (4,4) size 288x26
              RenderBR {BR} at (295,4) size 0x18
              RenderBR {BR} at (295,22) size 0x18
              RenderInline {A} at (0,0) size 278x54
                RenderInline {SPAN} at (0,0) size 278x54
                  RenderText {#text} at (4,40) size 278x54
                    text run at (4,40) width 268: "Looking for a new approach to investing?"
                    text run at (4,58) width 278: "How about a portfolio where every holding"
                    text run at (4,76) width 212: "has a word for its stock symbol? "
              RenderBR {BR} at (0,0) size 0x0
              RenderInline {SPAN} at (0,0) size 47x18
                RenderInline {A} at (0,0) size 47x18
                  RenderText {#text} at (4,94) size 47x18
                    text run at (4,94) width 47: "More..."
              RenderText {#text} at (0,0) size 0x0
          RenderTableRow {TR} at (0,209) size 634x406
            RenderTableCell {TD} at (148,209) size 303x313 [bgcolor=#C0C0C0] [border: (1px inset #808080)] [r=3 c=1 rs=1 cs=2]
              RenderImage {IMG} at (4,4) size 290x35
              RenderBR {BR} at (294,25) size 0x18
              RenderInline {A} at (0,0) size 248x18
                RenderInline {FONT} at (0,0) size 248x15
                  RenderInline {SPAN} at (0,0) size 248x15
                    RenderInline {STRON} at (0,0) size 248x15
                      RenderInline {U} at (0,0) size 248x15
                        RenderText {#text} at (4,39) size 248x15
                          text run at (4,39) width 248: "Use BLOOMBERG.com to Find a New Job"
              RenderBR {BR} at (251,37) size 1x18
              RenderInline {FONT} at (0,0) size 280x60
                RenderInline {SPAN} at (0,0) size 280x60
                  RenderText {#text} at (4,54) size 280x60
                    text run at (4,54) width 280: "Whether you know what you're looking for or just"
                    text run at (4,69) width 276: "know you're looking, the new career page offers"
                    text run at (4,84) width 280: "better searches, news, and calculators than ever"
                    text run at (4,99) width 41: "before."
              RenderBR {BR} at (44,97) size 1x18
              RenderInline {A} at (0,0) size 216x18
                RenderInline {FONT} at (0,0) size 216x15
                  RenderInline {SPAN} at (0,0) size 216x15
                    RenderInline {STRONG} at (0,0) size 216x15
                      RenderInline {U} at (0,0) size 216x15
                        RenderText {#text} at (4,114) size 216x15
                          text run at (4,114) width 216: "Bloomberg News on Rocket eBook"
              RenderBR {BR} at (219,112) size 1x18
              RenderInline {FONT} at (0,0) size 292x75
                RenderInline {SPAN} at (0,0) size 292x75
                  RenderText {#text} at (4,129) size 292x75
                    text run at (4,129) width 284: "Bloomberg's Top Financial News is now available"
                    text run at (4,144) width 235: "for download on your Rocket eBook. Get"
                    text run at (4,159) width 292: "tomorrow's news today with Bloomberg's summary"
                    text run at (4,174) width 231: "of the day's top stories. Bloomberg daily"
                    text run at (4,189) width 257: "RocketEditions are FREE until September 1."
              RenderBR {BR} at (260,187) size 1x18
              RenderInline {A} at (0,0) size 144x18
                RenderInline {FONT} at (0,0) size 144x15
                  RenderInline {SPAN} at (0,0) size 144x15
                    RenderInline {STRONG} at (0,0) size 144x15
                      RenderInline {U} at (0,0) size 144x15
                        RenderText {#text} at (4,204) size 144x15
                          text run at (4,204) width 144: "Bloomberg News to Go"
              RenderBR {BR} at (147,202) size 1x18
              RenderInline {FONT} at (0,0) size 290x45
                RenderInline {SPAN} at (0,0) size 290x45
                  RenderText {#text} at (4,219) size 290x45
                    text run at (4,219) width 164: "Get tomorrow's news today. "
                    text run at (167,219) width 125: "FREE weekday email"
                    text run at (4,234) width 290: "report of the top stories in business & finance from"
                    text run at (4,249) width 201: "BLOOMBERG NEWS at 5pm EST."
              RenderBR {BR} at (204,247) size 1x18
              RenderInline {A} at (0,0) size 180x18
                RenderInline {FONT} at (0,0) size 180x15
                  RenderInline {SPAN} at (0,0) size 180x15
                    RenderInline {STRONG} at (0,0) size 180x15
                      RenderInline {U} at (0,0) size 180x15
                        RenderText {#text} at (4,264) size 180x15
                          text run at (4,264) width 180: "Bloomberg Year 2000 Letters"
              RenderBR {BR} at (183,262) size 1x18
              RenderInline {FONT} at (0,0) size 284x30
                RenderInline {SPAN} at (0,0) size 284x30
                  RenderText {#text} at (4,279) size 284x30
                    text run at (4,279) width 284: "For Y2K information on BLOOMBERG, download"
                    text run at (4,294) width 146: "our customer letters now."
              RenderBR {BR} at (149,292) size 1x18
      RenderBlock {P} at (0,633) size 769x12
        RenderInline {FONT} at (0,0) size 409x12
          RenderText {#text} at (0,0) size 189x12
            text run at (0,0) width 189: "\x{A9}1999 Bloomberg L.P. All rights reserved. "
          RenderInline {A} at (0,0) size 75x12
            RenderText {#text} at (188,0) size 75x12
              text run at (188,0) width 75: "Terms of Service"
          RenderText {#text} at (262,0) size 7x12
            text run at (262,0) width 7: ", "
          RenderInline {A} at (0,0) size 63x12
            RenderText {#text} at (268,0) size 63x12
              text run at (268,0) width 63: "Privacy Policy"
          RenderText {#text} at (330,0) size 23x12
            text run at (330,0) width 23: " and "
          RenderInline {A} at (0,0) size 54x12
            RenderText {#text} at (352,0) size 54x12
              text run at (352,0) width 54: "Trademarks"
          RenderText {#text} at (405,0) size 4x12
            text run at (405,0) width 4: "."
        RenderText {#text} at (0,0) size 0x0
