layer at (0,0) size 800x600
  RenderView at (0,0) size 800x600
layer at (0,0) size 800x600
  RenderBlock {HTML} at (0,0) size 800x600
    RenderBody {BODY} at (8,8) size 784x584
      RenderTable {TABLE} at (0,0) size 73x30 [border: (2px solid #FF0000)]
        RenderTableSection {TBODY} at (2,2) size 69x26
          RenderTableRow {TR} at (0,2) size 69x22
            RenderTableCell {TD} at (2,2) size 31x22 [border: (1px inset #FF0000)] [r=0 c=0 rs=1 cs=1]
              RenderText {#text} at (2,2) size 27x18
                text run at (2,2) width 27: "One"
            RenderTableCell {TD} at (34,2) size 33x22 [border: (1px inset #FF0000)] [r=0 c=1 rs=1 cs=1]
              RenderText {#text} at (2,2) size 29x18
                text run at (2,2) width 29: "Two"
      RenderBlock (anonymous) at (0,30) size 784x18
        RenderBR {BR} at (0,0) size 0x18
      RenderTable {TABLE} at (0,48) size 75x32 [border: (3px solid #FF0000)]
        RenderTableSection {TBODY} at (3,3) size 69x26
          RenderTableRow {TR} at (0,2) size 69x22
            RenderTableCell {TD} at (2,2) size 31x22 [border: (1px inset #FF0000)] [r=0 c=0 rs=1 cs=1]
              RenderText {#text} at (2,2) size 27x18
                text run at (2,2) width 27: "One"
            RenderTableCell {TD} at (34,2) size 33x22 [border: (1px inset #FF0000)] [r=0 c=1 rs=1 cs=1]
              RenderText {#text} at (2,2) size 29x18
                text run at (2,2) width 29: "Two"
      RenderTable {TABLE} at (0,80) size 64x28 [border: (1px outset #808080)]
        RenderTableSection {TBODY} at (1,1) size 62x26
          RenderTableRow {TR} at (0,2) size 62x22
            RenderTableCell {TD} at (2,2) size 28x22 [border: (1px inset #808080)] [r=0 c=0 rs=1 cs=1]
              RenderText {#text} at (2,2) size 24x18
                text run at (2,2) width 24: "one"
            RenderTableCell {TD} at (31,2) size 29x22 [border: (1px inset #808080)] [r=0 c=1 rs=1 cs=1]
              RenderText {#text} at (2,2) size 24x18
                text run at (2,2) width 24: "two"
      RenderBlock (anonymous) at (0,108) size 784x18
        RenderBR {BR} at (0,0) size 0x18
      RenderTable {TABLE} at (0,126) size 68x24
        RenderTableSection {TBODY} at (0,0) size 68x24
          RenderTableRow {TR} at (0,2) size 68x20
            RenderTableCell {TD} at (2,2) size 18x20 [r=0 c=0 rs=1 cs=1]
              RenderText {#text} at (1,1) size 16x18
                text run at (1,1) width 16: "no"
            RenderTableCell {TD} at (22,2) size 44x20 [r=0 c=1 rs=1 cs=1]
              RenderText {#text} at (1,1) size 42x18
                text run at (1,1) width 42: "border"
      RenderBlock (anonymous) at (0,150) size 784x18
        RenderText {#text} at (0,0) size 68x18
          text run at (0,0) width 68: "This table:"
      RenderTable {TABLE} at (0,168) size 71x28 [border: (1px solid #FF0000)]
        RenderTableSection {TBODY} at (1,1) size 69x26
          RenderTableRow {TR} at (0,2) size 69x22
            RenderTableCell {TD} at (2,2) size 31x22 [border: (1px inset #FF0000)] [r=0 c=0 rs=1 cs=1]
              RenderText {#text} at (2,2) size 27x18
                text run at (2,2) width 27: "One"
            RenderTableCell {TD} at (34,2) size 33x22 [border: (1px inset #FF0000)] [r=0 c=1 rs=1 cs=1]
              RenderText {#text} at (2,2) size 29x18
                text run at (2,2) width 29: "Two"
      RenderBlock (anonymous) at (0,196) size 784x36
        RenderBR {BR} at (0,0) size 0x18
        RenderText {#text} at (0,18) size 192x18
          text run at (0,18) width 192: "Should look just like this one:"
      RenderTable {TABLE} at (0,232) size 73x30 [border: (2px outset #808080)]
        RenderTableSection {TBODY} at (2,2) size 69x26
          RenderTableRow {TR} at (0,2) size 69x22
            RenderTableCell {TD} at (2,2) size 31x22 [border: (1px inset #808080)] [r=0 c=0 rs=1 cs=1]
              RenderText {#text} at (2,2) size 27x18
                text run at (2,2) width 27: "One"
            RenderTableCell {TD} at (34,2) size 33x22 [border: (1px inset #808080)] [r=0 c=1 rs=1 cs=1]
              RenderText {#text} at (2,2) size 29x18
                text run at (2,2) width 29: "Two"
      RenderBlock (anonymous) at (0,262) size 784x18
        RenderBR {BR} at (0,0) size 0x18
      RenderTable {TABLE} at (0,280) size 64x28 [border: (1px solid #FF0000)]
        RenderTableSection {TBODY} at (1,1) size 62x26
          RenderTableRow {TR} at (0,2) size 62x22
            RenderTableCell {TD} at (2,2) size 28x22 [border: (1px solid #008000)] [r=0 c=0 rs=1 cs=1]
              RenderText {#text} at (2,2) size 24x18
                text run at (2,2) width 24: "one"
            RenderTableCell {TD} at (31,2) size 29x22 [border: (1px solid #FF0000)] [r=0 c=1 rs=1 cs=1]
              RenderText {#text} at (2,2) size 24x18
                text run at (2,2) width 24: "two"
      RenderBlock (anonymous) at (0,308) size 784x18
        RenderBR {BR} at (0,0) size 0x18
      RenderTable {TABLE} at (0,326) size 105x52 [border: (1px solid #FF0000)]
        RenderTableSection {TBODY} at (1,1) size 103x50
          RenderTableRow {TR} at (0,2) size 103x22
            RenderTableCell {TD} at (2,2) size 31x22 [border: (1px solid #008000)] [r=0 c=0 rs=1 cs=1]
              RenderText {#text} at (2,2) size 24x18
                text run at (2,2) width 24: "one"
            RenderTableCell {TD} at (34,2) size 29x22 [border: (1px solid #FF0000)] [r=0 c=1 rs=1 cs=1]
              RenderText {#text} at (2,2) size 24x18
                text run at (2,2) width 24: "two"
            RenderTableCell {TD} at (64,2) size 37x22 [border: (1px solid #0000FF)] [r=0 c=2 rs=1 cs=1]
              RenderText {#text} at (2,2) size 32x18
                text run at (2,2) width 32: "three"
          RenderTableRow {TR} at (0,26) size 103x22
            RenderTableCell {TD} at (2,26) size 31x22 [border: (1px solid #008000)] [r=1 c=0 rs=1 cs=1]
              RenderText {#text} at (2,2) size 27x18
                text run at (2,2) width 27: "four"
            RenderTableCell {TD} at (34,26) size 29x22 [border: (1px solid #FFFF00)] [r=1 c=1 rs=1 cs=1]
              RenderText {#text} at (2,2) size 24x18
                text run at (2,2) width 24: "five"
            RenderTableCell {TD} at (64,26) size 37x22 [border: (1px solid #FFA500)] [r=1 c=2 rs=1 cs=1]
              RenderText {#text} at (2,2) size 19x18
                text run at (2,2) width 19: "six"
      RenderBlock (anonymous) at (0,378) size 784x18
        RenderBR {BR} at (0,0) size 0x18
      RenderTable {TABLE} at (0,396) size 105x52 [border: (1px solid #FF0000)]
        RenderTableSection {TBODY} at (1,1) size 103x50
          RenderTableRow {TR} at (0,2) size 103x22
            RenderTableCell {TD} at (2,2) size 31x22 [border: (1px solid #008000)] [r=0 c=0 rs=1 cs=1]
              RenderText {#text} at (2,2) size 24x18
                text run at (2,2) width 24: "one"
            RenderTableCell {TD} at (34,2) size 29x22 [border: (1px solid #FF0000)] [r=0 c=1 rs=1 cs=1]
              RenderText {#text} at (2,2) size 24x18
                text run at (2,2) width 24: "two"
            RenderTableCell {TD} at (64,2) size 37x22 [border: (1px solid #0000FF)] [r=0 c=2 rs=1 cs=1]
              RenderText {#text} at (2,2) size 32x18
                text run at (2,2) width 32: "three"
          RenderTableRow {TR} at (0,26) size 103x22
            RenderTableCell {TD} at (2,26) size 31x22 [border: (1px solid #008000)] [r=1 c=0 rs=1 cs=1]
              RenderText {#text} at (2,2) size 27x18
                text run at (2,2) width 27: "four"
            RenderTableCell {TD} at (34,26) size 29x22 [border: (1px solid #FFFF00)] [r=1 c=1 rs=1 cs=1]
              RenderText {#text} at (2,2) size 24x18
                text run at (2,2) width 24: "five"
            RenderTableCell {TD} at (64,26) size 37x22 [border: (1px solid #FFA500)] [r=1 c=2 rs=1 cs=1]
              RenderText {#text} at (2,2) size 19x18
                text run at (2,2) width 19: "six"
      RenderBlock (anonymous) at (0,448) size 784x18
        RenderBR {BR} at (0,0) size 0x18
      RenderTable {TABLE} at (0,466) size 66x36 [border: (5px outset #808080)]
        RenderTableSection {TBODY} at (5,5) size 56x26
          RenderTableRow {TR} at (0,2) size 56x22
            RenderTableCell {TD} at (2,2) size 26x22 [border: (1px inset #808080)] [r=0 c=0 rs=1 cs=1]
              RenderText {#text} at (2,2) size 22x18
                text run at (2,2) width 22: "foo"
            RenderTableCell {TD} at (29,2) size 25x22 [border: (1px inset #808080)] [r=0 c=1 rs=1 cs=1]
              RenderText {#text} at (2,2) size 21x18
                text run at (2,2) width 21: "bar"
      RenderBlock (anonymous) at (0,502) size 784x18
        RenderBR {BR} at (0,0) size 0x18
      RenderTable {TABLE} at (0,520) size 70x38 [border: (5px outset #808080)]
        RenderTableSection {TBODY} at (5,5) size 60x28
          RenderTableRow {TR} at (0,2) size 60x24
            RenderTableCell {TD} at (2,2) size 28x24 [border: (2px solid #FF0000)] [r=0 c=0 rs=1 cs=1]
              RenderText {#text} at (3,3) size 22x18
                text run at (3,3) width 22: "foo"
            RenderTableCell {TD} at (31,2) size 27x24 [border: (2px solid #FF0000)] [r=0 c=1 rs=1 cs=1]
              RenderText {#text} at (3,3) size 21x18
                text run at (3,3) width 21: "bar"
