layer at (0,0) size 800x600
  RenderView at (0,0) size 800x600
layer at (0,0) size 800x600
  RenderBlock {HTML} at (0,0) size 800x600
    RenderBody {BODY} at (8,8) size 784x584
      RenderTable {TABLE} at (0,0) size 150x28 [bgcolor=#00FF00] [border: (1px outset #808080)]
        RenderTableSection {TBODY} at (1,1) size 148x26
          RenderTableRow {TR} at (0,2) size 148x22
            RenderTableCell {TD} at (2,2) size 67x22 [border: (1px inset #808080)] [r=0 c=0 rs=1 cs=1]
              RenderText {#text} at (2,2) size 24x18
                text run at (2,2) width 24: "200"
            RenderTableCell {TD} at (70,2) size 77x22 [border: (1px inset #808080)] [r=0 c=1 rs=1 cs=1]
              RenderText {#text} at (2,2) size 64x18
                text run at (2,2) width 64: "one_hund"
      RenderBlock (anonymous) at (0,28) size 784x18
        RenderBR {BR} at (0,0) size 0x18
      RenderTable {TABLE} at (0,46) size 500x28 [border: (1px outset #808080)]
        RenderTableSection {TBODY} at (1,1) size 498x26
          RenderTableRow {TR} at (0,2) size 498x22
            RenderTableCell {TD} at (2,2) size 175x22 [bgcolor=#FF0000] [border: (1px inset #808080)] [r=0 c=0 rs=1 cs=1]
              RenderText {#text} at (2,2) size 78x18
                text run at (2,2) width 78: "fooooooooo"
            RenderTableCell {TD} at (178,2) size 175x22 [bgcolor=#008000] [border: (1px inset #808080)] [r=0 c=1 rs=1 cs=1]
              RenderText {#text} at (2,2) size 78x18
                text run at (2,2) width 78: "fooooooooo"
            RenderTableCell {TD} at (354,2) size 143x22 [bgcolor=#FFA500] [border: (1px inset #808080)] [r=0 c=2 rs=1 cs=1]
              RenderText {#text} at (2,2) size 98x18
                text run at (2,2) width 98: "foo foo foo foo"
      RenderBlock (anonymous) at (0,74) size 784x18
        RenderBR {BR} at (0,0) size 0x18
      RenderBlock {HR} at (0,100) size 402x2 [border: (1px inset #000000)]
      RenderBlock (anonymous) at (0,110) size 784x18
        RenderText {#text} at (0,0) size 371x18
          text run at (0,0) width 371: "fixed table - fixed cells are increased based on fixed width"
      RenderTable {TABLE} at (0,128) size 400x46 [border: (1px outset #808080)]
        RenderTableSection {TBODY} at (1,1) size 398x44
          RenderTableRow {TR} at (0,2) size 398x40
            RenderTableCell {TD} at (2,11) size 260x22 [border: (1px inset #808080)] [r=0 c=0 rs=1 cs=1]
              RenderText {#text} at (2,2) size 22x18
                text run at (2,2) width 22: "foo"
            RenderTableCell {TD} at (263,2) size 134x40 [border: (1px inset #808080)] [r=0 c=1 rs=1 cs=1]
              RenderText {#text} at (2,2) size 123x36
                text run at (2,2) width 123: "foo foo foo foo foo"
                text run at (2,20) width 72: "foo foo foo"
      RenderBlock (anonymous) at (0,174) size 784x54
        RenderBR {BR} at (0,0) size 0x18
        RenderBR {BR} at (0,18) size 0x18
        RenderText {#text} at (0,36) size 382x18
          text run at (0,36) width 382: "excess above min allocated based on fixed widths (not min)"
      RenderTable {TABLE} at (0,228) size 100x46 [border: (1px outset #808080)]
        RenderTableSection {TBODY} at (1,1) size 98x44
          RenderTableRow {TR} at (0,2) size 98x40
            RenderTableCell {TD} at (2,2) size 35x40 [border: (1px inset #808080)] [r=0 c=0 rs=1 cs=1]
              RenderText {#text} at (2,2) size 22x36
                text run at (2,2) width 22: "foo"
                text run at (2,20) width 22: "foo"
            RenderTableCell {TD} at (38,11) size 59x22 [border: (1px inset #808080)] [r=0 c=1 rs=1 cs=1]
              RenderText {#text} at (2,2) size 22x18
                text run at (2,2) width 22: "foo"
      RenderBlock (anonymous) at (0,274) size 784x36
        RenderBR {BR} at (0,0) size 0x18
        RenderText {#text} at (0,18) size 382x18
          text run at (0,18) width 382: "excess above min allocated based on fixed widths (not min)"
      RenderTable {TABLE} at (0,310) size 100x46 [border: (1px outset #808080)]
        RenderTableSection {TBODY} at (1,1) size 98x44
          RenderTableRow {TR} at (0,2) size 98x40
            RenderTableCell {TD} at (2,2) size 26x40 [border: (1px inset #808080)] [r=0 c=0 rs=1 cs=1]
              RenderText {#text} at (2,2) size 22x36
                text run at (2,2) width 22: "foo"
                text run at (2,20) width 22: "foo"
            RenderTableCell {TD} at (29,11) size 67x22 [border: (1px inset #808080)] [r=0 c=1 rs=1 cs=1]
              RenderText {#text} at (2,2) size 22x18
                text run at (2,2) width 22: "foo"
      RenderBlock (anonymous) at (0,356) size 784x18
        RenderBR {BR} at (0,0) size 0x18
      RenderTable {TABLE} at (0,374) size 600x28 [border: (1px outset #808080)]
        RenderTableSection {TBODY} at (1,1) size 598x26
          RenderTableRow {TR} at (0,2) size 598x22
            RenderTableCell {TD} at (2,2) size 26x22 [border: (1px inset #808080)] [r=0 c=0 rs=1 cs=1]
              RenderText {#text} at (2,2) size 22x18
                text run at (2,2) width 22: "foo"
            RenderTableCell {TD} at (29,2) size 567x22 [border: (1px inset #808080)] [r=0 c=1 rs=1 cs=1]
              RenderText {#text} at (2,2) size 22x18
                text run at (2,2) width 22: "foo"
      RenderBlock (anonymous) at (0,402) size 784x18
        RenderBR {BR} at (0,0) size 0x18
      RenderTable {TABLE} at (0,420) size 40x28 [border: (1px outset #808080)]
        RenderTableSection {TBODY} at (1,1) size 38x26
          RenderTableRow {TR} at (0,2) size 38x22
            RenderTableCell {TD} at (2,2) size 34x22 [border: (1px inset #808080)] [r=0 c=0 rs=1 cs=1]
              RenderText {#text} at (2,2) size 22x18
                text run at (2,2) width 22: "foo"
