layer at (0,0) size 800x600
  RenderView at (0,0) size 800x600
layer at (0,0) size 800x600
  RenderBlock {HTML} at (0,0) size 800x600
    RenderBody {BODY} at (8,8) size 784x584
      RenderBlock (anonymous) at (0,0) size 784x18
        RenderText {#text} at (0,0) size 63x18
          text run at (0,0) width 63: "auto table"
      RenderTable {TABLE} at (0,18) size 141x28 [border: (1px outset #808080)]
        RenderTableSection {TBODY} at (1,1) size 139x26
          RenderTableRow {TR} at (0,2) size 139x22
            RenderTableCell {TD} at (2,2) size 102x22 [border: (1px inset #808080)] [r=0 c=0 rs=1 cs=1]
              RenderText {#text} at (2,2) size 98x18
                text run at (2,2) width 98: "0% 0% 0% 0%"
            RenderTableCell {TD} at (105,2) size 32x22 [border: (1px inset #808080)] [r=0 c=1 rs=1 cs=1]
              RenderText {#text} at (2,2) size 28x18
                text run at (2,2) width 28: "auto"
      RenderBlock (anonymous) at (0,46) size 784x36
        RenderBR {BR} at (0,0) size 0x18
        RenderText {#text} at (0,18) size 400x18
          text run at (0,18) width 400: "auto table - % width cell increases table width based on % cell"
      RenderTable {TABLE} at (0,82) size 784x80 [border: (1px outset #808080)]
        RenderTableSection {TBODY} at (1,1) size 782x78
          RenderTableRow {TR} at (0,10) size 782x58
            RenderTableCell {TD} at (10,10) size 76x58 [border: (1px inset #808080)] [r=0 c=0 rs=1 cs=1]
              RenderText {#text} at (11,11) size 30x36
                text run at (11,11) width 30: "10%"
                text run at (11,29) width 30: "10%"
            RenderTableCell {TD} at (95,19) size 677x40 [border: (1px inset #808080)] [r=0 c=1 rs=1 cs=1]
              RenderText {#text} at (11,11) size 28x18
                text run at (11,11) width 28: "auto"
      RenderBlock (anonymous) at (0,162) size 784x18
        RenderText {#text} at (0,0) size 400x18
          text run at (0,0) width 400: "auto table - % width cell increases table width based on % cell"
      RenderTable {TABLE} at (0,180) size 366x44 [border: (1px outset #808080)]
        RenderTableSection {TBODY} at (1,1) size 364x42
          RenderTableRow {TR} at (0,10) size 364x22
            RenderTableCell {TD} at (10,10) size 34x22 [border: (1px inset #808080)] [r=0 c=0 rs=1 cs=1]
              RenderText {#text} at (2,2) size 30x18
                text run at (2,2) width 30: "10%"
            RenderTableCell {TD} at (53,10) size 301x22 [border: (1px inset #808080)] [r=0 c=1 rs=1 cs=1]
              RenderText {#text} at (2,2) size 28x18
                text run at (2,2) width 28: "auto"
      RenderBlock (anonymous) at (0,224) size 784x36
        RenderBR {BR} at (0,0) size 0x18
        RenderText {#text} at (0,18) size 548x18
          text run at (0,18) width 548: "auto table - % width cell increases table width based on % cell which makes it largest"
      RenderTable {TABLE} at (0,260) size 784x44 [border: (1px outset #808080)]
        RenderTableSection {TBODY} at (1,1) size 782x42
          RenderTableRow {TR} at (0,10) size 782x22
            RenderTableCell {TD} at (10,10) size 75x22 [border: (1px inset #808080)] [r=0 c=0 rs=1 cs=1]
              RenderText {#text} at (2,2) size 30x18
                text run at (2,2) width 30: "10%"
            RenderTableCell {TD} at (94,10) size 26x22 [border: (1px inset #808080)] [r=0 c=1 rs=1 cs=1]
              RenderText {#text} at (2,2) size 22x18
                text run at (2,2) width 22: "1%"
            RenderTableCell {TD} at (129,10) size 643x22 [border: (1px inset #808080)] [r=0 c=2 rs=1 cs=1]
              RenderText {#text} at (2,2) size 28x18
                text run at (2,2) width 28: "auto"
      RenderBlock (anonymous) at (0,304) size 784x18
        RenderBR {BR} at (0,0) size 0x18
