layer at (0,0) size 800x600
  RenderView at (0,0) size 800x600
layer at (0,0) size 800x600
  RenderBlock {HTML} at (0,0) size 800x600
    RenderBody {BODY} at (8,8) size 784x584
      RenderTable {TABLE} at (0,0) size 254x28 [border: (1px outset #808080)]
        RenderTableSection {TBODY} at (1,1) size 252x26
          RenderTableRow {TR} at (0,2) size 252x22
            RenderTableCell {TD} at (2,2) size 173x22 [border: (1px inset #808080)] [r=0 c=0 rs=1 cs=1]
              RenderText {#text} at (2,2) size 24x18
                text run at (2,2) width 24: "100"
            RenderTableCell {TD} at (176,2) size 74x22 [border: (1px inset #808080)] [r=0 c=1 rs=1 cs=1]
              RenderText {#text} at (2,2) size 70x18
                text run at (2,2) width 70: "30% width"
      RenderBlock (anonymous) at (0,28) size 784x18
        RenderBR {BR} at (0,0) size 0x18
      RenderTable {TABLE} at (0,46) size 216x46 [border: (1px outset #808080)]
        RenderTableSection {TBODY} at (1,1) size 214x44
          RenderTableRow {TR} at (0,2) size 214x40
            RenderTableCell {TD} at (2,2) size 104x40 [border: (1px inset #808080)] [r=0 c=0 rs=1 cs=1]
              RenderText {#text} at (2,2) size 80x36
                text run at (2,2) width 80: "100 100 100"
                text run at (2,20) width 80: "100 100 100"
            RenderTableCell {TD} at (108,11) size 104x22 [border: (1px inset #808080)] [r=0 c=1 rs=1 cs=1]
              RenderText {#text} at (2,2) size 70x18
                text run at (2,2) width 70: "50% width"
      RenderBlock (anonymous) at (0,92) size 784x18
        RenderBR {BR} at (0,0) size 0x18
      RenderTable {TABLE} at (0,110) size 535x52 [border: (1px outset #808080)]
        RenderTableSection {TBODY} at (1,1) size 533x50
          RenderTableRow {TR} at (0,2) size 533x22
            RenderTableCell {TD} at (2,2) size 104x22 [border: (1px inset #808080)] [r=0 c=0 rs=1 cs=1]
              RenderText {#text} at (2,2) size 24x18
                text run at (2,2) width 24: "100"
            RenderTableCell {TD} at (108,2) size 264x22 [border: (1px inset #808080)] [r=0 c=1 rs=1 cs=1]
              RenderText {#text} at (2,2) size 96x18
                text run at (2,2) width 96: "no width given"
            RenderTableCell {TD} at (373,2) size 158x22 [border: (1px inset #808080)] [r=0 c=2 rs=1 cs=1]
              RenderText {#text} at (2,2) size 70x18
                text run at (2,2) width 70: "30% width"
          RenderTableRow {TR} at (0,26) size 533x22
            RenderTableCell {TD} at (2,26) size 529x22 [border: (1px inset #808080)] [r=1 c=0 rs=1 cs=3]
              RenderText {#text} at (2,2) size 94x18
                text run at (2,2) width 94: "500 colspan=3"
      RenderBlock (anonymous) at (0,162) size 784x18
        RenderBR {BR} at (0,0) size 0x18
      RenderTable {TABLE} at (0,180) size 438x76 [border: (1px outset #808080)]
        RenderTableSection {TBODY} at (1,1) size 436x74
          RenderTableRow {TR} at (0,2) size 436x22
            RenderTableCell {TD} at (2,2) size 104x22 [border: (1px inset #808080)] [r=0 c=0 rs=1 cs=1]
              RenderText {#text} at (2,2) size 22x18
                text run at (2,2) width 22: "foo"
            RenderTableCell {TD} at (108,2) size 196x22 [border: (1px inset #808080)] [r=0 c=1 rs=1 cs=1]
              RenderText {#text} at (2,2) size 96x18
                text run at (2,2) width 96: "no width given"
            RenderTableCell {TD} at (305,2) size 129x22 [border: (1px inset #808080)] [r=0 c=2 rs=1 cs=1]
              RenderText {#text} at (2,2) size 70x18
                text run at (2,2) width 70: "30% width"
          RenderTableRow {TR} at (0,26) size 436x22
            RenderTableCell {TD} at (2,26) size 302x22 [border: (1px inset #808080)] [r=1 c=0 rs=1 cs=2]
              RenderText {#text} at (2,2) size 113x18
                text run at (2,2) width 113: "200 spans col 1-2"
            RenderTableCell {TD} at (305,26) size 129x22 [border: (1px inset #808080)] [r=1 c=2 rs=1 cs=1]
              RenderText {#text} at (2,2) size 50x18
                text run at (2,2) width 50: "last cell"
          RenderTableRow {TR} at (0,50) size 436x22
            RenderTableCell {TD} at (2,50) size 104x22 [border: (1px inset #808080)] [r=2 c=0 rs=1 cs=1]
              RenderText {#text} at (2,2) size 52x18
                text run at (2,2) width 52: "first cell"
            RenderTableCell {TD} at (108,50) size 326x22 [border: (1px inset #808080)] [r=2 c=1 rs=1 cs=2]
              RenderText {#text} at (2,2) size 113x18
                text run at (2,2) width 113: "300 spans col 2-3"
      RenderBlock (anonymous) at (0,256) size 784x18
        RenderBR {BR} at (0,0) size 0x18
      RenderTable {TABLE} at (0,274) size 700x64 [border: (1px outset #808080)]
        RenderTableSection {TBODY} at (1,1) size 698x62
          RenderTableRow {TR} at (0,2) size 698x58
            RenderTableCell {TD} at (2,2) size 104x58 [border: (1px inset #808080)] [r=0 c=0 rs=1 cs=1]
              RenderText {#text} at (2,2) size 100x54
                text run at (2,2) width 98: "fooooo oooooo"
                text run at (2,20) width 100: "oooooo oooooo"
                text run at (2,38) width 48: "oooooo"
            RenderTableCell {TD} at (108,20) size 588x22 [border: (1px inset #808080)] [r=0 c=1 rs=1 cs=1]
              RenderText {#text} at (2,2) size 21x18
                text run at (2,2) width 21: "bar"
      RenderBlock (anonymous) at (0,338) size 784x18
        RenderBR {BR} at (0,0) size 0x18
      RenderTable {TABLE} at (0,356) size 400x90 [border: (1px outset #808080)]
        RenderTableSection {TBODY} at (1,1) size 398x88
          RenderTableRow {TR} at (0,0) size 398x44
            RenderTableCell {TD} at (0,0) size 115x44 [border: (1px inset #808080)] [r=0 c=0 rs=1 cs=2]
              RenderBlock {P} at (4,4) size 107x36
                RenderInline {B} at (0,0) size 69x36
                  RenderText {#text} at (0,0) size 69x36
                    text run at (0,0) width 45: "This is"
                    text run at (0,18) width 69: "colspan=2"
            RenderTableCell {TD} at (114,0) size 285x44 [border: (1px inset #808080)] [r=0 c=2 rs=1 cs=1]
              RenderText {#text} at (4,4) size 270x36
                text run at (4,4) width 270: "Blah Blah Blah Blah Blah Blah Blah Blah"
                text run at (4,22) width 31: "Blah"
          RenderTableRow {TR} at (0,44) size 398x44
            RenderTableCell {TD} at (0,44) size 399x44 [border: (1px inset #808080)] [r=1 c=0 rs=1 cs=3]
              RenderBlock {P} at (4,4) size 391x36
                RenderInline {B} at (0,0) size 118x18
                  RenderText {#text} at (0,0) size 118x18
                    text run at (0,0) width 118: "This is colspan=3"
                RenderText {#text} at (117,0) size 370x36
                  text run at (117,0) width 163: " blah blah blah blah blah "
                  text run at (279,0) width 91: "blah blah blah"
                  text run at (0,18) width 217: "blah blah blah blah blah blah blah"
      RenderBlock (anonymous) at (0,446) size 784x36
        RenderBR {BR} at (0,0) size 0x18
        RenderBR {BR} at (0,18) size 0x18
      RenderTable {TABLE} at (0,482) size 400x72 [border: (1px outset #808080)]
        RenderTableSection {TBODY} at (1,1) size 398x70
          RenderTableRow {TR} at (0,0) size 398x26
            RenderTableCell {TD} at (0,0) size 162x26 [border: (1px inset #808080)] [r=0 c=0 rs=1 cs=1]
              RenderBlock {P} at (4,4) size 154x18
                RenderInline {B} at (0,0) size 135x18
                  RenderText {#text} at (0,0) size 135x18
                    text run at (0,0) width 135: "no colspan declared"
            RenderTableCell {TD} at (161,0) size 238x26 [border: (1px inset #808080)] [r=0 c=1 rs=1 cs=1]
              RenderText {#text} at (4,4) size 202x18
                text run at (4,4) width 202: "Blah Blah Blah Blah Blah Blah"
          RenderTableRow {TR} at (0,26) size 398x44
            RenderTableCell {TD} at (0,26) size 399x44 [border: (1px inset #808080)] [r=1 c=0 rs=1 cs=2]
              RenderBlock {P} at (4,4) size 391x36
                RenderInline {B} at (0,0) size 118x18
                  RenderText {#text} at (0,0) size 118x18
                    text run at (0,0) width 118: "This is colspan=2"
                RenderText {#text} at (117,0) size 370x36
                  text run at (117,0) width 163: " blah blah blah blah blah "
                  text run at (279,0) width 91: "blah blah blah"
                  text run at (0,18) width 217: "blah blah blah blah blah blah blah"
