layer at (0,0) size 800x600
  RenderView at (0,0) size 800x600
layer at (0,0) size 800x600
  RenderBlock {HTML} at (0,0) size 800x600
    RenderBody {BODY} at (8,8) size 784x584
      RenderBlock (anonymous) at (0,0) size 784x18
        RenderText {#text} at (0,0) size 334x18
          text run at (0,0) width 334: "fixed table - percentage width cell is honored to min"
      RenderTable {TABLE} at (0,18) size 300x28 [border: (1px outset #808080)]
        RenderTableSection {TBODY} at (1,1) size 298x26
          RenderTableRow {TR} at (0,2) size 298x22
            RenderTableCell {TD} at (2,2) size 146x22 [border: (1px inset #808080)] [r=0 c=0 rs=1 cs=1]
              RenderText {#text} at (2,2) size 22x18
                text run at (2,2) width 22: "foo"
            RenderTableCell {TD} at (150,2) size 146x22 [border: (1px inset #808080)] [r=0 c=1 rs=1 cs=1]
              RenderText {#text} at (2,2) size 22x18
                text run at (2,2) width 22: "foo"
      RenderBlock (anonymous) at (0,46) size 784x18
        RenderBR {BR} at (0,0) size 0x18
      RenderTable {TABLE} at (0,64) size 500x28 [border: (1px outset #808080)]
        RenderTableSection {TBODY} at (1,1) size 498x26
          RenderTableRow {TR} at (0,2) size 498x22
            RenderTableCell {TD} at (2,2) size 175x22 [bgcolor=#FF0000] [border: (1px inset #808080)] [r=0 c=0 rs=1 cs=1]
              RenderText {#text} at (2,2) size 78x18
                text run at (2,2) width 78: "fooooooooo"
            RenderTableCell {TD} at (178,2) size 175x22 [bgcolor=#008000] [border: (1px inset #808080)] [r=0 c=1 rs=1 cs=1]
              RenderText {#text} at (2,2) size 78x18
                text run at (2,2) width 78: "fooooooooo"
            RenderTableCell {TD} at (354,2) size 142x22 [bgcolor=#FFA500] [border: (1px inset #808080)] [r=0 c=2 rs=1 cs=1]
              RenderText {#text} at (2,2) size 98x18
                text run at (2,2) width 98: "foo foo foo foo"
      RenderBlock (anonymous) at (0,92) size 784x18
        RenderBR {BR} at (0,0) size 0x18
      RenderTable {TABLE} at (0,110) size 500x82 [border: (1px outset #808080)]
        RenderTableSection {TBODY} at (1,1) size 498x80
          RenderTableRow {TR} at (0,2) size 498x76
            RenderTableCell {TD} at (2,29) size 233x22 [bgcolor=#FF0000] [border: (1px inset #808080)] [r=0 c=0 rs=1 cs=1]
              RenderText {#text} at (2,2) size 78x18
                text run at (2,2) width 78: "fooooooooo"
            RenderTableCell {TD} at (236,29) size 233x22 [bgcolor=#008000] [border: (1px inset #808080)] [r=0 c=1 rs=1 cs=1]
              RenderText {#text} at (2,2) size 78x18
                text run at (2,2) width 78: "fooooooooo"
            RenderTableCell {TD} at (470,2) size 27x76 [bgcolor=#FFA500] [border: (1px inset #808080)] [r=0 c=2 rs=1 cs=1]
              RenderText {#text} at (2,2) size 22x72
                text run at (2,2) width 22: "foo"
                text run at (2,20) width 22: "foo"
                text run at (2,38) width 22: "foo"
                text run at (2,56) width 22: "foo"
      RenderBlock (anonymous) at (0,192) size 784x18
        RenderBR {BR} at (0,0) size 0x18
      RenderTable {TABLE} at (0,210) size 784x28 [border: (1px outset #808080)]
        RenderTableSection {TBODY} at (1,1) size 782x26
          RenderTableRow {TR} at (0,2) size 782x22
            RenderTableCell {TD} at (2,2) size 155x22 [bgcolor=#FFA500] [border: (1px inset #808080)] [r=0 c=0 rs=1 cs=1]
              RenderText {#text} at (2,2) size 98x18
                text run at (2,2) width 98: "foo foo foo foo"
            RenderTableCell {TD} at (158,2) size 156x22 [bgcolor=#0000FF] [border: (1px inset #808080)] [r=0 c=1 rs=1 cs=1]
              RenderText {#text} at (2,2) size 98x18
                text run at (2,2) width 98: "foo foo foo foo"
            RenderTableCell {TD} at (315,2) size 466x22 [bgcolor=#008000] [border: (1px inset #808080)] [r=0 c=2 rs=1 cs=1]
              RenderText {#text} at (365,2) size 98x18
                text run at (365,2) width 98: "foo foo foo foo"
      RenderBlock (anonymous) at (0,238) size 784x18
        RenderBR {BR} at (0,0) size 0x18
