layer at (0,0) size 785x722
  RenderView at (0,0) size 785x600
layer at (0,0) size 785x722
  RenderBlock {HTML} at (0,0) size 785x722
    RenderBody {BODY} at (8,8) size 769x706
      RenderTable {TABLE} at (0,0) size 150x28 [bgcolor=#00FF00] [border: (1px outset #808080)]
        RenderTableSection {TBODY} at (1,1) size 148x26
          RenderTableRow {TR} at (0,2) size 148x22
            RenderTableCell {TD} at (2,2) size 67x22 [border: (1px inset #808080)] [r=0 c=0 rs=1 cs=1]
              RenderText {#text} at (2,2) size 24x18
                text run at (2,2) width 24: "200"
            RenderTableCell {TD} at (70,2) size 77x22 [border: (1px inset #808080)] [r=0 c=1 rs=1 cs=1]
              RenderText {#text} at (2,2) size 64x18
                text run at (2,2) width 64: "one_hund"
      RenderBlock (anonymous) at (0,28) size 769x18
        RenderBR {BR} at (0,0) size 0x18
      RenderTable {TABLE} at (0,46) size 500x28 [border: (1px outset #808080)]
        RenderTableSection {TBODY} at (1,1) size 498x26
          RenderTableRow {TR} at (0,2) size 498x22
            RenderTableCell {TD} at (2,2) size 175x22 [bgcolor=#FF0000] [border: (1px inset #808080)] [r=0 c=0 rs=1 cs=1]
              RenderText {#text} at (2,2) size 78x18
                text run at (2,2) width 78: "fooooooooo"
            RenderTableCell {TD} at (178,2) size 175x22 [bgcolor=#008000] [border: (1px inset #808080)] [r=0 c=1 rs=1 cs=1]
              RenderText {#text} at (2,2) size 78x18
                text run at (2,2) width 78: "fooooooooo"
            RenderTableCell {TD} at (354,2) size 143x22 [bgcolor=#FFA500] [border: (1px inset #808080)] [r=0 c=2 rs=1 cs=1]
              RenderText {#text} at (2,2) size 98x18
                text run at (2,2) width 98: "foo foo foo foo"
      RenderBlock (anonymous) at (0,74) size 769x36
        RenderBR {BR} at (0,0) size 0x18
        RenderText {#text} at (0,18) size 371x18
          text run at (0,18) width 371: "fixed table - fixed cells are increased based on fixed width"
      RenderTable {TABLE} at (0,110) size 400x46 [border: (1px outset #808080)]
        RenderTableSection {TBODY} at (1,1) size 398x44
          RenderTableRow {TR} at (0,2) size 398x40
            RenderTableCell {TD} at (2,11) size 260x22 [border: (1px inset #808080)] [r=0 c=0 rs=1 cs=1]
              RenderText {#text} at (2,2) size 22x18
                text run at (2,2) width 22: "foo"
            RenderTableCell {TD} at (263,2) size 134x40 [border: (1px inset #808080)] [r=0 c=1 rs=1 cs=1]
              RenderText {#text} at (2,2) size 123x36
                text run at (2,2) width 123: "foo foo foo foo foo"
                text run at (2,20) width 72: "foo foo foo"
      RenderBlock (anonymous) at (0,156) size 769x54
        RenderBR {BR} at (0,0) size 0x18
        RenderBR {BR} at (0,18) size 0x18
        RenderText {#text} at (0,36) size 382x18
          text run at (0,36) width 382: "excess above min allocated based on fixed widths (not min)"
      RenderTable {TABLE} at (0,210) size 100x46 [border: (1px outset #808080)]
        RenderTableSection {TBODY} at (1,1) size 98x44
          RenderTableRow {TR} at (0,2) size 98x40
            RenderTableCell {TD} at (2,2) size 35x40 [border: (1px inset #808080)] [r=0 c=0 rs=1 cs=1]
              RenderText {#text} at (2,2) size 22x36
                text run at (2,2) width 22: "foo"
                text run at (2,20) width 22: "foo"
            RenderTableCell {TD} at (38,11) size 59x22 [border: (1px inset #808080)] [r=0 c=1 rs=1 cs=1]
              RenderText {#text} at (2,2) size 22x18
                text run at (2,2) width 22: "foo"
      RenderBlock (anonymous) at (0,256) size 769x36
        RenderBR {BR} at (0,0) size 0x18
        RenderText {#text} at (0,18) size 382x18
          text run at (0,18) width 382: "excess above min allocated based on fixed widths (not min)"
      RenderTable {TABLE} at (0,292) size 100x46 [border: (1px outset #808080)]
        RenderTableSection {TBODY} at (1,1) size 98x44
          RenderTableRow {TR} at (0,2) size 98x40
            RenderTableCell {TD} at (2,2) size 26x40 [border: (1px inset #808080)] [r=0 c=0 rs=1 cs=1]
              RenderText {#text} at (2,2) size 22x36
                text run at (2,2) width 22: "foo"
                text run at (2,20) width 22: "foo"
            RenderTableCell {TD} at (29,11) size 67x22 [border: (1px inset #808080)] [r=0 c=1 rs=1 cs=1]
              RenderText {#text} at (2,2) size 22x18
                text run at (2,2) width 22: "foo"
      RenderBlock (anonymous) at (0,338) size 769x18
        RenderBR {BR} at (0,0) size 0x18
      RenderTable {TABLE} at (0,356) size 600x28 [border: (1px outset #808080)]
        RenderTableSection {TBODY} at (1,1) size 598x26
          RenderTableRow {TR} at (0,2) size 598x22
            RenderTableCell {TD} at (2,2) size 26x22 [border: (1px inset #808080)] [r=0 c=0 rs=1 cs=1]
              RenderText {#text} at (2,2) size 22x18
                text run at (2,2) width 22: "foo"
            RenderTableCell {TD} at (29,2) size 567x22 [border: (1px inset #808080)] [r=0 c=1 rs=1 cs=1]
              RenderText {#text} at (2,2) size 22x18
                text run at (2,2) width 22: "foo"
      RenderBlock (anonymous) at (0,384) size 769x18
        RenderBR {BR} at (0,0) size 0x18
      RenderTable {TABLE} at (0,402) size 40x28 [border: (1px outset #808080)]
        RenderTableSection {TBODY} at (1,1) size 38x26
          RenderTableRow {TR} at (0,2) size 38x22
            RenderTableCell {TD} at (2,2) size 34x22 [border: (1px inset #808080)] [r=0 c=0 rs=1 cs=1]
              RenderText {#text} at (2,2) size 22x18
                text run at (2,2) width 22: "foo"
      RenderBlock (anonymous) at (0,430) size 769x36
        RenderBR {BR} at (0,0) size 0x18
        RenderText {#text} at (0,18) size 343x18
          text run at (0,18) width 343: "auto table - fixed width cell does not exceed viewport"
      RenderTable {TABLE} at (0,466) size 769x28 [border: (1px outset #808080)]
        RenderTableSection {TBODY} at (1,1) size 767x26
          RenderTableRow {TR} at (0,2) size 767x22
            RenderTableCell {TD} at (2,2) size 763x22 [border: (1px inset #808080)] [r=0 c=0 rs=1 cs=1]
              RenderText {#text} at (2,2) size 22x18
                text run at (2,2) width 22: "foo"
      RenderBlock (anonymous) at (0,494) size 769x36
        RenderBR {BR} at (0,0) size 0x18
        RenderText {#text} at (0,18) size 298x18
          text run at (0,18) width 298: "auto table - fixed cells cannot exceed viewport"
      RenderTable {TABLE} at (0,530) size 769x28 [border: (1px outset #808080)]
        RenderTableSection {TBODY} at (1,1) size 767x26
          RenderTableRow {TR} at (0,2) size 767x22
            RenderTableCell {TD} at (2,2) size 151x22 [border: (1px inset #808080)] [r=0 c=0 rs=1 cs=1]
              RenderText {#text} at (2,2) size 40x18
                text run at (2,2) width 40: "200px"
            RenderTableCell {TD} at (155,2) size 151x22 [border: (1px inset #808080)] [r=0 c=1 rs=1 cs=1]
              RenderText {#text} at (2,2) size 40x18
                text run at (2,2) width 40: "200px"
            RenderTableCell {TD} at (308,2) size 151x22 [border: (1px inset #808080)] [r=0 c=2 rs=1 cs=1]
              RenderText {#text} at (2,2) size 40x18
                text run at (2,2) width 40: "200px"
            RenderTableCell {TD} at (461,2) size 151x22 [border: (1px inset #808080)] [r=0 c=3 rs=1 cs=1]
              RenderText {#text} at (2,2) size 40x18
                text run at (2,2) width 40: "200px"
            RenderTableCell {TD} at (614,2) size 151x22 [border: (1px inset #808080)] [r=0 c=4 rs=1 cs=1]
              RenderText {#text} at (2,2) size 40x18
                text run at (2,2) width 40: "200px"
      RenderBlock (anonymous) at (0,558) size 769x36
        RenderBR {BR} at (0,0) size 0x18
        RenderText {#text} at (0,18) size 304x18
          text run at (0,18) width 304: "auto table - cell width does not include padding"
      RenderTable {TABLE} at (0,594) size 148x66 [border: (1px outset #808080)]
        RenderTableSection {TBODY} at (1,1) size 146x64
          RenderTableRow {TR} at (0,2) size 146x60
            RenderTableCell {TD} at (2,2) size 142x60 [border: (1px inset #808080)] [r=0 c=0 rs=1 cs=1]
              RenderText {#text} at (21,21) size 73x18
                text run at (21,21) width 73: "cell=100px"
      RenderBlock (anonymous) at (0,660) size 769x18
        RenderBR {BR} at (0,0) size 0x18
      RenderTable {TABLE} at (0,678) size 110x28 [border: (1px outset #808080)]
        RenderTableSection {TBODY} at (1,1) size 108x26
          RenderTableRow {TR} at (0,2) size 108x22
            RenderTableCell {TD} at (2,2) size 104x22 [border: (1px inset #808080)] [r=0 c=0 rs=1 cs=1]
              RenderText {#text} at (2,2) size 73x18
                text run at (2,2) width 73: "cell=100px"
