layer at (0,0) size 800x600
  RenderView at (0,0) size 800x600
layer at (0,0) size 800x600
  RenderBlock {HTML} at (0,0) size 800x600
    RenderBody {BODY} at (8,8) size 784x584
      RenderTable {TABLE} at (0,0) size 784x52 [border: (1px outset #808080)]
        RenderTableSection {TBODY} at (1,1) size 782x50
          RenderTableRow {TR} at (0,2) size 782x22
            RenderTableCell {TD} at (2,2) size 82x22 [bgcolor=#FF0000] [border: (1px inset #808080)] [r=0 c=0 rs=1 cs=1]
              RenderText {#text} at (2,2) size 78x18
                text run at (2,2) width 78: "fooooooooo"
            RenderTableCell {TD} at (85,2) size 82x22 [bgcolor=#008000] [border: (1px inset #808080)] [r=0 c=1 rs=1 cs=1]
              RenderText {#text} at (2,2) size 78x18
                text run at (2,2) width 78: "fooooooooo"
            RenderTableCell {TD} at (168,2) size 310x22 [bgcolor=#FFA500] [border: (1px inset #808080)] [r=0 c=2 rs=1 cs=2]
              RenderText {#text} at (2,2) size 98x18
                text run at (2,2) width 98: "foo foo foo foo"
            RenderTableCell {TD} at (479,2) size 302x22 [bgcolor=#0000FF] [border: (1px inset #808080)] [r=0 c=4 rs=1 cs=1]
              RenderText {#text} at (2,2) size 98x18
                text run at (2,2) width 98: "foo foo foo foo"
          RenderTableRow {TR} at (0,26) size 782x22
            RenderTableCell {TD} at (2,26) size 82x22 [bgcolor=#FF0000] [border: (1px inset #808080)] [r=1 c=0 rs=1 cs=1]
              RenderText {#text} at (2,2) size 78x18
                text run at (2,2) width 78: "fooooooooo"
            RenderTableCell {TD} at (85,26) size 82x22 [bgcolor=#008000] [border: (1px inset #808080)] [r=1 c=1 rs=1 cs=1]
              RenderText {#text} at (2,2) size 78x18
                text run at (2,2) width 78: "fooooooooo"
            RenderTableCell {TD} at (168,26) size 154x22 [bgcolor=#FFA500] [border: (1px inset #808080)] [r=1 c=2 rs=1 cs=1]
              RenderText {#text} at (2,2) size 98x18
                text run at (2,2) width 98: "foo foo foo foo"
            RenderTableCell {TD} at (323,26) size 155x22 [bgcolor=#FFA500] [border: (1px inset #808080)] [r=1 c=3 rs=1 cs=1]
              RenderText {#text} at (2,2) size 98x18
                text run at (2,2) width 98: "foo foo foo foo"
            RenderTableCell {TD} at (479,26) size 302x22 [bgcolor=#0000FF] [border: (1px inset #808080)] [r=1 c=4 rs=1 cs=1]
              RenderText {#text} at (2,2) size 98x18
                text run at (2,2) width 98: "foo foo foo foo"
      RenderBlock (anonymous) at (0,52) size 784x18
        RenderBR {BR} at (0,0) size 0x18
      RenderTable {TABLE} at (0,70) size 273x28 [border: (1px outset #808080)]
        RenderTableSection {TBODY} at (1,1) size 271x26
          RenderTableRow {TR} at (0,2) size 271x22
            RenderTableCell {TD} at (2,2) size 210x22 [border: (1px inset #808080)] [r=0 c=0 rs=1 cs=1]
              RenderText {#text} at (2,2) size 22x18
                text run at (2,2) width 22: "foo"
            RenderTableCell {TD} at (213,2) size 27x22 [border: (1px inset #808080)] [r=0 c=1 rs=1 cs=1]
              RenderText {#text} at (2,2) size 21x18
                text run at (2,2) width 21: "bar"
            RenderTableCell {TD} at (241,2) size 28x22 [border: (1px inset #808080)] [r=0 c=2 rs=1 cs=1]
              RenderText {#text} at (2,2) size 23x18
                text run at (2,2) width 23: "zap"
