layer at (0,0) size 800x600
  RenderView at (0,0) size 800x600
layer at (0,0) size 800x600
  RenderBlock {HTML} at (0,0) size 800x600
    RenderBody {BODY} at (8,8) size 784x584
      RenderBlock (anonymous) at (0,0) size 784x18
        RenderText {#text} at (0,0) size 371x18
          text run at (0,0) width 371: "fixed table - 0 percentage width cell is not honored to min"
      RenderTable {TABLE} at (0,18) size 300x28 [border: (1px outset #808080)]
        RenderTableSection {TBODY} at (1,1) size 298x26
          RenderTableRow {TR} at (0,2) size 298x22
            RenderTableCell {TD} at (2,2) size 146x22 [border: (1px inset #808080)] [r=0 c=0 rs=1 cs=1]
              RenderText {#text} at (2,2) size 22x18
                text run at (2,2) width 22: "foo"
            RenderTableCell {TD} at (150,2) size 146x22 [border: (1px inset #808080)] [r=0 c=1 rs=1 cs=1]
              RenderText {#text} at (2,2) size 22x18
                text run at (2,2) width 22: "foo"
      RenderBlock (anonymous) at (0,46) size 784x36
        RenderBR {BR} at (0,0) size 0x18
        RenderText {#text} at (0,18) size 408x18
          text run at (0,18) width 408: "fixed table - too small a percentage width cell is honored to min"
      RenderTable {TABLE} at (0,82) size 300x28 [border: (1px outset #808080)]
        RenderTableSection {TBODY} at (1,1) size 298x26
          RenderTableRow {TR} at (0,2) size 298x22
            RenderTableCell {TD} at (2,2) size 26x22 [border: (1px inset #808080)] [r=0 c=0 rs=1 cs=1]
              RenderText {#text} at (2,2) size 22x18
                text run at (2,2) width 22: "foo"
            RenderTableCell {TD} at (29,2) size 267x22 [border: (1px inset #808080)] [r=0 c=1 rs=1 cs=1]
              RenderText {#text} at (2,2) size 22x18
                text run at (2,2) width 22: "foo"
      RenderBlock (anonymous) at (0,110) size 784x36
        RenderBR {BR} at (0,0) size 0x18
        RenderText {#text} at (0,18) size 331x18
          text run at (0,18) width 331: "fixed table - percentage cell width includes padding"
      RenderTable {TABLE} at (0,146) size 300x66 [border: (1px outset #808080)]
        RenderTableSection {TBODY} at (1,1) size 298x64
          RenderTableRow {TR} at (0,2) size 298x60
            RenderTableCell {TD} at (2,2) size 146x60 [border: (1px inset #808080)] [r=0 c=0 rs=1 cs=1]
              RenderText {#text} at (21,21) size 62x18
                text run at (21,21) width 62: "cell=50%"
            RenderTableCell {TD} at (150,2) size 146x60 [border: (1px inset #808080)] [r=0 c=1 rs=1 cs=1]
              RenderText {#text} at (21,21) size 60x18
                text run at (21,21) width 60: "cell=auto"
      RenderBlock (anonymous) at (0,212) size 784x18
        RenderBR {BR} at (0,0) size 0x18
      RenderTable {TABLE} at (0,230) size 300x28 [border: (1px outset #808080)]
        RenderTableSection {TBODY} at (1,1) size 298x26
          RenderTableRow {TR} at (0,2) size 298x22
            RenderTableCell {TD} at (2,2) size 146x22 [border: (1px inset #808080)] [r=0 c=0 rs=1 cs=1]
              RenderText {#text} at (2,2) size 62x18
                text run at (2,2) width 62: "cell=50%"
            RenderTableCell {TD} at (150,2) size 146x22 [border: (1px inset #808080)] [r=0 c=1 rs=1 cs=1]
              RenderText {#text} at (2,2) size 60x18
                text run at (2,2) width 60: "cell=auto"
      RenderBlock (anonymous) at (0,258) size 784x36
        RenderBR {BR} at (0,0) size 0x18
        RenderText {#text} at (0,18) size 252x18
          text run at (0,18) width 252: "fixed table - % cells don't get expanded"
      RenderTable {TABLE} at (0,294) size 200x28 [border: (1px outset #808080)]
        RenderTableSection {TBODY} at (1,1) size 198x26
          RenderTableRow {TR} at (0,2) size 198x22
            RenderTableCell {TD} at (2,2) size 48x22 [border: (1px inset #808080)] [r=0 c=0 rs=1 cs=1]
              RenderText {#text} at (2,2) size 30x18
                text run at (2,2) width 30: "25%"
            RenderTableCell {TD} at (51,2) size 48x22 [border: (1px inset #808080)] [r=0 c=1 rs=1 cs=1]
              RenderText {#text} at (2,2) size 30x18
                text run at (2,2) width 30: "25%"
            RenderTableCell {TD} at (101,2) size 95x22 [border: (1px inset #808080)] [r=0 c=2 rs=1 cs=1]
              RenderText {#text} at (2,2) size 28x18
                text run at (2,2) width 28: "auto"
      RenderBlock (anonymous) at (0,322) size 784x36
        RenderBR {BR} at (0,0) size 0x18
        RenderText {#text} at (0,18) size 208x18
          text run at (0,18) width 208: "fixed table - % cells are honored"
      RenderTable {TABLE} at (0,358) size 200x46 [border: (1px outset #808080)]
        RenderTableSection {TBODY} at (1,1) size 198x44
          RenderTableRow {TR} at (0,2) size 198x40
            RenderTableCell {TD} at (2,2) size 96x40 [border: (1px inset #808080)] [r=0 c=0 rs=1 cs=1]
              RenderText {#text} at (2,2) size 63x36
                text run at (2,2) width 63: "50% 50%"
                text run at (2,20) width 30: "50%"
            RenderTableCell {TD} at (100,11) size 96x22 [border: (1px inset #808080)] [r=0 c=1 rs=1 cs=1]
              RenderText {#text} at (2,2) size 28x18
                text run at (2,2) width 28: "auto"
