layer at (0,0) size 800x600
  RenderView at (0,0) size 800x600
layer at (0,0) size 800x600
  RenderBlock {HTML} at (0,0) size 800x600
    RenderBody {BODY} at (8,8) size 784x584
      RenderTable {TABLE} at (0,0) size 80x26
        RenderTableSection {TBODY} at (0,0) size 80x26
          RenderTableRow {TR} at (0,2) size 80x22
            RenderTableCell {TD} at (2,2) size 42x22 [border: (1px inset #808080)] [r=0 c=0 rs=1 cs=1]
              RenderText {#text} at (2,2) size 38x18
                text run at (2,2) width 38: "frame"
            RenderTableCell {TD} at (45,2) size 33x22 [border: (1px inset #808080)] [r=0 c=1 rs=1 cs=1]
              RenderText {#text} at (2,2) size 29x18
                text run at (2,2) width 29: "void"
      RenderBlock (anonymous) at (0,26) size 784x18
        RenderBR {BR} at (0,0) size 0x18
      RenderTable {TABLE} at (0,44) size 90x27 [border: (1px solid #808080) none]
        RenderTableSection {TBODY} at (0,1) size 90x26
          RenderTableRow {TR} at (0,2) size 90x22
            RenderTableCell {TD} at (2,2) size 42x22 [border: (1px inset #808080)] [r=0 c=0 rs=1 cs=1]
              RenderText {#text} at (2,2) size 38x18
                text run at (2,2) width 38: "frame"
            RenderTableCell {TD} at (45,2) size 43x22 [border: (1px inset #808080)] [r=0 c=1 rs=1 cs=1]
              RenderText {#text} at (2,2) size 39x18
                text run at (2,2) width 39: "above"
      RenderBlock (anonymous) at (0,71) size 784x18
        RenderBR {BR} at (0,0) size 0x18
      RenderTable {TABLE} at (0,89) size 91x27 [border: none (1px solid #808080) none]
        RenderTableSection {TBODY} at (0,0) size 91x26
          RenderTableRow {TR} at (0,2) size 91x22
            RenderTableCell {TD} at (2,2) size 42x22 [border: (1px inset #808080)] [r=0 c=0 rs=1 cs=1]
              RenderText {#text} at (2,2) size 38x18
                text run at (2,2) width 38: "frame"
            RenderTableCell {TD} at (45,2) size 44x22 [border: (1px inset #808080)] [r=0 c=1 rs=1 cs=1]
              RenderText {#text} at (2,2) size 40x18
                text run at (2,2) width 40: "below"
      RenderBlock (anonymous) at (0,116) size 784x18
        RenderBR {BR} at (0,0) size 0x18
      RenderTable {TABLE} at (0,134) size 92x28 [border: (1px solid #808080) none (1px solid #808080) none]
        RenderTableSection {TBODY} at (0,1) size 92x26
          RenderTableRow {TR} at (0,2) size 92x22
            RenderTableCell {TD} at (2,2) size 42x22 [border: (1px inset #808080)] [r=0 c=0 rs=1 cs=1]
              RenderText {#text} at (2,2) size 38x18
                text run at (2,2) width 38: "frame"
            RenderTableCell {TD} at (45,2) size 45x22 [border: (1px inset #808080)] [r=0 c=1 rs=1 cs=1]
              RenderText {#text} at (2,2) size 40x18
                text run at (2,2) width 40: "hsides"
      RenderBlock (anonymous) at (0,162) size 784x18
        RenderBR {BR} at (0,0) size 0x18
      RenderTable {TABLE} at (0,180) size 94x26 [border: none (1px solid #808080) none (1px solid #808080)]
        RenderTableSection {TBODY} at (1,0) size 92x26
          RenderTableRow {TR} at (0,2) size 92x22
            RenderTableCell {TD} at (2,2) size 42x22 [border: (1px inset #808080)] [r=0 c=0 rs=1 cs=1]
              RenderText {#text} at (2,2) size 38x18
                text run at (2,2) width 38: "frame"
            RenderTableCell {TD} at (45,2) size 45x22 [border: (1px inset #808080)] [r=0 c=1 rs=1 cs=1]
              RenderText {#text} at (2,2) size 40x18
                text run at (2,2) width 40: "vsides"
      RenderBlock (anonymous) at (0,206) size 784x18
        RenderBR {BR} at (0,0) size 0x18
      RenderTable {TABLE} at (0,224) size 72x26 [border: none (1px solid #808080) none]
        RenderTableSection {TBODY} at (0,0) size 71x26
          RenderTableRow {TR} at (0,2) size 71x22
            RenderTableCell {TD} at (2,2) size 42x22 [border: (1px inset #808080)] [r=0 c=0 rs=1 cs=1]
              RenderText {#text} at (2,2) size 38x18
                text run at (2,2) width 38: "frame"
            RenderTableCell {TD} at (45,2) size 24x22 [border: (1px inset #808080)] [r=0 c=1 rs=1 cs=1]
              RenderText {#text} at (2,2) size 20x18
                text run at (2,2) width 20: "rhs"
      RenderBlock (anonymous) at (0,250) size 784x18
        RenderBR {BR} at (0,0) size 0x18
      RenderTable {TABLE} at (0,268) size 71x26 [border: none (1px solid #808080)]
        RenderTableSection {TBODY} at (1,0) size 70x26
          RenderTableRow {TR} at (0,2) size 70x22
            RenderTableCell {TD} at (2,2) size 42x22 [border: (1px inset #808080)] [r=0 c=0 rs=1 cs=1]
              RenderText {#text} at (2,2) size 38x18
                text run at (2,2) width 38: "frame"
            RenderTableCell {TD} at (45,2) size 23x22 [border: (1px inset #808080)] [r=0 c=1 rs=1 cs=1]
              RenderText {#text} at (2,2) size 19x18
                text run at (2,2) width 19: "lhs"
      RenderBlock (anonymous) at (0,294) size 784x18
        RenderBR {BR} at (0,0) size 0x18
      RenderTable {TABLE} at (0,312) size 78x28 [border: (1px solid #808080)]
        RenderTableSection {TBODY} at (1,1) size 76x26
          RenderTableRow {TR} at (0,2) size 76x22
            RenderTableCell {TD} at (2,2) size 42x22 [border: (1px inset #808080)] [r=0 c=0 rs=1 cs=1]
              RenderText {#text} at (2,2) size 38x18
                text run at (2,2) width 38: "frame"
            RenderTableCell {TD} at (45,2) size 29x22 [border: (1px inset #808080)] [r=0 c=1 rs=1 cs=1]
              RenderText {#text} at (2,2) size 24x18
                text run at (2,2) width 24: "box"
      RenderBlock (anonymous) at (0,340) size 784x18
        RenderBR {BR} at (0,0) size 0x18
      RenderTable {TABLE} at (0,358) size 96x28 [border: (1px solid #808080)]
        RenderTableSection {TBODY} at (1,1) size 94x26
          RenderTableRow {TR} at (0,2) size 94x22
            RenderTableCell {TD} at (2,2) size 42x22 [border: (1px inset #808080)] [r=0 c=0 rs=1 cs=1]
              RenderText {#text} at (2,2) size 38x18
                text run at (2,2) width 38: "frame"
            RenderTableCell {TD} at (45,2) size 47x22 [border: (1px inset #808080)] [r=0 c=1 rs=1 cs=1]
              RenderText {#text} at (2,2) size 42x18
                text run at (2,2) width 42: "border"
      RenderBlock (anonymous) at (0,386) size 784x18
        RenderBR {BR} at (0,0) size 0x18
