layer at (0,0) size 808x585
  RenderView at (0,0) size 800x585
layer at (0,0) size 808x585
  RenderBlock {HTML} at (0,0) size 808x585
    RenderBody {BODY} at (8,8) size 792x569
layer at (8,8) size 388x569
  RenderBlock {DIV} at (0,0) size 388x569 [border: (5px solid #0000FF)]
    RenderMultiColumnSet at (5,5) size 378x559
layer at (13,13) size 450x272
  RenderMultiColumnFlowThread at (5,5) size 450x272
    RenderBlock (anonymous) at (0,0) size 378x272
      RenderText {#text} at (0,0) size 18x113
        text run at (0,0) width 113: "This is some text."
      RenderBR {BR} at (0,112) size 18x1
      RenderText {#text} at (18,0) size 18x113
        text run at (18,0) width 113: "This is some text."
      RenderBR {BR} at (18,112) size 18x1
      RenderText {#text} at (36,0) size 18x113
        text run at (36,0) width 113: "This is some text."
      RenderBR {BR} at (36,112) size 18x1
      RenderText {#text} at (54,0) size 18x113
        text run at (54,0) width 113: "This is some text."
      RenderBR {BR} at (54,112) size 18x1
      RenderText {#text} at (72,0) size 18x113
        text run at (72,0) width 113: "This is some text."
      RenderBR {BR} at (72,112) size 18x1
      RenderText {#text} at (90,0) size 18x113
        text run at (90,0) width 113: "This is some text."
      RenderBR {BR} at (90,112) size 18x1
      RenderText {#text} at (108,0) size 18x113
        text run at (108,0) width 113: "This is some text."
      RenderBR {BR} at (108,112) size 18x1
      RenderText {#text} at (126,0) size 18x113
        text run at (126,0) width 113: "This is some text."
      RenderBR {BR} at (126,112) size 18x1
      RenderText {#text} at (144,0) size 18x113
        text run at (144,0) width 113: "This is some text."
      RenderBR {BR} at (144,112) size 18x1
      RenderText {#text} at (162,0) size 18x113
        text run at (162,0) width 113: "This is some text."
      RenderBR {BR} at (162,112) size 18x1
      RenderText {#text} at (180,0) size 18x113
        text run at (180,0) width 113: "This is some text."
      RenderBR {BR} at (180,112) size 18x1
      RenderText {#text} at (198,0) size 18x113
        text run at (198,0) width 113: "This is some text."
      RenderBR {BR} at (198,112) size 18x1
      RenderText {#text} at (216,0) size 18x113
        text run at (216,0) width 113: "This is some text."
      RenderBR {BR} at (216,112) size 18x1
      RenderText {#text} at (234,0) size 18x113
        text run at (234,0) width 113: "This is some text."
      RenderBR {BR} at (234,112) size 18x1
      RenderText {#text} at (252,0) size 18x113
        text run at (252,0) width 113: "This is some text."
      RenderBR {BR} at (252,112) size 18x1
      RenderText {#text} at (270,0) size 18x113
        text run at (270,0) width 113: "This is some text."
      RenderBR {BR} at (270,112) size 18x1
      RenderText {#text} at (288,0) size 18x113
        text run at (288,0) width 113: "This is some text."
      RenderBR {BR} at (288,112) size 18x1
      RenderText {#text} at (306,0) size 18x113
        text run at (306,0) width 113: "This is some text."
      RenderBR {BR} at (306,112) size 18x1
      RenderText {#text} at (324,0) size 18x113
        text run at (324,0) width 113: "This is some text."
      RenderBR {BR} at (324,112) size 18x1
      RenderText {#text} at (342,0) size 18x113
        text run at (342,0) width 113: "This is some text."
      RenderBR {BR} at (342,112) size 18x1
      RenderText {#text} at (360,0) size 18x113
        text run at (360,0) width 113: "This is some text."
      RenderBR {BR} at (360,112) size 18x1
    RenderBlock {DIV} at (378,0) size 72x272
      RenderText {#text} at (0,0) size 18x267
        text run at (0,0) width 267: "This text should be in the second column."
      RenderBR {BR} at (0,266) size 18x1
      RenderText {#text} at (18,0) size 18x267
        text run at (18,0) width 267: "This text should be in the second column."
      RenderBR {BR} at (18,266) size 18x1
      RenderText {#text} at (36,0) size 18x267
        text run at (36,0) width 267: "This text should be in the second column."
      RenderBR {BR} at (36,266) size 18x1
      RenderText {#text} at (54,0) size 18x267
        text run at (54,0) width 267: "This text should be in the second column."
      RenderBR {BR} at (54,266) size 18x1
layer at (412,8) size 388x569
  RenderBlock {DIV} at (404,0) size 388x569 [border: (5px solid #0000FF)]
    RenderMultiColumnSet at (5,5) size 378x559
layer at (417,13) size 756x272 backgroundClip at (0,0) size 808x585 clip at (0,0) size 808x585
  RenderMultiColumnFlowThread at (5,5) size 756x272
    RenderBlock (anonymous) at (0,0) size 72x272
      RenderText {#text} at (0,0) size 18x248
        text run at (0,0) width 248: "This text should be in the first column."
      RenderBR {BR} at (0,247) size 18x1
      RenderText {#text} at (18,0) size 18x248
        text run at (18,0) width 248: "This text should be in the first column."
      RenderBR {BR} at (18,247) size 18x1
      RenderText {#text} at (36,0) size 18x248
        text run at (36,0) width 248: "This text should be in the first column."
      RenderBR {BR} at (36,247) size 18x1
      RenderText {#text} at (54,0) size 18x248
        text run at (54,0) width 248: "This text should be in the first column."
      RenderBR {BR} at (54,247) size 18x1
    RenderBlock {DIV} at (378,0) size 378x272
      RenderText {#text} at (0,0) size 18x113
        text run at (0,0) width 113: "This is some text."
      RenderBR {BR} at (0,112) size 18x1
      RenderText {#text} at (18,0) size 18x113
        text run at (18,0) width 113: "This is some text."
      RenderBR {BR} at (18,112) size 18x1
      RenderText {#text} at (36,0) size 18x113
        text run at (36,0) width 113: "This is some text."
      RenderBR {BR} at (36,112) size 18x1
      RenderText {#text} at (54,0) size 18x113
        text run at (54,0) width 113: "This is some text."
      RenderBR {BR} at (54,112) size 18x1
      RenderText {#text} at (72,0) size 18x113
        text run at (72,0) width 113: "This is some text."
      RenderBR {BR} at (72,112) size 18x1
      RenderText {#text} at (90,0) size 18x113
        text run at (90,0) width 113: "This is some text."
      RenderBR {BR} at (90,112) size 18x1
      RenderText {#text} at (108,0) size 18x113
        text run at (108,0) width 113: "This is some text."
      RenderBR {BR} at (108,112) size 18x1
      RenderText {#text} at (126,0) size 18x113
        text run at (126,0) width 113: "This is some text."
      RenderBR {BR} at (126,112) size 18x1
      RenderText {#text} at (144,0) size 18x113
        text run at (144,0) width 113: "This is some text."
      RenderBR {BR} at (144,112) size 18x1
      RenderText {#text} at (162,0) size 18x113
        text run at (162,0) width 113: "This is some text."
      RenderBR {BR} at (162,112) size 18x1
      RenderText {#text} at (180,0) size 18x113
        text run at (180,0) width 113: "This is some text."
      RenderBR {BR} at (180,112) size 18x1
      RenderText {#text} at (198,0) size 18x113
        text run at (198,0) width 113: "This is some text."
      RenderBR {BR} at (198,112) size 18x1
      RenderText {#text} at (216,0) size 18x113
        text run at (216,0) width 113: "This is some text."
      RenderBR {BR} at (216,112) size 18x1
      RenderText {#text} at (234,0) size 18x113
        text run at (234,0) width 113: "This is some text."
      RenderBR {BR} at (234,112) size 18x1
      RenderText {#text} at (252,0) size 18x113
        text run at (252,0) width 113: "This is some text."
      RenderBR {BR} at (252,112) size 18x1
      RenderText {#text} at (270,0) size 18x113
        text run at (270,0) width 113: "This is some text."
      RenderBR {BR} at (270,112) size 18x1
      RenderText {#text} at (288,0) size 18x113
        text run at (288,0) width 113: "This is some text."
      RenderBR {BR} at (288,112) size 18x1
      RenderText {#text} at (306,0) size 18x113
        text run at (306,0) width 113: "This is some text."
      RenderBR {BR} at (306,112) size 18x1
      RenderText {#text} at (324,0) size 18x113
        text run at (324,0) width 113: "This is some text."
      RenderBR {BR} at (324,112) size 18x1
      RenderText {#text} at (342,0) size 18x113
        text run at (342,0) width 113: "This is some text."
      RenderBR {BR} at (342,112) size 18x1
      RenderText {#text} at (360,0) size 18x113
        text run at (360,0) width 113: "This is some text."
      RenderBR {BR} at (360,112) size 18x1
