layer at (0,0) size 800x600
  RenderView at (0,0) size 800x600
layer at (0,0) size 800x114
  RenderBlock {html} at (0,0) size 800x114
    RenderBody {body} at (8,16) size 784x90
      RenderBlock {p} at (0,0) size 784x18
        RenderText {#text} at (0,0) size 510x17
          text run at (0,0) width 510: "Test passes if there are two pairs of black and blue 'Filler Text' instances on page."
      RenderBlock {div} at (0,34) size 784x28
        RenderText {#text} at (679,0) size 105x27
          text run at (679,0) width 105: "Filler Text"
      RenderBlock {div} at (0,62) size 784x28
        RenderText {#text} at (679,0) size 105x27
          text run at (679,0) width 105: "Filler Text"
