layer at (0,0) size 800x600
  RenderView at (0,0) size 800x600
layer at (0,0) size 800x129
  RenderBlock {html} at (0,0) size 800x129
    RenderBody {body} at (8,16) size 784x88
      RenderBlock {p} at (0,0) size 784x18
        RenderText {#text} at (0,0) size 687x17
          text run at (0,0) width 687: "Test passes if there are three black and three blue instances of 'Filler Text' such that all text has a line above it."
      RenderBlock {div} at (25,43) size 734x45
        RenderText {#text} at (0,0) size 531x44
          text run at (0,0) width 531: "Filler Text Filler Text Filler Text"
      RenderBlock {div} at (0,113) size 784x0
