layer at (0,0) size 800x600
  RenderView at (0,0) size 800x600
layer at (0,0) size 800x50
  RenderBlock {html} at (0,0) size 800x50
    RenderBody {body} at (8,16) size 784x18
      RenderBlock {p} at (0,0) size 784x18
        RenderText {#text} at (0,0) size 302x17
          text run at (0,0) width 302: "Test passes if there is no red visible on the page."
layer at (96,192) size 96x16
  RenderBlock (positioned) {div} at (96,192) size 96x16 [bgcolor=#FF0000]
layer at (0,96) size 96x16
  RenderBlock (positioned) {div} at (0,96) size 96x16
    RenderText {#text} at (0,0) size 96x16
      text run at (0,0) width 96: "Filler"
