layer at (0,0) size 785x940
  RenderView at (0,0) size 785x600
layer at (0,0) size 785x940
  RenderBlock {HTML} at (0,0) size 785x940
    RenderBody {BODY} at (8,8) size 769x924
      RenderBlock (anonymous) at (0,0) size 769x18
        RenderText {#text} at (0,0) size 110x18
          text run at (0,0) width 110: "auto table cols=2"
      RenderTable {TABLE} at (0,18) size 517x28 [border: (1px outset #808080)]
        RenderTableSection {TBODY} at (1,1) size 515x26
          RenderTableRow {TR} at (0,2) size 515x22
            RenderTableCell {TD} at (2,2) size 253x22 [border: (1px inset #808080)] [r=0 c=0 rs=1 cs=1]
              RenderText {#text} at (2,2) size 249x18
                text run at (2,2) width 249: "auto auto auto auto auto auto auto auto"
            RenderTableCell {TD} at (256,2) size 160x22 [border: (1px inset #808080)] [r=0 c=1 rs=1 cs=1]
              RenderText {#text} at (2,2) size 156x18
                text run at (2,2) width 156: "auto-auto auto auto auto"
            RenderTableCell {TD} at (417,2) size 96x22 [border: (1px inset #808080)] [r=0 c=2 rs=1 cs=1]
              RenderText {#text} at (2,2) size 91x18
                text run at (2,2) width 91: "auto auto auto"
      RenderBlock (anonymous) at (0,46) size 769x36
        RenderBR {BR} at (0,0) size 0x18
        RenderText {#text} at (0,18) size 110x18
          text run at (0,18) width 110: "auto table cols=2"
      RenderTable {TABLE} at (0,82) size 201x28 [border: (1px outset #808080)]
        RenderTableSection {TBODY} at (1,1) size 199x26
          RenderTableRow {TR} at (0,2) size 199x22
            RenderTableCell {TD} at (2,2) size 32x22 [border: (1px inset #808080)] [r=0 c=0 rs=1 cs=1]
              RenderText {#text} at (2,2) size 28x18
                text run at (2,2) width 28: "auto"
            RenderTableCell {TD} at (35,2) size 65x22 [border: (1px inset #808080)] [r=0 c=1 rs=1 cs=1]
              RenderText {#text} at (2,2) size 61x18
                text run at (2,2) width 61: "auto-auto"
            RenderTableCell {TD} at (101,2) size 96x22 [border: (1px inset #808080)] [r=0 c=2 rs=1 cs=1]
              RenderText {#text} at (2,2) size 91x18
                text run at (2,2) width 91: "auto auto auto"
      RenderBlock (anonymous) at (0,110) size 769x36
        RenderBR {BR} at (0,0) size 0x18
        RenderText {#text} at (0,18) size 177x18
          text run at (0,18) width 177: "auto table 2 cols with 1*,1*"
      RenderTable {TABLE} at (0,146) size 201x28 [border: (1px outset #808080)]
        RenderTableCol {COLGROUP} at (0,0) size 0x0
          RenderTableCol {COL} at (0,0) size 0x0
          RenderTableCol {COL} at (0,0) size 0x0
        RenderTableSection {TBODY} at (1,1) size 199x26
          RenderTableRow {TR} at (0,2) size 199x22
            RenderTableCell {TD} at (2,2) size 32x22 [border: (1px inset #808080)] [r=0 c=0 rs=1 cs=1]
              RenderText {#text} at (2,2) size 28x18
                text run at (2,2) width 28: "auto"
            RenderTableCell {TD} at (35,2) size 65x22 [border: (1px inset #808080)] [r=0 c=1 rs=1 cs=1]
              RenderText {#text} at (2,2) size 61x18
                text run at (2,2) width 61: "auto-auto"
            RenderTableCell {TD} at (101,2) size 96x22 [border: (1px inset #808080)] [r=0 c=2 rs=1 cs=1]
              RenderText {#text} at (2,2) size 91x18
                text run at (2,2) width 91: "auto auto auto"
      RenderBlock (anonymous) at (0,174) size 769x36
        RenderBR {BR} at (0,0) size 0x18
        RenderText {#text} at (0,18) size 177x18
          text run at (0,18) width 177: "auto table 2 cols with 2*,1*"
      RenderTable {TABLE} at (0,210) size 201x28 [border: (1px outset #808080)]
        RenderTableCol {COLGROUP} at (0,0) size 0x0
          RenderTableCol {COL} at (0,0) size 0x0
          RenderTableCol {COL} at (0,0) size 0x0
        RenderTableSection {TBODY} at (1,1) size 199x26
          RenderTableRow {TR} at (0,2) size 199x22
            RenderTableCell {TD} at (2,2) size 32x22 [border: (1px inset #808080)] [r=0 c=0 rs=1 cs=1]
              RenderText {#text} at (2,2) size 28x18
                text run at (2,2) width 28: "auto"
            RenderTableCell {TD} at (35,2) size 65x22 [border: (1px inset #808080)] [r=0 c=1 rs=1 cs=1]
              RenderText {#text} at (2,2) size 61x18
                text run at (2,2) width 61: "auto-auto"
            RenderTableCell {TD} at (101,2) size 96x22 [border: (1px inset #808080)] [r=0 c=2 rs=1 cs=1]
              RenderText {#text} at (2,2) size 91x18
                text run at (2,2) width 91: "auto auto auto"
      RenderBlock (anonymous) at (0,238) size 769x36
        RenderBR {BR} at (0,0) size 0x18
        RenderText {#text} at (0,18) size 114x18
          text run at (0,18) width 114: "fixed table cols=2"
      RenderTable {TABLE} at (0,274) size 400x28 [border: (1px outset #808080)]
        RenderTableSection {TBODY} at (1,1) size 398x26
          RenderTableRow {TR} at (0,2) size 398x22
            RenderTableCell {TD} at (2,2) size 65x22 [border: (1px inset #808080)] [r=0 c=0 rs=1 cs=1]
              RenderText {#text} at (2,2) size 28x18
                text run at (2,2) width 28: "auto"
            RenderTableCell {TD} at (68,2) size 133x22 [border: (1px inset #808080)] [r=0 c=1 rs=1 cs=1]
              RenderText {#text} at (2,2) size 61x18
                text run at (2,2) width 61: "auto-auto"
            RenderTableCell {TD} at (202,2) size 195x22 [border: (1px inset #808080)] [r=0 c=2 rs=1 cs=1]
              RenderText {#text} at (2,2) size 91x18
                text run at (2,2) width 91: "auto auto auto"
      RenderBlock (anonymous) at (0,302) size 769x36
        RenderBR {BR} at (0,0) size 0x18
        RenderText {#text} at (0,18) size 110x18
          text run at (0,18) width 110: "auto table cols=3"
      RenderTable {TABLE} at (0,338) size 201x28 [border: (1px outset #808080)]
        RenderTableSection {TBODY} at (1,1) size 199x26
          RenderTableRow {TR} at (0,2) size 199x22
            RenderTableCell {TD} at (2,2) size 32x22 [border: (1px inset #808080)] [r=0 c=0 rs=1 cs=1]
              RenderText {#text} at (2,2) size 28x18
                text run at (2,2) width 28: "auto"
            RenderTableCell {TD} at (35,2) size 65x22 [border: (1px inset #808080)] [r=0 c=1 rs=1 cs=1]
              RenderText {#text} at (2,2) size 61x18
                text run at (2,2) width 61: "auto-auto"
            RenderTableCell {TD} at (101,2) size 96x22 [border: (1px inset #808080)] [r=0 c=2 rs=1 cs=1]
              RenderText {#text} at (2,2) size 91x18
                text run at (2,2) width 91: "auto auto auto"
      RenderBlock (anonymous) at (0,366) size 769x36
        RenderBR {BR} at (0,0) size 0x18
        RenderText {#text} at (0,18) size 114x18
          text run at (0,18) width 114: "fixed table cols=3"
      RenderTable {TABLE} at (0,402) size 400x28 [border: (1px outset #808080)]
        RenderTableSection {TBODY} at (1,1) size 398x26
          RenderTableRow {TR} at (0,2) size 398x22
            RenderTableCell {TD} at (2,2) size 65x22 [border: (1px inset #808080)] [r=0 c=0 rs=1 cs=1]
              RenderText {#text} at (2,2) size 28x18
                text run at (2,2) width 28: "auto"
            RenderTableCell {TD} at (68,2) size 133x22 [border: (1px inset #808080)] [r=0 c=1 rs=1 cs=1]
              RenderText {#text} at (2,2) size 61x18
                text run at (2,2) width 61: "auto-auto"
            RenderTableCell {TD} at (202,2) size 195x22 [border: (1px inset #808080)] [r=0 c=2 rs=1 cs=1]
              RenderText {#text} at (2,2) size 91x18
                text run at (2,2) width 91: "auto auto auto"
      RenderBlock (anonymous) at (0,430) size 769x36
        RenderBR {BR} at (0,0) size 0x18
        RenderText {#text} at (0,18) size 110x18
          text run at (0,18) width 110: "auto table cols=3"
      RenderTable {TABLE} at (0,466) size 374x28 [border: (1px outset #808080)]
        RenderTableSection {TBODY} at (1,1) size 372x26
          RenderTableRow {TR} at (0,2) size 372x22
            RenderTableCell {TD} at (2,2) size 204x22 [border: (1px inset #808080)] [r=0 c=0 rs=1 cs=1]
              RenderText {#text} at (2,2) size 24x18
                text run at (2,2) width 24: "200"
            RenderTableCell {TD} at (208,2) size 65x22 [border: (1px inset #808080)] [r=0 c=1 rs=1 cs=1]
              RenderText {#text} at (2,2) size 61x18
                text run at (2,2) width 61: "auto-auto"
            RenderTableCell {TD} at (274,2) size 96x22 [border: (1px inset #808080)] [r=0 c=2 rs=1 cs=1]
              RenderText {#text} at (2,2) size 91x18
                text run at (2,2) width 91: "auto auto auto"
      RenderBlock (anonymous) at (0,494) size 769x36
        RenderBR {BR} at (0,0) size 0x18
        RenderText {#text} at (0,18) size 114x18
          text run at (0,18) width 114: "fixed table cols=3"
      RenderTable {TABLE} at (0,530) size 400x28 [border: (1px outset #808080)]
        RenderTableSection {TBODY} at (1,1) size 398x26
          RenderTableRow {TR} at (0,2) size 398x22
            RenderTableCell {TD} at (2,2) size 204x22 [border: (1px inset #808080)] [r=0 c=0 rs=1 cs=1]
              RenderText {#text} at (2,2) size 24x18
                text run at (2,2) width 24: "200"
            RenderTableCell {TD} at (208,2) size 76x22 [border: (1px inset #808080)] [r=0 c=1 rs=1 cs=1]
              RenderText {#text} at (2,2) size 61x18
                text run at (2,2) width 61: "auto-auto"
            RenderTableCell {TD} at (285,2) size 112x22 [border: (1px inset #808080)] [r=0 c=2 rs=1 cs=1]
              RenderText {#text} at (2,2) size 91x18
                text run at (2,2) width 91: "auto auto auto"
      RenderBlock (anonymous) at (0,558) size 769x36
        RenderBR {BR} at (0,0) size 0x18
        RenderText {#text} at (0,18) size 110x18
          text run at (0,18) width 110: "auto table cols=2"
      RenderTable {TABLE} at (0,594) size 310x28 [border: (1px outset #808080)]
        RenderTableSection {TBODY} at (1,1) size 308x26
          RenderTableRow {TR} at (0,2) size 308x22
            RenderTableCell {TD} at (2,2) size 32x22 [border: (1px inset #808080)] [r=0 c=0 rs=1 cs=1]
              RenderText {#text} at (2,2) size 28x18
                text run at (2,2) width 28: "auto"
            RenderTableCell {TD} at (35,2) size 65x22 [border: (1px inset #808080)] [r=0 c=1 rs=1 cs=1]
              RenderText {#text} at (2,2) size 61x18
                text run at (2,2) width 61: "auto-auto"
            RenderTableCell {TD} at (101,2) size 205x22 [border: (1px inset #808080)] [r=0 c=2 rs=1 cs=1]
              RenderText {#text} at (2,2) size 24x18
                text run at (2,2) width 24: "200"
      RenderBlock (anonymous) at (0,622) size 769x36
        RenderBR {BR} at (0,0) size 0x18
        RenderText {#text} at (0,18) size 114x18
          text run at (0,18) width 114: "fixed table cols=2"
      RenderTable {TABLE} at (0,658) size 400x28 [border: (1px outset #808080)]
        RenderTableSection {TBODY} at (1,1) size 398x26
          RenderTableRow {TR} at (0,2) size 398x22
            RenderTableCell {TD} at (2,2) size 62x22 [border: (1px inset #808080)] [r=0 c=0 rs=1 cs=1]
              RenderText {#text} at (2,2) size 28x18
                text run at (2,2) width 28: "auto"
            RenderTableCell {TD} at (65,2) size 126x22 [border: (1px inset #808080)] [r=0 c=1 rs=1 cs=1]
              RenderText {#text} at (2,2) size 61x18
                text run at (2,2) width 61: "auto-auto"
            RenderTableCell {TD} at (192,2) size 205x22 [border: (1px inset #808080)] [r=0 c=2 rs=1 cs=1]
              RenderText {#text} at (2,2) size 24x18
                text run at (2,2) width 24: "200"
      RenderBlock (anonymous) at (0,686) size 769x18
        RenderText {#text} at (0,0) size 63x18
          text run at (0,0) width 63: "auto table"
      RenderTable {TABLE} at (0,704) size 88x28 [border: (1px outset #808080)]
        RenderTableSection {TBODY} at (1,1) size 86x26
          RenderTableRow {TR} at (0,2) size 86x22
            RenderTableCell {TD} at (2,2) size 48x22 [border: (1px inset #808080)] [r=0 c=0 rs=1 cs=1]
              RenderText {#text} at (2,2) size 44x18
                text run at (2,2) width 44: "0 0 0 0"
            RenderTableCell {TD} at (52,2) size 32x22 [border: (1px inset #808080)] [r=0 c=1 rs=1 cs=1]
              RenderText {#text} at (2,2) size 28x18
                text run at (2,2) width 28: "auto"
      RenderBlock (anonymous) at (0,732) size 769x36
        RenderBR {BR} at (0,0) size 0x18
        RenderText {#text} at (0,18) size 63x18
          text run at (0,18) width 63: "auto table"
      RenderTable {TABLE} at (0,768) size 141x28 [border: (1px outset #808080)]
        RenderTableSection {TBODY} at (1,1) size 139x26
          RenderTableRow {TR} at (0,2) size 139x22
            RenderTableCell {TD} at (2,2) size 102x22 [border: (1px inset #808080)] [r=0 c=0 rs=1 cs=1]
              RenderText {#text} at (2,2) size 98x18
                text run at (2,2) width 98: "0% 0% 0% 0%"
            RenderTableCell {TD} at (105,2) size 32x22 [border: (1px inset #808080)] [r=0 c=1 rs=1 cs=1]
              RenderText {#text} at (2,2) size 28x18
                text run at (2,2) width 28: "auto"
      RenderBlock (anonymous) at (0,796) size 769x36
        RenderBR {BR} at (0,0) size 0x18
        RenderText {#text} at (0,18) size 63x18
          text run at (0,18) width 63: "auto table"
      RenderTable {TABLE} at (0,832) size 84x28 [border: (1px outset #808080)]
        RenderTableCol {COLGROUP} at (0,0) size 0x0
          RenderTableCol {COL} at (0,0) size 0x0
        RenderTableSection {TBODY} at (1,1) size 82x26
          RenderTableRow {TR} at (0,2) size 82x22
            RenderTableCell {TD} at (2,2) size 44x22 [border: (1px inset #808080)] [r=0 c=0 rs=1 cs=1]
              RenderText {#text} at (2,2) size 40x18
                text run at (2,2) width 40: "0* col"
            RenderTableCell {TD} at (47,2) size 33x22 [border: (1px inset #808080)] [r=0 c=1 rs=1 cs=1]
              RenderText {#text} at (2,2) size 28x18
                text run at (2,2) width 28: "auto"
      RenderBlock (anonymous) at (0,860) size 769x36
        RenderBR {BR} at (0,0) size 0x18
        RenderText {#text} at (0,18) size 68x18
          text run at (0,18) width 68: "fixed table"
      RenderTable {TABLE} at (0,896) size 200x28 [border: (1px outset #808080)]
        RenderTableCol {COLGROUP} at (0,0) size 0x0
          RenderTableCol {COL} at (0,0) size 0x0
        RenderTableSection {TBODY} at (1,1) size 198x26
          RenderTableRow {TR} at (0,2) size 198x22
            RenderTableCell {TD} at (2,2) size 112x22 [border: (1px inset #808080)] [r=0 c=0 rs=1 cs=1]
              RenderText {#text} at (2,2) size 40x18
                text run at (2,2) width 40: "0* col"
            RenderTableCell {TD} at (115,2) size 82x22 [border: (1px inset #808080)] [r=0 c=1 rs=1 cs=1]
              RenderText {#text} at (2,2) size 28x18
                text run at (2,2) width 28: "auto"
