layer at (0,0) size 785x1306
  RenderView at (0,0) size 785x600
layer at (0,0) size 785x1306
  RenderBlock {HTML} at (0,0) size 785x1306
    RenderBody {BODY} at (8,8) size 769x1290
      RenderBlock (anonymous) at (0,0) size 769x18
        RenderText {#text} at (0,0) size 219x18
          text run at (0,0) width 219: "fixed table - width on td overriden"
      RenderTable {TABLE} at (0,18) size 400x56 [border: (10px outset #808080)]
        RenderTableSection {TBODY} at (10,10) size 380x36
          RenderTableRow {TR} at (0,3) size 380x30
            RenderTableCell {TD} at (3,3) size 338x30 [border: (1px inset #808080)] [r=0 c=0 rs=1 cs=1]
              RenderText {#text} at (6,6) size 22x18
                text run at (6,6) width 22: "foo"
            RenderTableCell {TD} at (343,3) size 34x30 [border: (1px inset #808080)] [r=0 c=1 rs=1 cs=1]
              RenderText {#text} at (6,6) size 22x18
                text run at (6,6) width 22: "foo"
      RenderBlock {HR} at (0,82) size 402x2 [border: (1px inset #000000)]
      RenderBlock (anonymous) at (0,92) size 769x36
        RenderBR {BR} at (0,0) size 0x18
        RenderText {#text} at (0,18) size 351x18
          text run at (0,18) width 351: "fixed table - percent cell wins over fix cell (and in IE5)"
      RenderTable {TABLE} at (0,128) size 500x52 [border: (1px outset #808080)]
        RenderTableSection {TBODY} at (1,1) size 498x50
          RenderTableRow {TR} at (0,2) size 498x22
            RenderTableCell {TD} at (2,2) size 246x22 [border: (1px inset #808080)] [r=0 c=0 rs=1 cs=1]
              RenderText {#text} at (2,2) size 32x18
                text run at (2,2) width 32: "20px"
            RenderTableCell {TD} at (250,2) size 246x22 [border: (1px inset #808080)] [r=0 c=1 rs=1 cs=1]
              RenderText {#text} at (2,2) size 28x18
                text run at (2,2) width 28: "auto"
          RenderTableRow {TR} at (0,26) size 498x22
            RenderTableCell {TD} at (2,26) size 246x22 [border: (1px inset #808080)] [r=1 c=0 rs=1 cs=1]
              RenderText {#text} at (2,2) size 30x18
                text run at (2,2) width 30: "50%"
            RenderTableCell {TD} at (250,26) size 246x22 [border: (1px inset #808080)] [r=1 c=1 rs=1 cs=1]
              RenderText {#text} at (2,2) size 28x18
                text run at (2,2) width 28: "auto"
      RenderBlock (anonymous) at (0,180) size 769x36
        RenderBR {BR} at (0,0) size 0x18
        RenderText {#text} at (0,18) size 351x18
          text run at (0,18) width 351: "fixed table - percent cell wins over fix cell (and in IE5)"
      RenderTable {TABLE} at (0,216) size 300x52 [border: (1px outset #808080)]
        RenderTableSection {TBODY} at (1,1) size 298x50
          RenderTableRow {TR} at (0,2) size 298x22
            RenderTableCell {TD} at (2,2) size 34x22 [border: (1px inset #808080)] [r=0 c=0 rs=1 cs=1]
              RenderText {#text} at (2,2) size 24x18
                text run at (2,2) width 24: "100"
            RenderTableCell {TD} at (37,2) size 259x22 [border: (1px inset #808080)] [r=0 c=1 rs=1 cs=1]
              RenderText {#text} at (2,2) size 28x18
                text run at (2,2) width 28: "auto"
          RenderTableRow {TR} at (0,26) size 298x22
            RenderTableCell {TD} at (2,26) size 34x22 [border: (1px inset #808080)] [r=1 c=0 rs=1 cs=1]
              RenderText {#text} at (2,2) size 30x18
                text run at (2,2) width 30: "10%"
            RenderTableCell {TD} at (37,26) size 259x22 [border: (1px inset #808080)] [r=1 c=1 rs=1 cs=1]
              RenderText {#text} at (2,2) size 28x18
                text run at (2,2) width 28: "auto"
      RenderBlock (anonymous) at (0,268) size 769x36
        RenderBR {BR} at (0,0) size 0x18
        RenderText {#text} at (0,18) size 351x18
          text run at (0,18) width 351: "fixed table - percent cell wins over fix cell (and in IE5)"
      RenderTable {TABLE} at (0,304) size 500x52 [border: (1px outset #808080)]
        RenderTableCol {COLGROUP} at (0,0) size 0x0
          RenderTableCol {COL} at (0,0) size 0x0
        RenderTableSection {TBODY} at (1,1) size 498x50
          RenderTableRow {TR} at (0,2) size 498x22
            RenderTableCell {TD} at (2,2) size 246x22 [border: (1px inset #808080)] [r=0 c=0 rs=1 cs=1]
              RenderText {#text} at (2,2) size 113x18
                text run at (2,2) width 113: "50%Col,20%Cell"
            RenderTableCell {TD} at (250,2) size 246x22 [border: (1px inset #808080)] [r=0 c=1 rs=1 cs=1]
              RenderText {#text} at (2,2) size 28x18
                text run at (2,2) width 28: "auto"
          RenderTableRow {TR} at (0,26) size 498x22
            RenderTableCell {TD} at (2,26) size 246x22 [border: (1px inset #808080)] [r=1 c=0 rs=1 cs=1]
              RenderText {#text} at (2,2) size 28x18
                text run at (2,2) width 28: "auto"
            RenderTableCell {TD} at (250,26) size 246x22 [border: (1px inset #808080)] [r=1 c=1 rs=1 cs=1]
              RenderText {#text} at (2,2) size 28x18
                text run at (2,2) width 28: "auto"
      RenderBlock (anonymous) at (0,356) size 769x36
        RenderBR {BR} at (0,0) size 0x18
        RenderText {#text} at (0,18) size 351x18
          text run at (0,18) width 351: "fixed table - percent cell wins over fix cell (and in IE5)"
      RenderTable {TABLE} at (0,392) size 500x52 [border: (1px outset #808080)]
        RenderTableCol {COLGROUP} at (0,0) size 0x0
          RenderTableCol {COL} at (0,0) size 0x0
        RenderTableSection {TBODY} at (1,1) size 498x50
          RenderTableRow {TR} at (0,2) size 498x22
            RenderTableCell {TD} at (2,2) size 246x22 [border: (1px inset #808080)] [r=0 c=0 rs=1 cs=1]
              RenderText {#text} at (2,2) size 113x18
                text run at (2,2) width 113: "20%Col,50%Cell"
            RenderTableCell {TD} at (250,2) size 246x22 [border: (1px inset #808080)] [r=0 c=1 rs=1 cs=1]
              RenderText {#text} at (2,2) size 28x18
                text run at (2,2) width 28: "auto"
          RenderTableRow {TR} at (0,26) size 498x22
            RenderTableCell {TD} at (2,26) size 246x22 [border: (1px inset #808080)] [r=1 c=0 rs=1 cs=1]
              RenderText {#text} at (2,2) size 28x18
                text run at (2,2) width 28: "auto"
            RenderTableCell {TD} at (250,26) size 246x22 [border: (1px inset #808080)] [r=1 c=1 rs=1 cs=1]
              RenderText {#text} at (2,2) size 28x18
                text run at (2,2) width 28: "auto"
      RenderBlock (anonymous) at (0,444) size 769x36
        RenderBR {BR} at (0,0) size 0x18
        RenderText {#text} at (0,18) size 351x18
          text run at (0,18) width 351: "fixed table - percent cell wins over fix cell (and in IE5)"
      RenderTable {TABLE} at (0,480) size 500x52 [border: (1px outset #808080)]
        RenderTableCol {COLGROUP} at (0,0) size 0x0
          RenderTableCol {COL} at (0,0) size 0x0
        RenderTableSection {TBODY} at (1,1) size 498x50
          RenderTableRow {TR} at (0,2) size 498x22
            RenderTableCell {TD} at (2,2) size 246x22 [border: (1px inset #808080)] [r=0 c=0 rs=1 cs=1]
              RenderText {#text} at (2,2) size 116x18
                text run at (2,2) width 116: "50PerCol,100Cell"
            RenderTableCell {TD} at (250,2) size 246x22 [border: (1px inset #808080)] [r=0 c=1 rs=1 cs=1]
              RenderText {#text} at (2,2) size 28x18
                text run at (2,2) width 28: "auto"
          RenderTableRow {TR} at (0,26) size 498x22
            RenderTableCell {TD} at (2,26) size 246x22 [border: (1px inset #808080)] [r=1 c=0 rs=1 cs=1]
              RenderText {#text} at (2,2) size 28x18
                text run at (2,2) width 28: "auto"
            RenderTableCell {TD} at (250,26) size 246x22 [border: (1px inset #808080)] [r=1 c=1 rs=1 cs=1]
              RenderText {#text} at (2,2) size 28x18
                text run at (2,2) width 28: "auto"
      RenderBlock (anonymous) at (0,532) size 769x36
        RenderBR {BR} at (0,0) size 0x18
        RenderText {#text} at (0,18) size 351x18
          text run at (0,18) width 351: "fixed table - percent cell wins over fix cell (and in IE5)"
      RenderTable {TABLE} at (0,568) size 500x52 [border: (1px outset #808080)]
        RenderTableCol {COLGROUP} at (0,0) size 0x0
          RenderTableCol {COL} at (0,0) size 0x0
        RenderTableSection {TBODY} at (1,1) size 498x50
          RenderTableRow {TR} at (0,2) size 498x22
            RenderTableCell {TD} at (2,2) size 120x22 [border: (1px inset #808080)] [r=0 c=0 rs=1 cs=1]
              RenderText {#text} at (2,2) size 116x18
                text run at (2,2) width 116: "20PerCol,300Cell"
            RenderTableCell {TD} at (123,2) size 373x22 [border: (1px inset #808080)] [r=0 c=1 rs=1 cs=1]
              RenderText {#text} at (2,2) size 28x18
                text run at (2,2) width 28: "auto"
          RenderTableRow {TR} at (0,26) size 498x22
            RenderTableCell {TD} at (2,26) size 120x22 [border: (1px inset #808080)] [r=1 c=0 rs=1 cs=1]
              RenderText {#text} at (2,2) size 28x18
                text run at (2,2) width 28: "auto"
            RenderTableCell {TD} at (123,26) size 373x22 [border: (1px inset #808080)] [r=1 c=1 rs=1 cs=1]
              RenderText {#text} at (2,2) size 28x18
                text run at (2,2) width 28: "auto"
      RenderBlock (anonymous) at (0,620) size 769x36
        RenderBR {BR} at (0,0) size 0x18
        RenderText {#text} at (0,18) size 304x18
          text run at (0,18) width 304: "fixed table - % wins over fixed even on colspan"
      RenderTable {TABLE} at (0,656) size 300x52 [border: (1px outset #808080)]
        RenderTableSection {TBODY} at (1,1) size 298x50
          RenderTableRow {TR} at (0,2) size 298x22
            RenderTableCell {TD} at (2,2) size 146x22 [border: (1px inset #808080)] [r=0 c=0 rs=1 cs=2]
              RenderText {#text} at (2,2) size 44x18
                text run at (2,2) width 44: "50CS2"
            RenderTableCell {TD} at (150,2) size 146x22 [border: (1px inset #808080)] [r=0 c=2 rs=1 cs=1]
              RenderText {#text} at (2,2) size 28x18
                text run at (2,2) width 28: "auto"
          RenderTableRow {TR} at (0,26) size 298x22
            RenderTableCell {TD} at (2,26) size 146x22 [border: (1px inset #808080)] [r=1 c=0 rs=1 cs=2]
              RenderText {#text} at (2,2) size 57x18
                text run at (2,2) width 57: "50%CS2"
            RenderTableCell {TD} at (150,26) size 146x22 [border: (1px inset #808080)] [r=1 c=2 rs=1 cs=1]
              RenderText {#text} at (2,2) size 28x18
                text run at (2,2) width 28: "auto"
      RenderBlock (anonymous) at (0,708) size 769x36
        RenderBR {BR} at (0,0) size 0x18
        RenderText {#text} at (0,18) size 304x18
          text run at (0,18) width 304: "fixed table - % wins over fixed even on colspan"
      RenderTable {TABLE} at (0,744) size 300x52 [border: (1px outset #808080)]
        RenderTableSection {TBODY} at (1,1) size 298x50
          RenderTableRow {TR} at (0,2) size 298x22
            RenderTableCell {TD} at (2,2) size 88x22 [border: (1px inset #808080)] [r=0 c=0 rs=1 cs=2]
              RenderText {#text} at (2,2) size 52x18
                text run at (2,2) width 52: "100CS2"
            RenderTableCell {TD} at (91,2) size 205x22 [border: (1px inset #808080)] [r=0 c=2 rs=1 cs=1]
              RenderText {#text} at (2,2) size 21x18
                text run at (2,2) width 21: "bar"
          RenderTableRow {TR} at (0,26) size 298x22
            RenderTableCell {TD} at (2,26) size 88x22 [border: (1px inset #808080)] [r=1 c=0 rs=1 cs=2]
              RenderText {#text} at (2,2) size 57x18
                text run at (2,2) width 57: "30%CS2"
            RenderTableCell {TD} at (91,26) size 205x22 [border: (1px inset #808080)] [r=1 c=2 rs=1 cs=1]
              RenderText {#text} at (2,2) size 21x18
                text run at (2,2) width 21: "bar"
      RenderBlock (anonymous) at (0,796) size 769x36
        RenderBR {BR} at (0,0) size 0x18
        RenderText {#text} at (0,18) size 371x18
          text run at (0,18) width 371: "auto table - percent colspan wins over fixed colspan XXX"
      RenderTable {TABLE} at (0,832) size 769x52 [border: (1px outset #808080)]
        RenderTableSection {TBODY} at (1,1) size 767x50
          RenderTableRow {TR} at (0,2) size 767x22
            RenderTableCell {TD} at (2,2) size 77x22 [border: (1px inset #808080)] [r=0 c=0 rs=1 cs=2]
              RenderText {#text} at (2,2) size 52x18
                text run at (2,2) width 52: "500CS2"
            RenderTableCell {TD} at (80,2) size 685x22 [border: (1px inset #808080)] [r=0 c=2 rs=1 cs=1]
              RenderText {#text} at (2,2) size 28x18
                text run at (2,2) width 28: "atuo"
          RenderTableRow {TR} at (0,26) size 767x22
            RenderTableCell {TD} at (2,26) size 77x22 [border: (1px inset #808080)] [r=1 c=0 rs=1 cs=2]
              RenderText {#text} at (2,2) size 57x18
                text run at (2,2) width 57: "10%CS2"
            RenderTableCell {TD} at (80,26) size 685x22 [border: (1px inset #808080)] [r=1 c=2 rs=1 cs=1]
              RenderText {#text} at (2,2) size 28x18
                text run at (2,2) width 28: "auto"
      RenderBlock (anonymous) at (0,884) size 769x36
        RenderBR {BR} at (0,0) size 0x18
        RenderText {#text} at (0,18) size 332x18
          text run at (0,18) width 332: "auto table - percent colspan wins over fixed colspan"
      RenderTable {TABLE} at (0,920) size 769x76 [border: (1px outset #808080)]
        RenderTableSection {TBODY} at (1,1) size 767x74
          RenderTableRow {TR} at (0,2) size 767x22
            RenderTableCell {TD} at (2,2) size 154x22 [border: (1px inset #808080)] [r=0 c=0 rs=1 cs=2]
              RenderText {#text} at (2,2) size 52x18
                text run at (2,2) width 52: "500CS2"
            RenderTableCell {TD} at (157,2) size 608x22 [border: (1px inset #808080)] [r=0 c=2 rs=1 cs=1]
              RenderText {#text} at (2,2) size 28x18
                text run at (2,2) width 28: "auto"
          RenderTableRow {TR} at (0,26) size 767x22
            RenderTableCell {TD} at (2,26) size 154x22 [border: (1px inset #808080)] [r=1 c=0 rs=1 cs=2]
              RenderText {#text} at (2,2) size 57x18
                text run at (2,2) width 57: "20%CS2"
            RenderTableCell {TD} at (157,26) size 608x22 [border: (1px inset #808080)] [r=1 c=2 rs=1 cs=1]
              RenderText {#text} at (2,2) size 28x18
                text run at (2,2) width 28: "auto"
          RenderTableRow {TR} at (0,50) size 767x22
            RenderTableCell {TD} at (2,50) size 76x22 [border: (1px inset #808080)] [r=2 c=0 rs=1 cs=1]
              RenderText {#text} at (2,2) size 28x18
                text run at (2,2) width 28: "auto"
            RenderTableCell {TD} at (79,50) size 77x22 [border: (1px inset #808080)] [r=2 c=1 rs=1 cs=1]
              RenderText {#text} at (2,2) size 28x18
                text run at (2,2) width 28: "auto"
            RenderTableCell {TD} at (157,50) size 608x22 [border: (1px inset #808080)] [r=2 c=2 rs=1 cs=1]
              RenderText {#text} at (2,2) size 28x18
                text run at (2,2) width 28: "auto"
      RenderBlock (anonymous) at (0,996) size 769x36
        RenderBR {BR} at (0,0) size 0x18
        RenderText {#text} at (0,18) size 332x18
          text run at (0,18) width 332: "auto table - percent colspan wins over fixed colspan"
      RenderTable {TABLE} at (0,1032) size 769x76 [border: (1px outset #808080)]
        RenderTableSection {TBODY} at (1,1) size 767x74
          RenderTableRow {TR} at (0,2) size 767x22
            RenderTableCell {TD} at (2,2) size 154x22 [border: (1px inset #808080)] [r=0 c=0 rs=1 cs=2]
              RenderText {#text} at (2,2) size 52x18
                text run at (2,2) width 52: "200CS2"
            RenderTableCell {TD} at (157,2) size 608x22 [border: (1px inset #808080)] [r=0 c=2 rs=1 cs=1]
              RenderText {#text} at (2,2) size 28x18
                text run at (2,2) width 28: "auto"
          RenderTableRow {TR} at (0,26) size 767x22
            RenderTableCell {TD} at (2,26) size 154x22 [border: (1px inset #808080)] [r=1 c=0 rs=1 cs=2]
              RenderText {#text} at (2,2) size 57x18
                text run at (2,2) width 57: "20%CS2"
            RenderTableCell {TD} at (157,26) size 608x22 [border: (1px inset #808080)] [r=1 c=2 rs=1 cs=1]
              RenderText {#text} at (2,2) size 28x18
                text run at (2,2) width 28: "auto"
          RenderTableRow {TR} at (0,50) size 767x22
            RenderTableCell {TD} at (2,50) size 76x22 [border: (1px inset #808080)] [r=2 c=0 rs=1 cs=1]
              RenderText {#text} at (2,2) size 28x18
                text run at (2,2) width 28: "auto"
            RenderTableCell {TD} at (79,50) size 77x22 [border: (1px inset #808080)] [r=2 c=1 rs=1 cs=1]
              RenderText {#text} at (2,2) size 28x18
                text run at (2,2) width 28: "auto"
            RenderTableCell {TD} at (157,50) size 608x22 [border: (1px inset #808080)] [r=2 c=2 rs=1 cs=1]
              RenderText {#text} at (2,2) size 28x18
                text run at (2,2) width 28: "auto"
      RenderBlock (anonymous) at (0,1108) size 769x36
        RenderBR {BR} at (0,0) size 0x18
        RenderText {#text} at (0,18) size 332x18
          text run at (0,18) width 332: "auto table - percent colspan wins over fixed colspan"
      RenderTable {TABLE} at (0,1144) size 769x76 [border: (1px outset #808080)]
        RenderTableSection {TBODY} at (1,1) size 767x74
          RenderTableRow {TR} at (0,2) size 767x22
            RenderTableCell {TD} at (2,2) size 154x22 [border: (1px inset #808080)] [r=0 c=0 rs=1 cs=2]
              RenderText {#text} at (2,2) size 60x18
                text run at (2,2) width 60: "1000CS2"
            RenderTableCell {TD} at (157,2) size 608x22 [border: (1px inset #808080)] [r=0 c=2 rs=1 cs=1]
              RenderText {#text} at (2,2) size 28x18
                text run at (2,2) width 28: "auto"
          RenderTableRow {TR} at (0,26) size 767x22
            RenderTableCell {TD} at (2,26) size 154x22 [border: (1px inset #808080)] [r=1 c=0 rs=1 cs=2]
              RenderText {#text} at (2,2) size 57x18
                text run at (2,2) width 57: "20%CS2"
            RenderTableCell {TD} at (157,26) size 608x22 [border: (1px inset #808080)] [r=1 c=2 rs=1 cs=1]
              RenderText {#text} at (2,2) size 28x18
                text run at (2,2) width 28: "auto"
          RenderTableRow {TR} at (0,50) size 767x22
            RenderTableCell {TD} at (2,50) size 76x22 [border: (1px inset #808080)] [r=2 c=0 rs=1 cs=1]
              RenderText {#text} at (2,2) size 28x18
                text run at (2,2) width 28: "auto"
            RenderTableCell {TD} at (79,50) size 77x22 [border: (1px inset #808080)] [r=2 c=1 rs=1 cs=1]
              RenderText {#text} at (2,2) size 28x18
                text run at (2,2) width 28: "auto"
            RenderTableCell {TD} at (157,50) size 608x22 [border: (1px inset #808080)] [r=2 c=2 rs=1 cs=1]
              RenderText {#text} at (2,2) size 28x18
                text run at (2,2) width 28: "auto"
      RenderBlock (anonymous) at (0,1220) size 769x36
        RenderBR {BR} at (0,0) size 0x18
        RenderText {#text} at (0,18) size 382x18
          text run at (0,18) width 382: "percent cell/col percentage conflict goes to cell (and in IE5)"
      RenderTable {TABLE} at (0,1256) size 500x34 [border: (1px outset #808080)]
        RenderTableCol {COLGROUP} at (0,0) size 0x0
          RenderTableCol {COL} at (0,0) size 0x0
        RenderTableSection {TBODY} at (1,1) size 498x32
          RenderTableRow {TR} at (0,5) size 498x22
            RenderTableCell {TD} at (5,5) size 387x22 [border: (1px inset #808080)] [r=0 c=0 rs=1 cs=1]
              RenderText {#text} at (2,2) size 84x18
                text run at (2,2) width 84: "30%-80%col"
            RenderTableCell {TD} at (396,5) size 97x22 [border: (1px inset #808080)] [r=0 c=1 rs=1 cs=1]
              RenderText {#text} at (2,2) size 28x18
                text run at (2,2) width 28: "auto"
