layer at (0,0) size 785x2368
  RenderView at (0,0) size 785x600
layer at (0,0) size 785x2368
  RenderBlock {HTML} at (0,0) size 785x2369
    RenderBody {BODY} at (8,21) size 769x2340
      RenderBlock {H1} at (0,0) size 769x37
        RenderText {#text} at (0,0) size 538x37
          text run at (0,0) width 538: "Problems with COLSPAN and WIDTH"
      RenderBlock {P} at (0,58) size 769x19
        RenderText {#text} at (0,0) size 260x18
          text run at (0,0) width 260: "Each block of tables should be identical."
      RenderBlock {H2} at (0,96) size 769x29
        RenderText {#text} at (0,0) size 127x28
          text run at (0,0) width 127: "Sized Tables"
      RenderBlock {P} at (0,144) size 769x37
        RenderText {#text} at (0,0) size 744x36
          text run at (0,0) width 744: "The following tables have width=400, which should make them the same width as the red lines which are caused by"
          text run at (0,18) width 40: "DIVs:"
      RenderBlock {H3} at (0,198) size 769x23
        RenderText {#text} at (0,0) size 62x22
          text run at (0,0) width 62: "260/140"
      RenderBlock {DIV} at (0,239) size 406x7 [border: (3px solid #FF0000)]
      RenderTable {TABLE} at (0,245) size 400x47
        RenderTableSection {TBODY} at (0,0) size 400x46
          RenderTableRow {TR} at (0,2) size 400x20
            RenderTableCell {TD} at (2,2) size 252x20 [bgcolor=#00FF00] [r=0 c=0 rs=1 cs=1]
              RenderText {#text} at (1,1) size 32x18
                text run at (1,1) width 32: "plain"
            RenderTableCell {TD} at (256,2) size 143x20 [bgcolor=#FFFF00] [r=0 c=1 rs=1 cs=1]
              RenderText {#text} at (1,1) size 70x18
                text run at (1,1) width 70: "width=140"
          RenderTableRow {TR} at (0,24) size 400x20
            RenderTableCell {TD} at (2,24) size 397x20 [bgcolor=#FF00FF] [r=1 c=0 rs=1 cs=2]
              RenderText {#text} at (1,1) size 140x18
                text run at (1,1) width 140: "colspan=2 width=400"
      RenderBlock {DIV} at (0,291) size 406x7 [border: (3px solid #FF0000)]
      RenderTable {TABLE} at (0,297) size 400x47
        RenderTableSection {TBODY} at (0,0) size 400x46
          RenderTableRow {TR} at (0,2) size 400x20
            RenderTableCell {TD} at (2,2) size 262x20 [bgcolor=#00FF00] [r=0 c=0 rs=1 cs=1]
              RenderText {#text} at (1,1) size 70x18
                text run at (1,1) width 70: "width=260"
            RenderTableCell {TD} at (266,2) size 132x20 [bgcolor=#FFFF00] [r=0 c=1 rs=1 cs=1]
              RenderText {#text} at (1,1) size 32x18
                text run at (1,1) width 32: "plain"
          RenderTableRow {TR} at (0,24) size 400x20
            RenderTableCell {TD} at (2,24) size 396x20 [bgcolor=#FF00FF] [r=1 c=0 rs=1 cs=2]
              RenderText {#text} at (1,1) size 140x18
                text run at (1,1) width 140: "colspan=2 width=400"
      RenderBlock {DIV} at (0,343) size 406x7 [border: (3px solid #FF0000)]
      RenderTable {TABLE} at (0,349) size 400x47
        RenderTableSection {TBODY} at (0,0) size 400x46
          RenderTableRow {TR} at (0,2) size 400x20
            RenderTableCell {TD} at (2,2) size 255x20 [bgcolor=#00FF00] [r=0 c=0 rs=1 cs=1]
              RenderText {#text} at (1,1) size 70x18
                text run at (1,1) width 70: "width=260"
            RenderTableCell {TD} at (258,2) size 141x20 [bgcolor=#FFFF00] [r=0 c=1 rs=1 cs=1]
              RenderText {#text} at (1,1) size 70x18
                text run at (1,1) width 70: "width=140"
          RenderTableRow {TR} at (0,24) size 400x20
            RenderTableCell {TD} at (2,24) size 397x20 [bgcolor=#FF00FF] [r=1 c=0 rs=1 cs=2]
              RenderText {#text} at (1,1) size 140x18
                text run at (1,1) width 140: "colspan=2 width=400"
      RenderBlock {DIV} at (0,395) size 406x7 [border: (3px solid #FF0000)]
      RenderTable {TABLE} at (0,401) size 400x47
        RenderTableSection {TBODY} at (0,0) size 400x46
          RenderTableRow {TR} at (0,2) size 400x20
            RenderTableCell {TD} at (2,2) size 255x20 [bgcolor=#00FF00] [r=0 c=0 rs=1 cs=1]
              RenderText {#text} at (1,1) size 70x18
                text run at (1,1) width 70: "width=260"
            RenderTableCell {TD} at (258,2) size 141x20 [bgcolor=#FFFF00] [r=0 c=1 rs=1 cs=1]
              RenderText {#text} at (1,1) size 70x18
                text run at (1,1) width 70: "width=140"
          RenderTableRow {TR} at (0,24) size 400x20
            RenderTableCell {TD} at (2,24) size 397x20 [bgcolor=#FF00FF] [r=1 c=0 rs=1 cs=2]
              RenderText {#text} at (1,1) size 66x18
                text run at (1,1) width 66: "colspan=2"
      RenderBlock {DIV} at (0,447) size 406x7 [border: (3px solid #FF0000)]
      RenderTable {TABLE} at (0,453) size 400x47
        RenderTableSection {TBODY} at (0,0) size 400x46
          RenderTableRow {TR} at (0,2) size 400x20
            RenderTableCell {TD} at (2,2) size 257x20 [bgcolor=#00FF00] [r=0 c=0 rs=1 cs=1]
              RenderText {#text} at (1,1) size 75x18
                text run at (1,1) width 75: "width=65%"
            RenderTableCell {TD} at (260,2) size 138x20 [bgcolor=#FFFF00] [r=0 c=1 rs=1 cs=1]
              RenderText {#text} at (1,1) size 32x18
                text run at (1,1) width 32: "plain"
          RenderTableRow {TR} at (0,24) size 400x20
            RenderTableCell {TD} at (2,24) size 396x20 [bgcolor=#FF00FF] [r=1 c=0 rs=1 cs=2]
              RenderText {#text} at (1,1) size 66x18
                text run at (1,1) width 66: "colspan=2"
      RenderBlock {DIV} at (0,499) size 406x7 [border: (3px solid #FF0000)]
      RenderTable {TABLE} at (0,505) size 400x47
        RenderTableSection {TBODY} at (0,0) size 400x46
          RenderTableRow {TR} at (0,2) size 400x20
            RenderTableCell {TD} at (2,2) size 257x20 [bgcolor=#00FF00] [r=0 c=0 rs=1 cs=1]
              RenderText {#text} at (1,1) size 32x18
                text run at (1,1) width 32: "plain"
            RenderTableCell {TD} at (260,2) size 138x20 [bgcolor=#FFFF00] [r=0 c=1 rs=1 cs=1]
              RenderText {#text} at (1,1) size 75x18
                text run at (1,1) width 75: "width=35%"
          RenderTableRow {TR} at (0,24) size 400x20
            RenderTableCell {TD} at (2,24) size 396x20 [bgcolor=#FF00FF] [r=1 c=0 rs=1 cs=2]
              RenderText {#text} at (1,1) size 66x18
                text run at (1,1) width 66: "colspan=2"
      RenderBlock {DIV} at (0,551) size 406x7 [border: (3px solid #FF0000)]
      RenderTable {TABLE} at (0,557) size 400x47
        RenderTableSection {TBODY} at (0,0) size 400x46
          RenderTableRow {TR} at (0,2) size 400x20
            RenderTableCell {TD} at (2,2) size 257x20 [bgcolor=#00FF00] [r=0 c=0 rs=1 cs=1]
              RenderText {#text} at (1,1) size 75x18
                text run at (1,1) width 75: "width=65%"
            RenderTableCell {TD} at (260,2) size 139x20 [bgcolor=#FFFF00] [r=0 c=1 rs=1 cs=1]
              RenderText {#text} at (1,1) size 75x18
                text run at (1,1) width 75: "width=35%"
          RenderTableRow {TR} at (0,24) size 400x20
            RenderTableCell {TD} at (2,24) size 397x20 [bgcolor=#FF00FF] [r=1 c=0 rs=1 cs=2]
              RenderText {#text} at (1,1) size 66x18
                text run at (1,1) width 66: "colspan=2"
      RenderBlock {DIV} at (0,603) size 406x7 [border: (3px solid #FF0000)]
      RenderBlock {H3} at (0,628) size 769x22
        RenderText {#text} at (0,0) size 62x22
          text run at (0,0) width 62: "140/260"
      RenderBlock {DIV} at (0,668) size 406x7 [border: (3px solid #FF0000)]
      RenderTable {TABLE} at (0,674) size 400x47
        RenderTableSection {TBODY} at (0,0) size 400x46
          RenderTableRow {TR} at (0,2) size 400x20
            RenderTableCell {TD} at (2,2) size 143x20 [bgcolor=#00FF00] [r=0 c=0 rs=1 cs=1]
              RenderText {#text} at (1,1) size 70x18
                text run at (1,1) width 70: "width=140"
            RenderTableCell {TD} at (146,2) size 253x20 [bgcolor=#FFFF00] [r=0 c=1 rs=1 cs=1]
              RenderText {#text} at (1,1) size 32x18
                text run at (1,1) width 32: "plain"
          RenderTableRow {TR} at (0,24) size 400x20
            RenderTableCell {TD} at (2,24) size 397x20 [bgcolor=#FF00FF] [r=1 c=0 rs=1 cs=2]
              RenderText {#text} at (1,1) size 140x18
                text run at (1,1) width 140: "colspan=2 width=400"
      RenderBlock {DIV} at (0,720) size 406x7 [border: (3px solid #FF0000)]
      RenderTable {TABLE} at (0,726) size 400x47
        RenderTableSection {TBODY} at (0,0) size 400x46
          RenderTableRow {TR} at (0,2) size 400x20
            RenderTableCell {TD} at (2,2) size 132x20 [bgcolor=#00FF00] [r=0 c=0 rs=1 cs=1]
              RenderText {#text} at (1,1) size 32x18
                text run at (1,1) width 32: "plain"
            RenderTableCell {TD} at (136,2) size 262x20 [bgcolor=#FFFF00] [r=0 c=1 rs=1 cs=1]
              RenderText {#text} at (1,1) size 70x18
                text run at (1,1) width 70: "width=260"
          RenderTableRow {TR} at (0,24) size 400x20
            RenderTableCell {TD} at (2,24) size 396x20 [bgcolor=#FF00FF] [r=1 c=0 rs=1 cs=2]
              RenderText {#text} at (1,1) size 140x18
                text run at (1,1) width 140: "colspan=2 width=400"
      RenderBlock {DIV} at (0,772) size 406x7 [border: (3px solid #FF0000)]
      RenderTable {TABLE} at (0,778) size 400x47
        RenderTableSection {TBODY} at (0,0) size 400x46
          RenderTableRow {TR} at (0,2) size 400x20
            RenderTableCell {TD} at (2,2) size 140x20 [bgcolor=#00FF00] [r=0 c=0 rs=1 cs=1]
              RenderText {#text} at (1,1) size 70x18
                text run at (1,1) width 70: "width=140"
            RenderTableCell {TD} at (143,2) size 256x20 [bgcolor=#FFFF00] [r=0 c=1 rs=1 cs=1]
              RenderText {#text} at (1,1) size 70x18
                text run at (1,1) width 70: "width=260"
          RenderTableRow {TR} at (0,24) size 400x20
            RenderTableCell {TD} at (2,24) size 397x20 [bgcolor=#FF00FF] [r=1 c=0 rs=1 cs=2]
              RenderText {#text} at (1,1) size 140x18
                text run at (1,1) width 140: "colspan=2 width=400"
      RenderBlock {DIV} at (0,824) size 406x7 [border: (3px solid #FF0000)]
      RenderTable {TABLE} at (0,830) size 400x47
        RenderTableSection {TBODY} at (0,0) size 400x46
          RenderTableRow {TR} at (0,2) size 400x20
            RenderTableCell {TD} at (2,2) size 140x20 [bgcolor=#00FF00] [r=0 c=0 rs=1 cs=1]
              RenderText {#text} at (1,1) size 70x18
                text run at (1,1) width 70: "width=140"
            RenderTableCell {TD} at (143,2) size 256x20 [bgcolor=#FFFF00] [r=0 c=1 rs=1 cs=1]
              RenderText {#text} at (1,1) size 70x18
                text run at (1,1) width 70: "width=260"
          RenderTableRow {TR} at (0,24) size 400x20
            RenderTableCell {TD} at (2,24) size 397x20 [bgcolor=#FF00FF] [r=1 c=0 rs=1 cs=2]
              RenderText {#text} at (1,1) size 66x18
                text run at (1,1) width 66: "colspan=2"
      RenderBlock {DIV} at (0,876) size 406x7 [border: (3px solid #FF0000)]
      RenderTable {TABLE} at (0,882) size 400x47
        RenderTableSection {TBODY} at (0,0) size 400x46
          RenderTableRow {TR} at (0,2) size 400x20
            RenderTableCell {TD} at (2,2) size 138x20 [bgcolor=#00FF00] [r=0 c=0 rs=1 cs=1]
              RenderText {#text} at (1,1) size 75x18
                text run at (1,1) width 75: "width=35%"
            RenderTableCell {TD} at (141,2) size 257x20 [bgcolor=#FFFF00] [r=0 c=1 rs=1 cs=1]
              RenderText {#text} at (1,1) size 32x18
                text run at (1,1) width 32: "plain"
          RenderTableRow {TR} at (0,24) size 400x20
            RenderTableCell {TD} at (2,24) size 396x20 [bgcolor=#FF00FF] [r=1 c=0 rs=1 cs=2]
              RenderText {#text} at (1,1) size 66x18
                text run at (1,1) width 66: "colspan=2"
      RenderBlock {DIV} at (0,928) size 406x7 [border: (3px solid #FF0000)]
      RenderTable {TABLE} at (0,934) size 400x47
        RenderTableSection {TBODY} at (0,0) size 400x46
          RenderTableRow {TR} at (0,2) size 400x20
            RenderTableCell {TD} at (2,2) size 138x20 [bgcolor=#00FF00] [r=0 c=0 rs=1 cs=1]
              RenderText {#text} at (1,1) size 32x18
                text run at (1,1) width 32: "plain"
            RenderTableCell {TD} at (141,2) size 257x20 [bgcolor=#FFFF00] [r=0 c=1 rs=1 cs=1]
              RenderText {#text} at (1,1) size 75x18
                text run at (1,1) width 75: "width=65%"
          RenderTableRow {TR} at (0,24) size 400x20
            RenderTableCell {TD} at (2,24) size 396x20 [bgcolor=#FF00FF] [r=1 c=0 rs=1 cs=2]
              RenderText {#text} at (1,1) size 66x18
                text run at (1,1) width 66: "colspan=2"
      RenderBlock {DIV} at (0,980) size 406x7 [border: (3px solid #FF0000)]
      RenderTable {TABLE} at (0,986) size 400x47
        RenderTableSection {TBODY} at (0,0) size 400x46
          RenderTableRow {TR} at (0,2) size 400x20
            RenderTableCell {TD} at (2,2) size 138x20 [bgcolor=#00FF00] [r=0 c=0 rs=1 cs=1]
              RenderText {#text} at (1,1) size 75x18
                text run at (1,1) width 75: "width=35%"
            RenderTableCell {TD} at (141,2) size 258x20 [bgcolor=#FFFF00] [r=0 c=1 rs=1 cs=1]
              RenderText {#text} at (1,1) size 75x18
                text run at (1,1) width 75: "width=65%"
          RenderTableRow {TR} at (0,24) size 400x20
            RenderTableCell {TD} at (2,24) size 397x20 [bgcolor=#FF00FF] [r=1 c=0 rs=1 cs=2]
              RenderText {#text} at (1,1) size 66x18
                text run at (1,1) width 66: "colspan=2"
      RenderBlock {DIV} at (0,1032) size 406x7 [border: (3px solid #FF0000)]
      RenderBlock {H3} at (0,1057) size 769x22
        RenderText {#text} at (0,0) size 38x22
          text run at (0,0) width 38: "50%"
      RenderBlock {DIV} at (0,1097) size 406x7 [border: (3px solid #FF0000)]
      RenderTable {TABLE} at (0,1103) size 400x47
        RenderTableSection {TBODY} at (0,0) size 400x46
          RenderTableRow {TR} at (0,2) size 400x20
            RenderTableCell {TD} at (2,2) size 197x20 [bgcolor=#00FF00] [r=0 c=0 rs=1 cs=1]
              RenderText {#text} at (1,1) size 75x18
                text run at (1,1) width 75: "width=50%"
            RenderTableCell {TD} at (201,2) size 197x20 [bgcolor=#FFFF00] [r=0 c=1 rs=1 cs=1]
              RenderText {#text} at (1,1) size 32x18
                text run at (1,1) width 32: "plain"
          RenderTableRow {TR} at (0,24) size 400x20
            RenderTableCell {TD} at (2,24) size 396x20 [bgcolor=#FF00FF] [r=1 c=0 rs=1 cs=2]
              RenderText {#text} at (1,1) size 140x18
                text run at (1,1) width 140: "colspan=2 width=400"
      RenderBlock {DIV} at (0,1149) size 406x7 [border: (3px solid #FF0000)]
      RenderTable {TABLE} at (0,1155) size 400x47
        RenderTableSection {TBODY} at (0,0) size 400x46
          RenderTableRow {TR} at (0,2) size 400x20
            RenderTableCell {TD} at (2,2) size 197x20 [bgcolor=#00FF00] [r=0 c=0 rs=1 cs=1]
              RenderText {#text} at (1,1) size 32x18
                text run at (1,1) width 32: "plain"
            RenderTableCell {TD} at (201,2) size 197x20 [bgcolor=#FFFF00] [r=0 c=1 rs=1 cs=1]
              RenderText {#text} at (1,1) size 75x18
                text run at (1,1) width 75: "width=50%"
          RenderTableRow {TR} at (0,24) size 400x20
            RenderTableCell {TD} at (2,24) size 396x20 [bgcolor=#FF00FF] [r=1 c=0 rs=1 cs=2]
              RenderText {#text} at (1,1) size 140x18
                text run at (1,1) width 140: "colspan=2 width=400"
      RenderBlock {DIV} at (0,1201) size 406x7 [border: (3px solid #FF0000)]
      RenderTable {TABLE} at (0,1207) size 400x47
        RenderTableSection {TBODY} at (0,0) size 400x46
          RenderTableRow {TR} at (0,2) size 400x20
            RenderTableCell {TD} at (2,2) size 197x20 [bgcolor=#00FF00] [r=0 c=0 rs=1 cs=1]
              RenderText {#text} at (1,1) size 75x18
                text run at (1,1) width 75: "width=50%"
            RenderTableCell {TD} at (201,2) size 197x20 [bgcolor=#FFFF00] [r=0 c=1 rs=1 cs=1]
              RenderText {#text} at (1,1) size 75x18
                text run at (1,1) width 75: "width=50%"
          RenderTableRow {TR} at (0,24) size 400x20
            RenderTableCell {TD} at (2,24) size 396x20 [bgcolor=#FF00FF] [r=1 c=0 rs=1 cs=2]
              RenderText {#text} at (1,1) size 140x18
                text run at (1,1) width 140: "colspan=2 width=400"
      RenderBlock {DIV} at (0,1253) size 406x7 [border: (3px solid #FF0000)]
      RenderTable {TABLE} at (0,1259) size 400x47
        RenderTableSection {TBODY} at (0,0) size 400x46
          RenderTableRow {TR} at (0,2) size 400x20
            RenderTableCell {TD} at (2,2) size 197x20 [bgcolor=#00FF00] [r=0 c=0 rs=1 cs=1]
              RenderText {#text} at (1,1) size 32x18
                text run at (1,1) width 32: "plain"
            RenderTableCell {TD} at (201,2) size 197x20 [bgcolor=#FFFF00] [r=0 c=1 rs=1 cs=1]
              RenderText {#text} at (1,1) size 32x18
                text run at (1,1) width 32: "plain"
          RenderTableRow {TR} at (0,24) size 400x20
            RenderTableCell {TD} at (2,24) size 396x20 [bgcolor=#FF00FF] [r=1 c=0 rs=1 cs=2]
              RenderText {#text} at (1,1) size 140x18
                text run at (1,1) width 140: "colspan=2 width=400"
      RenderBlock {DIV} at (0,1305) size 406x7 [border: (3px solid #FF0000)]
      RenderTable {TABLE} at (0,1311) size 400x47
        RenderTableSection {TBODY} at (0,0) size 400x46
          RenderTableRow {TR} at (0,2) size 400x20
            RenderTableCell {TD} at (2,2) size 197x20 [bgcolor=#00FF00] [r=0 c=0 rs=1 cs=1]
              RenderText {#text} at (1,1) size 70x18
                text run at (1,1) width 70: "width=200"
            RenderTableCell {TD} at (201,2) size 197x20 [bgcolor=#FFFF00] [r=0 c=1 rs=1 cs=1]
              RenderText {#text} at (1,1) size 70x18
                text run at (1,1) width 70: "width=200"
          RenderTableRow {TR} at (0,24) size 400x20
            RenderTableCell {TD} at (2,24) size 396x20 [bgcolor=#FF00FF] [r=1 c=0 rs=1 cs=2]
              RenderText {#text} at (1,1) size 66x18
                text run at (1,1) width 66: "colspan=2"
      RenderBlock {DIV} at (0,1357) size 406x7 [border: (3px solid #FF0000)]
      RenderBlock {H2} at (0,1383) size 769x29
        RenderText {#text} at (0,0) size 228x28
          text run at (0,0) width 228: "Tables Without Width"
      RenderBlock {P} at (0,1431) size 769x37
        RenderText {#text} at (0,0) size 767x36
          text run at (0,0) width 767: "The following tables have no width. They should still be the same size, by virtue of them having a 400 pixel cell and no"
          text run at (0,18) width 158: "padding/margin/borders."
      RenderBlock {H3} at (0,1486) size 769x22
        RenderText {#text} at (0,0) size 62x22
          text run at (0,0) width 62: "260/140"
      RenderBlock {DIV} at (0,1526) size 406x7 [border: (3px solid #FF0000)]
      RenderTable {TABLE} at (0,1532) size 406x47
        RenderTableSection {TBODY} at (0,0) size 406x46
          RenderTableRow {TR} at (0,2) size 406x20
            RenderTableCell {TD} at (2,2) size 258x20 [bgcolor=#00FF00] [r=0 c=0 rs=1 cs=1]
              RenderText {#text} at (1,1) size 32x18
                text run at (1,1) width 32: "plain"
            RenderTableCell {TD} at (262,2) size 142x20 [bgcolor=#FFFF00] [r=0 c=1 rs=1 cs=1]
              RenderText {#text} at (1,1) size 70x18
                text run at (1,1) width 70: "width=140"
          RenderTableRow {TR} at (0,24) size 406x20
            RenderTableCell {TD} at (2,24) size 402x20 [bgcolor=#FF00FF] [r=1 c=0 rs=1 cs=2]
              RenderText {#text} at (1,1) size 140x18
                text run at (1,1) width 140: "colspan=2 width=400"
      RenderBlock {DIV} at (0,1578) size 406x7 [border: (3px solid #FF0000)]
      RenderTable {TABLE} at (0,1584) size 406x47
        RenderTableSection {TBODY} at (0,0) size 406x46
          RenderTableRow {TR} at (0,2) size 406x20
            RenderTableCell {TD} at (2,2) size 262x20 [bgcolor=#00FF00] [r=0 c=0 rs=1 cs=1]
              RenderText {#text} at (1,1) size 70x18
                text run at (1,1) width 70: "width=260"
            RenderTableCell {TD} at (266,2) size 138x20 [bgcolor=#FFFF00] [r=0 c=1 rs=1 cs=1]
              RenderText {#text} at (1,1) size 32x18
                text run at (1,1) width 32: "plain"
          RenderTableRow {TR} at (0,24) size 406x20
            RenderTableCell {TD} at (2,24) size 402x20 [bgcolor=#FF00FF] [r=1 c=0 rs=1 cs=2]
              RenderText {#text} at (1,1) size 140x18
                text run at (1,1) width 140: "colspan=2 width=400"
      RenderBlock {DIV} at (0,1630) size 406x7 [border: (3px solid #FF0000)]
      RenderTable {TABLE} at (0,1636) size 410x47
        RenderTableSection {TBODY} at (0,0) size 410x46
          RenderTableRow {TR} at (0,2) size 410x20
            RenderTableCell {TD} at (2,2) size 262x20 [bgcolor=#00FF00] [r=0 c=0 rs=1 cs=1]
              RenderText {#text} at (1,1) size 70x18
                text run at (1,1) width 70: "width=260"
            RenderTableCell {TD} at (266,2) size 142x20 [bgcolor=#FFFF00] [r=0 c=1 rs=1 cs=1]
              RenderText {#text} at (1,1) size 70x18
                text run at (1,1) width 70: "width=140"
          RenderTableRow {TR} at (0,24) size 410x20
            RenderTableCell {TD} at (2,24) size 406x20 [bgcolor=#FF00FF] [r=1 c=0 rs=1 cs=2]
              RenderText {#text} at (1,1) size 140x18
                text run at (1,1) width 140: "colspan=2 width=400"
      RenderBlock {DIV} at (0,1682) size 406x7 [border: (3px solid #FF0000)]
      RenderTable {TABLE} at (0,1688) size 410x47
        RenderTableSection {TBODY} at (0,0) size 410x46
          RenderTableRow {TR} at (0,2) size 410x20
            RenderTableCell {TD} at (2,2) size 262x20 [bgcolor=#00FF00] [r=0 c=0 rs=1 cs=1]
              RenderText {#text} at (1,1) size 70x18
                text run at (1,1) width 70: "width=260"
            RenderTableCell {TD} at (266,2) size 142x20 [bgcolor=#FFFF00] [r=0 c=1 rs=1 cs=1]
              RenderText {#text} at (1,1) size 70x18
                text run at (1,1) width 70: "width=140"
          RenderTableRow {TR} at (0,24) size 410x20
            RenderTableCell {TD} at (2,24) size 406x20 [bgcolor=#FF00FF] [r=1 c=0 rs=1 cs=2]
              RenderText {#text} at (1,1) size 66x18
                text run at (1,1) width 66: "colspan=2"
      RenderBlock {DIV} at (0,1734) size 406x7 [border: (3px solid #FF0000)]
      RenderBlock {H3} at (0,1759) size 769x23
        RenderText {#text} at (0,0) size 62x22
          text run at (0,0) width 62: "140/260"
      RenderBlock {DIV} at (0,1799) size 406x7 [border: (3px solid #FF0000)]
      RenderTable {TABLE} at (0,1805) size 406x47
        RenderTableSection {TBODY} at (0,0) size 406x46
          RenderTableRow {TR} at (0,2) size 406x20
            RenderTableCell {TD} at (2,2) size 142x20 [bgcolor=#00FF00] [r=0 c=0 rs=1 cs=1]
              RenderText {#text} at (1,1) size 70x18
                text run at (1,1) width 70: "width=140"
            RenderTableCell {TD} at (146,2) size 258x20 [bgcolor=#FFFF00] [r=0 c=1 rs=1 cs=1]
              RenderText {#text} at (1,1) size 32x18
                text run at (1,1) width 32: "plain"
          RenderTableRow {TR} at (0,24) size 406x20
            RenderTableCell {TD} at (2,24) size 402x20 [bgcolor=#FF00FF] [r=1 c=0 rs=1 cs=2]
              RenderText {#text} at (1,1) size 140x18
                text run at (1,1) width 140: "colspan=2 width=400"
      RenderBlock {DIV} at (0,1851) size 406x7 [border: (3px solid #FF0000)]
      RenderTable {TABLE} at (0,1857) size 406x47
        RenderTableSection {TBODY} at (0,0) size 406x46
          RenderTableRow {TR} at (0,2) size 406x20
            RenderTableCell {TD} at (2,2) size 138x20 [bgcolor=#00FF00] [r=0 c=0 rs=1 cs=1]
              RenderText {#text} at (1,1) size 32x18
                text run at (1,1) width 32: "plain"
            RenderTableCell {TD} at (142,2) size 262x20 [bgcolor=#FFFF00] [r=0 c=1 rs=1 cs=1]
              RenderText {#text} at (1,1) size 70x18
                text run at (1,1) width 70: "width=260"
          RenderTableRow {TR} at (0,24) size 406x20
            RenderTableCell {TD} at (2,24) size 402x20 [bgcolor=#FF00FF] [r=1 c=0 rs=1 cs=2]
              RenderText {#text} at (1,1) size 140x18
                text run at (1,1) width 140: "colspan=2 width=400"
      RenderBlock {DIV} at (0,1903) size 406x7 [border: (3px solid #FF0000)]
      RenderTable {TABLE} at (0,1909) size 410x47
        RenderTableSection {TBODY} at (0,0) size 410x46
          RenderTableRow {TR} at (0,2) size 410x20
            RenderTableCell {TD} at (2,2) size 142x20 [bgcolor=#00FF00] [r=0 c=0 rs=1 cs=1]
              RenderText {#text} at (1,1) size 70x18
                text run at (1,1) width 70: "width=140"
            RenderTableCell {TD} at (146,2) size 262x20 [bgcolor=#FFFF00] [r=0 c=1 rs=1 cs=1]
              RenderText {#text} at (1,1) size 70x18
                text run at (1,1) width 70: "width=260"
          RenderTableRow {TR} at (0,24) size 410x20
            RenderTableCell {TD} at (2,24) size 406x20 [bgcolor=#FF00FF] [r=1 c=0 rs=1 cs=2]
              RenderText {#text} at (1,1) size 140x18
                text run at (1,1) width 140: "colspan=2 width=400"
      RenderBlock {DIV} at (0,1955) size 406x7 [border: (3px solid #FF0000)]
      RenderTable {TABLE} at (0,1961) size 410x47
        RenderTableSection {TBODY} at (0,0) size 410x46
          RenderTableRow {TR} at (0,2) size 410x20
            RenderTableCell {TD} at (2,2) size 142x20 [bgcolor=#00FF00] [r=0 c=0 rs=1 cs=1]
              RenderText {#text} at (1,1) size 70x18
                text run at (1,1) width 70: "width=140"
            RenderTableCell {TD} at (146,2) size 262x20 [bgcolor=#FFFF00] [r=0 c=1 rs=1 cs=1]
              RenderText {#text} at (1,1) size 70x18
                text run at (1,1) width 70: "width=260"
          RenderTableRow {TR} at (0,24) size 410x20
            RenderTableCell {TD} at (2,24) size 406x20 [bgcolor=#FF00FF] [r=1 c=0 rs=1 cs=2]
              RenderText {#text} at (1,1) size 66x18
                text run at (1,1) width 66: "colspan=2"
      RenderBlock {DIV} at (0,2007) size 406x7 [border: (3px solid #FF0000)]
      RenderBlock {H3} at (0,2032) size 769x23
        RenderText {#text} at (0,0) size 38x22
          text run at (0,0) width 38: "50%"
      RenderBlock {DIV} at (0,2073) size 406x6 [border: (3px solid #FF0000)]
      RenderTable {TABLE} at (0,2079) size 561x46
        RenderTableSection {TBODY} at (0,0) size 561x46
          RenderTableRow {TR} at (0,2) size 561x20
            RenderTableCell {TD} at (2,2) size 278x20 [bgcolor=#00FF00] [r=0 c=0 rs=1 cs=1]
              RenderText {#text} at (1,1) size 75x18
                text run at (1,1) width 75: "width=50%"
            RenderTableCell {TD} at (281,2) size 278x20 [bgcolor=#FFFF00] [r=0 c=1 rs=1 cs=1]
              RenderText {#text} at (1,1) size 32x18
                text run at (1,1) width 32: "plain"
          RenderTableRow {TR} at (0,24) size 561x20
            RenderTableCell {TD} at (2,24) size 557x20 [bgcolor=#FF00FF] [r=1 c=0 rs=1 cs=2]
              RenderText {#text} at (1,1) size 140x18
                text run at (1,1) width 140: "colspan=2 width=400"
      RenderBlock {DIV} at (0,2125) size 406x6 [border: (3px solid #FF0000)]
      RenderTable {TABLE} at (0,2131) size 561x46
        RenderTableSection {TBODY} at (0,0) size 561x46
          RenderTableRow {TR} at (0,2) size 561x20
            RenderTableCell {TD} at (2,2) size 278x20 [bgcolor=#00FF00] [r=0 c=0 rs=1 cs=1]
              RenderText {#text} at (1,1) size 32x18
                text run at (1,1) width 32: "plain"
            RenderTableCell {TD} at (281,2) size 278x20 [bgcolor=#FFFF00] [r=0 c=1 rs=1 cs=1]
              RenderText {#text} at (1,1) size 75x18
                text run at (1,1) width 75: "width=50%"
          RenderTableRow {TR} at (0,24) size 561x20
            RenderTableCell {TD} at (2,24) size 557x20 [bgcolor=#FF00FF] [r=1 c=0 rs=1 cs=2]
              RenderText {#text} at (1,1) size 140x18
                text run at (1,1) width 140: "colspan=2 width=400"
      RenderBlock {DIV} at (0,2177) size 406x6 [border: (3px solid #FF0000)]
      RenderTable {TABLE} at (0,2183) size 406x46
        RenderTableSection {TBODY} at (0,0) size 406x46
          RenderTableRow {TR} at (0,2) size 406x20
            RenderTableCell {TD} at (2,2) size 200x20 [bgcolor=#00FF00] [r=0 c=0 rs=1 cs=1]
              RenderText {#text} at (1,1) size 75x18
                text run at (1,1) width 75: "width=50%"
            RenderTableCell {TD} at (204,2) size 200x20 [bgcolor=#FFFF00] [r=0 c=1 rs=1 cs=1]
              RenderText {#text} at (1,1) size 75x18
                text run at (1,1) width 75: "width=50%"
          RenderTableRow {TR} at (0,24) size 406x20
            RenderTableCell {TD} at (2,24) size 402x20 [bgcolor=#FF00FF] [r=1 c=0 rs=1 cs=2]
              RenderText {#text} at (1,1) size 140x18
                text run at (1,1) width 140: "colspan=2 width=400"
      RenderBlock {DIV} at (0,2229) size 406x6 [border: (3px solid #FF0000)]
      RenderTable {TABLE} at (0,2235) size 406x46
        RenderTableSection {TBODY} at (0,0) size 406x46
          RenderTableRow {TR} at (0,2) size 406x20
            RenderTableCell {TD} at (2,2) size 200x20 [bgcolor=#00FF00] [r=0 c=0 rs=1 cs=1]
              RenderText {#text} at (1,1) size 32x18
                text run at (1,1) width 32: "plain"
            RenderTableCell {TD} at (204,2) size 200x20 [bgcolor=#FFFF00] [r=0 c=1 rs=1 cs=1]
              RenderText {#text} at (1,1) size 32x18
                text run at (1,1) width 32: "plain"
          RenderTableRow {TR} at (0,24) size 406x20
            RenderTableCell {TD} at (2,24) size 402x20 [bgcolor=#FF00FF] [r=1 c=0 rs=1 cs=2]
              RenderText {#text} at (1,1) size 140x18
                text run at (1,1) width 140: "colspan=2 width=400"
      RenderBlock {DIV} at (0,2281) size 406x6 [border: (3px solid #FF0000)]
      RenderTable {TABLE} at (0,2287) size 410x46
        RenderTableSection {TBODY} at (0,0) size 410x46
          RenderTableRow {TR} at (0,2) size 410x20
            RenderTableCell {TD} at (2,2) size 202x20 [bgcolor=#00FF00] [r=0 c=0 rs=1 cs=1]
              RenderText {#text} at (1,1) size 70x18
                text run at (1,1) width 70: "width=200"
            RenderTableCell {TD} at (206,2) size 202x20 [bgcolor=#FFFF00] [r=0 c=1 rs=1 cs=1]
              RenderText {#text} at (1,1) size 70x18
                text run at (1,1) width 70: "width=200"
          RenderTableRow {TR} at (0,24) size 410x20
            RenderTableCell {TD} at (2,24) size 406x20 [bgcolor=#FF00FF] [r=1 c=0 rs=1 cs=2]
              RenderText {#text} at (1,1) size 66x18
                text run at (1,1) width 66: "colspan=2"
      RenderBlock {DIV} at (0,2333) size 406x6 [border: (3px solid #FF0000)]
