layer at (0,0) size 800x600
  RenderView at (0,0) size 800x600
layer at (0,0) size 800x600
  RenderBlock {HTML} at (0,0) size 800x600
    RenderBody {BODY} at (8,8) size 784x584
      RenderBlock {P} at (0,0) size 784x18
        RenderText {#text} at (0,0) size 52x17
          text run at (0,0) width 52: "Test for "
        RenderInline {A} at (0,0) size 69x17 [color=#0000EE]
          RenderText {#text} at (51,0) size 69x17
            text run at (51,0) width 69: "bug 11575"
        RenderText {#text} at (119,0) size 417x17
          text run at (119,0) width 417: ": REGRESSION: WebCore crash in CSSParser/HTMLTokenizer."
      RenderBlock {P} at (0,34) size 784x36
        RenderText {#text} at (0,0) size 749x35
          text run at (0,0) width 749: "All four sides of the square below should be present for this test to really pass, and WebKit shouldn't crash for it to pass"
          text run at (0,18) width 54: "partially."
      RenderBlock {DIV} at (0,86) size 106x106 [border: (3px solid #000000)]
