layer at (0,0) size 800x600
  RenderView at (0,0) size 800x600
layer at (0,0) size 800x600
  RenderBlock {HTML} at (0,0) size 800x600
    RenderBody {BODY} at (8,8) size 784x584
      RenderBlock {P} at (0,0) size 784x18
        RenderText {#text} at (0,0) size 52x17
          text run at (0,0) width 52: "Test for "
        RenderInline {I} at (0,0) size 684x17
          RenderInline {A} at (0,0) size 349x17 [color=#0000EE]
            RenderText {#text} at (51,0) size 349x17
              text run at (51,0) width 349: "http://bugzilla.opendarwin.org/show_bug.cgi?id=4227"
          RenderText {#text} at (399,0) size 336x17
            text run at (399,0) width 5: " "
            text run at (403,0) width 332: "The ex unit doesn't work for font-variant: small-caps"
        RenderText {#text} at (734,0) size 5x17
          text run at (734,0) width 5: "."
      RenderBlock {P} at (0,34) size 784x18
        RenderText {#text} at (0,0) size 244x17
          text run at (0,0) width 244: "There should be a green square below:"
      RenderBlock {DIV} at (0,68) size 147x147 [bgcolor=#008000]
