layer at (0,0) size 800x600
  RenderView at (0,0) size 800x600
layer at (0,0) size 800x600
  RenderBlock {HTML} at (0,0) size 800x600
    RenderBody {BODY} at (8,8) size 784x584
      RenderBlock {P} at (0,0) size 784x18
        RenderText {#text} at (0,0) size 52x17
          text run at (0,0) width 52: "Test for "
        RenderInline {I} at (0,0) size 727x17
          RenderInline {A} at (0,0) size 349x17 [color=#0000EE]
            RenderText {#text} at (51,0) size 349x17
              text run at (51,0) width 349: "http://bugzilla.opendarwin.org/show_bug.cgi?id=9124"
          RenderText {#text} at (399,0) size 379x17
            text run at (399,0) width 5: " "
            text run at (403,0) width 375: "Drop shadow obscures \"add more stuff\" bubble at live.com"
        RenderText {#text} at (777,0) size 5x17
          text run at (777,0) width 5: "."
      RenderBlock {HR} at (0,34) size 784x2 [border: (1px inset #000000)]
layer at (8,52) size 100x100
  RenderBlock (positioned) {DIV} at (0,0) size 100x100 [bgcolor=#FF0000]
layer at (8,52) size 100x100
  RenderBlock (positioned) {DIV} at (0,0) size 100x100 [bgcolor=#008000]
