layer at (0,0) size 800x600
  RenderView at (0,0) size 800x600
layer at (0,0) size 800x600
  RenderBlock {HTML} at (0,0) size 800x600
    RenderBody {BODY} at (8,8) size 784x584
      RenderBlock {H3} at (0,0) size 784x22
        RenderText {#text} at (0,0) size 581x21
          text run at (0,0) width 581: "Test case for First-line text-decoration style inherited from Parent Block"
      RenderBlock {P} at (0,40) size 784x19
        RenderText {#text} at (0,0) size 453x17
          text run at (0,0) width 453: "The First line text and its text-decoration must be of the same color."
      RenderBlock {DIV} at (0,74) size 784x101 [color=#FF0000]
        RenderBlock {P} at (0,0) size 784x66 [color=#008000]
          RenderText {#text} at (0,10) size 616x27
            text run at (0,10) width 616: "Underline Underline Underline Underline"
          RenderBR {BR} at (616,18) size 0x17
          RenderText {#text} at (0,48) size 284x17
            text run at (0,48) width 284: "Underline Underline Underline Underline"
          RenderBR {BR} at (284,48) size 0x17
        RenderBlock (anonymous) at (0,82) size 784x18
          RenderText {#text} at (0,0) size 264x17
            text run at (0,0) width 264: "Underline Underline Underline Underline"
      RenderBlock (anonymous) at (0,174) size 784x19
        RenderBR {BR} at (0,0) size 0x17
      RenderBlock {DIV} at (0,208) size 784x101 [color=#FF0000]
        RenderBlock {P} at (0,0) size 784x66 [color=#008000]
          RenderText {#text} at (0,10) size 548x27
            text run at (0,10) width 548: "Overline Overline Overline Overline"
          RenderBR {BR} at (548,18) size 0x17
          RenderText {#text} at (0,48) size 244x17
            text run at (0,48) width 244: "Overline Overline Overline Overline"
          RenderBR {BR} at (244,48) size 0x17
        RenderBlock (anonymous) at (0,82) size 784x18
          RenderText {#text} at (0,0) size 232x17
            text run at (0,0) width 232: "Overline Overline Overline Overline"
      RenderBlock (anonymous) at (0,308) size 784x19
        RenderBR {BR} at (0,0) size 0x17
      RenderBlock {DIV} at (0,342) size 784x101 [color=#FF0000]
        RenderBlock {P} at (0,0) size 784x66 [color=#008000]
          RenderText {#text} at (0,10) size 700x27
            text run at (0,10) width 700: "Line-Through Line-Through Line-Through Line"
          RenderBR {BR} at (700,18) size 0x17
          RenderText {#text} at (0,48) size 399x17
            text run at (0,48) width 399: "Line-Through Line-Through Line-Through Line-Through"
          RenderBR {BR} at (398,48) size 1x17
        RenderBlock (anonymous) at (0,82) size 784x18
          RenderText {#text} at (0,0) size 368x17
            text run at (0,0) width 368: "Line-Through Line-Through Line-Through Line-Through"
      RenderBlock (anonymous) at (0,442) size 784x19
        RenderBR {BR} at (0,0) size 0x17
