layer at (0,0) size 800x600
  RenderView at (0,0) size 800x600
layer at (0,0) size 800x600
  RenderBlock {HTML} at (0,0) size 800x600
    RenderBody {BODY} at (8,8) size 784x584
      RenderBlock {P} at (0,0) size 784x36
        RenderText {#text} at (0,0) size 52x17
          text run at (0,0) width 52: "Test for "
        RenderInline {I} at (0,0) size 744x35
          RenderInline {A} at (0,0) size 308x17 [color=#0000EE]
            RenderText {#text} at (51,0) size 308x17
              text run at (51,0) width 308: "https://bugs.webkit.org/show_bug.cgi?id=34735"
          RenderText {#text} at (358,0) size 744x35
            text run at (358,0) width 386: " [Chromium] OpenType font with CFF glyphs is not handled"
            text run at (0,18) width 161: "correctly on Windows XP"
        RenderText {#text} at (160,18) size 5x17
          text run at (160,18) width 5: "."
      RenderBlock {P} at (0,52) size 784x36
        RenderText {#text} at (0,0) size 769x35
          text run at (0,0) width 769: "Check if glyphs in Ahem.otf can be rendered correctly. If the test passes, you should see dozens of black square characters"
          text run at (0,18) width 43: "below:"
      RenderBlock (anonymous) at (0,104) size 784x32
        RenderInline {SPAN} at (0,0) size 736x16
          RenderText {#text} at (0,0) size 736x16
            text run at (0,0) width 736: "!\"#$%&()*+,-./0123456789:;<=>?@ABCDEFGHIJKLMNO"
        RenderText {#text} at (0,0) size 0x0
        RenderInline {SPAN} at (0,0) size 736x16
          RenderText {#text} at (0,16) size 736x16
            text run at (0,16) width 736: "PQRSTUVWXYZ[\\]^_`abcdefghijklmnoqrstuvwxyz{|}~"
        RenderText {#text} at (0,0) size 0x0
        RenderText {#text} at (0,0) size 0x0
      RenderBlock {P} at (0,152) size 784x36
        RenderText {#text} at (0,0) size 744x35
          text run at (0,0) width 744: "Check if glyphs not in Ahem.otf can be rendered using a fallback font. If the test passes, you should see a single-quote"
          text run at (0,18) width 104: "character below:"
      RenderBlock (anonymous) at (0,204) size 784x16
        RenderInline {SPAN} at (0,0) size 3x16
          RenderText {#text} at (0,0) size 3x16
            text run at (0,0) width 3: "'"
        RenderText {#text} at (0,0) size 0x0
        RenderText {#text} at (0,0) size 0x0
        RenderText {#text} at (0,0) size 0x0
