layer at (0,0) size 800x600
  RenderView at (0,0) size 800x600
layer at (0,0) size 800x600
  RenderBlock {HTML} at (0,0) size 800x600
    RenderBody {BODY} at (8,8) size 784x584
      RenderBlock {DIV} at (0,0) size 784x18
        RenderText {#text} at (0,0) size 52x17
          text run at (0,0) width 52: "Test for "
        RenderInline {A} at (0,0) size 121x17 [color=#0000EE]
          RenderText {#text} at (51,0) size 121x17
            text run at (51,0) width 121: "Bugzilla Bug 9934"
        RenderText {#text} at (171,0) size 452x17
          text run at (171,0) width 452: " Selecting text in text field with {line-height:100%} causes it to bounce."
      RenderBlock {DIV} at (0,18) size 784x28
        RenderTextControl {INPUT} at (2,2) size 192x24 [bgcolor=#FFFFFF] [border: (2px inset #000000)]
      RenderBlock {DIV} at (0,46) size 784x36
        RenderText {#text} at (0,0) size 735x35
          text run at (0,0) width 574: "Select the text in the text field using horizontal mouse movements, then drag up and down. "
          text run at (574,0) width 161: "The text should not move"
          text run at (0,18) width 61: "vertically."
layer at (13,31) size 186x18
  RenderBlock {DIV} at (3,3) size 186x18
    RenderText {#text} at (0,0) size 92x17
      text run at (0,0) width 92: "Lorem Ipsum"
