layer at (0,0) size 800x600
  RenderView at (0,0) size 800x600
layer at (0,0) size 800x540
  RenderBlock {HTML} at (0,0) size 800x540
    RenderBody {BODY} at (8,8) size 784x432
      RenderBlock {DIV} at (0,0) size 784x32
        RenderText {#text} at (0,0) size 144x16
          text run at (0,0) width 144: "Test for "
        RenderInline {A} at (0,0) size 736x32 [color=#0000EE]
          RenderText {#text} at (144,0) size 736x32
            text run at (144,0) width 592: "https://bugs.webkit.org/show_bug.cgi?"
            text run at (0,16) width 128: "id=79526"
      RenderBlock {P} at (0,132) size 784x300
        RenderText {#text} at (0,72) size 350x10
          text run at (0,72) width 350: "A green 10px border on the left of "
        RenderInline {SPAN} at (0,0) size 500x228 [border: none (100px solid #008000)]
          RenderText {#text} at (360,72) size 50x10
            text run at (360,72) width 50: "this,"
          RenderBR {BR} at (410,0) size 0x100
          RenderText {#text} at (0,100) size 500x200
            text run at (0,100) width 400: "is a"
            text run at (0,200) width 500: "pass."
