layer at (0,0) size 800x600
  RenderView at (0,0) size 800x600
layer at (0,0) size 800x600
  RenderBlock {HTML} at (0,0) size 800x600
    RenderBody {BODY} at (8,8) size 784x576
      RenderBlock {P} at (0,0) size 784x36
        RenderText {#text} at (0,0) size 212x17
          text run at (0,0) width 212: "This tests for a regression against "
        RenderInline {I} at (0,0) size 712x35
          RenderInline {A} at (0,0) size 348x17 [color=#0000EE]
            RenderText {#text} at (212,0) size 348x17
              text run at (212,0) width 348: "http://bugzilla.opendarwin.org/show_bug.cgi?id=6334"
          RenderText {#text} at (559,0) size 712x35
            text run at (559,0) width 153: " REGRESSION: <input"
            text run at (0,18) width 370: "type=\"button\"> text is reversed on \"visual Hebrew\" pages"
        RenderText {#text} at (369,18) size 5x17
          text run at (369,18) width 5: "."
      RenderBlock {HR} at (0,52) size 784x2 [border: (1px inset #000000)]
      RenderBlock {P} at (0,70) size 784x18
        RenderText {#text} at (0,0) size 303x17
          text run at (0,0) width 303: "The text on both buttons should like this: \x{5E8}\x{5D5}\x{5EA}\x{5E4}\x{5DB}"
      RenderBlock (anonymous) at (0,104) size 784x62
        RenderButton {BUTTON} at (2,2) size 58x27 [color=#000000CC] [bgcolor=#C0C0C0] [border: (2px outset #C0C0C0)]
          RenderBlock (anonymous) at (8,4) size 42x18
            RenderText {#text} at (0,0) size 42x17
              text run at (0,0) width 42: "\x{5E8}\x{5D5}\x{5EA}\x{5E4}\x{5DB}"
        RenderText {#text} at (62,6) size 4x17
          text run at (62,6) width 4: " "
        RenderBR {BR} at (66,6) size 0x17
        RenderButton {INPUT} at (2,33) size 58x27 [color=#000000CC] [bgcolor=#C0C0C0] [border: (2px outset #C0C0C0)]
          RenderBlock (anonymous) at (8,4) size 42x18
            RenderText at (0,0) size 42x17
              text run at (0,0) width 42 RTL: "\x{5DB}\x{5E4}\x{5EA}\x{5D5}\x{5E8}"
        RenderText {#text} at (0,0) size 0x0
      RenderBlock {HR} at (0,174) size 784x2 [border: (1px inset #000000)]
      RenderBlock {P} at (0,192) size 784x18
        RenderText {#text} at (0,0) size 249x17
          text run at (0,0) width 249: "The following lines should be identical:"
      RenderBlock {P} at (0,226) size 784x18
        RenderText {#text} at (0,0) size 76x17
          text run at (0,0) width 16: "21"
          text run at (16,0) width 60 RTL: "\x{5D4}\x{5DE}\x{5D0}\x{5D4} \x{5D4}-"
      RenderBlock {P} at (0,260) size 784x18
        RenderText {#text} at (0,0) size 76x17
          text run at (0,0) width 76: "21-\x{5D4} \x{5D4}\x{5D0}\x{5DE}\x{5D4}"
