layer at (0,0) size 800x600
  RenderView at (0,0) size 800x600
layer at (0,0) size 800x392
  RenderBlock {HTML} at (0,0) size 800x392
    RenderBody {BODY} at (8,16) size 784x360
      RenderBlock {P} at (0,0) size 784x18
        RenderText {#text} at (0,0) size 314x17
          text run at (0,0) width 314: "This test is a basic check for using text-overflow."
      RenderBlock {P} at (0,34) size 784x114
        RenderText {#text} at (0,0) size 490x17
          text run at (0,0) width 490: "Apply \"text-overflow:clip\" to inputs. The following input should be clipped:"
        RenderBR {BR} at (489,0) size 1x17
        RenderTextControl {INPUT} at (0,18) size 192x24 [bgcolor=#FFFFFF] [border: (2px inset #000000)]
        RenderText {#text} at (192,21) size 4x17
          text run at (192,21) width 4: " "
        RenderTextControl {INPUT} at (196,18) size 192x24 [bgcolor=#FFFFFF] [border: (2px inset #000000)]
          RenderFlexibleBox {DIV} at (3,3) size 186x18
            RenderBlock {DIV} at (0,9) size 0x0
            RenderBlock {DIV} at (0,0) size 170x18
        RenderText {#text} at (388,21) size 4x17
          text run at (388,21) width 4: " "
        RenderTextControl {INPUT} at (392,18) size 192x24 [bgcolor=#FFFFFF] [border: (2px inset #000000)]
        RenderText {#text} at (584,21) size 4x17
          text run at (584,21) width 4: " "
        RenderTextControl {INPUT} at (588,18) size 192x24 [bgcolor=#FFFFFF] [border: (2px inset #000000)]
          RenderFlexibleBox {DIV} at (3,3) size 186x18
            RenderBlock {DIV} at (0,9) size 0x0
            RenderBlock {DIV} at (0,0) size 170x18
        RenderText {#text} at (0,0) size 0x0
        RenderTextControl {INPUT} at (0,42) size 192x24 [bgcolor=#FFFFFF] [border: (2px inset #000000)]
          RenderFlexibleBox {DIV} at (3,3) size 186x18
            RenderBlock {DIV} at (0,0) size 186x18
        RenderBR {BR} at (192,45) size 0x17
        RenderTextControl {INPUT} at (0,66) size 191x24 [bgcolor=#FFFFFF] [border: (2px inset #000000)]
        RenderText {#text} at (191,69) size 4x17
          text run at (191,69) width 4: " "
        RenderTextControl {INPUT} at (195,66) size 191x24 [bgcolor=#FFFFFF] [border: (2px inset #000000)]
          RenderFlexibleBox {DIV} at (3,3) size 185x18
            RenderBlock {DIV} at (185,9) size 0x0
            RenderBlock {DIV} at (16,0) size 169x18
        RenderText {#text} at (386,69) size 4x17
          text run at (386,69) width 4: " "
        RenderTextControl {INPUT} at (390,66) size 191x24 [bgcolor=#FFFFFF] [border: (2px inset #000000)]
        RenderText {#text} at (581,69) size 4x17
          text run at (581,69) width 4: " "
        RenderTextControl {INPUT} at (585,66) size 191x24 [bgcolor=#FFFFFF] [border: (2px inset #000000)]
          RenderFlexibleBox {DIV} at (3,3) size 185x18
            RenderBlock {DIV} at (185,9) size 0x0
            RenderBlock {DIV} at (16,0) size 169x18
        RenderText {#text} at (0,0) size 0x0
        RenderTextControl {INPUT} at (0,90) size 191x24 [bgcolor=#FFFFFF] [border: (2px inset #000000)]
          RenderFlexibleBox {DIV} at (3,3) size 185x18
            RenderBlock {DIV} at (0,0) size 185x18
        RenderText {#text} at (0,0) size 0x0
      RenderBlock {P} at (0,164) size 784x114
        RenderText {#text} at (0,0) size 547x17
          text run at (0,0) width 547: "Apply \"text-overflow:ellipsis\" to inputs. The following input should show an ellipsis:"
        RenderBR {BR} at (546,0) size 1x17
        RenderTextControl {INPUT} at (0,18) size 192x24 [bgcolor=#FFFFFF] [border: (2px inset #000000)]
        RenderText {#text} at (192,21) size 4x17
          text run at (192,21) width 4: " "
        RenderTextControl {INPUT} at (196,18) size 192x24 [bgcolor=#FFFFFF] [border: (2px inset #000000)]
          RenderFlexibleBox {DIV} at (3,3) size 186x18
            RenderBlock {DIV} at (0,9) size 0x0
            RenderBlock {DIV} at (0,0) size 170x18
        RenderText {#text} at (388,21) size 4x17
          text run at (388,21) width 4: " "
        RenderTextControl {INPUT} at (392,18) size 192x24 [bgcolor=#FFFFFF] [border: (2px inset #000000)]
        RenderText {#text} at (584,21) size 4x17
          text run at (584,21) width 4: " "
        RenderTextControl {INPUT} at (588,18) size 192x24 [bgcolor=#FFFFFF] [border: (2px inset #000000)]
          RenderFlexibleBox {DIV} at (3,3) size 186x18
            RenderBlock {DIV} at (0,9) size 0x0
            RenderBlock {DIV} at (0,0) size 170x18
        RenderText {#text} at (0,0) size 0x0
        RenderTextControl {INPUT} at (0,42) size 192x24 [bgcolor=#FFFFFF] [border: (2px inset #000000)]
          RenderFlexibleBox {DIV} at (3,3) size 186x18
            RenderBlock {DIV} at (0,0) size 186x18
        RenderBR {BR} at (192,45) size 0x17
        RenderTextControl {INPUT} at (0,66) size 191x24 [bgcolor=#FFFFFF] [border: (2px inset #000000)]
        RenderText {#text} at (191,69) size 4x17
          text run at (191,69) width 4: " "
        RenderTextControl {INPUT} at (195,66) size 191x24 [bgcolor=#FFFFFF] [border: (2px inset #000000)]
          RenderFlexibleBox {DIV} at (3,3) size 185x18
            RenderBlock {DIV} at (185,9) size 0x0
            RenderBlock {DIV} at (16,0) size 169x18
        RenderText {#text} at (386,69) size 4x17
          text run at (386,69) width 4: " "
        RenderTextControl {INPUT} at (390,66) size 191x24 [bgcolor=#FFFFFF] [border: (2px inset #000000)]
        RenderText {#text} at (581,69) size 4x17
          text run at (581,69) width 4: " "
        RenderTextControl {INPUT} at (585,66) size 191x24 [bgcolor=#FFFFFF] [border: (2px inset #000000)]
          RenderFlexibleBox {DIV} at (3,3) size 185x18
            RenderBlock {DIV} at (185,9) size 0x0
            RenderBlock {DIV} at (16,0) size 169x18
        RenderText {#text} at (0,0) size 0x0
        RenderTextControl {INPUT} at (0,90) size 191x24 [bgcolor=#FFFFFF] [border: (2px inset #000000)]
          RenderFlexibleBox {DIV} at (3,3) size 185x18
            RenderBlock {DIV} at (0,0) size 185x18
        RenderText {#text} at (0,0) size 0x0
      RenderBlock {P} at (0,294) size 784x66
        RenderText {#text} at (0,0) size 238x17
          text run at (0,0) width 238: "Dynamic style change text-overflow:"
        RenderBR {BR} at (237,0) size 1x17
        RenderText {#text} at (0,21) size 247x17
          text run at (0,21) width 247: "Clip to ellipsis (should show ellipsis): "
        RenderTextControl {INPUT} at (246,18) size 193x24 [bgcolor=#FFFFFF] [border: (2px inset #000000)]
        RenderText {#text} at (438,21) size 5x17
          text run at (438,21) width 5: " "
        RenderTextControl {INPUT} at (442,18) size 193x24 [bgcolor=#FFFFFF] [border: (2px inset #000000)]
        RenderText {#text} at (0,0) size 0x0
        RenderBR {BR} at (634,21) size 1x17
        RenderText {#text} at (0,45) size 270x17
          text run at (0,45) width 270: "Ellipsis to clip (should not show ellipsis): "
        RenderTextControl {INPUT} at (269,42) size 193x24 [bgcolor=#FFFFFF] [border: (2px inset #000000)]
        RenderText {#text} at (461,45) size 5x17
          text run at (461,45) width 5: " "
        RenderTextControl {INPUT} at (465,42) size 193x24 [bgcolor=#FFFFFF] [border: (2px inset #000000)]
        RenderText {#text} at (0,0) size 0x0
        RenderBR {BR} at (657,45) size 1x17
layer at (11,71) size 186x18 scrollWidth 385
  RenderBlock {DIV} at (3,3) size 186x18 [color=#A9A9A9]
    RenderText {#text} at (0,0) size 386x17
      text run at (0,0) width 386: "Lorem ipsum dolor sit amet, consectetur adipiscing elit"
layer at (11,71) size 186x18
  RenderBlock {DIV} at (3,3) size 186x18
layer at (207,71) size 170x18 scrollWidth 385
  RenderBlock {DIV} at (3,3) size 170x18 [color=#A9A9A9]
    RenderText {#text} at (0,0) size 386x17
      text run at (0,0) width 386: "Lorem ipsum dolor sit amet, consectetur adipiscing elit"
layer at (207,71) size 170x18
  RenderBlock {DIV} at (0,0) size 170x18
layer at (403,71) size 186x18 scrollWidth 386
  RenderBlock {DIV} at (3,3) size 186x18
    RenderText {#text} at (0,0) size 386x17
      text run at (0,0) width 386: "Lorem ipsum dolor sit amet, consectetur adipiscing elit"
layer at (599,71) size 170x18 scrollWidth 386
  RenderBlock {DIV} at (0,0) size 170x18
    RenderText {#text} at (0,0) size 386x17
      text run at (0,0) width 386: "Lorem ipsum dolor sit amet, consectetur adipiscing elit"
layer at (11,95) size 186x18 scrollWidth 309
  RenderBlock {DIV} at (0,0) size 186x18
    RenderText {#text} at (0,0) size 309x17
      text run at (0,0) width 309: "\x{2022}\x{2022}\x{2022}\x{2022}\x{2022}\x{2022}\x{2022}\x{2022}\x{2022}\x{2022}\x{2022}\x{2022}\x{2022}\x{2022}\x{2022}\x{2022}\x{2022}\x{2022}\x{2022}\x{2022}\x{2022}\x{2022}\x{2022}\x{2022}\x{2022}\x{2022}\x{2022}\x{2022}\x{2022}\x{2022}\x{2022}\x{2022}\x{2022}\x{2022}\x{2022}\x{2022}\x{2022}\x{2022}\x{2022}\x{2022}\x{2022}\x{2022}\x{2022}\x{2022}\x{2022}\x{2022}\x{2022}\x{2022}\x{2022}\x{2022}\x{2022}\x{2022}\x{2022}\x{2022}\x{2022}"
layer at (11,119) size 185x18 scrollX 200 scrollWidth 385
  RenderBlock {DIV} at (3,3) size 185x18 [color=#A9A9A9]
    RenderText {#text} at (-200,0) size 386x17
      text run at (-200,0) width 46: "Lorem"
      text run at (-154,0) width 4: " "
      text run at (-150,0) width 43: "ipsum"
      text run at (-107,0) width 4: " "
      text run at (-103,0) width 36: "dolor"
      text run at (-67,0) width 4: " "
      text run at (-63,0) width 16: "sit"
      text run at (-47,0) width 5: " "
      text run at (-42,0) width 40: "amet,"
      text run at (-2,0) width 4: " "
      text run at (1,0) width 84: "consectetur"
      text run at (84,0) width 5: " "
      text run at (88,0) width 73: "adipiscing"
      text run at (160,0) width 5: " "
      text run at (164,0) width 21: "elit"
layer at (11,119) size 185x18
  RenderBlock {DIV} at (3,3) size 185x18
layer at (222,119) size 169x18 scrollX 216 scrollWidth 385
  RenderBlock {DIV} at (19,3) size 169x18 [color=#A9A9A9]
    RenderText {#text} at (-216,0) size 386x17
      text run at (-216,0) width 46: "Lorem"
      text run at (-170,0) width 4: " "
      text run at (-166,0) width 43: "ipsum"
      text run at (-123,0) width 4: " "
      text run at (-119,0) width 36: "dolor"
      text run at (-83,0) width 4: " "
      text run at (-79,0) width 16: "sit"
      text run at (-63,0) width 5: " "
      text run at (-58,0) width 40: "amet,"
      text run at (-18,0) width 4: " "
      text run at (-14,0) width 83: "consectetur"
      text run at (68,0) width 5: " "
      text run at (72,0) width 73: "adipiscing"
      text run at (144,0) width 5: " "
      text run at (148,0) width 21: "elit"
layer at (222,119) size 169x18
  RenderBlock {DIV} at (0,0) size 169x18
layer at (401,119) size 185x18 scrollX 200 scrollWidth 385
  RenderBlock {DIV} at (3,3) size 185x18
    RenderText {#text} at (-200,0) size 386x17
      text run at (-200,0) width 46: "Lorem"
      text run at (-154,0) width 4: " "
      text run at (-150,0) width 43: "ipsum"
      text run at (-107,0) width 4: " "
      text run at (-103,0) width 36: "dolor"
      text run at (-67,0) width 4: " "
      text run at (-63,0) width 16: "sit"
      text run at (-47,0) width 5: " "
      text run at (-42,0) width 40: "amet,"
      text run at (-2,0) width 4: " "
      text run at (1,0) width 84: "consectetur"
      text run at (84,0) width 5: " "
      text run at (88,0) width 73: "adipiscing"
      text run at (160,0) width 5: " "
      text run at (164,0) width 21: "elit"
layer at (612,119) size 169x18 scrollX 216 scrollWidth 385
  RenderBlock {DIV} at (0,0) size 169x18
    RenderText {#text} at (-216,0) size 386x17
      text run at (-216,0) width 46: "Lorem"
      text run at (-170,0) width 4: " "
      text run at (-166,0) width 43: "ipsum"
      text run at (-123,0) width 4: " "
      text run at (-119,0) width 36: "dolor"
      text run at (-83,0) width 4: " "
      text run at (-79,0) width 16: "sit"
      text run at (-63,0) width 5: " "
      text run at (-58,0) width 40: "amet,"
      text run at (-18,0) width 4: " "
      text run at (-14,0) width 83: "consectetur"
      text run at (68,0) width 5: " "
      text run at (72,0) width 73: "adipiscing"
      text run at (144,0) width 5: " "
      text run at (148,0) width 21: "elit"
layer at (11,143) size 185x18 scrollX 123 scrollWidth 308
  RenderBlock {DIV} at (0,0) size 185x18
    RenderText {#text} at (-123,0) size 309x17
      text run at (-123,0) width 308 RTL: "\x{2022}\x{2022}\x{2022}\x{2022}\x{2022}\x{2022}\x{2022}\x{2022}\x{2022}\x{2022}\x{2022}\x{2022}\x{2022}\x{2022}\x{2022}\x{2022}\x{2022}\x{2022}\x{2022}\x{2022}\x{2022}\x{2022}\x{2022}\x{2022}\x{2022}\x{2022}\x{2022}\x{2022}\x{2022}\x{2022}\x{2022}\x{2022}\x{2022}\x{2022}\x{2022}\x{2022}\x{2022}\x{2022}\x{2022}\x{2022}\x{2022}\x{2022}\x{2022}\x{2022}\x{2022}\x{2022}\x{2022}\x{2022}\x{2022}\x{2022}\x{2022}\x{2022}\x{2022}\x{2022}\x{2022}"
layer at (11,201) size 186x18 scrollWidth 385
  RenderBlock {DIV} at (3,3) size 186x18 [color=#A9A9A9]
    RenderText {#text} at (0,0) size 386x17
      text run at (0,0) width 386: "Lorem ipsum dolor sit amet, consectetur adipiscing elit"
layer at (11,201) size 186x18
  RenderBlock {DIV} at (3,3) size 186x18
layer at (207,201) size 170x18 scrollWidth 385
  RenderBlock {DIV} at (3,3) size 170x18 [color=#A9A9A9]
    RenderText {#text} at (0,0) size 386x17
      text run at (0,0) width 386: "Lorem ipsum dolor sit amet, consectetur adipiscing elit"
layer at (207,201) size 170x18
  RenderBlock {DIV} at (0,0) size 170x18
layer at (403,201) size 186x18 scrollWidth 386
  RenderBlock {DIV} at (3,3) size 186x18
    RenderText {#text} at (0,0) size 386x17
      text run at (0,0) width 386: "Lorem ipsum dolor sit amet, consectetur adipiscing elit"
layer at (599,201) size 170x18 scrollWidth 386
  RenderBlock {DIV} at (0,0) size 170x18
    RenderText {#text} at (0,0) size 386x17
      text run at (0,0) width 386: "Lorem ipsum dolor sit amet, consectetur adipiscing elit"
layer at (11,225) size 186x18 scrollWidth 309
  RenderBlock {DIV} at (0,0) size 186x18
    RenderText {#text} at (0,0) size 309x17
      text run at (0,0) width 309: "\x{2022}\x{2022}\x{2022}\x{2022}\x{2022}\x{2022}\x{2022}\x{2022}\x{2022}\x{2022}\x{2022}\x{2022}\x{2022}\x{2022}\x{2022}\x{2022}\x{2022}\x{2022}\x{2022}\x{2022}\x{2022}\x{2022}\x{2022}\x{2022}\x{2022}\x{2022}\x{2022}\x{2022}\x{2022}\x{2022}\x{2022}\x{2022}\x{2022}\x{2022}\x{2022}\x{2022}\x{2022}\x{2022}\x{2022}\x{2022}\x{2022}\x{2022}\x{2022}\x{2022}\x{2022}\x{2022}\x{2022}\x{2022}\x{2022}\x{2022}\x{2022}\x{2022}\x{2022}\x{2022}\x{2022}"
layer at (11,249) size 185x18 scrollX 200 scrollWidth 385
  RenderBlock {DIV} at (3,3) size 185x18 [color=#A9A9A9]
    RenderText {#text} at (-200,0) size 386x17
      text run at (-200,0) width 46: "Lorem"
      text run at (-154,0) width 4: " "
      text run at (-150,0) width 43: "ipsum"
      text run at (-107,0) width 4: " "
      text run at (-103,0) width 36: "dolor"
      text run at (-67,0) width 4: " "
      text run at (-63,0) width 16: "sit"
      text run at (-47,0) width 5: " "
      text run at (-42,0) width 40: "amet,"
      text run at (-2,0) width 4: " "
      text run at (1,0) width 84: "consectetur"
      text run at (84,0) width 5: " "
      text run at (88,0) width 73: "adipiscing"
      text run at (160,0) width 5: " "
      text run at (164,0) width 21: "elit"
layer at (11,249) size 185x18
  RenderBlock {DIV} at (3,3) size 185x18
layer at (222,249) size 169x18 scrollX 216 scrollWidth 385
  RenderBlock {DIV} at (19,3) size 169x18 [color=#A9A9A9]
    RenderText {#text} at (-216,0) size 386x17
      text run at (-216,0) width 46: "Lorem"
      text run at (-170,0) width 4: " "
      text run at (-166,0) width 43: "ipsum"
      text run at (-123,0) width 4: " "
      text run at (-119,0) width 36: "dolor"
      text run at (-83,0) width 4: " "
      text run at (-79,0) width 16: "sit"
      text run at (-63,0) width 5: " "
      text run at (-58,0) width 40: "amet,"
      text run at (-18,0) width 4: " "
      text run at (-14,0) width 83: "consectetur"
      text run at (68,0) width 5: " "
      text run at (72,0) width 73: "adipiscing"
      text run at (144,0) width 5: " "
      text run at (148,0) width 21: "elit"
layer at (222,249) size 169x18
  RenderBlock {DIV} at (0,0) size 169x18
layer at (401,249) size 185x18 scrollX 200 scrollWidth 385
  RenderBlock {DIV} at (3,3) size 185x18
    RenderText {#text} at (-200,0) size 386x17
      text run at (-200,0) width 46: "Lorem"
      text run at (-154,0) width 4: " "
      text run at (-150,0) width 43: "ipsum"
      text run at (-107,0) width 4: " "
      text run at (-103,0) width 36: "dolor"
      text run at (-67,0) width 4: " "
      text run at (-63,0) width 16: "sit"
      text run at (-47,0) width 5: " "
      text run at (-42,0) width 40: "amet,"
      text run at (-2,0) width 4: " "
      text run at (1,0) width 84: "consectetur"
      text run at (84,0) width 5: " "
      text run at (88,0) width 73: "adipiscing"
      text run at (160,0) width 5: " "
      text run at (164,0) width 21: "elit"
layer at (612,249) size 169x18 scrollX 216 scrollWidth 385
  RenderBlock {DIV} at (0,0) size 169x18
    RenderText {#text} at (-216,0) size 386x17
      text run at (-216,0) width 46: "Lorem"
      text run at (-170,0) width 4: " "
      text run at (-166,0) width 43: "ipsum"
      text run at (-123,0) width 4: " "
      text run at (-119,0) width 36: "dolor"
      text run at (-83,0) width 4: " "
      text run at (-79,0) width 16: "sit"
      text run at (-63,0) width 5: " "
      text run at (-58,0) width 40: "amet,"
      text run at (-18,0) width 4: " "
      text run at (-14,0) width 83: "consectetur"
      text run at (68,0) width 5: " "
      text run at (72,0) width 73: "adipiscing"
      text run at (144,0) width 5: " "
      text run at (148,0) width 21: "elit"
layer at (11,273) size 185x18 scrollX 123 scrollWidth 308
  RenderBlock {DIV} at (0,0) size 185x18
    RenderText {#text} at (-123,0) size 309x17
      text run at (-123,0) width 308 RTL: "\x{2022}\x{2022}\x{2022}\x{2022}\x{2022}\x{2022}\x{2022}\x{2022}\x{2022}\x{2022}\x{2022}\x{2022}\x{2022}\x{2022}\x{2022}\x{2022}\x{2022}\x{2022}\x{2022}\x{2022}\x{2022}\x{2022}\x{2022}\x{2022}\x{2022}\x{2022}\x{2022}\x{2022}\x{2022}\x{2022}\x{2022}\x{2022}\x{2022}\x{2022}\x{2022}\x{2022}\x{2022}\x{2022}\x{2022}\x{2022}\x{2022}\x{2022}\x{2022}\x{2022}\x{2022}\x{2022}\x{2022}\x{2022}\x{2022}\x{2022}\x{2022}\x{2022}\x{2022}\x{2022}\x{2022}"
layer at (257,331) size 186x18 scrollWidth 385
  RenderBlock {DIV} at (3,3) size 186x18 [color=#A9A9A9]
    RenderText {#text} at (0,0) size 386x17
      text run at (0,0) width 386: "Lorem ipsum dolor sit amet, consectetur adipiscing elit"
layer at (257,331) size 186x18
  RenderBlock {DIV} at (3,3) size 186x18
layer at (453,331) size 186x18 scrollWidth 386
  RenderBlock {DIV} at (3,3) size 186x18
    RenderText {#text} at (0,0) size 386x17
      text run at (0,0) width 386: "Lorem ipsum dolor sit amet, consectetur adipiscing elit"
layer at (281,355) size 186x18 scrollWidth 385
  RenderBlock {DIV} at (3,3) size 186x18 [color=#A9A9A9]
    RenderText {#text} at (0,0) size 386x17
      text run at (0,0) width 386: "Lorem ipsum dolor sit amet, consectetur adipiscing elit"
layer at (281,355) size 186x18
  RenderBlock {DIV} at (3,3) size 186x18
layer at (477,355) size 186x18 scrollWidth 386
  RenderBlock {DIV} at (3,3) size 186x18
    RenderText {#text} at (0,0) size 386x17
      text run at (0,0) width 386: "Lorem ipsum dolor sit amet, consectetur adipiscing elit"
layer at (769,72) size 16x16
  RenderBlock {DIV} at (170,1) size 16x16 [bgcolor=#000000]
layer at (596,120) size 16x16
  RenderBlock {DIV} at (0,1) size 16x16 [bgcolor=#000000]
layer at (769,202) size 16x16
  RenderBlock {DIV} at (170,1) size 16x16 [bgcolor=#000000]
layer at (596,250) size 16x16
  RenderBlock {DIV} at (0,1) size 16x16 [bgcolor=#000000]
